09-01 07:23:05.946 D/CompatibilityInfo( 1460): applicationScale - 1.0
09-01 07:23:05.951 D/RegisteredNfcFServicesCache( 2632): Service unchanged, not updating
09-01 07:23:05.963 W/JobInfo ( 2824): Requested flex +5s0ms for job 11 is too small; raising to +5m0s0ms
09-01 07:23:05.965 D/CarrierSvcBindHelper( 2246): No carrier app for: 0
09-01 07:23:05.970 E/ANDR-PERF-JNI( 1460): UXEngine Trigger - Returning null
09-01 07:23:05.975 D/AnalyticsLogger( 1460): sent events: 55
09-01 07:23:06.036 D/ConnectivityService( 1460): ConnectivityService NetworkRequestInfo binderDied(NetworkRequest [ TRACK_DEFAULT id=138, [ Capabilities: INTERNET&NOT_RESTRICTED&TRUSTED Uid: 10085 AdministratorUids: [] RequestorUid: 10085 RequestorPackageName: com.facebook.wearable.apps.player] ], android.os.BinderProxy@6c8f8fd)
09-01 07:23:06.037 D/ConnectivityService( 1460): ConnectivityService NetworkRequestInfo binderDied(NetworkRequest [ TRACK_DEFAULT id=139, [ Capabilities: INTERNET&NOT_RESTRICTED&TRUSTED Uid: 10085 AdministratorUids: [] RequestorUid: 10085 RequestorPackageName: com.facebook.wearable.apps.player] ], android.os.BinderProxy@1d49f2)
09-01 07:23:06.037 D/MediaSessionService( 1460): Media button session is changed to null
09-01 07:23:06.038 D/ConnectivityService( 1460): releasing NetworkRequest [ TRACK_DEFAULT id=138, [ Capabilities: INTERNET&NOT_RESTRICTED&TRUSTED Uid: 10085 AdministratorUids: [] RequestorUid: 10085 RequestorPackageName: com.facebook.wearable.apps.player] ] (release request)
09-01 07:23:06.038 D/ConnectivityService( 1460): releasing NetworkRequest [ TRACK_DEFAULT id=139, [ Capabilities: INTERNET&NOT_RESTRICTED&TRUSTED Uid: 10085 AdministratorUids: [] RequestorUid: 10085 RequestorPackageName: com.facebook.wearable.apps.player] ] (release request)
09-01 07:23:06.039 V/MediaSessionRecord( 1460): Removing dead callback in pushSessionDestroyed, this=com.facebook.wearable.apps.player/MediaPlaybackService (userId=0), callback package=com.facebook.wearable.apps.player, exception=android.os.DeadObjectException
09-01 07:23:06.039 I/Avrcp_ext( 1994): onMediaKeyEventSessionChanged: packageName = com.facebook.wearable.apps.player
09-01 07:23:06.040 V/Avrcp_ext( 1994): Player 4 package: com.facebook.wearable.apps.player
09-01 07:23:06.040 V/Avrcp_ext( 1994): MediaController session destroyed
09-01 07:23:06.066 V/Avrcp_ext( 1994): updateNewIds: Addressed:4 to 4, Browse:0 to 0
09-01 07:23:06.071 D/Avrcp_ext( 1994): updateCurrentController: MediaController (com.facebook.wearable.apps.player@1797c1) null, null, null to null
09-01 07:23:06.071 V/Avrcp_ext( 1994): updateNewIds: Addressed:4 to 0, Browse:0 to 0
09-01 07:23:06.072 V/Avrcp_ext( 1994): updateCurrentMediaState: mMediaController: null
09-01 07:23:06.075 V/Avrcp_ext( 1994): isMusicActive: false getBluetoothPlayState: 0
09-01 07:23:06.075 V/Avrcp_ext( 1994): updateCurrentMediaState: isPlaying = false
09-01 07:23:06.075 V/Avrcp_ext( 1994): Media update: id -1➡-1? [MediaAttributes: none] : [MediaAttributes:  -  by  (0 0/0) ]
09-01 07:23:06.075 D/Avrcp_ext( 1994): isPackageNameValid: browsedPackage = isValid = false
09-01 07:23:06.075 V/Avrcp_ext( 1994): newPlayStatus:2mReportedPlayStatus:-1
09-01 07:23:06.075 V/Avrcp_ext( 1994): Send track changed
09-01 07:23:06.075 V/Avrcp_ext( 1994): updatePlaybackState, state: PlaybackState {state=2, position=-1, buffered position=0, speed=0.0, updated=13880071, actions=0, custom actions=[], active item id=-1, error=null} device: null
09-01 07:23:06.075 V/Avrcp_ext( 1994): Device: no name: 
09-01 07:23:06.075 I/chatty  ( 1994): uid=1002(bluetooth) BluetoothAvrcpH identical 3 lines
09-01 07:23:06.075 V/Avrcp_ext( 1994): Device: no name: 
09-01 07:23:06.076 V/Avrcp_ext( 1994): updatePlayerStateAndPosition, old=PlaybackState {state=8, position=0, buffered position=0, speed=0.0, updated=13870677, actions=4, custom actions=[], active item id=-1, error=null}, state=PlaybackState {state=2, position=-1, buffered position=0, speed=0.0, updated=13880071, actions=0, custom actions=[], active item id=-1, error=null}
09-01 07:23:06.076 V/Avrcp_ext( 1994): old state = PlaybackState {state=8, position=0, buffered position=0, speed=0.0, updated=13870677, actions=4, custom actions=[], active item id=-1, error=null}, new state= PlaybackState {state=2, position=-1, buffered position=0, speed=0.0, updated=13880071, actions=0, custom actions=[], active item id=-1, error=null}
09-01 07:23:06.076 D/HeadsetService( 1994): getHeadsetService(): returning com.android.bluetooth.hfp.HeadsetService@476ddce
09-01 07:23:06.076 D/HeadsetService( 1994):  isAudioOn: The number of audio connected devices 0
09-01 07:23:06.077 D/HeadsetService( 1994): isScoOrCallActive(): Call Active:falseCall is Ringing:falseSCO is Active:false
09-01 07:23:06.078 D/HeadsetService( 1994):  isAudioOn: The number of audio connected devices 0
09-01 07:23:06.078 I/Avrcp_ext( 1994): updatePlayStatusForDevice: device: null
09-01 07:23:06.078 V/Avrcp_ext( 1994): updatePlaybackState (1): old=PlaybackState {state=8, position=0, buffered position=0, speed=0.0, updated=13870677, actions=4, custom actions=[], active item id=-1, error=null}(0), new=PlaybackState {state=2, position=-1, buffered position=0, speed=0.0, updated=13880071, actions=0, custom actions=[], active item id=-1, error=null}(2)
09-01 07:23:06.078 I/Avrcp_ext( 1994): Exit updatePlayStatusForDevice
09-01 07:23:06.079 D/HeadsetService( 1994):  isAudioOn: The number of audio connected devices 0
09-01 07:23:06.079 D/HeadsetService( 1994): isScoOrCallActive(): Call Active:falseCall is Ringing:falseSCO is Active:false
09-01 07:23:06.079 D/HeadsetService( 1994):  isAudioOn: The number of audio connected devices 0
09-01 07:23:06.080 I/Avrcp_ext( 1994): updatePlayStatusForDevice: device: null
09-01 07:23:06.080 V/Avrcp_ext( 1994): updatePlaybackState (1): old=PlaybackState {state=8, position=0, buffered position=0, speed=0.0, updated=13870677, actions=4, custom actions=[], active item id=-1, error=null}(0), new=PlaybackState {state=2, position=-1, buffered position=0, speed=0.0, updated=13880071, actions=0, custom actions=[], active item id=-1, error=null}(2)
09-01 07:23:06.080 I/Avrcp_ext( 1994): Exit updatePlayStatusForDevice
09-01 07:23:06.081 D/HeadsetService( 1994):  isAudioOn: The number of audio connected devices 0
09-01 07:23:06.081 D/HeadsetService( 1994): isScoOrCallActive(): Call Active:falseCall is Ringing:falseSCO is Active:false
09-01 07:23:06.082 D/HeadsetService( 1994):  isAudioOn: The number of audio connected devices 0
09-01 07:23:06.082 I/Avrcp_ext( 1994): updatePlayStatusForDevice: device: null
09-01 07:23:06.082 V/Avrcp_ext( 1994): updatePlaybackState (1): old=PlaybackState {state=8, position=0, buffered position=0, speed=0.0, updated=13870677, actions=4, custom actions=[], active item id=-1, error=null}(0), new=PlaybackState {state=2, position=-1, buffered position=0, speed=0.0, updated=13880071, actions=0, custom actions=[], active item id=-1, error=null}(2)
09-01 07:23:06.082 I/Avrcp_ext( 1994): Exit updatePlayStatusForDevice
09-01 07:23:06.086 D/HeadsetService( 1994):  isAudioOn: The number of audio connected devices 0
09-01 07:23:06.086 D/HeadsetService( 1994): isScoOrCallActive(): Call Active:falseCall is Ringing:falseSCO is Active:false
09-01 07:23:06.086 I/Zygote  (  476): Process 11238 exited due to signal 9 (Killed)
09-01 07:23:06.088 I/Zygote  (  476): Process 11174 exited due to signal 9 (Killed)
09-01 07:23:06.090 D/HeadsetService( 1994):  isAudioOn: The number of audio connected devices 0
09-01 07:23:06.090 I/Avrcp_ext( 1994): updatePlayStatusForDevice: device: null
09-01 07:23:06.090 V/Avrcp_ext( 1994): updatePlaybackState (1): old=PlaybackState {state=8, position=0, buffered position=0, speed=0.0, updated=13870677, actions=4, custom actions=[], active item id=-1, error=null}(0), new=PlaybackState {state=2, position=-1, buffered position=0, speed=0.0, updated=13880071, actions=0, custom actions=[], active item id=-1, error=null}(2)
09-01 07:23:06.090 I/Avrcp_ext( 1994): Exit updatePlayStatusForDevice
09-01 07:23:06.093 D/ConnectivityService( 1460): ConnectivityService NetworkRequestInfo binderDied(NetworkRequest [ TRACK_DEFAULT id=137, [ Capabilities: INTERNET&NOT_RESTRICTED&TRUSTED Uid: 10085 AdministratorUids: [] RequestorUid: 10085 RequestorPackageName: com.facebook.wearable.apps.player] ], android.os.BinderProxy@73add31)
09-01 07:23:06.095 D/ConnectivityService( 1460): releasing NetworkRequest [ TRACK_DEFAULT id=137, [ Capabilities: INTERNET&NOT_RESTRICTED&TRUSTED Uid: 10085 AdministratorUids: [] RequestorUid: 10085 RequestorPackageName: com.facebook.wearable.apps.player] ] (release request)
09-01 07:23:06.101 D/HeadsetService( 1994):  isAudioOn: The number of audio connected devices 0
09-01 07:23:06.101 D/HeadsetService( 1994): isScoOrCallActive(): Call Active:falseCall is Ringing:falseSCO is Active:false
09-01 07:23:06.102 D/HeadsetService( 1994):  isAudioOn: The number of audio connected devices 0
09-01 07:23:06.102 I/Avrcp_ext( 1994): updatePlayStatusForDevice: device: null
09-01 07:23:06.102 V/Avrcp_ext( 1994): updatePlaybackState (1): old=PlaybackState {state=8, position=0, buffered position=0, speed=0.0, updated=13870677, actions=4, custom actions=[], active item id=-1, error=null}(0), new=PlaybackState {state=2, position=-1, buffered position=0, speed=0.0, updated=13880071, actions=0, custom actions=[], active item id=-1, error=null}(2)
09-01 07:23:06.102 I/Avrcp_ext( 1994): Exit updatePlayStatusForDevice
09-01 07:23:06.102 D/Avrcp_ext( 1994): Enter sendPlayPosNotificationRsp
09-01 07:23:06.102 D/Avrcp_ext( 1994): sendPlayPosNotificationRsp: Not registered or requesting.
09-01 07:23:06.102 D/Avrcp_ext( 1994): Enter sendPlayPosNotificationRsp
09-01 07:23:06.102 D/Avrcp_ext( 1994): sendPlayPosNotificationRsp: Not registered or requesting.
09-01 07:23:06.102 D/Avrcp_ext( 1994): Enter sendPlayPosNotificationRsp
09-01 07:23:06.103 D/Avrcp_ext( 1994): sendPlayPosNotificationRsp: Not registered or requesting.
09-01 07:23:06.103 D/Avrcp_ext( 1994): Enter sendPlayPosNotificationRsp
09-01 07:23:06.103 D/Avrcp_ext( 1994): sendPlayPosNotificationRsp: Not registered or requesting.
09-01 07:23:06.103 D/Avrcp_ext( 1994): Enter sendPlayPosNotificationRsp
09-01 07:23:06.103 D/Avrcp_ext( 1994): sendPlayPosNotificationRsp: Not registered or requesting.
09-01 07:23:06.103 V/Avrcp_ext( 1994): Exit updatePlayerStateAndPosition
09-01 07:23:06.103 D/Avrcp_ext( 1994): Exit onSessionDestroyed
09-01 07:23:06.103 V/Avrcp_ext( 1994): updateCurrentMediaState: mMediaController: null
09-01 07:23:06.104 V/Avrcp_ext( 1994): isMusicActive: false getBluetoothPlayState: 2
09-01 07:23:06.104 V/Avrcp_ext( 1994): updateCurrentMediaState: isPlaying = false
09-01 07:23:06.104 V/Avrcp_ext( 1994): Media update: id -1➡-1? [MediaAttributes: none] : [MediaAttributes: none]
09-01 07:23:06.104 D/Avrcp_ext( 1994): isPackageNameValid: browsedPackage = isValid = false
09-01 07:23:06.105 V/Avrcp_ext( 1994): newPlayStatus:2mReportedPlayStatus:-1
09-01 07:23:06.105 V/Avrcp_ext( 1994): updatePlaybackState, state: PlaybackState {state=2, position=-1, buffered position=0, speed=0.0, updated=13880100, actions=0, custom actions=[], active item id=-1, error=null} device: null
09-01 07:23:06.105 V/Avrcp_ext( 1994): Device: no name: 
09-01 07:23:06.105 I/chatty  ( 1994): uid=1002(bluetooth) BluetoothAvrcpH identical 3 lines
09-01 07:23:06.105 V/Avrcp_ext( 1994): Device: no name: 
09-01 07:23:06.105 V/Avrcp_ext( 1994): updatePlayerStateAndPosition, old=PlaybackState {state=2, position=-1, buffered position=0, speed=0.0, updated=13880071, actions=0, custom actions=[], active item id=-1, error=null}, state=PlaybackState {state=2, position=-1, buffered position=0, speed=0.0, updated=13880100, actions=0, custom actions=[], active item id=-1, error=null}
09-01 07:23:06.105 V/Avrcp_ext( 1994): old state = PlaybackState {state=2, position=-1, buffered position=0, speed=0.0, updated=13880071, actions=0, custom actions=[], active item id=-1, error=null}, new state= PlaybackState {state=2, position=-1, buffered position=0, speed=0.0, updated=13880100, actions=0, custom actions=[], active item id=-1, error=null}
09-01 07:23:06.105 D/HeadsetService( 1994): getHeadsetService(): returning com.android.bluetooth.hfp.HeadsetService@476ddce
09-01 07:23:06.106 D/HeadsetService( 1994):  isAudioOn: The number of audio connected devices 0
09-01 07:23:06.106 D/HeadsetService( 1994): isScoOrCallActive(): Call Active:falseCall is Ringing:falseSCO is Active:false
09-01 07:23:06.106 D/HeadsetService( 1994):  isAudioOn: The number of audio connected devices 0
09-01 07:23:06.106 I/Avrcp_ext( 1994): updatePlayStatusForDevice: device: null
09-01 07:23:06.107 V/Avrcp_ext( 1994): updatePlaybackState (1): old=PlaybackState {state=2, position=-1, buffered position=0, speed=0.0, updated=13880071, actions=0, custom actions=[], active item id=-1, error=null}(2), new=PlaybackState {state=2, position=-1, buffered position=0, speed=0.0, updated=13880100, actions=0, custom actions=[], active item id=-1, error=null}(2)
09-01 07:23:06.107 I/Avrcp_ext( 1994): Exit updatePlayStatusForDevice
09-01 07:23:06.108 D/HeadsetService( 1994):  isAudioOn: The number of audio connected devices 0
09-01 07:23:06.108 D/HeadsetService( 1994): isScoOrCallActive(): Call Active:falseCall is Ringing:falseSCO is Active:false
09-01 07:23:06.109 D/HeadsetService( 1994):  isAudioOn: The number of audio connected devices 0
09-01 07:23:06.109 I/Avrcp_ext( 1994): updatePlayStatusForDevice: device: null
09-01 07:23:06.109 V/Avrcp_ext( 1994): updatePlaybackState (1): old=PlaybackState {state=2, position=-1, buffered position=0, speed=0.0, updated=13880071, actions=0, custom actions=[], active item id=-1, error=null}(2), new=PlaybackState {state=2, position=-1, buffered position=0, speed=0.0, updated=13880100, actions=0, custom actions=[], active item id=-1, error=null}(2)
09-01 07:23:06.109 I/Avrcp_ext( 1994): Exit updatePlayStatusForDevice
09-01 07:23:06.109 W/WindowManager( 1460): Cannot find window which accessibility connection is added to
09-01 07:23:06.111 I/Zygote  (  476): Process 11204 exited due to signal 9 (Killed)
09-01 07:23:06.115 I/libprocessgroup( 1460): Successfully killed process cgroup uid 10085 pid 11238 in 390ms
09-01 07:23:06.117 D/HeadsetService( 1994):  isAudioOn: The number of audio connected devices 0
09-01 07:23:06.117 D/HeadsetService( 1994): isScoOrCallActive(): Call Active:falseCall is Ringing:falseSCO is Active:false
09-01 07:23:06.117 I/libprocessgroup( 1460): Successfully killed process cgroup uid 10085 pid 11204 in 0ms
09-01 07:23:06.128 I/libprocessgroup( 1460): Successfully killed process cgroup uid 10085 pid 11174 in 10ms
09-01 07:23:06.131 W/ActivityManager( 1460): setHasOverlayUi called on unknown pid: 11174
09-01 07:23:06.133 D/HeadsetService( 1994):  isAudioOn: The number of audio connected devices 0
09-01 07:23:06.133 I/Avrcp_ext( 1994): updatePlayStatusForDevice: device: null
09-01 07:23:06.135 V/Avrcp_ext( 1994): updatePlaybackState (1): old=PlaybackState {state=2, position=-1, buffered position=0, speed=0.0, updated=13880071, actions=0, custom actions=[], active item id=-1, error=null}(2), new=PlaybackState {state=2, position=-1, buffered position=0, speed=0.0, updated=13880100, actions=0, custom actions=[], active item id=-1, error=null}(2)
09-01 07:23:06.135 I/Avrcp_ext( 1994): Exit updatePlayStatusForDevice
09-01 07:23:06.137 D/HeadsetService( 1994):  isAudioOn: The number of audio connected devices 0
09-01 07:23:06.137 D/HeadsetService( 1994): isScoOrCallActive(): Call Active:falseCall is Ringing:falseSCO is Active:false
09-01 07:23:06.137 W/ActivityManager( 1460): setHasOverlayUi called on unknown pid: 11204
09-01 07:23:06.137 D/HeadsetService( 1994):  isAudioOn: The number of audio connected devices 0
09-01 07:23:06.138 I/Avrcp_ext( 1994): updatePlayStatusForDevice: device: null
09-01 07:23:06.138 V/Avrcp_ext( 1994): updatePlaybackState (1): old=PlaybackState {state=2, position=-1, buffered position=0, speed=0.0, updated=13880071, actions=0, custom actions=[], active item id=-1, error=null}(2), new=PlaybackState {state=2, position=-1, buffered position=0, speed=0.0, updated=13880100, actions=0, custom actions=[], active item id=-1, error=null}(2)
09-01 07:23:06.138 I/Avrcp_ext( 1994): Exit updatePlayStatusForDevice
09-01 07:23:06.138 W/HWComposer(  647): Ignoring duplicate VSYNC event from HWC for display 0 (t=13880129827515)
09-01 07:23:06.140 D/HeadsetService( 1994):  isAudioOn: The number of audio connected devices 0
09-01 07:23:06.140 D/HeadsetService( 1994): isScoOrCallActive(): Call Active:falseCall is Ringing:falseSCO is Active:false
09-01 07:23:06.140 D/CompatibilityInfo( 1460): mCompatibilityFlags - 4
09-01 07:23:06.140 D/CompatibilityInfo( 1460): applicationDensity - 320
09-01 07:23:06.140 D/CompatibilityInfo( 1460): applicationScale - 1.0
09-01 07:23:06.140 D/HeadsetService( 1994):  isAudioOn: The number of audio connected devices 0
09-01 07:23:06.140 I/Avrcp_ext( 1994): updatePlayStatusForDevice: device: null
09-01 07:23:06.141 V/Avrcp_ext( 1994): updatePlaybackState (1): old=PlaybackState {state=2, position=-1, buffered position=0, speed=0.0, updated=13880071, actions=0, custom actions=[], active item id=-1, error=null}(2), new=PlaybackState {state=2, position=-1, buffered position=0, speed=0.0, updated=13880100, actions=0, custom actions=[], active item id=-1, error=null}(2)
09-01 07:23:06.141 I/Avrcp_ext( 1994): Exit updatePlayStatusForDevice
09-01 07:23:06.141 D/Avrcp_ext( 1994): Enter sendPlayPosNotificationRsp
09-01 07:23:06.141 D/Avrcp_ext( 1994): sendPlayPosNotificationRsp: Not registered or requesting.
09-01 07:23:06.141 D/Avrcp_ext( 1994): Enter sendPlayPosNotificationRsp
09-01 07:23:06.141 D/Avrcp_ext( 1994): sendPlayPosNotificationRsp: Not registered or requesting.
09-01 07:23:06.141 D/Avrcp_ext( 1994): Enter sendPlayPosNotificationRsp
09-01 07:23:06.141 D/Avrcp_ext( 1994): sendPlayPosNotificationRsp: Not registered or requesting.
09-01 07:23:06.141 D/Avrcp_ext( 1994): Enter sendPlayPosNotificationRsp
09-01 07:23:06.141 D/Avrcp_ext( 1994): sendPlayPosNotificationRsp: Not registered or requesting.
09-01 07:23:06.141 D/Avrcp_ext( 1994): Enter sendPlayPosNotificationRsp
09-01 07:23:06.141 D/Avrcp_ext( 1994): sendPlayPosNotificationRsp: Not registered or requesting.
09-01 07:23:06.141 V/Avrcp_ext( 1994): Exit updatePlayerStateAndPosition
09-01 07:23:06.141 D/Avrcp_ext( 1994): AudioManager Player: AudioPlaybackConfiguration piid:199 type:android.media.MediaPlayer u/pid:10105/2015 state:stopped attr:AudioAttributes: usage=USAGE_ASSISTANCE_SONIFICATION content=CONTENT_TYPE_SONIFICATION flags=0x800 tags= bundle=null
09-01 07:23:06.141 D/Avrcp_ext( 1994): AudioManager Player: AudioPlaybackConfiguration piid:679 type:android.media.MediaPlayer u/pid:10105/2015 state:stopped attr:AudioAttributes: usage=USAGE_ASSISTANCE_SONIFICATION content=CONTENT_TYPE_SONIFICATION flags=0x800 tags= bundle=null
09-01 07:23:06.141 D/Avrcp_ext( 1994): AudioManager Player: AudioPlaybackConfiguration piid:743 type:android.media.MediaPlayer u/pid:10105/2015 state:stopped attr:AudioAttributes: usage=USAGE_ASSISTANCE_SONIFICATION content=CONTENT_TYPE_SONIFICATION flags=0x800 tags= bundle=null
09-01 07:23:06.141 D/Avrcp_ext( 1994): AudioManager Player: AudioPlaybackConfiguration piid:775 type:android.media.MediaPlayer u/pid:10105/2015 state:stopped attr:AudioAttributes: usage=USAGE_ASSISTANCE_SONIFICATION content=CONTENT_TYPE_SONIFICATION flags=0x800 tags= bundle=null
09-01 07:23:06.142 D/Avrcp_ext( 1994): AudioManager Player: AudioPlaybackConfiguration piid:15 type:android.media.SoundPool u/pid:1000/1460 state:idle attr:AudioAttributes: usage=USAGE_ASSISTANCE_SONIFICATION content=CONTENT_TYPE_SONIFICATION flags=0x800 tags= bundle=null
09-01 07:23:06.142 D/Avrcp_ext( 1994): AudioManager Player: AudioPlaybackConfiguration piid:111 type:android.media.MediaPlayer u/pid:10105/2015 state:stopped attr:AudioAttributes: usage=USAGE_ASSISTANCE_SONIFICATION content=CONTENT_TYPE_SONIFICATION flags=0x800 tags= bundle=null
09-01 07:23:06.142 D/Avrcp_ext( 1994): AudioManager Player: AudioPlaybackConfiguration piid:239 type:android.media.MediaPlayer u/pid:10105/2015 state:stopped attr:AudioAttributes: usage=USAGE_ASSISTANCE_SONIFICATION content=CONTENT_TYPE_SONIFICATION flags=0x800 tags= bundle=null
09-01 07:23:06.142 D/Avrcp_ext( 1994): AudioManager Player: AudioPlaybackConfiguration piid:271 type:android.media.MediaPlayer u/pid:10105/2015 state:stopped attr:AudioAttributes: usage=USAGE_ASSISTANCE_SONIFICATION content=CONTENT_TYPE_SONIFICATION flags=0x800 tags= bundle=null
09-01 07:23:06.142 D/Avrcp_ext( 1994): AudioManager Player: AudioPlaybackConfiguration piid:367 type:android.media.MediaPlayer u/pid:10105/2015 state:stopped attr:AudioAttributes: usage=USAGE_ASSISTANCE_SONIFICATION content=CONTENT_TYPE_SONIFICATION flags=0x800 tags= bundle=null
09-01 07:23:06.142 D/Avrcp_ext( 1994): AudioManager Player: AudioPlaybackConfiguration piid:23 type:android.media.SoundPool u/pid:1027/2632 state:idle attr:AudioAttributes: usage=USAGE_ASSISTANCE_SONIFICATION content=CONTENT_TYPE_SONIFICATION flags=0x800 tags= bundle=null
09-01 07:23:06.142 D/Avrcp_ext( 1994): AudioManager Player: AudioPlaybackConfiguration piid:151 type:android.media.MediaPlayer u/pid:10105/2015 state:stopped attr:AudioAttributes: usage=USAGE_ASSISTANCE_SONIFICATION content=CONTENT_TYPE_SONIFICATION flags=0x800 tags= bundle=null
09-01 07:23:06.142 D/Avrcp_ext( 1994): AudioManager Player: AudioPlaybackConfiguration piid:567 type:android.media.MediaPlayer u/pid:10105/2015 state:stopped attr:AudioAttributes: usage=USAGE_ASSISTANCE_SONIFICATION content=CONTENT_TYPE_SONIFICATION flags=0x800 tags= bundle=null
09-01 07:23:06.142 D/Avrcp_ext( 1994): AudioManager Player: AudioPlaybackConfiguration piid:599 type:android.media.MediaPlayer u/pid:10105/2015 state:stopped attr:AudioAttributes: usage=USAGE_ASSISTANCE_SONIFICATION content=CONTENT_TYPE_SONIFICATION flags=0x800 tags= bundle=null
09-01 07:23:06.142 D/Avrcp_ext( 1994): AudioManager Player: AudioPlaybackConfiguration piid:63 type:android.media.MediaPlayer u/pid:10105/2015 state:stopped attr:AudioAttributes: usage=USAGE_ASSISTANCE_SONIFICATION content=CONTENT_TYPE_SONIFICATION flags=0x800 tags= bundle=null
09-01 07:23:06.142 D/Avrcp_ext( 1994): AudioManager Player: AudioPlaybackConfiguration piid:319 type:android.media.MediaPlayer u/pid:10105/2015 state:stopped attr:AudioAttributes: usage=USAGE_ASSISTANCE_SONIFICATION content=CONTENT_TYPE_SONIFICATION flags=0x800 tags= bundle=null
09-01 07:23:06.143 D/Avrcp_ext( 1994): AudioManager Player: AudioPlaybackConfiguration piid:639 type:android.media.MediaPlayer u/pid:10105/2015 state:stopped attr:AudioAttributes: usage=USAGE_ASSISTANCE_SONIFICATION content=CONTENT_TYPE_SONIFICATION flags=0x800 tags= bundle=null
09-01 07:23:06.143 D/Avrcp_ext( 1994): AudioManager Player: AudioPlaybackConfiguration piid:927 type:android.media.MediaPlayer u/pid:1000/6059 state:idle attr:AudioAttributes: usage=USAGE_UNKNOWN content=CONTENT_TYPE_UNKNOWN flags=0x800 tags= bundle=null
09-01 07:23:06.143 D/Avrcp_ext( 1994): AudioManager isPlaying: false
09-01 07:23:06.231 D/CompatibilityInfo( 1460): mCompatibilityFlags - 4
09-01 07:23:06.231 D/CompatibilityInfo( 1460): applicationDensity - 320
09-01 07:23:06.231 D/CompatibilityInfo( 1460): applicationScale - 1.0
09-01 07:23:06.248 W/SocketClient(  472): write error (Broken pipe)
09-01 07:23:06.248 W/SocketClient(  472): write error (Broken pipe)
09-01 07:23:06.249 W/resolv  (  472): GetAddrInfoHandler::run: Error writing DNS result to client uid 10085 pid 11238: Broken pipe
09-01 07:23:06.250 W/resolv  (  472): GetAddrInfoHandler::run: Error writing DNS result to client uid 10085 pid 11238: Broken pipe
09-01 07:23:06.291 W/SocketClient(  472): write error (Broken pipe)
09-01 07:23:06.291 W/resolv  (  472): GetAddrInfoHandler::run: Error writing DNS result to client uid 10085 pid 11238: Broken pipe
09-01 07:23:06.522 D/CompatibilityInfo( 1460): mCompatibilityFlags - 4
09-01 07:23:06.522 D/CompatibilityInfo( 1460): applicationDensity - 320
09-01 07:23:06.522 D/CompatibilityInfo( 1460): applicationScale - 1.0
09-01 07:23:06.696 W/bluelink(  803): [System] updateSmoothedTime: too early or too late; st=13886.686, rt=13892.132
09-01 07:23:06.696 D/commandrouter(  803): rtc_sync (1, rtc:sync): <ServiceRequest> FORWARDED (remote -> local) service client ID = 0, token ID = 34990
09-01 07:23:06.697 D/vendor.facebook.rtc_sync@1.0-service( 1013): Request req_ts=1630480986697105134 resp_ts=1630480986697152942
09-01 07:23:06.697 D/commandrouter(  803): SocServiceHandle::onServiceMessage, SoC Service = rtc_sync, appType = 1, type = SVC_RESP, clientId = 0, token = 34990, payloadLen = 8, result = 0, payload.size() = 8
09-01 07:23:08.822 E/TaskPersister( 1460): File error accessing recents directory (directory doesn't exist?).
09-01 07:23:10.270 W/RuleEvaluation( 1460): Integrity rule files are not available.
09-01 07:23:10.271 I/PackageManager( 1460): Integrity check passed for file:///data/app/vmdl900587257.tmp
09-01 07:23:10.287 I/ActivityManager( 1460): Force stopping com.github.uiautomator appid=10113 user=-1: installPackageLI
09-01 07:23:10.289 I/ActivityManager( 1460): Killing 11106:com.github.uiautomator/u0a113 (adj 0): stop com.github.uiautomator due to installPackageLI
09-01 07:23:10.289 I/PackageManager( 1460): Update package com.github.uiautomator code path from /data/app/~~lZMzuWGl8-Qd5Y5TZO97rQ==/com.github.uiautomator-vL3GESnWmF4NDKLnioL4Lg== to /data/app/~~VO0sG-dwcSA9TNkAViuEtw==/com.github.uiautomator-2yrejqRgCHP51xl69LlPMw==; Retain data and using new
09-01 07:23:10.289 I/PackageManager( 1460): Update package com.github.uiautomator resource path from /data/app/~~lZMzuWGl8-Qd5Y5TZO97rQ==/com.github.uiautomator-vL3GESnWmF4NDKLnioL4Lg== to /data/app/~~VO0sG-dwcSA9TNkAViuEtw==/com.github.uiautomator-2yrejqRgCHP51xl69LlPMw==; Retain data and using new
09-01 07:23:10.298 W/ActivityManager( 1460): Crash of app com.github.uiautomator running instrumentation ComponentInfo{com.github.uiautomator.test/android.support.test.runner.AndroidJUnitRunner}
09-01 07:23:10.298 D/CompatibilityChangeReporter( 1460): Compat change id reported: 135549675; UID 10113; state: DISABLED
09-01 07:23:10.315 D/AndroidRuntime(11090): Shutting down VM
09-01 07:23:10.389 I/Zygote  (  476): Process 11106 exited due to signal 9 (Killed)
09-01 07:23:10.414 I/libprocessgroup( 1460): Successfully killed process cgroup uid 10113 pid 11106 in 120ms
09-01 07:23:10.506 D/PackageManager( 1460): Instant App installer not found with android.intent.action.INSTALL_INSTANT_APP_PACKAGE
09-01 07:23:10.506 D/PackageManager( 1460): Clear ephemeral installer activity
09-01 07:23:10.508 I/ActivityManager( 1460): Force stopping com.github.uiautomator appid=10113 user=0: finished inst
09-01 07:23:10.511 W/WindowManager( 1460): removeWindowToken: Attempted to remove non-existing token: android.os.Binder@927286f
09-01 07:23:10.517 W/Looper  ( 1460): Slow dispatch took 230ms android.ui h=com.android.server.am.ActivityManagerService$UiHandler c=null m=53
09-01 07:23:10.518 W/Looper  ( 1460): Slow delivery took 222ms android.ui h=com.android.server.am.ActivityManagerService$UiHandler c=null m=32
09-01 07:23:10.518 W/Looper  ( 1460): Drained
09-01 07:23:10.525 W/WindowManager( 1460): Cannot find window which accessibility connection is added to
09-01 07:23:10.558 E/installd(  889): Couldn't opendir /data/app/vmdl900587257.tmp: No such file or directory
09-01 07:23:10.558 E/installd(  889): Failed to delete /data/app/vmdl900587257.tmp: No such file or directory
09-01 07:23:10.559 I/ActivityManager( 1460): Force stopping com.github.uiautomator appid=10113 user=0: pkg removed
09-01 07:23:10.569 I/MediaProvider( 2717): Invalidating LocalCallingIdentity cache for package com.github.uiautomator. Reason: package android.intent.action.PACKAGE_REMOVED
09-01 07:23:10.572 D/Avrcp_ext( 1994): AvrcpServiceBroadcastReceiver-> Action: android.intent.action.PACKAGE_REMOVED
09-01 07:23:10.572 W/BroadcastQueue( 1460): Background execution not allowed: receiving Intent { act=android.intent.action.PACKAGE_REMOVED dat=package:com.github.uiautomator flg=0x4000010 (has extras) } to com.android.gallery3d/.app.PackagesMonitor
09-01 07:23:10.580 I/InputReader( 1460): Reconfiguring input devices, changes=KEYBOARD_LAYOUTS | 
09-01 07:23:10.587 D/CompatibilityInfo( 1460): mCompatibilityFlags - 4
09-01 07:23:10.587 D/CompatibilityInfo( 1460): applicationDensity - 320
09-01 07:23:10.587 D/CompatibilityInfo( 1460): applicationScale - 1.0
09-01 07:23:10.591 D/CompatibilityInfo( 1460): mCompatibilityFlags - 14
09-01 07:23:10.591 D/CompatibilityInfo( 1460): applicationDensity - 320
09-01 07:23:10.591 D/CompatibilityInfo( 1460): applicationScale - 1.0
09-01 07:23:10.594 I/MediaProvider( 2717): Invalidating LocalCallingIdentity cache for package com.github.uiautomator. Reason: package android.intent.action.PACKAGE_ADDED
09-01 07:23:10.600 E/SmsApplication( 2246): com.facebook.wearable.apps.messages does not have system signature
09-01 07:23:10.605 D/Avrcp_ext( 1994): AvrcpServiceBroadcastReceiver-> Action: android.intent.action.PACKAGE_ADDED
09-01 07:23:10.605 D/Avrcp_ext( 1994): AvrcpServiceBroadcastReceiver-> packageName: com.github.uiautomator
09-01 07:23:10.605 D/Avrcp_ext( 1994): packageName: com.github.uiautomator removed: false
09-01 07:23:10.605 W/BroadcastQueue( 1460): Background execution not allowed: receiving Intent { act=android.intent.action.PACKAGE_ADDED dat=package:com.github.uiautomator flg=0x4000010 (has extras) } to com.android.packageinstaller/.PackageInstalledReceiver
09-01 07:23:10.606 W/BroadcastQueue( 1460): Background execution not allowed: receiving Intent { act=android.intent.action.PACKAGE_ADDED dat=package:com.github.uiautomator flg=0x4000010 (has extras) } to com.android.gallery3d/.app.PackagesMonitor
09-01 07:23:10.607 W/BroadcastQueue( 1460): Background execution not allowed: receiving Intent { act=android.intent.action.PACKAGE_ADDED dat=package:com.github.uiautomator flg=0x4000010 (has extras) } to com.facebook.wearable.system.appmanager/com.facebook.aloha.app.appmanager.common.packages.event.manifest.ManifestPackageEventReceiver
09-01 07:23:10.609 I/InputReader( 1460): Reconfiguring input devices, changes=KEYBOARD_LAYOUTS | 
09-01 07:23:10.620 D/Avrcp_ext( 1994): isBrowsableListUpdated: browsable list size mismatch, true
09-01 07:23:10.620 D/Avrcp_ext( 1994): buildBrowsablePlayerList 
09-01 07:23:10.622 V/Avrcp_ext( 1994): getMediaPlayerInfo: Found com.android.music
09-01 07:23:10.622 V/Avrcp_ext( 1994): isBrowseSupported for com.android.music: false
09-01 07:23:10.634 D/Avrcp_ext( 1994): Adding media player info for com.android.music with id 1
09-01 07:23:10.634 D/Avrcp_ext( 1994): update #1:MediaPlayerInfo com.android.music (as 'Android Open Source Music Player') Type = 1, SubType = 0, Status = 0 Feature Bits [40 41 42 44 45 47 48 58] Controller: null
09-01 07:23:10.634 D/Avrcp_ext( 1994): Added MediaPlayerController/MediaPlayerPackage
09-01 07:23:10.634 V/Avrcp_ext( 1994): getMediaPlayerInfo: Found com.facebook.wearable.apps.eq
09-01 07:23:10.634 V/Avrcp_ext( 1994): isBrowseSupported for com.facebook.wearable.apps.eq: false
09-01 07:23:10.644 W/BroadcastQueue( 1460): Background execution not allowed: receiving Intent { act=android.intent.action.PACKAGE_REPLACED dat=package:com.github.uiautomator flg=0x4000010 (has extras) } to com.facebook.wearable.system.appmanager/com.facebook.aloha.app.appmanager.common.packages.event.manifest.ManifestPackageEventReceiver
09-01 07:23:10.646 I/InputReader( 1460): Reconfiguring input devices, changes=KEYBOARD_LAYOUTS | 
09-01 07:23:10.648 D/RegisteredNfcFServicesCache( 2632): Service unchanged, not updating
09-01 07:23:10.652 D/AF::TrackHandle(  625): OpPlayAudio: track:88 usage:3 not muted
09-01 07:23:10.654 D/Avrcp_ext( 1994): Adding media player info for com.facebook.wearable.apps.eq with id 2
09-01 07:23:10.654 D/Avrcp_ext( 1994): update #2:MediaPlayerInfo com.facebook.wearable.apps.eq (as 'EQ') Type = 1, SubType = 0, Status = 0 Feature Bits [40 41 42 44 45 47 48 58] Controller: null
09-01 07:23:10.654 D/Avrcp_ext( 1994): Added MediaPlayerController/MediaPlayerPackage
09-01 07:23:10.654 V/Avrcp_ext( 1994): getMediaPlayerInfo: Found com.facebook.wearable.apps.mediacontroller
09-01 07:23:10.654 V/Avrcp_ext( 1994): isBrowseSupported for com.facebook.wearable.apps.mediacontroller: false
09-01 07:23:10.659 D/AF::TrackHandle(  625): OpPlayAudio: track:88 usage:3 not muted
09-01 07:23:10.659 D/Avrcp_ext( 1994): Adding media player info for com.facebook.wearable.apps.mediacontroller with id 3
09-01 07:23:10.659 D/Avrcp_ext( 1994): update #3:MediaPlayerInfo com.facebook.wearable.apps.mediacontroller (as 'mediacontroller') Type = 1, SubType = 0, Status = 0 Feature Bits [40 41 42 44 45 47 48 58] Controller: null
09-01 07:23:10.659 D/Avrcp_ext( 1994): Added MediaPlayerController/MediaPlayerPackage
09-01 07:23:10.659 V/Avrcp_ext( 1994): getMediaPlayerInfo: Found com.facebook.wearable.apps.player
09-01 07:23:10.659 V/Avrcp_ext( 1994): isBrowseSupported for com.facebook.wearable.apps.player: false
09-01 07:23:10.661 I/Telecom ( 1460): DefaultDialerCache: Refreshing default dialer for user 0: now com.facebook.wearable.apps.phone: DDC.oR@EkQ
09-01 07:23:10.662 D/Avrcp_ext( 1994): Adding media player info for com.facebook.wearable.apps.player with id 4
09-01 07:23:10.663 D/Avrcp_ext( 1994): update #4:MediaPlayerInfo com.facebook.wearable.apps.player (as 'Spotify') Type = 1, SubType = 0, Status = 0 Feature Bits [40 41 42 44 45 47 48 58] Controller: null
09-01 07:23:10.663 D/Avrcp_ext( 1994): Added MediaPlayerController/MediaPlayerPackage
09-01 07:23:10.663 V/Avrcp_ext( 1994): getMediaPlayerInfo: Found com.facebook.wearable.apps.workout
09-01 07:23:10.663 V/Avrcp_ext( 1994): isBrowseSupported for com.facebook.wearable.apps.workout: false
09-01 07:23:10.663 D/AF::TrackHandle(  625): OpPlayAudio: track:88 usage:3 not muted
09-01 07:23:10.664 D/AF::TrackHandle(  625): OpPlayAudio: track:88 usage:3 not muted
09-01 07:23:10.666 D/Avrcp_ext( 1994): Adding media player info for com.facebook.wearable.apps.workout with id 5
09-01 07:23:10.666 D/Avrcp_ext( 1994): update #5:MediaPlayerInfo com.facebook.wearable.apps.workout (as 'Workout') Type = 1, SubType = 0, Status = 0 Feature Bits [40 41 42 44 45 47 48 58] Controller: null
09-01 07:23:10.666 D/Avrcp_ext( 1994): Added MediaPlayerController/MediaPlayerPackage
09-01 07:23:10.666 V/Avrcp_ext( 1994): getMediaPlayerInfo: Found com.facebook.wearable.system.launcher
09-01 07:23:10.666 V/Avrcp_ext( 1994): isBrowseSupported for com.facebook.wearable.system.launcher: false
09-01 07:23:10.668 D/AF::TrackHandle(  625): OpPlayAudio: track:88 usage:3 not muted
09-01 07:23:10.686 D/Avrcp_ext( 1994): Adding media player info for com.facebook.wearable.system.launcher with id 6
09-01 07:23:10.687 D/Avrcp_ext( 1994): update #6:MediaPlayerInfo com.facebook.wearable.system.launcher (as 'Launcher') Type = 1, SubType = 0, Status = 0 Feature Bits [40 41 42 44 45 47 48 58] Controller: null
09-01 07:23:10.687 D/Avrcp_ext( 1994): Added MediaPlayerController/MediaPlayerPackage
09-01 07:23:10.687 V/Avrcp_ext( 1994): updateCurrentMediaState: mMediaController: null
09-01 07:23:10.687 V/Avrcp_ext( 1994): isMusicActive: false getBluetoothPlayState: 2
09-01 07:23:10.687 V/Avrcp_ext( 1994): updateCurrentMediaState: isPlaying = false
09-01 07:23:10.687 V/Avrcp_ext( 1994): Media update: id -1➡-1? [MediaAttributes: none] : [MediaAttributes: none]
09-01 07:23:10.687 D/Avrcp_ext( 1994): isPackageNameValid: browsedPackage = isValid = false
09-01 07:23:10.687 V/Avrcp_ext( 1994): newPlayStatus:2mReportedPlayStatus:-1
09-01 07:23:10.687 V/Avrcp_ext( 1994): updatePlaybackState, state: PlaybackState {state=2, position=-1, buffered position=0, speed=0.0, updated=13884683, actions=0, custom actions=[], active item id=-1, error=null} device: null
09-01 07:23:10.687 V/Avrcp_ext( 1994): Device: no name: 
09-01 07:23:10.687 I/chatty  ( 1994): uid=1002(bluetooth) com.android.bluetooth identical 3 lines
09-01 07:23:10.688 V/Avrcp_ext( 1994): Device: no name: 
09-01 07:23:10.688 V/Avrcp_ext( 1994): updatePlayerStateAndPosition, old=PlaybackState {state=2, position=-1, buffered position=0, speed=0.0, updated=13880100, actions=0, custom actions=[], active item id=-1, error=null}, state=PlaybackState {state=2, position=-1, buffered position=0, speed=0.0, updated=13884683, actions=0, custom actions=[], active item id=-1, error=null}
09-01 07:23:10.688 V/Avrcp_ext( 1994): old state = PlaybackState {state=2, position=-1, buffered position=0, speed=0.0, updated=13880100, actions=0, custom actions=[], active item id=-1, error=null}, new state= PlaybackState {state=2, position=-1, buffered position=0, speed=0.0, updated=13884683, actions=0, custom actions=[], active item id=-1, error=null}
09-01 07:23:10.688 D/HeadsetService( 1994): getHeadsetService(): returning com.android.bluetooth.hfp.HeadsetService@476ddce
09-01 07:23:10.689 D/HeadsetService( 1994):  isAudioOn: The number of audio connected devices 0
09-01 07:23:10.689 D/HeadsetService( 1994): isScoOrCallActive(): Call Active:falseCall is Ringing:falseSCO is Active:false
09-01 07:23:10.691 D/HeadsetService( 1994):  isAudioOn: The number of audio connected devices 0
09-01 07:23:10.691 I/Avrcp_ext( 1994): updatePlayStatusForDevice: device: null
09-01 07:23:10.691 V/Avrcp_ext( 1994): updatePlaybackState (1): old=PlaybackState {state=2, position=-1, buffered position=0, speed=0.0, updated=13880100, actions=0, custom actions=[], active item id=-1, error=null}(2), new=PlaybackState {state=2, position=-1, buffered position=0, speed=0.0, updated=13884683, actions=0, custom actions=[], active item id=-1, error=null}(2)
09-01 07:23:10.691 I/Avrcp_ext( 1994): Exit updatePlayStatusForDevice
09-01 07:23:10.692 D/HeadsetService( 1994):  isAudioOn: The number of audio connected devices 0
09-01 07:23:10.692 D/HeadsetService( 1994): isScoOrCallActive(): Call Active:falseCall is Ringing:falseSCO is Active:false
09-01 07:23:10.692 D/HeadsetService( 1994):  isAudioOn: The number of audio connected devices 0
09-01 07:23:10.693 I/Avrcp_ext( 1994): updatePlayStatusForDevice: device: null
09-01 07:23:10.693 V/Avrcp_ext( 1994): updatePlaybackState (1): old=PlaybackState {state=2, position=-1, buffered position=0, speed=0.0, updated=13880100, actions=0, custom actions=[], active item id=-1, error=null}(2), new=PlaybackState {state=2, position=-1, buffered position=0, speed=0.0, updated=13884683, actions=0, custom actions=[], active item id=-1, error=null}(2)
09-01 07:23:10.693 I/Avrcp_ext( 1994): Exit updatePlayStatusForDevice
09-01 07:23:10.694 D/HeadsetService( 1994):  isAudioOn: The number of audio connected devices 0
09-01 07:23:10.694 D/HeadsetService( 1994): isScoOrCallActive(): Call Active:falseCall is Ringing:falseSCO is Active:false
09-01 07:23:10.694 D/HeadsetService( 1994):  isAudioOn: The number of audio connected devices 0
09-01 07:23:10.694 I/Avrcp_ext( 1994): updatePlayStatusForDevice: device: null
09-01 07:23:10.695 V/Avrcp_ext( 1994): updatePlaybackState (1): old=PlaybackState {state=2, position=-1, buffered position=0, speed=0.0, updated=13880100, actions=0, custom actions=[], active item id=-1, error=null}(2), new=PlaybackState {state=2, position=-1, buffered position=0, speed=0.0, updated=13884683, actions=0, custom actions=[], active item id=-1, error=null}(2)
09-01 07:23:10.695 I/Avrcp_ext( 1994): Exit updatePlayStatusForDevice
09-01 07:23:10.696 V/BackupManagerConstants( 1460): getFullBackupIntervalMilliseconds(...) returns 86400000
09-01 07:23:10.696 V/BackupManagerConstants( 1460): getFullBackupRequiredNetworkType(...) returns 2
09-01 07:23:10.696 V/BackupManagerConstants( 1460): getFullBackupRequireCharging(...) returns true
09-01 07:23:10.696 D/HeadsetService( 1994):  isAudioOn: The number of audio connected devices 0
09-01 07:23:10.696 D/HeadsetService( 1994): isScoOrCallActive(): Call Active:falseCall is Ringing:falseSCO is Active:false
09-01 07:23:10.700 D/HeadsetService( 1994):  isAudioOn: The number of audio connected devices 0
09-01 07:23:10.700 I/Avrcp_ext( 1994): updatePlayStatusForDevice: device: null
09-01 07:23:10.700 V/Avrcp_ext( 1994): updatePlaybackState (1): old=PlaybackState {state=2, position=-1, buffered position=0, speed=0.0, updated=13880100, actions=0, custom actions=[], active item id=-1, error=null}(2), new=PlaybackState {state=2, position=-1, buffered position=0, speed=0.0, updated=13884683, actions=0, custom actions=[], active item id=-1, error=null}(2)
09-01 07:23:10.700 I/Avrcp_ext( 1994): Exit updatePlayStatusForDevice
09-01 07:23:10.702 D/HeadsetService( 1994):  isAudioOn: The number of audio connected devices 0
09-01 07:23:10.702 D/HeadsetService( 1994): isScoOrCallActive(): Call Active:falseCall is Ringing:falseSCO is Active:false
09-01 07:23:10.705 W/TextServicesManagerService( 1460): no available spell checker services found
09-01 07:23:10.706 D/HeadsetService( 1994):  isAudioOn: The number of audio connected devices 0
09-01 07:23:10.706 I/Avrcp_ext( 1994): updatePlayStatusForDevice: device: null
09-01 07:23:10.706 V/Avrcp_ext( 1994): updatePlaybackState (1): old=PlaybackState {state=2, position=-1, buffered position=0, speed=0.0, updated=13880100, actions=0, custom actions=[], active item id=-1, error=null}(2), new=PlaybackState {state=2, position=-1, buffered position=0, speed=0.0, updated=13884683, actions=0, custom actions=[], active item id=-1, error=null}(2)
09-01 07:23:10.706 I/Avrcp_ext( 1994): Exit updatePlayStatusForDevice
09-01 07:23:10.706 D/Avrcp_ext( 1994): Enter sendPlayPosNotificationRsp
09-01 07:23:10.706 D/Avrcp_ext( 1994): sendPlayPosNotificationRsp: Not registered or requesting.
09-01 07:23:10.706 D/Avrcp_ext( 1994): Enter sendPlayPosNotificationRsp
09-01 07:23:10.706 D/Avrcp_ext( 1994): sendPlayPosNotificationRsp: Not registered or requesting.
09-01 07:23:10.706 D/Avrcp_ext( 1994): Enter sendPlayPosNotificationRsp
09-01 07:23:10.706 D/Avrcp_ext( 1994): sendPlayPosNotificationRsp: Not registered or requesting.
09-01 07:23:10.706 D/Avrcp_ext( 1994): Enter sendPlayPosNotificationRsp
09-01 07:23:10.706 D/Avrcp_ext( 1994): sendPlayPosNotificationRsp: Not registered or requesting.
09-01 07:23:10.706 D/Avrcp_ext( 1994): Enter sendPlayPosNotificationRsp
09-01 07:23:10.706 D/Avrcp_ext( 1994): sendPlayPosNotificationRsp: Not registered or requesting.
09-01 07:23:10.706 V/Avrcp_ext( 1994): Exit updatePlayerStateAndPosition
09-01 07:23:10.706 D/Avrcp_ext( 1994): Exit handlePackageModified
09-01 07:23:10.713 D/commandrouter(  803): sleep (1, sleep:data): <ServiceRequest> FORWARDED (remote -> local) service client ID = 1, token ID = 34991
09-01 07:23:10.715 D/OTTS_sleep_jni( 2654): Unpacked SleepDataUpdateRequest.
09-01 07:23:10.715 D/OTTS_sleep_jni( 2654): Received SleepDataRequest with OTT of size 50
09-01 07:23:10.715 D/OTTS_sleep_jni( 2654): Calling sleep data callback...
09-01 07:23:10.715 D/OTTS_sleep_jni( 2654): Calling Java sleep callback for OTT data.
09-01 07:23:10.716 D/OTTS_OTTDataHandler( 2654): Got new OTT data of length: 50 at time 0
09-01 07:23:10.716 D/OTTS_OTTDataHandler( 2654): Sending OTT to Delegation
09-01 07:23:10.717 D/commandrouter(  803): SocServiceHandle::onServiceMessage, SoC Service = sleep, appType = 1, type = SVC_RESP, clientId = 1, token = 34991, payloadLen = 12, result = 0, payload.size() = 12
09-01 07:23:10.724 E/SmsApplication( 2246): com.facebook.wearable.apps.messages does not have system signature
09-01 07:23:10.734 D/AF::TrackHandle(  625): OpPlayAudio: track:88 usage:3 not muted
09-01 07:23:10.745 I/chatty  (  625): uid=1041(audioserver) Binder:625_7 identical 3 lines
09-01 07:23:10.746 D/AF::TrackHandle(  625): OpPlayAudio: track:88 usage:3 not muted
09-01 07:23:10.783 E/SmsApplication( 2246): com.facebook.wearable.apps.messages does not have system signature
09-01 07:23:10.795 D/AF::TrackHandle(  625): OpPlayAudio: track:88 usage:3 not muted
09-01 07:23:10.807 D/AF::TrackHandle(  625): OpPlayAudio: track:88 usage:3 not muted
09-01 07:23:10.807 D/AF::TrackHandle(  625): OpPlayAudio: track:88 usage:3 not muted
09-01 07:23:10.808 I/chatty  (  625): uid=1041(audioserver) Binder:625_8 identical 1 line
09-01 07:23:10.809 D/AF::TrackHandle(  625): OpPlayAudio: track:88 usage:3 not muted
09-01 07:23:10.821 W/system_server( 1460): Long monitor contention with owner NetworkPolicy (1897) at boolean com.android.server.usage.AppStandbyController.isCarrierApp(java.lang.String)(AppStandbyController.java:1574) waiters=0 in int com.android.server.usage.AppStandbyController.getAppStandbyBucket(java.lang.String, int, long, boolean) for 123ms
09-01 07:23:10.823 W/Looper  ( 1460): Slow dispatch took 162ms main h=android.app.ActivityThread$H c=android.app.-$$Lambda$LoadedApk$ReceiverDispatcher$Args$_BumDX2UKsnxLVrE6UJsJZkotuA@d07024 m=0
09-01 07:23:10.829 D/CompatibilityInfo( 1460): mCompatibilityFlags - 4
09-01 07:23:10.829 D/CompatibilityInfo( 1460): applicationDensity - 320
09-01 07:23:10.830 D/CompatibilityInfo( 1460): applicationScale - 1.0
09-01 07:23:10.837 W/Searchables( 1460): No global search activity found
09-01 07:23:10.837 D/CarrierSvcBindHelper( 2246): No carrier app for: 0
09-01 07:23:10.838 I/ActivityManager( 1460): Failure reporting to instrumentation watcher: comp=ComponentInfo{com.github.uiautomator.test/android.support.test.runner.AndroidJUnitRunner} results=Bundle[{shortMsg=Process crashed.}]
09-01 07:23:10.842 W/Searchables( 1460): No global search activity found
09-01 07:23:10.846 D/CarrierSvcBindHelper( 2246): No carrier app for: 0
09-01 07:23:10.847 W/VoiceInteractionManager( 1460): no available voice recognition services found for user 0
09-01 07:23:10.882 D/ImsResolver( 2246): maybeAddedImsService, packageName: com.github.uiautomator
09-01 07:23:10.890 D/CarrierConfigLoader( 2246): mHandler: 12 phoneId: 0
09-01 07:23:10.934 I/PermissionControllerServiceImpl(10768): Updating user sensitive for uid 10113
09-01 07:23:11.025 I/system_server( 1460): Background young concurrent copying GC freed 310267(12MB) AllocSpace objects, 113(4296KB) LOS objects, 49% free, 17MB/34MB, paused 360us total 136.603ms
09-01 07:23:11.089 W/HWComposer(  647): Ignoring duplicate VSYNC event from HWC for display 0 (t=13885085239909)
09-01 07:23:11.694 W/bluelink(  803): [System] updateSmoothedTime: too early or too late; st=13891.684, rt=13897.129
09-01 07:23:11.799 W/RuleEvaluation( 1460): Integrity rule files are not available.
09-01 07:23:11.801 I/PackageManager( 1460): Integrity check passed for file:///data/app/vmdl831503061.tmp
09-01 07:23:11.813 I/ActivityManager( 1460): Force stopping com.github.uiautomator.test appid=10114 user=-1: installPackageLI
09-01 07:23:11.815 I/PackageManager( 1460): Update package com.github.uiautomator.test code path from /data/app/~~JHZ4JhbnUXycb6SIVWdD5Q==/com.github.uiautomator.test-uvR_-V5VJfDUkId5xwuhDA== to /data/app/~~5pOeZFNYNM7I47wa9b6JTw==/com.github.uiautomator.test-TmbK4yLmTAtwMH47RiuTrw==; Retain data and using new
09-01 07:23:11.815 I/PackageManager( 1460): Update package com.github.uiautomator.test resource path from /data/app/~~JHZ4JhbnUXycb6SIVWdD5Q==/com.github.uiautomator.test-uvR_-V5VJfDUkId5xwuhDA== to /data/app/~~5pOeZFNYNM7I47wa9b6JTw==/com.github.uiautomator.test-TmbK4yLmTAtwMH47RiuTrw==; Retain data and using new
09-01 07:23:12.002 D/PackageManager( 1460): Instant App installer not found with android.intent.action.INSTALL_INSTANT_APP_PACKAGE
09-01 07:23:12.002 D/PackageManager( 1460): Clear ephemeral installer activity
09-01 07:23:12.029 E/installd(  889): Couldn't opendir /data/app/vmdl831503061.tmp: No such file or directory
09-01 07:23:12.029 E/installd(  889): Failed to delete /data/app/vmdl831503061.tmp: No such file or directory
09-01 07:23:12.030 I/ActivityManager( 1460): Force stopping com.github.uiautomator.test appid=10114 user=0: pkg removed
09-01 07:23:12.039 I/MediaProvider( 2717): Invalidating LocalCallingIdentity cache for package com.github.uiautomator.test. Reason: package android.intent.action.PACKAGE_REMOVED
09-01 07:23:12.042 D/Avrcp_ext( 1994): AvrcpServiceBroadcastReceiver-> Action: android.intent.action.PACKAGE_REMOVED
09-01 07:23:12.047 W/BroadcastQueue( 1460): Background execution not allowed: receiving Intent { act=android.intent.action.PACKAGE_REMOVED dat=package:com.github.uiautomator.test flg=0x4000010 (has extras) } to com.android.gallery3d/.app.PackagesMonitor
09-01 07:23:12.049 D/CompatibilityInfo( 1460): mCompatibilityFlags - 14
09-01 07:23:12.049 D/CompatibilityInfo( 1460): applicationDensity - 320
09-01 07:23:12.049 D/CompatibilityInfo( 1460): applicationScale - 1.0
09-01 07:23:12.054 I/InputReader( 1460): Reconfiguring input devices, changes=KEYBOARD_LAYOUTS | 
09-01 07:23:12.065 D/CompatibilityInfo( 1460): mCompatibilityFlags - 4
09-01 07:23:12.065 D/CompatibilityInfo( 1460): applicationDensity - 320
09-01 07:23:12.065 D/CompatibilityInfo( 1460): applicationScale - 1.0
09-01 07:23:12.068 I/MediaProvider( 2717): Invalidating LocalCallingIdentity cache for package com.github.uiautomator.test. Reason: package android.intent.action.PACKAGE_ADDED
09-01 07:23:12.079 I/InputReader( 1460): Reconfiguring input devices, changes=KEYBOARD_LAYOUTS | 
09-01 07:23:12.094 D/Avrcp_ext( 1994): AvrcpServiceBroadcastReceiver-> Action: android.intent.action.PACKAGE_ADDED
09-01 07:23:12.094 D/Avrcp_ext( 1994): AvrcpServiceBroadcastReceiver-> packageName: com.github.uiautomator.test
09-01 07:23:12.094 D/Avrcp_ext( 1994): packageName: com.github.uiautomator.test removed: false
09-01 07:23:12.096 D/Avrcp_ext( 1994): isBrowsableListUpdated: browsable list size mismatch, true
09-01 07:23:12.096 D/Avrcp_ext( 1994): buildBrowsablePlayerList 
09-01 07:23:12.099 V/Avrcp_ext( 1994): getMediaPlayerInfo: Found com.android.music
