11-20 20:00:25.214 D/ConnectivityService( 1194): Setting DNS servers for network 188 to [/192.168.1.1]
11-20 20:00:25.214 I/Nat464Xlat( 1194): Android Xlat is disabled
11-20 20:00:25.214 I/Nat464Xlat( 1194): Android Xlat is disabled
11-20 20:00:25.302 D/ConnectivityService( 1194): [188 WIFI] EVENT_NETWORK_INFO_CHANGED, going from UNKNOWN to CONNECTED
11-20 20:00:25.304 D/DnsManager( 1194): sendDnsConfigurationForNetwork(188, [192.168.1.1], [], 1800, 25, 8, 64, 0, 0, , [])
11-20 20:00:25.307 W/DnsManager( 1194): updatePrivateDns(188, PrivateDnsConfig{true:/[]})
11-20 20:00:25.307 D/ConnectivityService( 1194): Setting DNS servers for network 188 to [/192.168.1.1]
11-20 20:00:25.307 D/DnsManager( 1194): sendDnsConfigurationForNetwork(188, [192.168.1.1], [], 1800, 25, 8, 64, 0, 0, , [192.168.1.1])
11-20 20:00:25.309 D/ConnectivityService( 1194): Adding iface wlan0 to network 188
11-20 20:00:25.362 D/ConnectivityService( 1194): Setting DNS servers for network 188 to [/192.168.1.1]
11-20 20:00:25.362 D/DnsManager( 1194): sendDnsConfigurationForNetwork(188, [192.168.1.1], [], 1800, 25, 8, 64, 0, 0, , [192.168.1.1])
11-20 20:00:25.365 I/Nat464Xlat( 1194): Android Xlat is disabled
11-20 20:00:25.365 I/Nat464Xlat( 1194): Android Xlat is disabled
11-20 20:00:25.415 D/ConnectivityService( 1194): NetReassign [no changes]
11-20 20:00:25.598 D/ConnectivityService( 1194): [188 WIFI] validation passed
11-20 20:00:25.602 D/ConnectivityService( 1194): NetReassign [8 : 100 → 188, 20 : 100 → 188, 46 : 100 → 188, 1932 : 100 → 188, 12 : 100 → 188, 22 : 100 → 188, 16 : 100 → 188, 1330 : 100 → 188, 14 : 100 → 188, 50 : 100 → 188, 18 : 100 → 188, 11 : 100 → 188, 1 : 100 → 188, 17 : 100 → 188, 1935 : 100 → 188]
11-20 20:00:25.609 E/NetlinkEvent(  459): NetlinkEvent::FindParam(): Parameter 'INTERFACE' not found
11-20 20:00:25.609 E/NetlinkEvent(  459): NetlinkEvent::FindParam(): Parameter 'STATE' not found
11-20 20:00:25.610 E/NetlinkEvent(  459): NetlinkEvent::FindParam(): Parameter 'TIME_NS' not found
11-20 20:00:25.610 E/NetlinkEvent(  459): NetlinkEvent::FindParam(): Parameter 'UID' not found
11-20 20:00:25.627 D/ConnectivityService( 1194): Switching to new default network: NetworkAgentInfo{ ni{[type: WIFI[], state: CONNECTED/CONNECTED, reason: (unspecified), extra: , failover: false, available: true, roaming: false]}  network{188}  nethandle{810859548685}  lp{{InterfaceName: wlan0 LinkAddresses: [ 192.168.1.39/24 ] DnsAddresses: [ /192.168.1.1 ] Domains: null MTU: 0 ServerAddress: /192.168.1.1 TcpBufferSizes: 524288,1048576,2097152,262144,524288,1048576 Routes: [ fe80::/64 -> :: wlan0 mtu 0,192.168.1.0/24 -> 0.0.0.0 wlan0 mtu 0,0.0.0.0/0 -> 192.168.1.1 wlan0 mtu 0 ]}}  nc{[ Transports: WIFI Capabilities: NOT_METERED&INTERNET&NOT_RESTRICTED&TRUSTED&NOT_VPN&VALIDATED&NOT_ROAMING&FOREGROUND&NOT_CONGESTED&NOT_SUSPENDED LinkUpBandwidth>=67000Kbps LinkDnBandwidth>=67000Kbps SignalStrength: -36 OwnerUid: 1000 SSID: "MTBF_Lab" RequestorUid: -1 RequestorPackageName: null]}  Score{60}  everValidated{true}  lastValidated{true}  created{true} lingering{false} explicitlySelected{false} acceptUnvalidated{false} everCaptivePortalDetected{false} lastCaptivePortalDetected{false} partialConnectivity{false} acceptPartialConnectivity{false} clat{mBaseIface: null, mIface: null, mState: IDLE} }
11-20 20:00:25.756 D/ConnectivityService( 1194): Lingering [100 CELLULAR] for 30000ms
11-20 20:00:25.756 W/SimpleTimeDetectorStrategy( 1194): Existing suggestion found to be invalid  elapsedRealtimeMillis=101569916, timeSuggestion=TelephonyTimeSuggestion{mSlotIndex='0', mUtcTime=TimestampedValue{mReferenceTimeMillis=2542243, mValue=1637368197000}, mDebugInfo=[Sending new time suggestion nitzSignal=TimestampedValue{mReferenceTimeMillis=2542243, mValue=NitzData{mOriginalString=21/11/20,00:29:57-32,00, mZoneOffset=-28800000, mDstOffset=0, mCurrentTimeMillis=1637368197000, mEmulatorHostTimeZone=null}}, reason=handleNitzReceived(TimestampedValue{mReferenceTimeMillis=2542243, mValue=NitzData{mOriginalString=21/11/20,00:29:57-32,00, mZoneOffset=-28800000, mDstOffset=0, mCurrentTimeMillis=1637368197000, mEmulatorHostTimeZone=null}})]}
11-20 20:00:25.758 D/ConnectivityService( 1194): Sending DISCONNECTED broadcast for type 0 [100 CELLULAR] isDefaultNetwork=true
11-20 20:00:25.760 D/ConnectivityService( 1194): Sending CONNECTED broadcast for type 1 [188 WIFI] isDefaultNetwork=true
11-20 20:00:25.796 D/ConnectivityService( 1194): Setting DNS servers for network 188 to [/192.168.1.1]
11-20 20:00:25.796 D/DnsManager( 1194): sendDnsConfigurationForNetwork(188, [192.168.1.1], [], 1800, 25, 8, 64, 0, 0, , [192.168.1.1])
11-20 20:00:26.243 I/Nat464Xlat( 1194): Android Xlat is disabled
11-20 20:00:26.243 I/Nat464Xlat( 1194): Android Xlat is disabled
11-20 20:00:29.361 I/DropBoxManagerService( 1194): add tag=system_app_wtf isTagEnabled=true flags=0x2
11-20 20:00:29.712 I/DropBoxManagerService( 1194): add tag=system_app_wtf_multipart isTagEnabled=true flags=0x0
11-20 20:00:32.500 D/commandrouter( 1117): rtc_sync (1, rtc:sync): <ServiceRequest> FORWARDED (remote -> local) service client ID = 0, token ID = 42921
11-20 20:00:32.501 D/commandrouter( 1117): SocServiceHandle::onServiceMessage, SoC Service = rtc_sync, appType = 1, type = SVC_RESP, clientId = 0, token = 42921, payloadLen = 8, result = 0, payload.size() = 8
11-20 20:00:38.974 D/ConnectivityService( 1194): requestNetwork for uid/pid:10005/5688 NetworkRequest [ TRACK_DEFAULT id=1936, [ Capabilities: INTERNET&NOT_RESTRICTED&TRUSTED Uid: 10005 AdministratorUids: [] RequestorUid: 10005 RequestorPackageName: com.facebook.wearable.system.telecom] ]
11-20 20:00:38.975 D/ConnectivityService( 1194): NetReassign [1936 : null → 188]
11-20 20:00:39.111 D/ConnectivityService( 1194): releasing NetworkRequest [ TRACK_DEFAULT id=1936, [ Capabilities: INTERNET&NOT_RESTRICTED&TRUSTED Uid: 10005 AdministratorUids: [] RequestorUid: 10005 RequestorPackageName: com.facebook.wearable.system.telecom] ] (release request)
11-20 20:00:41.287 D/commandrouter( 1117): SocServiceHandle::onServiceMessage, SoC Service = mcu_healthcheck_1118, appType = 1, type = SVC_REQ, clientId = 0, token = 3384, payloadLen = 12, result = 0, payload.size() = 12
11-20 20:00:41.291 D/commandrouter( 1117): mcu_healthcheck_1118 (1, merlot:mcu_health:control): <ServiceResponse> FORWARDED (remote -> local) CR token ID = 3384, service client ID = 40, token ID = 60769, result = 0
11-20 20:00:41.291 D/mculinkhealth( 1118): isMcuReachable 1 (4 ms)
11-20 20:00:42.492 D/commandrouter( 1117): rtc_sync (1, rtc:sync): <ServiceRequest> FORWARDED (remote -> local) service client ID = 0, token ID = 42922
11-20 20:00:42.493 D/commandrouter( 1117): SocServiceHandle::onServiceMessage, SoC Service = rtc_sync, appType = 1, type = SVC_RESP, clientId = 0, token = 42922, payloadLen = 8, result = 0, payload.size() = 8
11-20 20:00:44.748 D/AutofillManagerService( 1194): onBackKeyPressed()
11-20 20:00:45.794 I/chatty  ( 1194): uid=1000(system) android.ui identical 2 lines
11-20 20:00:47.616 D/AutofillManagerService( 1194): onBackKeyPressed()
11-20 20:00:48.155 W/ActivityManager( 1194): Invalid packageName: com.facebook.wearable.system.settings/com.facebook.wearable.system.settings.SettingsActivity
11-20 20:00:48.269 I/ActivityTaskManager( 1194): START u0 {flg=0x10000000 cmp=com.facebook.wearable.system.settings/.SettingsActivity} from uid 0
11-20 20:00:48.286 I/ActivityTaskManager( 1194): The Process com.facebook.wearable.system.settings Already Exists in BG. So sending its PID: 25374
11-20 20:00:48.287 W/ActivityTaskManager( 1194): Tried to set launchTime (0) < mLastActivityLaunchTime (101561471)
11-20 20:00:50.420 E/TaskPersister( 1194): File error accessing recents directory (directory doesn't exist?).
11-20 20:00:52.482 D/commandrouter( 1117): rtc_sync (1, rtc:sync): <ServiceRequest> FORWARDED (remote -> local) service client ID = 0, token ID = 42923
11-20 20:00:52.482 D/commandrouter( 1117): SocServiceHandle::onServiceMessage, SoC Service = rtc_sync, appType = 1, type = SVC_RESP, clientId = 0, token = 42923, payloadLen = 8, result = 0, payload.size() = 8
11-20 20:00:55.599 D/ConnectivityService( 1194): handleLingerComplete for [100 CELLULAR]
11-20 20:00:55.826 W/ContextImpl( 1194): Calling a method in the system process without a qualified user: android.app.ContextImpl.sendBroadcastMultiplePermissions:1143 android.content.Context.sendBroadcastWithMultiplePermissions:2150 com.android.server.display.WifiDisplayAdapter.handleSendStatusChangeBroadcast:440 com.android.server.display.WifiDisplayAdapter.access$1700:63 com.android.server.display.WifiDisplayAdapter$WifiDisplayHandler.handleMessage:675 
11-20 20:00:56.304 D/ConnectivityService( 1194): [188 WIFI] EVENT_NETWORK_INFO_CHANGED, going from CONNECTED to DISCONNECTED
11-20 20:00:56.304 D/ConnectivityService( 1194): [188 WIFI] disconnected, was satisfying 26
11-20 20:00:56.382 I/Nat464Xlat( 1194): Android Xlat is disabled
11-20 20:00:56.382 I/Nat464Xlat( 1194): Android Xlat is disabled
11-20 20:00:56.394 D/ConnectivityService( 1194): Sending DISCONNECTED broadcast for type 1 [188 WIFI] isDefaultNetwork=true
11-20 20:00:56.418 D/ConnectivityService( 1194): NetReassign [8 : null → 100, 20 : null → 100, 46 : null → 100, 1932 : null → 100, 12 : null → 100, 22 : null → 100, 16 : null → 100, 1330 : null → 100, 14 : null → 100, 50 : null → 100, 18 : null → 100, 11 : null → 100, 1 : null → 100, 17 : null → 100, 1935 : null → 100]
11-20 20:00:56.422 E/NetlinkEvent(  459): NetlinkEvent::FindParam(): Parameter 'INTERFACE' not found
11-20 20:00:56.422 E/NetlinkEvent(  459): NetlinkEvent::FindParam(): Parameter 'STATE' not found
11-20 20:00:56.422 E/NetlinkEvent(  459): NetlinkEvent::FindParam(): Parameter 'TIME_NS' not found
11-20 20:00:56.422 E/NetlinkEvent(  459): NetlinkEvent::FindParam(): Parameter 'UID' not found
11-20 20:00:56.435 D/ConnectivityService( 1194): Switching to new default network: NetworkAgentInfo{ ni{[type: MOBILE[LTE], state: CONNECTED/CONNECTED, reason: (unspecified), extra: nxtgenphone, failover: false, available: true, roaming: false]}  network{100}  nethandle{432902426637}  lp{{InterfaceName: rmnet_data2 LinkAddresses: [ 10.129.103.196/29,2600:380:c119:24f:b89a:9f3c:46c1:95af/64 ] DnsAddresses: [ /172.26.38.1,/fc00:a:a::300 ] Domains: null MTU: 1430 TcpBufferSizes: 2097152,4194304,8388608,262144,524288,1048576 Routes: [ 0.0.0.0/0 -> 10.129.103.197 rmnet_data2 mtu 1430,::/0 -> fe80::b45f:41f1:1846:969d rmnet_data2 mtu 1430,10.129.103.192/29 -> 0.0.0.0 rmnet_data2 mtu 0,2600:380:c119:24f::/64 -> :: rmnet_data2 mtu 0 ]}}  nc{[ Transports: CELLULAR Capabilities: MMS&SUPL&FOTA&INTERNET&NOT_RESTRICTED&TRUSTED&NOT_VPN&VALIDATED&NOT_ROAMING&NOT_CONGESTED&NOT_SUSPENDED LinkUpBandwidth>=15000Kbps LinkDnBandwidth>=30000Kbps Specifier: <TelephonyNetworkSpecifier [mSubId = 1]> AdministratorUids: [] RequestorUid: -1 RequestorPackageName: null]}  Score{50}  everValidated{true}  lastValidated{true}  created{true} lingering{false} explicitlySelected{false} acceptUnvalidated{false} everCaptivePortalDetected{false} lastCaptivePortalDetected{false} partialConnectivity{false} acceptPartialConnectivity{false} clat{mBaseIface: null, mIface: null, mState: IDLE} }
11-20 20:00:56.560 W/SimpleTimeDetectorStrategy( 1194): Existing suggestion found to be invalid  elapsedRealtimeMillis=101600721, timeSuggestion=TelephonyTimeSuggestion{mSlotIndex='0', mUtcTime=TimestampedValue{mReferenceTimeMillis=2542243, mValue=1637368197000}, mDebugInfo=[Sending new time suggestion nitzSignal=TimestampedValue{mReferenceTimeMillis=2542243, mValue=NitzData{mOriginalString=21/11/20,00:29:57-32,00, mZoneOffset=-28800000, mDstOffset=0, mCurrentTimeMillis=1637368197000, mEmulatorHostTimeZone=null}}, reason=handleNitzReceived(TimestampedValue{mReferenceTimeMillis=2542243, mValue=NitzData{mOriginalString=21/11/20,00:29:57-32,00, mZoneOffset=-28800000, mDstOffset=0, mCurrentTimeMillis=1637368197000, mEmulatorHostTimeZone=null}})]}
11-20 20:00:56.598 D/ConnectivityService( 1194): Sending CONNECTED broadcast for type 0 [100 CELLULAR] isDefaultNetwork=true
11-20 20:00:58.360 D/AnalyticsLogger( 1194): sent events: 10
11-20 20:01:00.861 D/AutofillManagerService( 1194): onBackKeyPressed()
11-20 20:01:01.384 I/chatty  ( 1194): uid=1000(system) android.ui identical 1 line
11-20 20:01:01.907 D/AutofillManagerService( 1194): onBackKeyPressed()
11-20 20:01:02.471 D/commandrouter( 1117): rtc_sync (1, rtc:sync): <ServiceRequest> FORWARDED (remote -> local) service client ID = 0, token ID = 42924
11-20 20:01:02.472 D/commandrouter( 1117): SocServiceHandle::onServiceMessage, SoC Service = rtc_sync, appType = 1, type = SVC_RESP, clientId = 0, token = 42924, payloadLen = 8, result = 0, payload.size() = 8
11-20 20:01:03.630 D/AutofillManagerService( 1194): onBackKeyPressed()
11-20 20:01:04.626 D/AutofillManagerService( 1194): onBackKeyPressed()
11-20 20:01:05.400 E/TaskPersister( 1194): File error accessing recents directory (directory doesn't exist?).
11-20 20:01:05.624 D/AutofillManagerService( 1194): onBackKeyPressed()
11-20 20:01:06.621 I/chatty  ( 1194): uid=1000(system) android.ui identical 1 line
11-20 20:01:07.616 D/AutofillManagerService( 1194): onBackKeyPressed()
11-20 20:01:08.151 W/ActivityManager( 1194): Invalid packageName: com.facebook.wearable.system.settings/com.facebook.wearable.system.settings.SettingsActivity
11-20 20:01:08.273 I/ActivityTaskManager( 1194): START u0 {flg=0x10000000 cmp=com.facebook.wearable.system.settings/.SettingsActivity} from uid 0
11-20 20:01:08.288 I/ActivityTaskManager( 1194): The Process com.facebook.wearable.system.settings Already Exists in BG. So sending its PID: 25374
11-20 20:01:08.289 W/ActivityTaskManager( 1194): Tried to set launchTime (0) < mLastActivityLaunchTime (101592449)
11-20 20:01:10.368 D/AppStorageManager( 1194): BEFORE:: Previous Size: 841596928 Current Size: 841265152
11-20 20:01:10.368 D/AppStorageManager( 1194): AFTER:: Previous Size: 841265152 Current Size: 841265152
11-20 20:01:11.292 D/commandrouter( 1117): SocServiceHandle::onServiceMessage, SoC Service = mcu_healthcheck_1118, appType = 1, type = SVC_REQ, clientId = 0, token = 3385, payloadLen = 12, result = 0, payload.size() = 12
11-20 20:01:11.296 D/commandrouter( 1117): mcu_healthcheck_1118 (1, merlot:mcu_health:control): <ServiceResponse> FORWARDED (remote -> local) CR token ID = 3385, service client ID = 40, token ID = 60770, result = 0
11-20 20:01:11.296 D/mculinkhealth( 1118): isMcuReachable 1 (4 ms)
11-20 20:01:12.436 E/TaskPersister( 1194): File error accessing recents directory (directory doesn't exist?).
11-20 20:01:12.470 D/commandrouter( 1117): rtc_sync (1, rtc:sync): <ServiceRequest> FORWARDED (remote -> local) service client ID = 0, token ID = 42925
11-20 20:01:12.471 D/commandrouter( 1117): SocServiceHandle::onServiceMessage, SoC Service = rtc_sync, appType = 1, type = SVC_RESP, clientId = 0, token = 42925, payloadLen = 8, result = 0, payload.size() = 8
11-20 20:01:14.324 W/ContextImpl( 1194): Calling a method in the system process without a qualified user: android.app.ContextImpl.sendBroadcastMultiplePermissions:1143 android.content.Context.sendBroadcastWithMultiplePermissions:2150 com.android.server.display.WifiDisplayAdapter.handleSendStatusChangeBroadcast:440 com.android.server.display.WifiDisplayAdapter.access$1700:63 com.android.server.display.WifiDisplayAdapter$WifiDisplayHandler.handleMessage:675 
11-20 20:01:15.338 W/ContextImpl( 1194): Calling a method in the system process without a qualified user: android.app.ContextImpl.sendBroadcastMultiplePermissions:1143 android.content.Context.sendBroadcastWithMultiplePermissions:2150 com.android.server.wifi.p2p.WifiP2pServiceImpl$P2pStateMachine.sendBroadcastMultiplePermissions:3209 com.android.server.wifi.p2p.WifiP2pServiceImpl$P2pStateMachine.sendP2pConnectionChangedBroadcast:3236 com.android.server.wifi.p2p.WifiP2pServiceImpl$P2pStateMachine.access$5100:768 
11-20 20:01:15.340 W/BroadcastQueue( 1194): Permission Denial: receiving Intent { act=android.net.wifi.p2p.CONNECTION_STATE_CHANGE flg=0x24000010 (has extras) } to ProcessRecord{ba73 1900:.qtidataservices/u0a89} (pid=1900, uid=10089) requires android.permission.ACCESS_FINE_LOCATION due to sender android (uid 1000)
11-20 20:01:15.344 W/ContextImpl( 1194): Calling a method in the system process without a qualified user: android.app.ContextImpl.sendBroadcastMultiplePermissions:1143 android.content.Context.sendBroadcastWithMultiplePermissions:2150 com.android.server.wifi.p2p.WifiP2pServiceImpl$P2pStateMachine.sendBroadcastMultiplePermissions:3209 com.android.server.wifi.p2p.WifiP2pServiceImpl$P2pStateMachine.sendThisDeviceChangedBroadcast:3218 com.android.server.wifi.p2p.WifiP2pServiceImpl$P2pStateMachine.updateThisDevice:3962 
11-20 20:01:15.454 W/wificond(  906): Scan is not started. Ignore abort request
--------- beginning of main
11-20 20:01:15.520 I/wpa_supplicant(16548): wlan0: Trying to associate with SSID 'MTBF_Lab'
11-20 20:01:15.526 E/wpa_supplicant(16548): eap_proxy: eap_proxy_notify_config
11-20 20:01:15.526 E/wpa_supplicant(16548): eap_proxy: eap_proxy_allowed_method
11-20 20:01:15.527 D/QCNEJ/WlanStaInfoRelay( 1900): Received action: android.net.wifi.STATE_CHANGE
11-20 20:01:15.527 D/WifiConnector( 2841): Network State Changed
11-20 20:01:15.536 E/QMI_FW  (  927): qmi_cci_get_ref: ref count increased 2
11-20 20:01:15.539 E/QMI_FW  (  927): qmi_cci_get_ref: ref count increased 2
11-20 20:01:15.540 E/QMI_FW  ( 1113): qmi_cci_get_ref: ref count increased 2
11-20 20:01:15.542 E/QMI_FW  ( 1113): qmi_cci_get_ref: ref count increased 2
11-20 20:01:15.555 I/WearableConnectivityManager( 5465): LTE Signal strength is: 1
11-20 20:01:15.555 I/WearableConnectivityManager( 5465): Cellular Signal strength is: 1
11-20 20:01:15.555 D/RadioLinkQualityScoreBuilder( 1975): scoreRsrp: 2scoreRsrq: 1scoreRssnr: 1
11-20 20:01:15.555 D/WirelessInsightServiceImpl( 1975): onSignalStrengthsChanged: SignalStrength = SignalStrength:{mCdma=CellSignalStrengthCdma: cdmaDbm=2147483647 cdmaEcio=2147483647 evdoDbm=2147483647 evdoEcio=2147483647 evdoSnr=2147483647 level=0,mGsm=CellSignalStrengthGsm: rssi=2147483647 ber=2147483647 mTa=2147483647 mLevel=0,mWcdma=CellSignalStrengthWcdma: ss=2147483647 ber=2147483647 rscp=2147483647 ecno=2147483647 level=0,mTdscdma=CellSignalStrengthTdscdma: rssi=2147483647 ber=2147483647 rscp=2147483647 level=0,mLte=CellSignalStrengthLte: rssi=-79 rsrp=-114 rsrq=-16 rssnr=-1 cqi=2147483647 ta=2147483647 level=1 parametersUseForLevel=0,mNr=CellSignalStrengthNr:{ csiRsrp = 2147483647 csiRsrq = 2147483647 csiSinr = 2147483647 ssRsrp = 2147483647 ssRsrq = 2147483647 ssSinr = 2147483647 level = 0 parametersUseForLevel = 0 },primary=CellSignalStrengthLte}
11-20 20:01:15.555 D/WirelessInsightServiceImpl( 1975): Score: 1
11-20 20:01:15.555 D/WirelessInsightServiceImpl( 1975): notifyListeners: listeners = 0, score = 1
11-20 20:01:15.578 I/Choreographer(25374): Skipped 30 frames!  The application may be doing too much work on its main thread.
11-20 20:01:15.663 W/HWComposer(  577): Ignoring duplicate VSYNC event from HWC for display 0 (t=101619824160244)
11-20 20:01:15.681 W/HWComposer(  577): Ignoring duplicate VSYNC event from HWC for display 0 (t=101619841056650)
11-20 20:01:15.770 I/chatty  ( 1024): uid=1021(gps) lowi-server expire 16 lines
11-20 20:01:15.772 I/chatty  ( 1024): uid=1021(gps) lowi-server expire 6 lines
11-20 20:01:15.774 V/WifiHAL (  539): event received NL80211_CMD_CONNECT
11-20 20:01:15.777 I/wpa_supplicant(16548): wlan0: Associated with 6c:cd:d6:25:63:2a
11-20 20:01:15.777 I/wpa_supplicant(16548): wlan0: CTRL-EVENT-SUBNET-STATUS-UPDATE status=0
11-20 20:01:15.780 I/wpa_supplicant(16548): wlan0: WPA: RX message 1 of 4-Way Handshake from 6c:cd:d6:25:63:2a (ver=2)
11-20 20:01:15.780 I/wpa_supplicant(16548): wlan0: WPA: Sending EAPOL-Key 2/4
11-20 20:01:15.791 I/wpa_supplicant(16548): getWifiGenerationStatusInternal: generation = 4, twtSupport = false, vhtMax8SpatialStreamsSupport = false
11-20 20:01:15.791 I/wpa_supplicant(16548): wlan0: WPA: RX message 3 of 4-Way Handshake from 6c:cd:d6:25:63:2a (ver=2)
11-20 20:01:15.791 I/wpa_supplicant(16548): wlan0: WPA: Sending EAPOL-Key 4/4
11-20 20:01:15.796 I/wpa_supplicant(16548): wlan0: WPA: Key negotiation completed with 6c:cd:d6:25:63:2a [PTK=CCMP GTK=CCMP]
11-20 20:01:15.796 I/wpa_supplicant(16548): wlan0: CTRL-EVENT-CONNECTED - Connection to 6c:cd:d6:25:63:2a completed [id=0 id_str=%7B%22configKey%22%3A%22%5C%22MTBF_Lab%5C%22WPA_PSK%22%2C%22creatorUid%22%3A%221000%22%7D]
11-20 20:01:15.805 D/QCNEJ/WlanStaInfoRelay( 1900): Received action: android.net.wifi.STATE_CHANGE
11-20 20:01:15.806 D/WifiConnector( 2841): Network State Changed
11-20 20:01:15.823 D/WifiConnector( 2841): Network State Changed
11-20 20:01:15.823 D/QCNEJ/WlanStaInfoRelay( 1900): Received action: android.net.wifi.STATE_CHANGE
11-20 20:01:15.825 D/ConnectivityService( 1194): registerNetworkAgent NetworkAgentInfo{ ni{[type: WIFI[], state: UNKNOWN/IDLE, reason: (unspecified), extra: , failover: false, available: true, roaming: false]}  network{189}  nethandle{815154515981}  lp{{InterfaceName: wlan0 LinkAddresses: [ ] DnsAddresses: [ ] Domains: null MTU: 0 Routes: [ ]}}  nc{[ Transports: WIFI Capabilities: NOT_METERED&INTERNET&NOT_RESTRICTED&TRUSTED&NOT_VPN&NOT_ROAMING&FOREGROUND&NOT_CONGESTED&NOT_SUSPENDED LinkUpBandwidth>=72000Kbps LinkDnBandwidth>=72000Kbps OwnerUid: 1000 SSID: "MTBF_Lab" RequestorUid: -1 RequestorPackageName: null]}  Score{20}  everValidated{false}  lastValidated{false}  created{false} lingering{false} explicitlySelected{false} acceptUnvalidated{false} everCaptivePortalDetected{false} lastCaptivePortalDetected{false} partialConnectivity{false} acceptPartialConnectivity{false} clat{mBaseIface: null, mIface: null, mState: IDLE} }
11-20 20:01:15.860 D/ConnectivityService( 1194): [189 WIFI] EVENT_NETWORK_INFO_CHANGED, going from UNKNOWN to UNKNOWN
11-20 20:01:15.865 D/WifiConnector( 2841): Network State Changed
11-20 20:01:15.865 D/QCNEJ/WlanStaInfoRelay( 1900): Received action: android.net.wifi.STATE_CHANGE
11-20 20:01:15.888 I/chatty  ( 1194): uid=1000(system) WifiHandlerThre expire 10 lines
11-20 20:01:15.890 V/WifiHAL (  539): WifiVendorCommand 0xa063a000 created vendor_id:0x1374 subcmd:83
11-20 20:01:15.890 E/WifiHAL (  539): wifi_get_packet_filter_capabilities: requestResponse() error: -3
11-20 20:01:15.890 I/WifiHAL (  539): Packet filtering is not supprted
11-20 20:01:16.003 D/QCNEJ/WlanStaInfoRelay( 1900): Received action: android.net.wifi.RSSI_CHANGED
11-20 20:01:16.003 D/WearableConnectivityManager( 5465): onWifiStrengthChange: -35
11-20 20:01:16.005 V/WifiHAL (  539): WifiVendorCommand 0xa07c1180 created vendor_id:0x1374 subcmd:82
11-20 20:01:16.005 V/WifiHAL (  539): ND offload : Enable
11-20 20:01:16.005 D/ConnectivityService( 1194): NetReassign [no changes]
11-20 20:01:16.034 E/QMI_FW  (  927): qmi_cci_get_ref: ref count increased 2
11-20 20:01:16.036 E/QMI_FW  (  927): qmi_cci_get_ref: ref count increased 2
11-20 20:01:16.039 E/Netd    (  459): no such netId 189
11-20 20:01:16.041 I/Nat464Xlat( 1194): Android Xlat is disabled
11-20 20:01:16.096 I/chatty  ( 1194): uid=1000 system_server expire 7 lines
11-20 20:01:16.168 E/Netd    (  459): no such netId 189
11-20 20:01:16.041 I/Nat464Xlat( 1194): Android Xlat is disabled
11-20 20:01:16.168 E/ConnectivityService( 1194): Exception in networkAddRouteParcel for non-gateway: android.os.ServiceSpecificException: Machine is not on the network (code 64)
11-20 20:01:16.169 E/Netd    (  459): no such netId 189
11-20 20:01:16.169 D/QCNEJ/WlanStaInfoRelay( 1900): Received action: android.net.wifi.STATE_CHANGE
11-20 20:01:16.169 D/WifiConnector( 2841): Network State Changed
11-20 20:01:16.170 E/ConnectivityService( 1194): Exception in networkAddRouteParcel for gateway: android.os.ServiceSpecificException: Machine is not on the network (code 64)
11-20 20:01:16.170 I/Nat464Xlat( 1194): Android Xlat is disabled
11-20 20:01:16.183 D/QCNEJ/WlanStaInfoRelay( 1900): Received action: android.net.wifi.STATE_CHANGE
11-20 20:01:16.184 D/WifiConnector( 2841): Network State Changed
11-20 20:01:16.186 D/WifiConnector( 2841): Configured Networks Changed
11-20 20:01:16.204 E/QMI_FW  (  927): qmi_cci_get_ref: ref count increased 2
11-20 20:01:16.205 E/QMI_FW  (  927): qmi_cci_get_ref: ref count increased 2
11-20 20:01:16.214 I/chatty  ( 1194): uid=1000(system) pool-9-thread-1 expire 3 lines
11-20 20:01:16.265 E/QMI_FW  ( 1113): qmi_cci_get_ref: ref count increased 2
11-20 20:01:16.265 E/QMI_FW  ( 1113): qmi_cci_get_ref: ref count increased 2
11-20 20:01:16.266 E/QMI_FW  ( 1113): qmi_cci_get_ref: ref count increased 2
11-20 20:01:16.170 I/Nat464Xlat( 1194): Android Xlat is disabled
11-20 20:01:16.297 D/ConnectivityService( 1194): Setting DNS servers for network 189 to [/192.168.1.1]
11-20 20:01:16.299 I/Nat464Xlat( 1194): Android Xlat is disabled
11-20 20:01:16.299 I/Nat464Xlat( 1194): Android Xlat is disabled
11-20 20:01:16.423 D/ConnectivityService( 1194): [189 WIFI] EVENT_NETWORK_INFO_CHANGED, going from UNKNOWN to CONNECTED
11-20 20:01:16.426 D/DnsManager( 1194): sendDnsConfigurationForNetwork(189, [192.168.1.1], [], 1800, 25, 8, 64, 0, 0, , [])
11-20 20:01:16.430 W/DnsManager( 1194): updatePrivateDns(189, PrivateDnsConfig{true:/[]})
11-20 20:01:16.430 D/ConnectivityService( 1194): Setting DNS servers for network 189 to [/192.168.1.1]
11-20 20:01:16.430 D/DnsManager( 1194): sendDnsConfigurationForNetwork(189, [192.168.1.1], [], 1800, 25, 8, 64, 0, 0, , [192.168.1.1])
11-20 20:01:16.433 D/ConnectivityService( 1194): Adding iface wlan0 to network 189
11-20 20:01:16.436 W/resolv  (  459): Validating DnsTlsServer on netId 189
11-20 20:01:16.439 W/resolv  (  459): Validation failed
11-20 20:01:16.458 D/ConnectivityService( 1194): Setting DNS servers for network 189 to [/192.168.1.1]
11-20 20:01:16.462 D/DnsManager( 1194): sendDnsConfigurationForNetwork(189, [192.168.1.1], [], 1800, 25, 8, 64, 0, 0, , [192.168.1.1])
11-20 20:01:16.464 I/Nat464Xlat( 1194): Android Xlat is disabled
11-20 20:01:16.468 W/resolv  (  459): Validating DnsTlsServer on netId 189
11-20 20:01:16.489 W/resolv  (  459): SSL_connect ssl error =5, mark 0xf00bd: Connection refused
11-20 20:01:16.490 W/resolv  (  459): Validation failed
11-20 20:01:16.464 I/Nat464Xlat( 1194): Android Xlat is disabled
11-20 20:01:16.520 D/ConnectivityService( 1194): NetReassign [no changes]
11-20 20:01:16.531 D/QCNEJ/WlanStaInfoRelay( 1900): network available: 189
11-20 20:01:16.537 D/QCNEJ/NativeHalConnector( 1900): -> SND notifyWifiAvailable(v4Connected = truev6Connected = , false, isAndroidValidated = false)
11-20 20:01:16.542 D/QCNEJ/NativeHalConnector( 1900): -> SND notifyWifiAvailable(v4Connected = truev6Connected = , false, isAndroidValidated = false)
11-20 20:01:16.616 I/chatty  ( 1194): uid=1000 system_server expire 3 lines
11-20 20:01:16.621 I/chatty  ( 1194): uid=1000 system_server expire 2 lines
11-20 20:01:16.693 I/chatty  ( 1194): uid=1000 system_server expire 1 line
11-20 20:01:16.695 D/ConnectivityService( 1194): [189 WIFI] validation passed
11-20 20:01:16.696 D/ConnectivityService( 1194): NetReassign [8 : 100 → 189, 20 : 100 → 189, 46 : 100 → 189, 1932 : 100 → 189, 12 : 100 → 189, 22 : 100 → 189, 16 : 100 → 189, 1330 : 100 → 189, 14 : 100 → 189, 50 : 100 → 189, 18 : 100 → 189, 11 : 100 → 189, 1 : 100 → 189, 17 : 100 → 189, 1935 : 100 → 189]
11-20 20:01:16.702 E/NetlinkEvent(  459): NetlinkEvent::FindParam(): Parameter 'INTERFACE' not found
11-20 20:01:16.702 E/NetlinkEvent(  459): NetlinkEvent::FindParam(): Parameter 'STATE' not found
11-20 20:01:16.702 E/NetlinkEvent(  459): NetlinkEvent::FindParam(): Parameter 'TIME_NS' not found
11-20 20:01:16.702 E/NetlinkEvent(  459): NetlinkEvent::FindParam(): Parameter 'UID' not found
11-20 20:01:16.723 D/ConnectivityService( 1194): Switching to new default network: NetworkAgentInfo{ ni{[type: WIFI[], state: CONNECTED/CONNECTED, reason: (unspecified), extra: , failover: false, available: true, roaming: false]}  network{189}  nethandle{815154515981}  lp{{InterfaceName: wlan0 LinkAddresses: [ 192.168.1.39/24 ] DnsAddresses: [ /192.168.1.1 ] Domains: null MTU: 0 ServerAddress: /192.168.1.1 TcpBufferSizes: 524288,1048576,2097152,262144,524288,1048576 Routes: [ fe80::/64 -> :: wlan0 mtu 0,192.168.1.0/24 -> 0.0.0.0 wlan0 mtu 0,0.0.0.0/0 -> 192.168.1.1 wlan0 mtu 0 ]}}  nc{[ Transports: WIFI Capabilities: NOT_METERED&INTERNET&NOT_RESTRICTED&TRUSTED&NOT_VPN&VALIDATED&NOT_ROAMING&FOREGROUND&NOT_CONGESTED&NOT_SUSPENDED LinkUpBandwidth>=67000Kbps LinkDnBandwidth>=67000Kbps SignalStrength: -35 OwnerUid: 1000 SSID: "MTBF_Lab" RequestorUid: -1 RequestorPackageName: null]}  Score{60}  everValidated{true}  lastValidated{true}  created{true} lingering{false} explicitlySelected{false} acceptUnvalidated{false} everCaptivePortalDetected{false} lastCaptivePortalDetected{false} partialConnectivity{false} acceptPartialConnectivity{false} clat{mBaseIface: null, mIface: null, mState: IDLE} }
11-20 20:01:16.847 D/QCNEJ/DefaultNetworkInfoRelay( 1900): Default network available: 189
11-20 20:01:16.856 D/QCNEJ/NativeHalConnector( 1900): -> SND notifyDefaultNetworkChanged(1)
11-20 20:01:16.856 D/DeviceAuthService(13575): Network connected
11-20 20:01:16.857 D/DeviceAuthService(13575): fetchAuthTokenWrapper called
11-20 20:01:16.860 V/LigerRadioStatsReporter( 2384): onCapabilitiesChanged: Network capabilities changed
11-20 20:01:16.861 I/chatty  ( 1194): uid=1000(system) NetworkTimeUpda expire 1 line
11-20 20:01:16.867 D/ConnectivityService( 1194): Lingering [100 CELLULAR] for 30000ms
11-20 20:01:16.869 D/ConnectivityService( 1194): Sending DISCONNECTED broadcast for type 0 [100 CELLULAR] isDefaultNetwork=true
11-20 20:01:16.871 D/ConnectivityService( 1194): Sending CONNECTED broadcast for type 1 [189 WIFI] isDefaultNetwork=true
11-20 20:01:16.874 W/SimpleTimeDetectorStrategy( 1194): Existing suggestion found to be invalid  elapsedRealtimeMillis=101621035, timeSuggestion=TelephonyTimeSuggestion{mSlotIndex='0', mUtcTime=TimestampedValue{mReferenceTimeMillis=2542243, mValue=1637368197000}, mDebugInfo=[Sending new time suggestion nitzSignal=TimestampedValue{mReferenceTimeMillis=2542243, mValue=NitzData{mOriginalString=21/11/20,00:29:57-32,00, mZoneOffset=-28800000, mDstOffset=0, mCurrentTimeMillis=1637368197000, mEmulatorHostTimeZone=null}}, reason=handleNitzReceived(TimestampedValue{mReferenceTimeMillis=2542243, mValue=NitzData{mOriginalString=21/11/20,00:29:57-32,00, mZoneOffset=-28800000, mDstOffset=0, mCurrentTimeMillis=1637368197000, mEmulatorHostTimeZone=null}})]}
11-20 20:01:16.885 I/chatty  ( 1194): uid=1000(system) android.fg expire 1 line
11-20 20:01:16.885 E/QMI_FW  (  927): qmi_cci_get_ref: ref count increased 2
11-20 20:01:16.886 I/chatty  (  523): uid=1021(gps) Loc_hal_worker expire 1 line
11-20 20:01:16.887 E/QMI_FW  (  927): qmi_cci_get_ref: ref count increased 2
11-20 20:01:16.888 I/chatty  ( 1026): uid=1021(gps) LocApiMsgTask expire 2 lines
11-20 20:01:16.894 I/chatty  ( 1026): uid=1021(gps) LocApiMsgTask expire 1 line
11-20 20:01:16.901 D/ConnectivityService( 1194): Setting DNS servers for network 189 to [/192.168.1.1]
11-20 20:01:16.901 D/DnsManager( 1194): sendDnsConfigurationForNetwork(189, [192.168.1.1], [], 1800, 25, 8, 64, 0, 0, , [192.168.1.1])
11-20 20:01:16.903 W/resolv  (  459): Validating DnsTlsServer on netId 189
11-20 20:01:16.905 D/DeviceAuthService(13575): isOculusAddressResolvable returned true
11-20 20:01:16.905 D/DeviceAuthenticator(13575): Fetching new credentials asynchronously
11-20 20:01:16.909 D/QCNEJ/WlanStaInfoRelay( 1900): AndroidValidate from false to true
11-20 20:01:16.923 W/resolv  (  459): SSL_connect ssl error =5, mark 0xf00bd: Connection refused
11-20 20:01:16.924 W/resolv  (  459): Validation failed
11-20 20:01:16.924 V/LigerRadioStatsReporter( 2384): onCapabilitiesChanged: Network capabilities changed
11-20 20:01:16.924 V/LigerRadioStatsReporter( 2384): reportAndCheckpointRadioStats
11-20 20:01:16.925 V/LigerRadioStatsReporter( 2384): +++++++++++ RADIO STATS DUMP +++++++++++
11-20 20:01:16.925 V/LigerRadioStatsReporter( 2384): totalActiveRadioTimeMs=0
11-20 20:01:16.925 D/QCNEJ/WlanStaInfoRelay( 1900): retrieveCountryCode:Location obtained from Telephony: us
11-20 20:01:16.925 V/LigerRadioStatsReporter( 2384): totalTailRadioTimeMs=13995
11-20 20:01:16.925 V/LigerRadioStatsReporter( 2384): totalWakeupCount=0
11-20 20:01:16.925 V/LigerRadioStatsReporter( 2384): httpUpBytes=0
11-20 20:01:16.925 V/LigerRadioStatsReporter( 2384): httpDownBytes=0
11-20 20:01:16.925 V/LigerRadioStatsReporter( 2384): httpWakeupCount=0
11-20 20:01:16.925 V/LigerRadioStatsReporter( 2384): httpRequestCount=0
11-20 20:01:16.925 V/LigerRadioStatsReporter( 2384): httpActiveRadioTimeMs=0
11-20 20:01:16.925 V/LigerRadioStatsReporter( 2384): httpTailRadioTimeMs=13995
11-20 20:01:16.925 V/LigerRadioStatsReporter( 2384): reportAndCheckpointRadioStats: Tx=0
11-20 20:01:16.925 V/LigerRadioStatsReporter( 2384): reportAndCheckpointRadioStats: Rx=0
11-20 20:01:16.925 V/LigerRadioStatsReporter( 2384): reportAndCheckpointRadioStats: Uids=10028
11-20 20:01:16.925 V/LigerRadioStatsReporter( 2384): reportAndCheckpointRadioStats: Tags=null
11-20 20:01:16.930 E/QMI_FW  ( 1113): qmi_cci_get_ref: ref count increased 2
11-20 20:01:16.933 D/WifiConnector( 2841): Configured Networks Changed
11-20 20:01:16.937 E/QMI_FW  ( 1113): qmi_cci_get_ref: ref count increased 2
11-20 20:01:16.938 D/PhoneInterfaceManager( 1975): setModemActivityInfo
11-20 20:01:16.939 D/FbSideCarManager( 1975): setModemActivityInfo
11-20 20:01:16.939 D/FbSideCarManager( 1975): setModemActivityInfo
11-20 20:01:16.939 D/WirelessInsightServiceImpl( 1975): setModemActivityInfo
11-20 20:01:16.939 D/FbSideCarManager( 1975): setModemActivityInfoInternal success
11-20 20:01:16.939 D/PhoneInterfaceManager( 1975): setModemActivityInfo: success.
11-20 20:01:16.939 D/WirelessInsightServiceImpl( 1975): notifyListeners: listeners = 0, modemActivityInfo = ModemActivityInfo{ mTimestamp=101621099 mSleepTimeMs=63979395 mIdleTimeMs=557789 mTransmitPowerInfo[]=[TransmitPower{ mTimeInMillis=1 mPowerRangeInDbm={-2147483648,0}}, TransmitPower{ mTimeInMillis=53708 mPowerRangeInDbm={0,5}}, TransmitPower{ mTimeInMillis=1114368 mPowerRangeInDbm={5,15}}, TransmitPower{ mTimeInMillis=47325 mPowerRangeInDbm={15,20}}, TransmitPower{ mTimeInMillis=1545450 mPowerRangeInDbm={20,2147483647}}] mRxTimeMs=34120737}
11-20 20:01:16.951 E/QMI_FW  (  927): qmi_cci_get_ref: ref count increased 2
11-20 20:01:16.953 E/QMI_FW  (  927): qmi_cci_get_ref: ref count increased 2
11-20 20:01:16.960 E/QMI_FW  ( 1113): qmi_cci_get_ref: ref count increased 2
11-20 20:01:16.960 E/QMI_FW  ( 1113): qmi_cci_get_ref: ref count increased 2
11-20 20:01:16.994 E/QMI_FW  ( 1113): qmi_cci_get_ref: ref count increased 2
11-20 20:01:17.006 D/DeviceAuthenticator(13575): Calling DeviceAuth.authenticate()
11-20 20:01:17.014 E/QMI_FW  ( 1113): qmi_cci_get_ref: ref count increased 2
11-20 20:01:17.022 E/DeviceCertService(  541): This device *might* have a provisioning issue. Please run `maui provision check` to verify.
11-20 20:01:17.022 E/DeviceCertService(  541): See https://fburl.com/wiki/a9hho0p9 for more information.
11-20 20:01:17.022 E/DeviceCertService(  541): Could not access certificate file '/mnt/vendor/persist/certificates/device_identityinsecure.crt', error 2: No such file or directory
11-20 20:01:17.022 E/QMI_FW  ( 1113): qmi_cci_get_ref: ref count increased 2
11-20 20:01:17.025 E/QMI_FW  ( 1113): qmi_cci_get_ref: ref count increased 2
11-20 20:01:17.033 I/chatty  ( 1113): uid=1001(radio) main identical 5 lines
11-20 20:01:17.034 E/QMI_FW  ( 1113): qmi_cci_get_ref: ref count increased 2
11-20 20:01:17.036 E/QMI_FW  ( 1113): qmi_cci_get_ref: ref count increased 2
11-20 20:01:17.058 I/chatty  ( 1113): uid=1001(radio) main identical 6 lines
11-20 20:01:17.060 E/QMI_FW  ( 1113): qmi_cci_get_ref: ref count increased 2
11-20 20:01:17.064 E/DeviceAuthenticator(13575): ERROR: java.lang.RuntimeException: devicecert returned error FILESYSTEM_ERROR
11-20 20:01:17.064 E/DeviceAuthenticator(13575): 
11-20 20:01:17.064 E/DeviceAuthenticator(13575): com.facebook.mos.sdk.devicecert.DeviceIdentityException: java.lang.RuntimeException: devicecert returned error FILESYSTEM_ERROR
11-20 20:01:17.064 E/DeviceAuthenticator(13575): 
11-20 20:01:17.286 I/Nat464Xlat( 1194): Android Xlat is disabled
11-20 20:01:17.289 D/QCNEJ/WlanStaInfoRelay( 1900): Received action: android.net.wifi.LINK_CONFIGURATION_CHANGED
11-20 20:01:17.289 E/QCNEJ/WlanStaInfoRelay( 1900): update link properties given null lp
11-20 20:01:17.361 D/QCNEJ/NativeHalConnector( 1900): -> SND notifyWifiAvailable(v4Connected = truev6Connected = , false, isAndroidValidated = true)
11-20 20:01:17.521 D/mcu_health_checker(  946): Sent MCU Health Request
11-20 20:01:17.286 I/Nat464Xlat( 1194): Android Xlat is disabled
11-20 20:01:17.522 D/commandrouter( 1117): SocServiceHandle::onServiceMessage, SoC Service = mcu_healthcheck_946, appType = 1, type = SVC_REQ, clientId = 0, token = 1692, payloadLen = 20, result = 0, payload.size() = 20
11-20 20:01:17.526 D/commandrouter( 1117): mcu_healthcheck_946 (1, merlot:mcu_health:control): <ServiceResponse> FORWARDED (remote -> local) CR token ID = 1692, service client ID = 6, token ID = 60771, result = 0
11-20 20:01:17.527 D/mcu_health_checker(  946): MCU Health Response: MCU_OK
11-20 20:01:17.527 D/mcu_health_checker(  946): MCU Session 0, uptime = 101587724 ms
11-20 20:01:17.527 D/mcu_health_checker(  946): mSensorErrs[0]: 0
11-20 20:01:17.527 D/mcu_health_checker(  946): mSensorErrs[1]: 0
11-20 20:01:17.527 D/mcu_health_checker(  946): mSensorErrs[2]: 0
11-20 20:01:17.961 W/HWComposer(  577): Ignoring duplicate VSYNC event from HWC for display 0 (t=101622121806024)
11-20 20:01:18.811 E/QMI_FW  ( 1113): qmi_cci_get_ref: ref count increased 2
11-20 20:01:18.812 E/QMI_FW  ( 1113): qmi_cci_get_ref: ref count increased 2
11-20 20:01:18.823 I/WearableConnectivityManager( 5465): LTE Signal strength is: 1
11-20 20:01:18.824 I/WearableConnectivityManager( 5465): Cellular Signal strength is: 1
11-20 20:01:18.824 D/RadioLinkQualityScoreBuilder( 1975): scoreRsrp: 2scoreRsrq: 2scoreRssnr: 3
11-20 20:01:18.825 D/WirelessInsightServiceImpl( 1975): onSignalStrengthsChanged: SignalStrength = SignalStrength:{mCdma=CellSignalStrengthCdma: cdmaDbm=2147483647 cdmaEcio=2147483647 evdoDbm=2147483647 evdoEcio=2147483647 evdoSnr=2147483647 level=0,mGsm=CellSignalStrengthGsm: rssi=2147483647 ber=2147483647 mTa=2147483647 mLevel=0,mWcdma=CellSignalStrengthWcdma: ss=2147483647 ber=2147483647 rscp=2147483647 ecno=2147483647 level=0,mTdscdma=CellSignalStrengthTdscdma: rssi=2147483647 ber=2147483647 rscp=2147483647 level=0,mLte=CellSignalStrengthLte: rssi=-81 rsrp=-114 rsrq=-14 rssnr=7 cqi=2147483647 ta=2147483647 level=1 parametersUseForLevel=0,mNr=CellSignalStrengthNr:{ csiRsrp = 2147483647 csiRsrq = 2147483647 csiSinr = 2147483647 ssRsrp = 2147483647 ssRsrq = 2147483647 ssSinr = 2147483647 level = 0 parametersUseForLevel = 0 },primary=CellSignalStrengthLte}
11-20 20:01:18.825 D/WirelessInsightServiceImpl( 1975): Score: 2
11-20 20:01:18.825 D/WirelessInsightServiceImpl( 1975): notifyListeners: listeners = 0, score = 2
11-20 20:01:19.070 D/WearableConnectivityManager( 5465): onWifiStrengthChange: -37
11-20 20:01:19.072 D/QCNEJ/WlanStaInfoRelay( 1900): Received action: android.net.wifi.RSSI_CHANGED
11-20 20:01:19.084 V/LigerRadioStatsReporter( 2384): onCapabilitiesChanged: Network capabilities changed
11-20 20:01:19.084 V/LigerRadioStatsReporter( 2384): reportAndCheckpointRadioStats
11-20 20:01:19.085 V/LigerRadioStatsReporter( 2384): +++++++++++ RADIO STATS DUMP +++++++++++
11-20 20:01:19.085 V/LigerRadioStatsReporter( 2384): totalActiveRadioTimeMs=0
11-20 20:01:19.085 V/LigerRadioStatsReporter( 2384): totalTailRadioTimeMs=13995
11-20 20:01:19.085 V/LigerRadioStatsReporter( 2384): totalWakeupCount=0
11-20 20:01:19.085 V/LigerRadioStatsReporter( 2384): httpUpBytes=0
11-20 20:01:19.085 V/LigerRadioStatsReporter( 2384): httpDownBytes=0
11-20 20:01:19.085 V/LigerRadioStatsReporter( 2384): httpWakeupCount=0
11-20 20:01:19.085 V/LigerRadioStatsReporter( 2384): httpRequestCount=0
11-20 20:01:19.085 V/LigerRadioStatsReporter( 2384): httpActiveRadioTimeMs=0
11-20 20:01:19.085 V/LigerRadioStatsReporter( 2384): httpTailRadioTimeMs=13995
11-20 20:01:19.085 V/LigerRadioStatsReporter( 2384): reportAndCheckpointRadioStats: Tx=0
11-20 20:01:19.085 V/LigerRadioStatsReporter( 2384): reportAndCheckpointRadioStats: Rx=0
11-20 20:01:19.085 V/LigerRadioStatsReporter( 2384): reportAndCheckpointRadioStats: Uids=10028
11-20 20:01:19.085 V/LigerRadioStatsReporter( 2384): reportAndCheckpointRadioStats: Tags=null
11-20 20:01:20.086 E/QMI_FW  ( 1113): qmi_cci_get_ref: ref count increased 2
11-20 20:01:20.088 E/QMI_FW  ( 1113): qmi_cci_get_ref: ref count increased 2
11-20 20:01:20.099 I/WearableConnectivityManager( 5465): LTE Signal strength is: 1
11-20 20:01:20.100 I/WearableConnectivityManager( 5465): Cellular Signal strength is: 1
11-20 20:01:20.100 D/RadioLinkQualityScoreBuilder( 1975): scoreRsrp: 2scoreRsrq: 2scoreRssnr: 2
11-20 20:01:22.464 D/commandrouter( 1117): rtc_sync (1, rtc:sync): <ServiceRequest> FORWARDED (remote -> local) service client ID = 0, token ID = 42926
11-20 20:01:22.464 D/vendor.facebook.rtc_sync@1.0-service( 1129): Request req_ts=1637438482465517963 resp_ts=1637438482464655042
11-20 20:01:22.465 D/commandrouter( 1117): SocServiceHandle::onServiceMessage, SoC Service = rtc_sync, appType = 1, type = SVC_RESP, clientId = 0, token = 42926, payloadLen = 8, result = 0, payload.size() = 8
11-20 20:01:22.740 E/QMI_FW  ( 1113): qmi_cci_get_ref: ref count increased 2
11-20 20:01:22.741 E/QMI_FW  ( 1113): qmi_cci_get_ref: ref count increased 2
11-20 20:01:22.741 E/QMI_FW  ( 1113): qmi_cci_get_ref: ref count increased 2
11-20 20:01:31.074 E/QMI_FW  ( 1113): qmi_cci_get_ref: ref count increased 2
11-20 20:01:31.075 E/QMI_FW  ( 1113): qmi_cci_get_ref: ref count increased 2
11-20 20:01:31.088 I/WearableConnectivityManager( 5465): LTE Signal strength is: 1
11-20 20:01:31.088 I/WearableConnectivityManager( 5465): Cellular Signal strength is: 1
11-20 20:01:31.089 D/RadioLinkQualityScoreBuilder( 1975): scoreRsrp: 2scoreRsrq: 2scoreRssnr: 3
11-20 20:01:32.456 D/commandrouter( 1117): rtc_sync (1, rtc:sync): <ServiceRequest> FORWARDED (remote -> local) service client ID = 0, token ID = 42927
11-20 20:01:32.456 D/vendor.facebook.rtc_sync@1.0-service( 1129): Request req_ts=1637438492456655042 resp_ts=1637438492456295559
11-20 20:01:32.456 D/commandrouter( 1117): SocServiceHandle::onServiceMessage, SoC Service = rtc_sync, appType = 1, type = SVC_RESP, clientId = 0, token = 42927, payloadLen = 8, result = 0, payload.size() = 8
11-20 20:01:34.326 I/chatty  ( 1194): uid=1000(system) WifiScanningSer expire 2 lines
11-20 20:01:34.327 I/chatty  ( 1024): uid=1021(gps) lowi-server expire 211 lines
11-20 20:01:34.328 V/WifiHAL (  539): event received NL80211_CMD_TRIGGER_SCAN
11-20 20:01:34.451 V/WifiHAL (  539): event received NL80211_CMD_NEW_SCAN_RESULTS
11-20 20:01:34.451 I/chatty  ( 1194): uid=1000(system) Binder:1194_13 expire 5 lines
11-20 20:01:34.472 I/chatty  ( 1024): uid=1021(gps) lowi-server expire 7 lines
11-20 20:01:35.616 D/UIAutomatorStub(26720): URI: /jsonrpc/0, Method: POST, Header: {content-length=102, remote-addr=127.0.0.1, http-client-ip=127.0.0.1, host=localhost:9010, content-type=application/json, accept-encoding=identity}, params, {NanoHttpd.QUERY_STRING=null}, files: {postData={"jsonrpc": "2.0", "method": "pressKey", "id": "d60c2afb661b22f8c647ee0af5829087", "params": ["back"]}}
11-20 20:01:35.644 W/HWComposer(  577): Ignoring duplicate VSYNC event from HWC for display 0 (t=101639805147268)
11-20 20:01:35.648 D/AutofillManagerService( 1194): onBackKeyPressed()
11-20 20:01:35.697 D/UIAutomatorStub(26720): URI: /jsonrpc/0, Method: POST, Header: {content-length=102, remote-addr=127.0.0.1, http-client-ip=127.0.0.1, host=localhost:9010, content-type=application/json, accept-encoding=identity}, params, {NanoHttpd.QUERY_STRING=null}, files: {postData={"jsonrpc": "2.0", "method": "pressKey", "id": "4718456353aa280123b141c10d5e09e7", "params": ["back"]}}
11-20 20:01:36.219 I/vendor.rmt_storage(  581): rmt_storage_connect_cb: clnt_h=0xa2 conn_h=0x93f2d030
11-20 20:01:36.219 I/vendor.rmt_storage(  581): rmt_storage_rw_iovec_cb: /boot/modem_fs1: req_h=0xa2 msg_id=3: R/W request received (wr_count 154)
11-20 20:01:36.219 I/vendor.rmt_storage(  581): wakelock acquired: 1, error no: 11
11-20 20:01:36.219 I/vendor.rmt_storage(  581): rmt_storage_client_thread: /boot/modem_fs1: Unblock worker thread (th_id: -1825062464)
11-20 20:01:36.254 D/UIAutomatorStub(26720): URI: /jsonrpc/0, Method: POST, Header: {content-length=102, remote-addr=127.0.0.1, http-client-ip=127.0.0.1, host=localhost:9010, content-type=application/json, accept-encoding=identity}, params, {NanoHttpd.QUERY_STRING=null}, files: {postData={"jsonrpc": "2.0", "method": "pressKey", "id": "78731713ccb820044bf59f75cc384406", "params": ["back"]}}
11-20 20:01:36.301 I/vendor.rmt_storage(  581): rmt_storage_client_thread: /boot/modem_fs1: req_h=0xa2 msg_id=3: Bytes written = 1572864, wr_count 154
11-20 20:01:36.301 I/vendor.rmt_storage(  581): rmt_storage_client_thread: /boot/modem_fs1: req_h=0xa2 msg_id=3: Send response: res=0 err=0, wr_count 154
11-20 20:01:36.301 I/vendor.rmt_storage(  581): rmt_storage_client_thread: /boot/modem_fs1: About to block rmt_storage client thread (th_id: -1825062464) wakelock released: 1, error no: 22
11-20 20:01:36.301 I/vendor.rmt_storage(  581): 
11-20 20:01:36.304 I/vendor.rmt_storage(  581): rmt_storage_disconnect_cb: clnt_h=0xa2 conn_h=0x93f2d030
11-20 20:01:36.725 I/chatty  ( 1194): uid=1000(system) Binder:1194_10 expire 15 lines
11-20 20:01:36.744 I/chatty  ( 1194): uid=1000 system_server expire 1 line
11-20 20:01:36.760 D/ComplicationController( 5465): Starting complication controller. Face Type: OdysseyWatchFace
11-20 20:01:36.761 D/ComplicationDataManagerImpl( 5465): Updating complication data for package: com.facebook.wearable.apps.heart, id: com.facebook.wearable.apps.heart.HEART_RATE
11-20 20:01:36.761 D/ComplicationDataManagerImpl( 5465): Updating complication data for package: com.facebook.wearable.apps.calendar, id: com.facebook.wearable.apps.calendar.SHORTCUT_COMPLICATION
11-20 20:01:36.761 D/ComplicationDataManagerImpl( 5465): Updating complication data for package: com.facebook.wearable.apps.clock, id: com.facebook.wearable.apps.clock.SHORTCUT_COMPLICATION
11-20 20:01:36.761 D/ComplicationDataManagerImpl( 5465): Updating complication data for package: com.facebook.wearable.apps.weather, id: com.facebook.wearable.apps.weather.SHORTCUT_COMPLICATION
11-20 20:01:36.761 D/ComplicationDataManagerImpl( 5465): Updating complication data for package: com.facebook.wearable.apps.gallery, id: com.facebook.wearable.apps.gallery.SHORTCUT_COMPLICATION
11-20 20:01:36.761 D/ComplicationDataManagerImpl( 5465): Updating complication data for package: com.facebook.wearable.apps.workout, id: com.facebook.wearable.apps.workout.SHORTCUT_COMPLICATION
11-20 20:01:36.761 D/ComplicationDataManagerImpl( 5465): Updating complication data for package: com.facebook.wearable.apps.player, id: com.facebook.wearable.apps.player.SHORTCUT_COMPLICATION
11-20 20:01:36.767 E/DayDateSystemComplicationProvider( 5465): Updating Day Date System Complication
11-20 20:01:36.768 D/ComplicationDataManagerImpl( 5465): Updating complication data for package: com.facebook.wearable.apps.calendar, id: com.facebook.wearable.apps.calendar.DAY_DATE_COMPLICATION
11-20 20:01:36.772 D/ComplicationDataManagerImpl( 5465): Fetching complication data for package: com.facebook.wearable.apps.calendar, com.facebook.wearable.apps.calendar.DAY_DATE_COMPLICATION.
11-20 20:01:36.773 D/ComplicationDataManagerImpl( 5465): Fetching complication data for package: com.facebook.wearable.apps.player, com.facebook.wearable.apps.player.SHORTCUT_COMPLICATION.
11-20 20:01:36.773 D/ComplicationDataManagerImpl( 5465): Fetching complication data for package: com.facebook.wearable.apps.gallery, com.facebook.wearable.apps.gallery.SHORTCUT_COMPLICATION.
11-20 20:01:36.774 D/ComplicationDataManagerImpl( 5465): Fetching complication data for package: com.facebook.wearable.apps.heart, com.facebook.wearable.apps.heart.HEART_RATE.
11-20 20:01:36.786 D/LauncherActivity( 5465): onResume: Intent { cat=[android.intent.category.HOME] flg=0x10000100 cmp=com.facebook.wearable.system.launcher/.LauncherActivity }
11-20 20:01:36.787 D/LauncherIntentProcessor( 5465): processLauncherActivityIntent: Intent { cat=[android.intent.category.HOME] flg=0x10000100 cmp=com.facebook.wearable.system.launcher/.LauncherActivity }
11-20 20:01:36.810 D/FacebookRepository( 5465): Reading from Store [250223709649332]
11-20 20:01:36.840 I/chatty  ( 1194): uid=1000(system) ActivityManager expire 15 lines
11-20 20:01:37.172 D/UIAutomatorStub(26720): URI: /jsonrpc/0, Method: POST, Header: {content-length=102, remote-addr=127.0.0.1, http-client-ip=127.0.0.1, host=localhost:9010, content-type=application/json, accept-encoding=identity}, params, {NanoHttpd.QUERY_STRING=null}, files: {postData={"jsonrpc": "2.0", "method": "pressKey", "id": "fb2b45c786b42fcd64e8f48620d0c599", "params": ["back"]}}
11-20 20:01:37.338 E/ANDR-PERF-OPTSHANDLER(  557): perf_lock_rel: failed for /sys/class/kgsl/kgsl-3d0/min_pwrlevel as previous value is not stored
11-20 20:01:37.339 E/ANDR-PERF-RESOURCEQS(  557): Failed to reset optimization [3, 0]
11-20 20:01:37.924 D/LauncherActivity( 5465): onKeyUp() called with keycode:4, event: KeyEvent { action=ACTION_UP, keyCode=KEYCODE_BACK, scanCode=0, metaState=0, flags=0x200, repeatCount=0, eventTime=101642065, downTime=101642065, deviceId=-1, source=0x101, displayId=-1 }
