11-20 12:35:56.502 E/AccountsViewModel(26117): 	at com.facebook.wearable.common.accounts.WearableAccountsKt$fb$1.invoke(:9)
11-20 12:35:56.502 E/AccountsViewModel(26117): 	at com.facebook.wearable.common.coroutines.lazy.LazyAsync.get(:101)
11-20 12:35:56.502 E/AccountsViewModel(26117): 	at kotlin.coroutines.jvm.internal.BaseContinuationImpl.invokeSuspend(:96596)
11-20 12:35:56.502 E/AccountsViewModel(26117): 	at com.facebook.wearable.system.settings.accounts.AccountsViewModel$wearableAccountFlow$1.invoke(:11)
11-20 12:35:56.502 E/AccountsViewModel(26117): 	at kotlinx.coroutines.flow.AbstractFlow.collect$rvp0$0(:72)
11-20 12:35:56.502 E/AccountsViewModel(26117): 	at kotlin.coroutines.jvm.internal.BaseContinuationImpl.invokeSuspend(:95417)
11-20 12:35:56.502 E/AccountsViewModel(26117): 	at kotlinx.coroutines.flow.FlowKt__ShareKt$launchSharing$1$2.invoke(Unknown Source:10)
11-20 12:35:56.502 E/AccountsViewModel(26117): 	at kotlin.coroutines.jvm.internal.BaseContinuationImpl.invokeSuspend(:96715)
11-20 12:35:56.502 E/AccountsViewModel(26117): 	at kotlinx.coroutines.flow.FlowKt__MergeKt$mapLatest$1.invoke(Unknown Source:15)
11-20 12:35:56.502 E/AccountsViewModel(26117): 	at kotlin.coroutines.jvm.internal.BaseContinuationImpl.invokeSuspend(:96820)
11-20 12:35:56.502 E/AccountsViewModel(26117): 	at kotlinx.coroutines.flow.internal.ChannelFlowTransformLatest$flowCollect$3$1$2.invoke(Unknown Source:10)
11-20 12:35:56.502 E/AccountsViewModel(26117): 	at kotlinx.coroutines.CoroutineStart.invoke(:32)
11-20 12:35:56.502 E/AccountsViewModel(26117): 	at kotlinx.coroutines.BuildersKt__Builders_commonKt.launch(:15)
11-20 12:35:56.502 E/AccountsViewModel(26117): 	at kotlinx.coroutines.flow.internal.ChannelFlowTransformLatest$flowCollect$3$invokeSuspend$$inlined$collect$1.emit(:56)
11-20 12:35:56.502 E/AccountsViewModel(26117): 	at kotlinx.coroutines.flow.DistinctFlowImpl$collect$$inlined$collect$1.emit(:74)
11-20 12:35:56.502 E/AccountsViewModel(26117): 	at kotlinx.coroutines.flow.FlowKt__LimitKt$dropWhile$lambda-4$$inlined$collect$1.emit(:114)
11-20 12:35:56.502 E/AccountsViewModel(26117): 	at kotlinx.coroutines.flow.FlowKt__ChannelsKt.emitAllImpl$FlowKt__ChannelsKt(:123)
11-20 12:35:56.502 E/AccountsViewModel(26117): 	at kotlin.coroutines.jvm.internal.BaseContinuationImpl.invokeSuspend(:96917)
11-20 12:35:56.502 E/AccountsViewModel(26117): 	at kotlin.coroutines.jvm.internal.BaseContinuationImpl.resumeWith(:5)
11-20 12:35:56.502 E/AccountsViewModel(26117): 	at kotlinx.coroutines.DispatchedTask.run(:131)
11-20 12:35:56.502 E/AccountsViewModel(26117): 	at java.util.concurrent.Executors$RunnableAdapter.call(Executors.java:462)
11-20 12:35:56.502 E/AccountsViewModel(26117): 	at java.util.concurrent.FutureTask.run(FutureTask.java:266)
11-20 12:35:56.502 E/AccountsViewModel(26117): 	at com.facebook.wearable.common.executors.DelayedFutureTask.run(:22)
11-20 12:35:56.502 E/AccountsViewModel(26117): 	at java.util.concurrent.ThreadPoolExecutor.runWorker(ThreadPoolExecutor.java:1167)
11-20 12:35:56.502 E/AccountsViewModel(26117): 	at java.util.concurrent.ThreadPoolExecutor$Worker.run(ThreadPoolExecutor.java:641)
11-20 12:35:56.502 E/AccountsViewModel(26117): 	at com.facebook.wearable.common.executors.NamedThreadFactory$1.run(:7)
11-20 12:35:56.797 D/ComplicationController( 4420): Stopping complication controller.
11-20 12:35:56.808 D/ComplicationDataManagerImpl( 4420): Fetching complication data for package: com.facebook.wearable.apps.calendar, com.facebook.wearable.apps.calendar.DAY_DATE_COMPLICATION.
11-20 12:35:56.808 D/ComplicationDataManagerImpl( 4420): Fetching complication data for package: com.facebook.wearable.apps.player, com.facebook.wearable.apps.player.SHORTCUT_COMPLICATION.
11-20 12:35:56.808 D/ComplicationDataManagerImpl( 4420): Fetching complication data for package: com.facebook.wearable.apps.gallery, com.facebook.wearable.apps.gallery.SHORTCUT_COMPLICATION.
11-20 12:35:56.808 D/ComplicationDataManagerImpl( 4420): Fetching complication data for package: com.facebook.wearable.apps.heart, com.facebook.wearable.apps.heart.HEART_RATE.
11-20 12:35:57.348 D/UIAutomatorStub(26556): URI: /jsonrpc/0, Method: POST, Header: {content-length=192, remote-addr=127.0.0.1, http-client-ip=127.0.0.1, host=localhost:9010, content-type=application/json, accept-encoding=identity}, params, {NanoHttpd.QUERY_STRING=null}, files: {postData={"jsonrpc": "2.0", "method": "waitForExists", "id": "2767d85c929fe1fe396b314abb740f8a", "params": [{"mask": 1, "childOrSibling": [], "childOrSiblingSelector": [], "text": "Notifications"}, 5]}}
11-20 12:35:57.383 D/UIAutomatorStub(26556): URI: /jsonrpc/0, Method: POST, Header: {content-length=191, remote-addr=127.0.0.1, http-client-ip=127.0.0.1, host=localhost:9010, content-type=application/json, accept-encoding=identity}, params, {NanoHttpd.QUERY_STRING=null}, files: {postData={"jsonrpc": "2.0", "method": "waitForExists", "id": "f44cb141afc701eaa2166695758a8451", "params": [{"mask": 1, "childOrSibling": [], "childOrSiblingSelector": [], "text": "Connectivity"}, 5]}}
11-20 12:35:57.448 D/UIAutomatorStub(26556): URI: /jsonrpc/0, Method: POST, Header: {content-length=180, remote-addr=127.0.0.1, http-client-ip=127.0.0.1, host=localhost:9010, content-type=application/json, accept-encoding=identity}, params, {NanoHttpd.QUERY_STRING=null}, files: {postData={"jsonrpc": "2.0", "method": "click", "id": "9dfb45356de477a42e64ed102040f22f", "params": [{"mask": 1, "childOrSibling": [], "childOrSiblingSelector": [], "text": "Connectivity"}]}}
11-20 12:35:57.495 E/ANDR-PERF-OPTSHANDLER(  557): Unable to find the correct node storage pointers for                   resource index=16, node path=/proc/sys/kernel/sched_upmigrate
11-20 12:35:57.495 E/ANDR-PERF-RESOURCEQS(  557): Failed to reset optimization [3, 7]
11-20 12:35:57.495 E/ANDR-PERF-OPTSHANDLER(  557): Unable to find the correct node storage pointers for                   resource index=17, node path=/proc/sys/kernel/sched_downmigrate
11-20 12:35:57.496 E/ANDR-PERF-RESOURCEQS(  557): Failed to reset optimization [3, 8]
11-20 12:35:57.496 E/ANDR-PERF-OPTSHANDLER(  557): Perflock resource /sys/module/lpm_levels/parameters/bias_hyst not supported
11-20 12:35:57.496 E/ANDR-PERF-RESOURCEQS(  557): Failed to reset optimization [1, 2]
11-20 12:35:57.496 E/ANDR-PERF-OPTSHANDLER(  557): Perflock resource /proc/sys/kernel/sched_group_upmigrate not supported
11-20 12:35:57.496 E/ANDR-PERF-RESOURCEQS(  557): Failed to reset optimization [3, 21]
11-20 12:35:57.496 E/ANDR-PERF-OPTSHANDLER(  557): Perflock resource /proc/sys/kernel/sched_group_downmigrate not supported
11-20 12:35:57.496 E/ANDR-PERF-RESOURCEQS(  557): Failed to reset optimization [3, 22]
11-20 12:35:57.534 W/StatusBarClientConnection(26117): Messenger is null, ignoring message: { when=-20h48m23s797ms barrier=1 }
11-20 12:35:57.539 E/QMI_FW  ( 1113): qmi_cci_get_ref: ref count increased 2
11-20 12:35:57.540 E/QMI_FW  ( 1113): qmi_cci_get_ref: ref count increased 2
11-20 12:35:57.551 D/RadioLinkQualityScoreBuilder( 1975): scoreRsrp: 2scoreRsrq: 1scoreRssnr: 2
11-20 12:35:57.551 I/WearableConnectivityManager( 4420): LTE Signal strength is: 1
11-20 12:35:57.551 I/WearableConnectivityManager( 4420): Cellular Signal strength is: 1
11-20 12:35:57.552 D/WirelessInsightServiceImpl( 1975): onSignalStrengthsChanged: SignalStrength = SignalStrength:{mCdma=CellSignalStrengthCdma: cdmaDbm=2147483647 cdmaEcio=2147483647 evdoDbm=2147483647 evdoEcio=2147483647 evdoSnr=2147483647 level=0,mGsm=CellSignalStrengthGsm: rssi=2147483647 ber=2147483647 mTa=2147483647 mLevel=0,mWcdma=CellSignalStrengthWcdma: ss=2147483647 ber=2147483647 rscp=2147483647 ecno=2147483647 level=0,mTdscdma=CellSignalStrengthTdscdma: rssi=2147483647 ber=2147483647 rscp=2147483647 level=0,mLte=CellSignalStrengthLte: rssi=-77 rsrp=-113 rsrq=-16 rssnr=1 cqi=2147483647 ta=2147483647 level=1 parametersUseForLevel=0,mNr=CellSignalStrengthNr:{ csiRsrp = 2147483647 csiRsrq = 2147483647 csiSinr = 2147483647 ssRsrp = 2147483647 ssRsrq = 2147483647 ssSinr = 2147483647 level = 0 parametersUseForLevel = 0 },primary=CellSignalStrengthLte}
11-20 12:35:57.552 D/WirelessInsightServiceImpl( 1975): Score: 1
11-20 12:35:57.552 D/WirelessInsightServiceImpl( 1975): notifyListeners: listeners = 0, score = 1
11-20 12:35:57.562 E/StatusBarClientConnection(26117): Service connected
11-20 12:35:57.592 W/View    (26117): requestLayout() improperly called by android.view.View{85dbf3 V.ED..... ......I. 0,368-474,474} during layout: running second layout pass
11-20 12:35:57.610 W/View    (26117): requestLayout() improperly called by com.facebook.wearable.common.wds.listview.WdsListView{76b1381 V.E..V... ........ 0,0-474,474} during second layout pass: posting in next frame
11-20 12:35:58.292 E/ANDR-PERF-OPTSHANDLER(  557): perf_lock_rel: failed for /proc/sys/vm/swap_ratio as previous value is not stored
11-20 12:35:58.292 E/ANDR-PERF-OPTSHANDLER(  557): perf_lock_rel: failed for /sys/class/kgsl/kgsl-3d0/min_pwrlevel as previous value is not stored
11-20 12:35:58.293 E/ANDR-PERF-RESOURCEQS(  557): Failed to reset optimization [3, 0]
11-20 12:35:59.011 E/TaskPersister( 1194): File error accessing recents directory (directory doesn't exist?).
11-20 12:35:59.869 D/commandrouter( 1117): rtc_sync (1, rtc:sync): <ServiceRequest> FORWARDED (remote -> local) service client ID = 0, token ID = 40254
11-20 12:35:59.869 D/vendor.facebook.rtc_sync@1.0-service( 1129): Request req_ts=1637411759860167168 resp_ts=1637411759869296226
11-20 12:35:59.869 D/commandrouter( 1117): SocServiceHandle::onServiceMessage, SoC Service = rtc_sync, appType = 1, type = SVC_RESP, clientId = 0, token = 40254, payloadLen = 8, result = 0, payload.size() = 8
11-20 12:36:00.003 D/KeyguardUpdateMonitor( 1753): received broadcast android.intent.action.TIME_TICK
11-20 12:36:00.003 D/KeyguardUpdateMonitor( 1753): handleTimeUpdate
11-20 12:36:00.581 D/UIAutomatorStub(26556): URI: /jsonrpc/0, Method: POST, Header: {content-length=183, remote-addr=127.0.0.1, http-client-ip=127.0.0.1, host=localhost:9010, content-type=application/json, accept-encoding=identity}, params, {NanoHttpd.QUERY_STRING=null}, files: {postData={"jsonrpc": "2.0", "method": "waitForExists", "id": "e68596575c7d0b40c8f142acbff800c5", "params": [{"mask": 1, "childOrSibling": [], "childOrSiblingSelector": [], "text": "WiFi"}, 5]}}
11-20 12:36:00.615 D/UIAutomatorStub(26556): URI: /jsonrpc/0, Method: POST, Header: {content-length=172, remote-addr=127.0.0.1, http-client-ip=127.0.0.1, host=localhost:9010, content-type=application/json, accept-encoding=identity}, params, {NanoHttpd.QUERY_STRING=null}, files: {postData={"jsonrpc": "2.0", "method": "click", "id": "8561a57f1616c01f272640568fe96b83", "params": [{"mask": 1, "childOrSibling": [], "childOrSiblingSelector": [], "text": "WiFi"}]}}
11-20 12:36:00.713 W/StatusBarClientConnection(26117): Messenger is null, ignoring message: { when=-20h48m26s976ms barrier=1 }
11-20 12:36:00.737 D/CompatibilityInfo( 1194): applicationScale - 1.0
11-20 12:36:00.746 E/StatusBarClientConnection(26117): Service connected
11-20 12:36:00.747 D/WifiConnector( 2841): Network State Changed
11-20 12:36:00.756 W/View    (26117): requestLayout() improperly called by android.view.View{6f1301b V.ED..... ......I. 0,368-474,474} during layout: running second layout pass
11-20 12:36:00.761 D/WifiSharingService( 2841): Starting Wi-Fi scan
11-20 12:36:00.761 I/WifiService( 1194): startScan uid=1000
11-20 12:36:00.770 W/View    (26117): requestLayout() improperly called by com.facebook.wearable.common.wds.listview.WdsListView{6e814be V.E..V... ........ 0,0-474,474} during second layout pass: posting in next frame
11-20 12:36:00.774 D/WifiNative( 1194): Scan trigered from WifiNative
11-20 12:36:00.774 I/chatty  ( 1024): uid=1021(gps) lowi-server expire 77 lines
11-20 12:36:00.775 V/WifiHAL (  539): event received NL80211_CMD_TRIGGER_SCAN
11-20 12:36:01.289 D/WifiNl80211Manager( 1194): Scan result ready event
11-20 12:36:01.289 D/WifiNative( 1194): Scan result ready event
11-20 12:36:01.289 V/WifiHAL (  539): event received NL80211_CMD_NEW_SCAN_RESULTS
11-20 12:36:01.294 D/LOWI-9.0.0.80( 1024): [LOWI-Scan] print_bss_handler: Report Probe TSF 74907551545 as it greater than Beacon TSF 73893313762
11-20 12:36:01.294 I/LOWI-9.0.0.80( 1024): [LOWI-Scan] RSN_IE
11-20 12:36:01.294 D/LOWI-9.0.0.80( 1024): [LOWI-Scan] decode_rsn_wpa_ie: Entered
11-20 12:36:01.294 D/LOWI-9.0.0.80( 1024): [LOWIUtils] hexDump: msg(30 14 01 00 00 0f ac 04 01 00 00 0f ac 04 01 00 00 0f ac 02 )
11-20 12:36:01.294 D/LOWI-9.0.0.80( 1024): [LOWI-Scan] decode_rsn_wpa_ie: LOWI_ENCRYPTION_TYPE_WPA_PSK
11-20 12:36:01.294 D/LOWI-9.0.0.80( 1024): [LOWI-Scan] is_qcom_ie, bss_age: 4
11-20 12:36:01.294 D/LOWI-9.0.0.80( 1024): [LOWI-Scan] BSS 2c:57:41:86:90:a1 LOWI_PHY_MODE_11NG_HT20(5), Beacon Interval: 100, LOWI_ENCRYPTION_TYPE_WPA_PSK 11mcRanging: No, ANQP: No, LCI: No, Civic: No, capability(0x1411): ESS Privacy ShortSlotTime
11-20 12:36:01.295 D/LOWI-9.0.0.80( 1024): [LOWI-Scan] BSS 2c:57:41:86:90:a1 FREQ: 2462, cFreq1[40:80:160] = [0:0:0] cFreq2 = 0 Country Code = US
11-20 12:36:01.295 D/LOWI-9.0.0.80( 1024): [LOWI-Scan] BSS 2c:57:41:86:90:a1 (wlan0) ASSO: NO AddInfo: 0x0, TSF 0, 20:48:27.551, RSSI: -142, CPL: 2, AGE: 0,  SSID kittyhawk, TSFDelta: 0x0, TXRate: 0
11-20 12:36:01.295 D/LOWI-9.0.0.80( 1024): [LOWI-Scan] 
11-20 12:36:01.295 D/LOWI-9.0.0.80( 1024): [LOWI-Scan] print_bss_handler: Report Probe TSF 74907551465 as it greater than Beacon TSF 74724990871
11-20 12:36:01.295 I/LOWI-9.0.0.80( 1024): [LOWI-Scan] RSN_IE
11-20 12:36:01.295 D/LOWI-9.0.0.80( 1024): [LOWI-Scan] decode_rsn_wpa_ie: Entered
11-20 12:36:01.295 D/LOWI-9.0.0.80( 1024): [LOWIUtils] hexDump: msg(30 14 01 00 00 0f ac 04 01 00 00 0f ac 04 01 00 00 0f ac 02 )
11-20 12:36:01.295 D/LOWI-9.0.0.80( 1024): [LOWI-Scan] decode_rsn_wpa_ie: LOWI_ENCRYPTION_TYPE_WPA_PSK
11-20 12:36:01.295 D/LOWI-9.0.0.80( 1024): [LOWI-Scan] is_qcom_ie, bss_age: 46
11-20 12:36:01.295 D/LOWI-9.0.0.80( 1024): [LOWI-Scan] BSS be:9e:0e:1c:6e:7f LOWI_PHY_MODE_11AC_VHT20_2G(11), Beacon Interval: 100, LOWI_ENCRYPTION_TYPE_WPA_PSK 11mcRanging: No, ANQP: No, LCI: No, Civic: No, capability(0x1431): ESS Privacy ShortPreamble ShortSlotTime
11-20 12:36:01.295 D/LOWI-9.0.0.80( 1024): [LOWI-Scan] BSS be:9e:0e:1c:6e:7f FREQ: 2412, cFreq1[40:80:160] = [0:0:0] cFreq2 = 0 Country Code =    
11-20 12:36:01.295 D/LOWI-9.0.0.80( 1024): [LOWI-Scan] BSS be:9e:0e:1c:6e:7f (wlan0) ASSO: NO AddInfo: 0x0, TSF 0, 20:48:27.551, RSSI: -122, CPL: 127, AGE: 0,  SSID Pixel_3541, TSFDelta: 0x0, TXRate: 0
11-20 12:36:01.295 D/LOWI-9.0.0.80( 1024): [LOWI-Scan] 
11-20 12:36:01.295 D/LOWI-9.0.0.80( 1024): [LOWI-Scan] print_bss_handler: Report Probe TSF 74907551523 as it greater than Beacon TSF 74158903406
11-20 12:36:01.295 I/LOWI-9.0.0.80( 1024): [LOWI-Scan] RSN_IE
11-20 12:36:01.295 D/LOWI-9.0.0.80( 1024): [LOWI-Scan] decode_rsn_wpa_ie: Entered
11-20 12:36:01.296 D/LOWI-9.0.0.80( 1024): [LOWIUtils] hexDump: msg(30 14 01 00 00 0f ac 04 01 00 00 0f ac 04 01 00 00 0f ac 02 )
11-20 12:36:01.296 D/LOWI-9.0.0.80( 1024): [LOWI-Scan] decode_rsn_wpa_ie: LOWI_ENCRYPTION_TYPE_WPA_PSK
11-20 12:36:01.296 D/LOWI-9.0.0.80( 1024): [LOWI-Scan] is_qcom_ie, bss_age: 46
11-20 12:36:01.296 D/LOWI-9.0.0.80( 1024): [LOWI-Scan] BSS 2c:57:41:88:72:e1 LOWI_PHY_MODE_11NG_HT20(5), Beacon Interval: 100, LOWI_ENCRYPTION_TYPE_WPA_PSK 11mcRanging: No, ANQP: No, LCI: No, Civic: No, capability(0x1411): ESS Privacy ShortSlotTime
11-20 12:36:01.296 D/LOWI-9.0.0.80( 1024): [LOWI-Scan] BSS 2c:57:41:88:72:e1 FREQ: 2412, cFreq1[40:80:160] = [0:0:0] cFreq2 = 0 Country Code = US
11-20 12:36:01.296 D/LOWI-9.0.0.80( 1024): [LOWI-Scan] BSS 2c:57:41:88:72:e1 (wlan0) ASSO: NO AddInfo: 0x0, TSF 0, 20:48:27.551, RSSI: -146, CPL: 3, AGE: 0,  SSID kittyhawk, TSFDelta: 0x0, TXRate: 0
11-20 12:36:01.296 D/LOWI-9.0.0.80( 1024): [LOWI-Scan] 
11-20 12:36:01.296 D/LOWI-9.0.0.80( 1024): [LOWI-Scan] print_bss_handler: Report Probe TSF 74907551349 as it greater than Beacon TSF 74878843368
11-20 12:36:01.296 I/LOWI-9.0.0.80( 1024): [LOWI-Scan] RSN_IE
11-20 12:36:01.296 D/LOWI-9.0.0.80( 1024): [LOWI-Scan] decode_rsn_wpa_ie: Entered
11-20 12:36:01.297 D/LOWI-9.0.0.80( 1024): [LOWIUtils] hexDump: msg(30 14 01 00 00 0f ac 04 01 00 00 0f ac 04 01 00 00 0f ac 02 )
11-20 12:36:01.297 D/LOWI-9.0.0.80( 1024): [LOWI-Scan] decode_rsn_wpa_ie: LOWI_ENCRYPTION_TYPE_WPA_PSK
11-20 12:36:01.297 D/LOWI-9.0.0.80( 1024): [LOWI-Scan] is_qcom_ie, bss_age: 24
11-20 12:36:01.297 D/LOWI-9.0.0.80( 1024): [LOWI-Scan] BSS ce:dc:12:3b:87:fd LOWI_PHY_MODE_11AC_VHT20_2G(11), Beacon Interval: 100, LOWI_ENCRYPTION_TYPE_WPA_PSK 11mcRanging: No, ANQP: Yes, LCI: No, Civic: No, capability(0x1431): ESS Privacy ShortPreamble ShortSlotTime
11-20 12:36:01.297 D/LOWI-9.0.0.80( 1024): [LOWI-Scan] BSS ce:dc:12:3b:87:fd FREQ: 2437, cFreq1[40:80:160] = [0:0:0] cFreq2 = 0 Country Code =    
11-20 12:36:01.297 D/LOWI-9.0.0.80( 1024): [LOWI-Scan] BSS ce:dc:12:3b:87:fd (wlan0) ASSO: NO AddInfo: 0x0, TSF 0, 20:48:27.551, RSSI: -106, CPL: 127, AGE: 0,  SSID Pixel5_R1, TSFDelta: 0x0, TXRate: 0
11-20 12:36:01.298 D/LOWI-9.0.0.80( 1024): [LOWI-Scan] 
11-20 12:36:01.298 D/LOWI-9.0.0.80( 1024): [LOWI-Scan] print_bss_handler: Report Probe TSF 74907551389 as it greater than Beacon TSF 74805610894
11-20 12:36:01.298 I/LOWI-9.0.0.80( 1024): [LOWI-Scan] RSN_IE
11-20 12:36:01.298 D/LOWI-9.0.0.80( 1024): [LOWI-Scan] decode_rsn_wpa_ie: Entered
11-20 12:36:01.298 D/LOWI-9.0.0.80( 1024): [LOWIUtils] hexDump: msg(30 14 01 00 00 0f ac 04 01 00 00 0f ac 04 01 00 00 0f ac 02 )
11-20 12:36:01.298 D/LOWI-9.0.0.80( 1024): [LOWI-Scan] decode_rsn_wpa_ie: LOWI_ENCRYPTION_TYPE_WPA_PSK
11-20 12:36:01.298 D/LOWI-9.0.0.80( 1024): [LOWI-Scan] is_qcom_ie, bss_age: 13
11-20 12:36:01.298 D/LOWI-9.0.0.80( 1024): [LOWI-Scan] BSS fe:2d:5a:49:61:eb LOWI_PHY_MODE_11AC_VHT20_2G(11), Beacon Interval: 100, LOWI_ENCRYPTION_TYPE_WPA_PSK 11mcRanging: No, ANQP: Yes, LCI: No, Civic: No, capability(0x1431): ESS Privacy ShortPreamble ShortSlotTime
11-20 12:36:01.298 D/LOWI-9.0.0.80( 1024): [LOWI-Scan] BSS fe:2d:5a:49:61:eb FREQ: 2452, cFreq1[40:80:160] = [0:0:0] cFreq2 = 0 Country Code =    
11-20 12:36:01.298 D/LOWI-9.0.0.80( 1024): [LOWI-Scan] BSS fe:2d:5a:49:61:eb (wlan0) ASSO: NO AddInfo: 0x0, TSF 0, 20:48:27.551, RSSI: -110, CPL: 127, AGE: 0,  SSID Pixel_R2, TSFDelta: 0x0, TXRate: 0
11-20 12:36:01.299 D/LOWI-9.0.0.80( 1024): [LOWI-Scan] 
11-20 12:36:01.299 D/LOWI-9.0.0.80( 1024): [LOWI-Scan] print_bss_handler: Report Probe TSF 74907551408 as it greater than Beacon TSF 74600541483
11-20 12:36:01.299 I/LOWI-9.0.0.80( 1024): [LOWI-Scan] RSN_IE
11-20 12:36:01.299 D/LOWI-9.0.0.80( 1024): [LOWI-Scan] decode_rsn_wpa_ie: Entered
11-20 12:36:01.299 D/LOWI-9.0.0.80( 1024): [LOWIUtils] hexDump: msg(30 14 01 00 00 0f ac 04 01 00 00 0f ac 04 01 00 00 0f ac 02 )
11-20 12:36:01.299 D/LOWI-9.0.0.80( 1024): [LOWI-Scan] decode_rsn_wpa_ie: LOWI_ENCRYPTION_TYPE_WPA_PSK
11-20 12:36:01.299 D/LOWI-9.0.0.80( 1024): [LOWI-Scan] is_qcom_ie, bss_age: 41
11-20 12:36:01.299 D/LOWI-9.0.0.80( 1024): [LOWI-Scan] BSS 52:b8:14:37:74:3f LOWI_PHY_MODE_11AC_VHT20_2G(11), Beacon Interval: 100, LOWI_ENCRYPTION_TYPE_WPA_PSK 11mcRanging: No, ANQP: No, LCI: No, Civic: No, capability(0x1431): ESS Privacy ShortPreamble ShortSlotTime
11-20 12:36:01.299 D/LOWI-9.0.0.80( 1024): [LOWI-Scan] BSS 52:b8:14:37:74:3f FREQ: 2417, cFreq1[40:80:160] = [0:0:0] cFreq2 = 0 Country Code =    
11-20 12:36:01.299 D/LOWI-9.0.0.80( 1024): [LOWI-Scan] BSS 52:b8:14:37:74:3f (wlan0) ASSO: NO AddInfo: 0x0, TSF 0, 20:48:27.551, RSSI: -104, CPL: 127, AGE: 0,  SSID Pixel_8668, TSFDelta: 0x0, TXRate: 0
11-20 12:36:01.300 D/LOWI-9.0.0.80( 1024): [LOWI-Scan] 
11-20 12:36:01.300 D/LOWI-9.0.0.80( 1024): [LOWI-Scan] print_bss_handler: Report Probe TSF 74907551570 as it greater than Beacon TSF 74651683909
11-20 12:36:01.300 I/LOWI-9.0.0.80( 1024): [LOWI-Scan] RSN_IE
11-20 12:36:01.300 D/LOWI-9.0.0.80( 1024): [LOWI-Scan] decode_rsn_wpa_ie: Entered
11-20 12:36:01.300 D/LOWI-9.0.0.80( 1024): [LOWIUtils] hexDump: msg(30 14 01 00 00 0f ac 04 01 00 00 0f ac 04 01 00 00 0f ac 02 )
11-20 12:36:01.300 D/LOWI-9.0.0.80( 1024): [LOWI-Scan] decode_rsn_wpa_ie: LOWI_ENCRYPTION_TYPE_WPA_PSK
11-20 12:36:01.300 D/LOWI-9.0.0.80( 1024): [LOWI-Scan] is_qcom_ie, bss_age: 23
11-20 12:36:01.300 D/LOWI-9.0.0.80( 1024): [LOWI-Scan] BSS 2c:57:41:89:63:c1 LOWI_PHY_MODE_11NG_HT20(5), Beacon Interval: 100, LOWI_ENCRYPTION_TYPE_WPA_PSK 11mcRanging: No, ANQP: No, LCI: No, Civic: No, capability(0x1411): ESS Privacy ShortSlotTime
11-20 12:36:01.300 D/LOWI-9.0.0.80( 1024): [LOWI-Scan] BSS 2c:57:41:89:63:c1 FREQ: 2437, cFreq1[40:80:160] = [0:0:0] cFreq2 = 0 Country Code = US
11-20 12:36:01.300 D/LOWI-9.0.0.80( 1024): [LOWI-Scan] BSS 2c:57:41:89:63:c1 (wlan0) ASSO: NO AddInfo: 0x0, TSF 0, 20:48:27.551, RSSI: -158, CPL: 2, AGE: 0,  SSID kittyhawk, TSFDelta: 0x0, TXRate: 0
11-20 12:36:01.301 D/LOWI-9.0.0.80( 1024): [LOWI-Scan] 
11-20 12:36:01.301 D/LOWI-9.0.0.80( 1024): [LOWI-Scan] print_bss_handler: Report Probe TSF 74907551617 as it greater than Beacon TSF 74503973273
11-20 12:36:01.301 I/LOWI-9.0.0.80( 1024): [LOWI-Scan] RSN_IE
11-20 12:36:01.301 D/LOWI-9.0.0.80( 1024): [LOWI-Scan] decode_rsn_wpa_ie: Entered
11-20 12:36:01.301 D/LOWI-9.0.0.80( 1024): [LOWIUtils] hexDump: msg(30 14 01 00 00 0f ac 04 01 00 00 0f ac 04 01 00 00 0f ac 02 )
11-20 12:36:01.301 D/LOWI-9.0.0.80( 1024): [LOWI-Scan] decode_rsn_wpa_ie: LOWI_ENCRYPTION_TYPE_WPA_PSK
11-20 12:36:01.301 D/LOWI-9.0.0.80( 1024): [LOWI-Scan] is_qcom_ie, bss_age: 46
11-20 12:36:01.301 D/LOWI-9.0.0.80( 1024): [LOWI-Scan] BSS 2c:57:41:86:7a:61 LOWI_PHY_MODE_11NG_HT20(5), Beacon Interval: 100, LOWI_ENCRYPTION_TYPE_WPA_PSK 11mcRanging: No, ANQP: No, LCI: No, Civic: No, capability(0x1411): ESS Privacy ShortSlotTime
11-20 12:36:01.301 D/LOWI-9.0.0.80( 1024): [LOWI-Scan] BSS 2c:57:41:86:7a:61 FREQ: 2412, cFreq1[40:80:160] = [0:0:0] cFreq2 = 0 Country Code = US
11-20 12:36:01.301 D/LOWI-9.0.0.80( 1024): [LOWI-Scan] BSS 2c:57:41:86:7a:61 (wlan0) ASSO: NO AddInfo: 0x0, TSF 0, 20:48:27.551, RSSI: -154, CPL: 3, AGE: 0,  SSID kittyhawk, TSFDelta: 0x0, TXRate: 0
11-20 12:36:01.302 D/LOWI-9.0.0.80( 1024): [LOWI-Scan] 
11-20 12:36:01.302 D/LOWI-9.0.0.80( 1024): [LOWI-Scan] print_bss_handler: Report beacon TSF 74907551638 as it greater than probe TSF 74878843710
11-20 12:36:01.302 I/LOWI-9.0.0.80( 1024): [LOWI-Scan] RSN_IE
11-20 12:36:01.302 D/LOWI-9.0.0.80( 1024): [LOWI-Scan] decode_rsn_wpa_ie: Entered
11-20 12:36:01.302 D/LOWI-9.0.0.80( 1024): [LOWIUtils] hexDump: msg(30 14 01 00 00 0f ac 04 01 00 00 0f ac 04 01 00 00 0f ac 02 )
11-20 12:36:01.302 D/LOWI-9.0.0.80( 1024): [LOWI-Scan] decode_rsn_wpa_ie: LOWI_ENCRYPTION_TYPE_WPA_PSK
11-20 12:36:01.302 D/LOWI-9.0.0.80( 1024): [LOWI-Scan] is_qcom_ie, bss_age: 5
11-20 12:36:01.302 D/LOWI-9.0.0.80( 1024): [LOWI-Scan] BSS 2c:57:41:86:85:21 LOWI_PHY_MODE_11NG_HT20(5), Beacon Interval: 100, LOWI_ENCRYPTION_TYPE_WPA_PSK 11mcRanging: No, ANQP: No, LCI: No, Civic: No, capability(0x1411): ESS Privacy ShortSlotTime
11-20 12:36:01.303 D/LOWI-9.0.0.80( 1024): [LOWI-Scan] BSS 2c:57:41:86:85:21 FREQ: 2462, cFreq1[40:80:160] = [0:0:0] cFreq2 = 0 Country Code = US
11-20 12:36:01.303 D/LOWI-9.0.0.80( 1024): [LOWI-Scan] BSS 2c:57:41:86:85:21 (wlan0) ASSO: NO AddInfo: 0x1, TSF 0, 20:48:27.551, RSSI: -164, CPL: 2, AGE: 0,  SSID kittyhawk, TSFDelta: 0x0, TXRate: 0
11-20 12:36:01.303 D/LOWI-9.0.0.80( 1024): [LOWI-Scan] 
11-20 12:36:01.303 D/LOWI-9.0.0.80( 1024): [LOWI-Scan] print_bss_handler: Report Probe TSF 74907551596 as it greater than Beacon TSF 74878843670
11-20 12:36:01.303 I/LOWI-9.0.0.80( 1024): [LOWI-Scan] RSN_IE
11-20 12:36:01.303 D/LOWI-9.0.0.80( 1024): [LOWI-Scan] decode_rsn_wpa_ie: Entered
11-20 12:36:01.303 D/LOWI-9.0.0.80( 1024): [LOWIUtils] hexDump: msg(30 14 01 00 00 0f ac 04 01 00 00 0f ac 04 01 00 00 0f ac 02 )
11-20 12:36:01.303 D/LOWI-9.0.0.80( 1024): [LOWI-Scan] decode_rsn_wpa_ie: LOWI_ENCRYPTION_TYPE_WPA_PSK
11-20 12:36:01.303 D/LOWI-9.0.0.80( 1024): [LOWI-Scan] is_qcom_ie, bss_age: 3
11-20 12:36:01.303 D/LOWI-9.0.0.80( 1024): [LOWI-Scan] BSS 18:64:72:60:2e:e0 LOWI_PHY_MODE_11NG_HT20(5), Beacon Interval: 100, LOWI_ENCRYPTION_TYPE_WPA_PSK 11mcRanging: No, ANQP: No, LCI: No, Civic: No, capability(0x0431): ESS Privacy ShortPreamble ShortSlotTime
11-20 12:36:01.304 D/LOWI-9.0.0.80( 1024): [LOWI-Scan] BSS 18:64:72:60:2e:e0 FREQ: 2462, cFreq1[40:80:160] = [0:0:0] cFreq2 = 0 Country Code =    
11-20 12:36:01.304 D/LOWI-9.0.0.80( 1024): [LOWI-Scan] BSS 18:64:72:60:2e:e0 (wlan0) ASSO: NO AddInfo: 0x0, TSF 0, 20:48:27.551, RSSI: -158, CPL: 127, AGE: 0,  SSID lab-t24103779, TSFDelta: 0x0, TXRate: 0
11-20 12:36:01.305 D/LOWI-9.0.0.80( 1024): [LOWI-Scan] 
11-20 12:36:01.305 D/LOWI-9.0.0.80( 1024): [LOWI-Scan] print_bss_handler: Report Probe TSF 74878843553 as it greater than Beacon TSF 0
11-20 12:36:01.305 I/LOWI-9.0.0.80( 1024): [LOWI-Scan] RSN_IE
11-20 12:36:01.305 D/LOWI-9.0.0.80( 1024): [LOWI-Scan] decode_rsn_wpa_ie: Entered
11-20 12:36:01.306 D/LOWI-9.0.0.80( 1024): [LOWIUtils] hexDump: msg(30 14 01 00 00 0f ac 04 01 00 00 0f ac 04 01 00 00 0f ac 02 )
11-20 12:36:01.306 D/LOWI-9.0.0.80( 1024): [LOWI-Scan] decode_rsn_wpa_ie: LOWI_ENCRYPTION_TYPE_WPA_PSK
11-20 12:36:01.306 D/LOWI-9.0.0.80( 1024): [LOWI-Scan] is_qcom_ie, bss_age: 56
11-20 12:36:01.306 D/LOWI-9.0.0.80( 1024): [LOWI-Scan] adjust_age:AP AGE upper limit reached. Dont store
11-20 12:36:01.306 D/LOWI-9.0.0.80( 1024): [LOWI-Scan] BSS 18:64:72:60:2b:40 LOWI_PHY_MODE_11NG_HT20(5), Beacon Interval: 100, LOWI_ENCRYPTION_TYPE_WPA_PSK 11mcRanging: No, ANQP: No, LCI: No, Civic: No, capability(0x0431): ESS Privacy ShortPreamble ShortSlotTime
11-20 12:36:01.306 D/LOWI-9.0.0.80( 1024): [LOWI-Scan] BSS 18:64:72:60:2b:40 FREQ: 2412, cFreq1[40:80:160] = [0:0:0] cFreq2 = 0 Country Code =    
11-20 12:36:01.306 D/LOWI-9.0.0.80( 1024): [LOWI-Scan] BSS 18:64:72:60:2b:40 (wlan0) ASSO: NO AddInfo: 0x0, TSF 0, 20:47:58.843, RSSI: -140, CPL: 127, AGE: 28710,  SSID lab-t24103779, TSFDelta: 0x0, TXRate: 0
11-20 12:36:01.307 D/LOWI-9.0.0.80( 1024): [LOWI-Scan] 
11-20 12:36:01.307 D/LOWI-9.0.0.80( 1024): [LOWI-Scan] print_bss_handler: Report Probe TSF 74907551659 as it greater than Beacon TSF 0
11-20 12:36:01.307 I/LOWI-9.0.0.80( 1024): [LOWI-Scan] RSN_IE
11-20 12:36:01.307 D/LOWI-9.0.0.80( 1024): [LOWI-Scan] decode_rsn_wpa_ie: Entered
11-20 12:36:01.307 D/LOWI-9.0.0.80( 1024): [LOWIUtils] hexDump: msg(30 14 01 00 00 0f ac 04 01 00 00 0f ac 04 01 00 00 0f ac 02 )
11-20 12:36:01.307 D/LOWI-9.0.0.80( 1024): [LOWI-Scan] decode_rsn_wpa_ie: LOWI_ENCRYPTION_TYPE_WPA_PSK
11-20 12:36:01.307 D/LOWI-9.0.0.80( 1024): [LOWI-Scan] is_qcom_ie, bss_age: 48
11-20 12:36:01.307 D/LOWI-9.0.0.80( 1024): [LOWI-Scan] BSS 2c:57:41:89:53:21 LOWI_PHY_MODE_11NG_HT20(5), Beacon Interval: 100, LOWI_ENCRYPTION_TYPE_WPA_PSK 11mcRanging: No, ANQP: No, LCI: No, Civic: No, capability(0x1411): ESS Privacy ShortSlotTime
11-20 12:36:01.307 D/LOWI-9.0.0.80( 1024): [LOWI-Scan] BSS 2c:57:41:89:53:21 FREQ: 2412, cFreq1[40:80:160] = [0:0:0] cFreq2 = 0 Country Code = US
11-20 12:36:01.307 D/LOWI-9.0.0.80( 1024): [LOWI-Scan] BSS 2c:57:41:89:53:21 (wlan0) ASSO: NO AddInfo: 0x0, TSF 0, 20:48:27.551, RSSI: -162, CPL: 3, AGE: 0,  SSID kittyhawk, TSFDelta: 0x0, TXRate: 0
11-20 12:36:01.308 D/LOWI-9.0.0.80( 1024): [LOWI-Scan] 
11-20 12:36:01.308 D/LOWI-9.0.0.80( 1024): [LOWI-Scan] print_bss_handler: Report Probe TSF 74907551683 as it greater than Beacon TSF 0
11-20 12:36:01.308 I/LOWI-9.0.0.80( 1024): [LOWI-Scan] RSN_IE
11-20 12:36:01.308 D/LOWI-9.0.0.80( 1024): [LOWI-Scan] decode_rsn_wpa_ie: Entered
11-20 12:36:01.308 D/LOWI-9.0.0.80( 1024): [LOWIUtils] hexDump: msg(30 18 01 00 00 0f ac 02 02 00 00 0f ac 02 00 0f ac 04 01 00 00 0f ac 02 )
11-20 12:36:01.308 D/LOWI-9.0.0.80( 1024): [LOWI-Scan] decode_rsn_wpa_ie: LOWI_ENCRYPTION_TYPE_WPA_PSK
11-20 12:36:01.308 D/LOWI-9.0.0.80( 1024): [LOWI-Scan] is_qcom_ie, bss_age: 24
11-20 12:36:01.308 D/LOWI-9.0.0.80( 1024): [LOWI-Scan] BSS 18:4f:32:07:46:03 LOWI_PHY_MODE_11NG_HT20(5), Beacon Interval: 100, LOWI_ENCRYPTION_TYPE_WPA_PSK 11mcRanging: No, ANQP: No, LCI: No, Civic: No, capability(0x0431): ESS Privacy ShortPreamble ShortSlotTime
11-20 12:36:01.308 D/LOWI-9.0.0.80( 1024): [LOWI-Scan] BSS 18:4f:32:07:46:03 FREQ: 2437, cFreq1[40:80:160] = [0:0:0] cFreq2 = 0 Country Code =    
11-20 12:36:01.308 D/LOWI-9.0.0.80( 1024): [LOWI-Scan] BSS 18:4f:32:07:46:03 (wlan0) ASSO: NO AddInfo: 0x0, TSF 0, 20:48:27.551, RSSI: -180, CPL: 127, AGE: 0,  SSID HP-Print-03-LaserJet Pro MFP, TSFDelta: 0x0, TXRate: 0
11-20 12:36:01.309 D/LOWI-9.0.0.80( 1024): [LOWIDiagLog] Log: lowiMeasResult->request: invalid null argument
11-20 12:36:01.309 I/LOWI-9.0.0.80( 1024): [LOWI-Scan] lowi_close_record:Scan done in 74863792ms, 20 APs in scan results
11-20 12:36:01.309 D/LOWI-9.0.0.80( 1024): [LOWI-Scan] WipsScanUsingNL: passive scan cached 0, took 9190 ms, err 0
11-20 12:36:01.309 D/LOWI-9.0.0.80( 1024): [LOWI-Scan] lowi_proc_req_passive_scan_with_live_meas - No WLAN Frames to be parsed
11-20 12:36:01.309 D/LOWI-9.0.0.80( 1024): [LOWIScanResultReceiver] Send scan meas to listener
11-20 12:36:01.309 D/LOWI-9.0.0.80( 1024): [LOWIScanResultReceiver] Enter passive listening mode
11-20 12:36:01.309 D/LOWI-9.0.0.80( 1024): [LOWIWifiDriverInterface] getMeasurements - Passive listening mode
11-20 12:36:01.309 D/LOWI-9.0.0.80( 1024): [LOWI-Scan] WipsScanUsingNL:wait -1 sec for netlink message
11-20 12:36:01.309 D/LOWI-9.0.0.80( 1024): [LOWIEventReceiver] handleEvent:FROM:NA, TO:NA, REQ:NA, IREQ:NA, REQ_ID:0, RESP:NA, INFO:NA
11-20 12:36:01.309 D/LOWI-9.0.0.80( 1024): [LOWIBackgroundScanMgr] isRspForBgScanMgr: evt(LOWI_NO_EVT) - not handled
11-20 12:36:01.309 D/LOWI-9.0.0.80( 1024): [LOWIScheduler] manageMsg: NULL results or NULL request in results
11-20 12:36:01.309 D/LOWI-9.0.0.80( 1024): [LOWIController] Measurements received
11-20 12:36:01.309 D/LOWI-9.0.0.80( 1024): [LOWICacheManager] putInCache:Num of Meas to add: 20
11-20 12:36:01.311 D/LOWI-9.0.0.80( 1024): [LOWIController] processMeasurementResults: No current Request. Cache measurements
11-20 12:36:01.311 D/LOWI-9.0.0.80( 1024): [LOWIControllerExtn] sendLOWILpDiscoveryScanResponse: Not a discovery scan response
11-20 12:36:01.311 D/WificondScannerImpl( 1194): Filtering out 1 scan results.
11-20 12:36:01.318 D/PasspointManager( 1194): ANQP entry not found for: c6:82:9b:4e:b3:9e:<Pixel_R6>
11-20 12:36:01.318 D/PasspointManager( 1194): ANQP entry not found for: 5e:6e:be:46:77:d7:<Pixel_R3>
11-20 12:36:01.318 D/PasspointManager( 1194): ANQP entry not found for: 12:d7:96:61:85:9f:<Pixel_R5>
11-20 12:36:01.318 D/PasspointManager( 1194): ANQP entry not found for: ce:dc:12:3b:87:fd:<Pixel5_R1>
11-20 12:36:01.318 D/PasspointManager( 1194): ANQP entry not found for: fe:2d:5a:49:61:eb:<Pixel_R2>
11-20 12:36:01.366 D/WifiSharingService( 2841): Sending scanResults intent with status code 0: PendingIntent{a4cb780: android.os.BinderProxy@f0906c1}
11-20 12:36:01.373 D/CompatibilityInfo( 1194): mCompatibilityFlags - 4
11-20 12:36:01.373 D/CompatibilityInfo( 1194): applicationDensity - 320
11-20 12:36:01.373 D/CompatibilityInfo( 1194): applicationScale - 1.0
11-20 12:36:01.379 E/QMI_FW  ( 1113): qmi_cci_get_ref: ref count increased 2
11-20 12:36:01.381 E/QMI_FW  ( 1113): qmi_cci_get_ref: ref count increased 2
11-20 12:36:01.396 I/WearableConnectivityManager( 4420): LTE Signal strength is: 1
11-20 12:36:01.396 I/WearableConnectivityManager( 4420): Cellular Signal strength is: 1
11-20 12:36:01.397 D/RadioLinkQualityScoreBuilder( 1975): scoreRsrp: 2scoreRsrq: 2scoreRssnr: 3
11-20 12:36:01.397 D/WirelessInsightServiceImpl( 1975): onSignalStrengthsChanged: SignalStrength = SignalStrength:{mCdma=CellSignalStrengthCdma: cdmaDbm=2147483647 cdmaEcio=2147483647 evdoDbm=2147483647 evdoEcio=2147483647 evdoSnr=2147483647 level=0,mGsm=CellSignalStrengthGsm: rssi=2147483647 ber=2147483647 mTa=2147483647 mLevel=0,mWcdma=CellSignalStrengthWcdma: ss=2147483647 ber=2147483647 rscp=2147483647 ecno=2147483647 level=0,mTdscdma=CellSignalStrengthTdscdma: rssi=2147483647 ber=2147483647 rscp=2147483647 level=0,mLte=CellSignalStrengthLte: rssi=-79 rsrp=-113 rsrq=-14 rssnr=9 cqi=2147483647 ta=2147483647 level=1 parametersUseForLevel=0,mNr=CellSignalStrengthNr:{ csiRsrp = 2147483647 csiRsrq = 2147483647 csiSinr = 2147483647 ssRsrp = 2147483647 ssRsrq = 2147483647 ssSinr = 2147483647 level = 0 parametersUseForLevel = 0 },primary=CellSignalStrengthLte}
11-20 12:36:01.398 D/WirelessInsightServiceImpl( 1975): Score: 2
11-20 12:36:01.398 D/WirelessInsightServiceImpl( 1975): notifyListeners: listeners = 0, score = 2
11-20 12:36:01.523 I/m.android.phon( 1975): Background young concurrent copying GC freed 156877(16MB) AllocSpace objects, 59(1064KB) LOS objects, 74% free, 6174KB/23MB, paused 264us total 129.893ms
11-20 12:36:02.417 W/HWComposer(  577): Ignoring duplicate VSYNC event from HWC for display 0 (t=74908680545174)
11-20 12:36:03.227 W/HWComposer(  577): Ignoring duplicate VSYNC event from HWC for display 0 (t=74909490769132)
11-20 12:36:03.732 D/UIAutomatorStub(26556): URI: /jsonrpc/0, Method: POST, Header: {content-length=229, remote-addr=127.0.0.1, http-client-ip=127.0.0.1, host=localhost:9010, content-type=application/json, accept-encoding=identity}, params, {NanoHttpd.QUERY_STRING=null}, files: {postData={"jsonrpc": "2.0", "method": "objInfo", "id": "2610fa61dde74ea31e5729c621cb3426", "params": [{"mask": 2097152, "childOrSibling": [], "childOrSiblingSelector": [], "resourceId": "com.facebook.wearable.system.settings:id/toggle"}]}}
11-20 12:36:03.825 D/UIAutomatorStub(26556): URI: /jsonrpc/0, Method: POST, Header: {content-length=227, remote-addr=127.0.0.1, http-client-ip=127.0.0.1, host=localhost:9010, content-type=application/json, accept-encoding=identity}, params, {NanoHttpd.QUERY_STRING=null}, files: {postData={"jsonrpc": "2.0", "method": "click", "id": "63607e33a6c4e89dab7cd38582358988", "params": [{"mask": 2097152, "childOrSibling": [], "childOrSiblingSelector": [], "resourceId": "com.facebook.wearable.system.settings:id/toggle"}]}}
11-20 12:36:03.888 D/WifiSharingService( 2841): Setting Wi-Fi enabled state
11-20 12:36:03.889 I/WifiService( 1194): setWifiEnabled package=com.facebook.wearable.system.connectivity uid=1000 enable=false
11-20 12:36:03.891 D/WifiActiveModeWarden( 1194): Switching all client mode managers
11-20 12:36:03.892 D/QCNEJ/WlanStaInfoRelay( 1900): onChange for uri = content://settings/global/wifi_on
11-20 12:36:03.896 E/QMI_FW  (  927): qmi_cci_get_ref: ref count increased 2
11-20 12:36:03.897 D/WifiP2pService( 1194): Wifi enabled=false, P2P Interface availability=true
11-20 12:36:03.897 D/WifiP2pNative( 1194): Teardown P2P interface
11-20 12:36:03.900 D/WifiP2pService( 1194): Wifi enabled=false, P2P Interface availability=true
11-20 12:36:03.900 W/ContextImpl( 1194): Calling a method in the system process without a qualified user: android.app.ContextImpl.sendBroadcastMultiplePermissions:1143 android.content.Context.sendBroadcastWithMultiplePermissions:2150 com.android.server.display.WifiDisplayAdapter.handleSendStatusChangeBroadcast:440 com.android.server.display.WifiDisplayAdapter.access$1700:63 com.android.server.display.WifiDisplayAdapter$WifiDisplayHandler.handleMessage:675 
11-20 12:36:03.902 D/WifiClientModeManager1( 1194): IMS not registered over IWLAN for subId: 1
11-20 12:36:03.902 W/HWComposer(  577): Ignoring duplicate VSYNC event from HWC for display 0 (t=74910165856944)
11-20 12:36:03.902 D/WifiClientModeManager1( 1194): The target role 5
11-20 12:36:03.911 I/android_os_HwBinder( 1194): HwBinder: Starting thread pool for getting: android.hardware.wifi.supplicant@1.0::ISupplicant/default
11-20 12:36:03.914 I/wpa_supplicant(29547): wlan0: Do not deauthenticate as part of interface deinit since WoWLAN is enabled
11-20 12:36:03.947 I/wpa_supplicant(29547): Try to unregister vendor STA network
11-20 12:36:03.949 E/wpa_supplicant(29547): eap_proxy: pthread_join on eap_proxy=0x101e4eac
11-20 12:36:03.949 E/wpa_supplicant(29547): eap_proxy: session not started for client = 1
11-20 12:36:03.949 E/QMI_FW  (29547): qmi_cci_get_ref: ref count increased 2
11-20 12:36:03.949 E/QMI_FW  (29547): qmi_cci_get_ref: ref count increased 2
11-20 12:36:03.949 E/wpa_supplicant(29547): eap_proxy: Released QMI UIM service client
11-20 12:36:03.949 E/QMI_FW  (29547): qmi_cci_get_ref: ref count increased 2
11-20 12:36:03.949 E/QMI_FW  (29547): qmi_cci_get_ref: ref count increased 2
11-20 12:36:03.949 E/wpa_supplicant(29547): eap_proxy: Released QMI EAP service client
11-20 12:36:03.950 E/wpa_supplicant(29547): eap_proxy: session not started for client = 2
11-20 12:36:03.950 E/QMI_FW  (29547): qmi_cci_get_ref: ref count increased 2
11-20 12:36:03.950 E/QMI_FW  (29547): qmi_cci_get_ref: ref count increased 2
11-20 12:36:03.950 E/wpa_supplicant(29547): eap_proxy: Released QMI UIM service client
11-20 12:36:03.950 E/QMI_FW  (29547): qmi_cci_get_ref: ref count increased 2
11-20 12:36:03.950 E/QMI_FW  (29547): qmi_cci_get_ref: ref count increased 2
11-20 12:36:03.950 E/wpa_supplicant(29547): eap_proxy: Released QMI EAP service client
11-20 12:36:03.951 I/wpa_supplicant(29547): eap_proxy: eap_proxy Deinitialzed
11-20 12:36:03.978 I/wpa_supplicant(29547): nl80211: deinit ifname=wlan0 disabled_11b_rates=0
11-20 12:36:04.027 I/wpa_supplicant(29547): Try to unregister vendor interface
11-20 12:36:04.030 D/LOWI-9.0.0.80( 1024): [LOWINetlinkSocketReceiver] unpackRTMLinkMessage: RTM_NEWLINK - ifname wlan0, flags 0x11043 ([UP][RUNNING])
11-20 12:36:04.030 D/LOWI-9.0.0.80( 1024): [LOWINetlinkSocketReceiver] processNetlinkPacket: ifname(wlan0) status(2)
11-20 12:36:04.030 D/LOWI-9.0.0.80( 1024): [LOWIController] intfStateReceived: ifname(wlan0) state(2)
11-20 12:36:04.030 D/LOWI-9.0.0.80( 1024): [LOWIEventReceiver] handleEvent:FROM:NA, TO:NA, REQ:NA, IREQ:NA, REQ_ID:0, RESP:NA, INFO:INTF-STATUS-UPDATE
11-20 12:36:04.030 D/LOWI-9.0.0.80( 1024): [LOWIEventReceiver] Info to [INTF-STATUS-UPDATE]
11-20 12:36:04.030 D/LOWI-9.0.0.80( 1024): [LOWIController] updateIntfState: WIFI enabled 2 mNlWifiStatus 2 mWifiStateEnabled 1
11-20 12:36:04.031 D/LOWI-9.0.0.80( 1024): [LOWIController] isWifiEnabled: mNlWifiStatus 2 mWifiStateEnabled 1
11-20 12:36:04.032 I/SupplicantStaIfaceHal( 1194): Terminating supplicant using HIDL
11-20 12:36:04.033 I/wpa_supplicant(29547): p2p0: Do not deauthenticate as part of interface deinit since WoWLAN is enabled
11-20 12:36:04.087 E/wpa_supplicant(29547): eap_proxy: pthread_join on eap_proxy=0x101e4fa8
11-20 12:36:04.087 E/wpa_supplicant(29547): eap_proxy: session not started for client = 1
11-20 12:36:04.087 E/QMI_FW  (29547): qmi_cci_get_ref: ref count increased 2
11-20 12:36:04.087 E/QMI_FW  (29547): qmi_cci_get_ref: ref count increased 2
11-20 12:36:04.089 E/wpa_supplicant(29547): eap_proxy: Released QMI UIM service client
11-20 12:36:04.090 E/QMI_FW  (29547): qmi_cci_get_ref: ref count increased 2
11-20 12:36:04.090 E/QMI_FW  (29547): qmi_cci_get_ref: ref count increased 2
11-20 12:36:04.093 E/wpa_supplicant(29547): eap_proxy: Released QMI EAP service client
11-20 12:36:04.093 E/wpa_supplicant(29547): eap_proxy: session not started for client = 2
11-20 12:36:04.093 E/QMI_FW  (29547): qmi_cci_get_ref: ref count increased 2
11-20 12:36:04.093 E/QMI_FW  (29547): qmi_cci_get_ref: ref count increased 2
11-20 12:36:04.094 E/wpa_supplicant(29547): eap_proxy: Released QMI UIM service client
11-20 12:36:04.094 E/QMI_FW  (29547): qmi_cci_get_ref: ref count increased 2
11-20 12:36:04.094 E/QMI_FW  (29547): qmi_cci_get_ref: ref count increased 2
11-20 12:36:04.096 E/wpa_supplicant(29547): eap_proxy: Released QMI EAP service client
11-20 12:36:04.096 I/wpa_supplicant(29547): eap_proxy: eap_proxy Deinitialzed
11-20 12:36:04.139 I/wpa_supplicant(29547): nl80211: deinit ifname=p2p0 disabled_11b_rates=0
11-20 12:36:04.177 D/LOWI-9.0.0.80( 1024): [LOWINetlinkSocketReceiver] unpackRTMLinkMessage: RTM_NEWLINK - ifname p2p0, flags 0x1003 ([UP])
11-20 12:36:04.198 D/LOWI-9.0.0.80( 1024): [LOWINetlinkSocketReceiver] unpackRTMLinkMessage: RTM_NEWLINK - ifname p2p0, flags 0x1002 ()
11-20 12:36:04.213 D/LOWI-9.0.0.80( 1024): [LOWINetlinkSocketReceiver] unpackRTMLinkMessage: RTM_NEWLINK - ifname p2p0, flags 0x1002 ()
11-20 12:36:04.215 I/wpa_supplicant(29547): Try to unregister vendor p2 interface
11-20 12:36:04.217 I/WifiP2pNative( 1194): P2P interface teardown completed
11-20 12:36:04.217 D/WifiP2pNative( 1194): P2P InterfaceDestroyedListener p2p0
11-20 12:36:04.217 D/WifiP2pNative( 1194): Ignoring stale interface destroyed listener
11-20 12:36:04.217 D/WifiP2pNative( 1194): P2P InterfaceAvailableListener true
11-20 12:36:04.217 D/WifiP2pService( 1194): Wifi enabled=false, P2P Interface availability=true
11-20 12:36:04.218 I/android_os_HwBinder( 1194): HwBinder: Starting thread pool for getting: android.hardware.wifi.supplicant@1.0::ISupplicant/default
11-20 12:36:04.220 I/wpa_supplicant(29547): Terminating...
11-20 12:36:04.222 D/LOWI-9.0.0.80( 1024): [LOWINetlinkSocketReceiver] unpackRTMLinkMessage: RTM_NEWLINK - ifname wlan0, flags 0x1003 ([UP])
11-20 12:36:04.222 D/LOWI-9.0.0.80( 1024): [LOWINetlinkSocketReceiver] processNetlinkPacket: ifname(wlan0) status(1)
11-20 12:36:04.222 D/LOWI-9.0.0.80( 1024): [LOWIController] intfStateReceived: ifname(wlan0) state(1)
11-20 12:36:04.222 D/LOWI-9.0.0.80( 1024): [LOWIEventReceiver] handleEvent:FROM:NA, TO:NA, REQ:NA, IREQ:NA, REQ_ID:0, RESP:NA, INFO:INTF-STATUS-UPDATE
11-20 12:36:04.222 D/LOWI-9.0.0.80( 1024): [LOWIEventReceiver] Info to [INTF-STATUS-UPDATE]
11-20 12:36:04.222 D/LOWI-9.0.0.80( 1024): [LOWIController] updateIntfState: WIFI enabled 1 mNlWifiStatus 2 mWifiStateEnabled 1
11-20 12:36:04.222 D/LOWI-9.0.0.80( 1024): [LOWIController] isWifiEnabled: mNlWifiStatus 1 mWifiStateEnabled 1
11-20 12:36:04.240 D/ConnectivityService( 1194): handleLingerComplete for [100 CELLULAR]
11-20 12:36:04.243 W/MqttClient( 2665): connection/disconnecting; reason=READ_SOCKET, operation=NETWORK_THREAD_LOOP
11-20 12:36:04.243 W/System.err( 2665): DEBUG: com.whatsapp.net.tls13.WtSocketWrapper.sendAlertAndShutdown(:86) : Sending Alert : type : WARNING description : close_notify(0) exception : 
11-20 12:36:04.245 W/System.err( 2665): ERROR: com.whatsapp.net.logging.WtLog.log$REDEX$HQcOuACUrr4(:4) : Encountered exception. Nothing much can be done here. com.whatsapp.net.alerts.WtAlertException
11-20 12:36:04.265 D/LOWI-9.0.0.80( 1024): [LOWINetlinkSocketReceiver] unpackRTMLinkMessage: RTM_NEWLINK - ifname wlan0, flags 0x1003 ([UP])
11-20 12:36:04.265 D/LOWI-9.0.0.80( 1024): [LOWINetlinkSocketReceiver] processNetlinkPacket: ifname(wlan0) status(1)
11-20 12:36:04.265 D/LOWI-9.0.0.80( 1024): [LOWIController] intfStateReceived: ifname(wlan0) state(1)
11-20 12:36:04.266 D/LOWI-9.0.0.80( 1024): [LOWIEventReceiver] handleEvent:FROM:NA, TO:NA, REQ:NA, IREQ:NA, REQ_ID:0, RESP:NA, INFO:INTF-STATUS-UPDATE
11-20 12:36:04.266 D/LOWI-9.0.0.80( 1024): [LOWIEventReceiver] Info to [INTF-STATUS-UPDATE]
11-20 12:36:04.267 D/LOWI-9.0.0.80( 1024): [LOWIController] updateIntfState: WIFI enabled 1 mNlWifiStatus 1 mWifiStateEnabled 1
11-20 12:36:04.267 D/LOWI-9.0.0.80( 1024): [LOWIController] isWifiEnabled: mNlWifiStatus 1 mWifiStateEnabled 1
11-20 12:36:04.269 V/WifiHAL (  539): event received NL80211_CMD_DISCONNECT
11-20 12:36:04.270 W/SupplicantStaIfaceHal( 1194): Timed out waiting for confirmation of supplicant death
11-20 12:36:04.271 E/SupplicantStaIfaceHal( 1194): Can't call getKeyMgmtCapabilities_1_3, ISupplicantStaIface is null
11-20 12:36:04.272 D/QCNEJ/WwanInfoRelay( 1900): onCapabilitiesChanged: 100 [ Transports: CELLULAR Capabilities: MMS&SUPL&FOTA&INTERNET&NOT_RESTRICTED&TRUSTED&NOT_VPN&VALIDATED&NOT_ROAMING&NOT_CONGESTED&NOT_SUSPENDED LinkUpBandwidth>=15000Kbps LinkDnBandwidth>=30000Kbps Specifier: <TelephonyNetworkSpecifier [mSubId = 1]> AdministratorUids: [] RequestorUid: -1 RequestorPackageName: null]
11-20 12:36:04.273 V/WifiHAL (  539): WifiVendorCommand 0xaad86b98 created vendor_id:0x1374 subcmd:38
11-20 12:36:04.274 V/WifiHAL (  539): Got a Wi-Fi HAL module message from Driver
11-20 12:36:04.274 V/WifiHAL (  539): Supported feature set : 19d3d
11-20 12:36:04.274 V/WifiHAL (  539): Supported feature set acquired : 19d3d
11-20 12:36:04.274 V/WifiHAL (  539): WifiVendorCommand 0xa0792410 created vendor_id:0x1374 subcmd:76
11-20 12:36:04.274 V/WifiHAL (  539): create: mVendor_id = 4980, Subcmd = 76.
11-20 12:36:04.275 I/QCNEJ/WwanInfoRelay( 1900): cacheWwanInfo subId = 1 phoneId = 0 slotId = 0
11-20 12:36:04.276 V/WifiHAL (  539): WifiVendorCommand 0xaad86cc8 created vendor_id:0x1374 subcmd:38
11-20 12:36:04.277 V/WifiHAL (  539): Got a Wi-Fi HAL module message from Driver
11-20 12:36:04.277 V/WifiHAL (  539): Supported feature set : 19d3d
11-20 12:36:04.277 V/WifiHAL (  539): Supported feature set acquired : 19d3d
11-20 12:36:04.277 V/WifiHAL (  539): WifiVendorCommand 0xa0792410 created vendor_id:0x1374 subcmd:76
11-20 12:36:04.277 V/WifiHAL (  539): create: mVendor_id = 4980, Subcmd = 76.
11-20 12:36:04.284 E/SupplicantStaIfaceHal( 1194): Can't call getWpaDriverFeatureSet, ISupplicantStaIface is null
11-20 12:36:04.285 I/WifiNative( 1194): Successfully switched to scan mode on iface=Iface:{Name=wlan0,Id=1,Type=STA_SCAN}
11-20 12:36:04.287 W/SupplicantStaIfaceHal( 1194): ISupplicantVendor/ISupplicantVendorStaIface died: cookie=0
11-20 12:36:04.287 W/SupplicantP2pIfaceHal( 1194): ISupplicantVendor/ISupplicantVendorP2PIface died: cookie=0
11-20 12:36:04.287 W/SupplicantP2pIfaceHal( 1194): ISupplicant/ISupplicantP2pIface died: cookie=0
11-20 12:36:04.287 W/SupplicantP2pIfaceHal( 1194): ISupplicant/ISupplicantP2pIface died: cookie=0
11-20 12:36:04.287 W/SupplicantStaIfaceHal( 1194): ISupplicantVendor/ISupplicantVendorStaIface died: cookie=0
11-20 12:36:04.288 W/SupplicantP2pIfaceHal( 1194): ISupplicantVendor/ISupplicantVendorP2PIface died: cookie=0
11-20 12:36:04.288 D/SupplicantStaIfaceHal( 1194): ISupplicant died: cookie=-6942976881631684252
11-20 12:36:04.305 I/wificond(  906): Fail RSSI polling because wifi is not associated.
11-20 12:36:04.305 E/WifiNl80211Manager( 1194): Invalid signal poll result from wificond
11-20 12:36:04.309 D/WifiClientModeManager1( 1194): entering ScanOnlyModeState
11-20 12:36:04.309 D/WifiScanRequestProxy( 1194): Sending scan available broadcast: true
11-20 12:36:04.309 I/WifiScanningService( 1194): Received a request to enable scanning, UID = 1000
11-20 12:36:04.309 I/WifiScanningService( 1194): scanner impls already exists
11-20 12:36:04.309 E/WifiScanningService( 1194): wifi driver loaded received while already loaded
11-20 12:36:04.311 I/WifiScanRequestProxy( 1194): Scanning is enabled
11-20 12:36:04.311 I/WifiScanRequestProxy( 1194): Scanning for hidden networks is disabled
11-20 12:36:04.311 D/WifiP2pService( 1194): Wifi enabled=false, P2P Interface availability=true
11-20 12:36:04.311 D/WakeupController( 1194): start()
11-20 12:36:04.312 D/WakeupController( 1194): Setting active to true
11-20 12:36:04.320 D/WakeupLock( 1194): Lock set. Number of networks: 1
11-20 12:36:04.322 D/WifiClientModeImpl( 1194): ClientModeImpl: Leaving Connected state
11-20 12:36:04.324 D/WifiCountryCode( 1194): updateCountryCode to US
11-20 12:36:04.324 E/SupplicantStaIfaceHal( 1194): Can't call setCountryCode, ISupplicantStaIface is null
11-20 12:36:04.324 D/WifiCountryCode( 1194): Failed to set country code to: US
11-20 12:36:04.333 E/SupplicantStaIfaceHal( 1194): Can't call listNetworks, ISupplicantStaIface is null
11-20 12:36:04.333 E/SupplicantStaIfaceHal( 1194): removeAllNetworks failed, got null networks
11-20 12:36:04.333 E/WifiClientModeImpl( 1194): Failed to remove networks on exiting connect mode
11-20 12:36:04.335 E/WakeupController( 1194): Unexpected setLastDisconnectInfo when WakeupController is active!
11-20 12:36:04.336 E/WifiVendorHal( 1194): stopRssiMonitoring(l.2106) failed {.code = ERROR_NOT_AVAILABLE, .description = }
11-20 12:36:04.337 E/SupplicantStaIfaceHal( 1194): Can't call setPowerSave, ISupplicantStaIface is null
11-20 12:36:04.337 E/SupplicantStaIfaceHal( 1194): Can't call setBtCoexistenceMode, ISupplicantStaIface is null
11-20 12:36:04.337 V/WifiClientModeImpl( 1194): stopIpClient IpClientWithPreConnection: false
11-20 12:36:04.337 V/WifiClientModeImpl( 1194): java.lang.Throwable
11-20 12:36:04.337 V/WifiClientModeImpl( 1194): 	at com.android.server.wifi.ClientModeImpl.stopIpClient(ClientModeImpl.java:1127)
11-20 12:36:04.337 V/WifiClientModeImpl( 1194): 	at com.android.server.wifi.ClientModeImpl.stopDhcpSetup(ClientModeImpl.java:1153)
11-20 12:36:04.337 V/WifiClientModeImpl( 1194): 	at com.android.server.wifi.ClientModeImpl.handleNetworkDisconnect(ClientModeImpl.java:2945)
11-20 12:36:04.337 V/WifiClientModeImpl( 1194): 	at com.android.server.wifi.ClientModeImpl.stopClientMode(ClientModeImpl.java:3889)
11-20 12:36:04.337 V/WifiClientModeImpl( 1194): 	at com.android.server.wifi.ClientModeImpl.access$4600(ClientModeImpl.java:176)
11-20 12:36:04.337 V/WifiClientModeImpl( 1194): 	at com.android.server.wifi.ClientModeImpl$ConnectModeState.exit(ClientModeImpl.java:4064)
11-20 12:36:04.337 V/WifiClientModeImpl( 1194): 	at com.android.wifi.x.com.android.internal.util.StateMachine$SmHandler.invokeExitMethods(StateMachine.java:1021)
11-20 12:36:04.337 V/WifiClientModeImpl( 1194): 	at com.android.wifi.x.com.android.internal.util.StateMachine$SmHandler.performTransitions(StateMachine.java:877)
11-20 12:36:04.337 V/WifiClientModeImpl( 1194): 	at com.android.wifi.x.com.android.internal.util.StateMachine$SmHandler.handleMessage(StateMachine.java:819)
11-20 12:36:04.337 V/WifiClientModeImpl( 1194): 	at android.os.Handler.dispatchMessage(Handler.java:106)
11-20 12:36:04.337 V/WifiClientModeImpl( 1194): 	at android.os.Looper.loop(Looper.java:223)
11-20 12:36:04.337 V/WifiClientModeImpl( 1194): 	at android.os.HandlerThread.run(HandlerThread.java:67)
