11-20 00:23:41.781 D/ComplicationDataManagerImpl( 2581): Fetching complication data for package: com.facebook.wearable.apps.player, com.facebook.wearable.apps.player.SHORTCUT_COMPLICATION.
11-20 00:23:41.781 D/ComplicationDataManagerImpl( 2581): Fetching complication data for package: com.facebook.wearable.apps.gallery, com.facebook.wearable.apps.gallery.SHORTCUT_COMPLICATION.
11-20 00:23:41.782 D/ComplicationDataManagerImpl( 2581): Fetching complication data for package: com.facebook.wearable.apps.heart, com.facebook.wearable.apps.heart.HEART_RATE.
11-20 00:23:41.785 D/CompatibilityInfo( 1194): mCompatibilityFlags - 4
11-20 00:23:41.785 D/CompatibilityInfo( 1194): applicationDensity - 320
11-20 00:23:41.785 D/CompatibilityInfo( 1194): applicationScale - 1.0
11-20 00:23:42.311 D/UIAutomatorStub( 6249): URI: /jsonrpc/0, Method: POST, Header: {content-length=192, remote-addr=127.0.0.1, http-client-ip=127.0.0.1, host=localhost:9010, content-type=application/json, accept-encoding=identity}, params, {NanoHttpd.QUERY_STRING=null}, files: {postData={"jsonrpc": "2.0", "method": "waitForExists", "id": "d35f0dd67dd52ffeb547b8cb83f6ad92", "params": [{"mask": 1, "childOrSibling": [], "childOrSiblingSelector": [], "text": "Notifications"}, 5]}}
11-20 00:23:42.317 D/mcu_health_checker( 1118): Sent MCU Health Request
11-20 00:23:42.318 D/commandrouter( 1117): SocServiceHandle::onServiceMessage, SoC Service = mcu_healthcheck_1118, appType = 1, type = SVC_REQ, clientId = 0, token = 1030, payloadLen = 12, result = 0, payload.size() = 12
11-20 00:23:42.321 D/commandrouter( 1117): mcu_healthcheck_1118 (1, merlot:mcu_health:control): <ServiceResponse> FORWARDED (remote -> local) CR token ID = 1030, service client ID = 40, token ID = 17886, result = 0
11-20 00:23:42.321 D/mcu_health_checker( 1118): MCU Health Response: MCU_OK
11-20 00:23:42.321 D/mcu_health_checker( 1118): MCU Session 0, uptime = 30933742 ms
11-20 00:23:42.321 D/mculinkhealth( 1118): isMcuReachable 1 (4 ms)
11-20 00:23:42.344 D/UIAutomatorStub( 6249): URI: /jsonrpc/0, Method: POST, Header: {content-length=191, remote-addr=127.0.0.1, http-client-ip=127.0.0.1, host=localhost:9010, content-type=application/json, accept-encoding=identity}, params, {NanoHttpd.QUERY_STRING=null}, files: {postData={"jsonrpc": "2.0", "method": "waitForExists", "id": "5638d1dff88d21bbeed462926e531ed0", "params": [{"mask": 1, "childOrSibling": [], "childOrSiblingSelector": [], "text": "Connectivity"}, 5]}}
11-20 00:23:42.405 D/UIAutomatorStub( 6249): URI: /jsonrpc/0, Method: POST, Header: {content-length=180, remote-addr=127.0.0.1, http-client-ip=127.0.0.1, host=localhost:9010, content-type=application/json, accept-encoding=identity}, params, {NanoHttpd.QUERY_STRING=null}, files: {postData={"jsonrpc": "2.0", "method": "click", "id": "54e29ba922eaa606c7ed911f286dcc6f", "params": [{"mask": 1, "childOrSibling": [], "childOrSiblingSelector": [], "text": "Connectivity"}]}}
11-20 00:23:42.454 E/ANDR-PERF-OPTSHANDLER(  557): Unable to find the correct node storage pointers for                   resource index=16, node path=/proc/sys/kernel/sched_upmigrate
11-20 00:23:42.454 E/ANDR-PERF-RESOURCEQS(  557): Failed to reset optimization [3, 7]
11-20 00:23:42.454 E/ANDR-PERF-OPTSHANDLER(  557): Unable to find the correct node storage pointers for                   resource index=17, node path=/proc/sys/kernel/sched_downmigrate
11-20 00:23:42.454 E/ANDR-PERF-RESOURCEQS(  557): Failed to reset optimization [3, 8]
11-20 00:23:42.454 E/ANDR-PERF-OPTSHANDLER(  557): Perflock resource /sys/module/lpm_levels/parameters/bias_hyst not supported
11-20 00:23:42.454 E/ANDR-PERF-RESOURCEQS(  557): Failed to reset optimization [1, 2]
11-20 00:23:42.454 E/ANDR-PERF-OPTSHANDLER(  557): Perflock resource /proc/sys/kernel/sched_group_upmigrate not supported
11-20 00:23:42.454 E/ANDR-PERF-RESOURCEQS(  557): Failed to reset optimization [3, 21]
11-20 00:23:42.454 E/ANDR-PERF-OPTSHANDLER(  557): Perflock resource /proc/sys/kernel/sched_group_downmigrate not supported
11-20 00:23:42.454 E/ANDR-PERF-RESOURCEQS(  557): Failed to reset optimization [3, 22]
11-20 00:23:42.493 W/StatusBarClientConnection( 3038): Messenger is null, ignoring message: { when=-8h36m8s756ms barrier=1 }
11-20 00:23:42.520 E/StatusBarClientConnection( 3038): Service connected
11-20 00:23:42.548 W/View    ( 3038): requestLayout() improperly called by android.view.View{26aa412 V.ED..... ......I. 0,368-474,474} during layout: running second layout pass
11-20 00:23:42.566 W/View    ( 3038): requestLayout() improperly called by com.facebook.wearable.common.wds.listview.WdsListView{483698 V.E..V... ........ 0,0-474,474} during second layout pass: posting in next frame
11-20 00:23:43.265 E/ANDR-PERF-OPTSHANDLER(  557): perf_lock_rel: failed for /proc/sys/vm/swap_ratio as previous value is not stored
11-20 00:23:43.265 E/ANDR-PERF-OPTSHANDLER(  557): perf_lock_rel: failed for /sys/class/kgsl/kgsl-3d0/min_pwrlevel as previous value is not stored
11-20 00:23:43.266 E/ANDR-PERF-RESOURCEQS(  557): Failed to reset optimization [3, 0]
11-20 00:23:43.928 E/TaskPersister( 1194): File error accessing recents directory (directory doesn't exist?).
11-20 00:23:45.518 D/UIAutomatorStub( 6249): URI: /jsonrpc/0, Method: POST, Header: {content-length=183, remote-addr=127.0.0.1, http-client-ip=127.0.0.1, host=localhost:9010, content-type=application/json, accept-encoding=identity}, params, {NanoHttpd.QUERY_STRING=null}, files: {postData={"jsonrpc": "2.0", "method": "waitForExists", "id": "336d035d0444b631449d6e5b1a86da21", "params": [{"mask": 1, "childOrSibling": [], "childOrSiblingSelector": [], "text": "WiFi"}, 5]}}
11-20 00:23:45.548 D/UIAutomatorStub( 6249): URI: /jsonrpc/0, Method: POST, Header: {content-length=172, remote-addr=127.0.0.1, http-client-ip=127.0.0.1, host=localhost:9010, content-type=application/json, accept-encoding=identity}, params, {NanoHttpd.QUERY_STRING=null}, files: {postData={"jsonrpc": "2.0", "method": "click", "id": "42d7f6c3c08c562b4edeaefa53f255e8", "params": [{"mask": 1, "childOrSibling": [], "childOrSiblingSelector": [], "text": "WiFi"}]}}
11-20 00:23:45.634 W/StatusBarClientConnection( 3038): Messenger is null, ignoring message: { when=-8h36m11s898ms barrier=1 }
11-20 00:23:45.658 D/CompatibilityInfo( 1194): mCompatibilityFlags - 4
11-20 00:23:45.658 D/CompatibilityInfo( 1194): applicationDensity - 320
11-20 00:23:45.658 D/CompatibilityInfo( 1194): applicationScale - 1.0
11-20 00:23:45.667 E/StatusBarClientConnection( 3038): Service connected
11-20 00:23:45.668 D/WifiConnector( 2841): Network State Changed
11-20 00:23:45.679 W/View    ( 3038): requestLayout() improperly called by android.view.View{a0611da V.ED..... ......I. 0,368-474,474} during layout: running second layout pass
11-20 00:23:45.684 D/WifiSharingService( 2841): Starting Wi-Fi scan
11-20 00:23:45.685 I/WifiService( 1194): startScan uid=1000
11-20 00:23:45.694 W/View    ( 3038): requestLayout() improperly called by com.facebook.wearable.common.wds.listview.WdsListView{341d8e9 V.E..V... ........ 0,0-474,474} during second layout pass: posting in next frame
11-20 00:23:45.699 D/WifiNative( 1194): Scan trigered from WifiNative
11-20 00:23:45.700 I/chatty  ( 1024): uid=1021(gps) lowi-server expire 72 lines
11-20 00:23:45.701 V/WifiHAL (  539): event received NL80211_CMD_TRIGGER_SCAN
11-20 00:23:46.258 V/WifiHAL (  539): event received NL80211_CMD_NEW_SCAN_RESULTS
11-20 00:23:46.258 D/WifiNl80211Manager( 1194): Scan result ready event
11-20 00:23:46.259 D/WifiNative( 1194): Scan result ready event
11-20 00:23:46.266 D/LOWI-9.0.0.80( 1024): [LOWI-Scan] is_qcom_ie, bss_age: 26
11-20 00:23:46.267 D/LOWI-9.0.0.80( 1024): [LOWI-Scan] BSS ce:dc:12:3b:87:fd LOWI_PHY_MODE_11AC_VHT20_2G(11), Beacon Interval: 100, LOWI_ENCRYPTION_TYPE_WPA_PSK 11mcRanging: No, ANQP: Yes, LCI: No, Civic: No, capability(0x1431): ESS Privacy ShortPreamble ShortSlotTime
11-20 00:23:46.267 D/LOWI-9.0.0.80( 1024): [LOWI-Scan] BSS ce:dc:12:3b:87:fd FREQ: 2437, cFreq1[40:80:160] = [0:0:0] cFreq2 = 0 Country Code =    
11-20 00:23:46.267 D/LOWI-9.0.0.80( 1024): [LOWI-Scan] BSS ce:dc:12:3b:87:fd (wlan0) ASSO: NO AddInfo: 0x0, TSF 0, 08:36:12.521, RSSI: -106, CPL: 127, AGE: 0,  SSID Pixel5_R1, TSFDelta: 0x0, TXRate: 0
11-20 00:23:46.267 D/LOWI-9.0.0.80( 1024): [LOWI-Scan] 
11-20 00:23:46.267 D/LOWI-9.0.0.80( 1024): [LOWI-Scan] print_bss_handler: Report Probe TSF 30972521293 as it greater than Beacon TSF 30706763423
11-20 00:23:46.267 I/LOWI-9.0.0.80( 1024): [LOWI-Scan] RSN_IE
11-20 00:23:46.267 D/LOWI-9.0.0.80( 1024): [LOWI-Scan] decode_rsn_wpa_ie: Entered
11-20 00:23:46.267 D/LOWI-9.0.0.80( 1024): [LOWIUtils] hexDump: msg(30 14 01 00 00 0f ac 04 01 00 00 0f ac 04 01 00 00 0f ac 02 )
11-20 00:23:46.267 D/LOWI-9.0.0.80( 1024): [LOWI-Scan] decode_rsn_wpa_ie: LOWI_ENCRYPTION_TYPE_WPA_PSK
11-20 00:23:46.267 D/LOWI-9.0.0.80( 1024): [LOWI-Scan] is_qcom_ie, bss_age: 27
11-20 00:23:46.267 D/LOWI-9.0.0.80( 1024): [LOWI-Scan] BSS 2c:57:41:89:63:c1 LOWI_PHY_MODE_11NG_HT20(5), Beacon Interval: 100, LOWI_ENCRYPTION_TYPE_WPA_PSK 11mcRanging: No, ANQP: No, LCI: No, Civic: No, capability(0x1411): ESS Privacy ShortSlotTime
11-20 00:23:46.267 D/LOWI-9.0.0.80( 1024): [LOWI-Scan] BSS 2c:57:41:89:63:c1 FREQ: 2437, cFreq1[40:80:160] = [0:0:0] cFreq2 = 0 Country Code = US
11-20 00:23:46.267 D/LOWI-9.0.0.80( 1024): [LOWI-Scan] BSS 2c:57:41:89:63:c1 (wlan0) ASSO: NO AddInfo: 0x0, TSF 0, 08:36:12.521, RSSI: -160, CPL: 2, AGE: 0,  SSID kittyhawk, TSFDelta: 0x0, TXRate: 0
11-20 00:23:46.268 D/LOWI-9.0.0.80( 1024): [LOWI-Scan] 
11-20 00:23:46.268 D/LOWI-9.0.0.80( 1024): [LOWI-Scan] print_bss_handler: Report Probe TSF 30972521179 as it greater than Beacon TSF 30893923543
11-20 00:23:46.268 I/LOWI-9.0.0.80( 1024): [LOWI-Scan] RSN_IE
11-20 00:23:46.268 D/LOWI-9.0.0.80( 1024): [LOWI-Scan] decode_rsn_wpa_ie: Entered
11-20 00:23:46.268 D/LOWI-9.0.0.80( 1024): [LOWIUtils] hexDump: msg(30 14 01 00 00 0f ac 04 01 00 00 0f ac 04 01 00 00 0f ac 02 )
11-20 00:23:46.268 D/LOWI-9.0.0.80( 1024): [LOWI-Scan] decode_rsn_wpa_ie: LOWI_ENCRYPTION_TYPE_WPA_PSK
11-20 00:23:46.268 D/LOWI-9.0.0.80( 1024): [LOWI-Scan] is_qcom_ie, bss_age: 14
11-20 00:23:46.268 D/LOWI-9.0.0.80( 1024): [LOWI-Scan] BSS fe:2d:5a:49:61:eb LOWI_PHY_MODE_11AC_VHT20_2G(11), Beacon Interval: 100, LOWI_ENCRYPTION_TYPE_WPA_PSK 11mcRanging: No, ANQP: Yes, LCI: No, Civic: No, capability(0x1431): ESS Privacy ShortPreamble ShortSlotTime
11-20 00:23:46.268 D/LOWI-9.0.0.80( 1024): [LOWI-Scan] BSS fe:2d:5a:49:61:eb FREQ: 2452, cFreq1[40:80:160] = [0:0:0] cFreq2 = 0 Country Code =    
11-20 00:23:46.268 D/LOWI-9.0.0.80( 1024): [LOWI-Scan] BSS fe:2d:5a:49:61:eb (wlan0) ASSO: NO AddInfo: 0x0, TSF 0, 08:36:12.521, RSSI: -112, CPL: 127, AGE: 0,  SSID Pixel_R2, TSFDelta: 0x0, TXRate: 0
11-20 00:23:46.269 D/LOWI-9.0.0.80( 1024): [LOWI-Scan] 
11-20 00:23:46.269 D/LOWI-9.0.0.80( 1024): [LOWI-Scan] print_bss_handler: Report Probe TSF 30972521116 as it greater than Beacon TSF 30606306271
11-20 00:23:46.269 I/LOWI-9.0.0.80( 1024): [LOWI-Scan] RSN_IE
11-20 00:23:46.269 D/LOWI-9.0.0.80( 1024): [LOWI-Scan] decode_rsn_wpa_ie: Entered
11-20 00:23:46.269 D/LOWI-9.0.0.80( 1024): [LOWIUtils] hexDump: msg(30 14 01 00 00 0f ac 04 01 00 00 0f ac 04 01 00 00 0f ac 02 )
11-20 00:23:46.269 D/LOWI-9.0.0.80( 1024): [LOWI-Scan] decode_rsn_wpa_ie: LOWI_ENCRYPTION_TYPE_WPA_PSK
11-20 00:23:46.269 D/LOWI-9.0.0.80( 1024): [LOWI-Scan] is_qcom_ie, bss_age: 49
11-20 00:23:46.269 D/LOWI-9.0.0.80( 1024): [LOWI-Scan] BSS 12:d7:96:61:85:9f LOWI_PHY_MODE_11AC_VHT20_2G(11), Beacon Interval: 100, LOWI_ENCRYPTION_TYPE_WPA_PSK 11mcRanging: No, ANQP: Yes, LCI: No, Civic: No, capability(0x1431): ESS Privacy ShortPreamble ShortSlotTime
11-20 00:23:46.269 D/LOWI-9.0.0.80( 1024): [LOWI-Scan] BSS 12:d7:96:61:85:9f FREQ: 2412, cFreq1[40:80:160] = [0:0:0] cFreq2 = 0 Country Code =    
11-20 00:23:46.269 D/LOWI-9.0.0.80( 1024): [LOWI-Scan] BSS 12:d7:96:61:85:9f (wlan0) ASSO: NO AddInfo: 0x0, TSF 0, 08:36:12.521, RSSI: -108, CPL: 127, AGE: 0,  SSID Pixel_R5, TSFDelta: 0x0, TXRate: 0
11-20 00:23:46.270 D/LOWI-9.0.0.80( 1024): [LOWI-Scan] 
11-20 00:23:46.270 D/LOWI-9.0.0.80( 1024): [LOWI-Scan] print_bss_handler: Report Probe TSF 30972521237 as it greater than Beacon TSF 30943773212
11-20 00:23:46.270 I/LOWI-9.0.0.80( 1024): [LOWI-Scan] RSN_IE
11-20 00:23:46.270 D/LOWI-9.0.0.80( 1024): [LOWI-Scan] decode_rsn_wpa_ie: Entered
11-20 00:23:46.270 D/LOWI-9.0.0.80( 1024): [LOWIUtils] hexDump: msg(30 14 01 00 00 0f ac 04 01 00 00 0f ac 04 01 00 00 0f ac 02 )
11-20 00:23:46.270 D/LOWI-9.0.0.80( 1024): [LOWI-Scan] decode_rsn_wpa_ie: LOWI_ENCRYPTION_TYPE_WPA_PSK
11-20 00:23:46.270 D/LOWI-9.0.0.80( 1024): [LOWI-Scan] is_qcom_ie, bss_age: 49
11-20 00:23:46.270 D/LOWI-9.0.0.80( 1024): [LOWI-Scan] BSS 2c:57:41:86:8a:a1 LOWI_PHY_MODE_11NG_HT20(5), Beacon Interval: 100, LOWI_ENCRYPTION_TYPE_WPA_PSK 11mcRanging: No, ANQP: No, LCI: No, Civic: No, capability(0x1411): ESS Privacy ShortSlotTime
11-20 00:23:46.270 D/LOWI-9.0.0.80( 1024): [LOWI-Scan] BSS 2c:57:41:86:8a:a1 FREQ: 2412, cFreq1[40:80:160] = [0:0:0] cFreq2 = 0 Country Code = US
11-20 00:23:46.270 D/LOWI-9.0.0.80( 1024): [LOWI-Scan] BSS 2c:57:41:86:8a:a1 (wlan0) ASSO: NO AddInfo: 0x0, TSF 0, 08:36:12.521, RSSI: -134, CPL: 3, AGE: 0,  SSID kittyhawk, TSFDelta: 0x0, TXRate: 0
11-20 00:23:46.271 D/LOWI-9.0.0.80( 1024): [LOWI-Scan] 
11-20 00:23:46.271 D/LOWI-9.0.0.80( 1024): [LOWI-Scan] print_bss_handler: Report Probe TSF 30972521250 as it greater than Beacon TSF 30893923686
11-20 00:23:46.271 I/LOWI-9.0.0.80( 1024): [LOWI-Scan] RSN_IE
11-20 00:23:46.271 D/LOWI-9.0.0.80( 1024): [LOWI-Scan] decode_rsn_wpa_ie: Entered
11-20 00:23:46.271 D/LOWI-9.0.0.80( 1024): [LOWIUtils] hexDump: msg(30 14 01 00 00 0f ac 04 01 00 00 0f ac 04 01 00 00 0f ac 02 )
11-20 00:23:46.271 D/LOWI-9.0.0.80( 1024): [LOWI-Scan] decode_rsn_wpa_ie: LOWI_ENCRYPTION_TYPE_WPA_PSK
11-20 00:23:46.271 D/LOWI-9.0.0.80( 1024): [LOWI-Scan] is_qcom_ie, bss_age: 50
11-20 00:23:46.271 D/LOWI-9.0.0.80( 1024): [LOWI-Scan] BSS 2c:57:41:88:72:e1 LOWI_PHY_MODE_11NG_HT20(5), Beacon Interval: 100, LOWI_ENCRYPTION_TYPE_WPA_PSK 11mcRanging: No, ANQP: No, LCI: No, Civic: No, capability(0x1411): ESS Privacy ShortSlotTime
11-20 00:23:46.271 D/LOWI-9.0.0.80( 1024): [LOWI-Scan] BSS 2c:57:41:88:72:e1 FREQ: 2412, cFreq1[40:80:160] = [0:0:0] cFreq2 = 0 Country Code = US
11-20 00:23:46.271 D/LOWI-9.0.0.80( 1024): [LOWI-Scan] BSS 2c:57:41:88:72:e1 (wlan0) ASSO: NO AddInfo: 0x0, TSF 0, 08:36:12.521, RSSI: -150, CPL: 3, AGE: 0,  SSID kittyhawk, TSFDelta: 0x0, TXRate: 0
11-20 00:23:46.271 D/LOWI-9.0.0.80( 1024): [LOWI-Scan] 
11-20 00:23:46.271 D/LOWI-9.0.0.80( 1024): [LOWI-Scan] print_bss_handler: Report Probe TSF 30972521195 as it greater than Beacon TSF 30893923583
11-20 00:23:46.271 I/LOWI-9.0.0.80( 1024): [LOWI-Scan] RSN_IE
11-20 00:23:46.271 D/LOWI-9.0.0.80( 1024): [LOWI-Scan] decode_rsn_wpa_ie: Entered
11-20 00:23:46.271 D/LOWI-9.0.0.80( 1024): [LOWIUtils] hexDump: msg(30 14 01 00 00 0f ac 04 01 00 00 0f ac 04 01 00 00 0f ac 02 )
11-20 00:23:46.272 D/LOWI-9.0.0.80( 1024): [LOWI-Scan] decode_rsn_wpa_ie: LOWI_ENCRYPTION_TYPE_WPA_PSK
11-20 00:23:46.272 D/LOWI-9.0.0.80( 1024): [LOWI-Scan] is_qcom_ie, bss_age: 47
11-20 00:23:46.272 D/LOWI-9.0.0.80( 1024): [LOWI-Scan] BSS 18:64:72:60:2b:40 LOWI_PHY_MODE_11NG_HT20(5), Beacon Interval: 100, LOWI_ENCRYPTION_TYPE_WPA_PSK 11mcRanging: No, ANQP: No, LCI: No, Civic: No, capability(0x0431): ESS Privacy ShortPreamble ShortSlotTime
11-20 00:23:46.272 D/LOWI-9.0.0.80( 1024): [LOWI-Scan] BSS 18:64:72:60:2b:40 FREQ: 2412, cFreq1[40:80:160] = [0:0:0] cFreq2 = 0 Country Code =    
11-20 00:23:46.272 D/LOWI-9.0.0.80( 1024): [LOWI-Scan] BSS 18:64:72:60:2b:40 (wlan0) ASSO: NO AddInfo: 0x0, TSF 0, 08:36:12.521, RSSI: -140, CPL: 127, AGE: 0,  SSID lab-t24103779, TSFDelta: 0x0, TXRate: 0
11-20 00:23:46.272 D/LOWI-9.0.0.80( 1024): [LOWI-Scan] 
11-20 00:23:46.272 D/LOWI-9.0.0.80( 1024): [LOWI-Scan] print_bss_handler: Report Probe TSF 30972521103 as it greater than Beacon TSF 0
11-20 00:23:46.272 I/LOWI-9.0.0.80( 1024): [LOWI-Scan] RSN_IE
11-20 00:23:46.272 D/LOWI-9.0.0.80( 1024): [LOWI-Scan] decode_rsn_wpa_ie: Entered
11-20 00:23:46.273 D/LOWI-9.0.0.80( 1024): [LOWIUtils] hexDump: msg(30 14 01 00 00 0f ac 04 01 00 00 0f ac 04 01 00 00 0f ac 02 )
11-20 00:23:46.273 D/LOWI-9.0.0.80( 1024): [LOWI-Scan] decode_rsn_wpa_ie: LOWI_ENCRYPTION_TYPE_WPA_PSK
11-20 00:23:46.273 D/LOWI-9.0.0.80( 1024): [LOWI-Scan] is_qcom_ie, bss_age: 42
11-20 00:23:46.273 D/LOWI-9.0.0.80( 1024): [LOWI-Scan] BSS 52:b8:14:37:74:3f LOWI_PHY_MODE_11AC_VHT20_2G(11), Beacon Interval: 100, LOWI_ENCRYPTION_TYPE_WPA_PSK 11mcRanging: No, ANQP: No, LCI: No, Civic: No, capability(0x1431): ESS Privacy ShortPreamble ShortSlotTime
11-20 00:23:46.273 D/LOWI-9.0.0.80( 1024): [LOWI-Scan] BSS 52:b8:14:37:74:3f FREQ: 2417, cFreq1[40:80:160] = [0:0:0] cFreq2 = 0 Country Code =    
11-20 00:23:46.273 D/LOWI-9.0.0.80( 1024): [LOWI-Scan] BSS 52:b8:14:37:74:3f (wlan0) ASSO: NO AddInfo: 0x0, TSF 0, 08:36:12.521, RSSI: -104, CPL: 127, AGE: 0,  SSID Pixel_8668, TSFDelta: 0x0, TXRate: 0
11-20 00:23:46.273 D/LOWI-9.0.0.80( 1024): [LOWI-Scan] 
11-20 00:23:46.273 D/LOWI-9.0.0.80( 1024): [LOWI-Scan] print_bss_handler: Report Probe TSF 30972521280 as it greater than Beacon TSF 0
11-20 00:23:46.273 I/LOWI-9.0.0.80( 1024): [LOWI-Scan] RSN_IE
11-20 00:23:46.273 D/LOWI-9.0.0.80( 1024): [LOWI-Scan] decode_rsn_wpa_ie: Entered
11-20 00:23:46.273 D/LOWI-9.0.0.80( 1024): [LOWIUtils] hexDump: msg(30 14 01 00 00 0f ac 04 01 00 00 0f ac 04 01 00 00 0f ac 02 )
11-20 00:23:46.273 D/LOWI-9.0.0.80( 1024): [LOWI-Scan] decode_rsn_wpa_ie: LOWI_ENCRYPTION_TYPE_WPA_PSK
11-20 00:23:46.273 D/LOWI-9.0.0.80( 1024): [LOWI-Scan] is_qcom_ie, bss_age: 50
11-20 00:23:46.273 D/LOWI-9.0.0.80( 1024): [LOWI-Scan] BSS 2c:57:41:89:53:21 LOWI_PHY_MODE_11NG_HT20(5), Beacon Interval: 100, LOWI_ENCRYPTION_TYPE_WPA_PSK 11mcRanging: No, ANQP: No, LCI: No, Civic: No, capability(0x1411): ESS Privacy ShortSlotTime
11-20 00:23:46.273 D/LOWI-9.0.0.80( 1024): [LOWI-Scan] BSS 2c:57:41:89:53:21 FREQ: 2412, cFreq1[40:80:160] = [0:0:0] cFreq2 = 0 Country Code = US
11-20 00:23:46.273 D/LOWI-9.0.0.80( 1024): [LOWI-Scan] BSS 2c:57:41:89:53:21 (wlan0) ASSO: NO AddInfo: 0x0, TSF 0, 08:36:12.521, RSSI: -158, CPL: 3, AGE: 0,  SSID kittyhawk, TSFDelta: 0x0, TXRate: 0
11-20 00:23:46.274 D/LOWI-9.0.0.80( 1024): [LOWI-Scan] 
11-20 00:23:46.274 D/LOWI-9.0.0.80( 1024): [LOWI-Scan] print_bss_handler: Report Probe TSF 30972521306 as it greater than Beacon TSF 0
11-20 00:23:46.274 I/LOWI-9.0.0.80( 1024): [LOWI-Scan] RSN_IE
11-20 00:23:46.274 D/LOWI-9.0.0.80( 1024): [LOWI-Scan] decode_rsn_wpa_ie: Entered
11-20 00:23:46.274 D/LOWI-9.0.0.80( 1024): [LOWIUtils] hexDump: msg(30 14 01 00 00 0f ac 04 01 00 00 0f ac 04 01 00 00 0f ac 02 )
11-20 00:23:46.274 D/LOWI-9.0.0.80( 1024): [LOWI-Scan] decode_rsn_wpa_ie: LOWI_ENCRYPTION_TYPE_WPA_PSK
11-20 00:23:46.274 D/LOWI-9.0.0.80( 1024): [LOWI-Scan] is_qcom_ie, bss_age: 50
11-20 00:23:46.274 D/LOWI-9.0.0.80( 1024): [LOWI-Scan] BSS 2c:57:41:86:7a:61 LOWI_PHY_MODE_11NG_HT20(5), Beacon Interval: 100, LOWI_ENCRYPTION_TYPE_WPA_PSK 11mcRanging: No, ANQP: No, LCI: No, Civic: No, capability(0x1411): ESS Privacy ShortSlotTime
11-20 00:23:46.274 D/LOWI-9.0.0.80( 1024): [LOWI-Scan] BSS 2c:57:41:86:7a:61 FREQ: 2412, cFreq1[40:80:160] = [0:0:0] cFreq2 = 0 Country Code = US
11-20 00:23:46.274 D/LOWI-9.0.0.80( 1024): [LOWI-Scan] BSS 2c:57:41:86:7a:61 (wlan0) ASSO: NO AddInfo: 0x0, TSF 0, 08:36:12.521, RSSI: -158, CPL: 3, AGE: 0,  SSID kittyhawk, TSFDelta: 0x0, TXRate: 0
11-20 00:23:46.275 D/LOWI-9.0.0.80( 1024): [LOWI-Scan] 
11-20 00:23:46.275 D/LOWI-9.0.0.80( 1024): [LOWI-Scan] print_bss_handler: Report Probe TSF 30972521267 as it greater than Beacon TSF 0
11-20 00:23:46.275 I/LOWI-9.0.0.80( 1024): [LOWI-Scan] RSN_IE
11-20 00:23:46.275 D/LOWI-9.0.0.80( 1024): [LOWI-Scan] decode_rsn_wpa_ie: Entered
11-20 00:23:46.275 D/LOWI-9.0.0.80( 1024): [LOWIUtils] hexDump: msg(30 14 01 00 00 0f ac 04 01 00 00 0f ac 04 01 00 00 0f ac 02 )
11-20 00:23:46.275 D/LOWI-9.0.0.80( 1024): [LOWI-Scan] decode_rsn_wpa_ie: LOWI_ENCRYPTION_TYPE_WPA_PSK
11-20 00:23:46.275 D/LOWI-9.0.0.80( 1024): [LOWI-Scan] is_qcom_ie, bss_age: 3
11-20 00:23:46.275 D/LOWI-9.0.0.80( 1024): [LOWI-Scan] BSS 2c:57:41:86:85:21 LOWI_PHY_MODE_11NG_HT20(5), Beacon Interval: 100, LOWI_ENCRYPTION_TYPE_WPA_PSK 11mcRanging: No, ANQP: No, LCI: No, Civic: No, capability(0x1411): ESS Privacy ShortSlotTime
11-20 00:23:46.275 D/LOWI-9.0.0.80( 1024): [LOWI-Scan] BSS 2c:57:41:86:85:21 FREQ: 2462, cFreq1[40:80:160] = [0:0:0] cFreq2 = 0 Country Code = US
11-20 00:23:46.275 D/LOWI-9.0.0.80( 1024): [LOWI-Scan] BSS 2c:57:41:86:85:21 (wlan0) ASSO: NO AddInfo: 0x0, TSF 0, 08:36:12.521, RSSI: -160, CPL: 2, AGE: 0,  SSID kittyhawk, TSFDelta: 0x0, TXRate: 0
11-20 00:23:46.276 D/LOWI-9.0.0.80( 1024): [LOWI-Scan] 
11-20 00:23:46.276 D/LOWI-9.0.0.80( 1024): [LOWI-Scan] print_bss_handler: Report Probe TSF 30972521069 as it greater than Beacon TSF 0
11-20 00:23:46.276 I/LOWI-9.0.0.80( 1024): [LOWI-Scan] RSN_IE
11-20 00:23:46.276 D/LOWI-9.0.0.80( 1024): [LOWI-Scan] decode_rsn_wpa_ie: Entered
11-20 00:23:46.276 D/LOWI-9.0.0.80( 1024): [LOWIUtils] hexDump: msg(30 14 01 00 00 0f ac 04 01 00 00 0f ac 04 01 00 00 0f ac 02 )
11-20 00:23:46.276 D/LOWI-9.0.0.80( 1024): [LOWI-Scan] decode_rsn_wpa_ie: LOWI_ENCRYPTION_TYPE_WPA_PSK
11-20 00:23:46.276 D/LOWI-9.0.0.80( 1024): [LOWI-Scan] is_qcom_ie, bss_age: 47
11-20 00:23:46.276 D/LOWI-9.0.0.80( 1024): [LOWI-Scan] BSS be:9e:0e:1c:6e:7f LOWI_PHY_MODE_11AC_VHT20_2G(11), Beacon Interval: 100, LOWI_ENCRYPTION_TYPE_WPA_PSK 11mcRanging: No, ANQP: No, LCI: No, Civic: No, capability(0x1431): ESS Privacy ShortPreamble ShortSlotTime
11-20 00:23:46.276 D/LOWI-9.0.0.80( 1024): [LOWI-Scan] BSS be:9e:0e:1c:6e:7f FREQ: 2412, cFreq1[40:80:160] = [0:0:0] cFreq2 = 0 Country Code =    
11-20 00:23:46.276 D/LOWI-9.0.0.80( 1024): [LOWI-Scan] BSS be:9e:0e:1c:6e:7f (wlan0) ASSO: NO AddInfo: 0x0, TSF 0, 08:36:12.521, RSSI: -98, CPL: 127, AGE: 0,  SSID Pixel_3541, TSFDelta: 0x0, TXRate: 0
11-20 00:23:46.277 D/LOWI-9.0.0.80( 1024): [LOWI-Scan] 
11-20 00:23:46.277 D/LOWI-9.0.0.80( 1024): [LOWI-Scan] print_bss_handler: Report Probe TSF 30972521322 as it greater than Beacon TSF 0
11-20 00:23:46.277 I/LOWI-9.0.0.80( 1024): [LOWI-Scan] RSN_IE
11-20 00:23:46.277 D/LOWI-9.0.0.80( 1024): [LOWI-Scan] decode_rsn_wpa_ie: Entered
11-20 00:23:46.277 D/LOWI-9.0.0.80( 1024): [LOWIUtils] hexDump: msg(30 18 01 00 00 0f ac 02 02 00 00 0f ac 02 00 0f ac 04 01 00 00 0f ac 02 )
11-20 00:23:46.277 D/LOWI-9.0.0.80( 1024): [LOWI-Scan] decode_rsn_wpa_ie: LOWI_ENCRYPTION_TYPE_WPA_PSK
11-20 00:23:46.277 D/LOWI-9.0.0.80( 1024): [LOWI-Scan] is_qcom_ie, bss_age: 25
11-20 00:23:46.277 D/LOWI-9.0.0.80( 1024): [LOWI-Scan] BSS 18:4f:32:07:46:03 LOWI_PHY_MODE_11NG_HT20(5), Beacon Interval: 100, LOWI_ENCRYPTION_TYPE_WPA_PSK 11mcRanging: No, ANQP: No, LCI: No, Civic: No, capability(0x0431): ESS Privacy ShortPreamble ShortSlotTime
11-20 00:23:46.277 D/LOWI-9.0.0.80( 1024): [LOWI-Scan] BSS 18:4f:32:07:46:03 FREQ: 2437, cFreq1[40:80:160] = [0:0:0] cFreq2 = 0 Country Code =    
11-20 00:23:46.277 D/LOWI-9.0.0.80( 1024): [LOWI-Scan] BSS 18:4f:32:07:46:03 (wlan0) ASSO: NO AddInfo: 0x0, TSF 0, 08:36:12.521, RSSI: -170, CPL: 127, AGE: 0,  SSID HP-Print-03-LaserJet Pro MFP, TSFDelta: 0x0, TXRate: 0
11-20 00:23:46.277 D/LOWI-9.0.0.80( 1024): [LOWIDiagLog] Log: lowiMeasResult->request: invalid null argument
11-20 00:23:46.277 I/LOWI-9.0.0.80( 1024): [LOWI-Scan] lowi_close_record:Scan done in 30928760ms, 19 APs in scan results
11-20 00:23:46.277 D/LOWI-9.0.0.80( 1024): [LOWI-Scan] WipsScanUsingNL: passive scan cached 0, took 9256 ms, err 0
11-20 00:23:46.277 D/LOWI-9.0.0.80( 1024): [LOWI-Scan] lowi_proc_req_passive_scan_with_live_meas - No WLAN Frames to be parsed
11-20 00:23:46.277 D/LOWI-9.0.0.80( 1024): [LOWIScanResultReceiver] Send scan meas to listener
11-20 00:23:46.277 D/LOWI-9.0.0.80( 1024): [LOWIScanResultReceiver] Enter passive listening mode
11-20 00:23:46.277 D/LOWI-9.0.0.80( 1024): [LOWIWifiDriverInterface] getMeasurements - Passive listening mode
11-20 00:23:46.278 D/LOWI-9.0.0.80( 1024): [LOWI-Scan] WipsScanUsingNL:wait -1 sec for netlink message
11-20 00:23:46.278 D/LOWI-9.0.0.80( 1024): [LOWIEventReceiver] handleEvent:FROM:NA, TO:NA, REQ:NA, IREQ:NA, REQ_ID:0, RESP:NA, INFO:NA
11-20 00:23:46.278 D/LOWI-9.0.0.80( 1024): [LOWIBackgroundScanMgr] isRspForBgScanMgr: evt(LOWI_NO_EVT) - not handled
11-20 00:23:46.278 D/LOWI-9.0.0.80( 1024): [LOWIScheduler] manageMsg: NULL results or NULL request in results
11-20 00:23:46.278 D/LOWI-9.0.0.80( 1024): [LOWIController] Measurements received
11-20 00:23:46.278 D/LOWI-9.0.0.80( 1024): [LOWICacheManager] putInCache:Num of Meas to add: 19
11-20 00:23:46.281 D/LOWI-9.0.0.80( 1024): [LOWIController] processMeasurementResults: No current Request. Cache measurements
11-20 00:23:46.281 D/LOWI-9.0.0.80( 1024): [LOWIControllerExtn] sendLOWILpDiscoveryScanResponse: Not a discovery scan response
11-20 00:23:46.284 D/PasspointManager( 1194): ANQP entry not found for: c6:82:9b:4e:b3:9e:<Pixel_R6>
11-20 00:23:46.284 D/PasspointManager( 1194): ANQP entry not found for: 5e:6e:be:46:77:d7:<Pixel_R3>
11-20 00:23:46.284 D/PasspointManager( 1194): ANQP entry not found for: ce:dc:12:3b:87:fd:<Pixel5_R1>
11-20 00:23:46.284 D/PasspointManager( 1194): ANQP entry not found for: fe:2d:5a:49:61:eb:<Pixel_R2>
11-20 00:23:46.284 D/PasspointManager( 1194): ANQP entry not found for: 12:d7:96:61:85:9f:<Pixel_R5>
11-20 00:23:46.335 D/WifiSharingService( 2841): Sending scanResults intent with status code 0: PendingIntent{e1c554e: android.os.BinderProxy@a8f8933}
11-20 00:23:46.341 D/CompatibilityInfo( 1194): mCompatibilityFlags - 4
11-20 00:23:46.341 D/CompatibilityInfo( 1194): applicationDensity - 320
11-20 00:23:46.341 D/CompatibilityInfo( 1194): applicationScale - 1.0
11-20 00:23:46.804 E/QMI_FW  ( 1113): qmi_cci_get_ref: ref count increased 2
11-20 00:23:46.806 E/QMI_FW  ( 1113): qmi_cci_get_ref: ref count increased 2
11-20 00:23:46.816 I/WearableConnectivityManager( 2581): LTE Signal strength is: 2
11-20 00:23:46.816 I/WearableConnectivityManager( 2581): Cellular Signal strength is: 2
11-20 00:23:46.817 D/RadioLinkQualityScoreBuilder( 1975): scoreRsrp: 3scoreRsrq: 2scoreRssnr: 2
11-20 00:23:48.133 W/HWComposer(  577): Ignoring duplicate VSYNC event from HWC for display 0 (t=30974396570006)
11-20 00:23:48.167 W/HWComposer(  577): Ignoring duplicate VSYNC event from HWC for display 0 (t=30974430335058)
11-20 00:23:48.218 W/HWComposer(  577): Ignoring duplicate VSYNC event from HWC for display 0 (t=30974480900371)
11-20 00:23:48.654 D/UIAutomatorStub( 6249): URI: /jsonrpc/0, Method: POST, Header: {content-length=229, remote-addr=127.0.0.1, http-client-ip=127.0.0.1, host=localhost:9010, content-type=application/json, accept-encoding=identity}, params, {NanoHttpd.QUERY_STRING=null}, files: {postData={"jsonrpc": "2.0", "method": "objInfo", "id": "621dc767b11aebe7cbe67e2cf4fe78b5", "params": [{"mask": 2097152, "childOrSibling": [], "childOrSiblingSelector": [], "resourceId": "com.facebook.wearable.system.settings:id/toggle"}]}}
11-20 00:23:48.737 D/UIAutomatorStub( 6249): URI: /jsonrpc/0, Method: POST, Header: {content-length=227, remote-addr=127.0.0.1, http-client-ip=127.0.0.1, host=localhost:9010, content-type=application/json, accept-encoding=identity}, params, {NanoHttpd.QUERY_STRING=null}, files: {postData={"jsonrpc": "2.0", "method": "click", "id": "944c7aed78bb4b1a6ad29b4a02404983", "params": [{"mask": 2097152, "childOrSibling": [], "childOrSiblingSelector": [], "resourceId": "com.facebook.wearable.system.settings:id/toggle"}]}}
11-20 00:23:48.787 D/WifiSharingService( 2841): Setting Wi-Fi enabled state
11-20 00:23:48.788 I/WifiService( 1194): setWifiEnabled package=com.facebook.wearable.system.connectivity uid=1000 enable=false
11-20 00:23:48.790 D/QCNEJ/WlanStaInfoRelay( 1900): onChange for uri = content://settings/global/wifi_on
11-20 00:23:48.791 D/WifiActiveModeWarden( 1194): Switching all client mode managers
11-20 00:23:48.796 E/QMI_FW  (  927): qmi_cci_get_ref: ref count increased 2
11-20 00:23:48.802 D/WifiClientModeManager1( 1194): IMS not registered over IWLAN for subId: 1
11-20 00:23:48.802 D/WifiP2pService( 1194): Wifi enabled=false, P2P Interface availability=true
11-20 00:23:48.802 D/WifiClientModeManager1( 1194): The target role 5
11-20 00:23:48.803 D/WifiP2pNative( 1194): Teardown P2P interface
11-20 00:23:48.809 I/android_os_HwBinder( 1194): HwBinder: Starting thread pool for getting: android.hardware.wifi.supplicant@1.0::ISupplicant/default
11-20 00:23:48.812 D/WifiP2pService( 1194): Wifi enabled=false, P2P Interface availability=true
11-20 00:23:48.813 I/wpa_supplicant(20553): wlan0: Do not deauthenticate as part of interface deinit since WoWLAN is enabled
11-20 00:23:48.816 W/ContextImpl( 1194): Calling a method in the system process without a qualified user: android.app.ContextImpl.sendBroadcastMultiplePermissions:1143 android.content.Context.sendBroadcastWithMultiplePermissions:2150 com.android.server.display.WifiDisplayAdapter.handleSendStatusChangeBroadcast:440 com.android.server.display.WifiDisplayAdapter.access$1700:63 com.android.server.display.WifiDisplayAdapter$WifiDisplayHandler.handleMessage:675 
11-20 00:23:48.857 I/wpa_supplicant(20553): Try to unregister vendor STA network
11-20 00:23:48.857 E/wpa_supplicant(20553): eap_proxy: pthread_join on eap_proxy=0x4371eac
11-20 00:23:48.857 E/wpa_supplicant(20553): eap_proxy: session not started for client = 1
11-20 00:23:48.857 E/QMI_FW  (20553): qmi_cci_get_ref: ref count increased 2
11-20 00:23:48.857 E/QMI_FW  (20553): qmi_cci_get_ref: ref count increased 2
11-20 00:23:48.858 E/wpa_supplicant(20553): eap_proxy: Released QMI UIM service client
11-20 00:23:48.858 E/QMI_FW  (20553): qmi_cci_get_ref: ref count increased 2
11-20 00:23:48.858 E/QMI_FW  (20553): qmi_cci_get_ref: ref count increased 2
11-20 00:23:48.858 E/wpa_supplicant(20553): eap_proxy: Released QMI EAP service client
11-20 00:23:48.858 E/wpa_supplicant(20553): eap_proxy: session not started for client = 2
11-20 00:23:48.858 E/QMI_FW  (20553): qmi_cci_get_ref: ref count increased 2
11-20 00:23:48.858 E/QMI_FW  (20553): qmi_cci_get_ref: ref count increased 2
11-20 00:23:48.862 E/wpa_supplicant(20553): eap_proxy: Released QMI UIM service client
11-20 00:23:48.862 E/QMI_FW  (20553): qmi_cci_get_ref: ref count increased 2
11-20 00:23:48.862 E/QMI_FW  (20553): qmi_cci_get_ref: ref count increased 2
11-20 00:23:48.865 E/wpa_supplicant(20553): eap_proxy: Released QMI EAP service client
11-20 00:23:48.865 I/wpa_supplicant(20553): eap_proxy: eap_proxy Deinitialzed
11-20 00:23:48.899 I/wpa_supplicant(20553): nl80211: deinit ifname=wlan0 disabled_11b_rates=0
11-20 00:23:48.957 I/wpa_supplicant(20553): Try to unregister vendor interface
11-20 00:23:48.959 D/LOWI-9.0.0.80( 1024): [LOWINetlinkSocketReceiver] unpackRTMLinkMessage: RTM_NEWLINK - ifname wlan0, flags 0x11043 ([UP][RUNNING])
11-20 00:23:48.959 D/LOWI-9.0.0.80( 1024): [LOWINetlinkSocketReceiver] processNetlinkPacket: ifname(wlan0) status(2)
11-20 00:23:48.959 D/LOWI-9.0.0.80( 1024): [LOWIController] intfStateReceived: ifname(wlan0) state(2)
11-20 00:23:48.960 D/LOWI-9.0.0.80( 1024): [LOWIEventReceiver] handleEvent:FROM:NA, TO:NA, REQ:NA, IREQ:NA, REQ_ID:0, RESP:NA, INFO:INTF-STATUS-UPDATE
11-20 00:23:48.960 D/LOWI-9.0.0.80( 1024): [LOWIEventReceiver] Info to [INTF-STATUS-UPDATE]
11-20 00:23:48.960 D/LOWI-9.0.0.80( 1024): [LOWIController] updateIntfState: WIFI enabled 2 mNlWifiStatus 2 mWifiStateEnabled 1
11-20 00:23:48.960 D/LOWI-9.0.0.80( 1024): [LOWIController] isWifiEnabled: mNlWifiStatus 2 mWifiStateEnabled 1
11-20 00:23:48.961 I/wpa_supplicant(20553): p2p0: Do not deauthenticate as part of interface deinit since WoWLAN is enabled
11-20 00:23:48.983 W/system_server( 1194): Long monitor contention with owner WifiHandlerThread (1636) at boolean com.android.server.wifi.SupplicantStaIfaceHal.removeIfaceV1_1(java.lang.String)(SupplicantStaIfaceHal.java:810) waiters=0 in void com.android.server.wifi.SupplicantStaIfaceCallbackImpl.onNetworkRemoved(int) for 104ms
11-20 00:23:48.987 I/SupplicantStaIfaceHal( 1194): Terminating supplicant using HIDL
11-20 00:23:48.996 E/wpa_supplicant(20553): eap_proxy: pthread_join on eap_proxy=0x4371fa8
11-20 00:23:48.997 E/wpa_supplicant(20553): eap_proxy: session not started for client = 1
11-20 00:23:48.997 E/QMI_FW  (20553): qmi_cci_get_ref: ref count increased 2
11-20 00:23:48.997 E/QMI_FW  (20553): qmi_cci_get_ref: ref count increased 2
11-20 00:23:48.998 E/wpa_supplicant(20553): eap_proxy: Released QMI UIM service client
11-20 00:23:48.998 E/QMI_FW  (20553): qmi_cci_get_ref: ref count increased 2
11-20 00:23:48.998 E/QMI_FW  (20553): qmi_cci_get_ref: ref count increased 2
11-20 00:23:48.999 E/wpa_supplicant(20553): eap_proxy: Released QMI EAP service client
11-20 00:23:48.999 E/wpa_supplicant(20553): eap_proxy: session not started for client = 2
11-20 00:23:48.999 E/QMI_FW  (20553): qmi_cci_get_ref: ref count increased 2
11-20 00:23:48.999 E/QMI_FW  (20553): qmi_cci_get_ref: ref count increased 2
11-20 00:23:48.999 E/wpa_supplicant(20553): eap_proxy: Released QMI UIM service client
11-20 00:23:49.000 E/QMI_FW  (20553): qmi_cci_get_ref: ref count increased 2
11-20 00:23:49.000 E/QMI_FW  (20553): qmi_cci_get_ref: ref count increased 2
11-20 00:23:49.000 E/wpa_supplicant(20553): eap_proxy: Released QMI EAP service client
11-20 00:23:49.000 I/wpa_supplicant(20553): eap_proxy: eap_proxy Deinitialzed
11-20 00:23:49.039 I/wpa_supplicant(20553): nl80211: deinit ifname=p2p0 disabled_11b_rates=0
11-20 00:23:49.087 D/LOWI-9.0.0.80( 1024): [LOWINetlinkSocketReceiver] unpackRTMLinkMessage: RTM_NEWLINK - ifname p2p0, flags 0x1003 ([UP])
11-20 00:23:49.116 D/LOWI-9.0.0.80( 1024): [LOWINetlinkSocketReceiver] unpackRTMLinkMessage: RTM_NEWLINK - ifname p2p0, flags 0x1002 ()
11-20 00:23:49.118 D/LOWI-9.0.0.80( 1024): [LOWINetlinkSocketReceiver] unpackRTMLinkMessage: RTM_NEWLINK - ifname p2p0, flags 0x1002 ()
11-20 00:23:49.120 I/wpa_supplicant(20553): Try to unregister vendor p2 interface
11-20 00:23:49.121 I/WifiP2pNative( 1194): P2P interface teardown completed
11-20 00:23:49.122 D/WifiP2pNative( 1194): P2P InterfaceDestroyedListener p2p0
11-20 00:23:49.122 D/WifiP2pNative( 1194): Ignoring stale interface destroyed listener
11-20 00:23:49.122 D/WifiP2pNative( 1194): P2P InterfaceAvailableListener true
11-20 00:23:49.122 D/WifiP2pService( 1194): Wifi enabled=false, P2P Interface availability=true
11-20 00:23:49.124 I/android_os_HwBinder( 1194): HwBinder: Starting thread pool for getting: android.hardware.wifi.supplicant@1.0::ISupplicant/default
11-20 00:23:49.126 I/wpa_supplicant(20553): Terminating...
11-20 00:23:49.129 D/LOWI-9.0.0.80( 1024): [LOWINetlinkSocketReceiver] unpackRTMLinkMessage: RTM_NEWLINK - ifname wlan0, flags 0x1003 ([UP])
11-20 00:23:49.129 D/LOWI-9.0.0.80( 1024): [LOWINetlinkSocketReceiver] processNetlinkPacket: ifname(wlan0) status(1)
11-20 00:23:49.129 D/LOWI-9.0.0.80( 1024): [LOWIController] intfStateReceived: ifname(wlan0) state(1)
11-20 00:23:49.131 D/LOWI-9.0.0.80( 1024): [LOWIEventReceiver] handleEvent:FROM:NA, TO:NA, REQ:NA, IREQ:NA, REQ_ID:0, RESP:NA, INFO:INTF-STATUS-UPDATE
11-20 00:23:49.131 D/LOWI-9.0.0.80( 1024): [LOWIEventReceiver] Info to [INTF-STATUS-UPDATE]
11-20 00:23:49.131 D/LOWI-9.0.0.80( 1024): [LOWIController] updateIntfState: WIFI enabled 1 mNlWifiStatus 2 mWifiStateEnabled 1
11-20 00:23:49.131 D/LOWI-9.0.0.80( 1024): [LOWIController] isWifiEnabled: mNlWifiStatus 1 mWifiStateEnabled 1
11-20 00:23:49.171 D/LOWI-9.0.0.80( 1024): [LOWINetlinkSocketReceiver] unpackRTMLinkMessage: RTM_NEWLINK - ifname wlan0, flags 0x1003 ([UP])
11-20 00:23:49.171 D/LOWI-9.0.0.80( 1024): [LOWINetlinkSocketReceiver] processNetlinkPacket: ifname(wlan0) status(1)
11-20 00:23:49.171 D/LOWI-9.0.0.80( 1024): [LOWIController] intfStateReceived: ifname(wlan0) state(1)
11-20 00:23:49.173 D/LOWI-9.0.0.80( 1024): [LOWIEventReceiver] handleEvent:FROM:NA, TO:NA, REQ:NA, IREQ:NA, REQ_ID:0, RESP:NA, INFO:INTF-STATUS-UPDATE
11-20 00:23:49.173 D/LOWI-9.0.0.80( 1024): [LOWIEventReceiver] Info to [INTF-STATUS-UPDATE]
11-20 00:23:49.173 D/LOWI-9.0.0.80( 1024): [LOWIController] updateIntfState: WIFI enabled 1 mNlWifiStatus 1 mWifiStateEnabled 1
11-20 00:23:49.173 D/LOWI-9.0.0.80( 1024): [LOWIController] isWifiEnabled: mNlWifiStatus 1 mWifiStateEnabled 1
11-20 00:23:49.174 V/WifiHAL (  539): event received NL80211_CMD_DISCONNECT
11-20 00:23:49.176 W/SupplicantStaIfaceHal( 1194): Timed out waiting for confirmation of supplicant death
11-20 00:23:49.177 W/SupplicantP2pIfaceHal( 1194): ISupplicant/ISupplicantP2pIface died: cookie=0
11-20 00:23:49.177 D/SupplicantStaIfaceHal( 1194): ISupplicant died: cookie=4316927572279230548
11-20 00:23:49.178 W/SupplicantP2pIfaceHal( 1194): ISupplicant/ISupplicantP2pIface died: cookie=0
11-20 00:23:49.178 W/SupplicantP2pIfaceHal( 1194): ISupplicantVendor/ISupplicantVendorP2PIface died: cookie=0
11-20 00:23:49.179 W/SupplicantStaIfaceHal( 1194): ISupplicantVendor/ISupplicantVendorStaIface died: cookie=0
11-20 00:23:49.179 W/SupplicantP2pIfaceHal( 1194): ISupplicantVendor/ISupplicantVendorP2PIface died: cookie=0
11-20 00:23:49.179 W/SupplicantStaIfaceHal( 1194): ISupplicantVendor/ISupplicantVendorStaIface died: cookie=0
11-20 00:23:49.179 E/SupplicantStaIfaceHal( 1194): Can't call getKeyMgmtCapabilities_1_3, ISupplicantStaIface is null
11-20 00:23:49.181 V/WifiHAL (  539): WifiVendorCommand 0xaad86b98 created vendor_id:0x1374 subcmd:38
11-20 00:23:49.181 V/WifiHAL (  539): Got a Wi-Fi HAL module message from Driver
11-20 00:23:49.182 V/WifiHAL (  539): Supported feature set : 19d3d
11-20 00:23:49.182 V/WifiHAL (  539): Supported feature set acquired : 19d3d
11-20 00:23:49.182 V/WifiHAL (  539): WifiVendorCommand 0xa0792320 created vendor_id:0x1374 subcmd:76
11-20 00:23:49.182 V/WifiHAL (  539): create: mVendor_id = 4980, Subcmd = 76.
11-20 00:23:49.183 V/WifiHAL (  539): WifiVendorCommand 0xaad86cc8 created vendor_id:0x1374 subcmd:38
11-20 00:23:49.184 V/WifiHAL (  539): Got a Wi-Fi HAL module message from Driver
11-20 00:23:49.184 V/WifiHAL (  539): Supported feature set : 19d3d
11-20 00:23:49.184 V/WifiHAL (  539): Supported feature set acquired : 19d3d
11-20 00:23:49.184 V/WifiHAL (  539): WifiVendorCommand 0xa0792320 created vendor_id:0x1374 subcmd:76
11-20 00:23:49.184 V/WifiHAL (  539): create: mVendor_id = 4980, Subcmd = 76.
11-20 00:23:49.190 E/SupplicantStaIfaceHal( 1194): Can't call getWpaDriverFeatureSet, ISupplicantStaIface is null
11-20 00:23:49.191 I/WifiNative( 1194): Successfully switched to scan mode on iface=Iface:{Name=wlan0,Id=1,Type=STA_SCAN}
11-20 00:23:49.191 W/SupplicantStaIfaceHal( 1194): ISupplicant died: cookie=65
11-20 00:23:49.193 D/WifiP2pService( 1194): Wifi enabled=false, P2P Interface availability=true
11-20 00:23:49.194 D/WifiClientModeManager1( 1194): entering ScanOnlyModeState
11-20 00:23:49.195 D/WifiScanRequestProxy( 1194): Sending scan available broadcast: true
11-20 00:23:49.195 I/WifiScanningService( 1194): Received a request to enable scanning, UID = 1000
11-20 00:23:49.195 I/WifiScanRequestProxy( 1194): Scanning is enabled
11-20 00:23:49.195 I/WifiScanningService( 1194): scanner impls already exists
11-20 00:23:49.195 I/WifiScanRequestProxy( 1194): Scanning for hidden networks is disabled
11-20 00:23:49.195 E/WifiScanningService( 1194): wifi driver loaded received while already loaded
11-20 00:23:49.196 D/WakeupController( 1194): start()
11-20 00:23:49.197 D/WakeupController( 1194): Setting active to true
11-20 00:23:49.207 D/WakeupLock( 1194): Lock set. Number of networks: 1
11-20 00:23:49.210 D/WifiClientModeImpl( 1194): ClientModeImpl: Leaving Connected state
11-20 00:23:49.212 D/WifiCountryCode( 1194): updateCountryCode to US
11-20 00:23:49.212 E/SupplicantStaIfaceHal( 1194): Can't call setCountryCode, ISupplicantStaIface is null
11-20 00:23:49.212 D/WifiCountryCode( 1194): Failed to set country code to: US
11-20 00:23:49.227 E/SupplicantStaIfaceHal( 1194): Can't call listNetworks, ISupplicantStaIface is null
11-20 00:23:49.227 E/SupplicantStaIfaceHal( 1194): removeAllNetworks failed, got null networks
11-20 00:23:49.227 E/WifiClientModeImpl( 1194): Failed to remove networks on exiting connect mode
11-20 00:23:49.229 E/WakeupController( 1194): Unexpected setLastDisconnectInfo when WakeupController is active!
11-20 00:23:49.230 E/WifiVendorHal( 1194): stopRssiMonitoring(l.2106) failed {.code = ERROR_NOT_AVAILABLE, .description = }
11-20 00:23:49.230 E/SupplicantStaIfaceHal( 1194): Can't call setPowerSave, ISupplicantStaIface is null
11-20 00:23:49.230 E/SupplicantStaIfaceHal( 1194): Can't call setBtCoexistenceMode, ISupplicantStaIface is null
11-20 00:23:49.231 V/WifiClientModeImpl( 1194): stopIpClient IpClientWithPreConnection: false
11-20 00:23:49.231 V/WifiClientModeImpl( 1194): java.lang.Throwable
11-20 00:23:49.231 V/WifiClientModeImpl( 1194): 	at com.android.server.wifi.ClientModeImpl.stopIpClient(ClientModeImpl.java:1127)
11-20 00:23:49.231 V/WifiClientModeImpl( 1194): 	at com.android.server.wifi.ClientModeImpl.stopDhcpSetup(ClientModeImpl.java:1153)
11-20 00:23:49.231 V/WifiClientModeImpl( 1194): 	at com.android.server.wifi.ClientModeImpl.handleNetworkDisconnect(ClientModeImpl.java:2945)
11-20 00:23:49.231 V/WifiClientModeImpl( 1194): 	at com.android.server.wifi.ClientModeImpl.stopClientMode(ClientModeImpl.java:3889)
11-20 00:23:49.231 V/WifiClientModeImpl( 1194): 	at com.android.server.wifi.ClientModeImpl.access$4600(ClientModeImpl.java:176)
11-20 00:23:49.231 V/WifiClientModeImpl( 1194): 	at com.android.server.wifi.ClientModeImpl$ConnectModeState.exit(ClientModeImpl.java:4064)
11-20 00:23:49.231 V/WifiClientModeImpl( 1194): 	at com.android.wifi.x.com.android.internal.util.StateMachine$SmHandler.invokeExitMethods(StateMachine.java:1021)
11-20 00:23:49.231 V/WifiClientModeImpl( 1194): 	at com.android.wifi.x.com.android.internal.util.StateMachine$SmHandler.performTransitions(StateMachine.java:877)
11-20 00:23:49.231 V/WifiClientModeImpl( 1194): 	at com.android.wifi.x.com.android.internal.util.StateMachine$SmHandler.handleMessage(StateMachine.java:819)
11-20 00:23:49.231 V/WifiClientModeImpl( 1194): 	at android.os.Handler.dispatchMessage(Handler.java:106)
11-20 00:23:49.231 V/WifiClientModeImpl( 1194): 	at android.os.Looper.loop(Looper.java:223)
11-20 00:23:49.231 V/WifiClientModeImpl( 1194): 	at android.os.HandlerThread.run(HandlerThread.java:67)
11-20 00:23:49.233 D/DhcpClient( 1194): doQuit
11-20 00:23:49.234 D/WifiConnector( 2841): Network State Changed
11-20 00:23:49.234 D/ConnectivityService( 1194): [126 WIFI] EVENT_NETWORK_INFO_CHANGED, going from CONNECTED to DISCONNECTED
11-20 00:23:49.234 D/QCNEJ/WlanStaInfoRelay( 1900): Received action: android.net.wifi.STATE_CHANGE
11-20 00:23:49.235 D/QCNEJ/WlanStaInfoRelay( 1900): reset CountryCodeRetriever
11-20 00:23:49.236 D/ConnectivityService( 1194): [126 WIFI] disconnected, was satisfying 27
11-20 00:23:49.238 E/QMI_FW  (  927): qmi_cci_get_ref: ref count increased 2
11-20 00:23:49.240 D/WifiDiags( 1194): stopLogging() iface list is {} after removing wlan0
11-20 00:23:49.240 E/QMI_FW  (  927): qmi_cci_get_ref: ref count increased 2
11-20 00:23:49.242 E/WifiVendorHal( 1194): resetLogHandler(l.1558) failed {.code = ERROR_NOT_AVAILABLE, .description = }
11-20 00:23:49.242 W/WifiDiags( 1194): Fail to reset log handler
11-20 00:23:49.245 E/QMI_FW  ( 1113): qmi_cci_get_ref: ref count increased 2
11-20 00:23:49.253 D/WifiMemoryStoreImpl( 1194): Set cluster Gded792457511e862 for We4936d4057368143: SUCCESS
11-20 00:23:49.258 E/QMI_FW  ( 1113): qmi_cci_get_ref: ref count increased 2
11-20 00:23:49.268 E/QMI_FW  ( 1113): qmi_cci_get_ref: ref count increased 2
11-20 00:23:49.273 I/chatty  ( 1113): uid=1001(radio) main identical 6 lines
11-20 00:23:49.274 E/QMI_FW  ( 1113): qmi_cci_get_ref: ref count increased 2
11-20 00:23:49.276 E/QMI_FW  ( 1113): qmi_cci_get_ref: ref count increased 2
11-20 00:23:49.290 I/chatty  ( 1113): uid=1001(radio) main identical 6 lines
11-20 00:23:49.291 E/QMI_FW  ( 1113): qmi_cci_get_ref: ref count increased 2
11-20 00:23:49.308 I/GnssNetworkConnectivityHandler( 1194): Network connection lost. Available networks count: 1
11-20 00:23:49.308 I/GnssNetworkConnectivityHandler( 1194): updateNetworkState, state=CLOSED, connected=false, network=126, capabilities=[ Transports: WIFI Capabilities: NOT_METERED&INTERNET&NOT_RESTRICTED&TRUSTED&NOT_VPN&VALIDATED&NOT_ROAMING&FOREGROUND&NOT_CONGESTED&NOT_SUSPENDED LinkUpBandwidth>=68000Kbps LinkDnBandwidth>=68000Kbps SignalStrength: -30 OwnerUid: 1000 AdministratorUids: [] SSID: "MTBF_Lab" RequestorUid: -1 RequestorPackageName: null], apn: , availableNetworkCount: 1
11-20 00:23:49.310 W/LocSvc_LocIpc(  523): send:66] failed reason: No such file or directory
11-20 00:23:49.314 D/QCNEJ/WlanStaInfoRelay( 1900): network lost: 126
11-20 00:23:49.314 D/QCNEJ/WlanStaInfoRelay( 1900): onLost: unbind the process to WIFI
11-20 00:23:49.315 D/DeviceAuthService(16172): Network lost
11-20 00:23:49.315 D/QCNEJ/DefaultNetworkInfoRelay( 1900): Default network lost: 126
11-20 00:23:49.318 D/QCNEJ/NativeHalConnector( 1900): -> SND notifyDefaultNetworkChanged(1)
11-20 00:23:49.321 I/Nat464Xlat( 1194): Android Xlat is disabled
11-20 00:23:49.321 I/Nat464Xlat( 1194): Android Xlat is disabled
11-20 00:23:49.333 D/ConnectivityService( 1194): Sending DISCONNECTED broadcast for type 1 [126 WIFI] isDefaultNetwork=true
11-20 00:23:49.334 D/WifiMemoryStoreImpl( 1194): Set cluster Gded792457511e862 for Wded792457511e862: SUCCESS
11-20 00:23:49.356 D/ConnectivityService( 1194): NetReassign [8 : null → 100, 20 : null → 100, 46 : null → 100, 45 : null → 100, 626 : null → 100, 12 : null → 100, 22 : null → 100, 16 : null → 100, 603 : null → 100, 14 : null → 100, 50 : null → 100, 18 : null → 100, 11 : null → 100, 629 : null → 100, 1 : null → 100, 17 : null → 100]
11-20 00:23:49.360 E/NetlinkEvent(  459): NetlinkEvent::FindParam(): Parameter 'INTERFACE' not found
11-20 00:23:49.361 E/NetlinkEvent(  459): NetlinkEvent::FindParam(): Parameter 'STATE' not found
11-20 00:23:49.361 E/NetlinkEvent(  459): NetlinkEvent::FindParam(): Parameter 'TIME_NS' not found
11-20 00:23:49.361 E/NetlinkEvent(  459): NetlinkEvent::FindParam(): Parameter 'UID' not found
11-20 00:23:49.368 D/DhcpClient( 1194): DHCP Packet Handler stopped
11-20 00:23:49.368 D/DhcpClient( 1194): onQuitting
11-20 00:23:49.377 D/ConnectivityService( 1194): Switching to new default network: NetworkAgentInfo{ ni{[type: MOBILE[LTE], state: CONNECTED/CONNECTED, reason: (unspecified), extra: nxtgenphone, failover: false, available: true, roaming: false]}  network{100}  nethandle{432902426637}  lp{{InterfaceName: rmnet_data2 LinkAddresses: [ 10.129.103.196/29,2600:380:c119:24f:b89a:9f3c:46c1:95af/64 ] DnsAddresses: [ /172.26.38.1,/fc00:a:a::300 ] Domains: null MTU: 1430 TcpBufferSizes: 2097152,4194304,8388608,262144,524288,1048576 Routes: [ 0.0.0.0/0 -> 10.129.103.197 rmnet_data2 mtu 1430,::/0 -> fe80::b45f:41f1:1846:969d rmnet_data2 mtu 1430,10.129.103.192/29 -> 0.0.0.0 rmnet_data2 mtu 0,2600:380:c119:24f::/64 -> :: rmnet_data2 mtu 0 ]}}  nc{[ Transports: CELLULAR Capabilities: MMS&SUPL&FOTA&INTERNET&NOT_RESTRICTED&TRUSTED&NOT_VPN&VALIDATED&NOT_ROAMING&FOREGROUND&NOT_CONGESTED&NOT_SUSPENDED LinkUpBandwidth>=15000Kbps LinkDnBandwidth>=30000Kbps Specifier: <TelephonyNetworkSpecifier [mSubId = 1]> AdministratorUids: [] RequestorUid: -1 RequestorPackageName: null]}  Score{50}  everValidated{true}  lastValidated{true}  created{true} lingering{true} explicitlySelected{false} acceptUnvalidated{false} everCaptivePortalDetected{false} lastCaptivePortalDetected{false} partialConnectivity{false} acceptPartialConnectivity{false} clat{mBaseIface: null, mIface: null, mState: IDLE} }
11-20 00:23:49.379 W/MqttClient( 2665): connection/disconnecting; reason=NETWORK_LOST, operation=DISCONNECT
11-20 00:23:49.380 W/System.err( 2665): DEBUG: com.whatsapp.net.tls13.WtSocketWrapper.sendAlertAndShutdown(:86) : Sending Alert : type : WARNING description : close_notify(0) exception : 
11-20 00:23:49.409 I/WM-WorkerWrapper( 2351): Work [ id=731e9e35-e8c2-49b1-b246-986e05f06ab6, tags={ com.facebook.wearable.system.selfcare.sharing.StickerBundleDatabaseWorker } ] was cancelled
11-20 00:23:49.409 I/WM-WorkerWrapper( 2351): java.util.concurrent.CancellationException: Task was cancelled.
11-20 00:23:49.409 I/WM-WorkerWrapper( 2351): 	at androidx.work.impl.utils.futures.AbstractFuture.getDoneValue(:32)
11-20 00:23:49.409 I/WM-WorkerWrapper( 2351): 	at androidx.work.impl.utils.futures.AbstractFuture.get(:268435546)
11-20 00:23:49.409 I/WM-WorkerWrapper( 2351): 	at androidx.work.impl.WorkerWrapper$2.run(:3)
11-20 00:23:49.409 I/WM-WorkerWrapper( 2351): 	at androidx.work.impl.utils.SerialExecutor$Task.run(:2)
11-20 00:23:49.409 I/WM-WorkerWrapper( 2351): 	at java.util.concurrent.ThreadPoolExecutor.runWorker(ThreadPoolExecutor.java:1167)
11-20 00:23:49.409 I/WM-WorkerWrapper( 2351): 	at java.util.concurrent.ThreadPoolExecutor$Worker.run(ThreadPoolExecutor.java:641)
11-20 00:23:49.409 I/WM-WorkerWrapper( 2351): 	at java.lang.Thread.run(Thread.java:923)
11-20 00:23:49.413 E/StickerBundleDatabaseWorker( 2351): Failed to fetch sticker bundles:
11-20 00:23:49.413 E/StickerBundleDatabaseWorker( 2351): kotlinx.coroutines.JobCancellationException: Job was cancelled; job=JobImpl{Cancelling}@58b6e1f
11-20 00:23:49.428 E/WifiNative( 1194): Could not get Iface object for interface null
11-20 00:23:49.429 D/WifiNetworkAgent( 1194): NetworkAgent: NetworkAgent channel lost
11-20 00:23:49.484 E/WifiNative( 1194): Could not get Iface object for interface null
11-20 00:23:49.509 E/QMI_FW  ( 1113): qmi_cci_get_ref: ref count increased 2
11-20 00:23:49.510 E/QMI_FW  ( 1113): qmi_cci_get_ref: ref count increased 2
