11-20 07:12:19.901 E/DeviceCertService(  541): See https://fburl.com/wiki/a9hho0p9 for more information.
11-20 07:12:19.901 E/DeviceCertService(  541): Could not access certificate file '/mnt/vendor/persist/certificates/device_identityinsecure.crt', error 2: No such file or directory
11-20 07:12:19.902 E/QMI_FW  ( 1113): qmi_cci_get_ref: ref count increased 2
11-20 07:12:19.902 E/QMI_FW  ( 1113): qmi_cci_get_ref: ref count increased 2
11-20 07:12:19.903 E/QMI_FW  ( 1113): qmi_cci_get_ref: ref count increased 2
11-20 07:12:19.905 E/QMI_FW  ( 1113): qmi_cci_get_ref: ref count increased 2
11-20 07:12:19.923 E/DeviceAuthenticator(22474): ERROR: java.lang.RuntimeException: devicecert returned error FILESYSTEM_ERROR
11-20 07:12:19.923 E/DeviceAuthenticator(22474): 
11-20 07:12:19.923 E/DeviceAuthenticator(22474): com.facebook.mos.sdk.devicecert.DeviceIdentityException: java.lang.RuntimeException: devicecert returned error FILESYSTEM_ERROR
11-20 07:12:19.923 E/DeviceAuthenticator(22474): 
11-20 07:12:19.935 I/system.launche( 2581): Background concurrent copying GC freed 413397(17MB) AllocSpace objects, 0(0B) LOS objects, 56% free, 14MB/32MB, paused 143us total 587.149ms
11-20 07:12:20.383 I/Nat464Xlat( 1194): Android Xlat is disabled
11-20 07:12:20.384 D/QCNEJ/WlanStaInfoRelay( 1900): Received action: android.net.wifi.LINK_CONFIGURATION_CHANGED
11-20 07:12:20.384 E/QCNEJ/WlanStaInfoRelay( 1900): update link properties given null lp
11-20 07:12:20.442 D/QCNEJ/NativeHalConnector( 1900): -> SND notifyWifiAvailable(v4Connected = truev6Connected = , false, isAndroidValidated = true)
11-20 07:12:20.513 E/QMI_FW  ( 1113): qmi_cci_get_ref: ref count increased 2
11-20 07:12:20.515 E/QMI_FW  ( 1113): qmi_cci_get_ref: ref count increased 2
11-20 07:12:20.525 I/WearableConnectivityManager( 2581): LTE Signal strength is: 2
11-20 07:12:20.525 I/WearableConnectivityManager( 2581): Cellular Signal strength is: 2
11-20 07:12:20.526 D/RadioLinkQualityScoreBuilder( 1975): scoreRsrp: 3scoreRsrq: 3scoreRssnr: 3
11-20 07:12:21.995 D/QCNEJ/WlanStaInfoRelay( 1900): Received action: android.net.wifi.RSSI_CHANGED
11-20 07:12:21.995 D/WearableConnectivityManager( 2581): onWifiStrengthChange: -31
11-20 07:12:22.007 V/LigerRadioStatsReporter( 2384): onCapabilitiesChanged: Network capabilities changed
11-20 07:12:22.007 V/LigerRadioStatsReporter( 2384): reportAndCheckpointRadioStats
11-20 07:12:22.008 V/LigerRadioStatsReporter( 2384): +++++++++++ RADIO STATS DUMP +++++++++++
11-20 07:12:22.008 V/LigerRadioStatsReporter( 2384): totalActiveRadioTimeMs=0
11-20 07:12:22.009 V/LigerRadioStatsReporter( 2384): totalTailRadioTimeMs=13995
11-20 07:12:22.009 V/LigerRadioStatsReporter( 2384): totalWakeupCount=0
11-20 07:12:22.009 V/LigerRadioStatsReporter( 2384): httpUpBytes=0
11-20 07:12:22.009 V/LigerRadioStatsReporter( 2384): httpDownBytes=0
11-20 07:12:22.009 V/LigerRadioStatsReporter( 2384): httpWakeupCount=0
11-20 07:12:22.009 V/LigerRadioStatsReporter( 2384): httpRequestCount=0
11-20 07:12:22.009 V/LigerRadioStatsReporter( 2384): httpActiveRadioTimeMs=0
11-20 07:12:22.009 V/LigerRadioStatsReporter( 2384): httpTailRadioTimeMs=13995
11-20 07:12:22.009 V/LigerRadioStatsReporter( 2384): reportAndCheckpointRadioStats: Tx=0
11-20 07:12:22.009 V/LigerRadioStatsReporter( 2384): reportAndCheckpointRadioStats: Rx=0
11-20 07:12:22.009 V/LigerRadioStatsReporter( 2384): reportAndCheckpointRadioStats: Uids=10028
11-20 07:12:22.009 V/LigerRadioStatsReporter( 2384): reportAndCheckpointRadioStats: Tags=null
11-20 07:12:25.405 E/QMI_FW  ( 1113): qmi_cci_get_ref: ref count increased 2
11-20 07:12:25.407 E/QMI_FW  ( 1113): qmi_cci_get_ref: ref count increased 2
11-20 07:12:25.408 E/QMI_FW  ( 1113): qmi_cci_get_ref: ref count increased 2
11-20 07:12:25.409 E/QMI_FW  ( 1113): qmi_cci_get_ref: ref count increased 2
11-20 07:12:25.409 E/QMI_FW  ( 1113): qmi_cci_get_ref: ref count increased 2
11-20 07:12:25.422 I/WearableConnectivityManager( 2581): LTE Signal strength is: 2
11-20 07:12:25.422 I/WearableConnectivityManager( 2581): Cellular Signal strength is: 2
11-20 07:12:25.423 D/RadioLinkQualityScoreBuilder( 1975): scoreRsrp: 3scoreRsrq: 3scoreRssnr: 4
11-20 07:12:20.383 I/Nat464Xlat( 1194): Android Xlat is disabled
11-20 07:12:29.813 D/commandrouter( 1117): rtc_sync (1, rtc:sync): <ServiceRequest> FORWARDED (remote -> local) service client ID = 0, token ID = 38313
11-20 07:12:29.813 D/vendor.facebook.rtc_sync@1.0-service( 1129): Request req_ts=1637392349811736291 resp_ts=1637392349813606235
11-20 07:12:29.814 D/commandrouter( 1117): SocServiceHandle::onServiceMessage, SoC Service = rtc_sync, appType = 1, type = SVC_RESP, clientId = 0, token = 38313, payloadLen = 8, result = 0, payload.size() = 8
11-20 07:12:37.251 I/chatty  ( 1194): uid=1000(system) WifiScanningSer expire 2 lines
11-20 07:12:37.253 I/chatty  ( 1024): uid=1021(gps) lowi-server expire 211 lines
11-20 07:12:37.254 V/WifiHAL (  539): event received NL80211_CMD_TRIGGER_SCAN
11-20 07:12:37.399 V/WifiHAL (  539): event received NL80211_CMD_NEW_SCAN_RESULTS
11-20 07:12:37.422 I/chatty  ( 1194): uid=1000(system) Binder:1194_1 expire 2 lines
11-20 07:12:37.998 I/vendor.rmt_storage(  581): rmt_storage_connect_cb: clnt_h=0x65 conn_h=0x93f2d030
11-20 07:12:37.999 I/vendor.rmt_storage(  581): rmt_storage_rw_iovec_cb: /boot/modem_fs2: req_h=0x65 msg_id=3: R/W request received (wr_count 93)
11-20 07:12:37.999 I/vendor.rmt_storage(  581): wakelock acquired: 1, error no: 11
11-20 07:12:37.999 I/vendor.rmt_storage(  581): rmt_storage_client_thread: /boot/modem_fs2: Unblock worker thread (th_id: -1826115136)
11-20 07:12:38.122 I/vendor.rmt_storage(  581): rmt_storage_client_thread: /boot/modem_fs2: req_h=0x65 msg_id=3: Bytes written = 1572864, wr_count 93
11-20 07:12:38.122 I/vendor.rmt_storage(  581): rmt_storage_client_thread: /boot/modem_fs2: req_h=0x65 msg_id=3: Send response: res=0 err=0, wr_count 93
11-20 07:12:38.122 I/vendor.rmt_storage(  581): rmt_storage_client_thread: /boot/modem_fs2: About to block rmt_storage client thread (th_id: -1826115136) wakelock released: 1, error no: 0
11-20 07:12:38.122 I/vendor.rmt_storage(  581): 
11-20 07:12:38.129 I/vendor.rmt_storage(  581): rmt_storage_disconnect_cb: clnt_h=0x65 conn_h=0x93f2d030
11-20 07:12:38.612 D/UIAutomatorStub(17968): URI: /jsonrpc/0, Method: POST, Header: {content-length=102, remote-addr=127.0.0.1, http-client-ip=127.0.0.1, host=localhost:9010, content-type=application/json, accept-encoding=identity}, params, {NanoHttpd.QUERY_STRING=null}, files: {postData={"jsonrpc": "2.0", "method": "pressKey", "id": "705fee77f552380a9e3a24571cfb8771", "params": ["back"]}}
11-20 07:12:38.644 D/AutofillManagerService( 1194): onBackKeyPressed()
11-20 07:12:38.685 D/UIAutomatorStub(17968): URI: /jsonrpc/0, Method: POST, Header: {content-length=102, remote-addr=127.0.0.1, http-client-ip=127.0.0.1, host=localhost:9010, content-type=application/json, accept-encoding=identity}, params, {NanoHttpd.QUERY_STRING=null}, files: {postData={"jsonrpc": "2.0", "method": "pressKey", "id": "0ac84667e7ceb791e2704f1a1ffbc70d", "params": ["back"]}}
11-20 07:12:39.235 D/UIAutomatorStub(17968): URI: /jsonrpc/0, Method: POST, Header: {content-length=102, remote-addr=127.0.0.1, http-client-ip=127.0.0.1, host=localhost:9010, content-type=application/json, accept-encoding=identity}, params, {NanoHttpd.QUERY_STRING=null}, files: {postData={"jsonrpc": "2.0", "method": "pressKey", "id": "0b039821d71f5776cdc71d506c41e607", "params": ["back"]}}
11-20 07:12:39.713 I/chatty  ( 1194): uid=1000(system) Binder:1194_13 expire 4 lines
11-20 07:12:39.749 I/chatty  ( 1194): uid=1000 system_server expire 1 line
11-20 07:12:39.750 D/ComplicationController( 2581): Starting complication controller. Face Type: OdysseyWatchFace
11-20 07:12:39.755 D/ComplicationDataManagerImpl( 2581): Updating complication data for package: com.facebook.wearable.apps.heart, id: com.facebook.wearable.apps.heart.HEART_RATE
11-20 07:12:39.756 D/ComplicationDataManagerImpl( 2581): Updating complication data for package: com.facebook.wearable.apps.clock, id: com.facebook.wearable.apps.clock.SHORTCUT_COMPLICATION
11-20 07:12:39.757 D/ComplicationDataManagerImpl( 2581): Updating complication data for package: com.facebook.wearable.apps.weather, id: com.facebook.wearable.apps.weather.SHORTCUT_COMPLICATION
11-20 07:12:39.757 D/ComplicationDataManagerImpl( 2581): Updating complication data for package: com.facebook.wearable.apps.workout, id: com.facebook.wearable.apps.workout.SHORTCUT_COMPLICATION
11-20 07:12:39.757 D/ComplicationDataManagerImpl( 2581): Updating complication data for package: com.facebook.wearable.apps.calendar, id: com.facebook.wearable.apps.calendar.SHORTCUT_COMPLICATION
11-20 07:12:39.757 D/ComplicationDataManagerImpl( 2581): Updating complication data for package: com.facebook.wearable.apps.gallery, id: com.facebook.wearable.apps.gallery.SHORTCUT_COMPLICATION
11-20 07:12:39.757 D/ComplicationDataManagerImpl( 2581): Updating complication data for package: com.facebook.wearable.apps.player, id: com.facebook.wearable.apps.player.SHORTCUT_COMPLICATION
11-20 07:12:39.760 E/DayDateSystemComplicationProvider( 2581): Updating Day Date System Complication
11-20 07:12:39.760 D/ComplicationDataManagerImpl( 2581): Updating complication data for package: com.facebook.wearable.apps.calendar, id: com.facebook.wearable.apps.calendar.DAY_DATE_COMPLICATION
11-20 07:12:39.767 D/ComplicationDataManagerImpl( 2581): Fetching complication data for package: com.facebook.wearable.apps.calendar, com.facebook.wearable.apps.calendar.DAY_DATE_COMPLICATION.
11-20 07:12:39.767 D/ComplicationDataManagerImpl( 2581): Fetching complication data for package: com.facebook.wearable.apps.player, com.facebook.wearable.apps.player.SHORTCUT_COMPLICATION.
11-20 07:12:39.768 D/ComplicationDataManagerImpl( 2581): Fetching complication data for package: com.facebook.wearable.apps.gallery, com.facebook.wearable.apps.gallery.SHORTCUT_COMPLICATION.
11-20 07:12:39.768 D/ComplicationDataManagerImpl( 2581): Fetching complication data for package: com.facebook.wearable.apps.heart, com.facebook.wearable.apps.heart.HEART_RATE.
11-20 07:12:39.173 I/chatty  ( 1194): uid=1000(system) android.ui identical 1 line
11-20 07:12:39.697 D/AutofillManagerService( 1194): onBackKeyPressed()
11-20 07:12:39.804 D/commandrouter( 1117): rtc_sync (1, rtc:sync): <ServiceRequest> FORWARDED (remote -> local) service client ID = 0, token ID = 38314
11-20 07:12:39.804 D/vendor.facebook.rtc_sync@1.0-service( 1129): Request req_ts=1637392359807606235 resp_ts=1637392359804639043
11-20 07:12:39.804 D/commandrouter( 1117): SocServiceHandle::onServiceMessage, SoC Service = rtc_sync, appType = 1, type = SVC_RESP, clientId = 0, token = 38314, payloadLen = 8, result = 0, payload.size() = 8
11-20 07:12:39.836 D/LauncherActivity( 2581): onResume: Intent { cat=[android.intent.category.DEFAULT] flg=0x10020000 cmp=com.facebook.wearable.system.launcher/.LauncherActivity }
11-20 07:12:39.836 D/LauncherIntentProcessor( 2581): processLauncherActivityIntent: Intent { cat=[android.intent.category.DEFAULT] flg=0x10020000 cmp=com.facebook.wearable.system.launcher/.LauncherActivity }
11-20 07:12:39.856 D/FacebookRepository( 2581): Reading from Store [250223709649332]
11-20 07:12:39.883 I/chatty  ( 1194): uid=1000(system) ActivityManager expire 15 lines
11-20 07:12:40.227 D/UIAutomatorStub(17968): URI: /jsonrpc/0, Method: POST, Header: {content-length=102, remote-addr=127.0.0.1, http-client-ip=127.0.0.1, host=localhost:9010, content-type=application/json, accept-encoding=identity}, params, {NanoHttpd.QUERY_STRING=null}, files: {postData={"jsonrpc": "2.0", "method": "pressKey", "id": "4366f3c08c02e47dd6e78a5ebc885ba2", "params": ["back"]}}
11-20 07:12:40.327 E/ANDR-PERF-OPTSHANDLER(  557): perf_lock_rel: failed for /sys/class/kgsl/kgsl-3d0/min_pwrlevel as previous value is not stored
11-20 07:12:40.330 E/ANDR-PERF-RESOURCEQS(  557): Failed to reset optimization [3, 0]
11-20 07:12:40.961 D/AutofillManagerService( 1194): onBackKeyPressed()
11-20 07:12:40.963 D/LauncherActivity( 2581): onKeyUp() called with keycode:4, event: KeyEvent { action=ACTION_UP, keyCode=KEYCODE_BACK, scanCode=0, metaState=0, flags=0x200, repeatCount=0, eventTime=55507209, downTime=55507209, deviceId=-1, source=0x101, displayId=-1 }
11-20 07:12:41.068 W/HWComposer(  577): Ignoring duplicate VSYNC event from HWC for display 0 (t=55507331294033)
11-20 07:12:41.174 W/ActivityManager( 1194): Invalid packageName: com.facebook.wearable.system.settings/com.facebook.wearable.system.settings.SettingsActivity
11-20 07:12:41.309 I/ActivityTaskManager( 1194): START u0 {flg=0x10000000 cmp=com.facebook.wearable.system.settings/.SettingsActivity} from uid 0
11-20 07:12:41.321 I/chatty  ( 1194): uid=1000(system) Binder:1194_2 expire 7 lines
11-20 07:12:41.328 I/ActivityTaskManager( 1194): The Process com.facebook.wearable.system.settings Already Exists in BG. So sending its PID: 16444
11-20 07:12:41.329 W/ActivityTaskManager( 1194): Tried to set launchTime (0) < mLastActivityLaunchTime (55477558)
11-20 07:12:41.349 D/LauncherActivity( 2581): onPause
11-20 07:12:41.451 E/StatusBarClientConnection(16444): Service connected
11-20 07:12:41.484 D/FacebookProvider(13915): Starting SSO Network Fetch for 263529928325379
11-20 07:12:41.486 I/AccountsContentProvider(13915): No Primary Account. Accounts Error [content://com.facebook.wearable.system.accounts.AccountsContentProvider/facebook/263529928325379]
11-20 07:12:41.491 E/DatabaseUtils(13915): Writing exception to parcel
11-20 07:12:41.491 E/DatabaseUtils(13915): java.lang.IllegalStateException: No Primary Account
11-20 07:12:41.491 E/DatabaseUtils(13915): 	at com.facebook.secure.content.AbstractContentProvider.doQuery(:284)
11-20 07:12:41.491 E/DatabaseUtils(13915): 	at com.facebook.secure.content.AbstractContentProvider.query(:8)
11-20 07:12:41.491 E/DatabaseUtils(13915): 	at android.content.ContentProvider.query(ContentProvider.java:1474)
11-20 07:12:41.491 E/DatabaseUtils(13915): 	at android.content.ContentProvider$Transport.query(ContentProvider.java:278)
11-20 07:12:41.491 E/DatabaseUtils(13915): 	at android.content.ContentProviderNative.onTransact(ContentProviderNative.java:106)
11-20 07:12:41.491 E/DatabaseUtils(13915): 	at android.os.Binder.execTransactInternal(Binder.java:1154)
11-20 07:12:41.491 E/DatabaseUtils(13915): 	at android.os.Binder.execTransact(Binder.java:1123)
11-20 07:12:41.492 W/View    (16444): requestLayout() improperly called by android.view.View{93351fe V.ED..... ......I. 0,368-474,474} during layout: running second layout pass
11-20 07:12:41.494 E/AccountsViewModel(16444): AccountsViewModel.flow failed: No Primary Account
11-20 07:12:41.494 E/AccountsViewModel(16444): java.lang.IllegalStateException: No Primary Account
11-20 07:12:41.494 E/AccountsViewModel(16444): 	at android.os.Parcel.createExceptionOrNull(Parcel.java:2381)
11-20 07:12:41.494 E/AccountsViewModel(16444): 	at android.os.Parcel.createException(Parcel.java:2357)
11-20 07:12:41.494 E/AccountsViewModel(16444): 	at android.os.Parcel.readException(Parcel.java:2340)
11-20 07:12:41.494 E/AccountsViewModel(16444): 	at android.database.DatabaseUtils.readExceptionFromParcel(DatabaseUtils.java:190)
11-20 07:12:41.494 E/AccountsViewModel(16444): 	at android.database.DatabaseUtils.readExceptionFromParcel(DatabaseUtils.java:142)
11-20 07:12:41.494 E/AccountsViewModel(16444): 	at android.content.ContentProviderProxy.query(ContentProviderNative.java:472)
11-20 07:12:41.494 E/AccountsViewModel(16444): 	at android.content.ContentResolver.query(ContentResolver.java:1185)
11-20 07:12:41.494 E/AccountsViewModel(16444): 	at android.content.ContentResolver.query(ContentResolver.java:1116)
11-20 07:12:41.494 E/AccountsViewModel(16444): 	at com.facebook.wearable.common.accounts.contract.WearableAccountsContractRequest.query(:51)
11-20 07:12:41.494 E/AccountsViewModel(16444): 	at kotlin.coroutines.jvm.internal.BaseContinuationImpl.invokeSuspend(:95489)
11-20 07:12:41.494 E/AccountsViewModel(16444): 	at com.facebook.wearable.common.accounts.WearableAccountsKt$fb$1.invoke(:9)
11-20 07:12:41.494 E/AccountsViewModel(16444): 	at com.facebook.wearable.common.coroutines.lazy.LazyAsync.get(:101)
11-20 07:12:41.494 E/AccountsViewModel(16444): 	at kotlin.coroutines.jvm.internal.BaseContinuationImpl.invokeSuspend(:96596)
11-20 07:12:41.494 E/AccountsViewModel(16444): 	at com.facebook.wearable.system.settings.accounts.AccountsViewModel$wearableAccountFlow$1.invoke(:11)
11-20 07:12:41.494 E/AccountsViewModel(16444): 	at kotlinx.coroutines.flow.AbstractFlow.collect$rvp0$0(:72)
11-20 07:12:41.494 E/AccountsViewModel(16444): 	at kotlin.coroutines.jvm.internal.BaseContinuationImpl.invokeSuspend(:95417)
11-20 07:12:41.494 E/AccountsViewModel(16444): 	at kotlinx.coroutines.flow.FlowKt__ShareKt$launchSharing$1$2.invoke(Unknown Source:10)
11-20 07:12:41.494 E/AccountsViewModel(16444): 	at kotlin.coroutines.jvm.internal.BaseContinuationImpl.invokeSuspend(:96715)
11-20 07:12:41.494 E/AccountsViewModel(16444): 	at kotlinx.coroutines.flow.FlowKt__MergeKt$mapLatest$1.invoke(Unknown Source:15)
11-20 07:12:41.494 E/AccountsViewModel(16444): 	at kotlin.coroutines.jvm.internal.BaseContinuationImpl.invokeSuspend(:96820)
11-20 07:12:41.494 E/AccountsViewModel(16444): 	at kotlinx.coroutines.flow.internal.ChannelFlowTransformLatest$flowCollect$3$1$2.invoke(Unknown Source:10)
11-20 07:12:41.494 E/AccountsViewModel(16444): 	at kotlinx.coroutines.CoroutineStart.invoke(:32)
11-20 07:12:41.494 E/AccountsViewModel(16444): 	at kotlinx.coroutines.BuildersKt__Builders_commonKt.launch(:15)
11-20 07:12:41.494 E/AccountsViewModel(16444): 	at kotlinx.coroutines.flow.internal.ChannelFlowTransformLatest$flowCollect$3$invokeSuspend$$inlined$collect$1.emit(:56)
11-20 07:12:41.494 E/AccountsViewModel(16444): 	at kotlinx.coroutines.flow.DistinctFlowImpl$collect$$inlined$collect$1.emit(:74)
11-20 07:12:41.494 E/AccountsViewModel(16444): 	at kotlinx.coroutines.flow.FlowKt__LimitKt$dropWhile$lambda-4$$inlined$collect$1.emit(:114)
11-20 07:12:41.494 E/AccountsViewModel(16444): 	at kotlinx.coroutines.flow.FlowKt__ChannelsKt.emitAllImpl$FlowKt__ChannelsKt(:123)
11-20 07:12:41.494 E/AccountsViewModel(16444): 	at kotlin.coroutines.jvm.internal.BaseContinuationImpl.invokeSuspend(:96917)
11-20 07:12:41.494 E/AccountsViewModel(16444): 	at kotlin.coroutines.jvm.internal.BaseContinuationImpl.resumeWith(:5)
11-20 07:12:41.494 E/AccountsViewModel(16444): 	at kotlinx.coroutines.DispatchedTask.run(:131)
11-20 07:12:41.494 E/AccountsViewModel(16444): 	at java.util.concurrent.Executors$RunnableAdapter.call(Executors.java:462)
11-20 07:12:41.494 E/AccountsViewModel(16444): 	at java.util.concurrent.FutureTask.run(FutureTask.java:266)
11-20 07:12:41.494 E/AccountsViewModel(16444): 	at com.facebook.wearable.common.executors.DelayedFutureTask.run(:22)
11-20 07:12:41.494 E/AccountsViewModel(16444): 	at java.util.concurrent.ThreadPoolExecutor.runWorker(ThreadPoolExecutor.java:1167)
11-20 07:12:41.494 E/AccountsViewModel(16444): 	at java.util.concurrent.ThreadPoolExecutor$Worker.run(ThreadPoolExecutor.java:641)
11-20 07:12:41.494 E/AccountsViewModel(16444): 	at com.facebook.wearable.common.executors.NamedThreadFactory$1.run(:7)
11-20 07:12:41.512 W/View    (16444): requestLayout() improperly called by com.facebook.wearable.common.wds.listview.WdsListView{ccfb957 V.E..V... ........ 0,0-474,474} during second layout pass: posting in next frame
11-20 07:12:41.827 D/ComplicationController( 2581): Stopping complication controller.
11-20 07:12:41.835 D/ComplicationDataManagerImpl( 2581): Fetching complication data for package: com.facebook.wearable.apps.calendar, com.facebook.wearable.apps.calendar.DAY_DATE_COMPLICATION.
11-20 07:12:41.836 D/ComplicationDataManagerImpl( 2581): Fetching complication data for package: com.facebook.wearable.apps.player, com.facebook.wearable.apps.player.SHORTCUT_COMPLICATION.
11-20 07:12:41.836 D/ComplicationDataManagerImpl( 2581): Fetching complication data for package: com.facebook.wearable.apps.gallery, com.facebook.wearable.apps.gallery.SHORTCUT_COMPLICATION.
11-20 07:12:41.836 D/ComplicationDataManagerImpl( 2581): Fetching complication data for package: com.facebook.wearable.apps.heart, com.facebook.wearable.apps.heart.HEART_RATE.
11-20 07:12:41.839 D/CompatibilityInfo( 1194): mCompatibilityFlags - 4
11-20 07:12:41.839 D/CompatibilityInfo( 1194): applicationDensity - 320
11-20 07:12:41.840 D/CompatibilityInfo( 1194): applicationScale - 1.0
11-20 07:12:42.404 D/UIAutomatorStub(17968): URI: /jsonrpc/0, Method: POST, Header: {content-length=192, remote-addr=127.0.0.1, http-client-ip=127.0.0.1, host=localhost:9010, content-type=application/json, accept-encoding=identity}, params, {NanoHttpd.QUERY_STRING=null}, files: {postData={"jsonrpc": "2.0", "method": "waitForExists", "id": "2cd1d238ec8d8702f91117e909055efd", "params": [{"mask": 1, "childOrSibling": [], "childOrSiblingSelector": [], "text": "Notifications"}, 5]}}
11-20 07:12:42.426 D/UIAutomatorStub(17968): URI: /jsonrpc/0, Method: POST, Header: {content-length=191, remote-addr=127.0.0.1, http-client-ip=127.0.0.1, host=localhost:9010, content-type=application/json, accept-encoding=identity}, params, {NanoHttpd.QUERY_STRING=null}, files: {postData={"jsonrpc": "2.0", "method": "waitForExists", "id": "741d392386913ebed3e7f0f509637cc7", "params": [{"mask": 1, "childOrSibling": [], "childOrSiblingSelector": [], "text": "Connectivity"}, 5]}}
11-20 07:12:42.486 D/UIAutomatorStub(17968): URI: /jsonrpc/0, Method: POST, Header: {content-length=180, remote-addr=127.0.0.1, http-client-ip=127.0.0.1, host=localhost:9010, content-type=application/json, accept-encoding=identity}, params, {NanoHttpd.QUERY_STRING=null}, files: {postData={"jsonrpc": "2.0", "method": "click", "id": "bf8e99f20ac7642ba94de600da9bd574", "params": [{"mask": 1, "childOrSibling": [], "childOrSiblingSelector": [], "text": "Connectivity"}]}}
11-20 07:12:42.527 E/ANDR-PERF-OPTSHANDLER(  557): Unable to find the correct node storage pointers for                   resource index=16, node path=/proc/sys/kernel/sched_upmigrate
11-20 07:12:42.527 E/ANDR-PERF-RESOURCEQS(  557): Failed to reset optimization [3, 7]
11-20 07:12:42.527 E/ANDR-PERF-OPTSHANDLER(  557): Unable to find the correct node storage pointers for                   resource index=17, node path=/proc/sys/kernel/sched_downmigrate
11-20 07:12:42.527 E/ANDR-PERF-RESOURCEQS(  557): Failed to reset optimization [3, 8]
11-20 07:12:42.527 E/ANDR-PERF-OPTSHANDLER(  557): Perflock resource /sys/module/lpm_levels/parameters/bias_hyst not supported
11-20 07:12:42.527 E/ANDR-PERF-RESOURCEQS(  557): Failed to reset optimization [1, 2]
11-20 07:12:42.527 E/ANDR-PERF-OPTSHANDLER(  557): Perflock resource /proc/sys/kernel/sched_group_upmigrate not supported
11-20 07:12:42.527 E/ANDR-PERF-RESOURCEQS(  557): Failed to reset optimization [3, 21]
11-20 07:12:42.527 E/ANDR-PERF-OPTSHANDLER(  557): Perflock resource /proc/sys/kernel/sched_group_downmigrate not supported
11-20 07:12:42.527 E/ANDR-PERF-RESOURCEQS(  557): Failed to reset optimization [3, 22]
11-20 07:12:42.559 W/StatusBarClientConnection(16444): Messenger is null, ignoring message: { when=-15h25m8s822ms barrier=1 }
11-20 07:12:42.582 E/StatusBarClientConnection(16444): Service connected
11-20 07:12:42.588 W/HWComposer(  577): Ignoring duplicate VSYNC event from HWC for display 0 (t=55508851338460)
11-20 07:12:42.606 W/View    (16444): requestLayout() improperly called by android.view.View{4822d04 V.ED..... ......I. 0,368-474,474} during layout: running second layout pass
11-20 07:12:42.623 W/View    (16444): requestLayout() improperly called by com.facebook.wearable.common.wds.listview.WdsListView{52cf31a V.E..V... ........ 0,0-474,474} during second layout pass: posting in next frame
11-20 07:12:42.870 I/system_server( 1194): Background concurrent copying GC freed 424557(16MB) AllocSpace objects, 209(6836KB) LOS objects, 36% free, 41MB/65MB, paused 231us total 562.258ms
11-20 07:12:43.319 E/ANDR-PERF-OPTSHANDLER(  557): perf_lock_rel: failed for /proc/sys/vm/swap_ratio as previous value is not stored
11-20 07:12:43.319 E/ANDR-PERF-OPTSHANDLER(  557): perf_lock_rel: failed for /sys/class/kgsl/kgsl-3d0/min_pwrlevel as previous value is not stored
11-20 07:12:43.321 E/ANDR-PERF-RESOURCEQS(  557): Failed to reset optimization [3, 0]
11-20 07:12:43.604 W/System  ( 2665): ClassLoader referenced unknown path: /system/framework/tcmclient.jar
11-20 07:12:44.209 W/HWComposer(  577): Ignoring duplicate VSYNC event from HWC for display 0 (t=55510472728771)
11-20 07:12:44.243 W/HWComposer(  577): Ignoring duplicate VSYNC event from HWC for display 0 (t=55510506572730)
11-20 07:12:44.260 W/HWComposer(  577): Ignoring duplicate VSYNC event from HWC for display 0 (t=55510523480334)
11-20 07:12:44.375 E/TaskPersister( 1194): File error accessing recents directory (directory doesn't exist?).
11-20 07:12:45.580 D/UIAutomatorStub(17968): URI: /jsonrpc/0, Method: POST, Header: {content-length=183, remote-addr=127.0.0.1, http-client-ip=127.0.0.1, host=localhost:9010, content-type=application/json, accept-encoding=identity}, params, {NanoHttpd.QUERY_STRING=null}, files: {postData={"jsonrpc": "2.0", "method": "waitForExists", "id": "684fa74bab1f05ca947db170dc8d137c", "params": [{"mask": 1, "childOrSibling": [], "childOrSiblingSelector": [], "text": "WiFi"}, 5]}}
11-20 07:12:45.607 D/UIAutomatorStub(17968): URI: /jsonrpc/0, Method: POST, Header: {content-length=172, remote-addr=127.0.0.1, http-client-ip=127.0.0.1, host=localhost:9010, content-type=application/json, accept-encoding=identity}, params, {NanoHttpd.QUERY_STRING=null}, files: {postData={"jsonrpc": "2.0", "method": "click", "id": "e7ff6f3c70f77a1fe9684d68bec496e1", "params": [{"mask": 1, "childOrSibling": [], "childOrSiblingSelector": [], "text": "WiFi"}]}}
11-20 07:12:45.697 W/StatusBarClientConnection(16444): Messenger is null, ignoring message: { when=-15h25m11s961ms barrier=1 }
11-20 07:12:45.718 D/CompatibilityInfo( 1194): mCompatibilityFlags - 4
11-20 07:12:45.719 D/CompatibilityInfo( 1194): applicationDensity - 320
11-20 07:12:45.719 D/CompatibilityInfo( 1194): applicationScale - 1.0
11-20 07:12:45.726 E/StatusBarClientConnection(16444): Service connected
11-20 07:12:45.727 D/WifiConnector( 2841): Network State Changed
11-20 07:12:45.738 W/View    (16444): requestLayout() improperly called by android.view.View{897debf V.ED..... ......I. 0,368-474,474} during layout: running second layout pass
11-20 07:12:45.746 D/WifiSharingService( 2841): Starting Wi-Fi scan
11-20 07:12:45.747 I/WifiService( 1194): startScan uid=1000
11-20 07:12:45.753 W/View    (16444): requestLayout() improperly called by com.facebook.wearable.common.wds.listview.WdsListView{3ce3383 V.E..V... ........ 0,0-474,474} during second layout pass: posting in next frame
11-20 07:12:45.760 D/WifiNative( 1194): Scan trigered from WifiNative
11-20 07:12:45.761 I/chatty  ( 1024): uid=1021(gps) lowi-server expire 67 lines
11-20 07:12:45.761 V/WifiHAL (  539): event received NL80211_CMD_TRIGGER_SCAN
11-20 07:12:46.311 D/WifiNl80211Manager( 1194): Scan result ready event
11-20 07:12:46.311 D/WifiNative( 1194): Scan result ready event
11-20 07:12:46.312 V/WifiHAL (  539): event received NL80211_CMD_NEW_SCAN_RESULTS
11-20 07:12:46.317 D/LOWI-9.0.0.80( 1024): [LOWI-Scan] print_bss_handler: Report Probe TSF 55512572699 as it greater than Beacon TSF 55360591645
11-20 07:12:46.317 I/LOWI-9.0.0.80( 1024): [LOWI-Scan] RSN_IE
11-20 07:12:46.317 D/LOWI-9.0.0.80( 1024): [LOWI-Scan] decode_rsn_wpa_ie: Entered
11-20 07:12:46.317 D/LOWI-9.0.0.80( 1024): [LOWIUtils] hexDump: msg(30 14 01 00 00 0f ac 04 01 00 00 0f ac 04 01 00 00 0f ac 02 )
11-20 07:12:46.317 D/LOWI-9.0.0.80( 1024): [LOWI-Scan] decode_rsn_wpa_ie: LOWI_ENCRYPTION_TYPE_WPA_PSK
11-20 07:12:46.317 D/LOWI-9.0.0.80( 1024): [LOWI-Scan] is_qcom_ie, bss_age: 46
11-20 07:12:46.317 D/LOWI-9.0.0.80( 1024): [LOWI-Scan] BSS be:9e:0e:1c:6e:7f LOWI_PHY_MODE_11AC_VHT20_2G(11), Beacon Interval: 100, LOWI_ENCRYPTION_TYPE_WPA_PSK 11mcRanging: No, ANQP: No, LCI: No, Civic: No, capability(0x1431): ESS Privacy ShortPreamble ShortSlotTime
11-20 07:12:46.317 D/LOWI-9.0.0.80( 1024): [LOWI-Scan] BSS be:9e:0e:1c:6e:7f FREQ: 2412, cFreq1[40:80:160] = [0:0:0] cFreq2 = 0 Country Code =    
11-20 07:12:46.317 D/LOWI-9.0.0.80( 1024): [LOWI-Scan] BSS be:9e:0e:1c:6e:7f (wlan0) ASSO: NO AddInfo: 0x0, TSF 0, 15:25:12.572, RSSI: -124, CPL: 127, AGE: 0,  SSID Pixel_3541, TSFDelta: 0x0, TXRate: 0
11-20 07:12:46.318 D/LOWI-9.0.0.80( 1024): [LOWI-Scan] 
11-20 07:12:46.318 D/LOWI-9.0.0.80( 1024): [LOWI-Scan] print_bss_handler: Report Probe TSF 55512572558 as it greater than Beacon TSF 54846601669
11-20 07:12:46.318 I/LOWI-9.0.0.80( 1024): [LOWI-Scan] RSN_IE
11-20 07:12:46.318 D/LOWI-9.0.0.80( 1024): [LOWI-Scan] decode_rsn_wpa_ie: Entered
11-20 07:12:46.318 D/LOWI-9.0.0.80( 1024): [LOWIUtils] hexDump: msg(30 14 01 00 00 0f ac 04 01 00 00 0f ac 04 01 00 00 0f ac 02 )
11-20 07:12:46.318 D/LOWI-9.0.0.80( 1024): [LOWI-Scan] decode_rsn_wpa_ie: LOWI_ENCRYPTION_TYPE_WPA_PSK
11-20 07:12:46.318 D/LOWI-9.0.0.80( 1024): [LOWI-Scan] is_qcom_ie, bss_age: 14
11-20 07:12:46.318 D/LOWI-9.0.0.80( 1024): [LOWI-Scan] BSS fe:2d:5a:49:61:eb LOWI_PHY_MODE_11AC_VHT20_2G(11), Beacon Interval: 100, LOWI_ENCRYPTION_TYPE_WPA_PSK 11mcRanging: No, ANQP: Yes, LCI: No, Civic: No, capability(0x1431): ESS Privacy ShortPreamble ShortSlotTime
11-20 07:12:46.318 D/LOWI-9.0.0.80( 1024): [LOWI-Scan] BSS fe:2d:5a:49:61:eb FREQ: 2452, cFreq1[40:80:160] = [0:0:0] cFreq2 = 0 Country Code =    
11-20 07:12:46.318 D/LOWI-9.0.0.80( 1024): [LOWI-Scan] BSS fe:2d:5a:49:61:eb (wlan0) ASSO: NO AddInfo: 0x0, TSF 0, 15:25:12.572, RSSI: -108, CPL: 127, AGE: 0,  SSID Pixel_R2, TSFDelta: 0x0, TXRate: 0
11-20 07:12:46.318 D/LOWI-9.0.0.80( 1024): [LOWI-Scan] 
11-20 07:12:46.318 D/LOWI-9.0.0.80( 1024): [LOWI-Scan] print_bss_handler: Report Probe TSF 55512572718 as it greater than Beacon TSF 55411552379
11-20 07:12:46.318 I/LOWI-9.0.0.80( 1024): [LOWI-Scan] RSN_IE
11-20 07:12:46.318 D/LOWI-9.0.0.80( 1024): [LOWI-Scan] decode_rsn_wpa_ie: Entered
11-20 07:12:46.318 D/LOWI-9.0.0.80( 1024): [LOWIUtils] hexDump: msg(30 14 01 00 00 0f ac 04 01 00 00 0f ac 04 01 00 00 0f ac 02 )
11-20 07:12:46.318 D/LOWI-9.0.0.80( 1024): [LOWI-Scan] decode_rsn_wpa_ie: LOWI_ENCRYPTION_TYPE_WPA_PSK
11-20 07:12:46.318 D/LOWI-9.0.0.80( 1024): [LOWI-Scan] is_qcom_ie, bss_age: 5
11-20 07:12:46.319 D/LOWI-9.0.0.80( 1024): [LOWI-Scan] BSS 2c:57:41:86:94:a1 LOWI_PHY_MODE_11NG_HT20(5), Beacon Interval: 100, LOWI_ENCRYPTION_TYPE_WPA_PSK 11mcRanging: No, ANQP: No, LCI: No, Civic: No, capability(0x1411): ESS Privacy ShortSlotTime
11-20 07:12:46.319 D/LOWI-9.0.0.80( 1024): [LOWI-Scan] BSS 2c:57:41:86:94:a1 FREQ: 2462, cFreq1[40:80:160] = [0:0:0] cFreq2 = 0 Country Code = US
11-20 07:12:46.319 D/LOWI-9.0.0.80( 1024): [LOWI-Scan] BSS 2c:57:41:86:94:a1 (wlan0) ASSO: NO AddInfo: 0x0, TSF 0, 15:25:12.572, RSSI: -138, CPL: 2, AGE: 0,  SSID kittyhawk, TSFDelta: 0x0, TXRate: 0
11-20 07:12:46.319 D/LOWI-9.0.0.80( 1024): [LOWI-Scan] 
11-20 07:12:46.319 D/LOWI-9.0.0.80( 1024): [LOWI-Scan] print_bss_handler: Report Probe TSF 55512572736 as it greater than Beacon TSF 55258513834
11-20 07:12:46.319 I/LOWI-9.0.0.80( 1024): [LOWI-Scan] RSN_IE
11-20 07:12:46.319 D/LOWI-9.0.0.80( 1024): [LOWI-Scan] decode_rsn_wpa_ie: Entered
11-20 07:12:46.319 D/LOWI-9.0.0.80( 1024): [LOWIUtils] hexDump: msg(30 14 01 00 00 0f ac 04 01 00 00 0f ac 04 01 00 00 0f ac 02 )
11-20 07:12:46.319 D/LOWI-9.0.0.80( 1024): [LOWI-Scan] decode_rsn_wpa_ie: LOWI_ENCRYPTION_TYPE_WPA_PSK
11-20 07:12:46.319 D/LOWI-9.0.0.80( 1024): [LOWI-Scan] is_qcom_ie, bss_age: 5
11-20 07:12:46.319 D/LOWI-9.0.0.80( 1024): [LOWI-Scan] BSS 2c:57:41:86:90:a1 LOWI_PHY_MODE_11NG_HT20(5), Beacon Interval: 100, LOWI_ENCRYPTION_TYPE_WPA_PSK 11mcRanging: No, ANQP: No, LCI: No, Civic: No, capability(0x1411): ESS Privacy ShortSlotTime
11-20 07:12:46.319 D/LOWI-9.0.0.80( 1024): [LOWI-Scan] BSS 2c:57:41:86:90:a1 FREQ: 2462, cFreq1[40:80:160] = [0:0:0] cFreq2 = 0 Country Code = US
11-20 07:12:46.319 D/LOWI-9.0.0.80( 1024): [LOWI-Scan] BSS 2c:57:41:86:90:a1 (wlan0) ASSO: NO AddInfo: 0x0, TSF 0, 15:25:12.572, RSSI: -140, CPL: 2, AGE: 0,  SSID kittyhawk, TSFDelta: 0x0, TXRate: 0
11-20 07:12:46.320 D/LOWI-9.0.0.80( 1024): [LOWI-Scan] 
11-20 07:12:46.320 D/LOWI-9.0.0.80( 1024): [LOWI-Scan] print_bss_handler: Report Probe TSF 55512572795 as it greater than Beacon TSF 54818193482
11-20 07:12:46.320 I/LOWI-9.0.0.80( 1024): [LOWI-Scan] RSN_IE
11-20 07:12:46.320 D/LOWI-9.0.0.80( 1024): [LOWI-Scan] decode_rsn_wpa_ie: Entered
11-20 07:12:46.320 D/LOWI-9.0.0.80( 1024): [LOWIUtils] hexDump: msg(30 14 01 00 00 0f ac 04 01 00 00 0f ac 04 01 00 00 0f ac 02 )
11-20 07:12:46.320 D/LOWI-9.0.0.80( 1024): [LOWI-Scan] decode_rsn_wpa_ie: LOWI_ENCRYPTION_TYPE_WPA_PSK
11-20 07:12:46.320 D/LOWI-9.0.0.80( 1024): [LOWI-Scan] is_qcom_ie, bss_age: 46
11-20 07:12:46.320 D/LOWI-9.0.0.80( 1024): [LOWI-Scan] BSS 2c:57:41:88:72:e1 LOWI_PHY_MODE_11NG_HT20(5), Beacon Interval: 100, LOWI_ENCRYPTION_TYPE_WPA_PSK 11mcRanging: No, ANQP: No, LCI: No, Civic: No, capability(0x1411): ESS Privacy ShortSlotTime
11-20 07:12:46.320 D/LOWI-9.0.0.80( 1024): [LOWI-Scan] BSS 2c:57:41:88:72:e1 FREQ: 2412, cFreq1[40:80:160] = [0:0:0] cFreq2 = 0 Country Code = US
11-20 07:12:46.320 D/LOWI-9.0.0.80( 1024): [LOWI-Scan] BSS 2c:57:41:88:72:e1 (wlan0) ASSO: NO AddInfo: 0x0, TSF 0, 15:25:12.572, RSSI: -150, CPL: 3, AGE: 0,  SSID kittyhawk, TSFDelta: 0x0, TXRate: 0
11-20 07:12:46.320 D/LOWI-9.0.0.80( 1024): [LOWI-Scan] 
11-20 07:12:46.320 D/LOWI-9.0.0.80( 1024): [LOWI-Scan] print_bss_handler: Report Probe TSF 55512572856 as it greater than Beacon TSF 55411552520
11-20 07:12:46.320 I/LOWI-9.0.0.80( 1024): [LOWI-Scan] RSN_IE
11-20 07:12:46.320 D/LOWI-9.0.0.80( 1024): [LOWI-Scan] decode_rsn_wpa_ie: Entered
11-20 07:12:46.320 D/LOWI-9.0.0.80( 1024): [LOWIUtils] hexDump: msg(30 14 01 00 00 0f ac 04 01 00 00 0f ac 04 01 00 00 0f ac 02 )
11-20 07:12:46.321 D/LOWI-9.0.0.80( 1024): [LOWI-Scan] decode_rsn_wpa_ie: LOWI_ENCRYPTION_TYPE_WPA_PSK
11-20 07:12:46.321 D/LOWI-9.0.0.80( 1024): [LOWI-Scan] is_qcom_ie, bss_age: 25
11-20 07:12:46.321 D/LOWI-9.0.0.80( 1024): [LOWI-Scan] BSS 2c:57:41:89:63:c1 LOWI_PHY_MODE_11NG_HT20(5), Beacon Interval: 100, LOWI_ENCRYPTION_TYPE_WPA_PSK 11mcRanging: No, ANQP: No, LCI: No, Civic: No, capability(0x1411): ESS Privacy ShortSlotTime
11-20 07:12:46.321 D/LOWI-9.0.0.80( 1024): [LOWI-Scan] BSS 2c:57:41:89:63:c1 FREQ: 2437, cFreq1[40:80:160] = [0:0:0] cFreq2 = 0 Country Code = US
11-20 07:12:46.321 D/LOWI-9.0.0.80( 1024): [LOWI-Scan] BSS 2c:57:41:89:63:c1 (wlan0) ASSO: NO AddInfo: 0x0, TSF 0, 15:25:12.572, RSSI: -160, CPL: 2, AGE: 0,  SSID kittyhawk, TSFDelta: 0x0, TXRate: 0
11-20 07:12:46.321 D/LOWI-9.0.0.80( 1024): [LOWI-Scan] 
11-20 07:12:46.321 D/LOWI-9.0.0.80( 1024): [LOWI-Scan] print_bss_handler: Report Probe TSF 55512572540 as it greater than Beacon TSF 55382281876
11-20 07:12:46.321 I/LOWI-9.0.0.80( 1024): [LOWI-Scan] RSN_IE
11-20 07:12:46.321 D/LOWI-9.0.0.80( 1024): [LOWI-Scan] decode_rsn_wpa_ie: Entered
11-20 07:12:46.321 D/LOWI-9.0.0.80( 1024): [LOWIUtils] hexDump: msg(30 14 01 00 00 0f ac 04 01 00 00 0f ac 04 01 00 00 0f ac 02 )
11-20 07:12:46.323 D/LOWI-9.0.0.80( 1024): [LOWI-Scan] decode_rsn_wpa_ie: LOWI_ENCRYPTION_TYPE_WPA_PSK
11-20 07:12:46.323 D/LOWI-9.0.0.80( 1024): [LOWI-Scan] is_qcom_ie, bss_age: 26
11-20 07:12:46.323 D/LOWI-9.0.0.80( 1024): [LOWI-Scan] BSS ce:dc:12:3b:87:fd LOWI_PHY_MODE_11AC_VHT20_2G(11), Beacon Interval: 100, LOWI_ENCRYPTION_TYPE_WPA_PSK 11mcRanging: No, ANQP: Yes, LCI: No, Civic: No, capability(0x1431): ESS Privacy ShortPreamble ShortSlotTime
11-20 07:12:46.323 D/LOWI-9.0.0.80( 1024): [LOWI-Scan] BSS ce:dc:12:3b:87:fd FREQ: 2437, cFreq1[40:80:160] = [0:0:0] cFreq2 = 0 Country Code =    
11-20 07:12:46.323 D/LOWI-9.0.0.80( 1024): [LOWI-Scan] BSS ce:dc:12:3b:87:fd (wlan0) ASSO: NO AddInfo: 0x0, TSF 0, 15:25:12.572, RSSI: -106, CPL: 127, AGE: 0,  SSID Pixel5_R1, TSFDelta: 0x0, TXRate: 0
11-20 07:12:46.324 D/LOWI-9.0.0.80( 1024): [LOWI-Scan] 
11-20 07:12:46.324 D/LOWI-9.0.0.80( 1024): [LOWI-Scan] print_bss_handler: Report Probe TSF 55512572814 as it greater than Beacon TSF 0
11-20 07:12:46.324 I/LOWI-9.0.0.80( 1024): [LOWI-Scan] RSN_IE
11-20 07:12:46.324 D/LOWI-9.0.0.80( 1024): [LOWI-Scan] decode_rsn_wpa_ie: Entered
11-20 07:12:46.324 D/LOWI-9.0.0.80( 1024): [LOWIUtils] hexDump: msg(30 14 01 00 00 0f ac 04 01 00 00 0f ac 04 01 00 00 0f ac 02 )
11-20 07:12:46.324 D/LOWI-9.0.0.80( 1024): [LOWI-Scan] decode_rsn_wpa_ie: LOWI_ENCRYPTION_TYPE_WPA_PSK
11-20 07:12:46.324 D/LOWI-9.0.0.80( 1024): [LOWI-Scan] is_qcom_ie, bss_age: 5
11-20 07:12:46.324 D/LOWI-9.0.0.80( 1024): [LOWI-Scan] BSS 2c:57:41:86:85:21 LOWI_PHY_MODE_11NG_HT20(5), Beacon Interval: 100, LOWI_ENCRYPTION_TYPE_WPA_PSK 11mcRanging: No, ANQP: No, LCI: No, Civic: No, capability(0x1411): ESS Privacy ShortSlotTime
11-20 07:12:46.325 D/LOWI-9.0.0.80( 1024): [LOWI-Scan] BSS 2c:57:41:86:85:21 FREQ: 2462, cFreq1[40:80:160] = [0:0:0] cFreq2 = 0 Country Code = US
11-20 07:12:46.325 D/LOWI-9.0.0.80( 1024): [LOWI-Scan] BSS 2c:57:41:86:85:21 (wlan0) ASSO: NO AddInfo: 0x0, TSF 0, 15:25:12.572, RSSI: -158, CPL: 2, AGE: 0,  SSID kittyhawk, TSFDelta: 0x0, TXRate: 0
11-20 07:12:46.330 D/LOWI-9.0.0.80( 1024): [LOWI-Scan] 
11-20 07:12:46.330 D/LOWI-9.0.0.80( 1024): [LOWI-Scan] print_bss_handler: Report Probe TSF 55512572576 as it greater than Beacon TSF 0
11-20 07:12:46.330 I/LOWI-9.0.0.80( 1024): [LOWI-Scan] RSN_IE
11-20 07:12:46.330 D/LOWI-9.0.0.80( 1024): [LOWI-Scan] decode_rsn_wpa_ie: Entered
11-20 07:12:46.331 D/LOWI-9.0.0.80( 1024): [LOWIUtils] hexDump: msg(30 14 01 00 00 0f ac 04 01 00 00 0f ac 04 01 00 00 0f ac 02 )
11-20 07:12:46.331 D/LOWI-9.0.0.80( 1024): [LOWI-Scan] decode_rsn_wpa_ie: LOWI_ENCRYPTION_TYPE_WPA_PSK
11-20 07:12:46.331 D/LOWI-9.0.0.80( 1024): [LOWI-Scan] is_qcom_ie, bss_age: 41
11-20 07:12:46.331 D/LOWI-9.0.0.80( 1024): [LOWI-Scan] BSS 52:b8:14:37:74:3f LOWI_PHY_MODE_11AC_VHT20_2G(11), Beacon Interval: 100, LOWI_ENCRYPTION_TYPE_WPA_PSK 11mcRanging: No, ANQP: No, LCI: No, Civic: No, capability(0x1431): ESS Privacy ShortPreamble ShortSlotTime
11-20 07:12:46.331 D/LOWI-9.0.0.80( 1024): [LOWI-Scan] BSS 52:b8:14:37:74:3f FREQ: 2417, cFreq1[40:80:160] = [0:0:0] cFreq2 = 0 Country Code =    
11-20 07:12:46.331 D/LOWI-9.0.0.80( 1024): [LOWI-Scan] BSS 52:b8:14:37:74:3f (wlan0) ASSO: NO AddInfo: 0x0, TSF 0, 15:25:12.572, RSSI: -104, CPL: 127, AGE: 0,  SSID Pixel_8668, TSFDelta: 0x0, TXRate: 0
11-20 07:12:46.331 D/PasspointManager( 1194): ANQP entry not found for: c6:82:9b:4e:b3:9e:<Pixel_R6>
11-20 07:12:46.331 D/PasspointManager( 1194): ANQP entry not found for: 5e:6e:be:46:77:d7:<Pixel_R3>
11-20 07:12:46.331 D/PasspointManager( 1194): ANQP entry not found for: 12:d7:96:61:85:9f:<Pixel_R5>
11-20 07:12:46.332 D/LOWI-9.0.0.80( 1024): [LOWI-Scan] 
11-20 07:12:46.332 D/LOWI-9.0.0.80( 1024): [LOWI-Scan] print_bss_handler: Report Probe TSF 55512572777 as it greater than Beacon TSF 55461600399
11-20 07:12:46.332 I/LOWI-9.0.0.80( 1024): [LOWI-Scan] RSN_IE
11-20 07:12:46.332 D/LOWI-9.0.0.80( 1024): [LOWI-Scan] decode_rsn_wpa_ie: Entered
11-20 07:12:46.332 D/PasspointManager( 1194): ANQP entry not found for: fe:2d:5a:49:61:eb:<Pixel_R2>
11-20 07:12:46.332 D/LOWI-9.0.0.80( 1024): [LOWIUtils] hexDump: msg(30 14 01 00 00 0f ac 04 01 00 00 0f ac 04 01 00 00 0f ac 02 )
11-20 07:12:46.332 D/LOWI-9.0.0.80( 1024): [LOWI-Scan] decode_rsn_wpa_ie: LOWI_ENCRYPTION_TYPE_WPA_PSK
11-20 07:12:46.332 D/LOWI-9.0.0.80( 1024): [LOWI-Scan] is_qcom_ie, bss_age: 47
11-20 07:12:46.332 D/LOWI-9.0.0.80( 1024): [LOWI-Scan] BSS 18:64:72:60:2b:40 LOWI_PHY_MODE_11NG_HT20(5), Beacon Interval: 100, LOWI_ENCRYPTION_TYPE_WPA_PSK 11mcRanging: No, ANQP: No, LCI: No, Civic: No, capability(0x0431): ESS Privacy ShortPreamble ShortSlotTime
11-20 07:12:46.332 D/LOWI-9.0.0.80( 1024): [LOWI-Scan] BSS 18:64:72:60:2b:40 FREQ: 2412, cFreq1[40:80:160] = [0:0:0] cFreq2 = 0 Country Code =    
11-20 07:12:46.332 D/PasspointManager( 1194): ANQP entry not found for: ce:dc:12:3b:87:fd:<Pixel5_R1>
11-20 07:12:46.332 D/LOWI-9.0.0.80( 1024): [LOWI-Scan] BSS 18:64:72:60:2b:40 (wlan0) ASSO: NO AddInfo: 0x0, TSF 0, 15:25:12.572, RSSI: -142, CPL: 127, AGE: 0,  SSID lab-t24103779, TSFDelta: 0x0, TXRate: 0
11-20 07:12:46.333 D/LOWI-9.0.0.80( 1024): [LOWI-Scan] 
11-20 07:12:46.333 D/LOWI-9.0.0.80( 1024): [LOWI-Scan] print_bss_handler: Report Probe TSF 55512572835 as it greater than Beacon TSF 55461600459
11-20 07:12:46.333 I/LOWI-9.0.0.80( 1024): [LOWI-Scan] RSN_IE
11-20 07:12:46.333 D/LOWI-9.0.0.80( 1024): [LOWI-Scan] decode_rsn_wpa_ie: Entered
11-20 07:12:46.333 D/LOWI-9.0.0.80( 1024): [LOWIUtils] hexDump: msg(30 14 01 00 00 0f ac 04 01 00 00 0f ac 04 01 00 00 0f ac 02 )
11-20 07:12:46.333 D/LOWI-9.0.0.80( 1024): [LOWI-Scan] decode_rsn_wpa_ie: LOWI_ENCRYPTION_TYPE_WPA_PSK
11-20 07:12:46.333 D/LOWI-9.0.0.80( 1024): [LOWI-Scan] is_qcom_ie, bss_age: 47
11-20 07:12:46.333 D/LOWI-9.0.0.80( 1024): [LOWI-Scan] BSS 2c:57:41:89:53:21 LOWI_PHY_MODE_11NG_HT20(5), Beacon Interval: 100, LOWI_ENCRYPTION_TYPE_WPA_PSK 11mcRanging: No, ANQP: No, LCI: No, Civic: No, capability(0x1411): ESS Privacy ShortSlotTime
11-20 07:12:46.333 D/LOWI-9.0.0.80( 1024): [LOWI-Scan] BSS 2c:57:41:89:53:21 FREQ: 2412, cFreq1[40:80:160] = [0:0:0] cFreq2 = 0 Country Code = US
11-20 07:12:46.334 D/LOWI-9.0.0.80( 1024): [LOWI-Scan] BSS 2c:57:41:89:53:21 (wlan0) ASSO: NO AddInfo: 0x0, TSF 0, 15:25:12.572, RSSI: -158, CPL: 3, AGE: 0,  SSID kittyhawk, TSFDelta: 0x0, TXRate: 0
11-20 07:12:46.334 D/LOWI-9.0.0.80( 1024): [LOWI-Scan] 
11-20 07:12:46.334 D/LOWI-9.0.0.80( 1024): [LOWI-Scan] print_bss_handler: Report Probe TSF 55512572877 as it greater than Beacon TSF 0
11-20 07:12:46.334 I/LOWI-9.0.0.80( 1024): [LOWI-Scan] RSN_IE
11-20 07:12:46.334 D/LOWI-9.0.0.80( 1024): [LOWI-Scan] decode_rsn_wpa_ie: Entered
11-20 07:12:46.334 D/LOWI-9.0.0.80( 1024): [LOWIUtils] hexDump: msg(30 14 01 00 00 0f ac 04 01 00 00 0f ac 04 01 00 00 0f ac 02 )
11-20 07:12:46.334 D/LOWI-9.0.0.80( 1024): [LOWI-Scan] decode_rsn_wpa_ie: LOWI_ENCRYPTION_TYPE_WPA_PSK
11-20 07:12:46.334 D/LOWI-9.0.0.80( 1024): [LOWI-Scan] is_qcom_ie, bss_age: 46
11-20 07:12:46.334 D/LOWI-9.0.0.80( 1024): [LOWI-Scan] BSS 2c:57:41:86:7a:61 LOWI_PHY_MODE_11NG_HT20(5), Beacon Interval: 100, LOWI_ENCRYPTION_TYPE_WPA_PSK 11mcRanging: No, ANQP: No, LCI: No, Civic: No, capability(0x1411): ESS Privacy ShortSlotTime
11-20 07:12:46.334 D/LOWI-9.0.0.80( 1024): [LOWI-Scan] BSS 2c:57:41:86:7a:61 FREQ: 2412, cFreq1[40:80:160] = [0:0:0] cFreq2 = 0 Country Code = US
11-20 07:12:46.334 D/LOWI-9.0.0.80( 1024): [LOWI-Scan] BSS 2c:57:41:86:7a:61 (wlan0) ASSO: NO AddInfo: 0x0, TSF 0, 15:25:12.572, RSSI: -158, CPL: 3, AGE: 0,  SSID kittyhawk, TSFDelta: 0x0, TXRate: 0
11-20 07:12:46.335 D/LOWI-9.0.0.80( 1024): [LOWIDiagLog] Log: lowiMeasResult->request: invalid null argument
11-20 07:12:46.335 I/LOWI-9.0.0.80( 1024): [LOWI-Scan] lowi_close_record:Scan done in 55468818ms, 18 APs in scan results
11-20 07:12:46.335 D/LOWI-9.0.0.80( 1024): [LOWI-Scan] WipsScanUsingNL: passive scan cached 0, took 8919 ms, err 0
11-20 07:12:46.335 D/LOWI-9.0.0.80( 1024): [LOWI-Scan] lowi_proc_req_passive_scan_with_live_meas - No WLAN Frames to be parsed
11-20 07:12:46.335 D/LOWI-9.0.0.80( 1024): [LOWIScanResultReceiver] Send scan meas to listener
11-20 07:12:46.335 D/LOWI-9.0.0.80( 1024): [LOWIScanResultReceiver] Enter passive listening mode
11-20 07:12:46.335 D/LOWI-9.0.0.80( 1024): [LOWIWifiDriverInterface] getMeasurements - Passive listening mode
11-20 07:12:46.335 D/LOWI-9.0.0.80( 1024): [LOWI-Scan] WipsScanUsingNL:wait -1 sec for netlink message
11-20 07:12:46.335 D/LOWI-9.0.0.80( 1024): [LOWIEventReceiver] handleEvent:FROM:NA, TO:NA, REQ:NA, IREQ:NA, REQ_ID:0, RESP:NA, INFO:NA
11-20 07:12:46.335 D/LOWI-9.0.0.80( 1024): [LOWIBackgroundScanMgr] isRspForBgScanMgr: evt(LOWI_NO_EVT) - not handled
11-20 07:12:46.335 D/LOWI-9.0.0.80( 1024): [LOWIScheduler] manageMsg: NULL results or NULL request in results
11-20 07:12:46.335 D/LOWI-9.0.0.80( 1024): [LOWIController] Measurements received
11-20 07:12:46.335 D/LOWI-9.0.0.80( 1024): [LOWICacheManager] putInCache:Num of Meas to add: 18
11-20 07:12:46.337 D/LOWI-9.0.0.80( 1024): [LOWIController] processMeasurementResults: No current Request. Cache measurements
11-20 07:12:46.337 D/LOWI-9.0.0.80( 1024): [LOWIControllerExtn] sendLOWILpDiscoveryScanResponse: Not a discovery scan response
11-20 07:12:46.384 D/WifiSharingService( 2841): Sending scanResults intent with status code 0: PendingIntent{4612d73: android.os.BinderProxy@cb629ec}
11-20 07:12:46.392 D/CompatibilityInfo( 1194): mCompatibilityFlags - 4
11-20 07:12:46.392 D/CompatibilityInfo( 1194): applicationDensity - 320
11-20 07:12:46.392 D/CompatibilityInfo( 1194): applicationScale - 1.0
11-20 07:12:47.401 W/HWComposer(  577): Ignoring duplicate VSYNC event from HWC for display 0 (t=55513664742781)
11-20 07:12:47.580 D/mcu_health_checker( 1118): Sent MCU Health Request
11-20 07:12:47.580 D/commandrouter( 1117): SocServiceHandle::onServiceMessage, SoC Service = mcu_healthcheck_1118, appType = 1, type = SVC_REQ, clientId = 0, token = 1848, payloadLen = 12, result = 0, payload.size() = 12
11-20 07:12:47.584 D/commandrouter( 1117): mcu_healthcheck_1118 (1, merlot:mcu_health:control): <ServiceResponse> FORWARDED (remote -> local) CR token ID = 1848, service client ID = 40, token ID = 33661, result = 0
11-20 07:12:47.584 D/mcu_health_checker( 1118): MCU Health Response: MCU_OK
11-20 07:12:47.584 D/mcu_health_checker( 1118): MCU Session 0, uptime = 55480436 ms
11-20 07:12:47.584 D/mculinkhealth( 1118): isMcuReachable 1 (4 ms)
11-20 07:12:48.618 D/AppStorageManager( 1194): BEFORE:: Previous Size: 997179392 Current Size: 997343232
11-20 07:12:48.618 D/AppStorageManager( 1194): AFTER:: Previous Size: 997343232 Current Size: 997343232
11-20 07:12:48.730 D/UIAutomatorStub(17968): URI: /jsonrpc/0, Method: POST, Header: {content-length=229, remote-addr=127.0.0.1, http-client-ip=127.0.0.1, host=localhost:9010, content-type=application/json, accept-encoding=identity}, params, {NanoHttpd.QUERY_STRING=null}, files: {postData={"jsonrpc": "2.0", "method": "objInfo", "id": "179effcfbf43203bb310e3da79f31ba5", "params": [{"mask": 2097152, "childOrSibling": [], "childOrSiblingSelector": [], "resourceId": "com.facebook.wearable.system.settings:id/toggle"}]}}
11-20 07:12:48.812 D/UIAutomatorStub(17968): URI: /jsonrpc/0, Method: POST, Header: {content-length=227, remote-addr=127.0.0.1, http-client-ip=127.0.0.1, host=localhost:9010, content-type=application/json, accept-encoding=identity}, params, {NanoHttpd.QUERY_STRING=null}, files: {postData={"jsonrpc": "2.0", "method": "click", "id": "64fa5f19fa3a0523b26716e877ddac69", "params": [{"mask": 2097152, "childOrSibling": [], "childOrSiblingSelector": [], "resourceId": "com.facebook.wearable.system.settings:id/toggle"}]}}
11-20 07:12:48.828 D/AnalyticsLogger( 1194): sent events: 12
11-20 07:12:48.871 D/WifiSharingService( 2841): Setting Wi-Fi enabled state
11-20 07:12:48.872 I/WifiService( 1194): setWifiEnabled package=com.facebook.wearable.system.connectivity uid=1000 enable=false
11-20 07:12:48.876 D/WifiActiveModeWarden( 1194): Switching all client mode managers
11-20 07:12:48.877 D/QCNEJ/WlanStaInfoRelay( 1900): onChange for uri = content://settings/global/wifi_on
11-20 07:12:48.879 D/WifiP2pService( 1194): Wifi enabled=false, P2P Interface availability=true
11-20 07:12:48.879 D/WifiP2pNative( 1194): Teardown P2P interface
11-20 07:12:48.883 D/WifiP2pService( 1194): Wifi enabled=false, P2P Interface availability=true
11-20 07:12:48.884 E/QMI_FW  (  927): qmi_cci_get_ref: ref count increased 2
11-20 07:12:48.893 W/ContextImpl( 1194): Calling a method in the system process without a qualified user: android.app.ContextImpl.sendBroadcastMultiplePermissions:1143 android.content.Context.sendBroadcastWithMultiplePermissions:2150 com.android.server.display.WifiDisplayAdapter.handleSendStatusChangeBroadcast:440 com.android.server.display.WifiDisplayAdapter.access$1700:63 com.android.server.display.WifiDisplayAdapter$WifiDisplayHandler.handleMessage:675 
11-20 07:12:48.893 D/WifiClientModeManager1( 1194): IMS not registered over IWLAN for subId: 1
11-20 07:12:48.895 D/WifiClientModeManager1( 1194): The target role 5
11-20 07:12:48.900 I/android_os_HwBinder( 1194): HwBinder: Starting thread pool for getting: android.hardware.wifi.supplicant@1.0::ISupplicant/default
11-20 07:12:48.903 I/wpa_supplicant(31056): wlan0: Do not deauthenticate as part of interface deinit since WoWLAN is enabled
11-20 07:12:48.926 I/wpa_supplicant(31056): Try to unregister vendor STA network
11-20 07:12:48.927 E/wpa_supplicant(31056): eap_proxy: pthread_join on eap_proxy=0x8255eac
11-20 07:12:48.927 E/wpa_supplicant(31056): eap_proxy: session not started for client = 1
11-20 07:12:48.927 E/QMI_FW  (31056): qmi_cci_get_ref: ref count increased 2
11-20 07:12:48.927 E/QMI_FW  (31056): qmi_cci_get_ref: ref count increased 2
11-20 07:12:48.929 E/wpa_supplicant(31056): eap_proxy: Released QMI UIM service client
11-20 07:12:48.929 E/QMI_FW  (31056): qmi_cci_get_ref: ref count increased 2
11-20 07:12:48.929 E/QMI_FW  (31056): qmi_cci_get_ref: ref count increased 2
11-20 07:12:48.931 E/wpa_supplicant(31056): eap_proxy: Released QMI EAP service client
11-20 07:12:48.931 E/wpa_supplicant(31056): eap_proxy: session not started for client = 2
11-20 07:12:48.931 E/QMI_FW  (31056): qmi_cci_get_ref: ref count increased 2
11-20 07:12:48.931 E/QMI_FW  (31056): qmi_cci_get_ref: ref count increased 2
11-20 07:12:48.932 E/wpa_supplicant(31056): eap_proxy: Released QMI UIM service client
11-20 07:12:48.932 E/QMI_FW  (31056): qmi_cci_get_ref: ref count increased 2
11-20 07:12:48.932 E/QMI_FW  (31056): qmi_cci_get_ref: ref count increased 2
