11-20 07:27:22.426 D/LOWI-9.0.0.80( 1026): [LOWIWifiDriverInterface] getMeasurements - Passive listening mode
11-20 07:27:22.426 D/LOWI-9.0.0.80( 1026): [LOWI-Scan] WipsScanUsingNL:wait -1 sec for netlink message
11-20 07:27:22.426 D/LOWI-9.0.0.80( 1026): [LOWIEventReceiver] handleEvent:FROM:NA, TO:NA, REQ:NA, IREQ:NA, REQ_ID:0, RESP:NA, INFO:NA
11-20 07:27:22.426 D/LOWI-9.0.0.80( 1026): [LOWIBackgroundScanMgr] isRspForBgScanMgr: evt(LOWI_NO_EVT) - not handled
11-20 07:27:22.426 D/LOWI-9.0.0.80( 1026): [LOWIScheduler] manageMsg: NULL results or NULL request in results
11-20 07:27:22.426 D/LOWI-9.0.0.80( 1026): [LOWIController] Measurements received
11-20 07:27:22.426 D/LOWI-9.0.0.80( 1026): [LOWICacheManager] putInCache:Num of Meas to add: 18
11-20 07:27:22.427 D/LOWI-9.0.0.80( 1026): [LOWIController] processMeasurementResults: No current Request. Cache measurements
11-20 07:27:22.428 D/LOWI-9.0.0.80( 1026): [LOWIControllerExtn] sendLOWILpDiscoveryScanResponse: Not a discovery scan response
11-20 07:27:22.439 D/PasspointManager( 1186): ANQP entry not found for: 12:d7:96:61:85:9f:<Pixel_R5>
11-20 07:27:22.439 D/PasspointManager( 1186): ANQP entry not found for: 5e:6e:be:46:77:d7:<Pixel_R3>
11-20 07:27:22.439 D/PasspointManager( 1186): ANQP entry not found for: c6:82:9b:4e:b3:9e:<Pixel_R6>
11-20 07:27:22.439 D/PasspointManager( 1186): ANQP entry not found for: ce:dc:12:3b:87:fd:<Pixel5_R1>
11-20 07:27:22.490 D/WifiSharingService( 2870): Sending scanResults intent with status code 0: PendingIntent{1d308e5: android.os.BinderProxy@3fc662e}
11-20 07:27:22.506 D/CompatibilityInfo( 1186): mCompatibilityFlags - 4
11-20 07:27:22.506 D/CompatibilityInfo( 1186): applicationDensity - 320
11-20 07:27:22.506 D/CompatibilityInfo( 1186): applicationScale - 1.0
11-20 07:27:23.514 W/HWComposer(  598): Ignoring duplicate VSYNC event from HWC for display 0 (t=56331239888353)
11-20 07:27:23.781 D/commandrouter( 1006): rtc_sync (1, rtc:sync): <ServiceRequest> FORWARDED (remote -> local) service client ID = 0, token ID = 38396
11-20 07:27:23.781 D/vendor.facebook.rtc_sync@1.0-service( 1145): Request req_ts=1637393243779133576 resp_ts=1637393243781782895
11-20 07:27:23.782 D/commandrouter( 1006): SocServiceHandle::onServiceMessage, SoC Service = rtc_sync, appType = 1, type = SVC_RESP, clientId = 0, token = 38396, payloadLen = 8, result = 0, payload.size() = 8
11-20 07:27:24.816 D/UIAutomatorStub(19450): URI: /jsonrpc/0, Method: POST, Header: {content-length=229, remote-addr=127.0.0.1, http-client-ip=127.0.0.1, host=localhost:9012, content-type=application/json, accept-encoding=identity}, params, {NanoHttpd.QUERY_STRING=null}, files: {postData={"jsonrpc": "2.0", "method": "objInfo", "id": "c03e9d9ac8255bd728312784c24de889", "params": [{"mask": 2097152, "childOrSibling": [], "childOrSiblingSelector": [], "resourceId": "com.facebook.wearable.system.settings:id/toggle"}]}}
11-20 07:27:24.923 D/UIAutomatorStub(19450): URI: /jsonrpc/0, Method: POST, Header: {content-length=227, remote-addr=127.0.0.1, http-client-ip=127.0.0.1, host=localhost:9012, content-type=application/json, accept-encoding=identity}, params, {NanoHttpd.QUERY_STRING=null}, files: {postData={"jsonrpc": "2.0", "method": "click", "id": "15c4af7042bac5b151e59500c207cac0", "params": [{"mask": 2097152, "childOrSibling": [], "childOrSiblingSelector": [], "resourceId": "com.facebook.wearable.system.settings:id/toggle"}]}}
11-20 07:27:24.997 D/WifiSharingService( 2870): Setting Wi-Fi enabled state
11-20 07:27:24.998 I/WifiService( 1186): setWifiEnabled package=com.facebook.wearable.system.connectivity uid=1000 enable=false
11-20 07:27:25.000 D/WifiActiveModeWarden( 1186): Switching all client mode managers
11-20 07:27:25.003 D/QCNEJ/WlanStaInfoRelay( 1907): onChange for uri = content://settings/global/wifi_on
11-20 07:27:25.007 E/QMI_FW  (  915): qmi_cci_get_ref: ref count increased 2
11-20 07:27:25.009 D/BluetoothAdapterService( 1710): android.net.wifi.WIFI_STATE_CHANGED
11-20 07:27:25.017 D/WifiP2pService( 1186): Wifi enabled=false, P2P Interface availability=true
11-20 07:27:25.018 D/WifiP2pService( 1186): Wifi enabled=false, P2P Interface availability=true
11-20 07:27:25.018 D/WifiP2pNative( 1186): Teardown P2P interface
11-20 07:27:25.018 D/WifiClientModeManager0( 1186): IMS not registered over IWLAN for subId: 1
11-20 07:27:25.018 D/WifiClientModeManager0( 1186): The target role 5
11-20 07:27:25.024 W/ContextImpl( 1186): Calling a method in the system process without a qualified user: android.app.ContextImpl.sendBroadcastMultiplePermissions:1143 android.content.Context.sendBroadcastWithMultiplePermissions:2150 com.android.server.display.WifiDisplayAdapter.handleSendStatusChangeBroadcast:440 com.android.server.display.WifiDisplayAdapter.access$1700:63 com.android.server.display.WifiDisplayAdapter$WifiDisplayHandler.handleMessage:675 
11-20 07:27:25.028 I/android_os_HwBinder( 1186): HwBinder: Starting thread pool for getting: android.hardware.wifi.supplicant@1.0::ISupplicant/default
11-20 07:27:25.030 I/wpa_supplicant(32052): wlan0: Do not deauthenticate as part of interface deinit since WoWLAN is enabled
11-20 07:27:25.050 W/HWComposer(  598): Ignoring duplicate VSYNC event from HWC for display 0 (t=56332775535280)
11-20 07:27:25.064 I/wpa_supplicant(32052): Try to unregister vendor STA network
11-20 07:27:25.065 E/wpa_supplicant(32052): eap_proxy: pthread_join on eap_proxy=0xdf8beac
11-20 07:27:25.065 E/wpa_supplicant(32052): eap_proxy: session not started for client = 1
11-20 07:27:25.065 E/QMI_FW  (32052): qmi_cci_get_ref: ref count increased 2
11-20 07:27:25.065 E/QMI_FW  (32052): qmi_cci_get_ref: ref count increased 2
11-20 07:27:25.065 E/wpa_supplicant(32052): eap_proxy: Released QMI UIM service client
11-20 07:27:25.065 E/QMI_FW  (32052): qmi_cci_get_ref: ref count increased 2
11-20 07:27:25.065 E/QMI_FW  (32052): qmi_cci_get_ref: ref count increased 2
11-20 07:27:25.066 E/wpa_supplicant(32052): eap_proxy: Released QMI EAP service client
11-20 07:27:25.066 E/wpa_supplicant(32052): eap_proxy: session not started for client = 2
11-20 07:27:25.066 E/QMI_FW  (32052): qmi_cci_get_ref: ref count increased 2
11-20 07:27:25.066 E/QMI_FW  (32052): qmi_cci_get_ref: ref count increased 2
11-20 07:27:25.066 E/wpa_supplicant(32052): eap_proxy: Released QMI UIM service client
11-20 07:27:25.066 E/QMI_FW  (32052): qmi_cci_get_ref: ref count increased 2
11-20 07:27:25.066 E/QMI_FW  (32052): qmi_cci_get_ref: ref count increased 2
11-20 07:27:25.068 E/wpa_supplicant(32052): eap_proxy: Released QMI EAP service client
11-20 07:27:25.068 I/wpa_supplicant(32052): eap_proxy: eap_proxy Deinitialzed
11-20 07:27:25.105 I/wpa_supplicant(32052): nl80211: deinit ifname=wlan0 disabled_11b_rates=0
11-20 07:27:25.145 D/LOWI-9.0.0.80( 1026): [LOWINetlinkSocketReceiver] unpackRTMLinkMessage: RTM_NEWLINK - ifname wlan0, flags 0x11043 ([UP][RUNNING])
11-20 07:27:25.145 D/LOWI-9.0.0.80( 1026): [LOWINetlinkSocketReceiver] processNetlinkPacket: ifname(wlan0) status(2)
11-20 07:27:25.145 D/LOWI-9.0.0.80( 1026): [LOWIController] intfStateReceived: ifname(wlan0) state(2)
11-20 07:27:25.145 D/LOWI-9.0.0.80( 1026): [LOWIEventReceiver] handleEvent:FROM:NA, TO:NA, REQ:NA, IREQ:NA, REQ_ID:0, RESP:NA, INFO:INTF-STATUS-UPDATE
11-20 07:27:25.146 D/LOWI-9.0.0.80( 1026): [LOWIEventReceiver] Info to [INTF-STATUS-UPDATE]
11-20 07:27:25.146 D/LOWI-9.0.0.80( 1026): [LOWIController] updateIntfState: WIFI enabled 2 mNlWifiStatus 2 mWifiStateEnabled 1
11-20 07:27:25.146 D/LOWI-9.0.0.80( 1026): [LOWIController] isWifiEnabled: mNlWifiStatus 2 mWifiStateEnabled 1
11-20 07:27:25.146 I/wpa_supplicant(32052): Try to unregister vendor interface
11-20 07:27:25.149 I/SupplicantStaIfaceHal( 1186): Terminating supplicant using HIDL
11-20 07:27:25.152 I/wpa_supplicant(32052): p2p0: Do not deauthenticate as part of interface deinit since WoWLAN is enabled
11-20 07:27:25.183 D/ConnectivityService( 1186): handleLingerComplete for [101 CELLULAR]
11-20 07:27:25.194 E/wpa_supplicant(32052): eap_proxy: pthread_join on eap_proxy=0xdf8bfa8
11-20 07:27:25.194 E/wpa_supplicant(32052): eap_proxy: session not started for client = 1
11-20 07:27:25.195 E/QMI_FW  (32052): qmi_cci_get_ref: ref count increased 2
11-20 07:27:25.195 E/QMI_FW  (32052): qmi_cci_get_ref: ref count increased 2
11-20 07:27:25.197 E/wpa_supplicant(32052): eap_proxy: Released QMI UIM service client
11-20 07:27:25.197 E/QMI_FW  (32052): qmi_cci_get_ref: ref count increased 2
11-20 07:27:25.197 E/QMI_FW  (32052): qmi_cci_get_ref: ref count increased 2
11-20 07:27:25.199 E/wpa_supplicant(32052): eap_proxy: Released QMI EAP service client
11-20 07:27:25.199 E/wpa_supplicant(32052): eap_proxy: session not started for client = 2
11-20 07:27:25.199 E/QMI_FW  (32052): qmi_cci_get_ref: ref count increased 2
11-20 07:27:25.199 E/QMI_FW  (32052): qmi_cci_get_ref: ref count increased 2
11-20 07:27:25.202 E/wpa_supplicant(32052): eap_proxy: Released QMI UIM service client
11-20 07:27:25.202 E/QMI_FW  (32052): qmi_cci_get_ref: ref count increased 2
11-20 07:27:25.202 E/QMI_FW  (32052): qmi_cci_get_ref: ref count increased 2
11-20 07:27:25.203 D/QCNEJ/WwanInfoRelay( 1907): onCapabilitiesChanged: 101 [ Transports: CELLULAR Capabilities: MMS&SUPL&FOTA&INTERNET&NOT_RESTRICTED&TRUSTED&NOT_VPN&VALIDATED&NOT_ROAMING&NOT_CONGESTED&NOT_SUSPENDED LinkUpBandwidth>=15000Kbps LinkDnBandwidth>=30000Kbps Specifier: <TelephonyNetworkSpecifier [mSubId = 1]> AdministratorUids: [] RequestorUid: -1 RequestorPackageName: null]
11-20 07:27:25.204 E/wpa_supplicant(32052): eap_proxy: Released QMI EAP service client
11-20 07:27:25.204 I/wpa_supplicant(32052): eap_proxy: eap_proxy Deinitialzed
11-20 07:27:25.209 I/QCNEJ/WwanInfoRelay( 1907): cacheWwanInfo subId = 1 phoneId = 0 slotId = 0
11-20 07:27:25.256 I/wpa_supplicant(32052): nl80211: deinit ifname=p2p0 disabled_11b_rates=0
11-20 07:27:25.295 D/LOWI-9.0.0.80( 1026): [LOWINetlinkSocketReceiver] unpackRTMLinkMessage: RTM_NEWLINK - ifname p2p0, flags 0x1003 ([UP])
11-20 07:27:25.314 D/LOWI-9.0.0.80( 1026): [LOWINetlinkSocketReceiver] unpackRTMLinkMessage: RTM_NEWLINK - ifname p2p0, flags 0x1002 ()
11-20 07:27:25.325 D/LOWI-9.0.0.80( 1026): [LOWINetlinkSocketReceiver] unpackRTMLinkMessage: RTM_NEWLINK - ifname p2p0, flags 0x1002 ()
11-20 07:27:25.329 I/wpa_supplicant(32052): Try to unregister vendor p2 interface
11-20 07:27:25.330 I/WifiP2pNative( 1186): P2P interface teardown completed
11-20 07:27:25.331 D/WifiP2pNative( 1186): P2P InterfaceDestroyedListener p2p0
11-20 07:27:25.331 D/WifiP2pNative( 1186): Ignoring stale interface destroyed listener
11-20 07:27:25.331 D/WifiP2pNative( 1186): P2P InterfaceAvailableListener true
11-20 07:27:25.331 D/WifiP2pService( 1186): Wifi enabled=false, P2P Interface availability=true
11-20 07:27:25.333 I/android_os_HwBinder( 1186): HwBinder: Starting thread pool for getting: android.hardware.wifi.supplicant@1.0::ISupplicant/default
11-20 07:27:25.335 I/wpa_supplicant(32052): Terminating...
11-20 07:27:25.336 D/LOWI-9.0.0.80( 1026): [LOWINetlinkSocketReceiver] unpackRTMLinkMessage: RTM_NEWLINK - ifname wlan0, flags 0x1003 ([UP])
11-20 07:27:25.336 D/LOWI-9.0.0.80( 1026): [LOWINetlinkSocketReceiver] processNetlinkPacket: ifname(wlan0) status(1)
11-20 07:27:25.336 D/LOWI-9.0.0.80( 1026): [LOWIController] intfStateReceived: ifname(wlan0) state(1)
11-20 07:27:25.337 D/LOWI-9.0.0.80( 1026): [LOWIEventReceiver] handleEvent:FROM:NA, TO:NA, REQ:NA, IREQ:NA, REQ_ID:0, RESP:NA, INFO:INTF-STATUS-UPDATE
11-20 07:27:25.337 D/LOWI-9.0.0.80( 1026): [LOWIEventReceiver] Info to [INTF-STATUS-UPDATE]
11-20 07:27:25.337 D/LOWI-9.0.0.80( 1026): [LOWIController] updateIntfState: WIFI enabled 1 mNlWifiStatus 2 mWifiStateEnabled 1
11-20 07:27:25.337 D/LOWI-9.0.0.80( 1026): [LOWIController] isWifiEnabled: mNlWifiStatus 1 mWifiStateEnabled 1
11-20 07:27:25.390 W/SupplicantStaIfaceHal( 1186): Timed out waiting for confirmation of supplicant death
11-20 07:27:25.390 D/LOWI-9.0.0.80( 1026): [LOWINetlinkSocketReceiver] unpackRTMLinkMessage: RTM_NEWLINK - ifname wlan0, flags 0x1003 ([UP])
11-20 07:27:25.390 D/LOWI-9.0.0.80( 1026): [LOWINetlinkSocketReceiver] processNetlinkPacket: ifname(wlan0) status(1)
11-20 07:27:25.390 D/LOWI-9.0.0.80( 1026): [LOWIController] intfStateReceived: ifname(wlan0) state(1)
11-20 07:27:25.390 W/SupplicantP2pIfaceHal( 1186): ISupplicant/ISupplicantP2pIface died: cookie=0
11-20 07:27:25.390 D/LOWI-9.0.0.80( 1026): [LOWIEventReceiver] handleEvent:FROM:NA, TO:NA, REQ:NA, IREQ:NA, REQ_ID:0, RESP:NA, INFO:INTF-STATUS-UPDATE
11-20 07:27:25.390 D/LOWI-9.0.0.80( 1026): [LOWIEventReceiver] Info to [INTF-STATUS-UPDATE]
11-20 07:27:25.390 D/LOWI-9.0.0.80( 1026): [LOWIController] updateIntfState: WIFI enabled 1 mNlWifiStatus 1 mWifiStateEnabled 1
11-20 07:27:25.390 D/LOWI-9.0.0.80( 1026): [LOWIController] isWifiEnabled: mNlWifiStatus 1 mWifiStateEnabled 1
11-20 07:27:25.390 D/SupplicantStaIfaceHal( 1186): ISupplicant died: cookie=-6888654862994937649
11-20 07:27:25.391 W/SupplicantP2pIfaceHal( 1186): ISupplicant/ISupplicantP2pIface died: cookie=0
11-20 07:27:25.391 W/SupplicantP2pIfaceHal( 1186): ISupplicantVendor/ISupplicantVendorP2PIface died: cookie=0
11-20 07:27:25.391 E/SupplicantStaIfaceHal( 1186): Can't call getKeyMgmtCapabilities_1_3, ISupplicantStaIface is null
11-20 07:27:25.392 W/SupplicantStaIfaceHal( 1186): ISupplicantVendor/ISupplicantVendorStaIface died: cookie=0
11-20 07:27:25.392 W/SupplicantP2pIfaceHal( 1186): ISupplicantVendor/ISupplicantVendorP2PIface died: cookie=0
11-20 07:27:25.392 W/SupplicantStaIfaceHal( 1186): ISupplicantVendor/ISupplicantVendorStaIface died: cookie=0
11-20 07:27:25.393 V/WifiHAL (  544): event received NL80211_CMD_DISCONNECT
11-20 07:27:25.394 V/WifiHAL (  544): WifiVendorCommand 0xaadf1b98 created vendor_id:0x1374 subcmd:38
11-20 07:27:25.394 V/WifiHAL (  544): Got a Wi-Fi HAL module message from Driver
11-20 07:27:25.394 V/WifiHAL (  544): Supported feature set : 19d3d
11-20 07:27:25.395 V/WifiHAL (  544): Supported feature set acquired : 19d3d
11-20 07:27:25.395 V/WifiHAL (  544): WifiVendorCommand 0x98689280 created vendor_id:0x1374 subcmd:76
11-20 07:27:25.395 V/WifiHAL (  544): create: mVendor_id = 4980, Subcmd = 76.
11-20 07:27:25.396 V/WifiHAL (  544): WifiVendorCommand 0xaadf1cc8 created vendor_id:0x1374 subcmd:38
11-20 07:27:25.397 V/WifiHAL (  544): Got a Wi-Fi HAL module message from Driver
11-20 07:27:25.398 V/WifiHAL (  544): Supported feature set : 19d3d
11-20 07:27:25.398 V/WifiHAL (  544): Supported feature set acquired : 19d3d
11-20 07:27:25.398 V/WifiHAL (  544): WifiVendorCommand 0x98689280 created vendor_id:0x1374 subcmd:76
11-20 07:27:25.398 V/WifiHAL (  544): create: mVendor_id = 4980, Subcmd = 76.
11-20 07:27:25.406 E/SupplicantStaIfaceHal( 1186): Can't call getWpaDriverFeatureSet, ISupplicantStaIface is null
11-20 07:27:25.406 I/WifiNative( 1186): Successfully switched to scan mode on iface=Iface:{Name=wlan0,Id=0,Type=STA_SCAN}
11-20 07:27:25.407 D/BluetoothAdapterService( 1710): Soft AP is on band: 1
11-20 07:27:25.408 D/BluetoothVendorService( 1710): getPowerBackoff 
11-20 07:27:25.408 D/BluetoothVendorService( 1710): setPowerBackoff to: false
11-20 07:27:25.408 I/BluetoothVendorJni( 1710): setPowerBackoffNative
11-20 07:27:25.408 I/bt_btif_vendor( 1710): setPowerBackOffState :0 
11-20 07:27:25.409 W/bt_btif ( 1710): bta_dm_power_back_off: power_back_off feature not supported
11-20 07:27:25.409 D/BluetoothAdapterService( 1710): android.net.wifi.WIFI_STATE_CHANGED
11-20 07:27:25.426 I/wificond(  911): Fail RSSI polling because wifi is not associated.
11-20 07:27:25.426 E/WifiNl80211Manager( 1186): Invalid signal poll result from wificond
11-20 07:27:25.430 W/SupplicantStaIfaceHal( 1186): ISupplicant died: cookie=112
11-20 07:27:25.431 D/WifiClientModeManager0( 1186): entering ScanOnlyModeState
11-20 07:27:25.431 D/WifiScanRequestProxy( 1186): Sending scan available broadcast: true
11-20 07:27:25.431 D/WifiP2pService( 1186): Wifi enabled=false, P2P Interface availability=true
11-20 07:27:25.431 I/WifiScanningService( 1186): Received a request to enable scanning, UID = 1000
11-20 07:27:25.432 I/WifiScanningService( 1186): scanner impls already exists
11-20 07:27:25.432 E/WifiScanningService( 1186): wifi driver loaded received while already loaded
11-20 07:27:25.433 I/WifiScanRequestProxy( 1186): Scanning is enabled
11-20 07:27:25.433 I/WifiScanRequestProxy( 1186): Scanning for hidden networks is disabled
11-20 07:27:25.433 D/WakeupController( 1186): start()
11-20 07:27:25.435 D/WakeupController( 1186): Setting active to true
11-20 07:27:25.470 D/WakeupLock( 1186): Lock set. Number of networks: 1
11-20 07:27:25.472 D/WifiClientModeImpl( 1186): ClientModeImpl: Leaving Connected state
11-20 07:27:25.473 D/WifiCountryCode( 1186): updateCountryCode to US
11-20 07:27:25.473 E/SupplicantStaIfaceHal( 1186): Can't call setCountryCode, ISupplicantStaIface is null
11-20 07:27:25.474 D/WifiCountryCode( 1186): Failed to set country code to: US
11-20 07:27:25.484 E/SupplicantStaIfaceHal( 1186): Can't call listNetworks, ISupplicantStaIface is null
11-20 07:27:25.484 E/SupplicantStaIfaceHal( 1186): removeAllNetworks failed, got null networks
11-20 07:27:25.484 E/WifiClientModeImpl( 1186): Failed to remove networks on exiting connect mode
11-20 07:27:25.486 E/WakeupController( 1186): Unexpected setLastDisconnectInfo when WakeupController is active!
11-20 07:27:25.487 E/WifiVendorHal( 1186): stopRssiMonitoring(l.2106) failed {.code = ERROR_NOT_AVAILABLE, .description = }
11-20 07:27:25.487 E/SupplicantStaIfaceHal( 1186): Can't call setPowerSave, ISupplicantStaIface is null
11-20 07:27:25.487 E/SupplicantStaIfaceHal( 1186): Can't call setBtCoexistenceMode, ISupplicantStaIface is null
11-20 07:27:25.488 V/WifiClientModeImpl( 1186): stopIpClient IpClientWithPreConnection: false
11-20 07:27:25.488 V/WifiClientModeImpl( 1186): java.lang.Throwable
11-20 07:27:25.488 V/WifiClientModeImpl( 1186): 	at com.android.server.wifi.ClientModeImpl.stopIpClient(ClientModeImpl.java:1127)
11-20 07:27:25.488 V/WifiClientModeImpl( 1186): 	at com.android.server.wifi.ClientModeImpl.stopDhcpSetup(ClientModeImpl.java:1153)
11-20 07:27:25.488 V/WifiClientModeImpl( 1186): 	at com.android.server.wifi.ClientModeImpl.handleNetworkDisconnect(ClientModeImpl.java:2945)
11-20 07:27:25.488 V/WifiClientModeImpl( 1186): 	at com.android.server.wifi.ClientModeImpl.stopClientMode(ClientModeImpl.java:3889)
11-20 07:27:25.488 V/WifiClientModeImpl( 1186): 	at com.android.server.wifi.ClientModeImpl.access$4600(ClientModeImpl.java:176)
11-20 07:27:25.488 V/WifiClientModeImpl( 1186): 	at com.android.server.wifi.ClientModeImpl$ConnectModeState.exit(ClientModeImpl.java:4064)
11-20 07:27:25.488 V/WifiClientModeImpl( 1186): 	at com.android.wifi.x.com.android.internal.util.StateMachine$SmHandler.invokeExitMethods(StateMachine.java:1021)
11-20 07:27:25.488 V/WifiClientModeImpl( 1186): 	at com.android.wifi.x.com.android.internal.util.StateMachine$SmHandler.performTransitions(StateMachine.java:877)
11-20 07:27:25.488 V/WifiClientModeImpl( 1186): 	at com.android.wifi.x.com.android.internal.util.StateMachine$SmHandler.handleMessage(StateMachine.java:819)
11-20 07:27:25.488 V/WifiClientModeImpl( 1186): 	at android.os.Handler.dispatchMessage(Handler.java:106)
11-20 07:27:25.488 V/WifiClientModeImpl( 1186): 	at android.os.Looper.loop(Looper.java:223)
11-20 07:27:25.488 V/WifiClientModeImpl( 1186): 	at android.os.HandlerThread.run(HandlerThread.java:67)
11-20 07:27:25.489 D/DhcpClient( 1186): doQuit
11-20 07:27:25.489 D/ConnectivityService( 1186): [155 WIFI] EVENT_NETWORK_INFO_CHANGED, going from CONNECTED to DISCONNECTED
11-20 07:27:25.489 D/ConnectivityService( 1186): [155 WIFI] disconnected, was satisfying 25
11-20 07:27:25.491 D/WifiConnector( 2870): Network State Changed
11-20 07:27:25.491 D/QCNEJ/WlanStaInfoRelay( 1907): Received action: android.net.wifi.STATE_CHANGE
11-20 07:27:25.492 D/QCNEJ/WlanStaInfoRelay( 1907): reset CountryCodeRetriever
11-20 07:27:25.492 D/WifiDiags( 1186): stopLogging() iface list is {} after removing wlan0
11-20 07:27:25.493 E/WifiVendorHal( 1186): resetLogHandler(l.1558) failed {.code = ERROR_NOT_AVAILABLE, .description = }
11-20 07:27:25.493 W/WifiDiags( 1186): Fail to reset log handler
11-20 07:27:25.494 E/QMI_FW  (  915): qmi_cci_get_ref: ref count increased 2
11-20 07:27:25.497 E/QMI_FW  (  915): qmi_cci_get_ref: ref count increased 2
11-20 07:27:25.502 E/QMI_FW  ( 1042): qmi_cci_get_ref: ref count increased 2
11-20 07:27:25.513 D/WifiMemoryStoreImpl( 1186): Set cluster Ga6eb8feabe7908d4 for W958a1754935a727: SUCCESS
11-20 07:27:25.514 E/QMI_FW  ( 1042): qmi_cci_get_ref: ref count increased 2
11-20 07:27:25.519 E/QMI_FW  ( 1042): qmi_cci_get_ref: ref count increased 2
11-20 07:27:25.525 I/chatty  ( 1042): uid=1001(radio) main identical 6 lines
11-20 07:27:25.525 E/QMI_FW  ( 1042): qmi_cci_get_ref: ref count increased 2
11-20 07:27:25.527 E/QMI_FW  ( 1042): qmi_cci_get_ref: ref count increased 2
11-20 07:27:25.542 I/chatty  ( 1042): uid=1001(radio) main identical 6 lines
11-20 07:27:25.547 E/QMI_FW  ( 1042): qmi_cci_get_ref: ref count increased 2
11-20 07:27:25.568 I/GnssNetworkConnectivityHandler( 1186): Network connection lost. Available networks count: 1
11-20 07:27:25.568 I/GnssNetworkConnectivityHandler( 1186): updateNetworkState, state=CLOSED, connected=false, network=155, capabilities=[ Transports: WIFI Capabilities: NOT_METERED&INTERNET&NOT_RESTRICTED&TRUSTED&NOT_VPN&VALIDATED&NOT_ROAMING&FOREGROUND&NOT_CONGESTED&NOT_SUSPENDED LinkUpBandwidth>=61000Kbps LinkDnBandwidth>=61000Kbps SignalStrength: -31 OwnerUid: 1000 AdministratorUids: [] SSID: "MTBF_Lab" RequestorUid: -1 RequestorPackageName: null], apn: , availableNetworkCount: 1
11-20 07:27:25.569 W/LocSvc_LocIpc(  527): send:66] failed reason: No such file or directory
11-20 07:27:25.573 D/QCNEJ/DefaultNetworkInfoRelay( 1907): Default network lost: 155
11-20 07:27:25.574 D/QCNEJ/NativeHalConnector( 1907): -> SND notifyDefaultNetworkChanged(1)
11-20 07:27:25.575 D/QCNEJ/WlanStaInfoRelay( 1907): network lost: 155
11-20 07:27:25.576 I/Nat464Xlat( 1186): Android Xlat is disabled
11-20 07:27:25.578 D/QCNEJ/WlanStaInfoRelay( 1907): onLost: unbind the process to WIFI
11-20 07:27:25.579 D/DeviceAuthService(28013): Network lost
11-20 07:27:25.576 I/Nat464Xlat( 1186): Android Xlat is disabled
11-20 07:27:25.591 D/ConnectivityService( 1186): Sending DISCONNECTED broadcast for type 1 [155 WIFI] isDefaultNetwork=true
11-20 07:27:25.594 D/ConnectivityService( 1186): NetReassign [44 : null  101, 1191 : null  101, 11 : null  101, 63 : null  101, 17 : null  101, 25 : null  101, 1 : null  101, 1196 : null  101, 8 : null  101, 654 : null  101, 12 : null  101, 14 : null  101, 16 : null  101, 22 : null  101]
11-20 07:27:25.596 E/NetlinkEvent(  462): NetlinkEvent::FindParam(): Parameter 'INTERFACE' not found
11-20 07:27:25.596 E/NetlinkEvent(  462): NetlinkEvent::FindParam(): Parameter 'STATE' not found
11-20 07:27:25.596 E/NetlinkEvent(  462): NetlinkEvent::FindParam(): Parameter 'TIME_NS' not found
11-20 07:27:25.596 E/NetlinkEvent(  462): NetlinkEvent::FindParam(): Parameter 'UID' not found
11-20 07:27:25.607 D/ConnectivityService( 1186): Switching to new default network: NetworkAgentInfo{ ni{[type: MOBILE[LTE], state: CONNECTED/CONNECTED, reason: (unspecified), extra: enhancedphone, failover: false, available: true, roaming: false]}  network{101}  nethandle{437197393933}  lp{{InterfaceName: rmnet_data2 LinkAddresses: [ 10.55.48.101/30,2600:381:4804:c4b6:8cdc:8f0b:afe1:ec6b/64 ] DnsAddresses: [ /172.26.38.2,/fc00:a:a::400 ] Domains: null MTU: 1430 TcpBufferSizes: 2097152,4194304,8388608,262144,524288,1048576 Routes: [ 0.0.0.0/0 -> 10.55.48.102 rmnet_data2 mtu 1430,::/0 -> fe80::9db2:334d:2872:1e0a rmnet_data2 mtu 1430,10.55.48.100/30 -> 0.0.0.0 rmnet_data2 mtu 0,2600:381:4804:c4b6::/64 -> :: rmnet_data2 mtu 0 ]}}  nc{[ Transports: CELLULAR Capabilities: MMS&SUPL&FOTA&INTERNET&NOT_RESTRICTED&TRUSTED&NOT_VPN&VALIDATED&NOT_ROAMING&NOT_CONGESTED&NOT_SUSPENDED LinkUpBandwidth>=15000Kbps LinkDnBandwidth>=30000Kbps Specifier: <TelephonyNetworkSpecifier [mSubId = 1]> AdministratorUids: [] RequestorUid: -1 RequestorPackageName: null]}  Score{50}  everValidated{true}  lastValidated{true}  created{true} lingering{false} explicitlySelected{false} acceptUnvalidated{false} everCaptivePortalDetected{false} lastCaptivePortalDetected{false} partialConnectivity{false} acceptPartialConnectivity{false} clat{mBaseIface: null, mIface: null, mState: IDLE} }
11-20 07:27:25.609 D/WifiMemoryStoreImpl( 1186): Set cluster Ga6eb8feabe7908d4 for Wa6eb8feabe7908d4: SUCCESS
11-20 07:27:25.624 D/DhcpClient( 1186): DHCP Packet Handler stopped
11-20 07:27:25.625 D/DhcpClient( 1186): onQuitting
11-20 07:27:25.655 D/BluetoothAdapterService( 1710): Soft AP is on band: 1
11-20 07:27:25.657 D/BluetoothVendorService( 1710): getPowerBackoff 
11-20 07:27:25.657 D/BluetoothAdapterService( 1710): android.net.wifi.WIFI_STATE_CHANGED
11-20 07:27:25.660 E/WifiNative( 1186): Could not get Iface object for interface null
11-20 07:27:25.662 D/WifiNetworkAgent( 1186): NetworkAgent: NetworkAgent channel lost
11-20 07:27:25.665 D/BluetoothAdapterService( 1710): Soft AP is on band: 1
11-20 07:27:25.668 D/BluetoothVendorService( 1710): getPowerBackoff 
11-20 07:27:25.668 D/BluetoothAdapterService( 1710): android.net.wifi.STATE_CHANGE
11-20 07:27:25.670 D/BluetoothVendorService( 1710): setWifiState to: false
11-20 07:27:25.670 I/BluetoothVendorJni( 1710): setWifiStateNative
11-20 07:27:25.670 I/bt_btif_vendor( 1710): setWifiState :0
11-20 07:27:25.671 W/bt_btm  ( 1710): btm_cb.is_wifi_connected = 0 
11-20 07:27:25.675 D/NetworkTimeUpdateService( 1186): New default network 101; checking time.
11-20 07:27:25.677 V/LigerRadioStatsReporter( 2357): onCapabilitiesChanged: Network capabilities changed
11-20 07:27:25.677 V/LigerRadioStatsReporter( 2357): reportAndCheckpointRadioStats
11-20 07:27:25.677 D/DeviceAuthService(28013): Network connected
11-20 07:27:25.679 D/DeviceAuthService(28013): fetchAuthTokenWrapper called
11-20 07:27:25.680 V/LigerRadioStatsReporter( 2357): +++++++++++ RADIO STATS DUMP +++++++++++
11-20 07:27:25.680 V/LigerRadioStatsReporter( 2357): totalActiveRadioTimeMs=0
11-20 07:27:25.680 V/LigerRadioStatsReporter( 2357): totalTailRadioTimeMs=13993
11-20 07:27:25.680 V/LigerRadioStatsReporter( 2357): totalWakeupCount=0
11-20 07:27:25.680 V/LigerRadioStatsReporter( 2357): httpUpBytes=0
11-20 07:27:25.680 V/LigerRadioStatsReporter( 2357): httpDownBytes=0
11-20 07:27:25.680 V/LigerRadioStatsReporter( 2357): httpWakeupCount=0
11-20 07:27:25.680 V/LigerRadioStatsReporter( 2357): httpRequestCount=0
11-20 07:27:25.680 V/LigerRadioStatsReporter( 2357): httpActiveRadioTimeMs=0
11-20 07:27:25.680 V/LigerRadioStatsReporter( 2357): httpTailRadioTimeMs=13993
11-20 07:27:25.680 V/LigerRadioStatsReporter( 2357): reportAndCheckpointRadioStats: Tx=0
11-20 07:27:25.680 V/LigerRadioStatsReporter( 2357): reportAndCheckpointRadioStats: Rx=0
11-20 07:27:25.680 V/LigerRadioStatsReporter( 2357): reportAndCheckpointRadioStats: Uids=10027
11-20 07:27:25.680 V/LigerRadioStatsReporter( 2357): reportAndCheckpointRadioStats: Tags=null
11-20 07:27:25.695 E/SelfCareDataCloudSyncWorker( 2334): Failed to get access token
11-20 07:27:25.695 E/SelfCareDataCloudSyncWorker( 2334): kotlinx.coroutines.JobCancellationException: Job was cancelled; job=JobImpl{Cancelling}@273fcdc
11-20 07:27:25.699 D/QCNEJ/DefaultNetworkInfoRelay( 1907): Default network available: 101
11-20 07:27:25.703 E/DeviceAuthenticator(28013): Failed to resolve oculus.com
11-20 07:27:25.703 D/DeviceAuthService(28013): isOculusAddressResolvable returned false
11-20 07:27:25.703 D/DeviceAuthService(28013): network is still available, run handler
11-20 07:27:25.705 I/WM-WorkerWrapper( 2334): Work [ id=57f248e9-27c9-4baa-bcea-f98e3ece0d1a, tags={ com.facebook.wearable.system.selfcare.cloudsync.SelfCareDataCloudSyncWorker } ] was cancelled
11-20 07:27:25.705 I/WM-WorkerWrapper( 2334): java.util.concurrent.CancellationException: Task was cancelled.
11-20 07:27:25.705 I/WM-WorkerWrapper( 2334): 	at androidx.work.impl.utils.futures.AbstractFuture.getDoneValue(:32)
11-20 07:27:25.705 I/WM-WorkerWrapper( 2334): 	at androidx.work.impl.utils.futures.AbstractFuture.get(:268435546)
11-20 07:27:25.705 I/WM-WorkerWrapper( 2334): 	at androidx.work.impl.WorkerWrapper$2.run(:3)
11-20 07:27:25.705 I/WM-WorkerWrapper( 2334): 	at androidx.work.impl.utils.SerialExecutor$Task.run(:2)
11-20 07:27:25.705 I/WM-WorkerWrapper( 2334): 	at java.util.concurrent.ThreadPoolExecutor.runWorker(ThreadPoolExecutor.java:1167)
11-20 07:27:25.705 I/WM-WorkerWrapper( 2334): 	at java.util.concurrent.ThreadPoolExecutor$Worker.run(ThreadPoolExecutor.java:641)
11-20 07:27:25.705 I/WM-WorkerWrapper( 2334): 	at java.lang.Thread.run(Thread.java:923)
11-20 07:27:25.723 D/QCNEJ/NativeHalConnector( 1907): -> SND notifyDefaultNetworkChanged(0)
11-20 07:27:25.725 E/QMI_FW  (  915): qmi_cci_get_ref: ref count increased 2
11-20 07:27:25.727 E/QMI_FW  (  915): qmi_cci_get_ref: ref count increased 2
11-20 07:27:25.739 D/QCNEJ/WwanInfoRelay( 1907): onCapabilitiesChanged: 101 [ Transports: CELLULAR Capabilities: MMS&SUPL&FOTA&INTERNET&NOT_RESTRICTED&TRUSTED&NOT_VPN&VALIDATED&NOT_ROAMING&FOREGROUND&NOT_CONGESTED&NOT_SUSPENDED LinkUpBandwidth>=15000Kbps LinkDnBandwidth>=30000Kbps Specifier: <TelephonyNetworkSpecifier [mSubId = 1]> AdministratorUids: [] RequestorUid: -1 RequestorPackageName: null]
11-20 07:27:25.740 V/LigerRadioStatsReporter( 2357): onCapabilitiesChanged: Network capabilities changed
11-20 07:27:25.741 I/QCNEJ/WwanInfoRelay( 1907): cacheWwanInfo subId = 1 phoneId = 0 slotId = 0
11-20 07:27:25.750 E/WifiNative( 1186): Could not get Iface object for interface null
11-20 07:27:25.754 D/ConnectivityService( 1186): Sending CONNECTED broadcast for type 0 [101 CELLULAR] isDefaultNetwork=true
11-20 07:27:25.836 D/CompatibilityInfo( 1186): mCompatibilityFlags - 4
11-20 07:27:25.836 D/CompatibilityInfo( 1186): applicationDensity - 320
11-20 07:27:25.836 D/CompatibilityInfo( 1186): applicationScale - 1.0
11-20 07:27:25.873 E/StickerBundleDatabaseWorker( 2334): Failed to fetch sticker bundles:
11-20 07:27:25.873 E/StickerBundleDatabaseWorker( 2334): kotlinx.coroutines.JobCancellationException: Job was cancelled; job=JobImpl{Cancelling}@eed286
11-20 07:27:25.873 I/WM-WorkerWrapper( 2334): Work [ id=e596069b-4a6f-495d-b19d-a8669de7ea86, tags={ com.facebook.wearable.system.selfcare.sharing.StickerBundleDatabaseWorker } ] was cancelled
11-20 07:27:25.873 I/WM-WorkerWrapper( 2334): java.util.concurrent.CancellationException: Task was cancelled.
11-20 07:27:25.873 I/WM-WorkerWrapper( 2334): 	at androidx.work.impl.utils.futures.AbstractFuture.getDoneValue(:32)
11-20 07:27:25.873 I/WM-WorkerWrapper( 2334): 	at androidx.work.impl.utils.futures.AbstractFuture.get(:268435546)
11-20 07:27:25.873 I/WM-WorkerWrapper( 2334): 	at androidx.work.impl.WorkerWrapper$2.run(:3)
11-20 07:27:25.873 I/WM-WorkerWrapper( 2334): 	at androidx.work.impl.utils.SerialExecutor$Task.run(:2)
11-20 07:27:25.873 I/WM-WorkerWrapper( 2334): 	at java.util.concurrent.ThreadPoolExecutor.runWorker(ThreadPoolExecutor.java:1167)
11-20 07:27:25.873 I/WM-WorkerWrapper( 2334): 	at java.util.concurrent.ThreadPoolExecutor$Worker.run(ThreadPoolExecutor.java:641)
11-20 07:27:25.873 I/WM-WorkerWrapper( 2334): 	at java.lang.Thread.run(Thread.java:923)
11-20 07:27:25.891 E/QMI_FW  ( 1042): qmi_cci_get_ref: ref count increased 2
11-20 07:27:25.892 E/QMI_FW  ( 1042): qmi_cci_get_ref: ref count increased 2
11-20 07:27:25.892 E/QMI_FW  ( 1042): qmi_cci_get_ref: ref count increased 2
11-20 07:27:25.971 W/System.err( 2620): INFO: com.whatsapp.net.logging.WtLog.log$REDEX$HQcOuACUrr4(:4) : Start handshake.
11-20 07:27:26.057 W/System.err( 2620): INFO: com.whatsapp.net.logging.WtLog.log$REDEX$HQcOuACUrr4(:4) : Handshake complete : session_resumed true early_data_sent false early_data_accepted false client_cert_requested false time_ms 86
11-20 07:27:26.085 D/SettingsSDK::SyncHelper( 2334): Read setting com.facebook.wearable.sdk.selfcare:SELFCARE_SERVICE_ENABLED from persistent cache
11-20 07:27:26.086 D/FacebookRepository( 2334): Reading from Store [906581286488774]
