11-19 17:22:02.879 V/LigerRadioStatsReporter( 2384): reportAndCheckpointRadioStats
11-19 17:22:02.879 D/NetworkManager( 5883): ConnectivityManager.NetworkCallback#onCapabilitiesChanged()
11-19 17:22:02.879 D/NetworkManager( 5883): connected: true
11-19 17:22:02.880 V/LigerRadioStatsReporter( 5921): onCapabilitiesChanged: Network capabilities changed
11-19 17:22:02.880 V/LigerRadioStatsReporter( 2384): +++++++++++ RADIO STATS DUMP +++++++++++
11-19 17:22:02.880 V/LigerRadioStatsReporter( 5921): reportAndCheckpointRadioStats
11-19 17:22:02.880 V/LigerRadioStatsReporter( 2384): totalActiveRadioTimeMs=0
11-19 17:22:02.881 V/LigerRadioStatsReporter( 2384): totalTailRadioTimeMs=13995
11-19 17:22:02.881 V/LigerRadioStatsReporter( 2384): totalWakeupCount=0
11-19 17:22:02.881 V/LigerRadioStatsReporter( 2384): httpUpBytes=0
11-19 17:22:02.881 V/LigerRadioStatsReporter( 2384): httpDownBytes=0
11-19 17:22:02.881 V/LigerRadioStatsReporter( 2384): httpWakeupCount=0
11-19 17:22:02.881 V/LigerRadioStatsReporter( 2384): httpRequestCount=0
11-19 17:22:02.881 V/LigerRadioStatsReporter( 2384): httpActiveRadioTimeMs=0
11-19 17:22:02.881 V/LigerRadioStatsReporter( 2384): httpTailRadioTimeMs=13995
11-19 17:22:02.882 V/LigerRadioStatsReporter( 2384): reportAndCheckpointRadioStats: Tx=0
11-19 17:22:02.882 V/LigerRadioStatsReporter( 2384): reportAndCheckpointRadioStats: Rx=0
11-19 17:22:02.882 V/LigerRadioStatsReporter( 2384): reportAndCheckpointRadioStats: Uids=10028
11-19 17:22:02.882 V/LigerRadioStatsReporter( 2384): reportAndCheckpointRadioStats: Tags=null
11-19 17:22:02.915 V/LigerRadioStatsReporter( 5921): +++++++++++ RADIO STATS DUMP +++++++++++
11-19 17:22:02.915 V/LigerRadioStatsReporter( 5921): totalActiveRadioTimeMs=0
11-19 17:22:02.915 V/LigerRadioStatsReporter( 5921): totalTailRadioTimeMs=13999
11-19 17:22:02.915 V/LigerRadioStatsReporter( 5921): totalWakeupCount=0
11-19 17:22:02.915 V/LigerRadioStatsReporter( 5921): httpUpBytes=0
11-19 17:22:02.915 V/LigerRadioStatsReporter( 5921): httpDownBytes=0
11-19 17:22:02.915 V/LigerRadioStatsReporter( 5921): httpWakeupCount=0
11-19 17:22:02.915 V/LigerRadioStatsReporter( 5921): httpRequestCount=0
11-19 17:22:02.915 V/LigerRadioStatsReporter( 5921): httpActiveRadioTimeMs=0
11-19 17:22:02.915 V/LigerRadioStatsReporter( 5921): httpTailRadioTimeMs=13999
11-19 17:22:02.915 V/LigerRadioStatsReporter( 5921): reportAndCheckpointRadioStats: Tx=0
11-19 17:22:02.915 V/LigerRadioStatsReporter( 5921): reportAndCheckpointRadioStats: Rx=0
11-19 17:22:02.915 V/LigerRadioStatsReporter( 5921): reportAndCheckpointRadioStats: Uids=10068
11-19 17:22:02.915 V/LigerRadioStatsReporter( 5921): reportAndCheckpointRadioStats: Tags=null
11-19 17:22:02.918 D/NetworkManager( 5921): ConnectivityManager.NetworkCallback#onCapabilitiesChanged()
11-19 17:22:02.918 D/NetworkManager( 5921): connected: true
11-19 17:22:04.068 E/QMI_FW  ( 1113): qmi_cci_get_ref: ref count increased 2
11-19 17:22:04.070 E/QMI_FW  ( 1113): qmi_cci_get_ref: ref count increased 2
11-19 17:22:04.080 I/WearableConnectivityManager( 2581): LTE Signal strength is: 1
11-19 17:22:04.081 I/WearableConnectivityManager( 2581): Cellular Signal strength is: 1
11-19 17:22:04.081 D/RadioLinkQualityScoreBuilder( 1975): scoreRsrp: 2scoreRsrq: 3scoreRssnr: 3
11-19 17:22:05.820 D/mcu_health_checker(  946): Sent MCU Health Request
11-19 17:22:05.820 D/commandrouter( 1117): SocServiceHandle::onServiceMessage, SoC Service = mcu_healthcheck_946, appType = 1, type = SVC_REQ, clientId = 0, token = 93, payloadLen = 20, result = 0, payload.size() = 20
11-19 17:22:05.824 D/commandrouter( 1117): mcu_healthcheck_946 (1, merlot:mcu_health:control): <ServiceResponse> FORWARDED (remote -> local) CR token ID = 93, service client ID = 6, token ID = 619, result = 0
11-19 17:22:05.824 D/mcu_health_checker(  946): MCU Health Response: MCU_OK
11-19 17:22:05.825 D/mcu_health_checker(  946): MCU Session 0, uptime = 5636363 ms
11-19 17:22:05.825 D/mcu_health_checker(  946): mSensorErrs[0]: 0
11-19 17:22:05.825 D/mcu_health_checker(  946): mSensorErrs[1]: 0
11-19 17:22:05.825 D/mcu_health_checker(  946): mSensorErrs[2]: 0
11-19 17:22:06.347 E/QMI_FW  ( 1113): qmi_cci_get_ref: ref count increased 2
11-19 17:22:06.348 E/QMI_FW  ( 1113): qmi_cci_get_ref: ref count increased 2
11-19 17:22:06.348 E/QMI_FW  ( 1113): qmi_cci_get_ref: ref count increased 2
11-19 17:22:07.230 D/mcu_health_checker( 1118): Sent MCU Health Request
11-19 17:22:07.231 D/commandrouter( 1117): SocServiceHandle::onServiceMessage, SoC Service = mcu_healthcheck_1118, appType = 1, type = SVC_REQ, clientId = 0, token = 187, payloadLen = 12, result = 0, payload.size() = 12
11-19 17:22:07.235 D/commandrouter( 1117): mcu_healthcheck_1118 (1, merlot:mcu_health:control): <ServiceResponse> FORWARDED (remote -> local) CR token ID = 187, service client ID = 40, token ID = 620, result = 0
11-19 17:22:07.236 D/mcu_health_checker( 1118): MCU Health Response: MCU_OK
11-19 17:22:07.236 D/mcu_health_checker( 1118): MCU Session 0, uptime = 5637774 ms
11-19 17:22:07.236 D/mculinkhealth( 1118): isMcuReachable 1 (5 ms)
11-19 17:22:12.105 D/commandrouter( 1117): rtc_sync (1, rtc:sync): <ServiceRequest> FORWARDED (remote -> local) service client ID = 0, token ID = 33331
11-19 17:22:12.106 D/vendor.facebook.rtc_sync@1.0-service( 1129): Request req_ts=1637342532109229930 resp_ts=1637342532106057062
11-19 17:22:12.106 D/commandrouter( 1117): SocServiceHandle::onServiceMessage, SoC Service = rtc_sync, appType = 1, type = SVC_RESP, clientId = 0, token = 33331, payloadLen = 8, result = 0, payload.size() = 8
11-19 17:22:15.371 E/QMI_FW  ( 1113): qmi_cci_get_ref: ref count increased 2
11-19 17:22:15.373 E/QMI_FW  ( 1113): qmi_cci_get_ref: ref count increased 2
11-19 17:22:15.383 I/WearableConnectivityManager( 2581): LTE Signal strength is: 1
11-19 17:22:15.384 I/WearableConnectivityManager( 2581): Cellular Signal strength is: 1
11-19 17:22:15.384 D/RadioLinkQualityScoreBuilder( 1975): scoreRsrp: 2scoreRsrq: 2scoreRssnr: 2
11-19 17:22:18.163 D/CompatibilityInfo( 1194): mCompatibilityFlags - 4
11-19 17:22:18.163 D/CompatibilityInfo( 1194): applicationDensity - 320
11-19 17:22:18.163 D/CompatibilityInfo( 1194): applicationScale - 1.0
11-19 17:22:18.169 D/WifiNative( 1194): Scan trigered from WifiNative
11-19 17:22:18.173 V/WifiHAL (  539): event received NL80211_CMD_TRIGGER_SCAN
11-19 17:22:18.336 V/WifiHAL (  539): event received NL80211_CMD_NEW_SCAN_RESULTS
11-19 17:22:18.337 D/WifiNl80211Manager( 1194): Scan result ready event
11-19 17:22:18.337 D/WifiNative( 1194): Scan result ready event
11-19 17:22:18.341 I/chatty  ( 1024): uid=1021(gps) lowi-server expire 125 lines
11-19 17:22:18.347 D/WificondScannerImpl( 1194): Filtering out 15 scan results.
11-19 17:22:18.353 I/chatty  ( 1024): uid=1021(gps) lowi-server expire 7 lines
11-19 17:22:19.213 E/QMI_FW  ( 1113): qmi_cci_get_ref: ref count increased 2
11-19 17:22:19.214 E/QMI_FW  ( 1113): qmi_cci_get_ref: ref count increased 2
11-19 17:22:19.225 I/WearableConnectivityManager( 2581): LTE Signal strength is: 1
11-19 17:22:19.225 I/WearableConnectivityManager( 2581): Cellular Signal strength is: 1
11-19 17:22:19.226 D/RadioLinkQualityScoreBuilder( 1975): scoreRsrp: 2scoreRsrq: 3scoreRssnr: 2
11-19 17:22:19.638 D/UIAutomatorStub( 6249): URI: /jsonrpc/0, Method: POST, Header: {content-length=102, remote-addr=127.0.0.1, http-client-ip=127.0.0.1, host=localhost:9010, content-type=application/json, accept-encoding=identity}, params, {NanoHttpd.QUERY_STRING=null}, files: {postData={"jsonrpc": "2.0", "method": "pressKey", "id": "ef067e40d7ccf4239c53729536323140", "params": ["back"]}}
11-19 17:22:19.673 D/AutofillManagerService( 1194): onBackKeyPressed()
11-19 17:22:19.707 D/UIAutomatorStub( 6249): URI: /jsonrpc/0, Method: POST, Header: {content-length=102, remote-addr=127.0.0.1, http-client-ip=127.0.0.1, host=localhost:9010, content-type=application/json, accept-encoding=identity}, params, {NanoHttpd.QUERY_STRING=null}, files: {postData={"jsonrpc": "2.0", "method": "pressKey", "id": "cb522ceda9ceece26d9634274820c238", "params": ["back"]}}
11-19 17:22:19.795 E/QMI_FW  ( 1113): qmi_cci_get_ref: ref count increased 2
11-19 17:22:19.796 E/QMI_FW  ( 1113): qmi_cci_get_ref: ref count increased 2
11-19 17:22:19.796 E/QMI_FW  ( 1113): qmi_cci_get_ref: ref count increased 2
11-19 17:22:19.889 I/vendor.rmt_storage(  581): rmt_storage_connect_cb: clnt_h=0x1f conn_h=0x93f2d030
11-19 17:22:19.890 I/vendor.rmt_storage(  581): rmt_storage_rw_iovec_cb: /boot/modem_fs2: req_h=0x1f msg_id=3: R/W request received (wr_count 23)
11-19 17:22:19.890 I/vendor.rmt_storage(  581): wakelock acquired: 1, error no: 11
11-19 17:22:19.890 I/vendor.rmt_storage(  581): rmt_storage_client_thread: /boot/modem_fs2: Unblock worker thread (th_id: -1826115136)
11-19 17:22:19.977 I/vendor.rmt_storage(  581): rmt_storage_client_thread: /boot/modem_fs2: req_h=0x1f msg_id=3: Bytes written = 1572864, wr_count 23
11-19 17:22:19.977 I/vendor.rmt_storage(  581): rmt_storage_client_thread: /boot/modem_fs2: req_h=0x1f msg_id=3: Send response: res=0 err=0, wr_count 23
11-19 17:22:19.977 I/vendor.rmt_storage(  581): rmt_storage_client_thread: /boot/modem_fs2: About to block rmt_storage client thread (th_id: -1826115136) wakelock released: 1, error no: 0
11-19 17:22:19.977 I/vendor.rmt_storage(  581): 
11-19 17:22:19.979 I/vendor.rmt_storage(  581): rmt_storage_disconnect_cb: clnt_h=0x1f conn_h=0x93f2d030
11-19 17:22:20.275 D/UIAutomatorStub( 6249): URI: /jsonrpc/0, Method: POST, Header: {content-length=102, remote-addr=127.0.0.1, http-client-ip=127.0.0.1, host=localhost:9010, content-type=application/json, accept-encoding=identity}, params, {NanoHttpd.QUERY_STRING=null}, files: {postData={"jsonrpc": "2.0", "method": "pressKey", "id": "1ff3b4bb0e5663353bd7372f7ac2673f", "params": ["back"]}}
11-19 17:22:20.744 D/ActivityTrigger( 1194): ActivityTrigger activityPauseTrigger 
11-19 17:22:20.771 E/ANDR-PERF-JNI( 1194): UXEngine Trigger - Returning null
11-19 17:22:20.780 D/ComplicationController( 2581): Starting complication controller. Face Type: OdysseyWatchFace
11-19 17:22:20.780 D/ComplicationDataManagerImpl( 2581): Updating complication data for package: com.facebook.wearable.apps.heart, id: com.facebook.wearable.apps.heart.HEART_RATE
11-19 17:22:20.780 D/ComplicationDataManagerImpl( 2581): Updating complication data for package: com.facebook.wearable.apps.clock, id: com.facebook.wearable.apps.clock.SHORTCUT_COMPLICATION
11-19 17:22:20.780 D/ComplicationDataManagerImpl( 2581): Updating complication data for package: com.facebook.wearable.apps.weather, id: com.facebook.wearable.apps.weather.SHORTCUT_COMPLICATION
11-19 17:22:20.780 D/ComplicationDataManagerImpl( 2581): Updating complication data for package: com.facebook.wearable.apps.workout, id: com.facebook.wearable.apps.workout.SHORTCUT_COMPLICATION
11-19 17:22:20.780 D/ComplicationDataManagerImpl( 2581): Updating complication data for package: com.facebook.wearable.apps.calendar, id: com.facebook.wearable.apps.calendar.SHORTCUT_COMPLICATION
11-19 17:22:20.780 D/ComplicationDataManagerImpl( 2581): Updating complication data for package: com.facebook.wearable.apps.gallery, id: com.facebook.wearable.apps.gallery.SHORTCUT_COMPLICATION
11-19 17:22:20.781 D/ComplicationDataManagerImpl( 2581): Updating complication data for package: com.facebook.wearable.apps.player, id: com.facebook.wearable.apps.player.SHORTCUT_COMPLICATION
11-19 17:22:20.782 E/DayDateSystemComplicationProvider( 2581): Updating Day Date System Complication
11-19 17:22:20.782 D/ComplicationDataManagerImpl( 2581): Updating complication data for package: com.facebook.wearable.apps.calendar, id: com.facebook.wearable.apps.calendar.DAY_DATE_COMPLICATION
11-19 17:22:20.797 D/ComplicationDataManagerImpl( 2581): Fetching complication data for package: com.facebook.wearable.apps.calendar, com.facebook.wearable.apps.calendar.DAY_DATE_COMPLICATION.
11-19 17:22:20.798 D/ComplicationDataManagerImpl( 2581): Fetching complication data for package: com.facebook.wearable.apps.player, com.facebook.wearable.apps.player.SHORTCUT_COMPLICATION.
11-19 17:22:20.799 D/ComplicationDataManagerImpl( 2581): Fetching complication data for package: com.facebook.wearable.apps.gallery, com.facebook.wearable.apps.gallery.SHORTCUT_COMPLICATION.
11-19 17:22:20.799 D/ComplicationDataManagerImpl( 2581): Fetching complication data for package: com.facebook.wearable.apps.heart, com.facebook.wearable.apps.heart.HEART_RATE.
11-19 17:22:20.809 D/LauncherActivity( 2581): onResume: Intent { cat=[android.intent.category.DEFAULT] flg=0x10020000 cmp=com.facebook.wearable.system.launcher/.LauncherActivity }
11-19 17:22:20.810 D/LauncherIntentProcessor( 2581): processLauncherActivityIntent: Intent { cat=[android.intent.category.DEFAULT] flg=0x10020000 cmp=com.facebook.wearable.system.launcher/.LauncherActivity }
11-19 17:22:20.833 D/FacebookRepository( 2581): Reading from Store [250223709649332]
11-19 17:22:20.860 D/CompatibilityInfo( 1194): mCompatibilityFlags - 4
11-19 17:22:20.860 D/CompatibilityInfo( 1194): applicationDensity - 320
11-19 17:22:20.860 D/CompatibilityInfo( 1194): applicationScale - 1.0
11-19 17:22:20.926 D/CompatibilityInfo( 1194): mCompatibilityFlags - 4
11-19 17:22:20.926 D/CompatibilityInfo( 1194): applicationDensity - 320
11-19 17:22:20.926 D/CompatibilityInfo( 1194): applicationScale - 1.0
11-19 17:22:21.119 D/CompatibilityInfo( 1194): mCompatibilityFlags - 4
11-19 17:22:21.119 D/CompatibilityInfo( 1194): applicationDensity - 320
11-19 17:22:21.120 D/CompatibilityInfo( 1194): applicationScale - 1.0
11-19 17:22:21.152 D/CompatibilityInfo( 1194): mCompatibilityFlags - 4
11-19 17:22:21.152 D/CompatibilityInfo( 1194): applicationDensity - 320
11-19 17:22:21.152 D/CompatibilityInfo( 1194): applicationScale - 1.0
11-19 17:22:21.214 D/UIAutomatorStub( 6249): URI: /jsonrpc/0, Method: POST, Header: {content-length=102, remote-addr=127.0.0.1, http-client-ip=127.0.0.1, host=localhost:9010, content-type=application/json, accept-encoding=identity}, params, {NanoHttpd.QUERY_STRING=null}, files: {postData={"jsonrpc": "2.0", "method": "pressKey", "id": "773ba2656f8003f99d5e6166e1ecaaae", "params": ["back"]}}
11-19 17:22:21.945 D/LauncherActivity( 2581): onKeyUp() called with keycode:4, event: KeyEvent { action=ACTION_UP, keyCode=KEYCODE_BACK, scanCode=0, metaState=0, flags=0x200, repeatCount=0, eventTime=5688188, downTime=5688188, deviceId=-1, source=0x101, displayId=-1 }
11-19 17:22:20.729 I/chatty  ( 1194): uid=1000(system) android.ui identical 2 lines
11-19 17:22:21.944 D/AutofillManagerService( 1194): onBackKeyPressed()
11-19 17:22:22.096 D/commandrouter( 1117): rtc_sync (1, rtc:sync): <ServiceRequest> FORWARDED (remote -> local) service client ID = 0, token ID = 33332
11-19 17:22:22.096 D/vendor.facebook.rtc_sync@1.0-service( 1129): Request req_ts=1637342542099057062 resp_ts=1637342542096400079
11-19 17:22:22.096 D/commandrouter( 1117): SocServiceHandle::onServiceMessage, SoC Service = rtc_sync, appType = 1, type = SVC_RESP, clientId = 0, token = 33332, payloadLen = 8, result = 0, payload.size() = 8
11-19 17:22:22.150 W/ActivityManager( 1194): Invalid packageName: com.facebook.wearable.system.settings/com.facebook.wearable.system.settings.SettingsActivity
11-19 17:22:22.258 I/ActivityTaskManager( 1194): START u0 {flg=0x10000000 cmp=com.facebook.wearable.system.settings/.SettingsActivity} from uid 0
11-19 17:22:22.262 E/ANDR-PERF-OPTSHANDLER(  557): Perflock resource /proc/sys/kernel/sched_group_downmigrate not supported
11-19 17:22:22.262 E/ANDR-PERF-RESOURCEQS(  557): Failed to apply optimization [3, 22]
11-19 17:22:22.262 E/ANDR-PERF-OPTSHANDLER(  557): Perflock resource /proc/sys/kernel/sched_group_upmigrate not supported
11-19 17:22:22.262 E/ANDR-PERF-RESOURCEQS(  557): Failed to apply optimization [3, 21]
11-19 17:22:22.262 E/ANDR-PERF-OPTSHANDLER(  557): Perflock resource /sys/module/lpm_levels/parameters/bias_hyst not supported
11-19 17:22:22.262 E/ANDR-PERF-RESOURCEQS(  557): Failed to apply optimization [1, 2]
11-19 17:22:22.262 E/ANDR-PERF-OPTSHANDLER(  557): Failed to read /proc/sys/kernel/sched_downmigrate
11-19 17:22:22.262 E/ANDR-PERF-RESOURCEQS(  557): Failed to apply optimization [3, 8]
11-19 17:22:22.262 E/ANDR-PERF-OPTSHANDLER(  557): Failed to read /proc/sys/kernel/sched_upmigrate
11-19 17:22:22.263 E/ANDR-PERF-RESOURCEQS(  557): Failed to apply optimization [3, 7]
11-19 17:22:22.270 D/CompatibilityInfo( 1194): mCompatibilityFlags - 4
11-19 17:22:22.270 D/CompatibilityInfo( 1194): applicationDensity - 320
11-19 17:22:22.270 D/CompatibilityInfo( 1194): applicationScale - 1.0
11-19 17:22:22.271 D/ActivityTrigger( 1194): ActivityTrigger activityPauseTrigger 
11-19 17:22:22.275 I/ActivityTaskManager( 1194): The Process com.facebook.wearable.system.settings Already Exists in BG. So sending its PID: 2752
11-19 17:22:22.276 W/ActivityTaskManager( 1194): Tried to set launchTime (0) < mLastActivityLaunchTime (5658560)
11-19 17:22:22.277 D/CompatibilityInfo( 1194): mCompatibilityFlags - 4
11-19 17:22:22.277 D/CompatibilityInfo( 1194): applicationDensity - 320
11-19 17:22:22.277 D/CompatibilityInfo( 1194): applicationScale - 1.0
11-19 17:22:22.297 I/cmd     (10738): oneway function results will be dropped but finished with status OK and parcel size 4
11-19 17:22:22.298 D/LauncherActivity( 2581): onPause
11-19 17:22:22.334 D/CompatibilityInfo( 1194): mCompatibilityFlags - 4
11-19 17:22:22.334 D/CompatibilityInfo( 1194): applicationDensity - 320
11-19 17:22:22.334 D/CompatibilityInfo( 1194): applicationScale - 1.0
11-19 17:22:22.361 D/FacebookProvider( 2721): Starting SSO Network Fetch for 263529928325379
11-19 17:22:22.361 I/AccountsContentProvider( 2721): No Primary Account. Accounts Error [content://com.facebook.wearable.system.accounts.AccountsContentProvider/facebook/263529928325379]
11-19 17:22:22.362 E/DatabaseUtils( 2721): Writing exception to parcel
11-19 17:22:22.362 E/DatabaseUtils( 2721): java.lang.IllegalStateException: No Primary Account
11-19 17:22:22.362 E/DatabaseUtils( 2721): 	at com.facebook.secure.content.AbstractContentProvider.doQuery(:284)
11-19 17:22:22.362 E/DatabaseUtils( 2721): 	at com.facebook.secure.content.AbstractContentProvider.query(:8)
11-19 17:22:22.362 E/DatabaseUtils( 2721): 	at android.content.ContentProvider.query(ContentProvider.java:1474)
11-19 17:22:22.362 E/DatabaseUtils( 2721): 	at android.content.ContentProvider$Transport.query(ContentProvider.java:278)
11-19 17:22:22.362 E/DatabaseUtils( 2721): 	at android.content.ContentProviderNative.onTransact(ContentProviderNative.java:106)
11-19 17:22:22.362 E/DatabaseUtils( 2721): 	at android.os.Binder.execTransactInternal(Binder.java:1154)
11-19 17:22:22.362 E/DatabaseUtils( 2721): 	at android.os.Binder.execTransact(Binder.java:1123)
11-19 17:22:22.363 E/AccountsViewModel( 2752): AccountsViewModel.flow failed: No Primary Account
11-19 17:22:22.363 E/AccountsViewModel( 2752): java.lang.IllegalStateException: No Primary Account
11-19 17:22:22.363 E/AccountsViewModel( 2752): 	at android.os.Parcel.createExceptionOrNull(Parcel.java:2381)
11-19 17:22:22.363 E/AccountsViewModel( 2752): 	at android.os.Parcel.createException(Parcel.java:2357)
11-19 17:22:22.363 E/AccountsViewModel( 2752): 	at android.os.Parcel.readException(Parcel.java:2340)
11-19 17:22:22.363 E/AccountsViewModel( 2752): 	at android.database.DatabaseUtils.readExceptionFromParcel(DatabaseUtils.java:190)
11-19 17:22:22.363 E/AccountsViewModel( 2752): 	at android.database.DatabaseUtils.readExceptionFromParcel(DatabaseUtils.java:142)
11-19 17:22:22.363 E/AccountsViewModel( 2752): 	at android.content.ContentProviderProxy.query(ContentProviderNative.java:472)
11-19 17:22:22.363 E/AccountsViewModel( 2752): 	at android.content.ContentResolver.query(ContentResolver.java:1185)
11-19 17:22:22.363 E/AccountsViewModel( 2752): 	at android.content.ContentResolver.query(ContentResolver.java:1116)
11-19 17:22:22.363 E/AccountsViewModel( 2752): 	at com.facebook.wearable.common.accounts.contract.WearableAccountsContractRequest.query(:51)
11-19 17:22:22.363 E/AccountsViewModel( 2752): 	at kotlin.coroutines.jvm.internal.BaseContinuationImpl.invokeSuspend(:95489)
11-19 17:22:22.363 E/AccountsViewModel( 2752): 	at com.facebook.wearable.common.accounts.WearableAccountsKt$fb$1.invoke(:9)
11-19 17:22:22.363 E/AccountsViewModel( 2752): 	at com.facebook.wearable.common.coroutines.lazy.LazyAsync.get(:101)
11-19 17:22:22.363 E/AccountsViewModel( 2752): 	at kotlin.coroutines.jvm.internal.BaseContinuationImpl.invokeSuspend(:96596)
11-19 17:22:22.363 E/AccountsViewModel( 2752): 	at com.facebook.wearable.system.settings.accounts.AccountsViewModel$wearableAccountFlow$1.invoke(:11)
11-19 17:22:22.363 E/AccountsViewModel( 2752): 	at kotlinx.coroutines.flow.AbstractFlow.collect$rvp0$0(:72)
11-19 17:22:22.363 E/AccountsViewModel( 2752): 	at kotlin.coroutines.jvm.internal.BaseContinuationImpl.invokeSuspend(:95417)
11-19 17:22:22.363 E/AccountsViewModel( 2752): 	at kotlinx.coroutines.flow.FlowKt__ShareKt$launchSharing$1$2.invoke(Unknown Source:10)
11-19 17:22:22.363 E/AccountsViewModel( 2752): 	at kotlin.coroutines.jvm.internal.BaseContinuationImpl.invokeSuspend(:96715)
11-19 17:22:22.363 E/AccountsViewModel( 2752): 	at kotlinx.coroutines.flow.FlowKt__MergeKt$mapLatest$1.invoke(Unknown Source:15)
11-19 17:22:22.363 E/AccountsViewModel( 2752): 	at kotlin.coroutines.jvm.internal.BaseContinuationImpl.invokeSuspend(:96820)
11-19 17:22:22.363 E/AccountsViewModel( 2752): 	at kotlinx.coroutines.flow.internal.ChannelFlowTransformLatest$flowCollect$3$1$2.invoke(Unknown Source:10)
11-19 17:22:22.363 E/AccountsViewModel( 2752): 	at kotlinx.coroutines.CoroutineStart.invoke(:32)
11-19 17:22:22.363 E/AccountsViewModel( 2752): 	at kotlinx.coroutines.BuildersKt__Builders_commonKt.launch(:15)
11-19 17:22:22.363 E/AccountsViewModel( 2752): 	at kotlinx.coroutines.flow.internal.ChannelFlowTransformLatest$flowCollect$3$invokeSuspend$$inlined$collect$1.emit(:56)
11-19 17:22:22.363 E/AccountsViewModel( 2752): 	at kotlinx.coroutines.flow.DistinctFlowImpl$collect$$inlined$collect$1.emit(:74)
11-19 17:22:22.363 E/AccountsViewModel( 2752): 	at kotlinx.coroutines.flow.FlowKt__LimitKt$dropWhile$lambda-4$$inlined$collect$1.emit(:114)
11-19 17:22:22.363 E/AccountsViewModel( 2752): 	at kotlinx.coroutines.flow.FlowKt__ChannelsKt.emitAllImpl$FlowKt__ChannelsKt(:123)
11-19 17:22:22.363 E/AccountsViewModel( 2752): 	at kotlin.coroutines.jvm.internal.BaseContinuationImpl.invokeSuspend(:96917)
11-19 17:22:22.363 E/AccountsViewModel( 2752): 	at kotlin.coroutines.jvm.internal.BaseContinuationImpl.resumeWith(:5)
11-19 17:22:22.363 E/AccountsViewModel( 2752): 	at kotlinx.coroutines.DispatchedTask.run(:131)
11-19 17:22:22.363 E/AccountsViewModel( 2752): 	at java.util.concurrent.Executors$RunnableAdapter.call(Executors.java:462)
11-19 17:22:22.363 E/AccountsViewModel( 2752): 	at java.util.concurrent.FutureTask.run(FutureTask.java:266)
11-19 17:22:22.363 E/AccountsViewModel( 2752): 	at com.facebook.wearable.common.executors.DelayedFutureTask.run(:22)
11-19 17:22:22.363 E/AccountsViewModel( 2752): 	at java.util.concurrent.ThreadPoolExecutor.runWorker(ThreadPoolExecutor.java:1167)
11-19 17:22:22.363 E/AccountsViewModel( 2752): 	at java.util.concurrent.ThreadPoolExecutor$Worker.run(ThreadPoolExecutor.java:641)
11-19 17:22:22.363 E/AccountsViewModel( 2752): 	at com.facebook.wearable.common.executors.NamedThreadFactory$1.run(:7)
11-19 17:22:22.398 E/StatusBarClientConnection( 2752): Service connected
11-19 17:22:22.406 W/View    ( 2752): requestLayout() improperly called by android.view.View{a445952 V.ED..... ......I. 0,368-474,474} during layout: running second layout pass
11-19 17:22:22.423 W/View    ( 2752): requestLayout() improperly called by com.facebook.wearable.common.wds.listview.WdsListView{1143811 V.E..V... ........ 0,0-474,474} during second layout pass: posting in next frame
11-19 17:22:22.470 E/QMI_FW  ( 1113): qmi_cci_get_ref: ref count increased 2
11-19 17:22:22.471 E/QMI_FW  ( 1113): qmi_cci_get_ref: ref count increased 2
11-19 17:22:22.481 I/WearableConnectivityManager( 2581): LTE Signal strength is: 1
11-19 17:22:22.481 I/WearableConnectivityManager( 2581): Cellular Signal strength is: 1
11-19 17:22:22.482 D/RadioLinkQualityScoreBuilder( 1975): scoreRsrp: 2scoreRsrq: 3scoreRssnr: 4
11-19 17:22:22.755 D/CompatibilityInfo( 1194): mCompatibilityFlags - 4
11-19 17:22:22.755 D/CompatibilityInfo( 1194): applicationDensity - 320
11-19 17:22:22.755 D/CompatibilityInfo( 1194): applicationScale - 1.0
11-19 17:22:22.770 D/ComplicationController( 2581): Stopping complication controller.
11-19 17:22:22.775 D/ComplicationDataManagerImpl( 2581): Fetching complication data for package: com.facebook.wearable.apps.calendar, com.facebook.wearable.apps.calendar.DAY_DATE_COMPLICATION.
11-19 17:22:22.775 D/ComplicationDataManagerImpl( 2581): Fetching complication data for package: com.facebook.wearable.apps.player, com.facebook.wearable.apps.player.SHORTCUT_COMPLICATION.
11-19 17:22:22.776 D/ComplicationDataManagerImpl( 2581): Fetching complication data for package: com.facebook.wearable.apps.gallery, com.facebook.wearable.apps.gallery.SHORTCUT_COMPLICATION.
11-19 17:22:22.776 D/ComplicationDataManagerImpl( 2581): Fetching complication data for package: com.facebook.wearable.apps.heart, com.facebook.wearable.apps.heart.HEART_RATE.
11-19 17:22:22.779 D/CompatibilityInfo( 1194): mCompatibilityFlags - 4
11-19 17:22:22.779 D/CompatibilityInfo( 1194): applicationDensity - 320
11-19 17:22:22.779 D/CompatibilityInfo( 1194): applicationScale - 1.0
11-19 17:22:23.324 D/UIAutomatorStub( 6249): URI: /jsonrpc/0, Method: POST, Header: {content-length=192, remote-addr=127.0.0.1, http-client-ip=127.0.0.1, host=localhost:9010, content-type=application/json, accept-encoding=identity}, params, {NanoHttpd.QUERY_STRING=null}, files: {postData={"jsonrpc": "2.0", "method": "waitForExists", "id": "e24507791e82fd6fbc5fbc7b7b50b068", "params": [{"mask": 1, "childOrSibling": [], "childOrSiblingSelector": [], "text": "Notifications"}, 5]}}
11-19 17:22:23.343 D/UIAutomatorStub( 6249): URI: /jsonrpc/0, Method: POST, Header: {content-length=191, remote-addr=127.0.0.1, http-client-ip=127.0.0.1, host=localhost:9010, content-type=application/json, accept-encoding=identity}, params, {NanoHttpd.QUERY_STRING=null}, files: {postData={"jsonrpc": "2.0", "method": "waitForExists", "id": "e62e2a48197c36f231c138af79bf5228", "params": [{"mask": 1, "childOrSibling": [], "childOrSiblingSelector": [], "text": "Connectivity"}, 5]}}
11-19 17:22:23.391 D/UIAutomatorStub( 6249): URI: /jsonrpc/0, Method: POST, Header: {content-length=180, remote-addr=127.0.0.1, http-client-ip=127.0.0.1, host=localhost:9010, content-type=application/json, accept-encoding=identity}, params, {NanoHttpd.QUERY_STRING=null}, files: {postData={"jsonrpc": "2.0", "method": "click", "id": "43ac15cfcb02ee5f9e696078d6e1712c", "params": [{"mask": 1, "childOrSibling": [], "childOrSiblingSelector": [], "text": "Connectivity"}]}}
11-19 17:22:23.456 W/StatusBarClientConnection( 2752): Messenger is null, ignoring message: { when=-1h34m49s719ms barrier=1 }
11-19 17:22:23.477 E/StatusBarClientConnection( 2752): Service connected
11-19 17:22:23.503 W/View    ( 2752): requestLayout() improperly called by android.view.View{ddf04f8 V.ED..... ......I. 0,368-474,474} during layout: running second layout pass
11-19 17:22:23.521 W/View    ( 2752): requestLayout() improperly called by com.facebook.wearable.common.wds.listview.WdsListView{b20c2ae V.E..V... ........ 0,0-474,474} during second layout pass: posting in next frame
11-19 17:22:24.711 E/QMI_FW  ( 1113): qmi_cci_get_ref: ref count increased 2
11-19 17:22:24.712 E/QMI_FW  ( 1113): qmi_cci_get_ref: ref count increased 2
11-19 17:22:24.723 I/WearableConnectivityManager( 2581): LTE Signal strength is: 1
11-19 17:22:24.723 I/WearableConnectivityManager( 2581): Cellular Signal strength is: 1
11-19 17:22:24.723 D/RadioLinkQualityScoreBuilder( 1975): scoreRsrp: 2scoreRsrq: 2scoreRssnr: 2
11-19 17:22:24.897 I/system_server( 1194): Background young concurrent copying GC freed 238959(10083KB) AllocSpace objects, 119(3980KB) LOS objects, 40% free, 20MB/33MB, paused 316us total 137.545ms
11-19 17:22:25.148 D/AppStorageManager( 1194): BEFORE:: Previous Size: 1060077568 Current Size: 1060130816
11-19 17:22:25.148 D/AppStorageManager( 1194): AFTER:: Previous Size: 1060130816 Current Size: 1060130816
11-19 17:22:25.307 E/TaskPersister( 1194): File error accessing recents directory (directory doesn't exist?).
11-19 17:22:26.375 E/QMI_FW  ( 1113): qmi_cci_get_ref: ref count increased 2
11-19 17:22:26.376 E/QMI_FW  ( 1113): qmi_cci_get_ref: ref count increased 2
11-19 17:22:26.377 E/QMI_FW  ( 1113): qmi_cci_get_ref: ref count increased 2
11-19 17:22:26.493 D/UIAutomatorStub( 6249): URI: /jsonrpc/0, Method: POST, Header: {content-length=183, remote-addr=127.0.0.1, http-client-ip=127.0.0.1, host=localhost:9010, content-type=application/json, accept-encoding=identity}, params, {NanoHttpd.QUERY_STRING=null}, files: {postData={"jsonrpc": "2.0", "method": "waitForExists", "id": "ebbbb12adc492c2e0e09feb73f42dfdc", "params": [{"mask": 1, "childOrSibling": [], "childOrSiblingSelector": [], "text": "WiFi"}, 5]}}
11-19 17:22:26.520 D/UIAutomatorStub( 6249): URI: /jsonrpc/0, Method: POST, Header: {content-length=172, remote-addr=127.0.0.1, http-client-ip=127.0.0.1, host=localhost:9010, content-type=application/json, accept-encoding=identity}, params, {NanoHttpd.QUERY_STRING=null}, files: {postData={"jsonrpc": "2.0", "method": "click", "id": "999bd730fe11f844ee8e7167bfb27b7e", "params": [{"mask": 1, "childOrSibling": [], "childOrSiblingSelector": [], "text": "WiFi"}]}}
11-19 17:22:26.608 W/StatusBarClientConnection( 2752): Messenger is null, ignoring message: { when=-1h34m52s871ms barrier=1 }
11-19 17:22:26.633 D/CompatibilityInfo( 1194): mCompatibilityFlags - 4
11-19 17:22:26.633 D/CompatibilityInfo( 1194): applicationDensity - 320
11-19 17:22:26.633 D/CompatibilityInfo( 1194): applicationScale - 1.0
11-19 17:22:26.642 E/StatusBarClientConnection( 2752): Service connected
11-19 17:22:26.643 D/WifiConnector( 2841): Network State Changed
11-19 17:22:26.653 W/View    ( 2752): requestLayout() improperly called by android.view.View{5d1b500 V.ED..... ......I. 0,368-474,474} during layout: running second layout pass
11-19 17:22:26.661 D/WifiSharingService( 2841): Starting Wi-Fi scan
11-19 17:22:26.663 I/WifiService( 1194): startScan uid=1000
11-19 17:22:26.669 W/View    ( 2752): requestLayout() improperly called by com.facebook.wearable.common.wds.listview.WdsListView{63d8e07 V.E..V... ........ 0,0-474,474} during second layout pass: posting in next frame
11-19 17:22:26.677 D/WifiNative( 1194): Scan trigered from WifiNative
11-19 17:22:26.681 I/chatty  ( 1024): uid=1021(gps) lowi-server expire 73 lines
11-19 17:22:26.681 V/WifiHAL (  539): event received NL80211_CMD_TRIGGER_SCAN
11-19 17:22:27.239 D/WifiNl80211Manager( 1194): Scan result ready event
11-19 17:22:27.239 V/WifiHAL (  539): event received NL80211_CMD_NEW_SCAN_RESULTS
11-19 17:22:27.240 D/WifiNative( 1194): Scan result ready event
11-19 17:22:27.248 D/LOWI-9.0.0.80( 1024): [LOWI-Scan] BSS 2c:57:41:86:8a:a1 LOWI_PHY_MODE_11NG_HT20(5), Beacon Interval: 100, LOWI_ENCRYPTION_TYPE_WPA_PSK 11mcRanging: No, ANQP: No, LCI: No, Civic: No, capability(0x1411): ESS Privacy ShortSlotTime
11-19 17:22:27.248 D/LOWI-9.0.0.80( 1024): [LOWI-Scan] BSS 2c:57:41:86:8a:a1 FREQ: 2412, cFreq1[40:80:160] = [0:0:0] cFreq2 = 0 Country Code = US
11-19 17:22:27.248 D/LOWI-9.0.0.80( 1024): [LOWI-Scan] BSS 2c:57:41:86:8a:a1 (wlan0) ASSO: NO AddInfo: 0x0, TSF 0, 01:34:53.502, RSSI: -132, CPL: 3, AGE: 0,  SSID kittyhawk, TSFDelta: 0x0, TXRate: 0
11-19 17:22:27.248 D/LOWI-9.0.0.80( 1024): [LOWI-Scan] 
11-19 17:22:27.248 D/LOWI-9.0.0.80( 1024): [LOWI-Scan] print_bss_handler: Report Probe TSF 5693502331 as it greater than Beacon TSF 4437293926
11-19 17:22:27.248 I/LOWI-9.0.0.80( 1024): [LOWI-Scan] RSN_IE
11-19 17:22:27.248 D/LOWI-9.0.0.80( 1024): [LOWI-Scan] decode_rsn_wpa_ie: Entered
11-19 17:22:27.248 D/LOWI-9.0.0.80( 1024): [LOWIUtils] hexDump: msg(30 14 01 00 00 0f ac 04 01 00 00 0f ac 04 01 00 00 0f ac 02 )
11-19 17:22:27.248 D/LOWI-9.0.0.80( 1024): [LOWI-Scan] decode_rsn_wpa_ie: LOWI_ENCRYPTION_TYPE_WPA_PSK
11-19 17:22:27.248 D/LOWI-9.0.0.80( 1024): [LOWI-Scan] is_qcom_ie, bss_age: 48
11-19 17:22:27.248 D/LOWI-9.0.0.80( 1024): [LOWI-Scan] BSS 2c:57:41:88:72:e1 LOWI_PHY_MODE_11NG_HT20(5), Beacon Interval: 100, LOWI_ENCRYPTION_TYPE_WPA_PSK 11mcRanging: No, ANQP: No, LCI: No, Civic: No, capability(0x1411): ESS Privacy ShortSlotTime
11-19 17:22:27.248 D/LOWI-9.0.0.80( 1024): [LOWI-Scan] BSS 2c:57:41:88:72:e1 FREQ: 2412, cFreq1[40:80:160] = [0:0:0] cFreq2 = 0 Country Code = US
11-19 17:22:27.248 D/LOWI-9.0.0.80( 1024): [LOWI-Scan] BSS 2c:57:41:88:72:e1 (wlan0) ASSO: NO AddInfo: 0x0, TSF 0, 01:34:53.502, RSSI: -152, CPL: 3, AGE: 0,  SSID kittyhawk, TSFDelta: 0x0, TXRate: 0
11-19 17:22:27.249 D/LOWI-9.0.0.80( 1024): [LOWI-Scan] 
11-19 17:22:27.249 D/LOWI-9.0.0.80( 1024): [LOWI-Scan] print_bss_handler: Report Probe TSF 5693502126 as it greater than Beacon TSF 5564781206
11-19 17:22:27.249 I/LOWI-9.0.0.80( 1024): [LOWI-Scan] RSN_IE
11-19 17:22:27.249 D/LOWI-9.0.0.80( 1024): [LOWI-Scan] decode_rsn_wpa_ie: Entered
11-19 17:22:27.249 D/LOWI-9.0.0.80( 1024): [LOWIUtils] hexDump: msg(30 14 01 00 00 0f ac 04 01 00 00 0f ac 04 01 00 00 0f ac 02 )
11-19 17:22:27.249 D/LOWI-9.0.0.80( 1024): [LOWI-Scan] decode_rsn_wpa_ie: LOWI_ENCRYPTION_TYPE_WPA_PSK
11-19 17:22:27.249 D/LOWI-9.0.0.80( 1024): [LOWI-Scan] is_qcom_ie, bss_age: 48
11-19 17:22:27.249 D/LOWI-9.0.0.80( 1024): [LOWI-Scan] BSS 12:d7:96:61:85:9f LOWI_PHY_MODE_11AC_VHT20_2G(11), Beacon Interval: 100, LOWI_ENCRYPTION_TYPE_WPA_PSK 11mcRanging: No, ANQP: Yes, LCI: No, Civic: No, capability(0x1431): ESS Privacy ShortPreamble ShortSlotTime
11-19 17:22:27.249 D/LOWI-9.0.0.80( 1024): [LOWI-Scan] BSS 12:d7:96:61:85:9f FREQ: 2412, cFreq1[40:80:160] = [0:0:0] cFreq2 = 0 Country Code =    
11-19 17:22:27.249 D/LOWI-9.0.0.80( 1024): [LOWI-Scan] BSS 12:d7:96:61:85:9f (wlan0) ASSO: NO AddInfo: 0x0, TSF 0, 01:34:53.502, RSSI: -108, CPL: 127, AGE: 0,  SSID Pixel_R5, TSFDelta: 0x0, TXRate: 0
11-19 17:22:27.249 D/LOWI-9.0.0.80( 1024): [LOWI-Scan] 
11-19 17:22:27.249 D/LOWI-9.0.0.80( 1024): [LOWI-Scan] print_bss_handler: Report Probe TSF 5693502108 as it greater than Beacon TSF 5464801580
11-19 17:22:27.249 I/LOWI-9.0.0.80( 1024): [LOWI-Scan] RSN_IE
11-19 17:22:27.249 D/LOWI-9.0.0.80( 1024): [LOWI-Scan] decode_rsn_wpa_ie: Entered
11-19 17:22:27.249 D/LOWI-9.0.0.80( 1024): [LOWIUtils] hexDump: msg(30 14 01 00 00 0f ac 04 01 00 00 0f ac 04 01 00 00 0f ac 02 )
11-19 17:22:27.249 D/LOWI-9.0.0.80( 1024): [LOWI-Scan] decode_rsn_wpa_ie: LOWI_ENCRYPTION_TYPE_WPA_PSK
11-19 17:22:27.249 D/LOWI-9.0.0.80( 1024): [LOWI-Scan] is_qcom_ie, bss_age: 25
11-19 17:22:27.249 D/LOWI-9.0.0.80( 1024): [LOWI-Scan] BSS ce:dc:12:3b:87:fd LOWI_PHY_MODE_11AC_VHT20_2G(11), Beacon Interval: 100, LOWI_ENCRYPTION_TYPE_WPA_PSK 11mcRanging: No, ANQP: Yes, LCI: No, Civic: No, capability(0x1431): ESS Privacy ShortPreamble ShortSlotTime
11-19 17:22:27.250 D/LOWI-9.0.0.80( 1024): [LOWI-Scan] BSS ce:dc:12:3b:87:fd FREQ: 2437, cFreq1[40:80:160] = [0:0:0] cFreq2 = 0 Country Code =    
11-19 17:22:27.250 D/LOWI-9.0.0.80( 1024): [LOWI-Scan] BSS ce:dc:12:3b:87:fd (wlan0) ASSO: NO AddInfo: 0x0, TSF 0, 01:34:53.502, RSSI: -102, CPL: 127, AGE: 0,  SSID Pixel5_R1, TSFDelta: 0x0, TXRate: 0
11-19 17:22:27.250 D/LOWI-9.0.0.80( 1024): [LOWI-Scan] 
11-19 17:22:27.250 D/LOWI-9.0.0.80( 1024): [LOWI-Scan] print_bss_handler: Report Probe TSF 5693502408 as it greater than Beacon TSF 4735555949
11-19 17:22:27.250 I/LOWI-9.0.0.80( 1024): [LOWI-Scan] RSN_IE
11-19 17:22:27.250 D/LOWI-9.0.0.80( 1024): [LOWI-Scan] decode_rsn_wpa_ie: Entered
11-19 17:22:27.250 D/LOWI-9.0.0.80( 1024): [LOWIUtils] hexDump: msg(30 14 01 00 00 0f ac 04 01 00 00 0f ac 04 01 00 00 0f ac 02 )
11-19 17:22:27.250 D/LOWI-9.0.0.80( 1024): [LOWI-Scan] decode_rsn_wpa_ie: LOWI_ENCRYPTION_TYPE_WPA_PSK
11-19 17:22:27.250 D/LOWI-9.0.0.80( 1024): [LOWI-Scan] is_qcom_ie, bss_age: 48
11-19 17:22:27.250 D/WificondScannerImpl( 1194): Filtering out 1 scan results.
11-19 17:22:27.250 D/LOWI-9.0.0.80( 1024): [LOWI-Scan] BSS 2c:57:41:86:7a:61 LOWI_PHY_MODE_11NG_HT20(5), Beacon Interval: 100, LOWI_ENCRYPTION_TYPE_WPA_PSK 11mcRanging: No, ANQP: No, LCI: No, Civic: No, capability(0x1411): ESS Privacy ShortSlotTime
11-19 17:22:27.250 D/LOWI-9.0.0.80( 1024): [LOWI-Scan] BSS 2c:57:41:86:7a:61 FREQ: 2412, cFreq1[40:80:160] = [0:0:0] cFreq2 = 0 Country Code = US
11-19 17:22:27.250 D/LOWI-9.0.0.80( 1024): [LOWI-Scan] BSS 2c:57:41:86:7a:61 (wlan0) ASSO: NO AddInfo: 0x0, TSF 0, 01:34:53.502, RSSI: -158, CPL: 3, AGE: 0,  SSID kittyhawk, TSFDelta: 0x0, TXRate: 0
11-19 17:22:27.250 D/LOWI-9.0.0.80( 1024): [LOWI-Scan] 
11-19 17:22:27.250 D/LOWI-9.0.0.80( 1024): [LOWI-Scan] print_bss_handler: Report Probe TSF 5693502273 as it greater than Beacon TSF 5644519957
11-19 17:22:27.251 I/LOWI-9.0.0.80( 1024): [LOWI-Scan] RSN_IE
11-19 17:22:27.251 D/LOWI-9.0.0.80( 1024): [LOWI-Scan] decode_rsn_wpa_ie: Entered
11-19 17:22:27.251 D/LOWI-9.0.0.80( 1024): [LOWIUtils] hexDump: msg(30 14 01 00 00 0f ac 04 01 00 00 0f ac 04 01 00 00 0f ac 02 )
11-19 17:22:27.251 D/LOWI-9.0.0.80( 1024): [LOWI-Scan] decode_rsn_wpa_ie: LOWI_ENCRYPTION_TYPE_WPA_PSK
11-19 17:22:27.251 D/LOWI-9.0.0.80( 1024): [LOWI-Scan] is_qcom_ie, bss_age: 49
11-19 17:22:27.251 D/LOWI-9.0.0.80( 1024): [LOWI-Scan] BSS 18:64:72:60:2b:40 LOWI_PHY_MODE_11NG_HT20(5), Beacon Interval: 100, LOWI_ENCRYPTION_TYPE_WPA_PSK 11mcRanging: No, ANQP: No, LCI: No, Civic: No, capability(0x0431): ESS Privacy ShortPreamble ShortSlotTime
11-19 17:22:27.251 D/LOWI-9.0.0.80( 1024): [LOWI-Scan] BSS 18:64:72:60:2b:40 FREQ: 2412, cFreq1[40:80:160] = [0:0:0] cFreq2 = 0 Country Code =    
11-19 17:22:27.251 D/LOWI-9.0.0.80( 1024): [LOWI-Scan] BSS 18:64:72:60:2b:40 (wlan0) ASSO: NO AddInfo: 0x0, TSF 0, 01:34:53.502, RSSI: -142, CPL: 127, AGE: 0,  SSID lab-t24103779, TSFDelta: 0x0, TXRate: 0
11-19 17:22:27.251 D/LOWI-9.0.0.80( 1024): [LOWI-Scan] 
11-19 17:22:27.251 D/LOWI-9.0.0.80( 1024): [LOWI-Scan] print_bss_handler: Report beacon TSF 5693502163 as it greater than probe TSF 5665071088
11-19 17:22:27.251 I/LOWI-9.0.0.80( 1024): [LOWI-Scan] RSN_IE
11-19 17:22:27.251 D/LOWI-9.0.0.80( 1024): [LOWI-Scan] decode_rsn_wpa_ie: Entered
11-19 17:22:27.251 D/LOWI-9.0.0.80( 1024): [LOWIUtils] hexDump: msg(30 14 01 00 00 0f ac 04 01 00 00 0f ac 04 01 00 00 0f ac 02 )
11-19 17:22:27.251 D/LOWI-9.0.0.80( 1024): [LOWI-Scan] decode_rsn_wpa_ie: LOWI_ENCRYPTION_TYPE_WPA_PSK
11-19 17:22:27.251 D/LOWI-9.0.0.80( 1024): [LOWI-Scan] is_qcom_ie, bss_age: 16
11-19 17:22:27.252 D/LOWI-9.0.0.80( 1024): [LOWI-Scan] BSS fe:2d:5a:49:61:eb LOWI_PHY_MODE_11AC_VHT20_2G(11), Beacon Interval: 100, LOWI_ENCRYPTION_TYPE_WPA_PSK 11mcRanging: No, ANQP: Yes, LCI: No, Civic: No, capability(0x1431): ESS Privacy ShortPreamble ShortSlotTime
11-19 17:22:27.252 D/LOWI-9.0.0.80( 1024): [LOWI-Scan] BSS fe:2d:5a:49:61:eb FREQ: 2452, cFreq1[40:80:160] = [0:0:0] cFreq2 = 0 Country Code =    
11-19 17:22:27.252 D/LOWI-9.0.0.80( 1024): [LOWI-Scan] BSS fe:2d:5a:49:61:eb (wlan0) ASSO: NO AddInfo: 0x1, TSF 0, 01:34:53.502, RSSI: -118, CPL: 127, AGE: 0,  SSID Pixel_R2, TSFDelta: 0x0, TXRate: 0
11-19 17:22:27.252 D/LOWI-9.0.0.80( 1024): [LOWI-Scan] 
11-19 17:22:27.252 D/LOWI-9.0.0.80( 1024): [LOWI-Scan] print_bss_handler: Report Probe TSF 5693502181 as it greater than Beacon TSF 5615210923
11-19 17:22:27.252 I/LOWI-9.0.0.80( 1024): [LOWI-Scan] RSN_IE
11-19 17:22:27.252 D/LOWI-9.0.0.80( 1024): [LOWI-Scan] decode_rsn_wpa_ie: Entered
11-19 17:22:27.252 D/LOWI-9.0.0.80( 1024): [LOWIUtils] hexDump: msg(30 14 01 00 00 0f ac 04 01 00 00 0f ac 04 01 00 00 0f ac 02 )
11-19 17:22:27.252 D/LOWI-9.0.0.80( 1024): [LOWI-Scan] decode_rsn_wpa_ie: LOWI_ENCRYPTION_TYPE_WPA_PSK
11-19 17:22:27.252 D/LOWI-9.0.0.80( 1024): [LOWI-Scan] is_qcom_ie, bss_age: 42
11-19 17:22:27.252 D/LOWI-9.0.0.80( 1024): [LOWI-Scan] BSS 52:b8:14:37:74:3f LOWI_PHY_MODE_11AC_VHT20_2G(11), Beacon Interval: 100, LOWI_ENCRYPTION_TYPE_WPA_PSK 11mcRanging: No, ANQP: No, LCI: No, Civic: No, capability(0x1431): ESS Privacy ShortPreamble ShortSlotTime
11-19 17:22:27.252 D/LOWI-9.0.0.80( 1024): [LOWI-Scan] BSS 52:b8:14:37:74:3f FREQ: 2417, cFreq1[40:80:160] = [0:0:0] cFreq2 = 0 Country Code =    
11-19 17:22:27.252 D/LOWI-9.0.0.80( 1024): [LOWI-Scan] BSS 52:b8:14:37:74:3f (wlan0) ASSO: NO AddInfo: 0x0, TSF 0, 01:34:53.502, RSSI: -116, CPL: 127, AGE: 0,  SSID Pixel_8668, TSFDelta: 0x0, TXRate: 0
11-19 17:22:27.253 D/LOWI-9.0.0.80( 1024): [LOWI-Scan] 
11-19 17:22:27.253 D/LOWI-9.0.0.80( 1024): [LOWI-Scan] print_bss_handler: Report Probe TSF 5665071267 as it greater than Beacon TSF 0
11-19 17:22:27.253 I/LOWI-9.0.0.80( 1024): [LOWI-Scan] RSN_IE
11-19 17:22:27.253 D/LOWI-9.0.0.80( 1024): [LOWI-Scan] decode_rsn_wpa_ie: Entered
11-19 17:22:27.253 D/LOWI-9.0.0.80( 1024): [LOWIUtils] hexDump: msg(30 14 01 00 00 0f ac 04 01 00 00 0f ac 04 01 00 00 0f ac 02 )
11-19 17:22:27.253 D/LOWI-9.0.0.80( 1024): [LOWI-Scan] decode_rsn_wpa_ie: LOWI_ENCRYPTION_TYPE_WPA_PSK
11-19 17:22:27.253 D/LOWI-9.0.0.80( 1024): [LOWI-Scan] is_qcom_ie, bss_age: 58
11-19 17:22:27.253 D/LOWI-9.0.0.80( 1024): [LOWI-Scan] adjust_age:AP AGE upper limit reached. Dont store
11-19 17:22:27.253 D/LOWI-9.0.0.80( 1024): [LOWI-Scan] BSS 2c:57:41:89:53:21 LOWI_PHY_MODE_11NG_HT20(5), Beacon Interval: 100, LOWI_ENCRYPTION_TYPE_WPA_PSK 11mcRanging: No, ANQP: No, LCI: No, Civic: No, capability(0x1411): ESS Privacy ShortSlotTime
11-19 17:22:27.253 D/LOWI-9.0.0.80( 1024): [LOWI-Scan] BSS 2c:57:41:89:53:21 FREQ: 2412, cFreq1[40:80:160] = [0:0:0] cFreq2 = 0 Country Code = US
11-19 17:22:27.253 D/LOWI-9.0.0.80( 1024): [LOWI-Scan] BSS 2c:57:41:89:53:21 (wlan0) ASSO: NO AddInfo: 0x0, TSF 0, 01:34:25.071, RSSI: -164, CPL: 3, AGE: 28430,  SSID kittyhawk, TSFDelta: 0x0, TXRate: 0
11-19 17:22:27.254 D/LOWI-9.0.0.80( 1024): [LOWI-Scan] 
11-19 17:22:27.254 D/LOWI-9.0.0.80( 1024): [LOWI-Scan] print_bss_handler: Report Probe TSF 5693502384 as it greater than Beacon TSF 0
11-19 17:22:27.254 I/LOWI-9.0.0.80( 1024): [LOWI-Scan] RSN_IE
11-19 17:22:27.254 D/LOWI-9.0.0.80( 1024): [LOWI-Scan] decode_rsn_wpa_ie: Entered
11-19 17:22:27.254 D/LOWI-9.0.0.80( 1024): [LOWIUtils] hexDump: msg(30 14 01 00 00 0f ac 04 01 00 00 0f ac 04 01 00 00 0f ac 02 )
11-19 17:22:27.254 D/LOWI-9.0.0.80( 1024): [LOWI-Scan] decode_rsn_wpa_ie: LOWI_ENCRYPTION_TYPE_WPA_PSK
11-19 17:22:27.254 D/LOWI-9.0.0.80( 1024): [LOWI-Scan] is_qcom_ie, bss_age: 26
11-19 17:22:27.254 D/LOWI-9.0.0.80( 1024): [LOWI-Scan] BSS 2c:57:41:89:63:c1 LOWI_PHY_MODE_11NG_HT20(5), Beacon Interval: 100, LOWI_ENCRYPTION_TYPE_WPA_PSK 11mcRanging: No, ANQP: No, LCI: No, Civic: No, capability(0x1411): ESS Privacy ShortSlotTime
11-19 17:22:27.254 D/LOWI-9.0.0.80( 1024): [LOWI-Scan] BSS 2c:57:41:89:63:c1 FREQ: 2437, cFreq1[40:80:160] = [0:0:0] cFreq2 = 0 Country Code = US
11-19 17:22:27.254 D/LOWI-9.0.0.80( 1024): [LOWI-Scan] BSS 2c:57:41:89:63:c1 (wlan0) ASSO: NO AddInfo: 0x0, TSF 0, 01:34:53.502, RSSI: -158, CPL: 2, AGE: 0,  SSID kittyhawk, TSFDelta: 0x0, TXRate: 0
11-19 17:22:27.254 D/LOWI-9.0.0.80( 1024): [LOWI-Scan] 
11-19 17:22:27.254 D/LOWI-9.0.0.80( 1024): [LOWI-Scan] print_bss_handler: Report Probe TSF 5693502199 as it greater than Beacon TSF 0
11-19 17:22:27.254 I/LOWI-9.0.0.80( 1024): [LOWI-Scan] RSN_IE
11-19 17:22:27.255 D/LOWI-9.0.0.80( 1024): [LOWI-Scan] decode_rsn_wpa_ie: Entered
11-19 17:22:27.255 D/LOWI-9.0.0.80( 1024): [LOWIUtils] hexDump: msg(30 14 01 00 00 0f ac 04 01 00 00 0f ac 04 01 00 00 0f ac 02 )
11-19 17:22:27.255 D/LOWI-9.0.0.80( 1024): [LOWI-Scan] decode_rsn_wpa_ie: LOWI_ENCRYPTION_TYPE_WPA_PSK
11-19 17:22:27.255 D/LOWI-9.0.0.80( 1024): [LOWI-Scan] is_qcom_ie, bss_age: 51
11-19 17:22:27.255 D/LOWI-9.0.0.80( 1024): [LOWI-Scan] BSS be:9e:0e:1c:6e:7f LOWI_PHY_MODE_11AC_VHT20_2G(11), Beacon Interval: 100, LOWI_ENCRYPTION_TYPE_WPA_PSK 11mcRanging: No, ANQP: No, LCI: No, Civic: No, capability(0x1431): ESS Privacy ShortPreamble ShortSlotTime
11-19 17:22:27.255 D/LOWI-9.0.0.80( 1024): [LOWI-Scan] BSS be:9e:0e:1c:6e:7f FREQ: 2412, cFreq1[40:80:160] = [0:0:0] cFreq2 = 0 Country Code =    
11-19 17:22:27.255 D/LOWI-9.0.0.80( 1024): [LOWI-Scan] BSS be:9e:0e:1c:6e:7f (wlan0) ASSO: NO AddInfo: 0x0, TSF 0, 01:34:53.502, RSSI: -124, CPL: 127, AGE: 0,  SSID Pixel_3541, TSFDelta: 0x0, TXRate: 0
11-19 17:22:27.255 D/LOWI-9.0.0.80( 1024): [LOWI-Scan] 
11-19 17:22:27.255 D/LOWI-9.0.0.80( 1024): [LOWI-Scan] print_bss_handler: Report beacon TSF 5693502312 as it greater than probe TSF 5693502312
11-19 17:22:27.255 I/LOWI-9.0.0.80( 1024): [LOWI-Scan] RSN_IE
11-19 17:22:27.255 D/LOWI-9.0.0.80( 1024): [LOWI-Scan] decode_rsn_wpa_ie: Entered
11-19 17:22:27.255 D/LOWI-9.0.0.80( 1024): [LOWIUtils] hexDump: msg(30 14 01 00 00 0f ac 04 01 00 00 0f ac 04 01 00 00 0f ac 02 )
11-19 17:22:27.255 D/LOWI-9.0.0.80( 1024): [LOWI-Scan] decode_rsn_wpa_ie: LOWI_ENCRYPTION_TYPE_WPA_PSK
11-19 17:22:27.255 D/LOWI-9.0.0.80( 1024): [LOWI-Scan] is_qcom_ie, bss_age: 4
11-19 17:22:27.255 D/LOWI-9.0.0.80( 1024): [LOWI-Scan] BSS 2c:57:41:86:85:21 LOWI_PHY_MODE_11NG_HT20(5), Beacon Interval: 100, LOWI_ENCRYPTION_TYPE_WPA_PSK 11mcRanging: No, ANQP: No, LCI: No, Civic: No, capability(0x1411): ESS Privacy ShortSlotTime
11-19 17:22:27.255 D/LOWI-9.0.0.80( 1024): [LOWI-Scan] BSS 2c:57:41:86:85:21 FREQ: 2462, cFreq1[40:80:160] = [0:0:0] cFreq2 = 0 Country Code = US
11-19 17:22:27.256 D/LOWI-9.0.0.80( 1024): [LOWI-Scan] BSS 2c:57:41:86:85:21 (wlan0) ASSO: NO AddInfo: 0x1, TSF 0, 01:34:53.502, RSSI: -158, CPL: 2, AGE: 0,  SSID kittyhawk, TSFDelta: 0x0, TXRate: 0
11-19 17:22:27.256 D/LOWI-9.0.0.80( 1024): [LOWIDiagLog] Log: lowiMeasResult->request: invalid null argument
11-19 17:22:27.256 I/LOWI-9.0.0.80( 1024): [LOWI-Scan] lowi_close_record:Scan done in 5649739ms, 18 APs in scan results
11-19 17:22:27.256 D/LOWI-9.0.0.80( 1024): [LOWI-Scan] WipsScanUsingNL: passive scan cached 0, took 8903 ms, err 0
11-19 17:22:27.256 D/LOWI-9.0.0.80( 1024): [LOWI-Scan] lowi_proc_req_passive_scan_with_live_meas - No WLAN Frames to be parsed
11-19 17:22:27.259 D/PasspointManager( 1194): ANQP entry not found for: c6:82:9b:4e:b3:9e:<Pixel_R6>
11-19 17:22:27.259 D/LOWI-9.0.0.80( 1024): [LOWIScanResultReceiver] Send scan meas to listener
11-19 17:22:27.260 D/LOWI-9.0.0.80( 1024): [LOWIScanResultReceiver] Enter passive listening mode
11-19 17:22:27.260 D/LOWI-9.0.0.80( 1024): [LOWIWifiDriverInterface] getMeasurements - Passive listening mode
11-19 17:22:27.260 D/LOWI-9.0.0.80( 1024): [LOWI-Scan] WipsScanUsingNL:wait -1 sec for netlink message
11-19 17:22:27.260 D/LOWI-9.0.0.80( 1024): [LOWIEventReceiver] handleEvent:FROM:NA, TO:NA, REQ:NA, IREQ:NA, REQ_ID:0, RESP:NA, INFO:NA
11-19 17:22:27.260 D/LOWI-9.0.0.80( 1024): [LOWIBackgroundScanMgr] isRspForBgScanMgr: evt(LOWI_NO_EVT) - not handled
11-19 17:22:27.260 D/LOWI-9.0.0.80( 1024): [LOWIScheduler] manageMsg: NULL results or NULL request in results
11-19 17:22:27.260 D/LOWI-9.0.0.80( 1024): [LOWIController] Measurements received
11-19 17:22:27.260 D/LOWI-9.0.0.80( 1024): [LOWICacheManager] putInCache:Num of Meas to add: 18
11-19 17:22:27.260 D/PasspointManager( 1194): ANQP entry not found for: 5e:6e:be:46:77:d7:<Pixel_R3>
11-19 17:22:27.260 D/PasspointManager( 1194): ANQP entry not found for: 12:d7:96:61:85:9f:<Pixel_R5>
11-19 17:22:27.261 D/PasspointManager( 1194): ANQP entry not found for: ce:dc:12:3b:87:fd:<Pixel5_R1>
11-19 17:22:27.261 D/PasspointManager( 1194): ANQP entry not found for: fe:2d:5a:49:61:eb:<Pixel_R2>
11-19 17:22:27.261 D/LOWI-9.0.0.80( 1024): [LOWIController] processMeasurementResults: No current Request. Cache measurements
11-19 17:22:27.261 D/LOWI-9.0.0.80( 1024): [LOWIControllerExtn] sendLOWILpDiscoveryScanResponse: Not a discovery scan response
11-19 17:22:27.314 D/WifiSharingService( 2841): Sending scanResults intent with status code 0: PendingIntent{8d531fd: android.os.BinderProxy@f201625}
11-19 17:22:27.319 D/CompatibilityInfo( 1194): mCompatibilityFlags - 4
11-19 17:22:27.320 D/CompatibilityInfo( 1194): applicationDensity - 320
11-19 17:22:27.320 D/CompatibilityInfo( 1194): applicationScale - 1.0
11-19 17:22:28.349 W/HWComposer(  577): Ignoring duplicate VSYNC event from HWC for display 0 (t=5694612390223)
11-19 17:22:29.643 D/UIAutomatorStub( 6249): URI: /jsonrpc/0, Method: POST, Header: {content-length=229, remote-addr=127.0.0.1, http-client-ip=127.0.0.1, host=localhost:9010, content-type=application/json, accept-encoding=identity}, params, {NanoHttpd.QUERY_STRING=null}, files: {postData={"jsonrpc": "2.0", "method": "objInfo", "id": "fedeb046136ea10d7182525b67bc3bfd", "params": [{"mask": 2097152, "childOrSibling": [], "childOrSiblingSelector": [], "resourceId": "com.facebook.wearable.system.settings:id/toggle"}]}}
11-19 17:22:29.730 D/UIAutomatorStub( 6249): URI: /jsonrpc/0, Method: POST, Header: {content-length=227, remote-addr=127.0.0.1, http-client-ip=127.0.0.1, host=localhost:9010, content-type=application/json, accept-encoding=identity}, params, {NanoHttpd.QUERY_STRING=null}, files: {postData={"jsonrpc": "2.0", "method": "click", "id": "18bf9bfed678d55eb7657bf40824b2aa", "params": [{"mask": 2097152, "childOrSibling": [], "childOrSiblingSelector": [], "resourceId": "com.facebook.wearable.system.settings:id/toggle"}]}}
11-19 17:22:29.779 D/WifiSharingService( 2841): Setting Wi-Fi enabled state
11-19 17:22:29.780 I/WifiService( 1194): setWifiEnabled package=com.facebook.wearable.system.connectivity uid=1000 enable=false
11-19 17:22:29.782 D/WifiActiveModeWarden( 1194): Switching all client mode managers
11-19 17:22:29.782 D/QCNEJ/WlanStaInfoRelay( 1900): onChange for uri = content://settings/global/wifi_on
