11-20 12:46:06.379 D/LOWI-9.0.0.80( 1024): [LOWI-Scan] BSS 2c:57:41:86:85:21 FREQ: 2462, cFreq1[40:80:160] = [0:0:0] cFreq2 = 0 Country Code = US
11-20 12:46:06.379 D/LOWI-9.0.0.80( 1024): [LOWI-Scan] BSS 2c:57:41:86:85:21 (wlan0) ASSO: NO AddInfo: 0x0, TSF 0, 20:58:32.616, RSSI: -164, CPL: 2, AGE: 0,  SSID kittyhawk, TSFDelta: 0x0, TXRate: 0
11-20 12:46:06.379 D/LOWI-9.0.0.80( 1024): [LOWI-Scan] 
11-20 12:46:06.379 D/LOWI-9.0.0.80( 1024): [LOWI-Scan] print_bss_handler: Report beacon TSF 75512616808 as it greater than probe TSF 75483963690
11-20 12:46:06.379 I/LOWI-9.0.0.80( 1024): [LOWI-Scan] RSN_IE
11-20 12:46:06.379 D/LOWI-9.0.0.80( 1024): [LOWI-Scan] decode_rsn_wpa_ie: Entered
11-20 12:46:06.379 D/LOWI-9.0.0.80( 1024): [LOWIUtils] hexDump: msg(30 14 01 00 00 0f ac 04 01 00 00 0f ac 04 01 00 00 0f ac 02 )
11-20 12:46:06.380 D/LOWI-9.0.0.80( 1024): [LOWI-Scan] decode_rsn_wpa_ie: LOWI_ENCRYPTION_TYPE_WPA_PSK
11-20 12:46:06.380 D/LOWI-9.0.0.80( 1024): [LOWI-Scan] is_qcom_ie, bss_age: 3
11-20 12:46:06.380 D/LOWI-9.0.0.80( 1024): [LOWI-Scan] BSS 18:64:72:60:2e:e0 LOWI_PHY_MODE_11NG_HT20(5), Beacon Interval: 100, LOWI_ENCRYPTION_TYPE_WPA_PSK 11mcRanging: No, ANQP: No, LCI: No, Civic: No, capability(0x0431): ESS Privacy ShortPreamble ShortSlotTime
11-20 12:46:06.380 D/LOWI-9.0.0.80( 1024): [LOWI-Scan] BSS 18:64:72:60:2e:e0 FREQ: 2462, cFreq1[40:80:160] = [0:0:0] cFreq2 = 0 Country Code =    
11-20 12:46:06.380 D/LOWI-9.0.0.80( 1024): [LOWI-Scan] BSS 18:64:72:60:2e:e0 (wlan0) ASSO: NO AddInfo: 0x1, TSF 0, 20:58:32.616, RSSI: -158, CPL: 127, AGE: 0,  SSID lab-t24103779, TSFDelta: 0x0, TXRate: 0
11-20 12:46:06.380 D/LOWI-9.0.0.80( 1024): [LOWIDiagLog] Log: lowiMeasResult->request: invalid null argument
11-20 12:46:06.380 I/LOWI-9.0.0.80( 1024): [LOWI-Scan] lowi_close_record:Scan done in 75468863ms, 19 APs in scan results
11-20 12:46:06.380 D/LOWI-9.0.0.80( 1024): [LOWI-Scan] WipsScanUsingNL: passive scan cached 0, took 9221 ms, err 0
11-20 12:46:06.380 D/LOWI-9.0.0.80( 1024): [LOWI-Scan] lowi_proc_req_passive_scan_with_live_meas - No WLAN Frames to be parsed
11-20 12:46:06.380 D/LOWI-9.0.0.80( 1024): [LOWIScanResultReceiver] Send scan meas to listener
11-20 12:46:06.380 D/LOWI-9.0.0.80( 1024): [LOWIScanResultReceiver] Enter passive listening mode
11-20 12:46:06.380 D/LOWI-9.0.0.80( 1024): [LOWIWifiDriverInterface] getMeasurements - Passive listening mode
11-20 12:46:06.380 D/LOWI-9.0.0.80( 1024): [LOWI-Scan] WipsScanUsingNL:wait -1 sec for netlink message
11-20 12:46:06.382 D/LOWI-9.0.0.80( 1024): [LOWIEventReceiver] handleEvent:FROM:NA, TO:NA, REQ:NA, IREQ:NA, REQ_ID:0, RESP:NA, INFO:NA
11-20 12:46:06.382 D/LOWI-9.0.0.80( 1024): [LOWIBackgroundScanMgr] isRspForBgScanMgr: evt(LOWI_NO_EVT) - not handled
11-20 12:46:06.382 D/LOWI-9.0.0.80( 1024): [LOWIScheduler] manageMsg: NULL results or NULL request in results
11-20 12:46:06.382 D/LOWI-9.0.0.80( 1024): [LOWIController] Measurements received
11-20 12:46:06.382 D/LOWI-9.0.0.80( 1024): [LOWICacheManager] putInCache:Num of Meas to add: 19
11-20 12:46:06.384 D/LOWI-9.0.0.80( 1024): [LOWIController] processMeasurementResults: No current Request. Cache measurements
11-20 12:46:06.384 D/LOWI-9.0.0.80( 1024): [LOWIControllerExtn] sendLOWILpDiscoveryScanResponse: Not a discovery scan response
11-20 12:46:06.384 D/PasspointManager( 1194): ANQP entry not found for: c6:82:9b:4e:b3:9e:<Pixel_R6>
11-20 12:46:06.385 D/PasspointManager( 1194): ANQP entry not found for: 5e:6e:be:46:77:d7:<Pixel_R3>
11-20 12:46:06.385 D/PasspointManager( 1194): ANQP entry not found for: 12:d7:96:61:85:9f:<Pixel_R5>
11-20 12:46:06.385 D/PasspointManager( 1194): ANQP entry not found for: ce:dc:12:3b:87:fd:<Pixel5_R1>
11-20 12:46:06.385 D/PasspointManager( 1194): ANQP entry not found for: fe:2d:5a:49:61:eb:<Pixel_R2>
11-20 12:46:06.431 D/WifiSharingService( 2841): Sending scanResults intent with status code 0: PendingIntent{a437a30: android.os.BinderProxy@f0906c1}
11-20 12:46:06.437 D/CompatibilityInfo( 1194): mCompatibilityFlags - 4
11-20 12:46:06.437 D/CompatibilityInfo( 1194): applicationDensity - 320
11-20 12:46:06.437 D/CompatibilityInfo( 1194): applicationScale - 1.0
11-20 12:46:07.381 W/HWComposer(  577): Ignoring duplicate VSYNC event from HWC for display 0 (t=75513644977860)
11-20 12:46:07.432 W/HWComposer(  577): Ignoring duplicate VSYNC event from HWC for display 0 (t=75513695598068)
11-20 12:46:08.748 D/UIAutomatorStub(26556): URI: /jsonrpc/0, Method: POST, Header: {content-length=229, remote-addr=127.0.0.1, http-client-ip=127.0.0.1, host=localhost:9010, content-type=application/json, accept-encoding=identity}, params, {NanoHttpd.QUERY_STRING=null}, files: {postData={"jsonrpc": "2.0", "method": "objInfo", "id": "fa7762d3ddeda220505f118df5becb8b", "params": [{"mask": 2097152, "childOrSibling": [], "childOrSiblingSelector": [], "resourceId": "com.facebook.wearable.system.settings:id/toggle"}]}}
11-20 12:46:08.836 D/UIAutomatorStub(26556): URI: /jsonrpc/0, Method: POST, Header: {content-length=227, remote-addr=127.0.0.1, http-client-ip=127.0.0.1, host=localhost:9010, content-type=application/json, accept-encoding=identity}, params, {NanoHttpd.QUERY_STRING=null}, files: {postData={"jsonrpc": "2.0", "method": "click", "id": "26610aadd823b5228044b32c65828298", "params": [{"mask": 2097152, "childOrSibling": [], "childOrSiblingSelector": [], "resourceId": "com.facebook.wearable.system.settings:id/toggle"}]}}
11-20 12:46:08.898 D/WifiSharingService( 2841): Setting Wi-Fi enabled state
11-20 12:46:08.898 I/WifiService( 1194): setWifiEnabled package=com.facebook.wearable.system.connectivity uid=1000 enable=false
11-20 12:46:08.901 D/QCNEJ/WlanStaInfoRelay( 1900): onChange for uri = content://settings/global/wifi_on
11-20 12:46:08.902 D/WifiActiveModeWarden( 1194): Switching all client mode managers
11-20 12:46:08.905 E/QMI_FW  (  927): qmi_cci_get_ref: ref count increased 2
11-20 12:46:08.910 D/WifiP2pService( 1194): Wifi enabled=false, P2P Interface availability=true
11-20 12:46:08.910 D/WifiP2pNative( 1194): Teardown P2P interface
11-20 12:46:08.915 D/WifiP2pService( 1194): Wifi enabled=false, P2P Interface availability=true
11-20 12:46:08.920 D/WifiClientModeManager1( 1194): IMS not registered over IWLAN for subId: 1
11-20 12:46:08.920 D/WifiClientModeManager1( 1194): The target role 5
11-20 12:46:08.920 W/ContextImpl( 1194): Calling a method in the system process without a qualified user: android.app.ContextImpl.sendBroadcastMultiplePermissions:1143 android.content.Context.sendBroadcastWithMultiplePermissions:2150 com.android.server.display.WifiDisplayAdapter.handleSendStatusChangeBroadcast:440 com.android.server.display.WifiDisplayAdapter.access$1700:63 com.android.server.display.WifiDisplayAdapter$WifiDisplayHandler.handleMessage:675 
11-20 12:46:08.939 I/wpa_supplicant(31059): p2p0: Do not deauthenticate as part of interface deinit since WoWLAN is enabled
11-20 12:46:08.967 W/HWComposer(  577): Ignoring duplicate VSYNC event from HWC for display 0 (t=75515230116244)
11-20 12:46:08.984 W/HWComposer(  577): Ignoring duplicate VSYNC event from HWC for display 0 (t=75515247055411)
11-20 12:46:08.992 E/wpa_supplicant(31059): eap_proxy: pthread_join on eap_proxy=0xb73cfa8
11-20 12:46:08.992 E/wpa_supplicant(31059): eap_proxy: session not started for client = 1
11-20 12:46:08.992 E/QMI_FW  (31059): qmi_cci_get_ref: ref count increased 2
11-20 12:46:08.992 E/QMI_FW  (31059): qmi_cci_get_ref: ref count increased 2
11-20 12:46:08.995 E/wpa_supplicant(31059): eap_proxy: Released QMI UIM service client
11-20 12:46:08.995 E/QMI_FW  (31059): qmi_cci_get_ref: ref count increased 2
11-20 12:46:08.995 E/QMI_FW  (31059): qmi_cci_get_ref: ref count increased 2
11-20 12:46:08.998 E/wpa_supplicant(31059): eap_proxy: Released QMI EAP service client
11-20 12:46:08.998 E/wpa_supplicant(31059): eap_proxy: session not started for client = 2
11-20 12:46:08.998 E/QMI_FW  (31059): qmi_cci_get_ref: ref count increased 2
11-20 12:46:08.998 E/QMI_FW  (31059): qmi_cci_get_ref: ref count increased 2
11-20 12:46:08.999 E/wpa_supplicant(31059): eap_proxy: Released QMI UIM service client
11-20 12:46:08.999 E/QMI_FW  (31059): qmi_cci_get_ref: ref count increased 2
11-20 12:46:08.999 E/QMI_FW  (31059): qmi_cci_get_ref: ref count increased 2
11-20 12:46:09.000 E/wpa_supplicant(31059): eap_proxy: Released QMI EAP service client
11-20 12:46:09.000 I/wpa_supplicant(31059): eap_proxy: eap_proxy Deinitialzed
11-20 12:46:09.038 I/wpa_supplicant(31059): nl80211: deinit ifname=p2p0 disabled_11b_rates=0
11-20 12:46:09.088 D/LOWI-9.0.0.80( 1024): [LOWINetlinkSocketReceiver] unpackRTMLinkMessage: RTM_NEWLINK - ifname p2p0, flags 0x1003 ([UP])
11-20 12:46:09.121 D/LOWI-9.0.0.80( 1024): [LOWINetlinkSocketReceiver] unpackRTMLinkMessage: RTM_NEWLINK - ifname p2p0, flags 0x1002 ()
11-20 12:46:09.135 D/LOWI-9.0.0.80( 1024): [LOWINetlinkSocketReceiver] unpackRTMLinkMessage: RTM_NEWLINK - ifname p2p0, flags 0x1002 ()
11-20 12:46:09.138 I/wpa_supplicant(31059): Try to unregister vendor p2 interface
11-20 12:46:09.150 I/WifiP2pNative( 1194): P2P interface teardown completed
11-20 12:46:09.150 I/android_os_HwBinder( 1194): HwBinder: Starting thread pool for getting: android.hardware.wifi.supplicant@1.0::ISupplicant/default
11-20 12:46:09.151 D/WifiP2pNative( 1194): P2P InterfaceDestroyedListener p2p0
11-20 12:46:09.151 D/WifiP2pNative( 1194): Ignoring stale interface destroyed listener
11-20 12:46:09.151 D/WifiP2pNative( 1194): P2P InterfaceAvailableListener true
11-20 12:46:09.151 D/WifiP2pService( 1194): Wifi enabled=false, P2P Interface availability=true
11-20 12:46:09.154 I/wpa_supplicant(31059): wlan0: Do not deauthenticate as part of interface deinit since WoWLAN is enabled
11-20 12:46:09.177 I/wpa_supplicant(31059): Try to unregister vendor STA network
11-20 12:46:09.178 E/wpa_supplicant(31059): eap_proxy: pthread_join on eap_proxy=0xb73ceac
11-20 12:46:09.178 E/wpa_supplicant(31059): eap_proxy: session not started for client = 1
11-20 12:46:09.178 E/QMI_FW  (31059): qmi_cci_get_ref: ref count increased 2
11-20 12:46:09.178 E/QMI_FW  (31059): qmi_cci_get_ref: ref count increased 2
11-20 12:46:09.180 E/wpa_supplicant(31059): eap_proxy: Released QMI UIM service client
11-20 12:46:09.180 E/QMI_FW  (31059): qmi_cci_get_ref: ref count increased 2
11-20 12:46:09.180 E/QMI_FW  (31059): qmi_cci_get_ref: ref count increased 2
11-20 12:46:09.182 E/wpa_supplicant(31059): eap_proxy: Released QMI EAP service client
11-20 12:46:09.182 E/wpa_supplicant(31059): eap_proxy: session not started for client = 2
11-20 12:46:09.182 E/QMI_FW  (31059): qmi_cci_get_ref: ref count increased 2
11-20 12:46:09.182 E/QMI_FW  (31059): qmi_cci_get_ref: ref count increased 2
11-20 12:46:09.184 E/wpa_supplicant(31059): eap_proxy: Released QMI UIM service client
11-20 12:46:09.184 E/QMI_FW  ( 1113): qmi_cci_get_ref: ref count increased 2
11-20 12:46:09.184 E/QMI_FW  (31059): qmi_cci_get_ref: ref count increased 2
11-20 12:46:09.184 E/QMI_FW  (31059): qmi_cci_get_ref: ref count increased 2
11-20 12:46:09.184 E/wpa_supplicant(31059): eap_proxy: Released QMI EAP service client
11-20 12:46:09.184 I/wpa_supplicant(31059): eap_proxy: eap_proxy Deinitialzed
11-20 12:46:09.186 E/QMI_FW  ( 1113): qmi_cci_get_ref: ref count increased 2
11-20 12:46:09.201 I/WearableConnectivityManager( 4420): LTE Signal strength is: 1
11-20 12:46:09.201 I/WearableConnectivityManager( 4420): Cellular Signal strength is: 1
11-20 12:46:09.201 D/RadioLinkQualityScoreBuilder( 1975): scoreRsrp: 2scoreRsrq: 1scoreRssnr: 2
11-20 12:46:09.201 D/WirelessInsightServiceImpl( 1975): onSignalStrengthsChanged: SignalStrength = SignalStrength:{mCdma=CellSignalStrengthCdma: cdmaDbm=2147483647 cdmaEcio=2147483647 evdoDbm=2147483647 evdoEcio=2147483647 evdoSnr=2147483647 level=0,mGsm=CellSignalStrengthGsm: rssi=2147483647 ber=2147483647 mTa=2147483647 mLevel=0,mWcdma=CellSignalStrengthWcdma: ss=2147483647 ber=2147483647 rscp=2147483647 ecno=2147483647 level=0,mTdscdma=CellSignalStrengthTdscdma: rssi=2147483647 ber=2147483647 rscp=2147483647 level=0,mLte=CellSignalStrengthLte: rssi=-77 rsrp=-114 rsrq=-16 rssnr=0 cqi=2147483647 ta=2147483647 level=1 parametersUseForLevel=0,mNr=CellSignalStrengthNr:{ csiRsrp = 2147483647 csiRsrq = 2147483647 csiSinr = 2147483647 ssRsrp = 2147483647 ssRsrq = 2147483647 ssSinr = 2147483647 level = 0 parametersUseForLevel = 0 },primary=CellSignalStrengthLte}
11-20 12:46:09.201 D/WirelessInsightServiceImpl( 1975): Score: 1
11-20 12:46:09.202 D/WirelessInsightServiceImpl( 1975): notifyListeners: listeners = 0, score = 1
11-20 12:46:09.238 I/wpa_supplicant(31059): nl80211: deinit ifname=wlan0 disabled_11b_rates=0
11-20 12:46:09.298 I/wpa_supplicant(31059): Try to unregister vendor interface
11-20 12:46:09.298 D/LOWI-9.0.0.80( 1024): [LOWINetlinkSocketReceiver] unpackRTMLinkMessage: RTM_NEWLINK - ifname wlan0, flags 0x11043 ([UP][RUNNING])
11-20 12:46:09.298 D/LOWI-9.0.0.80( 1024): [LOWINetlinkSocketReceiver] processNetlinkPacket: ifname(wlan0) status(2)
11-20 12:46:09.298 D/LOWI-9.0.0.80( 1024): [LOWIController] intfStateReceived: ifname(wlan0) state(2)
11-20 12:46:09.299 D/LOWI-9.0.0.80( 1024): [LOWIEventReceiver] handleEvent:FROM:NA, TO:NA, REQ:NA, IREQ:NA, REQ_ID:0, RESP:NA, INFO:INTF-STATUS-UPDATE
11-20 12:46:09.299 D/LOWI-9.0.0.80( 1024): [LOWIEventReceiver] Info to [INTF-STATUS-UPDATE]
11-20 12:46:09.299 D/LOWI-9.0.0.80( 1024): [LOWIController] updateIntfState: WIFI enabled 2 mNlWifiStatus 2 mWifiStateEnabled 1
11-20 12:46:09.299 D/LOWI-9.0.0.80( 1024): [LOWIController] isWifiEnabled: mNlWifiStatus 2 mWifiStateEnabled 1
11-20 12:46:09.300 I/SupplicantStaIfaceHal( 1194): Terminating supplicant using HIDL
11-20 12:46:09.302 I/android_os_HwBinder( 1194): HwBinder: Starting thread pool for getting: android.hardware.wifi.supplicant@1.0::ISupplicant/default
11-20 12:46:09.303 D/ConnectivityService( 1194): handleLingerComplete for [100 CELLULAR]
11-20 12:46:09.307 W/MqttClient( 2665): connection/disconnecting; reason=READ_SOCKET, operation=NETWORK_THREAD_LOOP
11-20 12:46:09.308 I/wpa_supplicant(31059): Terminating...
11-20 12:46:09.311 W/System.err( 2665): DEBUG: com.whatsapp.net.tls13.WtSocketWrapper.sendAlertAndShutdown(:86) : Sending Alert : type : WARNING description : close_notify(0) exception : 
11-20 12:46:09.313 W/System.err( 2665): ERROR: com.whatsapp.net.logging.WtLog.log$REDEX$HQcOuACUrr4(:4) : Encountered exception. Nothing much can be done here. com.whatsapp.net.alerts.WtAlertException
11-20 12:46:09.315 D/LOWI-9.0.0.80( 1024): [LOWINetlinkSocketReceiver] unpackRTMLinkMessage: RTM_NEWLINK - ifname wlan0, flags 0x1003 ([UP])
11-20 12:46:09.315 D/LOWI-9.0.0.80( 1024): [LOWINetlinkSocketReceiver] processNetlinkPacket: ifname(wlan0) status(1)
11-20 12:46:09.315 D/LOWI-9.0.0.80( 1024): [LOWIController] intfStateReceived: ifname(wlan0) state(1)
11-20 12:46:09.317 D/LOWI-9.0.0.80( 1024): [LOWIEventReceiver] handleEvent:FROM:NA, TO:NA, REQ:NA, IREQ:NA, REQ_ID:0, RESP:NA, INFO:INTF-STATUS-UPDATE
11-20 12:46:09.317 D/LOWI-9.0.0.80( 1024): [LOWIEventReceiver] Info to [INTF-STATUS-UPDATE]
11-20 12:46:09.317 D/LOWI-9.0.0.80( 1024): [LOWIController] updateIntfState: WIFI enabled 1 mNlWifiStatus 2 mWifiStateEnabled 1
11-20 12:46:09.317 D/LOWI-9.0.0.80( 1024): [LOWIController] isWifiEnabled: mNlWifiStatus 1 mWifiStateEnabled 1
11-20 12:46:09.332 D/QCNEJ/WwanInfoRelay( 1900): onCapabilitiesChanged: 100 [ Transports: CELLULAR Capabilities: MMS&SUPL&FOTA&INTERNET&NOT_RESTRICTED&TRUSTED&NOT_VPN&VALIDATED&NOT_ROAMING&NOT_CONGESTED&NOT_SUSPENDED LinkUpBandwidth>=15000Kbps LinkDnBandwidth>=30000Kbps Specifier: <TelephonyNetworkSpecifier [mSubId = 1]> AdministratorUids: [] RequestorUid: -1 RequestorPackageName: null]
11-20 12:46:09.333 I/QCNEJ/WwanInfoRelay( 1900): cacheWwanInfo subId = 1 phoneId = 0 slotId = 0
11-20 12:46:09.361 W/SupplicantStaIfaceHal( 1194): Timed out waiting for confirmation of supplicant death
11-20 12:46:09.362 D/LOWI-9.0.0.80( 1024): [LOWINetlinkSocketReceiver] unpackRTMLinkMessage: RTM_NEWLINK - ifname wlan0, flags 0x1003 ([UP])
11-20 12:46:09.362 D/LOWI-9.0.0.80( 1024): [LOWINetlinkSocketReceiver] processNetlinkPacket: ifname(wlan0) status(1)
11-20 12:46:09.362 D/LOWI-9.0.0.80( 1024): [LOWIController] intfStateReceived: ifname(wlan0) state(1)
11-20 12:46:09.363 W/SupplicantP2pIfaceHal( 1194): ISupplicant/ISupplicantP2pIface died: cookie=0
11-20 12:46:09.363 D/SupplicantStaIfaceHal( 1194): ISupplicant died: cookie=6065261867265247418
11-20 12:46:09.363 W/SupplicantP2pIfaceHal( 1194): ISupplicant/ISupplicantP2pIface died: cookie=0
11-20 12:46:09.363 W/SupplicantP2pIfaceHal( 1194): ISupplicantVendor/ISupplicantVendorP2PIface died: cookie=0
11-20 12:46:09.364 D/LOWI-9.0.0.80( 1024): [LOWIEventReceiver] handleEvent:FROM:NA, TO:NA, REQ:NA, IREQ:NA, REQ_ID:0, RESP:NA, INFO:INTF-STATUS-UPDATE
11-20 12:46:09.364 D/LOWI-9.0.0.80( 1024): [LOWIEventReceiver] Info to [INTF-STATUS-UPDATE]
11-20 12:46:09.364 D/LOWI-9.0.0.80( 1024): [LOWIController] updateIntfState: WIFI enabled 1 mNlWifiStatus 1 mWifiStateEnabled 1
11-20 12:46:09.364 D/LOWI-9.0.0.80( 1024): [LOWIController] isWifiEnabled: mNlWifiStatus 1 mWifiStateEnabled 1
11-20 12:46:09.365 W/SupplicantStaIfaceHal( 1194): ISupplicantVendor/ISupplicantVendorStaIface died: cookie=0
11-20 12:46:09.365 W/SupplicantP2pIfaceHal( 1194): ISupplicantVendor/ISupplicantVendorP2PIface died: cookie=0
11-20 12:46:09.366 W/SupplicantStaIfaceHal( 1194): ISupplicantVendor/ISupplicantVendorStaIface died: cookie=0
11-20 12:46:09.366 V/WifiHAL (  539): event received NL80211_CMD_DISCONNECT
11-20 12:46:09.366 E/SupplicantStaIfaceHal( 1194): Can't call getKeyMgmtCapabilities_1_3, ISupplicantStaIface is null
11-20 12:46:09.368 V/WifiHAL (  539): WifiVendorCommand 0xaad86b98 created vendor_id:0x1374 subcmd:38
11-20 12:46:09.368 V/WifiHAL (  539): Got a Wi-Fi HAL module message from Driver
11-20 12:46:09.369 V/WifiHAL (  539): Supported feature set : 19d3d
11-20 12:46:09.369 V/WifiHAL (  539): Supported feature set acquired : 19d3d
11-20 12:46:09.369 V/WifiHAL (  539): WifiVendorCommand 0xa0792370 created vendor_id:0x1374 subcmd:76
11-20 12:46:09.369 V/WifiHAL (  539): create: mVendor_id = 4980, Subcmd = 76.
11-20 12:46:09.370 V/WifiHAL (  539): WifiVendorCommand 0xaad86cc8 created vendor_id:0x1374 subcmd:38
11-20 12:46:09.371 V/WifiHAL (  539): Got a Wi-Fi HAL module message from Driver
11-20 12:46:09.371 V/WifiHAL (  539): Supported feature set : 19d3d
11-20 12:46:09.372 V/WifiHAL (  539): Supported feature set acquired : 19d3d
11-20 12:46:09.372 V/WifiHAL (  539): WifiVendorCommand 0xa0792370 created vendor_id:0x1374 subcmd:76
11-20 12:46:09.372 V/WifiHAL (  539): create: mVendor_id = 4980, Subcmd = 76.
11-20 12:46:09.379 E/SupplicantStaIfaceHal( 1194): Can't call getWpaDriverFeatureSet, ISupplicantStaIface is null
11-20 12:46:09.380 I/WifiNative( 1194): Successfully switched to scan mode on iface=Iface:{Name=wlan0,Id=1,Type=STA_SCAN}
11-20 12:46:09.380 W/SupplicantStaIfaceHal( 1194): ISupplicant died: cookie=160
11-20 12:46:09.400 I/wificond(  906): Fail RSSI polling because wifi is not associated.
11-20 12:46:09.400 E/WifiNl80211Manager( 1194): Invalid signal poll result from wificond
11-20 12:46:09.404 D/WifiClientModeManager1( 1194): entering ScanOnlyModeState
11-20 12:46:09.404 D/WifiP2pService( 1194): Wifi enabled=false, P2P Interface availability=true
11-20 12:46:09.405 D/WifiScanRequestProxy( 1194): Sending scan available broadcast: true
11-20 12:46:09.405 I/WifiScanningService( 1194): Received a request to enable scanning, UID = 1000
11-20 12:46:09.405 I/WifiScanningService( 1194): scanner impls already exists
11-20 12:46:09.405 E/WifiScanningService( 1194): wifi driver loaded received while already loaded
11-20 12:46:09.407 I/WifiScanRequestProxy( 1194): Scanning is enabled
11-20 12:46:09.407 I/WifiScanRequestProxy( 1194): Scanning for hidden networks is disabled
11-20 12:46:09.408 D/WakeupController( 1194): start()
11-20 12:46:09.409 D/WakeupController( 1194): Setting active to true
11-20 12:46:09.418 D/WakeupLock( 1194): Lock set. Number of networks: 1
11-20 12:46:09.419 D/WifiClientModeImpl( 1194): ClientModeImpl: Leaving Connected state
11-20 12:46:09.421 D/WifiCountryCode( 1194): updateCountryCode to US
11-20 12:46:09.422 E/SupplicantStaIfaceHal( 1194): Can't call setCountryCode, ISupplicantStaIface is null
11-20 12:46:09.422 D/WifiCountryCode( 1194): Failed to set country code to: US
11-20 12:46:09.431 E/SupplicantStaIfaceHal( 1194): Can't call listNetworks, ISupplicantStaIface is null
11-20 12:46:09.431 E/SupplicantStaIfaceHal( 1194): removeAllNetworks failed, got null networks
11-20 12:46:09.431 E/WifiClientModeImpl( 1194): Failed to remove networks on exiting connect mode
11-20 12:46:09.433 E/WakeupController( 1194): Unexpected setLastDisconnectInfo when WakeupController is active!
11-20 12:46:09.434 E/WifiVendorHal( 1194): stopRssiMonitoring(l.2106) failed {.code = ERROR_NOT_AVAILABLE, .description = }
11-20 12:46:09.434 E/SupplicantStaIfaceHal( 1194): Can't call setPowerSave, ISupplicantStaIface is null
11-20 12:46:09.435 E/SupplicantStaIfaceHal( 1194): Can't call setBtCoexistenceMode, ISupplicantStaIface is null
11-20 12:46:09.435 V/WifiClientModeImpl( 1194): stopIpClient IpClientWithPreConnection: false
11-20 12:46:09.435 V/WifiClientModeImpl( 1194): java.lang.Throwable
11-20 12:46:09.435 V/WifiClientModeImpl( 1194): 	at com.android.server.wifi.ClientModeImpl.stopIpClient(ClientModeImpl.java:1127)
11-20 12:46:09.435 V/WifiClientModeImpl( 1194): 	at com.android.server.wifi.ClientModeImpl.stopDhcpSetup(ClientModeImpl.java:1153)
11-20 12:46:09.435 V/WifiClientModeImpl( 1194): 	at com.android.server.wifi.ClientModeImpl.handleNetworkDisconnect(ClientModeImpl.java:2945)
11-20 12:46:09.435 V/WifiClientModeImpl( 1194): 	at com.android.server.wifi.ClientModeImpl.stopClientMode(ClientModeImpl.java:3889)
11-20 12:46:09.435 V/WifiClientModeImpl( 1194): 	at com.android.server.wifi.ClientModeImpl.access$4600(ClientModeImpl.java:176)
11-20 12:46:09.435 V/WifiClientModeImpl( 1194): 	at com.android.server.wifi.ClientModeImpl$ConnectModeState.exit(ClientModeImpl.java:4064)
11-20 12:46:09.435 V/WifiClientModeImpl( 1194): 	at com.android.wifi.x.com.android.internal.util.StateMachine$SmHandler.invokeExitMethods(StateMachine.java:1021)
11-20 12:46:09.435 V/WifiClientModeImpl( 1194): 	at com.android.wifi.x.com.android.internal.util.StateMachine$SmHandler.performTransitions(StateMachine.java:877)
11-20 12:46:09.435 V/WifiClientModeImpl( 1194): 	at com.android.wifi.x.com.android.internal.util.StateMachine$SmHandler.handleMessage(StateMachine.java:819)
11-20 12:46:09.435 V/WifiClientModeImpl( 1194): 	at android.os.Handler.dispatchMessage(Handler.java:106)
11-20 12:46:09.435 V/WifiClientModeImpl( 1194): 	at android.os.Looper.loop(Looper.java:223)
11-20 12:46:09.435 V/WifiClientModeImpl( 1194): 	at android.os.HandlerThread.run(HandlerThread.java:67)
11-20 12:46:09.437 D/ConnectivityService( 1194): [183 WIFI] EVENT_NETWORK_INFO_CHANGED, going from CONNECTED to DISCONNECTED
11-20 12:46:09.437 D/ConnectivityService( 1194): [183 WIFI] disconnected, was satisfying 26
11-20 12:46:09.439 D/QCNEJ/WlanStaInfoRelay( 1900): Received action: android.net.wifi.STATE_CHANGE
11-20 12:46:09.440 D/QCNEJ/WlanStaInfoRelay( 1900): reset CountryCodeRetriever
11-20 12:46:09.441 D/DhcpClient( 1194): doQuit
11-20 12:46:09.442 D/WifiDiags( 1194): stopLogging() iface list is {} after removing wlan0
11-20 12:46:09.442 D/WifiConnector( 2841): Network State Changed
11-20 12:46:09.443 E/QMI_FW  (  927): qmi_cci_get_ref: ref count increased 2
11-20 12:46:09.444 E/WifiVendorHal( 1194): resetLogHandler(l.1558) failed {.code = ERROR_NOT_AVAILABLE, .description = }
11-20 12:46:09.444 W/WifiDiags( 1194): Fail to reset log handler
11-20 12:46:09.444 E/QMI_FW  (  927): qmi_cci_get_ref: ref count increased 2
11-20 12:46:09.450 E/QMI_FW  ( 1113): qmi_cci_get_ref: ref count increased 2
11-20 12:46:09.458 E/QMI_FW  ( 1113): qmi_cci_get_ref: ref count increased 2
11-20 12:46:09.458 E/QMI_FW  ( 1113): qmi_cci_get_ref: ref count increased 2
11-20 12:46:09.459 E/QMI_FW  ( 1113): qmi_cci_get_ref: ref count increased 2
11-20 12:46:09.465 E/QMI_FW  ( 1113): qmi_cci_get_ref: ref count increased 2
11-20 12:46:09.467 D/WifiMemoryStoreImpl( 1194): Set cluster Gded792457511e862 for We4936d4057368143: SUCCESS
11-20 12:46:09.476 E/QMI_FW  ( 1113): qmi_cci_get_ref: ref count increased 2
11-20 12:46:09.485 I/chatty  ( 1113): uid=1001(radio) DedicatedThread identical 6 lines
11-20 12:46:09.486 E/QMI_FW  ( 1113): qmi_cci_get_ref: ref count increased 2
11-20 12:46:09.489 E/QMI_FW  ( 1113): qmi_cci_get_ref: ref count increased 2
11-20 12:46:09.494 I/GnssNetworkConnectivityHandler( 1194): Network connection lost. Available networks count: 1
11-20 12:46:09.494 E/QMI_FW  ( 1113): qmi_cci_get_ref: ref count increased 2
11-20 12:46:09.494 I/GnssNetworkConnectivityHandler( 1194): updateNetworkState, state=CLOSED, connected=false, network=183, capabilities=[ Transports: WIFI Capabilities: NOT_METERED&INTERNET&NOT_RESTRICTED&TRUSTED&NOT_VPN&VALIDATED&NOT_ROAMING&FOREGROUND&NOT_CONGESTED&NOT_SUSPENDED LinkUpBandwidth>=67000Kbps LinkDnBandwidth>=67000Kbps SignalStrength: -37 OwnerUid: 1000 AdministratorUids: [] SSID: "MTBF_Lab" RequestorUid: -1 RequestorPackageName: null], apn: , availableNetworkCount: 1
11-20 12:46:09.497 W/LocSvc_LocIpc(  523): send:66] failed reason: No such file or directory
11-20 12:46:09.499 E/QMI_FW  ( 1113): qmi_cci_get_ref: ref count increased 2
11-20 12:46:09.502 I/chatty  ( 1113): uid=1001(radio) main identical 1 line
11-20 12:46:09.507 E/QMI_FW  ( 1113): qmi_cci_get_ref: ref count increased 2
11-20 12:46:09.508 D/QCNEJ/DefaultNetworkInfoRelay( 1900): Default network lost: 183
11-20 12:46:09.510 E/QMI_FW  ( 1113): qmi_cci_get_ref: ref count increased 2
11-20 12:46:09.511 I/chatty  ( 1113): uid=1001(radio) main identical 1 line
11-20 12:46:09.513 E/QMI_FW  ( 1113): qmi_cci_get_ref: ref count increased 2
11-20 12:46:09.515 D/QCNEJ/NativeHalConnector( 1900): -> SND notifyDefaultNetworkChanged(1)
11-20 12:46:09.515 D/QCNEJ/WlanStaInfoRelay( 1900): network lost: 183
11-20 12:46:09.518 D/QCNEJ/WlanStaInfoRelay( 1900): onLost: unbind the process to WIFI
11-20 12:46:09.520 I/Nat464Xlat( 1194): Android Xlat is disabled
11-20 12:46:09.522 D/DeviceAuthService(24214): Network lost
11-20 12:46:09.520 I/Nat464Xlat( 1194): Android Xlat is disabled
11-20 12:46:09.548 D/ConnectivityService( 1194): Sending DISCONNECTED broadcast for type 1 [183 WIFI] isDefaultNetwork=true
11-20 12:46:09.552 E/SelfCareDataCloudSyncWorker( 2351): Failed to get access token
11-20 12:46:09.552 E/SelfCareDataCloudSyncWorker( 2351): kotlinx.coroutines.JobCancellationException: Job was cancelled; job=JobImpl{Cancelling}@bd7b674
11-20 12:46:09.552 I/WM-WorkerWrapper( 2351): Work [ id=41176d4d-428f-4560-a8c8-961a1631ba8f, tags={ com.facebook.wearable.system.selfcare.cloudsync.SelfCareDataCloudSyncWorker } ] was cancelled
11-20 12:46:09.552 I/WM-WorkerWrapper( 2351): java.util.concurrent.CancellationException: Task was cancelled.
11-20 12:46:09.552 I/WM-WorkerWrapper( 2351): 	at androidx.work.impl.utils.futures.AbstractFuture.getDoneValue(:32)
11-20 12:46:09.552 I/WM-WorkerWrapper( 2351): 	at androidx.work.impl.utils.futures.AbstractFuture.get(:268435546)
11-20 12:46:09.552 I/WM-WorkerWrapper( 2351): 	at androidx.work.impl.WorkerWrapper$2.run(:3)
11-20 12:46:09.552 I/WM-WorkerWrapper( 2351): 	at androidx.work.impl.utils.SerialExecutor$Task.run(:2)
11-20 12:46:09.552 I/WM-WorkerWrapper( 2351): 	at java.util.concurrent.ThreadPoolExecutor.runWorker(ThreadPoolExecutor.java:1167)
11-20 12:46:09.552 I/WM-WorkerWrapper( 2351): 	at java.util.concurrent.ThreadPoolExecutor$Worker.run(ThreadPoolExecutor.java:641)
11-20 12:46:09.552 I/WM-WorkerWrapper( 2351): 	at java.lang.Thread.run(Thread.java:923)
11-20 12:46:09.566 D/DhcpClient( 1194): DHCP Packet Handler stopped
11-20 12:46:09.567 D/DhcpClient( 1194): onQuitting
11-20 12:46:09.578 D/ConnectivityService( 1194): NetReassign [8 : null  100, 20 : null  100, 46 : null  100, 45 : null  100, 1299 : null  100, 12 : null  100, 22 : null  100, 16 : null  100, 14 : null  100, 50 : null  100, 18 : null  100, 1222 : null  100, 11 : null  100, 1 : null  100, 17 : null  100]
11-20 12:46:09.582 E/NetlinkEvent(  459): NetlinkEvent::FindParam(): Parameter 'INTERFACE' not found
11-20 12:46:09.582 E/NetlinkEvent(  459): NetlinkEvent::FindParam(): Parameter 'STATE' not found
11-20 12:46:09.586 E/NetlinkEvent(  459): NetlinkEvent::FindParam(): Parameter 'TIME_NS' not found
11-20 12:46:09.586 E/NetlinkEvent(  459): NetlinkEvent::FindParam(): Parameter 'UID' not found
11-20 12:46:09.597 D/ConnectivityService( 1194): Switching to new default network: NetworkAgentInfo{ ni{[type: MOBILE[LTE], state: CONNECTED/CONNECTED, reason: (unspecified), extra: nxtgenphone, failover: false, available: true, roaming: false]}  network{100}  nethandle{432902426637}  lp{{InterfaceName: rmnet_data2 LinkAddresses: [ 10.129.103.196/29,2600:380:c119:24f:b89a:9f3c:46c1:95af/64 ] DnsAddresses: [ /172.26.38.1,/fc00:a:a::300 ] Domains: null MTU: 1430 TcpBufferSizes: 2097152,4194304,8388608,262144,524288,1048576 Routes: [ 0.0.0.0/0 -> 10.129.103.197 rmnet_data2 mtu 1430,::/0 -> fe80::b45f:41f1:1846:969d rmnet_data2 mtu 1430,10.129.103.192/29 -> 0.0.0.0 rmnet_data2 mtu 0,2600:380:c119:24f::/64 -> :: rmnet_data2 mtu 0 ]}}  nc{[ Transports: CELLULAR Capabilities: MMS&SUPL&FOTA&INTERNET&NOT_RESTRICTED&TRUSTED&NOT_VPN&VALIDATED&NOT_ROAMING&NOT_CONGESTED&NOT_SUSPENDED LinkUpBandwidth>=15000Kbps LinkDnBandwidth>=30000Kbps Specifier: <TelephonyNetworkSpecifier [mSubId = 1]> AdministratorUids: [] RequestorUid: -1 RequestorPackageName: null]}  Score{50}  everValidated{true}  lastValidated{true}  created{true} lingering{false} explicitlySelected{false} acceptUnvalidated{false} everCaptivePortalDetected{false} lastCaptivePortalDetected{false} partialConnectivity{false} acceptPartialConnectivity{false} clat{mBaseIface: null, mIface: null, mState: IDLE} }
11-20 12:46:09.602 D/WifiMemoryStoreImpl( 1194): Set cluster Gded792457511e862 for Wded792457511e862: SUCCESS
11-20 12:46:09.620 D/AnalyticsLogger( 1194): sent events: 12
11-20 12:46:09.650 E/WifiNative( 1194): Could not get Iface object for interface null
11-20 12:46:09.650 D/WifiNetworkAgent( 1194): NetworkAgent: NetworkAgent channel lost
11-20 12:46:09.699 E/WifiNative( 1194): Could not get Iface object for interface null
11-20 12:46:09.716 D/QCNEJ/DefaultNetworkInfoRelay( 1900): Default network available: 100
11-20 12:46:09.717 D/QCNEJ/NativeHalConnector( 1900): -> SND notifyDefaultNetworkChanged(0)
11-20 12:46:09.718 E/QMI_FW  (  927): qmi_cci_get_ref: ref count increased 2
11-20 12:46:09.719 E/QMI_FW  (  927): qmi_cci_get_ref: ref count increased 2
11-20 12:46:09.721 V/LigerRadioStatsReporter( 2384): onCapabilitiesChanged: Network capabilities changed
11-20 12:46:09.721 V/LigerRadioStatsReporter( 2384): reportAndCheckpointRadioStats
11-20 12:46:09.721 V/LigerRadioStatsReporter( 2384): +++++++++++ RADIO STATS DUMP +++++++++++
11-20 12:46:09.721 V/LigerRadioStatsReporter( 2384): totalActiveRadioTimeMs=0
11-20 12:46:09.721 V/LigerRadioStatsReporter( 2384): totalTailRadioTimeMs=13995
11-20 12:46:09.721 V/LigerRadioStatsReporter( 2384): totalWakeupCount=0
11-20 12:46:09.721 V/LigerRadioStatsReporter( 2384): httpUpBytes=0
11-20 12:46:09.721 V/LigerRadioStatsReporter( 2384): httpDownBytes=0
11-20 12:46:09.721 V/LigerRadioStatsReporter( 2384): httpWakeupCount=0
11-20 12:46:09.721 V/LigerRadioStatsReporter( 2384): httpRequestCount=0
11-20 12:46:09.721 V/LigerRadioStatsReporter( 2384): httpActiveRadioTimeMs=0
11-20 12:46:09.721 V/LigerRadioStatsReporter( 2384): httpTailRadioTimeMs=13995
11-20 12:46:09.722 V/LigerRadioStatsReporter( 2384): reportAndCheckpointRadioStats: Tx=0
11-20 12:46:09.722 V/LigerRadioStatsReporter( 2384): reportAndCheckpointRadioStats: Rx=0
11-20 12:46:09.722 V/LigerRadioStatsReporter( 2384): reportAndCheckpointRadioStats: Uids=10028
11-20 12:46:09.722 V/LigerRadioStatsReporter( 2384): reportAndCheckpointRadioStats: Tags=null
11-20 12:46:09.724 D/NetworkTimeUpdateService( 1194): New default network 100; checking time.
11-20 12:46:09.725 D/DeviceAuthService(24214): Network connected
11-20 12:46:09.725 D/DeviceAuthService(24214): fetchAuthTokenWrapper called
11-20 12:46:09.737 D/commandrouter( 1117): rtc_sync (1, rtc:sync): <ServiceRequest> FORWARDED (remote -> local) service client ID = 0, token ID = 40315
11-20 12:46:09.737 D/vendor.facebook.rtc_sync@1.0-service( 1129): Request req_ts=1637412369733718445 resp_ts=1637412369737197764
11-20 12:46:09.737 D/commandrouter( 1117): SocServiceHandle::onServiceMessage, SoC Service = rtc_sync, appType = 1, type = SVC_RESP, clientId = 0, token = 40315, payloadLen = 8, result = 0, payload.size() = 8
11-20 12:46:09.756 D/QCNEJ/WwanInfoRelay( 1900): onCapabilitiesChanged: 100 [ Transports: CELLULAR Capabilities: MMS&SUPL&FOTA&INTERNET&NOT_RESTRICTED&TRUSTED&NOT_VPN&VALIDATED&NOT_ROAMING&FOREGROUND&NOT_CONGESTED&NOT_SUSPENDED LinkUpBandwidth>=15000Kbps LinkDnBandwidth>=30000Kbps Specifier: <TelephonyNetworkSpecifier [mSubId = 1]> AdministratorUids: [] RequestorUid: -1 RequestorPackageName: null]
11-20 12:46:09.759 V/LigerRadioStatsReporter( 2384): onCapabilitiesChanged: Network capabilities changed
11-20 12:46:09.762 I/QCNEJ/WwanInfoRelay( 1900): cacheWwanInfo subId = 1 phoneId = 0 slotId = 0
11-20 12:46:09.770 D/DeviceAuthService(24214): isOculusAddressResolvable returned true
11-20 12:46:09.771 D/DeviceAuthenticator(24214): Fetching new credentials asynchronously
11-20 12:46:09.771 D/ConnectivityService( 1194): Sending CONNECTED broadcast for type 0 [100 CELLULAR] isDefaultNetwork=true
11-20 12:46:09.772 D/DeviceAuthenticator(24214): Calling DeviceAuth.authenticate()
11-20 12:46:09.780 D/CompatibilityInfo( 1194): mCompatibilityFlags - 4
11-20 12:46:09.780 D/CompatibilityInfo( 1194): applicationDensity - 320
11-20 12:46:09.780 D/CompatibilityInfo( 1194): applicationScale - 1.0
11-20 12:46:09.788 E/DeviceCertService(  541): This device *might* have a provisioning issue. Please run `maui provision check` to verify.
11-20 12:46:09.788 E/DeviceCertService(  541): See https://fburl.com/wiki/a9hho0p9 for more information.
11-20 12:46:09.790 E/DeviceCertService(  541): Could not access certificate file '/mnt/vendor/persist/certificates/device_identityinsecure.crt', error 2: No such file or directory
11-20 12:46:09.790 E/DeviceAuthenticator(24214): ERROR: java.lang.RuntimeException: devicecert returned error FILESYSTEM_ERROR
11-20 12:46:09.790 E/DeviceAuthenticator(24214): 
11-20 12:46:09.790 E/DeviceAuthenticator(24214): com.facebook.mos.sdk.devicecert.DeviceIdentityException: java.lang.RuntimeException: devicecert returned error FILESYSTEM_ERROR
11-20 12:46:09.790 E/DeviceAuthenticator(24214): 
11-20 12:46:09.888 D/SettingsSDK::SyncHelper( 2351): Read setting com.facebook.wearable.sdk.selfcare:SELFCARE_SERVICE_ENABLED from persistent cache
11-20 12:46:09.888 D/FacebookRepository( 2351): Reading from Store [906581286488774]
