11-21 03:36:10.008 W/ContextImpl( 1194): Calling a method in the system process without a qualified user: android.app.ContextImpl.sendBroadcastMultiplePermissions:1143 android.content.Context.sendBroadcastWithMultiplePermissions:2150 com.android.server.wifi.p2p.WifiP2pServiceImpl$P2pStateMachine.sendBroadcastMultiplePermissions:3209 com.android.server.wifi.p2p.WifiP2pServiceImpl$P2pStateMachine.sendP2pConnectionChangedBroadcast:3236 com.android.server.wifi.p2p.WifiP2pServiceImpl$P2pStateMachine.access$5100:768 
11-21 03:36:10.010 W/BroadcastQueue( 1194): Permission Denial: receiving Intent { act=android.net.wifi.p2p.CONNECTION_STATE_CHANGE flg=0x24000010 (has extras) } to ProcessRecord{ba73 1900:.qtidataservices/u0a89} (pid=1900, uid=10089) requires android.permission.ACCESS_FINE_LOCATION due to sender android (uid 1000)
11-21 03:36:10.021 W/wificond(  906): Scan is not started. Ignore abort request
11-21 03:36:10.120 W/ContextImpl( 1194): Calling a method in the system process without a qualified user: android.app.ContextImpl.sendBroadcastMultiplePermissions:1143 android.content.Context.sendBroadcastWithMultiplePermissions:2150 com.android.server.wifi.p2p.WifiP2pServiceImpl$P2pStateMachine.sendBroadcastMultiplePermissions:3209 com.android.server.wifi.p2p.WifiP2pServiceImpl$P2pStateMachine.sendThisDeviceChangedBroadcast:3218 com.android.server.wifi.p2p.WifiP2pServiceImpl$P2pStateMachine.updateThisDevice:3962 
11-21 03:36:10.476 D/ConnectivityService( 1194): registerNetworkAgent NetworkAgentInfo{ ni{[type: WIFI[], state: UNKNOWN/IDLE, reason: (unspecified), extra: , failover: false, available: true, roaming: false]}  network{219}  nethandle{944003534861}  lp{{InterfaceName: wlan0 LinkAddresses: [ ] DnsAddresses: [ ] Domains: null MTU: 0 Routes: [ ]}}  nc{[ Transports: WIFI Capabilities: NOT_METERED&INTERNET&NOT_RESTRICTED&TRUSTED&NOT_VPN&NOT_ROAMING&FOREGROUND&NOT_CONGESTED&NOT_SUSPENDED LinkUpBandwidth>=72000Kbps LinkDnBandwidth>=72000Kbps OwnerUid: 1000 SSID: "MTBF_Lab" RequestorUid: -1 RequestorPackageName: null]}  Score{20}  everValidated{false}  lastValidated{false}  created{false} lingering{false} explicitlySelected{false} acceptUnvalidated{false} everCaptivePortalDetected{false} lastCaptivePortalDetected{false} partialConnectivity{false} acceptPartialConnectivity{false} clat{mBaseIface: null, mIface: null, mState: IDLE} }
11-21 03:36:10.495 D/ConnectivityService( 1194): [219 WIFI] EVENT_NETWORK_INFO_CHANGED, going from UNKNOWN to UNKNOWN
11-21 03:36:10.611 D/ConnectivityService( 1194): NetReassign [no changes]
11-21 03:36:10.642 I/Nat464Xlat( 1194): Android Xlat is disabled
11-21 03:36:10.642 I/Nat464Xlat( 1194): Android Xlat is disabled
11-21 03:36:10.761 E/ConnectivityService( 1194): Exception in networkAddRouteParcel for non-gateway: android.os.ServiceSpecificException: Machine is not on the network (code 64)
11-21 03:36:10.763 E/ConnectivityService( 1194): Exception in networkAddRouteParcel for gateway: android.os.ServiceSpecificException: Machine is not on the network (code 64)
11-21 03:36:10.763 I/Nat464Xlat( 1194): Android Xlat is disabled
11-21 03:36:10.763 I/Nat464Xlat( 1194): Android Xlat is disabled
11-21 03:36:10.905 D/ConnectivityService( 1194): Setting DNS servers for network 219 to [/192.168.1.1]
11-21 03:36:10.911 I/Nat464Xlat( 1194): Android Xlat is disabled
11-21 03:36:10.911 I/Nat464Xlat( 1194): Android Xlat is disabled
11-21 03:36:10.994 D/ConnectivityService( 1194): [219 WIFI] EVENT_NETWORK_INFO_CHANGED, going from UNKNOWN to CONNECTED
11-21 03:36:10.997 D/DnsManager( 1194): sendDnsConfigurationForNetwork(219, [192.168.1.1], [], 1800, 25, 8, 64, 0, 0, , [])
11-21 03:36:11.000 W/DnsManager( 1194): updatePrivateDns(219, PrivateDnsConfig{true:/[]})
11-21 03:36:11.000 D/ConnectivityService( 1194): Setting DNS servers for network 219 to [/192.168.1.1]
11-21 03:36:11.001 D/DnsManager( 1194): sendDnsConfigurationForNetwork(219, [192.168.1.1], [], 1800, 25, 8, 64, 0, 0, , [192.168.1.1])
11-21 03:36:11.003 D/ConnectivityService( 1194): Adding iface wlan0 to network 219
11-21 03:36:11.021 D/ConnectivityService( 1194): Setting DNS servers for network 219 to [/192.168.1.1]
11-21 03:36:11.022 D/DnsManager( 1194): sendDnsConfigurationForNetwork(219, [192.168.1.1], [], 1800, 25, 8, 64, 0, 0, , [192.168.1.1])
11-21 03:36:11.024 I/Nat464Xlat( 1194): Android Xlat is disabled
11-21 03:36:11.024 I/Nat464Xlat( 1194): Android Xlat is disabled
11-21 03:36:11.105 D/ConnectivityService( 1194): NetReassign [no changes]
11-21 03:36:11.290 D/ConnectivityService( 1194): [219 WIFI] validation passed
11-21 03:36:11.291 D/ConnectivityService( 1194): NetReassign [8 : 100 → 219, 20 : 100 → 219, 46 : 100 → 219, 2784 : 100 → 219, 12 : 100 → 219, 22 : 100 → 219, 16 : 100 → 219, 1990 : 100 → 219, 14 : 100 → 219, 50 : 100 → 219, 18 : 100 → 219, 11 : 100 → 219, 2773 : 100 → 219, 1 : 100 → 219, 17 : 100 → 219]
11-21 03:36:11.297 E/NetlinkEvent(  459): NetlinkEvent::FindParam(): Parameter 'INTERFACE' not found
11-21 03:36:11.298 E/NetlinkEvent(  459): NetlinkEvent::FindParam(): Parameter 'STATE' not found
11-21 03:36:11.298 E/NetlinkEvent(  459): NetlinkEvent::FindParam(): Parameter 'TIME_NS' not found
11-21 03:36:11.298 E/NetlinkEvent(  459): NetlinkEvent::FindParam(): Parameter 'UID' not found
11-21 03:36:11.318 D/ConnectivityService( 1194): Switching to new default network: NetworkAgentInfo{ ni{[type: WIFI[], state: CONNECTED/CONNECTED, reason: (unspecified), extra: , failover: false, available: true, roaming: false]}  network{219}  nethandle{944003534861}  lp{{InterfaceName: wlan0 LinkAddresses: [ 192.168.1.39/24 ] DnsAddresses: [ /192.168.1.1 ] Domains: null MTU: 0 ServerAddress: /192.168.1.1 TcpBufferSizes: 524288,1048576,2097152,262144,524288,1048576 Routes: [ fe80::/64 -> :: wlan0 mtu 0,192.168.1.0/24 -> 0.0.0.0 wlan0 mtu 0,0.0.0.0/0 -> 192.168.1.1 wlan0 mtu 0 ]}}  nc{[ Transports: WIFI Capabilities: NOT_METERED&INTERNET&NOT_RESTRICTED&TRUSTED&NOT_VPN&VALIDATED&NOT_ROAMING&FOREGROUND&NOT_CONGESTED&NOT_SUSPENDED LinkUpBandwidth>=67000Kbps LinkDnBandwidth>=67000Kbps SignalStrength: -38 OwnerUid: 1000 SSID: "MTBF_Lab" RequestorUid: -1 RequestorPackageName: null]}  Score{60}  everValidated{true}  lastValidated{true}  created{true} lingering{false} explicitlySelected{false} acceptUnvalidated{false} everCaptivePortalDetected{false} lastCaptivePortalDetected{false} partialConnectivity{false} acceptPartialConnectivity{false} clat{mBaseIface: null, mIface: null, mState: IDLE} }
11-21 03:36:11.437 W/SimpleTimeDetectorStrategy( 1194): Existing suggestion found to be invalid  elapsedRealtimeMillis=128915597, timeSuggestion=TelephonyTimeSuggestion{mSlotIndex='0', mUtcTime=TimestampedValue{mReferenceTimeMillis=2542243, mValue=1637368197000}, mDebugInfo=[Sending new time suggestion nitzSignal=TimestampedValue{mReferenceTimeMillis=2542243, mValue=NitzData{mOriginalString=21/11/20,00:29:57-32,00, mZoneOffset=-28800000, mDstOffset=0, mCurrentTimeMillis=1637368197000, mEmulatorHostTimeZone=null}}, reason=handleNitzReceived(TimestampedValue{mReferenceTimeMillis=2542243, mValue=NitzData{mOriginalString=21/11/20,00:29:57-32,00, mZoneOffset=-28800000, mDstOffset=0, mCurrentTimeMillis=1637368197000, mEmulatorHostTimeZone=null}})]}
11-21 03:36:11.438 D/ConnectivityService( 1194): Lingering [100 CELLULAR] for 30000ms
11-21 03:36:11.440 D/ConnectivityService( 1194): Sending DISCONNECTED broadcast for type 0 [100 CELLULAR] isDefaultNetwork=true
11-21 03:36:11.442 D/ConnectivityService( 1194): Sending CONNECTED broadcast for type 1 [219 WIFI] isDefaultNetwork=true
11-21 03:36:11.462 D/ConnectivityService( 1194): Setting DNS servers for network 219 to [/192.168.1.1]
11-21 03:36:11.463 D/DnsManager( 1194): sendDnsConfigurationForNetwork(219, [192.168.1.1], [], 1800, 25, 8, 64, 0, 0, , [192.168.1.1])
11-21 03:36:12.005 I/Nat464Xlat( 1194): Android Xlat is disabled
11-21 03:36:12.005 I/Nat464Xlat( 1194): Android Xlat is disabled
11-21 03:36:13.161 D/commandrouter( 1117): rtc_sync (1, rtc:sync): <ServiceRequest> FORWARDED (remote -> local) service client ID = 0, token ID = 45655
11-21 03:36:13.162 D/commandrouter( 1117): SocServiceHandle::onServiceMessage, SoC Service = rtc_sync, appType = 1, type = SVC_RESP, clientId = 0, token = 45655, payloadLen = 8, result = 0, payload.size() = 8
11-21 03:36:17.091 D/commandrouter( 1117): SocServiceHandle::onServiceMessage, SoC Service = mcu_healthcheck_1118, appType = 1, type = SVC_REQ, clientId = 0, token = 4295, payloadLen = 12, result = 0, payload.size() = 12
11-21 03:36:17.096 D/commandrouter( 1117): mcu_healthcheck_1118 (1, merlot:mcu_health:control): <ServiceResponse> FORWARDED (remote -> local) CR token ID = 4295, service client ID = 40, token ID = 10684, result = 0
11-21 03:36:17.097 D/mculinkhealth( 1118): isMcuReachable 1 (6 ms)
11-21 03:36:20.275 D/commandrouter( 1117): SocServiceHandle::onServiceMessage, SoC Service = mcu_healthcheck_946, appType = 1, type = SVC_REQ, clientId = 0, token = 2147, payloadLen = 20, result = 0, payload.size() = 20
11-21 03:36:20.279 D/commandrouter( 1117): mcu_healthcheck_946 (1, merlot:mcu_health:control): <ServiceResponse> FORWARDED (remote -> local) CR token ID = 2147, service client ID = 6, token ID = 10685, result = 0
11-21 03:36:23.154 D/commandrouter( 1117): rtc_sync (1, rtc:sync): <ServiceRequest> FORWARDED (remote -> local) service client ID = 0, token ID = 45656
11-21 03:36:23.155 D/commandrouter( 1117): SocServiceHandle::onServiceMessage, SoC Service = rtc_sync, appType = 1, type = SVC_RESP, clientId = 0, token = 45656, payloadLen = 8, result = 0, payload.size() = 8
11-21 03:36:30.393 D/AutofillManagerService( 1194): onBackKeyPressed()
11-21 03:36:31.447 I/chatty  ( 1194): uid=1000(system) android.ui identical 2 lines
11-21 03:36:32.630 D/AutofillManagerService( 1194): onBackKeyPressed()
11-21 03:36:33.145 D/commandrouter( 1117): rtc_sync (1, rtc:sync): <ServiceRequest> FORWARDED (remote -> local) service client ID = 0, token ID = 45657
11-21 03:36:33.145 D/commandrouter( 1117): SocServiceHandle::onServiceMessage, SoC Service = rtc_sync, appType = 1, type = SVC_RESP, clientId = 0, token = 45657, payloadLen = 8, result = 0, payload.size() = 8
11-21 03:36:33.175 W/ActivityManager( 1194): Invalid packageName: com.facebook.wearable.system.settings/com.facebook.wearable.system.settings.SettingsActivity
11-21 03:36:33.310 I/ActivityTaskManager( 1194): START u0 {flg=0x10000000 cmp=com.facebook.wearable.system.settings/.SettingsActivity} from uid 0
11-21 03:36:33.327 I/ActivityTaskManager( 1194): The Process com.facebook.wearable.system.settings Already Exists in BG. So sending its PID: 7907
11-21 03:36:33.328 W/ActivityTaskManager( 1194): Tried to set launchTime (0) < mLastActivityLaunchTime (128906515)
11-21 03:36:36.057 E/TaskPersister( 1194): File error accessing recents directory (directory doesn't exist?).
11-21 03:36:40.926 W/ContextImpl( 1194): Calling a method in the system process without a qualified user: android.app.ContextImpl.sendBroadcastMultiplePermissions:1143 android.content.Context.sendBroadcastWithMultiplePermissions:2150 com.android.server.display.WifiDisplayAdapter.handleSendStatusChangeBroadcast:440 com.android.server.display.WifiDisplayAdapter.access$1700:63 com.android.server.display.WifiDisplayAdapter$WifiDisplayHandler.handleMessage:675 
11-21 03:36:41.290 D/ConnectivityService( 1194): handleLingerComplete for [100 CELLULAR]
11-21 03:36:41.393 I/wificond(  906): Fail RSSI polling because wifi is not associated.
11-21 03:36:41.433 D/ConnectivityService( 1194): [219 WIFI] EVENT_NETWORK_INFO_CHANGED, going from CONNECTED to DISCONNECTED
11-21 03:36:41.434 D/ConnectivityService( 1194): [219 WIFI] disconnected, was satisfying 26
11-21 03:36:41.532 I/Nat464Xlat( 1194): Android Xlat is disabled
11-21 03:36:41.532 I/Nat464Xlat( 1194): Android Xlat is disabled
11-21 03:36:41.554 D/ConnectivityService( 1194): Sending DISCONNECTED broadcast for type 1 [219 WIFI] isDefaultNetwork=true
11-21 03:36:41.556 D/ConnectivityService( 1194): NetReassign [8 : null → 100, 20 : null → 100, 46 : null → 100, 2784 : null → 100, 12 : null → 100, 22 : null → 100, 16 : null → 100, 1990 : null → 100, 14 : null → 100, 50 : null → 100, 18 : null → 100, 11 : null → 100, 2773 : null → 100, 1 : null → 100, 17 : null → 100]
11-21 03:36:41.580 E/NetlinkEvent(  459): NetlinkEvent::FindParam(): Parameter 'INTERFACE' not found
11-21 03:36:41.580 E/NetlinkEvent(  459): NetlinkEvent::FindParam(): Parameter 'STATE' not found
11-21 03:36:41.580 E/NetlinkEvent(  459): NetlinkEvent::FindParam(): Parameter 'TIME_NS' not found
11-21 03:36:41.580 E/NetlinkEvent(  459): NetlinkEvent::FindParam(): Parameter 'UID' not found
11-21 03:36:41.600 D/ConnectivityService( 1194): Switching to new default network: NetworkAgentInfo{ ni{[type: MOBILE[LTE], state: CONNECTED/CONNECTED, reason: (unspecified), extra: nxtgenphone, failover: false, available: true, roaming: false]}  network{100}  nethandle{432902426637}  lp{{InterfaceName: rmnet_data2 LinkAddresses: [ 10.129.103.196/29,2600:380:c119:24f:b89a:9f3c:46c1:95af/64 ] DnsAddresses: [ /172.26.38.1,/fc00:a:a::300 ] Domains: null MTU: 1430 TcpBufferSizes: 2097152,4194304,8388608,262144,524288,1048576 Routes: [ 0.0.0.0/0 -> 10.129.103.197 rmnet_data2 mtu 1430,::/0 -> fe80::b45f:41f1:1846:969d rmnet_data2 mtu 1430,10.129.103.192/29 -> 0.0.0.0 rmnet_data2 mtu 0,2600:380:c119:24f::/64 -> :: rmnet_data2 mtu 0 ]}}  nc{[ Transports: CELLULAR Capabilities: MMS&SUPL&FOTA&INTERNET&NOT_RESTRICTED&TRUSTED&NOT_VPN&VALIDATED&NOT_ROAMING&NOT_CONGESTED&NOT_SUSPENDED LinkUpBandwidth>=15000Kbps LinkDnBandwidth>=30000Kbps Specifier: <TelephonyNetworkSpecifier [mSubId = 1]> AdministratorUids: [] RequestorUid: -1 RequestorPackageName: null]}  Score{50}  everValidated{true}  lastValidated{true}  created{true} lingering{false} explicitlySelected{false} acceptUnvalidated{false} everCaptivePortalDetected{false} lastCaptivePortalDetected{false} partialConnectivity{false} acceptPartialConnectivity{false} clat{mBaseIface: null, mIface: null, mState: IDLE} }
11-21 03:36:41.757 D/ConnectivityService( 1194): Sending CONNECTED broadcast for type 0 [100 CELLULAR] isDefaultNetwork=true
11-21 03:36:41.845 W/SimpleTimeDetectorStrategy( 1194): Existing suggestion found to be invalid  elapsedRealtimeMillis=128946006, timeSuggestion=TelephonyTimeSuggestion{mSlotIndex='0', mUtcTime=TimestampedValue{mReferenceTimeMillis=2542243, mValue=1637368197000}, mDebugInfo=[Sending new time suggestion nitzSignal=TimestampedValue{mReferenceTimeMillis=2542243, mValue=NitzData{mOriginalString=21/11/20,00:29:57-32,00, mZoneOffset=-28800000, mDstOffset=0, mCurrentTimeMillis=1637368197000, mEmulatorHostTimeZone=null}}, reason=handleNitzReceived(TimestampedValue{mReferenceTimeMillis=2542243, mValue=NitzData{mOriginalString=21/11/20,00:29:57-32,00, mZoneOffset=-28800000, mDstOffset=0, mCurrentTimeMillis=1637368197000, mEmulatorHostTimeZone=null}})]}
11-21 03:36:43.141 D/commandrouter( 1117): rtc_sync (1, rtc:sync): <ServiceRequest> FORWARDED (remote -> local) service client ID = 0, token ID = 45658
11-21 03:36:43.142 D/commandrouter( 1117): SocServiceHandle::onServiceMessage, SoC Service = rtc_sync, appType = 1, type = SVC_RESP, clientId = 0, token = 45658, payloadLen = 8, result = 0, payload.size() = 8
11-21 03:36:45.681 D/AutofillManagerService( 1194): onBackKeyPressed()
11-21 03:36:46.207 I/chatty  ( 1194): uid=1000(system) android.ui identical 1 line
11-21 03:36:46.733 D/AutofillManagerService( 1194): onBackKeyPressed()
11-21 03:36:47.097 D/commandrouter( 1117): SocServiceHandle::onServiceMessage, SoC Service = mcu_healthcheck_1118, appType = 1, type = SVC_REQ, clientId = 0, token = 4296, payloadLen = 12, result = 0, payload.size() = 12
11-21 03:36:47.101 D/commandrouter( 1117): mcu_healthcheck_1118 (1, merlot:mcu_health:control): <ServiceResponse> FORWARDED (remote -> local) CR token ID = 4296, service client ID = 40, token ID = 10686, result = 0
11-21 03:36:47.102 D/mculinkhealth( 1118): isMcuReachable 1 (4 ms)
11-21 03:36:47.946 D/AutofillManagerService( 1194): onBackKeyPressed()
11-21 03:36:48.621 I/chatty  ( 1194): uid=1000(system) android.ui identical 1 line
11-21 03:36:49.635 D/AutofillManagerService( 1194): onBackKeyPressed()
11-21 03:36:50.234 E/TaskPersister( 1194): File error accessing recents directory (directory doesn't exist?).
11-21 03:36:50.630 D/AutofillManagerService( 1194): onBackKeyPressed()
11-21 03:36:51.627 D/AutofillManagerService( 1194): onBackKeyPressed()
11-21 03:36:52.181 W/ActivityManager( 1194): Invalid packageName: com.facebook.wearable.system.settings/com.facebook.wearable.system.settings.SettingsActivity
11-21 03:36:52.321 I/ActivityTaskManager( 1194): START u0 {flg=0x10000000 cmp=com.facebook.wearable.system.settings/.SettingsActivity} from uid 0
11-21 03:36:52.340 I/ActivityTaskManager( 1194): The Process com.facebook.wearable.system.settings Already Exists in BG. So sending its PID: 7907
11-21 03:36:52.341 W/ActivityTaskManager( 1194): Tried to set launchTime (0) < mLastActivityLaunchTime (128937490)
11-21 03:36:53.136 D/commandrouter( 1117): rtc_sync (1, rtc:sync): <ServiceRequest> FORWARDED (remote -> local) service client ID = 0, token ID = 45659
11-21 03:36:53.137 D/commandrouter( 1117): SocServiceHandle::onServiceMessage, SoC Service = rtc_sync, appType = 1, type = SVC_RESP, clientId = 0, token = 45659, payloadLen = 8, result = 0, payload.size() = 8
11-21 03:36:54.861 D/AppStorageManager( 1194): BEFORE:: Previous Size: 746651648 Current Size: 746835968
11-21 03:36:54.862 D/AppStorageManager( 1194): AFTER:: Previous Size: 746835968 Current Size: 746835968
11-21 03:36:55.947 D/AnalyticsLogger( 1194): sent events: 12
11-21 03:36:55.965 E/TaskPersister( 1194): File error accessing recents directory (directory doesn't exist?).
11-21 03:36:58.933 W/ContextImpl( 1194): Calling a method in the system process without a qualified user: android.app.ContextImpl.sendBroadcastMultiplePermissions:1143 android.content.Context.sendBroadcastWithMultiplePermissions:2150 com.android.server.display.WifiDisplayAdapter.handleSendStatusChangeBroadcast:440 com.android.server.display.WifiDisplayAdapter.access$1700:63 com.android.server.display.WifiDisplayAdapter$WifiDisplayHandler.handleMessage:675 
11-21 03:36:59.956 W/ContextImpl( 1194): Calling a method in the system process without a qualified user: android.app.ContextImpl.sendBroadcastMultiplePermissions:1143 android.content.Context.sendBroadcastWithMultiplePermissions:2150 com.android.server.wifi.p2p.WifiP2pServiceImpl$P2pStateMachine.sendBroadcastMultiplePermissions:3209 com.android.server.wifi.p2p.WifiP2pServiceImpl$P2pStateMachine.sendP2pConnectionChangedBroadcast:3236 com.android.server.wifi.p2p.WifiP2pServiceImpl$P2pStateMachine.access$5100:768 
11-21 03:36:59.958 W/BroadcastQueue( 1194): Permission Denial: receiving Intent { act=android.net.wifi.p2p.CONNECTION_STATE_CHANGE flg=0x24000010 (has extras) } to ProcessRecord{ba73 1900:.qtidataservices/u0a89} (pid=1900, uid=10089) requires android.permission.ACCESS_FINE_LOCATION due to sender android (uid 1000)
11-21 03:36:59.962 W/ContextImpl( 1194): Calling a method in the system process without a qualified user: android.app.ContextImpl.sendBroadcastMultiplePermissions:1143 android.content.Context.sendBroadcastWithMultiplePermissions:2150 com.android.server.wifi.p2p.WifiP2pServiceImpl$P2pStateMachine.sendBroadcastMultiplePermissions:3209 com.android.server.wifi.p2p.WifiP2pServiceImpl$P2pStateMachine.sendThisDeviceChangedBroadcast:3218 com.android.server.wifi.p2p.WifiP2pServiceImpl$P2pStateMachine.updateThisDevice:3962 
11-21 03:36:59.978 W/wificond(  906): Scan is not started. Ignore abort request
11-21 03:37:00.420 D/ConnectivityService( 1194): registerNetworkAgent NetworkAgentInfo{ ni{[type: WIFI[], state: UNKNOWN/IDLE, reason: (unspecified), extra: , failover: false, available: true, roaming: false]}  network{220}  nethandle{948298502157}  lp{{InterfaceName: wlan0 LinkAddresses: [ ] DnsAddresses: [ ] Domains: null MTU: 0 Routes: [ ]}}  nc{[ Transports: WIFI Capabilities: NOT_METERED&INTERNET&NOT_RESTRICTED&TRUSTED&NOT_VPN&NOT_ROAMING&FOREGROUND&NOT_CONGESTED&NOT_SUSPENDED LinkUpBandwidth>=72000Kbps LinkDnBandwidth>=72000Kbps OwnerUid: 1000 SSID: "MTBF_Lab" RequestorUid: -1 RequestorPackageName: null]}  Score{20}  everValidated{false}  lastValidated{false}  created{false} lingering{false} explicitlySelected{false} acceptUnvalidated{false} everCaptivePortalDetected{false} lastCaptivePortalDetected{false} partialConnectivity{false} acceptPartialConnectivity{false} clat{mBaseIface: null, mIface: null, mState: IDLE} }
11-21 03:37:00.440 D/ConnectivityService( 1194): [220 WIFI] EVENT_NETWORK_INFO_CHANGED, going from UNKNOWN to UNKNOWN
11-21 03:37:00.578 D/ConnectivityService( 1194): NetReassign [no changes]
11-21 03:37:00.626 I/Nat464Xlat( 1194): Android Xlat is disabled
11-21 03:37:00.626 I/Nat464Xlat( 1194): Android Xlat is disabled
11-21 03:37:00.731 E/ConnectivityService( 1194): Exception in networkAddRouteParcel for non-gateway: android.os.ServiceSpecificException: Machine is not on the network (code 64)
11-21 03:37:00.732 E/ConnectivityService( 1194): Exception in networkAddRouteParcel for gateway: android.os.ServiceSpecificException: Machine is not on the network (code 64)
11-21 03:37:00.733 I/Nat464Xlat( 1194): Android Xlat is disabled
11-21 03:37:00.733 I/Nat464Xlat( 1194): Android Xlat is disabled
11-21 03:37:00.882 D/ConnectivityService( 1194): Setting DNS servers for network 220 to [/192.168.1.1]
11-21 03:37:00.904 I/Nat464Xlat( 1194): Android Xlat is disabled
11-21 03:37:00.904 I/Nat464Xlat( 1194): Android Xlat is disabled
11-21 03:37:01.009 D/ConnectivityService( 1194): [220 WIFI] EVENT_NETWORK_INFO_CHANGED, going from UNKNOWN to CONNECTED
11-21 03:37:01.026 D/DnsManager( 1194): sendDnsConfigurationForNetwork(220, [192.168.1.1], [], 1800, 25, 8, 64, 0, 0, , [])
11-21 03:37:01.037 W/DnsManager( 1194): updatePrivateDns(220, PrivateDnsConfig{true:/[]})
11-21 03:37:01.037 D/ConnectivityService( 1194): Setting DNS servers for network 220 to [/192.168.1.1]
11-21 03:37:01.037 D/DnsManager( 1194): sendDnsConfigurationForNetwork(220, [192.168.1.1], [], 1800, 25, 8, 64, 0, 0, , [192.168.1.1])
11-21 03:37:01.040 D/ConnectivityService( 1194): Adding iface wlan0 to network 220
--------- beginning of main
11-21 03:37:01.044 W/resolv  (  459): Validating DnsTlsServer on netId 220
11-21 03:37:01.046 W/resolv  (  459): Validation failed
11-21 03:37:01.062 D/ConnectivityService( 1194): Setting DNS servers for network 220 to [/192.168.1.1]
11-21 03:37:01.063 D/DnsManager( 1194): sendDnsConfigurationForNetwork(220, [192.168.1.1], [], 1800, 25, 8, 64, 0, 0, , [192.168.1.1])
11-21 03:37:01.063 W/resolv  (  459): Validating DnsTlsServer on netId 220
11-21 03:37:01.065 I/Nat464Xlat( 1194): Android Xlat is disabled
11-21 03:37:01.072 W/resolv  (  459): SSL_connect ssl error =5, mark 0xf00dc: Connection refused
11-21 03:37:01.073 W/resolv  (  459): Validation failed
11-21 03:37:01.065 I/Nat464Xlat( 1194): Android Xlat is disabled
11-21 03:37:01.120 D/ConnectivityService( 1194): NetReassign [no changes]
11-21 03:37:01.120 I/chatty  ( 1194): uid=1000(system) WifiHandlerThre expire 18 lines
11-21 03:37:01.131 D/QCNEJ/WlanStaInfoRelay( 1900): network available: 220
11-21 03:37:01.139 D/QCNEJ/NativeHalConnector( 1900): -> SND notifyWifiAvailable(v4Connected = truev6Connected = , false, isAndroidValidated = false)
11-21 03:37:01.154 D/QCNEJ/NativeHalConnector( 1900): -> SND notifyWifiAvailable(v4Connected = truev6Connected = , false, isAndroidValidated = false)
11-21 03:37:01.220 I/chatty  ( 1194): uid=1000 system_server expire 3 lines
11-21 03:37:01.234 I/chatty  ( 1194): uid=1000 system_server expire 2 lines
11-21 03:37:01.305 I/chatty  ( 1194): uid=1000 system_server expire 1 line
11-21 03:37:01.306 D/ConnectivityService( 1194): [220 WIFI] validation passed
11-21 03:37:01.307 D/ConnectivityService( 1194): NetReassign [8 : 100 → 220, 20 : 100 → 220, 46 : 100 → 220, 2784 : 100 → 220, 12 : 100 → 220, 22 : 100 → 220, 16 : 100 → 220, 1990 : 100 → 220, 14 : 100 → 220, 50 : 100 → 220, 18 : 100 → 220, 11 : 100 → 220, 2773 : 100 → 220, 1 : 100 → 220, 17 : 100 → 220]
11-21 03:37:01.312 E/NetlinkEvent(  459): NetlinkEvent::FindParam(): Parameter 'INTERFACE' not found
11-21 03:37:01.312 E/NetlinkEvent(  459): NetlinkEvent::FindParam(): Parameter 'STATE' not found
11-21 03:37:01.312 E/NetlinkEvent(  459): NetlinkEvent::FindParam(): Parameter 'TIME_NS' not found
11-21 03:37:01.312 E/NetlinkEvent(  459): NetlinkEvent::FindParam(): Parameter 'UID' not found
11-21 03:37:01.345 D/ConnectivityService( 1194): Switching to new default network: NetworkAgentInfo{ ni{[type: WIFI[], state: CONNECTED/CONNECTED, reason: (unspecified), extra: , failover: false, available: true, roaming: false]}  network{220}  nethandle{948298502157}  lp{{InterfaceName: wlan0 LinkAddresses: [ 192.168.1.39/24 ] DnsAddresses: [ /192.168.1.1 ] Domains: null MTU: 0 ServerAddress: /192.168.1.1 TcpBufferSizes: 524288,1048576,2097152,262144,524288,1048576 Routes: [ fe80::/64 -> :: wlan0 mtu 0,192.168.1.0/24 -> 0.0.0.0 wlan0 mtu 0,0.0.0.0/0 -> 192.168.1.1 wlan0 mtu 0 ]}}  nc{[ Transports: WIFI Capabilities: NOT_METERED&INTERNET&NOT_RESTRICTED&TRUSTED&NOT_VPN&VALIDATED&NOT_ROAMING&FOREGROUND&NOT_CONGESTED&NOT_SUSPENDED LinkUpBandwidth>=67000Kbps LinkDnBandwidth>=67000Kbps SignalStrength: -37 OwnerUid: 1000 SSID: "MTBF_Lab" RequestorUid: -1 RequestorPackageName: null]}  Score{60}  everValidated{true}  lastValidated{true}  created{true} lingering{false} explicitlySelected{false} acceptUnvalidated{false} everCaptivePortalDetected{false} lastCaptivePortalDetected{false} partialConnectivity{false} acceptPartialConnectivity{false} clat{mBaseIface: null, mIface: null, mState: IDLE} }
11-21 03:37:01.418 I/chatty  ( 1194): uid=1000(system) HeapTaskDaemon expire 1 line
11-21 03:37:01.455 D/QCNEJ/DefaultNetworkInfoRelay( 1900): Default network available: 220
11-21 03:37:01.456 D/QCNEJ/NativeHalConnector( 1900): -> SND notifyDefaultNetworkChanged(1)
11-21 03:37:01.460 V/LigerRadioStatsReporter( 2384): onCapabilitiesChanged: Network capabilities changed
11-21 03:37:01.464 I/chatty  ( 1194): uid=1000(system) NetworkTimeUpda expire 1 line
11-21 03:37:01.467 D/DeviceAuthService( 3525): Network connected
11-21 03:37:01.467 D/DeviceAuthService( 3525): fetchAuthTokenWrapper called
11-21 03:37:01.471 W/SimpleTimeDetectorStrategy( 1194): Existing suggestion found to be invalid  elapsedRealtimeMillis=128965631, timeSuggestion=TelephonyTimeSuggestion{mSlotIndex='0', mUtcTime=TimestampedValue{mReferenceTimeMillis=2542243, mValue=1637368197000}, mDebugInfo=[Sending new time suggestion nitzSignal=TimestampedValue{mReferenceTimeMillis=2542243, mValue=NitzData{mOriginalString=21/11/20,00:29:57-32,00, mZoneOffset=-28800000, mDstOffset=0, mCurrentTimeMillis=1637368197000, mEmulatorHostTimeZone=null}}, reason=handleNitzReceived(TimestampedValue{mReferenceTimeMillis=2542243, mValue=NitzData{mOriginalString=21/11/20,00:29:57-32,00, mZoneOffset=-28800000, mDstOffset=0, mCurrentTimeMillis=1637368197000, mEmulatorHostTimeZone=null}})]}
11-21 03:37:01.471 D/ConnectivityService( 1194): Lingering [100 CELLULAR] for 30000ms
11-21 03:37:01.473 D/ConnectivityService( 1194): Sending DISCONNECTED broadcast for type 0 [100 CELLULAR] isDefaultNetwork=true
11-21 03:37:01.474 D/ConnectivityService( 1194): Sending CONNECTED broadcast for type 1 [220 WIFI] isDefaultNetwork=true
11-21 03:37:01.477 I/chatty  ( 1194): uid=1000(system) android.fg expire 1 line
11-21 03:37:01.479 I/chatty  (  523): uid=1021(gps) Loc_hal_worker expire 1 line
11-21 03:37:01.487 E/QMI_FW  (  927): qmi_cci_get_ref: ref count increased 2
11-21 03:37:01.488 E/QMI_FW  (  927): qmi_cci_get_ref: ref count increased 2
11-21 03:37:01.491 I/chatty  ( 1026): uid=1021(gps) LocApiMsgTask expire 2 lines
11-21 03:37:01.497 D/ConnectivityService( 1194): Setting DNS servers for network 220 to [/192.168.1.1]
11-21 03:37:01.498 D/DnsManager( 1194): sendDnsConfigurationForNetwork(220, [192.168.1.1], [], 1800, 25, 8, 64, 0, 0, , [192.168.1.1])
11-21 03:37:01.500 I/chatty  ( 1026): uid=1021(gps) LocApiMsgTask expire 1 line
11-21 03:37:01.500 W/resolv  (  459): Validating DnsTlsServer on netId 220
11-21 03:37:01.501 D/QCNEJ/WlanStaInfoRelay( 1900): AndroidValidate from false to true
11-21 03:37:01.504 V/LigerRadioStatsReporter( 2384): onCapabilitiesChanged: Network capabilities changed
11-21 03:37:01.504 V/LigerRadioStatsReporter( 2384): reportAndCheckpointRadioStats
11-21 03:37:01.505 V/LigerRadioStatsReporter( 2384): +++++++++++ RADIO STATS DUMP +++++++++++
11-21 03:37:01.505 V/LigerRadioStatsReporter( 2384): totalActiveRadioTimeMs=0
11-21 03:37:01.505 V/LigerRadioStatsReporter( 2384): totalTailRadioTimeMs=13993
11-21 03:37:01.505 V/LigerRadioStatsReporter( 2384): totalWakeupCount=0
11-21 03:37:01.505 V/LigerRadioStatsReporter( 2384): httpUpBytes=0
11-21 03:37:01.505 V/LigerRadioStatsReporter( 2384): httpDownBytes=0
11-21 03:37:01.505 V/LigerRadioStatsReporter( 2384): httpWakeupCount=0
11-21 03:37:01.505 V/LigerRadioStatsReporter( 2384): httpRequestCount=0
11-21 03:37:01.505 V/LigerRadioStatsReporter( 2384): httpActiveRadioTimeMs=0
11-21 03:37:01.505 V/LigerRadioStatsReporter( 2384): httpTailRadioTimeMs=13993
11-21 03:37:01.505 V/LigerRadioStatsReporter( 2384): reportAndCheckpointRadioStats: Tx=0
11-21 03:37:01.506 V/LigerRadioStatsReporter( 2384): reportAndCheckpointRadioStats: Rx=0
11-21 03:37:01.506 V/LigerRadioStatsReporter( 2384): reportAndCheckpointRadioStats: Uids=10028
11-21 03:37:01.506 V/LigerRadioStatsReporter( 2384): reportAndCheckpointRadioStats: Tags=null
11-21 03:37:01.510 D/QCNEJ/WlanStaInfoRelay( 1900): retrieveCountryCode:Location obtained from Telephony: us
11-21 03:37:01.523 D/WifiConnector( 2841): Configured Networks Changed
11-21 03:37:01.527 W/resolv  (  459): SSL_connect ssl error =5, mark 0xf00dc: Connection refused
11-21 03:37:01.528 D/DeviceAuthService( 3525): isOculusAddressResolvable returned true
11-21 03:37:01.528 D/DeviceAuthenticator( 3525): Fetching new credentials asynchronously
11-21 03:37:01.529 W/resolv  (  459): Validation failed
11-21 03:37:01.534 E/QMI_FW  (  927): qmi_cci_get_ref: ref count increased 2
11-21 03:37:01.534 D/DeviceAuthenticator( 3525): Calling DeviceAuth.authenticate()
11-21 03:37:01.537 E/DeviceCertService(  541): This device *might* have a provisioning issue. Please run `maui provision check` to verify.
11-21 03:37:01.537 E/DeviceCertService(  541): See https://fburl.com/wiki/a9hho0p9 for more information.
11-21 03:37:01.537 E/DeviceCertService(  541): Could not access certificate file '/mnt/vendor/persist/certificates/device_identityinsecure.crt', error 2: No such file or directory
11-21 03:37:01.538 E/DeviceAuthenticator( 3525): ERROR: java.lang.RuntimeException: devicecert returned error FILESYSTEM_ERROR
11-21 03:37:01.538 E/DeviceAuthenticator( 3525): 
11-21 03:37:01.538 E/DeviceAuthenticator( 3525): com.facebook.mos.sdk.devicecert.DeviceIdentityException: java.lang.RuntimeException: devicecert returned error FILESYSTEM_ERROR
11-21 03:37:01.538 E/DeviceAuthenticator( 3525): 
11-21 03:37:01.538 E/QMI_FW  (  927): qmi_cci_get_ref: ref count increased 2
11-21 03:37:01.547 E/QMI_FW  ( 1113): qmi_cci_get_ref: ref count increased 2
11-21 03:37:01.548 E/QMI_FW  ( 1113): qmi_cci_get_ref: ref count increased 2
11-21 03:37:01.586 E/QMI_FW  ( 1113): qmi_cci_get_ref: ref count increased 2
11-21 03:37:01.599 E/QMI_FW  ( 1113): qmi_cci_get_ref: ref count increased 2
11-21 03:37:01.605 E/QMI_FW  ( 1113): qmi_cci_get_ref: ref count increased 2
11-21 03:37:01.607 E/QMI_FW  ( 1113): qmi_cci_get_ref: ref count increased 2
11-21 03:37:01.609 D/PhoneInterfaceManager( 1975): setModemActivityInfo
11-21 03:37:01.609 D/FbSideCarManager( 1975): setModemActivityInfo
11-21 03:37:01.609 D/FbSideCarManager( 1975): setModemActivityInfo
11-21 03:37:01.609 D/WirelessInsightServiceImpl( 1975): setModemActivityInfo
11-21 03:37:01.609 D/FbSideCarManager( 1975): setModemActivityInfoInternal success
11-21 03:37:01.609 D/PhoneInterfaceManager( 1975): setModemActivityInfo: success.
11-21 03:37:01.609 D/WirelessInsightServiceImpl( 1975): notifyListeners: listeners = 0, modemActivityInfo = ModemActivityInfo{ mTimestamp=128965767 mSleepTimeMs=80301159 mIdleTimeMs=707457 mTransmitPowerInfo[]=[TransmitPower{ mTimeInMillis=1 mPowerRangeInDbm={-2147483648,0}}, TransmitPower{ mTimeInMillis=57886 mPowerRangeInDbm={0,5}}, TransmitPower{ mTimeInMillis=1461117 mPowerRangeInDbm={5,15}}, TransmitPower{ mTimeInMillis=62538 mPowerRangeInDbm={15,20}}, TransmitPower{ mTimeInMillis=1956725 mPowerRangeInDbm={20,2147483647}}] mRxTimeMs=44216561}
11-21 03:37:01.609 E/QMI_FW  ( 1113): qmi_cci_get_ref: ref count increased 2
11-21 03:37:01.619 I/chatty  ( 1113): uid=1001(radio) DedicatedThread identical 5 lines
11-21 03:37:01.620 E/QMI_FW  ( 1113): qmi_cci_get_ref: ref count increased 2
11-21 03:37:01.621 E/QMI_FW  ( 1113): qmi_cci_get_ref: ref count increased 2
11-21 03:37:01.624 E/QMI_FW  ( 1113): qmi_cci_get_ref: ref count increased 2
11-21 03:37:01.627 I/chatty  ( 1113): uid=1001(radio) main identical 3 lines
11-21 03:37:01.628 E/QMI_FW  ( 1113): qmi_cci_get_ref: ref count increased 2
11-21 03:37:01.633 E/QMI_FW  ( 1113): qmi_cci_get_ref: ref count increased 2
11-21 03:37:01.640 E/QMI_FW  ( 1113): qmi_cci_get_ref: ref count increased 2
11-21 03:37:01.649 I/chatty  ( 1194): uid=1000(system) pool-9-thread-1 expire 1 line
11-21 03:37:01.764 I/Nat464Xlat( 1194): Android Xlat is disabled
11-21 03:37:01.766 D/QCNEJ/WlanStaInfoRelay( 1900): Received action: android.net.wifi.LINK_CONFIGURATION_CHANGED
11-21 03:37:01.766 E/QCNEJ/WlanStaInfoRelay( 1900): update link properties given null lp
11-21 03:37:01.822 D/QCNEJ/NativeHalConnector( 1900): -> SND notifyWifiAvailable(v4Connected = truev6Connected = , false, isAndroidValidated = true)
11-21 03:37:02.489 W/HWComposer(  577): Ignoring duplicate VSYNC event from HWC for display 0 (t=128966650441010)
11-21 03:37:02.540 W/HWComposer(  577): Ignoring duplicate VSYNC event from HWC for display 0 (t=128966701099552)
11-21 03:37:01.764 I/Nat464Xlat( 1194): Android Xlat is disabled
11-21 03:37:03.126 D/commandrouter( 1117): rtc_sync (1, rtc:sync): <ServiceRequest> FORWARDED (remote -> local) service client ID = 0, token ID = 45660
11-21 03:37:03.126 D/vendor.facebook.rtc_sync@1.0-service( 1129): Request req_ts=1637465823131584512 resp_ts=1637465823126486383
11-21 03:37:03.126 D/commandrouter( 1117): SocServiceHandle::onServiceMessage, SoC Service = rtc_sync, appType = 1, type = SVC_RESP, clientId = 0, token = 45660, payloadLen = 8, result = 0, payload.size() = 8
11-21 03:37:03.643 D/WearableConnectivityManager(29223): onWifiStrengthChange: -41
11-21 03:37:03.645 D/QCNEJ/WlanStaInfoRelay( 1900): Received action: android.net.wifi.RSSI_CHANGED
11-21 03:37:03.655 V/LigerRadioStatsReporter( 2384): onCapabilitiesChanged: Network capabilities changed
11-21 03:37:03.655 V/LigerRadioStatsReporter( 2384): reportAndCheckpointRadioStats
11-21 03:37:03.656 V/LigerRadioStatsReporter( 2384): +++++++++++ RADIO STATS DUMP +++++++++++
11-21 03:37:03.656 V/LigerRadioStatsReporter( 2384): totalActiveRadioTimeMs=0
11-21 03:37:03.656 V/LigerRadioStatsReporter( 2384): totalTailRadioTimeMs=13993
11-21 03:37:03.656 V/LigerRadioStatsReporter( 2384): totalWakeupCount=0
11-21 03:37:03.656 V/LigerRadioStatsReporter( 2384): httpUpBytes=0
11-21 03:37:03.656 V/LigerRadioStatsReporter( 2384): httpDownBytes=0
11-21 03:37:03.656 V/LigerRadioStatsReporter( 2384): httpWakeupCount=0
11-21 03:37:03.656 V/LigerRadioStatsReporter( 2384): httpRequestCount=0
11-21 03:37:03.656 V/LigerRadioStatsReporter( 2384): httpActiveRadioTimeMs=0
11-21 03:37:03.656 V/LigerRadioStatsReporter( 2384): httpTailRadioTimeMs=13993
11-21 03:37:03.656 V/LigerRadioStatsReporter( 2384): reportAndCheckpointRadioStats: Tx=0
11-21 03:37:03.656 V/LigerRadioStatsReporter( 2384): reportAndCheckpointRadioStats: Rx=0
11-21 03:37:03.657 V/LigerRadioStatsReporter( 2384): reportAndCheckpointRadioStats: Uids=10028
11-21 03:37:03.657 V/LigerRadioStatsReporter( 2384): reportAndCheckpointRadioStats: Tags=null
11-21 03:37:07.656 E/QMI_FW  ( 1113): qmi_cci_get_ref: ref count increased 2
11-21 03:37:07.656 E/QMI_FW  ( 1113): qmi_cci_get_ref: ref count increased 2
11-21 03:37:07.657 E/QMI_FW  ( 1113): qmi_cci_get_ref: ref count increased 2
11-21 03:37:13.114 D/commandrouter( 1117): rtc_sync (1, rtc:sync): <ServiceRequest> FORWARDED (remote -> local) service client ID = 0, token ID = 45661
11-21 03:37:13.114 D/vendor.facebook.rtc_sync@1.0-service( 1129): Request req_ts=1637465833119486383 resp_ts=1637465833114371015
11-21 03:37:13.114 D/commandrouter( 1117): SocServiceHandle::onServiceMessage, SoC Service = rtc_sync, appType = 1, type = SVC_RESP, clientId = 0, token = 45661, payloadLen = 8, result = 0, payload.size() = 8
11-21 03:37:15.762 D/ConnectivityService( 1194): requestNetwork for uid/pid:10005/26000 NetworkRequest [ TRACK_DEFAULT id=2791, [ Capabilities: INTERNET&NOT_RESTRICTED&TRUSTED Uid: 10005 AdministratorUids: [] RequestorUid: 10005 RequestorPackageName: com.facebook.wearable.system.telecom] ]
11-21 03:37:15.763 D/ConnectivityService( 1194): NetReassign [2791 : null → 220]
11-21 03:37:15.764 I/chatty  ( 1194): uid=1000(system) WifiHandlerThre expire 2 lines
11-21 03:37:15.769 D/PhoneSwitcherNetworkRequstListener( 1975): got request NetworkRequest [ TRACK_DEFAULT id=2791, [ Capabilities: INTERNET&NOT_RESTRICTED&TRUSTED Uid: 10005 AdministratorUids: [] RequestorUid: 10005 RequestorPackageName: com.facebook.wearable.system.telecom] ] with score 60 and providerId 1
11-21 03:37:15.804 D/FacebookRepository(26000): Reading from Store [688175592090415]
11-21 03:37:15.804 D/FacebookRepository(26000): Requesting from Content Provider [688175592090415]
11-21 03:37:15.815 D/FacebookProvider(17356): Starting SSO Network Fetch for 688175592090415
11-21 03:37:15.816 I/AccountsContentProvider(17356): No Primary Account. Accounts Error [content://com.facebook.wearable.system.accounts.AccountsContentProvider/facebook/688175592090415]
11-21 03:37:15.817 E/DatabaseUtils(17356): Writing exception to parcel
11-21 03:37:15.817 E/DatabaseUtils(17356): java.lang.IllegalStateException: No Primary Account
11-21 03:37:15.817 E/DatabaseUtils(17356): 	at com.facebook.secure.content.AbstractContentProvider.doQuery(:284)
11-21 03:37:15.817 E/DatabaseUtils(17356): 	at com.facebook.secure.content.AbstractContentProvider.query(:8)
11-21 03:37:15.817 E/DatabaseUtils(17356): 	at android.content.ContentProvider.query(ContentProvider.java:1474)
11-21 03:37:15.817 E/DatabaseUtils(17356): 	at android.content.ContentProvider$Transport.query(ContentProvider.java:278)
11-21 03:37:15.817 E/DatabaseUtils(17356): 	at android.content.ContentProviderNative.onTransact(ContentProviderNative.java:106)
11-21 03:37:15.817 E/DatabaseUtils(17356): 	at android.os.Binder.execTransactInternal(Binder.java:1154)
11-21 03:37:15.817 E/DatabaseUtils(17356): 	at android.os.Binder.execTransact(Binder.java:1123)
11-21 03:37:15.818 E/UntetheredRelayCrypt(26000): untethered relay key upload failed: java.lang.IllegalStateException: No Primary Account
11-21 03:37:15.819 W/WearableUntetheredRelayCrypt(26000): Could not upload public key, will retry
11-21 03:37:15.822 I/WM-WorkerWrapper(26000): Worker result RETRY for Work [ id=4b8fff66-ea89-4b8b-bc79-a29d9164ad8c, tags={ com.facebook.wearable.system.telecom.messaging.untethered.e2ee.WearableUntetheredRelayCrypt$InitialKeypairRotationWorker, com.facebook.wearable.system.telecom.messaging.untethered.e2ee.InitialKeypairRotationWorker } ]
11-21 03:37:15.822 D/FacebookRepository(26000): Reading from Store [688175592090415]
11-21 03:37:15.826 D/ConnectivityService( 1194): releasing NetworkRequest [ TRACK_DEFAULT id=2791, [ Capabilities: INTERNET&NOT_RESTRICTED&TRUSTED Uid: 10005 AdministratorUids: [] RequestorUid: 10005 RequestorPackageName: com.facebook.wearable.system.telecom] ] (release request)
11-21 03:37:17.103 D/mcu_health_checker( 1118): Sent MCU Health Request
11-21 03:37:17.103 D/commandrouter( 1117): SocServiceHandle::onServiceMessage, SoC Service = mcu_healthcheck_1118, appType = 1, type = SVC_REQ, clientId = 0, token = 4297, payloadLen = 12, result = 0, payload.size() = 12
11-21 03:37:17.108 D/commandrouter( 1117): mcu_healthcheck_1118 (1, merlot:mcu_health:control): <ServiceResponse> FORWARDED (remote -> local) CR token ID = 4297, service client ID = 40, token ID = 10687, result = 0
11-21 03:37:17.109 D/mcu_health_checker( 1118): MCU Health Response: MCU_OK
11-21 03:37:17.109 D/mcu_health_checker( 1118): MCU Session 0, uptime = 128946671 ms
11-21 03:37:17.109 D/mculinkhealth( 1118): isMcuReachable 1 (6 ms)
11-21 03:37:18.937 I/chatty  ( 1194): uid=1000(system) WifiScanningSer expire 2 lines
11-21 03:37:18.939 I/chatty  ( 1024): uid=1021(gps) lowi-server expire 200 lines
11-21 03:37:18.939 V/WifiHAL (  539): event received NL80211_CMD_TRIGGER_SCAN
11-21 03:37:19.050 V/WifiHAL (  539): event received NL80211_CMD_NEW_SCAN_RESULTS
11-21 03:37:19.051 I/chatty  ( 1194): uid=1000(system) Binder:1194_1C expire 2 lines
11-21 03:37:19.066 I/chatty  ( 1024): uid=1021(gps) lowi-server expire 7 lines
11-21 03:37:20.280 D/mcu_health_checker(  946): Sent MCU Health Request
11-21 03:37:20.280 D/commandrouter( 1117): SocServiceHandle::onServiceMessage, SoC Service = mcu_healthcheck_946, appType = 1, type = SVC_REQ, clientId = 0, token = 2148, payloadLen = 20, result = 0, payload.size() = 20
11-21 03:37:20.286 D/commandrouter( 1117): mcu_healthcheck_946 (1, merlot:mcu_health:control): <ServiceResponse> FORWARDED (remote -> local) CR token ID = 2148, service client ID = 6, token ID = 10688, result = 0
11-21 03:37:20.286 D/mcu_health_checker(  946): MCU Health Response: MCU_OK
11-21 03:37:20.286 D/mcu_health_checker(  946): MCU Session 0, uptime = 128949852 ms
11-21 03:37:20.286 D/mcu_health_checker(  946): mSensorErrs[0]: 0
11-21 03:37:20.286 D/mcu_health_checker(  946): mSensorErrs[1]: 0
11-21 03:37:20.286 D/mcu_health_checker(  946): mSensorErrs[2]: 0
11-21 03:37:20.378 D/UIAutomatorStub(26720): URI: /jsonrpc/0, Method: POST, Header: {content-length=102, remote-addr=127.0.0.1, http-client-ip=127.0.0.1, host=localhost:9010, content-type=application/json, accept-encoding=identity}, params, {NanoHttpd.QUERY_STRING=null}, files: {postData={"jsonrpc": "2.0", "method": "pressKey", "id": "0cd609a1f0582fd0b23401c975e3e7e5", "params": ["back"]}}
11-21 03:37:20.403 W/HWComposer(  577): Ignoring duplicate VSYNC event from HWC for display 0 (t=128984563440691)
11-21 03:37:20.409 D/AutofillManagerService( 1194): onBackKeyPressed()
11-21 03:37:20.435 D/UIAutomatorStub(26720): URI: /jsonrpc/0, Method: POST, Header: {content-length=102, remote-addr=127.0.0.1, http-client-ip=127.0.0.1, host=localhost:9010, content-type=application/json, accept-encoding=identity}, params, {NanoHttpd.QUERY_STRING=null}, files: {postData={"jsonrpc": "2.0", "method": "pressKey", "id": "586c20432b392287f2fa0df6f5cdb3ca", "params": ["back"]}}
11-21 03:37:20.790 I/vendor.rmt_storage(  581): rmt_storage_connect_cb: clnt_h=0xcc conn_h=0x93f2d030
11-21 03:37:20.790 I/vendor.rmt_storage(  581): rmt_storage_rw_iovec_cb: /boot/modem_fs1: req_h=0xcc msg_id=3: R/W request received (wr_count 196)
11-21 03:37:20.790 I/vendor.rmt_storage(  581): wakelock acquired: 1, error no: 11
11-21 03:37:20.790 I/vendor.rmt_storage(  581): rmt_storage_client_thread: /boot/modem_fs1: Unblock worker thread (th_id: -1825062464)
11-21 03:37:20.859 I/vendor.rmt_storage(  581): rmt_storage_client_thread: /boot/modem_fs1: req_h=0xcc msg_id=3: Bytes written = 1572864, wr_count 196
11-21 03:37:20.859 I/vendor.rmt_storage(  581): rmt_storage_client_thread: /boot/modem_fs1: req_h=0xcc msg_id=3: Send response: res=0 err=0, wr_count 196
11-21 03:37:20.859 I/vendor.rmt_storage(  581): rmt_storage_client_thread: /boot/modem_fs1: About to block rmt_storage client thread (th_id: -1825062464) wakelock released: 1, error no: 22
11-21 03:37:20.859 I/vendor.rmt_storage(  581): 
11-21 03:37:20.862 I/vendor.rmt_storage(  581): rmt_storage_disconnect_cb: clnt_h=0xcc conn_h=0x93f2d030
11-21 03:37:21.007 D/UIAutomatorStub(26720): URI: /jsonrpc/0, Method: POST, Header: {content-length=102, remote-addr=127.0.0.1, http-client-ip=127.0.0.1, host=localhost:9010, content-type=application/json, accept-encoding=identity}, params, {NanoHttpd.QUERY_STRING=null}, files: {postData={"jsonrpc": "2.0", "method": "pressKey", "id": "241f4352d32a56e246e3d9d77bfee9ca", "params": ["back"]}}
11-21 03:37:21.481 I/chatty  ( 1194): uid=1000(system) Binder:1194_16 expire 5 lines
11-21 03:37:21.517 I/chatty  ( 1194): uid=1000 system_server expire 1 line
11-21 03:37:21.530 D/ComplicationController(29223): Starting complication controller. Face Type: OdysseyWatchFace
11-21 03:37:21.539 E/DayDateSystemComplicationProvider(29223): Updating Day Date System Complication
11-21 03:37:21.540 D/ComplicationDataManagerImpl(29223): Updating complication data for package: com.facebook.wearable.apps.calendar, id: com.facebook.wearable.apps.calendar.DAY_DATE_COMPLICATION
11-21 03:37:21.540 D/ComplicationDataManagerImpl(29223): Updating complication data for package: com.facebook.wearable.apps.heart, id: com.facebook.wearable.apps.heart.HEART_RATE
11-21 03:37:21.540 D/ComplicationDataManagerImpl(29223): Updating complication data for package: com.facebook.wearable.apps.calendar, id: com.facebook.wearable.apps.calendar.SHORTCUT_COMPLICATION
11-21 03:37:21.540 D/ComplicationDataManagerImpl(29223): Updating complication data for package: com.facebook.wearable.apps.clock, id: com.facebook.wearable.apps.clock.SHORTCUT_COMPLICATION
11-21 03:37:21.540 D/ComplicationDataManagerImpl(29223): Updating complication data for package: com.facebook.wearable.apps.workout, id: com.facebook.wearable.apps.workout.SHORTCUT_COMPLICATION
11-21 03:37:21.540 D/ComplicationDataManagerImpl(29223): Updating complication data for package: com.facebook.wearable.apps.player, id: com.facebook.wearable.apps.player.SHORTCUT_COMPLICATION
11-21 03:37:21.540 D/ComplicationDataManagerImpl(29223): Updating complication data for package: com.facebook.wearable.apps.weather, id: com.facebook.wearable.apps.weather.SHORTCUT_COMPLICATION
11-21 03:37:21.540 D/ComplicationDataManagerImpl(29223): Updating complication data for package: com.facebook.wearable.apps.gallery, id: com.facebook.wearable.apps.gallery.SHORTCUT_COMPLICATION
11-21 03:37:21.545 D/ComplicationDataManagerImpl(29223): Fetching complication data for package: com.facebook.wearable.apps.calendar, com.facebook.wearable.apps.calendar.DAY_DATE_COMPLICATION.
11-21 03:37:21.545 D/ComplicationDataManagerImpl(29223): Fetching complication data for package: com.facebook.wearable.apps.player, com.facebook.wearable.apps.player.SHORTCUT_COMPLICATION.
11-21 03:37:21.546 D/ComplicationDataManagerImpl(29223): Fetching complication data for package: com.facebook.wearable.apps.gallery, com.facebook.wearable.apps.gallery.SHORTCUT_COMPLICATION.
11-21 03:37:21.547 D/ComplicationDataManagerImpl(29223): Fetching complication data for package: com.facebook.wearable.apps.heart, com.facebook.wearable.apps.heart.HEART_RATE.
11-21 03:37:21.555 D/LauncherActivity(29223): onResume: Intent { cat=[android.intent.category.HOME] flg=0x10000100 cmp=com.facebook.wearable.system.launcher/.LauncherActivity }
11-21 03:37:21.556 D/LauncherIntentProcessor(29223): processLauncherActivityIntent: Intent { cat=[android.intent.category.HOME] flg=0x10000100 cmp=com.facebook.wearable.system.launcher/.LauncherActivity }
11-21 03:37:21.578 D/FacebookRepository(29223): Reading from Store [250223709649332]
11-21 03:37:21.602 I/chatty  ( 1194): uid=1000(system) ActivityManager expire 9 lines
11-21 03:37:21.672 I/chatty  ( 1194): uid=1000(system) Binder:1194_8 expire 3 lines
11-21 03:37:21.927 D/UIAutomatorStub(26720): URI: /jsonrpc/0, Method: POST, Header: {content-length=102, remote-addr=127.0.0.1, http-client-ip=127.0.0.1, host=localhost:9010, content-type=application/json, accept-encoding=identity}, params, {NanoHttpd.QUERY_STRING=null}, files: {postData={"jsonrpc": "2.0", "method": "pressKey", "id": "7a5d26114868c3e8890a98f23bee48ce", "params": ["back"]}}
11-21 03:37:22.099 E/ANDR-PERF-OPTSHANDLER(  557): perf_lock_rel: failed for /sys/class/kgsl/kgsl-3d0/min_pwrlevel as previous value is not stored
11-21 03:37:22.101 E/ANDR-PERF-RESOURCEQS(  557): Failed to reset optimization [3, 0]
11-21 03:37:22.629 D/LauncherActivity(29223): onKeyUp() called with keycode:4, event: KeyEvent { action=ACTION_UP, keyCode=KEYCODE_BACK, scanCode=0, metaState=0, flags=0x200, repeatCount=0, eventTime=128986764, downTime=128986764, deviceId=-1, source=0x101, displayId=-1 }
11-21 03:37:23.071 W/HWComposer(  577): Ignoring duplicate VSYNC event from HWC for display 0 (t=128987231773138)
11-21 03:37:21.462 I/chatty  ( 1194): uid=1000(system) android.ui identical 2 lines
11-21 03:37:22.627 D/AutofillManagerService( 1194): onBackKeyPressed()
11-21 03:37:23.100 D/commandrouter( 1117): rtc_sync (1, rtc:sync): <ServiceRequest> FORWARDED (remote -> local) service client ID = 0, token ID = 45662
11-21 03:37:23.100 D/vendor.facebook.rtc_sync@1.0-service( 1129): Request req_ts=1637465843109371015 resp_ts=1637465843100654865
11-21 03:37:23.101 D/commandrouter( 1117): SocServiceHandle::onServiceMessage, SoC Service = rtc_sync, appType = 1, type = SVC_RESP, clientId = 0, token = 45662, payloadLen = 8, result = 0, payload.size() = 8
11-21 03:37:23.104 W/HWComposer(  577): Ignoring duplicate VSYNC event from HWC for display 0 (t=128987265471367)
11-21 03:37:23.172 W/ActivityManager( 1194): Invalid packageName: com.facebook.wearable.system.settings/com.facebook.wearable.system.settings.SettingsActivity
11-21 03:37:23.176 I/cmd     ( 8980): oneway function results will be dropped but finished with status OK and parcel size 4
