11-21 03:31:05.911 D/ConnectivityService( 1194): NetReassign [no changes]
11-21 03:31:05.953 I/Nat464Xlat( 1194): Android Xlat is disabled
11-21 03:31:05.953 I/Nat464Xlat( 1194): Android Xlat is disabled
11-21 03:31:06.130 E/ConnectivityService( 1194): Exception in networkAddRouteParcel for non-gateway: android.os.ServiceSpecificException: Machine is not on the network (code 64)
11-21 03:31:06.131 E/ConnectivityService( 1194): Exception in networkAddRouteParcel for gateway: android.os.ServiceSpecificException: Machine is not on the network (code 64)
11-21 03:31:06.131 I/Nat464Xlat( 1194): Android Xlat is disabled
11-21 03:31:06.132 I/Nat464Xlat( 1194): Android Xlat is disabled
11-21 03:31:06.188 D/ConnectivityService( 1194): Setting DNS servers for network 213 to [/192.168.1.1]
11-21 03:31:06.191 I/Nat464Xlat( 1194): Android Xlat is disabled
11-21 03:31:06.191 I/Nat464Xlat( 1194): Android Xlat is disabled
11-21 03:31:06.300 D/ConnectivityService( 1194): [213 WIFI] EVENT_NETWORK_INFO_CHANGED, going from UNKNOWN to CONNECTED
11-21 03:31:06.318 D/DnsManager( 1194): sendDnsConfigurationForNetwork(213, [192.168.1.1], [], 1800, 25, 8, 64, 0, 0, , [])
11-21 03:31:06.326 W/DnsManager( 1194): updatePrivateDns(213, PrivateDnsConfig{true:/[]})
11-21 03:31:06.327 D/ConnectivityService( 1194): Setting DNS servers for network 213 to [/192.168.1.1]
11-21 03:31:06.327 D/DnsManager( 1194): sendDnsConfigurationForNetwork(213, [192.168.1.1], [], 1800, 25, 8, 64, 0, 0, , [192.168.1.1])
11-21 03:31:06.329 D/ConnectivityService( 1194): Adding iface wlan0 to network 213
11-21 03:31:06.347 D/ConnectivityService( 1194): Setting DNS servers for network 213 to [/192.168.1.1]
11-21 03:31:06.347 D/DnsManager( 1194): sendDnsConfigurationForNetwork(213, [192.168.1.1], [], 1800, 25, 8, 64, 0, 0, , [192.168.1.1])
11-21 03:31:06.349 I/Nat464Xlat( 1194): Android Xlat is disabled
11-21 03:31:06.349 I/Nat464Xlat( 1194): Android Xlat is disabled
11-21 03:31:06.402 D/ConnectivityService( 1194): NetReassign [no changes]
11-21 03:31:06.641 D/ConnectivityService( 1194): [213 WIFI] validation passed
11-21 03:31:06.642 D/ConnectivityService( 1194): NetReassign [8 : 100 → 213, 20 : 100 → 213, 46 : 100 → 213, 2784 : 100 → 213, 12 : 100 → 213, 22 : 100 → 213, 16 : 100 → 213, 1990 : 100 → 213, 14 : 100 → 213, 50 : 100 → 213, 18 : 100 → 213, 11 : 100 → 213, 2773 : 100 → 213, 1 : 100 → 213, 17 : 100 → 213]
11-21 03:31:06.648 E/NetlinkEvent(  459): NetlinkEvent::FindParam(): Parameter 'INTERFACE' not found
11-21 03:31:06.648 E/NetlinkEvent(  459): NetlinkEvent::FindParam(): Parameter 'STATE' not found
11-21 03:31:06.648 E/NetlinkEvent(  459): NetlinkEvent::FindParam(): Parameter 'TIME_NS' not found
11-21 03:31:06.648 E/NetlinkEvent(  459): NetlinkEvent::FindParam(): Parameter 'UID' not found
11-21 03:31:06.664 D/ConnectivityService( 1194): Switching to new default network: NetworkAgentInfo{ ni{[type: WIFI[], state: CONNECTED/CONNECTED, reason: (unspecified), extra: , failover: false, available: true, roaming: false]}  network{213}  nethandle{918233731085}  lp{{InterfaceName: wlan0 LinkAddresses: [ 192.168.1.39/24 ] DnsAddresses: [ /192.168.1.1 ] Domains: null MTU: 0 ServerAddress: /192.168.1.1 TcpBufferSizes: 524288,1048576,2097152,262144,524288,1048576 Routes: [ fe80::/64 -> :: wlan0 mtu 0,192.168.1.0/24 -> 0.0.0.0 wlan0 mtu 0,0.0.0.0/0 -> 192.168.1.1 wlan0 mtu 0 ]}}  nc{[ Transports: WIFI Capabilities: NOT_METERED&INTERNET&NOT_RESTRICTED&TRUSTED&NOT_VPN&VALIDATED&NOT_ROAMING&FOREGROUND&NOT_CONGESTED&NOT_SUSPENDED LinkUpBandwidth>=67000Kbps LinkDnBandwidth>=67000Kbps SignalStrength: -37 OwnerUid: 1000 SSID: "MTBF_Lab" RequestorUid: -1 RequestorPackageName: null]}  Score{60}  everValidated{true}  lastValidated{true}  created{true} lingering{false} explicitlySelected{false} acceptUnvalidated{false} everCaptivePortalDetected{false} lastCaptivePortalDetected{false} partialConnectivity{false} acceptPartialConnectivity{false} clat{mBaseIface: null, mIface: null, mState: IDLE} }
11-21 03:31:06.798 W/SimpleTimeDetectorStrategy( 1194): Existing suggestion found to be invalid  elapsedRealtimeMillis=128610958, timeSuggestion=TelephonyTimeSuggestion{mSlotIndex='0', mUtcTime=TimestampedValue{mReferenceTimeMillis=2542243, mValue=1637368197000}, mDebugInfo=[Sending new time suggestion nitzSignal=TimestampedValue{mReferenceTimeMillis=2542243, mValue=NitzData{mOriginalString=21/11/20,00:29:57-32,00, mZoneOffset=-28800000, mDstOffset=0, mCurrentTimeMillis=1637368197000, mEmulatorHostTimeZone=null}}, reason=handleNitzReceived(TimestampedValue{mReferenceTimeMillis=2542243, mValue=NitzData{mOriginalString=21/11/20,00:29:57-32,00, mZoneOffset=-28800000, mDstOffset=0, mCurrentTimeMillis=1637368197000, mEmulatorHostTimeZone=null}})]}
11-21 03:31:06.819 D/ConnectivityService( 1194): Lingering [100 CELLULAR] for 30000ms
11-21 03:31:06.821 D/ConnectivityService( 1194): Sending DISCONNECTED broadcast for type 0 [100 CELLULAR] isDefaultNetwork=true
11-21 03:31:06.824 D/ConnectivityService( 1194): Sending CONNECTED broadcast for type 1 [213 WIFI] isDefaultNetwork=true
11-21 03:31:06.897 D/ConnectivityService( 1194): Setting DNS servers for network 213 to [/192.168.1.1]
11-21 03:31:06.904 D/DnsManager( 1194): sendDnsConfigurationForNetwork(213, [192.168.1.1], [], 1800, 25, 8, 64, 0, 0, , [192.168.1.1])
11-21 03:31:06.915 I/Nat464Xlat( 1194): Android Xlat is disabled
11-21 03:31:06.915 I/Nat464Xlat( 1194): Android Xlat is disabled
11-21 03:31:13.128 D/commandrouter( 1117): rtc_sync (1, rtc:sync): <ServiceRequest> FORWARDED (remote -> local) service client ID = 0, token ID = 45625
11-21 03:31:13.129 D/commandrouter( 1117): SocServiceHandle::onServiceMessage, SoC Service = rtc_sync, appType = 1, type = SVC_RESP, clientId = 0, token = 45625, payloadLen = 8, result = 0, payload.size() = 8
11-21 03:31:17.031 D/commandrouter( 1117): SocServiceHandle::onServiceMessage, SoC Service = mcu_healthcheck_1118, appType = 1, type = SVC_REQ, clientId = 0, token = 4285, payloadLen = 12, result = 0, payload.size() = 12
11-21 03:31:17.037 D/commandrouter( 1117): mcu_healthcheck_1118 (1, merlot:mcu_health:control): <ServiceResponse> FORWARDED (remote -> local) CR token ID = 4285, service client ID = 40, token ID = 10669, result = 0
11-21 03:31:17.037 D/mculinkhealth( 1118): isMcuReachable 1 (6 ms)
11-21 03:31:19.781 D/ConnectivityService( 1194): requestNetwork for uid/pid:10005/26000 NetworkRequest [ TRACK_DEFAULT id=2786, [ Capabilities: INTERNET&NOT_RESTRICTED&TRUSTED Uid: 10005 AdministratorUids: [] RequestorUid: 10005 RequestorPackageName: com.facebook.wearable.system.telecom] ]
11-21 03:31:19.782 D/ConnectivityService( 1194): NetReassign [2786 : null → 213]
11-21 03:31:19.967 D/ConnectivityService( 1194): releasing NetworkRequest [ TRACK_DEFAULT id=2786, [ Capabilities: INTERNET&NOT_RESTRICTED&TRUSTED Uid: 10005 AdministratorUids: [] RequestorUid: 10005 RequestorPackageName: com.facebook.wearable.system.telecom] ] (release request)
11-21 03:31:20.239 D/commandrouter( 1117): SocServiceHandle::onServiceMessage, SoC Service = mcu_healthcheck_946, appType = 1, type = SVC_REQ, clientId = 0, token = 2142, payloadLen = 20, result = 0, payload.size() = 20
11-21 03:31:20.243 D/commandrouter( 1117): mcu_healthcheck_946 (1, merlot:mcu_health:control): <ServiceResponse> FORWARDED (remote -> local) CR token ID = 2142, service client ID = 6, token ID = 10670, result = 0
11-21 03:31:23.129 D/commandrouter( 1117): rtc_sync (1, rtc:sync): <ServiceRequest> FORWARDED (remote -> local) service client ID = 0, token ID = 45626
11-21 03:31:23.130 D/commandrouter( 1117): SocServiceHandle::onServiceMessage, SoC Service = rtc_sync, appType = 1, type = SVC_RESP, clientId = 0, token = 45626, payloadLen = 8, result = 0, payload.size() = 8
11-21 03:31:25.386 D/AutofillManagerService( 1194): onBackKeyPressed()
11-21 03:31:26.451 I/chatty  ( 1194): uid=1000(system) android.ui identical 2 lines
11-21 03:31:27.617 D/AutofillManagerService( 1194): onBackKeyPressed()
11-21 03:31:28.187 W/ActivityManager( 1194): Invalid packageName: com.facebook.wearable.system.settings/com.facebook.wearable.system.settings.SettingsActivity
11-21 03:31:28.320 I/ActivityTaskManager( 1194): START u0 {flg=0x10000000 cmp=com.facebook.wearable.system.settings/.SettingsActivity} from uid 0
11-21 03:31:28.337 I/ActivityTaskManager( 1194): The Process com.facebook.wearable.system.settings Already Exists in BG. So sending its PID: 7907
11-21 03:31:28.338 W/ActivityTaskManager( 1194): Tried to set launchTime (0) < mLastActivityLaunchTime (128601514)
11-21 03:31:31.051 E/TaskPersister( 1194): File error accessing recents directory (directory doesn't exist?).
11-21 03:31:33.129 D/commandrouter( 1117): rtc_sync (1, rtc:sync): <ServiceRequest> FORWARDED (remote -> local) service client ID = 0, token ID = 45627
11-21 03:31:33.131 D/commandrouter( 1117): SocServiceHandle::onServiceMessage, SoC Service = rtc_sync, appType = 1, type = SVC_RESP, clientId = 0, token = 45627, payloadLen = 8, result = 0, payload.size() = 8
11-21 03:31:35.964 W/ContextImpl( 1194): Calling a method in the system process without a qualified user: android.app.ContextImpl.sendBroadcastMultiplePermissions:1143 android.content.Context.sendBroadcastWithMultiplePermissions:2150 com.android.server.display.WifiDisplayAdapter.handleSendStatusChangeBroadcast:440 com.android.server.display.WifiDisplayAdapter.access$1700:63 com.android.server.display.WifiDisplayAdapter$WifiDisplayHandler.handleMessage:675 
11-21 03:31:36.443 D/ConnectivityService( 1194): [213 WIFI] EVENT_NETWORK_INFO_CHANGED, going from CONNECTED to DISCONNECTED
11-21 03:31:36.443 D/ConnectivityService( 1194): [213 WIFI] disconnected, was satisfying 26
11-21 03:31:36.517 I/Nat464Xlat( 1194): Android Xlat is disabled
11-21 03:31:36.517 I/Nat464Xlat( 1194): Android Xlat is disabled
11-21 03:31:36.532 D/ConnectivityService( 1194): Sending DISCONNECTED broadcast for type 1 [213 WIFI] isDefaultNetwork=true
11-21 03:31:36.550 D/ConnectivityService( 1194): NetReassign [8 : null → 100, 20 : null → 100, 46 : null → 100, 2784 : null → 100, 12 : null → 100, 22 : null → 100, 16 : null → 100, 1990 : null → 100, 14 : null → 100, 50 : null → 100, 18 : null → 100, 11 : null → 100, 2773 : null → 100, 1 : null → 100, 17 : null → 100]
11-21 03:31:36.552 E/NetlinkEvent(  459): NetlinkEvent::FindParam(): Parameter 'INTERFACE' not found
11-21 03:31:36.552 E/NetlinkEvent(  459): NetlinkEvent::FindParam(): Parameter 'STATE' not found
11-21 03:31:36.553 E/NetlinkEvent(  459): NetlinkEvent::FindParam(): Parameter 'TIME_NS' not found
11-21 03:31:36.553 E/NetlinkEvent(  459): NetlinkEvent::FindParam(): Parameter 'UID' not found
11-21 03:31:36.565 D/ConnectivityService( 1194): Switching to new default network: NetworkAgentInfo{ ni{[type: MOBILE[LTE], state: CONNECTED/CONNECTED, reason: (unspecified), extra: nxtgenphone, failover: false, available: true, roaming: false]}  network{100}  nethandle{432902426637}  lp{{InterfaceName: rmnet_data2 LinkAddresses: [ 10.129.103.196/29,2600:380:c119:24f:b89a:9f3c:46c1:95af/64 ] DnsAddresses: [ /172.26.38.1,/fc00:a:a::300 ] Domains: null MTU: 1430 TcpBufferSizes: 2097152,4194304,8388608,262144,524288,1048576 Routes: [ 0.0.0.0/0 -> 10.129.103.197 rmnet_data2 mtu 1430,::/0 -> fe80::b45f:41f1:1846:969d rmnet_data2 mtu 1430,10.129.103.192/29 -> 0.0.0.0 rmnet_data2 mtu 0,2600:380:c119:24f::/64 -> :: rmnet_data2 mtu 0 ]}}  nc{[ Transports: CELLULAR Capabilities: MMS&SUPL&FOTA&INTERNET&NOT_RESTRICTED&TRUSTED&NOT_VPN&VALIDATED&NOT_ROAMING&FOREGROUND&NOT_CONGESTED&NOT_SUSPENDED LinkUpBandwidth>=15000Kbps LinkDnBandwidth>=30000Kbps Specifier: <TelephonyNetworkSpecifier [mSubId = 1]> AdministratorUids: [] RequestorUid: -1 RequestorPackageName: null]}  Score{50}  everValidated{true}  lastValidated{true}  created{true} lingering{true} explicitlySelected{false} acceptUnvalidated{false} everCaptivePortalDetected{false} lastCaptivePortalDetected{false} partialConnectivity{false} acceptPartialConnectivity{false} clat{mBaseIface: null, mIface: null, mState: IDLE} }
11-21 03:31:36.692 D/ConnectivityService( 1194): Unlingering [100 CELLULAR]
11-21 03:31:36.692 D/ConnectivityService( 1194): Sending CONNECTED broadcast for type 0 [100 CELLULAR] isDefaultNetwork=true
11-21 03:31:36.703 W/SimpleTimeDetectorStrategy( 1194): Existing suggestion found to be invalid  elapsedRealtimeMillis=128640864, timeSuggestion=TelephonyTimeSuggestion{mSlotIndex='0', mUtcTime=TimestampedValue{mReferenceTimeMillis=2542243, mValue=1637368197000}, mDebugInfo=[Sending new time suggestion nitzSignal=TimestampedValue{mReferenceTimeMillis=2542243, mValue=NitzData{mOriginalString=21/11/20,00:29:57-32,00, mZoneOffset=-28800000, mDstOffset=0, mCurrentTimeMillis=1637368197000, mEmulatorHostTimeZone=null}}, reason=handleNitzReceived(TimestampedValue{mReferenceTimeMillis=2542243, mValue=NitzData{mOriginalString=21/11/20,00:29:57-32,00, mZoneOffset=-28800000, mDstOffset=0, mCurrentTimeMillis=1637368197000, mEmulatorHostTimeZone=null}})]}
11-21 03:31:40.836 D/AutofillManagerService( 1194): onBackKeyPressed()
11-21 03:31:41.371 I/chatty  ( 1194): uid=1000(system) android.ui identical 1 line
11-21 03:31:41.893 D/AutofillManagerService( 1194): onBackKeyPressed()
11-21 03:31:43.133 D/commandrouter( 1117): rtc_sync (1, rtc:sync): <ServiceRequest> FORWARDED (remote -> local) service client ID = 0, token ID = 45628
11-21 03:31:43.134 D/commandrouter( 1117): SocServiceHandle::onServiceMessage, SoC Service = rtc_sync, appType = 1, type = SVC_RESP, clientId = 0, token = 45628, payloadLen = 8, result = 0, payload.size() = 8
11-21 03:31:43.424 D/ConnectivityService( 1194): requestNetwork for uid/pid:10005/26000 NetworkRequest [ TRACK_DEFAULT id=2787, [ Capabilities: INTERNET&NOT_RESTRICTED&TRUSTED Uid: 10005 AdministratorUids: [] RequestorUid: 10005 RequestorPackageName: com.facebook.wearable.system.telecom] ]
11-21 03:31:43.425 D/ConnectivityService( 1194): NetReassign [2787 : null → 100]
11-21 03:31:43.590 D/ConnectivityService( 1194): releasing NetworkRequest [ TRACK_DEFAULT id=2787, [ Capabilities: INTERNET&NOT_RESTRICTED&TRUSTED Uid: 10005 AdministratorUids: [] RequestorUid: 10005 RequestorPackageName: com.facebook.wearable.system.telecom] ] (release request)
11-21 03:31:43.614 D/AutofillManagerService( 1194): onBackKeyPressed()
11-21 03:31:44.627 D/AutofillManagerService( 1194): onBackKeyPressed()
11-21 03:31:45.389 E/TaskPersister( 1194): File error accessing recents directory (directory doesn't exist?).
11-21 03:31:46.009 D/AutofillManagerService( 1194): onBackKeyPressed()
11-21 03:31:46.621 D/AutofillManagerService( 1194): onBackKeyPressed()
11-21 03:31:47.039 D/commandrouter( 1117): SocServiceHandle::onServiceMessage, SoC Service = mcu_healthcheck_1118, appType = 1, type = SVC_REQ, clientId = 0, token = 4286, payloadLen = 12, result = 0, payload.size() = 12
11-21 03:31:47.043 D/commandrouter( 1117): mcu_healthcheck_1118 (1, merlot:mcu_health:control): <ServiceResponse> FORWARDED (remote -> local) CR token ID = 4286, service client ID = 40, token ID = 10671, result = 0
11-21 03:31:47.043 D/mculinkhealth( 1118): isMcuReachable 1 (5 ms)
11-21 03:31:47.619 D/AutofillManagerService( 1194): onBackKeyPressed()
11-21 03:31:48.164 W/ActivityManager( 1194): Invalid packageName: com.facebook.wearable.system.settings/com.facebook.wearable.system.settings.SettingsActivity
11-21 03:31:48.301 I/ActivityTaskManager( 1194): START u0 {flg=0x10000000 cmp=com.facebook.wearable.system.settings/.SettingsActivity} from uid 0
11-21 03:31:48.318 I/ActivityTaskManager( 1194): The Process com.facebook.wearable.system.settings Already Exists in BG. So sending its PID: 7907
11-21 03:31:48.319 W/ActivityTaskManager( 1194): Tried to set launchTime (0) < mLastActivityLaunchTime (128632500)
11-21 03:31:51.943 E/TaskPersister( 1194): File error accessing recents directory (directory doesn't exist?).
11-21 03:31:53.133 D/commandrouter( 1117): rtc_sync (1, rtc:sync): <ServiceRequest> FORWARDED (remote -> local) service client ID = 0, token ID = 45629
11-21 03:31:53.134 D/commandrouter( 1117): SocServiceHandle::onServiceMessage, SoC Service = rtc_sync, appType = 1, type = SVC_RESP, clientId = 0, token = 45629, payloadLen = 8, result = 0, payload.size() = 8
11-21 03:31:54.340 W/ContextImpl( 1194): Calling a method in the system process without a qualified user: android.app.ContextImpl.sendBroadcastMultiplePermissions:1143 android.content.Context.sendBroadcastWithMultiplePermissions:2150 com.android.server.display.WifiDisplayAdapter.handleSendStatusChangeBroadcast:440 com.android.server.display.WifiDisplayAdapter.access$1700:63 com.android.server.display.WifiDisplayAdapter$WifiDisplayHandler.handleMessage:675 
11-21 03:31:54.397 D/AppStorageManager( 1194): BEFORE:: Previous Size: 745725952 Current Size: 745881600
11-21 03:31:54.398 D/AppStorageManager( 1194): AFTER:: Previous Size: 745881600 Current Size: 745881600
--------- beginning of main
11-21 03:31:55.314 I/chatty  ( 1024): uid=1021(gps) lowi-server expire 5 lines
11-21 03:31:55.319 E/wpa_supplicant( 8134): eap_proxy: eap_proxy_notify_config
11-21 03:31:55.324 W/ContextImpl( 1194): Calling a method in the system process without a qualified user: android.app.ContextImpl.sendBroadcastMultiplePermissions:1143 android.content.Context.sendBroadcastWithMultiplePermissions:2150 com.android.server.wifi.p2p.WifiP2pServiceImpl$P2pStateMachine.sendBroadcastMultiplePermissions:3209 com.android.server.wifi.p2p.WifiP2pServiceImpl$P2pStateMachine.sendP2pConnectionChangedBroadcast:3236 com.android.server.wifi.p2p.WifiP2pServiceImpl$P2pStateMachine.access$5100:768 
11-21 03:31:55.325 W/BroadcastQueue( 1194): Permission Denial: receiving Intent { act=android.net.wifi.p2p.CONNECTION_STATE_CHANGE flg=0x24000010 (has extras) } to ProcessRecord{ba73 1900:.qtidataservices/u0a89} (pid=1900, uid=10089) requires android.permission.ACCESS_FINE_LOCATION due to sender android (uid 1000)
11-21 03:31:55.330 W/ContextImpl( 1194): Calling a method in the system process without a qualified user: android.app.ContextImpl.sendBroadcastMultiplePermissions:1143 android.content.Context.sendBroadcastWithMultiplePermissions:2150 com.android.server.wifi.p2p.WifiP2pServiceImpl$P2pStateMachine.sendBroadcastMultiplePermissions:3209 com.android.server.wifi.p2p.WifiP2pServiceImpl$P2pStateMachine.sendThisDeviceChangedBroadcast:3218 com.android.server.wifi.p2p.WifiP2pServiceImpl$P2pStateMachine.updateThisDevice:3962 
11-21 03:31:55.332 I/WifiHAL (  539): event received NL80211_CMD_VENDOR, vendor_id = 0x1374, subcmd = 0xa
11-21 03:31:55.348 I/wpa_supplicant( 8134): p2p0: CTRL-EVENT-AVOID-FREQ ranges=
11-21 03:31:55.354 I/QC-NETMGR-LIB(  932): NetmgrNetdClientRemoveInterfaceFromOemNetwork(): completed command
11-21 03:31:55.356 I/chatty  ( 1024): uid=1021(gps) lowi-server expire 17 lines
11-21 03:31:55.356 I/QC-NETMGR-LIB(  932): NetmgrNetdClientAddInterfaceToOemNetwork(): Looking for Netd service
11-21 03:31:55.356 I/QC-NETMGR-LIB(  932): NetmgrNetdClientAddInterfaceToOemNetwork(): starting command
11-21 03:31:55.356 I/QC-NETMGR-LIB(  932): addInterfaceToOemNetwork(): Attempting addInterfaceToOemNetwork
11-21 03:31:55.357 I/chatty  ( 1024): uid=1021(gps) lowi-server expire 8 lines
11-21 03:31:55.364 I/QC-NETMGR-LIB(  932): NetmgrNetdClientAddInterfaceToOemNetwork(): completed command
11-21 03:31:55.364 I/QC-NETMGR-LIB(  932): NetmgrNetdClientAddRouteToOemNetwork(): Looking for Netd service
11-21 03:31:55.364 I/QC-NETMGR-LIB(  932): NetmgrNetdClientAddRouteToOemNetwork(): starting command
11-21 03:31:55.364 I/QC-NETMGR-LIB(  932): addRouteToOemNetwork(): Attempting addRouteToOemNetwork
11-21 03:31:55.365 I/QC-NETMGR-LIB(  932): NetmgrNetdClientAddRouteToOemNetwork(): completed command
11-21 03:31:55.365 I/QC-NETMGR-LIB(  932): NetmgrNetdClientSetForwardingBetweenInterfaces(): Looking for Netd service
11-21 03:31:55.365 I/QC-NETMGR-LIB(  932): NetmgrNetdClientSetForwardingBetweenInterfaces(): starting command
11-21 03:31:55.365 I/QC-NETMGR-LIB(  932): setForwardingBetweenInterfaces() r_rmnet_data0 wlan0: Attempting setForwardingBetweenInterfaces
11-21 03:31:55.366 I/QC-NETMGR-LIB(  932): NetmgrNetdClientSetForwardingBetweenInterfaces(): completed command
11-21 03:31:55.366 I/QC-NETMGR-LIB(  932): NetmgrNetdClientSetForwardingBetweenInterfaces(): Looking for Netd service
11-21 03:31:55.366 I/QC-NETMGR-LIB(  932): NetmgrNetdClientSetForwardingBetweenInterfaces(): starting command
11-21 03:31:55.366 I/QC-NETMGR-LIB(  932): setForwardingBetweenInterfaces() r_rmnet_data0 dummy0: Attempting setForwardingBetweenInterfaces
11-21 03:31:55.367 I/QC-NETMGR-LIB(  932): NetmgrNetdClientSetForwardingBetweenInterfaces(): completed command
11-21 03:31:55.367 I/QC-NETMGR-LIB(  932): NetmgrNetdClientAddRouteToOemNetwork(): Looking for Netd service
11-21 03:31:55.367 I/QC-NETMGR-LIB(  932): NetmgrNetdClientAddRouteToOemNetwork(): starting command
11-21 03:31:55.367 I/QC-NETMGR-LIB(  932): addRouteToOemNetwork(): Attempting addRouteToOemNetwork
11-21 03:31:55.368 I/QC-NETMGR-LIB(  932): NetmgrNetdClientAddRouteToOemNetwork(): completed command
11-21 03:31:55.390 E/wpa_supplicant( 8134): nl80211: Set scan default IEs failed: ret=-524 (Unknown error 524)
11-21 03:31:55.394 W/wificond(  906): Scan is not started. Ignore abort request
11-21 03:31:55.423 I/wpa_supplicant( 8134): Vendor key_mgmt: 0x142
11-21 03:31:55.426 I/wpa_supplicant( 8134): Vendor Proto: 0x3
11-21 03:31:55.444 E/wpa_supplicant( 8134): eap_proxy: eap_proxy_notify_config
11-21 03:31:55.453 I/wpa_supplicant( 8134): wlan0: Trying to associate with SSID 'MTBF_Lab'
11-21 03:31:55.461 D/QCNEJ/WlanStaInfoRelay( 1900): Received action: android.net.wifi.STATE_CHANGE
11-21 03:31:55.462 E/wpa_supplicant( 8134): eap_proxy: eap_proxy_notify_config
11-21 03:31:55.462 E/wpa_supplicant( 8134): eap_proxy: eap_proxy_allowed_method
11-21 03:31:55.462 D/WifiConnector( 2841): Network State Changed
11-21 03:31:55.472 E/QMI_FW  (  927): qmi_cci_get_ref: ref count increased 2
11-21 03:31:55.475 E/QMI_FW  (  927): qmi_cci_get_ref: ref count increased 2
11-21 03:31:55.704 V/WifiHAL (  539): event received NL80211_CMD_CONNECT
11-21 03:31:55.706 I/wpa_supplicant( 8134): wlan0: Associated with 6c:cd:d6:25:63:2a
11-21 03:31:55.706 I/wpa_supplicant( 8134): wlan0: CTRL-EVENT-SUBNET-STATUS-UPDATE status=0
11-21 03:31:55.715 I/wpa_supplicant( 8134): getWifiGenerationStatusInternal: generation = 4, twtSupport = false, vhtMax8SpatialStreamsSupport = false
11-21 03:31:56.662 I/wpa_supplicant( 8134): wlan0: WPA: RX message 1 of 4-Way Handshake from 6c:cd:d6:25:63:2a (ver=2)
11-21 03:31:56.662 I/wpa_supplicant( 8134): wlan0: WPA: Sending EAPOL-Key 2/4
11-21 03:31:56.666 D/QCNEJ/WlanStaInfoRelay( 1900): Received action: android.net.wifi.STATE_CHANGE
11-21 03:31:56.666 D/WifiConnector( 2841): Network State Changed
11-21 03:31:56.669 I/wpa_supplicant( 8134): wlan0: WPA: RX message 3 of 4-Way Handshake from 6c:cd:d6:25:63:2a (ver=2)
11-21 03:31:56.669 I/wpa_supplicant( 8134): wlan0: WPA: Sending EAPOL-Key 4/4
11-21 03:31:56.673 I/wpa_supplicant( 8134): wlan0: WPA: Key negotiation completed with 6c:cd:d6:25:63:2a [PTK=CCMP GTK=CCMP]
11-21 03:31:56.673 I/wpa_supplicant( 8134): wlan0: CTRL-EVENT-CONNECTED - Connection to 6c:cd:d6:25:63:2a completed [id=0 id_str=%7B%22configKey%22%3A%22%5C%22MTBF_Lab%5C%22WPA_PSK%22%2C%22creatorUid%22%3A%221000%22%7D]
11-21 03:31:56.704 D/ConnectivityService( 1194): registerNetworkAgent NetworkAgentInfo{ ni{[type: WIFI[], state: UNKNOWN/IDLE, reason: (unspecified), extra: , failover: false, available: true, roaming: false]}  network{214}  nethandle{922528698381}  lp{{InterfaceName: wlan0 LinkAddresses: [ ] DnsAddresses: [ ] Domains: null MTU: 0 Routes: [ ]}}  nc{[ Transports: WIFI Capabilities: NOT_METERED&INTERNET&NOT_RESTRICTED&TRUSTED&NOT_VPN&NOT_ROAMING&FOREGROUND&NOT_CONGESTED&NOT_SUSPENDED LinkUpBandwidth>=72000Kbps LinkDnBandwidth>=72000Kbps OwnerUid: 1000 SSID: "MTBF_Lab" RequestorUid: -1 RequestorPackageName: null]}  Score{20}  everValidated{false}  lastValidated{false}  created{false} lingering{false} explicitlySelected{false} acceptUnvalidated{false} everCaptivePortalDetected{false} lastCaptivePortalDetected{false} partialConnectivity{false} acceptPartialConnectivity{false} clat{mBaseIface: null, mIface: null, mState: IDLE} }
11-21 03:31:56.705 D/QCNEJ/WlanStaInfoRelay( 1900): Received action: android.net.wifi.STATE_CHANGE
11-21 03:31:56.706 D/WifiConnector( 2841): Network State Changed
11-21 03:31:56.723 D/ConnectivityService( 1194): [214 WIFI] EVENT_NETWORK_INFO_CHANGED, going from UNKNOWN to UNKNOWN
11-21 03:31:56.728 D/QCNEJ/WlanStaInfoRelay( 1900): Received action: android.net.wifi.STATE_CHANGE
11-21 03:31:56.729 D/WifiConnector( 2841): Network State Changed
11-21 03:31:56.756 V/WifiHAL (  539): WifiVendorCommand 0xa063a000 created vendor_id:0x1374 subcmd:83
11-21 03:31:56.757 E/WifiHAL (  539): wifi_get_packet_filter_capabilities: requestResponse() error: -3
11-21 03:31:56.757 I/WifiHAL (  539): Packet filtering is not supprted
11-21 03:31:56.869 D/WearableConnectivityManager(29223): onWifiStrengthChange: -37
11-21 03:31:56.870 D/QCNEJ/WlanStaInfoRelay( 1900): Received action: android.net.wifi.RSSI_CHANGED
11-21 03:31:56.873 D/ConnectivityService( 1194): NetReassign [no changes]
11-21 03:31:56.880 V/WifiHAL (  539): WifiVendorCommand 0xa07c1180 created vendor_id:0x1374 subcmd:82
11-21 03:31:56.881 V/WifiHAL (  539): ND offload : Enable
11-21 03:31:56.898 W/HWComposer(  577): Ignoring duplicate VSYNC event from HWC for display 0 (t=128661059162585)
11-21 03:31:56.916 E/QMI_FW  (  927): qmi_cci_get_ref: ref count increased 2
11-21 03:31:56.917 E/QMI_FW  (  927): qmi_cci_get_ref: ref count increased 2
11-21 03:31:56.920 E/Netd    (  459): no such netId 214
11-21 03:31:56.921 I/Nat464Xlat( 1194): Android Xlat is disabled
11-21 03:31:56.932 W/HWComposer(  577): Ignoring duplicate VSYNC event from HWC for display 0 (t=128661092984460)
11-21 03:31:56.949 W/HWComposer(  577): Ignoring duplicate VSYNC event from HWC for display 0 (t=128661109846127)
11-21 03:31:56.980 I/chatty  ( 1194): uid=1000 system_server expire 7 lines
11-21 03:31:57.053 E/Netd    (  459): no such netId 214
11-21 03:31:57.054 D/QCNEJ/WlanStaInfoRelay( 1900): Received action: android.net.wifi.STATE_CHANGE
11-21 03:31:57.055 D/WifiConnector( 2841): Network State Changed
11-21 03:31:56.921 I/Nat464Xlat( 1194): Android Xlat is disabled
11-21 03:31:57.056 E/ConnectivityService( 1194): Exception in networkAddRouteParcel for non-gateway: android.os.ServiceSpecificException: Machine is not on the network (code 64)
11-21 03:31:57.056 E/Netd    (  459): no such netId 214
11-21 03:31:57.058 E/ConnectivityService( 1194): Exception in networkAddRouteParcel for gateway: android.os.ServiceSpecificException: Machine is not on the network (code 64)
11-21 03:31:57.058 I/Nat464Xlat( 1194): Android Xlat is disabled
11-21 03:31:57.069 D/QCNEJ/WlanStaInfoRelay( 1900): Received action: android.net.wifi.STATE_CHANGE
11-21 03:31:57.071 D/WifiConnector( 2841): Network State Changed
11-21 03:31:57.072 D/WifiConnector( 2841): Configured Networks Changed
11-21 03:31:57.078 I/chatty  ( 1194): uid=1000(system) WifiHandlerThre expire 20 lines
11-21 03:31:57.084 E/QMI_FW  (  927): qmi_cci_get_ref: ref count increased 2
11-21 03:31:57.086 E/QMI_FW  (  927): qmi_cci_get_ref: ref count increased 2
11-21 03:31:57.094 I/chatty  ( 1194): uid=1000(system) pool-9-thread-1 expire 3 lines
11-21 03:31:57.148 E/QMI_FW  ( 1113): qmi_cci_get_ref: ref count increased 2
11-21 03:31:57.148 E/QMI_FW  ( 1113): qmi_cci_get_ref: ref count increased 2
11-21 03:31:57.148 E/QMI_FW  ( 1113): qmi_cci_get_ref: ref count increased 2
11-21 03:31:57.058 I/Nat464Xlat( 1194): Android Xlat is disabled
11-21 03:31:57.180 D/ConnectivityService( 1194): Setting DNS servers for network 214 to [/192.168.1.1]
11-21 03:31:57.182 I/Nat464Xlat( 1194): Android Xlat is disabled
11-21 03:31:57.182 I/Nat464Xlat( 1194): Android Xlat is disabled
11-21 03:31:57.282 D/ConnectivityService( 1194): [214 WIFI] EVENT_NETWORK_INFO_CHANGED, going from UNKNOWN to CONNECTED
11-21 03:31:57.285 D/DnsManager( 1194): sendDnsConfigurationForNetwork(214, [192.168.1.1], [], 1800, 25, 8, 64, 0, 0, , [])
11-21 03:31:57.287 W/DnsManager( 1194): updatePrivateDns(214, PrivateDnsConfig{true:/[]})
11-21 03:31:57.288 D/ConnectivityService( 1194): Setting DNS servers for network 214 to [/192.168.1.1]
11-21 03:31:57.288 D/DnsManager( 1194): sendDnsConfigurationForNetwork(214, [192.168.1.1], [], 1800, 25, 8, 64, 0, 0, , [192.168.1.1])
11-21 03:31:57.291 D/ConnectivityService( 1194): Adding iface wlan0 to network 214
11-21 03:31:57.300 W/resolv  (  459): Validating DnsTlsServer on netId 214
11-21 03:31:57.302 W/resolv  (  459): Validation failed
11-21 03:31:57.309 D/ConnectivityService( 1194): Setting DNS servers for network 214 to [/192.168.1.1]
11-21 03:31:57.309 D/DnsManager( 1194): sendDnsConfigurationForNetwork(214, [192.168.1.1], [], 1800, 25, 8, 64, 0, 0, , [192.168.1.1])
11-21 03:31:57.310 W/resolv  (  459): Validating DnsTlsServer on netId 214
11-21 03:31:57.312 I/Nat464Xlat( 1194): Android Xlat is disabled
11-21 03:31:57.321 W/resolv  (  459): SSL_connect ssl error =5, mark 0xf00d6: Connection refused
11-21 03:31:57.322 W/resolv  (  459): Validation failed
11-21 03:31:57.312 I/Nat464Xlat( 1194): Android Xlat is disabled
11-21 03:31:57.381 D/ConnectivityService( 1194): NetReassign [no changes]
11-21 03:31:57.386 D/QCNEJ/WlanStaInfoRelay( 1900): network available: 214
11-21 03:31:57.400 D/QCNEJ/NativeHalConnector( 1900): -> SND notifyWifiAvailable(v4Connected = truev6Connected = , false, isAndroidValidated = false)
11-21 03:31:57.416 D/QCNEJ/NativeHalConnector( 1900): -> SND notifyWifiAvailable(v4Connected = truev6Connected = , false, isAndroidValidated = false)
11-21 03:31:57.460 I/chatty  ( 1194): uid=1000 system_server expire 3 lines
11-21 03:31:57.463 D/AnalyticsLogger( 1194): sent events: 10
11-21 03:31:57.499 I/chatty  ( 1194): uid=1000(system) Binder:1194_D expire 3 lines
11-21 03:31:57.505 I/chatty  ( 1194): uid=1000 system_server expire 2 lines
11-21 03:31:57.526 I/chatty  ( 1194): uid=1000 system_server expire 1 line
11-21 03:31:57.528 D/ConnectivityService( 1194): [214 WIFI] validation passed
11-21 03:31:57.529 D/ConnectivityService( 1194): NetReassign [8 : 100 → 214, 20 : 100 → 214, 46 : 100 → 214, 2784 : 100 → 214, 12 : 100 → 214, 22 : 100 → 214, 16 : 100 → 214, 1990 : 100 → 214, 14 : 100 → 214, 50 : 100 → 214, 18 : 100 → 214, 11 : 100 → 214, 2773 : 100 → 214, 1 : 100 → 214, 17 : 100 → 214]
11-21 03:31:57.533 E/NetlinkEvent(  459): NetlinkEvent::FindParam(): Parameter 'INTERFACE' not found
11-21 03:31:57.533 E/NetlinkEvent(  459): NetlinkEvent::FindParam(): Parameter 'STATE' not found
11-21 03:31:57.533 E/NetlinkEvent(  459): NetlinkEvent::FindParam(): Parameter 'TIME_NS' not found
11-21 03:31:57.533 E/NetlinkEvent(  459): NetlinkEvent::FindParam(): Parameter 'UID' not found
11-21 03:31:57.550 D/ConnectivityService( 1194): Switching to new default network: NetworkAgentInfo{ ni{[type: WIFI[], state: CONNECTED/CONNECTED, reason: (unspecified), extra: , failover: false, available: true, roaming: false]}  network{214}  nethandle{922528698381}  lp{{InterfaceName: wlan0 LinkAddresses: [ 192.168.1.39/24 ] DnsAddresses: [ /192.168.1.1 ] Domains: null MTU: 0 ServerAddress: /192.168.1.1 TcpBufferSizes: 524288,1048576,2097152,262144,524288,1048576 Routes: [ fe80::/64 -> :: wlan0 mtu 0,192.168.1.0/24 -> 0.0.0.0 wlan0 mtu 0,0.0.0.0/0 -> 192.168.1.1 wlan0 mtu 0 ]}}  nc{[ Transports: WIFI Capabilities: NOT_METERED&INTERNET&NOT_RESTRICTED&TRUSTED&NOT_VPN&VALIDATED&NOT_ROAMING&FOREGROUND&NOT_CONGESTED&NOT_SUSPENDED LinkUpBandwidth>=67000Kbps LinkDnBandwidth>=67000Kbps SignalStrength: -37 OwnerUid: 1000 SSID: "MTBF_Lab" RequestorUid: -1 RequestorPackageName: null]}  Score{60}  everValidated{true}  lastValidated{true}  created{true} lingering{false} explicitlySelected{false} acceptUnvalidated{false} everCaptivePortalDetected{false} lastCaptivePortalDetected{false} partialConnectivity{false} acceptPartialConnectivity{false} clat{mBaseIface: null, mIface: null, mState: IDLE} }
11-21 03:31:57.673 D/QCNEJ/DefaultNetworkInfoRelay( 1900): Default network available: 214
11-21 03:31:57.674 D/QCNEJ/NativeHalConnector( 1900): -> SND notifyDefaultNetworkChanged(1)
11-21 03:31:57.683 V/LigerRadioStatsReporter( 2384): onCapabilitiesChanged: Network capabilities changed
11-21 03:31:57.691 I/chatty  ( 1194): uid=1000(system) NetworkTimeUpda expire 1 line
11-21 03:31:57.694 W/SimpleTimeDetectorStrategy( 1194): Existing suggestion found to be invalid  elapsedRealtimeMillis=128661854, timeSuggestion=TelephonyTimeSuggestion{mSlotIndex='0', mUtcTime=TimestampedValue{mReferenceTimeMillis=2542243, mValue=1637368197000}, mDebugInfo=[Sending new time suggestion nitzSignal=TimestampedValue{mReferenceTimeMillis=2542243, mValue=NitzData{mOriginalString=21/11/20,00:29:57-32,00, mZoneOffset=-28800000, mDstOffset=0, mCurrentTimeMillis=1637368197000, mEmulatorHostTimeZone=null}}, reason=handleNitzReceived(TimestampedValue{mReferenceTimeMillis=2542243, mValue=NitzData{mOriginalString=21/11/20,00:29:57-32,00, mZoneOffset=-28800000, mDstOffset=0, mCurrentTimeMillis=1637368197000, mEmulatorHostTimeZone=null}})]}
11-21 03:31:57.698 E/QMI_FW  (  927): qmi_cci_get_ref: ref count increased 2
11-21 03:31:57.700 E/QMI_FW  (  927): qmi_cci_get_ref: ref count increased 2
11-21 03:31:57.706 D/DeviceAuthService( 3525): Network connected
11-21 03:31:57.706 D/DeviceAuthService( 3525): fetchAuthTokenWrapper called
11-21 03:31:57.706 D/ConnectivityService( 1194): Lingering [100 CELLULAR] for 30000ms
11-21 03:31:57.708 D/ConnectivityService( 1194): Sending DISCONNECTED broadcast for type 0 [100 CELLULAR] isDefaultNetwork=true
11-21 03:31:57.710 D/ConnectivityService( 1194): Sending CONNECTED broadcast for type 1 [214 WIFI] isDefaultNetwork=true
11-21 03:31:57.726 I/chatty  ( 1194): uid=1000(system) android.fg expire 1 line
11-21 03:31:57.728 I/chatty  (  523): uid=1021(gps) Loc_hal_worker expire 1 line
11-21 03:31:57.731 I/chatty  ( 1026): uid=1021(gps) LocApiMsgTask expire 2 lines
11-21 03:31:57.738 I/chatty  ( 1026): uid=1021(gps) LocApiMsgTask expire 1 line
11-21 03:31:57.743 V/LigerRadioStatsReporter( 2384): onCapabilitiesChanged: Network capabilities changed
11-21 03:31:57.743 V/LigerRadioStatsReporter( 2384): reportAndCheckpointRadioStats
11-21 03:31:57.744 V/LigerRadioStatsReporter( 2384): +++++++++++ RADIO STATS DUMP +++++++++++
11-21 03:31:57.744 V/LigerRadioStatsReporter( 2384): totalActiveRadioTimeMs=0
11-21 03:31:57.744 V/LigerRadioStatsReporter( 2384): totalTailRadioTimeMs=13993
11-21 03:31:57.744 V/LigerRadioStatsReporter( 2384): totalWakeupCount=0
11-21 03:31:57.744 V/LigerRadioStatsReporter( 2384): httpUpBytes=0
11-21 03:31:57.744 V/LigerRadioStatsReporter( 2384): httpDownBytes=0
11-21 03:31:57.744 V/LigerRadioStatsReporter( 2384): httpWakeupCount=0
11-21 03:31:57.744 V/LigerRadioStatsReporter( 2384): httpRequestCount=0
11-21 03:31:57.744 V/LigerRadioStatsReporter( 2384): httpActiveRadioTimeMs=0
11-21 03:31:57.745 D/QCNEJ/WlanStaInfoRelay( 1900): AndroidValidate from false to true
11-21 03:31:57.744 V/LigerRadioStatsReporter( 2384): httpTailRadioTimeMs=13993
11-21 03:31:57.746 V/LigerRadioStatsReporter( 2384): reportAndCheckpointRadioStats: Tx=0
11-21 03:31:57.746 V/LigerRadioStatsReporter( 2384): reportAndCheckpointRadioStats: Rx=0
11-21 03:31:57.746 V/LigerRadioStatsReporter( 2384): reportAndCheckpointRadioStats: Uids=10028
11-21 03:31:57.746 V/LigerRadioStatsReporter( 2384): reportAndCheckpointRadioStats: Tags=null
11-21 03:31:57.752 D/DeviceAuthService( 3525): isOculusAddressResolvable returned true
11-21 03:31:57.752 D/DeviceAuthenticator( 3525): Fetching new credentials asynchronously
11-21 03:31:57.753 D/ConnectivityService( 1194): Setting DNS servers for network 214 to [/192.168.1.1]
11-21 03:31:57.753 D/DnsManager( 1194): sendDnsConfigurationForNetwork(214, [192.168.1.1], [], 1800, 25, 8, 64, 0, 0, , [192.168.1.1])
11-21 03:31:57.754 D/QCNEJ/WlanStaInfoRelay( 1900): retrieveCountryCode:Location obtained from Telephony: us
11-21 03:31:57.755 D/DeviceAuthenticator( 3525): Calling DeviceAuth.authenticate()
11-21 03:31:57.755 W/resolv  (  459): Validating DnsTlsServer on netId 214
11-21 03:31:57.771 E/QMI_FW  (  927): qmi_cci_get_ref: ref count increased 2
11-21 03:31:57.772 W/resolv  (  459): SSL_connect ssl error =5, mark 0xf00d6: Connection refused
11-21 03:31:57.772 W/resolv  (  459): Validation failed
11-21 03:31:57.773 E/QMI_FW  (  927): qmi_cci_get_ref: ref count increased 2
11-21 03:31:57.777 E/DeviceCertService(  541): This device *might* have a provisioning issue. Please run `maui provision check` to verify.
11-21 03:31:57.777 E/DeviceCertService(  541): See https://fburl.com/wiki/a9hho0p9 for more information.
11-21 03:31:57.777 E/DeviceCertService(  541): Could not access certificate file '/mnt/vendor/persist/certificates/device_identityinsecure.crt', error 2: No such file or directory
11-21 03:31:57.777 E/DeviceAuthenticator( 3525): ERROR: java.lang.RuntimeException: devicecert returned error FILESYSTEM_ERROR
11-21 03:31:57.777 E/DeviceAuthenticator( 3525): 
11-21 03:31:57.777 E/DeviceAuthenticator( 3525): com.facebook.mos.sdk.devicecert.DeviceIdentityException: java.lang.RuntimeException: devicecert returned error FILESYSTEM_ERROR
11-21 03:31:57.777 E/DeviceAuthenticator( 3525): 
11-21 03:31:57.782 E/QMI_FW  ( 1113): qmi_cci_get_ref: ref count increased 2
11-21 03:31:57.782 E/QMI_FW  ( 1113): qmi_cci_get_ref: ref count increased 2
11-21 03:31:57.784 D/WifiConnector( 2841): Configured Networks Changed
11-21 03:31:57.818 E/QMI_FW  ( 1113): qmi_cci_get_ref: ref count increased 2
11-21 03:31:57.841 E/QMI_FW  ( 1113): qmi_cci_get_ref: ref count increased 2
11-21 03:31:57.845 E/QMI_FW  ( 1113): qmi_cci_get_ref: ref count increased 2
11-21 03:31:57.860 I/chatty  ( 1113): uid=1001(radio) main identical 2 lines
11-21 03:31:57.861 E/QMI_FW  ( 1113): qmi_cci_get_ref: ref count increased 2
11-21 03:31:57.863 E/QMI_FW  ( 1113): qmi_cci_get_ref: ref count increased 2
11-21 03:31:57.866 E/QMI_FW  ( 1113): qmi_cci_get_ref: ref count increased 2
11-21 03:31:57.868 E/QMI_FW  ( 1113): qmi_cci_get_ref: ref count increased 2
11-21 03:31:57.869 D/PhoneInterfaceManager( 1975): setModemActivityInfo
11-21 03:31:57.869 D/FbSideCarManager( 1975): setModemActivityInfo
11-21 03:31:57.869 D/FbSideCarManager( 1975): setModemActivityInfo
11-21 03:31:57.869 D/WirelessInsightServiceImpl( 1975): setModemActivityInfo
11-21 03:31:57.869 D/FbSideCarManager( 1975): setModemActivityInfoInternal success
11-21 03:31:57.869 D/PhoneInterfaceManager( 1975): setModemActivityInfo: success.
11-21 03:31:57.869 E/QMI_FW  ( 1113): qmi_cci_get_ref: ref count increased 2
11-21 03:31:57.869 D/WirelessInsightServiceImpl( 1975): notifyListeners: listeners = 0, modemActivityInfo = ModemActivityInfo{ mTimestamp=128662029 mSleepTimeMs=80020823 mIdleTimeMs=704326 mTransmitPowerInfo[]=[TransmitPower{ mTimeInMillis=1 mPowerRangeInDbm={-2147483648,0}}, TransmitPower{ mTimeInMillis=57886 mPowerRangeInDbm={0,5}}, TransmitPower{ mTimeInMillis=1460713 mPowerRangeInDbm={5,15}}, TransmitPower{ mTimeInMillis=62533 mPowerRangeInDbm={15,20}}, TransmitPower{ mTimeInMillis=1956527 mPowerRangeInDbm={20,2147483647}}] mRxTimeMs=44196895}
11-21 03:31:57.872 E/QMI_FW  ( 1113): qmi_cci_get_ref: ref count increased 2
11-21 03:31:57.874 E/QMI_FW  ( 1113): qmi_cci_get_ref: ref count increased 2
11-21 03:31:57.877 W/ystem.analytic(29120): Accessing hidden method Lcom/android/org/conscrypt/ConscryptEngineSocket;->setUseSessionTickets(Z)V (greylist-max-q,core-platform-api, reflection, denied)
11-21 03:31:57.877 W/ystem.analytic(29120): Accessing hidden method Lcom/android/org/conscrypt/OpenSSLSocketImpl;->setUseSessionTickets(Z)V (greylist-max-q,core-platform-api, reflection, denied)
11-21 03:31:57.877 W/ystem.analytic(29120): Accessing hidden method Lcom/android/org/conscrypt/AbstractConscryptSocket;->setUseSessionTickets(Z)V (greylist-max-q, reflection, denied)
11-21 03:31:57.878 W/ystem.analytic(29120): Accessing hidden method Lcom/android/org/conscrypt/ConscryptEngineSocket;->setHostname(Ljava/lang/String;)V (greylist-max-q,core-platform-api, reflection, denied)
11-21 03:31:57.878 W/ystem.analytic(29120): Accessing hidden method Lcom/android/org/conscrypt/OpenSSLSocketImpl;->setHostname(Ljava/lang/String;)V (greylist-max-q,core-platform-api, reflection, denied)
11-21 03:31:57.878 W/ystem.analytic(29120): Accessing hidden method Lcom/android/org/conscrypt/AbstractConscryptSocket;->setHostname(Ljava/lang/String;)V (greylist-max-q, reflection, denied)
11-21 03:31:57.878 W/ystem.analytic(29120): Accessing hidden method Lcom/android/org/conscrypt/OpenSSLSocketImpl;->setAlpnProtocols([B)V (greylist-max-q,core-platform-api, reflection, denied)
11-21 03:31:57.879 W/ystem.analytic(29120): Accessing hidden method Lcom/android/org/conscrypt/AbstractConscryptSocket;->setAlpnProtocols([B)V (greylist-max-q, reflection, denied)
11-21 03:31:57.887 E/QMI_FW  ( 1113): qmi_cci_get_ref: ref count increased 2
11-21 03:31:57.891 E/QMI_FW  ( 1113): qmi_cci_get_ref: ref count increased 2
11-21 03:31:57.896 E/QMI_FW  ( 1113): qmi_cci_get_ref: ref count increased 2
11-21 03:31:57.902 I/chatty  ( 1113): uid=1001(radio) main identical 3 lines
11-21 03:31:57.903 E/QMI_FW  ( 1113): qmi_cci_get_ref: ref count increased 2
11-21 03:31:57.908 E/QMI_FW  ( 1113): qmi_cci_get_ref: ref count increased 2
11-21 03:31:57.997 W/ystem.analytic(29120): Accessing hidden method Lcom/android/org/conscrypt/OpenSSLSocketImpl;->getAlpnSelectedProtocol()[B (greylist-max-q,core-platform-api, reflection, denied)
11-21 03:31:57.997 W/ystem.analytic(29120): Accessing hidden method Lcom/android/org/conscrypt/AbstractConscryptSocket;->getAlpnSelectedProtocol()[B (greylist-max-q, reflection, denied)
11-21 03:31:58.085 I/Nat464Xlat( 1194): Android Xlat is disabled
11-21 03:31:58.086 D/QCNEJ/WlanStaInfoRelay( 1900): Received action: android.net.wifi.LINK_CONFIGURATION_CHANGED
11-21 03:31:58.086 E/QCNEJ/WlanStaInfoRelay( 1900): update link properties given null lp
11-21 03:31:58.147 D/QCNEJ/NativeHalConnector( 1900): -> SND notifyWifiAvailable(v4Connected = truev6Connected = , false, isAndroidValidated = true)
11-21 03:31:58.824 W/HWComposer(  577): Ignoring duplicate VSYNC event from HWC for display 0 (t=128662985077220)
11-21 03:31:58.858 W/HWComposer(  577): Ignoring duplicate VSYNC event from HWC for display 0 (t=128663018862636)
11-21 03:31:59.914 D/QCNEJ/WlanStaInfoRelay( 1900): Received action: android.net.wifi.RSSI_CHANGED
11-21 03:31:59.918 D/WearableConnectivityManager(29223): onWifiStrengthChange: -41
11-21 03:31:59.927 V/LigerRadioStatsReporter( 2384): onCapabilitiesChanged: Network capabilities changed
11-21 03:31:59.928 V/LigerRadioStatsReporter( 2384): reportAndCheckpointRadioStats
11-21 03:31:59.929 V/LigerRadioStatsReporter( 2384): +++++++++++ RADIO STATS DUMP +++++++++++
11-21 03:31:59.929 V/LigerRadioStatsReporter( 2384): totalActiveRadioTimeMs=0
11-21 03:31:59.929 V/LigerRadioStatsReporter( 2384): totalTailRadioTimeMs=13993
11-21 03:31:59.929 V/LigerRadioStatsReporter( 2384): totalWakeupCount=0
11-21 03:31:59.929 V/LigerRadioStatsReporter( 2384): httpUpBytes=0
11-21 03:31:59.929 V/LigerRadioStatsReporter( 2384): httpDownBytes=0
11-21 03:31:59.929 V/LigerRadioStatsReporter( 2384): httpWakeupCount=0
11-21 03:31:59.929 V/LigerRadioStatsReporter( 2384): httpRequestCount=0
11-21 03:31:59.929 V/LigerRadioStatsReporter( 2384): httpActiveRadioTimeMs=0
11-21 03:31:59.929 V/LigerRadioStatsReporter( 2384): httpTailRadioTimeMs=13993
11-21 03:31:59.929 V/LigerRadioStatsReporter( 2384): reportAndCheckpointRadioStats: Tx=0
11-21 03:31:59.929 V/LigerRadioStatsReporter( 2384): reportAndCheckpointRadioStats: Rx=0
11-21 03:31:59.930 V/LigerRadioStatsReporter( 2384): reportAndCheckpointRadioStats: Uids=10028
11-21 03:31:59.930 V/LigerRadioStatsReporter( 2384): reportAndCheckpointRadioStats: Tags=null
11-21 03:32:00.003 D/KeyguardUpdateMonitor( 1753): received broadcast android.intent.action.TIME_TICK
11-21 03:32:00.003 D/KeyguardUpdateMonitor( 1753): handleTimeUpdate
11-21 03:32:00.040 W/HWComposer(  577): Ignoring duplicate VSYNC event from HWC for display 0 (t=128664201238261)
11-21 03:32:00.074 W/HWComposer(  577): Ignoring duplicate VSYNC event from HWC for display 0 (t=128664235068000)
11-21 03:31:58.085 I/Nat464Xlat( 1194): Android Xlat is disabled
11-21 03:32:03.130 D/commandrouter( 1117): rtc_sync (1, rtc:sync): <ServiceRequest> FORWARDED (remote -> local) service client ID = 0, token ID = 45630
11-21 03:32:03.131 D/vendor.facebook.rtc_sync@1.0-service( 1129): Request req_ts=1637465523130126189 resp_ts=1637465523130999623
11-21 03:32:03.131 D/commandrouter( 1117): SocServiceHandle::onServiceMessage, SoC Service = rtc_sync, appType = 1, type = SVC_RESP, clientId = 0, token = 45630, payloadLen = 8, result = 0, payload.size() = 8
11-21 03:32:03.316 E/QMI_FW  ( 1113): qmi_cci_get_ref: ref count increased 2
11-21 03:32:03.317 E/QMI_FW  ( 1113): qmi_cci_get_ref: ref count increased 2
11-21 03:32:03.317 E/QMI_FW  ( 1113): qmi_cci_get_ref: ref count increased 2
11-21 03:32:13.119 D/commandrouter( 1117): rtc_sync (1, rtc:sync): <ServiceRequest> FORWARDED (remote -> local) service client ID = 0, token ID = 45631
11-21 03:32:13.119 D/vendor.facebook.rtc_sync@1.0-service( 1129): Request req_ts=1637465533121999623 resp_ts=1637465533119393369
11-21 03:32:13.119 D/commandrouter( 1117): SocServiceHandle::onServiceMessage, SoC Service = rtc_sync, appType = 1, type = SVC_RESP, clientId = 0, token = 45631, payloadLen = 8, result = 0, payload.size() = 8
11-21 03:32:14.354 I/chatty  ( 1194): uid=1000 system_server expire 3 lines
11-21 03:32:14.358 I/chatty  ( 1194): uid=1000(system) WifiScanningSer expire 2 lines
11-21 03:32:14.360 I/chatty  ( 1024): uid=1021(gps) lowi-server expire 222 lines
11-21 03:32:14.361 V/WifiHAL (  539): event received NL80211_CMD_TRIGGER_SCAN
11-21 03:32:14.467 V/WifiHAL (  539): event received NL80211_CMD_NEW_SCAN_RESULTS
11-21 03:32:14.468 I/chatty  ( 1194): uid=1000(system) Binder:1194_15 expire 8 lines
11-21 03:32:14.488 I/chatty  ( 1024): uid=1021(gps) lowi-server expire 7 lines
11-21 03:32:14.902 I/vendor.rmt_storage(  581): rmt_storage_connect_cb: clnt_h=0xc9 conn_h=0x93f2d030
11-21 03:32:14.902 I/vendor.rmt_storage(  581): rmt_storage_rw_iovec_cb: /boot/modem_fs2: req_h=0xc9 msg_id=3: R/W request received (wr_count 193)
11-21 03:32:14.902 I/vendor.rmt_storage(  581): wakelock acquired: 1, error no: 11
11-21 03:32:14.902 I/vendor.rmt_storage(  581): rmt_storage_client_thread: /boot/modem_fs2: Unblock worker thread (th_id: -1826115136)
11-21 03:32:14.990 I/vendor.rmt_storage(  581): rmt_storage_client_thread: /boot/modem_fs2: req_h=0xc9 msg_id=3: Bytes written = 1572864, wr_count 193
11-21 03:32:14.990 I/vendor.rmt_storage(  581): rmt_storage_client_thread: /boot/modem_fs2: req_h=0xc9 msg_id=3: Send response: res=0 err=0, wr_count 193
11-21 03:32:14.990 I/vendor.rmt_storage(  581): rmt_storage_client_thread: /boot/modem_fs2: About to block rmt_storage client thread (th_id: -1826115136) wakelock released: 1, error no: 0
11-21 03:32:14.990 I/vendor.rmt_storage(  581): 
11-21 03:32:14.995 I/vendor.rmt_storage(  581): rmt_storage_disconnect_cb: clnt_h=0xc9 conn_h=0x93f2d030
11-21 03:32:15.693 D/UIAutomatorStub(26720): URI: /jsonrpc/0, Method: POST, Header: {content-length=102, remote-addr=127.0.0.1, http-client-ip=127.0.0.1, host=localhost:9010, content-type=application/json, accept-encoding=identity}, params, {NanoHttpd.QUERY_STRING=null}, files: {postData={"jsonrpc": "2.0", "method": "pressKey", "id": "68a69cc823566159d1efac8447ee1b8e", "params": ["back"]}}
11-21 03:32:15.727 D/AutofillManagerService( 1194): onBackKeyPressed()
11-21 03:32:15.763 D/UIAutomatorStub(26720): URI: /jsonrpc/0, Method: POST, Header: {content-length=102, remote-addr=127.0.0.1, http-client-ip=127.0.0.1, host=localhost:9010, content-type=application/json, accept-encoding=identity}, params, {NanoHttpd.QUERY_STRING=null}, files: {postData={"jsonrpc": "2.0", "method": "pressKey", "id": "a036c235d72627325c40826c76015959", "params": ["back"]}}
11-21 03:32:16.101 E/QMI_FW  ( 1113): qmi_cci_get_ref: ref count increased 2
11-21 03:32:16.102 E/QMI_FW  ( 1113): qmi_cci_get_ref: ref count increased 2
11-21 03:32:16.126 I/WearableConnectivityManager(29223): LTE Signal strength is: 1
11-21 03:32:16.126 I/WearableConnectivityManager(29223): Cellular Signal strength is: 1
11-21 03:32:16.128 D/RadioLinkQualityScoreBuilder( 1975): scoreRsrp: 2scoreRsrq: 2scoreRssnr: 4
11-21 03:32:16.337 D/UIAutomatorStub(26720): URI: /jsonrpc/0, Method: POST, Header: {content-length=102, remote-addr=127.0.0.1, http-client-ip=127.0.0.1, host=localhost:9010, content-type=application/json, accept-encoding=identity}, params, {NanoHttpd.QUERY_STRING=null}, files: {postData={"jsonrpc": "2.0", "method": "pressKey", "id": "271f73de9c794fa371abfe26cfb63424", "params": ["back"]}}
11-21 03:32:16.809 I/chatty  ( 1194): uid=1000(system) Binder:1194_19 expire 1 line
11-21 03:32:16.841 I/chatty  ( 1194): uid=1000 system_server expire 1 line
11-21 03:32:16.857 D/ComplicationController(29223): Starting complication controller. Face Type: OdysseyWatchFace
11-21 03:32:16.866 E/DayDateSystemComplicationProvider(29223): Updating Day Date System Complication
11-21 03:32:16.866 D/ComplicationDataManagerImpl(29223): Updating complication data for package: com.facebook.wearable.apps.calendar, id: com.facebook.wearable.apps.calendar.DAY_DATE_COMPLICATION
11-21 03:32:16.867 D/ComplicationDataManagerImpl(29223): Updating complication data for package: com.facebook.wearable.apps.heart, id: com.facebook.wearable.apps.heart.HEART_RATE
