11-19 17:23:04.695 D/UIAutomatorStub( 5940): URI: /jsonrpc/0, Method: POST, Header: {content-length=229, remote-addr=127.0.0.1, http-client-ip=127.0.0.1, host=localhost:9012, content-type=application/json, accept-encoding=identity}, params, {NanoHttpd.QUERY_STRING=null}, files: {postData={"jsonrpc": "2.0", "method": "objInfo", "id": "e455c3355ed17cf0af9b2e2bd58f0ac1", "params": [{"mask": 2097152, "childOrSibling": [], "childOrSiblingSelector": [], "resourceId": "com.facebook.wearable.system.settings:id/toggle"}]}}
11-19 17:23:04.780 D/UIAutomatorStub( 5940): URI: /jsonrpc/0, Method: POST, Header: {content-length=227, remote-addr=127.0.0.1, http-client-ip=127.0.0.1, host=localhost:9012, content-type=application/json, accept-encoding=identity}, params, {NanoHttpd.QUERY_STRING=null}, files: {postData={"jsonrpc": "2.0", "method": "click", "id": "93ae79716be6346b091c256ae8b9425e", "params": [{"mask": 2097152, "childOrSibling": [], "childOrSiblingSelector": [], "resourceId": "com.facebook.wearable.system.settings:id/toggle"}]}}
11-19 17:23:04.839 D/WifiSharingService( 2870): Setting Wi-Fi enabled state
11-19 17:23:04.840 I/WifiService( 1186): setWifiEnabled package=com.facebook.wearable.system.connectivity uid=1000 enable=false
11-19 17:23:04.842 D/WifiActiveModeWarden( 1186): Switching all client mode managers
11-19 17:23:04.843 D/QCNEJ/WlanStaInfoRelay( 1907): onChange for uri = content://settings/global/wifi_on
11-19 17:23:04.847 E/QMI_FW  (  915): qmi_cci_get_ref: ref count increased 2
11-19 17:23:04.848 D/WifiP2pNative( 1186): Teardown P2P interface
11-19 17:23:04.850 D/WifiP2pService( 1186): Wifi enabled=false, P2P Interface availability=true
11-19 17:23:04.852 W/ContextImpl( 1186): Calling a method in the system process without a qualified user: android.app.ContextImpl.sendBroadcastMultiplePermissions:1143 android.content.Context.sendBroadcastWithMultiplePermissions:2150 com.android.server.display.WifiDisplayAdapter.handleSendStatusChangeBroadcast:440 com.android.server.display.WifiDisplayAdapter.access$1700:63 com.android.server.display.WifiDisplayAdapter$WifiDisplayHandler.handleMessage:675 
11-19 17:23:04.853 D/BluetoothAdapterService( 1710): android.net.wifi.WIFI_STATE_CHANGED
11-19 17:23:04.856 D/WifiP2pService( 1186): Wifi enabled=false, P2P Interface availability=true
11-19 17:23:04.859 D/WifiClientModeManager0( 1186): IMS not registered over IWLAN for subId: 1
11-19 17:23:04.859 D/WifiClientModeManager0( 1186): The target role 5
11-19 17:23:04.863 I/android_os_HwBinder( 1186): HwBinder: Starting thread pool for getting: android.hardware.wifi.supplicant@1.0::ISupplicant/default
11-19 17:23:04.865 I/wpa_supplicant(10211): wlan0: Do not deauthenticate as part of interface deinit since WoWLAN is enabled
11-19 17:23:04.904 I/wpa_supplicant(10211): Try to unregister vendor STA network
11-19 17:23:04.905 E/wpa_supplicant(10211): eap_proxy: pthread_join on eap_proxy=0xf5eaeac
11-19 17:23:04.905 E/wpa_supplicant(10211): eap_proxy: session not started for client = 1
11-19 17:23:04.905 E/QMI_FW  (10211): qmi_cci_get_ref: ref count increased 2
11-19 17:23:04.905 E/QMI_FW  (10211): qmi_cci_get_ref: ref count increased 2
11-19 17:23:04.907 E/wpa_supplicant(10211): eap_proxy: Released QMI UIM service client
11-19 17:23:04.907 E/QMI_FW  (10211): qmi_cci_get_ref: ref count increased 2
11-19 17:23:04.907 E/QMI_FW  (10211): qmi_cci_get_ref: ref count increased 2
11-19 17:23:04.908 E/wpa_supplicant(10211): eap_proxy: Released QMI EAP service client
11-19 17:23:04.908 E/wpa_supplicant(10211): eap_proxy: session not started for client = 2
11-19 17:23:04.908 E/QMI_FW  (10211): qmi_cci_get_ref: ref count increased 2
11-19 17:23:04.908 E/QMI_FW  (10211): qmi_cci_get_ref: ref count increased 2
11-19 17:23:04.910 E/wpa_supplicant(10211): eap_proxy: Released QMI UIM service client
11-19 17:23:04.910 E/QMI_FW  (10211): qmi_cci_get_ref: ref count increased 2
11-19 17:23:04.910 W/HWComposer(  598): Ignoring duplicate VSYNC event from HWC for display 0 (t=5672635926167)
11-19 17:23:04.910 E/QMI_FW  (10211): qmi_cci_get_ref: ref count increased 2
11-19 17:23:04.912 E/wpa_supplicant(10211): eap_proxy: Released QMI EAP service client
11-19 17:23:04.912 I/wpa_supplicant(10211): eap_proxy: eap_proxy Deinitialzed
11-19 17:23:04.949 I/wpa_supplicant(10211): nl80211: deinit ifname=wlan0 disabled_11b_rates=0
11-19 17:23:04.975 D/LOWI-9.0.0.80( 1026): [LOWINetlinkSocketReceiver] unpackRTMLinkMessage: RTM_NEWLINK - ifname wlan0, flags 0x11043 ([UP][RUNNING])
11-19 17:23:04.975 D/LOWI-9.0.0.80( 1026): [LOWINetlinkSocketReceiver] processNetlinkPacket: ifname(wlan0) status(2)
11-19 17:23:04.975 D/LOWI-9.0.0.80( 1026): [LOWIController] intfStateReceived: ifname(wlan0) state(2)
11-19 17:23:04.976 D/LOWI-9.0.0.80( 1026): [LOWIEventReceiver] handleEvent:FROM:NA, TO:NA, REQ:NA, IREQ:NA, REQ_ID:0, RESP:NA, INFO:INTF-STATUS-UPDATE
11-19 17:23:04.976 D/LOWI-9.0.0.80( 1026): [LOWIEventReceiver] Info to [INTF-STATUS-UPDATE]
11-19 17:23:04.976 D/LOWI-9.0.0.80( 1026): [LOWIController] updateIntfState: WIFI enabled 2 mNlWifiStatus 2 mWifiStateEnabled 1
11-19 17:23:04.976 D/LOWI-9.0.0.80( 1026): [LOWIController] isWifiEnabled: mNlWifiStatus 2 mWifiStateEnabled 1
11-19 17:23:04.978 I/wpa_supplicant(10211): Try to unregister vendor interface
11-19 17:23:04.981 I/SupplicantStaIfaceHal( 1186): Terminating supplicant using HIDL
11-19 17:23:04.984 I/wpa_supplicant(10211): p2p0: Do not deauthenticate as part of interface deinit since WoWLAN is enabled
11-19 17:23:05.054 E/wpa_supplicant(10211): eap_proxy: pthread_join on eap_proxy=0xf5eafa8
11-19 17:23:05.054 E/wpa_supplicant(10211): eap_proxy: session not started for client = 1
11-19 17:23:05.054 E/QMI_FW  (10211): qmi_cci_get_ref: ref count increased 2
11-19 17:23:05.054 E/QMI_FW  (10211): qmi_cci_get_ref: ref count increased 2
11-19 17:23:05.056 E/wpa_supplicant(10211): eap_proxy: Released QMI UIM service client
11-19 17:23:05.056 E/QMI_FW  (10211): qmi_cci_get_ref: ref count increased 2
11-19 17:23:05.056 E/QMI_FW  (10211): qmi_cci_get_ref: ref count increased 2
11-19 17:23:05.058 E/wpa_supplicant(10211): eap_proxy: Released QMI EAP service client
11-19 17:23:05.058 E/wpa_supplicant(10211): eap_proxy: session not started for client = 2
11-19 17:23:05.058 E/QMI_FW  (10211): qmi_cci_get_ref: ref count increased 2
11-19 17:23:05.058 E/QMI_FW  (10211): qmi_cci_get_ref: ref count increased 2
11-19 17:23:05.059 E/wpa_supplicant(10211): eap_proxy: Released QMI UIM service client
11-19 17:23:05.059 E/QMI_FW  (10211): qmi_cci_get_ref: ref count increased 2
11-19 17:23:05.059 E/QMI_FW  (10211): qmi_cci_get_ref: ref count increased 2
11-19 17:23:05.060 E/wpa_supplicant(10211): eap_proxy: Released QMI EAP service client
11-19 17:23:05.060 I/wpa_supplicant(10211): eap_proxy: eap_proxy Deinitialzed
11-19 17:23:05.086 I/wpa_supplicant(10211): nl80211: deinit ifname=p2p0 disabled_11b_rates=0
11-19 17:23:05.135 D/LOWI-9.0.0.80( 1026): [LOWINetlinkSocketReceiver] unpackRTMLinkMessage: RTM_NEWLINK - ifname p2p0, flags 0x1003 ([UP])
11-19 17:23:05.154 D/LOWI-9.0.0.80( 1026): [LOWINetlinkSocketReceiver] unpackRTMLinkMessage: RTM_NEWLINK - ifname p2p0, flags 0x1002 ()
11-19 17:23:05.168 D/LOWI-9.0.0.80( 1026): [LOWINetlinkSocketReceiver] unpackRTMLinkMessage: RTM_NEWLINK - ifname p2p0, flags 0x1002 ()
11-19 17:23:05.171 I/wpa_supplicant(10211): Try to unregister vendor p2 interface
11-19 17:23:05.173 I/WifiP2pNative( 1186): P2P interface teardown completed
11-19 17:23:05.173 D/WifiP2pNative( 1186): P2P InterfaceDestroyedListener p2p0
11-19 17:23:05.173 D/WifiP2pNative( 1186): Ignoring stale interface destroyed listener
11-19 17:23:05.174 D/WifiP2pNative( 1186): P2P InterfaceAvailableListener true
11-19 17:23:05.174 D/WifiP2pService( 1186): Wifi enabled=false, P2P Interface availability=true
11-19 17:23:05.175 I/android_os_HwBinder( 1186): HwBinder: Starting thread pool for getting: android.hardware.wifi.supplicant@1.0::ISupplicant/default
11-19 17:23:05.176 I/wpa_supplicant(10211): Terminating...
11-19 17:23:05.179 D/LOWI-9.0.0.80( 1026): [LOWINetlinkSocketReceiver] unpackRTMLinkMessage: RTM_NEWLINK - ifname wlan0, flags 0x1003 ([UP])
11-19 17:23:05.179 D/LOWI-9.0.0.80( 1026): [LOWINetlinkSocketReceiver] processNetlinkPacket: ifname(wlan0) status(1)
11-19 17:23:05.179 D/LOWI-9.0.0.80( 1026): [LOWIController] intfStateReceived: ifname(wlan0) state(1)
11-19 17:23:05.179 D/LOWI-9.0.0.80( 1026): [LOWIEventReceiver] handleEvent:FROM:NA, TO:NA, REQ:NA, IREQ:NA, REQ_ID:0, RESP:NA, INFO:INTF-STATUS-UPDATE
11-19 17:23:05.179 D/LOWI-9.0.0.80( 1026): [LOWIEventReceiver] Info to [INTF-STATUS-UPDATE]
11-19 17:23:05.179 D/LOWI-9.0.0.80( 1026): [LOWIController] updateIntfState: WIFI enabled 1 mNlWifiStatus 2 mWifiStateEnabled 1
11-19 17:23:05.179 D/LOWI-9.0.0.80( 1026): [LOWIController] isWifiEnabled: mNlWifiStatus 1 mWifiStateEnabled 1
11-19 17:23:05.213 D/ConnectivityService( 1186): handleLingerComplete for [101 CELLULAR]
11-19 17:23:05.221 D/LOWI-9.0.0.80( 1026): [LOWINetlinkSocketReceiver] unpackRTMLinkMessage: RTM_NEWLINK - ifname wlan0, flags 0x1003 ([UP])
11-19 17:23:05.221 D/LOWI-9.0.0.80( 1026): [LOWINetlinkSocketReceiver] processNetlinkPacket: ifname(wlan0) status(1)
11-19 17:23:05.221 D/LOWI-9.0.0.80( 1026): [LOWIController] intfStateReceived: ifname(wlan0) state(1)
11-19 17:23:05.224 D/LOWI-9.0.0.80( 1026): [LOWIEventReceiver] handleEvent:FROM:NA, TO:NA, REQ:NA, IREQ:NA, REQ_ID:0, RESP:NA, INFO:INTF-STATUS-UPDATE
11-19 17:23:05.224 D/LOWI-9.0.0.80( 1026): [LOWIEventReceiver] Info to [INTF-STATUS-UPDATE]
11-19 17:23:05.224 V/WifiHAL (  544): event received NL80211_CMD_DISCONNECT
11-19 17:23:05.224 D/LOWI-9.0.0.80( 1026): [LOWIController] updateIntfState: WIFI enabled 1 mNlWifiStatus 1 mWifiStateEnabled 1
11-19 17:23:05.224 D/LOWI-9.0.0.80( 1026): [LOWIController] isWifiEnabled: mNlWifiStatus 1 mWifiStateEnabled 1
11-19 17:23:05.227 W/SupplicantStaIfaceHal( 1186): Timed out waiting for confirmation of supplicant death
11-19 17:23:05.228 E/SupplicantStaIfaceHal( 1186): Can't call getKeyMgmtCapabilities_1_3, ISupplicantStaIface is null
11-19 17:23:05.228 W/system_server( 1186): Long monitor contention with owner WifiHandlerThread (1641) at boolean com.android.server.wifi.SupplicantStaIfaceHal.removeIfaceV1_1(java.lang.String)(SupplicantStaIfaceHal.java:810) waiters=0 in void com.android.server.wifi.SupplicantStaIfaceCallbackImpl.onNetworkRemoved(int) for 323ms
11-19 17:23:05.230 V/WifiHAL (  544): WifiVendorCommand 0xaadf1b98 created vendor_id:0x1374 subcmd:38
11-19 17:23:05.230 V/WifiHAL (  544): Got a Wi-Fi HAL module message from Driver
11-19 17:23:05.231 V/WifiHAL (  544): Supported feature set : 19d3d
11-19 17:23:05.231 V/WifiHAL (  544): Supported feature set acquired : 19d3d
11-19 17:23:05.231 V/WifiHAL (  544): WifiVendorCommand 0x98689500 created vendor_id:0x1374 subcmd:76
11-19 17:23:05.231 D/QCNEJ/WwanInfoRelay( 1907): onCapabilitiesChanged: 101 [ Transports: CELLULAR Capabilities: MMS&SUPL&FOTA&INTERNET&NOT_RESTRICTED&TRUSTED&NOT_VPN&VALIDATED&NOT_ROAMING&NOT_CONGESTED&NOT_SUSPENDED LinkUpBandwidth>=15000Kbps LinkDnBandwidth>=30000Kbps Specifier: <TelephonyNetworkSpecifier [mSubId = 1]> AdministratorUids: [] RequestorUid: -1 RequestorPackageName: null]
11-19 17:23:05.231 V/WifiHAL (  544): create: mVendor_id = 4980, Subcmd = 76.
11-19 17:23:05.232 I/QCNEJ/WwanInfoRelay( 1907): cacheWwanInfo subId = 1 phoneId = 0 slotId = 0
11-19 17:23:05.233 V/WifiHAL (  544): WifiVendorCommand 0xaadf1cc8 created vendor_id:0x1374 subcmd:38
11-19 17:23:05.235 W/SupplicantP2pIfaceHal( 1186): ISupplicant/ISupplicantP2pIface died: cookie=0
11-19 17:23:05.235 D/SupplicantStaIfaceHal( 1186): ISupplicant died: cookie=-7106504424812763873
11-19 17:23:05.235 W/SupplicantStaIfaceHal( 1186): ISupplicantVendor/ISupplicantVendorStaIface died: cookie=0
11-19 17:23:05.235 W/SupplicantP2pIfaceHal( 1186): ISupplicantVendor/ISupplicantVendorP2PIface died: cookie=0
11-19 17:23:05.235 W/SupplicantStaIfaceHal( 1186): ISupplicantVendor/ISupplicantVendorStaIface died: cookie=0
11-19 17:23:05.236 W/SupplicantP2pIfaceHal( 1186): ISupplicant/ISupplicantP2pIface died: cookie=0
11-19 17:23:05.236 W/SupplicantP2pIfaceHal( 1186): ISupplicantVendor/ISupplicantVendorP2PIface died: cookie=0
11-19 17:23:05.236 D/mcu_health_checker( 1029): Sent MCU Health Request
11-19 17:23:05.236 D/commandrouter( 1006): SocServiceHandle::onServiceMessage, SoC Service = mcu_healthcheck_1029, appType = 1, type = SVC_REQ, clientId = 0, token = 187, payloadLen = 12, result = 0, payload.size() = 12
11-19 17:23:05.236 V/WifiHAL (  544): Got a Wi-Fi HAL module message from Driver
11-19 17:23:05.236 V/WifiHAL (  544): Supported feature set : 19d3d
11-19 17:23:05.237 V/WifiHAL (  544): Supported feature set acquired : 19d3d
11-19 17:23:05.237 V/WifiHAL (  544): WifiVendorCommand 0x98689500 created vendor_id:0x1374 subcmd:76
11-19 17:23:05.237 V/WifiHAL (  544): create: mVendor_id = 4980, Subcmd = 76.
11-19 17:23:05.239 D/commandrouter( 1006): mcu_healthcheck_1029 (1, merlot:mcu_health:control): <ServiceResponse> FORWARDED (remote -> local) CR token ID = 187, service client ID = 40, token ID = 542, result = 0
11-19 17:23:05.239 D/mcu_health_checker( 1029): MCU Health Response: MCU_OK
11-19 17:23:05.239 D/mcu_health_checker( 1029): MCU Session 0, uptime = 5636795 ms
11-19 17:23:05.239 D/mculinkhealth( 1029): isMcuReachable 1 (3 ms)
11-19 17:23:05.244 E/SupplicantStaIfaceHal( 1186): Can't call getWpaDriverFeatureSet, ISupplicantStaIface is null
11-19 17:23:05.245 I/WifiNative( 1186): Successfully switched to scan mode on iface=Iface:{Name=wlan0,Id=0,Type=STA_SCAN}
11-19 17:23:05.245 D/BluetoothAdapterService( 1710): Soft AP is on band: 1
11-19 17:23:05.247 D/BluetoothVendorService( 1710): getPowerBackoff 
11-19 17:23:05.247 D/BluetoothVendorService( 1710): setPowerBackoff to: false
11-19 17:23:05.247 I/BluetoothVendorJni( 1710): setPowerBackoffNative
11-19 17:23:05.247 I/bt_btif_vendor( 1710): setPowerBackOffState :0 
11-19 17:23:05.248 W/bt_btif ( 1710): bta_dm_power_back_off: power_back_off feature not supported
11-19 17:23:05.248 D/BluetoothAdapterService( 1710): android.net.wifi.WIFI_STATE_CHANGED
11-19 17:23:05.264 I/wificond(  911): Fail RSSI polling because wifi is not associated.
11-19 17:23:05.265 E/WifiNl80211Manager( 1186): Invalid signal poll result from wificond
11-19 17:23:05.268 W/SupplicantStaIfaceHal( 1186): ISupplicant died: cookie=39
11-19 17:23:05.268 D/WifiClientModeManager0( 1186): entering ScanOnlyModeState
11-19 17:23:05.269 D/WifiScanRequestProxy( 1186): Sending scan available broadcast: true
11-19 17:23:05.269 D/WifiP2pService( 1186): Wifi enabled=false, P2P Interface availability=true
11-19 17:23:05.269 I/WifiScanningService( 1186): Received a request to enable scanning, UID = 1000
11-19 17:23:05.269 I/WifiScanningService( 1186): scanner impls already exists
11-19 17:23:05.270 E/WifiScanningService( 1186): wifi driver loaded received while already loaded
11-19 17:23:05.271 I/WifiScanRequestProxy( 1186): Scanning is enabled
11-19 17:23:05.271 I/WifiScanRequestProxy( 1186): Scanning for hidden networks is disabled
11-19 17:23:05.272 D/WakeupController( 1186): start()
11-19 17:23:05.273 D/WakeupController( 1186): Setting active to true
11-19 17:23:05.280 D/WakeupLock( 1186): Lock set. Number of networks: 1
11-19 17:23:05.281 D/WifiClientModeImpl( 1186): ClientModeImpl: Leaving Connected state
11-19 17:23:05.283 D/WifiCountryCode( 1186): updateCountryCode to US
11-19 17:23:05.283 E/SupplicantStaIfaceHal( 1186): Can't call setCountryCode, ISupplicantStaIface is null
11-19 17:23:05.283 D/WifiCountryCode( 1186): Failed to set country code to: US
11-19 17:23:05.290 E/SupplicantStaIfaceHal( 1186): Can't call listNetworks, ISupplicantStaIface is null
11-19 17:23:05.290 E/SupplicantStaIfaceHal( 1186): removeAllNetworks failed, got null networks
11-19 17:23:05.290 E/WifiClientModeImpl( 1186): Failed to remove networks on exiting connect mode
11-19 17:23:05.291 E/WakeupController( 1186): Unexpected setLastDisconnectInfo when WakeupController is active!
11-19 17:23:05.292 E/WifiVendorHal( 1186): stopRssiMonitoring(l.2106) failed {.code = ERROR_NOT_AVAILABLE, .description = }
11-19 17:23:05.293 E/SupplicantStaIfaceHal( 1186): Can't call setPowerSave, ISupplicantStaIface is null
11-19 17:23:05.293 E/SupplicantStaIfaceHal( 1186): Can't call setBtCoexistenceMode, ISupplicantStaIface is null
11-19 17:23:05.293 V/WifiClientModeImpl( 1186): stopIpClient IpClientWithPreConnection: false
11-19 17:23:05.293 V/WifiClientModeImpl( 1186): java.lang.Throwable
11-19 17:23:05.293 V/WifiClientModeImpl( 1186): 	at com.android.server.wifi.ClientModeImpl.stopIpClient(ClientModeImpl.java:1127)
11-19 17:23:05.293 V/WifiClientModeImpl( 1186): 	at com.android.server.wifi.ClientModeImpl.stopDhcpSetup(ClientModeImpl.java:1153)
11-19 17:23:05.293 V/WifiClientModeImpl( 1186): 	at com.android.server.wifi.ClientModeImpl.handleNetworkDisconnect(ClientModeImpl.java:2945)
11-19 17:23:05.293 V/WifiClientModeImpl( 1186): 	at com.android.server.wifi.ClientModeImpl.stopClientMode(ClientModeImpl.java:3889)
11-19 17:23:05.293 V/WifiClientModeImpl( 1186): 	at com.android.server.wifi.ClientModeImpl.access$4600(ClientModeImpl.java:176)
11-19 17:23:05.293 V/WifiClientModeImpl( 1186): 	at com.android.server.wifi.ClientModeImpl$ConnectModeState.exit(ClientModeImpl.java:4064)
11-19 17:23:05.293 V/WifiClientModeImpl( 1186): 	at com.android.wifi.x.com.android.internal.util.StateMachine$SmHandler.invokeExitMethods(StateMachine.java:1021)
11-19 17:23:05.293 V/WifiClientModeImpl( 1186): 	at com.android.wifi.x.com.android.internal.util.StateMachine$SmHandler.performTransitions(StateMachine.java:877)
11-19 17:23:05.293 V/WifiClientModeImpl( 1186): 	at com.android.wifi.x.com.android.internal.util.StateMachine$SmHandler.handleMessage(StateMachine.java:819)
11-19 17:23:05.293 V/WifiClientModeImpl( 1186): 	at android.os.Handler.dispatchMessage(Handler.java:106)
11-19 17:23:05.293 V/WifiClientModeImpl( 1186): 	at android.os.Looper.loop(Looper.java:223)
11-19 17:23:05.293 V/WifiClientModeImpl( 1186): 	at android.os.HandlerThread.run(HandlerThread.java:67)
11-19 17:23:05.294 D/DhcpClient( 1186): doQuit
11-19 17:23:05.295 D/ConnectivityService( 1186): [120 WIFI] EVENT_NETWORK_INFO_CHANGED, going from CONNECTED to DISCONNECTED
11-19 17:23:05.295 D/ConnectivityService( 1186): [120 WIFI] disconnected, was satisfying 28
11-19 17:23:05.297 D/QCNEJ/WlanStaInfoRelay( 1907): Received action: android.net.wifi.STATE_CHANGE
11-19 17:23:05.297 D/WifiConnector( 2870): Network State Changed
11-19 17:23:05.297 D/QCNEJ/WlanStaInfoRelay( 1907): reset CountryCodeRetriever
11-19 17:23:05.297 D/WifiDiags( 1186): stopLogging() iface list is {} after removing wlan0
11-19 17:23:05.299 E/WifiVendorHal( 1186): resetLogHandler(l.1558) failed {.code = ERROR_NOT_AVAILABLE, .description = }
11-19 17:23:05.299 W/WifiDiags( 1186): Fail to reset log handler
11-19 17:23:05.302 E/QMI_FW  (  915): qmi_cci_get_ref: ref count increased 2
11-19 17:23:05.304 E/QMI_FW  (  915): qmi_cci_get_ref: ref count increased 2
11-19 17:23:05.309 E/QMI_FW  ( 1042): qmi_cci_get_ref: ref count increased 2
11-19 17:23:05.319 D/WifiMemoryStoreImpl( 1186): Set cluster Ga6eb8feabe7908d4 for W958a1754935a727: SUCCESS
11-19 17:23:05.320 E/QMI_FW  ( 1042): qmi_cci_get_ref: ref count increased 2
11-19 17:23:05.332 E/QMI_FW  ( 1042): qmi_cci_get_ref: ref count increased 2
11-19 17:23:05.344 I/chatty  ( 1042): uid=1001(radio) main identical 6 lines
11-19 17:23:05.345 E/QMI_FW  ( 1042): qmi_cci_get_ref: ref count increased 2
11-19 17:23:05.349 E/QMI_FW  ( 1042): qmi_cci_get_ref: ref count increased 2
11-19 17:23:05.353 I/GnssNetworkConnectivityHandler( 1186): Network connection lost. Available networks count: 1
11-19 17:23:05.354 I/GnssNetworkConnectivityHandler( 1186): updateNetworkState, state=CLOSED, connected=false, network=120, capabilities=[ Transports: WIFI Capabilities: NOT_METERED&INTERNET&NOT_RESTRICTED&TRUSTED&NOT_VPN&VALIDATED&NOT_ROAMING&FOREGROUND&NOT_CONGESTED&NOT_SUSPENDED LinkUpBandwidth>=66000Kbps LinkDnBandwidth>=66000Kbps SignalStrength: -37 OwnerUid: 1000 AdministratorUids: [] SSID: "MTBF_Lab" RequestorUid: -1 RequestorPackageName: null], apn: , availableNetworkCount: 1
11-19 17:23:05.356 W/LocSvc_LocIpc(  527): send:66] failed reason: No such file or directory
11-19 17:23:05.356 D/QCNEJ/WlanStaInfoRelay( 1907): network lost: 120
11-19 17:23:05.357 D/DeviceAuthService( 4216): Network lost
11-19 17:23:05.357 D/QCNEJ/WlanStaInfoRelay( 1907): onLost: unbind the process to WIFI
11-19 17:23:05.358 D/QCNEJ/DefaultNetworkInfoRelay( 1907): Default network lost: 120
11-19 17:23:05.359 D/QCNEJ/NativeHalConnector( 1907): -> SND notifyDefaultNetworkChanged(1)
11-19 17:23:05.362 D/NetworkManager( 5624): ConnectivityManager.NetworkCallback#onLost()
11-19 17:23:05.362 D/NetworkManager( 5665): ConnectivityManager.NetworkCallback#onLost()
11-19 17:23:05.363 I/Nat464Xlat( 1186): Android Xlat is disabled
11-19 17:23:05.363 E/QMI_FW  ( 1042): qmi_cci_get_ref: ref count increased 2
11-19 17:23:05.379 I/chatty  ( 1042): uid=1001(radio) main identical 5 lines
11-19 17:23:05.389 E/QMI_FW  ( 1042): qmi_cci_get_ref: ref count increased 2
11-19 17:23:05.394 D/DhcpClient( 1186): DHCP Packet Handler stopped
11-19 17:23:05.394 D/DhcpClient( 1186): onQuitting
11-19 17:23:05.404 W/MqttClient( 2620): connection/disconnecting; reason=READ_SOCKET, operation=NETWORK_THREAD_LOOP
11-19 17:23:05.405 W/System.err( 2620): DEBUG: com.whatsapp.net.tls13.WtSocketWrapper.sendAlertAndShutdown(:86) : Sending Alert : type : WARNING description : close_notify(0) exception : 
11-19 17:23:05.405 W/System.err( 2620): ERROR: com.whatsapp.net.logging.WtLog.log$REDEX$HQcOuACUrr4(:4) : Encountered exception. Nothing much can be done here. com.whatsapp.net.alerts.WtAlertException
11-19 17:23:05.363 I/Nat464Xlat( 1186): Android Xlat is disabled
11-19 17:23:05.430 D/ConnectivityService( 1186): Sending DISCONNECTED broadcast for type 1 [120 WIFI] isDefaultNetwork=true
11-19 17:23:05.432 D/ConnectivityService( 1186): NetReassign [66 : null  101, 44 : null  101, 64 : null  101, 11 : null  101, 63 : null  101, 17 : null  101, 25 : null  101, 1 : null  101, 65 : null  101, 8 : null  101, 12 : null  101, 14 : null  101, 16 : null  101, 22 : null  101, 78 : null  101, 31 : null  101, 32 : null  101]
11-19 17:23:05.434 E/NetlinkEvent(  462): NetlinkEvent::FindParam(): Parameter 'INTERFACE' not found
11-19 17:23:05.435 E/NetlinkEvent(  462): NetlinkEvent::FindParam(): Parameter 'STATE' not found
11-19 17:23:05.435 E/NetlinkEvent(  462): NetlinkEvent::FindParam(): Parameter 'TIME_NS' not found
11-19 17:23:05.435 E/NetlinkEvent(  462): NetlinkEvent::FindParam(): Parameter 'UID' not found
11-19 17:23:05.444 D/BluetoothAdapterService( 1710): Soft AP is on band: 1
11-19 17:23:05.445 D/BluetoothVendorService( 1710): getPowerBackoff 
11-19 17:23:05.445 D/BluetoothAdapterService( 1710): android.net.wifi.WIFI_STATE_CHANGED
11-19 17:23:05.447 E/WifiNative( 1186): Could not get Iface object for interface null
11-19 17:23:05.447 D/WifiNetworkAgent( 1186): NetworkAgent: NetworkAgent channel lost
11-19 17:23:05.450 D/ConnectivityService( 1186): Switching to new default network: NetworkAgentInfo{ ni{[type: MOBILE[LTE], state: CONNECTED/CONNECTED, reason: (unspecified), extra: enhancedphone, failover: false, available: true, roaming: false]}  network{101}  nethandle{437197393933}  lp{{InterfaceName: rmnet_data2 LinkAddresses: [ 10.55.48.101/30,2600:381:4804:c4b6:8cdc:8f0b:afe1:ec6b/64 ] DnsAddresses: [ /172.26.38.2,/fc00:a:a::400 ] Domains: null MTU: 1430 TcpBufferSizes: 2097152,4194304,8388608,262144,524288,1048576 Routes: [ 0.0.0.0/0 -> 10.55.48.102 rmnet_data2 mtu 1430,::/0 -> fe80::9db2:334d:2872:1e0a rmnet_data2 mtu 1430,10.55.48.100/30 -> 0.0.0.0 rmnet_data2 mtu 0,2600:381:4804:c4b6::/64 -> :: rmnet_data2 mtu 0 ]}}  nc{[ Transports: CELLULAR Capabilities: MMS&SUPL&FOTA&INTERNET&NOT_RESTRICTED&TRUSTED&NOT_VPN&VALIDATED&NOT_ROAMING&NOT_CONGESTED&NOT_SUSPENDED LinkUpBandwidth>=15000Kbps LinkDnBandwidth>=30000Kbps Specifier: <TelephonyNetworkSpecifier [mSubId = 1]> AdministratorUids: [] RequestorUid: -1 RequestorPackageName: null]}  Score{50}  everValidated{true}  lastValidated{true}  created{true} lingering{false} explicitlySelected{false} acceptUnvalidated{false} everCaptivePortalDetected{false} lastCaptivePortalDetected{false} partialConnectivity{false} acceptPartialConnectivity{false} clat{mBaseIface: null, mIface: null, mState: IDLE} }
11-19 17:23:05.455 D/BluetoothAdapterService( 1710): Soft AP is on band: 1
11-19 17:23:05.457 D/BluetoothVendorService( 1710): getPowerBackoff 
11-19 17:23:05.457 D/BluetoothAdapterService( 1710): android.net.wifi.STATE_CHANGE
11-19 17:23:05.458 D/BluetoothVendorService( 1710): setWifiState to: false
11-19 17:23:05.458 I/BluetoothVendorJni( 1710): setWifiStateNative
11-19 17:23:05.459 I/bt_btif_vendor( 1710): setWifiState :0
11-19 17:23:05.460 W/bt_btm  ( 1710): btm_cb.is_wifi_connected = 0 
11-19 17:23:05.501 D/WifiMemoryStoreImpl( 1186): Set cluster Ga6eb8feabe7908d4 for Wa6eb8feabe7908d4: SUCCESS
11-19 17:23:05.507 E/WifiNative( 1186): Could not get Iface object for interface null
11-19 17:23:05.512 E/StickerBundleDatabaseWorker( 2334): Failed to fetch sticker bundles:
11-19 17:23:05.512 E/StickerBundleDatabaseWorker( 2334): kotlinx.coroutines.JobCancellationException: Job was cancelled; job=JobImpl{Cancelling}@470c835
11-19 17:23:05.512 I/WM-WorkerWrapper( 2334): Work [ id=e596069b-4a6f-495d-b19d-a8669de7ea86, tags={ com.facebook.wearable.system.selfcare.sharing.StickerBundleDatabaseWorker } ] was cancelled
11-19 17:23:05.512 I/WM-WorkerWrapper( 2334): java.util.concurrent.CancellationException: Task was cancelled.
11-19 17:23:05.512 I/WM-WorkerWrapper( 2334): 	at androidx.work.impl.utils.futures.AbstractFuture.getDoneValue(:32)
11-19 17:23:05.512 I/WM-WorkerWrapper( 2334): 	at androidx.work.impl.utils.futures.AbstractFuture.get(:268435546)
11-19 17:23:05.512 I/WM-WorkerWrapper( 2334): 	at androidx.work.impl.WorkerWrapper$2.run(:3)
11-19 17:23:05.512 I/WM-WorkerWrapper( 2334): 	at androidx.work.impl.utils.SerialExecutor$Task.run(:2)
11-19 17:23:05.512 I/WM-WorkerWrapper( 2334): 	at java.util.concurrent.ThreadPoolExecutor.runWorker(ThreadPoolExecutor.java:1167)
11-19 17:23:05.512 I/WM-WorkerWrapper( 2334): 	at java.util.concurrent.ThreadPoolExecutor$Worker.run(ThreadPoolExecutor.java:641)
11-19 17:23:05.512 I/WM-WorkerWrapper( 2334): 	at java.lang.Thread.run(Thread.java:923)
11-19 17:23:05.550 D/NetworkManager( 5665): ConnectivityManager.NetworkCallback#onCapabilitiesChanged()
11-19 17:23:05.550 D/NetworkManager( 5665): connected: true
11-19 17:23:05.556 D/NetworkTimeUpdateService( 1186): New default network 101; checking time.
11-19 17:23:05.559 D/NetworkManager( 5624): ConnectivityManager.NetworkCallback#onCapabilitiesChanged()
11-19 17:23:05.559 D/NetworkManager( 5624): connected: true
11-19 17:23:05.559 D/MediaBrowserClient( 5624): checkCredentialsAndInitPinPairing()
11-19 17:23:05.562 V/LigerRadioStatsReporter( 2357): onCapabilitiesChanged: Network capabilities changed
11-19 17:23:05.562 V/LigerRadioStatsReporter( 2357): reportAndCheckpointRadioStats
11-19 17:23:05.562 V/LigerRadioStatsReporter( 2357): +++++++++++ RADIO STATS DUMP +++++++++++
11-19 17:23:05.562 V/LigerRadioStatsReporter( 2357): totalActiveRadioTimeMs=0
11-19 17:23:05.562 V/LigerRadioStatsReporter( 2357): totalTailRadioTimeMs=13995
11-19 17:23:05.562 V/LigerRadioStatsReporter( 2357): totalWakeupCount=0
11-19 17:23:05.562 V/LigerRadioStatsReporter( 2357): httpUpBytes=0
11-19 17:23:05.562 V/LigerRadioStatsReporter( 2357): httpDownBytes=0
11-19 17:23:05.563 V/LigerRadioStatsReporter( 2357): httpWakeupCount=0
11-19 17:23:05.563 V/LigerRadioStatsReporter( 2357): httpRequestCount=0
11-19 17:23:05.563 V/LigerRadioStatsReporter( 2357): httpActiveRadioTimeMs=0
11-19 17:23:05.563 V/LigerRadioStatsReporter( 2357): httpTailRadioTimeMs=13995
11-19 17:23:05.563 V/LigerRadioStatsReporter( 2357): reportAndCheckpointRadioStats: Tx=0
11-19 17:23:05.563 V/LigerRadioStatsReporter( 2357): reportAndCheckpointRadioStats: Rx=0
11-19 17:23:05.563 V/LigerRadioStatsReporter( 2357): reportAndCheckpointRadioStats: Uids=10027
11-19 17:23:05.563 V/LigerRadioStatsReporter( 2357): reportAndCheckpointRadioStats: Tags=null
11-19 17:23:05.570 W/MediaBrowserClient( 5624): Tried to send custom action CHECK_CREDENTIALS_VALID_ACTION but client was not connected
11-19 17:23:05.572 V/LigerRadioStatsReporter( 5665): onCapabilitiesChanged: Network capabilities changed
11-19 17:23:05.572 V/LigerRadioStatsReporter( 5665): reportAndCheckpointRadioStats
11-19 17:23:05.573 V/LigerRadioStatsReporter( 5665): +++++++++++ RADIO STATS DUMP +++++++++++
11-19 17:23:05.573 V/LigerRadioStatsReporter( 5665): totalActiveRadioTimeMs=0
11-19 17:23:05.573 V/LigerRadioStatsReporter( 5665): totalTailRadioTimeMs=13998
11-19 17:23:05.573 V/LigerRadioStatsReporter( 5665): totalWakeupCount=0
11-19 17:23:05.573 V/LigerRadioStatsReporter( 5665): httpUpBytes=0
11-19 17:23:05.573 V/LigerRadioStatsReporter( 5665): httpDownBytes=0
11-19 17:23:05.573 V/LigerRadioStatsReporter( 5665): httpWakeupCount=0
11-19 17:23:05.573 V/LigerRadioStatsReporter( 5665): httpRequestCount=0
11-19 17:23:05.573 V/LigerRadioStatsReporter( 5665): httpActiveRadioTimeMs=0
11-19 17:23:05.573 V/LigerRadioStatsReporter( 5665): httpTailRadioTimeMs=13998
11-19 17:23:05.574 V/LigerRadioStatsReporter( 5665): reportAndCheckpointRadioStats: Tx=0
11-19 17:23:05.574 V/LigerRadioStatsReporter( 5665): reportAndCheckpointRadioStats: Rx=0
11-19 17:23:05.574 V/LigerRadioStatsReporter( 5665): reportAndCheckpointRadioStats: Uids=10067
11-19 17:23:05.574 V/LigerRadioStatsReporter( 5665): reportAndCheckpointRadioStats: Tags=null
11-19 17:23:05.577 D/QCNEJ/DefaultNetworkInfoRelay( 1907): Default network available: 101
11-19 17:23:05.578 D/DeviceAuthService( 4216): Network connected
11-19 17:23:05.578 D/DeviceAuthService( 4216): fetchAuthTokenWrapper called
11-19 17:23:05.578 D/QCNEJ/NativeHalConnector( 1907): -> SND notifyDefaultNetworkChanged(0)
11-19 17:23:05.579 E/QMI_FW  (  915): qmi_cci_get_ref: ref count increased 2
11-19 17:23:05.582 E/QMI_FW  (  915): qmi_cci_get_ref: ref count increased 2
11-19 17:23:05.597 D/QCNEJ/WwanInfoRelay( 1907): onCapabilitiesChanged: 101 [ Transports: CELLULAR Capabilities: MMS&SUPL&FOTA&INTERNET&NOT_RESTRICTED&TRUSTED&NOT_VPN&VALIDATED&NOT_ROAMING&FOREGROUND&NOT_CONGESTED&NOT_SUSPENDED LinkUpBandwidth>=15000Kbps LinkDnBandwidth>=30000Kbps Specifier: <TelephonyNetworkSpecifier [mSubId = 1]> AdministratorUids: [] RequestorUid: -1 RequestorPackageName: null]
11-19 17:23:05.599 V/LigerRadioStatsReporter( 2357): onCapabilitiesChanged: Network capabilities changed
11-19 17:23:05.599 D/NetworkManager( 5624): ConnectivityManager.NetworkCallback#onCapabilitiesChanged()
11-19 17:23:05.600 D/NetworkManager( 5624): connected: true
11-19 17:23:05.600 I/QCNEJ/WwanInfoRelay( 1907): cacheWwanInfo subId = 1 phoneId = 0 slotId = 0
11-19 17:23:05.600 V/LigerRadioStatsReporter( 5665): onCapabilitiesChanged: Network capabilities changed
11-19 17:23:05.600 D/ConnectivityService( 1186): Sending CONNECTED broadcast for type 0 [101 CELLULAR] isDefaultNetwork=true
11-19 17:23:05.612 D/NetworkManager( 5665): ConnectivityManager.NetworkCallback#onCapabilitiesChanged()
11-19 17:23:05.612 D/NetworkManager( 5665): connected: true
11-19 17:23:05.618 D/DeviceAuthService( 4216): isOculusAddressResolvable returned true
11-19 17:23:05.618 D/DeviceAuthenticator( 4216): Fetching new credentials asynchronously
11-19 17:23:05.618 D/DeviceAuthenticator( 4216): Calling DeviceAuth.authenticate()
11-19 17:23:05.627 E/DeviceCertService(  545): This device *might* have a provisioning issue. Please run `maui provision check` to verify.
11-19 17:23:05.627 E/DeviceCertService(  545): See https://fburl.com/wiki/a9hho0p9 for more information.
11-19 17:23:05.627 E/DeviceCertService(  545): Could not access certificate file '/mnt/vendor/persist/certificates/device_identityinsecure.crt', error 2: No such file or directory
11-19 17:23:05.627 E/DeviceAuthenticator( 4216): ERROR: java.lang.RuntimeException: devicecert returned error FILESYSTEM_ERROR
11-19 17:23:05.627 E/DeviceAuthenticator( 4216): 
11-19 17:23:05.627 E/DeviceAuthenticator( 4216): com.facebook.mos.sdk.devicecert.DeviceIdentityException: java.lang.RuntimeException: devicecert returned error FILESYSTEM_ERROR
11-19 17:23:05.627 E/DeviceAuthenticator( 4216): 
11-19 17:23:05.654 D/CompatibilityInfo( 1186): mCompatibilityFlags - 4
11-19 17:23:05.654 D/CompatibilityInfo( 1186): applicationDensity - 320
11-19 17:23:05.654 D/CompatibilityInfo( 1186): applicationScale - 1.0
11-19 17:23:05.687 E/SelfCareDataCloudSyncWorker( 2334): Failed to get access token
11-19 17:23:05.687 E/SelfCareDataCloudSyncWorker( 2334): kotlinx.coroutines.JobCancellationException: Job was cancelled; job=JobImpl{Cancelling}@c72b2b1
11-19 17:23:05.687 I/WM-WorkerWrapper( 2334): Work [ id=57f248e9-27c9-4baa-bcea-f98e3ece0d1a, tags={ com.facebook.wearable.system.selfcare.cloudsync.SelfCareDataCloudSyncWorker } ] was cancelled
11-19 17:23:05.687 I/WM-WorkerWrapper( 2334): java.util.concurrent.CancellationException: Task was cancelled.
11-19 17:23:05.687 I/WM-WorkerWrapper( 2334): 	at androidx.work.impl.utils.futures.AbstractFuture.getDoneValue(:32)
11-19 17:23:05.687 I/WM-WorkerWrapper( 2334): 	at androidx.work.impl.utils.futures.AbstractFuture.get(:268435546)
11-19 17:23:05.687 I/WM-WorkerWrapper( 2334): 	at androidx.work.impl.WorkerWrapper$2.run(:3)
11-19 17:23:05.687 I/WM-WorkerWrapper( 2334): 	at androidx.work.impl.utils.SerialExecutor$Task.run(:2)
11-19 17:23:05.687 I/WM-WorkerWrapper( 2334): 	at java.util.concurrent.ThreadPoolExecutor.runWorker(ThreadPoolExecutor.java:1167)
11-19 17:23:05.687 I/WM-WorkerWrapper( 2334): 	at java.util.concurrent.ThreadPoolExecutor$Worker.run(ThreadPoolExecutor.java:641)
11-19 17:23:05.687 I/WM-WorkerWrapper( 2334): 	at java.lang.Thread.run(Thread.java:923)
11-19 17:23:05.763 E/QMI_FW  ( 1042): qmi_cci_get_ref: ref count increased 2
11-19 17:23:05.763 E/QMI_FW  ( 1042): qmi_cci_get_ref: ref count increased 2
11-19 17:23:05.765 E/QMI_FW  ( 1042): qmi_cci_get_ref: ref count increased 2
11-19 17:23:05.825 D/SntpClient( 1186): round trip: 228ms, clock offset: 1591ms
11-19 17:23:05.869 D/SettingsSDK::SyncHelper( 2334): Read setting com.facebook.wearable.sdk.selfcare:SELFCARE_SERVICE_ENABLED from persistent cache
11-19 17:23:05.869 D/FacebookRepository( 2334): Reading from Store [906581286488774]
