--------- beginning of system
11-21 07:55:02.096 D/commandrouter( 1006): rtc_sync (1, rtc:sync): <ServiceRequest> FORWARDED (remote -> local) service client ID = 0, token ID = 47201
11-21 07:55:02.097 D/commandrouter( 1006): SocServiceHandle::onServiceMessage, SoC Service = rtc_sync, appType = 1, type = SVC_RESP, clientId = 0, token = 47201, payloadLen = 8, result = 0, payload.size() = 8
11-21 07:55:02.633 I/chatty  ( 1186): uid=1000(system) android.ui expire 10 lines
11-21 07:55:08.150 I/chatty  ( 1186): uid=1000(system) Binder:1186_1A expire 4 lines
11-21 07:55:11.594 I/chatty  ( 1006): uid=1000(system) HwBinder:1006_F expire 1 line
11-21 07:55:11.598 I/chatty  ( 1006): uid=1000(system) /vendor/bin/commandrouter expire 3 lines
11-21 07:55:11.598 D/mculinkhealth( 1029): isMcuReachable 1 (4 ms)
11-21 07:55:12.090 I/chatty  ( 1006): uid=1000(system) HwBinder:1006_2 expire 1 line
11-21 07:55:12.427 I/chatty  ( 1186): uid=1000(system) LazyTaskWriterT expire 2 lines
11-21 07:55:15.886 I/chatty  ( 1186): uid=1000(system) DeviceStorageMo expire 2 lines
11-21 07:55:16.149 I/chatty  ( 1186): uid=1000(system) Binder:1186_20 expire 4 lines
11-21 07:55:16.329 I/chatty  ( 1186): uid=1000 system_server expire 1 line
11-21 07:55:18.420 I/chatty  ( 1006): uid=1000(system) HwBinder:1006_1 expire 1 line
11-21 07:55:22.085 I/chatty  ( 1006): uid=1000(system) /vendor/bin/commandrouter expire 2 lines
11-21 07:55:22.086 I/chatty  ( 1006): uid=1000(system) HwBinder:1006_2 expire 2 lines
11-21 07:55:23.041 I/chatty  ( 1186): uid=1000(system) android.display expire 1 line
11-21 07:55:24.037 I/chatty  ( 1186): uid=1000(system) WifiP2pService expire 2 lines
11-21 07:55:24.040 I/chatty  ( 1186): uid=1000(system) ActivityManager expire 1 line
11-21 07:55:25.995 I/chatty  ( 1186): uid=1000(system) WifiHandlerThre expire 2 lines
11-21 07:55:26.227 W/wificond(  911): Scan is not started. Ignore abort request
11-21 07:55:26.933 I/chatty  ( 1186): uid=1000(system) ConnectivitySer expire 34 lines
11-21 07:55:28.582 E/NetlinkEvent(  462): NetlinkEvent::FindParam(): Parameter 'INTERFACE' not found
11-21 07:55:28.583 E/NetlinkEvent(  462): NetlinkEvent::FindParam(): Parameter 'STATE' not found
11-21 07:55:28.583 E/NetlinkEvent(  462): NetlinkEvent::FindParam(): Parameter 'TIME_NS' not found
11-21 07:55:28.583 E/NetlinkEvent(  462): NetlinkEvent::FindParam(): Parameter 'UID' not found
11-21 07:55:28.697 I/chatty  ( 1186): uid=1000(system) android.fg expire 1 line
11-21 07:55:28.875 I/chatty  ( 1186): uid=1000 system_server expire 1 line
11-21 07:55:28.876 I/chatty  ( 1186): uid=1000(system) ActivityManager expire 7 lines
11-21 07:55:31.095 I/chatty  ( 1186): uid=1000(system) Binder:1186_C expire 1 line
11-21 07:55:31.362 I/chatty  ( 1186): uid=1000(system) Binder:1186_D expire 4 lines
11-21 07:55:36.225 I/chatty  ( 1186): uid=1000(system) android.ui expire 10 lines
11-21 07:55:41.214 I/chatty  ( 1186): uid=1000(system) LazyTaskWriterT expire 2 lines
11-21 07:55:41.599 I/chatty  ( 1006): uid=1000(system) HwBinder:1006_F expire 1 line
11-21 07:55:41.603 I/chatty  ( 1006): uid=1000(system) /vendor/bin/commandrouter expire 2 lines
11-21 07:55:41.604 D/mculinkhealth( 1029): isMcuReachable 1 (5 ms)
11-21 07:55:42.092 I/chatty  ( 1006): uid=1000(system) HwBinder:1006_2 expire 1 line
11-21 07:55:42.665 I/chatty  ( 1006): uid=1000(system) HwBinder:1006_F expire 1 line
11-21 07:55:42.668 I/chatty  ( 1006): uid=1000(system) /vendor/bin/commandrouter expire 2 lines
11-21 07:55:42.670 I/chatty  ( 1186): uid=1000 system_server expire 1 line
11-21 07:55:42.962 I/chatty  ( 1186): uid=1000(system) batterystats-wo expire 1 line
11-21 07:55:43.058 I/chatty  ( 1186): uid=1000 system_server expire 1 line
11-21 07:55:43.312 I/chatty  ( 1186): uid=1000(system) Binder:1186_5 expire 3 lines
11-21 07:55:52.101 I/chatty  ( 1006): uid=1000(system) HwBinder:1006_2 expire 2 lines
11-21 07:55:58.583 I/chatty  ( 1186): uid=1000(system) ConnectivitySer expire 1 line
11-21 07:56:02.105 I/chatty  ( 1006): uid=1000(system) /vendor/bin/commandrouter expire 2 lines
11-21 07:56:11.605 I/chatty  ( 1006): uid=1000(system) HwBinder:1006_F expire 1 line
11-21 07:56:11.608 D/mculinkhealth( 1029): isMcuReachable 1 (4 ms)
11-21 07:56:12.107 I/chatty  ( 1006): uid=1000(system) /vendor/bin/commandrouter expire 2 lines
11-21 07:56:12.108 I/chatty  ( 1006): uid=1000(system) HwBinder:1006_2 expire 1 line
11-21 07:56:12.549 I/chatty  ( 1186): uid=1000(system) android.ui expire 2 lines
11-21 07:56:14.278 I/chatty  ( 1186): uid=1000(system) Binder:1186_15 expire 3 lines
11-21 07:56:15.994 I/chatty  ( 1186): uid=1000(system) DeviceStorageMo expire 2 lines
11-21 07:56:16.381 I/chatty  ( 1186): uid=1000 system_server expire 1 line
11-21 07:56:17.185 I/chatty  ( 1186): uid=1000(system) LazyTaskWriterT expire 3 lines
11-21 07:56:18.425 I/chatty  ( 1006): uid=1000(system) HwBinder:1006_1 expire 1 line
11-21 07:56:22.083 I/chatty  ( 1186): uid=1000(system) android.display expire 2 lines
11-21 07:56:22.100 I/chatty  ( 1006): uid=1000(system) /vendor/bin/commandrouter expire 2 lines
11-21 07:56:22.100 I/chatty  ( 1006): uid=1000(system) HwBinder:1006_2 expire 2 lines
11-21 07:56:22.623 I/wificond(  911): Fail RSSI polling because wifi is not associated.
11-21 07:56:22.856 I/chatty  ( 1186): uid=1000(system) ConnectivitySer expire 18 lines
11-21 07:56:23.207 E/NetlinkEvent(  462): NetlinkEvent::FindParam(): Parameter 'INTERFACE' not found
11-21 07:56:23.207 E/NetlinkEvent(  462): NetlinkEvent::FindParam(): Parameter 'STATE' not found
11-21 07:56:23.207 E/NetlinkEvent(  462): NetlinkEvent::FindParam(): Parameter 'TIME_NS' not found
11-21 07:56:23.207 E/NetlinkEvent(  462): NetlinkEvent::FindParam(): Parameter 'UID' not found
11-21 07:56:23.549 I/chatty  ( 1186): uid=1000 system_server expire 1 line
11-21 07:56:23.666 I/chatty  ( 1186): uid=1000(system) android.fg expire 2 lines
11-21 07:56:27.443 I/chatty  ( 1186): uid=1000(system) android.ui expire 8 lines
11-21 07:56:34.155 I/chatty  ( 1186): uid=1000(system) Binder:1186_C expire 4 lines
11-21 07:56:41.553 I/chatty  ( 1186): uid=1000(system) WifiP2pService expire 2 lines
11-21 07:56:41.554 I/chatty  ( 1186): uid=1000(system) ActivityManager expire 1 line
11-21 07:56:41.609 I/chatty  ( 1006): uid=1000(system) HwBinder:1006_F expire 1 line
11-21 07:56:41.613 I/chatty  ( 1006): uid=1000(system) /vendor/bin/commandrouter expire 4 lines
11-21 07:56:41.614 D/mculinkhealth( 1029): isMcuReachable 1 (4 ms)
11-21 07:56:41.700 W/wificond(  911): Scan is not started. Ignore abort request
11-21 07:56:42.077 I/chatty  ( 1006): uid=1000(system) HwBinder:1006_2 expire 4 lines
11-21 07:56:42.180 I/chatty  ( 1186): uid=1000(system) WifiHandlerThre expire 1 line
11-21 07:56:42.659 I/chatty  ( 1186): uid=1000(system) ConnectivitySer expire 22 lines
11-21 07:56:43.197 E/NetlinkEvent(  462): NetlinkEvent::FindParam(): Parameter 'INTERFACE' not found
11-21 07:56:43.197 E/NetlinkEvent(  462): NetlinkEvent::FindParam(): Parameter 'STATE' not found
11-21 07:56:43.197 E/NetlinkEvent(  462): NetlinkEvent::FindParam(): Parameter 'TIME_NS' not found
11-21 07:56:43.197 E/NetlinkEvent(  462): NetlinkEvent::FindParam(): Parameter 'UID' not found
11-21 07:56:43.323 I/chatty  ( 1186): uid=1000(system) android.fg expire 2 lines
11-21 07:56:43.561 I/chatty  ( 1186): uid=1000 system_server expire 1 line
11-21 07:57:01.848 I/chatty  ( 1186): uid=1000(system) android.ui expire 12 lines
11-21 07:57:05.159 I/chatty  ( 1186): uid=1000(system) Binder:1186_11 expire 4 lines
11-21 07:57:07.587 I/chatty  ( 1186): uid=1000(system) LazyTaskWriterT expire 1 line
11-21 07:57:11.615 I/chatty  ( 1006): uid=1000(system) HwBinder:1006_F expire 1 line
11-21 07:57:11.619 I/chatty  ( 1006): uid=1000(system) /vendor/bin/commandrouter expire 4 lines
11-21 07:57:11.620 D/mculinkhealth( 1029): isMcuReachable 1 (5 ms)
11-21 07:57:12.891 I/chatty  ( 1186): uid=1000(system) android.display expire 1 line
11-21 07:57:13.189 I/chatty  ( 1186): uid=1000(system) ConnectivitySer expire 31 lines
11-21 07:57:13.373 I/wificond(  911): Fail RSSI polling because wifi is not associated.
11-21 07:57:13.591 E/NetlinkEvent(  462): NetlinkEvent::FindParam(): Parameter 'INTERFACE' not found
11-21 07:57:13.591 E/NetlinkEvent(  462): NetlinkEvent::FindParam(): Parameter 'STATE' not found
11-21 07:57:13.591 E/NetlinkEvent(  462): NetlinkEvent::FindParam(): Parameter 'TIME_NS' not found
11-21 07:57:13.591 E/NetlinkEvent(  462): NetlinkEvent::FindParam(): Parameter 'UID' not found
11-21 07:57:16.104 I/chatty  ( 1186): uid=1000(system) DeviceStorageMo expire 2 lines
11-21 07:57:18.451 I/chatty  ( 1006): uid=1000(system) HwBinder:1006_1 expire 1 line
11-21 07:57:22.055 I/chatty  ( 1006): uid=1000(system) HwBinder:1006_2 expire 2 lines
11-21 07:57:22.296 I/chatty  ( 1186): uid=1000(system) LazyTaskWriterT expire 2 lines
11-21 07:57:25.153 I/chatty  ( 1186): uid=1000(system) Binder:1186_8 expire 4 lines
11-21 07:57:28.633 I/chatty  ( 1186): uid=1000 system_server expire 1 line
11-21 07:57:31.226 I/chatty  ( 1186): uid=1000 system_server expire 1 line
11-21 07:57:32.058 I/chatty  ( 1006): uid=1000(system) /vendor/bin/commandrouter expire 2 lines
11-21 07:57:32.084 I/chatty  ( 1186): uid=1000(system) android.display expire 1 line
11-21 07:57:33.059 I/chatty  ( 1186): uid=1000(system) WifiP2pService expire 2 lines
11-21 07:57:33.060 I/chatty  ( 1186): uid=1000(system) ActivityManager expire 1 line
11-21 07:57:33.190 W/wificond(  911): Scan is not started. Ignore abort request
11-21 07:57:33.583 I/chatty  ( 1186): uid=1000(system) WifiHandlerThre expire 1 line
11-21 07:57:34.874 I/chatty  ( 1186): uid=1000(system) ConnectivitySer expire 10 lines
11-21 07:57:34.878 E/NetlinkEvent(  462): NetlinkEvent::FindParam(): Parameter 'INTERFACE' not found
11-21 07:57:34.878 E/NetlinkEvent(  462): NetlinkEvent::FindParam(): Parameter 'STATE' not found
11-21 07:57:34.878 E/NetlinkEvent(  462): NetlinkEvent::FindParam(): Parameter 'TIME_NS' not found
11-21 07:57:34.878 E/NetlinkEvent(  462): NetlinkEvent::FindParam(): Parameter 'UID' not found
11-21 07:57:34.979 I/chatty  ( 1186): uid=1000(system) android.fg expire 2 lines
11-21 07:57:41.621 I/chatty  ( 1006): uid=1000(system) HwBinder:1006_F expire 1 line
11-21 07:57:41.624 D/mculinkhealth( 1029): isMcuReachable 1 (4 ms)
11-21 07:57:42.059 I/chatty  ( 1006): uid=1000(system) /vendor/bin/commandrouter expire 2 lines
11-21 07:57:42.060 I/chatty  ( 1006): uid=1000(system) HwBinder:1006_2 expire 5 lines
11-21 07:57:53.214 I/chatty  ( 1186): uid=1000(system) android.ui expire 12 lines
11-21 07:57:56.151 I/chatty  ( 1186): uid=1000(system) Binder:1186_D expire 4 lines
11-21 07:57:58.817 I/chatty  ( 1186): uid=1000(system) LazyTaskWriterT expire 3 lines
11-21 07:58:02.057 I/chatty  ( 1006): uid=1000(system) /vendor/bin/commandrouter expire 5 lines
11-21 07:58:04.021 I/chatty  ( 1186): uid=1000(system) android.display expire 1 line
11-21 07:58:04.460 I/wificond(  911): Fail RSSI polling because wifi is not associated.
11-21 07:58:04.513 I/chatty  ( 1186): uid=1000(system) ConnectivitySer expire 9 lines
11-21 07:58:04.610 E/NetlinkEvent(  462): NetlinkEvent::FindParam(): Parameter 'INTERFACE' not found
11-21 07:58:04.610 E/NetlinkEvent(  462): NetlinkEvent::FindParam(): Parameter 'STATE' not found
11-21 07:58:04.610 E/NetlinkEvent(  462): NetlinkEvent::FindParam(): Parameter 'TIME_NS' not found
11-21 07:58:04.610 E/NetlinkEvent(  462): NetlinkEvent::FindParam(): Parameter 'UID' not found
11-21 07:58:11.627 I/chatty  ( 1006): uid=1000(system) HwBinder:1006_F expire 1 line
11-21 07:58:11.631 D/mculinkhealth( 1029): isMcuReachable 1 (5 ms)
11-21 07:58:16.169 I/chatty  ( 1186): uid=1000(system) Binder:1186_F expire 1 line
11-21 07:58:16.205 I/chatty  ( 1186): uid=1000(system) DeviceStorageMo expire 2 lines
11-21 07:58:16.290 I/chatty  ( 1186): uid=1000(system) Binder:1186_1E expire 3 lines
11-21 07:58:18.456 I/chatty  ( 1006): uid=1000(system) HwBinder:1006_1 expire 1 line
11-21 07:58:23.190 I/chatty  ( 1186): uid=1000(system) android.display expire 1 line
11-21 07:58:24.191 I/chatty  ( 1186): uid=1000(system) WifiP2pService expire 2 lines
11-21 07:58:24.193 I/chatty  ( 1186): uid=1000(system) ActivityManager expire 1 line
11-21 07:58:24.203 W/wificond(  911): Scan is not started. Ignore abort request
11-21 07:58:24.667 I/chatty  ( 1186): uid=1000(system) WifiHandlerThre expire 1 line
11-21 07:58:24.692 I/chatty  ( 1186): uid=1000(system) ConnectivitySer expire 32 lines
11-21 07:58:25.512 E/NetlinkEvent(  462): NetlinkEvent::FindParam(): Parameter 'INTERFACE' not found
11-21 07:58:25.512 E/NetlinkEvent(  462): NetlinkEvent::FindParam(): Parameter 'STATE' not found
11-21 07:58:25.512 E/NetlinkEvent(  462): NetlinkEvent::FindParam(): Parameter 'TIME_NS' not found
11-21 07:58:25.512 E/NetlinkEvent(  462): NetlinkEvent::FindParam(): Parameter 'UID' not found
11-21 07:58:25.625 I/chatty  ( 1186): uid=1000(system) android.fg expire 1 line
11-21 07:58:32.041 I/chatty  ( 1006): uid=1000(system) /vendor/bin/commandrouter expire 1 line
11-21 07:58:32.041 I/chatty  ( 1006): uid=1000(system) HwBinder:1006_2 expire 1 line
11-21 07:58:41.632 I/chatty  ( 1006): uid=1000(system) HwBinder:1006_F expire 1 line
11-21 07:58:41.635 I/chatty  ( 1006): uid=1000(system) /vendor/bin/commandrouter expire 3 lines
11-21 07:58:41.636 D/mculinkhealth( 1029): isMcuReachable 1 (4 ms)
11-21 07:58:42.031 I/chatty  ( 1006): uid=1000(system) HwBinder:1006_2 expire 2 lines
11-21 07:58:44.434 I/chatty  ( 1186): uid=1000(system) android.ui expire 12 lines
11-21 07:58:47.173 I/chatty  ( 1186): uid=1000(system) Binder:1186_F expire 5 lines
11-21 07:58:49.112 I/chatty  ( 1186): uid=1000(system) ConnectivitySer expire 11 lines
11-21 07:58:50.107 I/chatty  ( 1186): uid=1000(system) LazyTaskWriterT expire 3 lines
11-21 07:58:54.406 I/chatty  ( 1186): uid=1000 system_server expire 1 line
11-21 07:58:54.888 I/chatty  ( 1186): uid=1000(system) android.display expire 2 lines
11-21 07:58:55.595 E/NetlinkEvent(  462): NetlinkEvent::FindParam(): Parameter 'INTERFACE' not found
11-21 07:58:55.595 E/NetlinkEvent(  462): NetlinkEvent::FindParam(): Parameter 'STATE' not found
11-21 07:58:55.595 E/NetlinkEvent(  462): NetlinkEvent::FindParam(): Parameter 'TIME_NS' not found
11-21 07:58:55.595 E/NetlinkEvent(  462): NetlinkEvent::FindParam(): Parameter 'UID' not found
11-21 07:58:55.756 I/chatty  ( 1186): uid=1000(system) android.fg expire 1 line
11-21 07:59:02.012 I/chatty  ( 1006): uid=1000(system) /vendor/bin/commandrouter expire 3 lines
11-21 07:59:02.012 I/chatty  ( 1006): uid=1000(system) HwBinder:1006_2 expire 2 lines
11-21 07:59:06.170 I/chatty  ( 1186): uid=1000(system) Binder:1186_C expire 4 lines
11-21 07:59:11.637 I/chatty  ( 1006): uid=1000(system) HwBinder:1006_F expire 1 line
11-21 07:59:11.642 D/mculinkhealth( 1029): isMcuReachable 1 (5 ms)
11-21 07:59:14.114 I/chatty  ( 1186): uid=1000(system) WifiP2pService expire 2 lines
11-21 07:59:14.115 I/chatty  ( 1186): uid=1000(system) ActivityManager expire 1 line
11-21 07:59:14.182 W/wificond(  911): Scan is not started. Ignore abort request
11-21 07:59:15.511 I/chatty  ( 1186): uid=1000(system) WifiHandlerThre expire 1 line
11-21 07:59:15.550 I/chatty  ( 1186): uid=1000(system) ConnectivitySer expire 32 lines
11-21 07:59:16.317 I/chatty  ( 1186): uid=1000(system) DeviceStorageMo expire 2 lines
11-21 07:59:16.444 E/NetlinkEvent(  462): NetlinkEvent::FindParam(): Parameter 'INTERFACE' not found
11-21 07:59:16.444 E/NetlinkEvent(  462): NetlinkEvent::FindParam(): Parameter 'STATE' not found
11-21 07:59:16.444 E/NetlinkEvent(  462): NetlinkEvent::FindParam(): Parameter 'TIME_NS' not found
11-21 07:59:16.444 E/NetlinkEvent(  462): NetlinkEvent::FindParam(): Parameter 'UID' not found
11-21 07:59:16.585 I/chatty  ( 1186): uid=1000(system) android.fg expire 2 lines
11-21 07:59:18.462 I/chatty  ( 1006): uid=1000(system) HwBinder:1006_1 expire 1 line
11-21 07:59:18.465 I/chatty  ( 1006): uid=1000(system) /vendor/bin/commandrouter expire 3 lines
11-21 07:59:22.001 I/chatty  ( 1006): uid=1000(system) HwBinder:1006_2 expire 2 lines
11-21 07:59:34.371 I/chatty  ( 1186): uid=1000(system) android.ui expire 6 lines
11-21 07:59:37.162 I/chatty  ( 1186): uid=1000(system) Binder:1186_F expire 4 lines
11-21 07:59:40.013 I/chatty  ( 1186): uid=1000(system) LazyTaskWriterT expire 1 line
11-21 07:59:41.643 I/chatty  ( 1006): uid=1000(system) HwBinder:1006_F expire 1 line
11-21 07:59:41.647 I/chatty  ( 1006): uid=1000(system) /vendor/bin/commandrouter expire 4 lines
11-21 07:59:41.649 D/mculinkhealth( 1029): isMcuReachable 1 (6 ms)
11-21 07:59:41.986 I/chatty  ( 1006): uid=1000(system) HwBinder:1006_2 expire 3 lines
11-21 07:59:44.899 I/chatty  ( 1186): uid=1000(system) android.display expire 2 lines
11-21 07:59:45.355 I/chatty  ( 1186): uid=1000(system) ConnectivitySer expire 33 lines
11-21 07:59:45.460 E/NetlinkEvent(  462): NetlinkEvent::FindParam(): Parameter 'INTERFACE' not found
11-21 07:59:45.460 E/NetlinkEvent(  462): NetlinkEvent::FindParam(): Parameter 'STATE' not found
11-21 07:59:45.460 E/NetlinkEvent(  462): NetlinkEvent::FindParam(): Parameter 'TIME_NS' not found
11-21 07:59:45.460 E/NetlinkEvent(  462): NetlinkEvent::FindParam(): Parameter 'UID' not found
11-21 07:59:50.833 I/chatty  ( 1186): uid=1000(system) android.ui expire 6 lines
11-21 07:59:54.304 I/chatty  ( 1186): uid=1000(system) LazyTaskWriterT expire 2 lines
11-21 07:59:57.154 I/chatty  ( 1186): uid=1000(system) Binder:1186_16 expire 4 lines
11-21 08:00:00.869 I/chatty  ( 1186): uid=1000 system_server expire 1 line
11-21 08:00:04.925 I/chatty  ( 1186): uid=1000(system) WifiP2pService expire 2 lines
11-21 08:00:04.931 I/chatty  ( 1186): uid=1000(system) ActivityManager expire 1 line
11-21 08:00:04.935 W/wificond(  911): Scan is not started. Ignore abort request
11-21 08:00:05.441 I/chatty  ( 1186): uid=1000(system) WifiHandlerThre expire 1 line
11-21 08:00:06.306 E/NetlinkEvent(  462): NetlinkEvent::FindParam(): Parameter 'INTERFACE' not found
11-21 08:00:06.306 E/NetlinkEvent(  462): NetlinkEvent::FindParam(): Parameter 'STATE' not found
11-21 08:00:06.306 E/NetlinkEvent(  462): NetlinkEvent::FindParam(): Parameter 'TIME_NS' not found
11-21 08:00:06.307 E/NetlinkEvent(  462): NetlinkEvent::FindParam(): Parameter 'UID' not found
11-21 08:00:06.341 I/chatty  ( 1186): uid=1000(system) ConnectivitySer expire 17 lines
11-21 08:00:06.452 I/chatty  ( 1186): uid=1000(system) android.fg expire 2 lines
11-21 08:00:11.650 I/chatty  ( 1006): uid=1000(system) HwBinder:1006_F expire 1 line
11-21 08:00:11.654 I/chatty  ( 1006): uid=1000(system) /vendor/bin/commandrouter expire 2 lines
11-21 08:00:11.655 D/mculinkhealth( 1029): isMcuReachable 1 (5 ms)
11-21 08:00:11.967 D/commandrouter( 1006): SocServiceHandle::onServiceMessage, SoC Service = rtc_sync, appType = 1, type = SVC_RESP, clientId = 0, token = 47232, payloadLen = 8, result = 0, payload.size() = 8
11-21 08:00:16.331 I/chatty  ( 1186): uid=1000(system) DeviceStorageMo expire 2 lines
11-21 08:00:16.464 I/chatty  ( 1186): uid=1000(system) Binder:1186_16 expire 1 line
11-21 08:00:18.467 D/commandrouter( 1006): SocServiceHandle::onServiceMessage, SoC Service = mcu_healthcheck_934, appType = 1, type = SVC_REQ, clientId = 0, token = 2410, payloadLen = 20, result = 0, payload.size() = 20
11-21 08:00:18.471 D/commandrouter( 1006): mcu_healthcheck_934 (1, merlot:mcu_health:control): <ServiceResponse> FORWARDED (remote -> local) CR token ID = 2410, service client ID = 5, token ID = 62011, result = 0
11-21 08:00:19.829 I/chatty  ( 1186): uid=1000(system) NetworkMonitor/ expire 1 line
11-21 08:00:21.964 D/commandrouter( 1006): rtc_sync (1, rtc:sync): <ServiceRequest> FORWARDED (remote -> local) service client ID = 0, token ID = 47233
11-21 08:00:21.965 D/commandrouter( 1006): SocServiceHandle::onServiceMessage, SoC Service = rtc_sync, appType = 1, type = SVC_RESP, clientId = 0, token = 47233, payloadLen = 8, result = 0, payload.size() = 8
11-21 08:00:25.282 I/chatty  ( 1186): uid=1000(system) android.ui expire 12 lines
11-21 08:00:28.146 I/chatty  ( 1186): uid=1000(system) Binder:1186_A expire 4 lines
11-21 08:00:30.972 I/chatty  ( 1186): uid=1000(system) LazyTaskWriterT expire 3 lines
11-21 08:00:31.961 D/commandrouter( 1006): rtc_sync (1, rtc:sync): <ServiceRequest> FORWARDED (remote -> local) service client ID = 0, token ID = 47234
11-21 08:00:31.962 D/commandrouter( 1006): SocServiceHandle::onServiceMessage, SoC Service = rtc_sync, appType = 1, type = SVC_RESP, clientId = 0, token = 47234, payloadLen = 8, result = 0, payload.size() = 8
11-21 08:00:35.864 I/chatty  ( 1186): uid=1000(system) android.display expire 2 lines
11-21 08:00:36.425 I/wificond(  911): Fail RSSI polling because wifi is not associated.
11-21 08:00:36.568 E/NetlinkEvent(  462): NetlinkEvent::FindParam(): Parameter 'INTERFACE' not found
11-21 08:00:36.568 E/NetlinkEvent(  462): NetlinkEvent::FindParam(): Parameter 'STATE' not found
11-21 08:00:36.568 E/NetlinkEvent(  462): NetlinkEvent::FindParam(): Parameter 'TIME_NS' not found
11-21 08:00:36.568 E/NetlinkEvent(  462): NetlinkEvent::FindParam(): Parameter 'UID' not found
11-21 08:00:36.586 I/chatty  ( 1186): uid=1000(system) ConnectivitySer expire 5 lines
11-21 08:00:41.657 D/commandrouter( 1006): SocServiceHandle::onServiceMessage, SoC Service = mcu_healthcheck_1029, appType = 1, type = SVC_REQ, clientId = 0, token = 4821, payloadLen = 12, result = 0, payload.size() = 12
11-21 08:00:41.662 D/commandrouter( 1006): mcu_healthcheck_1029 (1, merlot:mcu_health:control): <ServiceResponse> FORWARDED (remote -> local) CR token ID = 4821, service client ID = 40, token ID = 62012, result = 0
11-21 08:00:41.663 D/mculinkhealth( 1029): isMcuReachable 1 (6 ms)
11-21 08:00:41.950 D/commandrouter( 1006): rtc_sync (1, rtc:sync): <ServiceRequest> FORWARDED (remote -> local) service client ID = 0, token ID = 47235
11-21 08:00:41.950 D/commandrouter( 1006): SocServiceHandle::onServiceMessage, SoC Service = rtc_sync, appType = 1, type = SVC_RESP, clientId = 0, token = 47235, payloadLen = 8, result = 0, payload.size() = 8
11-21 08:00:44.630 I/chatty  ( 1186): uid=1000(system) Binder:1186_17 expire 1 line
11-21 08:00:47.148 I/chatty  ( 1186): uid=1000(system) Binder:1186_1D expire 6 lines
11-21 08:00:51.947 D/commandrouter( 1006): rtc_sync (1, rtc:sync): <ServiceRequest> FORWARDED (remote -> local) service client ID = 0, token ID = 47236
11-21 08:00:51.948 D/commandrouter( 1006): SocServiceHandle::onServiceMessage, SoC Service = rtc_sync, appType = 1, type = SVC_RESP, clientId = 0, token = 47236, payloadLen = 8, result = 0, payload.size() = 8
11-21 08:00:55.076 I/chatty  ( 1186): uid=1000(system) WifiP2pService expire 2 lines
11-21 08:00:55.077 W/wificond(  911): Scan is not started. Ignore abort request
11-21 08:00:55.078 I/chatty  ( 1186): uid=1000(system) ActivityManager expire 1 line
11-21 08:00:55.566 I/chatty  ( 1186): uid=1000(system) WifiHandlerThre expire 1 line
11-21 08:00:55.585 I/chatty  ( 1186): uid=1000(system) ConnectivitySer expire 32 lines
11-21 08:00:56.435 E/NetlinkEvent(  462): NetlinkEvent::FindParam(): Parameter 'INTERFACE' not found
11-21 08:00:56.435 E/NetlinkEvent(  462): NetlinkEvent::FindParam(): Parameter 'STATE' not found
11-21 08:00:56.435 E/NetlinkEvent(  462): NetlinkEvent::FindParam(): Parameter 'TIME_NS' not found
11-21 08:00:56.435 E/NetlinkEvent(  462): NetlinkEvent::FindParam(): Parameter 'UID' not found
11-21 08:00:56.574 I/chatty  ( 1186): uid=1000(system) android.fg expire 1 line
11-21 08:01:01.943 D/commandrouter( 1006): rtc_sync (1, rtc:sync): <ServiceRequest> FORWARDED (remote -> local) service client ID = 0, token ID = 47237
11-21 08:01:01.944 D/commandrouter( 1006): SocServiceHandle::onServiceMessage, SoC Service = rtc_sync, appType = 1, type = SVC_RESP, clientId = 0, token = 47237, payloadLen = 8, result = 0, payload.size() = 8
11-21 08:01:11.664 D/commandrouter( 1006): SocServiceHandle::onServiceMessage, SoC Service = mcu_healthcheck_1029, appType = 1, type = SVC_REQ, clientId = 0, token = 4822, payloadLen = 12, result = 0, payload.size() = 12
11-21 08:01:11.668 D/commandrouter( 1006): mcu_healthcheck_1029 (1, merlot:mcu_health:control): <ServiceResponse> FORWARDED (remote -> local) CR token ID = 4822, service client ID = 40, token ID = 62013, result = 0
11-21 08:01:11.668 D/mculinkhealth( 1029): isMcuReachable 1 (4 ms)
11-21 08:01:11.939 D/commandrouter( 1006): rtc_sync (1, rtc:sync): <ServiceRequest> FORWARDED (remote -> local) service client ID = 0, token ID = 47238
11-21 08:01:11.939 D/commandrouter( 1006): SocServiceHandle::onServiceMessage, SoC Service = rtc_sync, appType = 1, type = SVC_RESP, clientId = 0, token = 47238, payloadLen = 8, result = 0, payload.size() = 8
11-21 08:01:15.299 I/chatty  ( 1186): uid=1000(system) android.ui expire 4 lines
11-21 08:01:16.362 I/chatty  ( 1186): uid=1000(system) DeviceStorageMo expire 2 lines
11-21 08:01:18.305 I/chatty  ( 1186): uid=1000(system) Binder:1186_1D expire 2 lines
11-21 08:01:18.472 D/commandrouter( 1006): SocServiceHandle::onServiceMessage, SoC Service = mcu_healthcheck_934, appType = 1, type = SVC_REQ, clientId = 0, token = 2411, payloadLen = 20, result = 0, payload.size() = 20
11-21 08:01:18.497 D/commandrouter( 1006): mcu_healthcheck_934 (1, merlot:mcu_health:control): <ServiceResponse> FORWARDED (remote -> local) CR token ID = 2411, service client ID = 5, token ID = 62014, result = 0
11-21 08:01:20.935 I/chatty  ( 1186): uid=1000(system) LazyTaskWriterT expire 3 lines
11-21 08:01:21.939 D/commandrouter( 1006): rtc_sync (1, rtc:sync): <ServiceRequest> FORWARDED (remote -> local) service client ID = 0, token ID = 47239
11-21 08:01:21.940 D/commandrouter( 1006): SocServiceHandle::onServiceMessage, SoC Service = rtc_sync, appType = 1, type = SVC_RESP, clientId = 0, token = 47239, payloadLen = 8, result = 0, payload.size() = 8
11-21 08:01:25.860 I/chatty  ( 1186): uid=1000(system) android.display expire 2 lines
11-21 08:01:26.333 I/chatty  ( 1186): uid=1000(system) ConnectivitySer expire 16 lines
11-21 08:01:26.420 E/NetlinkEvent(  462): NetlinkEvent::FindParam(): Parameter 'INTERFACE' not found
11-21 08:01:26.420 E/NetlinkEvent(  462): NetlinkEvent::FindParam(): Parameter 'STATE' not found
11-21 08:01:26.420 E/NetlinkEvent(  462): NetlinkEvent::FindParam(): Parameter 'TIME_NS' not found
11-21 08:01:26.420 E/NetlinkEvent(  462): NetlinkEvent::FindParam(): Parameter 'UID' not found
11-21 08:01:26.490 I/chatty  ( 1186): uid=1000 system_server expire 1 line
11-21 08:01:26.547 I/chatty  ( 1186): uid=1000(system) android.fg expire 1 line
11-21 08:01:30.732 I/chatty  ( 1186): uid=1000(system) android.ui expire 8 lines
11-21 08:01:31.936 D/commandrouter( 1006): rtc_sync (1, rtc:sync): <ServiceRequest> FORWARDED (remote -> local) service client ID = 0, token ID = 47240
11-21 08:01:31.937 D/commandrouter( 1006): SocServiceHandle::onServiceMessage, SoC Service = rtc_sync, appType = 1, type = SVC_RESP, clientId = 0, token = 47240, payloadLen = 8, result = 0, payload.size() = 8
11-21 08:01:37.153 I/chatty  ( 1186): uid=1000(system) Binder:1186_1C expire 4 lines
11-21 08:01:41.669 D/commandrouter( 1006): SocServiceHandle::onServiceMessage, SoC Service = mcu_healthcheck_1029, appType = 1, type = SVC_REQ, clientId = 0, token = 4823, payloadLen = 12, result = 0, payload.size() = 12
11-21 08:01:41.672 D/commandrouter( 1006): mcu_healthcheck_1029 (1, merlot:mcu_health:control): <ServiceResponse> FORWARDED (remote -> local) CR token ID = 4823, service client ID = 40, token ID = 62015, result = 0
11-21 08:01:41.672 D/mculinkhealth( 1029): isMcuReachable 1 (3 ms)
11-21 08:01:41.929 D/commandrouter( 1006): rtc_sync (1, rtc:sync): <ServiceRequest> FORWARDED (remote -> local) service client ID = 0, token ID = 47241
11-21 08:01:41.930 D/commandrouter( 1006): SocServiceHandle::onServiceMessage, SoC Service = rtc_sync, appType = 1, type = SVC_RESP, clientId = 0, token = 47241, payloadLen = 8, result = 0, payload.size() = 8
11-21 08:01:45.305 I/chatty  ( 1186): uid=1000(system) WifiP2pService expire 2 lines
11-21 08:01:45.308 I/chatty  ( 1186): uid=1000(system) ActivityManager expire 1 line
11-21 08:01:45.492 W/wificond(  911): Scan is not started. Ignore abort request
11-21 08:01:45.890 I/chatty  ( 1186): uid=1000(system) WifiHandlerThre expire 1 line
11-21 08:01:46.260 I/chatty  ( 1186): uid=1000(system) ConnectivitySer expire 25 lines
11-21 08:01:46.774 E/NetlinkEvent(  462): NetlinkEvent::FindParam(): Parameter 'INTERFACE' not found
11-21 08:01:46.774 E/NetlinkEvent(  462): NetlinkEvent::FindParam(): Parameter 'STATE' not found
11-21 08:01:46.774 E/NetlinkEvent(  462): NetlinkEvent::FindParam(): Parameter 'TIME_NS' not found
11-21 08:01:46.774 E/NetlinkEvent(  462): NetlinkEvent::FindParam(): Parameter 'UID' not found
11-21 08:01:46.903 I/chatty  ( 1186): uid=1000(system) android.fg expire 1 line
11-21 08:01:51.924 D/commandrouter( 1006): rtc_sync (1, rtc:sync): <ServiceRequest> FORWARDED (remote -> local) service client ID = 0, token ID = 47242
11-21 08:01:51.925 D/commandrouter( 1006): SocServiceHandle::onServiceMessage, SoC Service = rtc_sync, appType = 1, type = SVC_RESP, clientId = 0, token = 47242, payloadLen = 8, result = 0, payload.size() = 8
11-21 08:02:01.915 D/commandrouter( 1006): rtc_sync (1, rtc:sync): <ServiceRequest> FORWARDED (remote -> local) service client ID = 0, token ID = 47243
11-21 08:02:01.916 D/commandrouter( 1006): SocServiceHandle::onServiceMessage, SoC Service = rtc_sync, appType = 1, type = SVC_RESP, clientId = 0, token = 47243, payloadLen = 8, result = 0, payload.size() = 8
11-21 08:02:05.371 I/chatty  ( 1186): uid=1000(system) android.ui expire 4 lines
11-21 08:02:08.209 I/chatty  ( 1186): uid=1000(system) Binder:1186_F expire 4 lines
11-21 08:02:11.246 I/chatty  ( 1186): uid=1000(system) LazyTaskWriterT expire 1 line
11-21 08:02:11.673 D/commandrouter( 1006): SocServiceHandle::onServiceMessage, SoC Service = mcu_healthcheck_1029, appType = 1, type = SVC_REQ, clientId = 0, token = 4824, payloadLen = 12, result = 0, payload.size() = 12
11-21 08:02:11.676 D/commandrouter( 1006): mcu_healthcheck_1029 (1, merlot:mcu_health:control): <ServiceResponse> FORWARDED (remote -> local) CR token ID = 4824, service client ID = 40, token ID = 62016, result = 0
11-21 08:02:11.677 D/mculinkhealth( 1029): isMcuReachable 1 (4 ms)
11-21 08:02:11.908 D/commandrouter( 1006): rtc_sync (1, rtc:sync): <ServiceRequest> FORWARDED (remote -> local) service client ID = 0, token ID = 47244
11-21 08:02:11.909 D/commandrouter( 1006): SocServiceHandle::onServiceMessage, SoC Service = rtc_sync, appType = 1, type = SVC_RESP, clientId = 0, token = 47244, payloadLen = 8, result = 0, payload.size() = 8
11-21 08:02:15.992 I/chatty  ( 1186): uid=1000(system) android.display expire 1 line
11-21 08:02:16.452 I/chatty  ( 1186): uid=1000(system) ConnectivitySer expire 6 lines
11-21 08:02:16.470 I/chatty  ( 1186): uid=1000(system) DeviceStorageMo expire 2 lines
11-21 08:02:16.731 E/NetlinkEvent(  462): NetlinkEvent::FindParam(): Parameter 'INTERFACE' not found
11-21 08:02:16.731 E/NetlinkEvent(  462): NetlinkEvent::FindParam(): Parameter 'STATE' not found
11-21 08:02:16.731 E/NetlinkEvent(  462): NetlinkEvent::FindParam(): Parameter 'TIME_NS' not found
11-21 08:02:16.731 E/NetlinkEvent(  462): NetlinkEvent::FindParam(): Parameter 'UID' not found
11-21 08:02:16.741 I/chatty  ( 1186): uid=1000(system) ConnectivitySer expire 10 lines
11-21 08:02:16.860 I/chatty  ( 1186): uid=1000(system) android.fg expire 1 line
11-21 08:02:18.499 D/commandrouter( 1006): SocServiceHandle::onServiceMessage, SoC Service = mcu_healthcheck_934, appType = 1, type = SVC_REQ, clientId = 0, token = 2412, payloadLen = 20, result = 0, payload.size() = 20
11-21 08:02:18.503 D/commandrouter( 1006): mcu_healthcheck_934 (1, merlot:mcu_health:control): <ServiceResponse> FORWARDED (remote -> local) CR token ID = 2412, service client ID = 5, token ID = 62017, result = 0
11-21 08:02:20.751 I/chatty  ( 1186): uid=1000(system) android.ui expire 8 lines
11-21 08:02:21.901 D/commandrouter( 1006): rtc_sync (1, rtc:sync): <ServiceRequest> FORWARDED (remote -> local) service client ID = 0, token ID = 47245
11-21 08:02:21.902 D/commandrouter( 1006): SocServiceHandle::onServiceMessage, SoC Service = rtc_sync, appType = 1, type = SVC_RESP, clientId = 0, token = 47245, payloadLen = 8, result = 0, payload.size() = 8
11-21 08:02:25.284 I/chatty  ( 1186): uid=1000(system) LazyTaskWriterT expire 2 lines
11-21 08:02:27.150 I/chatty  ( 1186): uid=1000(system) Binder:1186_1F expire 4 lines
11-21 08:02:31.898 I/chatty  ( 1186): uid=1000 system_server expire 1 line
11-21 08:02:31.901 D/commandrouter( 1006): rtc_sync (1, rtc:sync): <ServiceRequest> FORWARDED (remote -> local) service client ID = 0, token ID = 47246
11-21 08:02:31.901 D/commandrouter( 1006): SocServiceHandle::onServiceMessage, SoC Service = rtc_sync, appType = 1, type = SVC_RESP, clientId = 0, token = 47246, payloadLen = 8, result = 0, payload.size() = 8
11-21 08:02:33.869 I/chatty  ( 1186): uid=1000(system) android.display expire 1 line
11-21 08:02:34.863 I/chatty  ( 1186): uid=1000(system) WifiP2pService expire 2 lines
11-21 08:02:34.864 I/chatty  ( 1186): uid=1000(system) ActivityManager expire 1 line
11-21 08:02:34.922 W/wificond(  911): Scan is not started. Ignore abort request
11-21 08:02:35.361 I/chatty  ( 1186): uid=1000(system) WifiHandlerThre expire 1 line
11-21 08:02:35.682 I/chatty  ( 1186): uid=1000(system) ConnectivitySer expire 25 lines
11-21 08:02:36.163 E/NetlinkEvent(  462): NetlinkEvent::FindParam(): Parameter 'INTERFACE' not found
11-21 08:02:36.163 E/NetlinkEvent(  462): NetlinkEvent::FindParam(): Parameter 'STATE' not found
11-21 08:02:36.163 E/NetlinkEvent(  462): NetlinkEvent::FindParam(): Parameter 'TIME_NS' not found
11-21 08:02:36.164 E/NetlinkEvent(  462): NetlinkEvent::FindParam(): Parameter 'UID' not found
11-21 08:02:36.297 I/chatty  ( 1186): uid=1000(system) android.fg expire 1 line
11-21 08:02:41.678 D/commandrouter( 1006): SocServiceHandle::onServiceMessage, SoC Service = mcu_healthcheck_1029, appType = 1, type = SVC_REQ, clientId = 0, token = 4825, payloadLen = 12, result = 0, payload.size() = 12
11-21 08:02:41.683 D/commandrouter( 1006): mcu_healthcheck_1029 (1, merlot:mcu_health:control): <ServiceResponse> FORWARDED (remote -> local) CR token ID = 4825, service client ID = 40, token ID = 62018, result = 0
11-21 08:02:41.684 D/mculinkhealth( 1029): isMcuReachable 1 (5 ms)
11-21 08:02:41.899 D/commandrouter( 1006): rtc_sync (1, rtc:sync): <ServiceRequest> FORWARDED (remote -> local) service client ID = 0, token ID = 47247
11-21 08:02:41.900 D/commandrouter( 1006): SocServiceHandle::onServiceMessage, SoC Service = rtc_sync, appType = 1, type = SVC_RESP, clientId = 0, token = 47247, payloadLen = 8, result = 0, payload.size() = 8
11-21 08:02:51.894 D/commandrouter( 1006): rtc_sync (1, rtc:sync): <ServiceRequest> FORWARDED (remote -> local) service client ID = 0, token ID = 47248
11-21 08:02:51.895 D/commandrouter( 1006): SocServiceHandle::onServiceMessage, SoC Service = rtc_sync, appType = 1, type = SVC_RESP, clientId = 0, token = 47248, payloadLen = 8, result = 0, payload.size() = 8
11-21 08:02:55.318 I/chatty  ( 1186): uid=1000(system) android.ui expire 4 lines
11-21 08:02:58.174 I/chatty  ( 1186): uid=1000(system) Binder:1186_1F expire 4 lines
11-21 08:02:59.562 I/chatty  ( 1186): uid=1000(system) Binder:1186_7 expire 1 line
11-21 08:02:59.563 I/chatty  ( 1186): uid=1000(system) ConnectivitySer expire 3 lines
11-21 08:03:00.962 I/chatty  ( 1186): uid=1000(system) LazyTaskWriterT expire 1 line
11-21 08:03:01.889 D/commandrouter( 1006): rtc_sync (1, rtc:sync): <ServiceRequest> FORWARDED (remote -> local) service client ID = 0, token ID = 47249
11-21 08:03:01.890 D/commandrouter( 1006): SocServiceHandle::onServiceMessage, SoC Service = rtc_sync, appType = 1, type = SVC_RESP, clientId = 0, token = 47249, payloadLen = 8, result = 0, payload.size() = 8
11-21 08:03:05.890 I/chatty  ( 1186): uid=1000(system) android.display expire 1 line
11-21 08:03:06.452 I/wificond(  911): Fail RSSI polling because wifi is not associated.
11-21 08:03:06.485 I/chatty  ( 1186): uid=1000(system) ConnectivitySer expire 7 lines
11-21 08:03:06.590 E/NetlinkEvent(  462): NetlinkEvent::FindParam(): Parameter 'INTERFACE' not found
11-21 08:03:06.590 E/NetlinkEvent(  462): NetlinkEvent::FindParam(): Parameter 'STATE' not found
11-21 08:03:06.590 E/NetlinkEvent(  462): NetlinkEvent::FindParam(): Parameter 'TIME_NS' not found
11-21 08:03:06.590 E/NetlinkEvent(  462): NetlinkEvent::FindParam(): Parameter 'UID' not found
11-21 08:03:06.769 I/chatty  ( 1186): uid=1000(system) android.fg expire 2 lines
11-21 08:03:06.831 I/chatty  ( 1186): uid=1000(system) ConnectivitySer expire 25 lines
11-21 08:03:10.632 I/chatty  ( 1186): uid=1000(system) android.ui expire 8 lines
11-21 08:03:11.685 D/commandrouter( 1006): SocServiceHandle::onServiceMessage, SoC Service = mcu_healthcheck_1029, appType = 1, type = SVC_REQ, clientId = 0, token = 4826, payloadLen = 12, result = 0, payload.size() = 12
11-21 08:03:11.688 D/commandrouter( 1006): mcu_healthcheck_1029 (1, merlot:mcu_health:control): <ServiceResponse> FORWARDED (remote -> local) CR token ID = 4826, service client ID = 40, token ID = 62019, result = 0
11-21 08:03:11.689 D/mculinkhealth( 1029): isMcuReachable 1 (4 ms)
11-21 08:03:11.880 D/commandrouter( 1006): rtc_sync (1, rtc:sync): <ServiceRequest> FORWARDED (remote -> local) service client ID = 0, token ID = 47250
11-21 08:03:11.881 D/commandrouter( 1006): SocServiceHandle::onServiceMessage, SoC Service = rtc_sync, appType = 1, type = SVC_RESP, clientId = 0, token = 47250, payloadLen = 8, result = 0, payload.size() = 8
11-21 08:03:15.169 I/chatty  ( 1186): uid=1000(system) LazyTaskWriterT expire 2 lines
11-21 08:03:16.514 I/chatty  ( 1186): uid=1000(system) DeviceStorageMo expire 2 lines
11-21 08:03:17.167 I/chatty  ( 1186): uid=1000(system) Binder:1186_C expire 1 line
11-21 08:03:17.306 I/chatty  ( 1186): uid=1000(system) Binder:1186_1C expire 3 lines
11-21 08:03:18.504 D/commandrouter( 1006): SocServiceHandle::onServiceMessage, SoC Service = mcu_healthcheck_934, appType = 1, type = SVC_REQ, clientId = 0, token = 2413, payloadLen = 20, result = 0, payload.size() = 20
11-21 08:03:18.508 D/commandrouter( 1006): mcu_healthcheck_934 (1, merlot:mcu_health:control): <ServiceResponse> FORWARDED (remote -> local) CR token ID = 2413, service client ID = 5, token ID = 62020, result = 0
11-21 08:03:21.879 D/commandrouter( 1006): rtc_sync (1, rtc:sync): <ServiceRequest> FORWARDED (remote -> local) service client ID = 0, token ID = 47251
11-21 08:03:21.880 D/commandrouter( 1006): SocServiceHandle::onServiceMessage, SoC Service = rtc_sync, appType = 1, type = SVC_RESP, clientId = 0, token = 47251, payloadLen = 8, result = 0, payload.size() = 8
11-21 08:03:24.082 I/chatty  ( 1186): uid=1000(system) android.display expire 1 line
11-21 08:03:25.097 I/chatty  ( 1186): uid=1000(system) WifiP2pService expire 2 lines
11-21 08:03:25.099 I/chatty  ( 1186): uid=1000(system) ActivityManager expire 1 line
11-21 08:03:25.102 W/wificond(  911): Scan is not started. Ignore abort request
11-21 08:03:25.591 I/chatty  ( 1186): uid=1000(system) WifiHandlerThre expire 1 line
11-21 08:03:26.449 E/NetlinkEvent(  462): NetlinkEvent::FindParam(): Parameter 'INTERFACE' not found
11-21 08:03:26.449 E/NetlinkEvent(  462): NetlinkEvent::FindParam(): Parameter 'STATE' not found
11-21 08:03:26.449 E/NetlinkEvent(  462): NetlinkEvent::FindParam(): Parameter 'TIME_NS' not found
11-21 08:03:26.449 E/NetlinkEvent(  462): NetlinkEvent::FindParam(): Parameter 'UID' not found
11-21 08:03:26.465 I/chatty  ( 1186): uid=1000(system) ConnectivitySer expire 9 lines
11-21 08:03:31.876 D/commandrouter( 1006): rtc_sync (1, rtc:sync): <ServiceRequest> FORWARDED (remote -> local) service client ID = 0, token ID = 47252
11-21 08:03:31.877 D/commandrouter( 1006): SocServiceHandle::onServiceMessage, SoC Service = rtc_sync, appType = 1, type = SVC_RESP, clientId = 0, token = 47252, payloadLen = 8, result = 0, payload.size() = 8
11-21 08:03:41.690 D/commandrouter( 1006): SocServiceHandle::onServiceMessage, SoC Service = mcu_healthcheck_1029, appType = 1, type = SVC_REQ, clientId = 0, token = 4827, payloadLen = 12, result = 0, payload.size() = 12
11-21 08:03:41.695 D/commandrouter( 1006): mcu_healthcheck_1029 (1, merlot:mcu_health:control): <ServiceResponse> FORWARDED (remote -> local) CR token ID = 4827, service client ID = 40, token ID = 62021, result = 0
11-21 08:03:41.695 D/mculinkhealth( 1029): isMcuReachable 1 (6 ms)
11-21 08:03:41.874 D/commandrouter( 1006): rtc_sync (1, rtc:sync): <ServiceRequest> FORWARDED (remote -> local) service client ID = 0, token ID = 47253
11-21 08:03:41.875 D/commandrouter( 1006): SocServiceHandle::onServiceMessage, SoC Service = rtc_sync, appType = 1, type = SVC_RESP, clientId = 0, token = 47253, payloadLen = 8, result = 0, payload.size() = 8
11-21 08:03:45.378 I/chatty  ( 1186): uid=1000(system) android.ui expire 4 lines
11-21 08:03:48.172 I/chatty  ( 1186): uid=1000(system) Binder:1186_1E expire 4 lines
11-21 08:03:50.961 I/chatty  ( 1186): uid=1000(system) LazyTaskWriterT expire 1 line
11-21 08:03:51.875 D/commandrouter( 1006): rtc_sync (1, rtc:sync): <ServiceRequest> FORWARDED (remote -> local) service client ID = 0, token ID = 47254
11-21 08:03:51.876 D/commandrouter( 1006): SocServiceHandle::onServiceMessage, SoC Service = rtc_sync, appType = 1, type = SVC_RESP, clientId = 0, token = 47254, payloadLen = 8, result = 0, payload.size() = 8
11-21 08:03:55.882 I/chatty  ( 1186): uid=1000(system) android.display expire 1 line
11-21 08:03:56.376 I/chatty  ( 1186): uid=1000(system) ConnectivitySer expire 6 lines
11-21 08:03:56.501 E/NetlinkEvent(  462): NetlinkEvent::FindParam(): Parameter 'INTERFACE' not found
11-21 08:03:56.501 E/NetlinkEvent(  462): NetlinkEvent::FindParam(): Parameter 'STATE' not found
11-21 08:03:56.502 E/NetlinkEvent(  462): NetlinkEvent::FindParam(): Parameter 'TIME_NS' not found
11-21 08:03:56.502 E/NetlinkEvent(  462): NetlinkEvent::FindParam(): Parameter 'UID' not found
11-21 08:03:56.543 I/chatty  ( 1186): uid=1000 system_server expire 1 line
11-21 08:03:56.659 I/chatty  ( 1186): uid=1000(system) android.fg expire 1 line
11-21 08:03:56.683 I/chatty  ( 1186): uid=1000(system) ConnectivitySer expire 2 lines
11-21 08:04:00.735 I/chatty  ( 1186): uid=1000(system) android.ui expire 8 lines
11-21 08:04:01.871 D/commandrouter( 1006): rtc_sync (1, rtc:sync): <ServiceRequest> FORWARDED (remote -> local) service client ID = 0, token ID = 47255
11-21 08:04:01.871 D/commandrouter( 1006): SocServiceHandle::onServiceMessage, SoC Service = rtc_sync, appType = 1, type = SVC_RESP, clientId = 0, token = 47255, payloadLen = 8, result = 0, payload.size() = 8
11-21 08:04:05.297 I/chatty  ( 1186): uid=1000(system) LazyTaskWriterT expire 2 lines
11-21 08:04:08.144 I/chatty  ( 1186): uid=1000(system) Binder:1186_C expire 4 lines
11-21 08:04:11.696 D/commandrouter( 1006): SocServiceHandle::onServiceMessage, SoC Service = mcu_healthcheck_1029, appType = 1, type = SVC_REQ, clientId = 0, token = 4828, payloadLen = 12, result = 0, payload.size() = 12
11-21 08:04:11.700 D/commandrouter( 1006): mcu_healthcheck_1029 (1, merlot:mcu_health:control): <ServiceResponse> FORWARDED (remote -> local) CR token ID = 4828, service client ID = 40, token ID = 62022, result = 0
11-21 08:04:11.700 D/mculinkhealth( 1029): isMcuReachable 1 (4 ms)
11-21 08:04:11.869 D/commandrouter( 1006): rtc_sync (1, rtc:sync): <ServiceRequest> FORWARDED (remote -> local) service client ID = 0, token ID = 47256
11-21 08:04:11.870 D/commandrouter( 1006): SocServiceHandle::onServiceMessage, SoC Service = rtc_sync, appType = 1, type = SVC_RESP, clientId = 0, token = 47256, payloadLen = 8, result = 0, payload.size() = 8
11-21 08:04:15.012 I/chatty  ( 1186): uid=1000(system) android.display expire 1 line
11-21 08:04:15.992 I/chatty  ( 1186): uid=1000(system) WifiP2pService expire 2 lines
11-21 08:04:15.994 I/chatty  ( 1186): uid=1000(system) ActivityManager expire 1 line
11-21 08:04:16.011 W/wificond(  911): Scan is not started. Ignore abort request
11-21 08:04:16.483 I/chatty  ( 1186): uid=1000(system) WifiHandlerThre expire 1 line
11-21 08:04:16.509 I/chatty  ( 1186): uid=1000(system) ConnectivitySer expire 26 lines
11-21 08:04:16.619 I/chatty  ( 1186): uid=1000(system) DeviceStorageMo expire 2 lines
11-21 08:04:17.375 E/NetlinkEvent(  462): NetlinkEvent::FindParam(): Parameter 'INTERFACE' not found
11-21 08:04:17.375 E/NetlinkEvent(  462): NetlinkEvent::FindParam(): Parameter 'STATE' not found
11-21 08:04:17.375 E/NetlinkEvent(  462): NetlinkEvent::FindParam(): Parameter 'TIME_NS' not found
11-21 08:04:17.375 E/NetlinkEvent(  462): NetlinkEvent::FindParam(): Parameter 'UID' not found
11-21 08:04:17.506 I/chatty  ( 1186): uid=1000(system) android.fg expire 1 line
11-21 08:04:17.545 I/chatty  ( 1186): uid=1000(system) ConnectivitySer expire 15 lines
11-21 08:04:18.510 D/commandrouter( 1006): SocServiceHandle::onServiceMessage, SoC Service = mcu_healthcheck_934, appType = 1, type = SVC_REQ, clientId = 0, token = 2414, payloadLen = 20, result = 0, payload.size() = 20
11-21 08:04:18.514 D/commandrouter( 1006): mcu_healthcheck_934 (1, merlot:mcu_health:control): <ServiceResponse> FORWARDED (remote -> local) CR token ID = 2414, service client ID = 5, token ID = 62023, result = 0
11-21 08:04:21.871 D/commandrouter( 1006): rtc_sync (1, rtc:sync): <ServiceRequest> FORWARDED (remote -> local) service client ID = 0, token ID = 47257
11-21 08:04:21.872 D/commandrouter( 1006): SocServiceHandle::onServiceMessage, SoC Service = rtc_sync, appType = 1, type = SVC_RESP, clientId = 0, token = 47257, payloadLen = 8, result = 0, payload.size() = 8
11-21 08:04:24.926 I/chatty  ( 1186): uid=1000(system) Binder:1186_8 expire 1 line
11-21 08:04:31.863 D/commandrouter( 1006): rtc_sync (1, rtc:sync): <ServiceRequest> FORWARDED (remote -> local) service client ID = 0, token ID = 47258
11-21 08:04:31.864 D/commandrouter( 1006): SocServiceHandle::onServiceMessage, SoC Service = rtc_sync, appType = 1, type = SVC_RESP, clientId = 0, token = 47258, payloadLen = 8, result = 0, payload.size() = 8
11-21 08:04:36.341 I/chatty  ( 1186): uid=1000(system) android.ui expire 4 lines
11-21 08:04:39.162 I/chatty  ( 1186): uid=1000(system) Binder:1186_1E expire 4 lines
11-21 08:04:41.701 D/commandrouter( 1006): SocServiceHandle::onServiceMessage, SoC Service = mcu_healthcheck_1029, appType = 1, type = SVC_REQ, clientId = 0, token = 4829, payloadLen = 12, result = 0, payload.size() = 12
11-21 08:04:41.704 D/commandrouter( 1006): mcu_healthcheck_1029 (1, merlot:mcu_health:control): <ServiceResponse> FORWARDED (remote -> local) CR token ID = 4829, service client ID = 40, token ID = 62024, result = 0
11-21 08:04:41.705 D/mculinkhealth( 1029): isMcuReachable 1 (4 ms)
11-21 08:04:41.858 D/commandrouter( 1006): rtc_sync (1, rtc:sync): <ServiceRequest> FORWARDED (remote -> local) service client ID = 0, token ID = 47259
11-21 08:04:41.859 D/commandrouter( 1006): SocServiceHandle::onServiceMessage, SoC Service = rtc_sync, appType = 1, type = SVC_RESP, clientId = 0, token = 47259, payloadLen = 8, result = 0, payload.size() = 8
11-21 08:04:42.117 I/chatty  ( 1186): uid=1000(system) LazyTaskWriterT expire 1 line
11-21 08:04:46.864 I/chatty  ( 1186): uid=1000(system) android.display expire 1 line
11-21 08:04:47.573 E/NetlinkEvent(  462): NetlinkEvent::FindParam(): Parameter 'INTERFACE' not found
11-21 08:04:47.573 E/NetlinkEvent(  462): NetlinkEvent::FindParam(): Parameter 'STATE' not found
11-21 08:04:47.573 E/NetlinkEvent(  462): NetlinkEvent::FindParam(): Parameter 'TIME_NS' not found
11-21 08:04:47.573 E/NetlinkEvent(  462): NetlinkEvent::FindParam(): Parameter 'UID' not found
11-21 08:04:47.588 I/chatty  ( 1186): uid=1000(system) ConnectivitySer expire 1 line
11-21 08:04:47.766 I/chatty  ( 1186): uid=1000(system) android.fg expire 1 line
11-21 08:04:47.845 I/chatty  ( 1186): uid=1000(system) ConnectivitySer expire 1 line
11-21 08:04:51.621 I/chatty  ( 1186): uid=1000(system) android.ui expire 7 lines
11-21 08:04:51.852 D/commandrouter( 1006): rtc_sync (1, rtc:sync): <ServiceRequest> FORWARDED (remote -> local) service client ID = 0, token ID = 47260
11-21 08:04:51.853 D/commandrouter( 1006): SocServiceHandle::onServiceMessage, SoC Service = rtc_sync, appType = 1, type = SVC_RESP, clientId = 0, token = 47260, payloadLen = 8, result = 0, payload.size() = 8
11-21 08:04:56.166 I/chatty  ( 1186): uid=1000(system) LazyTaskWriterT expire 1 line
11-21 08:04:57.628 I/chatty  ( 1186): uid=1000(system) android.ui expire 1 line
11-21 08:04:58.142 I/chatty  ( 1186): uid=1000(system) Binder:1186_8 expire 1 line
11-21 08:04:58.275 I/chatty  ( 1186): uid=1000(system) Binder:1186_16 expire 3 lines
11-21 08:05:01.846 D/commandrouter( 1006): rtc_sync (1, rtc:sync): <ServiceRequest> FORWARDED (remote -> local) service client ID = 0, token ID = 47261
11-21 08:05:01.847 D/commandrouter( 1006): SocServiceHandle::onServiceMessage, SoC Service = rtc_sync, appType = 1, type = SVC_RESP, clientId = 0, token = 47261, payloadLen = 8, result = 0, payload.size() = 8
11-21 08:05:01.887 I/chatty  ( 1186): uid=1000(system) LazyTaskWriterT expire 1 line
11-21 08:05:01.903 I/chatty  ( 1186): uid=1000 system_server expire 1 line
11-21 08:05:05.113 I/chatty  ( 1186): uid=1000(system) android.display expire 1 line
11-21 08:05:06.133 I/chatty  ( 1186): uid=1000(system) WifiP2pService expire 2 lines
11-21 08:05:06.134 I/chatty  ( 1186): uid=1000(system) ActivityManager expire 1 line
11-21 08:05:06.239 W/wificond(  911): Scan is not started. Ignore abort request
11-21 08:05:06.616 I/chatty  ( 1186): uid=1000(system) WifiHandlerThre expire 1 line
11-21 08:05:06.666 I/chatty  ( 1186): uid=1000(system) ConnectivitySer expire 26 lines
