11-19 17:12:25.231 D/LOWI-9.0.0.80( 1024): [LOWI-Scan] decode_rsn_wpa_ie: LOWI_ENCRYPTION_TYPE_WPA_PSK
11-19 17:12:25.231 D/LOWI-9.0.0.80( 1024): [LOWI-Scan] is_qcom_ie, bss_age: 45
11-19 17:12:25.231 D/LOWI-9.0.0.80( 1024): [LOWI-Scan] BSS 12:d7:96:61:85:9f LOWI_PHY_MODE_11AC_VHT20_2G(11), Beacon Interval: 100, LOWI_ENCRYPTION_TYPE_WPA_PSK 11mcRanging: No, ANQP: Yes, LCI: No, Civic: No, capability(0x1431): ESS Privacy ShortPreamble ShortSlotTime
11-19 17:12:25.231 D/LOWI-9.0.0.80( 1024): [LOWI-Scan] BSS 12:d7:96:61:85:9f FREQ: 2412, cFreq1[40:80:160] = [0:0:0] cFreq2 = 0 Country Code =    
11-19 17:12:25.231 D/LOWI-9.0.0.80( 1024): [LOWI-Scan] BSS 12:d7:96:61:85:9f (wlan0) ASSO: NO AddInfo: 0x0, TSF 0, 01:24:51.479, RSSI: -106, CPL: 127, AGE: 10,  SSID Pixel_R5, TSFDelta: 0x0, TXRate: 0
11-19 17:12:25.231 D/LOWI-9.0.0.80( 1024): [LOWI-Scan] 
11-19 17:12:25.231 D/LOWI-9.0.0.80( 1024): [LOWI-Scan] print_bss_handler: Report Probe TSF 5091479797 as it greater than Beacon TSF 5040612720
11-19 17:12:25.231 I/LOWI-9.0.0.80( 1024): [LOWI-Scan] RSN_IE
11-19 17:12:25.231 D/LOWI-9.0.0.80( 1024): [LOWI-Scan] decode_rsn_wpa_ie: Entered
11-19 17:12:25.231 D/LOWI-9.0.0.80( 1024): [LOWIUtils] hexDump: msg(30 14 01 00 00 0f ac 04 01 00 00 0f ac 04 01 00 00 0f ac 02 )
11-19 17:12:25.231 D/LOWI-9.0.0.80( 1024): [LOWI-Scan] decode_rsn_wpa_ie: LOWI_ENCRYPTION_TYPE_WPA_PSK
11-19 17:12:25.232 D/LOWI-9.0.0.80( 1024): [LOWI-Scan] is_qcom_ie, bss_age: 23
11-19 17:12:25.232 D/LOWI-9.0.0.80( 1024): [LOWI-Scan] BSS ce:dc:12:3b:87:fd LOWI_PHY_MODE_11AC_VHT20_2G(11), Beacon Interval: 100, LOWI_ENCRYPTION_TYPE_WPA_PSK 11mcRanging: No, ANQP: Yes, LCI: No, Civic: No, capability(0x1431): ESS Privacy ShortPreamble ShortSlotTime
11-19 17:12:25.232 D/LOWI-9.0.0.80( 1024): [LOWI-Scan] BSS ce:dc:12:3b:87:fd FREQ: 2437, cFreq1[40:80:160] = [0:0:0] cFreq2 = 0 Country Code =    
11-19 17:12:25.232 D/WificondScannerImpl( 1194): Filtering out 3 scan results.
11-19 17:12:25.232 D/LOWI-9.0.0.80( 1024): [LOWI-Scan] BSS ce:dc:12:3b:87:fd (wlan0) ASSO: NO AddInfo: 0x0, TSF 0, 01:24:51.479, RSSI: -124, CPL: 127, AGE: 10,  SSID Pixel5_R1, TSFDelta: 0x0, TXRate: 0
11-19 17:12:25.232 D/LOWI-9.0.0.80( 1024): [LOWI-Scan] 
11-19 17:12:25.232 D/LOWI-9.0.0.80( 1024): [LOWI-Scan] print_bss_handler: Report Probe TSF 5091479738 as it greater than Beacon TSF 5011930821
11-19 17:12:25.232 I/LOWI-9.0.0.80( 1024): [LOWI-Scan] RSN_IE
11-19 17:12:25.232 D/LOWI-9.0.0.80( 1024): [LOWI-Scan] decode_rsn_wpa_ie: Entered
11-19 17:12:25.232 D/LOWI-9.0.0.80( 1024): [LOWIUtils] hexDump: msg(30 14 01 00 00 0f ac 04 01 00 00 0f ac 04 01 00 00 0f ac 02 )
11-19 17:12:25.232 D/LOWI-9.0.0.80( 1024): [LOWI-Scan] decode_rsn_wpa_ie: LOWI_ENCRYPTION_TYPE_WPA_PSK
11-19 17:12:25.232 D/LOWI-9.0.0.80( 1024): [LOWI-Scan] is_qcom_ie, bss_age: 45
11-19 17:12:25.232 D/LOWI-9.0.0.80( 1024): [LOWI-Scan] BSS be:9e:0e:1c:6e:7f LOWI_PHY_MODE_11AC_VHT20_2G(11), Beacon Interval: 100, LOWI_ENCRYPTION_TYPE_WPA_PSK 11mcRanging: No, ANQP: No, LCI: No, Civic: No, capability(0x1431): ESS Privacy ShortPreamble ShortSlotTime
11-19 17:12:25.232 D/LOWI-9.0.0.80( 1024): [LOWI-Scan] BSS be:9e:0e:1c:6e:7f FREQ: 2412, cFreq1[40:80:160] = [0:0:0] cFreq2 = 0 Country Code =    
11-19 17:12:25.238 D/LOWI-9.0.0.80( 1024): [LOWI-Scan] BSS be:9e:0e:1c:6e:7f (wlan0) ASSO: NO AddInfo: 0x0, TSF 0, 01:24:51.479, RSSI: -118, CPL: 127, AGE: 10,  SSID Pixel_3541, TSFDelta: 0x0, TXRate: 0
11-19 17:12:25.239 D/LOWI-9.0.0.80( 1024): [LOWI-Scan] 
11-19 17:12:25.239 D/LOWI-9.0.0.80( 1024): [LOWI-Scan] print_bss_handler: Report Probe TSF 5091479930 as it greater than Beacon TSF 4735555949
11-19 17:12:25.239 I/LOWI-9.0.0.80( 1024): [LOWI-Scan] RSN_IE
11-19 17:12:25.239 D/LOWI-9.0.0.80( 1024): [LOWI-Scan] decode_rsn_wpa_ie: Entered
11-19 17:12:25.239 D/LOWI-9.0.0.80( 1024): [LOWIUtils] hexDump: msg(30 14 01 00 00 0f ac 04 01 00 00 0f ac 04 01 00 00 0f ac 02 )
11-19 17:12:25.239 D/LOWI-9.0.0.80( 1024): [LOWI-Scan] decode_rsn_wpa_ie: LOWI_ENCRYPTION_TYPE_WPA_PSK
11-19 17:12:25.239 D/LOWI-9.0.0.80( 1024): [LOWI-Scan] is_qcom_ie, bss_age: 46
11-19 17:12:25.239 D/LOWI-9.0.0.80( 1024): [LOWI-Scan] BSS 2c:57:41:86:7a:61 LOWI_PHY_MODE_11NG_HT20(5), Beacon Interval: 100, LOWI_ENCRYPTION_TYPE_WPA_PSK 11mcRanging: No, ANQP: No, LCI: No, Civic: No, capability(0x1411): ESS Privacy ShortSlotTime
11-19 17:12:25.239 D/LOWI-9.0.0.80( 1024): [LOWI-Scan] BSS 2c:57:41:86:7a:61 FREQ: 2412, cFreq1[40:80:160] = [0:0:0] cFreq2 = 0 Country Code = US
11-19 17:12:25.239 D/LOWI-9.0.0.80( 1024): [LOWI-Scan] BSS 2c:57:41:86:7a:61 (wlan0) ASSO: NO AddInfo: 0x0, TSF 0, 01:24:51.479, RSSI: -156, CPL: 3, AGE: 10,  SSID kittyhawk, TSFDelta: 0x0, TXRate: 0
11-19 17:12:25.240 D/LOWI-9.0.0.80( 1024): [LOWI-Scan] 
11-19 17:12:25.240 D/LOWI-9.0.0.80( 1024): [LOWI-Scan] print_bss_handler: Report Probe TSF 5091479818 as it greater than Beacon TSF 5062218377
11-19 17:12:25.241 I/LOWI-9.0.0.80( 1024): [LOWI-Scan] RSN_IE
11-19 17:12:25.241 D/LOWI-9.0.0.80( 1024): [LOWI-Scan] decode_rsn_wpa_ie: Entered
11-19 17:12:25.241 D/LOWI-9.0.0.80( 1024): [LOWIUtils] hexDump: msg(30 14 01 00 00 0f ac 04 01 00 00 0f ac 04 01 00 00 0f ac 02 )
11-19 17:12:25.241 D/LOWI-9.0.0.80( 1024): [LOWI-Scan] decode_rsn_wpa_ie: LOWI_ENCRYPTION_TYPE_WPA_PSK
11-19 17:12:25.241 D/LOWI-9.0.0.80( 1024): [LOWI-Scan] is_qcom_ie, bss_age: 46
11-19 17:12:25.241 D/LOWI-9.0.0.80( 1024): [LOWI-Scan] BSS 18:64:72:60:2b:40 LOWI_PHY_MODE_11NG_HT20(5), Beacon Interval: 100, LOWI_ENCRYPTION_TYPE_WPA_PSK 11mcRanging: No, ANQP: No, LCI: No, Civic: No, capability(0x0431): ESS Privacy ShortPreamble ShortSlotTime
11-19 17:12:25.241 D/LOWI-9.0.0.80( 1024): [LOWI-Scan] BSS 18:64:72:60:2b:40 FREQ: 2412, cFreq1[40:80:160] = [0:0:0] cFreq2 = 0 Country Code =    
11-19 17:12:25.241 D/LOWI-9.0.0.80( 1024): [LOWI-Scan] BSS 18:64:72:60:2b:40 (wlan0) ASSO: NO AddInfo: 0x0, TSF 0, 01:24:51.479, RSSI: -140, CPL: 127, AGE: 10,  SSID lab-t24103779, TSFDelta: 0x0, TXRate: 0
11-19 17:12:25.242 D/LOWI-9.0.0.80( 1024): [LOWI-Scan] 
11-19 17:12:25.242 D/LOWI-9.0.0.80( 1024): [LOWI-Scan] print_bss_handler: Report Probe TSF 5091479909 as it greater than Beacon TSF 0
11-19 17:12:25.242 I/LOWI-9.0.0.80( 1024): [LOWI-Scan] RSN_IE
11-19 17:12:25.242 D/LOWI-9.0.0.80( 1024): [LOWI-Scan] decode_rsn_wpa_ie: Entered
11-19 17:12:25.242 D/LOWI-9.0.0.80( 1024): [LOWIUtils] hexDump: msg(30 14 01 00 00 0f ac 04 01 00 00 0f ac 04 01 00 00 0f ac 02 )
11-19 17:12:25.242 D/LOWI-9.0.0.80( 1024): [LOWI-Scan] decode_rsn_wpa_ie: LOWI_ENCRYPTION_TYPE_WPA_PSK
11-19 17:12:25.242 D/LOWI-9.0.0.80( 1024): [LOWI-Scan] is_qcom_ie, bss_age: 23
11-19 17:12:25.242 D/LOWI-9.0.0.80( 1024): [LOWI-Scan] BSS 2c:57:41:89:63:c1 LOWI_PHY_MODE_11NG_HT20(5), Beacon Interval: 100, LOWI_ENCRYPTION_TYPE_WPA_PSK 11mcRanging: No, ANQP: No, LCI: No, Civic: No, capability(0x1411): ESS Privacy ShortSlotTime
11-19 17:12:25.242 D/LOWI-9.0.0.80( 1024): [LOWI-Scan] BSS 2c:57:41:89:63:c1 FREQ: 2437, cFreq1[40:80:160] = [0:0:0] cFreq2 = 0 Country Code = US
11-19 17:12:25.242 D/LOWI-9.0.0.80( 1024): [LOWI-Scan] BSS 2c:57:41:89:63:c1 (wlan0) ASSO: NO AddInfo: 0x0, TSF 0, 01:24:51.479, RSSI: -160, CPL: 2, AGE: 10,  SSID kittyhawk, TSFDelta: 0x0, TXRate: 0
11-19 17:12:25.243 D/LOWI-9.0.0.80( 1024): [LOWI-Scan] 
11-19 17:12:25.243 D/LOWI-9.0.0.80( 1024): [LOWI-Scan] print_bss_handler: Report beacon TSF 5062218465 as it greater than probe TSF 5040612949
11-19 17:12:25.243 I/LOWI-9.0.0.80( 1024): [LOWI-Scan] RSN_IE
11-19 17:12:25.243 D/LOWI-9.0.0.80( 1024): [LOWI-Scan] decode_rsn_wpa_ie: Entered
11-19 17:12:25.243 D/LOWI-9.0.0.80( 1024): [LOWIUtils] hexDump: msg(30 14 01 00 00 0f ac 04 01 00 00 0f ac 04 01 00 00 0f ac 02 )
11-19 17:12:25.243 D/LOWI-9.0.0.80( 1024): [LOWI-Scan] decode_rsn_wpa_ie: LOWI_ENCRYPTION_TYPE_WPA_PSK
11-19 17:12:25.243 D/LOWI-9.0.0.80( 1024): [LOWI-Scan] is_qcom_ie, bss_age: 50
11-19 17:12:25.243 D/LOWI-9.0.0.80( 1024): [LOWI-Scan] adjust_age:AP AGE upper limit reached. Dont store
11-19 17:12:25.243 D/LOWI-9.0.0.80( 1024): [LOWI-Scan] BSS 2c:57:41:89:53:21 LOWI_PHY_MODE_11NG_HT20(5), Beacon Interval: 100, LOWI_ENCRYPTION_TYPE_WPA_PSK 11mcRanging: No, ANQP: No, LCI: No, Civic: No, capability(0x1411): ESS Privacy ShortSlotTime
11-19 17:12:25.243 D/LOWI-9.0.0.80( 1024): [LOWI-Scan] BSS 2c:57:41:89:53:21 FREQ: 2412, cFreq1[40:80:160] = [0:0:0] cFreq2 = 0 Country Code = US
11-19 17:12:25.244 D/LOWI-9.0.0.80( 1024): [LOWI-Scan] BSS 2c:57:41:89:53:21 (wlan0) ASSO: NO AddInfo: 0x1, TSF 0, 01:24:22.218, RSSI: -162, CPL: 3, AGE: 29270,  SSID kittyhawk, TSFDelta: 0x0, TXRate: 0
11-19 17:12:25.244 D/LOWI-9.0.0.80( 1024): [LOWI-Scan] 
11-19 17:12:25.244 D/LOWI-9.0.0.80( 1024): [LOWI-Scan] print_bss_handler: Report Probe TSF 5062218501 as it greater than Beacon TSF 0
11-19 17:12:25.244 I/LOWI-9.0.0.80( 1024): [LOWI-Scan] RSN_IE
11-19 17:12:25.244 D/LOWI-9.0.0.80( 1024): [LOWI-Scan] decode_rsn_wpa_ie: Entered
11-19 17:12:25.244 D/LOWI-9.0.0.80( 1024): [LOWIUtils] hexDump: msg(30 18 01 00 00 0f ac 02 02 00 00 0f ac 02 00 0f ac 04 01 00 00 0f ac 02 )
11-19 17:12:25.244 D/LOWI-9.0.0.80( 1024): [LOWI-Scan] decode_rsn_wpa_ie: LOWI_ENCRYPTION_TYPE_WPA_PSK
11-19 17:12:25.244 D/LOWI-9.0.0.80( 1024): [LOWI-Scan] is_qcom_ie, bss_age: 30
11-19 17:12:25.244 D/LOWI-9.0.0.80( 1024): [LOWI-Scan] adjust_age:AP AGE upper limit reached. Dont store
11-19 17:12:25.244 D/LOWI-9.0.0.80( 1024): [LOWI-Scan] BSS 18:4f:32:07:46:03 LOWI_PHY_MODE_11NG_HT20(5), Beacon Interval: 100, LOWI_ENCRYPTION_TYPE_WPA_PSK 11mcRanging: No, ANQP: No, LCI: No, Civic: No, capability(0x0431): ESS Privacy ShortPreamble ShortSlotTime
11-19 17:12:25.244 D/LOWI-9.0.0.80( 1024): [LOWI-Scan] BSS 18:4f:32:07:46:03 FREQ: 2437, cFreq1[40:80:160] = [0:0:0] cFreq2 = 0 Country Code =    
11-19 17:12:25.245 D/LOWI-9.0.0.80( 1024): [LOWI-Scan] BSS 18:4f:32:07:46:03 (wlan0) ASSO: NO AddInfo: 0x0, TSF 0, 01:24:22.218, RSSI: -184, CPL: 127, AGE: 29270,  SSID HP-Print-03-LaserJet Pro MFP, TSFDelta: 0x0, TXRate: 0
11-19 17:12:25.245 D/LOWI-9.0.0.80( 1024): [LOWI-Scan] 
11-19 17:12:25.245 D/LOWI-9.0.0.80( 1024): [LOWI-Scan] print_bss_handler: Report Probe TSF 5091479774 as it greater than Beacon TSF 0
11-19 17:12:25.245 I/LOWI-9.0.0.80( 1024): [LOWI-Scan] RSN_IE
11-19 17:12:25.245 D/LOWI-9.0.0.80( 1024): [LOWI-Scan] decode_rsn_wpa_ie: Entered
11-19 17:12:25.245 D/LOWI-9.0.0.80( 1024): [LOWIUtils] hexDump: msg(30 14 01 00 00 0f ac 04 01 00 00 0f ac 04 01 00 00 0f ac 02 )
11-19 17:12:25.245 D/LOWI-9.0.0.80( 1024): [LOWI-Scan] decode_rsn_wpa_ie: LOWI_ENCRYPTION_TYPE_WPA_PSK
11-19 17:12:25.245 D/LOWI-9.0.0.80( 1024): [LOWI-Scan] is_qcom_ie, bss_age: 40
11-19 17:12:25.245 D/LOWI-9.0.0.80( 1024): [LOWI-Scan] BSS 52:b8:14:37:74:3f LOWI_PHY_MODE_11AC_VHT20_2G(11), Beacon Interval: 100, LOWI_ENCRYPTION_TYPE_WPA_PSK 11mcRanging: No, ANQP: No, LCI: No, Civic: No, capability(0x1431): ESS Privacy ShortPreamble ShortSlotTime
11-19 17:12:25.245 D/LOWI-9.0.0.80( 1024): [LOWI-Scan] BSS 52:b8:14:37:74:3f FREQ: 2417, cFreq1[40:80:160] = [0:0:0] cFreq2 = 0 Country Code =    
11-19 17:12:25.245 D/LOWI-9.0.0.80( 1024): [LOWI-Scan] BSS 52:b8:14:37:74:3f (wlan0) ASSO: NO AddInfo: 0x0, TSF 0, 01:24:51.479, RSSI: -116, CPL: 127, AGE: 10,  SSID Pixel_8668, TSFDelta: 0x0, TXRate: 0
11-19 17:12:25.246 D/PasspointManager( 1194): ANQP entry not found for: c6:82:9b:4e:b3:9e:<Pixel_R6>
11-19 17:12:25.246 D/PasspointManager( 1194): ANQP entry not found for: 5e:6e:be:46:77:d7:<Pixel_R3>
11-19 17:12:25.247 D/LOWI-9.0.0.80( 1024): [LOWI-Scan] 
11-19 17:12:25.247 D/LOWI-9.0.0.80( 1024): [LOWI-Scan] print_bss_handler: Report Probe TSF 5091479954 as it greater than Beacon TSF 0
11-19 17:12:25.247 I/LOWI-9.0.0.80( 1024): [LOWI-Scan] RSN_IE
11-19 17:12:25.247 D/LOWI-9.0.0.80( 1024): [LOWI-Scan] decode_rsn_wpa_ie: Entered
11-19 17:12:25.247 D/LOWI-9.0.0.80( 1024): [LOWIUtils] hexDump: msg(30 14 01 00 00 0f ac 04 01 00 00 0f ac 04 01 00 00 0f ac 02 )
11-19 17:12:25.247 D/LOWI-9.0.0.80( 1024): [LOWI-Scan] decode_rsn_wpa_ie: LOWI_ENCRYPTION_TYPE_WPA_PSK
11-19 17:12:25.247 D/LOWI-9.0.0.80( 1024): [LOWI-Scan] is_qcom_ie, bss_age: 4
11-19 17:12:25.247 D/LOWI-9.0.0.80( 1024): [LOWI-Scan] BSS 2c:57:41:86:85:21 LOWI_PHY_MODE_11NG_HT20(5), Beacon Interval: 100, LOWI_ENCRYPTION_TYPE_WPA_PSK 11mcRanging: No, ANQP: No, LCI: No, Civic: No, capability(0x1411): ESS Privacy ShortSlotTime
11-19 17:12:25.247 D/LOWI-9.0.0.80( 1024): [LOWI-Scan] BSS 2c:57:41:86:85:21 FREQ: 2462, cFreq1[40:80:160] = [0:0:0] cFreq2 = 0 Country Code = US
11-19 17:12:25.247 D/LOWI-9.0.0.80( 1024): [LOWI-Scan] BSS 2c:57:41:86:85:21 (wlan0) ASSO: NO AddInfo: 0x0, TSF 0, 01:24:51.479, RSSI: -162, CPL: 2, AGE: 10,  SSID kittyhawk, TSFDelta: 0x0, TXRate: 0
11-19 17:12:25.248 D/LOWI-9.0.0.80( 1024): [LOWIDiagLog] Log: lowiMeasResult->request: invalid null argument
11-19 17:12:25.248 I/LOWI-9.0.0.80( 1024): [LOWI-Scan] lowi_close_record:Scan done in 5047731ms, 19 APs in scan results
11-19 17:12:25.248 D/LOWI-9.0.0.80( 1024): [LOWI-Scan] WipsScanUsingNL: passive scan cached 0, took 9764 ms, err 0
11-19 17:12:25.248 D/LOWI-9.0.0.80( 1024): [LOWI-Scan] lowi_proc_req_passive_scan_with_live_meas - No WLAN Frames to be parsed
11-19 17:12:25.248 D/LOWI-9.0.0.80( 1024): [LOWIScanResultReceiver] Send scan meas to listener
11-19 17:12:25.248 D/LOWI-9.0.0.80( 1024): [LOWIScanResultReceiver] Enter passive listening mode
11-19 17:12:25.248 D/LOWI-9.0.0.80( 1024): [LOWIWifiDriverInterface] getMeasurements - Passive listening mode
11-19 17:12:25.248 D/LOWI-9.0.0.80( 1024): [LOWI-Scan] WipsScanUsingNL:wait -1 sec for netlink message
11-19 17:12:25.248 D/PasspointManager( 1194): ANQP entry not found for: 12:d7:96:61:85:9f:<Pixel_R5>
11-19 17:12:25.249 D/LOWI-9.0.0.80( 1024): [LOWIEventReceiver] handleEvent:FROM:NA, TO:NA, REQ:NA, IREQ:NA, REQ_ID:0, RESP:NA, INFO:NA
11-19 17:12:25.249 D/LOWI-9.0.0.80( 1024): [LOWIBackgroundScanMgr] isRspForBgScanMgr: evt(LOWI_NO_EVT) - not handled
11-19 17:12:25.249 D/LOWI-9.0.0.80( 1024): [LOWIScheduler] manageMsg: NULL results or NULL request in results
11-19 17:12:25.249 D/LOWI-9.0.0.80( 1024): [LOWIController] Measurements received
11-19 17:12:25.249 D/PasspointManager( 1194): ANQP entry not found for: ce:dc:12:3b:87:fd:<Pixel5_R1>
11-19 17:12:25.249 D/LOWI-9.0.0.80( 1024): [LOWICacheManager] putInCache:Num of Meas to add: 19
11-19 17:12:25.250 D/LOWI-9.0.0.80( 1024): [LOWIController] processMeasurementResults: No current Request. Cache measurements
11-19 17:12:25.250 D/LOWI-9.0.0.80( 1024): [LOWIControllerExtn] sendLOWILpDiscoveryScanResponse: Not a discovery scan response
11-19 17:12:25.263 D/CompatibilityInfo( 1194): mCompatibilityFlags - 4
11-19 17:12:25.263 D/CompatibilityInfo( 1194): applicationDensity - 320
11-19 17:12:25.263 D/CompatibilityInfo( 1194): applicationScale - 1.0
11-19 17:12:25.298 D/WifiSharingService( 2841): Sending scanResults intent with status code 0: PendingIntent{16f880d: android.os.BinderProxy@f201625}
11-19 17:12:25.305 D/CompatibilityInfo( 1194): mCompatibilityFlags - 4
11-19 17:12:25.305 D/CompatibilityInfo( 1194): applicationDensity - 320
11-19 17:12:25.305 D/CompatibilityInfo( 1194): applicationScale - 1.0
11-19 17:12:25.317 I/chatty  ( 2351): uid=10060(com.facebook.wearable.system.selfcare) DefaultDispatch expire 2 lines
11-19 17:12:25.317 I/chatty  ( 2351): uid=10060(com.facebook.wearable.system.selfcare) pool-3-thread-1 expire 1 line
11-19 17:12:25.444 I/chatty  ( 2351): uid=10060(com.facebook.wearable.system.selfcare) MainTP_61 expire 1 line
11-19 17:12:25.525 I/chatty  ( 2351): uid=10060(com.facebook.wearable.system.selfcare) MainTP_65 expire 1 line
11-19 17:12:25.525 I/chatty  ( 2351): uid=10060(com.facebook.wearable.system.selfcare) pool-3-thread-2 expire 1 line
11-19 17:12:25.601 D/CompatibilityInfo( 1194): mCompatibilityFlags - 4
11-19 17:12:25.601 D/CompatibilityInfo( 1194): applicationDensity - 320
11-19 17:12:25.601 D/CompatibilityInfo( 1194): applicationScale - 1.0
11-19 17:12:25.658 I/chatty  ( 2351): uid=10060(com.facebook.wearable.system.selfcare) pool-3-thread-1 expire 1 line
11-19 17:12:25.658 I/chatty  ( 2351): uid=10060(com.facebook.wearable.system.selfcare) DefaultDispatch expire 2 lines
11-19 17:12:25.792 I/chatty  ( 2351): uid=10060(com.facebook.wearable.system.selfcare) MainTP_58 expire 1 line
11-19 17:12:25.901 I/chatty  ( 2351): uid=10060(com.facebook.wearable.system.selfcare) MainTP_65 expire 1 line
11-19 17:12:25.901 I/chatty  ( 2351): uid=10060(com.facebook.wearable.system.selfcare) pool-3-thread-1 expire 1 line
11-19 17:12:25.985 D/CompatibilityInfo( 1194): mCompatibilityFlags - 4
11-19 17:12:25.985 D/CompatibilityInfo( 1194): applicationDensity - 320
11-19 17:12:25.985 D/CompatibilityInfo( 1194): applicationScale - 1.0
11-19 17:12:26.050 E/SelfCareDataCloudSyncWorker( 2351): Failed to get access token
11-19 17:12:26.050 E/SelfCareDataCloudSyncWorker( 2351): kotlinx.coroutines.JobCancellationException: Job was cancelled; job=JobImpl{Cancelling}@a97c2cc
11-19 17:12:26.050 I/WM-WorkerWrapper( 2351): Work [ id=41176d4d-428f-4560-a8c8-961a1631ba8f, tags={ com.facebook.wearable.system.selfcare.cloudsync.SelfCareDataCloudSyncWorker } ] was cancelled
11-19 17:12:26.050 I/WM-WorkerWrapper( 2351): java.util.concurrent.CancellationException: Task was cancelled.
11-19 17:12:26.050 I/WM-WorkerWrapper( 2351): 	at androidx.work.impl.utils.futures.AbstractFuture.getDoneValue(:32)
11-19 17:12:26.050 I/WM-WorkerWrapper( 2351): 	at androidx.work.impl.utils.futures.AbstractFuture.get(:268435546)
11-19 17:12:26.050 I/WM-WorkerWrapper( 2351): 	at androidx.work.impl.WorkerWrapper$2.run(:3)
11-19 17:12:26.050 I/WM-WorkerWrapper( 2351): 	at androidx.work.impl.utils.SerialExecutor$Task.run(:2)
11-19 17:12:26.050 I/WM-WorkerWrapper( 2351): 	at java.util.concurrent.ThreadPoolExecutor.runWorker(ThreadPoolExecutor.java:1167)
11-19 17:12:26.050 I/WM-WorkerWrapper( 2351): 	at java.util.concurrent.ThreadPoolExecutor$Worker.run(ThreadPoolExecutor.java:641)
11-19 17:12:26.050 I/WM-WorkerWrapper( 2351): 	at java.lang.Thread.run(Thread.java:923)
11-19 17:12:26.185 D/SettingsSDK::SyncHelper( 2351): Read setting com.facebook.wearable.sdk.selfcare:SELFCARE_SERVICE_ENABLED from persistent cache
11-19 17:12:26.186 D/FacebookRepository( 2351): Reading from Store [906581286488774]
11-19 17:12:26.279 W/HWComposer(  577): Ignoring duplicate VSYNC event from HWC for display 0 (t=5092543082275)
11-19 17:12:26.291 E/StickerBundleDatabaseWorker( 2351): Failed to fetch sticker bundles:
11-19 17:12:26.291 E/StickerBundleDatabaseWorker( 2351): kotlinx.coroutines.JobCancellationException: Job was cancelled; job=JobImpl{Cancelling}@cb185cd
11-19 17:12:26.291 I/WM-WorkerWrapper( 2351): Work [ id=731e9e35-e8c2-49b1-b246-986e05f06ab6, tags={ com.facebook.wearable.system.selfcare.sharing.StickerBundleDatabaseWorker } ] was cancelled
11-19 17:12:26.291 I/WM-WorkerWrapper( 2351): java.util.concurrent.CancellationException: Task was cancelled.
11-19 17:12:26.291 I/WM-WorkerWrapper( 2351): 	at androidx.work.impl.utils.futures.AbstractFuture.getDoneValue(:32)
11-19 17:12:26.291 I/WM-WorkerWrapper( 2351): 	at androidx.work.impl.utils.futures.AbstractFuture.get(:268435546)
11-19 17:12:26.291 I/WM-WorkerWrapper( 2351): 	at androidx.work.impl.WorkerWrapper$2.run(:3)
11-19 17:12:26.291 I/WM-WorkerWrapper( 2351): 	at androidx.work.impl.utils.SerialExecutor$Task.run(:2)
11-19 17:12:26.291 I/WM-WorkerWrapper( 2351): 	at java.util.concurrent.ThreadPoolExecutor.runWorker(ThreadPoolExecutor.java:1167)
11-19 17:12:26.291 I/WM-WorkerWrapper( 2351): 	at java.util.concurrent.ThreadPoolExecutor$Worker.run(ThreadPoolExecutor.java:641)
11-19 17:12:26.291 I/WM-WorkerWrapper( 2351): 	at java.lang.Thread.run(Thread.java:923)
11-19 17:12:26.297 W/HWComposer(  577): Ignoring duplicate VSYNC event from HWC for display 0 (t=5092559985556)
11-19 17:12:26.374 D/CompatibilityInfo( 1194): mCompatibilityFlags - 4
11-19 17:12:26.374 D/CompatibilityInfo( 1194): applicationDensity - 320
11-19 17:12:26.374 D/CompatibilityInfo( 1194): applicationScale - 1.0
11-19 17:12:26.437 E/SelfCareDataCloudSyncWorker( 2351): Failed to get access token
11-19 17:12:26.437 E/SelfCareDataCloudSyncWorker( 2351): kotlinx.coroutines.JobCancellationException: Job was cancelled; job=JobImpl{Cancelling}@3e34dd0
11-19 17:12:26.437 I/WM-WorkerWrapper( 2351): Work [ id=41176d4d-428f-4560-a8c8-961a1631ba8f, tags={ com.facebook.wearable.system.selfcare.cloudsync.SelfCareDataCloudSyncWorker } ] was cancelled
11-19 17:12:26.437 I/WM-WorkerWrapper( 2351): java.util.concurrent.CancellationException: Task was cancelled.
11-19 17:12:26.437 I/WM-WorkerWrapper( 2351): 	at androidx.work.impl.utils.futures.AbstractFuture.getDoneValue(:32)
11-19 17:12:26.437 I/WM-WorkerWrapper( 2351): 	at androidx.work.impl.utils.futures.AbstractFuture.get(:268435546)
11-19 17:12:26.437 I/WM-WorkerWrapper( 2351): 	at androidx.work.impl.WorkerWrapper$2.run(:3)
11-19 17:12:26.437 I/WM-WorkerWrapper( 2351): 	at androidx.work.impl.utils.SerialExecutor$Task.run(:2)
11-19 17:12:26.437 I/WM-WorkerWrapper( 2351): 	at java.util.concurrent.ThreadPoolExecutor.runWorker(ThreadPoolExecutor.java:1167)
11-19 17:12:26.437 I/WM-WorkerWrapper( 2351): 	at java.util.concurrent.ThreadPoolExecutor$Worker.run(ThreadPoolExecutor.java:641)
11-19 17:12:26.437 I/WM-WorkerWrapper( 2351): 	at java.lang.Thread.run(Thread.java:923)
11-19 17:12:26.576 D/SettingsSDK::SyncHelper( 2351): Read setting com.facebook.wearable.sdk.selfcare:SELFCARE_SERVICE_ENABLED from persistent cache
11-19 17:12:26.577 D/FacebookRepository( 2351): Reading from Store [906581286488774]
11-19 17:12:26.684 E/StickerBundleDatabaseWorker( 2351): Failed to fetch sticker bundles:
11-19 17:12:26.684 E/StickerBundleDatabaseWorker( 2351): kotlinx.coroutines.JobCancellationException: Job was cancelled; job=JobImpl{Cancelling}@ed17ba6
11-19 17:12:26.684 I/WM-WorkerWrapper( 2351): Work [ id=731e9e35-e8c2-49b1-b246-986e05f06ab6, tags={ com.facebook.wearable.system.selfcare.sharing.StickerBundleDatabaseWorker } ] was cancelled
11-19 17:12:26.684 I/WM-WorkerWrapper( 2351): java.util.concurrent.CancellationException: Task was cancelled.
11-19 17:12:26.684 I/WM-WorkerWrapper( 2351): 	at androidx.work.impl.utils.futures.AbstractFuture.getDoneValue(:32)
11-19 17:12:26.684 I/WM-WorkerWrapper( 2351): 	at androidx.work.impl.utils.futures.AbstractFuture.get(:268435546)
11-19 17:12:26.684 I/WM-WorkerWrapper( 2351): 	at androidx.work.impl.WorkerWrapper$2.run(:3)
11-19 17:12:26.684 I/WM-WorkerWrapper( 2351): 	at androidx.work.impl.utils.SerialExecutor$Task.run(:2)
11-19 17:12:26.684 I/WM-WorkerWrapper( 2351): 	at java.util.concurrent.ThreadPoolExecutor.runWorker(ThreadPoolExecutor.java:1167)
11-19 17:12:26.684 I/WM-WorkerWrapper( 2351): 	at java.util.concurrent.ThreadPoolExecutor$Worker.run(ThreadPoolExecutor.java:641)
11-19 17:12:26.684 I/WM-WorkerWrapper( 2351): 	at java.lang.Thread.run(Thread.java:923)
11-19 17:12:26.760 D/CompatibilityInfo( 1194): mCompatibilityFlags - 4
11-19 17:12:26.760 D/CompatibilityInfo( 1194): applicationDensity - 320
11-19 17:12:26.760 D/CompatibilityInfo( 1194): applicationScale - 1.0
11-19 17:12:26.813 E/SelfCareDataCloudSyncWorker( 2351): Failed to get access token
11-19 17:12:26.813 E/SelfCareDataCloudSyncWorker( 2351): kotlinx.coroutines.JobCancellationException: Job was cancelled; job=JobImpl{Cancelling}@7fc7c3d
11-19 17:12:26.813 I/WM-WorkerWrapper( 2351): Work [ id=41176d4d-428f-4560-a8c8-961a1631ba8f, tags={ com.facebook.wearable.system.selfcare.cloudsync.SelfCareDataCloudSyncWorker } ] was cancelled
11-19 17:12:26.813 I/WM-WorkerWrapper( 2351): java.util.concurrent.CancellationException: Task was cancelled.
11-19 17:12:26.813 I/WM-WorkerWrapper( 2351): 	at androidx.work.impl.utils.futures.AbstractFuture.getDoneValue(:32)
11-19 17:12:26.813 I/WM-WorkerWrapper( 2351): 	at androidx.work.impl.utils.futures.AbstractFuture.get(:268435546)
11-19 17:12:26.813 I/WM-WorkerWrapper( 2351): 	at androidx.work.impl.WorkerWrapper$2.run(:3)
11-19 17:12:26.813 I/WM-WorkerWrapper( 2351): 	at androidx.work.impl.utils.SerialExecutor$Task.run(:2)
11-19 17:12:26.813 I/WM-WorkerWrapper( 2351): 	at java.util.concurrent.ThreadPoolExecutor.runWorker(ThreadPoolExecutor.java:1167)
11-19 17:12:26.813 I/WM-WorkerWrapper( 2351): 	at java.util.concurrent.ThreadPoolExecutor$Worker.run(ThreadPoolExecutor.java:641)
11-19 17:12:26.813 I/WM-WorkerWrapper( 2351): 	at java.lang.Thread.run(Thread.java:923)
11-19 17:12:26.947 D/SettingsSDK::SyncHelper( 2351): Read setting com.facebook.wearable.sdk.selfcare:SELFCARE_SERVICE_ENABLED from persistent cache
11-19 17:12:26.947 D/FacebookRepository( 2351): Reading from Store [906581286488774]
11-19 17:12:27.047 E/StickerBundleDatabaseWorker( 2351): Failed to fetch sticker bundles:
11-19 17:12:27.047 E/StickerBundleDatabaseWorker( 2351): kotlinx.coroutines.JobCancellationException: Job was cancelled; job=JobImpl{Cancelling}@9068f8a
11-19 17:12:27.047 I/WM-WorkerWrapper( 2351): Work [ id=731e9e35-e8c2-49b1-b246-986e05f06ab6, tags={ com.facebook.wearable.system.selfcare.sharing.StickerBundleDatabaseWorker } ] was cancelled
11-19 17:12:27.047 I/WM-WorkerWrapper( 2351): java.util.concurrent.CancellationException: Task was cancelled.
11-19 17:12:27.047 I/WM-WorkerWrapper( 2351): 	at androidx.work.impl.utils.futures.AbstractFuture.getDoneValue(:32)
11-19 17:12:27.047 I/WM-WorkerWrapper( 2351): 	at androidx.work.impl.utils.futures.AbstractFuture.get(:268435546)
11-19 17:12:27.047 I/WM-WorkerWrapper( 2351): 	at androidx.work.impl.WorkerWrapper$2.run(:3)
11-19 17:12:27.047 I/WM-WorkerWrapper( 2351): 	at androidx.work.impl.utils.SerialExecutor$Task.run(:2)
11-19 17:12:27.047 I/WM-WorkerWrapper( 2351): 	at java.util.concurrent.ThreadPoolExecutor.runWorker(ThreadPoolExecutor.java:1167)
11-19 17:12:27.047 I/WM-WorkerWrapper( 2351): 	at java.util.concurrent.ThreadPoolExecutor$Worker.run(ThreadPoolExecutor.java:641)
11-19 17:12:27.047 I/WM-WorkerWrapper( 2351): 	at java.lang.Thread.run(Thread.java:923)
11-19 17:12:27.125 D/CompatibilityInfo( 1194): mCompatibilityFlags - 4
11-19 17:12:27.125 D/CompatibilityInfo( 1194): applicationDensity - 320
11-19 17:12:27.125 D/CompatibilityInfo( 1194): applicationScale - 1.0
11-19 17:12:27.190 E/SelfCareDataCloudSyncWorker( 2351): Failed to get access token
11-19 17:12:27.190 E/SelfCareDataCloudSyncWorker( 2351): kotlinx.coroutines.JobCancellationException: Job was cancelled; job=JobImpl{Cancelling}@639ad7
11-19 17:12:27.190 I/WM-WorkerWrapper( 2351): Work [ id=41176d4d-428f-4560-a8c8-961a1631ba8f, tags={ com.facebook.wearable.system.selfcare.cloudsync.SelfCareDataCloudSyncWorker } ] was cancelled
11-19 17:12:27.190 I/WM-WorkerWrapper( 2351): java.util.concurrent.CancellationException: Task was cancelled.
11-19 17:12:27.190 I/WM-WorkerWrapper( 2351): 	at androidx.work.impl.utils.futures.AbstractFuture.getDoneValue(:32)
11-19 17:12:27.190 I/WM-WorkerWrapper( 2351): 	at androidx.work.impl.utils.futures.AbstractFuture.get(:268435546)
11-19 17:12:27.190 I/WM-WorkerWrapper( 2351): 	at androidx.work.impl.WorkerWrapper$2.run(:3)
11-19 17:12:27.190 I/WM-WorkerWrapper( 2351): 	at androidx.work.impl.utils.SerialExecutor$Task.run(:2)
11-19 17:12:27.190 I/WM-WorkerWrapper( 2351): 	at java.util.concurrent.ThreadPoolExecutor.runWorker(ThreadPoolExecutor.java:1167)
11-19 17:12:27.190 I/WM-WorkerWrapper( 2351): 	at java.util.concurrent.ThreadPoolExecutor$Worker.run(ThreadPoolExecutor.java:641)
11-19 17:12:27.190 I/WM-WorkerWrapper( 2351): 	at java.lang.Thread.run(Thread.java:923)
11-19 17:12:27.318 D/SettingsSDK::SyncHelper( 2351): Read setting com.facebook.wearable.sdk.selfcare:SELFCARE_SERVICE_ENABLED from persistent cache
11-19 17:12:27.318 D/FacebookRepository( 2351): Reading from Store [906581286488774]
11-19 17:12:27.420 E/StickerBundleDatabaseWorker( 2351): Failed to fetch sticker bundles:
11-19 17:12:27.420 E/StickerBundleDatabaseWorker( 2351): kotlinx.coroutines.JobCancellationException: Job was cancelled; job=JobImpl{Cancelling}@972235c
11-19 17:12:27.420 I/WM-WorkerWrapper( 2351): Work [ id=731e9e35-e8c2-49b1-b246-986e05f06ab6, tags={ com.facebook.wearable.system.selfcare.sharing.StickerBundleDatabaseWorker } ] was cancelled
11-19 17:12:27.420 I/WM-WorkerWrapper( 2351): java.util.concurrent.CancellationException: Task was cancelled.
11-19 17:12:27.420 I/WM-WorkerWrapper( 2351): 	at androidx.work.impl.utils.futures.AbstractFuture.getDoneValue(:32)
11-19 17:12:27.420 I/WM-WorkerWrapper( 2351): 	at androidx.work.impl.utils.futures.AbstractFuture.get(:268435546)
11-19 17:12:27.420 I/WM-WorkerWrapper( 2351): 	at androidx.work.impl.WorkerWrapper$2.run(:3)
11-19 17:12:27.420 I/WM-WorkerWrapper( 2351): 	at androidx.work.impl.utils.SerialExecutor$Task.run(:2)
11-19 17:12:27.420 I/WM-WorkerWrapper( 2351): 	at java.util.concurrent.ThreadPoolExecutor.runWorker(ThreadPoolExecutor.java:1167)
11-19 17:12:27.420 I/WM-WorkerWrapper( 2351): 	at java.util.concurrent.ThreadPoolExecutor$Worker.run(ThreadPoolExecutor.java:641)
11-19 17:12:27.420 I/WM-WorkerWrapper( 2351): 	at java.lang.Thread.run(Thread.java:923)
11-19 17:12:27.509 D/CompatibilityInfo( 1194): mCompatibilityFlags - 4
11-19 17:12:27.509 D/CompatibilityInfo( 1194): applicationDensity - 320
11-19 17:12:27.509 D/CompatibilityInfo( 1194): applicationScale - 1.0
11-19 17:12:27.516 D/ConnectivityService( 1194): handleLingerComplete for [100 CELLULAR]
11-19 17:12:27.518 W/MqttClient( 2665): connection/disconnecting; reason=READ_SOCKET, operation=NETWORK_THREAD_LOOP
11-19 17:12:27.519 W/System.err( 2665): DEBUG: com.whatsapp.net.tls13.WtSocketWrapper.sendAlertAndShutdown(:86) : Sending Alert : type : WARNING description : close_notify(0) exception : 
11-19 17:12:27.520 W/System.err( 2665): ERROR: com.whatsapp.net.logging.WtLog.log$REDEX$HQcOuACUrr4(:4) : Encountered exception. Nothing much can be done here. com.whatsapp.net.alerts.WtAlertException
11-19 17:12:27.534 D/QCNEJ/WwanInfoRelay( 1900): onCapabilitiesChanged: 100 [ Transports: CELLULAR Capabilities: MMS&SUPL&FOTA&INTERNET&NOT_RESTRICTED&TRUSTED&NOT_VPN&VALIDATED&NOT_ROAMING&NOT_CONGESTED&NOT_SUSPENDED LinkUpBandwidth>=15000Kbps LinkDnBandwidth>=30000Kbps Specifier: <TelephonyNetworkSpecifier [mSubId = 1]> AdministratorUids: [] RequestorUid: -1 RequestorPackageName: null]
11-19 17:12:27.536 I/QCNEJ/WwanInfoRelay( 1900): cacheWwanInfo subId = 1 phoneId = 0 slotId = 0
11-19 17:12:27.598 W/System.err( 2665): INFO: com.whatsapp.net.logging.WtLog.log$REDEX$HQcOuACUrr4(:4) : Start handshake.
11-19 17:12:27.600 E/SelfCareDataCloudSyncWorker( 2351): Failed to get access token
11-19 17:12:27.600 E/SelfCareDataCloudSyncWorker( 2351): kotlinx.coroutines.JobCancellationException: Job was cancelled; job=JobImpl{Cancelling}@2ac1948
11-19 17:12:27.600 I/WM-WorkerWrapper( 2351): Work [ id=41176d4d-428f-4560-a8c8-961a1631ba8f, tags={ com.facebook.wearable.system.selfcare.cloudsync.SelfCareDataCloudSyncWorker } ] was cancelled
11-19 17:12:27.600 I/WM-WorkerWrapper( 2351): java.util.concurrent.CancellationException: Task was cancelled.
11-19 17:12:27.600 I/WM-WorkerWrapper( 2351): 	at androidx.work.impl.utils.futures.AbstractFuture.getDoneValue(:32)
11-19 17:12:27.600 I/WM-WorkerWrapper( 2351): 	at androidx.work.impl.utils.futures.AbstractFuture.get(:268435546)
11-19 17:12:27.600 I/WM-WorkerWrapper( 2351): 	at androidx.work.impl.WorkerWrapper$2.run(:3)
11-19 17:12:27.600 I/WM-WorkerWrapper( 2351): 	at androidx.work.impl.utils.SerialExecutor$Task.run(:2)
11-19 17:12:27.600 I/WM-WorkerWrapper( 2351): 	at java.util.concurrent.ThreadPoolExecutor.runWorker(ThreadPoolExecutor.java:1167)
11-19 17:12:27.600 I/WM-WorkerWrapper( 2351): 	at java.util.concurrent.ThreadPoolExecutor$Worker.run(ThreadPoolExecutor.java:641)
11-19 17:12:27.600 I/WM-WorkerWrapper( 2351): 	at java.lang.Thread.run(Thread.java:923)
11-19 17:12:27.629 W/System.err( 2665): INFO: com.whatsapp.net.logging.WtLog.log$REDEX$HQcOuACUrr4(:4) : Handshake complete : session_resumed true early_data_sent false early_data_accepted false client_cert_requested false time_ms 31
11-19 17:12:27.641 E/QMI_FW  ( 1113): qmi_cci_get_ref: ref count increased 2
11-19 17:12:27.641 E/QMI_FW  ( 1113): qmi_cci_get_ref: ref count increased 2
11-19 17:12:27.641 E/QMI_FW  ( 1113): qmi_cci_get_ref: ref count increased 2
11-19 17:12:27.647 D/UIAutomatorStub( 6249): URI: /jsonrpc/0, Method: POST, Header: {content-length=229, remote-addr=127.0.0.1, http-client-ip=127.0.0.1, host=localhost:9010, content-type=application/json, accept-encoding=identity}, params, {NanoHttpd.QUERY_STRING=null}, files: {postData={"jsonrpc": "2.0", "method": "objInfo", "id": "bf233ebfe103c043d939e47fdaa07a43", "params": [{"mask": 2097152, "childOrSibling": [], "childOrSiblingSelector": [], "resourceId": "com.facebook.wearable.system.settings:id/toggle"}]}}
11-19 17:12:27.731 D/UIAutomatorStub( 6249): URI: /jsonrpc/0, Method: POST, Header: {content-length=227, remote-addr=127.0.0.1, http-client-ip=127.0.0.1, host=localhost:9010, content-type=application/json, accept-encoding=identity}, params, {NanoHttpd.QUERY_STRING=null}, files: {postData={"jsonrpc": "2.0", "method": "click", "id": "cec1d1aebb3286fccc394ab2c043e305", "params": [{"mask": 2097152, "childOrSibling": [], "childOrSiblingSelector": [], "resourceId": "com.facebook.wearable.system.settings:id/toggle"}]}}
11-19 17:12:27.738 D/SettingsSDK::SyncHelper( 2351): Read setting com.facebook.wearable.sdk.selfcare:SELFCARE_SERVICE_ENABLED from persistent cache
11-19 17:12:27.739 D/FacebookRepository( 2351): Reading from Store [906581286488774]
11-19 17:12:27.775 D/WifiSharingService( 2841): Setting Wi-Fi enabled state
11-19 17:12:27.776 I/WifiService( 1194): setWifiEnabled package=com.facebook.wearable.system.connectivity uid=1000 enable=false
11-19 17:12:27.779 D/QCNEJ/WlanStaInfoRelay( 1900): onChange for uri = content://settings/global/wifi_on
11-19 17:12:27.779 D/WifiActiveModeWarden( 1194): Switching all client mode managers
11-19 17:12:27.782 D/WifiP2pService( 1194): Wifi enabled=false, P2P Interface availability=true
11-19 17:12:27.783 D/WifiP2pNative( 1194): Teardown P2P interface
11-19 17:12:27.789 D/WifiP2pService( 1194): Wifi enabled=false, P2P Interface availability=true
11-19 17:12:27.790 W/ContextImpl( 1194): Calling a method in the system process without a qualified user: android.app.ContextImpl.sendBroadcastMultiplePermissions:1143 android.content.Context.sendBroadcastWithMultiplePermissions:2150 com.android.server.display.WifiDisplayAdapter.handleSendStatusChangeBroadcast:440 com.android.server.display.WifiDisplayAdapter.access$1700:63 com.android.server.display.WifiDisplayAdapter$WifiDisplayHandler.handleMessage:675 
11-19 17:12:27.794 E/QMI_FW  (  927): qmi_cci_get_ref: ref count increased 2
11-19 17:12:27.833 W/HWComposer(  577): Ignoring duplicate VSYNC event from HWC for display 0 (t=5094096489045)
11-19 17:12:27.843 D/WifiClientModeManager1( 1194): IMS not registered over IWLAN for subId: 1
11-19 17:12:27.843 D/WifiClientModeManager1( 1194): The target role 5
11-19 17:12:27.845 I/wpa_supplicant( 9156): p2p0: Do not deauthenticate as part of interface deinit since WoWLAN is enabled
11-19 17:12:27.859 E/StickerBundleDatabaseWorker( 2351): Failed to fetch sticker bundles:
11-19 17:12:27.859 E/StickerBundleDatabaseWorker( 2351): kotlinx.coroutines.JobCancellationException: Job was cancelled; job=JobImpl{Cancelling}@fe32e19
11-19 17:12:27.860 I/WM-WorkerWrapper( 2351): Work [ id=731e9e35-e8c2-49b1-b246-986e05f06ab6, tags={ com.facebook.wearable.system.selfcare.sharing.StickerBundleDatabaseWorker } ] was cancelled
11-19 17:12:27.860 I/WM-WorkerWrapper( 2351): java.util.concurrent.CancellationException: Task was cancelled.
11-19 17:12:27.860 I/WM-WorkerWrapper( 2351): 	at androidx.work.impl.utils.futures.AbstractFuture.getDoneValue(:32)
11-19 17:12:27.860 I/WM-WorkerWrapper( 2351): 	at androidx.work.impl.utils.futures.AbstractFuture.get(:268435546)
11-19 17:12:27.860 I/WM-WorkerWrapper( 2351): 	at androidx.work.impl.WorkerWrapper$2.run(:3)
11-19 17:12:27.860 I/WM-WorkerWrapper( 2351): 	at androidx.work.impl.utils.SerialExecutor$Task.run(:2)
11-19 17:12:27.860 I/WM-WorkerWrapper( 2351): 	at java.util.concurrent.ThreadPoolExecutor.runWorker(ThreadPoolExecutor.java:1167)
11-19 17:12:27.860 I/WM-WorkerWrapper( 2351): 	at java.util.concurrent.ThreadPoolExecutor$Worker.run(ThreadPoolExecutor.java:641)
11-19 17:12:27.860 I/WM-WorkerWrapper( 2351): 	at java.lang.Thread.run(Thread.java:923)
11-19 17:12:27.898 E/wpa_supplicant( 9156): eap_proxy: pthread_join on eap_proxy=0xd325fa8
11-19 17:12:27.899 E/wpa_supplicant( 9156): eap_proxy: session not started for client = 1
11-19 17:12:27.899 E/QMI_FW  ( 9156): qmi_cci_get_ref: ref count increased 2
11-19 17:12:27.899 E/QMI_FW  ( 9156): qmi_cci_get_ref: ref count increased 2
11-19 17:12:27.899 E/wpa_supplicant( 9156): eap_proxy: Released QMI UIM service client
11-19 17:12:27.899 E/QMI_FW  ( 9156): qmi_cci_get_ref: ref count increased 2
11-19 17:12:27.899 E/QMI_FW  ( 9156): qmi_cci_get_ref: ref count increased 2
11-19 17:12:27.900 E/wpa_supplicant( 9156): eap_proxy: Released QMI EAP service client
11-19 17:12:27.900 E/wpa_supplicant( 9156): eap_proxy: session not started for client = 2
11-19 17:12:27.900 E/QMI_FW  ( 9156): qmi_cci_get_ref: ref count increased 2
11-19 17:12:27.900 E/QMI_FW  ( 9156): qmi_cci_get_ref: ref count increased 2
11-19 17:12:27.901 E/wpa_supplicant( 9156): eap_proxy: Released QMI UIM service client
11-19 17:12:27.901 E/QMI_FW  ( 9156): qmi_cci_get_ref: ref count increased 2
11-19 17:12:27.901 E/QMI_FW  ( 9156): qmi_cci_get_ref: ref count increased 2
11-19 17:12:27.903 E/wpa_supplicant( 9156): eap_proxy: Released QMI EAP service client
11-19 17:12:27.903 I/wpa_supplicant( 9156): eap_proxy: eap_proxy Deinitialzed
11-19 17:12:27.933 D/CompatibilityInfo( 1194): mCompatibilityFlags - 4
11-19 17:12:27.933 D/CompatibilityInfo( 1194): applicationDensity - 320
11-19 17:12:27.933 D/CompatibilityInfo( 1194): applicationScale - 1.0
11-19 17:12:27.947 I/wpa_supplicant( 9156): nl80211: deinit ifname=p2p0 disabled_11b_rates=0
11-19 17:12:27.979 E/SelfCareDataCloudSyncWorker( 2351): Failed to get access token
11-19 17:12:27.979 E/SelfCareDataCloudSyncWorker( 2351): kotlinx.coroutines.JobCancellationException: Job was cancelled; job=JobImpl{Cancelling}@ab31b8c
11-19 17:12:27.979 I/WM-WorkerWrapper( 2351): Work [ id=41176d4d-428f-4560-a8c8-961a1631ba8f, tags={ com.facebook.wearable.system.selfcare.cloudsync.SelfCareDataCloudSyncWorker } ] was cancelled
11-19 17:12:27.979 I/WM-WorkerWrapper( 2351): java.util.concurrent.CancellationException: Task was cancelled.
11-19 17:12:27.979 I/WM-WorkerWrapper( 2351): 	at androidx.work.impl.utils.futures.AbstractFuture.getDoneValue(:32)
11-19 17:12:27.979 I/WM-WorkerWrapper( 2351): 	at androidx.work.impl.utils.futures.AbstractFuture.get(:268435546)
11-19 17:12:27.979 I/WM-WorkerWrapper( 2351): 	at androidx.work.impl.WorkerWrapper$2.run(:3)
11-19 17:12:27.979 I/WM-WorkerWrapper( 2351): 	at androidx.work.impl.utils.SerialExecutor$Task.run(:2)
11-19 17:12:27.979 I/WM-WorkerWrapper( 2351): 	at java.util.concurrent.ThreadPoolExecutor.runWorker(ThreadPoolExecutor.java:1167)
11-19 17:12:27.979 I/WM-WorkerWrapper( 2351): 	at java.util.concurrent.ThreadPoolExecutor$Worker.run(ThreadPoolExecutor.java:641)
11-19 17:12:27.979 I/WM-WorkerWrapper( 2351): 	at java.lang.Thread.run(Thread.java:923)
11-19 17:12:27.997 D/LOWI-9.0.0.80( 1024): [LOWINetlinkSocketReceiver] unpackRTMLinkMessage: RTM_NEWLINK - ifname p2p0, flags 0x1003 ([UP])
11-19 17:12:28.017 D/LOWI-9.0.0.80( 1024): [LOWINetlinkSocketReceiver] unpackRTMLinkMessage: RTM_NEWLINK - ifname p2p0, flags 0x1002 ()
11-19 17:12:28.024 D/LOWI-9.0.0.80( 1024): [LOWINetlinkSocketReceiver] unpackRTMLinkMessage: RTM_NEWLINK - ifname p2p0, flags 0x1002 ()
11-19 17:12:28.029 I/wpa_supplicant( 9156): Try to unregister vendor p2 interface
11-19 17:12:28.038 I/WifiP2pNative( 1194): P2P interface teardown completed
11-19 17:12:28.039 D/WifiP2pNative( 1194): P2P InterfaceDestroyedListener p2p0
11-19 17:12:28.039 D/WifiP2pNative( 1194): Ignoring stale interface destroyed listener
11-19 17:12:28.039 D/WifiP2pNative( 1194): P2P InterfaceAvailableListener true
11-19 17:12:28.039 D/WifiP2pService( 1194): Wifi enabled=false, P2P Interface availability=true
11-19 17:12:28.040 I/android_os_HwBinder( 1194): HwBinder: Starting thread pool for getting: android.hardware.wifi.supplicant@1.0::ISupplicant/default
11-19 17:12:28.043 I/wpa_supplicant( 9156): wlan0: Do not deauthenticate as part of interface deinit since WoWLAN is enabled
11-19 17:12:28.106 I/wpa_supplicant( 9156): Try to unregister vendor STA network
11-19 17:12:28.107 E/wpa_supplicant( 9156): eap_proxy: pthread_join on eap_proxy=0xd325eac
11-19 17:12:28.107 E/wpa_supplicant( 9156): eap_proxy: session not started for client = 1
11-19 17:12:28.107 E/QMI_FW  ( 9156): qmi_cci_get_ref: ref count increased 2
11-19 17:12:28.107 E/QMI_FW  ( 9156): qmi_cci_get_ref: ref count increased 2
11-19 17:12:28.109 E/wpa_supplicant( 9156): eap_proxy: Released QMI UIM service client
11-19 17:12:28.109 E/QMI_FW  ( 9156): qmi_cci_get_ref: ref count increased 2
11-19 17:12:28.109 E/QMI_FW  ( 9156): qmi_cci_get_ref: ref count increased 2
11-19 17:12:28.109 D/SettingsSDK::SyncHelper( 2351): Read setting com.facebook.wearable.sdk.selfcare:SELFCARE_SERVICE_ENABLED from persistent cache
11-19 17:12:28.110 D/FacebookRepository( 2351): Reading from Store [906581286488774]
11-19 17:12:28.111 E/wpa_supplicant( 9156): eap_proxy: Released QMI EAP service client
11-19 17:12:28.111 E/wpa_supplicant( 9156): eap_proxy: session not started for client = 2
11-19 17:12:28.111 E/QMI_FW  ( 9156): qmi_cci_get_ref: ref count increased 2
11-19 17:12:28.111 E/QMI_FW  ( 9156): qmi_cci_get_ref: ref count increased 2
11-19 17:12:28.113 E/wpa_supplicant( 9156): eap_proxy: Released QMI UIM service client
11-19 17:12:28.113 E/QMI_FW  ( 9156): qmi_cci_get_ref: ref count increased 2
11-19 17:12:28.113 E/QMI_FW  ( 9156): qmi_cci_get_ref: ref count increased 2
11-19 17:12:28.116 E/wpa_supplicant( 9156): eap_proxy: Released QMI EAP service client
11-19 17:12:28.116 I/wpa_supplicant( 9156): eap_proxy: eap_proxy Deinitialzed
11-19 17:12:28.167 I/wpa_supplicant( 9156): nl80211: deinit ifname=wlan0 disabled_11b_rates=0
11-19 17:12:28.197 I/wpa_supplicant( 9156): Try to unregister vendor interface
11-19 17:12:28.198 D/LOWI-9.0.0.80( 1024): [LOWINetlinkSocketReceiver] unpackRTMLinkMessage: RTM_NEWLINK - ifname wlan0, flags 0x11043 ([UP][RUNNING])
11-19 17:12:28.198 D/LOWI-9.0.0.80( 1024): [LOWINetlinkSocketReceiver] processNetlinkPacket: ifname(wlan0) status(2)
11-19 17:12:28.198 D/LOWI-9.0.0.80( 1024): [LOWIController] intfStateReceived: ifname(wlan0) state(2)
11-19 17:12:28.199 D/LOWI-9.0.0.80( 1024): [LOWIEventReceiver] handleEvent:FROM:NA, TO:NA, REQ:NA, IREQ:NA, REQ_ID:0, RESP:NA, INFO:INTF-STATUS-UPDATE
11-19 17:12:28.199 D/LOWI-9.0.0.80( 1024): [LOWIEventReceiver] Info to [INTF-STATUS-UPDATE]
11-19 17:12:28.199 D/LOWI-9.0.0.80( 1024): [LOWIController] updateIntfState: WIFI enabled 2 mNlWifiStatus 2 mWifiStateEnabled 1
11-19 17:12:28.199 D/LOWI-9.0.0.80( 1024): [LOWIController] isWifiEnabled: mNlWifiStatus 2 mWifiStateEnabled 1
11-19 17:12:28.216 I/SupplicantStaIfaceHal( 1194): Terminating supplicant using HIDL
11-19 17:12:28.218 I/android_os_HwBinder( 1194): HwBinder: Starting thread pool for getting: android.hardware.wifi.supplicant@1.0::ISupplicant/default
11-19 17:12:28.220 E/StickerBundleDatabaseWorker( 2351): Failed to fetch sticker bundles:
11-19 17:12:28.220 E/StickerBundleDatabaseWorker( 2351): kotlinx.coroutines.JobCancellationException: Job was cancelled; job=JobImpl{Cancelling}@6219d42
11-19 17:12:28.220 I/WM-WorkerWrapper( 2351): Work [ id=731e9e35-e8c2-49b1-b246-986e05f06ab6, tags={ com.facebook.wearable.system.selfcare.sharing.StickerBundleDatabaseWorker } ] was cancelled
11-19 17:12:28.220 I/WM-WorkerWrapper( 2351): java.util.concurrent.CancellationException: Task was cancelled.
11-19 17:12:28.220 I/WM-WorkerWrapper( 2351): 	at androidx.work.impl.utils.futures.AbstractFuture.getDoneValue(:32)
11-19 17:12:28.220 I/WM-WorkerWrapper( 2351): 	at androidx.work.impl.utils.futures.AbstractFuture.get(:268435546)
11-19 17:12:28.220 I/WM-WorkerWrapper( 2351): 	at androidx.work.impl.WorkerWrapper$2.run(:3)
11-19 17:12:28.220 I/WM-WorkerWrapper( 2351): 	at androidx.work.impl.utils.SerialExecutor$Task.run(:2)
11-19 17:12:28.220 I/WM-WorkerWrapper( 2351): 	at java.util.concurrent.ThreadPoolExecutor.runWorker(ThreadPoolExecutor.java:1167)
11-19 17:12:28.220 I/WM-WorkerWrapper( 2351): 	at java.util.concurrent.ThreadPoolExecutor$Worker.run(ThreadPoolExecutor.java:641)
11-19 17:12:28.220 I/WM-WorkerWrapper( 2351): 	at java.lang.Thread.run(Thread.java:923)
11-19 17:12:28.220 I/wpa_supplicant( 9156): Terminating...
11-19 17:12:28.222 D/LOWI-9.0.0.80( 1024): [LOWINetlinkSocketReceiver] unpackRTMLinkMessage: RTM_NEWLINK - ifname wlan0, flags 0x1003 ([UP])
11-19 17:12:28.222 D/LOWI-9.0.0.80( 1024): [LOWINetlinkSocketReceiver] processNetlinkPacket: ifname(wlan0) status(1)
11-19 17:12:28.222 D/LOWI-9.0.0.80( 1024): [LOWIController] intfStateReceived: ifname(wlan0) state(1)
11-19 17:12:28.222 D/LOWI-9.0.0.80( 1024): [LOWIEventReceiver] handleEvent:FROM:NA, TO:NA, REQ:NA, IREQ:NA, REQ_ID:0, RESP:NA, INFO:INTF-STATUS-UPDATE
11-19 17:12:28.222 D/LOWI-9.0.0.80( 1024): [LOWIEventReceiver] Info to [INTF-STATUS-UPDATE]
11-19 17:12:28.222 D/LOWI-9.0.0.80( 1024): [LOWIController] updateIntfState: WIFI enabled 1 mNlWifiStatus 2 mWifiStateEnabled 1
11-19 17:12:28.222 D/LOWI-9.0.0.80( 1024): [LOWIController] isWifiEnabled: mNlWifiStatus 1 mWifiStateEnabled 1
11-19 17:12:28.264 D/LOWI-9.0.0.80( 1024): [LOWINetlinkSocketReceiver] unpackRTMLinkMessage: RTM_NEWLINK - ifname wlan0, flags 0x1003 ([UP])
11-19 17:12:28.264 D/LOWI-9.0.0.80( 1024): [LOWINetlinkSocketReceiver] processNetlinkPacket: ifname(wlan0) status(1)
11-19 17:12:28.264 D/LOWI-9.0.0.80( 1024): [LOWIController] intfStateReceived: ifname(wlan0) state(1)
11-19 17:12:28.265 D/LOWI-9.0.0.80( 1024): [LOWIEventReceiver] handleEvent:FROM:NA, TO:NA, REQ:NA, IREQ:NA, REQ_ID:0, RESP:NA, INFO:INTF-STATUS-UPDATE
11-19 17:12:28.265 D/LOWI-9.0.0.80( 1024): [LOWIEventReceiver] Info to [INTF-STATUS-UPDATE]
11-19 17:12:28.265 D/LOWI-9.0.0.80( 1024): [LOWIController] updateIntfState: WIFI enabled 1 mNlWifiStatus 1 mWifiStateEnabled 1
11-19 17:12:28.265 D/LOWI-9.0.0.80( 1024): [LOWIController] isWifiEnabled: mNlWifiStatus 1 mWifiStateEnabled 1
11-19 17:12:28.265 V/WifiHAL (  539): event received NL80211_CMD_DISCONNECT
11-19 17:12:28.270 W/SupplicantStaIfaceHal( 1194): Timed out waiting for confirmation of supplicant death
11-19 17:12:28.271 E/SupplicantStaIfaceHal( 1194): Can't call getKeyMgmtCapabilities_1_3, ISupplicantStaIface is null
11-19 17:12:28.273 V/WifiHAL (  539): WifiVendorCommand 0xaad86b98 created vendor_id:0x1374 subcmd:38
11-19 17:12:28.274 V/WifiHAL (  539): Got a Wi-Fi HAL module message from Driver
11-19 17:12:28.274 V/WifiHAL (  539): Supported feature set : 19d3d
11-19 17:12:28.275 V/WifiHAL (  539): Supported feature set acquired : 19d3d
11-19 17:12:28.275 V/WifiHAL (  539): WifiVendorCommand 0xa0792370 created vendor_id:0x1374 subcmd:76
11-19 17:12:28.275 V/WifiHAL (  539): create: mVendor_id = 4980, Subcmd = 76.
11-19 17:12:28.277 V/WifiHAL (  539): WifiVendorCommand 0xaad86cc8 created vendor_id:0x1374 subcmd:38
11-19 17:12:28.278 V/WifiHAL (  539): Got a Wi-Fi HAL module message from Driver
11-19 17:12:28.278 V/WifiHAL (  539): Supported feature set : 19d3d
11-19 17:12:28.278 V/WifiHAL (  539): Supported feature set acquired : 19d3d
11-19 17:12:28.278 V/WifiHAL (  539): WifiVendorCommand 0xa0792370 created vendor_id:0x1374 subcmd:76
11-19 17:12:28.278 V/WifiHAL (  539): create: mVendor_id = 4980, Subcmd = 76.
11-19 17:12:28.287 W/SupplicantP2pIfaceHal( 1194): ISupplicantVendor/ISupplicantVendorP2PIface died: cookie=0
11-19 17:12:28.287 W/SupplicantP2pIfaceHal( 1194): ISupplicant/ISupplicantP2pIface died: cookie=0
11-19 17:12:28.287 W/SupplicantP2pIfaceHal( 1194): ISupplicant/ISupplicantP2pIface died: cookie=0
11-19 17:12:28.287 E/SupplicantStaIfaceHal( 1194): Can't call getWpaDriverFeatureSet, ISupplicantStaIface is null
11-19 17:12:28.288 W/SupplicantP2pIfaceHal( 1194): ISupplicantVendor/ISupplicantVendorP2PIface died: cookie=0
11-19 17:12:28.288 W/SupplicantStaIfaceHal( 1194): ISupplicantVendor/ISupplicantVendorStaIface died: cookie=0
11-19 17:12:28.288 I/WifiNative( 1194): Successfully switched to scan mode on iface=Iface:{Name=wlan0,Id=1,Type=STA_SCAN}
11-19 17:12:28.288 D/SupplicantStaIfaceHal( 1194): ISupplicant died: cookie=8928674650844433200
11-19 17:12:28.288 W/SupplicantStaIfaceHal( 1194): ISupplicantVendor/ISupplicantVendorStaIface died: cookie=0
11-19 17:12:28.289 W/SupplicantStaIfaceHal( 1194): ISupplicant died: cookie=29
11-19 17:12:28.290 D/WifiClientModeManager1( 1194): entering ScanOnlyModeState
11-19 17:12:28.290 D/WifiP2pService( 1194): Wifi enabled=false, P2P Interface availability=true
11-19 17:12:28.290 D/WifiScanRequestProxy( 1194): Sending scan available broadcast: true
11-19 17:12:28.292 I/WifiScanningService( 1194): Received a request to enable scanning, UID = 1000
11-19 17:12:28.292 I/WifiScanningService( 1194): scanner impls already exists
11-19 17:12:28.292 E/WifiScanningService( 1194): wifi driver loaded received while already loaded
11-19 17:12:28.293 I/WifiScanRequestProxy( 1194): Scanning is enabled
11-19 17:12:28.293 I/WifiScanRequestProxy( 1194): Scanning for hidden networks is disabled
11-19 17:12:28.294 D/WakeupController( 1194): start()
11-19 17:12:28.295 D/WakeupController( 1194): Setting active to true
11-19 17:12:28.306 D/WakeupLock( 1194): Lock set. Number of networks: 1
11-19 17:12:28.309 D/WifiClientModeImpl( 1194): ClientModeImpl: Leaving Connected state
11-19 17:12:28.310 D/WifiCountryCode( 1194): updateCountryCode to US
11-19 17:12:28.311 E/SupplicantStaIfaceHal( 1194): Can't call setCountryCode, ISupplicantStaIface is null
