11-19 17:15:23.115 D/AppStorageManager( 1186): AFTER:: Previous Size: 1063309312 Current Size: 1063309312
11-19 17:15:24.883 E/TaskPersister( 1186): File error accessing recents directory (directory doesn't exist?).
11-19 17:15:29.834 W/ContextImpl( 1186): Calling a method in the system process without a qualified user: android.app.ContextImpl.sendBroadcastMultiplePermissions:1143 android.content.Context.sendBroadcastWithMultiplePermissions:2150 com.android.server.display.WifiDisplayAdapter.handleSendStatusChangeBroadcast:440 com.android.server.display.WifiDisplayAdapter.access$1700:63 com.android.server.display.WifiDisplayAdapter$WifiDisplayHandler.handleMessage:675 
11-19 17:15:30.039 D/ConnectivityService( 1186): handleLingerComplete for [101 CELLULAR]
11-19 17:15:30.381 I/wificond(  911): Fail RSSI polling because wifi is not associated.
11-19 17:15:30.441 D/ConnectivityService( 1186): [111 WIFI] EVENT_NETWORK_INFO_CHANGED, going from CONNECTED to DISCONNECTED
11-19 17:15:30.441 D/ConnectivityService( 1186): [111 WIFI] disconnected, was satisfying 28
11-19 17:15:30.569 I/Nat464Xlat( 1186): Android Xlat is disabled
11-19 17:15:30.569 I/Nat464Xlat( 1186): Android Xlat is disabled
11-19 17:15:30.633 D/ConnectivityService( 1186): Sending DISCONNECTED broadcast for type 1 [111 WIFI] isDefaultNetwork=true
11-19 17:15:30.643 D/ConnectivityService( 1186): NetReassign [66 : null → 101, 44 : null → 101, 64 : null → 101, 11 : null → 101, 63 : null → 101, 17 : null → 101, 25 : null → 101, 1 : null → 101, 65 : null → 101, 8 : null → 101, 12 : null → 101, 14 : null → 101, 16 : null → 101, 22 : null → 101, 78 : null → 101, 31 : null → 101, 32 : null → 101]
11-19 17:15:30.647 E/NetlinkEvent(  462): NetlinkEvent::FindParam(): Parameter 'INTERFACE' not found
11-19 17:15:30.647 E/NetlinkEvent(  462): NetlinkEvent::FindParam(): Parameter 'STATE' not found
11-19 17:15:30.647 E/NetlinkEvent(  462): NetlinkEvent::FindParam(): Parameter 'TIME_NS' not found
11-19 17:15:30.647 E/NetlinkEvent(  462): NetlinkEvent::FindParam(): Parameter 'UID' not found
11-19 17:15:30.657 D/ConnectivityService( 1186): Switching to new default network: NetworkAgentInfo{ ni{[type: MOBILE[LTE], state: CONNECTED/CONNECTED, reason: (unspecified), extra: enhancedphone, failover: false, available: true, roaming: false]}  network{101}  nethandle{437197393933}  lp{{InterfaceName: rmnet_data2 LinkAddresses: [ 10.55.48.101/30,2600:381:4804:c4b6:8cdc:8f0b:afe1:ec6b/64 ] DnsAddresses: [ /172.26.38.2,/fc00:a:a::400 ] Domains: null MTU: 1430 TcpBufferSizes: 2097152,4194304,8388608,262144,524288,1048576 Routes: [ 0.0.0.0/0 -> 10.55.48.102 rmnet_data2 mtu 1430,::/0 -> fe80::9db2:334d:2872:1e0a rmnet_data2 mtu 1430,10.55.48.100/30 -> 0.0.0.0 rmnet_data2 mtu 0,2600:381:4804:c4b6::/64 -> :: rmnet_data2 mtu 0 ]}}  nc{[ Transports: CELLULAR Capabilities: MMS&SUPL&FOTA&INTERNET&NOT_RESTRICTED&TRUSTED&NOT_VPN&VALIDATED&NOT_ROAMING&NOT_CONGESTED&NOT_SUSPENDED LinkUpBandwidth>=15000Kbps LinkDnBandwidth>=30000Kbps Specifier: <TelephonyNetworkSpecifier [mSubId = 1]> AdministratorUids: [] RequestorUid: -1 RequestorPackageName: null]}  Score{50}  everValidated{true}  lastValidated{true}  created{true} lingering{false} explicitlySelected{false} acceptUnvalidated{false} everCaptivePortalDetected{false} lastCaptivePortalDetected{false} partialConnectivity{false} acceptPartialConnectivity{false} clat{mBaseIface: null, mIface: null, mState: IDLE} }
11-19 17:15:30.827 D/ConnectivityService( 1186): Sending CONNECTED broadcast for type 0 [101 CELLULAR] isDefaultNetwork=true
11-19 17:15:31.143 D/commandrouter( 1006): rtc_sync (1, rtc:sync): <ServiceRequest> FORWARDED (remote -> local) service client ID = 0, token ID = 33285
11-19 17:15:31.144 D/commandrouter( 1006): SocServiceHandle::onServiceMessage, SoC Service = rtc_sync, appType = 1, type = SVC_RESP, clientId = 0, token = 33285, payloadLen = 8, result = 0, payload.size() = 8
11-19 17:15:34.611 D/AutofillManagerService( 1186): onBackKeyPressed()
11-19 17:15:35.126 D/commandrouter( 1006): SocServiceHandle::onServiceMessage, SoC Service = mcu_healthcheck_1029, appType = 1, type = SVC_REQ, clientId = 0, token = 172, payloadLen = 12, result = 0, payload.size() = 12
11-19 17:15:35.130 D/commandrouter( 1006): mcu_healthcheck_1029 (1, merlot:mcu_health:control): <ServiceResponse> FORWARDED (remote -> local) CR token ID = 172, service client ID = 40, token ID = 518, result = 0
11-19 17:15:35.132 D/mculinkhealth( 1029): isMcuReachable 1 (5 ms)
11-19 17:15:35.135 D/AutofillManagerService( 1186): onBackKeyPressed()
11-19 17:15:37.835 I/chatty  ( 1186): uid=1000(system) android.ui identical 3 lines
11-19 17:15:38.627 D/AutofillManagerService( 1186): onBackKeyPressed()
11-19 17:15:39.129 E/TaskPersister( 1186): File error accessing recents directory (directory doesn't exist?).
11-19 17:15:39.622 D/AutofillManagerService( 1186): onBackKeyPressed()
11-19 17:15:40.635 D/AutofillManagerService( 1186): onBackKeyPressed()
11-19 17:15:41.139 D/commandrouter( 1006): rtc_sync (1, rtc:sync): <ServiceRequest> FORWARDED (remote -> local) service client ID = 0, token ID = 33286
11-19 17:15:41.140 D/commandrouter( 1006): SocServiceHandle::onServiceMessage, SoC Service = rtc_sync, appType = 1, type = SVC_RESP, clientId = 0, token = 33286, payloadLen = 8, result = 0, payload.size() = 8
11-19 17:15:41.158 W/ActivityManager( 1186): Invalid packageName: com.facebook.wearable.system.settings/com.facebook.wearable.system.settings.SettingsActivity
11-19 17:15:41.296 I/ActivityTaskManager( 1186): START u0 {flg=0x10000000 cmp=com.facebook.wearable.system.settings/.SettingsActivity} from uid 0
11-19 17:15:41.313 I/ActivityTaskManager( 1186): The Process com.facebook.wearable.system.settings Already Exists in BG. So sending its PID: 2711
11-19 17:15:41.314 W/ActivityTaskManager( 1186): Tried to set launchTime (0) < mLastActivityLaunchTime (5210032)
11-19 17:15:42.140 D/commandrouter( 1006): SocServiceHandle::onServiceMessage, SoC Service = mcu_healthcheck_1186, appType = 1, type = SVC_REQ, clientId = 0, token = 13, payloadLen = 12, result = 0, payload.size() = 12
11-19 17:15:42.142 D/commandrouter( 1006): mcu_healthcheck_1186 (1, merlot:mcu_health:control): <ServiceResponse> FORWARDED (remote -> local) CR token ID = 13, service client ID = 39, token ID = 519, result = 0
11-19 17:15:42.143 D/McuReachableCollector( 1186): call isMcuReachable, result true
11-19 17:15:42.260 D/WearableBatteryStatsProvider( 1186): ------ BEGIN Bluetooth power supplementing ------
11-19 17:15:42.265 D/RadioActivityCollector( 1186): Logging RadioActivity data: fields={radio_bluetooth_tx_time_unplugged=5391, radio_wifi_sleep_time_unplugged=444380, radio_bluetooth_idle_time_unplugged=9483, radio_wifi_tx_time_unplugged=0, radio_bluetooth_energy_used_unplugged=417006, radio_bluetooth_rx_time_unplugged=11360, radio_wifi_rx_time_unplugged=0, radio_bluetooth_sleep_time_unplugged=573823, radio_wifi_idle_time_unplugged=155674, radio_wifi_energy_used_unplugged=0}, pid=null, uid=null, pids=null, uids=null
11-19 17:15:45.465 E/TaskPersister( 1186): File error accessing recents directory (directory doesn't exist?).
11-19 17:15:47.838 W/ContextImpl( 1186): Calling a method in the system process without a qualified user: android.app.ContextImpl.sendBroadcastMultiplePermissions:1143 android.content.Context.sendBroadcastWithMultiplePermissions:2150 com.android.server.display.WifiDisplayAdapter.handleSendStatusChangeBroadcast:440 com.android.server.display.WifiDisplayAdapter.access$1700:63 com.android.server.display.WifiDisplayAdapter$WifiDisplayHandler.handleMessage:675 
11-19 17:15:48.895 W/ContextImpl( 1186): Calling a method in the system process without a qualified user: android.app.ContextImpl.sendBroadcastMultiplePermissions:1143 android.content.Context.sendBroadcastWithMultiplePermissions:2150 com.android.server.wifi.p2p.WifiP2pServiceImpl$P2pStateMachine.sendBroadcastMultiplePermissions:3209 com.android.server.wifi.p2p.WifiP2pServiceImpl$P2pStateMachine.sendP2pConnectionChangedBroadcast:3236 com.android.server.wifi.p2p.WifiP2pServiceImpl$P2pStateMachine.access$5100:768 
11-19 17:15:48.896 W/BroadcastQueue( 1186): Permission Denial: receiving Intent { act=android.net.wifi.p2p.CONNECTION_STATE_CHANGE flg=0x24000010 (has extras) } to ProcessRecord{688c834 1907:.qtidataservices/u0a88} (pid=1907, uid=10088) requires android.permission.ACCESS_FINE_LOCATION due to sender android (uid 1000)
11-19 17:15:48.900 W/ContextImpl( 1186): Calling a method in the system process without a qualified user: android.app.ContextImpl.sendBroadcastMultiplePermissions:1143 android.content.Context.sendBroadcastWithMultiplePermissions:2150 com.android.server.wifi.p2p.WifiP2pServiceImpl$P2pStateMachine.sendBroadcastMultiplePermissions:3209 com.android.server.wifi.p2p.WifiP2pServiceImpl$P2pStateMachine.sendThisDeviceChangedBroadcast:3218 com.android.server.wifi.p2p.WifiP2pServiceImpl$P2pStateMachine.updateThisDevice:3962 
11-19 17:15:48.915 W/wificond(  911): Scan is not started. Ignore abort request
11-19 17:15:49.368 D/ConnectivityService( 1186): registerNetworkAgent NetworkAgentInfo{ ni{[type: WIFI[], state: UNKNOWN/IDLE, reason: (unspecified), extra: , failover: false, available: true, roaming: false]}  network{112}  nethandle{484442034189}  lp{{InterfaceName: wlan0 LinkAddresses: [ ] DnsAddresses: [ ] Domains: null MTU: 0 Routes: [ ]}}  nc{[ Transports: WIFI Capabilities: NOT_METERED&INTERNET&NOT_RESTRICTED&TRUSTED&NOT_VPN&NOT_ROAMING&FOREGROUND&NOT_CONGESTED&NOT_SUSPENDED LinkUpBandwidth>=72000Kbps LinkDnBandwidth>=72000Kbps OwnerUid: 1000 SSID: "MTBF_Lab" RequestorUid: -1 RequestorPackageName: null]}  Score{20}  everValidated{false}  lastValidated{false}  created{false} lingering{false} explicitlySelected{false} acceptUnvalidated{false} everCaptivePortalDetected{false} lastCaptivePortalDetected{false} partialConnectivity{false} acceptPartialConnectivity{false} clat{mBaseIface: null, mIface: null, mState: IDLE} }
11-19 17:15:49.387 D/ConnectivityService( 1186): [112 WIFI] EVENT_NETWORK_INFO_CHANGED, going from UNKNOWN to UNKNOWN
11-19 17:15:49.535 D/ConnectivityService( 1186): NetReassign [no changes]
11-19 17:15:49.569 I/Nat464Xlat( 1186): Android Xlat is disabled
11-19 17:15:49.570 I/Nat464Xlat( 1186): Android Xlat is disabled
11-19 17:15:49.699 E/ConnectivityService( 1186): Exception in networkAddRouteParcel for non-gateway: android.os.ServiceSpecificException: Machine is not on the network (code 64)
11-19 17:15:49.700 E/ConnectivityService( 1186): Exception in networkAddRouteParcel for gateway: android.os.ServiceSpecificException: Machine is not on the network (code 64)
11-19 17:15:49.701 I/Nat464Xlat( 1186): Android Xlat is disabled
11-19 17:15:49.701 I/Nat464Xlat( 1186): Android Xlat is disabled
11-19 17:15:49.765 D/ConnectivityService( 1186): Setting DNS servers for network 112 to [/192.168.1.1]
11-19 17:15:49.765 I/Nat464Xlat( 1186): Android Xlat is disabled
11-19 17:15:49.765 I/Nat464Xlat( 1186): Android Xlat is disabled
11-19 17:15:49.844 D/ConnectivityService( 1186): [112 WIFI] EVENT_NETWORK_INFO_CHANGED, going from UNKNOWN to CONNECTED
11-19 17:15:49.853 D/DnsManager( 1186): sendDnsConfigurationForNetwork(112, [192.168.1.1], [], 1800, 25, 8, 64, 0, 0, , [])
11-19 17:15:49.855 W/DnsManager( 1186): updatePrivateDns(112, PrivateDnsConfig{true:/[]})
11-19 17:15:49.855 D/ConnectivityService( 1186): Setting DNS servers for network 112 to [/192.168.1.1]
11-19 17:15:49.855 D/DnsManager( 1186): sendDnsConfigurationForNetwork(112, [192.168.1.1], [], 1800, 25, 8, 64, 0, 0, , [192.168.1.1])
11-19 17:15:49.857 D/ConnectivityService( 1186): Adding iface wlan0 to network 112
11-19 17:15:49.914 D/ConnectivityService( 1186): Setting DNS servers for network 112 to [/192.168.1.1]
11-19 17:15:49.915 D/DnsManager( 1186): sendDnsConfigurationForNetwork(112, [192.168.1.1], [], 1800, 25, 8, 64, 0, 0, , [192.168.1.1])
11-19 17:15:49.917 I/Nat464Xlat( 1186): Android Xlat is disabled
11-19 17:15:49.917 I/Nat464Xlat( 1186): Android Xlat is disabled
11-19 17:15:49.975 D/ConnectivityService( 1186): NetReassign [no changes]
11-19 17:15:50.141 D/ConnectivityService( 1186): [112 WIFI] validation passed
11-19 17:15:50.142 D/ConnectivityService( 1186): NetReassign [66 : 101 → 112, 44 : 101 → 112, 64 : 101 → 112, 11 : 101 → 112, 63 : 101 → 112, 17 : 101 → 112, 25 : 101 → 112, 1 : 101 → 112, 65 : 101 → 112, 8 : 101 → 112, 12 : 101 → 112, 14 : 101 → 112, 16 : 101 → 112, 22 : 101 → 112, 78 : 101 → 112, 31 : 101 → 112, 32 : 101 → 112]
11-19 17:15:50.149 E/NetlinkEvent(  462): NetlinkEvent::FindParam(): Parameter 'INTERFACE' not found
11-19 17:15:50.149 E/NetlinkEvent(  462): NetlinkEvent::FindParam(): Parameter 'STATE' not found
11-19 17:15:50.149 E/NetlinkEvent(  462): NetlinkEvent::FindParam(): Parameter 'TIME_NS' not found
11-19 17:15:50.149 E/NetlinkEvent(  462): NetlinkEvent::FindParam(): Parameter 'UID' not found
11-19 17:15:50.164 D/ConnectivityService( 1186): Switching to new default network: NetworkAgentInfo{ ni{[type: WIFI[], state: CONNECTED/CONNECTED, reason: (unspecified), extra: , failover: false, available: true, roaming: false]}  network{112}  nethandle{484442034189}  lp{{InterfaceName: wlan0 LinkAddresses: [ 192.168.1.41/24 ] DnsAddresses: [ /192.168.1.1 ] Domains: null MTU: 0 ServerAddress: /192.168.1.1 TcpBufferSizes: 524288,1048576,2097152,262144,524288,1048576 Routes: [ fe80::/64 -> :: wlan0 mtu 0,192.168.1.0/24 -> 0.0.0.0 wlan0 mtu 0,0.0.0.0/0 -> 192.168.1.1 wlan0 mtu 0 ]}}  nc{[ Transports: WIFI Capabilities: NOT_METERED&INTERNET&NOT_RESTRICTED&TRUSTED&NOT_VPN&VALIDATED&NOT_ROAMING&FOREGROUND&NOT_CONGESTED&NOT_SUSPENDED LinkUpBandwidth>=66000Kbps LinkDnBandwidth>=66000Kbps SignalStrength: -36 OwnerUid: 1000 SSID: "MTBF_Lab" RequestorUid: -1 RequestorPackageName: null]}  Score{60}  everValidated{true}  lastValidated{true}  created{true} lingering{false} explicitlySelected{false} acceptUnvalidated{false} everCaptivePortalDetected{false} lastCaptivePortalDetected{false} partialConnectivity{false} acceptPartialConnectivity{false} clat{mBaseIface: null, mIface: null, mState: IDLE} }
11-19 17:15:50.319 D/ConnectivityService( 1186): Lingering [101 CELLULAR] for 30000ms
11-19 17:15:50.325 D/ConnectivityService( 1186): Sending DISCONNECTED broadcast for type 0 [101 CELLULAR] isDefaultNetwork=true
11-19 17:15:50.329 D/ConnectivityService( 1186): Sending CONNECTED broadcast for type 1 [112 WIFI] isDefaultNetwork=true
11-19 17:15:50.413 D/ConnectivityService( 1186): Setting DNS servers for network 112 to [/192.168.1.1]
11-19 17:15:50.414 D/DnsManager( 1186): sendDnsConfigurationForNetwork(112, [192.168.1.1], [], 1800, 25, 8, 64, 0, 0, , [192.168.1.1])
11-19 17:15:51.001 I/Nat464Xlat( 1186): Android Xlat is disabled
11-19 17:15:51.001 I/Nat464Xlat( 1186): Android Xlat is disabled
11-19 17:15:51.139 D/commandrouter( 1006): rtc_sync (1, rtc:sync): <ServiceRequest> FORWARDED (remote -> local) service client ID = 0, token ID = 33287
11-19 17:15:51.140 D/commandrouter( 1006): SocServiceHandle::onServiceMessage, SoC Service = rtc_sync, appType = 1, type = SVC_RESP, clientId = 0, token = 33287, payloadLen = 8, result = 0, payload.size() = 8
11-19 17:16:01.158 D/commandrouter( 1006): rtc_sync (1, rtc:sync): <ServiceRequest> FORWARDED (remote -> local) service client ID = 0, token ID = 33288
11-19 17:16:01.159 D/commandrouter( 1006): SocServiceHandle::onServiceMessage, SoC Service = rtc_sync, appType = 1, type = SVC_RESP, clientId = 0, token = 33288, payloadLen = 8, result = 0, payload.size() = 8
11-19 17:16:04.165 D/commandrouter( 1006): SocServiceHandle::onServiceMessage, SoC Service = mcu_healthcheck_934, appType = 1, type = SVC_REQ, clientId = 0, token = 86, payloadLen = 20, result = 0, payload.size() = 20
11-19 17:16:04.171 D/commandrouter( 1006): mcu_healthcheck_934 (1, merlot:mcu_health:control): <ServiceResponse> FORWARDED (remote -> local) CR token ID = 86, service client ID = 5, token ID = 520, result = 0
11-19 17:16:05.134 D/commandrouter( 1006): SocServiceHandle::onServiceMessage, SoC Service = mcu_healthcheck_1029, appType = 1, type = SVC_REQ, clientId = 0, token = 173, payloadLen = 12, result = 0, payload.size() = 12
11-19 17:16:05.139 D/commandrouter( 1006): mcu_healthcheck_1029 (1, merlot:mcu_health:control): <ServiceResponse> FORWARDED (remote -> local) CR token ID = 173, service client ID = 40, token ID = 521, result = 0
11-19 17:16:05.139 D/mculinkhealth( 1029): isMcuReachable 1 (6 ms)
11-19 17:16:09.252 D/AutofillManagerService( 1186): onBackKeyPressed()
11-19 17:16:09.779 I/chatty  ( 1186): uid=1000(system) android.ui identical 1 line
11-19 17:16:10.301 D/AutofillManagerService( 1186): onBackKeyPressed()
11-19 17:16:11.140 D/commandrouter( 1006): rtc_sync (1, rtc:sync): <ServiceRequest> FORWARDED (remote -> local) service client ID = 0, token ID = 33289
11-19 17:16:11.141 D/commandrouter( 1006): SocServiceHandle::onServiceMessage, SoC Service = rtc_sync, appType = 1, type = SVC_RESP, clientId = 0, token = 33289, payloadLen = 8, result = 0, payload.size() = 8
11-19 17:16:11.600 D/AutofillManagerService( 1186): onBackKeyPressed()
11-19 17:16:12.174 W/ActivityManager( 1186): Invalid packageName: com.facebook.wearable.system.settings/com.facebook.wearable.system.settings.SettingsActivity
11-19 17:16:12.315 I/ActivityTaskManager( 1186): START u0 {flg=0x10000000 cmp=com.facebook.wearable.system.settings/.SettingsActivity} from uid 0
11-19 17:16:12.331 I/ActivityTaskManager( 1186): The Process com.facebook.wearable.system.settings Already Exists in BG. So sending its PID: 2711
11-19 17:16:12.332 W/ActivityTaskManager( 1186): Tried to set launchTime (0) < mLastActivityLaunchTime (5229041)
11-19 17:16:14.832 E/TaskPersister( 1186): File error accessing recents directory (directory doesn't exist?).
11-19 17:16:19.898 W/ContextImpl( 1186): Calling a method in the system process without a qualified user: android.app.ContextImpl.sendBroadcastMultiplePermissions:1143 android.content.Context.sendBroadcastWithMultiplePermissions:2150 com.android.server.display.WifiDisplayAdapter.handleSendStatusChangeBroadcast:440 com.android.server.display.WifiDisplayAdapter.access$1700:63 com.android.server.display.WifiDisplayAdapter$WifiDisplayHandler.handleMessage:675 
11-19 17:16:20.142 D/ConnectivityService( 1186): handleLingerComplete for [101 CELLULAR]
11-19 17:16:20.359 I/wificond(  911): Fail RSSI polling because wifi is not associated.
11-19 17:16:20.401 D/AnalyticsLogger( 1186): sent events: 13
11-19 17:16:20.410 D/ConnectivityService( 1186): [112 WIFI] EVENT_NETWORK_INFO_CHANGED, going from CONNECTED to DISCONNECTED
11-19 17:16:20.410 D/ConnectivityService( 1186): [112 WIFI] disconnected, was satisfying 28
11-19 17:16:20.487 I/Nat464Xlat( 1186): Android Xlat is disabled
11-19 17:16:20.488 I/Nat464Xlat( 1186): Android Xlat is disabled
11-19 17:16:20.502 D/ConnectivityService( 1186): Sending DISCONNECTED broadcast for type 1 [112 WIFI] isDefaultNetwork=true
11-19 17:16:20.504 D/ConnectivityService( 1186): NetReassign [66 : null → 101, 44 : null → 101, 64 : null → 101, 11 : null → 101, 63 : null → 101, 17 : null → 101, 25 : null → 101, 1 : null → 101, 65 : null → 101, 8 : null → 101, 12 : null → 101, 14 : null → 101, 16 : null → 101, 22 : null → 101, 78 : null → 101, 31 : null → 101, 32 : null → 101]
11-19 17:16:20.506 E/NetlinkEvent(  462): NetlinkEvent::FindParam(): Parameter 'INTERFACE' not found
11-19 17:16:20.506 E/NetlinkEvent(  462): NetlinkEvent::FindParam(): Parameter 'STATE' not found
11-19 17:16:20.506 E/NetlinkEvent(  462): NetlinkEvent::FindParam(): Parameter 'TIME_NS' not found
11-19 17:16:20.506 E/NetlinkEvent(  462): NetlinkEvent::FindParam(): Parameter 'UID' not found
11-19 17:16:20.518 D/ConnectivityService( 1186): Switching to new default network: NetworkAgentInfo{ ni{[type: MOBILE[LTE], state: CONNECTED/CONNECTED, reason: (unspecified), extra: enhancedphone, failover: false, available: true, roaming: false]}  network{101}  nethandle{437197393933}  lp{{InterfaceName: rmnet_data2 LinkAddresses: [ 10.55.48.101/30,2600:381:4804:c4b6:8cdc:8f0b:afe1:ec6b/64 ] DnsAddresses: [ /172.26.38.2,/fc00:a:a::400 ] Domains: null MTU: 1430 TcpBufferSizes: 2097152,4194304,8388608,262144,524288,1048576 Routes: [ 0.0.0.0/0 -> 10.55.48.102 rmnet_data2 mtu 1430,::/0 -> fe80::9db2:334d:2872:1e0a rmnet_data2 mtu 1430,10.55.48.100/30 -> 0.0.0.0 rmnet_data2 mtu 0,2600:381:4804:c4b6::/64 -> :: rmnet_data2 mtu 0 ]}}  nc{[ Transports: CELLULAR Capabilities: MMS&SUPL&FOTA&INTERNET&NOT_RESTRICTED&TRUSTED&NOT_VPN&VALIDATED&NOT_ROAMING&NOT_CONGESTED&NOT_SUSPENDED LinkUpBandwidth>=15000Kbps LinkDnBandwidth>=30000Kbps Specifier: <TelephonyNetworkSpecifier [mSubId = 1]> AdministratorUids: [] RequestorUid: -1 RequestorPackageName: null]}  Score{50}  everValidated{true}  lastValidated{true}  created{true} lingering{false} explicitlySelected{false} acceptUnvalidated{false} everCaptivePortalDetected{false} lastCaptivePortalDetected{false} partialConnectivity{false} acceptPartialConnectivity{false} clat{mBaseIface: null, mIface: null, mState: IDLE} }
11-19 17:16:20.684 D/ConnectivityService( 1186): Sending CONNECTED broadcast for type 0 [101 CELLULAR] isDefaultNetwork=true
11-19 17:16:21.146 D/commandrouter( 1006): rtc_sync (1, rtc:sync): <ServiceRequest> FORWARDED (remote -> local) service client ID = 0, token ID = 33290
11-19 17:16:21.147 D/commandrouter( 1006): SocServiceHandle::onServiceMessage, SoC Service = rtc_sync, appType = 1, type = SVC_RESP, clientId = 0, token = 33290, payloadLen = 8, result = 0, payload.size() = 8
11-19 17:16:23.118 D/AppStorageManager( 1186): BEFORE:: Previous Size: 1063309312 Current Size: 1063055360
11-19 17:16:23.118 D/AppStorageManager( 1186): AFTER:: Previous Size: 1063055360 Current Size: 1063055360
11-19 17:16:24.934 D/AutofillManagerService( 1186): onBackKeyPressed()
11-19 17:16:27.620 I/chatty  ( 1186): uid=1000(system) android.ui identical 3 lines
11-19 17:16:28.633 D/AutofillManagerService( 1186): onBackKeyPressed()
11-19 17:16:29.458 E/TaskPersister( 1186): File error accessing recents directory (directory doesn't exist?).
11-19 17:16:29.545 D/AutofillManagerService( 1186): onBackKeyPressed()
11-19 17:16:30.621 D/AutofillManagerService( 1186): onBackKeyPressed()
11-19 17:16:31.152 D/commandrouter( 1006): rtc_sync (1, rtc:sync): <ServiceRequest> FORWARDED (remote -> local) service client ID = 0, token ID = 33291
11-19 17:16:31.153 D/commandrouter( 1006): SocServiceHandle::onServiceMessage, SoC Service = rtc_sync, appType = 1, type = SVC_RESP, clientId = 0, token = 33291, payloadLen = 8, result = 0, payload.size() = 8
11-19 17:16:31.632 D/AutofillManagerService( 1186): onBackKeyPressed()
11-19 17:16:32.147 W/ActivityManager( 1186): Invalid packageName: com.facebook.wearable.system.settings/com.facebook.wearable.system.settings.SettingsActivity
11-19 17:16:32.276 I/ActivityTaskManager( 1186): START u0 {flg=0x10000000 cmp=com.facebook.wearable.system.settings/.SettingsActivity} from uid 0
11-19 17:16:32.295 I/ActivityTaskManager( 1186): The Process com.facebook.wearable.system.settings Already Exists in BG. So sending its PID: 2711
11-19 17:16:32.295 W/ActivityTaskManager( 1186): Tried to set launchTime (0) < mLastActivityLaunchTime (5260059)
11-19 17:16:35.141 D/commandrouter( 1006): SocServiceHandle::onServiceMessage, SoC Service = mcu_healthcheck_1029, appType = 1, type = SVC_REQ, clientId = 0, token = 174, payloadLen = 12, result = 0, payload.size() = 12
11-19 17:16:35.144 D/commandrouter( 1006): mcu_healthcheck_1029 (1, merlot:mcu_health:control): <ServiceResponse> FORWARDED (remote -> local) CR token ID = 174, service client ID = 40, token ID = 522, result = 0
11-19 17:16:35.145 D/mculinkhealth( 1029): isMcuReachable 1 (5 ms)
11-19 17:16:36.429 E/TaskPersister( 1186): File error accessing recents directory (directory doesn't exist?).
11-19 17:16:38.414 W/ContextImpl( 1186): Calling a method in the system process without a qualified user: android.app.ContextImpl.sendBroadcastMultiplePermissions:1143 android.content.Context.sendBroadcastWithMultiplePermissions:2150 com.android.server.display.WifiDisplayAdapter.handleSendStatusChangeBroadcast:440 com.android.server.display.WifiDisplayAdapter.access$1700:63 com.android.server.display.WifiDisplayAdapter$WifiDisplayHandler.handleMessage:675 
11-19 17:16:39.409 W/ContextImpl( 1186): Calling a method in the system process without a qualified user: android.app.ContextImpl.sendBroadcastMultiplePermissions:1143 android.content.Context.sendBroadcastWithMultiplePermissions:2150 com.android.server.wifi.p2p.WifiP2pServiceImpl$P2pStateMachine.sendBroadcastMultiplePermissions:3209 com.android.server.wifi.p2p.WifiP2pServiceImpl$P2pStateMachine.sendP2pConnectionChangedBroadcast:3236 com.android.server.wifi.p2p.WifiP2pServiceImpl$P2pStateMachine.access$5100:768 
11-19 17:16:39.414 W/BroadcastQueue( 1186): Permission Denial: receiving Intent { act=android.net.wifi.p2p.CONNECTION_STATE_CHANGE flg=0x24000010 (has extras) } to ProcessRecord{688c834 1907:.qtidataservices/u0a88} (pid=1907, uid=10088) requires android.permission.ACCESS_FINE_LOCATION due to sender android (uid 1000)
11-19 17:16:39.418 W/ContextImpl( 1186): Calling a method in the system process without a qualified user: android.app.ContextImpl.sendBroadcastMultiplePermissions:1143 android.content.Context.sendBroadcastWithMultiplePermissions:2150 com.android.server.wifi.p2p.WifiP2pServiceImpl$P2pStateMachine.sendBroadcastMultiplePermissions:3209 com.android.server.wifi.p2p.WifiP2pServiceImpl$P2pStateMachine.sendThisDeviceChangedBroadcast:3218 com.android.server.wifi.p2p.WifiP2pServiceImpl$P2pStateMachine.updateThisDevice:3962 
11-19 17:16:39.537 W/wificond(  911): Scan is not started. Ignore abort request
11-19 17:16:39.897 D/ConnectivityService( 1186): registerNetworkAgent NetworkAgentInfo{ ni{[type: WIFI[], state: UNKNOWN/IDLE, reason: (unspecified), extra: , failover: false, available: true, roaming: false]}  network{113}  nethandle{488737001485}  lp{{InterfaceName: wlan0 LinkAddresses: [ ] DnsAddresses: [ ] Domains: null MTU: 0 Routes: [ ]}}  nc{[ Transports: WIFI Capabilities: NOT_METERED&INTERNET&NOT_RESTRICTED&TRUSTED&NOT_VPN&NOT_ROAMING&FOREGROUND&NOT_CONGESTED&NOT_SUSPENDED LinkUpBandwidth>=72000Kbps LinkDnBandwidth>=72000Kbps OwnerUid: 1000 SSID: "MTBF_Lab" RequestorUid: -1 RequestorPackageName: null]}  Score{20}  everValidated{false}  lastValidated{false}  created{false} lingering{false} explicitlySelected{false} acceptUnvalidated{false} everCaptivePortalDetected{false} lastCaptivePortalDetected{false} partialConnectivity{false} acceptPartialConnectivity{false} clat{mBaseIface: null, mIface: null, mState: IDLE} }
11-19 17:16:39.915 D/ConnectivityService( 1186): [113 WIFI] EVENT_NETWORK_INFO_CHANGED, going from UNKNOWN to UNKNOWN
11-19 17:16:40.085 D/ConnectivityService( 1186): NetReassign [no changes]
11-19 17:16:40.122 I/Nat464Xlat( 1186): Android Xlat is disabled
11-19 17:16:40.122 I/Nat464Xlat( 1186): Android Xlat is disabled
11-19 17:16:40.231 E/ConnectivityService( 1186): Exception in networkAddRouteParcel for non-gateway: android.os.ServiceSpecificException: Machine is not on the network (code 64)
11-19 17:16:40.233 E/ConnectivityService( 1186): Exception in networkAddRouteParcel for gateway: android.os.ServiceSpecificException: Machine is not on the network (code 64)
11-19 17:16:40.233 I/Nat464Xlat( 1186): Android Xlat is disabled
11-19 17:16:40.233 I/Nat464Xlat( 1186): Android Xlat is disabled
11-19 17:16:40.398 D/ConnectivityService( 1186): Setting DNS servers for network 113 to [/192.168.1.1]
11-19 17:16:40.399 I/Nat464Xlat( 1186): Android Xlat is disabled
11-19 17:16:40.399 I/Nat464Xlat( 1186): Android Xlat is disabled
11-19 17:16:40.472 D/ConnectivityService( 1186): [113 WIFI] EVENT_NETWORK_INFO_CHANGED, going from UNKNOWN to CONNECTED
11-19 17:16:40.474 D/DnsManager( 1186): sendDnsConfigurationForNetwork(113, [192.168.1.1], [], 1800, 25, 8, 64, 0, 0, , [])
11-19 17:16:40.476 W/DnsManager( 1186): updatePrivateDns(113, PrivateDnsConfig{true:/[]})
11-19 17:16:40.477 D/ConnectivityService( 1186): Setting DNS servers for network 113 to [/192.168.1.1]
11-19 17:16:40.477 D/DnsManager( 1186): sendDnsConfigurationForNetwork(113, [192.168.1.1], [], 1800, 25, 8, 64, 0, 0, , [192.168.1.1])
11-19 17:16:40.480 D/ConnectivityService( 1186): Adding iface wlan0 to network 113
11-19 17:16:40.499 D/ConnectivityService( 1186): Setting DNS servers for network 113 to [/192.168.1.1]
11-19 17:16:40.499 D/DnsManager( 1186): sendDnsConfigurationForNetwork(113, [192.168.1.1], [], 1800, 25, 8, 64, 0, 0, , [192.168.1.1])
11-19 17:16:40.504 I/Nat464Xlat( 1186): Android Xlat is disabled
11-19 17:16:40.504 I/Nat464Xlat( 1186): Android Xlat is disabled
11-19 17:16:40.568 D/ConnectivityService( 1186): NetReassign [no changes]
11-19 17:16:40.744 D/ConnectivityService( 1186): [113 WIFI] validation passed
11-19 17:16:40.745 D/ConnectivityService( 1186): NetReassign [66 : 101 → 113, 44 : 101 → 113, 64 : 101 → 113, 11 : 101 → 113, 63 : 101 → 113, 17 : 101 → 113, 25 : 101 → 113, 1 : 101 → 113, 65 : 101 → 113, 8 : 101 → 113, 12 : 101 → 113, 14 : 101 → 113, 16 : 101 → 113, 22 : 101 → 113, 78 : 101 → 113, 31 : 101 → 113, 32 : 101 → 113]
11-19 17:16:40.750 E/NetlinkEvent(  462): NetlinkEvent::FindParam(): Parameter 'INTERFACE' not found
11-19 17:16:40.750 E/NetlinkEvent(  462): NetlinkEvent::FindParam(): Parameter 'STATE' not found
11-19 17:16:40.750 E/NetlinkEvent(  462): NetlinkEvent::FindParam(): Parameter 'TIME_NS' not found
11-19 17:16:40.750 E/NetlinkEvent(  462): NetlinkEvent::FindParam(): Parameter 'UID' not found
11-19 17:16:40.769 D/ConnectivityService( 1186): Switching to new default network: NetworkAgentInfo{ ni{[type: WIFI[], state: CONNECTED/CONNECTED, reason: (unspecified), extra: , failover: false, available: true, roaming: false]}  network{113}  nethandle{488737001485}  lp{{InterfaceName: wlan0 LinkAddresses: [ 192.168.1.41/24 ] DnsAddresses: [ /192.168.1.1 ] Domains: null MTU: 0 ServerAddress: /192.168.1.1 TcpBufferSizes: 524288,1048576,2097152,262144,524288,1048576 Routes: [ fe80::/64 -> :: wlan0 mtu 0,192.168.1.0/24 -> 0.0.0.0 wlan0 mtu 0,0.0.0.0/0 -> 192.168.1.1 wlan0 mtu 0 ]}}  nc{[ Transports: WIFI Capabilities: NOT_METERED&INTERNET&NOT_RESTRICTED&TRUSTED&NOT_VPN&VALIDATED&NOT_ROAMING&FOREGROUND&NOT_CONGESTED&NOT_SUSPENDED LinkUpBandwidth>=66000Kbps LinkDnBandwidth>=66000Kbps SignalStrength: -37 OwnerUid: 1000 SSID: "MTBF_Lab" RequestorUid: -1 RequestorPackageName: null]}  Score{60}  everValidated{true}  lastValidated{true}  created{true} lingering{false} explicitlySelected{false} acceptUnvalidated{false} everCaptivePortalDetected{false} lastCaptivePortalDetected{false} partialConnectivity{false} acceptPartialConnectivity{false} clat{mBaseIface: null, mIface: null, mState: IDLE} }
11-19 17:16:40.894 D/ConnectivityService( 1186): Lingering [101 CELLULAR] for 30000ms
11-19 17:16:40.898 D/ConnectivityService( 1186): Sending DISCONNECTED broadcast for type 0 [101 CELLULAR] isDefaultNetwork=true
11-19 17:16:40.906 D/ConnectivityService( 1186): Sending CONNECTED broadcast for type 1 [113 WIFI] isDefaultNetwork=true
11-19 17:16:40.947 D/ConnectivityService( 1186): Setting DNS servers for network 113 to [/192.168.1.1]
11-19 17:16:40.948 D/DnsManager( 1186): sendDnsConfigurationForNetwork(113, [192.168.1.1], [], 1800, 25, 8, 64, 0, 0, , [192.168.1.1])
11-19 17:16:40.960 I/Nat464Xlat( 1186): Android Xlat is disabled
11-19 17:16:40.960 I/Nat464Xlat( 1186): Android Xlat is disabled
11-19 17:16:41.153 D/commandrouter( 1006): rtc_sync (1, rtc:sync): <ServiceRequest> FORWARDED (remote -> local) service client ID = 0, token ID = 33292
11-19 17:16:41.153 D/commandrouter( 1006): SocServiceHandle::onServiceMessage, SoC Service = rtc_sync, appType = 1, type = SVC_RESP, clientId = 0, token = 33292, payloadLen = 8, result = 0, payload.size() = 8
11-19 17:16:51.151 D/commandrouter( 1006): rtc_sync (1, rtc:sync): <ServiceRequest> FORWARDED (remote -> local) service client ID = 0, token ID = 33293
11-19 17:16:51.152 D/commandrouter( 1006): SocServiceHandle::onServiceMessage, SoC Service = rtc_sync, appType = 1, type = SVC_RESP, clientId = 0, token = 33293, payloadLen = 8, result = 0, payload.size() = 8
11-19 17:16:59.711 D/AutofillManagerService( 1186): onBackKeyPressed()
11-19 17:17:00.699 D/AutofillManagerService( 1186): onBackKeyPressed()
11-19 17:17:01.153 D/commandrouter( 1006): rtc_sync (1, rtc:sync): <ServiceRequest> FORWARDED (remote -> local) service client ID = 0, token ID = 33294
11-19 17:17:01.153 D/commandrouter( 1006): SocServiceHandle::onServiceMessage, SoC Service = rtc_sync, appType = 1, type = SVC_RESP, clientId = 0, token = 33294, payloadLen = 8, result = 0, payload.size() = 8
11-19 17:17:01.225 D/AutofillManagerService( 1186): onBackKeyPressed()
11-19 17:17:02.539 D/AutofillManagerService( 1186): onBackKeyPressed()
11-19 17:17:03.173 W/ActivityManager( 1186): Invalid packageName: com.facebook.wearable.system.settings/com.facebook.wearable.system.settings.SettingsActivity
11-19 17:17:03.318 I/ActivityTaskManager( 1186): START u0 {flg=0x10000000 cmp=com.facebook.wearable.system.settings/.SettingsActivity} from uid 0
11-19 17:17:03.338 I/ActivityTaskManager( 1186): The Process com.facebook.wearable.system.settings Already Exists in BG. So sending its PID: 2711
11-19 17:17:03.338 W/ActivityTaskManager( 1186): Tried to set launchTime (0) < mLastActivityLaunchTime (5280022)
11-19 17:17:04.172 D/commandrouter( 1006): SocServiceHandle::onServiceMessage, SoC Service = mcu_healthcheck_934, appType = 1, type = SVC_REQ, clientId = 0, token = 87, payloadLen = 20, result = 0, payload.size() = 20
11-19 17:17:04.175 D/commandrouter( 1006): mcu_healthcheck_934 (1, merlot:mcu_health:control): <ServiceResponse> FORWARDED (remote -> local) CR token ID = 87, service client ID = 5, token ID = 523, result = 0
--------- beginning of main
11-19 17:17:05.146 D/mcu_health_checker( 1029): Sent MCU Health Request
11-19 17:17:05.146 D/commandrouter( 1006): SocServiceHandle::onServiceMessage, SoC Service = mcu_healthcheck_1029, appType = 1, type = SVC_REQ, clientId = 0, token = 175, payloadLen = 12, result = 0, payload.size() = 12
11-19 17:17:05.149 D/commandrouter( 1006): mcu_healthcheck_1029 (1, merlot:mcu_health:control): <ServiceResponse> FORWARDED (remote -> local) CR token ID = 175, service client ID = 40, token ID = 524, result = 0
11-19 17:17:05.150 D/mcu_health_checker( 1029): MCU Health Response: MCU_OK
11-19 17:17:05.150 D/mcu_health_checker( 1029): MCU Session 0, uptime = 5276638 ms
11-19 17:17:05.150 D/mculinkhealth( 1029): isMcuReachable 1 (4 ms)
11-19 17:17:05.785 E/TaskPersister( 1186): File error accessing recents directory (directory doesn't exist?).
11-19 17:17:06.203 W/HWComposer(  598): Ignoring duplicate VSYNC event from HWC for display 0 (t=5313928829638)
11-19 17:17:06.237 W/HWComposer(  598): Ignoring duplicate VSYNC event from HWC for display 0 (t=5313962572554)
11-19 17:17:07.579 D/UIAutomatorStub( 5940): URI: /jsonrpc/0, Method: POST, Header: {content-length=183, remote-addr=127.0.0.1, http-client-ip=127.0.0.1, host=localhost:9012, content-type=application/json, accept-encoding=identity}, params, {NanoHttpd.QUERY_STRING=null}, files: {postData={"jsonrpc": "2.0", "method": "waitForExists", "id": "251c51d0d541270859b42681d06fb7f1", "params": [{"mask": 1, "childOrSibling": [], "childOrSiblingSelector": [], "text": "WiFi"}, 5]}}
11-19 17:17:07.623 D/UIAutomatorStub( 5940): URI: /jsonrpc/0, Method: POST, Header: {content-length=172, remote-addr=127.0.0.1, http-client-ip=127.0.0.1, host=localhost:9012, content-type=application/json, accept-encoding=identity}, params, {NanoHttpd.QUERY_STRING=null}, files: {postData={"jsonrpc": "2.0", "method": "click", "id": "67bf88819ac842b09791c506893865a2", "params": [{"mask": 1, "childOrSibling": [], "childOrSiblingSelector": [], "text": "WiFi"}]}}
11-19 17:17:07.698 W/StatusBarClientConnection( 2711): Messenger is null, ignoring message: { when=-1h28m35s424ms barrier=1 }
11-19 17:17:07.727 D/CompatibilityInfo( 1186): mCompatibilityFlags - 4
11-19 17:17:07.727 D/CompatibilityInfo( 1186): applicationDensity - 320
11-19 17:17:07.733 D/CompatibilityInfo( 1186): applicationScale - 1.0
11-19 17:17:07.737 E/StatusBarClientConnection( 2711): Service connected
11-19 17:17:07.745 D/WifiConnector( 2870): Network State Changed
11-19 17:17:07.753 W/View    ( 2711): requestLayout() improperly called by android.view.View{e04f37e V.ED..... ......I. 0,368-474,474} during layout: running second layout pass
11-19 17:17:07.764 D/WifiSharingService( 2870): Starting Wi-Fi scan
11-19 17:17:07.765 I/WifiService( 1186): startScan uid=1000
11-19 17:17:07.769 W/View    ( 2711): requestLayout() improperly called by com.facebook.wearable.common.wds.listview.WdsListView{544c259 V.E..V... ........ 0,0-474,474} during second layout pass: posting in next frame
11-19 17:17:07.780 D/WifiNative( 1186): Scan trigered from WifiNative
11-19 17:17:07.781 I/chatty  ( 1026): uid=1021(gps) lowi-server expire 52 lines
11-19 17:17:07.782 V/WifiHAL (  544): event received NL80211_CMD_TRIGGER_SCAN
11-19 17:17:08.166 I/chatty  ( 2334): uid=10062(com.facebook.wearable.system.selfcare) DefaultDispatch expire 3 lines
11-19 17:17:08.198 I/chatty  ( 2334): uid=10062(com.facebook.wearable.system.selfcare) pool-3-thread-1 expire 2 lines
11-19 17:17:08.307 I/chatty  ( 2334): uid=10062(com.facebook.wearable.system.selfcare) MainTP_61 expire 1 line
11-19 17:17:08.321 V/WifiHAL (  544): event received NL80211_CMD_NEW_SCAN_RESULTS
11-19 17:17:08.321 D/WifiNl80211Manager( 1186): Scan result ready event
11-19 17:17:08.322 D/WifiNative( 1186): Scan result ready event
11-19 17:17:08.335 D/LOWI-9.0.0.80( 1026): [LOWI-Scan] is_qcom_ie, bss_age: 3
11-19 17:17:08.335 D/LOWI-9.0.0.80( 1026): [LOWI-Scan] BSS 2c:57:41:86:6c:01 LOWI_PHY_MODE_11NG_HT20(5), Beacon Interval: 100, LOWI_ENCRYPTION_TYPE_WPA_PSK 11mcRanging: No, ANQP: No, LCI: No, Civic: No, capability(0x1411): ESS Privacy ShortSlotTime
11-19 17:17:08.335 D/LOWI-9.0.0.80( 1026): [LOWI-Scan] BSS 2c:57:41:86:6c:01 FREQ: 2462, cFreq1[40:80:160] = [0:0:0] cFreq2 = 0 Country Code = US
11-19 17:17:08.335 D/LOWI-9.0.0.80( 1026): [LOWI-Scan] BSS 2c:57:41:86:6c:01 (wlan0) ASSO: NO AddInfo: 0x0, TSF 0, 01:28:36.046, RSSI: -114, CPL: 2, AGE: 0,  SSID kittyhawk, TSFDelta: 0x0, TXRate: 0
11-19 17:17:08.336 D/LOWI-9.0.0.80( 1026): [LOWI-Scan] 
11-19 17:17:08.336 D/LOWI-9.0.0.80( 1026): [LOWI-Scan] print_bss_handler: Report Probe TSF 5316046538 as it greater than Beacon TSF 5215011654
11-19 17:17:08.336 I/LOWI-9.0.0.80( 1026): [LOWI-Scan] RSN_IE
11-19 17:17:08.336 D/LOWI-9.0.0.80( 1026): [LOWI-Scan] decode_rsn_wpa_ie: Entered
11-19 17:17:08.336 D/LOWI-9.0.0.80( 1026): [LOWIUtils] hexDump: msg(30 14 01 00 00 0f ac 04 01 00 00 0f ac 04 01 00 00 0f ac 02 )
11-19 17:17:08.336 D/LOWI-9.0.0.80( 1026): [LOWI-Scan] decode_rsn_wpa_ie: LOWI_ENCRYPTION_TYPE_WPA_PSK
11-19 17:17:08.336 D/LOWI-9.0.0.80( 1026): [LOWI-Scan] is_qcom_ie, bss_age: 10
11-19 17:17:08.336 D/LOWI-9.0.0.80( 1026): [LOWI-Scan] BSS c6:82:9b:4e:b3:9e LOWI_PHY_MODE_11AC_VHT20_2G(11), Beacon Interval: 100, LOWI_ENCRYPTION_TYPE_WPA_PSK 11mcRanging: No, ANQP: Yes, LCI: No, Civic: No, capability(0x1431): ESS Privacy ShortPreamble ShortSlotTime
11-19 17:17:08.337 D/LOWI-9.0.0.80( 1026): [LOWI-Scan] BSS c6:82:9b:4e:b3:9e FREQ: 2457, cFreq1[40:80:160] = [0:0:0] cFreq2 = 0 Country Code =    
11-19 17:17:08.337 D/LOWI-9.0.0.80( 1026): [LOWI-Scan] BSS c6:82:9b:4e:b3:9e (wlan0) ASSO: NO AddInfo: 0x0, TSF 0, 01:28:36.046, RSSI: -102, CPL: 127, AGE: 0,  SSID Pixel_R6, TSFDelta: 0x0, TXRate: 0
11-19 17:17:08.337 D/LOWI-9.0.0.80( 1026): [LOWI-Scan] 
11-19 17:17:08.337 D/LOWI-9.0.0.80( 1026): [LOWI-Scan] print_bss_handler: Report beacon TSF 5316046634 as it greater than probe TSF 5286773257
11-19 17:17:08.337 I/LOWI-9.0.0.80( 1026): [LOWI-Scan] RSN_IE
11-19 17:17:08.337 D/LOWI-9.0.0.80( 1026): [LOWI-Scan] decode_rsn_wpa_ie: Entered
11-19 17:17:08.337 D/LOWI-9.0.0.80( 1026): [LOWIUtils] hexDump: msg(30 14 01 00 00 0f ac 04 01 00 00 0f ac 04 01 00 00 0f ac 02 )
11-19 17:17:08.337 D/LOWI-9.0.0.80( 1026): [LOWI-Scan] decode_rsn_wpa_ie: LOWI_ENCRYPTION_TYPE_WPA_PSK
11-19 17:17:08.338 D/LOWI-9.0.0.80( 1026): [LOWI-Scan] is_qcom_ie, bss_age: 55
11-19 17:17:08.338 D/LOWI-9.0.0.80( 1026): [LOWI-Scan] BSS 2c:57:41:88:72:e1 LOWI_PHY_MODE_11NG_HT20(5), Beacon Interval: 100, LOWI_ENCRYPTION_TYPE_WPA_PSK 11mcRanging: No, ANQP: No, LCI: No, Civic: No, capability(0x1411): ESS Privacy ShortSlotTime
11-19 17:17:08.338 D/LOWI-9.0.0.80( 1026): [LOWI-Scan] BSS 2c:57:41:88:72:e1 FREQ: 2412, cFreq1[40:80:160] = [0:0:0] cFreq2 = 0 Country Code = US
11-19 17:17:08.338 D/LOWI-9.0.0.80( 1026): [LOWI-Scan] BSS 2c:57:41:88:72:e1 (wlan0) ASSO: NO AddInfo: 0x1, TSF 0, 01:28:36.046, RSSI: -140, CPL: 3, AGE: 0,  SSID kittyhawk, TSFDelta: 0x0, TXRate: 0
11-19 17:17:08.338 D/LOWI-9.0.0.80( 1026): [LOWI-Scan] 
11-19 17:17:08.339 D/LOWI-9.0.0.80( 1026): [LOWI-Scan] print_bss_handler: Report Probe TSF 5316046673 as it greater than Beacon TSF 5136333397
11-19 17:17:08.339 I/LOWI-9.0.0.80( 1026): [LOWI-Scan] RSN_IE
11-19 17:17:08.339 D/LOWI-9.0.0.80( 1026): [LOWI-Scan] decode_rsn_wpa_ie: Entered
11-19 17:17:08.339 D/LOWI-9.0.0.80( 1026): [LOWIUtils] hexDump: msg(30 14 01 00 00 0f ac 04 01 00 00 0f ac 04 01 00 00 0f ac 02 )
11-19 17:17:08.339 D/LOWI-9.0.0.80( 1026): [LOWI-Scan] decode_rsn_wpa_ie: LOWI_ENCRYPTION_TYPE_WPA_PSK
11-19 17:17:08.339 D/LOWI-9.0.0.80( 1026): [LOWI-Scan] is_qcom_ie, bss_age: 3
11-19 17:17:08.339 D/LOWI-9.0.0.80( 1026): [LOWI-Scan] BSS 2c:57:41:86:94:a1 LOWI_PHY_MODE_11NG_HT20(5), Beacon Interval: 100, LOWI_ENCRYPTION_TYPE_WPA_PSK 11mcRanging: No, ANQP: No, LCI: No, Civic: No, capability(0x1411): ESS Privacy ShortSlotTime
11-19 17:17:08.339 D/LOWI-9.0.0.80( 1026): [LOWI-Scan] BSS 2c:57:41:86:94:a1 FREQ: 2462, cFreq1[40:80:160] = [0:0:0] cFreq2 = 0 Country Code = US
11-19 17:17:08.339 D/LOWI-9.0.0.80( 1026): [LOWI-Scan] BSS 2c:57:41:86:94:a1 (wlan0) ASSO: NO AddInfo: 0x0, TSF 0, 01:28:36.046, RSSI: -148, CPL: 2, AGE: 0,  SSID kittyhawk, TSFDelta: 0x0, TXRate: 0
11-19 17:17:08.340 D/LOWI-9.0.0.80( 1026): [LOWI-Scan] 
11-19 17:17:08.340 D/LOWI-9.0.0.80( 1026): [LOWI-Scan] print_bss_handler: Report Probe TSF 5316046693 as it greater than Beacon TSF 4582734067
11-19 17:17:08.340 I/LOWI-9.0.0.80( 1026): [LOWI-Scan] RSN_IE
11-19 17:17:08.340 D/LOWI-9.0.0.80( 1026): [LOWI-Scan] decode_rsn_wpa_ie: Entered
11-19 17:17:08.340 D/LOWI-9.0.0.80( 1026): [LOWIUtils] hexDump: msg(30 14 01 00 00 0f ac 04 01 00 00 0f ac 04 01 00 00 0f ac 02 )
11-19 17:17:08.340 D/LOWI-9.0.0.80( 1026): [LOWI-Scan] decode_rsn_wpa_ie: LOWI_ENCRYPTION_TYPE_WPA_PSK
11-19 17:17:08.340 D/LOWI-9.0.0.80( 1026): [LOWI-Scan] is_qcom_ie, bss_age: 3
11-19 17:17:08.340 D/LOWI-9.0.0.80( 1026): [LOWI-Scan] BSS 2c:57:41:86:90:a1 LOWI_PHY_MODE_11NG_HT20(5), Beacon Interval: 100, LOWI_ENCRYPTION_TYPE_WPA_PSK 11mcRanging: No, ANQP: No, LCI: No, Civic: No, capability(0x1411): ESS Privacy ShortSlotTime
11-19 17:17:08.340 D/LOWI-9.0.0.80( 1026): [LOWI-Scan] BSS 2c:57:41:86:90:a1 FREQ: 2462, cFreq1[40:80:160] = [0:0:0] cFreq2 = 0 Country Code = US
11-19 17:17:08.340 D/LOWI-9.0.0.80( 1026): [LOWI-Scan] BSS 2c:57:41:86:90:a1 (wlan0) ASSO: NO AddInfo: 0x0, TSF 0, 01:28:36.046, RSSI: -142, CPL: 2, AGE: 0,  SSID kittyhawk, TSFDelta: 0x0, TXRate: 0
11-19 17:17:08.341 D/LOWI-9.0.0.80( 1026): [LOWI-Scan] 
11-19 17:17:08.341 D/LOWI-9.0.0.80( 1026): [LOWI-Scan] print_bss_handler: Report Probe TSF 5316046520 as it greater than Beacon TSF 4987717870
11-19 17:17:08.341 I/LOWI-9.0.0.80( 1026): [LOWI-Scan] RSN_IE
11-19 17:17:08.341 D/LOWI-9.0.0.80( 1026): [LOWI-Scan] decode_rsn_wpa_ie: Entered
11-19 17:17:08.341 D/LOWI-9.0.0.80( 1026): [LOWIUtils] hexDump: msg(30 14 01 00 00 0f ac 04 01 00 00 0f ac 04 01 00 00 0f ac 02 )
11-19 17:17:08.341 D/LOWI-9.0.0.80( 1026): [LOWI-Scan] decode_rsn_wpa_ie: LOWI_ENCRYPTION_TYPE_WPA_PSK
11-19 17:17:08.341 D/LOWI-9.0.0.80( 1026): [LOWI-Scan] is_qcom_ie, bss_age: 15
11-19 17:17:08.341 D/LOWI-9.0.0.80( 1026): [LOWI-Scan] BSS fe:2d:5a:49:61:eb LOWI_PHY_MODE_11AC_VHT20_2G(11), Beacon Interval: 100, LOWI_ENCRYPTION_TYPE_WPA_PSK 11mcRanging: No, ANQP: Yes, LCI: No, Civic: No, capability(0x1431): ESS Privacy ShortPreamble ShortSlotTime
11-19 17:17:08.341 D/LOWI-9.0.0.80( 1026): [LOWI-Scan] BSS fe:2d:5a:49:61:eb FREQ: 2452, cFreq1[40:80:160] = [0:0:0] cFreq2 = 0 Country Code =    
11-19 17:17:08.342 D/LOWI-9.0.0.80( 1026): [LOWI-Scan] BSS fe:2d:5a:49:61:eb (wlan0) ASSO: NO AddInfo: 0x0, TSF 0, 01:28:36.046, RSSI: -94, CPL: 127, AGE: 0,  SSID Pixel_R2, TSFDelta: 0x0, TXRate: 0
11-19 17:17:08.342 D/LOWI-9.0.0.80( 1026): [LOWI-Scan] 
11-19 17:17:08.342 D/LOWI-9.0.0.80( 1026): [LOWI-Scan] print_bss_handler: Report Probe TSF 5286773317 as it greater than Beacon TSF 4987718049
11-19 17:17:08.342 I/LOWI-9.0.0.80( 1026): [LOWI-Scan] RSN_IE
11-19 17:17:08.342 D/LOWI-9.0.0.80( 1026): [LOWI-Scan] decode_rsn_wpa_ie: Entered
11-19 17:17:08.343 D/LOWI-9.0.0.80( 1026): [LOWIUtils] hexDump: msg(30 14 01 00 00 0f ac 04 01 00 00 0f ac 04 01 00 00 0f ac 02 )
11-19 17:17:08.343 D/LOWI-9.0.0.80( 1026): [LOWI-Scan] decode_rsn_wpa_ie: LOWI_ENCRYPTION_TYPE_WPA_PSK
11-19 17:17:08.343 D/LOWI-9.0.0.80( 1026): [LOWI-Scan] is_qcom_ie, bss_age: 55
11-19 17:17:08.343 D/LOWI-9.0.0.80( 1026): [LOWI-Scan] adjust_age:AP AGE upper limit reached. Dont store
11-19 17:17:08.343 D/LOWI-9.0.0.80( 1026): [LOWI-Scan] BSS 2c:57:41:86:8a:a1 LOWI_PHY_MODE_11NG_HT20(5), Beacon Interval: 100, LOWI_ENCRYPTION_TYPE_WPA_PSK 11mcRanging: No, ANQP: No, LCI: No, Civic: No, capability(0x1411): ESS Privacy ShortSlotTime
11-19 17:17:08.343 D/LOWI-9.0.0.80( 1026): [LOWI-Scan] BSS 2c:57:41:86:8a:a1 FREQ: 2412, cFreq1[40:80:160] = [0:0:0] cFreq2 = 0 Country Code = US
11-19 17:17:08.343 D/LOWI-9.0.0.80( 1026): [LOWI-Scan] BSS 2c:57:41:86:8a:a1 (wlan0) ASSO: NO AddInfo: 0x0, TSF 0, 01:28:06.773, RSSI: -144, CPL: 3, AGE: 29270,  SSID kittyhawk, TSFDelta: 0x0, TXRate: 0
11-19 17:17:08.344 D/LOWI-9.0.0.80( 1026): [LOWI-Scan] 
11-19 17:17:08.344 D/WificondScannerImpl( 1186): Filtering out 1 scan results.
11-19 17:17:08.344 D/LOWI-9.0.0.80( 1026): [LOWI-Scan] print_bss_handler: Report Probe TSF 5316046656 as it greater than Beacon TSF 5215011781
11-19 17:17:08.344 I/LOWI-9.0.0.80( 1026): [LOWI-Scan] RSN_IE
11-19 17:17:08.344 D/LOWI-9.0.0.80( 1026): [LOWI-Scan] decode_rsn_wpa_ie: Entered
11-19 17:17:08.344 D/LOWI-9.0.0.80( 1026): [LOWIUtils] hexDump: msg(30 14 01 00 00 0f ac 04 01 00 00 0f ac 04 01 00 00 0f ac 02 )
11-19 17:17:08.344 D/LOWI-9.0.0.80( 1026): [LOWI-Scan] decode_rsn_wpa_ie: LOWI_ENCRYPTION_TYPE_WPA_PSK
11-19 17:17:08.344 D/LOWI-9.0.0.80( 1026): [LOWI-Scan] is_qcom_ie, bss_age: 49
11-19 17:17:08.344 D/LOWI-9.0.0.80( 1026): [LOWI-Scan] BSS 18:64:72:60:2b:40 LOWI_PHY_MODE_11NG_HT20(5), Beacon Interval: 100, LOWI_ENCRYPTION_TYPE_WPA_PSK 11mcRanging: No, ANQP: No, LCI: No, Civic: No, capability(0x0431): ESS Privacy ShortPreamble ShortSlotTime
11-19 17:17:08.344 D/LOWI-9.0.0.80( 1026): [LOWI-Scan] BSS 18:64:72:60:2b:40 FREQ: 2412, cFreq1[40:80:160] = [0:0:0] cFreq2 = 0 Country Code =    
11-19 17:17:08.344 D/LOWI-9.0.0.80( 1026): [LOWI-Scan] BSS 18:64:72:60:2b:40 (wlan0) ASSO: NO AddInfo: 0x0, TSF 0, 01:28:36.046, RSSI: -142, CPL: 127, AGE: 0,  SSID lab-t24103779, TSFDelta: 0x0, TXRate: 0
11-19 17:17:08.345 D/LOWI-9.0.0.80( 1026): [LOWI-Scan] 
11-19 17:17:08.345 D/LOWI-9.0.0.80( 1026): [LOWI-Scan] print_bss_handler: Report Probe TSF 5316046615 as it greater than Beacon TSF 5265031638
11-19 17:17:08.345 I/LOWI-9.0.0.80( 1026): [LOWI-Scan] RSN_IE
11-19 17:17:08.345 D/LOWI-9.0.0.80( 1026): [LOWI-Scan] decode_rsn_wpa_ie: Entered
11-19 17:17:08.345 D/LOWI-9.0.0.80( 1026): [LOWIUtils] hexDump: msg(30 14 01 00 00 0f ac 04 01 00 00 0f ac 04 01 00 00 0f ac 02 )
11-19 17:17:08.345 D/LOWI-9.0.0.80( 1026): [LOWI-Scan] decode_rsn_wpa_ie: LOWI_ENCRYPTION_TYPE_WPA_PSK
11-19 17:17:08.345 D/LOWI-9.0.0.80( 1026): [LOWI-Scan] is_qcom_ie, bss_age: 43
11-19 17:17:08.345 D/LOWI-9.0.0.80( 1026): [LOWI-Scan] BSS 52:b8:14:37:74:3f LOWI_PHY_MODE_11AC_VHT20_2G(11), Beacon Interval: 100, LOWI_ENCRYPTION_TYPE_WPA_PSK 11mcRanging: No, ANQP: No, LCI: No, Civic: No, capability(0x1431): ESS Privacy ShortPreamble ShortSlotTime
11-19 17:17:08.345 D/LOWI-9.0.0.80( 1026): [LOWI-Scan] BSS 52:b8:14:37:74:3f FREQ: 2417, cFreq1[40:80:160] = [0:0:0] cFreq2 = 0 Country Code =    
11-19 17:17:08.346 D/LOWI-9.0.0.80( 1026): [LOWI-Scan] BSS 52:b8:14:37:74:3f (wlan0) ASSO: NO AddInfo: 0x0, TSF 0, 01:28:36.046, RSSI: -114, CPL: 127, AGE: 0,  SSID Pixel_8668, TSFDelta: 0x0, TXRate: 0
11-19 17:17:08.346 D/LOWI-9.0.0.80( 1026): [LOWI-Scan] 
11-19 17:17:08.346 D/LOWI-9.0.0.80( 1026): [LOWI-Scan] print_bss_handler: Report Probe TSF 5316046757 as it greater than Beacon TSF 0
11-19 17:17:08.346 I/LOWI-9.0.0.80( 1026): [LOWI-Scan] RSN_IE
11-19 17:17:08.346 D/LOWI-9.0.0.80( 1026): [LOWI-Scan] decode_rsn_wpa_ie: Entered
11-19 17:17:08.346 D/LOWI-9.0.0.80( 1026): [LOWIUtils] hexDump: msg(30 14 01 00 00 0f ac 04 01 00 00 0f ac 04 01 00 00 0f ac 02 )
11-19 17:17:08.346 D/LOWI-9.0.0.80( 1026): [LOWI-Scan] decode_rsn_wpa_ie: LOWI_ENCRYPTION_TYPE_WPA_PSK
11-19 17:17:08.346 D/LOWI-9.0.0.80( 1026): [LOWI-Scan] is_qcom_ie, bss_age: 48
11-19 17:17:08.346 D/LOWI-9.0.0.80( 1026): [LOWI-Scan] BSS 2c:57:41:86:7a:61 LOWI_PHY_MODE_11NG_HT20(5), Beacon Interval: 100, LOWI_ENCRYPTION_TYPE_WPA_PSK 11mcRanging: No, ANQP: No, LCI: No, Civic: No, capability(0x1411): ESS Privacy ShortSlotTime
11-19 17:17:08.346 D/LOWI-9.0.0.80( 1026): [LOWI-Scan] BSS 2c:57:41:86:7a:61 FREQ: 2412, cFreq1[40:80:160] = [0:0:0] cFreq2 = 0 Country Code = US
11-19 17:17:08.346 D/LOWI-9.0.0.80( 1026): [LOWI-Scan] BSS 2c:57:41:86:7a:61 (wlan0) ASSO: NO AddInfo: 0x0, TSF 0, 01:28:36.046, RSSI: -152, CPL: 3, AGE: 0,  SSID kittyhawk, TSFDelta: 0x0, TXRate: 0
11-19 17:17:08.347 D/LOWI-9.0.0.80( 1026): [LOWI-Scan] 
