11-21 08:10:14.368 D/ConnectivityService( 1186): Switching to new default network: NetworkAgentInfo{ ni{[type: WIFI[], state: CONNECTED/CONNECTED, reason: (unspecified), extra: , failover: false, available: true, roaming: false]}  network{203}  nethandle{875284058125}  lp{{InterfaceName: wlan0 LinkAddresses: [ 192.168.1.41/24 ] DnsAddresses: [ /192.168.1.1 ] Domains: null MTU: 0 ServerAddress: /192.168.1.1 TcpBufferSizes: 524288,1048576,2097152,262144,524288,1048576 Routes: [ fe80::/64 -> :: wlan0 mtu 0,192.168.1.0/24 -> 0.0.0.0 wlan0 mtu 0,0.0.0.0/0 -> 192.168.1.1 wlan0 mtu 0 ]}}  nc{[ Transports: WIFI Capabilities: NOT_METERED&INTERNET&NOT_RESTRICTED&TRUSTED&NOT_VPN&VALIDATED&NOT_ROAMING&FOREGROUND&NOT_CONGESTED&NOT_SUSPENDED LinkUpBandwidth>=62000Kbps LinkDnBandwidth>=62000Kbps SignalStrength: -32 OwnerUid: 1000 SSID: "MTBF_Lab" RequestorUid: -1 RequestorPackageName: null]}  Score{60}  everValidated{true}  lastValidated{true}  created{true} lingering{false} explicitlySelected{false} acceptUnvalidated{false} everCaptivePortalDetected{false} lastCaptivePortalDetected{false} partialConnectivity{false} acceptPartialConnectivity{false} clat{mBaseIface: null, mIface: null, mState: IDLE} }
11-21 08:10:14.483 W/SimpleTimeDetectorStrategy( 1186): Existing suggestion found to be invalid  elapsedRealtimeMillis=145302208, timeSuggestion=TelephonyTimeSuggestion{mSlotIndex='0', mUtcTime=TimestampedValue{mReferenceTimeMillis=57092, mValue=1637365770000}, mDebugInfo=[Sending new time suggestion nitzSignal=TimestampedValue{mReferenceTimeMillis=57092, mValue=NitzData{mOriginalString=21/11/19,23:49:30-32,00, mZoneOffset=-28800000, mDstOffset=0, mCurrentTimeMillis=1637365770000, mEmulatorHostTimeZone=null}}, reason=handleNitzReceived(TimestampedValue{mReferenceTimeMillis=57092, mValue=NitzData{mOriginalString=21/11/19,23:49:30-32,00, mZoneOffset=-28800000, mDstOffset=0, mCurrentTimeMillis=1637365770000, mEmulatorHostTimeZone=null}})]}
11-21 08:10:14.504 D/ConnectivityService( 1186): Lingering [101 CELLULAR] for 30000ms
11-21 08:10:14.506 D/ConnectivityService( 1186): Sending DISCONNECTED broadcast for type 0 [101 CELLULAR] isDefaultNetwork=true
11-21 08:10:14.508 D/ConnectivityService( 1186): Sending CONNECTED broadcast for type 1 [203 WIFI] isDefaultNetwork=true
11-21 08:10:14.532 D/ConnectivityService( 1186): Setting DNS servers for network 203 to [/192.168.1.1]
11-21 08:10:14.532 D/DnsManager( 1186): sendDnsConfigurationForNetwork(203, [192.168.1.1], [], 1800, 25, 8, 64, 0, 0, , [192.168.1.1])
--------- beginning of main
11-21 08:10:14.549 E/QMI_FW  (  915): qmi_cci_get_ref: ref count increased 2
11-21 08:10:14.556 E/QMI_FW  ( 1042): qmi_cci_get_ref: ref count increased 2
11-21 08:10:14.561 E/QMI_FW  ( 1042): qmi_cci_get_ref: ref count increased 2
11-21 08:10:14.564 D/WifiConnector( 2870): Configured Networks Changed
11-21 08:10:14.569 W/resolv  (  462): SSL_connect ssl error =5, mark 0xf00cb: Connection refused
11-21 08:10:14.569 I/WifiClientModeImpl( 1186): Default Gateway MAC address of 6c:cd:d6:25:63:2a from routes is : 6c:cd:d6:25:63:2a
11-21 08:10:14.569 W/resolv  (  462): Validation failed
11-21 08:10:14.586 E/QMI_FW  ( 1042): qmi_cci_get_ref: ref count increased 2
11-21 08:10:14.593 E/QMI_FW  ( 1042): qmi_cci_get_ref: ref count increased 2
11-21 08:10:14.594 D/WifiMemoryStoreImpl( 1186): Set cluster Ga6eb8feabe7908d4 for W958a1754935a727: SUCCESS
11-21 08:10:14.600 E/QMI_FW  ( 1042): qmi_cci_get_ref: ref count increased 2
11-21 08:10:14.601 E/QMI_FW  ( 1042): qmi_cci_get_ref: ref count increased 2
11-21 08:10:14.602 D/PhoneInterfaceManager( 1984): setModemActivityInfo
11-21 08:10:14.603 D/FbSideCarManager( 1984): setModemActivityInfo
11-21 08:10:14.603 D/FbSideCarManager( 1984): setModemActivityInfo
11-21 08:10:14.603 D/WirelessInsightServiceImpl( 1984): setModemActivityInfo
11-21 08:10:14.603 D/FbSideCarManager( 1984): setModemActivityInfoInternal success
11-21 08:10:14.603 D/PhoneInterfaceManager( 1984): setModemActivityInfo: success.
11-21 08:10:14.603 D/WirelessInsightServiceImpl( 1984): notifyListeners: listeners = 0, modemActivityInfo = ModemActivityInfo{ mTimestamp=145302326 mSleepTimeMs=63787861 mIdleTimeMs=580539 mTransmitPowerInfo[]=[TransmitPower{ mTimeInMillis=606 mPowerRangeInDbm={-2147483648,0}}, TransmitPower{ mTimeInMillis=1898672 mPowerRangeInDbm={0,5}}, TransmitPower{ mTimeInMillis=738394 mPowerRangeInDbm={5,15}}, TransmitPower{ mTimeInMillis=133250 mPowerRangeInDbm={15,20}}, TransmitPower{ mTimeInMillis=1621923 mPowerRangeInDbm={20,2147483647}}] mRxTimeMs=76506107}
11-21 08:10:14.605 D/WifiConfigStore( 1186): Writing to stores completed in 27 ms.
11-21 08:10:14.613 D/DeviceAuthService(24158): isOculusAddressResolvable returned true
11-21 08:10:14.613 D/DeviceAuthenticator(24158): Fetching new credentials asynchronously
11-21 08:10:14.614 E/QMI_FW  ( 1042): qmi_cci_get_ref: ref count increased 2
11-21 08:10:14.617 I/chatty  ( 1042): uid=1001(radio) main identical 1 line
11-21 08:10:14.619 E/QMI_FW  ( 1042): qmi_cci_get_ref: ref count increased 2
11-21 08:10:14.619 D/DeviceAuthenticator(24158): Calling DeviceAuth.authenticate()
11-21 08:10:14.621 E/QMI_FW  ( 1042): qmi_cci_get_ref: ref count increased 2
11-21 08:10:14.622 E/DeviceCertService(  545): This device *might* have a provisioning issue. Please run `maui provision check` to verify.
11-21 08:10:14.622 E/DeviceCertService(  545): See https://fburl.com/wiki/a9hho0p9 for more information.
11-21 08:10:14.622 E/QMI_FW  ( 1042): qmi_cci_get_ref: ref count increased 2
11-21 08:10:14.622 E/DeviceCertService(  545): Could not access certificate file '/mnt/vendor/persist/certificates/device_identityinsecure.crt', error 2: No such file or directory
11-21 08:10:14.623 E/DeviceAuthenticator(24158): ERROR: java.lang.RuntimeException: devicecert returned error FILESYSTEM_ERROR
11-21 08:10:14.623 E/DeviceAuthenticator(24158): 
11-21 08:10:14.623 E/DeviceAuthenticator(24158): com.facebook.mos.sdk.devicecert.DeviceIdentityException: java.lang.RuntimeException: devicecert returned error FILESYSTEM_ERROR
11-21 08:10:14.623 E/DeviceAuthenticator(24158): 
11-21 08:10:14.623 E/QMI_FW  ( 1042): qmi_cci_get_ref: ref count increased 2
11-21 08:10:14.624 E/QMI_FW  ( 1042): qmi_cci_get_ref: ref count increased 2
11-21 08:10:14.632 E/WifiClientModeImpl( 1186): getScanResults scanRes.BSSID = 5e:6e:be:46:77:d7
11-21 08:10:14.632 E/WifiClientModeImpl( 1186): getScanResults scanRes.BSSID = 12:d7:96:61:85:9f
11-21 08:10:14.632 E/QMI_FW  ( 1042): qmi_cci_get_ref: ref count increased 2
11-21 08:10:14.632 E/WifiClientModeImpl( 1186): getScanResults scanRes.BSSID = ce:dc:12:3b:87:fd
11-21 08:10:14.632 E/WifiClientModeImpl( 1186): getScanResults scanRes.BSSID = 6c:cd:d6:25:63:2a
11-21 08:10:14.632 I/WifiClientModeImpl( 1186): Current network: "MTBF_Lab"WPA_PSK
11-21 08:10:14.635 I/SupplicantStaIfaceHal( 1186): cleared linked networks
11-21 08:10:14.638 E/QMI_FW  ( 1042): qmi_cci_get_ref: ref count increased 2
11-21 08:10:14.655 I/chatty  ( 1042): uid=1001(radio) main identical 5 lines
11-21 08:10:14.659 E/QMI_FW  ( 1042): qmi_cci_get_ref: ref count increased 2
11-21 08:10:15.045 E/QMI_FW  ( 1042): qmi_cci_get_ref: ref count increased 2
11-21 08:10:15.046 E/QMI_FW  ( 1042): qmi_cci_get_ref: ref count increased 2
11-21 08:10:15.058 I/WearableConnectivityManager(21108): LTE Signal strength is: 1
11-21 08:10:15.059 I/WearableConnectivityManager(21108): Cellular Signal strength is: 1
11-21 08:10:15.059 D/RadioLinkQualityScoreBuilder( 1984): scoreRsrp: 2scoreRsrq: 1scoreRssnr: 2
11-21 08:10:15.059 D/WirelessInsightServiceImpl( 1984): onSignalStrengthsChanged: SignalStrength = SignalStrength:{mCdma=CellSignalStrengthCdma: cdmaDbm=2147483647 cdmaEcio=2147483647 evdoDbm=2147483647 evdoEcio=2147483647 evdoSnr=2147483647 level=0,mGsm=CellSignalStrengthGsm: rssi=2147483647 ber=2147483647 mTa=2147483647 mLevel=0,mWcdma=CellSignalStrengthWcdma: ss=2147483647 ber=2147483647 rscp=2147483647 ecno=2147483647 level=0,mTdscdma=CellSignalStrengthTdscdma: rssi=2147483647 ber=2147483647 rscp=2147483647 level=0,mLte=CellSignalStrengthLte: rssi=-83 rsrp=-117 rsrq=-17 rssnr=2 cqi=2147483647 ta=2147483647 level=1 parametersUseForLevel=0,mNr=CellSignalStrengthNr:{ csiRsrp = 2147483647 csiRsrq = 2147483647 csiSinr = 2147483647 ssRsrp = 2147483647 ssRsrq = 2147483647 ssSinr = 2147483647 level = 0 parametersUseForLevel = 0 },primary=CellSignalStrengthLte}
11-21 08:10:15.059 D/WirelessInsightServiceImpl( 1984): Score: 1
11-21 08:10:15.059 D/WirelessInsightServiceImpl( 1984): notifyListeners: listeners = 0, score = 1
11-21 08:10:15.480 I/Nat464Xlat( 1186): Android Xlat is disabled
11-21 08:10:15.481 D/QCNEJ/WlanStaInfoRelay( 1907): Received action: android.net.wifi.LINK_CONFIGURATION_CHANGED
11-21 08:10:15.481 E/QCNEJ/WlanStaInfoRelay( 1907): update link properties given null lp
11-21 08:10:15.535 D/QCNEJ/NativeHalConnector( 1907): -> SND notifyWifiAvailable(v4Connected = truev6Connected = , false, isAndroidValidated = true)
11-21 08:10:16.770 D/QCNEJ/WlanStaInfoRelay( 1907): Received action: android.net.wifi.RSSI_CHANGED
11-21 08:10:16.774 D/WearableConnectivityManager(21108): onWifiStrengthChange: -34
11-21 08:10:16.778 V/LigerRadioStatsReporter( 2357): onCapabilitiesChanged: Network capabilities changed
11-21 08:10:16.778 V/LigerRadioStatsReporter( 2357): reportAndCheckpointRadioStats
11-21 08:10:16.779 V/LigerRadioStatsReporter( 2357): +++++++++++ RADIO STATS DUMP +++++++++++
11-21 08:10:16.779 V/LigerRadioStatsReporter( 2357): totalActiveRadioTimeMs=0
11-21 08:10:16.779 V/LigerRadioStatsReporter( 2357): totalTailRadioTimeMs=13994
11-21 08:10:16.779 V/LigerRadioStatsReporter( 2357): totalWakeupCount=0
11-21 08:10:16.779 V/LigerRadioStatsReporter( 2357): httpUpBytes=0
11-21 08:10:16.779 V/LigerRadioStatsReporter( 2357): httpDownBytes=0
11-21 08:10:16.780 V/LigerRadioStatsReporter( 2357): httpWakeupCount=0
11-21 08:10:16.780 V/LigerRadioStatsReporter( 2357): httpRequestCount=0
11-21 08:10:16.780 V/LigerRadioStatsReporter( 2357): httpActiveRadioTimeMs=0
11-21 08:10:16.780 V/LigerRadioStatsReporter( 2357): httpTailRadioTimeMs=13994
11-21 08:10:16.780 V/LigerRadioStatsReporter( 2357): reportAndCheckpointRadioStats: Tx=0
11-21 08:10:16.780 V/LigerRadioStatsReporter( 2357): reportAndCheckpointRadioStats: Rx=0
11-21 08:10:16.780 V/LigerRadioStatsReporter( 2357): reportAndCheckpointRadioStats: Uids=10027
11-21 08:10:16.780 V/LigerRadioStatsReporter( 2357): reportAndCheckpointRadioStats: Tags=null
11-21 08:10:15.480 I/Nat464Xlat( 1186): Android Xlat is disabled
11-21 08:10:17.146 D/AppStorageManager( 1186): BEFORE:: Previous Size: 980271104 Current Size: 980021248
11-21 08:10:17.146 D/AppStorageManager( 1186): AFTER:: Previous Size: 980021248 Current Size: 980021248
11-21 08:10:18.262 E/QMI_FW  ( 1042): qmi_cci_get_ref: ref count increased 2
11-21 08:10:18.264 E/QMI_FW  ( 1042): qmi_cci_get_ref: ref count increased 2
11-21 08:10:18.277 I/WearableConnectivityManager(21108): LTE Signal strength is: 1
11-21 08:10:18.278 I/WearableConnectivityManager(21108): Cellular Signal strength is: 1
11-21 08:10:18.278 D/RadioLinkQualityScoreBuilder( 1984): scoreRsrp: 2scoreRsrq: 3scoreRssnr: 2
11-21 08:10:18.278 D/WirelessInsightServiceImpl( 1984): onSignalStrengthsChanged: SignalStrength = SignalStrength:{mCdma=CellSignalStrengthCdma: cdmaDbm=2147483647 cdmaEcio=2147483647 evdoDbm=2147483647 evdoEcio=2147483647 evdoSnr=2147483647 level=0,mGsm=CellSignalStrengthGsm: rssi=2147483647 ber=2147483647 mTa=2147483647 mLevel=0,mWcdma=CellSignalStrengthWcdma: ss=2147483647 ber=2147483647 rscp=2147483647 ecno=2147483647 level=0,mTdscdma=CellSignalStrengthTdscdma: rssi=2147483647 ber=2147483647 rscp=2147483647 level=0,mLte=CellSignalStrengthLte: rssi=-87 rsrp=-117 rsrq=-13 rssnr=2 cqi=2147483647 ta=2147483647 level=1 parametersUseForLevel=0,mNr=CellSignalStrengthNr:{ csiRsrp = 2147483647 csiRsrq = 2147483647 csiSinr = 2147483647 ssRsrp = 2147483647 ssRsrq = 2147483647 ssSinr = 2147483647 level = 0 parametersUseForLevel = 0 },primary=CellSignalStrengthLte}
11-21 08:10:18.278 D/WirelessInsightServiceImpl( 1984): Score: 2
11-21 08:10:18.278 D/WirelessInsightServiceImpl( 1984): notifyListeners: listeners = 0, score = 2
11-21 08:10:18.539 D/mcu_health_checker(  934): Sent MCU Health Request
11-21 08:10:18.539 D/commandrouter( 1006): SocServiceHandle::onServiceMessage, SoC Service = mcu_healthcheck_934, appType = 1, type = SVC_REQ, clientId = 0, token = 2420, payloadLen = 20, result = 0, payload.size() = 20
11-21 08:10:18.544 D/commandrouter( 1006): mcu_healthcheck_934 (1, merlot:mcu_health:control): <ServiceResponse> FORWARDED (remote -> local) CR token ID = 2420, service client ID = 5, token ID = 62042, result = 0
11-21 08:10:18.544 D/mcu_health_checker(  934): MCU Health Response: MCU_OK
11-21 08:10:18.544 D/mcu_health_checker(  934): MCU Session 0, uptime = 145259331 ms
11-21 08:10:18.545 D/mcu_health_checker(  934): mSensorErrs[0]: 0
11-21 08:10:18.545 D/mcu_health_checker(  934): mSensorErrs[1]: 0
11-21 08:10:18.545 D/mcu_health_checker(  934): mSensorErrs[2]: 0
11-21 08:10:20.564 E/QMI_FW  ( 1042): qmi_cci_get_ref: ref count increased 2
11-21 08:10:20.564 E/QMI_FW  ( 1042): qmi_cci_get_ref: ref count increased 2
11-21 08:10:20.565 E/QMI_FW  ( 1042): qmi_cci_get_ref: ref count increased 2
11-21 08:10:21.870 D/commandrouter( 1006): rtc_sync (1, rtc:sync): <ServiceRequest> FORWARDED (remote -> local) service client ID = 0, token ID = 47293
11-21 08:10:21.870 D/vendor.facebook.rtc_sync@1.0-service( 1145): Request req_ts=1637482221868840155 resp_ts=1637482221870593224
11-21 08:10:21.871 D/commandrouter( 1006): SocServiceHandle::onServiceMessage, SoC Service = rtc_sync, appType = 1, type = SVC_RESP, clientId = 0, token = 47293, payloadLen = 8, result = 0, payload.size() = 8
11-21 08:10:25.725 E/QMI_FW  ( 1042): qmi_cci_get_ref: ref count increased 2
11-21 08:10:25.726 E/QMI_FW  ( 1042): qmi_cci_get_ref: ref count increased 2
11-21 08:10:25.737 I/WearableConnectivityManager(21108): LTE Signal strength is: 1
11-21 08:10:25.738 I/WearableConnectivityManager(21108): Cellular Signal strength is: 1
11-21 08:10:25.738 D/RadioLinkQualityScoreBuilder( 1984): scoreRsrp: 2scoreRsrq: 2scoreRssnr: 2
11-21 08:10:29.572 E/QMI_FW  ( 1042): qmi_cci_get_ref: ref count increased 2
11-21 08:10:29.573 E/QMI_FW  ( 1042): qmi_cci_get_ref: ref count increased 2
11-21 08:10:29.586 I/WearableConnectivityManager(21108): LTE Signal strength is: 1
11-21 08:10:29.586 I/WearableConnectivityManager(21108): Cellular Signal strength is: 1
11-21 08:10:29.586 D/RadioLinkQualityScoreBuilder( 1984): scoreRsrp: 2scoreRsrq: 3scoreRssnr: 2
11-21 08:10:31.864 D/commandrouter( 1006): rtc_sync (1, rtc:sync): <ServiceRequest> FORWARDED (remote -> local) service client ID = 0, token ID = 47294
11-21 08:10:31.864 D/vendor.facebook.rtc_sync@1.0-service( 1145): Request req_ts=1637482231862593224 resp_ts=1637482231864677803
11-21 08:10:31.865 D/commandrouter( 1006): SocServiceHandle::onServiceMessage, SoC Service = rtc_sync, appType = 1, type = SVC_RESP, clientId = 0, token = 47294, payloadLen = 8, result = 0, payload.size() = 8
11-21 08:10:32.104 D/CompatibilityInfo( 1186): mCompatibilityFlags - 4
11-21 08:10:32.104 D/CompatibilityInfo( 1186): applicationDensity - 320
11-21 08:10:32.104 D/CompatibilityInfo( 1186): applicationScale - 1.0
11-21 08:10:32.147 D/WifiNative( 1186): Scan trigered from WifiNative
11-21 08:10:32.148 I/chatty  ( 1026): uid=1021(gps) lowi-server expire 233 lines
11-21 08:10:32.149 V/WifiHAL (  544): event received NL80211_CMD_TRIGGER_SCAN
11-21 08:10:32.196 I/vendor.rmt_storage(  621): rmt_storage_connect_cb: clnt_h=0xc6 conn_h=0x9ea89030
11-21 08:10:32.196 I/vendor.rmt_storage(  621): rmt_storage_rw_iovec_cb: /boot/modem_fs2: req_h=0xc6 msg_id=3: R/W request received (wr_count 190)
11-21 08:10:32.196 I/vendor.rmt_storage(  621): wakelock acquired: 1, error no: 11
11-21 08:10:32.196 I/vendor.rmt_storage(  621): rmt_storage_client_thread: /boot/modem_fs2: Unblock worker thread (th_id: -1645932096)
11-21 08:10:32.257 V/WifiHAL (  544): event received NL80211_CMD_NEW_SCAN_RESULTS
11-21 08:10:32.266 D/WifiNl80211Manager( 1186): Scan result ready event
11-21 08:10:32.266 D/WifiNative( 1186): Scan result ready event
11-21 08:10:32.272 I/chatty  ( 1026): uid=1021(gps) lowi-server expire 7 lines
11-21 08:10:32.272 I/vendor.rmt_storage(  621): rmt_storage_client_thread: /boot/modem_fs2: req_h=0xc6 msg_id=3: Bytes written = 1572864, wr_count 190
11-21 08:10:32.272 I/vendor.rmt_storage(  621): rmt_storage_client_thread: /boot/modem_fs2: req_h=0xc6 msg_id=3: Send response: res=0 err=0, wr_count 190
11-21 08:10:32.272 I/vendor.rmt_storage(  621): rmt_storage_client_thread: /boot/modem_fs2: About to block rmt_storage client thread (th_id: -1645932096) wakelock released: 1, error no: 0
11-21 08:10:32.272 I/vendor.rmt_storage(  621): 
11-21 08:10:32.273 D/WificondScannerImpl( 1186): Filtering out 19 scan results.
11-21 08:10:32.276 I/vendor.rmt_storage(  621): rmt_storage_disconnect_cb: clnt_h=0xc6 conn_h=0x9ea89030
11-21 08:10:33.355 D/UIAutomatorStub(15932): URI: /jsonrpc/0, Method: POST, Header: {content-length=102, remote-addr=127.0.0.1, http-client-ip=127.0.0.1, host=localhost:9012, content-type=application/json, accept-encoding=identity}, params, {NanoHttpd.QUERY_STRING=null}, files: {postData={"jsonrpc": "2.0", "method": "pressKey", "id": "5cfbffc3a7928c42b2f4c7a2253228f0", "params": ["back"]}}
11-21 08:10:33.385 D/AutofillManagerService( 1186): onBackKeyPressed()
11-21 08:10:33.417 D/UIAutomatorStub(15932): URI: /jsonrpc/0, Method: POST, Header: {content-length=102, remote-addr=127.0.0.1, http-client-ip=127.0.0.1, host=localhost:9012, content-type=application/json, accept-encoding=identity}, params, {NanoHttpd.QUERY_STRING=null}, files: {postData={"jsonrpc": "2.0", "method": "pressKey", "id": "3860926730502b08cfd9678071d7db8e", "params": ["back"]}}
11-21 08:10:33.992 D/UIAutomatorStub(15932): URI: /jsonrpc/0, Method: POST, Header: {content-length=102, remote-addr=127.0.0.1, http-client-ip=127.0.0.1, host=localhost:9012, content-type=application/json, accept-encoding=identity}, params, {NanoHttpd.QUERY_STRING=null}, files: {postData={"jsonrpc": "2.0", "method": "pressKey", "id": "9b28dd7fd2749e11ee348419b803b1d0", "params": ["back"]}}
11-21 08:10:34.460 D/ActivityTrigger( 1186): ActivityTrigger activityPauseTrigger 
11-21 08:10:34.497 E/ANDR-PERF-JNI( 1186): UXEngine Trigger - Returning null
11-21 08:10:34.517 D/ComplicationController(21108): Starting complication controller. Face Type: OdysseyWatchFace
11-21 08:10:34.518 D/ComplicationDataManagerImpl(21108): Updating complication data for package: com.facebook.wearable.apps.player, id: com.facebook.wearable.apps.player.SHORTCUT_COMPLICATION
11-21 08:10:34.518 D/ComplicationDataManagerImpl(21108): Updating complication data for package: com.facebook.wearable.apps.clock, id: com.facebook.wearable.apps.clock.SHORTCUT_COMPLICATION
11-21 08:10:34.518 D/ComplicationDataManagerImpl(21108): Updating complication data for package: com.facebook.wearable.apps.gallery, id: com.facebook.wearable.apps.gallery.SHORTCUT_COMPLICATION
11-21 08:10:34.518 D/ComplicationDataManagerImpl(21108): Updating complication data for package: com.facebook.wearable.apps.workout, id: com.facebook.wearable.apps.workout.SHORTCUT_COMPLICATION
11-21 08:10:34.518 D/ComplicationDataManagerImpl(21108): Updating complication data for package: com.facebook.wearable.apps.weather, id: com.facebook.wearable.apps.weather.SHORTCUT_COMPLICATION
11-21 08:10:34.518 D/ComplicationDataManagerImpl(21108): Updating complication data for package: com.facebook.wearable.apps.calendar, id: com.facebook.wearable.apps.calendar.SHORTCUT_COMPLICATION
11-21 08:10:34.526 E/DayDateSystemComplicationProvider(21108): Updating Day Date System Complication
11-21 08:10:34.527 D/ComplicationDataManagerImpl(21108): Updating complication data for package: com.facebook.wearable.apps.calendar, id: com.facebook.wearable.apps.calendar.DAY_DATE_COMPLICATION
11-21 08:10:34.527 D/ComplicationDataManagerImpl(21108): Updating complication data for package: com.facebook.wearable.apps.heart, id: com.facebook.wearable.apps.heart.HEART_RATE
11-21 08:10:34.531 D/ComplicationDataManagerImpl(21108): Fetching complication data for package: com.facebook.wearable.apps.calendar, com.facebook.wearable.apps.calendar.DAY_DATE_COMPLICATION.
11-21 08:10:34.532 D/ComplicationDataManagerImpl(21108): Fetching complication data for package: com.facebook.wearable.apps.player, com.facebook.wearable.apps.player.SHORTCUT_COMPLICATION.
11-21 08:10:34.533 D/ComplicationDataManagerImpl(21108): Fetching complication data for package: com.facebook.wearable.apps.gallery, com.facebook.wearable.apps.gallery.SHORTCUT_COMPLICATION.
11-21 08:10:34.533 D/ComplicationDataManagerImpl(21108): Fetching complication data for package: com.facebook.wearable.apps.heart, com.facebook.wearable.apps.heart.HEART_RATE.
11-21 08:10:34.542 D/LauncherActivity(21108): onResume: Intent { cat=[android.intent.category.HOME] flg=0x10000100 cmp=com.facebook.wearable.system.launcher/.LauncherActivity }
11-21 08:10:34.543 D/LauncherIntentProcessor(21108): processLauncherActivityIntent: Intent { cat=[android.intent.category.HOME] flg=0x10000100 cmp=com.facebook.wearable.system.launcher/.LauncherActivity }
11-21 08:10:34.557 D/TetheredPhoneUtil(21108): Retrieving the tethered phone status
11-21 08:10:34.559 D/TetheredPhoneUtil(21108): Found tethered phone status: false
11-21 08:10:34.568 D/FacebookRepository(21108): Reading from Store [250223709649332]
11-21 08:10:34.611 D/UIAutomatorStub(15932): URI: /jsonrpc/0, Method: POST, Header: {content-length=102, remote-addr=127.0.0.1, http-client-ip=127.0.0.1, host=localhost:9012, content-type=application/json, accept-encoding=identity}, params, {NanoHttpd.QUERY_STRING=null}, files: {postData={"jsonrpc": "2.0", "method": "pressKey", "id": "31bf78286482963b3067a6860add95a9", "params": ["back"]}}
11-21 08:10:34.663 D/CompatibilityInfo( 1186): mCompatibilityFlags - 4
11-21 08:10:34.663 D/CompatibilityInfo( 1186): applicationDensity - 320
11-21 08:10:34.663 D/CompatibilityInfo( 1186): applicationScale - 1.0
11-21 08:10:34.668 I/ndroid.systemu( 1762): NativeAlloc concurrent copying GC freed 46876(2162KB) AllocSpace objects, 31(620KB) LOS objects, 84% free, 3273KB/21MB, paused 203us total 171.717ms
11-21 08:10:34.677 D/CompatibilityInfo( 1186): mCompatibilityFlags - 4
11-21 08:10:34.677 D/CompatibilityInfo( 1186): applicationDensity - 320
11-21 08:10:34.677 D/CompatibilityInfo( 1186): applicationScale - 1.0
11-21 08:10:34.848 D/CompatibilityInfo( 1186): mCompatibilityFlags - 4
11-21 08:10:34.848 D/CompatibilityInfo( 1186): applicationDensity - 320
11-21 08:10:34.848 D/CompatibilityInfo( 1186): applicationScale - 1.0
11-21 08:10:34.879 D/CompatibilityInfo( 1186): mCompatibilityFlags - 4
11-21 08:10:34.880 D/CompatibilityInfo( 1186): applicationDensity - 320
11-21 08:10:34.880 D/CompatibilityInfo( 1186): applicationScale - 1.0
11-21 08:10:35.076 E/ANDR-PERF-OPTSHANDLER(  552): perf_lock_rel: failed for /sys/class/kgsl/kgsl-3d0/min_pwrlevel as previous value is not stored
11-21 08:10:35.077 E/ANDR-PERF-RESOURCEQS(  552): Failed to reset optimization [3, 0]
11-21 08:10:35.625 D/LauncherActivity(21108): onKeyUp() called with keycode:4, event: KeyEvent { action=ACTION_UP, keyCode=KEYCODE_BACK, scanCode=0, metaState=0, flags=0x200, repeatCount=0, eventTime=145323327, downTime=145323327, deviceId=-1, source=0x101, displayId=-1 }
11-21 08:10:35.662 W/HWComposer(  598): Ignoring duplicate VSYNC event from HWC for display 0 (t=145323387371280)
11-21 08:10:34.443 I/chatty  ( 1186): uid=1000(system) android.ui identical 2 lines
11-21 08:10:35.624 D/AutofillManagerService( 1186): onBackKeyPressed()
11-21 08:10:36.162 W/ActivityManager( 1186): Invalid packageName: com.facebook.wearable.system.settings/com.facebook.wearable.system.settings.SettingsActivity
11-21 08:10:36.168 W/HWComposer(  598): Ignoring duplicate VSYNC event from HWC for display 0 (t=145323893487738)
11-21 08:10:36.295 I/ActivityTaskManager( 1186): START u0 {flg=0x10000000 cmp=com.facebook.wearable.system.settings/.SettingsActivity} from uid 0
11-21 08:10:36.306 D/CompatibilityInfo( 1186): mCompatibilityFlags - 4
11-21 08:10:36.306 D/CompatibilityInfo( 1186): applicationDensity - 320
11-21 08:10:36.306 D/CompatibilityInfo( 1186): applicationScale - 1.0
11-21 08:10:36.308 D/ActivityTrigger( 1186): ActivityTrigger activityPauseTrigger 
11-21 08:10:36.311 I/ActivityTaskManager( 1186): The Process com.facebook.wearable.system.settings Already Exists in BG. So sending its PID: 10851
11-21 08:10:36.312 W/ActivityTaskManager( 1186): Tried to set launchTime (0) < mLastActivityLaunchTime (145293025)
11-21 08:10:36.313 D/CompatibilityInfo( 1186): mCompatibilityFlags - 4
11-21 08:10:36.313 D/CompatibilityInfo( 1186): applicationDensity - 320
11-21 08:10:36.313 D/CompatibilityInfo( 1186): applicationScale - 1.0
11-21 08:10:36.337 D/LauncherActivity(21108): onPause
11-21 08:10:36.364 D/CompatibilityInfo( 1186): mCompatibilityFlags - 4
11-21 08:10:36.364 D/CompatibilityInfo( 1186): applicationDensity - 320
11-21 08:10:36.364 D/CompatibilityInfo( 1186): applicationScale - 1.0
11-21 08:10:36.376 D/TetheredPhoneUtil(21108): Retrieving the tethered phone status
11-21 08:10:36.382 D/TetheredPhoneUtil(21108): Found tethered phone status: false
11-21 08:10:36.386 D/FacebookProvider(25782): Starting SSO Network Fetch for 263529928325379
11-21 08:10:36.386 I/AccountsContentProvider(25782): No Primary Account. Accounts Error [content://com.facebook.wearable.system.accounts.AccountsContentProvider/facebook/263529928325379]
11-21 08:10:36.386 E/DatabaseUtils(25782): Writing exception to parcel
11-21 08:10:36.386 E/DatabaseUtils(25782): java.lang.IllegalStateException: No Primary Account
11-21 08:10:36.386 E/DatabaseUtils(25782): 	at com.facebook.secure.content.AbstractContentProvider.doQuery(:284)
11-21 08:10:36.386 E/DatabaseUtils(25782): 	at com.facebook.secure.content.AbstractContentProvider.query(:8)
11-21 08:10:36.386 E/DatabaseUtils(25782): 	at android.content.ContentProvider.query(ContentProvider.java:1474)
11-21 08:10:36.386 E/DatabaseUtils(25782): 	at android.content.ContentProvider$Transport.query(ContentProvider.java:278)
11-21 08:10:36.386 E/DatabaseUtils(25782): 	at android.content.ContentProviderNative.onTransact(ContentProviderNative.java:106)
11-21 08:10:36.386 E/DatabaseUtils(25782): 	at android.os.Binder.execTransactInternal(Binder.java:1154)
11-21 08:10:36.386 E/DatabaseUtils(25782): 	at android.os.Binder.execTransact(Binder.java:1123)
11-21 08:10:36.389 E/AccountsViewModel(10851): AccountsViewModel.flow failed: No Primary Account
11-21 08:10:36.389 E/AccountsViewModel(10851): java.lang.IllegalStateException: No Primary Account
11-21 08:10:36.389 E/AccountsViewModel(10851): 	at android.os.Parcel.createExceptionOrNull(Parcel.java:2381)
11-21 08:10:36.389 E/AccountsViewModel(10851): 	at android.os.Parcel.createException(Parcel.java:2357)
11-21 08:10:36.389 E/AccountsViewModel(10851): 	at android.os.Parcel.readException(Parcel.java:2340)
11-21 08:10:36.389 E/AccountsViewModel(10851): 	at android.database.DatabaseUtils.readExceptionFromParcel(DatabaseUtils.java:190)
11-21 08:10:36.389 E/AccountsViewModel(10851): 	at android.database.DatabaseUtils.readExceptionFromParcel(DatabaseUtils.java:142)
11-21 08:10:36.389 E/AccountsViewModel(10851): 	at android.content.ContentProviderProxy.query(ContentProviderNative.java:472)
11-21 08:10:36.389 E/AccountsViewModel(10851): 	at android.content.ContentResolver.query(ContentResolver.java:1185)
11-21 08:10:36.389 E/AccountsViewModel(10851): 	at android.content.ContentResolver.query(ContentResolver.java:1116)
11-21 08:10:36.389 E/AccountsViewModel(10851): 	at com.facebook.wearable.common.accounts.contract.WearableAccountsContractRequest.query(:51)
11-21 08:10:36.389 E/AccountsViewModel(10851): 	at kotlin.coroutines.jvm.internal.BaseContinuationImpl.invokeSuspend(:95489)
11-21 08:10:36.389 E/AccountsViewModel(10851): 	at com.facebook.wearable.common.accounts.WearableAccountsKt$fb$1.invoke(:9)
11-21 08:10:36.389 E/AccountsViewModel(10851): 	at com.facebook.wearable.common.coroutines.lazy.LazyAsync.get(:101)
11-21 08:10:36.389 E/AccountsViewModel(10851): 	at kotlin.coroutines.jvm.internal.BaseContinuationImpl.invokeSuspend(:96596)
11-21 08:10:36.389 E/AccountsViewModel(10851): 	at com.facebook.wearable.system.settings.accounts.AccountsViewModel$wearableAccountFlow$1.invoke(:11)
11-21 08:10:36.389 E/AccountsViewModel(10851): 	at kotlinx.coroutines.flow.AbstractFlow.collect$rvp0$0(:72)
11-21 08:10:36.389 E/AccountsViewModel(10851): 	at kotlin.coroutines.jvm.internal.BaseContinuationImpl.invokeSuspend(:95417)
11-21 08:10:36.389 E/AccountsViewModel(10851): 	at kotlinx.coroutines.flow.FlowKt__ShareKt$launchSharing$1$2.invoke(Unknown Source:10)
11-21 08:10:36.389 E/AccountsViewModel(10851): 	at kotlin.coroutines.jvm.internal.BaseContinuationImpl.invokeSuspend(:96715)
11-21 08:10:36.389 E/AccountsViewModel(10851): 	at kotlinx.coroutines.flow.FlowKt__MergeKt$mapLatest$1.invoke(Unknown Source:15)
11-21 08:10:36.389 E/AccountsViewModel(10851): 	at kotlin.coroutines.jvm.internal.BaseContinuationImpl.invokeSuspend(:96820)
11-21 08:10:36.389 E/AccountsViewModel(10851): 	at kotlinx.coroutines.flow.internal.ChannelFlowTransformLatest$flowCollect$3$1$2.invoke(Unknown Source:10)
11-21 08:10:36.389 E/AccountsViewModel(10851): 	at kotlinx.coroutines.CoroutineStart.invoke(:32)
11-21 08:10:36.389 E/AccountsViewModel(10851): 	at kotlinx.coroutines.BuildersKt__Builders_commonKt.launch(:15)
11-21 08:10:36.389 E/AccountsViewModel(10851): 	at kotlinx.coroutines.flow.internal.ChannelFlowTransformLatest$flowCollect$3$invokeSuspend$$inlined$collect$1.emit(:56)
11-21 08:10:36.389 E/AccountsViewModel(10851): 	at kotlinx.coroutines.flow.DistinctFlowImpl$collect$$inlined$collect$1.emit(:74)
11-21 08:10:36.389 E/AccountsViewModel(10851): 	at kotlinx.coroutines.flow.FlowKt__LimitKt$dropWhile$lambda-4$$inlined$collect$1.emit(:114)
11-21 08:10:36.389 E/AccountsViewModel(10851): 	at kotlinx.coroutines.flow.FlowKt__ChannelsKt.emitAllImpl$FlowKt__ChannelsKt(:123)
11-21 08:10:36.389 E/AccountsViewModel(10851): 	at kotlin.coroutines.jvm.internal.BaseContinuationImpl.invokeSuspend(:96917)
11-21 08:10:36.389 E/AccountsViewModel(10851): 	at kotlin.coroutines.jvm.internal.BaseContinuationImpl.resumeWith(:5)
11-21 08:10:36.389 E/AccountsViewModel(10851): 	at kotlinx.coroutines.DispatchedTask.run(:131)
11-21 08:10:36.389 E/AccountsViewModel(10851): 	at java.util.concurrent.Executors$RunnableAdapter.call(Executors.java:462)
11-21 08:10:36.389 E/AccountsViewModel(10851): 	at java.util.concurrent.FutureTask.run(FutureTask.java:266)
11-21 08:10:36.389 E/AccountsViewModel(10851): 	at com.facebook.wearable.common.executors.DelayedFutureTask.run(:22)
11-21 08:10:36.389 E/AccountsViewModel(10851): 	at java.util.concurrent.ThreadPoolExecutor.runWorker(ThreadPoolExecutor.java:1167)
11-21 08:10:36.389 E/AccountsViewModel(10851): 	at java.util.concurrent.ThreadPoolExecutor$Worker.run(ThreadPoolExecutor.java:641)
11-21 08:10:36.389 E/AccountsViewModel(10851): 	at com.facebook.wearable.common.executors.NamedThreadFactory$1.run(:7)
11-21 08:10:36.440 E/StatusBarClientConnection(10851): Service connected
11-21 08:10:36.457 W/View    (10851): requestLayout() improperly called by android.view.View{e5f44ec V.ED..... ......I. 0,368-474,474} during layout: running second layout pass
11-21 08:10:36.475 W/View    (10851): requestLayout() improperly called by com.facebook.wearable.common.wds.listview.WdsListView{af501a2 V.E..V... ........ 0,0-474,474} during second layout pass: posting in next frame
11-21 08:10:36.792 D/CompatibilityInfo( 1186): mCompatibilityFlags - 4
11-21 08:10:36.792 D/CompatibilityInfo( 1186): applicationDensity - 320
11-21 08:10:36.793 D/CompatibilityInfo( 1186): applicationScale - 1.0
11-21 08:10:36.811 D/ComplicationController(21108): Stopping complication controller.
11-21 08:10:36.818 D/ComplicationDataManagerImpl(21108): Fetching complication data for package: com.facebook.wearable.apps.calendar, com.facebook.wearable.apps.calendar.DAY_DATE_COMPLICATION.
11-21 08:10:36.819 D/ComplicationDataManagerImpl(21108): Fetching complication data for package: com.facebook.wearable.apps.player, com.facebook.wearable.apps.player.SHORTCUT_COMPLICATION.
11-21 08:10:36.819 D/ComplicationDataManagerImpl(21108): Fetching complication data for package: com.facebook.wearable.apps.gallery, com.facebook.wearable.apps.gallery.SHORTCUT_COMPLICATION.
11-21 08:10:36.819 D/ComplicationDataManagerImpl(21108): Fetching complication data for package: com.facebook.wearable.apps.heart, com.facebook.wearable.apps.heart.HEART_RATE.
11-21 08:10:36.822 D/CompatibilityInfo( 1186): mCompatibilityFlags - 4
11-21 08:10:36.822 D/CompatibilityInfo( 1186): applicationDensity - 320
11-21 08:10:36.822 D/CompatibilityInfo( 1186): applicationScale - 1.0
11-21 08:10:37.370 D/UIAutomatorStub(15932): URI: /jsonrpc/0, Method: POST, Header: {content-length=192, remote-addr=127.0.0.1, http-client-ip=127.0.0.1, host=localhost:9012, content-type=application/json, accept-encoding=identity}, params, {NanoHttpd.QUERY_STRING=null}, files: {postData={"jsonrpc": "2.0", "method": "waitForExists", "id": "c46d33c61187e9926efcb4a57ab87089", "params": [{"mask": 1, "childOrSibling": [], "childOrSiblingSelector": [], "text": "Notifications"}, 5]}}
11-21 08:10:37.403 D/UIAutomatorStub(15932): URI: /jsonrpc/0, Method: POST, Header: {content-length=191, remote-addr=127.0.0.1, http-client-ip=127.0.0.1, host=localhost:9012, content-type=application/json, accept-encoding=identity}, params, {NanoHttpd.QUERY_STRING=null}, files: {postData={"jsonrpc": "2.0", "method": "waitForExists", "id": "7341138d903af544f63af16292b36c82", "params": [{"mask": 1, "childOrSibling": [], "childOrSiblingSelector": [], "text": "Connectivity"}, 5]}}
11-21 08:10:37.465 D/UIAutomatorStub(15932): URI: /jsonrpc/0, Method: POST, Header: {content-length=180, remote-addr=127.0.0.1, http-client-ip=127.0.0.1, host=localhost:9012, content-type=application/json, accept-encoding=identity}, params, {NanoHttpd.QUERY_STRING=null}, files: {postData={"jsonrpc": "2.0", "method": "click", "id": "d90a98eaaa485a3ee3b4bfd6374f9f4f", "params": [{"mask": 1, "childOrSibling": [], "childOrSiblingSelector": [], "text": "Connectivity"}]}}
11-21 08:10:37.508 E/ANDR-PERF-OPTSHANDLER(  552): Unable to find the correct node storage pointers for                   resource index=16, node path=/proc/sys/kernel/sched_upmigrate
11-21 08:10:37.509 E/ANDR-PERF-RESOURCEQS(  552): Failed to reset optimization [3, 7]
11-21 08:10:37.509 E/ANDR-PERF-OPTSHANDLER(  552): Unable to find the correct node storage pointers for                   resource index=17, node path=/proc/sys/kernel/sched_downmigrate
11-21 08:10:37.509 E/ANDR-PERF-RESOURCEQS(  552): Failed to reset optimization [3, 8]
11-21 08:10:37.509 E/ANDR-PERF-OPTSHANDLER(  552): Perflock resource /sys/module/lpm_levels/parameters/bias_hyst not supported
11-21 08:10:37.509 E/ANDR-PERF-RESOURCEQS(  552): Failed to reset optimization [1, 2]
11-21 08:10:37.509 E/ANDR-PERF-OPTSHANDLER(  552): Perflock resource /proc/sys/kernel/sched_group_upmigrate not supported
11-21 08:10:37.509 E/ANDR-PERF-RESOURCEQS(  552): Failed to reset optimization [3, 21]
11-21 08:10:37.509 E/ANDR-PERF-OPTSHANDLER(  552): Perflock resource /proc/sys/kernel/sched_group_downmigrate not supported
11-21 08:10:37.509 E/ANDR-PERF-RESOURCEQS(  552): Failed to reset optimization [3, 22]
11-21 08:10:37.535 W/HWComposer(  598): Ignoring duplicate VSYNC event from HWC for display 0 (t=145325260401436)
11-21 08:10:37.552 W/StatusBarClientConnection(10851): Messenger is null, ignoring message: { when=-1d16h22m5s277ms barrier=1 }
11-21 08:10:37.578 E/StatusBarClientConnection(10851): Service connected
11-21 08:10:37.604 W/View    (10851): requestLayout() improperly called by android.view.View{47e632d V.ED..... ......I. 0,368-474,474} during layout: running second layout pass
11-21 08:10:37.624 W/View    (10851): requestLayout() improperly called by com.facebook.wearable.common.wds.listview.WdsListView{c2b708b V.E..V... ........ 0,0-474,474} during second layout pass: posting in next frame
11-21 08:10:37.745 W/System  ( 2620): ClassLoader referenced unknown path: /system/framework/tcmclient.jar
11-21 08:10:38.303 E/ANDR-PERF-OPTSHANDLER(  552): perf_lock_rel: failed for /proc/sys/vm/swap_ratio as previous value is not stored
11-21 08:10:38.303 E/ANDR-PERF-OPTSHANDLER(  552): perf_lock_rel: failed for /sys/class/kgsl/kgsl-3d0/min_pwrlevel as previous value is not stored
11-21 08:10:38.304 E/ANDR-PERF-RESOURCEQS(  552): Failed to reset optimization [3, 0]
11-21 08:10:39.032 E/TaskPersister( 1186): File error accessing recents directory (directory doesn't exist?).
11-21 08:10:40.577 D/UIAutomatorStub(15932): URI: /jsonrpc/0, Method: POST, Header: {content-length=183, remote-addr=127.0.0.1, http-client-ip=127.0.0.1, host=localhost:9012, content-type=application/json, accept-encoding=identity}, params, {NanoHttpd.QUERY_STRING=null}, files: {postData={"jsonrpc": "2.0", "method": "waitForExists", "id": "b110b984e9a627852e6a900a60332127", "params": [{"mask": 1, "childOrSibling": [], "childOrSiblingSelector": [], "text": "WiFi"}, 5]}}
11-21 08:10:40.607 D/UIAutomatorStub(15932): URI: /jsonrpc/0, Method: POST, Header: {content-length=172, remote-addr=127.0.0.1, http-client-ip=127.0.0.1, host=localhost:9012, content-type=application/json, accept-encoding=identity}, params, {NanoHttpd.QUERY_STRING=null}, files: {postData={"jsonrpc": "2.0", "method": "click", "id": "d43bae29b56d3051fa0c3f57ccac1a04", "params": [{"mask": 1, "childOrSibling": [], "childOrSiblingSelector": [], "text": "WiFi"}]}}
11-21 08:10:40.673 W/HWComposer(  598): Ignoring duplicate VSYNC event from HWC for display 0 (t=145328399103206)
11-21 08:10:40.693 W/StatusBarClientConnection(10851): Messenger is null, ignoring message: { when=-1d16h22m8s419ms barrier=1 }
11-21 08:10:40.720 D/CompatibilityInfo( 1186): mCompatibilityFlags - 4
11-21 08:10:40.720 D/CompatibilityInfo( 1186): applicationDensity - 320
11-21 08:10:40.720 D/CompatibilityInfo( 1186): applicationScale - 1.0
11-21 08:10:40.730 E/StatusBarClientConnection(10851): Service connected
11-21 08:10:40.731 D/WifiConnector( 2870): Network State Changed
11-21 08:10:40.752 W/View    (10851): requestLayout() improperly called by android.view.View{adfc115 V.ED..... ......I. 0,368-474,474} during layout: running second layout pass
11-21 08:10:40.762 D/WifiSharingService( 2870): Starting Wi-Fi scan
11-21 08:10:40.764 I/WifiService( 1186): startScan uid=1000
11-21 08:10:40.771 W/View    (10851): requestLayout() improperly called by com.facebook.wearable.common.wds.listview.WdsListView{480b640 V.E..V... ........ 0,0-474,474} during second layout pass: posting in next frame
11-21 08:10:40.778 D/WifiNative( 1186): Scan trigered from WifiNative
11-21 08:10:40.780 I/chatty  ( 1026): uid=1021(gps) lowi-server expire 138 lines
11-21 08:10:40.780 V/WifiHAL (  544): event received NL80211_CMD_TRIGGER_SCAN
11-21 08:10:41.367 V/WifiHAL (  544): event received NL80211_CMD_NEW_SCAN_RESULTS
11-21 08:10:41.368 D/WifiNl80211Manager( 1186): Scan result ready event
11-21 08:10:41.368 D/WifiNative( 1186): Scan result ready event
11-21 08:10:41.381 D/LOWI-9.0.0.80( 1026): [LOWI-Scan] print_bss_handler: Report Probe TSF 145300474014 as it greater than Beacon TSF 144921023086
11-21 08:10:41.381 I/LOWI-9.0.0.80( 1026): [LOWI-Scan] RSN_IE
11-21 08:10:41.381 D/LOWI-9.0.0.80( 1026): [LOWI-Scan] decode_rsn_wpa_ie: Entered
11-21 08:10:41.381 D/LOWI-9.0.0.80( 1026): [LOWIUtils] hexDump: msg(30 14 01 00 00 0f ac 04 01 00 00 0f ac 04 01 00 00 0f ac 02 )
11-21 08:10:41.381 D/LOWI-9.0.0.80( 1026): [LOWI-Scan] decode_rsn_wpa_ie: LOWI_ENCRYPTION_TYPE_WPA_PSK
11-21 08:10:41.381 D/LOWI-9.0.0.80( 1026): [LOWI-Scan] is_qcom_ie, bss_age: 14
11-21 08:10:41.381 D/LOWI-9.0.0.80( 1026): [LOWI-Scan] adjust_age:AP AGE upper limit reached. Dont store
11-21 08:10:41.381 D/LOWI-9.0.0.80( 1026): [LOWI-Scan] BSS 00:24:b1:02:cb:dc LOWI_PHY_MODE_11NG_HT20(5), Beacon Interval: 100, LOWI_ENCRYPTION_TYPE_WPA_PSK 11mcRanging: No, ANQP: No, LCI: No, Civic: No, capability(0x0431): ESS Privacy ShortPreamble ShortSlotTime
11-21 08:10:41.381 D/LOWI-9.0.0.80( 1026): [LOWI-Scan] BSS 00:24:b1:02:cb:dc FREQ: 2452, cFreq1[40:80:160] = [0:0:0] cFreq2 = 0 Country Code =    
11-21 08:10:41.381 D/LOWI-9.0.0.80( 1026): [LOWI-Scan] BSS 00:24:b1:02:cb:dc (wlan0) ASSO: NO AddInfo: 0x0, TSF 1, 16:21:40.474, RSSI: -178, CPL: 127, AGE: 28620,  SSID 0024b1000002cbdc, TSFDelta: 0x0, TXRate: 0
11-21 08:10:41.382 D/LOWI-9.0.0.80( 1026): [LOWI-Scan] 
11-21 08:10:41.382 D/LOWI-9.0.0.80( 1026): [LOWI-Scan] print_bss_handler: Report Probe TSF 145329092687 as it greater than Beacon TSF 145249652298
11-21 08:10:41.382 I/LOWI-9.0.0.80( 1026): [LOWI-Scan] RSN_IE
11-21 08:10:41.382 D/LOWI-9.0.0.80( 1026): [LOWI-Scan] decode_rsn_wpa_ie: Entered
11-21 08:10:41.382 D/LOWI-9.0.0.80( 1026): [LOWIUtils] hexDump: msg(30 14 01 00 00 0f ac 04 01 00 00 0f ac 04 01 00 00 0f ac 02 )
11-21 08:10:41.382 D/LOWI-9.0.0.80( 1026): [LOWI-Scan] decode_rsn_wpa_ie: LOWI_ENCRYPTION_TYPE_WPA_PSK
11-21 08:10:41.382 D/LOWI-9.0.0.80( 1026): [LOWI-Scan] is_qcom_ie, bss_age: 4
11-21 08:10:41.382 D/LOWI-9.0.0.80( 1026): [LOWI-Scan] BSS 2c:57:41:86:94:a1 LOWI_PHY_MODE_11NG_HT20(5), Beacon Interval: 100, LOWI_ENCRYPTION_TYPE_WPA_PSK 11mcRanging: No, ANQP: No, LCI: No, Civic: No, capability(0x1411): ESS Privacy ShortSlotTime
11-21 08:10:41.382 D/LOWI-9.0.0.80( 1026): [LOWI-Scan] BSS 2c:57:41:86:94:a1 FREQ: 2462, cFreq1[40:80:160] = [0:0:0] cFreq2 = 0 Country Code = US
11-21 08:10:41.382 D/LOWI-9.0.0.80( 1026): [LOWI-Scan] BSS 2c:57:41:86:94:a1 (wlan0) ASSO: NO AddInfo: 0x0, TSF 1, 16:22:09.092, RSSI: -146, CPL: 2, AGE: 0,  SSID kittyhawk, TSFDelta: 0x0, TXRate: 0
11-21 08:10:41.383 D/WificondScannerImpl( 1186): Filtering out 3 scan results.
11-21 08:10:41.383 D/LOWI-9.0.0.80( 1026): [LOWI-Scan] 
11-21 08:10:41.383 D/LOWI-9.0.0.80( 1026): [LOWI-Scan] print_bss_handler: Report Probe TSF 145329092750 as it greater than Beacon TSF 0
11-21 08:10:41.383 I/LOWI-9.0.0.80( 1026): [LOWI-Scan] RSN_IE
11-21 08:10:41.383 D/LOWI-9.0.0.80( 1026): [LOWI-Scan] decode_rsn_wpa_ie: Entered
11-21 08:10:41.383 D/LOWI-9.0.0.80( 1026): [LOWIUtils] hexDump: msg(30 14 01 00 00 0f ac 04 01 00 00 0f ac 04 01 00 00 0f ac 02 )
11-21 08:10:41.383 D/LOWI-9.0.0.80( 1026): [LOWI-Scan] decode_rsn_wpa_ie: LOWI_ENCRYPTION_TYPE_WPA_PSK
11-21 08:10:41.383 D/LOWI-9.0.0.80( 1026): [LOWI-Scan] is_qcom_ie, bss_age: 4
11-21 08:10:41.383 D/LOWI-9.0.0.80( 1026): [LOWI-Scan] BSS 2c:57:41:86:85:21 LOWI_PHY_MODE_11NG_HT20(5), Beacon Interval: 100, LOWI_ENCRYPTION_TYPE_WPA_PSK 11mcRanging: No, ANQP: No, LCI: No, Civic: No, capability(0x1411): ESS Privacy ShortSlotTime
11-21 08:10:41.383 D/LOWI-9.0.0.80( 1026): [LOWI-Scan] BSS 2c:57:41:86:85:21 FREQ: 2462, cFreq1[40:80:160] = [0:0:0] cFreq2 = 0 Country Code = US
11-21 08:10:41.383 D/LOWI-9.0.0.80( 1026): [LOWI-Scan] BSS 2c:57:41:86:85:21 (wlan0) ASSO: NO AddInfo: 0x0, TSF 1, 16:22:09.092, RSSI: -152, CPL: 2, AGE: 0,  SSID kittyhawk, TSFDelta: 0x0, TXRate: 0
11-21 08:10:41.384 D/LOWI-9.0.0.80( 1026): [LOWI-Scan] 
11-21 08:10:41.384 D/LOWI-9.0.0.80( 1026): [LOWI-Scan] print_bss_handler: Report Probe TSF 145329092771 as it greater than Beacon TSF 0
11-21 08:10:41.384 I/LOWI-9.0.0.80( 1026): [LOWI-Scan] RSN_IE
11-21 08:10:41.384 D/LOWI-9.0.0.80( 1026): [LOWI-Scan] decode_rsn_wpa_ie: Entered
11-21 08:10:41.384 D/LOWI-9.0.0.80( 1026): [LOWIUtils] hexDump: msg(30 14 01 00 00 0f ac 04 01 00 00 0f ac 04 01 00 00 0f ac 02 )
11-21 08:10:41.384 D/LOWI-9.0.0.80( 1026): [LOWI-Scan] decode_rsn_wpa_ie: LOWI_ENCRYPTION_TYPE_WPA_PSK
11-21 08:10:41.384 D/LOWI-9.0.0.80( 1026): [LOWI-Scan] is_qcom_ie, bss_age: 53
11-21 08:10:41.384 D/LOWI-9.0.0.80( 1026): [LOWI-Scan] BSS 2c:57:41:89:53:21 LOWI_PHY_MODE_11NG_HT20(5), Beacon Interval: 100, LOWI_ENCRYPTION_TYPE_WPA_PSK 11mcRanging: No, ANQP: No, LCI: No, Civic: No, capability(0x1411): ESS Privacy ShortSlotTime
11-21 08:10:41.385 D/LOWI-9.0.0.80( 1026): [LOWI-Scan] BSS 2c:57:41:89:53:21 FREQ: 2412, cFreq1[40:80:160] = [0:0:0] cFreq2 = 0 Country Code = US
11-21 08:10:41.385 D/LOWI-9.0.0.80( 1026): [LOWI-Scan] BSS 2c:57:41:89:53:21 (wlan0) ASSO: NO AddInfo: 0x0, TSF 1, 16:22:09.092, RSSI: -160, CPL: 3, AGE: 0,  SSID kittyhawk, TSFDelta: 0x0, TXRate: 0
11-21 08:10:41.385 D/LOWI-9.0.0.80( 1026): [LOWI-Scan] 
11-21 08:10:41.385 D/LOWI-9.0.0.80( 1026): [LOWI-Scan] print_bss_handler: Report Probe TSF 145329092602 as it greater than Beacon TSF 145249652248
11-21 08:10:41.385 I/LOWI-9.0.0.80( 1026): [LOWI-Scan] RSN_IE
11-21 08:10:41.385 D/LOWI-9.0.0.80( 1026): [LOWI-Scan] decode_rsn_wpa_ie: Entered
11-21 08:10:41.385 D/LOWI-9.0.0.80( 1026): [LOWIUtils] hexDump: msg(30 14 01 00 00 0f ac 04 01 00 00 0f ac 04 01 00 00 0f ac 02 )
11-21 08:10:41.386 D/LOWI-9.0.0.80( 1026): [LOWI-Scan] decode_rsn_wpa_ie: LOWI_ENCRYPTION_TYPE_WPA_PSK
11-21 08:10:41.386 D/LOWI-9.0.0.80( 1026): [LOWI-Scan] is_qcom_ie, bss_age: 44
11-21 08:10:41.386 D/LOWI-9.0.0.80( 1026): [LOWI-Scan] BSS 52:b8:14:37:74:3f LOWI_PHY_MODE_11AC_VHT20_2G(11), Beacon Interval: 100, LOWI_ENCRYPTION_TYPE_WPA_PSK 11mcRanging: No, ANQP: No, LCI: No, Civic: No, capability(0x1431): ESS Privacy ShortPreamble ShortSlotTime
11-21 08:10:41.386 D/LOWI-9.0.0.80( 1026): [LOWI-Scan] BSS 52:b8:14:37:74:3f FREQ: 2417, cFreq1[40:80:160] = [0:0:0] cFreq2 = 0 Country Code =    
11-21 08:10:41.386 D/LOWI-9.0.0.80( 1026): [LOWI-Scan] BSS 52:b8:14:37:74:3f (wlan0) ASSO: NO AddInfo: 0x0, TSF 1, 16:22:09.092, RSSI: -112, CPL: 127, AGE: 0,  SSID Pixel_8668, TSFDelta: 0x0, TXRate: 0
11-21 08:10:41.387 D/LOWI-9.0.0.80( 1026): [LOWI-Scan] 
11-21 08:10:41.387 D/LOWI-9.0.0.80( 1026): [LOWI-Scan] print_bss_handler: Report Probe TSF 145329092816 as it greater than Beacon TSF 0
11-21 08:10:41.387 I/LOWI-9.0.0.80( 1026): [LOWI-Scan] RSN_IE
11-21 08:10:41.387 D/LOWI-9.0.0.80( 1026): [LOWI-Scan] decode_rsn_wpa_ie: Entered
11-21 08:10:41.387 D/LOWI-9.0.0.80( 1026): [LOWIUtils] hexDump: msg(30 18 01 00 00 0f ac 02 02 00 00 0f ac 02 00 0f ac 04 01 00 00 0f ac 02 )
11-21 08:10:41.387 D/LOWI-9.0.0.80( 1026): [LOWI-Scan] decode_rsn_wpa_ie: LOWI_ENCRYPTION_TYPE_WPA_PSK
11-21 08:10:41.387 D/LOWI-9.0.0.80( 1026): [LOWI-Scan] is_qcom_ie, bss_age: 29
11-21 08:10:41.387 D/LOWI-9.0.0.80( 1026): [LOWI-Scan] BSS 18:4f:32:07:46:03 LOWI_PHY_MODE_11NG_HT20(5), Beacon Interval: 100, LOWI_ENCRYPTION_TYPE_WPA_PSK 11mcRanging: No, ANQP: No, LCI: No, Civic: No, capability(0x0431): ESS Privacy ShortPreamble ShortSlotTime
11-21 08:10:41.387 D/LOWI-9.0.0.80( 1026): [LOWI-Scan] BSS 18:4f:32:07:46:03 FREQ: 2437, cFreq1[40:80:160] = [0:0:0] cFreq2 = 0 Country Code =    
11-21 08:10:41.387 D/LOWI-9.0.0.80( 1026): [LOWI-Scan] BSS 18:4f:32:07:46:03 (wlan0) ASSO: NO AddInfo: 0x0, TSF 1, 16:22:09.092, RSSI: -172, CPL: 127, AGE: 0,  SSID HP-Print-03-LaserJet Pro MFP, TSFDelta: 0x0, TXRate: 0
11-21 08:10:41.388 D/LOWI-9.0.0.80( 1026): [LOWI-Scan] 
11-21 08:10:41.388 D/LOWI-9.0.0.80( 1026): [LOWI-Scan] print_bss_handler: Report Probe TSF 145300473989 as it greater than Beacon TSF 0
11-21 08:10:41.388 I/LOWI-9.0.0.80( 1026): [LOWI-Scan] RSN_IE
11-21 08:10:41.388 D/LOWI-9.0.0.80( 1026): [LOWI-Scan] decode_rsn_wpa_ie: Entered
11-21 08:10:41.388 D/LOWI-9.0.0.80( 1026): [LOWIUtils] hexDump: msg(30 14 01 00 00 0f ac 04 01 00 00 0f ac 04 01 00 00 0f ac 02 )
11-21 08:10:41.388 D/LOWI-9.0.0.80( 1026): [LOWI-Scan] decode_rsn_wpa_ie: LOWI_ENCRYPTION_TYPE_WPA_PSK
11-21 08:10:41.388 D/LOWI-9.0.0.80( 1026): [LOWI-Scan] is_qcom_ie, bss_age: 28
11-21 08:10:41.388 D/LOWI-9.0.0.80( 1026): [LOWI-Scan] adjust_age:AP AGE upper limit reached. Dont store
11-21 08:10:41.388 D/LOWI-9.0.0.80( 1026): [LOWI-Scan] BSS 1c:b9:c4:33:b6:48 LOWI_PHY_MODE_11NG_HT20(5), Beacon Interval: 100, LOWI_ENCRYPTION_TYPE_WPA_PSK 11mcRanging: No, ANQP: No, LCI: No, Civic: No, capability(0x1431): ESS Privacy ShortPreamble ShortSlotTime
11-21 08:10:41.388 D/LOWI-9.0.0.80( 1026): [LOWI-Scan] BSS 1c:b9:c4:33:b6:48 FREQ: 2437, cFreq1[40:80:160] = [0:0:0] cFreq2 = 0 Country Code = US 
11-21 08:10:41.388 D/LOWI-9.0.0.80( 1026): [LOWI-Scan] BSS 1c:b9:c4:33:b6:48 (wlan0) ASSO: NO AddInfo: 0x0, TSF 1, 16:21:40.473, RSSI: -176, CPL: 127, AGE: 28620,  SSID SJC-CambiumNet, TSFDelta: 0x0, TXRate: 0
11-21 08:10:41.389 D/LOWI-9.0.0.80( 1026): [LOWI-Scan] 
11-21 08:10:41.389 D/LOWI-9.0.0.80( 1026): [LOWI-Scan] print_bss_handler: Report Probe TSF 145329092623 as it greater than Beacon TSF 0
11-21 08:10:41.389 I/LOWI-9.0.0.80( 1026): [LOWI-Scan] RSN_IE
11-21 08:10:41.389 D/LOWI-9.0.0.80( 1026): [LOWI-Scan] decode_rsn_wpa_ie: Entered
11-21 08:10:41.389 D/LOWI-9.0.0.80( 1026): [LOWIUtils] hexDump: msg(30 14 01 00 00 0f ac 04 01 00 00 0f ac 04 01 00 00 0f ac 02 )
11-21 08:10:41.389 D/LOWI-9.0.0.80( 1026): [LOWI-Scan] decode_rsn_wpa_ie: LOWI_ENCRYPTION_TYPE_WPA_PSK
11-21 08:10:41.389 D/LOWI-9.0.0.80( 1026): [LOWI-Scan] is_qcom_ie, bss_age: 5
11-21 08:10:41.389 D/LOWI-9.0.0.80( 1026): [LOWI-Scan] BSS 18:64:72:60:2b:40 LOWI_PHY_MODE_11NG_HT20(5), Beacon Interval: 100, LOWI_ENCRYPTION_TYPE_WPA_PSK 11mcRanging: No, ANQP: No, LCI: No, Civic: No, capability(0x0431): ESS Privacy ShortPreamble ShortSlotTime
11-21 08:10:41.389 D/LOWI-9.0.0.80( 1026): [LOWI-Scan] BSS 18:64:72:60:2b:40 FREQ: 2462, cFreq1[40:80:160] = [0:0:0] cFreq2 = 0 Country Code =    
11-21 08:10:41.389 D/LOWI-9.0.0.80( 1026): [LOWI-Scan] BSS 18:64:72:60:2b:40 (wlan0) ASSO: NO AddInfo: 0x0, TSF 1, 16:22:09.092, RSSI: -136, CPL: 127, AGE: 0,  SSID lab-t24103779, TSFDelta: 0x0, TXRate: 0
11-21 08:10:41.390 D/LOWI-9.0.0.80( 1026): [LOWI-Scan] 
