11-20 07:08:35.470 D/ConnectivityService( 1194): Switching to new default network: NetworkAgentInfo{ ni{[type: MOBILE[LTE], state: CONNECTED/CONNECTED, reason: (unspecified), extra: nxtgenphone, failover: false, available: true, roaming: false]}  network{100}  nethandle{432902426637}  lp{{InterfaceName: rmnet_data2 LinkAddresses: [ 10.129.103.196/29,2600:380:c119:24f:b89a:9f3c:46c1:95af/64 ] DnsAddresses: [ /172.26.38.1,/fc00:a:a::300 ] Domains: null MTU: 1430 TcpBufferSizes: 2097152,4194304,8388608,262144,524288,1048576 Routes: [ 0.0.0.0/0 -> 10.129.103.197 rmnet_data2 mtu 1430,::/0 -> fe80::b45f:41f1:1846:969d rmnet_data2 mtu 1430,10.129.103.192/29 -> 0.0.0.0 rmnet_data2 mtu 0,2600:380:c119:24f::/64 -> :: rmnet_data2 mtu 0 ]}}  nc{[ Transports: CELLULAR Capabilities: MMS&SUPL&FOTA&INTERNET&NOT_RESTRICTED&TRUSTED&NOT_VPN&VALIDATED&NOT_ROAMING&NOT_CONGESTED&NOT_SUSPENDED LinkUpBandwidth>=15000Kbps LinkDnBandwidth>=30000Kbps Specifier: <TelephonyNetworkSpecifier [mSubId = 1]> AdministratorUids: [] RequestorUid: -1 RequestorPackageName: null]}  Score{50}  everValidated{true}  lastValidated{true}  created{true} lingering{false} explicitlySelected{false} acceptUnvalidated{false} everCaptivePortalDetected{false} lastCaptivePortalDetected{false} partialConnectivity{false} acceptPartialConnectivity{false} clat{mBaseIface: null, mIface: null, mState: IDLE} }
11-20 07:08:35.625 D/ConnectivityService( 1194): Sending CONNECTED broadcast for type 0 [100 CELLULAR] isDefaultNetwork=true
11-20 07:08:39.770 D/commandrouter( 1117): rtc_sync (1, rtc:sync): <ServiceRequest> FORWARDED (remote -> local) service client ID = 0, token ID = 38290
11-20 07:08:39.771 D/commandrouter( 1117): SocServiceHandle::onServiceMessage, SoC Service = rtc_sync, appType = 1, type = SVC_RESP, clientId = 0, token = 38290, payloadLen = 8, result = 0, payload.size() = 8
11-20 07:08:39.792 D/AutofillManagerService( 1194): onBackKeyPressed()
11-20 07:08:42.617 I/chatty  ( 1194): uid=1000(system) android.ui identical 3 lines
11-20 07:08:43.633 D/AutofillManagerService( 1194): onBackKeyPressed()
11-20 07:08:44.324 E/TaskPersister( 1194): File error accessing recents directory (directory doesn't exist?).
11-20 07:08:44.628 D/AutofillManagerService( 1194): onBackKeyPressed()
11-20 07:08:45.624 I/chatty  ( 1194): uid=1000(system) android.ui identical 1 line
11-20 07:08:46.623 D/AutofillManagerService( 1194): onBackKeyPressed()
11-20 07:08:47.156 W/ActivityManager( 1194): Invalid packageName: com.facebook.wearable.system.settings/com.facebook.wearable.system.settings.SettingsActivity
11-20 07:08:47.289 I/ActivityTaskManager( 1194): START u0 {flg=0x10000000 cmp=com.facebook.wearable.system.settings/.SettingsActivity} from uid 0
11-20 07:08:47.308 I/ActivityTaskManager( 1194): The Process com.facebook.wearable.system.settings Already Exists in BG. So sending its PID: 16444
11-20 07:08:47.309 W/ActivityTaskManager( 1194): Tried to set launchTime (0) < mLastActivityLaunchTime (55253561)
11-20 07:08:47.530 D/commandrouter( 1117): SocServiceHandle::onServiceMessage, SoC Service = mcu_healthcheck_1118, appType = 1, type = SVC_REQ, clientId = 0, token = 1840, payloadLen = 12, result = 0, payload.size() = 12
11-20 07:08:47.533 D/commandrouter( 1117): mcu_healthcheck_1118 (1, merlot:mcu_health:control): <ServiceResponse> FORWARDED (remote -> local) CR token ID = 1840, service client ID = 40, token ID = 33648, result = 0
11-20 07:08:47.534 D/mculinkhealth( 1118): isMcuReachable 1 (4 ms)
11-20 07:08:48.280 D/AppStorageManager( 1194): BEFORE:: Previous Size: 997339136 Current Size: 997183488
11-20 07:08:48.280 D/AppStorageManager( 1194): AFTER:: Previous Size: 997183488 Current Size: 997183488
11-20 07:08:48.934 D/AnalyticsLogger( 1194): sent events: 13
11-20 07:08:49.761 D/commandrouter( 1117): rtc_sync (1, rtc:sync): <ServiceRequest> FORWARDED (remote -> local) service client ID = 0, token ID = 38291
11-20 07:08:49.762 D/commandrouter( 1117): SocServiceHandle::onServiceMessage, SoC Service = rtc_sync, appType = 1, type = SVC_RESP, clientId = 0, token = 38291, payloadLen = 8, result = 0, payload.size() = 8
11-20 07:08:50.917 E/TaskPersister( 1194): File error accessing recents directory (directory doesn't exist?).
11-20 07:08:54.074 W/ContextImpl( 1194): Calling a method in the system process without a qualified user: android.app.ContextImpl.sendBroadcastMultiplePermissions:1143 android.content.Context.sendBroadcastWithMultiplePermissions:2150 com.android.server.display.WifiDisplayAdapter.handleSendStatusChangeBroadcast:440 com.android.server.display.WifiDisplayAdapter.access$1700:63 com.android.server.display.WifiDisplayAdapter$WifiDisplayHandler.handleMessage:675 
11-20 07:08:55.098 W/ContextImpl( 1194): Calling a method in the system process without a qualified user: android.app.ContextImpl.sendBroadcastMultiplePermissions:1143 android.content.Context.sendBroadcastWithMultiplePermissions:2150 com.android.server.wifi.p2p.WifiP2pServiceImpl$P2pStateMachine.sendBroadcastMultiplePermissions:3209 com.android.server.wifi.p2p.WifiP2pServiceImpl$P2pStateMachine.sendP2pConnectionChangedBroadcast:3236 com.android.server.wifi.p2p.WifiP2pServiceImpl$P2pStateMachine.access$5100:768 
11-20 07:08:55.099 W/BroadcastQueue( 1194): Permission Denial: receiving Intent { act=android.net.wifi.p2p.CONNECTION_STATE_CHANGE flg=0x24000010 (has extras) } to ProcessRecord{ba73 1900:.qtidataservices/u0a89} (pid=1900, uid=10089) requires android.permission.ACCESS_FINE_LOCATION due to sender android (uid 1000)
11-20 07:08:55.106 W/wificond(  906): Scan is not started. Ignore abort request
11-20 07:08:55.208 W/ContextImpl( 1194): Calling a method in the system process without a qualified user: android.app.ContextImpl.sendBroadcastMultiplePermissions:1143 android.content.Context.sendBroadcastWithMultiplePermissions:2150 com.android.server.wifi.p2p.WifiP2pServiceImpl$P2pStateMachine.sendBroadcastMultiplePermissions:3209 com.android.server.wifi.p2p.WifiP2pServiceImpl$P2pStateMachine.sendThisDeviceChangedBroadcast:3218 com.android.server.wifi.p2p.WifiP2pServiceImpl$P2pStateMachine.updateThisDevice:3962 
11-20 07:08:55.573 D/ConnectivityService( 1194): registerNetworkAgent NetworkAgentInfo{ ni{[type: WIFI[], state: UNKNOWN/IDLE, reason: (unspecified), extra: , failover: false, available: true, roaming: false]}  network{157}  nethandle{677715562509}  lp{{InterfaceName: wlan0 LinkAddresses: [ ] DnsAddresses: [ ] Domains: null MTU: 0 Routes: [ ]}}  nc{[ Transports: WIFI Capabilities: NOT_METERED&INTERNET&NOT_RESTRICTED&TRUSTED&NOT_VPN&NOT_ROAMING&FOREGROUND&NOT_CONGESTED&NOT_SUSPENDED LinkUpBandwidth>=72000Kbps LinkDnBandwidth>=72000Kbps OwnerUid: 1000 SSID: "MTBF_Lab" RequestorUid: -1 RequestorPackageName: null]}  Score{20}  everValidated{false}  lastValidated{false}  created{false} lingering{false} explicitlySelected{false} acceptUnvalidated{false} everCaptivePortalDetected{false} lastCaptivePortalDetected{false} partialConnectivity{false} acceptPartialConnectivity{false} clat{mBaseIface: null, mIface: null, mState: IDLE} }
11-20 07:08:55.588 D/ConnectivityService( 1194): [157 WIFI] EVENT_NETWORK_INFO_CHANGED, going from UNKNOWN to UNKNOWN
11-20 07:08:55.750 D/ConnectivityService( 1194): NetReassign [no changes]
11-20 07:08:55.771 I/Nat464Xlat( 1194): Android Xlat is disabled
11-20 07:08:55.771 I/Nat464Xlat( 1194): Android Xlat is disabled
11-20 07:08:55.884 E/ConnectivityService( 1194): Exception in networkAddRouteParcel for non-gateway: android.os.ServiceSpecificException: Machine is not on the network (code 64)
11-20 07:08:55.886 E/ConnectivityService( 1194): Exception in networkAddRouteParcel for gateway: android.os.ServiceSpecificException: Machine is not on the network (code 64)
11-20 07:08:55.886 I/Nat464Xlat( 1194): Android Xlat is disabled
11-20 07:08:55.886 I/Nat464Xlat( 1194): Android Xlat is disabled
11-20 07:08:55.946 D/ConnectivityService( 1194): Setting DNS servers for network 157 to [/192.168.1.1]
11-20 07:08:55.947 I/Nat464Xlat( 1194): Android Xlat is disabled
11-20 07:08:55.947 I/Nat464Xlat( 1194): Android Xlat is disabled
11-20 07:08:56.024 D/ConnectivityService( 1194): [157 WIFI] EVENT_NETWORK_INFO_CHANGED, going from UNKNOWN to CONNECTED
11-20 07:08:56.026 D/DnsManager( 1194): sendDnsConfigurationForNetwork(157, [192.168.1.1], [], 1800, 25, 8, 64, 0, 0, , [])
11-20 07:08:56.029 W/DnsManager( 1194): updatePrivateDns(157, PrivateDnsConfig{true:/[]})
11-20 07:08:56.029 D/ConnectivityService( 1194): Setting DNS servers for network 157 to [/192.168.1.1]
11-20 07:08:56.029 D/DnsManager( 1194): sendDnsConfigurationForNetwork(157, [192.168.1.1], [], 1800, 25, 8, 64, 0, 0, , [192.168.1.1])
11-20 07:08:56.031 D/ConnectivityService( 1194): Adding iface wlan0 to network 157
11-20 07:08:56.077 D/ConnectivityService( 1194): Setting DNS servers for network 157 to [/192.168.1.1]
11-20 07:08:56.078 D/DnsManager( 1194): sendDnsConfigurationForNetwork(157, [192.168.1.1], [], 1800, 25, 8, 64, 0, 0, , [192.168.1.1])
11-20 07:08:56.079 I/Nat464Xlat( 1194): Android Xlat is disabled
11-20 07:08:56.079 I/Nat464Xlat( 1194): Android Xlat is disabled
11-20 07:08:56.132 D/ConnectivityService( 1194): NetReassign [no changes]
11-20 07:08:56.332 D/ConnectivityService( 1194): [157 WIFI] validation passed
11-20 07:08:56.332 D/ConnectivityService( 1194): NetReassign [8 : 100 → 157, 20 : 100 → 157, 46 : 100 → 157, 45 : 100 → 157, 12 : 100 → 157, 22 : 100 → 157, 16 : 100 → 157, 14 : 100 → 157, 50 : 100 → 157, 990 : 100 → 157, 18 : 100 → 157, 993 : 100 → 157, 11 : 100 → 157, 1 : 100 → 157, 17 : 100 → 157, 995 : 100 → 157]
11-20 07:08:56.338 E/NetlinkEvent(  459): NetlinkEvent::FindParam(): Parameter 'INTERFACE' not found
11-20 07:08:56.338 E/NetlinkEvent(  459): NetlinkEvent::FindParam(): Parameter 'STATE' not found
11-20 07:08:56.338 E/NetlinkEvent(  459): NetlinkEvent::FindParam(): Parameter 'TIME_NS' not found
11-20 07:08:56.338 E/NetlinkEvent(  459): NetlinkEvent::FindParam(): Parameter 'UID' not found
11-20 07:08:56.357 D/ConnectivityService( 1194): Switching to new default network: NetworkAgentInfo{ ni{[type: WIFI[], state: CONNECTED/CONNECTED, reason: (unspecified), extra: , failover: false, available: true, roaming: false]}  network{157}  nethandle{677715562509}  lp{{InterfaceName: wlan0 LinkAddresses: [ 192.168.1.39/24 ] DnsAddresses: [ /192.168.1.1 ] Domains: null MTU: 0 ServerAddress: /192.168.1.1 TcpBufferSizes: 524288,1048576,2097152,262144,524288,1048576 Routes: [ fe80::/64 -> :: wlan0 mtu 0,192.168.1.0/24 -> 0.0.0.0 wlan0 mtu 0,0.0.0.0/0 -> 192.168.1.1 wlan0 mtu 0 ]}}  nc{[ Transports: WIFI Capabilities: NOT_METERED&INTERNET&NOT_RESTRICTED&TRUSTED&NOT_VPN&VALIDATED&NOT_ROAMING&FOREGROUND&NOT_CONGESTED&NOT_SUSPENDED LinkUpBandwidth>=68000Kbps LinkDnBandwidth>=68000Kbps SignalStrength: -28 OwnerUid: 1000 SSID: "MTBF_Lab" RequestorUid: -1 RequestorPackageName: null]}  Score{60}  everValidated{true}  lastValidated{true}  created{true} lingering{false} explicitlySelected{false} acceptUnvalidated{false} everCaptivePortalDetected{false} lastCaptivePortalDetected{false} partialConnectivity{false} acceptPartialConnectivity{false} clat{mBaseIface: null, mIface: null, mState: IDLE} }
11-20 07:08:56.490 D/ConnectivityService( 1194): Lingering [100 CELLULAR] for 30000ms
11-20 07:08:56.497 D/ConnectivityService( 1194): Sending DISCONNECTED broadcast for type 0 [100 CELLULAR] isDefaultNetwork=true
11-20 07:08:56.500 D/ConnectivityService( 1194): Sending CONNECTED broadcast for type 1 [157 WIFI] isDefaultNetwork=true
11-20 07:08:56.540 D/ConnectivityService( 1194): Setting DNS servers for network 157 to [/192.168.1.1]
11-20 07:08:56.541 D/DnsManager( 1194): sendDnsConfigurationForNetwork(157, [192.168.1.1], [], 1800, 25, 8, 64, 0, 0, , [192.168.1.1])
11-20 07:08:57.103 I/Nat464Xlat( 1194): Android Xlat is disabled
11-20 07:08:57.103 I/Nat464Xlat( 1194): Android Xlat is disabled
11-20 07:08:59.761 D/commandrouter( 1117): rtc_sync (1, rtc:sync): <ServiceRequest> FORWARDED (remote -> local) service client ID = 0, token ID = 38292
11-20 07:08:59.762 D/commandrouter( 1117): SocServiceHandle::onServiceMessage, SoC Service = rtc_sync, appType = 1, type = SVC_RESP, clientId = 0, token = 38292, payloadLen = 8, result = 0, payload.size() = 8
11-20 07:09:09.761 D/commandrouter( 1117): rtc_sync (1, rtc:sync): <ServiceRequest> FORWARDED (remote -> local) service client ID = 0, token ID = 38293
11-20 07:09:09.762 D/commandrouter( 1117): SocServiceHandle::onServiceMessage, SoC Service = rtc_sync, appType = 1, type = SVC_RESP, clientId = 0, token = 38293, payloadLen = 8, result = 0, payload.size() = 8
11-20 07:09:10.598 D/commandrouter( 1117): SocServiceHandle::onServiceMessage, SoC Service = mcu_healthcheck_946, appType = 1, type = SVC_REQ, clientId = 0, token = 920, payloadLen = 20, result = 0, payload.size() = 20
11-20 07:09:10.602 D/commandrouter( 1117): mcu_healthcheck_946 (1, merlot:mcu_health:control): <ServiceResponse> FORWARDED (remote -> local) CR token ID = 920, service client ID = 6, token ID = 33649, result = 0
11-20 07:09:15.319 D/AutofillManagerService( 1194): onBackKeyPressed()
11-20 07:09:15.845 I/chatty  ( 1194): uid=1000(system) android.ui identical 1 line
11-20 07:09:16.367 D/AutofillManagerService( 1194): onBackKeyPressed()
11-20 07:09:17.536 D/commandrouter( 1117): SocServiceHandle::onServiceMessage, SoC Service = mcu_healthcheck_1118, appType = 1, type = SVC_REQ, clientId = 0, token = 1841, payloadLen = 12, result = 0, payload.size() = 12
11-20 07:09:17.540 D/commandrouter( 1117): mcu_healthcheck_1118 (1, merlot:mcu_health:control): <ServiceResponse> FORWARDED (remote -> local) CR token ID = 1841, service client ID = 40, token ID = 33650, result = 0
11-20 07:09:17.541 D/mculinkhealth( 1118): isMcuReachable 1 (5 ms)
11-20 07:09:17.583 D/AutofillManagerService( 1194): onBackKeyPressed()
11-20 07:09:18.163 W/ActivityManager( 1194): Invalid packageName: com.facebook.wearable.system.settings/com.facebook.wearable.system.settings.SettingsActivity
11-20 07:09:18.287 I/ActivityTaskManager( 1194): START u0 {flg=0x10000000 cmp=com.facebook.wearable.system.settings/.SettingsActivity} from uid 0
11-20 07:09:18.306 I/ActivityTaskManager( 1194): The Process com.facebook.wearable.system.settings Already Exists in BG. So sending its PID: 16444
11-20 07:09:18.306 W/ActivityTaskManager( 1194): Tried to set launchTime (0) < mLastActivityLaunchTime (55273573)
11-20 07:09:19.768 D/commandrouter( 1117): rtc_sync (1, rtc:sync): <ServiceRequest> FORWARDED (remote -> local) service client ID = 0, token ID = 38294
11-20 07:09:19.769 D/commandrouter( 1117): SocServiceHandle::onServiceMessage, SoC Service = rtc_sync, appType = 1, type = SVC_RESP, clientId = 0, token = 38294, payloadLen = 8, result = 0, payload.size() = 8
11-20 07:09:20.945 E/TaskPersister( 1194): File error accessing recents directory (directory doesn't exist?).
11-20 07:09:25.897 W/ContextImpl( 1194): Calling a method in the system process without a qualified user: android.app.ContextImpl.sendBroadcastMultiplePermissions:1143 android.content.Context.sendBroadcastWithMultiplePermissions:2150 com.android.server.display.WifiDisplayAdapter.handleSendStatusChangeBroadcast:440 com.android.server.display.WifiDisplayAdapter.access$1700:63 com.android.server.display.WifiDisplayAdapter$WifiDisplayHandler.handleMessage:675 
11-20 07:09:26.312 D/ConnectivityService( 1194): [157 WIFI] EVENT_NETWORK_INFO_CHANGED, going from CONNECTED to DISCONNECTED
11-20 07:09:26.312 D/ConnectivityService( 1194): [157 WIFI] disconnected, was satisfying 27
11-20 07:09:26.402 I/Nat464Xlat( 1194): Android Xlat is disabled
11-20 07:09:26.402 I/Nat464Xlat( 1194): Android Xlat is disabled
11-20 07:09:26.427 D/ConnectivityService( 1194): Sending DISCONNECTED broadcast for type 1 [157 WIFI] isDefaultNetwork=true
11-20 07:09:26.429 D/ConnectivityService( 1194): NetReassign [8 : null → 100, 20 : null → 100, 46 : null → 100, 45 : null → 100, 12 : null → 100, 22 : null → 100, 16 : null → 100, 14 : null → 100, 50 : null → 100, 990 : null → 100, 18 : null → 100, 993 : null → 100, 11 : null → 100, 1 : null → 100, 17 : null → 100, 995 : null → 100]
11-20 07:09:26.433 E/NetlinkEvent(  459): NetlinkEvent::FindParam(): Parameter 'INTERFACE' not found
11-20 07:09:26.433 E/NetlinkEvent(  459): NetlinkEvent::FindParam(): Parameter 'STATE' not found
11-20 07:09:26.433 E/NetlinkEvent(  459): NetlinkEvent::FindParam(): Parameter 'TIME_NS' not found
11-20 07:09:26.433 E/NetlinkEvent(  459): NetlinkEvent::FindParam(): Parameter 'UID' not found
11-20 07:09:26.453 D/ConnectivityService( 1194): Switching to new default network: NetworkAgentInfo{ ni{[type: MOBILE[LTE], state: CONNECTED/CONNECTED, reason: (unspecified), extra: nxtgenphone, failover: false, available: true, roaming: false]}  network{100}  nethandle{432902426637}  lp{{InterfaceName: rmnet_data2 LinkAddresses: [ 10.129.103.196/29,2600:380:c119:24f:b89a:9f3c:46c1:95af/64 ] DnsAddresses: [ /172.26.38.1,/fc00:a:a::300 ] Domains: null MTU: 1430 TcpBufferSizes: 2097152,4194304,8388608,262144,524288,1048576 Routes: [ 0.0.0.0/0 -> 10.129.103.197 rmnet_data2 mtu 1430,::/0 -> fe80::b45f:41f1:1846:969d rmnet_data2 mtu 1430,10.129.103.192/29 -> 0.0.0.0 rmnet_data2 mtu 0,2600:380:c119:24f::/64 -> :: rmnet_data2 mtu 0 ]}}  nc{[ Transports: CELLULAR Capabilities: MMS&SUPL&FOTA&INTERNET&NOT_RESTRICTED&TRUSTED&NOT_VPN&VALIDATED&NOT_ROAMING&FOREGROUND&NOT_CONGESTED&NOT_SUSPENDED LinkUpBandwidth>=15000Kbps LinkDnBandwidth>=30000Kbps Specifier: <TelephonyNetworkSpecifier [mSubId = 1]> AdministratorUids: [] RequestorUid: -1 RequestorPackageName: null]}  Score{50}  everValidated{true}  lastValidated{true}  created{true} lingering{true} explicitlySelected{false} acceptUnvalidated{false} everCaptivePortalDetected{false} lastCaptivePortalDetected{false} partialConnectivity{false} acceptPartialConnectivity{false} clat{mBaseIface: null, mIface: null, mState: IDLE} }
11-20 07:09:26.596 D/ConnectivityService( 1194): Unlingering [100 CELLULAR]
11-20 07:09:26.596 D/ConnectivityService( 1194): Sending CONNECTED broadcast for type 0 [100 CELLULAR] isDefaultNetwork=true
11-20 07:09:29.773 D/commandrouter( 1117): rtc_sync (1, rtc:sync): <ServiceRequest> FORWARDED (remote -> local) service client ID = 0, token ID = 38295
11-20 07:09:29.774 D/commandrouter( 1117): SocServiceHandle::onServiceMessage, SoC Service = rtc_sync, appType = 1, type = SVC_RESP, clientId = 0, token = 38295, payloadLen = 8, result = 0, payload.size() = 8
11-20 07:09:30.807 D/AutofillManagerService( 1194): onBackKeyPressed()
11-20 07:09:33.613 I/chatty  ( 1194): uid=1000(system) android.ui identical 3 lines
11-20 07:09:34.626 D/AutofillManagerService( 1194): onBackKeyPressed()
11-20 07:09:35.366 E/TaskPersister( 1194): File error accessing recents directory (directory doesn't exist?).
11-20 07:09:35.623 D/AutofillManagerService( 1194): onBackKeyPressed()
11-20 07:09:36.621 I/chatty  ( 1194): uid=1000(system) android.ui identical 1 line
11-20 07:09:37.615 D/AutofillManagerService( 1194): onBackKeyPressed()
11-20 07:09:38.156 W/ActivityManager( 1194): Invalid packageName: com.facebook.wearable.system.settings/com.facebook.wearable.system.settings.SettingsActivity
11-20 07:09:38.276 I/ActivityTaskManager( 1194): START u0 {flg=0x10000000 cmp=com.facebook.wearable.system.settings/.SettingsActivity} from uid 0
11-20 07:09:38.292 I/ActivityTaskManager( 1194): The Process com.facebook.wearable.system.settings Already Exists in BG. So sending its PID: 16444
11-20 07:09:38.293 W/ActivityTaskManager( 1194): Tried to set launchTime (0) < mLastActivityLaunchTime (55304571)
11-20 07:09:39.776 D/commandrouter( 1117): rtc_sync (1, rtc:sync): <ServiceRequest> FORWARDED (remote -> local) service client ID = 0, token ID = 38296
11-20 07:09:39.777 D/commandrouter( 1117): SocServiceHandle::onServiceMessage, SoC Service = rtc_sync, appType = 1, type = SVC_RESP, clientId = 0, token = 38296, payloadLen = 8, result = 0, payload.size() = 8
11-20 07:09:42.403 E/TaskPersister( 1194): File error accessing recents directory (directory doesn't exist?).
11-20 07:09:44.951 W/ContextImpl( 1194): Calling a method in the system process without a qualified user: android.app.ContextImpl.sendBroadcastMultiplePermissions:1143 android.content.Context.sendBroadcastWithMultiplePermissions:2150 com.android.server.display.WifiDisplayAdapter.handleSendStatusChangeBroadcast:440 com.android.server.display.WifiDisplayAdapter.access$1700:63 com.android.server.display.WifiDisplayAdapter$WifiDisplayHandler.handleMessage:675 
11-20 07:09:45.990 W/ContextImpl( 1194): Calling a method in the system process without a qualified user: android.app.ContextImpl.sendBroadcastMultiplePermissions:1143 android.content.Context.sendBroadcastWithMultiplePermissions:2150 com.android.server.wifi.p2p.WifiP2pServiceImpl$P2pStateMachine.sendBroadcastMultiplePermissions:3209 com.android.server.wifi.p2p.WifiP2pServiceImpl$P2pStateMachine.sendP2pConnectionChangedBroadcast:3236 com.android.server.wifi.p2p.WifiP2pServiceImpl$P2pStateMachine.access$5100:768 
11-20 07:09:45.992 W/BroadcastQueue( 1194): Permission Denial: receiving Intent { act=android.net.wifi.p2p.CONNECTION_STATE_CHANGE flg=0x24000010 (has extras) } to ProcessRecord{ba73 1900:.qtidataservices/u0a89} (pid=1900, uid=10089) requires android.permission.ACCESS_FINE_LOCATION due to sender android (uid 1000)
11-20 07:09:45.997 W/ContextImpl( 1194): Calling a method in the system process without a qualified user: android.app.ContextImpl.sendBroadcastMultiplePermissions:1143 android.content.Context.sendBroadcastWithMultiplePermissions:2150 com.android.server.wifi.p2p.WifiP2pServiceImpl$P2pStateMachine.sendBroadcastMultiplePermissions:3209 com.android.server.wifi.p2p.WifiP2pServiceImpl$P2pStateMachine.sendThisDeviceChangedBroadcast:3218 com.android.server.wifi.p2p.WifiP2pServiceImpl$P2pStateMachine.updateThisDevice:3962 
--------- beginning of main
11-20 07:09:46.010 I/QC-NETMGR-LIB(  932): NetmgrNetdClientRemoveInterfaceFromOemNetwork(): completed command
11-20 07:09:46.011 W/wificond(  906): Scan is not started. Ignore abort request
11-20 07:09:46.012 I/QC-NETMGR-LIB(  932): NetmgrNetdClientAddInterfaceToOemNetwork(): Looking for Netd service
11-20 07:09:46.012 I/QC-NETMGR-LIB(  932): NetmgrNetdClientAddInterfaceToOemNetwork(): starting command
11-20 07:09:46.012 I/QC-NETMGR-LIB(  932): addInterfaceToOemNetwork(): Attempting addInterfaceToOemNetwork
11-20 07:09:46.016 I/chatty  ( 1024): uid=1021(gps) lowi-server expire 8 lines
11-20 07:09:46.016 I/chatty  ( 1024): uid=1021(gps) lowi-server expire 92 lines
11-20 07:09:46.020 I/QC-NETMGR-LIB(  932): NetmgrNetdClientAddInterfaceToOemNetwork(): completed command
11-20 07:09:46.020 I/QC-NETMGR-LIB(  932): NetmgrNetdClientAddRouteToOemNetwork(): Looking for Netd service
11-20 07:09:46.020 I/QC-NETMGR-LIB(  932): NetmgrNetdClientAddRouteToOemNetwork(): starting command
11-20 07:09:46.020 I/QC-NETMGR-LIB(  932): addRouteToOemNetwork(): Attempting addRouteToOemNetwork
11-20 07:09:46.021 I/QC-NETMGR-LIB(  932): NetmgrNetdClientAddRouteToOemNetwork(): completed command
11-20 07:09:46.021 I/QC-NETMGR-LIB(  932): NetmgrNetdClientSetForwardingBetweenInterfaces(): Looking for Netd service
11-20 07:09:46.021 I/QC-NETMGR-LIB(  932): NetmgrNetdClientSetForwardingBetweenInterfaces(): starting command
11-20 07:09:46.021 I/QC-NETMGR-LIB(  932): setForwardingBetweenInterfaces() r_rmnet_data0 wlan0: Attempting setForwardingBetweenInterfaces
11-20 07:09:46.022 I/QC-NETMGR-LIB(  932): NetmgrNetdClientSetForwardingBetweenInterfaces(): completed command
11-20 07:09:46.022 I/QC-NETMGR-LIB(  932): NetmgrNetdClientSetForwardingBetweenInterfaces(): Looking for Netd service
11-20 07:09:46.022 I/QC-NETMGR-LIB(  932): NetmgrNetdClientSetForwardingBetweenInterfaces(): starting command
11-20 07:09:46.022 I/QC-NETMGR-LIB(  932): setForwardingBetweenInterfaces() r_rmnet_data0 dummy0: Attempting setForwardingBetweenInterfaces
11-20 07:09:46.023 I/QC-NETMGR-LIB(  932): NetmgrNetdClientSetForwardingBetweenInterfaces(): completed command
11-20 07:09:46.023 I/QC-NETMGR-LIB(  932): NetmgrNetdClientAddRouteToOemNetwork(): Looking for Netd service
11-20 07:09:46.023 I/QC-NETMGR-LIB(  932): NetmgrNetdClientAddRouteToOemNetwork(): starting command
11-20 07:09:46.023 I/QC-NETMGR-LIB(  932): addRouteToOemNetwork(): Attempting addRouteToOemNetwork
11-20 07:09:46.024 I/QC-NETMGR-LIB(  932): NetmgrNetdClientAddRouteToOemNetwork(): completed command
11-20 07:09:46.108 E/wpa_supplicant(30673): nl80211: Set scan default IEs failed: ret=-524 (Unknown error 524)
11-20 07:09:46.132 I/wpa_supplicant(30673): p2p0: CTRL-EVENT-AVOID-FREQ ranges=
11-20 07:09:46.143 I/wpa_supplicant(30673): Vendor key_mgmt: 0x142
11-20 07:09:46.146 I/wpa_supplicant(30673): Vendor Proto: 0x3
11-20 07:09:46.160 E/wpa_supplicant(30673): eap_proxy: eap_proxy_notify_config
11-20 07:09:46.169 I/wpa_supplicant(30673): wlan0: Trying to associate with SSID 'MTBF_Lab'
11-20 07:09:46.174 E/wpa_supplicant(30673): eap_proxy: eap_proxy_notify_config
11-20 07:09:46.174 E/wpa_supplicant(30673): eap_proxy: eap_proxy_allowed_method
11-20 07:09:46.176 D/QCNEJ/WlanStaInfoRelay( 1900): Received action: android.net.wifi.STATE_CHANGE
11-20 07:09:46.177 D/WifiConnector( 2841): Network State Changed
11-20 07:09:46.183 E/QMI_FW  (  927): qmi_cci_get_ref: ref count increased 2
11-20 07:09:46.186 E/QMI_FW  (  927): qmi_cci_get_ref: ref count increased 2
11-20 07:09:46.270 W/HWComposer(  577): Ignoring duplicate VSYNC event from HWC for display 0 (t=55332533749933)
11-20 07:09:46.304 W/HWComposer(  577): Ignoring duplicate VSYNC event from HWC for display 0 (t=55332567534152)
11-20 07:09:46.419 V/WifiHAL (  539): event received NL80211_CMD_CONNECT
11-20 07:09:46.419 I/wpa_supplicant(30673): wlan0: Associated with 6c:cd:d6:25:63:2a
11-20 07:09:46.419 I/wpa_supplicant(30673): wlan0: CTRL-EVENT-SUBNET-STATUS-UPDATE status=0
11-20 07:09:46.428 I/wpa_supplicant(30673): getWifiGenerationStatusInternal: generation = 4, twtSupport = false, vhtMax8SpatialStreamsSupport = false
11-20 07:09:47.381 I/wpa_supplicant(30673): wlan0: WPA: RX message 1 of 4-Way Handshake from 6c:cd:d6:25:63:2a (ver=2)
11-20 07:09:47.382 I/wpa_supplicant(30673): wlan0: WPA: Sending EAPOL-Key 2/4
11-20 07:09:47.385 D/QCNEJ/WlanStaInfoRelay( 1900): Received action: android.net.wifi.STATE_CHANGE
11-20 07:09:47.386 D/WifiConnector( 2841): Network State Changed
11-20 07:09:47.392 I/wpa_supplicant(30673): wlan0: WPA: RX message 3 of 4-Way Handshake from 6c:cd:d6:25:63:2a (ver=2)
11-20 07:09:47.392 I/wpa_supplicant(30673): wlan0: WPA: Sending EAPOL-Key 4/4
11-20 07:09:47.396 I/wpa_supplicant(30673): wlan0: WPA: Key negotiation completed with 6c:cd:d6:25:63:2a [PTK=CCMP GTK=CCMP]
11-20 07:09:47.396 I/wpa_supplicant(30673): wlan0: CTRL-EVENT-CONNECTED - Connection to 6c:cd:d6:25:63:2a completed [id=0 id_str=%7B%22configKey%22%3A%22%5C%22MTBF_Lab%5C%22WPA_PSK%22%2C%22creatorUid%22%3A%221000%22%7D]
11-20 07:09:47.427 D/ConnectivityService( 1194): registerNetworkAgent NetworkAgentInfo{ ni{[type: WIFI[], state: UNKNOWN/IDLE, reason: (unspecified), extra: , failover: false, available: true, roaming: false]}  network{158}  nethandle{682010529805}  lp{{InterfaceName: wlan0 LinkAddresses: [ ] DnsAddresses: [ ] Domains: null MTU: 0 Routes: [ ]}}  nc{[ Transports: WIFI Capabilities: NOT_METERED&INTERNET&NOT_RESTRICTED&TRUSTED&NOT_VPN&NOT_ROAMING&FOREGROUND&NOT_CONGESTED&NOT_SUSPENDED LinkUpBandwidth>=72000Kbps LinkDnBandwidth>=72000Kbps OwnerUid: 1000 SSID: "MTBF_Lab" RequestorUid: -1 RequestorPackageName: null]}  Score{20}  everValidated{false}  lastValidated{false}  created{false} lingering{false} explicitlySelected{false} acceptUnvalidated{false} everCaptivePortalDetected{false} lastCaptivePortalDetected{false} partialConnectivity{false} acceptPartialConnectivity{false} clat{mBaseIface: null, mIface: null, mState: IDLE} }
11-20 07:09:47.428 D/QCNEJ/WlanStaInfoRelay( 1900): Received action: android.net.wifi.STATE_CHANGE
11-20 07:09:47.428 D/WifiConnector( 2841): Network State Changed
11-20 07:09:47.445 D/ConnectivityService( 1194): [158 WIFI] EVENT_NETWORK_INFO_CHANGED, going from UNKNOWN to UNKNOWN
11-20 07:09:47.450 D/QCNEJ/WlanStaInfoRelay( 1900): Received action: android.net.wifi.STATE_CHANGE
11-20 07:09:47.450 D/WifiConnector( 2841): Network State Changed
11-20 07:09:47.479 V/WifiHAL (  539): WifiVendorCommand 0xa063a000 created vendor_id:0x1374 subcmd:83
11-20 07:09:47.479 E/WifiHAL (  539): wifi_get_packet_filter_capabilities: requestResponse() error: -3
11-20 07:09:47.479 I/WifiHAL (  539): Packet filtering is not supprted
11-20 07:09:47.541 D/mcu_health_checker( 1118): Sent MCU Health Request
11-20 07:09:47.542 D/commandrouter( 1117): SocServiceHandle::onServiceMessage, SoC Service = mcu_healthcheck_1118, appType = 1, type = SVC_REQ, clientId = 0, token = 1842, payloadLen = 12, result = 0, payload.size() = 12
11-20 07:09:47.545 D/commandrouter( 1117): mcu_healthcheck_1118 (1, merlot:mcu_health:control): <ServiceResponse> FORWARDED (remote -> local) CR token ID = 1842, service client ID = 40, token ID = 33651, result = 0
11-20 07:09:47.546 D/mcu_health_checker( 1118): MCU Health Response: MCU_OK
11-20 07:09:47.546 D/mcu_health_checker( 1118): MCU Session 0, uptime = 55300419 ms
11-20 07:09:47.546 D/mculinkhealth( 1118): isMcuReachable 1 (4 ms)
11-20 07:09:47.592 D/QCNEJ/WlanStaInfoRelay( 1900): Received action: android.net.wifi.RSSI_CHANGED
11-20 07:09:47.592 D/WearableConnectivityManager( 2581): onWifiStrengthChange: -30
11-20 07:09:47.597 V/WifiHAL (  539): WifiVendorCommand 0xa07c1180 created vendor_id:0x1374 subcmd:82
11-20 07:09:47.597 V/WifiHAL (  539): ND offload : Enable
11-20 07:09:47.597 D/ConnectivityService( 1194): NetReassign [no changes]
11-20 07:09:47.624 E/QMI_FW  (  927): qmi_cci_get_ref: ref count increased 2
11-20 07:09:47.627 E/QMI_FW  (  927): qmi_cci_get_ref: ref count increased 2
11-20 07:09:47.632 E/Netd    (  459): no such netId 158
11-20 07:09:47.633 I/Nat464Xlat( 1194): Android Xlat is disabled
11-20 07:09:47.685 I/chatty  ( 1194): uid=1000 system_server expire 7 lines
11-20 07:09:47.731 E/Netd    (  459): no such netId 158
11-20 07:09:47.633 I/Nat464Xlat( 1194): Android Xlat is disabled
11-20 07:09:47.732 E/ConnectivityService( 1194): Exception in networkAddRouteParcel for non-gateway: android.os.ServiceSpecificException: Machine is not on the network (code 64)
11-20 07:09:47.732 D/QCNEJ/WlanStaInfoRelay( 1900): Received action: android.net.wifi.STATE_CHANGE
11-20 07:09:47.732 E/Netd    (  459): no such netId 158
11-20 07:09:47.733 E/ConnectivityService( 1194): Exception in networkAddRouteParcel for gateway: android.os.ServiceSpecificException: Machine is not on the network (code 64)
11-20 07:09:47.733 D/WifiConnector( 2841): Network State Changed
11-20 07:09:47.733 I/Nat464Xlat( 1194): Android Xlat is disabled
11-20 07:09:47.743 D/WifiConnector( 2841): Network State Changed
11-20 07:09:47.744 D/QCNEJ/WlanStaInfoRelay( 1900): Received action: android.net.wifi.STATE_CHANGE
11-20 07:09:47.745 D/WifiConnector( 2841): Configured Networks Changed
11-20 07:09:47.748 I/chatty  ( 1194): uid=1000(system) WifiHandlerThre expire 3 lines
11-20 07:09:47.766 I/chatty  ( 1194): uid=1000(system) pool-9-thread-1 expire 2 lines
11-20 07:09:47.814 E/QMI_FW  ( 1113): qmi_cci_get_ref: ref count increased 2
11-20 07:09:47.814 E/QMI_FW  ( 1113): qmi_cci_get_ref: ref count increased 2
11-20 07:09:47.815 E/QMI_FW  ( 1113): qmi_cci_get_ref: ref count increased 2
11-20 07:09:47.830 E/QMI_FW  (  927): qmi_cci_get_ref: ref count increased 2
11-20 07:09:47.733 I/Nat464Xlat( 1194): Android Xlat is disabled
11-20 07:09:47.874 D/ConnectivityService( 1194): Setting DNS servers for network 158 to [/192.168.1.1]
11-20 07:09:47.876 I/Nat464Xlat( 1194): Android Xlat is disabled
11-20 07:09:47.876 I/Nat464Xlat( 1194): Android Xlat is disabled
11-20 07:09:47.970 D/ConnectivityService( 1194): [158 WIFI] EVENT_NETWORK_INFO_CHANGED, going from UNKNOWN to CONNECTED
11-20 07:09:47.975 D/DnsManager( 1194): sendDnsConfigurationForNetwork(158, [192.168.1.1], [], 1800, 25, 8, 64, 0, 0, , [])
11-20 07:09:47.978 W/DnsManager( 1194): updatePrivateDns(158, PrivateDnsConfig{true:/[]})
11-20 07:09:47.978 D/ConnectivityService( 1194): Setting DNS servers for network 158 to [/192.168.1.1]
11-20 07:09:47.979 D/DnsManager( 1194): sendDnsConfigurationForNetwork(158, [192.168.1.1], [], 1800, 25, 8, 64, 0, 0, , [192.168.1.1])
11-20 07:09:47.832 E/QMI_FW  (  927): qmi_cci_get_ref: ref count increased 2
11-20 07:09:47.981 W/resolv  (  459): Validating DnsTlsServer on netId 158
11-20 07:09:47.982 D/ConnectivityService( 1194): Adding iface wlan0 to network 158
11-20 07:09:47.991 W/resolv  (  459): Validation failed
11-20 07:09:48.002 D/ConnectivityService( 1194): Setting DNS servers for network 158 to [/192.168.1.1]
11-20 07:09:48.002 D/DnsManager( 1194): sendDnsConfigurationForNetwork(158, [192.168.1.1], [], 1800, 25, 8, 64, 0, 0, , [192.168.1.1])
11-20 07:09:48.004 W/resolv  (  459): Validating DnsTlsServer on netId 158
11-20 07:09:48.004 I/Nat464Xlat( 1194): Android Xlat is disabled
11-20 07:09:48.026 W/resolv  (  459): SSL_connect ssl error =5, mark 0xf009e: Connection refused
11-20 07:09:48.027 W/resolv  (  459): Validation failed
11-20 07:09:48.005 I/Nat464Xlat( 1194): Android Xlat is disabled
11-20 07:09:48.092 D/ConnectivityService( 1194): NetReassign [no changes]
11-20 07:09:48.112 D/QCNEJ/WlanStaInfoRelay( 1900): network available: 158
11-20 07:09:48.131 D/QCNEJ/NativeHalConnector( 1900): -> SND notifyWifiAvailable(v4Connected = truev6Connected = , false, isAndroidValidated = false)
11-20 07:09:48.136 D/QCNEJ/NativeHalConnector( 1900): -> SND notifyWifiAvailable(v4Connected = truev6Connected = , false, isAndroidValidated = false)
11-20 07:09:48.169 I/chatty  ( 1194): uid=1000 system_server expire 2 lines
11-20 07:09:48.169 D/CompatibilityInfo( 1194): applicationScale - 1.0
11-20 07:09:48.178 D/NetworkMonitor/158( 1194): PROBE_DNS www.google.com 51ms OK 142.250.191.36
11-20 07:09:48.180 W/System  ( 1194): ClassLoader referenced unknown path: /system/framework/tcmclient.jar
11-20 07:09:48.190 D/NetworkMonitor/158( 1194): PROBE_DNS connectivitycheck.gstatic.com 62ms OK 142.250.191.67
11-20 07:09:48.229 D/NetworkMonitor/158( 1194): PROBE_HTTP http://connectivitycheck.gstatic.com/generate_204 time=37ms ret=204 request={Connection=[close], User-Agent=[Mozilla/5.0 (X11; Linux x86_64) AppleWebKit/537.36 (KHTML, like Gecko) Chrome/60.0.3112.32 Safari/537.36]} headers={null=[HTTP/1.1 204 No Content], Connection=[close], Content-Length=[0], Date=[Sat, 20 Nov 2021 15:09:50 GMT], X-Android-Received-Millis=[1637420988228], X-Android-Response-Source=[NETWORK 204], X-Android-Selected-Protocol=[http/1.1], X-Android-Sent-Millis=[1637420988219]}
11-20 07:09:48.263 D/NetworkMonitor/158( 1194): PROBE_HTTPS https://www.google.com/generate_204 time=79ms ret=204 request={Connection=[close], User-Agent=[Mozilla/5.0 (X11; Linux x86_64) AppleWebKit/537.36 (KHTML, like Gecko) Chrome/60.0.3112.32 Safari/537.36]} headers={null=[HTTP/1.1 204 No Content], Alt-Svc=[h3=":443"; ma=2592000,h3-29=":443"; ma=2592000,h3-Q050=":443"; ma=2592000,h3-Q046=":443"; ma=2592000,h3-Q043=":443"; ma=2592000,quic=":443"; ma=2592000; v="46,43"], Connection=[close], Content-Length=[0], Date=[Sat, 20 Nov 2021 15:09:50 GMT], X-Android-Received-Millis=[1637420988261], X-Android-Response-Source=[NETWORK 204], X-Android-Selected-Protocol=[http/1.1], X-Android-Sent-Millis=[1637420988239]}
11-20 07:09:48.264 D/NetworkMonitor/158( 1194): isCaptivePortal: isSuccessful()=true isPortal()=false RedirectUrl=null isPartialConnectivity()=false Time=167ms
11-20 07:09:48.271 D/ConnectivityService( 1194): [158 WIFI] validation passed
11-20 07:09:48.272 D/ConnectivityService( 1194): NetReassign [8 : 100 → 158, 20 : 100 → 158, 46 : 100 → 158, 45 : 100 → 158, 12 : 100 → 158, 22 : 100 → 158, 16 : 100 → 158, 14 : 100 → 158, 50 : 100 → 158, 990 : 100 → 158, 18 : 100 → 158, 993 : 100 → 158, 11 : 100 → 158, 1 : 100 → 158, 17 : 100 → 158, 995 : 100 → 158]
11-20 07:09:48.276 E/NetlinkEvent(  459): NetlinkEvent::FindParam(): Parameter 'INTERFACE' not found
11-20 07:09:48.276 E/NetlinkEvent(  459): NetlinkEvent::FindParam(): Parameter 'STATE' not found
11-20 07:09:48.277 E/NetlinkEvent(  459): NetlinkEvent::FindParam(): Parameter 'TIME_NS' not found
11-20 07:09:48.277 E/NetlinkEvent(  459): NetlinkEvent::FindParam(): Parameter 'UID' not found
11-20 07:09:48.292 D/ConnectivityService( 1194): Switching to new default network: NetworkAgentInfo{ ni{[type: WIFI[], state: CONNECTED/CONNECTED, reason: (unspecified), extra: , failover: false, available: true, roaming: false]}  network{158}  nethandle{682010529805}  lp{{InterfaceName: wlan0 LinkAddresses: [ 192.168.1.39/24 ] DnsAddresses: [ /192.168.1.1 ] Domains: null MTU: 0 ServerAddress: /192.168.1.1 TcpBufferSizes: 524288,1048576,2097152,262144,524288,1048576 Routes: [ fe80::/64 -> :: wlan0 mtu 0,192.168.1.0/24 -> 0.0.0.0 wlan0 mtu 0,0.0.0.0/0 -> 192.168.1.1 wlan0 mtu 0 ]}}  nc{[ Transports: WIFI Capabilities: NOT_METERED&INTERNET&NOT_RESTRICTED&TRUSTED&NOT_VPN&VALIDATED&NOT_ROAMING&FOREGROUND&NOT_CONGESTED&NOT_SUSPENDED LinkUpBandwidth>=68000Kbps LinkDnBandwidth>=68000Kbps SignalStrength: -30 OwnerUid: 1000 SSID: "MTBF_Lab" RequestorUid: -1 RequestorPackageName: null]}  Score{60}  everValidated{true}  lastValidated{true}  created{true} lingering{false} explicitlySelected{false} acceptUnvalidated{false} everCaptivePortalDetected{false} lastCaptivePortalDetected{false} partialConnectivity{false} acceptPartialConnectivity{false} clat{mBaseIface: null, mIface: null, mState: IDLE} }
11-20 07:09:48.377 D/AppStorageManager( 1194): BEFORE:: Previous Size: 997183488 Current Size: 996966400
11-20 07:09:48.377 D/AppStorageManager( 1194): AFTER:: Previous Size: 996966400 Current Size: 996966400
11-20 07:09:48.414 D/QCNEJ/DefaultNetworkInfoRelay( 1900): Default network available: 158
11-20 07:09:48.415 D/QCNEJ/NativeHalConnector( 1900): -> SND notifyDefaultNetworkChanged(1)
11-20 07:09:48.420 D/DeviceAuthService(22474): Network connected
11-20 07:09:48.421 D/DeviceAuthService(22474): fetchAuthTokenWrapper called
11-20 07:09:48.421 V/LigerRadioStatsReporter( 2384): onCapabilitiesChanged: Network capabilities changed
11-20 07:09:48.427 E/QMI_FW  (  927): qmi_cci_get_ref: ref count increased 2
11-20 07:09:48.428 D/NetworkTimeUpdateService( 1194): New default network 158; checking time.
11-20 07:09:48.430 E/QMI_FW  (  927): qmi_cci_get_ref: ref count increased 2
11-20 07:09:48.431 D/ConnectivityService( 1194): Lingering [100 CELLULAR] for 30000ms
11-20 07:09:48.433 D/ConnectivityService( 1194): Sending DISCONNECTED broadcast for type 0 [100 CELLULAR] isDefaultNetwork=true
11-20 07:09:48.436 D/ConnectivityService( 1194): Sending CONNECTED broadcast for type 1 [158 WIFI] isDefaultNetwork=true
11-20 07:09:48.438 I/GnssNetworkConnectivityHandler( 1194): updateNetworkState, state=CLOSED, connected=true, network=158, capabilities=[ Transports: WIFI Capabilities: NOT_METERED&INTERNET&NOT_RESTRICTED&TRUSTED&NOT_VPN&VALIDATED&NOT_ROAMING&FOREGROUND&NOT_CONGESTED&NOT_SUSPENDED LinkUpBandwidth>=68000Kbps LinkDnBandwidth>=68000Kbps SignalStrength: -30 OwnerUid: 1000 AdministratorUids: [] SSID: "MTBF_Lab" RequestorUid: -1 RequestorPackageName: null], apn: , availableNetworkCount: 2
11-20 07:09:48.439 I/chatty  (  523): uid=1021(gps) Loc_hal_worker expire 1 line
11-20 07:09:48.462 D/QCNEJ/WlanStaInfoRelay( 1900): AndroidValidate from false to true
11-20 07:09:48.468 D/DeviceAuthService(22474): isOculusAddressResolvable returned true
11-20 07:09:48.468 D/DeviceAuthenticator(22474): Fetching new credentials asynchronously
11-20 07:09:48.470 D/DeviceAuthenticator(22474): Calling DeviceAuth.authenticate()
11-20 07:09:48.475 D/QCNEJ/WlanStaInfoRelay( 1900): retrieveCountryCode:Location obtained from Telephony: us
11-20 07:09:48.475 D/ConnectivityService( 1194): Setting DNS servers for network 158 to [/192.168.1.1]
11-20 07:09:48.476 D/DnsManager( 1194): sendDnsConfigurationForNetwork(158, [192.168.1.1], [], 1800, 25, 8, 64, 0, 0, , [192.168.1.1])
11-20 07:09:48.476 E/DeviceCertService(  541): This device *might* have a provisioning issue. Please run `maui provision check` to verify.
11-20 07:09:48.476 E/DeviceCertService(  541): See https://fburl.com/wiki/a9hho0p9 for more information.
11-20 07:09:48.477 E/DeviceCertService(  541): Could not access certificate file '/mnt/vendor/persist/certificates/device_identityinsecure.crt', error 2: No such file or directory
11-20 07:09:48.477 E/DeviceAuthenticator(22474): ERROR: java.lang.RuntimeException: devicecert returned error FILESYSTEM_ERROR
11-20 07:09:48.477 E/DeviceAuthenticator(22474): 
11-20 07:09:48.477 E/DeviceAuthenticator(22474): com.facebook.mos.sdk.devicecert.DeviceIdentityException: java.lang.RuntimeException: devicecert returned error FILESYSTEM_ERROR
11-20 07:09:48.477 E/DeviceAuthenticator(22474): 
11-20 07:09:48.478 V/LigerRadioStatsReporter( 2384): onCapabilitiesChanged: Network capabilities changed
11-20 07:09:48.478 V/LigerRadioStatsReporter( 2384): reportAndCheckpointRadioStats
11-20 07:09:48.481 V/LigerRadioStatsReporter( 2384): +++++++++++ RADIO STATS DUMP +++++++++++
11-20 07:09:48.481 V/LigerRadioStatsReporter( 2384): totalActiveRadioTimeMs=0
11-20 07:09:48.481 V/LigerRadioStatsReporter( 2384): totalTailRadioTimeMs=13995
11-20 07:09:48.481 V/LigerRadioStatsReporter( 2384): totalWakeupCount=0
11-20 07:09:48.481 V/LigerRadioStatsReporter( 2384): httpUpBytes=0
11-20 07:09:48.481 V/LigerRadioStatsReporter( 2384): httpDownBytes=0
11-20 07:09:48.481 V/LigerRadioStatsReporter( 2384): httpWakeupCount=0
11-20 07:09:48.481 V/LigerRadioStatsReporter( 2384): httpRequestCount=0
11-20 07:09:48.481 V/LigerRadioStatsReporter( 2384): httpActiveRadioTimeMs=0
11-20 07:09:48.481 V/LigerRadioStatsReporter( 2384): httpTailRadioTimeMs=13995
11-20 07:09:48.481 V/LigerRadioStatsReporter( 2384): reportAndCheckpointRadioStats: Tx=0
11-20 07:09:48.481 V/LigerRadioStatsReporter( 2384): reportAndCheckpointRadioStats: Rx=0
11-20 07:09:48.481 V/LigerRadioStatsReporter( 2384): reportAndCheckpointRadioStats: Uids=10028
11-20 07:09:48.481 V/LigerRadioStatsReporter( 2384): reportAndCheckpointRadioStats: Tags=null
11-20 07:09:48.488 W/resolv  (  459): Validating DnsTlsServer on netId 158
11-20 07:09:48.499 E/QMI_FW  (  927): qmi_cci_get_ref: ref count increased 2
11-20 07:09:48.502 E/QMI_FW  (  927): qmi_cci_get_ref: ref count increased 2
11-20 07:09:48.506 W/resolv  (  459): SSL_connect ssl error =5, mark 0xf009e: Connection refused
11-20 07:09:48.507 W/resolv  (  459): Validation failed
11-20 07:09:48.509 D/WifiConnector( 2841): Configured Networks Changed
11-20 07:09:48.510 E/QMI_FW  ( 1113): qmi_cci_get_ref: ref count increased 2
11-20 07:09:48.512 E/QMI_FW  ( 1113): qmi_cci_get_ref: ref count increased 2
11-20 07:09:48.514 E/QMI_FW  ( 1113): qmi_cci_get_ref: ref count increased 2
11-20 07:09:48.517 E/QMI_FW  ( 1113): qmi_cci_get_ref: ref count increased 2
11-20 07:09:48.520 I/WifiClientModeImpl( 1194): Default Gateway MAC address of 6c:cd:d6:25:63:2a from routes is : 6c:cd:d6:25:63:2a
11-20 07:09:48.570 D/WifiConfigStore( 1194): Writing to stores completed in 48 ms.
11-20 07:09:48.575 D/WifiMemoryStoreImpl( 1194): Set cluster Gded792457511e862 for We4936d4057368143: SUCCESS
11-20 07:09:48.576 E/WifiClientModeImpl( 1194): getScanResults scanRes.BSSID = 6c:cd:d6:25:63:2a
11-20 07:09:48.576 I/WifiClientModeImpl( 1194): Current network: "MTBF_Lab"WPA_PSK
11-20 07:09:48.578 I/SupplicantStaIfaceHal( 1194): cleared linked networks
11-20 07:09:48.581 D/PhoneInterfaceManager( 1975): setModemActivityInfo
11-20 07:09:48.581 D/FbSideCarManager( 1975): setModemActivityInfo
11-20 07:09:48.581 D/FbSideCarManager( 1975): setModemActivityInfo
11-20 07:09:48.586 D/WirelessInsightServiceImpl( 1975): setModemActivityInfo
11-20 07:09:48.587 D/FbSideCarManager( 1975): setModemActivityInfoInternal success
11-20 07:09:48.587 D/PhoneInterfaceManager( 1975): setModemActivityInfo: success.
11-20 07:09:48.588 D/WirelessInsightServiceImpl( 1975): notifyListeners: listeners = 0, modemActivityInfo = ModemActivityInfo{ mTimestamp=55334844 mSleepTimeMs=35164663 mIdleTimeMs=309369 mTransmitPowerInfo[]=[TransmitPower{ mTimeInMillis=0 mPowerRangeInDbm={-2147483648,0}}, TransmitPower{ mTimeInMillis=34394 mPowerRangeInDbm={0,5}}, TransmitPower{ mTimeInMillis=525324 mPowerRangeInDbm={5,15}}, TransmitPower{ mTimeInMillis=25902 mPowerRangeInDbm={15,20}}, TransmitPower{ mTimeInMillis=827270 mPowerRangeInDbm={20,2147483647}}] mRxTimeMs=18413547}
11-20 07:09:48.612 I/m.android.phon( 1975): Background young concurrent copying GC freed 157263(16MB) AllocSpace objects, 57(1032KB) LOS objects, 74% free, 6084KB/23MB, paused 427us total 206.080ms
11-20 07:09:48.638 E/QMI_FW  ( 1113): qmi_cci_get_ref: ref count increased 2
11-20 07:09:48.645 E/QMI_FW  ( 1113): qmi_cci_get_ref: ref count increased 2
11-20 07:09:48.651 I/chatty  ( 1113): uid=1001(radio) main identical 6 lines
11-20 07:09:48.652 E/QMI_FW  ( 1113): qmi_cci_get_ref: ref count increased 2
11-20 07:09:48.654 E/QMI_FW  ( 1113): qmi_cci_get_ref: ref count increased 2
11-20 07:09:48.672 I/chatty  ( 1113): uid=1001(radio) main identical 6 lines
11-20 07:09:48.673 E/QMI_FW  ( 1113): qmi_cci_get_ref: ref count increased 2
11-20 07:09:49.144 I/system_server( 1194): Background concurrent copying GC freed 474814(18MB) AllocSpace objects, 171(5468KB) LOS objects, 36% free, 41MB/65MB, paused 226us total 550.438ms
11-20 07:09:49.273 I/Nat464Xlat( 1194): Android Xlat is disabled
11-20 07:09:49.274 D/QCNEJ/WlanStaInfoRelay( 1900): Received action: android.net.wifi.LINK_CONFIGURATION_CHANGED
11-20 07:09:49.274 E/QCNEJ/WlanStaInfoRelay( 1900): update link properties given null lp
11-20 07:09:49.340 D/QCNEJ/NativeHalConnector( 1900): -> SND notifyWifiAvailable(v4Connected = truev6Connected = , false, isAndroidValidated = true)
11-20 07:09:49.496 W/HWComposer(  577): Ignoring duplicate VSYNC event from HWC for display 0 (t=55335759808994)
11-20 07:09:49.273 I/Nat464Xlat( 1194): Android Xlat is disabled
11-20 07:09:49.780 D/commandrouter( 1117): rtc_sync (1, rtc:sync): <ServiceRequest> FORWARDED (remote -> local) service client ID = 0, token ID = 38297
11-20 07:09:49.780 D/vendor.facebook.rtc_sync@1.0-service( 1129): Request req_ts=1637392189770796612 resp_ts=1637392189780600046
11-20 07:09:49.780 D/commandrouter( 1117): SocServiceHandle::onServiceMessage, SoC Service = rtc_sync, appType = 1, type = SVC_RESP, clientId = 0, token = 38297, payloadLen = 8, result = 0, payload.size() = 8
11-20 07:09:50.673 D/WearableConnectivityManager( 2581): onWifiStrengthChange: -31
11-20 07:09:50.674 D/QCNEJ/WlanStaInfoRelay( 1900): Received action: android.net.wifi.RSSI_CHANGED
11-20 07:09:50.688 V/LigerRadioStatsReporter( 2384): onCapabilitiesChanged: Network capabilities changed
11-20 07:09:50.688 V/LigerRadioStatsReporter( 2384): reportAndCheckpointRadioStats
11-20 07:09:50.688 V/LigerRadioStatsReporter( 2384): +++++++++++ RADIO STATS DUMP +++++++++++
11-20 07:09:50.689 V/LigerRadioStatsReporter( 2384): totalActiveRadioTimeMs=0
11-20 07:09:50.689 V/LigerRadioStatsReporter( 2384): totalTailRadioTimeMs=13995
11-20 07:09:50.689 V/LigerRadioStatsReporter( 2384): totalWakeupCount=0
11-20 07:09:50.689 V/LigerRadioStatsReporter( 2384): httpUpBytes=0
11-20 07:09:50.689 V/LigerRadioStatsReporter( 2384): httpDownBytes=0
11-20 07:09:50.689 V/LigerRadioStatsReporter( 2384): httpWakeupCount=0
11-20 07:09:50.689 V/LigerRadioStatsReporter( 2384): httpRequestCount=0
11-20 07:09:50.689 V/LigerRadioStatsReporter( 2384): httpActiveRadioTimeMs=0
11-20 07:09:50.689 V/LigerRadioStatsReporter( 2384): httpTailRadioTimeMs=13995
11-20 07:09:50.689 V/LigerRadioStatsReporter( 2384): reportAndCheckpointRadioStats: Tx=0
11-20 07:09:50.689 V/LigerRadioStatsReporter( 2384): reportAndCheckpointRadioStats: Rx=0
11-20 07:09:50.689 V/LigerRadioStatsReporter( 2384): reportAndCheckpointRadioStats: Uids=10028
11-20 07:09:50.689 V/LigerRadioStatsReporter( 2384): reportAndCheckpointRadioStats: Tags=null
11-20 07:09:53.854 I/mcu_health_check_jni_handler( 1194): isMcuReachable
11-20 07:09:53.854 D/mcu_health_checker( 1194): Sent MCU Health Request
11-20 07:09:53.856 D/commandrouter( 1117): SocServiceHandle::onServiceMessage, SoC Service = mcu_healthcheck_1194, appType = 1, type = SVC_REQ, clientId = 0, token = 95, payloadLen = 12, result = 0, payload.size() = 12
11-20 07:09:53.859 D/commandrouter( 1117): mcu_healthcheck_1194 (1, merlot:mcu_health:control): <ServiceResponse> FORWARDED (remote -> local) CR token ID = 95, service client ID = 39, token ID = 33652, result = 0
11-20 07:09:53.860 D/mcu_health_checker( 1194): MCU Health Response: MCU_OK
11-20 07:09:53.860 D/mcu_health_checker( 1194): MCU Session 0, uptime = 55306731 ms
11-20 07:09:53.880 D/McuReachableCollector( 1194): call isMcuReachable, result true
11-20 07:09:53.881 D/CompatibilityInfo( 1194): mCompatibilityFlags - 4
11-20 07:09:53.881 D/CompatibilityInfo( 1194): applicationDensity - 320
11-20 07:09:53.881 D/CompatibilityInfo( 1194): applicationScale - 1.0
11-20 07:09:54.016 D/RadioActivityCollector( 1194): Logging RadioActivity data: fields={radio_bluetooth_tx_time_unplugged=0, radio_wifi_sleep_time_unplugged=497107, radio_bluetooth_idle_time_unplugged=0, radio_wifi_tx_time_unplugged=0, radio_bluetooth_energy_used_unplugged=0, radio_bluetooth_rx_time_unplugged=0, radio_wifi_rx_time_unplugged=0, radio_bluetooth_sleep_time_unplugged=599885, radio_wifi_idle_time_unplugged=102835, radio_wifi_energy_used_unplugged=0}, pid=null, uid=null, pids=null, uids=null
11-20 07:09:54.396 E/QMI_FW  ( 1113): qmi_cci_get_ref: ref count increased 2
11-20 07:09:54.396 E/QMI_FW  ( 1113): qmi_cci_get_ref: ref count increased 2
11-20 07:09:54.397 E/QMI_FW  ( 1113): qmi_cci_get_ref: ref count increased 2
