11-20 00:01:09.663 D/ConnectivityService( 1186): Switching to new default network: NetworkAgentInfo{ ni{[type: MOBILE[LTE], state: CONNECTED/CONNECTED, reason: (unspecified), extra: enhancedphone, failover: false, available: true, roaming: false]}  network{101}  nethandle{437197393933}  lp{{InterfaceName: rmnet_data2 LinkAddresses: [ 10.55.48.101/30,2600:381:4804:c4b6:8cdc:8f0b:afe1:ec6b/64 ] DnsAddresses: [ /172.26.38.2,/fc00:a:a::400 ] Domains: null MTU: 1430 TcpBufferSizes: 2097152,4194304,8388608,262144,524288,1048576 Routes: [ 0.0.0.0/0 -> 10.55.48.102 rmnet_data2 mtu 1430,::/0 -> fe80::9db2:334d:2872:1e0a rmnet_data2 mtu 1430,10.55.48.100/30 -> 0.0.0.0 rmnet_data2 mtu 0,2600:381:4804:c4b6::/64 -> :: rmnet_data2 mtu 0 ]}}  nc{[ Transports: CELLULAR Capabilities: MMS&SUPL&FOTA&INTERNET&NOT_RESTRICTED&TRUSTED&NOT_VPN&VALIDATED&NOT_ROAMING&NOT_CONGESTED&NOT_SUSPENDED LinkUpBandwidth>=15000Kbps LinkDnBandwidth>=30000Kbps Specifier: <TelephonyNetworkSpecifier [mSubId = 1]> AdministratorUids: [] RequestorUid: -1 RequestorPackageName: null]}  Score{50}  everValidated{true}  lastValidated{true}  created{true} lingering{false} explicitlySelected{false} acceptUnvalidated{false} everCaptivePortalDetected{false} lastCaptivePortalDetected{false} partialConnectivity{false} acceptPartialConnectivity{false} clat{mBaseIface: null, mIface: null, mState: IDLE} }
11-20 00:01:09.736 D/AnalyticsLogger( 1186): sent events: 13
11-20 00:01:09.855 D/ConnectivityService( 1186): Sending CONNECTED broadcast for type 0 [101 CELLULAR] isDefaultNetwork=true
11-20 00:01:09.906 D/commandrouter( 1006): SocServiceHandle::onServiceMessage, SoC Service = mcu_healthcheck_1029, appType = 1, type = SVC_REQ, clientId = 0, token = 983, payloadLen = 12, result = 0, payload.size() = 12
11-20 00:01:09.910 D/commandrouter( 1006): mcu_healthcheck_1029 (1, merlot:mcu_health:control): <ServiceResponse> FORWARDED (remote -> local) CR token ID = 983, service client ID = 40, token ID = 15681, result = 0
11-20 00:01:09.910 D/mculinkhealth( 1029): isMcuReachable 1 (4 ms)
11-20 00:01:11.284 D/AppStorageManager( 1186): BEFORE:: Previous Size: 1035784192 Current Size: 1035464704
11-20 00:01:11.285 D/AppStorageManager( 1186): AFTER:: Previous Size: 1035464704 Current Size: 1035464704
11-20 00:01:12.468 D/commandrouter( 1006): rtc_sync (1, rtc:sync): <ServiceRequest> FORWARDED (remote -> local) service client ID = 0, token ID = 35719
11-20 00:01:12.468 D/commandrouter( 1006): SocServiceHandle::onServiceMessage, SoC Service = rtc_sync, appType = 1, type = SVC_RESP, clientId = 0, token = 35719, payloadLen = 8, result = 0, payload.size() = 8
11-20 00:01:13.750 D/AutofillManagerService( 1186): onBackKeyPressed()
11-20 00:01:16.622 I/chatty  ( 1186): uid=1000(system) android.ui identical 3 lines
11-20 00:01:17.636 D/AutofillManagerService( 1186): onBackKeyPressed()
11-20 00:01:18.280 E/TaskPersister( 1186): File error accessing recents directory (directory doesn't exist?).
11-20 00:01:18.633 D/AutofillManagerService( 1186): onBackKeyPressed()
11-20 00:01:19.626 I/chatty  ( 1186): uid=1000(system) android.ui identical 1 line
11-20 00:01:20.623 D/AutofillManagerService( 1186): onBackKeyPressed()
11-20 00:01:21.173 W/ActivityManager( 1186): Invalid packageName: com.facebook.wearable.system.settings/com.facebook.wearable.system.settings.SettingsActivity
11-20 00:01:21.310 I/ActivityTaskManager( 1186): START u0 {flg=0x10000000 cmp=com.facebook.wearable.system.settings/.SettingsActivity} from uid 0
11-20 00:01:21.340 I/ActivityTaskManager( 1186): The Process com.facebook.wearable.system.settings Already Exists in BG. So sending its PID: 11360
11-20 00:01:21.340 W/ActivityTaskManager( 1186): Tried to set launchTime (0) < mLastActivityLaunchTime (29549069)
11-20 00:01:22.468 D/commandrouter( 1006): rtc_sync (1, rtc:sync): <ServiceRequest> FORWARDED (remote -> local) service client ID = 0, token ID = 35720
11-20 00:01:22.469 D/commandrouter( 1006): SocServiceHandle::onServiceMessage, SoC Service = rtc_sync, appType = 1, type = SVC_RESP, clientId = 0, token = 35720, payloadLen = 8, result = 0, payload.size() = 8
11-20 00:01:24.909 E/TaskPersister( 1186): File error accessing recents directory (directory doesn't exist?).
11-20 00:01:27.965 W/ContextImpl( 1186): Calling a method in the system process without a qualified user: android.app.ContextImpl.sendBroadcastMultiplePermissions:1143 android.content.Context.sendBroadcastWithMultiplePermissions:2150 com.android.server.display.WifiDisplayAdapter.handleSendStatusChangeBroadcast:440 com.android.server.display.WifiDisplayAdapter.access$1700:63 com.android.server.display.WifiDisplayAdapter$WifiDisplayHandler.handleMessage:675 
11-20 00:01:29.109 W/ContextImpl( 1186): Calling a method in the system process without a qualified user: android.app.ContextImpl.sendBroadcastMultiplePermissions:1143 android.content.Context.sendBroadcastWithMultiplePermissions:2150 com.android.server.wifi.p2p.WifiP2pServiceImpl$P2pStateMachine.sendBroadcastMultiplePermissions:3209 com.android.server.wifi.p2p.WifiP2pServiceImpl$P2pStateMachine.sendP2pConnectionChangedBroadcast:3236 com.android.server.wifi.p2p.WifiP2pServiceImpl$P2pStateMachine.access$5100:768 
11-20 00:01:29.111 W/BroadcastQueue( 1186): Permission Denial: receiving Intent { act=android.net.wifi.p2p.CONNECTION_STATE_CHANGE flg=0x24000010 (has extras) } to ProcessRecord{688c834 1907:.qtidataservices/u0a88} (pid=1907, uid=10088) requires android.permission.ACCESS_FINE_LOCATION due to sender android (uid 1000)
11-20 00:01:29.169 W/wificond(  911): Scan is not started. Ignore abort request
11-20 00:01:29.178 W/ContextImpl( 1186): Calling a method in the system process without a qualified user: android.app.ContextImpl.sendBroadcastMultiplePermissions:1143 android.content.Context.sendBroadcastWithMultiplePermissions:2150 com.android.server.wifi.p2p.WifiP2pServiceImpl$P2pStateMachine.sendBroadcastMultiplePermissions:3209 com.android.server.wifi.p2p.WifiP2pServiceImpl$P2pStateMachine.sendThisDeviceChangedBroadcast:3218 com.android.server.wifi.p2p.WifiP2pServiceImpl$P2pStateMachine.updateThisDevice:3962 
11-20 00:01:29.580 D/ConnectivityService( 1186): registerNetworkAgent NetworkAgentInfo{ ni{[type: WIFI[], state: UNKNOWN/IDLE, reason: (unspecified), extra: , failover: false, available: true, roaming: false]}  network{138}  nethandle{596111183885}  lp{{InterfaceName: wlan0 LinkAddresses: [ ] DnsAddresses: [ ] Domains: null MTU: 0 Routes: [ ]}}  nc{[ Transports: WIFI Capabilities: NOT_METERED&INTERNET&NOT_RESTRICTED&TRUSTED&NOT_VPN&NOT_ROAMING&FOREGROUND&NOT_CONGESTED&NOT_SUSPENDED LinkUpBandwidth>=72000Kbps LinkDnBandwidth>=72000Kbps OwnerUid: 1000 SSID: "MTBF_Lab" RequestorUid: -1 RequestorPackageName: null]}  Score{20}  everValidated{false}  lastValidated{false}  created{false} lingering{false} explicitlySelected{false} acceptUnvalidated{false} everCaptivePortalDetected{false} lastCaptivePortalDetected{false} partialConnectivity{false} acceptPartialConnectivity{false} clat{mBaseIface: null, mIface: null, mState: IDLE} }
11-20 00:01:29.622 D/ConnectivityService( 1186): [138 WIFI] EVENT_NETWORK_INFO_CHANGED, going from UNKNOWN to UNKNOWN
11-20 00:01:29.801 D/ConnectivityService( 1186): NetReassign [no changes]
11-20 00:01:29.834 I/Nat464Xlat( 1186): Android Xlat is disabled
11-20 00:01:29.837 I/Nat464Xlat( 1186): Android Xlat is disabled
11-20 00:01:29.952 E/ConnectivityService( 1186): Exception in networkAddRouteParcel for non-gateway: android.os.ServiceSpecificException: Machine is not on the network (code 64)
11-20 00:01:29.953 E/ConnectivityService( 1186): Exception in networkAddRouteParcel for gateway: android.os.ServiceSpecificException: Machine is not on the network (code 64)
11-20 00:01:29.953 I/Nat464Xlat( 1186): Android Xlat is disabled
11-20 00:01:29.953 I/Nat464Xlat( 1186): Android Xlat is disabled
11-20 00:01:30.088 D/ConnectivityService( 1186): Setting DNS servers for network 138 to [/192.168.1.1]
11-20 00:01:30.090 I/Nat464Xlat( 1186): Android Xlat is disabled
11-20 00:01:30.090 I/Nat464Xlat( 1186): Android Xlat is disabled
11-20 00:01:30.190 D/ConnectivityService( 1186): [138 WIFI] EVENT_NETWORK_INFO_CHANGED, going from UNKNOWN to CONNECTED
11-20 00:01:30.216 D/DnsManager( 1186): sendDnsConfigurationForNetwork(138, [192.168.1.1], [], 1800, 25, 8, 64, 0, 0, , [])
11-20 00:01:30.220 W/DnsManager( 1186): updatePrivateDns(138, PrivateDnsConfig{true:/[]})
11-20 00:01:30.220 D/ConnectivityService( 1186): Setting DNS servers for network 138 to [/192.168.1.1]
11-20 00:01:30.221 D/DnsManager( 1186): sendDnsConfigurationForNetwork(138, [192.168.1.1], [], 1800, 25, 8, 64, 0, 0, , [192.168.1.1])
11-20 00:01:30.223 D/ConnectivityService( 1186): Adding iface wlan0 to network 138
11-20 00:01:30.239 D/ConnectivityService( 1186): Setting DNS servers for network 138 to [/192.168.1.1]
11-20 00:01:30.240 D/DnsManager( 1186): sendDnsConfigurationForNetwork(138, [192.168.1.1], [], 1800, 25, 8, 64, 0, 0, , [192.168.1.1])
11-20 00:01:30.242 I/Nat464Xlat( 1186): Android Xlat is disabled
11-20 00:01:30.242 I/Nat464Xlat( 1186): Android Xlat is disabled
11-20 00:01:30.295 D/ConnectivityService( 1186): NetReassign [no changes]
11-20 00:01:30.514 D/ConnectivityService( 1186): [138 WIFI] validation passed
11-20 00:01:30.515 D/ConnectivityService( 1186): NetReassign [44 : 101 → 138, 11 : 101 → 138, 63 : 101 → 138, 17 : 101 → 138, 25 : 101 → 138, 1 : 101 → 138, 649 : 101 → 138, 643 : 101 → 138, 8 : 101 → 138, 12 : 101 → 138, 14 : 101 → 138, 16 : 101 → 138, 22 : 101 → 138, 32 : 101 → 138]
11-20 00:01:30.521 E/NetlinkEvent(  462): NetlinkEvent::FindParam(): Parameter 'INTERFACE' not found
11-20 00:01:30.521 E/NetlinkEvent(  462): NetlinkEvent::FindParam(): Parameter 'STATE' not found
11-20 00:01:30.522 E/NetlinkEvent(  462): NetlinkEvent::FindParam(): Parameter 'TIME_NS' not found
11-20 00:01:30.522 E/NetlinkEvent(  462): NetlinkEvent::FindParam(): Parameter 'UID' not found
11-20 00:01:30.539 D/ConnectivityService( 1186): Switching to new default network: NetworkAgentInfo{ ni{[type: WIFI[], state: CONNECTED/CONNECTED, reason: (unspecified), extra: , failover: false, available: true, roaming: false]}  network{138}  nethandle{596111183885}  lp{{InterfaceName: wlan0 LinkAddresses: [ 192.168.1.41/24 ] DnsAddresses: [ /192.168.1.1 ] Domains: null MTU: 0 ServerAddress: /192.168.1.1 TcpBufferSizes: 524288,1048576,2097152,262144,524288,1048576 Routes: [ fe80::/64 -> :: wlan0 mtu 0,192.168.1.0/24 -> 0.0.0.0 wlan0 mtu 0,0.0.0.0/0 -> 192.168.1.1 wlan0 mtu 0 ]}}  nc{[ Transports: WIFI Capabilities: NOT_METERED&INTERNET&NOT_RESTRICTED&TRUSTED&NOT_VPN&VALIDATED&NOT_ROAMING&FOREGROUND&NOT_CONGESTED&NOT_SUSPENDED LinkUpBandwidth>=62000Kbps LinkDnBandwidth>=62000Kbps SignalStrength: -31 OwnerUid: 1000 SSID: "MTBF_Lab" RequestorUid: -1 RequestorPackageName: null]}  Score{60}  everValidated{true}  lastValidated{true}  created{true} lingering{false} explicitlySelected{false} acceptUnvalidated{false} everCaptivePortalDetected{false} lastCaptivePortalDetected{false} partialConnectivity{false} acceptPartialConnectivity{false} clat{mBaseIface: null, mIface: null, mState: IDLE} }
11-20 00:01:30.680 D/ConnectivityService( 1186): Lingering [101 CELLULAR] for 30000ms
11-20 00:01:30.682 D/ConnectivityService( 1186): Sending DISCONNECTED broadcast for type 0 [101 CELLULAR] isDefaultNetwork=true
11-20 00:01:30.684 D/ConnectivityService( 1186): Sending CONNECTED broadcast for type 1 [138 WIFI] isDefaultNetwork=true
11-20 00:01:30.705 D/ConnectivityService( 1186): Setting DNS servers for network 138 to [/192.168.1.1]
11-20 00:01:30.706 D/DnsManager( 1186): sendDnsConfigurationForNetwork(138, [192.168.1.1], [], 1800, 25, 8, 64, 0, 0, , [192.168.1.1])
11-20 00:01:31.400 I/Nat464Xlat( 1186): Android Xlat is disabled
11-20 00:01:31.400 I/Nat464Xlat( 1186): Android Xlat is disabled
11-20 00:01:32.475 D/commandrouter( 1006): rtc_sync (1, rtc:sync): <ServiceRequest> FORWARDED (remote -> local) service client ID = 0, token ID = 35721
11-20 00:01:32.476 D/commandrouter( 1006): SocServiceHandle::onServiceMessage, SoC Service = rtc_sync, appType = 1, type = SVC_RESP, clientId = 0, token = 35721, payloadLen = 8, result = 0, payload.size() = 8
11-20 00:01:39.911 D/commandrouter( 1006): SocServiceHandle::onServiceMessage, SoC Service = mcu_healthcheck_1029, appType = 1, type = SVC_REQ, clientId = 0, token = 984, payloadLen = 12, result = 0, payload.size() = 12
11-20 00:01:39.915 D/commandrouter( 1006): mcu_healthcheck_1029 (1, merlot:mcu_health:control): <ServiceResponse> FORWARDED (remote -> local) CR token ID = 984, service client ID = 40, token ID = 15682, result = 0
11-20 00:01:39.915 D/mculinkhealth( 1029): isMcuReachable 1 (4 ms)
11-20 00:01:42.473 D/commandrouter( 1006): rtc_sync (1, rtc:sync): <ServiceRequest> FORWARDED (remote -> local) service client ID = 0, token ID = 35722
11-20 00:01:42.474 D/commandrouter( 1006): SocServiceHandle::onServiceMessage, SoC Service = rtc_sync, appType = 1, type = SVC_RESP, clientId = 0, token = 35722, payloadLen = 8, result = 0, payload.size() = 8
11-20 00:01:49.339 D/AutofillManagerService( 1186): onBackKeyPressed()
11-20 00:01:50.401 I/chatty  ( 1186): uid=1000(system) android.ui identical 2 lines
11-20 00:01:51.616 D/AutofillManagerService( 1186): onBackKeyPressed()
11-20 00:01:52.151 W/ActivityManager( 1186): Invalid packageName: com.facebook.wearable.system.settings/com.facebook.wearable.system.settings.SettingsActivity
11-20 00:01:52.275 I/ActivityTaskManager( 1186): START u0 {flg=0x10000000 cmp=com.facebook.wearable.system.settings/.SettingsActivity} from uid 0
11-20 00:01:52.293 I/ActivityTaskManager( 1186): The Process com.facebook.wearable.system.settings Already Exists in BG. So sending its PID: 11360
11-20 00:01:52.294 W/ActivityTaskManager( 1186): Tried to set launchTime (0) < mLastActivityLaunchTime (29569068)
11-20 00:01:52.460 D/commandrouter( 1006): rtc_sync (1, rtc:sync): <ServiceRequest> FORWARDED (remote -> local) service client ID = 0, token ID = 35723
11-20 00:01:52.461 D/commandrouter( 1006): SocServiceHandle::onServiceMessage, SoC Service = rtc_sync, appType = 1, type = SVC_RESP, clientId = 0, token = 35723, payloadLen = 8, result = 0, payload.size() = 8
11-20 00:01:54.976 E/TaskPersister( 1186): File error accessing recents directory (directory doesn't exist?).
11-20 00:01:59.822 W/ContextImpl( 1186): Calling a method in the system process without a qualified user: android.app.ContextImpl.sendBroadcastMultiplePermissions:1143 android.content.Context.sendBroadcastWithMultiplePermissions:2150 com.android.server.display.WifiDisplayAdapter.handleSendStatusChangeBroadcast:440 com.android.server.display.WifiDisplayAdapter.access$1700:63 com.android.server.display.WifiDisplayAdapter$WifiDisplayHandler.handleMessage:675 
11-20 00:02:00.305 D/ConnectivityService( 1186): [138 WIFI] EVENT_NETWORK_INFO_CHANGED, going from CONNECTED to DISCONNECTED
11-20 00:02:00.305 D/ConnectivityService( 1186): [138 WIFI] disconnected, was satisfying 25
11-20 00:02:00.380 I/Nat464Xlat( 1186): Android Xlat is disabled
11-20 00:02:00.380 I/Nat464Xlat( 1186): Android Xlat is disabled
11-20 00:02:00.400 D/ConnectivityService( 1186): Sending DISCONNECTED broadcast for type 1 [138 WIFI] isDefaultNetwork=true
11-20 00:02:00.427 D/ConnectivityService( 1186): NetReassign [44 : null → 101, 11 : null → 101, 63 : null → 101, 17 : null → 101, 25 : null → 101, 1 : null → 101, 649 : null → 101, 643 : null → 101, 8 : null → 101, 12 : null → 101, 14 : null → 101, 16 : null → 101, 22 : null → 101, 32 : null → 101]
11-20 00:02:00.432 E/NetlinkEvent(  462): NetlinkEvent::FindParam(): Parameter 'INTERFACE' not found
11-20 00:02:00.432 E/NetlinkEvent(  462): NetlinkEvent::FindParam(): Parameter 'STATE' not found
11-20 00:02:00.432 E/NetlinkEvent(  462): NetlinkEvent::FindParam(): Parameter 'TIME_NS' not found
11-20 00:02:00.432 E/NetlinkEvent(  462): NetlinkEvent::FindParam(): Parameter 'UID' not found
11-20 00:02:00.460 D/ConnectivityService( 1186): Switching to new default network: NetworkAgentInfo{ ni{[type: MOBILE[LTE], state: CONNECTED/CONNECTED, reason: (unspecified), extra: enhancedphone, failover: false, available: true, roaming: false]}  network{101}  nethandle{437197393933}  lp{{InterfaceName: rmnet_data2 LinkAddresses: [ 10.55.48.101/30,2600:381:4804:c4b6:8cdc:8f0b:afe1:ec6b/64 ] DnsAddresses: [ /172.26.38.2,/fc00:a:a::400 ] Domains: null MTU: 1430 TcpBufferSizes: 2097152,4194304,8388608,262144,524288,1048576 Routes: [ 0.0.0.0/0 -> 10.55.48.102 rmnet_data2 mtu 1430,::/0 -> fe80::9db2:334d:2872:1e0a rmnet_data2 mtu 1430,10.55.48.100/30 -> 0.0.0.0 rmnet_data2 mtu 0,2600:381:4804:c4b6::/64 -> :: rmnet_data2 mtu 0 ]}}  nc{[ Transports: CELLULAR Capabilities: MMS&SUPL&FOTA&INTERNET&NOT_RESTRICTED&TRUSTED&NOT_VPN&VALIDATED&NOT_ROAMING&FOREGROUND&NOT_CONGESTED&NOT_SUSPENDED LinkUpBandwidth>=15000Kbps LinkDnBandwidth>=30000Kbps Specifier: <TelephonyNetworkSpecifier [mSubId = 1]> AdministratorUids: [] RequestorUid: -1 RequestorPackageName: null]}  Score{50}  everValidated{true}  lastValidated{true}  created{true} lingering{true} explicitlySelected{false} acceptUnvalidated{false} everCaptivePortalDetected{false} lastCaptivePortalDetected{false} partialConnectivity{false} acceptPartialConnectivity{false} clat{mBaseIface: null, mIface: null, mState: IDLE} }
11-20 00:02:00.595 D/ConnectivityService( 1186): Unlingering [101 CELLULAR]
11-20 00:02:00.595 D/ConnectivityService( 1186): Sending CONNECTED broadcast for type 0 [101 CELLULAR] isDefaultNetwork=true
11-20 00:02:02.452 D/commandrouter( 1006): rtc_sync (1, rtc:sync): <ServiceRequest> FORWARDED (remote -> local) service client ID = 0, token ID = 35724
11-20 00:02:02.453 D/commandrouter( 1006): SocServiceHandle::onServiceMessage, SoC Service = rtc_sync, appType = 1, type = SVC_RESP, clientId = 0, token = 35724, payloadLen = 8, result = 0, payload.size() = 8
11-20 00:02:04.576 D/AutofillManagerService( 1186): onBackKeyPressed()
11-20 00:02:05.102 I/chatty  ( 1186): uid=1000(system) android.ui identical 1 line
11-20 00:02:05.632 D/AutofillManagerService( 1186): onBackKeyPressed()
11-20 00:02:06.765 D/commandrouter( 1006): SocServiceHandle::onServiceMessage, SoC Service = mcu_healthcheck_934, appType = 1, type = SVC_REQ, clientId = 0, token = 492, payloadLen = 20, result = 0, payload.size() = 20
11-20 00:02:06.768 D/commandrouter( 1006): mcu_healthcheck_934 (1, merlot:mcu_health:control): <ServiceResponse> FORWARDED (remote -> local) CR token ID = 492, service client ID = 5, token ID = 15683, result = 0
11-20 00:02:06.857 D/AutofillManagerService( 1186): onBackKeyPressed()
11-20 00:02:07.615 I/chatty  ( 1186): uid=1000(system) android.ui identical 1 line
11-20 00:02:08.630 D/AutofillManagerService( 1186): onBackKeyPressed()
11-20 00:02:09.104 E/TaskPersister( 1186): File error accessing recents directory (directory doesn't exist?).
11-20 00:02:09.877 D/AutofillManagerService( 1186): onBackKeyPressed()
11-20 00:02:09.916 D/commandrouter( 1006): SocServiceHandle::onServiceMessage, SoC Service = mcu_healthcheck_1029, appType = 1, type = SVC_REQ, clientId = 0, token = 985, payloadLen = 12, result = 0, payload.size() = 12
11-20 00:02:09.920 D/commandrouter( 1006): mcu_healthcheck_1029 (1, merlot:mcu_health:control): <ServiceResponse> FORWARDED (remote -> local) CR token ID = 985, service client ID = 40, token ID = 15684, result = 0
11-20 00:02:09.920 D/mculinkhealth( 1029): isMcuReachable 1 (4 ms)
11-20 00:02:10.617 D/AutofillManagerService( 1186): onBackKeyPressed()
11-20 00:02:11.151 W/ActivityManager( 1186): Invalid packageName: com.facebook.wearable.system.settings/com.facebook.wearable.system.settings.SettingsActivity
11-20 00:02:11.275 I/ActivityTaskManager( 1186): START u0 {flg=0x10000000 cmp=com.facebook.wearable.system.settings/.SettingsActivity} from uid 0
11-20 00:02:11.295 I/ActivityTaskManager( 1186): The Process com.facebook.wearable.system.settings Already Exists in BG. So sending its PID: 11360
11-20 00:02:11.296 W/ActivityTaskManager( 1186): Tried to set launchTime (0) < mLastActivityLaunchTime (29600021)
11-20 00:02:11.386 D/AppStorageManager( 1186): BEFORE:: Previous Size: 1035464704 Current Size: 1035649024
11-20 00:02:11.386 D/AppStorageManager( 1186): AFTER:: Previous Size: 1035649024 Current Size: 1035649024
11-20 00:02:12.443 D/commandrouter( 1006): rtc_sync (1, rtc:sync): <ServiceRequest> FORWARDED (remote -> local) service client ID = 0, token ID = 35725
11-20 00:02:12.444 D/commandrouter( 1006): SocServiceHandle::onServiceMessage, SoC Service = rtc_sync, appType = 1, type = SVC_RESP, clientId = 0, token = 35725, payloadLen = 8, result = 0, payload.size() = 8
11-20 00:02:14.924 D/AnalyticsLogger( 1186): sent events: 13
11-20 00:02:15.395 E/TaskPersister( 1186): File error accessing recents directory (directory doesn't exist?).
11-20 00:02:17.833 W/ContextImpl( 1186): Calling a method in the system process without a qualified user: android.app.ContextImpl.sendBroadcastMultiplePermissions:1143 android.content.Context.sendBroadcastWithMultiplePermissions:2150 com.android.server.display.WifiDisplayAdapter.handleSendStatusChangeBroadcast:440 com.android.server.display.WifiDisplayAdapter.access$1700:63 com.android.server.display.WifiDisplayAdapter$WifiDisplayHandler.handleMessage:675 
11-20 00:02:18.845 W/ContextImpl( 1186): Calling a method in the system process without a qualified user: android.app.ContextImpl.sendBroadcastMultiplePermissions:1143 android.content.Context.sendBroadcastWithMultiplePermissions:2150 com.android.server.wifi.p2p.WifiP2pServiceImpl$P2pStateMachine.sendBroadcastMultiplePermissions:3209 com.android.server.wifi.p2p.WifiP2pServiceImpl$P2pStateMachine.sendP2pConnectionChangedBroadcast:3236 com.android.server.wifi.p2p.WifiP2pServiceImpl$P2pStateMachine.access$5100:768 
11-20 00:02:18.846 W/BroadcastQueue( 1186): Permission Denial: receiving Intent { act=android.net.wifi.p2p.CONNECTION_STATE_CHANGE flg=0x24000010 (has extras) } to ProcessRecord{688c834 1907:.qtidataservices/u0a88} (pid=1907, uid=10088) requires android.permission.ACCESS_FINE_LOCATION due to sender android (uid 1000)
11-20 00:02:18.851 W/ContextImpl( 1186): Calling a method in the system process without a qualified user: android.app.ContextImpl.sendBroadcastMultiplePermissions:1143 android.content.Context.sendBroadcastWithMultiplePermissions:2150 com.android.server.wifi.p2p.WifiP2pServiceImpl$P2pStateMachine.sendBroadcastMultiplePermissions:3209 com.android.server.wifi.p2p.WifiP2pServiceImpl$P2pStateMachine.sendThisDeviceChangedBroadcast:3218 com.android.server.wifi.p2p.WifiP2pServiceImpl$P2pStateMachine.updateThisDevice:3962 
11-20 00:02:19.002 W/wificond(  911): Scan is not started. Ignore abort request
11-20 00:02:19.365 D/ConnectivityService( 1186): registerNetworkAgent NetworkAgentInfo{ ni{[type: WIFI[], state: UNKNOWN/IDLE, reason: (unspecified), extra: , failover: false, available: true, roaming: false]}  network{139}  nethandle{600406151181}  lp{{InterfaceName: wlan0 LinkAddresses: [ ] DnsAddresses: [ ] Domains: null MTU: 0 Routes: [ ]}}  nc{[ Transports: WIFI Capabilities: NOT_METERED&INTERNET&NOT_RESTRICTED&TRUSTED&NOT_VPN&NOT_ROAMING&FOREGROUND&NOT_CONGESTED&NOT_SUSPENDED LinkUpBandwidth>=72000Kbps LinkDnBandwidth>=72000Kbps OwnerUid: 1000 SSID: "MTBF_Lab" RequestorUid: -1 RequestorPackageName: null]}  Score{20}  everValidated{false}  lastValidated{false}  created{false} lingering{false} explicitlySelected{false} acceptUnvalidated{false} everCaptivePortalDetected{false} lastCaptivePortalDetected{false} partialConnectivity{false} acceptPartialConnectivity{false} clat{mBaseIface: null, mIface: null, mState: IDLE} }
11-20 00:02:19.385 D/ConnectivityService( 1186): [139 WIFI] EVENT_NETWORK_INFO_CHANGED, going from UNKNOWN to UNKNOWN
11-20 00:02:19.542 D/ConnectivityService( 1186): NetReassign [no changes]
11-20 00:02:19.574 I/Nat464Xlat( 1186): Android Xlat is disabled
11-20 00:02:19.575 I/Nat464Xlat( 1186): Android Xlat is disabled
11-20 00:02:19.701 E/ConnectivityService( 1186): Exception in networkAddRouteParcel for non-gateway: android.os.ServiceSpecificException: Machine is not on the network (code 64)
11-20 00:02:19.702 E/ConnectivityService( 1186): Exception in networkAddRouteParcel for gateway: android.os.ServiceSpecificException: Machine is not on the network (code 64)
11-20 00:02:19.703 I/Nat464Xlat( 1186): Android Xlat is disabled
11-20 00:02:19.703 I/Nat464Xlat( 1186): Android Xlat is disabled
11-20 00:02:19.774 D/ConnectivityService( 1186): Setting DNS servers for network 139 to [/192.168.1.1]
11-20 00:02:19.775 I/Nat464Xlat( 1186): Android Xlat is disabled
11-20 00:02:19.775 I/Nat464Xlat( 1186): Android Xlat is disabled
11-20 00:02:19.872 D/ConnectivityService( 1186): [139 WIFI] EVENT_NETWORK_INFO_CHANGED, going from UNKNOWN to CONNECTED
11-20 00:02:19.876 D/DnsManager( 1186): sendDnsConfigurationForNetwork(139, [192.168.1.1], [], 1800, 25, 8, 64, 0, 0, , [])
11-20 00:02:19.877 W/DnsManager( 1186): updatePrivateDns(139, PrivateDnsConfig{true:/[]})
11-20 00:02:19.877 D/ConnectivityService( 1186): Setting DNS servers for network 139 to [/192.168.1.1]
11-20 00:02:19.878 D/DnsManager( 1186): sendDnsConfigurationForNetwork(139, [192.168.1.1], [], 1800, 25, 8, 64, 0, 0, , [192.168.1.1])
11-20 00:02:19.891 D/ConnectivityService( 1186): Adding iface wlan0 to network 139
11-20 00:02:19.938 D/ConnectivityService( 1186): Setting DNS servers for network 139 to [/192.168.1.1]
11-20 00:02:19.938 D/DnsManager( 1186): sendDnsConfigurationForNetwork(139, [192.168.1.1], [], 1800, 25, 8, 64, 0, 0, , [192.168.1.1])
11-20 00:02:19.940 I/Nat464Xlat( 1186): Android Xlat is disabled
11-20 00:02:19.940 I/Nat464Xlat( 1186): Android Xlat is disabled
11-20 00:02:20.015 D/ConnectivityService( 1186): NetReassign [no changes]
11-20 00:02:20.209 D/ConnectivityService( 1186): [139 WIFI] validation passed
11-20 00:02:20.211 D/ConnectivityService( 1186): NetReassign [44 : 101 → 139, 11 : 101 → 139, 63 : 101 → 139, 17 : 101 → 139, 25 : 101 → 139, 1 : 101 → 139, 649 : 101 → 139, 643 : 101 → 139, 8 : 101 → 139, 12 : 101 → 139, 14 : 101 → 139, 16 : 101 → 139, 22 : 101 → 139, 32 : 101 → 139]
11-20 00:02:20.216 E/NetlinkEvent(  462): NetlinkEvent::FindParam(): Parameter 'INTERFACE' not found
11-20 00:02:20.216 E/NetlinkEvent(  462): NetlinkEvent::FindParam(): Parameter 'STATE' not found
11-20 00:02:20.216 E/NetlinkEvent(  462): NetlinkEvent::FindParam(): Parameter 'TIME_NS' not found
11-20 00:02:20.216 E/NetlinkEvent(  462): NetlinkEvent::FindParam(): Parameter 'UID' not found
11-20 00:02:20.239 D/ConnectivityService( 1186): Switching to new default network: NetworkAgentInfo{ ni{[type: WIFI[], state: CONNECTED/CONNECTED, reason: (unspecified), extra: , failover: false, available: true, roaming: false]}  network{139}  nethandle{600406151181}  lp{{InterfaceName: wlan0 LinkAddresses: [ 192.168.1.41/24 ] DnsAddresses: [ /192.168.1.1 ] Domains: null MTU: 0 ServerAddress: /192.168.1.1 TcpBufferSizes: 524288,1048576,2097152,262144,524288,1048576 Routes: [ fe80::/64 -> :: wlan0 mtu 0,192.168.1.0/24 -> 0.0.0.0 wlan0 mtu 0,0.0.0.0/0 -> 192.168.1.1 wlan0 mtu 0 ]}}  nc{[ Transports: WIFI Capabilities: NOT_METERED&INTERNET&NOT_RESTRICTED&TRUSTED&NOT_VPN&VALIDATED&NOT_ROAMING&FOREGROUND&NOT_CONGESTED&NOT_SUSPENDED LinkUpBandwidth>=62000Kbps LinkDnBandwidth>=62000Kbps SignalStrength: -31 OwnerUid: 1000 SSID: "MTBF_Lab" RequestorUid: -1 RequestorPackageName: null]}  Score{60}  everValidated{true}  lastValidated{true}  created{true} lingering{false} explicitlySelected{false} acceptUnvalidated{false} everCaptivePortalDetected{false} lastCaptivePortalDetected{false} partialConnectivity{false} acceptPartialConnectivity{false} clat{mBaseIface: null, mIface: null, mState: IDLE} }
11-20 00:02:20.361 D/ConnectivityService( 1186): Lingering [101 CELLULAR] for 30000ms
11-20 00:02:20.363 D/ConnectivityService( 1186): Sending DISCONNECTED broadcast for type 0 [101 CELLULAR] isDefaultNetwork=true
11-20 00:02:20.369 D/ConnectivityService( 1186): Sending CONNECTED broadcast for type 1 [139 WIFI] isDefaultNetwork=true
11-20 00:02:20.424 D/ConnectivityService( 1186): Setting DNS servers for network 139 to [/192.168.1.1]
11-20 00:02:20.425 D/DnsManager( 1186): sendDnsConfigurationForNetwork(139, [192.168.1.1], [], 1800, 25, 8, 64, 0, 0, , [192.168.1.1])
11-20 00:02:20.599 I/Nat464Xlat( 1186): Android Xlat is disabled
11-20 00:02:20.599 I/Nat464Xlat( 1186): Android Xlat is disabled
11-20 00:02:22.438 D/commandrouter( 1006): rtc_sync (1, rtc:sync): <ServiceRequest> FORWARDED (remote -> local) service client ID = 0, token ID = 35726
11-20 00:02:22.439 D/commandrouter( 1006): SocServiceHandle::onServiceMessage, SoC Service = rtc_sync, appType = 1, type = SVC_RESP, clientId = 0, token = 35726, payloadLen = 8, result = 0, payload.size() = 8
11-20 00:02:32.426 D/commandrouter( 1006): rtc_sync (1, rtc:sync): <ServiceRequest> FORWARDED (remote -> local) service client ID = 0, token ID = 35727
11-20 00:02:32.427 D/commandrouter( 1006): SocServiceHandle::onServiceMessage, SoC Service = rtc_sync, appType = 1, type = SVC_RESP, clientId = 0, token = 35727, payloadLen = 8, result = 0, payload.size() = 8
11-20 00:02:39.296 D/AutofillManagerService( 1186): onBackKeyPressed()
11-20 00:02:39.837 D/AutofillManagerService( 1186): onBackKeyPressed()
11-20 00:02:39.921 D/commandrouter( 1006): SocServiceHandle::onServiceMessage, SoC Service = mcu_healthcheck_1029, appType = 1, type = SVC_REQ, clientId = 0, token = 986, payloadLen = 12, result = 0, payload.size() = 12
11-20 00:02:39.924 D/commandrouter( 1006): mcu_healthcheck_1029 (1, merlot:mcu_health:control): <ServiceResponse> FORWARDED (remote -> local) CR token ID = 986, service client ID = 40, token ID = 15685, result = 0
11-20 00:02:39.925 D/mculinkhealth( 1029): isMcuReachable 1 (4 ms)
11-20 00:02:40.358 D/AutofillManagerService( 1186): onBackKeyPressed()
11-20 00:02:41.573 D/AutofillManagerService( 1186): onBackKeyPressed()
11-20 00:02:42.166 W/ActivityManager( 1186): Invalid packageName: com.facebook.wearable.system.settings/com.facebook.wearable.system.settings.SettingsActivity
11-20 00:02:42.312 I/ActivityTaskManager( 1186): START u0 {flg=0x10000000 cmp=com.facebook.wearable.system.settings/.SettingsActivity} from uid 0
11-20 00:02:42.329 I/ActivityTaskManager( 1186): The Process com.facebook.wearable.system.settings Already Exists in BG. So sending its PID: 11360
11-20 00:02:42.330 W/ActivityTaskManager( 1186): Tried to set launchTime (0) < mLastActivityLaunchTime (29619022)
11-20 00:02:42.422 D/commandrouter( 1006): rtc_sync (1, rtc:sync): <ServiceRequest> FORWARDED (remote -> local) service client ID = 0, token ID = 35728
11-20 00:02:42.424 D/commandrouter( 1006): SocServiceHandle::onServiceMessage, SoC Service = rtc_sync, appType = 1, type = SVC_RESP, clientId = 0, token = 35728, payloadLen = 8, result = 0, payload.size() = 8
--------- beginning of main
11-20 00:02:42.828 D/CompatibilityInfo( 1186): applicationDensity - 320
11-20 00:02:42.828 D/CompatibilityInfo( 1186): applicationScale - 1.0
11-20 00:02:42.850 D/ComplicationController( 2594): Stopping complication controller.
11-20 00:02:42.863 D/ComplicationDataManagerImpl( 2594): Fetching complication data for package: com.facebook.wearable.apps.calendar, com.facebook.wearable.apps.calendar.DAY_DATE_COMPLICATION.
11-20 00:02:42.864 D/ComplicationDataManagerImpl( 2594): Fetching complication data for package: com.facebook.wearable.apps.player, com.facebook.wearable.apps.player.SHORTCUT_COMPLICATION.
11-20 00:02:42.864 D/ComplicationDataManagerImpl( 2594): Fetching complication data for package: com.facebook.wearable.apps.gallery, com.facebook.wearable.apps.gallery.SHORTCUT_COMPLICATION.
11-20 00:02:42.865 D/ComplicationDataManagerImpl( 2594): Fetching complication data for package: com.facebook.wearable.apps.heart, com.facebook.wearable.apps.heart.HEART_RATE.
11-20 00:02:42.869 D/CompatibilityInfo( 1186): mCompatibilityFlags - 4
11-20 00:02:42.869 D/CompatibilityInfo( 1186): applicationDensity - 320
11-20 00:02:42.869 D/CompatibilityInfo( 1186): applicationScale - 1.0
11-20 00:02:43.376 D/UIAutomatorStub(29800): URI: /jsonrpc/0, Method: POST, Header: {content-length=192, remote-addr=127.0.0.1, http-client-ip=127.0.0.1, host=localhost:9012, content-type=application/json, accept-encoding=identity}, params, {NanoHttpd.QUERY_STRING=null}, files: {postData={"jsonrpc": "2.0", "method": "waitForExists", "id": "5397fa7f359542a8307d7027643277bf", "params": [{"mask": 1, "childOrSibling": [], "childOrSiblingSelector": [], "text": "Notifications"}, 5]}}
11-20 00:02:43.401 D/UIAutomatorStub(29800): URI: /jsonrpc/0, Method: POST, Header: {content-length=191, remote-addr=127.0.0.1, http-client-ip=127.0.0.1, host=localhost:9012, content-type=application/json, accept-encoding=identity}, params, {NanoHttpd.QUERY_STRING=null}, files: {postData={"jsonrpc": "2.0", "method": "waitForExists", "id": "1fe92aa752b333350d31d07660abf08d", "params": [{"mask": 1, "childOrSibling": [], "childOrSiblingSelector": [], "text": "Connectivity"}, 5]}}
11-20 00:02:43.456 D/UIAutomatorStub(29800): URI: /jsonrpc/0, Method: POST, Header: {content-length=180, remote-addr=127.0.0.1, http-client-ip=127.0.0.1, host=localhost:9012, content-type=application/json, accept-encoding=identity}, params, {NanoHttpd.QUERY_STRING=null}, files: {postData={"jsonrpc": "2.0", "method": "click", "id": "3638639798cf3c862173f9e3c9114248", "params": [{"mask": 1, "childOrSibling": [], "childOrSiblingSelector": [], "text": "Connectivity"}]}}
11-20 00:02:43.491 E/ANDR-PERF-OPTSHANDLER(  552): Unable to find the correct node storage pointers for                   resource index=16, node path=/proc/sys/kernel/sched_upmigrate
11-20 00:02:43.491 E/ANDR-PERF-RESOURCEQS(  552): Failed to reset optimization [3, 7]
11-20 00:02:43.491 E/ANDR-PERF-OPTSHANDLER(  552): Unable to find the correct node storage pointers for                   resource index=17, node path=/proc/sys/kernel/sched_downmigrate
11-20 00:02:43.491 E/ANDR-PERF-RESOURCEQS(  552): Failed to reset optimization [3, 8]
11-20 00:02:43.491 E/ANDR-PERF-OPTSHANDLER(  552): Perflock resource /sys/module/lpm_levels/parameters/bias_hyst not supported
11-20 00:02:43.491 E/ANDR-PERF-RESOURCEQS(  552): Failed to reset optimization [1, 2]
11-20 00:02:43.492 E/ANDR-PERF-OPTSHANDLER(  552): Perflock resource /proc/sys/kernel/sched_group_upmigrate not supported
11-20 00:02:43.492 E/ANDR-PERF-RESOURCEQS(  552): Failed to reset optimization [3, 21]
11-20 00:02:43.492 E/ANDR-PERF-OPTSHANDLER(  552): Perflock resource /proc/sys/kernel/sched_group_downmigrate not supported
11-20 00:02:43.492 E/ANDR-PERF-RESOURCEQS(  552): Failed to reset optimization [3, 22]
11-20 00:02:43.531 W/StatusBarClientConnection(11360): Messenger is null, ignoring message: { when=-8h14m11s257ms barrier=1 }
11-20 00:02:43.557 E/StatusBarClientConnection(11360): Service connected
11-20 00:02:43.587 W/View    (11360): requestLayout() improperly called by android.view.View{e539cd V.ED..... ......I. 0,368-474,474} during layout: running second layout pass
11-20 00:02:43.606 W/View    (11360): requestLayout() improperly called by com.facebook.wearable.common.wds.listview.WdsListView{634bc2b V.E..V... ........ 0,0-474,474} during second layout pass: posting in next frame
11-20 00:02:44.127 I/chatty  ( 2334): uid=10062(com.facebook.wearable.system.selfcare) pool-3-thread-2 expire 5 lines
11-20 00:02:44.280 I/chatty  ( 2334): uid=10062(com.facebook.wearable.system.selfcare) pool-3-thread-1 expire 13 lines
11-20 00:02:44.320 E/ANDR-PERF-OPTSHANDLER(  552): perf_lock_rel: failed for /proc/sys/vm/swap_ratio as previous value is not stored
11-20 00:02:44.320 E/ANDR-PERF-OPTSHANDLER(  552): perf_lock_rel: failed for /sys/class/kgsl/kgsl-3d0/min_pwrlevel as previous value is not stored
11-20 00:02:44.322 E/ANDR-PERF-RESOURCEQS(  552): Failed to reset optimization [3, 0]
11-20 00:02:44.431 I/chatty  ( 2334): uid=10062(com.facebook.wearable.system.selfcare) MainTP_279 expire 13 lines
11-20 00:02:44.899 E/TaskPersister( 1186): File error accessing recents directory (directory doesn't exist?).
11-20 00:02:45.293 E/QMI_FW  ( 1042): qmi_cci_get_ref: ref count increased 2
11-20 00:02:45.294 E/QMI_FW  ( 1042): qmi_cci_get_ref: ref count increased 2
11-20 00:02:45.294 E/QMI_FW  ( 1042): qmi_cci_get_ref: ref count increased 2
11-20 00:02:45.397 I/chatty  ( 2334): uid=10062(com.facebook.wearable.system.selfcare) MainTP_280 expire 8 lines
11-20 00:02:46.569 D/UIAutomatorStub(29800): URI: /jsonrpc/0, Method: POST, Header: {content-length=183, remote-addr=127.0.0.1, http-client-ip=127.0.0.1, host=localhost:9012, content-type=application/json, accept-encoding=identity}, params, {NanoHttpd.QUERY_STRING=null}, files: {postData={"jsonrpc": "2.0", "method": "waitForExists", "id": "87117b0de08d1bd7e19da64427afd477", "params": [{"mask": 1, "childOrSibling": [], "childOrSiblingSelector": [], "text": "WiFi"}, 5]}}
11-20 00:02:46.598 D/UIAutomatorStub(29800): URI: /jsonrpc/0, Method: POST, Header: {content-length=172, remote-addr=127.0.0.1, http-client-ip=127.0.0.1, host=localhost:9012, content-type=application/json, accept-encoding=identity}, params, {NanoHttpd.QUERY_STRING=null}, files: {postData={"jsonrpc": "2.0", "method": "click", "id": "a01a32d3abb2262b4319caecd345d8ec", "params": [{"mask": 1, "childOrSibling": [], "childOrSiblingSelector": [], "text": "WiFi"}]}}
11-20 00:02:46.670 W/StatusBarClientConnection(11360): Messenger is null, ignoring message: { when=-8h14m14s396ms barrier=1 }
11-20 00:02:46.692 D/CompatibilityInfo( 1186): mCompatibilityFlags - 4
11-20 00:02:46.693 D/CompatibilityInfo( 1186): applicationDensity - 320
11-20 00:02:46.693 D/CompatibilityInfo( 1186): applicationScale - 1.0
11-20 00:02:46.701 E/StatusBarClientConnection(11360): Service connected
11-20 00:02:46.705 D/WifiConnector( 2870): Network State Changed
11-20 00:02:46.721 W/View    (11360): requestLayout() improperly called by android.view.View{c6253b5 V.ED..... ......I. 0,368-474,474} during layout: running second layout pass
11-20 00:02:46.735 W/View    (11360): requestLayout() improperly called by com.facebook.wearable.common.wds.listview.WdsListView{2440d60 V.E..V... ........ 0,0-474,474} during second layout pass: posting in next frame
11-20 00:02:46.738 D/WifiSharingService( 2870): Starting Wi-Fi scan
11-20 00:02:46.739 I/WifiService( 1186): startScan uid=1000
11-20 00:02:46.750 D/WifiNative( 1186): Scan trigered from WifiNative
11-20 00:02:46.753 V/WifiHAL (  544): event received NL80211_CMD_TRIGGER_SCAN
11-20 00:02:47.306 V/WifiHAL (  544): event received NL80211_CMD_NEW_SCAN_RESULTS
11-20 00:02:47.309 D/LOWI-9.0.0.80( 1026): [LOWI-Scan] BSS fe:2d:5a:49:61:eb (wlan0) ASSO: NO AddInfo: 0x0, TSF 0, 08:14:15.031, RSSI: -98, CPL: 127, AGE: 0,  SSID Pixel_R2, TSFDelta: 0x0, TXRate: 0
11-20 00:02:47.309 D/LOWI-9.0.0.80( 1026): [LOWI-Scan] 
11-20 00:02:47.309 D/LOWI-9.0.0.80( 1026): [LOWI-Scan] print_bss_handler: Report Probe TSF 29626223534 as it greater than Beacon TSF 28858163840
11-20 00:02:47.309 I/LOWI-9.0.0.80( 1026): [LOWI-Scan] RSN_IE
11-20 00:02:47.309 D/LOWI-9.0.0.80( 1026): [LOWI-Scan] decode_rsn_wpa_ie: Entered
11-20 00:02:47.309 D/LOWI-9.0.0.80( 1026): [LOWIUtils] hexDump: msg(30 14 01 00 00 0f ac 04 01 00 00 0f ac 04 01 00 00 0f ac 02 )
11-20 00:02:47.309 D/LOWI-9.0.0.80( 1026): [LOWI-Scan] decode_rsn_wpa_ie: LOWI_ENCRYPTION_TYPE_WPA_PSK
11-20 00:02:47.309 D/LOWI-9.0.0.80( 1026): [LOWI-Scan] is_qcom_ie, bss_age: 56
11-20 00:02:47.310 D/LOWI-9.0.0.80( 1026): [LOWI-Scan] adjust_age:AP AGE upper limit reached. Dont store
11-20 00:02:47.310 D/LOWI-9.0.0.80( 1026): [LOWI-Scan] BSS 2c:57:41:86:8a:a1 LOWI_PHY_MODE_11NG_HT20(5), Beacon Interval: 100, LOWI_ENCRYPTION_TYPE_WPA_PSK 11mcRanging: No, ANQP: No, LCI: No, Civic: No, capability(0x1411): ESS Privacy ShortSlotTime
11-20 00:02:47.310 D/LOWI-9.0.0.80( 1026): [LOWI-Scan] BSS 2c:57:41:86:8a:a1 FREQ: 2412, cFreq1[40:80:160] = [0:0:0] cFreq2 = 0 Country Code = US
11-20 00:02:47.310 D/LOWI-9.0.0.80( 1026): [LOWI-Scan] BSS 2c:57:41:86:8a:a1 (wlan0) ASSO: NO AddInfo: 0x0, TSF 0, 08:13:46.223, RSSI: -144, CPL: 3, AGE: 28810,  SSID kittyhawk, TSFDelta: 0x0, TXRate: 0
11-20 00:02:47.310 D/LOWI-9.0.0.80( 1026): [LOWI-Scan] 
11-20 00:02:47.310 D/LOWI-9.0.0.80( 1026): [LOWI-Scan] print_bss_handler: Report Probe TSF 29655031083 as it greater than Beacon TSF 29455052061
11-20 00:02:47.310 I/LOWI-9.0.0.80( 1026): [LOWI-Scan] RSN_IE
11-20 00:02:47.310 D/LOWI-9.0.0.80( 1026): [LOWI-Scan] decode_rsn_wpa_ie: Entered
11-20 00:02:47.310 D/LOWI-9.0.0.80( 1026): [LOWIUtils] hexDump: msg(30 14 01 00 00 0f ac 04 01 00 00 0f ac 04 01 00 00 0f ac 02 )
11-20 00:02:47.310 D/LOWI-9.0.0.80( 1026): [LOWI-Scan] decode_rsn_wpa_ie: LOWI_ENCRYPTION_TYPE_WPA_PSK
11-20 00:02:47.310 D/LOWI-9.0.0.80( 1026): [LOWI-Scan] is_qcom_ie, bss_age: 8
11-20 00:02:47.310 D/LOWI-9.0.0.80( 1026): [LOWI-Scan] BSS c6:82:9b:4e:b3:9e LOWI_PHY_MODE_11AC_VHT20_2G(11), Beacon Interval: 100, LOWI_ENCRYPTION_TYPE_WPA_PSK 11mcRanging: No, ANQP: Yes, LCI: No, Civic: No, capability(0x1431): ESS Privacy ShortPreamble ShortSlotTime
11-20 00:02:47.310 D/LOWI-9.0.0.80( 1026): [LOWI-Scan] BSS c6:82:9b:4e:b3:9e FREQ: 2457, cFreq1[40:80:160] = [0:0:0] cFreq2 = 0 Country Code =    
11-20 00:02:47.310 D/LOWI-9.0.0.80( 1026): [LOWI-Scan] BSS c6:82:9b:4e:b3:9e (wlan0) ASSO: NO AddInfo: 0x0, TSF 0, 08:14:15.031, RSSI: -100, CPL: 127, AGE: 0,  SSID Pixel_R6, TSFDelta: 0x0, TXRate: 0
11-20 00:02:47.311 D/LOWI-9.0.0.80( 1026): [LOWI-Scan]  -- associated
11-20 00:02:47.311 D/LOWI-9.0.0.80( 1026): [LOWI-Scan] 
11-20 00:02:47.311 D/LOWI-9.0.0.80( 1026): [LOWI-Scan] print_bss_handler: Report Probe TSF 29655031053 as it greater than Beacon TSF 29227491451
11-20 00:02:47.311 I/LOWI-9.0.0.80( 1026): [LOWI-Scan] RSN_IE
11-20 00:02:47.311 D/LOWI-9.0.0.80( 1026): [LOWI-Scan] decode_rsn_wpa_ie: Entered
11-20 00:02:47.311 D/LOWI-9.0.0.80( 1026): [LOWIUtils] hexDump: msg(30 14 01 00 00 0f ac 04 01 00 00 0f ac 04 01 00 00 0f ac 02 )
11-20 00:02:47.311 D/LOWI-9.0.0.80( 1026): [LOWI-Scan] decode_rsn_wpa_ie: LOWI_ENCRYPTION_TYPE_WPA_PSK
11-20 00:02:47.311 D/LOWI-9.0.0.80( 1026): [LOWI-Scan]  No Secondary channel present
11-20 00:02:47.311 D/LOWI-9.0.0.80( 1026): [LOWI-Scan] is_qcom_ie, bss_age: 30
11-20 00:02:47.311 D/LOWI-9.0.0.80( 1026): [LOWI-Scan] BSS 6c:cd:d6:25:63:2a LOWI_PHY_MODE_11NG_HT20(5), Beacon Interval: 100, LOWI_ENCRYPTION_TYPE_WPA_PSK 11mcRanging: No, ANQP: No, LCI: No, Civic: No, capability(0x0511): ESS Privacy SpectrumMgmt ShortSlotTime
11-20 00:02:47.311 D/LOWI-9.0.0.80( 1026): [LOWI-Scan] BSS 6c:cd:d6:25:63:2a FREQ: 2432, cFreq1[40:80:160] = [2432:0:0] cFreq2 = 0 Country Code = US 
11-20 00:02:47.311 D/LOWI-9.0.0.80( 1026): [LOWI-Scan] BSS 6c:cd:d6:25:63:2a (wlan0) ASSO: YES AddInfo: 0x0, TSF 0, 08:14:15.031, RSSI: -70, CPL: 127, AGE: 0,  SSID MTBF_Lab, TSFDelta: 0x0, TXRate: 0
11-20 00:02:47.311 D/LOWI-9.0.0.80( 1026): [LOWI-Scan] 
11-20 00:02:47.312 D/LOWI-9.0.0.80( 1026): [LOWI-Scan] print_bss_handler: Report Probe TSF 29655031324 as it greater than Beacon TSF 29057963771
11-20 00:02:47.312 I/LOWI-9.0.0.80( 1026): [LOWI-Scan] RSN_IE
11-20 00:02:47.312 D/LOWI-9.0.0.80( 1026): [LOWI-Scan] decode_rsn_wpa_ie: Entered
11-20 00:02:47.312 D/LOWI-9.0.0.80( 1026): [LOWIUtils] hexDump: msg(30 14 01 00 00 0f ac 04 01 00 00 0f ac 04 01 00 00 0f ac 02 )
11-20 00:02:47.312 D/LOWI-9.0.0.80( 1026): [LOWI-Scan] decode_rsn_wpa_ie: LOWI_ENCRYPTION_TYPE_WPA_PSK
11-20 00:02:47.312 D/LOWI-9.0.0.80( 1026): [LOWI-Scan] is_qcom_ie, bss_age: 48
11-20 00:02:47.312 D/LOWI-9.0.0.80( 1026): [LOWI-Scan] BSS 2c:57:41:88:72:e1 LOWI_PHY_MODE_11NG_HT20(5), Beacon Interval: 100, LOWI_ENCRYPTION_TYPE_WPA_PSK 11mcRanging: No, ANQP: No, LCI: No, Civic: No, capability(0x1411): ESS Privacy ShortSlotTime
11-20 00:02:47.312 D/LOWI-9.0.0.80( 1026): [LOWI-Scan] BSS 2c:57:41:88:72:e1 FREQ: 2412, cFreq1[40:80:160] = [0:0:0] cFreq2 = 0 Country Code = US
11-20 00:02:47.312 D/LOWI-9.0.0.80( 1026): [LOWI-Scan] BSS 2c:57:41:88:72:e1 (wlan0) ASSO: NO AddInfo: 0x0, TSF 0, 08:14:15.031, RSSI: -140, CPL: 3, AGE: 0,  SSID kittyhawk, TSFDelta: 0x0, TXRate: 0
11-20 00:02:47.312 D/LOWI-9.0.0.80( 1026): [LOWI-Scan] 
11-20 00:02:47.312 D/LOWI-9.0.0.80( 1026): [LOWI-Scan] print_bss_handler: Report Probe TSF 29655031242 as it greater than Beacon TSF 29576431581
11-20 00:02:47.312 I/LOWI-9.0.0.80( 1026): [LOWI-Scan] RSN_IE
11-20 00:02:47.312 D/LOWI-9.0.0.80( 1026): [LOWI-Scan] decode_rsn_wpa_ie: Entered
11-20 00:02:47.312 D/LOWI-9.0.0.80( 1026): [LOWIUtils] hexDump: msg(30 14 01 00 00 0f ac 04 01 00 00 0f ac 04 01 00 00 0f ac 02 )
11-20 00:02:47.313 D/LOWI-9.0.0.80( 1026): [LOWI-Scan] decode_rsn_wpa_ie: LOWI_ENCRYPTION_TYPE_WPA_PSK
11-20 00:02:47.313 D/LOWI-9.0.0.80( 1026): [LOWI-Scan] is_qcom_ie, bss_age: 48
11-20 00:02:47.313 D/LOWI-9.0.0.80( 1026): [LOWI-Scan] BSS be:9e:0e:1c:6e:7f LOWI_PHY_MODE_11AC_VHT20_2G(11), Beacon Interval: 100, LOWI_ENCRYPTION_TYPE_WPA_PSK 11mcRanging: No, ANQP: No, LCI: No, Civic: No, capability(0x1431): ESS Privacy ShortPreamble ShortSlotTime
11-20 00:02:47.313 D/LOWI-9.0.0.80( 1026): [LOWI-Scan] BSS be:9e:0e:1c:6e:7f FREQ: 2412, cFreq1[40:80:160] = [0:0:0] cFreq2 = 0 Country Code =    
11-20 00:02:47.313 D/LOWI-9.0.0.80( 1026): [LOWI-Scan] BSS be:9e:0e:1c:6e:7f (wlan0) ASSO: NO AddInfo: 0x0, TSF 0, 08:14:15.031, RSSI: -110, CPL: 127, AGE: 0,  SSID Pixel_3541, TSFDelta: 0x0, TXRate: 0
11-20 00:02:47.313 D/LOWI-9.0.0.80( 1026): [LOWI-Scan] 
11-20 00:02:47.313 D/LOWI-9.0.0.80( 1026): [LOWI-Scan] print_bss_handler: Report Probe TSF 29655031382 as it greater than Beacon TSF 29377452273
11-20 00:02:47.313 I/LOWI-9.0.0.80( 1026): [LOWI-Scan] RSN_IE
11-20 00:02:47.313 D/LOWI-9.0.0.80( 1026): [LOWI-Scan] decode_rsn_wpa_ie: Entered
11-20 00:02:47.313 D/LOWI-9.0.0.80( 1026): [LOWIUtils] hexDump: msg(30 14 01 00 00 0f ac 04 01 00 00 0f ac 04 01 00 00 0f ac 02 )
11-20 00:02:47.313 D/LOWI-9.0.0.80( 1026): [LOWI-Scan] decode_rsn_wpa_ie: LOWI_ENCRYPTION_TYPE_WPA_PSK
11-20 00:02:47.313 D/LOWI-9.0.0.80( 1026): [LOWI-Scan] is_qcom_ie, bss_age: 48
11-20 00:02:47.313 D/LOWI-9.0.0.80( 1026): [LOWI-Scan] BSS 2c:57:41:86:7a:61 LOWI_PHY_MODE_11NG_HT20(5), Beacon Interval: 100, LOWI_ENCRYPTION_TYPE_WPA_PSK 11mcRanging: No, ANQP: No, LCI: No, Civic: No, capability(0x1411): ESS Privacy ShortSlotTime
11-20 00:02:47.313 D/LOWI-9.0.0.80( 1026): [LOWI-Scan] BSS 2c:57:41:86:7a:61 FREQ: 2412, cFreq1[40:80:160] = [0:0:0] cFreq2 = 0 Country Code = US
11-20 00:02:47.313 D/LOWI-9.0.0.80( 1026): [LOWI-Scan] BSS 2c:57:41:86:7a:61 (wlan0) ASSO: NO AddInfo: 0x0, TSF 0, 08:14:15.031, RSSI: -146, CPL: 3, AGE: 0,  SSID kittyhawk, TSFDelta: 0x0, TXRate: 0
11-20 00:02:47.314 D/LOWI-9.0.0.80( 1026): [LOWI-Scan] 
11-20 00:02:47.315 D/WifiNl80211Manager( 1186): Scan result ready event
11-20 00:02:47.315 D/WifiNative( 1186): Scan result ready event
11-20 00:02:47.315 D/LOWI-9.0.0.80( 1026): [LOWI-Scan] print_bss_handler: Report Probe TSF 29655031107 as it greater than Beacon TSF 29475594130
11-20 00:02:47.315 I/LOWI-9.0.0.80( 1026): [LOWI-Scan] RSN_IE
11-20 00:02:47.315 D/LOWI-9.0.0.80( 1026): [LOWI-Scan] decode_rsn_wpa_ie: Entered
11-20 00:02:47.315 D/LOWI-9.0.0.80( 1026): [LOWIUtils] hexDump: msg(30 14 01 00 00 0f ac 04 01 00 00 0f ac 04 01 00 00 0f ac 02 )
11-20 00:02:47.315 D/LOWI-9.0.0.80( 1026): [LOWI-Scan] decode_rsn_wpa_ie: LOWI_ENCRYPTION_TYPE_WPA_PSK
11-20 00:02:47.315 D/LOWI-9.0.0.80( 1026): [LOWI-Scan] is_qcom_ie, bss_age: 25
11-20 00:02:47.316 D/LOWI-9.0.0.80( 1026): [LOWI-Scan] BSS ce:dc:12:3b:87:fd LOWI_PHY_MODE_11AC_VHT20_2G(11), Beacon Interval: 100, LOWI_ENCRYPTION_TYPE_WPA_PSK 11mcRanging: No, ANQP: Yes, LCI: No, Civic: No, capability(0x1431): ESS Privacy ShortPreamble ShortSlotTime
11-20 00:02:47.316 D/LOWI-9.0.0.80( 1026): [LOWI-Scan] BSS ce:dc:12:3b:87:fd FREQ: 2437, cFreq1[40:80:160] = [0:0:0] cFreq2 = 0 Country Code =    
11-20 00:02:47.316 D/LOWI-9.0.0.80( 1026): [LOWI-Scan] BSS ce:dc:12:3b:87:fd (wlan0) ASSO: NO AddInfo: 0x0, TSF 0, 08:14:15.031, RSSI: -92, CPL: 127, AGE: 0,  SSID Pixel5_R1, TSFDelta: 0x0, TXRate: 0
11-20 00:02:47.316 D/LOWI-9.0.0.80( 1026): [LOWI-Scan] 
11-20 00:02:47.317 D/LOWI-9.0.0.80( 1026): [LOWI-Scan] print_bss_handler: Report Probe TSF 29655031363 as it greater than Beacon TSF 29524893607
11-20 00:02:47.317 I/LOWI-9.0.0.80( 1026): [LOWI-Scan] RSN_IE
11-20 00:02:47.317 D/LOWI-9.0.0.80( 1026): [LOWI-Scan] decode_rsn_wpa_ie: Entered
11-20 00:02:47.317 D/LOWI-9.0.0.80( 1026): [LOWIUtils] hexDump: msg(30 14 01 00 00 0f ac 04 01 00 00 0f ac 04 01 00 00 0f ac 02 )
11-20 00:02:47.317 D/LOWI-9.0.0.80( 1026): [LOWI-Scan] decode_rsn_wpa_ie: LOWI_ENCRYPTION_TYPE_WPA_PSK
11-20 00:02:47.317 D/LOWI-9.0.0.80( 1026): [LOWI-Scan] is_qcom_ie, bss_age: 3
11-20 00:02:47.317 D/LOWI-9.0.0.80( 1026): [LOWI-Scan] BSS 2c:57:41:86:94:a1 LOWI_PHY_MODE_11NG_HT20(5), Beacon Interval: 100, LOWI_ENCRYPTION_TYPE_WPA_PSK 11mcRanging: No, ANQP: No, LCI: No, Civic: No, capability(0x1411): ESS Privacy ShortSlotTime
11-20 00:02:47.317 D/LOWI-9.0.0.80( 1026): [LOWI-Scan] BSS 2c:57:41:86:94:a1 FREQ: 2462, cFreq1[40:80:160] = [0:0:0] cFreq2 = 0 Country Code = US
11-20 00:02:47.317 D/LOWI-9.0.0.80( 1026): [LOWI-Scan] BSS 2c:57:41:86:94:a1 (wlan0) ASSO: NO AddInfo: 0x0, TSF 0, 08:14:15.031, RSSI: -148, CPL: 2, AGE: 0,  SSID kittyhawk, TSFDelta: 0x0, TXRate: 0
11-20 00:02:47.318 D/LOWI-9.0.0.80( 1026): [LOWI-Scan] 
11-20 00:02:47.318 D/LOWI-9.0.0.80( 1026): [LOWI-Scan] print_bss_handler: Report Probe TSF 29655031343 as it greater than Beacon TSF 29604993089
11-20 00:02:47.318 I/LOWI-9.0.0.80( 1026): [LOWI-Scan] RSN_IE
11-20 00:02:47.318 D/LOWI-9.0.0.80( 1026): [LOWI-Scan] decode_rsn_wpa_ie: Entered
11-20 00:02:47.318 D/LOWI-9.0.0.80( 1026): [LOWIUtils] hexDump: msg(30 14 01 00 00 0f ac 04 01 00 00 0f ac 04 01 00 00 0f ac 02 )
11-20 00:02:47.318 D/LOWI-9.0.0.80( 1026): [LOWI-Scan] decode_rsn_wpa_ie: LOWI_ENCRYPTION_TYPE_WPA_PSK
