11-19 17:20:38.288 D/LOWI-9.0.0.80(  995): [LOWI-Scan] is_qcom_ie, bss_age: 47
11-19 17:20:38.289 D/LOWI-9.0.0.80(  995): [LOWI-Scan] BSS 2c:57:41:86:7a:61 LOWI_PHY_MODE_11NG_HT20(5), Beacon Interval: 100, LOWI_ENCRYPTION_TYPE_WPA_PSK 11mcRanging: No, ANQP: No, LCI: No, Civic: No, capability(0x1411): ESS Privacy ShortSlotTime
11-19 17:20:38.289 D/LOWI-9.0.0.80(  995): [LOWI-Scan] BSS 2c:57:41:86:7a:61 FREQ: 2412, cFreq1[40:80:160] = [0:0:0] cFreq2 = 0 Country Code = US
11-19 17:20:38.289 D/LOWI-9.0.0.80(  995): [LOWI-Scan] BSS 2c:57:41:86:7a:61 (wlan0) ASSO: NO AddInfo: 0x0, TSF 0, 01:31:08.640, RSSI: -148, CPL: 3, AGE: 0,  SSID kittyhawk, TSFDelta: 0x0, TXRate: 0
11-19 17:20:38.289 D/LOWI-9.0.0.80(  995): [LOWI-Scan] 
11-19 17:20:38.289 D/LOWI-9.0.0.80(  995): [LOWI-Scan] print_bss_handler: Report beacon TSF 5440023299 as it greater than probe TSF 5418672050
11-19 17:20:38.289 I/LOWI-9.0.0.80(  995): [LOWI-Scan] RSN_IE
11-19 17:20:38.289 D/LOWI-9.0.0.80(  995): [LOWI-Scan] decode_rsn_wpa_ie: Entered
11-19 17:20:38.289 D/LOWI-9.0.0.80(  995): [LOWIUtils] hexDump: msg(30 14 01 00 00 0f ac 04 01 00 00 0f ac 04 01 00 00 0f ac 02 )
11-19 17:20:38.289 D/LOWI-9.0.0.80(  995): [LOWI-Scan] decode_rsn_wpa_ie: LOWI_ENCRYPTION_TYPE_WPA_PSK
11-19 17:20:38.289 D/LOWI-9.0.0.80(  995): [LOWI-Scan] is_qcom_ie, bss_age: 49
11-19 17:20:38.289 D/LOWI-9.0.0.80(  995): [LOWI-Scan] adjust_age:AP AGE upper limit reached. Dont store
11-19 17:20:38.289 D/LOWI-9.0.0.80(  995): [LOWI-Scan] BSS 18:64:72:60:2b:40 LOWI_PHY_MODE_11NG_HT20(5), Beacon Interval: 100, LOWI_ENCRYPTION_TYPE_WPA_PSK 11mcRanging: No, ANQP: No, LCI: No, Civic: No, capability(0x0431): ESS Privacy ShortPreamble ShortSlotTime
11-19 17:20:38.289 D/LOWI-9.0.0.80(  995): [LOWI-Scan] BSS 18:64:72:60:2b:40 FREQ: 2412, cFreq1[40:80:160] = [0:0:0] cFreq2 = 0 Country Code =    
11-19 17:20:38.289 D/LOWI-9.0.0.80(  995): [LOWI-Scan] BSS 18:64:72:60:2b:40 (wlan0) ASSO: NO AddInfo: 0x1, TSF 0, 01:30:40.023, RSSI: -136, CPL: 127, AGE: 28620,  SSID lab-t24103779, TSFDelta: 0x0, TXRate: 0
11-19 17:20:38.289 D/LOWI-9.0.0.80(  995): [LOWI-Scan] 
11-19 17:20:38.290 D/LOWI-9.0.0.80(  995): [LOWI-Scan] print_bss_handler: Report Probe TSF 5468640677 as it greater than Beacon TSF 5339922762
11-19 17:20:38.290 I/LOWI-9.0.0.80(  995): [LOWI-Scan] RSN_IE
11-19 17:20:38.290 D/LOWI-9.0.0.80(  995): [LOWI-Scan] decode_rsn_wpa_ie: Entered
11-19 17:20:38.290 D/LOWI-9.0.0.80(  995): [LOWIUtils] hexDump: msg(30 14 01 00 00 0f ac 04 01 00 00 0f ac 04 01 00 00 0f ac 02 )
11-19 17:20:38.290 D/LOWI-9.0.0.80(  995): [LOWI-Scan] decode_rsn_wpa_ie: LOWI_ENCRYPTION_TYPE_WPA_PSK
11-19 17:20:38.290 D/LOWI-9.0.0.80(  995): [LOWI-Scan] is_qcom_ie, bss_age: 13
11-19 17:20:38.290 D/LOWI-9.0.0.80(  995): [LOWI-Scan] BSS fe:2d:5a:49:61:eb LOWI_PHY_MODE_11AC_VHT20_2G(11), Beacon Interval: 100, LOWI_ENCRYPTION_TYPE_WPA_PSK 11mcRanging: No, ANQP: Yes, LCI: No, Civic: No, capability(0x1431): ESS Privacy ShortPreamble ShortSlotTime
11-19 17:20:38.290 D/LOWI-9.0.0.80(  995): [LOWI-Scan] BSS fe:2d:5a:49:61:eb FREQ: 2452, cFreq1[40:80:160] = [0:0:0] cFreq2 = 0 Country Code =    
11-19 17:20:38.290 D/LOWI-9.0.0.80(  995): [LOWI-Scan] BSS fe:2d:5a:49:61:eb (wlan0) ASSO: NO AddInfo: 0x0, TSF 0, 01:31:08.640, RSSI: -116, CPL: 127, AGE: 0,  SSID Pixel_R2, TSFDelta: 0x0, TXRate: 0
11-19 17:20:38.290 D/LOWI-9.0.0.80(  995): [LOWI-Scan] 
11-19 17:20:38.290 D/LOWI-9.0.0.80(  995): [LOWI-Scan] print_bss_handler: Report Probe TSF 5468640553 as it greater than Beacon TSF 0
11-19 17:20:38.290 I/LOWI-9.0.0.80(  995): [LOWI-Scan] RSN_IE
11-19 17:20:38.293 D/WificondScannerImpl( 1196): Filtering out 2 scan results.
11-19 17:20:38.298 D/LOWI-9.0.0.80(  995): [LOWI-Scan] decode_rsn_wpa_ie: Entered
11-19 17:20:38.298 D/LOWI-9.0.0.80(  995): [LOWIUtils] hexDump: msg(30 14 01 00 00 0f ac 04 01 00 00 0f ac 04 01 00 00 0f ac 02 )
11-19 17:20:38.299 D/LOWI-9.0.0.80(  995): [LOWI-Scan] decode_rsn_wpa_ie: LOWI_ENCRYPTION_TYPE_WPA_PSK
11-19 17:20:38.299 D/LOWI-9.0.0.80(  995): [LOWI-Scan] is_qcom_ie, bss_age: 25
11-19 17:20:38.299 D/LOWI-9.0.0.80(  995): [LOWI-Scan] BSS ce:dc:12:3b:87:fd LOWI_PHY_MODE_11AC_VHT20_2G(11), Beacon Interval: 100, LOWI_ENCRYPTION_TYPE_WPA_PSK 11mcRanging: No, ANQP: Yes, LCI: No, Civic: No, capability(0x1431): ESS Privacy ShortPreamble ShortSlotTime
11-19 17:20:38.299 D/LOWI-9.0.0.80(  995): [LOWI-Scan] BSS ce:dc:12:3b:87:fd FREQ: 2437, cFreq1[40:80:160] = [0:0:0] cFreq2 = 0 Country Code =    
11-19 17:20:38.299 D/LOWI-9.0.0.80(  995): [LOWI-Scan] BSS ce:dc:12:3b:87:fd (wlan0) ASSO: NO AddInfo: 0x0, TSF 0, 01:31:08.640, RSSI: -90, CPL: 127, AGE: 0,  SSID Pixel5_R1, TSFDelta: 0x0, TXRate: 0
11-19 17:20:38.299 D/LOWI-9.0.0.80(  995): [LOWI-Scan] 
11-19 17:20:38.299 D/LOWI-9.0.0.80(  995): [LOWI-Scan] print_bss_handler: Report Probe TSF 5468640769 as it greater than Beacon TSF 0
11-19 17:20:38.299 I/LOWI-9.0.0.80(  995): [LOWI-Scan] RSN_IE
11-19 17:20:38.299 D/LOWI-9.0.0.80(  995): [LOWI-Scan] decode_rsn_wpa_ie: Entered
11-19 17:20:38.300 D/LOWI-9.0.0.80(  995): [LOWIUtils] hexDump: msg(30 14 01 00 00 0f ac 04 01 00 00 0f ac 04 01 00 00 0f ac 02 )
11-19 17:20:38.300 D/LOWI-9.0.0.80(  995): [LOWI-Scan] decode_rsn_wpa_ie: LOWI_ENCRYPTION_TYPE_WPA_PSK
11-19 17:20:38.300 D/LOWI-9.0.0.80(  995): [LOWI-Scan] is_qcom_ie, bss_age: 3
11-19 17:20:38.300 D/LOWI-9.0.0.80(  995): [LOWI-Scan] BSS 2c:57:41:86:94:a1 LOWI_PHY_MODE_11NG_HT20(5), Beacon Interval: 100, LOWI_ENCRYPTION_TYPE_WPA_PSK 11mcRanging: No, ANQP: No, LCI: No, Civic: No, capability(0x1411): ESS Privacy ShortSlotTime
11-19 17:20:38.300 D/LOWI-9.0.0.80(  995): [LOWI-Scan] BSS 2c:57:41:86:94:a1 FREQ: 2462, cFreq1[40:80:160] = [0:0:0] cFreq2 = 0 Country Code = US
11-19 17:20:38.300 D/LOWI-9.0.0.80(  995): [LOWI-Scan] BSS 2c:57:41:86:94:a1 (wlan0) ASSO: NO AddInfo: 0x0, TSF 0, 01:31:08.640, RSSI: -148, CPL: 2, AGE: 0,  SSID kittyhawk, TSFDelta: 0x0, TXRate: 0
11-19 17:20:38.300 D/LOWI-9.0.0.80(  995): [LOWI-Scan] 
11-19 17:20:38.301 D/LOWI-9.0.0.80(  995): [LOWI-Scan] print_bss_handler: Report Probe TSF 5468640825 as it greater than Beacon TSF 0
11-19 17:20:38.301 I/LOWI-9.0.0.80(  995): [LOWI-Scan] RSN_IE
11-19 17:20:38.301 D/LOWI-9.0.0.80(  995): [LOWI-Scan] decode_rsn_wpa_ie: Entered
11-19 17:20:38.301 D/LOWI-9.0.0.80(  995): [LOWIUtils] hexDump: msg(30 14 01 00 00 0f ac 04 01 00 00 0f ac 04 01 00 00 0f ac 02 )
11-19 17:20:38.301 D/LOWI-9.0.0.80(  995): [LOWI-Scan] decode_rsn_wpa_ie: LOWI_ENCRYPTION_TYPE_WPA_PSK
11-19 17:20:38.301 D/LOWI-9.0.0.80(  995): [LOWI-Scan] is_qcom_ie, bss_age: 28
11-19 17:20:38.301 D/LOWI-9.0.0.80(  995): [LOWI-Scan] BSS 18:64:72:60:2e:e0 LOWI_PHY_MODE_11NG_HT20(5), Beacon Interval: 100, LOWI_ENCRYPTION_TYPE_WPA_PSK 11mcRanging: No, ANQP: No, LCI: No, Civic: No, capability(0x0431): ESS Privacy ShortPreamble ShortSlotTime
11-19 17:20:38.301 D/LOWI-9.0.0.80(  995): [LOWI-Scan] BSS 18:64:72:60:2e:e0 FREQ: 2437, cFreq1[40:80:160] = [0:0:0] cFreq2 = 0 Country Code =    
11-19 17:20:38.301 D/LOWI-9.0.0.80(  995): [LOWI-Scan] BSS 18:64:72:60:2e:e0 (wlan0) ASSO: NO AddInfo: 0x0, TSF 0, 01:31:08.640, RSSI: -154, CPL: 127, AGE: 0,  SSID lab-t24103779, TSFDelta: 0x0, TXRate: 0
11-19 17:20:38.301 D/LOWI-9.0.0.80(  995): [LOWI-Scan] 
11-19 17:20:38.301 D/LOWI-9.0.0.80(  995): [LOWI-Scan] print_bss_handler: Report Probe TSF 5440023394 as it greater than Beacon TSF 0
11-19 17:20:38.301 I/LOWI-9.0.0.80(  995): [LOWI-Scan] RSN_IE
11-19 17:20:38.301 D/LOWI-9.0.0.80(  995): [LOWI-Scan] decode_rsn_wpa_ie: Entered
11-19 17:20:38.301 D/LOWI-9.0.0.80(  995): [LOWIUtils] hexDump: msg(30 14 01 00 00 0f ac 04 01 00 00 0f ac 04 01 00 00 0f ac 02 )
11-19 17:20:38.301 D/LOWI-9.0.0.80(  995): [LOWI-Scan] decode_rsn_wpa_ie: LOWI_ENCRYPTION_TYPE_WPA_PSK
11-19 17:20:38.301 D/LOWI-9.0.0.80(  995): [LOWI-Scan] is_qcom_ie, bss_age: 18
11-19 17:20:38.301 D/LOWI-9.0.0.80(  995): [LOWI-Scan] adjust_age:AP AGE upper limit reached. Dont store
11-19 17:20:38.302 D/LOWI-9.0.0.80(  995): [LOWI-Scan] BSS 00:24:b1:02:cb:dc LOWI_PHY_MODE_11NG_HT20(5), Beacon Interval: 100, LOWI_ENCRYPTION_TYPE_WPA_PSK 11mcRanging: No, ANQP: No, LCI: No, Civic: No, capability(0x0431): ESS Privacy ShortPreamble ShortSlotTime
11-19 17:20:38.302 D/LOWI-9.0.0.80(  995): [LOWI-Scan] BSS 00:24:b1:02:cb:dc FREQ: 2452, cFreq1[40:80:160] = [0:0:0] cFreq2 = 0 Country Code =    
11-19 17:20:38.302 D/LOWI-9.0.0.80(  995): [LOWI-Scan] BSS 00:24:b1:02:cb:dc (wlan0) ASSO: NO AddInfo: 0x0, TSF 0, 01:30:40.023, RSSI: -180, CPL: 127, AGE: 28620,  SSID 0024b1000002cbdc, TSFDelta: 0x0, TXRate: 0
11-19 17:20:38.302 D/LOWI-9.0.0.80(  995): [LOWI-Scan] 
11-19 17:20:38.302 D/LOWI-9.0.0.80(  995): [LOWI-Scan] print_bss_handler: Report Probe TSF 5468640633 as it greater than Beacon TSF 0
11-19 17:20:38.302 I/LOWI-9.0.0.80(  995): [LOWI-Scan] RSN_IE
11-19 17:20:38.302 D/LOWI-9.0.0.80(  995): [LOWI-Scan] decode_rsn_wpa_ie: Entered
11-19 17:20:38.302 D/LOWI-9.0.0.80(  995): [LOWIUtils] hexDump: msg(30 14 01 00 00 0f ac 04 01 00 00 0f ac 04 01 00 00 0f ac 02 )
11-19 17:20:38.302 D/LOWI-9.0.0.80(  995): [LOWI-Scan] decode_rsn_wpa_ie: LOWI_ENCRYPTION_TYPE_WPA_PSK
11-19 17:20:38.302 D/LOWI-9.0.0.80(  995): [LOWI-Scan] is_qcom_ie, bss_age: 3
11-19 17:20:38.302 D/LOWI-9.0.0.80(  995): [LOWI-Scan] BSS 5e:6e:be:46:77:d7 LOWI_PHY_MODE_11AC_VHT20_2G(11), Beacon Interval: 100, LOWI_ENCRYPTION_TYPE_WPA_PSK 11mcRanging: No, ANQP: Yes, LCI: No, Civic: No, capability(0x1431): ESS Privacy ShortPreamble ShortSlotTime
11-19 17:20:38.302 D/LOWI-9.0.0.80(  995): [LOWI-Scan] BSS 5e:6e:be:46:77:d7 FREQ: 2462, cFreq1[40:80:160] = [0:0:0] cFreq2 = 0 Country Code =    
11-19 17:20:38.302 D/LOWI-9.0.0.80(  995): [LOWI-Scan] BSS 5e:6e:be:46:77:d7 (wlan0) ASSO: NO AddInfo: 0x0, TSF 0, 01:31:08.640, RSSI: -110, CPL: 127, AGE: 0,  SSID Pixel_R3, TSFDelta: 0x0, TXRate: 0
11-19 17:20:38.303 D/LOWI-9.0.0.80(  995): [LOWI-Scan] 
11-19 17:20:38.303 D/LOWI-9.0.0.80(  995): [LOWI-Scan] print_bss_handler: Report Probe TSF 5468640804 as it greater than Beacon TSF 0
11-19 17:20:38.303 I/LOWI-9.0.0.80(  995): [LOWI-Scan] RSN_IE
11-19 17:20:38.303 D/LOWI-9.0.0.80(  995): [LOWI-Scan] decode_rsn_wpa_ie: Entered
11-19 17:20:38.303 D/LOWI-9.0.0.80(  995): [LOWIUtils] hexDump: msg(30 14 01 00 00 0f ac 04 01 00 00 0f ac 04 01 00 00 0f ac 02 )
11-19 17:20:38.303 D/LOWI-9.0.0.80(  995): [LOWI-Scan] decode_rsn_wpa_ie: LOWI_ENCRYPTION_TYPE_WPA_PSK
11-19 17:20:38.303 D/LOWI-9.0.0.80(  995): [LOWI-Scan] is_qcom_ie, bss_age: 4
11-19 17:20:38.303 D/LOWI-9.0.0.80(  995): [LOWI-Scan] BSS 2c:57:41:83:fd:21 LOWI_PHY_MODE_11NG_HT20(5), Beacon Interval: 100, LOWI_ENCRYPTION_TYPE_WPA_PSK 11mcRanging: No, ANQP: No, LCI: No, Civic: No, capability(0x1411): ESS Privacy ShortSlotTime
11-19 17:20:38.303 D/LOWI-9.0.0.80(  995): [LOWI-Scan] BSS 2c:57:41:83:fd:21 FREQ: 2462, cFreq1[40:80:160] = [0:0:0] cFreq2 = 0 Country Code = US
11-19 17:20:38.303 D/LOWI-9.0.0.80(  995): [LOWI-Scan] BSS 2c:57:41:83:fd:21 (wlan0) ASSO: NO AddInfo: 0x0, TSF 0, 01:31:08.640, RSSI: -158, CPL: 2, AGE: 0,  SSID kittyhawk, TSFDelta: 0x0, TXRate: 0
11-19 17:20:38.303 D/LOWI-9.0.0.80(  995): [LOWIDiagLog] Log: lowiMeasResult->request: invalid null argument
11-19 17:20:38.303 I/LOWI-9.0.0.80(  995): [LOWI-Scan] lowi_close_record:Scan done in 5424403ms, 18 APs in scan results
11-19 17:20:38.303 D/LOWI-9.0.0.80(  995): [LOWI-Scan] WipsScanUsingNL: passive scan cached 0, took 9192 ms, err 0
11-19 17:20:38.304 D/LOWI-9.0.0.80(  995): [LOWI-Scan] lowi_proc_req_passive_scan_with_live_meas - No WLAN Frames to be parsed
11-19 17:20:38.304 D/LOWI-9.0.0.80(  995): [LOWIScanResultReceiver] Send scan meas to listener
11-19 17:20:38.304 D/LOWI-9.0.0.80(  995): [LOWIScanResultReceiver] Enter passive listening mode
11-19 17:20:38.304 D/LOWI-9.0.0.80(  995): [LOWIWifiDriverInterface] getMeasurements - Passive listening mode
11-19 17:20:38.304 D/LOWI-9.0.0.80(  995): [LOWI-Scan] WipsScanUsingNL:wait -1 sec for netlink message
11-19 17:20:38.304 D/LOWI-9.0.0.80(  995): [LOWIEventReceiver] handleEvent:FROM:NA, TO:NA, REQ:NA, IREQ:NA, REQ_ID:0, RESP:NA, INFO:NA
11-19 17:20:38.304 D/LOWI-9.0.0.80(  995): [LOWIBackgroundScanMgr] isRspForBgScanMgr: evt(LOWI_NO_EVT) - not handled
11-19 17:20:38.304 D/LOWI-9.0.0.80(  995): [LOWIScheduler] manageMsg: NULL results or NULL request in results
11-19 17:20:38.304 D/LOWI-9.0.0.80(  995): [LOWIController] Measurements received
11-19 17:20:38.304 D/LOWI-9.0.0.80(  995): [LOWICacheManager] putInCache:Num of Meas to add: 18
11-19 17:20:38.305 D/LOWI-9.0.0.80(  995): [LOWIController] processMeasurementResults: No current Request. Cache measurements
11-19 17:20:38.305 D/LOWI-9.0.0.80(  995): [LOWIControllerExtn] sendLOWILpDiscoveryScanResponse: Not a discovery scan response
11-19 17:20:38.309 D/PasspointManager( 1196): ANQP entry not found for: c6:82:9b:4e:b3:9e:<Pixel_R6>
11-19 17:20:38.309 D/PasspointManager( 1196): ANQP entry not found for: 12:d7:96:61:85:9f:<Pixel_R5>
11-19 17:20:38.310 D/PasspointManager( 1196): ANQP entry not found for: fe:2d:5a:49:61:eb:<Pixel_R2>
11-19 17:20:38.310 D/PasspointManager( 1196): ANQP entry not found for: ce:dc:12:3b:87:fd:<Pixel5_R1>
11-19 17:20:38.310 D/PasspointManager( 1196): ANQP entry not found for: 5e:6e:be:46:77:d7:<Pixel_R3>
11-19 17:20:38.346 I/WM-WorkerWrapper( 2334): Work [ id=cf79165d-7ab0-4916-9c30-d911d399386b, tags={ com.facebook.wearable.system.selfcare.cloudsync.SelfCareDataCloudSyncWorker } ] was cancelled
11-19 17:20:38.346 I/WM-WorkerWrapper( 2334): java.util.concurrent.CancellationException: Task was cancelled.
11-19 17:20:38.346 I/WM-WorkerWrapper( 2334): 	at androidx.work.impl.utils.futures.AbstractFuture.getDoneValue(:32)
11-19 17:20:38.346 I/WM-WorkerWrapper( 2334): 	at androidx.work.impl.utils.futures.AbstractFuture.get(:268435546)
11-19 17:20:38.346 I/WM-WorkerWrapper( 2334): 	at androidx.work.impl.WorkerWrapper$2.run(:3)
11-19 17:20:38.346 I/WM-WorkerWrapper( 2334): 	at androidx.work.impl.utils.SerialExecutor$Task.run(:2)
11-19 17:20:38.346 I/WM-WorkerWrapper( 2334): 	at java.util.concurrent.ThreadPoolExecutor.runWorker(ThreadPoolExecutor.java:1167)
11-19 17:20:38.346 I/WM-WorkerWrapper( 2334): 	at java.util.concurrent.ThreadPoolExecutor$Worker.run(ThreadPoolExecutor.java:641)
11-19 17:20:38.346 I/WM-WorkerWrapper( 2334): 	at java.lang.Thread.run(Thread.java:923)
11-19 17:20:38.346 E/SelfCareDataCloudSyncWorker( 2334): Failed to get access token
11-19 17:20:38.346 E/SelfCareDataCloudSyncWorker( 2334): kotlinx.coroutines.JobCancellationException: Job was cancelled; job=JobImpl{Cancelling}@6eec370
11-19 17:20:38.368 D/WifiSharingService( 2866): Sending scanResults intent with status code 0: PendingIntent{27b1055: android.os.BinderProxy@656d359}
11-19 17:20:38.372 D/CompatibilityInfo( 1196): mCompatibilityFlags - 4
11-19 17:20:38.372 D/CompatibilityInfo( 1196): applicationDensity - 320
11-19 17:20:38.372 D/CompatibilityInfo( 1196): applicationScale - 1.0
11-19 17:20:38.423 D/CompatibilityInfo( 1196): mCompatibilityFlags - 4
11-19 17:20:38.423 D/CompatibilityInfo( 1196): applicationDensity - 320
11-19 17:20:38.423 D/CompatibilityInfo( 1196): applicationScale - 1.0
11-19 17:20:38.489 E/StickerBundleDatabaseWorker( 2334): Failed to fetch sticker bundles:
11-19 17:20:38.489 E/StickerBundleDatabaseWorker( 2334): kotlinx.coroutines.JobCancellationException: Job was cancelled; job=JobImpl{Cancelling}@3d4a69c
11-19 17:20:38.489 I/WM-WorkerWrapper( 2334): Work [ id=e130a2b8-40dd-4560-92fb-3ba7a92b1257, tags={ com.facebook.wearable.system.selfcare.sharing.StickerBundleDatabaseWorker } ] was cancelled
11-19 17:20:38.489 I/WM-WorkerWrapper( 2334): java.util.concurrent.CancellationException: Task was cancelled.
11-19 17:20:38.489 I/WM-WorkerWrapper( 2334): 	at androidx.work.impl.utils.futures.AbstractFuture.getDoneValue(:32)
11-19 17:20:38.489 I/WM-WorkerWrapper( 2334): 	at androidx.work.impl.utils.futures.AbstractFuture.get(:268435546)
11-19 17:20:38.489 I/WM-WorkerWrapper( 2334): 	at androidx.work.impl.WorkerWrapper$2.run(:3)
11-19 17:20:38.489 I/WM-WorkerWrapper( 2334): 	at androidx.work.impl.utils.SerialExecutor$Task.run(:2)
11-19 17:20:38.489 I/WM-WorkerWrapper( 2334): 	at java.util.concurrent.ThreadPoolExecutor.runWorker(ThreadPoolExecutor.java:1167)
11-19 17:20:38.489 I/WM-WorkerWrapper( 2334): 	at java.util.concurrent.ThreadPoolExecutor$Worker.run(ThreadPoolExecutor.java:641)
11-19 17:20:38.489 I/WM-WorkerWrapper( 2334): 	at java.lang.Thread.run(Thread.java:923)
11-19 17:20:38.490 D/SettingsSDK::SyncHelper( 2334): Read setting com.facebook.wearable.sdk.selfcare:SELFCARE_SERVICE_ENABLED from persistent cache
11-19 17:20:38.491 D/FacebookRepository( 2334): Reading from Store [906581286488774]
11-19 17:20:38.654 E/SelfCareDataCloudSyncWorker( 2334): Failed to get access token
11-19 17:20:38.654 E/SelfCareDataCloudSyncWorker( 2334): kotlinx.coroutines.JobCancellationException: Job was cancelled; job=JobImpl{Cancelling}@1552d34
11-19 17:20:38.654 I/WM-WorkerWrapper( 2334): Work [ id=cf79165d-7ab0-4916-9c30-d911d399386b, tags={ com.facebook.wearable.system.selfcare.cloudsync.SelfCareDataCloudSyncWorker } ] was cancelled
11-19 17:20:38.654 I/WM-WorkerWrapper( 2334): java.util.concurrent.CancellationException: Task was cancelled.
11-19 17:20:38.654 I/WM-WorkerWrapper( 2334): 	at androidx.work.impl.utils.futures.AbstractFuture.getDoneValue(:32)
11-19 17:20:38.654 I/WM-WorkerWrapper( 2334): 	at androidx.work.impl.utils.futures.AbstractFuture.get(:268435546)
11-19 17:20:38.654 I/WM-WorkerWrapper( 2334): 	at androidx.work.impl.WorkerWrapper$2.run(:3)
11-19 17:20:38.654 I/WM-WorkerWrapper( 2334): 	at androidx.work.impl.utils.SerialExecutor$Task.run(:2)
11-19 17:20:38.654 I/WM-WorkerWrapper( 2334): 	at java.util.concurrent.ThreadPoolExecutor.runWorker(ThreadPoolExecutor.java:1167)
11-19 17:20:38.654 I/WM-WorkerWrapper( 2334): 	at java.util.concurrent.ThreadPoolExecutor$Worker.run(ThreadPoolExecutor.java:641)
11-19 17:20:38.654 I/WM-WorkerWrapper( 2334): 	at java.lang.Thread.run(Thread.java:923)
11-19 17:20:38.727 D/CompatibilityInfo( 1196): mCompatibilityFlags - 4
11-19 17:20:38.727 D/CompatibilityInfo( 1196): applicationDensity - 320
11-19 17:20:38.727 D/CompatibilityInfo( 1196): applicationScale - 1.0
11-19 17:20:38.782 E/StickerBundleDatabaseWorker( 2334): Failed to fetch sticker bundles:
11-19 17:20:38.782 E/StickerBundleDatabaseWorker( 2334): kotlinx.coroutines.JobCancellationException: Job was cancelled; job=JobImpl{Cancelling}@d60fc59
11-19 17:20:38.782 I/WM-WorkerWrapper( 2334): Work [ id=e130a2b8-40dd-4560-92fb-3ba7a92b1257, tags={ com.facebook.wearable.system.selfcare.sharing.StickerBundleDatabaseWorker } ] was cancelled
11-19 17:20:38.782 I/WM-WorkerWrapper( 2334): java.util.concurrent.CancellationException: Task was cancelled.
11-19 17:20:38.782 I/WM-WorkerWrapper( 2334): 	at androidx.work.impl.utils.futures.AbstractFuture.getDoneValue(:32)
11-19 17:20:38.782 I/WM-WorkerWrapper( 2334): 	at androidx.work.impl.utils.futures.AbstractFuture.get(:268435546)
11-19 17:20:38.782 I/WM-WorkerWrapper( 2334): 	at androidx.work.impl.WorkerWrapper$2.run(:3)
11-19 17:20:38.782 I/WM-WorkerWrapper( 2334): 	at androidx.work.impl.utils.SerialExecutor$Task.run(:2)
11-19 17:20:38.782 I/WM-WorkerWrapper( 2334): 	at java.util.concurrent.ThreadPoolExecutor.runWorker(ThreadPoolExecutor.java:1167)
11-19 17:20:38.782 I/WM-WorkerWrapper( 2334): 	at java.util.concurrent.ThreadPoolExecutor$Worker.run(ThreadPoolExecutor.java:641)
11-19 17:20:38.782 I/WM-WorkerWrapper( 2334): 	at java.lang.Thread.run(Thread.java:923)
11-19 17:20:38.782 D/SettingsSDK::SyncHelper( 2334): Read setting com.facebook.wearable.sdk.selfcare:SELFCARE_SERVICE_ENABLED from persistent cache
11-19 17:20:38.783 D/FacebookRepository( 2334): Reading from Store [906581286488774]
11-19 17:20:38.973 E/SelfCareDataCloudSyncWorker( 2334): Failed to get access token
11-19 17:20:38.973 E/SelfCareDataCloudSyncWorker( 2334): kotlinx.coroutines.JobCancellationException: Job was cancelled; job=JobImpl{Cancelling}@1fab4f6
11-19 17:20:38.973 I/WM-WorkerWrapper( 2334): Work [ id=cf79165d-7ab0-4916-9c30-d911d399386b, tags={ com.facebook.wearable.system.selfcare.cloudsync.SelfCareDataCloudSyncWorker } ] was cancelled
11-19 17:20:38.973 I/WM-WorkerWrapper( 2334): java.util.concurrent.CancellationException: Task was cancelled.
11-19 17:20:38.973 I/WM-WorkerWrapper( 2334): 	at androidx.work.impl.utils.futures.AbstractFuture.getDoneValue(:32)
11-19 17:20:38.973 I/WM-WorkerWrapper( 2334): 	at androidx.work.impl.utils.futures.AbstractFuture.get(:268435546)
11-19 17:20:38.973 I/WM-WorkerWrapper( 2334): 	at androidx.work.impl.WorkerWrapper$2.run(:3)
11-19 17:20:38.973 I/WM-WorkerWrapper( 2334): 	at androidx.work.impl.utils.SerialExecutor$Task.run(:2)
11-19 17:20:38.973 I/WM-WorkerWrapper( 2334): 	at java.util.concurrent.ThreadPoolExecutor.runWorker(ThreadPoolExecutor.java:1167)
11-19 17:20:38.973 I/WM-WorkerWrapper( 2334): 	at java.util.concurrent.ThreadPoolExecutor$Worker.run(ThreadPoolExecutor.java:641)
11-19 17:20:38.973 I/WM-WorkerWrapper( 2334): 	at java.lang.Thread.run(Thread.java:923)
11-19 17:20:39.053 D/CompatibilityInfo( 1196): mCompatibilityFlags - 4
11-19 17:20:39.053 D/CompatibilityInfo( 1196): applicationDensity - 320
11-19 17:20:39.053 D/CompatibilityInfo( 1196): applicationScale - 1.0
11-19 17:20:39.107 E/StickerBundleDatabaseWorker( 2334): Failed to fetch sticker bundles:
11-19 17:20:39.107 E/StickerBundleDatabaseWorker( 2334): kotlinx.coroutines.JobCancellationException: Job was cancelled; job=JobImpl{Cancelling}@a02e593
11-19 17:20:39.108 I/WM-WorkerWrapper( 2334): Work [ id=e130a2b8-40dd-4560-92fb-3ba7a92b1257, tags={ com.facebook.wearable.system.selfcare.sharing.StickerBundleDatabaseWorker } ] was cancelled
11-19 17:20:39.108 I/WM-WorkerWrapper( 2334): java.util.concurrent.CancellationException: Task was cancelled.
11-19 17:20:39.108 I/WM-WorkerWrapper( 2334): 	at androidx.work.impl.utils.futures.AbstractFuture.getDoneValue(:32)
11-19 17:20:39.108 I/WM-WorkerWrapper( 2334): 	at androidx.work.impl.utils.futures.AbstractFuture.get(:268435546)
11-19 17:20:39.108 I/WM-WorkerWrapper( 2334): 	at androidx.work.impl.WorkerWrapper$2.run(:3)
11-19 17:20:39.108 I/WM-WorkerWrapper( 2334): 	at androidx.work.impl.utils.SerialExecutor$Task.run(:2)
11-19 17:20:39.108 I/WM-WorkerWrapper( 2334): 	at java.util.concurrent.ThreadPoolExecutor.runWorker(ThreadPoolExecutor.java:1167)
11-19 17:20:39.108 I/WM-WorkerWrapper( 2334): 	at java.util.concurrent.ThreadPoolExecutor$Worker.run(ThreadPoolExecutor.java:641)
11-19 17:20:39.108 I/WM-WorkerWrapper( 2334): 	at java.lang.Thread.run(Thread.java:923)
11-19 17:20:39.108 D/SettingsSDK::SyncHelper( 2334): Read setting com.facebook.wearable.sdk.selfcare:SELFCARE_SERVICE_ENABLED from persistent cache
11-19 17:20:39.109 D/FacebookRepository( 2334): Reading from Store [906581286488774]
11-19 17:20:39.283 E/SelfCareDataCloudSyncWorker( 2334): Failed to get access token
11-19 17:20:39.283 E/SelfCareDataCloudSyncWorker( 2334): kotlinx.coroutines.JobCancellationException: Job was cancelled; job=JobImpl{Cancelling}@a5f740b
11-19 17:20:39.283 I/WM-WorkerWrapper( 2334): Work [ id=cf79165d-7ab0-4916-9c30-d911d399386b, tags={ com.facebook.wearable.system.selfcare.cloudsync.SelfCareDataCloudSyncWorker } ] was cancelled
11-19 17:20:39.283 I/WM-WorkerWrapper( 2334): java.util.concurrent.CancellationException: Task was cancelled.
11-19 17:20:39.283 I/WM-WorkerWrapper( 2334): 	at androidx.work.impl.utils.futures.AbstractFuture.getDoneValue(:32)
11-19 17:20:39.283 I/WM-WorkerWrapper( 2334): 	at androidx.work.impl.utils.futures.AbstractFuture.get(:268435546)
11-19 17:20:39.283 I/WM-WorkerWrapper( 2334): 	at androidx.work.impl.WorkerWrapper$2.run(:3)
11-19 17:20:39.283 I/WM-WorkerWrapper( 2334): 	at androidx.work.impl.utils.SerialExecutor$Task.run(:2)
11-19 17:20:39.283 I/WM-WorkerWrapper( 2334): 	at java.util.concurrent.ThreadPoolExecutor.runWorker(ThreadPoolExecutor.java:1167)
11-19 17:20:39.283 I/WM-WorkerWrapper( 2334): 	at java.util.concurrent.ThreadPoolExecutor$Worker.run(ThreadPoolExecutor.java:641)
11-19 17:20:39.283 I/WM-WorkerWrapper( 2334): 	at java.lang.Thread.run(Thread.java:923)
11-19 17:20:39.365 D/CompatibilityInfo( 1196): mCompatibilityFlags - 4
11-19 17:20:39.366 D/CompatibilityInfo( 1196): applicationDensity - 320
11-19 17:20:39.366 D/CompatibilityInfo( 1196): applicationScale - 1.0
11-19 17:20:39.377 W/HWComposer(  597): Ignoring duplicate VSYNC event from HWC for display 0 (t=5469736633381)
11-19 17:20:39.394 W/HWComposer(  597): Ignoring duplicate VSYNC event from HWC for display 0 (t=5469753573537)
11-19 17:20:39.417 E/StickerBundleDatabaseWorker( 2334): Failed to fetch sticker bundles:
11-19 17:20:39.417 E/StickerBundleDatabaseWorker( 2334): kotlinx.coroutines.JobCancellationException: Job was cancelled; job=JobImpl{Cancelling}@38f45e7
11-19 17:20:39.417 I/WM-WorkerWrapper( 2334): Work [ id=e130a2b8-40dd-4560-92fb-3ba7a92b1257, tags={ com.facebook.wearable.system.selfcare.sharing.StickerBundleDatabaseWorker } ] was cancelled
11-19 17:20:39.417 I/WM-WorkerWrapper( 2334): java.util.concurrent.CancellationException: Task was cancelled.
11-19 17:20:39.417 I/WM-WorkerWrapper( 2334): 	at androidx.work.impl.utils.futures.AbstractFuture.getDoneValue(:32)
11-19 17:20:39.417 I/WM-WorkerWrapper( 2334): 	at androidx.work.impl.utils.futures.AbstractFuture.get(:268435546)
11-19 17:20:39.417 I/WM-WorkerWrapper( 2334): 	at androidx.work.impl.WorkerWrapper$2.run(:3)
11-19 17:20:39.417 I/WM-WorkerWrapper( 2334): 	at androidx.work.impl.utils.SerialExecutor$Task.run(:2)
11-19 17:20:39.417 I/WM-WorkerWrapper( 2334): 	at java.util.concurrent.ThreadPoolExecutor.runWorker(ThreadPoolExecutor.java:1167)
11-19 17:20:39.417 I/WM-WorkerWrapper( 2334): 	at java.util.concurrent.ThreadPoolExecutor$Worker.run(ThreadPoolExecutor.java:641)
11-19 17:20:39.417 I/WM-WorkerWrapper( 2334): 	at java.lang.Thread.run(Thread.java:923)
11-19 17:20:39.417 D/SettingsSDK::SyncHelper( 2334): Read setting com.facebook.wearable.sdk.selfcare:SELFCARE_SERVICE_ENABLED from persistent cache
11-19 17:20:39.418 D/FacebookRepository( 2334): Reading from Store [906581286488774]
11-19 17:20:39.583 I/WM-WorkerWrapper( 2334): Work [ id=cf79165d-7ab0-4916-9c30-d911d399386b, tags={ com.facebook.wearable.system.selfcare.cloudsync.SelfCareDataCloudSyncWorker } ] was cancelled
11-19 17:20:39.583 I/WM-WorkerWrapper( 2334): java.util.concurrent.CancellationException: Task was cancelled.
11-19 17:20:39.583 I/WM-WorkerWrapper( 2334): 	at androidx.work.impl.utils.futures.AbstractFuture.getDoneValue(:32)
11-19 17:20:39.583 I/WM-WorkerWrapper( 2334): 	at androidx.work.impl.utils.futures.AbstractFuture.get(:268435546)
11-19 17:20:39.583 I/WM-WorkerWrapper( 2334): 	at androidx.work.impl.WorkerWrapper$2.run(:3)
11-19 17:20:39.583 I/WM-WorkerWrapper( 2334): 	at androidx.work.impl.utils.SerialExecutor$Task.run(:2)
11-19 17:20:39.583 I/WM-WorkerWrapper( 2334): 	at java.util.concurrent.ThreadPoolExecutor.runWorker(ThreadPoolExecutor.java:1167)
11-19 17:20:39.583 I/WM-WorkerWrapper( 2334): 	at java.util.concurrent.ThreadPoolExecutor$Worker.run(ThreadPoolExecutor.java:641)
11-19 17:20:39.583 I/WM-WorkerWrapper( 2334): 	at java.lang.Thread.run(Thread.java:923)
11-19 17:20:39.584 E/SelfCareDataCloudSyncWorker( 2334): Failed to get access token
11-19 17:20:39.584 E/SelfCareDataCloudSyncWorker( 2334): kotlinx.coroutines.JobCancellationException: Job was cancelled; job=JobImpl{Cancelling}@f4fc32c
11-19 17:20:39.654 D/CompatibilityInfo( 1196): mCompatibilityFlags - 4
11-19 17:20:39.654 D/CompatibilityInfo( 1196): applicationDensity - 320
11-19 17:20:39.654 D/CompatibilityInfo( 1196): applicationScale - 1.0
11-19 17:20:39.714 E/StickerBundleDatabaseWorker( 2334): Failed to fetch sticker bundles:
11-19 17:20:39.714 E/StickerBundleDatabaseWorker( 2334): kotlinx.coroutines.JobCancellationException: Job was cancelled; job=JobImpl{Cancelling}@53c7871
11-19 17:20:39.715 I/WM-WorkerWrapper( 2334): Work [ id=e130a2b8-40dd-4560-92fb-3ba7a92b1257, tags={ com.facebook.wearable.system.selfcare.sharing.StickerBundleDatabaseWorker } ] was cancelled
11-19 17:20:39.715 I/WM-WorkerWrapper( 2334): java.util.concurrent.CancellationException: Task was cancelled.
11-19 17:20:39.715 I/WM-WorkerWrapper( 2334): 	at androidx.work.impl.utils.futures.AbstractFuture.getDoneValue(:32)
11-19 17:20:39.715 I/WM-WorkerWrapper( 2334): 	at androidx.work.impl.utils.futures.AbstractFuture.get(:268435546)
11-19 17:20:39.715 I/WM-WorkerWrapper( 2334): 	at androidx.work.impl.WorkerWrapper$2.run(:3)
11-19 17:20:39.715 I/WM-WorkerWrapper( 2334): 	at androidx.work.impl.utils.SerialExecutor$Task.run(:2)
11-19 17:20:39.715 I/WM-WorkerWrapper( 2334): 	at java.util.concurrent.ThreadPoolExecutor.runWorker(ThreadPoolExecutor.java:1167)
11-19 17:20:39.715 I/WM-WorkerWrapper( 2334): 	at java.util.concurrent.ThreadPoolExecutor$Worker.run(ThreadPoolExecutor.java:641)
11-19 17:20:39.715 I/WM-WorkerWrapper( 2334): 	at java.lang.Thread.run(Thread.java:923)
11-19 17:20:39.715 D/SettingsSDK::SyncHelper( 2334): Read setting com.facebook.wearable.sdk.selfcare:SELFCARE_SERVICE_ENABLED from persistent cache
11-19 17:20:39.715 D/FacebookRepository( 2334): Reading from Store [906581286488774]
11-19 17:20:39.901 E/SelfCareDataCloudSyncWorker( 2334): Failed to get access token
11-19 17:20:39.901 E/SelfCareDataCloudSyncWorker( 2334): kotlinx.coroutines.JobCancellationException: Job was cancelled; job=JobImpl{Cancelling}@f60c4a9
11-19 17:20:39.902 I/WM-WorkerWrapper( 2334): Work [ id=cf79165d-7ab0-4916-9c30-d911d399386b, tags={ com.facebook.wearable.system.selfcare.cloudsync.SelfCareDataCloudSyncWorker } ] was cancelled
11-19 17:20:39.902 I/WM-WorkerWrapper( 2334): java.util.concurrent.CancellationException: Task was cancelled.
11-19 17:20:39.902 I/WM-WorkerWrapper( 2334): 	at androidx.work.impl.utils.futures.AbstractFuture.getDoneValue(:32)
11-19 17:20:39.902 I/WM-WorkerWrapper( 2334): 	at androidx.work.impl.utils.futures.AbstractFuture.get(:268435546)
11-19 17:20:39.902 I/WM-WorkerWrapper( 2334): 	at androidx.work.impl.WorkerWrapper$2.run(:3)
11-19 17:20:39.902 I/WM-WorkerWrapper( 2334): 	at androidx.work.impl.utils.SerialExecutor$Task.run(:2)
11-19 17:20:39.902 I/WM-WorkerWrapper( 2334): 	at java.util.concurrent.ThreadPoolExecutor.runWorker(ThreadPoolExecutor.java:1167)
11-19 17:20:39.902 I/WM-WorkerWrapper( 2334): 	at java.util.concurrent.ThreadPoolExecutor$Worker.run(ThreadPoolExecutor.java:641)
11-19 17:20:39.902 I/WM-WorkerWrapper( 2334): 	at java.lang.Thread.run(Thread.java:923)
11-19 17:20:39.980 D/CompatibilityInfo( 1196): mCompatibilityFlags - 4
11-19 17:20:39.980 D/CompatibilityInfo( 1196): applicationDensity - 320
11-19 17:20:39.980 D/CompatibilityInfo( 1196): applicationScale - 1.0
11-19 17:20:40.038 E/StickerBundleDatabaseWorker( 2334): Failed to fetch sticker bundles:
11-19 17:20:40.038 E/StickerBundleDatabaseWorker( 2334): kotlinx.coroutines.JobCancellationException: Job was cancelled; job=JobImpl{Cancelling}@7580265
11-19 17:20:40.039 I/WM-WorkerWrapper( 2334): Work [ id=e130a2b8-40dd-4560-92fb-3ba7a92b1257, tags={ com.facebook.wearable.system.selfcare.sharing.StickerBundleDatabaseWorker } ] was cancelled
11-19 17:20:40.039 I/WM-WorkerWrapper( 2334): java.util.concurrent.CancellationException: Task was cancelled.
11-19 17:20:40.039 I/WM-WorkerWrapper( 2334): 	at androidx.work.impl.utils.futures.AbstractFuture.getDoneValue(:32)
11-19 17:20:40.039 I/WM-WorkerWrapper( 2334): 	at androidx.work.impl.utils.futures.AbstractFuture.get(:268435546)
11-19 17:20:40.039 I/WM-WorkerWrapper( 2334): 	at androidx.work.impl.WorkerWrapper$2.run(:3)
11-19 17:20:40.039 I/WM-WorkerWrapper( 2334): 	at androidx.work.impl.utils.SerialExecutor$Task.run(:2)
11-19 17:20:40.039 I/WM-WorkerWrapper( 2334): 	at java.util.concurrent.ThreadPoolExecutor.runWorker(ThreadPoolExecutor.java:1167)
11-19 17:20:40.039 I/WM-WorkerWrapper( 2334): 	at java.util.concurrent.ThreadPoolExecutor$Worker.run(ThreadPoolExecutor.java:641)
11-19 17:20:40.039 I/WM-WorkerWrapper( 2334): 	at java.lang.Thread.run(Thread.java:923)
11-19 17:20:40.039 D/SettingsSDK::SyncHelper( 2334): Read setting com.facebook.wearable.sdk.selfcare:SELFCARE_SERVICE_ENABLED from persistent cache
11-19 17:20:40.039 D/FacebookRepository( 2334): Reading from Store [906581286488774]
11-19 17:20:40.221 E/SelfCareDataCloudSyncWorker( 2334): Failed to get access token
11-19 17:20:40.221 E/SelfCareDataCloudSyncWorker( 2334): kotlinx.coroutines.JobCancellationException: Job was cancelled; job=JobImpl{Cancelling}@898b792
11-19 17:20:40.221 I/WM-WorkerWrapper( 2334): Work [ id=cf79165d-7ab0-4916-9c30-d911d399386b, tags={ com.facebook.wearable.system.selfcare.cloudsync.SelfCareDataCloudSyncWorker } ] was cancelled
11-19 17:20:40.221 I/WM-WorkerWrapper( 2334): java.util.concurrent.CancellationException: Task was cancelled.
11-19 17:20:40.221 I/WM-WorkerWrapper( 2334): 	at androidx.work.impl.utils.futures.AbstractFuture.getDoneValue(:32)
11-19 17:20:40.221 I/WM-WorkerWrapper( 2334): 	at androidx.work.impl.utils.futures.AbstractFuture.get(:268435546)
11-19 17:20:40.221 I/WM-WorkerWrapper( 2334): 	at androidx.work.impl.WorkerWrapper$2.run(:3)
11-19 17:20:40.221 I/WM-WorkerWrapper( 2334): 	at androidx.work.impl.utils.SerialExecutor$Task.run(:2)
11-19 17:20:40.221 I/WM-WorkerWrapper( 2334): 	at java.util.concurrent.ThreadPoolExecutor.runWorker(ThreadPoolExecutor.java:1167)
11-19 17:20:40.221 I/WM-WorkerWrapper( 2334): 	at java.util.concurrent.ThreadPoolExecutor$Worker.run(ThreadPoolExecutor.java:641)
11-19 17:20:40.221 I/WM-WorkerWrapper( 2334): 	at java.lang.Thread.run(Thread.java:923)
11-19 17:20:40.291 D/CompatibilityInfo( 1196): mCompatibilityFlags - 4
11-19 17:20:40.291 D/CompatibilityInfo( 1196): applicationDensity - 320
11-19 17:20:40.291 D/CompatibilityInfo( 1196): applicationScale - 1.0
11-19 17:20:40.352 E/StickerBundleDatabaseWorker( 2334): Failed to fetch sticker bundles:
11-19 17:20:40.352 E/StickerBundleDatabaseWorker( 2334): kotlinx.coroutines.JobCancellationException: Job was cancelled; job=JobImpl{Cancelling}@68164bf
11-19 17:20:40.353 I/WM-WorkerWrapper( 2334): Work [ id=e130a2b8-40dd-4560-92fb-3ba7a92b1257, tags={ com.facebook.wearable.system.selfcare.sharing.StickerBundleDatabaseWorker } ] was cancelled
11-19 17:20:40.353 I/WM-WorkerWrapper( 2334): java.util.concurrent.CancellationException: Task was cancelled.
11-19 17:20:40.353 I/WM-WorkerWrapper( 2334): 	at androidx.work.impl.utils.futures.AbstractFuture.getDoneValue(:32)
11-19 17:20:40.353 I/WM-WorkerWrapper( 2334): 	at androidx.work.impl.utils.futures.AbstractFuture.get(:268435546)
11-19 17:20:40.353 I/WM-WorkerWrapper( 2334): 	at androidx.work.impl.WorkerWrapper$2.run(:3)
11-19 17:20:40.353 I/WM-WorkerWrapper( 2334): 	at androidx.work.impl.utils.SerialExecutor$Task.run(:2)
11-19 17:20:40.353 I/WM-WorkerWrapper( 2334): 	at java.util.concurrent.ThreadPoolExecutor.runWorker(ThreadPoolExecutor.java:1167)
11-19 17:20:40.353 I/WM-WorkerWrapper( 2334): 	at java.util.concurrent.ThreadPoolExecutor$Worker.run(ThreadPoolExecutor.java:641)
11-19 17:20:40.353 I/WM-WorkerWrapper( 2334): 	at java.lang.Thread.run(Thread.java:923)
11-19 17:20:40.353 D/SettingsSDK::SyncHelper( 2334): Read setting com.facebook.wearable.sdk.selfcare:SELFCARE_SERVICE_ENABLED from persistent cache
11-19 17:20:40.353 D/FacebookRepository( 2334): Reading from Store [906581286488774]
11-19 17:20:40.541 E/SelfCareDataCloudSyncWorker( 2334): Failed to get access token
11-19 17:20:40.541 E/SelfCareDataCloudSyncWorker( 2334): kotlinx.coroutines.JobCancellationException: Job was cancelled; job=JobImpl{Cancelling}@4712cb7
11-19 17:20:40.542 I/WM-WorkerWrapper( 2334): Work [ id=cf79165d-7ab0-4916-9c30-d911d399386b, tags={ com.facebook.wearable.system.selfcare.cloudsync.SelfCareDataCloudSyncWorker } ] was cancelled
11-19 17:20:40.542 I/WM-WorkerWrapper( 2334): java.util.concurrent.CancellationException: Task was cancelled.
11-19 17:20:40.542 I/WM-WorkerWrapper( 2334): 	at androidx.work.impl.utils.futures.AbstractFuture.getDoneValue(:32)
11-19 17:20:40.542 I/WM-WorkerWrapper( 2334): 	at androidx.work.impl.utils.futures.AbstractFuture.get(:268435546)
11-19 17:20:40.542 I/WM-WorkerWrapper( 2334): 	at androidx.work.impl.WorkerWrapper$2.run(:3)
11-19 17:20:40.542 I/WM-WorkerWrapper( 2334): 	at androidx.work.impl.utils.SerialExecutor$Task.run(:2)
11-19 17:20:40.542 I/WM-WorkerWrapper( 2334): 	at java.util.concurrent.ThreadPoolExecutor.runWorker(ThreadPoolExecutor.java:1167)
11-19 17:20:40.542 I/WM-WorkerWrapper( 2334): 	at java.util.concurrent.ThreadPoolExecutor$Worker.run(ThreadPoolExecutor.java:641)
11-19 17:20:40.542 I/WM-WorkerWrapper( 2334): 	at java.lang.Thread.run(Thread.java:923)
11-19 17:20:40.622 D/CompatibilityInfo( 1196): mCompatibilityFlags - 4
11-19 17:20:40.622 D/CompatibilityInfo( 1196): applicationDensity - 320
11-19 17:20:40.622 D/CompatibilityInfo( 1196): applicationScale - 1.0
11-19 17:20:40.678 E/StickerBundleDatabaseWorker( 2334): Failed to fetch sticker bundles:
11-19 17:20:40.678 E/StickerBundleDatabaseWorker( 2334): kotlinx.coroutines.JobCancellationException: Job was cancelled; job=JobImpl{Cancelling}@561dd53
11-19 17:20:40.678 I/WM-WorkerWrapper( 2334): Work [ id=e130a2b8-40dd-4560-92fb-3ba7a92b1257, tags={ com.facebook.wearable.system.selfcare.sharing.StickerBundleDatabaseWorker } ] was cancelled
11-19 17:20:40.678 I/WM-WorkerWrapper( 2334): java.util.concurrent.CancellationException: Task was cancelled.
11-19 17:20:40.678 I/WM-WorkerWrapper( 2334): 	at androidx.work.impl.utils.futures.AbstractFuture.getDoneValue(:32)
11-19 17:20:40.678 I/WM-WorkerWrapper( 2334): 	at androidx.work.impl.utils.futures.AbstractFuture.get(:268435546)
11-19 17:20:40.678 I/WM-WorkerWrapper( 2334): 	at androidx.work.impl.WorkerWrapper$2.run(:3)
11-19 17:20:40.678 I/WM-WorkerWrapper( 2334): 	at androidx.work.impl.utils.SerialExecutor$Task.run(:2)
11-19 17:20:40.678 I/WM-WorkerWrapper( 2334): 	at java.util.concurrent.ThreadPoolExecutor.runWorker(ThreadPoolExecutor.java:1167)
11-19 17:20:40.678 I/WM-WorkerWrapper( 2334): 	at java.util.concurrent.ThreadPoolExecutor$Worker.run(ThreadPoolExecutor.java:641)
11-19 17:20:40.678 I/WM-WorkerWrapper( 2334): 	at java.lang.Thread.run(Thread.java:923)
11-19 17:20:40.679 D/SettingsSDK::SyncHelper( 2334): Read setting com.facebook.wearable.sdk.selfcare:SELFCARE_SERVICE_ENABLED from persistent cache
11-19 17:20:40.680 D/FacebookRepository( 2334): Reading from Store [906581286488774]
11-19 17:20:40.708 D/UIAutomatorStub( 5833): URI: /jsonrpc/0, Method: POST, Header: {content-length=229, remote-addr=127.0.0.1, http-client-ip=127.0.0.1, host=localhost:9011, content-type=application/json, accept-encoding=identity}, params, {NanoHttpd.QUERY_STRING=null}, files: {postData={"jsonrpc": "2.0", "method": "objInfo", "id": "43744207f10b38ef6514f7877f2bfcbb", "params": [{"mask": 2097152, "childOrSibling": [], "childOrSiblingSelector": [], "resourceId": "com.facebook.wearable.system.settings:id/toggle"}]}}
11-19 17:20:40.781 D/UIAutomatorStub( 5833): URI: /jsonrpc/0, Method: POST, Header: {content-length=227, remote-addr=127.0.0.1, http-client-ip=127.0.0.1, host=localhost:9011, content-type=application/json, accept-encoding=identity}, params, {NanoHttpd.QUERY_STRING=null}, files: {postData={"jsonrpc": "2.0", "method": "click", "id": "16b9896a1f4c2c2c8ae5e527f07e906f", "params": [{"mask": 2097152, "childOrSibling": [], "childOrSiblingSelector": [], "resourceId": "com.facebook.wearable.system.settings:id/toggle"}]}}
11-19 17:20:40.828 D/WifiSharingService( 2866): Setting Wi-Fi enabled state
11-19 17:20:40.831 I/WifiService( 1196): setWifiEnabled package=com.facebook.wearable.system.connectivity uid=1000 enable=false
11-19 17:20:40.833 D/WifiActiveModeWarden( 1196): Switching all client mode managers
11-19 17:20:40.836 D/BluetoothAdapterService( 1699): android.net.wifi.WIFI_STATE_CHANGED
11-19 17:20:40.844 D/QCNEJ/WlanStaInfoRelay( 1887): onChange for uri = content://settings/global/wifi_on
11-19 17:20:40.848 E/QMI_FW  (  883): qmi_cci_get_ref: ref count increased 2
11-19 17:20:40.849 D/WifiClientModeManager0( 1196): IMS not registered over IWLAN for subId: 1
11-19 17:20:40.849 D/WifiP2pService( 1196): Wifi enabled=false, P2P Interface availability=true
11-19 17:20:40.849 D/WifiClientModeManager0( 1196): The target role 5
11-19 17:20:40.851 D/WifiP2pNative( 1196): Teardown P2P interface
11-19 17:20:40.857 W/ContextImpl( 1196): Calling a method in the system process without a qualified user: android.app.ContextImpl.sendBroadcastMultiplePermissions:1143 android.content.Context.sendBroadcastWithMultiplePermissions:2150 com.android.server.display.WifiDisplayAdapter.handleSendStatusChangeBroadcast:440 com.android.server.display.WifiDisplayAdapter.access$1700:63 com.android.server.display.WifiDisplayAdapter$WifiDisplayHandler.handleMessage:675 
11-19 17:20:40.859 D/WifiP2pService( 1196): Wifi enabled=false, P2P Interface availability=true
11-19 17:20:40.864 I/android_os_HwBinder( 1196): HwBinder: Starting thread pool for getting: android.hardware.wifi.supplicant@1.0::ISupplicant/default
11-19 17:20:40.867 I/wpa_supplicant( 9797): wlan0: Do not deauthenticate as part of interface deinit since WoWLAN is enabled
11-19 17:20:40.870 E/SelfCareDataCloudSyncWorker( 2334): Failed to get access token
11-19 17:20:40.870 E/SelfCareDataCloudSyncWorker( 2334): kotlinx.coroutines.JobCancellationException: Job was cancelled; job=JobImpl{Cancelling}@158c7a8
11-19 17:20:40.872 I/WM-WorkerWrapper( 2334): Work [ id=cf79165d-7ab0-4916-9c30-d911d399386b, tags={ com.facebook.wearable.system.selfcare.cloudsync.SelfCareDataCloudSyncWorker } ] was cancelled
11-19 17:20:40.872 I/WM-WorkerWrapper( 2334): java.util.concurrent.CancellationException: Task was cancelled.
11-19 17:20:40.872 I/WM-WorkerWrapper( 2334): 	at androidx.work.impl.utils.futures.AbstractFuture.getDoneValue(:32)
11-19 17:20:40.872 I/WM-WorkerWrapper( 2334): 	at androidx.work.impl.utils.futures.AbstractFuture.get(:268435546)
11-19 17:20:40.872 I/WM-WorkerWrapper( 2334): 	at androidx.work.impl.WorkerWrapper$2.run(:3)
11-19 17:20:40.872 I/WM-WorkerWrapper( 2334): 	at androidx.work.impl.utils.SerialExecutor$Task.run(:2)
11-19 17:20:40.872 I/WM-WorkerWrapper( 2334): 	at java.util.concurrent.ThreadPoolExecutor.runWorker(ThreadPoolExecutor.java:1167)
11-19 17:20:40.872 I/WM-WorkerWrapper( 2334): 	at java.util.concurrent.ThreadPoolExecutor$Worker.run(ThreadPoolExecutor.java:641)
11-19 17:20:40.872 I/WM-WorkerWrapper( 2334): 	at java.lang.Thread.run(Thread.java:923)
11-19 17:20:40.891 I/wpa_supplicant( 9797): Try to unregister vendor STA network
11-19 17:20:40.894 E/wpa_supplicant( 9797): eap_proxy: pthread_join on eap_proxy=0x7072eac
11-19 17:20:40.894 E/wpa_supplicant( 9797): eap_proxy: session not started for client = 1
11-19 17:20:40.894 E/QMI_FW  ( 9797): qmi_cci_get_ref: ref count increased 2
11-19 17:20:40.894 E/QMI_FW  ( 9797): qmi_cci_get_ref: ref count increased 2
11-19 17:20:40.894 E/wpa_supplicant( 9797): eap_proxy: Released QMI UIM service client
11-19 17:20:40.894 E/QMI_FW  ( 9797): qmi_cci_get_ref: ref count increased 2
11-19 17:20:40.894 E/QMI_FW  ( 9797): qmi_cci_get_ref: ref count increased 2
11-19 17:20:40.895 E/wpa_supplicant( 9797): eap_proxy: Released QMI EAP service client
11-19 17:20:40.895 E/wpa_supplicant( 9797): eap_proxy: session not started for client = 2
11-19 17:20:40.895 E/QMI_FW  ( 9797): qmi_cci_get_ref: ref count increased 2
11-19 17:20:40.895 E/QMI_FW  ( 9797): qmi_cci_get_ref: ref count increased 2
11-19 17:20:40.895 E/wpa_supplicant( 9797): eap_proxy: Released QMI UIM service client
11-19 17:20:40.895 E/QMI_FW  ( 9797): qmi_cci_get_ref: ref count increased 2
11-19 17:20:40.895 E/QMI_FW  ( 9797): qmi_cci_get_ref: ref count increased 2
11-19 17:20:40.896 E/wpa_supplicant( 9797): eap_proxy: Released QMI EAP service client
11-19 17:20:40.896 I/wpa_supplicant( 9797): eap_proxy: eap_proxy Deinitialzed
11-19 17:20:40.932 D/CompatibilityInfo( 1196): mCompatibilityFlags - 4
11-19 17:20:40.932 D/CompatibilityInfo( 1196): applicationDensity - 320
11-19 17:20:40.932 D/CompatibilityInfo( 1196): applicationScale - 1.0
11-19 17:20:40.941 I/wpa_supplicant( 9797): nl80211: deinit ifname=wlan0 disabled_11b_rates=0
11-19 17:20:40.982 E/StickerBundleDatabaseWorker( 2334): Failed to fetch sticker bundles:
11-19 17:20:40.982 E/StickerBundleDatabaseWorker( 2334): kotlinx.coroutines.JobCancellationException: Job was cancelled; job=JobImpl{Cancelling}@becc143
11-19 17:20:40.982 D/LOWI-9.0.0.80(  995): [LOWINetlinkSocketReceiver] processNetlinkPacket: ifname(wlan0) status(2)
11-19 17:20:40.982 D/LOWI-9.0.0.80(  995): [LOWIController] intfStateReceived: ifname(wlan0) state(2)
11-19 17:20:40.982 D/FacebookRepository( 2334): Reading from Store [906581286488774]
11-19 17:20:40.982 D/LOWI-9.0.0.80(  995): [LOWIEventReceiver] handleEvent:FROM:NA, TO:NA, REQ:NA, IREQ:NA, REQ_ID:0, RESP:NA, INFO:INTF-STATUS-UPDATE
11-19 17:20:40.984 D/LOWI-9.0.0.80(  995): [LOWIEventReceiver] Info to [INTF-STATUS-UPDATE]
11-19 17:20:40.984 D/LOWI-9.0.0.80(  995): [LOWIController] updateIntfState: WIFI enabled 2 mNlWifiStatus 2 mWifiStateEnabled 1
11-19 17:20:40.984 D/LOWI-9.0.0.80(  995): [LOWIController] isWifiEnabled: mNlWifiStatus 2 mWifiStateEnabled 1
11-19 17:20:40.989 I/wpa_supplicant( 9797): p2p0: Do not deauthenticate as part of interface deinit since WoWLAN is enabled
11-19 17:20:40.989 I/SupplicantStaIfaceHal( 1196): Terminating supplicant using HIDL
11-19 17:20:41.020 E/wpa_supplicant( 9797): eap_proxy: pthread_join on eap_proxy=0x7072fa8
11-19 17:20:41.021 E/wpa_supplicant( 9797): eap_proxy: session not started for client = 1
11-19 17:20:41.021 E/QMI_FW  ( 9797): qmi_cci_get_ref: ref count increased 2
11-19 17:20:41.021 E/QMI_FW  ( 9797): qmi_cci_get_ref: ref count increased 2
11-19 17:20:41.021 E/wpa_supplicant( 9797): eap_proxy: Released QMI UIM service client
11-19 17:20:41.021 E/QMI_FW  ( 9797): qmi_cci_get_ref: ref count increased 2
11-19 17:20:41.021 E/QMI_FW  ( 9797): qmi_cci_get_ref: ref count increased 2
11-19 17:20:41.023 E/wpa_supplicant( 9797): eap_proxy: Released QMI EAP service client
11-19 17:20:41.024 E/wpa_supplicant( 9797): eap_proxy: session not started for client = 2
11-19 17:20:41.024 E/QMI_FW  ( 9797): qmi_cci_get_ref: ref count increased 2
11-19 17:20:41.024 E/QMI_FW  ( 9797): qmi_cci_get_ref: ref count increased 2
11-19 17:20:41.024 E/wpa_supplicant( 9797): eap_proxy: Released QMI UIM service client
11-19 17:20:41.024 E/QMI_FW  ( 9797): qmi_cci_get_ref: ref count increased 2
11-19 17:20:41.024 E/QMI_FW  ( 9797): qmi_cci_get_ref: ref count increased 2
11-19 17:20:41.026 E/wpa_supplicant( 9797): eap_proxy: Released QMI EAP service client
11-19 17:20:41.026 I/wpa_supplicant( 9797): eap_proxy: eap_proxy Deinitialzed
11-19 17:20:41.062 I/wpa_supplicant( 9797): nl80211: deinit ifname=p2p0 disabled_11b_rates=0
11-19 17:20:41.121 D/LOWI-9.0.0.80(  995): [LOWINetlinkSocketReceiver] unpackRTMLinkMessage: RTM_NEWLINK - ifname p2p0, flags 0x1003 ([UP])
11-19 17:20:41.142 D/LOWI-9.0.0.80(  995): [LOWINetlinkSocketReceiver] unpackRTMLinkMessage: RTM_NEWLINK - ifname p2p0, flags 0x1002 ()
11-19 17:20:41.151 D/LOWI-9.0.0.80(  995): [LOWINetlinkSocketReceiver] unpackRTMLinkMessage: RTM_NEWLINK - ifname p2p0, flags 0x1002 ()
11-19 17:20:41.154 E/SelfCareDataCloudSyncWorker( 2334): Failed to get access token
11-19 17:20:41.154 E/SelfCareDataCloudSyncWorker( 2334): kotlinx.coroutines.JobCancellationException: Job was cancelled; job=JobImpl{Cancelling}@fa8dbb5
11-19 17:20:41.154 I/WM-WorkerWrapper( 2334): Work [ id=cf79165d-7ab0-4916-9c30-d911d399386b, tags={ com.facebook.wearable.system.selfcare.cloudsync.SelfCareDataCloudSyncWorker } ] was cancelled
11-19 17:20:41.154 I/WM-WorkerWrapper( 2334): java.util.concurrent.CancellationException: Task was cancelled.
11-19 17:20:41.154 I/WM-WorkerWrapper( 2334): 	at androidx.work.impl.utils.futures.AbstractFuture.getDoneValue(:32)
11-19 17:20:41.154 I/WM-WorkerWrapper( 2334): 	at androidx.work.impl.utils.futures.AbstractFuture.get(:268435546)
11-19 17:20:41.154 I/WM-WorkerWrapper( 2334): 	at androidx.work.impl.WorkerWrapper$2.run(:3)
11-19 17:20:41.154 I/WM-WorkerWrapper( 2334): 	at androidx.work.impl.utils.SerialExecutor$Task.run(:2)
11-19 17:20:41.154 I/WM-WorkerWrapper( 2334): 	at java.util.concurrent.ThreadPoolExecutor.runWorker(ThreadPoolExecutor.java:1167)
11-19 17:20:41.154 I/WM-WorkerWrapper( 2334): 	at java.util.concurrent.ThreadPoolExecutor$Worker.run(ThreadPoolExecutor.java:641)
11-19 17:20:41.154 I/WM-WorkerWrapper( 2334): 	at java.lang.Thread.run(Thread.java:923)
11-19 17:20:41.155 I/wpa_supplicant( 9797): Try to unregister vendor p2 interface
11-19 17:20:41.156 I/WifiP2pNative( 1196): P2P interface teardown completed
11-19 17:20:41.157 D/WifiP2pNative( 1196): P2P InterfaceDestroyedListener p2p0
11-19 17:20:41.157 D/WifiP2pNative( 1196): Ignoring stale interface destroyed listener
11-19 17:20:41.157 D/WifiP2pNative( 1196): P2P InterfaceAvailableListener true
11-19 17:20:41.157 D/WifiP2pService( 1196): Wifi enabled=false, P2P Interface availability=true
11-19 17:20:41.159 I/android_os_HwBinder( 1196): HwBinder: Starting thread pool for getting: android.hardware.wifi.supplicant@1.0::ISupplicant/default
11-19 17:20:41.163 I/wpa_supplicant( 9797): Terminating...
11-19 17:20:41.164 D/LOWI-9.0.0.80(  995): [LOWINetlinkSocketReceiver] unpackRTMLinkMessage: RTM_NEWLINK - ifname wlan0, flags 0x1003 ([UP])
11-19 17:20:41.164 D/LOWI-9.0.0.80(  995): [LOWINetlinkSocketReceiver] processNetlinkPacket: ifname(wlan0) status(1)
11-19 17:20:41.164 D/LOWI-9.0.0.80(  995): [LOWIController] intfStateReceived: ifname(wlan0) state(1)
11-19 17:20:41.164 D/LOWI-9.0.0.80(  995): [LOWIEventReceiver] handleEvent:FROM:NA, TO:NA, REQ:NA, IREQ:NA, REQ_ID:0, RESP:NA, INFO:INTF-STATUS-UPDATE
11-19 17:20:41.164 D/LOWI-9.0.0.80(  995): [LOWIEventReceiver] Info to [INTF-STATUS-UPDATE]
