11-20 00:29:41.102 I/android_os_HwBinder( 1194): HwBinder: Starting thread pool for getting: android.hardware.wifi.supplicant@1.0::ISupplicant/default
11-20 00:29:41.104 I/wpa_supplicant(21419): Terminating...
11-20 00:29:41.106 D/LOWI-9.0.0.80( 1024): [LOWINetlinkSocketReceiver] unpackRTMLinkMessage: RTM_NEWLINK - ifname wlan0, flags 0x1003 ([UP])
11-20 00:29:41.106 D/LOWI-9.0.0.80( 1024): [LOWINetlinkSocketReceiver] processNetlinkPacket: ifname(wlan0) status(1)
11-20 00:29:41.106 D/LOWI-9.0.0.80( 1024): [LOWIController] intfStateReceived: ifname(wlan0) state(1)
11-20 00:29:41.106 D/LOWI-9.0.0.80( 1024): [LOWIEventReceiver] handleEvent:FROM:NA, TO:NA, REQ:NA, IREQ:NA, REQ_ID:0, RESP:NA, INFO:INTF-STATUS-UPDATE
11-20 00:29:41.106 D/LOWI-9.0.0.80( 1024): [LOWIEventReceiver] Info to [INTF-STATUS-UPDATE]
11-20 00:29:41.106 D/LOWI-9.0.0.80( 1024): [LOWIController] updateIntfState: WIFI enabled 1 mNlWifiStatus 2 mWifiStateEnabled 1
11-20 00:29:41.106 D/LOWI-9.0.0.80( 1024): [LOWIController] isWifiEnabled: mNlWifiStatus 1 mWifiStateEnabled 1
11-20 00:29:41.147 W/SupplicantP2pIfaceHal( 1194): ISupplicant/ISupplicantP2pIface died: cookie=0
11-20 00:29:41.147 D/SupplicantStaIfaceHal( 1194): ISupplicant died: cookie=7772918243859032631
11-20 00:29:41.147 W/SupplicantP2pIfaceHal( 1194): ISupplicantVendor/ISupplicantVendorP2PIface died: cookie=0
11-20 00:29:41.147 W/SupplicantP2pIfaceHal( 1194): ISupplicant/ISupplicantP2pIface died: cookie=0
11-20 00:29:41.148 W/SupplicantP2pIfaceHal( 1194): ISupplicantVendor/ISupplicantVendorP2PIface died: cookie=0
11-20 00:29:41.148 D/LOWI-9.0.0.80( 1024): [LOWINetlinkSocketReceiver] unpackRTMLinkMessage: RTM_NEWLINK - ifname wlan0, flags 0x1003 ([UP])
11-20 00:29:41.148 D/LOWI-9.0.0.80( 1024): [LOWINetlinkSocketReceiver] processNetlinkPacket: ifname(wlan0) status(1)
11-20 00:29:41.148 D/LOWI-9.0.0.80( 1024): [LOWIController] intfStateReceived: ifname(wlan0) state(1)
11-20 00:29:41.148 D/LOWI-9.0.0.80( 1024): [LOWIEventReceiver] handleEvent:FROM:NA, TO:NA, REQ:NA, IREQ:NA, REQ_ID:0, RESP:NA, INFO:INTF-STATUS-UPDATE
11-20 00:29:41.148 D/LOWI-9.0.0.80( 1024): [LOWIEventReceiver] Info to [INTF-STATUS-UPDATE]
11-20 00:29:41.148 D/LOWI-9.0.0.80( 1024): [LOWIController] updateIntfState: WIFI enabled 1 mNlWifiStatus 1 mWifiStateEnabled 1
11-20 00:29:41.148 D/LOWI-9.0.0.80( 1024): [LOWIController] isWifiEnabled: mNlWifiStatus 1 mWifiStateEnabled 1
11-20 00:29:41.150 V/WifiHAL (  539): event received NL80211_CMD_DISCONNECT
11-20 00:29:41.151 D/SettingsSDK::SyncHelper( 2351): Read setting com.facebook.wearable.sdk.selfcare:SELFCARE_SERVICE_ENABLED from persistent cache
11-20 00:29:41.151 D/FacebookRepository( 2351): Reading from Store [906581286488774]
11-20 00:29:41.154 W/SupplicantStaIfaceHal( 1194): Timed out waiting for confirmation of supplicant death
11-20 00:29:41.157 W/SupplicantStaIfaceHal( 1194): ISupplicantVendor/ISupplicantVendorStaIface died: cookie=0
11-20 00:29:41.157 W/SupplicantStaIfaceHal( 1194): ISupplicantVendor/ISupplicantVendorStaIface died: cookie=0
11-20 00:29:41.158 E/SupplicantStaIfaceHal( 1194): Can't call getKeyMgmtCapabilities_1_3, ISupplicantStaIface is null
11-20 00:29:41.159 V/WifiHAL (  539): WifiVendorCommand 0xaad86b98 created vendor_id:0x1374 subcmd:38
11-20 00:29:41.159 V/WifiHAL (  539): Got a Wi-Fi HAL module message from Driver
11-20 00:29:41.159 V/WifiHAL (  539): Supported feature set : 19d3d
11-20 00:29:41.160 V/WifiHAL (  539): Supported feature set acquired : 19d3d
11-20 00:29:41.160 V/WifiHAL (  539): WifiVendorCommand 0xa07923c0 created vendor_id:0x1374 subcmd:76
11-20 00:29:41.160 V/WifiHAL (  539): create: mVendor_id = 4980, Subcmd = 76.
11-20 00:29:41.161 V/WifiHAL (  539): WifiVendorCommand 0xaad86cc8 created vendor_id:0x1374 subcmd:38
11-20 00:29:41.161 V/WifiHAL (  539): Got a Wi-Fi HAL module message from Driver
11-20 00:29:41.161 V/WifiHAL (  539): Supported feature set : 19d3d
11-20 00:29:41.162 V/WifiHAL (  539): Supported feature set acquired : 19d3d
11-20 00:29:41.162 V/WifiHAL (  539): WifiVendorCommand 0xa07923c0 created vendor_id:0x1374 subcmd:76
11-20 00:29:41.162 V/WifiHAL (  539): create: mVendor_id = 4980, Subcmd = 76.
11-20 00:29:41.168 E/SupplicantStaIfaceHal( 1194): Can't call getWpaDriverFeatureSet, ISupplicantStaIface is null
11-20 00:29:41.168 I/WifiNative( 1194): Successfully switched to scan mode on iface=Iface:{Name=wlan0,Id=1,Type=STA_SCAN}
11-20 00:29:41.168 W/SupplicantStaIfaceHal( 1194): ISupplicant died: cookie=72
11-20 00:29:41.169 D/WifiClientModeManager1( 1194): entering ScanOnlyModeState
11-20 00:29:41.169 D/WifiScanRequestProxy( 1194): Sending scan available broadcast: true
11-20 00:29:41.169 I/WifiScanningService( 1194): Received a request to enable scanning, UID = 1000
11-20 00:29:41.170 I/WifiScanningService( 1194): scanner impls already exists
11-20 00:29:41.170 D/WifiP2pService( 1194): Wifi enabled=false, P2P Interface availability=true
11-20 00:29:41.170 E/WifiScanningService( 1194): wifi driver loaded received while already loaded
11-20 00:29:41.171 I/WifiScanRequestProxy( 1194): Scanning is enabled
11-20 00:29:41.171 I/WifiScanRequestProxy( 1194): Scanning for hidden networks is disabled
11-20 00:29:41.172 D/WakeupController( 1194): start()
11-20 00:29:41.173 D/WakeupController( 1194): Setting active to true
11-20 00:29:41.180 E/SelfCareDataCloudSyncWorker( 2351): Failed to get access token
11-20 00:29:41.180 E/SelfCareDataCloudSyncWorker( 2351): kotlinx.coroutines.JobCancellationException: Job was cancelled; job=JobImpl{Cancelling}@1c1eddf
11-20 00:29:41.180 I/WM-WorkerWrapper( 2351): Work [ id=41176d4d-428f-4560-a8c8-961a1631ba8f, tags={ com.facebook.wearable.system.selfcare.cloudsync.SelfCareDataCloudSyncWorker } ] was cancelled
11-20 00:29:41.180 I/WM-WorkerWrapper( 2351): java.util.concurrent.CancellationException: Task was cancelled.
11-20 00:29:41.180 I/WM-WorkerWrapper( 2351): 	at androidx.work.impl.utils.futures.AbstractFuture.getDoneValue(:32)
11-20 00:29:41.180 I/WM-WorkerWrapper( 2351): 	at androidx.work.impl.utils.futures.AbstractFuture.get(:268435546)
11-20 00:29:41.180 I/WM-WorkerWrapper( 2351): 	at androidx.work.impl.WorkerWrapper$2.run(:3)
11-20 00:29:41.180 I/WM-WorkerWrapper( 2351): 	at androidx.work.impl.utils.SerialExecutor$Task.run(:2)
11-20 00:29:41.180 I/WM-WorkerWrapper( 2351): 	at java.util.concurrent.ThreadPoolExecutor.runWorker(ThreadPoolExecutor.java:1167)
11-20 00:29:41.180 I/WM-WorkerWrapper( 2351): 	at java.util.concurrent.ThreadPoolExecutor$Worker.run(ThreadPoolExecutor.java:641)
11-20 00:29:41.180 I/WM-WorkerWrapper( 2351): 	at java.lang.Thread.run(Thread.java:923)
11-20 00:29:41.180 D/WakeupLock( 1194): Lock set. Number of networks: 1
11-20 00:29:41.183 D/WifiClientModeImpl( 1194): ClientModeImpl: Leaving Connected state
11-20 00:29:41.184 D/WifiCountryCode( 1194): updateCountryCode to US
11-20 00:29:41.184 E/SupplicantStaIfaceHal( 1194): Can't call setCountryCode, ISupplicantStaIface is null
11-20 00:29:41.184 D/WifiCountryCode( 1194): Failed to set country code to: US
11-20 00:29:41.195 E/SupplicantStaIfaceHal( 1194): Can't call listNetworks, ISupplicantStaIface is null
11-20 00:29:41.195 E/SupplicantStaIfaceHal( 1194): removeAllNetworks failed, got null networks
11-20 00:29:41.195 E/WifiClientModeImpl( 1194): Failed to remove networks on exiting connect mode
11-20 00:29:41.196 E/WakeupController( 1194): Unexpected setLastDisconnectInfo when WakeupController is active!
11-20 00:29:41.198 E/WifiVendorHal( 1194): stopRssiMonitoring(l.2106) failed {.code = ERROR_NOT_AVAILABLE, .description = }
11-20 00:29:41.198 E/SupplicantStaIfaceHal( 1194): Can't call setPowerSave, ISupplicantStaIface is null
11-20 00:29:41.198 E/SupplicantStaIfaceHal( 1194): Can't call setBtCoexistenceMode, ISupplicantStaIface is null
11-20 00:29:41.199 V/WifiClientModeImpl( 1194): stopIpClient IpClientWithPreConnection: false
11-20 00:29:41.199 V/WifiClientModeImpl( 1194): java.lang.Throwable
11-20 00:29:41.199 V/WifiClientModeImpl( 1194): 	at com.android.server.wifi.ClientModeImpl.stopIpClient(ClientModeImpl.java:1127)
11-20 00:29:41.199 V/WifiClientModeImpl( 1194): 	at com.android.server.wifi.ClientModeImpl.stopDhcpSetup(ClientModeImpl.java:1153)
11-20 00:29:41.199 V/WifiClientModeImpl( 1194): 	at com.android.server.wifi.ClientModeImpl.handleNetworkDisconnect(ClientModeImpl.java:2945)
11-20 00:29:41.199 V/WifiClientModeImpl( 1194): 	at com.android.server.wifi.ClientModeImpl.stopClientMode(ClientModeImpl.java:3889)
11-20 00:29:41.199 V/WifiClientModeImpl( 1194): 	at com.android.server.wifi.ClientModeImpl.access$4600(ClientModeImpl.java:176)
11-20 00:29:41.199 V/WifiClientModeImpl( 1194): 	at com.android.server.wifi.ClientModeImpl$ConnectModeState.exit(ClientModeImpl.java:4064)
11-20 00:29:41.199 V/WifiClientModeImpl( 1194): 	at com.android.wifi.x.com.android.internal.util.StateMachine$SmHandler.invokeExitMethods(StateMachine.java:1021)
11-20 00:29:41.199 V/WifiClientModeImpl( 1194): 	at com.android.wifi.x.com.android.internal.util.StateMachine$SmHandler.performTransitions(StateMachine.java:877)
11-20 00:29:41.199 V/WifiClientModeImpl( 1194): 	at com.android.wifi.x.com.android.internal.util.StateMachine$SmHandler.handleMessage(StateMachine.java:819)
11-20 00:29:41.199 V/WifiClientModeImpl( 1194): 	at android.os.Handler.dispatchMessage(Handler.java:106)
11-20 00:29:41.199 V/WifiClientModeImpl( 1194): 	at android.os.Looper.loop(Looper.java:223)
11-20 00:29:41.199 V/WifiClientModeImpl( 1194): 	at android.os.HandlerThread.run(HandlerThread.java:67)
11-20 00:29:41.200 D/DhcpClient( 1194): doQuit
11-20 00:29:41.202 D/QCNEJ/WlanStaInfoRelay( 1900): Received action: android.net.wifi.STATE_CHANGE
11-20 00:29:41.202 D/QCNEJ/WlanStaInfoRelay( 1900): reset CountryCodeRetriever
11-20 00:29:41.204 D/WifiDiags( 1194): stopLogging() iface list is {} after removing wlan0
11-20 00:29:41.204 D/WifiConnector( 2841): Network State Changed
11-20 00:29:41.205 E/WifiVendorHal( 1194): resetLogHandler(l.1558) failed {.code = ERROR_NOT_AVAILABLE, .description = }
11-20 00:29:41.205 E/QMI_FW  (  927): qmi_cci_get_ref: ref count increased 2
11-20 00:29:41.205 W/WifiDiags( 1194): Fail to reset log handler
11-20 00:29:41.205 D/ConnectivityService( 1194): [133 WIFI] EVENT_NETWORK_INFO_CHANGED, going from CONNECTED to DISCONNECTED
11-20 00:29:41.205 D/ConnectivityService( 1194): [133 WIFI] disconnected, was satisfying 27
11-20 00:29:41.208 E/QMI_FW  (  927): qmi_cci_get_ref: ref count increased 2
11-20 00:29:41.213 E/QMI_FW  ( 1113): qmi_cci_get_ref: ref count increased 2
11-20 00:29:41.225 D/WifiMemoryStoreImpl( 1194): Set cluster Gded792457511e862 for We4936d4057368143: SUCCESS
11-20 00:29:41.227 E/QMI_FW  ( 1113): qmi_cci_get_ref: ref count increased 2
11-20 00:29:41.234 E/QMI_FW  ( 1113): qmi_cci_get_ref: ref count increased 2
11-20 00:29:41.239 I/chatty  ( 1113): uid=1001(radio) main identical 6 lines
11-20 00:29:41.241 E/QMI_FW  ( 1113): qmi_cci_get_ref: ref count increased 2
11-20 00:29:41.247 E/QMI_FW  ( 1113): qmi_cci_get_ref: ref count increased 2
11-20 00:29:41.262 I/chatty  ( 1113): uid=1001(radio) main identical 6 lines
11-20 00:29:41.264 E/QMI_FW  ( 1113): qmi_cci_get_ref: ref count increased 2
11-20 00:29:41.266 I/GnssNetworkConnectivityHandler( 1194): Network connection lost. Available networks count: 1
11-20 00:29:41.267 I/GnssNetworkConnectivityHandler( 1194): updateNetworkState, state=CLOSED, connected=false, network=133, capabilities=[ Transports: WIFI Capabilities: NOT_METERED&INTERNET&NOT_RESTRICTED&TRUSTED&NOT_VPN&VALIDATED&NOT_ROAMING&FOREGROUND&NOT_CONGESTED&NOT_SUSPENDED LinkUpBandwidth>=68000Kbps LinkDnBandwidth>=68000Kbps SignalStrength: -30 OwnerUid: 1000 AdministratorUids: [] SSID: "MTBF_Lab" RequestorUid: -1 RequestorPackageName: null], apn: , availableNetworkCount: 1
11-20 00:29:41.268 D/QCNEJ/DefaultNetworkInfoRelay( 1900): Default network lost: 133
11-20 00:29:41.269 D/QCNEJ/NativeHalConnector( 1900): -> SND notifyDefaultNetworkChanged(1)
11-20 00:29:41.270 D/QCNEJ/WlanStaInfoRelay( 1900): network lost: 133
11-20 00:29:41.270 D/QCNEJ/WlanStaInfoRelay( 1900): onLost: unbind the process to WIFI
11-20 00:29:41.270 W/LocSvc_LocIpc(  523): send:66] failed reason: No such file or directory
11-20 00:29:41.275 D/DeviceAuthService(16172): Network lost
11-20 00:29:41.279 I/Nat464Xlat( 1194): Android Xlat is disabled
11-20 00:29:41.297 D/DhcpClient( 1194): DHCP Packet Handler stopped
11-20 00:29:41.297 D/DhcpClient( 1194): onQuitting
11-20 00:29:41.279 I/Nat464Xlat( 1194): Android Xlat is disabled
11-20 00:29:41.333 D/ConnectivityService( 1194): Sending DISCONNECTED broadcast for type 1 [133 WIFI] isDefaultNetwork=true
11-20 00:29:41.336 D/ConnectivityService( 1194): NetReassign [8 : null → 100, 20 : null → 100, 46 : null → 100, 45 : null → 100, 626 : null → 100, 12 : null → 100, 22 : null → 100, 16 : null → 100, 603 : null → 100, 14 : null → 100, 50 : null → 100, 18 : null → 100, 11 : null → 100, 629 : null → 100, 1 : null → 100, 17 : null → 100]
11-20 00:29:41.338 E/NetlinkEvent(  459): NetlinkEvent::FindParam(): Parameter 'INTERFACE' not found
11-20 00:29:41.338 E/NetlinkEvent(  459): NetlinkEvent::FindParam(): Parameter 'STATE' not found
11-20 00:29:41.338 E/NetlinkEvent(  459): NetlinkEvent::FindParam(): Parameter 'TIME_NS' not found
11-20 00:29:41.338 E/NetlinkEvent(  459): NetlinkEvent::FindParam(): Parameter 'UID' not found
11-20 00:29:41.350 E/WifiNative( 1194): Could not get Iface object for interface null
11-20 00:29:41.352 D/WifiNetworkAgent( 1194): NetworkAgent: NetworkAgent channel lost
11-20 00:29:41.364 D/ConnectivityService( 1194): Switching to new default network: NetworkAgentInfo{ ni{[type: MOBILE[LTE], state: CONNECTED/CONNECTED, reason: (unspecified), extra: nxtgenphone, failover: false, available: true, roaming: false]}  network{100}  nethandle{432902426637}  lp{{InterfaceName: rmnet_data2 LinkAddresses: [ 10.129.103.196/29,2600:380:c119:24f:b89a:9f3c:46c1:95af/64 ] DnsAddresses: [ /172.26.38.1,/fc00:a:a::300 ] Domains: null MTU: 1430 TcpBufferSizes: 2097152,4194304,8388608,262144,524288,1048576 Routes: [ 0.0.0.0/0 -> 10.129.103.197 rmnet_data2 mtu 1430,::/0 -> fe80::b45f:41f1:1846:969d rmnet_data2 mtu 1430,10.129.103.192/29 -> 0.0.0.0 rmnet_data2 mtu 0,2600:380:c119:24f::/64 -> :: rmnet_data2 mtu 0 ]}}  nc{[ Transports: CELLULAR Capabilities: MMS&SUPL&FOTA&INTERNET&NOT_RESTRICTED&TRUSTED&NOT_VPN&VALIDATED&NOT_ROAMING&FOREGROUND&NOT_CONGESTED&NOT_SUSPENDED LinkUpBandwidth>=15000Kbps LinkDnBandwidth>=30000Kbps Specifier: <TelephonyNetworkSpecifier [mSubId = 1]> AdministratorUids: [] RequestorUid: -1 RequestorPackageName: null]}  Score{50}  everValidated{true}  lastValidated{true}  created{true} lingering{true} explicitlySelected{false} acceptUnvalidated{false} everCaptivePortalDetected{false} lastCaptivePortalDetected{false} partialConnectivity{false} acceptPartialConnectivity{false} clat{mBaseIface: null, mIface: null, mState: IDLE} }
11-20 00:29:41.371 D/WifiMemoryStoreImpl( 1194): Set cluster Gded792457511e862 for Wded792457511e862: SUCCESS
11-20 00:29:41.428 D/SettingsSDK::SyncHelper( 2351): Read setting com.facebook.wearable.sdk.selfcare:SELFCARE_SERVICE_ENABLED from persistent cache
11-20 00:29:41.428 D/FacebookRepository( 2351): Reading from Store [906581286488774]
11-20 00:29:41.461 E/WifiNative( 1194): Could not get Iface object for interface null
11-20 00:29:41.477 D/DeviceAuthService(16172): Network connected
11-20 00:29:41.477 D/DeviceAuthService(16172): fetchAuthTokenWrapper called
11-20 00:29:41.482 D/QCNEJ/DefaultNetworkInfoRelay( 1900): Default network available: 100
11-20 00:29:41.483 D/QCNEJ/NativeHalConnector( 1900): -> SND notifyDefaultNetworkChanged(0)
11-20 00:29:41.487 V/LigerRadioStatsReporter( 2384): onCapabilitiesChanged: Network capabilities changed
11-20 00:29:41.487 V/LigerRadioStatsReporter( 2384): reportAndCheckpointRadioStats
11-20 00:29:41.488 V/LigerRadioStatsReporter( 2384): +++++++++++ RADIO STATS DUMP +++++++++++
11-20 00:29:41.489 V/LigerRadioStatsReporter( 2384): totalActiveRadioTimeMs=0
11-20 00:29:41.491 E/QMI_FW  (  927): qmi_cci_get_ref: ref count increased 2
11-20 00:29:41.492 D/NetworkTimeUpdateService( 1194): New default network 100; checking time.
11-20 00:29:41.494 E/QMI_FW  (  927): qmi_cci_get_ref: ref count increased 2
11-20 00:29:41.498 V/LigerRadioStatsReporter( 2384): totalTailRadioTimeMs=13995
11-20 00:29:41.498 V/LigerRadioStatsReporter( 2384): totalWakeupCount=0
11-20 00:29:41.498 V/LigerRadioStatsReporter( 2384): httpUpBytes=0
11-20 00:29:41.498 V/LigerRadioStatsReporter( 2384): httpDownBytes=0
11-20 00:29:41.498 V/LigerRadioStatsReporter( 2384): httpWakeupCount=0
11-20 00:29:41.498 V/LigerRadioStatsReporter( 2384): httpRequestCount=0
11-20 00:29:41.498 V/LigerRadioStatsReporter( 2384): httpActiveRadioTimeMs=0
11-20 00:29:41.498 V/LigerRadioStatsReporter( 2384): httpTailRadioTimeMs=13995
11-20 00:29:41.498 V/LigerRadioStatsReporter( 2384): reportAndCheckpointRadioStats: Tx=0
11-20 00:29:41.498 V/LigerRadioStatsReporter( 2384): reportAndCheckpointRadioStats: Rx=0
11-20 00:29:41.498 V/LigerRadioStatsReporter( 2384): reportAndCheckpointRadioStats: Uids=10028
11-20 00:29:41.498 V/LigerRadioStatsReporter( 2384): reportAndCheckpointRadioStats: Tags=null
11-20 00:29:41.502 D/ConnectivityService( 1194): Unlingering [100 CELLULAR]
11-20 00:29:41.502 D/ConnectivityService( 1194): Sending CONNECTED broadcast for type 0 [100 CELLULAR] isDefaultNetwork=true
11-20 00:29:41.521 D/DeviceAuthService(16172): isOculusAddressResolvable returned true
11-20 00:29:41.521 D/DeviceAuthenticator(16172): Fetching new credentials asynchronously
11-20 00:29:41.523 D/DeviceAuthenticator(16172): Calling DeviceAuth.authenticate()
11-20 00:29:41.533 E/DeviceCertService(  541): This device *might* have a provisioning issue. Please run `maui provision check` to verify.
11-20 00:29:41.533 E/DeviceCertService(  541): See https://fburl.com/wiki/a9hho0p9 for more information.
11-20 00:29:41.533 E/DeviceCertService(  541): Could not access certificate file '/mnt/vendor/persist/certificates/device_identityinsecure.crt', error 2: No such file or directory
11-20 00:29:41.534 E/DeviceAuthenticator(16172): ERROR: java.lang.RuntimeException: devicecert returned error FILESYSTEM_ERROR
11-20 00:29:41.534 E/DeviceAuthenticator(16172): 
11-20 00:29:41.534 E/DeviceAuthenticator(16172): com.facebook.mos.sdk.devicecert.DeviceIdentityException: java.lang.RuntimeException: devicecert returned error FILESYSTEM_ERROR
11-20 00:29:41.534 E/DeviceAuthenticator(16172): 
11-20 00:29:41.602 E/SelfCareDataCloudSyncWorker( 2351): Failed to get access token
11-20 00:29:41.602 E/SelfCareDataCloudSyncWorker( 2351): kotlinx.coroutines.JobCancellationException: Job was cancelled; job=JobImpl{Cancelling}@bc15556
11-20 00:29:41.603 I/WM-WorkerWrapper( 2351): Work [ id=41176d4d-428f-4560-a8c8-961a1631ba8f, tags={ com.facebook.wearable.system.selfcare.cloudsync.SelfCareDataCloudSyncWorker } ] was cancelled
11-20 00:29:41.603 I/WM-WorkerWrapper( 2351): java.util.concurrent.CancellationException: Task was cancelled.
11-20 00:29:41.603 I/WM-WorkerWrapper( 2351): 	at androidx.work.impl.utils.futures.AbstractFuture.getDoneValue(:32)
11-20 00:29:41.603 I/WM-WorkerWrapper( 2351): 	at androidx.work.impl.utils.futures.AbstractFuture.get(:268435546)
11-20 00:29:41.603 I/WM-WorkerWrapper( 2351): 	at androidx.work.impl.WorkerWrapper$2.run(:3)
11-20 00:29:41.603 I/WM-WorkerWrapper( 2351): 	at androidx.work.impl.utils.SerialExecutor$Task.run(:2)
11-20 00:29:41.603 I/WM-WorkerWrapper( 2351): 	at java.util.concurrent.ThreadPoolExecutor.runWorker(ThreadPoolExecutor.java:1167)
11-20 00:29:41.603 I/WM-WorkerWrapper( 2351): 	at java.util.concurrent.ThreadPoolExecutor$Worker.run(ThreadPoolExecutor.java:641)
11-20 00:29:41.603 I/WM-WorkerWrapper( 2351): 	at java.lang.Thread.run(Thread.java:923)
11-20 00:29:41.614 E/QMI_FW  ( 1113): qmi_cci_get_ref: ref count increased 2
11-20 00:29:41.615 E/QMI_FW  ( 1113): qmi_cci_get_ref: ref count increased 2
11-20 00:29:41.615 E/QMI_FW  ( 1113): qmi_cci_get_ref: ref count increased 2
11-20 00:29:41.660 W/System.err( 2665): INFO: com.whatsapp.net.logging.WtLog.log$REDEX$HQcOuACUrr4(:4) : Start handshake.
11-20 00:29:41.704 D/CompatibilityInfo( 1194): mCompatibilityFlags - 4
11-20 00:29:41.705 D/CompatibilityInfo( 1194): applicationDensity - 320
11-20 00:29:41.705 D/CompatibilityInfo( 1194): applicationScale - 1.0
11-20 00:29:41.758 I/WM-WorkerWrapper( 2351): Work [ id=731e9e35-e8c2-49b1-b246-986e05f06ab6, tags={ com.facebook.wearable.system.selfcare.sharing.StickerBundleDatabaseWorker } ] was cancelled
11-20 00:29:41.758 I/WM-WorkerWrapper( 2351): java.util.concurrent.CancellationException: Task was cancelled.
11-20 00:29:41.758 I/WM-WorkerWrapper( 2351): 	at androidx.work.impl.utils.futures.AbstractFuture.getDoneValue(:32)
11-20 00:29:41.758 I/WM-WorkerWrapper( 2351): 	at androidx.work.impl.utils.futures.AbstractFuture.get(:268435546)
11-20 00:29:41.758 I/WM-WorkerWrapper( 2351): 	at androidx.work.impl.WorkerWrapper$2.run(:3)
11-20 00:29:41.758 I/WM-WorkerWrapper( 2351): 	at androidx.work.impl.utils.SerialExecutor$Task.run(:2)
11-20 00:29:41.758 I/WM-WorkerWrapper( 2351): 	at java.util.concurrent.ThreadPoolExecutor.runWorker(ThreadPoolExecutor.java:1167)
11-20 00:29:41.758 I/WM-WorkerWrapper( 2351): 	at java.util.concurrent.ThreadPoolExecutor$Worker.run(ThreadPoolExecutor.java:641)
11-20 00:29:41.758 I/WM-WorkerWrapper( 2351): 	at java.lang.Thread.run(Thread.java:923)
11-20 00:29:41.761 E/StickerBundleDatabaseWorker( 2351): Failed to fetch sticker bundles:
11-20 00:29:41.761 E/StickerBundleDatabaseWorker( 2351): kotlinx.coroutines.JobCancellationException: Job was cancelled; job=JobImpl{Cancelling}@7d21c73
11-20 00:29:41.781 I/system_server( 1194): Background young concurrent copying GC freed 407449(17MB) AllocSpace objects, 51(1628KB) LOS objects, 34% free, 35MB/53MB, paused 262us total 191.706ms
11-20 00:29:41.816 W/System.err( 2665): INFO: com.whatsapp.net.logging.WtLog.log$REDEX$HQcOuACUrr4(:4) : Handshake complete : session_resumed false early_data_sent false early_data_accepted false client_cert_requested false time_ms 155
11-20 00:29:41.942 D/SettingsSDK::SyncHelper( 2351): Read setting com.facebook.wearable.sdk.selfcare:SELFCARE_SERVICE_ENABLED from persistent cache
11-20 00:29:41.943 D/FacebookRepository( 2351): Reading from Store [906581286488774]
