11-21 08:02:58.523 E/DatabaseUtils(25782): 	at android.content.ContentProvider.query(ContentProvider.java:1474)
11-21 08:02:58.523 E/DatabaseUtils(25782): 	at android.content.ContentProvider$Transport.query(ContentProvider.java:278)
11-21 08:02:58.523 E/DatabaseUtils(25782): 	at android.content.ContentProviderNative.onTransact(ContentProviderNative.java:106)
11-21 08:02:58.523 E/DatabaseUtils(25782): 	at android.os.Binder.execTransactInternal(Binder.java:1154)
11-21 08:02:58.523 E/DatabaseUtils(25782): 	at android.os.Binder.execTransact(Binder.java:1123)
11-21 08:02:58.527 E/AccountsViewModel(10851): AccountsViewModel.flow failed: No Primary Account
11-21 08:02:58.527 E/AccountsViewModel(10851): java.lang.IllegalStateException: No Primary Account
11-21 08:02:58.527 E/AccountsViewModel(10851): 	at android.os.Parcel.createExceptionOrNull(Parcel.java:2381)
11-21 08:02:58.527 E/AccountsViewModel(10851): 	at android.os.Parcel.createException(Parcel.java:2357)
11-21 08:02:58.527 E/AccountsViewModel(10851): 	at android.os.Parcel.readException(Parcel.java:2340)
11-21 08:02:58.527 E/AccountsViewModel(10851): 	at android.database.DatabaseUtils.readExceptionFromParcel(DatabaseUtils.java:190)
11-21 08:02:58.527 E/AccountsViewModel(10851): 	at android.database.DatabaseUtils.readExceptionFromParcel(DatabaseUtils.java:142)
11-21 08:02:58.527 E/AccountsViewModel(10851): 	at android.content.ContentProviderProxy.query(ContentProviderNative.java:472)
11-21 08:02:58.527 E/AccountsViewModel(10851): 	at android.content.ContentResolver.query(ContentResolver.java:1185)
11-21 08:02:58.527 E/AccountsViewModel(10851): 	at android.content.ContentResolver.query(ContentResolver.java:1116)
11-21 08:02:58.527 E/AccountsViewModel(10851): 	at com.facebook.wearable.common.accounts.contract.WearableAccountsContractRequest.query(:51)
11-21 08:02:58.527 E/AccountsViewModel(10851): 	at kotlin.coroutines.jvm.internal.BaseContinuationImpl.invokeSuspend(:95489)
11-21 08:02:58.527 E/AccountsViewModel(10851): 	at com.facebook.wearable.common.accounts.WearableAccountsKt$fb$1.invoke(:9)
11-21 08:02:58.527 E/AccountsViewModel(10851): 	at com.facebook.wearable.common.coroutines.lazy.LazyAsync.get(:101)
11-21 08:02:58.527 E/AccountsViewModel(10851): 	at kotlin.coroutines.jvm.internal.BaseContinuationImpl.invokeSuspend(:96596)
11-21 08:02:58.527 E/AccountsViewModel(10851): 	at com.facebook.wearable.system.settings.accounts.AccountsViewModel$wearableAccountFlow$1.invoke(:11)
11-21 08:02:58.527 E/AccountsViewModel(10851): 	at kotlinx.coroutines.flow.AbstractFlow.collect$rvp0$0(:72)
11-21 08:02:58.527 E/AccountsViewModel(10851): 	at kotlin.coroutines.jvm.internal.BaseContinuationImpl.invokeSuspend(:95417)
11-21 08:02:58.527 E/AccountsViewModel(10851): 	at kotlinx.coroutines.flow.FlowKt__ShareKt$launchSharing$1$2.invoke(Unknown Source:10)
11-21 08:02:58.527 E/AccountsViewModel(10851): 	at kotlin.coroutines.jvm.internal.BaseContinuationImpl.invokeSuspend(:96715)
11-21 08:02:58.527 E/AccountsViewModel(10851): 	at kotlinx.coroutines.flow.FlowKt__MergeKt$mapLatest$1.invoke(Unknown Source:15)
11-21 08:02:58.527 E/AccountsViewModel(10851): 	at kotlin.coroutines.jvm.internal.BaseContinuationImpl.invokeSuspend(:96820)
11-21 08:02:58.527 E/AccountsViewModel(10851): 	at kotlinx.coroutines.flow.internal.ChannelFlowTransformLatest$flowCollect$3$1$2.invoke(Unknown Source:10)
11-21 08:02:58.527 E/AccountsViewModel(10851): 	at kotlinx.coroutines.CoroutineStart.invoke(:32)
11-21 08:02:58.527 E/AccountsViewModel(10851): 	at kotlinx.coroutines.BuildersKt__Builders_commonKt.launch(:15)
11-21 08:02:58.527 E/AccountsViewModel(10851): 	at kotlinx.coroutines.flow.internal.ChannelFlowTransformLatest$flowCollect$3$invokeSuspend$$inlined$collect$1.emit(:56)
11-21 08:02:58.527 E/AccountsViewModel(10851): 	at kotlinx.coroutines.flow.DistinctFlowImpl$collect$$inlined$collect$1.emit(:74)
11-21 08:02:58.527 E/AccountsViewModel(10851): 	at kotlinx.coroutines.flow.FlowKt__LimitKt$dropWhile$lambda-4$$inlined$collect$1.emit(:114)
11-21 08:02:58.527 E/AccountsViewModel(10851): 	at kotlinx.coroutines.flow.FlowKt__ChannelsKt.emitAllImpl$FlowKt__ChannelsKt(:123)
11-21 08:02:58.527 E/AccountsViewModel(10851): 	at kotlin.coroutines.jvm.internal.BaseContinuationImpl.invokeSuspend(:96917)
11-21 08:02:58.527 E/AccountsViewModel(10851): 	at kotlin.coroutines.jvm.internal.BaseContinuationImpl.resumeWith(:5)
11-21 08:02:58.527 E/AccountsViewModel(10851): 	at kotlinx.coroutines.DispatchedTask.run(:131)
11-21 08:02:58.527 E/AccountsViewModel(10851): 	at java.util.concurrent.Executors$RunnableAdapter.call(Executors.java:462)
11-21 08:02:58.527 E/AccountsViewModel(10851): 	at java.util.concurrent.FutureTask.run(FutureTask.java:266)
11-21 08:02:58.527 E/AccountsViewModel(10851): 	at com.facebook.wearable.common.executors.DelayedFutureTask.run(:22)
11-21 08:02:58.527 E/AccountsViewModel(10851): 	at java.util.concurrent.ThreadPoolExecutor.runWorker(ThreadPoolExecutor.java:1167)
11-21 08:02:58.527 E/AccountsViewModel(10851): 	at java.util.concurrent.ThreadPoolExecutor$Worker.run(ThreadPoolExecutor.java:641)
11-21 08:02:58.527 E/AccountsViewModel(10851): 	at com.facebook.wearable.common.executors.NamedThreadFactory$1.run(:7)
11-21 08:02:58.812 D/CompatibilityInfo( 1186): mCompatibilityFlags - 4
11-21 08:02:58.812 D/CompatibilityInfo( 1186): applicationDensity - 320
11-21 08:02:58.812 D/CompatibilityInfo( 1186): applicationScale - 1.0
11-21 08:02:58.830 D/ComplicationController(21108): Stopping complication controller.
11-21 08:02:58.836 D/ComplicationDataManagerImpl(21108): Fetching complication data for package: com.facebook.wearable.apps.calendar, com.facebook.wearable.apps.calendar.DAY_DATE_COMPLICATION.
11-21 08:02:58.836 D/ComplicationDataManagerImpl(21108): Fetching complication data for package: com.facebook.wearable.apps.player, com.facebook.wearable.apps.player.SHORTCUT_COMPLICATION.
11-21 08:02:58.836 D/ComplicationDataManagerImpl(21108): Fetching complication data for package: com.facebook.wearable.apps.gallery, com.facebook.wearable.apps.gallery.SHORTCUT_COMPLICATION.
11-21 08:02:58.837 D/ComplicationDataManagerImpl(21108): Fetching complication data for package: com.facebook.wearable.apps.heart, com.facebook.wearable.apps.heart.HEART_RATE.
11-21 08:02:58.840 D/CompatibilityInfo( 1186): mCompatibilityFlags - 4
11-21 08:02:58.840 D/CompatibilityInfo( 1186): applicationDensity - 320
11-21 08:02:58.840 D/CompatibilityInfo( 1186): applicationScale - 1.0
11-21 08:02:59.366 D/UIAutomatorStub(15932): URI: /jsonrpc/0, Method: POST, Header: {content-length=192, remote-addr=127.0.0.1, http-client-ip=127.0.0.1, host=localhost:9012, content-type=application/json, accept-encoding=identity}, params, {NanoHttpd.QUERY_STRING=null}, files: {postData={"jsonrpc": "2.0", "method": "waitForExists", "id": "a765be9165c918ec844091c5ce5944b1", "params": [{"mask": 1, "childOrSibling": [], "childOrSiblingSelector": [], "text": "Notifications"}, 5]}}
11-21 08:02:59.401 D/UIAutomatorStub(15932): URI: /jsonrpc/0, Method: POST, Header: {content-length=191, remote-addr=127.0.0.1, http-client-ip=127.0.0.1, host=localhost:9012, content-type=application/json, accept-encoding=identity}, params, {NanoHttpd.QUERY_STRING=null}, files: {postData={"jsonrpc": "2.0", "method": "waitForExists", "id": "d648b378f3875269a25a934493f7f5b7", "params": [{"mask": 1, "childOrSibling": [], "childOrSiblingSelector": [], "text": "Connectivity"}, 5]}}
11-21 08:02:59.468 D/UIAutomatorStub(15932): URI: /jsonrpc/0, Method: POST, Header: {content-length=180, remote-addr=127.0.0.1, http-client-ip=127.0.0.1, host=localhost:9012, content-type=application/json, accept-encoding=identity}, params, {NanoHttpd.QUERY_STRING=null}, files: {postData={"jsonrpc": "2.0", "method": "click", "id": "96210415b92b130a6de634d69e1f74fd", "params": [{"mask": 1, "childOrSibling": [], "childOrSiblingSelector": [], "text": "Connectivity"}]}}
11-21 08:02:59.481 D/CompatibilityInfo( 1186): mCompatibilityFlags - 4
11-21 08:02:59.481 D/CompatibilityInfo( 1186): applicationDensity - 320
11-21 08:02:59.481 D/CompatibilityInfo( 1186): applicationScale - 1.0
11-21 08:02:59.485 D/WifiNative( 1186): Scan trigered from WifiNative
11-21 08:02:59.487 I/chatty  ( 1026): uid=1021(gps) lowi-server expire 222 lines
11-21 08:02:59.489 V/WifiHAL (  544): event received NL80211_CMD_TRIGGER_SCAN
11-21 08:02:59.522 E/ANDR-PERF-OPTSHANDLER(  552): Unable to find the correct node storage pointers for                   resource index=16, node path=/proc/sys/kernel/sched_upmigrate
11-21 08:02:59.522 E/ANDR-PERF-RESOURCEQS(  552): Failed to reset optimization [3, 7]
11-21 08:02:59.522 E/ANDR-PERF-OPTSHANDLER(  552): Unable to find the correct node storage pointers for                   resource index=17, node path=/proc/sys/kernel/sched_downmigrate
11-21 08:02:59.522 E/ANDR-PERF-RESOURCEQS(  552): Failed to reset optimization [3, 8]
11-21 08:02:59.522 E/ANDR-PERF-OPTSHANDLER(  552): Perflock resource /sys/module/lpm_levels/parameters/bias_hyst not supported
11-21 08:02:59.522 E/ANDR-PERF-RESOURCEQS(  552): Failed to reset optimization [1, 2]
11-21 08:02:59.522 E/ANDR-PERF-OPTSHANDLER(  552): Perflock resource /proc/sys/kernel/sched_group_upmigrate not supported
11-21 08:02:59.523 E/ANDR-PERF-RESOURCEQS(  552): Failed to reset optimization [3, 21]
11-21 08:02:59.523 E/ANDR-PERF-OPTSHANDLER(  552): Perflock resource /proc/sys/kernel/sched_group_downmigrate not supported
11-21 08:02:59.523 E/ANDR-PERF-RESOURCEQS(  552): Failed to reset optimization [3, 22]
11-21 08:02:59.562 D/ConnectivityService( 1186): requestNetwork for uid/pid:10004/17409 NetworkRequest [ TRACK_DEFAULT id=2226, [ Capabilities: INTERNET&NOT_RESTRICTED&TRUSTED Uid: 10004 AdministratorUids: [] RequestorUid: 10004 RequestorPackageName: com.facebook.wearable.system.telecom] ]
11-21 08:02:59.563 D/ConnectivityService( 1186): NetReassign [2226 : null → 194]
11-21 08:02:59.565 D/UntrustedWifiNetworkFactory( 1186): got request NetworkRequest [ TRACK_DEFAULT id=2226, [ Capabilities: INTERNET&NOT_RESTRICTED&TRUSTED Uid: 10004 AdministratorUids: [] RequestorUid: 10004 RequestorPackageName: com.facebook.wearable.system.telecom] ] with score 60 and providerId 1
11-21 08:02:59.565 D/WifiNetworkFactory( 1186): got request NetworkRequest [ TRACK_DEFAULT id=2226, [ Capabilities: INTERNET&NOT_RESTRICTED&TRUSTED Uid: 10004 AdministratorUids: [] RequestorUid: 10004 RequestorPackageName: com.facebook.wearable.system.telecom] ] with score 60 and providerId 1
11-21 08:02:59.566 D/PhoneSwitcherNetworkRequstListener( 1984): got request NetworkRequest [ TRACK_DEFAULT id=2226, [ Capabilities: INTERNET&NOT_RESTRICTED&TRUSTED Uid: 10004 AdministratorUids: [] RequestorUid: 10004 RequestorPackageName: com.facebook.wearable.system.telecom] ] with score 60 and providerId 1
11-21 08:02:59.566 W/HWComposer(  598): Ignoring duplicate VSYNC event from HWC for display 0 (t=144867292238746)
11-21 08:02:59.567 W/StatusBarClientConnection(10851): Messenger is null, ignoring message: { when=-1d16h14m27s292ms barrier=1 }
11-21 08:02:59.585 V/WifiHAL (  544): event received NL80211_CMD_NEW_SCAN_RESULTS
11-21 08:02:59.586 D/WifiNl80211Manager( 1186): Scan result ready event
11-21 08:02:59.586 D/WifiNative( 1186): Scan result ready event
11-21 08:02:59.599 E/StatusBarClientConnection(10851): Service connected
11-21 08:02:59.603 I/chatty  ( 1026): uid=1021(gps) lowi-server expire 7 lines
11-21 08:02:59.607 D/WificondScannerImpl( 1186): Filtering out 18 scan results.
11-21 08:02:59.636 W/View    (10851): requestLayout() improperly called by android.view.View{a54f6d8 V.ED..... ......I. 0,368-474,474} during layout: running second layout pass
11-21 08:02:59.654 W/View    (10851): requestLayout() improperly called by com.facebook.wearable.common.wds.listview.WdsListView{3dd838e V.E..V... ........ 0,0-474,474} during second layout pass: posting in next frame
11-21 08:02:59.670 D/FacebookRepository(17409): Reading from Store [688175592090415]
11-21 08:02:59.670 D/FacebookRepository(17409): Requesting from Content Provider [688175592090415]
11-21 08:02:59.678 D/FacebookProvider(25782): Starting SSO Network Fetch for 688175592090415
11-21 08:02:59.679 I/AccountsContentProvider(25782): No Primary Account. Accounts Error [content://com.facebook.wearable.system.accounts.AccountsContentProvider/facebook/688175592090415]
11-21 08:02:59.679 E/DatabaseUtils(25782): Writing exception to parcel
11-21 08:02:59.679 E/DatabaseUtils(25782): java.lang.IllegalStateException: No Primary Account
11-21 08:02:59.679 E/DatabaseUtils(25782): 	at com.facebook.secure.content.AbstractContentProvider.doQuery(:284)
11-21 08:02:59.679 E/DatabaseUtils(25782): 	at com.facebook.secure.content.AbstractContentProvider.query(:8)
11-21 08:02:59.679 E/DatabaseUtils(25782): 	at android.content.ContentProvider.query(ContentProvider.java:1474)
11-21 08:02:59.679 E/DatabaseUtils(25782): 	at android.content.ContentProvider$Transport.query(ContentProvider.java:278)
11-21 08:02:59.679 E/DatabaseUtils(25782): 	at android.content.ContentProviderNative.onTransact(ContentProviderNative.java:106)
11-21 08:02:59.679 E/DatabaseUtils(25782): 	at android.os.Binder.execTransactInternal(Binder.java:1154)
11-21 08:02:59.679 E/DatabaseUtils(25782): 	at android.os.Binder.execTransact(Binder.java:1123)
11-21 08:02:59.680 E/UntetheredRelayCrypt(17409): untethered relay key upload failed: java.lang.IllegalStateException: No Primary Account
11-21 08:02:59.680 W/WearableUntetheredRelayCrypt(17409): Could not upload public key, will retry
11-21 08:02:59.682 I/WM-WorkerWrapper(17409): Worker result RETRY for Work [ id=7d64cb1d-68b0-4787-8aa8-24b22c2b5be0, tags={ com.facebook.wearable.system.telecom.messaging.untethered.e2ee.WearableUntetheredRelayCrypt$InitialKeypairRotationWorker, com.facebook.wearable.system.telecom.messaging.untethered.e2ee.InitialKeypairRotationWorker } ]
11-21 08:02:59.683 D/FacebookRepository(17409): Reading from Store [688175592090415]
11-21 08:02:59.688 D/ConnectivityService( 1186): releasing NetworkRequest [ TRACK_DEFAULT id=2226, [ Capabilities: INTERNET&NOT_RESTRICTED&TRUSTED Uid: 10004 AdministratorUids: [] RequestorUid: 10004 RequestorPackageName: com.facebook.wearable.system.telecom] ] (release request)
11-21 08:03:00.002 D/KeyguardUpdateMonitor( 1762): received broadcast android.intent.action.TIME_TICK
11-21 08:03:00.003 D/KeyguardUpdateMonitor( 1762): handleTimeUpdate
11-21 08:03:00.314 E/ANDR-PERF-OPTSHANDLER(  552): perf_lock_rel: failed for /proc/sys/vm/swap_ratio as previous value is not stored
11-21 08:03:00.314 E/ANDR-PERF-OPTSHANDLER(  552): perf_lock_rel: failed for /sys/class/kgsl/kgsl-3d0/min_pwrlevel as previous value is not stored
11-21 08:03:00.316 E/ANDR-PERF-RESOURCEQS(  552): Failed to reset optimization [3, 0]
11-21 08:03:00.962 E/TaskPersister( 1186): File error accessing recents directory (directory doesn't exist?).
11-21 08:03:01.889 D/commandrouter( 1006): rtc_sync (1, rtc:sync): <ServiceRequest> FORWARDED (remote -> local) service client ID = 0, token ID = 47249
11-21 08:03:01.890 D/vendor.facebook.rtc_sync@1.0-service( 1145): Request req_ts=1637481781889622874 resp_ts=1637481781890092610
11-21 08:03:01.890 D/commandrouter( 1006): SocServiceHandle::onServiceMessage, SoC Service = rtc_sync, appType = 1, type = SVC_RESP, clientId = 0, token = 47249, payloadLen = 8, result = 0, payload.size() = 8
11-21 08:03:02.596 D/UIAutomatorStub(15932): URI: /jsonrpc/0, Method: POST, Header: {content-length=183, remote-addr=127.0.0.1, http-client-ip=127.0.0.1, host=localhost:9012, content-type=application/json, accept-encoding=identity}, params, {NanoHttpd.QUERY_STRING=null}, files: {postData={"jsonrpc": "2.0", "method": "waitForExists", "id": "61cd27dcfa366c776f25f8947a2e82c4", "params": [{"mask": 1, "childOrSibling": [], "childOrSiblingSelector": [], "text": "WiFi"}, 5]}}
11-21 08:03:02.626 D/UIAutomatorStub(15932): URI: /jsonrpc/0, Method: POST, Header: {content-length=172, remote-addr=127.0.0.1, http-client-ip=127.0.0.1, host=localhost:9012, content-type=application/json, accept-encoding=identity}, params, {NanoHttpd.QUERY_STRING=null}, files: {postData={"jsonrpc": "2.0", "method": "click", "id": "4ac09bbc87f6d7c499c9c05649941cf8", "params": [{"mask": 1, "childOrSibling": [], "childOrSiblingSelector": [], "text": "WiFi"}]}}
11-21 08:03:02.706 W/StatusBarClientConnection(10851): Messenger is null, ignoring message: { when=-1d16h14m30s432ms barrier=1 }
11-21 08:03:02.736 D/CompatibilityInfo( 1186): mCompatibilityFlags - 4
11-21 08:03:02.736 D/CompatibilityInfo( 1186): applicationDensity - 320
11-21 08:03:02.736 D/CompatibilityInfo( 1186): applicationScale - 1.0
11-21 08:03:02.741 E/StatusBarClientConnection(10851): Service connected
11-21 08:03:02.750 D/WifiConnector( 2870): Network State Changed
11-21 08:03:02.752 W/View    (10851): requestLayout() improperly called by android.view.View{7f8bb74 V.ED..... ......I. 0,368-474,474} during layout: running second layout pass
11-21 08:03:02.762 D/WifiSharingService( 2870): Starting Wi-Fi scan
11-21 08:03:02.763 I/WifiService( 1186): startScan uid=1000
11-21 08:03:02.766 W/View    (10851): requestLayout() improperly called by com.facebook.wearable.common.wds.listview.WdsListView{46ad967 V.E..V... ........ 0,0-474,474} during second layout pass: posting in next frame
11-21 08:03:02.771 D/WifiNative( 1186): Scan trigered from WifiNative
11-21 08:03:02.772 I/chatty  ( 1026): uid=1021(gps) lowi-server expire 87 lines
11-21 08:03:02.773 V/WifiHAL (  544): event received NL80211_CMD_TRIGGER_SCAN
11-21 08:03:03.356 V/WifiHAL (  544): event received NL80211_CMD_NEW_SCAN_RESULTS
11-21 08:03:03.357 D/WifiNl80211Manager( 1186): Scan result ready event
11-21 08:03:03.357 D/WifiNative( 1186): Scan result ready event
11-21 08:03:03.362 D/LOWI-9.0.0.80( 1026): [LOWI-Scan] print_bss_handler: Report Probe TSF 144871081772 as it greater than Beacon TSF 144540441100
11-21 08:03:03.362 I/LOWI-9.0.0.80( 1026): [LOWI-Scan] RSN_IE
11-21 08:03:03.362 D/LOWI-9.0.0.80( 1026): [LOWI-Scan] decode_rsn_wpa_ie: Entered
11-21 08:03:03.362 D/LOWI-9.0.0.80( 1026): [LOWIUtils] hexDump: msg(30 14 01 00 00 0f ac 04 01 00 00 0f ac 04 01 00 00 0f ac 02 )
11-21 08:03:03.362 D/LOWI-9.0.0.80( 1026): [LOWI-Scan] decode_rsn_wpa_ie: LOWI_ENCRYPTION_TYPE_WPA_PSK
11-21 08:03:03.362 D/LOWI-9.0.0.80( 1026): [LOWI-Scan] is_qcom_ie, bss_age: 3
11-21 08:03:03.363 D/LOWI-9.0.0.80( 1026): [LOWI-Scan] BSS 2c:57:41:86:6c:01 LOWI_PHY_MODE_11NG_HT20(5), Beacon Interval: 100, LOWI_ENCRYPTION_TYPE_WPA_PSK 11mcRanging: No, ANQP: No, LCI: No, Civic: No, capability(0x1411): ESS Privacy ShortSlotTime
11-21 08:03:03.363 D/LOWI-9.0.0.80( 1026): [LOWI-Scan] BSS 2c:57:41:86:6c:01 FREQ: 2462, cFreq1[40:80:160] = [0:0:0] cFreq2 = 0 Country Code = US
11-21 08:03:03.363 D/LOWI-9.0.0.80( 1026): [LOWI-Scan] BSS 2c:57:41:86:6c:01 (wlan0) ASSO: NO AddInfo: 0x0, TSF 1, 16:14:31.081, RSSI: -116, CPL: 2, AGE: 0,  SSID kittyhawk, TSFDelta: 0x0, TXRate: 0
11-21 08:03:03.363 D/LOWI-9.0.0.80( 1026): [LOWI-Scan] 
11-21 08:03:03.363 D/LOWI-9.0.0.80( 1026): [LOWI-Scan] print_bss_handler: Report Probe TSF 144871081948 as it greater than Beacon TSF 144842247763
11-21 08:03:03.363 I/LOWI-9.0.0.80( 1026): [LOWI-Scan] RSN_IE
11-21 08:03:03.363 D/LOWI-9.0.0.80( 1026): [LOWI-Scan] decode_rsn_wpa_ie: Entered
11-21 08:03:03.363 D/LOWI-9.0.0.80( 1026): [LOWIUtils] hexDump: msg(30 14 01 00 00 0f ac 04 01 00 00 0f ac 04 01 00 00 0f ac 02 )
11-21 08:03:03.363 D/LOWI-9.0.0.80( 1026): [LOWI-Scan] decode_rsn_wpa_ie: LOWI_ENCRYPTION_TYPE_WPA_PSK
11-21 08:03:03.363 D/LOWI-9.0.0.80( 1026): [LOWI-Scan] is_qcom_ie, bss_age: 51
11-21 08:03:03.363 D/LOWI-9.0.0.80( 1026): [LOWI-Scan] BSS 2c:57:41:86:7a:61 LOWI_PHY_MODE_11NG_HT20(5), Beacon Interval: 100, LOWI_ENCRYPTION_TYPE_WPA_PSK 11mcRanging: No, ANQP: No, LCI: No, Civic: No, capability(0x1411): ESS Privacy ShortSlotTime
11-21 08:03:03.363 D/LOWI-9.0.0.80( 1026): [LOWI-Scan] BSS 2c:57:41:86:7a:61 FREQ: 2412, cFreq1[40:80:160] = [0:0:0] cFreq2 = 0 Country Code = US
11-21 08:03:03.363 D/LOWI-9.0.0.80( 1026): [LOWI-Scan] BSS 2c:57:41:86:7a:61 (wlan0) ASSO: NO AddInfo: 0x0, TSF 1, 16:14:31.081, RSSI: -146, CPL: 3, AGE: 0,  SSID kittyhawk, TSFDelta: 0x0, TXRate: 0
11-21 08:03:03.363 D/LOWI-9.0.0.80( 1026): [LOWI-Scan] 
11-21 08:03:03.364 D/LOWI-9.0.0.80( 1026): [LOWI-Scan] print_bss_handler: Report Probe TSF 144871081848 as it greater than Beacon TSF 144090921590
11-21 08:03:03.364 I/LOWI-9.0.0.80( 1026): [LOWI-Scan] RSN_IE
11-21 08:03:03.364 D/LOWI-9.0.0.80( 1026): [LOWI-Scan] decode_rsn_wpa_ie: Entered
11-21 08:03:03.364 D/LOWI-9.0.0.80( 1026): [LOWIUtils] hexDump: msg(30 14 01 00 00 0f ac 04 01 00 00 0f ac 04 01 00 00 0f ac 02 )
11-21 08:03:03.370 D/LOWI-9.0.0.80( 1026): [LOWI-Scan] decode_rsn_wpa_ie: LOWI_ENCRYPTION_TYPE_WPA_PSK
11-21 08:03:03.370 D/LOWI-9.0.0.80( 1026): [LOWI-Scan] is_qcom_ie, bss_age: 3
11-21 08:03:03.370 D/LOWI-9.0.0.80( 1026): [LOWI-Scan] BSS 2c:57:41:86:90:a1 LOWI_PHY_MODE_11NG_HT20(5), Beacon Interval: 100, LOWI_ENCRYPTION_TYPE_WPA_PSK 11mcRanging: No, ANQP: No, LCI: No, Civic: No, capability(0x1411): ESS Privacy ShortSlotTime
11-21 08:03:03.370 D/LOWI-9.0.0.80( 1026): [LOWI-Scan] BSS 2c:57:41:86:90:a1 FREQ: 2462, cFreq1[40:80:160] = [0:0:0] cFreq2 = 0 Country Code = US
11-21 08:03:03.370 D/LOWI-9.0.0.80( 1026): [LOWI-Scan] BSS 2c:57:41:86:90:a1 (wlan0) ASSO: NO AddInfo: 0x0, TSF 1, 16:14:31.081, RSSI: -140, CPL: 2, AGE: 0,  SSID kittyhawk, TSFDelta: 0x0, TXRate: 0
11-21 08:03:03.371 D/WificondScannerImpl( 1186): Filtering out 1 scan results.
11-21 08:03:03.371 D/LOWI-9.0.0.80( 1026): [LOWI-Scan] 
11-21 08:03:03.371 D/LOWI-9.0.0.80( 1026): [LOWI-Scan] print_bss_handler: Report Probe TSF 144871081790 as it greater than Beacon TSF 144842247627
11-21 08:03:03.371 I/LOWI-9.0.0.80( 1026): [LOWI-Scan] RSN_IE
11-21 08:03:03.371 D/LOWI-9.0.0.80( 1026): [LOWI-Scan] decode_rsn_wpa_ie: Entered
11-21 08:03:03.371 D/LOWI-9.0.0.80( 1026): [LOWIUtils] hexDump: msg(30 14 01 00 00 0f ac 04 01 00 00 0f ac 04 01 00 00 0f ac 02 )
11-21 08:03:03.371 D/LOWI-9.0.0.80( 1026): [LOWI-Scan] decode_rsn_wpa_ie: LOWI_ENCRYPTION_TYPE_WPA_PSK
11-21 08:03:03.371 D/LOWI-9.0.0.80( 1026): [LOWI-Scan] is_qcom_ie, bss_age: 52
11-21 08:03:03.371 D/LOWI-9.0.0.80( 1026): [LOWI-Scan] BSS be:9e:0e:1c:6e:7f LOWI_PHY_MODE_11AC_VHT20_2G(11), Beacon Interval: 100, LOWI_ENCRYPTION_TYPE_WPA_PSK 11mcRanging: No, ANQP: No, LCI: No, Civic: No, capability(0x1431): ESS Privacy ShortPreamble ShortSlotTime
11-21 08:03:03.371 D/LOWI-9.0.0.80( 1026): [LOWI-Scan] BSS be:9e:0e:1c:6e:7f FREQ: 2412, cFreq1[40:80:160] = [0:0:0] cFreq2 = 0 Country Code =    
11-21 08:03:03.371 D/LOWI-9.0.0.80( 1026): [LOWI-Scan] BSS be:9e:0e:1c:6e:7f (wlan0) ASSO: NO AddInfo: 0x0, TSF 1, 16:14:31.081, RSSI: -112, CPL: 127, AGE: 0,  SSID Pixel_3541, TSFDelta: 0x0, TXRate: 0
11-21 08:03:03.372 D/LOWI-9.0.0.80( 1026): [LOWI-Scan] 
11-21 08:03:03.372 D/LOWI-9.0.0.80( 1026): [LOWI-Scan] print_bss_handler: Report Probe TSF 144871081828 as it greater than Beacon TSF 144742415163
11-21 08:03:03.372 I/LOWI-9.0.0.80( 1026): [LOWI-Scan] RSN_IE
11-21 08:03:03.372 D/LOWI-9.0.0.80( 1026): [LOWI-Scan] decode_rsn_wpa_ie: Entered
11-21 08:03:03.372 D/LOWI-9.0.0.80( 1026): [LOWIUtils] hexDump: msg(30 14 01 00 00 0f ac 04 01 00 00 0f ac 04 01 00 00 0f ac 02 )
11-21 08:03:03.372 D/LOWI-9.0.0.80( 1026): [LOWI-Scan] decode_rsn_wpa_ie: LOWI_ENCRYPTION_TYPE_WPA_PSK
11-21 08:03:03.372 D/LOWI-9.0.0.80( 1026): [LOWI-Scan] is_qcom_ie, bss_age: 5
11-21 08:03:03.372 D/LOWI-9.0.0.80( 1026): [LOWI-Scan] BSS 18:64:72:60:2b:40 LOWI_PHY_MODE_11NG_HT20(5), Beacon Interval: 100, LOWI_ENCRYPTION_TYPE_WPA_PSK 11mcRanging: No, ANQP: No, LCI: No, Civic: No, capability(0x0431): ESS Privacy ShortPreamble ShortSlotTime
11-21 08:03:03.372 D/LOWI-9.0.0.80( 1026): [LOWI-Scan] BSS 18:64:72:60:2b:40 FREQ: 2462, cFreq1[40:80:160] = [0:0:0] cFreq2 = 0 Country Code =    
11-21 08:03:03.372 D/LOWI-9.0.0.80( 1026): [LOWI-Scan] BSS 18:64:72:60:2b:40 (wlan0) ASSO: NO AddInfo: 0x0, TSF 1, 16:14:31.081, RSSI: -138, CPL: 127, AGE: 0,  SSID lab-t24103779, TSFDelta: 0x0, TXRate: 0
11-21 08:03:03.373 D/LOWI-9.0.0.80( 1026): [LOWI-Scan] 
11-21 08:03:03.373 D/LOWI-9.0.0.80( 1026): [LOWI-Scan] print_bss_handler: Report Probe TSF 144871081808 as it greater than Beacon TSF 144792642813
11-21 08:03:03.373 I/LOWI-9.0.0.80( 1026): [LOWI-Scan] RSN_IE
11-21 08:03:03.373 D/LOWI-9.0.0.80( 1026): [LOWI-Scan] decode_rsn_wpa_ie: Entered
11-21 08:03:03.373 D/LOWI-9.0.0.80( 1026): [LOWIUtils] hexDump: msg(30 14 01 00 00 0f ac 04 01 00 00 0f ac 04 01 00 00 0f ac 02 )
11-21 08:03:03.373 D/LOWI-9.0.0.80( 1026): [LOWI-Scan] decode_rsn_wpa_ie: LOWI_ENCRYPTION_TYPE_WPA_PSK
11-21 08:03:03.373 D/LOWI-9.0.0.80( 1026): [LOWI-Scan] is_qcom_ie, bss_age: 45
11-21 08:03:03.374 D/LOWI-9.0.0.80( 1026): [LOWI-Scan] BSS 52:b8:14:37:74:3f LOWI_PHY_MODE_11AC_VHT20_2G(11), Beacon Interval: 100, LOWI_ENCRYPTION_TYPE_WPA_PSK 11mcRanging: No, ANQP: No, LCI: No, Civic: No, capability(0x1431): ESS Privacy ShortPreamble ShortSlotTime
11-21 08:03:03.374 D/LOWI-9.0.0.80( 1026): [LOWI-Scan] BSS 52:b8:14:37:74:3f FREQ: 2417, cFreq1[40:80:160] = [0:0:0] cFreq2 = 0 Country Code =    
11-21 08:03:03.374 D/LOWI-9.0.0.80( 1026): [LOWI-Scan] BSS 52:b8:14:37:74:3f (wlan0) ASSO: NO AddInfo: 0x0, TSF 1, 16:14:31.081, RSSI: -112, CPL: 127, AGE: 0,  SSID Pixel_8668, TSFDelta: 0x0, TXRate: 0
11-21 08:03:03.374 D/LOWI-9.0.0.80( 1026): [LOWI-Scan] 
11-21 08:03:03.374 D/LOWI-9.0.0.80( 1026): [LOWI-Scan] print_bss_handler: Report Probe TSF 144871081885 as it greater than Beacon TSF 144540441203
11-21 08:03:03.374 I/LOWI-9.0.0.80( 1026): [LOWI-Scan] RSN_IE
11-21 08:03:03.374 D/LOWI-9.0.0.80( 1026): [LOWI-Scan] decode_rsn_wpa_ie: Entered
11-21 08:03:03.375 D/LOWI-9.0.0.80( 1026): [LOWIUtils] hexDump: msg(30 14 01 00 00 0f ac 04 01 00 00 0f ac 04 01 00 00 0f ac 02 )
11-21 08:03:03.375 D/LOWI-9.0.0.80( 1026): [LOWI-Scan] decode_rsn_wpa_ie: LOWI_ENCRYPTION_TYPE_WPA_PSK
11-21 08:03:03.375 D/LOWI-9.0.0.80( 1026): [LOWI-Scan] is_qcom_ie, bss_age: 5
11-21 08:03:03.375 D/LOWI-9.0.0.80( 1026): [LOWI-Scan] BSS 2c:57:41:86:94:a1 LOWI_PHY_MODE_11NG_HT20(5), Beacon Interval: 100, LOWI_ENCRYPTION_TYPE_WPA_PSK 11mcRanging: No, ANQP: No, LCI: No, Civic: No, capability(0x1411): ESS Privacy ShortSlotTime
11-21 08:03:03.375 D/LOWI-9.0.0.80( 1026): [LOWI-Scan] BSS 2c:57:41:86:94:a1 FREQ: 2462, cFreq1[40:80:160] = [0:0:0] cFreq2 = 0 Country Code = US
11-21 08:03:03.375 D/LOWI-9.0.0.80( 1026): [LOWI-Scan] BSS 2c:57:41:86:94:a1 (wlan0) ASSO: NO AddInfo: 0x0, TSF 1, 16:14:31.081, RSSI: -146, CPL: 2, AGE: 0,  SSID kittyhawk, TSFDelta: 0x0, TXRate: 0
11-21 08:03:03.375 D/LOWI-9.0.0.80( 1026): [LOWI-Scan] 
11-21 08:03:03.375 D/LOWI-9.0.0.80( 1026): [LOWI-Scan] print_bss_handler: Report Probe TSF 144871081969 as it greater than Beacon TSF 0
11-21 08:03:03.375 I/LOWI-9.0.0.80( 1026): [LOWI-Scan] RSN_IE
11-21 08:03:03.375 D/LOWI-9.0.0.80( 1026): [LOWI-Scan] decode_rsn_wpa_ie: Entered
11-21 08:03:03.375 D/LOWI-9.0.0.80( 1026): [LOWIUtils] hexDump: msg(30 14 01 00 00 0f ac 04 01 00 00 0f ac 04 01 00 00 0f ac 02 )
11-21 08:03:03.375 D/LOWI-9.0.0.80( 1026): [LOWI-Scan] decode_rsn_wpa_ie: LOWI_ENCRYPTION_TYPE_WPA_PSK
11-21 08:03:03.376 D/LOWI-9.0.0.80( 1026): [LOWI-Scan] is_qcom_ie, bss_age: 3
11-21 08:03:03.376 D/LOWI-9.0.0.80( 1026): [LOWI-Scan] BSS 2c:57:41:86:85:21 LOWI_PHY_MODE_11NG_HT20(5), Beacon Interval: 100, LOWI_ENCRYPTION_TYPE_WPA_PSK 11mcRanging: No, ANQP: No, LCI: No, Civic: No, capability(0x1411): ESS Privacy ShortSlotTime
11-21 08:03:03.376 D/LOWI-9.0.0.80( 1026): [LOWI-Scan] BSS 2c:57:41:86:85:21 FREQ: 2462, cFreq1[40:80:160] = [0:0:0] cFreq2 = 0 Country Code = US
11-21 08:03:03.376 D/LOWI-9.0.0.80( 1026): [LOWI-Scan] BSS 2c:57:41:86:85:21 (wlan0) ASSO: NO AddInfo: 0x0, TSF 1, 16:14:31.081, RSSI: -154, CPL: 2, AGE: 0,  SSID kittyhawk, TSFDelta: 0x0, TXRate: 0
11-21 08:03:03.376 D/LOWI-9.0.0.80( 1026): [LOWI-Scan] 
11-21 08:03:03.376 D/LOWI-9.0.0.80( 1026): [LOWI-Scan] print_bss_handler: Report beacon TSF 144871082011 as it greater than probe TSF 144842247823
11-21 08:03:03.376 I/LOWI-9.0.0.80( 1026): [LOWI-Scan] RSN_IE
11-21 08:03:03.376 D/LOWI-9.0.0.80( 1026): [LOWI-Scan] decode_rsn_wpa_ie: Entered
11-21 08:03:03.376 D/LOWI-9.0.0.80( 1026): [LOWIUtils] hexDump: msg(30 14 01 00 00 0f ac 04 01 00 00 0f ac 04 01 00 00 0f ac 02 )
11-21 08:03:03.376 D/LOWI-9.0.0.80( 1026): [LOWI-Scan] decode_rsn_wpa_ie: LOWI_ENCRYPTION_TYPE_WPA_PSK
11-21 08:03:03.376 D/LOWI-9.0.0.80( 1026): [LOWI-Scan] is_qcom_ie, bss_age: 29
11-21 08:03:03.376 D/LOWI-9.0.0.80( 1026): [LOWI-Scan] BSS 2c:57:41:86:76:61 LOWI_PHY_MODE_11NG_HT20(5), Beacon Interval: 100, LOWI_ENCRYPTION_TYPE_WPA_PSK 11mcRanging: No, ANQP: No, LCI: No, Civic: No, capability(0x1411): ESS Privacy ShortSlotTime
11-21 08:03:03.376 D/LOWI-9.0.0.80( 1026): [LOWI-Scan] BSS 2c:57:41:86:76:61 FREQ: 2437, cFreq1[40:80:160] = [0:0:0] cFreq2 = 0 Country Code = US
11-21 08:03:03.377 D/LOWI-9.0.0.80( 1026): [LOWI-Scan] BSS 2c:57:41:86:76:61 (wlan0) ASSO: NO AddInfo: 0x1, TSF 1, 16:14:31.082, RSSI: -160, CPL: 2, AGE: 0,  SSID kittyhawk, TSFDelta: 0x0, TXRate: 0
11-21 08:03:03.377 D/LOWI-9.0.0.80( 1026): [LOWI-Scan] 
11-21 08:03:03.377 D/LOWI-9.0.0.80( 1026): [LOWI-Scan] print_bss_handler: Report Probe TSF 144871082033 as it greater than Beacon TSF 144792642985
11-21 08:03:03.377 I/LOWI-9.0.0.80( 1026): [LOWI-Scan] RSN_IE
11-21 08:03:03.377 D/LOWI-9.0.0.80( 1026): [LOWI-Scan] decode_rsn_wpa_ie: Entered
11-21 08:03:03.377 D/LOWI-9.0.0.80( 1026): [LOWIUtils] hexDump: msg(30 14 01 00 00 0f ac 04 01 00 00 0f ac 04 01 00 00 0f ac 02 )
11-21 08:03:03.377 D/LOWI-9.0.0.80( 1026): [LOWI-Scan] decode_rsn_wpa_ie: LOWI_ENCRYPTION_TYPE_WPA_PSK
11-21 08:03:03.377 D/LOWI-9.0.0.80( 1026): [LOWI-Scan] is_qcom_ie, bss_age: 14
11-21 08:03:03.377 D/LOWI-9.0.0.80( 1026): [LOWI-Scan] BSS 00:24:b1:02:cb:dc LOWI_PHY_MODE_11NG_HT20(5), Beacon Interval: 100, LOWI_ENCRYPTION_TYPE_WPA_PSK 11mcRanging: No, ANQP: No, LCI: No, Civic: No, capability(0x0431): ESS Privacy ShortPreamble ShortSlotTime
11-21 08:03:03.377 D/LOWI-9.0.0.80( 1026): [LOWI-Scan] BSS 00:24:b1:02:cb:dc FREQ: 2452, cFreq1[40:80:160] = [0:0:0] cFreq2 = 0 Country Code =    
11-21 08:03:03.378 D/LOWI-9.0.0.80( 1026): [LOWI-Scan] BSS 00:24:b1:02:cb:dc (wlan0) ASSO: NO AddInfo: 0x0, TSF 1, 16:14:31.082, RSSI: -178, CPL: 127, AGE: 0,  SSID 0024b1000002cbdc, TSFDelta: 0x0, TXRate: 0
11-21 08:03:03.378 D/PasspointManager( 1186): ANQP entry not found for: 5e:6e:be:46:77:d7:<Pixel_R3>
11-21 08:03:03.378 D/LOWI-9.0.0.80( 1026): [LOWI-Scan] 
11-21 08:03:03.378 D/LOWI-9.0.0.80( 1026): [LOWI-Scan] print_bss_handler: Report Probe TSF 144842247801 as it greater than Beacon TSF 0
11-21 08:03:03.378 I/LOWI-9.0.0.80( 1026): [LOWI-Scan] RSN_IE
11-21 08:03:03.378 D/LOWI-9.0.0.80( 1026): [LOWI-Scan] decode_rsn_wpa_ie: Entered
11-21 08:03:03.378 D/LOWI-9.0.0.80( 1026): [LOWIUtils] hexDump: msg(30 18 01 00 00 0f ac 02 02 00 00 0f ac 02 00 0f ac 04 01 00 00 0f ac 02 )
11-21 08:03:03.378 D/LOWI-9.0.0.80( 1026): [LOWI-Scan] decode_rsn_wpa_ie: LOWI_ENCRYPTION_TYPE_WPA_PSK
11-21 08:03:03.378 D/LOWI-9.0.0.80( 1026): [LOWI-Scan] is_qcom_ie, bss_age: 33
11-21 08:03:03.378 D/LOWI-9.0.0.80( 1026): [LOWI-Scan] adjust_age:AP AGE upper limit reached. Dont store
11-21 08:03:03.378 D/LOWI-9.0.0.80( 1026): [LOWI-Scan] BSS 18:4f:32:07:46:03 LOWI_PHY_MODE_11NG_HT20(5), Beacon Interval: 100, LOWI_ENCRYPTION_TYPE_WPA_PSK 11mcRanging: No, ANQP: No, LCI: No, Civic: No, capability(0x0431): ESS Privacy ShortPreamble ShortSlotTime
11-21 08:03:03.378 D/LOWI-9.0.0.80( 1026): [LOWI-Scan] BSS 18:4f:32:07:46:03 FREQ: 2437, cFreq1[40:80:160] = [0:0:0] cFreq2 = 0 Country Code =    
11-21 08:03:03.378 D/LOWI-9.0.0.80( 1026): [LOWI-Scan] BSS 18:4f:32:07:46:03 (wlan0) ASSO: NO AddInfo: 0x0, TSF 1, 16:14:02.247, RSSI: -168, CPL: 127, AGE: 28840,  SSID HP-Print-03-LaserJet Pro MFP, TSFDelta: 0x0, TXRate: 0
11-21 08:03:03.379 D/LOWI-9.0.0.80( 1026): [LOWI-Scan] 
11-21 08:03:03.379 D/LOWI-9.0.0.80( 1026): [LOWI-Scan] print_bss_handler: Report Probe TSF 144871081991 as it greater than Beacon TSF 0
11-21 08:03:03.379 I/LOWI-9.0.0.80( 1026): [LOWI-Scan] RSN_IE
11-21 08:03:03.379 D/LOWI-9.0.0.80( 1026): [LOWI-Scan] decode_rsn_wpa_ie: Entered
11-21 08:03:03.379 D/LOWI-9.0.0.80( 1026): [LOWIUtils] hexDump: msg(30 14 01 00 00 0f ac 04 01 00 00 0f ac 04 01 00 00 0f ac 02 )
11-21 08:03:03.379 D/LOWI-9.0.0.80( 1026): [LOWI-Scan] decode_rsn_wpa_ie: LOWI_ENCRYPTION_TYPE_WPA_PSK
11-21 08:03:03.379 D/LOWI-9.0.0.80( 1026): [LOWI-Scan] is_qcom_ie, bss_age: 51
11-21 08:03:03.379 D/LOWI-9.0.0.80( 1026): [LOWI-Scan] BSS 2c:57:41:89:53:21 LOWI_PHY_MODE_11NG_HT20(5), Beacon Interval: 100, LOWI_ENCRYPTION_TYPE_WPA_PSK 11mcRanging: No, ANQP: No, LCI: No, Civic: No, capability(0x1411): ESS Privacy ShortSlotTime
11-21 08:03:03.379 D/LOWI-9.0.0.80( 1026): [LOWI-Scan] BSS 2c:57:41:89:53:21 FREQ: 2412, cFreq1[40:80:160] = [0:0:0] cFreq2 = 0 Country Code = US
11-21 08:03:03.379 D/LOWI-9.0.0.80( 1026): [LOWI-Scan] BSS 2c:57:41:89:53:21 (wlan0) ASSO: NO AddInfo: 0x0, TSF 1, 16:14:31.081, RSSI: -158, CPL: 3, AGE: 0,  SSID kittyhawk, TSFDelta: 0x0, TXRate: 0
11-21 08:03:03.379 D/LOWI-9.0.0.80( 1026): [LOWIDiagLog] Log: lowiMeasResult->request: invalid null argument
11-21 08:03:03.379 I/LOWI-9.0.0.80( 1026): [LOWI-Scan] lowi_close_record:Scan done in 144827150ms, 20 APs in scan results
11-21 08:03:03.380 D/LOWI-9.0.0.80( 1026): [LOWI-Scan] WipsScanUsingNL: passive scan cached 0, took 3776 ms, err 0
11-21 08:03:03.380 D/LOWI-9.0.0.80( 1026): [LOWI-Scan] lowi_proc_req_passive_scan_with_live_meas - No WLAN Frames to be parsed
11-21 08:03:03.380 D/LOWI-9.0.0.80( 1026): [LOWIScanResultReceiver] Send scan meas to listener
11-21 08:03:03.380 D/LOWI-9.0.0.80( 1026): [LOWIScanResultReceiver] Enter passive listening mode
11-21 08:03:03.380 D/LOWI-9.0.0.80( 1026): [LOWIWifiDriverInterface] getMeasurements - Passive listening mode
11-21 08:03:03.380 D/LOWI-9.0.0.80( 1026): [LOWI-Scan] WipsScanUsingNL:wait -1 sec for netlink message
11-21 08:03:03.381 D/LOWI-9.0.0.80( 1026): [LOWIEventReceiver] handleEvent:FROM:NA, TO:NA, REQ:NA, IREQ:NA, REQ_ID:0, RESP:NA, INFO:NA
11-21 08:03:03.381 D/LOWI-9.0.0.80( 1026): [LOWIBackgroundScanMgr] isRspForBgScanMgr: evt(LOWI_NO_EVT) - not handled
11-21 08:03:03.381 D/LOWI-9.0.0.80( 1026): [LOWIScheduler] manageMsg: NULL results or NULL request in results
11-21 08:03:03.381 D/LOWI-9.0.0.80( 1026): [LOWIController] Measurements received
11-21 08:03:03.381 D/LOWI-9.0.0.80( 1026): [LOWICacheManager] putInCache:Num of Meas to add: 20
11-21 08:03:03.381 D/PasspointManager( 1186): ANQP entry not found for: 12:d7:96:61:85:9f:<Pixel_R5>
11-21 08:03:03.382 D/PasspointManager( 1186): ANQP entry not found for: ce:dc:12:3b:87:fd:<Pixel5_R1>
11-21 08:03:03.382 D/PasspointManager( 1186): ANQP entry not found for: fe:2d:5a:49:61:eb:<Pixel_R2>
11-21 08:03:03.382 D/PasspointManager( 1186): ANQP entry not found for: c6:82:9b:4e:b3:9e:<Pixel_R6>
11-21 08:03:03.382 D/LOWI-9.0.0.80( 1026): [LOWIController] processMeasurementResults: No current Request. Cache measurements
11-21 08:03:03.382 D/LOWI-9.0.0.80( 1026): [LOWIControllerExtn] sendLOWILpDiscoveryScanResponse: Not a discovery scan response
11-21 08:03:03.439 D/WifiSharingService( 2870): Sending scanResults intent with status code 0: PendingIntent{1f04687: android.os.BinderProxy@a5e3d94}
11-21 08:03:03.445 D/CompatibilityInfo( 1186): mCompatibilityFlags - 4
11-21 08:03:03.445 D/CompatibilityInfo( 1186): applicationDensity - 320
11-21 08:03:03.445 D/CompatibilityInfo( 1186): applicationScale - 1.0
11-21 08:03:04.136 E/QMI_FW  ( 1042): qmi_cci_get_ref: ref count increased 2
11-21 08:03:04.138 E/QMI_FW  ( 1042): qmi_cci_get_ref: ref count increased 2
11-21 08:03:04.151 I/WearableConnectivityManager(21108): LTE Signal strength is: 2
11-21 08:03:04.151 I/WearableConnectivityManager(21108): Cellular Signal strength is: 2
11-21 08:03:04.151 D/RadioLinkQualityScoreBuilder( 1984): scoreRsrp: 3scoreRsrq: 3scoreRssnr: 3
11-21 08:03:04.152 D/WirelessInsightServiceImpl( 1984): onSignalStrengthsChanged: SignalStrength = SignalStrength:{mCdma=CellSignalStrengthCdma: cdmaDbm=2147483647 cdmaEcio=2147483647 evdoDbm=2147483647 evdoEcio=2147483647 evdoSnr=2147483647 level=0,mGsm=CellSignalStrengthGsm: rssi=2147483647 ber=2147483647 mTa=2147483647 mLevel=0,mWcdma=CellSignalStrengthWcdma: ss=2147483647 ber=2147483647 rscp=2147483647 ecno=2147483647 level=0,mTdscdma=CellSignalStrengthTdscdma: rssi=2147483647 ber=2147483647 rscp=2147483647 level=0,mLte=CellSignalStrengthLte: rssi=-79 rsrp=-111 rsrq=-13 rssnr=9 cqi=2147483647 ta=2147483647 level=2 parametersUseForLevel=0,mNr=CellSignalStrengthNr:{ csiRsrp = 2147483647 csiRsrq = 2147483647 csiSinr = 2147483647 ssRsrp = 2147483647 ssRsrq = 2147483647 ssSinr = 2147483647 level = 0 parametersUseForLevel = 0 },primary=CellSignalStrengthLte}
11-21 08:03:04.152 D/WirelessInsightServiceImpl( 1984): Score: 3
11-21 08:03:04.152 D/WirelessInsightServiceImpl( 1984): notifyListeners: listeners = 0, score = 3
11-21 08:03:04.359 W/HWComposer(  598): Ignoring duplicate VSYNC event from HWC for display 0 (t=144872084481400)
11-21 08:03:04.375 W/HWComposer(  598): Ignoring duplicate VSYNC event from HWC for display 0 (t=144872101364838)
11-21 08:03:04.392 W/HWComposer(  598): Ignoring duplicate VSYNC event from HWC for display 0 (t=144872118248484)
11-21 08:03:04.409 W/HWComposer(  598): Ignoring duplicate VSYNC event from HWC for display 0 (t=144872135082338)
11-21 08:03:04.426 W/HWComposer(  598): Ignoring duplicate VSYNC event from HWC for display 0 (t=144872152001869)
11-21 08:03:04.443 W/HWComposer(  598): Ignoring duplicate VSYNC event from HWC for display 0 (t=144872168881296)
11-21 08:03:05.747 D/UIAutomatorStub(15932): URI: /jsonrpc/0, Method: POST, Header: {content-length=229, remote-addr=127.0.0.1, http-client-ip=127.0.0.1, host=localhost:9012, content-type=application/json, accept-encoding=identity}, params, {NanoHttpd.QUERY_STRING=null}, files: {postData={"jsonrpc": "2.0", "method": "objInfo", "id": "2c4570e9bcbb0c223d47a8b9ec0846d6", "params": [{"mask": 2097152, "childOrSibling": [], "childOrSiblingSelector": [], "resourceId": "com.facebook.wearable.system.settings:id/toggle"}]}}
11-21 08:03:05.816 D/UIAutomatorStub(15932): URI: /jsonrpc/0, Method: POST, Header: {content-length=227, remote-addr=127.0.0.1, http-client-ip=127.0.0.1, host=localhost:9012, content-type=application/json, accept-encoding=identity}, params, {NanoHttpd.QUERY_STRING=null}, files: {postData={"jsonrpc": "2.0", "method": "click", "id": "fda5a7ce9e4350302f32f23de6099004", "params": [{"mask": 2097152, "childOrSibling": [], "childOrSiblingSelector": [], "resourceId": "com.facebook.wearable.system.settings:id/toggle"}]}}
11-21 08:03:05.874 D/WifiSharingService( 2870): Setting Wi-Fi enabled state
11-21 08:03:05.875 I/WifiService( 1186): setWifiEnabled package=com.facebook.wearable.system.connectivity uid=1000 enable=false
11-21 08:03:05.877 D/WifiActiveModeWarden( 1186): Switching all client mode managers
11-21 08:03:05.878 D/QCNEJ/WlanStaInfoRelay( 1907): onChange for uri = content://settings/global/wifi_on
11-21 08:03:05.888 D/WifiP2pService( 1186): Wifi enabled=false, P2P Interface availability=true
11-21 08:03:05.889 D/BluetoothAdapterService( 1710): android.net.wifi.WIFI_STATE_CHANGED
11-21 08:03:05.889 D/WifiP2pNative( 1186): Teardown P2P interface
11-21 08:03:05.889 E/QMI_FW  (  915): qmi_cci_get_ref: ref count increased 2
11-21 08:03:05.890 W/ContextImpl( 1186): Calling a method in the system process without a qualified user: android.app.ContextImpl.sendBroadcastMultiplePermissions:1143 android.content.Context.sendBroadcastWithMultiplePermissions:2150 com.android.server.display.WifiDisplayAdapter.handleSendStatusChangeBroadcast:440 com.android.server.display.WifiDisplayAdapter.access$1700:63 com.android.server.display.WifiDisplayAdapter$WifiDisplayHandler.handleMessage:675 
11-21 08:03:05.895 D/WifiP2pService( 1186): Wifi enabled=false, P2P Interface availability=true
11-21 08:03:05.901 D/WifiClientModeManager0( 1186): IMS not registered over IWLAN for subId: 1
11-21 08:03:05.901 D/WifiClientModeManager0( 1186): The target role 5
11-21 08:03:05.946 I/android_os_HwBinder( 1186): HwBinder: Starting thread pool for getting: android.hardware.wifi.supplicant@1.0::ISupplicant/default
11-21 08:03:05.957 I/wpa_supplicant(29383): wlan0: Do not deauthenticate as part of interface deinit since WoWLAN is enabled
11-21 08:03:06.014 I/wpa_supplicant(29383): Try to unregister vendor STA network
11-21 08:03:06.029 E/wpa_supplicant(29383): eap_proxy: pthread_join on eap_proxy=0xc3deac
11-21 08:03:06.029 E/wpa_supplicant(29383): eap_proxy: session not started for client = 1
11-21 08:03:06.029 E/QMI_FW  (29383): qmi_cci_get_ref: ref count increased 2
11-21 08:03:06.029 E/QMI_FW  (29383): qmi_cci_get_ref: ref count increased 2
11-21 08:03:06.032 E/wpa_supplicant(29383): eap_proxy: Released QMI UIM service client
11-21 08:03:06.032 E/QMI_FW  (29383): qmi_cci_get_ref: ref count increased 2
11-21 08:03:06.032 E/QMI_FW  (29383): qmi_cci_get_ref: ref count increased 2
11-21 08:03:06.035 E/wpa_supplicant(29383): eap_proxy: Released QMI EAP service client
11-21 08:03:06.035 E/wpa_supplicant(29383): eap_proxy: session not started for client = 2
11-21 08:03:06.035 E/QMI_FW  (29383): qmi_cci_get_ref: ref count increased 2
11-21 08:03:06.035 E/QMI_FW  (29383): qmi_cci_get_ref: ref count increased 2
11-21 08:03:06.037 E/wpa_supplicant(29383): eap_proxy: Released QMI UIM service client
11-21 08:03:06.037 E/QMI_FW  (29383): qmi_cci_get_ref: ref count increased 2
11-21 08:03:06.037 E/QMI_FW  (29383): qmi_cci_get_ref: ref count increased 2
11-21 08:03:06.038 E/wpa_supplicant(29383): eap_proxy: Released QMI EAP service client
11-21 08:03:06.039 I/wpa_supplicant(29383): eap_proxy: eap_proxy Deinitialzed
11-21 08:03:06.086 I/wpa_supplicant(29383): nl80211: deinit ifname=wlan0 disabled_11b_rates=0
11-21 08:03:06.155 I/wpa_supplicant(29383): Try to unregister vendor interface
11-21 08:03:06.156 D/ConnectivityService( 1186): handleLingerComplete for [101 CELLULAR]
11-21 08:03:06.156 D/LOWI-9.0.0.80( 1026): [LOWINetlinkSocketReceiver] unpackRTMLinkMessage: RTM_NEWLINK - ifname wlan0, flags 0x11043 ([UP][RUNNING])
11-21 08:03:06.156 D/LOWI-9.0.0.80( 1026): [LOWINetlinkSocketReceiver] processNetlinkPacket: ifname(wlan0) status(2)
11-21 08:03:06.156 D/LOWI-9.0.0.80( 1026): [LOWIController] intfStateReceived: ifname(wlan0) state(2)
11-21 08:03:06.157 D/LOWI-9.0.0.80( 1026): [LOWIEventReceiver] handleEvent:FROM:NA, TO:NA, REQ:NA, IREQ:NA, REQ_ID:0, RESP:NA, INFO:INTF-STATUS-UPDATE
11-21 08:03:06.157 D/LOWI-9.0.0.80( 1026): [LOWIEventReceiver] Info to [INTF-STATUS-UPDATE]
11-21 08:03:06.157 D/LOWI-9.0.0.80( 1026): [LOWIController] updateIntfState: WIFI enabled 2 mNlWifiStatus 2 mWifiStateEnabled 1
11-21 08:03:06.157 D/LOWI-9.0.0.80( 1026): [LOWIController] isWifiEnabled: mNlWifiStatus 2 mWifiStateEnabled 1
11-21 08:03:06.171 I/SupplicantStaIfaceHal( 1186): Terminating supplicant using HIDL
11-21 08:03:06.174 I/wpa_supplicant(29383): p2p0: Do not deauthenticate as part of interface deinit since WoWLAN is enabled
11-21 08:03:06.181 D/QCNEJ/WwanInfoRelay( 1907): onCapabilitiesChanged: 101 [ Transports: CELLULAR Capabilities: MMS&SUPL&FOTA&INTERNET&NOT_RESTRICTED&TRUSTED&NOT_VPN&VALIDATED&NOT_ROAMING&NOT_CONGESTED&NOT_SUSPENDED LinkUpBandwidth>=15000Kbps LinkDnBandwidth>=30000Kbps Specifier: <TelephonyNetworkSpecifier [mSubId = 1]> AdministratorUids: [] RequestorUid: -1 RequestorPackageName: null]
11-21 08:03:06.187 I/QCNEJ/WwanInfoRelay( 1907): cacheWwanInfo subId = 1 phoneId = 0 slotId = 0
11-21 08:03:06.207 W/MqttClient( 2620): connection/disconnecting; reason=READ_SOCKET, operation=NETWORK_THREAD_LOOP
11-21 08:03:06.214 E/wpa_supplicant(29383): eap_proxy: pthread_join on eap_proxy=0xc3dfa8
11-21 08:03:06.214 E/wpa_supplicant(29383): eap_proxy: session not started for client = 1
11-21 08:03:06.214 E/QMI_FW  (29383): qmi_cci_get_ref: ref count increased 2
11-21 08:03:06.215 E/QMI_FW  (29383): qmi_cci_get_ref: ref count increased 2
11-21 08:03:06.215 E/wpa_supplicant(29383): eap_proxy: Released QMI UIM service client
11-21 08:03:06.215 E/QMI_FW  (29383): qmi_cci_get_ref: ref count increased 2
11-21 08:03:06.215 E/QMI_FW  (29383): qmi_cci_get_ref: ref count increased 2
11-21 08:03:06.215 E/wpa_supplicant(29383): eap_proxy: Released QMI EAP service client
11-21 08:03:06.215 E/wpa_supplicant(29383): eap_proxy: session not started for client = 2
11-21 08:03:06.215 E/QMI_FW  (29383): qmi_cci_get_ref: ref count increased 2
11-21 08:03:06.215 E/QMI_FW  (29383): qmi_cci_get_ref: ref count increased 2
11-21 08:03:06.215 E/wpa_supplicant(29383): eap_proxy: Released QMI UIM service client
11-21 08:03:06.215 E/QMI_FW  (29383): qmi_cci_get_ref: ref count increased 2
11-21 08:03:06.215 E/QMI_FW  (29383): qmi_cci_get_ref: ref count increased 2
11-21 08:03:06.219 E/wpa_supplicant(29383): eap_proxy: Released QMI EAP service client
11-21 08:03:06.219 I/wpa_supplicant(29383): eap_proxy: eap_proxy Deinitialzed
11-21 08:03:06.224 W/System.err( 2620): DEBUG: com.whatsapp.net.tls13.WtSocketWrapper.sendAlertAndShutdown(:86) : Sending Alert : type : WARNING description : close_notify(0) exception : 
11-21 08:03:06.225 W/System.err( 2620): ERROR: com.whatsapp.net.logging.WtLog.log$REDEX$HQcOuACUrr4(:4) : Encountered exception. Nothing much can be done here. com.whatsapp.net.alerts.WtAlertException
11-21 08:03:06.269 I/wpa_supplicant(29383): nl80211: deinit ifname=p2p0 disabled_11b_rates=0
11-21 08:03:06.287 E/QMI_FW  ( 1042): qmi_cci_get_ref: ref count increased 2
11-21 08:03:06.289 E/QMI_FW  ( 1042): qmi_cci_get_ref: ref count increased 2
11-21 08:03:06.290 E/QMI_FW  ( 1042): qmi_cci_get_ref: ref count increased 2
11-21 08:03:06.304 W/System.err( 2620): INFO: com.whatsapp.net.logging.WtLog.log$REDEX$HQcOuACUrr4(:4) : Start handshake.
11-21 08:03:06.327 W/System.err( 2620): INFO: com.whatsapp.net.logging.WtLog.log$REDEX$HQcOuACUrr4(:4) : Handshake complete : session_resumed true early_data_sent false early_data_accepted false client_cert_requested false time_ms 22
11-21 08:03:06.334 D/LOWI-9.0.0.80( 1026): [LOWINetlinkSocketReceiver] unpackRTMLinkMessage: RTM_NEWLINK - ifname p2p0, flags 0x1003 ([UP])
11-21 08:03:06.354 D/LOWI-9.0.0.80( 1026): [LOWINetlinkSocketReceiver] unpackRTMLinkMessage: RTM_NEWLINK - ifname p2p0, flags 0x1002 ()
11-21 08:03:06.358 D/LOWI-9.0.0.80( 1026): [LOWINetlinkSocketReceiver] unpackRTMLinkMessage: RTM_NEWLINK - ifname p2p0, flags 0x1002 ()
11-21 08:03:06.359 I/wpa_supplicant(29383): Try to unregister vendor p2 interface
11-21 08:03:06.360 I/WifiP2pNative( 1186): P2P interface teardown completed
11-21 08:03:06.360 I/android_os_HwBinder( 1186): HwBinder: Starting thread pool for getting: android.hardware.wifi.supplicant@1.0::ISupplicant/default
11-21 08:03:06.361 D/WifiP2pNative( 1186): P2P InterfaceDestroyedListener p2p0
11-21 08:03:06.361 D/WifiP2pNative( 1186): Ignoring stale interface destroyed listener
11-21 08:03:06.361 D/WifiP2pNative( 1186): P2P InterfaceAvailableListener true
11-21 08:03:06.361 D/WifiP2pService( 1186): Wifi enabled=false, P2P Interface availability=true
11-21 08:03:06.362 I/wpa_supplicant(29383): Terminating...
11-21 08:03:06.365 D/LOWI-9.0.0.80( 1026): [LOWINetlinkSocketReceiver] unpackRTMLinkMessage: RTM_NEWLINK - ifname wlan0, flags 0x1003 ([UP])
11-21 08:03:06.365 D/LOWI-9.0.0.80( 1026): [LOWINetlinkSocketReceiver] processNetlinkPacket: ifname(wlan0) status(1)
11-21 08:03:06.365 D/LOWI-9.0.0.80( 1026): [LOWIController] intfStateReceived: ifname(wlan0) state(1)
11-21 08:03:06.365 D/LOWI-9.0.0.80( 1026): [LOWIEventReceiver] handleEvent:FROM:NA, TO:NA, REQ:NA, IREQ:NA, REQ_ID:0, RESP:NA, INFO:INTF-STATUS-UPDATE
11-21 08:03:06.365 D/LOWI-9.0.0.80( 1026): [LOWIEventReceiver] Info to [INTF-STATUS-UPDATE]
11-21 08:03:06.366 D/LOWI-9.0.0.80( 1026): [LOWIController] updateIntfState: WIFI enabled 1 mNlWifiStatus 2 mWifiStateEnabled 1
11-21 08:03:06.366 D/LOWI-9.0.0.80( 1026): [LOWIController] isWifiEnabled: mNlWifiStatus 1 mWifiStateEnabled 1
11-21 08:03:06.408 D/LOWI-9.0.0.80( 1026): [LOWINetlinkSocketReceiver] unpackRTMLinkMessage: RTM_NEWLINK - ifname wlan0, flags 0x1003 ([UP])
11-21 08:03:06.408 D/LOWI-9.0.0.80( 1026): [LOWINetlinkSocketReceiver] processNetlinkPacket: ifname(wlan0) status(1)
11-21 08:03:06.408 D/LOWI-9.0.0.80( 1026): [LOWIController] intfStateReceived: ifname(wlan0) state(1)
11-21 08:03:06.409 D/LOWI-9.0.0.80( 1026): [LOWIEventReceiver] handleEvent:FROM:NA, TO:NA, REQ:NA, IREQ:NA, REQ_ID:0, RESP:NA, INFO:INTF-STATUS-UPDATE
11-21 08:03:06.409 D/LOWI-9.0.0.80( 1026): [LOWIEventReceiver] Info to [INTF-STATUS-UPDATE]
11-21 08:03:06.409 D/LOWI-9.0.0.80( 1026): [LOWIController] updateIntfState: WIFI enabled 1 mNlWifiStatus 1 mWifiStateEnabled 1
11-21 08:03:06.409 D/LOWI-9.0.0.80( 1026): [LOWIController] isWifiEnabled: mNlWifiStatus 1 mWifiStateEnabled 1
11-21 08:03:06.411 V/WifiHAL (  544): event received NL80211_CMD_DISCONNECT
11-21 08:03:06.412 W/SupplicantStaIfaceHal( 1186): Timed out waiting for confirmation of supplicant death
11-21 08:03:06.413 W/system_server( 1186): Long monitor contention with owner WifiHandlerThread (1641) at boolean com.android.server.wifi.SupplicantStaIfaceHal.removeIfaceV1_1(java.lang.String)(SupplicantStaIfaceHal.java:810) waiters=0 in void com.android.server.wifi.SupplicantStaIfaceCallbackImpl.onNetworkRemoved(int) for 394ms
11-21 08:03:06.415 W/SupplicantP2pIfaceHal( 1186): ISupplicant/ISupplicantP2pIface died: cookie=0
11-21 08:03:06.415 W/SupplicantP2pIfaceHal( 1186): ISupplicant/ISupplicantP2pIface died: cookie=0
11-21 08:03:06.415 W/SupplicantP2pIfaceHal( 1186): ISupplicantVendor/ISupplicantVendorP2PIface died: cookie=0
11-21 08:03:06.415 D/SupplicantStaIfaceHal( 1186): ISupplicant died: cookie=3720996234877249761
