11-20 20:14:14.387 D/CompatibilityInfo( 1194): applicationScale - 1.0
11-20 20:14:15.408 W/HWComposer(  577): Ignoring duplicate VSYNC event from HWC for display 0 (t=102399569147395)
11-20 20:14:16.253 W/HWComposer(  577): Ignoring duplicate VSYNC event from HWC for display 0 (t=102400413398696)
11-20 20:14:16.680 D/UIAutomatorStub(26720): URI: /jsonrpc/0, Method: POST, Header: {content-length=229, remote-addr=127.0.0.1, http-client-ip=127.0.0.1, host=localhost:9010, content-type=application/json, accept-encoding=identity}, params, {NanoHttpd.QUERY_STRING=null}, files: {postData={"jsonrpc": "2.0", "method": "objInfo", "id": "f61df9d4cc9933875879e84dee0b9c35", "params": [{"mask": 2097152, "childOrSibling": [], "childOrSiblingSelector": [], "resourceId": "com.facebook.wearable.system.settings:id/toggle"}]}}
11-20 20:14:16.760 D/UIAutomatorStub(26720): URI: /jsonrpc/0, Method: POST, Header: {content-length=227, remote-addr=127.0.0.1, http-client-ip=127.0.0.1, host=localhost:9010, content-type=application/json, accept-encoding=identity}, params, {NanoHttpd.QUERY_STRING=null}, files: {postData={"jsonrpc": "2.0", "method": "click", "id": "6c32b6dc46e754b522fddf74329d8e75", "params": [{"mask": 2097152, "childOrSibling": [], "childOrSiblingSelector": [], "resourceId": "com.facebook.wearable.system.settings:id/toggle"}]}}
11-20 20:14:16.823 D/WifiSharingService( 2841): Setting Wi-Fi enabled state
11-20 20:14:16.823 I/WifiService( 1194): setWifiEnabled package=com.facebook.wearable.system.connectivity uid=1000 enable=false
11-20 20:14:16.826 D/QCNEJ/WlanStaInfoRelay( 1900): onChange for uri = content://settings/global/wifi_on
11-20 20:14:16.827 D/WifiActiveModeWarden( 1194): Switching all client mode managers
11-20 20:14:16.832 D/WifiP2pService( 1194): Wifi enabled=false, P2P Interface availability=true
11-20 20:14:16.833 E/QMI_FW  (  927): qmi_cci_get_ref: ref count increased 2
11-20 20:14:16.835 D/WifiP2pNative( 1194): Teardown P2P interface
11-20 20:14:16.841 D/WifiP2pService( 1194): Wifi enabled=false, P2P Interface availability=true
11-20 20:14:16.852 I/wpa_supplicant(18486): p2p0: Do not deauthenticate as part of interface deinit since WoWLAN is enabled
11-20 20:14:16.872 W/ContextImpl( 1194): Calling a method in the system process without a qualified user: android.app.ContextImpl.sendBroadcastMultiplePermissions:1143 android.content.Context.sendBroadcastWithMultiplePermissions:2150 com.android.server.display.WifiDisplayAdapter.handleSendStatusChangeBroadcast:440 com.android.server.display.WifiDisplayAdapter.access$1700:63 com.android.server.display.WifiDisplayAdapter$WifiDisplayHandler.handleMessage:675 
11-20 20:14:16.873 D/WifiClientModeManager1( 1194): IMS not registered over IWLAN for subId: 1
11-20 20:14:16.873 D/WifiClientModeManager1( 1194): The target role 5
11-20 20:14:16.899 E/wpa_supplicant(18486): eap_proxy: pthread_join on eap_proxy=0xec02fa8
11-20 20:14:16.899 E/wpa_supplicant(18486): eap_proxy: session not started for client = 1
11-20 20:14:16.900 E/QMI_FW  (18486): qmi_cci_get_ref: ref count increased 2
11-20 20:14:16.900 E/QMI_FW  (18486): qmi_cci_get_ref: ref count increased 2
11-20 20:14:16.901 E/wpa_supplicant(18486): eap_proxy: Released QMI UIM service client
11-20 20:14:16.901 E/QMI_FW  (18486): qmi_cci_get_ref: ref count increased 2
11-20 20:14:16.901 E/QMI_FW  (18486): qmi_cci_get_ref: ref count increased 2
11-20 20:14:16.902 E/wpa_supplicant(18486): eap_proxy: Released QMI EAP service client
11-20 20:14:16.902 E/wpa_supplicant(18486): eap_proxy: session not started for client = 2
11-20 20:14:16.902 E/QMI_FW  (18486): qmi_cci_get_ref: ref count increased 2
11-20 20:14:16.902 E/QMI_FW  (18486): qmi_cci_get_ref: ref count increased 2
11-20 20:14:16.904 E/wpa_supplicant(18486): eap_proxy: Released QMI UIM service client
11-20 20:14:16.904 E/QMI_FW  (18486): qmi_cci_get_ref: ref count increased 2
11-20 20:14:16.904 E/QMI_FW  (18486): qmi_cci_get_ref: ref count increased 2
11-20 20:14:16.904 E/wpa_supplicant(18486): eap_proxy: Released QMI EAP service client
11-20 20:14:16.904 I/wpa_supplicant(18486): eap_proxy: eap_proxy Deinitialzed
11-20 20:14:16.961 I/wpa_supplicant(18486): nl80211: deinit ifname=p2p0 disabled_11b_rates=0
11-20 20:14:17.020 D/LOWI-9.0.0.80( 1024): [LOWINetlinkSocketReceiver] unpackRTMLinkMessage: RTM_NEWLINK - ifname p2p0, flags 0x1003 ([UP])
11-20 20:14:17.064 D/LOWI-9.0.0.80( 1024): [LOWINetlinkSocketReceiver] unpackRTMLinkMessage: RTM_NEWLINK - ifname p2p0, flags 0x1002 ()
11-20 20:14:17.078 D/LOWI-9.0.0.80( 1024): [LOWINetlinkSocketReceiver] unpackRTMLinkMessage: RTM_NEWLINK - ifname p2p0, flags 0x1002 ()
11-20 20:14:17.080 I/wpa_supplicant(18486): Try to unregister vendor p2 interface
11-20 20:14:17.081 I/WifiP2pNative( 1194): P2P interface teardown completed
11-20 20:14:17.081 D/WifiP2pNative( 1194): P2P InterfaceDestroyedListener p2p0
11-20 20:14:17.082 D/WifiP2pNative( 1194): Ignoring stale interface destroyed listener
11-20 20:14:17.082 D/WifiP2pNative( 1194): P2P InterfaceAvailableListener true
11-20 20:14:17.082 D/WifiP2pService( 1194): Wifi enabled=false, P2P Interface availability=true
11-20 20:14:17.083 I/android_os_HwBinder( 1194): HwBinder: Starting thread pool for getting: android.hardware.wifi.supplicant@1.0::ISupplicant/default
11-20 20:14:17.085 I/wpa_supplicant(18486): wlan0: Do not deauthenticate as part of interface deinit since WoWLAN is enabled
11-20 20:14:17.130 I/wpa_supplicant(18486): Try to unregister vendor STA network
11-20 20:14:17.132 E/wpa_supplicant(18486): eap_proxy: pthread_join on eap_proxy=0xec02eac
11-20 20:14:17.132 E/wpa_supplicant(18486): eap_proxy: session not started for client = 1
11-20 20:14:17.132 E/QMI_FW  (18486): qmi_cci_get_ref: ref count increased 2
11-20 20:14:17.132 E/QMI_FW  (18486): qmi_cci_get_ref: ref count increased 2
11-20 20:14:17.134 E/wpa_supplicant(18486): eap_proxy: Released QMI UIM service client
11-20 20:14:17.134 E/QMI_FW  (18486): qmi_cci_get_ref: ref count increased 2
11-20 20:14:17.134 E/QMI_FW  (18486): qmi_cci_get_ref: ref count increased 2
11-20 20:14:17.135 E/wpa_supplicant(18486): eap_proxy: Released QMI EAP service client
11-20 20:14:17.135 E/wpa_supplicant(18486): eap_proxy: session not started for client = 2
11-20 20:14:17.135 E/QMI_FW  (18486): qmi_cci_get_ref: ref count increased 2
11-20 20:14:17.135 E/QMI_FW  (18486): qmi_cci_get_ref: ref count increased 2
11-20 20:14:17.135 E/wpa_supplicant(18486): eap_proxy: Released QMI UIM service client
11-20 20:14:17.135 E/QMI_FW  (18486): qmi_cci_get_ref: ref count increased 2
11-20 20:14:17.135 E/QMI_FW  (18486): qmi_cci_get_ref: ref count increased 2
11-20 20:14:17.136 E/wpa_supplicant(18486): eap_proxy: Released QMI EAP service client
11-20 20:14:17.136 I/wpa_supplicant(18486): eap_proxy: eap_proxy Deinitialzed
11-20 20:14:17.201 I/wpa_supplicant(18486): nl80211: deinit ifname=wlan0 disabled_11b_rates=0
11-20 20:14:17.240 I/wpa_supplicant(18486): Try to unregister vendor interface
11-20 20:14:17.241 D/LOWI-9.0.0.80( 1024): [LOWINetlinkSocketReceiver] unpackRTMLinkMessage: RTM_NEWLINK - ifname wlan0, flags 0x11043 ([UP][RUNNING])
11-20 20:14:17.241 D/LOWI-9.0.0.80( 1024): [LOWINetlinkSocketReceiver] processNetlinkPacket: ifname(wlan0) status(2)
11-20 20:14:17.241 D/LOWI-9.0.0.80( 1024): [LOWIController] intfStateReceived: ifname(wlan0) state(2)
11-20 20:14:17.241 D/LOWI-9.0.0.80( 1024): [LOWIEventReceiver] handleEvent:FROM:NA, TO:NA, REQ:NA, IREQ:NA, REQ_ID:0, RESP:NA, INFO:INTF-STATUS-UPDATE
11-20 20:14:17.241 D/LOWI-9.0.0.80( 1024): [LOWIEventReceiver] Info to [INTF-STATUS-UPDATE]
11-20 20:14:17.242 D/LOWI-9.0.0.80( 1024): [LOWIController] updateIntfState: WIFI enabled 2 mNlWifiStatus 2 mWifiStateEnabled 1
11-20 20:14:17.242 D/LOWI-9.0.0.80( 1024): [LOWIController] isWifiEnabled: mNlWifiStatus 2 mWifiStateEnabled 1
11-20 20:14:17.247 I/SupplicantStaIfaceHal( 1194): Terminating supplicant using HIDL
11-20 20:14:17.249 I/android_os_HwBinder( 1194): HwBinder: Starting thread pool for getting: android.hardware.wifi.supplicant@1.0::ISupplicant/default
11-20 20:14:17.253 I/wpa_supplicant(18486): Terminating...
11-20 20:14:17.256 D/LOWI-9.0.0.80( 1024): [LOWINetlinkSocketReceiver] unpackRTMLinkMessage: RTM_NEWLINK - ifname wlan0, flags 0x1003 ([UP])
11-20 20:14:17.256 D/LOWI-9.0.0.80( 1024): [LOWINetlinkSocketReceiver] processNetlinkPacket: ifname(wlan0) status(1)
11-20 20:14:17.256 D/LOWI-9.0.0.80( 1024): [LOWIController] intfStateReceived: ifname(wlan0) state(1)
11-20 20:14:17.256 D/LOWI-9.0.0.80( 1024): [LOWIEventReceiver] handleEvent:FROM:NA, TO:NA, REQ:NA, IREQ:NA, REQ_ID:0, RESP:NA, INFO:INTF-STATUS-UPDATE
11-20 20:14:17.256 D/LOWI-9.0.0.80( 1024): [LOWIEventReceiver] Info to [INTF-STATUS-UPDATE]
11-20 20:14:17.256 D/LOWI-9.0.0.80( 1024): [LOWIController] updateIntfState: WIFI enabled 1 mNlWifiStatus 2 mWifiStateEnabled 1
11-20 20:14:17.256 D/LOWI-9.0.0.80( 1024): [LOWIController] isWifiEnabled: mNlWifiStatus 1 mWifiStateEnabled 1
11-20 20:14:17.298 D/LOWI-9.0.0.80( 1024): [LOWINetlinkSocketReceiver] unpackRTMLinkMessage: RTM_NEWLINK - ifname wlan0, flags 0x1003 ([UP])
11-20 20:14:17.298 D/LOWI-9.0.0.80( 1024): [LOWINetlinkSocketReceiver] processNetlinkPacket: ifname(wlan0) status(1)
11-20 20:14:17.298 D/LOWI-9.0.0.80( 1024): [LOWIController] intfStateReceived: ifname(wlan0) state(1)
11-20 20:14:17.299 D/LOWI-9.0.0.80( 1024): [LOWIEventReceiver] handleEvent:FROM:NA, TO:NA, REQ:NA, IREQ:NA, REQ_ID:0, RESP:NA, INFO:INTF-STATUS-UPDATE
11-20 20:14:17.299 D/LOWI-9.0.0.80( 1024): [LOWIEventReceiver] Info to [INTF-STATUS-UPDATE]
11-20 20:14:17.299 D/LOWI-9.0.0.80( 1024): [LOWIController] updateIntfState: WIFI enabled 1 mNlWifiStatus 1 mWifiStateEnabled 1
11-20 20:14:17.299 D/LOWI-9.0.0.80( 1024): [LOWIController] isWifiEnabled: mNlWifiStatus 1 mWifiStateEnabled 1
11-20 20:14:17.301 V/WifiHAL (  539): event received NL80211_CMD_DISCONNECT
11-20 20:14:17.301 W/SupplicantStaIfaceHal( 1194): Timed out waiting for confirmation of supplicant death
11-20 20:14:17.302 E/SupplicantStaIfaceHal( 1194): Can't call getKeyMgmtCapabilities_1_3, ISupplicantStaIface is null
11-20 20:14:17.303 V/WifiHAL (  539): WifiVendorCommand 0xaad86b98 created vendor_id:0x1374 subcmd:38
11-20 20:14:17.304 V/WifiHAL (  539): Got a Wi-Fi HAL module message from Driver
11-20 20:14:17.304 V/WifiHAL (  539): Supported feature set : 19d3d
11-20 20:14:17.304 V/WifiHAL (  539): Supported feature set acquired : 19d3d
11-20 20:14:17.304 V/WifiHAL (  539): WifiVendorCommand 0xa0792370 created vendor_id:0x1374 subcmd:76
11-20 20:14:17.304 V/WifiHAL (  539): create: mVendor_id = 4980, Subcmd = 76.
11-20 20:14:17.306 V/WifiHAL (  539): WifiVendorCommand 0xaad86cc8 created vendor_id:0x1374 subcmd:38
11-20 20:14:17.307 V/WifiHAL (  539): Got a Wi-Fi HAL module message from Driver
11-20 20:14:17.307 V/WifiHAL (  539): Supported feature set : 19d3d
11-20 20:14:17.308 V/WifiHAL (  539): Supported feature set acquired : 19d3d
11-20 20:14:17.308 V/WifiHAL (  539): WifiVendorCommand 0xa0792370 created vendor_id:0x1374 subcmd:76
11-20 20:14:17.308 V/WifiHAL (  539): create: mVendor_id = 4980, Subcmd = 76.
11-20 20:14:17.309 W/SupplicantStaIfaceHal( 1194): ISupplicantVendor/ISupplicantVendorStaIface died: cookie=0
11-20 20:14:17.310 W/SupplicantP2pIfaceHal( 1194): ISupplicant/ISupplicantP2pIface died: cookie=0
11-20 20:14:17.310 W/SupplicantStaIfaceHal( 1194): ISupplicantVendor/ISupplicantVendorStaIface died: cookie=0
11-20 20:14:17.310 W/SupplicantP2pIfaceHal( 1194): ISupplicant/ISupplicantP2pIface died: cookie=0
11-20 20:14:17.310 W/SupplicantP2pIfaceHal( 1194): ISupplicantVendor/ISupplicantVendorP2PIface died: cookie=0
11-20 20:14:17.310 D/SupplicantStaIfaceHal( 1194): ISupplicant died: cookie=3043668654164603801
11-20 20:14:17.310 W/SupplicantP2pIfaceHal( 1194): ISupplicantVendor/ISupplicantVendorP2PIface died: cookie=0
11-20 20:14:17.316 E/SupplicantStaIfaceHal( 1194): Can't call getWpaDriverFeatureSet, ISupplicantStaIface is null
11-20 20:14:17.316 I/WifiNative( 1194): Successfully switched to scan mode on iface=Iface:{Name=wlan0,Id=1,Type=STA_SCAN}
11-20 20:14:17.317 W/SupplicantStaIfaceHal( 1194): ISupplicant died: cookie=200
11-20 20:14:17.317 D/WifiClientModeManager1( 1194): entering ScanOnlyModeState
11-20 20:14:17.318 D/WifiScanRequestProxy( 1194): Sending scan available broadcast: true
11-20 20:14:17.318 I/WifiScanningService( 1194): Received a request to enable scanning, UID = 1000
11-20 20:14:17.318 I/WifiScanningService( 1194): scanner impls already exists
11-20 20:14:17.318 E/WifiScanningService( 1194): wifi driver loaded received while already loaded
11-20 20:14:17.319 D/WifiP2pService( 1194): Wifi enabled=false, P2P Interface availability=true
11-20 20:14:17.320 I/WifiScanRequestProxy( 1194): Scanning is enabled
11-20 20:14:17.320 I/WifiScanRequestProxy( 1194): Scanning for hidden networks is disabled
11-20 20:14:17.321 D/WakeupController( 1194): start()
11-20 20:14:17.322 D/WakeupController( 1194): Setting active to true
11-20 20:14:17.331 D/WakeupLock( 1194): Lock set. Number of networks: 1
11-20 20:14:17.333 D/WifiClientModeImpl( 1194): ClientModeImpl: Leaving Connected state
11-20 20:14:17.335 D/WifiCountryCode( 1194): updateCountryCode to US
11-20 20:14:17.335 E/SupplicantStaIfaceHal( 1194): Can't call setCountryCode, ISupplicantStaIface is null
11-20 20:14:17.335 D/WifiCountryCode( 1194): Failed to set country code to: US
11-20 20:14:17.344 E/SupplicantStaIfaceHal( 1194): Can't call listNetworks, ISupplicantStaIface is null
11-20 20:14:17.344 E/SupplicantStaIfaceHal( 1194): removeAllNetworks failed, got null networks
11-20 20:14:17.344 E/WifiClientModeImpl( 1194): Failed to remove networks on exiting connect mode
11-20 20:14:17.346 E/WakeupController( 1194): Unexpected setLastDisconnectInfo when WakeupController is active!
11-20 20:14:17.348 E/WifiVendorHal( 1194): stopRssiMonitoring(l.2106) failed {.code = ERROR_NOT_AVAILABLE, .description = }
11-20 20:14:17.348 E/SupplicantStaIfaceHal( 1194): Can't call setPowerSave, ISupplicantStaIface is null
11-20 20:14:17.348 E/SupplicantStaIfaceHal( 1194): Can't call setBtCoexistenceMode, ISupplicantStaIface is null
11-20 20:14:17.349 V/WifiClientModeImpl( 1194): stopIpClient IpClientWithPreConnection: false
11-20 20:14:17.349 V/WifiClientModeImpl( 1194): java.lang.Throwable
11-20 20:14:17.349 V/WifiClientModeImpl( 1194): 	at com.android.server.wifi.ClientModeImpl.stopIpClient(ClientModeImpl.java:1127)
11-20 20:14:17.349 V/WifiClientModeImpl( 1194): 	at com.android.server.wifi.ClientModeImpl.stopDhcpSetup(ClientModeImpl.java:1153)
11-20 20:14:17.349 V/WifiClientModeImpl( 1194): 	at com.android.server.wifi.ClientModeImpl.handleNetworkDisconnect(ClientModeImpl.java:2945)
11-20 20:14:17.349 V/WifiClientModeImpl( 1194): 	at com.android.server.wifi.ClientModeImpl.stopClientMode(ClientModeImpl.java:3889)
11-20 20:14:17.349 V/WifiClientModeImpl( 1194): 	at com.android.server.wifi.ClientModeImpl.access$4600(ClientModeImpl.java:176)
11-20 20:14:17.349 V/WifiClientModeImpl( 1194): 	at com.android.server.wifi.ClientModeImpl$ConnectModeState.exit(ClientModeImpl.java:4064)
11-20 20:14:17.349 V/WifiClientModeImpl( 1194): 	at com.android.wifi.x.com.android.internal.util.StateMachine$SmHandler.invokeExitMethods(StateMachine.java:1021)
11-20 20:14:17.349 V/WifiClientModeImpl( 1194): 	at com.android.wifi.x.com.android.internal.util.StateMachine$SmHandler.performTransitions(StateMachine.java:877)
11-20 20:14:17.349 V/WifiClientModeImpl( 1194): 	at com.android.wifi.x.com.android.internal.util.StateMachine$SmHandler.handleMessage(StateMachine.java:819)
11-20 20:14:17.349 V/WifiClientModeImpl( 1194): 	at android.os.Handler.dispatchMessage(Handler.java:106)
11-20 20:14:17.349 V/WifiClientModeImpl( 1194): 	at android.os.Looper.loop(Looper.java:223)
11-20 20:14:17.349 V/WifiClientModeImpl( 1194): 	at android.os.HandlerThread.run(HandlerThread.java:67)
11-20 20:14:17.350 D/ConnectivityService( 1194): [204 WIFI] EVENT_NETWORK_INFO_CHANGED, going from CONNECTED to DISCONNECTED
11-20 20:14:17.351 D/ConnectivityService( 1194): [204 WIFI] disconnected, was satisfying 26
11-20 20:14:17.353 D/QCNEJ/WlanStaInfoRelay( 1900): Received action: android.net.wifi.STATE_CHANGE
11-20 20:14:17.353 D/QCNEJ/WlanStaInfoRelay( 1900): reset CountryCodeRetriever
11-20 20:14:17.353 D/DhcpClient( 1194): doQuit
11-20 20:14:17.354 D/WifiConnector( 2841): Network State Changed
11-20 20:14:17.357 E/QMI_FW  (  927): qmi_cci_get_ref: ref count increased 2
11-20 20:14:17.360 D/WifiDiags( 1194): stopLogging() iface list is {} after removing wlan0
11-20 20:14:17.360 E/QMI_FW  (  927): qmi_cci_get_ref: ref count increased 2
11-20 20:14:17.361 E/WifiVendorHal( 1194): resetLogHandler(l.1558) failed {.code = ERROR_NOT_AVAILABLE, .description = }
11-20 20:14:17.361 W/WifiDiags( 1194): Fail to reset log handler
11-20 20:14:17.364 E/QMI_FW  ( 1113): qmi_cci_get_ref: ref count increased 2
11-20 20:14:17.374 D/WifiMemoryStoreImpl( 1194): Set cluster Gded792457511e862 for We4936d4057368143: SUCCESS
11-20 20:14:17.380 E/QMI_FW  ( 1113): qmi_cci_get_ref: ref count increased 2
11-20 20:14:17.387 E/QMI_FW  ( 1113): qmi_cci_get_ref: ref count increased 2
11-20 20:14:17.394 I/chatty  ( 1113): uid=1001(radio) main identical 6 lines
11-20 20:14:17.395 E/QMI_FW  ( 1113): qmi_cci_get_ref: ref count increased 2
11-20 20:14:17.397 E/QMI_FW  ( 1113): qmi_cci_get_ref: ref count increased 2
11-20 20:14:17.405 I/chatty  ( 1113): uid=1001(radio) main identical 3 lines
11-20 20:14:17.410 E/QMI_FW  ( 1113): qmi_cci_get_ref: ref count increased 2
11-20 20:14:17.412 I/GnssNetworkConnectivityHandler( 1194): Network connection lost. Available networks count: 1
11-20 20:14:17.412 I/GnssNetworkConnectivityHandler( 1194): updateNetworkState, state=CLOSED, connected=false, network=204, capabilities=[ Transports: WIFI Capabilities: NOT_METERED&INTERNET&NOT_RESTRICTED&TRUSTED&NOT_VPN&VALIDATED&NOT_ROAMING&FOREGROUND&NOT_CONGESTED&NOT_SUSPENDED LinkUpBandwidth>=67000Kbps LinkDnBandwidth>=67000Kbps SignalStrength: -38 OwnerUid: 1000 AdministratorUids: [] SSID: "MTBF_Lab" RequestorUid: -1 RequestorPackageName: null], apn: , availableNetworkCount: 1
11-20 20:14:17.413 E/QMI_FW  ( 1113): qmi_cci_get_ref: ref count increased 2
11-20 20:14:17.414 W/LocSvc_LocIpc(  523): send:66] failed reason: No such file or directory
11-20 20:14:17.417 E/QMI_FW  ( 1113): qmi_cci_get_ref: ref count increased 2
11-20 20:14:17.417 D/QCNEJ/DefaultNetworkInfoRelay( 1900): Default network lost: 204
11-20 20:14:17.418 D/QCNEJ/NativeHalConnector( 1900): -> SND notifyDefaultNetworkChanged(1)
11-20 20:14:17.420 D/QCNEJ/WlanStaInfoRelay( 1900): network lost: 204
11-20 20:14:17.422 E/QMI_FW  ( 1113): qmi_cci_get_ref: ref count increased 2
11-20 20:14:17.423 D/QCNEJ/WlanStaInfoRelay( 1900): onLost: unbind the process to WIFI
11-20 20:14:17.424 I/Nat464Xlat( 1194): Android Xlat is disabled
11-20 20:14:17.425 D/DeviceAuthService(13575): Network lost
11-20 20:14:17.424 I/Nat464Xlat( 1194): Android Xlat is disabled
11-20 20:14:17.446 D/ConnectivityService( 1194): Sending DISCONNECTED broadcast for type 1 [204 WIFI] isDefaultNetwork=true
11-20 20:14:17.462 D/WifiMemoryStoreImpl( 1194): Set cluster Gded792457511e862 for Wded792457511e862: SUCCESS
11-20 20:14:17.474 D/ConnectivityService( 1194): NetReassign [8 : null  100, 20 : null  100, 46 : null  100, 1932 : null  100, 12 : null  100, 22 : null  100, 16 : null  100, 1330 : null  100, 14 : null  100, 50 : null  100, 18 : null  100, 11 : null  100, 1 : null  100, 17 : null  100, 1935 : null  100]
11-20 20:14:17.476 E/NetlinkEvent(  459): NetlinkEvent::FindParam(): Parameter 'INTERFACE' not found
11-20 20:14:17.476 E/NetlinkEvent(  459): NetlinkEvent::FindParam(): Parameter 'STATE' not found
11-20 20:14:17.476 E/NetlinkEvent(  459): NetlinkEvent::FindParam(): Parameter 'TIME_NS' not found
11-20 20:14:17.476 E/NetlinkEvent(  459): NetlinkEvent::FindParam(): Parameter 'UID' not found
11-20 20:14:17.486 D/ConnectivityService( 1194): Switching to new default network: NetworkAgentInfo{ ni{[type: MOBILE[LTE], state: CONNECTED/CONNECTED, reason: (unspecified), extra: nxtgenphone, failover: false, available: true, roaming: false]}  network{100}  nethandle{432902426637}  lp{{InterfaceName: rmnet_data2 LinkAddresses: [ 10.129.103.196/29,2600:380:c119:24f:b89a:9f3c:46c1:95af/64 ] DnsAddresses: [ /172.26.38.1,/fc00:a:a::300 ] Domains: null MTU: 1430 TcpBufferSizes: 2097152,4194304,8388608,262144,524288,1048576 Routes: [ 0.0.0.0/0 -> 10.129.103.197 rmnet_data2 mtu 1430,::/0 -> fe80::b45f:41f1:1846:969d rmnet_data2 mtu 1430,10.129.103.192/29 -> 0.0.0.0 rmnet_data2 mtu 0,2600:380:c119:24f::/64 -> :: rmnet_data2 mtu 0 ]}}  nc{[ Transports: CELLULAR Capabilities: MMS&SUPL&FOTA&INTERNET&NOT_RESTRICTED&TRUSTED&NOT_VPN&VALIDATED&NOT_ROAMING&FOREGROUND&NOT_CONGESTED&NOT_SUSPENDED LinkUpBandwidth>=15000Kbps LinkDnBandwidth>=30000Kbps Specifier: <TelephonyNetworkSpecifier [mSubId = 1]> AdministratorUids: [] RequestorUid: -1 RequestorPackageName: null]}  Score{50}  everValidated{true}  lastValidated{true}  created{true} lingering{true} explicitlySelected{false} acceptUnvalidated{false} everCaptivePortalDetected{false} lastCaptivePortalDetected{false} partialConnectivity{false} acceptPartialConnectivity{false} clat{mBaseIface: null, mIface: null, mState: IDLE} }
11-20 20:14:17.490 E/SelfCareDataCloudSyncWorker( 2351): Failed to get access token
11-20 20:14:17.490 E/SelfCareDataCloudSyncWorker( 2351): kotlinx.coroutines.JobCancellationException: Job was cancelled; job=JobImpl{Cancelling}@65b2030
11-20 20:14:17.491 I/WM-WorkerWrapper( 2351): Work [ id=41176d4d-428f-4560-a8c8-961a1631ba8f, tags={ com.facebook.wearable.system.selfcare.cloudsync.SelfCareDataCloudSyncWorker } ] was cancelled
11-20 20:14:17.491 I/WM-WorkerWrapper( 2351): java.util.concurrent.CancellationException: Task was cancelled.
11-20 20:14:17.491 I/WM-WorkerWrapper( 2351): 	at androidx.work.impl.utils.futures.AbstractFuture.getDoneValue(:32)
11-20 20:14:17.491 I/WM-WorkerWrapper( 2351): 	at androidx.work.impl.utils.futures.AbstractFuture.get(:268435546)
11-20 20:14:17.491 I/WM-WorkerWrapper( 2351): 	at androidx.work.impl.WorkerWrapper$2.run(:3)
11-20 20:14:17.491 I/WM-WorkerWrapper( 2351): 	at androidx.work.impl.utils.SerialExecutor$Task.run(:2)
11-20 20:14:17.491 I/WM-WorkerWrapper( 2351): 	at java.util.concurrent.ThreadPoolExecutor.runWorker(ThreadPoolExecutor.java:1167)
11-20 20:14:17.491 I/WM-WorkerWrapper( 2351): 	at java.util.concurrent.ThreadPoolExecutor$Worker.run(ThreadPoolExecutor.java:641)
11-20 20:14:17.491 I/WM-WorkerWrapper( 2351): 	at java.lang.Thread.run(Thread.java:923)
11-20 20:14:17.499 D/DhcpClient( 1194): DHCP Packet Handler stopped
11-20 20:14:17.500 D/DhcpClient( 1194): onQuitting
11-20 20:14:17.536 E/WifiNative( 1194): Could not get Iface object for interface null
11-20 20:14:17.536 D/WifiNetworkAgent( 1194): NetworkAgent: NetworkAgent channel lost
11-20 20:14:17.562 D/DeviceAuthService(13575): Network connected
11-20 20:14:17.563 D/DeviceAuthService(13575): fetchAuthTokenWrapper called
11-20 20:14:17.566 D/QCNEJ/DefaultNetworkInfoRelay( 1900): Default network available: 100
11-20 20:14:17.567 D/QCNEJ/NativeHalConnector( 1900): -> SND notifyDefaultNetworkChanged(0)
11-20 20:14:17.581 V/LigerRadioStatsReporter( 2384): onCapabilitiesChanged: Network capabilities changed
11-20 20:14:17.581 V/LigerRadioStatsReporter( 2384): reportAndCheckpointRadioStats
11-20 20:14:17.582 D/NetworkTimeUpdateService( 1194): New default network 100; checking time.
11-20 20:14:17.582 V/LigerRadioStatsReporter( 2384): +++++++++++ RADIO STATS DUMP +++++++++++
11-20 20:14:17.582 V/LigerRadioStatsReporter( 2384): totalActiveRadioTimeMs=0
11-20 20:14:17.582 V/LigerRadioStatsReporter( 2384): totalTailRadioTimeMs=13995
11-20 20:14:17.582 V/LigerRadioStatsReporter( 2384): totalWakeupCount=0
11-20 20:14:17.582 V/LigerRadioStatsReporter( 2384): httpUpBytes=0
11-20 20:14:17.582 V/LigerRadioStatsReporter( 2384): httpDownBytes=0
11-20 20:14:17.582 V/LigerRadioStatsReporter( 2384): httpWakeupCount=0
11-20 20:14:17.582 V/LigerRadioStatsReporter( 2384): httpRequestCount=0
11-20 20:14:17.582 V/LigerRadioStatsReporter( 2384): httpActiveRadioTimeMs=0
11-20 20:14:17.583 V/LigerRadioStatsReporter( 2384): httpTailRadioTimeMs=13995
11-20 20:14:17.583 V/LigerRadioStatsReporter( 2384): reportAndCheckpointRadioStats: Tx=0
11-20 20:14:17.583 V/LigerRadioStatsReporter( 2384): reportAndCheckpointRadioStats: Rx=0
11-20 20:14:17.583 V/LigerRadioStatsReporter( 2384): reportAndCheckpointRadioStats: Uids=10028
11-20 20:14:17.583 V/LigerRadioStatsReporter( 2384): reportAndCheckpointRadioStats: Tags=null
11-20 20:14:17.584 D/ConnectivityService( 1194): Unlingering [100 CELLULAR]
11-20 20:14:17.585 E/QMI_FW  (  927): qmi_cci_get_ref: ref count increased 2
11-20 20:14:17.586 D/ConnectivityService( 1194): Sending CONNECTED broadcast for type 0 [100 CELLULAR] isDefaultNetwork=true
11-20 20:14:17.593 E/QMI_FW  (  927): qmi_cci_get_ref: ref count increased 2
11-20 20:14:17.594 D/mcu_health_checker(  946): Sent MCU Health Request
11-20 20:14:17.594 D/commandrouter( 1117): SocServiceHandle::onServiceMessage, SoC Service = mcu_healthcheck_946, appType = 1, type = SVC_REQ, clientId = 0, token = 1705, payloadLen = 20, result = 0, payload.size() = 20
11-20 20:14:17.597 D/commandrouter( 1117): mcu_healthcheck_946 (1, merlot:mcu_health:control): <ServiceResponse> FORWARDED (remote -> local) CR token ID = 1705, service client ID = 6, token ID = 60811, result = 0
11-20 20:14:17.597 D/mcu_health_checker(  946): MCU Health Response: MCU_OK
11-20 20:14:17.598 D/mcu_health_checker(  946): MCU Session 0, uptime = 102368102 ms
11-20 20:14:17.598 D/mcu_health_checker(  946): mSensorErrs[0]: 0
11-20 20:14:17.598 D/mcu_health_checker(  946): mSensorErrs[1]: 0
11-20 20:14:17.598 D/mcu_health_checker(  946): mSensorErrs[2]: 0
11-20 20:14:17.603 E/WifiNative( 1194): Could not get Iface object for interface null
11-20 20:14:17.611 W/SimpleTimeDetectorStrategy( 1194): Existing suggestion found to be invalid  elapsedRealtimeMillis=102401772, timeSuggestion=TelephonyTimeSuggestion{mSlotIndex='0', mUtcTime=TimestampedValue{mReferenceTimeMillis=2542243, mValue=1637368197000}, mDebugInfo=[Sending new time suggestion nitzSignal=TimestampedValue{mReferenceTimeMillis=2542243, mValue=NitzData{mOriginalString=21/11/20,00:29:57-32,00, mZoneOffset=-28800000, mDstOffset=0, mCurrentTimeMillis=1637368197000, mEmulatorHostTimeZone=null}}, reason=handleNitzReceived(TimestampedValue{mReferenceTimeMillis=2542243, mValue=NitzData{mOriginalString=21/11/20,00:29:57-32,00, mZoneOffset=-28800000, mDstOffset=0, mCurrentTimeMillis=1637368197000, mEmulatorHostTimeZone=null}})]}
11-20 20:14:17.729 E/QMI_FW  ( 1113): qmi_cci_get_ref: ref count increased 2
11-20 20:14:17.730 E/QMI_FW  ( 1113): qmi_cci_get_ref: ref count increased 2
11-20 20:14:17.730 E/QMI_FW  ( 1113): qmi_cci_get_ref: ref count increased 2
11-20 20:14:17.779 D/CompatibilityInfo( 1194): mCompatibilityFlags - 4
11-20 20:14:17.779 D/CompatibilityInfo( 1194): applicationDensity - 320
11-20 20:14:17.779 D/CompatibilityInfo( 1194): applicationScale - 1.0
11-20 20:14:17.853 D/DeviceAuthService(13575): isOculusAddressResolvable returned true
11-20 20:14:17.853 D/DeviceAuthenticator(13575): Fetching new credentials asynchronously
11-20 20:14:17.854 D/DeviceAuthenticator(13575): Calling DeviceAuth.authenticate()
11-20 20:14:17.862 E/DeviceCertService(  541): This device *might* have a provisioning issue. Please run `maui provision check` to verify.
11-20 20:14:17.862 E/DeviceCertService(  541): See https://fburl.com/wiki/a9hho0p9 for more information.
11-20 20:14:17.862 E/DeviceCertService(  541): Could not access certificate file '/mnt/vendor/persist/certificates/device_identityinsecure.crt', error 2: No such file or directory
11-20 20:14:17.863 E/DeviceAuthenticator(13575): ERROR: java.lang.RuntimeException: devicecert returned error FILESYSTEM_ERROR
11-20 20:14:17.863 E/DeviceAuthenticator(13575): 
11-20 20:14:17.863 E/DeviceAuthenticator(13575): com.facebook.mos.sdk.devicecert.DeviceIdentityException: java.lang.RuntimeException: devicecert returned error FILESYSTEM_ERROR
11-20 20:14:17.863 E/DeviceAuthenticator(13575): 
11-20 20:14:17.879 D/SettingsSDK::SyncHelper( 2351): Read setting com.facebook.wearable.sdk.selfcare:SELFCARE_SERVICE_ENABLED from persistent cache
11-20 20:14:17.880 D/FacebookRepository( 2351): Reading from Store [906581286488774]
