11-19 17:08:56.311 I/QImsService( 1947): ImsServiceClassTracker : updateFeatureCapabilities video true voice true
11-19 17:08:56.311 I/QImsService( 1947): ImsServiceStateReceiver : updateHDIcon isVideo : true isVoice : true phoneId: 0 show HD Icon: false
11-19 17:08:56.313 D/NetworkController.MobileSignalController(1)( 1750): onCapabilitiesStatusChanged isVoiceCapable=true isVideoCapable=true
11-19 17:08:56.326 I/QImsService( 1947): ImsServiceStateReceiver : shallShowHDIcon config showHDIcon : false phoneId : 0
11-19 17:08:56.327 D/ImsMultiEndpointImpl( 1947): Message received: what = 2
11-19 17:08:56.328 D/ImsMultiEndpointImpl( 1947): EVENT_CAPABILITIES_CHANGED
11-19 17:08:56.328 D/ImsMultiEndpointImpl( 1947): updateCapabilities:: Video = true, Voice = true
11-19 17:08:56.329 D/ImsViceParser( 1947): getCallPullInfo mDialogIds null
11-19 17:08:56.329 I/ImsMultiEndpointImpl( 1947): Calling onImsExternalCallStateUpdate
11-19 17:08:56.329 D/MultiEndpointImplBase( 1947): ims external call state update triggered.
11-19 17:08:56.331 D/ImsExternalCallTracker( 1972): refreshExternalCallState
11-19 17:08:56.340 I/Telephony( 1972): isRttCurrentlySupported -- regular acct, hasVoiceAvailability: true
11-19 17:08:56.340 I/Telephony( 1972):  isRttSupported: false
11-19 17:08:56.340 I/Telephony( 1972):  isRoaming: false
11-19 17:08:56.340 I/Telephony( 1972):  isOnWfc: false
11-19 17:08:56.379 D/UIAutomatorStub( 5833): URI: /jsonrpc/0, Method: POST, Header: {content-length=192, remote-addr=127.0.0.1, http-client-ip=127.0.0.1, host=localhost:9011, content-type=application/json, accept-encoding=identity}, params, {NanoHttpd.QUERY_STRING=null}, files: {postData={"jsonrpc": "2.0", "method": "waitForExists", "id": "1ae2e3c9af3b6e7c9890cbf0fa9cb259", "params": [{"mask": 1, "childOrSibling": [], "childOrSiblingSelector": [], "text": "Notifications"}, 5]}}
11-19 17:08:56.399 D/UIAutomatorStub( 5833): URI: /jsonrpc/0, Method: POST, Header: {content-length=191, remote-addr=127.0.0.1, http-client-ip=127.0.0.1, host=localhost:9011, content-type=application/json, accept-encoding=identity}, params, {NanoHttpd.QUERY_STRING=null}, files: {postData={"jsonrpc": "2.0", "method": "waitForExists", "id": "6300ec127da8b2623c6380de225bace9", "params": [{"mask": 1, "childOrSibling": [], "childOrSiblingSelector": [], "text": "Connectivity"}, 5]}}
11-19 17:08:56.466 D/UIAutomatorStub( 5833): URI: /jsonrpc/0, Method: POST, Header: {content-length=180, remote-addr=127.0.0.1, http-client-ip=127.0.0.1, host=localhost:9011, content-type=application/json, accept-encoding=identity}, params, {NanoHttpd.QUERY_STRING=null}, files: {postData={"jsonrpc": "2.0", "method": "click", "id": "a5b73f643f63ec281e9a4f181876abe0", "params": [{"mask": 1, "childOrSibling": [], "childOrSiblingSelector": [], "text": "Connectivity"}]}}
11-19 17:08:56.538 W/StatusBarClientConnection( 2711): Messenger is null, ignoring message: { when=-1h19m26s897ms barrier=1 }
11-19 17:08:56.562 E/StatusBarClientConnection( 2711): Service connected
11-19 17:08:56.584 W/View    ( 2711): requestLayout() improperly called by android.view.View{d2e4e5 V.ED..... ......I. 0,368-474,474} during layout: running second layout pass
11-19 17:08:56.603 W/View    ( 2711): requestLayout() improperly called by com.facebook.wearable.common.wds.listview.WdsListView{d315003 V.E..V... ........ 0,0-474,474} during second layout pass: posting in next frame
11-19 17:08:58.120 E/TaskPersister( 1196): File error accessing recents directory (directory doesn't exist?).
11-19 17:08:58.192 W/HWComposer(  597): Ignoring duplicate VSYNC event from HWC for display 0 (t=4768551154274)
11-19 17:08:58.200 W/bluelink( 1123): [Device] updateSmoothedTime: too early or too late; st=4727.631, rt=4732.654
11-19 17:08:58.200 W/bluelink( 1123): [System] updateSmoothedTime: too early or too late; st=4778.727, rt=4780.869
11-19 17:08:58.201 D/commandrouter( 1123): rtc_sync (1, rtc:sync): <ServiceRequest> FORWARDED (remote -> local) service client ID = 0, token ID = 33240
11-19 17:08:58.201 D/vendor.facebook.rtc_sync@1.0-service( 1149): Request req_ts=1637341738187959496 resp_ts=1637341738201516471
11-19 17:08:58.201 D/commandrouter( 1123): SocServiceHandle::onServiceMessage, SoC Service = rtc_sync, appType = 1, type = SVC_RESP, clientId = 0, token = 33240, payloadLen = 8, result = 0, payload.size() = 8
11-19 17:08:59.579 D/UIAutomatorStub( 5833): URI: /jsonrpc/0, Method: POST, Header: {content-length=183, remote-addr=127.0.0.1, http-client-ip=127.0.0.1, host=localhost:9011, content-type=application/json, accept-encoding=identity}, params, {NanoHttpd.QUERY_STRING=null}, files: {postData={"jsonrpc": "2.0", "method": "waitForExists", "id": "e50ea135b3d9148baf7e238338b52604", "params": [{"mask": 1, "childOrSibling": [], "childOrSiblingSelector": [], "text": "WiFi"}, 5]}}
11-19 17:08:59.608 D/UIAutomatorStub( 5833): URI: /jsonrpc/0, Method: POST, Header: {content-length=172, remote-addr=127.0.0.1, http-client-ip=127.0.0.1, host=localhost:9011, content-type=application/json, accept-encoding=identity}, params, {NanoHttpd.QUERY_STRING=null}, files: {postData={"jsonrpc": "2.0", "method": "click", "id": "dc09c89626ec77e581de0aa7dd44a8bc", "params": [{"mask": 1, "childOrSibling": [], "childOrSiblingSelector": [], "text": "WiFi"}]}}
11-19 17:08:59.666 W/HWComposer(  597): Ignoring duplicate VSYNC event from HWC for display 0 (t=4770024353075)
11-19 17:08:59.684 W/HWComposer(  597): Ignoring duplicate VSYNC event from HWC for display 0 (t=4770041290575)
11-19 17:08:59.694 W/StatusBarClientConnection( 2711): Messenger is null, ignoring message: { when=-1h19m30s53ms barrier=1 }
11-19 17:08:59.721 I/chatty  ( 1196): uid=1000(system) Binder:1196_E expire 6 lines
11-19 17:08:59.732 E/StatusBarClientConnection( 2711): Service connected
11-19 17:08:59.739 D/WifiConnector( 2866): Network State Changed
11-19 17:08:59.743 W/View    ( 2711): requestLayout() improperly called by android.view.View{772d7cd V.ED..... ......I. 0,368-474,474} during layout: running second layout pass
11-19 17:08:59.751 D/WifiSharingService( 2866): Starting Wi-Fi scan
11-19 17:08:59.758 W/View    ( 2711): requestLayout() improperly called by com.facebook.wearable.common.wds.listview.WdsListView{8e7ef58 V.E..V... ........ 0,0-474,474} during second layout pass: posting in next frame
11-19 17:08:59.768 V/WifiHAL (  556): event received NL80211_CMD_TRIGGER_SCAN
11-19 17:09:00.003 D/KeyguardUpdateMonitor( 1750): received broadcast android.intent.action.TIME_TICK
11-19 17:09:00.003 D/KeyguardUpdateMonitor( 1750): handleTimeUpdate
11-19 17:09:00.312 V/WifiHAL (  556): event received NL80211_CMD_NEW_SCAN_RESULTS
11-19 17:09:00.319 I/LOWI-9.0.0.80(  995): [LOWI-Scan] RSN_IE
11-19 17:09:00.319 D/LOWI-9.0.0.80(  995): [LOWI-Scan] decode_rsn_wpa_ie: Entered
11-19 17:09:00.319 D/LOWI-9.0.0.80(  995): [LOWIUtils] hexDump: msg(30 14 01 00 00 0f ac 04 01 00 00 0f ac 04 01 00 00 0f ac 02 )
11-19 17:09:00.319 D/LOWI-9.0.0.80(  995): [LOWI-Scan] decode_rsn_wpa_ie: LOWI_ENCRYPTION_TYPE_WPA_PSK
11-19 17:09:00.319 D/LOWI-9.0.0.80(  995): [LOWI-Scan] is_qcom_ie, bss_age: 4
11-19 17:09:00.319 D/LOWI-9.0.0.80(  995): [LOWI-Scan] BSS 2c:57:41:86:90:a1 LOWI_PHY_MODE_11NG_HT20(5), Beacon Interval: 100, LOWI_ENCRYPTION_TYPE_WPA_PSK 11mcRanging: No, ANQP: No, LCI: No, Civic: No, capability(0x1411): ESS Privacy ShortSlotTime
11-19 17:09:00.319 D/LOWI-9.0.0.80(  995): [LOWI-Scan] BSS 2c:57:41:86:90:a1 FREQ: 2462, cFreq1[40:80:160] = [0:0:0] cFreq2 = 0 Country Code = US
11-19 17:09:00.319 D/LOWI-9.0.0.80(  995): [LOWI-Scan] BSS 2c:57:41:86:90:a1 (wlan0) ASSO: NO AddInfo: 0x0, TSF 0, 01:19:30.671, RSSI: -132, CPL: 2, AGE: 0,  SSID kittyhawk, TSFDelta: 0x0, TXRate: 0
11-19 17:09:00.319 D/LOWI-9.0.0.80(  995): [LOWI-Scan] 
11-19 17:09:00.319 D/LOWI-9.0.0.80(  995): [LOWI-Scan] print_bss_handler: Report Probe TSF 4770671123 as it greater than Beacon TSF 4573102105
11-19 17:09:00.319 I/LOWI-9.0.0.80(  995): [LOWI-Scan] RSN_IE
11-19 17:09:00.319 D/LOWI-9.0.0.80(  995): [LOWI-Scan] decode_rsn_wpa_ie: Entered
11-19 17:09:00.319 D/LOWI-9.0.0.80(  995): [LOWIUtils] hexDump: msg(30 14 01 00 00 0f ac 04 01 00 00 0f ac 04 01 00 00 0f ac 02 )
11-19 17:09:00.319 D/LOWI-9.0.0.80(  995): [LOWI-Scan] decode_rsn_wpa_ie: LOWI_ENCRYPTION_TYPE_WPA_PSK
11-19 17:09:00.320 D/LOWI-9.0.0.80(  995): [LOWI-Scan] is_qcom_ie, bss_age: 47
11-19 17:09:00.320 D/LOWI-9.0.0.80(  995): [LOWI-Scan] BSS 2c:57:41:86:8a:a1 LOWI_PHY_MODE_11NG_HT20(5), Beacon Interval: 100, LOWI_ENCRYPTION_TYPE_WPA_PSK 11mcRanging: No, ANQP: No, LCI: No, Civic: No, capability(0x1411): ESS Privacy ShortSlotTime
11-19 17:09:00.320 D/LOWI-9.0.0.80(  995): [LOWI-Scan] BSS 2c:57:41:86:8a:a1 FREQ: 2412, cFreq1[40:80:160] = [0:0:0] cFreq2 = 0 Country Code = US
11-19 17:09:00.320 D/LOWI-9.0.0.80(  995): [LOWI-Scan] BSS 2c:57:41:86:8a:a1 (wlan0) ASSO: NO AddInfo: 0x0, TSF 0, 01:19:30.671, RSSI: -136, CPL: 3, AGE: 0,  SSID kittyhawk, TSFDelta: 0x0, TXRate: 0
11-19 17:09:00.320 D/LOWI-9.0.0.80(  995): [LOWI-Scan] 
11-19 17:09:00.320 D/LOWI-9.0.0.80(  995): [LOWI-Scan] print_bss_handler: Report Probe TSF 4770671164 as it greater than Beacon TSF 4551892763
11-19 17:09:00.320 I/LOWI-9.0.0.80(  995): [LOWI-Scan] RSN_IE
11-19 17:09:00.320 D/LOWI-9.0.0.80(  995): [LOWI-Scan] decode_rsn_wpa_ie: Entered
11-19 17:09:00.320 D/LOWI-9.0.0.80(  995): [LOWIUtils] hexDump: msg(30 14 01 00 00 0f ac 04 01 00 00 0f ac 04 01 00 00 0f ac 02 )
11-19 17:09:00.320 D/LOWI-9.0.0.80(  995): [LOWI-Scan] decode_rsn_wpa_ie: LOWI_ENCRYPTION_TYPE_WPA_PSK
11-19 17:09:00.320 D/LOWI-9.0.0.80(  995): [LOWI-Scan] is_qcom_ie, bss_age: 4
11-19 17:09:00.324 D/LOWI-9.0.0.80(  995): [LOWI-Scan] BSS 2c:57:41:86:94:a1 LOWI_PHY_MODE_11NG_HT20(5), Beacon Interval: 100, LOWI_ENCRYPTION_TYPE_WPA_PSK 11mcRanging: No, ANQP: No, LCI: No, Civic: No, capability(0x1411): ESS Privacy ShortSlotTime
11-19 17:09:00.324 D/LOWI-9.0.0.80(  995): [LOWI-Scan] BSS 2c:57:41:86:94:a1 FREQ: 2462, cFreq1[40:80:160] = [0:0:0] cFreq2 = 0 Country Code = US
11-19 17:09:00.324 D/LOWI-9.0.0.80(  995): [LOWI-Scan] BSS 2c:57:41:86:94:a1 (wlan0) ASSO: NO AddInfo: 0x0, TSF 0, 01:19:30.671, RSSI: -148, CPL: 2, AGE: 0,  SSID kittyhawk, TSFDelta: 0x0, TXRate: 0
11-19 17:09:00.324 D/LOWI-9.0.0.80(  995): [LOWI-Scan] 
11-19 17:09:00.324 D/LOWI-9.0.0.80(  995): [LOWI-Scan] print_bss_handler: Report Probe TSF 4770671209 as it greater than Beacon TSF 4668769020
11-19 17:09:00.324 I/LOWI-9.0.0.80(  995): [LOWI-Scan] RSN_IE
11-19 17:09:00.324 D/LOWI-9.0.0.80(  995): [LOWI-Scan] decode_rsn_wpa_ie: Entered
11-19 17:09:00.324 D/LOWI-9.0.0.80(  995): [LOWIUtils] hexDump: msg(30 14 01 00 00 0f ac 04 01 00 00 0f ac 04 01 00 00 0f ac 02 )
11-19 17:09:00.324 D/LOWI-9.0.0.80(  995): [LOWI-Scan] decode_rsn_wpa_ie: LOWI_ENCRYPTION_TYPE_WPA_PSK
11-19 17:09:00.324 D/LOWI-9.0.0.80(  995): [LOWI-Scan] is_qcom_ie, bss_age: 46
11-19 17:09:00.325 D/LOWI-9.0.0.80(  995): [LOWI-Scan] BSS 2c:57:41:86:7a:61 LOWI_PHY_MODE_11NG_HT20(5), Beacon Interval: 100, LOWI_ENCRYPTION_TYPE_WPA_PSK 11mcRanging: No, ANQP: No, LCI: No, Civic: No, capability(0x1411): ESS Privacy ShortSlotTime
11-19 17:09:00.325 D/LOWI-9.0.0.80(  995): [LOWI-Scan] BSS 2c:57:41:86:7a:61 FREQ: 2412, cFreq1[40:80:160] = [0:0:0] cFreq2 = 0 Country Code = US
11-19 17:09:00.325 D/LOWI-9.0.0.80(  995): [LOWI-Scan] BSS 2c:57:41:86:7a:61 (wlan0) ASSO: NO AddInfo: 0x0, TSF 0, 01:19:30.671, RSSI: -150, CPL: 3, AGE: 0,  SSID kittyhawk, TSFDelta: 0x0, TXRate: 0
11-19 17:09:00.325 D/LOWI-9.0.0.80(  995): [LOWI-Scan] 
11-19 17:09:00.325 D/LOWI-9.0.0.80(  995): [LOWI-Scan] print_bss_handler: Report Probe TSF 4741991874 as it greater than Beacon TSF 4469862672
11-19 17:09:00.325 I/LOWI-9.0.0.80(  995): [LOWI-Scan] RSN_IE
11-19 17:09:00.325 D/LOWI-9.0.0.80(  995): [LOWI-Scan] decode_rsn_wpa_ie: Entered
11-19 17:09:00.326 D/LOWI-9.0.0.80(  995): [LOWIUtils] hexDump: msg(30 14 01 00 00 0f ac 04 01 00 00 0f ac 04 01 00 00 0f ac 02 )
11-19 17:09:00.326 D/LOWI-9.0.0.80(  995): [LOWI-Scan] decode_rsn_wpa_ie: LOWI_ENCRYPTION_TYPE_WPA_PSK
11-19 17:09:00.326 D/LOWI-9.0.0.80(  995): [LOWI-Scan] is_qcom_ie, bss_age: 57
11-19 17:09:00.326 D/LOWI-9.0.0.80(  995): [LOWI-Scan] adjust_age:AP AGE upper limit reached. Dont store
11-19 17:09:00.326 D/LOWI-9.0.0.80(  995): [LOWI-Scan] BSS 18:64:72:60:2b:40 LOWI_PHY_MODE_11NG_HT20(5), Beacon Interval: 100, LOWI_ENCRYPTION_TYPE_WPA_PSK 11mcRanging: No, ANQP: No, LCI: No, Civic: No, capability(0x0431): ESS Privacy ShortPreamble ShortSlotTime
11-19 17:09:00.326 D/LOWI-9.0.0.80(  995): [LOWI-Scan] BSS 18:64:72:60:2b:40 FREQ: 2412, cFreq1[40:80:160] = [0:0:0] cFreq2 = 0 Country Code =    
11-19 17:09:00.326 D/LOWI-9.0.0.80(  995): [LOWI-Scan] BSS 18:64:72:60:2b:40 (wlan0) ASSO: NO AddInfo: 0x0, TSF 0, 01:19:01.991, RSSI: -136, CPL: 127, AGE: 28680,  SSID lab-t24103779, TSFDelta: 0x0, TXRate: 0
11-19 17:09:00.326 D/LOWI-9.0.0.80(  995): [LOWI-Scan] 
11-19 17:09:00.327 D/LOWI-9.0.0.80(  995): [LOWI-Scan] print_bss_handler: Report Probe TSF 4770671082 as it greater than Beacon TSF 4490014621
11-19 17:09:00.327 I/LOWI-9.0.0.80(  995): [LOWI-Scan] RSN_IE
11-19 17:09:00.327 D/LOWI-9.0.0.80(  995): [LOWI-Scan] decode_rsn_wpa_ie: Entered
11-19 17:09:00.327 D/LOWI-9.0.0.80(  995): [LOWIUtils] hexDump: msg(30 14 01 00 00 0f ac 04 01 00 00 0f ac 04 01 00 00 0f ac 02 )
11-19 17:09:00.327 D/LOWI-9.0.0.80(  995): [LOWI-Scan] decode_rsn_wpa_ie: LOWI_ENCRYPTION_TYPE_WPA_PSK
11-19 17:09:00.327 D/LOWI-9.0.0.80(  995): [LOWI-Scan] is_qcom_ie, bss_age: 16
11-19 17:09:00.327 D/LOWI-9.0.0.80(  995): [LOWI-Scan] BSS fe:2d:5a:49:61:eb LOWI_PHY_MODE_11AC_VHT20_2G(11), Beacon Interval: 100, LOWI_ENCRYPTION_TYPE_WPA_PSK 11mcRanging: No, ANQP: Yes, LCI: No, Civic: No, capability(0x1431): ESS Privacy ShortPreamble ShortSlotTime
11-19 17:09:00.327 D/LOWI-9.0.0.80(  995): [LOWI-Scan] BSS fe:2d:5a:49:61:eb FREQ: 2452, cFreq1[40:80:160] = [0:0:0] cFreq2 = 0 Country Code =    
11-19 17:09:00.327 D/LOWI-9.0.0.80(  995): [LOWI-Scan] BSS fe:2d:5a:49:61:eb (wlan0) ASSO: NO AddInfo: 0x0, TSF 0, 01:19:30.671, RSSI: -120, CPL: 127, AGE: 0,  SSID Pixel_R2, TSFDelta: 0x0, TXRate: 0
11-19 17:09:00.327 D/LOWI-9.0.0.80(  995): [LOWIDiagLog] Log: lowiMeasResult->request: invalid null argument
11-19 17:09:00.327 I/LOWI-9.0.0.80(  995): [LOWI-Scan] lowi_close_record:Scan done in 4726427ms, 15 APs in scan results
11-19 17:09:00.328 D/LOWI-9.0.0.80(  995): [LOWI-Scan] WipsScanUsingNL: passive scan cached 0, took 9117 ms, err 0
11-19 17:09:00.328 D/LOWI-9.0.0.80(  995): [LOWI-Scan] lowi_proc_req_passive_scan_with_live_meas - No WLAN Frames to be parsed
11-19 17:09:00.328 D/LOWI-9.0.0.80(  995): [LOWIScanResultReceiver] Send scan meas to listener
11-19 17:09:00.328 D/LOWI-9.0.0.80(  995): [LOWIScanResultReceiver] Enter passive listening mode
11-19 17:09:00.328 D/LOWI-9.0.0.80(  995): [LOWIWifiDriverInterface] getMeasurements - Passive listening mode
11-19 17:09:00.328 D/LOWI-9.0.0.80(  995): [LOWI-Scan] WipsScanUsingNL:wait -1 sec for netlink message
11-19 17:09:00.328 D/LOWI-9.0.0.80(  995): [LOWIEventReceiver] handleEvent:FROM:NA, TO:NA, REQ:NA, IREQ:NA, REQ_ID:0, RESP:NA, INFO:NA
11-19 17:09:00.328 D/LOWI-9.0.0.80(  995): [LOWIBackgroundScanMgr] isRspForBgScanMgr: evt(LOWI_NO_EVT) - not handled
11-19 17:09:00.328 D/LOWI-9.0.0.80(  995): [LOWIScheduler] manageMsg: NULL results or NULL request in results
11-19 17:09:00.328 D/LOWI-9.0.0.80(  995): [LOWIController] Measurements received
11-19 17:09:00.328 D/LOWI-9.0.0.80(  995): [LOWICacheManager] putInCache:Num of Meas to add: 15
11-19 17:09:00.330 D/LOWI-9.0.0.80(  995): [LOWIController] processMeasurementResults: No current Request. Cache measurements
11-19 17:09:00.331 D/LOWI-9.0.0.80(  995): [LOWIControllerExtn] sendLOWILpDiscoveryScanResponse: Not a discovery scan response
11-19 17:09:00.391 D/WifiSharingService( 2866): Sending scanResults intent with status code 0: PendingIntent{815e63d: android.os.BinderProxy@656d359}
11-19 17:09:01.122 D/mcu_health_checker(  933): Sent MCU Health Request
11-19 17:09:01.122 D/commandrouter( 1123): SocServiceHandle::onServiceMessage, SoC Service = mcu_healthcheck_933, appType = 1, type = SVC_REQ, clientId = 0, token = 78, payloadLen = 20, result = 0, payload.size() = 20
11-19 17:09:01.126 D/commandrouter( 1123): mcu_healthcheck_933 (1, merlot:mcu_health:control): <ServiceResponse> FORWARDED (remote -> local) CR token ID = 78, service client ID = 5, token ID = 489, result = 0
11-19 17:09:01.127 D/mcu_health_checker(  933): MCU Health Response: MCU_OK
11-19 17:09:01.127 D/mcu_health_checker(  933): MCU Session 0, uptime = 4735587 ms
11-19 17:09:01.127 D/mcu_health_checker(  933): mSensorErrs[0]: 0
11-19 17:09:01.127 D/mcu_health_checker(  933): mSensorErrs[1]: 0
11-19 17:09:01.127 D/mcu_health_checker(  933): mSensorErrs[2]: 0
11-19 17:09:01.359 W/HWComposer(  597): Ignoring duplicate VSYNC event from HWC for display 0 (t=4771718051668)
11-19 17:09:02.171 W/HWComposer(  597): Ignoring duplicate VSYNC event from HWC for display 0 (t=4772530928074)
11-19 17:09:02.189 W/HWComposer(  597): Ignoring duplicate VSYNC event from HWC for display 0 (t=4772547877866)
11-19 17:09:02.557 E/QMI_FW  ( 1117): qmi_cci_get_ref: ref count increased 2
11-19 17:09:02.557 E/QMI_FW  ( 1117): qmi_cci_get_ref: ref count increased 2
11-19 17:09:02.558 E/QMI_FW  ( 1117): qmi_cci_get_ref: ref count increased 2
11-19 17:09:02.744 D/UIAutomatorStub( 5833): URI: /jsonrpc/0, Method: POST, Header: {content-length=229, remote-addr=127.0.0.1, http-client-ip=127.0.0.1, host=localhost:9011, content-type=application/json, accept-encoding=identity}, params, {NanoHttpd.QUERY_STRING=null}, files: {postData={"jsonrpc": "2.0", "method": "objInfo", "id": "360acfcb4c5d48e6cb7d5b7efab5eb4e", "params": [{"mask": 2097152, "childOrSibling": [], "childOrSiblingSelector": [], "resourceId": "com.facebook.wearable.system.settings:id/toggle"}]}}
11-19 17:09:02.833 D/UIAutomatorStub( 5833): URI: /jsonrpc/0, Method: POST, Header: {content-length=227, remote-addr=127.0.0.1, http-client-ip=127.0.0.1, host=localhost:9011, content-type=application/json, accept-encoding=identity}, params, {NanoHttpd.QUERY_STRING=null}, files: {postData={"jsonrpc": "2.0", "method": "click", "id": "d976f5c293a8041ca48db8c2e7611652", "params": [{"mask": 2097152, "childOrSibling": [], "childOrSiblingSelector": [], "resourceId": "com.facebook.wearable.system.settings:id/toggle"}]}}
11-19 17:09:02.898 D/WifiSharingService( 2866): Setting Wi-Fi enabled state
11-19 17:09:02.899 I/WifiService( 1196): setWifiEnabled package=com.facebook.wearable.system.connectivity uid=1000 enable=false
11-19 17:09:02.903 D/QCNEJ/WlanStaInfoRelay( 1887): onChange for uri = content://settings/global/wifi_on
11-19 17:09:02.903 D/WifiActiveModeWarden( 1196): Switching all client mode managers
11-19 17:09:02.907 E/QMI_FW  (  883): qmi_cci_get_ref: ref count increased 2
11-19 17:09:02.912 D/WifiP2pService( 1196): Wifi enabled=false, P2P Interface availability=true
11-19 17:09:02.914 D/WifiP2pNative( 1196): Teardown P2P interface
11-19 17:09:02.915 D/BluetoothAdapterService( 1699): android.net.wifi.WIFI_STATE_CHANGED
11-19 17:09:02.916 D/WifiP2pService( 1196): Wifi enabled=false, P2P Interface availability=true
11-19 17:09:02.918 W/ContextImpl( 1196): Calling a method in the system process without a qualified user: android.app.ContextImpl.sendBroadcastMultiplePermissions:1143 android.content.Context.sendBroadcastWithMultiplePermissions:2150 com.android.server.display.WifiDisplayAdapter.handleSendStatusChangeBroadcast:440 com.android.server.display.WifiDisplayAdapter.access$1700:63 com.android.server.display.WifiDisplayAdapter$WifiDisplayHandler.handleMessage:675 
11-19 17:09:02.919 D/WifiClientModeManager0( 1196): IMS not registered over IWLAN for subId: 1
11-19 17:09:02.919 D/WifiClientModeManager0( 1196): The target role 5
11-19 17:09:02.927 I/android_os_HwBinder( 1196): HwBinder: Starting thread pool for getting: android.hardware.wifi.supplicant@1.0::ISupplicant/default
11-19 17:09:02.929 I/wpa_supplicant( 8094): wlan0: Do not deauthenticate as part of interface deinit since WoWLAN is enabled
11-19 17:09:02.981 I/wpa_supplicant( 8094): Try to unregister vendor STA network
11-19 17:09:02.987 E/wpa_supplicant( 8094): eap_proxy: pthread_join on eap_proxy=0x42b7eac
11-19 17:09:02.987 E/wpa_supplicant( 8094): eap_proxy: session not started for client = 1
11-19 17:09:02.987 E/QMI_FW  ( 8094): qmi_cci_get_ref: ref count increased 2
11-19 17:09:02.987 E/QMI_FW  ( 8094): qmi_cci_get_ref: ref count increased 2
11-19 17:09:02.990 E/wpa_supplicant( 8094): eap_proxy: Released QMI UIM service client
11-19 17:09:02.990 E/QMI_FW  ( 8094): qmi_cci_get_ref: ref count increased 2
11-19 17:09:02.991 E/QMI_FW  ( 8094): qmi_cci_get_ref: ref count increased 2
11-19 17:09:02.993 E/wpa_supplicant( 8094): eap_proxy: Released QMI EAP service client
11-19 17:09:02.993 E/wpa_supplicant( 8094): eap_proxy: session not started for client = 2
11-19 17:09:02.993 E/QMI_FW  ( 8094): qmi_cci_get_ref: ref count increased 2
11-19 17:09:02.993 E/QMI_FW  ( 8094): qmi_cci_get_ref: ref count increased 2
11-19 17:09:02.994 E/wpa_supplicant( 8094): eap_proxy: Released QMI UIM service client
11-19 17:09:02.994 E/QMI_FW  ( 8094): qmi_cci_get_ref: ref count increased 2
11-19 17:09:02.994 E/QMI_FW  ( 8094): qmi_cci_get_ref: ref count increased 2
11-19 17:09:02.995 E/wpa_supplicant( 8094): eap_proxy: Released QMI EAP service client
11-19 17:09:02.997 I/wpa_supplicant( 8094): eap_proxy: eap_proxy Deinitialzed
11-19 17:09:03.045 I/wpa_supplicant( 8094): nl80211: deinit ifname=wlan0 disabled_11b_rates=0
11-19 17:09:03.077 D/mcu_health_checker( 1127): Sent MCU Health Request
11-19 17:09:03.078 D/commandrouter( 1123): SocServiceHandle::onServiceMessage, SoC Service = mcu_healthcheck_1127, appType = 1, type = SVC_REQ, clientId = 0, token = 157, payloadLen = 12, result = 0, payload.size() = 12
11-19 17:09:03.082 D/commandrouter( 1123): mcu_healthcheck_1127 (1, merlot:mcu_health:control): <ServiceResponse> FORWARDED (remote -> local) CR token ID = 157, service client ID = 40, token ID = 490, result = 0
11-19 17:09:03.082 I/wpa_supplicant( 8094): Try to unregister vendor interface
11-19 17:09:03.082 D/mcu_health_checker( 1127): MCU Health Response: MCU_OK
11-19 17:09:03.082 D/mcu_health_checker( 1127): MCU Session 0, uptime = 4737542 ms
11-19 17:09:03.082 D/mculinkhealth( 1127): isMcuReachable 1 (5 ms)
11-19 17:09:03.083 D/LOWI-9.0.0.80(  995): [LOWINetlinkSocketReceiver] unpackRTMLinkMessage: RTM_NEWLINK - ifname wlan0, flags 0x11043 ([UP][RUNNING])
11-19 17:09:03.083 D/LOWI-9.0.0.80(  995): [LOWINetlinkSocketReceiver] processNetlinkPacket: ifname(wlan0) status(2)
11-19 17:09:03.083 D/LOWI-9.0.0.80(  995): [LOWIController] intfStateReceived: ifname(wlan0) state(2)
11-19 17:09:03.084 D/LOWI-9.0.0.80(  995): [LOWIEventReceiver] handleEvent:FROM:NA, TO:NA, REQ:NA, IREQ:NA, REQ_ID:0, RESP:NA, INFO:INTF-STATUS-UPDATE
11-19 17:09:03.084 D/LOWI-9.0.0.80(  995): [LOWIEventReceiver] Info to [INTF-STATUS-UPDATE]
11-19 17:09:03.084 D/LOWI-9.0.0.80(  995): [LOWIController] updateIntfState: WIFI enabled 2 mNlWifiStatus 2 mWifiStateEnabled 1
11-19 17:09:03.084 D/LOWI-9.0.0.80(  995): [LOWIController] isWifiEnabled: mNlWifiStatus 2 mWifiStateEnabled 1
11-19 17:09:03.089 W/system_server( 1196): Long monitor contention with owner WifiHandlerThread (1640) at boolean com.android.server.wifi.SupplicantStaIfaceHal.removeIfaceV1_1(java.lang.String)(SupplicantStaIfaceHal.java:810) waiters=0 in void com.android.server.wifi.SupplicantStaIfaceCallbackImpl.onNetworkRemoved(int) for 103ms
11-19 17:09:03.091 I/SupplicantStaIfaceHal( 1196): Terminating supplicant using HIDL
11-19 17:09:03.092 I/wpa_supplicant( 8094): p2p0: Do not deauthenticate as part of interface deinit since WoWLAN is enabled
11-19 17:09:03.141 E/wpa_supplicant( 8094): eap_proxy: pthread_join on eap_proxy=0x42b7fa8
11-19 17:09:03.141 E/wpa_supplicant( 8094): eap_proxy: session not started for client = 1
11-19 17:09:03.141 E/QMI_FW  ( 8094): qmi_cci_get_ref: ref count increased 2
11-19 17:09:03.141 E/QMI_FW  ( 8094): qmi_cci_get_ref: ref count increased 2
11-19 17:09:03.142 E/wpa_supplicant( 8094): eap_proxy: Released QMI UIM service client
11-19 17:09:03.142 E/QMI_FW  ( 8094): qmi_cci_get_ref: ref count increased 2
11-19 17:09:03.142 E/QMI_FW  ( 8094): qmi_cci_get_ref: ref count increased 2
11-19 17:09:03.143 E/wpa_supplicant( 8094): eap_proxy: Released QMI EAP service client
11-19 17:09:03.143 E/wpa_supplicant( 8094): eap_proxy: session not started for client = 2
11-19 17:09:03.143 E/QMI_FW  ( 8094): qmi_cci_get_ref: ref count increased 2
11-19 17:09:03.143 E/QMI_FW  ( 8094): qmi_cci_get_ref: ref count increased 2
11-19 17:09:03.144 E/wpa_supplicant( 8094): eap_proxy: Released QMI UIM service client
11-19 17:09:03.144 E/QMI_FW  ( 8094): qmi_cci_get_ref: ref count increased 2
11-19 17:09:03.144 E/QMI_FW  ( 8094): qmi_cci_get_ref: ref count increased 2
11-19 17:09:03.145 E/wpa_supplicant( 8094): eap_proxy: Released QMI EAP service client
11-19 17:09:03.145 I/wpa_supplicant( 8094): eap_proxy: eap_proxy Deinitialzed
11-19 17:09:03.182 W/bluelink( 1123): [System] updateSmoothedTime: too early or too late; st=4783.742, rt=4785.850
11-19 17:09:03.203 I/wpa_supplicant( 8094): nl80211: deinit ifname=p2p0 disabled_11b_rates=0
11-19 17:09:03.261 D/LOWI-9.0.0.80(  995): [LOWINetlinkSocketReceiver] unpackRTMLinkMessage: RTM_NEWLINK - ifname p2p0, flags 0x1003 ([UP])
11-19 17:09:03.281 D/LOWI-9.0.0.80(  995): [LOWINetlinkSocketReceiver] unpackRTMLinkMessage: RTM_NEWLINK - ifname p2p0, flags 0x1002 ()
11-19 17:09:03.292 D/LOWI-9.0.0.80(  995): [LOWINetlinkSocketReceiver] unpackRTMLinkMessage: RTM_NEWLINK - ifname p2p0, flags 0x1002 ()
11-19 17:09:03.294 I/wpa_supplicant( 8094): Try to unregister vendor p2 interface
11-19 17:09:03.296 I/WifiP2pNative( 1196): P2P interface teardown completed
11-19 17:09:03.296 I/android_os_HwBinder( 1196): HwBinder: Starting thread pool for getting: android.hardware.wifi.supplicant@1.0::ISupplicant/default
11-19 17:09:03.296 D/WifiP2pNative( 1196): P2P InterfaceDestroyedListener p2p0
11-19 17:09:03.296 D/WifiP2pNative( 1196): Ignoring stale interface destroyed listener
11-19 17:09:03.296 D/WifiP2pNative( 1196): P2P InterfaceAvailableListener true
11-19 17:09:03.297 D/WifiP2pService( 1196): Wifi enabled=false, P2P Interface availability=true
11-19 17:09:03.298 I/wpa_supplicant( 8094): Terminating...
11-19 17:09:03.299 D/ConnectivityService( 1196): handleLingerComplete for [101 CELLULAR]
11-19 17:09:03.301 D/LOWI-9.0.0.80(  995): [LOWINetlinkSocketReceiver] unpackRTMLinkMessage: RTM_NEWLINK - ifname wlan0, flags 0x1003 ([UP])
11-19 17:09:03.301 D/LOWI-9.0.0.80(  995): [LOWINetlinkSocketReceiver] processNetlinkPacket: ifname(wlan0) status(1)
11-19 17:09:03.301 D/LOWI-9.0.0.80(  995): [LOWIController] intfStateReceived: ifname(wlan0) state(1)
11-19 17:09:03.301 D/LOWI-9.0.0.80(  995): [LOWIEventReceiver] handleEvent:FROM:NA, TO:NA, REQ:NA, IREQ:NA, REQ_ID:0, RESP:NA, INFO:INTF-STATUS-UPDATE
11-19 17:09:03.301 D/LOWI-9.0.0.80(  995): [LOWIEventReceiver] Info to [INTF-STATUS-UPDATE]
11-19 17:09:03.301 D/LOWI-9.0.0.80(  995): [LOWIController] updateIntfState: WIFI enabled 1 mNlWifiStatus 2 mWifiStateEnabled 1
11-19 17:09:03.301 D/LOWI-9.0.0.80(  995): [LOWIController] isWifiEnabled: mNlWifiStatus 1 mWifiStateEnabled 1
11-19 17:09:03.302 W/MqttClient( 2595): connection/disconnecting; reason=READ_SOCKET, operation=NETWORK_THREAD_LOOP
11-19 17:09:03.302 W/System.err( 2595): DEBUG: com.whatsapp.net.tls13.WtSocketWrapper.sendAlertAndShutdown(:86) : Sending Alert : type : WARNING description : close_notify(0) exception : 
11-19 17:09:03.306 W/System.err( 2595): ERROR: com.whatsapp.net.logging.WtLog.log$REDEX$HQcOuACUrr4(:4) : Encountered exception. Nothing much can be done here. com.whatsapp.net.alerts.WtAlertException
11-19 17:09:03.321 D/QCNEJ/WwanInfoRelay( 1887): onCapabilitiesChanged: 101 [ Transports: CELLULAR Capabilities: MMS&SUPL&FOTA&INTERNET&NOT_RESTRICTED&TRUSTED&NOT_VPN&VALIDATED&NOT_ROAMING&NOT_CONGESTED&NOT_SUSPENDED LinkUpBandwidth>=15000Kbps LinkDnBandwidth>=30000Kbps Specifier: <TelephonyNetworkSpecifier [mSubId = 1]> AdministratorUids: [] RequestorUid: -1 RequestorPackageName: null]
11-19 17:09:03.322 I/QCNEJ/WwanInfoRelay( 1887): cacheWwanInfo subId = 1 phoneId = 0 slotId = 0
11-19 17:09:03.355 W/SupplicantStaIfaceHal( 1196): Timed out waiting for confirmation of supplicant death
11-19 17:09:03.355 W/SupplicantP2pIfaceHal( 1196): ISupplicant/ISupplicantP2pIface died: cookie=0
11-19 17:09:03.355 D/SupplicantStaIfaceHal( 1196): ISupplicant died: cookie=6473332671432104305
11-19 17:09:03.355 W/SupplicantP2pIfaceHal( 1196): ISupplicantVendor/ISupplicantVendorP2PIface died: cookie=0
11-19 17:09:03.355 W/SupplicantP2pIfaceHal( 1196): ISupplicant/ISupplicantP2pIface died: cookie=0
11-19 17:09:03.356 W/SupplicantP2pIfaceHal( 1196): ISupplicantVendor/ISupplicantVendorP2PIface died: cookie=0
11-19 17:09:03.356 E/SupplicantStaIfaceHal( 1196): Can't call getKeyMgmtCapabilities_1_3, ISupplicantStaIface is null
11-19 17:09:03.356 W/SupplicantStaIfaceHal( 1196): ISupplicantVendor/ISupplicantVendorStaIface died: cookie=0
11-19 17:09:03.356 W/SupplicantStaIfaceHal( 1196): ISupplicantVendor/ISupplicantVendorStaIface died: cookie=0
11-19 17:09:03.357 D/LOWI-9.0.0.80(  995): [LOWINetlinkSocketReceiver] unpackRTMLinkMessage: RTM_NEWLINK - ifname wlan0, flags 0x1003 ([UP])
11-19 17:09:03.357 D/LOWI-9.0.0.80(  995): [LOWINetlinkSocketReceiver] processNetlinkPacket: ifname(wlan0) status(1)
11-19 17:09:03.357 D/LOWI-9.0.0.80(  995): [LOWIController] intfStateReceived: ifname(wlan0) state(1)
11-19 17:09:03.357 V/WifiHAL (  556): WifiVendorCommand 0xaac36b98 created vendor_id:0x1374 subcmd:38
11-19 17:09:03.357 D/LOWI-9.0.0.80(  995): [LOWIEventReceiver] handleEvent:FROM:NA, TO:NA, REQ:NA, IREQ:NA, REQ_ID:0, RESP:NA, INFO:INTF-STATUS-UPDATE
11-19 17:09:03.357 D/LOWI-9.0.0.80(  995): [LOWIEventReceiver] Info to [INTF-STATUS-UPDATE]
11-19 17:09:03.357 D/LOWI-9.0.0.80(  995): [LOWIController] updateIntfState: WIFI enabled 1 mNlWifiStatus 1 mWifiStateEnabled 1
11-19 17:09:03.357 D/LOWI-9.0.0.80(  995): [LOWIController] isWifiEnabled: mNlWifiStatus 1 mWifiStateEnabled 1
11-19 17:09:03.358 V/WifiHAL (  556): Got a Wi-Fi HAL module message from Driver
11-19 17:09:03.358 V/WifiHAL (  556): Supported feature set : 1993d
11-19 17:09:03.359 V/WifiHAL (  556): Supported feature set acquired : 1993d
11-19 17:09:03.359 V/WifiHAL (  556): WifiVendorCommand 0x9dc40320 created vendor_id:0x1374 subcmd:76
11-19 17:09:03.359 V/WifiHAL (  556): create: mVendor_id = 4980, Subcmd = 76.
11-19 17:09:03.359 V/WifiHAL (  556): event received NL80211_CMD_DISCONNECT
11-19 17:09:03.363 V/WifiHAL (  556): WifiVendorCommand 0xaac36cc8 created vendor_id:0x1374 subcmd:38
11-19 17:09:03.364 V/WifiHAL (  556): Got a Wi-Fi HAL module message from Driver
11-19 17:09:03.364 V/WifiHAL (  556): Supported feature set : 19d3d
11-19 17:09:03.364 V/WifiHAL (  556): Supported feature set acquired : 19d3d
11-19 17:09:03.364 V/WifiHAL (  556): WifiVendorCommand 0x9dc40320 created vendor_id:0x1374 subcmd:76
11-19 17:09:03.364 V/WifiHAL (  556): create: mVendor_id = 4980, Subcmd = 76.
11-19 17:09:03.371 E/SupplicantStaIfaceHal( 1196): Can't call getWpaDriverFeatureSet, ISupplicantStaIface is null
11-19 17:09:03.372 I/WifiNative( 1196): Successfully switched to scan mode on iface=Iface:{Name=wlan0,Id=0,Type=STA_SCAN}
11-19 17:09:03.373 D/BluetoothAdapterService( 1699): Soft AP is on band: 1
11-19 17:09:03.374 D/BluetoothVendorService( 1699): getPowerBackoff 
11-19 17:09:03.374 D/BluetoothVendorService( 1699): setPowerBackoff to: false
11-19 17:09:03.374 I/BluetoothVendorJni( 1699): setPowerBackoffNative
11-19 17:09:03.374 I/bt_btif_vendor( 1699): setPowerBackOffState :0 
11-19 17:09:03.374 D/BluetoothAdapterService( 1699): android.net.wifi.WIFI_STATE_CHANGED
11-19 17:09:03.374 W/bt_btif ( 1699): bta_dm_power_back_off: power_back_off feature not supported
11-19 17:09:03.395 I/wificond(  872): Fail RSSI polling because wifi is not associated.
11-19 17:09:03.396 E/WifiNl80211Manager( 1196): Invalid signal poll result from wificond
11-19 17:09:03.398 W/SupplicantStaIfaceHal( 1196): ISupplicant died: cookie=23
11-19 17:09:03.399 D/WifiClientModeManager0( 1196): entering ScanOnlyModeState
11-19 17:09:03.399 D/WifiScanRequestProxy( 1196): Sending scan available broadcast: true
11-19 17:09:03.400 I/WifiScanningService( 1196): Received a request to enable scanning, UID = 1000
11-19 17:09:03.400 I/WifiScanningService( 1196): scanner impls already exists
11-19 17:09:03.400 E/WifiScanningService( 1196): wifi driver loaded received while already loaded
11-19 17:09:03.402 I/WifiScanRequestProxy( 1196): Scanning is enabled
11-19 17:09:03.402 D/WifiP2pService( 1196): Wifi enabled=false, P2P Interface availability=true
11-19 17:09:03.402 I/WifiScanRequestProxy( 1196): Scanning for hidden networks is disabled
11-19 17:09:03.403 D/WakeupController( 1196): start()
11-19 17:09:03.404 D/WakeupController( 1196): Setting active to true
11-19 17:09:03.418 E/QMI_FW  ( 1117): qmi_cci_get_ref: ref count increased 2
11-19 17:09:03.419 E/QMI_FW  ( 1117): qmi_cci_get_ref: ref count increased 2
11-19 17:09:03.422 E/QMI_FW  ( 1117): qmi_cci_get_ref: ref count increased 2
11-19 17:09:03.427 D/WakeupLock( 1196): Lock set. Number of networks: 1
11-19 17:09:03.434 D/WifiClientModeImpl( 1196): ClientModeImpl: Leaving Connected state
11-19 17:09:03.437 D/WifiCountryCode( 1196): updateCountryCode to US
11-19 17:09:03.438 E/SupplicantStaIfaceHal( 1196): Can't call setCountryCode, ISupplicantStaIface is null
11-19 17:09:03.438 D/WifiCountryCode( 1196): Failed to set country code to: US
11-19 17:09:03.457 E/SupplicantStaIfaceHal( 1196): Can't call listNetworks, ISupplicantStaIface is null
11-19 17:09:03.458 E/SupplicantStaIfaceHal( 1196): removeAllNetworks failed, got null networks
11-19 17:09:03.458 E/WifiClientModeImpl( 1196): Failed to remove networks on exiting connect mode
11-19 17:09:03.460 E/WakeupController( 1196): Unexpected setLastDisconnectInfo when WakeupController is active!
11-19 17:09:03.462 E/WifiVendorHal( 1196): stopRssiMonitoring(l.2106) failed {.code = ERROR_NOT_AVAILABLE, .description = }
11-19 17:09:03.462 E/SupplicantStaIfaceHal( 1196): Can't call setPowerSave, ISupplicantStaIface is null
11-19 17:09:03.462 E/SupplicantStaIfaceHal( 1196): Can't call setBtCoexistenceMode, ISupplicantStaIface is null
11-19 17:09:03.462 V/WifiClientModeImpl( 1196): stopIpClient IpClientWithPreConnection: false
11-19 17:09:03.462 V/WifiClientModeImpl( 1196): java.lang.Throwable
11-19 17:09:03.462 V/WifiClientModeImpl( 1196): 	at com.android.server.wifi.ClientModeImpl.stopIpClient(ClientModeImpl.java:1127)
11-19 17:09:03.462 V/WifiClientModeImpl( 1196): 	at com.android.server.wifi.ClientModeImpl.stopDhcpSetup(ClientModeImpl.java:1153)
11-19 17:09:03.462 V/WifiClientModeImpl( 1196): 	at com.android.server.wifi.ClientModeImpl.handleNetworkDisconnect(ClientModeImpl.java:2945)
11-19 17:09:03.462 V/WifiClientModeImpl( 1196): 	at com.android.server.wifi.ClientModeImpl.stopClientMode(ClientModeImpl.java:3889)
11-19 17:09:03.462 V/WifiClientModeImpl( 1196): 	at com.android.server.wifi.ClientModeImpl.access$4600(ClientModeImpl.java:176)
11-19 17:09:03.462 V/WifiClientModeImpl( 1196): 	at com.android.server.wifi.ClientModeImpl$ConnectModeState.exit(ClientModeImpl.java:4064)
11-19 17:09:03.462 V/WifiClientModeImpl( 1196): 	at com.android.wifi.x.com.android.internal.util.StateMachine$SmHandler.invokeExitMethods(StateMachine.java:1021)
11-19 17:09:03.462 V/WifiClientModeImpl( 1196): 	at com.android.wifi.x.com.android.internal.util.StateMachine$SmHandler.performTransitions(StateMachine.java:877)
11-19 17:09:03.462 V/WifiClientModeImpl( 1196): 	at com.android.wifi.x.com.android.internal.util.StateMachine$SmHandler.handleMessage(StateMachine.java:819)
11-19 17:09:03.462 V/WifiClientModeImpl( 1196): 	at android.os.Handler.dispatchMessage(Handler.java:106)
11-19 17:09:03.462 V/WifiClientModeImpl( 1196): 	at android.os.Looper.loop(Looper.java:223)
11-19 17:09:03.462 V/WifiClientModeImpl( 1196): 	at android.os.HandlerThread.run(HandlerThread.java:67)
11-19 17:09:03.464 D/DhcpClient( 1196): doQuit
11-19 17:09:03.471 D/WifiDiags( 1196): stopLogging() iface list is {} after removing wlan0
11-19 17:09:03.473 E/WifiVendorHal( 1196): resetLogHandler(l.1558) failed {.code = ERROR_NOT_AVAILABLE, .description = }
11-19 17:09:03.473 W/WifiDiags( 1196): Fail to reset log handler
11-19 17:09:03.474 D/QCNEJ/WlanStaInfoRelay( 1887): Received action: android.net.wifi.STATE_CHANGE
11-19 17:09:03.474 D/WifiConnector( 2866): Network State Changed
11-19 17:09:03.474 D/QCNEJ/WlanStaInfoRelay( 1887): reset CountryCodeRetriever
11-19 17:09:03.478 D/ConnectivityService( 1196): [104 WIFI] EVENT_NETWORK_INFO_CHANGED, going from CONNECTED to DISCONNECTED
11-19 17:09:03.478 D/ConnectivityService( 1196): [104 WIFI] disconnected, was satisfying 27
11-19 17:09:03.480 E/QMI_FW  (  883): qmi_cci_get_ref: ref count increased 2
11-19 17:09:03.482 E/QMI_FW  (  883): qmi_cci_get_ref: ref count increased 2
11-19 17:09:03.489 E/QMI_FW  ( 1117): qmi_cci_get_ref: ref count increased 2
11-19 17:09:03.494 D/WifiMemoryStoreImpl( 1196): Set cluster Gfe4af43281bde698 for W99e54c066bbdcc1c: SUCCESS
11-19 17:09:03.518 E/QMI_FW  ( 1117): qmi_cci_get_ref: ref count increased 2
11-19 17:09:03.529 I/chatty  ( 1117): uid=1001(radio) DedicatedThread identical 6 lines
11-19 17:09:03.530 E/QMI_FW  ( 1117): qmi_cci_get_ref: ref count increased 2
11-19 17:09:03.533 E/QMI_FW  ( 1117): qmi_cci_get_ref: ref count increased 2
11-19 17:09:03.536 E/QMI_FW  ( 1117): qmi_cci_get_ref: ref count increased 2
11-19 17:09:03.543 I/chatty  ( 1117): uid=1001(radio) main identical 6 lines
11-19 17:09:03.544 E/QMI_FW  ( 1117): qmi_cci_get_ref: ref count increased 2
11-19 17:09:03.559 D/WifiMemoryStoreImpl( 1196): Set cluster Gfe4af43281bde698 for Wfe4af43281bde698: SUCCESS
11-19 17:09:03.565 I/GnssNetworkConnectivityHandler( 1196): Network connection lost. Available networks count: 1
11-19 17:09:03.565 I/GnssNetworkConnectivityHandler( 1196): updateNetworkState, state=CLOSED, connected=false, network=104, capabilities=[ Transports: WIFI Capabilities: NOT_METERED&INTERNET&NOT_RESTRICTED&TRUSTED&NOT_VPN&VALIDATED&NOT_ROAMING&FOREGROUND&NOT_CONGESTED&NOT_SUSPENDED LinkUpBandwidth>=63000Kbps LinkDnBandwidth>=63000Kbps SignalStrength: -36 OwnerUid: 1000 AdministratorUids: [] SSID: "MTBF_Lab" RequestorUid: -1 RequestorPackageName: null], apn: , availableNetworkCount: 1
11-19 17:09:03.567 W/LocSvc_LocIpc(  526): send:66] failed reason: No such file or directory
11-19 17:09:03.567 D/QCNEJ/WlanStaInfoRelay( 1887): network lost: 104
11-19 17:09:03.576 D/QCNEJ/WlanStaInfoRelay( 1887): onLost: unbind the process to WIFI
11-19 17:09:03.577 D/QCNEJ/DefaultNetworkInfoRelay( 1887): Default network lost: 104
11-19 17:09:03.581 D/DhcpClient( 1196): DHCP Packet Handler stopped
11-19 17:09:03.581 D/DhcpClient( 1196): onQuitting
11-19 17:09:03.585 D/QCNEJ/NativeHalConnector( 1887): -> SND notifyDefaultNetworkChanged(1)
11-19 17:09:03.585 D/NetworkManager( 5353): ConnectivityManager.NetworkCallback#onLost()
11-19 17:09:03.586 D/NetworkManager( 5313): ConnectivityManager.NetworkCallback#onLost()
11-19 17:09:03.586 I/Nat464Xlat( 1196): Android Xlat is disabled
11-19 17:09:03.586 I/Nat464Xlat( 1196): Android Xlat is disabled
11-19 17:09:03.616 D/ConnectivityService( 1196): Sending DISCONNECTED broadcast for type 1 [104 WIFI] isDefaultNetwork=true
11-19 17:09:03.630 I/WM-WorkerWrapper( 2334): Work [ id=e130a2b8-40dd-4560-92fb-3ba7a92b1257, tags={ com.facebook.wearable.system.selfcare.sharing.StickerBundleDatabaseWorker } ] was cancelled
11-19 17:09:03.630 I/WM-WorkerWrapper( 2334): java.util.concurrent.CancellationException: Task was cancelled.
11-19 17:09:03.630 I/WM-WorkerWrapper( 2334): 	at androidx.work.impl.utils.futures.AbstractFuture.getDoneValue(:32)
11-19 17:09:03.630 I/WM-WorkerWrapper( 2334): 	at androidx.work.impl.utils.futures.AbstractFuture.get(:268435546)
11-19 17:09:03.630 I/WM-WorkerWrapper( 2334): 	at androidx.work.impl.WorkerWrapper$2.run(:3)
11-19 17:09:03.630 I/WM-WorkerWrapper( 2334): 	at androidx.work.impl.utils.SerialExecutor$Task.run(:2)
11-19 17:09:03.630 I/WM-WorkerWrapper( 2334): 	at java.util.concurrent.ThreadPoolExecutor.runWorker(ThreadPoolExecutor.java:1167)
11-19 17:09:03.630 I/WM-WorkerWrapper( 2334): 	at java.util.concurrent.ThreadPoolExecutor$Worker.run(ThreadPoolExecutor.java:641)
11-19 17:09:03.630 I/WM-WorkerWrapper( 2334): 	at java.lang.Thread.run(Thread.java:923)
11-19 17:09:03.635 E/StickerBundleDatabaseWorker( 2334): Failed to fetch sticker bundles:
11-19 17:09:03.635 E/StickerBundleDatabaseWorker( 2334): kotlinx.coroutines.JobCancellationException: Job was cancelled; job=JobImpl{Cancelling}@e9a7af9
11-19 17:09:03.635 D/ConnectivityService( 1196): NetReassign [11 : null → 101, 16 : null → 101, 66 : null → 101, 46 : null → 101, 68 : null → 101, 1 : null → 101, 63 : null → 101, 25 : null → 101, 32 : null → 101, 8 : null → 101, 17 : null → 101, 12 : null → 101, 22 : null → 101, 14 : null → 101, 67 : null → 101, 77 : null → 101]
11-19 17:09:03.652 E/NetlinkEvent(  458): NetlinkEvent::FindParam(): Parameter 'INTERFACE' not found
11-19 17:09:03.652 E/NetlinkEvent(  458): NetlinkEvent::FindParam(): Parameter 'STATE' not found
11-19 17:09:03.652 E/NetlinkEvent(  458): NetlinkEvent::FindParam(): Parameter 'TIME_NS' not found
11-19 17:09:03.652 E/NetlinkEvent(  458): NetlinkEvent::FindParam(): Parameter 'UID' not found
11-19 17:09:03.653 D/BluetoothAdapterService( 1699): Soft AP is on band: 1
11-19 17:09:03.656 D/BluetoothVendorService( 1699): getPowerBackoff 
11-19 17:09:03.657 D/BluetoothAdapterService( 1699): android.net.wifi.WIFI_STATE_CHANGED
11-19 17:09:03.666 D/ConnectivityService( 1196): Switching to new default network: NetworkAgentInfo{ ni{[type: MOBILE[LTE], state: CONNECTED/CONNECTED, reason: (unspecified), extra: nxtgenphone, failover: false, available: true, roaming: false]}  network{101}  nethandle{437197393933}  lp{{InterfaceName: rmnet_data2 LinkAddresses: [ 10.33.46.96/26,2600:380:c011:8926:dc33:f6e0:ed57:ed5a/64 ] DnsAddresses: [ /172.26.38.1,/fc00:a:a::300 ] Domains: null MTU: 1430 TcpBufferSizes: 2097152,4194304,8388608,262144,524288,1048576 Routes: [ 0.0.0.0/0 -> 10.33.46.97 rmnet_data2 mtu 1430,::/0 -> fe80::9861:291c:876f:a4e3 rmnet_data2 mtu 1430,10.33.46.64/26 -> 0.0.0.0 rmnet_data2 mtu 0,2600:380:c011:8926::/64 -> :: rmnet_data2 mtu 0 ]}}  nc{[ Transports: CELLULAR Capabilities: MMS&SUPL&FOTA&INTERNET&NOT_RESTRICTED&TRUSTED&NOT_VPN&VALIDATED&NOT_ROAMING&NOT_CONGESTED&NOT_SUSPENDED LinkUpBandwidth>=15000Kbps LinkDnBandwidth>=30000Kbps Specifier: <TelephonyNetworkSpecifier [mSubId = 1]> AdministratorUids: [] RequestorUid: -1 RequestorPackageName: null]}  Score{50}  everValidated{true}  lastValidated{true}  created{true} lingering{false} explicitlySelected{false} acceptUnvalidated{false} everCaptivePortalDetected{false} lastCaptivePortalDetected{false} partialConnectivity{false} acceptPartialConnectivity{false} clat{mBaseIface: null, mIface: null, mState: IDLE} }
11-19 17:09:03.677 E/WifiNative( 1196): Could not get Iface object for interface null
11-19 17:09:03.677 D/WifiNetworkAgent( 1196): NetworkAgent: NetworkAgent channel lost
11-19 17:09:03.679 D/BluetoothAdapterService( 1699): Soft AP is on band: 1
11-19 17:09:03.683 I/system_server( 1196): Background young concurrent copying GC freed 282697(11MB) AllocSpace objects, 147(4796KB) LOS objects, 44% free, 18MB/33MB, paused 351us total 272.613ms
11-19 17:09:03.686 D/BluetoothVendorService( 1699): getPowerBackoff 
11-19 17:09:03.686 D/BluetoothAdapterService( 1699): android.net.wifi.STATE_CHANGE
11-19 17:09:03.687 D/BluetoothVendorService( 1699): setWifiState to: false
11-19 17:09:03.687 I/BluetoothVendorJni( 1699): setWifiStateNative
11-19 17:09:03.687 I/bt_btif_vendor( 1699): setWifiState :0
11-19 17:09:03.687 W/bt_btm  ( 1699): btm_cb.is_wifi_connected = 0 
11-19 17:09:03.730 E/WifiNative( 1196): Could not get Iface object for interface null
11-19 17:09:03.772 D/NetworkTimeUpdateService( 1196): New default network 101; checking time.
11-19 17:09:03.775 D/NetworkManager( 5313): ConnectivityManager.NetworkCallback#onCapabilitiesChanged()
11-19 17:09:03.775 D/NetworkManager( 5313): connected: true
11-19 17:09:03.775 D/MediaBrowserClient( 5313): checkCredentialsAndInitPinPairing()
11-19 17:09:03.776 W/MediaBrowserClient( 5313): Tried to send custom action CHECK_CREDENTIALS_VALID_ACTION but client was not connected
11-19 17:09:03.781 D/NetworkManager( 5353): ConnectivityManager.NetworkCallback#onCapabilitiesChanged()
11-19 17:09:03.781 D/NetworkManager( 5353): connected: true
11-19 17:09:03.786 V/LigerRadioStatsReporter( 2348): onCapabilitiesChanged: Network capabilities changed
11-19 17:09:03.786 V/LigerRadioStatsReporter( 2348): reportAndCheckpointRadioStats
11-19 17:09:03.790 V/LigerRadioStatsReporter( 2348): +++++++++++ RADIO STATS DUMP +++++++++++
11-19 17:09:03.790 V/LigerRadioStatsReporter( 2348): totalActiveRadioTimeMs=0
11-19 17:09:03.790 V/LigerRadioStatsReporter( 2348): totalTailRadioTimeMs=13991
11-19 17:09:03.790 V/LigerRadioStatsReporter( 2348): totalWakeupCount=0
11-19 17:09:03.790 V/LigerRadioStatsReporter( 2348): httpUpBytes=0
11-19 17:09:03.790 V/LigerRadioStatsReporter( 2348): httpDownBytes=0
11-19 17:09:03.790 V/LigerRadioStatsReporter( 2348): httpWakeupCount=0
11-19 17:09:03.790 V/LigerRadioStatsReporter( 2348): httpRequestCount=0
11-19 17:09:03.790 V/LigerRadioStatsReporter( 2348): httpActiveRadioTimeMs=0
11-19 17:09:03.790 V/LigerRadioStatsReporter( 2348): httpTailRadioTimeMs=13991
11-19 17:09:03.791 V/LigerRadioStatsReporter( 2348): reportAndCheckpointRadioStats: Tx=0
11-19 17:09:03.791 V/LigerRadioStatsReporter( 2348): reportAndCheckpointRadioStats: Rx=0
11-19 17:09:03.791 V/LigerRadioStatsReporter( 2348): reportAndCheckpointRadioStats: Uids=10027
11-19 17:09:03.791 V/LigerRadioStatsReporter( 2348): reportAndCheckpointRadioStats: Tags=null
11-19 17:09:03.798 D/QCNEJ/DefaultNetworkInfoRelay( 1887): Default network available: 101
11-19 17:09:03.799 D/QCNEJ/NativeHalConnector( 1887): -> SND notifyDefaultNetworkChanged(0)
11-19 17:09:03.801 E/QMI_FW  (  883): qmi_cci_get_ref: ref count increased 2
11-19 17:09:03.804 E/QMI_FW  (  883): qmi_cci_get_ref: ref count increased 2
11-19 17:09:03.806 D/CompatibilityInfo( 1196): mCompatibilityFlags - 4
11-19 17:09:03.806 D/CompatibilityInfo( 1196): applicationDensity - 320
11-19 17:09:03.806 D/CompatibilityInfo( 1196): applicationScale - 1.0
11-19 17:09:03.812 V/LigerRadioStatsReporter( 5353): onCapabilitiesChanged: Network capabilities changed
11-19 17:09:03.812 V/LigerRadioStatsReporter( 5353): reportAndCheckpointRadioStats
11-19 17:09:03.812 V/LigerRadioStatsReporter( 5353): +++++++++++ RADIO STATS DUMP +++++++++++
11-19 17:09:03.812 V/LigerRadioStatsReporter( 5353): totalActiveRadioTimeMs=0
11-19 17:09:03.812 V/LigerRadioStatsReporter( 5353): totalTailRadioTimeMs=13998
11-19 17:09:03.812 V/LigerRadioStatsReporter( 5353): totalWakeupCount=0
11-19 17:09:03.813 V/LigerRadioStatsReporter( 5353): httpUpBytes=0
11-19 17:09:03.813 V/LigerRadioStatsReporter( 5353): httpDownBytes=0
11-19 17:09:03.813 V/LigerRadioStatsReporter( 5353): httpWakeupCount=0
11-19 17:09:03.813 V/LigerRadioStatsReporter( 5353): httpRequestCount=0
11-19 17:09:03.813 V/LigerRadioStatsReporter( 5353): httpActiveRadioTimeMs=0
11-19 17:09:03.813 V/LigerRadioStatsReporter( 5353): httpTailRadioTimeMs=13998
11-19 17:09:03.813 V/LigerRadioStatsReporter( 5353): reportAndCheckpointRadioStats: Tx=0
11-19 17:09:03.813 V/LigerRadioStatsReporter( 5353): reportAndCheckpointRadioStats: Rx=0
11-19 17:09:03.813 V/LigerRadioStatsReporter( 5353): reportAndCheckpointRadioStats: Uids=10068
11-19 17:09:03.813 V/LigerRadioStatsReporter( 5353): reportAndCheckpointRadioStats: Tags=null
11-19 17:09:03.829 D/QCNEJ/WwanInfoRelay( 1887): onCapabilitiesChanged: 101 [ Transports: CELLULAR Capabilities: MMS&SUPL&FOTA&INTERNET&NOT_RESTRICTED&TRUSTED&NOT_VPN&VALIDATED&NOT_ROAMING&FOREGROUND&NOT_CONGESTED&NOT_SUSPENDED LinkUpBandwidth>=15000Kbps LinkDnBandwidth>=30000Kbps Specifier: <TelephonyNetworkSpecifier [mSubId = 1]> AdministratorUids: [] RequestorUid: -1 RequestorPackageName: null]
11-19 17:09:03.830 I/QCNEJ/WwanInfoRelay( 1887): cacheWwanInfo subId = 1 phoneId = 0 slotId = 0
11-19 17:09:03.831 V/LigerRadioStatsReporter( 2348): onCapabilitiesChanged: Network capabilities changed
11-19 17:09:03.834 D/NetworkManager( 5313): ConnectivityManager.NetworkCallback#onCapabilitiesChanged()
11-19 17:09:03.834 D/NetworkManager( 5313): connected: true
11-19 17:09:03.836 V/LigerRadioStatsReporter( 5353): onCapabilitiesChanged: Network capabilities changed
11-19 17:09:03.837 D/ConnectivityService( 1196): Sending CONNECTED broadcast for type 0 [101 CELLULAR] isDefaultNetwork=true
11-19 17:09:03.839 D/NetworkManager( 5353): ConnectivityManager.NetworkCallback#onCapabilitiesChanged()
11-19 17:09:03.839 D/NetworkManager( 5353): connected: true
11-19 17:09:03.902 I/WM-WorkerWrapper( 2334): Work [ id=cf79165d-7ab0-4916-9c30-d911d399386b, tags={ com.facebook.wearable.system.selfcare.cloudsync.SelfCareDataCloudSyncWorker } ] was cancelled
11-19 17:09:03.902 I/WM-WorkerWrapper( 2334): java.util.concurrent.CancellationException: Task was cancelled.
11-19 17:09:03.902 I/WM-WorkerWrapper( 2334): 	at androidx.work.impl.utils.futures.AbstractFuture.getDoneValue(:32)
11-19 17:09:03.902 I/WM-WorkerWrapper( 2334): 	at androidx.work.impl.utils.futures.AbstractFuture.get(:268435546)
11-19 17:09:03.902 I/WM-WorkerWrapper( 2334): 	at androidx.work.impl.WorkerWrapper$2.run(:3)
11-19 17:09:03.902 I/WM-WorkerWrapper( 2334): 	at androidx.work.impl.utils.SerialExecutor$Task.run(:2)
