--------- beginning of system
11-21 00:27:47.913 D/commandrouter( 1006): rtc_sync (1, rtc:sync): <ServiceRequest> FORWARDED (remote -> local) service client ID = 0, token ID = 44518
11-21 00:27:47.914 D/commandrouter( 1006): SocServiceHandle::onServiceMessage, SoC Service = rtc_sync, appType = 1, type = SVC_RESP, clientId = 0, token = 44518, payloadLen = 8, result = 0, payload.size() = 8
11-21 00:27:48.215 I/chatty  ( 1186): uid=1000(system) LazyTaskWriterT expire 3 lines
11-21 00:27:51.634 I/chatty  ( 1186): uid=1000(system) android.ui expire 12 lines
11-21 00:27:57.909 I/chatty  ( 1006): uid=1000(system) /vendor/bin/commandrouter expire 3 lines
11-21 00:27:57.909 I/chatty  ( 1006): uid=1000(system) HwBinder:1006_2 expire 2 lines
11-21 00:27:58.630 I/chatty  ( 1186): uid=1000(system) Binder:1186_1E expire 5 lines
11-21 00:27:58.631 I/chatty  ( 1186): uid=1000(system) ConnectivitySer expire 18 lines
11-21 00:27:59.173 I/chatty  ( 1186): uid=1000(system) Binder:1186_9 expire 4 lines
11-21 00:28:06.416 I/chatty  ( 1186): uid=1000 system_server expire 1 line
11-21 00:28:14.103 I/chatty  ( 1186): uid=1000(system) android.display expire 1 line
11-21 00:28:15.098 I/chatty  ( 1186): uid=1000(system) WifiP2pService expire 2 lines
11-21 00:28:15.099 I/chatty  ( 1186): uid=1000(system) ActivityManager expire 1 line
11-21 00:28:15.259 I/chatty  ( 1006): uid=1000(system) HwBinder:1006_F expire 1 line
11-21 00:28:15.263 D/mculinkhealth( 1029): isMcuReachable 1 (4 ms)
11-21 00:28:15.861 I/chatty  ( 1006): uid=1000(system) HwBinder:1006_1 expire 1 line
11-21 00:28:15.863 I/chatty  ( 1006): uid=1000(system) /vendor/bin/commandrouter expire 3 lines
11-21 00:28:17.179 I/chatty  ( 1186): uid=1000(system) WifiHandlerThre expire 2 lines
11-21 00:28:17.302 W/wificond(  911): Scan is not started. Ignore abort request
11-21 00:28:17.889 I/chatty  ( 1006): uid=1000(system) HwBinder:1006_2 expire 2 lines
11-21 00:28:19.167 I/chatty  ( 1186): uid=1000(system) ConnectivitySer expire 27 lines
11-21 00:28:19.557 E/NetlinkEvent(  462): NetlinkEvent::FindParam(): Parameter 'INTERFACE' not found
11-21 00:28:19.557 E/NetlinkEvent(  462): NetlinkEvent::FindParam(): Parameter 'STATE' not found
11-21 00:28:19.557 E/NetlinkEvent(  462): NetlinkEvent::FindParam(): Parameter 'TIME_NS' not found
11-21 00:28:19.557 E/NetlinkEvent(  462): NetlinkEvent::FindParam(): Parameter 'UID' not found
11-21 00:28:19.747 I/chatty  ( 1186): uid=1000(system) android.fg expire 1 line
11-21 00:28:19.850 I/chatty  ( 1186): uid=1000 system_server expire 3 lines
11-21 00:28:19.859 I/chatty  ( 1186): uid=1000(system) ActivityManager expire 7 lines
11-21 00:28:20.014 I/chatty  ( 1186): uid=1000(system) Binder:1186_1E expire 2 lines
11-21 00:28:20.630 I/chatty  ( 1186): uid=1000(system) Binder:1186_3 expire 1 line
11-21 00:28:20.657 I/chatty  ( 1186): uid=1000(system) Binder:1186_18 expire 1 line
11-21 00:28:20.668 I/chatty  ( 1186): uid=1000(system) android.ui expire 15 lines
11-21 00:28:21.329 I/chatty  ( 1186): uid=1000(system) android.bg expire 2 lines
11-21 00:28:21.955 I/chatty  ( 1186): uid=1000(system) Binder:1186_E expire 1 line
11-21 00:28:22.037 I/chatty  ( 1186): uid=1000(system) Binder:1186_15 expire 1 line
11-21 00:28:22.126 I/chatty  ( 1186): uid=1000(system) Binder:1186_6 expire 6 lines
11-21 00:28:26.856 I/chatty  ( 1186): uid=1000(system) DeviceStorageMo expire 2 lines
11-21 00:28:28.186 I/chatty  ( 1186): uid=1000(system) Binder:1186_4 expire 2 lines
11-21 00:28:32.143 I/chatty  ( 1186): uid=1000(system) LazyTaskWriterT expire 4 lines
11-21 00:28:34.182 I/chatty  ( 1186): uid=1000(system) Binder:1186_1D expire 4 lines
11-21 00:28:37.861 I/chatty  ( 1006): uid=1000(system) /vendor/bin/commandrouter expire 1 line
11-21 00:28:37.862 I/chatty  ( 1006): uid=1000(system) HwBinder:1006_2 expire 1 line
11-21 00:28:45.265 I/chatty  ( 1006): uid=1000(system) HwBinder:1006_F expire 1 line
11-21 00:28:45.270 I/chatty  ( 1006): uid=1000(system) /vendor/bin/commandrouter expire 3 lines
11-21 00:28:45.270 D/mculinkhealth( 1029): isMcuReachable 1 (5 ms)
11-21 00:28:47.846 I/chatty  ( 1006): uid=1000(system) HwBinder:1006_2 expire 3 lines
11-21 00:29:07.416 I/chatty  ( 1186): uid=1000 system_server expire 1 line
11-21 00:29:07.840 I/chatty  ( 1006): uid=1000(system) /vendor/bin/commandrouter expire 1 line
11-21 00:29:12.060 I/chatty  ( 1186): uid=1000(system) android.display expire 1 line
11-21 00:29:12.844 I/chatty  ( 1186): uid=1000 system_server expire 1 line
11-21 00:29:13.023 I/chatty  ( 1186): uid=1000(system) android.fg expire 2 lines
11-21 00:29:13.119 I/McuTransferService( 2005): Request with notification:indicator:update_request type was scheduled to sent to notification:indicator:update
11-21 00:29:13.140 I/McuTransferService( 2005): Request with notification:indicator:update_request type was sent to notification:indicator:update
11-21 00:29:13.141 I/chatty  ( 1006): uid=1000(system) HwBinder:1006_F expire 1 line
11-21 00:29:13.143 I/chatty  ( 1006): uid=1000(system) /vendor/bin/commandrouter expire 2 lines
11-21 00:29:13.146 D/McuTransferService( 2005): get response for request notification:indicator:update_request, response type notification:indicator:update_response
11-21 00:29:13.155 D/McuTransferService( 2005): Sent response data back for request notification:indicator:update_request
11-21 00:29:13.155 D/McuTransferService( 2005): done processing response
11-21 00:29:13.292 E/NetlinkEvent(  462): NetlinkEvent::FindParam(): Parameter 'INTERFACE' not found
11-21 00:29:13.292 E/NetlinkEvent(  462): NetlinkEvent::FindParam(): Parameter 'STATE' not found
11-21 00:29:13.292 E/NetlinkEvent(  462): NetlinkEvent::FindParam(): Parameter 'TIME_NS' not found
11-21 00:29:13.292 E/NetlinkEvent(  462): NetlinkEvent::FindParam(): Parameter 'UID' not found
11-21 00:29:15.272 I/chatty  ( 1006): uid=1000(system) HwBinder:1006_F expire 1 line
11-21 00:29:15.277 D/mculinkhealth( 1029): isMcuReachable 1 (5 ms)
11-21 00:29:15.865 I/chatty  ( 1006): uid=1000(system) HwBinder:1006_1 expire 1 line
11-21 00:29:15.869 I/chatty  ( 1006): uid=1000(system) /vendor/bin/commandrouter expire 4 lines
11-21 00:29:17.361 I/chatty  ( 1186): uid=1000(system) android.ui expire 8 lines
11-21 00:29:17.826 I/chatty  ( 1006): uid=1000(system) HwBinder:1006_2 expire 3 lines
11-21 00:29:24.167 I/chatty  ( 1186): uid=1000(system) Binder:1186_4 expire 4 lines
11-21 00:29:26.984 I/chatty  ( 1186): uid=1000(system) DeviceStorageMo expire 2 lines
11-21 00:29:28.464 I/chatty  ( 1186): uid=1000(system) LazyTaskWriterT expire 1 line
11-21 00:29:31.212 I/chatty  ( 1186): uid=1000(system) android.display expire 1 line
11-21 00:29:32.261 I/chatty  ( 1186): uid=1000(system) WifiP2pService expire 2 lines
11-21 00:29:32.262 I/chatty  ( 1186): uid=1000(system) ActivityManager expire 1 line
11-21 00:29:32.271 W/wificond(  911): Scan is not started. Ignore abort request
11-21 00:29:33.611 I/chatty  ( 1186): uid=1000(system) WifiHandlerThre expire 1 line
11-21 00:29:33.664 I/chatty  ( 1186): uid=1000(system) ConnectivitySer expire 41 lines
11-21 00:29:34.651 E/NetlinkEvent(  462): NetlinkEvent::FindParam(): Parameter 'INTERFACE' not found
11-21 00:29:34.651 E/NetlinkEvent(  462): NetlinkEvent::FindParam(): Parameter 'STATE' not found
11-21 00:29:34.651 E/NetlinkEvent(  462): NetlinkEvent::FindParam(): Parameter 'TIME_NS' not found
11-21 00:29:34.651 E/NetlinkEvent(  462): NetlinkEvent::FindParam(): Parameter 'UID' not found
11-21 00:29:34.803 I/chatty  ( 1186): uid=1000(system) android.fg expire 2 lines
11-21 00:29:39.036 I/chatty  ( 1186): uid=1000(system) android.bg expire 1 line
11-21 00:29:45.278 I/chatty  ( 1006): uid=1000(system) HwBinder:1006_F expire 1 line
11-21 00:29:45.283 I/chatty  ( 1006): uid=1000(system) /vendor/bin/commandrouter expire 3 lines
11-21 00:29:45.284 D/mculinkhealth( 1029): isMcuReachable 1 (5 ms)
11-21 00:29:47.812 I/chatty  ( 1006): uid=1000(system) HwBinder:1006_2 expire 5 lines
11-21 00:29:52.455 I/chatty  ( 1186): uid=1000(system) android.ui expire 12 lines
11-21 00:29:55.185 I/chatty  ( 1186): uid=1000(system) Binder:1186_1D expire 4 lines
11-21 00:29:58.110 I/chatty  ( 1186): uid=1000(system) LazyTaskWriterT expire 3 lines
11-21 00:30:02.909 I/chatty  ( 1186): uid=1000(system) android.display expire 2 lines
11-21 00:30:03.530 E/NetlinkEvent(  462): NetlinkEvent::FindParam(): Parameter 'INTERFACE' not found
11-21 00:30:03.530 E/NetlinkEvent(  462): NetlinkEvent::FindParam(): Parameter 'STATE' not found
11-21 00:30:03.530 E/NetlinkEvent(  462): NetlinkEvent::FindParam(): Parameter 'TIME_NS' not found
11-21 00:30:03.530 E/NetlinkEvent(  462): NetlinkEvent::FindParam(): Parameter 'UID' not found
11-21 00:30:07.799 I/chatty  ( 1006): uid=1000(system) /vendor/bin/commandrouter expire 5 lines
11-21 00:30:12.871 I/chatty  ( 1186): uid=1000 system_server expire 1 line
11-21 00:30:14.164 I/chatty  ( 1186): uid=1000(system) Binder:1186_C expire 4 lines
11-21 00:30:15.286 I/chatty  ( 1006): uid=1000(system) HwBinder:1006_F expire 1 line
11-21 00:30:15.291 D/mculinkhealth( 1029): isMcuReachable 1 (6 ms)
11-21 00:30:15.871 I/chatty  ( 1006): uid=1000(system) HwBinder:1006_1 expire 1 line
11-21 00:30:21.994 I/chatty  ( 1186): uid=1000(system) WifiP2pService expire 2 lines
11-21 00:30:21.996 I/chatty  ( 1186): uid=1000(system) ActivityManager expire 1 line
11-21 00:30:22.008 W/wificond(  911): Scan is not started. Ignore abort request
11-21 00:30:22.462 I/chatty  ( 1186): uid=1000(system) WifiHandlerThre expire 1 line
11-21 00:30:22.479 I/chatty  ( 1186): uid=1000(system) ConnectivitySer expire 32 lines
11-21 00:30:23.371 E/NetlinkEvent(  462): NetlinkEvent::FindParam(): Parameter 'INTERFACE' not found
11-21 00:30:23.371 E/NetlinkEvent(  462): NetlinkEvent::FindParam(): Parameter 'STATE' not found
11-21 00:30:23.371 E/NetlinkEvent(  462): NetlinkEvent::FindParam(): Parameter 'TIME_NS' not found
11-21 00:30:23.371 E/NetlinkEvent(  462): NetlinkEvent::FindParam(): Parameter 'UID' not found
11-21 00:30:23.505 I/chatty  ( 1186): uid=1000(system) android.fg expire 1 line
11-21 00:30:27.047 I/chatty  ( 1186): uid=1000(system) DeviceStorageMo expire 2 lines
11-21 00:30:37.771 D/commandrouter( 1006): rtc_sync (1, rtc:sync): <ServiceRequest> FORWARDED (remote -> local) service client ID = 0, token ID = 44535
11-21 00:30:37.772 D/commandrouter( 1006): SocServiceHandle::onServiceMessage, SoC Service = rtc_sync, appType = 1, type = SVC_RESP, clientId = 0, token = 44535, payloadLen = 8, result = 0, payload.size() = 8
11-21 00:30:42.346 I/chatty  ( 1186): uid=1000(system) android.ui expire 4 lines
11-21 00:30:45.147 I/chatty  ( 1186): uid=1000(system) Binder:1186_6 expire 4 lines
11-21 00:30:45.292 D/commandrouter( 1006): SocServiceHandle::onServiceMessage, SoC Service = mcu_healthcheck_1029, appType = 1, type = SVC_REQ, clientId = 0, token = 3921, payloadLen = 12, result = 0, payload.size() = 12
11-21 00:30:45.295 D/commandrouter( 1006): mcu_healthcheck_1029 (1, merlot:mcu_health:control): <ServiceResponse> FORWARDED (remote -> local) CR token ID = 3921, service client ID = 40, token ID = 45177, result = 0
11-21 00:30:45.296 D/mculinkhealth( 1029): isMcuReachable 1 (4 ms)
11-21 00:30:47.765 D/commandrouter( 1006): rtc_sync (1, rtc:sync): <ServiceRequest> FORWARDED (remote -> local) service client ID = 0, token ID = 44536
11-21 00:30:47.765 D/commandrouter( 1006): SocServiceHandle::onServiceMessage, SoC Service = rtc_sync, appType = 1, type = SVC_RESP, clientId = 0, token = 44536, payloadLen = 8, result = 0, payload.size() = 8
11-21 00:30:48.005 I/chatty  ( 1186): uid=1000(system) LazyTaskWriterT expire 1 line
11-21 00:30:52.900 I/chatty  ( 1186): uid=1000(system) android.display expire 1 line
11-21 00:30:53.364 I/chatty  ( 1186): uid=1000(system) ConnectivitySer expire 29 lines
11-21 00:30:53.421 I/wificond(  911): Fail RSSI polling because wifi is not associated.
11-21 00:30:53.551 E/NetlinkEvent(  462): NetlinkEvent::FindParam(): Parameter 'INTERFACE' not found
11-21 00:30:53.551 E/NetlinkEvent(  462): NetlinkEvent::FindParam(): Parameter 'STATE' not found
11-21 00:30:53.551 E/NetlinkEvent(  462): NetlinkEvent::FindParam(): Parameter 'TIME_NS' not found
11-21 00:30:53.551 E/NetlinkEvent(  462): NetlinkEvent::FindParam(): Parameter 'UID' not found
11-21 00:30:53.697 I/chatty  ( 1186): uid=1000(system) android.fg expire 1 line
11-21 00:30:57.636 I/chatty  ( 1186): uid=1000(system) android.ui expire 8 lines
11-21 00:30:57.760 D/commandrouter( 1006): rtc_sync (1, rtc:sync): <ServiceRequest> FORWARDED (remote -> local) service client ID = 0, token ID = 44537
11-21 00:30:57.761 D/commandrouter( 1006): SocServiceHandle::onServiceMessage, SoC Service = rtc_sync, appType = 1, type = SVC_RESP, clientId = 0, token = 44537, payloadLen = 8, result = 0, payload.size() = 8
11-21 00:31:02.175 I/chatty  ( 1186): uid=1000(system) LazyTaskWriterT expire 2 lines
11-21 00:31:05.148 I/chatty  ( 1186): uid=1000(system) Binder:1186_9 expire 1 line
11-21 00:31:05.264 I/chatty  ( 1186): uid=1000(system) Binder:1186_1B expire 3 lines
11-21 00:31:07.756 D/commandrouter( 1006): rtc_sync (1, rtc:sync): <ServiceRequest> FORWARDED (remote -> local) service client ID = 0, token ID = 44538
11-21 00:31:07.756 D/commandrouter( 1006): SocServiceHandle::onServiceMessage, SoC Service = rtc_sync, appType = 1, type = SVC_RESP, clientId = 0, token = 44538, payloadLen = 8, result = 0, payload.size() = 8
11-21 00:31:11.972 I/chatty  ( 1186): uid=1000(system) android.display expire 1 line
11-21 00:31:12.983 I/chatty  ( 1186): uid=1000(system) WifiP2pService expire 2 lines
11-21 00:31:12.985 I/chatty  ( 1186): uid=1000(system) ActivityManager expire 1 line
11-21 00:31:13.005 W/wificond(  911): Scan is not started. Ignore abort request
11-21 00:31:13.465 I/chatty  ( 1186): uid=1000(system) WifiHandlerThre expire 1 line
11-21 00:31:13.986 I/chatty  ( 1186): uid=1000(system) ConnectivitySer expire 12 lines
11-21 00:31:14.264 E/NetlinkEvent(  462): NetlinkEvent::FindParam(): Parameter 'INTERFACE' not found
11-21 00:31:14.265 E/NetlinkEvent(  462): NetlinkEvent::FindParam(): Parameter 'STATE' not found
11-21 00:31:14.265 E/NetlinkEvent(  462): NetlinkEvent::FindParam(): Parameter 'TIME_NS' not found
11-21 00:31:14.265 E/NetlinkEvent(  462): NetlinkEvent::FindParam(): Parameter 'UID' not found
11-21 00:31:14.375 I/chatty  ( 1186): uid=1000 system_server expire 1 line
11-21 00:31:14.390 I/chatty  ( 1186): uid=1000(system) android.fg expire 2 lines
11-21 00:31:15.297 D/commandrouter( 1006): SocServiceHandle::onServiceMessage, SoC Service = mcu_healthcheck_1029, appType = 1, type = SVC_REQ, clientId = 0, token = 3922, payloadLen = 12, result = 0, payload.size() = 12
11-21 00:31:15.301 D/commandrouter( 1006): mcu_healthcheck_1029 (1, merlot:mcu_health:control): <ServiceResponse> FORWARDED (remote -> local) CR token ID = 3922, service client ID = 40, token ID = 45178, result = 0
11-21 00:31:15.301 D/mculinkhealth( 1029): isMcuReachable 1 (5 ms)
11-21 00:31:15.875 D/commandrouter( 1006): SocServiceHandle::onServiceMessage, SoC Service = mcu_healthcheck_934, appType = 1, type = SVC_REQ, clientId = 0, token = 1961, payloadLen = 20, result = 0, payload.size() = 20
11-21 00:31:15.878 D/commandrouter( 1006): mcu_healthcheck_934 (1, merlot:mcu_health:control): <ServiceResponse> FORWARDED (remote -> local) CR token ID = 1961, service client ID = 5, token ID = 45179, result = 0
11-21 00:31:17.749 D/commandrouter( 1006): rtc_sync (1, rtc:sync): <ServiceRequest> FORWARDED (remote -> local) service client ID = 0, token ID = 44539
11-21 00:31:17.749 D/commandrouter( 1006): SocServiceHandle::onServiceMessage, SoC Service = rtc_sync, appType = 1, type = SVC_RESP, clientId = 0, token = 44539, payloadLen = 8, result = 0, payload.size() = 8
11-21 00:31:27.145 I/chatty  ( 1186): uid=1000(system) DeviceStorageMo expire 2 lines
11-21 00:31:27.746 D/commandrouter( 1006): rtc_sync (1, rtc:sync): <ServiceRequest> FORWARDED (remote -> local) service client ID = 0, token ID = 44540
11-21 00:31:27.746 D/commandrouter( 1006): SocServiceHandle::onServiceMessage, SoC Service = rtc_sync, appType = 1, type = SVC_RESP, clientId = 0, token = 44540, payloadLen = 8, result = 0, payload.size() = 8
11-21 00:31:33.378 I/chatty  ( 1186): uid=1000(system) android.ui expire 12 lines
11-21 00:31:36.161 I/chatty  ( 1186): uid=1000(system) Binder:1186_19 expire 4 lines
11-21 00:31:37.741 D/commandrouter( 1006): rtc_sync (1, rtc:sync): <ServiceRequest> FORWARDED (remote -> local) service client ID = 0, token ID = 44541
11-21 00:31:37.742 D/commandrouter( 1006): SocServiceHandle::onServiceMessage, SoC Service = rtc_sync, appType = 1, type = SVC_RESP, clientId = 0, token = 44541, payloadLen = 8, result = 0, payload.size() = 8
11-21 00:31:39.016 I/chatty  ( 1186): uid=1000(system) LazyTaskWriterT expire 2 lines
11-21 00:31:43.911 I/chatty  ( 1186): uid=1000(system) android.display expire 1 line
11-21 00:31:44.256 I/chatty  ( 1186): uid=1000(system) ConnectivitySer expire 9 lines
11-21 00:31:44.436 I/wificond(  911): Fail RSSI polling because wifi is not associated.
11-21 00:31:44.759 E/NetlinkEvent(  462): NetlinkEvent::FindParam(): Parameter 'INTERFACE' not found
11-21 00:31:44.759 E/NetlinkEvent(  462): NetlinkEvent::FindParam(): Parameter 'STATE' not found
11-21 00:31:44.759 E/NetlinkEvent(  462): NetlinkEvent::FindParam(): Parameter 'TIME_NS' not found
11-21 00:31:44.759 E/NetlinkEvent(  462): NetlinkEvent::FindParam(): Parameter 'UID' not found
11-21 00:31:45.302 D/commandrouter( 1006): SocServiceHandle::onServiceMessage, SoC Service = mcu_healthcheck_1029, appType = 1, type = SVC_REQ, clientId = 0, token = 3923, payloadLen = 12, result = 0, payload.size() = 12
11-21 00:31:45.306 D/commandrouter( 1006): mcu_healthcheck_1029 (1, merlot:mcu_health:control): <ServiceResponse> FORWARDED (remote -> local) CR token ID = 3923, service client ID = 40, token ID = 45180, result = 0
11-21 00:31:45.307 D/mculinkhealth( 1029): isMcuReachable 1 (4 ms)
11-21 00:31:47.738 D/commandrouter( 1006): rtc_sync (1, rtc:sync): <ServiceRequest> FORWARDED (remote -> local) service client ID = 0, token ID = 44542
11-21 00:31:47.739 D/commandrouter( 1006): SocServiceHandle::onServiceMessage, SoC Service = rtc_sync, appType = 1, type = SVC_RESP, clientId = 0, token = 44542, payloadLen = 8, result = 0, payload.size() = 8
11-21 00:31:50.213 I/chatty  ( 1186): uid=1000 system_server expire 1 line
11-21 00:31:55.966 I/chatty  ( 1186): uid=1000(system) Binder:1186_12 expire 4 lines
11-21 00:31:55.966 I/chatty  ( 1186): uid=1000(system) ConnectivitySer expire 32 lines
11-21 00:31:56.131 I/chatty  ( 1186): uid=1000(system) Binder:1186_18 expire 1 line
11-21 00:31:57.744 D/commandrouter( 1006): rtc_sync (1, rtc:sync): <ServiceRequest> FORWARDED (remote -> local) service client ID = 0, token ID = 44543
11-21 00:31:57.745 D/commandrouter( 1006): SocServiceHandle::onServiceMessage, SoC Service = rtc_sync, appType = 1, type = SVC_RESP, clientId = 0, token = 44543, payloadLen = 8, result = 0, payload.size() = 8
11-21 00:31:59.793 I/chatty  ( 1186): uid=1000(system) LazyTaskWriterT expire 1 line
11-21 00:32:02.998 I/chatty  ( 1186): uid=1000(system) android.display expire 1 line
11-21 00:32:04.072 I/chatty  ( 1186): uid=1000(system) WifiP2pService expire 2 lines
11-21 00:32:04.073 I/chatty  ( 1186): uid=1000(system) ActivityManager expire 1 line
11-21 00:32:04.161 W/wificond(  911): Scan is not started. Ignore abort request
11-21 00:32:04.594 I/chatty  ( 1186): uid=1000(system) WifiHandlerThre expire 1 line
11-21 00:32:05.819 E/NetlinkEvent(  462): NetlinkEvent::FindParam(): Parameter 'INTERFACE' not found
11-21 00:32:05.819 E/NetlinkEvent(  462): NetlinkEvent::FindParam(): Parameter 'STATE' not found
11-21 00:32:05.819 E/NetlinkEvent(  462): NetlinkEvent::FindParam(): Parameter 'TIME_NS' not found
11-21 00:32:05.819 E/NetlinkEvent(  462): NetlinkEvent::FindParam(): Parameter 'UID' not found
11-21 00:32:05.968 I/chatty  ( 1186): uid=1000(system) android.fg expire 2 lines
11-21 00:32:06.023 I/chatty  ( 1186): uid=1000(system) ConnectivitySer expire 11 lines
11-21 00:32:07.752 D/commandrouter( 1006): rtc_sync (1, rtc:sync): <ServiceRequest> FORWARDED (remote -> local) service client ID = 0, token ID = 44544
11-21 00:32:07.753 D/commandrouter( 1006): SocServiceHandle::onServiceMessage, SoC Service = rtc_sync, appType = 1, type = SVC_RESP, clientId = 0, token = 44544, payloadLen = 8, result = 0, payload.size() = 8
11-21 00:32:15.307 D/commandrouter( 1006): SocServiceHandle::onServiceMessage, SoC Service = mcu_healthcheck_1029, appType = 1, type = SVC_REQ, clientId = 0, token = 3924, payloadLen = 12, result = 0, payload.size() = 12
11-21 00:32:15.310 D/commandrouter( 1006): mcu_healthcheck_1029 (1, merlot:mcu_health:control): <ServiceResponse> FORWARDED (remote -> local) CR token ID = 3924, service client ID = 40, token ID = 45181, result = 0
11-21 00:32:15.311 D/mculinkhealth( 1029): isMcuReachable 1 (3 ms)
11-21 00:32:15.880 D/commandrouter( 1006): SocServiceHandle::onServiceMessage, SoC Service = mcu_healthcheck_934, appType = 1, type = SVC_REQ, clientId = 0, token = 1962, payloadLen = 20, result = 0, payload.size() = 20
11-21 00:32:15.883 D/commandrouter( 1006): mcu_healthcheck_934 (1, merlot:mcu_health:control): <ServiceResponse> FORWARDED (remote -> local) CR token ID = 1962, service client ID = 5, token ID = 45182, result = 0
11-21 00:32:17.759 D/commandrouter( 1006): rtc_sync (1, rtc:sync): <ServiceRequest> FORWARDED (remote -> local) service client ID = 0, token ID = 44545
11-21 00:32:17.760 D/commandrouter( 1006): SocServiceHandle::onServiceMessage, SoC Service = rtc_sync, appType = 1, type = SVC_RESP, clientId = 0, token = 44545, payloadLen = 8, result = 0, payload.size() = 8
11-21 00:32:24.274 I/chatty  ( 1186): uid=1000(system) android.ui expire 10 lines
11-21 00:32:27.197 I/chatty  ( 1186): uid=1000(system) Binder:1186_2 expire 1 line
11-21 00:32:27.256 I/chatty  ( 1186): uid=1000(system) DeviceStorageMo expire 2 lines
11-21 00:32:27.298 I/chatty  ( 1186): uid=1000(system) Binder:1186_4 expire 3 lines
11-21 00:32:27.761 D/commandrouter( 1006): rtc_sync (1, rtc:sync): <ServiceRequest> FORWARDED (remote -> local) service client ID = 0, token ID = 44546
11-21 00:32:27.762 D/commandrouter( 1006): SocServiceHandle::onServiceMessage, SoC Service = rtc_sync, appType = 1, type = SVC_RESP, clientId = 0, token = 44546, payloadLen = 8, result = 0, payload.size() = 8
11-21 00:32:29.931 I/chatty  ( 1186): uid=1000(system) LazyTaskWriterT expire 3 lines
11-21 00:32:34.545 I/chatty  ( 1186): uid=1000 system_server expire 1 line
11-21 00:32:34.972 I/chatty  ( 1186): uid=1000(system) android.display expire 2 lines
11-21 00:32:35.599 E/NetlinkEvent(  462): NetlinkEvent::FindParam(): Parameter 'INTERFACE' not found
11-21 00:32:35.599 E/NetlinkEvent(  462): NetlinkEvent::FindParam(): Parameter 'STATE' not found
11-21 00:32:35.599 E/NetlinkEvent(  462): NetlinkEvent::FindParam(): Parameter 'TIME_NS' not found
11-21 00:32:35.599 E/NetlinkEvent(  462): NetlinkEvent::FindParam(): Parameter 'UID' not found
11-21 00:32:37.770 D/commandrouter( 1006): rtc_sync (1, rtc:sync): <ServiceRequest> FORWARDED (remote -> local) service client ID = 0, token ID = 44547
11-21 00:32:37.772 D/commandrouter( 1006): SocServiceHandle::onServiceMessage, SoC Service = rtc_sync, appType = 1, type = SVC_RESP, clientId = 0, token = 44547, payloadLen = 8, result = 0, payload.size() = 8
11-21 00:32:45.312 D/commandrouter( 1006): SocServiceHandle::onServiceMessage, SoC Service = mcu_healthcheck_1029, appType = 1, type = SVC_REQ, clientId = 0, token = 3925, payloadLen = 12, result = 0, payload.size() = 12
11-21 00:32:45.315 D/commandrouter( 1006): mcu_healthcheck_1029 (1, merlot:mcu_health:control): <ServiceResponse> FORWARDED (remote -> local) CR token ID = 3925, service client ID = 40, token ID = 45183, result = 0
11-21 00:32:45.316 D/mculinkhealth( 1029): isMcuReachable 1 (4 ms)
11-21 00:32:45.614 I/chatty  ( 1186): uid=1000(system) android.ui expire 2 lines
11-21 00:32:47.161 I/chatty  ( 1186): uid=1000(system) Binder:1186_B expire 4 lines
11-21 00:32:47.787 D/commandrouter( 1006): rtc_sync (1, rtc:sync): <ServiceRequest> FORWARDED (remote -> local) service client ID = 0, token ID = 44548
11-21 00:32:47.788 D/commandrouter( 1006): SocServiceHandle::onServiceMessage, SoC Service = rtc_sync, appType = 1, type = SVC_RESP, clientId = 0, token = 44548, payloadLen = 8, result = 0, payload.size() = 8
11-21 00:32:55.256 I/chatty  ( 1186): uid=1000(system) WifiP2pService expire 2 lines
11-21 00:32:55.257 I/chatty  ( 1186): uid=1000(system) ActivityManager expire 1 line
11-21 00:32:55.267 W/wificond(  911): Scan is not started. Ignore abort request
11-21 00:32:55.744 I/chatty  ( 1186): uid=1000(system) WifiHandlerThre expire 1 line
11-21 00:32:55.760 I/chatty  ( 1186): uid=1000(system) ConnectivitySer expire 32 lines
11-21 00:32:56.672 E/NetlinkEvent(  462): NetlinkEvent::FindParam(): Parameter 'INTERFACE' not found
11-21 00:32:56.672 E/NetlinkEvent(  462): NetlinkEvent::FindParam(): Parameter 'STATE' not found
11-21 00:32:56.672 E/NetlinkEvent(  462): NetlinkEvent::FindParam(): Parameter 'TIME_NS' not found
11-21 00:32:56.672 E/NetlinkEvent(  462): NetlinkEvent::FindParam(): Parameter 'UID' not found
11-21 00:32:56.819 I/chatty  ( 1186): uid=1000(system) android.fg expire 2 lines
11-21 00:32:57.771 D/commandrouter( 1006): rtc_sync (1, rtc:sync): <ServiceRequest> FORWARDED (remote -> local) service client ID = 0, token ID = 44549
11-21 00:32:57.771 D/commandrouter( 1006): SocServiceHandle::onServiceMessage, SoC Service = rtc_sync, appType = 1, type = SVC_RESP, clientId = 0, token = 44549, payloadLen = 8, result = 0, payload.size() = 8
11-21 00:33:07.770 D/commandrouter( 1006): rtc_sync (1, rtc:sync): <ServiceRequest> FORWARDED (remote -> local) service client ID = 0, token ID = 44550
11-21 00:33:07.770 D/commandrouter( 1006): SocServiceHandle::onServiceMessage, SoC Service = rtc_sync, appType = 1, type = SVC_RESP, clientId = 0, token = 44550, payloadLen = 8, result = 0, payload.size() = 8
11-21 00:33:15.317 D/commandrouter( 1006): SocServiceHandle::onServiceMessage, SoC Service = mcu_healthcheck_1029, appType = 1, type = SVC_REQ, clientId = 0, token = 3926, payloadLen = 12, result = 0, payload.size() = 12
11-21 00:33:15.320 D/commandrouter( 1006): mcu_healthcheck_1029 (1, merlot:mcu_health:control): <ServiceResponse> FORWARDED (remote -> local) CR token ID = 3926, service client ID = 40, token ID = 45184, result = 0
11-21 00:33:15.320 D/mculinkhealth( 1029): isMcuReachable 1 (4 ms)
11-21 00:33:15.460 I/chatty  ( 1186): uid=1000(system) android.ui expire 12 lines
11-21 00:33:15.884 D/commandrouter( 1006): SocServiceHandle::onServiceMessage, SoC Service = mcu_healthcheck_934, appType = 1, type = SVC_REQ, clientId = 0, token = 1963, payloadLen = 20, result = 0, payload.size() = 20
11-21 00:33:15.887 D/commandrouter( 1006): mcu_healthcheck_934 (1, merlot:mcu_health:control): <ServiceResponse> FORWARDED (remote -> local) CR token ID = 1963, service client ID = 5, token ID = 45185, result = 0
11-21 00:33:17.766 D/commandrouter( 1006): rtc_sync (1, rtc:sync): <ServiceRequest> FORWARDED (remote -> local) service client ID = 0, token ID = 44551
11-21 00:33:17.768 D/commandrouter( 1006): SocServiceHandle::onServiceMessage, SoC Service = rtc_sync, appType = 1, type = SVC_RESP, clientId = 0, token = 44551, payloadLen = 8, result = 0, payload.size() = 8
11-21 00:33:18.160 I/chatty  ( 1186): uid=1000(system) Binder:1186_2 expire 4 lines
11-21 00:33:21.074 I/chatty  ( 1186): uid=1000(system) LazyTaskWriterT expire 2 lines
11-21 00:33:25.846 I/chatty  ( 1186): uid=1000(system) android.display expire 1 line
11-21 00:33:26.317 I/chatty  ( 1186): uid=1000(system) ConnectivitySer expire 9 lines
11-21 00:33:26.421 E/NetlinkEvent(  462): NetlinkEvent::FindParam(): Parameter 'INTERFACE' not found
11-21 00:33:26.422 E/NetlinkEvent(  462): NetlinkEvent::FindParam(): Parameter 'STATE' not found
11-21 00:33:26.422 E/NetlinkEvent(  462): NetlinkEvent::FindParam(): Parameter 'TIME_NS' not found
11-21 00:33:26.422 E/NetlinkEvent(  462): NetlinkEvent::FindParam(): Parameter 'UID' not found
11-21 00:33:27.359 I/chatty  ( 1186): uid=1000(system) DeviceStorageMo expire 2 lines
11-21 00:33:27.763 D/commandrouter( 1006): rtc_sync (1, rtc:sync): <ServiceRequest> FORWARDED (remote -> local) service client ID = 0, token ID = 44552
11-21 00:33:27.764 D/commandrouter( 1006): SocServiceHandle::onServiceMessage, SoC Service = rtc_sync, appType = 1, type = SVC_RESP, clientId = 0, token = 44552, payloadLen = 8, result = 0, payload.size() = 8
11-21 00:33:37.156 I/chatty  ( 1186): uid=1000(system) Binder:1186_A expire 4 lines
11-21 00:33:37.761 D/commandrouter( 1006): rtc_sync (1, rtc:sync): <ServiceRequest> FORWARDED (remote -> local) service client ID = 0, token ID = 44553
11-21 00:33:37.761 D/commandrouter( 1006): SocServiceHandle::onServiceMessage, SoC Service = rtc_sync, appType = 1, type = SVC_RESP, clientId = 0, token = 44553, payloadLen = 8, result = 0, payload.size() = 8
11-21 00:33:40.923 I/chatty  ( 1186): uid=1000 system_server expire 1 line
11-21 00:33:41.425 I/chatty  ( 1186): uid=1000(system) LazyTaskWriterT expire 1 line
11-21 00:33:44.056 I/chatty  ( 1186): uid=1000(system) android.display expire 1 line
11-21 00:33:45.063 I/chatty  ( 1186): uid=1000(system) WifiP2pService expire 2 lines
11-21 00:33:45.064 I/chatty  ( 1186): uid=1000(system) ActivityManager expire 1 line
11-21 00:33:45.162 W/wificond(  911): Scan is not started. Ignore abort request
11-21 00:33:45.321 D/commandrouter( 1006): SocServiceHandle::onServiceMessage, SoC Service = mcu_healthcheck_1029, appType = 1, type = SVC_REQ, clientId = 0, token = 3927, payloadLen = 12, result = 0, payload.size() = 12
11-21 00:33:45.324 D/commandrouter( 1006): mcu_healthcheck_1029 (1, merlot:mcu_health:control): <ServiceResponse> FORWARDED (remote -> local) CR token ID = 3927, service client ID = 40, token ID = 45186, result = 0
11-21 00:33:45.324 D/mculinkhealth( 1029): isMcuReachable 1 (3 ms)
11-21 00:33:45.524 I/chatty  ( 1186): uid=1000(system) WifiHandlerThre expire 1 line
11-21 00:33:45.572 I/chatty  ( 1186): uid=1000(system) ConnectivitySer expire 32 lines
11-21 00:33:46.481 E/NetlinkEvent(  462): NetlinkEvent::FindParam(): Parameter 'INTERFACE' not found
11-21 00:33:46.481 E/NetlinkEvent(  462): NetlinkEvent::FindParam(): Parameter 'STATE' not found
11-21 00:33:46.481 E/NetlinkEvent(  462): NetlinkEvent::FindParam(): Parameter 'TIME_NS' not found
11-21 00:33:46.481 E/NetlinkEvent(  462): NetlinkEvent::FindParam(): Parameter 'UID' not found
11-21 00:33:46.627 I/chatty  ( 1186): uid=1000(system) android.fg expire 1 line
11-21 00:33:47.754 D/commandrouter( 1006): rtc_sync (1, rtc:sync): <ServiceRequest> FORWARDED (remote -> local) service client ID = 0, token ID = 44554
11-21 00:33:47.755 D/commandrouter( 1006): SocServiceHandle::onServiceMessage, SoC Service = rtc_sync, appType = 1, type = SVC_RESP, clientId = 0, token = 44554, payloadLen = 8, result = 0, payload.size() = 8
11-21 00:33:57.748 D/commandrouter( 1006): rtc_sync (1, rtc:sync): <ServiceRequest> FORWARDED (remote -> local) service client ID = 0, token ID = 44555
11-21 00:33:57.748 D/commandrouter( 1006): SocServiceHandle::onServiceMessage, SoC Service = rtc_sync, appType = 1, type = SVC_RESP, clientId = 0, token = 44555, payloadLen = 8, result = 0, payload.size() = 8
11-21 00:34:05.343 I/chatty  ( 1186): uid=1000(system) android.ui expire 4 lines
11-21 00:34:06.748 I/chatty  ( 1186): uid=1000 system_server expire 3 lines
11-21 00:34:07.736 D/commandrouter( 1006): rtc_sync (1, rtc:sync): <ServiceRequest> FORWARDED (remote -> local) service client ID = 0, token ID = 44556
11-21 00:34:07.737 D/commandrouter( 1006): SocServiceHandle::onServiceMessage, SoC Service = rtc_sync, appType = 1, type = SVC_RESP, clientId = 0, token = 44556, payloadLen = 8, result = 0, payload.size() = 8
11-21 00:34:08.182 I/chatty  ( 1186): uid=1000(system) Binder:1186_B expire 4 lines
11-21 00:34:10.937 I/chatty  ( 1186): uid=1000(system) LazyTaskWriterT expire 3 lines
11-21 00:34:15.327 D/commandrouter( 1006): SocServiceHandle::onServiceMessage, SoC Service = mcu_healthcheck_1029, appType = 1, type = SVC_REQ, clientId = 0, token = 3928, payloadLen = 12, result = 0, payload.size() = 12
11-21 00:34:15.332 D/commandrouter( 1006): mcu_healthcheck_1029 (1, merlot:mcu_health:control): <ServiceResponse> FORWARDED (remote -> local) CR token ID = 3928, service client ID = 40, token ID = 45187, result = 0
11-21 00:34:15.332 D/mculinkhealth( 1029): isMcuReachable 1 (7 ms)
11-21 00:34:15.888 D/commandrouter( 1006): SocServiceHandle::onServiceMessage, SoC Service = mcu_healthcheck_934, appType = 1, type = SVC_REQ, clientId = 0, token = 1964, payloadLen = 20, result = 0, payload.size() = 20
11-21 00:34:15.891 D/commandrouter( 1006): mcu_healthcheck_934 (1, merlot:mcu_health:control): <ServiceResponse> FORWARDED (remote -> local) CR token ID = 1964, service client ID = 5, token ID = 45188, result = 0
11-21 00:34:15.898 I/chatty  ( 1186): uid=1000(system) android.display expire 2 lines
11-21 00:34:16.359 I/chatty  ( 1186): uid=1000(system) ConnectivitySer expire 10 lines
11-21 00:34:16.533 E/NetlinkEvent(  462): NetlinkEvent::FindParam(): Parameter 'INTERFACE' not found
11-21 00:34:16.533 E/NetlinkEvent(  462): NetlinkEvent::FindParam(): Parameter 'STATE' not found
11-21 00:34:16.533 E/NetlinkEvent(  462): NetlinkEvent::FindParam(): Parameter 'TIME_NS' not found
11-21 00:34:16.533 E/NetlinkEvent(  462): NetlinkEvent::FindParam(): Parameter 'UID' not found
11-21 00:34:16.714 I/chatty  ( 1186): uid=1000(system) android.fg expire 1 line
11-21 00:34:17.725 D/commandrouter( 1006): rtc_sync (1, rtc:sync): <ServiceRequest> FORWARDED (remote -> local) service client ID = 0, token ID = 44557
11-21 00:34:17.725 D/commandrouter( 1006): SocServiceHandle::onServiceMessage, SoC Service = rtc_sync, appType = 1, type = SVC_RESP, clientId = 0, token = 44557, payloadLen = 8, result = 0, payload.size() = 8
11-21 00:34:20.658 I/chatty  ( 1186): uid=1000(system) android.ui expire 8 lines
11-21 00:34:27.146 I/chatty  ( 1186): uid=1000(system) Binder:1186_4 expire 4 lines
11-21 00:34:27.459 I/chatty  ( 1186): uid=1000(system) DeviceStorageMo expire 2 lines
11-21 00:34:27.714 D/commandrouter( 1006): rtc_sync (1, rtc:sync): <ServiceRequest> FORWARDED (remote -> local) service client ID = 0, token ID = 44558
11-21 00:34:27.714 D/commandrouter( 1006): SocServiceHandle::onServiceMessage, SoC Service = rtc_sync, appType = 1, type = SVC_RESP, clientId = 0, token = 44558, payloadLen = 8, result = 0, payload.size() = 8
11-21 00:34:35.070 I/chatty  ( 1186): uid=1000(system) WifiP2pService expire 2 lines
11-21 00:34:35.071 I/chatty  ( 1186): uid=1000(system) ActivityManager expire 1 line
11-21 00:34:35.139 W/wificond(  911): Scan is not started. Ignore abort request
11-21 00:34:35.536 I/chatty  ( 1186): uid=1000(system) WifiHandlerThre expire 1 line
11-21 00:34:35.715 I/chatty  ( 1186): uid=1000(system) ConnectivitySer expire 31 lines
11-21 00:34:36.357 E/NetlinkEvent(  462): NetlinkEvent::FindParam(): Parameter 'INTERFACE' not found
11-21 00:34:36.357 E/NetlinkEvent(  462): NetlinkEvent::FindParam(): Parameter 'STATE' not found
11-21 00:34:36.357 E/NetlinkEvent(  462): NetlinkEvent::FindParam(): Parameter 'TIME_NS' not found
11-21 00:34:36.357 E/NetlinkEvent(  462): NetlinkEvent::FindParam(): Parameter 'UID' not found
11-21 00:34:36.485 I/chatty  ( 1186): uid=1000(system) android.fg expire 2 lines
11-21 00:34:37.702 D/commandrouter( 1006): rtc_sync (1, rtc:sync): <ServiceRequest> FORWARDED (remote -> local) service client ID = 0, token ID = 44559
11-21 00:34:37.703 D/commandrouter( 1006): SocServiceHandle::onServiceMessage, SoC Service = rtc_sync, appType = 1, type = SVC_RESP, clientId = 0, token = 44559, payloadLen = 8, result = 0, payload.size() = 8
11-21 00:34:45.334 D/commandrouter( 1006): SocServiceHandle::onServiceMessage, SoC Service = mcu_healthcheck_1029, appType = 1, type = SVC_REQ, clientId = 0, token = 3929, payloadLen = 12, result = 0, payload.size() = 12
11-21 00:34:45.339 D/commandrouter( 1006): mcu_healthcheck_1029 (1, merlot:mcu_health:control): <ServiceResponse> FORWARDED (remote -> local) CR token ID = 3929, service client ID = 40, token ID = 45189, result = 0
11-21 00:34:45.339 D/mculinkhealth( 1029): isMcuReachable 1 (6 ms)
11-21 00:34:47.698 D/commandrouter( 1006): rtc_sync (1, rtc:sync): <ServiceRequest> FORWARDED (remote -> local) service client ID = 0, token ID = 44560
11-21 00:34:47.699 D/commandrouter( 1006): SocServiceHandle::onServiceMessage, SoC Service = rtc_sync, appType = 1, type = SVC_RESP, clientId = 0, token = 44560, payloadLen = 8, result = 0, payload.size() = 8
11-21 00:34:55.327 I/chatty  ( 1186): uid=1000(system) android.ui expire 4 lines
11-21 00:34:57.697 D/commandrouter( 1006): rtc_sync (1, rtc:sync): <ServiceRequest> FORWARDED (remote -> local) service client ID = 0, token ID = 44561
11-21 00:34:57.697 D/commandrouter( 1006): SocServiceHandle::onServiceMessage, SoC Service = rtc_sync, appType = 1, type = SVC_RESP, clientId = 0, token = 44561, payloadLen = 8, result = 0, payload.size() = 8
11-21 00:34:58.148 I/chatty  ( 1186): uid=1000(system) Binder:1186_4 expire 4 lines
11-21 00:35:00.983 I/chatty  ( 1186): uid=1000(system) LazyTaskWriterT expire 1 line
11-21 00:35:05.888 I/chatty  ( 1186): uid=1000(system) android.display expire 1 line
11-21 00:35:06.358 I/chatty  ( 1186): uid=1000(system) ConnectivitySer expire 8 lines
11-21 00:35:06.417 I/wificond(  911): Fail RSSI polling because wifi is not associated.
11-21 00:35:06.471 I/chatty  ( 1186): uid=1000 system_server expire 1 line
11-21 00:35:06.579 E/NetlinkEvent(  462): NetlinkEvent::FindParam(): Parameter 'INTERFACE' not found
11-21 00:35:06.579 E/NetlinkEvent(  462): NetlinkEvent::FindParam(): Parameter 'STATE' not found
11-21 00:35:06.579 E/NetlinkEvent(  462): NetlinkEvent::FindParam(): Parameter 'TIME_NS' not found
11-21 00:35:06.579 E/NetlinkEvent(  462): NetlinkEvent::FindParam(): Parameter 'UID' not found
11-21 00:35:06.758 I/chatty  ( 1186): uid=1000(system) ConnectivitySer expire 8 lines
11-21 00:35:07.689 D/commandrouter( 1006): rtc_sync (1, rtc:sync): <ServiceRequest> FORWARDED (remote -> local) service client ID = 0, token ID = 44562
11-21 00:35:07.689 D/commandrouter( 1006): SocServiceHandle::onServiceMessage, SoC Service = rtc_sync, appType = 1, type = SVC_RESP, clientId = 0, token = 44562, payloadLen = 8, result = 0, payload.size() = 8
11-21 00:35:10.546 I/chatty  ( 1186): uid=1000(system) android.ui expire 8 lines
11-21 00:35:15.062 I/chatty  ( 1186): uid=1000(system) LazyTaskWriterT expire 2 lines
11-21 00:35:15.341 D/commandrouter( 1006): SocServiceHandle::onServiceMessage, SoC Service = mcu_healthcheck_1029, appType = 1, type = SVC_REQ, clientId = 0, token = 3930, payloadLen = 12, result = 0, payload.size() = 12
11-21 00:35:15.347 D/commandrouter( 1006): mcu_healthcheck_1029 (1, merlot:mcu_health:control): <ServiceResponse> FORWARDED (remote -> local) CR token ID = 3930, service client ID = 40, token ID = 45190, result = 0
11-21 00:35:15.347 D/mculinkhealth( 1029): isMcuReachable 1 (6 ms)
11-21 00:35:15.893 D/commandrouter( 1006): SocServiceHandle::onServiceMessage, SoC Service = mcu_healthcheck_934, appType = 1, type = SVC_REQ, clientId = 0, token = 1965, payloadLen = 20, result = 0, payload.size() = 20
11-21 00:35:15.898 D/commandrouter( 1006): mcu_healthcheck_934 (1, merlot:mcu_health:control): <ServiceResponse> FORWARDED (remote -> local) CR token ID = 1965, service client ID = 5, token ID = 45191, result = 0
11-21 00:35:17.156 I/chatty  ( 1186): uid=1000(system) Binder:1186_12 expire 4 lines
11-21 00:35:17.680 D/commandrouter( 1006): rtc_sync (1, rtc:sync): <ServiceRequest> FORWARDED (remote -> local) service client ID = 0, token ID = 44563
11-21 00:35:17.680 D/commandrouter( 1006): SocServiceHandle::onServiceMessage, SoC Service = rtc_sync, appType = 1, type = SVC_RESP, clientId = 0, token = 44563, payloadLen = 8, result = 0, payload.size() = 8
11-21 00:35:23.961 I/chatty  ( 1186): uid=1000(system) android.display expire 1 line
11-21 00:35:24.973 I/chatty  ( 1186): uid=1000(system) WifiP2pService expire 2 lines
11-21 00:35:24.975 I/chatty  ( 1186): uid=1000(system) ActivityManager expire 1 line
11-21 00:35:25.080 W/wificond(  911): Scan is not started. Ignore abort request
11-21 00:35:25.437 I/chatty  ( 1186): uid=1000(system) WifiHandlerThre expire 1 line
11-21 00:35:25.755 I/chatty  ( 1186): uid=1000(system) ConnectivitySer expire 25 lines
11-21 00:35:26.263 E/NetlinkEvent(  462): NetlinkEvent::FindParam(): Parameter 'INTERFACE' not found
11-21 00:35:26.264 E/NetlinkEvent(  462): NetlinkEvent::FindParam(): Parameter 'STATE' not found
11-21 00:35:26.264 E/NetlinkEvent(  462): NetlinkEvent::FindParam(): Parameter 'TIME_NS' not found
11-21 00:35:26.264 E/NetlinkEvent(  462): NetlinkEvent::FindParam(): Parameter 'UID' not found
11-21 00:35:26.416 I/chatty  ( 1186): uid=1000(system) android.fg expire 1 line
11-21 00:35:27.555 I/chatty  ( 1186): uid=1000(system) DeviceStorageMo expire 2 lines
11-21 00:35:27.676 D/commandrouter( 1006): rtc_sync (1, rtc:sync): <ServiceRequest> FORWARDED (remote -> local) service client ID = 0, token ID = 44564
11-21 00:35:27.677 D/commandrouter( 1006): SocServiceHandle::onServiceMessage, SoC Service = rtc_sync, appType = 1, type = SVC_RESP, clientId = 0, token = 44564, payloadLen = 8, result = 0, payload.size() = 8
11-21 00:35:37.672 D/commandrouter( 1006): rtc_sync (1, rtc:sync): <ServiceRequest> FORWARDED (remote -> local) service client ID = 0, token ID = 44565
11-21 00:35:37.672 D/commandrouter( 1006): SocServiceHandle::onServiceMessage, SoC Service = rtc_sync, appType = 1, type = SVC_RESP, clientId = 0, token = 44565, payloadLen = 8, result = 0, payload.size() = 8
11-21 00:35:42.594 D/commandrouter( 1006): SocServiceHandle::onServiceMessage, SoC Service = mcu_healthcheck_1186, appType = 1, type = SVC_REQ, clientId = 0, token = 201, payloadLen = 12, result = 0, payload.size() = 12
11-21 00:35:42.598 D/commandrouter( 1006): mcu_healthcheck_1186 (1, merlot:mcu_health:control): <ServiceResponse> FORWARDED (remote -> local) CR token ID = 201, service client ID = 39, token ID = 45192, result = 0
11-21 00:35:42.599 I/chatty  ( 1186): uid=1000 system_server expire 1 line
11-21 00:35:42.817 I/chatty  ( 1186): uid=1000(system) batterystats-wo expire 1 line
11-21 00:35:43.149 I/chatty  ( 1186): uid=1000(system) android.bg expire 1 line
11-21 00:35:43.742 I/chatty  ( 1186): uid=1000 system_server expire 1 line
11-21 00:35:45.348 D/commandrouter( 1006): SocServiceHandle::onServiceMessage, SoC Service = mcu_healthcheck_1029, appType = 1, type = SVC_REQ, clientId = 0, token = 3931, payloadLen = 12, result = 0, payload.size() = 12
11-21 00:35:45.352 D/commandrouter( 1006): mcu_healthcheck_1029 (1, merlot:mcu_health:control): <ServiceResponse> FORWARDED (remote -> local) CR token ID = 3931, service client ID = 40, token ID = 45193, result = 0
11-21 00:35:45.352 D/mculinkhealth( 1029): isMcuReachable 1 (4 ms)
11-21 00:35:45.360 I/chatty  ( 1186): uid=1000(system) android.ui expire 4 lines
11-21 00:35:47.671 D/commandrouter( 1006): rtc_sync (1, rtc:sync): <ServiceRequest> FORWARDED (remote -> local) service client ID = 0, token ID = 44566
11-21 00:35:47.672 D/commandrouter( 1006): SocServiceHandle::onServiceMessage, SoC Service = rtc_sync, appType = 1, type = SVC_RESP, clientId = 0, token = 44566, payloadLen = 8, result = 0, payload.size() = 8
11-21 00:35:48.156 I/chatty  ( 1186): uid=1000(system) Binder:1186_15 expire 4 lines
11-21 00:35:50.992 I/chatty  ( 1186): uid=1000(system) LazyTaskWriterT expire 1 line
11-21 00:35:55.856 I/chatty  ( 1186): uid=1000(system) android.display expire 1 line
11-21 00:35:56.255 I/chatty  ( 1186): uid=1000(system) ConnectivitySer expire 10 lines
11-21 00:35:56.396 I/wificond(  911): Fail RSSI polling because wifi is not associated.
11-21 00:35:56.590 E/NetlinkEvent(  462): NetlinkEvent::FindParam(): Parameter 'INTERFACE' not found
11-21 00:35:56.590 E/NetlinkEvent(  462): NetlinkEvent::FindParam(): Parameter 'STATE' not found
11-21 00:35:56.590 E/NetlinkEvent(  462): NetlinkEvent::FindParam(): Parameter 'TIME_NS' not found
11-21 00:35:56.590 E/NetlinkEvent(  462): NetlinkEvent::FindParam(): Parameter 'UID' not found
11-21 00:35:56.753 I/chatty  ( 1186): uid=1000(system) android.fg expire 1 line
11-21 00:35:57.671 D/commandrouter( 1006): rtc_sync (1, rtc:sync): <ServiceRequest> FORWARDED (remote -> local) service client ID = 0, token ID = 44567
11-21 00:35:57.672 D/commandrouter( 1006): SocServiceHandle::onServiceMessage, SoC Service = rtc_sync, appType = 1, type = SVC_RESP, clientId = 0, token = 44567, payloadLen = 8, result = 0, payload.size() = 8
11-21 00:36:00.600 I/chatty  ( 1186): uid=1000(system) android.ui expire 8 lines
11-21 00:36:05.122 I/chatty  ( 1186): uid=1000(system) LazyTaskWriterT expire 2 lines
11-21 00:36:07.173 I/chatty  ( 1186): uid=1000(system) Binder:1186_8 expire 4 lines
11-21 00:36:07.671 D/commandrouter( 1006): rtc_sync (1, rtc:sync): <ServiceRequest> FORWARDED (remote -> local) service client ID = 0, token ID = 44568
11-21 00:36:07.672 D/commandrouter( 1006): SocServiceHandle::onServiceMessage, SoC Service = rtc_sync, appType = 1, type = SVC_RESP, clientId = 0, token = 44568, payloadLen = 8, result = 0, payload.size() = 8
11-21 00:36:13.985 I/chatty  ( 1186): uid=1000(system) android.display expire 1 line
11-21 00:36:15.014 I/chatty  ( 1186): uid=1000(system) WifiP2pService expire 2 lines
11-21 00:36:15.015 I/chatty  ( 1186): uid=1000(system) ActivityManager expire 1 line
11-21 00:36:15.029 W/wificond(  911): Scan is not started. Ignore abort request
11-21 00:36:15.353 D/commandrouter( 1006): SocServiceHandle::onServiceMessage, SoC Service = mcu_healthcheck_1029, appType = 1, type = SVC_REQ, clientId = 0, token = 3932, payloadLen = 12, result = 0, payload.size() = 12
11-21 00:36:15.357 D/commandrouter( 1006): mcu_healthcheck_1029 (1, merlot:mcu_health:control): <ServiceResponse> FORWARDED (remote -> local) CR token ID = 3932, service client ID = 40, token ID = 45194, result = 0
11-21 00:36:15.357 D/mculinkhealth( 1029): isMcuReachable 1 (4 ms)
11-21 00:36:15.900 D/commandrouter( 1006): SocServiceHandle::onServiceMessage, SoC Service = mcu_healthcheck_934, appType = 1, type = SVC_REQ, clientId = 0, token = 1966, payloadLen = 20, result = 0, payload.size() = 20
11-21 00:36:15.904 D/commandrouter( 1006): mcu_healthcheck_934 (1, merlot:mcu_health:control): <ServiceResponse> FORWARDED (remote -> local) CR token ID = 1966, service client ID = 5, token ID = 45195, result = 0
11-21 00:36:16.401 I/chatty  ( 1186): uid=1000(system) WifiHandlerThre expire 1 line
11-21 00:36:16.580 I/chatty  ( 1186): uid=1000(system) ConnectivitySer expire 31 lines
11-21 00:36:17.249 E/NetlinkEvent(  462): NetlinkEvent::FindParam(): Parameter 'INTERFACE' not found
11-21 00:36:17.249 E/NetlinkEvent(  462): NetlinkEvent::FindParam(): Parameter 'STATE' not found
11-21 00:36:17.249 E/NetlinkEvent(  462): NetlinkEvent::FindParam(): Parameter 'TIME_NS' not found
11-21 00:36:17.249 E/NetlinkEvent(  462): NetlinkEvent::FindParam(): Parameter 'UID' not found
11-21 00:36:17.382 I/chatty  ( 1186): uid=1000(system) android.fg expire 1 line
11-21 00:36:17.669 D/commandrouter( 1006): rtc_sync (1, rtc:sync): <ServiceRequest> FORWARDED (remote -> local) service client ID = 0, token ID = 44569
11-21 00:36:17.669 D/commandrouter( 1006): SocServiceHandle::onServiceMessage, SoC Service = rtc_sync, appType = 1, type = SVC_RESP, clientId = 0, token = 44569, payloadLen = 8, result = 0, payload.size() = 8
11-21 00:36:27.664 D/commandrouter( 1006): rtc_sync (1, rtc:sync): <ServiceRequest> FORWARDED (remote -> local) service client ID = 0, token ID = 44570
11-21 00:36:27.664 D/commandrouter( 1006): SocServiceHandle::onServiceMessage, SoC Service = rtc_sync, appType = 1, type = SVC_RESP, clientId = 0, token = 44570, payloadLen = 8, result = 0, payload.size() = 8
11-21 00:36:27.669 I/chatty  ( 1186): uid=1000(system) DeviceStorageMo expire 2 lines
11-21 00:36:35.448 I/chatty  ( 1186): uid=1000(system) android.ui expire 4 lines
11-21 00:36:37.657 D/commandrouter( 1006): rtc_sync (1, rtc:sync): <ServiceRequest> FORWARDED (remote -> local) service client ID = 0, token ID = 44571
11-21 00:36:37.658 D/commandrouter( 1006): SocServiceHandle::onServiceMessage, SoC Service = rtc_sync, appType = 1, type = SVC_RESP, clientId = 0, token = 44571, payloadLen = 8, result = 0, payload.size() = 8
11-21 00:36:38.172 I/chatty  ( 1186): uid=1000(system) Binder:1186_11 expire 4 lines
11-21 00:36:41.078 I/chatty  ( 1186): uid=1000(system) LazyTaskWriterT expire 1 line
11-21 00:36:45.358 D/commandrouter( 1006): SocServiceHandle::onServiceMessage, SoC Service = mcu_healthcheck_1029, appType = 1, type = SVC_REQ, clientId = 0, token = 3933, payloadLen = 12, result = 0, payload.size() = 12
11-21 00:36:45.362 D/commandrouter( 1006): mcu_healthcheck_1029 (1, merlot:mcu_health:control): <ServiceResponse> FORWARDED (remote -> local) CR token ID = 3933, service client ID = 40, token ID = 45196, result = 0
11-21 00:36:45.362 D/mculinkhealth( 1029): isMcuReachable 1 (4 ms)
11-21 00:36:45.935 I/chatty  ( 1186): uid=1000(system) android.display expire 1 line
11-21 00:36:46.489 I/chatty  ( 1186): uid=1000(system) ConnectivitySer expire 7 lines
11-21 00:36:46.511 I/chatty  ( 1186): uid=1000 system_server expire 1 line
11-21 00:36:46.641 E/NetlinkEvent(  462): NetlinkEvent::FindParam(): Parameter 'INTERFACE' not found
11-21 00:36:46.641 E/NetlinkEvent(  462): NetlinkEvent::FindParam(): Parameter 'STATE' not found
11-21 00:36:46.641 E/NetlinkEvent(  462): NetlinkEvent::FindParam(): Parameter 'TIME_NS' not found
11-21 00:36:46.641 E/NetlinkEvent(  462): NetlinkEvent::FindParam(): Parameter 'UID' not found
