--------- beginning of system
11-20 00:19:53.785 D/commandrouter( 1117): SocServiceHandle::onServiceMessage, SoC Service = mcu_healthcheck_1194, appType = 1, type = SVC_REQ, clientId = 0, token = 54, payloadLen = 12, result = 0, payload.size() = 12
11-20 00:19:53.788 D/commandrouter( 1117): mcu_healthcheck_1194 (1, merlot:mcu_health:control): <ServiceResponse> FORWARDED (remote -> local) CR token ID = 54, service client ID = 39, token ID = 17874, result = 0
11-20 00:19:53.789 I/chatty  ( 1194): uid=1000(system) android.bg expire 1 line
11-20 00:19:53.848 I/chatty  ( 1194): uid=1000 system_server expire 1 line
11-20 00:19:54.770 I/chatty  ( 1194): uid=1000 system_server expire 1 line
11-20 00:19:55.074 I/chatty  ( 1194): uid=1000(system) LazyTaskWriterT expire 3 lines
11-20 00:19:58.633 I/chatty  ( 1194): uid=1000(system) android.ui expire 10 lines
11-20 00:20:01.278 D/commandrouter( 1117): rtc_sync (1, rtc:sync): <ServiceRequest> FORWARDED (remote -> local) service client ID = 0, token ID = 35838
11-20 00:20:01.279 D/commandrouter( 1117): SocServiceHandle::onServiceMessage, SoC Service = rtc_sync, appType = 1, type = SVC_RESP, clientId = 0, token = 35838, payloadLen = 8, result = 0, payload.size() = 8
11-20 00:20:06.155 I/chatty  ( 1194): uid=1000(system) Binder:1194_1F expire 4 lines
11-20 00:20:08.106 D/commandrouter( 1117): SocServiceHandle::onServiceMessage, SoC Service = mcu_healthcheck_946, appType = 1, type = SVC_REQ, clientId = 0, token = 511, payloadLen = 20, result = 0, payload.size() = 20
11-20 00:20:08.109 D/commandrouter( 1117): mcu_healthcheck_946 (1, merlot:mcu_health:control): <ServiceResponse> FORWARDED (remote -> local) CR token ID = 511, service client ID = 6, token ID = 17875, result = 0
11-20 00:20:08.518 I/chatty  ( 1194): uid=1000(system) DeviceStorageMo expire 2 lines
11-20 00:20:11.274 D/commandrouter( 1117): rtc_sync (1, rtc:sync): <ServiceRequest> FORWARDED (remote -> local) service client ID = 0, token ID = 35839
11-20 00:20:11.275 D/commandrouter( 1117): SocServiceHandle::onServiceMessage, SoC Service = rtc_sync, appType = 1, type = SVC_RESP, clientId = 0, token = 35839, payloadLen = 8, result = 0, payload.size() = 8
11-20 00:20:12.278 D/commandrouter( 1117): SocServiceHandle::onServiceMessage, SoC Service = mcu_healthcheck_1118, appType = 1, type = SVC_REQ, clientId = 0, token = 1023, payloadLen = 12, result = 0, payload.size() = 12
11-20 00:20:12.282 D/commandrouter( 1117): mcu_healthcheck_1118 (1, merlot:mcu_health:control): <ServiceResponse> FORWARDED (remote -> local) CR token ID = 1023, service client ID = 40, token ID = 17876, result = 0
11-20 00:20:12.283 D/mculinkhealth( 1118): isMcuReachable 1 (4 ms)
11-20 00:20:12.375 I/chatty  ( 1194): uid=1000(system) android.ui expire 2 lines
11-20 00:20:14.154 I/chatty  ( 1194): uid=1000(system) Binder:1194_C expire 4 lines
11-20 00:20:20.867 I/chatty  ( 1194): uid=1000(system) android.display expire 1 line
11-20 00:20:21.275 D/commandrouter( 1117): rtc_sync (1, rtc:sync): <ServiceRequest> FORWARDED (remote -> local) service client ID = 0, token ID = 35840
11-20 00:20:21.275 D/commandrouter( 1117): SocServiceHandle::onServiceMessage, SoC Service = rtc_sync, appType = 1, type = SVC_RESP, clientId = 0, token = 35840, payloadLen = 8, result = 0, payload.size() = 8
11-20 00:20:21.862 I/chatty  ( 1194): uid=1000(system) WifiP2pService expire 2 lines
11-20 00:20:21.863 I/chatty  ( 1194): uid=1000(system) ActivityManager expire 1 line
11-20 00:20:23.478 I/chatty  ( 1194): uid=1000(system) WifiHandlerThre expire 2 lines
11-20 00:20:23.620 W/wificond(  906): Scan is not started. Ignore abort request
11-20 00:20:24.314 I/chatty  ( 1194): uid=1000(system) ConnectivitySer expire 34 lines
11-20 00:20:25.750 E/NetlinkEvent(  459): NetlinkEvent::FindParam(): Parameter 'INTERFACE' not found
11-20 00:20:25.750 E/NetlinkEvent(  459): NetlinkEvent::FindParam(): Parameter 'STATE' not found
11-20 00:20:25.750 E/NetlinkEvent(  459): NetlinkEvent::FindParam(): Parameter 'TIME_NS' not found
11-20 00:20:25.750 E/NetlinkEvent(  459): NetlinkEvent::FindParam(): Parameter 'UID' not found
11-20 00:20:25.975 I/chatty  ( 1194): uid=1000 system_server expire 2 lines
11-20 00:20:25.983 I/chatty  ( 1194): uid=1000(system) ActivityManager expire 7 lines
11-20 00:20:26.163 I/chatty  ( 1194): uid=1000(system) android.fg expire 3 lines
11-20 00:20:27.688 I/chatty  ( 1194): uid=1000(system) Binder:1194_5 expire 3 lines
11-20 00:20:31.276 D/commandrouter( 1117): rtc_sync (1, rtc:sync): <ServiceRequest> FORWARDED (remote -> local) service client ID = 0, token ID = 35841
11-20 00:20:31.277 D/commandrouter( 1117): SocServiceHandle::onServiceMessage, SoC Service = rtc_sync, appType = 1, type = SVC_RESP, clientId = 0, token = 35841, payloadLen = 8, result = 0, payload.size() = 8
11-20 00:20:33.741 I/chatty  ( 1194): uid=1000(system) android.ui expire 8 lines
11-20 00:20:38.494 I/chatty  ( 1194): uid=1000(system) LazyTaskWriterT expire 2 lines
11-20 00:20:41.161 I/chatty  ( 1194): uid=1000(system) Binder:1194_8 expire 4 lines
11-20 00:20:41.272 D/commandrouter( 1117): rtc_sync (1, rtc:sync): <ServiceRequest> FORWARDED (remote -> local) service client ID = 0, token ID = 35842
11-20 00:20:41.272 D/commandrouter( 1117): SocServiceHandle::onServiceMessage, SoC Service = rtc_sync, appType = 1, type = SVC_RESP, clientId = 0, token = 35842, payloadLen = 8, result = 0, payload.size() = 8
11-20 00:20:42.285 D/commandrouter( 1117): SocServiceHandle::onServiceMessage, SoC Service = mcu_healthcheck_1118, appType = 1, type = SVC_REQ, clientId = 0, token = 1024, payloadLen = 12, result = 0, payload.size() = 12
11-20 00:20:42.288 D/commandrouter( 1117): mcu_healthcheck_1118 (1, merlot:mcu_health:control): <ServiceResponse> FORWARDED (remote -> local) CR token ID = 1024, service client ID = 40, token ID = 17877, result = 0
11-20 00:20:42.289 D/mculinkhealth( 1118): isMcuReachable 1 (4 ms)
11-20 00:20:51.274 D/commandrouter( 1117): rtc_sync (1, rtc:sync): <ServiceRequest> FORWARDED (remote -> local) service client ID = 0, token ID = 35843
11-20 00:20:51.275 D/commandrouter( 1117): SocServiceHandle::onServiceMessage, SoC Service = rtc_sync, appType = 1, type = SVC_RESP, clientId = 0, token = 35843, payloadLen = 8, result = 0, payload.size() = 8
11-20 00:20:55.791 I/chatty  ( 1194): uid=1000(system) ConnectivitySer expire 18 lines
11-20 00:21:01.275 D/commandrouter( 1117): rtc_sync (1, rtc:sync): <ServiceRequest> FORWARDED (remote -> local) service client ID = 0, token ID = 35844
11-20 00:21:01.276 D/commandrouter( 1117): SocServiceHandle::onServiceMessage, SoC Service = rtc_sync, appType = 1, type = SVC_RESP, clientId = 0, token = 35844, payloadLen = 8, result = 0, payload.size() = 8
11-20 00:21:06.418 I/chatty  ( 1194): uid=1000 system_server expire 1 line
11-20 00:21:08.110 D/commandrouter( 1117): SocServiceHandle::onServiceMessage, SoC Service = mcu_healthcheck_946, appType = 1, type = SVC_REQ, clientId = 0, token = 512, payloadLen = 20, result = 0, payload.size() = 20
11-20 00:21:08.116 D/commandrouter( 1117): mcu_healthcheck_946 (1, merlot:mcu_health:control): <ServiceResponse> FORWARDED (remote -> local) CR token ID = 512, service client ID = 6, token ID = 17878, result = 0
11-20 00:21:08.626 I/chatty  ( 1194): uid=1000(system) DeviceStorageMo expire 2 lines
11-20 00:21:09.248 I/chatty  ( 1194): uid=1000(system) android.ui expire 12 lines
11-20 00:21:11.160 I/chatty  ( 1194): uid=1000(system) Binder:1194_1F expire 4 lines
11-20 00:21:11.269 D/commandrouter( 1117): rtc_sync (1, rtc:sync): <ServiceRequest> FORWARDED (remote -> local) service client ID = 0, token ID = 35845
11-20 00:21:11.269 D/commandrouter( 1117): SocServiceHandle::onServiceMessage, SoC Service = rtc_sync, appType = 1, type = SVC_RESP, clientId = 0, token = 35845, payloadLen = 8, result = 0, payload.size() = 8
11-20 00:21:12.290 D/commandrouter( 1117): SocServiceHandle::onServiceMessage, SoC Service = mcu_healthcheck_1118, appType = 1, type = SVC_REQ, clientId = 0, token = 1025, payloadLen = 12, result = 0, payload.size() = 12
11-20 00:21:12.294 D/commandrouter( 1117): mcu_healthcheck_1118 (1, merlot:mcu_health:control): <ServiceResponse> FORWARDED (remote -> local) CR token ID = 1025, service client ID = 40, token ID = 17879, result = 0
11-20 00:21:12.295 D/mculinkhealth( 1118): isMcuReachable 1 (5 ms)
11-20 00:21:14.868 I/chatty  ( 1194): uid=1000(system) LazyTaskWriterT expire 3 lines
11-20 00:21:18.844 I/chatty  ( 1194): uid=1000(system) android.display expire 2 lines
11-20 00:21:19.567 E/NetlinkEvent(  459): NetlinkEvent::FindParam(): Parameter 'INTERFACE' not found
11-20 00:21:19.567 E/NetlinkEvent(  459): NetlinkEvent::FindParam(): Parameter 'STATE' not found
11-20 00:21:19.567 E/NetlinkEvent(  459): NetlinkEvent::FindParam(): Parameter 'TIME_NS' not found
11-20 00:21:19.567 E/NetlinkEvent(  459): NetlinkEvent::FindParam(): Parameter 'UID' not found
11-20 00:21:19.913 I/chatty  ( 1194): uid=1000(system) android.fg expire 1 line
11-20 00:21:21.272 D/commandrouter( 1117): rtc_sync (1, rtc:sync): <ServiceRequest> FORWARDED (remote -> local) service client ID = 0, token ID = 35846
11-20 00:21:21.273 D/commandrouter( 1117): SocServiceHandle::onServiceMessage, SoC Service = rtc_sync, appType = 1, type = SVC_RESP, clientId = 0, token = 35846, payloadLen = 8, result = 0, payload.size() = 8
11-20 00:21:30.152 I/chatty  ( 1194): uid=1000(system) Binder:1194_12 expire 4 lines
11-20 00:21:31.262 D/commandrouter( 1117): rtc_sync (1, rtc:sync): <ServiceRequest> FORWARDED (remote -> local) service client ID = 0, token ID = 35847
11-20 00:21:31.263 D/commandrouter( 1117): SocServiceHandle::onServiceMessage, SoC Service = rtc_sync, appType = 1, type = SVC_RESP, clientId = 0, token = 35847, payloadLen = 8, result = 0, payload.size() = 8
11-20 00:21:38.107 I/chatty  ( 1194): uid=1000(system) WifiP2pService expire 2 lines
11-20 00:21:38.109 I/chatty  ( 1194): uid=1000(system) ActivityManager expire 1 line
11-20 00:21:38.192 W/wificond(  906): Scan is not started. Ignore abort request
11-20 00:21:38.568 I/chatty  ( 1194): uid=1000(system) WifiHandlerThre expire 1 line
11-20 00:21:39.057 I/chatty  ( 1194): uid=1000(system) ConnectivitySer expire 23 lines
11-20 00:21:39.471 E/NetlinkEvent(  459): NetlinkEvent::FindParam(): Parameter 'INTERFACE' not found
11-20 00:21:39.471 E/NetlinkEvent(  459): NetlinkEvent::FindParam(): Parameter 'STATE' not found
11-20 00:21:39.471 E/NetlinkEvent(  459): NetlinkEvent::FindParam(): Parameter 'TIME_NS' not found
11-20 00:21:39.471 E/NetlinkEvent(  459): NetlinkEvent::FindParam(): Parameter 'UID' not found
11-20 00:21:41.256 D/commandrouter( 1117): rtc_sync (1, rtc:sync): <ServiceRequest> FORWARDED (remote -> local) service client ID = 0, token ID = 35848
11-20 00:21:41.257 D/commandrouter( 1117): SocServiceHandle::onServiceMessage, SoC Service = rtc_sync, appType = 1, type = SVC_RESP, clientId = 0, token = 35848, payloadLen = 8, result = 0, payload.size() = 8
11-20 00:21:42.297 D/commandrouter( 1117): SocServiceHandle::onServiceMessage, SoC Service = mcu_healthcheck_1118, appType = 1, type = SVC_REQ, clientId = 0, token = 1026, payloadLen = 12, result = 0, payload.size() = 12
11-20 00:21:42.301 D/commandrouter( 1117): mcu_healthcheck_1118 (1, merlot:mcu_health:control): <ServiceResponse> FORWARDED (remote -> local) CR token ID = 1026, service client ID = 40, token ID = 17880, result = 0
11-20 00:21:42.301 D/mculinkhealth( 1118): isMcuReachable 1 (5 ms)
11-20 00:21:51.253 D/commandrouter( 1117): rtc_sync (1, rtc:sync): <ServiceRequest> FORWARDED (remote -> local) service client ID = 0, token ID = 35849
11-20 00:21:51.254 D/commandrouter( 1117): SocServiceHandle::onServiceMessage, SoC Service = rtc_sync, appType = 1, type = SVC_RESP, clientId = 0, token = 35849, payloadLen = 8, result = 0, payload.size() = 8
11-20 00:21:58.241 I/chatty  ( 1194): uid=1000(system) android.ui expire 10 lines
11-20 00:22:01.159 I/chatty  ( 1194): uid=1000(system) Binder:1194_14 expire 4 lines
11-20 00:22:01.253 D/commandrouter( 1117): rtc_sync (1, rtc:sync): <ServiceRequest> FORWARDED (remote -> local) service client ID = 0, token ID = 35850
11-20 00:22:01.254 D/commandrouter( 1117): SocServiceHandle::onServiceMessage, SoC Service = rtc_sync, appType = 1, type = SVC_RESP, clientId = 0, token = 35850, payloadLen = 8, result = 0, payload.size() = 8
11-20 00:22:03.859 I/chatty  ( 1194): uid=1000(system) LazyTaskWriterT expire 1 line
11-20 00:22:08.118 D/commandrouter( 1117): SocServiceHandle::onServiceMessage, SoC Service = mcu_healthcheck_946, appType = 1, type = SVC_REQ, clientId = 0, token = 513, payloadLen = 20, result = 0, payload.size() = 20
11-20 00:22:08.123 D/commandrouter( 1117): mcu_healthcheck_946 (1, merlot:mcu_health:control): <ServiceResponse> FORWARDED (remote -> local) CR token ID = 513, service client ID = 6, token ID = 17881, result = 0
11-20 00:22:08.698 I/chatty  ( 1194): uid=1000(system) DeviceStorageMo expire 2 lines
11-20 00:22:08.911 I/chatty  ( 1194): uid=1000(system) android.display expire 1 line
11-20 00:22:09.453 I/chatty  ( 1194): uid=1000(system) ConnectivitySer expire 9 lines
11-20 00:22:09.573 E/NetlinkEvent(  459): NetlinkEvent::FindParam(): Parameter 'INTERFACE' not found
11-20 00:22:09.574 E/NetlinkEvent(  459): NetlinkEvent::FindParam(): Parameter 'STATE' not found
11-20 00:22:09.574 E/NetlinkEvent(  459): NetlinkEvent::FindParam(): Parameter 'TIME_NS' not found
11-20 00:22:09.574 E/NetlinkEvent(  459): NetlinkEvent::FindParam(): Parameter 'UID' not found
11-20 00:22:10.412 I/chatty  ( 1194): uid=1000 system_server expire 1 line
11-20 00:22:11.254 D/commandrouter( 1117): rtc_sync (1, rtc:sync): <ServiceRequest> FORWARDED (remote -> local) service client ID = 0, token ID = 35851
11-20 00:22:11.254 D/commandrouter( 1117): SocServiceHandle::onServiceMessage, SoC Service = rtc_sync, appType = 1, type = SVC_RESP, clientId = 0, token = 35851, payloadLen = 8, result = 0, payload.size() = 8
11-20 00:22:12.303 D/commandrouter( 1117): SocServiceHandle::onServiceMessage, SoC Service = mcu_healthcheck_1118, appType = 1, type = SVC_REQ, clientId = 0, token = 1027, payloadLen = 12, result = 0, payload.size() = 12
11-20 00:22:12.307 D/commandrouter( 1117): mcu_healthcheck_1118 (1, merlot:mcu_health:control): <ServiceResponse> FORWARDED (remote -> local) CR token ID = 1027, service client ID = 40, token ID = 17882, result = 0
11-20 00:22:12.307 D/mculinkhealth( 1118): isMcuReachable 1 (4 ms)
11-20 00:22:18.245 E/TaskPersister( 1194): File error accessing recents directory (directory doesn't exist?).
11-20 00:22:18.626 D/AutofillManagerService( 1194): onBackKeyPressed()
11-20 00:22:19.619 D/AutofillManagerService( 1194): onBackKeyPressed()
11-20 00:22:20.157 W/ActivityManager( 1194): Invalid packageName: com.facebook.wearable.system.settings/com.facebook.wearable.system.settings.SettingsActivity
11-20 00:22:20.288 I/ActivityTaskManager( 1194): START u0 {flg=0x10000000 cmp=com.facebook.wearable.system.settings/.SettingsActivity} from uid 0
11-20 00:22:20.311 I/ActivityTaskManager( 1194): The Process com.facebook.wearable.system.settings Already Exists in BG. So sending its PID: 3038
11-20 00:22:20.312 W/ActivityTaskManager( 1194): Tried to set launchTime (0) < mLastActivityLaunchTime (30867581)
11-20 00:22:21.252 D/commandrouter( 1117): rtc_sync (1, rtc:sync): <ServiceRequest> FORWARDED (remote -> local) service client ID = 0, token ID = 35852
11-20 00:22:21.253 D/commandrouter( 1117): SocServiceHandle::onServiceMessage, SoC Service = rtc_sync, appType = 1, type = SVC_RESP, clientId = 0, token = 35852, payloadLen = 8, result = 0, payload.size() = 8
11-20 00:22:24.502 E/TaskPersister( 1194): File error accessing recents directory (directory doesn't exist?).
11-20 00:22:26.984 W/ContextImpl( 1194): Calling a method in the system process without a qualified user: android.app.ContextImpl.sendBroadcastMultiplePermissions:1143 android.content.Context.sendBroadcastWithMultiplePermissions:2150 com.android.server.display.WifiDisplayAdapter.handleSendStatusChangeBroadcast:440 com.android.server.display.WifiDisplayAdapter.access$1700:63 com.android.server.display.WifiDisplayAdapter$WifiDisplayHandler.handleMessage:675 
11-20 00:22:27.995 W/ContextImpl( 1194): Calling a method in the system process without a qualified user: android.app.ContextImpl.sendBroadcastMultiplePermissions:1143 android.content.Context.sendBroadcastWithMultiplePermissions:2150 com.android.server.wifi.p2p.WifiP2pServiceImpl$P2pStateMachine.sendBroadcastMultiplePermissions:3209 com.android.server.wifi.p2p.WifiP2pServiceImpl$P2pStateMachine.sendP2pConnectionChangedBroadcast:3236 com.android.server.wifi.p2p.WifiP2pServiceImpl$P2pStateMachine.access$5100:768 
11-20 00:22:27.998 W/BroadcastQueue( 1194): Permission Denial: receiving Intent { act=android.net.wifi.p2p.CONNECTION_STATE_CHANGE flg=0x24000010 (has extras) } to ProcessRecord{ba73 1900:.qtidataservices/u0a89} (pid=1900, uid=10089) requires android.permission.ACCESS_FINE_LOCATION due to sender android (uid 1000)
11-20 00:22:28.004 W/ContextImpl( 1194): Calling a method in the system process without a qualified user: android.app.ContextImpl.sendBroadcastMultiplePermissions:1143 android.content.Context.sendBroadcastWithMultiplePermissions:2150 com.android.server.wifi.p2p.WifiP2pServiceImpl$P2pStateMachine.sendBroadcastMultiplePermissions:3209 com.android.server.wifi.p2p.WifiP2pServiceImpl$P2pStateMachine.sendThisDeviceChangedBroadcast:3218 com.android.server.wifi.p2p.WifiP2pServiceImpl$P2pStateMachine.updateThisDevice:3962 
11-20 00:22:28.022 W/wificond(  906): Scan is not started. Ignore abort request
11-20 00:22:28.451 D/ConnectivityService( 1194): registerNetworkAgent NetworkAgentInfo{ ni{[type: WIFI[], state: UNKNOWN/IDLE, reason: (unspecified), extra: , failover: false, available: true, roaming: false]}  network{125}  nethandle{540276609037}  lp{{InterfaceName: wlan0 LinkAddresses: [ ] DnsAddresses: [ ] Domains: null MTU: 0 Routes: [ ]}}  nc{[ Transports: WIFI Capabilities: NOT_METERED&INTERNET&NOT_RESTRICTED&TRUSTED&NOT_VPN&NOT_ROAMING&FOREGROUND&NOT_CONGESTED&NOT_SUSPENDED LinkUpBandwidth>=72000Kbps LinkDnBandwidth>=72000Kbps OwnerUid: 1000 SSID: "MTBF_Lab" RequestorUid: -1 RequestorPackageName: null]}  Score{20}  everValidated{false}  lastValidated{false}  created{false} lingering{false} explicitlySelected{false} acceptUnvalidated{false} everCaptivePortalDetected{false} lastCaptivePortalDetected{false} partialConnectivity{false} acceptPartialConnectivity{false} clat{mBaseIface: null, mIface: null, mState: IDLE} }
11-20 00:22:28.468 D/ConnectivityService( 1194): [125 WIFI] EVENT_NETWORK_INFO_CHANGED, going from UNKNOWN to UNKNOWN
11-20 00:22:28.597 D/ConnectivityService( 1194): NetReassign [no changes]
11-20 00:22:28.621 I/Nat464Xlat( 1194): Android Xlat is disabled
11-20 00:22:28.622 I/Nat464Xlat( 1194): Android Xlat is disabled
11-20 00:22:28.745 E/ConnectivityService( 1194): Exception in networkAddRouteParcel for non-gateway: android.os.ServiceSpecificException: Machine is not on the network (code 64)
11-20 00:22:28.746 E/ConnectivityService( 1194): Exception in networkAddRouteParcel for gateway: android.os.ServiceSpecificException: Machine is not on the network (code 64)
11-20 00:22:28.746 I/Nat464Xlat( 1194): Android Xlat is disabled
11-20 00:22:28.746 I/Nat464Xlat( 1194): Android Xlat is disabled
11-20 00:22:28.872 D/ConnectivityService( 1194): Setting DNS servers for network 125 to [/192.168.1.1]
11-20 00:22:28.873 I/Nat464Xlat( 1194): Android Xlat is disabled
11-20 00:22:28.873 I/Nat464Xlat( 1194): Android Xlat is disabled
11-20 00:22:28.965 D/ConnectivityService( 1194): [125 WIFI] EVENT_NETWORK_INFO_CHANGED, going from UNKNOWN to CONNECTED
11-20 00:22:28.977 D/DnsManager( 1194): sendDnsConfigurationForNetwork(125, [192.168.1.1], [], 1800, 25, 8, 64, 0, 0, , [])
11-20 00:22:28.978 W/DnsManager( 1194): updatePrivateDns(125, PrivateDnsConfig{true:/[]})
11-20 00:22:28.979 D/ConnectivityService( 1194): Setting DNS servers for network 125 to [/192.168.1.1]
11-20 00:22:28.979 D/DnsManager( 1194): sendDnsConfigurationForNetwork(125, [192.168.1.1], [], 1800, 25, 8, 64, 0, 0, , [192.168.1.1])
11-20 00:22:28.981 D/ConnectivityService( 1194): Adding iface wlan0 to network 125
11-20 00:22:28.991 D/ConnectivityService( 1194): Setting DNS servers for network 125 to [/192.168.1.1]
11-20 00:22:28.991 D/DnsManager( 1194): sendDnsConfigurationForNetwork(125, [192.168.1.1], [], 1800, 25, 8, 64, 0, 0, , [192.168.1.1])
11-20 00:22:28.993 I/Nat464Xlat( 1194): Android Xlat is disabled
11-20 00:22:28.993 I/Nat464Xlat( 1194): Android Xlat is disabled
11-20 00:22:29.051 D/ConnectivityService( 1194): NetReassign [no changes]
11-20 00:22:29.232 D/ConnectivityService( 1194): [125 WIFI] validation passed
11-20 00:22:29.233 D/ConnectivityService( 1194): NetReassign [8 : 100 → 125, 20 : 100 → 125, 46 : 100 → 125, 45 : 100 → 125, 626 : 100 → 125, 12 : 100 → 125, 22 : 100 → 125, 16 : 100 → 125, 603 : 100 → 125, 14 : 100 → 125, 50 : 100 → 125, 18 : 100 → 125, 11 : 100 → 125, 629 : 100 → 125, 1 : 100 → 125, 17 : 100 → 125]
11-20 00:22:29.236 E/NetlinkEvent(  459): NetlinkEvent::FindParam(): Parameter 'INTERFACE' not found
11-20 00:22:29.240 E/NetlinkEvent(  459): NetlinkEvent::FindParam(): Parameter 'STATE' not found
11-20 00:22:29.240 E/NetlinkEvent(  459): NetlinkEvent::FindParam(): Parameter 'TIME_NS' not found
11-20 00:22:29.240 E/NetlinkEvent(  459): NetlinkEvent::FindParam(): Parameter 'UID' not found
11-20 00:22:29.255 D/ConnectivityService( 1194): Switching to new default network: NetworkAgentInfo{ ni{[type: WIFI[], state: CONNECTED/CONNECTED, reason: (unspecified), extra: , failover: false, available: true, roaming: false]}  network{125}  nethandle{540276609037}  lp{{InterfaceName: wlan0 LinkAddresses: [ 192.168.1.39/24 ] DnsAddresses: [ /192.168.1.1 ] Domains: null MTU: 0 ServerAddress: /192.168.1.1 TcpBufferSizes: 524288,1048576,2097152,262144,524288,1048576 Routes: [ fe80::/64 -> :: wlan0 mtu 0,192.168.1.0/24 -> 0.0.0.0 wlan0 mtu 0,0.0.0.0/0 -> 192.168.1.1 wlan0 mtu 0 ]}}  nc{[ Transports: WIFI Capabilities: NOT_METERED&INTERNET&NOT_RESTRICTED&TRUSTED&NOT_VPN&VALIDATED&NOT_ROAMING&FOREGROUND&NOT_CONGESTED&NOT_SUSPENDED LinkUpBandwidth>=68000Kbps LinkDnBandwidth>=68000Kbps SignalStrength: -30 OwnerUid: 1000 SSID: "MTBF_Lab" RequestorUid: -1 RequestorPackageName: null]}  Score{60}  everValidated{true}  lastValidated{true}  created{true} lingering{false} explicitlySelected{false} acceptUnvalidated{false} everCaptivePortalDetected{false} lastCaptivePortalDetected{false} partialConnectivity{false} acceptPartialConnectivity{false} clat{mBaseIface: null, mIface: null, mState: IDLE} }
11-20 00:22:29.390 D/ConnectivityService( 1194): Lingering [100 CELLULAR] for 30000ms
11-20 00:22:29.393 D/ConnectivityService( 1194): Sending DISCONNECTED broadcast for type 0 [100 CELLULAR] isDefaultNetwork=true
11-20 00:22:29.395 D/ConnectivityService( 1194): Sending CONNECTED broadcast for type 1 [125 WIFI] isDefaultNetwork=true
11-20 00:22:29.431 D/ConnectivityService( 1194): Setting DNS servers for network 125 to [/192.168.1.1]
11-20 00:22:29.431 D/DnsManager( 1194): sendDnsConfigurationForNetwork(125, [192.168.1.1], [], 1800, 25, 8, 64, 0, 0, , [192.168.1.1])
11-20 00:22:29.582 I/Nat464Xlat( 1194): Android Xlat is disabled
11-20 00:22:29.582 I/Nat464Xlat( 1194): Android Xlat is disabled
11-20 00:22:31.251 D/commandrouter( 1117): rtc_sync (1, rtc:sync): <ServiceRequest> FORWARDED (remote -> local) service client ID = 0, token ID = 35853
11-20 00:22:31.252 D/commandrouter( 1117): SocServiceHandle::onServiceMessage, SoC Service = rtc_sync, appType = 1, type = SVC_RESP, clientId = 0, token = 35853, payloadLen = 8, result = 0, payload.size() = 8
11-20 00:22:41.252 D/commandrouter( 1117): rtc_sync (1, rtc:sync): <ServiceRequest> FORWARDED (remote -> local) service client ID = 0, token ID = 35854
11-20 00:22:41.253 D/commandrouter( 1117): SocServiceHandle::onServiceMessage, SoC Service = rtc_sync, appType = 1, type = SVC_RESP, clientId = 0, token = 35854, payloadLen = 8, result = 0, payload.size() = 8
11-20 00:22:42.308 D/commandrouter( 1117): SocServiceHandle::onServiceMessage, SoC Service = mcu_healthcheck_1118, appType = 1, type = SVC_REQ, clientId = 0, token = 1028, payloadLen = 12, result = 0, payload.size() = 12
11-20 00:22:42.311 D/commandrouter( 1117): mcu_healthcheck_1118 (1, merlot:mcu_health:control): <ServiceResponse> FORWARDED (remote -> local) CR token ID = 1028, service client ID = 40, token ID = 17883, result = 0
11-20 00:22:42.311 D/mculinkhealth( 1118): isMcuReachable 1 (3 ms)
11-20 00:22:48.352 D/AutofillManagerService( 1194): onBackKeyPressed()
11-20 00:22:49.413 I/chatty  ( 1194): uid=1000(system) android.ui identical 2 lines
11-20 00:22:50.643 D/AutofillManagerService( 1194): onBackKeyPressed()
11-20 00:22:51.155 W/ActivityManager( 1194): Invalid packageName: com.facebook.wearable.system.settings/com.facebook.wearable.system.settings.SettingsActivity
11-20 00:22:51.245 D/commandrouter( 1117): rtc_sync (1, rtc:sync): <ServiceRequest> FORWARDED (remote -> local) service client ID = 0, token ID = 35855
11-20 00:22:51.245 D/commandrouter( 1117): SocServiceHandle::onServiceMessage, SoC Service = rtc_sync, appType = 1, type = SVC_RESP, clientId = 0, token = 35855, payloadLen = 8, result = 0, payload.size() = 8
11-20 00:22:51.267 I/ActivityTaskManager( 1194): START u0 {flg=0x10000000 cmp=com.facebook.wearable.system.settings/.SettingsActivity} from uid 0
11-20 00:22:51.284 I/ActivityTaskManager( 1194): The Process com.facebook.wearable.system.settings Already Exists in BG. So sending its PID: 3038
11-20 00:22:51.285 W/ActivityTaskManager( 1194): Tried to set launchTime (0) < mLastActivityLaunchTime (30886577)
11-20 00:22:53.987 E/TaskPersister( 1194): File error accessing recents directory (directory doesn't exist?).
11-20 00:22:58.832 W/ContextImpl( 1194): Calling a method in the system process without a qualified user: android.app.ContextImpl.sendBroadcastMultiplePermissions:1143 android.content.Context.sendBroadcastWithMultiplePermissions:2150 com.android.server.display.WifiDisplayAdapter.handleSendStatusChangeBroadcast:440 com.android.server.display.WifiDisplayAdapter.access$1700:63 com.android.server.display.WifiDisplayAdapter$WifiDisplayHandler.handleMessage:675 
11-20 00:22:59.233 D/ConnectivityService( 1194): handleLingerComplete for [100 CELLULAR]
11-20 00:22:59.319 D/ConnectivityService( 1194): [125 WIFI] EVENT_NETWORK_INFO_CHANGED, going from CONNECTED to DISCONNECTED
11-20 00:22:59.319 D/ConnectivityService( 1194): [125 WIFI] disconnected, was satisfying 27
11-20 00:22:59.418 I/Nat464Xlat( 1194): Android Xlat is disabled
11-20 00:22:59.419 I/Nat464Xlat( 1194): Android Xlat is disabled
11-20 00:22:59.443 D/ConnectivityService( 1194): Sending DISCONNECTED broadcast for type 1 [125 WIFI] isDefaultNetwork=true
11-20 00:22:59.461 D/ConnectivityService( 1194): NetReassign [8 : null → 100, 20 : null → 100, 46 : null → 100, 45 : null → 100, 626 : null → 100, 12 : null → 100, 22 : null → 100, 16 : null → 100, 603 : null → 100, 14 : null → 100, 50 : null → 100, 18 : null → 100, 11 : null → 100, 629 : null → 100, 1 : null → 100, 17 : null → 100]
11-20 00:22:59.466 E/NetlinkEvent(  459): NetlinkEvent::FindParam(): Parameter 'INTERFACE' not found
11-20 00:22:59.467 E/NetlinkEvent(  459): NetlinkEvent::FindParam(): Parameter 'STATE' not found
11-20 00:22:59.467 E/NetlinkEvent(  459): NetlinkEvent::FindParam(): Parameter 'TIME_NS' not found
11-20 00:22:59.467 E/NetlinkEvent(  459): NetlinkEvent::FindParam(): Parameter 'UID' not found
11-20 00:22:59.486 D/ConnectivityService( 1194): Switching to new default network: NetworkAgentInfo{ ni{[type: MOBILE[LTE], state: CONNECTED/CONNECTED, reason: (unspecified), extra: nxtgenphone, failover: false, available: true, roaming: false]}  network{100}  nethandle{432902426637}  lp{{InterfaceName: rmnet_data2 LinkAddresses: [ 10.129.103.196/29,2600:380:c119:24f:b89a:9f3c:46c1:95af/64 ] DnsAddresses: [ /172.26.38.1,/fc00:a:a::300 ] Domains: null MTU: 1430 TcpBufferSizes: 2097152,4194304,8388608,262144,524288,1048576 Routes: [ 0.0.0.0/0 -> 10.129.103.197 rmnet_data2 mtu 1430,::/0 -> fe80::b45f:41f1:1846:969d rmnet_data2 mtu 1430,10.129.103.192/29 -> 0.0.0.0 rmnet_data2 mtu 0,2600:380:c119:24f::/64 -> :: rmnet_data2 mtu 0 ]}}  nc{[ Transports: CELLULAR Capabilities: MMS&SUPL&FOTA&INTERNET&NOT_RESTRICTED&TRUSTED&NOT_VPN&VALIDATED&NOT_ROAMING&NOT_CONGESTED&NOT_SUSPENDED LinkUpBandwidth>=15000Kbps LinkDnBandwidth>=30000Kbps Specifier: <TelephonyNetworkSpecifier [mSubId = 1]> AdministratorUids: [] RequestorUid: -1 RequestorPackageName: null]}  Score{50}  everValidated{true}  lastValidated{true}  created{true} lingering{false} explicitlySelected{false} acceptUnvalidated{false} everCaptivePortalDetected{false} lastCaptivePortalDetected{false} partialConnectivity{false} acceptPartialConnectivity{false} clat{mBaseIface: null, mIface: null, mState: IDLE} }
11-20 00:22:59.697 D/ConnectivityService( 1194): Sending CONNECTED broadcast for type 0 [100 CELLULAR] isDefaultNetwork=true
11-20 00:23:01.246 D/commandrouter( 1117): rtc_sync (1, rtc:sync): <ServiceRequest> FORWARDED (remote -> local) service client ID = 0, token ID = 35856
11-20 00:23:01.247 D/commandrouter( 1117): SocServiceHandle::onServiceMessage, SoC Service = rtc_sync, appType = 1, type = SVC_RESP, clientId = 0, token = 35856, payloadLen = 8, result = 0, payload.size() = 8
11-20 00:23:03.564 D/AutofillManagerService( 1194): onBackKeyPressed()
11-20 00:23:06.629 I/chatty  ( 1194): uid=1000(system) android.ui identical 4 lines
11-20 00:23:07.723 D/AutofillManagerService( 1194): onBackKeyPressed()
11-20 00:23:08.125 D/commandrouter( 1117): SocServiceHandle::onServiceMessage, SoC Service = mcu_healthcheck_946, appType = 1, type = SVC_REQ, clientId = 0, token = 514, payloadLen = 20, result = 0, payload.size() = 20
11-20 00:23:08.128 D/commandrouter( 1117): mcu_healthcheck_946 (1, merlot:mcu_health:control): <ServiceResponse> FORWARDED (remote -> local) CR token ID = 514, service client ID = 6, token ID = 17884, result = 0
11-20 00:23:08.138 E/TaskPersister( 1194): File error accessing recents directory (directory doesn't exist?).
11-20 00:23:08.619 D/AutofillManagerService( 1194): onBackKeyPressed()
11-20 00:23:08.741 D/AppStorageManager( 1194): BEFORE:: Previous Size: 1047691264 Current Size: 1047404544
11-20 00:23:08.741 D/AppStorageManager( 1194): AFTER:: Previous Size: 1047404544 Current Size: 1047404544
11-20 00:23:09.634 D/AutofillManagerService( 1194): onBackKeyPressed()
11-20 00:23:10.149 W/ActivityManager( 1194): Invalid packageName: com.facebook.wearable.system.settings/com.facebook.wearable.system.settings.SettingsActivity
11-20 00:23:10.267 I/ActivityTaskManager( 1194): START u0 {flg=0x10000000 cmp=com.facebook.wearable.system.settings/.SettingsActivity} from uid 0
11-20 00:23:10.282 I/ActivityTaskManager( 1194): The Process com.facebook.wearable.system.settings Already Exists in BG. So sending its PID: 3038
11-20 00:23:10.283 W/ActivityTaskManager( 1194): Tried to set launchTime (0) < mLastActivityLaunchTime (30917550)
11-20 00:23:11.244 D/commandrouter( 1117): rtc_sync (1, rtc:sync): <ServiceRequest> FORWARDED (remote -> local) service client ID = 0, token ID = 35857
11-20 00:23:11.244 D/commandrouter( 1117): SocServiceHandle::onServiceMessage, SoC Service = rtc_sync, appType = 1, type = SVC_RESP, clientId = 0, token = 35857, payloadLen = 8, result = 0, payload.size() = 8
11-20 00:23:12.312 D/commandrouter( 1117): SocServiceHandle::onServiceMessage, SoC Service = mcu_healthcheck_1118, appType = 1, type = SVC_REQ, clientId = 0, token = 1029, payloadLen = 12, result = 0, payload.size() = 12
11-20 00:23:12.316 D/commandrouter( 1117): mcu_healthcheck_1118 (1, merlot:mcu_health:control): <ServiceResponse> FORWARDED (remote -> local) CR token ID = 1029, service client ID = 40, token ID = 17885, result = 0
11-20 00:23:12.317 D/mculinkhealth( 1118): isMcuReachable 1 (5 ms)
11-20 00:23:13.888 E/TaskPersister( 1194): File error accessing recents directory (directory doesn't exist?).
11-20 00:23:14.836 D/AnalyticsLogger( 1194): sent events: 13
11-20 00:23:15.991 D/ConnectivityService( 1194): requestNetwork for uid/pid:10005/3573 NetworkRequest [ TRACK_DEFAULT id=630, [ Capabilities: INTERNET&NOT_RESTRICTED&TRUSTED Uid: 10005 AdministratorUids: [] RequestorUid: 10005 RequestorPackageName: com.facebook.wearable.system.telecom] ]
11-20 00:23:15.992 D/ConnectivityService( 1194): NetReassign [630 : null → 100]
11-20 00:23:16.709 D/ConnectivityService( 1194): releasing NetworkRequest [ TRACK_DEFAULT id=630, [ Capabilities: INTERNET&NOT_RESTRICTED&TRUSTED Uid: 10005 AdministratorUids: [] RequestorUid: 10005 RequestorPackageName: com.facebook.wearable.system.telecom] ] (release request)
11-20 00:23:16.866 W/ContextImpl( 1194): Calling a method in the system process without a qualified user: android.app.ContextImpl.sendBroadcastMultiplePermissions:1143 android.content.Context.sendBroadcastWithMultiplePermissions:2150 com.android.server.display.WifiDisplayAdapter.handleSendStatusChangeBroadcast:440 com.android.server.display.WifiDisplayAdapter.access$1700:63 com.android.server.display.WifiDisplayAdapter$WifiDisplayHandler.handleMessage:675 
11-20 00:23:17.944 W/ContextImpl( 1194): Calling a method in the system process without a qualified user: android.app.ContextImpl.sendBroadcastMultiplePermissions:1143 android.content.Context.sendBroadcastWithMultiplePermissions:2150 com.android.server.wifi.p2p.WifiP2pServiceImpl$P2pStateMachine.sendBroadcastMultiplePermissions:3209 com.android.server.wifi.p2p.WifiP2pServiceImpl$P2pStateMachine.sendP2pConnectionChangedBroadcast:3236 com.android.server.wifi.p2p.WifiP2pServiceImpl$P2pStateMachine.access$5100:768 
11-20 00:23:17.945 W/BroadcastQueue( 1194): Permission Denial: receiving Intent { act=android.net.wifi.p2p.CONNECTION_STATE_CHANGE flg=0x24000010 (has extras) } to ProcessRecord{ba73 1900:.qtidataservices/u0a89} (pid=1900, uid=10089) requires android.permission.ACCESS_FINE_LOCATION due to sender android (uid 1000)
11-20 00:23:17.952 W/ContextImpl( 1194): Calling a method in the system process without a qualified user: android.app.ContextImpl.sendBroadcastMultiplePermissions:1143 android.content.Context.sendBroadcastWithMultiplePermissions:2150 com.android.server.wifi.p2p.WifiP2pServiceImpl$P2pStateMachine.sendBroadcastMultiplePermissions:3209 com.android.server.wifi.p2p.WifiP2pServiceImpl$P2pStateMachine.sendThisDeviceChangedBroadcast:3218 com.android.server.wifi.p2p.WifiP2pServiceImpl$P2pStateMachine.updateThisDevice:3962 
11-20 00:23:17.987 W/wificond(  906): Scan is not started. Ignore abort request
11-20 00:23:19.357 D/ConnectivityService( 1194): registerNetworkAgent NetworkAgentInfo{ ni{[type: WIFI[], state: UNKNOWN/IDLE, reason: (unspecified), extra: , failover: false, available: true, roaming: false]}  network{126}  nethandle{544571576333}  lp{{InterfaceName: wlan0 LinkAddresses: [ ] DnsAddresses: [ ] Domains: null MTU: 0 Routes: [ ]}}  nc{[ Transports: WIFI Capabilities: NOT_METERED&INTERNET&NOT_RESTRICTED&TRUSTED&NOT_VPN&NOT_ROAMING&FOREGROUND&NOT_CONGESTED&NOT_SUSPENDED LinkUpBandwidth>=72000Kbps LinkDnBandwidth>=72000Kbps OwnerUid: 1000 SSID: "MTBF_Lab" RequestorUid: -1 RequestorPackageName: null]}  Score{20}  everValidated{false}  lastValidated{false}  created{false} lingering{false} explicitlySelected{false} acceptUnvalidated{false} everCaptivePortalDetected{false} lastCaptivePortalDetected{false} partialConnectivity{false} acceptPartialConnectivity{false} clat{mBaseIface: null, mIface: null, mState: IDLE} }
11-20 00:23:19.375 D/ConnectivityService( 1194): [126 WIFI] EVENT_NETWORK_INFO_CHANGED, going from UNKNOWN to UNKNOWN
11-20 00:23:19.527 D/ConnectivityService( 1194): NetReassign [no changes]
11-20 00:23:19.559 I/Nat464Xlat( 1194): Android Xlat is disabled
11-20 00:23:19.559 I/Nat464Xlat( 1194): Android Xlat is disabled
11-20 00:23:19.686 E/ConnectivityService( 1194): Exception in networkAddRouteParcel for non-gateway: android.os.ServiceSpecificException: Machine is not on the network (code 64)
11-20 00:23:19.688 E/ConnectivityService( 1194): Exception in networkAddRouteParcel for gateway: android.os.ServiceSpecificException: Machine is not on the network (code 64)
11-20 00:23:19.688 I/Nat464Xlat( 1194): Android Xlat is disabled
11-20 00:23:19.688 I/Nat464Xlat( 1194): Android Xlat is disabled
11-20 00:23:19.752 D/ConnectivityService( 1194): Setting DNS servers for network 126 to [/192.168.1.1]
11-20 00:23:19.753 I/Nat464Xlat( 1194): Android Xlat is disabled
11-20 00:23:19.753 I/Nat464Xlat( 1194): Android Xlat is disabled
11-20 00:23:19.849 D/ConnectivityService( 1194): [126 WIFI] EVENT_NETWORK_INFO_CHANGED, going from UNKNOWN to CONNECTED
11-20 00:23:19.851 D/DnsManager( 1194): sendDnsConfigurationForNetwork(126, [192.168.1.1], [], 1800, 25, 8, 64, 0, 0, , [])
11-20 00:23:19.853 W/DnsManager( 1194): updatePrivateDns(126, PrivateDnsConfig{true:/[]})
11-20 00:23:19.853 D/ConnectivityService( 1194): Setting DNS servers for network 126 to [/192.168.1.1]
11-20 00:23:19.853 D/DnsManager( 1194): sendDnsConfigurationForNetwork(126, [192.168.1.1], [], 1800, 25, 8, 64, 0, 0, , [192.168.1.1])
11-20 00:23:19.855 D/ConnectivityService( 1194): Adding iface wlan0 to network 126
11-20 00:23:19.885 D/ConnectivityService( 1194): Setting DNS servers for network 126 to [/192.168.1.1]
11-20 00:23:19.886 D/DnsManager( 1194): sendDnsConfigurationForNetwork(126, [192.168.1.1], [], 1800, 25, 8, 64, 0, 0, , [192.168.1.1])
11-20 00:23:19.889 I/Nat464Xlat( 1194): Android Xlat is disabled
11-20 00:23:19.889 I/Nat464Xlat( 1194): Android Xlat is disabled
11-20 00:23:19.961 D/ConnectivityService( 1194): NetReassign [no changes]
11-20 00:23:20.121 D/ConnectivityService( 1194): [126 WIFI] validation passed
11-20 00:23:20.122 D/ConnectivityService( 1194): NetReassign [8 : 100 → 126, 20 : 100 → 126, 46 : 100 → 126, 45 : 100 → 126, 626 : 100 → 126, 12 : 100 → 126, 22 : 100 → 126, 16 : 100 → 126, 603 : 100 → 126, 14 : 100 → 126, 50 : 100 → 126, 18 : 100 → 126, 11 : 100 → 126, 629 : 100 → 126, 1 : 100 → 126, 17 : 100 → 126]
11-20 00:23:20.128 E/NetlinkEvent(  459): NetlinkEvent::FindParam(): Parameter 'INTERFACE' not found
11-20 00:23:20.128 E/NetlinkEvent(  459): NetlinkEvent::FindParam(): Parameter 'STATE' not found
11-20 00:23:20.128 E/NetlinkEvent(  459): NetlinkEvent::FindParam(): Parameter 'TIME_NS' not found
11-20 00:23:20.128 E/NetlinkEvent(  459): NetlinkEvent::FindParam(): Parameter 'UID' not found
11-20 00:23:20.145 D/ConnectivityService( 1194): Switching to new default network: NetworkAgentInfo{ ni{[type: WIFI[], state: CONNECTED/CONNECTED, reason: (unspecified), extra: , failover: false, available: true, roaming: false]}  network{126}  nethandle{544571576333}  lp{{InterfaceName: wlan0 LinkAddresses: [ 192.168.1.39/24 ] DnsAddresses: [ /192.168.1.1 ] Domains: null MTU: 0 ServerAddress: /192.168.1.1 TcpBufferSizes: 524288,1048576,2097152,262144,524288,1048576 Routes: [ fe80::/64 -> :: wlan0 mtu 0,192.168.1.0/24 -> 0.0.0.0 wlan0 mtu 0,0.0.0.0/0 -> 192.168.1.1 wlan0 mtu 0 ]}}  nc{[ Transports: WIFI Capabilities: NOT_METERED&INTERNET&NOT_RESTRICTED&TRUSTED&NOT_VPN&VALIDATED&NOT_ROAMING&FOREGROUND&NOT_CONGESTED&NOT_SUSPENDED LinkUpBandwidth>=68000Kbps LinkDnBandwidth>=68000Kbps SignalStrength: -30 OwnerUid: 1000 SSID: "MTBF_Lab" RequestorUid: -1 RequestorPackageName: null]}  Score{60}  everValidated{true}  lastValidated{true}  created{true} lingering{false} explicitlySelected{false} acceptUnvalidated{false} everCaptivePortalDetected{false} lastCaptivePortalDetected{false} partialConnectivity{false} acceptPartialConnectivity{false} clat{mBaseIface: null, mIface: null, mState: IDLE} }
11-20 00:23:20.272 D/ConnectivityService( 1194): Lingering [100 CELLULAR] for 30000ms
11-20 00:23:20.277 D/ConnectivityService( 1194): Sending DISCONNECTED broadcast for type 0 [100 CELLULAR] isDefaultNetwork=true
11-20 00:23:20.279 D/ConnectivityService( 1194): Sending CONNECTED broadcast for type 1 [126 WIFI] isDefaultNetwork=true
11-20 00:23:20.316 D/ConnectivityService( 1194): Setting DNS servers for network 126 to [/192.168.1.1]
11-20 00:23:20.317 D/DnsManager( 1194): sendDnsConfigurationForNetwork(126, [192.168.1.1], [], 1800, 25, 8, 64, 0, 0, , [192.168.1.1])
11-20 00:23:20.433 I/Nat464Xlat( 1194): Android Xlat is disabled
11-20 00:23:20.433 I/Nat464Xlat( 1194): Android Xlat is disabled
11-20 00:23:21.244 D/commandrouter( 1117): rtc_sync (1, rtc:sync): <ServiceRequest> FORWARDED (remote -> local) service client ID = 0, token ID = 35858
11-20 00:23:21.245 D/commandrouter( 1117): SocServiceHandle::onServiceMessage, SoC Service = rtc_sync, appType = 1, type = SVC_RESP, clientId = 0, token = 35858, payloadLen = 8, result = 0, payload.size() = 8
11-20 00:23:31.240 D/commandrouter( 1117): rtc_sync (1, rtc:sync): <ServiceRequest> FORWARDED (remote -> local) service client ID = 0, token ID = 35859
11-20 00:23:31.241 D/commandrouter( 1117): SocServiceHandle::onServiceMessage, SoC Service = rtc_sync, appType = 1, type = SVC_RESP, clientId = 0, token = 35859, payloadLen = 8, result = 0, payload.size() = 8
11-20 00:23:38.291 D/AutofillManagerService( 1194): onBackKeyPressed()
11-20 00:23:39.353 I/chatty  ( 1194): uid=1000(system) android.ui identical 2 lines
11-20 00:23:40.568 D/AutofillManagerService( 1194): onBackKeyPressed()
11-20 00:23:41.132 W/ActivityManager( 1194): Invalid packageName: com.facebook.wearable.system.settings/com.facebook.wearable.system.settings.SettingsActivity
11-20 00:23:41.230 D/commandrouter( 1117): rtc_sync (1, rtc:sync): <ServiceRequest> FORWARDED (remote -> local) service client ID = 0, token ID = 35860
11-20 00:23:41.230 D/commandrouter( 1117): SocServiceHandle::onServiceMessage, SoC Service = rtc_sync, appType = 1, type = SVC_RESP, clientId = 0, token = 35860, payloadLen = 8, result = 0, payload.size() = 8
11-20 00:23:41.258 I/ActivityTaskManager( 1194): START u0 {flg=0x10000000 cmp=com.facebook.wearable.system.settings/.SettingsActivity} from uid 0
11-20 00:23:41.274 I/ActivityTaskManager( 1194): The Process com.facebook.wearable.system.settings Already Exists in BG. So sending its PID: 3038
11-20 00:23:41.274 W/ActivityTaskManager( 1194): Tried to set launchTime (0) < mLastActivityLaunchTime (30936547)
11-20 00:23:42.318 D/commandrouter( 1117): SocServiceHandle::onServiceMessage, SoC Service = mcu_healthcheck_1118, appType = 1, type = SVC_REQ, clientId = 0, token = 1030, payloadLen = 12, result = 0, payload.size() = 12
11-20 00:23:42.321 D/commandrouter( 1117): mcu_healthcheck_1118 (1, merlot:mcu_health:control): <ServiceResponse> FORWARDED (remote -> local) CR token ID = 1030, service client ID = 40, token ID = 17886, result = 0
11-20 00:23:42.321 D/mculinkhealth( 1118): isMcuReachable 1 (4 ms)
11-20 00:23:43.928 E/TaskPersister( 1194): File error accessing recents directory (directory doesn't exist?).
11-20 00:23:48.816 W/ContextImpl( 1194): Calling a method in the system process without a qualified user: android.app.ContextImpl.sendBroadcastMultiplePermissions:1143 android.content.Context.sendBroadcastWithMultiplePermissions:2150 com.android.server.display.WifiDisplayAdapter.handleSendStatusChangeBroadcast:440 com.android.server.display.WifiDisplayAdapter.access$1700:63 com.android.server.display.WifiDisplayAdapter$WifiDisplayHandler.handleMessage:675 
11-20 00:23:49.234 D/ConnectivityService( 1194): [126 WIFI] EVENT_NETWORK_INFO_CHANGED, going from CONNECTED to DISCONNECTED
11-20 00:23:49.236 D/ConnectivityService( 1194): [126 WIFI] disconnected, was satisfying 27
11-20 00:23:49.321 I/Nat464Xlat( 1194): Android Xlat is disabled
11-20 00:23:49.321 I/Nat464Xlat( 1194): Android Xlat is disabled
11-20 00:23:49.333 D/ConnectivityService( 1194): Sending DISCONNECTED broadcast for type 1 [126 WIFI] isDefaultNetwork=true
11-20 00:23:49.356 D/ConnectivityService( 1194): NetReassign [8 : null → 100, 20 : null → 100, 46 : null → 100, 45 : null → 100, 626 : null → 100, 12 : null → 100, 22 : null → 100, 16 : null → 100, 603 : null → 100, 14 : null → 100, 50 : null → 100, 18 : null → 100, 11 : null → 100, 629 : null → 100, 1 : null → 100, 17 : null → 100]
11-20 00:23:49.360 E/NetlinkEvent(  459): NetlinkEvent::FindParam(): Parameter 'INTERFACE' not found
11-20 00:23:49.361 E/NetlinkEvent(  459): NetlinkEvent::FindParam(): Parameter 'STATE' not found
11-20 00:23:49.361 E/NetlinkEvent(  459): NetlinkEvent::FindParam(): Parameter 'TIME_NS' not found
11-20 00:23:49.361 E/NetlinkEvent(  459): NetlinkEvent::FindParam(): Parameter 'UID' not found
11-20 00:23:49.377 D/ConnectivityService( 1194): Switching to new default network: NetworkAgentInfo{ ni{[type: MOBILE[LTE], state: CONNECTED/CONNECTED, reason: (unspecified), extra: nxtgenphone, failover: false, available: true, roaming: false]}  network{100}  nethandle{432902426637}  lp{{InterfaceName: rmnet_data2 LinkAddresses: [ 10.129.103.196/29,2600:380:c119:24f:b89a:9f3c:46c1:95af/64 ] DnsAddresses: [ /172.26.38.1,/fc00:a:a::300 ] Domains: null MTU: 1430 TcpBufferSizes: 2097152,4194304,8388608,262144,524288,1048576 Routes: [ 0.0.0.0/0 -> 10.129.103.197 rmnet_data2 mtu 1430,::/0 -> fe80::b45f:41f1:1846:969d rmnet_data2 mtu 1430,10.129.103.192/29 -> 0.0.0.0 rmnet_data2 mtu 0,2600:380:c119:24f::/64 -> :: rmnet_data2 mtu 0 ]}}  nc{[ Transports: CELLULAR Capabilities: MMS&SUPL&FOTA&INTERNET&NOT_RESTRICTED&TRUSTED&NOT_VPN&VALIDATED&NOT_ROAMING&FOREGROUND&NOT_CONGESTED&NOT_SUSPENDED LinkUpBandwidth>=15000Kbps LinkDnBandwidth>=30000Kbps Specifier: <TelephonyNetworkSpecifier [mSubId = 1]> AdministratorUids: [] RequestorUid: -1 RequestorPackageName: null]}  Score{50}  everValidated{true}  lastValidated{true}  created{true} lingering{true} explicitlySelected{false} acceptUnvalidated{false} everCaptivePortalDetected{false} lastCaptivePortalDetected{false} partialConnectivity{false} acceptPartialConnectivity{false} clat{mBaseIface: null, mIface: null, mState: IDLE} }
11-20 00:23:49.552 D/ConnectivityService( 1194): Unlingering [100 CELLULAR]
11-20 00:23:49.554 D/ConnectivityService( 1194): Sending CONNECTED broadcast for type 0 [100 CELLULAR] isDefaultNetwork=true
11-20 00:23:51.219 D/commandrouter( 1117): rtc_sync (1, rtc:sync): <ServiceRequest> FORWARDED (remote -> local) service client ID = 0, token ID = 35861
11-20 00:23:51.219 D/commandrouter( 1117): SocServiceHandle::onServiceMessage, SoC Service = rtc_sync, appType = 1, type = SVC_RESP, clientId = 0, token = 35861, payloadLen = 8, result = 0, payload.size() = 8
11-20 00:23:53.667 D/AutofillManagerService( 1194): onBackKeyPressed()
11-20 00:23:56.635 I/chatty  ( 1194): uid=1000(system) android.ui identical 4 lines
11-20 00:23:57.632 D/AutofillManagerService( 1194): onBackKeyPressed()
11-20 00:23:58.204 E/TaskPersister( 1194): File error accessing recents directory (directory doesn't exist?).
11-20 00:23:58.627 D/AutofillManagerService( 1194): onBackKeyPressed()
11-20 00:23:59.619 D/AutofillManagerService( 1194): onBackKeyPressed()
11-20 00:24:00.153 W/ActivityManager( 1194): Invalid packageName: com.facebook.wearable.system.settings/com.facebook.wearable.system.settings.SettingsActivity
11-20 00:24:00.264 I/ActivityTaskManager( 1194): START u0 {flg=0x10000000 cmp=com.facebook.wearable.system.settings/.SettingsActivity} from uid 0
11-20 00:24:00.283 I/ActivityTaskManager( 1194): The Process com.facebook.wearable.system.settings Already Exists in BG. So sending its PID: 3038
11-20 00:24:00.284 W/ActivityTaskManager( 1194): Tried to set launchTime (0) < mLastActivityLaunchTime (30967538)
11-20 00:24:01.206 D/commandrouter( 1117): rtc_sync (1, rtc:sync): <ServiceRequest> FORWARDED (remote -> local) service client ID = 0, token ID = 35862
11-20 00:24:01.206 D/commandrouter( 1117): SocServiceHandle::onServiceMessage, SoC Service = rtc_sync, appType = 1, type = SVC_RESP, clientId = 0, token = 35862, payloadLen = 8, result = 0, payload.size() = 8
11-20 00:24:03.879 E/TaskPersister( 1194): File error accessing recents directory (directory doesn't exist?).
11-20 00:24:06.399 W/ContextImpl( 1194): Calling a method in the system process without a qualified user: android.app.ContextImpl.sendBroadcastMultiplePermissions:1143 android.content.Context.sendBroadcastWithMultiplePermissions:2150 com.android.server.display.WifiDisplayAdapter.handleSendStatusChangeBroadcast:440 com.android.server.display.WifiDisplayAdapter.access$1700:63 com.android.server.display.WifiDisplayAdapter$WifiDisplayHandler.handleMessage:675 
11-20 00:24:07.393 W/ContextImpl( 1194): Calling a method in the system process without a qualified user: android.app.ContextImpl.sendBroadcastMultiplePermissions:1143 android.content.Context.sendBroadcastWithMultiplePermissions:2150 com.android.server.wifi.p2p.WifiP2pServiceImpl$P2pStateMachine.sendBroadcastMultiplePermissions:3209 com.android.server.wifi.p2p.WifiP2pServiceImpl$P2pStateMachine.sendP2pConnectionChangedBroadcast:3236 com.android.server.wifi.p2p.WifiP2pServiceImpl$P2pStateMachine.access$5100:768 
11-20 00:24:07.395 W/BroadcastQueue( 1194): Permission Denial: receiving Intent { act=android.net.wifi.p2p.CONNECTION_STATE_CHANGE flg=0x24000010 (has extras) } to ProcessRecord{ba73 1900:.qtidataservices/u0a89} (pid=1900, uid=10089) requires android.permission.ACCESS_FINE_LOCATION due to sender android (uid 1000)
11-20 00:24:07.402 W/ContextImpl( 1194): Calling a method in the system process without a qualified user: android.app.ContextImpl.sendBroadcastMultiplePermissions:1143 android.content.Context.sendBroadcastWithMultiplePermissions:2150 com.android.server.wifi.p2p.WifiP2pServiceImpl$P2pStateMachine.sendBroadcastMultiplePermissions:3209 com.android.server.wifi.p2p.WifiP2pServiceImpl$P2pStateMachine.sendThisDeviceChangedBroadcast:3218 com.android.server.wifi.p2p.WifiP2pServiceImpl$P2pStateMachine.updateThisDevice:3962 
