11-21 00:33:45.903 E/ConnectivityService( 1186): Exception in networkAddRouteParcel for gateway: android.os.ServiceSpecificException: Machine is not on the network (code 64)
11-21 00:33:45.903 I/Nat464Xlat( 1186): Android Xlat is disabled
11-21 00:33:45.903 I/Nat464Xlat( 1186): Android Xlat is disabled
11-21 00:33:46.030 D/ConnectivityService( 1186): Setting DNS servers for network 171 to [/192.168.1.1]
11-21 00:33:46.039 I/Nat464Xlat( 1186): Android Xlat is disabled
11-21 00:33:46.039 I/Nat464Xlat( 1186): Android Xlat is disabled
11-21 00:33:46.148 D/ConnectivityService( 1186): [171 WIFI] EVENT_NETWORK_INFO_CHANGED, going from UNKNOWN to CONNECTED
11-21 00:33:46.158 D/DnsManager( 1186): sendDnsConfigurationForNetwork(171, [192.168.1.1], [], 1800, 25, 8, 64, 0, 0, , [])
11-21 00:33:46.170 W/DnsManager( 1186): updatePrivateDns(171, PrivateDnsConfig{true:/[]})
11-21 00:33:46.170 D/ConnectivityService( 1186): Setting DNS servers for network 171 to [/192.168.1.1]
11-21 00:33:46.171 D/DnsManager( 1186): sendDnsConfigurationForNetwork(171, [192.168.1.1], [], 1800, 25, 8, 64, 0, 0, , [192.168.1.1])
11-21 00:33:46.173 D/ConnectivityService( 1186): Adding iface wlan0 to network 171
11-21 00:33:46.198 D/ConnectivityService( 1186): Setting DNS servers for network 171 to [/192.168.1.1]
11-21 00:33:46.199 D/DnsManager( 1186): sendDnsConfigurationForNetwork(171, [192.168.1.1], [], 1800, 25, 8, 64, 0, 0, , [192.168.1.1])
11-21 00:33:46.200 I/Nat464Xlat( 1186): Android Xlat is disabled
11-21 00:33:46.201 I/Nat464Xlat( 1186): Android Xlat is disabled
11-21 00:33:46.269 D/ConnectivityService( 1186): NetReassign [no changes]
11-21 00:33:46.478 D/ConnectivityService( 1186): [171 WIFI] validation passed
11-21 00:33:46.478 D/ConnectivityService( 1186): NetReassign [44 : 101 → 171, 1480 : 101 → 171, 11 : 101 → 171, 63 : 101 → 171, 17 : 101 → 171, 25 : 101 → 171, 1438 : 101 → 171, 1 : 101 → 171, 8 : 101 → 171, 654 : 101 → 171, 12 : 101 → 171, 14 : 101 → 171, 16 : 101 → 171, 22 : 101 → 171, 1486 : 101 → 171]
11-21 00:33:46.481 E/NetlinkEvent(  462): NetlinkEvent::FindParam(): Parameter 'INTERFACE' not found
11-21 00:33:46.481 E/NetlinkEvent(  462): NetlinkEvent::FindParam(): Parameter 'STATE' not found
11-21 00:33:46.481 E/NetlinkEvent(  462): NetlinkEvent::FindParam(): Parameter 'TIME_NS' not found
11-21 00:33:46.481 E/NetlinkEvent(  462): NetlinkEvent::FindParam(): Parameter 'UID' not found
11-21 00:33:46.502 D/ConnectivityService( 1186): Switching to new default network: NetworkAgentInfo{ ni{[type: WIFI[], state: CONNECTED/CONNECTED, reason: (unspecified), extra: , failover: false, available: true, roaming: false]}  network{171}  nethandle{737845104653}  lp{{InterfaceName: wlan0 LinkAddresses: [ 192.168.1.41/24 ] DnsAddresses: [ /192.168.1.1 ] Domains: null MTU: 0 ServerAddress: /192.168.1.1 TcpBufferSizes: 524288,1048576,2097152,262144,524288,1048576 Routes: [ fe80::/64 -> :: wlan0 mtu 0,192.168.1.0/24 -> 0.0.0.0 wlan0 mtu 0,0.0.0.0/0 -> 192.168.1.1 wlan0 mtu 0 ]}}  nc{[ Transports: WIFI Capabilities: NOT_METERED&INTERNET&NOT_RESTRICTED&TRUSTED&NOT_VPN&VALIDATED&NOT_ROAMING&FOREGROUND&NOT_CONGESTED&NOT_SUSPENDED LinkUpBandwidth>=61000Kbps LinkDnBandwidth>=61000Kbps SignalStrength: -32 OwnerUid: 1000 SSID: "MTBF_Lab" RequestorUid: -1 RequestorPackageName: null]}  Score{60}  everValidated{true}  lastValidated{true}  created{true} lingering{false} explicitlySelected{false} acceptUnvalidated{false} everCaptivePortalDetected{false} lastCaptivePortalDetected{false} partialConnectivity{false} acceptPartialConnectivity{false} clat{mBaseIface: null, mIface: null, mState: IDLE} }
11-21 00:33:46.627 W/SimpleTimeDetectorStrategy( 1186): Existing suggestion found to be invalid  elapsedRealtimeMillis=117914352, timeSuggestion=TelephonyTimeSuggestion{mSlotIndex='0', mUtcTime=TimestampedValue{mReferenceTimeMillis=57092, mValue=1637365770000}, mDebugInfo=[Sending new time suggestion nitzSignal=TimestampedValue{mReferenceTimeMillis=57092, mValue=NitzData{mOriginalString=21/11/19,23:49:30-32,00, mZoneOffset=-28800000, mDstOffset=0, mCurrentTimeMillis=1637365770000, mEmulatorHostTimeZone=null}}, reason=handleNitzReceived(TimestampedValue{mReferenceTimeMillis=57092, mValue=NitzData{mOriginalString=21/11/19,23:49:30-32,00, mZoneOffset=-28800000, mDstOffset=0, mCurrentTimeMillis=1637365770000, mEmulatorHostTimeZone=null}})]}
11-21 00:33:46.639 D/ConnectivityService( 1186): Lingering [101 CELLULAR] for 30000ms
11-21 00:33:46.641 D/ConnectivityService( 1186): Sending DISCONNECTED broadcast for type 0 [101 CELLULAR] isDefaultNetwork=true
11-21 00:33:46.643 D/ConnectivityService( 1186): Sending CONNECTED broadcast for type 1 [171 WIFI] isDefaultNetwork=true
11-21 00:33:46.734 D/ConnectivityService( 1186): Setting DNS servers for network 171 to [/192.168.1.1]
11-21 00:33:46.735 D/DnsManager( 1186): sendDnsConfigurationForNetwork(171, [192.168.1.1], [], 1800, 25, 8, 64, 0, 0, , [192.168.1.1])
11-21 00:33:46.738 I/Nat464Xlat( 1186): Android Xlat is disabled
11-21 00:33:46.739 I/Nat464Xlat( 1186): Android Xlat is disabled
11-21 00:33:47.754 D/commandrouter( 1006): rtc_sync (1, rtc:sync): <ServiceRequest> FORWARDED (remote -> local) service client ID = 0, token ID = 44554
11-21 00:33:47.755 D/commandrouter( 1006): SocServiceHandle::onServiceMessage, SoC Service = rtc_sync, appType = 1, type = SVC_RESP, clientId = 0, token = 44554, payloadLen = 8, result = 0, payload.size() = 8
11-21 00:33:57.748 D/commandrouter( 1006): rtc_sync (1, rtc:sync): <ServiceRequest> FORWARDED (remote -> local) service client ID = 0, token ID = 44555
11-21 00:33:57.748 D/commandrouter( 1006): SocServiceHandle::onServiceMessage, SoC Service = rtc_sync, appType = 1, type = SVC_RESP, clientId = 0, token = 44555, payloadLen = 8, result = 0, payload.size() = 8
11-21 00:34:05.343 D/AutofillManagerService( 1186): onBackKeyPressed()
11-21 00:34:05.873 I/chatty  ( 1186): uid=1000(system) android.ui identical 1 line
11-21 00:34:06.392 D/AutofillManagerService( 1186): onBackKeyPressed()
11-21 00:34:06.748 W/Looper  ( 1186): Slow dispatch took 207ms main h=com.android.server.accessibility.AbstractAccessibilityServiceConnection$1 c=null m=2048
11-21 00:34:06.748 W/Looper  ( 1186): Slow delivery took 206ms main h=android.os.Handler c=null m=1061
11-21 00:34:06.752 W/Looper  ( 1186): Drained
11-21 00:34:07.610 D/AutofillManagerService( 1186): onBackKeyPressed()
11-21 00:34:07.736 D/commandrouter( 1006): rtc_sync (1, rtc:sync): <ServiceRequest> FORWARDED (remote -> local) service client ID = 0, token ID = 44556
11-21 00:34:07.737 D/commandrouter( 1006): SocServiceHandle::onServiceMessage, SoC Service = rtc_sync, appType = 1, type = SVC_RESP, clientId = 0, token = 44556, payloadLen = 8, result = 0, payload.size() = 8
11-21 00:34:08.182 W/ActivityManager( 1186): Invalid packageName: com.facebook.wearable.system.settings/com.facebook.wearable.system.settings.SettingsActivity
11-21 00:34:08.307 I/ActivityTaskManager( 1186): START u0 {flg=0x10000000 cmp=com.facebook.wearable.system.settings/.SettingsActivity} from uid 0
11-21 00:34:08.326 I/ActivityTaskManager( 1186): The Process com.facebook.wearable.system.settings Already Exists in BG. So sending its PID: 27399
11-21 00:34:08.327 W/ActivityTaskManager( 1186): Tried to set launchTime (0) < mLastActivityLaunchTime (117905023)
11-21 00:34:10.937 E/TaskPersister( 1186): File error accessing recents directory (directory doesn't exist?).
11-21 00:34:15.327 D/commandrouter( 1006): SocServiceHandle::onServiceMessage, SoC Service = mcu_healthcheck_1029, appType = 1, type = SVC_REQ, clientId = 0, token = 3928, payloadLen = 12, result = 0, payload.size() = 12
11-21 00:34:15.332 D/commandrouter( 1006): mcu_healthcheck_1029 (1, merlot:mcu_health:control): <ServiceResponse> FORWARDED (remote -> local) CR token ID = 3928, service client ID = 40, token ID = 45187, result = 0
11-21 00:34:15.332 D/mculinkhealth( 1029): isMcuReachable 1 (7 ms)
11-21 00:34:15.888 D/commandrouter( 1006): SocServiceHandle::onServiceMessage, SoC Service = mcu_healthcheck_934, appType = 1, type = SVC_REQ, clientId = 0, token = 1964, payloadLen = 20, result = 0, payload.size() = 20
11-21 00:34:15.891 D/commandrouter( 1006): mcu_healthcheck_934 (1, merlot:mcu_health:control): <ServiceResponse> FORWARDED (remote -> local) CR token ID = 1964, service client ID = 5, token ID = 45188, result = 0
11-21 00:34:15.898 W/ContextImpl( 1186): Calling a method in the system process without a qualified user: android.app.ContextImpl.sendBroadcastMultiplePermissions:1143 android.content.Context.sendBroadcastWithMultiplePermissions:2150 com.android.server.display.WifiDisplayAdapter.handleSendStatusChangeBroadcast:440 com.android.server.display.WifiDisplayAdapter.access$1700:63 com.android.server.display.WifiDisplayAdapter$WifiDisplayHandler.handleMessage:675 
11-21 00:34:16.359 D/ConnectivityService( 1186): [171 WIFI] EVENT_NETWORK_INFO_CHANGED, going from CONNECTED to DISCONNECTED
11-21 00:34:16.359 D/ConnectivityService( 1186): [171 WIFI] disconnected, was satisfying 26
11-21 00:34:16.459 I/Nat464Xlat( 1186): Android Xlat is disabled
11-21 00:34:16.459 I/Nat464Xlat( 1186): Android Xlat is disabled
11-21 00:34:16.499 D/ConnectivityService( 1186): Sending DISCONNECTED broadcast for type 1 [171 WIFI] isDefaultNetwork=true
11-21 00:34:16.517 D/ConnectivityService( 1186): NetReassign [44 : null → 101, 1480 : null → 101, 11 : null → 101, 63 : null → 101, 17 : null → 101, 25 : null → 101, 1438 : null → 101, 1 : null → 101, 8 : null → 101, 654 : null → 101, 12 : null → 101, 14 : null → 101, 16 : null → 101, 22 : null → 101, 1486 : null → 101]
11-21 00:34:16.533 E/NetlinkEvent(  462): NetlinkEvent::FindParam(): Parameter 'INTERFACE' not found
11-21 00:34:16.533 E/NetlinkEvent(  462): NetlinkEvent::FindParam(): Parameter 'STATE' not found
11-21 00:34:16.533 E/NetlinkEvent(  462): NetlinkEvent::FindParam(): Parameter 'TIME_NS' not found
11-21 00:34:16.533 E/NetlinkEvent(  462): NetlinkEvent::FindParam(): Parameter 'UID' not found
11-21 00:34:16.551 D/ConnectivityService( 1186): Switching to new default network: NetworkAgentInfo{ ni{[type: MOBILE[LTE], state: CONNECTED/CONNECTED, reason: (unspecified), extra: enhancedphone, failover: false, available: true, roaming: false]}  network{101}  nethandle{437197393933}  lp{{InterfaceName: rmnet_data2 LinkAddresses: [ 10.55.48.101/30,2600:381:4804:c4b6:8cdc:8f0b:afe1:ec6b/64 ] DnsAddresses: [ /172.26.38.2,/fc00:a:a::400 ] Domains: null MTU: 1430 TcpBufferSizes: 2097152,4194304,8388608,262144,524288,1048576 Routes: [ 0.0.0.0/0 -> 10.55.48.102 rmnet_data2 mtu 1430,::/0 -> fe80::9db2:334d:2872:1e0a rmnet_data2 mtu 1430,10.55.48.100/30 -> 0.0.0.0 rmnet_data2 mtu 0,2600:381:4804:c4b6::/64 -> :: rmnet_data2 mtu 0 ]}}  nc{[ Transports: CELLULAR Capabilities: MMS&SUPL&FOTA&INTERNET&NOT_RESTRICTED&TRUSTED&NOT_VPN&VALIDATED&NOT_ROAMING&FOREGROUND&NOT_CONGESTED&NOT_SUSPENDED LinkUpBandwidth>=15000Kbps LinkDnBandwidth>=30000Kbps Specifier: <TelephonyNetworkSpecifier [mSubId = 1]> AdministratorUids: [] RequestorUid: -1 RequestorPackageName: null]}  Score{50}  everValidated{true}  lastValidated{true}  created{true} lingering{true} explicitlySelected{false} acceptUnvalidated{false} everCaptivePortalDetected{false} lastCaptivePortalDetected{false} partialConnectivity{false} acceptPartialConnectivity{false} clat{mBaseIface: null, mIface: null, mState: IDLE} }
11-21 00:34:16.714 W/SimpleTimeDetectorStrategy( 1186): Existing suggestion found to be invalid  elapsedRealtimeMillis=117944439, timeSuggestion=TelephonyTimeSuggestion{mSlotIndex='0', mUtcTime=TimestampedValue{mReferenceTimeMillis=57092, mValue=1637365770000}, mDebugInfo=[Sending new time suggestion nitzSignal=TimestampedValue{mReferenceTimeMillis=57092, mValue=NitzData{mOriginalString=21/11/19,23:49:30-32,00, mZoneOffset=-28800000, mDstOffset=0, mCurrentTimeMillis=1637365770000, mEmulatorHostTimeZone=null}}, reason=handleNitzReceived(TimestampedValue{mReferenceTimeMillis=57092, mValue=NitzData{mOriginalString=21/11/19,23:49:30-32,00, mZoneOffset=-28800000, mDstOffset=0, mCurrentTimeMillis=1637365770000, mEmulatorHostTimeZone=null}})]}
11-21 00:34:16.728 D/ConnectivityService( 1186): Unlingering [101 CELLULAR]
11-21 00:34:16.728 D/ConnectivityService( 1186): Sending CONNECTED broadcast for type 0 [101 CELLULAR] isDefaultNetwork=true
11-21 00:34:17.725 D/commandrouter( 1006): rtc_sync (1, rtc:sync): <ServiceRequest> FORWARDED (remote -> local) service client ID = 0, token ID = 44557
11-21 00:34:17.725 D/commandrouter( 1006): SocServiceHandle::onServiceMessage, SoC Service = rtc_sync, appType = 1, type = SVC_RESP, clientId = 0, token = 44557, payloadLen = 8, result = 0, payload.size() = 8
11-21 00:34:20.658 D/AutofillManagerService( 1186): onBackKeyPressed()
11-21 00:34:23.619 I/chatty  ( 1186): uid=1000(system) android.ui identical 4 lines
11-21 00:34:24.629 D/AutofillManagerService( 1186): onBackKeyPressed()
11-21 00:34:25.226 E/TaskPersister( 1186): File error accessing recents directory (directory doesn't exist?).
11-21 00:34:25.624 D/AutofillManagerService( 1186): onBackKeyPressed()
11-21 00:34:26.620 D/AutofillManagerService( 1186): onBackKeyPressed()
11-21 00:34:27.146 W/ActivityManager( 1186): Invalid packageName: com.facebook.wearable.system.settings/com.facebook.wearable.system.settings.SettingsActivity
11-21 00:34:27.252 I/ActivityTaskManager( 1186): START u0 {flg=0x10000000 cmp=com.facebook.wearable.system.settings/.SettingsActivity} from uid 0
11-21 00:34:27.268 I/ActivityTaskManager( 1186): The Process com.facebook.wearable.system.settings Already Exists in BG. So sending its PID: 27399
11-21 00:34:27.269 W/ActivityTaskManager( 1186): Tried to set launchTime (0) < mLastActivityLaunchTime (117936054)
11-21 00:34:27.459 D/AppStorageManager( 1186): BEFORE:: Previous Size: 981012480 Current Size: 980865024
11-21 00:34:27.459 D/AppStorageManager( 1186): AFTER:: Previous Size: 980865024 Current Size: 980865024
11-21 00:34:27.714 D/commandrouter( 1006): rtc_sync (1, rtc:sync): <ServiceRequest> FORWARDED (remote -> local) service client ID = 0, token ID = 44558
11-21 00:34:27.714 D/commandrouter( 1006): SocServiceHandle::onServiceMessage, SoC Service = rtc_sync, appType = 1, type = SVC_RESP, clientId = 0, token = 44558, payloadLen = 8, result = 0, payload.size() = 8
11-21 00:34:30.881 E/TaskPersister( 1186): File error accessing recents directory (directory doesn't exist?).
11-21 00:34:34.022 W/ContextImpl( 1186): Calling a method in the system process without a qualified user: android.app.ContextImpl.sendBroadcastMultiplePermissions:1143 android.content.Context.sendBroadcastWithMultiplePermissions:2150 com.android.server.display.WifiDisplayAdapter.handleSendStatusChangeBroadcast:440 com.android.server.display.WifiDisplayAdapter.access$1700:63 com.android.server.display.WifiDisplayAdapter$WifiDisplayHandler.handleMessage:675 
11-21 00:34:35.070 W/ContextImpl( 1186): Calling a method in the system process without a qualified user: android.app.ContextImpl.sendBroadcastMultiplePermissions:1143 android.content.Context.sendBroadcastWithMultiplePermissions:2150 com.android.server.wifi.p2p.WifiP2pServiceImpl$P2pStateMachine.sendBroadcastMultiplePermissions:3209 com.android.server.wifi.p2p.WifiP2pServiceImpl$P2pStateMachine.sendP2pConnectionChangedBroadcast:3236 com.android.server.wifi.p2p.WifiP2pServiceImpl$P2pStateMachine.access$5100:768 
11-21 00:34:35.071 W/BroadcastQueue( 1186): Permission Denial: receiving Intent { act=android.net.wifi.p2p.CONNECTION_STATE_CHANGE flg=0x24000010 (has extras) } to ProcessRecord{688c834 1907:.qtidataservices/u0a88} (pid=1907, uid=10088) requires android.permission.ACCESS_FINE_LOCATION due to sender android (uid 1000)
11-21 00:34:35.139 W/wificond(  911): Scan is not started. Ignore abort request
11-21 00:34:35.149 W/ContextImpl( 1186): Calling a method in the system process without a qualified user: android.app.ContextImpl.sendBroadcastMultiplePermissions:1143 android.content.Context.sendBroadcastWithMultiplePermissions:2150 com.android.server.wifi.p2p.WifiP2pServiceImpl$P2pStateMachine.sendBroadcastMultiplePermissions:3209 com.android.server.wifi.p2p.WifiP2pServiceImpl$P2pStateMachine.sendThisDeviceChangedBroadcast:3218 com.android.server.wifi.p2p.WifiP2pServiceImpl$P2pStateMachine.updateThisDevice:3962 
11-21 00:34:35.536 D/ConnectivityService( 1186): registerNetworkAgent NetworkAgentInfo{ ni{[type: WIFI[], state: UNKNOWN/IDLE, reason: (unspecified), extra: , failover: false, available: true, roaming: false]}  network{172}  nethandle{742140071949}  lp{{InterfaceName: wlan0 LinkAddresses: [ ] DnsAddresses: [ ] Domains: null MTU: 0 Routes: [ ]}}  nc{[ Transports: WIFI Capabilities: NOT_METERED&INTERNET&NOT_RESTRICTED&TRUSTED&NOT_VPN&NOT_ROAMING&FOREGROUND&NOT_CONGESTED&NOT_SUSPENDED LinkUpBandwidth>=72000Kbps LinkDnBandwidth>=72000Kbps OwnerUid: 1000 SSID: "MTBF_Lab" RequestorUid: -1 RequestorPackageName: null]}  Score{20}  everValidated{false}  lastValidated{false}  created{false} lingering{false} explicitlySelected{false} acceptUnvalidated{false} everCaptivePortalDetected{false} lastCaptivePortalDetected{false} partialConnectivity{false} acceptPartialConnectivity{false} clat{mBaseIface: null, mIface: null, mState: IDLE} }
11-21 00:34:35.555 D/ConnectivityService( 1186): [172 WIFI] EVENT_NETWORK_INFO_CHANGED, going from UNKNOWN to UNKNOWN
11-21 00:34:35.715 D/ConnectivityService( 1186): NetReassign [no changes]
11-21 00:34:35.746 I/Nat464Xlat( 1186): Android Xlat is disabled
11-21 00:34:35.746 I/Nat464Xlat( 1186): Android Xlat is disabled
11-21 00:34:35.868 E/ConnectivityService( 1186): Exception in networkAddRouteParcel for non-gateway: android.os.ServiceSpecificException: Machine is not on the network (code 64)
11-21 00:34:35.871 E/ConnectivityService( 1186): Exception in networkAddRouteParcel for gateway: android.os.ServiceSpecificException: Machine is not on the network (code 64)
11-21 00:34:35.871 I/Nat464Xlat( 1186): Android Xlat is disabled
11-21 00:34:35.871 I/Nat464Xlat( 1186): Android Xlat is disabled
11-21 00:34:35.935 D/ConnectivityService( 1186): Setting DNS servers for network 172 to [/192.168.1.1]
11-21 00:34:35.936 I/Nat464Xlat( 1186): Android Xlat is disabled
11-21 00:34:35.936 I/Nat464Xlat( 1186): Android Xlat is disabled
11-21 00:34:36.021 D/ConnectivityService( 1186): [172 WIFI] EVENT_NETWORK_INFO_CHANGED, going from UNKNOWN to CONNECTED
11-21 00:34:36.031 D/DnsManager( 1186): sendDnsConfigurationForNetwork(172, [192.168.1.1], [], 1800, 25, 8, 64, 0, 0, , [])
11-21 00:34:36.033 W/DnsManager( 1186): updatePrivateDns(172, PrivateDnsConfig{true:/[]})
11-21 00:34:36.033 D/ConnectivityService( 1186): Setting DNS servers for network 172 to [/192.168.1.1]
11-21 00:34:36.034 D/DnsManager( 1186): sendDnsConfigurationForNetwork(172, [192.168.1.1], [], 1800, 25, 8, 64, 0, 0, , [192.168.1.1])
11-21 00:34:36.035 D/ConnectivityService( 1186): Adding iface wlan0 to network 172
11-21 00:34:36.064 D/ConnectivityService( 1186): Setting DNS servers for network 172 to [/192.168.1.1]
11-21 00:34:36.065 D/DnsManager( 1186): sendDnsConfigurationForNetwork(172, [192.168.1.1], [], 1800, 25, 8, 64, 0, 0, , [192.168.1.1])
11-21 00:34:36.066 I/Nat464Xlat( 1186): Android Xlat is disabled
11-21 00:34:36.066 I/Nat464Xlat( 1186): Android Xlat is disabled
11-21 00:34:36.118 D/ConnectivityService( 1186): NetReassign [no changes]
11-21 00:34:36.353 D/ConnectivityService( 1186): [172 WIFI] validation passed
11-21 00:34:36.354 D/ConnectivityService( 1186): NetReassign [44 : 101 → 172, 1480 : 101 → 172, 11 : 101 → 172, 63 : 101 → 172, 17 : 101 → 172, 25 : 101 → 172, 1438 : 101 → 172, 1 : 101 → 172, 8 : 101 → 172, 654 : 101 → 172, 12 : 101 → 172, 14 : 101 → 172, 16 : 101 → 172, 22 : 101 → 172, 1486 : 101 → 172]
11-21 00:34:36.357 E/NetlinkEvent(  462): NetlinkEvent::FindParam(): Parameter 'INTERFACE' not found
11-21 00:34:36.357 E/NetlinkEvent(  462): NetlinkEvent::FindParam(): Parameter 'STATE' not found
11-21 00:34:36.357 E/NetlinkEvent(  462): NetlinkEvent::FindParam(): Parameter 'TIME_NS' not found
11-21 00:34:36.357 E/NetlinkEvent(  462): NetlinkEvent::FindParam(): Parameter 'UID' not found
11-21 00:34:36.376 D/ConnectivityService( 1186): Switching to new default network: NetworkAgentInfo{ ni{[type: WIFI[], state: CONNECTED/CONNECTED, reason: (unspecified), extra: , failover: false, available: true, roaming: false]}  network{172}  nethandle{742140071949}  lp{{InterfaceName: wlan0 LinkAddresses: [ 192.168.1.41/24 ] DnsAddresses: [ /192.168.1.1 ] Domains: null MTU: 0 ServerAddress: /192.168.1.1 TcpBufferSizes: 524288,1048576,2097152,262144,524288,1048576 Routes: [ fe80::/64 -> :: wlan0 mtu 0,192.168.1.0/24 -> 0.0.0.0 wlan0 mtu 0,0.0.0.0/0 -> 192.168.1.1 wlan0 mtu 0 ]}}  nc{[ Transports: WIFI Capabilities: NOT_METERED&INTERNET&NOT_RESTRICTED&TRUSTED&NOT_VPN&VALIDATED&NOT_ROAMING&FOREGROUND&NOT_CONGESTED&NOT_SUSPENDED LinkUpBandwidth>=61000Kbps LinkDnBandwidth>=61000Kbps SignalStrength: -31 OwnerUid: 1000 SSID: "MTBF_Lab" RequestorUid: -1 RequestorPackageName: null]}  Score{60}  everValidated{true}  lastValidated{true}  created{true} lingering{false} explicitlySelected{false} acceptUnvalidated{false} everCaptivePortalDetected{false} lastCaptivePortalDetected{false} partialConnectivity{false} acceptPartialConnectivity{false} clat{mBaseIface: null, mIface: null, mState: IDLE} }
11-21 00:34:36.485 W/SimpleTimeDetectorStrategy( 1186): Existing suggestion found to be invalid  elapsedRealtimeMillis=117964211, timeSuggestion=TelephonyTimeSuggestion{mSlotIndex='0', mUtcTime=TimestampedValue{mReferenceTimeMillis=57092, mValue=1637365770000}, mDebugInfo=[Sending new time suggestion nitzSignal=TimestampedValue{mReferenceTimeMillis=57092, mValue=NitzData{mOriginalString=21/11/19,23:49:30-32,00, mZoneOffset=-28800000, mDstOffset=0, mCurrentTimeMillis=1637365770000, mEmulatorHostTimeZone=null}}, reason=handleNitzReceived(TimestampedValue{mReferenceTimeMillis=57092, mValue=NitzData{mOriginalString=21/11/19,23:49:30-32,00, mZoneOffset=-28800000, mDstOffset=0, mCurrentTimeMillis=1637365770000, mEmulatorHostTimeZone=null}})]}
11-21 00:34:36.498 D/ConnectivityService( 1186): Lingering [101 CELLULAR] for 30000ms
11-21 00:34:36.499 D/ConnectivityService( 1186): Sending DISCONNECTED broadcast for type 0 [101 CELLULAR] isDefaultNetwork=true
11-21 00:34:36.501 D/ConnectivityService( 1186): Sending CONNECTED broadcast for type 1 [172 WIFI] isDefaultNetwork=true
11-21 00:34:36.551 D/ConnectivityService( 1186): Setting DNS servers for network 172 to [/192.168.1.1]
11-21 00:34:36.552 D/DnsManager( 1186): sendDnsConfigurationForNetwork(172, [192.168.1.1], [], 1800, 25, 8, 64, 0, 0, , [192.168.1.1])
11-21 00:34:36.770 I/Nat464Xlat( 1186): Android Xlat is disabled
11-21 00:34:36.770 I/Nat464Xlat( 1186): Android Xlat is disabled
11-21 00:34:37.702 D/commandrouter( 1006): rtc_sync (1, rtc:sync): <ServiceRequest> FORWARDED (remote -> local) service client ID = 0, token ID = 44559
11-21 00:34:37.703 D/commandrouter( 1006): SocServiceHandle::onServiceMessage, SoC Service = rtc_sync, appType = 1, type = SVC_RESP, clientId = 0, token = 44559, payloadLen = 8, result = 0, payload.size() = 8
--------- beginning of main
11-21 00:34:43.136 D/RadioLinkQualityScoreBuilder( 1984): scoreRsrp: 4scoreRsrq: 4scoreRssnr: 3
11-21 00:34:45.141 E/QMI_FW  ( 1042): qmi_cci_get_ref: ref count increased 2
11-21 00:34:45.142 E/QMI_FW  ( 1042): qmi_cci_get_ref: ref count increased 2
11-21 00:34:45.143 E/QMI_FW  ( 1042): qmi_cci_get_ref: ref count increased 2
11-21 00:34:45.333 D/mcu_health_checker( 1029): Sent MCU Health Request
11-21 00:34:45.334 D/commandrouter( 1006): SocServiceHandle::onServiceMessage, SoC Service = mcu_healthcheck_1029, appType = 1, type = SVC_REQ, clientId = 0, token = 3929, payloadLen = 12, result = 0, payload.size() = 12
11-21 00:34:45.339 D/commandrouter( 1006): mcu_healthcheck_1029 (1, merlot:mcu_health:control): <ServiceResponse> FORWARDED (remote -> local) CR token ID = 3929, service client ID = 40, token ID = 45189, result = 0
11-21 00:34:45.339 D/mcu_health_checker( 1029): MCU Health Response: MCU_OK
11-21 00:34:45.339 D/mcu_health_checker( 1029): MCU Session 0, uptime = 117930291 ms
11-21 00:34:45.339 D/mculinkhealth( 1029): isMcuReachable 1 (6 ms)
11-21 00:34:47.698 D/commandrouter( 1006): rtc_sync (1, rtc:sync): <ServiceRequest> FORWARDED (remote -> local) service client ID = 0, token ID = 44560
11-21 00:34:47.699 D/vendor.facebook.rtc_sync@1.0-service( 1145): Request req_ts=1637454887697144644 resp_ts=1637454887699062297
11-21 00:34:47.699 D/commandrouter( 1006): SocServiceHandle::onServiceMessage, SoC Service = rtc_sync, appType = 1, type = SVC_RESP, clientId = 0, token = 44560, payloadLen = 8, result = 0, payload.size() = 8
11-21 00:34:49.510 I/bt_stack( 1710): [INFO:btm_ble_bgconn.cc(420)] Already connection initiated (or) No Pending connections(or) Resources of lcb are exhausted
11-21 00:34:54.024 D/WifiNative( 1186): Scan trigered from WifiNative
11-21 00:34:54.026 D/CompatibilityInfo( 1186): mCompatibilityFlags - 4
11-21 00:34:54.026 D/CompatibilityInfo( 1186): applicationDensity - 320
11-21 00:34:54.026 D/CompatibilityInfo( 1186): applicationScale - 1.0
11-21 00:34:54.026 I/chatty  ( 1026): uid=1021(gps) lowi-server expire 222 lines
11-21 00:34:54.028 V/WifiHAL (  544): event received NL80211_CMD_TRIGGER_SCAN
11-21 00:34:54.034 D/CompatibilityInfo( 1186): mCompatibilityFlags - 4
11-21 00:34:54.034 D/CompatibilityInfo( 1186): applicationDensity - 320
11-21 00:34:54.034 D/CompatibilityInfo( 1186): applicationScale - 1.0
11-21 00:34:54.096 E/WifiHealthMonitor( 1186):  Hit PackageManager exception
11-21 00:34:54.096 E/WifiHealthMonitor( 1186): android.content.pm.PackageManager$NameNotFoundException: No module info for package: com.android.wifi
11-21 00:34:54.096 E/WifiHealthMonitor( 1186): 	at android.app.ApplicationPackageManager.getModuleInfo(ApplicationPackageManager.java:1010)
11-21 00:34:54.096 E/WifiHealthMonitor( 1186): 	at com.android.server.wifi.WifiHealthMonitor.getWifiStackVersion(WifiHealthMonitor.java:336)
11-21 00:34:54.096 E/WifiHealthMonitor( 1186): 	at com.android.server.wifi.WifiMetrics.consolidateProto(WifiMetrics.java:4535)
11-21 00:34:54.096 E/WifiHealthMonitor( 1186): 	at com.android.server.wifi.WifiMetrics.dump(WifiMetrics.java:3217)
11-21 00:34:54.096 E/WifiHealthMonitor( 1186): 	at com.android.server.wifi.WifiServiceImpl.dump(WifiServiceImpl.java:3490)
11-21 00:34:54.096 E/WifiHealthMonitor( 1186): 	at android.os.Binder.doDump(Binder.java:866)
11-21 00:34:54.096 E/WifiHealthMonitor( 1186): 	at android.os.Binder.dump(Binder.java:856)
11-21 00:34:54.096 E/WifiHealthMonitor( 1186): 	at android.os.Binder.onTransact(Binder.java:792)
11-21 00:34:54.096 E/WifiHealthMonitor( 1186): 	at android.net.wifi.IWifiManager$Stub.onTransact(IWifiManager.java:2153)
11-21 00:34:54.096 E/WifiHealthMonitor( 1186): 	at android.os.Binder.execTransactInternal(Binder.java:1154)
11-21 00:34:54.096 E/WifiHealthMonitor( 1186): 	at android.os.Binder.execTransact(Binder.java:1123)
11-21 00:34:54.108 I/WifiMetricsUploadService(29381): size: 6639
11-21 00:34:54.148 V/WifiHAL (  544): event received NL80211_CMD_NEW_SCAN_RESULTS
11-21 00:34:54.164 D/WifiNl80211Manager( 1186): Scan result ready event
11-21 00:34:54.164 D/WifiNative( 1186): Scan result ready event
11-21 00:34:54.167 I/chatty  ( 1026): uid=1021(gps) lowi-server expire 7 lines
11-21 00:34:54.171 D/WificondScannerImpl( 1186): Filtering out 18 scan results.
11-21 00:34:55.294 D/UIAutomatorStub( 6483): URI: /jsonrpc/0, Method: POST, Header: {content-length=102, remote-addr=127.0.0.1, http-client-ip=127.0.0.1, host=localhost:9012, content-type=application/json, accept-encoding=identity}, params, {NanoHttpd.QUERY_STRING=null}, files: {postData={"jsonrpc": "2.0", "method": "pressKey", "id": "55691d9812fda75827b227bd9fc2b658", "params": ["back"]}}
11-21 00:34:55.327 D/AutofillManagerService( 1186): onBackKeyPressed()
11-21 00:34:55.368 D/UIAutomatorStub( 6483): URI: /jsonrpc/0, Method: POST, Header: {content-length=102, remote-addr=127.0.0.1, http-client-ip=127.0.0.1, host=localhost:9012, content-type=application/json, accept-encoding=identity}, params, {NanoHttpd.QUERY_STRING=null}, files: {postData={"jsonrpc": "2.0", "method": "pressKey", "id": "48316ced225cd0b14a4799d89e5209e9", "params": ["back"]}}
11-21 00:34:55.402 W/HWComposer(  598): Ignoring duplicate VSYNC event from HWC for display 0 (t=117983127175199)
11-21 00:34:55.493 E/QMI_FW  ( 1042): qmi_cci_get_ref: ref count increased 2
11-21 00:34:55.493 E/QMI_FW  ( 1042): qmi_cci_get_ref: ref count increased 2
11-21 00:34:55.495 E/QMI_FW  ( 1042): qmi_cci_get_ref: ref count increased 2
11-21 00:34:55.902 I/vendor.rmt_storage(  621): rmt_storage_connect_cb: clnt_h=0x9c conn_h=0x9ea89030
11-21 00:34:55.902 I/vendor.rmt_storage(  621): rmt_storage_rw_iovec_cb: /boot/modem_fs2: req_h=0x9c msg_id=3: R/W request received (wr_count 148)
11-21 00:34:55.902 I/vendor.rmt_storage(  621): wakelock acquired: 1, error no: 11
11-21 00:34:55.902 I/vendor.rmt_storage(  621): rmt_storage_client_thread: /boot/modem_fs2: Unblock worker thread (th_id: -1645932096)
11-21 00:34:55.921 D/UIAutomatorStub( 6483): URI: /jsonrpc/0, Method: POST, Header: {content-length=102, remote-addr=127.0.0.1, http-client-ip=127.0.0.1, host=localhost:9012, content-type=application/json, accept-encoding=identity}, params, {NanoHttpd.QUERY_STRING=null}, files: {postData={"jsonrpc": "2.0", "method": "pressKey", "id": "41cf8f86e394eceb83608986c9af745d", "params": ["back"]}}
11-21 00:34:55.981 I/vendor.rmt_storage(  621): rmt_storage_client_thread: /boot/modem_fs2: req_h=0x9c msg_id=3: Bytes written = 1572864, wr_count 148
11-21 00:34:55.981 I/vendor.rmt_storage(  621): rmt_storage_client_thread: /boot/modem_fs2: req_h=0x9c msg_id=3: Send response: res=0 err=0, wr_count 148
11-21 00:34:55.981 I/vendor.rmt_storage(  621): rmt_storage_client_thread: /boot/modem_fs2: About to block rmt_storage client thread (th_id: -1645932096) wakelock released: 1, error no: 0
11-21 00:34:55.981 I/vendor.rmt_storage(  621): 
11-21 00:34:55.985 I/vendor.rmt_storage(  621): rmt_storage_disconnect_cb: clnt_h=0x9c conn_h=0x9ea89030
11-21 00:34:56.394 D/ActivityTrigger( 1186): ActivityTrigger activityPauseTrigger 
11-21 00:34:56.424 E/ANDR-PERF-JNI( 1186): UXEngine Trigger - Returning null
11-21 00:34:56.438 D/ComplicationController(11143): Starting complication controller. Face Type: OdysseyWatchFace
11-21 00:34:56.438 D/ComplicationDataManagerImpl(11143): Updating complication data for package: com.facebook.wearable.apps.heart, id: com.facebook.wearable.apps.heart.HEART_RATE
11-21 00:34:56.439 D/ComplicationDataManagerImpl(11143): Updating complication data for package: com.facebook.wearable.apps.weather, id: com.facebook.wearable.apps.weather.SHORTCUT_COMPLICATION
11-21 00:34:56.439 D/ComplicationDataManagerImpl(11143): Updating complication data for package: com.facebook.wearable.apps.workout, id: com.facebook.wearable.apps.workout.SHORTCUT_COMPLICATION
11-21 00:34:56.439 D/ComplicationDataManagerImpl(11143): Updating complication data for package: com.facebook.wearable.apps.gallery, id: com.facebook.wearable.apps.gallery.SHORTCUT_COMPLICATION
11-21 00:34:56.439 D/ComplicationDataManagerImpl(11143): Updating complication data for package: com.facebook.wearable.apps.clock, id: com.facebook.wearable.apps.clock.SHORTCUT_COMPLICATION
11-21 00:34:56.439 D/ComplicationDataManagerImpl(11143): Updating complication data for package: com.facebook.wearable.apps.player, id: com.facebook.wearable.apps.player.SHORTCUT_COMPLICATION
11-21 00:34:56.439 D/ComplicationDataManagerImpl(11143): Updating complication data for package: com.facebook.wearable.apps.calendar, id: com.facebook.wearable.apps.calendar.SHORTCUT_COMPLICATION
11-21 00:34:56.461 E/DayDateSystemComplicationProvider(11143): Updating Day Date System Complication
11-21 00:34:56.461 D/ComplicationDataManagerImpl(11143): Updating complication data for package: com.facebook.wearable.apps.calendar, id: com.facebook.wearable.apps.calendar.DAY_DATE_COMPLICATION
11-21 00:34:56.466 D/ComplicationDataManagerImpl(11143): Fetching complication data for package: com.facebook.wearable.apps.calendar, com.facebook.wearable.apps.calendar.DAY_DATE_COMPLICATION.
11-21 00:34:56.467 D/ComplicationDataManagerImpl(11143): Fetching complication data for package: com.facebook.wearable.apps.player, com.facebook.wearable.apps.player.SHORTCUT_COMPLICATION.
11-21 00:34:56.467 D/ComplicationDataManagerImpl(11143): Fetching complication data for package: com.facebook.wearable.apps.gallery, com.facebook.wearable.apps.gallery.SHORTCUT_COMPLICATION.
11-21 00:34:56.467 D/ComplicationDataManagerImpl(11143): Fetching complication data for package: com.facebook.wearable.apps.heart, com.facebook.wearable.apps.heart.HEART_RATE.
11-21 00:34:56.474 D/LauncherActivity(11143): onResume: Intent { cat=[android.intent.category.HOME] flg=0x10000100 cmp=com.facebook.wearable.system.launcher/.LauncherActivity }
11-21 00:34:56.475 D/LauncherIntentProcessor(11143): processLauncherActivityIntent: Intent { cat=[android.intent.category.HOME] flg=0x10000100 cmp=com.facebook.wearable.system.launcher/.LauncherActivity }
11-21 00:34:56.482 D/TetheredPhoneUtil(11143): Retrieving the tethered phone status
11-21 00:34:56.484 D/TetheredPhoneUtil(11143): Found tethered phone status: false
11-21 00:34:56.498 D/FacebookRepository(11143): Reading from Store [250223709649332]
11-21 00:34:56.543 D/CompatibilityInfo( 1186): mCompatibilityFlags - 4
11-21 00:34:56.543 D/CompatibilityInfo( 1186): applicationDensity - 320
11-21 00:34:56.543 D/CompatibilityInfo( 1186): applicationScale - 1.0
11-21 00:34:56.548 D/UIAutomatorStub( 6483): URI: /jsonrpc/0, Method: POST, Header: {content-length=102, remote-addr=127.0.0.1, http-client-ip=127.0.0.1, host=localhost:9012, content-type=application/json, accept-encoding=identity}, params, {NanoHttpd.QUERY_STRING=null}, files: {postData={"jsonrpc": "2.0", "method": "pressKey", "id": "35cf90079cdf832017925a4b54c2537f", "params": ["back"]}}
11-21 00:34:56.565 D/CompatibilityInfo( 1186): mCompatibilityFlags - 4
11-21 00:34:56.565 D/CompatibilityInfo( 1186): applicationDensity - 320
11-21 00:34:56.565 D/CompatibilityInfo( 1186): applicationScale - 1.0
11-21 00:34:56.815 D/CompatibilityInfo( 1186): mCompatibilityFlags - 4
11-21 00:34:56.815 D/CompatibilityInfo( 1186): applicationDensity - 320
11-21 00:34:56.815 D/CompatibilityInfo( 1186): applicationScale - 1.0
11-21 00:34:56.824 D/CompatibilityInfo( 1186): mCompatibilityFlags - 4
11-21 00:34:56.824 D/CompatibilityInfo( 1186): applicationDensity - 320
11-21 00:34:56.824 D/CompatibilityInfo( 1186): applicationScale - 1.0
11-21 00:34:57.010 E/ANDR-PERF-OPTSHANDLER(  552): perf_lock_rel: failed for /sys/class/kgsl/kgsl-3d0/min_pwrlevel as previous value is not stored
11-21 00:34:57.011 E/ANDR-PERF-RESOURCEQS(  552): Failed to reset optimization [3, 0]
11-21 00:34:57.608 D/LauncherActivity(11143): onKeyUp() called with keycode:4, event: KeyEvent { action=ACTION_UP, keyCode=KEYCODE_BACK, scanCode=0, metaState=0, flags=0x200, repeatCount=0, eventTime=117985317, downTime=117985317, deviceId=-1, source=0x101, displayId=-1 }
11-21 00:34:56.376 I/chatty  ( 1186): uid=1000(system) android.ui identical 2 lines
11-21 00:34:57.607 D/AutofillManagerService( 1186): onBackKeyPressed()
11-21 00:34:57.697 D/commandrouter( 1006): rtc_sync (1, rtc:sync): <ServiceRequest> FORWARDED (remote -> local) service client ID = 0, token ID = 44561
11-21 00:34:57.697 D/vendor.facebook.rtc_sync@1.0-service( 1145): Request req_ts=1637454897694062297 resp_ts=1637454897697359064
11-21 00:34:57.697 D/commandrouter( 1006): SocServiceHandle::onServiceMessage, SoC Service = rtc_sync, appType = 1, type = SVC_RESP, clientId = 0, token = 44561, payloadLen = 8, result = 0, payload.size() = 8
11-21 00:34:58.148 W/ActivityManager( 1186): Invalid packageName: com.facebook.wearable.system.settings/com.facebook.wearable.system.settings.SettingsActivity
11-21 00:34:58.275 I/ActivityTaskManager( 1186): START u0 {flg=0x10000000 cmp=com.facebook.wearable.system.settings/.SettingsActivity} from uid 0
11-21 00:34:58.287 D/CompatibilityInfo( 1186): mCompatibilityFlags - 4
11-21 00:34:58.287 D/CompatibilityInfo( 1186): applicationDensity - 320
11-21 00:34:58.287 D/CompatibilityInfo( 1186): applicationScale - 1.0
11-21 00:34:58.294 D/ActivityTrigger( 1186): ActivityTrigger activityPauseTrigger 
11-21 00:34:58.298 I/ActivityTaskManager( 1186): The Process com.facebook.wearable.system.settings Already Exists in BG. So sending its PID: 27399
11-21 00:34:58.298 W/ActivityTaskManager( 1186): Tried to set launchTime (0) < mLastActivityLaunchTime (117954996)
11-21 00:34:58.299 D/CompatibilityInfo( 1186): mCompatibilityFlags - 4
11-21 00:34:58.299 D/CompatibilityInfo( 1186): applicationDensity - 320
11-21 00:34:58.299 D/CompatibilityInfo( 1186): applicationScale - 1.0
11-21 00:34:58.328 D/LauncherActivity(11143): onPause
11-21 00:34:58.385 D/CompatibilityInfo( 1186): mCompatibilityFlags - 4
11-21 00:34:58.385 D/CompatibilityInfo( 1186): applicationDensity - 320
11-21 00:34:58.385 D/CompatibilityInfo( 1186): applicationScale - 1.0
11-21 00:34:58.401 D/TetheredPhoneUtil(11143): Retrieving the tethered phone status
11-21 00:34:58.416 D/TetheredPhoneUtil(11143): Found tethered phone status: false
11-21 00:34:58.438 E/StatusBarClientConnection(27399): Service connected
11-21 00:34:58.499 D/FacebookProvider(25031): Starting SSO Network Fetch for 263529928325379
11-21 00:34:58.501 I/AccountsContentProvider(25031): No Primary Account. Accounts Error [content://com.facebook.wearable.system.accounts.AccountsContentProvider/facebook/263529928325379]
11-21 00:34:58.506 E/DatabaseUtils(25031): Writing exception to parcel
11-21 00:34:58.506 E/DatabaseUtils(25031): java.lang.IllegalStateException: No Primary Account
11-21 00:34:58.506 E/DatabaseUtils(25031): 	at com.facebook.secure.content.AbstractContentProvider.doQuery(:284)
11-21 00:34:58.506 E/DatabaseUtils(25031): 	at com.facebook.secure.content.AbstractContentProvider.query(:8)
11-21 00:34:58.506 E/DatabaseUtils(25031): 	at android.content.ContentProvider.query(ContentProvider.java:1474)
11-21 00:34:58.506 E/DatabaseUtils(25031): 	at android.content.ContentProvider$Transport.query(ContentProvider.java:278)
11-21 00:34:58.506 E/DatabaseUtils(25031): 	at android.content.ContentProviderNative.onTransact(ContentProviderNative.java:106)
11-21 00:34:58.506 E/DatabaseUtils(25031): 	at android.os.Binder.execTransactInternal(Binder.java:1154)
11-21 00:34:58.506 E/DatabaseUtils(25031): 	at android.os.Binder.execTransact(Binder.java:1123)
11-21 00:34:58.508 E/AccountsViewModel(27399): AccountsViewModel.flow failed: No Primary Account
11-21 00:34:58.508 E/AccountsViewModel(27399): java.lang.IllegalStateException: No Primary Account
11-21 00:34:58.508 E/AccountsViewModel(27399): 	at android.os.Parcel.createExceptionOrNull(Parcel.java:2381)
11-21 00:34:58.508 E/AccountsViewModel(27399): 	at android.os.Parcel.createException(Parcel.java:2357)
11-21 00:34:58.508 E/AccountsViewModel(27399): 	at android.os.Parcel.readException(Parcel.java:2340)
11-21 00:34:58.508 E/AccountsViewModel(27399): 	at android.database.DatabaseUtils.readExceptionFromParcel(DatabaseUtils.java:190)
11-21 00:34:58.508 E/AccountsViewModel(27399): 	at android.database.DatabaseUtils.readExceptionFromParcel(DatabaseUtils.java:142)
11-21 00:34:58.508 E/AccountsViewModel(27399): 	at android.content.ContentProviderProxy.query(ContentProviderNative.java:472)
11-21 00:34:58.508 E/AccountsViewModel(27399): 	at android.content.ContentResolver.query(ContentResolver.java:1185)
11-21 00:34:58.508 E/AccountsViewModel(27399): 	at android.content.ContentResolver.query(ContentResolver.java:1116)
11-21 00:34:58.508 E/AccountsViewModel(27399): 	at com.facebook.wearable.common.accounts.contract.WearableAccountsContractRequest.query(:51)
11-21 00:34:58.508 E/AccountsViewModel(27399): 	at kotlin.coroutines.jvm.internal.BaseContinuationImpl.invokeSuspend(:95489)
11-21 00:34:58.508 E/AccountsViewModel(27399): 	at com.facebook.wearable.common.accounts.WearableAccountsKt$fb$1.invoke(:9)
11-21 00:34:58.508 E/AccountsViewModel(27399): 	at com.facebook.wearable.common.coroutines.lazy.LazyAsync.get(:101)
11-21 00:34:58.508 E/AccountsViewModel(27399): 	at kotlin.coroutines.jvm.internal.BaseContinuationImpl.invokeSuspend(:96596)
11-21 00:34:58.508 E/AccountsViewModel(27399): 	at com.facebook.wearable.system.settings.accounts.AccountsViewModel$wearableAccountFlow$1.invoke(:11)
11-21 00:34:58.508 E/AccountsViewModel(27399): 	at kotlinx.coroutines.flow.AbstractFlow.collect$rvp0$0(:72)
11-21 00:34:58.508 E/AccountsViewModel(27399): 	at kotlin.coroutines.jvm.internal.BaseContinuationImpl.invokeSuspend(:95417)
11-21 00:34:58.508 E/AccountsViewModel(27399): 	at kotlinx.coroutines.flow.FlowKt__ShareKt$launchSharing$1$2.invoke(Unknown Source:10)
11-21 00:34:58.508 E/AccountsViewModel(27399): 	at kotlin.coroutines.jvm.internal.BaseContinuationImpl.invokeSuspend(:96715)
11-21 00:34:58.508 E/AccountsViewModel(27399): 	at kotlinx.coroutines.flow.FlowKt__MergeKt$mapLatest$1.invoke(Unknown Source:15)
11-21 00:34:58.508 E/AccountsViewModel(27399): 	at kotlin.coroutines.jvm.internal.BaseContinuationImpl.invokeSuspend(:96820)
11-21 00:34:58.508 E/AccountsViewModel(27399): 	at kotlinx.coroutines.flow.internal.ChannelFlowTransformLatest$flowCollect$3$1$2.invoke(Unknown Source:10)
11-21 00:34:58.508 E/AccountsViewModel(27399): 	at kotlinx.coroutines.CoroutineStart.invoke(:32)
11-21 00:34:58.508 E/AccountsViewModel(27399): 	at kotlinx.coroutines.BuildersKt__Builders_commonKt.launch(:15)
11-21 00:34:58.508 E/AccountsViewModel(27399): 	at kotlinx.coroutines.flow.internal.ChannelFlowTransformLatest$flowCollect$3$invokeSuspend$$inlined$collect$1.emit(:56)
11-21 00:34:58.508 E/AccountsViewModel(27399): 	at kotlinx.coroutines.flow.DistinctFlowImpl$collect$$inlined$collect$1.emit(:74)
11-21 00:34:58.508 E/AccountsViewModel(27399): 	at kotlinx.coroutines.flow.FlowKt__LimitKt$dropWhile$lambda-4$$inlined$collect$1.emit(:114)
11-21 00:34:58.508 E/AccountsViewModel(27399): 	at kotlinx.coroutines.flow.FlowKt__ChannelsKt.emitAllImpl$FlowKt__ChannelsKt(:123)
11-21 00:34:58.508 E/AccountsViewModel(27399): 	at kotlin.coroutines.jvm.internal.BaseContinuationImpl.invokeSuspend(:96917)
11-21 00:34:58.508 E/AccountsViewModel(27399): 	at kotlin.coroutines.jvm.internal.BaseContinuationImpl.resumeWith(:5)
11-21 00:34:58.508 E/AccountsViewModel(27399): 	at kotlinx.coroutines.DispatchedTask.run(:131)
11-21 00:34:58.508 E/AccountsViewModel(27399): 	at java.util.concurrent.Executors$RunnableAdapter.call(Executors.java:462)
11-21 00:34:58.508 E/AccountsViewModel(27399): 	at java.util.concurrent.FutureTask.run(FutureTask.java:266)
11-21 00:34:58.508 E/AccountsViewModel(27399): 	at com.facebook.wearable.common.executors.DelayedFutureTask.run(:22)
11-21 00:34:58.508 E/AccountsViewModel(27399): 	at java.util.concurrent.ThreadPoolExecutor.runWorker(ThreadPoolExecutor.java:1167)
11-21 00:34:58.508 E/AccountsViewModel(27399): 	at java.util.concurrent.ThreadPoolExecutor$Worker.run(ThreadPoolExecutor.java:641)
11-21 00:34:58.508 E/AccountsViewModel(27399): 	at com.facebook.wearable.common.executors.NamedThreadFactory$1.run(:7)
11-21 00:34:58.526 W/View    (27399): requestLayout() improperly called by android.view.View{f47faba V.ED..... ......I. 0,368-474,474} during layout: running second layout pass
11-21 00:34:58.542 W/View    (27399): requestLayout() improperly called by com.facebook.wearable.common.wds.listview.WdsListView{d574ee3 V.E..V... ........ 0,0-474,474} during second layout pass: posting in next frame
11-21 00:34:58.633 I/system_server( 1186): Background young concurrent copying GC freed 363775(14MB) AllocSpace objects, 132(4352KB) LOS objects, 26% free, 53MB/72MB, paused 680us total 312.637ms
11-21 00:34:58.793 D/CompatibilityInfo( 1186): mCompatibilityFlags - 4
11-21 00:34:58.794 D/CompatibilityInfo( 1186): applicationDensity - 320
11-21 00:34:58.794 D/CompatibilityInfo( 1186): applicationScale - 1.0
11-21 00:34:58.810 D/ComplicationController(11143): Stopping complication controller.
11-21 00:34:58.818 D/ComplicationDataManagerImpl(11143): Fetching complication data for package: com.facebook.wearable.apps.calendar, com.facebook.wearable.apps.calendar.DAY_DATE_COMPLICATION.
11-21 00:34:58.819 D/ComplicationDataManagerImpl(11143): Fetching complication data for package: com.facebook.wearable.apps.player, com.facebook.wearable.apps.player.SHORTCUT_COMPLICATION.
11-21 00:34:58.819 D/ComplicationDataManagerImpl(11143): Fetching complication data for package: com.facebook.wearable.apps.gallery, com.facebook.wearable.apps.gallery.SHORTCUT_COMPLICATION.
11-21 00:34:58.819 D/ComplicationDataManagerImpl(11143): Fetching complication data for package: com.facebook.wearable.apps.heart, com.facebook.wearable.apps.heart.HEART_RATE.
11-21 00:34:58.822 D/CompatibilityInfo( 1186): mCompatibilityFlags - 4
11-21 00:34:58.822 D/CompatibilityInfo( 1186): applicationDensity - 320
11-21 00:34:58.822 D/CompatibilityInfo( 1186): applicationScale - 1.0
11-21 00:34:59.375 D/UIAutomatorStub( 6483): URI: /jsonrpc/0, Method: POST, Header: {content-length=192, remote-addr=127.0.0.1, http-client-ip=127.0.0.1, host=localhost:9012, content-type=application/json, accept-encoding=identity}, params, {NanoHttpd.QUERY_STRING=null}, files: {postData={"jsonrpc": "2.0", "method": "waitForExists", "id": "876cbffbb2e5f3fe96dc78ee41d0067f", "params": [{"mask": 1, "childOrSibling": [], "childOrSiblingSelector": [], "text": "Notifications"}, 5]}}
11-21 00:34:59.409 D/UIAutomatorStub( 6483): URI: /jsonrpc/0, Method: POST, Header: {content-length=191, remote-addr=127.0.0.1, http-client-ip=127.0.0.1, host=localhost:9012, content-type=application/json, accept-encoding=identity}, params, {NanoHttpd.QUERY_STRING=null}, files: {postData={"jsonrpc": "2.0", "method": "waitForExists", "id": "6a48b5ff26f695b37f2e64f0cc6c5046", "params": [{"mask": 1, "childOrSibling": [], "childOrSiblingSelector": [], "text": "Connectivity"}, 5]}}
11-21 00:34:59.475 D/UIAutomatorStub( 6483): URI: /jsonrpc/0, Method: POST, Header: {content-length=180, remote-addr=127.0.0.1, http-client-ip=127.0.0.1, host=localhost:9012, content-type=application/json, accept-encoding=identity}, params, {NanoHttpd.QUERY_STRING=null}, files: {postData={"jsonrpc": "2.0", "method": "click", "id": "843d7776750e216d67c8b4cd867fb3aa", "params": [{"mask": 1, "childOrSibling": [], "childOrSiblingSelector": [], "text": "Connectivity"}]}}
11-21 00:34:59.525 E/ANDR-PERF-OPTSHANDLER(  552): Unable to find the correct node storage pointers for                   resource index=16, node path=/proc/sys/kernel/sched_upmigrate
11-21 00:34:59.526 E/ANDR-PERF-RESOURCEQS(  552): Failed to reset optimization [3, 7]
11-21 00:34:59.526 E/ANDR-PERF-OPTSHANDLER(  552): Unable to find the correct node storage pointers for                   resource index=17, node path=/proc/sys/kernel/sched_downmigrate
11-21 00:34:59.526 E/ANDR-PERF-RESOURCEQS(  552): Failed to reset optimization [3, 8]
11-21 00:34:59.526 E/ANDR-PERF-OPTSHANDLER(  552): Perflock resource /sys/module/lpm_levels/parameters/bias_hyst not supported
11-21 00:34:59.526 E/ANDR-PERF-RESOURCEQS(  552): Failed to reset optimization [1, 2]
11-21 00:34:59.526 E/ANDR-PERF-OPTSHANDLER(  552): Perflock resource /proc/sys/kernel/sched_group_upmigrate not supported
11-21 00:34:59.526 E/ANDR-PERF-RESOURCEQS(  552): Failed to reset optimization [3, 21]
11-21 00:34:59.526 E/ANDR-PERF-OPTSHANDLER(  552): Perflock resource /proc/sys/kernel/sched_group_downmigrate not supported
11-21 00:34:59.526 E/ANDR-PERF-RESOURCEQS(  552): Failed to reset optimization [3, 22]
11-21 00:34:59.563 W/StatusBarClientConnection(27399): Messenger is null, ignoring message: { when=-1d8h46m27s289ms barrier=1 }
11-21 00:34:59.590 E/StatusBarClientConnection(27399): Service connected
11-21 00:34:59.620 W/View    (27399): requestLayout() improperly called by android.view.View{9c97da0 V.ED..... ......I. 0,368-474,474} during layout: running second layout pass
11-21 00:34:59.638 W/View    (27399): requestLayout() improperly called by com.facebook.wearable.common.wds.listview.WdsListView{16bf096 V.E..V... ........ 0,0-474,474} during second layout pass: posting in next frame
11-21 00:35:00.003 D/KeyguardUpdateMonitor( 1762): received broadcast android.intent.action.TIME_TICK
11-21 00:35:00.003 D/KeyguardUpdateMonitor( 1762): handleTimeUpdate
11-21 00:35:00.284 E/ANDR-PERF-OPTSHANDLER(  552): perf_lock_rel: failed for /proc/sys/vm/swap_ratio as previous value is not stored
11-21 00:35:00.284 E/ANDR-PERF-OPTSHANDLER(  552): perf_lock_rel: failed for /sys/class/kgsl/kgsl-3d0/min_pwrlevel as previous value is not stored
11-21 00:35:00.286 E/ANDR-PERF-RESOURCEQS(  552): Failed to reset optimization [3, 0]
11-21 00:35:00.983 E/TaskPersister( 1186): File error accessing recents directory (directory doesn't exist?).
11-21 00:35:01.306 W/HWComposer(  598): Ignoring duplicate VSYNC event from HWC for display 0 (t=117989031887072)
11-21 00:35:02.085 E/QMI_FW  ( 1042): qmi_cci_get_ref: ref count increased 2
11-21 00:35:02.085 E/QMI_FW  ( 1042): qmi_cci_get_ref: ref count increased 2
11-21 00:35:02.086 E/QMI_FW  ( 1042): qmi_cci_get_ref: ref count increased 2
11-21 00:35:02.289 E/QMI_FW  (  943): qmi_cci_get_ref: ref count increased 2
11-21 00:35:02.290 E/QMI_FW  ( 1042): qmi_cci_get_ref: ref count increased 2
11-21 00:35:02.301 E/QMI_FW  ( 1042): qmi_cci_get_ref: ref count increased 2
11-21 00:35:02.318 I/chatty  ( 1042): uid=1001(radio) DispatcherModul identical 6 lines
11-21 00:35:02.322 E/QMI_FW  ( 1042): qmi_cci_get_ref: ref count increased 2
11-21 00:35:02.342 E/QMI_FW  ( 1042): qmi_cci_get_ref: ref count increased 2
11-21 00:35:02.347 E/QMI_FW  ( 1042): qmi_cci_get_ref: ref count increased 2
