11-20 20:10:07.471 D/SupplicantStaIfaceHal( 1194): ISupplicant died: cookie=1090201864862689277
11-20 20:10:07.476 E/SupplicantStaIfaceHal( 1194): Can't call getWpaDriverFeatureSet, ISupplicantStaIface is null
11-20 20:10:07.476 I/WifiNative( 1194): Successfully switched to scan mode on iface=Iface:{Name=wlan0,Id=1,Type=STA_SCAN}
11-20 20:10:07.476 W/SupplicantStaIfaceHal( 1194): ISupplicant died: cookie=195
11-20 20:10:07.477 D/WifiClientModeManager1( 1194): entering ScanOnlyModeState
11-20 20:10:07.477 D/WifiScanRequestProxy( 1194): Sending scan available broadcast: true
11-20 20:10:07.478 D/WifiP2pService( 1194): Wifi enabled=false, P2P Interface availability=true
11-20 20:10:07.478 I/WifiScanningService( 1194): Received a request to enable scanning, UID = 1000
11-20 20:10:07.479 I/WifiScanningService( 1194): scanner impls already exists
11-20 20:10:07.480 E/WifiScanningService( 1194): wifi driver loaded received while already loaded
11-20 20:10:07.481 I/WifiScanRequestProxy( 1194): Scanning is enabled
11-20 20:10:07.481 I/WifiScanRequestProxy( 1194): Scanning for hidden networks is disabled
11-20 20:10:07.483 D/WakeupController( 1194): start()
11-20 20:10:07.485 D/WakeupController( 1194): Setting active to true
11-20 20:10:07.510 D/WakeupLock( 1194): Lock set. Number of networks: 1
11-20 20:10:07.513 D/WifiClientModeImpl( 1194): ClientModeImpl: Leaving Connected state
11-20 20:10:07.519 D/WifiCountryCode( 1194): updateCountryCode to US
11-20 20:10:07.521 E/SupplicantStaIfaceHal( 1194): Can't call setCountryCode, ISupplicantStaIface is null
11-20 20:10:07.521 D/WifiCountryCode( 1194): Failed to set country code to: US
11-20 20:10:07.537 E/SupplicantStaIfaceHal( 1194): Can't call listNetworks, ISupplicantStaIface is null
11-20 20:10:07.537 E/SupplicantStaIfaceHal( 1194): removeAllNetworks failed, got null networks
11-20 20:10:07.538 E/WifiClientModeImpl( 1194): Failed to remove networks on exiting connect mode
11-20 20:10:07.540 E/WakeupController( 1194): Unexpected setLastDisconnectInfo when WakeupController is active!
11-20 20:10:07.541 E/WifiVendorHal( 1194): stopRssiMonitoring(l.2106) failed {.code = ERROR_NOT_AVAILABLE, .description = }
11-20 20:10:07.541 D/ConnectivityService( 1194): handleLingerComplete for [100 CELLULAR]
11-20 20:10:07.541 E/SupplicantStaIfaceHal( 1194): Can't call setPowerSave, ISupplicantStaIface is null
11-20 20:10:07.542 E/SupplicantStaIfaceHal( 1194): Can't call setBtCoexistenceMode, ISupplicantStaIface is null
11-20 20:10:07.543 V/WifiClientModeImpl( 1194): stopIpClient IpClientWithPreConnection: false
11-20 20:10:07.543 V/WifiClientModeImpl( 1194): java.lang.Throwable
11-20 20:10:07.543 V/WifiClientModeImpl( 1194): 	at com.android.server.wifi.ClientModeImpl.stopIpClient(ClientModeImpl.java:1127)
11-20 20:10:07.543 V/WifiClientModeImpl( 1194): 	at com.android.server.wifi.ClientModeImpl.stopDhcpSetup(ClientModeImpl.java:1153)
11-20 20:10:07.543 V/WifiClientModeImpl( 1194): 	at com.android.server.wifi.ClientModeImpl.handleNetworkDisconnect(ClientModeImpl.java:2945)
11-20 20:10:07.543 V/WifiClientModeImpl( 1194): 	at com.android.server.wifi.ClientModeImpl.stopClientMode(ClientModeImpl.java:3889)
11-20 20:10:07.543 V/WifiClientModeImpl( 1194): 	at com.android.server.wifi.ClientModeImpl.access$4600(ClientModeImpl.java:176)
11-20 20:10:07.543 V/WifiClientModeImpl( 1194): 	at com.android.server.wifi.ClientModeImpl$ConnectModeState.exit(ClientModeImpl.java:4064)
11-20 20:10:07.543 V/WifiClientModeImpl( 1194): 	at com.android.wifi.x.com.android.internal.util.StateMachine$SmHandler.invokeExitMethods(StateMachine.java:1021)
11-20 20:10:07.543 V/WifiClientModeImpl( 1194): 	at com.android.wifi.x.com.android.internal.util.StateMachine$SmHandler.performTransitions(StateMachine.java:877)
11-20 20:10:07.543 V/WifiClientModeImpl( 1194): 	at com.android.wifi.x.com.android.internal.util.StateMachine$SmHandler.handleMessage(StateMachine.java:819)
11-20 20:10:07.543 V/WifiClientModeImpl( 1194): 	at android.os.Handler.dispatchMessage(Handler.java:106)
11-20 20:10:07.543 V/WifiClientModeImpl( 1194): 	at android.os.Looper.loop(Looper.java:223)
11-20 20:10:07.543 V/WifiClientModeImpl( 1194): 	at android.os.HandlerThread.run(HandlerThread.java:67)
11-20 20:10:07.548 D/QCNEJ/WlanStaInfoRelay( 1900): Received action: android.net.wifi.STATE_CHANGE
11-20 20:10:07.548 D/QCNEJ/WlanStaInfoRelay( 1900): reset CountryCodeRetriever
11-20 20:10:07.549 D/WifiDiags( 1194): stopLogging() iface list is {} after removing wlan0
11-20 20:10:07.549 D/WifiConnector( 2841): Network State Changed
11-20 20:10:07.550 E/WifiVendorHal( 1194): resetLogHandler(l.1558) failed {.code = ERROR_NOT_AVAILABLE, .description = }
11-20 20:10:07.550 W/WifiDiags( 1194): Fail to reset log handler
11-20 20:10:07.551 E/QMI_FW  (  927): qmi_cci_get_ref: ref count increased 2
11-20 20:10:07.552 D/DhcpClient( 1194): doQuit
11-20 20:10:07.554 E/QMI_FW  (  927): qmi_cci_get_ref: ref count increased 2
11-20 20:10:07.557 D/QCNEJ/WwanInfoRelay( 1900): onCapabilitiesChanged: 100 [ Transports: CELLULAR Capabilities: MMS&SUPL&FOTA&INTERNET&NOT_RESTRICTED&TRUSTED&NOT_VPN&VALIDATED&NOT_ROAMING&NOT_CONGESTED&NOT_SUSPENDED LinkUpBandwidth>=15000Kbps LinkDnBandwidth>=30000Kbps Specifier: <TelephonyNetworkSpecifier [mSubId = 1]> AdministratorUids: [] RequestorUid: -1 RequestorPackageName: null]
11-20 20:10:07.559 I/QCNEJ/WwanInfoRelay( 1900): cacheWwanInfo subId = 1 phoneId = 0 slotId = 0
11-20 20:10:07.559 D/ConnectivityService( 1194): [199 WIFI] EVENT_NETWORK_INFO_CHANGED, going from CONNECTED to DISCONNECTED
11-20 20:10:07.559 D/ConnectivityService( 1194): [199 WIFI] disconnected, was satisfying 26
11-20 20:10:07.560 E/QMI_FW  ( 1113): qmi_cci_get_ref: ref count increased 2
11-20 20:10:07.575 E/QMI_FW  ( 1113): qmi_cci_get_ref: ref count increased 2
11-20 20:10:07.582 E/QMI_FW  ( 1113): qmi_cci_get_ref: ref count increased 2
11-20 20:10:07.588 I/chatty  ( 1113): uid=1001(radio) main identical 6 lines
11-20 20:10:07.589 E/QMI_FW  ( 1113): qmi_cci_get_ref: ref count increased 2
11-20 20:10:07.591 E/QMI_FW  ( 1113): qmi_cci_get_ref: ref count increased 2
11-20 20:10:07.592 D/WifiMemoryStoreImpl( 1194): Set cluster Gded792457511e862 for We4936d4057368143: SUCCESS
11-20 20:10:07.596 E/QMI_FW  ( 1113): qmi_cci_get_ref: ref count increased 2
11-20 20:10:07.609 I/chatty  ( 1113): uid=1001(radio) main identical 5 lines
11-20 20:10:07.614 E/QMI_FW  ( 1113): qmi_cci_get_ref: ref count increased 2
11-20 20:10:07.630 I/GnssNetworkConnectivityHandler( 1194): Network connection lost. Available networks count: 1
11-20 20:10:07.630 I/GnssNetworkConnectivityHandler( 1194): updateNetworkState, state=CLOSED, connected=false, network=199, capabilities=[ Transports: WIFI Capabilities: NOT_METERED&INTERNET&NOT_RESTRICTED&TRUSTED&NOT_VPN&VALIDATED&NOT_ROAMING&FOREGROUND&NOT_CONGESTED&NOT_SUSPENDED LinkUpBandwidth>=67000Kbps LinkDnBandwidth>=67000Kbps SignalStrength: -36 OwnerUid: 1000 AdministratorUids: [] SSID: "MTBF_Lab" RequestorUid: -1 RequestorPackageName: null], apn: , availableNetworkCount: 1
11-20 20:10:07.632 W/LocSvc_LocIpc(  523): send:66] failed reason: No such file or directory
11-20 20:10:07.634 D/QCNEJ/DefaultNetworkInfoRelay( 1900): Default network lost: 199
11-20 20:10:07.636 D/QCNEJ/NativeHalConnector( 1900): -> SND notifyDefaultNetworkChanged(1)
11-20 20:10:07.636 D/QCNEJ/WlanStaInfoRelay( 1900): network lost: 199
11-20 20:10:07.645 D/DeviceAuthService(13575): Network lost
11-20 20:10:07.646 I/Nat464Xlat( 1194): Android Xlat is disabled
11-20 20:10:07.651 D/QCNEJ/WlanStaInfoRelay( 1900): onLost: unbind the process to WIFI
11-20 20:10:07.659 D/DhcpClient( 1194): DHCP Packet Handler stopped
11-20 20:10:07.659 D/DhcpClient( 1194): onQuitting
11-20 20:10:07.646 I/Nat464Xlat( 1194): Android Xlat is disabled
11-20 20:10:07.665 D/ConnectivityService( 1194): Sending DISCONNECTED broadcast for type 1 [199 WIFI] isDefaultNetwork=true
11-20 20:10:07.678 D/ConnectivityService( 1194): NetReassign [8 : null  100, 20 : null  100, 46 : null  100, 1932 : null  100, 12 : null  100, 22 : null  100, 16 : null  100, 1330 : null  100, 14 : null  100, 50 : null  100, 18 : null  100, 11 : null  100, 1 : null  100, 17 : null  100, 1935 : null  100]
11-20 20:10:07.682 E/NetlinkEvent(  459): NetlinkEvent::FindParam(): Parameter 'INTERFACE' not found
11-20 20:10:07.682 E/NetlinkEvent(  459): NetlinkEvent::FindParam(): Parameter 'STATE' not found
11-20 20:10:07.682 E/NetlinkEvent(  459): NetlinkEvent::FindParam(): Parameter 'TIME_NS' not found
11-20 20:10:07.682 E/NetlinkEvent(  459): NetlinkEvent::FindParam(): Parameter 'UID' not found
11-20 20:10:07.695 W/MqttClient( 2665): connection/disconnecting; reason=READ_SOCKET, operation=NETWORK_THREAD_LOOP
11-20 20:10:07.698 W/System.err( 2665): DEBUG: com.whatsapp.net.tls13.WtSocketWrapper.sendAlertAndShutdown(:86) : Sending Alert : type : WARNING description : close_notify(0) exception : 
11-20 20:10:07.699 W/System.err( 2665): ERROR: com.whatsapp.net.logging.WtLog.log$REDEX$HQcOuACUrr4(:4) : Encountered exception. Nothing much can be done here. com.whatsapp.net.alerts.WtAlertException
11-20 20:10:07.706 D/WifiMemoryStoreImpl( 1194): Set cluster Gded792457511e862 for Wded792457511e862: SUCCESS
11-20 20:10:07.713 E/WifiNative( 1194): Could not get Iface object for interface null
11-20 20:10:07.713 D/WifiNetworkAgent( 1194): NetworkAgent: NetworkAgent channel lost
11-20 20:10:07.716 W/HWComposer(  577): Ignoring duplicate VSYNC event from HWC for display 0 (t=102151877015354)
11-20 20:10:07.722 D/ConnectivityService( 1194): Switching to new default network: NetworkAgentInfo{ ni{[type: MOBILE[LTE], state: CONNECTED/CONNECTED, reason: (unspecified), extra: nxtgenphone, failover: false, available: true, roaming: false]}  network{100}  nethandle{432902426637}  lp{{InterfaceName: rmnet_data2 LinkAddresses: [ 10.129.103.196/29,2600:380:c119:24f:b89a:9f3c:46c1:95af/64 ] DnsAddresses: [ /172.26.38.1,/fc00:a:a::300 ] Domains: null MTU: 1430 TcpBufferSizes: 2097152,4194304,8388608,262144,524288,1048576 Routes: [ 0.0.0.0/0 -> 10.129.103.197 rmnet_data2 mtu 1430,::/0 -> fe80::b45f:41f1:1846:969d rmnet_data2 mtu 1430,10.129.103.192/29 -> 0.0.0.0 rmnet_data2 mtu 0,2600:380:c119:24f::/64 -> :: rmnet_data2 mtu 0 ]}}  nc{[ Transports: CELLULAR Capabilities: MMS&SUPL&FOTA&INTERNET&NOT_RESTRICTED&TRUSTED&NOT_VPN&VALIDATED&NOT_ROAMING&NOT_CONGESTED&NOT_SUSPENDED LinkUpBandwidth>=15000Kbps LinkDnBandwidth>=30000Kbps Specifier: <TelephonyNetworkSpecifier [mSubId = 1]> AdministratorUids: [] RequestorUid: -1 RequestorPackageName: null]}  Score{50}  everValidated{true}  lastValidated{true}  created{true} lingering{false} explicitlySelected{false} acceptUnvalidated{false} everCaptivePortalDetected{false} lastCaptivePortalDetected{false} partialConnectivity{false} acceptPartialConnectivity{false} clat{mBaseIface: null, mIface: null, mState: IDLE} }
11-20 20:10:07.749 E/SelfCareDataCloudSyncWorker( 2351): Failed to get access token
11-20 20:10:07.749 E/SelfCareDataCloudSyncWorker( 2351): kotlinx.coroutines.JobCancellationException: Job was cancelled; job=JobImpl{Cancelling}@65fa6cd
11-20 20:10:07.775 I/WM-WorkerWrapper( 2351): Work [ id=41176d4d-428f-4560-a8c8-961a1631ba8f, tags={ com.facebook.wearable.system.selfcare.cloudsync.SelfCareDataCloudSyncWorker } ] was cancelled
11-20 20:10:07.775 I/WM-WorkerWrapper( 2351): java.util.concurrent.CancellationException: Task was cancelled.
11-20 20:10:07.775 I/WM-WorkerWrapper( 2351): 	at androidx.work.impl.utils.futures.AbstractFuture.getDoneValue(:32)
11-20 20:10:07.775 I/WM-WorkerWrapper( 2351): 	at androidx.work.impl.utils.futures.AbstractFuture.get(:268435546)
11-20 20:10:07.775 I/WM-WorkerWrapper( 2351): 	at androidx.work.impl.WorkerWrapper$2.run(:3)
11-20 20:10:07.775 I/WM-WorkerWrapper( 2351): 	at androidx.work.impl.utils.SerialExecutor$Task.run(:2)
11-20 20:10:07.775 I/WM-WorkerWrapper( 2351): 	at java.util.concurrent.ThreadPoolExecutor.runWorker(ThreadPoolExecutor.java:1167)
11-20 20:10:07.775 I/WM-WorkerWrapper( 2351): 	at java.util.concurrent.ThreadPoolExecutor$Worker.run(ThreadPoolExecutor.java:641)
11-20 20:10:07.775 I/WM-WorkerWrapper( 2351): 	at java.lang.Thread.run(Thread.java:923)
11-20 20:10:07.848 E/WifiNative( 1194): Could not get Iface object for interface null
11-20 20:10:07.865 D/DeviceAuthService(13575): Network connected
11-20 20:10:07.865 D/DeviceAuthService(13575): fetchAuthTokenWrapper called
11-20 20:10:07.876 D/QCNEJ/DefaultNetworkInfoRelay( 1900): Default network available: 100
11-20 20:10:07.877 D/QCNEJ/NativeHalConnector( 1900): -> SND notifyDefaultNetworkChanged(0)
11-20 20:10:07.880 E/DeviceAuthenticator(13575): Failed to resolve oculus.com
11-20 20:10:07.880 D/DeviceAuthService(13575): isOculusAddressResolvable returned false
11-20 20:10:07.880 D/DeviceAuthService(13575): network is still available, run handler
11-20 20:10:07.881 E/QMI_FW  (  927): qmi_cci_get_ref: ref count increased 2
11-20 20:10:07.884 E/QMI_FW  (  927): qmi_cci_get_ref: ref count increased 2
11-20 20:10:07.894 V/LigerRadioStatsReporter( 2384): onCapabilitiesChanged: Network capabilities changed
11-20 20:10:07.895 V/LigerRadioStatsReporter( 2384): reportAndCheckpointRadioStats
11-20 20:10:07.895 D/NetworkTimeUpdateService( 1194): New default network 100; checking time.
11-20 20:10:07.896 V/LigerRadioStatsReporter( 2384): +++++++++++ RADIO STATS DUMP +++++++++++
11-20 20:10:07.896 V/LigerRadioStatsReporter( 2384): totalActiveRadioTimeMs=0
11-20 20:10:07.896 V/LigerRadioStatsReporter( 2384): totalTailRadioTimeMs=13995
11-20 20:10:07.896 V/LigerRadioStatsReporter( 2384): totalWakeupCount=0
11-20 20:10:07.896 V/LigerRadioStatsReporter( 2384): httpUpBytes=0
11-20 20:10:07.896 V/LigerRadioStatsReporter( 2384): httpDownBytes=0
11-20 20:10:07.896 V/LigerRadioStatsReporter( 2384): httpWakeupCount=0
11-20 20:10:07.896 V/LigerRadioStatsReporter( 2384): httpRequestCount=0
11-20 20:10:07.896 V/LigerRadioStatsReporter( 2384): httpActiveRadioTimeMs=0
11-20 20:10:07.896 V/LigerRadioStatsReporter( 2384): httpTailRadioTimeMs=13995
11-20 20:10:07.896 V/LigerRadioStatsReporter( 2384): reportAndCheckpointRadioStats: Tx=0
11-20 20:10:07.896 V/LigerRadioStatsReporter( 2384): reportAndCheckpointRadioStats: Rx=0
11-20 20:10:07.896 V/LigerRadioStatsReporter( 2384): reportAndCheckpointRadioStats: Uids=10028
11-20 20:10:07.896 V/LigerRadioStatsReporter( 2384): reportAndCheckpointRadioStats: Tags=null
11-20 20:10:07.898 W/SimpleTimeDetectorStrategy( 1194): Existing suggestion found to be invalid  elapsedRealtimeMillis=102152059, timeSuggestion=TelephonyTimeSuggestion{mSlotIndex='0', mUtcTime=TimestampedValue{mReferenceTimeMillis=2542243, mValue=1637368197000}, mDebugInfo=[Sending new time suggestion nitzSignal=TimestampedValue{mReferenceTimeMillis=2542243, mValue=NitzData{mOriginalString=21/11/20,00:29:57-32,00, mZoneOffset=-28800000, mDstOffset=0, mCurrentTimeMillis=1637368197000, mEmulatorHostTimeZone=null}}, reason=handleNitzReceived(TimestampedValue{mReferenceTimeMillis=2542243, mValue=NitzData{mOriginalString=21/11/20,00:29:57-32,00, mZoneOffset=-28800000, mDstOffset=0, mCurrentTimeMillis=1637368197000, mEmulatorHostTimeZone=null}})]}
11-20 20:10:07.934 D/QCNEJ/WwanInfoRelay( 1900): onCapabilitiesChanged: 100 [ Transports: CELLULAR Capabilities: MMS&SUPL&FOTA&INTERNET&NOT_RESTRICTED&TRUSTED&NOT_VPN&VALIDATED&NOT_ROAMING&FOREGROUND&NOT_CONGESTED&NOT_SUSPENDED LinkUpBandwidth>=15000Kbps LinkDnBandwidth>=30000Kbps Specifier: <TelephonyNetworkSpecifier [mSubId = 1]> AdministratorUids: [] RequestorUid: -1 RequestorPackageName: null]
11-20 20:10:07.936 I/QCNEJ/WwanInfoRelay( 1900): cacheWwanInfo subId = 1 phoneId = 0 slotId = 0
11-20 20:10:07.939 D/ConnectivityService( 1194): Sending CONNECTED broadcast for type 0 [100 CELLULAR] isDefaultNetwork=true
11-20 20:10:07.952 V/LigerRadioStatsReporter( 2384): onCapabilitiesChanged: Network capabilities changed
11-20 20:10:08.007 D/CompatibilityInfo( 1194): mCompatibilityFlags - 4
11-20 20:10:08.008 D/CompatibilityInfo( 1194): applicationDensity - 320
11-20 20:10:08.008 D/CompatibilityInfo( 1194): applicationScale - 1.0
11-20 20:10:08.113 D/SettingsSDK::SyncHelper( 2351): Read setting com.facebook.wearable.sdk.selfcare:SELFCARE_SERVICE_ENABLED from persistent cache
11-20 20:10:08.114 D/FacebookRepository( 2351): Reading from Store [906581286488774]
11-20 20:10:08.172 I/em.notificatio( 2665): Background concurrent copying GC freed 273337(13MB) AllocSpace objects, 124(4144KB) LOS objects, 84% free, 3258KB/21MB, paused 156us total 125.114ms
11-20 20:10:08.172 W/em.notificatio( 2665): Reducing the number of considered missed Gc histogram windows from 264 to 100
