11-20 12:44:15.487 D/WirelessInsightServiceImpl( 1975): onSignalStrengthsChanged: SignalStrength = SignalStrength:{mCdma=CellSignalStrengthCdma: cdmaDbm=2147483647 cdmaEcio=2147483647 evdoDbm=2147483647 evdoEcio=2147483647 evdoSnr=2147483647 level=0,mGsm=CellSignalStrengthGsm: rssi=2147483647 ber=2147483647 mTa=2147483647 mLevel=0,mWcdma=CellSignalStrengthWcdma: ss=2147483647 ber=2147483647 rscp=2147483647 ecno=2147483647 level=0,mTdscdma=CellSignalStrengthTdscdma: rssi=2147483647 ber=2147483647 rscp=2147483647 level=0,mLte=CellSignalStrengthLte: rssi=-77 rsrp=-113 rsrq=-16 rssnr=2 cqi=2147483647 ta=2147483647 level=1 parametersUseForLevel=0,mNr=CellSignalStrengthNr:{ csiRsrp = 2147483647 csiRsrq = 2147483647 csiSinr = 2147483647 ssRsrp = 2147483647 ssRsrq = 2147483647 ssSinr = 2147483647 level = 0 parametersUseForLevel = 0 },primary=CellSignalStrengthLte}
11-20 12:44:15.487 D/WirelessInsightServiceImpl( 1975): Score: 1
11-20 12:44:15.487 D/WirelessInsightServiceImpl( 1975): notifyListeners: listeners = 0, score = 1
11-20 12:44:16.959 I/chatty  ( 1194): uid=1000(system) WifiScanningSer expire 2 lines
11-20 12:44:16.961 I/chatty  ( 1024): uid=1021(gps) lowi-server expire 222 lines
11-20 12:44:16.962 V/WifiHAL (  539): event received NL80211_CMD_TRIGGER_SCAN
11-20 12:44:17.086 V/WifiHAL (  539): event received NL80211_CMD_NEW_SCAN_RESULTS
11-20 12:44:17.087 I/chatty  ( 1194): uid=1000(system) Binder:1194_1 expire 6 lines
11-20 12:44:17.105 I/chatty  ( 1024): uid=1021(gps) lowi-server expire 7 lines
11-20 12:44:18.301 D/UIAutomatorStub(26556): URI: /jsonrpc/0, Method: POST, Header: {content-length=102, remote-addr=127.0.0.1, http-client-ip=127.0.0.1, host=localhost:9010, content-type=application/json, accept-encoding=identity}, params, {NanoHttpd.QUERY_STRING=null}, files: {postData={"jsonrpc": "2.0", "method": "pressKey", "id": "5251c9047d283f741ea9fbc8535bae2b", "params": ["back"]}}
11-20 12:44:18.328 D/AutofillManagerService( 1194): onBackKeyPressed()
11-20 12:44:18.359 D/UIAutomatorStub(26556): URI: /jsonrpc/0, Method: POST, Header: {content-length=102, remote-addr=127.0.0.1, http-client-ip=127.0.0.1, host=localhost:9010, content-type=application/json, accept-encoding=identity}, params, {NanoHttpd.QUERY_STRING=null}, files: {postData={"jsonrpc": "2.0", "method": "pressKey", "id": "4e1e71403fea7490da804782820a8ae4", "params": ["back"]}}
11-20 12:44:18.944 D/UIAutomatorStub(26556): URI: /jsonrpc/0, Method: POST, Header: {content-length=102, remote-addr=127.0.0.1, http-client-ip=127.0.0.1, host=localhost:9010, content-type=application/json, accept-encoding=identity}, params, {NanoHttpd.QUERY_STRING=null}, files: {postData={"jsonrpc": "2.0", "method": "pressKey", "id": "2833510abe73b2b9fcb710740b11cbf2", "params": ["back"]}}
11-20 12:44:19.309 E/QMI_FW  ( 1113): qmi_cci_get_ref: ref count increased 2
11-20 12:44:19.311 E/QMI_FW  ( 1113): qmi_cci_get_ref: ref count increased 2
11-20 12:44:19.322 I/WearableConnectivityManager( 4420): LTE Signal strength is: 1
11-20 12:44:19.322 I/WearableConnectivityManager( 4420): Cellular Signal strength is: 1
11-20 12:44:19.323 D/RadioLinkQualityScoreBuilder( 1975): scoreRsrp: 2scoreRsrq: 2scoreRssnr: 3
11-20 12:44:19.323 D/WirelessInsightServiceImpl( 1975): onSignalStrengthsChanged: SignalStrength = SignalStrength:{mCdma=CellSignalStrengthCdma: cdmaDbm=2147483647 cdmaEcio=2147483647 evdoDbm=2147483647 evdoEcio=2147483647 evdoSnr=2147483647 level=0,mGsm=CellSignalStrengthGsm: rssi=2147483647 ber=2147483647 mTa=2147483647 mLevel=0,mWcdma=CellSignalStrengthWcdma: ss=2147483647 ber=2147483647 rscp=2147483647 ecno=2147483647 level=0,mTdscdma=CellSignalStrengthTdscdma: rssi=2147483647 ber=2147483647 rscp=2147483647 level=0,mLte=CellSignalStrengthLte: rssi=-79 rsrp=-113 rsrq=-14 rssnr=8 cqi=2147483647 ta=2147483647 level=1 parametersUseForLevel=0,mNr=CellSignalStrengthNr:{ csiRsrp = 2147483647 csiRsrq = 2147483647 csiSinr = 2147483647 ssRsrp = 2147483647 ssRsrq = 2147483647 ssSinr = 2147483647 level = 0 parametersUseForLevel = 0 },primary=CellSignalStrengthLte}
11-20 12:44:19.323 D/WirelessInsightServiceImpl( 1975): Score: 2
11-20 12:44:19.323 D/WirelessInsightServiceImpl( 1975): notifyListeners: listeners = 0, score = 2
11-20 12:44:19.430 I/chatty  ( 1194): uid=1000 system_server expire 1 line
11-20 12:44:19.446 D/ComplicationController( 4420): Starting complication controller. Face Type: OdysseyWatchFace
11-20 12:44:19.447 D/ComplicationDataManagerImpl( 4420): Updating complication data for package: com.facebook.wearable.apps.gallery, id: com.facebook.wearable.apps.gallery.SHORTCUT_COMPLICATION
11-20 12:44:19.447 D/ComplicationDataManagerImpl( 4420): Updating complication data for package: com.facebook.wearable.apps.workout, id: com.facebook.wearable.apps.workout.SHORTCUT_COMPLICATION
11-20 12:44:19.447 D/ComplicationDataManagerImpl( 4420): Updating complication data for package: com.facebook.wearable.apps.weather, id: com.facebook.wearable.apps.weather.SHORTCUT_COMPLICATION
11-20 12:44:19.447 D/ComplicationDataManagerImpl( 4420): Updating complication data for package: com.facebook.wearable.apps.player, id: com.facebook.wearable.apps.player.SHORTCUT_COMPLICATION
11-20 12:44:19.447 D/ComplicationDataManagerImpl( 4420): Updating complication data for package: com.facebook.wearable.apps.clock, id: com.facebook.wearable.apps.clock.SHORTCUT_COMPLICATION
11-20 12:44:19.447 D/ComplicationDataManagerImpl( 4420): Updating complication data for package: com.facebook.wearable.apps.calendar, id: com.facebook.wearable.apps.calendar.SHORTCUT_COMPLICATION
11-20 12:44:19.447 D/ComplicationDataManagerImpl( 4420): Updating complication data for package: com.facebook.wearable.apps.heart, id: com.facebook.wearable.apps.heart.HEART_RATE
11-20 12:44:19.450 E/DayDateSystemComplicationProvider( 4420): Updating Day Date System Complication
11-20 12:44:19.451 D/ComplicationDataManagerImpl( 4420): Updating complication data for package: com.facebook.wearable.apps.calendar, id: com.facebook.wearable.apps.calendar.DAY_DATE_COMPLICATION
11-20 12:44:19.463 D/ComplicationDataManagerImpl( 4420): Fetching complication data for package: com.facebook.wearable.apps.calendar, com.facebook.wearable.apps.calendar.DAY_DATE_COMPLICATION.
11-20 12:44:19.465 D/ComplicationDataManagerImpl( 4420): Fetching complication data for package: com.facebook.wearable.apps.player, com.facebook.wearable.apps.player.SHORTCUT_COMPLICATION.
11-20 12:44:19.465 D/ComplicationDataManagerImpl( 4420): Fetching complication data for package: com.facebook.wearable.apps.gallery, com.facebook.wearable.apps.gallery.SHORTCUT_COMPLICATION.
11-20 12:44:19.466 D/ComplicationDataManagerImpl( 4420): Fetching complication data for package: com.facebook.wearable.apps.heart, com.facebook.wearable.apps.heart.HEART_RATE.
11-20 12:44:19.527 D/LauncherActivity( 4420): onResume: Intent { cat=[android.intent.category.HOME] flg=0x10000100 cmp=com.facebook.wearable.system.launcher/.LauncherActivity }
11-20 12:44:19.528 D/LauncherIntentProcessor( 4420): processLauncherActivityIntent: Intent { cat=[android.intent.category.HOME] flg=0x10000100 cmp=com.facebook.wearable.system.launcher/.LauncherActivity }
11-20 12:44:19.550 D/FacebookRepository( 4420): Reading from Store [250223709649332]
11-20 12:44:19.575 I/chatty  ( 1194): uid=1000(system) ActivityManager expire 12 lines
11-20 12:44:18.862 I/chatty  ( 1194): uid=1000(system) android.ui identical 1 line
11-20 12:44:19.387 D/AutofillManagerService( 1194): onBackKeyPressed()
11-20 12:44:19.718 D/commandrouter( 1117): rtc_sync (1, rtc:sync): <ServiceRequest> FORWARDED (remote -> local) service client ID = 0, token ID = 40304
11-20 12:44:19.718 D/vendor.facebook.rtc_sync@1.0-service( 1129): Request req_ts=1637412259707704789 resp_ts=1637412259718769161
11-20 12:44:19.720 D/commandrouter( 1117): SocServiceHandle::onServiceMessage, SoC Service = rtc_sync, appType = 1, type = SVC_RESP, clientId = 0, token = 40304, payloadLen = 8, result = 0, payload.size() = 8
11-20 12:44:19.905 D/UIAutomatorStub(26556): URI: /jsonrpc/0, Method: POST, Header: {content-length=102, remote-addr=127.0.0.1, http-client-ip=127.0.0.1, host=localhost:9010, content-type=application/json, accept-encoding=identity}, params, {NanoHttpd.QUERY_STRING=null}, files: {postData={"jsonrpc": "2.0", "method": "pressKey", "id": "385a4d35f8e5d1c82600d8f9e761dc60", "params": ["back"]}}
11-20 12:44:20.019 E/ANDR-PERF-OPTSHANDLER(  557): perf_lock_rel: failed for /sys/class/kgsl/kgsl-3d0/min_pwrlevel as previous value is not stored
11-20 12:44:20.020 E/ANDR-PERF-RESOURCEQS(  557): Failed to reset optimization [3, 0]
11-20 12:44:20.616 D/AutofillManagerService( 1194): onBackKeyPressed()
11-20 12:44:20.617 D/LauncherActivity( 4420): onKeyUp() called with keycode:4, event: KeyEvent { action=ACTION_UP, keyCode=KEYCODE_BACK, scanCode=0, metaState=0, flags=0x200, repeatCount=0, eventTime=75406865, downTime=75406865, deviceId=-1, source=0x101, displayId=-1 }
11-20 12:44:21.150 W/ActivityManager( 1194): Invalid packageName: com.facebook.wearable.system.settings/com.facebook.wearable.system.settings.SettingsActivity
11-20 12:44:21.152 I/cmd     (30864): oneway function results will be dropped but finished with status OK and parcel size 4
11-20 12:44:21.278 I/ActivityTaskManager( 1194): START u0 {flg=0x10000000 cmp=com.facebook.wearable.system.settings/.SettingsActivity} from uid 0
11-20 12:44:21.288 I/chatty  ( 1194): uid=1000(system) Binder:1194_D expire 7 lines
11-20 12:44:21.292 I/ActivityTaskManager( 1194): The Process com.facebook.wearable.system.settings Already Exists in BG. So sending its PID: 26117
11-20 12:44:21.293 W/ActivityTaskManager( 1194): Tried to set launchTime (0) < mLastActivityLaunchTime (75376548)
11-20 12:44:21.315 I/cmd     (30869): oneway function results will be dropped but finished with status OK and parcel size 4
11-20 12:44:21.323 D/LauncherActivity( 4420): onPause
11-20 12:44:21.346 D/AppStorageManager( 1194): BEFORE:: Previous Size: 887209984 Current Size: 887156736
11-20 12:44:21.346 D/AppStorageManager( 1194): AFTER:: Previous Size: 887156736 Current Size: 887156736
11-20 12:44:21.417 E/StatusBarClientConnection(26117): Service connected
11-20 12:44:21.433 W/View    (26117): requestLayout() improperly called by android.view.View{d18f1f5 V.ED..... ......I. 0,368-474,474} during layout: running second layout pass
11-20 12:44:21.451 W/View    (26117): requestLayout() improperly called by com.facebook.wearable.common.wds.listview.WdsListView{d43aa2e V.E..V... ........ 0,0-474,474} during second layout pass: posting in next frame
11-20 12:44:21.455 D/FacebookProvider(25411): Starting SSO Network Fetch for 263529928325379
11-20 12:44:21.457 I/AccountsContentProvider(25411): No Primary Account. Accounts Error [content://com.facebook.wearable.system.accounts.AccountsContentProvider/facebook/263529928325379]
11-20 12:44:21.463 E/DatabaseUtils(25411): Writing exception to parcel
11-20 12:44:21.463 E/DatabaseUtils(25411): java.lang.IllegalStateException: No Primary Account
11-20 12:44:21.463 E/DatabaseUtils(25411): 	at com.facebook.secure.content.AbstractContentProvider.doQuery(:284)
11-20 12:44:21.463 E/DatabaseUtils(25411): 	at com.facebook.secure.content.AbstractContentProvider.query(:8)
11-20 12:44:21.463 E/DatabaseUtils(25411): 	at android.content.ContentProvider.query(ContentProvider.java:1474)
11-20 12:44:21.463 E/DatabaseUtils(25411): 	at android.content.ContentProvider$Transport.query(ContentProvider.java:278)
11-20 12:44:21.463 E/DatabaseUtils(25411): 	at android.content.ContentProviderNative.onTransact(ContentProviderNative.java:106)
11-20 12:44:21.463 E/DatabaseUtils(25411): 	at android.os.Binder.execTransactInternal(Binder.java:1154)
11-20 12:44:21.463 E/DatabaseUtils(25411): 	at android.os.Binder.execTransact(Binder.java:1123)
11-20 12:44:21.465 E/AccountsViewModel(26117): AccountsViewModel.flow failed: No Primary Account
11-20 12:44:21.465 E/AccountsViewModel(26117): java.lang.IllegalStateException: No Primary Account
11-20 12:44:21.465 E/AccountsViewModel(26117): 	at android.os.Parcel.createExceptionOrNull(Parcel.java:2381)
11-20 12:44:21.465 E/AccountsViewModel(26117): 	at android.os.Parcel.createException(Parcel.java:2357)
11-20 12:44:21.465 E/AccountsViewModel(26117): 	at android.os.Parcel.readException(Parcel.java:2340)
11-20 12:44:21.465 E/AccountsViewModel(26117): 	at android.database.DatabaseUtils.readExceptionFromParcel(DatabaseUtils.java:190)
11-20 12:44:21.465 E/AccountsViewModel(26117): 	at android.database.DatabaseUtils.readExceptionFromParcel(DatabaseUtils.java:142)
11-20 12:44:21.465 E/AccountsViewModel(26117): 	at android.content.ContentProviderProxy.query(ContentProviderNative.java:472)
11-20 12:44:21.465 E/AccountsViewModel(26117): 	at android.content.ContentResolver.query(ContentResolver.java:1185)
11-20 12:44:21.465 E/AccountsViewModel(26117): 	at android.content.ContentResolver.query(ContentResolver.java:1116)
11-20 12:44:21.465 E/AccountsViewModel(26117): 	at com.facebook.wearable.common.accounts.contract.WearableAccountsContractRequest.query(:51)
11-20 12:44:21.465 E/AccountsViewModel(26117): 	at kotlin.coroutines.jvm.internal.BaseContinuationImpl.invokeSuspend(:95489)
11-20 12:44:21.465 E/AccountsViewModel(26117): 	at com.facebook.wearable.common.accounts.WearableAccountsKt$fb$1.invoke(:9)
11-20 12:44:21.465 E/AccountsViewModel(26117): 	at com.facebook.wearable.common.coroutines.lazy.LazyAsync.get(:101)
11-20 12:44:21.465 E/AccountsViewModel(26117): 	at kotlin.coroutines.jvm.internal.BaseContinuationImpl.invokeSuspend(:96596)
11-20 12:44:21.465 E/AccountsViewModel(26117): 	at com.facebook.wearable.system.settings.accounts.AccountsViewModel$wearableAccountFlow$1.invoke(:11)
11-20 12:44:21.465 E/AccountsViewModel(26117): 	at kotlinx.coroutines.flow.AbstractFlow.collect$rvp0$0(:72)
11-20 12:44:21.465 E/AccountsViewModel(26117): 	at kotlin.coroutines.jvm.internal.BaseContinuationImpl.invokeSuspend(:95417)
11-20 12:44:21.465 E/AccountsViewModel(26117): 	at kotlinx.coroutines.flow.FlowKt__ShareKt$launchSharing$1$2.invoke(Unknown Source:10)
11-20 12:44:21.465 E/AccountsViewModel(26117): 	at kotlin.coroutines.jvm.internal.BaseContinuationImpl.invokeSuspend(:96715)
11-20 12:44:21.465 E/AccountsViewModel(26117): 	at kotlinx.coroutines.flow.FlowKt__MergeKt$mapLatest$1.invoke(Unknown Source:15)
11-20 12:44:21.465 E/AccountsViewModel(26117): 	at kotlin.coroutines.jvm.internal.BaseContinuationImpl.invokeSuspend(:96820)
11-20 12:44:21.465 E/AccountsViewModel(26117): 	at kotlinx.coroutines.flow.internal.ChannelFlowTransformLatest$flowCollect$3$1$2.invoke(Unknown Source:10)
11-20 12:44:21.465 E/AccountsViewModel(26117): 	at kotlinx.coroutines.CoroutineStart.invoke(:32)
11-20 12:44:21.465 E/AccountsViewModel(26117): 	at kotlinx.coroutines.BuildersKt__Builders_commonKt.launch(:15)
11-20 12:44:21.465 E/AccountsViewModel(26117): 	at kotlinx.coroutines.flow.internal.ChannelFlowTransformLatest$flowCollect$3$invokeSuspend$$inlined$collect$1.emit(:56)
11-20 12:44:21.465 E/AccountsViewModel(26117): 	at kotlinx.coroutines.flow.DistinctFlowImpl$collect$$inlined$collect$1.emit(:74)
11-20 12:44:21.465 E/AccountsViewModel(26117): 	at kotlinx.coroutines.flow.FlowKt__LimitKt$dropWhile$lambda-4$$inlined$collect$1.emit(:114)
11-20 12:44:21.465 E/AccountsViewModel(26117): 	at kotlinx.coroutines.flow.FlowKt__ChannelsKt.emitAllImpl$FlowKt__ChannelsKt(:123)
11-20 12:44:21.465 E/AccountsViewModel(26117): 	at kotlin.coroutines.jvm.internal.BaseContinuationImpl.invokeSuspend(:96917)
11-20 12:44:21.465 E/AccountsViewModel(26117): 	at kotlin.coroutines.jvm.internal.BaseContinuationImpl.resumeWith(:5)
11-20 12:44:21.465 E/AccountsViewModel(26117): 	at kotlinx.coroutines.DispatchedTask.run(:131)
11-20 12:44:21.465 E/AccountsViewModel(26117): 	at java.util.concurrent.Executors$RunnableAdapter.call(Executors.java:462)
11-20 12:44:21.465 E/AccountsViewModel(26117): 	at java.util.concurrent.FutureTask.run(FutureTask.java:266)
11-20 12:44:21.465 E/AccountsViewModel(26117): 	at com.facebook.wearable.common.executors.DelayedFutureTask.run(:22)
11-20 12:44:21.465 E/AccountsViewModel(26117): 	at java.util.concurrent.ThreadPoolExecutor.runWorker(ThreadPoolExecutor.java:1167)
11-20 12:44:21.465 E/AccountsViewModel(26117): 	at java.util.concurrent.ThreadPoolExecutor$Worker.run(ThreadPoolExecutor.java:641)
11-20 12:44:21.465 E/AccountsViewModel(26117): 	at com.facebook.wearable.common.executors.NamedThreadFactory$1.run(:7)
11-20 12:44:21.770 D/CompatibilityInfo( 1194): mCompatibilityFlags - 4
11-20 12:44:21.770 D/CompatibilityInfo( 1194): applicationDensity - 320
11-20 12:44:21.770 D/CompatibilityInfo( 1194): applicationScale - 1.0
11-20 12:44:21.783 D/ComplicationController( 4420): Stopping complication controller.
11-20 12:44:21.789 D/ComplicationDataManagerImpl( 4420): Fetching complication data for package: com.facebook.wearable.apps.calendar, com.facebook.wearable.apps.calendar.DAY_DATE_COMPLICATION.
11-20 12:44:21.790 D/ComplicationDataManagerImpl( 4420): Fetching complication data for package: com.facebook.wearable.apps.player, com.facebook.wearable.apps.player.SHORTCUT_COMPLICATION.
11-20 12:44:21.790 D/ComplicationDataManagerImpl( 4420): Fetching complication data for package: com.facebook.wearable.apps.gallery, com.facebook.wearable.apps.gallery.SHORTCUT_COMPLICATION.
11-20 12:44:21.790 D/ComplicationDataManagerImpl( 4420): Fetching complication data for package: com.facebook.wearable.apps.heart, com.facebook.wearable.apps.heart.HEART_RATE.
11-20 12:44:21.793 D/CompatibilityInfo( 1194): mCompatibilityFlags - 4
11-20 12:44:21.793 D/CompatibilityInfo( 1194): applicationDensity - 320
11-20 12:44:21.793 D/CompatibilityInfo( 1194): applicationScale - 1.0
11-20 12:44:22.363 D/UIAutomatorStub(26556): URI: /jsonrpc/0, Method: POST, Header: {content-length=192, remote-addr=127.0.0.1, http-client-ip=127.0.0.1, host=localhost:9010, content-type=application/json, accept-encoding=identity}, params, {NanoHttpd.QUERY_STRING=null}, files: {postData={"jsonrpc": "2.0", "method": "waitForExists", "id": "cbe3a3e114cf0461fff1825e83b2375e", "params": [{"mask": 1, "childOrSibling": [], "childOrSiblingSelector": [], "text": "Notifications"}, 5]}}
11-20 12:44:22.398 D/UIAutomatorStub(26556): URI: /jsonrpc/0, Method: POST, Header: {content-length=191, remote-addr=127.0.0.1, http-client-ip=127.0.0.1, host=localhost:9010, content-type=application/json, accept-encoding=identity}, params, {NanoHttpd.QUERY_STRING=null}, files: {postData={"jsonrpc": "2.0", "method": "waitForExists", "id": "9efded0c3422af98eda0253994153b08", "params": [{"mask": 1, "childOrSibling": [], "childOrSiblingSelector": [], "text": "Connectivity"}, 5]}}
11-20 12:44:22.473 D/UIAutomatorStub(26556): URI: /jsonrpc/0, Method: POST, Header: {content-length=180, remote-addr=127.0.0.1, http-client-ip=127.0.0.1, host=localhost:9010, content-type=application/json, accept-encoding=identity}, params, {NanoHttpd.QUERY_STRING=null}, files: {postData={"jsonrpc": "2.0", "method": "click", "id": "0b5f168090c11cb8ac2dc6adc377d6a2", "params": [{"mask": 1, "childOrSibling": [], "childOrSiblingSelector": [], "text": "Connectivity"}]}}
11-20 12:44:22.516 E/ANDR-PERF-OPTSHANDLER(  557): Unable to find the correct node storage pointers for                   resource index=16, node path=/proc/sys/kernel/sched_upmigrate
11-20 12:44:22.517 E/ANDR-PERF-RESOURCEQS(  557): Failed to reset optimization [3, 7]
11-20 12:44:22.517 E/ANDR-PERF-OPTSHANDLER(  557): Unable to find the correct node storage pointers for                   resource index=17, node path=/proc/sys/kernel/sched_downmigrate
11-20 12:44:22.517 E/ANDR-PERF-RESOURCEQS(  557): Failed to reset optimization [3, 8]
11-20 12:44:22.517 E/ANDR-PERF-OPTSHANDLER(  557): Perflock resource /sys/module/lpm_levels/parameters/bias_hyst not supported
11-20 12:44:22.517 E/ANDR-PERF-RESOURCEQS(  557): Failed to reset optimization [1, 2]
11-20 12:44:22.517 E/ANDR-PERF-OPTSHANDLER(  557): Perflock resource /proc/sys/kernel/sched_group_upmigrate not supported
11-20 12:44:22.517 E/ANDR-PERF-RESOURCEQS(  557): Failed to reset optimization [3, 21]
11-20 12:44:22.517 E/ANDR-PERF-OPTSHANDLER(  557): Perflock resource /proc/sys/kernel/sched_group_downmigrate not supported
11-20 12:44:22.517 E/ANDR-PERF-RESOURCEQS(  557): Failed to reset optimization [3, 22]
11-20 12:44:22.557 W/StatusBarClientConnection(26117): Messenger is null, ignoring message: { when=-20h56m48s821ms barrier=1 }
11-20 12:44:22.578 W/HWComposer(  577): Ignoring duplicate VSYNC event from HWC for display 0 (t=75408841468733)
11-20 12:44:22.584 E/StatusBarClientConnection(26117): Service connected
11-20 12:44:22.613 W/View    (26117): requestLayout() improperly called by android.view.View{f193d8f V.ED..... ......I. 0,368-474,474} during layout: running second layout pass
11-20 12:44:22.631 W/View    (26117): requestLayout() improperly called by com.facebook.wearable.common.wds.listview.WdsListView{c5ca9fd V.E..V... ........ 0,0-474,474} during second layout pass: posting in next frame
11-20 12:44:23.285 E/ANDR-PERF-OPTSHANDLER(  557): perf_lock_rel: failed for /proc/sys/vm/swap_ratio as previous value is not stored
11-20 12:44:23.285 E/ANDR-PERF-OPTSHANDLER(  557): perf_lock_rel: failed for /sys/class/kgsl/kgsl-3d0/min_pwrlevel as previous value is not stored
11-20 12:44:23.287 E/ANDR-PERF-RESOURCEQS(  557): Failed to reset optimization [3, 0]
11-20 12:44:24.021 E/TaskPersister( 1194): File error accessing recents directory (directory doesn't exist?).
11-20 12:44:24.249 W/HWComposer(  577): Ignoring duplicate VSYNC event from HWC for display 0 (t=75410512303472)
11-20 12:44:25.583 D/UIAutomatorStub(26556): URI: /jsonrpc/0, Method: POST, Header: {content-length=183, remote-addr=127.0.0.1, http-client-ip=127.0.0.1, host=localhost:9010, content-type=application/json, accept-encoding=identity}, params, {NanoHttpd.QUERY_STRING=null}, files: {postData={"jsonrpc": "2.0", "method": "waitForExists", "id": "6cbe81a1aa813b77d5272796dee3e5c5", "params": [{"mask": 1, "childOrSibling": [], "childOrSiblingSelector": [], "text": "WiFi"}, 5]}}
11-20 12:44:25.620 D/UIAutomatorStub(26556): URI: /jsonrpc/0, Method: POST, Header: {content-length=172, remote-addr=127.0.0.1, http-client-ip=127.0.0.1, host=localhost:9010, content-type=application/json, accept-encoding=identity}, params, {NanoHttpd.QUERY_STRING=null}, files: {postData={"jsonrpc": "2.0", "method": "click", "id": "84f175f1115527ca576ae567c3e9b121", "params": [{"mask": 1, "childOrSibling": [], "childOrSiblingSelector": [], "text": "WiFi"}]}}
11-20 12:44:25.714 W/StatusBarClientConnection(26117): Messenger is null, ignoring message: { when=-20h56m51s978ms barrier=1 }
11-20 12:44:25.738 D/CompatibilityInfo( 1194): mCompatibilityFlags - 4
11-20 12:44:25.738 D/CompatibilityInfo( 1194): applicationDensity - 320
11-20 12:44:25.738 D/CompatibilityInfo( 1194): applicationScale - 1.0
11-20 12:44:25.748 E/StatusBarClientConnection(26117): Service connected
11-20 12:44:25.753 D/WifiConnector( 2841): Network State Changed
11-20 12:44:25.760 W/View    (26117): requestLayout() improperly called by android.view.View{235a437 V.ED..... ......I. 0,368-474,474} during layout: running second layout pass
11-20 12:44:25.768 D/WifiSharingService( 2841): Starting Wi-Fi scan
11-20 12:44:25.769 I/WifiService( 1194): startScan uid=1000
11-20 12:44:25.776 W/View    (26117): requestLayout() improperly called by com.facebook.wearable.common.wds.listview.WdsListView{45d290a V.E..V... ........ 0,0-474,474} during second layout pass: posting in next frame
11-20 12:44:25.782 D/WifiNative( 1194): Scan trigered from WifiNative
11-20 12:44:25.783 I/chatty  ( 1024): uid=1021(gps) lowi-server expire 75 lines
11-20 12:44:25.784 V/WifiHAL (  539): event received NL80211_CMD_TRIGGER_SCAN
11-20 12:44:26.360 D/WifiNl80211Manager( 1194): Scan result ready event
11-20 12:44:26.361 D/WifiNative( 1194): Scan result ready event
11-20 12:44:26.366 D/LOWI-9.0.0.80( 1024): [LOWI-Scan] BSS 2c:57:41:86:90:a1 (wlan0) ASSO: NO AddInfo: 0x0, TSF 0, 20:56:52.623, RSSI: -144, CPL: 2, AGE: 0,  SSID kittyhawk, TSFDelta: 0x0, TXRate: 0
11-20 12:44:26.366 D/LOWI-9.0.0.80( 1024): [LOWI-Scan] 
11-20 12:44:26.366 D/LOWI-9.0.0.80( 1024): [LOWI-Scan] print_bss_handler: Report Probe TSF 75412622995 as it greater than Beacon TSF 75159600772
11-20 12:44:26.366 I/LOWI-9.0.0.80( 1024): [LOWI-Scan] RSN_IE
11-20 12:44:26.366 D/LOWI-9.0.0.80( 1024): [LOWI-Scan] decode_rsn_wpa_ie: Entered
11-20 12:44:26.370 V/WifiHAL (  539): event received NL80211_CMD_NEW_SCAN_RESULTS
11-20 12:44:26.373 D/LOWI-9.0.0.80( 1024): [LOWIUtils] hexDump: msg(30 14 01 00 00 0f ac 04 01 00 00 0f ac 04 01 00 00 0f ac 02 )
11-20 12:44:26.373 D/LOWI-9.0.0.80( 1024): [LOWI-Scan] decode_rsn_wpa_ie: LOWI_ENCRYPTION_TYPE_WPA_PSK
11-20 12:44:26.373 D/LOWI-9.0.0.80( 1024): [LOWI-Scan] is_qcom_ie, bss_age: 48
11-20 12:44:26.373 D/LOWI-9.0.0.80( 1024): [LOWI-Scan] BSS be:9e:0e:1c:6e:7f LOWI_PHY_MODE_11AC_VHT20_2G(11), Beacon Interval: 100, LOWI_ENCRYPTION_TYPE_WPA_PSK 11mcRanging: No, ANQP: No, LCI: No, Civic: No, capability(0x1431): ESS Privacy ShortPreamble ShortSlotTime
11-20 12:44:26.373 D/LOWI-9.0.0.80( 1024): [LOWI-Scan] BSS be:9e:0e:1c:6e:7f FREQ: 2412, cFreq1[40:80:160] = [0:0:0] cFreq2 = 0 Country Code =    
11-20 12:44:26.373 D/LOWI-9.0.0.80( 1024): [LOWI-Scan] BSS be:9e:0e:1c:6e:7f (wlan0) ASSO: NO AddInfo: 0x0, TSF 0, 20:56:52.622, RSSI: -124, CPL: 127, AGE: 0,  SSID Pixel_3541, TSFDelta: 0x0, TXRate: 0
11-20 12:44:26.374 D/LOWI-9.0.0.80( 1024): [LOWI-Scan] 
11-20 12:44:26.374 D/LOWI-9.0.0.80( 1024): [LOWI-Scan] print_bss_handler: Report Probe TSF 75412623061 as it greater than Beacon TSF 75362532536
11-20 12:44:26.374 I/LOWI-9.0.0.80( 1024): [LOWI-Scan] RSN_IE
11-20 12:44:26.374 D/LOWI-9.0.0.80( 1024): [LOWI-Scan] decode_rsn_wpa_ie: Entered
11-20 12:44:26.374 D/LOWI-9.0.0.80( 1024): [LOWIUtils] hexDump: msg(30 14 01 00 00 0f ac 04 01 00 00 0f ac 04 01 00 00 0f ac 02 )
11-20 12:44:26.374 D/LOWI-9.0.0.80( 1024): [LOWI-Scan] decode_rsn_wpa_ie: LOWI_ENCRYPTION_TYPE_WPA_PSK
11-20 12:44:26.374 D/LOWI-9.0.0.80( 1024): [LOWI-Scan] is_qcom_ie, bss_age: 48
11-20 12:44:26.374 D/LOWI-9.0.0.80( 1024): [LOWI-Scan] BSS 2c:57:41:88:72:e1 LOWI_PHY_MODE_11NG_HT20(5), Beacon Interval: 100, LOWI_ENCRYPTION_TYPE_WPA_PSK 11mcRanging: No, ANQP: No, LCI: No, Civic: No, capability(0x1411): ESS Privacy ShortSlotTime
11-20 12:44:26.374 D/LOWI-9.0.0.80( 1024): [LOWI-Scan] BSS 2c:57:41:88:72:e1 FREQ: 2412, cFreq1[40:80:160] = [0:0:0] cFreq2 = 0 Country Code = US
11-20 12:44:26.374 D/LOWI-9.0.0.80( 1024): [LOWI-Scan] BSS 2c:57:41:88:72:e1 (wlan0) ASSO: NO AddInfo: 0x0, TSF 0, 20:56:52.623, RSSI: -146, CPL: 3, AGE: 0,  SSID kittyhawk, TSFDelta: 0x0, TXRate: 0
11-20 12:44:26.375 D/LOWI-9.0.0.80( 1024): [LOWI-Scan] 
11-20 12:44:26.375 D/LOWI-9.0.0.80( 1024): [LOWI-Scan] print_bss_handler: Report Probe TSF 75412622956 as it greater than Beacon TSF 75362532345
11-20 12:44:26.375 I/LOWI-9.0.0.80( 1024): [LOWI-Scan] RSN_IE
11-20 12:44:26.375 D/LOWI-9.0.0.80( 1024): [LOWI-Scan] decode_rsn_wpa_ie: Entered
11-20 12:44:26.375 D/LOWI-9.0.0.80( 1024): [LOWIUtils] hexDump: msg(30 14 01 00 00 0f ac 04 01 00 00 0f ac 04 01 00 00 0f ac 02 )
11-20 12:44:26.375 D/LOWI-9.0.0.80( 1024): [LOWI-Scan] decode_rsn_wpa_ie: LOWI_ENCRYPTION_TYPE_WPA_PSK
11-20 12:44:26.375 D/LOWI-9.0.0.80( 1024): [LOWI-Scan] is_qcom_ie, bss_age: 25
11-20 12:44:26.375 D/LOWI-9.0.0.80( 1024): [LOWI-Scan] BSS ce:dc:12:3b:87:fd LOWI_PHY_MODE_11AC_VHT20_2G(11), Beacon Interval: 100, LOWI_ENCRYPTION_TYPE_WPA_PSK 11mcRanging: No, ANQP: Yes, LCI: No, Civic: No, capability(0x1431): ESS Privacy ShortPreamble ShortSlotTime
11-20 12:44:26.376 D/LOWI-9.0.0.80( 1024): [LOWI-Scan] BSS ce:dc:12:3b:87:fd FREQ: 2437, cFreq1[40:80:160] = [0:0:0] cFreq2 = 0 Country Code =    
11-20 12:44:26.376 D/LOWI-9.0.0.80( 1024): [LOWI-Scan] BSS ce:dc:12:3b:87:fd (wlan0) ASSO: NO AddInfo: 0x0, TSF 0, 20:56:52.622, RSSI: -112, CPL: 127, AGE: 0,  SSID Pixel5_R1, TSFDelta: 0x0, TXRate: 0
11-20 12:44:26.377 D/LOWI-9.0.0.80( 1024): [LOWI-Scan] 
11-20 12:44:26.377 D/LOWI-9.0.0.80( 1024): [LOWI-Scan] print_bss_handler: Report Probe TSF 75412622878 as it greater than Beacon TSF 75159600640
11-20 12:44:26.377 I/LOWI-9.0.0.80( 1024): [LOWI-Scan] RSN_IE
11-20 12:44:26.377 D/LOWI-9.0.0.80( 1024): [LOWI-Scan] decode_rsn_wpa_ie: Entered
11-20 12:44:26.377 D/LOWI-9.0.0.80( 1024): [LOWIUtils] hexDump: msg(30 14 01 00 00 0f ac 04 01 00 00 0f ac 04 01 00 00 0f ac 02 )
11-20 12:44:26.377 D/LOWI-9.0.0.80( 1024): [LOWI-Scan] decode_rsn_wpa_ie: LOWI_ENCRYPTION_TYPE_WPA_PSK
11-20 12:44:26.377 D/LOWI-9.0.0.80( 1024): [LOWI-Scan] is_qcom_ie, bss_age: 12
11-20 12:44:26.378 D/LOWI-9.0.0.80( 1024): [LOWI-Scan] BSS fe:2d:5a:49:61:eb LOWI_PHY_MODE_11AC_VHT20_2G(11), Beacon Interval: 100, LOWI_ENCRYPTION_TYPE_WPA_PSK 11mcRanging: No, ANQP: Yes, LCI: No, Civic: No, capability(0x1431): ESS Privacy ShortPreamble ShortSlotTime
11-20 12:44:26.378 D/LOWI-9.0.0.80( 1024): [LOWI-Scan] BSS fe:2d:5a:49:61:eb FREQ: 2452, cFreq1[40:80:160] = [0:0:0] cFreq2 = 0 Country Code =    
11-20 12:44:26.378 D/LOWI-9.0.0.80( 1024): [LOWI-Scan] BSS fe:2d:5a:49:61:eb (wlan0) ASSO: NO AddInfo: 0x0, TSF 0, 20:56:52.622, RSSI: -110, CPL: 127, AGE: 0,  SSID Pixel_R2, TSFDelta: 0x0, TXRate: 0
11-20 12:44:26.378 D/LOWI-9.0.0.80( 1024): [LOWI-Scan] 
11-20 12:44:26.378 D/LOWI-9.0.0.80( 1024): [LOWI-Scan] print_bss_handler: Report Probe TSF 75412623125 as it greater than Beacon TSF 74878843670
11-20 12:44:26.378 I/LOWI-9.0.0.80( 1024): [LOWI-Scan] RSN_IE
11-20 12:44:26.378 D/LOWI-9.0.0.80( 1024): [LOWI-Scan] decode_rsn_wpa_ie: Entered
11-20 12:44:26.378 D/LOWI-9.0.0.80( 1024): [LOWIUtils] hexDump: msg(30 14 01 00 00 0f ac 04 01 00 00 0f ac 04 01 00 00 0f ac 02 )
11-20 12:44:26.378 D/LOWI-9.0.0.80( 1024): [LOWI-Scan] decode_rsn_wpa_ie: LOWI_ENCRYPTION_TYPE_WPA_PSK
11-20 12:44:26.378 D/LOWI-9.0.0.80( 1024): [LOWI-Scan] is_qcom_ie, bss_age: 5
11-20 12:44:26.378 D/LOWI-9.0.0.80( 1024): [LOWI-Scan] BSS 18:64:72:60:2e:e0 LOWI_PHY_MODE_11NG_HT20(5), Beacon Interval: 100, LOWI_ENCRYPTION_TYPE_WPA_PSK 11mcRanging: No, ANQP: No, LCI: No, Civic: No, capability(0x0431): ESS Privacy ShortPreamble ShortSlotTime
11-20 12:44:26.378 D/LOWI-9.0.0.80( 1024): [LOWI-Scan] BSS 18:64:72:60:2e:e0 FREQ: 2462, cFreq1[40:80:160] = [0:0:0] cFreq2 = 0 Country Code =    
11-20 12:44:26.378 D/LOWI-9.0.0.80( 1024): [LOWI-Scan] BSS 18:64:72:60:2e:e0 (wlan0) ASSO: NO AddInfo: 0x0, TSF 0, 20:56:52.623, RSSI: -158, CPL: 127, AGE: 0,  SSID lab-t24103779, TSFDelta: 0x0, TXRate: 0
11-20 12:44:26.379 D/LOWI-9.0.0.80( 1024): [LOWI-Scan] 
11-20 12:44:26.379 D/LOWI-9.0.0.80( 1024): [LOWI-Scan] print_bss_handler: Report Probe TSF 75412623013 as it greater than Beacon TSF 75182081941
11-20 12:44:26.379 I/LOWI-9.0.0.80( 1024): [LOWI-Scan] RSN_IE
11-20 12:44:26.379 D/LOWI-9.0.0.80( 1024): [LOWI-Scan] decode_rsn_wpa_ie: Entered
11-20 12:44:26.379 D/LOWI-9.0.0.80( 1024): [LOWIUtils] hexDump: msg(30 14 01 00 00 0f ac 04 01 00 00 0f ac 04 01 00 00 0f ac 02 )
11-20 12:44:26.379 D/LOWI-9.0.0.80( 1024): [LOWI-Scan] decode_rsn_wpa_ie: LOWI_ENCRYPTION_TYPE_WPA_PSK
11-20 12:44:26.379 D/LOWI-9.0.0.80( 1024): [LOWI-Scan] is_qcom_ie, bss_age: 50
11-20 12:44:26.379 D/LOWI-9.0.0.80( 1024): [LOWI-Scan] BSS 18:64:72:60:2b:40 LOWI_PHY_MODE_11NG_HT20(5), Beacon Interval: 100, LOWI_ENCRYPTION_TYPE_WPA_PSK 11mcRanging: No, ANQP: No, LCI: No, Civic: No, capability(0x0431): ESS Privacy ShortPreamble ShortSlotTime
11-20 12:44:26.379 D/LOWI-9.0.0.80( 1024): [LOWI-Scan] BSS 18:64:72:60:2b:40 FREQ: 2412, cFreq1[40:80:160] = [0:0:0] cFreq2 = 0 Country Code =    
11-20 12:44:26.379 D/LOWI-9.0.0.80( 1024): [LOWI-Scan] BSS 18:64:72:60:2b:40 (wlan0) ASSO: NO AddInfo: 0x0, TSF 0, 20:56:52.623, RSSI: -134, CPL: 127, AGE: 0,  SSID lab-t24103779, TSFDelta: 0x0, TXRate: 0
11-20 12:44:26.380 D/LOWI-9.0.0.80( 1024): [LOWI-Scan] 
11-20 12:44:26.380 D/LOWI-9.0.0.80( 1024): [LOWI-Scan] print_bss_handler: Report Probe TSF 75412622974 as it greater than Beacon TSF 75334123348
11-20 12:44:26.380 I/LOWI-9.0.0.80( 1024): [LOWI-Scan] RSN_IE
11-20 12:44:26.380 D/LOWI-9.0.0.80( 1024): [LOWI-Scan] decode_rsn_wpa_ie: Entered
11-20 12:44:26.380 D/LOWI-9.0.0.80( 1024): [LOWIUtils] hexDump: msg(30 14 01 00 00 0f ac 04 01 00 00 0f ac 04 01 00 00 0f ac 02 )
11-20 12:44:26.380 D/LOWI-9.0.0.80( 1024): [LOWI-Scan] decode_rsn_wpa_ie: LOWI_ENCRYPTION_TYPE_WPA_PSK
11-20 12:44:26.380 D/LOWI-9.0.0.80( 1024): [LOWI-Scan] is_qcom_ie, bss_age: 48
11-20 12:44:26.380 D/LOWI-9.0.0.80( 1024): [LOWI-Scan] BSS 2c:57:41:86:8a:a1 LOWI_PHY_MODE_11NG_HT20(5), Beacon Interval: 100, LOWI_ENCRYPTION_TYPE_WPA_PSK 11mcRanging: No, ANQP: No, LCI: No, Civic: No, capability(0x1411): ESS Privacy ShortSlotTime
11-20 12:44:26.380 D/LOWI-9.0.0.80( 1024): [LOWI-Scan] BSS 2c:57:41:86:8a:a1 FREQ: 2412, cFreq1[40:80:160] = [0:0:0] cFreq2 = 0 Country Code = US
11-20 12:44:26.380 D/LOWI-9.0.0.80( 1024): [LOWI-Scan] BSS 2c:57:41:86:8a:a1 (wlan0) ASSO: NO AddInfo: 0x0, TSF 0, 20:56:52.622, RSSI: -130, CPL: 3, AGE: 0,  SSID kittyhawk, TSFDelta: 0x0, TXRate: 0
11-20 12:44:26.381 D/LOWI-9.0.0.80( 1024): [LOWI-Scan] 
11-20 12:44:26.381 D/LOWI-9.0.0.80( 1024): [LOWI-Scan] print_bss_handler: Report Probe TSF 75412623193 as it greater than Beacon TSF 75182082042
11-20 12:44:26.381 I/LOWI-9.0.0.80( 1024): [LOWI-Scan] RSN_IE
11-20 12:44:26.381 D/LOWI-9.0.0.80( 1024): [LOWI-Scan] decode_rsn_wpa_ie: Entered
11-20 12:44:26.381 D/LOWI-9.0.0.80( 1024): [LOWIUtils] hexDump: msg(30 14 01 00 00 0f ac 04 01 00 00 0f ac 04 01 00 00 0f ac 02 )
11-20 12:44:26.381 D/LOWI-9.0.0.80( 1024): [LOWI-Scan] decode_rsn_wpa_ie: LOWI_ENCRYPTION_TYPE_WPA_PSK
11-20 12:44:26.381 D/LOWI-9.0.0.80( 1024): [LOWI-Scan] is_qcom_ie, bss_age: 51
11-20 12:44:26.381 D/LOWI-9.0.0.80( 1024): [LOWI-Scan] BSS 2c:57:41:89:53:21 LOWI_PHY_MODE_11NG_HT20(5), Beacon Interval: 100, LOWI_ENCRYPTION_TYPE_WPA_PSK 11mcRanging: No, ANQP: No, LCI: No, Civic: No, capability(0x1411): ESS Privacy ShortSlotTime
11-20 12:44:26.381 D/LOWI-9.0.0.80( 1024): [LOWI-Scan] BSS 2c:57:41:89:53:21 FREQ: 2412, cFreq1[40:80:160] = [0:0:0] cFreq2 = 0 Country Code = US
11-20 12:44:26.381 D/LOWI-9.0.0.80( 1024): [LOWI-Scan] BSS 2c:57:41:89:53:21 (wlan0) ASSO: NO AddInfo: 0x0, TSF 0, 20:56:52.623, RSSI: -162, CPL: 3, AGE: 0,  SSID kittyhawk, TSFDelta: 0x0, TXRate: 0
11-20 12:44:26.382 D/LOWI-9.0.0.80( 1024): [LOWI-Scan] 
11-20 12:44:26.382 D/LOWI-9.0.0.80( 1024): [LOWI-Scan] print_bss_handler: Report beacon TSF 75412623101 as it greater than probe TSF 75383853987
11-20 12:44:26.382 I/LOWI-9.0.0.80( 1024): [LOWI-Scan] RSN_IE
11-20 12:44:26.382 D/LOWI-9.0.0.80( 1024): [LOWI-Scan] decode_rsn_wpa_ie: Entered
11-20 12:44:26.382 D/LOWI-9.0.0.80( 1024): [LOWIUtils] hexDump: msg(30 14 01 00 00 0f ac 04 01 00 00 0f ac 04 01 00 00 0f ac 02 )
11-20 12:44:26.382 D/LOWI-9.0.0.80( 1024): [LOWI-Scan] decode_rsn_wpa_ie: LOWI_ENCRYPTION_TYPE_WPA_PSK
11-20 12:44:26.382 D/LOWI-9.0.0.80( 1024): [LOWI-Scan] is_qcom_ie, bss_age: 30
11-20 12:44:26.382 D/LOWI-9.0.0.80( 1024): [LOWI-Scan] BSS 2c:57:41:89:63:c1 LOWI_PHY_MODE_11NG_HT20(5), Beacon Interval: 100, LOWI_ENCRYPTION_TYPE_WPA_PSK 11mcRanging: No, ANQP: No, LCI: No, Civic: No, capability(0x1411): ESS Privacy ShortSlotTime
11-20 12:44:26.382 D/LOWI-9.0.0.80( 1024): [LOWI-Scan] BSS 2c:57:41:89:63:c1 FREQ: 2437, cFreq1[40:80:160] = [0:0:0] cFreq2 = 0 Country Code = US
11-20 12:44:26.382 D/LOWI-9.0.0.80( 1024): [LOWI-Scan] BSS 2c:57:41:89:63:c1 (wlan0) ASSO: NO AddInfo: 0x1, TSF 0, 20:56:52.623, RSSI: -158, CPL: 2, AGE: 0,  SSID kittyhawk, TSFDelta: 0x0, TXRate: 0
11-20 12:44:26.382 D/LOWI-9.0.0.80( 1024): [LOWI-Scan] 
11-20 12:44:26.382 D/LOWI-9.0.0.80( 1024): [LOWI-Scan] print_bss_handler: Report Probe TSF 75412623149 as it greater than Beacon TSF 75362532601
11-20 12:44:26.383 I/LOWI-9.0.0.80( 1024): [LOWI-Scan] RSN_IE
11-20 12:44:26.383 D/LOWI-9.0.0.80( 1024): [LOWI-Scan] decode_rsn_wpa_ie: Entered
11-20 12:44:26.383 D/LOWI-9.0.0.80( 1024): [LOWIUtils] hexDump: msg(30 14 01 00 00 0f ac 04 01 00 00 0f ac 04 01 00 00 0f ac 02 )
11-20 12:44:26.383 D/LOWI-9.0.0.80( 1024): [LOWI-Scan] decode_rsn_wpa_ie: LOWI_ENCRYPTION_TYPE_WPA_PSK
11-20 12:44:26.383 D/LOWI-9.0.0.80( 1024): [LOWI-Scan] is_qcom_ie, bss_age: 48
11-20 12:44:26.383 D/LOWI-9.0.0.80( 1024): [LOWI-Scan] BSS 2c:57:41:86:7a:61 LOWI_PHY_MODE_11NG_HT20(5), Beacon Interval: 100, LOWI_ENCRYPTION_TYPE_WPA_PSK 11mcRanging: No, ANQP: No, LCI: No, Civic: No, capability(0x1411): ESS Privacy ShortSlotTime
11-20 12:44:26.383 D/LOWI-9.0.0.80( 1024): [LOWI-Scan] BSS 2c:57:41:86:7a:61 FREQ: 2412, cFreq1[40:80:160] = [0:0:0] cFreq2 = 0 Country Code = US
11-20 12:44:26.383 D/LOWI-9.0.0.80( 1024): [LOWI-Scan] BSS 2c:57:41:86:7a:61 (wlan0) ASSO: NO AddInfo: 0x0, TSF 0, 20:56:52.623, RSSI: -156, CPL: 3, AGE: 0,  SSID kittyhawk, TSFDelta: 0x0, TXRate: 0
11-20 12:44:26.383 D/PasspointManager( 1194): ANQP entry not found for: c6:82:9b:4e:b3:9e:<Pixel_R6>
11-20 12:44:26.384 D/PasspointManager( 1194): ANQP entry not found for: 5e:6e:be:46:77:d7:<Pixel_R3>
11-20 12:44:26.384 D/PasspointManager( 1194): ANQP entry not found for: 12:d7:96:61:85:9f:<Pixel_R5>
11-20 12:44:26.384 D/LOWI-9.0.0.80( 1024): [LOWI-Scan] 
11-20 12:44:26.384 D/LOWI-9.0.0.80( 1024): [LOWI-Scan] print_bss_handler: Report Probe TSF 75412622900 as it greater than Beacon TSF 0
11-20 12:44:26.384 I/LOWI-9.0.0.80( 1024): [LOWI-Scan] RSN_IE
11-20 12:44:26.384 D/LOWI-9.0.0.80( 1024): [LOWI-Scan] decode_rsn_wpa_ie: Entered
11-20 12:44:26.384 D/LOWI-9.0.0.80( 1024): [LOWIUtils] hexDump: msg(30 14 01 00 00 0f ac 04 01 00 00 0f ac 04 01 00 00 0f ac 02 )
11-20 12:44:26.384 D/LOWI-9.0.0.80( 1024): [LOWI-Scan] decode_rsn_wpa_ie: LOWI_ENCRYPTION_TYPE_WPA_PSK
11-20 12:44:26.384 D/PasspointManager( 1194): ANQP entry not found for: ce:dc:12:3b:87:fd:<Pixel5_R1>
11-20 12:44:26.384 D/LOWI-9.0.0.80( 1024): [LOWI-Scan] is_qcom_ie, bss_age: 44
11-20 12:44:26.384 D/LOWI-9.0.0.80( 1024): [LOWI-Scan] BSS 52:b8:14:37:74:3f LOWI_PHY_MODE_11AC_VHT20_2G(11), Beacon Interval: 100, LOWI_ENCRYPTION_TYPE_WPA_PSK 11mcRanging: No, ANQP: No, LCI: No, Civic: No, capability(0x1431): ESS Privacy ShortPreamble ShortSlotTime
11-20 12:44:26.384 D/LOWI-9.0.0.80( 1024): [LOWI-Scan] BSS 52:b8:14:37:74:3f FREQ: 2417, cFreq1[40:80:160] = [0:0:0] cFreq2 = 0 Country Code =    
11-20 12:44:26.384 D/PasspointManager( 1194): ANQP entry not found for: fe:2d:5a:49:61:eb:<Pixel_R2>
11-20 12:44:26.384 D/LOWI-9.0.0.80( 1024): [LOWI-Scan] BSS 52:b8:14:37:74:3f (wlan0) ASSO: NO AddInfo: 0x0, TSF 0, 20:56:52.622, RSSI: -104, CPL: 127, AGE: 0,  SSID Pixel_8668, TSFDelta: 0x0, TXRate: 0
11-20 12:44:26.385 D/LOWI-9.0.0.80( 1024): [LOWI-Scan] 
11-20 12:44:26.385 D/LOWI-9.0.0.80( 1024): [LOWI-Scan] print_bss_handler: Report beacon TSF 75412623170 as it greater than probe TSF 75383854047
11-20 12:44:26.385 I/LOWI-9.0.0.80( 1024): [LOWI-Scan] RSN_IE
11-20 12:44:26.385 D/LOWI-9.0.0.80( 1024): [LOWI-Scan] decode_rsn_wpa_ie: Entered
11-20 12:44:26.385 D/LOWI-9.0.0.80( 1024): [LOWIUtils] hexDump: msg(30 14 01 00 00 0f ac 04 01 00 00 0f ac 04 01 00 00 0f ac 02 )
11-20 12:44:26.385 D/LOWI-9.0.0.80( 1024): [LOWI-Scan] decode_rsn_wpa_ie: LOWI_ENCRYPTION_TYPE_WPA_PSK
11-20 12:44:26.385 D/LOWI-9.0.0.80( 1024): [LOWI-Scan] is_qcom_ie, bss_age: 3
11-20 12:44:26.385 D/LOWI-9.0.0.80( 1024): [LOWI-Scan] BSS 2c:57:41:86:85:21 LOWI_PHY_MODE_11NG_HT20(5), Beacon Interval: 100, LOWI_ENCRYPTION_TYPE_WPA_PSK 11mcRanging: No, ANQP: No, LCI: No, Civic: No, capability(0x1411): ESS Privacy ShortSlotTime
11-20 12:44:26.385 D/LOWI-9.0.0.80( 1024): [LOWI-Scan] BSS 2c:57:41:86:85:21 FREQ: 2462, cFreq1[40:80:160] = [0:0:0] cFreq2 = 0 Country Code = US
11-20 12:44:26.385 D/LOWI-9.0.0.80( 1024): [LOWI-Scan] BSS 2c:57:41:86:85:21 (wlan0) ASSO: NO AddInfo: 0x1, TSF 0, 20:56:52.623, RSSI: -164, CPL: 2, AGE: 0,  SSID kittyhawk, TSFDelta: 0x0, TXRate: 0
11-20 12:44:26.385 D/LOWI-9.0.0.80( 1024): [LOWI-Scan] 
11-20 12:44:26.385 D/LOWI-9.0.0.80( 1024): [LOWI-Scan] print_bss_handler: Report Probe TSF 75412623211 as it greater than Beacon TSF 0
11-20 12:44:26.385 I/LOWI-9.0.0.80( 1024): [LOWI-Scan] RSN_IE
11-20 12:44:26.385 D/LOWI-9.0.0.80( 1024): [LOWI-Scan] decode_rsn_wpa_ie: Entered
11-20 12:44:26.386 D/LOWI-9.0.0.80( 1024): [LOWIUtils] hexDump: msg(30 18 01 00 00 0f ac 02 02 00 00 0f ac 02 00 0f ac 04 01 00 00 0f ac 02 )
11-20 12:44:26.386 D/LOWI-9.0.0.80( 1024): [LOWI-Scan] decode_rsn_wpa_ie: LOWI_ENCRYPTION_TYPE_WPA_PSK
11-20 12:44:26.386 D/LOWI-9.0.0.80( 1024): [LOWI-Scan] is_qcom_ie, bss_age: 27
11-20 12:44:26.386 D/LOWI-9.0.0.80( 1024): [LOWI-Scan] BSS 18:4f:32:07:46:03 LOWI_PHY_MODE_11NG_HT20(5), Beacon Interval: 100, LOWI_ENCRYPTION_TYPE_WPA_PSK 11mcRanging: No, ANQP: No, LCI: No, Civic: No, capability(0x0431): ESS Privacy ShortPreamble ShortSlotTime
11-20 12:44:26.386 D/LOWI-9.0.0.80( 1024): [LOWI-Scan] BSS 18:4f:32:07:46:03 FREQ: 2437, cFreq1[40:80:160] = [0:0:0] cFreq2 = 0 Country Code =    
11-20 12:44:26.386 D/LOWI-9.0.0.80( 1024): [LOWI-Scan] BSS 18:4f:32:07:46:03 (wlan0) ASSO: NO AddInfo: 0x0, TSF 0, 20:56:52.623, RSSI: -180, CPL: 127, AGE: 0,  SSID HP-Print-03-LaserJet Pro MFP, TSFDelta: 0x0, TXRate: 0
11-20 12:44:26.386 D/LOWI-9.0.0.80( 1024): [LOWIDiagLog] Log: lowiMeasResult->request: invalid null argument
11-20 12:44:26.386 I/LOWI-9.0.0.80( 1024): [LOWI-Scan] lowi_close_record:Scan done in 75368869ms, 20 APs in scan results
11-20 12:44:26.386 D/LOWI-9.0.0.80( 1024): [LOWI-Scan] WipsScanUsingNL: passive scan cached 0, took 9281 ms, err 0
11-20 12:44:26.386 D/LOWI-9.0.0.80( 1024): [LOWI-Scan] lowi_proc_req_passive_scan_with_live_meas - No WLAN Frames to be parsed
11-20 12:44:26.386 D/LOWI-9.0.0.80( 1024): [LOWIScanResultReceiver] Send scan meas to listener
11-20 12:44:26.386 D/LOWI-9.0.0.80( 1024): [LOWIScanResultReceiver] Enter passive listening mode
11-20 12:44:26.386 D/LOWI-9.0.0.80( 1024): [LOWIWifiDriverInterface] getMeasurements - Passive listening mode
11-20 12:44:26.386 D/LOWI-9.0.0.80( 1024): [LOWI-Scan] WipsScanUsingNL:wait -1 sec for netlink message
11-20 12:44:26.387 D/LOWI-9.0.0.80( 1024): [LOWIEventReceiver] handleEvent:FROM:NA, TO:NA, REQ:NA, IREQ:NA, REQ_ID:0, RESP:NA, INFO:NA
11-20 12:44:26.387 D/LOWI-9.0.0.80( 1024): [LOWIBackgroundScanMgr] isRspForBgScanMgr: evt(LOWI_NO_EVT) - not handled
11-20 12:44:26.387 D/LOWI-9.0.0.80( 1024): [LOWIScheduler] manageMsg: NULL results or NULL request in results
11-20 12:44:26.387 D/LOWI-9.0.0.80( 1024): [LOWIController] Measurements received
11-20 12:44:26.387 D/LOWI-9.0.0.80( 1024): [LOWICacheManager] putInCache:Num of Meas to add: 20
11-20 12:44:26.388 D/LOWI-9.0.0.80( 1024): [LOWIController] processMeasurementResults: No current Request. Cache measurements
11-20 12:44:26.388 D/LOWI-9.0.0.80( 1024): [LOWIControllerExtn] sendLOWILpDiscoveryScanResponse: Not a discovery scan response
11-20 12:44:26.423 D/WifiSharingService( 2841): Sending scanResults intent with status code 0: PendingIntent{8ac4ce8: android.os.BinderProxy@f0906c1}
11-20 12:44:26.433 D/CompatibilityInfo( 1194): mCompatibilityFlags - 4
11-20 12:44:26.433 D/CompatibilityInfo( 1194): applicationDensity - 320
11-20 12:44:26.433 D/CompatibilityInfo( 1194): applicationScale - 1.0
11-20 12:44:26.991 E/QMI_FW  ( 1113): qmi_cci_get_ref: ref count increased 2
11-20 12:44:26.993 E/QMI_FW  ( 1113): qmi_cci_get_ref: ref count increased 2
11-20 12:44:27.005 I/WearableConnectivityManager( 4420): LTE Signal strength is: 1
11-20 12:44:27.005 I/WearableConnectivityManager( 4420): Cellular Signal strength is: 1
11-20 12:44:27.006 D/RadioLinkQualityScoreBuilder( 1975): scoreRsrp: 2scoreRsrq: 2scoreRssnr: 2
11-20 12:44:27.371 W/HWComposer(  577): Ignoring duplicate VSYNC event from HWC for display 0 (t=75413634089460)
11-20 12:44:27.388 W/HWComposer(  577): Ignoring duplicate VSYNC event from HWC for display 0 (t=75413651002585)
11-20 12:44:27.438 W/HWComposer(  577): Ignoring duplicate VSYNC event from HWC for display 0 (t=75413701627429)
11-20 12:44:28.248 W/HWComposer(  577): Ignoring duplicate VSYNC event from HWC for display 0 (t=75414511631543)
11-20 12:44:28.772 D/UIAutomatorStub(26556): URI: /jsonrpc/0, Method: POST, Header: {content-length=229, remote-addr=127.0.0.1, http-client-ip=127.0.0.1, host=localhost:9010, content-type=application/json, accept-encoding=identity}, params, {NanoHttpd.QUERY_STRING=null}, files: {postData={"jsonrpc": "2.0", "method": "objInfo", "id": "4cfa53a86000795b2778b55122d6c4fc", "params": [{"mask": 2097152, "childOrSibling": [], "childOrSiblingSelector": [], "resourceId": "com.facebook.wearable.system.settings:id/toggle"}]}}
11-20 12:44:28.866 D/UIAutomatorStub(26556): URI: /jsonrpc/0, Method: POST, Header: {content-length=227, remote-addr=127.0.0.1, http-client-ip=127.0.0.1, host=localhost:9010, content-type=application/json, accept-encoding=identity}, params, {NanoHttpd.QUERY_STRING=null}, files: {postData={"jsonrpc": "2.0", "method": "click", "id": "7ba15807f060d7c18933d29417a08016", "params": [{"mask": 2097152, "childOrSibling": [], "childOrSiblingSelector": [], "resourceId": "com.facebook.wearable.system.settings:id/toggle"}]}}
11-20 12:44:28.920 D/WifiSharingService( 2841): Setting Wi-Fi enabled state
11-20 12:44:28.920 I/WifiService( 1194): setWifiEnabled package=com.facebook.wearable.system.connectivity uid=1000 enable=false
11-20 12:44:28.923 D/WifiActiveModeWarden( 1194): Switching all client mode managers
11-20 12:44:28.924 D/QCNEJ/WlanStaInfoRelay( 1900): onChange for uri = content://settings/global/wifi_on
11-20 12:44:28.936 D/WifiP2pService( 1194): Wifi enabled=false, P2P Interface availability=true
11-20 12:44:28.937 D/WifiP2pNative( 1194): Teardown P2P interface
11-20 12:44:28.937 D/WifiP2pService( 1194): Wifi enabled=false, P2P Interface availability=true
11-20 12:44:28.940 E/QMI_FW  (  927): qmi_cci_get_ref: ref count increased 2
11-20 12:44:28.943 W/ContextImpl( 1194): Calling a method in the system process without a qualified user: android.app.ContextImpl.sendBroadcastMultiplePermissions:1143 android.content.Context.sendBroadcastWithMultiplePermissions:2150 com.android.server.display.WifiDisplayAdapter.handleSendStatusChangeBroadcast:440 com.android.server.display.WifiDisplayAdapter.access$1700:63 com.android.server.display.WifiDisplayAdapter$WifiDisplayHandler.handleMessage:675 
11-20 12:44:28.948 D/WifiClientModeManager1( 1194): IMS not registered over IWLAN for subId: 1
11-20 12:44:28.949 D/WifiClientModeManager1( 1194): The target role 5
11-20 12:44:28.952 I/android_os_HwBinder( 1194): HwBinder: Starting thread pool for getting: android.hardware.wifi.supplicant@1.0::ISupplicant/default
11-20 12:44:28.955 I/wpa_supplicant(30813): wlan0: Do not deauthenticate as part of interface deinit since WoWLAN is enabled
11-20 12:44:28.997 I/wpa_supplicant(30813): Try to unregister vendor STA network
11-20 12:44:28.997 E/wpa_supplicant(30813): eap_proxy: pthread_join on eap_proxy=0x6480eac
11-20 12:44:28.997 E/wpa_supplicant(30813): eap_proxy: session not started for client = 1
11-20 12:44:28.997 E/QMI_FW  (30813): qmi_cci_get_ref: ref count increased 2
11-20 12:44:28.997 E/QMI_FW  (30813): qmi_cci_get_ref: ref count increased 2
11-20 12:44:28.998 E/wpa_supplicant(30813): eap_proxy: Released QMI UIM service client
11-20 12:44:28.999 E/QMI_FW  (30813): qmi_cci_get_ref: ref count increased 2
11-20 12:44:28.999 E/QMI_FW  (30813): qmi_cci_get_ref: ref count increased 2
11-20 12:44:29.000 E/wpa_supplicant(30813): eap_proxy: Released QMI EAP service client
11-20 12:44:29.000 E/wpa_supplicant(30813): eap_proxy: session not started for client = 2
11-20 12:44:29.000 E/QMI_FW  (30813): qmi_cci_get_ref: ref count increased 2
11-20 12:44:29.000 E/QMI_FW  (30813): qmi_cci_get_ref: ref count increased 2
11-20 12:44:29.001 E/wpa_supplicant(30813): eap_proxy: Released QMI UIM service client
11-20 12:44:29.001 E/QMI_FW  (30813): qmi_cci_get_ref: ref count increased 2
11-20 12:44:29.001 E/QMI_FW  (30813): qmi_cci_get_ref: ref count increased 2
11-20 12:44:29.001 E/wpa_supplicant(30813): eap_proxy: Released QMI EAP service client
11-20 12:44:29.001 I/wpa_supplicant(30813): eap_proxy: eap_proxy Deinitialzed
11-20 12:44:29.007 W/HWComposer(  577): Ignoring duplicate VSYNC event from HWC for display 0 (t=75415270898522)
11-20 12:44:29.050 I/wpa_supplicant(30813): nl80211: deinit ifname=wlan0 disabled_11b_rates=0
11-20 12:44:29.076 D/ConnectivityService( 1194): handleLingerComplete for [100 CELLULAR]
11-20 12:44:29.095 D/QCNEJ/WwanInfoRelay( 1900): onCapabilitiesChanged: 100 [ Transports: CELLULAR Capabilities: MMS&SUPL&FOTA&INTERNET&NOT_RESTRICTED&TRUSTED&NOT_VPN&VALIDATED&NOT_ROAMING&NOT_CONGESTED&NOT_SUSPENDED LinkUpBandwidth>=15000Kbps LinkDnBandwidth>=30000Kbps Specifier: <TelephonyNetworkSpecifier [mSubId = 1]> AdministratorUids: [] RequestorUid: -1 RequestorPackageName: null]
11-20 12:44:29.097 I/QCNEJ/WwanInfoRelay( 1900): cacheWwanInfo subId = 1 phoneId = 0 slotId = 0
11-20 12:44:29.108 I/wpa_supplicant(30813): Try to unregister vendor interface
11-20 12:44:29.109 D/LOWI-9.0.0.80( 1024): [LOWINetlinkSocketReceiver] unpackRTMLinkMessage: RTM_NEWLINK - ifname wlan0, flags 0x11043 ([UP][RUNNING])
11-20 12:44:29.109 D/LOWI-9.0.0.80( 1024): [LOWINetlinkSocketReceiver] processNetlinkPacket: ifname(wlan0) status(2)
11-20 12:44:29.109 D/LOWI-9.0.0.80( 1024): [LOWIController] intfStateReceived: ifname(wlan0) state(2)
11-20 12:44:29.110 I/SupplicantStaIfaceHal( 1194): Terminating supplicant using HIDL
11-20 12:44:29.110 D/LOWI-9.0.0.80( 1024): [LOWIEventReceiver] handleEvent:FROM:NA, TO:NA, REQ:NA, IREQ:NA, REQ_ID:0, RESP:NA, INFO:INTF-STATUS-UPDATE
11-20 12:44:29.110 D/LOWI-9.0.0.80( 1024): [LOWIEventReceiver] Info to [INTF-STATUS-UPDATE]
11-20 12:44:29.110 D/LOWI-9.0.0.80( 1024): [LOWIController] updateIntfState: WIFI enabled 2 mNlWifiStatus 2 mWifiStateEnabled 1
11-20 12:44:29.111 I/wpa_supplicant(30813): p2p0: Do not deauthenticate as part of interface deinit since WoWLAN is enabled
