11-21 15:16:58.407 I/WM-WorkerWrapper( 2334): 	at java.util.concurrent.ThreadPoolExecutor$Worker.run(ThreadPoolExecutor.java:641)
11-21 15:16:58.407 I/WM-WorkerWrapper( 2334): 	at java.lang.Thread.run(Thread.java:923)
11-21 15:16:58.495 D/WifiNl80211Manager( 1186): Scan result ready event
11-21 15:16:58.495 D/WifiNative( 1186): Scan result ready event
11-21 15:16:58.498 D/LOWI-9.0.0.80( 1026): [LOWI-Scan] is_qcom_ie, bss_age: 15
11-21 15:16:58.498 D/LOWI-9.0.0.80( 1026): [LOWI-Scan] BSS fe:2d:5a:49:61:eb LOWI_PHY_MODE_11AC_VHT20_2G(11), Beacon Interval: 100, LOWI_ENCRYPTION_TYPE_WPA_PSK 11mcRanging: No, ANQP: Yes, LCI: No, Civic: No, capability(0x1431): ESS Privacy ShortPreamble ShortSlotTime
11-21 15:16:58.498 D/LOWI-9.0.0.80( 1026): [LOWI-Scan] BSS fe:2d:5a:49:61:eb FREQ: 2452, cFreq1[40:80:160] = [0:0:0] cFreq2 = 0 Country Code =    
11-21 15:16:58.498 D/LOWI-9.0.0.80( 1026): [LOWI-Scan] BSS fe:2d:5a:49:61:eb (wlan0) ASSO: NO AddInfo: 0x0, TSF 1, 23:28:26.220, RSSI: -114, CPL: 127, AGE: 0,  SSID Pixel_R2, TSFDelta: 0x0, TXRate: 0
11-21 15:16:58.498 D/LOWI-9.0.0.80( 1026): [LOWI-Scan] 
11-21 15:16:58.498 D/LOWI-9.0.0.80( 1026): [LOWI-Scan] print_bss_handler: Report Probe TSF 170906220440 as it greater than Beacon TSF 170599149755
11-21 15:16:58.498 I/LOWI-9.0.0.80( 1026): [LOWI-Scan] RSN_IE
11-21 15:16:58.498 D/LOWI-9.0.0.80( 1026): [LOWI-Scan] decode_rsn_wpa_ie: Entered
11-21 15:16:58.498 D/LOWI-9.0.0.80( 1026): [LOWIUtils] hexDump: msg(30 14 01 00 00 0f ac 04 01 00 00 0f ac 04 01 00 00 0f ac 02 )
11-21 15:16:58.498 D/LOWI-9.0.0.80( 1026): [LOWI-Scan] decode_rsn_wpa_ie: LOWI_ENCRYPTION_TYPE_WPA_PSK
11-21 15:16:58.498 D/LOWI-9.0.0.80( 1026): [LOWI-Scan] is_qcom_ie, bss_age: 46
11-21 15:16:58.498 D/LOWI-9.0.0.80( 1026): [LOWI-Scan] BSS 2c:57:41:86:8a:a1 LOWI_PHY_MODE_11NG_HT20(5), Beacon Interval: 100, LOWI_ENCRYPTION_TYPE_WPA_PSK 11mcRanging: No, ANQP: No, LCI: No, Civic: No, capability(0x1411): ESS Privacy ShortSlotTime
11-21 15:16:58.498 D/LOWI-9.0.0.80( 1026): [LOWI-Scan] BSS 2c:57:41:86:8a:a1 FREQ: 2412, cFreq1[40:80:160] = [0:0:0] cFreq2 = 0 Country Code = US
11-21 15:16:58.498 D/LOWI-9.0.0.80( 1026): [LOWI-Scan] BSS 2c:57:41:86:8a:a1 (wlan0) ASSO: NO AddInfo: 0x0, TSF 1, 23:28:26.220, RSSI: -142, CPL: 3, AGE: 0,  SSID kittyhawk, TSFDelta: 0x0, TXRate: 0
11-21 15:16:58.501 V/WifiHAL (  544): event received NL80211_CMD_NEW_SCAN_RESULTS
11-21 15:16:58.502 D/LOWI-9.0.0.80( 1026): [LOWI-Scan] 
11-21 15:16:58.502 D/LOWI-9.0.0.80( 1026): [LOWI-Scan] print_bss_handler: Report Probe TSF 170906220427 as it greater than Beacon TSF 170671865938
11-21 15:16:58.502 I/LOWI-9.0.0.80( 1026): [LOWI-Scan] RSN_IE
11-21 15:16:58.502 D/LOWI-9.0.0.80( 1026): [LOWI-Scan] decode_rsn_wpa_ie: Entered
11-21 15:16:58.502 D/LOWI-9.0.0.80( 1026): [LOWIUtils] hexDump: msg(30 14 01 00 00 0f ac 04 01 00 00 0f ac 04 01 00 00 0f ac 02 )
11-21 15:16:58.502 D/LOWI-9.0.0.80( 1026): [LOWI-Scan] decode_rsn_wpa_ie: LOWI_ENCRYPTION_TYPE_WPA_PSK
11-21 15:16:58.502 D/LOWI-9.0.0.80( 1026): [LOWI-Scan] is_qcom_ie, bss_age: 6
11-21 15:16:58.502 D/LOWI-9.0.0.80( 1026): [LOWI-Scan] BSS 2c:57:41:86:94:a1 LOWI_PHY_MODE_11NG_HT20(5), Beacon Interval: 100, LOWI_ENCRYPTION_TYPE_WPA_PSK 11mcRanging: No, ANQP: No, LCI: No, Civic: No, capability(0x1411): ESS Privacy ShortSlotTime
11-21 15:16:58.502 D/LOWI-9.0.0.80( 1026): [LOWI-Scan] BSS 2c:57:41:86:94:a1 FREQ: 2462, cFreq1[40:80:160] = [0:0:0] cFreq2 = 0 Country Code = US
11-21 15:16:58.502 D/LOWI-9.0.0.80( 1026): [LOWI-Scan] BSS 2c:57:41:86:94:a1 (wlan0) ASSO: NO AddInfo: 0x0, TSF 1, 23:28:26.220, RSSI: -146, CPL: 2, AGE: 0,  SSID kittyhawk, TSFDelta: 0x0, TXRate: 0
11-21 15:16:58.503 D/LOWI-9.0.0.80( 1026): [LOWI-Scan] 
11-21 15:16:58.503 D/LOWI-9.0.0.80( 1026): [LOWI-Scan] print_bss_handler: Report Probe TSF 170906220414 as it greater than Beacon TSF 170854330488
11-21 15:16:58.503 I/LOWI-9.0.0.80( 1026): [LOWI-Scan] RSN_IE
11-21 15:16:58.503 D/LOWI-9.0.0.80( 1026): [LOWI-Scan] decode_rsn_wpa_ie: Entered
11-21 15:16:58.503 D/LOWI-9.0.0.80( 1026): [LOWIUtils] hexDump: msg(30 14 01 00 00 0f ac 04 01 00 00 0f ac 04 01 00 00 0f ac 02 )
11-21 15:16:58.503 D/LOWI-9.0.0.80( 1026): [LOWI-Scan] decode_rsn_wpa_ie: LOWI_ENCRYPTION_TYPE_WPA_PSK
11-21 15:16:58.503 D/LOWI-9.0.0.80( 1026): [LOWI-Scan] is_qcom_ie, bss_age: 46
11-21 15:16:58.503 D/LOWI-9.0.0.80( 1026): [LOWI-Scan] BSS 2c:57:41:88:72:e1 LOWI_PHY_MODE_11NG_HT20(5), Beacon Interval: 100, LOWI_ENCRYPTION_TYPE_WPA_PSK 11mcRanging: No, ANQP: No, LCI: No, Civic: No, capability(0x1411): ESS Privacy ShortSlotTime
11-21 15:16:58.503 D/LOWI-9.0.0.80( 1026): [LOWI-Scan] BSS 2c:57:41:88:72:e1 FREQ: 2412, cFreq1[40:80:160] = [0:0:0] cFreq2 = 0 Country Code = US
11-21 15:16:58.503 D/LOWI-9.0.0.80( 1026): [LOWI-Scan] BSS 2c:57:41:88:72:e1 (wlan0) ASSO: NO AddInfo: 0x0, TSF 1, 23:28:26.220, RSSI: -144, CPL: 3, AGE: 0,  SSID kittyhawk, TSFDelta: 0x0, TXRate: 0
11-21 15:16:58.504 D/LOWI-9.0.0.80( 1026): [LOWI-Scan] 
11-21 15:16:58.504 D/LOWI-9.0.0.80( 1026): [LOWI-Scan] print_bss_handler: Report Probe TSF 170906220356 as it greater than Beacon TSF 170752174744
11-21 15:16:58.504 I/LOWI-9.0.0.80( 1026): [LOWI-Scan] RSN_IE
11-21 15:16:58.504 D/LOWI-9.0.0.80( 1026): [LOWI-Scan] decode_rsn_wpa_ie: Entered
11-21 15:16:58.504 D/LOWI-9.0.0.80( 1026): [LOWIUtils] hexDump: msg(30 14 01 00 00 0f ac 04 01 00 00 0f ac 04 01 00 00 0f ac 02 )
11-21 15:16:58.504 D/LOWI-9.0.0.80( 1026): [LOWI-Scan] decode_rsn_wpa_ie: LOWI_ENCRYPTION_TYPE_WPA_PSK
11-21 15:16:58.504 D/LOWI-9.0.0.80( 1026): [LOWI-Scan] is_qcom_ie, bss_age: 3
11-21 15:16:58.505 D/LOWI-9.0.0.80( 1026): [LOWI-Scan] BSS 2c:57:41:86:6c:01 LOWI_PHY_MODE_11NG_HT20(5), Beacon Interval: 100, LOWI_ENCRYPTION_TYPE_WPA_PSK 11mcRanging: No, ANQP: No, LCI: No, Civic: No, capability(0x1411): ESS Privacy ShortSlotTime
11-21 15:16:58.505 D/LOWI-9.0.0.80( 1026): [LOWI-Scan] BSS 2c:57:41:86:6c:01 FREQ: 2462, cFreq1[40:80:160] = [0:0:0] cFreq2 = 0 Country Code = US
11-21 15:16:58.505 D/LOWI-9.0.0.80( 1026): [LOWI-Scan] BSS 2c:57:41:86:6c:01 (wlan0) ASSO: NO AddInfo: 0x0, TSF 1, 23:28:26.220, RSSI: -116, CPL: 2, AGE: 0,  SSID kittyhawk, TSFDelta: 0x0, TXRate: 0
11-21 15:16:58.505 D/LOWI-9.0.0.80( 1026): [LOWI-Scan] 
11-21 15:16:58.505 D/LOWI-9.0.0.80( 1026): [LOWI-Scan] print_bss_handler: Report Probe TSF 170906220454 as it greater than Beacon TSF 170774421889
11-21 15:16:58.505 I/LOWI-9.0.0.80( 1026): [LOWI-Scan] RSN_IE
11-21 15:16:58.505 D/LOWI-9.0.0.80( 1026): [LOWI-Scan] decode_rsn_wpa_ie: Entered
11-21 15:16:58.505 D/LOWI-9.0.0.80( 1026): [LOWIUtils] hexDump: msg(30 14 01 00 00 0f ac 04 01 00 00 0f ac 04 01 00 00 0f ac 02 )
11-21 15:16:58.505 D/LOWI-9.0.0.80( 1026): [LOWI-Scan] decode_rsn_wpa_ie: LOWI_ENCRYPTION_TYPE_WPA_PSK
11-21 15:16:58.505 D/LOWI-9.0.0.80( 1026): [LOWI-Scan] is_qcom_ie, bss_age: 46
11-21 15:16:58.506 D/LOWI-9.0.0.80( 1026): [LOWI-Scan] BSS 2c:57:41:86:7a:61 LOWI_PHY_MODE_11NG_HT20(5), Beacon Interval: 100, LOWI_ENCRYPTION_TYPE_WPA_PSK 11mcRanging: No, ANQP: No, LCI: No, Civic: No, capability(0x1411): ESS Privacy ShortSlotTime
11-21 15:16:58.506 D/LOWI-9.0.0.80( 1026): [LOWI-Scan] BSS 2c:57:41:86:7a:61 FREQ: 2412, cFreq1[40:80:160] = [0:0:0] cFreq2 = 0 Country Code = US
11-21 15:16:58.506 D/LOWI-9.0.0.80( 1026): [LOWI-Scan] BSS 2c:57:41:86:7a:61 (wlan0) ASSO: NO AddInfo: 0x0, TSF 1, 23:28:26.220, RSSI: -146, CPL: 3, AGE: 0,  SSID kittyhawk, TSFDelta: 0x0, TXRate: 0
11-21 15:16:58.506 D/LOWI-9.0.0.80( 1026): [LOWI-Scan] 
11-21 15:16:58.506 D/LOWI-9.0.0.80( 1026): [LOWI-Scan] print_bss_handler: Report beacon TSF 170906220316 as it greater than probe TSF 170854330347
11-21 15:16:58.506 I/LOWI-9.0.0.80( 1026): [LOWI-Scan] RSN_IE
11-21 15:16:58.506 D/LOWI-9.0.0.80( 1026): [LOWI-Scan] decode_rsn_wpa_ie: Entered
11-21 15:16:58.507 D/LOWI-9.0.0.80( 1026): [LOWIUtils] hexDump: msg(30 14 01 00 00 0f ac 04 01 00 00 0f ac 04 01 00 00 0f ac 02 )
11-21 15:16:58.507 D/LOWI-9.0.0.80( 1026): [LOWI-Scan] decode_rsn_wpa_ie: LOWI_ENCRYPTION_TYPE_WPA_PSK
11-21 15:16:58.507 D/LOWI-9.0.0.80( 1026): [LOWI-Scan] is_qcom_ie, bss_age: 8
11-21 15:16:58.507 D/LOWI-9.0.0.80( 1026): [LOWI-Scan] BSS c6:82:9b:4e:b3:9e LOWI_PHY_MODE_11AC_VHT20_2G(11), Beacon Interval: 100, LOWI_ENCRYPTION_TYPE_WPA_PSK 11mcRanging: No, ANQP: Yes, LCI: No, Civic: No, capability(0x1431): ESS Privacy ShortPreamble ShortSlotTime
11-21 15:16:58.507 D/LOWI-9.0.0.80( 1026): [LOWI-Scan] BSS c6:82:9b:4e:b3:9e FREQ: 2457, cFreq1[40:80:160] = [0:0:0] cFreq2 = 0 Country Code =    
11-21 15:16:58.507 D/LOWI-9.0.0.80( 1026): [LOWI-Scan] BSS c6:82:9b:4e:b3:9e (wlan0) ASSO: NO AddInfo: 0x1, TSF 1, 23:28:26.220, RSSI: -104, CPL: 127, AGE: 0,  SSID Pixel_R6, TSFDelta: 0x0, TXRate: 0
11-21 15:16:58.507 D/LOWI-9.0.0.80( 1026): [LOWI-Scan] 
11-21 15:16:58.508 D/LOWI-9.0.0.80( 1026): [LOWI-Scan] print_bss_handler: Report Probe TSF 170906220285 as it greater than Beacon TSF 170548269718
11-21 15:16:58.508 I/LOWI-9.0.0.80( 1026): [LOWI-Scan] RSN_IE
11-21 15:16:58.508 D/LOWI-9.0.0.80( 1026): [LOWI-Scan] decode_rsn_wpa_ie: Entered
11-21 15:16:58.508 D/LOWI-9.0.0.80( 1026): [LOWIUtils] hexDump: msg(30 14 01 00 00 0f ac 04 01 00 00 0f ac 04 01 00 00 0f ac 02 )
11-21 15:16:58.508 D/LOWI-9.0.0.80( 1026): [LOWI-Scan] decode_rsn_wpa_ie: LOWI_ENCRYPTION_TYPE_WPA_PSK
11-21 15:16:58.508 D/LOWI-9.0.0.80( 1026): [LOWI-Scan] is_qcom_ie, bss_age: 26
11-21 15:16:58.508 D/LOWI-9.0.0.80( 1026): [LOWI-Scan] BSS ce:dc:12:3b:87:fd LOWI_PHY_MODE_11AC_VHT20_2G(11), Beacon Interval: 100, LOWI_ENCRYPTION_TYPE_WPA_PSK 11mcRanging: No, ANQP: Yes, LCI: No, Civic: No, capability(0x1431): ESS Privacy ShortPreamble ShortSlotTime
11-21 15:16:58.508 D/LOWI-9.0.0.80( 1026): [LOWI-Scan] BSS ce:dc:12:3b:87:fd FREQ: 2437, cFreq1[40:80:160] = [0:0:0] cFreq2 = 0 Country Code =    
11-21 15:16:58.508 D/LOWI-9.0.0.80( 1026): [LOWI-Scan] BSS ce:dc:12:3b:87:fd (wlan0) ASSO: NO AddInfo: 0x0, TSF 1, 23:28:26.220, RSSI: -100, CPL: 127, AGE: 0,  SSID Pixel5_R1, TSFDelta: 0x0, TXRate: 0
11-21 15:16:58.509 D/LOWI-9.0.0.80( 1026): [LOWI-Scan] 
11-21 15:16:58.509 D/LOWI-9.0.0.80( 1026): [LOWI-Scan] print_bss_handler: Report Probe TSF 170906220400 as it greater than Beacon TSF 170803200347
11-21 15:16:58.509 I/LOWI-9.0.0.80( 1026): [LOWI-Scan] RSN_IE
11-21 15:16:58.509 D/LOWI-9.0.0.80( 1026): [LOWI-Scan] decode_rsn_wpa_ie: Entered
11-21 15:16:58.509 D/LOWI-9.0.0.80( 1026): [LOWIUtils] hexDump: msg(30 14 01 00 00 0f ac 04 01 00 00 0f ac 04 01 00 00 0f ac 02 )
11-21 15:16:58.509 D/LOWI-9.0.0.80( 1026): [LOWI-Scan] decode_rsn_wpa_ie: LOWI_ENCRYPTION_TYPE_WPA_PSK
11-21 15:16:58.509 D/LOWI-9.0.0.80( 1026): [LOWI-Scan] is_qcom_ie, bss_age: 4
11-21 15:16:58.509 D/LOWI-9.0.0.80( 1026): [LOWI-Scan] BSS 2c:57:41:86:90:a1 LOWI_PHY_MODE_11NG_HT20(5), Beacon Interval: 100, LOWI_ENCRYPTION_TYPE_WPA_PSK 11mcRanging: No, ANQP: No, LCI: No, Civic: No, capability(0x1411): ESS Privacy ShortSlotTime
11-21 15:16:58.509 D/LOWI-9.0.0.80( 1026): [LOWI-Scan] BSS 2c:57:41:86:90:a1 FREQ: 2462, cFreq1[40:80:160] = [0:0:0] cFreq2 = 0 Country Code = US
11-21 15:16:58.509 D/LOWI-9.0.0.80( 1026): [LOWI-Scan] BSS 2c:57:41:86:90:a1 (wlan0) ASSO: NO AddInfo: 0x0, TSF 1, 23:28:26.220, RSSI: -140, CPL: 2, AGE: 0,  SSID kittyhawk, TSFDelta: 0x0, TXRate: 0
11-21 15:16:58.510 D/LOWI-9.0.0.80( 1026): [LOWI-Scan] 
11-21 15:16:58.510 D/LOWI-9.0.0.80( 1026): [LOWI-Scan] print_bss_handler: Report Probe TSF 170906220343 as it greater than Beacon TSF 170599149699
11-21 15:16:58.510 I/LOWI-9.0.0.80( 1026): [LOWI-Scan] RSN_IE
11-21 15:16:58.510 D/LOWI-9.0.0.80( 1026): [LOWI-Scan] decode_rsn_wpa_ie: Entered
11-21 15:16:58.510 D/LOWI-9.0.0.80( 1026): [LOWIUtils] hexDump: msg(30 14 01 00 00 0f ac 04 01 00 00 0f ac 04 01 00 00 0f ac 02 )
11-21 15:16:58.510 D/LOWI-9.0.0.80( 1026): [LOWI-Scan] decode_rsn_wpa_ie: LOWI_ENCRYPTION_TYPE_WPA_PSK
11-21 15:16:58.510 D/LOWI-9.0.0.80( 1026): [LOWI-Scan] is_qcom_ie, bss_age: 42
11-21 15:16:58.510 D/LOWI-9.0.0.80( 1026): [LOWI-Scan] BSS 52:b8:14:37:74:3f LOWI_PHY_MODE_11AC_VHT20_2G(11), Beacon Interval: 100, LOWI_ENCRYPTION_TYPE_WPA_PSK 11mcRanging: No, ANQP: No, LCI: No, Civic: No, capability(0x1431): ESS Privacy ShortPreamble ShortSlotTime
11-21 15:16:58.510 D/LOWI-9.0.0.80( 1026): [LOWI-Scan] BSS 52:b8:14:37:74:3f FREQ: 2417, cFreq1[40:80:160] = [0:0:0] cFreq2 = 0 Country Code =    
11-21 15:16:58.510 D/LOWI-9.0.0.80( 1026): [LOWI-Scan] BSS 52:b8:14:37:74:3f (wlan0) ASSO: NO AddInfo: 0x0, TSF 1, 23:28:26.220, RSSI: -108, CPL: 127, AGE: 0,  SSID Pixel_8668, TSFDelta: 0x0, TXRate: 0
11-21 15:16:58.511 D/LOWI-9.0.0.80( 1026): [LOWI-Scan] 
11-21 15:16:58.511 D/LOWI-9.0.0.80( 1026): [LOWI-Scan] print_bss_handler: Report Probe TSF 170906220329 as it greater than Beacon TSF 170723086624
11-21 15:16:58.511 I/LOWI-9.0.0.80( 1026): [LOWI-Scan] RSN_IE
11-21 15:16:58.511 D/LOWI-9.0.0.80( 1026): [LOWI-Scan] decode_rsn_wpa_ie: Entered
11-21 15:16:58.511 D/LOWI-9.0.0.80( 1026): [LOWIUtils] hexDump: msg(30 14 01 00 00 0f ac 04 01 00 00 0f ac 04 01 00 00 0f ac 02 )
11-21 15:16:58.511 D/LOWI-9.0.0.80( 1026): [LOWI-Scan] decode_rsn_wpa_ie: LOWI_ENCRYPTION_TYPE_WPA_PSK
11-21 15:16:58.511 D/LOWI-9.0.0.80( 1026): [LOWI-Scan] is_qcom_ie, bss_age: 46
11-21 15:16:58.511 D/LOWI-9.0.0.80( 1026): [LOWI-Scan] BSS be:9e:0e:1c:6e:7f LOWI_PHY_MODE_11AC_VHT20_2G(11), Beacon Interval: 100, LOWI_ENCRYPTION_TYPE_WPA_PSK 11mcRanging: No, ANQP: No, LCI: No, Civic: No, capability(0x1431): ESS Privacy ShortPreamble ShortSlotTime
11-21 15:16:58.511 D/LOWI-9.0.0.80( 1026): [LOWI-Scan] BSS be:9e:0e:1c:6e:7f FREQ: 2412, cFreq1[40:80:160] = [0:0:0] cFreq2 = 0 Country Code =    
11-21 15:16:58.511 D/LOWI-9.0.0.80( 1026): [LOWI-Scan] BSS be:9e:0e:1c:6e:7f (wlan0) ASSO: NO AddInfo: 0x0, TSF 1, 23:28:26.220, RSSI: -106, CPL: 127, AGE: 0,  SSID Pixel_3541, TSFDelta: 0x0, TXRate: 0
11-21 15:16:58.512 D/LOWI-9.0.0.80( 1026): [LOWI-Scan] 
11-21 15:16:58.512 D/LOWI-9.0.0.80( 1026): [LOWI-Scan] print_bss_handler: Report Probe TSF 170906220470 as it greater than Beacon TSF 170240462631
11-21 15:16:58.512 I/LOWI-9.0.0.80( 1026): [LOWI-Scan] RSN_IE
11-21 15:16:58.512 D/LOWI-9.0.0.80( 1026): [LOWI-Scan] decode_rsn_wpa_ie: Entered
11-21 15:16:58.512 D/LOWI-9.0.0.80( 1026): [LOWIUtils] hexDump: msg(30 14 01 00 00 0f ac 04 01 00 00 0f ac 04 01 00 00 0f ac 02 )
11-21 15:16:58.512 D/LOWI-9.0.0.80( 1026): [LOWI-Scan] decode_rsn_wpa_ie: LOWI_ENCRYPTION_TYPE_WPA_PSK
11-21 15:16:58.512 D/LOWI-9.0.0.80( 1026): [LOWI-Scan] is_qcom_ie, bss_age: 4
11-21 15:16:58.512 D/LOWI-9.0.0.80( 1026): [LOWI-Scan] BSS 2c:57:41:86:85:21 LOWI_PHY_MODE_11NG_HT20(5), Beacon Interval: 100, LOWI_ENCRYPTION_TYPE_WPA_PSK 11mcRanging: No, ANQP: No, LCI: No, Civic: No, capability(0x1411): ESS Privacy ShortSlotTime
11-21 15:16:58.512 D/LOWI-9.0.0.80( 1026): [LOWI-Scan] BSS 2c:57:41:86:85:21 FREQ: 2462, cFreq1[40:80:160] = [0:0:0] cFreq2 = 0 Country Code = US
11-21 15:16:58.512 D/LOWI-9.0.0.80( 1026): [LOWI-Scan] BSS 2c:57:41:86:85:21 (wlan0) ASSO: NO AddInfo: 0x0, TSF 1, 23:28:26.220, RSSI: -152, CPL: 2, AGE: 0,  SSID kittyhawk, TSFDelta: 0x0, TXRate: 0
11-21 15:16:58.512 D/WificondScannerImpl( 1186): Filtering out 2 scan results.
11-21 15:16:58.513 D/LOWI-9.0.0.80( 1026): [LOWI-Scan] 
11-21 15:16:58.513 D/LOWI-9.0.0.80( 1026): [LOWI-Scan] print_bss_handler: Report Probe TSF 170877372105 as it greater than Beacon TSF 0
11-21 15:16:58.513 I/LOWI-9.0.0.80( 1026): [LOWI-Scan] RSN_IE
11-21 15:16:58.513 D/LOWI-9.0.0.80( 1026): [LOWI-Scan] decode_rsn_wpa_ie: Entered
11-21 15:16:58.514 D/LOWI-9.0.0.80( 1026): [LOWIUtils] hexDump: msg(30 14 01 00 00 0f ac 04 01 00 00 0f ac 04 01 00 00 0f ac 02 )
11-21 15:16:58.514 D/LOWI-9.0.0.80( 1026): [LOWI-Scan] decode_rsn_wpa_ie: LOWI_ENCRYPTION_TYPE_WPA_PSK
11-21 15:16:58.514 D/LOWI-9.0.0.80( 1026): [LOWI-Scan] is_qcom_ie, bss_age: 29
11-21 15:16:58.514 D/LOWI-9.0.0.80( 1026): [LOWI-Scan] adjust_age:AP AGE upper limit reached. Dont store
11-21 15:16:58.514 D/LOWI-9.0.0.80( 1026): [LOWI-Scan] BSS 2c:57:41:86:76:61 LOWI_PHY_MODE_11NG_HT20(5), Beacon Interval: 100, LOWI_ENCRYPTION_TYPE_WPA_PSK 11mcRanging: No, ANQP: No, LCI: No, Civic: No, capability(0x1411): ESS Privacy ShortSlotTime
11-21 15:16:58.524 D/LOWI-9.0.0.80( 1026): [LOWI-Scan] BSS 2c:57:41:86:76:61 FREQ: 2437, cFreq1[40:80:160] = [0:0:0] cFreq2 = 0 Country Code = US
11-21 15:16:58.524 D/LOWI-9.0.0.80( 1026): [LOWI-Scan] BSS 2c:57:41:86:76:61 (wlan0) ASSO: NO AddInfo: 0x0, TSF 1, 23:27:57.372, RSSI: -162, CPL: 2, AGE: 28850,  SSID kittyhawk, TSFDelta: 0x0, TXRate: 0
11-21 15:16:58.525 D/LOWI-9.0.0.80( 1026): [LOWI-Scan] 
11-21 15:16:58.525 D/LOWI-9.0.0.80( 1026): [LOWI-Scan] print_bss_handler: Report Probe TSF 170906220384 as it greater than Beacon TSF 170752174774
11-21 15:16:58.525 I/LOWI-9.0.0.80( 1026): [LOWI-Scan] RSN_IE
11-21 15:16:58.525 D/LOWI-9.0.0.80( 1026): [LOWI-Scan] decode_rsn_wpa_ie: Entered
11-21 15:16:58.525 D/LOWI-9.0.0.80( 1026): [LOWIUtils] hexDump: msg(30 14 01 00 00 0f ac 04 01 00 00 0f ac 04 01 00 00 0f ac 02 )
11-21 15:16:58.525 D/LOWI-9.0.0.80( 1026): [LOWI-Scan] decode_rsn_wpa_ie: LOWI_ENCRYPTION_TYPE_WPA_PSK
11-21 15:16:58.525 D/LOWI-9.0.0.80( 1026): [LOWI-Scan] is_qcom_ie, bss_age: 3
11-21 15:16:58.525 D/LOWI-9.0.0.80( 1026): [LOWI-Scan] BSS 18:64:72:60:2b:40 LOWI_PHY_MODE_11NG_HT20(5), Beacon Interval: 100, LOWI_ENCRYPTION_TYPE_WPA_PSK 11mcRanging: No, ANQP: No, LCI: No, Civic: No, capability(0x0431): ESS Privacy ShortPreamble ShortSlotTime
11-21 15:16:58.525 D/LOWI-9.0.0.80( 1026): [LOWI-Scan] BSS 18:64:72:60:2b:40 FREQ: 2462, cFreq1[40:80:160] = [0:0:0] cFreq2 = 0 Country Code =    
11-21 15:16:58.525 D/LOWI-9.0.0.80( 1026): [LOWI-Scan] BSS 18:64:72:60:2b:40 (wlan0) ASSO: NO AddInfo: 0x0, TSF 1, 23:28:26.220, RSSI: -138, CPL: 127, AGE: 0,  SSID lab-t24103779, TSFDelta: 0x0, TXRate: 0
11-21 15:16:58.526 D/LOWI-9.0.0.80( 1026): [LOWI-Scan] 
11-21 15:16:58.526 D/LOWI-9.0.0.80( 1026): [LOWI-Scan] print_bss_handler: Report Probe TSF 170877372076 as it greater than Beacon TSF 0
11-21 15:16:58.526 I/LOWI-9.0.0.80( 1026): [LOWI-Scan] RSN_IE
11-21 15:16:58.526 D/LOWI-9.0.0.80( 1026): [LOWI-Scan] decode_rsn_wpa_ie: Entered
11-21 15:16:58.526 D/LOWI-9.0.0.80( 1026): [LOWIUtils] hexDump: msg(30 14 01 00 00 0f ac 04 01 00 00 0f ac 04 01 00 00 0f ac 02 )
11-21 15:16:58.526 D/LOWI-9.0.0.80( 1026): [LOWI-Scan] decode_rsn_wpa_ie: LOWI_ENCRYPTION_TYPE_WPA_PSK
11-21 15:16:58.526 D/LOWI-9.0.0.80( 1026): [LOWI-Scan] is_qcom_ie, bss_age: 32
11-21 15:16:58.526 D/LOWI-9.0.0.80( 1026): [LOWI-Scan] adjust_age:AP AGE upper limit reached. Dont store
11-21 15:16:58.526 D/LOWI-9.0.0.80( 1026): [LOWI-Scan] BSS 2c:57:41:89:63:c1 LOWI_PHY_MODE_11NG_HT20(5), Beacon Interval: 100, LOWI_ENCRYPTION_TYPE_WPA_PSK 11mcRanging: No, ANQP: No, LCI: No, Civic: No, capability(0x1411): ESS Privacy ShortSlotTime
11-21 15:16:58.526 D/LOWI-9.0.0.80( 1026): [LOWI-Scan] BSS 2c:57:41:89:63:c1 FREQ: 2437, cFreq1[40:80:160] = [0:0:0] cFreq2 = 0 Country Code = US
11-21 15:16:58.526 D/LOWI-9.0.0.80( 1026): [LOWI-Scan] BSS 2c:57:41:89:63:c1 (wlan0) ASSO: NO AddInfo: 0x0, TSF 1, 23:27:57.372, RSSI: -158, CPL: 2, AGE: 28850,  SSID kittyhawk, TSFDelta: 0x0, TXRate: 0
11-21 15:16:58.527 D/LOWI-9.0.0.80( 1026): [LOWI-Scan] 
11-21 15:16:58.527 D/LOWI-9.0.0.80( 1026): [LOWI-Scan] print_bss_handler: Report Probe TSF 170906220486 as it greater than Beacon TSF 0
11-21 15:16:58.527 I/LOWI-9.0.0.80( 1026): [LOWI-Scan] RSN_IE
11-21 15:16:58.527 D/LOWI-9.0.0.80( 1026): [LOWI-Scan] decode_rsn_wpa_ie: Entered
11-21 15:16:58.527 D/LOWI-9.0.0.80( 1026): [LOWIUtils] hexDump: msg(30 14 01 00 00 0f ac 04 01 00 00 0f ac 04 01 00 00 0f ac 02 )
11-21 15:16:58.527 D/LOWI-9.0.0.80( 1026): [LOWI-Scan] decode_rsn_wpa_ie: LOWI_ENCRYPTION_TYPE_WPA_PSK
11-21 15:16:58.527 D/LOWI-9.0.0.80( 1026): [LOWI-Scan] is_qcom_ie, bss_age: 4
11-21 15:16:58.527 D/LOWI-9.0.0.80( 1026): [LOWI-Scan] BSS 2c:57:41:83:fd:21 LOWI_PHY_MODE_11NG_HT20(5), Beacon Interval: 100, LOWI_ENCRYPTION_TYPE_WPA_PSK 11mcRanging: No, ANQP: No, LCI: No, Civic: No, capability(0x1411): ESS Privacy ShortSlotTime
11-21 15:16:58.527 D/LOWI-9.0.0.80( 1026): [LOWI-Scan] BSS 2c:57:41:83:fd:21 FREQ: 2462, cFreq1[40:80:160] = [0:0:0] cFreq2 = 0 Country Code = US
11-21 15:16:58.527 D/LOWI-9.0.0.80( 1026): [LOWI-Scan] BSS 2c:57:41:83:fd:21 (wlan0) ASSO: NO AddInfo: 0x0, TSF 1, 23:28:26.220, RSSI: -164, CPL: 2, AGE: 0,  SSID kittyhawk, TSFDelta: 0x0, TXRate: 0
11-21 15:16:58.527 D/LOWI-9.0.0.80( 1026): [LOWI-Scan] 
11-21 15:16:58.527 D/LOWI-9.0.0.80( 1026): [LOWI-Scan] print_bss_handler: Report beacon TSF 170906220501 as it greater than probe TSF 170906220501
11-21 15:16:58.527 I/LOWI-9.0.0.80( 1026): [LOWI-Scan] RSN_IE
11-21 15:16:58.527 D/LOWI-9.0.0.80( 1026): [LOWI-Scan] decode_rsn_wpa_ie: Entered
11-21 15:16:58.527 D/LOWI-9.0.0.80( 1026): [LOWIUtils] hexDump: msg(30 14 01 00 00 0f ac 04 01 00 00 0f ac 04 01 00 00 0f ac 02 )
11-21 15:16:58.528 D/LOWI-9.0.0.80( 1026): [LOWI-Scan] decode_rsn_wpa_ie: LOWI_ENCRYPTION_TYPE_WPA_PSK
11-21 15:16:58.528 D/LOWI-9.0.0.80( 1026): [LOWI-Scan] is_qcom_ie, bss_age: 14
11-21 15:16:58.528 D/LOWI-9.0.0.80( 1026): [LOWI-Scan] BSS 00:24:b1:02:cb:dc LOWI_PHY_MODE_11NG_HT20(5), Beacon Interval: 100, LOWI_ENCRYPTION_TYPE_WPA_PSK 11mcRanging: No, ANQP: No, LCI: No, Civic: No, capability(0x0431): ESS Privacy ShortPreamble ShortSlotTime
11-21 15:16:58.528 D/LOWI-9.0.0.80( 1026): [LOWI-Scan] BSS 00:24:b1:02:cb:dc FREQ: 2452, cFreq1[40:80:160] = [0:0:0] cFreq2 = 0 Country Code =    
11-21 15:16:58.528 D/LOWI-9.0.0.80( 1026): [LOWI-Scan] BSS 00:24:b1:02:cb:dc (wlan0) ASSO: NO AddInfo: 0x1, TSF 1, 23:28:26.220, RSSI: -178, CPL: 127, AGE: 0,  SSID 0024b1000002cbdc, TSFDelta: 0x0, TXRate: 0
11-21 15:16:58.528 D/LOWI-9.0.0.80( 1026): [LOWIDiagLog] Log: lowiMeasResult->request: invalid null argument
11-21 15:16:58.528 I/LOWI-9.0.0.80( 1026): [LOWI-Scan] lowi_close_record:Scan done in 170862298ms, 20 APs in scan results
11-21 15:16:58.528 D/LOWI-9.0.0.80( 1026): [LOWI-Scan] WipsScanUsingNL: passive scan cached 0, took 9425 ms, err 0
11-21 15:16:58.528 D/LOWI-9.0.0.80( 1026): [LOWI-Scan] lowi_proc_req_passive_scan_with_live_meas - No WLAN Frames to be parsed
11-21 15:16:58.528 D/LOWI-9.0.0.80( 1026): [LOWIScanResultReceiver] Send scan meas to listener
11-21 15:16:58.528 D/LOWI-9.0.0.80( 1026): [LOWIScanResultReceiver] Enter passive listening mode
11-21 15:16:58.528 D/LOWI-9.0.0.80( 1026): [LOWIWifiDriverInterface] getMeasurements - Passive listening mode
11-21 15:16:58.528 D/LOWI-9.0.0.80( 1026): [LOWI-Scan] WipsScanUsingNL:wait -1 sec for netlink message
11-21 15:16:58.529 D/LOWI-9.0.0.80( 1026): [LOWIEventReceiver] handleEvent:FROM:NA, TO:NA, REQ:NA, IREQ:NA, REQ_ID:0, RESP:NA, INFO:NA
11-21 15:16:58.529 D/LOWI-9.0.0.80( 1026): [LOWIBackgroundScanMgr] isRspForBgScanMgr: evt(LOWI_NO_EVT) - not handled
11-21 15:16:58.529 D/LOWI-9.0.0.80( 1026): [LOWIScheduler] manageMsg: NULL results or NULL request in results
11-21 15:16:58.529 D/LOWI-9.0.0.80( 1026): [LOWIController] Measurements received
11-21 15:16:58.529 D/LOWI-9.0.0.80( 1026): [LOWICacheManager] putInCache:Num of Meas to add: 20
11-21 15:16:58.529 D/LOWI-9.0.0.80( 1026): [LOWIController] processMeasurementResults: No current Request. Cache measurements
11-21 15:16:58.529 D/LOWI-9.0.0.80( 1026): [LOWIControllerExtn] sendLOWILpDiscoveryScanResponse: Not a discovery scan response
11-21 15:16:58.542 D/PasspointManager( 1186): ANQP entry not found for: 5e:6e:be:46:77:d7:<Pixel_R3>
11-21 15:16:58.542 D/PasspointManager( 1186): ANQP entry not found for: 12:d7:96:61:85:9f:<Pixel_R5>
11-21 15:16:58.542 D/PasspointManager( 1186): ANQP entry not found for: fe:2d:5a:49:61:eb:<Pixel_R2>
11-21 15:16:58.543 D/PasspointManager( 1186): ANQP entry not found for: c6:82:9b:4e:b3:9e:<Pixel_R6>
11-21 15:16:58.543 D/PasspointManager( 1186): ANQP entry not found for: ce:dc:12:3b:87:fd:<Pixel5_R1>
11-21 15:16:58.557 E/StickerBundleDatabaseWorker( 2334): Failed to fetch sticker bundles:
11-21 15:16:58.557 E/StickerBundleDatabaseWorker( 2334): kotlinx.coroutines.JobCancellationException: Job was cancelled; job=JobImpl{Cancelling}@658bc9d
11-21 15:16:58.557 I/WM-WorkerWrapper( 2334): Work [ id=e596069b-4a6f-495d-b19d-a8669de7ea86, tags={ com.facebook.wearable.system.selfcare.sharing.StickerBundleDatabaseWorker } ] was cancelled
11-21 15:16:58.557 I/WM-WorkerWrapper( 2334): java.util.concurrent.CancellationException: Task was cancelled.
11-21 15:16:58.557 I/WM-WorkerWrapper( 2334): 	at androidx.work.impl.utils.futures.AbstractFuture.getDoneValue(:32)
11-21 15:16:58.557 I/WM-WorkerWrapper( 2334): 	at androidx.work.impl.utils.futures.AbstractFuture.get(:268435546)
11-21 15:16:58.557 I/WM-WorkerWrapper( 2334): 	at androidx.work.impl.WorkerWrapper$2.run(:3)
11-21 15:16:58.557 I/WM-WorkerWrapper( 2334): 	at androidx.work.impl.utils.SerialExecutor$Task.run(:2)
11-21 15:16:58.557 I/WM-WorkerWrapper( 2334): 	at java.util.concurrent.ThreadPoolExecutor.runWorker(ThreadPoolExecutor.java:1167)
11-21 15:16:58.557 I/WM-WorkerWrapper( 2334): 	at java.util.concurrent.ThreadPoolExecutor$Worker.run(ThreadPoolExecutor.java:641)
11-21 15:16:58.557 I/WM-WorkerWrapper( 2334): 	at java.lang.Thread.run(Thread.java:923)
11-21 15:16:58.608 D/WifiSharingService( 2870): Sending scanResults intent with status code 0: PendingIntent{9a9d558: android.os.BinderProxy@f61e3c9}
11-21 15:16:58.614 D/CompatibilityInfo( 1186): mCompatibilityFlags - 4
11-21 15:16:58.614 D/CompatibilityInfo( 1186): applicationDensity - 320
11-21 15:16:58.614 D/CompatibilityInfo( 1186): applicationScale - 1.0
11-21 15:16:58.737 E/StickerBundleDatabaseWorker( 2334): Failed to fetch sticker bundles:
11-21 15:16:58.737 E/StickerBundleDatabaseWorker( 2334): kotlinx.coroutines.JobCancellationException: Job was cancelled; job=JobImpl{Cancelling}@9898599
11-21 15:16:58.737 I/WM-WorkerWrapper( 2334): Work [ id=e596069b-4a6f-495d-b19d-a8669de7ea86, tags={ com.facebook.wearable.system.selfcare.sharing.StickerBundleDatabaseWorker } ] was cancelled
11-21 15:16:58.737 I/WM-WorkerWrapper( 2334): java.util.concurrent.CancellationException: Task was cancelled.
11-21 15:16:58.737 I/WM-WorkerWrapper( 2334): 	at androidx.work.impl.utils.futures.AbstractFuture.getDoneValue(:32)
11-21 15:16:58.737 I/WM-WorkerWrapper( 2334): 	at androidx.work.impl.utils.futures.AbstractFuture.get(:268435546)
11-21 15:16:58.737 I/WM-WorkerWrapper( 2334): 	at androidx.work.impl.WorkerWrapper$2.run(:3)
11-21 15:16:58.737 I/WM-WorkerWrapper( 2334): 	at androidx.work.impl.utils.SerialExecutor$Task.run(:2)
11-21 15:16:58.737 I/WM-WorkerWrapper( 2334): 	at java.util.concurrent.ThreadPoolExecutor.runWorker(ThreadPoolExecutor.java:1167)
11-21 15:16:58.737 I/WM-WorkerWrapper( 2334): 	at java.util.concurrent.ThreadPoolExecutor$Worker.run(ThreadPoolExecutor.java:641)
11-21 15:16:58.737 I/WM-WorkerWrapper( 2334): 	at java.lang.Thread.run(Thread.java:923)
11-21 15:16:58.862 E/StickerBundleDatabaseWorker( 2334): Failed to fetch sticker bundles:
11-21 15:16:58.862 E/StickerBundleDatabaseWorker( 2334): kotlinx.coroutines.JobCancellationException: Job was cancelled; job=JobImpl{Cancelling}@93b746a
11-21 15:16:58.863 I/WM-WorkerWrapper( 2334): Work [ id=e596069b-4a6f-495d-b19d-a8669de7ea86, tags={ com.facebook.wearable.system.selfcare.sharing.StickerBundleDatabaseWorker } ] was cancelled
11-21 15:16:58.863 I/WM-WorkerWrapper( 2334): java.util.concurrent.CancellationException: Task was cancelled.
11-21 15:16:58.863 I/WM-WorkerWrapper( 2334): 	at androidx.work.impl.utils.futures.AbstractFuture.getDoneValue(:32)
11-21 15:16:58.863 I/WM-WorkerWrapper( 2334): 	at androidx.work.impl.utils.futures.AbstractFuture.get(:268435546)
11-21 15:16:58.863 I/WM-WorkerWrapper( 2334): 	at androidx.work.impl.WorkerWrapper$2.run(:3)
11-21 15:16:58.863 I/WM-WorkerWrapper( 2334): 	at androidx.work.impl.utils.SerialExecutor$Task.run(:2)
11-21 15:16:58.863 I/WM-WorkerWrapper( 2334): 	at java.util.concurrent.ThreadPoolExecutor.runWorker(ThreadPoolExecutor.java:1167)
11-21 15:16:58.863 I/WM-WorkerWrapper( 2334): 	at java.util.concurrent.ThreadPoolExecutor$Worker.run(ThreadPoolExecutor.java:641)
11-21 15:16:58.863 I/WM-WorkerWrapper( 2334): 	at java.lang.Thread.run(Thread.java:923)
11-21 15:16:59.002 E/StickerBundleDatabaseWorker( 2334): Failed to fetch sticker bundles:
11-21 15:16:59.002 E/StickerBundleDatabaseWorker( 2334): kotlinx.coroutines.JobCancellationException: Job was cancelled; job=JobImpl{Cancelling}@a9b5da4
11-21 15:16:59.002 I/WM-WorkerWrapper( 2334): Work [ id=e596069b-4a6f-495d-b19d-a8669de7ea86, tags={ com.facebook.wearable.system.selfcare.sharing.StickerBundleDatabaseWorker } ] was cancelled
11-21 15:16:59.002 I/WM-WorkerWrapper( 2334): java.util.concurrent.CancellationException: Task was cancelled.
11-21 15:16:59.002 I/WM-WorkerWrapper( 2334): 	at androidx.work.impl.utils.futures.AbstractFuture.getDoneValue(:32)
11-21 15:16:59.002 I/WM-WorkerWrapper( 2334): 	at androidx.work.impl.utils.futures.AbstractFuture.get(:268435546)
11-21 15:16:59.002 I/WM-WorkerWrapper( 2334): 	at androidx.work.impl.WorkerWrapper$2.run(:3)
11-21 15:16:59.002 I/WM-WorkerWrapper( 2334): 	at androidx.work.impl.utils.SerialExecutor$Task.run(:2)
11-21 15:16:59.002 I/WM-WorkerWrapper( 2334): 	at java.util.concurrent.ThreadPoolExecutor.runWorker(ThreadPoolExecutor.java:1167)
11-21 15:16:59.002 I/WM-WorkerWrapper( 2334): 	at java.util.concurrent.ThreadPoolExecutor$Worker.run(ThreadPoolExecutor.java:641)
11-21 15:16:59.002 I/WM-WorkerWrapper( 2334): 	at java.lang.Thread.run(Thread.java:923)
11-21 15:16:59.151 E/StickerBundleDatabaseWorker( 2334): Failed to fetch sticker bundles:
11-21 15:16:59.151 E/StickerBundleDatabaseWorker( 2334): kotlinx.coroutines.JobCancellationException: Job was cancelled; job=JobImpl{Cancelling}@72a0709
11-21 15:16:59.152 I/WM-WorkerWrapper( 2334): Work [ id=e596069b-4a6f-495d-b19d-a8669de7ea86, tags={ com.facebook.wearable.system.selfcare.sharing.StickerBundleDatabaseWorker } ] was cancelled
11-21 15:16:59.152 I/WM-WorkerWrapper( 2334): java.util.concurrent.CancellationException: Task was cancelled.
11-21 15:16:59.152 I/WM-WorkerWrapper( 2334): 	at androidx.work.impl.utils.futures.AbstractFuture.getDoneValue(:32)
11-21 15:16:59.152 I/WM-WorkerWrapper( 2334): 	at androidx.work.impl.utils.futures.AbstractFuture.get(:268435546)
11-21 15:16:59.152 I/WM-WorkerWrapper( 2334): 	at androidx.work.impl.WorkerWrapper$2.run(:3)
11-21 15:16:59.152 I/WM-WorkerWrapper( 2334): 	at androidx.work.impl.utils.SerialExecutor$Task.run(:2)
11-21 15:16:59.152 I/WM-WorkerWrapper( 2334): 	at java.util.concurrent.ThreadPoolExecutor.runWorker(ThreadPoolExecutor.java:1167)
11-21 15:16:59.152 I/WM-WorkerWrapper( 2334): 	at java.util.concurrent.ThreadPoolExecutor$Worker.run(ThreadPoolExecutor.java:641)
11-21 15:16:59.152 I/WM-WorkerWrapper( 2334): 	at java.lang.Thread.run(Thread.java:923)
11-21 15:16:59.310 E/StickerBundleDatabaseWorker( 2334): Failed to fetch sticker bundles:
11-21 15:16:59.310 E/StickerBundleDatabaseWorker( 2334): kotlinx.coroutines.JobCancellationException: Job was cancelled; job=JobImpl{Cancelling}@451cc1a
11-21 15:16:59.311 I/WM-WorkerWrapper( 2334): Work [ id=e596069b-4a6f-495d-b19d-a8669de7ea86, tags={ com.facebook.wearable.system.selfcare.sharing.StickerBundleDatabaseWorker } ] was cancelled
11-21 15:16:59.311 I/WM-WorkerWrapper( 2334): java.util.concurrent.CancellationException: Task was cancelled.
11-21 15:16:59.311 I/WM-WorkerWrapper( 2334): 	at androidx.work.impl.utils.futures.AbstractFuture.getDoneValue(:32)
11-21 15:16:59.311 I/WM-WorkerWrapper( 2334): 	at androidx.work.impl.utils.futures.AbstractFuture.get(:268435546)
11-21 15:16:59.311 I/WM-WorkerWrapper( 2334): 	at androidx.work.impl.WorkerWrapper$2.run(:3)
11-21 15:16:59.311 I/WM-WorkerWrapper( 2334): 	at androidx.work.impl.utils.SerialExecutor$Task.run(:2)
11-21 15:16:59.311 I/WM-WorkerWrapper( 2334): 	at java.util.concurrent.ThreadPoolExecutor.runWorker(ThreadPoolExecutor.java:1167)
11-21 15:16:59.311 I/WM-WorkerWrapper( 2334): 	at java.util.concurrent.ThreadPoolExecutor$Worker.run(ThreadPoolExecutor.java:641)
11-21 15:16:59.311 I/WM-WorkerWrapper( 2334): 	at java.lang.Thread.run(Thread.java:923)
11-21 15:16:59.475 E/StickerBundleDatabaseWorker( 2334): Failed to fetch sticker bundles:
11-21 15:16:59.475 E/StickerBundleDatabaseWorker( 2334): kotlinx.coroutines.JobCancellationException: Job was cancelled; job=JobImpl{Cancelling}@8b08fe6
11-21 15:16:59.475 I/WM-WorkerWrapper( 2334): Work [ id=e596069b-4a6f-495d-b19d-a8669de7ea86, tags={ com.facebook.wearable.system.selfcare.sharing.StickerBundleDatabaseWorker } ] was cancelled
11-21 15:16:59.475 I/WM-WorkerWrapper( 2334): java.util.concurrent.CancellationException: Task was cancelled.
11-21 15:16:59.475 I/WM-WorkerWrapper( 2334): 	at androidx.work.impl.utils.futures.AbstractFuture.getDoneValue(:32)
11-21 15:16:59.475 I/WM-WorkerWrapper( 2334): 	at androidx.work.impl.utils.futures.AbstractFuture.get(:268435546)
11-21 15:16:59.475 I/WM-WorkerWrapper( 2334): 	at androidx.work.impl.WorkerWrapper$2.run(:3)
11-21 15:16:59.475 I/WM-WorkerWrapper( 2334): 	at androidx.work.impl.utils.SerialExecutor$Task.run(:2)
11-21 15:16:59.475 I/WM-WorkerWrapper( 2334): 	at java.util.concurrent.ThreadPoolExecutor.runWorker(ThreadPoolExecutor.java:1167)
11-21 15:16:59.475 I/WM-WorkerWrapper( 2334): 	at java.util.concurrent.ThreadPoolExecutor$Worker.run(ThreadPoolExecutor.java:641)
11-21 15:16:59.475 I/WM-WorkerWrapper( 2334): 	at java.lang.Thread.run(Thread.java:923)
11-21 15:16:59.528 W/HWComposer(  598): Ignoring duplicate VSYNC event from HWC for display 0 (t=170907253721313)
11-21 15:16:59.632 I/WM-WorkerWrapper( 2334): Work [ id=e596069b-4a6f-495d-b19d-a8669de7ea86, tags={ com.facebook.wearable.system.selfcare.sharing.StickerBundleDatabaseWorker } ] was cancelled
11-21 15:16:59.632 I/WM-WorkerWrapper( 2334): java.util.concurrent.CancellationException: Task was cancelled.
11-21 15:16:59.632 I/WM-WorkerWrapper( 2334): 	at androidx.work.impl.utils.futures.AbstractFuture.getDoneValue(:32)
11-21 15:16:59.632 I/WM-WorkerWrapper( 2334): 	at androidx.work.impl.utils.futures.AbstractFuture.get(:268435546)
11-21 15:16:59.632 I/WM-WorkerWrapper( 2334): 	at androidx.work.impl.WorkerWrapper$2.run(:3)
11-21 15:16:59.632 I/WM-WorkerWrapper( 2334): 	at androidx.work.impl.utils.SerialExecutor$Task.run(:2)
11-21 15:16:59.632 I/WM-WorkerWrapper( 2334): 	at java.util.concurrent.ThreadPoolExecutor.runWorker(ThreadPoolExecutor.java:1167)
11-21 15:16:59.632 I/WM-WorkerWrapper( 2334): 	at java.util.concurrent.ThreadPoolExecutor$Worker.run(ThreadPoolExecutor.java:641)
11-21 15:16:59.632 I/WM-WorkerWrapper( 2334): 	at java.lang.Thread.run(Thread.java:923)
11-21 15:16:59.632 E/StickerBundleDatabaseWorker( 2334): Failed to fetch sticker bundles:
11-21 15:16:59.632 E/StickerBundleDatabaseWorker( 2334): kotlinx.coroutines.JobCancellationException: Job was cancelled; job=JobImpl{Cancelling}@26a3d40
11-21 15:16:59.794 E/StickerBundleDatabaseWorker( 2334): Failed to fetch sticker bundles:
11-21 15:16:59.794 E/StickerBundleDatabaseWorker( 2334): kotlinx.coroutines.JobCancellationException: Job was cancelled; job=JobImpl{Cancelling}@7752f35
11-21 15:16:59.795 I/WM-WorkerWrapper( 2334): Work [ id=e596069b-4a6f-495d-b19d-a8669de7ea86, tags={ com.facebook.wearable.system.selfcare.sharing.StickerBundleDatabaseWorker } ] was cancelled
11-21 15:16:59.795 I/WM-WorkerWrapper( 2334): java.util.concurrent.CancellationException: Task was cancelled.
11-21 15:16:59.795 I/WM-WorkerWrapper( 2334): 	at androidx.work.impl.utils.futures.AbstractFuture.getDoneValue(:32)
11-21 15:16:59.795 I/WM-WorkerWrapper( 2334): 	at androidx.work.impl.utils.futures.AbstractFuture.get(:268435546)
11-21 15:16:59.795 I/WM-WorkerWrapper( 2334): 	at androidx.work.impl.WorkerWrapper$2.run(:3)
11-21 15:16:59.795 I/WM-WorkerWrapper( 2334): 	at androidx.work.impl.utils.SerialExecutor$Task.run(:2)
11-21 15:16:59.795 I/WM-WorkerWrapper( 2334): 	at java.util.concurrent.ThreadPoolExecutor.runWorker(ThreadPoolExecutor.java:1167)
11-21 15:16:59.795 I/WM-WorkerWrapper( 2334): 	at java.util.concurrent.ThreadPoolExecutor$Worker.run(ThreadPoolExecutor.java:641)
11-21 15:16:59.795 I/WM-WorkerWrapper( 2334): 	at java.lang.Thread.run(Thread.java:923)
11-21 15:16:59.933 E/StickerBundleDatabaseWorker( 2334): Failed to fetch sticker bundles:
11-21 15:16:59.933 E/StickerBundleDatabaseWorker( 2334): kotlinx.coroutines.JobCancellationException: Job was cancelled; job=JobImpl{Cancelling}@132be96
11-21 15:16:59.934 I/WM-WorkerWrapper( 2334): Work [ id=e596069b-4a6f-495d-b19d-a8669de7ea86, tags={ com.facebook.wearable.system.selfcare.sharing.StickerBundleDatabaseWorker } ] was cancelled
11-21 15:16:59.934 I/WM-WorkerWrapper( 2334): java.util.concurrent.CancellationException: Task was cancelled.
11-21 15:16:59.934 I/WM-WorkerWrapper( 2334): 	at androidx.work.impl.utils.futures.AbstractFuture.getDoneValue(:32)
11-21 15:16:59.934 I/WM-WorkerWrapper( 2334): 	at androidx.work.impl.utils.futures.AbstractFuture.get(:268435546)
11-21 15:16:59.934 I/WM-WorkerWrapper( 2334): 	at androidx.work.impl.WorkerWrapper$2.run(:3)
11-21 15:16:59.934 I/WM-WorkerWrapper( 2334): 	at androidx.work.impl.utils.SerialExecutor$Task.run(:2)
11-21 15:16:59.934 I/WM-WorkerWrapper( 2334): 	at java.util.concurrent.ThreadPoolExecutor.runWorker(ThreadPoolExecutor.java:1167)
11-21 15:16:59.934 I/WM-WorkerWrapper( 2334): 	at java.util.concurrent.ThreadPoolExecutor$Worker.run(ThreadPoolExecutor.java:641)
11-21 15:16:59.934 I/WM-WorkerWrapper( 2334): 	at java.lang.Thread.run(Thread.java:923)
11-21 15:17:00.004 D/KeyguardUpdateMonitor( 1762): received broadcast android.intent.action.TIME_TICK
11-21 15:17:00.004 D/KeyguardUpdateMonitor( 1762): handleTimeUpdate
11-21 15:17:00.111 E/StickerBundleDatabaseWorker( 2334): Failed to fetch sticker bundles:
11-21 15:17:00.111 E/StickerBundleDatabaseWorker( 2334): kotlinx.coroutines.JobCancellationException: Job was cancelled; job=JobImpl{Cancelling}@ab230b3
11-21 15:17:00.111 I/WM-WorkerWrapper( 2334): Work [ id=e596069b-4a6f-495d-b19d-a8669de7ea86, tags={ com.facebook.wearable.system.selfcare.sharing.StickerBundleDatabaseWorker } ] was cancelled
11-21 15:17:00.111 I/WM-WorkerWrapper( 2334): java.util.concurrent.CancellationException: Task was cancelled.
11-21 15:17:00.111 I/WM-WorkerWrapper( 2334): 	at androidx.work.impl.utils.futures.AbstractFuture.getDoneValue(:32)
11-21 15:17:00.111 I/WM-WorkerWrapper( 2334): 	at androidx.work.impl.utils.futures.AbstractFuture.get(:268435546)
11-21 15:17:00.111 I/WM-WorkerWrapper( 2334): 	at androidx.work.impl.WorkerWrapper$2.run(:3)
11-21 15:17:00.111 I/WM-WorkerWrapper( 2334): 	at androidx.work.impl.utils.SerialExecutor$Task.run(:2)
11-21 15:17:00.111 I/WM-WorkerWrapper( 2334): 	at java.util.concurrent.ThreadPoolExecutor.runWorker(ThreadPoolExecutor.java:1167)
11-21 15:17:00.111 I/WM-WorkerWrapper( 2334): 	at java.util.concurrent.ThreadPoolExecutor$Worker.run(ThreadPoolExecutor.java:641)
11-21 15:17:00.111 I/WM-WorkerWrapper( 2334): 	at java.lang.Thread.run(Thread.java:923)
11-21 15:17:00.267 E/StickerBundleDatabaseWorker( 2334): Failed to fetch sticker bundles:
11-21 15:17:00.267 E/StickerBundleDatabaseWorker( 2334): kotlinx.coroutines.JobCancellationException: Job was cancelled; job=JobImpl{Cancelling}@965899c
11-21 15:17:00.267 I/WM-WorkerWrapper( 2334): Work [ id=e596069b-4a6f-495d-b19d-a8669de7ea86, tags={ com.facebook.wearable.system.selfcare.sharing.StickerBundleDatabaseWorker } ] was cancelled
11-21 15:17:00.267 I/WM-WorkerWrapper( 2334): java.util.concurrent.CancellationException: Task was cancelled.
11-21 15:17:00.267 I/WM-WorkerWrapper( 2334): 	at androidx.work.impl.utils.futures.AbstractFuture.getDoneValue(:32)
11-21 15:17:00.267 I/WM-WorkerWrapper( 2334): 	at androidx.work.impl.utils.futures.AbstractFuture.get(:268435546)
11-21 15:17:00.267 I/WM-WorkerWrapper( 2334): 	at androidx.work.impl.WorkerWrapper$2.run(:3)
11-21 15:17:00.267 I/WM-WorkerWrapper( 2334): 	at androidx.work.impl.utils.SerialExecutor$Task.run(:2)
11-21 15:17:00.267 I/WM-WorkerWrapper( 2334): 	at java.util.concurrent.ThreadPoolExecutor.runWorker(ThreadPoolExecutor.java:1167)
11-21 15:17:00.267 I/WM-WorkerWrapper( 2334): 	at java.util.concurrent.ThreadPoolExecutor$Worker.run(ThreadPoolExecutor.java:641)
11-21 15:17:00.267 I/WM-WorkerWrapper( 2334): 	at java.lang.Thread.run(Thread.java:923)
11-21 15:17:00.436 E/StickerBundleDatabaseWorker( 2334): Failed to fetch sticker bundles:
11-21 15:17:00.436 E/StickerBundleDatabaseWorker( 2334): kotlinx.coroutines.JobCancellationException: Job was cancelled; job=JobImpl{Cancelling}@8ac4121
11-21 15:17:00.436 I/WM-WorkerWrapper( 2334): Work [ id=e596069b-4a6f-495d-b19d-a8669de7ea86, tags={ com.facebook.wearable.system.selfcare.sharing.StickerBundleDatabaseWorker } ] was cancelled
11-21 15:17:00.436 I/WM-WorkerWrapper( 2334): java.util.concurrent.CancellationException: Task was cancelled.
11-21 15:17:00.436 I/WM-WorkerWrapper( 2334): 	at androidx.work.impl.utils.futures.AbstractFuture.getDoneValue(:32)
11-21 15:17:00.436 I/WM-WorkerWrapper( 2334): 	at androidx.work.impl.utils.futures.AbstractFuture.get(:268435546)
11-21 15:17:00.436 I/WM-WorkerWrapper( 2334): 	at androidx.work.impl.WorkerWrapper$2.run(:3)
11-21 15:17:00.436 I/WM-WorkerWrapper( 2334): 	at androidx.work.impl.utils.SerialExecutor$Task.run(:2)
11-21 15:17:00.436 I/WM-WorkerWrapper( 2334): 	at java.util.concurrent.ThreadPoolExecutor.runWorker(ThreadPoolExecutor.java:1167)
11-21 15:17:00.436 I/WM-WorkerWrapper( 2334): 	at java.util.concurrent.ThreadPoolExecutor$Worker.run(ThreadPoolExecutor.java:641)
11-21 15:17:00.436 I/WM-WorkerWrapper( 2334): 	at java.lang.Thread.run(Thread.java:923)
11-21 15:17:00.465 D/mcu_health_checker( 1029): Sent MCU Health Request
11-21 15:17:00.466 D/commandrouter( 1006): SocServiceHandle::onServiceMessage, SoC Service = mcu_healthcheck_1029, appType = 1, type = SVC_REQ, clientId = 0, token = 5694, payloadLen = 12, result = 0, payload.size() = 12
11-21 15:17:00.469 D/commandrouter( 1006): mcu_healthcheck_1029 (1, merlot:mcu_health:control): <ServiceResponse> FORWARDED (remote -> local) CR token ID = 5694, service client ID = 40, token ID = 10878, result = 0
11-21 15:17:00.469 D/mcu_health_checker( 1029): MCU Health Response: MCU_OK
11-21 15:17:00.469 D/mcu_health_checker( 1029): MCU Session 0, uptime = 170859776 ms
11-21 15:17:00.469 D/mculinkhealth( 1029): isMcuReachable 1 (4 ms)
11-21 15:17:00.597 E/StickerBundleDatabaseWorker( 2334): Failed to fetch sticker bundles:
11-21 15:17:00.597 E/StickerBundleDatabaseWorker( 2334): kotlinx.coroutines.JobCancellationException: Job was cancelled; job=JobImpl{Cancelling}@1c863d2
11-21 15:17:00.597 I/WM-WorkerWrapper( 2334): Work [ id=e596069b-4a6f-495d-b19d-a8669de7ea86, tags={ com.facebook.wearable.system.selfcare.sharing.StickerBundleDatabaseWorker } ] was cancelled
11-21 15:17:00.597 I/WM-WorkerWrapper( 2334): java.util.concurrent.CancellationException: Task was cancelled.
11-21 15:17:00.597 I/WM-WorkerWrapper( 2334): 	at androidx.work.impl.utils.futures.AbstractFuture.getDoneValue(:32)
11-21 15:17:00.597 I/WM-WorkerWrapper( 2334): 	at androidx.work.impl.utils.futures.AbstractFuture.get(:268435546)
11-21 15:17:00.597 I/WM-WorkerWrapper( 2334): 	at androidx.work.impl.WorkerWrapper$2.run(:3)
11-21 15:17:00.597 I/WM-WorkerWrapper( 2334): 	at androidx.work.impl.utils.SerialExecutor$Task.run(:2)
11-21 15:17:00.597 I/WM-WorkerWrapper( 2334): 	at java.util.concurrent.ThreadPoolExecutor.runWorker(ThreadPoolExecutor.java:1167)
11-21 15:17:00.597 I/WM-WorkerWrapper( 2334): 	at java.util.concurrent.ThreadPoolExecutor$Worker.run(ThreadPoolExecutor.java:641)
11-21 15:17:00.597 I/WM-WorkerWrapper( 2334): 	at java.lang.Thread.run(Thread.java:923)
11-21 15:17:00.749 E/StickerBundleDatabaseWorker( 2334): Failed to fetch sticker bundles:
11-21 15:17:00.749 E/StickerBundleDatabaseWorker( 2334): kotlinx.coroutines.JobCancellationException: Job was cancelled; job=JobImpl{Cancelling}@38f6fff
11-21 15:17:00.749 I/WM-WorkerWrapper( 2334): Work [ id=e596069b-4a6f-495d-b19d-a8669de7ea86, tags={ com.facebook.wearable.system.selfcare.sharing.StickerBundleDatabaseWorker } ] was cancelled
11-21 15:17:00.749 I/WM-WorkerWrapper( 2334): java.util.concurrent.CancellationException: Task was cancelled.
11-21 15:17:00.749 I/WM-WorkerWrapper( 2334): 	at androidx.work.impl.utils.futures.AbstractFuture.getDoneValue(:32)
11-21 15:17:00.749 I/WM-WorkerWrapper( 2334): 	at androidx.work.impl.utils.futures.AbstractFuture.get(:268435546)
11-21 15:17:00.749 I/WM-WorkerWrapper( 2334): 	at androidx.work.impl.WorkerWrapper$2.run(:3)
11-21 15:17:00.749 I/WM-WorkerWrapper( 2334): 	at androidx.work.impl.utils.SerialExecutor$Task.run(:2)
11-21 15:17:00.749 I/WM-WorkerWrapper( 2334): 	at java.util.concurrent.ThreadPoolExecutor.runWorker(ThreadPoolExecutor.java:1167)
11-21 15:17:00.749 I/WM-WorkerWrapper( 2334): 	at java.util.concurrent.ThreadPoolExecutor$Worker.run(ThreadPoolExecutor.java:641)
11-21 15:17:00.749 I/WM-WorkerWrapper( 2334): 	at java.lang.Thread.run(Thread.java:923)
11-21 15:17:00.825 D/UIAutomatorStub(28121): URI: /jsonrpc/0, Method: POST, Header: {content-length=229, remote-addr=127.0.0.1, http-client-ip=127.0.0.1, host=localhost:9012, content-type=application/json, accept-encoding=identity}, params, {NanoHttpd.QUERY_STRING=null}, files: {postData={"jsonrpc": "2.0", "method": "objInfo", "id": "b578ac2ee3cc98659d055b8877d1089b", "params": [{"mask": 2097152, "childOrSibling": [], "childOrSiblingSelector": [], "resourceId": "com.facebook.wearable.system.settings:id/toggle"}]}}
11-21 15:17:00.902 E/StickerBundleDatabaseWorker( 2334): Failed to fetch sticker bundles:
11-21 15:17:00.902 E/StickerBundleDatabaseWorker( 2334): kotlinx.coroutines.JobCancellationException: Job was cancelled; job=JobImpl{Cancelling}@2b6feb8
11-21 15:17:00.902 I/WM-WorkerWrapper( 2334): Work [ id=e596069b-4a6f-495d-b19d-a8669de7ea86, tags={ com.facebook.wearable.system.selfcare.sharing.StickerBundleDatabaseWorker } ] was cancelled
11-21 15:17:00.902 I/WM-WorkerWrapper( 2334): java.util.concurrent.CancellationException: Task was cancelled.
11-21 15:17:00.902 I/WM-WorkerWrapper( 2334): 	at androidx.work.impl.utils.futures.AbstractFuture.getDoneValue(:32)
11-21 15:17:00.902 I/WM-WorkerWrapper( 2334): 	at androidx.work.impl.utils.futures.AbstractFuture.get(:268435546)
11-21 15:17:00.902 I/WM-WorkerWrapper( 2334): 	at androidx.work.impl.WorkerWrapper$2.run(:3)
11-21 15:17:00.902 I/WM-WorkerWrapper( 2334): 	at androidx.work.impl.utils.SerialExecutor$Task.run(:2)
11-21 15:17:00.902 I/WM-WorkerWrapper( 2334): 	at java.util.concurrent.ThreadPoolExecutor.runWorker(ThreadPoolExecutor.java:1167)
11-21 15:17:00.902 I/WM-WorkerWrapper( 2334): 	at java.util.concurrent.ThreadPoolExecutor$Worker.run(ThreadPoolExecutor.java:641)
11-21 15:17:00.902 I/WM-WorkerWrapper( 2334): 	at java.lang.Thread.run(Thread.java:923)
11-21 15:17:00.906 D/UIAutomatorStub(28121): URI: /jsonrpc/0, Method: POST, Header: {content-length=227, remote-addr=127.0.0.1, http-client-ip=127.0.0.1, host=localhost:9012, content-type=application/json, accept-encoding=identity}, params, {NanoHttpd.QUERY_STRING=null}, files: {postData={"jsonrpc": "2.0", "method": "click", "id": "33f2df92291f5e37621389a7dfd8e10b", "params": [{"mask": 2097152, "childOrSibling": [], "childOrSiblingSelector": [], "resourceId": "com.facebook.wearable.system.settings:id/toggle"}]}}
11-21 15:17:00.962 D/WifiSharingService( 2870): Setting Wi-Fi enabled state
11-21 15:17:00.963 I/WifiService( 1186): setWifiEnabled package=com.facebook.wearable.system.connectivity uid=1000 enable=false
11-21 15:17:00.977 D/QCNEJ/WlanStaInfoRelay( 1907): onChange for uri = content://settings/global/wifi_on
11-21 15:17:00.980 E/QMI_FW  (  915): qmi_cci_get_ref: ref count increased 2
11-21 15:17:00.999 D/WifiActiveModeWarden( 1186): Switching all client mode managers
11-21 15:17:01.004 D/WifiP2pService( 1186): Wifi enabled=false, P2P Interface availability=true
11-21 15:17:01.006 D/WifiP2pService( 1186): Wifi enabled=false, P2P Interface availability=true
11-21 15:17:01.008 D/BluetoothAdapterService( 1710): android.net.wifi.WIFI_STATE_CHANGED
11-21 15:17:01.018 D/WifiP2pNative( 1186): Teardown P2P interface
11-21 15:17:01.031 W/HWComposer(  598): Ignoring duplicate VSYNC event from HWC for display 0 (t=170908757164072)
11-21 15:17:01.047 D/WifiClientModeManager0( 1186): IMS not registered over IWLAN for subId: 1
11-21 15:17:01.047 D/WifiClientModeManager0( 1186): The target role 5
11-21 15:17:01.076 I/android_os_HwBinder( 1186): HwBinder: Starting thread pool for getting: android.hardware.wifi.supplicant@1.0::ISupplicant/default
11-21 15:17:01.083 W/ContextImpl( 1186): Calling a method in the system process without a qualified user: android.app.ContextImpl.sendBroadcastMultiplePermissions:1143 android.content.Context.sendBroadcastWithMultiplePermissions:2150 com.android.server.display.WifiDisplayAdapter.handleSendStatusChangeBroadcast:440 com.android.server.display.WifiDisplayAdapter.access$1700:63 com.android.server.display.WifiDisplayAdapter$WifiDisplayHandler.handleMessage:675 
11-21 15:17:01.091 I/wpa_supplicant(15670): p2p0: Do not deauthenticate as part of interface deinit since WoWLAN is enabled
11-21 15:17:01.103 I/WM-WorkerWrapper( 2334): Work [ id=e596069b-4a6f-495d-b19d-a8669de7ea86, tags={ com.facebook.wearable.system.selfcare.sharing.StickerBundleDatabaseWorker } ] was cancelled
11-21 15:17:01.103 I/WM-WorkerWrapper( 2334): java.util.concurrent.CancellationException: Task was cancelled.
11-21 15:17:01.103 I/WM-WorkerWrapper( 2334): 	at androidx.work.impl.utils.futures.AbstractFuture.getDoneValue(:32)
11-21 15:17:01.103 I/WM-WorkerWrapper( 2334): 	at androidx.work.impl.utils.futures.AbstractFuture.get(:268435546)
11-21 15:17:01.103 I/WM-WorkerWrapper( 2334): 	at androidx.work.impl.WorkerWrapper$2.run(:3)
11-21 15:17:01.103 I/WM-WorkerWrapper( 2334): 	at androidx.work.impl.utils.SerialExecutor$Task.run(:2)
11-21 15:17:01.103 I/WM-WorkerWrapper( 2334): 	at java.util.concurrent.ThreadPoolExecutor.runWorker(ThreadPoolExecutor.java:1167)
