11-19 17:19:51.388 D/WifiMemoryStoreImpl( 1196): Set cluster Gfe4af43281bde698 for W99e54c066bbdcc1c: SUCCESS
11-19 17:19:51.390 E/QMI_FW  ( 1117): qmi_cci_get_ref: ref count increased 2
11-19 17:19:51.398 E/QMI_FW  ( 1117): qmi_cci_get_ref: ref count increased 2
11-19 17:19:51.407 I/chatty  ( 1117): uid=1001(radio) main identical 6 lines
11-19 17:19:51.412 E/QMI_FW  ( 1117): qmi_cci_get_ref: ref count increased 2
11-19 17:19:51.415 E/QMI_FW  ( 1117): qmi_cci_get_ref: ref count increased 2
11-19 17:19:51.431 I/chatty  ( 1117): uid=1001(radio) main identical 5 lines
11-19 17:19:51.432 E/QMI_FW  ( 1117): qmi_cci_get_ref: ref count increased 2
11-19 17:19:51.437 I/WM-WorkerWrapper( 2334): Work [ id=e130a2b8-40dd-4560-92fb-3ba7a92b1257, tags={ com.facebook.wearable.system.selfcare.sharing.StickerBundleDatabaseWorker } ] was cancelled
11-19 17:19:51.437 I/WM-WorkerWrapper( 2334): java.util.concurrent.CancellationException: Task was cancelled.
11-19 17:19:51.437 I/WM-WorkerWrapper( 2334): 	at androidx.work.impl.utils.futures.AbstractFuture.getDoneValue(:32)
11-19 17:19:51.437 I/WM-WorkerWrapper( 2334): 	at androidx.work.impl.utils.futures.AbstractFuture.get(:268435546)
11-19 17:19:51.437 I/WM-WorkerWrapper( 2334): 	at androidx.work.impl.WorkerWrapper$2.run(:3)
11-19 17:19:51.437 I/WM-WorkerWrapper( 2334): 	at androidx.work.impl.utils.SerialExecutor$Task.run(:2)
11-19 17:19:51.437 I/WM-WorkerWrapper( 2334): 	at java.util.concurrent.ThreadPoolExecutor.runWorker(ThreadPoolExecutor.java:1167)
11-19 17:19:51.437 I/WM-WorkerWrapper( 2334): 	at java.util.concurrent.ThreadPoolExecutor$Worker.run(ThreadPoolExecutor.java:641)
11-19 17:19:51.437 I/WM-WorkerWrapper( 2334): 	at java.lang.Thread.run(Thread.java:923)
11-19 17:19:51.437 E/QMI_FW  ( 1117): qmi_cci_get_ref: ref count increased 2
11-19 17:19:51.437 E/StickerBundleDatabaseWorker( 2334): Failed to fetch sticker bundles:
11-19 17:19:51.437 E/StickerBundleDatabaseWorker( 2334): kotlinx.coroutines.JobCancellationException: Job was cancelled; job=JobImpl{Cancelling}@7f99da1
11-19 17:19:51.443 I/GnssNetworkConnectivityHandler( 1196): Network connection lost. Available networks count: 1
11-19 17:19:51.443 I/GnssNetworkConnectivityHandler( 1196): updateNetworkState, state=CLOSED, connected=false, network=117, capabilities=[ Transports: WIFI Capabilities: NOT_METERED&INTERNET&NOT_RESTRICTED&TRUSTED&NOT_VPN&VALIDATED&NOT_ROAMING&FOREGROUND&NOT_CONGESTED&NOT_SUSPENDED LinkUpBandwidth>=66000Kbps LinkDnBandwidth>=66000Kbps SignalStrength: -34 OwnerUid: 1000 AdministratorUids: [] SSID: "MTBF_Lab" RequestorUid: -1 RequestorPackageName: null], apn: , availableNetworkCount: 1
11-19 17:19:51.444 W/LocSvc_LocIpc(  526): send:66] failed reason: No such file or directory
11-19 17:19:51.448 D/QCNEJ/DefaultNetworkInfoRelay( 1887): Default network lost: 117
11-19 17:19:51.449 D/QCNEJ/NativeHalConnector( 1887): -> SND notifyDefaultNetworkChanged(1)
11-19 17:19:51.450 D/QCNEJ/WlanStaInfoRelay( 1887): network lost: 117
11-19 17:19:51.451 D/QCNEJ/WlanStaInfoRelay( 1887): onLost: unbind the process to WIFI
11-19 17:19:51.451 D/NetworkManager( 5313): ConnectivityManager.NetworkCallback#onLost()
11-19 17:19:51.454 I/Nat464Xlat( 1196): Android Xlat is disabled
11-19 17:19:51.455 I/Nat464Xlat( 1196): Android Xlat is disabled
11-19 17:19:51.472 D/ConnectivityService( 1196): Sending DISCONNECTED broadcast for type 1 [117 WIFI] isDefaultNetwork=true
11-19 17:19:51.476 D/NetworkManager( 5353): ConnectivityManager.NetworkCallback#onLost()
11-19 17:19:51.485 D/ConnectivityService( 1196): NetReassign [11 : null → 101, 16 : null → 101, 66 : null → 101, 46 : null → 101, 68 : null → 101, 1 : null → 101, 63 : null → 101, 25 : null → 101, 32 : null → 101, 8 : null → 101, 17 : null → 101, 12 : null → 101, 22 : null → 101, 14 : null → 101, 67 : null → 101, 77 : null → 101]
11-19 17:19:51.487 E/NetlinkEvent(  458): NetlinkEvent::FindParam(): Parameter 'INTERFACE' not found
11-19 17:19:51.487 E/NetlinkEvent(  458): NetlinkEvent::FindParam(): Parameter 'STATE' not found
11-19 17:19:51.487 E/NetlinkEvent(  458): NetlinkEvent::FindParam(): Parameter 'TIME_NS' not found
11-19 17:19:51.487 E/NetlinkEvent(  458): NetlinkEvent::FindParam(): Parameter 'UID' not found
11-19 17:19:51.488 D/WifiMemoryStoreImpl( 1196): Set cluster Gfe4af43281bde698 for Wfe4af43281bde698: SUCCESS
11-19 17:19:51.501 D/DhcpClient( 1196): DHCP Packet Handler stopped
11-19 17:19:51.502 D/DhcpClient( 1196): onQuitting
11-19 17:19:51.515 D/ConnectivityService( 1196): Switching to new default network: NetworkAgentInfo{ ni{[type: MOBILE[LTE], state: CONNECTED/CONNECTED, reason: (unspecified), extra: nxtgenphone, failover: false, available: true, roaming: false]}  network{101}  nethandle{437197393933}  lp{{InterfaceName: rmnet_data2 LinkAddresses: [ 10.33.46.96/26,2600:380:c011:8926:dc33:f6e0:ed57:ed5a/64 ] DnsAddresses: [ /172.26.38.1,/fc00:a:a::300 ] Domains: null MTU: 1430 TcpBufferSizes: 2097152,4194304,8388608,262144,524288,1048576 Routes: [ 0.0.0.0/0 -> 10.33.46.97 rmnet_data2 mtu 1430,::/0 -> fe80::9861:291c:876f:a4e3 rmnet_data2 mtu 1430,10.33.46.64/26 -> 0.0.0.0 rmnet_data2 mtu 0,2600:380:c011:8926::/64 -> :: rmnet_data2 mtu 0 ]}}  nc{[ Transports: CELLULAR Capabilities: MMS&SUPL&FOTA&INTERNET&NOT_RESTRICTED&TRUSTED&NOT_VPN&VALIDATED&NOT_ROAMING&NOT_CONGESTED&NOT_SUSPENDED LinkUpBandwidth>=15000Kbps LinkDnBandwidth>=30000Kbps Specifier: <TelephonyNetworkSpecifier [mSubId = 1]> AdministratorUids: [] RequestorUid: -1 RequestorPackageName: null]}  Score{50}  everValidated{true}  lastValidated{true}  created{true} lingering{false} explicitlySelected{false} acceptUnvalidated{false} everCaptivePortalDetected{false} lastCaptivePortalDetected{false} partialConnectivity{false} acceptPartialConnectivity{false} clat{mBaseIface: null, mIface: null, mState: IDLE} }
11-19 17:19:51.538 D/BluetoothAdapterService( 1699): Soft AP is on band: 1
11-19 17:19:51.539 D/BluetoothVendorService( 1699): getPowerBackoff 
11-19 17:19:51.539 D/BluetoothAdapterService( 1699): android.net.wifi.WIFI_STATE_CHANGED
11-19 17:19:51.540 E/WifiNative( 1196): Could not get Iface object for interface null
11-19 17:19:51.541 D/WifiNetworkAgent( 1196): NetworkAgent: NetworkAgent channel lost
11-19 17:19:51.542 D/BluetoothAdapterService( 1699): Soft AP is on band: 1
11-19 17:19:51.544 D/BluetoothVendorService( 1699): getPowerBackoff 
11-19 17:19:51.544 D/BluetoothAdapterService( 1699): android.net.wifi.STATE_CHANGE
11-19 17:19:51.545 D/BluetoothVendorService( 1699): setWifiState to: false
11-19 17:19:51.545 I/BluetoothVendorJni( 1699): setWifiStateNative
11-19 17:19:51.545 I/bt_btif_vendor( 1699): setWifiState :0
11-19 17:19:51.548 W/bt_btm  ( 1699): btm_cb.is_wifi_connected = 0 
11-19 17:19:51.600 E/WifiNative( 1196): Could not get Iface object for interface null
11-19 17:19:51.609 D/CompatibilityInfo( 1196): mCompatibilityFlags - 4
11-19 17:19:51.609 D/CompatibilityInfo( 1196): applicationDensity - 320
11-19 17:19:51.610 D/CompatibilityInfo( 1196): applicationScale - 1.0
11-19 17:19:51.616 D/NetworkTimeUpdateService( 1196): New default network 101; checking time.
11-19 17:19:51.627 D/NetworkManager( 5313): ConnectivityManager.NetworkCallback#onCapabilitiesChanged()
11-19 17:19:51.627 D/NetworkManager( 5313): connected: true
11-19 17:19:51.628 D/MediaBrowserClient( 5313): checkCredentialsAndInitPinPairing()
11-19 17:19:51.628 W/MediaBrowserClient( 5313): Tried to send custom action CHECK_CREDENTIALS_VALID_ACTION but client was not connected
11-19 17:19:51.636 V/LigerRadioStatsReporter( 2348): onCapabilitiesChanged: Network capabilities changed
11-19 17:19:51.636 V/LigerRadioStatsReporter( 2348): reportAndCheckpointRadioStats
11-19 17:19:51.638 V/LigerRadioStatsReporter( 2348): +++++++++++ RADIO STATS DUMP +++++++++++
11-19 17:19:51.638 V/LigerRadioStatsReporter( 2348): totalActiveRadioTimeMs=0
11-19 17:19:51.639 V/LigerRadioStatsReporter( 2348): totalTailRadioTimeMs=13991
11-19 17:19:51.639 V/LigerRadioStatsReporter( 2348): totalWakeupCount=0
11-19 17:19:51.639 V/LigerRadioStatsReporter( 2348): httpUpBytes=0
11-19 17:19:51.639 V/LigerRadioStatsReporter( 2348): httpDownBytes=0
11-19 17:19:51.639 V/LigerRadioStatsReporter( 2348): httpWakeupCount=0
11-19 17:19:51.639 V/LigerRadioStatsReporter( 2348): httpRequestCount=0
11-19 17:19:51.639 V/LigerRadioStatsReporter( 2348): httpActiveRadioTimeMs=0
11-19 17:19:51.639 V/LigerRadioStatsReporter( 2348): httpTailRadioTimeMs=13991
11-19 17:19:51.639 V/LigerRadioStatsReporter( 2348): reportAndCheckpointRadioStats: Tx=0
11-19 17:19:51.639 V/LigerRadioStatsReporter( 2348): reportAndCheckpointRadioStats: Rx=0
11-19 17:19:51.639 V/LigerRadioStatsReporter( 2348): reportAndCheckpointRadioStats: Uids=10027
11-19 17:19:51.639 V/LigerRadioStatsReporter( 2348): reportAndCheckpointRadioStats: Tags=null
11-19 17:19:51.635 D/NetworkManager( 5353): ConnectivityManager.NetworkCallback#onCapabilitiesChanged()
11-19 17:19:51.640 D/NetworkManager( 5353): connected: true
11-19 17:19:51.640 D/QCNEJ/DefaultNetworkInfoRelay( 1887): Default network available: 101
11-19 17:19:51.644 D/QCNEJ/NativeHalConnector( 1887): -> SND notifyDefaultNetworkChanged(0)
11-19 17:19:51.646 E/QMI_FW  (  883): qmi_cci_get_ref: ref count increased 2
11-19 17:19:51.648 V/LigerRadioStatsReporter( 5353): onCapabilitiesChanged: Network capabilities changed
11-19 17:19:51.649 E/QMI_FW  (  883): qmi_cci_get_ref: ref count increased 2
11-19 17:19:51.649 V/LigerRadioStatsReporter( 5353): reportAndCheckpointRadioStats
11-19 17:19:51.661 D/QCNEJ/WwanInfoRelay( 1887): onCapabilitiesChanged: 101 [ Transports: CELLULAR Capabilities: MMS&SUPL&FOTA&INTERNET&NOT_RESTRICTED&TRUSTED&NOT_VPN&VALIDATED&NOT_ROAMING&FOREGROUND&NOT_CONGESTED&NOT_SUSPENDED LinkUpBandwidth>=15000Kbps LinkDnBandwidth>=30000Kbps Specifier: <TelephonyNetworkSpecifier [mSubId = 1]> AdministratorUids: [] RequestorUid: -1 RequestorPackageName: null]
11-19 17:19:51.662 V/LigerRadioStatsReporter( 2348): onCapabilitiesChanged: Network capabilities changed
11-19 17:19:51.662 D/ConnectivityService( 1196): Sending CONNECTED broadcast for type 0 [101 CELLULAR] isDefaultNetwork=true
11-19 17:19:51.663 D/NetworkManager( 5313): ConnectivityManager.NetworkCallback#onCapabilitiesChanged()
11-19 17:19:51.663 D/NetworkManager( 5313): connected: true
11-19 17:19:51.665 I/QCNEJ/WwanInfoRelay( 1887): cacheWwanInfo subId = 1 phoneId = 0 slotId = 0
11-19 17:19:51.751 V/LigerRadioStatsReporter( 5353): +++++++++++ RADIO STATS DUMP +++++++++++
11-19 17:19:51.751 V/LigerRadioStatsReporter( 5353): totalActiveRadioTimeMs=0
11-19 17:19:51.751 V/LigerRadioStatsReporter( 5353): totalTailRadioTimeMs=13998
11-19 17:19:51.761 V/LigerRadioStatsReporter( 5353): totalWakeupCount=0
11-19 17:19:51.761 V/LigerRadioStatsReporter( 5353): httpUpBytes=0
11-19 17:19:51.761 V/LigerRadioStatsReporter( 5353): httpDownBytes=0
11-19 17:19:51.761 V/LigerRadioStatsReporter( 5353): httpWakeupCount=0
11-19 17:19:51.761 V/LigerRadioStatsReporter( 5353): httpRequestCount=0
11-19 17:19:51.761 V/LigerRadioStatsReporter( 5353): httpActiveRadioTimeMs=0
11-19 17:19:51.762 V/LigerRadioStatsReporter( 5353): httpTailRadioTimeMs=13998
11-19 17:19:51.762 V/LigerRadioStatsReporter( 5353): reportAndCheckpointRadioStats: Tx=0
11-19 17:19:51.762 V/LigerRadioStatsReporter( 5353): reportAndCheckpointRadioStats: Rx=0
11-19 17:19:51.762 V/LigerRadioStatsReporter( 5353): reportAndCheckpointRadioStats: Uids=10068
11-19 17:19:51.762 V/LigerRadioStatsReporter( 5353): reportAndCheckpointRadioStats: Tags=null
11-19 17:19:51.770 V/LigerRadioStatsReporter( 5353): onCapabilitiesChanged: Network capabilities changed
11-19 17:19:51.772 D/NetworkManager( 5353): ConnectivityManager.NetworkCallback#onCapabilitiesChanged()
11-19 17:19:51.772 D/NetworkManager( 5353): connected: true
11-19 17:19:51.810 E/SelfCareDataCloudSyncWorker( 2334): Failed to get access token
11-19 17:19:51.810 E/SelfCareDataCloudSyncWorker( 2334): kotlinx.coroutines.JobCancellationException: Job was cancelled; job=JobImpl{Cancelling}@1fdaa20
11-19 17:19:51.810 I/WM-WorkerWrapper( 2334): Work [ id=cf79165d-7ab0-4916-9c30-d911d399386b, tags={ com.facebook.wearable.system.selfcare.cloudsync.SelfCareDataCloudSyncWorker } ] was cancelled
11-19 17:19:51.810 I/WM-WorkerWrapper( 2334): java.util.concurrent.CancellationException: Task was cancelled.
11-19 17:19:51.810 I/WM-WorkerWrapper( 2334): 	at androidx.work.impl.utils.futures.AbstractFuture.getDoneValue(:32)
11-19 17:19:51.810 I/WM-WorkerWrapper( 2334): 	at androidx.work.impl.utils.futures.AbstractFuture.get(:268435546)
11-19 17:19:51.810 I/WM-WorkerWrapper( 2334): 	at androidx.work.impl.WorkerWrapper$2.run(:3)
11-19 17:19:51.810 I/WM-WorkerWrapper( 2334): 	at androidx.work.impl.utils.SerialExecutor$Task.run(:2)
11-19 17:19:51.810 I/WM-WorkerWrapper( 2334): 	at java.util.concurrent.ThreadPoolExecutor.runWorker(ThreadPoolExecutor.java:1167)
11-19 17:19:51.810 I/WM-WorkerWrapper( 2334): 	at java.util.concurrent.ThreadPoolExecutor$Worker.run(ThreadPoolExecutor.java:641)
11-19 17:19:51.810 I/WM-WorkerWrapper( 2334): 	at java.lang.Thread.run(Thread.java:923)
11-19 17:19:51.882 D/CompatibilityInfo( 1196): mCompatibilityFlags - 4
11-19 17:19:51.882 D/CompatibilityInfo( 1196): applicationDensity - 320
11-19 17:19:51.882 D/CompatibilityInfo( 1196): applicationScale - 1.0
11-19 17:19:51.925 E/StickerBundleDatabaseWorker( 2334): Failed to fetch sticker bundles:
11-19 17:19:51.925 E/StickerBundleDatabaseWorker( 2334): kotlinx.coroutines.JobCancellationException: Job was cancelled; job=JobImpl{Cancelling}@c63484c
11-19 17:19:51.925 I/WM-WorkerWrapper( 2334): Work [ id=e130a2b8-40dd-4560-92fb-3ba7a92b1257, tags={ com.facebook.wearable.system.selfcare.sharing.StickerBundleDatabaseWorker } ] was cancelled
11-19 17:19:51.925 I/WM-WorkerWrapper( 2334): java.util.concurrent.CancellationException: Task was cancelled.
11-19 17:19:51.925 I/WM-WorkerWrapper( 2334): 	at androidx.work.impl.utils.futures.AbstractFuture.getDoneValue(:32)
11-19 17:19:51.925 I/WM-WorkerWrapper( 2334): 	at androidx.work.impl.utils.futures.AbstractFuture.get(:268435546)
11-19 17:19:51.925 I/WM-WorkerWrapper( 2334): 	at androidx.work.impl.WorkerWrapper$2.run(:3)
11-19 17:19:51.925 I/WM-WorkerWrapper( 2334): 	at androidx.work.impl.utils.SerialExecutor$Task.run(:2)
11-19 17:19:51.925 I/WM-WorkerWrapper( 2334): 	at java.util.concurrent.ThreadPoolExecutor.runWorker(ThreadPoolExecutor.java:1167)
11-19 17:19:51.925 I/WM-WorkerWrapper( 2334): 	at java.util.concurrent.ThreadPoolExecutor$Worker.run(ThreadPoolExecutor.java:641)
11-19 17:19:51.925 I/WM-WorkerWrapper( 2334): 	at java.lang.Thread.run(Thread.java:923)
11-19 17:19:52.084 D/SettingsSDK::SyncHelper( 2334): Read setting com.facebook.wearable.sdk.selfcare:SELFCARE_SERVICE_ENABLED from persistent cache
11-19 17:19:52.085 D/FacebookRepository( 2334): Reading from Store [906581286488774]
11-19 17:19:52.132 E/SelfCareDataCloudSyncWorker( 2334): Failed to get access token
11-19 17:19:52.132 E/SelfCareDataCloudSyncWorker( 2334): kotlinx.coroutines.JobCancellationException: Job was cancelled; job=JobImpl{Cancelling}@fd9cd4d
11-19 17:19:52.132 I/WM-WorkerWrapper( 2334): Work [ id=cf79165d-7ab0-4916-9c30-d911d399386b, tags={ com.facebook.wearable.system.selfcare.cloudsync.SelfCareDataCloudSyncWorker } ] was cancelled
11-19 17:19:52.132 I/WM-WorkerWrapper( 2334): java.util.concurrent.CancellationException: Task was cancelled.
11-19 17:19:52.132 I/WM-WorkerWrapper( 2334): 	at androidx.work.impl.utils.futures.AbstractFuture.getDoneValue(:32)
11-19 17:19:52.132 I/WM-WorkerWrapper( 2334): 	at androidx.work.impl.utils.futures.AbstractFuture.get(:268435546)
11-19 17:19:52.132 I/WM-WorkerWrapper( 2334): 	at androidx.work.impl.WorkerWrapper$2.run(:3)
11-19 17:19:52.132 I/WM-WorkerWrapper( 2334): 	at androidx.work.impl.utils.SerialExecutor$Task.run(:2)
11-19 17:19:52.132 I/WM-WorkerWrapper( 2334): 	at java.util.concurrent.ThreadPoolExecutor.runWorker(ThreadPoolExecutor.java:1167)
11-19 17:19:52.132 I/WM-WorkerWrapper( 2334): 	at java.util.concurrent.ThreadPoolExecutor$Worker.run(ThreadPoolExecutor.java:641)
11-19 17:19:52.132 I/WM-WorkerWrapper( 2334): 	at java.lang.Thread.run(Thread.java:923)
