11-19 17:11:34.368 D/LOWI-9.0.0.80( 1024): [LOWI-Scan] decode_rsn_wpa_ie: Entered
11-19 17:11:34.368 D/LOWI-9.0.0.80( 1024): [LOWIUtils] hexDump: msg(30 14 01 00 00 0f ac 04 01 00 00 0f ac 04 01 00 00 0f ac 02 )
11-19 17:11:34.368 D/LOWI-9.0.0.80( 1024): [LOWI-Scan] decode_rsn_wpa_ie: LOWI_ENCRYPTION_TYPE_WPA_PSK
11-19 17:11:34.368 D/LOWI-9.0.0.80( 1024): [LOWI-Scan] is_qcom_ie, bss_age: 29
11-19 17:11:34.368 D/LOWI-9.0.0.80( 1024): [LOWI-Scan] BSS ce:dc:12:3b:87:fd LOWI_PHY_MODE_11AC_VHT20_2G(11), Beacon Interval: 100, LOWI_ENCRYPTION_TYPE_WPA_PSK 11mcRanging: No, ANQP: Yes, LCI: No, Civic: No, capability(0x1431): ESS Privacy ShortPreamble ShortSlotTime
11-19 17:11:34.368 D/LOWI-9.0.0.80( 1024): [LOWI-Scan] BSS ce:dc:12:3b:87:fd FREQ: 2437, cFreq1[40:80:160] = [0:0:0] cFreq2 = 0 Country Code =    
11-19 17:11:34.368 D/LOWI-9.0.0.80( 1024): [LOWI-Scan] BSS ce:dc:12:3b:87:fd (wlan0) ASSO: NO AddInfo: 0x1, TSF 0, 01:24:00.612, RSSI: -118, CPL: 127, AGE: 0,  SSID Pixel5_R1, TSFDelta: 0x0, TXRate: 0
11-19 17:11:34.369 D/LOWI-9.0.0.80( 1024): [LOWI-Scan] 
11-19 17:11:34.369 D/LOWI-9.0.0.80( 1024): [LOWI-Scan] print_bss_handler: Report Probe TSF 5040612783 as it greater than Beacon TSF 4886485110
11-19 17:11:34.369 I/LOWI-9.0.0.80( 1024): [LOWI-Scan] RSN_IE
11-19 17:11:34.369 D/LOWI-9.0.0.80( 1024): [LOWI-Scan] decode_rsn_wpa_ie: Entered
11-19 17:11:34.369 D/LOWI-9.0.0.80( 1024): [LOWIUtils] hexDump: msg(30 14 01 00 00 0f ac 04 01 00 00 0f ac 04 01 00 00 0f ac 02 )
11-19 17:11:34.369 D/LOWI-9.0.0.80( 1024): [LOWI-Scan] decode_rsn_wpa_ie: LOWI_ENCRYPTION_TYPE_WPA_PSK
11-19 17:11:34.369 D/LOWI-9.0.0.80( 1024): [LOWI-Scan] is_qcom_ie, bss_age: 44
11-19 17:11:34.369 D/LOWI-9.0.0.80( 1024): [LOWI-Scan] BSS 52:b8:14:37:74:3f LOWI_PHY_MODE_11AC_VHT20_2G(11), Beacon Interval: 100, LOWI_ENCRYPTION_TYPE_WPA_PSK 11mcRanging: No, ANQP: No, LCI: No, Civic: No, capability(0x1431): ESS Privacy ShortPreamble ShortSlotTime
11-19 17:11:34.369 D/LOWI-9.0.0.80( 1024): [LOWI-Scan] BSS 52:b8:14:37:74:3f FREQ: 2417, cFreq1[40:80:160] = [0:0:0] cFreq2 = 0 Country Code =    
11-19 17:11:34.369 D/LOWI-9.0.0.80( 1024): [LOWI-Scan] BSS 52:b8:14:37:74:3f (wlan0) ASSO: NO AddInfo: 0x0, TSF 0, 01:24:00.612, RSSI: -114, CPL: 127, AGE: 0,  SSID Pixel_8668, TSFDelta: 0x0, TXRate: 0
11-19 17:11:34.370 D/WificondScannerImpl( 1194): Filtering out 1 scan results.
11-19 17:11:34.370 D/LOWI-9.0.0.80( 1024): [LOWI-Scan] 
11-19 17:11:34.370 D/LOWI-9.0.0.80( 1024): [LOWI-Scan] print_bss_handler: Report Probe TSF 5040612738 as it greater than Beacon TSF 5011930821
11-19 17:11:34.370 I/LOWI-9.0.0.80( 1024): [LOWI-Scan] RSN_IE
11-19 17:11:34.370 D/LOWI-9.0.0.80( 1024): [LOWI-Scan] decode_rsn_wpa_ie: Entered
11-19 17:11:34.370 D/LOWI-9.0.0.80( 1024): [LOWIUtils] hexDump: msg(30 14 01 00 00 0f ac 04 01 00 00 0f ac 04 01 00 00 0f ac 02 )
11-19 17:11:34.370 D/LOWI-9.0.0.80( 1024): [LOWI-Scan] decode_rsn_wpa_ie: LOWI_ENCRYPTION_TYPE_WPA_PSK
11-19 17:11:34.370 D/LOWI-9.0.0.80( 1024): [LOWI-Scan] is_qcom_ie, bss_age: 49
11-19 17:11:34.370 D/LOWI-9.0.0.80( 1024): [LOWI-Scan] BSS be:9e:0e:1c:6e:7f LOWI_PHY_MODE_11AC_VHT20_2G(11), Beacon Interval: 100, LOWI_ENCRYPTION_TYPE_WPA_PSK 11mcRanging: No, ANQP: No, LCI: No, Civic: No, capability(0x1431): ESS Privacy ShortPreamble ShortSlotTime
11-19 17:11:34.370 D/LOWI-9.0.0.80( 1024): [LOWI-Scan] BSS be:9e:0e:1c:6e:7f FREQ: 2412, cFreq1[40:80:160] = [0:0:0] cFreq2 = 0 Country Code =    
11-19 17:11:34.371 D/LOWI-9.0.0.80( 1024): [LOWI-Scan] BSS be:9e:0e:1c:6e:7f (wlan0) ASSO: NO AddInfo: 0x0, TSF 0, 01:24:00.612, RSSI: -112, CPL: 127, AGE: 0,  SSID Pixel_3541, TSFDelta: 0x0, TXRate: 0
11-19 17:11:34.371 D/LOWI-9.0.0.80( 1024): [LOWI-Scan] 
11-19 17:11:34.371 D/LOWI-9.0.0.80( 1024): [LOWI-Scan] print_bss_handler: Report Probe TSF 5040612914 as it greater than Beacon TSF 4735555949
11-19 17:11:34.371 I/LOWI-9.0.0.80( 1024): [LOWI-Scan] RSN_IE
11-19 17:11:34.371 D/LOWI-9.0.0.80( 1024): [LOWI-Scan] decode_rsn_wpa_ie: Entered
11-19 17:11:34.371 D/LOWI-9.0.0.80( 1024): [LOWIUtils] hexDump: msg(30 14 01 00 00 0f ac 04 01 00 00 0f ac 04 01 00 00 0f ac 02 )
11-19 17:11:34.371 D/LOWI-9.0.0.80( 1024): [LOWI-Scan] decode_rsn_wpa_ie: LOWI_ENCRYPTION_TYPE_WPA_PSK
11-19 17:11:34.371 D/LOWI-9.0.0.80( 1024): [LOWI-Scan] is_qcom_ie, bss_age: 50
11-19 17:11:34.372 D/LOWI-9.0.0.80( 1024): [LOWI-Scan] BSS 2c:57:41:86:7a:61 LOWI_PHY_MODE_11NG_HT20(5), Beacon Interval: 100, LOWI_ENCRYPTION_TYPE_WPA_PSK 11mcRanging: No, ANQP: No, LCI: No, Civic: No, capability(0x1411): ESS Privacy ShortSlotTime
11-19 17:11:34.372 D/LOWI-9.0.0.80( 1024): [LOWI-Scan] BSS 2c:57:41:86:7a:61 FREQ: 2412, cFreq1[40:80:160] = [0:0:0] cFreq2 = 0 Country Code = US
11-19 17:11:34.372 D/LOWI-9.0.0.80( 1024): [LOWI-Scan] BSS 2c:57:41:86:7a:61 (wlan0) ASSO: NO AddInfo: 0x0, TSF 0, 01:24:00.612, RSSI: -156, CPL: 3, AGE: 0,  SSID kittyhawk, TSFDelta: 0x0, TXRate: 0
11-19 17:11:34.372 D/LOWI-9.0.0.80( 1024): [LOWI-Scan] 
11-19 17:11:34.372 D/LOWI-9.0.0.80( 1024): [LOWI-Scan] print_bss_handler: Report Probe TSF 5040612931 as it greater than Beacon TSF 4960225255
11-19 17:11:34.372 I/LOWI-9.0.0.80( 1024): [LOWI-Scan] RSN_IE
11-19 17:11:34.372 D/LOWI-9.0.0.80( 1024): [LOWI-Scan] decode_rsn_wpa_ie: Entered
11-19 17:11:34.373 D/LOWI-9.0.0.80( 1024): [LOWIUtils] hexDump: msg(30 14 01 00 00 0f ac 04 01 00 00 0f ac 04 01 00 00 0f ac 02 )
11-19 17:11:34.373 D/LOWI-9.0.0.80( 1024): [LOWI-Scan] decode_rsn_wpa_ie: LOWI_ENCRYPTION_TYPE_WPA_PSK
11-19 17:11:34.373 D/LOWI-9.0.0.80( 1024): [LOWI-Scan] is_qcom_ie, bss_age: 8
11-19 17:11:34.373 D/LOWI-9.0.0.80( 1024): [LOWI-Scan] BSS 2c:57:41:86:85:21 LOWI_PHY_MODE_11NG_HT20(5), Beacon Interval: 100, LOWI_ENCRYPTION_TYPE_WPA_PSK 11mcRanging: No, ANQP: No, LCI: No, Civic: No, capability(0x1411): ESS Privacy ShortSlotTime
11-19 17:11:34.373 D/LOWI-9.0.0.80( 1024): [LOWI-Scan] BSS 2c:57:41:86:85:21 FREQ: 2462, cFreq1[40:80:160] = [0:0:0] cFreq2 = 0 Country Code = US
11-19 17:11:34.373 D/LOWI-9.0.0.80( 1024): [LOWI-Scan] BSS 2c:57:41:86:85:21 (wlan0) ASSO: NO AddInfo: 0x0, TSF 0, 01:24:00.612, RSSI: -164, CPL: 2, AGE: 0,  SSID kittyhawk, TSFDelta: 0x0, TXRate: 0
11-19 17:11:34.373 D/LOWI-9.0.0.80( 1024): [LOWI-Scan] 
11-19 17:11:34.373 D/LOWI-9.0.0.80( 1024): [LOWI-Scan] print_bss_handler: Report Probe TSF 5040612858 as it greater than Beacon TSF 0
11-19 17:11:34.373 I/LOWI-9.0.0.80( 1024): [LOWI-Scan] RSN_IE
11-19 17:11:34.374 D/LOWI-9.0.0.80( 1024): [LOWI-Scan] decode_rsn_wpa_ie: Entered
11-19 17:11:34.374 D/LOWI-9.0.0.80( 1024): [LOWIUtils] hexDump: msg(30 14 01 00 00 0f ac 04 01 00 00 0f ac 04 01 00 00 0f ac 02 )
11-19 17:11:34.374 D/LOWI-9.0.0.80( 1024): [LOWI-Scan] decode_rsn_wpa_ie: LOWI_ENCRYPTION_TYPE_WPA_PSK
11-19 17:11:34.374 D/LOWI-9.0.0.80( 1024): [LOWI-Scan] is_qcom_ie, bss_age: 50
11-19 17:11:34.374 D/LOWI-9.0.0.80( 1024): [LOWI-Scan] BSS 18:64:72:60:2b:40 LOWI_PHY_MODE_11NG_HT20(5), Beacon Interval: 100, LOWI_ENCRYPTION_TYPE_WPA_PSK 11mcRanging: No, ANQP: No, LCI: No, Civic: No, capability(0x0431): ESS Privacy ShortPreamble ShortSlotTime
11-19 17:11:34.374 D/LOWI-9.0.0.80( 1024): [LOWI-Scan] BSS 18:64:72:60:2b:40 FREQ: 2412, cFreq1[40:80:160] = [0:0:0] cFreq2 = 0 Country Code =    
11-19 17:11:34.374 D/LOWI-9.0.0.80( 1024): [LOWI-Scan] BSS 18:64:72:60:2b:40 (wlan0) ASSO: NO AddInfo: 0x0, TSF 0, 01:24:00.612, RSSI: -142, CPL: 127, AGE: 0,  SSID lab-t24103779, TSFDelta: 0x0, TXRate: 0
11-19 17:11:34.374 D/LOWI-9.0.0.80( 1024): [LOWI-Scan] 
11-19 17:11:34.374 D/LOWI-9.0.0.80( 1024): [LOWI-Scan] print_bss_handler: Report Probe TSF 5011930933 as it greater than Beacon TSF 0
11-19 17:11:34.375 I/LOWI-9.0.0.80( 1024): [LOWI-Scan] RSN_IE
11-19 17:11:34.375 D/LOWI-9.0.0.80( 1024): [LOWI-Scan] decode_rsn_wpa_ie: Entered
11-19 17:11:34.375 D/LOWI-9.0.0.80( 1024): [LOWIUtils] hexDump: msg(30 14 01 00 00 0f ac 04 01 00 00 0f ac 04 01 00 00 0f ac 02 )
11-19 17:11:34.375 D/LOWI-9.0.0.80( 1024): [LOWI-Scan] decode_rsn_wpa_ie: LOWI_ENCRYPTION_TYPE_WPA_PSK
11-19 17:11:34.375 D/LOWI-9.0.0.80( 1024): [LOWI-Scan] is_qcom_ie, bss_age: 32
11-19 17:11:34.375 D/LOWI-9.0.0.80( 1024): [LOWI-Scan] adjust_age:AP AGE upper limit reached. Dont store
11-19 17:11:34.375 D/LOWI-9.0.0.80( 1024): [LOWI-Scan] BSS 2c:57:41:89:63:c1 LOWI_PHY_MODE_11NG_HT20(5), Beacon Interval: 100, LOWI_ENCRYPTION_TYPE_WPA_PSK 11mcRanging: No, ANQP: No, LCI: No, Civic: No, capability(0x1411): ESS Privacy ShortSlotTime
11-19 17:11:34.375 D/LOWI-9.0.0.80( 1024): [LOWI-Scan] BSS 2c:57:41:89:63:c1 FREQ: 2437, cFreq1[40:80:160] = [0:0:0] cFreq2 = 0 Country Code = US
11-19 17:11:34.375 D/LOWI-9.0.0.80( 1024): [LOWI-Scan] BSS 2c:57:41:89:63:c1 (wlan0) ASSO: NO AddInfo: 0x0, TSF 0, 01:23:31.930, RSSI: -162, CPL: 2, AGE: 28680,  SSID kittyhawk, TSFDelta: 0x0, TXRate: 0
11-19 17:11:34.376 D/LOWI-9.0.0.80( 1024): [LOWI-Scan] 
11-19 17:11:34.376 D/LOWI-9.0.0.80( 1024): [LOWI-Scan] print_bss_handler: Report Probe TSF 5040612949 as it greater than Beacon TSF 0
11-19 17:11:34.376 I/LOWI-9.0.0.80( 1024): [LOWI-Scan] RSN_IE
11-19 17:11:34.376 D/LOWI-9.0.0.80( 1024): [LOWI-Scan] decode_rsn_wpa_ie: Entered
11-19 17:11:34.376 D/LOWI-9.0.0.80( 1024): [LOWIUtils] hexDump: msg(30 14 01 00 00 0f ac 04 01 00 00 0f ac 04 01 00 00 0f ac 02 )
11-19 17:11:34.376 D/LOWI-9.0.0.80( 1024): [LOWI-Scan] decode_rsn_wpa_ie: LOWI_ENCRYPTION_TYPE_WPA_PSK
11-19 17:11:34.376 D/LOWI-9.0.0.80( 1024): [LOWI-Scan] is_qcom_ie, bss_age: 50
11-19 17:11:34.376 D/LOWI-9.0.0.80( 1024): [LOWI-Scan] BSS 2c:57:41:89:53:21 LOWI_PHY_MODE_11NG_HT20(5), Beacon Interval: 100, LOWI_ENCRYPTION_TYPE_WPA_PSK 11mcRanging: No, ANQP: No, LCI: No, Civic: No, capability(0x1411): ESS Privacy ShortSlotTime
11-19 17:11:34.376 D/LOWI-9.0.0.80( 1024): [LOWI-Scan] BSS 2c:57:41:89:53:21 FREQ: 2412, cFreq1[40:80:160] = [0:0:0] cFreq2 = 0 Country Code = US
11-19 17:11:34.376 D/LOWI-9.0.0.80( 1024): [LOWI-Scan] BSS 2c:57:41:89:53:21 (wlan0) ASSO: NO AddInfo: 0x0, TSF 0, 01:24:00.612, RSSI: -162, CPL: 3, AGE: 0,  SSID kittyhawk, TSFDelta: 0x0, TXRate: 0
11-19 17:11:34.376 D/LOWI-9.0.0.80( 1024): [LOWIDiagLog] Log: lowiMeasResult->request: invalid null argument
11-19 17:11:34.376 I/LOWI-9.0.0.80( 1024): [LOWI-Scan] lowi_close_record:Scan done in 4996859ms, 18 APs in scan results
11-19 17:11:34.377 D/LOWI-9.0.0.80( 1024): [LOWI-Scan] WipsScanUsingNL: passive scan cached 0, took 9193 ms, err 0
11-19 17:11:34.377 D/LOWI-9.0.0.80( 1024): [LOWI-Scan] lowi_proc_req_passive_scan_with_live_meas - No WLAN Frames to be parsed
11-19 17:11:34.377 D/LOWI-9.0.0.80( 1024): [LOWIScanResultReceiver] Send scan meas to listener
11-19 17:11:34.377 D/LOWI-9.0.0.80( 1024): [LOWIScanResultReceiver] Enter passive listening mode
11-19 17:11:34.377 D/LOWI-9.0.0.80( 1024): [LOWIWifiDriverInterface] getMeasurements - Passive listening mode
11-19 17:11:34.377 D/LOWI-9.0.0.80( 1024): [LOWI-Scan] WipsScanUsingNL:wait -1 sec for netlink message
11-19 17:11:34.377 D/LOWI-9.0.0.80( 1024): [LOWIEventReceiver] handleEvent:FROM:NA, TO:NA, REQ:NA, IREQ:NA, REQ_ID:0, RESP:NA, INFO:NA
11-19 17:11:34.377 D/LOWI-9.0.0.80( 1024): [LOWIBackgroundScanMgr] isRspForBgScanMgr: evt(LOWI_NO_EVT) - not handled
11-19 17:11:34.377 D/LOWI-9.0.0.80( 1024): [LOWIScheduler] manageMsg: NULL results or NULL request in results
11-19 17:11:34.377 D/LOWI-9.0.0.80( 1024): [LOWIController] Measurements received
11-19 17:11:34.377 D/LOWI-9.0.0.80( 1024): [LOWICacheManager] putInCache:Num of Meas to add: 18
11-19 17:11:34.378 D/LOWI-9.0.0.80( 1024): [LOWIController] processMeasurementResults: No current Request. Cache measurements
11-19 17:11:34.378 D/LOWI-9.0.0.80( 1024): [LOWIControllerExtn] sendLOWILpDiscoveryScanResponse: Not a discovery scan response
11-19 17:11:34.384 D/PasspointManager( 1194): ANQP entry not found for: c6:82:9b:4e:b3:9e:<Pixel_R6>
11-19 17:11:34.384 D/PasspointManager( 1194): ANQP entry not found for: 5e:6e:be:46:77:d7:<Pixel_R3>
11-19 17:11:34.384 D/PasspointManager( 1194): ANQP entry not found for: fe:2d:5a:49:61:eb:<Pixel_R2>
11-19 17:11:34.385 D/PasspointManager( 1194): ANQP entry not found for: 12:d7:96:61:85:9f:<Pixel_R5>
11-19 17:11:34.385 D/PasspointManager( 1194): ANQP entry not found for: ce:dc:12:3b:87:fd:<Pixel5_R1>
11-19 17:11:34.412 D/CompatibilityInfo( 1194): mCompatibilityFlags - 4
11-19 17:11:34.412 D/CompatibilityInfo( 1194): applicationDensity - 320
11-19 17:11:34.412 D/CompatibilityInfo( 1194): applicationScale - 1.0
11-19 17:11:34.432 D/WifiSharingService( 2841): Sending scanResults intent with status code 0: PendingIntent{e82d699: android.os.BinderProxy@f201625}
11-19 17:11:34.436 D/CompatibilityInfo( 1194): mCompatibilityFlags - 4
11-19 17:11:34.437 D/CompatibilityInfo( 1194): applicationDensity - 320
11-19 17:11:34.437 D/CompatibilityInfo( 1194): applicationScale - 1.0
11-19 17:11:34.466 I/chatty  ( 2351): uid=10060(com.facebook.wearable.system.selfcare) DefaultDispatch expire 1 line
11-19 17:11:34.466 I/chatty  ( 2351): uid=10060(com.facebook.wearable.system.selfcare) pool-3-thread-1 expire 2 lines
11-19 17:11:34.594 I/chatty  ( 2351): uid=10060(com.facebook.wearable.system.selfcare) DefaultDispatch expire 1 line
11-19 17:11:34.595 I/chatty  ( 2351): uid=10060(com.facebook.wearable.system.selfcare) MainTP_62 expire 1 line
11-19 17:11:34.677 I/chatty  ( 2351): uid=10060(com.facebook.wearable.system.selfcare) MainTP_65 expire 1 line
11-19 17:11:34.750 D/CompatibilityInfo( 1194): mCompatibilityFlags - 4
11-19 17:11:34.750 D/CompatibilityInfo( 1194): applicationDensity - 320
11-19 17:11:34.751 D/CompatibilityInfo( 1194): applicationScale - 1.0
11-19 17:11:34.807 I/chatty  ( 2351): uid=10060(com.facebook.wearable.system.selfcare) DefaultDispatch expire 2 lines
11-19 17:11:34.807 I/chatty  ( 2351): uid=10060(com.facebook.wearable.system.selfcare) pool-3-thread-1 expire 1 line
11-19 17:11:34.939 I/chatty  ( 2351): uid=10060(com.facebook.wearable.system.selfcare) MainTP_61 expire 1 line
11-19 17:11:35.066 E/StickerBundleDatabaseWorker( 2351): Failed to fetch sticker bundles:
11-19 17:11:35.066 E/StickerBundleDatabaseWorker( 2351): kotlinx.coroutines.JobCancellationException: Job was cancelled; job=JobImpl{Cancelling}@aff712e
11-19 17:11:35.066 I/WM-WorkerWrapper( 2351): Work [ id=731e9e35-e8c2-49b1-b246-986e05f06ab6, tags={ com.facebook.wearable.system.selfcare.sharing.StickerBundleDatabaseWorker } ] was cancelled
11-19 17:11:35.066 I/WM-WorkerWrapper( 2351): java.util.concurrent.CancellationException: Task was cancelled.
11-19 17:11:35.066 I/WM-WorkerWrapper( 2351): 	at androidx.work.impl.utils.futures.AbstractFuture.getDoneValue(:32)
11-19 17:11:35.066 I/WM-WorkerWrapper( 2351): 	at androidx.work.impl.utils.futures.AbstractFuture.get(:268435546)
11-19 17:11:35.066 I/WM-WorkerWrapper( 2351): 	at androidx.work.impl.WorkerWrapper$2.run(:3)
11-19 17:11:35.066 I/WM-WorkerWrapper( 2351): 	at androidx.work.impl.utils.SerialExecutor$Task.run(:2)
11-19 17:11:35.066 I/WM-WorkerWrapper( 2351): 	at java.util.concurrent.ThreadPoolExecutor.runWorker(ThreadPoolExecutor.java:1167)
11-19 17:11:35.066 I/WM-WorkerWrapper( 2351): 	at java.util.concurrent.ThreadPoolExecutor$Worker.run(ThreadPoolExecutor.java:641)
11-19 17:11:35.066 I/WM-WorkerWrapper( 2351): 	at java.lang.Thread.run(Thread.java:923)
11-19 17:11:35.146 D/CompatibilityInfo( 1194): mCompatibilityFlags - 4
11-19 17:11:35.146 D/CompatibilityInfo( 1194): applicationDensity - 320
11-19 17:11:35.146 D/CompatibilityInfo( 1194): applicationScale - 1.0
11-19 17:11:35.201 E/SelfCareDataCloudSyncWorker( 2351): Failed to get access token
11-19 17:11:35.201 E/SelfCareDataCloudSyncWorker( 2351): kotlinx.coroutines.JobCancellationException: Job was cancelled; job=JobImpl{Cancelling}@595723a
11-19 17:11:35.201 I/WM-WorkerWrapper( 2351): Work [ id=41176d4d-428f-4560-a8c8-961a1631ba8f, tags={ com.facebook.wearable.system.selfcare.cloudsync.SelfCareDataCloudSyncWorker } ] was cancelled
11-19 17:11:35.201 I/WM-WorkerWrapper( 2351): java.util.concurrent.CancellationException: Task was cancelled.
11-19 17:11:35.201 I/WM-WorkerWrapper( 2351): 	at androidx.work.impl.utils.futures.AbstractFuture.getDoneValue(:32)
11-19 17:11:35.201 I/WM-WorkerWrapper( 2351): 	at androidx.work.impl.utils.futures.AbstractFuture.get(:268435546)
11-19 17:11:35.201 I/WM-WorkerWrapper( 2351): 	at androidx.work.impl.WorkerWrapper$2.run(:3)
11-19 17:11:35.201 I/WM-WorkerWrapper( 2351): 	at androidx.work.impl.utils.SerialExecutor$Task.run(:2)
11-19 17:11:35.201 I/WM-WorkerWrapper( 2351): 	at java.util.concurrent.ThreadPoolExecutor.runWorker(ThreadPoolExecutor.java:1167)
11-19 17:11:35.201 I/WM-WorkerWrapper( 2351): 	at java.util.concurrent.ThreadPoolExecutor$Worker.run(ThreadPoolExecutor.java:641)
11-19 17:11:35.201 I/WM-WorkerWrapper( 2351): 	at java.lang.Thread.run(Thread.java:923)
11-19 17:11:35.331 D/SettingsSDK::SyncHelper( 2351): Read setting com.facebook.wearable.sdk.selfcare:SELFCARE_SERVICE_ENABLED from persistent cache
11-19 17:11:35.331 D/FacebookRepository( 2351): Reading from Store [906581286488774]
11-19 17:11:35.350 W/HWComposer(  577): Ignoring duplicate VSYNC event from HWC for display 0 (t=5041613261722)
11-19 17:11:35.434 E/StickerBundleDatabaseWorker( 2351): Failed to fetch sticker bundles:
11-19 17:11:35.434 E/StickerBundleDatabaseWorker( 2351): kotlinx.coroutines.JobCancellationException: Job was cancelled; job=JobImpl{Cancelling}@5f40e92
11-19 17:11:35.434 I/WM-WorkerWrapper( 2351): Work [ id=731e9e35-e8c2-49b1-b246-986e05f06ab6, tags={ com.facebook.wearable.system.selfcare.sharing.StickerBundleDatabaseWorker } ] was cancelled
11-19 17:11:35.434 I/WM-WorkerWrapper( 2351): java.util.concurrent.CancellationException: Task was cancelled.
11-19 17:11:35.434 I/WM-WorkerWrapper( 2351): 	at androidx.work.impl.utils.futures.AbstractFuture.getDoneValue(:32)
11-19 17:11:35.434 I/WM-WorkerWrapper( 2351): 	at androidx.work.impl.utils.futures.AbstractFuture.get(:268435546)
11-19 17:11:35.434 I/WM-WorkerWrapper( 2351): 	at androidx.work.impl.WorkerWrapper$2.run(:3)
11-19 17:11:35.434 I/WM-WorkerWrapper( 2351): 	at androidx.work.impl.utils.SerialExecutor$Task.run(:2)
11-19 17:11:35.434 I/WM-WorkerWrapper( 2351): 	at java.util.concurrent.ThreadPoolExecutor.runWorker(ThreadPoolExecutor.java:1167)
11-19 17:11:35.434 I/WM-WorkerWrapper( 2351): 	at java.util.concurrent.ThreadPoolExecutor$Worker.run(ThreadPoolExecutor.java:641)
11-19 17:11:35.434 I/WM-WorkerWrapper( 2351): 	at java.lang.Thread.run(Thread.java:923)
11-19 17:11:35.519 D/CompatibilityInfo( 1194): mCompatibilityFlags - 4
11-19 17:11:35.519 D/CompatibilityInfo( 1194): applicationDensity - 320
11-19 17:11:35.519 D/CompatibilityInfo( 1194): applicationScale - 1.0
11-19 17:11:35.576 E/SelfCareDataCloudSyncWorker( 2351): Failed to get access token
11-19 17:11:35.576 E/SelfCareDataCloudSyncWorker( 2351): kotlinx.coroutines.JobCancellationException: Job was cancelled; job=JobImpl{Cancelling}@24081de
11-19 17:11:35.576 I/WM-WorkerWrapper( 2351): Work [ id=41176d4d-428f-4560-a8c8-961a1631ba8f, tags={ com.facebook.wearable.system.selfcare.cloudsync.SelfCareDataCloudSyncWorker } ] was cancelled
11-19 17:11:35.576 I/WM-WorkerWrapper( 2351): java.util.concurrent.CancellationException: Task was cancelled.
11-19 17:11:35.576 I/WM-WorkerWrapper( 2351): 	at androidx.work.impl.utils.futures.AbstractFuture.getDoneValue(:32)
11-19 17:11:35.576 I/WM-WorkerWrapper( 2351): 	at androidx.work.impl.utils.futures.AbstractFuture.get(:268435546)
11-19 17:11:35.576 I/WM-WorkerWrapper( 2351): 	at androidx.work.impl.WorkerWrapper$2.run(:3)
11-19 17:11:35.576 I/WM-WorkerWrapper( 2351): 	at androidx.work.impl.utils.SerialExecutor$Task.run(:2)
11-19 17:11:35.576 I/WM-WorkerWrapper( 2351): 	at java.util.concurrent.ThreadPoolExecutor.runWorker(ThreadPoolExecutor.java:1167)
11-19 17:11:35.576 I/WM-WorkerWrapper( 2351): 	at java.util.concurrent.ThreadPoolExecutor$Worker.run(ThreadPoolExecutor.java:641)
11-19 17:11:35.576 I/WM-WorkerWrapper( 2351): 	at java.lang.Thread.run(Thread.java:923)
11-19 17:11:35.707 D/SettingsSDK::SyncHelper( 2351): Read setting com.facebook.wearable.sdk.selfcare:SELFCARE_SERVICE_ENABLED from persistent cache
11-19 17:11:35.707 D/FacebookRepository( 2351): Reading from Store [906581286488774]
11-19 17:11:35.816 I/WM-WorkerWrapper( 2351): Work [ id=731e9e35-e8c2-49b1-b246-986e05f06ab6, tags={ com.facebook.wearable.system.selfcare.sharing.StickerBundleDatabaseWorker } ] was cancelled
11-19 17:11:35.816 I/WM-WorkerWrapper( 2351): java.util.concurrent.CancellationException: Task was cancelled.
11-19 17:11:35.816 I/WM-WorkerWrapper( 2351): 	at androidx.work.impl.utils.futures.AbstractFuture.getDoneValue(:32)
11-19 17:11:35.816 I/WM-WorkerWrapper( 2351): 	at androidx.work.impl.utils.futures.AbstractFuture.get(:268435546)
11-19 17:11:35.816 I/WM-WorkerWrapper( 2351): 	at androidx.work.impl.WorkerWrapper$2.run(:3)
11-19 17:11:35.816 I/WM-WorkerWrapper( 2351): 	at androidx.work.impl.utils.SerialExecutor$Task.run(:2)
11-19 17:11:35.816 I/WM-WorkerWrapper( 2351): 	at java.util.concurrent.ThreadPoolExecutor.runWorker(ThreadPoolExecutor.java:1167)
11-19 17:11:35.816 I/WM-WorkerWrapper( 2351): 	at java.util.concurrent.ThreadPoolExecutor$Worker.run(ThreadPoolExecutor.java:641)
11-19 17:11:35.816 I/WM-WorkerWrapper( 2351): 	at java.lang.Thread.run(Thread.java:923)
11-19 17:11:35.816 E/StickerBundleDatabaseWorker( 2351): Failed to fetch sticker bundles:
11-19 17:11:35.816 E/StickerBundleDatabaseWorker( 2351): kotlinx.coroutines.JobCancellationException: Job was cancelled; job=JobImpl{Cancelling}@b577b24
11-19 17:11:35.901 D/CompatibilityInfo( 1194): mCompatibilityFlags - 4
11-19 17:11:35.901 D/CompatibilityInfo( 1194): applicationDensity - 320
11-19 17:11:35.901 D/CompatibilityInfo( 1194): applicationScale - 1.0
11-19 17:11:35.962 E/SelfCareDataCloudSyncWorker( 2351): Failed to get access token
11-19 17:11:35.962 E/SelfCareDataCloudSyncWorker( 2351): kotlinx.coroutines.JobCancellationException: Job was cancelled; job=JobImpl{Cancelling}@ae0a853
11-19 17:11:35.962 I/WM-WorkerWrapper( 2351): Work [ id=41176d4d-428f-4560-a8c8-961a1631ba8f, tags={ com.facebook.wearable.system.selfcare.cloudsync.SelfCareDataCloudSyncWorker } ] was cancelled
11-19 17:11:35.962 I/WM-WorkerWrapper( 2351): java.util.concurrent.CancellationException: Task was cancelled.
11-19 17:11:35.962 I/WM-WorkerWrapper( 2351): 	at androidx.work.impl.utils.futures.AbstractFuture.getDoneValue(:32)
11-19 17:11:35.962 I/WM-WorkerWrapper( 2351): 	at androidx.work.impl.utils.futures.AbstractFuture.get(:268435546)
11-19 17:11:35.962 I/WM-WorkerWrapper( 2351): 	at androidx.work.impl.WorkerWrapper$2.run(:3)
11-19 17:11:35.962 I/WM-WorkerWrapper( 2351): 	at androidx.work.impl.utils.SerialExecutor$Task.run(:2)
11-19 17:11:35.962 I/WM-WorkerWrapper( 2351): 	at java.util.concurrent.ThreadPoolExecutor.runWorker(ThreadPoolExecutor.java:1167)
11-19 17:11:35.962 I/WM-WorkerWrapper( 2351): 	at java.util.concurrent.ThreadPoolExecutor$Worker.run(ThreadPoolExecutor.java:641)
11-19 17:11:35.962 I/WM-WorkerWrapper( 2351): 	at java.lang.Thread.run(Thread.java:923)
11-19 17:11:36.093 D/SettingsSDK::SyncHelper( 2351): Read setting com.facebook.wearable.sdk.selfcare:SELFCARE_SERVICE_ENABLED from persistent cache
11-19 17:11:36.094 D/FacebookRepository( 2351): Reading from Store [906581286488774]
11-19 17:11:36.205 E/StickerBundleDatabaseWorker( 2351): Failed to fetch sticker bundles:
11-19 17:11:36.205 E/StickerBundleDatabaseWorker( 2351): kotlinx.coroutines.JobCancellationException: Job was cancelled; job=JobImpl{Cancelling}@6f705c1
11-19 17:11:36.205 I/WM-WorkerWrapper( 2351): Work [ id=731e9e35-e8c2-49b1-b246-986e05f06ab6, tags={ com.facebook.wearable.system.selfcare.sharing.StickerBundleDatabaseWorker } ] was cancelled
11-19 17:11:36.205 I/WM-WorkerWrapper( 2351): java.util.concurrent.CancellationException: Task was cancelled.
11-19 17:11:36.205 I/WM-WorkerWrapper( 2351): 	at androidx.work.impl.utils.futures.AbstractFuture.getDoneValue(:32)
11-19 17:11:36.205 I/WM-WorkerWrapper( 2351): 	at androidx.work.impl.utils.futures.AbstractFuture.get(:268435546)
11-19 17:11:36.205 I/WM-WorkerWrapper( 2351): 	at androidx.work.impl.WorkerWrapper$2.run(:3)
11-19 17:11:36.205 I/WM-WorkerWrapper( 2351): 	at androidx.work.impl.utils.SerialExecutor$Task.run(:2)
11-19 17:11:36.205 I/WM-WorkerWrapper( 2351): 	at java.util.concurrent.ThreadPoolExecutor.runWorker(ThreadPoolExecutor.java:1167)
11-19 17:11:36.205 I/WM-WorkerWrapper( 2351): 	at java.util.concurrent.ThreadPoolExecutor$Worker.run(ThreadPoolExecutor.java:641)
11-19 17:11:36.205 I/WM-WorkerWrapper( 2351): 	at java.lang.Thread.run(Thread.java:923)
11-19 17:11:36.297 D/CompatibilityInfo( 1194): mCompatibilityFlags - 4
11-19 17:11:36.297 D/CompatibilityInfo( 1194): applicationDensity - 320
11-19 17:11:36.297 D/CompatibilityInfo( 1194): applicationScale - 1.0
11-19 17:11:36.356 E/SelfCareDataCloudSyncWorker( 2351): Failed to get access token
11-19 17:11:36.356 E/SelfCareDataCloudSyncWorker( 2351): kotlinx.coroutines.JobCancellationException: Job was cancelled; job=JobImpl{Cancelling}@b21f554
11-19 17:11:36.357 I/WM-WorkerWrapper( 2351): Work [ id=41176d4d-428f-4560-a8c8-961a1631ba8f, tags={ com.facebook.wearable.system.selfcare.cloudsync.SelfCareDataCloudSyncWorker } ] was cancelled
11-19 17:11:36.357 I/WM-WorkerWrapper( 2351): java.util.concurrent.CancellationException: Task was cancelled.
11-19 17:11:36.357 I/WM-WorkerWrapper( 2351): 	at androidx.work.impl.utils.futures.AbstractFuture.getDoneValue(:32)
11-19 17:11:36.357 I/WM-WorkerWrapper( 2351): 	at androidx.work.impl.utils.futures.AbstractFuture.get(:268435546)
11-19 17:11:36.357 I/WM-WorkerWrapper( 2351): 	at androidx.work.impl.WorkerWrapper$2.run(:3)
11-19 17:11:36.357 I/WM-WorkerWrapper( 2351): 	at androidx.work.impl.utils.SerialExecutor$Task.run(:2)
11-19 17:11:36.357 I/WM-WorkerWrapper( 2351): 	at java.util.concurrent.ThreadPoolExecutor.runWorker(ThreadPoolExecutor.java:1167)
11-19 17:11:36.357 I/WM-WorkerWrapper( 2351): 	at java.util.concurrent.ThreadPoolExecutor$Worker.run(ThreadPoolExecutor.java:641)
11-19 17:11:36.357 I/WM-WorkerWrapper( 2351): 	at java.lang.Thread.run(Thread.java:923)
11-19 17:11:36.498 D/SettingsSDK::SyncHelper( 2351): Read setting com.facebook.wearable.sdk.selfcare:SELFCARE_SERVICE_ENABLED from persistent cache
11-19 17:11:36.499 D/FacebookRepository( 2351): Reading from Store [906581286488774]
11-19 17:11:36.605 E/StickerBundleDatabaseWorker( 2351): Failed to fetch sticker bundles:
11-19 17:11:36.605 E/StickerBundleDatabaseWorker( 2351): kotlinx.coroutines.JobCancellationException: Job was cancelled; job=JobImpl{Cancelling}@f4b994a
11-19 17:11:36.605 I/WM-WorkerWrapper( 2351): Work [ id=731e9e35-e8c2-49b1-b246-986e05f06ab6, tags={ com.facebook.wearable.system.selfcare.sharing.StickerBundleDatabaseWorker } ] was cancelled
11-19 17:11:36.605 I/WM-WorkerWrapper( 2351): java.util.concurrent.CancellationException: Task was cancelled.
11-19 17:11:36.605 I/WM-WorkerWrapper( 2351): 	at androidx.work.impl.utils.futures.AbstractFuture.getDoneValue(:32)
11-19 17:11:36.605 I/WM-WorkerWrapper( 2351): 	at androidx.work.impl.utils.futures.AbstractFuture.get(:268435546)
11-19 17:11:36.605 I/WM-WorkerWrapper( 2351): 	at androidx.work.impl.WorkerWrapper$2.run(:3)
11-19 17:11:36.605 I/WM-WorkerWrapper( 2351): 	at androidx.work.impl.utils.SerialExecutor$Task.run(:2)
11-19 17:11:36.605 I/WM-WorkerWrapper( 2351): 	at java.util.concurrent.ThreadPoolExecutor.runWorker(ThreadPoolExecutor.java:1167)
11-19 17:11:36.605 I/WM-WorkerWrapper( 2351): 	at java.util.concurrent.ThreadPoolExecutor$Worker.run(ThreadPoolExecutor.java:641)
11-19 17:11:36.605 I/WM-WorkerWrapper( 2351): 	at java.lang.Thread.run(Thread.java:923)
11-19 17:11:36.687 D/CompatibilityInfo( 1194): mCompatibilityFlags - 4
11-19 17:11:36.687 D/CompatibilityInfo( 1194): applicationDensity - 320
11-19 17:11:36.687 D/CompatibilityInfo( 1194): applicationScale - 1.0
11-19 17:11:36.730 D/UIAutomatorStub( 6249): URI: /jsonrpc/0, Method: POST, Header: {content-length=229, remote-addr=127.0.0.1, http-client-ip=127.0.0.1, host=localhost:9010, content-type=application/json, accept-encoding=identity}, params, {NanoHttpd.QUERY_STRING=null}, files: {postData={"jsonrpc": "2.0", "method": "objInfo", "id": "84053382531ba6dbd8dbff4614105cab", "params": [{"mask": 2097152, "childOrSibling": [], "childOrSiblingSelector": [], "resourceId": "com.facebook.wearable.system.settings:id/toggle"}]}}
11-19 17:11:36.774 E/SelfCareDataCloudSyncWorker( 2351): Failed to get access token
11-19 17:11:36.774 E/SelfCareDataCloudSyncWorker( 2351): kotlinx.coroutines.JobCancellationException: Job was cancelled; job=JobImpl{Cancelling}@f320016
11-19 17:11:36.774 I/WM-WorkerWrapper( 2351): Work [ id=41176d4d-428f-4560-a8c8-961a1631ba8f, tags={ com.facebook.wearable.system.selfcare.cloudsync.SelfCareDataCloudSyncWorker } ] was cancelled
11-19 17:11:36.774 I/WM-WorkerWrapper( 2351): java.util.concurrent.CancellationException: Task was cancelled.
11-19 17:11:36.774 I/WM-WorkerWrapper( 2351): 	at androidx.work.impl.utils.futures.AbstractFuture.getDoneValue(:32)
11-19 17:11:36.774 I/WM-WorkerWrapper( 2351): 	at androidx.work.impl.utils.futures.AbstractFuture.get(:268435546)
11-19 17:11:36.774 I/WM-WorkerWrapper( 2351): 	at androidx.work.impl.WorkerWrapper$2.run(:3)
11-19 17:11:36.774 I/WM-WorkerWrapper( 2351): 	at androidx.work.impl.utils.SerialExecutor$Task.run(:2)
11-19 17:11:36.774 I/WM-WorkerWrapper( 2351): 	at java.util.concurrent.ThreadPoolExecutor.runWorker(ThreadPoolExecutor.java:1167)
11-19 17:11:36.774 I/WM-WorkerWrapper( 2351): 	at java.util.concurrent.ThreadPoolExecutor$Worker.run(ThreadPoolExecutor.java:641)
11-19 17:11:36.774 I/WM-WorkerWrapper( 2351): 	at java.lang.Thread.run(Thread.java:923)
11-19 17:11:36.799 D/UIAutomatorStub( 6249): URI: /jsonrpc/0, Method: POST, Header: {content-length=227, remote-addr=127.0.0.1, http-client-ip=127.0.0.1, host=localhost:9010, content-type=application/json, accept-encoding=identity}, params, {NanoHttpd.QUERY_STRING=null}, files: {postData={"jsonrpc": "2.0", "method": "click", "id": "295a96733fd101d2bf4f6d0ebb23acc3", "params": [{"mask": 2097152, "childOrSibling": [], "childOrSiblingSelector": [], "resourceId": "com.facebook.wearable.system.settings:id/toggle"}]}}
11-19 17:11:36.850 D/WifiSharingService( 2841): Setting Wi-Fi enabled state
11-19 17:11:36.851 I/WifiService( 1194): setWifiEnabled package=com.facebook.wearable.system.connectivity uid=1000 enable=false
11-19 17:11:36.855 D/QCNEJ/WlanStaInfoRelay( 1900): onChange for uri = content://settings/global/wifi_on
11-19 17:11:36.858 D/WifiActiveModeWarden( 1194): Switching all client mode managers
11-19 17:11:36.861 E/QMI_FW  (  927): qmi_cci_get_ref: ref count increased 2
11-19 17:11:36.862 D/WifiP2pService( 1194): Wifi enabled=false, P2P Interface availability=true
11-19 17:11:36.863 D/WifiP2pNative( 1194): Teardown P2P interface
11-19 17:11:36.867 D/WifiClientModeManager1( 1194): IMS not registered over IWLAN for subId: 1
11-19 17:11:36.868 D/WifiP2pService( 1194): Wifi enabled=false, P2P Interface availability=true
11-19 17:11:36.868 D/WifiClientModeManager1( 1194): The target role 5
11-19 17:11:36.869 W/ContextImpl( 1194): Calling a method in the system process without a qualified user: android.app.ContextImpl.sendBroadcastMultiplePermissions:1143 android.content.Context.sendBroadcastWithMultiplePermissions:2150 com.android.server.display.WifiDisplayAdapter.handleSendStatusChangeBroadcast:440 com.android.server.display.WifiDisplayAdapter.access$1700:63 com.android.server.display.WifiDisplayAdapter$WifiDisplayHandler.handleMessage:675 
11-19 17:11:36.881 I/android_os_HwBinder( 1194): HwBinder: Starting thread pool for getting: android.hardware.wifi.supplicant@1.0::ISupplicant/default
11-19 17:11:36.884 I/wpa_supplicant( 9037): wlan0: Do not deauthenticate as part of interface deinit since WoWLAN is enabled
11-19 17:11:36.891 W/HWComposer(  577): Ignoring duplicate VSYNC event from HWC for display 0 (t=5043149835107)
11-19 17:11:36.909 D/SettingsSDK::SyncHelper( 2351): Read setting com.facebook.wearable.sdk.selfcare:SELFCARE_SERVICE_ENABLED from persistent cache
11-19 17:11:36.909 D/FacebookRepository( 2351): Reading from Store [906581286488774]
11-19 17:11:36.916 I/wpa_supplicant( 9037): Try to unregister vendor STA network
11-19 17:11:36.917 E/wpa_supplicant( 9037): eap_proxy: pthread_join on eap_proxy=0x6a59eac
11-19 17:11:36.917 E/wpa_supplicant( 9037): eap_proxy: session not started for client = 1
11-19 17:11:36.917 E/QMI_FW  ( 9037): qmi_cci_get_ref: ref count increased 2
11-19 17:11:36.917 E/QMI_FW  ( 9037): qmi_cci_get_ref: ref count increased 2
11-19 17:11:36.918 E/wpa_supplicant( 9037): eap_proxy: Released QMI UIM service client
11-19 17:11:36.918 E/QMI_FW  ( 9037): qmi_cci_get_ref: ref count increased 2
11-19 17:11:36.918 E/QMI_FW  ( 9037): qmi_cci_get_ref: ref count increased 2
11-19 17:11:36.918 E/wpa_supplicant( 9037): eap_proxy: Released QMI EAP service client
11-19 17:11:36.918 E/wpa_supplicant( 9037): eap_proxy: session not started for client = 2
11-19 17:11:36.918 E/QMI_FW  ( 9037): qmi_cci_get_ref: ref count increased 2
11-19 17:11:36.918 E/QMI_FW  ( 9037): qmi_cci_get_ref: ref count increased 2
11-19 17:11:36.921 E/wpa_supplicant( 9037): eap_proxy: Released QMI UIM service client
11-19 17:11:36.921 E/QMI_FW  ( 9037): qmi_cci_get_ref: ref count increased 2
11-19 17:11:36.921 E/QMI_FW  ( 9037): qmi_cci_get_ref: ref count increased 2
11-19 17:11:36.923 E/wpa_supplicant( 9037): eap_proxy: Released QMI EAP service client
11-19 17:11:36.923 I/wpa_supplicant( 9037): eap_proxy: eap_proxy Deinitialzed
11-19 17:11:36.977 I/wpa_supplicant( 9037): nl80211: deinit ifname=wlan0 disabled_11b_rates=0
11-19 17:11:36.996 E/StickerBundleDatabaseWorker( 2351): Failed to fetch sticker bundles:
11-19 17:11:36.996 E/StickerBundleDatabaseWorker( 2351): kotlinx.coroutines.JobCancellationException: Job was cancelled; job=JobImpl{Cancelling}@da0fbee
11-19 17:11:36.997 I/WM-WorkerWrapper( 2351): Work [ id=731e9e35-e8c2-49b1-b246-986e05f06ab6, tags={ com.facebook.wearable.system.selfcare.sharing.StickerBundleDatabaseWorker } ] was cancelled
11-19 17:11:36.997 I/WM-WorkerWrapper( 2351): java.util.concurrent.CancellationException: Task was cancelled.
11-19 17:11:36.997 I/WM-WorkerWrapper( 2351): 	at androidx.work.impl.utils.futures.AbstractFuture.getDoneValue(:32)
11-19 17:11:36.997 I/WM-WorkerWrapper( 2351): 	at androidx.work.impl.utils.futures.AbstractFuture.get(:268435546)
11-19 17:11:36.997 I/WM-WorkerWrapper( 2351): 	at androidx.work.impl.WorkerWrapper$2.run(:3)
11-19 17:11:36.997 I/WM-WorkerWrapper( 2351): 	at androidx.work.impl.utils.SerialExecutor$Task.run(:2)
11-19 17:11:36.997 I/WM-WorkerWrapper( 2351): 	at java.util.concurrent.ThreadPoolExecutor.runWorker(ThreadPoolExecutor.java:1167)
11-19 17:11:36.997 I/WM-WorkerWrapper( 2351): 	at java.util.concurrent.ThreadPoolExecutor$Worker.run(ThreadPoolExecutor.java:641)
11-19 17:11:36.997 I/WM-WorkerWrapper( 2351): 	at java.lang.Thread.run(Thread.java:923)
11-19 17:11:37.037 I/wpa_supplicant( 9037): Try to unregister vendor interface
11-19 17:11:37.038 D/LOWI-9.0.0.80( 1024): [LOWINetlinkSocketReceiver] unpackRTMLinkMessage: RTM_NEWLINK - ifname wlan0, flags 0x11043 ([UP][RUNNING])
11-19 17:11:37.039 D/LOWI-9.0.0.80( 1024): [LOWINetlinkSocketReceiver] processNetlinkPacket: ifname(wlan0) status(2)
11-19 17:11:37.039 D/LOWI-9.0.0.80( 1024): [LOWIController] intfStateReceived: ifname(wlan0) state(2)
11-19 17:11:37.039 D/LOWI-9.0.0.80( 1024): [LOWIEventReceiver] handleEvent:FROM:NA, TO:NA, REQ:NA, IREQ:NA, REQ_ID:0, RESP:NA, INFO:INTF-STATUS-UPDATE
11-19 17:11:37.039 D/LOWI-9.0.0.80( 1024): [LOWIEventReceiver] Info to [INTF-STATUS-UPDATE]
11-19 17:11:37.039 D/LOWI-9.0.0.80( 1024): [LOWIController] updateIntfState: WIFI enabled 2 mNlWifiStatus 2 mWifiStateEnabled 1
11-19 17:11:37.039 D/LOWI-9.0.0.80( 1024): [LOWIController] isWifiEnabled: mNlWifiStatus 2 mWifiStateEnabled 1
11-19 17:11:37.045 I/SupplicantStaIfaceHal( 1194): Terminating supplicant using HIDL
11-19 17:11:37.046 I/wpa_supplicant( 9037): p2p0: Do not deauthenticate as part of interface deinit since WoWLAN is enabled
11-19 17:11:37.063 D/mcu_health_checker( 1118): Sent MCU Health Request
11-19 17:11:37.064 D/commandrouter( 1117): SocServiceHandle::onServiceMessage, SoC Service = mcu_healthcheck_1118, appType = 1, type = SVC_REQ, clientId = 0, token = 166, payloadLen = 12, result = 0, payload.size() = 12
11-19 17:11:37.067 D/commandrouter( 1117): mcu_healthcheck_1118 (1, merlot:mcu_health:control): <ServiceResponse> FORWARDED (remote -> local) CR token ID = 166, service client ID = 40, token ID = 587, result = 0
11-19 17:11:37.067 D/mcu_health_checker( 1118): MCU Health Response: MCU_OK
11-19 17:11:37.067 D/mcu_health_checker( 1118): MCU Session 0, uptime = 5007443 ms
11-19 17:11:37.067 D/mculinkhealth( 1118): isMcuReachable 1 (3 ms)
11-19 17:11:37.070 D/CompatibilityInfo( 1194): mCompatibilityFlags - 4
11-19 17:11:37.070 D/CompatibilityInfo( 1194): applicationDensity - 320
11-19 17:11:37.070 D/CompatibilityInfo( 1194): applicationScale - 1.0
11-19 17:11:37.086 E/wpa_supplicant( 9037): eap_proxy: pthread_join on eap_proxy=0x6a59fa8
11-19 17:11:37.087 E/wpa_supplicant( 9037): eap_proxy: session not started for client = 1
11-19 17:11:37.087 E/QMI_FW  ( 9037): qmi_cci_get_ref: ref count increased 2
11-19 17:11:37.087 E/QMI_FW  ( 9037): qmi_cci_get_ref: ref count increased 2
11-19 17:11:37.087 E/wpa_supplicant( 9037): eap_proxy: Released QMI UIM service client
11-19 17:11:37.087 E/QMI_FW  ( 9037): qmi_cci_get_ref: ref count increased 2
11-19 17:11:37.087 E/QMI_FW  ( 9037): qmi_cci_get_ref: ref count increased 2
11-19 17:11:37.087 E/wpa_supplicant( 9037): eap_proxy: Released QMI EAP service client
11-19 17:11:37.087 E/wpa_supplicant( 9037): eap_proxy: session not started for client = 2
11-19 17:11:37.087 E/QMI_FW  ( 9037): qmi_cci_get_ref: ref count increased 2
11-19 17:11:37.087 E/QMI_FW  ( 9037): qmi_cci_get_ref: ref count increased 2
11-19 17:11:37.088 E/wpa_supplicant( 9037): eap_proxy: Released QMI UIM service client
11-19 17:11:37.088 E/QMI_FW  ( 9037): qmi_cci_get_ref: ref count increased 2
11-19 17:11:37.088 E/QMI_FW  ( 9037): qmi_cci_get_ref: ref count increased 2
11-19 17:11:37.088 E/wpa_supplicant( 9037): eap_proxy: Released QMI EAP service client
11-19 17:11:37.088 I/wpa_supplicant( 9037): eap_proxy: eap_proxy Deinitialzed
11-19 17:11:37.133 E/SelfCareDataCloudSyncWorker( 2351): Failed to get access token
11-19 17:11:37.133 E/SelfCareDataCloudSyncWorker( 2351): kotlinx.coroutines.JobCancellationException: Job was cancelled; job=JobImpl{Cancelling}@e8f8eab
11-19 17:11:37.133 I/WM-WorkerWrapper( 2351): Work [ id=41176d4d-428f-4560-a8c8-961a1631ba8f, tags={ com.facebook.wearable.system.selfcare.cloudsync.SelfCareDataCloudSyncWorker } ] was cancelled
11-19 17:11:37.133 I/WM-WorkerWrapper( 2351): java.util.concurrent.CancellationException: Task was cancelled.
11-19 17:11:37.133 I/WM-WorkerWrapper( 2351): 	at androidx.work.impl.utils.futures.AbstractFuture.getDoneValue(:32)
11-19 17:11:37.133 I/WM-WorkerWrapper( 2351): 	at androidx.work.impl.utils.futures.AbstractFuture.get(:268435546)
11-19 17:11:37.133 I/WM-WorkerWrapper( 2351): 	at androidx.work.impl.WorkerWrapper$2.run(:3)
11-19 17:11:37.133 I/WM-WorkerWrapper( 2351): 	at androidx.work.impl.utils.SerialExecutor$Task.run(:2)
11-19 17:11:37.133 I/WM-WorkerWrapper( 2351): 	at java.util.concurrent.ThreadPoolExecutor.runWorker(ThreadPoolExecutor.java:1167)
11-19 17:11:37.133 I/WM-WorkerWrapper( 2351): 	at java.util.concurrent.ThreadPoolExecutor$Worker.run(ThreadPoolExecutor.java:641)
11-19 17:11:37.133 I/WM-WorkerWrapper( 2351): 	at java.lang.Thread.run(Thread.java:923)
11-19 17:11:37.138 I/wpa_supplicant( 9037): nl80211: deinit ifname=p2p0 disabled_11b_rates=0
11-19 17:11:37.197 D/LOWI-9.0.0.80( 1024): [LOWINetlinkSocketReceiver] unpackRTMLinkMessage: RTM_NEWLINK - ifname p2p0, flags 0x1003 ([UP])
11-19 17:11:37.216 D/LOWI-9.0.0.80( 1024): [LOWINetlinkSocketReceiver] unpackRTMLinkMessage: RTM_NEWLINK - ifname p2p0, flags 0x1002 ()
11-19 17:11:37.225 D/LOWI-9.0.0.80( 1024): [LOWINetlinkSocketReceiver] unpackRTMLinkMessage: RTM_NEWLINK - ifname p2p0, flags 0x1002 ()
11-19 17:11:37.226 I/wpa_supplicant( 9037): Try to unregister vendor p2 interface
11-19 17:11:37.227 I/WifiP2pNative( 1194): P2P interface teardown completed
11-19 17:11:37.228 D/WifiP2pNative( 1194): P2P InterfaceDestroyedListener p2p0
11-19 17:11:37.228 D/WifiP2pNative( 1194): Ignoring stale interface destroyed listener
11-19 17:11:37.228 D/WifiP2pNative( 1194): P2P InterfaceAvailableListener true
11-19 17:11:37.228 D/WifiP2pService( 1194): Wifi enabled=false, P2P Interface availability=true
11-19 17:11:37.229 I/android_os_HwBinder( 1194): HwBinder: Starting thread pool for getting: android.hardware.wifi.supplicant@1.0::ISupplicant/default
11-19 17:11:37.239 I/wpa_supplicant( 9037): Terminating...
11-19 17:11:37.240 D/LOWI-9.0.0.80( 1024): [LOWINetlinkSocketReceiver] unpackRTMLinkMessage: RTM_NEWLINK - ifname wlan0, flags 0x1003 ([UP])
11-19 17:11:37.240 D/LOWI-9.0.0.80( 1024): [LOWINetlinkSocketReceiver] processNetlinkPacket: ifname(wlan0) status(1)
11-19 17:11:37.240 D/LOWI-9.0.0.80( 1024): [LOWIController] intfStateReceived: ifname(wlan0) state(1)
11-19 17:11:37.241 D/LOWI-9.0.0.80( 1024): [LOWIEventReceiver] handleEvent:FROM:NA, TO:NA, REQ:NA, IREQ:NA, REQ_ID:0, RESP:NA, INFO:INTF-STATUS-UPDATE
11-19 17:11:37.241 D/LOWI-9.0.0.80( 1024): [LOWIEventReceiver] Info to [INTF-STATUS-UPDATE]
11-19 17:11:37.241 D/LOWI-9.0.0.80( 1024): [LOWIController] updateIntfState: WIFI enabled 1 mNlWifiStatus 2 mWifiStateEnabled 1
11-19 17:11:37.241 D/LOWI-9.0.0.80( 1024): [LOWIController] isWifiEnabled: mNlWifiStatus 1 mWifiStateEnabled 1
11-19 17:11:37.258 D/SettingsSDK::SyncHelper( 2351): Read setting com.facebook.wearable.sdk.selfcare:SELFCARE_SERVICE_ENABLED from persistent cache
11-19 17:11:37.259 D/FacebookRepository( 2351): Reading from Store [906581286488774]
11-19 17:11:37.282 W/SupplicantStaIfaceHal( 1194): Timed out waiting for confirmation of supplicant death
11-19 17:11:37.283 D/LOWI-9.0.0.80( 1024): [LOWINetlinkSocketReceiver] unpackRTMLinkMessage: RTM_NEWLINK - ifname wlan0, flags 0x1003 ([UP])
11-19 17:11:37.283 D/LOWI-9.0.0.80( 1024): [LOWINetlinkSocketReceiver] processNetlinkPacket: ifname(wlan0) status(1)
11-19 17:11:37.283 D/LOWI-9.0.0.80( 1024): [LOWIController] intfStateReceived: ifname(wlan0) state(1)
11-19 17:11:37.283 E/SupplicantStaIfaceHal( 1194): Can't call getKeyMgmtCapabilities_1_3, ISupplicantStaIface is null
11-19 17:11:37.283 D/LOWI-9.0.0.80( 1024): [LOWIEventReceiver] handleEvent:FROM:NA, TO:NA, REQ:NA, IREQ:NA, REQ_ID:0, RESP:NA, INFO:INTF-STATUS-UPDATE
11-19 17:11:37.283 D/LOWI-9.0.0.80( 1024): [LOWIEventReceiver] Info to [INTF-STATUS-UPDATE]
11-19 17:11:37.283 D/LOWI-9.0.0.80( 1024): [LOWIController] updateIntfState: WIFI enabled 1 mNlWifiStatus 1 mWifiStateEnabled 1
11-19 17:11:37.283 D/LOWI-9.0.0.80( 1024): [LOWIController] isWifiEnabled: mNlWifiStatus 1 mWifiStateEnabled 1
11-19 17:11:37.286 V/WifiHAL (  539): event received NL80211_CMD_DISCONNECT
11-19 17:11:37.287 W/SupplicantP2pIfaceHal( 1194): ISupplicant/ISupplicantP2pIface died: cookie=0
11-19 17:11:37.287 W/SupplicantStaIfaceHal( 1194): ISupplicantVendor/ISupplicantVendorStaIface died: cookie=0
11-19 17:11:37.287 W/SupplicantP2pIfaceHal( 1194): ISupplicantVendor/ISupplicantVendorP2PIface died: cookie=0
11-19 17:11:37.287 W/SupplicantStaIfaceHal( 1194): ISupplicantVendor/ISupplicantVendorStaIface died: cookie=0
11-19 17:11:37.287 D/SupplicantStaIfaceHal( 1194): ISupplicant died: cookie=-3089179613571643451
11-19 17:11:37.287 W/SupplicantP2pIfaceHal( 1194): ISupplicant/ISupplicantP2pIface died: cookie=0
11-19 17:11:37.287 V/WifiHAL (  539): WifiVendorCommand 0xaad86b98 created vendor_id:0x1374 subcmd:38
11-19 17:11:37.288 W/SupplicantP2pIfaceHal( 1194): ISupplicantVendor/ISupplicantVendorP2PIface died: cookie=0
11-19 17:11:37.288 V/WifiHAL (  539): Got a Wi-Fi HAL module message from Driver
11-19 17:11:37.288 V/WifiHAL (  539): Supported feature set : 19d3d
11-19 17:11:37.288 V/WifiHAL (  539): Supported feature set acquired : 19d3d
11-19 17:11:37.288 V/WifiHAL (  539): WifiVendorCommand 0xa0792320 created vendor_id:0x1374 subcmd:76
11-19 17:11:37.289 V/WifiHAL (  539): create: mVendor_id = 4980, Subcmd = 76.
11-19 17:11:37.290 V/WifiHAL (  539): WifiVendorCommand 0xaad86cc8 created vendor_id:0x1374 subcmd:38
11-19 17:11:37.291 V/WifiHAL (  539): Got a Wi-Fi HAL module message from Driver
11-19 17:11:37.291 V/WifiHAL (  539): Supported feature set : 19d3d
11-19 17:11:37.292 V/WifiHAL (  539): Supported feature set acquired : 19d3d
11-19 17:11:37.292 V/WifiHAL (  539): WifiVendorCommand 0xa0792320 created vendor_id:0x1374 subcmd:76
11-19 17:11:37.292 V/WifiHAL (  539): create: mVendor_id = 4980, Subcmd = 76.
11-19 17:11:37.302 E/SupplicantStaIfaceHal( 1194): Can't call getWpaDriverFeatureSet, ISupplicantStaIface is null
11-19 17:11:37.302 I/WifiNative( 1194): Successfully switched to scan mode on iface=Iface:{Name=wlan0,Id=1,Type=STA_SCAN}
11-19 17:11:37.303 W/SupplicantStaIfaceHal( 1194): ISupplicant died: cookie=28
11-19 17:11:37.304 D/WifiClientModeManager1( 1194): entering ScanOnlyModeState
11-19 17:11:37.304 D/WifiScanRequestProxy( 1194): Sending scan available broadcast: true
11-19 17:11:37.305 I/WifiScanningService( 1194): Received a request to enable scanning, UID = 1000
11-19 17:11:37.305 I/WifiScanningService( 1194): scanner impls already exists
11-19 17:11:37.305 E/WifiScanningService( 1194): wifi driver loaded received while already loaded
11-19 17:11:37.306 D/WifiP2pService( 1194): Wifi enabled=false, P2P Interface availability=true
11-19 17:11:37.307 I/WifiScanRequestProxy( 1194): Scanning is enabled
11-19 17:11:37.307 I/WifiScanRequestProxy( 1194): Scanning for hidden networks is disabled
11-19 17:11:37.308 D/WakeupController( 1194): start()
11-19 17:11:37.309 D/WakeupController( 1194): Setting active to true
11-19 17:11:37.320 D/WakeupLock( 1194): Lock set. Number of networks: 1
11-19 17:11:37.323 D/WifiClientModeImpl( 1194): ClientModeImpl: Leaving Connected state
11-19 17:11:37.324 D/WifiCountryCode( 1194): updateCountryCode to US
11-19 17:11:37.325 E/SupplicantStaIfaceHal( 1194): Can't call setCountryCode, ISupplicantStaIface is null
11-19 17:11:37.325 D/WifiCountryCode( 1194): Failed to set country code to: US
11-19 17:11:37.339 E/SupplicantStaIfaceHal( 1194): Can't call listNetworks, ISupplicantStaIface is null
11-19 17:11:37.339 E/SupplicantStaIfaceHal( 1194): removeAllNetworks failed, got null networks
11-19 17:11:37.339 E/WifiClientModeImpl( 1194): Failed to remove networks on exiting connect mode
11-19 17:11:37.341 E/WakeupController( 1194): Unexpected setLastDisconnectInfo when WakeupController is active!
11-19 17:11:37.342 E/WifiVendorHal( 1194): stopRssiMonitoring(l.2106) failed {.code = ERROR_NOT_AVAILABLE, .description = }
11-19 17:11:37.342 E/SupplicantStaIfaceHal( 1194): Can't call setPowerSave, ISupplicantStaIface is null
11-19 17:11:37.343 E/SupplicantStaIfaceHal( 1194): Can't call setBtCoexistenceMode, ISupplicantStaIface is null
11-19 17:11:37.344 V/WifiClientModeImpl( 1194): stopIpClient IpClientWithPreConnection: false
11-19 17:11:37.344 V/WifiClientModeImpl( 1194): java.lang.Throwable
11-19 17:11:37.344 V/WifiClientModeImpl( 1194): 	at com.android.server.wifi.ClientModeImpl.stopIpClient(ClientModeImpl.java:1127)
11-19 17:11:37.344 V/WifiClientModeImpl( 1194): 	at com.android.server.wifi.ClientModeImpl.stopDhcpSetup(ClientModeImpl.java:1153)
11-19 17:11:37.344 V/WifiClientModeImpl( 1194): 	at com.android.server.wifi.ClientModeImpl.handleNetworkDisconnect(ClientModeImpl.java:2945)
11-19 17:11:37.344 V/WifiClientModeImpl( 1194): 	at com.android.server.wifi.ClientModeImpl.stopClientMode(ClientModeImpl.java:3889)
11-19 17:11:37.344 V/WifiClientModeImpl( 1194): 	at com.android.server.wifi.ClientModeImpl.access$4600(ClientModeImpl.java:176)
11-19 17:11:37.344 V/WifiClientModeImpl( 1194): 	at com.android.server.wifi.ClientModeImpl$ConnectModeState.exit(ClientModeImpl.java:4064)
11-19 17:11:37.344 V/WifiClientModeImpl( 1194): 	at com.android.wifi.x.com.android.internal.util.StateMachine$SmHandler.invokeExitMethods(StateMachine.java:1021)
11-19 17:11:37.344 V/WifiClientModeImpl( 1194): 	at com.android.wifi.x.com.android.internal.util.StateMachine$SmHandler.performTransitions(StateMachine.java:877)
11-19 17:11:37.344 V/WifiClientModeImpl( 1194): 	at com.android.wifi.x.com.android.internal.util.StateMachine$SmHandler.handleMessage(StateMachine.java:819)
11-19 17:11:37.344 V/WifiClientModeImpl( 1194): 	at android.os.Handler.dispatchMessage(Handler.java:106)
11-19 17:11:37.344 V/WifiClientModeImpl( 1194): 	at android.os.Looper.loop(Looper.java:223)
11-19 17:11:37.344 V/WifiClientModeImpl( 1194): 	at android.os.HandlerThread.run(HandlerThread.java:67)
11-19 17:11:37.345 D/DhcpClient( 1194): doQuit
11-19 17:11:37.346 D/ConnectivityService( 1194): [108 WIFI] EVENT_NETWORK_INFO_CHANGED, going from CONNECTED to DISCONNECTED
11-19 17:11:37.346 D/ConnectivityService( 1194): [108 WIFI] disconnected, was satisfying 30
11-19 17:11:37.347 D/QCNEJ/WlanStaInfoRelay( 1900): Received action: android.net.wifi.STATE_CHANGE
11-19 17:11:37.347 D/QCNEJ/WlanStaInfoRelay( 1900): reset CountryCodeRetriever
11-19 17:11:37.348 D/WifiConnector( 2841): Network State Changed
11-19 17:11:37.350 D/WifiDiags( 1194): stopLogging() iface list is {} after removing wlan0
11-19 17:11:37.352 E/QMI_FW  (  927): qmi_cci_get_ref: ref count increased 2
11-19 17:11:37.352 E/WifiVendorHal( 1194): resetLogHandler(l.1558) failed {.code = ERROR_NOT_AVAILABLE, .description = }
11-19 17:11:37.352 W/WifiDiags( 1194): Fail to reset log handler
11-19 17:11:37.355 E/QMI_FW  (  927): qmi_cci_get_ref: ref count increased 2
11-19 17:11:37.360 E/QMI_FW  ( 1113): qmi_cci_get_ref: ref count increased 2
