11-21 15:15:15.481 D/LOWI-9.0.0.80( 1026): [LOWI-Scan] decode_rsn_wpa_ie: Entered
11-21 15:15:15.481 D/LOWI-9.0.0.80( 1026): [LOWIUtils] hexDump: msg(30 14 01 00 00 0f ac 04 01 00 00 0f ac 04 01 00 00 0f ac 02 )
11-21 15:15:15.481 D/LOWI-9.0.0.80( 1026): [LOWI-Scan] decode_rsn_wpa_ie: LOWI_ENCRYPTION_TYPE_WPA_PSK
11-21 15:15:15.481 D/LOWI-9.0.0.80( 1026): [LOWI-Scan] is_qcom_ie, bss_age: 27
11-21 15:15:15.481 D/LOWI-9.0.0.80( 1026): [LOWI-Scan] BSS ce:dc:12:3b:87:fd LOWI_PHY_MODE_11AC_VHT20_2G(11), Beacon Interval: 100, LOWI_ENCRYPTION_TYPE_WPA_PSK 11mcRanging: No, ANQP: Yes, LCI: No, Civic: No, capability(0x1431): ESS Privacy ShortPreamble ShortSlotTime
11-21 15:15:15.481 D/LOWI-9.0.0.80( 1026): [LOWI-Scan] BSS ce:dc:12:3b:87:fd FREQ: 2437, cFreq1[40:80:160] = [0:0:0] cFreq2 = 0 Country Code =    
11-21 15:15:15.481 D/LOWI-9.0.0.80( 1026): [LOWI-Scan] BSS ce:dc:12:3b:87:fd (wlan0) ASSO: NO AddInfo: 0x0, TSF 1, 23:26:43.200, RSSI: -102, CPL: 127, AGE: 0,  SSID Pixel5_R1, TSFDelta: 0x0, TXRate: 0
11-21 15:15:15.482 D/LOWI-9.0.0.80( 1026): [LOWI-Scan] 
11-21 15:15:15.482 D/LOWI-9.0.0.80( 1026): [LOWI-Scan] print_bss_handler: Report beacon TSF 170803200347 as it greater than probe TSF 170774421816
11-21 15:15:15.482 I/LOWI-9.0.0.80( 1026): [LOWI-Scan] RSN_IE
11-21 15:15:15.482 D/LOWI-9.0.0.80( 1026): [LOWI-Scan] decode_rsn_wpa_ie: Entered
11-21 15:15:15.482 D/LOWI-9.0.0.80( 1026): [LOWIUtils] hexDump: msg(30 14 01 00 00 0f ac 04 01 00 00 0f ac 04 01 00 00 0f ac 02 )
11-21 15:15:15.482 D/LOWI-9.0.0.80( 1026): [LOWI-Scan] decode_rsn_wpa_ie: LOWI_ENCRYPTION_TYPE_WPA_PSK
11-21 15:15:15.482 D/LOWI-9.0.0.80( 1026): [LOWI-Scan] is_qcom_ie, bss_age: 2
11-21 15:15:15.482 D/LOWI-9.0.0.80( 1026): [LOWI-Scan] BSS 2c:57:41:86:90:a1 LOWI_PHY_MODE_11NG_HT20(5), Beacon Interval: 100, LOWI_ENCRYPTION_TYPE_WPA_PSK 11mcRanging: No, ANQP: No, LCI: No, Civic: No, capability(0x1411): ESS Privacy ShortSlotTime
11-21 15:15:15.482 D/LOWI-9.0.0.80( 1026): [LOWI-Scan] BSS 2c:57:41:86:90:a1 FREQ: 2462, cFreq1[40:80:160] = [0:0:0] cFreq2 = 0 Country Code = US
11-21 15:15:15.482 D/LOWI-9.0.0.80( 1026): [LOWI-Scan] BSS 2c:57:41:86:90:a1 (wlan0) ASSO: NO AddInfo: 0x1, TSF 1, 23:26:43.200, RSSI: -140, CPL: 2, AGE: 0,  SSID kittyhawk, TSFDelta: 0x0, TXRate: 0
11-21 15:15:15.482 D/LOWI-9.0.0.80( 1026): [LOWI-Scan] 
11-21 15:15:15.482 D/LOWI-9.0.0.80( 1026): [LOWI-Scan] print_bss_handler: Report Probe TSF 170774421711 as it greater than Beacon TSF 170599149699
11-21 15:15:15.482 I/LOWI-9.0.0.80( 1026): [LOWI-Scan] RSN_IE
11-21 15:15:15.483 D/LOWI-9.0.0.80( 1026): [LOWI-Scan] decode_rsn_wpa_ie: Entered
11-21 15:15:15.483 D/LOWI-9.0.0.80( 1026): [LOWIUtils] hexDump: msg(30 14 01 00 00 0f ac 04 01 00 00 0f ac 04 01 00 00 0f ac 02 )
11-21 15:15:15.483 D/LOWI-9.0.0.80( 1026): [LOWI-Scan] decode_rsn_wpa_ie: LOWI_ENCRYPTION_TYPE_WPA_PSK
11-21 15:15:15.483 D/LOWI-9.0.0.80( 1026): [LOWI-Scan] is_qcom_ie, bss_age: 48
11-21 15:15:15.483 D/LOWI-9.0.0.80( 1026): [LOWI-Scan] adjust_age:AP AGE upper limit reached. Dont store
11-21 15:15:15.483 D/LOWI-9.0.0.80( 1026): [LOWI-Scan] BSS 52:b8:14:37:74:3f LOWI_PHY_MODE_11AC_VHT20_2G(11), Beacon Interval: 100, LOWI_ENCRYPTION_TYPE_WPA_PSK 11mcRanging: No, ANQP: No, LCI: No, Civic: No, capability(0x1431): ESS Privacy ShortPreamble ShortSlotTime
11-21 15:15:15.483 D/LOWI-9.0.0.80( 1026): [LOWI-Scan] BSS 52:b8:14:37:74:3f FREQ: 2417, cFreq1[40:80:160] = [0:0:0] cFreq2 = 0 Country Code =    
11-21 15:15:15.483 D/LOWI-9.0.0.80( 1026): [LOWI-Scan] BSS 52:b8:14:37:74:3f (wlan0) ASSO: NO AddInfo: 0x0, TSF 1, 23:26:14.421, RSSI: -102, CPL: 127, AGE: 28780,  SSID Pixel_8668, TSFDelta: 0x0, TXRate: 0
11-21 15:15:15.483 D/LOWI-9.0.0.80( 1026): [LOWI-Scan] 
11-21 15:15:15.483 D/LOWI-9.0.0.80( 1026): [LOWI-Scan] print_bss_handler: Report Probe TSF 170803200302 as it greater than Beacon TSF 170723086624
11-21 15:15:15.483 I/LOWI-9.0.0.80( 1026): [LOWI-Scan] RSN_IE
11-21 15:15:15.483 D/LOWI-9.0.0.80( 1026): [LOWI-Scan] decode_rsn_wpa_ie: Entered
11-21 15:15:15.483 D/LOWI-9.0.0.80( 1026): [LOWIUtils] hexDump: msg(30 14 01 00 00 0f ac 04 01 00 00 0f ac 04 01 00 00 0f ac 02 )
11-21 15:15:15.483 D/LOWI-9.0.0.80( 1026): [LOWI-Scan] decode_rsn_wpa_ie: LOWI_ENCRYPTION_TYPE_WPA_PSK
11-21 15:15:15.483 D/LOWI-9.0.0.80( 1026): [LOWI-Scan] is_qcom_ie, bss_age: 45
11-21 15:15:15.483 D/LOWI-9.0.0.80( 1026): [LOWI-Scan] BSS be:9e:0e:1c:6e:7f LOWI_PHY_MODE_11AC_VHT20_2G(11), Beacon Interval: 100, LOWI_ENCRYPTION_TYPE_WPA_PSK 11mcRanging: No, ANQP: No, LCI: No, Civic: No, capability(0x1431): ESS Privacy ShortPreamble ShortSlotTime
11-21 15:15:15.483 D/LOWI-9.0.0.80( 1026): [LOWI-Scan] BSS be:9e:0e:1c:6e:7f FREQ: 2412, cFreq1[40:80:160] = [0:0:0] cFreq2 = 0 Country Code =    
11-21 15:15:15.483 D/LOWI-9.0.0.80( 1026): [LOWI-Scan] BSS be:9e:0e:1c:6e:7f (wlan0) ASSO: NO AddInfo: 0x0, TSF 1, 23:26:43.200, RSSI: -106, CPL: 127, AGE: 0,  SSID Pixel_3541, TSFDelta: 0x0, TXRate: 0
11-21 15:15:15.490 D/WificondScannerImpl( 1186): Filtering out 2 scan results.
11-21 15:15:15.484 D/LOWI-9.0.0.80( 1026): [LOWI-Scan] 
11-21 15:15:15.491 D/LOWI-9.0.0.80( 1026): [LOWI-Scan] print_bss_handler: Report Probe TSF 170803200416 as it greater than Beacon TSF 170240462631
11-21 15:15:15.491 I/LOWI-9.0.0.80( 1026): [LOWI-Scan] RSN_IE
11-21 15:15:15.491 D/LOWI-9.0.0.80( 1026): [LOWI-Scan] decode_rsn_wpa_ie: Entered
11-21 15:15:15.491 D/LOWI-9.0.0.80( 1026): [LOWIUtils] hexDump: msg(30 14 01 00 00 0f ac 04 01 00 00 0f ac 04 01 00 00 0f ac 02 )
11-21 15:15:15.491 D/LOWI-9.0.0.80( 1026): [LOWI-Scan] decode_rsn_wpa_ie: LOWI_ENCRYPTION_TYPE_WPA_PSK
11-21 15:15:15.491 D/LOWI-9.0.0.80( 1026): [LOWI-Scan] is_qcom_ie, bss_age: 5
11-21 15:15:15.491 D/LOWI-9.0.0.80( 1026): [LOWI-Scan] BSS 2c:57:41:86:85:21 LOWI_PHY_MODE_11NG_HT20(5), Beacon Interval: 100, LOWI_ENCRYPTION_TYPE_WPA_PSK 11mcRanging: No, ANQP: No, LCI: No, Civic: No, capability(0x1411): ESS Privacy ShortSlotTime
11-21 15:15:15.491 D/LOWI-9.0.0.80( 1026): [LOWI-Scan] BSS 2c:57:41:86:85:21 FREQ: 2462, cFreq1[40:80:160] = [0:0:0] cFreq2 = 0 Country Code = US
11-21 15:15:15.491 D/LOWI-9.0.0.80( 1026): [LOWI-Scan] BSS 2c:57:41:86:85:21 (wlan0) ASSO: NO AddInfo: 0x0, TSF 1, 23:26:43.200, RSSI: -152, CPL: 2, AGE: 0,  SSID kittyhawk, TSFDelta: 0x0, TXRate: 0
11-21 15:15:15.491 D/LOWI-9.0.0.80( 1026): [LOWI-Scan] 
11-21 15:15:15.492 D/LOWI-9.0.0.80( 1026): [LOWI-Scan] print_bss_handler: Report Probe TSF 170803200429 as it greater than Beacon TSF 0
11-21 15:15:15.492 I/LOWI-9.0.0.80( 1026): [LOWI-Scan] RSN_IE
11-21 15:15:15.492 D/LOWI-9.0.0.80( 1026): [LOWI-Scan] decode_rsn_wpa_ie: Entered
11-21 15:15:15.492 D/LOWI-9.0.0.80( 1026): [LOWIUtils] hexDump: msg(30 14 01 00 00 0f ac 04 01 00 00 0f ac 04 01 00 00 0f ac 02 )
11-21 15:15:15.492 D/LOWI-9.0.0.80( 1026): [LOWI-Scan] decode_rsn_wpa_ie: LOWI_ENCRYPTION_TYPE_WPA_PSK
11-21 15:15:15.492 D/LOWI-9.0.0.80( 1026): [LOWI-Scan] is_qcom_ie, bss_age: 26
11-21 15:15:15.492 D/LOWI-9.0.0.80( 1026): [LOWI-Scan] BSS 2c:57:41:89:63:c1 LOWI_PHY_MODE_11NG_HT20(5), Beacon Interval: 100, LOWI_ENCRYPTION_TYPE_WPA_PSK 11mcRanging: No, ANQP: No, LCI: No, Civic: No, capability(0x1411): ESS Privacy ShortSlotTime
11-21 15:15:15.492 D/LOWI-9.0.0.80( 1026): [LOWI-Scan] BSS 2c:57:41:89:63:c1 FREQ: 2437, cFreq1[40:80:160] = [0:0:0] cFreq2 = 0 Country Code = US
11-21 15:15:15.492 D/LOWI-9.0.0.80( 1026): [LOWI-Scan] BSS 2c:57:41:89:63:c1 (wlan0) ASSO: NO AddInfo: 0x0, TSF 1, 23:26:43.200, RSSI: -160, CPL: 2, AGE: 0,  SSID kittyhawk, TSFDelta: 0x0, TXRate: 0
11-21 15:15:15.492 D/LOWI-9.0.0.80( 1026): [LOWI-Scan] 
11-21 15:15:15.492 D/LOWI-9.0.0.80( 1026): [LOWI-Scan] print_bss_handler: Report Probe TSF 170803200457 as it greater than Beacon TSF 0
11-21 15:15:15.492 I/LOWI-9.0.0.80( 1026): [LOWI-Scan] RSN_IE
11-21 15:15:15.492 D/LOWI-9.0.0.80( 1026): [LOWI-Scan] decode_rsn_wpa_ie: Entered
11-21 15:15:15.492 D/LOWI-9.0.0.80( 1026): [LOWIUtils] hexDump: msg(30 14 01 00 00 0f ac 04 01 00 00 0f ac 04 01 00 00 0f ac 02 )
11-21 15:15:15.492 D/LOWI-9.0.0.80( 1026): [LOWI-Scan] decode_rsn_wpa_ie: LOWI_ENCRYPTION_TYPE_WPA_PSK
11-21 15:15:15.493 D/LOWI-9.0.0.80( 1026): [LOWI-Scan] is_qcom_ie, bss_age: 26
11-21 15:15:15.493 D/LOWI-9.0.0.80( 1026): [LOWI-Scan] BSS 2c:57:41:86:76:61 LOWI_PHY_MODE_11NG_HT20(5), Beacon Interval: 100, LOWI_ENCRYPTION_TYPE_WPA_PSK 11mcRanging: No, ANQP: No, LCI: No, Civic: No, capability(0x1411): ESS Privacy ShortSlotTime
11-21 15:15:15.493 D/LOWI-9.0.0.80( 1026): [LOWI-Scan] BSS 2c:57:41:86:76:61 FREQ: 2437, cFreq1[40:80:160] = [0:0:0] cFreq2 = 0 Country Code = US
11-21 15:15:15.493 D/LOWI-9.0.0.80( 1026): [LOWI-Scan] BSS 2c:57:41:86:76:61 (wlan0) ASSO: NO AddInfo: 0x0, TSF 1, 23:26:43.200, RSSI: -162, CPL: 2, AGE: 0,  SSID kittyhawk, TSFDelta: 0x0, TXRate: 0
11-21 15:15:15.493 D/LOWI-9.0.0.80( 1026): [LOWI-Scan] 
11-21 15:15:15.493 D/LOWI-9.0.0.80( 1026): [LOWI-Scan] print_bss_handler: Report Probe TSF 170803200443 as it greater than Beacon TSF 0
11-21 15:15:15.493 I/LOWI-9.0.0.80( 1026): [LOWI-Scan] RSN_IE
11-21 15:15:15.493 D/LOWI-9.0.0.80( 1026): [LOWI-Scan] decode_rsn_wpa_ie: Entered
11-21 15:15:15.493 D/LOWI-9.0.0.80( 1026): [LOWIUtils] hexDump: msg(30 18 01 00 00 0f ac 02 02 00 00 0f ac 02 00 0f ac 04 01 00 00 0f ac 02 )
11-21 15:15:15.493 D/LOWI-9.0.0.80( 1026): [LOWI-Scan] decode_rsn_wpa_ie: LOWI_ENCRYPTION_TYPE_WPA_PSK
11-21 15:15:15.493 D/LOWI-9.0.0.80( 1026): [LOWI-Scan] is_qcom_ie, bss_age: 26
11-21 15:15:15.493 D/LOWI-9.0.0.80( 1026): [LOWI-Scan] BSS 18:4f:32:07:46:03 LOWI_PHY_MODE_11NG_HT20(5), Beacon Interval: 100, LOWI_ENCRYPTION_TYPE_WPA_PSK 11mcRanging: No, ANQP: No, LCI: No, Civic: No, capability(0x0431): ESS Privacy ShortPreamble ShortSlotTime
11-21 15:15:15.493 D/LOWI-9.0.0.80( 1026): [LOWI-Scan] BSS 18:4f:32:07:46:03 FREQ: 2437, cFreq1[40:80:160] = [0:0:0] cFreq2 = 0 Country Code =    
11-21 15:15:15.494 D/LOWI-9.0.0.80( 1026): [LOWI-Scan] BSS 18:4f:32:07:46:03 (wlan0) ASSO: NO AddInfo: 0x0, TSF 1, 23:26:43.200, RSSI: -170, CPL: 127, AGE: 0,  SSID HP-Print-03-LaserJet Pro MFP, TSFDelta: 0x0, TXRate: 0
11-21 15:15:15.494 D/LOWI-9.0.0.80( 1026): [LOWI-Scan] 
11-21 15:15:15.494 D/LOWI-9.0.0.80( 1026): [LOWI-Scan] print_bss_handler: Report Probe TSF 170803200332 as it greater than Beacon TSF 170752174774
11-21 15:15:15.494 I/LOWI-9.0.0.80( 1026): [LOWI-Scan] RSN_IE
11-21 15:15:15.494 D/LOWI-9.0.0.80( 1026): [LOWI-Scan] decode_rsn_wpa_ie: Entered
11-21 15:15:15.494 D/LOWI-9.0.0.80( 1026): [LOWIUtils] hexDump: msg(30 14 01 00 00 0f ac 04 01 00 00 0f ac 04 01 00 00 0f ac 02 )
11-21 15:15:15.494 D/LOWI-9.0.0.80( 1026): [LOWI-Scan] decode_rsn_wpa_ie: LOWI_ENCRYPTION_TYPE_WPA_PSK
11-21 15:15:15.494 D/LOWI-9.0.0.80( 1026): [LOWI-Scan] is_qcom_ie, bss_age: 3
11-21 15:15:15.494 D/LOWI-9.0.0.80( 1026): [LOWI-Scan] BSS 18:64:72:60:2b:40 LOWI_PHY_MODE_11NG_HT20(5), Beacon Interval: 100, LOWI_ENCRYPTION_TYPE_WPA_PSK 11mcRanging: No, ANQP: No, LCI: No, Civic: No, capability(0x0431): ESS Privacy ShortPreamble ShortSlotTime
11-21 15:15:15.494 D/LOWI-9.0.0.80( 1026): [LOWI-Scan] BSS 18:64:72:60:2b:40 FREQ: 2462, cFreq1[40:80:160] = [0:0:0] cFreq2 = 0 Country Code =    
11-21 15:15:15.495 D/LOWI-9.0.0.80( 1026): [LOWI-Scan] BSS 18:64:72:60:2b:40 (wlan0) ASSO: NO AddInfo: 0x0, TSF 1, 23:26:43.200, RSSI: -138, CPL: 127, AGE: 0,  SSID lab-t24103779, TSFDelta: 0x0, TXRate: 0
11-21 15:15:15.495 D/LOWI-9.0.0.80( 1026): [LOWI-Scan] 
11-21 15:15:15.495 D/LOWI-9.0.0.80( 1026): [LOWI-Scan] print_bss_handler: Report beacon TSF 170803200472 as it greater than probe TSF 170774422011
11-21 15:15:15.495 I/LOWI-9.0.0.80( 1026): [LOWI-Scan] RSN_IE
11-21 15:15:15.495 D/LOWI-9.0.0.80( 1026): [LOWI-Scan] decode_rsn_wpa_ie: Entered
11-21 15:15:15.495 D/LOWI-9.0.0.80( 1026): [LOWIUtils] hexDump: msg(30 14 01 00 00 0f ac 04 01 00 00 0f ac 04 01 00 00 0f ac 02 )
11-21 15:15:15.495 D/LOWI-9.0.0.80( 1026): [LOWI-Scan] decode_rsn_wpa_ie: LOWI_ENCRYPTION_TYPE_WPA_PSK
11-21 15:15:15.495 D/LOWI-9.0.0.80( 1026): [LOWI-Scan] is_qcom_ie, bss_age: 15
11-21 15:15:15.495 D/LOWI-9.0.0.80( 1026): [LOWI-Scan] BSS 00:24:b1:02:cb:dc LOWI_PHY_MODE_11NG_HT20(5), Beacon Interval: 100, LOWI_ENCRYPTION_TYPE_WPA_PSK 11mcRanging: No, ANQP: No, LCI: No, Civic: No, capability(0x0431): ESS Privacy ShortPreamble ShortSlotTime
11-21 15:15:15.495 D/LOWI-9.0.0.80( 1026): [LOWI-Scan] BSS 00:24:b1:02:cb:dc FREQ: 2452, cFreq1[40:80:160] = [0:0:0] cFreq2 = 0 Country Code =    
11-21 15:15:15.495 D/LOWI-9.0.0.80( 1026): [LOWI-Scan] BSS 00:24:b1:02:cb:dc (wlan0) ASSO: NO AddInfo: 0x1, TSF 1, 23:26:43.200, RSSI: -176, CPL: 127, AGE: 0,  SSID 0024b1000002cbdc, TSFDelta: 0x0, TXRate: 0
11-21 15:15:15.496 D/LOWI-9.0.0.80( 1026): [LOWI-Scan] 
11-21 15:15:15.496 D/LOWI-9.0.0.80( 1026): [LOWI-Scan] print_bss_handler: Report Probe TSF 170774421947 as it greater than Beacon TSF 0
11-21 15:15:15.496 I/LOWI-9.0.0.80( 1026): [LOWI-Scan] RSN_IE
11-21 15:15:15.496 D/LOWI-9.0.0.80( 1026): [LOWI-Scan] decode_rsn_wpa_ie: Entered
11-21 15:15:15.496 D/LOWI-9.0.0.80( 1026): [LOWIUtils] hexDump: msg(30 14 01 00 00 0f ac 04 01 00 00 0f ac 04 01 00 00 0f ac 02 )
11-21 15:15:15.496 D/LOWI-9.0.0.80( 1026): [LOWI-Scan] decode_rsn_wpa_ie: LOWI_ENCRYPTION_TYPE_WPA_PSK
11-21 15:15:15.496 D/LOWI-9.0.0.80( 1026): [LOWI-Scan] is_qcom_ie, bss_age: 3
11-21 15:15:15.496 D/LOWI-9.0.0.80( 1026): [LOWI-Scan] adjust_age:AP AGE upper limit reached. Dont store
11-21 15:15:15.496 D/LOWI-9.0.0.80( 1026): [LOWI-Scan] BSS 2c:57:41:83:fd:21 LOWI_PHY_MODE_11NG_HT20(5), Beacon Interval: 100, LOWI_ENCRYPTION_TYPE_WPA_PSK 11mcRanging: No, ANQP: No, LCI: No, Civic: No, capability(0x1411): ESS Privacy ShortSlotTime
11-21 15:15:15.496 D/LOWI-9.0.0.80( 1026): [LOWI-Scan] BSS 2c:57:41:83:fd:21 FREQ: 2462, cFreq1[40:80:160] = [0:0:0] cFreq2 = 0 Country Code = US
11-21 15:15:15.496 D/LOWI-9.0.0.80( 1026): [LOWI-Scan] BSS 2c:57:41:83:fd:21 (wlan0) ASSO: NO AddInfo: 0x0, TSF 1, 23:26:14.421, RSSI: -164, CPL: 2, AGE: 28780,  SSID kittyhawk, TSFDelta: 0x0, TXRate: 0
11-21 15:15:15.496 D/LOWI-9.0.0.80( 1026): [LOWIDiagLog] Log: lowiMeasResult->request: invalid null argument
11-21 15:15:15.496 I/LOWI-9.0.0.80( 1026): [LOWI-Scan] lowi_close_record:Scan done in 170759267ms, 21 APs in scan results
11-21 15:15:15.496 D/LOWI-9.0.0.80( 1026): [LOWI-Scan] WipsScanUsingNL: passive scan cached 0, took 9281 ms, err 0
11-21 15:15:15.496 D/LOWI-9.0.0.80( 1026): [LOWI-Scan] lowi_proc_req_passive_scan_with_live_meas - No WLAN Frames to be parsed
11-21 15:15:15.497 D/LOWI-9.0.0.80( 1026): [LOWIScanResultReceiver] Send scan meas to listener
11-21 15:15:15.497 D/LOWI-9.0.0.80( 1026): [LOWIScanResultReceiver] Enter passive listening mode
11-21 15:15:15.497 D/LOWI-9.0.0.80( 1026): [LOWIWifiDriverInterface] getMeasurements - Passive listening mode
11-21 15:15:15.497 D/LOWI-9.0.0.80( 1026): [LOWI-Scan] WipsScanUsingNL:wait -1 sec for netlink message
11-21 15:15:15.497 D/LOWI-9.0.0.80( 1026): [LOWIEventReceiver] handleEvent:FROM:NA, TO:NA, REQ:NA, IREQ:NA, REQ_ID:0, RESP:NA, INFO:NA
11-21 15:15:15.497 D/LOWI-9.0.0.80( 1026): [LOWIBackgroundScanMgr] isRspForBgScanMgr: evt(LOWI_NO_EVT) - not handled
11-21 15:15:15.497 D/LOWI-9.0.0.80( 1026): [LOWIScheduler] manageMsg: NULL results or NULL request in results
11-21 15:15:15.497 D/LOWI-9.0.0.80( 1026): [LOWIController] Measurements received
11-21 15:15:15.497 D/LOWI-9.0.0.80( 1026): [LOWICacheManager] putInCache:Num of Meas to add: 21
11-21 15:15:15.498 D/LOWI-9.0.0.80( 1026): [LOWIController] processMeasurementResults: No current Request. Cache measurements
11-21 15:15:15.498 D/LOWI-9.0.0.80( 1026): [LOWIControllerExtn] sendLOWILpDiscoveryScanResponse: Not a discovery scan response
11-21 15:15:15.500 I/chatty  ( 2334): uid=10062(com.facebook.wearable.system.selfcare) pool-3-thread-2 expire 1 line
11-21 15:15:15.526 D/PasspointManager( 1186): ANQP entry not found for: 5e:6e:be:46:77:d7:<Pixel_R3>
11-21 15:15:15.526 D/PasspointManager( 1186): ANQP entry not found for: 12:d7:96:61:85:9f:<Pixel_R5>
11-21 15:15:15.527 D/PasspointManager( 1186): ANQP entry not found for: fe:2d:5a:49:61:eb:<Pixel_R2>
11-21 15:15:15.527 D/PasspointManager( 1186): ANQP entry not found for: c6:82:9b:4e:b3:9e:<Pixel_R6>
11-21 15:15:15.527 D/PasspointManager( 1186): ANQP entry not found for: ce:dc:12:3b:87:fd:<Pixel5_R1>
11-21 15:15:15.575 D/CompatibilityInfo( 1186): mCompatibilityFlags - 4
11-21 15:15:15.575 D/CompatibilityInfo( 1186): applicationDensity - 320
11-21 15:15:15.575 D/CompatibilityInfo( 1186): applicationScale - 1.0
11-21 15:15:15.578 D/WifiSharingService( 2870): Sending scanResults intent with status code 0: PendingIntent{298b110: android.os.BinderProxy@f61e3c9}
11-21 15:15:15.587 D/CompatibilityInfo( 1186): mCompatibilityFlags - 4
11-21 15:15:15.587 D/CompatibilityInfo( 1186): applicationDensity - 320
11-21 15:15:15.588 D/CompatibilityInfo( 1186): applicationScale - 1.0
11-21 15:15:15.635 I/chatty  ( 2334): uid=10062(com.facebook.wearable.system.selfcare) MainTP_1655 expire 1 line
11-21 15:15:15.635 I/WM-WorkerWrapper( 2334): Work [ id=e596069b-4a6f-495d-b19d-a8669de7ea86, tags={ com.facebook.wearable.system.selfcare.sharing.StickerBundleDatabaseWorker } ] was cancelled
11-21 15:15:15.635 I/WM-WorkerWrapper( 2334): java.util.concurrent.CancellationException: Task was cancelled.
11-21 15:15:15.635 I/WM-WorkerWrapper( 2334): 	at androidx.work.impl.utils.futures.AbstractFuture.getDoneValue(:32)
11-21 15:15:15.635 I/WM-WorkerWrapper( 2334): 	at androidx.work.impl.utils.futures.AbstractFuture.get(:268435546)
11-21 15:15:15.635 I/WM-WorkerWrapper( 2334): 	at androidx.work.impl.WorkerWrapper$2.run(:3)
11-21 15:15:15.635 I/WM-WorkerWrapper( 2334): 	at androidx.work.impl.utils.SerialExecutor$Task.run(:2)
11-21 15:15:15.635 I/WM-WorkerWrapper( 2334): 	at java.util.concurrent.ThreadPoolExecutor.runWorker(ThreadPoolExecutor.java:1167)
11-21 15:15:15.635 I/WM-WorkerWrapper( 2334): 	at java.util.concurrent.ThreadPoolExecutor$Worker.run(ThreadPoolExecutor.java:641)
11-21 15:15:15.635 I/WM-WorkerWrapper( 2334): 	at java.lang.Thread.run(Thread.java:923)
11-21 15:15:15.720 D/CompatibilityInfo( 1186): mCompatibilityFlags - 4
11-21 15:15:15.720 D/CompatibilityInfo( 1186): applicationDensity - 320
11-21 15:15:15.720 D/CompatibilityInfo( 1186): applicationScale - 1.0
11-21 15:15:15.773 D/SettingsSDK::SyncHelper( 2334): Read setting com.facebook.wearable.sdk.selfcare:SELFCARE_SERVICE_ENABLED from persistent cache
11-21 15:15:15.774 D/FacebookRepository( 2334): Reading from Store [906581286488774]
11-21 15:15:15.872 I/WM-WorkerWrapper( 2334): Work [ id=57f248e9-27c9-4baa-bcea-f98e3ece0d1a, tags={ com.facebook.wearable.system.selfcare.cloudsync.SelfCareDataCloudSyncWorker } ] was cancelled
11-21 15:15:15.872 I/WM-WorkerWrapper( 2334): java.util.concurrent.CancellationException: Task was cancelled.
11-21 15:15:15.872 I/WM-WorkerWrapper( 2334): 	at androidx.work.impl.utils.futures.AbstractFuture.getDoneValue(:32)
11-21 15:15:15.872 I/WM-WorkerWrapper( 2334): 	at androidx.work.impl.utils.futures.AbstractFuture.get(:268435546)
11-21 15:15:15.872 I/WM-WorkerWrapper( 2334): 	at androidx.work.impl.WorkerWrapper$2.run(:3)
11-21 15:15:15.872 I/WM-WorkerWrapper( 2334): 	at androidx.work.impl.utils.SerialExecutor$Task.run(:2)
11-21 15:15:15.872 I/WM-WorkerWrapper( 2334): 	at java.util.concurrent.ThreadPoolExecutor.runWorker(ThreadPoolExecutor.java:1167)
11-21 15:15:15.872 I/WM-WorkerWrapper( 2334): 	at java.util.concurrent.ThreadPoolExecutor$Worker.run(ThreadPoolExecutor.java:641)
11-21 15:15:15.872 I/WM-WorkerWrapper( 2334): 	at java.lang.Thread.run(Thread.java:923)
11-21 15:15:15.873 E/SelfCareDataCloudSyncWorker( 2334): Failed to get access token
11-21 15:15:15.873 E/SelfCareDataCloudSyncWorker( 2334): kotlinx.coroutines.JobCancellationException: Job was cancelled; job=JobImpl{Cancelling}@eb3ee65
11-21 15:15:15.956 D/CompatibilityInfo( 1186): mCompatibilityFlags - 4
11-21 15:15:15.956 D/CompatibilityInfo( 1186): applicationDensity - 320
11-21 15:15:15.956 D/CompatibilityInfo( 1186): applicationScale - 1.0
11-21 15:15:16.015 E/StickerBundleDatabaseWorker( 2334): Failed to fetch sticker bundles:
11-21 15:15:16.015 E/StickerBundleDatabaseWorker( 2334): kotlinx.coroutines.JobCancellationException: Job was cancelled; job=JobImpl{Cancelling}@ffa0be1
11-21 15:15:16.015 I/WM-WorkerWrapper( 2334): Work [ id=e596069b-4a6f-495d-b19d-a8669de7ea86, tags={ com.facebook.wearable.system.selfcare.sharing.StickerBundleDatabaseWorker } ] was cancelled
11-21 15:15:16.015 I/WM-WorkerWrapper( 2334): java.util.concurrent.CancellationException: Task was cancelled.
11-21 15:15:16.015 I/WM-WorkerWrapper( 2334): 	at androidx.work.impl.utils.futures.AbstractFuture.getDoneValue(:32)
11-21 15:15:16.015 I/WM-WorkerWrapper( 2334): 	at androidx.work.impl.utils.futures.AbstractFuture.get(:268435546)
11-21 15:15:16.015 I/WM-WorkerWrapper( 2334): 	at androidx.work.impl.WorkerWrapper$2.run(:3)
11-21 15:15:16.015 I/WM-WorkerWrapper( 2334): 	at androidx.work.impl.utils.SerialExecutor$Task.run(:2)
11-21 15:15:16.015 I/WM-WorkerWrapper( 2334): 	at java.util.concurrent.ThreadPoolExecutor.runWorker(ThreadPoolExecutor.java:1167)
11-21 15:15:16.015 I/WM-WorkerWrapper( 2334): 	at java.util.concurrent.ThreadPoolExecutor$Worker.run(ThreadPoolExecutor.java:641)
11-21 15:15:16.015 I/WM-WorkerWrapper( 2334): 	at java.lang.Thread.run(Thread.java:923)
11-21 15:15:16.099 D/CompatibilityInfo( 1186): mCompatibilityFlags - 4
11-21 15:15:16.099 D/CompatibilityInfo( 1186): applicationDensity - 320
11-21 15:15:16.099 D/CompatibilityInfo( 1186): applicationScale - 1.0
11-21 15:15:16.151 D/SettingsSDK::SyncHelper( 2334): Read setting com.facebook.wearable.sdk.selfcare:SELFCARE_SERVICE_ENABLED from persistent cache
11-21 15:15:16.152 D/FacebookRepository( 2334): Reading from Store [906581286488774]
11-21 15:15:16.241 E/SelfCareDataCloudSyncWorker( 2334): Failed to get access token
11-21 15:15:16.241 E/SelfCareDataCloudSyncWorker( 2334): kotlinx.coroutines.JobCancellationException: Job was cancelled; job=JobImpl{Cancelling}@9ab638c
11-21 15:15:16.241 I/WM-WorkerWrapper( 2334): Work [ id=57f248e9-27c9-4baa-bcea-f98e3ece0d1a, tags={ com.facebook.wearable.system.selfcare.cloudsync.SelfCareDataCloudSyncWorker } ] was cancelled
11-21 15:15:16.241 I/WM-WorkerWrapper( 2334): java.util.concurrent.CancellationException: Task was cancelled.
11-21 15:15:16.241 I/WM-WorkerWrapper( 2334): 	at androidx.work.impl.utils.futures.AbstractFuture.getDoneValue(:32)
11-21 15:15:16.241 I/WM-WorkerWrapper( 2334): 	at androidx.work.impl.utils.futures.AbstractFuture.get(:268435546)
11-21 15:15:16.241 I/WM-WorkerWrapper( 2334): 	at androidx.work.impl.WorkerWrapper$2.run(:3)
11-21 15:15:16.241 I/WM-WorkerWrapper( 2334): 	at androidx.work.impl.utils.SerialExecutor$Task.run(:2)
11-21 15:15:16.241 I/WM-WorkerWrapper( 2334): 	at java.util.concurrent.ThreadPoolExecutor.runWorker(ThreadPoolExecutor.java:1167)
11-21 15:15:16.241 I/WM-WorkerWrapper( 2334): 	at java.util.concurrent.ThreadPoolExecutor$Worker.run(ThreadPoolExecutor.java:641)
11-21 15:15:16.241 I/WM-WorkerWrapper( 2334): 	at java.lang.Thread.run(Thread.java:923)
11-21 15:15:16.310 D/CompatibilityInfo( 1186): mCompatibilityFlags - 4
11-21 15:15:16.310 D/CompatibilityInfo( 1186): applicationDensity - 320
11-21 15:15:16.310 D/CompatibilityInfo( 1186): applicationScale - 1.0
11-21 15:15:16.373 E/StickerBundleDatabaseWorker( 2334): Failed to fetch sticker bundles:
11-21 15:15:16.373 E/StickerBundleDatabaseWorker( 2334): kotlinx.coroutines.JobCancellationException: Job was cancelled; job=JobImpl{Cancelling}@e8caf51
11-21 15:15:16.373 I/WM-WorkerWrapper( 2334): Work [ id=e596069b-4a6f-495d-b19d-a8669de7ea86, tags={ com.facebook.wearable.system.selfcare.sharing.StickerBundleDatabaseWorker } ] was cancelled
11-21 15:15:16.373 I/WM-WorkerWrapper( 2334): java.util.concurrent.CancellationException: Task was cancelled.
11-21 15:15:16.373 I/WM-WorkerWrapper( 2334): 	at androidx.work.impl.utils.futures.AbstractFuture.getDoneValue(:32)
11-21 15:15:16.373 I/WM-WorkerWrapper( 2334): 	at androidx.work.impl.utils.futures.AbstractFuture.get(:268435546)
11-21 15:15:16.373 I/WM-WorkerWrapper( 2334): 	at androidx.work.impl.WorkerWrapper$2.run(:3)
11-21 15:15:16.373 I/WM-WorkerWrapper( 2334): 	at androidx.work.impl.utils.SerialExecutor$Task.run(:2)
11-21 15:15:16.373 I/WM-WorkerWrapper( 2334): 	at java.util.concurrent.ThreadPoolExecutor.runWorker(ThreadPoolExecutor.java:1167)
11-21 15:15:16.373 I/WM-WorkerWrapper( 2334): 	at java.util.concurrent.ThreadPoolExecutor$Worker.run(ThreadPoolExecutor.java:641)
11-21 15:15:16.373 I/WM-WorkerWrapper( 2334): 	at java.lang.Thread.run(Thread.java:923)
11-21 15:15:16.466 D/CompatibilityInfo( 1186): mCompatibilityFlags - 4
11-21 15:15:16.466 D/CompatibilityInfo( 1186): applicationDensity - 320
11-21 15:15:16.466 D/CompatibilityInfo( 1186): applicationScale - 1.0
11-21 15:15:16.477 W/HWComposer(  598): Ignoring duplicate VSYNC event from HWC for display 0 (t=170804202553956)
11-21 15:15:16.522 D/SettingsSDK::SyncHelper( 2334): Read setting com.facebook.wearable.sdk.selfcare:SELFCARE_SERVICE_ENABLED from persistent cache
11-21 15:15:16.522 D/FacebookRepository( 2334): Reading from Store [906581286488774]
11-21 15:15:16.616 E/SelfCareDataCloudSyncWorker( 2334): Failed to get access token
11-21 15:15:16.616 E/SelfCareDataCloudSyncWorker( 2334): kotlinx.coroutines.JobCancellationException: Job was cancelled; job=JobImpl{Cancelling}@edf538e
11-21 15:15:16.616 I/WM-WorkerWrapper( 2334): Work [ id=57f248e9-27c9-4baa-bcea-f98e3ece0d1a, tags={ com.facebook.wearable.system.selfcare.cloudsync.SelfCareDataCloudSyncWorker } ] was cancelled
11-21 15:15:16.616 I/WM-WorkerWrapper( 2334): java.util.concurrent.CancellationException: Task was cancelled.
11-21 15:15:16.616 I/WM-WorkerWrapper( 2334): 	at androidx.work.impl.utils.futures.AbstractFuture.getDoneValue(:32)
11-21 15:15:16.616 I/WM-WorkerWrapper( 2334): 	at androidx.work.impl.utils.futures.AbstractFuture.get(:268435546)
11-21 15:15:16.616 I/WM-WorkerWrapper( 2334): 	at androidx.work.impl.WorkerWrapper$2.run(:3)
11-21 15:15:16.616 I/WM-WorkerWrapper( 2334): 	at androidx.work.impl.utils.SerialExecutor$Task.run(:2)
11-21 15:15:16.616 I/WM-WorkerWrapper( 2334): 	at java.util.concurrent.ThreadPoolExecutor.runWorker(ThreadPoolExecutor.java:1167)
11-21 15:15:16.616 I/WM-WorkerWrapper( 2334): 	at java.util.concurrent.ThreadPoolExecutor$Worker.run(ThreadPoolExecutor.java:641)
11-21 15:15:16.616 I/WM-WorkerWrapper( 2334): 	at java.lang.Thread.run(Thread.java:923)
11-21 15:15:16.689 D/CompatibilityInfo( 1186): mCompatibilityFlags - 4
11-21 15:15:16.689 D/CompatibilityInfo( 1186): applicationDensity - 320
11-21 15:15:16.689 D/CompatibilityInfo( 1186): applicationScale - 1.0
11-21 15:15:16.751 I/WM-WorkerWrapper( 2334): Work [ id=e596069b-4a6f-495d-b19d-a8669de7ea86, tags={ com.facebook.wearable.system.selfcare.sharing.StickerBundleDatabaseWorker } ] was cancelled
11-21 15:15:16.751 I/WM-WorkerWrapper( 2334): java.util.concurrent.CancellationException: Task was cancelled.
11-21 15:15:16.751 I/WM-WorkerWrapper( 2334): 	at androidx.work.impl.utils.futures.AbstractFuture.getDoneValue(:32)
11-21 15:15:16.751 I/WM-WorkerWrapper( 2334): 	at androidx.work.impl.utils.futures.AbstractFuture.get(:268435546)
11-21 15:15:16.751 I/WM-WorkerWrapper( 2334): 	at androidx.work.impl.WorkerWrapper$2.run(:3)
11-21 15:15:16.751 I/WM-WorkerWrapper( 2334): 	at androidx.work.impl.utils.SerialExecutor$Task.run(:2)
11-21 15:15:16.751 I/WM-WorkerWrapper( 2334): 	at java.util.concurrent.ThreadPoolExecutor.runWorker(ThreadPoolExecutor.java:1167)
11-21 15:15:16.751 I/WM-WorkerWrapper( 2334): 	at java.util.concurrent.ThreadPoolExecutor$Worker.run(ThreadPoolExecutor.java:641)
11-21 15:15:16.751 I/WM-WorkerWrapper( 2334): 	at java.lang.Thread.run(Thread.java:923)
11-21 15:15:16.752 E/StickerBundleDatabaseWorker( 2334): Failed to fetch sticker bundles:
11-21 15:15:16.752 E/StickerBundleDatabaseWorker( 2334): kotlinx.coroutines.JobCancellationException: Job was cancelled; job=JobImpl{Cancelling}@6c4a3a8
11-21 15:15:16.834 D/CompatibilityInfo( 1186): mCompatibilityFlags - 4
11-21 15:15:16.834 D/CompatibilityInfo( 1186): applicationDensity - 320
11-21 15:15:16.834 D/CompatibilityInfo( 1186): applicationScale - 1.0
11-21 15:15:16.879 D/SettingsSDK::SyncHelper( 2334): Read setting com.facebook.wearable.sdk.selfcare:SELFCARE_SERVICE_ENABLED from persistent cache
11-21 15:15:16.879 D/FacebookRepository( 2334): Reading from Store [906581286488774]
11-21 15:15:16.983 E/SelfCareDataCloudSyncWorker( 2334): Failed to get access token
11-21 15:15:16.983 E/SelfCareDataCloudSyncWorker( 2334): kotlinx.coroutines.JobCancellationException: Job was cancelled; job=JobImpl{Cancelling}@28dbc3e
11-21 15:15:16.983 I/WM-WorkerWrapper( 2334): Work [ id=57f248e9-27c9-4baa-bcea-f98e3ece0d1a, tags={ com.facebook.wearable.system.selfcare.cloudsync.SelfCareDataCloudSyncWorker } ] was cancelled
11-21 15:15:16.983 I/WM-WorkerWrapper( 2334): java.util.concurrent.CancellationException: Task was cancelled.
11-21 15:15:16.983 I/WM-WorkerWrapper( 2334): 	at androidx.work.impl.utils.futures.AbstractFuture.getDoneValue(:32)
11-21 15:15:16.983 I/WM-WorkerWrapper( 2334): 	at androidx.work.impl.utils.futures.AbstractFuture.get(:268435546)
11-21 15:15:16.983 I/WM-WorkerWrapper( 2334): 	at androidx.work.impl.WorkerWrapper$2.run(:3)
11-21 15:15:16.983 I/WM-WorkerWrapper( 2334): 	at androidx.work.impl.utils.SerialExecutor$Task.run(:2)
11-21 15:15:16.983 I/WM-WorkerWrapper( 2334): 	at java.util.concurrent.ThreadPoolExecutor.runWorker(ThreadPoolExecutor.java:1167)
11-21 15:15:16.983 I/WM-WorkerWrapper( 2334): 	at java.util.concurrent.ThreadPoolExecutor$Worker.run(ThreadPoolExecutor.java:641)
11-21 15:15:16.983 I/WM-WorkerWrapper( 2334): 	at java.lang.Thread.run(Thread.java:923)
11-21 15:15:17.063 D/CompatibilityInfo( 1186): mCompatibilityFlags - 4
11-21 15:15:17.063 D/CompatibilityInfo( 1186): applicationDensity - 320
11-21 15:15:17.063 D/CompatibilityInfo( 1186): applicationScale - 1.0
11-21 15:15:17.145 E/StickerBundleDatabaseWorker( 2334): Failed to fetch sticker bundles:
11-21 15:15:17.145 E/StickerBundleDatabaseWorker( 2334): kotlinx.coroutines.JobCancellationException: Job was cancelled; job=JobImpl{Cancelling}@35fe1bb
11-21 15:15:17.145 I/WM-WorkerWrapper( 2334): Work [ id=e596069b-4a6f-495d-b19d-a8669de7ea86, tags={ com.facebook.wearable.system.selfcare.sharing.StickerBundleDatabaseWorker } ] was cancelled
11-21 15:15:17.145 I/WM-WorkerWrapper( 2334): java.util.concurrent.CancellationException: Task was cancelled.
11-21 15:15:17.145 I/WM-WorkerWrapper( 2334): 	at androidx.work.impl.utils.futures.AbstractFuture.getDoneValue(:32)
11-21 15:15:17.145 I/WM-WorkerWrapper( 2334): 	at androidx.work.impl.utils.futures.AbstractFuture.get(:268435546)
11-21 15:15:17.145 I/WM-WorkerWrapper( 2334): 	at androidx.work.impl.WorkerWrapper$2.run(:3)
11-21 15:15:17.145 I/WM-WorkerWrapper( 2334): 	at androidx.work.impl.utils.SerialExecutor$Task.run(:2)
11-21 15:15:17.145 I/WM-WorkerWrapper( 2334): 	at java.util.concurrent.ThreadPoolExecutor.runWorker(ThreadPoolExecutor.java:1167)
11-21 15:15:17.145 I/WM-WorkerWrapper( 2334): 	at java.util.concurrent.ThreadPoolExecutor$Worker.run(ThreadPoolExecutor.java:641)
11-21 15:15:17.145 I/WM-WorkerWrapper( 2334): 	at java.lang.Thread.run(Thread.java:923)
11-21 15:15:17.231 D/CompatibilityInfo( 1186): mCompatibilityFlags - 4
11-21 15:15:17.231 D/CompatibilityInfo( 1186): applicationDensity - 320
11-21 15:15:17.231 D/CompatibilityInfo( 1186): applicationScale - 1.0
11-21 15:15:17.247 D/AnalyticsLogger( 1186): sent events: 13
11-21 15:15:17.317 D/SettingsSDK::SyncHelper( 2334): Read setting com.facebook.wearable.sdk.selfcare:SELFCARE_SERVICE_ENABLED from persistent cache
11-21 15:15:17.317 D/FacebookRepository( 2334): Reading from Store [906581286488774]
11-21 15:15:17.372 W/HWComposer(  598): Ignoring duplicate VSYNC event from HWC for display 0 (t=170805097699320)
11-21 15:15:17.393 E/SelfCareDataCloudSyncWorker( 2334): Failed to get access token
11-21 15:15:17.393 E/SelfCareDataCloudSyncWorker( 2334): kotlinx.coroutines.JobCancellationException: Job was cancelled; job=JobImpl{Cancelling}@980ee69
11-21 15:15:17.393 I/WM-WorkerWrapper( 2334): Work [ id=57f248e9-27c9-4baa-bcea-f98e3ece0d1a, tags={ com.facebook.wearable.system.selfcare.cloudsync.SelfCareDataCloudSyncWorker } ] was cancelled
11-21 15:15:17.393 I/WM-WorkerWrapper( 2334): java.util.concurrent.CancellationException: Task was cancelled.
11-21 15:15:17.393 I/WM-WorkerWrapper( 2334): 	at androidx.work.impl.utils.futures.AbstractFuture.getDoneValue(:32)
11-21 15:15:17.393 I/WM-WorkerWrapper( 2334): 	at androidx.work.impl.utils.futures.AbstractFuture.get(:268435546)
11-21 15:15:17.393 I/WM-WorkerWrapper( 2334): 	at androidx.work.impl.WorkerWrapper$2.run(:3)
11-21 15:15:17.393 I/WM-WorkerWrapper( 2334): 	at androidx.work.impl.utils.SerialExecutor$Task.run(:2)
11-21 15:15:17.393 I/WM-WorkerWrapper( 2334): 	at java.util.concurrent.ThreadPoolExecutor.runWorker(ThreadPoolExecutor.java:1167)
11-21 15:15:17.393 I/WM-WorkerWrapper( 2334): 	at java.util.concurrent.ThreadPoolExecutor$Worker.run(ThreadPoolExecutor.java:641)
11-21 15:15:17.393 I/WM-WorkerWrapper( 2334): 	at java.lang.Thread.run(Thread.java:923)
11-21 15:15:17.480 D/CompatibilityInfo( 1186): mCompatibilityFlags - 4
11-21 15:15:17.480 D/CompatibilityInfo( 1186): applicationDensity - 320
11-21 15:15:17.480 D/CompatibilityInfo( 1186): applicationScale - 1.0
11-21 15:15:17.541 E/StickerBundleDatabaseWorker( 2334): Failed to fetch sticker bundles:
11-21 15:15:17.541 E/StickerBundleDatabaseWorker( 2334): kotlinx.coroutines.JobCancellationException: Job was cancelled; job=JobImpl{Cancelling}@779edfa
11-21 15:15:17.541 I/WM-WorkerWrapper( 2334): Work [ id=e596069b-4a6f-495d-b19d-a8669de7ea86, tags={ com.facebook.wearable.system.selfcare.sharing.StickerBundleDatabaseWorker } ] was cancelled
11-21 15:15:17.541 I/WM-WorkerWrapper( 2334): java.util.concurrent.CancellationException: Task was cancelled.
11-21 15:15:17.541 I/WM-WorkerWrapper( 2334): 	at androidx.work.impl.utils.futures.AbstractFuture.getDoneValue(:32)
11-21 15:15:17.541 I/WM-WorkerWrapper( 2334): 	at androidx.work.impl.utils.futures.AbstractFuture.get(:268435546)
11-21 15:15:17.541 I/WM-WorkerWrapper( 2334): 	at androidx.work.impl.WorkerWrapper$2.run(:3)
11-21 15:15:17.541 I/WM-WorkerWrapper( 2334): 	at androidx.work.impl.utils.SerialExecutor$Task.run(:2)
11-21 15:15:17.541 I/WM-WorkerWrapper( 2334): 	at java.util.concurrent.ThreadPoolExecutor.runWorker(ThreadPoolExecutor.java:1167)
11-21 15:15:17.541 I/WM-WorkerWrapper( 2334): 	at java.util.concurrent.ThreadPoolExecutor$Worker.run(ThreadPoolExecutor.java:641)
11-21 15:15:17.541 I/WM-WorkerWrapper( 2334): 	at java.lang.Thread.run(Thread.java:923)
11-21 15:15:17.612 D/CompatibilityInfo( 1186): mCompatibilityFlags - 4
11-21 15:15:17.612 D/CompatibilityInfo( 1186): applicationDensity - 320
11-21 15:15:17.612 D/CompatibilityInfo( 1186): applicationScale - 1.0
11-21 15:15:17.660 D/SettingsSDK::SyncHelper( 2334): Read setting com.facebook.wearable.sdk.selfcare:SELFCARE_SERVICE_ENABLED from persistent cache
11-21 15:15:17.660 D/FacebookRepository( 2334): Reading from Store [906581286488774]
11-21 15:15:17.750 E/SelfCareDataCloudSyncWorker( 2334): Failed to get access token
11-21 15:15:17.750 E/SelfCareDataCloudSyncWorker( 2334): kotlinx.coroutines.JobCancellationException: Job was cancelled; job=JobImpl{Cancelling}@3d49e20
11-21 15:15:17.750 I/WM-WorkerWrapper( 2334): Work [ id=57f248e9-27c9-4baa-bcea-f98e3ece0d1a, tags={ com.facebook.wearable.system.selfcare.cloudsync.SelfCareDataCloudSyncWorker } ] was cancelled
11-21 15:15:17.750 I/WM-WorkerWrapper( 2334): java.util.concurrent.CancellationException: Task was cancelled.
11-21 15:15:17.750 I/WM-WorkerWrapper( 2334): 	at androidx.work.impl.utils.futures.AbstractFuture.getDoneValue(:32)
11-21 15:15:17.750 I/WM-WorkerWrapper( 2334): 	at androidx.work.impl.utils.futures.AbstractFuture.get(:268435546)
11-21 15:15:17.750 I/WM-WorkerWrapper( 2334): 	at androidx.work.impl.WorkerWrapper$2.run(:3)
11-21 15:15:17.750 I/WM-WorkerWrapper( 2334): 	at androidx.work.impl.utils.SerialExecutor$Task.run(:2)
11-21 15:15:17.750 I/WM-WorkerWrapper( 2334): 	at java.util.concurrent.ThreadPoolExecutor.runWorker(ThreadPoolExecutor.java:1167)
11-21 15:15:17.750 I/WM-WorkerWrapper( 2334): 	at java.util.concurrent.ThreadPoolExecutor$Worker.run(ThreadPoolExecutor.java:641)
11-21 15:15:17.750 I/WM-WorkerWrapper( 2334): 	at java.lang.Thread.run(Thread.java:923)
11-21 15:15:17.832 D/UIAutomatorStub(28121): URI: /jsonrpc/0, Method: POST, Header: {content-length=229, remote-addr=127.0.0.1, http-client-ip=127.0.0.1, host=localhost:9012, content-type=application/json, accept-encoding=identity}, params, {NanoHttpd.QUERY_STRING=null}, files: {postData={"jsonrpc": "2.0", "method": "objInfo", "id": "a04137ca4fabb444516467a072c24428", "params": [{"mask": 2097152, "childOrSibling": [], "childOrSiblingSelector": [], "resourceId": "com.facebook.wearable.system.settings:id/toggle"}]}}
11-21 15:15:17.832 D/CompatibilityInfo( 1186): mCompatibilityFlags - 4
11-21 15:15:17.832 D/CompatibilityInfo( 1186): applicationDensity - 320
11-21 15:15:17.832 D/CompatibilityInfo( 1186): applicationScale - 1.0
11-21 15:15:17.895 E/StickerBundleDatabaseWorker( 2334): Failed to fetch sticker bundles:
11-21 15:15:17.895 E/StickerBundleDatabaseWorker( 2334): kotlinx.coroutines.JobCancellationException: Job was cancelled; job=JobImpl{Cancelling}@5ed4495
11-21 15:15:17.895 I/WM-WorkerWrapper( 2334): Work [ id=e596069b-4a6f-495d-b19d-a8669de7ea86, tags={ com.facebook.wearable.system.selfcare.sharing.StickerBundleDatabaseWorker } ] was cancelled
11-21 15:15:17.895 I/WM-WorkerWrapper( 2334): java.util.concurrent.CancellationException: Task was cancelled.
11-21 15:15:17.895 I/WM-WorkerWrapper( 2334): 	at androidx.work.impl.utils.futures.AbstractFuture.getDoneValue(:32)
11-21 15:15:17.895 I/WM-WorkerWrapper( 2334): 	at androidx.work.impl.utils.futures.AbstractFuture.get(:268435546)
11-21 15:15:17.895 I/WM-WorkerWrapper( 2334): 	at androidx.work.impl.WorkerWrapper$2.run(:3)
11-21 15:15:17.895 I/WM-WorkerWrapper( 2334): 	at androidx.work.impl.utils.SerialExecutor$Task.run(:2)
11-21 15:15:17.895 I/WM-WorkerWrapper( 2334): 	at java.util.concurrent.ThreadPoolExecutor.runWorker(ThreadPoolExecutor.java:1167)
11-21 15:15:17.895 I/WM-WorkerWrapper( 2334): 	at java.util.concurrent.ThreadPoolExecutor$Worker.run(ThreadPoolExecutor.java:641)
11-21 15:15:17.895 I/WM-WorkerWrapper( 2334): 	at java.lang.Thread.run(Thread.java:923)
11-21 15:15:17.916 D/UIAutomatorStub(28121): URI: /jsonrpc/0, Method: POST, Header: {content-length=227, remote-addr=127.0.0.1, http-client-ip=127.0.0.1, host=localhost:9012, content-type=application/json, accept-encoding=identity}, params, {NanoHttpd.QUERY_STRING=null}, files: {postData={"jsonrpc": "2.0", "method": "click", "id": "3983b557424d622d2736fcf80b9717d8", "params": [{"mask": 2097152, "childOrSibling": [], "childOrSiblingSelector": [], "resourceId": "com.facebook.wearable.system.settings:id/toggle"}]}}
11-21 15:15:17.971 D/WifiSharingService( 2870): Setting Wi-Fi enabled state
11-21 15:15:17.971 I/WifiService( 1186): setWifiEnabled package=com.facebook.wearable.system.connectivity uid=1000 enable=false
11-21 15:15:17.990 D/CompatibilityInfo( 1186): mCompatibilityFlags - 4
11-21 15:15:17.990 D/CompatibilityInfo( 1186): applicationDensity - 320
11-21 15:15:17.990 D/CompatibilityInfo( 1186): applicationScale - 1.0
11-21 15:15:18.005 D/WifiActiveModeWarden( 1186): Switching all client mode managers
11-21 15:15:18.011 D/BluetoothAdapterService( 1710): android.net.wifi.WIFI_STATE_CHANGED
11-21 15:15:18.012 D/QCNEJ/WlanStaInfoRelay( 1907): onChange for uri = content://settings/global/wifi_on
11-21 15:15:18.014 W/HWComposer(  598): Ignoring duplicate VSYNC event from HWC for display 0 (t=170805739446299)
11-21 15:15:18.016 E/QMI_FW  (  915): qmi_cci_get_ref: ref count increased 2
11-21 15:15:18.025 D/WifiP2pService( 1186): Wifi enabled=false, P2P Interface availability=true
11-21 15:15:18.026 D/WifiP2pService( 1186): Wifi enabled=false, P2P Interface availability=true
11-21 15:15:18.081 D/WifiP2pNative( 1186): Teardown P2P interface
11-21 15:15:18.089 D/WifiClientModeManager0( 1186): IMS not registered over IWLAN for subId: 1
11-21 15:15:18.089 D/WifiClientModeManager0( 1186): The target role 5
11-21 15:15:18.097 D/SettingsSDK::SyncHelper( 2334): Read setting com.facebook.wearable.sdk.selfcare:SELFCARE_SERVICE_ENABLED from persistent cache
11-21 15:15:18.097 D/FacebookRepository( 2334): Reading from Store [906581286488774]
11-21 15:15:18.106 W/ContextImpl( 1186): Calling a method in the system process without a qualified user: android.app.ContextImpl.sendBroadcastMultiplePermissions:1143 android.content.Context.sendBroadcastWithMultiplePermissions:2150 com.android.server.display.WifiDisplayAdapter.handleSendStatusChangeBroadcast:440 com.android.server.display.WifiDisplayAdapter.access$1700:63 com.android.server.display.WifiDisplayAdapter$WifiDisplayHandler.handleMessage:675 
11-21 15:15:18.150 I/android_os_HwBinder( 1186): HwBinder: Starting thread pool for getting: android.hardware.wifi.supplicant@1.0::ISupplicant/default
11-21 15:15:18.166 I/wpa_supplicant(15414): p2p0: Do not deauthenticate as part of interface deinit since WoWLAN is enabled
11-21 15:15:18.230 E/wpa_supplicant(15414): eap_proxy: pthread_join on eap_proxy=0xb5ccfa8
11-21 15:15:18.230 E/wpa_supplicant(15414): eap_proxy: session not started for client = 1
11-21 15:15:18.230 E/QMI_FW  (15414): qmi_cci_get_ref: ref count increased 2
11-21 15:15:18.230 E/QMI_FW  (15414): qmi_cci_get_ref: ref count increased 2
11-21 15:15:18.231 E/wpa_supplicant(15414): eap_proxy: Released QMI UIM service client
11-21 15:15:18.231 E/QMI_FW  (15414): qmi_cci_get_ref: ref count increased 2
11-21 15:15:18.231 E/QMI_FW  (15414): qmi_cci_get_ref: ref count increased 2
11-21 15:15:18.232 E/wpa_supplicant(15414): eap_proxy: Released QMI EAP service client
11-21 15:15:18.232 E/wpa_supplicant(15414): eap_proxy: session not started for client = 2
11-21 15:15:18.232 E/QMI_FW  (15414): qmi_cci_get_ref: ref count increased 2
11-21 15:15:18.232 E/QMI_FW  (15414): qmi_cci_get_ref: ref count increased 2
11-21 15:15:18.232 E/wpa_supplicant(15414): eap_proxy: Released QMI UIM service client
11-21 15:15:18.232 E/QMI_FW  (15414): qmi_cci_get_ref: ref count increased 2
11-21 15:15:18.232 E/QMI_FW  (15414): qmi_cci_get_ref: ref count increased 2
11-21 15:15:18.233 E/wpa_supplicant(15414): eap_proxy: Released QMI EAP service client
11-21 15:15:18.233 I/wpa_supplicant(15414): eap_proxy: eap_proxy Deinitialzed
11-21 15:15:18.254 E/SelfCareDataCloudSyncWorker( 2334): Failed to get access token
11-21 15:15:18.254 E/SelfCareDataCloudSyncWorker( 2334): kotlinx.coroutines.JobCancellationException: Job was cancelled; job=JobImpl{Cancelling}@74ee113
11-21 15:15:18.254 I/WM-WorkerWrapper( 2334): Work [ id=57f248e9-27c9-4baa-bcea-f98e3ece0d1a, tags={ com.facebook.wearable.system.selfcare.cloudsync.SelfCareDataCloudSyncWorker } ] was cancelled
11-21 15:15:18.254 I/WM-WorkerWrapper( 2334): java.util.concurrent.CancellationException: Task was cancelled.
11-21 15:15:18.254 I/WM-WorkerWrapper( 2334): 	at androidx.work.impl.utils.futures.AbstractFuture.getDoneValue(:32)
11-21 15:15:18.254 I/WM-WorkerWrapper( 2334): 	at androidx.work.impl.utils.futures.AbstractFuture.get(:268435546)
11-21 15:15:18.254 I/WM-WorkerWrapper( 2334): 	at androidx.work.impl.WorkerWrapper$2.run(:3)
11-21 15:15:18.254 I/WM-WorkerWrapper( 2334): 	at androidx.work.impl.utils.SerialExecutor$Task.run(:2)
11-21 15:15:18.254 I/WM-WorkerWrapper( 2334): 	at java.util.concurrent.ThreadPoolExecutor.runWorker(ThreadPoolExecutor.java:1167)
11-21 15:15:18.254 I/WM-WorkerWrapper( 2334): 	at java.util.concurrent.ThreadPoolExecutor$Worker.run(ThreadPoolExecutor.java:641)
11-21 15:15:18.254 I/WM-WorkerWrapper( 2334): 	at java.lang.Thread.run(Thread.java:923)
11-21 15:15:18.270 I/wpa_supplicant(15414): nl80211: deinit ifname=p2p0 disabled_11b_rates=0
11-21 15:15:18.305 D/LOWI-9.0.0.80( 1026): [LOWINetlinkSocketReceiver] unpackRTMLinkMessage: RTM_NEWLINK - ifname p2p0, flags 0x1003 ([UP])
11-21 15:15:18.332 D/CompatibilityInfo( 1186): mCompatibilityFlags - 4
11-21 15:15:18.332 D/CompatibilityInfo( 1186): applicationDensity - 320
11-21 15:15:18.332 D/CompatibilityInfo( 1186): applicationScale - 1.0
11-21 15:15:18.347 D/LOWI-9.0.0.80( 1026): [LOWINetlinkSocketReceiver] unpackRTMLinkMessage: RTM_NEWLINK - ifname p2p0, flags 0x1002 ()
11-21 15:15:18.354 D/LOWI-9.0.0.80( 1026): [LOWINetlinkSocketReceiver] unpackRTMLinkMessage: RTM_NEWLINK - ifname p2p0, flags 0x1002 ()
11-21 15:15:18.361 I/wpa_supplicant(15414): Try to unregister vendor p2 interface
11-21 15:15:18.374 I/WifiP2pNative( 1186): P2P interface teardown completed
11-21 15:15:18.375 I/wpa_supplicant(15414): wlan0: Do not deauthenticate as part of interface deinit since WoWLAN is enabled
11-21 15:15:18.377 D/WifiP2pNative( 1186): P2P InterfaceDestroyedListener p2p0
11-21 15:15:18.377 D/WifiP2pNative( 1186): Ignoring stale interface destroyed listener
11-21 15:15:18.377 D/WifiP2pNative( 1186): P2P InterfaceAvailableListener true
11-21 15:15:18.378 D/WifiP2pService( 1186): Wifi enabled=false, P2P Interface availability=true
11-21 15:15:18.406 E/StickerBundleDatabaseWorker( 2334): Failed to fetch sticker bundles:
11-21 15:15:18.406 E/StickerBundleDatabaseWorker( 2334): kotlinx.coroutines.JobCancellationException: Job was cancelled; job=JobImpl{Cancelling}@4bc7b6f
11-21 15:15:18.406 I/WM-WorkerWrapper( 2334): Work [ id=e596069b-4a6f-495d-b19d-a8669de7ea86, tags={ com.facebook.wearable.system.selfcare.sharing.StickerBundleDatabaseWorker } ] was cancelled
11-21 15:15:18.406 I/WM-WorkerWrapper( 2334): java.util.concurrent.CancellationException: Task was cancelled.
11-21 15:15:18.406 I/WM-WorkerWrapper( 2334): 	at androidx.work.impl.utils.futures.AbstractFuture.getDoneValue(:32)
11-21 15:15:18.406 I/WM-WorkerWrapper( 2334): 	at androidx.work.impl.utils.futures.AbstractFuture.get(:268435546)
11-21 15:15:18.406 I/WM-WorkerWrapper( 2334): 	at androidx.work.impl.WorkerWrapper$2.run(:3)
11-21 15:15:18.406 I/WM-WorkerWrapper( 2334): 	at androidx.work.impl.utils.SerialExecutor$Task.run(:2)
11-21 15:15:18.406 I/WM-WorkerWrapper( 2334): 	at java.util.concurrent.ThreadPoolExecutor.runWorker(ThreadPoolExecutor.java:1167)
11-21 15:15:18.406 I/WM-WorkerWrapper( 2334): 	at java.util.concurrent.ThreadPoolExecutor$Worker.run(ThreadPoolExecutor.java:641)
11-21 15:15:18.406 I/WM-WorkerWrapper( 2334): 	at java.lang.Thread.run(Thread.java:923)
11-21 15:15:18.424 I/wpa_supplicant(15414): Try to unregister vendor STA network
11-21 15:15:18.430 E/wpa_supplicant(15414): eap_proxy: pthread_join on eap_proxy=0xb5cceac
11-21 15:15:18.430 E/wpa_supplicant(15414): eap_proxy: session not started for client = 1
11-21 15:15:18.430 E/QMI_FW  (15414): qmi_cci_get_ref: ref count increased 2
11-21 15:15:18.430 E/QMI_FW  (15414): qmi_cci_get_ref: ref count increased 2
11-21 15:15:18.430 E/wpa_supplicant(15414): eap_proxy: Released QMI UIM service client
11-21 15:15:18.430 E/QMI_FW  (15414): qmi_cci_get_ref: ref count increased 2
11-21 15:15:18.430 E/QMI_FW  (15414): qmi_cci_get_ref: ref count increased 2
11-21 15:15:18.432 E/wpa_supplicant(15414): eap_proxy: Released QMI EAP service client
11-21 15:15:18.432 E/wpa_supplicant(15414): eap_proxy: session not started for client = 2
11-21 15:15:18.432 E/QMI_FW  (15414): qmi_cci_get_ref: ref count increased 2
11-21 15:15:18.432 E/QMI_FW  (15414): qmi_cci_get_ref: ref count increased 2
11-21 15:15:18.433 E/wpa_supplicant(15414): eap_proxy: Released QMI UIM service client
11-21 15:15:18.433 E/QMI_FW  (15414): qmi_cci_get_ref: ref count increased 2
11-21 15:15:18.433 E/QMI_FW  (15414): qmi_cci_get_ref: ref count increased 2
11-21 15:15:18.433 E/wpa_supplicant(15414): eap_proxy: Released QMI EAP service client
11-21 15:15:18.433 I/wpa_supplicant(15414): eap_proxy: eap_proxy Deinitialzed
11-21 15:15:18.465 I/wpa_supplicant(15414): nl80211: deinit ifname=wlan0 disabled_11b_rates=0
11-21 15:15:18.483 D/CompatibilityInfo( 1186): mCompatibilityFlags - 4
11-21 15:15:18.484 D/CompatibilityInfo( 1186): applicationDensity - 320
11-21 15:15:18.484 D/CompatibilityInfo( 1186): applicationScale - 1.0
11-21 15:15:18.505 I/wpa_supplicant(15414): Try to unregister vendor interface
11-21 15:15:18.506 D/LOWI-9.0.0.80( 1026): [LOWINetlinkSocketReceiver] unpackRTMLinkMessage: RTM_NEWLINK - ifname wlan0, flags 0x11043 ([UP][RUNNING])
11-21 15:15:18.507 D/LOWI-9.0.0.80( 1026): [LOWINetlinkSocketReceiver] processNetlinkPacket: ifname(wlan0) status(2)
11-21 15:15:18.507 D/LOWI-9.0.0.80( 1026): [LOWIController] intfStateReceived: ifname(wlan0) state(2)
11-21 15:15:18.507 D/LOWI-9.0.0.80( 1026): [LOWIEventReceiver] handleEvent:FROM:NA, TO:NA, REQ:NA, IREQ:NA, REQ_ID:0, RESP:NA, INFO:INTF-STATUS-UPDATE
11-21 15:15:18.507 D/LOWI-9.0.0.80( 1026): [LOWIEventReceiver] Info to [INTF-STATUS-UPDATE]
11-21 15:15:18.507 D/LOWI-9.0.0.80( 1026): [LOWIController] updateIntfState: WIFI enabled 2 mNlWifiStatus 2 mWifiStateEnabled 1
11-21 15:15:18.507 D/LOWI-9.0.0.80( 1026): [LOWIController] isWifiEnabled: mNlWifiStatus 2 mWifiStateEnabled 1
11-21 15:15:18.516 I/SupplicantStaIfaceHal( 1186): Terminating supplicant using HIDL
11-21 15:15:18.518 I/android_os_HwBinder( 1186): HwBinder: Starting thread pool for getting: android.hardware.wifi.supplicant@1.0::ISupplicant/default
11-21 15:15:18.524 I/wpa_supplicant(15414): Terminating...
11-21 15:15:18.527 D/LOWI-9.0.0.80( 1026): [LOWINetlinkSocketReceiver] unpackRTMLinkMessage: RTM_NEWLINK - ifname wlan0, flags 0x1003 ([UP])
11-21 15:15:18.527 D/LOWI-9.0.0.80( 1026): [LOWINetlinkSocketReceiver] processNetlinkPacket: ifname(wlan0) status(1)
11-21 15:15:18.527 D/LOWI-9.0.0.80( 1026): [LOWIController] intfStateReceived: ifname(wlan0) state(1)
