11-21 08:09:01.767 I/WM-WorkerWrapper( 2334): 	at androidx.work.impl.utils.futures.AbstractFuture.get(:268435546)
11-21 08:09:01.767 I/WM-WorkerWrapper( 2334): 	at androidx.work.impl.WorkerWrapper$2.run(:3)
11-21 08:09:01.767 I/WM-WorkerWrapper( 2334): 	at androidx.work.impl.utils.SerialExecutor$Task.run(:2)
11-21 08:09:01.767 I/WM-WorkerWrapper( 2334): 	at java.util.concurrent.ThreadPoolExecutor.runWorker(ThreadPoolExecutor.java:1167)
11-21 08:09:01.767 I/WM-WorkerWrapper( 2334): 	at java.util.concurrent.ThreadPoolExecutor$Worker.run(ThreadPoolExecutor.java:641)
11-21 08:09:01.767 I/WM-WorkerWrapper( 2334): 	at java.lang.Thread.run(Thread.java:923)
11-21 08:09:01.812 D/ConnectivityService( 1186): handleLingerComplete for [101 CELLULAR]
11-21 08:09:01.831 D/QCNEJ/WwanInfoRelay( 1907): onCapabilitiesChanged: 101 [ Transports: CELLULAR Capabilities: MMS&SUPL&FOTA&INTERNET&NOT_RESTRICTED&TRUSTED&NOT_VPN&VALIDATED&NOT_ROAMING&NOT_CONGESTED&NOT_SUSPENDED LinkUpBandwidth>=15000Kbps LinkDnBandwidth>=30000Kbps Specifier: <TelephonyNetworkSpecifier [mSubId = 1]> AdministratorUids: [] RequestorUid: -1 RequestorPackageName: null]
11-21 08:09:01.832 I/QCNEJ/WwanInfoRelay( 1907): cacheWwanInfo subId = 1 phoneId = 0 slotId = 0
11-21 08:09:01.852 D/commandrouter( 1006): rtc_sync (1, rtc:sync): <ServiceRequest> FORWARDED (remote -> local) service client ID = 0, token ID = 47285
11-21 08:09:01.852 D/vendor.facebook.rtc_sync@1.0-service( 1145): Request req_ts=1637482141842392320 resp_ts=1637482141852750598
11-21 08:09:01.853 D/commandrouter( 1006): SocServiceHandle::onServiceMessage, SoC Service = rtc_sync, appType = 1, type = SVC_RESP, clientId = 0, token = 47285, payloadLen = 8, result = 0, payload.size() = 8
11-21 08:09:01.860 D/UIAutomatorStub(15932): URI: /jsonrpc/0, Method: POST, Header: {content-length=227, remote-addr=127.0.0.1, http-client-ip=127.0.0.1, host=localhost:9012, content-type=application/json, accept-encoding=identity}, params, {NanoHttpd.QUERY_STRING=null}, files: {postData={"jsonrpc": "2.0", "method": "click", "id": "11703772e93f706fee1272d8b27cd520", "params": [{"mask": 2097152, "childOrSibling": [], "childOrSiblingSelector": [], "resourceId": "com.facebook.wearable.system.settings:id/toggle"}]}}
11-21 08:09:01.904 D/SettingsSDK::SyncHelper( 2334): Read setting com.facebook.wearable.sdk.selfcare:SELFCARE_SERVICE_ENABLED from persistent cache
11-21 08:09:01.906 D/FacebookRepository( 2334): Reading from Store [906581286488774]
11-21 08:09:01.910 D/WifiSharingService( 2870): Setting Wi-Fi enabled state
11-21 08:09:01.910 I/WifiService( 1186): setWifiEnabled package=com.facebook.wearable.system.connectivity uid=1000 enable=false
11-21 08:09:01.918 D/QCNEJ/WlanStaInfoRelay( 1907): onChange for uri = content://settings/global/wifi_on
11-21 08:09:01.921 E/QMI_FW  (  915): qmi_cci_get_ref: ref count increased 2
11-21 08:09:01.925 D/WifiActiveModeWarden( 1186): Switching all client mode managers
11-21 08:09:01.930 D/BluetoothAdapterService( 1710): android.net.wifi.WIFI_STATE_CHANGED
11-21 08:09:01.941 D/WifiClientModeManager0( 1186): IMS not registered over IWLAN for subId: 1
11-21 08:09:01.941 D/WifiClientModeManager0( 1186): The target role 5
11-21 08:09:01.954 I/android_os_HwBinder( 1186): HwBinder: Starting thread pool for getting: android.hardware.wifi.supplicant@1.0::ISupplicant/default
11-21 08:09:01.956 I/WM-WorkerWrapper( 2334): Work [ id=57f248e9-27c9-4baa-bcea-f98e3ece0d1a, tags={ com.facebook.wearable.system.selfcare.cloudsync.SelfCareDataCloudSyncWorker } ] was cancelled
11-21 08:09:01.956 I/WM-WorkerWrapper( 2334): java.util.concurrent.CancellationException: Task was cancelled.
11-21 08:09:01.956 I/WM-WorkerWrapper( 2334): 	at androidx.work.impl.utils.futures.AbstractFuture.getDoneValue(:32)
11-21 08:09:01.956 I/WM-WorkerWrapper( 2334): 	at androidx.work.impl.utils.futures.AbstractFuture.get(:268435546)
11-21 08:09:01.956 I/WM-WorkerWrapper( 2334): 	at androidx.work.impl.WorkerWrapper$2.run(:3)
11-21 08:09:01.956 I/WM-WorkerWrapper( 2334): 	at androidx.work.impl.utils.SerialExecutor$Task.run(:2)
11-21 08:09:01.956 I/WM-WorkerWrapper( 2334): 	at java.util.concurrent.ThreadPoolExecutor.runWorker(ThreadPoolExecutor.java:1167)
11-21 08:09:01.956 I/WM-WorkerWrapper( 2334): 	at java.util.concurrent.ThreadPoolExecutor$Worker.run(ThreadPoolExecutor.java:641)
11-21 08:09:01.956 I/WM-WorkerWrapper( 2334): 	at java.lang.Thread.run(Thread.java:923)
11-21 08:09:01.956 E/SelfCareDataCloudSyncWorker( 2334): Failed to get access token
11-21 08:09:01.956 E/SelfCareDataCloudSyncWorker( 2334): kotlinx.coroutines.JobCancellationException: Job was cancelled; job=JobImpl{Cancelling}@93151c5
11-21 08:09:01.956 I/wpa_supplicant(30287): wlan0: Do not deauthenticate as part of interface deinit since WoWLAN is enabled
11-21 08:09:01.963 D/WifiP2pService( 1186): Wifi enabled=false, P2P Interface availability=true
11-21 08:09:01.964 D/WifiP2pService( 1186): Wifi enabled=false, P2P Interface availability=true
11-21 08:09:01.965 D/WifiP2pNative( 1186): Teardown P2P interface
11-21 08:09:01.973 W/ContextImpl( 1186): Calling a method in the system process without a qualified user: android.app.ContextImpl.sendBroadcastMultiplePermissions:1143 android.content.Context.sendBroadcastWithMultiplePermissions:2150 com.android.server.display.WifiDisplayAdapter.handleSendStatusChangeBroadcast:440 com.android.server.display.WifiDisplayAdapter.access$1700:63 com.android.server.display.WifiDisplayAdapter$WifiDisplayHandler.handleMessage:675 
11-21 08:09:01.994 I/wpa_supplicant(30287): Try to unregister vendor STA network
11-21 08:09:02.006 E/wpa_supplicant(30287): eap_proxy: pthread_join on eap_proxy=0x7cd2eac
11-21 08:09:02.008 E/wpa_supplicant(30287): eap_proxy: session not started for client = 1
11-21 08:09:02.008 E/QMI_FW  (30287): qmi_cci_get_ref: ref count increased 2
11-21 08:09:02.008 E/QMI_FW  (30287): qmi_cci_get_ref: ref count increased 2
11-21 08:09:02.009 E/wpa_supplicant(30287): eap_proxy: Released QMI UIM service client
11-21 08:09:02.009 E/QMI_FW  (30287): qmi_cci_get_ref: ref count increased 2
11-21 08:09:02.009 E/QMI_FW  (30287): qmi_cci_get_ref: ref count increased 2
11-21 08:09:02.009 E/wpa_supplicant(30287): eap_proxy: Released QMI EAP service client
11-21 08:09:02.009 E/wpa_supplicant(30287): eap_proxy: session not started for client = 2
11-21 08:09:02.009 E/QMI_FW  (30287): qmi_cci_get_ref: ref count increased 2
11-21 08:09:02.009 E/QMI_FW  (30287): qmi_cci_get_ref: ref count increased 2
11-21 08:09:02.010 E/wpa_supplicant(30287): eap_proxy: Released QMI UIM service client
11-21 08:09:02.010 E/QMI_FW  (30287): qmi_cci_get_ref: ref count increased 2
11-21 08:09:02.010 E/QMI_FW  (30287): qmi_cci_get_ref: ref count increased 2
11-21 08:09:02.010 E/wpa_supplicant(30287): eap_proxy: Released QMI EAP service client
11-21 08:09:02.011 I/wpa_supplicant(30287): eap_proxy: eap_proxy Deinitialzed
11-21 08:09:02.063 I/wpa_supplicant(30287): nl80211: deinit ifname=wlan0 disabled_11b_rates=0
11-21 08:09:02.080 D/SettingsSDK::SyncHelper( 2334): Read setting com.facebook.wearable.sdk.selfcare:SELFCARE_SERVICE_ENABLED from persistent cache
11-21 08:09:02.081 D/FacebookRepository( 2334): Reading from Store [906581286488774]
11-21 08:09:02.105 I/wpa_supplicant(30287): Try to unregister vendor interface
11-21 08:09:02.106 D/LOWI-9.0.0.80( 1026): [LOWINetlinkSocketReceiver] unpackRTMLinkMessage: RTM_NEWLINK - ifname wlan0, flags 0x11043 ([UP][RUNNING])
11-21 08:09:02.106 D/LOWI-9.0.0.80( 1026): [LOWINetlinkSocketReceiver] processNetlinkPacket: ifname(wlan0) status(2)
11-21 08:09:02.106 D/LOWI-9.0.0.80( 1026): [LOWIController] intfStateReceived: ifname(wlan0) state(2)
11-21 08:09:02.106 D/LOWI-9.0.0.80( 1026): [LOWIEventReceiver] handleEvent:FROM:NA, TO:NA, REQ:NA, IREQ:NA, REQ_ID:0, RESP:NA, INFO:INTF-STATUS-UPDATE
11-21 08:09:02.106 D/LOWI-9.0.0.80( 1026): [LOWIEventReceiver] Info to [INTF-STATUS-UPDATE]
11-21 08:09:02.106 D/LOWI-9.0.0.80( 1026): [LOWIController] updateIntfState: WIFI enabled 2 mNlWifiStatus 2 mWifiStateEnabled 1
11-21 08:09:02.106 D/LOWI-9.0.0.80( 1026): [LOWIController] isWifiEnabled: mNlWifiStatus 2 mWifiStateEnabled 1
11-21 08:09:02.116 I/SupplicantStaIfaceHal( 1186): Terminating supplicant using HIDL
11-21 08:09:02.119 I/wpa_supplicant(30287): p2p0: Do not deauthenticate as part of interface deinit since WoWLAN is enabled
11-21 08:09:02.124 E/SelfCareDataCloudSyncWorker( 2334): Failed to get access token
11-21 08:09:02.124 E/SelfCareDataCloudSyncWorker( 2334): kotlinx.coroutines.JobCancellationException: Job was cancelled; job=JobImpl{Cancelling}@a2d9827
11-21 08:09:02.124 I/WM-WorkerWrapper( 2334): Work [ id=57f248e9-27c9-4baa-bcea-f98e3ece0d1a, tags={ com.facebook.wearable.system.selfcare.cloudsync.SelfCareDataCloudSyncWorker } ] was cancelled
11-21 08:09:02.124 I/WM-WorkerWrapper( 2334): java.util.concurrent.CancellationException: Task was cancelled.
11-21 08:09:02.124 I/WM-WorkerWrapper( 2334): 	at androidx.work.impl.utils.futures.AbstractFuture.getDoneValue(:32)
11-21 08:09:02.124 I/WM-WorkerWrapper( 2334): 	at androidx.work.impl.utils.futures.AbstractFuture.get(:268435546)
11-21 08:09:02.124 I/WM-WorkerWrapper( 2334): 	at androidx.work.impl.WorkerWrapper$2.run(:3)
11-21 08:09:02.124 I/WM-WorkerWrapper( 2334): 	at androidx.work.impl.utils.SerialExecutor$Task.run(:2)
11-21 08:09:02.124 I/WM-WorkerWrapper( 2334): 	at java.util.concurrent.ThreadPoolExecutor.runWorker(ThreadPoolExecutor.java:1167)
11-21 08:09:02.124 I/WM-WorkerWrapper( 2334): 	at java.util.concurrent.ThreadPoolExecutor$Worker.run(ThreadPoolExecutor.java:641)
11-21 08:09:02.124 I/WM-WorkerWrapper( 2334): 	at java.lang.Thread.run(Thread.java:923)
11-21 08:09:02.155 E/wpa_supplicant(30287): eap_proxy: pthread_join on eap_proxy=0x7cd2fa8
11-21 08:09:02.155 E/wpa_supplicant(30287): eap_proxy: session not started for client = 1
11-21 08:09:02.155 E/QMI_FW  (30287): qmi_cci_get_ref: ref count increased 2
11-21 08:09:02.155 E/QMI_FW  (30287): qmi_cci_get_ref: ref count increased 2
11-21 08:09:02.157 E/wpa_supplicant(30287): eap_proxy: Released QMI UIM service client
11-21 08:09:02.157 E/QMI_FW  (30287): qmi_cci_get_ref: ref count increased 2
11-21 08:09:02.157 E/QMI_FW  (30287): qmi_cci_get_ref: ref count increased 2
11-21 08:09:02.159 E/wpa_supplicant(30287): eap_proxy: Released QMI EAP service client
11-21 08:09:02.159 E/wpa_supplicant(30287): eap_proxy: session not started for client = 2
11-21 08:09:02.159 E/QMI_FW  (30287): qmi_cci_get_ref: ref count increased 2
11-21 08:09:02.159 E/QMI_FW  (30287): qmi_cci_get_ref: ref count increased 2
11-21 08:09:02.161 E/wpa_supplicant(30287): eap_proxy: Released QMI UIM service client
11-21 08:09:02.161 E/QMI_FW  (30287): qmi_cci_get_ref: ref count increased 2
11-21 08:09:02.161 E/QMI_FW  (30287): qmi_cci_get_ref: ref count increased 2
11-21 08:09:02.164 E/wpa_supplicant(30287): eap_proxy: Released QMI EAP service client
11-21 08:09:02.164 I/wpa_supplicant(30287): eap_proxy: eap_proxy Deinitialzed
11-21 08:09:02.205 I/wpa_supplicant(30287): nl80211: deinit ifname=p2p0 disabled_11b_rates=0
11-21 08:09:02.244 D/SettingsSDK::SyncHelper( 2334): Read setting com.facebook.wearable.sdk.selfcare:SELFCARE_SERVICE_ENABLED from persistent cache
11-21 08:09:02.245 D/FacebookRepository( 2334): Reading from Store [906581286488774]
11-21 08:09:02.245 D/LOWI-9.0.0.80( 1026): [LOWINetlinkSocketReceiver] unpackRTMLinkMessage: RTM_NEWLINK - ifname p2p0, flags 0x1003 ([UP])
11-21 08:09:02.272 E/SelfCareDataCloudSyncWorker( 2334): Failed to get access token
11-21 08:09:02.272 E/SelfCareDataCloudSyncWorker( 2334): kotlinx.coroutines.JobCancellationException: Job was cancelled; job=JobImpl{Cancelling}@db15b79
11-21 08:09:02.272 I/WM-WorkerWrapper( 2334): Work [ id=57f248e9-27c9-4baa-bcea-f98e3ece0d1a, tags={ com.facebook.wearable.system.selfcare.cloudsync.SelfCareDataCloudSyncWorker } ] was cancelled
11-21 08:09:02.272 I/WM-WorkerWrapper( 2334): java.util.concurrent.CancellationException: Task was cancelled.
11-21 08:09:02.272 I/WM-WorkerWrapper( 2334): 	at androidx.work.impl.utils.futures.AbstractFuture.getDoneValue(:32)
11-21 08:09:02.272 I/WM-WorkerWrapper( 2334): 	at androidx.work.impl.utils.futures.AbstractFuture.get(:268435546)
11-21 08:09:02.272 I/WM-WorkerWrapper( 2334): 	at androidx.work.impl.WorkerWrapper$2.run(:3)
11-21 08:09:02.272 I/WM-WorkerWrapper( 2334): 	at androidx.work.impl.utils.SerialExecutor$Task.run(:2)
11-21 08:09:02.272 I/WM-WorkerWrapper( 2334): 	at java.util.concurrent.ThreadPoolExecutor.runWorker(ThreadPoolExecutor.java:1167)
11-21 08:09:02.272 I/WM-WorkerWrapper( 2334): 	at java.util.concurrent.ThreadPoolExecutor$Worker.run(ThreadPoolExecutor.java:641)
11-21 08:09:02.272 I/WM-WorkerWrapper( 2334): 	at java.lang.Thread.run(Thread.java:923)
11-21 08:09:02.275 D/LOWI-9.0.0.80( 1026): [LOWINetlinkSocketReceiver] unpackRTMLinkMessage: RTM_NEWLINK - ifname p2p0, flags 0x1002 ()
11-21 08:09:02.275 D/LOWI-9.0.0.80( 1026): [LOWINetlinkSocketReceiver] unpackRTMLinkMessage: RTM_NEWLINK - ifname p2p0, flags 0x1002 ()
11-21 08:09:02.281 I/wpa_supplicant(30287): Try to unregister vendor p2 interface
11-21 08:09:02.286 I/WifiP2pNative( 1186): P2P interface teardown completed
11-21 08:09:02.287 I/android_os_HwBinder( 1186): HwBinder: Starting thread pool for getting: android.hardware.wifi.supplicant@1.0::ISupplicant/default
11-21 08:09:02.287 D/WifiP2pNative( 1186): P2P InterfaceDestroyedListener p2p0
11-21 08:09:02.287 D/WifiP2pNative( 1186): Ignoring stale interface destroyed listener
11-21 08:09:02.289 D/WifiP2pNative( 1186): P2P InterfaceAvailableListener true
11-21 08:09:02.289 D/WifiP2pService( 1186): Wifi enabled=false, P2P Interface availability=true
11-21 08:09:02.290 I/wpa_supplicant(30287): Terminating...
11-21 08:09:02.292 D/LOWI-9.0.0.80( 1026): [LOWINetlinkSocketReceiver] unpackRTMLinkMessage: RTM_NEWLINK - ifname wlan0, flags 0x1003 ([UP])
11-21 08:09:02.292 D/LOWI-9.0.0.80( 1026): [LOWINetlinkSocketReceiver] processNetlinkPacket: ifname(wlan0) status(1)
11-21 08:09:02.292 D/LOWI-9.0.0.80( 1026): [LOWIController] intfStateReceived: ifname(wlan0) state(1)
11-21 08:09:02.292 D/LOWI-9.0.0.80( 1026): [LOWIEventReceiver] handleEvent:FROM:NA, TO:NA, REQ:NA, IREQ:NA, REQ_ID:0, RESP:NA, INFO:INTF-STATUS-UPDATE
11-21 08:09:02.292 D/LOWI-9.0.0.80( 1026): [LOWIEventReceiver] Info to [INTF-STATUS-UPDATE]
11-21 08:09:02.292 D/LOWI-9.0.0.80( 1026): [LOWIController] updateIntfState: WIFI enabled 1 mNlWifiStatus 2 mWifiStateEnabled 1
11-21 08:09:02.292 D/LOWI-9.0.0.80( 1026): [LOWIController] isWifiEnabled: mNlWifiStatus 1 mWifiStateEnabled 1
11-21 08:09:02.334 W/SupplicantP2pIfaceHal( 1186): ISupplicant/ISupplicantP2pIface died: cookie=0
11-21 08:09:02.334 D/LOWI-9.0.0.80( 1026): [LOWINetlinkSocketReceiver] unpackRTMLinkMessage: RTM_NEWLINK - ifname wlan0, flags 0x1003 ([UP])
11-21 08:09:02.334 D/LOWI-9.0.0.80( 1026): [LOWINetlinkSocketReceiver] processNetlinkPacket: ifname(wlan0) status(1)
11-21 08:09:02.334 D/LOWI-9.0.0.80( 1026): [LOWIController] intfStateReceived: ifname(wlan0) state(1)
11-21 08:09:02.335 D/SupplicantStaIfaceHal( 1186): ISupplicant died: cookie=-7885454565173667194
11-21 08:09:02.335 W/SupplicantP2pIfaceHal( 1186): ISupplicantVendor/ISupplicantVendorP2PIface died: cookie=0
11-21 08:09:02.335 D/LOWI-9.0.0.80( 1026): [LOWIEventReceiver] handleEvent:FROM:NA, TO:NA, REQ:NA, IREQ:NA, REQ_ID:0, RESP:NA, INFO:INTF-STATUS-UPDATE
11-21 08:09:02.335 D/LOWI-9.0.0.80( 1026): [LOWIEventReceiver] Info to [INTF-STATUS-UPDATE]
11-21 08:09:02.335 D/LOWI-9.0.0.80( 1026): [LOWIController] updateIntfState: WIFI enabled 1 mNlWifiStatus 1 mWifiStateEnabled 1
11-21 08:09:02.335 D/LOWI-9.0.0.80( 1026): [LOWIController] isWifiEnabled: mNlWifiStatus 1 mWifiStateEnabled 1
11-21 08:09:02.335 W/SupplicantP2pIfaceHal( 1186): ISupplicantVendor/ISupplicantVendorP2PIface died: cookie=0
11-21 08:09:02.336 W/SupplicantP2pIfaceHal( 1186): ISupplicant/ISupplicantP2pIface died: cookie=0
11-21 08:09:02.337 V/WifiHAL (  544): event received NL80211_CMD_DISCONNECT
11-21 08:09:02.339 W/SupplicantStaIfaceHal( 1186): Timed out waiting for confirmation of supplicant death
11-21 08:09:02.340 W/SupplicantStaIfaceHal( 1186): ISupplicantVendor/ISupplicantVendorStaIface died: cookie=0
11-21 08:09:02.340 W/SupplicantStaIfaceHal( 1186): ISupplicantVendor/ISupplicantVendorStaIface died: cookie=0
11-21 08:09:02.341 E/SupplicantStaIfaceHal( 1186): Can't call getKeyMgmtCapabilities_1_3, ISupplicantStaIface is null
11-21 08:09:02.344 V/WifiHAL (  544): WifiVendorCommand 0xaadf1b98 created vendor_id:0x1374 subcmd:38
11-21 08:09:02.345 V/WifiHAL (  544): Got a Wi-Fi HAL module message from Driver
11-21 08:09:02.345 V/WifiHAL (  544): Supported feature set : 19d3d
11-21 08:09:02.345 V/WifiHAL (  544): Supported feature set acquired : 19d3d
11-21 08:09:02.345 V/WifiHAL (  544): WifiVendorCommand 0x986892d0 created vendor_id:0x1374 subcmd:76
11-21 08:09:02.345 V/WifiHAL (  544): create: mVendor_id = 4980, Subcmd = 76.
11-21 08:09:02.347 V/WifiHAL (  544): WifiVendorCommand 0xaadf1cc8 created vendor_id:0x1374 subcmd:38
11-21 08:09:02.347 V/WifiHAL (  544): Got a Wi-Fi HAL module message from Driver
11-21 08:09:02.348 V/WifiHAL (  544): Supported feature set : 19d3d
11-21 08:09:02.348 V/WifiHAL (  544): Supported feature set acquired : 19d3d
11-21 08:09:02.348 V/WifiHAL (  544): WifiVendorCommand 0x986892d0 created vendor_id:0x1374 subcmd:76
11-21 08:09:02.348 V/WifiHAL (  544): create: mVendor_id = 4980, Subcmd = 76.
11-21 08:09:02.354 E/SupplicantStaIfaceHal( 1186): Can't call getWpaDriverFeatureSet, ISupplicantStaIface is null
11-21 08:09:02.354 I/WifiNative( 1186): Successfully switched to scan mode on iface=Iface:{Name=wlan0,Id=0,Type=STA_SCAN}
11-21 08:09:02.355 W/SupplicantStaIfaceHal( 1186): ISupplicant died: cookie=196
11-21 08:09:02.355 D/BluetoothAdapterService( 1710): Soft AP is on band: 1
11-21 08:09:02.356 D/WifiClientModeManager0( 1186): entering ScanOnlyModeState
11-21 08:09:02.356 D/WifiScanRequestProxy( 1186): Sending scan available broadcast: true
11-21 08:09:02.356 I/WifiScanningService( 1186): Received a request to enable scanning, UID = 1000
11-21 08:09:02.356 I/WifiScanningService( 1186): scanner impls already exists
11-21 08:09:02.356 D/WifiP2pService( 1186): Wifi enabled=false, P2P Interface availability=true
11-21 08:09:02.358 I/WifiScanRequestProxy( 1186): Scanning is enabled
11-21 08:09:02.358 I/WifiScanRequestProxy( 1186): Scanning for hidden networks is disabled
11-21 08:09:02.358 E/WifiScanningService( 1186): wifi driver loaded received while already loaded
11-21 08:09:02.359 D/BluetoothVendorService( 1710): getPowerBackoff 
11-21 08:09:02.359 D/BluetoothVendorService( 1710): setPowerBackoff to: false
11-21 08:09:02.359 I/BluetoothVendorJni( 1710): setPowerBackoffNative
11-21 08:09:02.359 I/bt_btif_vendor( 1710): setPowerBackOffState :0 
11-21 08:09:02.359 W/bt_btif ( 1710): bta_dm_power_back_off: power_back_off feature not supported
11-21 08:09:02.359 D/BluetoothAdapterService( 1710): android.net.wifi.WIFI_STATE_CHANGED
11-21 08:09:02.360 D/WakeupController( 1186): start()
11-21 08:09:02.360 D/WakeupController( 1186): Setting active to true
11-21 08:09:02.367 D/WakeupLock( 1186): Lock set. Number of networks: 1
11-21 08:09:02.369 D/WifiClientModeImpl( 1186): ClientModeImpl: Leaving Connected state
11-21 08:09:02.372 D/WifiCountryCode( 1186): updateCountryCode to US
11-21 08:09:02.372 E/SupplicantStaIfaceHal( 1186): Can't call setCountryCode, ISupplicantStaIface is null
11-21 08:09:02.372 D/WifiCountryCode( 1186): Failed to set country code to: US
11-21 08:09:02.385 E/SupplicantStaIfaceHal( 1186): Can't call listNetworks, ISupplicantStaIface is null
11-21 08:09:02.385 E/SupplicantStaIfaceHal( 1186): removeAllNetworks failed, got null networks
11-21 08:09:02.385 E/WifiClientModeImpl( 1186): Failed to remove networks on exiting connect mode
11-21 08:09:02.387 E/WakeupController( 1186): Unexpected setLastDisconnectInfo when WakeupController is active!
11-21 08:09:02.391 E/WifiVendorHal( 1186): stopRssiMonitoring(l.2106) failed {.code = ERROR_NOT_AVAILABLE, .description = }
11-21 08:09:02.391 E/SupplicantStaIfaceHal( 1186): Can't call setPowerSave, ISupplicantStaIface is null
11-21 08:09:02.391 E/SupplicantStaIfaceHal( 1186): Can't call setBtCoexistenceMode, ISupplicantStaIface is null
11-21 08:09:02.392 V/WifiClientModeImpl( 1186): stopIpClient IpClientWithPreConnection: false
11-21 08:09:02.392 V/WifiClientModeImpl( 1186): java.lang.Throwable
11-21 08:09:02.392 V/WifiClientModeImpl( 1186): 	at com.android.server.wifi.ClientModeImpl.stopIpClient(ClientModeImpl.java:1127)
11-21 08:09:02.392 V/WifiClientModeImpl( 1186): 	at com.android.server.wifi.ClientModeImpl.stopDhcpSetup(ClientModeImpl.java:1153)
11-21 08:09:02.392 V/WifiClientModeImpl( 1186): 	at com.android.server.wifi.ClientModeImpl.handleNetworkDisconnect(ClientModeImpl.java:2945)
11-21 08:09:02.392 V/WifiClientModeImpl( 1186): 	at com.android.server.wifi.ClientModeImpl.stopClientMode(ClientModeImpl.java:3889)
11-21 08:09:02.392 V/WifiClientModeImpl( 1186): 	at com.android.server.wifi.ClientModeImpl.access$4600(ClientModeImpl.java:176)
11-21 08:09:02.392 V/WifiClientModeImpl( 1186): 	at com.android.server.wifi.ClientModeImpl$ConnectModeState.exit(ClientModeImpl.java:4064)
11-21 08:09:02.392 V/WifiClientModeImpl( 1186): 	at com.android.wifi.x.com.android.internal.util.StateMachine$SmHandler.invokeExitMethods(StateMachine.java:1021)
11-21 08:09:02.392 V/WifiClientModeImpl( 1186): 	at com.android.wifi.x.com.android.internal.util.StateMachine$SmHandler.performTransitions(StateMachine.java:877)
11-21 08:09:02.392 V/WifiClientModeImpl( 1186): 	at com.android.wifi.x.com.android.internal.util.StateMachine$SmHandler.handleMessage(StateMachine.java:819)
11-21 08:09:02.392 V/WifiClientModeImpl( 1186): 	at android.os.Handler.dispatchMessage(Handler.java:106)
11-21 08:09:02.392 V/WifiClientModeImpl( 1186): 	at android.os.Looper.loop(Looper.java:223)
11-21 08:09:02.392 V/WifiClientModeImpl( 1186): 	at android.os.HandlerThread.run(HandlerThread.java:67)
11-21 08:09:02.394 D/DhcpClient( 1186): doQuit
11-21 08:09:02.395 D/ConnectivityService( 1186): [201 WIFI] EVENT_NETWORK_INFO_CHANGED, going from CONNECTED to DISCONNECTED
11-21 08:09:02.395 D/ConnectivityService( 1186): [201 WIFI] disconnected, was satisfying 26
11-21 08:09:02.398 D/QCNEJ/WlanStaInfoRelay( 1907): Received action: android.net.wifi.STATE_CHANGE
11-21 08:09:02.398 D/QCNEJ/WlanStaInfoRelay( 1907): reset CountryCodeRetriever
11-21 08:09:02.399 D/WifiConnector( 2870): Network State Changed
11-21 08:09:02.399 D/WifiDiags( 1186): stopLogging() iface list is {} after removing wlan0
11-21 08:09:02.400 E/QMI_FW  (  915): qmi_cci_get_ref: ref count increased 2
11-21 08:09:02.401 E/WifiVendorHal( 1186): resetLogHandler(l.1558) failed {.code = ERROR_NOT_AVAILABLE, .description = }
11-21 08:09:02.402 W/WifiDiags( 1186): Fail to reset log handler
11-21 08:09:02.403 E/QMI_FW  (  915): qmi_cci_get_ref: ref count increased 2
11-21 08:09:02.409 E/QMI_FW  ( 1042): qmi_cci_get_ref: ref count increased 2
11-21 08:09:02.417 D/WifiMemoryStoreImpl( 1186): Set cluster Ga6eb8feabe7908d4 for W958a1754935a727: SUCCESS
11-21 08:09:02.422 E/QMI_FW  ( 1042): qmi_cci_get_ref: ref count increased 2
11-21 08:09:02.427 D/SettingsSDK::SyncHelper( 2334): Read setting com.facebook.wearable.sdk.selfcare:SELFCARE_SERVICE_ENABLED from persistent cache
11-21 08:09:02.427 D/FacebookRepository( 2334): Reading from Store [906581286488774]
11-21 08:09:02.429 E/QMI_FW  ( 1042): qmi_cci_get_ref: ref count increased 2
11-21 08:09:02.443 I/chatty  ( 1042): uid=1001(radio) main identical 3 lines
11-21 08:09:02.444 E/QMI_FW  ( 1042): qmi_cci_get_ref: ref count increased 2
11-21 08:09:02.446 I/GnssNetworkConnectivityHandler( 1186): Network connection lost. Available networks count: 1
11-21 08:09:02.446 I/GnssNetworkConnectivityHandler( 1186): updateNetworkState, state=CLOSED, connected=false, network=201, capabilities=[ Transports: WIFI Capabilities: NOT_METERED&INTERNET&NOT_RESTRICTED&TRUSTED&NOT_VPN&VALIDATED&NOT_ROAMING&FOREGROUND&NOT_CONGESTED&NOT_SUSPENDED LinkUpBandwidth>=62000Kbps LinkDnBandwidth>=62000Kbps SignalStrength: -33 OwnerUid: 1000 AdministratorUids: [] SSID: "MTBF_Lab" RequestorUid: -1 RequestorPackageName: null], apn: , availableNetworkCount: 1
11-21 08:09:02.449 D/QCNEJ/DefaultNetworkInfoRelay( 1907): Default network lost: 201
11-21 08:09:02.451 W/LocSvc_LocIpc(  527): send:66] failed reason: No such file or directory
11-21 08:09:02.455 D/QCNEJ/NativeHalConnector( 1907): -> SND notifyDefaultNetworkChanged(1)
11-21 08:09:02.456 D/QCNEJ/WlanStaInfoRelay( 1907): network lost: 201
11-21 08:09:02.457 D/QCNEJ/WlanStaInfoRelay( 1907): onLost: unbind the process to WIFI
11-21 08:09:02.466 I/Nat464Xlat( 1186): Android Xlat is disabled
11-21 08:09:02.469 D/DeviceAuthService(24158): Network lost
11-21 08:09:02.473 E/QMI_FW  ( 1042): qmi_cci_get_ref: ref count increased 2
11-21 08:09:02.466 I/Nat464Xlat( 1186): Android Xlat is disabled
11-21 08:09:02.480 D/ConnectivityService( 1186): Sending DISCONNECTED broadcast for type 1 [201 WIFI] isDefaultNetwork=true
11-21 08:09:02.476 I/chatty  ( 1042): uid=1001(radio) main identical 1 line
11-21 08:09:02.484 E/QMI_FW  ( 1042): qmi_cci_get_ref: ref count increased 2
11-21 08:09:02.483 E/SelfCareDataCloudSyncWorker( 2334): Failed to get access token
11-21 08:09:02.483 E/SelfCareDataCloudSyncWorker( 2334): kotlinx.coroutines.JobCancellationException: Job was cancelled; job=JobImpl{Cancelling}@b3343b
11-21 08:09:02.484 I/WM-WorkerWrapper( 2334): Work [ id=57f248e9-27c9-4baa-bcea-f98e3ece0d1a, tags={ com.facebook.wearable.system.selfcare.cloudsync.SelfCareDataCloudSyncWorker } ] was cancelled
11-21 08:09:02.484 I/WM-WorkerWrapper( 2334): java.util.concurrent.CancellationException: Task was cancelled.
11-21 08:09:02.484 I/WM-WorkerWrapper( 2334): 	at androidx.work.impl.utils.futures.AbstractFuture.getDoneValue(:32)
11-21 08:09:02.484 I/WM-WorkerWrapper( 2334): 	at androidx.work.impl.utils.futures.AbstractFuture.get(:268435546)
11-21 08:09:02.484 I/WM-WorkerWrapper( 2334): 	at androidx.work.impl.WorkerWrapper$2.run(:3)
11-21 08:09:02.484 I/WM-WorkerWrapper( 2334): 	at androidx.work.impl.utils.SerialExecutor$Task.run(:2)
11-21 08:09:02.484 I/WM-WorkerWrapper( 2334): 	at java.util.concurrent.ThreadPoolExecutor.runWorker(ThreadPoolExecutor.java:1167)
11-21 08:09:02.484 I/WM-WorkerWrapper( 2334): 	at java.util.concurrent.ThreadPoolExecutor$Worker.run(ThreadPoolExecutor.java:641)
11-21 08:09:02.484 I/WM-WorkerWrapper( 2334): 	at java.lang.Thread.run(Thread.java:923)
11-21 08:09:02.485 D/ConnectivityService( 1186): NetReassign [44 : null  101, 11 : null  101, 63 : null  101, 17 : null  101, 25 : null  101, 2222 : null  101, 1438 : null  101, 1 : null  101, 8 : null  101, 2214 : null  101, 12 : null  101, 14 : null  101, 16 : null  101, 22 : null  101, 1515 : null  101]
11-21 08:09:02.489 E/NetlinkEvent(  462): NetlinkEvent::FindParam(): Parameter 'INTERFACE' not found
11-21 08:09:02.489 E/NetlinkEvent(  462): NetlinkEvent::FindParam(): Parameter 'STATE' not found
11-21 08:09:02.489 E/NetlinkEvent(  462): NetlinkEvent::FindParam(): Parameter 'TIME_NS' not found
11-21 08:09:02.489 E/NetlinkEvent(  462): NetlinkEvent::FindParam(): Parameter 'UID' not found
11-21 08:09:02.493 E/QMI_FW  ( 1042): qmi_cci_get_ref: ref count increased 2
11-21 08:09:02.501 D/ConnectivityService( 1186): Switching to new default network: NetworkAgentInfo{ ni{[type: MOBILE[LTE], state: CONNECTED/CONNECTED, reason: (unspecified), extra: enhancedphone, failover: false, available: true, roaming: false]}  network{101}  nethandle{437197393933}  lp{{InterfaceName: rmnet_data2 LinkAddresses: [ 10.55.48.101/30,2600:381:4804:c4b6:8cdc:8f0b:afe1:ec6b/64 ] DnsAddresses: [ /172.26.38.2,/fc00:a:a::400 ] Domains: null MTU: 1430 TcpBufferSizes: 2097152,4194304,8388608,262144,524288,1048576 Routes: [ 0.0.0.0/0 -> 10.55.48.102 rmnet_data2 mtu 1430,::/0 -> fe80::9db2:334d:2872:1e0a rmnet_data2 mtu 1430,10.55.48.100/30 -> 0.0.0.0 rmnet_data2 mtu 0,2600:381:4804:c4b6::/64 -> :: rmnet_data2 mtu 0 ]}}  nc{[ Transports: CELLULAR Capabilities: MMS&SUPL&FOTA&INTERNET&NOT_RESTRICTED&TRUSTED&NOT_VPN&VALIDATED&NOT_ROAMING&NOT_CONGESTED&NOT_SUSPENDED LinkUpBandwidth>=15000Kbps LinkDnBandwidth>=30000Kbps Specifier: <TelephonyNetworkSpecifier [mSubId = 1]> AdministratorUids: [] RequestorUid: -1 RequestorPackageName: null]}  Score{50}  everValidated{true}  lastValidated{true}  created{true} lingering{false} explicitlySelected{false} acceptUnvalidated{false} everCaptivePortalDetected{false} lastCaptivePortalDetected{false} partialConnectivity{false} acceptPartialConnectivity{false} clat{mBaseIface: null, mIface: null, mState: IDLE} }
11-21 08:09:02.510 I/chatty  ( 1042): uid=1001(radio) main identical 3 lines
11-21 08:09:02.513 E/QMI_FW  ( 1042): qmi_cci_get_ref: ref count increased 2
11-21 08:09:02.514 D/DhcpClient( 1186): DHCP Packet Handler stopped
11-21 08:09:02.514 D/DhcpClient( 1186): onQuitting
11-21 08:09:02.517 E/QMI_FW  ( 1042): qmi_cci_get_ref: ref count increased 2
11-21 08:09:02.521 E/QMI_FW  ( 1042): qmi_cci_get_ref: ref count increased 2
11-21 08:09:02.524 W/MqttClient( 2620): connection/disconnecting; reason=READ_SOCKET, operation=NETWORK_THREAD_LOOP
11-21 08:09:02.525 W/System.err( 2620): DEBUG: com.whatsapp.net.tls13.WtSocketWrapper.sendAlertAndShutdown(:86) : Sending Alert : type : WARNING description : close_notify(0) exception : 
11-21 08:09:02.526 W/System.err( 2620): ERROR: com.whatsapp.net.logging.WtLog.log$REDEX$HQcOuACUrr4(:4) : Encountered exception. Nothing much can be done here. com.whatsapp.net.alerts.WtAlertException
11-21 08:09:02.528 E/QMI_FW  ( 1042): qmi_cci_get_ref: ref count increased 2
11-21 08:09:02.549 D/WifiMemoryStoreImpl( 1186): Set cluster Ga6eb8feabe7908d4 for Wa6eb8feabe7908d4: SUCCESS
11-21 08:09:02.552 E/WifiNative( 1186): Could not get Iface object for interface null
11-21 08:09:02.553 D/WifiNetworkAgent( 1186): NetworkAgent: NetworkAgent channel lost
11-21 08:09:02.555 D/BluetoothAdapterService( 1710): Soft AP is on band: 1
11-21 08:09:02.558 D/BluetoothVendorService( 1710): getPowerBackoff 
11-21 08:09:02.558 D/BluetoothAdapterService( 1710): android.net.wifi.WIFI_STATE_CHANGED
11-21 08:09:02.570 D/BluetoothAdapterService( 1710): Soft AP is on band: 1
11-21 08:09:02.577 D/BluetoothVendorService( 1710): getPowerBackoff 
11-21 08:09:02.577 D/BluetoothAdapterService( 1710): android.net.wifi.STATE_CHANGE
11-21 08:09:02.577 D/BluetoothVendorService( 1710): setWifiState to: false
11-21 08:09:02.577 I/BluetoothVendorJni( 1710): setWifiStateNative
11-21 08:09:02.577 I/bt_btif_vendor( 1710): setWifiState :0
11-21 08:09:02.577 W/bt_btm  ( 1710): btm_cb.is_wifi_connected = 0 
11-21 08:09:02.582 D/NetworkTimeUpdateService( 1186): New default network 101; checking time.
11-21 08:09:02.594 V/LigerRadioStatsReporter( 2357): onCapabilitiesChanged: Network capabilities changed
11-21 08:09:02.594 V/LigerRadioStatsReporter( 2357): reportAndCheckpointRadioStats
11-21 08:09:02.597 V/LigerRadioStatsReporter( 2357): +++++++++++ RADIO STATS DUMP +++++++++++
11-21 08:09:02.597 V/LigerRadioStatsReporter( 2357): totalActiveRadioTimeMs=0
11-21 08:09:02.597 V/LigerRadioStatsReporter( 2357): totalTailRadioTimeMs=13994
11-21 08:09:02.597 V/LigerRadioStatsReporter( 2357): totalWakeupCount=0
11-21 08:09:02.597 V/LigerRadioStatsReporter( 2357): httpUpBytes=0
11-21 08:09:02.597 V/LigerRadioStatsReporter( 2357): httpDownBytes=0
11-21 08:09:02.597 V/LigerRadioStatsReporter( 2357): httpWakeupCount=0
11-21 08:09:02.597 V/LigerRadioStatsReporter( 2357): httpRequestCount=0
11-21 08:09:02.597 V/LigerRadioStatsReporter( 2357): httpActiveRadioTimeMs=0
11-21 08:09:02.597 V/LigerRadioStatsReporter( 2357): httpTailRadioTimeMs=13994
11-21 08:09:02.597 V/LigerRadioStatsReporter( 2357): reportAndCheckpointRadioStats: Tx=0
11-21 08:09:02.597 V/LigerRadioStatsReporter( 2357): reportAndCheckpointRadioStats: Rx=0
11-21 08:09:02.597 V/LigerRadioStatsReporter( 2357): reportAndCheckpointRadioStats: Uids=10027
11-21 08:09:02.597 V/LigerRadioStatsReporter( 2357): reportAndCheckpointRadioStats: Tags=null
11-21 08:09:02.612 D/DeviceAuthService(24158): Network connected
11-21 08:09:02.613 D/DeviceAuthService(24158): fetchAuthTokenWrapper called
11-21 08:09:02.617 D/QCNEJ/DefaultNetworkInfoRelay( 1907): Default network available: 101
11-21 08:09:02.618 D/QCNEJ/NativeHalConnector( 1907): -> SND notifyDefaultNetworkChanged(0)
11-21 08:09:02.620 E/QMI_FW  (  915): qmi_cci_get_ref: ref count increased 2
11-21 08:09:02.622 E/QMI_FW  (  915): qmi_cci_get_ref: ref count increased 2
11-21 08:09:02.635 E/DeviceAuthenticator(24158): Failed to resolve oculus.com
11-21 08:09:02.635 D/DeviceAuthService(24158): isOculusAddressResolvable returned false
11-21 08:09:02.635 D/DeviceAuthService(24158): network is still available, run handler
11-21 08:09:02.656 D/QCNEJ/WwanInfoRelay( 1907): onCapabilitiesChanged: 101 [ Transports: CELLULAR Capabilities: MMS&SUPL&FOTA&INTERNET&NOT_RESTRICTED&TRUSTED&NOT_VPN&VALIDATED&NOT_ROAMING&FOREGROUND&NOT_CONGESTED&NOT_SUSPENDED LinkUpBandwidth>=15000Kbps LinkDnBandwidth>=30000Kbps Specifier: <TelephonyNetworkSpecifier [mSubId = 1]> AdministratorUids: [] RequestorUid: -1 RequestorPackageName: null]
11-21 08:09:02.658 V/LigerRadioStatsReporter( 2357): onCapabilitiesChanged: Network capabilities changed
11-21 08:09:02.663 I/QCNEJ/WwanInfoRelay( 1907): cacheWwanInfo subId = 1 phoneId = 0 slotId = 0
11-21 08:09:02.666 D/ConnectivityService( 1186): Sending CONNECTED broadcast for type 0 [101 CELLULAR] isDefaultNetwork=true
11-21 08:09:02.682 D/CompatibilityInfo( 1186): mCompatibilityFlags - 4
11-21 08:09:02.682 D/CompatibilityInfo( 1186): applicationDensity - 320
11-21 08:09:02.682 D/CompatibilityInfo( 1186): applicationScale - 1.0
11-21 08:09:02.683 E/WifiNative( 1186): Could not get Iface object for interface null
11-21 08:09:02.700 W/SimpleTimeDetectorStrategy( 1186): Existing suggestion found to be invalid  elapsedRealtimeMillis=145230426, timeSuggestion=TelephonyTimeSuggestion{mSlotIndex='0', mUtcTime=TimestampedValue{mReferenceTimeMillis=57092, mValue=1637365770000}, mDebugInfo=[Sending new time suggestion nitzSignal=TimestampedValue{mReferenceTimeMillis=57092, mValue=NitzData{mOriginalString=21/11/19,23:49:30-32,00, mZoneOffset=-28800000, mDstOffset=0, mCurrentTimeMillis=1637365770000, mEmulatorHostTimeZone=null}}, reason=handleNitzReceived(TimestampedValue{mReferenceTimeMillis=57092, mValue=NitzData{mOriginalString=21/11/19,23:49:30-32,00, mZoneOffset=-28800000, mDstOffset=0, mCurrentTimeMillis=1637365770000, mEmulatorHostTimeZone=null}})]}
11-21 08:09:02.790 D/SettingsSDK::SyncHelper( 2334): Read setting com.facebook.wearable.sdk.selfcare:SELFCARE_SERVICE_ENABLED from persistent cache
11-21 08:09:02.791 D/FacebookRepository( 2334): Reading from Store [906581286488774]
11-21 08:09:02.856 E/StickerBundleDatabaseWorker( 2334): Failed to fetch sticker bundles:
11-21 08:09:02.856 E/StickerBundleDatabaseWorker( 2334): kotlinx.coroutines.JobCancellationException: Job was cancelled; job=JobImpl{Cancelling}@96314e9
11-21 08:09:02.856 I/WM-WorkerWrapper( 2334): Work [ id=e596069b-4a6f-495d-b19d-a8669de7ea86, tags={ com.facebook.wearable.system.selfcare.sharing.StickerBundleDatabaseWorker } ] was cancelled
11-21 08:09:02.856 I/WM-WorkerWrapper( 2334): java.util.concurrent.CancellationException: Task was cancelled.
11-21 08:09:02.856 I/WM-WorkerWrapper( 2334): 	at androidx.work.impl.utils.futures.AbstractFuture.getDoneValue(:32)
11-21 08:09:02.856 I/WM-WorkerWrapper( 2334): 	at androidx.work.impl.utils.futures.AbstractFuture.get(:268435546)
11-21 08:09:02.856 I/WM-WorkerWrapper( 2334): 	at androidx.work.impl.WorkerWrapper$2.run(:3)
11-21 08:09:02.856 I/WM-WorkerWrapper( 2334): 	at androidx.work.impl.utils.SerialExecutor$Task.run(:2)
11-21 08:09:02.856 I/WM-WorkerWrapper( 2334): 	at java.util.concurrent.ThreadPoolExecutor.runWorker(ThreadPoolExecutor.java:1167)
11-21 08:09:02.856 I/WM-WorkerWrapper( 2334): 	at java.util.concurrent.ThreadPoolExecutor$Worker.run(ThreadPoolExecutor.java:641)
11-21 08:09:02.856 I/WM-WorkerWrapper( 2334): 	at java.lang.Thread.run(Thread.java:923)
11-21 08:09:02.930 D/CompatibilityInfo( 1186): mCompatibilityFlags - 4
11-21 08:09:02.930 D/CompatibilityInfo( 1186): applicationDensity - 320
11-21 08:09:02.930 D/CompatibilityInfo( 1186): applicationScale - 1.0
11-21 08:09:02.960 E/SelfCareDataCloudSyncWorker( 2334): Failed to get access token
11-21 08:09:02.960 E/SelfCareDataCloudSyncWorker( 2334): kotlinx.coroutines.JobCancellationException: Job was cancelled; job=JobImpl{Cancelling}@8cf16a5
11-21 08:09:02.961 I/WM-WorkerWrapper( 2334): Work [ id=57f248e9-27c9-4baa-bcea-f98e3ece0d1a, tags={ com.facebook.wearable.system.selfcare.cloudsync.SelfCareDataCloudSyncWorker } ] was cancelled
11-21 08:09:02.961 I/WM-WorkerWrapper( 2334): java.util.concurrent.CancellationException: Task was cancelled.
11-21 08:09:02.961 I/WM-WorkerWrapper( 2334): 	at androidx.work.impl.utils.futures.AbstractFuture.getDoneValue(:32)
11-21 08:09:02.961 I/WM-WorkerWrapper( 2334): 	at androidx.work.impl.utils.futures.AbstractFuture.get(:268435546)
11-21 08:09:02.961 I/WM-WorkerWrapper( 2334): 	at androidx.work.impl.WorkerWrapper$2.run(:3)
11-21 08:09:02.961 I/WM-WorkerWrapper( 2334): 	at androidx.work.impl.utils.SerialExecutor$Task.run(:2)
11-21 08:09:02.961 I/WM-WorkerWrapper( 2334): 	at java.util.concurrent.ThreadPoolExecutor.runWorker(ThreadPoolExecutor.java:1167)
11-21 08:09:02.961 I/WM-WorkerWrapper( 2334): 	at java.util.concurrent.ThreadPoolExecutor$Worker.run(ThreadPoolExecutor.java:641)
11-21 08:09:02.961 I/WM-WorkerWrapper( 2334): 	at java.lang.Thread.run(Thread.java:923)
11-21 08:09:03.131 D/SettingsSDK::SyncHelper( 2334): Read setting com.facebook.wearable.sdk.selfcare:SELFCARE_SERVICE_ENABLED from persistent cache
11-21 08:09:03.132 D/FacebookRepository( 2334): Reading from Store [906581286488774]
11-21 08:09:03.205 E/StickerBundleDatabaseWorker( 2334): Failed to fetch sticker bundles:
11-21 08:09:03.205 E/StickerBundleDatabaseWorker( 2334): kotlinx.coroutines.JobCancellationException: Job was cancelled; job=JobImpl{Cancelling}@c547ed2
11-21 08:09:03.206 I/WM-WorkerWrapper( 2334): Work [ id=e596069b-4a6f-495d-b19d-a8669de7ea86, tags={ com.facebook.wearable.system.selfcare.sharing.StickerBundleDatabaseWorker } ] was cancelled
11-21 08:09:03.206 I/WM-WorkerWrapper( 2334): java.util.concurrent.CancellationException: Task was cancelled.
11-21 08:09:03.206 I/WM-WorkerWrapper( 2334): 	at androidx.work.impl.utils.futures.AbstractFuture.getDoneValue(:32)
11-21 08:09:03.206 I/WM-WorkerWrapper( 2334): 	at androidx.work.impl.utils.futures.AbstractFuture.get(:268435546)
11-21 08:09:03.206 I/WM-WorkerWrapper( 2334): 	at androidx.work.impl.WorkerWrapper$2.run(:3)
11-21 08:09:03.206 I/WM-WorkerWrapper( 2334): 	at androidx.work.impl.utils.SerialExecutor$Task.run(:2)
11-21 08:09:03.206 I/WM-WorkerWrapper( 2334): 	at java.util.concurrent.ThreadPoolExecutor.runWorker(ThreadPoolExecutor.java:1167)
11-21 08:09:03.206 I/WM-WorkerWrapper( 2334): 	at java.util.concurrent.ThreadPoolExecutor$Worker.run(ThreadPoolExecutor.java:641)
11-21 08:09:03.206 I/WM-WorkerWrapper( 2334): 	at java.lang.Thread.run(Thread.java:923)
11-21 08:09:03.269 D/CompatibilityInfo( 1186): mCompatibilityFlags - 4
11-21 08:09:03.269 D/CompatibilityInfo( 1186): applicationDensity - 320
11-21 08:09:03.269 D/CompatibilityInfo( 1186): applicationScale - 1.0
