11-20 20:09:37.682 I/chatty  ( 1194): uid=1000(system) android.fg expire 1 line
11-20 20:09:37.688 I/chatty  ( 1194): uid=1000(system) ConnectivitySer expire 14 lines
11-20 20:09:41.388 D/commandrouter( 1117): SocServiceHandle::onServiceMessage, SoC Service = mcu_healthcheck_1118, appType = 1, type = SVC_REQ, clientId = 0, token = 3402, payloadLen = 12, result = 0, payload.size() = 12
11-20 20:09:41.393 D/commandrouter( 1117): mcu_healthcheck_1118 (1, merlot:mcu_health:control): <ServiceResponse> FORWARDED (remote -> local) CR token ID = 3402, service client ID = 40, token ID = 60796, result = 0
11-20 20:09:41.393 D/mculinkhealth( 1118): isMcuReachable 1 (5 ms)
11-20 20:09:42.256 D/commandrouter( 1117): rtc_sync (1, rtc:sync): <ServiceRequest> FORWARDED (remote -> local) service client ID = 0, token ID = 42976
11-20 20:09:42.257 D/commandrouter( 1117): SocServiceHandle::onServiceMessage, SoC Service = rtc_sync, appType = 1, type = SVC_RESP, clientId = 0, token = 42976, payloadLen = 8, result = 0, payload.size() = 8
11-20 20:09:52.266 D/commandrouter( 1117): rtc_sync (1, rtc:sync): <ServiceRequest> FORWARDED (remote -> local) service client ID = 0, token ID = 42977
11-20 20:09:52.267 D/commandrouter( 1117): SocServiceHandle::onServiceMessage, SoC Service = rtc_sync, appType = 1, type = SVC_RESP, clientId = 0, token = 42977, payloadLen = 8, result = 0, payload.size() = 8
11-20 20:09:56.130 D/commandrouter( 1117): SocServiceHandle::onServiceMessage, SoC Service = mcu_healthcheck_1194, appType = 1, type = SVC_REQ, clientId = 0, token = 173, payloadLen = 12, result = 0, payload.size() = 12
11-20 20:09:56.133 D/commandrouter( 1117): mcu_healthcheck_1194 (1, merlot:mcu_health:control): <ServiceResponse> FORWARDED (remote -> local) CR token ID = 173, service client ID = 39, token ID = 60797, result = 0
11-20 20:09:56.135 I/chatty  ( 1194): uid=1000 system_server expire 1 line
11-20 20:09:56.366 I/chatty  ( 1194): uid=1000 system_server expire 1 line
11-20 20:09:56.736 I/chatty  ( 1194): uid=1000(system) android.ui expire 10 lines
11-20 20:09:59.197 I/chatty  ( 1194): uid=1000(system) Binder:1194_E expire 4 lines
11-20 20:10:02.279 D/commandrouter( 1117): rtc_sync (1, rtc:sync): <ServiceRequest> FORWARDED (remote -> local) service client ID = 0, token ID = 42978
11-20 20:10:02.279 D/commandrouter( 1117): SocServiceHandle::onServiceMessage, SoC Service = rtc_sync, appType = 1, type = SVC_RESP, clientId = 0, token = 42978, payloadLen = 8, result = 0, payload.size() = 8
11-20 20:10:02.400 I/chatty  ( 1194): uid=1000(system) LazyTaskWriterT expire 3 lines
11-20 20:10:07.068 I/chatty  ( 1194): uid=1000(system) android.display expire 2 lines
11-20 20:10:07.682 E/NetlinkEvent(  459): NetlinkEvent::FindParam(): Parameter 'INTERFACE' not found
11-20 20:10:07.682 E/NetlinkEvent(  459): NetlinkEvent::FindParam(): Parameter 'STATE' not found
11-20 20:10:07.682 E/NetlinkEvent(  459): NetlinkEvent::FindParam(): Parameter 'TIME_NS' not found
11-20 20:10:07.682 E/NetlinkEvent(  459): NetlinkEvent::FindParam(): Parameter 'UID' not found
11-20 20:10:07.722 I/chatty  ( 1194): uid=1000(system) ConnectivitySer expire 2 lines
11-20 20:10:07.898 I/chatty  ( 1194): uid=1000(system) android.fg expire 1 line
11-20 20:10:11.138 I/chatty  ( 1194): uid=1000(system) DeviceStorageMo expire 2 lines
11-20 20:10:11.394 D/commandrouter( 1117): SocServiceHandle::onServiceMessage, SoC Service = mcu_healthcheck_1118, appType = 1, type = SVC_REQ, clientId = 0, token = 3403, payloadLen = 12, result = 0, payload.size() = 12
11-20 20:10:11.398 D/commandrouter( 1117): mcu_healthcheck_1118 (1, merlot:mcu_health:control): <ServiceResponse> FORWARDED (remote -> local) CR token ID = 3403, service client ID = 40, token ID = 60798, result = 0
11-20 20:10:11.398 D/mculinkhealth( 1118): isMcuReachable 1 (4 ms)
11-20 20:10:12.287 D/commandrouter( 1117): rtc_sync (1, rtc:sync): <ServiceRequest> FORWARDED (remote -> local) service client ID = 0, token ID = 42979
11-20 20:10:12.288 D/commandrouter( 1117): SocServiceHandle::onServiceMessage, SoC Service = rtc_sync, appType = 1, type = SVC_RESP, clientId = 0, token = 42979, payloadLen = 8, result = 0, payload.size() = 8
11-20 20:10:17.573 D/commandrouter( 1117): SocServiceHandle::onServiceMessage, SoC Service = mcu_healthcheck_946, appType = 1, type = SVC_REQ, clientId = 0, token = 1701, payloadLen = 20, result = 0, payload.size() = 20
11-20 20:10:17.578 D/commandrouter( 1117): mcu_healthcheck_946 (1, merlot:mcu_health:control): <ServiceResponse> FORWARDED (remote -> local) CR token ID = 1701, service client ID = 6, token ID = 60799, result = 0
11-20 20:10:17.623 I/chatty  ( 1194): uid=1000(system) android.ui expire 2 lines
11-20 20:10:19.137 I/chatty  ( 1194): uid=1000(system) Binder:1194_13 expire 4 lines
11-20 20:10:22.301 D/commandrouter( 1117): rtc_sync (1, rtc:sync): <ServiceRequest> FORWARDED (remote -> local) service client ID = 0, token ID = 42980
11-20 20:10:22.301 D/commandrouter( 1117): SocServiceHandle::onServiceMessage, SoC Service = rtc_sync, appType = 1, type = SVC_RESP, clientId = 0, token = 42980, payloadLen = 8, result = 0, payload.size() = 8
11-20 20:10:26.910 I/chatty  ( 1194): uid=1000(system) WifiP2pService expire 2 lines
11-20 20:10:26.912 I/chatty  ( 1194): uid=1000(system) ActivityManager expire 1 line
11-20 20:10:26.916 W/wificond(  906): Scan is not started. Ignore abort request
11-20 20:10:27.335 I/chatty  ( 1194): uid=1000(system) WifiHandlerThre expire 1 line
11-20 20:10:27.354 I/chatty  ( 1194): uid=1000(system) ConnectivitySer expire 32 lines
11-20 20:10:28.426 E/NetlinkEvent(  459): NetlinkEvent::FindParam(): Parameter 'INTERFACE' not found
11-20 20:10:28.426 E/NetlinkEvent(  459): NetlinkEvent::FindParam(): Parameter 'STATE' not found
11-20 20:10:28.426 E/NetlinkEvent(  459): NetlinkEvent::FindParam(): Parameter 'TIME_NS' not found
11-20 20:10:28.426 E/NetlinkEvent(  459): NetlinkEvent::FindParam(): Parameter 'UID' not found
11-20 20:10:28.571 I/chatty  ( 1194): uid=1000(system) android.fg expire 2 lines
11-20 20:10:32.312 D/commandrouter( 1117): rtc_sync (1, rtc:sync): <ServiceRequest> FORWARDED (remote -> local) service client ID = 0, token ID = 42981
11-20 20:10:32.313 D/commandrouter( 1117): SocServiceHandle::onServiceMessage, SoC Service = rtc_sync, appType = 1, type = SVC_RESP, clientId = 0, token = 42981, payloadLen = 8, result = 0, payload.size() = 8
11-20 20:10:41.400 D/commandrouter( 1117): SocServiceHandle::onServiceMessage, SoC Service = mcu_healthcheck_1118, appType = 1, type = SVC_REQ, clientId = 0, token = 3404, payloadLen = 12, result = 0, payload.size() = 12
11-20 20:10:41.405 D/commandrouter( 1117): mcu_healthcheck_1118 (1, merlot:mcu_health:control): <ServiceResponse> FORWARDED (remote -> local) CR token ID = 3404, service client ID = 40, token ID = 60800, result = 0
11-20 20:10:41.406 D/mculinkhealth( 1118): isMcuReachable 1 (6 ms)
11-20 20:10:42.298 D/commandrouter( 1117): rtc_sync (1, rtc:sync): <ServiceRequest> FORWARDED (remote -> local) service client ID = 0, token ID = 42982
11-20 20:10:42.299 D/commandrouter( 1117): SocServiceHandle::onServiceMessage, SoC Service = rtc_sync, appType = 1, type = SVC_RESP, clientId = 0, token = 42982, payloadLen = 8, result = 0, payload.size() = 8
11-20 20:10:47.305 I/chatty  ( 1194): uid=1000(system) android.ui expire 4 lines
11-20 20:10:50.159 I/chatty  ( 1194): uid=1000(system) Binder:1194_2 expire 4 lines
11-20 20:10:52.282 D/commandrouter( 1117): rtc_sync (1, rtc:sync): <ServiceRequest> FORWARDED (remote -> local) service client ID = 0, token ID = 42983
11-20 20:10:52.283 D/commandrouter( 1117): SocServiceHandle::onServiceMessage, SoC Service = rtc_sync, appType = 1, type = SVC_RESP, clientId = 0, token = 42983, payloadLen = 8, result = 0, payload.size() = 8
11-20 20:10:52.957 I/chatty  ( 1194): uid=1000(system) LazyTaskWriterT expire 1 line
11-20 20:10:57.222 I/chatty  ( 1194): uid=1000 system_server expire 1 line
11-20 20:10:57.823 I/chatty  ( 1194): uid=1000(system) android.display expire 1 line
11-20 20:10:58.315 I/wificond(  906): Fail RSSI polling because wifi is not associated.
11-20 20:10:58.356 I/chatty  ( 1194): uid=1000(system) ConnectivitySer expire 11 lines
11-20 20:10:58.480 E/NetlinkEvent(  459): NetlinkEvent::FindParam(): Parameter 'INTERFACE' not found
11-20 20:10:58.480 E/NetlinkEvent(  459): NetlinkEvent::FindParam(): Parameter 'STATE' not found
11-20 20:10:58.480 E/NetlinkEvent(  459): NetlinkEvent::FindParam(): Parameter 'TIME_NS' not found
11-20 20:10:58.480 E/NetlinkEvent(  459): NetlinkEvent::FindParam(): Parameter 'UID' not found
11-20 20:11:02.268 D/commandrouter( 1117): rtc_sync (1, rtc:sync): <ServiceRequest> FORWARDED (remote -> local) service client ID = 0, token ID = 42984
11-20 20:11:02.268 D/commandrouter( 1117): SocServiceHandle::onServiceMessage, SoC Service = rtc_sync, appType = 1, type = SVC_RESP, clientId = 0, token = 42984, payloadLen = 8, result = 0, payload.size() = 8
11-20 20:11:02.880 I/chatty  ( 1194): uid=1000(system) android.ui expire 8 lines
11-20 20:11:03.146 I/chatty  ( 1194): uid=1000(system) Binder:1194_13 expire 5 lines
11-20 20:11:07.495 I/chatty  ( 1194): uid=1000(system) LazyTaskWriterT expire 2 lines
11-20 20:11:11.247 I/chatty  ( 1194): uid=1000(system) DeviceStorageMo expire 2 lines
11-20 20:11:11.408 D/commandrouter( 1117): SocServiceHandle::onServiceMessage, SoC Service = mcu_healthcheck_1118, appType = 1, type = SVC_REQ, clientId = 0, token = 3405, payloadLen = 12, result = 0, payload.size() = 12
11-20 20:11:11.412 D/commandrouter( 1117): mcu_healthcheck_1118 (1, merlot:mcu_health:control): <ServiceResponse> FORWARDED (remote -> local) CR token ID = 3405, service client ID = 40, token ID = 60801, result = 0
11-20 20:11:11.413 D/mculinkhealth( 1118): isMcuReachable 1 (5 ms)
11-20 20:11:12.254 D/commandrouter( 1117): rtc_sync (1, rtc:sync): <ServiceRequest> FORWARDED (remote -> local) service client ID = 0, token ID = 42985
11-20 20:11:12.255 D/commandrouter( 1117): SocServiceHandle::onServiceMessage, SoC Service = rtc_sync, appType = 1, type = SVC_RESP, clientId = 0, token = 42985, payloadLen = 8, result = 0, payload.size() = 8
11-20 20:11:16.286 I/chatty  ( 1194): uid=1000(system) android.display expire 1 line
11-20 20:11:17.321 I/chatty  ( 1194): uid=1000(system) WifiP2pService expire 2 lines
11-20 20:11:17.322 I/chatty  ( 1194): uid=1000(system) ActivityManager expire 1 line
11-20 20:11:17.443 W/wificond(  906): Scan is not started. Ignore abort request
11-20 20:11:17.580 D/commandrouter( 1117): SocServiceHandle::onServiceMessage, SoC Service = mcu_healthcheck_946, appType = 1, type = SVC_REQ, clientId = 0, token = 1702, payloadLen = 20, result = 0, payload.size() = 20
11-20 20:11:17.584 D/commandrouter( 1117): mcu_healthcheck_946 (1, merlot:mcu_health:control): <ServiceResponse> FORWARDED (remote -> local) CR token ID = 1702, service client ID = 6, token ID = 60802, result = 0
11-20 20:11:17.799 I/chatty  ( 1194): uid=1000(system) WifiHandlerThre expire 1 line
11-20 20:11:17.823 I/chatty  ( 1194): uid=1000(system) ConnectivitySer expire 25 lines
11-20 20:11:18.699 E/NetlinkEvent(  459): NetlinkEvent::FindParam(): Parameter 'INTERFACE' not found
11-20 20:11:18.699 E/NetlinkEvent(  459): NetlinkEvent::FindParam(): Parameter 'STATE' not found
11-20 20:11:18.699 E/NetlinkEvent(  459): NetlinkEvent::FindParam(): Parameter 'TIME_NS' not found
11-20 20:11:18.699 E/NetlinkEvent(  459): NetlinkEvent::FindParam(): Parameter 'UID' not found
11-20 20:11:18.836 I/chatty  ( 1194): uid=1000(system) android.fg expire 1 line
11-20 20:11:18.839 D/ConnectivityService( 1194): Lingering [100 CELLULAR] for 30000ms
11-20 20:11:18.841 D/ConnectivityService( 1194): Sending DISCONNECTED broadcast for type 0 [100 CELLULAR] isDefaultNetwork=true
11-20 20:11:18.843 D/ConnectivityService( 1194): Sending CONNECTED broadcast for type 1 [201 WIFI] isDefaultNetwork=true
11-20 20:11:18.882 D/ConnectivityService( 1194): Setting DNS servers for network 201 to [/192.168.1.1]
11-20 20:11:18.882 D/DnsManager( 1194): sendDnsConfigurationForNetwork(201, [192.168.1.1], [], 1800, 25, 8, 64, 0, 0, , [192.168.1.1])
11-20 20:11:19.525 I/Nat464Xlat( 1194): Android Xlat is disabled
11-20 20:11:19.525 I/Nat464Xlat( 1194): Android Xlat is disabled
11-20 20:11:22.249 D/commandrouter( 1117): rtc_sync (1, rtc:sync): <ServiceRequest> FORWARDED (remote -> local) service client ID = 0, token ID = 42986
11-20 20:11:22.250 D/commandrouter( 1117): SocServiceHandle::onServiceMessage, SoC Service = rtc_sync, appType = 1, type = SVC_RESP, clientId = 0, token = 42986, payloadLen = 8, result = 0, payload.size() = 8
11-20 20:11:32.241 D/commandrouter( 1117): rtc_sync (1, rtc:sync): <ServiceRequest> FORWARDED (remote -> local) service client ID = 0, token ID = 42987
11-20 20:11:32.241 D/commandrouter( 1117): SocServiceHandle::onServiceMessage, SoC Service = rtc_sync, appType = 1, type = SVC_RESP, clientId = 0, token = 42987, payloadLen = 8, result = 0, payload.size() = 8
11-20 20:11:37.705 D/AutofillManagerService( 1194): onBackKeyPressed()
11-20 20:11:38.754 I/chatty  ( 1194): uid=1000(system) android.ui identical 2 lines
11-20 20:11:40.628 D/AutofillManagerService( 1194): onBackKeyPressed()
11-20 20:11:41.154 W/ActivityManager( 1194): Invalid packageName: com.facebook.wearable.system.settings/com.facebook.wearable.system.settings.SettingsActivity
11-20 20:11:41.279 I/ActivityTaskManager( 1194): START u0 {flg=0x10000000 cmp=com.facebook.wearable.system.settings/.SettingsActivity} from uid 0
11-20 20:11:41.300 I/ActivityTaskManager( 1194): The Process com.facebook.wearable.system.settings Already Exists in BG. So sending its PID: 25374
11-20 20:11:41.301 W/ActivityTaskManager( 1194): Tried to set launchTime (0) < mLastActivityLaunchTime (102214459)
11-20 20:11:41.415 D/commandrouter( 1117): SocServiceHandle::onServiceMessage, SoC Service = mcu_healthcheck_1118, appType = 1, type = SVC_REQ, clientId = 0, token = 3406, payloadLen = 12, result = 0, payload.size() = 12
11-20 20:11:41.418 D/commandrouter( 1117): mcu_healthcheck_1118 (1, merlot:mcu_health:control): <ServiceResponse> FORWARDED (remote -> local) CR token ID = 3406, service client ID = 40, token ID = 60803, result = 0
11-20 20:11:41.420 D/mculinkhealth( 1118): isMcuReachable 1 (5 ms)
11-20 20:11:42.236 D/commandrouter( 1117): rtc_sync (1, rtc:sync): <ServiceRequest> FORWARDED (remote -> local) service client ID = 0, token ID = 42988
11-20 20:11:42.236 D/commandrouter( 1117): SocServiceHandle::onServiceMessage, SoC Service = rtc_sync, appType = 1, type = SVC_RESP, clientId = 0, token = 42988, payloadLen = 8, result = 0, payload.size() = 8
11-20 20:11:43.419 E/TaskPersister( 1194): File error accessing recents directory (directory doesn't exist?).
11-20 20:11:48.697 D/ConnectivityService( 1194): handleLingerComplete for [100 CELLULAR]
11-20 20:11:48.851 W/ContextImpl( 1194): Calling a method in the system process without a qualified user: android.app.ContextImpl.sendBroadcastMultiplePermissions:1143 android.content.Context.sendBroadcastWithMultiplePermissions:2150 com.android.server.display.WifiDisplayAdapter.handleSendStatusChangeBroadcast:440 com.android.server.display.WifiDisplayAdapter.access$1700:63 com.android.server.display.WifiDisplayAdapter$WifiDisplayHandler.handleMessage:675 
11-20 20:11:49.307 D/ConnectivityService( 1194): [201 WIFI] EVENT_NETWORK_INFO_CHANGED, going from CONNECTED to DISCONNECTED
11-20 20:11:49.307 D/ConnectivityService( 1194): [201 WIFI] disconnected, was satisfying 26
11-20 20:11:49.383 I/Nat464Xlat( 1194): Android Xlat is disabled
11-20 20:11:49.383 I/Nat464Xlat( 1194): Android Xlat is disabled
11-20 20:11:49.427 D/ConnectivityService( 1194): Sending DISCONNECTED broadcast for type 1 [201 WIFI] isDefaultNetwork=true
11-20 20:11:49.436 D/ConnectivityService( 1194): NetReassign [8 : null  100, 20 : null  100, 46 : null  100, 1932 : null  100, 12 : null  100, 22 : null  100, 16 : null  100, 1330 : null  100, 14 : null  100, 50 : null  100, 18 : null  100, 11 : null  100, 1 : null  100, 17 : null  100, 1935 : null  100]
11-20 20:11:49.447 E/NetlinkEvent(  459): NetlinkEvent::FindParam(): Parameter 'INTERFACE' not found
11-20 20:11:49.447 E/NetlinkEvent(  459): NetlinkEvent::FindParam(): Parameter 'STATE' not found
11-20 20:11:49.447 E/NetlinkEvent(  459): NetlinkEvent::FindParam(): Parameter 'TIME_NS' not found
11-20 20:11:49.447 E/NetlinkEvent(  459): NetlinkEvent::FindParam(): Parameter 'UID' not found
11-20 20:11:49.451 D/ConnectivityService( 1194): Switching to new default network: NetworkAgentInfo{ ni{[type: MOBILE[LTE], state: CONNECTED/CONNECTED, reason: (unspecified), extra: nxtgenphone, failover: false, available: true, roaming: false]}  network{100}  nethandle{432902426637}  lp{{InterfaceName: rmnet_data2 LinkAddresses: [ 10.129.103.196/29,2600:380:c119:24f:b89a:9f3c:46c1:95af/64 ] DnsAddresses: [ /172.26.38.1,/fc00:a:a::300 ] Domains: null MTU: 1430 TcpBufferSizes: 2097152,4194304,8388608,262144,524288,1048576 Routes: [ 0.0.0.0/0 -> 10.129.103.197 rmnet_data2 mtu 1430,::/0 -> fe80::b45f:41f1:1846:969d rmnet_data2 mtu 1430,10.129.103.192/29 -> 0.0.0.0 rmnet_data2 mtu 0,2600:380:c119:24f::/64 -> :: rmnet_data2 mtu 0 ]}}  nc{[ Transports: CELLULAR Capabilities: MMS&SUPL&FOTA&INTERNET&NOT_RESTRICTED&TRUSTED&NOT_VPN&VALIDATED&NOT_ROAMING&NOT_CONGESTED&NOT_SUSPENDED LinkUpBandwidth>=15000Kbps LinkDnBandwidth>=30000Kbps Specifier: <TelephonyNetworkSpecifier [mSubId = 1]> AdministratorUids: [] RequestorUid: -1 RequestorPackageName: null]}  Score{50}  everValidated{true}  lastValidated{true}  created{true} lingering{false} explicitlySelected{false} acceptUnvalidated{false} everCaptivePortalDetected{false} lastCaptivePortalDetected{false} partialConnectivity{false} acceptPartialConnectivity{false} clat{mBaseIface: null, mIface: null, mState: IDLE} }
11-20 20:11:49.576 W/SimpleTimeDetectorStrategy( 1194): Existing suggestion found to be invalid  elapsedRealtimeMillis=102253737, timeSuggestion=TelephonyTimeSuggestion{mSlotIndex='0', mUtcTime=TimestampedValue{mReferenceTimeMillis=2542243, mValue=1637368197000}, mDebugInfo=[Sending new time suggestion nitzSignal=TimestampedValue{mReferenceTimeMillis=2542243, mValue=NitzData{mOriginalString=21/11/20,00:29:57-32,00, mZoneOffset=-28800000, mDstOffset=0, mCurrentTimeMillis=1637368197000, mEmulatorHostTimeZone=null}}, reason=handleNitzReceived(TimestampedValue{mReferenceTimeMillis=2542243, mValue=NitzData{mOriginalString=21/11/20,00:29:57-32,00, mZoneOffset=-28800000, mDstOffset=0, mCurrentTimeMillis=1637368197000, mEmulatorHostTimeZone=null}})]}
11-20 20:11:49.628 D/ConnectivityService( 1194): Sending CONNECTED broadcast for type 0 [100 CELLULAR] isDefaultNetwork=true
11-20 20:11:49.732 W/Looper  ( 1194): Slow dispatch took 142ms main h=android.app.ActivityThread$H c=android.app.LoadedApk$ServiceDispatcher$RunConnection@f7b613e m=0
11-20 20:11:52.230 D/commandrouter( 1117): rtc_sync (1, rtc:sync): <ServiceRequest> FORWARDED (remote -> local) service client ID = 0, token ID = 42989
11-20 20:11:52.231 D/commandrouter( 1117): SocServiceHandle::onServiceMessage, SoC Service = rtc_sync, appType = 1, type = SVC_RESP, clientId = 0, token = 42989, payloadLen = 8, result = 0, payload.size() = 8
11-20 20:11:53.676 D/AutofillManagerService( 1194): onBackKeyPressed()
11-20 20:11:56.616 I/chatty  ( 1194): uid=1000(system) android.ui identical 4 lines
11-20 20:11:57.697 D/AutofillManagerService( 1194): onBackKeyPressed()
11-20 20:11:58.208 E/TaskPersister( 1194): File error accessing recents directory (directory doesn't exist?).
11-20 20:11:58.626 D/AutofillManagerService( 1194): onBackKeyPressed()
11-20 20:11:59.623 D/AutofillManagerService( 1194): onBackKeyPressed()
11-20 20:12:00.155 W/ActivityManager( 1194): Invalid packageName: com.facebook.wearable.system.settings/com.facebook.wearable.system.settings.SettingsActivity
11-20 20:12:00.295 I/ActivityTaskManager( 1194): START u0 {flg=0x10000000 cmp=com.facebook.wearable.system.settings/.SettingsActivity} from uid 0
11-20 20:12:00.316 I/ActivityTaskManager( 1194): The Process com.facebook.wearable.system.settings Already Exists in BG. So sending its PID: 25374
11-20 20:12:00.317 W/ActivityTaskManager( 1194): Tried to set launchTime (0) < mLastActivityLaunchTime (102245463)
11-20 20:12:02.223 D/commandrouter( 1117): rtc_sync (1, rtc:sync): <ServiceRequest> FORWARDED (remote -> local) service client ID = 0, token ID = 42990
11-20 20:12:02.223 D/commandrouter( 1117): SocServiceHandle::onServiceMessage, SoC Service = rtc_sync, appType = 1, type = SVC_RESP, clientId = 0, token = 42990, payloadLen = 8, result = 0, payload.size() = 8
11-20 20:12:04.041 D/AnalyticsLogger( 1194): sent events: 12
11-20 20:12:04.425 E/TaskPersister( 1194): File error accessing recents directory (directory doesn't exist?).
11-20 20:12:06.377 W/ContextImpl( 1194): Calling a method in the system process without a qualified user: android.app.ContextImpl.sendBroadcastMultiplePermissions:1143 android.content.Context.sendBroadcastWithMultiplePermissions:2150 com.android.server.display.WifiDisplayAdapter.handleSendStatusChangeBroadcast:440 com.android.server.display.WifiDisplayAdapter.access$1700:63 com.android.server.display.WifiDisplayAdapter$WifiDisplayHandler.handleMessage:675 
11-20 20:12:07.466 W/ContextImpl( 1194): Calling a method in the system process without a qualified user: android.app.ContextImpl.sendBroadcastMultiplePermissions:1143 android.content.Context.sendBroadcastWithMultiplePermissions:2150 com.android.server.wifi.p2p.WifiP2pServiceImpl$P2pStateMachine.sendBroadcastMultiplePermissions:3209 com.android.server.wifi.p2p.WifiP2pServiceImpl$P2pStateMachine.sendP2pConnectionChangedBroadcast:3236 com.android.server.wifi.p2p.WifiP2pServiceImpl$P2pStateMachine.access$5100:768 
11-20 20:12:07.468 W/BroadcastQueue( 1194): Permission Denial: receiving Intent { act=android.net.wifi.p2p.CONNECTION_STATE_CHANGE flg=0x24000010 (has extras) } to ProcessRecord{ba73 1900:.qtidataservices/u0a89} (pid=1900, uid=10089) requires android.permission.ACCESS_FINE_LOCATION due to sender android (uid 1000)
11-20 20:12:07.476 W/ContextImpl( 1194): Calling a method in the system process without a qualified user: android.app.ContextImpl.sendBroadcastMultiplePermissions:1143 android.content.Context.sendBroadcastWithMultiplePermissions:2150 com.android.server.wifi.p2p.WifiP2pServiceImpl$P2pStateMachine.sendBroadcastMultiplePermissions:3209 com.android.server.wifi.p2p.WifiP2pServiceImpl$P2pStateMachine.sendThisDeviceChangedBroadcast:3218 com.android.server.wifi.p2p.WifiP2pServiceImpl$P2pStateMachine.updateThisDevice:3962 
11-20 20:12:07.603 W/wificond(  906): Scan is not started. Ignore abort request
11-20 20:12:07.946 D/ConnectivityService( 1194): registerNetworkAgent NetworkAgentInfo{ ni{[type: WIFI[], state: UNKNOWN/IDLE, reason: (unspecified), extra: , failover: false, available: true, roaming: false]}  network{202}  nethandle{870989090829}  lp{{InterfaceName: wlan0 LinkAddresses: [ ] DnsAddresses: [ ] Domains: null MTU: 0 Routes: [ ]}}  nc{[ Transports: WIFI Capabilities: NOT_METERED&INTERNET&NOT_RESTRICTED&TRUSTED&NOT_VPN&NOT_ROAMING&FOREGROUND&NOT_CONGESTED&NOT_SUSPENDED LinkUpBandwidth>=72000Kbps LinkDnBandwidth>=72000Kbps OwnerUid: 1000 SSID: "MTBF_Lab" RequestorUid: -1 RequestorPackageName: null]}  Score{20}  everValidated{false}  lastValidated{false}  created{false} lingering{false} explicitlySelected{false} acceptUnvalidated{false} everCaptivePortalDetected{false} lastCaptivePortalDetected{false} partialConnectivity{false} acceptPartialConnectivity{false} clat{mBaseIface: null, mIface: null, mState: IDLE} }
11-20 20:12:07.984 D/ConnectivityService( 1194): [202 WIFI] EVENT_NETWORK_INFO_CHANGED, going from UNKNOWN to UNKNOWN
11-20 20:12:08.130 D/ConnectivityService( 1194): NetReassign [no changes]
11-20 20:12:08.173 I/Nat464Xlat( 1194): Android Xlat is disabled
11-20 20:12:08.173 I/Nat464Xlat( 1194): Android Xlat is disabled
11-20 20:12:08.298 E/ConnectivityService( 1194): Exception in networkAddRouteParcel for non-gateway: android.os.ServiceSpecificException: Machine is not on the network (code 64)
11-20 20:12:08.300 E/ConnectivityService( 1194): Exception in networkAddRouteParcel for gateway: android.os.ServiceSpecificException: Machine is not on the network (code 64)
11-20 20:12:08.300 I/Nat464Xlat( 1194): Android Xlat is disabled
11-20 20:12:08.300 I/Nat464Xlat( 1194): Android Xlat is disabled
11-20 20:12:08.422 D/ConnectivityService( 1194): Setting DNS servers for network 202 to [/192.168.1.1]
11-20 20:12:08.423 I/Nat464Xlat( 1194): Android Xlat is disabled
11-20 20:12:08.423 I/Nat464Xlat( 1194): Android Xlat is disabled
11-20 20:12:08.520 D/ConnectivityService( 1194): [202 WIFI] EVENT_NETWORK_INFO_CHANGED, going from UNKNOWN to CONNECTED
11-20 20:12:08.523 D/DnsManager( 1194): sendDnsConfigurationForNetwork(202, [192.168.1.1], [], 1800, 25, 8, 64, 0, 0, , [])
11-20 20:12:08.537 W/DnsManager( 1194): updatePrivateDns(202, PrivateDnsConfig{true:/[]})
11-20 20:12:08.538 D/ConnectivityService( 1194): Setting DNS servers for network 202 to [/192.168.1.1]
11-20 20:12:08.538 D/DnsManager( 1194): sendDnsConfigurationForNetwork(202, [192.168.1.1], [], 1800, 25, 8, 64, 0, 0, , [192.168.1.1])
11-20 20:12:08.541 D/ConnectivityService( 1194): Adding iface wlan0 to network 202
11-20 20:12:08.563 D/ConnectivityService( 1194): Setting DNS servers for network 202 to [/192.168.1.1]
11-20 20:12:08.564 D/DnsManager( 1194): sendDnsConfigurationForNetwork(202, [192.168.1.1], [], 1800, 25, 8, 64, 0, 0, , [192.168.1.1])
11-20 20:12:08.566 I/Nat464Xlat( 1194): Android Xlat is disabled
11-20 20:12:08.567 I/Nat464Xlat( 1194): Android Xlat is disabled
11-20 20:12:08.623 D/ConnectivityService( 1194): NetReassign [no changes]
11-20 20:12:08.874 D/ConnectivityService( 1194): [202 WIFI] validation passed
11-20 20:12:08.876 D/ConnectivityService( 1194): NetReassign [8 : 100  202, 20 : 100  202, 46 : 100  202, 1932 : 100  202, 12 : 100  202, 22 : 100  202, 16 : 100  202, 1330 : 100  202, 14 : 100  202, 50 : 100  202, 18 : 100  202, 11 : 100  202, 1 : 100  202, 17 : 100  202, 1935 : 100  202]
11-20 20:12:08.881 E/NetlinkEvent(  459): NetlinkEvent::FindParam(): Parameter 'INTERFACE' not found
11-20 20:12:08.889 E/NetlinkEvent(  459): NetlinkEvent::FindParam(): Parameter 'STATE' not found
11-20 20:12:08.889 E/NetlinkEvent(  459): NetlinkEvent::FindParam(): Parameter 'TIME_NS' not found
11-20 20:12:08.889 E/NetlinkEvent(  459): NetlinkEvent::FindParam(): Parameter 'UID' not found
11-20 20:12:08.897 D/ConnectivityService( 1194): Switching to new default network: NetworkAgentInfo{ ni{[type: WIFI[], state: CONNECTED/CONNECTED, reason: (unspecified), extra: , failover: false, available: true, roaming: false]}  network{202}  nethandle{870989090829}  lp{{InterfaceName: wlan0 LinkAddresses: [ 192.168.1.39/24 ] DnsAddresses: [ /192.168.1.1 ] Domains: null MTU: 0 ServerAddress: /192.168.1.1 TcpBufferSizes: 524288,1048576,2097152,262144,524288,1048576 Routes: [ fe80::/64 -> :: wlan0 mtu 0,192.168.1.0/24 -> 0.0.0.0 wlan0 mtu 0,0.0.0.0/0 -> 192.168.1.1 wlan0 mtu 0 ]}}  nc{[ Transports: WIFI Capabilities: NOT_METERED&INTERNET&NOT_RESTRICTED&TRUSTED&NOT_VPN&VALIDATED&NOT_ROAMING&FOREGROUND&NOT_CONGESTED&NOT_SUSPENDED LinkUpBandwidth>=67000Kbps LinkDnBandwidth>=67000Kbps SignalStrength: -39 OwnerUid: 1000 SSID: "MTBF_Lab" RequestorUid: -1 RequestorPackageName: null]}  Score{60}  everValidated{true}  lastValidated{true}  created{true} lingering{false} explicitlySelected{false} acceptUnvalidated{false} everCaptivePortalDetected{false} lastCaptivePortalDetected{false} partialConnectivity{false} acceptPartialConnectivity{false} clat{mBaseIface: null, mIface: null, mState: IDLE} }
11-20 20:12:09.027 W/SimpleTimeDetectorStrategy( 1194): Existing suggestion found to be invalid  elapsedRealtimeMillis=102273188, timeSuggestion=TelephonyTimeSuggestion{mSlotIndex='0', mUtcTime=TimestampedValue{mReferenceTimeMillis=2542243, mValue=1637368197000}, mDebugInfo=[Sending new time suggestion nitzSignal=TimestampedValue{mReferenceTimeMillis=2542243, mValue=NitzData{mOriginalString=21/11/20,00:29:57-32,00, mZoneOffset=-28800000, mDstOffset=0, mCurrentTimeMillis=1637368197000, mEmulatorHostTimeZone=null}}, reason=handleNitzReceived(TimestampedValue{mReferenceTimeMillis=2542243, mValue=NitzData{mOriginalString=21/11/20,00:29:57-32,00, mZoneOffset=-28800000, mDstOffset=0, mCurrentTimeMillis=1637368197000, mEmulatorHostTimeZone=null}})]}
11-20 20:12:09.032 D/ConnectivityService( 1194): Lingering [100 CELLULAR] for 30000ms
11-20 20:12:09.034 D/ConnectivityService( 1194): Sending DISCONNECTED broadcast for type 0 [100 CELLULAR] isDefaultNetwork=true
11-20 20:12:09.036 D/ConnectivityService( 1194): Sending CONNECTED broadcast for type 1 [202 WIFI] isDefaultNetwork=true
11-20 20:12:09.050 D/ConnectivityService( 1194): Setting DNS servers for network 202 to [/192.168.1.1]
11-20 20:12:09.051 D/DnsManager( 1194): sendDnsConfigurationForNetwork(202, [192.168.1.1], [], 1800, 25, 8, 64, 0, 0, , [192.168.1.1])
11-20 20:12:09.843 I/Nat464Xlat( 1194): Android Xlat is disabled
11-20 20:12:09.843 I/Nat464Xlat( 1194): Android Xlat is disabled
11-20 20:12:11.350 D/AppStorageManager( 1194): BEFORE:: Previous Size: 841814016 Current Size: 842063872
11-20 20:12:11.350 D/AppStorageManager( 1194): AFTER:: Previous Size: 842063872 Current Size: 842063872
11-20 20:12:11.421 D/commandrouter( 1117): SocServiceHandle::onServiceMessage, SoC Service = mcu_healthcheck_1118, appType = 1, type = SVC_REQ, clientId = 0, token = 3407, payloadLen = 12, result = 0, payload.size() = 12
11-20 20:12:11.424 D/commandrouter( 1117): mcu_healthcheck_1118 (1, merlot:mcu_health:control): <ServiceResponse> FORWARDED (remote -> local) CR token ID = 3407, service client ID = 40, token ID = 60804, result = 0
11-20 20:12:11.424 D/mculinkhealth( 1118): isMcuReachable 1 (4 ms)
11-20 20:12:12.219 D/commandrouter( 1117): rtc_sync (1, rtc:sync): <ServiceRequest> FORWARDED (remote -> local) service client ID = 0, token ID = 42991
11-20 20:12:12.220 D/commandrouter( 1117): SocServiceHandle::onServiceMessage, SoC Service = rtc_sync, appType = 1, type = SVC_RESP, clientId = 0, token = 42991, payloadLen = 8, result = 0, payload.size() = 8
11-20 20:12:17.585 D/commandrouter( 1117): SocServiceHandle::onServiceMessage, SoC Service = mcu_healthcheck_946, appType = 1, type = SVC_REQ, clientId = 0, token = 1703, payloadLen = 20, result = 0, payload.size() = 20
11-20 20:12:17.588 D/commandrouter( 1117): mcu_healthcheck_946 (1, merlot:mcu_health:control): <ServiceResponse> FORWARDED (remote -> local) CR token ID = 1703, service client ID = 6, token ID = 60805, result = 0
11-20 20:12:22.215 D/commandrouter( 1117): rtc_sync (1, rtc:sync): <ServiceRequest> FORWARDED (remote -> local) service client ID = 0, token ID = 42992
11-20 20:12:22.216 D/commandrouter( 1117): SocServiceHandle::onServiceMessage, SoC Service = rtc_sync, appType = 1, type = SVC_RESP, clientId = 0, token = 42992, payloadLen = 8, result = 0, payload.size() = 8
11-20 20:12:27.735 D/AutofillManagerService( 1194): onBackKeyPressed()
11-20 20:12:28.797 I/chatty  ( 1194): uid=1000(system) android.ui identical 2 lines
11-20 20:12:30.636 D/AutofillManagerService( 1194): onBackKeyPressed()
11-20 20:12:31.175 W/ActivityManager( 1194): Invalid packageName: com.facebook.wearable.system.settings/com.facebook.wearable.system.settings.SettingsActivity
11-20 20:12:31.293 I/ActivityTaskManager( 1194): START u0 {flg=0x10000000 cmp=com.facebook.wearable.system.settings/.SettingsActivity} from uid 0
11-20 20:12:31.313 I/ActivityTaskManager( 1194): The Process com.facebook.wearable.system.settings Already Exists in BG. So sending its PID: 25374
11-20 20:12:31.314 W/ActivityTaskManager( 1194): Tried to set launchTime (0) < mLastActivityLaunchTime (102264479)
--------- beginning of main
11-20 20:12:31.429 D/FacebookProvider(13269): Starting SSO Network Fetch for 263529928325379
11-20 20:12:31.430 I/AccountsContentProvider(13269): No Primary Account. Accounts Error [content://com.facebook.wearable.system.accounts.AccountsContentProvider/facebook/263529928325379]
11-20 20:12:31.432 E/DatabaseUtils(13269): Writing exception to parcel
11-20 20:12:31.432 E/DatabaseUtils(13269): java.lang.IllegalStateException: No Primary Account
11-20 20:12:31.432 E/DatabaseUtils(13269): 	at com.facebook.secure.content.AbstractContentProvider.doQuery(:284)
11-20 20:12:31.432 E/DatabaseUtils(13269): 	at com.facebook.secure.content.AbstractContentProvider.query(:8)
11-20 20:12:31.432 E/DatabaseUtils(13269): 	at android.content.ContentProvider.query(ContentProvider.java:1474)
11-20 20:12:31.432 E/DatabaseUtils(13269): 	at android.content.ContentProvider$Transport.query(ContentProvider.java:278)
11-20 20:12:31.432 E/DatabaseUtils(13269): 	at android.content.ContentProviderNative.onTransact(ContentProviderNative.java:106)
11-20 20:12:31.432 E/DatabaseUtils(13269): 	at android.os.Binder.execTransactInternal(Binder.java:1154)
11-20 20:12:31.432 E/DatabaseUtils(13269): 	at android.os.Binder.execTransact(Binder.java:1123)
11-20 20:12:31.453 E/AccountsViewModel(25374): AccountsViewModel.flow failed: No Primary Account
11-20 20:12:31.453 E/AccountsViewModel(25374): java.lang.IllegalStateException: No Primary Account
11-20 20:12:31.453 E/AccountsViewModel(25374): 	at android.os.Parcel.createExceptionOrNull(Parcel.java:2381)
11-20 20:12:31.453 E/AccountsViewModel(25374): 	at android.os.Parcel.createException(Parcel.java:2357)
11-20 20:12:31.453 E/AccountsViewModel(25374): 	at android.os.Parcel.readException(Parcel.java:2340)
11-20 20:12:31.453 E/AccountsViewModel(25374): 	at android.database.DatabaseUtils.readExceptionFromParcel(DatabaseUtils.java:190)
11-20 20:12:31.453 E/AccountsViewModel(25374): 	at android.database.DatabaseUtils.readExceptionFromParcel(DatabaseUtils.java:142)
11-20 20:12:31.453 E/AccountsViewModel(25374): 	at android.content.ContentProviderProxy.query(ContentProviderNative.java:472)
11-20 20:12:31.453 E/AccountsViewModel(25374): 	at android.content.ContentResolver.query(ContentResolver.java:1185)
11-20 20:12:31.453 E/AccountsViewModel(25374): 	at android.content.ContentResolver.query(ContentResolver.java:1116)
11-20 20:12:31.453 E/AccountsViewModel(25374): 	at com.facebook.wearable.common.accounts.contract.WearableAccountsContractRequest.query(:51)
11-20 20:12:31.453 E/AccountsViewModel(25374): 	at kotlin.coroutines.jvm.internal.BaseContinuationImpl.invokeSuspend(:95489)
11-20 20:12:31.453 E/AccountsViewModel(25374): 	at com.facebook.wearable.common.accounts.WearableAccountsKt$fb$1.invoke(:9)
11-20 20:12:31.453 E/AccountsViewModel(25374): 	at com.facebook.wearable.common.coroutines.lazy.LazyAsync.get(:101)
11-20 20:12:31.453 E/AccountsViewModel(25374): 	at kotlin.coroutines.jvm.internal.BaseContinuationImpl.invokeSuspend(:96596)
11-20 20:12:31.453 E/AccountsViewModel(25374): 	at com.facebook.wearable.system.settings.accounts.AccountsViewModel$wearableAccountFlow$1.invoke(:11)
11-20 20:12:31.453 E/AccountsViewModel(25374): 	at kotlinx.coroutines.flow.AbstractFlow.collect$rvp0$0(:72)
11-20 20:12:31.453 E/AccountsViewModel(25374): 	at kotlin.coroutines.jvm.internal.BaseContinuationImpl.invokeSuspend(:95417)
11-20 20:12:31.453 E/AccountsViewModel(25374): 	at kotlinx.coroutines.flow.FlowKt__ShareKt$launchSharing$1$2.invoke(Unknown Source:10)
11-20 20:12:31.453 E/AccountsViewModel(25374): 	at kotlin.coroutines.jvm.internal.BaseContinuationImpl.invokeSuspend(:96715)
11-20 20:12:31.453 E/AccountsViewModel(25374): 	at kotlinx.coroutines.flow.FlowKt__MergeKt$mapLatest$1.invoke(Unknown Source:15)
11-20 20:12:31.453 E/AccountsViewModel(25374): 	at kotlin.coroutines.jvm.internal.BaseContinuationImpl.invokeSuspend(:96820)
11-20 20:12:31.453 E/AccountsViewModel(25374): 	at kotlinx.coroutines.flow.internal.ChannelFlowTransformLatest$flowCollect$3$1$2.invoke(Unknown Source:10)
11-20 20:12:31.453 E/AccountsViewModel(25374): 	at kotlinx.coroutines.CoroutineStart.invoke(:32)
11-20 20:12:31.453 E/AccountsViewModel(25374): 	at kotlinx.coroutines.BuildersKt__Builders_commonKt.launch(:15)
11-20 20:12:31.453 E/AccountsViewModel(25374): 	at kotlinx.coroutines.flow.internal.ChannelFlowTransformLatest$flowCollect$3$invokeSuspend$$inlined$collect$1.emit(:56)
11-20 20:12:31.453 E/AccountsViewModel(25374): 	at kotlinx.coroutines.flow.DistinctFlowImpl$collect$$inlined$collect$1.emit(:74)
11-20 20:12:31.453 E/AccountsViewModel(25374): 	at kotlinx.coroutines.flow.FlowKt__LimitKt$dropWhile$lambda-4$$inlined$collect$1.emit(:114)
11-20 20:12:31.453 E/AccountsViewModel(25374): 	at kotlinx.coroutines.flow.FlowKt__ChannelsKt.emitAllImpl$FlowKt__ChannelsKt(:123)
11-20 20:12:31.453 E/AccountsViewModel(25374): 	at kotlin.coroutines.jvm.internal.BaseContinuationImpl.invokeSuspend(:96917)
11-20 20:12:31.453 E/AccountsViewModel(25374): 	at kotlin.coroutines.jvm.internal.BaseContinuationImpl.resumeWith(:5)
11-20 20:12:31.453 E/AccountsViewModel(25374): 	at kotlinx.coroutines.DispatchedTask.run(:131)
11-20 20:12:31.453 E/AccountsViewModel(25374): 	at java.util.concurrent.Executors$RunnableAdapter.call(Executors.java:462)
11-20 20:12:31.453 E/AccountsViewModel(25374): 	at java.util.concurrent.FutureTask.run(FutureTask.java:266)
11-20 20:12:31.453 E/AccountsViewModel(25374): 	at com.facebook.wearable.common.executors.DelayedFutureTask.run(:22)
11-20 20:12:31.453 E/AccountsViewModel(25374): 	at java.util.concurrent.ThreadPoolExecutor.runWorker(ThreadPoolExecutor.java:1167)
11-20 20:12:31.453 E/AccountsViewModel(25374): 	at java.util.concurrent.ThreadPoolExecutor$Worker.run(ThreadPoolExecutor.java:641)
11-20 20:12:31.453 E/AccountsViewModel(25374): 	at com.facebook.wearable.common.executors.NamedThreadFactory$1.run(:7)
11-20 20:12:31.478 E/StatusBarClientConnection(25374): Service connected
11-20 20:12:31.504 W/View    (25374): requestLayout() improperly called by android.view.View{b439023 V.ED..... ......I. 0,368-474,474} during layout: running second layout pass
11-20 20:12:31.522 W/View    (25374): requestLayout() improperly called by com.facebook.wearable.common.wds.listview.WdsListView{7c37411 V.E..V... ........ 0,0-474,474} during second layout pass: posting in next frame
11-20 20:12:31.802 D/CompatibilityInfo( 1194): mCompatibilityFlags - 4
11-20 20:12:31.803 D/CompatibilityInfo( 1194): applicationDensity - 320
11-20 20:12:31.803 D/CompatibilityInfo( 1194): applicationScale - 1.0
11-20 20:12:31.822 D/ComplicationController( 5465): Stopping complication controller.
11-20 20:12:31.829 D/ComplicationDataManagerImpl( 5465): Fetching complication data for package: com.facebook.wearable.apps.calendar, com.facebook.wearable.apps.calendar.DAY_DATE_COMPLICATION.
11-20 20:12:31.829 D/ComplicationDataManagerImpl( 5465): Fetching complication data for package: com.facebook.wearable.apps.player, com.facebook.wearable.apps.player.SHORTCUT_COMPLICATION.
11-20 20:12:31.829 D/ComplicationDataManagerImpl( 5465): Fetching complication data for package: com.facebook.wearable.apps.gallery, com.facebook.wearable.apps.gallery.SHORTCUT_COMPLICATION.
11-20 20:12:31.829 D/ComplicationDataManagerImpl( 5465): Fetching complication data for package: com.facebook.wearable.apps.heart, com.facebook.wearable.apps.heart.HEART_RATE.
11-20 20:12:31.832 D/CompatibilityInfo( 1194): mCompatibilityFlags - 4
11-20 20:12:31.833 D/CompatibilityInfo( 1194): applicationDensity - 320
11-20 20:12:31.833 D/CompatibilityInfo( 1194): applicationScale - 1.0
11-20 20:12:32.211 D/commandrouter( 1117): rtc_sync (1, rtc:sync): <ServiceRequest> FORWARDED (remote -> local) service client ID = 0, token ID = 42993
11-20 20:12:32.211 D/vendor.facebook.rtc_sync@1.0-service( 1129): Request req_ts=1637439152211084999 resp_ts=1637439152211672547
11-20 20:12:32.212 D/commandrouter( 1117): SocServiceHandle::onServiceMessage, SoC Service = rtc_sync, appType = 1, type = SVC_RESP, clientId = 0, token = 42993, payloadLen = 8, result = 0, payload.size() = 8
11-20 20:12:32.380 D/UIAutomatorStub(26720): URI: /jsonrpc/0, Method: POST, Header: {content-length=192, remote-addr=127.0.0.1, http-client-ip=127.0.0.1, host=localhost:9010, content-type=application/json, accept-encoding=identity}, params, {NanoHttpd.QUERY_STRING=null}, files: {postData={"jsonrpc": "2.0", "method": "waitForExists", "id": "b7045712da641009742652c1ad9c99cd", "params": [{"mask": 1, "childOrSibling": [], "childOrSiblingSelector": [], "text": "Notifications"}, 5]}}
11-20 20:12:32.402 D/UIAutomatorStub(26720): URI: /jsonrpc/0, Method: POST, Header: {content-length=191, remote-addr=127.0.0.1, http-client-ip=127.0.0.1, host=localhost:9010, content-type=application/json, accept-encoding=identity}, params, {NanoHttpd.QUERY_STRING=null}, files: {postData={"jsonrpc": "2.0", "method": "waitForExists", "id": "82459af71744dc082d4bad9fc8850374", "params": [{"mask": 1, "childOrSibling": [], "childOrSiblingSelector": [], "text": "Connectivity"}, 5]}}
11-20 20:12:32.463 D/UIAutomatorStub(26720): URI: /jsonrpc/0, Method: POST, Header: {content-length=180, remote-addr=127.0.0.1, http-client-ip=127.0.0.1, host=localhost:9010, content-type=application/json, accept-encoding=identity}, params, {NanoHttpd.QUERY_STRING=null}, files: {postData={"jsonrpc": "2.0", "method": "click", "id": "db7ad2bd05d2eeb2ab704d0b6e9af5fb", "params": [{"mask": 1, "childOrSibling": [], "childOrSiblingSelector": [], "text": "Connectivity"}]}}
11-20 20:12:32.504 E/ANDR-PERF-OPTSHANDLER(  557): Unable to find the correct node storage pointers for                   resource index=16, node path=/proc/sys/kernel/sched_upmigrate
11-20 20:12:32.505 E/ANDR-PERF-RESOURCEQS(  557): Failed to reset optimization [3, 7]
11-20 20:12:32.505 E/ANDR-PERF-OPTSHANDLER(  557): Unable to find the correct node storage pointers for                   resource index=17, node path=/proc/sys/kernel/sched_downmigrate
11-20 20:12:32.505 E/ANDR-PERF-RESOURCEQS(  557): Failed to reset optimization [3, 8]
11-20 20:12:32.505 E/ANDR-PERF-OPTSHANDLER(  557): Perflock resource /sys/module/lpm_levels/parameters/bias_hyst not supported
11-20 20:12:32.505 E/ANDR-PERF-RESOURCEQS(  557): Failed to reset optimization [1, 2]
11-20 20:12:32.505 E/ANDR-PERF-OPTSHANDLER(  557): Perflock resource /proc/sys/kernel/sched_group_upmigrate not supported
11-20 20:12:32.505 E/ANDR-PERF-RESOURCEQS(  557): Failed to reset optimization [3, 21]
11-20 20:12:32.505 E/ANDR-PERF-OPTSHANDLER(  557): Perflock resource /proc/sys/kernel/sched_group_downmigrate not supported
11-20 20:12:32.505 E/ANDR-PERF-RESOURCEQS(  557): Failed to reset optimization [3, 22]
11-20 20:12:32.543 W/StatusBarClientConnection(25374): Messenger is null, ignoring message: { when=-1d4h24m56s704ms barrier=1 }
11-20 20:12:32.585 E/StatusBarClientConnection(25374): Service connected
11-20 20:12:32.618 W/View    (25374): requestLayout() improperly called by android.view.View{19419d1 V.ED..... ......I. 0,368-474,474} during layout: running second layout pass
11-20 20:12:32.637 W/View    (25374): requestLayout() improperly called by com.facebook.wearable.common.wds.listview.WdsListView{265344f V.E..V... ........ 0,0-474,474} during second layout pass: posting in next frame
11-20 20:12:33.304 E/ANDR-PERF-OPTSHANDLER(  557): perf_lock_rel: failed for /proc/sys/vm/swap_ratio as previous value is not stored
11-20 20:12:33.304 E/ANDR-PERF-OPTSHANDLER(  557): perf_lock_rel: failed for /sys/class/kgsl/kgsl-3d0/min_pwrlevel as previous value is not stored
11-20 20:12:33.305 E/ANDR-PERF-RESOURCEQS(  557): Failed to reset optimization [3, 0]
11-20 20:12:33.385 E/TaskPersister( 1194): File error accessing recents directory (directory doesn't exist?).
11-20 20:12:34.860 I/chatty  ( 2351): uid=10060(com.facebook.wearable.system.selfcare) pool-3-thread-3 expire 6 lines
11-20 20:12:35.015 I/chatty  ( 2351): uid=10060(com.facebook.wearable.system.selfcare) MainTP_847 expire 10 lines
11-20 20:12:35.563 D/UIAutomatorStub(26720): URI: /jsonrpc/0, Method: POST, Header: {content-length=183, remote-addr=127.0.0.1, http-client-ip=127.0.0.1, host=localhost:9010, content-type=application/json, accept-encoding=identity}, params, {NanoHttpd.QUERY_STRING=null}, files: {postData={"jsonrpc": "2.0", "method": "waitForExists", "id": "768241afc2e0054f650f23465bd48238", "params": [{"mask": 1, "childOrSibling": [], "childOrSiblingSelector": [], "text": "WiFi"}, 5]}}
11-20 20:12:35.586 D/UIAutomatorStub(26720): URI: /jsonrpc/0, Method: POST, Header: {content-length=172, remote-addr=127.0.0.1, http-client-ip=127.0.0.1, host=localhost:9010, content-type=application/json, accept-encoding=identity}, params, {NanoHttpd.QUERY_STRING=null}, files: {postData={"jsonrpc": "2.0", "method": "click", "id": "2a50f68e8d196a6514ec396597477a4c", "params": [{"mask": 1, "childOrSibling": [], "childOrSiblingSelector": [], "text": "WiFi"}]}}
11-20 20:12:35.638 W/HWComposer(  577): Ignoring duplicate VSYNC event from HWC for display 0 (t=102299798819099)
11-20 20:12:35.682 W/StatusBarClientConnection(25374): Messenger is null, ignoring message: { when=-1d4h24m59s843ms barrier=1 }
11-20 20:12:35.711 D/CompatibilityInfo( 1194): mCompatibilityFlags - 4
11-20 20:12:35.712 D/CompatibilityInfo( 1194): applicationDensity - 320
11-20 20:12:35.712 D/CompatibilityInfo( 1194): applicationScale - 1.0
11-20 20:12:35.721 E/StatusBarClientConnection(25374): Service connected
11-20 20:12:35.725 D/WifiConnector( 2841): Network State Changed
11-20 20:12:35.734 W/View    (25374): requestLayout() improperly called by android.view.View{82ce100 V.ED..... ......I. 0,368-474,474} during layout: running second layout pass
11-20 20:12:35.745 D/WifiSharingService( 2841): Starting Wi-Fi scan
11-20 20:12:35.746 I/WifiService( 1194): startScan uid=1000
11-20 20:12:35.754 W/View    (25374): requestLayout() improperly called by com.facebook.wearable.common.wds.listview.WdsListView{d003734 V.E..V... ........ 0,0-474,474} during second layout pass: posting in next frame
11-20 20:12:35.779 D/WifiNative( 1194): Scan trigered from WifiNative
11-20 20:12:35.781 I/chatty  ( 1024): uid=1021(gps) lowi-server expire 81 lines
11-20 20:12:35.781 V/WifiHAL (  539): event received NL80211_CMD_TRIGGER_SCAN
11-20 20:12:35.885 I/chatty  ( 2351): uid=10060(com.facebook.wearable.system.selfcare) pool-3-thread-2 expire 6 lines
11-20 20:12:36.331 V/WifiHAL (  539): event received NL80211_CMD_NEW_SCAN_RESULTS
11-20 20:12:36.332 D/WifiNl80211Manager( 1194): Scan result ready event
11-20 20:12:36.332 D/WifiNative( 1194): Scan result ready event
11-20 20:12:36.343 D/LOWI-9.0.0.80( 1024): [LOWI-Scan] decode_rsn_wpa_ie: LOWI_ENCRYPTION_TYPE_WPA_PSK
11-20 20:12:36.343 D/LOWI-9.0.0.80( 1024): [LOWI-Scan] is_qcom_ie, bss_age: 46
11-20 20:12:36.343 D/LOWI-9.0.0.80( 1024): [LOWI-Scan] BSS 2c:57:41:88:72:e1 LOWI_PHY_MODE_11NG_HT20(5), Beacon Interval: 100, LOWI_ENCRYPTION_TYPE_WPA_PSK 11mcRanging: No, ANQP: No, LCI: No, Civic: No, capability(0x1411): ESS Privacy ShortSlotTime
11-20 20:12:36.343 D/LOWI-9.0.0.80( 1024): [LOWI-Scan] BSS 2c:57:41:88:72:e1 FREQ: 2412, cFreq1[40:80:160] = [0:0:0] cFreq2 = 0 Country Code = US
11-20 20:12:36.343 D/LOWI-9.0.0.80( 1024): [LOWI-Scan] BSS 2c:57:41:88:72:e1 (wlan0) ASSO: NO AddInfo: 0x0, TSF 1, 04:25:00.491, RSSI: -146, CPL: 3, AGE: 0,  SSID kittyhawk, TSFDelta: 0x0, TXRate: 0
11-20 20:12:36.344 D/LOWI-9.0.0.80( 1024): [LOWI-Scan] 
11-20 20:12:36.344 D/LOWI-9.0.0.80( 1024): [LOWI-Scan] print_bss_handler: Report Probe TSF 102300491378 as it greater than Beacon TSF 102271210706
11-20 20:12:36.344 I/LOWI-9.0.0.80( 1024): [LOWI-Scan] RSN_IE
11-20 20:12:36.344 D/LOWI-9.0.0.80( 1024): [LOWI-Scan] decode_rsn_wpa_ie: Entered
11-20 20:12:36.344 D/LOWI-9.0.0.80( 1024): [LOWIUtils] hexDump: msg(30 14 01 00 00 0f ac 04 01 00 00 0f ac 04 01 00 00 0f ac 02 )
11-20 20:12:36.344 D/LOWI-9.0.0.80( 1024): [LOWI-Scan] decode_rsn_wpa_ie: LOWI_ENCRYPTION_TYPE_WPA_PSK
11-20 20:12:36.344 D/LOWI-9.0.0.80( 1024): [LOWI-Scan] is_qcom_ie, bss_age: 25
11-20 20:12:36.344 D/LOWI-9.0.0.80( 1024): [LOWI-Scan] BSS ce:dc:12:3b:87:fd LOWI_PHY_MODE_11AC_VHT20_2G(11), Beacon Interval: 100, LOWI_ENCRYPTION_TYPE_WPA_PSK 11mcRanging: No, ANQP: Yes, LCI: No, Civic: No, capability(0x1431): ESS Privacy ShortPreamble ShortSlotTime
11-20 20:12:36.344 D/LOWI-9.0.0.80( 1024): [LOWI-Scan] BSS ce:dc:12:3b:87:fd FREQ: 2437, cFreq1[40:80:160] = [0:0:0] cFreq2 = 0 Country Code =    
11-20 20:12:36.344 D/LOWI-9.0.0.80( 1024): [LOWI-Scan] BSS ce:dc:12:3b:87:fd (wlan0) ASSO: NO AddInfo: 0x0, TSF 1, 04:25:00.491, RSSI: -106, CPL: 127, AGE: 0,  SSID Pixel5_R1, TSFDelta: 0x0, TXRate: 0
11-20 20:12:36.345 D/LOWI-9.0.0.80( 1024): [LOWI-Scan] 
11-20 20:12:36.345 D/LOWI-9.0.0.80( 1024): [LOWI-Scan] print_bss_handler: Report Probe TSF 102300491536 as it greater than Beacon TSF 102000509916
11-20 20:12:36.345 I/LOWI-9.0.0.80( 1024): [LOWI-Scan] RSN_IE
11-20 20:12:36.345 D/LOWI-9.0.0.80( 1024): [LOWI-Scan] decode_rsn_wpa_ie: Entered
11-20 20:12:36.345 D/LOWI-9.0.0.80( 1024): [LOWIUtils] hexDump: msg(30 14 01 00 00 0f ac 04 01 00 00 0f ac 04 01 00 00 0f ac 02 )
11-20 20:12:36.345 D/LOWI-9.0.0.80( 1024): [LOWI-Scan] decode_rsn_wpa_ie: LOWI_ENCRYPTION_TYPE_WPA_PSK
11-20 20:12:36.345 D/LOWI-9.0.0.80( 1024): [LOWI-Scan] is_qcom_ie, bss_age: 46
11-20 20:12:36.345 D/LOWI-9.0.0.80( 1024): [LOWI-Scan] BSS 2c:57:41:86:8a:a1 LOWI_PHY_MODE_11NG_HT20(5), Beacon Interval: 100, LOWI_ENCRYPTION_TYPE_WPA_PSK 11mcRanging: No, ANQP: No, LCI: No, Civic: No, capability(0x1411): ESS Privacy ShortSlotTime
11-20 20:12:36.345 D/LOWI-9.0.0.80( 1024): [LOWI-Scan] BSS 2c:57:41:86:8a:a1 FREQ: 2412, cFreq1[40:80:160] = [0:0:0] cFreq2 = 0 Country Code = US
11-20 20:12:36.345 D/LOWI-9.0.0.80( 1024): [LOWI-Scan] BSS 2c:57:41:86:8a:a1 (wlan0) ASSO: NO AddInfo: 0x0, TSF 1, 04:25:00.491, RSSI: -134, CPL: 3, AGE: 0,  SSID kittyhawk, TSFDelta: 0x0, TXRate: 0
11-20 20:12:36.346 D/LOWI-9.0.0.80( 1024): [LOWI-Scan] 
