11-20 07:01:35.356 W/ActivityTaskManager( 1194): Tried to set launchTime (0) < mLastActivityLaunchTime (54811579)
11-20 07:01:35.395 D/LauncherActivity( 2581): onPause
11-20 07:01:35.420 D/CompatibilityInfo( 1194): mCompatibilityFlags - 4
11-20 07:01:35.420 D/CompatibilityInfo( 1194): applicationDensity - 320
11-20 07:01:35.421 D/CompatibilityInfo( 1194): applicationScale - 1.0
11-20 07:01:35.455 D/FacebookProvider(13915): Starting SSO Network Fetch for 263529928325379
11-20 07:01:35.456 I/AccountsContentProvider(13915): No Primary Account. Accounts Error [content://com.facebook.wearable.system.accounts.AccountsContentProvider/facebook/263529928325379]
11-20 07:01:35.457 E/DatabaseUtils(13915): Writing exception to parcel
11-20 07:01:35.457 E/DatabaseUtils(13915): java.lang.IllegalStateException: No Primary Account
11-20 07:01:35.457 E/DatabaseUtils(13915): 	at com.facebook.secure.content.AbstractContentProvider.doQuery(:284)
11-20 07:01:35.457 E/DatabaseUtils(13915): 	at com.facebook.secure.content.AbstractContentProvider.query(:8)
11-20 07:01:35.457 E/DatabaseUtils(13915): 	at android.content.ContentProvider.query(ContentProvider.java:1474)
11-20 07:01:35.457 E/DatabaseUtils(13915): 	at android.content.ContentProvider$Transport.query(ContentProvider.java:278)
11-20 07:01:35.457 E/DatabaseUtils(13915): 	at android.content.ContentProviderNative.onTransact(ContentProviderNative.java:106)
11-20 07:01:35.457 E/DatabaseUtils(13915): 	at android.os.Binder.execTransactInternal(Binder.java:1154)
11-20 07:01:35.457 E/DatabaseUtils(13915): 	at android.os.Binder.execTransact(Binder.java:1123)
11-20 07:01:35.458 E/AccountsViewModel(16444): AccountsViewModel.flow failed: No Primary Account
11-20 07:01:35.458 E/AccountsViewModel(16444): java.lang.IllegalStateException: No Primary Account
11-20 07:01:35.458 E/AccountsViewModel(16444): 	at android.os.Parcel.createExceptionOrNull(Parcel.java:2381)
11-20 07:01:35.458 E/AccountsViewModel(16444): 	at android.os.Parcel.createException(Parcel.java:2357)
11-20 07:01:35.458 E/AccountsViewModel(16444): 	at android.os.Parcel.readException(Parcel.java:2340)
11-20 07:01:35.458 E/AccountsViewModel(16444): 	at android.database.DatabaseUtils.readExceptionFromParcel(DatabaseUtils.java:190)
11-20 07:01:35.458 E/AccountsViewModel(16444): 	at android.database.DatabaseUtils.readExceptionFromParcel(DatabaseUtils.java:142)
11-20 07:01:35.458 E/AccountsViewModel(16444): 	at android.content.ContentProviderProxy.query(ContentProviderNative.java:472)
11-20 07:01:35.458 E/AccountsViewModel(16444): 	at android.content.ContentResolver.query(ContentResolver.java:1185)
11-20 07:01:35.458 E/AccountsViewModel(16444): 	at android.content.ContentResolver.query(ContentResolver.java:1116)
11-20 07:01:35.458 E/AccountsViewModel(16444): 	at com.facebook.wearable.common.accounts.contract.WearableAccountsContractRequest.query(:51)
11-20 07:01:35.458 E/AccountsViewModel(16444): 	at kotlin.coroutines.jvm.internal.BaseContinuationImpl.invokeSuspend(:95489)
11-20 07:01:35.458 E/AccountsViewModel(16444): 	at com.facebook.wearable.common.accounts.WearableAccountsKt$fb$1.invoke(:9)
11-20 07:01:35.458 E/AccountsViewModel(16444): 	at com.facebook.wearable.common.coroutines.lazy.LazyAsync.get(:101)
11-20 07:01:35.458 E/AccountsViewModel(16444): 	at kotlin.coroutines.jvm.internal.BaseContinuationImpl.invokeSuspend(:96596)
11-20 07:01:35.458 E/AccountsViewModel(16444): 	at com.facebook.wearable.system.settings.accounts.AccountsViewModel$wearableAccountFlow$1.invoke(:11)
11-20 07:01:35.458 E/AccountsViewModel(16444): 	at kotlinx.coroutines.flow.AbstractFlow.collect$rvp0$0(:72)
11-20 07:01:35.458 E/AccountsViewModel(16444): 	at kotlin.coroutines.jvm.internal.BaseContinuationImpl.invokeSuspend(:95417)
11-20 07:01:35.458 E/AccountsViewModel(16444): 	at kotlinx.coroutines.flow.FlowKt__ShareKt$launchSharing$1$2.invoke(Unknown Source:10)
11-20 07:01:35.458 E/AccountsViewModel(16444): 	at kotlin.coroutines.jvm.internal.BaseContinuationImpl.invokeSuspend(:96715)
11-20 07:01:35.458 E/AccountsViewModel(16444): 	at kotlinx.coroutines.flow.FlowKt__MergeKt$mapLatest$1.invoke(Unknown Source:15)
11-20 07:01:35.458 E/AccountsViewModel(16444): 	at kotlin.coroutines.jvm.internal.BaseContinuationImpl.invokeSuspend(:96820)
11-20 07:01:35.458 E/AccountsViewModel(16444): 	at kotlinx.coroutines.flow.internal.ChannelFlowTransformLatest$flowCollect$3$1$2.invoke(Unknown Source:10)
11-20 07:01:35.458 E/AccountsViewModel(16444): 	at kotlinx.coroutines.CoroutineStart.invoke(:32)
11-20 07:01:35.458 E/AccountsViewModel(16444): 	at kotlinx.coroutines.BuildersKt__Builders_commonKt.launch(:15)
11-20 07:01:35.458 E/AccountsViewModel(16444): 	at kotlinx.coroutines.flow.internal.ChannelFlowTransformLatest$flowCollect$3$invokeSuspend$$inlined$collect$1.emit(:56)
11-20 07:01:35.458 E/AccountsViewModel(16444): 	at kotlinx.coroutines.flow.DistinctFlowImpl$collect$$inlined$collect$1.emit(:74)
11-20 07:01:35.458 E/AccountsViewModel(16444): 	at kotlinx.coroutines.flow.FlowKt__LimitKt$dropWhile$lambda-4$$inlined$collect$1.emit(:114)
11-20 07:01:35.458 E/AccountsViewModel(16444): 	at kotlinx.coroutines.flow.FlowKt__ChannelsKt.emitAllImpl$FlowKt__ChannelsKt(:123)
11-20 07:01:35.458 E/AccountsViewModel(16444): 	at kotlin.coroutines.jvm.internal.BaseContinuationImpl.invokeSuspend(:96917)
11-20 07:01:35.458 E/AccountsViewModel(16444): 	at kotlin.coroutines.jvm.internal.BaseContinuationImpl.resumeWith(:5)
11-20 07:01:35.458 E/AccountsViewModel(16444): 	at kotlinx.coroutines.DispatchedTask.run(:131)
11-20 07:01:35.458 E/AccountsViewModel(16444): 	at java.util.concurrent.Executors$RunnableAdapter.call(Executors.java:462)
11-20 07:01:35.458 E/AccountsViewModel(16444): 	at java.util.concurrent.FutureTask.run(FutureTask.java:266)
11-20 07:01:35.458 E/AccountsViewModel(16444): 	at com.facebook.wearable.common.executors.DelayedFutureTask.run(:22)
11-20 07:01:35.458 E/AccountsViewModel(16444): 	at java.util.concurrent.ThreadPoolExecutor.runWorker(ThreadPoolExecutor.java:1167)
11-20 07:01:35.458 E/AccountsViewModel(16444): 	at java.util.concurrent.ThreadPoolExecutor$Worker.run(ThreadPoolExecutor.java:641)
11-20 07:01:35.458 E/AccountsViewModel(16444): 	at com.facebook.wearable.common.executors.NamedThreadFactory$1.run(:7)
11-20 07:01:35.464 E/StatusBarClientConnection(16444): Service connected
11-20 07:01:35.516 W/View    (16444): requestLayout() improperly called by android.view.View{2245641 V.ED..... ......I. 0,368-474,474} during layout: running second layout pass
11-20 07:01:35.525 E/QMI_FW  ( 1113): qmi_cci_get_ref: ref count increased 2
11-20 07:01:35.526 E/QMI_FW  ( 1113): qmi_cci_get_ref: ref count increased 2
11-20 07:01:35.537 D/RadioLinkQualityScoreBuilder( 1975): scoreRsrp: 3scoreRsrq: 3scoreRssnr: 2
11-20 07:01:35.538 D/WirelessInsightServiceImpl( 1975): onSignalStrengthsChanged: SignalStrength = SignalStrength:{mCdma=CellSignalStrengthCdma: cdmaDbm=2147483647 cdmaEcio=2147483647 evdoDbm=2147483647 evdoEcio=2147483647 evdoSnr=2147483647 level=0,mGsm=CellSignalStrengthGsm: rssi=2147483647 ber=2147483647 mTa=2147483647 mLevel=0,mWcdma=CellSignalStrengthWcdma: ss=2147483647 ber=2147483647 rscp=2147483647 ecno=2147483647 level=0,mTdscdma=CellSignalStrengthTdscdma: rssi=2147483647 ber=2147483647 rscp=2147483647 level=0,mLte=CellSignalStrengthLte: rssi=-77 rsrp=-111 rsrq=-13 rssnr=2 cqi=2147483647 ta=2147483647 level=2 parametersUseForLevel=0,mNr=CellSignalStrengthNr:{ csiRsrp = 2147483647 csiRsrq = 2147483647 csiSinr = 2147483647 ssRsrp = 2147483647 ssRsrq = 2147483647 ssSinr = 2147483647 level = 0 parametersUseForLevel = 0 },primary=CellSignalStrengthLte}
11-20 07:01:35.538 D/WirelessInsightServiceImpl( 1975): Score: 2
11-20 07:01:35.538 D/WirelessInsightServiceImpl( 1975): notifyListeners: listeners = 0, score = 2
11-20 07:01:35.540 W/View    (16444): requestLayout() improperly called by com.facebook.wearable.common.wds.listview.WdsListView{34317ca V.E..V... ........ 0,0-474,474} during second layout pass: posting in next frame
11-20 07:01:35.541 I/WearableConnectivityManager( 2581): LTE Signal strength is: 2
11-20 07:01:35.541 I/WearableConnectivityManager( 2581): Cellular Signal strength is: 2
11-20 07:01:35.834 D/CompatibilityInfo( 1194): mCompatibilityFlags - 4
11-20 07:01:35.834 D/CompatibilityInfo( 1194): applicationDensity - 320
11-20 07:01:35.834 D/CompatibilityInfo( 1194): applicationScale - 1.0
11-20 07:01:35.848 D/ComplicationController( 2581): Stopping complication controller.
11-20 07:01:35.852 D/ComplicationDataManagerImpl( 2581): Fetching complication data for package: com.facebook.wearable.apps.calendar, com.facebook.wearable.apps.calendar.DAY_DATE_COMPLICATION.
11-20 07:01:35.852 D/ComplicationDataManagerImpl( 2581): Fetching complication data for package: com.facebook.wearable.apps.player, com.facebook.wearable.apps.player.SHORTCUT_COMPLICATION.
11-20 07:01:35.852 D/ComplicationDataManagerImpl( 2581): Fetching complication data for package: com.facebook.wearable.apps.gallery, com.facebook.wearable.apps.gallery.SHORTCUT_COMPLICATION.
11-20 07:01:35.853 D/ComplicationDataManagerImpl( 2581): Fetching complication data for package: com.facebook.wearable.apps.heart, com.facebook.wearable.apps.heart.HEART_RATE.
11-20 07:01:35.857 D/CompatibilityInfo( 1194): mCompatibilityFlags - 4
11-20 07:01:35.857 D/CompatibilityInfo( 1194): applicationDensity - 320
11-20 07:01:35.857 D/CompatibilityInfo( 1194): applicationScale - 1.0
11-20 07:01:36.407 D/UIAutomatorStub(17968): URI: /jsonrpc/0, Method: POST, Header: {content-length=192, remote-addr=127.0.0.1, http-client-ip=127.0.0.1, host=localhost:9010, content-type=application/json, accept-encoding=identity}, params, {NanoHttpd.QUERY_STRING=null}, files: {postData={"jsonrpc": "2.0", "method": "waitForExists", "id": "5bcea19ad05738a15545a9b98111a30b", "params": [{"mask": 1, "childOrSibling": [], "childOrSiblingSelector": [], "text": "Notifications"}, 5]}}
11-20 07:01:36.442 D/UIAutomatorStub(17968): URI: /jsonrpc/0, Method: POST, Header: {content-length=191, remote-addr=127.0.0.1, http-client-ip=127.0.0.1, host=localhost:9010, content-type=application/json, accept-encoding=identity}, params, {NanoHttpd.QUERY_STRING=null}, files: {postData={"jsonrpc": "2.0", "method": "waitForExists", "id": "a25dbf08a49505b99cfbe773b1004a9e", "params": [{"mask": 1, "childOrSibling": [], "childOrSiblingSelector": [], "text": "Connectivity"}, 5]}}
11-20 07:01:36.498 D/UIAutomatorStub(17968): URI: /jsonrpc/0, Method: POST, Header: {content-length=180, remote-addr=127.0.0.1, http-client-ip=127.0.0.1, host=localhost:9010, content-type=application/json, accept-encoding=identity}, params, {NanoHttpd.QUERY_STRING=null}, files: {postData={"jsonrpc": "2.0", "method": "click", "id": "3a1f4193132b569d3955f1b495f9a175", "params": [{"mask": 1, "childOrSibling": [], "childOrSiblingSelector": [], "text": "Connectivity"}]}}
11-20 07:01:36.537 E/ANDR-PERF-OPTSHANDLER(  557): Unable to find the correct node storage pointers for                   resource index=16, node path=/proc/sys/kernel/sched_upmigrate
11-20 07:01:36.537 E/ANDR-PERF-RESOURCEQS(  557): Failed to reset optimization [3, 7]
11-20 07:01:36.537 E/ANDR-PERF-OPTSHANDLER(  557): Unable to find the correct node storage pointers for                   resource index=17, node path=/proc/sys/kernel/sched_downmigrate
11-20 07:01:36.537 E/ANDR-PERF-RESOURCEQS(  557): Failed to reset optimization [3, 8]
11-20 07:01:36.537 E/ANDR-PERF-OPTSHANDLER(  557): Perflock resource /sys/module/lpm_levels/parameters/bias_hyst not supported
11-20 07:01:36.537 E/ANDR-PERF-RESOURCEQS(  557): Failed to reset optimization [1, 2]
11-20 07:01:36.537 E/ANDR-PERF-OPTSHANDLER(  557): Perflock resource /proc/sys/kernel/sched_group_upmigrate not supported
11-20 07:01:36.537 E/ANDR-PERF-RESOURCEQS(  557): Failed to reset optimization [3, 21]
11-20 07:01:36.537 E/ANDR-PERF-OPTSHANDLER(  557): Perflock resource /proc/sys/kernel/sched_group_downmigrate not supported
11-20 07:01:36.537 E/ANDR-PERF-RESOURCEQS(  557): Failed to reset optimization [3, 22]
11-20 07:01:36.579 W/StatusBarClientConnection(16444): Messenger is null, ignoring message: { when=-15h14m2s843ms barrier=1 }
11-20 07:01:36.608 E/StatusBarClientConnection(16444): Service connected
11-20 07:01:36.630 W/View    (16444): requestLayout() improperly called by android.view.View{6ffbcfb V.ED..... ......I. 0,368-474,474} during layout: running second layout pass
11-20 07:01:36.649 W/View    (16444): requestLayout() improperly called by com.facebook.wearable.common.wds.listview.WdsListView{d2f2cc9 V.E..V... ........ 0,0-474,474} during second layout pass: posting in next frame
11-20 07:01:37.345 E/ANDR-PERF-OPTSHANDLER(  557): perf_lock_rel: failed for /proc/sys/vm/swap_ratio as previous value is not stored
11-20 07:01:37.345 E/ANDR-PERF-OPTSHANDLER(  557): perf_lock_rel: failed for /sys/class/kgsl/kgsl-3d0/min_pwrlevel as previous value is not stored
11-20 07:01:37.347 E/ANDR-PERF-RESOURCEQS(  557): Failed to reset optimization [3, 0]
11-20 07:01:38.251 W/HWComposer(  577): Ignoring duplicate VSYNC event from HWC for display 0 (t=54844514826578)
11-20 07:01:38.360 E/TaskPersister( 1194): File error accessing recents directory (directory doesn't exist?).
11-20 07:01:39.073 E/QMI_FW  ( 1113): qmi_cci_get_ref: ref count increased 2
11-20 07:01:39.075 E/QMI_FW  ( 1113): qmi_cci_get_ref: ref count increased 2
11-20 07:01:39.084 E/QMI_FW  ( 1113): qmi_cci_get_ref: ref count increased 2
11-20 07:01:39.085 E/QMI_FW  ( 1113): qmi_cci_get_ref: ref count increased 2
11-20 07:01:39.086 E/QMI_FW  ( 1113): qmi_cci_get_ref: ref count increased 2
11-20 07:01:39.087 I/WearableConnectivityManager( 2581): LTE Signal strength is: 2
11-20 07:01:39.087 D/RadioLinkQualityScoreBuilder( 1975): scoreRsrp: 3scoreRsrq: 3scoreRssnr: 3
11-20 07:01:39.087 I/WearableConnectivityManager( 2581): Cellular Signal strength is: 2
11-20 07:01:39.087 D/WirelessInsightServiceImpl( 1975): onSignalStrengthsChanged: SignalStrength = SignalStrength:{mCdma=CellSignalStrengthCdma: cdmaDbm=2147483647 cdmaEcio=2147483647 evdoDbm=2147483647 evdoEcio=2147483647 evdoSnr=2147483647 level=0,mGsm=CellSignalStrengthGsm: rssi=2147483647 ber=2147483647 mTa=2147483647 mLevel=0,mWcdma=CellSignalStrengthWcdma: ss=2147483647 ber=2147483647 rscp=2147483647 ecno=2147483647 level=0,mTdscdma=CellSignalStrengthTdscdma: rssi=2147483647 ber=2147483647 rscp=2147483647 level=0,mLte=CellSignalStrengthLte: rssi=-77 rsrp=-111 rsrq=-12 rssnr=6 cqi=2147483647 ta=2147483647 level=2 parametersUseForLevel=0,mNr=CellSignalStrengthNr:{ csiRsrp = 2147483647 csiRsrq = 2147483647 csiSinr = 2147483647 ssRsrp = 2147483647 ssRsrq = 2147483647 ssSinr = 2147483647 level = 0 parametersUseForLevel = 0 },primary=CellSignalStrengthLte}
11-20 07:01:39.087 D/WirelessInsightServiceImpl( 1975): Score: 3
11-20 07:01:39.087 D/WirelessInsightServiceImpl( 1975): notifyListeners: listeners = 0, score = 3
11-20 07:01:39.602 D/UIAutomatorStub(17968): URI: /jsonrpc/0, Method: POST, Header: {content-length=183, remote-addr=127.0.0.1, http-client-ip=127.0.0.1, host=localhost:9010, content-type=application/json, accept-encoding=identity}, params, {NanoHttpd.QUERY_STRING=null}, files: {postData={"jsonrpc": "2.0", "method": "waitForExists", "id": "0ac0fd81d6c07420c94fb3b41d514727", "params": [{"mask": 1, "childOrSibling": [], "childOrSiblingSelector": [], "text": "WiFi"}, 5]}}
11-20 07:01:39.634 D/UIAutomatorStub(17968): URI: /jsonrpc/0, Method: POST, Header: {content-length=172, remote-addr=127.0.0.1, http-client-ip=127.0.0.1, host=localhost:9010, content-type=application/json, accept-encoding=identity}, params, {NanoHttpd.QUERY_STRING=null}, files: {postData={"jsonrpc": "2.0", "method": "click", "id": "52ffe2a7205fc99616c49dd2f735a066", "params": [{"mask": 1, "childOrSibling": [], "childOrSiblingSelector": [], "text": "WiFi"}]}}
11-20 07:01:39.717 W/StatusBarClientConnection(16444): Messenger is null, ignoring message: { when=-15h14m5s981ms barrier=1 }
11-20 07:01:39.742 D/CompatibilityInfo( 1194): mCompatibilityFlags - 4
11-20 07:01:39.742 D/CompatibilityInfo( 1194): applicationDensity - 320
11-20 07:01:39.742 D/CompatibilityInfo( 1194): applicationScale - 1.0
11-20 07:01:39.750 E/StatusBarClientConnection(16444): Service connected
11-20 07:01:39.753 D/WifiConnector( 2841): Network State Changed
11-20 07:01:39.764 W/View    (16444): requestLayout() improperly called by android.view.View{89b0423 V.ED..... ......I. 0,368-474,474} during layout: running second layout pass
11-20 07:01:39.772 D/WifiSharingService( 2841): Starting Wi-Fi scan
11-20 07:01:39.773 I/WifiService( 1194): startScan uid=1000
11-20 07:01:39.780 W/View    (16444): requestLayout() improperly called by com.facebook.wearable.common.wds.listview.WdsListView{c6d7d66 V.E..V... ........ 0,0-474,474} during second layout pass: posting in next frame
11-20 07:01:39.785 D/WifiNative( 1194): Scan trigered from WifiNative
11-20 07:01:39.786 I/chatty  ( 1024): uid=1021(gps) lowi-server expire 86 lines
11-20 07:01:39.787 V/WifiHAL (  539): event received NL80211_CMD_TRIGGER_SCAN
11-20 07:01:39.871 D/commandrouter( 1117): rtc_sync (1, rtc:sync): <ServiceRequest> FORWARDED (remote -> local) service client ID = 0, token ID = 38248
11-20 07:01:39.872 D/vendor.facebook.rtc_sync@1.0-service( 1129): Request req_ts=1637391699862609872 resp_ts=1637391699872059087
11-20 07:01:39.872 D/commandrouter( 1117): SocServiceHandle::onServiceMessage, SoC Service = rtc_sync, appType = 1, type = SVC_RESP, clientId = 0, token = 38248, payloadLen = 8, result = 0, payload.size() = 8
11-20 07:01:40.339 V/WifiHAL (  539): event received NL80211_CMD_NEW_SCAN_RESULTS
11-20 07:01:40.339 D/WifiNl80211Manager( 1194): Scan result ready event
11-20 07:01:40.339 D/WifiNative( 1194): Scan result ready event
11-20 07:01:40.345 D/LOWI-9.0.0.80( 1024): [LOWI-Scan] 
11-20 07:01:40.345 D/LOWI-9.0.0.80( 1024): [LOWI-Scan] print_bss_handler: Report Probe TSF 54846601939 as it greater than Beacon TSF 54744490934
11-20 07:01:40.345 I/LOWI-9.0.0.80( 1024): [LOWI-Scan] RSN_IE
11-20 07:01:40.345 D/LOWI-9.0.0.80( 1024): [LOWI-Scan] decode_rsn_wpa_ie: Entered
11-20 07:01:40.345 D/LOWI-9.0.0.80( 1024): [LOWIUtils] hexDump: msg(30 14 01 00 00 0f ac 04 01 00 00 0f ac 04 01 00 00 0f ac 02 )
11-20 07:01:40.345 D/LOWI-9.0.0.80( 1024): [LOWI-Scan] decode_rsn_wpa_ie: LOWI_ENCRYPTION_TYPE_WPA_PSK
11-20 07:01:40.345 D/LOWI-9.0.0.80( 1024): [LOWI-Scan] is_qcom_ie, bss_age: 50
11-20 07:01:40.345 D/LOWI-9.0.0.80( 1024): [LOWI-Scan] BSS 2c:57:41:86:7a:61 LOWI_PHY_MODE_11NG_HT20(5), Beacon Interval: 100, LOWI_ENCRYPTION_TYPE_WPA_PSK 11mcRanging: No, ANQP: No, LCI: No, Civic: No, capability(0x1411): ESS Privacy ShortSlotTime
11-20 07:01:40.345 D/LOWI-9.0.0.80( 1024): [LOWI-Scan] BSS 2c:57:41:86:7a:61 FREQ: 2412, cFreq1[40:80:160] = [0:0:0] cFreq2 = 0 Country Code = US
11-20 07:01:40.345 D/LOWI-9.0.0.80( 1024): [LOWI-Scan] BSS 2c:57:41:86:7a:61 (wlan0) ASSO: NO AddInfo: 0x0, TSF 0, 15:14:06.601, RSSI: -156, CPL: 3, AGE: 0,  SSID kittyhawk, TSFDelta: 0x0, TXRate: 0
11-20 07:01:40.345 D/LOWI-9.0.0.80( 1024): [LOWI-Scan] 
11-20 07:01:40.345 D/LOWI-9.0.0.80( 1024): [LOWI-Scan] print_bss_handler: Report Probe TSF 54846601785 as it greater than Beacon TSF 54460344276
11-20 07:01:40.345 I/LOWI-9.0.0.80( 1024): [LOWI-Scan] RSN_IE
11-20 07:01:40.345 D/LOWI-9.0.0.80( 1024): [LOWI-Scan] decode_rsn_wpa_ie: Entered
11-20 07:01:40.346 D/LOWI-9.0.0.80( 1024): [LOWIUtils] hexDump: msg(30 14 01 00 00 0f ac 04 01 00 00 0f ac 04 01 00 00 0f ac 02 )
11-20 07:01:40.346 D/LOWI-9.0.0.80( 1024): [LOWI-Scan] decode_rsn_wpa_ie: LOWI_ENCRYPTION_TYPE_WPA_PSK
11-20 07:01:40.346 D/LOWI-9.0.0.80( 1024): [LOWI-Scan] is_qcom_ie, bss_age: 4
11-20 07:01:40.346 D/LOWI-9.0.0.80( 1024): [LOWI-Scan] BSS 2c:57:41:86:94:a1 LOWI_PHY_MODE_11NG_HT20(5), Beacon Interval: 100, LOWI_ENCRYPTION_TYPE_WPA_PSK 11mcRanging: No, ANQP: No, LCI: No, Civic: No, capability(0x1411): ESS Privacy ShortSlotTime
11-20 07:01:40.346 D/LOWI-9.0.0.80( 1024): [LOWI-Scan] BSS 2c:57:41:86:94:a1 FREQ: 2462, cFreq1[40:80:160] = [0:0:0] cFreq2 = 0 Country Code = US
11-20 07:01:40.346 D/LOWI-9.0.0.80( 1024): [LOWI-Scan] BSS 2c:57:41:86:94:a1 (wlan0) ASSO: NO AddInfo: 0x0, TSF 0, 15:14:06.601, RSSI: -138, CPL: 2, AGE: 0,  SSID kittyhawk, TSFDelta: 0x0, TXRate: 0
11-20 07:01:40.351 D/WificondScannerImpl( 1194): Filtering out 1 scan results.
11-20 07:01:40.354 D/LOWI-9.0.0.80( 1024): [LOWI-Scan] 
11-20 07:01:40.354 D/LOWI-9.0.0.80( 1024): [LOWI-Scan] print_bss_handler: Report Probe TSF 54846601803 as it greater than Beacon TSF 54379295523
11-20 07:01:40.354 I/LOWI-9.0.0.80( 1024): [LOWI-Scan] RSN_IE
11-20 07:01:40.354 D/LOWI-9.0.0.80( 1024): [LOWI-Scan] decode_rsn_wpa_ie: Entered
11-20 07:01:40.355 D/LOWI-9.0.0.80( 1024): [LOWIUtils] hexDump: msg(30 14 01 00 00 0f ac 04 01 00 00 0f ac 04 01 00 00 0f ac 02 )
11-20 07:01:40.355 D/LOWI-9.0.0.80( 1024): [LOWI-Scan] decode_rsn_wpa_ie: LOWI_ENCRYPTION_TYPE_WPA_PSK
11-20 07:01:40.355 D/LOWI-9.0.0.80( 1024): [LOWI-Scan] is_qcom_ie, bss_age: 4
11-20 07:01:40.355 D/LOWI-9.0.0.80( 1024): [LOWI-Scan] BSS 2c:57:41:86:90:a1 LOWI_PHY_MODE_11NG_HT20(5), Beacon Interval: 100, LOWI_ENCRYPTION_TYPE_WPA_PSK 11mcRanging: No, ANQP: No, LCI: No, Civic: No, capability(0x1411): ESS Privacy ShortSlotTime
11-20 07:01:40.355 D/LOWI-9.0.0.80( 1024): [LOWI-Scan] BSS 2c:57:41:86:90:a1 FREQ: 2462, cFreq1[40:80:160] = [0:0:0] cFreq2 = 0 Country Code = US
11-20 07:01:40.355 D/LOWI-9.0.0.80( 1024): [LOWI-Scan] BSS 2c:57:41:86:90:a1 (wlan0) ASSO: NO AddInfo: 0x0, TSF 0, 15:14:06.601, RSSI: -140, CPL: 2, AGE: 0,  SSID kittyhawk, TSFDelta: 0x0, TXRate: 0
11-20 07:01:40.355 D/LOWI-9.0.0.80( 1024): [LOWI-Scan] 
11-20 07:01:40.355 D/LOWI-9.0.0.80( 1024): [LOWI-Scan] print_bss_handler: Report Probe TSF 54846601858 as it greater than Beacon TSF 54818193482
11-20 07:01:40.356 I/LOWI-9.0.0.80( 1024): [LOWI-Scan] RSN_IE
11-20 07:01:40.356 D/LOWI-9.0.0.80( 1024): [LOWI-Scan] decode_rsn_wpa_ie: Entered
11-20 07:01:40.356 D/LOWI-9.0.0.80( 1024): [LOWIUtils] hexDump: msg(30 14 01 00 00 0f ac 04 01 00 00 0f ac 04 01 00 00 0f ac 02 )
11-20 07:01:40.356 D/LOWI-9.0.0.80( 1024): [LOWI-Scan] decode_rsn_wpa_ie: LOWI_ENCRYPTION_TYPE_WPA_PSK
11-20 07:01:40.356 D/LOWI-9.0.0.80( 1024): [LOWI-Scan] is_qcom_ie, bss_age: 49
11-20 07:01:40.356 D/LOWI-9.0.0.80( 1024): [LOWI-Scan] BSS 2c:57:41:88:72:e1 LOWI_PHY_MODE_11NG_HT20(5), Beacon Interval: 100, LOWI_ENCRYPTION_TYPE_WPA_PSK 11mcRanging: No, ANQP: No, LCI: No, Civic: No, capability(0x1411): ESS Privacy ShortSlotTime
11-20 07:01:40.356 D/LOWI-9.0.0.80( 1024): [LOWI-Scan] BSS 2c:57:41:88:72:e1 FREQ: 2412, cFreq1[40:80:160] = [0:0:0] cFreq2 = 0 Country Code = US
11-20 07:01:40.356 D/LOWI-9.0.0.80( 1024): [LOWI-Scan] BSS 2c:57:41:88:72:e1 (wlan0) ASSO: NO AddInfo: 0x0, TSF 0, 15:14:06.601, RSSI: -148, CPL: 3, AGE: 0,  SSID kittyhawk, TSFDelta: 0x0, TXRate: 0
11-20 07:01:40.357 D/LOWI-9.0.0.80( 1024): [LOWI-Scan] 
11-20 07:01:40.357 D/LOWI-9.0.0.80( 1024): [LOWI-Scan] print_bss_handler: Report beacon TSF 54846601918 as it greater than probe TSF 54818193525
11-20 07:01:40.357 I/LOWI-9.0.0.80( 1024): [LOWI-Scan] RSN_IE
11-20 07:01:40.357 D/LOWI-9.0.0.80( 1024): [LOWI-Scan] decode_rsn_wpa_ie: Entered
11-20 07:01:40.357 D/LOWI-9.0.0.80( 1024): [LOWIUtils] hexDump: msg(30 14 01 00 00 0f ac 04 01 00 00 0f ac 04 01 00 00 0f ac 02 )
11-20 07:01:40.357 D/LOWI-9.0.0.80( 1024): [LOWI-Scan] decode_rsn_wpa_ie: LOWI_ENCRYPTION_TYPE_WPA_PSK
11-20 07:01:40.357 D/LOWI-9.0.0.80( 1024): [LOWI-Scan] is_qcom_ie, bss_age: 29
11-20 07:01:40.357 D/LOWI-9.0.0.80( 1024): [LOWI-Scan] BSS 2c:57:41:89:63:c1 LOWI_PHY_MODE_11NG_HT20(5), Beacon Interval: 100, LOWI_ENCRYPTION_TYPE_WPA_PSK 11mcRanging: No, ANQP: No, LCI: No, Civic: No, capability(0x1411): ESS Privacy ShortSlotTime
11-20 07:01:40.357 D/LOWI-9.0.0.80( 1024): [LOWI-Scan] BSS 2c:57:41:89:63:c1 FREQ: 2437, cFreq1[40:80:160] = [0:0:0] cFreq2 = 0 Country Code = US
11-20 07:01:40.357 D/LOWI-9.0.0.80( 1024): [LOWI-Scan] BSS 2c:57:41:89:63:c1 (wlan0) ASSO: NO AddInfo: 0x1, TSF 0, 15:14:06.601, RSSI: -158, CPL: 2, AGE: 0,  SSID kittyhawk, TSFDelta: 0x0, TXRate: 0
11-20 07:01:40.358 D/LOWI-9.0.0.80( 1024): [LOWI-Scan] 
11-20 07:01:40.358 D/LOWI-9.0.0.80( 1024): [LOWI-Scan] print_bss_handler: Report Probe TSF 54846601687 as it greater than Beacon TSF 54640560957
11-20 07:01:40.358 I/LOWI-9.0.0.80( 1024): [LOWI-Scan] RSN_IE
11-20 07:01:40.358 D/LOWI-9.0.0.80( 1024): [LOWI-Scan] decode_rsn_wpa_ie: Entered
11-20 07:01:40.358 D/LOWI-9.0.0.80( 1024): [LOWIUtils] hexDump: msg(30 14 01 00 00 0f ac 04 01 00 00 0f ac 04 01 00 00 0f ac 02 )
11-20 07:01:40.358 D/LOWI-9.0.0.80( 1024): [LOWI-Scan] decode_rsn_wpa_ie: LOWI_ENCRYPTION_TYPE_WPA_PSK
11-20 07:01:40.358 D/LOWI-9.0.0.80( 1024): [LOWI-Scan] is_qcom_ie, bss_age: 43
11-20 07:01:40.358 D/LOWI-9.0.0.80( 1024): [LOWI-Scan] BSS 52:b8:14:37:74:3f LOWI_PHY_MODE_11AC_VHT20_2G(11), Beacon Interval: 100, LOWI_ENCRYPTION_TYPE_WPA_PSK 11mcRanging: No, ANQP: No, LCI: No, Civic: No, capability(0x1431): ESS Privacy ShortPreamble ShortSlotTime
11-20 07:01:40.358 D/LOWI-9.0.0.80( 1024): [LOWI-Scan] BSS 52:b8:14:37:74:3f FREQ: 2417, cFreq1[40:80:160] = [0:0:0] cFreq2 = 0 Country Code =    
11-20 07:01:40.358 D/LOWI-9.0.0.80( 1024): [LOWI-Scan] BSS 52:b8:14:37:74:3f (wlan0) ASSO: NO AddInfo: 0x0, TSF 0, 15:14:06.601, RSSI: -104, CPL: 127, AGE: 0,  SSID Pixel_8668, TSFDelta: 0x0, TXRate: 0
11-20 07:01:40.358 D/LOWI-9.0.0.80( 1024): [LOWI-Scan] 
11-20 07:01:40.359 D/LOWI-9.0.0.80( 1024): [LOWI-Scan] print_bss_handler: Report Probe TSF 54846601897 as it greater than Beacon TSF 54586061747
11-20 07:01:40.359 I/LOWI-9.0.0.80( 1024): [LOWI-Scan] RSN_IE
11-20 07:01:40.359 D/LOWI-9.0.0.80( 1024): [LOWI-Scan] decode_rsn_wpa_ie: Entered
11-20 07:01:40.359 D/LOWI-9.0.0.80( 1024): [LOWIUtils] hexDump: msg(30 14 01 00 00 0f ac 04 01 00 00 0f ac 04 01 00 00 0f ac 02 )
11-20 07:01:40.359 D/LOWI-9.0.0.80( 1024): [LOWI-Scan] decode_rsn_wpa_ie: LOWI_ENCRYPTION_TYPE_WPA_PSK
11-20 07:01:40.359 D/LOWI-9.0.0.80( 1024): [LOWI-Scan] is_qcom_ie, bss_age: 49
11-20 07:01:40.359 D/LOWI-9.0.0.80( 1024): [LOWI-Scan] BSS 2c:57:41:89:53:21 LOWI_PHY_MODE_11NG_HT20(5), Beacon Interval: 100, LOWI_ENCRYPTION_TYPE_WPA_PSK 11mcRanging: No, ANQP: No, LCI: No, Civic: No, capability(0x1411): ESS Privacy ShortSlotTime
11-20 07:01:40.359 D/LOWI-9.0.0.80( 1024): [LOWI-Scan] BSS 2c:57:41:89:53:21 FREQ: 2412, cFreq1[40:80:160] = [0:0:0] cFreq2 = 0 Country Code = US
11-20 07:01:40.359 D/LOWI-9.0.0.80( 1024): [LOWI-Scan] BSS 2c:57:41:89:53:21 (wlan0) ASSO: NO AddInfo: 0x0, TSF 0, 15:14:06.601, RSSI: -160, CPL: 3, AGE: 0,  SSID kittyhawk, TSFDelta: 0x0, TXRate: 0
11-20 07:01:40.359 D/LOWI-9.0.0.80( 1024): [LOWI-Scan] 
11-20 07:01:40.359 D/LOWI-9.0.0.80( 1024): [LOWI-Scan] print_bss_handler: Report Probe TSF 54846601651 as it greater than Beacon TSF 54767872491
11-20 07:01:40.359 I/LOWI-9.0.0.80( 1024): [LOWI-Scan] RSN_IE
11-20 07:01:40.359 D/LOWI-9.0.0.80( 1024): [LOWI-Scan] decode_rsn_wpa_ie: Entered
11-20 07:01:40.360 D/LOWI-9.0.0.80( 1024): [LOWIUtils] hexDump: msg(30 14 01 00 00 0f ac 04 01 00 00 0f ac 04 01 00 00 0f ac 02 )
11-20 07:01:40.360 D/LOWI-9.0.0.80( 1024): [LOWI-Scan] decode_rsn_wpa_ie: LOWI_ENCRYPTION_TYPE_WPA_PSK
11-20 07:01:40.360 D/LOWI-9.0.0.80( 1024): [LOWI-Scan] is_qcom_ie, bss_age: 26
11-20 07:01:40.360 D/LOWI-9.0.0.80( 1024): [LOWI-Scan] BSS ce:dc:12:3b:87:fd LOWI_PHY_MODE_11AC_VHT20_2G(11), Beacon Interval: 100, LOWI_ENCRYPTION_TYPE_WPA_PSK 11mcRanging: No, ANQP: Yes, LCI: No, Civic: No, capability(0x1431): ESS Privacy ShortPreamble ShortSlotTime
11-20 07:01:40.360 D/LOWI-9.0.0.80( 1024): [LOWI-Scan] BSS ce:dc:12:3b:87:fd FREQ: 2437, cFreq1[40:80:160] = [0:0:0] cFreq2 = 0 Country Code =    
11-20 07:01:40.360 D/LOWI-9.0.0.80( 1024): [LOWI-Scan] BSS ce:dc:12:3b:87:fd (wlan0) ASSO: NO AddInfo: 0x0, TSF 0, 15:14:06.601, RSSI: -104, CPL: 127, AGE: 0,  SSID Pixel5_R1, TSFDelta: 0x0, TXRate: 0
11-20 07:01:40.360 D/PasspointManager( 1194): ANQP entry not found for: c6:82:9b:4e:b3:9e:<Pixel_R6>
11-20 07:01:40.360 D/PasspointManager( 1194): ANQP entry not found for: 5e:6e:be:46:77:d7:<Pixel_R3>
11-20 07:01:40.360 D/LOWI-9.0.0.80( 1024): [LOWI-Scan] 
11-20 07:01:40.360 D/PasspointManager( 1194): ANQP entry not found for: 12:d7:96:61:85:9f:<Pixel_R5>
11-20 07:01:40.360 D/LOWI-9.0.0.80( 1024): [LOWI-Scan] print_bss_handler: Report Probe TSF 54846601840 as it greater than Beacon TSF 0
11-20 07:01:40.360 I/LOWI-9.0.0.80( 1024): [LOWI-Scan] RSN_IE
11-20 07:01:40.360 D/LOWI-9.0.0.80( 1024): [LOWI-Scan] decode_rsn_wpa_ie: Entered
11-20 07:01:40.360 D/LOWI-9.0.0.80( 1024): [LOWIUtils] hexDump: msg(30 14 01 00 00 0f ac 04 01 00 00 0f ac 04 01 00 00 0f ac 02 )
11-20 07:01:40.360 D/LOWI-9.0.0.80( 1024): [LOWI-Scan] decode_rsn_wpa_ie: LOWI_ENCRYPTION_TYPE_WPA_PSK
11-20 07:01:40.360 D/PasspointManager( 1194): ANQP entry not found for: fe:2d:5a:49:61:eb:<Pixel_R2>
11-20 07:01:40.360 D/LOWI-9.0.0.80( 1024): [LOWI-Scan] is_qcom_ie, bss_age: 48
11-20 07:01:40.361 D/LOWI-9.0.0.80( 1024): [LOWI-Scan] BSS 18:64:72:60:2b:40 LOWI_PHY_MODE_11NG_HT20(5), Beacon Interval: 100, LOWI_ENCRYPTION_TYPE_WPA_PSK 11mcRanging: No, ANQP: No, LCI: No, Civic: No, capability(0x0431): ESS Privacy ShortPreamble ShortSlotTime
11-20 07:01:40.361 D/LOWI-9.0.0.80( 1024): [LOWI-Scan] BSS 18:64:72:60:2b:40 FREQ: 2412, cFreq1[40:80:160] = [0:0:0] cFreq2 = 0 Country Code =    
11-20 07:01:40.361 D/LOWI-9.0.0.80( 1024): [LOWI-Scan] BSS 18:64:72:60:2b:40 (wlan0) ASSO: NO AddInfo: 0x0, TSF 0, 15:14:06.601, RSSI: -142, CPL: 127, AGE: 0,  SSID lab-t24103779, TSFDelta: 0x0, TXRate: 0
11-20 07:01:40.361 D/PasspointManager( 1194): ANQP entry not found for: ce:dc:12:3b:87:fd:<Pixel5_R1>
11-20 07:01:40.361 D/LOWI-9.0.0.80( 1024): [LOWI-Scan] 
11-20 07:01:40.361 D/LOWI-9.0.0.80( 1024): [LOWI-Scan] print_bss_handler: Report Probe TSF 54846601961 as it greater than Beacon TSF 0
11-20 07:01:40.361 I/LOWI-9.0.0.80( 1024): [LOWI-Scan] RSN_IE
11-20 07:01:40.361 D/LOWI-9.0.0.80( 1024): [LOWI-Scan] decode_rsn_wpa_ie: Entered
11-20 07:01:40.361 D/LOWI-9.0.0.80( 1024): [LOWIUtils] hexDump: msg(30 14 01 00 00 0f ac 04 01 00 00 0f ac 04 01 00 00 0f ac 02 )
11-20 07:01:40.361 D/LOWI-9.0.0.80( 1024): [LOWI-Scan] decode_rsn_wpa_ie: LOWI_ENCRYPTION_TYPE_WPA_PSK
11-20 07:01:40.361 D/LOWI-9.0.0.80( 1024): [LOWI-Scan] is_qcom_ie, bss_age: 6
11-20 07:01:40.361 D/LOWI-9.0.0.80( 1024): [LOWI-Scan] BSS 18:64:72:60:2e:e0 LOWI_PHY_MODE_11NG_HT20(5), Beacon Interval: 100, LOWI_ENCRYPTION_TYPE_WPA_PSK 11mcRanging: No, ANQP: No, LCI: No, Civic: No, capability(0x0431): ESS Privacy ShortPreamble ShortSlotTime
11-20 07:01:40.361 D/LOWI-9.0.0.80( 1024): [LOWI-Scan] BSS 18:64:72:60:2e:e0 FREQ: 2462, cFreq1[40:80:160] = [0:0:0] cFreq2 = 0 Country Code =    
11-20 07:01:40.361 D/LOWI-9.0.0.80( 1024): [LOWI-Scan] BSS 18:64:72:60:2e:e0 (wlan0) ASSO: NO AddInfo: 0x0, TSF 0, 15:14:06.601, RSSI: -162, CPL: 127, AGE: 0,  SSID lab-t24103779, TSFDelta: 0x0, TXRate: 0
11-20 07:01:40.362 D/LOWI-9.0.0.80( 1024): [LOWI-Scan] 
11-20 07:01:40.362 D/LOWI-9.0.0.80( 1024): [LOWI-Scan] print_bss_handler: Report Probe TSF 54818193584 as it greater than Beacon TSF 0
11-20 07:01:40.362 I/LOWI-9.0.0.80( 1024): [LOWI-Scan] RSN_IE
11-20 07:01:40.362 D/LOWI-9.0.0.80( 1024): [LOWI-Scan] decode_rsn_wpa_ie: Entered
11-20 07:01:40.362 D/LOWI-9.0.0.80( 1024): [LOWIUtils] hexDump: msg(30 14 01 00 00 0f ac 04 01 00 00 0f ac 04 01 00 00 0f ac 02 )
11-20 07:01:40.362 D/LOWI-9.0.0.80( 1024): [LOWI-Scan] decode_rsn_wpa_ie: LOWI_ENCRYPTION_TYPE_WPA_PSK
11-20 07:01:40.362 D/LOWI-9.0.0.80( 1024): [LOWI-Scan] is_qcom_ie, bss_age: 59
11-20 07:01:40.362 D/LOWI-9.0.0.80( 1024): [LOWI-Scan] adjust_age:AP AGE upper limit reached. Dont store
11-20 07:01:40.362 D/LOWI-9.0.0.80( 1024): [LOWI-Scan] BSS 2c:57:41:89:62:a1 LOWI_PHY_MODE_11NG_HT20(5), Beacon Interval: 100, LOWI_ENCRYPTION_TYPE_WPA_PSK 11mcRanging: No, ANQP: No, LCI: No, Civic: No, capability(0x1411): ESS Privacy ShortSlotTime
11-20 07:01:40.362 D/LOWI-9.0.0.80( 1024): [LOWI-Scan] BSS 2c:57:41:89:62:a1 FREQ: 2412, cFreq1[40:80:160] = [0:0:0] cFreq2 = 0 Country Code = US
11-20 07:01:40.362 D/LOWI-9.0.0.80( 1024): [LOWI-Scan] BSS 2c:57:41:89:62:a1 (wlan0) ASSO: NO AddInfo: 0x0, TSF 0, 15:13:38.193, RSSI: -168, CPL: 3, AGE: 28410,  SSID kittyhawk, TSFDelta: 0x0, TXRate: 0
11-20 07:01:40.363 D/LOWI-9.0.0.80( 1024): [LOWI-Scan] 
11-20 07:01:40.363 D/LOWI-9.0.0.80( 1024): [LOWI-Scan] print_bss_handler: Report Probe TSF 54846601876 as it greater than Beacon TSF 0
11-20 07:01:40.363 I/LOWI-9.0.0.80( 1024): [LOWI-Scan] RSN_IE
11-20 07:01:40.363 D/LOWI-9.0.0.80( 1024): [LOWI-Scan] decode_rsn_wpa_ie: Entered
11-20 07:01:40.363 D/LOWI-9.0.0.80( 1024): [LOWIUtils] hexDump: msg(30 14 01 00 00 0f ac 04 01 00 00 0f ac 04 01 00 00 0f ac 02 )
11-20 07:01:40.363 D/LOWI-9.0.0.80( 1024): [LOWI-Scan] decode_rsn_wpa_ie: LOWI_ENCRYPTION_TYPE_WPA_PSK
11-20 07:01:40.363 D/LOWI-9.0.0.80( 1024): [LOWI-Scan] is_qcom_ie, bss_age: 6
11-20 07:01:40.363 D/LOWI-9.0.0.80( 1024): [LOWI-Scan] BSS 2c:57:41:86:85:21 LOWI_PHY_MODE_11NG_HT20(5), Beacon Interval: 100, LOWI_ENCRYPTION_TYPE_WPA_PSK 11mcRanging: No, ANQP: No, LCI: No, Civic: No, capability(0x1411): ESS Privacy ShortSlotTime
11-20 07:01:40.363 D/LOWI-9.0.0.80( 1024): [LOWI-Scan] BSS 2c:57:41:86:85:21 FREQ: 2462, cFreq1[40:80:160] = [0:0:0] cFreq2 = 0 Country Code = US
11-20 07:01:40.363 D/LOWI-9.0.0.80( 1024): [LOWI-Scan] BSS 2c:57:41:86:85:21 (wlan0) ASSO: NO AddInfo: 0x0, TSF 0, 15:14:06.601, RSSI: -158, CPL: 2, AGE: 0,  SSID kittyhawk, TSFDelta: 0x0, TXRate: 0
11-20 07:01:40.363 D/LOWI-9.0.0.80( 1024): [LOWIDiagLog] Log: lowiMeasResult->request: invalid null argument
11-20 07:01:40.363 I/LOWI-9.0.0.80( 1024): [LOWI-Scan] lowi_close_record:Scan done in 54802846ms, 20 APs in scan results
11-20 07:01:40.363 D/LOWI-9.0.0.80( 1024): [LOWI-Scan] WipsScanUsingNL: passive scan cached 0, took 8942 ms, err 0
11-20 07:01:40.364 D/LOWI-9.0.0.80( 1024): [LOWI-Scan] lowi_proc_req_passive_scan_with_live_meas - No WLAN Frames to be parsed
11-20 07:01:40.364 D/LOWI-9.0.0.80( 1024): [LOWIScanResultReceiver] Send scan meas to listener
11-20 07:01:40.364 D/LOWI-9.0.0.80( 1024): [LOWIScanResultReceiver] Enter passive listening mode
11-20 07:01:40.364 D/LOWI-9.0.0.80( 1024): [LOWIWifiDriverInterface] getMeasurements - Passive listening mode
11-20 07:01:40.364 D/LOWI-9.0.0.80( 1024): [LOWI-Scan] WipsScanUsingNL:wait -1 sec for netlink message
11-20 07:01:40.364 D/LOWI-9.0.0.80( 1024): [LOWIEventReceiver] handleEvent:FROM:NA, TO:NA, REQ:NA, IREQ:NA, REQ_ID:0, RESP:NA, INFO:NA
11-20 07:01:40.364 D/LOWI-9.0.0.80( 1024): [LOWIBackgroundScanMgr] isRspForBgScanMgr: evt(LOWI_NO_EVT) - not handled
11-20 07:01:40.364 D/LOWI-9.0.0.80( 1024): [LOWIScheduler] manageMsg: NULL results or NULL request in results
11-20 07:01:40.364 D/LOWI-9.0.0.80( 1024): [LOWIController] Measurements received
11-20 07:01:40.364 D/LOWI-9.0.0.80( 1024): [LOWICacheManager] putInCache:Num of Meas to add: 20
11-20 07:01:40.365 D/LOWI-9.0.0.80( 1024): [LOWIController] processMeasurementResults: No current Request. Cache measurements
11-20 07:01:40.366 D/LOWI-9.0.0.80( 1024): [LOWIControllerExtn] sendLOWILpDiscoveryScanResponse: Not a discovery scan response
11-20 07:01:40.410 D/WifiSharingService( 2841): Sending scanResults intent with status code 0: PendingIntent{d7ce46f: android.os.BinderProxy@cb629ec}
11-20 07:01:40.417 D/CompatibilityInfo( 1194): mCompatibilityFlags - 4
11-20 07:01:40.418 D/CompatibilityInfo( 1194): applicationDensity - 320
11-20 07:01:40.418 D/CompatibilityInfo( 1194): applicationScale - 1.0
11-20 07:01:41.377 W/HWComposer(  577): Ignoring duplicate VSYNC event from HWC for display 0 (t=54847640728087)
11-20 07:01:41.394 W/HWComposer(  577): Ignoring duplicate VSYNC event from HWC for display 0 (t=54847657638712)
11-20 07:01:41.428 W/HWComposer(  577): Ignoring duplicate VSYNC event from HWC for display 0 (t=54847691426160)
11-20 07:01:41.445 W/HWComposer(  577): Ignoring duplicate VSYNC event from HWC for display 0 (t=54847708363035)
11-20 07:01:41.462 W/HWComposer(  577): Ignoring duplicate VSYNC event from HWC for display 0 (t=54847725181576)
11-20 07:01:42.753 D/UIAutomatorStub(17968): URI: /jsonrpc/0, Method: POST, Header: {content-length=229, remote-addr=127.0.0.1, http-client-ip=127.0.0.1, host=localhost:9010, content-type=application/json, accept-encoding=identity}, params, {NanoHttpd.QUERY_STRING=null}, files: {postData={"jsonrpc": "2.0", "method": "objInfo", "id": "e81a26bf083049c2e82a5c8434a69e26", "params": [{"mask": 2097152, "childOrSibling": [], "childOrSiblingSelector": [], "resourceId": "com.facebook.wearable.system.settings:id/toggle"}]}}
11-20 07:01:42.836 D/UIAutomatorStub(17968): URI: /jsonrpc/0, Method: POST, Header: {content-length=227, remote-addr=127.0.0.1, http-client-ip=127.0.0.1, host=localhost:9010, content-type=application/json, accept-encoding=identity}, params, {NanoHttpd.QUERY_STRING=null}, files: {postData={"jsonrpc": "2.0", "method": "click", "id": "68651edb29c2177d888bbfa4174b695c", "params": [{"mask": 2097152, "childOrSibling": [], "childOrSiblingSelector": [], "resourceId": "com.facebook.wearable.system.settings:id/toggle"}]}}
11-20 07:01:42.894 D/WifiSharingService( 2841): Setting Wi-Fi enabled state
11-20 07:01:42.895 I/WifiService( 1194): setWifiEnabled package=com.facebook.wearable.system.connectivity uid=1000 enable=false
11-20 07:01:42.897 D/WifiActiveModeWarden( 1194): Switching all client mode managers
11-20 07:01:42.899 D/QCNEJ/WlanStaInfoRelay( 1900): onChange for uri = content://settings/global/wifi_on
11-20 07:01:42.902 E/QMI_FW  (  927): qmi_cci_get_ref: ref count increased 2
11-20 07:01:42.907 D/WifiP2pService( 1194): Wifi enabled=false, P2P Interface availability=true
11-20 07:01:42.909 D/WifiP2pNative( 1194): Teardown P2P interface
11-20 07:01:42.911 W/ContextImpl( 1194): Calling a method in the system process without a qualified user: android.app.ContextImpl.sendBroadcastMultiplePermissions:1143 android.content.Context.sendBroadcastWithMultiplePermissions:2150 com.android.server.display.WifiDisplayAdapter.handleSendStatusChangeBroadcast:440 com.android.server.display.WifiDisplayAdapter.access$1700:63 com.android.server.display.WifiDisplayAdapter$WifiDisplayHandler.handleMessage:675 
11-20 07:01:42.915 D/WifiP2pService( 1194): Wifi enabled=false, P2P Interface availability=true
11-20 07:01:42.926 D/WifiClientModeManager1( 1194): IMS not registered over IWLAN for subId: 1
11-20 07:01:42.926 D/WifiClientModeManager1( 1194): The target role 5
11-20 07:01:42.943 I/wpa_supplicant(29369): p2p0: Do not deauthenticate as part of interface deinit since WoWLAN is enabled
11-20 07:01:42.991 E/wpa_supplicant(29369): eap_proxy: pthread_join on eap_proxy=0x10a0fa8
11-20 07:01:42.991 E/wpa_supplicant(29369): eap_proxy: session not started for client = 1
11-20 07:01:42.991 E/QMI_FW  (29369): qmi_cci_get_ref: ref count increased 2
11-20 07:01:42.991 E/QMI_FW  (29369): qmi_cci_get_ref: ref count increased 2
11-20 07:01:42.993 E/wpa_supplicant(29369): eap_proxy: Released QMI UIM service client
11-20 07:01:42.993 E/QMI_FW  (29369): qmi_cci_get_ref: ref count increased 2
11-20 07:01:42.993 E/QMI_FW  (29369): qmi_cci_get_ref: ref count increased 2
11-20 07:01:42.997 E/wpa_supplicant(29369): eap_proxy: Released QMI EAP service client
11-20 07:01:42.997 E/wpa_supplicant(29369): eap_proxy: session not started for client = 2
11-20 07:01:42.997 E/QMI_FW  (29369): qmi_cci_get_ref: ref count increased 2
11-20 07:01:42.998 E/QMI_FW  (29369): qmi_cci_get_ref: ref count increased 2
11-20 07:01:42.998 E/wpa_supplicant(29369): eap_proxy: Released QMI UIM service client
11-20 07:01:42.998 E/QMI_FW  (29369): qmi_cci_get_ref: ref count increased 2
11-20 07:01:42.998 E/QMI_FW  (29369): qmi_cci_get_ref: ref count increased 2
11-20 07:01:42.998 E/wpa_supplicant(29369): eap_proxy: Released QMI EAP service client
11-20 07:01:42.998 I/wpa_supplicant(29369): eap_proxy: eap_proxy Deinitialzed
11-20 07:01:43.063 I/wpa_supplicant(29369): nl80211: deinit ifname=p2p0 disabled_11b_rates=0
11-20 07:01:43.118 D/LOWI-9.0.0.80( 1024): [LOWINetlinkSocketReceiver] unpackRTMLinkMessage: RTM_NEWLINK - ifname p2p0, flags 0x1003 ([UP])
11-20 07:01:43.146 D/LOWI-9.0.0.80( 1024): [LOWINetlinkSocketReceiver] unpackRTMLinkMessage: RTM_NEWLINK - ifname p2p0, flags 0x1002 ()
11-20 07:01:43.151 D/LOWI-9.0.0.80( 1024): [LOWINetlinkSocketReceiver] unpackRTMLinkMessage: RTM_NEWLINK - ifname p2p0, flags 0x1002 ()
11-20 07:01:43.161 I/wpa_supplicant(29369): Try to unregister vendor p2 interface
11-20 07:01:43.177 I/WifiP2pNative( 1194): P2P interface teardown completed
11-20 07:01:43.177 D/WifiP2pNative( 1194): P2P InterfaceDestroyedListener p2p0
11-20 07:01:43.177 D/WifiP2pNative( 1194): Ignoring stale interface destroyed listener
11-20 07:01:43.178 D/WifiP2pNative( 1194): P2P InterfaceAvailableListener true
11-20 07:01:43.178 D/WifiP2pService( 1194): Wifi enabled=false, P2P Interface availability=true
11-20 07:01:43.179 I/android_os_HwBinder( 1194): HwBinder: Starting thread pool for getting: android.hardware.wifi.supplicant@1.0::ISupplicant/default
11-20 07:01:43.181 I/wpa_supplicant(29369): wlan0: Do not deauthenticate as part of interface deinit since WoWLAN is enabled
11-20 07:01:43.217 I/wpa_supplicant(29369): Try to unregister vendor STA network
11-20 07:01:43.223 E/wpa_supplicant(29369): eap_proxy: pthread_join on eap_proxy=0x10a0eac
11-20 07:01:43.223 E/wpa_supplicant(29369): eap_proxy: session not started for client = 1
11-20 07:01:43.223 E/QMI_FW  (29369): qmi_cci_get_ref: ref count increased 2
11-20 07:01:43.223 E/QMI_FW  (29369): qmi_cci_get_ref: ref count increased 2
11-20 07:01:43.226 E/wpa_supplicant(29369): eap_proxy: Released QMI UIM service client
11-20 07:01:43.226 E/QMI_FW  (29369): qmi_cci_get_ref: ref count increased 2
11-20 07:01:43.226 E/QMI_FW  (29369): qmi_cci_get_ref: ref count increased 2
11-20 07:01:43.229 E/wpa_supplicant(29369): eap_proxy: Released QMI EAP service client
11-20 07:01:43.229 E/wpa_supplicant(29369): eap_proxy: session not started for client = 2
11-20 07:01:43.229 E/QMI_FW  (29369): qmi_cci_get_ref: ref count increased 2
11-20 07:01:43.229 E/QMI_FW  (29369): qmi_cci_get_ref: ref count increased 2
11-20 07:01:43.231 E/wpa_supplicant(29369): eap_proxy: Released QMI UIM service client
11-20 07:01:43.232 E/QMI_FW  (29369): qmi_cci_get_ref: ref count increased 2
11-20 07:01:43.232 E/QMI_FW  (29369): qmi_cci_get_ref: ref count increased 2
11-20 07:01:43.235 E/wpa_supplicant(29369): eap_proxy: Released QMI EAP service client
11-20 07:01:43.235 I/wpa_supplicant(29369): eap_proxy: eap_proxy Deinitialzed
11-20 07:01:43.298 I/wpa_supplicant(29369): nl80211: deinit ifname=wlan0 disabled_11b_rates=0
11-20 07:01:43.337 D/LOWI-9.0.0.80( 1024): [LOWINetlinkSocketReceiver] unpackRTMLinkMessage: RTM_NEWLINK - ifname wlan0, flags 0x11043 ([UP][RUNNING])
11-20 07:01:43.338 D/LOWI-9.0.0.80( 1024): [LOWINetlinkSocketReceiver] processNetlinkPacket: ifname(wlan0) status(2)
11-20 07:01:43.338 D/LOWI-9.0.0.80( 1024): [LOWIController] intfStateReceived: ifname(wlan0) state(2)
11-20 07:01:43.338 D/LOWI-9.0.0.80( 1024): [LOWIEventReceiver] handleEvent:FROM:NA, TO:NA, REQ:NA, IREQ:NA, REQ_ID:0, RESP:NA, INFO:INTF-STATUS-UPDATE
11-20 07:01:43.338 D/LOWI-9.0.0.80( 1024): [LOWIEventReceiver] Info to [INTF-STATUS-UPDATE]
11-20 07:01:43.338 D/LOWI-9.0.0.80( 1024): [LOWIController] updateIntfState: WIFI enabled 2 mNlWifiStatus 2 mWifiStateEnabled 1
11-20 07:01:43.338 D/LOWI-9.0.0.80( 1024): [LOWIController] isWifiEnabled: mNlWifiStatus 2 mWifiStateEnabled 1
11-20 07:01:43.339 I/wpa_supplicant(29369): Try to unregister vendor interface
11-20 07:01:43.342 I/SupplicantStaIfaceHal( 1194): Terminating supplicant using HIDL
11-20 07:01:43.344 I/android_os_HwBinder( 1194): HwBinder: Starting thread pool for getting: android.hardware.wifi.supplicant@1.0::ISupplicant/default
11-20 07:01:43.349 I/wpa_supplicant(29369): Terminating...
11-20 07:01:43.351 D/LOWI-9.0.0.80( 1024): [LOWINetlinkSocketReceiver] unpackRTMLinkMessage: RTM_NEWLINK - ifname wlan0, flags 0x1003 ([UP])
11-20 07:01:43.351 D/LOWI-9.0.0.80( 1024): [LOWINetlinkSocketReceiver] processNetlinkPacket: ifname(wlan0) status(1)
11-20 07:01:43.351 D/LOWI-9.0.0.80( 1024): [LOWIController] intfStateReceived: ifname(wlan0) state(1)
11-20 07:01:43.352 D/LOWI-9.0.0.80( 1024): [LOWIEventReceiver] handleEvent:FROM:NA, TO:NA, REQ:NA, IREQ:NA, REQ_ID:0, RESP:NA, INFO:INTF-STATUS-UPDATE
11-20 07:01:43.352 D/LOWI-9.0.0.80( 1024): [LOWIEventReceiver] Info to [INTF-STATUS-UPDATE]
11-20 07:01:43.352 D/LOWI-9.0.0.80( 1024): [LOWIController] updateIntfState: WIFI enabled 1 mNlWifiStatus 2 mWifiStateEnabled 1
11-20 07:01:43.352 D/LOWI-9.0.0.80( 1024): [LOWIController] isWifiEnabled: mNlWifiStatus 1 mWifiStateEnabled 1
11-20 07:01:43.395 D/LOWI-9.0.0.80( 1024): [LOWINetlinkSocketReceiver] unpackRTMLinkMessage: RTM_NEWLINK - ifname wlan0, flags 0x1003 ([UP])
11-20 07:01:43.395 D/LOWI-9.0.0.80( 1024): [LOWINetlinkSocketReceiver] processNetlinkPacket: ifname(wlan0) status(1)
11-20 07:01:43.395 D/LOWI-9.0.0.80( 1024): [LOWIController] intfStateReceived: ifname(wlan0) state(1)
11-20 07:01:43.395 D/LOWI-9.0.0.80( 1024): [LOWIEventReceiver] handleEvent:FROM:NA, TO:NA, REQ:NA, IREQ:NA, REQ_ID:0, RESP:NA, INFO:INTF-STATUS-UPDATE
11-20 07:01:43.395 D/LOWI-9.0.0.80( 1024): [LOWIEventReceiver] Info to [INTF-STATUS-UPDATE]
11-20 07:01:43.395 D/LOWI-9.0.0.80( 1024): [LOWIController] updateIntfState: WIFI enabled 1 mNlWifiStatus 1 mWifiStateEnabled 1
11-20 07:01:43.396 D/LOWI-9.0.0.80( 1024): [LOWIController] isWifiEnabled: mNlWifiStatus 1 mWifiStateEnabled 1
11-20 07:01:43.397 W/SupplicantStaIfaceHal( 1194): Timed out waiting for confirmation of supplicant death
11-20 07:01:43.397 V/WifiHAL (  539): event received NL80211_CMD_DISCONNECT
11-20 07:01:43.398 E/SupplicantStaIfaceHal( 1194): Can't call getKeyMgmtCapabilities_1_3, ISupplicantStaIface is null
11-20 07:01:43.399 V/WifiHAL (  539): WifiVendorCommand 0xaad86b98 created vendor_id:0x1374 subcmd:38
11-20 07:01:43.400 V/WifiHAL (  539): Got a Wi-Fi HAL module message from Driver
11-20 07:01:43.400 V/WifiHAL (  539): Supported feature set : 19d3d
11-20 07:01:43.401 V/WifiHAL (  539): Supported feature set acquired : 19d3d
11-20 07:01:43.401 V/WifiHAL (  539): WifiVendorCommand 0xa07923c0 created vendor_id:0x1374 subcmd:76
11-20 07:01:43.401 V/WifiHAL (  539): create: mVendor_id = 4980, Subcmd = 76.
11-20 07:01:43.402 V/WifiHAL (  539): WifiVendorCommand 0xaad86cc8 created vendor_id:0x1374 subcmd:38
11-20 07:01:43.403 V/WifiHAL (  539): Got a Wi-Fi HAL module message from Driver
11-20 07:01:43.404 V/WifiHAL (  539): Supported feature set : 19d3d
11-20 07:01:43.404 V/WifiHAL (  539): Supported feature set acquired : 19d3d
11-20 07:01:43.404 V/WifiHAL (  539): WifiVendorCommand 0xa07923c0 created vendor_id:0x1374 subcmd:76
11-20 07:01:43.404 V/WifiHAL (  539): create: mVendor_id = 4980, Subcmd = 76.
11-20 07:01:43.411 E/SupplicantStaIfaceHal( 1194): Can't call getWpaDriverFeatureSet, ISupplicantStaIface is null
11-20 07:01:43.411 I/WifiNative( 1194): Successfully switched to scan mode on iface=Iface:{Name=wlan0,Id=1,Type=STA_SCAN}
11-20 07:01:43.413 D/WifiClientModeManager1( 1194): entering ScanOnlyModeState
11-20 07:01:43.413 D/WifiScanRequestProxy( 1194): Sending scan available broadcast: true
11-20 07:01:43.413 I/WifiScanningService( 1194): Received a request to enable scanning, UID = 1000
11-20 07:01:43.414 I/WifiScanningService( 1194): scanner impls already exists
11-20 07:01:43.414 E/WifiScanningService( 1194): wifi driver loaded received while already loaded
11-20 07:01:43.414 D/WifiP2pService( 1194): Wifi enabled=false, P2P Interface availability=true
11-20 07:01:43.415 I/WifiScanRequestProxy( 1194): Scanning is enabled
11-20 07:01:43.416 I/WifiScanRequestProxy( 1194): Scanning for hidden networks is disabled
11-20 07:01:43.417 W/SupplicantP2pIfaceHal( 1194): ISupplicant/ISupplicantP2pIface died: cookie=0
11-20 07:01:43.417 W/SupplicantStaIfaceHal( 1194): ISupplicantVendor/ISupplicantVendorStaIface died: cookie=0
11-20 07:01:43.417 W/SupplicantP2pIfaceHal( 1194): ISupplicantVendor/ISupplicantVendorP2PIface died: cookie=0
11-20 07:01:43.417 W/SupplicantP2pIfaceHal( 1194): ISupplicant/ISupplicantP2pIface died: cookie=0
11-20 07:01:43.417 W/SupplicantStaIfaceHal( 1194): ISupplicantVendor/ISupplicantVendorStaIface died: cookie=0
11-20 07:01:43.417 D/WakeupController( 1194): start()
11-20 07:01:43.418 W/SupplicantP2pIfaceHal( 1194): ISupplicantVendor/ISupplicantVendorP2PIface died: cookie=0
11-20 07:01:43.418 D/SupplicantStaIfaceHal( 1194): ISupplicant died: cookie=743729643209217308
11-20 07:01:43.418 D/WakeupController( 1194): Setting active to true
11-20 07:01:43.428 D/WakeupLock( 1194): Lock set. Number of networks: 1
11-20 07:01:43.430 D/WifiClientModeImpl( 1194): ClientModeImpl: Leaving Connected state
11-20 07:01:43.432 D/WifiCountryCode( 1194): updateCountryCode to US
11-20 07:01:43.432 E/SupplicantStaIfaceHal( 1194): Can't call setCountryCode, ISupplicantStaIface is null
11-20 07:01:43.432 D/WifiCountryCode( 1194): Failed to set country code to: US
11-20 07:01:43.442 E/SupplicantStaIfaceHal( 1194): Can't call listNetworks, ISupplicantStaIface is null
11-20 07:01:43.442 E/SupplicantStaIfaceHal( 1194): removeAllNetworks failed, got null networks
11-20 07:01:43.442 E/WifiClientModeImpl( 1194): Failed to remove networks on exiting connect mode
11-20 07:01:43.444 E/WakeupController( 1194): Unexpected setLastDisconnectInfo when WakeupController is active!
11-20 07:01:43.446 E/WifiVendorHal( 1194): stopRssiMonitoring(l.2106) failed {.code = ERROR_NOT_AVAILABLE, .description = }
11-20 07:01:43.446 E/SupplicantStaIfaceHal( 1194): Can't call setPowerSave, ISupplicantStaIface is null
11-20 07:01:43.446 E/SupplicantStaIfaceHal( 1194): Can't call setBtCoexistenceMode, ISupplicantStaIface is null
