11-20 07:25:41.890 W/ContextImpl( 1186): Calling a method in the system process without a qualified user: android.app.ContextImpl.sendBroadcastMultiplePermissions:1143 android.content.Context.sendBroadcastWithMultiplePermissions:2150 com.android.server.display.WifiDisplayAdapter.handleSendStatusChangeBroadcast:440 com.android.server.display.WifiDisplayAdapter.access$1700:63 com.android.server.display.WifiDisplayAdapter$WifiDisplayHandler.handleMessage:675 
11-20 07:25:41.892 D/WifiClientModeManager0( 1186): IMS not registered over IWLAN for subId: 1
11-20 07:25:41.892 D/WifiClientModeManager0( 1186): The target role 5
11-20 07:25:41.912 I/android_os_HwBinder( 1186): HwBinder: Starting thread pool for getting: android.hardware.wifi.supplicant@1.0::ISupplicant/default
11-20 07:25:41.916 I/wpa_supplicant(31792): wlan0: Do not deauthenticate as part of interface deinit since WoWLAN is enabled
11-20 07:25:41.964 I/wpa_supplicant(31792): Try to unregister vendor STA network
11-20 07:25:41.969 E/wpa_supplicant(31792): eap_proxy: pthread_join on eap_proxy=0x20f9eac
11-20 07:25:41.970 E/wpa_supplicant(31792): eap_proxy: session not started for client = 1
11-20 07:25:41.970 E/QMI_FW  (31792): qmi_cci_get_ref: ref count increased 2
11-20 07:25:41.970 E/QMI_FW  (31792): qmi_cci_get_ref: ref count increased 2
11-20 07:25:41.970 E/wpa_supplicant(31792): eap_proxy: Released QMI UIM service client
11-20 07:25:41.970 E/QMI_FW  (31792): qmi_cci_get_ref: ref count increased 2
11-20 07:25:41.970 E/QMI_FW  (31792): qmi_cci_get_ref: ref count increased 2
11-20 07:25:41.971 E/wpa_supplicant(31792): eap_proxy: Released QMI EAP service client
11-20 07:25:41.971 E/wpa_supplicant(31792): eap_proxy: session not started for client = 2
11-20 07:25:41.971 E/QMI_FW  (31792): qmi_cci_get_ref: ref count increased 2
11-20 07:25:41.971 E/QMI_FW  (31792): qmi_cci_get_ref: ref count increased 2
11-20 07:25:41.973 E/wpa_supplicant(31792): eap_proxy: Released QMI UIM service client
11-20 07:25:41.973 E/QMI_FW  (31792): qmi_cci_get_ref: ref count increased 2
11-20 07:25:41.973 E/QMI_FW  (31792): qmi_cci_get_ref: ref count increased 2
11-20 07:25:41.974 E/wpa_supplicant(31792): eap_proxy: Released QMI EAP service client
11-20 07:25:41.974 I/wpa_supplicant(31792): eap_proxy: eap_proxy Deinitialzed
11-20 07:25:42.016 I/wpa_supplicant(31792): nl80211: deinit ifname=wlan0 disabled_11b_rates=0
11-20 07:25:42.075 I/wpa_supplicant(31792): Try to unregister vendor interface
11-20 07:25:42.076 D/LOWI-9.0.0.80( 1026): [LOWINetlinkSocketReceiver] unpackRTMLinkMessage: RTM_NEWLINK - ifname wlan0, flags 0x11043 ([UP][RUNNING])
11-20 07:25:42.076 D/LOWI-9.0.0.80( 1026): [LOWINetlinkSocketReceiver] processNetlinkPacket: ifname(wlan0) status(2)
11-20 07:25:42.076 D/LOWI-9.0.0.80( 1026): [LOWIController] intfStateReceived: ifname(wlan0) state(2)
11-20 07:25:42.077 D/LOWI-9.0.0.80( 1026): [LOWIEventReceiver] handleEvent:FROM:NA, TO:NA, REQ:NA, IREQ:NA, REQ_ID:0, RESP:NA, INFO:INTF-STATUS-UPDATE
11-20 07:25:42.077 D/LOWI-9.0.0.80( 1026): [LOWIEventReceiver] Info to [INTF-STATUS-UPDATE]
11-20 07:25:42.078 D/LOWI-9.0.0.80( 1026): [LOWIController] updateIntfState: WIFI enabled 2 mNlWifiStatus 2 mWifiStateEnabled 1
11-20 07:25:42.078 D/LOWI-9.0.0.80( 1026): [LOWIController] isWifiEnabled: mNlWifiStatus 2 mWifiStateEnabled 1
11-20 07:25:42.080 I/SupplicantStaIfaceHal( 1186): Terminating supplicant using HIDL
11-20 07:25:42.082 I/wpa_supplicant(31792): p2p0: Do not deauthenticate as part of interface deinit since WoWLAN is enabled
11-20 07:25:42.145 E/wpa_supplicant(31792): eap_proxy: pthread_join on eap_proxy=0x20f9fa8
11-20 07:25:42.145 E/wpa_supplicant(31792): eap_proxy: session not started for client = 1
11-20 07:25:42.145 E/QMI_FW  (31792): qmi_cci_get_ref: ref count increased 2
11-20 07:25:42.145 E/QMI_FW  (31792): qmi_cci_get_ref: ref count increased 2
11-20 07:25:42.145 E/wpa_supplicant(31792): eap_proxy: Released QMI UIM service client
11-20 07:25:42.145 E/QMI_FW  (31792): qmi_cci_get_ref: ref count increased 2
11-20 07:25:42.145 E/QMI_FW  (31792): qmi_cci_get_ref: ref count increased 2
11-20 07:25:42.146 E/wpa_supplicant(31792): eap_proxy: Released QMI EAP service client
11-20 07:25:42.146 E/wpa_supplicant(31792): eap_proxy: session not started for client = 2
11-20 07:25:42.146 E/QMI_FW  (31792): qmi_cci_get_ref: ref count increased 2
11-20 07:25:42.146 E/QMI_FW  (31792): qmi_cci_get_ref: ref count increased 2
11-20 07:25:42.147 E/wpa_supplicant(31792): eap_proxy: Released QMI UIM service client
11-20 07:25:42.148 E/QMI_FW  (31792): qmi_cci_get_ref: ref count increased 2
11-20 07:25:42.148 E/QMI_FW  (31792): qmi_cci_get_ref: ref count increased 2
11-20 07:25:42.148 E/wpa_supplicant(31792): eap_proxy: Released QMI EAP service client
11-20 07:25:42.148 I/wpa_supplicant(31792): eap_proxy: eap_proxy Deinitialzed
11-20 07:25:42.196 I/wpa_supplicant(31792): nl80211: deinit ifname=p2p0 disabled_11b_rates=0
11-20 07:25:42.199 D/ConnectivityService( 1186): handleLingerComplete for [101 CELLULAR]
11-20 07:25:42.220 D/QCNEJ/WwanInfoRelay( 1907): onCapabilitiesChanged: 101 [ Transports: CELLULAR Capabilities: MMS&SUPL&FOTA&INTERNET&NOT_RESTRICTED&TRUSTED&NOT_VPN&VALIDATED&NOT_ROAMING&NOT_CONGESTED&NOT_SUSPENDED LinkUpBandwidth>=15000Kbps LinkDnBandwidth>=30000Kbps Specifier: <TelephonyNetworkSpecifier [mSubId = 1]> AdministratorUids: [] RequestorUid: -1 RequestorPackageName: null]
11-20 07:25:42.221 I/QCNEJ/WwanInfoRelay( 1907): cacheWwanInfo subId = 1 phoneId = 0 slotId = 0
11-20 07:25:42.255 D/LOWI-9.0.0.80( 1026): [LOWINetlinkSocketReceiver] unpackRTMLinkMessage: RTM_NEWLINK - ifname p2p0, flags 0x1003 ([UP])
11-20 07:25:42.275 D/LOWI-9.0.0.80( 1026): [LOWINetlinkSocketReceiver] unpackRTMLinkMessage: RTM_NEWLINK - ifname p2p0, flags 0x1002 ()
11-20 07:25:42.284 D/LOWI-9.0.0.80( 1026): [LOWINetlinkSocketReceiver] unpackRTMLinkMessage: RTM_NEWLINK - ifname p2p0, flags 0x1002 ()
11-20 07:25:42.291 I/wpa_supplicant(31792): Try to unregister vendor p2 interface
11-20 07:25:42.297 I/WifiP2pNative( 1186): P2P interface teardown completed
11-20 07:25:42.298 D/WifiP2pNative( 1186): P2P InterfaceDestroyedListener p2p0
11-20 07:25:42.298 D/WifiP2pNative( 1186): Ignoring stale interface destroyed listener
11-20 07:25:42.298 D/WifiP2pNative( 1186): P2P InterfaceAvailableListener true
11-20 07:25:42.298 D/WifiP2pService( 1186): Wifi enabled=false, P2P Interface availability=true
11-20 07:25:42.299 I/android_os_HwBinder( 1186): HwBinder: Starting thread pool for getting: android.hardware.wifi.supplicant@1.0::ISupplicant/default
11-20 07:25:42.305 I/wpa_supplicant(31792): Terminating...
11-20 07:25:42.318 D/LOWI-9.0.0.80( 1026): [LOWINetlinkSocketReceiver] unpackRTMLinkMessage: RTM_NEWLINK - ifname wlan0, flags 0x1003 ([UP])
11-20 07:25:42.318 D/LOWI-9.0.0.80( 1026): [LOWINetlinkSocketReceiver] processNetlinkPacket: ifname(wlan0) status(1)
11-20 07:25:42.318 D/LOWI-9.0.0.80( 1026): [LOWIController] intfStateReceived: ifname(wlan0) state(1)
11-20 07:25:42.318 D/LOWI-9.0.0.80( 1026): [LOWIEventReceiver] handleEvent:FROM:NA, TO:NA, REQ:NA, IREQ:NA, REQ_ID:0, RESP:NA, INFO:INTF-STATUS-UPDATE
11-20 07:25:42.318 D/LOWI-9.0.0.80( 1026): [LOWIEventReceiver] Info to [INTF-STATUS-UPDATE]
11-20 07:25:42.318 D/LOWI-9.0.0.80( 1026): [LOWIController] updateIntfState: WIFI enabled 1 mNlWifiStatus 2 mWifiStateEnabled 1
11-20 07:25:42.318 D/LOWI-9.0.0.80( 1026): [LOWIController] isWifiEnabled: mNlWifiStatus 1 mWifiStateEnabled 1
11-20 07:25:42.323 I/mcu_health_check_jni_handler( 1186): isMcuReachable
11-20 07:25:42.325 D/mcu_health_checker( 1186): Sent MCU Health Request
11-20 07:25:42.326 D/commandrouter( 1006): SocServiceHandle::onServiceMessage, SoC Service = mcu_healthcheck_1186, appType = 1, type = SVC_REQ, clientId = 0, token = 98, payloadLen = 12, result = 0, payload.size() = 12
11-20 07:25:42.329 D/commandrouter( 1006): mcu_healthcheck_1186 (1, merlot:mcu_health:control): <ServiceResponse> FORWARDED (remote -> local) CR token ID = 98, service client ID = 39, token ID = 32280, result = 0
11-20 07:25:42.330 D/mcu_health_checker( 1186): MCU Health Response: MCU_OK
11-20 07:25:42.330 D/mcu_health_checker( 1186): MCU Session 0, uptime = 56191219 ms
11-20 07:25:42.330 D/McuReachableCollector( 1186): call isMcuReachable, result true
11-20 07:25:42.342 D/CompatibilityInfo( 1186): mCompatibilityFlags - 4
11-20 07:25:42.342 D/CompatibilityInfo( 1186): applicationDensity - 320
11-20 07:25:42.342 D/CompatibilityInfo( 1186): applicationScale - 1.0
11-20 07:25:42.352 W/SupplicantStaIfaceHal( 1186): Timed out waiting for confirmation of supplicant death
11-20 07:25:42.352 W/system_server( 1186): Long monitor contention with owner WifiHandlerThread (1641) at boolean com.android.server.wifi.SupplicantStaIfaceHal.removeIfaceV1_1(java.lang.String)(SupplicantStaIfaceHal.java:810) waiters=0 in void com.android.server.wifi.SupplicantStaIfaceCallbackImpl.onNetworkRemoved(int) for 387ms
11-20 07:25:42.362 E/SupplicantStaIfaceHal( 1186): Can't call getKeyMgmtCapabilities_1_3, ISupplicantStaIface is null
11-20 07:25:42.363 D/LOWI-9.0.0.80( 1026): [LOWINetlinkSocketReceiver] unpackRTMLinkMessage: RTM_NEWLINK - ifname wlan0, flags 0x1003 ([UP])
11-20 07:25:42.364 D/LOWI-9.0.0.80( 1026): [LOWINetlinkSocketReceiver] processNetlinkPacket: ifname(wlan0) status(1)
11-20 07:25:42.364 D/LOWI-9.0.0.80( 1026): [LOWIController] intfStateReceived: ifname(wlan0) state(1)
11-20 07:25:42.366 V/WifiHAL (  544): event received NL80211_CMD_DISCONNECT
11-20 07:25:42.364 D/LOWI-9.0.0.80( 1026): [LOWIEventReceiver] handleEvent:FROM:NA, TO:NA, REQ:NA, IREQ:NA, REQ_ID:0, RESP:NA, INFO:INTF-STATUS-UPDATE
11-20 07:25:42.366 D/LOWI-9.0.0.80( 1026): [LOWIEventReceiver] Info to [INTF-STATUS-UPDATE]
11-20 07:25:42.367 D/LOWI-9.0.0.80( 1026): [LOWIController] updateIntfState: WIFI enabled 1 mNlWifiStatus 1 mWifiStateEnabled 1
11-20 07:25:42.367 D/LOWI-9.0.0.80( 1026): [LOWIController] isWifiEnabled: mNlWifiStatus 1 mWifiStateEnabled 1
11-20 07:25:42.369 V/WifiHAL (  544): WifiVendorCommand 0xaadf1b98 created vendor_id:0x1374 subcmd:38
11-20 07:25:42.369 V/WifiHAL (  544): Got a Wi-Fi HAL module message from Driver
11-20 07:25:42.369 V/WifiHAL (  544): Supported feature set : 19d3d
11-20 07:25:42.369 V/WifiHAL (  544): Supported feature set acquired : 19d3d
11-20 07:25:42.369 V/WifiHAL (  544): WifiVendorCommand 0x986892d0 created vendor_id:0x1374 subcmd:76
11-20 07:25:42.369 V/WifiHAL (  544): create: mVendor_id = 4980, Subcmd = 76.
11-20 07:25:42.370 V/WifiHAL (  544): WifiVendorCommand 0xaadf1cc8 created vendor_id:0x1374 subcmd:38
11-20 07:25:42.371 V/WifiHAL (  544): Got a Wi-Fi HAL module message from Driver
11-20 07:25:42.371 V/WifiHAL (  544): Supported feature set : 19d3d
11-20 07:25:42.371 V/WifiHAL (  544): Supported feature set acquired : 19d3d
11-20 07:25:42.371 V/WifiHAL (  544): WifiVendorCommand 0x986892d0 created vendor_id:0x1374 subcmd:76
11-20 07:25:42.371 V/WifiHAL (  544): create: mVendor_id = 4980, Subcmd = 76.
11-20 07:25:42.379 E/SupplicantStaIfaceHal( 1186): Can't call getWpaDriverFeatureSet, ISupplicantStaIface is null
11-20 07:25:42.379 I/WifiNative( 1186): Successfully switched to scan mode on iface=Iface:{Name=wlan0,Id=0,Type=STA_SCAN}
11-20 07:25:42.380 D/BluetoothAdapterService( 1710): Soft AP is on band: 1
11-20 07:25:42.381 D/BluetoothVendorService( 1710): getPowerBackoff 
11-20 07:25:42.381 D/BluetoothVendorService( 1710): setPowerBackoff to: false
11-20 07:25:42.381 I/BluetoothVendorJni( 1710): setPowerBackoffNative
11-20 07:25:42.381 I/bt_btif_vendor( 1710): setPowerBackOffState :0 
11-20 07:25:42.381 W/bt_btif ( 1710): bta_dm_power_back_off: power_back_off feature not supported
11-20 07:25:42.381 D/BluetoothAdapterService( 1710): android.net.wifi.WIFI_STATE_CHANGED
11-20 07:25:42.384 W/SupplicantP2pIfaceHal( 1186): ISupplicant/ISupplicantP2pIface died: cookie=0
11-20 07:25:42.384 D/SupplicantStaIfaceHal( 1186): ISupplicant died: cookie=-4103151820611221272
11-20 07:25:42.384 W/SupplicantStaIfaceHal( 1186): ISupplicantVendor/ISupplicantVendorStaIface died: cookie=0
11-20 07:25:42.384 W/SupplicantP2pIfaceHal( 1186): ISupplicant/ISupplicantP2pIface died: cookie=0
11-20 07:25:42.384 W/SupplicantP2pIfaceHal( 1186): ISupplicantVendor/ISupplicantVendorP2PIface died: cookie=0
11-20 07:25:42.385 W/SupplicantStaIfaceHal( 1186): ISupplicantVendor/ISupplicantVendorStaIface died: cookie=0
11-20 07:25:42.385 W/SupplicantP2pIfaceHal( 1186): ISupplicantVendor/ISupplicantVendorP2PIface died: cookie=0
11-20 07:25:42.398 I/wificond(  911): Fail RSSI polling because wifi is not associated.
11-20 07:25:42.398 E/WifiNl80211Manager( 1186): Invalid signal poll result from wificond
11-20 07:25:42.401 D/WifiClientModeManager0( 1186): entering ScanOnlyModeState
11-20 07:25:42.401 D/WifiScanRequestProxy( 1186): Sending scan available broadcast: true
11-20 07:25:42.402 I/WifiScanningService( 1186): Received a request to enable scanning, UID = 1000
11-20 07:25:42.403 I/WifiScanningService( 1186): scanner impls already exists
11-20 07:25:42.403 E/WifiScanningService( 1186): wifi driver loaded received while already loaded
11-20 07:25:42.403 D/WifiP2pService( 1186): Wifi enabled=false, P2P Interface availability=true
11-20 07:25:42.407 I/WifiScanRequestProxy( 1186): Scanning is enabled
11-20 07:25:42.407 I/WifiScanRequestProxy( 1186): Scanning for hidden networks is disabled
11-20 07:25:42.407 D/WakeupController( 1186): start()
11-20 07:25:42.408 D/WakeupController( 1186): Setting active to true
11-20 07:25:42.414 D/WakeupLock( 1186): Lock set. Number of networks: 1
11-20 07:25:42.416 D/WifiClientModeImpl( 1186): ClientModeImpl: Leaving Connected state
11-20 07:25:42.418 D/WifiCountryCode( 1186): updateCountryCode to US
11-20 07:25:42.418 E/SupplicantStaIfaceHal( 1186): Can't call setCountryCode, ISupplicantStaIface is null
11-20 07:25:42.418 D/WifiCountryCode( 1186): Failed to set country code to: US
11-20 07:25:42.425 E/SupplicantStaIfaceHal( 1186): Can't call listNetworks, ISupplicantStaIface is null
11-20 07:25:42.425 E/SupplicantStaIfaceHal( 1186): removeAllNetworks failed, got null networks
11-20 07:25:42.425 E/WifiClientModeImpl( 1186): Failed to remove networks on exiting connect mode
11-20 07:25:42.426 E/WakeupController( 1186): Unexpected setLastDisconnectInfo when WakeupController is active!
11-20 07:25:42.427 E/WifiVendorHal( 1186): stopRssiMonitoring(l.2106) failed {.code = ERROR_NOT_AVAILABLE, .description = }
11-20 07:25:42.428 E/SupplicantStaIfaceHal( 1186): Can't call setPowerSave, ISupplicantStaIface is null
11-20 07:25:42.428 E/SupplicantStaIfaceHal( 1186): Can't call setBtCoexistenceMode, ISupplicantStaIface is null
11-20 07:25:42.428 V/WifiClientModeImpl( 1186): stopIpClient IpClientWithPreConnection: false
11-20 07:25:42.428 V/WifiClientModeImpl( 1186): java.lang.Throwable
11-20 07:25:42.428 V/WifiClientModeImpl( 1186): 	at com.android.server.wifi.ClientModeImpl.stopIpClient(ClientModeImpl.java:1127)
11-20 07:25:42.428 V/WifiClientModeImpl( 1186): 	at com.android.server.wifi.ClientModeImpl.stopDhcpSetup(ClientModeImpl.java:1153)
11-20 07:25:42.428 V/WifiClientModeImpl( 1186): 	at com.android.server.wifi.ClientModeImpl.handleNetworkDisconnect(ClientModeImpl.java:2945)
11-20 07:25:42.428 V/WifiClientModeImpl( 1186): 	at com.android.server.wifi.ClientModeImpl.stopClientMode(ClientModeImpl.java:3889)
11-20 07:25:42.428 V/WifiClientModeImpl( 1186): 	at com.android.server.wifi.ClientModeImpl.access$4600(ClientModeImpl.java:176)
11-20 07:25:42.428 V/WifiClientModeImpl( 1186): 	at com.android.server.wifi.ClientModeImpl$ConnectModeState.exit(ClientModeImpl.java:4064)
11-20 07:25:42.428 V/WifiClientModeImpl( 1186): 	at com.android.wifi.x.com.android.internal.util.StateMachine$SmHandler.invokeExitMethods(StateMachine.java:1021)
11-20 07:25:42.428 V/WifiClientModeImpl( 1186): 	at com.android.wifi.x.com.android.internal.util.StateMachine$SmHandler.performTransitions(StateMachine.java:877)
11-20 07:25:42.428 V/WifiClientModeImpl( 1186): 	at com.android.wifi.x.com.android.internal.util.StateMachine$SmHandler.handleMessage(StateMachine.java:819)
11-20 07:25:42.428 V/WifiClientModeImpl( 1186): 	at android.os.Handler.dispatchMessage(Handler.java:106)
11-20 07:25:42.428 V/WifiClientModeImpl( 1186): 	at android.os.Looper.loop(Looper.java:223)
11-20 07:25:42.428 V/WifiClientModeImpl( 1186): 	at android.os.HandlerThread.run(HandlerThread.java:67)
11-20 07:25:42.429 D/DhcpClient( 1186): doQuit
11-20 07:25:42.430 D/ConnectivityService( 1186): [153 WIFI] EVENT_NETWORK_INFO_CHANGED, going from CONNECTED to DISCONNECTED
11-20 07:25:42.430 D/ConnectivityService( 1186): [153 WIFI] disconnected, was satisfying 25
11-20 07:25:42.432 D/QCNEJ/WlanStaInfoRelay( 1907): Received action: android.net.wifi.STATE_CHANGE
11-20 07:25:42.433 D/QCNEJ/WlanStaInfoRelay( 1907): reset CountryCodeRetriever
11-20 07:25:42.433 D/WifiDiags( 1186): stopLogging() iface list is {} after removing wlan0
11-20 07:25:42.434 E/WifiVendorHal( 1186): resetLogHandler(l.1558) failed {.code = ERROR_NOT_AVAILABLE, .description = }
11-20 07:25:42.434 D/WifiConnector( 2870): Network State Changed
11-20 07:25:42.434 W/WifiDiags( 1186): Fail to reset log handler
11-20 07:25:42.437 E/QMI_FW  (  915): qmi_cci_get_ref: ref count increased 2
11-20 07:25:42.440 E/QMI_FW  (  915): qmi_cci_get_ref: ref count increased 2
11-20 07:25:42.444 E/QMI_FW  ( 1042): qmi_cci_get_ref: ref count increased 2
11-20 07:25:42.456 E/QMI_FW  ( 1042): qmi_cci_get_ref: ref count increased 2
11-20 07:25:42.463 D/WifiMemoryStoreImpl( 1186): Set cluster Ga6eb8feabe7908d4 for W958a1754935a727: SUCCESS
11-20 07:25:42.467 E/QMI_FW  ( 1042): qmi_cci_get_ref: ref count increased 2
11-20 07:25:42.478 I/chatty  ( 1042): uid=1001(radio) main identical 6 lines
11-20 07:25:42.479 E/QMI_FW  ( 1042): qmi_cci_get_ref: ref count increased 2
11-20 07:25:42.483 E/QMI_FW  ( 1042): qmi_cci_get_ref: ref count increased 2
11-20 07:25:42.487 I/chatty  ( 1042): uid=1001(radio) main identical 1 line
11-20 07:25:42.492 E/QMI_FW  ( 1042): qmi_cci_get_ref: ref count increased 2
11-20 07:25:42.494 I/GnssNetworkConnectivityHandler( 1186): Network connection lost. Available networks count: 1
11-20 07:25:42.494 I/GnssNetworkConnectivityHandler( 1186): updateNetworkState, state=CLOSED, connected=false, network=153, capabilities=[ Transports: WIFI Capabilities: NOT_METERED&INTERNET&NOT_RESTRICTED&TRUSTED&NOT_VPN&VALIDATED&NOT_ROAMING&FOREGROUND&NOT_CONGESTED&NOT_SUSPENDED LinkUpBandwidth>=61000Kbps LinkDnBandwidth>=61000Kbps SignalStrength: -31 OwnerUid: 1000 AdministratorUids: [] SSID: "MTBF_Lab" RequestorUid: -1 RequestorPackageName: null], apn: , availableNetworkCount: 1
11-20 07:25:42.495 W/LocSvc_LocIpc(  527): send:66] failed reason: No such file or directory
11-20 07:25:42.505 E/QMI_FW  ( 1042): qmi_cci_get_ref: ref count increased 2
11-20 07:25:42.514 I/chatty  ( 1042): uid=1001(radio) main identical 2 lines
11-20 07:25:42.514 E/QMI_FW  ( 1042): qmi_cci_get_ref: ref count increased 2
11-20 07:25:42.518 D/QCNEJ/DefaultNetworkInfoRelay( 1907): Default network lost: 153
11-20 07:25:42.520 D/DeviceAuthService(28013): Network lost
11-20 07:25:42.520 E/QMI_FW  ( 1042): qmi_cci_get_ref: ref count increased 2
11-20 07:25:42.521 I/Nat464Xlat( 1186): Android Xlat is disabled
11-20 07:25:42.523 D/QCNEJ/NativeHalConnector( 1907): -> SND notifyDefaultNetworkChanged(1)
11-20 07:25:42.523 D/QCNEJ/WlanStaInfoRelay( 1907): network lost: 153
11-20 07:25:42.524 D/QCNEJ/WlanStaInfoRelay( 1907): onLost: unbind the process to WIFI
11-20 07:25:42.536 E/SelfCareDataCloudSyncWorker( 2334): Failed to get access token
11-20 07:25:42.536 E/SelfCareDataCloudSyncWorker( 2334): kotlinx.coroutines.JobCancellationException: Job was cancelled; job=JobImpl{Cancelling}@18747bd
11-20 07:25:42.537 I/WM-WorkerWrapper( 2334): Work [ id=57f248e9-27c9-4baa-bcea-f98e3ece0d1a, tags={ com.facebook.wearable.system.selfcare.cloudsync.SelfCareDataCloudSyncWorker } ] was cancelled
11-20 07:25:42.537 I/WM-WorkerWrapper( 2334): java.util.concurrent.CancellationException: Task was cancelled.
11-20 07:25:42.537 I/WM-WorkerWrapper( 2334): 	at androidx.work.impl.utils.futures.AbstractFuture.getDoneValue(:32)
11-20 07:25:42.537 I/WM-WorkerWrapper( 2334): 	at androidx.work.impl.utils.futures.AbstractFuture.get(:268435546)
11-20 07:25:42.537 I/WM-WorkerWrapper( 2334): 	at androidx.work.impl.WorkerWrapper$2.run(:3)
11-20 07:25:42.537 I/WM-WorkerWrapper( 2334): 	at androidx.work.impl.utils.SerialExecutor$Task.run(:2)
11-20 07:25:42.537 I/WM-WorkerWrapper( 2334): 	at java.util.concurrent.ThreadPoolExecutor.runWorker(ThreadPoolExecutor.java:1167)
11-20 07:25:42.537 I/WM-WorkerWrapper( 2334): 	at java.util.concurrent.ThreadPoolExecutor$Worker.run(ThreadPoolExecutor.java:641)
11-20 07:25:42.537 I/WM-WorkerWrapper( 2334): 	at java.lang.Thread.run(Thread.java:923)
11-20 07:25:42.521 I/Nat464Xlat( 1186): Android Xlat is disabled
11-20 07:25:42.543 D/ConnectivityService( 1186): Sending DISCONNECTED broadcast for type 1 [153 WIFI] isDefaultNetwork=true
11-20 07:25:42.549 D/ConnectivityService( 1186): NetReassign [44 : null → 101, 1191 : null → 101, 11 : null → 101, 63 : null → 101, 17 : null → 101, 25 : null → 101, 1 : null → 101, 1196 : null → 101, 8 : null → 101, 654 : null → 101, 12 : null → 101, 14 : null → 101, 16 : null → 101, 22 : null → 101]
11-20 07:25:42.552 E/NetlinkEvent(  462): NetlinkEvent::FindParam(): Parameter 'INTERFACE' not found
11-20 07:25:42.552 E/NetlinkEvent(  462): NetlinkEvent::FindParam(): Parameter 'STATE' not found
11-20 07:25:42.552 E/NetlinkEvent(  462): NetlinkEvent::FindParam(): Parameter 'TIME_NS' not found
11-20 07:25:42.552 E/NetlinkEvent(  462): NetlinkEvent::FindParam(): Parameter 'UID' not found
11-20 07:25:42.565 D/ConnectivityService( 1186): Switching to new default network: NetworkAgentInfo{ ni{[type: MOBILE[LTE], state: CONNECTED/CONNECTED, reason: (unspecified), extra: enhancedphone, failover: false, available: true, roaming: false]}  network{101}  nethandle{437197393933}  lp{{InterfaceName: rmnet_data2 LinkAddresses: [ 10.55.48.101/30,2600:381:4804:c4b6:8cdc:8f0b:afe1:ec6b/64 ] DnsAddresses: [ /172.26.38.2,/fc00:a:a::400 ] Domains: null MTU: 1430 TcpBufferSizes: 2097152,4194304,8388608,262144,524288,1048576 Routes: [ 0.0.0.0/0 -> 10.55.48.102 rmnet_data2 mtu 1430,::/0 -> fe80::9db2:334d:2872:1e0a rmnet_data2 mtu 1430,10.55.48.100/30 -> 0.0.0.0 rmnet_data2 mtu 0,2600:381:4804:c4b6::/64 -> :: rmnet_data2 mtu 0 ]}}  nc{[ Transports: CELLULAR Capabilities: MMS&SUPL&FOTA&INTERNET&NOT_RESTRICTED&TRUSTED&NOT_VPN&VALIDATED&NOT_ROAMING&NOT_CONGESTED&NOT_SUSPENDED LinkUpBandwidth>=15000Kbps LinkDnBandwidth>=30000Kbps Specifier: <TelephonyNetworkSpecifier [mSubId = 1]> AdministratorUids: [] RequestorUid: -1 RequestorPackageName: null]}  Score{50}  everValidated{true}  lastValidated{true}  created{true} lingering{false} explicitlySelected{false} acceptUnvalidated{false} everCaptivePortalDetected{false} lastCaptivePortalDetected{false} partialConnectivity{false} acceptPartialConnectivity{false} clat{mBaseIface: null, mIface: null, mState: IDLE} }
11-20 07:25:42.594 D/DhcpClient( 1186): DHCP Packet Handler stopped
11-20 07:25:42.595 D/DhcpClient( 1186): onQuitting
11-20 07:25:42.611 D/WifiMemoryStoreImpl( 1186): Set cluster Ga6eb8feabe7908d4 for Wa6eb8feabe7908d4: SUCCESS
11-20 07:25:42.614 W/SupplicantStaIfaceHal( 1186): ISupplicant died: cookie=110
11-20 07:25:42.614 D/BluetoothAdapterService( 1710): Soft AP is on band: 1
11-20 07:25:42.616 D/BluetoothVendorService( 1710): getPowerBackoff 
11-20 07:25:42.616 D/BluetoothAdapterService( 1710): android.net.wifi.WIFI_STATE_CHANGED
11-20 07:25:42.626 D/WifiNetworkAgent( 1186): NetworkAgent: NetworkAgent channel lost
11-20 07:25:42.628 D/BluetoothAdapterService( 1710): Soft AP is on band: 1
11-20 07:25:42.628 D/BluetoothVendorService( 1710): getPowerBackoff 
11-20 07:25:42.629 D/BluetoothAdapterService( 1710): android.net.wifi.STATE_CHANGE
11-20 07:25:42.629 D/BluetoothVendorService( 1710): setWifiState to: false
11-20 07:25:42.629 I/BluetoothVendorJni( 1710): setWifiStateNative
11-20 07:25:42.629 I/bt_btif_vendor( 1710): setWifiState :0
11-20 07:25:42.629 W/bt_btm  ( 1710): btm_cb.is_wifi_connected = 0 
11-20 07:25:42.633 E/WifiNative( 1186): Could not get Iface object for interface null
11-20 07:25:42.683 D/NetworkTimeUpdateService( 1186): New default network 101; checking time.
11-20 07:25:42.686 D/DeviceAuthService(28013): Network connected
11-20 07:25:42.686 D/DeviceAuthService(28013): fetchAuthTokenWrapper called
11-20 07:25:42.713 V/LigerRadioStatsReporter( 2357): onCapabilitiesChanged: Network capabilities changed
11-20 07:25:42.713 V/LigerRadioStatsReporter( 2357): reportAndCheckpointRadioStats
11-20 07:25:42.714 V/LigerRadioStatsReporter( 2357): +++++++++++ RADIO STATS DUMP +++++++++++
11-20 07:25:42.714 V/LigerRadioStatsReporter( 2357): totalActiveRadioTimeMs=0
11-20 07:25:42.714 V/LigerRadioStatsReporter( 2357): totalTailRadioTimeMs=13993
11-20 07:25:42.714 V/LigerRadioStatsReporter( 2357): totalWakeupCount=0
11-20 07:25:42.714 V/LigerRadioStatsReporter( 2357): httpUpBytes=0
11-20 07:25:42.714 V/LigerRadioStatsReporter( 2357): httpDownBytes=0
11-20 07:25:42.714 V/LigerRadioStatsReporter( 2357): httpWakeupCount=0
11-20 07:25:42.714 V/LigerRadioStatsReporter( 2357): httpRequestCount=0
11-20 07:25:42.714 V/LigerRadioStatsReporter( 2357): httpActiveRadioTimeMs=0
11-20 07:25:42.714 V/LigerRadioStatsReporter( 2357): httpTailRadioTimeMs=13993
11-20 07:25:42.714 V/LigerRadioStatsReporter( 2357): reportAndCheckpointRadioStats: Tx=0
11-20 07:25:42.714 V/LigerRadioStatsReporter( 2357): reportAndCheckpointRadioStats: Rx=0
11-20 07:25:42.714 V/LigerRadioStatsReporter( 2357): reportAndCheckpointRadioStats: Uids=10027
11-20 07:25:42.714 V/LigerRadioStatsReporter( 2357): reportAndCheckpointRadioStats: Tags=null
11-20 07:25:42.722 D/CompatibilityInfo( 1186): mCompatibilityFlags - 4
11-20 07:25:42.722 D/CompatibilityInfo( 1186): applicationDensity - 320
11-20 07:25:42.722 D/CompatibilityInfo( 1186): applicationScale - 1.0
11-20 07:25:42.734 E/DeviceAuthenticator(28013): Failed to resolve oculus.com
11-20 07:25:42.734 D/DeviceAuthService(28013): isOculusAddressResolvable returned false
11-20 07:25:42.734 D/DeviceAuthService(28013): network is still available, run handler
11-20 07:25:42.771 D/QCNEJ/DefaultNetworkInfoRelay( 1907): Default network available: 101
11-20 07:25:42.785 D/QCNEJ/NativeHalConnector( 1907): -> SND notifyDefaultNetworkChanged(0)
11-20 07:25:42.786 E/QMI_FW  (  915): qmi_cci_get_ref: ref count increased 2
11-20 07:25:42.789 E/QMI_FW  (  915): qmi_cci_get_ref: ref count increased 2
11-20 07:25:42.789 D/QCNEJ/WwanInfoRelay( 1907): onCapabilitiesChanged: 101 [ Transports: CELLULAR Capabilities: MMS&SUPL&FOTA&INTERNET&NOT_RESTRICTED&TRUSTED&NOT_VPN&VALIDATED&NOT_ROAMING&FOREGROUND&NOT_CONGESTED&NOT_SUSPENDED LinkUpBandwidth>=15000Kbps LinkDnBandwidth>=30000Kbps Specifier: <TelephonyNetworkSpecifier [mSubId = 1]> AdministratorUids: [] RequestorUid: -1 RequestorPackageName: null]
11-20 07:25:42.792 E/QMI_FW  ( 1042): qmi_cci_get_ref: ref count increased 2
11-20 07:25:42.793 E/QMI_FW  ( 1042): qmi_cci_get_ref: ref count increased 2
11-20 07:25:42.794 I/QCNEJ/WwanInfoRelay( 1907): cacheWwanInfo subId = 1 phoneId = 0 slotId = 0
11-20 07:25:42.800 V/LigerRadioStatsReporter( 2357): onCapabilitiesChanged: Network capabilities changed
11-20 07:25:42.804 D/ConnectivityService( 1186): Sending CONNECTED broadcast for type 0 [101 CELLULAR] isDefaultNetwork=true
11-20 07:25:42.812 I/WearableConnectivityManager(11143): LTE Signal strength is: 2
11-20 07:25:42.812 I/WearableConnectivityManager(11143): Cellular Signal strength is: 2
11-20 07:25:42.848 D/WearableBatteryStatsProvider( 1186): ------ BEGIN Bluetooth power supplementing ------
11-20 07:25:42.850 E/WifiNative( 1186): Could not get Iface object for interface null
11-20 07:25:42.863 D/RadioActivityCollector( 1186): Logging RadioActivity data: fields={radio_bluetooth_tx_time_unplugged=10709, radio_wifi_sleep_time_unplugged=501422, radio_bluetooth_idle_time_unplugged=12716, radio_wifi_tx_time_unplugged=0, radio_bluetooth_energy_used_unplugged=788206, radio_bluetooth_rx_time_unplugged=22472, radio_wifi_rx_time_unplugged=0, radio_bluetooth_sleep_time_unplugged=554226, radio_wifi_idle_time_unplugged=98709, radio_wifi_energy_used_unplugged=0}, pid=null, uid=null, pids=null, uids=null
11-20 07:25:42.876 D/RadioLinkQualityScoreBuilder( 1984): scoreRsrp: 3scoreRsrq: 2scoreRssnr: 4
11-20 07:25:42.876 D/WirelessInsightServiceImpl( 1984): onSignalStrengthsChanged: SignalStrength = SignalStrength:{mCdma=CellSignalStrengthCdma: cdmaDbm=2147483647 cdmaEcio=2147483647 evdoDbm=2147483647 evdoEcio=2147483647 evdoSnr=2147483647 level=0,mGsm=CellSignalStrengthGsm: rssi=2147483647 ber=2147483647 mTa=2147483647 mLevel=0,mWcdma=CellSignalStrengthWcdma: ss=2147483647 ber=2147483647 rscp=2147483647 ecno=2147483647 level=0,mTdscdma=CellSignalStrengthTdscdma: rssi=2147483647 ber=2147483647 rscp=2147483647 level=0,mLte=CellSignalStrengthLte: rssi=-79 rsrp=-111 rsrq=-14 rssnr=11 cqi=2147483647 ta=2147483647 level=2 parametersUseForLevel=0,mNr=CellSignalStrengthNr:{ csiRsrp = 2147483647 csiRsrq = 2147483647 csiSinr = 2147483647 ssRsrp = 2147483647 ssRsrq = 2147483647 ssSinr = 2147483647 level = 0 parametersUseForLevel = 0 },primary=CellSignalStrengthLte}
11-20 07:25:42.876 D/WirelessInsightServiceImpl( 1984): Score: 2
11-20 07:25:42.877 D/WirelessInsightServiceImpl( 1984): notifyListeners: listeners = 0, score = 2
11-20 07:25:42.917 D/SettingsSDK::SyncHelper( 2334): Read setting com.facebook.wearable.sdk.selfcare:SELFCARE_SERVICE_ENABLED from persistent cache
11-20 07:25:42.924 D/FacebookRepository( 2334): Reading from Store [906581286488774]
