--------- beginning of system
11-20 12:29:29.346 D/AutofillManagerService( 1194): onBackKeyPressed()
11-20 12:29:29.988 D/commandrouter( 1117): rtc_sync (1, rtc:sync): <ServiceRequest> FORWARDED (remote -> local) service client ID = 0, token ID = 40215
11-20 12:29:29.989 D/commandrouter( 1117): SocServiceHandle::onServiceMessage, SoC Service = rtc_sync, appType = 1, type = SVC_RESP, clientId = 0, token = 40215, payloadLen = 8, result = 0, payload.size() = 8
11-20 12:29:30.626 D/AutofillManagerService( 1194): onBackKeyPressed()
11-20 12:29:32.164 E/TaskPersister( 1194): File error accessing recents directory (directory doesn't exist?).
11-20 12:29:35.622 D/AutofillManagerService( 1194): onBackKeyPressed()
11-20 12:29:38.624 I/chatty  ( 1194): uid=1000(system) android.ui identical 3 lines
11-20 12:29:39.619 D/AutofillManagerService( 1194): onBackKeyPressed()
11-20 12:29:39.980 D/commandrouter( 1117): rtc_sync (1, rtc:sync): <ServiceRequest> FORWARDED (remote -> local) service client ID = 0, token ID = 40216
11-20 12:29:39.981 D/commandrouter( 1117): SocServiceHandle::onServiceMessage, SoC Service = rtc_sync, appType = 1, type = SVC_RESP, clientId = 0, token = 40216, payloadLen = 8, result = 0, payload.size() = 8
11-20 12:29:40.631 D/AutofillManagerService( 1194): onBackKeyPressed()
11-20 12:29:41.627 I/chatty  ( 1194): uid=1000(system) android.ui identical 1 line
11-20 12:29:42.620 D/AutofillManagerService( 1194): onBackKeyPressed()
11-20 12:29:42.660 D/commandrouter( 1117): SocServiceHandle::onServiceMessage, SoC Service = mcu_healthcheck_1118, appType = 1, type = SVC_REQ, clientId = 0, token = 2482, payloadLen = 12, result = 0, payload.size() = 12
11-20 12:29:42.664 D/commandrouter( 1117): mcu_healthcheck_1118 (1, merlot:mcu_health:control): <ServiceResponse> FORWARDED (remote -> local) CR token ID = 2482, service client ID = 40, token ID = 44699, result = 0
11-20 12:29:42.664 D/mculinkhealth( 1118): isMcuReachable 1 (4 ms)
11-20 12:29:43.159 W/ActivityManager( 1194): Invalid packageName: com.facebook.wearable.system.settings/com.facebook.wearable.system.settings.SettingsActivity
11-20 12:29:43.268 I/ActivityTaskManager( 1194): START u0 {flg=0x10000000 cmp=com.facebook.wearable.system.settings/.SettingsActivity} from uid 0
11-20 12:29:43.288 I/ActivityTaskManager( 1194): The Process com.facebook.wearable.system.settings Already Exists in BG. So sending its PID: 26117
11-20 12:29:43.289 W/ActivityTaskManager( 1194): Tried to set launchTime (0) < mLastActivityLaunchTime (74497558)
11-20 12:29:47.438 E/TaskPersister( 1194): File error accessing recents directory (directory doesn't exist?).
11-20 12:29:49.014 D/AutofillManagerService( 1194): onBackKeyPressed()
11-20 12:29:49.540 D/AutofillManagerService( 1194): onBackKeyPressed()
11-20 12:29:49.970 D/commandrouter( 1117): rtc_sync (1, rtc:sync): <ServiceRequest> FORWARDED (remote -> local) service client ID = 0, token ID = 40217
11-20 12:29:49.970 D/commandrouter( 1117): SocServiceHandle::onServiceMessage, SoC Service = rtc_sync, appType = 1, type = SVC_RESP, clientId = 0, token = 40217, payloadLen = 8, result = 0, payload.size() = 8
11-20 12:29:50.061 D/AutofillManagerService( 1194): onBackKeyPressed()
11-20 12:29:50.735 D/AutofillManagerService( 1194): onBackKeyPressed()
11-20 12:29:51.149 W/ActivityManager( 1194): Invalid packageName: com.facebook.wearable.system.settings/com.facebook.wearable.system.settings.SettingsActivity
11-20 12:29:51.268 I/ActivityTaskManager( 1194): START u0 {flg=0x10000000 cmp=com.facebook.wearable.system.settings/.SettingsActivity} from uid 0
11-20 12:29:51.287 I/ActivityTaskManager( 1194): The Process com.facebook.wearable.system.settings Already Exists in BG. So sending its PID: 26117
11-20 12:29:51.288 W/ActivityTaskManager( 1194): Tried to set launchTime (0) < mLastActivityLaunchTime (74529554)
11-20 12:29:53.926 D/commandrouter( 1117): SocServiceHandle::onServiceMessage, SoC Service = mcu_healthcheck_1194, appType = 1, type = SVC_REQ, clientId = 0, token = 127, payloadLen = 12, result = 0, payload.size() = 12
11-20 12:29:53.929 D/commandrouter( 1117): mcu_healthcheck_1194 (1, merlot:mcu_health:control): <ServiceResponse> FORWARDED (remote -> local) CR token ID = 127, service client ID = 39, token ID = 44700, result = 0
11-20 12:29:53.936 D/McuReachableCollector( 1194): call isMcuReachable, result true
11-20 12:29:53.995 D/RadioActivityCollector( 1194): Logging RadioActivity data: fields={radio_bluetooth_tx_time_unplugged=0, radio_wifi_sleep_time_unplugged=599972, radio_bluetooth_idle_time_unplugged=0, radio_wifi_tx_time_unplugged=0, radio_bluetooth_energy_used_unplugged=0, radio_bluetooth_rx_time_unplugged=0, radio_wifi_rx_time_unplugged=0, radio_bluetooth_sleep_time_unplugged=599975, radio_wifi_idle_time_unplugged=0, radio_wifi_energy_used_unplugged=0}, pid=null, uid=null, pids=null, uids=null
11-20 12:29:54.634 E/TaskPersister( 1194): File error accessing recents directory (directory doesn't exist?).
11-20 12:29:58.057 W/ContextImpl( 1194): Calling a method in the system process without a qualified user: android.app.ContextImpl.sendBroadcastMultiplePermissions:1143 android.content.Context.sendBroadcastWithMultiplePermissions:2150 com.android.server.display.WifiDisplayAdapter.handleSendStatusChangeBroadcast:440 com.android.server.display.WifiDisplayAdapter.access$1700:63 com.android.server.display.WifiDisplayAdapter$WifiDisplayHandler.handleMessage:675 
11-20 12:29:59.058 W/ContextImpl( 1194): Calling a method in the system process without a qualified user: android.app.ContextImpl.sendBroadcastMultiplePermissions:1143 android.content.Context.sendBroadcastWithMultiplePermissions:2150 com.android.server.wifi.p2p.WifiP2pServiceImpl$P2pStateMachine.sendBroadcastMultiplePermissions:3209 com.android.server.wifi.p2p.WifiP2pServiceImpl$P2pStateMachine.sendP2pConnectionChangedBroadcast:3236 com.android.server.wifi.p2p.WifiP2pServiceImpl$P2pStateMachine.access$5100:768 
11-20 12:29:59.060 W/BroadcastQueue( 1194): Permission Denial: receiving Intent { act=android.net.wifi.p2p.CONNECTION_STATE_CHANGE flg=0x24000010 (has extras) } to ProcessRecord{ba73 1900:.qtidataservices/u0a89} (pid=1900, uid=10089) requires android.permission.ACCESS_FINE_LOCATION due to sender android (uid 1000)
11-20 12:29:59.069 W/ContextImpl( 1194): Calling a method in the system process without a qualified user: android.app.ContextImpl.sendBroadcastMultiplePermissions:1143 android.content.Context.sendBroadcastWithMultiplePermissions:2150 com.android.server.wifi.p2p.WifiP2pServiceImpl$P2pStateMachine.sendBroadcastMultiplePermissions:3209 com.android.server.wifi.p2p.WifiP2pServiceImpl$P2pStateMachine.sendThisDeviceChangedBroadcast:3218 com.android.server.wifi.p2p.WifiP2pServiceImpl$P2pStateMachine.updateThisDevice:3962 
11-20 12:29:59.961 D/commandrouter( 1117): rtc_sync (1, rtc:sync): <ServiceRequest> FORWARDED (remote -> local) service client ID = 0, token ID = 40218
11-20 12:29:59.962 D/commandrouter( 1117): SocServiceHandle::onServiceMessage, SoC Service = rtc_sync, appType = 1, type = SVC_RESP, clientId = 0, token = 40218, payloadLen = 8, result = 0, payload.size() = 8
11-20 12:30:01.575 W/ContextImpl( 1194): Calling a method in the system process without a qualified user: android.app.ContextImpl.sendBroadcastMultiplePermissions:1143 android.content.Context.sendBroadcastWithMultiplePermissions:2150 com.android.server.wifi.ClientModeImpl.broadcastWifiCredentialChanged:6170 com.android.server.wifi.ClientModeImpl.lambda$connect$0:6716 com.android.server.wifi.ClientModeImpl.lambda$connect$0$ClientModeImpl:0 
11-20 12:30:01.802 W/wificond(  906): Scan is not started. Ignore abort request
11-20 12:30:02.395 D/ConnectivityService( 1194): registerNetworkAgent NetworkAgentInfo{ ni{[type: WIFI[], state: UNKNOWN/IDLE, reason: (unspecified), extra: , failover: false, available: true, roaming: false]}  network{165}  nethandle{712075300877}  lp{{LinkAddresses: [ ] DnsAddresses: [ ] Domains: null MTU: 0 Routes: [ ]}}  nc{[ Transports: WIFI Capabilities: NOT_METERED&INTERNET&NOT_RESTRICTED&TRUSTED&NOT_VPN&NOT_ROAMING&FOREGROUND&NOT_CONGESTED&NOT_SUSPENDED LinkUpBandwidth>=72000Kbps LinkDnBandwidth>=72000Kbps OwnerUid: 1000 SSID: "MTBF_Lab" RequestorUid: -1 RequestorPackageName: null]}  Score{20}  everValidated{false}  lastValidated{false}  created{false} lingering{false} explicitlySelected{true} acceptUnvalidated{false} everCaptivePortalDetected{false} lastCaptivePortalDetected{false} partialConnectivity{false} acceptPartialConnectivity{false} clat{mBaseIface: null, mIface: null, mState: IDLE} }
11-20 12:30:02.480 D/ConnectivityService( 1194): [165 WIFI] EVENT_NETWORK_INFO_CHANGED, going from UNKNOWN to UNKNOWN
11-20 12:30:02.650 D/ConnectivityService( 1194): NetReassign [no changes]
11-20 12:30:02.700 D/ConnectivityService( 1194): Adding iface wlan0 to network 165
11-20 12:30:02.709 E/ConnectivityService( 1194): Exception adding interface: java.lang.IllegalStateException: android.os.ServiceSpecificException: Machine is not on the network (code 64)
11-20 12:30:02.715 I/Nat464Xlat( 1194): Android Xlat is disabled
11-20 12:30:02.715 I/Nat464Xlat( 1194): Android Xlat is disabled
11-20 12:30:03.408 E/ConnectivityService( 1194): Exception in networkAddRouteParcel for non-gateway: android.os.ServiceSpecificException: Machine is not on the network (code 64)
11-20 12:30:03.410 E/ConnectivityService( 1194): Exception in networkAddRouteParcel for gateway: android.os.ServiceSpecificException: Machine is not on the network (code 64)
11-20 12:30:03.410 I/Nat464Xlat( 1194): Android Xlat is disabled
11-20 12:30:03.410 I/Nat464Xlat( 1194): Android Xlat is disabled
11-20 12:30:03.526 D/ConnectivityService( 1194): Setting DNS servers for network 165 to [/192.168.1.1]
11-20 12:30:03.540 I/Nat464Xlat( 1194): Android Xlat is disabled
11-20 12:30:03.540 I/Nat464Xlat( 1194): Android Xlat is disabled
11-20 12:30:03.685 D/ConnectivityService( 1194): [165 WIFI] EVENT_NETWORK_INFO_CHANGED, going from UNKNOWN to CONNECTED
11-20 12:30:03.710 D/DnsManager( 1194): sendDnsConfigurationForNetwork(165, [192.168.1.1], [], 1800, 25, 8, 64, 0, 0, , [])
11-20 12:30:03.720 W/DnsManager( 1194): updatePrivateDns(165, PrivateDnsConfig{true:/[]})
11-20 12:30:03.720 D/ConnectivityService( 1194): Setting DNS servers for network 165 to [/192.168.1.1]
11-20 12:30:03.721 D/DnsManager( 1194): sendDnsConfigurationForNetwork(165, [192.168.1.1], [], 1800, 25, 8, 64, 0, 0, , [192.168.1.1])
11-20 12:30:03.724 D/ConnectivityService( 1194): Adding iface wlan0 to network 165
11-20 12:30:03.757 D/ConnectivityService( 1194): Setting DNS servers for network 165 to [/192.168.1.1]
11-20 12:30:03.758 D/DnsManager( 1194): sendDnsConfigurationForNetwork(165, [192.168.1.1], [], 1800, 25, 8, 64, 0, 0, , [192.168.1.1])
11-20 12:30:03.760 I/Nat464Xlat( 1194): Android Xlat is disabled
11-20 12:30:03.760 I/Nat464Xlat( 1194): Android Xlat is disabled
11-20 12:30:03.822 D/ConnectivityService( 1194): NetReassign [no changes]
11-20 12:30:04.085 D/ConnectivityService( 1194): [165 WIFI] validation passed
11-20 12:30:04.086 D/ConnectivityService( 1194): NetReassign [8 : 100 → 165, 20 : 100 → 165, 46 : 100 → 165, 45 : 100 → 165, 12 : 100 → 165, 22 : 100 → 165, 16 : 100 → 165, 14 : 100 → 165, 50 : 100 → 165, 18 : 100 → 165, 1222 : 100 → 165, 11 : 100 → 165, 1 : 100 → 165, 17 : 100 → 165]
11-20 12:30:04.092 E/NetlinkEvent(  459): NetlinkEvent::FindParam(): Parameter 'INTERFACE' not found
11-20 12:30:04.092 E/NetlinkEvent(  459): NetlinkEvent::FindParam(): Parameter 'STATE' not found
11-20 12:30:04.096 E/NetlinkEvent(  459): NetlinkEvent::FindParam(): Parameter 'TIME_NS' not found
11-20 12:30:04.096 E/NetlinkEvent(  459): NetlinkEvent::FindParam(): Parameter 'UID' not found
11-20 12:30:04.109 D/ConnectivityService( 1194): Switching to new default network: NetworkAgentInfo{ ni{[type: WIFI[], state: CONNECTED/CONNECTED, reason: (unspecified), extra: , failover: false, available: true, roaming: false]}  network{165}  nethandle{712075300877}  lp{{InterfaceName: wlan0 LinkAddresses: [ fe80::8d6:4aff:fe32:b1ee/64,192.168.1.39/24 ] DnsAddresses: [ /192.168.1.1 ] Domains: null MTU: 0 ServerAddress: /192.168.1.1 TcpBufferSizes: 524288,1048576,2097152,262144,524288,1048576 Routes: [ fe80::/64 -> :: wlan0 mtu 0,192.168.1.0/24 -> 0.0.0.0 wlan0 mtu 0,0.0.0.0/0 -> 192.168.1.1 wlan0 mtu 0 ]}}  nc{[ Transports: WIFI Capabilities: NOT_METERED&INTERNET&NOT_RESTRICTED&TRUSTED&NOT_VPN&VALIDATED&NOT_ROAMING&FOREGROUND&NOT_CONGESTED&NOT_SUSPENDED LinkUpBandwidth>=67000Kbps LinkDnBandwidth>=67000Kbps SignalStrength: -38 OwnerUid: 1000 SSID: "MTBF_Lab" RequestorUid: -1 RequestorPackageName: null]}  Score{60}  everValidated{true}  lastValidated{true}  created{true} lingering{false} explicitlySelected{true} acceptUnvalidated{false} everCaptivePortalDetected{false} lastCaptivePortalDetected{false} partialConnectivity{false} acceptPartialConnectivity{false} clat{mBaseIface: null, mIface: null, mState: IDLE} }
11-20 12:30:04.272 D/ConnectivityService( 1194): Lingering [100 CELLULAR] for 30000ms
11-20 12:30:04.274 D/ConnectivityService( 1194): Sending DISCONNECTED broadcast for type 0 [100 CELLULAR] isDefaultNetwork=true
11-20 12:30:04.279 D/ConnectivityService( 1194): Sending CONNECTED broadcast for type 1 [165 WIFI] isDefaultNetwork=true
11-20 12:30:04.318 D/ConnectivityService( 1194): Setting DNS servers for network 165 to [/192.168.1.1]
11-20 12:30:04.319 D/DnsManager( 1194): sendDnsConfigurationForNetwork(165, [192.168.1.1], [], 1800, 25, 8, 64, 0, 0, , [192.168.1.1])
11-20 12:30:04.420 W/Looper  ( 1194): Slow dispatch took 105ms android.fg h=android.net.ConnectivityManager$CallbackHandler c=null m=524290
11-20 12:30:09.961 D/commandrouter( 1117): rtc_sync (1, rtc:sync): <ServiceRequest> FORWARDED (remote -> local) service client ID = 0, token ID = 40219
11-20 12:30:09.962 D/commandrouter( 1117): SocServiceHandle::onServiceMessage, SoC Service = rtc_sync, appType = 1, type = SVC_RESP, clientId = 0, token = 40219, payloadLen = 8, result = 0, payload.size() = 8
11-20 12:30:11.738 D/AutofillManagerService( 1194): onBackKeyPressed()
11-20 12:30:12.299 D/AutofillManagerService( 1194): onBackKeyPressed()
11-20 12:30:12.666 D/commandrouter( 1117): SocServiceHandle::onServiceMessage, SoC Service = mcu_healthcheck_1118, appType = 1, type = SVC_REQ, clientId = 0, token = 2483, payloadLen = 12, result = 0, payload.size() = 12
11-20 12:30:12.672 D/commandrouter( 1117): mcu_healthcheck_1118 (1, merlot:mcu_health:control): <ServiceResponse> FORWARDED (remote -> local) CR token ID = 2483, service client ID = 40, token ID = 44701, result = 0
11-20 12:30:12.673 D/mculinkhealth( 1118): isMcuReachable 1 (6 ms)
11-20 12:30:12.765 D/commandrouter( 1117): SocServiceHandle::onServiceMessage, SoC Service = mcu_healthcheck_946, appType = 1, type = SVC_REQ, clientId = 0, token = 1241, payloadLen = 20, result = 0, payload.size() = 20
11-20 12:30:12.769 D/commandrouter( 1117): mcu_healthcheck_946 (1, merlot:mcu_health:control): <ServiceResponse> FORWARDED (remote -> local) CR token ID = 1241, service client ID = 6, token ID = 44702, result = 0
11-20 12:30:12.821 D/AutofillManagerService( 1194): onBackKeyPressed()
11-20 12:30:14.628 I/chatty  ( 1194): uid=1000(system) android.ui identical 1 line
11-20 12:30:15.620 D/AutofillManagerService( 1194): onBackKeyPressed()
11-20 12:30:16.578 E/TaskPersister( 1194): File error accessing recents directory (directory doesn't exist?).
11-20 12:30:16.632 D/AutofillManagerService( 1194): onBackKeyPressed()
11-20 12:30:17.627 I/chatty  ( 1194): uid=1000(system) android.ui identical 1 line
11-20 12:30:18.628 D/AutofillManagerService( 1194): onBackKeyPressed()
11-20 12:30:19.139 W/ActivityManager( 1194): Invalid packageName: com.facebook.wearable.system.settings/com.facebook.wearable.system.settings.SettingsActivity
11-20 12:30:19.260 I/ActivityTaskManager( 1194): START u0 {flg=0x10000000 cmp=com.facebook.wearable.system.settings/.SettingsActivity} from uid 0
11-20 12:30:19.284 I/ActivityTaskManager( 1194): The Process com.facebook.wearable.system.settings Already Exists in BG. So sending its PID: 26117
11-20 12:30:19.285 W/ActivityTaskManager( 1194): Tried to set launchTime (0) < mLastActivityLaunchTime (74537553)
11-20 12:30:19.965 D/commandrouter( 1117): rtc_sync (1, rtc:sync): <ServiceRequest> FORWARDED (remote -> local) service client ID = 0, token ID = 40220
11-20 12:30:19.965 D/commandrouter( 1117): SocServiceHandle::onServiceMessage, SoC Service = rtc_sync, appType = 1, type = SVC_RESP, clientId = 0, token = 40220, payloadLen = 8, result = 0, payload.size() = 8
11-20 12:30:20.120 D/AppStorageManager( 1194): BEFORE:: Previous Size: 887275520 Current Size: 887103488
11-20 12:30:20.120 D/AppStorageManager( 1194): AFTER:: Previous Size: 887103488 Current Size: 887103488
11-20 12:30:23.437 E/TaskPersister( 1194): File error accessing recents directory (directory doesn't exist?).
11-20 12:30:28.758 D/AnalyticsLogger( 1194): sent events: 15
11-20 12:30:29.965 D/commandrouter( 1117): rtc_sync (1, rtc:sync): <ServiceRequest> FORWARDED (remote -> local) service client ID = 0, token ID = 40221
11-20 12:30:29.966 D/commandrouter( 1117): SocServiceHandle::onServiceMessage, SoC Service = rtc_sync, appType = 1, type = SVC_RESP, clientId = 0, token = 40221, payloadLen = 8, result = 0, payload.size() = 8
11-20 12:30:34.086 D/ConnectivityService( 1194): handleLingerComplete for [100 CELLULAR]
11-20 12:30:39.966 D/commandrouter( 1117): rtc_sync (1, rtc:sync): <ServiceRequest> FORWARDED (remote -> local) service client ID = 0, token ID = 40222
11-20 12:30:39.966 D/commandrouter( 1117): SocServiceHandle::onServiceMessage, SoC Service = rtc_sync, appType = 1, type = SVC_RESP, clientId = 0, token = 40222, payloadLen = 8, result = 0, payload.size() = 8
11-20 12:30:42.674 D/commandrouter( 1117): SocServiceHandle::onServiceMessage, SoC Service = mcu_healthcheck_1118, appType = 1, type = SVC_REQ, clientId = 0, token = 2484, payloadLen = 12, result = 0, payload.size() = 12
11-20 12:30:42.678 D/commandrouter( 1117): mcu_healthcheck_1118 (1, merlot:mcu_health:control): <ServiceResponse> FORWARDED (remote -> local) CR token ID = 2484, service client ID = 40, token ID = 44703, result = 0
11-20 12:30:42.679 D/mculinkhealth( 1118): isMcuReachable 1 (5 ms)
11-20 12:30:46.606 D/AutofillManagerService( 1194): onBackKeyPressed()
11-20 12:30:47.661 I/chatty  ( 1194): uid=1000(system) android.ui identical 2 lines
11-20 12:30:48.622 D/AutofillManagerService( 1194): onBackKeyPressed()
11-20 12:30:49.146 W/ActivityManager( 1194): Invalid packageName: com.facebook.wearable.system.settings/com.facebook.wearable.system.settings.SettingsActivity
11-20 12:30:49.275 I/ActivityTaskManager( 1194): START u0 {flg=0x10000000 cmp=com.facebook.wearable.system.settings/.SettingsActivity} from uid 0
11-20 12:30:49.292 I/ActivityTaskManager( 1194): The Process com.facebook.wearable.system.settings Already Exists in BG. So sending its PID: 26117
11-20 12:30:49.292 W/ActivityTaskManager( 1194): Tried to set launchTime (0) < mLastActivityLaunchTime (74565550)
11-20 12:30:49.968 D/commandrouter( 1117): rtc_sync (1, rtc:sync): <ServiceRequest> FORWARDED (remote -> local) service client ID = 0, token ID = 40223
11-20 12:30:49.969 D/commandrouter( 1117): SocServiceHandle::onServiceMessage, SoC Service = rtc_sync, appType = 1, type = SVC_RESP, clientId = 0, token = 40223, payloadLen = 8, result = 0, payload.size() = 8
11-20 12:30:52.236 E/TaskPersister( 1194): File error accessing recents directory (directory doesn't exist?).
11-20 12:30:56.888 W/ContextImpl( 1194): Calling a method in the system process without a qualified user: android.app.ContextImpl.sendBroadcastMultiplePermissions:1143 android.content.Context.sendBroadcastWithMultiplePermissions:2150 com.android.server.display.WifiDisplayAdapter.handleSendStatusChangeBroadcast:440 com.android.server.display.WifiDisplayAdapter.access$1700:63 com.android.server.display.WifiDisplayAdapter$WifiDisplayHandler.handleMessage:675 
11-20 12:30:57.317 D/ConnectivityService( 1194): [165 WIFI] EVENT_NETWORK_INFO_CHANGED, going from CONNECTED to DISCONNECTED
11-20 12:30:57.318 D/ConnectivityService( 1194): [165 WIFI] disconnected, was satisfying 24
11-20 12:30:57.389 I/Nat464Xlat( 1194): Android Xlat is disabled
11-20 12:30:57.389 I/Nat464Xlat( 1194): Android Xlat is disabled
11-20 12:30:57.451 D/ConnectivityService( 1194): Sending DISCONNECTED broadcast for type 1 [165 WIFI] isDefaultNetwork=true
11-20 12:30:57.465 D/ConnectivityService( 1194): NetReassign [8 : null → 100, 20 : null → 100, 46 : null → 100, 45 : null → 100, 12 : null → 100, 22 : null → 100, 16 : null → 100, 14 : null → 100, 50 : null → 100, 18 : null → 100, 1222 : null → 100, 11 : null → 100, 1 : null → 100, 17 : null → 100]
11-20 12:30:57.473 E/NetlinkEvent(  459): NetlinkEvent::FindParam(): Parameter 'INTERFACE' not found
11-20 12:30:57.474 E/NetlinkEvent(  459): NetlinkEvent::FindParam(): Parameter 'STATE' not found
11-20 12:30:57.474 E/NetlinkEvent(  459): NetlinkEvent::FindParam(): Parameter 'TIME_NS' not found
11-20 12:30:57.474 E/NetlinkEvent(  459): NetlinkEvent::FindParam(): Parameter 'UID' not found
11-20 12:30:57.493 D/ConnectivityService( 1194): Switching to new default network: NetworkAgentInfo{ ni{[type: MOBILE[LTE], state: CONNECTED/CONNECTED, reason: (unspecified), extra: nxtgenphone, failover: false, available: true, roaming: false]}  network{100}  nethandle{432902426637}  lp{{InterfaceName: rmnet_data2 LinkAddresses: [ 10.129.103.196/29,2600:380:c119:24f:b89a:9f3c:46c1:95af/64 ] DnsAddresses: [ /172.26.38.1,/fc00:a:a::300 ] Domains: null MTU: 1430 TcpBufferSizes: 2097152,4194304,8388608,262144,524288,1048576 Routes: [ 0.0.0.0/0 -> 10.129.103.197 rmnet_data2 mtu 1430,::/0 -> fe80::b45f:41f1:1846:969d rmnet_data2 mtu 1430,10.129.103.192/29 -> 0.0.0.0 rmnet_data2 mtu 0,2600:380:c119:24f::/64 -> :: rmnet_data2 mtu 0 ]}}  nc{[ Transports: CELLULAR Capabilities: MMS&SUPL&FOTA&INTERNET&NOT_RESTRICTED&TRUSTED&NOT_VPN&VALIDATED&NOT_ROAMING&NOT_CONGESTED&NOT_SUSPENDED LinkUpBandwidth>=15000Kbps LinkDnBandwidth>=30000Kbps Specifier: <TelephonyNetworkSpecifier [mSubId = 1]> AdministratorUids: [] RequestorUid: -1 RequestorPackageName: null]}  Score{50}  everValidated{true}  lastValidated{true}  created{true} lingering{false} explicitlySelected{false} acceptUnvalidated{false} everCaptivePortalDetected{false} lastCaptivePortalDetected{false} partialConnectivity{false} acceptPartialConnectivity{false} clat{mBaseIface: null, mIface: null, mState: IDLE} }
11-20 12:30:57.660 D/ConnectivityService( 1194): Sending CONNECTED broadcast for type 0 [100 CELLULAR] isDefaultNetwork=true
11-20 12:30:59.968 D/commandrouter( 1117): rtc_sync (1, rtc:sync): <ServiceRequest> FORWARDED (remote -> local) service client ID = 0, token ID = 40224
11-20 12:30:59.969 D/commandrouter( 1117): SocServiceHandle::onServiceMessage, SoC Service = rtc_sync, appType = 1, type = SVC_RESP, clientId = 0, token = 40224, payloadLen = 8, result = 0, payload.size() = 8
11-20 12:31:01.751 D/AutofillManagerService( 1194): onBackKeyPressed()
11-20 12:31:04.627 I/chatty  ( 1194): uid=1000(system) android.ui identical 3 lines
11-20 12:31:05.627 D/AutofillManagerService( 1194): onBackKeyPressed()
11-20 12:31:06.304 E/TaskPersister( 1194): File error accessing recents directory (directory doesn't exist?).
11-20 12:31:06.619 D/AutofillManagerService( 1194): onBackKeyPressed()
11-20 12:31:07.633 I/chatty  ( 1194): uid=1000(system) android.ui identical 1 line
11-20 12:31:08.627 D/AutofillManagerService( 1194): onBackKeyPressed()
11-20 12:31:09.154 W/ActivityManager( 1194): Invalid packageName: com.facebook.wearable.system.settings/com.facebook.wearable.system.settings.SettingsActivity
11-20 12:31:09.278 I/ActivityTaskManager( 1194): START u0 {flg=0x10000000 cmp=com.facebook.wearable.system.settings/.SettingsActivity} from uid 0
11-20 12:31:09.296 I/ActivityTaskManager( 1194): The Process com.facebook.wearable.system.settings Already Exists in BG. So sending its PID: 26117
11-20 12:31:09.297 W/ActivityTaskManager( 1194): Tried to set launchTime (0) < mLastActivityLaunchTime (74595557)
11-20 12:31:09.969 D/commandrouter( 1117): rtc_sync (1, rtc:sync): <ServiceRequest> FORWARDED (remote -> local) service client ID = 0, token ID = 40225
11-20 12:31:09.969 D/commandrouter( 1117): SocServiceHandle::onServiceMessage, SoC Service = rtc_sync, appType = 1, type = SVC_RESP, clientId = 0, token = 40225, payloadLen = 8, result = 0, payload.size() = 8
11-20 12:31:12.679 D/commandrouter( 1117): SocServiceHandle::onServiceMessage, SoC Service = mcu_healthcheck_1118, appType = 1, type = SVC_REQ, clientId = 0, token = 2485, payloadLen = 12, result = 0, payload.size() = 12
11-20 12:31:12.683 D/commandrouter( 1117): mcu_healthcheck_1118 (1, merlot:mcu_health:control): <ServiceResponse> FORWARDED (remote -> local) CR token ID = 2485, service client ID = 40, token ID = 44704, result = 0
11-20 12:31:12.683 D/mculinkhealth( 1118): isMcuReachable 1 (4 ms)
11-20 12:31:12.771 D/commandrouter( 1117): SocServiceHandle::onServiceMessage, SoC Service = mcu_healthcheck_946, appType = 1, type = SVC_REQ, clientId = 0, token = 1242, payloadLen = 20, result = 0, payload.size() = 20
11-20 12:31:12.773 D/commandrouter( 1117): mcu_healthcheck_946 (1, merlot:mcu_health:control): <ServiceResponse> FORWARDED (remote -> local) CR token ID = 1242, service client ID = 6, token ID = 44705, result = 0
11-20 12:31:12.853 E/TaskPersister( 1194): File error accessing recents directory (directory doesn't exist?).
11-20 12:31:15.836 W/ContextImpl( 1194): Calling a method in the system process without a qualified user: android.app.ContextImpl.sendBroadcastMultiplePermissions:1143 android.content.Context.sendBroadcastWithMultiplePermissions:2150 com.android.server.display.WifiDisplayAdapter.handleSendStatusChangeBroadcast:440 com.android.server.display.WifiDisplayAdapter.access$1700:63 com.android.server.display.WifiDisplayAdapter$WifiDisplayHandler.handleMessage:675 
11-20 12:31:16.774 W/ContextImpl( 1194): Calling a method in the system process without a qualified user: android.app.ContextImpl.sendBroadcastMultiplePermissions:1143 android.content.Context.sendBroadcastWithMultiplePermissions:2150 com.android.server.wifi.p2p.WifiP2pServiceImpl$P2pStateMachine.sendBroadcastMultiplePermissions:3209 com.android.server.wifi.p2p.WifiP2pServiceImpl$P2pStateMachine.sendP2pConnectionChangedBroadcast:3236 com.android.server.wifi.p2p.WifiP2pServiceImpl$P2pStateMachine.access$5100:768 
11-20 12:31:16.776 W/BroadcastQueue( 1194): Permission Denial: receiving Intent { act=android.net.wifi.p2p.CONNECTION_STATE_CHANGE flg=0x24000010 (has extras) } to ProcessRecord{ba73 1900:.qtidataservices/u0a89} (pid=1900, uid=10089) requires android.permission.ACCESS_FINE_LOCATION due to sender android (uid 1000)
11-20 12:31:16.791 W/ContextImpl( 1194): Calling a method in the system process without a qualified user: android.app.ContextImpl.sendBroadcastMultiplePermissions:1143 android.content.Context.sendBroadcastWithMultiplePermissions:2150 com.android.server.wifi.p2p.WifiP2pServiceImpl$P2pStateMachine.sendBroadcastMultiplePermissions:3209 com.android.server.wifi.p2p.WifiP2pServiceImpl$P2pStateMachine.sendThisDeviceChangedBroadcast:3218 com.android.server.wifi.p2p.WifiP2pServiceImpl$P2pStateMachine.updateThisDevice:3962 
11-20 12:31:16.836 W/wificond(  906): Scan is not started. Ignore abort request
11-20 12:31:18.256 D/ConnectivityService( 1194): registerNetworkAgent NetworkAgentInfo{ ni{[type: WIFI[], state: UNKNOWN/IDLE, reason: (unspecified), extra: , failover: false, available: true, roaming: false]}  network{166}  nethandle{716370268173}  lp{{InterfaceName: wlan0 LinkAddresses: [ ] DnsAddresses: [ ] Domains: null MTU: 0 Routes: [ ]}}  nc{[ Transports: WIFI Capabilities: NOT_METERED&INTERNET&NOT_RESTRICTED&TRUSTED&NOT_VPN&NOT_ROAMING&FOREGROUND&NOT_CONGESTED&NOT_SUSPENDED LinkUpBandwidth>=72000Kbps LinkDnBandwidth>=72000Kbps OwnerUid: 1000 SSID: "MTBF_Lab" RequestorUid: -1 RequestorPackageName: null]}  Score{20}  everValidated{false}  lastValidated{false}  created{false} lingering{false} explicitlySelected{false} acceptUnvalidated{false} everCaptivePortalDetected{false} lastCaptivePortalDetected{false} partialConnectivity{false} acceptPartialConnectivity{false} clat{mBaseIface: null, mIface: null, mState: IDLE} }
11-20 12:31:18.332 D/ConnectivityService( 1194): [166 WIFI] EVENT_NETWORK_INFO_CHANGED, going from UNKNOWN to UNKNOWN
11-20 12:31:18.486 D/ConnectivityService( 1194): NetReassign [no changes]
11-20 12:31:18.503 I/Nat464Xlat( 1194): Android Xlat is disabled
11-20 12:31:18.503 I/Nat464Xlat( 1194): Android Xlat is disabled
11-20 12:31:18.648 E/ConnectivityService( 1194): Exception in networkAddRouteParcel for non-gateway: android.os.ServiceSpecificException: Machine is not on the network (code 64)
11-20 12:31:18.649 E/ConnectivityService( 1194): Exception in networkAddRouteParcel for gateway: android.os.ServiceSpecificException: Machine is not on the network (code 64)
11-20 12:31:18.649 I/Nat464Xlat( 1194): Android Xlat is disabled
11-20 12:31:18.649 I/Nat464Xlat( 1194): Android Xlat is disabled
11-20 12:31:18.720 D/ConnectivityService( 1194): Setting DNS servers for network 166 to [/192.168.1.1]
11-20 12:31:18.728 I/Nat464Xlat( 1194): Android Xlat is disabled
11-20 12:31:18.728 I/Nat464Xlat( 1194): Android Xlat is disabled
11-20 12:31:18.819 D/ConnectivityService( 1194): [166 WIFI] EVENT_NETWORK_INFO_CHANGED, going from UNKNOWN to CONNECTED
11-20 12:31:18.860 D/DnsManager( 1194): sendDnsConfigurationForNetwork(166, [192.168.1.1], [], 1800, 25, 8, 64, 0, 0, , [])
11-20 12:31:18.874 W/DnsManager( 1194): updatePrivateDns(166, PrivateDnsConfig{true:/[]})
11-20 12:31:18.875 D/ConnectivityService( 1194): Setting DNS servers for network 166 to [/192.168.1.1]
11-20 12:31:18.876 D/DnsManager( 1194): sendDnsConfigurationForNetwork(166, [192.168.1.1], [], 1800, 25, 8, 64, 0, 0, , [192.168.1.1])
11-20 12:31:18.879 D/ConnectivityService( 1194): Adding iface wlan0 to network 166
11-20 12:31:18.897 D/ConnectivityService( 1194): Setting DNS servers for network 166 to [/192.168.1.1]
11-20 12:31:18.898 D/DnsManager( 1194): sendDnsConfigurationForNetwork(166, [192.168.1.1], [], 1800, 25, 8, 64, 0, 0, , [192.168.1.1])
11-20 12:31:18.900 I/Nat464Xlat( 1194): Android Xlat is disabled
11-20 12:31:18.900 I/Nat464Xlat( 1194): Android Xlat is disabled
11-20 12:31:18.961 D/ConnectivityService( 1194): NetReassign [no changes]
11-20 12:31:19.263 I/Nat464Xlat( 1194): Android Xlat is disabled
11-20 12:31:19.263 I/Nat464Xlat( 1194): Android Xlat is disabled
11-20 12:31:19.383 D/ConnectivityService( 1194): [166 WIFI] validation passed
11-20 12:31:19.384 D/ConnectivityService( 1194): NetReassign [8 : 100 → 166, 20 : 100 → 166, 46 : 100 → 166, 45 : 100 → 166, 12 : 100 → 166, 22 : 100 → 166, 16 : 100 → 166, 14 : 100 → 166, 50 : 100 → 166, 18 : 100 → 166, 1222 : 100 → 166, 11 : 100 → 166, 1 : 100 → 166, 17 : 100 → 166]
11-20 12:31:19.397 E/NetlinkEvent(  459): NetlinkEvent::FindParam(): Parameter 'INTERFACE' not found
11-20 12:31:19.397 E/NetlinkEvent(  459): NetlinkEvent::FindParam(): Parameter 'STATE' not found
11-20 12:31:19.397 E/NetlinkEvent(  459): NetlinkEvent::FindParam(): Parameter 'TIME_NS' not found
11-20 12:31:19.397 E/NetlinkEvent(  459): NetlinkEvent::FindParam(): Parameter 'UID' not found
11-20 12:31:19.422 D/ConnectivityService( 1194): Switching to new default network: NetworkAgentInfo{ ni{[type: WIFI[], state: CONNECTED/CONNECTED, reason: (unspecified), extra: , failover: false, available: true, roaming: false]}  network{166}  nethandle{716370268173}  lp{{InterfaceName: wlan0 LinkAddresses: [ 192.168.1.39/24,fe80::8d6:4aff:fe32:b1ee/64 ] DnsAddresses: [ /192.168.1.1 ] Domains: null MTU: 0 ServerAddress: /192.168.1.1 TcpBufferSizes: 524288,1048576,2097152,262144,524288,1048576 Routes: [ fe80::/64 -> :: wlan0 mtu 0,192.168.1.0/24 -> 0.0.0.0 wlan0 mtu 0,0.0.0.0/0 -> 192.168.1.1 wlan0 mtu 0 ]}}  nc{[ Transports: WIFI Capabilities: NOT_METERED&INTERNET&NOT_RESTRICTED&TRUSTED&NOT_VPN&VALIDATED&NOT_ROAMING&FOREGROUND&NOT_CONGESTED&NOT_SUSPENDED LinkUpBandwidth>=67000Kbps LinkDnBandwidth>=67000Kbps SignalStrength: -38 OwnerUid: 1000 SSID: "MTBF_Lab" RequestorUid: -1 RequestorPackageName: null]}  Score{60}  everValidated{true}  lastValidated{true}  created{true} lingering{false} explicitlySelected{false} acceptUnvalidated{false} everCaptivePortalDetected{false} lastCaptivePortalDetected{false} partialConnectivity{false} acceptPartialConnectivity{false} clat{mBaseIface: null, mIface: null, mState: IDLE} }
11-20 12:31:19.678 D/ConnectivityService( 1194): Lingering [100 CELLULAR] for 30000ms
11-20 12:31:19.684 D/ConnectivityService( 1194): Sending DISCONNECTED broadcast for type 0 [100 CELLULAR] isDefaultNetwork=true
11-20 12:31:19.712 D/ConnectivityService( 1194): Sending CONNECTED broadcast for type 1 [166 WIFI] isDefaultNetwork=true
11-20 12:31:19.753 D/ConnectivityService( 1194): Setting DNS servers for network 166 to [/192.168.1.1]
11-20 12:31:19.753 D/DnsManager( 1194): sendDnsConfigurationForNetwork(166, [192.168.1.1], [], 1800, 25, 8, 64, 0, 0, , [192.168.1.1])
11-20 12:31:19.812 D/CompatibilityChangeReporter( 1194): Compat change id reported: 135634846; UID 10013; state: DISABLED
11-20 12:31:19.813 D/CompatibilityChangeReporter( 1194): Compat change id reported: 143937733; UID 10013; state: ENABLED
11-20 12:31:19.850 W/Looper  ( 1194): Slow dispatch took 110ms main h=com.android.server.job.JobSchedulerService$JobHandler c=null m=1
11-20 12:31:19.950 W/ActivityManager( 1194): Slow operation: 151ms so far, now at startProcess: returned from zygote!
11-20 12:31:19.951 W/ActivityManager( 1194): Slow operation: 151ms so far, now at startProcess: done updating battery stats
11-20 12:31:19.951 W/ActivityManager( 1194): Slow operation: 151ms so far, now at startProcess: building log message
11-20 12:31:19.953 I/ActivityManager( 1194): Start proc 28910:com.facebook.wearable.system.updater/u0a13 for service {com.facebook.wearable.system.updater/com.facebook.wearable.system.updater.core.scheduler.OSUpdateScheduleService}
11-20 12:31:19.953 W/ActivityManager( 1194): Slow operation: 154ms so far, now at startProcess: starting to update pids map
11-20 12:31:19.957 W/ActivityManager( 1194): Slow operation: 157ms so far, now at startProcess: done updating pids map
11-20 12:31:19.968 D/commandrouter( 1117): rtc_sync (1, rtc:sync): <ServiceRequest> FORWARDED (remote -> local) service client ID = 0, token ID = 40226
11-20 12:31:19.969 D/commandrouter( 1117): SocServiceHandle::onServiceMessage, SoC Service = rtc_sync, appType = 1, type = SVC_RESP, clientId = 0, token = 40226, payloadLen = 8, result = 0, payload.size() = 8
11-20 12:31:20.257 D/AppStorageManager( 1194): BEFORE:: Previous Size: 887103488 Current Size: 887345152
11-20 12:31:20.257 D/AppStorageManager( 1194): AFTER:: Previous Size: 887345152 Current Size: 887345152
11-20 12:31:21.216 D/ConnectivityService( 1194): NetReassign [no changes]
11-20 12:31:22.006 D/ConnectivityService( 1194): requestNetwork for uid/pid:10013/28910 NetworkRequest [ TRACK_DEFAULT id=1299, [ Capabilities: INTERNET&NOT_RESTRICTED&TRUSTED Uid: 10013 AdministratorUids: [] RequestorUid: 10013 RequestorPackageName: com.facebook.wearable.system.updater] ]
11-20 12:31:22.007 D/ConnectivityService( 1194): NetReassign [1299 : null → 166]
11-20 12:31:22.276 D/JavaBinder( 1194): Here is le tags []
11-20 12:31:22.294 D/JavaBinder( 1194): Here is le tags []
11-20 12:31:29.975 D/commandrouter( 1117): rtc_sync (1, rtc:sync): <ServiceRequest> FORWARDED (remote -> local) service client ID = 0, token ID = 40227
11-20 12:31:29.976 D/commandrouter( 1117): SocServiceHandle::onServiceMessage, SoC Service = rtc_sync, appType = 1, type = SVC_RESP, clientId = 0, token = 40227, payloadLen = 8, result = 0, payload.size() = 8
11-20 12:31:36.950 D/AutofillManagerService( 1194): onBackKeyPressed()
--------- beginning of main
11-20 12:31:38.621 D/CompatibilityInfo( 1194): applicationScale - 1.0
11-20 12:31:38.870 D/CompatibilityInfo( 1194): mCompatibilityFlags - 4
11-20 12:31:38.870 D/CompatibilityInfo( 1194): applicationDensity - 320
11-20 12:31:38.871 D/CompatibilityInfo( 1194): applicationScale - 1.0
11-20 12:31:38.874 D/CompatibilityInfo( 1194): mCompatibilityFlags - 4
11-20 12:31:38.874 D/CompatibilityInfo( 1194): applicationDensity - 320
11-20 12:31:38.874 D/CompatibilityInfo( 1194): applicationScale - 1.0
11-20 12:31:38.910 E/ANDR-PERF-OPTSHANDLER(  557): perf_lock_rel: failed for /sys/class/kgsl/kgsl-3d0/min_pwrlevel as previous value is not stored
11-20 12:31:38.911 E/ANDR-PERF-RESOURCEQS(  557): Failed to reset optimization [3, 0]
11-20 12:31:39.621 D/LauncherActivity( 4420): onKeyUp() called with keycode:4, event: KeyEvent { action=ACTION_UP, keyCode=KEYCODE_BACK, scanCode=0, metaState=0, flags=0x200, repeatCount=0, eventTime=74645863, downTime=74645863, deviceId=-1, source=0x101, displayId=-1 }
11-20 12:31:39.898 E/QMI_FW  ( 1113): qmi_cci_get_ref: ref count increased 2
11-20 12:31:39.900 E/QMI_FW  ( 1113): qmi_cci_get_ref: ref count increased 2
11-20 12:31:39.913 I/WearableConnectivityManager( 4420): LTE Signal strength is: 1
11-20 12:31:39.913 I/WearableConnectivityManager( 4420): Cellular Signal strength is: 1
11-20 12:31:39.914 D/RadioLinkQualityScoreBuilder( 1975): scoreRsrp: 2scoreRsrq: 2scoreRssnr: 3
11-20 12:31:39.914 D/WirelessInsightServiceImpl( 1975): onSignalStrengthsChanged: SignalStrength = SignalStrength:{mCdma=CellSignalStrengthCdma: cdmaDbm=2147483647 cdmaEcio=2147483647 evdoDbm=2147483647 evdoEcio=2147483647 evdoSnr=2147483647 level=0,mGsm=CellSignalStrengthGsm: rssi=2147483647 ber=2147483647 mTa=2147483647 mLevel=0,mWcdma=CellSignalStrengthWcdma: ss=2147483647 ber=2147483647 rscp=2147483647 ecno=2147483647 level=0,mTdscdma=CellSignalStrengthTdscdma: rssi=2147483647 ber=2147483647 rscp=2147483647 level=0,mLte=CellSignalStrengthLte: rssi=-79 rsrp=-113 rsrq=-14 rssnr=8 cqi=2147483647 ta=2147483647 level=1 parametersUseForLevel=0,mNr=CellSignalStrengthNr:{ csiRsrp = 2147483647 csiRsrq = 2147483647 csiSinr = 2147483647 ssRsrp = 2147483647 ssRsrq = 2147483647 ssSinr = 2147483647 level = 0 parametersUseForLevel = 0 },primary=CellSignalStrengthLte}
11-20 12:31:39.914 D/WirelessInsightServiceImpl( 1975): Score: 2
11-20 12:31:39.914 D/WirelessInsightServiceImpl( 1975): notifyListeners: listeners = 0, score = 2
11-20 12:31:38.068 I/chatty  ( 1194): uid=1000(system) android.ui identical 2 lines
11-20 12:31:39.619 D/AutofillManagerService( 1194): onBackKeyPressed()
11-20 12:31:39.979 D/commandrouter( 1117): rtc_sync (1, rtc:sync): <ServiceRequest> FORWARDED (remote -> local) service client ID = 0, token ID = 40228
11-20 12:31:39.980 D/vendor.facebook.rtc_sync@1.0-service( 1129): Request req_ts=1637411499972973517 resp_ts=1637411499980299867
11-20 12:31:39.980 D/commandrouter( 1117): SocServiceHandle::onServiceMessage, SoC Service = rtc_sync, appType = 1, type = SVC_RESP, clientId = 0, token = 40228, payloadLen = 8, result = 0, payload.size() = 8
11-20 12:31:40.238 W/ActivityManager( 1194): Invalid packageName: com.facebook.wearable.system.settings/com.facebook.wearable.system.settings.SettingsActivity
11-20 12:31:40.239 I/cmd     (28975): oneway function results will be dropped but finished with status OK and parcel size 4
11-20 12:31:40.328 I/ActivityTaskManager( 1194): START u0 {flg=0x10000000 cmp=com.facebook.wearable.system.settings/.SettingsActivity} from uid 0
11-20 12:31:40.346 D/CompatibilityInfo( 1194): mCompatibilityFlags - 4
11-20 12:31:40.346 D/CompatibilityInfo( 1194): applicationDensity - 320
11-20 12:31:40.346 D/CompatibilityInfo( 1194): applicationScale - 1.0
11-20 12:31:40.347 D/ActivityTrigger( 1194): ActivityTrigger activityPauseTrigger 
11-20 12:31:40.351 I/ActivityTaskManager( 1194): The Process com.facebook.wearable.system.settings Already Exists in BG. So sending its PID: 26117
11-20 12:31:40.352 W/ActivityTaskManager( 1194): Tried to set launchTime (0) < mLastActivityLaunchTime (74615562)
11-20 12:31:40.354 D/CompatibilityInfo( 1194): mCompatibilityFlags - 4
11-20 12:31:40.354 D/CompatibilityInfo( 1194): applicationDensity - 320
11-20 12:31:40.354 D/CompatibilityInfo( 1194): applicationScale - 1.0
11-20 12:31:40.364 I/cmd     (28980): oneway function results will be dropped but finished with status OK and parcel size 4
11-20 12:31:40.379 D/LauncherActivity( 4420): onPause
11-20 12:31:40.464 D/CompatibilityInfo( 1194): mCompatibilityFlags - 4
11-20 12:31:40.464 D/CompatibilityInfo( 1194): applicationDensity - 320
11-20 12:31:40.464 D/CompatibilityInfo( 1194): applicationScale - 1.0
11-20 12:31:40.696 E/StatusBarClientConnection(26117): Service connected
11-20 12:31:40.722 W/View    (26117): requestLayout() improperly called by android.view.View{b33e80b V.ED..... ......I. 0,368-474,474} during layout: running second layout pass
11-20 12:31:40.735 D/FacebookProvider(25411): Starting SSO Network Fetch for 263529928325379
11-20 12:31:40.736 I/AccountsContentProvider(25411): No Primary Account. Accounts Error [content://com.facebook.wearable.system.accounts.AccountsContentProvider/facebook/263529928325379]
11-20 12:31:40.745 W/View    (26117): requestLayout() improperly called by com.facebook.wearable.common.wds.listview.WdsListView{b541b00 V.E..V... ........ 0,0-474,474} during second layout pass: posting in next frame
11-20 12:31:40.760 E/DatabaseUtils(25411): Writing exception to parcel
11-20 12:31:40.760 E/DatabaseUtils(25411): java.lang.IllegalStateException: No Primary Account
11-20 12:31:40.760 E/DatabaseUtils(25411): 	at com.facebook.secure.content.AbstractContentProvider.doQuery(:284)
11-20 12:31:40.760 E/DatabaseUtils(25411): 	at com.facebook.secure.content.AbstractContentProvider.query(:8)
11-20 12:31:40.760 E/DatabaseUtils(25411): 	at android.content.ContentProvider.query(ContentProvider.java:1474)
11-20 12:31:40.760 E/DatabaseUtils(25411): 	at android.content.ContentProvider$Transport.query(ContentProvider.java:278)
11-20 12:31:40.760 E/DatabaseUtils(25411): 	at android.content.ContentProviderNative.onTransact(ContentProviderNative.java:106)
11-20 12:31:40.760 E/DatabaseUtils(25411): 	at android.os.Binder.execTransactInternal(Binder.java:1154)
11-20 12:31:40.760 E/DatabaseUtils(25411): 	at android.os.Binder.execTransact(Binder.java:1123)
11-20 12:31:40.771 E/AccountsViewModel(26117): AccountsViewModel.flow failed: No Primary Account
11-20 12:31:40.771 E/AccountsViewModel(26117): java.lang.IllegalStateException: No Primary Account
11-20 12:31:40.771 E/AccountsViewModel(26117): 	at android.os.Parcel.createExceptionOrNull(Parcel.java:2381)
11-20 12:31:40.771 E/AccountsViewModel(26117): 	at android.os.Parcel.createException(Parcel.java:2357)
11-20 12:31:40.771 E/AccountsViewModel(26117): 	at android.os.Parcel.readException(Parcel.java:2340)
11-20 12:31:40.771 E/AccountsViewModel(26117): 	at android.database.DatabaseUtils.readExceptionFromParcel(DatabaseUtils.java:190)
11-20 12:31:40.771 E/AccountsViewModel(26117): 	at android.database.DatabaseUtils.readExceptionFromParcel(DatabaseUtils.java:142)
11-20 12:31:40.771 E/AccountsViewModel(26117): 	at android.content.ContentProviderProxy.query(ContentProviderNative.java:472)
11-20 12:31:40.771 E/AccountsViewModel(26117): 	at android.content.ContentResolver.query(ContentResolver.java:1185)
11-20 12:31:40.771 E/AccountsViewModel(26117): 	at android.content.ContentResolver.query(ContentResolver.java:1116)
11-20 12:31:40.771 E/AccountsViewModel(26117): 	at com.facebook.wearable.common.accounts.contract.WearableAccountsContractRequest.query(:51)
11-20 12:31:40.771 E/AccountsViewModel(26117): 	at kotlin.coroutines.jvm.internal.BaseContinuationImpl.invokeSuspend(:95489)
11-20 12:31:40.771 E/AccountsViewModel(26117): 	at com.facebook.wearable.common.accounts.WearableAccountsKt$fb$1.invoke(:9)
11-20 12:31:40.771 E/AccountsViewModel(26117): 	at com.facebook.wearable.common.coroutines.lazy.LazyAsync.get(:101)
11-20 12:31:40.771 E/AccountsViewModel(26117): 	at kotlin.coroutines.jvm.internal.BaseContinuationImpl.invokeSuspend(:96596)
11-20 12:31:40.771 E/AccountsViewModel(26117): 	at com.facebook.wearable.system.settings.accounts.AccountsViewModel$wearableAccountFlow$1.invoke(:11)
11-20 12:31:40.771 E/AccountsViewModel(26117): 	at kotlinx.coroutines.flow.AbstractFlow.collect$rvp0$0(:72)
11-20 12:31:40.771 E/AccountsViewModel(26117): 	at kotlin.coroutines.jvm.internal.BaseContinuationImpl.invokeSuspend(:95417)
11-20 12:31:40.771 E/AccountsViewModel(26117): 	at kotlinx.coroutines.flow.FlowKt__ShareKt$launchSharing$1$2.invoke(Unknown Source:10)
11-20 12:31:40.771 E/AccountsViewModel(26117): 	at kotlin.coroutines.jvm.internal.BaseContinuationImpl.invokeSuspend(:96715)
11-20 12:31:40.771 E/AccountsViewModel(26117): 	at kotlinx.coroutines.flow.FlowKt__MergeKt$mapLatest$1.invoke(Unknown Source:15)
11-20 12:31:40.771 E/AccountsViewModel(26117): 	at kotlin.coroutines.jvm.internal.BaseContinuationImpl.invokeSuspend(:96820)
11-20 12:31:40.771 E/AccountsViewModel(26117): 	at kotlinx.coroutines.flow.internal.ChannelFlowTransformLatest$flowCollect$3$1$2.invoke(Unknown Source:10)
11-20 12:31:40.771 E/AccountsViewModel(26117): 	at kotlinx.coroutines.CoroutineStart.invoke(:32)
11-20 12:31:40.771 E/AccountsViewModel(26117): 	at kotlinx.coroutines.BuildersKt__Builders_commonKt.launch(:15)
11-20 12:31:40.771 E/AccountsViewModel(26117): 	at kotlinx.coroutines.flow.internal.ChannelFlowTransformLatest$flowCollect$3$invokeSuspend$$inlined$collect$1.emit(:56)
11-20 12:31:40.771 E/AccountsViewModel(26117): 	at kotlinx.coroutines.flow.DistinctFlowImpl$collect$$inlined$collect$1.emit(:74)
11-20 12:31:40.771 E/AccountsViewModel(26117): 	at kotlinx.coroutines.flow.FlowKt__LimitKt$dropWhile$lambda-4$$inlined$collect$1.emit(:114)
11-20 12:31:40.771 E/AccountsViewModel(26117): 	at kotlinx.coroutines.flow.FlowKt__ChannelsKt.emitAllImpl$FlowKt__ChannelsKt(:123)
11-20 12:31:40.771 E/AccountsViewModel(26117): 	at kotlin.coroutines.jvm.internal.BaseContinuationImpl.invokeSuspend(:96917)
11-20 12:31:40.771 E/AccountsViewModel(26117): 	at kotlin.coroutines.jvm.internal.BaseContinuationImpl.resumeWith(:5)
11-20 12:31:40.771 E/AccountsViewModel(26117): 	at kotlinx.coroutines.DispatchedTask.run(:131)
11-20 12:31:40.771 E/AccountsViewModel(26117): 	at java.util.concurrent.Executors$RunnableAdapter.call(Executors.java:462)
11-20 12:31:40.771 E/AccountsViewModel(26117): 	at java.util.concurrent.FutureTask.run(FutureTask.java:266)
11-20 12:31:40.771 E/AccountsViewModel(26117): 	at com.facebook.wearable.common.executors.DelayedFutureTask.run(:22)
11-20 12:31:40.771 E/AccountsViewModel(26117): 	at java.util.concurrent.ThreadPoolExecutor.runWorker(ThreadPoolExecutor.java:1167)
11-20 12:31:40.771 E/AccountsViewModel(26117): 	at java.util.concurrent.ThreadPoolExecutor$Worker.run(ThreadPoolExecutor.java:641)
11-20 12:31:40.771 E/AccountsViewModel(26117): 	at com.facebook.wearable.common.executors.NamedThreadFactory$1.run(:7)
11-20 12:31:40.888 D/CompatibilityInfo( 1194): mCompatibilityFlags - 4
11-20 12:31:40.888 D/CompatibilityInfo( 1194): applicationDensity - 320
11-20 12:31:40.888 D/CompatibilityInfo( 1194): applicationScale - 1.0
11-20 12:31:40.915 D/ComplicationController( 4420): Stopping complication controller.
11-20 12:31:40.921 D/ComplicationDataManagerImpl( 4420): Fetching complication data for package: com.facebook.wearable.apps.calendar, com.facebook.wearable.apps.calendar.DAY_DATE_COMPLICATION.
11-20 12:31:40.922 D/ComplicationDataManagerImpl( 4420): Fetching complication data for package: com.facebook.wearable.apps.player, com.facebook.wearable.apps.player.SHORTCUT_COMPLICATION.
11-20 12:31:40.922 D/ComplicationDataManagerImpl( 4420): Fetching complication data for package: com.facebook.wearable.apps.gallery, com.facebook.wearable.apps.gallery.SHORTCUT_COMPLICATION.
11-20 12:31:40.923 D/ComplicationDataManagerImpl( 4420): Fetching complication data for package: com.facebook.wearable.apps.heart, com.facebook.wearable.apps.heart.HEART_RATE.
11-20 12:31:40.932 D/CompatibilityInfo( 1194): mCompatibilityFlags - 4
11-20 12:31:40.932 D/CompatibilityInfo( 1194): applicationDensity - 320
11-20 12:31:40.932 D/CompatibilityInfo( 1194): applicationScale - 1.0
11-20 12:31:41.409 D/UIAutomatorStub(26556): URI: /jsonrpc/0, Method: POST, Header: {content-length=192, remote-addr=127.0.0.1, http-client-ip=127.0.0.1, host=localhost:9010, content-type=application/json, accept-encoding=identity}, params, {NanoHttpd.QUERY_STRING=null}, files: {postData={"jsonrpc": "2.0", "method": "waitForExists", "id": "2d91359f8b1a612035208722683b2ab6", "params": [{"mask": 1, "childOrSibling": [], "childOrSiblingSelector": [], "text": "Notifications"}, 5]}}
11-20 12:31:41.459 D/UIAutomatorStub(26556): URI: /jsonrpc/0, Method: POST, Header: {content-length=191, remote-addr=127.0.0.1, http-client-ip=127.0.0.1, host=localhost:9010, content-type=application/json, accept-encoding=identity}, params, {NanoHttpd.QUERY_STRING=null}, files: {postData={"jsonrpc": "2.0", "method": "waitForExists", "id": "fd6c8ff0f623305daa07df83058c955d", "params": [{"mask": 1, "childOrSibling": [], "childOrSiblingSelector": [], "text": "Connectivity"}, 5]}}
11-20 12:31:41.514 D/UIAutomatorStub(26556): URI: /jsonrpc/0, Method: POST, Header: {content-length=180, remote-addr=127.0.0.1, http-client-ip=127.0.0.1, host=localhost:9010, content-type=application/json, accept-encoding=identity}, params, {NanoHttpd.QUERY_STRING=null}, files: {postData={"jsonrpc": "2.0", "method": "click", "id": "ebc947b3b8aaae4098f2ee739265b1b9", "params": [{"mask": 1, "childOrSibling": [], "childOrSiblingSelector": [], "text": "Connectivity"}]}}
11-20 12:31:41.555 E/ANDR-PERF-OPTSHANDLER(  557): Unable to find the correct node storage pointers for                   resource index=16, node path=/proc/sys/kernel/sched_upmigrate
