--------- beginning of system
11-19 17:05:54.357 D/AnalyticsLogger( 1196): sent events: 13
11-19 17:05:55.242 E/TaskPersister( 1196): File error accessing recents directory (directory doesn't exist?).
11-19 17:05:58.233 D/commandrouter( 1123): rtc_sync (1, rtc:sync): <ServiceRequest> FORWARDED (remote -> local) service client ID = 0, token ID = 33222
11-19 17:05:58.234 D/commandrouter( 1123): SocServiceHandle::onServiceMessage, SoC Service = rtc_sync, appType = 1, type = SVC_RESP, clientId = 0, token = 33222, payloadLen = 8, result = 0, payload.size() = 8
11-19 17:05:59.616 D/AutofillManagerService( 1196): onBackKeyPressed()
11-19 17:06:00.715 D/AutofillManagerService( 1196): onBackKeyPressed()
11-19 17:06:01.107 D/commandrouter( 1123): SocServiceHandle::onServiceMessage, SoC Service = mcu_healthcheck_933, appType = 1, type = SVC_REQ, clientId = 0, token = 75, payloadLen = 20, result = 0, payload.size() = 20
11-19 17:06:01.111 D/commandrouter( 1123): mcu_healthcheck_933 (1, merlot:mcu_health:control): <ServiceResponse> FORWARDED (remote -> local) CR token ID = 75, service client ID = 5, token ID = 479, result = 0
11-19 17:06:01.630 D/AutofillManagerService( 1196): onBackKeyPressed()
11-19 17:06:02.631 D/AutofillManagerService( 1196): onBackKeyPressed()
11-19 17:06:03.039 D/commandrouter( 1123): SocServiceHandle::onServiceMessage, SoC Service = mcu_healthcheck_1127, appType = 1, type = SVC_REQ, clientId = 0, token = 151, payloadLen = 12, result = 0, payload.size() = 12
11-19 17:06:03.042 D/commandrouter( 1123): mcu_healthcheck_1127 (1, merlot:mcu_health:control): <ServiceResponse> FORWARDED (remote -> local) CR token ID = 151, service client ID = 40, token ID = 480, result = 0
11-19 17:06:03.043 D/mculinkhealth( 1127): isMcuReachable 1 (4 ms)
11-19 17:06:03.629 D/AutofillManagerService( 1196): onBackKeyPressed()
11-19 17:06:06.627 I/chatty  ( 1196): uid=1000(system) android.ui identical 2 lines
11-19 17:06:07.625 D/AutofillManagerService( 1196): onBackKeyPressed()
11-19 17:06:08.155 W/ActivityManager( 1196): Invalid packageName: com.facebook.wearable.system.settings/com.facebook.wearable.system.settings.SettingsActivity
11-19 17:06:08.237 D/commandrouter( 1123): rtc_sync (1, rtc:sync): <ServiceRequest> FORWARDED (remote -> local) service client ID = 0, token ID = 33223
11-19 17:06:08.237 D/commandrouter( 1123): SocServiceHandle::onServiceMessage, SoC Service = rtc_sync, appType = 1, type = SVC_RESP, clientId = 0, token = 33223, payloadLen = 8, result = 0, payload.size() = 8
11-19 17:06:08.273 I/ActivityTaskManager( 1196): START u0 {flg=0x10000000 cmp=com.facebook.wearable.system.settings/.SettingsActivity} from uid 0
11-19 17:06:08.291 I/ActivityTaskManager( 1196): The Process com.facebook.wearable.system.settings Already Exists in BG. So sending its PID: 2711
11-19 17:06:08.293 W/ActivityTaskManager( 1196): Tried to set launchTime (0) < mLastActivityLaunchTime (4564653)
11-19 17:06:12.432 E/TaskPersister( 1196): File error accessing recents directory (directory doesn't exist?).
11-19 17:06:13.338 D/AutofillManagerService( 1196): onBackKeyPressed()
11-19 17:06:14.402 I/chatty  ( 1196): uid=1000(system) android.ui identical 2 lines
11-19 17:06:15.619 D/AutofillManagerService( 1196): onBackKeyPressed()
11-19 17:06:16.154 W/ActivityManager( 1196): Invalid packageName: com.facebook.wearable.system.settings/com.facebook.wearable.system.settings.SettingsActivity
11-19 17:06:16.277 I/ActivityTaskManager( 1196): START u0 {flg=0x10000000 cmp=com.facebook.wearable.system.settings/.SettingsActivity} from uid 0
11-19 17:06:16.294 I/ActivityTaskManager( 1196): The Process com.facebook.wearable.system.settings Already Exists in BG. So sending its PID: 2711
11-19 17:06:16.295 W/ActivityTaskManager( 1196): Tried to set launchTime (0) < mLastActivityLaunchTime (4598654)
11-19 17:06:18.237 D/commandrouter( 1123): rtc_sync (1, rtc:sync): <ServiceRequest> FORWARDED (remote -> local) service client ID = 0, token ID = 33224
11-19 17:06:18.237 D/commandrouter( 1123): SocServiceHandle::onServiceMessage, SoC Service = rtc_sync, appType = 1, type = SVC_RESP, clientId = 0, token = 33224, payloadLen = 8, result = 0, payload.size() = 8
11-19 17:06:18.973 E/TaskPersister( 1196): File error accessing recents directory (directory doesn't exist?).
11-19 17:06:19.721 D/AppStorageManager( 1196): BEFORE:: Previous Size: 1061769216 Current Size: 1061548032
11-19 17:06:19.721 D/AppStorageManager( 1196): AFTER:: Previous Size: 1061548032 Current Size: 1061548032
11-19 17:06:22.900 W/ContextImpl( 1196): Calling a method in the system process without a qualified user: android.app.ContextImpl.sendBroadcastMultiplePermissions:1143 android.content.Context.sendBroadcastWithMultiplePermissions:2150 com.android.server.display.WifiDisplayAdapter.handleSendStatusChangeBroadcast:440 com.android.server.display.WifiDisplayAdapter.access$1700:63 com.android.server.display.WifiDisplayAdapter$WifiDisplayHandler.handleMessage:675 
11-19 17:06:23.866 W/ContextImpl( 1196): Calling a method in the system process without a qualified user: android.app.ContextImpl.sendBroadcastMultiplePermissions:1143 android.content.Context.sendBroadcastWithMultiplePermissions:2150 com.android.server.wifi.p2p.WifiP2pServiceImpl$P2pStateMachine.sendBroadcastMultiplePermissions:3209 com.android.server.wifi.p2p.WifiP2pServiceImpl$P2pStateMachine.sendP2pConnectionChangedBroadcast:3236 com.android.server.wifi.p2p.WifiP2pServiceImpl$P2pStateMachine.access$5100:768 
11-19 17:06:23.867 W/BroadcastQueue( 1196): Permission Denial: receiving Intent { act=android.net.wifi.p2p.CONNECTION_STATE_CHANGE flg=0x24000010 (has extras) } to ProcessRecord{2e9d247 1887:.qtidataservices/u0a89} (pid=1887, uid=10089) requires android.permission.ACCESS_FINE_LOCATION due to sender android (uid 1000)
11-19 17:06:23.874 W/ContextImpl( 1196): Calling a method in the system process without a qualified user: android.app.ContextImpl.sendBroadcastMultiplePermissions:1143 android.content.Context.sendBroadcastWithMultiplePermissions:2150 com.android.server.wifi.p2p.WifiP2pServiceImpl$P2pStateMachine.sendBroadcastMultiplePermissions:3209 com.android.server.wifi.p2p.WifiP2pServiceImpl$P2pStateMachine.sendThisDeviceChangedBroadcast:3218 com.android.server.wifi.p2p.WifiP2pServiceImpl$P2pStateMachine.updateThisDevice:3962 
11-19 17:06:26.865 W/ContextImpl( 1196): Calling a method in the system process without a qualified user: android.app.ContextImpl.sendBroadcastMultiplePermissions:1143 android.content.Context.sendBroadcastWithMultiplePermissions:2150 com.android.server.wifi.ClientModeImpl.broadcastWifiCredentialChanged:6170 com.android.server.wifi.ClientModeImpl.lambda$connect$0:6716 com.android.server.wifi.ClientModeImpl.lambda$connect$0$ClientModeImpl:0 
11-19 17:06:27.085 W/wificond(  872): Scan is not started. Ignore abort request
11-19 17:06:27.774 D/ConnectivityService( 1196): registerNetworkAgent NetworkAgentInfo{ ni{[type: WIFI[], state: UNKNOWN/IDLE, reason: (unspecified), extra: , failover: false, available: true, roaming: false]}  network{102}  nethandle{441492361229}  lp{{LinkAddresses: [ ] DnsAddresses: [ ] Domains: null MTU: 0 Routes: [ ]}}  nc{[ Transports: WIFI Capabilities: NOT_METERED&INTERNET&NOT_RESTRICTED&TRUSTED&NOT_VPN&NOT_ROAMING&FOREGROUND&NOT_CONGESTED&NOT_SUSPENDED LinkUpBandwidth>=72000Kbps LinkDnBandwidth>=72000Kbps OwnerUid: 1000 SSID: "MTBF_Lab" RequestorUid: -1 RequestorPackageName: null]}  Score{20}  everValidated{false}  lastValidated{false}  created{false} lingering{false} explicitlySelected{true} acceptUnvalidated{false} everCaptivePortalDetected{false} lastCaptivePortalDetected{false} partialConnectivity{false} acceptPartialConnectivity{false} clat{mBaseIface: null, mIface: null, mState: IDLE} }
11-19 17:06:27.850 D/ConnectivityService( 1196): [102 WIFI] EVENT_NETWORK_INFO_CHANGED, going from UNKNOWN to UNKNOWN
11-19 17:06:28.056 D/ConnectivityService( 1196): NetReassign [no changes]
11-19 17:06:28.112 D/ConnectivityService( 1196): Adding iface wlan0 to network 102
11-19 17:06:28.134 E/ConnectivityService( 1196): Exception adding interface: java.lang.IllegalStateException: android.os.ServiceSpecificException: Machine is not on the network (code 64)
11-19 17:06:28.138 I/Nat464Xlat( 1196): Android Xlat is disabled
11-19 17:06:28.138 I/Nat464Xlat( 1196): Android Xlat is disabled
11-19 17:06:28.228 D/commandrouter( 1123): rtc_sync (1, rtc:sync): <ServiceRequest> FORWARDED (remote -> local) service client ID = 0, token ID = 33225
11-19 17:06:28.230 D/commandrouter( 1123): SocServiceHandle::onServiceMessage, SoC Service = rtc_sync, appType = 1, type = SVC_RESP, clientId = 0, token = 33225, payloadLen = 8, result = 0, payload.size() = 8
11-19 17:06:28.867 E/ConnectivityService( 1196): Exception in networkAddRouteParcel for non-gateway: android.os.ServiceSpecificException: Machine is not on the network (code 64)
11-19 17:06:28.869 E/ConnectivityService( 1196): Exception in networkAddRouteParcel for gateway: android.os.ServiceSpecificException: Machine is not on the network (code 64)
11-19 17:06:28.869 I/Nat464Xlat( 1196): Android Xlat is disabled
11-19 17:06:28.869 I/Nat464Xlat( 1196): Android Xlat is disabled
11-19 17:06:28.962 D/ConnectivityService( 1196): Setting DNS servers for network 102 to [/192.168.1.1]
11-19 17:06:28.972 I/Nat464Xlat( 1196): Android Xlat is disabled
11-19 17:06:28.972 I/Nat464Xlat( 1196): Android Xlat is disabled
11-19 17:06:29.179 D/ConnectivityService( 1196): [102 WIFI] EVENT_NETWORK_INFO_CHANGED, going from UNKNOWN to CONNECTED
11-19 17:06:29.196 D/DnsManager( 1196): sendDnsConfigurationForNetwork(102, [192.168.1.1], [], 1800, 25, 8, 64, 0, 0, , [])
11-19 17:06:29.215 W/DnsManager( 1196): updatePrivateDns(102, PrivateDnsConfig{true:/[]})
11-19 17:06:29.215 D/ConnectivityService( 1196): Setting DNS servers for network 102 to [/192.168.1.1]
11-19 17:06:29.217 D/DnsManager( 1196): sendDnsConfigurationForNetwork(102, [192.168.1.1], [], 1800, 25, 8, 64, 0, 0, , [192.168.1.1])
11-19 17:06:29.218 D/ConnectivityService( 1196): Adding iface wlan0 to network 102
11-19 17:06:29.258 D/ConnectivityService( 1196): Setting DNS servers for network 102 to [/192.168.1.1]
11-19 17:06:29.258 D/DnsManager( 1196): sendDnsConfigurationForNetwork(102, [192.168.1.1], [], 1800, 25, 8, 64, 0, 0, , [192.168.1.1])
11-19 17:06:29.260 I/Nat464Xlat( 1196): Android Xlat is disabled
11-19 17:06:29.260 I/Nat464Xlat( 1196): Android Xlat is disabled
11-19 17:06:29.315 D/ConnectivityService( 1196): NetReassign [no changes]
11-19 17:06:29.610 D/ConnectivityService( 1196): [102 WIFI] validation passed
11-19 17:06:29.611 D/ConnectivityService( 1196): NetReassign [11 : 101 → 102, 16 : 101 → 102, 66 : 101 → 102, 46 : 101 → 102, 68 : 101 → 102, 1 : 101 → 102, 31 : 101 → 102, 63 : 101 → 102, 25 : 101 → 102, 32 : 101 → 102, 8 : 101 → 102, 17 : 101 → 102, 12 : 101 → 102, 22 : 101 → 102, 14 : 101 → 102, 67 : 101 → 102]
11-19 17:06:29.621 E/NetlinkEvent(  458): NetlinkEvent::FindParam(): Parameter 'INTERFACE' not found
11-19 17:06:29.621 E/NetlinkEvent(  458): NetlinkEvent::FindParam(): Parameter 'STATE' not found
11-19 17:06:29.621 E/NetlinkEvent(  458): NetlinkEvent::FindParam(): Parameter 'TIME_NS' not found
11-19 17:06:29.621 E/NetlinkEvent(  458): NetlinkEvent::FindParam(): Parameter 'UID' not found
11-19 17:06:29.634 D/ConnectivityService( 1196): Switching to new default network: NetworkAgentInfo{ ni{[type: WIFI[], state: CONNECTED/CONNECTED, reason: (unspecified), extra: , failover: false, available: true, roaming: false]}  network{102}  nethandle{441492361229}  lp{{InterfaceName: wlan0 LinkAddresses: [ fe80::a05c:1fff:fe9e:1905/64,192.168.1.40/24 ] DnsAddresses: [ /192.168.1.1 ] Domains: null MTU: 0 ServerAddress: /192.168.1.1 TcpBufferSizes: 524288,1048576,2097152,262144,524288,1048576 Routes: [ fe80::/64 -> :: wlan0 mtu 0,192.168.1.0/24 -> 0.0.0.0 wlan0 mtu 0,0.0.0.0/0 -> 192.168.1.1 wlan0 mtu 0 ]}}  nc{[ Transports: WIFI Capabilities: NOT_METERED&INTERNET&NOT_RESTRICTED&TRUSTED&NOT_VPN&VALIDATED&NOT_ROAMING&FOREGROUND&NOT_CONGESTED&NOT_SUSPENDED LinkUpBandwidth>=40000Kbps LinkDnBandwidth>=40000Kbps SignalStrength: -34 OwnerUid: 1000 SSID: "MTBF_Lab" RequestorUid: -1 RequestorPackageName: null]}  Score{60}  everValidated{true}  lastValidated{true}  created{true} lingering{false} explicitlySelected{true} acceptUnvalidated{false} everCaptivePortalDetected{false} lastCaptivePortalDetected{false} partialConnectivity{false} acceptPartialConnectivity{false} clat{mBaseIface: null, mIface: null, mState: IDLE} }
11-19 17:06:29.827 D/ConnectivityService( 1196): Lingering [101 CELLULAR] for 30000ms
11-19 17:06:29.830 D/ConnectivityService( 1196): Sending DISCONNECTED broadcast for type 0 [101 CELLULAR] isDefaultNetwork=true
11-19 17:06:29.851 D/ConnectivityService( 1196): Sending CONNECTED broadcast for type 1 [102 WIFI] isDefaultNetwork=true
11-19 17:06:29.887 D/ConnectivityService( 1196): Setting DNS servers for network 102 to [/192.168.1.1]
11-19 17:06:29.914 D/CompatibilityChangeReporter( 1196): Compat change id reported: 135634846; UID 10013; state: DISABLED
11-19 17:06:29.915 D/CompatibilityChangeReporter( 1196): Compat change id reported: 143937733; UID 10013; state: ENABLED
11-19 17:06:29.951 D/DnsManager( 1196): sendDnsConfigurationForNetwork(102, [192.168.1.1], [], 1800, 25, 8, 64, 0, 0, , [192.168.1.1])
11-19 17:06:29.968 W/ActivityManager( 1196): Slow operation: 59ms so far, now at startProcess: returned from zygote!
11-19 17:06:29.979 W/ActivityManager( 1196): Slow operation: 72ms so far, now at startProcess: done updating battery stats
11-19 17:06:29.980 W/ActivityManager( 1196): Slow operation: 72ms so far, now at startProcess: building log message
11-19 17:06:29.987 W/Looper  ( 1196): Slow dispatch took 158ms android.fg h=android.net.ConnectivityManager$CallbackHandler c=null m=524290
11-19 17:06:30.004 I/ActivityManager( 1196): Start proc 7758:com.facebook.wearable.system.updater/u0a13 for service {com.facebook.wearable.system.updater/com.facebook.wearable.system.updater.core.scheduler.OSUpdateScheduleService}
11-19 17:06:30.004 W/ActivityManager( 1196): Slow operation: 96ms so far, now at startProcess: starting to update pids map
11-19 17:06:30.013 W/ActivityManager( 1196): Slow operation: 105ms so far, now at startProcess: done updating pids map
11-19 17:06:31.262 D/ConnectivityService( 1196): ConnectivityService NetworkRequestInfo binderDied(NetworkRequest [ TRACK_DEFAULT id=31, [ Capabilities: INTERNET&NOT_RESTRICTED&TRUSTED Uid: 1000 AdministratorUids: [] RequestorUid: 1000 RequestorPackageName: com.oculus.deviceauthserver] ], android.os.BinderProxy@71cefe9)
11-19 17:06:31.263 D/ConnectivityService( 1196): releasing NetworkRequest [ TRACK_DEFAULT id=31, [ Capabilities: INTERNET&NOT_RESTRICTED&TRUSTED Uid: 1000 AdministratorUids: [] RequestorUid: 1000 RequestorPackageName: com.oculus.deviceauthserver] ] (release request)
11-19 17:06:31.269 I/ActivityManager( 1196): Process com.oculus.deviceauthserver (pid 4261) has died: cch+85 SVC 
11-19 17:06:31.283 W/ActivityManager( 1196): Scheduling restart of crashed service com.oculus.deviceauthserver/.DeviceAuthService in 1000ms for start-requested
11-19 17:06:31.406 W/Looper  ( 1196): Slow dispatch took 115ms android.ui h=com.android.server.am.ActivityManagerService$UiHandler c=null m=31
11-19 17:06:31.581 W/ProcessCpuTracker( 1196): Failed to stat(/proc/7795): android.system.ErrnoException: stat failed: ENOENT (No such file or directory)
11-19 17:06:31.582 W/ProcessCpuTracker( 1196): Skipping unknown process pid 7795
11-19 17:06:31.821 D/ConnectivityService( 1196): NetReassign [no changes]
11-19 17:06:32.363 D/ConnectivityService( 1196): requestNetwork for uid/pid:10013/7758 NetworkRequest [ TRACK_DEFAULT id=77, [ Capabilities: INTERNET&NOT_RESTRICTED&TRUSTED Uid: 10013 AdministratorUids: [] RequestorUid: 10013 RequestorPackageName: com.facebook.wearable.system.updater] ]
11-19 17:06:32.364 D/ConnectivityService( 1196): NetReassign [77 : null → 102]
11-19 17:06:32.693 D/JavaBinder( 1196): Here is le tags []
11-19 17:06:32.718 D/JavaBinder( 1196): Here is le tags []
11-19 17:06:32.738 I/ActivityManager( 1196): Killing 4237:com.gieseckedevrient.lpa.gsma.v22/1000 (adj 975): empty #17
11-19 17:06:33.043 D/commandrouter( 1123): SocServiceHandle::onServiceMessage, SoC Service = mcu_healthcheck_1127, appType = 1, type = SVC_REQ, clientId = 0, token = 152, payloadLen = 12, result = 0, payload.size() = 12
11-19 17:06:33.056 D/commandrouter( 1123): mcu_healthcheck_1127 (1, merlot:mcu_health:control): <ServiceResponse> FORWARDED (remote -> local) CR token ID = 152, service client ID = 40, token ID = 481, result = 0
11-19 17:06:33.057 D/mculinkhealth( 1127): isMcuReachable 1 (13 ms)
11-19 17:06:37.023 D/AutofillManagerService( 1196): onBackKeyPressed()
11-19 17:06:37.573 I/chatty  ( 1196): uid=1000(system) android.ui identical 1 line
11-19 17:06:38.097 D/AutofillManagerService( 1196): onBackKeyPressed()
11-19 17:06:38.226 D/commandrouter( 1123): rtc_sync (1, rtc:sync): <ServiceRequest> FORWARDED (remote -> local) service client ID = 0, token ID = 33226
11-19 17:06:38.226 D/commandrouter( 1123): SocServiceHandle::onServiceMessage, SoC Service = rtc_sync, appType = 1, type = SVC_RESP, clientId = 0, token = 33226, payloadLen = 8, result = 0, payload.size() = 8
11-19 17:06:39.622 D/AutofillManagerService( 1196): onBackKeyPressed()
11-19 17:06:40.619 I/chatty  ( 1196): uid=1000(system) android.ui identical 1 line
11-19 17:06:41.632 D/AutofillManagerService( 1196): onBackKeyPressed()
11-19 17:06:41.813 E/TaskPersister( 1196): File error accessing recents directory (directory doesn't exist?).
11-19 17:06:42.616 D/AutofillManagerService( 1196): onBackKeyPressed()
11-19 17:06:43.636 D/AutofillManagerService( 1196): onBackKeyPressed()
11-19 17:06:44.174 W/ActivityManager( 1196): Invalid packageName: com.facebook.wearable.system.settings/com.facebook.wearable.system.settings.SettingsActivity
11-19 17:06:44.310 I/ActivityTaskManager( 1196): START u0 {flg=0x10000000 cmp=com.facebook.wearable.system.settings/.SettingsActivity} from uid 0
11-19 17:06:44.340 I/ActivityTaskManager( 1196): The Process com.facebook.wearable.system.settings Already Exists in BG. So sending its PID: 2711
11-19 17:06:44.341 W/ActivityTaskManager( 1196): Tried to set launchTime (0) < mLastActivityLaunchTime (4606655)
11-19 17:06:48.226 D/commandrouter( 1123): rtc_sync (1, rtc:sync): <ServiceRequest> FORWARDED (remote -> local) service client ID = 0, token ID = 33227
11-19 17:06:48.226 D/commandrouter( 1123): SocServiceHandle::onServiceMessage, SoC Service = rtc_sync, appType = 1, type = SVC_RESP, clientId = 0, token = 33227, payloadLen = 8, result = 0, payload.size() = 8
11-19 17:06:48.438 E/TaskPersister( 1196): File error accessing recents directory (directory doesn't exist?).
11-19 17:06:49.174 D/ConnectivityService( 1196): requestNetwork for uid/pid:10007/3565 NetworkRequest [ TRACK_DEFAULT id=78, [ Capabilities: INTERNET&NOT_RESTRICTED&TRUSTED Uid: 10007 AdministratorUids: [] RequestorUid: 10007 RequestorPackageName: com.facebook.wearable.system.telecom] ]
11-19 17:06:49.175 D/ConnectivityService( 1196): NetReassign [78 : null → 102]
11-19 17:06:49.422 D/ConnectivityService( 1196): releasing NetworkRequest [ TRACK_DEFAULT id=78, [ Capabilities: INTERNET&NOT_RESTRICTED&TRUSTED Uid: 10007 AdministratorUids: [] RequestorUid: 10007 RequestorPackageName: com.facebook.wearable.system.telecom] ] (release request)
11-19 17:06:58.221 D/commandrouter( 1123): rtc_sync (1, rtc:sync): <ServiceRequest> FORWARDED (remote -> local) service client ID = 0, token ID = 33228
11-19 17:06:58.222 D/commandrouter( 1123): SocServiceHandle::onServiceMessage, SoC Service = rtc_sync, appType = 1, type = SVC_RESP, clientId = 0, token = 33228, payloadLen = 8, result = 0, payload.size() = 8
11-19 17:06:59.611 D/ConnectivityService( 1196): handleLingerComplete for [101 CELLULAR]
11-19 17:07:01.112 D/commandrouter( 1123): SocServiceHandle::onServiceMessage, SoC Service = mcu_healthcheck_933, appType = 1, type = SVC_REQ, clientId = 0, token = 76, payloadLen = 20, result = 0, payload.size() = 20
11-19 17:07:01.115 D/commandrouter( 1123): mcu_healthcheck_933 (1, merlot:mcu_health:control): <ServiceResponse> FORWARDED (remote -> local) CR token ID = 76, service client ID = 5, token ID = 482, result = 0
11-19 17:07:03.057 D/commandrouter( 1123): SocServiceHandle::onServiceMessage, SoC Service = mcu_healthcheck_1127, appType = 1, type = SVC_REQ, clientId = 0, token = 153, payloadLen = 12, result = 0, payload.size() = 12
11-19 17:07:03.061 D/commandrouter( 1123): mcu_healthcheck_1127 (1, merlot:mcu_health:control): <ServiceResponse> FORWARDED (remote -> local) CR token ID = 153, service client ID = 40, token ID = 483, result = 0
11-19 17:07:03.061 D/mculinkhealth( 1127): isMcuReachable 1 (4 ms)
11-19 17:07:08.221 D/commandrouter( 1123): rtc_sync (1, rtc:sync): <ServiceRequest> FORWARDED (remote -> local) service client ID = 0, token ID = 33229
11-19 17:07:08.222 D/commandrouter( 1123): SocServiceHandle::onServiceMessage, SoC Service = rtc_sync, appType = 1, type = SVC_RESP, clientId = 0, token = 33229, payloadLen = 8, result = 0, payload.size() = 8
11-19 17:07:08.380 D/AnalyticsLogger( 1196): sent events: 30
11-19 17:07:11.554 D/AutofillManagerService( 1196): onBackKeyPressed()
11-19 17:07:12.612 I/chatty  ( 1196): uid=1000(system) android.ui identical 2 lines
11-19 17:07:13.629 D/AutofillManagerService( 1196): onBackKeyPressed()
11-19 17:07:14.150 W/ActivityManager( 1196): Invalid packageName: com.facebook.wearable.system.settings/com.facebook.wearable.system.settings.SettingsActivity
11-19 17:07:14.262 I/ActivityTaskManager( 1196): START u0 {flg=0x10000000 cmp=com.facebook.wearable.system.settings/.SettingsActivity} from uid 0
11-19 17:07:14.282 I/ActivityTaskManager( 1196): The Process com.facebook.wearable.system.settings Already Exists in BG. So sending its PID: 2711
11-19 17:07:14.282 W/ActivityTaskManager( 1196): Tried to set launchTime (0) < mLastActivityLaunchTime (4634701)
11-19 17:07:17.322 E/TaskPersister( 1196): File error accessing recents directory (directory doesn't exist?).
11-19 17:07:18.215 D/commandrouter( 1123): rtc_sync (1, rtc:sync): <ServiceRequest> FORWARDED (remote -> local) service client ID = 0, token ID = 33230
11-19 17:07:18.216 D/commandrouter( 1123): SocServiceHandle::onServiceMessage, SoC Service = rtc_sync, appType = 1, type = SVC_RESP, clientId = 0, token = 33230, payloadLen = 8, result = 0, payload.size() = 8
11-19 17:07:18.295 D/ConnectivityService( 1196): requestNetwork for uid/pid:10007/3565 NetworkRequest [ TRACK_DEFAULT id=79, [ Capabilities: INTERNET&NOT_RESTRICTED&TRUSTED Uid: 10007 AdministratorUids: [] RequestorUid: 10007 RequestorPackageName: com.facebook.wearable.system.telecom] ]
11-19 17:07:18.296 D/ConnectivityService( 1196): NetReassign [79 : null → 102]
11-19 17:07:18.348 D/ConnectivityService( 1196): releasing NetworkRequest [ TRACK_DEFAULT id=79, [ Capabilities: INTERNET&NOT_RESTRICTED&TRUSTED Uid: 10007 AdministratorUids: [] RequestorUid: 10007 RequestorPackageName: com.facebook.wearable.system.telecom] ] (release request)
11-19 17:07:19.828 D/AppStorageManager( 1196): BEFORE:: Previous Size: 1061548032 Current Size: 1061527552
11-19 17:07:19.828 D/AppStorageManager( 1196): AFTER:: Previous Size: 1061527552 Current Size: 1061527552
11-19 17:07:22.069 W/ContextImpl( 1196): Calling a method in the system process without a qualified user: android.app.ContextImpl.sendBroadcastMultiplePermissions:1143 android.content.Context.sendBroadcastWithMultiplePermissions:2150 com.android.server.display.WifiDisplayAdapter.handleSendStatusChangeBroadcast:440 com.android.server.display.WifiDisplayAdapter.access$1700:63 com.android.server.display.WifiDisplayAdapter$WifiDisplayHandler.handleMessage:675 
11-19 17:07:22.830 D/ConnectivityService( 1196): [102 WIFI] EVENT_NETWORK_INFO_CHANGED, going from CONNECTED to DISCONNECTED
11-19 17:07:22.834 D/ConnectivityService( 1196): [102 WIFI] disconnected, was satisfying 27
11-19 17:07:22.935 I/Nat464Xlat( 1196): Android Xlat is disabled
11-19 17:07:22.935 I/Nat464Xlat( 1196): Android Xlat is disabled
11-19 17:07:22.979 D/ConnectivityService( 1196): Sending DISCONNECTED broadcast for type 1 [102 WIFI] isDefaultNetwork=true
11-19 17:07:22.984 W/NotificationHistory( 1196): Attempted to add notif for locked/gone/disabled user 0
11-19 17:07:23.042 D/ConnectivityService( 1196): NetReassign [11 : null → 101, 16 : null → 101, 66 : null → 101, 46 : null → 101, 68 : null → 101, 1 : null → 101, 63 : null → 101, 25 : null → 101, 32 : null → 101, 8 : null → 101, 17 : null → 101, 12 : null → 101, 22 : null → 101, 14 : null → 101, 67 : null → 101, 77 : null → 101]
11-19 17:07:23.046 E/NetlinkEvent(  458): NetlinkEvent::FindParam(): Parameter 'INTERFACE' not found
11-19 17:07:23.046 E/NetlinkEvent(  458): NetlinkEvent::FindParam(): Parameter 'STATE' not found
11-19 17:07:23.046 E/NetlinkEvent(  458): NetlinkEvent::FindParam(): Parameter 'TIME_NS' not found
11-19 17:07:23.046 E/NetlinkEvent(  458): NetlinkEvent::FindParam(): Parameter 'UID' not found
11-19 17:07:23.078 D/ConnectivityService( 1196): Switching to new default network: NetworkAgentInfo{ ni{[type: MOBILE[LTE], state: CONNECTED/CONNECTED, reason: (unspecified), extra: nxtgenphone, failover: false, available: true, roaming: false]}  network{101}  nethandle{437197393933}  lp{{InterfaceName: rmnet_data2 LinkAddresses: [ 10.33.46.96/26,2600:380:c011:8926:dc33:f6e0:ed57:ed5a/64 ] DnsAddresses: [ /172.26.38.1,/fc00:a:a::300 ] Domains: null MTU: 1430 TcpBufferSizes: 2097152,4194304,8388608,262144,524288,1048576 Routes: [ 0.0.0.0/0 -> 10.33.46.97 rmnet_data2 mtu 1430,::/0 -> fe80::9861:291c:876f:a4e3 rmnet_data2 mtu 1430,10.33.46.64/26 -> 0.0.0.0 rmnet_data2 mtu 0,2600:380:c011:8926::/64 -> :: rmnet_data2 mtu 0 ]}}  nc{[ Transports: CELLULAR Capabilities: MMS&SUPL&FOTA&INTERNET&NOT_RESTRICTED&TRUSTED&NOT_VPN&VALIDATED&NOT_ROAMING&NOT_CONGESTED&NOT_SUSPENDED LinkUpBandwidth>=15000Kbps LinkDnBandwidth>=30000Kbps Specifier: <TelephonyNetworkSpecifier [mSubId = 1]> AdministratorUids: [] RequestorUid: -1 RequestorPackageName: null]}  Score{50}  everValidated{true}  lastValidated{true}  created{true} lingering{false} explicitlySelected{false} acceptUnvalidated{false} everCaptivePortalDetected{false} lastCaptivePortalDetected{false} partialConnectivity{false} acceptPartialConnectivity{false} clat{mBaseIface: null, mIface: null, mState: IDLE} }
11-19 17:07:23.276 I/McuTransferService( 2003): Request with notification:indicator:update_request type was scheduled to sent to notification:indicator:update
11-19 17:07:23.316 D/ConnectivityService( 1196): Sending CONNECTED broadcast for type 0 [101 CELLULAR] isDefaultNetwork=true
11-19 17:07:23.335 I/McuTransferService( 2003): Request with notification:indicator:update_request type was sent to notification:indicator:update
11-19 17:07:23.336 D/commandrouter( 1123): SocServiceHandle::onServiceMessage, SoC Service = v, appType = 2, type = SVC_REQ, clientId = 0, token = 1, payloadLen = 20, result = 0, payload.size() = 20
11-19 17:07:23.339 D/commandrouter( 1123): v (2, notification:indicator:update): <ServiceResponse> FORWARDED (remote -> local) CR token ID = 1, service client ID = 33, token ID = 484, result = 105
11-19 17:07:23.342 D/McuTransferService( 2003): get response for request notification:indicator:update_request, response type notification:indicator:update_response
11-19 17:07:23.367 D/McuTransferService( 2003): Sent response data back for request notification:indicator:update_request
11-19 17:07:23.367 D/McuTransferService( 2003): done processing response
11-19 17:07:27.001 D/AutofillManagerService( 1196): onBackKeyPressed()
11-19 17:07:27.532 I/chatty  ( 1196): uid=1000(system) android.ui identical 1 line
11-19 17:07:28.059 D/AutofillManagerService( 1196): onBackKeyPressed()
11-19 17:07:28.204 D/commandrouter( 1123): rtc_sync (1, rtc:sync): <ServiceRequest> FORWARDED (remote -> local) service client ID = 0, token ID = 33231
11-19 17:07:28.206 D/commandrouter( 1123): SocServiceHandle::onServiceMessage, SoC Service = rtc_sync, appType = 1, type = SVC_RESP, clientId = 0, token = 33231, payloadLen = 8, result = 0, payload.size() = 8
11-19 17:07:29.636 D/AutofillManagerService( 1196): onBackKeyPressed()
11-19 17:07:30.632 D/AutofillManagerService( 1196): onBackKeyPressed()
11-19 17:07:31.590 E/TaskPersister( 1196): File error accessing recents directory (directory doesn't exist?).
11-19 17:07:31.904 D/AutofillManagerService( 1196): onBackKeyPressed()
11-19 17:07:32.632 D/AutofillManagerService( 1196): onBackKeyPressed()
11-19 17:07:33.062 D/commandrouter( 1123): SocServiceHandle::onServiceMessage, SoC Service = mcu_healthcheck_1127, appType = 1, type = SVC_REQ, clientId = 0, token = 154, payloadLen = 12, result = 0, payload.size() = 12
11-19 17:07:33.067 D/commandrouter( 1123): mcu_healthcheck_1127 (1, merlot:mcu_health:control): <ServiceResponse> FORWARDED (remote -> local) CR token ID = 154, service client ID = 40, token ID = 485, result = 0
11-19 17:07:33.067 D/mculinkhealth( 1127): isMcuReachable 1 (5 ms)
11-19 17:07:33.629 D/AutofillManagerService( 1196): onBackKeyPressed()
11-19 17:07:34.172 W/ActivityManager( 1196): Invalid packageName: com.facebook.wearable.system.settings/com.facebook.wearable.system.settings.SettingsActivity
11-19 17:07:34.311 I/ActivityTaskManager( 1196): START u0 {flg=0x10000000 cmp=com.facebook.wearable.system.settings/.SettingsActivity} from uid 0
11-19 17:07:34.349 I/ActivityTaskManager( 1196): The Process com.facebook.wearable.system.settings Already Exists in BG. So sending its PID: 2711
11-19 17:07:34.350 W/ActivityTaskManager( 1196): Tried to set launchTime (0) < mLastActivityLaunchTime (4664643)
11-19 17:07:38.201 D/commandrouter( 1123): rtc_sync (1, rtc:sync): <ServiceRequest> FORWARDED (remote -> local) service client ID = 0, token ID = 33232
11-19 17:07:38.202 D/commandrouter( 1123): SocServiceHandle::onServiceMessage, SoC Service = rtc_sync, appType = 1, type = SVC_RESP, clientId = 0, token = 33232, payloadLen = 8, result = 0, payload.size() = 8
11-19 17:07:38.487 E/TaskPersister( 1196): File error accessing recents directory (directory doesn't exist?).
11-19 17:07:41.001 W/ContextImpl( 1196): Calling a method in the system process without a qualified user: android.app.ContextImpl.sendBroadcastMultiplePermissions:1143 android.content.Context.sendBroadcastWithMultiplePermissions:2150 com.android.server.display.WifiDisplayAdapter.handleSendStatusChangeBroadcast:440 com.android.server.display.WifiDisplayAdapter.access$1700:63 com.android.server.display.WifiDisplayAdapter$WifiDisplayHandler.handleMessage:675 
11-19 17:07:42.026 W/ContextImpl( 1196): Calling a method in the system process without a qualified user: android.app.ContextImpl.sendBroadcastMultiplePermissions:1143 android.content.Context.sendBroadcastWithMultiplePermissions:2150 com.android.server.wifi.p2p.WifiP2pServiceImpl$P2pStateMachine.sendBroadcastMultiplePermissions:3209 com.android.server.wifi.p2p.WifiP2pServiceImpl$P2pStateMachine.sendP2pConnectionChangedBroadcast:3236 com.android.server.wifi.p2p.WifiP2pServiceImpl$P2pStateMachine.access$5100:768 
11-19 17:07:42.028 W/BroadcastQueue( 1196): Permission Denial: receiving Intent { act=android.net.wifi.p2p.CONNECTION_STATE_CHANGE flg=0x24000010 (has extras) } to ProcessRecord{2e9d247 1887:.qtidataservices/u0a89} (pid=1887, uid=10089) requires android.permission.ACCESS_FINE_LOCATION due to sender android (uid 1000)
11-19 17:07:42.035 W/ContextImpl( 1196): Calling a method in the system process without a qualified user: android.app.ContextImpl.sendBroadcastMultiplePermissions:1143 android.content.Context.sendBroadcastWithMultiplePermissions:2150 com.android.server.wifi.p2p.WifiP2pServiceImpl$P2pStateMachine.sendBroadcastMultiplePermissions:3209 com.android.server.wifi.p2p.WifiP2pServiceImpl$P2pStateMachine.sendThisDeviceChangedBroadcast:3218 com.android.server.wifi.p2p.WifiP2pServiceImpl$P2pStateMachine.updateThisDevice:3962 
11-19 17:07:42.144 W/wificond(  872): Scan is not started. Ignore abort request
11-19 17:07:42.520 D/ConnectivityService( 1196): registerNetworkAgent NetworkAgentInfo{ ni{[type: WIFI[], state: UNKNOWN/IDLE, reason: (unspecified), extra: , failover: false, available: true, roaming: false]}  network{103}  nethandle{445787328525}  lp{{InterfaceName: wlan0 LinkAddresses: [ ] DnsAddresses: [ ] Domains: null MTU: 0 Routes: [ ]}}  nc{[ Transports: WIFI Capabilities: NOT_METERED&INTERNET&NOT_RESTRICTED&TRUSTED&NOT_VPN&NOT_ROAMING&FOREGROUND&NOT_CONGESTED&NOT_SUSPENDED LinkUpBandwidth>=72000Kbps LinkDnBandwidth>=72000Kbps OwnerUid: 1000 SSID: "MTBF_Lab" RequestorUid: -1 RequestorPackageName: null]}  Score{20}  everValidated{false}  lastValidated{false}  created{false} lingering{false} explicitlySelected{false} acceptUnvalidated{false} everCaptivePortalDetected{false} lastCaptivePortalDetected{false} partialConnectivity{false} acceptPartialConnectivity{false} clat{mBaseIface: null, mIface: null, mState: IDLE} }
11-19 17:07:42.541 D/ConnectivityService( 1196): [103 WIFI] EVENT_NETWORK_INFO_CHANGED, going from UNKNOWN to UNKNOWN
11-19 17:07:42.690 D/ConnectivityService( 1196): NetReassign [no changes]
11-19 17:07:42.714 I/Nat464Xlat( 1196): Android Xlat is disabled
11-19 17:07:42.714 I/Nat464Xlat( 1196): Android Xlat is disabled
11-19 17:07:42.831 E/ConnectivityService( 1196): Exception in networkAddRouteParcel for non-gateway: android.os.ServiceSpecificException: Machine is not on the network (code 64)
11-19 17:07:42.832 E/ConnectivityService( 1196): Exception in networkAddRouteParcel for gateway: android.os.ServiceSpecificException: Machine is not on the network (code 64)
11-19 17:07:42.833 I/Nat464Xlat( 1196): Android Xlat is disabled
11-19 17:07:42.833 I/Nat464Xlat( 1196): Android Xlat is disabled
11-19 17:07:42.903 D/ConnectivityService( 1196): Setting DNS servers for network 103 to [/192.168.1.1]
11-19 17:07:42.914 I/Nat464Xlat( 1196): Android Xlat is disabled
11-19 17:07:42.915 I/Nat464Xlat( 1196): Android Xlat is disabled
11-19 17:07:43.000 D/ConnectivityService( 1196): [103 WIFI] EVENT_NETWORK_INFO_CHANGED, going from UNKNOWN to CONNECTED
11-19 17:07:43.019 D/DnsManager( 1196): sendDnsConfigurationForNetwork(103, [192.168.1.1], [], 1800, 25, 8, 64, 0, 0, , [])
11-19 17:07:43.023 W/DnsManager( 1196): updatePrivateDns(103, PrivateDnsConfig{true:/[]})
11-19 17:07:43.023 D/ConnectivityService( 1196): Setting DNS servers for network 103 to [/192.168.1.1]
11-19 17:07:43.023 D/DnsManager( 1196): sendDnsConfigurationForNetwork(103, [192.168.1.1], [], 1800, 25, 8, 64, 0, 0, , [192.168.1.1])
11-19 17:07:43.026 D/ConnectivityService( 1196): Adding iface wlan0 to network 103
11-19 17:07:43.043 D/ConnectivityService( 1196): Setting DNS servers for network 103 to [/192.168.1.1]
11-19 17:07:43.044 D/DnsManager( 1196): sendDnsConfigurationForNetwork(103, [192.168.1.1], [], 1800, 25, 8, 64, 0, 0, , [192.168.1.1])
11-19 17:07:43.046 I/Nat464Xlat( 1196): Android Xlat is disabled
11-19 17:07:43.046 I/Nat464Xlat( 1196): Android Xlat is disabled
11-19 17:07:43.096 D/ConnectivityService( 1196): NetReassign [no changes]
11-19 17:07:43.317 D/ConnectivityService( 1196): [103 WIFI] validation passed
11-19 17:07:43.318 D/ConnectivityService( 1196): NetReassign [11 : 101 → 103, 16 : 101 → 103, 66 : 101 → 103, 46 : 101 → 103, 68 : 101 → 103, 1 : 101 → 103, 63 : 101 → 103, 25 : 101 → 103, 32 : 101 → 103, 8 : 101 → 103, 17 : 101 → 103, 12 : 101 → 103, 22 : 101 → 103, 14 : 101 → 103, 67 : 101 → 103, 77 : 101 → 103]
11-19 17:07:43.327 E/NetlinkEvent(  458): NetlinkEvent::FindParam(): Parameter 'INTERFACE' not found
11-19 17:07:43.327 E/NetlinkEvent(  458): NetlinkEvent::FindParam(): Parameter 'STATE' not found
11-19 17:07:43.327 E/NetlinkEvent(  458): NetlinkEvent::FindParam(): Parameter 'TIME_NS' not found
11-19 17:07:43.327 E/NetlinkEvent(  458): NetlinkEvent::FindParam(): Parameter 'UID' not found
11-19 17:07:43.343 D/ConnectivityService( 1196): Switching to new default network: NetworkAgentInfo{ ni{[type: WIFI[], state: CONNECTED/CONNECTED, reason: (unspecified), extra: , failover: false, available: true, roaming: false]}  network{103}  nethandle{445787328525}  lp{{InterfaceName: wlan0 LinkAddresses: [ 192.168.1.40/24 ] DnsAddresses: [ /192.168.1.1 ] Domains: null MTU: 0 ServerAddress: /192.168.1.1 TcpBufferSizes: 524288,1048576,2097152,262144,524288,1048576 Routes: [ fe80::/64 -> :: wlan0 mtu 0,192.168.1.0/24 -> 0.0.0.0 wlan0 mtu 0,0.0.0.0/0 -> 192.168.1.1 wlan0 mtu 0 ]}}  nc{[ Transports: WIFI Capabilities: NOT_METERED&INTERNET&NOT_RESTRICTED&TRUSTED&NOT_VPN&VALIDATED&NOT_ROAMING&FOREGROUND&NOT_CONGESTED&NOT_SUSPENDED LinkUpBandwidth>=63000Kbps LinkDnBandwidth>=63000Kbps SignalStrength: -35 OwnerUid: 1000 SSID: "MTBF_Lab" RequestorUid: -1 RequestorPackageName: null]}  Score{60}  everValidated{true}  lastValidated{true}  created{true} lingering{false} explicitlySelected{false} acceptUnvalidated{false} everCaptivePortalDetected{false} lastCaptivePortalDetected{false} partialConnectivity{false} acceptPartialConnectivity{false} clat{mBaseIface: null, mIface: null, mState: IDLE} }
11-19 17:07:43.473 D/ConnectivityService( 1196): Lingering [101 CELLULAR] for 30000ms
11-19 17:07:43.476 D/ConnectivityService( 1196): Sending DISCONNECTED broadcast for type 0 [101 CELLULAR] isDefaultNetwork=true
11-19 17:07:43.478 D/ConnectivityService( 1196): Sending CONNECTED broadcast for type 1 [103 WIFI] isDefaultNetwork=true
11-19 17:07:43.510 D/ConnectivityService( 1196): Setting DNS servers for network 103 to [/192.168.1.1]
11-19 17:07:43.510 D/DnsManager( 1196): sendDnsConfigurationForNetwork(103, [192.168.1.1], [], 1800, 25, 8, 64, 0, 0, , [192.168.1.1])
11-19 17:07:44.208 I/Nat464Xlat( 1196): Android Xlat is disabled
11-19 17:07:44.208 I/Nat464Xlat( 1196): Android Xlat is disabled
11-19 17:07:48.192 D/commandrouter( 1123): rtc_sync (1, rtc:sync): <ServiceRequest> FORWARDED (remote -> local) service client ID = 0, token ID = 33233
11-19 17:07:48.193 D/commandrouter( 1123): SocServiceHandle::onServiceMessage, SoC Service = rtc_sync, appType = 1, type = SVC_RESP, clientId = 0, token = 33233, payloadLen = 8, result = 0, payload.size() = 8
11-19 17:07:58.178 D/commandrouter( 1123): rtc_sync (1, rtc:sync): <ServiceRequest> FORWARDED (remote -> local) service client ID = 0, token ID = 33234
11-19 17:07:58.179 D/commandrouter( 1123): SocServiceHandle::onServiceMessage, SoC Service = rtc_sync, appType = 1, type = SVC_RESP, clientId = 0, token = 33234, payloadLen = 8, result = 0, payload.size() = 8
11-19 17:08:01.116 D/commandrouter( 1123): SocServiceHandle::onServiceMessage, SoC Service = mcu_healthcheck_933, appType = 1, type = SVC_REQ, clientId = 0, token = 77, payloadLen = 20, result = 0, payload.size() = 20
11-19 17:08:01.120 D/commandrouter( 1123): mcu_healthcheck_933 (1, merlot:mcu_health:control): <ServiceResponse> FORWARDED (remote -> local) CR token ID = 77, service client ID = 5, token ID = 486, result = 0
11-19 17:08:02.360 D/AutofillManagerService( 1196): onBackKeyPressed()
11-19 17:08:02.896 D/AutofillManagerService( 1196): onBackKeyPressed()
11-19 17:08:03.068 D/commandrouter( 1123): SocServiceHandle::onServiceMessage, SoC Service = mcu_healthcheck_1127, appType = 1, type = SVC_REQ, clientId = 0, token = 155, payloadLen = 12, result = 0, payload.size() = 12
11-19 17:08:03.072 D/commandrouter( 1123): mcu_healthcheck_1127 (1, merlot:mcu_health:control): <ServiceResponse> FORWARDED (remote -> local) CR token ID = 155, service client ID = 40, token ID = 487, result = 0
11-19 17:08:03.072 D/mculinkhealth( 1127): isMcuReachable 1 (4 ms)
11-19 17:08:03.431 D/AutofillManagerService( 1196): onBackKeyPressed()
11-19 17:08:04.624 D/AutofillManagerService( 1196): onBackKeyPressed()
11-19 17:08:05.155 W/ActivityManager( 1196): Invalid packageName: com.facebook.wearable.system.settings/com.facebook.wearable.system.settings.SettingsActivity
11-19 17:08:05.291 I/ActivityTaskManager( 1196): START u0 {flg=0x10000000 cmp=com.facebook.wearable.system.settings/.SettingsActivity} from uid 0
11-19 17:08:05.310 I/ActivityTaskManager( 1196): The Process com.facebook.wearable.system.settings Already Exists in BG. So sending its PID: 2711
11-19 17:08:05.311 W/ActivityTaskManager( 1196): Tried to set launchTime (0) < mLastActivityLaunchTime (4684710)
11-19 17:08:08.013 E/TaskPersister( 1196): File error accessing recents directory (directory doesn't exist?).
11-19 17:08:08.172 D/commandrouter( 1123): rtc_sync (1, rtc:sync): <ServiceRequest> FORWARDED (remote -> local) service client ID = 0, token ID = 33235
11-19 17:08:08.173 D/commandrouter( 1123): SocServiceHandle::onServiceMessage, SoC Service = rtc_sync, appType = 1, type = SVC_RESP, clientId = 0, token = 33235, payloadLen = 8, result = 0, payload.size() = 8
11-19 17:08:12.824 W/ContextImpl( 1196): Calling a method in the system process without a qualified user: android.app.ContextImpl.sendBroadcastMultiplePermissions:1143 android.content.Context.sendBroadcastWithMultiplePermissions:2150 com.android.server.display.WifiDisplayAdapter.handleSendStatusChangeBroadcast:440 com.android.server.display.WifiDisplayAdapter.access$1700:63 com.android.server.display.WifiDisplayAdapter$WifiDisplayHandler.handleMessage:675 
11-19 17:08:12.890 D/AnalyticsLogger( 1196): sent events: 15
11-19 17:08:13.313 D/ConnectivityService( 1196): [103 WIFI] EVENT_NETWORK_INFO_CHANGED, going from CONNECTED to DISCONNECTED
11-19 17:08:13.313 D/ConnectivityService( 1196): [103 WIFI] disconnected, was satisfying 27
11-19 17:08:13.383 I/Nat464Xlat( 1196): Android Xlat is disabled
11-19 17:08:13.383 I/Nat464Xlat( 1196): Android Xlat is disabled
11-19 17:08:13.396 D/ConnectivityService( 1196): Sending DISCONNECTED broadcast for type 1 [103 WIFI] isDefaultNetwork=true
11-19 17:08:13.399 D/ConnectivityService( 1196): NetReassign [11 : null → 101, 16 : null → 101, 66 : null → 101, 46 : null → 101, 68 : null → 101, 1 : null → 101, 63 : null → 101, 25 : null → 101, 32 : null → 101, 8 : null → 101, 17 : null → 101, 12 : null → 101, 22 : null → 101, 14 : null → 101, 67 : null → 101, 77 : null → 101]
11-19 17:08:13.428 E/NetlinkEvent(  458): NetlinkEvent::FindParam(): Parameter 'INTERFACE' not found
11-19 17:08:13.428 E/NetlinkEvent(  458): NetlinkEvent::FindParam(): Parameter 'STATE' not found
11-19 17:08:13.428 E/NetlinkEvent(  458): NetlinkEvent::FindParam(): Parameter 'TIME_NS' not found
11-19 17:08:13.428 E/NetlinkEvent(  458): NetlinkEvent::FindParam(): Parameter 'UID' not found
11-19 17:08:13.447 D/ConnectivityService( 1196): Switching to new default network: NetworkAgentInfo{ ni{[type: MOBILE[LTE], state: CONNECTED/CONNECTED, reason: (unspecified), extra: nxtgenphone, failover: false, available: true, roaming: false]}  network{101}  nethandle{437197393933}  lp{{InterfaceName: rmnet_data2 LinkAddresses: [ 10.33.46.96/26,2600:380:c011:8926:dc33:f6e0:ed57:ed5a/64 ] DnsAddresses: [ /172.26.38.1,/fc00:a:a::300 ] Domains: null MTU: 1430 TcpBufferSizes: 2097152,4194304,8388608,262144,524288,1048576 Routes: [ 0.0.0.0/0 -> 10.33.46.97 rmnet_data2 mtu 1430,::/0 -> fe80::9861:291c:876f:a4e3 rmnet_data2 mtu 1430,10.33.46.64/26 -> 0.0.0.0 rmnet_data2 mtu 0,2600:380:c011:8926::/64 -> :: rmnet_data2 mtu 0 ]}}  nc{[ Transports: CELLULAR Capabilities: MMS&SUPL&FOTA&INTERNET&NOT_RESTRICTED&TRUSTED&NOT_VPN&VALIDATED&NOT_ROAMING&FOREGROUND&NOT_CONGESTED&NOT_SUSPENDED LinkUpBandwidth>=15000Kbps LinkDnBandwidth>=30000Kbps Specifier: <TelephonyNetworkSpecifier [mSubId = 1]> AdministratorUids: [] RequestorUid: -1 RequestorPackageName: null]}  Score{50}  everValidated{true}  lastValidated{true}  created{true} lingering{true} explicitlySelected{false} acceptUnvalidated{false} everCaptivePortalDetected{false} lastCaptivePortalDetected{false} partialConnectivity{false} acceptPartialConnectivity{false} clat{mBaseIface: null, mIface: null, mState: IDLE} }
11-19 17:08:13.613 D/ConnectivityService( 1196): Unlingering [101 CELLULAR]
11-19 17:08:13.613 D/ConnectivityService( 1196): Sending CONNECTED broadcast for type 0 [101 CELLULAR] isDefaultNetwork=true
11-19 17:08:17.553 D/AutofillManagerService( 1196): onBackKeyPressed()
11-19 17:08:18.087 D/AutofillManagerService( 1196): onBackKeyPressed()
11-19 17:08:18.165 D/commandrouter( 1123): rtc_sync (1, rtc:sync): <ServiceRequest> FORWARDED (remote -> local) service client ID = 0, token ID = 33236
11-19 17:08:18.166 D/commandrouter( 1123): SocServiceHandle::onServiceMessage, SoC Service = rtc_sync, appType = 1, type = SVC_RESP, clientId = 0, token = 33236, payloadLen = 8, result = 0, payload.size() = 8
11-19 17:08:18.612 D/AutofillManagerService( 1196): onBackKeyPressed()
11-19 17:08:19.847 D/AutofillManagerService( 1196): onBackKeyPressed()
11-19 17:08:19.930 D/AppStorageManager( 1196): BEFORE:: Previous Size: 1061527552 Current Size: 1061257216
11-19 17:08:19.930 D/AppStorageManager( 1196): AFTER:: Previous Size: 1061257216 Current Size: 1061257216
11-19 17:08:20.626 D/AutofillManagerService( 1196): onBackKeyPressed()
11-19 17:08:21.623 D/AutofillManagerService( 1196): onBackKeyPressed()
11-19 17:08:22.090 E/TaskPersister( 1196): File error accessing recents directory (directory doesn't exist?).
11-19 17:08:22.625 D/AutofillManagerService( 1196): onBackKeyPressed()
11-19 17:08:23.622 D/AutofillManagerService( 1196): onBackKeyPressed()
11-19 17:08:24.151 W/ActivityManager( 1196): Invalid packageName: com.facebook.wearable.system.settings/com.facebook.wearable.system.settings.SettingsActivity
11-19 17:08:24.273 I/ActivityTaskManager( 1196): START u0 {flg=0x10000000 cmp=com.facebook.wearable.system.settings/.SettingsActivity} from uid 0
11-19 17:08:24.290 I/ActivityTaskManager( 1196): The Process com.facebook.wearable.system.settings Already Exists in BG. So sending its PID: 2711
11-19 17:08:24.291 W/ActivityTaskManager( 1196): Tried to set launchTime (0) < mLastActivityLaunchTime (4715671)
11-19 17:08:28.171 D/commandrouter( 1123): rtc_sync (1, rtc:sync): <ServiceRequest> FORWARDED (remote -> local) service client ID = 0, token ID = 33237
11-19 17:08:28.171 D/commandrouter( 1123): SocServiceHandle::onServiceMessage, SoC Service = rtc_sync, appType = 1, type = SVC_RESP, clientId = 0, token = 33237, payloadLen = 8, result = 0, payload.size() = 8
11-19 17:08:28.444 E/TaskPersister( 1196): File error accessing recents directory (directory doesn't exist?).
11-19 17:08:30.991 W/ContextImpl( 1196): Calling a method in the system process without a qualified user: android.app.ContextImpl.sendBroadcastMultiplePermissions:1143 android.content.Context.sendBroadcastWithMultiplePermissions:2150 com.android.server.display.WifiDisplayAdapter.handleSendStatusChangeBroadcast:440 com.android.server.display.WifiDisplayAdapter.access$1700:63 com.android.server.display.WifiDisplayAdapter$WifiDisplayHandler.handleMessage:675 
11-19 17:08:31.988 W/ContextImpl( 1196): Calling a method in the system process without a qualified user: android.app.ContextImpl.sendBroadcastMultiplePermissions:1143 android.content.Context.sendBroadcastWithMultiplePermissions:2150 com.android.server.wifi.p2p.WifiP2pServiceImpl$P2pStateMachine.sendBroadcastMultiplePermissions:3209 com.android.server.wifi.p2p.WifiP2pServiceImpl$P2pStateMachine.sendP2pConnectionChangedBroadcast:3236 com.android.server.wifi.p2p.WifiP2pServiceImpl$P2pStateMachine.access$5100:768 
11-19 17:08:31.990 W/BroadcastQueue( 1196): Permission Denial: receiving Intent { act=android.net.wifi.p2p.CONNECTION_STATE_CHANGE flg=0x24000010 (has extras) } to ProcessRecord{2e9d247 1887:.qtidataservices/u0a89} (pid=1887, uid=10089) requires android.permission.ACCESS_FINE_LOCATION due to sender android (uid 1000)
11-19 17:08:31.995 W/ContextImpl( 1196): Calling a method in the system process without a qualified user: android.app.ContextImpl.sendBroadcastMultiplePermissions:1143 android.content.Context.sendBroadcastWithMultiplePermissions:2150 com.android.server.wifi.p2p.WifiP2pServiceImpl$P2pStateMachine.sendBroadcastMultiplePermissions:3209 com.android.server.wifi.p2p.WifiP2pServiceImpl$P2pStateMachine.sendThisDeviceChangedBroadcast:3218 com.android.server.wifi.p2p.WifiP2pServiceImpl$P2pStateMachine.updateThisDevice:3962 
11-19 17:08:32.010 W/wificond(  872): Scan is not started. Ignore abort request
11-19 17:08:32.475 D/ConnectivityService( 1196): registerNetworkAgent NetworkAgentInfo{ ni{[type: WIFI[], state: UNKNOWN/IDLE, reason: (unspecified), extra: , failover: false, available: true, roaming: false]}  network{104}  nethandle{450082295821}  lp{{InterfaceName: wlan0 LinkAddresses: [ ] DnsAddresses: [ ] Domains: null MTU: 0 Routes: [ ]}}  nc{[ Transports: WIFI Capabilities: NOT_METERED&INTERNET&NOT_RESTRICTED&TRUSTED&NOT_VPN&NOT_ROAMING&FOREGROUND&NOT_CONGESTED&NOT_SUSPENDED LinkUpBandwidth>=72000Kbps LinkDnBandwidth>=72000Kbps OwnerUid: 1000 SSID: "MTBF_Lab" RequestorUid: -1 RequestorPackageName: null]}  Score{20}  everValidated{false}  lastValidated{false}  created{false} lingering{false} explicitlySelected{false} acceptUnvalidated{false} everCaptivePortalDetected{false} lastCaptivePortalDetected{false} partialConnectivity{false} acceptPartialConnectivity{false} clat{mBaseIface: null, mIface: null, mState: IDLE} }
11-19 17:08:32.494 D/ConnectivityService( 1196): [104 WIFI] EVENT_NETWORK_INFO_CHANGED, going from UNKNOWN to UNKNOWN
11-19 17:08:32.632 D/ConnectivityService( 1196): NetReassign [no changes]
11-19 17:08:32.654 I/Nat464Xlat( 1196): Android Xlat is disabled
11-19 17:08:32.654 I/Nat464Xlat( 1196): Android Xlat is disabled
11-19 17:08:32.809 E/ConnectivityService( 1196): Exception in networkAddRouteParcel for non-gateway: android.os.ServiceSpecificException: Machine is not on the network (code 64)
