11-21 15:16:09.391 E/QMI_FW  (15535): qmi_cci_get_ref: ref count increased 2
11-21 15:16:09.392 E/wpa_supplicant(15535): eap_proxy: Released QMI EAP service client
11-21 15:16:09.392 I/wpa_supplicant(15535): eap_proxy: eap_proxy Deinitialzed
11-21 15:16:09.442 I/wpa_supplicant(15535): nl80211: deinit ifname=wlan0 disabled_11b_rates=0
11-21 15:16:09.482 D/LOWI-9.0.0.80( 1026): [LOWINetlinkSocketReceiver] unpackRTMLinkMessage: RTM_NEWLINK - ifname wlan0, flags 0x11043 ([UP][RUNNING])
11-21 15:16:09.490 I/wpa_supplicant(15535): Try to unregister vendor interface
11-21 15:16:09.496 D/LOWI-9.0.0.80( 1026): [LOWINetlinkSocketReceiver] processNetlinkPacket: ifname(wlan0) status(2)
11-21 15:16:09.496 D/LOWI-9.0.0.80( 1026): [LOWIController] intfStateReceived: ifname(wlan0) state(2)
11-21 15:16:09.496 D/LOWI-9.0.0.80( 1026): [LOWIEventReceiver] handleEvent:FROM:NA, TO:NA, REQ:NA, IREQ:NA, REQ_ID:0, RESP:NA, INFO:INTF-STATUS-UPDATE
11-21 15:16:09.496 D/LOWI-9.0.0.80( 1026): [LOWIEventReceiver] Info to [INTF-STATUS-UPDATE]
11-21 15:16:09.496 D/LOWI-9.0.0.80( 1026): [LOWIController] updateIntfState: WIFI enabled 2 mNlWifiStatus 2 mWifiStateEnabled 1
11-21 15:16:09.497 D/LOWI-9.0.0.80( 1026): [LOWIController] isWifiEnabled: mNlWifiStatus 2 mWifiStateEnabled 1
11-21 15:16:09.526 I/wpa_supplicant(15535): p2p0: Do not deauthenticate as part of interface deinit since WoWLAN is enabled
11-21 15:16:09.543 W/system_server( 1186): Long monitor contention with owner WifiHandlerThread (1641) at boolean com.android.server.wifi.SupplicantStaIfaceHal.removeIfaceV1_1(java.lang.String)(SupplicantStaIfaceHal.java:810) waiters=0 in void com.android.server.wifi.SupplicantStaIfaceCallbackImpl.onNetworkRemoved(int) for 146ms
11-21 15:16:09.567 I/SupplicantStaIfaceHal( 1186): Terminating supplicant using HIDL
11-21 15:16:09.579 I/system.selfcar( 2334): Background young concurrent copying GC freed 325609(15MB) AllocSpace objects, 0(0B) LOS objects, 66% free, 8100KB/23MB, paused 205us total 164.242ms
11-21 15:16:09.584 E/wpa_supplicant(15535): eap_proxy: pthread_join on eap_proxy=0xe34fa8
11-21 15:16:09.584 E/wpa_supplicant(15535): eap_proxy: session not started for client = 1
11-21 15:16:09.584 E/QMI_FW  (15535): qmi_cci_get_ref: ref count increased 2
11-21 15:16:09.584 E/QMI_FW  (15535): qmi_cci_get_ref: ref count increased 2
11-21 15:16:09.584 E/wpa_supplicant(15535): eap_proxy: Released QMI UIM service client
11-21 15:16:09.585 E/QMI_FW  (15535): qmi_cci_get_ref: ref count increased 2
11-21 15:16:09.585 E/QMI_FW  (15535): qmi_cci_get_ref: ref count increased 2
11-21 15:16:09.585 E/wpa_supplicant(15535): eap_proxy: Released QMI EAP service client
11-21 15:16:09.585 E/wpa_supplicant(15535): eap_proxy: session not started for client = 2
11-21 15:16:09.585 E/QMI_FW  (15535): qmi_cci_get_ref: ref count increased 2
11-21 15:16:09.585 E/QMI_FW  (15535): qmi_cci_get_ref: ref count increased 2
11-21 15:16:09.585 E/wpa_supplicant(15535): eap_proxy: Released QMI UIM service client
11-21 15:16:09.585 E/QMI_FW  (15535): qmi_cci_get_ref: ref count increased 2
11-21 15:16:09.585 E/QMI_FW  (15535): qmi_cci_get_ref: ref count increased 2
11-21 15:16:09.586 E/wpa_supplicant(15535): eap_proxy: Released QMI EAP service client
11-21 15:16:09.586 I/wpa_supplicant(15535): eap_proxy: eap_proxy Deinitialzed
11-21 15:16:09.607 E/StickerBundleDatabaseWorker( 2334): Failed to fetch sticker bundles:
11-21 15:16:09.607 E/StickerBundleDatabaseWorker( 2334): kotlinx.coroutines.JobCancellationException: Job was cancelled; job=JobImpl{Cancelling}@65f153d
11-21 15:16:09.607 I/WM-WorkerWrapper( 2334): Work [ id=e596069b-4a6f-495d-b19d-a8669de7ea86, tags={ com.facebook.wearable.system.selfcare.sharing.StickerBundleDatabaseWorker } ] was cancelled
11-21 15:16:09.607 I/WM-WorkerWrapper( 2334): java.util.concurrent.CancellationException: Task was cancelled.
11-21 15:16:09.607 I/WM-WorkerWrapper( 2334): 	at androidx.work.impl.utils.futures.AbstractFuture.getDoneValue(:32)
11-21 15:16:09.607 I/WM-WorkerWrapper( 2334): 	at androidx.work.impl.utils.futures.AbstractFuture.get(:268435546)
11-21 15:16:09.607 I/WM-WorkerWrapper( 2334): 	at androidx.work.impl.WorkerWrapper$2.run(:3)
11-21 15:16:09.607 I/WM-WorkerWrapper( 2334): 	at androidx.work.impl.utils.SerialExecutor$Task.run(:2)
11-21 15:16:09.607 I/WM-WorkerWrapper( 2334): 	at java.util.concurrent.ThreadPoolExecutor.runWorker(ThreadPoolExecutor.java:1167)
11-21 15:16:09.607 I/WM-WorkerWrapper( 2334): 	at java.util.concurrent.ThreadPoolExecutor$Worker.run(ThreadPoolExecutor.java:641)
11-21 15:16:09.607 I/WM-WorkerWrapper( 2334): 	at java.lang.Thread.run(Thread.java:923)
11-21 15:16:09.636 I/wpa_supplicant(15535): nl80211: deinit ifname=p2p0 disabled_11b_rates=0
11-21 15:16:09.664 D/LOWI-9.0.0.80( 1026): [LOWINetlinkSocketReceiver] unpackRTMLinkMessage: RTM_NEWLINK - ifname p2p0, flags 0x1003 ([UP])
11-21 15:16:09.675 D/ConnectivityService( 1186): handleLingerComplete for [101 CELLULAR]
11-21 15:16:09.685 D/LOWI-9.0.0.80( 1026): [LOWINetlinkSocketReceiver] unpackRTMLinkMessage: RTM_NEWLINK - ifname p2p0, flags 0x1002 ()
11-21 15:16:09.695 D/LOWI-9.0.0.80( 1026): [LOWINetlinkSocketReceiver] unpackRTMLinkMessage: RTM_NEWLINK - ifname p2p0, flags 0x1002 ()
11-21 15:16:09.698 I/wpa_supplicant(15535): Try to unregister vendor p2 interface
11-21 15:16:09.699 I/WifiP2pNative( 1186): P2P interface teardown completed
11-21 15:16:09.700 I/android_os_HwBinder( 1186): HwBinder: Starting thread pool for getting: android.hardware.wifi.supplicant@1.0::ISupplicant/default
11-21 15:16:09.709 I/wpa_supplicant(15535): Terminating...
11-21 15:16:09.711 D/LOWI-9.0.0.80( 1026): [LOWINetlinkSocketReceiver] unpackRTMLinkMessage: RTM_NEWLINK - ifname wlan0, flags 0x1003 ([UP])
11-21 15:16:09.711 D/LOWI-9.0.0.80( 1026): [LOWINetlinkSocketReceiver] processNetlinkPacket: ifname(wlan0) status(1)
11-21 15:16:09.711 D/LOWI-9.0.0.80( 1026): [LOWIController] intfStateReceived: ifname(wlan0) state(1)
11-21 15:16:09.711 D/LOWI-9.0.0.80( 1026): [LOWIEventReceiver] handleEvent:FROM:NA, TO:NA, REQ:NA, IREQ:NA, REQ_ID:0, RESP:NA, INFO:INTF-STATUS-UPDATE
11-21 15:16:09.711 D/LOWI-9.0.0.80( 1026): [LOWIEventReceiver] Info to [INTF-STATUS-UPDATE]
11-21 15:16:09.711 D/LOWI-9.0.0.80( 1026): [LOWIController] updateIntfState: WIFI enabled 1 mNlWifiStatus 2 mWifiStateEnabled 1
11-21 15:16:09.711 D/LOWI-9.0.0.80( 1026): [LOWIController] isWifiEnabled: mNlWifiStatus 1 mWifiStateEnabled 1
11-21 15:16:09.742 D/WifiP2pNative( 1186): P2P InterfaceDestroyedListener p2p0
11-21 15:16:09.742 D/WifiP2pNative( 1186): Ignoring stale interface destroyed listener
11-21 15:16:09.756 W/SupplicantStaIfaceHal( 1186): Timed out waiting for confirmation of supplicant death
11-21 15:16:09.756 D/LOWI-9.0.0.80( 1026): [LOWINetlinkSocketReceiver] unpackRTMLinkMessage: RTM_NEWLINK - ifname wlan0, flags 0x1003 ([UP])
11-21 15:16:09.757 D/LOWI-9.0.0.80( 1026): [LOWINetlinkSocketReceiver] processNetlinkPacket: ifname(wlan0) status(1)
11-21 15:16:09.757 D/LOWI-9.0.0.80( 1026): [LOWIController] intfStateReceived: ifname(wlan0) state(1)
11-21 15:16:09.757 D/LOWI-9.0.0.80( 1026): [LOWIEventReceiver] handleEvent:FROM:NA, TO:NA, REQ:NA, IREQ:NA, REQ_ID:0, RESP:NA, INFO:INTF-STATUS-UPDATE
11-21 15:16:09.757 D/LOWI-9.0.0.80( 1026): [LOWIEventReceiver] Info to [INTF-STATUS-UPDATE]
11-21 15:16:09.757 W/SupplicantStaIfaceHal( 1186): ISupplicantVendor/ISupplicantVendorStaIface died: cookie=0
11-21 15:16:09.757 D/LOWI-9.0.0.80( 1026): [LOWIController] updateIntfState: WIFI enabled 1 mNlWifiStatus 1 mWifiStateEnabled 1
11-21 15:16:09.757 D/LOWI-9.0.0.80( 1026): [LOWIController] isWifiEnabled: mNlWifiStatus 1 mWifiStateEnabled 1
11-21 15:16:09.759 V/WifiHAL (  544): event received NL80211_CMD_DISCONNECT
11-21 15:16:09.759 W/SupplicantStaIfaceHal( 1186): ISupplicantVendor/ISupplicantVendorStaIface died: cookie=0
11-21 15:16:09.759 D/WifiP2pNative( 1186): P2P InterfaceAvailableListener true
11-21 15:16:09.759 D/WifiP2pService( 1186): Wifi enabled=false, P2P Interface availability=true
11-21 15:16:09.761 E/SupplicantStaIfaceHal( 1186): Can't call getKeyMgmtCapabilities_1_3, ISupplicantStaIface is null
11-21 15:16:09.765 W/SupplicantP2pIfaceHal( 1186): ISupplicantVendor/ISupplicantVendorP2PIface died: cookie=0
11-21 15:16:09.766 W/SupplicantP2pIfaceHal( 1186): ISupplicant/ISupplicantP2pIface died: cookie=0
11-21 15:16:09.766 W/SupplicantP2pIfaceHal( 1186): ISupplicantVendor/ISupplicantVendorP2PIface died: cookie=0
11-21 15:16:09.767 W/SupplicantP2pIfaceHal( 1186): ISupplicant/ISupplicantP2pIface died: cookie=0
11-21 15:16:09.774 D/SupplicantStaIfaceHal( 1186): ISupplicant died: cookie=-1573571213960843592
11-21 15:16:09.792 W/MqttClient( 2620): connection/disconnecting; reason=READ_SOCKET, operation=NETWORK_THREAD_LOOP
11-21 15:16:09.801 W/System.err( 2620): DEBUG: com.whatsapp.net.tls13.WtSocketWrapper.sendAlertAndShutdown(:86) : Sending Alert : type : WARNING description : close_notify(0) exception : 
11-21 15:16:09.805 V/WifiHAL (  544): WifiVendorCommand 0xaadf1b98 created vendor_id:0x1374 subcmd:38
11-21 15:16:09.806 V/WifiHAL (  544): Got a Wi-Fi HAL module message from Driver
11-21 15:16:09.806 V/WifiHAL (  544): Supported feature set : 19d3d
11-21 15:16:09.807 V/WifiHAL (  544): Supported feature set acquired : 19d3d
11-21 15:16:09.807 V/WifiHAL (  544): WifiVendorCommand 0x98689280 created vendor_id:0x1374 subcmd:76
11-21 15:16:09.807 V/WifiHAL (  544): create: mVendor_id = 4980, Subcmd = 76.
11-21 15:16:09.812 V/WifiHAL (  544): WifiVendorCommand 0xaadf1cc8 created vendor_id:0x1374 subcmd:38
11-21 15:16:09.812 W/System.err( 2620): ERROR: com.whatsapp.net.logging.WtLog.log$REDEX$HQcOuACUrr4(:4) : Encountered exception. Nothing much can be done here. com.whatsapp.net.alerts.WtAlertException
11-21 15:16:09.812 V/WifiHAL (  544): Got a Wi-Fi HAL module message from Driver
11-21 15:16:09.812 V/WifiHAL (  544): Supported feature set : 19d3d
11-21 15:16:09.813 V/WifiHAL (  544): Supported feature set acquired : 19d3d
11-21 15:16:09.813 V/WifiHAL (  544): WifiVendorCommand 0x98689280 created vendor_id:0x1374 subcmd:76
11-21 15:16:09.813 V/WifiHAL (  544): create: mVendor_id = 4980, Subcmd = 76.
11-21 15:16:09.817 I/WM-WorkerWrapper( 2334): Work [ id=e596069b-4a6f-495d-b19d-a8669de7ea86, tags={ com.facebook.wearable.system.selfcare.sharing.StickerBundleDatabaseWorker } ] was cancelled
11-21 15:16:09.817 I/WM-WorkerWrapper( 2334): java.util.concurrent.CancellationException: Task was cancelled.
11-21 15:16:09.817 I/WM-WorkerWrapper( 2334): 	at androidx.work.impl.utils.futures.AbstractFuture.getDoneValue(:32)
11-21 15:16:09.817 I/WM-WorkerWrapper( 2334): 	at androidx.work.impl.utils.futures.AbstractFuture.get(:268435546)
11-21 15:16:09.817 I/WM-WorkerWrapper( 2334): 	at androidx.work.impl.WorkerWrapper$2.run(:3)
11-21 15:16:09.817 I/WM-WorkerWrapper( 2334): 	at androidx.work.impl.utils.SerialExecutor$Task.run(:2)
11-21 15:16:09.817 I/WM-WorkerWrapper( 2334): 	at java.util.concurrent.ThreadPoolExecutor.runWorker(ThreadPoolExecutor.java:1167)
11-21 15:16:09.817 I/WM-WorkerWrapper( 2334): 	at java.util.concurrent.ThreadPoolExecutor$Worker.run(ThreadPoolExecutor.java:641)
11-21 15:16:09.817 I/WM-WorkerWrapper( 2334): 	at java.lang.Thread.run(Thread.java:923)
11-21 15:16:09.818 E/StickerBundleDatabaseWorker( 2334): Failed to fetch sticker bundles:
11-21 15:16:09.818 E/StickerBundleDatabaseWorker( 2334): kotlinx.coroutines.JobCancellationException: Job was cancelled; job=JobImpl{Cancelling}@aa8ce7e
11-21 15:16:09.826 E/SupplicantStaIfaceHal( 1186): Can't call getWpaDriverFeatureSet, ISupplicantStaIface is null
11-21 15:16:09.828 I/WifiNative( 1186): Successfully switched to scan mode on iface=Iface:{Name=wlan0,Id=0,Type=STA_SCAN}
11-21 15:16:09.834 D/BluetoothAdapterService( 1710): Soft AP is on band: 1
11-21 15:16:09.835 D/QCNEJ/WwanInfoRelay( 1907): onCapabilitiesChanged: 101 [ Transports: CELLULAR Capabilities: MMS&SUPL&FOTA&INTERNET&NOT_RESTRICTED&TRUSTED&NOT_VPN&VALIDATED&NOT_ROAMING&NOT_CONGESTED&NOT_SUSPENDED LinkUpBandwidth>=15000Kbps LinkDnBandwidth>=30000Kbps Specifier: <TelephonyNetworkSpecifier [mSubId = 1]> AdministratorUids: [] RequestorUid: -1 RequestorPackageName: null]
11-21 15:16:09.837 I/QCNEJ/WwanInfoRelay( 1907): cacheWwanInfo subId = 1 phoneId = 0 slotId = 0
11-21 15:16:09.854 I/wificond(  911): Fail RSSI polling because wifi is not associated.
11-21 15:16:09.855 E/WifiNl80211Manager( 1186): Invalid signal poll result from wificond
11-21 15:16:09.858 D/BluetoothVendorService( 1710): getPowerBackoff 
11-21 15:16:09.858 D/BluetoothVendorService( 1710): setPowerBackoff to: false
11-21 15:16:09.873 E/QMI_FW  ( 1042): qmi_cci_get_ref: ref count increased 2
11-21 15:16:09.873 E/QMI_FW  ( 1042): qmi_cci_get_ref: ref count increased 2
11-21 15:16:09.875 E/QMI_FW  ( 1042): qmi_cci_get_ref: ref count increased 2
11-21 15:16:09.878 W/SupplicantStaIfaceHal( 1186): ISupplicant died: cookie=238
11-21 15:16:09.880 D/WifiP2pService( 1186): Wifi enabled=false, P2P Interface availability=true
11-21 15:16:09.883 D/WifiClientModeManager0( 1186): entering ScanOnlyModeState
11-21 15:16:09.884 I/BluetoothVendorJni( 1710): setPowerBackoffNative
11-21 15:16:09.890 I/bt_btif_vendor( 1710): setPowerBackOffState :0 
11-21 15:16:09.891 I/WifiScanningService( 1186): Received a request to enable scanning, UID = 1000
11-21 15:16:09.894 D/WifiScanRequestProxy( 1186): Sending scan available broadcast: true
11-21 15:16:09.897 I/WifiScanningService( 1186): scanner impls already exists
11-21 15:16:09.899 D/BluetoothAdapterService( 1710): android.net.wifi.WIFI_STATE_CHANGED
11-21 15:16:09.902 I/WifiScanRequestProxy( 1186): Scanning is enabled
11-21 15:16:09.902 I/WifiScanRequestProxy( 1186): Scanning for hidden networks is disabled
11-21 15:16:09.906 W/bt_btif ( 1710): bta_dm_power_back_off: power_back_off feature not supported
11-21 15:16:09.910 E/WifiScanningService( 1186): wifi driver loaded received while already loaded
11-21 15:16:09.915 D/WakeupController( 1186): start()
11-21 15:16:09.924 D/WakeupController( 1186): Setting active to true
11-21 15:16:09.968 D/WakeupLock( 1186): Lock set. Number of networks: 1
11-21 15:16:09.978 D/WifiClientModeImpl( 1186): ClientModeImpl: Leaving Connected state
11-21 15:16:09.983 D/WifiCountryCode( 1186): updateCountryCode to US
11-21 15:16:09.985 E/SupplicantStaIfaceHal( 1186): Can't call setCountryCode, ISupplicantStaIface is null
11-21 15:16:09.985 D/WifiCountryCode( 1186): Failed to set country code to: US
11-21 15:16:10.021 E/StickerBundleDatabaseWorker( 2334): Failed to fetch sticker bundles:
11-21 15:16:10.021 E/StickerBundleDatabaseWorker( 2334): kotlinx.coroutines.JobCancellationException: Job was cancelled; job=JobImpl{Cancelling}@4ff548a
11-21 15:16:10.021 I/WM-WorkerWrapper( 2334): Work [ id=e596069b-4a6f-495d-b19d-a8669de7ea86, tags={ com.facebook.wearable.system.selfcare.sharing.StickerBundleDatabaseWorker } ] was cancelled
11-21 15:16:10.021 I/WM-WorkerWrapper( 2334): java.util.concurrent.CancellationException: Task was cancelled.
11-21 15:16:10.021 I/WM-WorkerWrapper( 2334): 	at androidx.work.impl.utils.futures.AbstractFuture.getDoneValue(:32)
11-21 15:16:10.021 I/WM-WorkerWrapper( 2334): 	at androidx.work.impl.utils.futures.AbstractFuture.get(:268435546)
11-21 15:16:10.021 I/WM-WorkerWrapper( 2334): 	at androidx.work.impl.WorkerWrapper$2.run(:3)
11-21 15:16:10.021 I/WM-WorkerWrapper( 2334): 	at androidx.work.impl.utils.SerialExecutor$Task.run(:2)
11-21 15:16:10.021 I/WM-WorkerWrapper( 2334): 	at java.util.concurrent.ThreadPoolExecutor.runWorker(ThreadPoolExecutor.java:1167)
11-21 15:16:10.021 I/WM-WorkerWrapper( 2334): 	at java.util.concurrent.ThreadPoolExecutor$Worker.run(ThreadPoolExecutor.java:641)
11-21 15:16:10.021 I/WM-WorkerWrapper( 2334): 	at java.lang.Thread.run(Thread.java:923)
11-21 15:16:10.057 E/SupplicantStaIfaceHal( 1186): Can't call listNetworks, ISupplicantStaIface is null
11-21 15:16:10.057 E/SupplicantStaIfaceHal( 1186): removeAllNetworks failed, got null networks
11-21 15:16:10.057 E/WifiClientModeImpl( 1186): Failed to remove networks on exiting connect mode
11-21 15:16:10.096 E/WakeupController( 1186): Unexpected setLastDisconnectInfo when WakeupController is active!
11-21 15:16:10.108 D/WifiMemoryStoreImpl( 1186): Set cluster Ga6eb8feabe7908d4 for W958a1754935a727: SUCCESS
11-21 15:16:10.120 E/WifiVendorHal( 1186): stopRssiMonitoring(l.2106) failed {.code = ERROR_NOT_AVAILABLE, .description = }
11-21 15:16:10.120 E/SupplicantStaIfaceHal( 1186): Can't call setPowerSave, ISupplicantStaIface is null
11-21 15:16:10.121 E/SupplicantStaIfaceHal( 1186): Can't call setBtCoexistenceMode, ISupplicantStaIface is null
11-21 15:16:10.126 V/WifiClientModeImpl( 1186): stopIpClient IpClientWithPreConnection: false
11-21 15:16:10.126 V/WifiClientModeImpl( 1186): java.lang.Throwable
11-21 15:16:10.126 V/WifiClientModeImpl( 1186): 	at com.android.server.wifi.ClientModeImpl.stopIpClient(ClientModeImpl.java:1127)
11-21 15:16:10.126 V/WifiClientModeImpl( 1186): 	at com.android.server.wifi.ClientModeImpl.stopDhcpSetup(ClientModeImpl.java:1153)
11-21 15:16:10.126 V/WifiClientModeImpl( 1186): 	at com.android.server.wifi.ClientModeImpl.handleNetworkDisconnect(ClientModeImpl.java:2945)
11-21 15:16:10.126 V/WifiClientModeImpl( 1186): 	at com.android.server.wifi.ClientModeImpl.stopClientMode(ClientModeImpl.java:3889)
11-21 15:16:10.126 V/WifiClientModeImpl( 1186): 	at com.android.server.wifi.ClientModeImpl.access$4600(ClientModeImpl.java:176)
11-21 15:16:10.126 V/WifiClientModeImpl( 1186): 	at com.android.server.wifi.ClientModeImpl$ConnectModeState.exit(ClientModeImpl.java:4064)
11-21 15:16:10.126 V/WifiClientModeImpl( 1186): 	at com.android.wifi.x.com.android.internal.util.StateMachine$SmHandler.invokeExitMethods(StateMachine.java:1021)
11-21 15:16:10.126 V/WifiClientModeImpl( 1186): 	at com.android.wifi.x.com.android.internal.util.StateMachine$SmHandler.performTransitions(StateMachine.java:877)
11-21 15:16:10.126 V/WifiClientModeImpl( 1186): 	at com.android.wifi.x.com.android.internal.util.StateMachine$SmHandler.handleMessage(StateMachine.java:819)
11-21 15:16:10.126 V/WifiClientModeImpl( 1186): 	at android.os.Handler.dispatchMessage(Handler.java:106)
11-21 15:16:10.126 V/WifiClientModeImpl( 1186): 	at android.os.Looper.loop(Looper.java:223)
11-21 15:16:10.126 V/WifiClientModeImpl( 1186): 	at android.os.HandlerThread.run(HandlerThread.java:67)
11-21 15:16:10.162 D/QCNEJ/WlanStaInfoRelay( 1907): Received action: android.net.wifi.STATE_CHANGE
11-21 15:16:10.163 D/QCNEJ/WlanStaInfoRelay( 1907): reset CountryCodeRetriever
11-21 15:16:10.164 D/WifiConnector( 2870): Network State Changed
11-21 15:16:10.165 D/DhcpClient( 1186): doQuit
11-21 15:16:10.174 D/ConnectivityService( 1186): [224 WIFI] EVENT_NETWORK_INFO_CHANGED, going from CONNECTED to DISCONNECTED
11-21 15:16:10.174 D/ConnectivityService( 1186): [224 WIFI] disconnected, was satisfying 27
11-21 15:16:10.179 E/QMI_FW  (  915): qmi_cci_get_ref: ref count increased 2
11-21 15:16:10.182 E/QMI_FW  (  915): qmi_cci_get_ref: ref count increased 2
11-21 15:16:10.188 D/WifiDiags( 1186): stopLogging() iface list is {} after removing wlan0
11-21 15:16:10.192 E/QMI_FW  ( 1042): qmi_cci_get_ref: ref count increased 2
11-21 15:16:10.248 E/WifiVendorHal( 1186): resetLogHandler(l.1558) failed {.code = ERROR_NOT_AVAILABLE, .description = }
11-21 15:16:10.251 D/WifiMemoryStoreImpl( 1186): Set cluster Ga6eb8feabe7908d4 for Wa6eb8feabe7908d4: SUCCESS
11-21 15:16:10.253 W/WifiDiags( 1186): Fail to reset log handler
11-21 15:16:10.294 E/StickerBundleDatabaseWorker( 2334): Failed to fetch sticker bundles:
11-21 15:16:10.294 E/StickerBundleDatabaseWorker( 2334): kotlinx.coroutines.JobCancellationException: Job was cancelled; job=JobImpl{Cancelling}@8cb3cc4
11-21 15:16:10.294 I/WM-WorkerWrapper( 2334): Work [ id=e596069b-4a6f-495d-b19d-a8669de7ea86, tags={ com.facebook.wearable.system.selfcare.sharing.StickerBundleDatabaseWorker } ] was cancelled
11-21 15:16:10.294 I/WM-WorkerWrapper( 2334): java.util.concurrent.CancellationException: Task was cancelled.
11-21 15:16:10.294 I/WM-WorkerWrapper( 2334): 	at androidx.work.impl.utils.futures.AbstractFuture.getDoneValue(:32)
11-21 15:16:10.294 I/WM-WorkerWrapper( 2334): 	at androidx.work.impl.utils.futures.AbstractFuture.get(:268435546)
11-21 15:16:10.294 I/WM-WorkerWrapper( 2334): 	at androidx.work.impl.WorkerWrapper$2.run(:3)
11-21 15:16:10.294 I/WM-WorkerWrapper( 2334): 	at androidx.work.impl.utils.SerialExecutor$Task.run(:2)
11-21 15:16:10.294 I/WM-WorkerWrapper( 2334): 	at java.util.concurrent.ThreadPoolExecutor.runWorker(ThreadPoolExecutor.java:1167)
11-21 15:16:10.294 I/WM-WorkerWrapper( 2334): 	at java.util.concurrent.ThreadPoolExecutor$Worker.run(ThreadPoolExecutor.java:641)
11-21 15:16:10.294 I/WM-WorkerWrapper( 2334): 	at java.lang.Thread.run(Thread.java:923)
11-21 15:16:10.308 E/QMI_FW  ( 1042): qmi_cci_get_ref: ref count increased 2
11-21 15:16:10.317 E/QMI_FW  ( 1042): qmi_cci_get_ref: ref count increased 2
11-21 15:16:10.324 I/chatty  ( 1042): uid=1001(radio) main identical 6 lines
11-21 15:16:10.325 E/QMI_FW  ( 1042): qmi_cci_get_ref: ref count increased 2
11-21 15:16:10.327 E/QMI_FW  ( 1042): qmi_cci_get_ref: ref count increased 2
11-21 15:16:10.346 I/chatty  ( 1042): uid=1001(radio) main identical 6 lines
11-21 15:16:10.351 E/QMI_FW  ( 1042): qmi_cci_get_ref: ref count increased 2
11-21 15:16:10.414 I/GnssNetworkConnectivityHandler( 1186): Network connection lost. Available networks count: 1
11-21 15:16:10.414 I/GnssNetworkConnectivityHandler( 1186): updateNetworkState, state=CLOSED, connected=false, network=224, capabilities=[ Transports: WIFI Capabilities: NOT_METERED&INTERNET&NOT_RESTRICTED&TRUSTED&NOT_VPN&VALIDATED&NOT_ROAMING&FOREGROUND&NOT_CONGESTED&NOT_SUSPENDED LinkUpBandwidth>=62000Kbps LinkDnBandwidth>=62000Kbps SignalStrength: -33 OwnerUid: 1000 AdministratorUids: [] SSID: "MTBF_Lab" RequestorUid: -1 RequestorPackageName: null], apn: , availableNetworkCount: 1
11-21 15:16:10.419 D/QCNEJ/DefaultNetworkInfoRelay( 1907): Default network lost: 224
11-21 15:16:10.423 I/Nat464Xlat( 1186): Android Xlat is disabled
11-21 15:16:10.431 D/QCNEJ/NativeHalConnector( 1907): -> SND notifyDefaultNetworkChanged(1)
11-21 15:16:10.432 D/QCNEJ/WlanStaInfoRelay( 1907): network lost: 224
11-21 15:16:10.437 D/QCNEJ/WlanStaInfoRelay( 1907): onLost: unbind the process to WIFI
11-21 15:16:10.423 I/Nat464Xlat( 1186): Android Xlat is disabled
11-21 15:16:10.457 D/ConnectivityService( 1186): Sending DISCONNECTED broadcast for type 1 [224 WIFI] isDefaultNetwork=true
11-21 15:16:10.457 W/LocSvc_LocIpc(  527): send:66] failed reason: No such file or directory
11-21 15:16:10.467 W/HWComposer(  598): Ignoring duplicate VSYNC event from HWC for display 0 (t=170858192587894)
11-21 15:16:10.472 D/DeviceAuthService( 7777): Network lost
11-21 15:16:10.476 D/ConnectivityService( 1186): NetReassign [44 : null  101, 11 : null  101, 63 : null  101, 2885 : null  101, 2235 : null  101, 2877 : null  101, 17 : null  101, 25 : null  101, 1438 : null  101, 1 : null  101, 2887 : null  101, 8 : null  101, 12 : null  101, 14 : null  101, 16 : null  101, 22 : null  101]
11-21 15:16:10.485 E/NetlinkEvent(  462): NetlinkEvent::FindParam(): Parameter 'INTERFACE' not found
11-21 15:16:10.485 E/NetlinkEvent(  462): NetlinkEvent::FindParam(): Parameter 'STATE' not found
11-21 15:16:10.485 E/NetlinkEvent(  462): NetlinkEvent::FindParam(): Parameter 'TIME_NS' not found
11-21 15:16:10.485 E/NetlinkEvent(  462): NetlinkEvent::FindParam(): Parameter 'UID' not found
11-21 15:16:10.488 D/ConnectivityService( 1186): Switching to new default network: NetworkAgentInfo{ ni{[type: MOBILE[LTE], state: CONNECTED/CONNECTED, reason: (unspecified), extra: enhancedphone, failover: false, available: true, roaming: false]}  network{101}  nethandle{437197393933}  lp{{InterfaceName: rmnet_data2 LinkAddresses: [ 10.55.48.101/30,2600:381:4804:c4b6:8cdc:8f0b:afe1:ec6b/64 ] DnsAddresses: [ /172.26.38.2,/fc00:a:a::400 ] Domains: null MTU: 1430 TcpBufferSizes: 2097152,4194304,8388608,262144,524288,1048576 Routes: [ 0.0.0.0/0 -> 10.55.48.102 rmnet_data2 mtu 1430,::/0 -> fe80::9db2:334d:2872:1e0a rmnet_data2 mtu 1430,10.55.48.100/30 -> 0.0.0.0 rmnet_data2 mtu 0,2600:381:4804:c4b6::/64 -> :: rmnet_data2 mtu 0 ]}}  nc{[ Transports: CELLULAR Capabilities: MMS&SUPL&FOTA&INTERNET&NOT_RESTRICTED&TRUSTED&NOT_VPN&VALIDATED&NOT_ROAMING&NOT_CONGESTED&NOT_SUSPENDED LinkUpBandwidth>=15000Kbps LinkDnBandwidth>=30000Kbps Specifier: <TelephonyNetworkSpecifier [mSubId = 1]> AdministratorUids: [] RequestorUid: -1 RequestorPackageName: null]}  Score{50}  everValidated{true}  lastValidated{true}  created{true} lingering{false} explicitlySelected{false} acceptUnvalidated{false} everCaptivePortalDetected{false} lastCaptivePortalDetected{false} partialConnectivity{false} acceptPartialConnectivity{false} clat{mBaseIface: null, mIface: null, mState: IDLE} }
11-21 15:16:10.574 D/DhcpClient( 1186): DHCP Packet Handler stopped
11-21 15:16:10.575 D/DhcpClient( 1186): onQuitting
11-21 15:16:10.602 W/system_server( 1186): Long monitor contention with owner ActivityManager (1296) at void com.android.server.am.BroadcastQueue.processNextBroadcast(boolean)(BroadcastQueue.java:951) waiters=1 in int com.android.server.am.ActivityManagerService.broadcastIntentWithFeature(android.app.IApplicationThread, java.lang.String, android.content.Intent, java.lang.String, android.content.IIntentReceiver, int, java.lang.String, android.os.Bundle, java.lang.String[], int, android.os.Bundle, boolean, boolean, int) for 107ms
11-21 15:16:10.617 W/Looper  ( 1186): Slow dispatch took 129ms android.fg h=android.os.Handler c=com.android.server.-$$Lambda$NetworkManagementService$YKgmK-4MuJjN-VLuMBhmJy1eWj4@48d3398 m=0
11-21 15:16:10.624 W/Looper  ( 1186): Slow dispatch took 125ms main h=com.android.server.job.JobSchedulerService$JobHandler c=null m=3
11-21 15:16:10.638 D/CompatibilityInfo( 1186): mCompatibilityFlags - 4
11-21 15:16:10.638 D/CompatibilityInfo( 1186): applicationDensity - 320
11-21 15:16:10.638 D/CompatibilityInfo( 1186): applicationScale - 1.0
11-21 15:16:10.683 D/NetworkTimeUpdateService( 1186): New default network 101; checking time.
11-21 15:16:10.684 I/lowmemorykiller(  357): Kill 'com.android.cellbroadcastreceiver' (10239), uid 10098, oom_adj 975 to free 11716kB; reason: device is low on swap (73180kB < 78640kB) and thrashing (31%)
11-21 15:16:10.693 V/LigerRadioStatsReporter( 2357): onCapabilitiesChanged: Network capabilities changed
11-21 15:16:10.693 V/LigerRadioStatsReporter( 2357): reportAndCheckpointRadioStats
11-21 15:16:10.711 E/WifiNative( 1186): Could not get Iface object for interface null
11-21 15:16:10.712 D/WifiNetworkAgent( 1186): NetworkAgent: NetworkAgent channel lost
11-21 15:16:10.713 D/BluetoothAdapterService( 1710): Soft AP is on band: 1
11-21 15:16:10.717 D/BluetoothVendorService( 1710): getPowerBackoff 
11-21 15:16:10.717 D/BluetoothAdapterService( 1710): android.net.wifi.WIFI_STATE_CHANGED
11-21 15:16:10.732 D/BluetoothAdapterService( 1710): Soft AP is on band: 1
11-21 15:16:10.734 D/BluetoothVendorService( 1710): getPowerBackoff 
11-21 15:16:10.735 D/BluetoothAdapterService( 1710): android.net.wifi.STATE_CHANGE
11-21 15:16:10.735 D/DeviceAuthService( 7777): Network connected
11-21 15:16:10.735 D/DeviceAuthService( 7777): fetchAuthTokenWrapper called
11-21 15:16:10.737 D/BluetoothVendorService( 1710): setWifiState to: false
11-21 15:16:10.739 I/BluetoothVendorJni( 1710): setWifiStateNative
11-21 15:16:10.739 I/bt_btif_vendor( 1710): setWifiState :0
11-21 15:16:10.741 W/SimpleTimeDetectorStrategy( 1186): Existing suggestion found to be invalid  elapsedRealtimeMillis=170858466, timeSuggestion=TelephonyTimeSuggestion{mSlotIndex='0', mUtcTime=TimestampedValue{mReferenceTimeMillis=57092, mValue=1637365770000}, mDebugInfo=[Sending new time suggestion nitzSignal=TimestampedValue{mReferenceTimeMillis=57092, mValue=NitzData{mOriginalString=21/11/19,23:49:30-32,00, mZoneOffset=-28800000, mDstOffset=0, mCurrentTimeMillis=1637365770000, mEmulatorHostTimeZone=null}}, reason=handleNitzReceived(TimestampedValue{mReferenceTimeMillis=57092, mValue=NitzData{mOriginalString=21/11/19,23:49:30-32,00, mZoneOffset=-28800000, mDstOffset=0, mCurrentTimeMillis=1637365770000, mEmulatorHostTimeZone=null}})]}
11-21 15:16:10.746 W/bt_btm  ( 1710): btm_cb.is_wifi_connected = 0 
11-21 15:16:10.746 I/ActivityManager( 1186): Process com.android.cellbroadcastreceiver (pid 10239) has died: cch+75 CEM 
11-21 15:16:10.767 D/QCNEJ/DefaultNetworkInfoRelay( 1907): Default network available: 101
11-21 15:16:10.773 D/QCNEJ/NativeHalConnector( 1907): -> SND notifyDefaultNetworkChanged(0)
11-21 15:16:10.775 E/QMI_FW  (  915): qmi_cci_get_ref: ref count increased 2
11-21 15:16:10.777 I/Zygote  (  463): Process 10239 exited due to signal 9 (Killed)
11-21 15:16:10.779 E/QMI_FW  (  915): qmi_cci_get_ref: ref count increased 2
11-21 15:16:10.789 I/libprocessgroup( 1186): Successfully killed process cgroup uid 10098 pid 10239 in 22ms
11-21 15:16:10.793 V/LigerRadioStatsReporter( 2357): +++++++++++ RADIO STATS DUMP +++++++++++
11-21 15:16:10.793 V/LigerRadioStatsReporter( 2357): totalActiveRadioTimeMs=0
11-21 15:16:10.793 V/LigerRadioStatsReporter( 2357): totalTailRadioTimeMs=13994
11-21 15:16:10.793 V/LigerRadioStatsReporter( 2357): totalWakeupCount=0
11-21 15:16:10.793 V/LigerRadioStatsReporter( 2357): httpUpBytes=0
11-21 15:16:10.793 V/LigerRadioStatsReporter( 2357): httpDownBytes=0
11-21 15:16:10.793 V/LigerRadioStatsReporter( 2357): httpWakeupCount=0
11-21 15:16:10.793 V/LigerRadioStatsReporter( 2357): httpRequestCount=0
11-21 15:16:10.793 V/LigerRadioStatsReporter( 2357): httpActiveRadioTimeMs=0
11-21 15:16:10.793 V/LigerRadioStatsReporter( 2357): httpTailRadioTimeMs=13994
11-21 15:16:10.793 V/LigerRadioStatsReporter( 2357): reportAndCheckpointRadioStats: Tx=0
11-21 15:16:10.793 V/LigerRadioStatsReporter( 2357): reportAndCheckpointRadioStats: Rx=0
11-21 15:16:10.793 V/LigerRadioStatsReporter( 2357): reportAndCheckpointRadioStats: Uids=10027
11-21 15:16:10.793 V/LigerRadioStatsReporter( 2357): reportAndCheckpointRadioStats: Tags=null
11-21 15:16:10.798 E/DeviceAuthenticator( 7777): Failed to resolve oculus.com
11-21 15:16:10.798 D/DeviceAuthService( 7777): isOculusAddressResolvable returned false
11-21 15:16:10.798 D/DeviceAuthService( 7777): network is still available, run handler
11-21 15:16:10.829 D/QCNEJ/WwanInfoRelay( 1907): onCapabilitiesChanged: 101 [ Transports: CELLULAR Capabilities: MMS&SUPL&FOTA&INTERNET&NOT_RESTRICTED&TRUSTED&NOT_VPN&VALIDATED&NOT_ROAMING&FOREGROUND&NOT_CONGESTED&NOT_SUSPENDED LinkUpBandwidth>=15000Kbps LinkDnBandwidth>=30000Kbps Specifier: <TelephonyNetworkSpecifier [mSubId = 1]> AdministratorUids: [] RequestorUid: -1 RequestorPackageName: null]
11-21 15:16:10.830 I/QCNEJ/WwanInfoRelay( 1907): cacheWwanInfo subId = 1 phoneId = 0 slotId = 0
11-21 15:16:10.836 V/LigerRadioStatsReporter( 2357): onCapabilitiesChanged: Network capabilities changed
11-21 15:16:10.842 D/ConnectivityService( 1186): Sending CONNECTED broadcast for type 0 [101 CELLULAR] isDefaultNetwork=true
11-21 15:16:10.920 E/WifiNative( 1186): Could not get Iface object for interface null
11-21 15:16:10.932 W/system_server( 1186): Long monitor contention with owner batterystats-worker (1336) at void com.android.server.am.BatteryExternalStatsWorker.updateExternalStatsLocked(java.lang.String, int, boolean, boolean, boolean)(BatteryExternalStatsWorker.java:515) waiters=1 in void com.android.server.am.BatteryStatsService.noteJobFinish(java.lang.String, int, int) for 110ms
11-21 15:16:10.936 I/WM-WorkerWrapper( 2334): Work [ id=e596069b-4a6f-495d-b19d-a8669de7ea86, tags={ com.facebook.wearable.system.selfcare.sharing.StickerBundleDatabaseWorker } ] was cancelled
11-21 15:16:10.936 I/WM-WorkerWrapper( 2334): java.util.concurrent.CancellationException: Task was cancelled.
11-21 15:16:10.936 I/WM-WorkerWrapper( 2334): 	at androidx.work.impl.utils.futures.AbstractFuture.getDoneValue(:32)
11-21 15:16:10.936 I/WM-WorkerWrapper( 2334): 	at androidx.work.impl.utils.futures.AbstractFuture.get(:268435546)
11-21 15:16:10.936 I/WM-WorkerWrapper( 2334): 	at androidx.work.impl.WorkerWrapper$2.run(:3)
11-21 15:16:10.936 I/WM-WorkerWrapper( 2334): 	at androidx.work.impl.utils.SerialExecutor$Task.run(:2)
11-21 15:16:10.936 I/WM-WorkerWrapper( 2334): 	at java.util.concurrent.ThreadPoolExecutor.runWorker(ThreadPoolExecutor.java:1167)
11-21 15:16:10.936 I/WM-WorkerWrapper( 2334): 	at java.util.concurrent.ThreadPoolExecutor$Worker.run(ThreadPoolExecutor.java:641)
11-21 15:16:10.936 I/WM-WorkerWrapper( 2334): 	at java.lang.Thread.run(Thread.java:923)
11-21 15:16:10.937 E/StickerBundleDatabaseWorker( 2334): Failed to fetch sticker bundles:
11-21 15:16:10.937 E/StickerBundleDatabaseWorker( 2334): kotlinx.coroutines.JobCancellationException: Job was cancelled; job=JobImpl{Cancelling}@fed1ecf
