--------- beginning of system
11-19 17:05:58.233 D/commandrouter( 1123): rtc_sync (1, rtc:sync): <ServiceRequest> FORWARDED (remote -> local) service client ID = 0, token ID = 33222
11-19 17:05:58.234 D/commandrouter( 1123): SocServiceHandle::onServiceMessage, SoC Service = rtc_sync, appType = 1, type = SVC_RESP, clientId = 0, token = 33222, payloadLen = 8, result = 0, payload.size() = 8
11-19 17:05:59.616 I/chatty  ( 1196): uid=1000(system) android.ui expire 12 lines
11-19 17:06:01.107 D/commandrouter( 1123): SocServiceHandle::onServiceMessage, SoC Service = mcu_healthcheck_933, appType = 1, type = SVC_REQ, clientId = 0, token = 75, payloadLen = 20, result = 0, payload.size() = 20
11-19 17:06:01.111 D/commandrouter( 1123): mcu_healthcheck_933 (1, merlot:mcu_health:control): <ServiceResponse> FORWARDED (remote -> local) CR token ID = 75, service client ID = 5, token ID = 479, result = 0
11-19 17:06:03.039 D/commandrouter( 1123): SocServiceHandle::onServiceMessage, SoC Service = mcu_healthcheck_1127, appType = 1, type = SVC_REQ, clientId = 0, token = 151, payloadLen = 12, result = 0, payload.size() = 12
11-19 17:06:03.042 D/commandrouter( 1123): mcu_healthcheck_1127 (1, merlot:mcu_health:control): <ServiceResponse> FORWARDED (remote -> local) CR token ID = 151, service client ID = 40, token ID = 480, result = 0
11-19 17:06:03.043 D/mculinkhealth( 1127): isMcuReachable 1 (4 ms)
11-19 17:06:08.155 I/chatty  ( 1196): uid=1000(system) Binder:1196_1A expire 1 line
11-19 17:06:08.237 D/commandrouter( 1123): rtc_sync (1, rtc:sync): <ServiceRequest> FORWARDED (remote -> local) service client ID = 0, token ID = 33223
11-19 17:06:08.237 D/commandrouter( 1123): SocServiceHandle::onServiceMessage, SoC Service = rtc_sync, appType = 1, type = SVC_RESP, clientId = 0, token = 33223, payloadLen = 8, result = 0, payload.size() = 8
11-19 17:06:08.273 I/chatty  ( 1196): uid=1000(system) Binder:1196_C expire 3 lines
11-19 17:06:12.432 I/chatty  ( 1196): uid=1000(system) LazyTaskWriterT expire 2 lines
11-19 17:06:16.154 I/chatty  ( 1196): uid=1000(system) Binder:1196_4 expire 4 lines
11-19 17:06:18.237 D/commandrouter( 1123): rtc_sync (1, rtc:sync): <ServiceRequest> FORWARDED (remote -> local) service client ID = 0, token ID = 33224
11-19 17:06:18.237 D/commandrouter( 1123): SocServiceHandle::onServiceMessage, SoC Service = rtc_sync, appType = 1, type = SVC_RESP, clientId = 0, token = 33224, payloadLen = 8, result = 0, payload.size() = 8
11-19 17:06:19.721 I/chatty  ( 1196): uid=1000(system) DeviceStorageMo expire 2 lines
11-19 17:06:22.900 I/chatty  ( 1196): uid=1000(system) android.display expire 1 line
11-19 17:06:23.866 I/chatty  ( 1196): uid=1000(system) WifiP2pService expire 2 lines
11-19 17:06:23.867 I/chatty  ( 1196): uid=1000(system) ActivityManager expire 1 line
11-19 17:06:26.865 I/chatty  ( 1196): uid=1000(system) WifiHandlerThre expire 2 lines
11-19 17:06:27.085 W/wificond(  872): Scan is not started. Ignore abort request
11-19 17:06:27.850 I/chatty  ( 1196): uid=1000(system) ConnectivitySer expire 35 lines
11-19 17:06:28.228 D/commandrouter( 1123): rtc_sync (1, rtc:sync): <ServiceRequest> FORWARDED (remote -> local) service client ID = 0, token ID = 33225
11-19 17:06:28.230 D/commandrouter( 1123): SocServiceHandle::onServiceMessage, SoC Service = rtc_sync, appType = 1, type = SVC_RESP, clientId = 0, token = 33225, payloadLen = 8, result = 0, payload.size() = 8
11-19 17:06:29.621 E/NetlinkEvent(  458): NetlinkEvent::FindParam(): Parameter 'INTERFACE' not found
11-19 17:06:29.621 E/NetlinkEvent(  458): NetlinkEvent::FindParam(): Parameter 'STATE' not found
11-19 17:06:29.621 E/NetlinkEvent(  458): NetlinkEvent::FindParam(): Parameter 'TIME_NS' not found
11-19 17:06:29.621 E/NetlinkEvent(  458): NetlinkEvent::FindParam(): Parameter 'UID' not found
11-19 17:06:29.914 I/chatty  ( 1196): uid=1000 system_server expire 1 line
11-19 17:06:29.915 I/chatty  ( 1196): uid=1000(system) ActivityManager expire 7 lines
11-19 17:06:29.987 I/chatty  ( 1196): uid=1000(system) android.fg expire 1 line
11-19 17:06:31.262 I/chatty  ( 1196): uid=1000(system) Binder:1196_19 expire 3 lines
11-19 17:06:31.406 I/chatty  ( 1196): uid=1000(system) android.ui expire 9 lines
11-19 17:06:31.581 I/chatty  ( 1196): uid=1000(system) android.bg expire 2 lines
11-19 17:06:32.363 I/chatty  ( 1196): uid=1000(system) Binder:1196_B expire 3 lines
11-19 17:06:32.738 I/chatty  ( 1196): uid=1000(system) Binder:1196_10 expire 1 line
11-19 17:06:33.043 D/commandrouter( 1123): SocServiceHandle::onServiceMessage, SoC Service = mcu_healthcheck_1127, appType = 1, type = SVC_REQ, clientId = 0, token = 152, payloadLen = 12, result = 0, payload.size() = 12
11-19 17:06:33.056 D/commandrouter( 1123): mcu_healthcheck_1127 (1, merlot:mcu_health:control): <ServiceResponse> FORWARDED (remote -> local) CR token ID = 152, service client ID = 40, token ID = 481, result = 0
11-19 17:06:33.057 D/mculinkhealth( 1127): isMcuReachable 1 (13 ms)
11-19 17:06:38.226 D/commandrouter( 1123): rtc_sync (1, rtc:sync): <ServiceRequest> FORWARDED (remote -> local) service client ID = 0, token ID = 33226
11-19 17:06:38.226 D/commandrouter( 1123): SocServiceHandle::onServiceMessage, SoC Service = rtc_sync, appType = 1, type = SVC_RESP, clientId = 0, token = 33226, payloadLen = 8, result = 0, payload.size() = 8
11-19 17:06:41.813 I/chatty  ( 1196): uid=1000(system) LazyTaskWriterT expire 1 line
11-19 17:06:44.174 I/chatty  ( 1196): uid=1000(system) Binder:1196_E expire 4 lines
11-19 17:06:48.226 D/commandrouter( 1123): rtc_sync (1, rtc:sync): <ServiceRequest> FORWARDED (remote -> local) service client ID = 0, token ID = 33227
11-19 17:06:48.226 D/commandrouter( 1123): SocServiceHandle::onServiceMessage, SoC Service = rtc_sync, appType = 1, type = SVC_RESP, clientId = 0, token = 33227, payloadLen = 8, result = 0, payload.size() = 8
11-19 17:06:48.438 I/chatty  ( 1196): uid=1000(system) LazyTaskWriterT expire 4 lines
11-19 17:06:49.174 I/chatty  ( 1196): uid=1000(system) Binder:1196_4 expire 1 line
11-19 17:06:49.175 I/chatty  ( 1196): uid=1000(system) ConnectivitySer expire 11 lines
11-19 17:06:58.221 D/commandrouter( 1123): rtc_sync (1, rtc:sync): <ServiceRequest> FORWARDED (remote -> local) service client ID = 0, token ID = 33228
11-19 17:06:58.222 D/commandrouter( 1123): SocServiceHandle::onServiceMessage, SoC Service = rtc_sync, appType = 1, type = SVC_RESP, clientId = 0, token = 33228, payloadLen = 8, result = 0, payload.size() = 8
11-19 17:07:01.112 D/commandrouter( 1123): SocServiceHandle::onServiceMessage, SoC Service = mcu_healthcheck_933, appType = 1, type = SVC_REQ, clientId = 0, token = 76, payloadLen = 20, result = 0, payload.size() = 20
11-19 17:07:01.115 D/commandrouter( 1123): mcu_healthcheck_933 (1, merlot:mcu_health:control): <ServiceResponse> FORWARDED (remote -> local) CR token ID = 76, service client ID = 5, token ID = 482, result = 0
11-19 17:07:03.057 D/commandrouter( 1123): SocServiceHandle::onServiceMessage, SoC Service = mcu_healthcheck_1127, appType = 1, type = SVC_REQ, clientId = 0, token = 153, payloadLen = 12, result = 0, payload.size() = 12
11-19 17:07:03.061 D/commandrouter( 1123): mcu_healthcheck_1127 (1, merlot:mcu_health:control): <ServiceResponse> FORWARDED (remote -> local) CR token ID = 153, service client ID = 40, token ID = 483, result = 0
11-19 17:07:03.061 D/mculinkhealth( 1127): isMcuReachable 1 (4 ms)
11-19 17:07:08.221 D/commandrouter( 1123): rtc_sync (1, rtc:sync): <ServiceRequest> FORWARDED (remote -> local) service client ID = 0, token ID = 33229
11-19 17:07:08.222 D/commandrouter( 1123): SocServiceHandle::onServiceMessage, SoC Service = rtc_sync, appType = 1, type = SVC_RESP, clientId = 0, token = 33229, payloadLen = 8, result = 0, payload.size() = 8
11-19 17:07:08.380 I/chatty  ( 1196): uid=1000 system_server expire 1 line
11-19 17:07:11.554 I/chatty  ( 1196): uid=1000(system) android.ui expire 11 lines
11-19 17:07:14.150 I/chatty  ( 1196): uid=1000(system) Binder:1196_C expire 5 lines
11-19 17:07:14.262 I/chatty  ( 1196): uid=1000(system) Binder:1196_18 expire 4 lines
11-19 17:07:18.215 D/commandrouter( 1123): rtc_sync (1, rtc:sync): <ServiceRequest> FORWARDED (remote -> local) service client ID = 0, token ID = 33230
11-19 17:07:18.216 D/commandrouter( 1123): SocServiceHandle::onServiceMessage, SoC Service = rtc_sync, appType = 1, type = SVC_RESP, clientId = 0, token = 33230, payloadLen = 8, result = 0, payload.size() = 8
11-19 17:07:19.828 I/chatty  ( 1196): uid=1000(system) DeviceStorageMo expire 2 lines
11-19 17:07:22.069 I/chatty  ( 1196): uid=1000(system) android.display expire 2 lines
11-19 17:07:22.984 I/chatty  ( 1196): uid=1000 system_server expire 1 line
11-19 17:07:23.046 E/NetlinkEvent(  458): NetlinkEvent::FindParam(): Parameter 'INTERFACE' not found
11-19 17:07:23.046 E/NetlinkEvent(  458): NetlinkEvent::FindParam(): Parameter 'STATE' not found
11-19 17:07:23.046 E/NetlinkEvent(  458): NetlinkEvent::FindParam(): Parameter 'TIME_NS' not found
11-19 17:07:23.046 E/NetlinkEvent(  458): NetlinkEvent::FindParam(): Parameter 'UID' not found
11-19 17:07:23.078 I/chatty  ( 1196): uid=1000(system) ConnectivitySer expire 7 lines
11-19 17:07:23.276 I/McuTransferService( 2003): Request with notification:indicator:update_request type was scheduled to sent to notification:indicator:update
11-19 17:07:23.335 I/McuTransferService( 2003): Request with notification:indicator:update_request type was sent to notification:indicator:update
11-19 17:07:23.336 D/commandrouter( 1123): SocServiceHandle::onServiceMessage, SoC Service = v, appType = 2, type = SVC_REQ, clientId = 0, token = 1, payloadLen = 20, result = 0, payload.size() = 20
11-19 17:07:23.339 D/commandrouter( 1123): v (2, notification:indicator:update): <ServiceResponse> FORWARDED (remote -> local) CR token ID = 1, service client ID = 33, token ID = 484, result = 105
11-19 17:07:23.342 D/McuTransferService( 2003): get response for request notification:indicator:update_request, response type notification:indicator:update_response
11-19 17:07:23.367 D/McuTransferService( 2003): Sent response data back for request notification:indicator:update_request
11-19 17:07:23.367 D/McuTransferService( 2003): done processing response
11-19 17:07:28.204 D/commandrouter( 1123): rtc_sync (1, rtc:sync): <ServiceRequest> FORWARDED (remote -> local) service client ID = 0, token ID = 33231
11-19 17:07:28.206 D/commandrouter( 1123): SocServiceHandle::onServiceMessage, SoC Service = rtc_sync, appType = 1, type = SVC_RESP, clientId = 0, token = 33231, payloadLen = 8, result = 0, payload.size() = 8
11-19 17:07:33.062 D/commandrouter( 1123): SocServiceHandle::onServiceMessage, SoC Service = mcu_healthcheck_1127, appType = 1, type = SVC_REQ, clientId = 0, token = 154, payloadLen = 12, result = 0, payload.size() = 12
11-19 17:07:33.067 D/commandrouter( 1123): mcu_healthcheck_1127 (1, merlot:mcu_health:control): <ServiceResponse> FORWARDED (remote -> local) CR token ID = 154, service client ID = 40, token ID = 485, result = 0
11-19 17:07:33.067 D/mculinkhealth( 1127): isMcuReachable 1 (5 ms)
11-19 17:07:33.629 I/chatty  ( 1196): uid=1000(system) android.ui expire 1 line
11-19 17:07:38.201 D/commandrouter( 1123): rtc_sync (1, rtc:sync): <ServiceRequest> FORWARDED (remote -> local) service client ID = 0, token ID = 33232
11-19 17:07:38.202 D/commandrouter( 1123): SocServiceHandle::onServiceMessage, SoC Service = rtc_sync, appType = 1, type = SVC_RESP, clientId = 0, token = 33232, payloadLen = 8, result = 0, payload.size() = 8
11-19 17:07:42.026 I/chatty  ( 1196): uid=1000(system) WifiP2pService expire 2 lines
11-19 17:07:42.028 I/chatty  ( 1196): uid=1000(system) ActivityManager expire 1 line
11-19 17:07:42.144 W/wificond(  872): Scan is not started. Ignore abort request
11-19 17:07:42.520 I/chatty  ( 1196): uid=1000(system) WifiHandlerThre expire 1 line
11-19 17:07:42.832 I/chatty  ( 1196): uid=1000(system) ConnectivitySer expire 27 lines
11-19 17:07:43.327 E/NetlinkEvent(  458): NetlinkEvent::FindParam(): Parameter 'INTERFACE' not found
11-19 17:07:43.327 E/NetlinkEvent(  458): NetlinkEvent::FindParam(): Parameter 'STATE' not found
11-19 17:07:43.327 E/NetlinkEvent(  458): NetlinkEvent::FindParam(): Parameter 'TIME_NS' not found
11-19 17:07:43.327 E/NetlinkEvent(  458): NetlinkEvent::FindParam(): Parameter 'UID' not found
11-19 17:07:48.192 D/commandrouter( 1123): rtc_sync (1, rtc:sync): <ServiceRequest> FORWARDED (remote -> local) service client ID = 0, token ID = 33233
11-19 17:07:48.193 D/commandrouter( 1123): SocServiceHandle::onServiceMessage, SoC Service = rtc_sync, appType = 1, type = SVC_RESP, clientId = 0, token = 33233, payloadLen = 8, result = 0, payload.size() = 8
11-19 17:07:58.178 D/commandrouter( 1123): rtc_sync (1, rtc:sync): <ServiceRequest> FORWARDED (remote -> local) service client ID = 0, token ID = 33234
11-19 17:07:58.179 D/commandrouter( 1123): SocServiceHandle::onServiceMessage, SoC Service = rtc_sync, appType = 1, type = SVC_RESP, clientId = 0, token = 33234, payloadLen = 8, result = 0, payload.size() = 8
11-19 17:08:01.116 D/commandrouter( 1123): SocServiceHandle::onServiceMessage, SoC Service = mcu_healthcheck_933, appType = 1, type = SVC_REQ, clientId = 0, token = 77, payloadLen = 20, result = 0, payload.size() = 20
11-19 17:08:01.120 D/commandrouter( 1123): mcu_healthcheck_933 (1, merlot:mcu_health:control): <ServiceResponse> FORWARDED (remote -> local) CR token ID = 77, service client ID = 5, token ID = 486, result = 0
11-19 17:08:02.360 I/chatty  ( 1196): uid=1000(system) android.ui expire 8 lines
11-19 17:08:03.068 D/commandrouter( 1123): SocServiceHandle::onServiceMessage, SoC Service = mcu_healthcheck_1127, appType = 1, type = SVC_REQ, clientId = 0, token = 155, payloadLen = 12, result = 0, payload.size() = 12
11-19 17:08:03.072 D/commandrouter( 1123): mcu_healthcheck_1127 (1, merlot:mcu_health:control): <ServiceResponse> FORWARDED (remote -> local) CR token ID = 155, service client ID = 40, token ID = 487, result = 0
11-19 17:08:03.072 D/mculinkhealth( 1127): isMcuReachable 1 (4 ms)
11-19 17:08:05.155 I/chatty  ( 1196): uid=1000(system) Binder:1196_C expire 4 lines
11-19 17:08:08.013 I/chatty  ( 1196): uid=1000(system) LazyTaskWriterT expire 1 line
11-19 17:08:08.172 D/commandrouter( 1123): rtc_sync (1, rtc:sync): <ServiceRequest> FORWARDED (remote -> local) service client ID = 0, token ID = 33235
11-19 17:08:08.173 D/commandrouter( 1123): SocServiceHandle::onServiceMessage, SoC Service = rtc_sync, appType = 1, type = SVC_RESP, clientId = 0, token = 33235, payloadLen = 8, result = 0, payload.size() = 8
11-19 17:08:12.824 I/chatty  ( 1196): uid=1000(system) android.display expire 1 line
11-19 17:08:12.890 I/chatty  ( 1196): uid=1000 system_server expire 1 line
11-19 17:08:13.313 I/chatty  ( 1196): uid=1000(system) ConnectivitySer expire 9 lines
11-19 17:08:13.428 E/NetlinkEvent(  458): NetlinkEvent::FindParam(): Parameter 'INTERFACE' not found
11-19 17:08:13.428 E/NetlinkEvent(  458): NetlinkEvent::FindParam(): Parameter 'STATE' not found
11-19 17:08:13.428 E/NetlinkEvent(  458): NetlinkEvent::FindParam(): Parameter 'TIME_NS' not found
11-19 17:08:13.428 E/NetlinkEvent(  458): NetlinkEvent::FindParam(): Parameter 'UID' not found
11-19 17:08:18.165 D/commandrouter( 1123): rtc_sync (1, rtc:sync): <ServiceRequest> FORWARDED (remote -> local) service client ID = 0, token ID = 33236
11-19 17:08:18.166 D/commandrouter( 1123): SocServiceHandle::onServiceMessage, SoC Service = rtc_sync, appType = 1, type = SVC_RESP, clientId = 0, token = 33236, payloadLen = 8, result = 0, payload.size() = 8
11-19 17:08:19.930 D/AppStorageManager( 1196): BEFORE:: Previous Size: 1061527552 Current Size: 1061257216
11-19 17:08:19.930 D/AppStorageManager( 1196): AFTER:: Previous Size: 1061257216 Current Size: 1061257216
11-19 17:08:20.626 D/AutofillManagerService( 1196): onBackKeyPressed()
11-19 17:08:21.623 D/AutofillManagerService( 1196): onBackKeyPressed()
11-19 17:08:22.090 E/TaskPersister( 1196): File error accessing recents directory (directory doesn't exist?).
11-19 17:08:22.625 D/AutofillManagerService( 1196): onBackKeyPressed()
11-19 17:08:23.622 D/AutofillManagerService( 1196): onBackKeyPressed()
11-19 17:08:24.151 W/ActivityManager( 1196): Invalid packageName: com.facebook.wearable.system.settings/com.facebook.wearable.system.settings.SettingsActivity
11-19 17:08:24.273 I/ActivityTaskManager( 1196): START u0 {flg=0x10000000 cmp=com.facebook.wearable.system.settings/.SettingsActivity} from uid 0
11-19 17:08:24.290 I/ActivityTaskManager( 1196): The Process com.facebook.wearable.system.settings Already Exists in BG. So sending its PID: 2711
11-19 17:08:24.291 W/ActivityTaskManager( 1196): Tried to set launchTime (0) < mLastActivityLaunchTime (4715671)
11-19 17:08:28.171 D/commandrouter( 1123): rtc_sync (1, rtc:sync): <ServiceRequest> FORWARDED (remote -> local) service client ID = 0, token ID = 33237
11-19 17:08:28.171 D/commandrouter( 1123): SocServiceHandle::onServiceMessage, SoC Service = rtc_sync, appType = 1, type = SVC_RESP, clientId = 0, token = 33237, payloadLen = 8, result = 0, payload.size() = 8
11-19 17:08:28.444 E/TaskPersister( 1196): File error accessing recents directory (directory doesn't exist?).
11-19 17:08:30.991 W/ContextImpl( 1196): Calling a method in the system process without a qualified user: android.app.ContextImpl.sendBroadcastMultiplePermissions:1143 android.content.Context.sendBroadcastWithMultiplePermissions:2150 com.android.server.display.WifiDisplayAdapter.handleSendStatusChangeBroadcast:440 com.android.server.display.WifiDisplayAdapter.access$1700:63 com.android.server.display.WifiDisplayAdapter$WifiDisplayHandler.handleMessage:675 
11-19 17:08:31.988 W/ContextImpl( 1196): Calling a method in the system process without a qualified user: android.app.ContextImpl.sendBroadcastMultiplePermissions:1143 android.content.Context.sendBroadcastWithMultiplePermissions:2150 com.android.server.wifi.p2p.WifiP2pServiceImpl$P2pStateMachine.sendBroadcastMultiplePermissions:3209 com.android.server.wifi.p2p.WifiP2pServiceImpl$P2pStateMachine.sendP2pConnectionChangedBroadcast:3236 com.android.server.wifi.p2p.WifiP2pServiceImpl$P2pStateMachine.access$5100:768 
11-19 17:08:31.990 W/BroadcastQueue( 1196): Permission Denial: receiving Intent { act=android.net.wifi.p2p.CONNECTION_STATE_CHANGE flg=0x24000010 (has extras) } to ProcessRecord{2e9d247 1887:.qtidataservices/u0a89} (pid=1887, uid=10089) requires android.permission.ACCESS_FINE_LOCATION due to sender android (uid 1000)
11-19 17:08:31.995 W/ContextImpl( 1196): Calling a method in the system process without a qualified user: android.app.ContextImpl.sendBroadcastMultiplePermissions:1143 android.content.Context.sendBroadcastWithMultiplePermissions:2150 com.android.server.wifi.p2p.WifiP2pServiceImpl$P2pStateMachine.sendBroadcastMultiplePermissions:3209 com.android.server.wifi.p2p.WifiP2pServiceImpl$P2pStateMachine.sendThisDeviceChangedBroadcast:3218 com.android.server.wifi.p2p.WifiP2pServiceImpl$P2pStateMachine.updateThisDevice:3962 
11-19 17:08:32.010 W/wificond(  872): Scan is not started. Ignore abort request
11-19 17:08:32.475 D/ConnectivityService( 1196): registerNetworkAgent NetworkAgentInfo{ ni{[type: WIFI[], state: UNKNOWN/IDLE, reason: (unspecified), extra: , failover: false, available: true, roaming: false]}  network{104}  nethandle{450082295821}  lp{{InterfaceName: wlan0 LinkAddresses: [ ] DnsAddresses: [ ] Domains: null MTU: 0 Routes: [ ]}}  nc{[ Transports: WIFI Capabilities: NOT_METERED&INTERNET&NOT_RESTRICTED&TRUSTED&NOT_VPN&NOT_ROAMING&FOREGROUND&NOT_CONGESTED&NOT_SUSPENDED LinkUpBandwidth>=72000Kbps LinkDnBandwidth>=72000Kbps OwnerUid: 1000 SSID: "MTBF_Lab" RequestorUid: -1 RequestorPackageName: null]}  Score{20}  everValidated{false}  lastValidated{false}  created{false} lingering{false} explicitlySelected{false} acceptUnvalidated{false} everCaptivePortalDetected{false} lastCaptivePortalDetected{false} partialConnectivity{false} acceptPartialConnectivity{false} clat{mBaseIface: null, mIface: null, mState: IDLE} }
11-19 17:08:32.494 D/ConnectivityService( 1196): [104 WIFI] EVENT_NETWORK_INFO_CHANGED, going from UNKNOWN to UNKNOWN
11-19 17:08:32.632 D/ConnectivityService( 1196): NetReassign [no changes]
11-19 17:08:32.654 I/Nat464Xlat( 1196): Android Xlat is disabled
11-19 17:08:32.654 I/Nat464Xlat( 1196): Android Xlat is disabled
11-19 17:08:32.809 E/ConnectivityService( 1196): Exception in networkAddRouteParcel for non-gateway: android.os.ServiceSpecificException: Machine is not on the network (code 64)
11-19 17:08:32.816 E/ConnectivityService( 1196): Exception in networkAddRouteParcel for gateway: android.os.ServiceSpecificException: Machine is not on the network (code 64)
11-19 17:08:32.816 I/Nat464Xlat( 1196): Android Xlat is disabled
11-19 17:08:32.816 I/Nat464Xlat( 1196): Android Xlat is disabled
11-19 17:08:32.880 D/ConnectivityService( 1196): Setting DNS servers for network 104 to [/192.168.1.1]
11-19 17:08:32.881 I/Nat464Xlat( 1196): Android Xlat is disabled
11-19 17:08:32.881 I/Nat464Xlat( 1196): Android Xlat is disabled
11-19 17:08:32.953 D/ConnectivityService( 1196): [104 WIFI] EVENT_NETWORK_INFO_CHANGED, going from UNKNOWN to CONNECTED
11-19 17:08:32.955 D/DnsManager( 1196): sendDnsConfigurationForNetwork(104, [192.168.1.1], [], 1800, 25, 8, 64, 0, 0, , [])
11-19 17:08:32.957 W/DnsManager( 1196): updatePrivateDns(104, PrivateDnsConfig{true:/[]})
11-19 17:08:32.958 D/ConnectivityService( 1196): Setting DNS servers for network 104 to [/192.168.1.1]
11-19 17:08:32.958 D/DnsManager( 1196): sendDnsConfigurationForNetwork(104, [192.168.1.1], [], 1800, 25, 8, 64, 0, 0, , [192.168.1.1])
11-19 17:08:32.961 D/ConnectivityService( 1196): Adding iface wlan0 to network 104
11-19 17:08:33.021 D/ConnectivityService( 1196): Setting DNS servers for network 104 to [/192.168.1.1]
11-19 17:08:33.022 D/DnsManager( 1196): sendDnsConfigurationForNetwork(104, [192.168.1.1], [], 1800, 25, 8, 64, 0, 0, , [192.168.1.1])
11-19 17:08:33.023 I/Nat464Xlat( 1196): Android Xlat is disabled
11-19 17:08:33.024 I/Nat464Xlat( 1196): Android Xlat is disabled
11-19 17:08:33.073 D/commandrouter( 1123): SocServiceHandle::onServiceMessage, SoC Service = mcu_healthcheck_1127, appType = 1, type = SVC_REQ, clientId = 0, token = 156, payloadLen = 12, result = 0, payload.size() = 12
11-19 17:08:33.076 D/commandrouter( 1123): mcu_healthcheck_1127 (1, merlot:mcu_health:control): <ServiceResponse> FORWARDED (remote -> local) CR token ID = 156, service client ID = 40, token ID = 488, result = 0
11-19 17:08:33.077 D/mculinkhealth( 1127): isMcuReachable 1 (4 ms)
11-19 17:08:33.084 D/ConnectivityService( 1196): NetReassign [no changes]
11-19 17:08:33.298 D/ConnectivityService( 1196): [104 WIFI] validation passed
11-19 17:08:33.299 D/ConnectivityService( 1196): NetReassign [11 : 101 → 104, 16 : 101 → 104, 66 : 101 → 104, 46 : 101 → 104, 68 : 101 → 104, 1 : 101 → 104, 63 : 101 → 104, 25 : 101 → 104, 32 : 101 → 104, 8 : 101 → 104, 17 : 101 → 104, 12 : 101 → 104, 22 : 101 → 104, 14 : 101 → 104, 67 : 101 → 104, 77 : 101 → 104]
11-19 17:08:33.305 E/NetlinkEvent(  458): NetlinkEvent::FindParam(): Parameter 'INTERFACE' not found
11-19 17:08:33.305 E/NetlinkEvent(  458): NetlinkEvent::FindParam(): Parameter 'STATE' not found
11-19 17:08:33.306 E/NetlinkEvent(  458): NetlinkEvent::FindParam(): Parameter 'TIME_NS' not found
11-19 17:08:33.306 E/NetlinkEvent(  458): NetlinkEvent::FindParam(): Parameter 'UID' not found
11-19 17:08:33.322 D/ConnectivityService( 1196): Switching to new default network: NetworkAgentInfo{ ni{[type: WIFI[], state: CONNECTED/CONNECTED, reason: (unspecified), extra: , failover: false, available: true, roaming: false]}  network{104}  nethandle{450082295821}  lp{{InterfaceName: wlan0 LinkAddresses: [ 192.168.1.40/24 ] DnsAddresses: [ /192.168.1.1 ] Domains: null MTU: 0 ServerAddress: /192.168.1.1 TcpBufferSizes: 524288,1048576,2097152,262144,524288,1048576 Routes: [ fe80::/64 -> :: wlan0 mtu 0,192.168.1.0/24 -> 0.0.0.0 wlan0 mtu 0,0.0.0.0/0 -> 192.168.1.1 wlan0 mtu 0 ]}}  nc{[ Transports: WIFI Capabilities: NOT_METERED&INTERNET&NOT_RESTRICTED&TRUSTED&NOT_VPN&VALIDATED&NOT_ROAMING&FOREGROUND&NOT_CONGESTED&NOT_SUSPENDED LinkUpBandwidth>=63000Kbps LinkDnBandwidth>=63000Kbps SignalStrength: -36 OwnerUid: 1000 SSID: "MTBF_Lab" RequestorUid: -1 RequestorPackageName: null]}  Score{60}  everValidated{true}  lastValidated{true}  created{true} lingering{false} explicitlySelected{false} acceptUnvalidated{false} everCaptivePortalDetected{false} lastCaptivePortalDetected{false} partialConnectivity{false} acceptPartialConnectivity{false} clat{mBaseIface: null, mIface: null, mState: IDLE} }
11-19 17:08:33.462 D/ConnectivityService( 1196): Lingering [101 CELLULAR] for 30000ms
11-19 17:08:33.464 D/ConnectivityService( 1196): Sending DISCONNECTED broadcast for type 0 [101 CELLULAR] isDefaultNetwork=true
11-19 17:08:33.466 D/ConnectivityService( 1196): Sending CONNECTED broadcast for type 1 [104 WIFI] isDefaultNetwork=true
11-19 17:08:33.498 D/ConnectivityService( 1196): Setting DNS servers for network 104 to [/192.168.1.1]
11-19 17:08:33.498 D/DnsManager( 1196): sendDnsConfigurationForNetwork(104, [192.168.1.1], [], 1800, 25, 8, 64, 0, 0, , [192.168.1.1])
11-19 17:08:34.449 I/Nat464Xlat( 1196): Android Xlat is disabled
11-19 17:08:34.449 I/Nat464Xlat( 1196): Android Xlat is disabled
11-19 17:08:38.177 D/commandrouter( 1123): rtc_sync (1, rtc:sync): <ServiceRequest> FORWARDED (remote -> local) service client ID = 0, token ID = 33238
11-19 17:08:38.177 D/commandrouter( 1123): SocServiceHandle::onServiceMessage, SoC Service = rtc_sync, appType = 1, type = SVC_RESP, clientId = 0, token = 33238, payloadLen = 8, result = 0, payload.size() = 8
11-19 17:08:48.184 D/commandrouter( 1123): rtc_sync (1, rtc:sync): <ServiceRequest> FORWARDED (remote -> local) service client ID = 0, token ID = 33239
11-19 17:08:48.185 D/commandrouter( 1123): SocServiceHandle::onServiceMessage, SoC Service = rtc_sync, appType = 1, type = SVC_RESP, clientId = 0, token = 33239, payloadLen = 8, result = 0, payload.size() = 8
11-19 17:08:52.354 D/AutofillManagerService( 1196): onBackKeyPressed()
11-19 17:08:53.412 I/chatty  ( 1196): uid=1000(system) android.ui identical 2 lines
11-19 17:08:54.633 D/AutofillManagerService( 1196): onBackKeyPressed()
11-19 17:08:55.180 W/ActivityManager( 1196): Invalid packageName: com.facebook.wearable.system.settings/com.facebook.wearable.system.settings.SettingsActivity
11-19 17:08:55.293 I/ActivityTaskManager( 1196): START u0 {flg=0x10000000 cmp=com.facebook.wearable.system.settings/.SettingsActivity} from uid 0
11-19 17:08:55.311 I/ActivityTaskManager( 1196): The Process com.facebook.wearable.system.settings Already Exists in BG. So sending its PID: 2711
11-19 17:08:55.312 W/ActivityTaskManager( 1196): Tried to set launchTime (0) < mLastActivityLaunchTime (4734652)
11-19 17:08:58.120 E/TaskPersister( 1196): File error accessing recents directory (directory doesn't exist?).
11-19 17:08:58.201 D/commandrouter( 1123): rtc_sync (1, rtc:sync): <ServiceRequest> FORWARDED (remote -> local) service client ID = 0, token ID = 33240
11-19 17:08:58.201 D/commandrouter( 1123): SocServiceHandle::onServiceMessage, SoC Service = rtc_sync, appType = 1, type = SVC_RESP, clientId = 0, token = 33240, payloadLen = 8, result = 0, payload.size() = 8
11-19 17:09:01.122 D/commandrouter( 1123): SocServiceHandle::onServiceMessage, SoC Service = mcu_healthcheck_933, appType = 1, type = SVC_REQ, clientId = 0, token = 78, payloadLen = 20, result = 0, payload.size() = 20
11-19 17:09:01.126 D/commandrouter( 1123): mcu_healthcheck_933 (1, merlot:mcu_health:control): <ServiceResponse> FORWARDED (remote -> local) CR token ID = 78, service client ID = 5, token ID = 489, result = 0
11-19 17:09:02.918 W/ContextImpl( 1196): Calling a method in the system process without a qualified user: android.app.ContextImpl.sendBroadcastMultiplePermissions:1143 android.content.Context.sendBroadcastWithMultiplePermissions:2150 com.android.server.display.WifiDisplayAdapter.handleSendStatusChangeBroadcast:440 com.android.server.display.WifiDisplayAdapter.access$1700:63 com.android.server.display.WifiDisplayAdapter$WifiDisplayHandler.handleMessage:675 
11-19 17:09:03.078 D/commandrouter( 1123): SocServiceHandle::onServiceMessage, SoC Service = mcu_healthcheck_1127, appType = 1, type = SVC_REQ, clientId = 0, token = 157, payloadLen = 12, result = 0, payload.size() = 12
11-19 17:09:03.082 D/commandrouter( 1123): mcu_healthcheck_1127 (1, merlot:mcu_health:control): <ServiceResponse> FORWARDED (remote -> local) CR token ID = 157, service client ID = 40, token ID = 490, result = 0
11-19 17:09:03.082 D/mculinkhealth( 1127): isMcuReachable 1 (5 ms)
11-19 17:09:03.299 D/ConnectivityService( 1196): handleLingerComplete for [101 CELLULAR]
11-19 17:09:03.395 I/wificond(  872): Fail RSSI polling because wifi is not associated.
11-19 17:09:03.478 D/ConnectivityService( 1196): [104 WIFI] EVENT_NETWORK_INFO_CHANGED, going from CONNECTED to DISCONNECTED
11-19 17:09:03.478 D/ConnectivityService( 1196): [104 WIFI] disconnected, was satisfying 27
11-19 17:09:03.586 I/Nat464Xlat( 1196): Android Xlat is disabled
11-19 17:09:03.586 I/Nat464Xlat( 1196): Android Xlat is disabled
11-19 17:09:03.616 D/ConnectivityService( 1196): Sending DISCONNECTED broadcast for type 1 [104 WIFI] isDefaultNetwork=true
11-19 17:09:03.635 D/ConnectivityService( 1196): NetReassign [11 : null → 101, 16 : null → 101, 66 : null → 101, 46 : null → 101, 68 : null → 101, 1 : null → 101, 63 : null → 101, 25 : null → 101, 32 : null → 101, 8 : null → 101, 17 : null → 101, 12 : null → 101, 22 : null → 101, 14 : null → 101, 67 : null → 101, 77 : null → 101]
11-19 17:09:03.652 E/NetlinkEvent(  458): NetlinkEvent::FindParam(): Parameter 'INTERFACE' not found
11-19 17:09:03.652 E/NetlinkEvent(  458): NetlinkEvent::FindParam(): Parameter 'STATE' not found
11-19 17:09:03.652 E/NetlinkEvent(  458): NetlinkEvent::FindParam(): Parameter 'TIME_NS' not found
11-19 17:09:03.652 E/NetlinkEvent(  458): NetlinkEvent::FindParam(): Parameter 'UID' not found
11-19 17:09:03.666 D/ConnectivityService( 1196): Switching to new default network: NetworkAgentInfo{ ni{[type: MOBILE[LTE], state: CONNECTED/CONNECTED, reason: (unspecified), extra: nxtgenphone, failover: false, available: true, roaming: false]}  network{101}  nethandle{437197393933}  lp{{InterfaceName: rmnet_data2 LinkAddresses: [ 10.33.46.96/26,2600:380:c011:8926:dc33:f6e0:ed57:ed5a/64 ] DnsAddresses: [ /172.26.38.1,/fc00:a:a::300 ] Domains: null MTU: 1430 TcpBufferSizes: 2097152,4194304,8388608,262144,524288,1048576 Routes: [ 0.0.0.0/0 -> 10.33.46.97 rmnet_data2 mtu 1430,::/0 -> fe80::9861:291c:876f:a4e3 rmnet_data2 mtu 1430,10.33.46.64/26 -> 0.0.0.0 rmnet_data2 mtu 0,2600:380:c011:8926::/64 -> :: rmnet_data2 mtu 0 ]}}  nc{[ Transports: CELLULAR Capabilities: MMS&SUPL&FOTA&INTERNET&NOT_RESTRICTED&TRUSTED&NOT_VPN&VALIDATED&NOT_ROAMING&NOT_CONGESTED&NOT_SUSPENDED LinkUpBandwidth>=15000Kbps LinkDnBandwidth>=30000Kbps Specifier: <TelephonyNetworkSpecifier [mSubId = 1]> AdministratorUids: [] RequestorUid: -1 RequestorPackageName: null]}  Score{50}  everValidated{true}  lastValidated{true}  created{true} lingering{false} explicitlySelected{false} acceptUnvalidated{false} everCaptivePortalDetected{false} lastCaptivePortalDetected{false} partialConnectivity{false} acceptPartialConnectivity{false} clat{mBaseIface: null, mIface: null, mState: IDLE} }
11-19 17:09:03.837 D/ConnectivityService( 1196): Sending CONNECTED broadcast for type 0 [101 CELLULAR] isDefaultNetwork=true
11-19 17:09:07.595 D/AutofillManagerService( 1196): onBackKeyPressed()
11-19 17:09:08.129 D/AutofillManagerService( 1196): onBackKeyPressed()
11-19 17:09:08.184 D/commandrouter( 1123): rtc_sync (1, rtc:sync): <ServiceRequest> FORWARDED (remote -> local) service client ID = 0, token ID = 33241
11-19 17:09:08.184 D/commandrouter( 1123): SocServiceHandle::onServiceMessage, SoC Service = rtc_sync, appType = 1, type = SVC_RESP, clientId = 0, token = 33241, payloadLen = 8, result = 0, payload.size() = 8
11-19 17:09:08.656 D/AutofillManagerService( 1196): onBackKeyPressed()
11-19 17:09:10.619 I/chatty  ( 1196): uid=1000(system) android.ui identical 2 lines
11-19 17:09:11.634 D/AutofillManagerService( 1196): onBackKeyPressed()
11-19 17:09:12.130 E/TaskPersister( 1196): File error accessing recents directory (directory doesn't exist?).
11-19 17:09:12.633 D/AutofillManagerService( 1196): onBackKeyPressed()
11-19 17:09:13.631 D/AutofillManagerService( 1196): onBackKeyPressed()
11-19 17:09:14.152 W/ActivityManager( 1196): Invalid packageName: com.facebook.wearable.system.settings/com.facebook.wearable.system.settings.SettingsActivity
11-19 17:09:14.278 I/ActivityTaskManager( 1196): START u0 {flg=0x10000000 cmp=com.facebook.wearable.system.settings/.SettingsActivity} from uid 0
11-19 17:09:14.297 I/ActivityTaskManager( 1196): The Process com.facebook.wearable.system.settings Already Exists in BG. So sending its PID: 2711
11-19 17:09:14.297 W/ActivityTaskManager( 1196): Tried to set launchTime (0) < mLastActivityLaunchTime (4765672)
11-19 17:09:18.182 D/commandrouter( 1123): rtc_sync (1, rtc:sync): <ServiceRequest> FORWARDED (remote -> local) service client ID = 0, token ID = 33242
11-19 17:09:18.183 D/commandrouter( 1123): SocServiceHandle::onServiceMessage, SoC Service = rtc_sync, appType = 1, type = SVC_RESP, clientId = 0, token = 33242, payloadLen = 8, result = 0, payload.size() = 8
11-19 17:09:18.429 E/TaskPersister( 1196): File error accessing recents directory (directory doesn't exist?).
11-19 17:09:18.712 D/AnalyticsLogger( 1196): sent events: 12
11-19 17:09:20.024 D/AppStorageManager( 1196): BEFORE:: Previous Size: 1061257216 Current Size: 1061564416
11-19 17:09:20.024 D/AppStorageManager( 1196): AFTER:: Previous Size: 1061564416 Current Size: 1061564416
11-19 17:09:20.925 W/ContextImpl( 1196): Calling a method in the system process without a qualified user: android.app.ContextImpl.sendBroadcastMultiplePermissions:1143 android.content.Context.sendBroadcastWithMultiplePermissions:2150 com.android.server.display.WifiDisplayAdapter.handleSendStatusChangeBroadcast:440 com.android.server.display.WifiDisplayAdapter.access$1700:63 com.android.server.display.WifiDisplayAdapter$WifiDisplayHandler.handleMessage:675 
11-19 17:09:21.952 W/ContextImpl( 1196): Calling a method in the system process without a qualified user: android.app.ContextImpl.sendBroadcastMultiplePermissions:1143 android.content.Context.sendBroadcastWithMultiplePermissions:2150 com.android.server.wifi.p2p.WifiP2pServiceImpl$P2pStateMachine.sendBroadcastMultiplePermissions:3209 com.android.server.wifi.p2p.WifiP2pServiceImpl$P2pStateMachine.sendP2pConnectionChangedBroadcast:3236 com.android.server.wifi.p2p.WifiP2pServiceImpl$P2pStateMachine.access$5100:768 
11-19 17:09:21.959 W/BroadcastQueue( 1196): Permission Denial: receiving Intent { act=android.net.wifi.p2p.CONNECTION_STATE_CHANGE flg=0x24000010 (has extras) } to ProcessRecord{2e9d247 1887:.qtidataservices/u0a89} (pid=1887, uid=10089) requires android.permission.ACCESS_FINE_LOCATION due to sender android (uid 1000)
11-19 17:09:21.962 W/wificond(  872): Scan is not started. Ignore abort request
11-19 17:09:22.023 W/ContextImpl( 1196): Calling a method in the system process without a qualified user: android.app.ContextImpl.sendBroadcastMultiplePermissions:1143 android.content.Context.sendBroadcastWithMultiplePermissions:2150 com.android.server.wifi.p2p.WifiP2pServiceImpl$P2pStateMachine.sendBroadcastMultiplePermissions:3209 com.android.server.wifi.p2p.WifiP2pServiceImpl$P2pStateMachine.sendThisDeviceChangedBroadcast:3218 com.android.server.wifi.p2p.WifiP2pServiceImpl$P2pStateMachine.updateThisDevice:3962 
11-19 17:09:22.365 D/ConnectivityService( 1196): registerNetworkAgent NetworkAgentInfo{ ni{[type: WIFI[], state: UNKNOWN/IDLE, reason: (unspecified), extra: , failover: false, available: true, roaming: false]}  network{105}  nethandle{454377263117}  lp{{InterfaceName: wlan0 LinkAddresses: [ ] DnsAddresses: [ ] Domains: null MTU: 0 Routes: [ ]}}  nc{[ Transports: WIFI Capabilities: NOT_METERED&INTERNET&NOT_RESTRICTED&TRUSTED&NOT_VPN&NOT_ROAMING&FOREGROUND&NOT_CONGESTED&NOT_SUSPENDED LinkUpBandwidth>=72000Kbps LinkDnBandwidth>=72000Kbps OwnerUid: 1000 SSID: "MTBF_Lab" RequestorUid: -1 RequestorPackageName: null]}  Score{20}  everValidated{false}  lastValidated{false}  created{false} lingering{false} explicitlySelected{false} acceptUnvalidated{false} everCaptivePortalDetected{false} lastCaptivePortalDetected{false} partialConnectivity{false} acceptPartialConnectivity{false} clat{mBaseIface: null, mIface: null, mState: IDLE} }
11-19 17:09:22.394 D/ConnectivityService( 1196): [105 WIFI] EVENT_NETWORK_INFO_CHANGED, going from UNKNOWN to UNKNOWN
11-19 17:09:22.530 D/ConnectivityService( 1196): NetReassign [no changes]
11-19 17:09:22.554 I/Nat464Xlat( 1196): Android Xlat is disabled
11-19 17:09:22.554 I/Nat464Xlat( 1196): Android Xlat is disabled
11-19 17:09:22.804 E/ConnectivityService( 1196): Exception in networkAddRouteParcel for non-gateway: android.os.ServiceSpecificException: Machine is not on the network (code 64)
11-19 17:09:22.806 E/ConnectivityService( 1196): Exception in networkAddRouteParcel for gateway: android.os.ServiceSpecificException: Machine is not on the network (code 64)
11-19 17:09:22.807 I/Nat464Xlat( 1196): Android Xlat is disabled
11-19 17:09:22.807 I/Nat464Xlat( 1196): Android Xlat is disabled
11-19 17:09:22.891 D/ConnectivityService( 1196): Setting DNS servers for network 105 to [/192.168.1.1]
11-19 17:09:22.892 I/Nat464Xlat( 1196): Android Xlat is disabled
11-19 17:09:22.893 I/Nat464Xlat( 1196): Android Xlat is disabled
11-19 17:09:22.981 D/ConnectivityService( 1196): [105 WIFI] EVENT_NETWORK_INFO_CHANGED, going from UNKNOWN to CONNECTED
11-19 17:09:22.983 D/DnsManager( 1196): sendDnsConfigurationForNetwork(105, [192.168.1.1], [], 1800, 25, 8, 64, 0, 0, , [])
11-19 17:09:23.000 W/DnsManager( 1196): updatePrivateDns(105, PrivateDnsConfig{true:/[]})
11-19 17:09:23.000 D/ConnectivityService( 1196): Setting DNS servers for network 105 to [/192.168.1.1]
11-19 17:09:23.001 D/DnsManager( 1196): sendDnsConfigurationForNetwork(105, [192.168.1.1], [], 1800, 25, 8, 64, 0, 0, , [192.168.1.1])
11-19 17:09:23.002 D/ConnectivityService( 1196): Adding iface wlan0 to network 105
11-19 17:09:23.029 D/ConnectivityService( 1196): Setting DNS servers for network 105 to [/192.168.1.1]
11-19 17:09:23.030 D/DnsManager( 1196): sendDnsConfigurationForNetwork(105, [192.168.1.1], [], 1800, 25, 8, 64, 0, 0, , [192.168.1.1])
11-19 17:09:23.032 I/Nat464Xlat( 1196): Android Xlat is disabled
11-19 17:09:23.032 I/Nat464Xlat( 1196): Android Xlat is disabled
11-19 17:09:23.093 D/ConnectivityService( 1196): NetReassign [no changes]
11-19 17:09:23.243 D/ConnectivityService( 1196): [105 WIFI] validation passed
11-19 17:09:23.244 D/ConnectivityService( 1196): NetReassign [11 : 101 → 105, 16 : 101 → 105, 66 : 101 → 105, 46 : 101 → 105, 68 : 101 → 105, 1 : 101 → 105, 63 : 101 → 105, 25 : 101 → 105, 32 : 101 → 105, 8 : 101 → 105, 17 : 101 → 105, 12 : 101 → 105, 22 : 101 → 105, 14 : 101 → 105, 67 : 101 → 105, 77 : 101 → 105]
11-19 17:09:23.247 E/NetlinkEvent(  458): NetlinkEvent::FindParam(): Parameter 'INTERFACE' not found
11-19 17:09:23.247 E/NetlinkEvent(  458): NetlinkEvent::FindParam(): Parameter 'STATE' not found
11-19 17:09:23.247 E/NetlinkEvent(  458): NetlinkEvent::FindParam(): Parameter 'TIME_NS' not found
11-19 17:09:23.247 E/NetlinkEvent(  458): NetlinkEvent::FindParam(): Parameter 'UID' not found
11-19 17:09:23.269 D/ConnectivityService( 1196): Switching to new default network: NetworkAgentInfo{ ni{[type: WIFI[], state: CONNECTED/CONNECTED, reason: (unspecified), extra: , failover: false, available: true, roaming: false]}  network{105}  nethandle{454377263117}  lp{{InterfaceName: wlan0 LinkAddresses: [ 192.168.1.40/24 ] DnsAddresses: [ /192.168.1.1 ] Domains: null MTU: 0 ServerAddress: /192.168.1.1 TcpBufferSizes: 524288,1048576,2097152,262144,524288,1048576 Routes: [ fe80::/64 -> :: wlan0 mtu 0,192.168.1.0/24 -> 0.0.0.0 wlan0 mtu 0,0.0.0.0/0 -> 192.168.1.1 wlan0 mtu 0 ]}}  nc{[ Transports: WIFI Capabilities: NOT_METERED&INTERNET&NOT_RESTRICTED&TRUSTED&NOT_VPN&VALIDATED&NOT_ROAMING&FOREGROUND&NOT_CONGESTED&NOT_SUSPENDED LinkUpBandwidth>=64000Kbps LinkDnBandwidth>=64000Kbps SignalStrength: -35 OwnerUid: 1000 SSID: "MTBF_Lab" RequestorUid: -1 RequestorPackageName: null]}  Score{60}  everValidated{true}  lastValidated{true}  created{true} lingering{false} explicitlySelected{false} acceptUnvalidated{false} everCaptivePortalDetected{false} lastCaptivePortalDetected{false} partialConnectivity{false} acceptPartialConnectivity{false} clat{mBaseIface: null, mIface: null, mState: IDLE} }
11-19 17:09:23.404 D/ConnectivityService( 1196): Lingering [101 CELLULAR] for 30000ms
11-19 17:09:23.406 D/ConnectivityService( 1196): Sending DISCONNECTED broadcast for type 0 [101 CELLULAR] isDefaultNetwork=true
11-19 17:09:23.408 D/ConnectivityService( 1196): Sending CONNECTED broadcast for type 1 [105 WIFI] isDefaultNetwork=true
11-19 17:09:23.467 D/ConnectivityService( 1196): Setting DNS servers for network 105 to [/192.168.1.1]
11-19 17:09:23.468 D/DnsManager( 1196): sendDnsConfigurationForNetwork(105, [192.168.1.1], [], 1800, 25, 8, 64, 0, 0, , [192.168.1.1])
11-19 17:09:23.669 I/Nat464Xlat( 1196): Android Xlat is disabled
11-19 17:09:23.669 I/Nat464Xlat( 1196): Android Xlat is disabled
11-19 17:09:28.175 D/commandrouter( 1123): rtc_sync (1, rtc:sync): <ServiceRequest> FORWARDED (remote -> local) service client ID = 0, token ID = 33243
11-19 17:09:28.175 D/commandrouter( 1123): SocServiceHandle::onServiceMessage, SoC Service = rtc_sync, appType = 1, type = SVC_RESP, clientId = 0, token = 33243, payloadLen = 8, result = 0, payload.size() = 8
11-19 17:09:33.084 D/commandrouter( 1123): SocServiceHandle::onServiceMessage, SoC Service = mcu_healthcheck_1127, appType = 1, type = SVC_REQ, clientId = 0, token = 158, payloadLen = 12, result = 0, payload.size() = 12
11-19 17:09:33.089 D/commandrouter( 1123): mcu_healthcheck_1127 (1, merlot:mcu_health:control): <ServiceResponse> FORWARDED (remote -> local) CR token ID = 158, service client ID = 40, token ID = 491, result = 0
11-19 17:09:33.090 D/mculinkhealth( 1127): isMcuReachable 1 (6 ms)
11-19 17:09:38.174 D/commandrouter( 1123): rtc_sync (1, rtc:sync): <ServiceRequest> FORWARDED (remote -> local) service client ID = 0, token ID = 33244
11-19 17:09:38.175 D/commandrouter( 1123): SocServiceHandle::onServiceMessage, SoC Service = rtc_sync, appType = 1, type = SVC_RESP, clientId = 0, token = 33244, payloadLen = 8, result = 0, payload.size() = 8
11-19 17:09:42.343 D/AutofillManagerService( 1196): onBackKeyPressed()
11-19 17:09:42.874 I/chatty  ( 1196): uid=1000(system) android.ui identical 1 line
11-19 17:09:43.397 D/AutofillManagerService( 1196): onBackKeyPressed()
11-19 17:09:44.334 D/commandrouter( 1123): SocServiceHandle::onServiceMessage, SoC Service = mcu_healthcheck_1196, appType = 1, type = SVC_REQ, clientId = 0, token = 12, payloadLen = 12, result = 0, payload.size() = 12
11-19 17:09:44.336 D/commandrouter( 1123): mcu_healthcheck_1196 (1, merlot:mcu_health:control): <ServiceResponse> FORWARDED (remote -> local) CR token ID = 12, service client ID = 39, token ID = 492, result = 0
11-19 17:09:44.337 D/McuReachableCollector( 1196): call isMcuReachable, result true
11-19 17:09:44.485 D/WearableBatteryStatsProvider( 1196): ------ BEGIN Bluetooth power supplementing ------
11-19 17:09:44.545 D/RadioActivityCollector( 1196): Logging RadioActivity data: fields={radio_bluetooth_tx_time_unplugged=5406, radio_wifi_sleep_time_unplugged=506966, radio_bluetooth_idle_time_unplugged=5558, radio_wifi_tx_time_unplugged=0, radio_bluetooth_energy_used_unplugged=392017, radio_bluetooth_rx_time_unplugged=11370, radio_wifi_rx_time_unplugged=0, radio_bluetooth_sleep_time_unplugged=577723, radio_wifi_idle_time_unplugged=93107, radio_wifi_energy_used_unplugged=0}, pid=null, uid=null, pids=null, uids=null
11-19 17:09:44.613 D/AutofillManagerService( 1196): onBackKeyPressed()
11-19 17:09:45.142 W/ActivityManager( 1196): Invalid packageName: com.facebook.wearable.system.settings/com.facebook.wearable.system.settings.SettingsActivity
11-19 17:09:45.244 I/ActivityTaskManager( 1196): START u0 {flg=0x10000000 cmp=com.facebook.wearable.system.settings/.SettingsActivity} from uid 0
11-19 17:09:45.262 I/ActivityTaskManager( 1196): The Process com.facebook.wearable.system.settings Already Exists in BG. So sending its PID: 2711
11-19 17:09:45.263 W/ActivityTaskManager( 1196): Tried to set launchTime (0) < mLastActivityLaunchTime (4784660)
11-19 17:09:47.988 E/TaskPersister( 1196): File error accessing recents directory (directory doesn't exist?).
11-19 17:09:48.169 D/commandrouter( 1123): rtc_sync (1, rtc:sync): <ServiceRequest> FORWARDED (remote -> local) service client ID = 0, token ID = 33245
11-19 17:09:48.169 D/commandrouter( 1123): SocServiceHandle::onServiceMessage, SoC Service = rtc_sync, appType = 1, type = SVC_RESP, clientId = 0, token = 33245, payloadLen = 8, result = 0, payload.size() = 8
11-19 17:09:52.831 W/ContextImpl( 1196): Calling a method in the system process without a qualified user: android.app.ContextImpl.sendBroadcastMultiplePermissions:1143 android.content.Context.sendBroadcastWithMultiplePermissions:2150 com.android.server.display.WifiDisplayAdapter.handleSendStatusChangeBroadcast:440 com.android.server.display.WifiDisplayAdapter.access$1700:63 com.android.server.display.WifiDisplayAdapter$WifiDisplayHandler.handleMessage:675 
11-19 17:09:53.244 D/ConnectivityService( 1196): handleLingerComplete for [101 CELLULAR]
11-19 17:09:53.357 I/wificond(  872): Fail RSSI polling because wifi is not associated.
11-19 17:09:53.413 D/ConnectivityService( 1196): [105 WIFI] EVENT_NETWORK_INFO_CHANGED, going from CONNECTED to DISCONNECTED
11-19 17:09:53.413 D/ConnectivityService( 1196): [105 WIFI] disconnected, was satisfying 27
11-19 17:09:53.503 I/Nat464Xlat( 1196): Android Xlat is disabled
11-19 17:09:53.503 I/Nat464Xlat( 1196): Android Xlat is disabled
11-19 17:09:53.514 D/ConnectivityService( 1196): Sending DISCONNECTED broadcast for type 1 [105 WIFI] isDefaultNetwork=true
11-19 17:09:53.515 D/ConnectivityService( 1196): NetReassign [11 : null → 101, 16 : null → 101, 66 : null → 101, 46 : null → 101, 68 : null → 101, 1 : null → 101, 63 : null → 101, 25 : null → 101, 32 : null → 101, 8 : null → 101, 17 : null → 101, 12 : null → 101, 22 : null → 101, 14 : null → 101, 67 : null → 101, 77 : null → 101]
11-19 17:09:53.517 E/NetlinkEvent(  458): NetlinkEvent::FindParam(): Parameter 'INTERFACE' not found
11-19 17:09:53.518 E/NetlinkEvent(  458): NetlinkEvent::FindParam(): Parameter 'STATE' not found
11-19 17:09:53.518 E/NetlinkEvent(  458): NetlinkEvent::FindParam(): Parameter 'TIME_NS' not found
11-19 17:09:53.518 E/NetlinkEvent(  458): NetlinkEvent::FindParam(): Parameter 'UID' not found
11-19 17:09:53.547 D/ConnectivityService( 1196): Switching to new default network: NetworkAgentInfo{ ni{[type: MOBILE[LTE], state: CONNECTED/CONNECTED, reason: (unspecified), extra: nxtgenphone, failover: false, available: true, roaming: false]}  network{101}  nethandle{437197393933}  lp{{InterfaceName: rmnet_data2 LinkAddresses: [ 10.33.46.96/26,2600:380:c011:8926:dc33:f6e0:ed57:ed5a/64 ] DnsAddresses: [ /172.26.38.1,/fc00:a:a::300 ] Domains: null MTU: 1430 TcpBufferSizes: 2097152,4194304,8388608,262144,524288,1048576 Routes: [ 0.0.0.0/0 -> 10.33.46.97 rmnet_data2 mtu 1430,::/0 -> fe80::9861:291c:876f:a4e3 rmnet_data2 mtu 1430,10.33.46.64/26 -> 0.0.0.0 rmnet_data2 mtu 0,2600:380:c011:8926::/64 -> :: rmnet_data2 mtu 0 ]}}  nc{[ Transports: CELLULAR Capabilities: MMS&SUPL&FOTA&INTERNET&NOT_RESTRICTED&TRUSTED&NOT_VPN&VALIDATED&NOT_ROAMING&NOT_CONGESTED&NOT_SUSPENDED LinkUpBandwidth>=15000Kbps LinkDnBandwidth>=30000Kbps Specifier: <TelephonyNetworkSpecifier [mSubId = 1]> AdministratorUids: [] RequestorUid: -1 RequestorPackageName: null]}  Score{50}  everValidated{true}  lastValidated{true}  created{true} lingering{false} explicitlySelected{false} acceptUnvalidated{false} everCaptivePortalDetected{false} lastCaptivePortalDetected{false} partialConnectivity{false} acceptPartialConnectivity{false} clat{mBaseIface: null, mIface: null, mState: IDLE} }
11-19 17:09:53.756 D/ConnectivityService( 1196): Sending CONNECTED broadcast for type 0 [101 CELLULAR] isDefaultNetwork=true
11-19 17:09:57.657 D/AutofillManagerService( 1196): onBackKeyPressed()
11-19 17:09:58.159 D/commandrouter( 1123): rtc_sync (1, rtc:sync): <ServiceRequest> FORWARDED (remote -> local) service client ID = 0, token ID = 33246
11-19 17:09:58.160 D/commandrouter( 1123): SocServiceHandle::onServiceMessage, SoC Service = rtc_sync, appType = 1, type = SVC_RESP, clientId = 0, token = 33246, payloadLen = 8, result = 0, payload.size() = 8
11-19 17:09:58.194 D/AutofillManagerService( 1196): onBackKeyPressed()
11-19 17:09:59.939 I/chatty  ( 1196): uid=1000(system) android.ui identical 2 lines
11-19 17:10:00.734 D/AutofillManagerService( 1196): onBackKeyPressed()
11-19 17:10:01.128 D/commandrouter( 1123): SocServiceHandle::onServiceMessage, SoC Service = mcu_healthcheck_933, appType = 1, type = SVC_REQ, clientId = 0, token = 79, payloadLen = 20, result = 0, payload.size() = 20
11-19 17:10:01.131 D/commandrouter( 1123): mcu_healthcheck_933 (1, merlot:mcu_health:control): <ServiceResponse> FORWARDED (remote -> local) CR token ID = 79, service client ID = 5, token ID = 493, result = 0
11-19 17:10:01.629 D/AutofillManagerService( 1196): onBackKeyPressed()
11-19 17:10:02.201 E/TaskPersister( 1196): File error accessing recents directory (directory doesn't exist?).
11-19 17:10:02.629 D/AutofillManagerService( 1196): onBackKeyPressed()
