11-19 17:18:39.938 D/ConnectivityService( 1194): NetReassign [no changes]
11-19 17:18:40.194 D/ConnectivityService( 1194): [117 WIFI] validation passed
11-19 17:18:40.195 D/ConnectivityService( 1194): NetReassign [8 : 100  117, 20 : 100  117, 46 : 100  117, 52 : 100  117, 45 : 100  117, 54 : 100  117, 12 : 100  117, 22 : 100  117, 16 : 100  117, 49 : 100  117, 14 : 100  117, 50 : 100  117, 18 : 100  117, 53 : 100  117, 78 : 100  117, 11 : 100  117, 1 : 100  117, 69 : 100  117, 17 : 100  117]
11-19 17:18:40.200 E/NetlinkEvent(  459): NetlinkEvent::FindParam(): Parameter 'INTERFACE' not found
11-19 17:18:40.200 E/NetlinkEvent(  459): NetlinkEvent::FindParam(): Parameter 'STATE' not found
11-19 17:18:40.200 E/NetlinkEvent(  459): NetlinkEvent::FindParam(): Parameter 'TIME_NS' not found
11-19 17:18:40.200 E/NetlinkEvent(  459): NetlinkEvent::FindParam(): Parameter 'UID' not found
11-19 17:18:40.215 D/ConnectivityService( 1194): Switching to new default network: NetworkAgentInfo{ ni{[type: WIFI[], state: CONNECTED/CONNECTED, reason: (unspecified), extra: , failover: false, available: true, roaming: false]}  network{117}  nethandle{505916870669}  lp{{InterfaceName: wlan0 LinkAddresses: [ 192.168.1.39/24 ] DnsAddresses: [ /192.168.1.1 ] Domains: null MTU: 0 ServerAddress: /192.168.1.1 TcpBufferSizes: 524288,1048576,2097152,262144,524288,1048576 Routes: [ fe80::/64 -> :: wlan0 mtu 0,192.168.1.0/24 -> 0.0.0.0 wlan0 mtu 0,0.0.0.0/0 -> 192.168.1.1 wlan0 mtu 0 ]}}  nc{[ Transports: WIFI Capabilities: NOT_METERED&INTERNET&NOT_RESTRICTED&TRUSTED&NOT_VPN&VALIDATED&NOT_ROAMING&FOREGROUND&NOT_CONGESTED&NOT_SUSPENDED LinkUpBandwidth>=70000Kbps LinkDnBandwidth>=70000Kbps SignalStrength: -33 OwnerUid: 1000 SSID: "MTBF_Lab" RequestorUid: -1 RequestorPackageName: null]}  Score{60}  everValidated{true}  lastValidated{true}  created{true} lingering{false} explicitlySelected{false} acceptUnvalidated{false} everCaptivePortalDetected{false} lastCaptivePortalDetected{false} partialConnectivity{false} acceptPartialConnectivity{false} clat{mBaseIface: null, mIface: null, mState: IDLE} }
11-19 17:18:40.340 D/ConnectivityService( 1194): Lingering [100 CELLULAR] for 30000ms
11-19 17:18:40.345 D/ConnectivityService( 1194): Sending DISCONNECTED broadcast for type 0 [100 CELLULAR] isDefaultNetwork=true
11-19 17:18:40.347 D/ConnectivityService( 1194): Sending CONNECTED broadcast for type 1 [117 WIFI] isDefaultNetwork=true
11-19 17:18:40.376 D/ConnectivityService( 1194): Setting DNS servers for network 117 to [/192.168.1.1]
11-19 17:18:40.377 D/DnsManager( 1194): sendDnsConfigurationForNetwork(117, [192.168.1.1], [], 1800, 25, 8, 64, 0, 0, , [192.168.1.1])
11-19 17:18:41.263 I/Nat464Xlat( 1194): Android Xlat is disabled
11-19 17:18:41.263 I/Nat464Xlat( 1194): Android Xlat is disabled
11-19 17:18:42.164 D/commandrouter( 1117): rtc_sync (1, rtc:sync): <ServiceRequest> FORWARDED (remote -> local) service client ID = 0, token ID = 33310
11-19 17:18:42.165 D/commandrouter( 1117): SocServiceHandle::onServiceMessage, SoC Service = rtc_sync, appType = 1, type = SVC_RESP, clientId = 0, token = 33310, payloadLen = 8, result = 0, payload.size() = 8
11-19 17:18:52.168 D/commandrouter( 1117): rtc_sync (1, rtc:sync): <ServiceRequest> FORWARDED (remote -> local) service client ID = 0, token ID = 33311
11-19 17:18:52.169 D/commandrouter( 1117): SocServiceHandle::onServiceMessage, SoC Service = rtc_sync, appType = 1, type = SVC_RESP, clientId = 0, token = 33311, payloadLen = 8, result = 0, payload.size() = 8
11-19 17:18:59.146 D/AutofillManagerService( 1194): onBackKeyPressed()
11-19 17:19:00.197 I/chatty  ( 1194): uid=1000(system) android.ui identical 2 lines
11-19 17:19:01.528 D/AutofillManagerService( 1194): onBackKeyPressed()
11-19 17:19:02.152 W/ActivityManager( 1194): Invalid packageName: com.facebook.wearable.system.settings/com.facebook.wearable.system.settings.SettingsActivity
11-19 17:19:02.168 D/commandrouter( 1117): rtc_sync (1, rtc:sync): <ServiceRequest> FORWARDED (remote -> local) service client ID = 0, token ID = 33312
11-19 17:19:02.169 D/commandrouter( 1117): SocServiceHandle::onServiceMessage, SoC Service = rtc_sync, appType = 1, type = SVC_RESP, clientId = 0, token = 33312, payloadLen = 8, result = 0, payload.size() = 8
11-19 17:19:02.265 I/ActivityTaskManager( 1194): START u0 {flg=0x10000000 cmp=com.facebook.wearable.system.settings/.SettingsActivity} from uid 0
11-19 17:19:02.282 I/ActivityTaskManager( 1194): The Process com.facebook.wearable.system.settings Already Exists in BG. So sending its PID: 2752
11-19 17:19:02.283 W/ActivityTaskManager( 1194): Tried to set launchTime (0) < mLastActivityLaunchTime (5457573)
11-19 17:19:04.750 E/TaskPersister( 1194): File error accessing recents directory (directory doesn't exist?).
11-19 17:19:05.802 D/commandrouter( 1117): SocServiceHandle::onServiceMessage, SoC Service = mcu_healthcheck_946, appType = 1, type = SVC_REQ, clientId = 0, token = 90, payloadLen = 20, result = 0, payload.size() = 20
11-19 17:19:05.805 D/commandrouter( 1117): mcu_healthcheck_946 (1, merlot:mcu_health:control): <ServiceResponse> FORWARDED (remote -> local) CR token ID = 90, service client ID = 6, token ID = 609, result = 0
11-19 17:19:07.202 D/commandrouter( 1117): SocServiceHandle::onServiceMessage, SoC Service = mcu_healthcheck_1118, appType = 1, type = SVC_REQ, clientId = 0, token = 181, payloadLen = 12, result = 0, payload.size() = 12
11-19 17:19:07.205 D/commandrouter( 1117): mcu_healthcheck_1118 (1, merlot:mcu_health:control): <ServiceResponse> FORWARDED (remote -> local) CR token ID = 181, service client ID = 40, token ID = 610, result = 0
11-19 17:19:07.206 D/mculinkhealth( 1118): isMcuReachable 1 (4 ms)
11-19 17:19:09.799 W/ContextImpl( 1194): Calling a method in the system process without a qualified user: android.app.ContextImpl.sendBroadcastMultiplePermissions:1143 android.content.Context.sendBroadcastWithMultiplePermissions:2150 com.android.server.display.WifiDisplayAdapter.handleSendStatusChangeBroadcast:440 com.android.server.display.WifiDisplayAdapter.access$1700:63 com.android.server.display.WifiDisplayAdapter$WifiDisplayHandler.handleMessage:675 
11-19 17:19:10.195 D/ConnectivityService( 1194): handleLingerComplete for [100 CELLULAR]
11-19 17:19:10.219 I/wificond(  906): Fail RSSI polling because wifi is not associated.
11-19 17:19:10.253 D/ConnectivityService( 1194): [117 WIFI] EVENT_NETWORK_INFO_CHANGED, going from CONNECTED to DISCONNECTED
11-19 17:19:10.253 D/ConnectivityService( 1194): [117 WIFI] disconnected, was satisfying 30
11-19 17:19:10.317 I/Nat464Xlat( 1194): Android Xlat is disabled
11-19 17:19:10.354 I/Nat464Xlat( 1194): Android Xlat is disabled
11-19 17:19:10.389 D/ConnectivityService( 1194): Sending DISCONNECTED broadcast for type 1 [117 WIFI] isDefaultNetwork=true
11-19 17:19:10.395 D/ConnectivityService( 1194): NetReassign [8 : null  100, 20 : null  100, 46 : null  100, 52 : null  100, 45 : null  100, 54 : null  100, 12 : null  100, 22 : null  100, 16 : null  100, 49 : null  100, 14 : null  100, 50 : null  100, 18 : null  100, 53 : null  100, 78 : null  100, 11 : null  100, 1 : null  100, 69 : null  100, 17 : null  100]
11-19 17:19:10.397 E/NetlinkEvent(  459): NetlinkEvent::FindParam(): Parameter 'INTERFACE' not found
11-19 17:19:10.397 E/NetlinkEvent(  459): NetlinkEvent::FindParam(): Parameter 'STATE' not found
11-19 17:19:10.397 E/NetlinkEvent(  459): NetlinkEvent::FindParam(): Parameter 'TIME_NS' not found
11-19 17:19:10.397 E/NetlinkEvent(  459): NetlinkEvent::FindParam(): Parameter 'UID' not found
11-19 17:19:10.411 D/ConnectivityService( 1194): Switching to new default network: NetworkAgentInfo{ ni{[type: MOBILE[LTE], state: CONNECTED/CONNECTED, reason: (unspecified), extra: nxtgenphone, failover: false, available: true, roaming: false]}  network{100}  nethandle{432902426637}  lp{{InterfaceName: rmnet_data2 LinkAddresses: [ 10.129.103.196/29,2600:380:c119:24f:b89a:9f3c:46c1:95af/64 ] DnsAddresses: [ /172.26.38.1,/fc00:a:a::300 ] Domains: null MTU: 1430 TcpBufferSizes: 2097152,4194304,8388608,262144,524288,1048576 Routes: [ 0.0.0.0/0 -> 10.129.103.197 rmnet_data2 mtu 1430,::/0 -> fe80::b45f:41f1:1846:969d rmnet_data2 mtu 1430,10.129.103.192/29 -> 0.0.0.0 rmnet_data2 mtu 0,2600:380:c119:24f::/64 -> :: rmnet_data2 mtu 0 ]}}  nc{[ Transports: CELLULAR Capabilities: MMS&SUPL&FOTA&INTERNET&NOT_RESTRICTED&TRUSTED&NOT_VPN&VALIDATED&NOT_ROAMING&NOT_CONGESTED&NOT_SUSPENDED LinkUpBandwidth>=15000Kbps LinkDnBandwidth>=30000Kbps Specifier: <TelephonyNetworkSpecifier [mSubId = 1]> AdministratorUids: [] RequestorUid: -1 RequestorPackageName: null]}  Score{50}  everValidated{true}  lastValidated{true}  created{true} lingering{false} explicitlySelected{false} acceptUnvalidated{false} everCaptivePortalDetected{false} lastCaptivePortalDetected{false} partialConnectivity{false} acceptPartialConnectivity{false} clat{mBaseIface: null, mIface: null, mState: IDLE} }
11-19 17:19:10.614 D/ConnectivityService( 1194): Sending CONNECTED broadcast for type 0 [100 CELLULAR] isDefaultNetwork=true
11-19 17:19:12.167 D/commandrouter( 1117): rtc_sync (1, rtc:sync): <ServiceRequest> FORWARDED (remote -> local) service client ID = 0, token ID = 33313
11-19 17:19:12.168 D/commandrouter( 1117): SocServiceHandle::onServiceMessage, SoC Service = rtc_sync, appType = 1, type = SVC_RESP, clientId = 0, token = 33313, payloadLen = 8, result = 0, payload.size() = 8
11-19 17:19:14.676 D/AutofillManagerService( 1194): onBackKeyPressed()
11-19 17:19:17.618 I/chatty  ( 1194): uid=1000(system) android.ui identical 4 lines
11-19 17:19:18.626 D/AutofillManagerService( 1194): onBackKeyPressed()
11-19 17:19:19.219 E/TaskPersister( 1194): File error accessing recents directory (directory doesn't exist?).
11-19 17:19:19.627 D/AutofillManagerService( 1194): onBackKeyPressed()
11-19 17:19:20.622 D/AutofillManagerService( 1194): onBackKeyPressed()
11-19 17:19:21.167 W/ActivityManager( 1194): Invalid packageName: com.facebook.wearable.system.settings/com.facebook.wearable.system.settings.SettingsActivity
11-19 17:19:21.313 I/ActivityTaskManager( 1194): START u0 {flg=0x10000000 cmp=com.facebook.wearable.system.settings/.SettingsActivity} from uid 0
11-19 17:19:21.334 I/ActivityTaskManager( 1194): The Process com.facebook.wearable.system.settings Already Exists in BG. So sending its PID: 2752
11-19 17:19:21.334 W/ActivityTaskManager( 1194): Tried to set launchTime (0) < mLastActivityLaunchTime (5488547)
11-19 17:19:22.163 D/commandrouter( 1117): rtc_sync (1, rtc:sync): <ServiceRequest> FORWARDED (remote -> local) service client ID = 0, token ID = 33314
11-19 17:19:22.163 D/commandrouter( 1117): SocServiceHandle::onServiceMessage, SoC Service = rtc_sync, appType = 1, type = SVC_RESP, clientId = 0, token = 33314, payloadLen = 8, result = 0, payload.size() = 8
11-19 17:19:24.912 D/AppStorageManager( 1194): BEFORE:: Previous Size: 1060515840 Current Size: 1060106240
11-19 17:19:24.912 D/AppStorageManager( 1194): AFTER:: Previous Size: 1060106240 Current Size: 1060106240
11-19 17:19:24.948 E/TaskPersister( 1194): File error accessing recents directory (directory doesn't exist?).
11-19 17:19:25.787 D/AnalyticsLogger( 1194): sent events: 13
11-19 17:19:28.020 W/ContextImpl( 1194): Calling a method in the system process without a qualified user: android.app.ContextImpl.sendBroadcastMultiplePermissions:1143 android.content.Context.sendBroadcastWithMultiplePermissions:2150 com.android.server.display.WifiDisplayAdapter.handleSendStatusChangeBroadcast:440 com.android.server.display.WifiDisplayAdapter.access$1700:63 com.android.server.display.WifiDisplayAdapter$WifiDisplayHandler.handleMessage:675 
11-19 17:19:28.987 W/ContextImpl( 1194): Calling a method in the system process without a qualified user: android.app.ContextImpl.sendBroadcastMultiplePermissions:1143 android.content.Context.sendBroadcastWithMultiplePermissions:2150 com.android.server.wifi.p2p.WifiP2pServiceImpl$P2pStateMachine.sendBroadcastMultiplePermissions:3209 com.android.server.wifi.p2p.WifiP2pServiceImpl$P2pStateMachine.sendP2pConnectionChangedBroadcast:3236 com.android.server.wifi.p2p.WifiP2pServiceImpl$P2pStateMachine.access$5100:768 
11-19 17:19:28.988 W/BroadcastQueue( 1194): Permission Denial: receiving Intent { act=android.net.wifi.p2p.CONNECTION_STATE_CHANGE flg=0x24000010 (has extras) } to ProcessRecord{ba73 1900:.qtidataservices/u0a89} (pid=1900, uid=10089) requires android.permission.ACCESS_FINE_LOCATION due to sender android (uid 1000)
11-19 17:19:28.992 W/ContextImpl( 1194): Calling a method in the system process without a qualified user: android.app.ContextImpl.sendBroadcastMultiplePermissions:1143 android.content.Context.sendBroadcastWithMultiplePermissions:2150 com.android.server.wifi.p2p.WifiP2pServiceImpl$P2pStateMachine.sendBroadcastMultiplePermissions:3209 com.android.server.wifi.p2p.WifiP2pServiceImpl$P2pStateMachine.sendThisDeviceChangedBroadcast:3218 com.android.server.wifi.p2p.WifiP2pServiceImpl$P2pStateMachine.updateThisDevice:3962 
11-19 17:19:29.046 W/wificond(  906): Scan is not started. Ignore abort request
11-19 17:19:30.462 D/ConnectivityService( 1194): registerNetworkAgent NetworkAgentInfo{ ni{[type: WIFI[], state: UNKNOWN/IDLE, reason: (unspecified), extra: , failover: false, available: true, roaming: false]}  network{118}  nethandle{510211837965}  lp{{InterfaceName: wlan0 LinkAddresses: [ ] DnsAddresses: [ ] Domains: null MTU: 0 Routes: [ ]}}  nc{[ Transports: WIFI Capabilities: NOT_METERED&INTERNET&NOT_RESTRICTED&TRUSTED&NOT_VPN&NOT_ROAMING&FOREGROUND&NOT_CONGESTED&NOT_SUSPENDED LinkUpBandwidth>=72000Kbps LinkDnBandwidth>=72000Kbps OwnerUid: 1000 SSID: "MTBF_Lab" RequestorUid: -1 RequestorPackageName: null]}  Score{20}  everValidated{false}  lastValidated{false}  created{false} lingering{false} explicitlySelected{false} acceptUnvalidated{false} everCaptivePortalDetected{false} lastCaptivePortalDetected{false} partialConnectivity{false} acceptPartialConnectivity{false} clat{mBaseIface: null, mIface: null, mState: IDLE} }
11-19 17:19:30.477 D/ConnectivityService( 1194): [118 WIFI] EVENT_NETWORK_INFO_CHANGED, going from UNKNOWN to UNKNOWN
11-19 17:19:30.634 D/ConnectivityService( 1194): NetReassign [no changes]
11-19 17:19:30.665 I/Nat464Xlat( 1194): Android Xlat is disabled
11-19 17:19:30.665 I/Nat464Xlat( 1194): Android Xlat is disabled
11-19 17:19:30.771 E/ConnectivityService( 1194): Exception in networkAddRouteParcel for non-gateway: android.os.ServiceSpecificException: Machine is not on the network (code 64)
11-19 17:19:30.772 E/ConnectivityService( 1194): Exception in networkAddRouteParcel for gateway: android.os.ServiceSpecificException: Machine is not on the network (code 64)
11-19 17:19:30.772 I/Nat464Xlat( 1194): Android Xlat is disabled
11-19 17:19:30.772 I/Nat464Xlat( 1194): Android Xlat is disabled
11-19 17:19:30.826 D/ConnectivityService( 1194): Setting DNS servers for network 118 to [/192.168.1.1]
11-19 17:19:30.827 I/Nat464Xlat( 1194): Android Xlat is disabled
11-19 17:19:30.827 I/Nat464Xlat( 1194): Android Xlat is disabled
11-19 17:19:30.906 D/ConnectivityService( 1194): [118 WIFI] EVENT_NETWORK_INFO_CHANGED, going from UNKNOWN to CONNECTED
11-19 17:19:30.908 D/DnsManager( 1194): sendDnsConfigurationForNetwork(118, [192.168.1.1], [], 1800, 25, 8, 64, 0, 0, , [])
11-19 17:19:30.910 W/DnsManager( 1194): updatePrivateDns(118, PrivateDnsConfig{true:/[]})
11-19 17:19:30.911 D/ConnectivityService( 1194): Setting DNS servers for network 118 to [/192.168.1.1]
11-19 17:19:30.912 D/DnsManager( 1194): sendDnsConfigurationForNetwork(118, [192.168.1.1], [], 1800, 25, 8, 64, 0, 0, , [192.168.1.1])
11-19 17:19:30.914 D/ConnectivityService( 1194): Adding iface wlan0 to network 118
11-19 17:19:30.970 D/ConnectivityService( 1194): Setting DNS servers for network 118 to [/192.168.1.1]
11-19 17:19:30.971 D/DnsManager( 1194): sendDnsConfigurationForNetwork(118, [192.168.1.1], [], 1800, 25, 8, 64, 0, 0, , [192.168.1.1])
11-19 17:19:30.973 I/Nat464Xlat( 1194): Android Xlat is disabled
11-19 17:19:30.973 I/Nat464Xlat( 1194): Android Xlat is disabled
11-19 17:19:31.027 D/ConnectivityService( 1194): NetReassign [no changes]
11-19 17:19:31.189 D/ConnectivityService( 1194): [118 WIFI] validation passed
11-19 17:19:31.189 D/ConnectivityService( 1194): NetReassign [8 : 100  118, 20 : 100  118, 46 : 100  118, 52 : 100  118, 45 : 100  118, 54 : 100  118, 12 : 100  118, 22 : 100  118, 16 : 100  118, 49 : 100  118, 14 : 100  118, 50 : 100  118, 18 : 100  118, 53 : 100  118, 78 : 100  118, 11 : 100  118, 1 : 100  118, 69 : 100  118, 17 : 100  118]
11-19 17:19:31.194 E/NetlinkEvent(  459): NetlinkEvent::FindParam(): Parameter 'INTERFACE' not found
11-19 17:19:31.194 E/NetlinkEvent(  459): NetlinkEvent::FindParam(): Parameter 'STATE' not found
11-19 17:19:31.194 E/NetlinkEvent(  459): NetlinkEvent::FindParam(): Parameter 'TIME_NS' not found
11-19 17:19:31.194 E/NetlinkEvent(  459): NetlinkEvent::FindParam(): Parameter 'UID' not found
11-19 17:19:31.207 D/ConnectivityService( 1194): Switching to new default network: NetworkAgentInfo{ ni{[type: WIFI[], state: CONNECTED/CONNECTED, reason: (unspecified), extra: , failover: false, available: true, roaming: false]}  network{118}  nethandle{510211837965}  lp{{InterfaceName: wlan0 LinkAddresses: [ 192.168.1.39/24 ] DnsAddresses: [ /192.168.1.1 ] Domains: null MTU: 0 ServerAddress: /192.168.1.1 TcpBufferSizes: 524288,1048576,2097152,262144,524288,1048576 Routes: [ fe80::/64 -> :: wlan0 mtu 0,192.168.1.0/24 -> 0.0.0.0 wlan0 mtu 0,0.0.0.0/0 -> 192.168.1.1 wlan0 mtu 0 ]}}  nc{[ Transports: WIFI Capabilities: NOT_METERED&INTERNET&NOT_RESTRICTED&TRUSTED&NOT_VPN&VALIDATED&NOT_ROAMING&FOREGROUND&NOT_CONGESTED&NOT_SUSPENDED LinkUpBandwidth>=70000Kbps LinkDnBandwidth>=70000Kbps SignalStrength: -34 OwnerUid: 1000 SSID: "MTBF_Lab" RequestorUid: -1 RequestorPackageName: null]}  Score{60}  everValidated{true}  lastValidated{true}  created{true} lingering{false} explicitlySelected{false} acceptUnvalidated{false} everCaptivePortalDetected{false} lastCaptivePortalDetected{false} partialConnectivity{false} acceptPartialConnectivity{false} clat{mBaseIface: null, mIface: null, mState: IDLE} }
11-19 17:19:31.329 D/ConnectivityService( 1194): Lingering [100 CELLULAR] for 30000ms
11-19 17:19:31.331 D/ConnectivityService( 1194): Sending DISCONNECTED broadcast for type 0 [100 CELLULAR] isDefaultNetwork=true
11-19 17:19:31.353 D/ConnectivityService( 1194): Sending CONNECTED broadcast for type 1 [118 WIFI] isDefaultNetwork=true
11-19 17:19:31.443 D/ConnectivityService( 1194): Setting DNS servers for network 118 to [/192.168.1.1]
11-19 17:19:31.443 D/DnsManager( 1194): sendDnsConfigurationForNetwork(118, [192.168.1.1], [], 1800, 25, 8, 64, 0, 0, , [192.168.1.1])
11-19 17:19:32.141 I/Nat464Xlat( 1194): Android Xlat is disabled
11-19 17:19:32.142 I/Nat464Xlat( 1194): Android Xlat is disabled
11-19 17:19:32.161 D/commandrouter( 1117): rtc_sync (1, rtc:sync): <ServiceRequest> FORWARDED (remote -> local) service client ID = 0, token ID = 33315
11-19 17:19:32.162 D/commandrouter( 1117): SocServiceHandle::onServiceMessage, SoC Service = rtc_sync, appType = 1, type = SVC_RESP, clientId = 0, token = 33315, payloadLen = 8, result = 0, payload.size() = 8
11-19 17:19:37.207 D/commandrouter( 1117): SocServiceHandle::onServiceMessage, SoC Service = mcu_healthcheck_1118, appType = 1, type = SVC_REQ, clientId = 0, token = 182, payloadLen = 12, result = 0, payload.size() = 12
11-19 17:19:37.210 D/commandrouter( 1117): mcu_healthcheck_1118 (1, merlot:mcu_health:control): <ServiceResponse> FORWARDED (remote -> local) CR token ID = 182, service client ID = 40, token ID = 611, result = 0
11-19 17:19:37.210 D/mculinkhealth( 1118): isMcuReachable 1 (4 ms)
11-19 17:19:42.166 D/commandrouter( 1117): rtc_sync (1, rtc:sync): <ServiceRequest> FORWARDED (remote -> local) service client ID = 0, token ID = 33316
11-19 17:19:42.167 D/commandrouter( 1117): SocServiceHandle::onServiceMessage, SoC Service = rtc_sync, appType = 1, type = SVC_RESP, clientId = 0, token = 33316, payloadLen = 8, result = 0, payload.size() = 8
11-19 17:19:49.399 D/AutofillManagerService( 1194): onBackKeyPressed()
11-19 17:19:50.457 I/chatty  ( 1194): uid=1000(system) android.ui identical 2 lines
11-19 17:19:51.619 D/AutofillManagerService( 1194): onBackKeyPressed()
11-19 17:19:52.153 W/ActivityManager( 1194): Invalid packageName: com.facebook.wearable.system.settings/com.facebook.wearable.system.settings.SettingsActivity
11-19 17:19:52.168 D/commandrouter( 1117): rtc_sync (1, rtc:sync): <ServiceRequest> FORWARDED (remote -> local) service client ID = 0, token ID = 33317
11-19 17:19:52.168 D/commandrouter( 1117): SocServiceHandle::onServiceMessage, SoC Service = rtc_sync, appType = 1, type = SVC_RESP, clientId = 0, token = 33317, payloadLen = 8, result = 0, payload.size() = 8
11-19 17:19:52.288 I/ActivityTaskManager( 1194): START u0 {flg=0x10000000 cmp=com.facebook.wearable.system.settings/.SettingsActivity} from uid 0
11-19 17:19:52.305 I/ActivityTaskManager( 1194): The Process com.facebook.wearable.system.settings Already Exists in BG. So sending its PID: 2752
11-19 17:19:52.306 W/ActivityTaskManager( 1194): Tried to set launchTime (0) < mLastActivityLaunchTime (5507599)
11-19 17:19:53.685 D/commandrouter( 1117): SocServiceHandle::onServiceMessage, SoC Service = mcu_healthcheck_1194, appType = 1, type = SVC_REQ, clientId = 0, token = 12, payloadLen = 12, result = 0, payload.size() = 12
11-19 17:19:53.689 D/commandrouter( 1117): mcu_healthcheck_1194 (1, merlot:mcu_health:control): <ServiceResponse> FORWARDED (remote -> local) CR token ID = 12, service client ID = 39, token ID = 612, result = 0
11-19 17:19:53.690 D/McuReachableCollector( 1194): call isMcuReachable, result true
11-19 17:19:53.901 D/RadioActivityCollector( 1194): Logging RadioActivity data: fields={radio_bluetooth_tx_time_unplugged=0, radio_wifi_sleep_time_unplugged=490739, radio_bluetooth_idle_time_unplugged=0, radio_wifi_tx_time_unplugged=0, radio_bluetooth_energy_used_unplugged=0, radio_bluetooth_rx_time_unplugged=0, radio_wifi_rx_time_unplugged=0, radio_bluetooth_sleep_time_unplugged=599976, radio_wifi_idle_time_unplugged=109241, radio_wifi_energy_used_unplugged=0}, pid=null, uid=null, pids=null, uids=null
11-19 17:19:55.008 E/TaskPersister( 1194): File error accessing recents directory (directory doesn't exist?).
11-19 17:19:59.840 W/ContextImpl( 1194): Calling a method in the system process without a qualified user: android.app.ContextImpl.sendBroadcastMultiplePermissions:1143 android.content.Context.sendBroadcastWithMultiplePermissions:2150 com.android.server.display.WifiDisplayAdapter.handleSendStatusChangeBroadcast:440 com.android.server.display.WifiDisplayAdapter.access$1700:63 com.android.server.display.WifiDisplayAdapter$WifiDisplayHandler.handleMessage:675 
11-19 17:20:00.266 D/ConnectivityService( 1194): [118 WIFI] EVENT_NETWORK_INFO_CHANGED, going from CONNECTED to DISCONNECTED
11-19 17:20:00.266 D/ConnectivityService( 1194): [118 WIFI] disconnected, was satisfying 30
11-19 17:20:00.353 I/Nat464Xlat( 1194): Android Xlat is disabled
11-19 17:20:00.353 I/Nat464Xlat( 1194): Android Xlat is disabled
11-19 17:20:00.385 D/ConnectivityService( 1194): Sending DISCONNECTED broadcast for type 1 [118 WIFI] isDefaultNetwork=true
11-19 17:20:00.388 D/ConnectivityService( 1194): NetReassign [8 : null  100, 20 : null  100, 46 : null  100, 52 : null  100, 45 : null  100, 54 : null  100, 12 : null  100, 22 : null  100, 16 : null  100, 49 : null  100, 14 : null  100, 50 : null  100, 18 : null  100, 53 : null  100, 78 : null  100, 11 : null  100, 1 : null  100, 69 : null  100, 17 : null  100]
11-19 17:20:00.390 E/NetlinkEvent(  459): NetlinkEvent::FindParam(): Parameter 'INTERFACE' not found
11-19 17:20:00.390 E/NetlinkEvent(  459): NetlinkEvent::FindParam(): Parameter 'STATE' not found
11-19 17:20:00.390 E/NetlinkEvent(  459): NetlinkEvent::FindParam(): Parameter 'TIME_NS' not found
11-19 17:20:00.390 E/NetlinkEvent(  459): NetlinkEvent::FindParam(): Parameter 'UID' not found
11-19 17:20:00.418 D/ConnectivityService( 1194): Switching to new default network: NetworkAgentInfo{ ni{[type: MOBILE[LTE], state: CONNECTED/CONNECTED, reason: (unspecified), extra: nxtgenphone, failover: false, available: true, roaming: false]}  network{100}  nethandle{432902426637}  lp{{InterfaceName: rmnet_data2 LinkAddresses: [ 10.129.103.196/29,2600:380:c119:24f:b89a:9f3c:46c1:95af/64 ] DnsAddresses: [ /172.26.38.1,/fc00:a:a::300 ] Domains: null MTU: 1430 TcpBufferSizes: 2097152,4194304,8388608,262144,524288,1048576 Routes: [ 0.0.0.0/0 -> 10.129.103.197 rmnet_data2 mtu 1430,::/0 -> fe80::b45f:41f1:1846:969d rmnet_data2 mtu 1430,10.129.103.192/29 -> 0.0.0.0 rmnet_data2 mtu 0,2600:380:c119:24f::/64 -> :: rmnet_data2 mtu 0 ]}}  nc{[ Transports: CELLULAR Capabilities: MMS&SUPL&FOTA&INTERNET&NOT_RESTRICTED&TRUSTED&NOT_VPN&VALIDATED&NOT_ROAMING&FOREGROUND&NOT_CONGESTED&NOT_SUSPENDED LinkUpBandwidth>=15000Kbps LinkDnBandwidth>=30000Kbps Specifier: <TelephonyNetworkSpecifier [mSubId = 1]> AdministratorUids: [] RequestorUid: -1 RequestorPackageName: null]}  Score{50}  everValidated{true}  lastValidated{true}  created{true} lingering{true} explicitlySelected{false} acceptUnvalidated{false} everCaptivePortalDetected{false} lastCaptivePortalDetected{false} partialConnectivity{false} acceptPartialConnectivity{false} clat{mBaseIface: null, mIface: null, mState: IDLE} }
11-19 17:20:00.557 D/ConnectivityService( 1194): Unlingering [100 CELLULAR]
11-19 17:20:00.557 D/ConnectivityService( 1194): Sending CONNECTED broadcast for type 0 [100 CELLULAR] isDefaultNetwork=true
11-19 17:20:02.169 D/commandrouter( 1117): rtc_sync (1, rtc:sync): <ServiceRequest> FORWARDED (remote -> local) service client ID = 0, token ID = 33318
11-19 17:20:02.170 D/commandrouter( 1117): SocServiceHandle::onServiceMessage, SoC Service = rtc_sync, appType = 1, type = SVC_RESP, clientId = 0, token = 33318, payloadLen = 8, result = 0, payload.size() = 8
11-19 17:20:04.723 D/AutofillManagerService( 1194): onBackKeyPressed()
11-19 17:20:05.250 I/chatty  ( 1194): uid=1000(system) android.ui identical 1 line
11-19 17:20:05.775 D/AutofillManagerService( 1194): onBackKeyPressed()
11-19 17:20:05.807 D/commandrouter( 1117): SocServiceHandle::onServiceMessage, SoC Service = mcu_healthcheck_946, appType = 1, type = SVC_REQ, clientId = 0, token = 91, payloadLen = 20, result = 0, payload.size() = 20
11-19 17:20:05.810 D/commandrouter( 1117): mcu_healthcheck_946 (1, merlot:mcu_health:control): <ServiceResponse> FORWARDED (remote -> local) CR token ID = 91, service client ID = 6, token ID = 613, result = 0
11-19 17:20:07.003 D/AutofillManagerService( 1194): onBackKeyPressed()
11-19 17:20:07.211 D/commandrouter( 1117): SocServiceHandle::onServiceMessage, SoC Service = mcu_healthcheck_1118, appType = 1, type = SVC_REQ, clientId = 0, token = 183, payloadLen = 12, result = 0, payload.size() = 12
11-19 17:20:07.215 D/commandrouter( 1117): mcu_healthcheck_1118 (1, merlot:mcu_health:control): <ServiceResponse> FORWARDED (remote -> local) CR token ID = 183, service client ID = 40, token ID = 614, result = 0
11-19 17:20:07.216 D/mculinkhealth( 1118): isMcuReachable 1 (4 ms)
11-19 17:20:07.629 D/AutofillManagerService( 1194): onBackKeyPressed()
11-19 17:20:08.626 D/AutofillManagerService( 1194): onBackKeyPressed()
11-19 17:20:09.245 E/TaskPersister( 1194): File error accessing recents directory (directory doesn't exist?).
11-19 17:20:09.622 D/AutofillManagerService( 1194): onBackKeyPressed()
11-19 17:20:10.620 D/AutofillManagerService( 1194): onBackKeyPressed()
11-19 17:20:11.151 W/ActivityManager( 1194): Invalid packageName: com.facebook.wearable.system.settings/com.facebook.wearable.system.settings.SettingsActivity
11-19 17:20:11.272 I/ActivityTaskManager( 1194): START u0 {flg=0x10000000 cmp=com.facebook.wearable.system.settings/.SettingsActivity} from uid 0
11-19 17:20:11.291 I/ActivityTaskManager( 1194): The Process com.facebook.wearable.system.settings Already Exists in BG. So sending its PID: 2752
11-19 17:20:11.291 W/ActivityTaskManager( 1194): Tried to set launchTime (0) < mLastActivityLaunchTime (5538571)
11-19 17:20:12.163 D/commandrouter( 1117): rtc_sync (1, rtc:sync): <ServiceRequest> FORWARDED (remote -> local) service client ID = 0, token ID = 33319
11-19 17:20:12.163 D/commandrouter( 1117): SocServiceHandle::onServiceMessage, SoC Service = rtc_sync, appType = 1, type = SVC_RESP, clientId = 0, token = 33319, payloadLen = 8, result = 0, payload.size() = 8
11-19 17:20:15.419 E/TaskPersister( 1194): File error accessing recents directory (directory doesn't exist?).
11-19 17:20:17.892 W/ContextImpl( 1194): Calling a method in the system process without a qualified user: android.app.ContextImpl.sendBroadcastMultiplePermissions:1143 android.content.Context.sendBroadcastWithMultiplePermissions:2150 com.android.server.display.WifiDisplayAdapter.handleSendStatusChangeBroadcast:440 com.android.server.display.WifiDisplayAdapter.access$1700:63 com.android.server.display.WifiDisplayAdapter$WifiDisplayHandler.handleMessage:675 
11-19 17:20:18.857 W/ContextImpl( 1194): Calling a method in the system process without a qualified user: android.app.ContextImpl.sendBroadcastMultiplePermissions:1143 android.content.Context.sendBroadcastWithMultiplePermissions:2150 com.android.server.wifi.p2p.WifiP2pServiceImpl$P2pStateMachine.sendBroadcastMultiplePermissions:3209 com.android.server.wifi.p2p.WifiP2pServiceImpl$P2pStateMachine.sendP2pConnectionChangedBroadcast:3236 com.android.server.wifi.p2p.WifiP2pServiceImpl$P2pStateMachine.access$5100:768 
11-19 17:20:18.859 W/BroadcastQueue( 1194): Permission Denial: receiving Intent { act=android.net.wifi.p2p.CONNECTION_STATE_CHANGE flg=0x24000010 (has extras) } to ProcessRecord{ba73 1900:.qtidataservices/u0a89} (pid=1900, uid=10089) requires android.permission.ACCESS_FINE_LOCATION due to sender android (uid 1000)
11-19 17:20:18.863 W/ContextImpl( 1194): Calling a method in the system process without a qualified user: android.app.ContextImpl.sendBroadcastMultiplePermissions:1143 android.content.Context.sendBroadcastWithMultiplePermissions:2150 com.android.server.wifi.p2p.WifiP2pServiceImpl$P2pStateMachine.sendBroadcastMultiplePermissions:3209 com.android.server.wifi.p2p.WifiP2pServiceImpl$P2pStateMachine.sendThisDeviceChangedBroadcast:3218 com.android.server.wifi.p2p.WifiP2pServiceImpl$P2pStateMachine.updateThisDevice:3962 
11-19 17:20:18.879 W/wificond(  906): Scan is not started. Ignore abort request
11-19 17:20:19.309 D/ConnectivityService( 1194): registerNetworkAgent NetworkAgentInfo{ ni{[type: WIFI[], state: UNKNOWN/IDLE, reason: (unspecified), extra: , failover: false, available: true, roaming: false]}  network{119}  nethandle{514506805261}  lp{{InterfaceName: wlan0 LinkAddresses: [ ] DnsAddresses: [ ] Domains: null MTU: 0 Routes: [ ]}}  nc{[ Transports: WIFI Capabilities: NOT_METERED&INTERNET&NOT_RESTRICTED&TRUSTED&NOT_VPN&NOT_ROAMING&FOREGROUND&NOT_CONGESTED&NOT_SUSPENDED LinkUpBandwidth>=72000Kbps LinkDnBandwidth>=72000Kbps OwnerUid: 1000 SSID: "MTBF_Lab" RequestorUid: -1 RequestorPackageName: null]}  Score{20}  everValidated{false}  lastValidated{false}  created{false} lingering{false} explicitlySelected{false} acceptUnvalidated{false} everCaptivePortalDetected{false} lastCaptivePortalDetected{false} partialConnectivity{false} acceptPartialConnectivity{false} clat{mBaseIface: null, mIface: null, mState: IDLE} }
11-19 17:20:19.324 D/ConnectivityService( 1194): [119 WIFI] EVENT_NETWORK_INFO_CHANGED, going from UNKNOWN to UNKNOWN
11-19 17:20:19.470 D/ConnectivityService( 1194): NetReassign [no changes]
11-19 17:20:19.505 I/Nat464Xlat( 1194): Android Xlat is disabled
11-19 17:20:19.505 I/Nat464Xlat( 1194): Android Xlat is disabled
11-19 17:20:19.623 E/ConnectivityService( 1194): Exception in networkAddRouteParcel for non-gateway: android.os.ServiceSpecificException: Machine is not on the network (code 64)
11-19 17:20:19.625 E/ConnectivityService( 1194): Exception in networkAddRouteParcel for gateway: android.os.ServiceSpecificException: Machine is not on the network (code 64)
11-19 17:20:19.625 I/Nat464Xlat( 1194): Android Xlat is disabled
11-19 17:20:19.625 I/Nat464Xlat( 1194): Android Xlat is disabled
11-19 17:20:19.750 D/ConnectivityService( 1194): Setting DNS servers for network 119 to [/192.168.1.1]
11-19 17:20:19.752 I/Nat464Xlat( 1194): Android Xlat is disabled
11-19 17:20:19.752 I/Nat464Xlat( 1194): Android Xlat is disabled
11-19 17:20:19.846 D/ConnectivityService( 1194): [119 WIFI] EVENT_NETWORK_INFO_CHANGED, going from UNKNOWN to CONNECTED
11-19 17:20:19.849 D/DnsManager( 1194): sendDnsConfigurationForNetwork(119, [192.168.1.1], [], 1800, 25, 8, 64, 0, 0, , [])
11-19 17:20:19.851 W/DnsManager( 1194): updatePrivateDns(119, PrivateDnsConfig{true:/[]})
11-19 17:20:19.851 D/ConnectivityService( 1194): Setting DNS servers for network 119 to [/192.168.1.1]
11-19 17:20:19.851 D/DnsManager( 1194): sendDnsConfigurationForNetwork(119, [192.168.1.1], [], 1800, 25, 8, 64, 0, 0, , [192.168.1.1])
11-19 17:20:19.853 D/ConnectivityService( 1194): Adding iface wlan0 to network 119
11-19 17:20:19.868 D/ConnectivityService( 1194): Setting DNS servers for network 119 to [/192.168.1.1]
11-19 17:20:19.869 D/DnsManager( 1194): sendDnsConfigurationForNetwork(119, [192.168.1.1], [], 1800, 25, 8, 64, 0, 0, , [192.168.1.1])
11-19 17:20:19.871 I/Nat464Xlat( 1194): Android Xlat is disabled
11-19 17:20:19.871 I/Nat464Xlat( 1194): Android Xlat is disabled
11-19 17:20:19.920 D/ConnectivityService( 1194): NetReassign [no changes]
11-19 17:20:20.136 D/ConnectivityService( 1194): [119 WIFI] validation passed
11-19 17:20:20.142 D/ConnectivityService( 1194): NetReassign [8 : 100  119, 20 : 100  119, 46 : 100  119, 52 : 100  119, 45 : 100  119, 54 : 100  119, 12 : 100  119, 22 : 100  119, 16 : 100  119, 49 : 100  119, 14 : 100  119, 50 : 100  119, 18 : 100  119, 53 : 100  119, 78 : 100  119, 11 : 100  119, 1 : 100  119, 69 : 100  119, 17 : 100  119]
11-19 17:20:20.145 E/NetlinkEvent(  459): NetlinkEvent::FindParam(): Parameter 'INTERFACE' not found
11-19 17:20:20.145 E/NetlinkEvent(  459): NetlinkEvent::FindParam(): Parameter 'STATE' not found
11-19 17:20:20.145 E/NetlinkEvent(  459): NetlinkEvent::FindParam(): Parameter 'TIME_NS' not found
11-19 17:20:20.145 E/NetlinkEvent(  459): NetlinkEvent::FindParam(): Parameter 'UID' not found
11-19 17:20:20.162 D/ConnectivityService( 1194): Switching to new default network: NetworkAgentInfo{ ni{[type: WIFI[], state: CONNECTED/CONNECTED, reason: (unspecified), extra: , failover: false, available: true, roaming: false]}  network{119}  nethandle{514506805261}  lp{{InterfaceName: wlan0 LinkAddresses: [ 192.168.1.39/24 ] DnsAddresses: [ /192.168.1.1 ] Domains: null MTU: 0 ServerAddress: /192.168.1.1 TcpBufferSizes: 524288,1048576,2097152,262144,524288,1048576 Routes: [ fe80::/64 -> :: wlan0 mtu 0,192.168.1.0/24 -> 0.0.0.0 wlan0 mtu 0,0.0.0.0/0 -> 192.168.1.1 wlan0 mtu 0 ]}}  nc{[ Transports: WIFI Capabilities: NOT_METERED&INTERNET&NOT_RESTRICTED&TRUSTED&NOT_VPN&VALIDATED&NOT_ROAMING&FOREGROUND&NOT_CONGESTED&NOT_SUSPENDED LinkUpBandwidth>=70000Kbps LinkDnBandwidth>=70000Kbps SignalStrength: -32 OwnerUid: 1000 SSID: "MTBF_Lab" RequestorUid: -1 RequestorPackageName: null]}  Score{60}  everValidated{true}  lastValidated{true}  created{true} lingering{false} explicitlySelected{false} acceptUnvalidated{false} everCaptivePortalDetected{false} lastCaptivePortalDetected{false} partialConnectivity{false} acceptPartialConnectivity{false} clat{mBaseIface: null, mIface: null, mState: IDLE} }
11-19 17:20:20.282 D/ConnectivityService( 1194): Lingering [100 CELLULAR] for 30000ms
11-19 17:20:20.293 D/ConnectivityService( 1194): Sending DISCONNECTED broadcast for type 0 [100 CELLULAR] isDefaultNetwork=true
11-19 17:20:20.294 D/ConnectivityService( 1194): Sending CONNECTED broadcast for type 1 [119 WIFI] isDefaultNetwork=true
11-19 17:20:20.367 D/ConnectivityService( 1194): Setting DNS servers for network 119 to [/192.168.1.1]
11-19 17:20:20.368 D/DnsManager( 1194): sendDnsConfigurationForNetwork(119, [192.168.1.1], [], 1800, 25, 8, 64, 0, 0, , [192.168.1.1])
11-19 17:20:20.481 W/Looper  ( 1194): Slow dispatch took 141ms main h=android.app.ActivityThread$H c=android.app.LoadedApk$ServiceDispatcher$RunConnection@8778d9c m=0
11-19 17:20:20.507 I/Nat464Xlat( 1194): Android Xlat is disabled
11-19 17:20:20.507 I/Nat464Xlat( 1194): Android Xlat is disabled
11-19 17:20:22.163 D/commandrouter( 1117): rtc_sync (1, rtc:sync): <ServiceRequest> FORWARDED (remote -> local) service client ID = 0, token ID = 33320
11-19 17:20:22.164 D/commandrouter( 1117): SocServiceHandle::onServiceMessage, SoC Service = rtc_sync, appType = 1, type = SVC_RESP, clientId = 0, token = 33320, payloadLen = 8, result = 0, payload.size() = 8
11-19 17:20:24.949 D/AppStorageManager( 1194): BEFORE:: Previous Size: 1060106240 Current Size: 1060483072
11-19 17:20:24.949 D/AppStorageManager( 1194): AFTER:: Previous Size: 1060483072 Current Size: 1060483072
11-19 17:20:32.166 D/commandrouter( 1117): rtc_sync (1, rtc:sync): <ServiceRequest> FORWARDED (remote -> local) service client ID = 0, token ID = 33321
11-19 17:20:32.167 D/commandrouter( 1117): SocServiceHandle::onServiceMessage, SoC Service = rtc_sync, appType = 1, type = SVC_RESP, clientId = 0, token = 33321, payloadLen = 8, result = 0, payload.size() = 8
11-19 17:20:37.217 D/commandrouter( 1117): SocServiceHandle::onServiceMessage, SoC Service = mcu_healthcheck_1118, appType = 1, type = SVC_REQ, clientId = 0, token = 184, payloadLen = 12, result = 0, payload.size() = 12
11-19 17:20:37.220 D/commandrouter( 1117): mcu_healthcheck_1118 (1, merlot:mcu_health:control): <ServiceResponse> FORWARDED (remote -> local) CR token ID = 184, service client ID = 40, token ID = 615, result = 0
11-19 17:20:37.220 D/mculinkhealth( 1118): isMcuReachable 1 (3 ms)
11-19 17:20:39.317 D/AutofillManagerService( 1194): onBackKeyPressed()
11-19 17:20:40.366 I/chatty  ( 1194): uid=1000(system) android.ui identical 2 lines
11-19 17:20:41.583 D/AutofillManagerService( 1194): onBackKeyPressed()
11-19 17:20:42.149 W/ActivityManager( 1194): Invalid packageName: com.facebook.wearable.system.settings/com.facebook.wearable.system.settings.SettingsActivity
11-19 17:20:42.169 D/commandrouter( 1117): rtc_sync (1, rtc:sync): <ServiceRequest> FORWARDED (remote -> local) service client ID = 0, token ID = 33322
11-19 17:20:42.169 D/commandrouter( 1117): SocServiceHandle::onServiceMessage, SoC Service = rtc_sync, appType = 1, type = SVC_RESP, clientId = 0, token = 33322, payloadLen = 8, result = 0, payload.size() = 8
11-19 17:20:42.278 I/ActivityTaskManager( 1194): START u0 {flg=0x10000000 cmp=com.facebook.wearable.system.settings/.SettingsActivity} from uid 0
11-19 17:20:42.297 I/ActivityTaskManager( 1194): The Process com.facebook.wearable.system.settings Already Exists in BG. So sending its PID: 2752
11-19 17:20:42.297 W/ActivityTaskManager( 1194): Tried to set launchTime (0) < mLastActivityLaunchTime (5557556)
11-19 17:20:44.910 E/TaskPersister( 1194): File error accessing recents directory (directory doesn't exist?).
--------- beginning of main
11-19 17:20:47.269 D/LOWI-9.0.0.80( 1024): [LOWI-Scan] BSS 2c:57:41:86:94:a1 (wlan0) ASSO: NO AddInfo: 0x0, TSF 0, 01:33:13.528, RSSI: -138, CPL: 2, AGE: 0,  SSID kittyhawk, TSFDelta: 0x0, TXRate: 0
11-19 17:20:47.269 D/LOWI-9.0.0.80( 1024): [LOWI-Scan] 
11-19 17:20:47.269 D/LOWI-9.0.0.80( 1024): [LOWI-Scan] print_bss_handler: Report Probe TSF 5593528981 as it greater than Beacon TSF 4960225229
11-19 17:20:47.269 I/LOWI-9.0.0.80( 1024): [LOWI-Scan] RSN_IE
11-19 17:20:47.269 D/LOWI-9.0.0.80( 1024): [LOWI-Scan] decode_rsn_wpa_ie: Entered
11-19 17:20:47.269 D/LOWI-9.0.0.80( 1024): [LOWIUtils] hexDump: msg(30 14 01 00 00 0f ac 04 01 00 00 0f ac 04 01 00 00 0f ac 02 )
11-19 17:20:47.269 D/LOWI-9.0.0.80( 1024): [LOWI-Scan] decode_rsn_wpa_ie: LOWI_ENCRYPTION_TYPE_WPA_PSK
11-19 17:20:47.269 D/LOWI-9.0.0.80( 1024): [LOWI-Scan] is_qcom_ie, bss_age: 3
11-19 17:20:47.269 D/LOWI-9.0.0.80( 1024): [LOWI-Scan] BSS 2c:57:41:86:90:a1 LOWI_PHY_MODE_11NG_HT20(5), Beacon Interval: 100, LOWI_ENCRYPTION_TYPE_WPA_PSK 11mcRanging: No, ANQP: No, LCI: No, Civic: No, capability(0x1411): ESS Privacy ShortSlotTime
11-19 17:20:47.269 D/LOWI-9.0.0.80( 1024): [LOWI-Scan] BSS 2c:57:41:86:90:a1 FREQ: 2462, cFreq1[40:80:160] = [0:0:0] cFreq2 = 0 Country Code = US
11-19 17:20:47.269 D/LOWI-9.0.0.80( 1024): [LOWI-Scan] BSS 2c:57:41:86:90:a1 (wlan0) ASSO: NO AddInfo: 0x0, TSF 0, 01:33:13.528, RSSI: -144, CPL: 2, AGE: 0,  SSID kittyhawk, TSFDelta: 0x0, TXRate: 0
11-19 17:20:47.270 D/LOWI-9.0.0.80( 1024): [LOWI-Scan] 
11-19 17:20:47.270 D/LOWI-9.0.0.80( 1024): [LOWI-Scan] print_bss_handler: Report Probe TSF 5593528951 as it greater than Beacon TSF 5292522898
11-19 17:20:47.270 I/LOWI-9.0.0.80( 1024): [LOWI-Scan] RSN_IE
11-19 17:20:47.270 D/LOWI-9.0.0.80( 1024): [LOWI-Scan] decode_rsn_wpa_ie: Entered
11-19 17:20:47.270 D/LOWI-9.0.0.80( 1024): [LOWIUtils] hexDump: msg(30 14 01 00 00 0f ac 04 01 00 00 0f ac 04 01 00 00 0f ac 02 )
11-19 17:20:47.270 D/LOWI-9.0.0.80( 1024): [LOWI-Scan] decode_rsn_wpa_ie: LOWI_ENCRYPTION_TYPE_WPA_PSK
11-19 17:20:47.270 D/LOWI-9.0.0.80( 1024): [LOWI-Scan] is_qcom_ie, bss_age: 48
11-19 17:20:47.270 D/LOWI-9.0.0.80( 1024): [LOWI-Scan] BSS 2c:57:41:86:8a:a1 LOWI_PHY_MODE_11NG_HT20(5), Beacon Interval: 100, LOWI_ENCRYPTION_TYPE_WPA_PSK 11mcRanging: No, ANQP: No, LCI: No, Civic: No, capability(0x1411): ESS Privacy ShortSlotTime
11-19 17:20:47.270 D/LOWI-9.0.0.80( 1024): [LOWI-Scan] BSS 2c:57:41:86:8a:a1 FREQ: 2412, cFreq1[40:80:160] = [0:0:0] cFreq2 = 0 Country Code = US
11-19 17:20:47.270 D/LOWI-9.0.0.80( 1024): [LOWI-Scan] BSS 2c:57:41:86:8a:a1 (wlan0) ASSO: NO AddInfo: 0x0, TSF 0, 01:33:13.528, RSSI: -134, CPL: 3, AGE: 0,  SSID kittyhawk, TSFDelta: 0x0, TXRate: 0
11-19 17:20:47.270 D/LOWI-9.0.0.80( 1024): [LOWI-Scan] 
11-19 17:20:47.270 D/LOWI-9.0.0.80( 1024): [LOWI-Scan] print_bss_handler: Report Probe TSF 5593528995 as it greater than Beacon TSF 4437293926
11-19 17:20:47.270 I/LOWI-9.0.0.80( 1024): [LOWI-Scan] RSN_IE
11-19 17:20:47.270 D/LOWI-9.0.0.80( 1024): [LOWI-Scan] decode_rsn_wpa_ie: Entered
11-19 17:20:47.270 D/LOWI-9.0.0.80( 1024): [LOWIUtils] hexDump: msg(30 14 01 00 00 0f ac 04 01 00 00 0f ac 04 01 00 00 0f ac 02 )
11-19 17:20:47.270 D/LOWI-9.0.0.80( 1024): [LOWI-Scan] decode_rsn_wpa_ie: LOWI_ENCRYPTION_TYPE_WPA_PSK
11-19 17:20:47.270 D/LOWI-9.0.0.80( 1024): [LOWI-Scan] is_qcom_ie, bss_age: 48
11-19 17:20:47.270 D/LOWI-9.0.0.80( 1024): [LOWI-Scan] BSS 2c:57:41:88:72:e1 LOWI_PHY_MODE_11NG_HT20(5), Beacon Interval: 100, LOWI_ENCRYPTION_TYPE_WPA_PSK 11mcRanging: No, ANQP: No, LCI: No, Civic: No, capability(0x1411): ESS Privacy ShortSlotTime
11-19 17:20:47.270 D/LOWI-9.0.0.80( 1024): [LOWI-Scan] BSS 2c:57:41:88:72:e1 FREQ: 2412, cFreq1[40:80:160] = [0:0:0] cFreq2 = 0 Country Code = US
11-19 17:20:47.270 D/LOWI-9.0.0.80( 1024): [LOWI-Scan] BSS 2c:57:41:88:72:e1 (wlan0) ASSO: NO AddInfo: 0x0, TSF 0, 01:33:13.528, RSSI: -152, CPL: 3, AGE: 0,  SSID kittyhawk, TSFDelta: 0x0, TXRate: 0
11-19 17:20:47.271 D/LOWI-9.0.0.80( 1024): [LOWI-Scan] 
11-19 17:20:47.271 D/LOWI-9.0.0.80( 1024): [LOWI-Scan] print_bss_handler: Report Probe TSF 5593528811 as it greater than Beacon TSF 5564781206
11-19 17:20:47.271 I/LOWI-9.0.0.80( 1024): [LOWI-Scan] RSN_IE
11-19 17:20:47.271 D/LOWI-9.0.0.80( 1024): [LOWI-Scan] decode_rsn_wpa_ie: Entered
11-19 17:20:47.271 D/LOWI-9.0.0.80( 1024): [LOWIUtils] hexDump: msg(30 14 01 00 00 0f ac 04 01 00 00 0f ac 04 01 00 00 0f ac 02 )
11-19 17:20:47.271 D/LOWI-9.0.0.80( 1024): [LOWI-Scan] decode_rsn_wpa_ie: LOWI_ENCRYPTION_TYPE_WPA_PSK
11-19 17:20:47.271 D/LOWI-9.0.0.80( 1024): [LOWI-Scan] is_qcom_ie, bss_age: 48
11-19 17:20:47.271 D/LOWI-9.0.0.80( 1024): [LOWI-Scan] BSS 12:d7:96:61:85:9f LOWI_PHY_MODE_11AC_VHT20_2G(11), Beacon Interval: 100, LOWI_ENCRYPTION_TYPE_WPA_PSK 11mcRanging: No, ANQP: Yes, LCI: No, Civic: No, capability(0x1431): ESS Privacy ShortPreamble ShortSlotTime
11-19 17:20:47.271 D/LOWI-9.0.0.80( 1024): [LOWI-Scan] BSS 12:d7:96:61:85:9f FREQ: 2412, cFreq1[40:80:160] = [0:0:0] cFreq2 = 0 Country Code =    
11-19 17:20:47.271 D/LOWI-9.0.0.80( 1024): [LOWI-Scan] BSS 12:d7:96:61:85:9f (wlan0) ASSO: NO AddInfo: 0x0, TSF 0, 01:33:13.528, RSSI: -110, CPL: 127, AGE: 0,  SSID Pixel_R5, TSFDelta: 0x0, TXRate: 0
11-19 17:20:47.271 D/LOWI-9.0.0.80( 1024): [LOWI-Scan] 
11-19 17:20:47.271 D/LOWI-9.0.0.80( 1024): [LOWI-Scan] print_bss_handler: Report Probe TSF 5593528797 as it greater than Beacon TSF 5464801580
11-19 17:20:47.271 I/LOWI-9.0.0.80( 1024): [LOWI-Scan] RSN_IE
11-19 17:20:47.271 D/LOWI-9.0.0.80( 1024): [LOWI-Scan] decode_rsn_wpa_ie: Entered
11-19 17:20:47.271 D/LOWI-9.0.0.80( 1024): [LOWIUtils] hexDump: msg(30 14 01 00 00 0f ac 04 01 00 00 0f ac 04 01 00 00 0f ac 02 )
11-19 17:20:47.271 D/LOWI-9.0.0.80( 1024): [LOWI-Scan] decode_rsn_wpa_ie: LOWI_ENCRYPTION_TYPE_WPA_PSK
11-19 17:20:47.271 D/LOWI-9.0.0.80( 1024): [LOWI-Scan] is_qcom_ie, bss_age: 27
11-19 17:20:47.271 D/LOWI-9.0.0.80( 1024): [LOWI-Scan] BSS ce:dc:12:3b:87:fd LOWI_PHY_MODE_11AC_VHT20_2G(11), Beacon Interval: 100, LOWI_ENCRYPTION_TYPE_WPA_PSK 11mcRanging: No, ANQP: Yes, LCI: No, Civic: No, capability(0x1431): ESS Privacy ShortPreamble ShortSlotTime
11-19 17:20:47.271 D/LOWI-9.0.0.80( 1024): [LOWI-Scan] BSS ce:dc:12:3b:87:fd FREQ: 2437, cFreq1[40:80:160] = [0:0:0] cFreq2 = 0 Country Code =    
11-19 17:20:47.271 D/LOWI-9.0.0.80( 1024): [LOWI-Scan] BSS ce:dc:12:3b:87:fd (wlan0) ASSO: NO AddInfo: 0x0, TSF 0, 01:33:13.528, RSSI: -102, CPL: 127, AGE: 0,  SSID Pixel5_R1, TSFDelta: 0x0, TXRate: 0
11-19 17:20:47.272 D/LOWI-9.0.0.80( 1024): [LOWI-Scan] 
11-19 17:20:47.272 D/LOWI-9.0.0.80( 1024): [LOWI-Scan] print_bss_handler: Report Probe TSF 5593528864 as it greater than Beacon TSF 5011930821
11-19 17:20:47.272 I/LOWI-9.0.0.80( 1024): [LOWI-Scan] RSN_IE
11-19 17:20:47.272 D/LOWI-9.0.0.80( 1024): [LOWI-Scan] decode_rsn_wpa_ie: Entered
11-19 17:20:47.272 D/LOWI-9.0.0.80( 1024): [LOWIUtils] hexDump: msg(30 14 01 00 00 0f ac 04 01 00 00 0f ac 04 01 00 00 0f ac 02 )
11-19 17:20:47.272 D/LOWI-9.0.0.80( 1024): [LOWI-Scan] decode_rsn_wpa_ie: LOWI_ENCRYPTION_TYPE_WPA_PSK
11-19 17:20:47.272 D/LOWI-9.0.0.80( 1024): [LOWI-Scan] is_qcom_ie, bss_age: 48
11-19 17:20:47.272 D/LOWI-9.0.0.80( 1024): [LOWI-Scan] BSS be:9e:0e:1c:6e:7f LOWI_PHY_MODE_11AC_VHT20_2G(11), Beacon Interval: 100, LOWI_ENCRYPTION_TYPE_WPA_PSK 11mcRanging: No, ANQP: No, LCI: No, Civic: No, capability(0x1431): ESS Privacy ShortPreamble ShortSlotTime
11-19 17:20:47.272 D/LOWI-9.0.0.80( 1024): [LOWI-Scan] BSS be:9e:0e:1c:6e:7f FREQ: 2412, cFreq1[40:80:160] = [0:0:0] cFreq2 = 0 Country Code =    
11-19 17:20:47.272 D/LOWI-9.0.0.80( 1024): [LOWI-Scan] BSS be:9e:0e:1c:6e:7f (wlan0) ASSO: NO AddInfo: 0x0, TSF 0, 01:33:13.528, RSSI: -128, CPL: 127, AGE: 0,  SSID Pixel_3541, TSFDelta: 0x0, TXRate: 0
11-19 17:20:47.272 D/LOWI-9.0.0.80( 1024): [LOWI-Scan] 
11-19 17:20:47.272 D/LOWI-9.0.0.80( 1024): [LOWI-Scan] print_bss_handler: Report Probe TSF 5593529011 as it greater than Beacon TSF 4735555949
11-19 17:20:47.272 I/LOWI-9.0.0.80( 1024): [LOWI-Scan] RSN_IE
11-19 17:20:47.272 D/LOWI-9.0.0.80( 1024): [LOWI-Scan] decode_rsn_wpa_ie: Entered
11-19 17:20:47.272 D/LOWI-9.0.0.80( 1024): [LOWIUtils] hexDump: msg(30 14 01 00 00 0f ac 04 01 00 00 0f ac 04 01 00 00 0f ac 02 )
11-19 17:20:47.273 D/LOWI-9.0.0.80( 1024): [LOWI-Scan] decode_rsn_wpa_ie: LOWI_ENCRYPTION_TYPE_WPA_PSK
11-19 17:20:47.273 D/LOWI-9.0.0.80( 1024): [LOWI-Scan] is_qcom_ie, bss_age: 48
11-19 17:20:47.273 D/LOWI-9.0.0.80( 1024): [LOWI-Scan] BSS 2c:57:41:86:7a:61 LOWI_PHY_MODE_11NG_HT20(5), Beacon Interval: 100, LOWI_ENCRYPTION_TYPE_WPA_PSK 11mcRanging: No, ANQP: No, LCI: No, Civic: No, capability(0x1411): ESS Privacy ShortSlotTime
11-19 17:20:47.273 D/LOWI-9.0.0.80( 1024): [LOWI-Scan] BSS 2c:57:41:86:7a:61 FREQ: 2412, cFreq1[40:80:160] = [0:0:0] cFreq2 = 0 Country Code = US
11-19 17:20:47.273 D/LOWI-9.0.0.80( 1024): [LOWI-Scan] BSS 2c:57:41:86:7a:61 (wlan0) ASSO: NO AddInfo: 0x0, TSF 0, 01:33:13.529, RSSI: -158, CPL: 3, AGE: 0,  SSID kittyhawk, TSFDelta: 0x0, TXRate: 0
11-19 17:20:47.273 D/LOWI-9.0.0.80( 1024): [LOWI-Scan] 
11-19 17:20:47.273 D/LOWI-9.0.0.80( 1024): [LOWI-Scan] print_bss_handler: Report Probe TSF 5593528967 as it greater than Beacon TSF 5543540638
11-19 17:20:47.273 I/LOWI-9.0.0.80( 1024): [LOWI-Scan] RSN_IE
11-19 17:20:47.273 D/LOWI-9.0.0.80( 1024): [LOWI-Scan] decode_rsn_wpa_ie: Entered
11-19 17:20:47.273 D/LOWI-9.0.0.80( 1024): [LOWIUtils] hexDump: msg(30 14 01 00 00 0f ac 04 01 00 00 0f ac 04 01 00 00 0f ac 02 )
11-19 17:20:47.273 D/LOWI-9.0.0.80( 1024): [LOWI-Scan] decode_rsn_wpa_ie: LOWI_ENCRYPTION_TYPE_WPA_PSK
11-19 17:20:47.273 D/LOWI-9.0.0.80( 1024): [LOWI-Scan] is_qcom_ie, bss_age: 50
11-19 17:20:47.273 D/LOWI-9.0.0.80( 1024): [LOWI-Scan] BSS 18:64:72:60:2b:40 LOWI_PHY_MODE_11NG_HT20(5), Beacon Interval: 100, LOWI_ENCRYPTION_TYPE_WPA_PSK 11mcRanging: No, ANQP: No, LCI: No, Civic: No, capability(0x0431): ESS Privacy ShortPreamble ShortSlotTime
11-19 17:20:47.273 D/LOWI-9.0.0.80( 1024): [LOWI-Scan] BSS 18:64:72:60:2b:40 FREQ: 2412, cFreq1[40:80:160] = [0:0:0] cFreq2 = 0 Country Code =    
11-19 17:20:47.273 D/LOWI-9.0.0.80( 1024): [LOWI-Scan] BSS 18:64:72:60:2b:40 (wlan0) ASSO: NO AddInfo: 0x0, TSF 0, 01:33:13.528, RSSI: -142, CPL: 127, AGE: 0,  SSID lab-t24103779, TSFDelta: 0x0, TXRate: 0
11-19 17:20:47.273 D/LOWI-9.0.0.80( 1024): [LOWI-Scan] 
11-19 17:20:47.274 D/LOWI-9.0.0.80( 1024): [LOWI-Scan] print_bss_handler: Report Probe TSF 5593528851 as it greater than Beacon TSF 5292522857
11-19 17:20:47.274 I/LOWI-9.0.0.80( 1024): [LOWI-Scan] RSN_IE
11-19 17:20:47.274 D/LOWI-9.0.0.80( 1024): [LOWI-Scan] decode_rsn_wpa_ie: Entered
