11-19 17:10:30.699 D/NetworkManager( 5624): ConnectivityManager.NetworkCallback#onCapabilitiesChanged()
11-19 17:10:30.699 D/NetworkManager( 5624): connected: true
11-19 17:10:30.700 D/MediaBrowserClient( 5624): checkCredentialsAndInitPinPairing()
11-19 17:10:30.700 D/NetworkTimeUpdateService( 1186): New default network 101; checking time.
11-19 17:10:30.708 V/LigerRadioStatsReporter( 2357): onCapabilitiesChanged: Network capabilities changed
11-19 17:10:30.708 V/LigerRadioStatsReporter( 2357): reportAndCheckpointRadioStats
11-19 17:10:30.708 V/LigerRadioStatsReporter( 2357): +++++++++++ RADIO STATS DUMP +++++++++++
11-19 17:10:30.709 V/LigerRadioStatsReporter( 2357): totalActiveRadioTimeMs=0
11-19 17:10:30.709 V/LigerRadioStatsReporter( 2357): totalTailRadioTimeMs=13995
11-19 17:10:30.709 V/LigerRadioStatsReporter( 2357): totalWakeupCount=0
11-19 17:10:30.709 V/LigerRadioStatsReporter( 2357): httpUpBytes=0
11-19 17:10:30.709 V/LigerRadioStatsReporter( 2357): httpDownBytes=0
11-19 17:10:30.709 V/LigerRadioStatsReporter( 2357): httpWakeupCount=0
11-19 17:10:30.709 V/LigerRadioStatsReporter( 2357): httpRequestCount=0
11-19 17:10:30.709 V/LigerRadioStatsReporter( 2357): httpActiveRadioTimeMs=0
11-19 17:10:30.709 V/LigerRadioStatsReporter( 2357): httpTailRadioTimeMs=13995
11-19 17:10:30.709 V/LigerRadioStatsReporter( 2357): reportAndCheckpointRadioStats: Tx=0
11-19 17:10:30.709 V/LigerRadioStatsReporter( 2357): reportAndCheckpointRadioStats: Rx=0
11-19 17:10:30.709 V/LigerRadioStatsReporter( 2357): reportAndCheckpointRadioStats: Uids=10027
11-19 17:10:30.709 V/LigerRadioStatsReporter( 2357): reportAndCheckpointRadioStats: Tags=null
11-19 17:10:30.710 W/MediaBrowserClient( 5624): Tried to send custom action CHECK_CREDENTIALS_VALID_ACTION but client was not connected
11-19 17:10:30.717 V/LigerRadioStatsReporter( 5665): onCapabilitiesChanged: Network capabilities changed
11-19 17:10:30.718 V/LigerRadioStatsReporter( 5665): reportAndCheckpointRadioStats
11-19 17:10:30.722 D/QCNEJ/DefaultNetworkInfoRelay( 1907): Default network available: 101
11-19 17:10:30.723 D/QCNEJ/NativeHalConnector( 1907): -> SND notifyDefaultNetworkChanged(0)
11-19 17:10:30.724 E/QMI_FW  (  915): qmi_cci_get_ref: ref count increased 2
11-19 17:10:30.726 E/QMI_FW  (  915): qmi_cci_get_ref: ref count increased 2
11-19 17:10:30.730 D/DeviceAuthService( 4216): Network connected
11-19 17:10:30.730 D/DeviceAuthService( 4216): fetchAuthTokenWrapper called
11-19 17:10:30.775 D/QCNEJ/WwanInfoRelay( 1907): onCapabilitiesChanged: 101 [ Transports: CELLULAR Capabilities: MMS&SUPL&FOTA&INTERNET&NOT_RESTRICTED&TRUSTED&NOT_VPN&VALIDATED&NOT_ROAMING&FOREGROUND&NOT_CONGESTED&NOT_SUSPENDED LinkUpBandwidth>=15000Kbps LinkDnBandwidth>=30000Kbps Specifier: <TelephonyNetworkSpecifier [mSubId = 1]> AdministratorUids: [] RequestorUid: -1 RequestorPackageName: null]
11-19 17:10:30.778 I/ystem.analytic( 2475): Background young concurrent copying GC freed 308297(17MB) AllocSpace objects, 0(0B) LOS objects, 80% free, 4111KB/21MB, paused 143us total 140.633ms
11-19 17:10:30.779 I/QCNEJ/WwanInfoRelay( 1907): cacheWwanInfo subId = 1 phoneId = 0 slotId = 0
11-19 17:10:30.793 V/LigerRadioStatsReporter( 2357): onCapabilitiesChanged: Network capabilities changed
11-19 17:10:30.795 D/NetworkManager( 5624): ConnectivityManager.NetworkCallback#onCapabilitiesChanged()
11-19 17:10:30.795 D/NetworkManager( 5624): connected: true
11-19 17:10:30.797 D/ConnectivityService( 1186): Sending CONNECTED broadcast for type 0 [101 CELLULAR] isDefaultNetwork=true
11-19 17:10:30.801 D/DeviceAuthService( 4216): isOculusAddressResolvable returned true
11-19 17:10:30.801 D/DeviceAuthenticator( 4216): Fetching new credentials asynchronously
11-19 17:10:30.802 D/DeviceAuthenticator( 4216): Calling DeviceAuth.authenticate()
11-19 17:10:30.803 V/LigerRadioStatsReporter( 5665): +++++++++++ RADIO STATS DUMP +++++++++++
11-19 17:10:30.803 V/LigerRadioStatsReporter( 5665): totalActiveRadioTimeMs=0
11-19 17:10:30.803 V/LigerRadioStatsReporter( 5665): totalTailRadioTimeMs=13998
11-19 17:10:30.803 V/LigerRadioStatsReporter( 5665): totalWakeupCount=0
11-19 17:10:30.803 V/LigerRadioStatsReporter( 5665): httpUpBytes=0
11-19 17:10:30.803 V/LigerRadioStatsReporter( 5665): httpDownBytes=0
11-19 17:10:30.803 V/LigerRadioStatsReporter( 5665): httpWakeupCount=0
11-19 17:10:30.804 V/LigerRadioStatsReporter( 5665): httpRequestCount=0
11-19 17:10:30.804 V/LigerRadioStatsReporter( 5665): httpActiveRadioTimeMs=0
11-19 17:10:30.804 V/LigerRadioStatsReporter( 5665): httpTailRadioTimeMs=13998
11-19 17:10:30.804 V/LigerRadioStatsReporter( 5665): reportAndCheckpointRadioStats: Tx=0
11-19 17:10:30.804 V/LigerRadioStatsReporter( 5665): reportAndCheckpointRadioStats: Rx=0
11-19 17:10:30.804 V/LigerRadioStatsReporter( 5665): reportAndCheckpointRadioStats: Uids=10067
11-19 17:10:30.804 V/LigerRadioStatsReporter( 5665): reportAndCheckpointRadioStats: Tags=null
11-19 17:10:30.809 E/DeviceCertService(  545): This device *might* have a provisioning issue. Please run `maui provision check` to verify.
11-19 17:10:30.809 E/DeviceCertService(  545): See https://fburl.com/wiki/a9hho0p9 for more information.
11-19 17:10:30.809 E/DeviceCertService(  545): Could not access certificate file '/mnt/vendor/persist/certificates/device_identityinsecure.crt', error 2: No such file or directory
11-19 17:10:30.811 E/DeviceAuthenticator( 4216): ERROR: java.lang.RuntimeException: devicecert returned error FILESYSTEM_ERROR
11-19 17:10:30.811 E/DeviceAuthenticator( 4216): 
11-19 17:10:30.811 E/DeviceAuthenticator( 4216): com.facebook.mos.sdk.devicecert.DeviceIdentityException: java.lang.RuntimeException: devicecert returned error FILESYSTEM_ERROR
11-19 17:10:30.811 E/DeviceAuthenticator( 4216): 
11-19 17:10:30.812 V/LigerRadioStatsReporter( 5665): onCapabilitiesChanged: Network capabilities changed
11-19 17:10:30.814 D/NetworkManager( 5665): ConnectivityManager.NetworkCallback#onCapabilitiesChanged()
11-19 17:10:30.814 D/NetworkManager( 5665): connected: true
11-19 17:10:30.816 E/WifiNative( 1186): Could not get Iface object for interface null
11-19 17:10:30.824 W/system_server( 1186): Long monitor contention with owner NetworkTimeUpdateService (1893) at void com.android.server.power.PowerManagerService.acquireWakeLockInternal(android.os.IBinder, int, java.lang.String, java.lang.String, android.os.WorkSource, java.lang.String, int, int)(PowerManagerService.java:1349) waiters=0 in void com.android.server.power.PowerManagerService.handleSandman() for 115ms
11-19 17:10:30.839 D/CompatibilityInfo( 1186): mCompatibilityFlags - 4
11-19 17:10:30.839 D/CompatibilityInfo( 1186): applicationDensity - 320
11-19 17:10:30.839 D/CompatibilityInfo( 1186): applicationScale - 1.0
11-19 17:10:30.847 E/SelfCareDataCloudSyncWorker( 2334): Failed to get access token
11-19 17:10:30.847 E/SelfCareDataCloudSyncWorker( 2334): kotlinx.coroutines.JobCancellationException: Job was cancelled; job=JobImpl{Cancelling}@a22e48b
11-19 17:10:30.847 I/WM-WorkerWrapper( 2334): Work [ id=57f248e9-27c9-4baa-bcea-f98e3ece0d1a, tags={ com.facebook.wearable.system.selfcare.cloudsync.SelfCareDataCloudSyncWorker } ] was cancelled
11-19 17:10:30.847 I/WM-WorkerWrapper( 2334): java.util.concurrent.CancellationException: Task was cancelled.
11-19 17:10:30.847 I/WM-WorkerWrapper( 2334): 	at androidx.work.impl.utils.futures.AbstractFuture.getDoneValue(:32)
11-19 17:10:30.847 I/WM-WorkerWrapper( 2334): 	at androidx.work.impl.utils.futures.AbstractFuture.get(:268435546)
11-19 17:10:30.847 I/WM-WorkerWrapper( 2334): 	at androidx.work.impl.WorkerWrapper$2.run(:3)
11-19 17:10:30.847 I/WM-WorkerWrapper( 2334): 	at androidx.work.impl.utils.SerialExecutor$Task.run(:2)
11-19 17:10:30.847 I/WM-WorkerWrapper( 2334): 	at java.util.concurrent.ThreadPoolExecutor.runWorker(ThreadPoolExecutor.java:1167)
11-19 17:10:30.847 I/WM-WorkerWrapper( 2334): 	at java.util.concurrent.ThreadPoolExecutor$Worker.run(ThreadPoolExecutor.java:641)
11-19 17:10:30.847 I/WM-WorkerWrapper( 2334): 	at java.lang.Thread.run(Thread.java:923)
11-19 17:10:30.863 W/System.err( 2620): INFO: com.whatsapp.net.logging.WtLog.log$REDEX$HQcOuACUrr4(:4) : Start handshake.
11-19 17:10:30.940 D/CompatibilityInfo( 1186): mCompatibilityFlags - 4
11-19 17:10:30.940 D/CompatibilityInfo( 1186): applicationDensity - 320
11-19 17:10:30.940 D/CompatibilityInfo( 1186): applicationScale - 1.0
11-19 17:10:30.981 E/StickerBundleDatabaseWorker( 2334): Failed to fetch sticker bundles:
11-19 17:10:30.981 E/StickerBundleDatabaseWorker( 2334): kotlinx.coroutines.JobCancellationException: Job was cancelled; job=JobImpl{Cancelling}@b3beab2
11-19 17:10:30.981 I/WM-WorkerWrapper( 2334): Work [ id=e596069b-4a6f-495d-b19d-a8669de7ea86, tags={ com.facebook.wearable.system.selfcare.sharing.StickerBundleDatabaseWorker } ] was cancelled
11-19 17:10:30.981 I/WM-WorkerWrapper( 2334): java.util.concurrent.CancellationException: Task was cancelled.
11-19 17:10:30.981 I/WM-WorkerWrapper( 2334): 	at androidx.work.impl.utils.futures.AbstractFuture.getDoneValue(:32)
11-19 17:10:30.981 I/WM-WorkerWrapper( 2334): 	at androidx.work.impl.utils.futures.AbstractFuture.get(:268435546)
11-19 17:10:30.981 I/WM-WorkerWrapper( 2334): 	at androidx.work.impl.WorkerWrapper$2.run(:3)
11-19 17:10:30.981 I/WM-WorkerWrapper( 2334): 	at androidx.work.impl.utils.SerialExecutor$Task.run(:2)
11-19 17:10:30.981 I/WM-WorkerWrapper( 2334): 	at java.util.concurrent.ThreadPoolExecutor.runWorker(ThreadPoolExecutor.java:1167)
11-19 17:10:30.981 I/WM-WorkerWrapper( 2334): 	at java.util.concurrent.ThreadPoolExecutor$Worker.run(ThreadPoolExecutor.java:641)
11-19 17:10:30.981 I/WM-WorkerWrapper( 2334): 	at java.lang.Thread.run(Thread.java:923)
11-19 17:10:31.131 W/System.err( 2620): INFO: com.whatsapp.net.logging.WtLog.log$REDEX$HQcOuACUrr4(:4) : Handshake complete : session_resumed true early_data_sent false early_data_accepted false client_cert_requested false time_ms 268
11-19 17:10:31.223 E/StickerBundleDatabaseWorker( 2334): Failed to fetch sticker bundles:
11-19 17:10:31.223 E/StickerBundleDatabaseWorker( 2334): kotlinx.coroutines.JobCancellationException: Job was cancelled; job=JobImpl{Cancelling}@4e5935f
11-19 17:10:31.223 I/WM-WorkerWrapper( 2334): Work [ id=e596069b-4a6f-495d-b19d-a8669de7ea86, tags={ com.facebook.wearable.system.selfcare.sharing.StickerBundleDatabaseWorker } ] was cancelled
11-19 17:10:31.223 I/WM-WorkerWrapper( 2334): java.util.concurrent.CancellationException: Task was cancelled.
11-19 17:10:31.223 I/WM-WorkerWrapper( 2334): 	at androidx.work.impl.utils.futures.AbstractFuture.getDoneValue(:32)
11-19 17:10:31.223 I/WM-WorkerWrapper( 2334): 	at androidx.work.impl.utils.futures.AbstractFuture.get(:268435546)
11-19 17:10:31.223 I/WM-WorkerWrapper( 2334): 	at androidx.work.impl.WorkerWrapper$2.run(:3)
11-19 17:10:31.223 I/WM-WorkerWrapper( 2334): 	at androidx.work.impl.utils.SerialExecutor$Task.run(:2)
11-19 17:10:31.223 I/WM-WorkerWrapper( 2334): 	at java.util.concurrent.ThreadPoolExecutor.runWorker(ThreadPoolExecutor.java:1167)
11-19 17:10:31.223 I/WM-WorkerWrapper( 2334): 	at java.util.concurrent.ThreadPoolExecutor$Worker.run(ThreadPoolExecutor.java:641)
11-19 17:10:31.223 I/WM-WorkerWrapper( 2334): 	at java.lang.Thread.run(Thread.java:923)
11-19 17:10:31.224 D/SettingsSDK::SyncHelper( 2334): Read setting com.facebook.wearable.sdk.selfcare:SELFCARE_SERVICE_ENABLED from persistent cache
11-19 17:10:31.224 D/FacebookRepository( 2334): Reading from Store [906581286488774]
