11-19 17:14:22.085 D/WirelessInsightServiceImpl( 1984): onSignalStrengthsChanged: SignalStrength = SignalStrength:{mCdma=CellSignalStrengthCdma: cdmaDbm=2147483647 cdmaEcio=2147483647 evdoDbm=2147483647 evdoEcio=2147483647 evdoSnr=2147483647 level=0,mGsm=CellSignalStrengthGsm: rssi=2147483647 ber=2147483647 mTa=2147483647 mLevel=0,mWcdma=CellSignalStrengthWcdma: ss=2147483647 ber=2147483647 rscp=2147483647 ecno=2147483647 level=0,mTdscdma=CellSignalStrengthTdscdma: rssi=2147483647 ber=2147483647 rscp=2147483647 level=0,mLte=CellSignalStrengthLte: rssi=-75 rsrp=-111 rsrq=-16 rssnr=5 cqi=2147483647 ta=2147483647 level=2 parametersUseForLevel=0,mNr=CellSignalStrengthNr:{ csiRsrp = 2147483647 csiRsrq = 2147483647 csiSinr = 2147483647 ssRsrp = 2147483647 ssRsrq = 2147483647 ssSinr = 2147483647 level = 0 parametersUseForLevel = 0 },primary=CellSignalStrengthLte}
11-19 17:14:22.085 D/WirelessInsightServiceImpl( 1984): Score: 1
11-19 17:14:22.085 D/WirelessInsightServiceImpl( 1984): notifyListeners: listeners = 0, score = 1
11-19 17:14:23.048 D/AppStorageManager( 1186): BEFORE:: Previous Size: 1063272448 Current Size: 1063034880
11-19 17:14:23.048 D/AppStorageManager( 1186): AFTER:: Previous Size: 1063034880 Current Size: 1063034880
11-19 17:14:27.950 D/CompatibilityInfo( 1186): mCompatibilityFlags - 4
11-19 17:14:27.951 D/CompatibilityInfo( 1186): applicationDensity - 320
11-19 17:14:27.951 D/CompatibilityInfo( 1186): applicationScale - 1.0
11-19 17:14:27.958 D/WifiNative( 1186): Scan trigered from WifiNative
11-19 17:14:27.961 I/chatty  ( 1026): uid=1021(gps) lowi-server expire 178 lines
11-19 17:14:27.962 V/WifiHAL (  544): event received NL80211_CMD_TRIGGER_SCAN
11-19 17:14:28.069 V/WifiHAL (  544): event received NL80211_CMD_NEW_SCAN_RESULTS
11-19 17:14:28.070 D/WifiNl80211Manager( 1186): Scan result ready event
11-19 17:14:28.070 D/WifiNative( 1186): Scan result ready event
11-19 17:14:28.081 D/WificondScannerImpl( 1186): Filtering out 14 scan results.
11-19 17:14:28.082 I/chatty  ( 1026): uid=1021(gps) lowi-server expire 7 lines
11-19 17:14:29.317 D/UIAutomatorStub( 5940): URI: /jsonrpc/0, Method: POST, Header: {content-length=102, remote-addr=127.0.0.1, http-client-ip=127.0.0.1, host=localhost:9012, content-type=application/json, accept-encoding=identity}, params, {NanoHttpd.QUERY_STRING=null}, files: {postData={"jsonrpc": "2.0", "method": "pressKey", "id": "94d10046eb5479219079a4e878d5aaf7", "params": ["back"]}}
11-19 17:14:29.342 D/AutofillManagerService( 1186): onBackKeyPressed()
11-19 17:14:29.378 D/UIAutomatorStub( 5940): URI: /jsonrpc/0, Method: POST, Header: {content-length=102, remote-addr=127.0.0.1, http-client-ip=127.0.0.1, host=localhost:9012, content-type=application/json, accept-encoding=identity}, params, {NanoHttpd.QUERY_STRING=null}, files: {postData={"jsonrpc": "2.0", "method": "pressKey", "id": "d3082c0b1779649a62c22648dff851ad", "params": ["back"]}}
11-19 17:14:29.405 W/HWComposer(  598): Ignoring duplicate VSYNC event from HWC for display 0 (t=5157131094229)
11-19 17:14:29.933 D/UIAutomatorStub( 5940): URI: /jsonrpc/0, Method: POST, Header: {content-length=102, remote-addr=127.0.0.1, http-client-ip=127.0.0.1, host=localhost:9012, content-type=application/json, accept-encoding=identity}, params, {NanoHttpd.QUERY_STRING=null}, files: {postData={"jsonrpc": "2.0", "method": "pressKey", "id": "94dcd323337dc6d77d042a46762724d5", "params": ["back"]}}
11-19 17:14:30.412 D/ActivityTrigger( 1186): ActivityTrigger activityPauseTrigger 
11-19 17:14:30.437 E/ANDR-PERF-JNI( 1186): UXEngine Trigger - Returning null
11-19 17:14:30.449 D/ComplicationController( 2594): Starting complication controller. Face Type: OdysseyWatchFace
11-19 17:14:30.453 E/DayDateSystemComplicationProvider( 2594): Updating Day Date System Complication
11-19 17:14:30.453 D/ComplicationDataManagerImpl( 2594): Updating complication data for package: com.facebook.wearable.apps.calendar, id: com.facebook.wearable.apps.calendar.DAY_DATE_COMPLICATION
11-19 17:14:30.453 D/ComplicationDataManagerImpl( 2594): Updating complication data for package: com.facebook.wearable.apps.workout, id: com.facebook.wearable.apps.workout.SHORTCUT_COMPLICATION
11-19 17:14:30.453 D/ComplicationDataManagerImpl( 2594): Updating complication data for package: com.facebook.wearable.apps.clock, id: com.facebook.wearable.apps.clock.SHORTCUT_COMPLICATION
11-19 17:14:30.453 D/ComplicationDataManagerImpl( 2594): Updating complication data for package: com.facebook.wearable.apps.player, id: com.facebook.wearable.apps.player.SHORTCUT_COMPLICATION
11-19 17:14:30.453 D/ComplicationDataManagerImpl( 2594): Updating complication data for package: com.facebook.wearable.apps.weather, id: com.facebook.wearable.apps.weather.SHORTCUT_COMPLICATION
11-19 17:14:30.453 D/ComplicationDataManagerImpl( 2594): Updating complication data for package: com.facebook.wearable.apps.gallery, id: com.facebook.wearable.apps.gallery.SHORTCUT_COMPLICATION
11-19 17:14:30.454 D/ComplicationDataManagerImpl( 2594): Updating complication data for package: com.facebook.wearable.apps.calendar, id: com.facebook.wearable.apps.calendar.SHORTCUT_COMPLICATION
11-19 17:14:30.454 D/ComplicationDataManagerImpl( 2594): Updating complication data for package: com.facebook.wearable.apps.heart, id: com.facebook.wearable.apps.heart.HEART_RATE
11-19 17:14:30.460 D/ComplicationDataManagerImpl( 2594): Fetching complication data for package: com.facebook.wearable.apps.calendar, com.facebook.wearable.apps.calendar.DAY_DATE_COMPLICATION.
11-19 17:14:30.460 D/ComplicationDataManagerImpl( 2594): Fetching complication data for package: com.facebook.wearable.apps.player, com.facebook.wearable.apps.player.SHORTCUT_COMPLICATION.
11-19 17:14:30.461 D/ComplicationDataManagerImpl( 2594): Fetching complication data for package: com.facebook.wearable.apps.gallery, com.facebook.wearable.apps.gallery.SHORTCUT_COMPLICATION.
11-19 17:14:30.462 D/ComplicationDataManagerImpl( 2594): Fetching complication data for package: com.facebook.wearable.apps.heart, com.facebook.wearable.apps.heart.HEART_RATE.
11-19 17:14:30.471 D/LauncherActivity( 2594): onResume: Intent { cat=[android.intent.category.DEFAULT] flg=0x10020000 cmp=com.facebook.wearable.system.launcher/.LauncherActivity }
11-19 17:14:30.472 D/LauncherIntentProcessor( 2594): processLauncherActivityIntent: Intent { cat=[android.intent.category.DEFAULT] flg=0x10020000 cmp=com.facebook.wearable.system.launcher/.LauncherActivity }
11-19 17:14:30.482 D/TetheredPhoneUtil( 2594): Retrieving the tethered phone status
11-19 17:14:30.484 D/TetheredPhoneUtil( 2594): Found tethered phone status: false
11-19 17:14:30.496 D/FacebookRepository( 2594): Reading from Store [250223709649332]
11-19 17:14:30.533 D/CompatibilityInfo( 1186): mCompatibilityFlags - 4
11-19 17:14:30.533 D/CompatibilityInfo( 1186): applicationDensity - 320
11-19 17:14:30.533 D/CompatibilityInfo( 1186): applicationScale - 1.0
11-19 17:14:30.548 D/CompatibilityInfo( 1186): mCompatibilityFlags - 4
11-19 17:14:30.548 D/CompatibilityInfo( 1186): applicationDensity - 320
11-19 17:14:30.548 D/CompatibilityInfo( 1186): applicationScale - 1.0
11-19 17:14:30.785 D/CompatibilityInfo( 1186): mCompatibilityFlags - 4
11-19 17:14:30.785 D/CompatibilityInfo( 1186): applicationDensity - 320
11-19 17:14:30.785 D/CompatibilityInfo( 1186): applicationScale - 1.0
11-19 17:14:30.806 D/CompatibilityInfo( 1186): mCompatibilityFlags - 4
11-19 17:14:30.806 D/CompatibilityInfo( 1186): applicationDensity - 320
11-19 17:14:30.806 D/CompatibilityInfo( 1186): applicationScale - 1.0
11-19 17:14:30.862 D/UIAutomatorStub( 5940): URI: /jsonrpc/0, Method: POST, Header: {content-length=102, remote-addr=127.0.0.1, http-client-ip=127.0.0.1, host=localhost:9012, content-type=application/json, accept-encoding=identity}, params, {NanoHttpd.QUERY_STRING=null}, files: {postData={"jsonrpc": "2.0", "method": "pressKey", "id": "b4b73643afff5e295bbbaefe171da7a5", "params": ["back"]}}
11-19 17:14:29.872 I/chatty  ( 1186): uid=1000(system) android.ui identical 1 line
11-19 17:14:30.397 D/AutofillManagerService( 1186): onBackKeyPressed()
11-19 17:14:31.156 D/commandrouter( 1006): rtc_sync (1, rtc:sync): <ServiceRequest> FORWARDED (remote -> local) service client ID = 0, token ID = 33279
11-19 17:14:31.156 D/vendor.facebook.rtc_sync@1.0-service( 1145): Request req_ts=1637342071150226482 resp_ts=1637342071156470124
11-19 17:14:31.156 D/commandrouter( 1006): SocServiceHandle::onServiceMessage, SoC Service = rtc_sync, appType = 1, type = SVC_RESP, clientId = 0, token = 33279, payloadLen = 8, result = 0, payload.size() = 8
11-19 17:14:31.612 D/AutofillManagerService( 1186): onBackKeyPressed()
11-19 17:14:31.614 D/LauncherActivity( 2594): onKeyUp() called with keycode:4, event: KeyEvent { action=ACTION_UP, keyCode=KEYCODE_BACK, scanCode=0, metaState=0, flags=0x200, repeatCount=0, eventTime=5159320, downTime=5159320, deviceId=-1, source=0x101, displayId=-1 }
11-19 17:14:32.153 W/ActivityManager( 1186): Invalid packageName: com.facebook.wearable.system.settings/com.facebook.wearable.system.settings.SettingsActivity
11-19 17:14:32.155 I/cmd     ( 9022): oneway function results will be dropped but finished with status OK and parcel size 4
11-19 17:14:32.268 I/ActivityTaskManager( 1186): START u0 {flg=0x10000000 cmp=com.facebook.wearable.system.settings/.SettingsActivity} from uid 0
11-19 17:14:32.271 E/ANDR-PERF-OPTSHANDLER(  552): Perflock resource /proc/sys/kernel/sched_group_downmigrate not supported
11-19 17:14:32.271 E/ANDR-PERF-RESOURCEQS(  552): Failed to apply optimization [3, 22]
11-19 17:14:32.272 E/ANDR-PERF-OPTSHANDLER(  552): Perflock resource /proc/sys/kernel/sched_group_upmigrate not supported
11-19 17:14:32.272 E/ANDR-PERF-RESOURCEQS(  552): Failed to apply optimization [3, 21]
11-19 17:14:32.272 E/ANDR-PERF-OPTSHANDLER(  552): Perflock resource /sys/module/lpm_levels/parameters/bias_hyst not supported
11-19 17:14:32.272 E/ANDR-PERF-RESOURCEQS(  552): Failed to apply optimization [1, 2]
11-19 17:14:32.272 E/ANDR-PERF-OPTSHANDLER(  552): Failed to read /proc/sys/kernel/sched_downmigrate
11-19 17:14:32.272 E/ANDR-PERF-RESOURCEQS(  552): Failed to apply optimization [3, 8]
11-19 17:14:32.272 E/ANDR-PERF-OPTSHANDLER(  552): Failed to read /proc/sys/kernel/sched_upmigrate
11-19 17:14:32.272 E/ANDR-PERF-RESOURCEQS(  552): Failed to apply optimization [3, 7]
11-19 17:14:32.280 D/CompatibilityInfo( 1186): mCompatibilityFlags - 4
11-19 17:14:32.280 D/CompatibilityInfo( 1186): applicationDensity - 320
11-19 17:14:32.280 D/CompatibilityInfo( 1186): applicationScale - 1.0
11-19 17:14:32.281 D/ActivityTrigger( 1186): ActivityTrigger activityPauseTrigger 
11-19 17:14:32.285 I/ActivityTaskManager( 1186): The Process com.facebook.wearable.system.settings Already Exists in BG. So sending its PID: 2711
11-19 17:14:32.286 W/ActivityTaskManager( 1186): Tried to set launchTime (0) < mLastActivityLaunchTime (5129038)
11-19 17:14:32.287 D/CompatibilityInfo( 1186): mCompatibilityFlags - 4
11-19 17:14:32.287 D/CompatibilityInfo( 1186): applicationDensity - 320
11-19 17:14:32.287 D/CompatibilityInfo( 1186): applicationScale - 1.0
11-19 17:14:32.297 I/cmd     ( 9027): oneway function results will be dropped but finished with status OK and parcel size 4
11-19 17:14:32.314 D/LauncherActivity( 2594): onPause
11-19 17:14:32.361 D/FacebookProvider( 2753): Starting SSO Network Fetch for 263529928325379
11-19 17:14:32.362 I/AccountsContentProvider( 2753): No Primary Account. Accounts Error [content://com.facebook.wearable.system.accounts.AccountsContentProvider/facebook/263529928325379]
11-19 17:14:32.363 E/DatabaseUtils( 2753): Writing exception to parcel
11-19 17:14:32.363 E/DatabaseUtils( 2753): java.lang.IllegalStateException: No Primary Account
11-19 17:14:32.363 E/DatabaseUtils( 2753): 	at com.facebook.secure.content.AbstractContentProvider.doQuery(:284)
11-19 17:14:32.363 E/DatabaseUtils( 2753): 	at com.facebook.secure.content.AbstractContentProvider.query(:8)
11-19 17:14:32.363 E/DatabaseUtils( 2753): 	at android.content.ContentProvider.query(ContentProvider.java:1474)
11-19 17:14:32.363 E/DatabaseUtils( 2753): 	at android.content.ContentProvider$Transport.query(ContentProvider.java:278)
11-19 17:14:32.363 E/DatabaseUtils( 2753): 	at android.content.ContentProviderNative.onTransact(ContentProviderNative.java:106)
11-19 17:14:32.363 E/DatabaseUtils( 2753): 	at android.os.Binder.execTransactInternal(Binder.java:1154)
11-19 17:14:32.363 E/DatabaseUtils( 2753): 	at android.os.Binder.execTransact(Binder.java:1123)
11-19 17:14:32.364 E/AccountsViewModel( 2711): AccountsViewModel.flow failed: No Primary Account
11-19 17:14:32.364 E/AccountsViewModel( 2711): java.lang.IllegalStateException: No Primary Account
11-19 17:14:32.364 E/AccountsViewModel( 2711): 	at android.os.Parcel.createExceptionOrNull(Parcel.java:2381)
11-19 17:14:32.364 E/AccountsViewModel( 2711): 	at android.os.Parcel.createException(Parcel.java:2357)
11-19 17:14:32.364 E/AccountsViewModel( 2711): 	at android.os.Parcel.readException(Parcel.java:2340)
11-19 17:14:32.364 E/AccountsViewModel( 2711): 	at android.database.DatabaseUtils.readExceptionFromParcel(DatabaseUtils.java:190)
11-19 17:14:32.364 E/AccountsViewModel( 2711): 	at android.database.DatabaseUtils.readExceptionFromParcel(DatabaseUtils.java:142)
11-19 17:14:32.364 E/AccountsViewModel( 2711): 	at android.content.ContentProviderProxy.query(ContentProviderNative.java:472)
11-19 17:14:32.364 E/AccountsViewModel( 2711): 	at android.content.ContentResolver.query(ContentResolver.java:1185)
11-19 17:14:32.364 E/AccountsViewModel( 2711): 	at android.content.ContentResolver.query(ContentResolver.java:1116)
11-19 17:14:32.364 E/AccountsViewModel( 2711): 	at com.facebook.wearable.common.accounts.contract.WearableAccountsContractRequest.query(:51)
11-19 17:14:32.364 E/AccountsViewModel( 2711): 	at kotlin.coroutines.jvm.internal.BaseContinuationImpl.invokeSuspend(:95489)
11-19 17:14:32.364 E/AccountsViewModel( 2711): 	at com.facebook.wearable.common.accounts.WearableAccountsKt$fb$1.invoke(:9)
11-19 17:14:32.364 E/AccountsViewModel( 2711): 	at com.facebook.wearable.common.coroutines.lazy.LazyAsync.get(:101)
11-19 17:14:32.364 E/AccountsViewModel( 2711): 	at kotlin.coroutines.jvm.internal.BaseContinuationImpl.invokeSuspend(:96596)
11-19 17:14:32.364 E/AccountsViewModel( 2711): 	at com.facebook.wearable.system.settings.accounts.AccountsViewModel$wearableAccountFlow$1.invoke(:11)
11-19 17:14:32.364 E/AccountsViewModel( 2711): 	at kotlinx.coroutines.flow.AbstractFlow.collect$rvp0$0(:72)
11-19 17:14:32.364 E/AccountsViewModel( 2711): 	at kotlin.coroutines.jvm.internal.BaseContinuationImpl.invokeSuspend(:95417)
11-19 17:14:32.364 E/AccountsViewModel( 2711): 	at kotlinx.coroutines.flow.FlowKt__ShareKt$launchSharing$1$2.invoke(Unknown Source:10)
11-19 17:14:32.364 E/AccountsViewModel( 2711): 	at kotlin.coroutines.jvm.internal.BaseContinuationImpl.invokeSuspend(:96715)
11-19 17:14:32.364 E/AccountsViewModel( 2711): 	at kotlinx.coroutines.flow.FlowKt__MergeKt$mapLatest$1.invoke(Unknown Source:15)
11-19 17:14:32.364 E/AccountsViewModel( 2711): 	at kotlin.coroutines.jvm.internal.BaseContinuationImpl.invokeSuspend(:96820)
11-19 17:14:32.364 E/AccountsViewModel( 2711): 	at kotlinx.coroutines.flow.internal.ChannelFlowTransformLatest$flowCollect$3$1$2.invoke(Unknown Source:10)
11-19 17:14:32.364 E/AccountsViewModel( 2711): 	at kotlinx.coroutines.CoroutineStart.invoke(:32)
11-19 17:14:32.364 E/AccountsViewModel( 2711): 	at kotlinx.coroutines.BuildersKt__Builders_commonKt.launch(:15)
11-19 17:14:32.364 E/AccountsViewModel( 2711): 	at kotlinx.coroutines.flow.internal.ChannelFlowTransformLatest$flowCollect$3$invokeSuspend$$inlined$collect$1.emit(:56)
11-19 17:14:32.364 E/AccountsViewModel( 2711): 	at kotlinx.coroutines.flow.DistinctFlowImpl$collect$$inlined$collect$1.emit(:74)
11-19 17:14:32.364 E/AccountsViewModel( 2711): 	at kotlinx.coroutines.flow.FlowKt__LimitKt$dropWhile$lambda-4$$inlined$collect$1.emit(:114)
11-19 17:14:32.364 E/AccountsViewModel( 2711): 	at kotlinx.coroutines.flow.FlowKt__ChannelsKt.emitAllImpl$FlowKt__ChannelsKt(:123)
11-19 17:14:32.364 E/AccountsViewModel( 2711): 	at kotlin.coroutines.jvm.internal.BaseContinuationImpl.invokeSuspend(:96917)
11-19 17:14:32.364 E/AccountsViewModel( 2711): 	at kotlin.coroutines.jvm.internal.BaseContinuationImpl.resumeWith(:5)
11-19 17:14:32.364 E/AccountsViewModel( 2711): 	at kotlinx.coroutines.DispatchedTask.run(:131)
11-19 17:14:32.364 E/AccountsViewModel( 2711): 	at java.util.concurrent.Executors$RunnableAdapter.call(Executors.java:462)
11-19 17:14:32.364 E/AccountsViewModel( 2711): 	at java.util.concurrent.FutureTask.run(FutureTask.java:266)
11-19 17:14:32.364 E/AccountsViewModel( 2711): 	at com.facebook.wearable.common.executors.DelayedFutureTask.run(:22)
11-19 17:14:32.364 E/AccountsViewModel( 2711): 	at java.util.concurrent.ThreadPoolExecutor.runWorker(ThreadPoolExecutor.java:1167)
11-19 17:14:32.364 E/AccountsViewModel( 2711): 	at java.util.concurrent.ThreadPoolExecutor$Worker.run(ThreadPoolExecutor.java:641)
11-19 17:14:32.364 E/AccountsViewModel( 2711): 	at com.facebook.wearable.common.executors.NamedThreadFactory$1.run(:7)
11-19 17:14:32.370 D/CompatibilityInfo( 1186): mCompatibilityFlags - 4
11-19 17:14:32.370 D/CompatibilityInfo( 1186): applicationDensity - 320
11-19 17:14:32.370 D/CompatibilityInfo( 1186): applicationScale - 1.0
11-19 17:14:32.377 D/TetheredPhoneUtil( 2594): Retrieving the tethered phone status
11-19 17:14:32.382 D/TetheredPhoneUtil( 2594): Found tethered phone status: false
11-19 17:14:32.405 E/StatusBarClientConnection( 2711): Service connected
11-19 17:14:32.443 W/View    ( 2711): requestLayout() improperly called by android.view.View{1f57294 V.ED..... ......I. 0,368-474,474} during layout: running second layout pass
11-19 17:14:32.460 W/View    ( 2711): requestLayout() improperly called by com.facebook.wearable.common.wds.listview.WdsListView{cfe27d7 V.E..V... ........ 0,0-474,474} during second layout pass: posting in next frame
11-19 17:14:32.793 D/CompatibilityInfo( 1186): mCompatibilityFlags - 4
11-19 17:14:32.793 D/CompatibilityInfo( 1186): applicationDensity - 320
11-19 17:14:32.793 D/CompatibilityInfo( 1186): applicationScale - 1.0
11-19 17:14:32.805 D/ComplicationController( 2594): Stopping complication controller.
11-19 17:14:32.809 D/ComplicationDataManagerImpl( 2594): Fetching complication data for package: com.facebook.wearable.apps.calendar, com.facebook.wearable.apps.calendar.DAY_DATE_COMPLICATION.
11-19 17:14:32.809 D/ComplicationDataManagerImpl( 2594): Fetching complication data for package: com.facebook.wearable.apps.player, com.facebook.wearable.apps.player.SHORTCUT_COMPLICATION.
11-19 17:14:32.810 D/ComplicationDataManagerImpl( 2594): Fetching complication data for package: com.facebook.wearable.apps.gallery, com.facebook.wearable.apps.gallery.SHORTCUT_COMPLICATION.
11-19 17:14:32.810 D/ComplicationDataManagerImpl( 2594): Fetching complication data for package: com.facebook.wearable.apps.heart, com.facebook.wearable.apps.heart.HEART_RATE.
11-19 17:14:32.813 D/CompatibilityInfo( 1186): mCompatibilityFlags - 4
11-19 17:14:32.813 D/CompatibilityInfo( 1186): applicationDensity - 320
11-19 17:14:32.813 D/CompatibilityInfo( 1186): applicationScale - 1.0
11-19 17:14:33.321 D/UIAutomatorStub( 5940): URI: /jsonrpc/0, Method: POST, Header: {content-length=192, remote-addr=127.0.0.1, http-client-ip=127.0.0.1, host=localhost:9012, content-type=application/json, accept-encoding=identity}, params, {NanoHttpd.QUERY_STRING=null}, files: {postData={"jsonrpc": "2.0", "method": "waitForExists", "id": "de518b2897d4586ed020590910454e10", "params": [{"mask": 1, "childOrSibling": [], "childOrSiblingSelector": [], "text": "Notifications"}, 5]}}
11-19 17:14:33.340 D/UIAutomatorStub( 5940): URI: /jsonrpc/0, Method: POST, Header: {content-length=191, remote-addr=127.0.0.1, http-client-ip=127.0.0.1, host=localhost:9012, content-type=application/json, accept-encoding=identity}, params, {NanoHttpd.QUERY_STRING=null}, files: {postData={"jsonrpc": "2.0", "method": "waitForExists", "id": "91616ac9716d607350f2cb4b6a979ea7", "params": [{"mask": 1, "childOrSibling": [], "childOrSiblingSelector": [], "text": "Connectivity"}, 5]}}
11-19 17:14:33.391 D/UIAutomatorStub( 5940): URI: /jsonrpc/0, Method: POST, Header: {content-length=180, remote-addr=127.0.0.1, http-client-ip=127.0.0.1, host=localhost:9012, content-type=application/json, accept-encoding=identity}, params, {NanoHttpd.QUERY_STRING=null}, files: {postData={"jsonrpc": "2.0", "method": "click", "id": "ec37b2f59478807fb5869c6ad2ed2936", "params": [{"mask": 1, "childOrSibling": [], "childOrSiblingSelector": [], "text": "Connectivity"}]}}
11-19 17:14:33.458 W/StatusBarClientConnection( 2711): Messenger is null, ignoring message: { when=-1h26m1s184ms barrier=1 }
11-19 17:14:33.480 E/StatusBarClientConnection( 2711): Service connected
11-19 17:14:33.505 W/View    ( 2711): requestLayout() improperly called by android.view.View{fbaae16 V.ED..... ......I. 0,368-474,474} during layout: running second layout pass
11-19 17:14:33.526 W/View    ( 2711): requestLayout() improperly called by com.facebook.wearable.common.wds.listview.WdsListView{35f28bc V.E..V... ........ 0,0-474,474} during second layout pass: posting in next frame
11-19 17:14:33.596 E/QMI_FW  ( 1042): qmi_cci_get_ref: ref count increased 2
11-19 17:14:33.597 E/QMI_FW  ( 1042): qmi_cci_get_ref: ref count increased 2
11-19 17:14:33.604 I/WearableConnectivityManager( 2594): LTE Signal strength is: 2
11-19 17:14:33.604 I/WearableConnectivityManager( 2594): Cellular Signal strength is: 2
11-19 17:14:33.605 D/RadioLinkQualityScoreBuilder( 1984): scoreRsrp: 3scoreRsrq: 3scoreRssnr: 4
11-19 17:14:33.605 D/WirelessInsightServiceImpl( 1984): onSignalStrengthsChanged: SignalStrength = SignalStrength:{mCdma=CellSignalStrengthCdma: cdmaDbm=2147483647 cdmaEcio=2147483647 evdoDbm=2147483647 evdoEcio=2147483647 evdoSnr=2147483647 level=0,mGsm=CellSignalStrengthGsm: rssi=2147483647 ber=2147483647 mTa=2147483647 mLevel=0,mWcdma=CellSignalStrengthWcdma: ss=2147483647 ber=2147483647 rscp=2147483647 ecno=2147483647 level=0,mTdscdma=CellSignalStrengthTdscdma: rssi=2147483647 ber=2147483647 rscp=2147483647 level=0,mLte=CellSignalStrengthLte: rssi=-79 rsrp=-111 rsrq=-13 rssnr=10 cqi=2147483647 ta=2147483647 level=2 parametersUseForLevel=0,mNr=CellSignalStrengthNr:{ csiRsrp = 2147483647 csiRsrq = 2147483647 csiSinr = 2147483647 ssRsrp = 2147483647 ssRsrq = 2147483647 ssSinr = 2147483647 level = 0 parametersUseForLevel = 0 },primary=CellSignalStrengthLte}
11-19 17:14:33.605 D/WirelessInsightServiceImpl( 1984): Score: 3
11-19 17:14:33.605 D/WirelessInsightServiceImpl( 1984): notifyListeners: listeners = 0, score = 3
11-19 17:14:34.963 E/TaskPersister( 1186): File error accessing recents directory (directory doesn't exist?).
11-19 17:14:35.114 D/mcu_health_checker( 1029): Sent MCU Health Request
11-19 17:14:35.114 D/commandrouter( 1006): SocServiceHandle::onServiceMessage, SoC Service = mcu_healthcheck_1029, appType = 1, type = SVC_REQ, clientId = 0, token = 170, payloadLen = 12, result = 0, payload.size() = 12
11-19 17:14:35.118 D/commandrouter( 1006): mcu_healthcheck_1029 (1, merlot:mcu_health:control): <ServiceResponse> FORWARDED (remote -> local) CR token ID = 170, service client ID = 40, token ID = 515, result = 0
11-19 17:14:35.119 D/mcu_health_checker( 1029): MCU Health Response: MCU_OK
11-19 17:14:35.119 D/mcu_health_checker( 1029): MCU Session 0, uptime = 5126606 ms
11-19 17:14:35.119 D/mculinkhealth( 1029): isMcuReachable 1 (5 ms)
11-19 17:14:35.208 W/HWComposer(  598): Ignoring duplicate VSYNC event from HWC for display 0 (t=5162933099018)
11-19 17:14:36.491 D/UIAutomatorStub( 5940): URI: /jsonrpc/0, Method: POST, Header: {content-length=183, remote-addr=127.0.0.1, http-client-ip=127.0.0.1, host=localhost:9012, content-type=application/json, accept-encoding=identity}, params, {NanoHttpd.QUERY_STRING=null}, files: {postData={"jsonrpc": "2.0", "method": "waitForExists", "id": "75e643e4166c6f91c57cd13bb69daba3", "params": [{"mask": 1, "childOrSibling": [], "childOrSiblingSelector": [], "text": "WiFi"}, 5]}}
11-19 17:14:36.514 D/UIAutomatorStub( 5940): URI: /jsonrpc/0, Method: POST, Header: {content-length=172, remote-addr=127.0.0.1, http-client-ip=127.0.0.1, host=localhost:9012, content-type=application/json, accept-encoding=identity}, params, {NanoHttpd.QUERY_STRING=null}, files: {postData={"jsonrpc": "2.0", "method": "click", "id": "d4e8cc8fe870f7eb43984d977578a232", "params": [{"mask": 1, "childOrSibling": [], "childOrSiblingSelector": [], "text": "WiFi"}]}}
11-19 17:14:36.603 W/StatusBarClientConnection( 2711): Messenger is null, ignoring message: { when=-1h26m4s329ms barrier=1 }
11-19 17:14:36.636 D/CompatibilityInfo( 1186): mCompatibilityFlags - 4
11-19 17:14:36.636 D/CompatibilityInfo( 1186): applicationDensity - 320
11-19 17:14:36.636 D/CompatibilityInfo( 1186): applicationScale - 1.0
11-19 17:14:36.640 E/StatusBarClientConnection( 2711): Service connected
11-19 17:14:36.649 D/WifiConnector( 2870): Network State Changed
11-19 17:14:36.653 W/View    ( 2711): requestLayout() improperly called by android.view.View{892a55e V.ED..... ......I. 0,368-474,474} during layout: running second layout pass
11-19 17:14:36.665 D/WifiSharingService( 2870): Starting Wi-Fi scan
11-19 17:14:36.665 I/WifiService( 1186): startScan uid=1000
11-19 17:14:36.667 W/View    ( 2711): requestLayout() improperly called by com.facebook.wearable.common.wds.listview.WdsListView{b5a34bd V.E..V... ........ 0,0-474,474} during second layout pass: posting in next frame
11-19 17:14:36.675 D/WifiNative( 1186): Scan trigered from WifiNative
11-19 17:14:36.677 I/chatty  ( 1026): uid=1021(gps) lowi-server expire 77 lines
11-19 17:14:36.678 V/WifiHAL (  544): event received NL80211_CMD_TRIGGER_SCAN
11-19 17:14:37.197 V/WifiHAL (  544): event received NL80211_CMD_NEW_SCAN_RESULTS
11-19 17:14:37.197 D/WifiNl80211Manager( 1186): Scan result ready event
11-19 17:14:37.197 D/WifiNative( 1186): Scan result ready event
11-19 17:14:37.210 D/WificondScannerImpl( 1186): Filtering out 2 scan results.
11-19 17:14:37.215 D/LOWI-9.0.0.80( 1026): [LOWI-Scan] print_bss_handler: Report Probe TSF 5164922455 as it greater than Beacon TSF 5136333397
11-19 17:14:37.215 I/LOWI-9.0.0.80( 1026): [LOWI-Scan] RSN_IE
11-19 17:14:37.215 D/LOWI-9.0.0.80( 1026): [LOWI-Scan] decode_rsn_wpa_ie: Entered
11-19 17:14:37.215 D/LOWI-9.0.0.80( 1026): [LOWIUtils] hexDump: msg(30 14 01 00 00 0f ac 04 01 00 00 0f ac 04 01 00 00 0f ac 02 )
11-19 17:14:37.215 D/LOWI-9.0.0.80( 1026): [LOWI-Scan] decode_rsn_wpa_ie: LOWI_ENCRYPTION_TYPE_WPA_PSK
11-19 17:14:37.215 D/LOWI-9.0.0.80( 1026): [LOWI-Scan] is_qcom_ie, bss_age: 3
11-19 17:14:37.215 D/LOWI-9.0.0.80( 1026): [LOWI-Scan] BSS 2c:57:41:86:94:a1 LOWI_PHY_MODE_11NG_HT20(5), Beacon Interval: 100, LOWI_ENCRYPTION_TYPE_WPA_PSK 11mcRanging: No, ANQP: No, LCI: No, Civic: No, capability(0x1411): ESS Privacy ShortSlotTime
11-19 17:14:37.215 D/LOWI-9.0.0.80( 1026): [LOWI-Scan] BSS 2c:57:41:86:94:a1 FREQ: 2462, cFreq1[40:80:160] = [0:0:0] cFreq2 = 0 Country Code = US
11-19 17:14:37.215 D/LOWI-9.0.0.80( 1026): [LOWI-Scan] BSS 2c:57:41:86:94:a1 (wlan0) ASSO: NO AddInfo: 0x0, TSF 0, 01:26:04.922, RSSI: -148, CPL: 2, AGE: 0,  SSID kittyhawk, TSFDelta: 0x0, TXRate: 0
11-19 17:14:37.216 D/LOWI-9.0.0.80( 1026): [LOWI-Scan] 
11-19 17:14:37.216 D/LOWI-9.0.0.80( 1026): [LOWI-Scan] print_bss_handler: Report Probe TSF 5164922474 as it greater than Beacon TSF 4582734067
11-19 17:14:37.216 I/LOWI-9.0.0.80( 1026): [LOWI-Scan] RSN_IE
11-19 17:14:37.216 D/LOWI-9.0.0.80( 1026): [LOWI-Scan] decode_rsn_wpa_ie: Entered
11-19 17:14:37.216 D/LOWI-9.0.0.80( 1026): [LOWIUtils] hexDump: msg(30 14 01 00 00 0f ac 04 01 00 00 0f ac 04 01 00 00 0f ac 02 )
11-19 17:14:37.216 D/LOWI-9.0.0.80( 1026): [LOWI-Scan] decode_rsn_wpa_ie: LOWI_ENCRYPTION_TYPE_WPA_PSK
11-19 17:14:37.216 D/LOWI-9.0.0.80( 1026): [LOWI-Scan] is_qcom_ie, bss_age: 6
11-19 17:14:37.216 D/LOWI-9.0.0.80( 1026): [LOWI-Scan] BSS 2c:57:41:86:90:a1 LOWI_PHY_MODE_11NG_HT20(5), Beacon Interval: 100, LOWI_ENCRYPTION_TYPE_WPA_PSK 11mcRanging: No, ANQP: No, LCI: No, Civic: No, capability(0x1411): ESS Privacy ShortSlotTime
11-19 17:14:37.216 D/LOWI-9.0.0.80( 1026): [LOWI-Scan] BSS 2c:57:41:86:90:a1 FREQ: 2462, cFreq1[40:80:160] = [0:0:0] cFreq2 = 0 Country Code = US
11-19 17:14:37.216 D/LOWI-9.0.0.80( 1026): [LOWI-Scan] BSS 2c:57:41:86:90:a1 (wlan0) ASSO: NO AddInfo: 0x0, TSF 0, 01:26:04.922, RSSI: -142, CPL: 2, AGE: 0,  SSID kittyhawk, TSFDelta: 0x0, TXRate: 0
11-19 17:14:37.217 D/LOWI-9.0.0.80( 1026): [LOWI-Scan] 
11-19 17:14:37.217 D/LOWI-9.0.0.80( 1026): [LOWI-Scan] print_bss_handler: Report Probe TSF 5136333254 as it greater than Beacon TSF 4987717870
11-19 17:14:37.217 I/LOWI-9.0.0.80( 1026): [LOWI-Scan] RSN_IE
11-19 17:14:37.217 D/LOWI-9.0.0.80( 1026): [LOWI-Scan] decode_rsn_wpa_ie: Entered
11-19 17:14:37.217 D/LOWI-9.0.0.80( 1026): [LOWIUtils] hexDump: msg(30 14 01 00 00 0f ac 04 01 00 00 0f ac 04 01 00 00 0f ac 02 )
11-19 17:14:37.217 D/LOWI-9.0.0.80( 1026): [LOWI-Scan] decode_rsn_wpa_ie: LOWI_ENCRYPTION_TYPE_WPA_PSK
11-19 17:14:37.217 D/LOWI-9.0.0.80( 1026): [LOWI-Scan] is_qcom_ie, bss_age: 14
11-19 17:14:37.217 D/LOWI-9.0.0.80( 1026): [LOWI-Scan] adjust_age:AP AGE upper limit reached. Dont store
11-19 17:14:37.217 D/LOWI-9.0.0.80( 1026): [LOWI-Scan] BSS fe:2d:5a:49:61:eb LOWI_PHY_MODE_11AC_VHT20_2G(11), Beacon Interval: 100, LOWI_ENCRYPTION_TYPE_WPA_PSK 11mcRanging: No, ANQP: Yes, LCI: No, Civic: No, capability(0x1431): ESS Privacy ShortPreamble ShortSlotTime
11-19 17:14:37.217 D/LOWI-9.0.0.80( 1026): [LOWI-Scan] BSS fe:2d:5a:49:61:eb FREQ: 2452, cFreq1[40:80:160] = [0:0:0] cFreq2 = 0 Country Code =    
11-19 17:14:37.217 D/LOWI-9.0.0.80( 1026): [LOWI-Scan] BSS fe:2d:5a:49:61:eb (wlan0) ASSO: NO AddInfo: 0x0, TSF 0, 01:25:36.333, RSSI: -94, CPL: 127, AGE: 28590,  SSID Pixel_R2, TSFDelta: 0x0, TXRate: 0
11-19 17:14:37.218 D/LOWI-9.0.0.80( 1026): [LOWI-Scan] 
11-19 17:14:37.218 D/LOWI-9.0.0.80( 1026): [LOWI-Scan] print_bss_handler: Report Probe TSF 5164922494 as it greater than Beacon TSF 4987718049
11-19 17:14:37.218 I/LOWI-9.0.0.80( 1026): [LOWI-Scan] RSN_IE
11-19 17:14:37.218 D/LOWI-9.0.0.80( 1026): [LOWI-Scan] decode_rsn_wpa_ie: Entered
11-19 17:14:37.218 D/LOWI-9.0.0.80( 1026): [LOWIUtils] hexDump: msg(30 14 01 00 00 0f ac 04 01 00 00 0f ac 04 01 00 00 0f ac 02 )
11-19 17:14:37.218 D/LOWI-9.0.0.80( 1026): [LOWI-Scan] decode_rsn_wpa_ie: LOWI_ENCRYPTION_TYPE_WPA_PSK
11-19 17:14:37.218 D/LOWI-9.0.0.80( 1026): [LOWI-Scan] is_qcom_ie, bss_age: 46
11-19 17:14:37.218 D/LOWI-9.0.0.80( 1026): [LOWI-Scan] BSS 2c:57:41:86:8a:a1 LOWI_PHY_MODE_11NG_HT20(5), Beacon Interval: 100, LOWI_ENCRYPTION_TYPE_WPA_PSK 11mcRanging: No, ANQP: No, LCI: No, Civic: No, capability(0x1411): ESS Privacy ShortSlotTime
11-19 17:14:37.218 D/LOWI-9.0.0.80( 1026): [LOWI-Scan] BSS 2c:57:41:86:8a:a1 FREQ: 2412, cFreq1[40:80:160] = [0:0:0] cFreq2 = 0 Country Code = US
11-19 17:14:37.218 D/LOWI-9.0.0.80( 1026): [LOWI-Scan] BSS 2c:57:41:86:8a:a1 (wlan0) ASSO: NO AddInfo: 0x0, TSF 0, 01:26:04.922, RSSI: -146, CPL: 3, AGE: 0,  SSID kittyhawk, TSFDelta: 0x0, TXRate: 0
11-19 17:14:37.219 D/LOWI-9.0.0.80( 1026): [LOWI-Scan] 
11-19 17:14:37.219 D/LOWI-9.0.0.80( 1026): [LOWI-Scan] print_bss_handler: Report Probe TSF 5164922392 as it greater than Beacon TSF 4623323986
11-19 17:14:37.219 I/LOWI-9.0.0.80( 1026): [LOWI-Scan] RSN_IE
11-19 17:14:37.219 D/LOWI-9.0.0.80( 1026): [LOWI-Scan] decode_rsn_wpa_ie: Entered
11-19 17:14:37.219 D/LOWI-9.0.0.80( 1026): [LOWIUtils] hexDump: msg(30 14 01 00 00 0f ac 04 01 00 00 0f ac 04 01 00 00 0f ac 02 )
11-19 17:14:37.219 D/LOWI-9.0.0.80( 1026): [LOWI-Scan] decode_rsn_wpa_ie: LOWI_ENCRYPTION_TYPE_WPA_PSK
11-19 17:14:37.219 D/LOWI-9.0.0.80( 1026): [LOWI-Scan] is_qcom_ie, bss_age: 45
11-19 17:14:37.219 D/LOWI-9.0.0.80( 1026): [LOWI-Scan] BSS 18:64:72:60:2b:40 LOWI_PHY_MODE_11NG_HT20(5), Beacon Interval: 100, LOWI_ENCRYPTION_TYPE_WPA_PSK 11mcRanging: No, ANQP: No, LCI: No, Civic: No, capability(0x0431): ESS Privacy ShortPreamble ShortSlotTime
11-19 17:14:37.219 D/LOWI-9.0.0.80( 1026): [LOWI-Scan] BSS 18:64:72:60:2b:40 FREQ: 2412, cFreq1[40:80:160] = [0:0:0] cFreq2 = 0 Country Code =    
11-19 17:14:37.219 D/LOWI-9.0.0.80( 1026): [LOWI-Scan] BSS 18:64:72:60:2b:40 (wlan0) ASSO: NO AddInfo: 0x0, TSF 0, 01:26:04.922, RSSI: -140, CPL: 127, AGE: 0,  SSID lab-t24103779, TSFDelta: 0x0, TXRate: 0
11-19 17:14:37.220 D/LOWI-9.0.0.80( 1026): [LOWI-Scan] 
11-19 17:14:37.220 D/LOWI-9.0.0.80( 1026): [LOWI-Scan] print_bss_handler: Report Probe TSF 5164922432 as it greater than Beacon TSF 5114005930
11-19 17:14:37.220 I/LOWI-9.0.0.80( 1026): [LOWI-Scan] RSN_IE
11-19 17:14:37.220 D/LOWI-9.0.0.80( 1026): [LOWI-Scan] decode_rsn_wpa_ie: Entered
11-19 17:14:37.220 D/LOWI-9.0.0.80( 1026): [LOWIUtils] hexDump: msg(30 14 01 00 00 0f ac 04 01 00 00 0f ac 04 01 00 00 0f ac 02 )
11-19 17:14:37.220 D/LOWI-9.0.0.80( 1026): [LOWI-Scan] decode_rsn_wpa_ie: LOWI_ENCRYPTION_TYPE_WPA_PSK
11-19 17:14:37.220 D/LOWI-9.0.0.80( 1026): [LOWI-Scan] is_qcom_ie, bss_age: 44
11-19 17:14:37.220 D/LOWI-9.0.0.80( 1026): [LOWI-Scan] BSS be:9e:0e:1c:6e:7f LOWI_PHY_MODE_11AC_VHT20_2G(11), Beacon Interval: 100, LOWI_ENCRYPTION_TYPE_WPA_PSK 11mcRanging: No, ANQP: No, LCI: No, Civic: No, capability(0x1431): ESS Privacy ShortPreamble ShortSlotTime
11-19 17:14:37.220 D/LOWI-9.0.0.80( 1026): [LOWI-Scan] BSS be:9e:0e:1c:6e:7f FREQ: 2412, cFreq1[40:80:160] = [0:0:0] cFreq2 = 0 Country Code =    
11-19 17:14:37.220 D/LOWI-9.0.0.80( 1026): [LOWI-Scan] BSS be:9e:0e:1c:6e:7f (wlan0) ASSO: NO AddInfo: 0x0, TSF 0, 01:26:04.922, RSSI: -132, CPL: 127, AGE: 0,  SSID Pixel_3541, TSFDelta: 0x0, TXRate: 0
11-19 17:14:37.221 D/LOWI-9.0.0.80( 1026): [LOWI-Scan] 
11-19 17:14:37.221 D/LOWI-9.0.0.80( 1026): [LOWI-Scan] print_bss_handler: Report Probe TSF 5164922330 as it greater than Beacon TSF 5015981223
11-19 17:14:37.221 I/LOWI-9.0.0.80( 1026): [LOWI-Scan] RSN_IE
11-19 17:14:37.221 D/LOWI-9.0.0.80( 1026): [LOWI-Scan] decode_rsn_wpa_ie: Entered
11-19 17:14:37.221 D/LOWI-9.0.0.80( 1026): [LOWIUtils] hexDump: msg(30 14 01 00 00 0f ac 04 01 00 00 0f ac 04 01 00 00 0f ac 02 )
11-19 17:14:37.221 D/LOWI-9.0.0.80( 1026): [LOWI-Scan] decode_rsn_wpa_ie: LOWI_ENCRYPTION_TYPE_WPA_PSK
11-19 17:14:37.221 D/LOWI-9.0.0.80( 1026): [LOWI-Scan] is_qcom_ie, bss_age: 38
11-19 17:14:37.221 D/LOWI-9.0.0.80( 1026): [LOWI-Scan] BSS 52:b8:14:37:74:3f LOWI_PHY_MODE_11AC_VHT20_2G(11), Beacon Interval: 100, LOWI_ENCRYPTION_TYPE_WPA_PSK 11mcRanging: No, ANQP: No, LCI: No, Civic: No, capability(0x1431): ESS Privacy ShortPreamble ShortSlotTime
11-19 17:14:37.221 D/LOWI-9.0.0.80( 1026): [LOWI-Scan] BSS 52:b8:14:37:74:3f FREQ: 2417, cFreq1[40:80:160] = [0:0:0] cFreq2 = 0 Country Code =    
11-19 17:14:37.221 D/LOWI-9.0.0.80( 1026): [LOWI-Scan] BSS 52:b8:14:37:74:3f (wlan0) ASSO: NO AddInfo: 0x0, TSF 0, 01:26:04.922, RSSI: -108, CPL: 127, AGE: 0,  SSID Pixel_8668, TSFDelta: 0x0, TXRate: 0
11-19 17:14:37.222 D/LOWI-9.0.0.80( 1026): [LOWI-Scan] 
11-19 17:14:37.222 D/LOWI-9.0.0.80( 1026): [LOWI-Scan] print_bss_handler: Report beacon TSF 5136333452 as it greater than probe TSF 5114006050
11-19 17:14:37.222 I/LOWI-9.0.0.80( 1026): [LOWI-Scan] RSN_IE
11-19 17:14:37.222 D/LOWI-9.0.0.80( 1026): [LOWI-Scan] decode_rsn_wpa_ie: Entered
11-19 17:14:37.222 D/LOWI-9.0.0.80( 1026): [LOWIUtils] hexDump: msg(30 14 01 00 00 0f ac 04 01 00 00 0f ac 04 01 00 00 0f ac 02 )
11-19 17:14:37.222 D/LOWI-9.0.0.80( 1026): [LOWI-Scan] decode_rsn_wpa_ie: LOWI_ENCRYPTION_TYPE_WPA_PSK
11-19 17:14:37.222 D/LOWI-9.0.0.80( 1026): [LOWI-Scan] is_qcom_ie, bss_age: 48
11-19 17:14:37.222 D/LOWI-9.0.0.80( 1026): [LOWI-Scan] adjust_age:AP AGE upper limit reached. Dont store
11-19 17:14:37.222 D/LOWI-9.0.0.80( 1026): [LOWI-Scan] BSS 2c:57:41:89:53:21 LOWI_PHY_MODE_11NG_HT20(5), Beacon Interval: 100, LOWI_ENCRYPTION_TYPE_WPA_PSK 11mcRanging: No, ANQP: No, LCI: No, Civic: No, capability(0x1411): ESS Privacy ShortSlotTime
11-19 17:14:37.222 D/LOWI-9.0.0.80( 1026): [LOWI-Scan] BSS 2c:57:41:89:53:21 FREQ: 2412, cFreq1[40:80:160] = [0:0:0] cFreq2 = 0 Country Code = US
11-19 17:14:37.222 D/LOWI-9.0.0.80( 1026): [LOWI-Scan] BSS 2c:57:41:89:53:21 (wlan0) ASSO: NO AddInfo: 0x1, TSF 0, 01:25:36.333, RSSI: -154, CPL: 3, AGE: 28590,  SSID kittyhawk, TSFDelta: 0x0, TXRate: 0
11-19 17:14:37.222 D/PasspointManager( 1186): ANQP entry not found for: ce:dc:12:3b:87:fd:<Pixel5_R1>
11-19 17:14:37.223 D/LOWI-9.0.0.80( 1026): [LOWI-Scan] 
11-19 17:14:37.223 D/LOWI-9.0.0.80( 1026): [LOWI-Scan] print_bss_handler: Report Probe TSF 5164922514 as it greater than Beacon TSF 0
11-19 17:14:37.223 I/LOWI-9.0.0.80( 1026): [LOWI-Scan] RSN_IE
11-19 17:14:37.223 D/PasspointManager( 1186): ANQP entry not found for: 12:d7:96:61:85:9f:<Pixel_R5>
11-19 17:14:37.223 D/LOWI-9.0.0.80( 1026): [LOWI-Scan] decode_rsn_wpa_ie: Entered
11-19 17:14:37.223 D/LOWI-9.0.0.80( 1026): [LOWIUtils] hexDump: msg(30 14 01 00 00 0f ac 04 01 00 00 0f ac 04 01 00 00 0f ac 02 )
11-19 17:14:37.223 D/LOWI-9.0.0.80( 1026): [LOWI-Scan] decode_rsn_wpa_ie: LOWI_ENCRYPTION_TYPE_WPA_PSK
11-19 17:14:37.223 D/LOWI-9.0.0.80( 1026): [LOWI-Scan] is_qcom_ie, bss_age: 45
11-19 17:14:37.223 D/LOWI-9.0.0.80( 1026): [LOWI-Scan] BSS 2c:57:41:86:7a:61 LOWI_PHY_MODE_11NG_HT20(5), Beacon Interval: 100, LOWI_ENCRYPTION_TYPE_WPA_PSK 11mcRanging: No, ANQP: No, LCI: No, Civic: No, capability(0x1411): ESS Privacy ShortSlotTime
11-19 17:14:37.223 D/LOWI-9.0.0.80( 1026): [LOWI-Scan] BSS 2c:57:41:86:7a:61 FREQ: 2412, cFreq1[40:80:160] = [0:0:0] cFreq2 = 0 Country Code = US
11-19 17:14:37.223 D/LOWI-9.0.0.80( 1026): [LOWI-Scan] BSS 2c:57:41:86:7a:61 (wlan0) ASSO: NO AddInfo: 0x0, TSF 0, 01:26:04.922, RSSI: -150, CPL: 3, AGE: 0,  SSID kittyhawk, TSFDelta: 0x0, TXRate: 0
11-19 17:14:37.223 D/PasspointManager( 1186): ANQP entry not found for: 5e:6e:be:46:77:d7:<Pixel_R3>
11-19 17:14:37.223 D/PasspointManager( 1186): ANQP entry not found for: c6:82:9b:4e:b3:9e:<Pixel_R6>
11-19 17:14:37.224 D/LOWI-9.0.0.80( 1026): [LOWI-Scan] 
11-19 17:14:37.224 D/LOWI-9.0.0.80( 1026): [LOWI-Scan] print_bss_handler: Report Probe TSF 5164922537 as it greater than Beacon TSF 0
11-19 17:14:37.224 I/LOWI-9.0.0.80( 1026): [LOWI-Scan] RSN_IE
11-19 17:14:37.224 D/LOWI-9.0.0.80( 1026): [LOWI-Scan] decode_rsn_wpa_ie: Entered
11-19 17:14:37.224 D/LOWI-9.0.0.80( 1026): [LOWIUtils] hexDump: msg(30 14 01 00 00 0f ac 04 01 00 00 0f ac 04 01 00 00 0f ac 02 )
11-19 17:14:37.224 D/LOWI-9.0.0.80( 1026): [LOWI-Scan] decode_rsn_wpa_ie: LOWI_ENCRYPTION_TYPE_WPA_PSK
11-19 17:14:37.224 D/LOWI-9.0.0.80( 1026): [LOWI-Scan] is_qcom_ie, bss_age: 6
11-19 17:14:37.224 D/LOWI-9.0.0.80( 1026): [LOWI-Scan] BSS 2c:57:41:86:85:21 LOWI_PHY_MODE_11NG_HT20(5), Beacon Interval: 100, LOWI_ENCRYPTION_TYPE_WPA_PSK 11mcRanging: No, ANQP: No, LCI: No, Civic: No, capability(0x1411): ESS Privacy ShortSlotTime
11-19 17:14:37.224 D/LOWI-9.0.0.80( 1026): [LOWI-Scan] BSS 2c:57:41:86:85:21 FREQ: 2462, cFreq1[40:80:160] = [0:0:0] cFreq2 = 0 Country Code = US
11-19 17:14:37.224 D/LOWI-9.0.0.80( 1026): [LOWI-Scan] BSS 2c:57:41:86:85:21 (wlan0) ASSO: NO AddInfo: 0x0, TSF 0, 01:26:04.922, RSSI: -152, CPL: 2, AGE: 0,  SSID kittyhawk, TSFDelta: 0x0, TXRate: 0
11-19 17:14:37.224 D/LOWI-9.0.0.80( 1026): [LOWIDiagLog] Log: lowiMeasResult->request: invalid null argument
11-19 17:14:37.224 I/LOWI-9.0.0.80( 1026): [LOWI-Scan] lowi_close_record:Scan done in 5120995ms, 17 APs in scan results
11-19 17:14:37.224 D/LOWI-9.0.0.80( 1026): [LOWI-Scan] WipsScanUsingNL: passive scan cached 0, took 9143 ms, err 0
11-19 17:14:37.224 D/LOWI-9.0.0.80( 1026): [LOWI-Scan] lowi_proc_req_passive_scan_with_live_meas - No WLAN Frames to be parsed
11-19 17:14:37.224 D/LOWI-9.0.0.80( 1026): [LOWIScanResultReceiver] Send scan meas to listener
11-19 17:14:37.224 D/LOWI-9.0.0.80( 1026): [LOWIScanResultReceiver] Enter passive listening mode
11-19 17:14:37.225 D/LOWI-9.0.0.80( 1026): [LOWIWifiDriverInterface] getMeasurements - Passive listening mode
11-19 17:14:37.225 D/LOWI-9.0.0.80( 1026): [LOWI-Scan] WipsScanUsingNL:wait -1 sec for netlink message
11-19 17:14:37.225 D/LOWI-9.0.0.80( 1026): [LOWIEventReceiver] handleEvent:FROM:NA, TO:NA, REQ:NA, IREQ:NA, REQ_ID:0, RESP:NA, INFO:NA
11-19 17:14:37.225 D/LOWI-9.0.0.80( 1026): [LOWIBackgroundScanMgr] isRspForBgScanMgr: evt(LOWI_NO_EVT) - not handled
11-19 17:14:37.225 D/LOWI-9.0.0.80( 1026): [LOWIScheduler] manageMsg: NULL results or NULL request in results
11-19 17:14:37.225 D/LOWI-9.0.0.80( 1026): [LOWIController] Measurements received
11-19 17:14:37.225 D/LOWI-9.0.0.80( 1026): [LOWICacheManager] putInCache:Num of Meas to add: 17
11-19 17:14:37.226 D/LOWI-9.0.0.80( 1026): [LOWIController] processMeasurementResults: No current Request. Cache measurements
11-19 17:14:37.226 D/LOWI-9.0.0.80( 1026): [LOWIControllerExtn] sendLOWILpDiscoveryScanResponse: Not a discovery scan response
11-19 17:14:37.277 D/WifiSharingService( 2870): Sending scanResults intent with status code 0: PendingIntent{70c847b: android.os.BinderProxy@abb74bf}
11-19 17:14:37.282 D/CompatibilityInfo( 1186): mCompatibilityFlags - 4
11-19 17:14:37.282 D/CompatibilityInfo( 1186): applicationDensity - 320
11-19 17:14:37.282 D/CompatibilityInfo( 1186): applicationScale - 1.0
11-19 17:14:37.436 E/QMI_FW  ( 1042): qmi_cci_get_ref: ref count increased 2
11-19 17:14:37.439 E/QMI_FW  ( 1042): qmi_cci_get_ref: ref count increased 2
11-19 17:14:37.451 I/WearableConnectivityManager( 2594): LTE Signal strength is: 2
11-19 17:14:37.451 I/WearableConnectivityManager( 2594): Cellular Signal strength is: 2
11-19 17:14:37.452 D/RadioLinkQualityScoreBuilder( 1984): scoreRsrp: 3scoreRsrq: 2scoreRssnr: 3
11-19 17:14:37.452 D/WirelessInsightServiceImpl( 1984): onSignalStrengthsChanged: SignalStrength = SignalStrength:{mCdma=CellSignalStrengthCdma: cdmaDbm=2147483647 cdmaEcio=2147483647 evdoDbm=2147483647 evdoEcio=2147483647 evdoSnr=2147483647 level=0,mGsm=CellSignalStrengthGsm: rssi=2147483647 ber=2147483647 mTa=2147483647 mLevel=0,mWcdma=CellSignalStrengthWcdma: ss=2147483647 ber=2147483647 rscp=2147483647 ecno=2147483647 level=0,mTdscdma=CellSignalStrengthTdscdma: rssi=2147483647 ber=2147483647 rscp=2147483647 level=0,mLte=CellSignalStrengthLte: rssi=-77 rsrp=-111 rsrq=-15 rssnr=7 cqi=2147483647 ta=2147483647 level=2 parametersUseForLevel=0,mNr=CellSignalStrengthNr:{ csiRsrp = 2147483647 csiRsrq = 2147483647 csiSinr = 2147483647 ssRsrp = 2147483647 ssRsrq = 2147483647 ssSinr = 2147483647 level = 0 parametersUseForLevel = 0 },primary=CellSignalStrengthLte}
11-19 17:14:37.452 D/WirelessInsightServiceImpl( 1984): Score: 2
11-19 17:14:37.452 D/WirelessInsightServiceImpl( 1984): notifyListeners: listeners = 0, score = 2
11-19 17:14:38.260 W/HWComposer(  598): Ignoring duplicate VSYNC event from HWC for display 0 (t=5165986440059)
11-19 17:14:39.659 D/UIAutomatorStub( 5940): URI: /jsonrpc/0, Method: POST, Header: {content-length=229, remote-addr=127.0.0.1, http-client-ip=127.0.0.1, host=localhost:9012, content-type=application/json, accept-encoding=identity}, params, {NanoHttpd.QUERY_STRING=null}, files: {postData={"jsonrpc": "2.0", "method": "objInfo", "id": "760d6dc10f83e22cc1fa9e373a3ce10f", "params": [{"mask": 2097152, "childOrSibling": [], "childOrSiblingSelector": [], "resourceId": "com.facebook.wearable.system.settings:id/toggle"}]}}
11-19 17:14:39.748 D/UIAutomatorStub( 5940): URI: /jsonrpc/0, Method: POST, Header: {content-length=227, remote-addr=127.0.0.1, http-client-ip=127.0.0.1, host=localhost:9012, content-type=application/json, accept-encoding=identity}, params, {NanoHttpd.QUERY_STRING=null}, files: {postData={"jsonrpc": "2.0", "method": "click", "id": "dc2fa69519f777df1eb8286e77561e78", "params": [{"mask": 2097152, "childOrSibling": [], "childOrSiblingSelector": [], "resourceId": "com.facebook.wearable.system.settings:id/toggle"}]}}
11-19 17:14:39.789 D/WifiSharingService( 2870): Setting Wi-Fi enabled state
11-19 17:14:39.790 I/WifiService( 1186): setWifiEnabled package=com.facebook.wearable.system.connectivity uid=1000 enable=false
11-19 17:14:39.791 D/WifiActiveModeWarden( 1186): Switching all client mode managers
11-19 17:14:39.792 D/QCNEJ/WlanStaInfoRelay( 1907): onChange for uri = content://settings/global/wifi_on
11-19 17:14:39.793 D/WifiP2pService( 1186): Wifi enabled=false, P2P Interface availability=true
11-19 17:14:39.795 D/BluetoothAdapterService( 1710): android.net.wifi.WIFI_STATE_CHANGED
11-19 17:14:39.795 D/WifiP2pNative( 1186): Teardown P2P interface
11-19 17:14:39.795 E/QMI_FW  (  915): qmi_cci_get_ref: ref count increased 2
11-19 17:14:39.795 D/WifiP2pService( 1186): Wifi enabled=false, P2P Interface availability=true
11-19 17:14:39.799 W/ContextImpl( 1186): Calling a method in the system process without a qualified user: android.app.ContextImpl.sendBroadcastMultiplePermissions:1143 android.content.Context.sendBroadcastWithMultiplePermissions:2150 com.android.server.display.WifiDisplayAdapter.handleSendStatusChangeBroadcast:440 com.android.server.display.WifiDisplayAdapter.access$1700:63 com.android.server.display.WifiDisplayAdapter$WifiDisplayHandler.handleMessage:675 
11-19 17:14:39.811 D/WifiClientModeManager0( 1186): IMS not registered over IWLAN for subId: 1
11-19 17:14:39.811 D/WifiClientModeManager0( 1186): The target role 5
11-19 17:14:39.815 I/android_os_HwBinder( 1186): HwBinder: Starting thread pool for getting: android.hardware.wifi.supplicant@1.0::ISupplicant/default
11-19 17:14:39.817 I/wpa_supplicant( 8973): wlan0: Do not deauthenticate as part of interface deinit since WoWLAN is enabled
11-19 17:14:39.829 W/HWComposer(  598): Ignoring duplicate VSYNC event from HWC for display 0 (t=5167555095943)
11-19 17:14:39.864 I/wpa_supplicant( 8973): Try to unregister vendor STA network
11-19 17:14:39.865 E/wpa_supplicant( 8973): eap_proxy: pthread_join on eap_proxy=0x739eac
11-19 17:14:39.865 E/wpa_supplicant( 8973): eap_proxy: session not started for client = 1
11-19 17:14:39.865 E/QMI_FW  ( 8973): qmi_cci_get_ref: ref count increased 2
11-19 17:14:39.865 E/QMI_FW  ( 8973): qmi_cci_get_ref: ref count increased 2
11-19 17:14:39.866 E/wpa_supplicant( 8973): eap_proxy: Released QMI UIM service client
11-19 17:14:39.866 E/QMI_FW  ( 8973): qmi_cci_get_ref: ref count increased 2
11-19 17:14:39.866 E/QMI_FW  ( 8973): qmi_cci_get_ref: ref count increased 2
11-19 17:14:39.868 E/wpa_supplicant( 8973): eap_proxy: Released QMI EAP service client
11-19 17:14:39.868 E/wpa_supplicant( 8973): eap_proxy: session not started for client = 2
11-19 17:14:39.868 E/QMI_FW  ( 8973): qmi_cci_get_ref: ref count increased 2
11-19 17:14:39.868 E/QMI_FW  ( 8973): qmi_cci_get_ref: ref count increased 2
11-19 17:14:39.869 E/wpa_supplicant( 8973): eap_proxy: Released QMI UIM service client
11-19 17:14:39.869 E/QMI_FW  ( 8973): qmi_cci_get_ref: ref count increased 2
11-19 17:14:39.869 E/QMI_FW  ( 8973): qmi_cci_get_ref: ref count increased 2
11-19 17:14:39.869 E/wpa_supplicant( 8973): eap_proxy: Released QMI EAP service client
11-19 17:14:39.869 I/wpa_supplicant( 8973): eap_proxy: eap_proxy Deinitialzed
11-19 17:14:39.905 I/wpa_supplicant( 8973): nl80211: deinit ifname=wlan0 disabled_11b_rates=0
11-19 17:14:39.935 I/wpa_supplicant( 8973): Try to unregister vendor interface
11-19 17:14:39.937 D/LOWI-9.0.0.80( 1026): [LOWINetlinkSocketReceiver] unpackRTMLinkMessage: RTM_NEWLINK - ifname wlan0, flags 0x11043 ([UP][RUNNING])
11-19 17:14:39.937 D/LOWI-9.0.0.80( 1026): [LOWINetlinkSocketReceiver] processNetlinkPacket: ifname(wlan0) status(2)
11-19 17:14:39.937 D/LOWI-9.0.0.80( 1026): [LOWIController] intfStateReceived: ifname(wlan0) state(2)
11-19 17:14:39.937 D/LOWI-9.0.0.80( 1026): [LOWIEventReceiver] handleEvent:FROM:NA, TO:NA, REQ:NA, IREQ:NA, REQ_ID:0, RESP:NA, INFO:INTF-STATUS-UPDATE
11-19 17:14:39.937 D/LOWI-9.0.0.80( 1026): [LOWIEventReceiver] Info to [INTF-STATUS-UPDATE]
11-19 17:14:39.937 D/LOWI-9.0.0.80( 1026): [LOWIController] updateIntfState: WIFI enabled 2 mNlWifiStatus 2 mWifiStateEnabled 1
11-19 17:14:39.937 D/LOWI-9.0.0.80( 1026): [LOWIController] isWifiEnabled: mNlWifiStatus 2 mWifiStateEnabled 1
11-19 17:14:39.938 I/SupplicantStaIfaceHal( 1186): Terminating supplicant using HIDL
11-19 17:14:39.941 I/wpa_supplicant( 8973): p2p0: Do not deauthenticate as part of interface deinit since WoWLAN is enabled
11-19 17:14:39.974 E/wpa_supplicant( 8973): eap_proxy: pthread_join on eap_proxy=0x739fa8
11-19 17:14:39.974 E/wpa_supplicant( 8973): eap_proxy: session not started for client = 1
11-19 17:14:39.974 E/QMI_FW  ( 8973): qmi_cci_get_ref: ref count increased 2
11-19 17:14:39.975 E/QMI_FW  ( 8973): qmi_cci_get_ref: ref count increased 2
11-19 17:14:39.975 E/wpa_supplicant( 8973): eap_proxy: Released QMI UIM service client
11-19 17:14:39.975 E/QMI_FW  ( 8973): qmi_cci_get_ref: ref count increased 2
11-19 17:14:39.975 E/QMI_FW  ( 8973): qmi_cci_get_ref: ref count increased 2
11-19 17:14:39.975 E/wpa_supplicant( 8973): eap_proxy: Released QMI EAP service client
11-19 17:14:39.975 E/wpa_supplicant( 8973): eap_proxy: session not started for client = 2
11-19 17:14:39.976 E/QMI_FW  ( 8973): qmi_cci_get_ref: ref count increased 2
11-19 17:14:39.976 E/QMI_FW  ( 8973): qmi_cci_get_ref: ref count increased 2
11-19 17:14:39.976 E/wpa_supplicant( 8973): eap_proxy: Released QMI UIM service client
11-19 17:14:39.976 E/QMI_FW  ( 8973): qmi_cci_get_ref: ref count increased 2
11-19 17:14:39.976 E/QMI_FW  ( 8973): qmi_cci_get_ref: ref count increased 2
11-19 17:14:39.977 E/wpa_supplicant( 8973): eap_proxy: Released QMI EAP service client
11-19 17:14:39.977 I/wpa_supplicant( 8973): eap_proxy: eap_proxy Deinitialzed
11-19 17:14:40.026 I/wpa_supplicant( 8973): nl80211: deinit ifname=p2p0 disabled_11b_rates=0
11-19 17:14:40.085 D/LOWI-9.0.0.80( 1026): [LOWINetlinkSocketReceiver] unpackRTMLinkMessage: RTM_NEWLINK - ifname p2p0, flags 0x1003 ([UP])
