11-20 20:02:06.320 D/ConnectivityService( 1194): registerNetworkAgent NetworkAgentInfo{ ni{[type: WIFI[], state: UNKNOWN/IDLE, reason: (unspecified), extra: , failover: false, available: true, roaming: false]}  network{190}  nethandle{819449483277}  lp{{InterfaceName: wlan0 LinkAddresses: [ ] DnsAddresses: [ ] Domains: null MTU: 0 Routes: [ ]}}  nc{[ Transports: WIFI Capabilities: NOT_METERED&INTERNET&NOT_RESTRICTED&TRUSTED&NOT_VPN&NOT_ROAMING&FOREGROUND&NOT_CONGESTED&NOT_SUSPENDED LinkUpBandwidth>=72000Kbps LinkDnBandwidth>=72000Kbps OwnerUid: 1000 SSID: "MTBF_Lab" RequestorUid: -1 RequestorPackageName: null]}  Score{20}  everValidated{false}  lastValidated{false}  created{false} lingering{false} explicitlySelected{false} acceptUnvalidated{false} everCaptivePortalDetected{false} lastCaptivePortalDetected{false} partialConnectivity{false} acceptPartialConnectivity{false} clat{mBaseIface: null, mIface: null, mState: IDLE} }
11-20 20:02:06.349 D/ConnectivityService( 1194): [190 WIFI] EVENT_NETWORK_INFO_CHANGED, going from UNKNOWN to UNKNOWN
11-20 20:02:06.488 D/ConnectivityService( 1194): NetReassign [no changes]
11-20 20:02:06.522 I/Nat464Xlat( 1194): Android Xlat is disabled
11-20 20:02:06.522 I/Nat464Xlat( 1194): Android Xlat is disabled
11-20 20:02:06.642 E/ConnectivityService( 1194): Exception in networkAddRouteParcel for non-gateway: android.os.ServiceSpecificException: Machine is not on the network (code 64)
11-20 20:02:06.645 E/ConnectivityService( 1194): Exception in networkAddRouteParcel for gateway: android.os.ServiceSpecificException: Machine is not on the network (code 64)
11-20 20:02:06.645 I/Nat464Xlat( 1194): Android Xlat is disabled
11-20 20:02:06.645 I/Nat464Xlat( 1194): Android Xlat is disabled
11-20 20:02:06.704 D/ConnectivityService( 1194): Setting DNS servers for network 190 to [/192.168.1.1]
11-20 20:02:06.706 I/Nat464Xlat( 1194): Android Xlat is disabled
11-20 20:02:06.706 I/Nat464Xlat( 1194): Android Xlat is disabled
11-20 20:02:06.782 D/ConnectivityService( 1194): [190 WIFI] EVENT_NETWORK_INFO_CHANGED, going from UNKNOWN to CONNECTED
11-20 20:02:06.786 D/DnsManager( 1194): sendDnsConfigurationForNetwork(190, [192.168.1.1], [], 1800, 25, 8, 64, 0, 0, , [])
11-20 20:02:06.788 W/DnsManager( 1194): updatePrivateDns(190, PrivateDnsConfig{true:/[]})
11-20 20:02:06.788 D/ConnectivityService( 1194): Setting DNS servers for network 190 to [/192.168.1.1]
11-20 20:02:06.788 D/DnsManager( 1194): sendDnsConfigurationForNetwork(190, [192.168.1.1], [], 1800, 25, 8, 64, 0, 0, , [192.168.1.1])
11-20 20:02:06.791 D/ConnectivityService( 1194): Adding iface wlan0 to network 190
11-20 20:02:06.839 D/ConnectivityService( 1194): Setting DNS servers for network 190 to [/192.168.1.1]
11-20 20:02:06.839 D/DnsManager( 1194): sendDnsConfigurationForNetwork(190, [192.168.1.1], [], 1800, 25, 8, 64, 0, 0, , [192.168.1.1])
11-20 20:02:06.841 I/Nat464Xlat( 1194): Android Xlat is disabled
11-20 20:02:06.842 I/Nat464Xlat( 1194): Android Xlat is disabled
11-20 20:02:06.909 D/ConnectivityService( 1194): NetReassign [no changes]
11-20 20:02:07.044 D/ConnectivityService( 1194): [190 WIFI] validation passed
11-20 20:02:07.045 D/ConnectivityService( 1194): NetReassign [8 : 100 → 190, 20 : 100 → 190, 46 : 100 → 190, 1932 : 100 → 190, 12 : 100 → 190, 22 : 100 → 190, 16 : 100 → 190, 1330 : 100 → 190, 14 : 100 → 190, 50 : 100 → 190, 18 : 100 → 190, 11 : 100 → 190, 1 : 100 → 190, 17 : 100 → 190, 1935 : 100 → 190]
11-20 20:02:07.049 E/NetlinkEvent(  459): NetlinkEvent::FindParam(): Parameter 'INTERFACE' not found
11-20 20:02:07.049 E/NetlinkEvent(  459): NetlinkEvent::FindParam(): Parameter 'STATE' not found
11-20 20:02:07.049 E/NetlinkEvent(  459): NetlinkEvent::FindParam(): Parameter 'TIME_NS' not found
11-20 20:02:07.049 E/NetlinkEvent(  459): NetlinkEvent::FindParam(): Parameter 'UID' not found
11-20 20:02:07.068 D/ConnectivityService( 1194): Switching to new default network: NetworkAgentInfo{ ni{[type: WIFI[], state: CONNECTED/CONNECTED, reason: (unspecified), extra: , failover: false, available: true, roaming: false]}  network{190}  nethandle{819449483277}  lp{{InterfaceName: wlan0 LinkAddresses: [ 192.168.1.39/24 ] DnsAddresses: [ /192.168.1.1 ] Domains: null MTU: 0 ServerAddress: /192.168.1.1 TcpBufferSizes: 524288,1048576,2097152,262144,524288,1048576 Routes: [ fe80::/64 -> :: wlan0 mtu 0,192.168.1.0/24 -> 0.0.0.0 wlan0 mtu 0,0.0.0.0/0 -> 192.168.1.1 wlan0 mtu 0 ]}}  nc{[ Transports: WIFI Capabilities: NOT_METERED&INTERNET&NOT_RESTRICTED&TRUSTED&NOT_VPN&VALIDATED&NOT_ROAMING&FOREGROUND&NOT_CONGESTED&NOT_SUSPENDED LinkUpBandwidth>=67000Kbps LinkDnBandwidth>=67000Kbps SignalStrength: -36 OwnerUid: 1000 SSID: "MTBF_Lab" RequestorUid: -1 RequestorPackageName: null]}  Score{60}  everValidated{true}  lastValidated{true}  created{true} lingering{false} explicitlySelected{false} acceptUnvalidated{false} everCaptivePortalDetected{false} lastCaptivePortalDetected{false} partialConnectivity{false} acceptPartialConnectivity{false} clat{mBaseIface: null, mIface: null, mState: IDLE} }
11-20 20:02:07.207 D/ConnectivityService( 1194): Lingering [100 CELLULAR] for 30000ms
11-20 20:02:07.211 D/ConnectivityService( 1194): Sending DISCONNECTED broadcast for type 0 [100 CELLULAR] isDefaultNetwork=true
11-20 20:02:07.216 D/ConnectivityService( 1194): Sending CONNECTED broadcast for type 1 [190 WIFI] isDefaultNetwork=true
11-20 20:02:07.220 W/SimpleTimeDetectorStrategy( 1194): Existing suggestion found to be invalid  elapsedRealtimeMillis=101671380, timeSuggestion=TelephonyTimeSuggestion{mSlotIndex='0', mUtcTime=TimestampedValue{mReferenceTimeMillis=2542243, mValue=1637368197000}, mDebugInfo=[Sending new time suggestion nitzSignal=TimestampedValue{mReferenceTimeMillis=2542243, mValue=NitzData{mOriginalString=21/11/20,00:29:57-32,00, mZoneOffset=-28800000, mDstOffset=0, mCurrentTimeMillis=1637368197000, mEmulatorHostTimeZone=null}}, reason=handleNitzReceived(TimestampedValue{mReferenceTimeMillis=2542243, mValue=NitzData{mOriginalString=21/11/20,00:29:57-32,00, mZoneOffset=-28800000, mDstOffset=0, mCurrentTimeMillis=1637368197000, mEmulatorHostTimeZone=null}})]}
11-20 20:02:07.241 D/ConnectivityService( 1194): Setting DNS servers for network 190 to [/192.168.1.1]
11-20 20:02:07.242 D/DnsManager( 1194): sendDnsConfigurationForNetwork(190, [192.168.1.1], [], 1800, 25, 8, 64, 0, 0, , [192.168.1.1])
11-20 20:02:08.244 I/Nat464Xlat( 1194): Android Xlat is disabled
11-20 20:02:08.244 I/Nat464Xlat( 1194): Android Xlat is disabled
11-20 20:02:10.466 D/AppStorageManager( 1194): BEFORE:: Previous Size: 841265152 Current Size: 841433088
11-20 20:02:10.466 D/AppStorageManager( 1194): AFTER:: Previous Size: 841433088 Current Size: 841433088
11-20 20:02:11.303 D/commandrouter( 1117): SocServiceHandle::onServiceMessage, SoC Service = mcu_healthcheck_1118, appType = 1, type = SVC_REQ, clientId = 0, token = 3387, payloadLen = 12, result = 0, payload.size() = 12
11-20 20:02:11.308 D/commandrouter( 1117): mcu_healthcheck_1118 (1, merlot:mcu_health:control): <ServiceResponse> FORWARDED (remote -> local) CR token ID = 3387, service client ID = 40, token ID = 60773, result = 0
11-20 20:02:11.308 D/mculinkhealth( 1118): isMcuReachable 1 (5 ms)
11-20 20:02:12.426 D/commandrouter( 1117): rtc_sync (1, rtc:sync): <ServiceRequest> FORWARDED (remote -> local) service client ID = 0, token ID = 42931
11-20 20:02:12.427 D/commandrouter( 1117): SocServiceHandle::onServiceMessage, SoC Service = rtc_sync, appType = 1, type = SVC_RESP, clientId = 0, token = 42931, payloadLen = 8, result = 0, payload.size() = 8
11-20 20:02:17.529 D/commandrouter( 1117): SocServiceHandle::onServiceMessage, SoC Service = mcu_healthcheck_946, appType = 1, type = SVC_REQ, clientId = 0, token = 1693, payloadLen = 20, result = 0, payload.size() = 20
11-20 20:02:17.533 D/commandrouter( 1117): mcu_healthcheck_946 (1, merlot:mcu_health:control): <ServiceResponse> FORWARDED (remote -> local) CR token ID = 1693, service client ID = 6, token ID = 60774, result = 0
11-20 20:02:22.418 D/commandrouter( 1117): rtc_sync (1, rtc:sync): <ServiceRequest> FORWARDED (remote -> local) service client ID = 0, token ID = 42932
11-20 20:02:22.419 D/commandrouter( 1117): SocServiceHandle::onServiceMessage, SoC Service = rtc_sync, appType = 1, type = SVC_RESP, clientId = 0, token = 42932, payloadLen = 8, result = 0, payload.size() = 8
11-20 20:02:25.314 D/AutofillManagerService( 1194): onBackKeyPressed()
11-20 20:02:26.363 I/chatty  ( 1194): uid=1000(system) android.ui identical 2 lines
11-20 20:02:27.580 D/AutofillManagerService( 1194): onBackKeyPressed()
11-20 20:02:28.157 W/ActivityManager( 1194): Invalid packageName: com.facebook.wearable.system.settings/com.facebook.wearable.system.settings.SettingsActivity
11-20 20:02:28.276 I/ActivityTaskManager( 1194): START u0 {flg=0x10000000 cmp=com.facebook.wearable.system.settings/.SettingsActivity} from uid 0
11-20 20:02:28.294 I/ActivityTaskManager( 1194): The Process com.facebook.wearable.system.settings Already Exists in BG. So sending its PID: 25374
11-20 20:02:28.294 W/ActivityTaskManager( 1194): Tried to set launchTime (0) < mLastActivityLaunchTime (101661461)
11-20 20:02:30.927 E/TaskPersister( 1194): File error accessing recents directory (directory doesn't exist?).
11-20 20:02:32.413 D/commandrouter( 1117): rtc_sync (1, rtc:sync): <ServiceRequest> FORWARDED (remote -> local) service client ID = 0, token ID = 42933
11-20 20:02:32.414 D/commandrouter( 1117): SocServiceHandle::onServiceMessage, SoC Service = rtc_sync, appType = 1, type = SVC_RESP, clientId = 0, token = 42933, payloadLen = 8, result = 0, payload.size() = 8
11-20 20:02:35.905 W/ContextImpl( 1194): Calling a method in the system process without a qualified user: android.app.ContextImpl.sendBroadcastMultiplePermissions:1143 android.content.Context.sendBroadcastWithMultiplePermissions:2150 com.android.server.display.WifiDisplayAdapter.handleSendStatusChangeBroadcast:440 com.android.server.display.WifiDisplayAdapter.access$1700:63 com.android.server.display.WifiDisplayAdapter$WifiDisplayHandler.handleMessage:675 
11-20 20:02:36.343 D/ConnectivityService( 1194): [190 WIFI] EVENT_NETWORK_INFO_CHANGED, going from CONNECTED to DISCONNECTED
11-20 20:02:36.343 D/ConnectivityService( 1194): [190 WIFI] disconnected, was satisfying 26
11-20 20:02:36.442 I/Nat464Xlat( 1194): Android Xlat is disabled
11-20 20:02:36.442 I/Nat464Xlat( 1194): Android Xlat is disabled
11-20 20:02:36.459 D/ConnectivityService( 1194): Sending DISCONNECTED broadcast for type 1 [190 WIFI] isDefaultNetwork=true
11-20 20:02:36.464 D/ConnectivityService( 1194): NetReassign [8 : null → 100, 20 : null → 100, 46 : null → 100, 1932 : null → 100, 12 : null → 100, 22 : null → 100, 16 : null → 100, 1330 : null → 100, 14 : null → 100, 50 : null → 100, 18 : null → 100, 11 : null → 100, 1 : null → 100, 17 : null → 100, 1935 : null → 100]
11-20 20:02:36.498 E/NetlinkEvent(  459): NetlinkEvent::FindParam(): Parameter 'INTERFACE' not found
11-20 20:02:36.498 E/NetlinkEvent(  459): NetlinkEvent::FindParam(): Parameter 'STATE' not found
11-20 20:02:36.498 E/NetlinkEvent(  459): NetlinkEvent::FindParam(): Parameter 'TIME_NS' not found
11-20 20:02:36.498 E/NetlinkEvent(  459): NetlinkEvent::FindParam(): Parameter 'UID' not found
11-20 20:02:36.511 D/ConnectivityService( 1194): Switching to new default network: NetworkAgentInfo{ ni{[type: MOBILE[LTE], state: CONNECTED/CONNECTED, reason: (unspecified), extra: nxtgenphone, failover: false, available: true, roaming: false]}  network{100}  nethandle{432902426637}  lp{{InterfaceName: rmnet_data2 LinkAddresses: [ 10.129.103.196/29,2600:380:c119:24f:b89a:9f3c:46c1:95af/64 ] DnsAddresses: [ /172.26.38.1,/fc00:a:a::300 ] Domains: null MTU: 1430 TcpBufferSizes: 2097152,4194304,8388608,262144,524288,1048576 Routes: [ 0.0.0.0/0 -> 10.129.103.197 rmnet_data2 mtu 1430,::/0 -> fe80::b45f:41f1:1846:969d rmnet_data2 mtu 1430,10.129.103.192/29 -> 0.0.0.0 rmnet_data2 mtu 0,2600:380:c119:24f::/64 -> :: rmnet_data2 mtu 0 ]}}  nc{[ Transports: CELLULAR Capabilities: MMS&SUPL&FOTA&INTERNET&NOT_RESTRICTED&TRUSTED&NOT_VPN&VALIDATED&NOT_ROAMING&FOREGROUND&NOT_CONGESTED&NOT_SUSPENDED LinkUpBandwidth>=15000Kbps LinkDnBandwidth>=30000Kbps Specifier: <TelephonyNetworkSpecifier [mSubId = 1]> AdministratorUids: [] RequestorUid: -1 RequestorPackageName: null]}  Score{50}  everValidated{true}  lastValidated{true}  created{true} lingering{true} explicitlySelected{false} acceptUnvalidated{false} everCaptivePortalDetected{false} lastCaptivePortalDetected{false} partialConnectivity{false} acceptPartialConnectivity{false} clat{mBaseIface: null, mIface: null, mState: IDLE} }
11-20 20:02:36.622 D/ConnectivityService( 1194): Unlingering [100 CELLULAR]
11-20 20:02:36.622 D/ConnectivityService( 1194): Sending CONNECTED broadcast for type 0 [100 CELLULAR] isDefaultNetwork=true
11-20 20:02:36.663 W/SimpleTimeDetectorStrategy( 1194): Existing suggestion found to be invalid  elapsedRealtimeMillis=101700824, timeSuggestion=TelephonyTimeSuggestion{mSlotIndex='0', mUtcTime=TimestampedValue{mReferenceTimeMillis=2542243, mValue=1637368197000}, mDebugInfo=[Sending new time suggestion nitzSignal=TimestampedValue{mReferenceTimeMillis=2542243, mValue=NitzData{mOriginalString=21/11/20,00:29:57-32,00, mZoneOffset=-28800000, mDstOffset=0, mCurrentTimeMillis=1637368197000, mEmulatorHostTimeZone=null}}, reason=handleNitzReceived(TimestampedValue{mReferenceTimeMillis=2542243, mValue=NitzData{mOriginalString=21/11/20,00:29:57-32,00, mZoneOffset=-28800000, mDstOffset=0, mCurrentTimeMillis=1637368197000, mEmulatorHostTimeZone=null}})]}
11-20 20:02:40.634 D/AutofillManagerService( 1194): onBackKeyPressed()
11-20 20:02:41.159 D/AutofillManagerService( 1194): onBackKeyPressed()
11-20 20:02:41.309 D/commandrouter( 1117): SocServiceHandle::onServiceMessage, SoC Service = mcu_healthcheck_1118, appType = 1, type = SVC_REQ, clientId = 0, token = 3388, payloadLen = 12, result = 0, payload.size() = 12
11-20 20:02:41.312 D/commandrouter( 1117): mcu_healthcheck_1118 (1, merlot:mcu_health:control): <ServiceResponse> FORWARDED (remote -> local) CR token ID = 3388, service client ID = 40, token ID = 60775, result = 0
11-20 20:02:41.313 D/mculinkhealth( 1118): isMcuReachable 1 (4 ms)
11-20 20:02:41.683 D/AutofillManagerService( 1194): onBackKeyPressed()
11-20 20:02:42.403 D/commandrouter( 1117): rtc_sync (1, rtc:sync): <ServiceRequest> FORWARDED (remote -> local) service client ID = 0, token ID = 42934
11-20 20:02:42.403 D/commandrouter( 1117): SocServiceHandle::onServiceMessage, SoC Service = rtc_sync, appType = 1, type = SVC_RESP, clientId = 0, token = 42934, payloadLen = 8, result = 0, payload.size() = 8
11-20 20:02:42.916 D/AutofillManagerService( 1194): onBackKeyPressed()
11-20 20:02:43.626 I/chatty  ( 1194): uid=1000(system) android.ui identical 1 line
11-20 20:02:44.622 D/AutofillManagerService( 1194): onBackKeyPressed()
11-20 20:02:45.176 E/TaskPersister( 1194): File error accessing recents directory (directory doesn't exist?).
11-20 20:02:45.617 D/AutofillManagerService( 1194): onBackKeyPressed()
11-20 20:02:46.629 D/AutofillManagerService( 1194): onBackKeyPressed()
11-20 20:02:47.147 W/ActivityManager( 1194): Invalid packageName: com.facebook.wearable.system.settings/com.facebook.wearable.system.settings.SettingsActivity
11-20 20:02:47.260 I/ActivityTaskManager( 1194): START u0 {flg=0x10000000 cmp=com.facebook.wearable.system.settings/.SettingsActivity} from uid 0
11-20 20:02:47.276 I/ActivityTaskManager( 1194): The Process com.facebook.wearable.system.settings Already Exists in BG. So sending its PID: 25374
11-20 20:02:47.276 W/ActivityTaskManager( 1194): Tried to set launchTime (0) < mLastActivityLaunchTime (101692457)
11-20 20:02:51.427 E/TaskPersister( 1194): File error accessing recents directory (directory doesn't exist?).
11-20 20:02:52.391 D/commandrouter( 1117): rtc_sync (1, rtc:sync): <ServiceRequest> FORWARDED (remote -> local) service client ID = 0, token ID = 42935
11-20 20:02:52.392 D/commandrouter( 1117): SocServiceHandle::onServiceMessage, SoC Service = rtc_sync, appType = 1, type = SVC_RESP, clientId = 0, token = 42935, payloadLen = 8, result = 0, payload.size() = 8
11-20 20:02:53.802 W/ContextImpl( 1194): Calling a method in the system process without a qualified user: android.app.ContextImpl.sendBroadcastMultiplePermissions:1143 android.content.Context.sendBroadcastWithMultiplePermissions:2150 com.android.server.display.WifiDisplayAdapter.handleSendStatusChangeBroadcast:440 com.android.server.display.WifiDisplayAdapter.access$1700:63 com.android.server.display.WifiDisplayAdapter$WifiDisplayHandler.handleMessage:675 
11-20 20:02:54.774 W/ContextImpl( 1194): Calling a method in the system process without a qualified user: android.app.ContextImpl.sendBroadcastMultiplePermissions:1143 android.content.Context.sendBroadcastWithMultiplePermissions:2150 com.android.server.wifi.p2p.WifiP2pServiceImpl$P2pStateMachine.sendBroadcastMultiplePermissions:3209 com.android.server.wifi.p2p.WifiP2pServiceImpl$P2pStateMachine.sendP2pConnectionChangedBroadcast:3236 com.android.server.wifi.p2p.WifiP2pServiceImpl$P2pStateMachine.access$5100:768 
11-20 20:02:54.775 W/BroadcastQueue( 1194): Permission Denial: receiving Intent { act=android.net.wifi.p2p.CONNECTION_STATE_CHANGE flg=0x24000010 (has extras) } to ProcessRecord{ba73 1900:.qtidataservices/u0a89} (pid=1900, uid=10089) requires android.permission.ACCESS_FINE_LOCATION due to sender android (uid 1000)
11-20 20:02:54.780 W/ContextImpl( 1194): Calling a method in the system process without a qualified user: android.app.ContextImpl.sendBroadcastMultiplePermissions:1143 android.content.Context.sendBroadcastWithMultiplePermissions:2150 com.android.server.wifi.p2p.WifiP2pServiceImpl$P2pStateMachine.sendBroadcastMultiplePermissions:3209 com.android.server.wifi.p2p.WifiP2pServiceImpl$P2pStateMachine.sendThisDeviceChangedBroadcast:3218 com.android.server.wifi.p2p.WifiP2pServiceImpl$P2pStateMachine.updateThisDevice:3962 
11-20 20:02:54.814 W/wificond(  906): Scan is not started. Ignore abort request
--------- beginning of main
11-20 20:02:55.226 D/QCNEJ/WlanStaInfoRelay( 1900): Received action: android.net.wifi.STATE_CHANGE
11-20 20:02:55.226 D/ConnectivityService( 1194): registerNetworkAgent NetworkAgentInfo{ ni{[type: WIFI[], state: UNKNOWN/IDLE, reason: (unspecified), extra: , failover: false, available: true, roaming: false]}  network{191}  nethandle{823744450573}  lp{{InterfaceName: wlan0 LinkAddresses: [ ] DnsAddresses: [ ] Domains: null MTU: 0 Routes: [ ]}}  nc{[ Transports: WIFI Capabilities: NOT_METERED&INTERNET&NOT_RESTRICTED&TRUSTED&NOT_VPN&NOT_ROAMING&FOREGROUND&NOT_CONGESTED&NOT_SUSPENDED LinkUpBandwidth>=72000Kbps LinkDnBandwidth>=72000Kbps OwnerUid: 1000 SSID: "MTBF_Lab" RequestorUid: -1 RequestorPackageName: null]}  Score{20}  everValidated{false}  lastValidated{false}  created{false} lingering{false} explicitlySelected{false} acceptUnvalidated{false} everCaptivePortalDetected{false} lastCaptivePortalDetected{false} partialConnectivity{false} acceptPartialConnectivity{false} clat{mBaseIface: null, mIface: null, mState: IDLE} }
11-20 20:02:55.244 D/ConnectivityService( 1194): [191 WIFI] EVENT_NETWORK_INFO_CHANGED, going from UNKNOWN to UNKNOWN
11-20 20:02:55.249 D/WifiConnector( 2841): Network State Changed
11-20 20:02:55.249 D/QCNEJ/WlanStaInfoRelay( 1900): Received action: android.net.wifi.STATE_CHANGE
11-20 20:02:55.288 I/chatty  ( 1194): uid=1000(system) WifiHandlerThre expire 2 lines
11-20 20:02:55.289 V/WifiHAL (  539): WifiVendorCommand 0xa063a000 created vendor_id:0x1374 subcmd:83
11-20 20:02:55.290 E/WifiHAL (  539): wifi_get_packet_filter_capabilities: requestResponse() error: -3
11-20 20:02:55.290 I/WifiHAL (  539): Packet filtering is not supprted
11-20 20:02:55.317 W/HWComposer(  577): Ignoring duplicate VSYNC event from HWC for display 0 (t=101719478442289)
11-20 20:02:55.334 W/HWComposer(  577): Ignoring duplicate VSYNC event from HWC for display 0 (t=101719495410102)
11-20 20:02:55.362 D/QCNEJ/WlanStaInfoRelay( 1900): Received action: android.net.wifi.RSSI_CHANGED
11-20 20:02:55.362 D/WearableConnectivityManager( 5465): onWifiStrengthChange: -35
11-20 20:02:55.363 V/WifiHAL (  539): WifiVendorCommand 0xa07c1180 created vendor_id:0x1374 subcmd:82
11-20 20:02:55.364 V/WifiHAL (  539): ND offload : Enable
11-20 20:02:55.365 D/ConnectivityService( 1194): NetReassign [no changes]
11-20 20:02:55.385 E/QMI_FW  (  927): qmi_cci_get_ref: ref count increased 2
11-20 20:02:55.388 E/QMI_FW  (  927): qmi_cci_get_ref: ref count increased 2
11-20 20:02:55.390 E/Netd    (  459): no such netId 191
11-20 20:02:55.391 I/Nat464Xlat( 1194): Android Xlat is disabled
11-20 20:02:55.437 I/chatty  ( 1194): uid=1000 system_server expire 7 lines
11-20 20:02:55.499 E/Netd    (  459): no such netId 191
11-20 20:02:55.391 I/Nat464Xlat( 1194): Android Xlat is disabled
11-20 20:02:55.500 E/ConnectivityService( 1194): Exception in networkAddRouteParcel for non-gateway: android.os.ServiceSpecificException: Machine is not on the network (code 64)
11-20 20:02:55.500 E/Netd    (  459): no such netId 191
11-20 20:02:55.501 D/WifiConnector( 2841): Network State Changed
11-20 20:02:55.501 D/QCNEJ/WlanStaInfoRelay( 1900): Received action: android.net.wifi.STATE_CHANGE
11-20 20:02:55.501 E/ConnectivityService( 1194): Exception in networkAddRouteParcel for gateway: android.os.ServiceSpecificException: Machine is not on the network (code 64)
11-20 20:02:55.501 I/Nat464Xlat( 1194): Android Xlat is disabled
11-20 20:02:55.514 D/QCNEJ/WlanStaInfoRelay( 1900): Received action: android.net.wifi.STATE_CHANGE
11-20 20:02:55.515 D/WifiConnector( 2841): Network State Changed
11-20 20:02:55.520 D/WifiConnector( 2841): Configured Networks Changed
11-20 20:02:55.522 I/chatty  ( 1194): uid=1000(system) WifiHandlerThre expire 10 lines
11-20 20:02:55.560 I/chatty  ( 1194): uid=1000(system) pool-9-thread-1 expire 3 lines
11-20 20:02:55.573 E/QMI_FW  ( 1113): qmi_cci_get_ref: ref count increased 2
11-20 20:02:55.574 E/QMI_FW  ( 1113): qmi_cci_get_ref: ref count increased 2
11-20 20:02:55.574 E/QMI_FW  ( 1113): qmi_cci_get_ref: ref count increased 2
11-20 20:02:55.598 E/QMI_FW  (  927): qmi_cci_get_ref: ref count increased 2
11-20 20:02:55.501 I/Nat464Xlat( 1194): Android Xlat is disabled
11-20 20:02:55.650 D/ConnectivityService( 1194): Setting DNS servers for network 191 to [/192.168.1.1]
11-20 20:02:55.670 I/Nat464Xlat( 1194): Android Xlat is disabled
11-20 20:02:55.601 E/QMI_FW  (  927): qmi_cci_get_ref: ref count increased 2
11-20 20:02:55.738 I/m.android.phon( 1975): Background young concurrent copying GC freed 153978(16MB) AllocSpace objects, 58(1048KB) LOS objects, 70% free, 7256KB/24MB, paused 202us total 146.589ms
11-20 20:02:55.670 I/Nat464Xlat( 1194): Android Xlat is disabled
11-20 20:02:55.738 D/ConnectivityService( 1194): [191 WIFI] EVENT_NETWORK_INFO_CHANGED, going from UNKNOWN to CONNECTED
11-20 20:02:55.741 D/DnsManager( 1194): sendDnsConfigurationForNetwork(191, [192.168.1.1], [], 1800, 25, 8, 64, 0, 0, , [])
11-20 20:02:55.742 W/DnsManager( 1194): updatePrivateDns(191, PrivateDnsConfig{true:/[]})
11-20 20:02:55.742 D/ConnectivityService( 1194): Setting DNS servers for network 191 to [/192.168.1.1]
11-20 20:02:55.743 D/DnsManager( 1194): sendDnsConfigurationForNetwork(191, [192.168.1.1], [], 1800, 25, 8, 64, 0, 0, , [192.168.1.1])
11-20 20:02:55.745 D/ConnectivityService( 1194): Adding iface wlan0 to network 191
11-20 20:02:55.750 W/resolv  (  459): Validating DnsTlsServer on netId 191
11-20 20:02:55.752 W/resolv  (  459): Validation failed
11-20 20:02:55.757 D/ConnectivityService( 1194): Setting DNS servers for network 191 to [/192.168.1.1]
11-20 20:02:55.757 D/DnsManager( 1194): sendDnsConfigurationForNetwork(191, [192.168.1.1], [], 1800, 25, 8, 64, 0, 0, , [192.168.1.1])
11-20 20:02:55.759 W/resolv  (  459): Validating DnsTlsServer on netId 191
11-20 20:02:55.760 I/Nat464Xlat( 1194): Android Xlat is disabled
11-20 20:02:55.766 W/resolv  (  459): SSL_connect ssl error =5, mark 0xf00bf: Connection refused
11-20 20:02:55.768 W/resolv  (  459): Validation failed
11-20 20:02:55.760 I/Nat464Xlat( 1194): Android Xlat is disabled
11-20 20:02:55.825 D/ConnectivityService( 1194): NetReassign [no changes]
11-20 20:02:55.841 D/QCNEJ/WlanStaInfoRelay( 1900): network available: 191
11-20 20:02:55.849 D/QCNEJ/NativeHalConnector( 1900): -> SND notifyWifiAvailable(v4Connected = truev6Connected = , false, isAndroidValidated = false)
11-20 20:02:55.864 D/QCNEJ/NativeHalConnector( 1900): -> SND notifyWifiAvailable(v4Connected = truev6Connected = , false, isAndroidValidated = false)
11-20 20:02:55.886 I/chatty  ( 1194): uid=1000 system_server expire 3 lines
11-20 20:02:55.905 I/chatty  ( 1194): uid=1000 system_server expire 3 lines
11-20 20:02:55.909 I/chatty  ( 1194): uid=1000 system_server expire 2 lines
11-20 20:02:55.974 I/chatty  ( 1194): uid=1000 system_server expire 1 line
11-20 20:02:55.976 D/ConnectivityService( 1194): [191 WIFI] validation passed
11-20 20:02:55.976 D/ConnectivityService( 1194): NetReassign [8 : 100 → 191, 20 : 100 → 191, 46 : 100 → 191, 1932 : 100 → 191, 12 : 100 → 191, 22 : 100 → 191, 16 : 100 → 191, 1330 : 100 → 191, 14 : 100 → 191, 50 : 100 → 191, 18 : 100 → 191, 11 : 100 → 191, 1 : 100 → 191, 17 : 100 → 191, 1935 : 100 → 191]
11-20 20:02:55.983 E/NetlinkEvent(  459): NetlinkEvent::FindParam(): Parameter 'INTERFACE' not found
11-20 20:02:55.983 E/NetlinkEvent(  459): NetlinkEvent::FindParam(): Parameter 'STATE' not found
11-20 20:02:55.983 E/NetlinkEvent(  459): NetlinkEvent::FindParam(): Parameter 'TIME_NS' not found
11-20 20:02:55.983 E/NetlinkEvent(  459): NetlinkEvent::FindParam(): Parameter 'UID' not found
11-20 20:02:56.000 D/ConnectivityService( 1194): Switching to new default network: NetworkAgentInfo{ ni{[type: WIFI[], state: CONNECTED/CONNECTED, reason: (unspecified), extra: , failover: false, available: true, roaming: false]}  network{191}  nethandle{823744450573}  lp{{InterfaceName: wlan0 LinkAddresses: [ 192.168.1.39/24 ] DnsAddresses: [ /192.168.1.1 ] Domains: null MTU: 0 ServerAddress: /192.168.1.1 TcpBufferSizes: 524288,1048576,2097152,262144,524288,1048576 Routes: [ fe80::/64 -> :: wlan0 mtu 0,192.168.1.0/24 -> 0.0.0.0 wlan0 mtu 0,0.0.0.0/0 -> 192.168.1.1 wlan0 mtu 0 ]}}  nc{[ Transports: WIFI Capabilities: NOT_METERED&INTERNET&NOT_RESTRICTED&TRUSTED&NOT_VPN&VALIDATED&NOT_ROAMING&FOREGROUND&NOT_CONGESTED&NOT_SUSPENDED LinkUpBandwidth>=67000Kbps LinkDnBandwidth>=67000Kbps SignalStrength: -35 OwnerUid: 1000 SSID: "MTBF_Lab" RequestorUid: -1 RequestorPackageName: null]}  Score{60}  everValidated{true}  lastValidated{true}  created{true} lingering{false} explicitlySelected{false} acceptUnvalidated{false} everCaptivePortalDetected{false} lastCaptivePortalDetected{false} partialConnectivity{false} acceptPartialConnectivity{false} clat{mBaseIface: null, mIface: null, mState: IDLE} }
11-20 20:02:56.111 D/DeviceAuthService(13575): Network connected
11-20 20:02:56.111 D/DeviceAuthService(13575): fetchAuthTokenWrapper called
11-20 20:02:56.119 D/QCNEJ/DefaultNetworkInfoRelay( 1900): Default network available: 191
11-20 20:02:56.120 D/QCNEJ/NativeHalConnector( 1900): -> SND notifyDefaultNetworkChanged(1)
11-20 20:02:56.122 V/LigerRadioStatsReporter( 2384): onCapabilitiesChanged: Network capabilities changed
11-20 20:02:56.123 I/chatty  ( 1194): uid=1000(system) NetworkTimeUpda expire 1 line
11-20 20:02:56.126 W/SimpleTimeDetectorStrategy( 1194): Existing suggestion found to be invalid  elapsedRealtimeMillis=101720286, timeSuggestion=TelephonyTimeSuggestion{mSlotIndex='0', mUtcTime=TimestampedValue{mReferenceTimeMillis=2542243, mValue=1637368197000}, mDebugInfo=[Sending new time suggestion nitzSignal=TimestampedValue{mReferenceTimeMillis=2542243, mValue=NitzData{mOriginalString=21/11/20,00:29:57-32,00, mZoneOffset=-28800000, mDstOffset=0, mCurrentTimeMillis=1637368197000, mEmulatorHostTimeZone=null}}, reason=handleNitzReceived(TimestampedValue{mReferenceTimeMillis=2542243, mValue=NitzData{mOriginalString=21/11/20,00:29:57-32,00, mZoneOffset=-28800000, mDstOffset=0, mCurrentTimeMillis=1637368197000, mEmulatorHostTimeZone=null}})]}
11-20 20:02:56.127 D/ConnectivityService( 1194): Lingering [100 CELLULAR] for 30000ms
11-20 20:02:56.128 D/ConnectivityService( 1194): Sending DISCONNECTED broadcast for type 0 [100 CELLULAR] isDefaultNetwork=true
11-20 20:02:56.130 D/ConnectivityService( 1194): Sending CONNECTED broadcast for type 1 [191 WIFI] isDefaultNetwork=true
11-20 20:02:56.138 E/QMI_FW  (  927): qmi_cci_get_ref: ref count increased 2
11-20 20:02:56.140 E/QMI_FW  (  927): qmi_cci_get_ref: ref count increased 2
11-20 20:02:56.148 D/QCNEJ/WlanStaInfoRelay( 1900): AndroidValidate from false to true
11-20 20:02:56.151 V/LigerRadioStatsReporter( 2384): onCapabilitiesChanged: Network capabilities changed
11-20 20:02:56.151 V/LigerRadioStatsReporter( 2384): reportAndCheckpointRadioStats
11-20 20:02:56.152 V/LigerRadioStatsReporter( 2384): +++++++++++ RADIO STATS DUMP +++++++++++
11-20 20:02:56.152 V/LigerRadioStatsReporter( 2384): totalActiveRadioTimeMs=0
11-20 20:02:56.152 V/LigerRadioStatsReporter( 2384): totalTailRadioTimeMs=13995
11-20 20:02:56.153 V/LigerRadioStatsReporter( 2384): totalWakeupCount=0
11-20 20:02:56.153 V/LigerRadioStatsReporter( 2384): httpUpBytes=0
11-20 20:02:56.153 V/LigerRadioStatsReporter( 2384): httpDownBytes=0
11-20 20:02:56.153 V/LigerRadioStatsReporter( 2384): httpWakeupCount=0
11-20 20:02:56.153 V/LigerRadioStatsReporter( 2384): httpRequestCount=0
11-20 20:02:56.153 V/LigerRadioStatsReporter( 2384): httpActiveRadioTimeMs=0
11-20 20:02:56.153 V/LigerRadioStatsReporter( 2384): httpTailRadioTimeMs=13995
11-20 20:02:56.153 V/LigerRadioStatsReporter( 2384): reportAndCheckpointRadioStats: Tx=0
11-20 20:02:56.153 V/LigerRadioStatsReporter( 2384): reportAndCheckpointRadioStats: Rx=0
11-20 20:02:56.153 V/LigerRadioStatsReporter( 2384): reportAndCheckpointRadioStats: Uids=10028
11-20 20:02:56.153 V/LigerRadioStatsReporter( 2384): reportAndCheckpointRadioStats: Tags=null
11-20 20:02:56.153 I/chatty  ( 1194): uid=1000(system) android.fg expire 1 line
11-20 20:02:56.155 I/chatty  (  523): uid=1021(gps) Loc_hal_worker expire 1 line
11-20 20:02:56.156 I/chatty  ( 1026): uid=1021(gps) LocApiMsgTask expire 2 lines
11-20 20:02:56.156 D/QCNEJ/WlanStaInfoRelay( 1900): retrieveCountryCode:Location obtained from Telephony: us
11-20 20:02:56.160 D/ConnectivityService( 1194): Setting DNS servers for network 191 to [/192.168.1.1]
11-20 20:02:56.161 D/DnsManager( 1194): sendDnsConfigurationForNetwork(191, [192.168.1.1], [], 1800, 25, 8, 64, 0, 0, , [192.168.1.1])
11-20 20:02:56.164 I/chatty  ( 1026): uid=1021(gps) LocApiMsgTask expire 1 line
11-20 20:02:56.166 W/resolv  (  459): Validating DnsTlsServer on netId 191
11-20 20:02:56.179 E/QMI_FW  (  927): qmi_cci_get_ref: ref count increased 2
11-20 20:02:56.182 E/QMI_FW  (  927): qmi_cci_get_ref: ref count increased 2
11-20 20:02:56.181 D/DeviceAuthService(13575): isOculusAddressResolvable returned true
11-20 20:02:56.182 D/DeviceAuthenticator(13575): Fetching new credentials asynchronously
11-20 20:02:56.187 W/resolv  (  459): SSL_connect ssl error =5, mark 0xf00bf: Connection refused
11-20 20:02:56.188 W/resolv  (  459): Validation failed
11-20 20:02:56.189 E/QMI_FW  ( 1113): qmi_cci_get_ref: ref count increased 2
11-20 20:02:56.190 D/DeviceAuthenticator(13575): Calling DeviceAuth.authenticate()
11-20 20:02:56.191 E/QMI_FW  ( 1113): qmi_cci_get_ref: ref count increased 2
11-20 20:02:56.193 E/DeviceCertService(  541): This device *might* have a provisioning issue. Please run `maui provision check` to verify.
11-20 20:02:56.193 E/DeviceCertService(  541): See https://fburl.com/wiki/a9hho0p9 for more information.
11-20 20:02:56.193 E/DeviceCertService(  541): Could not access certificate file '/mnt/vendor/persist/certificates/device_identityinsecure.crt', error 2: No such file or directory
11-20 20:02:56.196 E/DeviceAuthenticator(13575): ERROR: java.lang.RuntimeException: devicecert returned error FILESYSTEM_ERROR
11-20 20:02:56.196 E/DeviceAuthenticator(13575): 
11-20 20:02:56.196 E/DeviceAuthenticator(13575): com.facebook.mos.sdk.devicecert.DeviceIdentityException: java.lang.RuntimeException: devicecert returned error FILESYSTEM_ERROR
11-20 20:02:56.196 E/DeviceAuthenticator(13575): 
11-20 20:02:56.199 E/QMI_FW  ( 1113): qmi_cci_get_ref: ref count increased 2
11-20 20:02:56.202 E/QMI_FW  ( 1113): qmi_cci_get_ref: ref count increased 2
11-20 20:02:56.215 D/WifiConnector( 2841): Configured Networks Changed
11-20 20:02:56.222 D/PhoneInterfaceManager( 1975): setModemActivityInfo
11-20 20:02:56.222 D/FbSideCarManager( 1975): setModemActivityInfo
11-20 20:02:56.222 D/FbSideCarManager( 1975): setModemActivityInfo
11-20 20:02:56.223 D/WirelessInsightServiceImpl( 1975): setModemActivityInfo
11-20 20:02:56.223 D/FbSideCarManager( 1975): setModemActivityInfoInternal success
11-20 20:02:56.223 D/PhoneInterfaceManager( 1975): setModemActivityInfo: success.
11-20 20:02:56.223 E/QMI_FW  ( 1113): qmi_cci_get_ref: ref count increased 2
11-20 20:02:56.223 D/WirelessInsightServiceImpl( 1975): notifyListeners: listeners = 0, modemActivityInfo = ModemActivityInfo{ mTimestamp=101720371 mSleepTimeMs=64068179 mIdleTimeMs=559019 mTransmitPowerInfo[]=[TransmitPower{ mTimeInMillis=1 mPowerRangeInDbm={-2147483648,0}}, TransmitPower{ mTimeInMillis=53708 mPowerRangeInDbm={0,5}}, TransmitPower{ mTimeInMillis=1114621 mPowerRangeInDbm={5,15}}, TransmitPower{ mTimeInMillis=47327 mPowerRangeInDbm={15,20}}, TransmitPower{ mTimeInMillis=1545594 mPowerRangeInDbm={20,2147483647}}] mRxTimeMs=34129592}
11-20 20:02:56.236 E/QMI_FW  ( 1113): qmi_cci_get_ref: ref count increased 2
11-20 20:02:56.254 I/chatty  ( 1113): uid=1001(radio) main identical 6 lines
11-20 20:02:56.255 E/QMI_FW  ( 1113): qmi_cci_get_ref: ref count increased 2
11-20 20:02:56.264 E/QMI_FW  ( 1113): qmi_cci_get_ref: ref count increased 2
11-20 20:02:56.269 E/QMI_FW  ( 1113): qmi_cci_get_ref: ref count increased 2
11-20 20:02:56.276 I/chatty  ( 1113): uid=1001(radio) main identical 6 lines
11-20 20:02:56.277 E/QMI_FW  ( 1113): qmi_cci_get_ref: ref count increased 2
11-20 20:02:56.580 E/QMI_FW  ( 1113): qmi_cci_get_ref: ref count increased 2
11-20 20:02:56.581 E/QMI_FW  ( 1113): qmi_cci_get_ref: ref count increased 2
11-20 20:02:56.592 I/WearableConnectivityManager( 5465): LTE Signal strength is: 1
11-20 20:02:56.592 I/WearableConnectivityManager( 5465): Cellular Signal strength is: 1
11-20 20:02:56.592 D/RadioLinkQualityScoreBuilder( 1975): scoreRsrp: 2scoreRsrq: 2scoreRssnr: 2
11-20 20:02:56.646 I/Nat464Xlat( 1194): Android Xlat is disabled
11-20 20:02:56.648 D/QCNEJ/WlanStaInfoRelay( 1900): Received action: android.net.wifi.LINK_CONFIGURATION_CHANGED
11-20 20:02:56.648 E/QCNEJ/WlanStaInfoRelay( 1900): update link properties given null lp
11-20 20:02:56.704 D/QCNEJ/NativeHalConnector( 1900): -> SND notifyWifiAvailable(v4Connected = truev6Connected = , false, isAndroidValidated = true)
11-20 20:02:57.294 W/HWComposer(  577): Ignoring duplicate VSYNC event from HWC for display 0 (t=101721454521507)
11-20 20:02:58.437 D/QCNEJ/WlanStaInfoRelay( 1900): Received action: android.net.wifi.RSSI_CHANGED
11-20 20:02:58.440 D/WearableConnectivityManager( 5465): onWifiStrengthChange: -38
11-20 20:02:58.450 V/LigerRadioStatsReporter( 2384): onCapabilitiesChanged: Network capabilities changed
11-20 20:02:58.451 V/LigerRadioStatsReporter( 2384): reportAndCheckpointRadioStats
11-20 20:02:58.451 V/LigerRadioStatsReporter( 2384): +++++++++++ RADIO STATS DUMP +++++++++++
11-20 20:02:58.451 V/LigerRadioStatsReporter( 2384): totalActiveRadioTimeMs=0
11-20 20:02:58.451 V/LigerRadioStatsReporter( 2384): totalTailRadioTimeMs=13995
11-20 20:02:58.451 V/LigerRadioStatsReporter( 2384): totalWakeupCount=0
11-20 20:02:58.451 V/LigerRadioStatsReporter( 2384): httpUpBytes=0
11-20 20:02:58.452 V/LigerRadioStatsReporter( 2384): httpDownBytes=0
11-20 20:02:58.452 V/LigerRadioStatsReporter( 2384): httpWakeupCount=0
11-20 20:02:58.452 V/LigerRadioStatsReporter( 2384): httpRequestCount=0
11-20 20:02:58.452 V/LigerRadioStatsReporter( 2384): httpActiveRadioTimeMs=0
11-20 20:02:58.452 V/LigerRadioStatsReporter( 2384): httpTailRadioTimeMs=13995
11-20 20:02:58.452 V/LigerRadioStatsReporter( 2384): reportAndCheckpointRadioStats: Tx=0
11-20 20:02:58.452 V/LigerRadioStatsReporter( 2384): reportAndCheckpointRadioStats: Rx=0
11-20 20:02:58.452 V/LigerRadioStatsReporter( 2384): reportAndCheckpointRadioStats: Uids=10028
11-20 20:02:58.452 V/LigerRadioStatsReporter( 2384): reportAndCheckpointRadioStats: Tags=null
11-20 20:02:59.801 E/QMI_FW  ( 1113): qmi_cci_get_ref: ref count increased 2
11-20 20:02:59.802 E/QMI_FW  ( 1113): qmi_cci_get_ref: ref count increased 2
11-20 20:02:59.813 I/WearableConnectivityManager( 5465): LTE Signal strength is: 1
11-20 20:02:59.813 I/WearableConnectivityManager( 5465): Cellular Signal strength is: 1
11-20 20:02:59.813 D/RadioLinkQualityScoreBuilder( 1975): scoreRsrp: 2scoreRsrq: 3scoreRssnr: 3
11-20 20:03:00.002 D/KeyguardUpdateMonitor( 1753): received broadcast android.intent.action.TIME_TICK
11-20 20:03:00.003 D/KeyguardUpdateMonitor( 1753): handleTimeUpdate
11-20 20:03:02.101 E/QMI_FW  ( 1113): qmi_cci_get_ref: ref count increased 2
11-20 20:03:02.102 E/QMI_FW  ( 1113): qmi_cci_get_ref: ref count increased 2
11-20 20:03:02.102 E/QMI_FW  ( 1113): qmi_cci_get_ref: ref count increased 2
11-20 20:02:56.646 I/Nat464Xlat( 1194): Android Xlat is disabled
11-20 20:03:02.384 D/commandrouter( 1117): rtc_sync (1, rtc:sync): <ServiceRequest> FORWARDED (remote -> local) service client ID = 0, token ID = 42936
11-20 20:03:02.384 D/vendor.facebook.rtc_sync@1.0-service( 1129): Request req_ts=1637438582386734383 resp_ts=1637438582384832556
11-20 20:03:02.385 D/commandrouter( 1117): SocServiceHandle::onServiceMessage, SoC Service = rtc_sync, appType = 1, type = SVC_RESP, clientId = 0, token = 42936, payloadLen = 8, result = 0, payload.size() = 8
11-20 20:03:07.052 E/QMI_FW  ( 1113): qmi_cci_get_ref: ref count increased 2
11-20 20:03:07.054 E/QMI_FW  ( 1113): qmi_cci_get_ref: ref count increased 2
11-20 20:03:07.064 I/WearableConnectivityManager( 5465): LTE Signal strength is: 1
11-20 20:03:07.064 I/WearableConnectivityManager( 5465): Cellular Signal strength is: 1
11-20 20:03:07.065 D/RadioLinkQualityScoreBuilder( 1975): scoreRsrp: 2scoreRsrq: 2scoreRssnr: 2
11-20 20:03:10.568 D/AppStorageManager( 1194): BEFORE:: Previous Size: 841433088 Current Size: 841334784
11-20 20:03:10.569 D/AppStorageManager( 1194): AFTER:: Previous Size: 841334784 Current Size: 841334784
11-20 20:03:10.914 E/QMI_FW  ( 1113): qmi_cci_get_ref: ref count increased 2
11-20 20:03:10.916 E/QMI_FW  ( 1113): qmi_cci_get_ref: ref count increased 2
11-20 20:03:10.926 I/WearableConnectivityManager( 5465): LTE Signal strength is: 1
11-20 20:03:10.926 I/WearableConnectivityManager( 5465): Cellular Signal strength is: 1
11-20 20:03:10.927 D/RadioLinkQualityScoreBuilder( 1975): scoreRsrp: 2scoreRsrq: 1scoreRssnr: 3
11-20 20:03:10.927 D/WirelessInsightServiceImpl( 1975): onSignalStrengthsChanged: SignalStrength = SignalStrength:{mCdma=CellSignalStrengthCdma: cdmaDbm=2147483647 cdmaEcio=2147483647 evdoDbm=2147483647 evdoEcio=2147483647 evdoSnr=2147483647 level=0,mGsm=CellSignalStrengthGsm: rssi=2147483647 ber=2147483647 mTa=2147483647 mLevel=0,mWcdma=CellSignalStrengthWcdma: ss=2147483647 ber=2147483647 rscp=2147483647 ecno=2147483647 level=0,mTdscdma=CellSignalStrengthTdscdma: rssi=2147483647 ber=2147483647 rscp=2147483647 level=0,mLte=CellSignalStrengthLte: rssi=-77 rsrp=-114 rsrq=-17 rssnr=7 cqi=2147483647 ta=2147483647 level=1 parametersUseForLevel=0,mNr=CellSignalStrengthNr:{ csiRsrp = 2147483647 csiRsrq = 2147483647 csiSinr = 2147483647 ssRsrp = 2147483647 ssRsrq = 2147483647 ssSinr = 2147483647 level = 0 parametersUseForLevel = 0 },primary=CellSignalStrengthLte}
11-20 20:03:10.927 D/WirelessInsightServiceImpl( 1975): Score: 1
11-20 20:03:10.927 D/WirelessInsightServiceImpl( 1975): notifyListeners: listeners = 0, score = 1
11-20 20:03:11.313 D/mcu_health_checker( 1118): Sent MCU Health Request
11-20 20:03:11.313 D/commandrouter( 1117): SocServiceHandle::onServiceMessage, SoC Service = mcu_healthcheck_1118, appType = 1, type = SVC_REQ, clientId = 0, token = 3389, payloadLen = 12, result = 0, payload.size() = 12
11-20 20:03:11.315 I/mcucapture( 1353): 101700592 [info   ] {gst }: 0 WRIST_TILT, 0 WRIST_DOWN gestures were triggered since last update
11-20 20:03:11.318 D/commandrouter( 1117): mcu_healthcheck_1118 (1, merlot:mcu_health:control): <ServiceResponse> FORWARDED (remote -> local) CR token ID = 3389, service client ID = 40, token ID = 60776, result = 0
11-20 20:03:11.318 D/mcu_health_checker( 1118): MCU Health Response: MCU_OK
11-20 20:03:11.318 D/mcu_health_checker( 1118): MCU Session 0, uptime = 101701606 ms
11-20 20:03:11.318 D/mculinkhealth( 1118): isMcuReachable 1 (5 ms)
11-20 20:03:12.378 D/commandrouter( 1117): rtc_sync (1, rtc:sync): <ServiceRequest> FORWARDED (remote -> local) service client ID = 0, token ID = 42937
11-20 20:03:12.378 D/vendor.facebook.rtc_sync@1.0-service( 1129): Request req_ts=1637438592379832556 resp_ts=1637438592378491094
11-20 20:03:12.378 D/commandrouter( 1117): SocServiceHandle::onServiceMessage, SoC Service = rtc_sync, appType = 1, type = SVC_RESP, clientId = 0, token = 42937, payloadLen = 8, result = 0, payload.size() = 8
11-20 20:03:13.865 I/chatty  ( 1194): uid=1000(system) WifiScanningSer expire 4 lines
11-20 20:03:13.867 I/chatty  ( 1024): uid=1021(gps) lowi-server expire 283 lines
11-20 20:03:13.867 V/WifiHAL (  539): event received NL80211_CMD_TRIGGER_SCAN
11-20 20:03:13.991 V/WifiHAL (  539): event received NL80211_CMD_NEW_SCAN_RESULTS
11-20 20:03:13.992 I/chatty  ( 1194): uid=1000(system) Binder:1194_2 expire 13 lines
11-20 20:03:14.011 I/chatty  ( 1024): uid=1021(gps) lowi-server expire 7 lines
11-20 20:03:14.754 E/QMI_FW  ( 1113): qmi_cci_get_ref: ref count increased 2
11-20 20:03:14.755 E/QMI_FW  ( 1113): qmi_cci_get_ref: ref count increased 2
11-20 20:03:14.766 I/WearableConnectivityManager( 5465): LTE Signal strength is: 1
11-20 20:03:14.766 I/WearableConnectivityManager( 5465): Cellular Signal strength is: 1
11-20 20:03:14.767 D/RadioLinkQualityScoreBuilder( 1975): scoreRsrp: 2scoreRsrq: 2scoreRssnr: 3
11-20 20:03:14.768 D/WirelessInsightServiceImpl( 1975): onSignalStrengthsChanged: SignalStrength = SignalStrength:{mCdma=CellSignalStrengthCdma: cdmaDbm=2147483647 cdmaEcio=2147483647 evdoDbm=2147483647 evdoEcio=2147483647 evdoSnr=2147483647 level=0,mGsm=CellSignalStrengthGsm: rssi=2147483647 ber=2147483647 mTa=2147483647 mLevel=0,mWcdma=CellSignalStrengthWcdma: ss=2147483647 ber=2147483647 rscp=2147483647 ecno=2147483647 level=0,mTdscdma=CellSignalStrengthTdscdma: rssi=2147483647 ber=2147483647 rscp=2147483647 level=0,mLte=CellSignalStrengthLte: rssi=-81 rsrp=-114 rsrq=-14 rssnr=7 cqi=2147483647 ta=2147483647 level=1 parametersUseForLevel=0,mNr=CellSignalStrengthNr:{ csiRsrp = 2147483647 csiRsrq = 2147483647 csiSinr = 2147483647 ssRsrp = 2147483647 ssRsrq = 2147483647 ssSinr = 2147483647 level = 0 parametersUseForLevel = 0 },primary=CellSignalStrengthLte}
11-20 20:03:14.768 D/WirelessInsightServiceImpl( 1975): Score: 2
11-20 20:03:14.768 D/WirelessInsightServiceImpl( 1975): notifyListeners: listeners = 0, score = 2
11-20 20:03:15.182 D/UIAutomatorStub(26720): URI: /jsonrpc/0, Method: POST, Header: {content-length=102, remote-addr=127.0.0.1, http-client-ip=127.0.0.1, host=localhost:9010, content-type=application/json, accept-encoding=identity}, params, {NanoHttpd.QUERY_STRING=null}, files: {postData={"jsonrpc": "2.0", "method": "pressKey", "id": "ed650eeebc16fc7409afadf77966c243", "params": ["back"]}}
11-20 20:03:15.212 D/AutofillManagerService( 1194): onBackKeyPressed()
11-20 20:03:15.241 D/UIAutomatorStub(26720): URI: /jsonrpc/0, Method: POST, Header: {content-length=102, remote-addr=127.0.0.1, http-client-ip=127.0.0.1, host=localhost:9010, content-type=application/json, accept-encoding=identity}, params, {NanoHttpd.QUERY_STRING=null}, files: {postData={"jsonrpc": "2.0", "method": "pressKey", "id": "c413766eb58f4d33ccdaec2fb984ce6a", "params": ["back"]}}
11-20 20:03:15.260 W/HWComposer(  577): Ignoring duplicate VSYNC event from HWC for display 0 (t=101739421148844)
11-20 20:03:15.828 D/UIAutomatorStub(26720): URI: /jsonrpc/0, Method: POST, Header: {content-length=102, remote-addr=127.0.0.1, http-client-ip=127.0.0.1, host=localhost:9010, content-type=application/json, accept-encoding=identity}, params, {NanoHttpd.QUERY_STRING=null}, files: {postData={"jsonrpc": "2.0", "method": "pressKey", "id": "d8e2f9781437c6059d9781ba7417e712", "params": ["back"]}}
11-20 20:03:16.084 I/vendor.rmt_storage(  581): rmt_storage_connect_cb: clnt_h=0xa3 conn_h=0x93f2d030
11-20 20:03:16.084 I/vendor.rmt_storage(  581): rmt_storage_rw_iovec_cb: /boot/modem_fs2: req_h=0xa3 msg_id=3: R/W request received (wr_count 155)
11-20 20:03:16.084 I/vendor.rmt_storage(  581): wakelock acquired: 1, error no: 11
11-20 20:03:16.084 I/vendor.rmt_storage(  581): rmt_storage_client_thread: /boot/modem_fs2: Unblock worker thread (th_id: -1826115136)
11-20 20:03:16.170 I/vendor.rmt_storage(  581): rmt_storage_client_thread: /boot/modem_fs2: req_h=0xa3 msg_id=3: Bytes written = 1572864, wr_count 155
11-20 20:03:16.170 I/vendor.rmt_storage(  581): rmt_storage_client_thread: /boot/modem_fs2: req_h=0xa3 msg_id=3: Send response: res=0 err=0, wr_count 155
11-20 20:03:16.170 I/vendor.rmt_storage(  581): rmt_storage_client_thread: /boot/modem_fs2: About to block rmt_storage client thread (th_id: -1826115136) wakelock released: 1, error no: 0
11-20 20:03:16.170 I/vendor.rmt_storage(  581): 
11-20 20:03:16.174 I/vendor.rmt_storage(  581): rmt_storage_disconnect_cb: clnt_h=0xa3 conn_h=0x93f2d030
11-20 20:03:16.317 I/chatty  ( 1194): uid=1000 system_server expire 1 line
11-20 20:03:16.330 D/ComplicationController( 5465): Starting complication controller. Face Type: OdysseyWatchFace
11-20 20:03:16.331 D/ComplicationDataManagerImpl( 5465): Updating complication data for package: com.facebook.wearable.apps.heart, id: com.facebook.wearable.apps.heart.HEART_RATE
11-20 20:03:16.331 D/ComplicationDataManagerImpl( 5465): Updating complication data for package: com.facebook.wearable.apps.calendar, id: com.facebook.wearable.apps.calendar.SHORTCUT_COMPLICATION
11-20 20:03:16.331 D/ComplicationDataManagerImpl( 5465): Updating complication data for package: com.facebook.wearable.apps.clock, id: com.facebook.wearable.apps.clock.SHORTCUT_COMPLICATION
11-20 20:03:16.331 D/ComplicationDataManagerImpl( 5465): Updating complication data for package: com.facebook.wearable.apps.weather, id: com.facebook.wearable.apps.weather.SHORTCUT_COMPLICATION
11-20 20:03:16.331 D/ComplicationDataManagerImpl( 5465): Updating complication data for package: com.facebook.wearable.apps.gallery, id: com.facebook.wearable.apps.gallery.SHORTCUT_COMPLICATION
11-20 20:03:16.331 D/ComplicationDataManagerImpl( 5465): Updating complication data for package: com.facebook.wearable.apps.workout, id: com.facebook.wearable.apps.workout.SHORTCUT_COMPLICATION
11-20 20:03:16.331 D/ComplicationDataManagerImpl( 5465): Updating complication data for package: com.facebook.wearable.apps.player, id: com.facebook.wearable.apps.player.SHORTCUT_COMPLICATION
11-20 20:03:16.338 E/DayDateSystemComplicationProvider( 5465): Updating Day Date System Complication
11-20 20:03:16.339 D/ComplicationDataManagerImpl( 5465): Updating complication data for package: com.facebook.wearable.apps.calendar, id: com.facebook.wearable.apps.calendar.DAY_DATE_COMPLICATION
11-20 20:03:16.348 D/ComplicationDataManagerImpl( 5465): Fetching complication data for package: com.facebook.wearable.apps.calendar, com.facebook.wearable.apps.calendar.DAY_DATE_COMPLICATION.
11-20 20:03:16.349 D/ComplicationDataManagerImpl( 5465): Fetching complication data for package: com.facebook.wearable.apps.player, com.facebook.wearable.apps.player.SHORTCUT_COMPLICATION.
11-20 20:03:16.350 D/ComplicationDataManagerImpl( 5465): Fetching complication data for package: com.facebook.wearable.apps.gallery, com.facebook.wearable.apps.gallery.SHORTCUT_COMPLICATION.
11-20 20:03:16.350 D/ComplicationDataManagerImpl( 5465): Fetching complication data for package: com.facebook.wearable.apps.heart, com.facebook.wearable.apps.heart.HEART_RATE.
11-20 20:03:16.357 D/LauncherActivity( 5465): onResume: Intent { cat=[android.intent.category.HOME] flg=0x10000100 cmp=com.facebook.wearable.system.launcher/.LauncherActivity }
11-20 20:03:16.357 D/LauncherIntentProcessor( 5465): processLauncherActivityIntent: Intent { cat=[android.intent.category.HOME] flg=0x10000100 cmp=com.facebook.wearable.system.launcher/.LauncherActivity }
11-20 20:03:16.378 D/FacebookRepository( 5465): Reading from Store [250223709649332]
11-20 20:03:16.404 I/chatty  ( 1194): uid=1000(system) ActivityManager expire 16 lines
11-20 20:03:16.745 D/UIAutomatorStub(26720): URI: /jsonrpc/0, Method: POST, Header: {content-length=102, remote-addr=127.0.0.1, http-client-ip=127.0.0.1, host=localhost:9010, content-type=application/json, accept-encoding=identity}, params, {NanoHttpd.QUERY_STRING=null}, files: {postData={"jsonrpc": "2.0", "method": "pressKey", "id": "44210f4069b7450c72c056abbf4e5646", "params": ["back"]}}
11-20 20:03:16.904 E/ANDR-PERF-OPTSHANDLER(  557): perf_lock_rel: failed for /sys/class/kgsl/kgsl-3d0/min_pwrlevel as previous value is not stored
11-20 20:03:16.905 E/ANDR-PERF-RESOURCEQS(  557): Failed to reset optimization [3, 0]
11-20 20:03:17.534 D/mcu_health_checker(  946): Sent MCU Health Request
11-20 20:03:15.747 I/chatty  ( 1194): uid=1000(system) android.ui identical 1 line
11-20 20:03:16.272 D/AutofillManagerService( 1194): onBackKeyPressed()
