11-21 00:32:05.835 D/ConnectivityService( 1186): Switching to new default network: NetworkAgentInfo{ ni{[type: WIFI[], state: CONNECTED/CONNECTED, reason: (unspecified), extra: , failover: false, available: true, roaming: false]}  network{169}  nethandle{729255170061}  lp{{InterfaceName: wlan0 LinkAddresses: [ 192.168.1.41/24 ] DnsAddresses: [ /192.168.1.1 ] Domains: null MTU: 0 ServerAddress: /192.168.1.1 TcpBufferSizes: 524288,1048576,2097152,262144,524288,1048576 Routes: [ fe80::/64 -> :: wlan0 mtu 0,192.168.1.0/24 -> 0.0.0.0 wlan0 mtu 0,0.0.0.0/0 -> 192.168.1.1 wlan0 mtu 0 ]}}  nc{[ Transports: WIFI Capabilities: NOT_METERED&INTERNET&NOT_RESTRICTED&TRUSTED&NOT_VPN&VALIDATED&NOT_ROAMING&FOREGROUND&NOT_CONGESTED&NOT_SUSPENDED LinkUpBandwidth>=61000Kbps LinkDnBandwidth>=61000Kbps SignalStrength: -33 OwnerUid: 1000 SSID: "MTBF_Lab" RequestorUid: -1 RequestorPackageName: null]}  Score{60}  everValidated{true}  lastValidated{true}  created{true} lingering{false} explicitlySelected{false} acceptUnvalidated{false} everCaptivePortalDetected{false} lastCaptivePortalDetected{false} partialConnectivity{false} acceptPartialConnectivity{false} clat{mBaseIface: null, mIface: null, mState: IDLE} }
11-21 00:32:05.968 W/SimpleTimeDetectorStrategy( 1186): Existing suggestion found to be invalid  elapsedRealtimeMillis=117813694, timeSuggestion=TelephonyTimeSuggestion{mSlotIndex='0', mUtcTime=TimestampedValue{mReferenceTimeMillis=57092, mValue=1637365770000}, mDebugInfo=[Sending new time suggestion nitzSignal=TimestampedValue{mReferenceTimeMillis=57092, mValue=NitzData{mOriginalString=21/11/19,23:49:30-32,00, mZoneOffset=-28800000, mDstOffset=0, mCurrentTimeMillis=1637365770000, mEmulatorHostTimeZone=null}}, reason=handleNitzReceived(TimestampedValue{mReferenceTimeMillis=57092, mValue=NitzData{mOriginalString=21/11/19,23:49:30-32,00, mZoneOffset=-28800000, mDstOffset=0, mCurrentTimeMillis=1637365770000, mEmulatorHostTimeZone=null}})]}
11-21 00:32:05.976 D/ConnectivityService( 1186): Lingering [101 CELLULAR] for 30000ms
11-21 00:32:05.978 D/ConnectivityService( 1186): Sending DISCONNECTED broadcast for type 0 [101 CELLULAR] isDefaultNetwork=true
11-21 00:32:05.986 D/ConnectivityService( 1186): Sending CONNECTED broadcast for type 1 [169 WIFI] isDefaultNetwork=true
11-21 00:32:06.016 D/ConnectivityService( 1186): Setting DNS servers for network 169 to [/192.168.1.1]
11-21 00:32:06.017 D/DnsManager( 1186): sendDnsConfigurationForNetwork(169, [192.168.1.1], [], 1800, 25, 8, 64, 0, 0, , [192.168.1.1])
11-21 00:32:06.023 I/Nat464Xlat( 1186): Android Xlat is disabled
11-21 00:32:06.023 I/Nat464Xlat( 1186): Android Xlat is disabled
11-21 00:32:07.752 D/commandrouter( 1006): rtc_sync (1, rtc:sync): <ServiceRequest> FORWARDED (remote -> local) service client ID = 0, token ID = 44544
11-21 00:32:07.753 D/commandrouter( 1006): SocServiceHandle::onServiceMessage, SoC Service = rtc_sync, appType = 1, type = SVC_RESP, clientId = 0, token = 44544, payloadLen = 8, result = 0, payload.size() = 8
11-21 00:32:15.307 D/commandrouter( 1006): SocServiceHandle::onServiceMessage, SoC Service = mcu_healthcheck_1029, appType = 1, type = SVC_REQ, clientId = 0, token = 3924, payloadLen = 12, result = 0, payload.size() = 12
11-21 00:32:15.310 D/commandrouter( 1006): mcu_healthcheck_1029 (1, merlot:mcu_health:control): <ServiceResponse> FORWARDED (remote -> local) CR token ID = 3924, service client ID = 40, token ID = 45181, result = 0
11-21 00:32:15.311 D/mculinkhealth( 1029): isMcuReachable 1 (3 ms)
11-21 00:32:15.880 D/commandrouter( 1006): SocServiceHandle::onServiceMessage, SoC Service = mcu_healthcheck_934, appType = 1, type = SVC_REQ, clientId = 0, token = 1962, payloadLen = 20, result = 0, payload.size() = 20
11-21 00:32:15.883 D/commandrouter( 1006): mcu_healthcheck_934 (1, merlot:mcu_health:control): <ServiceResponse> FORWARDED (remote -> local) CR token ID = 1962, service client ID = 5, token ID = 45182, result = 0
11-21 00:32:17.759 D/commandrouter( 1006): rtc_sync (1, rtc:sync): <ServiceRequest> FORWARDED (remote -> local) service client ID = 0, token ID = 44545
11-21 00:32:17.760 D/commandrouter( 1006): SocServiceHandle::onServiceMessage, SoC Service = rtc_sync, appType = 1, type = SVC_RESP, clientId = 0, token = 44545, payloadLen = 8, result = 0, payload.size() = 8
11-21 00:32:24.274 D/AutofillManagerService( 1186): onBackKeyPressed()
11-21 00:32:25.349 I/chatty  ( 1186): uid=1000(system) android.ui identical 2 lines
11-21 00:32:26.596 D/AutofillManagerService( 1186): onBackKeyPressed()
11-21 00:32:27.197 W/ActivityManager( 1186): Invalid packageName: com.facebook.wearable.system.settings/com.facebook.wearable.system.settings.SettingsActivity
11-21 00:32:27.256 D/AppStorageManager( 1186): BEFORE:: Previous Size: 981352448 Current Size: 981045248
11-21 00:32:27.256 D/AppStorageManager( 1186): AFTER:: Previous Size: 981045248 Current Size: 981045248
11-21 00:32:27.298 I/ActivityTaskManager( 1186): START u0 {flg=0x10000000 cmp=com.facebook.wearable.system.settings/.SettingsActivity} from uid 0
11-21 00:32:27.317 I/ActivityTaskManager( 1186): The Process com.facebook.wearable.system.settings Already Exists in BG. So sending its PID: 27399
11-21 00:32:27.318 W/ActivityTaskManager( 1186): Tried to set launchTime (0) < mLastActivityLaunchTime (117803992)
11-21 00:32:27.761 D/commandrouter( 1006): rtc_sync (1, rtc:sync): <ServiceRequest> FORWARDED (remote -> local) service client ID = 0, token ID = 44546
11-21 00:32:27.762 D/commandrouter( 1006): SocServiceHandle::onServiceMessage, SoC Service = rtc_sync, appType = 1, type = SVC_RESP, clientId = 0, token = 44546, payloadLen = 8, result = 0, payload.size() = 8
11-21 00:32:29.931 E/TaskPersister( 1186): File error accessing recents directory (directory doesn't exist?).
11-21 00:32:34.545 D/AnalyticsLogger( 1186): sent events: 12
11-21 00:32:34.972 W/ContextImpl( 1186): Calling a method in the system process without a qualified user: android.app.ContextImpl.sendBroadcastMultiplePermissions:1143 android.content.Context.sendBroadcastWithMultiplePermissions:2150 com.android.server.display.WifiDisplayAdapter.handleSendStatusChangeBroadcast:440 com.android.server.display.WifiDisplayAdapter.access$1700:63 com.android.server.display.WifiDisplayAdapter$WifiDisplayHandler.handleMessage:675 
11-21 00:32:35.472 D/ConnectivityService( 1186): [169 WIFI] EVENT_NETWORK_INFO_CHANGED, going from CONNECTED to DISCONNECTED
11-21 00:32:35.472 D/ConnectivityService( 1186): [169 WIFI] disconnected, was satisfying 26
11-21 00:32:35.566 I/Nat464Xlat( 1186): Android Xlat is disabled
11-21 00:32:35.566 I/Nat464Xlat( 1186): Android Xlat is disabled
11-21 00:32:35.582 D/ConnectivityService( 1186): Sending DISCONNECTED broadcast for type 1 [169 WIFI] isDefaultNetwork=true
11-21 00:32:35.585 D/ConnectivityService( 1186): NetReassign [44 : null → 101, 1480 : null → 101, 11 : null → 101, 63 : null → 101, 17 : null → 101, 25 : null → 101, 1438 : null → 101, 1 : null → 101, 8 : null → 101, 654 : null → 101, 12 : null → 101, 14 : null → 101, 16 : null → 101, 22 : null → 101, 1486 : null → 101]
11-21 00:32:35.599 E/NetlinkEvent(  462): NetlinkEvent::FindParam(): Parameter 'INTERFACE' not found
11-21 00:32:35.599 E/NetlinkEvent(  462): NetlinkEvent::FindParam(): Parameter 'STATE' not found
11-21 00:32:35.599 E/NetlinkEvent(  462): NetlinkEvent::FindParam(): Parameter 'TIME_NS' not found
11-21 00:32:35.599 E/NetlinkEvent(  462): NetlinkEvent::FindParam(): Parameter 'UID' not found
11-21 00:32:35.615 D/ConnectivityService( 1186): Switching to new default network: NetworkAgentInfo{ ni{[type: MOBILE[LTE], state: CONNECTED/CONNECTED, reason: (unspecified), extra: enhancedphone, failover: false, available: true, roaming: false]}  network{101}  nethandle{437197393933}  lp{{InterfaceName: rmnet_data2 LinkAddresses: [ 10.55.48.101/30,2600:381:4804:c4b6:8cdc:8f0b:afe1:ec6b/64 ] DnsAddresses: [ /172.26.38.2,/fc00:a:a::400 ] Domains: null MTU: 1430 TcpBufferSizes: 2097152,4194304,8388608,262144,524288,1048576 Routes: [ 0.0.0.0/0 -> 10.55.48.102 rmnet_data2 mtu 1430,::/0 -> fe80::9db2:334d:2872:1e0a rmnet_data2 mtu 1430,10.55.48.100/30 -> 0.0.0.0 rmnet_data2 mtu 0,2600:381:4804:c4b6::/64 -> :: rmnet_data2 mtu 0 ]}}  nc{[ Transports: CELLULAR Capabilities: MMS&SUPL&FOTA&INTERNET&NOT_RESTRICTED&TRUSTED&NOT_VPN&VALIDATED&NOT_ROAMING&FOREGROUND&NOT_CONGESTED&NOT_SUSPENDED LinkUpBandwidth>=15000Kbps LinkDnBandwidth>=30000Kbps Specifier: <TelephonyNetworkSpecifier [mSubId = 1]> AdministratorUids: [] RequestorUid: -1 RequestorPackageName: null]}  Score{50}  everValidated{true}  lastValidated{true}  created{true} lingering{true} explicitlySelected{false} acceptUnvalidated{false} everCaptivePortalDetected{false} lastCaptivePortalDetected{false} partialConnectivity{false} acceptPartialConnectivity{false} clat{mBaseIface: null, mIface: null, mState: IDLE} }
11-21 00:32:35.737 D/ConnectivityService( 1186): Unlingering [101 CELLULAR]
11-21 00:32:35.741 D/ConnectivityService( 1186): Sending CONNECTED broadcast for type 0 [101 CELLULAR] isDefaultNetwork=true
11-21 00:32:36.271 W/SimpleTimeDetectorStrategy( 1186): Existing suggestion found to be invalid  elapsedRealtimeMillis=117843996, timeSuggestion=TelephonyTimeSuggestion{mSlotIndex='0', mUtcTime=TimestampedValue{mReferenceTimeMillis=57092, mValue=1637365770000}, mDebugInfo=[Sending new time suggestion nitzSignal=TimestampedValue{mReferenceTimeMillis=57092, mValue=NitzData{mOriginalString=21/11/19,23:49:30-32,00, mZoneOffset=-28800000, mDstOffset=0, mCurrentTimeMillis=1637365770000, mEmulatorHostTimeZone=null}}, reason=handleNitzReceived(TimestampedValue{mReferenceTimeMillis=57092, mValue=NitzData{mOriginalString=21/11/19,23:49:30-32,00, mZoneOffset=-28800000, mDstOffset=0, mCurrentTimeMillis=1637365770000, mEmulatorHostTimeZone=null}})]}
11-21 00:32:37.770 D/commandrouter( 1006): rtc_sync (1, rtc:sync): <ServiceRequest> FORWARDED (remote -> local) service client ID = 0, token ID = 44547
11-21 00:32:37.772 D/commandrouter( 1006): SocServiceHandle::onServiceMessage, SoC Service = rtc_sync, appType = 1, type = SVC_RESP, clientId = 0, token = 44547, payloadLen = 8, result = 0, payload.size() = 8
11-21 00:32:39.783 D/AutofillManagerService( 1186): onBackKeyPressed()
11-21 00:32:42.631 I/chatty  ( 1186): uid=1000(system) android.ui identical 3 lines
11-21 00:32:43.626 D/AutofillManagerService( 1186): onBackKeyPressed()
11-21 00:32:44.345 E/TaskPersister( 1186): File error accessing recents directory (directory doesn't exist?).
11-21 00:32:44.619 D/AutofillManagerService( 1186): onBackKeyPressed()
11-21 00:32:45.312 D/commandrouter( 1006): SocServiceHandle::onServiceMessage, SoC Service = mcu_healthcheck_1029, appType = 1, type = SVC_REQ, clientId = 0, token = 3925, payloadLen = 12, result = 0, payload.size() = 12
11-21 00:32:45.315 D/commandrouter( 1006): mcu_healthcheck_1029 (1, merlot:mcu_health:control): <ServiceResponse> FORWARDED (remote -> local) CR token ID = 3925, service client ID = 40, token ID = 45183, result = 0
11-21 00:32:45.316 D/mculinkhealth( 1029): isMcuReachable 1 (4 ms)
11-21 00:32:45.614 D/AutofillManagerService( 1186): onBackKeyPressed()
11-21 00:32:46.627 D/AutofillManagerService( 1186): onBackKeyPressed()
11-21 00:32:47.161 W/ActivityManager( 1186): Invalid packageName: com.facebook.wearable.system.settings/com.facebook.wearable.system.settings.SettingsActivity
11-21 00:32:47.274 I/ActivityTaskManager( 1186): START u0 {flg=0x10000000 cmp=com.facebook.wearable.system.settings/.SettingsActivity} from uid 0
11-21 00:32:47.293 I/ActivityTaskManager( 1186): The Process com.facebook.wearable.system.settings Already Exists in BG. So sending its PID: 27399
11-21 00:32:47.293 W/ActivityTaskManager( 1186): Tried to set launchTime (0) < mLastActivityLaunchTime (117835045)
11-21 00:32:47.787 D/commandrouter( 1006): rtc_sync (1, rtc:sync): <ServiceRequest> FORWARDED (remote -> local) service client ID = 0, token ID = 44548
11-21 00:32:47.788 D/commandrouter( 1006): SocServiceHandle::onServiceMessage, SoC Service = rtc_sync, appType = 1, type = SVC_RESP, clientId = 0, token = 44548, payloadLen = 8, result = 0, payload.size() = 8
11-21 00:32:50.887 E/TaskPersister( 1186): File error accessing recents directory (directory doesn't exist?).
11-21 00:32:54.209 W/ContextImpl( 1186): Calling a method in the system process without a qualified user: android.app.ContextImpl.sendBroadcastMultiplePermissions:1143 android.content.Context.sendBroadcastWithMultiplePermissions:2150 com.android.server.display.WifiDisplayAdapter.handleSendStatusChangeBroadcast:440 com.android.server.display.WifiDisplayAdapter.access$1700:63 com.android.server.display.WifiDisplayAdapter$WifiDisplayHandler.handleMessage:675 
11-21 00:32:55.256 W/ContextImpl( 1186): Calling a method in the system process without a qualified user: android.app.ContextImpl.sendBroadcastMultiplePermissions:1143 android.content.Context.sendBroadcastWithMultiplePermissions:2150 com.android.server.wifi.p2p.WifiP2pServiceImpl$P2pStateMachine.sendBroadcastMultiplePermissions:3209 com.android.server.wifi.p2p.WifiP2pServiceImpl$P2pStateMachine.sendP2pConnectionChangedBroadcast:3236 com.android.server.wifi.p2p.WifiP2pServiceImpl$P2pStateMachine.access$5100:768 
11-21 00:32:55.257 W/BroadcastQueue( 1186): Permission Denial: receiving Intent { act=android.net.wifi.p2p.CONNECTION_STATE_CHANGE flg=0x24000010 (has extras) } to ProcessRecord{688c834 1907:.qtidataservices/u0a88} (pid=1907, uid=10088) requires android.permission.ACCESS_FINE_LOCATION due to sender android (uid 1000)
11-21 00:32:55.267 W/wificond(  911): Scan is not started. Ignore abort request
11-21 00:32:55.368 W/ContextImpl( 1186): Calling a method in the system process without a qualified user: android.app.ContextImpl.sendBroadcastMultiplePermissions:1143 android.content.Context.sendBroadcastWithMultiplePermissions:2150 com.android.server.wifi.p2p.WifiP2pServiceImpl$P2pStateMachine.sendBroadcastMultiplePermissions:3209 com.android.server.wifi.p2p.WifiP2pServiceImpl$P2pStateMachine.sendThisDeviceChangedBroadcast:3218 com.android.server.wifi.p2p.WifiP2pServiceImpl$P2pStateMachine.updateThisDevice:3962 
11-21 00:32:55.744 D/ConnectivityService( 1186): registerNetworkAgent NetworkAgentInfo{ ni{[type: WIFI[], state: UNKNOWN/IDLE, reason: (unspecified), extra: , failover: false, available: true, roaming: false]}  network{170}  nethandle{733550137357}  lp{{InterfaceName: wlan0 LinkAddresses: [ ] DnsAddresses: [ ] Domains: null MTU: 0 Routes: [ ]}}  nc{[ Transports: WIFI Capabilities: NOT_METERED&INTERNET&NOT_RESTRICTED&TRUSTED&NOT_VPN&NOT_ROAMING&FOREGROUND&NOT_CONGESTED&NOT_SUSPENDED LinkUpBandwidth>=72000Kbps LinkDnBandwidth>=72000Kbps OwnerUid: 1000 SSID: "MTBF_Lab" RequestorUid: -1 RequestorPackageName: null]}  Score{20}  everValidated{false}  lastValidated{false}  created{false} lingering{false} explicitlySelected{false} acceptUnvalidated{false} everCaptivePortalDetected{false} lastCaptivePortalDetected{false} partialConnectivity{false} acceptPartialConnectivity{false} clat{mBaseIface: null, mIface: null, mState: IDLE} }
11-21 00:32:55.760 D/ConnectivityService( 1186): [170 WIFI] EVENT_NETWORK_INFO_CHANGED, going from UNKNOWN to UNKNOWN
11-21 00:32:55.910 D/ConnectivityService( 1186): NetReassign [no changes]
11-21 00:32:55.952 I/Nat464Xlat( 1186): Android Xlat is disabled
11-21 00:32:55.952 I/Nat464Xlat( 1186): Android Xlat is disabled
11-21 00:32:56.227 E/ConnectivityService( 1186): Exception in networkAddRouteParcel for non-gateway: android.os.ServiceSpecificException: Machine is not on the network (code 64)
11-21 00:32:56.229 E/ConnectivityService( 1186): Exception in networkAddRouteParcel for gateway: android.os.ServiceSpecificException: Machine is not on the network (code 64)
11-21 00:32:56.230 I/Nat464Xlat( 1186): Android Xlat is disabled
11-21 00:32:56.230 I/Nat464Xlat( 1186): Android Xlat is disabled
11-21 00:32:56.305 D/ConnectivityService( 1186): Setting DNS servers for network 170 to [/192.168.1.1]
11-21 00:32:56.306 I/Nat464Xlat( 1186): Android Xlat is disabled
11-21 00:32:56.306 I/Nat464Xlat( 1186): Android Xlat is disabled
11-21 00:32:56.369 D/ConnectivityService( 1186): [170 WIFI] EVENT_NETWORK_INFO_CHANGED, going from UNKNOWN to CONNECTED
11-21 00:32:56.371 D/DnsManager( 1186): sendDnsConfigurationForNetwork(170, [192.168.1.1], [], 1800, 25, 8, 64, 0, 0, , [])
11-21 00:32:56.374 W/DnsManager( 1186): updatePrivateDns(170, PrivateDnsConfig{true:/[]})
11-21 00:32:56.374 D/ConnectivityService( 1186): Setting DNS servers for network 170 to [/192.168.1.1]
11-21 00:32:56.375 D/DnsManager( 1186): sendDnsConfigurationForNetwork(170, [192.168.1.1], [], 1800, 25, 8, 64, 0, 0, , [192.168.1.1])
11-21 00:32:56.377 D/ConnectivityService( 1186): Adding iface wlan0 to network 170
11-21 00:32:56.412 D/ConnectivityService( 1186): Setting DNS servers for network 170 to [/192.168.1.1]
11-21 00:32:56.413 D/DnsManager( 1186): sendDnsConfigurationForNetwork(170, [192.168.1.1], [], 1800, 25, 8, 64, 0, 0, , [192.168.1.1])
11-21 00:32:56.416 I/Nat464Xlat( 1186): Android Xlat is disabled
11-21 00:32:56.416 I/Nat464Xlat( 1186): Android Xlat is disabled
11-21 00:32:56.479 D/ConnectivityService( 1186): NetReassign [no changes]
11-21 00:32:56.666 D/ConnectivityService( 1186): [170 WIFI] validation passed
11-21 00:32:56.667 D/ConnectivityService( 1186): NetReassign [44 : 101 → 170, 1480 : 101 → 170, 11 : 101 → 170, 63 : 101 → 170, 17 : 101 → 170, 25 : 101 → 170, 1438 : 101 → 170, 1 : 101 → 170, 8 : 101 → 170, 654 : 101 → 170, 12 : 101 → 170, 14 : 101 → 170, 16 : 101 → 170, 22 : 101 → 170, 1486 : 101 → 170]
11-21 00:32:56.672 E/NetlinkEvent(  462): NetlinkEvent::FindParam(): Parameter 'INTERFACE' not found
11-21 00:32:56.672 E/NetlinkEvent(  462): NetlinkEvent::FindParam(): Parameter 'STATE' not found
11-21 00:32:56.672 E/NetlinkEvent(  462): NetlinkEvent::FindParam(): Parameter 'TIME_NS' not found
11-21 00:32:56.672 E/NetlinkEvent(  462): NetlinkEvent::FindParam(): Parameter 'UID' not found
11-21 00:32:56.691 D/ConnectivityService( 1186): Switching to new default network: NetworkAgentInfo{ ni{[type: WIFI[], state: CONNECTED/CONNECTED, reason: (unspecified), extra: , failover: false, available: true, roaming: false]}  network{170}  nethandle{733550137357}  lp{{InterfaceName: wlan0 LinkAddresses: [ 192.168.1.41/24 ] DnsAddresses: [ /192.168.1.1 ] Domains: null MTU: 0 ServerAddress: /192.168.1.1 TcpBufferSizes: 524288,1048576,2097152,262144,524288,1048576 Routes: [ fe80::/64 -> :: wlan0 mtu 0,192.168.1.0/24 -> 0.0.0.0 wlan0 mtu 0,0.0.0.0/0 -> 192.168.1.1 wlan0 mtu 0 ]}}  nc{[ Transports: WIFI Capabilities: NOT_METERED&INTERNET&NOT_RESTRICTED&TRUSTED&NOT_VPN&VALIDATED&NOT_ROAMING&FOREGROUND&NOT_CONGESTED&NOT_SUSPENDED LinkUpBandwidth>=61000Kbps LinkDnBandwidth>=61000Kbps SignalStrength: -32 OwnerUid: 1000 SSID: "MTBF_Lab" RequestorUid: -1 RequestorPackageName: null]}  Score{60}  everValidated{true}  lastValidated{true}  created{true} lingering{false} explicitlySelected{false} acceptUnvalidated{false} everCaptivePortalDetected{false} lastCaptivePortalDetected{false} partialConnectivity{false} acceptPartialConnectivity{false} clat{mBaseIface: null, mIface: null, mState: IDLE} }
11-21 00:32:56.819 W/SimpleTimeDetectorStrategy( 1186): Existing suggestion found to be invalid  elapsedRealtimeMillis=117864544, timeSuggestion=TelephonyTimeSuggestion{mSlotIndex='0', mUtcTime=TimestampedValue{mReferenceTimeMillis=57092, mValue=1637365770000}, mDebugInfo=[Sending new time suggestion nitzSignal=TimestampedValue{mReferenceTimeMillis=57092, mValue=NitzData{mOriginalString=21/11/19,23:49:30-32,00, mZoneOffset=-28800000, mDstOffset=0, mCurrentTimeMillis=1637365770000, mEmulatorHostTimeZone=null}}, reason=handleNitzReceived(TimestampedValue{mReferenceTimeMillis=57092, mValue=NitzData{mOriginalString=21/11/19,23:49:30-32,00, mZoneOffset=-28800000, mDstOffset=0, mCurrentTimeMillis=1637365770000, mEmulatorHostTimeZone=null}})]}
11-21 00:32:56.837 D/ConnectivityService( 1186): Lingering [101 CELLULAR] for 30000ms
11-21 00:32:56.840 D/ConnectivityService( 1186): Sending DISCONNECTED broadcast for type 0 [101 CELLULAR] isDefaultNetwork=true
11-21 00:32:56.848 D/ConnectivityService( 1186): Sending CONNECTED broadcast for type 1 [170 WIFI] isDefaultNetwork=true
11-21 00:32:56.901 D/ConnectivityService( 1186): Setting DNS servers for network 170 to [/192.168.1.1]
11-21 00:32:56.903 D/DnsManager( 1186): sendDnsConfigurationForNetwork(170, [192.168.1.1], [], 1800, 25, 8, 64, 0, 0, , [192.168.1.1])
11-21 00:32:57.238 I/Nat464Xlat( 1186): Android Xlat is disabled
11-21 00:32:57.238 I/Nat464Xlat( 1186): Android Xlat is disabled
11-21 00:32:57.771 D/commandrouter( 1006): rtc_sync (1, rtc:sync): <ServiceRequest> FORWARDED (remote -> local) service client ID = 0, token ID = 44549
11-21 00:32:57.771 D/commandrouter( 1006): SocServiceHandle::onServiceMessage, SoC Service = rtc_sync, appType = 1, type = SVC_RESP, clientId = 0, token = 44549, payloadLen = 8, result = 0, payload.size() = 8
11-21 00:33:07.770 D/commandrouter( 1006): rtc_sync (1, rtc:sync): <ServiceRequest> FORWARDED (remote -> local) service client ID = 0, token ID = 44550
11-21 00:33:07.770 D/commandrouter( 1006): SocServiceHandle::onServiceMessage, SoC Service = rtc_sync, appType = 1, type = SVC_RESP, clientId = 0, token = 44550, payloadLen = 8, result = 0, payload.size() = 8
11-21 00:33:15.317 D/commandrouter( 1006): SocServiceHandle::onServiceMessage, SoC Service = mcu_healthcheck_1029, appType = 1, type = SVC_REQ, clientId = 0, token = 3926, payloadLen = 12, result = 0, payload.size() = 12
11-21 00:33:15.320 D/commandrouter( 1006): mcu_healthcheck_1029 (1, merlot:mcu_health:control): <ServiceResponse> FORWARDED (remote -> local) CR token ID = 3926, service client ID = 40, token ID = 45184, result = 0
11-21 00:33:15.320 D/mculinkhealth( 1029): isMcuReachable 1 (4 ms)
11-21 00:33:15.460 D/AutofillManagerService( 1186): onBackKeyPressed()
11-21 00:33:15.884 D/commandrouter( 1006): SocServiceHandle::onServiceMessage, SoC Service = mcu_healthcheck_934, appType = 1, type = SVC_REQ, clientId = 0, token = 1963, payloadLen = 20, result = 0, payload.size() = 20
11-21 00:33:15.887 D/commandrouter( 1006): mcu_healthcheck_934 (1, merlot:mcu_health:control): <ServiceResponse> FORWARDED (remote -> local) CR token ID = 1963, service client ID = 5, token ID = 45185, result = 0
11-21 00:33:15.991 D/AutofillManagerService( 1186): onBackKeyPressed()
11-21 00:33:16.517 I/chatty  ( 1186): uid=1000(system) android.ui identical 1 line
11-21 00:33:17.729 D/AutofillManagerService( 1186): onBackKeyPressed()
11-21 00:33:17.766 D/commandrouter( 1006): rtc_sync (1, rtc:sync): <ServiceRequest> FORWARDED (remote -> local) service client ID = 0, token ID = 44551
11-21 00:33:17.768 D/commandrouter( 1006): SocServiceHandle::onServiceMessage, SoC Service = rtc_sync, appType = 1, type = SVC_RESP, clientId = 0, token = 44551, payloadLen = 8, result = 0, payload.size() = 8
11-21 00:33:18.160 W/ActivityManager( 1186): Invalid packageName: com.facebook.wearable.system.settings/com.facebook.wearable.system.settings.SettingsActivity
11-21 00:33:18.254 I/ActivityTaskManager( 1186): START u0 {flg=0x10000000 cmp=com.facebook.wearable.system.settings/.SettingsActivity} from uid 0
11-21 00:33:18.271 I/ActivityTaskManager( 1186): The Process com.facebook.wearable.system.settings Already Exists in BG. So sending its PID: 27399
11-21 00:33:18.271 W/ActivityTaskManager( 1186): Tried to set launchTime (0) < mLastActivityLaunchTime (117855021)
--------- beginning of main
11-21 00:33:18.778 D/ComplicationDataManagerImpl(11143): Fetching complication data for package: com.facebook.wearable.apps.gallery, com.facebook.wearable.apps.gallery.SHORTCUT_COMPLICATION.
11-21 00:33:18.778 D/ComplicationDataManagerImpl(11143): Fetching complication data for package: com.facebook.wearable.apps.heart, com.facebook.wearable.apps.heart.HEART_RATE.
11-21 00:33:18.781 D/CompatibilityInfo( 1186): mCompatibilityFlags - 4
11-21 00:33:18.781 D/CompatibilityInfo( 1186): applicationDensity - 320
11-21 00:33:18.781 D/CompatibilityInfo( 1186): applicationScale - 1.0
11-21 00:33:19.321 D/UIAutomatorStub( 6483): URI: /jsonrpc/0, Method: POST, Header: {content-length=192, remote-addr=127.0.0.1, http-client-ip=127.0.0.1, host=localhost:9012, content-type=application/json, accept-encoding=identity}, params, {NanoHttpd.QUERY_STRING=null}, files: {postData={"jsonrpc": "2.0", "method": "waitForExists", "id": "2ba07e1bd99108bf393f1ba35195c7d9", "params": [{"mask": 1, "childOrSibling": [], "childOrSiblingSelector": [], "text": "Notifications"}, 5]}}
11-21 00:33:19.357 D/UIAutomatorStub( 6483): URI: /jsonrpc/0, Method: POST, Header: {content-length=191, remote-addr=127.0.0.1, http-client-ip=127.0.0.1, host=localhost:9012, content-type=application/json, accept-encoding=identity}, params, {NanoHttpd.QUERY_STRING=null}, files: {postData={"jsonrpc": "2.0", "method": "waitForExists", "id": "2f771e5a7242dde147a031341ff93ff9", "params": [{"mask": 1, "childOrSibling": [], "childOrSiblingSelector": [], "text": "Connectivity"}, 5]}}
11-21 00:33:19.413 D/UIAutomatorStub( 6483): URI: /jsonrpc/0, Method: POST, Header: {content-length=180, remote-addr=127.0.0.1, http-client-ip=127.0.0.1, host=localhost:9012, content-type=application/json, accept-encoding=identity}, params, {NanoHttpd.QUERY_STRING=null}, files: {postData={"jsonrpc": "2.0", "method": "click", "id": "c53c5527d228e1eb5e6beff4a2b45dd6", "params": [{"mask": 1, "childOrSibling": [], "childOrSiblingSelector": [], "text": "Connectivity"}]}}
11-21 00:33:19.461 E/ANDR-PERF-OPTSHANDLER(  552): Unable to find the correct node storage pointers for                   resource index=16, node path=/proc/sys/kernel/sched_upmigrate
11-21 00:33:19.461 E/ANDR-PERF-RESOURCEQS(  552): Failed to reset optimization [3, 7]
11-21 00:33:19.461 E/ANDR-PERF-OPTSHANDLER(  552): Unable to find the correct node storage pointers for                   resource index=17, node path=/proc/sys/kernel/sched_downmigrate
11-21 00:33:19.461 E/ANDR-PERF-RESOURCEQS(  552): Failed to reset optimization [3, 8]
11-21 00:33:19.461 E/ANDR-PERF-OPTSHANDLER(  552): Perflock resource /sys/module/lpm_levels/parameters/bias_hyst not supported
11-21 00:33:19.461 E/ANDR-PERF-RESOURCEQS(  552): Failed to reset optimization [1, 2]
11-21 00:33:19.461 E/ANDR-PERF-OPTSHANDLER(  552): Perflock resource /proc/sys/kernel/sched_group_upmigrate not supported
11-21 00:33:19.461 E/ANDR-PERF-RESOURCEQS(  552): Failed to reset optimization [3, 21]
11-21 00:33:19.461 E/ANDR-PERF-OPTSHANDLER(  552): Perflock resource /proc/sys/kernel/sched_group_downmigrate not supported
11-21 00:33:19.461 E/ANDR-PERF-RESOURCEQS(  552): Failed to reset optimization [3, 22]
11-21 00:33:19.509 W/StatusBarClientConnection(27399): Messenger is null, ignoring message: { when=-1d8h44m47s235ms barrier=1 }
11-21 00:33:19.537 E/StatusBarClientConnection(27399): Service connected
11-21 00:33:19.556 W/View    (27399): requestLayout() improperly called by android.view.View{dc29dc9 V.ED..... ......I. 0,368-474,474} during layout: running second layout pass
11-21 00:33:19.576 W/View    (27399): requestLayout() improperly called by com.facebook.wearable.common.wds.listview.WdsListView{aa807 V.E..V... ........ 0,0-474,474} during second layout pass: posting in next frame
11-21 00:33:20.163 W/System  ( 2620): ClassLoader referenced unknown path: /system/framework/tcmclient.jar
11-21 00:33:20.263 E/ANDR-PERF-OPTSHANDLER(  552): perf_lock_rel: failed for /proc/sys/vm/swap_ratio as previous value is not stored
11-21 00:33:20.263 E/ANDR-PERF-OPTSHANDLER(  552): perf_lock_rel: failed for /sys/class/kgsl/kgsl-3d0/min_pwrlevel as previous value is not stored
11-21 00:33:20.264 E/ANDR-PERF-RESOURCEQS(  552): Failed to reset optimization [3, 0]
11-21 00:33:20.380 I/chatty  ( 2334): uid=10062(com.facebook.wearable.system.selfcare) MainTP_1163 expire 4 lines
11-21 00:33:20.411 I/chatty  ( 2334): uid=10062(com.facebook.wearable.system.selfcare) DefaultDispatch expire 33 lines
11-21 00:33:20.529 I/chatty  ( 2334): uid=10062(com.facebook.wearable.system.selfcare) MainTP_1166 expire 3 lines
11-21 00:33:20.711 I/chatty  ( 2334): uid=10062(com.facebook.wearable.system.selfcare) MainTP_1168 expire 4 lines
11-21 00:33:20.882 I/chatty  ( 2334): uid=10062(com.facebook.wearable.system.selfcare) MainTP_1169 expire 3 lines
11-21 00:33:20.915 I/chatty  ( 2334): uid=10062(com.facebook.wearable.system.selfcare) pool-3-thread-2 expire 6 lines
11-21 00:33:21.040 I/chatty  ( 2334): uid=10062(com.facebook.wearable.system.selfcare) MainTP_1167 expire 3 lines
11-21 00:33:21.074 E/TaskPersister( 1186): File error accessing recents directory (directory doesn't exist?).
11-21 00:33:21.733 I/chatty  ( 2334): uid=10062(com.facebook.wearable.system.selfcare) pool-3-thread-1 expire 6 lines
11-21 00:33:22.536 D/UIAutomatorStub( 6483): URI: /jsonrpc/0, Method: POST, Header: {content-length=183, remote-addr=127.0.0.1, http-client-ip=127.0.0.1, host=localhost:9012, content-type=application/json, accept-encoding=identity}, params, {NanoHttpd.QUERY_STRING=null}, files: {postData={"jsonrpc": "2.0", "method": "waitForExists", "id": "8f970f35fd4f8177d61df162f466493d", "params": [{"mask": 1, "childOrSibling": [], "childOrSiblingSelector": [], "text": "WiFi"}, 5]}}
11-21 00:33:22.576 D/UIAutomatorStub( 6483): URI: /jsonrpc/0, Method: POST, Header: {content-length=172, remote-addr=127.0.0.1, http-client-ip=127.0.0.1, host=localhost:9012, content-type=application/json, accept-encoding=identity}, params, {NanoHttpd.QUERY_STRING=null}, files: {postData={"jsonrpc": "2.0", "method": "click", "id": "98fd7e863130fd2832a5535d0689965f", "params": [{"mask": 1, "childOrSibling": [], "childOrSiblingSelector": [], "text": "WiFi"}]}}
11-21 00:33:22.625 W/HWComposer(  598): Ignoring duplicate VSYNC event from HWC for display 0 (t=117890351010443)
11-21 00:33:22.648 W/StatusBarClientConnection(27399): Messenger is null, ignoring message: { when=-1d8h44m50s374ms barrier=1 }
11-21 00:33:22.667 D/CompatibilityInfo( 1186): mCompatibilityFlags - 4
11-21 00:33:22.667 D/CompatibilityInfo( 1186): applicationDensity - 320
11-21 00:33:22.667 D/CompatibilityInfo( 1186): applicationScale - 1.0
11-21 00:33:22.677 D/WifiConnector( 2870): Network State Changed
11-21 00:33:22.678 E/StatusBarClientConnection(27399): Service connected
11-21 00:33:22.689 W/View    (27399): requestLayout() improperly called by android.view.View{6886e31 V.ED..... ......I. 0,368-474,474} during layout: running second layout pass
11-21 00:33:22.717 D/WifiSharingService( 2870): Starting Wi-Fi scan
11-21 00:33:22.718 I/WifiService( 1186): startScan uid=1000
11-21 00:33:22.730 D/WifiNative( 1186): Scan trigered from WifiNative
11-21 00:33:22.730 W/View    (27399): requestLayout() improperly called by com.facebook.wearable.common.wds.listview.WdsListView{ceaf78c V.E..V... ........ 0,0-474,474} during second layout pass: posting in next frame
11-21 00:33:22.733 I/chatty  ( 1026): uid=1021(gps) lowi-server expire 42 lines
11-21 00:33:22.734 V/WifiHAL (  544): event received NL80211_CMD_TRIGGER_SCAN
11-21 00:33:22.771 I/chatty  ( 2334): uid=10062(com.facebook.wearable.system.selfcare) pool-3-thread-3 expire 2 lines
11-21 00:33:23.177 I/chatty  ( 2334): uid=10062(com.facebook.wearable.system.selfcare) DefaultDispatch expire 2 lines
11-21 00:33:23.178 I/chatty  ( 2334): uid=10062(com.facebook.wearable.system.selfcare) MainTP_1166 expire 1 line
11-21 00:33:23.211 I/WM-WorkerWrapper( 2334): Work [ id=57f248e9-27c9-4baa-bcea-f98e3ece0d1a, tags={ com.facebook.wearable.system.selfcare.cloudsync.SelfCareDataCloudSyncWorker } ] was cancelled
11-21 00:33:23.211 I/WM-WorkerWrapper( 2334): java.util.concurrent.CancellationException: Task was cancelled.
11-21 00:33:23.211 I/WM-WorkerWrapper( 2334): 	at androidx.work.impl.utils.futures.AbstractFuture.getDoneValue(:32)
11-21 00:33:23.211 I/WM-WorkerWrapper( 2334): 	at androidx.work.impl.utils.futures.AbstractFuture.get(:268435546)
11-21 00:33:23.211 I/WM-WorkerWrapper( 2334): 	at androidx.work.impl.WorkerWrapper$2.run(:3)
11-21 00:33:23.211 I/WM-WorkerWrapper( 2334): 	at androidx.work.impl.utils.SerialExecutor$Task.run(:2)
11-21 00:33:23.211 I/WM-WorkerWrapper( 2334): 	at java.util.concurrent.ThreadPoolExecutor.runWorker(ThreadPoolExecutor.java:1167)
11-21 00:33:23.211 I/WM-WorkerWrapper( 2334): 	at java.util.concurrent.ThreadPoolExecutor$Worker.run(ThreadPoolExecutor.java:641)
11-21 00:33:23.211 I/WM-WorkerWrapper( 2334): 	at java.lang.Thread.run(Thread.java:923)
11-21 00:33:23.238 D/WifiNl80211Manager( 1186): Scan result ready event
11-21 00:33:23.238 D/WifiNative( 1186): Scan result ready event
11-21 00:33:23.241 D/LOWI-9.0.0.80( 1026): [LOWI-Scan] BSS be:9e:0e:1c:6e:7f FREQ: 2412, cFreq1[40:80:160] = [0:0:0] cFreq2 = 0 Country Code =    
11-21 00:33:23.241 D/LOWI-9.0.0.80( 1026): [LOWI-Scan] BSS be:9e:0e:1c:6e:7f (wlan0) ASSO: NO AddInfo: 0x1, TSF 1, 08:44:50.962, RSSI: -112, CPL: 127, AGE: 0,  SSID Pixel_3541, TSFDelta: 0x0, TXRate: 0
11-21 00:33:23.241 D/LOWI-9.0.0.80( 1026): [LOWI-Scan] 
11-21 00:33:23.241 D/LOWI-9.0.0.80( 1026): [LOWI-Scan] print_bss_handler: Report Probe TSF 117890962329 as it greater than Beacon TSF 117256216475
11-21 00:33:23.241 I/LOWI-9.0.0.80( 1026): [LOWI-Scan] RSN_IE
11-21 00:33:23.241 D/LOWI-9.0.0.80( 1026): [LOWI-Scan] decode_rsn_wpa_ie: Entered
11-21 00:33:23.241 D/LOWI-9.0.0.80( 1026): [LOWIUtils] hexDump: msg(30 14 01 00 00 0f ac 04 01 00 00 0f ac 04 01 00 00 0f ac 02 )
11-21 00:33:23.241 D/LOWI-9.0.0.80( 1026): [LOWI-Scan] decode_rsn_wpa_ie: LOWI_ENCRYPTION_TYPE_WPA_PSK
11-21 00:33:23.241 D/LOWI-9.0.0.80( 1026): [LOWI-Scan] is_qcom_ie, bss_age: 6
11-21 00:33:23.241 D/LOWI-9.0.0.80( 1026): [LOWI-Scan] BSS 2c:57:41:86:94:a1 LOWI_PHY_MODE_11NG_HT20(5), Beacon Interval: 100, LOWI_ENCRYPTION_TYPE_WPA_PSK 11mcRanging: No, ANQP: No, LCI: No, Civic: No, capability(0x1411): ESS Privacy ShortSlotTime
11-21 00:33:23.241 D/LOWI-9.0.0.80( 1026): [LOWI-Scan] BSS 2c:57:41:86:94:a1 FREQ: 2462, cFreq1[40:80:160] = [0:0:0] cFreq2 = 0 Country Code = US
11-21 00:33:23.241 D/LOWI-9.0.0.80( 1026): [LOWI-Scan] BSS 2c:57:41:86:94:a1 (wlan0) ASSO: NO AddInfo: 0x0, TSF 1, 08:44:50.962, RSSI: -144, CPL: 2, AGE: 0,  SSID kittyhawk, TSFDelta: 0x0, TXRate: 0
11-21 00:33:23.241 D/LOWI-9.0.0.80( 1026): [LOWI-Scan] 
11-21 00:33:23.241 D/LOWI-9.0.0.80( 1026): [LOWI-Scan] print_bss_handler: Report Probe TSF 117890962195 as it greater than Beacon TSF 117499713611
11-21 00:33:23.241 I/LOWI-9.0.0.80( 1026): [LOWI-Scan] RSN_IE
11-21 00:33:23.242 D/LOWI-9.0.0.80( 1026): [LOWI-Scan] decode_rsn_wpa_ie: Entered
11-21 00:33:23.242 D/LOWI-9.0.0.80( 1026): [LOWIUtils] hexDump: msg(30 14 01 00 00 0f ac 04 01 00 00 0f ac 04 01 00 00 0f ac 02 )
11-21 00:33:23.242 D/LOWI-9.0.0.80( 1026): [LOWI-Scan] decode_rsn_wpa_ie: LOWI_ENCRYPTION_TYPE_WPA_PSK
11-21 00:33:23.242 D/LOWI-9.0.0.80( 1026): [LOWI-Scan] is_qcom_ie, bss_age: 24
11-21 00:33:23.242 D/LOWI-9.0.0.80( 1026): [LOWI-Scan] BSS ce:dc:12:3b:87:fd LOWI_PHY_MODE_11AC_VHT20_2G(11), Beacon Interval: 100, LOWI_ENCRYPTION_TYPE_WPA_PSK 11mcRanging: No, ANQP: Yes, LCI: No, Civic: No, capability(0x1431): ESS Privacy ShortPreamble ShortSlotTime
11-21 00:33:23.242 D/LOWI-9.0.0.80( 1026): [LOWI-Scan] BSS ce:dc:12:3b:87:fd FREQ: 2437, cFreq1[40:80:160] = [0:0:0] cFreq2 = 0 Country Code =    
11-21 00:33:23.242 D/LOWI-9.0.0.80( 1026): [LOWI-Scan] BSS ce:dc:12:3b:87:fd (wlan0) ASSO: NO AddInfo: 0x0, TSF 1, 08:44:50.962, RSSI: -100, CPL: 127, AGE: 0,  SSID Pixel5_R1, TSFDelta: 0x0, TXRate: 0
11-21 00:33:23.242 D/LOWI-9.0.0.80( 1026): [LOWI-Scan]  -- associated
11-21 00:33:23.242 D/LOWI-9.0.0.80( 1026): [LOWI-Scan] 
11-21 00:33:23.242 D/LOWI-9.0.0.80( 1026): [LOWI-Scan] print_bss_handler: Report Probe TSF 117890962132 as it greater than Beacon TSF 117607402384
11-21 00:33:23.242 I/LOWI-9.0.0.80( 1026): [LOWI-Scan] RSN_IE
11-21 00:33:23.242 D/LOWI-9.0.0.80( 1026): [LOWI-Scan] decode_rsn_wpa_ie: Entered
11-21 00:33:23.242 D/LOWI-9.0.0.80( 1026): [LOWIUtils] hexDump: msg(30 14 01 00 00 0f ac 04 01 00 00 0f ac 04 01 00 00 0f ac 02 )
11-21 00:33:23.242 D/LOWI-9.0.0.80( 1026): [LOWI-Scan] decode_rsn_wpa_ie: LOWI_ENCRYPTION_TYPE_WPA_PSK
11-21 00:33:23.242 D/LOWI-9.0.0.80( 1026): [LOWI-Scan]  No Secondary channel present
11-21 00:33:23.242 D/LOWI-9.0.0.80( 1026): [LOWI-Scan] is_qcom_ie, bss_age: 30
11-21 00:33:23.242 D/LOWI-9.0.0.80( 1026): [LOWI-Scan] BSS 6c:cd:d6:25:63:2a LOWI_PHY_MODE_11NG_HT20(5), Beacon Interval: 100, LOWI_ENCRYPTION_TYPE_WPA_PSK 11mcRanging: No, ANQP: No, LCI: No, Civic: No, capability(0x0511): ESS Privacy SpectrumMgmt ShortSlotTime
11-21 00:33:23.242 D/LOWI-9.0.0.80( 1026): [LOWI-Scan] BSS 6c:cd:d6:25:63:2a FREQ: 2432, cFreq1[40:80:160] = [2432:0:0] cFreq2 = 0 Country Code = US 
11-21 00:33:23.243 D/LOWI-9.0.0.80( 1026): [LOWI-Scan] BSS 6c:cd:d6:25:63:2a (wlan0) ASSO: YES AddInfo: 0x0, TSF 1, 08:44:50.962, RSSI: -68, CPL: 127, AGE: 0,  SSID MTBF_Lab, TSFDelta: 0x0, TXRate: 0
11-21 00:33:23.243 D/LOWI-9.0.0.80( 1026): [LOWI-Scan] 
11-21 00:33:23.243 D/LOWI-9.0.0.80( 1026): [LOWI-Scan] print_bss_handler: Report Probe TSF 117890962300 as it greater than Beacon TSF 117709337742
11-21 00:33:23.243 I/LOWI-9.0.0.80( 1026): [LOWI-Scan] RSN_IE
11-21 00:33:23.243 D/LOWI-9.0.0.80( 1026): [LOWI-Scan] decode_rsn_wpa_ie: Entered
11-21 00:33:23.243 D/LOWI-9.0.0.80( 1026): [LOWIUtils] hexDump: msg(30 14 01 00 00 0f ac 04 01 00 00 0f ac 04 01 00 00 0f ac 02 )
11-21 00:33:23.243 D/LOWI-9.0.0.80( 1026): [LOWI-Scan] decode_rsn_wpa_ie: LOWI_ENCRYPTION_TYPE_WPA_PSK
11-21 00:33:23.243 D/LOWI-9.0.0.80( 1026): [LOWI-Scan] is_qcom_ie, bss_age: 4
11-21 00:33:23.243 D/LOWI-9.0.0.80( 1026): [LOWI-Scan] BSS 2c:57:41:86:90:a1 LOWI_PHY_MODE_11NG_HT20(5), Beacon Interval: 100, LOWI_ENCRYPTION_TYPE_WPA_PSK 11mcRanging: No, ANQP: No, LCI: No, Civic: No, capability(0x1411): ESS Privacy ShortSlotTime
11-21 00:33:23.243 D/LOWI-9.0.0.80( 1026): [LOWI-Scan] BSS 2c:57:41:86:90:a1 FREQ: 2462, cFreq1[40:80:160] = [0:0:0] cFreq2 = 0 Country Code = US
11-21 00:33:23.243 D/LOWI-9.0.0.80( 1026): [LOWI-Scan] BSS 2c:57:41:86:90:a1 (wlan0) ASSO: NO AddInfo: 0x0, TSF 1, 08:44:50.962, RSSI: -140, CPL: 2, AGE: 0,  SSID kittyhawk, TSFDelta: 0x0, TXRate: 0
11-21 00:33:23.244 D/LOWI-9.0.0.80( 1026): [LOWI-Scan] 
11-21 00:33:23.244 D/LOWI-9.0.0.80( 1026): [LOWI-Scan] print_bss_handler: Report beacon TSF 117890962225 as it greater than probe TSF 117862581261
11-21 00:33:23.244 I/LOWI-9.0.0.80( 1026): [LOWI-Scan] RSN_IE
11-21 00:33:23.244 D/LOWI-9.0.0.80( 1026): [LOWI-Scan] decode_rsn_wpa_ie: Entered
11-21 00:33:23.244 D/LOWI-9.0.0.80( 1026): [LOWIUtils] hexDump: msg(30 14 01 00 00 0f ac 04 01 00 00 0f ac 04 01 00 00 0f ac 02 )
11-21 00:33:23.244 D/LOWI-9.0.0.80( 1026): [LOWI-Scan] decode_rsn_wpa_ie: LOWI_ENCRYPTION_TYPE_WPA_PSK
11-21 00:33:23.244 D/LOWI-9.0.0.80( 1026): [LOWI-Scan] is_qcom_ie, bss_age: 15
11-21 00:33:23.248 V/WifiHAL (  544): event received NL80211_CMD_NEW_SCAN_RESULTS
11-21 00:33:23.248 D/LOWI-9.0.0.80( 1026): [LOWI-Scan] BSS fe:2d:5a:49:61:eb LOWI_PHY_MODE_11AC_VHT20_2G(11), Beacon Interval: 100, LOWI_ENCRYPTION_TYPE_WPA_PSK 11mcRanging: No, ANQP: Yes, LCI: No, Civic: No, capability(0x1431): ESS Privacy ShortPreamble ShortSlotTime
11-21 00:33:23.248 D/LOWI-9.0.0.80( 1026): [LOWI-Scan] BSS fe:2d:5a:49:61:eb FREQ: 2452, cFreq1[40:80:160] = [0:0:0] cFreq2 = 0 Country Code =    
11-21 00:33:23.248 D/LOWI-9.0.0.80( 1026): [LOWI-Scan] BSS fe:2d:5a:49:61:eb (wlan0) ASSO: NO AddInfo: 0x1, TSF 1, 08:44:50.962, RSSI: -96, CPL: 127, AGE: 0,  SSID Pixel_R2, TSFDelta: 0x0, TXRate: 0
11-21 00:33:23.249 D/LOWI-9.0.0.80( 1026): [LOWI-Scan] 
11-21 00:33:23.249 D/LOWI-9.0.0.80( 1026): [LOWI-Scan] print_bss_handler: Report Probe TSF 117890962241 as it greater than Beacon TSF 117789048562
11-21 00:33:23.249 I/LOWI-9.0.0.80( 1026): [LOWI-Scan] RSN_IE
11-21 00:33:23.249 D/LOWI-9.0.0.80( 1026): [LOWI-Scan] decode_rsn_wpa_ie: Entered
11-21 00:33:23.249 D/LOWI-9.0.0.80( 1026): [LOWIUtils] hexDump: msg(30 14 01 00 00 0f ac 04 01 00 00 0f ac 04 01 00 00 0f ac 02 )
11-21 00:33:23.249 D/LOWI-9.0.0.80( 1026): [LOWI-Scan] decode_rsn_wpa_ie: LOWI_ENCRYPTION_TYPE_WPA_PSK
11-21 00:33:23.249 D/LOWI-9.0.0.80( 1026): [LOWI-Scan] is_qcom_ie, bss_age: 9
11-21 00:33:23.249 D/LOWI-9.0.0.80( 1026): [LOWI-Scan] BSS c6:82:9b:4e:b3:9e LOWI_PHY_MODE_11AC_VHT20_2G(11), Beacon Interval: 100, LOWI_ENCRYPTION_TYPE_WPA_PSK 11mcRanging: No, ANQP: Yes, LCI: No, Civic: No, capability(0x1431): ESS Privacy ShortPreamble ShortSlotTime
11-21 00:33:23.249 D/LOWI-9.0.0.80( 1026): [LOWI-Scan] BSS c6:82:9b:4e:b3:9e FREQ: 2457, cFreq1[40:80:160] = [0:0:0] cFreq2 = 0 Country Code =    
11-21 00:33:23.249 D/WificondScannerImpl( 1186): Filtering out 3 scan results.
11-21 00:33:23.249 D/LOWI-9.0.0.80( 1026): [LOWI-Scan] BSS c6:82:9b:4e:b3:9e (wlan0) ASSO: NO AddInfo: 0x0, TSF 1, 08:44:50.962, RSSI: -106, CPL: 127, AGE: 0,  SSID Pixel_R6, TSFDelta: 0x0, TXRate: 0
11-21 00:33:23.250 D/LOWI-9.0.0.80( 1026): [LOWI-Scan] 
11-21 00:33:23.250 D/LOWI-9.0.0.80( 1026): [LOWI-Scan] print_bss_handler: Report Probe TSF 117890962343 as it greater than Beacon TSF 117760323714
11-21 00:33:23.250 I/LOWI-9.0.0.80( 1026): [LOWI-Scan] RSN_IE
11-21 00:33:23.250 D/LOWI-9.0.0.80( 1026): [LOWI-Scan] decode_rsn_wpa_ie: Entered
11-21 00:33:23.250 D/LOWI-9.0.0.80( 1026): [LOWIUtils] hexDump: msg(30 14 01 00 00 0f ac 04 01 00 00 0f ac 04 01 00 00 0f ac 02 )
11-21 00:33:23.250 D/LOWI-9.0.0.80( 1026): [LOWI-Scan] decode_rsn_wpa_ie: LOWI_ENCRYPTION_TYPE_WPA_PSK
11-21 00:33:23.250 D/LOWI-9.0.0.80( 1026): [LOWI-Scan] is_qcom_ie, bss_age: 43
11-21 00:33:23.250 D/LOWI-9.0.0.80( 1026): [LOWI-Scan] BSS 2c:57:41:86:8a:a1 LOWI_PHY_MODE_11NG_HT20(5), Beacon Interval: 100, LOWI_ENCRYPTION_TYPE_WPA_PSK 11mcRanging: No, ANQP: No, LCI: No, Civic: No, capability(0x1411): ESS Privacy ShortSlotTime
11-21 00:33:23.250 D/LOWI-9.0.0.80( 1026): [LOWI-Scan] BSS 2c:57:41:86:8a:a1 FREQ: 2412, cFreq1[40:80:160] = [0:0:0] cFreq2 = 0 Country Code = US
11-21 00:33:23.251 D/LOWI-9.0.0.80( 1026): [LOWI-Scan] BSS 2c:57:41:86:8a:a1 (wlan0) ASSO: NO AddInfo: 0x0, TSF 1, 08:44:50.962, RSSI: -142, CPL: 3, AGE: 0,  SSID kittyhawk, TSFDelta: 0x0, TXRate: 0
11-21 00:33:23.253 D/LOWI-9.0.0.80( 1026): [LOWI-Scan] 
11-21 00:33:23.253 D/LOWI-9.0.0.80( 1026): [LOWI-Scan] print_bss_handler: Report Probe TSF 117890962417 as it greater than Beacon TSF 117811385780
11-21 00:33:23.253 I/LOWI-9.0.0.80( 1026): [LOWI-Scan] RSN_IE
11-21 00:33:23.253 D/LOWI-9.0.0.80( 1026): [LOWI-Scan] decode_rsn_wpa_ie: Entered
11-21 00:33:23.253 D/LOWI-9.0.0.80( 1026): [LOWIUtils] hexDump: msg(30 14 01 00 00 0f ac 04 01 00 00 0f ac 04 01 00 00 0f ac 02 )
11-21 00:33:23.253 D/LOWI-9.0.0.80( 1026): [LOWI-Scan] decode_rsn_wpa_ie: LOWI_ENCRYPTION_TYPE_WPA_PSK
11-21 00:33:23.253 D/LOWI-9.0.0.80( 1026): [LOWI-Scan] is_qcom_ie, bss_age: 13
11-21 00:33:23.253 D/LOWI-9.0.0.80( 1026): [LOWI-Scan] BSS 00:24:b1:02:cb:dc LOWI_PHY_MODE_11NG_HT20(5), Beacon Interval: 100, LOWI_ENCRYPTION_TYPE_WPA_PSK 11mcRanging: No, ANQP: No, LCI: No, Civic: No, capability(0x0431): ESS Privacy ShortPreamble ShortSlotTime
11-21 00:33:23.253 D/LOWI-9.0.0.80( 1026): [LOWI-Scan] BSS 00:24:b1:02:cb:dc FREQ: 2452, cFreq1[40:80:160] = [0:0:0] cFreq2 = 0 Country Code =    
11-21 00:33:23.253 D/LOWI-9.0.0.80( 1026): [LOWI-Scan] BSS 00:24:b1:02:cb:dc (wlan0) ASSO: NO AddInfo: 0x0, TSF 1, 08:44:50.962, RSSI: -178, CPL: 127, AGE: 0,  SSID 0024b1000002cbdc, TSFDelta: 0x0, TXRate: 0
11-21 00:33:23.254 D/LOWI-9.0.0.80( 1026): [LOWI-Scan] 
11-21 00:33:23.254 D/LOWI-9.0.0.80( 1026): [LOWI-Scan] print_bss_handler: Report Probe TSF 117890962286 as it greater than Beacon TSF 117440603285
11-21 00:33:23.254 I/LOWI-9.0.0.80( 1026): [LOWI-Scan] RSN_IE
11-21 00:33:23.254 D/LOWI-9.0.0.80( 1026): [LOWI-Scan] decode_rsn_wpa_ie: Entered
11-21 00:33:23.254 D/LOWI-9.0.0.80( 1026): [LOWIUtils] hexDump: msg(30 14 01 00 00 0f ac 04 01 00 00 0f ac 04 01 00 00 0f ac 02 )
11-21 00:33:23.254 D/LOWI-9.0.0.80( 1026): [LOWI-Scan] decode_rsn_wpa_ie: LOWI_ENCRYPTION_TYPE_WPA_PSK
11-21 00:33:23.254 D/LOWI-9.0.0.80( 1026): [LOWI-Scan] is_qcom_ie, bss_age: 46
11-21 00:33:23.254 D/LOWI-9.0.0.80( 1026): [LOWI-Scan] BSS 18:64:72:60:2b:40 LOWI_PHY_MODE_11NG_HT20(5), Beacon Interval: 100, LOWI_ENCRYPTION_TYPE_WPA_PSK 11mcRanging: No, ANQP: No, LCI: No, Civic: No, capability(0x0431): ESS Privacy ShortPreamble ShortSlotTime
11-21 00:33:23.254 D/LOWI-9.0.0.80( 1026): [LOWI-Scan] BSS 18:64:72:60:2b:40 FREQ: 2412, cFreq1[40:80:160] = [0:0:0] cFreq2 = 0 Country Code =    
11-21 00:33:23.254 D/LOWI-9.0.0.80( 1026): [LOWI-Scan] BSS 18:64:72:60:2b:40 (wlan0) ASSO: NO AddInfo: 0x0, TSF 1, 08:44:50.962, RSSI: -140, CPL: 127, AGE: 0,  SSID lab-t24103779, TSFDelta: 0x0, TXRate: 0
11-21 00:33:23.255 D/LOWI-9.0.0.80( 1026): [LOWI-Scan] 
11-21 00:33:23.255 D/LOWI-9.0.0.80( 1026): [LOWI-Scan] print_bss_handler: Report Probe TSF 117862581498 as it greater than Beacon TSF 0
11-21 00:33:23.255 I/LOWI-9.0.0.80( 1026): [LOWI-Scan] RSN_IE
11-21 00:33:23.255 D/LOWI-9.0.0.80( 1026): [LOWI-Scan] decode_rsn_wpa_ie: Entered
11-21 00:33:23.255 D/LOWI-9.0.0.80( 1026): [LOWIUtils] hexDump: msg(30 14 01 00 00 0f ac 04 01 00 00 0f ac 04 01 00 00 0f ac 02 )
11-21 00:33:23.255 D/LOWI-9.0.0.80( 1026): [LOWI-Scan] decode_rsn_wpa_ie: LOWI_ENCRYPTION_TYPE_WPA_PSK
11-21 00:33:23.255 D/LOWI-9.0.0.80( 1026): [LOWI-Scan] is_qcom_ie, bss_age: 2
11-21 00:33:23.255 D/LOWI-9.0.0.80( 1026): [LOWI-Scan] adjust_age:AP AGE upper limit reached. Dont store
11-21 00:33:23.255 D/LOWI-9.0.0.80( 1026): [LOWI-Scan] BSS 2c:57:41:86:85:21 LOWI_PHY_MODE_11NG_HT20(5), Beacon Interval: 100, LOWI_ENCRYPTION_TYPE_WPA_PSK 11mcRanging: No, ANQP: No, LCI: No, Civic: No, capability(0x1411): ESS Privacy ShortSlotTime
11-21 00:33:23.255 D/LOWI-9.0.0.80( 1026): [LOWI-Scan] BSS 2c:57:41:86:85:21 FREQ: 2462, cFreq1[40:80:160] = [0:0:0] cFreq2 = 0 Country Code = US
11-21 00:33:23.255 D/LOWI-9.0.0.80( 1026): [LOWI-Scan] BSS 2c:57:41:86:85:21 (wlan0) ASSO: NO AddInfo: 0x0, TSF 1, 08:44:22.581, RSSI: -154, CPL: 2, AGE: 28380,  SSID kittyhawk, TSFDelta: 0x0, TXRate: 0
11-21 00:33:23.256 D/LOWI-9.0.0.80( 1026): [LOWI-Scan] 
11-21 00:33:23.256 D/LOWI-9.0.0.80( 1026): [LOWI-Scan] print_bss_handler: Report Probe TSF 117890962371 as it greater than Beacon TSF 117501197063
11-21 00:33:23.256 I/LOWI-9.0.0.80( 1026): [LOWI-Scan] RSN_IE
11-21 00:33:23.256 D/LOWI-9.0.0.80( 1026): [LOWI-Scan] decode_rsn_wpa_ie: Entered
11-21 00:33:23.256 D/LOWI-9.0.0.80( 1026): [LOWIUtils] hexDump: msg(30 14 01 00 00 0f ac 04 01 00 00 0f ac 04 01 00 00 0f ac 02 )
11-21 00:33:23.256 D/LOWI-9.0.0.80( 1026): [LOWI-Scan] decode_rsn_wpa_ie: LOWI_ENCRYPTION_TYPE_WPA_PSK
11-21 00:33:23.256 D/LOWI-9.0.0.80( 1026): [LOWI-Scan] is_qcom_ie, bss_age: 24
11-21 00:33:23.256 D/LOWI-9.0.0.80( 1026): [LOWI-Scan] BSS 2c:57:41:89:63:c1 LOWI_PHY_MODE_11NG_HT20(5), Beacon Interval: 100, LOWI_ENCRYPTION_TYPE_WPA_PSK 11mcRanging: No, ANQP: No, LCI: No, Civic: No, capability(0x1411): ESS Privacy ShortSlotTime
11-21 00:33:23.256 D/LOWI-9.0.0.80( 1026): [LOWI-Scan] BSS 2c:57:41:89:63:c1 FREQ: 2437, cFreq1[40:80:160] = [0:0:0] cFreq2 = 0 Country Code = US
11-21 00:33:23.256 D/LOWI-9.0.0.80( 1026): [LOWI-Scan] BSS 2c:57:41:89:63:c1 (wlan0) ASSO: NO AddInfo: 0x0, TSF 1, 08:44:50.962, RSSI: -160, CPL: 2, AGE: 0,  SSID kittyhawk, TSFDelta: 0x0, TXRate: 0
11-21 00:33:23.257 D/LOWI-9.0.0.80( 1026): [LOWI-Scan] 
11-21 00:33:23.257 D/LOWI-9.0.0.80( 1026): [LOWI-Scan] print_bss_handler: Report Probe TSF 117862581355 as it greater than Beacon TSF 0
11-21 00:33:23.257 I/LOWI-9.0.0.80( 1026): [LOWI-Scan] RSN_IE
11-21 00:33:23.257 D/LOWI-9.0.0.80( 1026): [LOWI-Scan] decode_rsn_wpa_ie: Entered
11-21 00:33:23.257 D/LOWI-9.0.0.80( 1026): [LOWIUtils] hexDump: msg(30 14 01 00 00 0f ac 04 01 00 00 0f ac 04 01 00 00 0f ac 02 )
11-21 00:33:23.257 D/LOWI-9.0.0.80( 1026): [LOWI-Scan] decode_rsn_wpa_ie: LOWI_ENCRYPTION_TYPE_WPA_PSK
11-21 00:33:23.257 D/LOWI-9.0.0.80( 1026): [LOWI-Scan] is_qcom_ie, bss_age: 50
11-21 00:33:23.257 D/LOWI-9.0.0.80( 1026): [LOWI-Scan] adjust_age:AP AGE upper limit reached. Dont store
11-21 00:33:23.257 D/LOWI-9.0.0.80( 1026): [LOWI-Scan] BSS 52:b8:14:37:74:3f LOWI_PHY_MODE_11AC_VHT20_2G(11), Beacon Interval: 100, LOWI_ENCRYPTION_TYPE_WPA_PSK 11mcRanging: No, ANQP: No, LCI: No, Civic: No, capability(0x1431): ESS Privacy ShortPreamble ShortSlotTime
11-21 00:33:23.257 D/LOWI-9.0.0.80( 1026): [LOWI-Scan] BSS 52:b8:14:37:74:3f FREQ: 2417, cFreq1[40:80:160] = [0:0:0] cFreq2 = 0 Country Code =    
11-21 00:33:23.257 D/LOWI-9.0.0.80( 1026): [LOWI-Scan] BSS 52:b8:14:37:74:3f (wlan0) ASSO: NO AddInfo: 0x0, TSF 1, 08:44:22.581, RSSI: -112, CPL: 127, AGE: 28380,  SSID Pixel_8668, TSFDelta: 0x0, TXRate: 0
11-21 00:33:23.257 D/LOWI-9.0.0.80( 1026): [LOWI-Scan] 
11-21 00:33:23.257 D/LOWI-9.0.0.80( 1026): [LOWI-Scan] print_bss_handler: Report Probe TSF 117890962314 as it greater than Beacon TSF 0
11-21 00:33:23.257 I/LOWI-9.0.0.80( 1026): [LOWI-Scan] RSN_IE
11-21 00:33:23.257 D/LOWI-9.0.0.80( 1026): [LOWI-Scan] decode_rsn_wpa_ie: Entered
11-21 00:33:23.257 D/LOWI-9.0.0.80( 1026): [LOWIUtils] hexDump: msg(30 14 01 00 00 0f ac 04 01 00 00 0f ac 04 01 00 00 0f ac 02 )
11-21 00:33:23.257 D/LOWI-9.0.0.80( 1026): [LOWI-Scan] decode_rsn_wpa_ie: LOWI_ENCRYPTION_TYPE_WPA_PSK
11-21 00:33:23.257 D/LOWI-9.0.0.80( 1026): [LOWI-Scan] is_qcom_ie, bss_age: 44
11-21 00:33:23.258 D/LOWI-9.0.0.80( 1026): [LOWI-Scan] BSS 2c:57:41:88:72:e1 LOWI_PHY_MODE_11NG_HT20(5), Beacon Interval: 100, LOWI_ENCRYPTION_TYPE_WPA_PSK 11mcRanging: No, ANQP: No, LCI: No, Civic: No, capability(0x1411): ESS Privacy ShortSlotTime
11-21 00:33:23.258 D/LOWI-9.0.0.80( 1026): [LOWI-Scan] BSS 2c:57:41:88:72:e1 FREQ: 2412, cFreq1[40:80:160] = [0:0:0] cFreq2 = 0 Country Code = US
