--------- beginning of system
11-20 00:19:53.432 D/AnalyticsLogger( 1194): sent events: 15
11-20 00:19:53.624 D/AutofillManagerService( 1194): onBackKeyPressed()
11-20 00:19:53.785 D/commandrouter( 1117): SocServiceHandle::onServiceMessage, SoC Service = mcu_healthcheck_1194, appType = 1, type = SVC_REQ, clientId = 0, token = 54, payloadLen = 12, result = 0, payload.size() = 12
11-20 00:19:53.788 D/commandrouter( 1117): mcu_healthcheck_1194 (1, merlot:mcu_health:control): <ServiceResponse> FORWARDED (remote -> local) CR token ID = 54, service client ID = 39, token ID = 17874, result = 0
11-20 00:19:53.789 D/McuReachableCollector( 1194): call isMcuReachable, result true
11-20 00:19:53.848 D/RadioActivityCollector( 1194): Logging RadioActivity data: fields={radio_bluetooth_tx_time_unplugged=0, radio_wifi_sleep_time_unplugged=547770, radio_bluetooth_idle_time_unplugged=0, radio_wifi_tx_time_unplugged=0, radio_bluetooth_energy_used_unplugged=0, radio_bluetooth_rx_time_unplugged=0, radio_wifi_rx_time_unplugged=0, radio_bluetooth_sleep_time_unplugged=599949, radio_wifi_idle_time_unplugged=52188, radio_wifi_energy_used_unplugged=0}, pid=null, uid=null, pids=null, uids=null
11-20 00:19:54.770 D/AnalyticsLogger( 1194): sent events: 83
11-20 00:19:55.074 E/TaskPersister( 1194): File error accessing recents directory (directory doesn't exist?).
11-20 00:19:58.633 D/AutofillManagerService( 1194): onBackKeyPressed()
11-20 00:19:59.630 I/chatty  ( 1194): uid=1000(system) android.ui identical 1 line
11-20 00:20:00.725 D/AutofillManagerService( 1194): onBackKeyPressed()
11-20 00:20:01.278 D/commandrouter( 1117): rtc_sync (1, rtc:sync): <ServiceRequest> FORWARDED (remote -> local) service client ID = 0, token ID = 35838
11-20 00:20:01.279 D/commandrouter( 1117): SocServiceHandle::onServiceMessage, SoC Service = rtc_sync, appType = 1, type = SVC_RESP, clientId = 0, token = 35838, payloadLen = 8, result = 0, payload.size() = 8
11-20 00:20:01.620 D/AutofillManagerService( 1194): onBackKeyPressed()
11-20 00:20:04.624 I/chatty  ( 1194): uid=1000(system) android.ui identical 3 lines
11-20 00:20:05.619 D/AutofillManagerService( 1194): onBackKeyPressed()
11-20 00:20:06.155 W/ActivityManager( 1194): Invalid packageName: com.facebook.wearable.system.settings/com.facebook.wearable.system.settings.SettingsActivity
11-20 00:20:06.284 I/ActivityTaskManager( 1194): START u0 {flg=0x10000000 cmp=com.facebook.wearable.system.settings/.SettingsActivity} from uid 0
11-20 00:20:06.305 I/ActivityTaskManager( 1194): The Process com.facebook.wearable.system.settings Already Exists in BG. So sending its PID: 3038
11-20 00:20:06.305 W/ActivityTaskManager( 1194): Tried to set launchTime (0) < mLastActivityLaunchTime (30720600)
11-20 00:20:08.106 D/commandrouter( 1117): SocServiceHandle::onServiceMessage, SoC Service = mcu_healthcheck_946, appType = 1, type = SVC_REQ, clientId = 0, token = 511, payloadLen = 20, result = 0, payload.size() = 20
11-20 00:20:08.109 D/commandrouter( 1117): mcu_healthcheck_946 (1, merlot:mcu_health:control): <ServiceResponse> FORWARDED (remote -> local) CR token ID = 511, service client ID = 6, token ID = 17875, result = 0
11-20 00:20:08.518 D/AppStorageManager( 1194): BEFORE:: Previous Size: 1047740416 Current Size: 1047527424
11-20 00:20:08.518 D/AppStorageManager( 1194): AFTER:: Previous Size: 1047527424 Current Size: 1047527424
11-20 00:20:10.408 E/TaskPersister( 1194): File error accessing recents directory (directory doesn't exist?).
11-20 00:20:11.274 D/commandrouter( 1117): rtc_sync (1, rtc:sync): <ServiceRequest> FORWARDED (remote -> local) service client ID = 0, token ID = 35839
11-20 00:20:11.275 D/commandrouter( 1117): SocServiceHandle::onServiceMessage, SoC Service = rtc_sync, appType = 1, type = SVC_RESP, clientId = 0, token = 35839, payloadLen = 8, result = 0, payload.size() = 8
11-20 00:20:11.328 D/AutofillManagerService( 1194): onBackKeyPressed()
11-20 00:20:11.851 D/AutofillManagerService( 1194): onBackKeyPressed()
11-20 00:20:12.278 D/commandrouter( 1117): SocServiceHandle::onServiceMessage, SoC Service = mcu_healthcheck_1118, appType = 1, type = SVC_REQ, clientId = 0, token = 1023, payloadLen = 12, result = 0, payload.size() = 12
11-20 00:20:12.282 D/commandrouter( 1117): mcu_healthcheck_1118 (1, merlot:mcu_health:control): <ServiceResponse> FORWARDED (remote -> local) CR token ID = 1023, service client ID = 40, token ID = 17876, result = 0
11-20 00:20:12.283 D/mculinkhealth( 1118): isMcuReachable 1 (4 ms)
11-20 00:20:12.375 D/AutofillManagerService( 1194): onBackKeyPressed()
11-20 00:20:13.623 D/AutofillManagerService( 1194): onBackKeyPressed()
11-20 00:20:14.154 W/ActivityManager( 1194): Invalid packageName: com.facebook.wearable.system.settings/com.facebook.wearable.system.settings.SettingsActivity
11-20 00:20:14.277 I/ActivityTaskManager( 1194): START u0 {flg=0x10000000 cmp=com.facebook.wearable.system.settings/.SettingsActivity} from uid 0
11-20 00:20:14.293 I/ActivityTaskManager( 1194): The Process com.facebook.wearable.system.settings Already Exists in BG. So sending its PID: 3038
11-20 00:20:14.294 W/ActivityTaskManager( 1194): Tried to set launchTime (0) < mLastActivityLaunchTime (30752570)
11-20 00:20:16.979 E/TaskPersister( 1194): File error accessing recents directory (directory doesn't exist?).
11-20 00:20:20.867 W/ContextImpl( 1194): Calling a method in the system process without a qualified user: android.app.ContextImpl.sendBroadcastMultiplePermissions:1143 android.content.Context.sendBroadcastWithMultiplePermissions:2150 com.android.server.display.WifiDisplayAdapter.handleSendStatusChangeBroadcast:440 com.android.server.display.WifiDisplayAdapter.access$1700:63 com.android.server.display.WifiDisplayAdapter$WifiDisplayHandler.handleMessage:675 
11-20 00:20:21.275 D/commandrouter( 1117): rtc_sync (1, rtc:sync): <ServiceRequest> FORWARDED (remote -> local) service client ID = 0, token ID = 35840
11-20 00:20:21.275 D/commandrouter( 1117): SocServiceHandle::onServiceMessage, SoC Service = rtc_sync, appType = 1, type = SVC_RESP, clientId = 0, token = 35840, payloadLen = 8, result = 0, payload.size() = 8
11-20 00:20:21.862 W/ContextImpl( 1194): Calling a method in the system process without a qualified user: android.app.ContextImpl.sendBroadcastMultiplePermissions:1143 android.content.Context.sendBroadcastWithMultiplePermissions:2150 com.android.server.wifi.p2p.WifiP2pServiceImpl$P2pStateMachine.sendBroadcastMultiplePermissions:3209 com.android.server.wifi.p2p.WifiP2pServiceImpl$P2pStateMachine.sendP2pConnectionChangedBroadcast:3236 com.android.server.wifi.p2p.WifiP2pServiceImpl$P2pStateMachine.access$5100:768 
11-20 00:20:21.863 W/BroadcastQueue( 1194): Permission Denial: receiving Intent { act=android.net.wifi.p2p.CONNECTION_STATE_CHANGE flg=0x24000010 (has extras) } to ProcessRecord{ba73 1900:.qtidataservices/u0a89} (pid=1900, uid=10089) requires android.permission.ACCESS_FINE_LOCATION due to sender android (uid 1000)
11-20 00:20:21.867 W/ContextImpl( 1194): Calling a method in the system process without a qualified user: android.app.ContextImpl.sendBroadcastMultiplePermissions:1143 android.content.Context.sendBroadcastWithMultiplePermissions:2150 com.android.server.wifi.p2p.WifiP2pServiceImpl$P2pStateMachine.sendBroadcastMultiplePermissions:3209 com.android.server.wifi.p2p.WifiP2pServiceImpl$P2pStateMachine.sendThisDeviceChangedBroadcast:3218 com.android.server.wifi.p2p.WifiP2pServiceImpl$P2pStateMachine.updateThisDevice:3962 
11-20 00:20:23.478 W/ContextImpl( 1194): Calling a method in the system process without a qualified user: android.app.ContextImpl.sendBroadcastMultiplePermissions:1143 android.content.Context.sendBroadcastWithMultiplePermissions:2150 com.android.server.wifi.ClientModeImpl.broadcastWifiCredentialChanged:6170 com.android.server.wifi.ClientModeImpl.lambda$connect$0:6716 com.android.server.wifi.ClientModeImpl.lambda$connect$0$ClientModeImpl:0 
11-20 00:20:23.620 W/wificond(  906): Scan is not started. Ignore abort request
11-20 00:20:24.270 D/ConnectivityService( 1194): registerNetworkAgent NetworkAgentInfo{ ni{[type: WIFI[], state: UNKNOWN/IDLE, reason: (unspecified), extra: , failover: false, available: true, roaming: false]}  network{123}  nethandle{531686674445}  lp{{LinkAddresses: [ ] DnsAddresses: [ ] Domains: null MTU: 0 Routes: [ ]}}  nc{[ Transports: WIFI Capabilities: NOT_METERED&INTERNET&NOT_RESTRICTED&TRUSTED&NOT_VPN&NOT_ROAMING&FOREGROUND&NOT_CONGESTED&NOT_SUSPENDED LinkUpBandwidth>=72000Kbps LinkDnBandwidth>=72000Kbps OwnerUid: 1000 SSID: "MTBF_Lab" RequestorUid: -1 RequestorPackageName: null]}  Score{20}  everValidated{false}  lastValidated{false}  created{false} lingering{false} explicitlySelected{true} acceptUnvalidated{false} everCaptivePortalDetected{false} lastCaptivePortalDetected{false} partialConnectivity{false} acceptPartialConnectivity{false} clat{mBaseIface: null, mIface: null, mState: IDLE} }
11-20 00:20:24.314 D/ConnectivityService( 1194): [123 WIFI] EVENT_NETWORK_INFO_CHANGED, going from UNKNOWN to UNKNOWN
11-20 00:20:24.502 D/ConnectivityService( 1194): NetReassign [no changes]
11-20 00:20:24.520 D/ConnectivityService( 1194): Adding iface wlan0 to network 123
11-20 00:20:24.540 E/ConnectivityService( 1194): Exception adding interface: java.lang.IllegalStateException: android.os.ServiceSpecificException: Machine is not on the network (code 64)
11-20 00:20:24.547 I/Nat464Xlat( 1194): Android Xlat is disabled
11-20 00:20:24.547 I/Nat464Xlat( 1194): Android Xlat is disabled
11-20 00:20:25.206 E/ConnectivityService( 1194): Exception in networkAddRouteParcel for non-gateway: android.os.ServiceSpecificException: Machine is not on the network (code 64)
11-20 00:20:25.208 E/ConnectivityService( 1194): Exception in networkAddRouteParcel for gateway: android.os.ServiceSpecificException: Machine is not on the network (code 64)
11-20 00:20:25.208 I/Nat464Xlat( 1194): Android Xlat is disabled
11-20 00:20:25.208 I/Nat464Xlat( 1194): Android Xlat is disabled
11-20 00:20:25.281 D/ConnectivityService( 1194): Setting DNS servers for network 123 to [/192.168.1.1]
11-20 00:20:25.291 I/Nat464Xlat( 1194): Android Xlat is disabled
11-20 00:20:25.291 I/Nat464Xlat( 1194): Android Xlat is disabled
11-20 00:20:25.377 D/ConnectivityService( 1194): [123 WIFI] EVENT_NETWORK_INFO_CHANGED, going from UNKNOWN to CONNECTED
11-20 00:20:25.394 D/DnsManager( 1194): sendDnsConfigurationForNetwork(123, [192.168.1.1], [], 1800, 25, 8, 64, 0, 0, , [])
11-20 00:20:25.407 W/DnsManager( 1194): updatePrivateDns(123, PrivateDnsConfig{true:/[]})
11-20 00:20:25.407 D/ConnectivityService( 1194): Setting DNS servers for network 123 to [/192.168.1.1]
11-20 00:20:25.408 D/DnsManager( 1194): sendDnsConfigurationForNetwork(123, [192.168.1.1], [], 1800, 25, 8, 64, 0, 0, , [192.168.1.1])
11-20 00:20:25.410 D/ConnectivityService( 1194): Adding iface wlan0 to network 123
11-20 00:20:25.436 D/ConnectivityService( 1194): Setting DNS servers for network 123 to [/192.168.1.1]
11-20 00:20:25.437 D/DnsManager( 1194): sendDnsConfigurationForNetwork(123, [192.168.1.1], [], 1800, 25, 8, 64, 0, 0, , [192.168.1.1])
11-20 00:20:25.439 I/Nat464Xlat( 1194): Android Xlat is disabled
11-20 00:20:25.439 I/Nat464Xlat( 1194): Android Xlat is disabled
11-20 00:20:25.520 D/ConnectivityService( 1194): NetReassign [no changes]
11-20 00:20:25.741 D/ConnectivityService( 1194): [123 WIFI] validation passed
11-20 00:20:25.741 D/ConnectivityService( 1194): NetReassign [8 : 100 → 123, 20 : 100 → 123, 46 : 100 → 123, 45 : 100 → 123, 626 : 100 → 123, 12 : 100 → 123, 22 : 100 → 123, 16 : 100 → 123, 603 : 100 → 123, 14 : 100 → 123, 50 : 100 → 123, 18 : 100 → 123, 11 : 100 → 123, 1 : 100 → 123, 17 : 100 → 123]
11-20 00:20:25.750 E/NetlinkEvent(  459): NetlinkEvent::FindParam(): Parameter 'INTERFACE' not found
11-20 00:20:25.750 E/NetlinkEvent(  459): NetlinkEvent::FindParam(): Parameter 'STATE' not found
11-20 00:20:25.750 E/NetlinkEvent(  459): NetlinkEvent::FindParam(): Parameter 'TIME_NS' not found
11-20 00:20:25.750 E/NetlinkEvent(  459): NetlinkEvent::FindParam(): Parameter 'UID' not found
11-20 00:20:25.777 D/ConnectivityService( 1194): Switching to new default network: NetworkAgentInfo{ ni{[type: WIFI[], state: CONNECTED/CONNECTED, reason: (unspecified), extra: , failover: false, available: true, roaming: false]}  network{123}  nethandle{531686674445}  lp{{InterfaceName: wlan0 LinkAddresses: [ fe80::8d6:4aff:fe32:b1ee/64,192.168.1.39/24 ] DnsAddresses: [ /192.168.1.1 ] Domains: null MTU: 0 ServerAddress: /192.168.1.1 TcpBufferSizes: 524288,1048576,2097152,262144,524288,1048576 Routes: [ fe80::/64 -> :: wlan0 mtu 0,192.168.1.0/24 -> 0.0.0.0 wlan0 mtu 0,0.0.0.0/0 -> 192.168.1.1 wlan0 mtu 0 ]}}  nc{[ Transports: WIFI Capabilities: NOT_METERED&INTERNET&NOT_RESTRICTED&TRUSTED&NOT_VPN&VALIDATED&NOT_ROAMING&FOREGROUND&NOT_CONGESTED&NOT_SUSPENDED LinkUpBandwidth>=68000Kbps LinkDnBandwidth>=68000Kbps SignalStrength: -30 OwnerUid: 1000 SSID: "MTBF_Lab" RequestorUid: -1 RequestorPackageName: null]}  Score{60}  everValidated{true}  lastValidated{true}  created{true} lingering{false} explicitlySelected{true} acceptUnvalidated{false} everCaptivePortalDetected{false} lastCaptivePortalDetected{false} partialConnectivity{false} acceptPartialConnectivity{false} clat{mBaseIface: null, mIface: null, mState: IDLE} }
11-20 00:20:25.909 D/ConnectivityService( 1194): Lingering [100 CELLULAR] for 30000ms
11-20 00:20:25.913 D/ConnectivityService( 1194): Sending DISCONNECTED broadcast for type 0 [100 CELLULAR] isDefaultNetwork=true
11-20 00:20:25.918 D/ConnectivityService( 1194): Sending CONNECTED broadcast for type 1 [123 WIFI] isDefaultNetwork=true
11-20 00:20:25.965 D/ConnectivityService( 1194): Setting DNS servers for network 123 to [/192.168.1.1]
11-20 00:20:25.973 D/DnsManager( 1194): sendDnsConfigurationForNetwork(123, [192.168.1.1], [], 1800, 25, 8, 64, 0, 0, , [192.168.1.1])
11-20 00:20:25.975 D/CompatibilityChangeReporter( 1194): Compat change id reported: 135634846; UID 10013; state: DISABLED
11-20 00:20:25.983 D/CompatibilityChangeReporter( 1194): Compat change id reported: 143937733; UID 10013; state: ENABLED
11-20 00:20:26.130 W/Looper  ( 1194): Slow dispatch took 197ms main h=com.android.server.job.JobSchedulerService$JobHandler c=null m=1
11-20 00:20:26.163 W/Looper  ( 1194): Slow dispatch took 183ms android.fg h=android.os.Handler c=com.android.server.timedetector.-$$Lambda$TimeDetectorService$nU2ruOeSUWWPVvB4A7i7qaumT4s@c5bf845 m=0
11-20 00:20:26.163 W/Looper  ( 1194): Slow delivery took 251ms android.fg h=android.net.ConnectivityManager$CallbackHandler c=null m=524291
11-20 00:20:26.177 W/Looper  ( 1194): Drained
11-20 00:20:26.202 W/ActivityManager( 1194): Slow operation: 246ms so far, now at startProcess: returned from zygote!
11-20 00:20:26.202 W/ActivityManager( 1194): Slow operation: 246ms so far, now at startProcess: done updating battery stats
11-20 00:20:26.208 W/ActivityManager( 1194): Slow operation: 252ms so far, now at startProcess: building log message
11-20 00:20:26.208 I/ActivityManager( 1194): Start proc 20098:com.facebook.wearable.system.updater/u0a13 for service {com.facebook.wearable.system.updater/com.facebook.wearable.system.updater.core.scheduler.OSUpdateScheduleService}
11-20 00:20:26.208 W/ActivityManager( 1194): Slow operation: 252ms so far, now at startProcess: starting to update pids map
11-20 00:20:26.268 W/ActivityManager( 1194): Slow operation: 313ms so far, now at startProcess: done updating pids map
11-20 00:20:27.189 D/ConnectivityService( 1194): NetReassign [no changes]
11-20 00:20:27.688 D/ConnectivityService( 1194): requestNetwork for uid/pid:10013/20098 NetworkRequest [ TRACK_DEFAULT id=629, [ Capabilities: INTERNET&NOT_RESTRICTED&TRUSTED Uid: 10013 AdministratorUids: [] RequestorUid: 10013 RequestorPackageName: com.facebook.wearable.system.updater] ]
11-20 00:20:27.688 D/ConnectivityService( 1194): NetReassign [629 : null → 123]
11-20 00:20:28.179 D/JavaBinder( 1194): Here is le tags []
11-20 00:20:28.212 D/JavaBinder( 1194): Here is le tags []
11-20 00:20:31.276 D/commandrouter( 1117): rtc_sync (1, rtc:sync): <ServiceRequest> FORWARDED (remote -> local) service client ID = 0, token ID = 35841
11-20 00:20:31.277 D/commandrouter( 1117): SocServiceHandle::onServiceMessage, SoC Service = rtc_sync, appType = 1, type = SVC_RESP, clientId = 0, token = 35841, payloadLen = 8, result = 0, payload.size() = 8
11-20 00:20:33.741 D/AutofillManagerService( 1194): onBackKeyPressed()
11-20 00:20:36.632 I/chatty  ( 1194): uid=1000(system) android.ui identical 3 lines
11-20 00:20:37.625 D/AutofillManagerService( 1194): onBackKeyPressed()
11-20 00:20:38.494 E/TaskPersister( 1194): File error accessing recents directory (directory doesn't exist?).
11-20 00:20:38.623 D/AutofillManagerService( 1194): onBackKeyPressed()
--------- beginning of main
11-20 00:20:41.092 W/HWComposer(  577): Ignoring duplicate VSYNC event from HWC for display 0 (t=30787355005598)
11-20 00:20:39.618 I/chatty  ( 1194): uid=1000(system) android.ui identical 1 line
11-20 00:20:40.615 D/AutofillManagerService( 1194): onBackKeyPressed()
11-20 00:20:41.161 W/ActivityManager( 1194): Invalid packageName: com.facebook.wearable.system.settings/com.facebook.wearable.system.settings.SettingsActivity
11-20 00:20:41.163 I/cmd     (20204): oneway function results will be dropped but finished with status OK and parcel size 4
11-20 00:20:41.272 D/commandrouter( 1117): rtc_sync (1, rtc:sync): <ServiceRequest> FORWARDED (remote -> local) service client ID = 0, token ID = 35842
11-20 00:20:41.272 D/vendor.facebook.rtc_sync@1.0-service( 1129): Request req_ts=1637367641269491549 resp_ts=1637367641272416129
11-20 00:20:41.272 D/commandrouter( 1117): SocServiceHandle::onServiceMessage, SoC Service = rtc_sync, appType = 1, type = SVC_RESP, clientId = 0, token = 35842, payloadLen = 8, result = 0, payload.size() = 8
11-20 00:20:41.281 I/ActivityTaskManager( 1194): START u0 {flg=0x10000000 cmp=com.facebook.wearable.system.settings/.SettingsActivity} from uid 0
11-20 00:20:41.292 I/chatty  ( 1194): uid=1000(system) Binder:1194_8 expire 7 lines
11-20 00:20:41.296 I/ActivityTaskManager( 1194): The Process com.facebook.wearable.system.settings Already Exists in BG. So sending its PID: 3038
11-20 00:20:41.297 W/ActivityTaskManager( 1194): Tried to set launchTime (0) < mLastActivityLaunchTime (30760558)
11-20 00:20:41.319 D/LauncherActivity( 2581): onPause
11-20 00:20:41.379 I/chatty  ( 1194): uid=1000(system) ActivityManager expire 9 lines
11-20 00:20:41.396 D/FacebookProvider(31424): Starting SSO Network Fetch for 263529928325379
11-20 00:20:41.397 I/AccountsContentProvider(31424): No Primary Account. Accounts Error [content://com.facebook.wearable.system.accounts.AccountsContentProvider/facebook/263529928325379]
11-20 00:20:41.397 E/DatabaseUtils(31424): Writing exception to parcel
11-20 00:20:41.397 E/DatabaseUtils(31424): java.lang.IllegalStateException: No Primary Account
11-20 00:20:41.397 E/DatabaseUtils(31424): 	at com.facebook.secure.content.AbstractContentProvider.doQuery(:284)
11-20 00:20:41.397 E/DatabaseUtils(31424): 	at com.facebook.secure.content.AbstractContentProvider.query(:8)
11-20 00:20:41.397 E/DatabaseUtils(31424): 	at android.content.ContentProvider.query(ContentProvider.java:1474)
11-20 00:20:41.397 E/DatabaseUtils(31424): 	at android.content.ContentProvider$Transport.query(ContentProvider.java:278)
11-20 00:20:41.397 E/DatabaseUtils(31424): 	at android.content.ContentProviderNative.onTransact(ContentProviderNative.java:106)
11-20 00:20:41.397 E/DatabaseUtils(31424): 	at android.os.Binder.execTransactInternal(Binder.java:1154)
11-20 00:20:41.397 E/DatabaseUtils(31424): 	at android.os.Binder.execTransact(Binder.java:1123)
11-20 00:20:41.399 I/chatty  ( 3038): uid=10031(com.facebook.wearable.system.settings) expire 1 line
11-20 00:20:41.472 I/chatty  ( 3038): uid=10031(com.facebook.wearable.system.settings) expire 1 line
11-20 00:20:41.481 W/View    ( 3038): requestLayout() improperly called by android.view.View{c7e8d9f V.ED..... ......I. 0,368-474,474} during layout: running second layout pass
11-20 00:20:41.504 W/View    ( 3038): requestLayout() improperly called by com.facebook.wearable.common.wds.listview.WdsListView{a5a2f84 V.E..V... ........ 0,0-474,474} during second layout pass: posting in next frame
11-20 00:20:41.829 D/ComplicationController( 2581): Stopping complication controller.
11-20 00:20:41.835 D/ComplicationDataManagerImpl( 2581): Fetching complication data for package: com.facebook.wearable.apps.calendar, com.facebook.wearable.apps.calendar.DAY_DATE_COMPLICATION.
11-20 00:20:41.836 D/ComplicationDataManagerImpl( 2581): Fetching complication data for package: com.facebook.wearable.apps.player, com.facebook.wearable.apps.player.SHORTCUT_COMPLICATION.
11-20 00:20:41.836 D/ComplicationDataManagerImpl( 2581): Fetching complication data for package: com.facebook.wearable.apps.gallery, com.facebook.wearable.apps.gallery.SHORTCUT_COMPLICATION.
11-20 00:20:41.836 D/ComplicationDataManagerImpl( 2581): Fetching complication data for package: com.facebook.wearable.apps.heart, com.facebook.wearable.apps.heart.HEART_RATE.
11-20 00:20:41.840 I/chatty  ( 1194): uid=1000(system) Binder:1194_C expire 4 lines
11-20 00:20:42.284 D/mcu_health_checker( 1118): Sent MCU Health Request
11-20 00:20:42.285 D/commandrouter( 1117): SocServiceHandle::onServiceMessage, SoC Service = mcu_healthcheck_1118, appType = 1, type = SVC_REQ, clientId = 0, token = 1024, payloadLen = 12, result = 0, payload.size() = 12
11-20 00:20:42.288 D/commandrouter( 1117): mcu_healthcheck_1118 (1, merlot:mcu_health:control): <ServiceResponse> FORWARDED (remote -> local) CR token ID = 1024, service client ID = 40, token ID = 17877, result = 0
11-20 00:20:42.289 D/mcu_health_checker( 1118): MCU Health Response: MCU_OK
11-20 00:20:42.289 D/mcu_health_checker( 1118): MCU Session 0, uptime = 30753665 ms
11-20 00:20:42.289 D/mculinkhealth( 1118): isMcuReachable 1 (4 ms)
11-20 00:20:42.334 D/UIAutomatorStub( 6249): URI: /jsonrpc/0, Method: POST, Header: {content-length=192, remote-addr=127.0.0.1, http-client-ip=127.0.0.1, host=localhost:9010, content-type=application/json, accept-encoding=identity}, params, {NanoHttpd.QUERY_STRING=null}, files: {postData={"jsonrpc": "2.0", "method": "waitForExists", "id": "598f6a9776ab4432a7cfddb0b281868e", "params": [{"mask": 1, "childOrSibling": [], "childOrSiblingSelector": [], "text": "Notifications"}, 5]}}
11-20 00:20:42.353 D/UIAutomatorStub( 6249): URI: /jsonrpc/0, Method: POST, Header: {content-length=191, remote-addr=127.0.0.1, http-client-ip=127.0.0.1, host=localhost:9010, content-type=application/json, accept-encoding=identity}, params, {NanoHttpd.QUERY_STRING=null}, files: {postData={"jsonrpc": "2.0", "method": "waitForExists", "id": "63fe966e49c8506b229ac33f08e3af90", "params": [{"mask": 1, "childOrSibling": [], "childOrSiblingSelector": [], "text": "Connectivity"}, 5]}}
11-20 00:20:42.406 D/UIAutomatorStub( 6249): URI: /jsonrpc/0, Method: POST, Header: {content-length=180, remote-addr=127.0.0.1, http-client-ip=127.0.0.1, host=localhost:9010, content-type=application/json, accept-encoding=identity}, params, {NanoHttpd.QUERY_STRING=null}, files: {postData={"jsonrpc": "2.0", "method": "click", "id": "d789027d81686d4af23391cf15c9d824", "params": [{"mask": 1, "childOrSibling": [], "childOrSiblingSelector": [], "text": "Connectivity"}]}}
11-20 00:20:42.449 E/ANDR-PERF-OPTSHANDLER(  557): Unable to find the correct node storage pointers for                   resource index=16, node path=/proc/sys/kernel/sched_upmigrate
11-20 00:20:42.450 E/ANDR-PERF-RESOURCEQS(  557): Failed to reset optimization [3, 7]
11-20 00:20:42.450 E/ANDR-PERF-OPTSHANDLER(  557): Unable to find the correct node storage pointers for                   resource index=17, node path=/proc/sys/kernel/sched_downmigrate
11-20 00:20:42.450 E/ANDR-PERF-RESOURCEQS(  557): Failed to reset optimization [3, 8]
11-20 00:20:42.450 E/ANDR-PERF-OPTSHANDLER(  557): Perflock resource /sys/module/lpm_levels/parameters/bias_hyst not supported
11-20 00:20:42.450 E/ANDR-PERF-RESOURCEQS(  557): Failed to reset optimization [1, 2]
11-20 00:20:42.450 E/ANDR-PERF-OPTSHANDLER(  557): Perflock resource /proc/sys/kernel/sched_group_upmigrate not supported
11-20 00:20:42.450 E/ANDR-PERF-RESOURCEQS(  557): Failed to reset optimization [3, 21]
11-20 00:20:42.450 E/ANDR-PERF-OPTSHANDLER(  557): Perflock resource /proc/sys/kernel/sched_group_downmigrate not supported
11-20 00:20:42.450 E/ANDR-PERF-RESOURCEQS(  557): Failed to reset optimization [3, 22]
11-20 00:20:42.471 I/hub.uiautomato( 6249): Background concurrent copying GC freed 175707(10MB) AllocSpace objects, 365(7300KB) LOS objects, 85% free, 3111KB/21MB, paused 226us total 107.356ms
11-20 00:20:42.477 W/HWComposer(  577): Ignoring duplicate VSYNC event from HWC for display 0 (t=30788739078462)
11-20 00:20:42.495 W/StatusBarClientConnection( 3038): Messenger is null, ignoring message: { when=-8h33m8s758ms barrier=1 }
11-20 00:20:42.532 E/StatusBarClientConnection( 3038): Service connected
11-20 00:20:42.561 W/View    ( 3038): requestLayout() improperly called by android.view.View{61c0b3f V.ED..... ......I. 0,368-474,474} during layout: running second layout pass
11-20 00:20:42.580 W/View    ( 3038): requestLayout() improperly called by com.facebook.wearable.common.wds.listview.WdsListView{936052d V.E..V... ........ 0,0-474,474} during second layout pass: posting in next frame
11-20 00:20:43.289 E/ANDR-PERF-OPTSHANDLER(  557): perf_lock_rel: failed for /proc/sys/vm/swap_ratio as previous value is not stored
11-20 00:20:43.289 E/ANDR-PERF-OPTSHANDLER(  557): perf_lock_rel: failed for /sys/class/kgsl/kgsl-3d0/min_pwrlevel as previous value is not stored
11-20 00:20:43.292 E/ANDR-PERF-RESOURCEQS(  557): Failed to reset optimization [3, 0]
11-20 00:20:44.874 E/TaskPersister( 1194): File error accessing recents directory (directory doesn't exist?).
11-20 00:20:45.529 D/UIAutomatorStub( 6249): URI: /jsonrpc/0, Method: POST, Header: {content-length=183, remote-addr=127.0.0.1, http-client-ip=127.0.0.1, host=localhost:9010, content-type=application/json, accept-encoding=identity}, params, {NanoHttpd.QUERY_STRING=null}, files: {postData={"jsonrpc": "2.0", "method": "waitForExists", "id": "76c27e45428921ff133b7585803d104e", "params": [{"mask": 1, "childOrSibling": [], "childOrSiblingSelector": [], "text": "WiFi"}, 5]}}
11-20 00:20:45.553 D/UIAutomatorStub( 6249): URI: /jsonrpc/0, Method: POST, Header: {content-length=172, remote-addr=127.0.0.1, http-client-ip=127.0.0.1, host=localhost:9010, content-type=application/json, accept-encoding=identity}, params, {NanoHttpd.QUERY_STRING=null}, files: {postData={"jsonrpc": "2.0", "method": "click", "id": "1300a99e6ad9cfd400296bca1a3edd93", "params": [{"mask": 1, "childOrSibling": [], "childOrSiblingSelector": [], "text": "WiFi"}]}}
11-20 00:20:45.635 W/StatusBarClientConnection( 3038): Messenger is null, ignoring message: { when=-8h33m11s899ms barrier=1 }
11-20 00:20:45.649 W/HWComposer(  577): Ignoring duplicate VSYNC event from HWC for display 0 (t=30791913003670)
11-20 00:20:45.652 D/UIAutomatorStub( 6249): URI: /jsonrpc/0, Method: POST, Header: {content-length=238, remote-addr=127.0.0.1, http-client-ip=127.0.0.1, host=localhost:9010, content-type=application/json, accept-encoding=identity}, params, {NanoHttpd.QUERY_STRING=null}, files: {postData={"jsonrpc": "2.0", "method": "waitForExists", "id": "990705e32c5363fe62aa8757cd404f6c", "params": [{"mask": 2097152, "childOrSibling": [], "childOrSiblingSelector": [], "resourceId": "com.facebook.wearable.system.settings:id/toggle"}, 0]}}
11-20 00:20:45.667 W/HWComposer(  577): Ignoring duplicate VSYNC event from HWC for display 0 (t=30791929884034)
11-20 00:20:45.677 I/chatty  ( 1194): uid=1000(system) Binder:1194_5 expire 6 lines
11-20 00:20:45.687 E/StatusBarClientConnection( 3038): Service connected
11-20 00:20:45.691 D/WifiConnector( 2841): Network State Changed
11-20 00:20:45.701 W/View    ( 3038): requestLayout() improperly called by android.view.View{e72a1eb V.ED..... ......I. 0,368-474,474} during layout: running second layout pass
11-20 00:20:45.711 D/WifiSharingService( 2841): Starting Wi-Fi scan
11-20 00:20:45.715 W/View    ( 3038): requestLayout() improperly called by com.facebook.wearable.common.wds.listview.WdsListView{6915ef7 V.E..V... ........ 0,0-474,474} during second layout pass: posting in next frame
11-20 00:20:45.726 I/chatty  ( 1194): uid=1000(system) WifiScanningSer expire 3 lines
11-20 00:20:45.727 I/chatty  ( 1024): uid=1021(gps) lowi-server expire 208 lines
11-20 00:20:45.727 V/WifiHAL (  539): event received NL80211_CMD_TRIGGER_SCAN
11-20 00:20:45.763 D/UIAutomatorStub( 6249): URI: /jsonrpc/0, Method: POST, Header: {content-length=229, remote-addr=127.0.0.1, http-client-ip=127.0.0.1, host=localhost:9010, content-type=application/json, accept-encoding=identity}, params, {NanoHttpd.QUERY_STRING=null}, files: {postData={"jsonrpc": "2.0", "method": "objInfo", "id": "8075740ccc393355954b60131360348c", "params": [{"mask": 2097152, "childOrSibling": [], "childOrSiblingSelector": [], "resourceId": "com.facebook.wearable.system.settings:id/toggle"}]}}
11-20 00:20:46.239 V/WifiHAL (  539): event received NL80211_CMD_NEW_SCAN_RESULTS
11-20 00:20:46.262 I/chatty  ( 1194): uid=1000(system) WifiHandlerThre expire 5 lines
11-20 00:20:46.265 I/chatty  ( 1024): uid=1021(gps) lowi-server expire 14 lines
11-20 00:20:46.316 D/WifiSharingService( 2841): Sending scanResults intent with status code 0: PendingIntent{6b465d8: android.os.BinderProxy@a8f8933}
11-20 00:20:46.320 E/QMI_FW  ( 1113): qmi_cci_get_ref: ref count increased 2
11-20 00:20:46.322 E/QMI_FW  ( 1113): qmi_cci_get_ref: ref count increased 2
11-20 00:20:46.333 I/WearableConnectivityManager( 2581): LTE Signal strength is: 1
11-20 00:20:46.333 I/WearableConnectivityManager( 2581): Cellular Signal strength is: 1
11-20 00:20:46.334 D/RadioLinkQualityScoreBuilder( 1975): scoreRsrp: 2scoreRsrq: 2scoreRssnr: 3
11-20 00:20:47.338 W/HWComposer(  577): Ignoring duplicate VSYNC event from HWC for display 0 (t=30793601273825)
11-20 00:20:47.355 W/HWComposer(  577): Ignoring duplicate VSYNC event from HWC for display 0 (t=30793618166325)
11-20 00:20:47.372 W/HWComposer(  577): Ignoring duplicate VSYNC event from HWC for display 0 (t=30793635052731)
11-20 00:20:48.114 W/HWComposer(  577): Ignoring duplicate VSYNC event from HWC for display 0 (t=30794377761325)
11-20 00:20:48.131 W/HWComposer(  577): Ignoring duplicate VSYNC event from HWC for display 0 (t=30794394652939)
11-20 00:20:48.165 W/HWComposer(  577): Ignoring duplicate VSYNC event from HWC for display 0 (t=30794428426481)
11-20 00:20:50.163 E/QMI_FW  ( 1113): qmi_cci_get_ref: ref count increased 2
11-20 00:20:50.164 E/QMI_FW  ( 1113): qmi_cci_get_ref: ref count increased 2
11-20 00:20:50.175 I/WearableConnectivityManager( 2581): LTE Signal strength is: 1
11-20 00:20:50.175 I/WearableConnectivityManager( 2581): Cellular Signal strength is: 1
11-20 00:20:50.176 D/RadioLinkQualityScoreBuilder( 1975): scoreRsrp: 2scoreRsrq: 3scoreRssnr: 4
11-20 00:20:51.274 D/commandrouter( 1117): rtc_sync (1, rtc:sync): <ServiceRequest> FORWARDED (remote -> local) service client ID = 0, token ID = 35843
11-20 00:20:51.274 D/vendor.facebook.rtc_sync@1.0-service( 1129): Request req_ts=1637367651269416129 resp_ts=1637367651274473104
11-20 00:20:51.275 D/commandrouter( 1117): SocServiceHandle::onServiceMessage, SoC Service = rtc_sync, appType = 1, type = SVC_RESP, clientId = 0, token = 35843, payloadLen = 8, result = 0, payload.size() = 8
11-20 00:20:55.791 D/ConnectivityService( 1194): handleLingerComplete for [100 CELLULAR]
11-20 00:20:55.807 D/QCNEJ/WwanInfoRelay( 1900): onCapabilitiesChanged: 100 [ Transports: CELLULAR Capabilities: MMS&SUPL&FOTA&INTERNET&NOT_RESTRICTED&TRUSTED&NOT_VPN&VALIDATED&NOT_ROAMING&NOT_CONGESTED&NOT_SUSPENDED LinkUpBandwidth>=15000Kbps LinkDnBandwidth>=30000Kbps Specifier: <TelephonyNetworkSpecifier [mSubId = 1]> AdministratorUids: [] RequestorUid: -1 RequestorPackageName: null]
11-20 00:20:55.812 I/QCNEJ/WwanInfoRelay( 1900): cacheWwanInfo subId = 1 phoneId = 0 slotId = 0
11-20 00:20:55.822 W/MqttClient( 2665): connection/disconnecting; reason=READ_SOCKET, operation=NETWORK_THREAD_LOOP
11-20 00:20:55.826 W/System.err( 2665): DEBUG: com.whatsapp.net.tls13.WtSocketWrapper.sendAlertAndShutdown(:86) : Sending Alert : type : WARNING description : close_notify(0) exception : 
11-20 00:20:55.837 W/System.err( 2665): ERROR: com.whatsapp.net.logging.WtLog.log$REDEX$HQcOuACUrr4(:4) : Encountered exception. Nothing much can be done here. com.whatsapp.net.alerts.WtAlertException
11-20 00:20:55.903 W/System.err( 2665): INFO: com.whatsapp.net.logging.WtLog.log$REDEX$HQcOuACUrr4(:4) : Start handshake.
11-20 00:20:55.925 E/QMI_FW  ( 1113): qmi_cci_get_ref: ref count increased 2
11-20 00:20:55.926 E/QMI_FW  ( 1113): qmi_cci_get_ref: ref count increased 2
11-20 00:20:55.926 E/QMI_FW  ( 1113): qmi_cci_get_ref: ref count increased 2
11-20 00:20:55.952 W/System.err( 2665): INFO: com.whatsapp.net.logging.WtLog.log$REDEX$HQcOuACUrr4(:4) : Handshake complete : session_resumed true early_data_sent false early_data_accepted false client_cert_requested false time_ms 49
11-20 00:20:57.347 E/QMI_FW  ( 1113): qmi_cci_get_ref: ref count increased 2
11-20 00:20:57.349 E/QMI_FW  ( 1113): qmi_cci_get_ref: ref count increased 2
11-20 00:20:57.359 I/WearableConnectivityManager( 2581): LTE Signal strength is: 1
11-20 00:20:57.359 I/WearableConnectivityManager( 2581): Cellular Signal strength is: 1
11-20 00:20:57.360 D/RadioLinkQualityScoreBuilder( 1975): scoreRsrp: 2scoreRsrq: 2scoreRssnr: 4
11-20 00:20:59.893 E/QMI_FW  ( 1113): qmi_cci_get_ref: ref count increased 2
11-20 00:20:59.894 E/QMI_FW  ( 1113): qmi_cci_get_ref: ref count increased 2
11-20 00:20:59.904 I/WearableConnectivityManager( 2581): LTE Signal strength is: 1
11-20 00:20:59.904 I/WearableConnectivityManager( 2581): Cellular Signal strength is: 1
11-20 00:20:59.905 D/RadioLinkQualityScoreBuilder( 1975): scoreRsrp: 2scoreRsrq: 3scoreRssnr: 3
11-20 00:21:00.003 D/KeyguardUpdateMonitor( 1753): received broadcast android.intent.action.TIME_TICK
11-20 00:21:00.003 D/KeyguardUpdateMonitor( 1753): handleTimeUpdate
11-20 00:21:00.869 I/chatty  ( 1024): uid=1021(gps) lowi-server expire 164 lines
11-20 00:21:00.869 V/WifiHAL (  539): event received NL80211_CMD_TRIGGER_SCAN
11-20 00:21:00.988 V/WifiHAL (  539): event received NL80211_CMD_NEW_SCAN_RESULTS
11-20 00:21:00.990 I/chatty  ( 1194): uid=1000(system) Binder:1194_1F expire 2 lines
11-20 00:21:01.275 D/commandrouter( 1117): rtc_sync (1, rtc:sync): <ServiceRequest> FORWARDED (remote -> local) service client ID = 0, token ID = 35844
11-20 00:21:01.276 D/vendor.facebook.rtc_sync@1.0-service( 1129): Request req_ts=1637367661268473104 resp_ts=1637367661276091955
11-20 00:21:01.276 D/commandrouter( 1117): SocServiceHandle::onServiceMessage, SoC Service = rtc_sync, appType = 1, type = SVC_RESP, clientId = 0, token = 35844, payloadLen = 8, result = 0, payload.size() = 8
11-20 00:21:02.181 E/QMI_FW  ( 1113): qmi_cci_get_ref: ref count increased 2
11-20 00:21:02.181 E/QMI_FW  ( 1113): qmi_cci_get_ref: ref count increased 2
11-20 00:21:02.181 E/QMI_FW  ( 1113): qmi_cci_get_ref: ref count increased 2
11-20 00:21:02.954 E/QMI_FW  ( 1113): qmi_cci_get_ref: ref count increased 2
11-20 00:21:02.956 E/QMI_FW  ( 1113): qmi_cci_get_ref: ref count increased 2
11-20 00:21:02.970 I/WearableConnectivityManager( 2581): LTE Signal strength is: 2
11-20 00:21:02.970 I/WearableConnectivityManager( 2581): Cellular Signal strength is: 2
11-20 00:21:02.971 D/RadioLinkQualityScoreBuilder( 1975): scoreRsrp: 3scoreRsrq: 2scoreRssnr: 2
11-20 00:21:06.418 D/AnalyticsLogger( 1194): sent events: 10
11-20 00:21:06.454 D/CompatibilityInfo( 1194): applicationDensity - 320
11-20 00:21:06.454 D/CompatibilityInfo( 1194): applicationScale - 1.0
11-20 00:21:06.573 W/ystem.analytic( 2544): Accessing hidden method Lcom/android/org/conscrypt/ConscryptEngineSocket;->setUseSessionTickets(Z)V (greylist-max-q,core-platform-api, reflection, denied)
11-20 00:21:06.573 W/ystem.analytic( 2544): Accessing hidden method Lcom/android/org/conscrypt/OpenSSLSocketImpl;->setUseSessionTickets(Z)V (greylist-max-q,core-platform-api, reflection, denied)
11-20 00:21:06.574 W/ystem.analytic( 2544): Accessing hidden method Lcom/android/org/conscrypt/AbstractConscryptSocket;->setUseSessionTickets(Z)V (greylist-max-q, reflection, denied)
11-20 00:21:06.574 W/ystem.analytic( 2544): Accessing hidden method Lcom/android/org/conscrypt/ConscryptEngineSocket;->setHostname(Ljava/lang/String;)V (greylist-max-q,core-platform-api, reflection, denied)
11-20 00:21:06.574 W/ystem.analytic( 2544): Accessing hidden method Lcom/android/org/conscrypt/OpenSSLSocketImpl;->setHostname(Ljava/lang/String;)V (greylist-max-q,core-platform-api, reflection, denied)
11-20 00:21:06.575 W/ystem.analytic( 2544): Accessing hidden method Lcom/android/org/conscrypt/AbstractConscryptSocket;->setHostname(Ljava/lang/String;)V (greylist-max-q, reflection, denied)
11-20 00:21:06.575 W/ystem.analytic( 2544): Accessing hidden method Lcom/android/org/conscrypt/OpenSSLSocketImpl;->setAlpnProtocols([B)V (greylist-max-q,core-platform-api, reflection, denied)
11-20 00:21:06.575 W/ystem.analytic( 2544): Accessing hidden method Lcom/android/org/conscrypt/AbstractConscryptSocket;->setAlpnProtocols([B)V (greylist-max-q, reflection, denied)
11-20 00:21:06.622 W/ystem.analytic( 2544): Accessing hidden method Lcom/android/org/conscrypt/OpenSSLSocketImpl;->getAlpnSelectedProtocol()[B (greylist-max-q,core-platform-api, reflection, denied)
11-20 00:21:06.622 W/ystem.analytic( 2544): Accessing hidden method Lcom/android/org/conscrypt/AbstractConscryptSocket;->getAlpnSelectedProtocol()[B (greylist-max-q, reflection, denied)
11-20 00:21:06.790 E/QMI_FW  ( 1113): qmi_cci_get_ref: ref count increased 2
11-20 00:21:06.791 E/QMI_FW  ( 1113): qmi_cci_get_ref: ref count increased 2
11-20 00:21:06.803 I/WearableConnectivityManager( 2581): LTE Signal strength is: 1
11-20 00:21:06.803 I/WearableConnectivityManager( 2581): Cellular Signal strength is: 1
11-20 00:21:06.805 D/RadioLinkQualityScoreBuilder( 1975): scoreRsrp: 2scoreRsrq: 3scoreRssnr: 4
11-20 00:21:08.110 D/mcu_health_checker(  946): Sent MCU Health Request
11-20 00:21:08.110 D/commandrouter( 1117): SocServiceHandle::onServiceMessage, SoC Service = mcu_healthcheck_946, appType = 1, type = SVC_REQ, clientId = 0, token = 512, payloadLen = 20, result = 0, payload.size() = 20
11-20 00:21:08.116 D/commandrouter( 1117): mcu_healthcheck_946 (1, merlot:mcu_health:control): <ServiceResponse> FORWARDED (remote -> local) CR token ID = 512, service client ID = 6, token ID = 17878, result = 0
11-20 00:21:08.116 D/mcu_health_checker(  946): MCU Health Response: MCU_OK
11-20 00:21:08.116 D/mcu_health_checker(  946): MCU Session 0, uptime = 30779495 ms
11-20 00:21:08.116 D/mcu_health_checker(  946): mSensorErrs[0]: 0
11-20 00:21:08.116 D/mcu_health_checker(  946): mSensorErrs[1]: 0
11-20 00:21:08.116 D/mcu_health_checker(  946): mSensorErrs[2]: 0
11-20 00:21:08.626 D/AppStorageManager( 1194): BEFORE:: Previous Size: 1047527424 Current Size: 1047699456
11-20 00:21:08.627 D/AppStorageManager( 1194): AFTER:: Previous Size: 1047699456 Current Size: 1047699456
11-20 00:21:09.229 D/UIAutomatorStub( 6249): URI: /jsonrpc/0, Method: POST, Header: {content-length=102, remote-addr=127.0.0.1, http-client-ip=127.0.0.1, host=localhost:9010, content-type=application/json, accept-encoding=identity}, params, {NanoHttpd.QUERY_STRING=null}, files: {postData={"jsonrpc": "2.0", "method": "pressKey", "id": "6df4a571c1b8b4944bc7b518f296f38a", "params": ["back"]}}
11-20 00:21:09.248 D/AutofillManagerService( 1194): onBackKeyPressed()
11-20 00:21:09.282 D/UIAutomatorStub( 6249): URI: /jsonrpc/0, Method: POST, Header: {content-length=102, remote-addr=127.0.0.1, http-client-ip=127.0.0.1, host=localhost:9010, content-type=application/json, accept-encoding=identity}, params, {NanoHttpd.QUERY_STRING=null}, files: {postData={"jsonrpc": "2.0", "method": "pressKey", "id": "d3c2cd1ae495766db202ae925fd44b89", "params": ["back"]}}
11-20 00:21:09.835 D/UIAutomatorStub( 6249): URI: /jsonrpc/0, Method: POST, Header: {content-length=102, remote-addr=127.0.0.1, http-client-ip=127.0.0.1, host=localhost:9010, content-type=application/json, accept-encoding=identity}, params, {NanoHttpd.QUERY_STRING=null}, files: {postData={"jsonrpc": "2.0", "method": "pressKey", "id": "6c965f18fb774a693ae2a3ca7e15439d", "params": ["back"]}}
11-20 00:21:10.317 D/ActivityTrigger( 1194): ActivityTrigger activityPauseTrigger 
11-20 00:21:10.351 E/ANDR-PERF-JNI( 1194): UXEngine Trigger - Returning null
11-20 00:21:10.383 D/ComplicationController( 2581): Starting complication controller. Face Type: OdysseyWatchFace
11-20 00:21:10.384 D/ComplicationDataManagerImpl( 2581): Updating complication data for package: com.facebook.wearable.apps.heart, id: com.facebook.wearable.apps.heart.HEART_RATE
11-20 00:21:10.384 D/ComplicationDataManagerImpl( 2581): Updating complication data for package: com.facebook.wearable.apps.clock, id: com.facebook.wearable.apps.clock.SHORTCUT_COMPLICATION
11-20 00:21:10.384 D/ComplicationDataManagerImpl( 2581): Updating complication data for package: com.facebook.wearable.apps.weather, id: com.facebook.wearable.apps.weather.SHORTCUT_COMPLICATION
11-20 00:21:10.384 D/ComplicationDataManagerImpl( 2581): Updating complication data for package: com.facebook.wearable.apps.workout, id: com.facebook.wearable.apps.workout.SHORTCUT_COMPLICATION
11-20 00:21:10.384 D/ComplicationDataManagerImpl( 2581): Updating complication data for package: com.facebook.wearable.apps.calendar, id: com.facebook.wearable.apps.calendar.SHORTCUT_COMPLICATION
11-20 00:21:10.384 D/ComplicationDataManagerImpl( 2581): Updating complication data for package: com.facebook.wearable.apps.gallery, id: com.facebook.wearable.apps.gallery.SHORTCUT_COMPLICATION
11-20 00:21:10.384 D/ComplicationDataManagerImpl( 2581): Updating complication data for package: com.facebook.wearable.apps.player, id: com.facebook.wearable.apps.player.SHORTCUT_COMPLICATION
11-20 00:21:10.385 E/DayDateSystemComplicationProvider( 2581): Updating Day Date System Complication
11-20 00:21:10.386 D/ComplicationDataManagerImpl( 2581): Updating complication data for package: com.facebook.wearable.apps.calendar, id: com.facebook.wearable.apps.calendar.DAY_DATE_COMPLICATION
11-20 00:21:10.391 D/ComplicationDataManagerImpl( 2581): Fetching complication data for package: com.facebook.wearable.apps.calendar, com.facebook.wearable.apps.calendar.DAY_DATE_COMPLICATION.
11-20 00:21:10.391 D/ComplicationDataManagerImpl( 2581): Fetching complication data for package: com.facebook.wearable.apps.player, com.facebook.wearable.apps.player.SHORTCUT_COMPLICATION.
11-20 00:21:10.392 D/ComplicationDataManagerImpl( 2581): Fetching complication data for package: com.facebook.wearable.apps.gallery, com.facebook.wearable.apps.gallery.SHORTCUT_COMPLICATION.
11-20 00:21:10.392 D/ComplicationDataManagerImpl( 2581): Fetching complication data for package: com.facebook.wearable.apps.heart, com.facebook.wearable.apps.heart.HEART_RATE.
11-20 00:21:10.399 D/LauncherActivity( 2581): onResume: Intent { cat=[android.intent.category.DEFAULT] flg=0x10020000 cmp=com.facebook.wearable.system.launcher/.LauncherActivity }
11-20 00:21:10.399 D/LauncherIntentProcessor( 2581): processLauncherActivityIntent: Intent { cat=[android.intent.category.DEFAULT] flg=0x10020000 cmp=com.facebook.wearable.system.launcher/.LauncherActivity }
11-20 00:21:10.421 D/FacebookRepository( 2581): Reading from Store [250223709649332]
11-20 00:21:10.450 D/CompatibilityInfo( 1194): mCompatibilityFlags - 4
11-20 00:21:10.450 D/CompatibilityInfo( 1194): applicationDensity - 320
11-20 00:21:10.450 D/CompatibilityInfo( 1194): applicationScale - 1.0
11-20 00:21:10.465 D/CompatibilityInfo( 1194): mCompatibilityFlags - 4
11-20 00:21:10.465 D/CompatibilityInfo( 1194): applicationDensity - 320
11-20 00:21:10.465 D/CompatibilityInfo( 1194): applicationScale - 1.0
11-20 00:21:10.630 E/QMI_FW  ( 1113): qmi_cci_get_ref: ref count increased 2
11-20 00:21:10.635 E/QMI_FW  ( 1113): qmi_cci_get_ref: ref count increased 2
11-20 00:21:10.649 I/WearableConnectivityManager( 2581): LTE Signal strength is: 2
11-20 00:21:10.649 I/WearableConnectivityManager( 2581): Cellular Signal strength is: 2
11-20 00:21:10.651 D/RadioLinkQualityScoreBuilder( 1975): scoreRsrp: 3scoreRsrq: 1scoreRssnr: 1
11-20 00:21:10.657 D/WirelessInsightServiceImpl( 1975): onSignalStrengthsChanged: SignalStrength = SignalStrength:{mCdma=CellSignalStrengthCdma: cdmaDbm=2147483647 cdmaEcio=2147483647 evdoDbm=2147483647 evdoEcio=2147483647 evdoSnr=2147483647 level=0,mGsm=CellSignalStrengthGsm: rssi=2147483647 ber=2147483647 mTa=2147483647 mLevel=0,mWcdma=CellSignalStrengthWcdma: ss=2147483647 ber=2147483647 rscp=2147483647 ecno=2147483647 level=0,mTdscdma=CellSignalStrengthTdscdma: rssi=2147483647 ber=2147483647 rscp=2147483647 level=0,mLte=CellSignalStrengthLte: rssi=-75 rsrp=-112 rsrq=-16 rssnr=-3 cqi=2147483647 ta=2147483647 level=2 parametersUseForLevel=0,mNr=CellSignalStrengthNr:{ csiRsrp = 2147483647 csiRsrq = 2147483647 csiSinr = 2147483647 ssRsrp = 2147483647 ssRsrq = 2147483647 ssSinr = 2147483647 level = 0 parametersUseForLevel = 0 },primary=CellSignalStrengthLte}
11-20 00:21:10.657 D/WirelessInsightServiceImpl( 1975): Score: 1
11-20 00:21:10.657 D/WirelessInsightServiceImpl( 1975): notifyListeners: listeners = 0, score = 1
11-20 00:21:10.709 D/CompatibilityInfo( 1194): mCompatibilityFlags - 4
11-20 00:21:10.710 D/CompatibilityInfo( 1194): applicationDensity - 320
11-20 00:21:10.710 D/CompatibilityInfo( 1194): applicationScale - 1.0
11-20 00:21:10.719 D/CompatibilityInfo( 1194): mCompatibilityFlags - 4
11-20 00:21:10.720 D/CompatibilityInfo( 1194): applicationDensity - 320
11-20 00:21:10.720 D/CompatibilityInfo( 1194): applicationScale - 1.0
11-20 00:21:10.774 D/UIAutomatorStub( 6249): URI: /jsonrpc/0, Method: POST, Header: {content-length=102, remote-addr=127.0.0.1, http-client-ip=127.0.0.1, host=localhost:9010, content-type=application/json, accept-encoding=identity}, params, {NanoHttpd.QUERY_STRING=null}, files: {postData={"jsonrpc": "2.0", "method": "pressKey", "id": "1bb0f334b51ed78c0a91cfebca9b69be", "params": ["back"]}}
11-20 00:21:10.941 E/ANDR-PERF-OPTSHANDLER(  557): perf_lock_rel: failed for /sys/class/kgsl/kgsl-3d0/min_pwrlevel as previous value is not stored
11-20 00:21:10.942 E/ANDR-PERF-RESOURCEQS(  557): Failed to reset optimization [3, 0]
11-20 00:21:10.977 D/LauncherActivity( 2581): onKeyUp() called with keycode:4, event: KeyEvent { action=ACTION_UP, keyCode=KEYCODE_BACK, scanCode=0, metaState=0, flags=0x200, repeatCount=0, eventTime=30817222, downTime=30817222, deviceId=-1, source=0x101, displayId=-1 }
11-20 00:21:10.302 I/chatty  ( 1194): uid=1000(system) android.ui identical 2 lines
11-20 00:21:10.976 D/AutofillManagerService( 1194): onBackKeyPressed()
11-20 00:21:11.160 W/ActivityManager( 1194): Invalid packageName: com.facebook.wearable.system.settings/com.facebook.wearable.system.settings.SettingsActivity
11-20 00:21:11.269 D/commandrouter( 1117): rtc_sync (1, rtc:sync): <ServiceRequest> FORWARDED (remote -> local) service client ID = 0, token ID = 35845
11-20 00:21:11.269 D/vendor.facebook.rtc_sync@1.0-service( 1129): Request req_ts=1637367671269091955 resp_ts=1637367671269337940
11-20 00:21:11.269 D/commandrouter( 1117): SocServiceHandle::onServiceMessage, SoC Service = rtc_sync, appType = 1, type = SVC_RESP, clientId = 0, token = 35845, payloadLen = 8, result = 0, payload.size() = 8
11-20 00:21:11.275 I/ActivityTaskManager( 1194): START u0 {flg=0x10000000 cmp=com.facebook.wearable.system.settings/.SettingsActivity} from uid 0
11-20 00:21:11.287 D/CompatibilityInfo( 1194): mCompatibilityFlags - 4
11-20 00:21:11.288 D/CompatibilityInfo( 1194): applicationDensity - 320
11-20 00:21:11.288 D/CompatibilityInfo( 1194): applicationScale - 1.0
11-20 00:21:11.294 D/ActivityTrigger( 1194): ActivityTrigger activityPauseTrigger 
11-20 00:21:11.298 I/ActivityTaskManager( 1194): The Process com.facebook.wearable.system.settings Already Exists in BG. So sending its PID: 3038
11-20 00:21:11.298 W/ActivityTaskManager( 1194): Tried to set launchTime (0) < mLastActivityLaunchTime (30787562)
11-20 00:21:11.300 D/CompatibilityInfo( 1194): mCompatibilityFlags - 4
11-20 00:21:11.300 D/CompatibilityInfo( 1194): applicationDensity - 320
11-20 00:21:11.300 D/CompatibilityInfo( 1194): applicationScale - 1.0
11-20 00:21:11.308 I/cmd     (20240): oneway function results will be dropped but finished with status OK and parcel size 4
11-20 00:21:11.331 D/LauncherActivity( 2581): onPause
11-20 00:21:11.356 D/CompatibilityInfo( 1194): mCompatibilityFlags - 4
11-20 00:21:11.356 D/CompatibilityInfo( 1194): applicationDensity - 320
11-20 00:21:11.356 D/CompatibilityInfo( 1194): applicationScale - 1.0
11-20 00:21:11.382 D/FacebookProvider(31424): Starting SSO Network Fetch for 263529928325379
11-20 00:21:11.383 I/AccountsContentProvider(31424): No Primary Account. Accounts Error [content://com.facebook.wearable.system.accounts.AccountsContentProvider/facebook/263529928325379]
11-20 00:21:11.383 E/DatabaseUtils(31424): Writing exception to parcel
11-20 00:21:11.383 E/DatabaseUtils(31424): java.lang.IllegalStateException: No Primary Account
11-20 00:21:11.383 E/DatabaseUtils(31424): 	at com.facebook.secure.content.AbstractContentProvider.doQuery(:284)
11-20 00:21:11.383 E/DatabaseUtils(31424): 	at com.facebook.secure.content.AbstractContentProvider.query(:8)
11-20 00:21:11.383 E/DatabaseUtils(31424): 	at android.content.ContentProvider.query(ContentProvider.java:1474)
