11-20 20:00:56.376 D/QCNEJ/DefaultNetworkInfoRelay( 1900): Default network lost: 188
11-20 20:00:56.377 D/DeviceAuthService(13575): Network lost
11-20 20:00:56.378 E/QMI_FW  ( 1113): qmi_cci_get_ref: ref count increased 2
11-20 20:00:56.381 D/QCNEJ/NativeHalConnector( 1900): -> SND notifyDefaultNetworkChanged(1)
11-20 20:00:56.382 I/Nat464Xlat( 1194): Android Xlat is disabled
11-20 20:00:56.382 D/QCNEJ/WlanStaInfoRelay( 1900): network lost: 188
11-20 20:00:56.384 D/QCNEJ/WlanStaInfoRelay( 1900): onLost: unbind the process to WIFI
11-20 20:00:56.382 I/Nat464Xlat( 1194): Android Xlat is disabled
11-20 20:00:56.394 D/ConnectivityService( 1194): Sending DISCONNECTED broadcast for type 1 [188 WIFI] isDefaultNetwork=true
11-20 20:00:56.395 E/QMI_FW  ( 1113): qmi_cci_get_ref: ref count increased 2
11-20 20:00:56.397 I/chatty  ( 1113): uid=1001(radio) main identical 1 line
11-20 20:00:56.398 E/QMI_FW  ( 1113): qmi_cci_get_ref: ref count increased 2
11-20 20:00:56.401 E/QMI_FW  ( 1113): qmi_cci_get_ref: ref count increased 2
11-20 20:00:56.418 D/ConnectivityService( 1194): NetReassign [8 : null → 100, 20 : null → 100, 46 : null → 100, 1932 : null → 100, 12 : null → 100, 22 : null → 100, 16 : null → 100, 1330 : null → 100, 14 : null → 100, 50 : null → 100, 18 : null → 100, 11 : null → 100, 1 : null → 100, 17 : null → 100, 1935 : null → 100]
11-20 20:00:56.422 E/NetlinkEvent(  459): NetlinkEvent::FindParam(): Parameter 'INTERFACE' not found
11-20 20:00:56.422 E/NetlinkEvent(  459): NetlinkEvent::FindParam(): Parameter 'STATE' not found
11-20 20:00:56.422 E/NetlinkEvent(  459): NetlinkEvent::FindParam(): Parameter 'TIME_NS' not found
11-20 20:00:56.422 E/NetlinkEvent(  459): NetlinkEvent::FindParam(): Parameter 'UID' not found
11-20 20:00:56.414 I/chatty  ( 1113): uid=1001(radio) main identical 2 lines
11-20 20:00:56.423 E/QMI_FW  ( 1113): qmi_cci_get_ref: ref count increased 2
11-20 20:00:56.428 W/MqttClient( 2665): connection/disconnecting; reason=NETWORK_LOST, operation=DISCONNECT
11-20 20:00:56.428 W/System.err( 2665): DEBUG: com.whatsapp.net.tls13.WtSocketWrapper.sendAlertAndShutdown(:86) : Sending Alert : type : WARNING description : close_notify(0) exception : 
11-20 20:00:56.430 E/QMI_FW  ( 1113): qmi_cci_get_ref: ref count increased 2
11-20 20:00:56.433 D/WifiMemoryStoreImpl( 1194): Set cluster Gded792457511e862 for We4936d4057368143: SUCCESS
11-20 20:00:56.435 E/QMI_FW  ( 1113): qmi_cci_get_ref: ref count increased 2
11-20 20:00:56.435 D/ConnectivityService( 1194): Switching to new default network: NetworkAgentInfo{ ni{[type: MOBILE[LTE], state: CONNECTED/CONNECTED, reason: (unspecified), extra: nxtgenphone, failover: false, available: true, roaming: false]}  network{100}  nethandle{432902426637}  lp{{InterfaceName: rmnet_data2 LinkAddresses: [ 10.129.103.196/29,2600:380:c119:24f:b89a:9f3c:46c1:95af/64 ] DnsAddresses: [ /172.26.38.1,/fc00:a:a::300 ] Domains: null MTU: 1430 TcpBufferSizes: 2097152,4194304,8388608,262144,524288,1048576 Routes: [ 0.0.0.0/0 -> 10.129.103.197 rmnet_data2 mtu 1430,::/0 -> fe80::b45f:41f1:1846:969d rmnet_data2 mtu 1430,10.129.103.192/29 -> 0.0.0.0 rmnet_data2 mtu 0,2600:380:c119:24f::/64 -> :: rmnet_data2 mtu 0 ]}}  nc{[ Transports: CELLULAR Capabilities: MMS&SUPL&FOTA&INTERNET&NOT_RESTRICTED&TRUSTED&NOT_VPN&VALIDATED&NOT_ROAMING&NOT_CONGESTED&NOT_SUSPENDED LinkUpBandwidth>=15000Kbps LinkDnBandwidth>=30000Kbps Specifier: <TelephonyNetworkSpecifier [mSubId = 1]> AdministratorUids: [] RequestorUid: -1 RequestorPackageName: null]}  Score{50}  everValidated{true}  lastValidated{true}  created{true} lingering{false} explicitlySelected{false} acceptUnvalidated{false} everCaptivePortalDetected{false} lastCaptivePortalDetected{false} partialConnectivity{false} acceptPartialConnectivity{false} clat{mBaseIface: null, mIface: null, mState: IDLE} }
11-20 20:00:56.437 E/QMI_FW  ( 1113): qmi_cci_get_ref: ref count increased 2
11-20 20:00:56.442 E/SelfCareDataCloudSyncWorker( 2351): Failed to get access token
11-20 20:00:56.442 E/SelfCareDataCloudSyncWorker( 2351): kotlinx.coroutines.JobCancellationException: Job was cancelled; job=JobImpl{Cancelling}@d9264f9
11-20 20:00:56.447 I/WM-WorkerWrapper( 2351): Work [ id=41176d4d-428f-4560-a8c8-961a1631ba8f, tags={ com.facebook.wearable.system.selfcare.cloudsync.SelfCareDataCloudSyncWorker } ] was cancelled
11-20 20:00:56.447 I/WM-WorkerWrapper( 2351): java.util.concurrent.CancellationException: Task was cancelled.
11-20 20:00:56.447 I/WM-WorkerWrapper( 2351): 	at androidx.work.impl.utils.futures.AbstractFuture.getDoneValue(:32)
11-20 20:00:56.447 I/WM-WorkerWrapper( 2351): 	at androidx.work.impl.utils.futures.AbstractFuture.get(:268435546)
11-20 20:00:56.447 I/WM-WorkerWrapper( 2351): 	at androidx.work.impl.WorkerWrapper$2.run(:3)
11-20 20:00:56.447 I/WM-WorkerWrapper( 2351): 	at androidx.work.impl.utils.SerialExecutor$Task.run(:2)
11-20 20:00:56.447 I/WM-WorkerWrapper( 2351): 	at java.util.concurrent.ThreadPoolExecutor.runWorker(ThreadPoolExecutor.java:1167)
11-20 20:00:56.447 I/WM-WorkerWrapper( 2351): 	at java.util.concurrent.ThreadPoolExecutor$Worker.run(ThreadPoolExecutor.java:641)
11-20 20:00:56.447 I/WM-WorkerWrapper( 2351): 	at java.lang.Thread.run(Thread.java:923)
11-20 20:00:56.448 E/QMI_FW  ( 1113): qmi_cci_get_ref: ref count increased 2
11-20 20:00:56.523 D/DeviceAuthService(13575): Network connected
11-20 20:00:56.523 D/DeviceAuthService(13575): fetchAuthTokenWrapper called
11-20 20:00:56.527 D/QCNEJ/DefaultNetworkInfoRelay( 1900): Default network available: 100
11-20 20:00:56.528 D/QCNEJ/NativeHalConnector( 1900): -> SND notifyDefaultNetworkChanged(0)
11-20 20:00:56.529 D/DhcpClient( 1194): DHCP Packet Handler stopped
11-20 20:00:56.530 D/DhcpClient( 1194): onQuitting
11-20 20:00:56.532 E/QMI_FW  (  927): qmi_cci_get_ref: ref count increased 2
11-20 20:00:56.533 E/QMI_FW  (  927): qmi_cci_get_ref: ref count increased 2
11-20 20:00:56.548 V/LigerRadioStatsReporter( 2384): onCapabilitiesChanged: Network capabilities changed
11-20 20:00:56.548 V/LigerRadioStatsReporter( 2384): reportAndCheckpointRadioStats
11-20 20:00:56.550 D/NetworkTimeUpdateService( 1194): New default network 100; checking time.
11-20 20:00:56.551 V/LigerRadioStatsReporter( 2384): +++++++++++ RADIO STATS DUMP +++++++++++
11-20 20:00:56.551 V/LigerRadioStatsReporter( 2384): totalActiveRadioTimeMs=0
11-20 20:00:56.551 V/LigerRadioStatsReporter( 2384): totalTailRadioTimeMs=13995
11-20 20:00:56.551 V/LigerRadioStatsReporter( 2384): totalWakeupCount=0
11-20 20:00:56.551 V/LigerRadioStatsReporter( 2384): httpUpBytes=0
11-20 20:00:56.551 V/LigerRadioStatsReporter( 2384): httpDownBytes=0
11-20 20:00:56.551 V/LigerRadioStatsReporter( 2384): httpWakeupCount=0
11-20 20:00:56.551 V/LigerRadioStatsReporter( 2384): httpRequestCount=0
11-20 20:00:56.551 V/LigerRadioStatsReporter( 2384): httpActiveRadioTimeMs=0
11-20 20:00:56.551 V/LigerRadioStatsReporter( 2384): httpTailRadioTimeMs=13995
11-20 20:00:56.551 V/LigerRadioStatsReporter( 2384): reportAndCheckpointRadioStats: Tx=0
11-20 20:00:56.551 V/LigerRadioStatsReporter( 2384): reportAndCheckpointRadioStats: Rx=0
11-20 20:00:56.551 V/LigerRadioStatsReporter( 2384): reportAndCheckpointRadioStats: Uids=10028
11-20 20:00:56.551 V/LigerRadioStatsReporter( 2384): reportAndCheckpointRadioStats: Tags=null
11-20 20:00:56.560 W/SimpleTimeDetectorStrategy( 1194): Existing suggestion found to be invalid  elapsedRealtimeMillis=101600721, timeSuggestion=TelephonyTimeSuggestion{mSlotIndex='0', mUtcTime=TimestampedValue{mReferenceTimeMillis=2542243, mValue=1637368197000}, mDebugInfo=[Sending new time suggestion nitzSignal=TimestampedValue{mReferenceTimeMillis=2542243, mValue=NitzData{mOriginalString=21/11/20,00:29:57-32,00, mZoneOffset=-28800000, mDstOffset=0, mCurrentTimeMillis=1637368197000, mEmulatorHostTimeZone=null}}, reason=handleNitzReceived(TimestampedValue{mReferenceTimeMillis=2542243, mValue=NitzData{mOriginalString=21/11/20,00:29:57-32,00, mZoneOffset=-28800000, mDstOffset=0, mCurrentTimeMillis=1637368197000, mEmulatorHostTimeZone=null}})]}
11-20 20:00:56.575 E/WifiNative( 1194): Could not get Iface object for interface null
11-20 20:00:56.575 D/WifiNetworkAgent( 1194): NetworkAgent: NetworkAgent channel lost
11-20 20:00:56.584 D/QCNEJ/WwanInfoRelay( 1900): onCapabilitiesChanged: 100 [ Transports: CELLULAR Capabilities: MMS&SUPL&FOTA&INTERNET&NOT_RESTRICTED&TRUSTED&NOT_VPN&VALIDATED&NOT_ROAMING&FOREGROUND&NOT_CONGESTED&NOT_SUSPENDED LinkUpBandwidth>=15000Kbps LinkDnBandwidth>=30000Kbps Specifier: <TelephonyNetworkSpecifier [mSubId = 1]> AdministratorUids: [] RequestorUid: -1 RequestorPackageName: null]
11-20 20:00:56.588 I/QCNEJ/WwanInfoRelay( 1900): cacheWwanInfo subId = 1 phoneId = 0 slotId = 0
11-20 20:00:56.591 V/LigerRadioStatsReporter( 2384): onCapabilitiesChanged: Network capabilities changed
11-20 20:00:56.598 D/ConnectivityService( 1194): Sending CONNECTED broadcast for type 0 [100 CELLULAR] isDefaultNetwork=true
11-20 20:00:56.609 E/DeviceAuthenticator(13575): Failed to resolve oculus.com
11-20 20:00:56.614 D/WifiMemoryStoreImpl( 1194): Set cluster Gded792457511e862 for Wded792457511e862: SUCCESS
11-20 20:00:56.615 D/DeviceAuthService(13575): isOculusAddressResolvable returned false
11-20 20:00:56.616 D/DeviceAuthService(13575): network is still available, run handler
11-20 20:00:56.650 W/System.err( 2665): INFO: com.whatsapp.net.logging.WtLog.log$REDEX$HQcOuACUrr4(:4) : Start handshake.
11-20 20:00:56.683 E/WifiNative( 1194): Could not get Iface object for interface null
11-20 20:00:56.717 W/System.err( 2665): INFO: com.whatsapp.net.logging.WtLog.log$REDEX$HQcOuACUrr4(:4) : Handshake complete : session_resumed true early_data_sent false early_data_accepted false client_cert_requested false time_ms 67
11-20 20:00:56.781 D/CompatibilityInfo( 1194): mCompatibilityFlags - 4
11-20 20:00:56.781 D/CompatibilityInfo( 1194): applicationDensity - 320
11-20 20:00:56.781 D/CompatibilityInfo( 1194): applicationScale - 1.0
11-20 20:00:56.881 W/eviceauthserve(13575): Verification of void com.oculus.deviceauthserver.DeviceAuthService$2$1.<init>(com.oculus.deviceauthserver.DeviceAuthService$2) took 162.883ms (36.84 bytecodes/s) (816B approximate peak alloc)
11-20 20:00:56.926 I/WM-WorkerWrapper( 2351): Work [ id=731e9e35-e8c2-49b1-b246-986e05f06ab6, tags={ com.facebook.wearable.system.selfcare.sharing.StickerBundleDatabaseWorker } ] was cancelled
11-20 20:00:56.926 I/WM-WorkerWrapper( 2351): java.util.concurrent.CancellationException: Task was cancelled.
11-20 20:00:56.926 I/WM-WorkerWrapper( 2351): 	at androidx.work.impl.utils.futures.AbstractFuture.getDoneValue(:32)
11-20 20:00:56.926 I/WM-WorkerWrapper( 2351): 	at androidx.work.impl.utils.futures.AbstractFuture.get(:268435546)
11-20 20:00:56.926 I/WM-WorkerWrapper( 2351): 	at androidx.work.impl.WorkerWrapper$2.run(:3)
11-20 20:00:56.926 I/WM-WorkerWrapper( 2351): 	at androidx.work.impl.utils.SerialExecutor$Task.run(:2)
11-20 20:00:56.926 I/WM-WorkerWrapper( 2351): 	at java.util.concurrent.ThreadPoolExecutor.runWorker(ThreadPoolExecutor.java:1167)
11-20 20:00:56.926 I/WM-WorkerWrapper( 2351): 	at java.util.concurrent.ThreadPoolExecutor$Worker.run(ThreadPoolExecutor.java:641)
11-20 20:00:56.926 I/WM-WorkerWrapper( 2351): 	at java.lang.Thread.run(Thread.java:923)
11-20 20:00:56.927 E/StickerBundleDatabaseWorker( 2351): Failed to fetch sticker bundles:
11-20 20:00:56.927 E/StickerBundleDatabaseWorker( 2351): kotlinx.coroutines.JobCancellationException: Job was cancelled; job=JobImpl{Cancelling}@98bae4a
11-20 20:00:57.037 D/SettingsSDK::SyncHelper( 2351): Read setting com.facebook.wearable.sdk.selfcare:SELFCARE_SERVICE_ENABLED from persistent cache
11-20 20:00:57.039 D/FacebookRepository( 2351): Reading from Store [906581286488774]
