11-20 07:01:12.252 W/ContextImpl( 1194): Calling a method in the system process without a qualified user: android.app.ContextImpl.sendBroadcastMultiplePermissions:1143 android.content.Context.sendBroadcastWithMultiplePermissions:2150 com.android.server.wifi.p2p.WifiP2pServiceImpl$P2pStateMachine.sendBroadcastMultiplePermissions:3209 com.android.server.wifi.p2p.WifiP2pServiceImpl$P2pStateMachine.sendP2pConnectionChangedBroadcast:3236 com.android.server.wifi.p2p.WifiP2pServiceImpl$P2pStateMachine.access$5100:768 
11-20 07:01:12.258 W/BroadcastQueue( 1194): Permission Denial: receiving Intent { act=android.net.wifi.p2p.CONNECTION_STATE_CHANGE flg=0x24000010 (has extras) } to ProcessRecord{ba73 1900:.qtidataservices/u0a89} (pid=1900, uid=10089) requires android.permission.ACCESS_FINE_LOCATION due to sender android (uid 1000)
11-20 07:01:12.262 W/ContextImpl( 1194): Calling a method in the system process without a qualified user: android.app.ContextImpl.sendBroadcastMultiplePermissions:1143 android.content.Context.sendBroadcastWithMultiplePermissions:2150 com.android.server.wifi.p2p.WifiP2pServiceImpl$P2pStateMachine.sendBroadcastMultiplePermissions:3209 com.android.server.wifi.p2p.WifiP2pServiceImpl$P2pStateMachine.sendThisDeviceChangedBroadcast:3218 com.android.server.wifi.p2p.WifiP2pServiceImpl$P2pStateMachine.updateThisDevice:3962 
11-20 07:01:12.381 W/wificond(  906): Scan is not started. Ignore abort request
11-20 07:01:12.723 D/ConnectivityService( 1194): registerNetworkAgent NetworkAgentInfo{ ni{[type: WIFI[], state: UNKNOWN/IDLE, reason: (unspecified), extra: , failover: false, available: true, roaming: false]}  network{148}  nethandle{639060856845}  lp{{InterfaceName: wlan0 LinkAddresses: [ ] DnsAddresses: [ ] Domains: null MTU: 0 Routes: [ ]}}  nc{[ Transports: WIFI Capabilities: NOT_METERED&INTERNET&NOT_RESTRICTED&TRUSTED&NOT_VPN&NOT_ROAMING&FOREGROUND&NOT_CONGESTED&NOT_SUSPENDED LinkUpBandwidth>=72000Kbps LinkDnBandwidth>=72000Kbps OwnerUid: 1000 SSID: "MTBF_Lab" RequestorUid: -1 RequestorPackageName: null]}  Score{20}  everValidated{false}  lastValidated{false}  created{false} lingering{false} explicitlySelected{false} acceptUnvalidated{false} everCaptivePortalDetected{false} lastCaptivePortalDetected{false} partialConnectivity{false} acceptPartialConnectivity{false} clat{mBaseIface: null, mIface: null, mState: IDLE} }
11-20 07:01:12.739 D/ConnectivityService( 1194): [148 WIFI] EVENT_NETWORK_INFO_CHANGED, going from UNKNOWN to UNKNOWN
11-20 07:01:12.893 D/ConnectivityService( 1194): NetReassign [no changes]
11-20 07:01:12.935 I/Nat464Xlat( 1194): Android Xlat is disabled
11-20 07:01:12.935 I/Nat464Xlat( 1194): Android Xlat is disabled
11-20 07:01:13.066 E/ConnectivityService( 1194): Exception in networkAddRouteParcel for non-gateway: android.os.ServiceSpecificException: Machine is not on the network (code 64)
11-20 07:01:13.067 E/ConnectivityService( 1194): Exception in networkAddRouteParcel for gateway: android.os.ServiceSpecificException: Machine is not on the network (code 64)
11-20 07:01:13.067 I/Nat464Xlat( 1194): Android Xlat is disabled
11-20 07:01:13.067 I/Nat464Xlat( 1194): Android Xlat is disabled
11-20 07:01:13.178 D/ConnectivityService( 1194): Setting DNS servers for network 148 to [/192.168.1.1]
11-20 07:01:13.179 I/Nat464Xlat( 1194): Android Xlat is disabled
11-20 07:01:13.179 I/Nat464Xlat( 1194): Android Xlat is disabled
11-20 07:01:13.285 D/ConnectivityService( 1194): [148 WIFI] EVENT_NETWORK_INFO_CHANGED, going from UNKNOWN to CONNECTED
11-20 07:01:13.287 D/DnsManager( 1194): sendDnsConfigurationForNetwork(148, [192.168.1.1], [], 1800, 25, 8, 64, 0, 0, , [])
11-20 07:01:13.289 W/DnsManager( 1194): updatePrivateDns(148, PrivateDnsConfig{true:/[]})
11-20 07:01:13.289 D/ConnectivityService( 1194): Setting DNS servers for network 148 to [/192.168.1.1]
11-20 07:01:13.290 D/DnsManager( 1194): sendDnsConfigurationForNetwork(148, [192.168.1.1], [], 1800, 25, 8, 64, 0, 0, , [192.168.1.1])
11-20 07:01:13.292 D/ConnectivityService( 1194): Adding iface wlan0 to network 148
11-20 07:01:13.309 D/ConnectivityService( 1194): Setting DNS servers for network 148 to [/192.168.1.1]
11-20 07:01:13.309 D/DnsManager( 1194): sendDnsConfigurationForNetwork(148, [192.168.1.1], [], 1800, 25, 8, 64, 0, 0, , [192.168.1.1])
11-20 07:01:13.311 I/Nat464Xlat( 1194): Android Xlat is disabled
11-20 07:01:13.311 I/Nat464Xlat( 1194): Android Xlat is disabled
11-20 07:01:13.381 D/ConnectivityService( 1194): NetReassign [no changes]
11-20 07:01:13.543 D/ConnectivityService( 1194): [148 WIFI] validation passed
11-20 07:01:13.543 D/ConnectivityService( 1194): NetReassign [8 : 100 → 148, 20 : 100 → 148, 46 : 100 → 148, 45 : 100 → 148, 12 : 100 → 148, 22 : 100 → 148, 16 : 100 → 148, 14 : 100 → 148, 50 : 100 → 148, 990 : 100 → 148, 18 : 100 → 148, 993 : 100 → 148, 11 : 100 → 148, 1 : 100 → 148, 17 : 100 → 148, 995 : 100 → 148]
11-20 07:01:13.550 E/NetlinkEvent(  459): NetlinkEvent::FindParam(): Parameter 'INTERFACE' not found
11-20 07:01:13.550 E/NetlinkEvent(  459): NetlinkEvent::FindParam(): Parameter 'STATE' not found
11-20 07:01:13.550 E/NetlinkEvent(  459): NetlinkEvent::FindParam(): Parameter 'TIME_NS' not found
11-20 07:01:13.550 E/NetlinkEvent(  459): NetlinkEvent::FindParam(): Parameter 'UID' not found
11-20 07:01:13.564 D/ConnectivityService( 1194): Switching to new default network: NetworkAgentInfo{ ni{[type: WIFI[], state: CONNECTED/CONNECTED, reason: (unspecified), extra: , failover: false, available: true, roaming: false]}  network{148}  nethandle{639060856845}  lp{{InterfaceName: wlan0 LinkAddresses: [ 192.168.1.39/24 ] DnsAddresses: [ /192.168.1.1 ] Domains: null MTU: 0 ServerAddress: /192.168.1.1 TcpBufferSizes: 524288,1048576,2097152,262144,524288,1048576 Routes: [ fe80::/64 -> :: wlan0 mtu 0,192.168.1.0/24 -> 0.0.0.0 wlan0 mtu 0,0.0.0.0/0 -> 192.168.1.1 wlan0 mtu 0 ]}}  nc{[ Transports: WIFI Capabilities: NOT_METERED&INTERNET&NOT_RESTRICTED&TRUSTED&NOT_VPN&VALIDATED&NOT_ROAMING&FOREGROUND&NOT_CONGESTED&NOT_SUSPENDED LinkUpBandwidth>=67000Kbps LinkDnBandwidth>=67000Kbps SignalStrength: -28 OwnerUid: 1000 SSID: "MTBF_Lab" RequestorUid: -1 RequestorPackageName: null]}  Score{60}  everValidated{true}  lastValidated{true}  created{true} lingering{false} explicitlySelected{false} acceptUnvalidated{false} everCaptivePortalDetected{false} lastCaptivePortalDetected{false} partialConnectivity{false} acceptPartialConnectivity{false} clat{mBaseIface: null, mIface: null, mState: IDLE} }
11-20 07:01:13.690 D/ConnectivityService( 1194): Lingering [100 CELLULAR] for 30000ms
11-20 07:01:13.695 D/ConnectivityService( 1194): Sending DISCONNECTED broadcast for type 0 [100 CELLULAR] isDefaultNetwork=true
11-20 07:01:13.697 D/ConnectivityService( 1194): Sending CONNECTED broadcast for type 1 [148 WIFI] isDefaultNetwork=true
11-20 07:01:13.730 D/ConnectivityService( 1194): Setting DNS servers for network 148 to [/192.168.1.1]
11-20 07:01:13.730 D/DnsManager( 1194): sendDnsConfigurationForNetwork(148, [192.168.1.1], [], 1800, 25, 8, 64, 0, 0, , [192.168.1.1])
11-20 07:01:14.702 I/Nat464Xlat( 1194): Android Xlat is disabled
11-20 07:01:14.702 I/Nat464Xlat( 1194): Android Xlat is disabled
11-20 07:01:17.441 D/commandrouter( 1117): SocServiceHandle::onServiceMessage, SoC Service = mcu_healthcheck_1118, appType = 1, type = SVC_REQ, clientId = 0, token = 1825, payloadLen = 12, result = 0, payload.size() = 12
11-20 07:01:17.446 D/commandrouter( 1117): mcu_healthcheck_1118 (1, merlot:mcu_health:control): <ServiceResponse> FORWARDED (remote -> local) CR token ID = 1825, service client ID = 40, token ID = 33626, result = 0
11-20 07:01:17.447 D/mculinkhealth( 1118): isMcuReachable 1 (6 ms)
11-20 07:01:19.866 D/commandrouter( 1117): rtc_sync (1, rtc:sync): <ServiceRequest> FORWARDED (remote -> local) service client ID = 0, token ID = 38246
11-20 07:01:19.866 D/commandrouter( 1117): SocServiceHandle::onServiceMessage, SoC Service = rtc_sync, appType = 1, type = SVC_RESP, clientId = 0, token = 38246, payloadLen = 8, result = 0, payload.size() = 8
11-20 07:01:29.869 D/commandrouter( 1117): rtc_sync (1, rtc:sync): <ServiceRequest> FORWARDED (remote -> local) service client ID = 0, token ID = 38247
11-20 07:01:29.870 D/commandrouter( 1117): SocServiceHandle::onServiceMessage, SoC Service = rtc_sync, appType = 1, type = SVC_RESP, clientId = 0, token = 38247, payloadLen = 8, result = 0, payload.size() = 8
11-20 07:01:32.723 D/AutofillManagerService( 1194): onBackKeyPressed()
11-20 07:01:33.789 I/chatty  ( 1194): uid=1000(system) android.ui identical 2 lines
11-20 07:01:35.022 D/AutofillManagerService( 1194): onBackKeyPressed()
11-20 07:01:35.201 W/ActivityManager( 1194): Invalid packageName: com.facebook.wearable.system.settings/com.facebook.wearable.system.settings.SettingsActivity
11-20 07:01:35.335 I/ActivityTaskManager( 1194): START u0 {flg=0x10000000 cmp=com.facebook.wearable.system.settings/.SettingsActivity} from uid 0
11-20 07:01:35.355 I/ActivityTaskManager( 1194): The Process com.facebook.wearable.system.settings Already Exists in BG. So sending its PID: 16444
11-20 07:01:35.356 W/ActivityTaskManager( 1194): Tried to set launchTime (0) < mLastActivityLaunchTime (54811579)
11-20 07:01:38.360 E/TaskPersister( 1194): File error accessing recents directory (directory doesn't exist?).
11-20 07:01:39.871 D/commandrouter( 1117): rtc_sync (1, rtc:sync): <ServiceRequest> FORWARDED (remote -> local) service client ID = 0, token ID = 38248
11-20 07:01:39.872 D/commandrouter( 1117): SocServiceHandle::onServiceMessage, SoC Service = rtc_sync, appType = 1, type = SVC_RESP, clientId = 0, token = 38248, payloadLen = 8, result = 0, payload.size() = 8
11-20 07:01:42.911 W/ContextImpl( 1194): Calling a method in the system process without a qualified user: android.app.ContextImpl.sendBroadcastMultiplePermissions:1143 android.content.Context.sendBroadcastWithMultiplePermissions:2150 com.android.server.display.WifiDisplayAdapter.handleSendStatusChangeBroadcast:440 com.android.server.display.WifiDisplayAdapter.access$1700:63 com.android.server.display.WifiDisplayAdapter$WifiDisplayHandler.handleMessage:675 
11-20 07:01:43.449 D/ConnectivityService( 1194): [148 WIFI] EVENT_NETWORK_INFO_CHANGED, going from CONNECTED to DISCONNECTED
11-20 07:01:43.454 D/ConnectivityService( 1194): [148 WIFI] disconnected, was satisfying 27
11-20 07:01:43.529 I/Nat464Xlat( 1194): Android Xlat is disabled
11-20 07:01:43.530 I/Nat464Xlat( 1194): Android Xlat is disabled
11-20 07:01:43.563 D/ConnectivityService( 1194): Sending DISCONNECTED broadcast for type 1 [148 WIFI] isDefaultNetwork=true
11-20 07:01:43.566 D/ConnectivityService( 1194): NetReassign [8 : null → 100, 20 : null → 100, 46 : null → 100, 45 : null → 100, 12 : null → 100, 22 : null → 100, 16 : null → 100, 14 : null → 100, 50 : null → 100, 990 : null → 100, 18 : null → 100, 993 : null → 100, 11 : null → 100, 1 : null → 100, 17 : null → 100, 995 : null → 100]
11-20 07:01:43.568 E/NetlinkEvent(  459): NetlinkEvent::FindParam(): Parameter 'INTERFACE' not found
11-20 07:01:43.568 E/NetlinkEvent(  459): NetlinkEvent::FindParam(): Parameter 'STATE' not found
11-20 07:01:43.568 E/NetlinkEvent(  459): NetlinkEvent::FindParam(): Parameter 'TIME_NS' not found
11-20 07:01:43.568 E/NetlinkEvent(  459): NetlinkEvent::FindParam(): Parameter 'UID' not found
11-20 07:01:43.616 D/ConnectivityService( 1194): Switching to new default network: NetworkAgentInfo{ ni{[type: MOBILE[LTE], state: CONNECTED/CONNECTED, reason: (unspecified), extra: nxtgenphone, failover: false, available: true, roaming: false]}  network{100}  nethandle{432902426637}  lp{{InterfaceName: rmnet_data2 LinkAddresses: [ 10.129.103.196/29,2600:380:c119:24f:b89a:9f3c:46c1:95af/64 ] DnsAddresses: [ /172.26.38.1,/fc00:a:a::300 ] Domains: null MTU: 1430 TcpBufferSizes: 2097152,4194304,8388608,262144,524288,1048576 Routes: [ 0.0.0.0/0 -> 10.129.103.197 rmnet_data2 mtu 1430,::/0 -> fe80::b45f:41f1:1846:969d rmnet_data2 mtu 1430,10.129.103.192/29 -> 0.0.0.0 rmnet_data2 mtu 0,2600:380:c119:24f::/64 -> :: rmnet_data2 mtu 0 ]}}  nc{[ Transports: CELLULAR Capabilities: MMS&SUPL&FOTA&INTERNET&NOT_RESTRICTED&TRUSTED&NOT_VPN&VALIDATED&NOT_ROAMING&FOREGROUND&NOT_CONGESTED&NOT_SUSPENDED LinkUpBandwidth>=15000Kbps LinkDnBandwidth>=30000Kbps Specifier: <TelephonyNetworkSpecifier [mSubId = 1]> AdministratorUids: [] RequestorUid: -1 RequestorPackageName: null]}  Score{50}  everValidated{true}  lastValidated{true}  created{true} lingering{true} explicitlySelected{false} acceptUnvalidated{false} everCaptivePortalDetected{false} lastCaptivePortalDetected{false} partialConnectivity{false} acceptPartialConnectivity{false} clat{mBaseIface: null, mIface: null, mState: IDLE} }
11-20 07:01:43.778 D/ConnectivityService( 1194): Unlingering [100 CELLULAR]
11-20 07:01:43.779 D/ConnectivityService( 1194): Sending CONNECTED broadcast for type 0 [100 CELLULAR] isDefaultNetwork=true
11-20 07:01:47.447 D/commandrouter( 1117): SocServiceHandle::onServiceMessage, SoC Service = mcu_healthcheck_1118, appType = 1, type = SVC_REQ, clientId = 0, token = 1826, payloadLen = 12, result = 0, payload.size() = 12
11-20 07:01:47.450 D/commandrouter( 1117): mcu_healthcheck_1118 (1, merlot:mcu_health:control): <ServiceResponse> FORWARDED (remote -> local) CR token ID = 1826, service client ID = 40, token ID = 33627, result = 0
11-20 07:01:47.451 D/mculinkhealth( 1118): isMcuReachable 1 (3 ms)
11-20 07:01:47.629 D/AppStorageManager( 1194): BEFORE:: Previous Size: 997097472 Current Size: 997244928
11-20 07:01:47.629 D/AppStorageManager( 1194): AFTER:: Previous Size: 997244928 Current Size: 997244928
11-20 07:01:47.985 D/AutofillManagerService( 1194): onBackKeyPressed()
11-20 07:01:48.524 I/chatty  ( 1194): uid=1000(system) android.ui identical 1 line
11-20 07:01:49.044 D/AutofillManagerService( 1194): onBackKeyPressed()
11-20 07:01:49.876 D/commandrouter( 1117): rtc_sync (1, rtc:sync): <ServiceRequest> FORWARDED (remote -> local) service client ID = 0, token ID = 38249
11-20 07:01:49.878 D/commandrouter( 1117): SocServiceHandle::onServiceMessage, SoC Service = rtc_sync, appType = 1, type = SVC_RESP, clientId = 0, token = 38249, payloadLen = 8, result = 0, payload.size() = 8
11-20 07:01:51.629 D/AutofillManagerService( 1194): onBackKeyPressed()
11-20 07:01:52.550 E/TaskPersister( 1194): File error accessing recents directory (directory doesn't exist?).
11-20 07:01:52.629 D/AutofillManagerService( 1194): onBackKeyPressed()
11-20 07:01:54.620 I/chatty  ( 1194): uid=1000(system) android.ui identical 2 lines
11-20 07:01:55.989 D/AutofillManagerService( 1194): onBackKeyPressed()
11-20 07:01:57.140 W/ActivityManager( 1194): Invalid packageName: com.facebook.wearable.system.settings/com.facebook.wearable.system.settings.SettingsActivity
11-20 07:01:57.233 I/ActivityTaskManager( 1194): START u0 {flg=0x10000000 cmp=com.facebook.wearable.system.settings/.SettingsActivity} from uid 0
11-20 07:01:57.255 I/ActivityTaskManager( 1194): The Process com.facebook.wearable.system.settings Already Exists in BG. So sending its PID: 16444
11-20 07:01:57.255 W/ActivityTaskManager( 1194): Tried to set launchTime (0) < mLastActivityLaunchTime (54841620)
11-20 07:01:59.872 D/commandrouter( 1117): rtc_sync (1, rtc:sync): <ServiceRequest> FORWARDED (remote -> local) service client ID = 0, token ID = 38250
11-20 07:01:59.872 D/commandrouter( 1117): SocServiceHandle::onServiceMessage, SoC Service = rtc_sync, appType = 1, type = SVC_RESP, clientId = 0, token = 38250, payloadLen = 8, result = 0, payload.size() = 8
11-20 07:02:01.364 E/TaskPersister( 1194): File error accessing recents directory (directory doesn't exist?).
11-20 07:02:03.494 W/ContextImpl( 1194): Calling a method in the system process without a qualified user: android.app.ContextImpl.sendBroadcastMultiplePermissions:1143 android.content.Context.sendBroadcastWithMultiplePermissions:2150 com.android.server.display.WifiDisplayAdapter.handleSendStatusChangeBroadcast:440 com.android.server.display.WifiDisplayAdapter.access$1700:63 com.android.server.display.WifiDisplayAdapter$WifiDisplayHandler.handleMessage:675 
11-20 07:02:04.484 W/ContextImpl( 1194): Calling a method in the system process without a qualified user: android.app.ContextImpl.sendBroadcastMultiplePermissions:1143 android.content.Context.sendBroadcastWithMultiplePermissions:2150 com.android.server.wifi.p2p.WifiP2pServiceImpl$P2pStateMachine.sendBroadcastMultiplePermissions:3209 com.android.server.wifi.p2p.WifiP2pServiceImpl$P2pStateMachine.sendP2pConnectionChangedBroadcast:3236 com.android.server.wifi.p2p.WifiP2pServiceImpl$P2pStateMachine.access$5100:768 
11-20 07:02:04.486 W/BroadcastQueue( 1194): Permission Denial: receiving Intent { act=android.net.wifi.p2p.CONNECTION_STATE_CHANGE flg=0x24000010 (has extras) } to ProcessRecord{ba73 1900:.qtidataservices/u0a89} (pid=1900, uid=10089) requires android.permission.ACCESS_FINE_LOCATION due to sender android (uid 1000)
11-20 07:02:04.491 W/ContextImpl( 1194): Calling a method in the system process without a qualified user: android.app.ContextImpl.sendBroadcastMultiplePermissions:1143 android.content.Context.sendBroadcastWithMultiplePermissions:2150 com.android.server.wifi.p2p.WifiP2pServiceImpl$P2pStateMachine.sendBroadcastMultiplePermissions:3209 com.android.server.wifi.p2p.WifiP2pServiceImpl$P2pStateMachine.sendThisDeviceChangedBroadcast:3218 com.android.server.wifi.p2p.WifiP2pServiceImpl$P2pStateMachine.updateThisDevice:3962 
11-20 07:02:04.506 W/wificond(  906): Scan is not started. Ignore abort request
11-20 07:02:04.952 D/ConnectivityService( 1194): registerNetworkAgent NetworkAgentInfo{ ni{[type: WIFI[], state: UNKNOWN/IDLE, reason: (unspecified), extra: , failover: false, available: true, roaming: false]}  network{149}  nethandle{643355824141}  lp{{InterfaceName: wlan0 LinkAddresses: [ ] DnsAddresses: [ ] Domains: null MTU: 0 Routes: [ ]}}  nc{[ Transports: WIFI Capabilities: NOT_METERED&INTERNET&NOT_RESTRICTED&TRUSTED&NOT_VPN&NOT_ROAMING&FOREGROUND&NOT_CONGESTED&NOT_SUSPENDED LinkUpBandwidth>=72000Kbps LinkDnBandwidth>=72000Kbps OwnerUid: 1000 SSID: "MTBF_Lab" RequestorUid: -1 RequestorPackageName: null]}  Score{20}  everValidated{false}  lastValidated{false}  created{false} lingering{false} explicitlySelected{false} acceptUnvalidated{false} everCaptivePortalDetected{false} lastCaptivePortalDetected{false} partialConnectivity{false} acceptPartialConnectivity{false} clat{mBaseIface: null, mIface: null, mState: IDLE} }
11-20 07:02:04.969 D/ConnectivityService( 1194): [149 WIFI] EVENT_NETWORK_INFO_CHANGED, going from UNKNOWN to UNKNOWN
11-20 07:02:05.122 D/ConnectivityService( 1194): NetReassign [no changes]
11-20 07:02:05.164 I/Nat464Xlat( 1194): Android Xlat is disabled
11-20 07:02:05.164 I/Nat464Xlat( 1194): Android Xlat is disabled
11-20 07:02:05.288 E/ConnectivityService( 1194): Exception in networkAddRouteParcel for non-gateway: android.os.ServiceSpecificException: Machine is not on the network (code 64)
11-20 07:02:05.289 E/ConnectivityService( 1194): Exception in networkAddRouteParcel for gateway: android.os.ServiceSpecificException: Machine is not on the network (code 64)
11-20 07:02:05.289 I/Nat464Xlat( 1194): Android Xlat is disabled
11-20 07:02:05.289 I/Nat464Xlat( 1194): Android Xlat is disabled
11-20 07:02:05.420 D/ConnectivityService( 1194): Setting DNS servers for network 149 to [/192.168.1.1]
11-20 07:02:05.420 I/Nat464Xlat( 1194): Android Xlat is disabled
11-20 07:02:05.420 I/Nat464Xlat( 1194): Android Xlat is disabled
11-20 07:02:05.520 D/ConnectivityService( 1194): [149 WIFI] EVENT_NETWORK_INFO_CHANGED, going from UNKNOWN to CONNECTED
11-20 07:02:05.523 D/DnsManager( 1194): sendDnsConfigurationForNetwork(149, [192.168.1.1], [], 1800, 25, 8, 64, 0, 0, , [])
11-20 07:02:05.526 W/DnsManager( 1194): updatePrivateDns(149, PrivateDnsConfig{true:/[]})
11-20 07:02:05.526 D/ConnectivityService( 1194): Setting DNS servers for network 149 to [/192.168.1.1]
11-20 07:02:05.527 D/DnsManager( 1194): sendDnsConfigurationForNetwork(149, [192.168.1.1], [], 1800, 25, 8, 64, 0, 0, , [192.168.1.1])
11-20 07:02:05.532 D/ConnectivityService( 1194): Adding iface wlan0 to network 149
11-20 07:02:05.549 D/ConnectivityService( 1194): Setting DNS servers for network 149 to [/192.168.1.1]
11-20 07:02:05.549 D/DnsManager( 1194): sendDnsConfigurationForNetwork(149, [192.168.1.1], [], 1800, 25, 8, 64, 0, 0, , [192.168.1.1])
11-20 07:02:05.551 I/Nat464Xlat( 1194): Android Xlat is disabled
11-20 07:02:05.551 I/Nat464Xlat( 1194): Android Xlat is disabled
11-20 07:02:05.596 D/ConnectivityService( 1194): NetReassign [no changes]
11-20 07:02:05.773 D/ConnectivityService( 1194): [149 WIFI] validation passed
11-20 07:02:05.774 D/ConnectivityService( 1194): NetReassign [8 : 100 → 149, 20 : 100 → 149, 46 : 100 → 149, 45 : 100 → 149, 12 : 100 → 149, 22 : 100 → 149, 16 : 100 → 149, 14 : 100 → 149, 50 : 100 → 149, 990 : 100 → 149, 18 : 100 → 149, 993 : 100 → 149, 11 : 100 → 149, 1 : 100 → 149, 17 : 100 → 149, 995 : 100 → 149]
11-20 07:02:05.780 E/NetlinkEvent(  459): NetlinkEvent::FindParam(): Parameter 'INTERFACE' not found
11-20 07:02:05.780 E/NetlinkEvent(  459): NetlinkEvent::FindParam(): Parameter 'STATE' not found
11-20 07:02:05.780 E/NetlinkEvent(  459): NetlinkEvent::FindParam(): Parameter 'TIME_NS' not found
11-20 07:02:05.780 E/NetlinkEvent(  459): NetlinkEvent::FindParam(): Parameter 'UID' not found
11-20 07:02:05.794 D/ConnectivityService( 1194): Switching to new default network: NetworkAgentInfo{ ni{[type: WIFI[], state: CONNECTED/CONNECTED, reason: (unspecified), extra: , failover: false, available: true, roaming: false]}  network{149}  nethandle{643355824141}  lp{{InterfaceName: wlan0 LinkAddresses: [ 192.168.1.39/24 ] DnsAddresses: [ /192.168.1.1 ] Domains: null MTU: 0 ServerAddress: /192.168.1.1 TcpBufferSizes: 524288,1048576,2097152,262144,524288,1048576 Routes: [ fe80::/64 -> :: wlan0 mtu 0,192.168.1.0/24 -> 0.0.0.0 wlan0 mtu 0,0.0.0.0/0 -> 192.168.1.1 wlan0 mtu 0 ]}}  nc{[ Transports: WIFI Capabilities: NOT_METERED&INTERNET&NOT_RESTRICTED&TRUSTED&NOT_VPN&VALIDATED&NOT_ROAMING&FOREGROUND&NOT_CONGESTED&NOT_SUSPENDED LinkUpBandwidth>=67000Kbps LinkDnBandwidth>=67000Kbps SignalStrength: -29 OwnerUid: 1000 SSID: "MTBF_Lab" RequestorUid: -1 RequestorPackageName: null]}  Score{60}  everValidated{true}  lastValidated{true}  created{true} lingering{false} explicitlySelected{false} acceptUnvalidated{false} everCaptivePortalDetected{false} lastCaptivePortalDetected{false} partialConnectivity{false} acceptPartialConnectivity{false} clat{mBaseIface: null, mIface: null, mState: IDLE} }
11-20 07:02:05.920 D/ConnectivityService( 1194): Lingering [100 CELLULAR] for 30000ms
11-20 07:02:05.922 D/ConnectivityService( 1194): Sending DISCONNECTED broadcast for type 0 [100 CELLULAR] isDefaultNetwork=true
11-20 07:02:05.924 D/ConnectivityService( 1194): Sending CONNECTED broadcast for type 1 [149 WIFI] isDefaultNetwork=true
11-20 07:02:05.968 D/ConnectivityService( 1194): Setting DNS servers for network 149 to [/192.168.1.1]
11-20 07:02:05.969 D/DnsManager( 1194): sendDnsConfigurationForNetwork(149, [192.168.1.1], [], 1800, 25, 8, 64, 0, 0, , [192.168.1.1])
11-20 07:02:06.106 I/Nat464Xlat( 1194): Android Xlat is disabled
11-20 07:02:06.106 I/Nat464Xlat( 1194): Android Xlat is disabled
11-20 07:02:09.867 D/commandrouter( 1117): rtc_sync (1, rtc:sync): <ServiceRequest> FORWARDED (remote -> local) service client ID = 0, token ID = 38251
11-20 07:02:09.868 D/commandrouter( 1117): SocServiceHandle::onServiceMessage, SoC Service = rtc_sync, appType = 1, type = SVC_RESP, clientId = 0, token = 38251, payloadLen = 8, result = 0, payload.size() = 8
11-20 07:02:10.562 D/commandrouter( 1117): SocServiceHandle::onServiceMessage, SoC Service = mcu_healthcheck_946, appType = 1, type = SVC_REQ, clientId = 0, token = 913, payloadLen = 20, result = 0, payload.size() = 20
11-20 07:02:10.565 D/commandrouter( 1117): mcu_healthcheck_946 (1, merlot:mcu_health:control): <ServiceResponse> FORWARDED (remote -> local) CR token ID = 913, service client ID = 6, token ID = 33628, result = 0
11-20 07:02:17.451 D/commandrouter( 1117): SocServiceHandle::onServiceMessage, SoC Service = mcu_healthcheck_1118, appType = 1, type = SVC_REQ, clientId = 0, token = 1827, payloadLen = 12, result = 0, payload.size() = 12
11-20 07:02:17.455 D/commandrouter( 1117): mcu_healthcheck_1118 (1, merlot:mcu_health:control): <ServiceResponse> FORWARDED (remote -> local) CR token ID = 1827, service client ID = 40, token ID = 33629, result = 0
11-20 07:02:17.455 D/mculinkhealth( 1118): isMcuReachable 1 (4 ms)
11-20 07:02:19.862 D/commandrouter( 1117): rtc_sync (1, rtc:sync): <ServiceRequest> FORWARDED (remote -> local) service client ID = 0, token ID = 38252
11-20 07:02:19.863 D/commandrouter( 1117): SocServiceHandle::onServiceMessage, SoC Service = rtc_sync, appType = 1, type = SVC_RESP, clientId = 0, token = 38252, payloadLen = 8, result = 0, payload.size() = 8
11-20 07:02:24.777 D/AutofillManagerService( 1194): onBackKeyPressed()
11-20 07:02:25.827 I/chatty  ( 1194): uid=1000(system) android.ui identical 2 lines
11-20 07:02:27.631 D/AutofillManagerService( 1194): onBackKeyPressed()
11-20 07:02:28.163 W/ActivityManager( 1194): Invalid packageName: com.facebook.wearable.system.settings/com.facebook.wearable.system.settings.SettingsActivity
11-20 07:02:28.288 I/ActivityTaskManager( 1194): START u0 {flg=0x10000000 cmp=com.facebook.wearable.system.settings/.SettingsActivity} from uid 0
11-20 07:02:28.310 I/ActivityTaskManager( 1194): The Process com.facebook.wearable.system.settings Already Exists in BG. So sending its PID: 16444
11-20 07:02:28.310 W/ActivityTaskManager( 1194): Tried to set launchTime (0) < mLastActivityLaunchTime (54863520)
--------- beginning of main
11-20 07:02:29.448 D/UIAutomatorStub(17968): URI: /jsonrpc/0, Method: POST, Header: {content-length=180, remote-addr=127.0.0.1, http-client-ip=127.0.0.1, host=localhost:9010, content-type=application/json, accept-encoding=identity}, params, {NanoHttpd.QUERY_STRING=null}, files: {postData={"jsonrpc": "2.0", "method": "click", "id": "6c99150e003b8afe96f1ff02d122f5d8", "params": [{"mask": 1, "childOrSibling": [], "childOrSiblingSelector": [], "text": "Connectivity"}]}}
11-20 07:02:29.484 E/ANDR-PERF-OPTSHANDLER(  557): Unable to find the correct node storage pointers for                   resource index=16, node path=/proc/sys/kernel/sched_upmigrate
11-20 07:02:29.485 E/ANDR-PERF-RESOURCEQS(  557): Failed to reset optimization [3, 7]
11-20 07:02:29.485 E/ANDR-PERF-OPTSHANDLER(  557): Unable to find the correct node storage pointers for                   resource index=17, node path=/proc/sys/kernel/sched_downmigrate
11-20 07:02:29.485 E/ANDR-PERF-RESOURCEQS(  557): Failed to reset optimization [3, 8]
11-20 07:02:29.485 E/ANDR-PERF-OPTSHANDLER(  557): Perflock resource /sys/module/lpm_levels/parameters/bias_hyst not supported
11-20 07:02:29.485 E/ANDR-PERF-RESOURCEQS(  557): Failed to reset optimization [1, 2]
11-20 07:02:29.485 E/ANDR-PERF-OPTSHANDLER(  557): Perflock resource /proc/sys/kernel/sched_group_upmigrate not supported
11-20 07:02:29.485 E/ANDR-PERF-RESOURCEQS(  557): Failed to reset optimization [3, 21]
11-20 07:02:29.485 E/ANDR-PERF-OPTSHANDLER(  557): Perflock resource /proc/sys/kernel/sched_group_downmigrate not supported
11-20 07:02:29.485 E/ANDR-PERF-RESOURCEQS(  557): Failed to reset optimization [3, 22]
11-20 07:02:29.529 W/HWComposer(  577): Ignoring duplicate VSYNC event from HWC for display 0 (t=54895792228121)
11-20 07:02:29.530 W/StatusBarClientConnection(16444): Messenger is null, ignoring message: { when=-15h14m55s793ms barrier=1 }
11-20 07:02:29.559 E/StatusBarClientConnection(16444): Service connected
11-20 07:02:29.581 W/View    (16444): requestLayout() improperly called by android.view.View{e36bd0a V.ED..... ......I. 0,368-474,474} during layout: running second layout pass
11-20 07:02:29.599 W/View    (16444): requestLayout() improperly called by com.facebook.wearable.common.wds.listview.WdsListView{315e750 V.E..V... ........ 0,0-474,474} during second layout pass: posting in next frame
11-20 07:02:29.863 D/commandrouter( 1117): rtc_sync (1, rtc:sync): <ServiceRequest> FORWARDED (remote -> local) service client ID = 0, token ID = 38253
11-20 07:02:29.863 D/vendor.facebook.rtc_sync@1.0-service( 1129): Request req_ts=1637391749858791780 resp_ts=1637391749863829172
11-20 07:02:29.864 D/commandrouter( 1117): SocServiceHandle::onServiceMessage, SoC Service = rtc_sync, appType = 1, type = SVC_RESP, clientId = 0, token = 38253, payloadLen = 8, result = 0, payload.size() = 8
11-20 07:02:30.301 E/ANDR-PERF-OPTSHANDLER(  557): perf_lock_rel: failed for /proc/sys/vm/swap_ratio as previous value is not stored
11-20 07:02:30.301 E/ANDR-PERF-OPTSHANDLER(  557): perf_lock_rel: failed for /sys/class/kgsl/kgsl-3d0/min_pwrlevel as previous value is not stored
11-20 07:02:30.303 E/ANDR-PERF-RESOURCEQS(  557): Failed to reset optimization [3, 0]
11-20 07:02:30.432 E/TaskPersister( 1194): File error accessing recents directory (directory doesn't exist?).
11-20 07:02:31.499 I/chatty  ( 2351): uid=10060(com.facebook.wearable.system.selfcare) pool-3-thread-3 expire 2 lines
11-20 07:02:31.676 I/chatty  ( 2351): uid=10060(com.facebook.wearable.system.selfcare) MainTP_405 expire 3 lines
11-20 07:02:31.835 I/chatty  ( 2351): uid=10060(com.facebook.wearable.system.selfcare) pool-3-thread-3 expire 2 lines
11-20 07:02:32.164 I/chatty  ( 2351): uid=10060(com.facebook.wearable.system.selfcare) MainTP_405 expire 2 lines
11-20 07:02:32.165 I/chatty  ( 2351): uid=10060(com.facebook.wearable.system.selfcare) pool-3-thread-3 expire 1 line
11-20 07:02:32.322 I/chatty  ( 2351): uid=10060(com.facebook.wearable.system.selfcare) pool-3-thread-2 expire 1 line
11-20 07:02:32.480 I/chatty  ( 2351): uid=10060(com.facebook.wearable.system.selfcare) MainTP_405 expire 1 line
11-20 07:02:32.480 I/WM-WorkerWrapper( 2351): Work [ id=731e9e35-e8c2-49b1-b246-986e05f06ab6, tags={ com.facebook.wearable.system.selfcare.sharing.StickerBundleDatabaseWorker } ] was cancelled
11-20 07:02:32.480 I/WM-WorkerWrapper( 2351): java.util.concurrent.CancellationException: Task was cancelled.
11-20 07:02:32.480 I/WM-WorkerWrapper( 2351): 	at androidx.work.impl.utils.futures.AbstractFuture.getDoneValue(:32)
11-20 07:02:32.480 I/WM-WorkerWrapper( 2351): 	at androidx.work.impl.utils.futures.AbstractFuture.get(:268435546)
11-20 07:02:32.480 I/WM-WorkerWrapper( 2351): 	at androidx.work.impl.WorkerWrapper$2.run(:3)
11-20 07:02:32.480 I/WM-WorkerWrapper( 2351): 	at androidx.work.impl.utils.SerialExecutor$Task.run(:2)
11-20 07:02:32.480 I/WM-WorkerWrapper( 2351): 	at java.util.concurrent.ThreadPoolExecutor.runWorker(ThreadPoolExecutor.java:1167)
11-20 07:02:32.480 I/WM-WorkerWrapper( 2351): 	at java.util.concurrent.ThreadPoolExecutor$Worker.run(ThreadPoolExecutor.java:641)
11-20 07:02:32.480 I/WM-WorkerWrapper( 2351): 	at java.lang.Thread.run(Thread.java:923)
11-20 07:02:32.554 D/UIAutomatorStub(17968): URI: /jsonrpc/0, Method: POST, Header: {content-length=183, remote-addr=127.0.0.1, http-client-ip=127.0.0.1, host=localhost:9010, content-type=application/json, accept-encoding=identity}, params, {NanoHttpd.QUERY_STRING=null}, files: {postData={"jsonrpc": "2.0", "method": "waitForExists", "id": "381e9f89421b414d138fc0cbe9aa4fb4", "params": [{"mask": 1, "childOrSibling": [], "childOrSiblingSelector": [], "text": "WiFi"}, 5]}}
11-20 07:02:32.583 D/UIAutomatorStub(17968): URI: /jsonrpc/0, Method: POST, Header: {content-length=172, remote-addr=127.0.0.1, http-client-ip=127.0.0.1, host=localhost:9010, content-type=application/json, accept-encoding=identity}, params, {NanoHttpd.QUERY_STRING=null}, files: {postData={"jsonrpc": "2.0", "method": "click", "id": "a8ffd78005bd6983f12e49f399b612c9", "params": [{"mask": 1, "childOrSibling": [], "childOrSiblingSelector": [], "text": "WiFi"}]}}
11-20 07:02:32.658 E/StickerBundleDatabaseWorker( 2351): Failed to fetch sticker bundles:
11-20 07:02:32.658 E/StickerBundleDatabaseWorker( 2351): kotlinx.coroutines.JobCancellationException: Job was cancelled; job=JobImpl{Cancelling}@44c89e
11-20 07:02:32.658 I/WM-WorkerWrapper( 2351): Work [ id=731e9e35-e8c2-49b1-b246-986e05f06ab6, tags={ com.facebook.wearable.system.selfcare.sharing.StickerBundleDatabaseWorker } ] was cancelled
11-20 07:02:32.658 I/WM-WorkerWrapper( 2351): java.util.concurrent.CancellationException: Task was cancelled.
11-20 07:02:32.658 I/WM-WorkerWrapper( 2351): 	at androidx.work.impl.utils.futures.AbstractFuture.getDoneValue(:32)
11-20 07:02:32.658 I/WM-WorkerWrapper( 2351): 	at androidx.work.impl.utils.futures.AbstractFuture.get(:268435546)
11-20 07:02:32.658 I/WM-WorkerWrapper( 2351): 	at androidx.work.impl.WorkerWrapper$2.run(:3)
11-20 07:02:32.658 I/WM-WorkerWrapper( 2351): 	at androidx.work.impl.utils.SerialExecutor$Task.run(:2)
11-20 07:02:32.658 I/WM-WorkerWrapper( 2351): 	at java.util.concurrent.ThreadPoolExecutor.runWorker(ThreadPoolExecutor.java:1167)
11-20 07:02:32.658 I/WM-WorkerWrapper( 2351): 	at java.util.concurrent.ThreadPoolExecutor$Worker.run(ThreadPoolExecutor.java:641)
11-20 07:02:32.658 I/WM-WorkerWrapper( 2351): 	at java.lang.Thread.run(Thread.java:923)
11-20 07:02:32.664 W/StatusBarClientConnection(16444): Messenger is null, ignoring message: { when=-15h14m58s928ms barrier=1 }
11-20 07:02:32.699 D/CompatibilityInfo( 1194): mCompatibilityFlags - 4
11-20 07:02:32.700 D/CompatibilityInfo( 1194): applicationDensity - 320
11-20 07:02:32.700 D/CompatibilityInfo( 1194): applicationScale - 1.0
11-20 07:02:32.701 E/StatusBarClientConnection(16444): Service connected
11-20 07:02:32.715 D/WifiConnector( 2841): Network State Changed
11-20 07:02:32.721 W/View    (16444): requestLayout() improperly called by android.view.View{7b8325d V.ED..... ......I. 0,368-474,474} during layout: running second layout pass
11-20 07:02:32.737 W/View    (16444): requestLayout() improperly called by com.facebook.wearable.common.wds.listview.WdsListView{c0bb241 V.E..V... ........ 0,0-474,474} during second layout pass: posting in next frame
11-20 07:02:32.738 D/WifiSharingService( 2841): Starting Wi-Fi scan
11-20 07:02:32.738 I/WifiService( 1194): startScan uid=1000
11-20 07:02:32.772 D/WifiNative( 1194): Scan trigered from WifiNative
11-20 07:02:32.773 I/chatty  ( 1024): uid=1021(gps) lowi-server expire 46 lines
11-20 07:02:32.773 V/WifiHAL (  539): event received NL80211_CMD_TRIGGER_SCAN
11-20 07:02:32.815 E/StickerBundleDatabaseWorker( 2351): Failed to fetch sticker bundles:
11-20 07:02:32.815 E/StickerBundleDatabaseWorker( 2351): kotlinx.coroutines.JobCancellationException: Job was cancelled; job=JobImpl{Cancelling}@230d0aa
11-20 07:02:32.816 I/WM-WorkerWrapper( 2351): Work [ id=731e9e35-e8c2-49b1-b246-986e05f06ab6, tags={ com.facebook.wearable.system.selfcare.sharing.StickerBundleDatabaseWorker } ] was cancelled
11-20 07:02:32.816 I/WM-WorkerWrapper( 2351): java.util.concurrent.CancellationException: Task was cancelled.
11-20 07:02:32.816 I/WM-WorkerWrapper( 2351): 	at androidx.work.impl.utils.futures.AbstractFuture.getDoneValue(:32)
11-20 07:02:32.816 I/WM-WorkerWrapper( 2351): 	at androidx.work.impl.utils.futures.AbstractFuture.get(:268435546)
11-20 07:02:32.816 I/WM-WorkerWrapper( 2351): 	at androidx.work.impl.WorkerWrapper$2.run(:3)
11-20 07:02:32.816 I/WM-WorkerWrapper( 2351): 	at androidx.work.impl.utils.SerialExecutor$Task.run(:2)
11-20 07:02:32.816 I/WM-WorkerWrapper( 2351): 	at java.util.concurrent.ThreadPoolExecutor.runWorker(ThreadPoolExecutor.java:1167)
11-20 07:02:32.816 I/WM-WorkerWrapper( 2351): 	at java.util.concurrent.ThreadPoolExecutor$Worker.run(ThreadPoolExecutor.java:641)
11-20 07:02:32.816 I/WM-WorkerWrapper( 2351): 	at java.lang.Thread.run(Thread.java:923)
11-20 07:02:32.952 E/StickerBundleDatabaseWorker( 2351): Failed to fetch sticker bundles:
11-20 07:02:32.952 E/StickerBundleDatabaseWorker( 2351): kotlinx.coroutines.JobCancellationException: Job was cancelled; job=JobImpl{Cancelling}@a9bd7e4
11-20 07:02:32.952 I/WM-WorkerWrapper( 2351): Work [ id=731e9e35-e8c2-49b1-b246-986e05f06ab6, tags={ com.facebook.wearable.system.selfcare.sharing.StickerBundleDatabaseWorker } ] was cancelled
11-20 07:02:32.952 I/WM-WorkerWrapper( 2351): java.util.concurrent.CancellationException: Task was cancelled.
11-20 07:02:32.952 I/WM-WorkerWrapper( 2351): 	at androidx.work.impl.utils.futures.AbstractFuture.getDoneValue(:32)
11-20 07:02:32.952 I/WM-WorkerWrapper( 2351): 	at androidx.work.impl.utils.futures.AbstractFuture.get(:268435546)
11-20 07:02:32.952 I/WM-WorkerWrapper( 2351): 	at androidx.work.impl.WorkerWrapper$2.run(:3)
11-20 07:02:32.952 I/WM-WorkerWrapper( 2351): 	at androidx.work.impl.utils.SerialExecutor$Task.run(:2)
11-20 07:02:32.952 I/WM-WorkerWrapper( 2351): 	at java.util.concurrent.ThreadPoolExecutor.runWorker(ThreadPoolExecutor.java:1167)
11-20 07:02:32.952 I/WM-WorkerWrapper( 2351): 	at java.util.concurrent.ThreadPoolExecutor$Worker.run(ThreadPoolExecutor.java:641)
11-20 07:02:32.952 I/WM-WorkerWrapper( 2351): 	at java.lang.Thread.run(Thread.java:923)
11-20 07:02:33.093 E/StickerBundleDatabaseWorker( 2351): Failed to fetch sticker bundles:
11-20 07:02:33.093 E/StickerBundleDatabaseWorker( 2351): kotlinx.coroutines.JobCancellationException: Job was cancelled; job=JobImpl{Cancelling}@be92849
11-20 07:02:33.093 I/WM-WorkerWrapper( 2351): Work [ id=731e9e35-e8c2-49b1-b246-986e05f06ab6, tags={ com.facebook.wearable.system.selfcare.sharing.StickerBundleDatabaseWorker } ] was cancelled
11-20 07:02:33.093 I/WM-WorkerWrapper( 2351): java.util.concurrent.CancellationException: Task was cancelled.
11-20 07:02:33.093 I/WM-WorkerWrapper( 2351): 	at androidx.work.impl.utils.futures.AbstractFuture.getDoneValue(:32)
11-20 07:02:33.093 I/WM-WorkerWrapper( 2351): 	at androidx.work.impl.utils.futures.AbstractFuture.get(:268435546)
11-20 07:02:33.093 I/WM-WorkerWrapper( 2351): 	at androidx.work.impl.WorkerWrapper$2.run(:3)
11-20 07:02:33.093 I/WM-WorkerWrapper( 2351): 	at androidx.work.impl.utils.SerialExecutor$Task.run(:2)
11-20 07:02:33.093 I/WM-WorkerWrapper( 2351): 	at java.util.concurrent.ThreadPoolExecutor.runWorker(ThreadPoolExecutor.java:1167)
11-20 07:02:33.093 I/WM-WorkerWrapper( 2351): 	at java.util.concurrent.ThreadPoolExecutor$Worker.run(ThreadPoolExecutor.java:641)
11-20 07:02:33.093 I/WM-WorkerWrapper( 2351): 	at java.lang.Thread.run(Thread.java:923)
11-20 07:02:33.346 V/WifiHAL (  539): event received NL80211_CMD_NEW_SCAN_RESULTS
11-20 07:02:33.347 D/WifiNl80211Manager( 1194): Scan result ready event
11-20 07:02:33.347 D/WifiNative( 1194): Scan result ready event
11-20 07:02:33.353 D/WificondScannerImpl( 1194): Filtering out 2 scan results.
11-20 07:02:33.358 D/LOWI-9.0.0.80( 1024): [LOWI-Scan] 
11-20 07:02:33.358 D/LOWI-9.0.0.80( 1024): [LOWI-Scan] print_bss_handler: Report Probe TSF 54899609550 as it greater than Beacon TSF 54339321513
11-20 07:02:33.358 I/LOWI-9.0.0.80( 1024): [LOWI-Scan] RSN_IE
11-20 07:02:33.358 D/LOWI-9.0.0.80( 1024): [LOWI-Scan] decode_rsn_wpa_ie: Entered
11-20 07:02:33.358 D/LOWI-9.0.0.80( 1024): [LOWIUtils] hexDump: msg(30 14 01 00 00 0f ac 04 01 00 00 0f ac 04 01 00 00 0f ac 02 )
11-20 07:02:33.359 D/LOWI-9.0.0.80( 1024): [LOWI-Scan] decode_rsn_wpa_ie: LOWI_ENCRYPTION_TYPE_WPA_PSK
11-20 07:02:33.359 D/LOWI-9.0.0.80( 1024): [LOWI-Scan] is_qcom_ie, bss_age: 49
11-20 07:02:33.359 D/LOWI-9.0.0.80( 1024): [LOWI-Scan] BSS 12:d7:96:61:85:9f LOWI_PHY_MODE_11AC_VHT20_2G(11), Beacon Interval: 100, LOWI_ENCRYPTION_TYPE_WPA_PSK 11mcRanging: No, ANQP: Yes, LCI: No, Civic: No, capability(0x1431): ESS Privacy ShortPreamble ShortSlotTime
11-20 07:02:33.359 D/LOWI-9.0.0.80( 1024): [LOWI-Scan] BSS 12:d7:96:61:85:9f FREQ: 2412, cFreq1[40:80:160] = [0:0:0] cFreq2 = 0 Country Code =    
11-20 07:02:33.359 D/LOWI-9.0.0.80( 1024): [LOWI-Scan] BSS 12:d7:96:61:85:9f (wlan0) ASSO: NO AddInfo: 0x0, TSF 0, 15:14:59.609, RSSI: -106, CPL: 127, AGE: 10,  SSID Pixel_R5, TSFDelta: 0x0, TXRate: 0
11-20 07:02:33.359 D/LOWI-9.0.0.80( 1024): [LOWI-Scan] 
11-20 07:02:33.359 D/LOWI-9.0.0.80( 1024): [LOWI-Scan] print_bss_handler: Report Probe TSF 54899609607 as it greater than Beacon TSF 54846601821
11-20 07:02:33.359 I/LOWI-9.0.0.80( 1024): [LOWI-Scan] RSN_IE
11-20 07:02:33.359 D/LOWI-9.0.0.80( 1024): [LOWI-Scan] decode_rsn_wpa_ie: Entered
11-20 07:02:33.359 D/LOWI-9.0.0.80( 1024): [LOWIUtils] hexDump: msg(30 14 01 00 00 0f ac 04 01 00 00 0f ac 04 01 00 00 0f ac 02 )
11-20 07:02:33.359 D/LOWI-9.0.0.80( 1024): [LOWI-Scan] decode_rsn_wpa_ie: LOWI_ENCRYPTION_TYPE_WPA_PSK
11-20 07:02:33.359 D/LOWI-9.0.0.80( 1024): [LOWI-Scan] is_qcom_ie, bss_age: 49
11-20 07:02:33.359 D/LOWI-9.0.0.80( 1024): [LOWI-Scan] BSS 2c:57:41:86:8a:a1 LOWI_PHY_MODE_11NG_HT20(5), Beacon Interval: 100, LOWI_ENCRYPTION_TYPE_WPA_PSK 11mcRanging: No, ANQP: No, LCI: No, Civic: No, capability(0x1411): ESS Privacy ShortSlotTime
11-20 07:02:33.359 D/LOWI-9.0.0.80( 1024): [LOWI-Scan] BSS 2c:57:41:86:8a:a1 FREQ: 2412, cFreq1[40:80:160] = [0:0:0] cFreq2 = 0 Country Code = US
11-20 07:02:33.359 D/LOWI-9.0.0.80( 1024): [LOWI-Scan] BSS 2c:57:41:86:8a:a1 (wlan0) ASSO: NO AddInfo: 0x0, TSF 0, 15:14:59.609, RSSI: -132, CPL: 3, AGE: 10,  SSID kittyhawk, TSFDelta: 0x0, TXRate: 0
11-20 07:02:33.359 D/LOWI-9.0.0.80( 1024): [LOWI-Scan] 
11-20 07:02:33.359 D/LOWI-9.0.0.80( 1024): [LOWI-Scan] print_bss_handler: Report Probe TSF 54899609572 as it greater than Beacon TSF 54542292070
11-20 07:02:33.360 I/LOWI-9.0.0.80( 1024): [LOWI-Scan] RSN_IE
11-20 07:02:33.360 D/LOWI-9.0.0.80( 1024): [LOWI-Scan] decode_rsn_wpa_ie: Entered
11-20 07:02:33.360 D/LOWI-9.0.0.80( 1024): [LOWIUtils] hexDump: msg(30 14 01 00 00 0f ac 04 01 00 00 0f ac 04 01 00 00 0f ac 02 )
11-20 07:02:33.360 D/LOWI-9.0.0.80( 1024): [LOWI-Scan] decode_rsn_wpa_ie: LOWI_ENCRYPTION_TYPE_WPA_PSK
11-20 07:02:33.360 D/LOWI-9.0.0.80( 1024): [LOWI-Scan] is_qcom_ie, bss_age: 48
11-20 07:02:33.360 D/LOWI-9.0.0.80( 1024): [LOWI-Scan] BSS be:9e:0e:1c:6e:7f LOWI_PHY_MODE_11AC_VHT20_2G(11), Beacon Interval: 100, LOWI_ENCRYPTION_TYPE_WPA_PSK 11mcRanging: No, ANQP: No, LCI: No, Civic: No, capability(0x1431): ESS Privacy ShortPreamble ShortSlotTime
11-20 07:02:33.360 D/LOWI-9.0.0.80( 1024): [LOWI-Scan] BSS be:9e:0e:1c:6e:7f FREQ: 2412, cFreq1[40:80:160] = [0:0:0] cFreq2 = 0 Country Code =    
11-20 07:02:33.360 D/LOWI-9.0.0.80( 1024): [LOWI-Scan] BSS be:9e:0e:1c:6e:7f (wlan0) ASSO: NO AddInfo: 0x0, TSF 0, 15:14:59.609, RSSI: -124, CPL: 127, AGE: 10,  SSID Pixel_3541, TSFDelta: 0x0, TXRate: 0
11-20 07:02:33.361 D/LOWI-9.0.0.80( 1024): [LOWI-Scan] 
11-20 07:02:33.361 D/LOWI-9.0.0.80( 1024): [LOWI-Scan] print_bss_handler: Report Probe TSF 54899609529 as it greater than Beacon TSF 54846601669
11-20 07:02:33.361 I/LOWI-9.0.0.80( 1024): [LOWI-Scan] RSN_IE
11-20 07:02:33.361 D/LOWI-9.0.0.80( 1024): [LOWI-Scan] decode_rsn_wpa_ie: Entered
11-20 07:02:33.361 D/LOWI-9.0.0.80( 1024): [LOWIUtils] hexDump: msg(30 14 01 00 00 0f ac 04 01 00 00 0f ac 04 01 00 00 0f ac 02 )
11-20 07:02:33.361 D/LOWI-9.0.0.80( 1024): [LOWI-Scan] decode_rsn_wpa_ie: LOWI_ENCRYPTION_TYPE_WPA_PSK
11-20 07:02:33.361 D/LOWI-9.0.0.80( 1024): [LOWI-Scan] is_qcom_ie, bss_age: 14
11-20 07:02:33.361 D/LOWI-9.0.0.80( 1024): [LOWI-Scan] BSS fe:2d:5a:49:61:eb LOWI_PHY_MODE_11AC_VHT20_2G(11), Beacon Interval: 100, LOWI_ENCRYPTION_TYPE_WPA_PSK 11mcRanging: No, ANQP: Yes, LCI: No, Civic: No, capability(0x1431): ESS Privacy ShortPreamble ShortSlotTime
11-20 07:02:33.361 D/LOWI-9.0.0.80( 1024): [LOWI-Scan] BSS fe:2d:5a:49:61:eb FREQ: 2452, cFreq1[40:80:160] = [0:0:0] cFreq2 = 0 Country Code =    
11-20 07:02:33.361 D/LOWI-9.0.0.80( 1024): [LOWI-Scan] BSS fe:2d:5a:49:61:eb (wlan0) ASSO: NO AddInfo: 0x0, TSF 0, 15:14:59.609, RSSI: -108, CPL: 127, AGE: 10,  SSID Pixel_R2, TSFDelta: 0x0, TXRate: 0
11-20 07:02:33.361 D/PasspointManager( 1194): ANQP entry not found for: c6:82:9b:4e:b3:9e:<Pixel_R6>
11-20 07:02:33.361 D/PasspointManager( 1194): ANQP entry not found for: 5e:6e:be:46:77:d7:<Pixel_R3>
11-20 07:02:33.362 D/PasspointManager( 1194): ANQP entry not found for: 12:d7:96:61:85:9f:<Pixel_R5>
11-20 07:02:33.362 D/PasspointManager( 1194): ANQP entry not found for: fe:2d:5a:49:61:eb:<Pixel_R2>
11-20 07:02:33.362 D/PasspointManager( 1194): ANQP entry not found for: ce:dc:12:3b:87:fd:<Pixel5_R1>
11-20 07:02:33.362 D/LOWI-9.0.0.80( 1024): [LOWI-Scan] 
11-20 07:02:33.362 D/LOWI-9.0.0.80( 1024): [LOWI-Scan] print_bss_handler: Report Probe TSF 54899609656 as it greater than Beacon TSF 54744490934
11-20 07:02:33.362 I/LOWI-9.0.0.80( 1024): [LOWI-Scan] RSN_IE
11-20 07:02:33.362 D/LOWI-9.0.0.80( 1024): [LOWI-Scan] decode_rsn_wpa_ie: Entered
11-20 07:02:33.362 D/LOWI-9.0.0.80( 1024): [LOWIUtils] hexDump: msg(30 14 01 00 00 0f ac 04 01 00 00 0f ac 04 01 00 00 0f ac 02 )
11-20 07:02:33.362 D/LOWI-9.0.0.80( 1024): [LOWI-Scan] decode_rsn_wpa_ie: LOWI_ENCRYPTION_TYPE_WPA_PSK
11-20 07:02:33.362 D/LOWI-9.0.0.80( 1024): [LOWI-Scan] is_qcom_ie, bss_age: 50
11-20 07:02:33.362 D/LOWI-9.0.0.80( 1024): [LOWI-Scan] BSS 2c:57:41:86:7a:61 LOWI_PHY_MODE_11NG_HT20(5), Beacon Interval: 100, LOWI_ENCRYPTION_TYPE_WPA_PSK 11mcRanging: No, ANQP: No, LCI: No, Civic: No, capability(0x1411): ESS Privacy ShortSlotTime
11-20 07:02:33.362 D/LOWI-9.0.0.80( 1024): [LOWI-Scan] BSS 2c:57:41:86:7a:61 FREQ: 2412, cFreq1[40:80:160] = [0:0:0] cFreq2 = 0 Country Code = US
11-20 07:02:33.362 D/LOWI-9.0.0.80( 1024): [LOWI-Scan] BSS 2c:57:41:86:7a:61 (wlan0) ASSO: NO AddInfo: 0x0, TSF 0, 15:14:59.609, RSSI: -158, CPL: 3, AGE: 10,  SSID kittyhawk, TSFDelta: 0x0, TXRate: 0
11-20 07:02:33.363 D/LOWI-9.0.0.80( 1024): [LOWI-Scan] 
11-20 07:02:33.363 D/LOWI-9.0.0.80( 1024): [LOWI-Scan] print_bss_handler: Report Probe TSF 54899609582 as it greater than Beacon TSF 54460344276
11-20 07:02:33.363 I/LOWI-9.0.0.80( 1024): [LOWI-Scan] RSN_IE
11-20 07:02:33.363 D/LOWI-9.0.0.80( 1024): [LOWI-Scan] decode_rsn_wpa_ie: Entered
11-20 07:02:33.363 D/LOWI-9.0.0.80( 1024): [LOWIUtils] hexDump: msg(30 14 01 00 00 0f ac 04 01 00 00 0f ac 04 01 00 00 0f ac 02 )
11-20 07:02:33.363 D/LOWI-9.0.0.80( 1024): [LOWI-Scan] decode_rsn_wpa_ie: LOWI_ENCRYPTION_TYPE_WPA_PSK
11-20 07:02:33.363 D/LOWI-9.0.0.80( 1024): [LOWI-Scan] is_qcom_ie, bss_age: 4
11-20 07:02:33.363 D/LOWI-9.0.0.80( 1024): [LOWI-Scan] BSS 2c:57:41:86:94:a1 LOWI_PHY_MODE_11NG_HT20(5), Beacon Interval: 100, LOWI_ENCRYPTION_TYPE_WPA_PSK 11mcRanging: No, ANQP: No, LCI: No, Civic: No, capability(0x1411): ESS Privacy ShortSlotTime
11-20 07:02:33.363 D/LOWI-9.0.0.80( 1024): [LOWI-Scan] BSS 2c:57:41:86:94:a1 FREQ: 2462, cFreq1[40:80:160] = [0:0:0] cFreq2 = 0 Country Code = US
11-20 07:02:33.363 D/LOWI-9.0.0.80( 1024): [LOWI-Scan] BSS 2c:57:41:86:94:a1 (wlan0) ASSO: NO AddInfo: 0x0, TSF 0, 15:14:59.609, RSSI: -136, CPL: 2, AGE: 10,  SSID kittyhawk, TSFDelta: 0x0, TXRate: 0
11-20 07:02:33.363 D/LOWI-9.0.0.80( 1024): [LOWI-Scan] 
11-20 07:02:33.363 D/LOWI-9.0.0.80( 1024): [LOWI-Scan] print_bss_handler: Report beacon TSF 54899609593 as it greater than probe TSF 54870424036
11-20 07:02:33.363 I/LOWI-9.0.0.80( 1024): [LOWI-Scan] RSN_IE
11-20 07:02:33.363 D/LOWI-9.0.0.80( 1024): [LOWI-Scan] decode_rsn_wpa_ie: Entered
11-20 07:02:33.363 D/LOWI-9.0.0.80( 1024): [LOWIUtils] hexDump: msg(30 14 01 00 00 0f ac 04 01 00 00 0f ac 04 01 00 00 0f ac 02 )
11-20 07:02:33.363 D/LOWI-9.0.0.80( 1024): [LOWI-Scan] decode_rsn_wpa_ie: LOWI_ENCRYPTION_TYPE_WPA_PSK
11-20 07:02:33.363 D/LOWI-9.0.0.80( 1024): [LOWI-Scan] is_qcom_ie, bss_age: 5
11-20 07:02:33.363 D/LOWI-9.0.0.80( 1024): [LOWI-Scan] BSS 2c:57:41:86:90:a1 LOWI_PHY_MODE_11NG_HT20(5), Beacon Interval: 100, LOWI_ENCRYPTION_TYPE_WPA_PSK 11mcRanging: No, ANQP: No, LCI: No, Civic: No, capability(0x1411): ESS Privacy ShortSlotTime
11-20 07:02:33.364 D/LOWI-9.0.0.80( 1024): [LOWI-Scan] BSS 2c:57:41:86:90:a1 FREQ: 2462, cFreq1[40:80:160] = [0:0:0] cFreq2 = 0 Country Code = US
11-20 07:02:33.364 D/LOWI-9.0.0.80( 1024): [LOWI-Scan] BSS 2c:57:41:86:90:a1 (wlan0) ASSO: NO AddInfo: 0x1, TSF 0, 15:14:59.609, RSSI: -140, CPL: 2, AGE: 10,  SSID kittyhawk, TSFDelta: 0x0, TXRate: 0
11-20 07:02:33.364 D/LOWI-9.0.0.80( 1024): [LOWI-Scan] 
11-20 07:02:33.364 D/LOWI-9.0.0.80( 1024): [LOWI-Scan] print_bss_handler: Report Probe TSF 54899609627 as it greater than Beacon TSF 54818193482
11-20 07:02:33.364 I/LOWI-9.0.0.80( 1024): [LOWI-Scan] RSN_IE
11-20 07:02:33.364 D/LOWI-9.0.0.80( 1024): [LOWI-Scan] decode_rsn_wpa_ie: Entered
11-20 07:02:33.364 D/LOWI-9.0.0.80( 1024): [LOWIUtils] hexDump: msg(30 14 01 00 00 0f ac 04 01 00 00 0f ac 04 01 00 00 0f ac 02 )
11-20 07:02:33.364 D/LOWI-9.0.0.80( 1024): [LOWI-Scan] decode_rsn_wpa_ie: LOWI_ENCRYPTION_TYPE_WPA_PSK
11-20 07:02:33.364 D/LOWI-9.0.0.80( 1024): [LOWI-Scan] is_qcom_ie, bss_age: 49
11-20 07:02:33.364 D/LOWI-9.0.0.80( 1024): [LOWI-Scan] BSS 2c:57:41:88:72:e1 LOWI_PHY_MODE_11NG_HT20(5), Beacon Interval: 100, LOWI_ENCRYPTION_TYPE_WPA_PSK 11mcRanging: No, ANQP: No, LCI: No, Civic: No, capability(0x1411): ESS Privacy ShortSlotTime
11-20 07:02:33.364 D/LOWI-9.0.0.80( 1024): [LOWI-Scan] BSS 2c:57:41:88:72:e1 FREQ: 2412, cFreq1[40:80:160] = [0:0:0] cFreq2 = 0 Country Code = US
11-20 07:02:33.364 D/LOWI-9.0.0.80( 1024): [LOWI-Scan] BSS 2c:57:41:88:72:e1 (wlan0) ASSO: NO AddInfo: 0x0, TSF 0, 15:14:59.609, RSSI: -148, CPL: 3, AGE: 10,  SSID kittyhawk, TSFDelta: 0x0, TXRate: 0
11-20 07:02:33.365 D/LOWI-9.0.0.80( 1024): [LOWI-Scan] 
11-20 07:02:33.365 D/LOWI-9.0.0.80( 1024): [LOWI-Scan] print_bss_handler: Report Probe TSF 54899609647 as it greater than Beacon TSF 54846601918
11-20 07:02:33.365 I/LOWI-9.0.0.80( 1024): [LOWI-Scan] RSN_IE
11-20 07:02:33.365 D/LOWI-9.0.0.80( 1024): [LOWI-Scan] decode_rsn_wpa_ie: Entered
11-20 07:02:33.365 D/LOWI-9.0.0.80( 1024): [LOWIUtils] hexDump: msg(30 14 01 00 00 0f ac 04 01 00 00 0f ac 04 01 00 00 0f ac 02 )
11-20 07:02:33.365 D/LOWI-9.0.0.80( 1024): [LOWI-Scan] decode_rsn_wpa_ie: LOWI_ENCRYPTION_TYPE_WPA_PSK
