--------- beginning of system
11-21 15:00:16.794 E/TaskPersister( 1186): File error accessing recents directory (directory doesn't exist?).
11-21 15:00:20.617 D/AutofillManagerService( 1186): onBackKeyPressed()
11-21 15:00:21.043 D/commandrouter( 1006): SocServiceHandle::onServiceMessage, SoC Service = mcu_healthcheck_934, appType = 1, type = SVC_REQ, clientId = 0, token = 2830, payloadLen = 20, result = 0, payload.size() = 20
11-21 15:00:21.047 D/commandrouter( 1006): mcu_healthcheck_934 (1, merlot:mcu_health:control): <ServiceResponse> FORWARDED (remote -> local) CR token ID = 2830, service client ID = 5, token ID = 10826, result = 0
11-21 15:00:21.628 D/AutofillManagerService( 1186): onBackKeyPressed()
11-21 15:00:22.707 I/chatty  ( 1186): uid=1000(system) android.ui identical 1 line
11-21 15:00:23.556 D/AutofillManagerService( 1186): onBackKeyPressed()
11-21 15:00:23.660 D/commandrouter( 1006): rtc_sync (1, rtc:sync): <ServiceRequest> FORWARDED (remote -> local) service client ID = 0, token ID = 49753
11-21 15:00:23.661 D/commandrouter( 1006): SocServiceHandle::onServiceMessage, SoC Service = rtc_sync, appType = 1, type = SVC_RESP, clientId = 0, token = 49753, payloadLen = 8, result = 0, payload.size() = 8
11-21 15:00:24.619 D/AutofillManagerService( 1186): onBackKeyPressed()
11-21 15:00:27.708 I/chatty  ( 1186): uid=1000(system) android.ui identical 2 lines
11-21 15:00:28.619 D/AutofillManagerService( 1186): onBackKeyPressed()
11-21 15:00:29.160 W/ActivityManager( 1186): Invalid packageName: com.facebook.wearable.system.settings/com.facebook.wearable.system.settings.SettingsActivity
11-21 15:00:29.295 I/ActivityTaskManager( 1186): START u0 {flg=0x10000000 cmp=com.facebook.wearable.system.settings/.SettingsActivity} from uid 0
11-21 15:00:29.314 I/ActivityTaskManager( 1186): The Process com.facebook.wearable.system.settings Already Exists in BG. So sending its PID: 4763
11-21 15:00:29.315 W/ActivityTaskManager( 1186): Tried to set launchTime (0) < mLastActivityLaunchTime (169883051)
11-21 15:00:30.289 D/commandrouter( 1006): SocServiceHandle::onServiceMessage, SoC Service = mcu_healthcheck_1029, appType = 1, type = SVC_REQ, clientId = 0, token = 5661, payloadLen = 12, result = 0, payload.size() = 12
11-21 15:00:30.293 D/commandrouter( 1006): mcu_healthcheck_1029 (1, merlot:mcu_health:control): <ServiceResponse> FORWARDED (remote -> local) CR token ID = 5661, service client ID = 40, token ID = 10827, result = 0
11-21 15:00:30.294 D/mculinkhealth( 1029): isMcuReachable 1 (4 ms)
11-21 15:00:33.574 E/TaskPersister( 1186): File error accessing recents directory (directory doesn't exist?).
11-21 15:00:33.661 D/commandrouter( 1006): rtc_sync (1, rtc:sync): <ServiceRequest> FORWARDED (remote -> local) service client ID = 0, token ID = 49754
11-21 15:00:33.661 D/commandrouter( 1006): SocServiceHandle::onServiceMessage, SoC Service = rtc_sync, appType = 1, type = SVC_RESP, clientId = 0, token = 49754, payloadLen = 8, result = 0, payload.size() = 8
11-21 15:00:34.731 D/AutofillManagerService( 1186): onBackKeyPressed()
11-21 15:00:35.869 I/chatty  ( 1186): uid=1000(system) android.ui identical 2 lines
11-21 15:00:36.897 D/AutofillManagerService( 1186): onBackKeyPressed()
11-21 15:00:37.154 W/ActivityManager( 1186): Invalid packageName: com.facebook.wearable.system.settings/com.facebook.wearable.system.settings.SettingsActivity
11-21 15:00:37.287 I/ActivityTaskManager( 1186): START u0 {flg=0x10000000 cmp=com.facebook.wearable.system.settings/.SettingsActivity} from uid 0
11-21 15:00:37.304 I/ActivityTaskManager( 1186): The Process com.facebook.wearable.system.settings Already Exists in BG. So sending its PID: 4763
11-21 15:00:37.304 W/ActivityTaskManager( 1186): Tried to set launchTime (0) < mLastActivityLaunchTime (169917042)
11-21 15:00:40.426 E/TaskPersister( 1186): File error accessing recents directory (directory doesn't exist?).
11-21 15:00:43.595 W/ContextImpl( 1186): Calling a method in the system process without a qualified user: android.app.ContextImpl.sendBroadcastMultiplePermissions:1143 android.content.Context.sendBroadcastWithMultiplePermissions:2150 com.android.server.display.WifiDisplayAdapter.handleSendStatusChangeBroadcast:440 com.android.server.display.WifiDisplayAdapter.access$1700:63 com.android.server.display.WifiDisplayAdapter$WifiDisplayHandler.handleMessage:675 
11-21 15:00:43.653 D/commandrouter( 1006): rtc_sync (1, rtc:sync): <ServiceRequest> FORWARDED (remote -> local) service client ID = 0, token ID = 49755
11-21 15:00:43.654 D/commandrouter( 1006): SocServiceHandle::onServiceMessage, SoC Service = rtc_sync, appType = 1, type = SVC_RESP, clientId = 0, token = 49755, payloadLen = 8, result = 0, payload.size() = 8
11-21 15:00:44.564 W/ContextImpl( 1186): Calling a method in the system process without a qualified user: android.app.ContextImpl.sendBroadcastMultiplePermissions:1143 android.content.Context.sendBroadcastWithMultiplePermissions:2150 com.android.server.wifi.p2p.WifiP2pServiceImpl$P2pStateMachine.sendBroadcastMultiplePermissions:3209 com.android.server.wifi.p2p.WifiP2pServiceImpl$P2pStateMachine.sendP2pConnectionChangedBroadcast:3236 com.android.server.wifi.p2p.WifiP2pServiceImpl$P2pStateMachine.access$5100:768 
11-21 15:00:44.566 W/BroadcastQueue( 1186): Permission Denial: receiving Intent { act=android.net.wifi.p2p.CONNECTION_STATE_CHANGE flg=0x24000010 (has extras) } to ProcessRecord{688c834 1907:.qtidataservices/u0a88} (pid=1907, uid=10088) requires android.permission.ACCESS_FINE_LOCATION due to sender android (uid 1000)
11-21 15:00:44.575 W/ContextImpl( 1186): Calling a method in the system process without a qualified user: android.app.ContextImpl.sendBroadcastMultiplePermissions:1143 android.content.Context.sendBroadcastWithMultiplePermissions:2150 com.android.server.wifi.p2p.WifiP2pServiceImpl$P2pStateMachine.sendBroadcastMultiplePermissions:3209 com.android.server.wifi.p2p.WifiP2pServiceImpl$P2pStateMachine.sendThisDeviceChangedBroadcast:3218 com.android.server.wifi.p2p.WifiP2pServiceImpl$P2pStateMachine.updateThisDevice:3962 
11-21 15:00:46.524 W/ContextImpl( 1186): Calling a method in the system process without a qualified user: android.app.ContextImpl.sendBroadcastMultiplePermissions:1143 android.content.Context.sendBroadcastWithMultiplePermissions:2150 com.android.server.wifi.ClientModeImpl.broadcastWifiCredentialChanged:6170 com.android.server.wifi.ClientModeImpl.lambda$connect$0:6716 com.android.server.wifi.ClientModeImpl.lambda$connect$0$ClientModeImpl:0 
11-21 15:00:46.726 W/wificond(  911): Scan is not started. Ignore abort request
11-21 15:00:47.321 D/ConnectivityService( 1186): registerNetworkAgent NetworkAgentInfo{ ni{[type: WIFI[], state: UNKNOWN/IDLE, reason: (unspecified), extra: , failover: false, available: true, roaming: false]}  network{207}  nethandle{892463927309}  lp{{LinkAddresses: [ ] DnsAddresses: [ ] Domains: null MTU: 0 Routes: [ ]}}  nc{[ Transports: WIFI Capabilities: NOT_METERED&INTERNET&NOT_RESTRICTED&TRUSTED&NOT_VPN&NOT_ROAMING&FOREGROUND&NOT_CONGESTED&NOT_SUSPENDED LinkUpBandwidth>=72000Kbps LinkDnBandwidth>=72000Kbps OwnerUid: 1000 SSID: "MTBF_Lab" RequestorUid: -1 RequestorPackageName: null]}  Score{20}  everValidated{false}  lastValidated{false}  created{false} lingering{false} explicitlySelected{true} acceptUnvalidated{false} everCaptivePortalDetected{false} lastCaptivePortalDetected{false} partialConnectivity{false} acceptPartialConnectivity{false} clat{mBaseIface: null, mIface: null, mState: IDLE} }
11-21 15:00:47.449 D/ConnectivityService( 1186): [207 WIFI] EVENT_NETWORK_INFO_CHANGED, going from UNKNOWN to UNKNOWN
11-21 15:00:47.626 D/ConnectivityService( 1186): NetReassign [no changes]
11-21 15:00:47.670 D/ConnectivityService( 1186): Adding iface wlan0 to network 207
11-21 15:00:47.699 E/ConnectivityService( 1186): Exception adding interface: java.lang.IllegalStateException: android.os.ServiceSpecificException: Machine is not on the network (code 64)
11-21 15:00:47.712 I/Nat464Xlat( 1186): Android Xlat is disabled
11-21 15:00:47.712 I/Nat464Xlat( 1186): Android Xlat is disabled
11-21 15:00:48.387 E/ConnectivityService( 1186): Exception in networkAddRouteParcel for non-gateway: android.os.ServiceSpecificException: Machine is not on the network (code 64)
11-21 15:00:48.388 E/ConnectivityService( 1186): Exception in networkAddRouteParcel for gateway: android.os.ServiceSpecificException: Machine is not on the network (code 64)
11-21 15:00:48.388 I/Nat464Xlat( 1186): Android Xlat is disabled
11-21 15:00:48.388 I/Nat464Xlat( 1186): Android Xlat is disabled
11-21 15:00:48.474 D/ConnectivityService( 1186): Setting DNS servers for network 207 to [/192.168.1.1]
11-21 15:00:48.508 I/Nat464Xlat( 1186): Android Xlat is disabled
11-21 15:00:48.508 I/Nat464Xlat( 1186): Android Xlat is disabled
11-21 15:00:48.716 D/ConnectivityService( 1186): [207 WIFI] EVENT_NETWORK_INFO_CHANGED, going from UNKNOWN to CONNECTED
11-21 15:00:48.819 D/DnsManager( 1186): sendDnsConfigurationForNetwork(207, [192.168.1.1], [], 1800, 25, 8, 64, 0, 0, , [])
11-21 15:00:48.851 W/DnsManager( 1186): updatePrivateDns(207, PrivateDnsConfig{true:/[]})
11-21 15:00:48.851 D/ConnectivityService( 1186): Setting DNS servers for network 207 to [/192.168.1.1]
11-21 15:00:48.852 D/DnsManager( 1186): sendDnsConfigurationForNetwork(207, [192.168.1.1], [], 1800, 25, 8, 64, 0, 0, , [192.168.1.1])
11-21 15:00:48.854 D/ConnectivityService( 1186): Adding iface wlan0 to network 207
11-21 15:00:48.917 D/ConnectivityService( 1186): Setting DNS servers for network 207 to [/192.168.1.1]
11-21 15:00:48.918 D/DnsManager( 1186): sendDnsConfigurationForNetwork(207, [192.168.1.1], [], 1800, 25, 8, 64, 0, 0, , [192.168.1.1])
11-21 15:00:48.922 I/Nat464Xlat( 1186): Android Xlat is disabled
11-21 15:00:48.922 I/Nat464Xlat( 1186): Android Xlat is disabled
11-21 15:00:49.098 D/ConnectivityService( 1186): NetReassign [no changes]
11-21 15:00:49.472 D/ConnectivityService( 1186): [207 WIFI] validation passed
11-21 15:00:49.473 D/ConnectivityService( 1186): NetReassign [44 : 101 → 207, 11 : 101 → 207, 63 : 101 → 207, 2885 : 101 → 207, 2235 : 101 → 207, 2877 : 101 → 207, 17 : 101 → 207, 25 : 101 → 207, 1438 : 101 → 207, 1 : 101 → 207, 8 : 101 → 207, 12 : 101 → 207, 14 : 101 → 207, 16 : 101 → 207, 22 : 101 → 207]
11-21 15:00:49.480 E/NetlinkEvent(  462): NetlinkEvent::FindParam(): Parameter 'INTERFACE' not found
11-21 15:00:49.480 E/NetlinkEvent(  462): NetlinkEvent::FindParam(): Parameter 'STATE' not found
11-21 15:00:49.480 E/NetlinkEvent(  462): NetlinkEvent::FindParam(): Parameter 'TIME_NS' not found
11-21 15:00:49.480 E/NetlinkEvent(  462): NetlinkEvent::FindParam(): Parameter 'UID' not found
11-21 15:00:49.526 D/ConnectivityService( 1186): Switching to new default network: NetworkAgentInfo{ ni{[type: WIFI[], state: CONNECTED/CONNECTED, reason: (unspecified), extra: , failover: false, available: true, roaming: false]}  network{207}  nethandle{892463927309}  lp{{InterfaceName: wlan0 LinkAddresses: [ fe80::68fd:b2ff:fea8:97f8/64,192.168.1.41/24 ] DnsAddresses: [ /192.168.1.1 ] Domains: null MTU: 0 ServerAddress: /192.168.1.1 TcpBufferSizes: 524288,1048576,2097152,262144,524288,1048576 Routes: [ fe80::/64 -> :: wlan0 mtu 0,192.168.1.0/24 -> 0.0.0.0 wlan0 mtu 0,0.0.0.0/0 -> 192.168.1.1 wlan0 mtu 0 ]}}  nc{[ Transports: WIFI Capabilities: NOT_METERED&INTERNET&NOT_RESTRICTED&TRUSTED&NOT_VPN&VALIDATED&NOT_ROAMING&FOREGROUND&NOT_CONGESTED&NOT_SUSPENDED LinkUpBandwidth>=61000Kbps LinkDnBandwidth>=61000Kbps SignalStrength: -33 OwnerUid: 1000 SSID: "MTBF_Lab" RequestorUid: -1 RequestorPackageName: null]}  Score{60}  everValidated{true}  lastValidated{true}  created{true} lingering{false} explicitlySelected{true} acceptUnvalidated{false} everCaptivePortalDetected{false} lastCaptivePortalDetected{false} partialConnectivity{false} acceptPartialConnectivity{false} clat{mBaseIface: null, mIface: null, mState: IDLE} }
11-21 15:00:49.675 W/SimpleTimeDetectorStrategy( 1186): Existing suggestion found to be invalid  elapsedRealtimeMillis=169937397, timeSuggestion=TelephonyTimeSuggestion{mSlotIndex='0', mUtcTime=TimestampedValue{mReferenceTimeMillis=57092, mValue=1637365770000}, mDebugInfo=[Sending new time suggestion nitzSignal=TimestampedValue{mReferenceTimeMillis=57092, mValue=NitzData{mOriginalString=21/11/19,23:49:30-32,00, mZoneOffset=-28800000, mDstOffset=0, mCurrentTimeMillis=1637365770000, mEmulatorHostTimeZone=null}}, reason=handleNitzReceived(TimestampedValue{mReferenceTimeMillis=57092, mValue=NitzData{mOriginalString=21/11/19,23:49:30-32,00, mZoneOffset=-28800000, mDstOffset=0, mCurrentTimeMillis=1637365770000, mEmulatorHostTimeZone=null}})]}
11-21 15:00:49.763 D/ConnectivityService( 1186): Lingering [101 CELLULAR] for 30000ms
11-21 15:00:49.765 D/ConnectivityService( 1186): Sending DISCONNECTED broadcast for type 0 [101 CELLULAR] isDefaultNetwork=true
11-21 15:00:49.778 D/ConnectivityService( 1186): Sending CONNECTED broadcast for type 1 [207 WIFI] isDefaultNetwork=true
11-21 15:00:49.829 D/ConnectivityService( 1186): Setting DNS servers for network 207 to [/192.168.1.1]
11-21 15:00:49.829 D/DnsManager( 1186): sendDnsConfigurationForNetwork(207, [192.168.1.1], [], 1800, 25, 8, 64, 0, 0, , [192.168.1.1])
11-21 15:00:49.869 D/CompatibilityChangeReporter( 1186): Compat change id reported: 135634846; UID 10013; state: DISABLED
11-21 15:00:49.870 D/CompatibilityChangeReporter( 1186): Compat change id reported: 143937733; UID 10013; state: ENABLED
11-21 15:00:50.042 W/ActivityManager( 1186): Slow operation: 208ms so far, now at startProcess: returned from zygote!
11-21 15:00:50.042 W/ActivityManager( 1186): Slow operation: 208ms so far, now at startProcess: done updating battery stats
11-21 15:00:50.042 W/ActivityManager( 1186): Slow operation: 208ms so far, now at startProcess: building log message
11-21 15:00:50.043 I/ActivityManager( 1186): Start proc 13244:com.facebook.wearable.system.updater/u0a13 for service {com.facebook.wearable.system.updater/com.facebook.wearable.system.updater.core.scheduler.OSUpdateScheduleService}
11-21 15:00:50.043 W/ActivityManager( 1186): Slow operation: 208ms so far, now at startProcess: starting to update pids map
11-21 15:00:50.045 W/ActivityManager( 1186): Slow operation: 211ms so far, now at startProcess: done updating pids map
11-21 15:00:51.678 D/ConnectivityService( 1186): NetReassign [no changes]
11-21 15:00:52.458 D/ConnectivityService( 1186): requestNetwork for uid/pid:10013/13244 NetworkRequest [ TRACK_DEFAULT id=2887, [ Capabilities: INTERNET&NOT_RESTRICTED&TRUSTED Uid: 10013 AdministratorUids: [] RequestorUid: 10013 RequestorPackageName: com.facebook.wearable.system.updater] ]
11-21 15:00:52.459 D/ConnectivityService( 1186): NetReassign [2887 : null → 207]
11-21 15:00:52.668 D/JavaBinder( 1186): Here is le tags []
11-21 15:00:52.690 D/JavaBinder( 1186): Here is le tags []
11-21 15:00:53.645 D/commandrouter( 1006): rtc_sync (1, rtc:sync): <ServiceRequest> FORWARDED (remote -> local) service client ID = 0, token ID = 49756
11-21 15:00:53.646 D/commandrouter( 1006): SocServiceHandle::onServiceMessage, SoC Service = rtc_sync, appType = 1, type = SVC_RESP, clientId = 0, token = 49756, payloadLen = 8, result = 0, payload.size() = 8
11-21 15:00:56.786 D/AutofillManagerService( 1186): onBackKeyPressed()
11-21 15:00:57.890 I/chatty  ( 1186): uid=1000(system) android.ui identical 2 lines
11-21 15:00:59.581 D/AutofillManagerService( 1186): onBackKeyPressed()
11-21 15:01:00.295 D/commandrouter( 1006): SocServiceHandle::onServiceMessage, SoC Service = mcu_healthcheck_1029, appType = 1, type = SVC_REQ, clientId = 0, token = 5662, payloadLen = 12, result = 0, payload.size() = 12
11-21 15:01:00.298 D/commandrouter( 1006): mcu_healthcheck_1029 (1, merlot:mcu_health:control): <ServiceResponse> FORWARDED (remote -> local) CR token ID = 5662, service client ID = 40, token ID = 10828, result = 0
11-21 15:01:00.299 D/mculinkhealth( 1029): isMcuReachable 1 (4 ms)
11-21 15:01:00.544 D/AppStorageManager( 1186): BEFORE:: Previous Size: 883937280 Current Size: 884682752
11-21 15:01:00.544 D/AppStorageManager( 1186): AFTER:: Previous Size: 884682752 Current Size: 884682752
11-21 15:01:00.693 D/AutofillManagerService( 1186): onBackKeyPressed()
11-21 15:01:01.722 D/AutofillManagerService( 1186): onBackKeyPressed()
11-21 15:01:01.873 E/TaskPersister( 1186): File error accessing recents directory (directory doesn't exist?).
11-21 15:01:02.618 D/AutofillManagerService( 1186): onBackKeyPressed()
11-21 15:01:03.628 D/AutofillManagerService( 1186): onBackKeyPressed()
11-21 15:01:03.645 D/commandrouter( 1006): rtc_sync (1, rtc:sync): <ServiceRequest> FORWARDED (remote -> local) service client ID = 0, token ID = 49757
11-21 15:01:03.645 D/commandrouter( 1006): SocServiceHandle::onServiceMessage, SoC Service = rtc_sync, appType = 1, type = SVC_RESP, clientId = 0, token = 49757, payloadLen = 8, result = 0, payload.size() = 8
11-21 15:01:04.193 W/ActivityManager( 1186): Invalid packageName: com.facebook.wearable.system.settings/com.facebook.wearable.system.settings.SettingsActivity
11-21 15:01:04.340 I/ActivityTaskManager( 1186): START u0 {flg=0x10000000 cmp=com.facebook.wearable.system.settings/.SettingsActivity} from uid 0
11-21 15:01:04.371 I/ActivityTaskManager( 1186): The Process com.facebook.wearable.system.settings Already Exists in BG. So sending its PID: 4763
11-21 15:01:04.372 W/ActivityTaskManager( 1186): Tried to set launchTime (0) < mLastActivityLaunchTime (169925031)
11-21 15:01:08.516 E/TaskPersister( 1186): File error accessing recents directory (directory doesn't exist?).
11-21 15:01:13.340 D/AnalyticsLogger( 1186): sent events: 14
11-21 15:01:13.641 D/commandrouter( 1006): rtc_sync (1, rtc:sync): <ServiceRequest> FORWARDED (remote -> local) service client ID = 0, token ID = 49758
11-21 15:01:13.642 D/commandrouter( 1006): SocServiceHandle::onServiceMessage, SoC Service = rtc_sync, appType = 1, type = SVC_RESP, clientId = 0, token = 49758, payloadLen = 8, result = 0, payload.size() = 8
11-21 15:01:19.477 D/ConnectivityService( 1186): handleLingerComplete for [101 CELLULAR]
11-21 15:01:21.048 D/commandrouter( 1006): SocServiceHandle::onServiceMessage, SoC Service = mcu_healthcheck_934, appType = 1, type = SVC_REQ, clientId = 0, token = 2831, payloadLen = 20, result = 0, payload.size() = 20
11-21 15:01:21.052 D/commandrouter( 1006): mcu_healthcheck_934 (1, merlot:mcu_health:control): <ServiceResponse> FORWARDED (remote -> local) CR token ID = 2831, service client ID = 5, token ID = 10829, result = 0
11-21 15:01:23.639 D/commandrouter( 1006): rtc_sync (1, rtc:sync): <ServiceRequest> FORWARDED (remote -> local) service client ID = 0, token ID = 49759
11-21 15:01:23.639 D/commandrouter( 1006): SocServiceHandle::onServiceMessage, SoC Service = rtc_sync, appType = 1, type = SVC_RESP, clientId = 0, token = 49759, payloadLen = 8, result = 0, payload.size() = 8
11-21 15:01:30.300 D/commandrouter( 1006): SocServiceHandle::onServiceMessage, SoC Service = mcu_healthcheck_1029, appType = 1, type = SVC_REQ, clientId = 0, token = 5663, payloadLen = 12, result = 0, payload.size() = 12
11-21 15:01:30.303 D/commandrouter( 1006): mcu_healthcheck_1029 (1, merlot:mcu_health:control): <ServiceResponse> FORWARDED (remote -> local) CR token ID = 5663, service client ID = 40, token ID = 10830, result = 0
11-21 15:01:30.304 D/mculinkhealth( 1029): isMcuReachable 1 (4 ms)
11-21 15:01:31.780 D/AutofillManagerService( 1186): onBackKeyPressed()
11-21 15:01:32.845 I/chatty  ( 1186): uid=1000(system) android.ui identical 2 lines
11-21 15:01:33.556 D/AutofillManagerService( 1186): onBackKeyPressed()
11-21 15:01:33.635 D/commandrouter( 1006): rtc_sync (1, rtc:sync): <ServiceRequest> FORWARDED (remote -> local) service client ID = 0, token ID = 49760
11-21 15:01:33.636 D/commandrouter( 1006): SocServiceHandle::onServiceMessage, SoC Service = rtc_sync, appType = 1, type = SVC_RESP, clientId = 0, token = 49760, payloadLen = 8, result = 0, payload.size() = 8
11-21 15:01:34.219 W/ActivityManager( 1186): Invalid packageName: com.facebook.wearable.system.settings/com.facebook.wearable.system.settings.SettingsActivity
11-21 15:01:34.348 I/ActivityTaskManager( 1186): START u0 {flg=0x10000000 cmp=com.facebook.wearable.system.settings/.SettingsActivity} from uid 0
11-21 15:01:34.369 I/ActivityTaskManager( 1186): The Process com.facebook.wearable.system.settings Already Exists in BG. So sending its PID: 4763
11-21 15:01:34.369 W/ActivityTaskManager( 1186): Tried to set launchTime (0) < mLastActivityLaunchTime (169952099)
11-21 15:01:37.487 E/TaskPersister( 1186): File error accessing recents directory (directory doesn't exist?).
11-21 15:01:42.246 W/ContextImpl( 1186): Calling a method in the system process without a qualified user: android.app.ContextImpl.sendBroadcastMultiplePermissions:1143 android.content.Context.sendBroadcastWithMultiplePermissions:2150 com.android.server.display.WifiDisplayAdapter.handleSendStatusChangeBroadcast:440 com.android.server.display.WifiDisplayAdapter.access$1700:63 com.android.server.display.WifiDisplayAdapter$WifiDisplayHandler.handleMessage:675 
11-21 15:01:42.944 D/ConnectivityService( 1186): [207 WIFI] EVENT_NETWORK_INFO_CHANGED, going from CONNECTED to DISCONNECTED
11-21 15:01:42.944 D/ConnectivityService( 1186): [207 WIFI] disconnected, was satisfying 27
11-21 15:01:43.241 I/Nat464Xlat( 1186): Android Xlat is disabled
11-21 15:01:43.241 I/Nat464Xlat( 1186): Android Xlat is disabled
11-21 15:01:43.508 D/ConnectivityService( 1186): Sending DISCONNECTED broadcast for type 1 [207 WIFI] isDefaultNetwork=true
11-21 15:01:43.598 D/ConnectivityService( 1186): NetReassign [44 : null → 101, 11 : null → 101, 63 : null → 101, 2885 : null → 101, 2235 : null → 101, 2877 : null → 101, 17 : null → 101, 25 : null → 101, 1438 : null → 101, 1 : null → 101, 2887 : null → 101, 8 : null → 101, 12 : null → 101, 14 : null → 101, 16 : null → 101, 22 : null → 101]
11-21 15:01:43.607 E/NetlinkEvent(  462): NetlinkEvent::FindParam(): Parameter 'INTERFACE' not found
11-21 15:01:43.607 E/NetlinkEvent(  462): NetlinkEvent::FindParam(): Parameter 'STATE' not found
11-21 15:01:43.607 E/NetlinkEvent(  462): NetlinkEvent::FindParam(): Parameter 'TIME_NS' not found
11-21 15:01:43.607 E/NetlinkEvent(  462): NetlinkEvent::FindParam(): Parameter 'UID' not found
11-21 15:01:43.626 D/commandrouter( 1006): rtc_sync (1, rtc:sync): <ServiceRequest> FORWARDED (remote -> local) service client ID = 0, token ID = 49761
11-21 15:01:43.626 D/commandrouter( 1006): SocServiceHandle::onServiceMessage, SoC Service = rtc_sync, appType = 1, type = SVC_RESP, clientId = 0, token = 49761, payloadLen = 8, result = 0, payload.size() = 8
11-21 15:01:43.629 D/ConnectivityService( 1186): Switching to new default network: NetworkAgentInfo{ ni{[type: MOBILE[LTE], state: CONNECTED/CONNECTED, reason: (unspecified), extra: enhancedphone, failover: false, available: true, roaming: false]}  network{101}  nethandle{437197393933}  lp{{InterfaceName: rmnet_data2 LinkAddresses: [ 10.55.48.101/30,2600:381:4804:c4b6:8cdc:8f0b:afe1:ec6b/64 ] DnsAddresses: [ /172.26.38.2,/fc00:a:a::400 ] Domains: null MTU: 1430 TcpBufferSizes: 2097152,4194304,8388608,262144,524288,1048576 Routes: [ 0.0.0.0/0 -> 10.55.48.102 rmnet_data2 mtu 1430,::/0 -> fe80::9db2:334d:2872:1e0a rmnet_data2 mtu 1430,10.55.48.100/30 -> 0.0.0.0 rmnet_data2 mtu 0,2600:381:4804:c4b6::/64 -> :: rmnet_data2 mtu 0 ]}}  nc{[ Transports: CELLULAR Capabilities: MMS&SUPL&FOTA&INTERNET&NOT_RESTRICTED&TRUSTED&NOT_VPN&VALIDATED&NOT_ROAMING&NOT_CONGESTED&NOT_SUSPENDED LinkUpBandwidth>=15000Kbps LinkDnBandwidth>=30000Kbps Specifier: <TelephonyNetworkSpecifier [mSubId = 1]> AdministratorUids: [] RequestorUid: -1 RequestorPackageName: null]}  Score{50}  everValidated{true}  lastValidated{true}  created{true} lingering{false} explicitlySelected{false} acceptUnvalidated{false} everCaptivePortalDetected{false} lastCaptivePortalDetected{false} partialConnectivity{false} acceptPartialConnectivity{false} clat{mBaseIface: null, mIface: null, mState: IDLE} }
11-21 15:01:43.866 W/SimpleTimeDetectorStrategy( 1186): Existing suggestion found to be invalid  elapsedRealtimeMillis=169991591, timeSuggestion=TelephonyTimeSuggestion{mSlotIndex='0', mUtcTime=TimestampedValue{mReferenceTimeMillis=57092, mValue=1637365770000}, mDebugInfo=[Sending new time suggestion nitzSignal=TimestampedValue{mReferenceTimeMillis=57092, mValue=NitzData{mOriginalString=21/11/19,23:49:30-32,00, mZoneOffset=-28800000, mDstOffset=0, mCurrentTimeMillis=1637365770000, mEmulatorHostTimeZone=null}}, reason=handleNitzReceived(TimestampedValue{mReferenceTimeMillis=57092, mValue=NitzData{mOriginalString=21/11/19,23:49:30-32,00, mZoneOffset=-28800000, mDstOffset=0, mCurrentTimeMillis=1637365770000, mEmulatorHostTimeZone=null}})]}
11-21 15:01:43.928 D/ConnectivityService( 1186): Sending CONNECTED broadcast for type 0 [101 CELLULAR] isDefaultNetwork=true
11-21 15:01:47.662 D/AutofillManagerService( 1186): onBackKeyPressed()
11-21 15:01:50.631 I/chatty  ( 1186): uid=1000(system) android.ui identical 4 lines
11-21 15:01:51.626 D/AutofillManagerService( 1186): onBackKeyPressed()
11-21 15:01:52.281 E/TaskPersister( 1186): File error accessing recents directory (directory doesn't exist?).
11-21 15:01:52.621 D/AutofillManagerService( 1186): onBackKeyPressed()
11-21 15:01:53.615 D/commandrouter( 1006): rtc_sync (1, rtc:sync): <ServiceRequest> FORWARDED (remote -> local) service client ID = 0, token ID = 49762
11-21 15:01:53.616 D/commandrouter( 1006): SocServiceHandle::onServiceMessage, SoC Service = rtc_sync, appType = 1, type = SVC_RESP, clientId = 0, token = 49762, payloadLen = 8, result = 0, payload.size() = 8
11-21 15:01:53.699 D/AutofillManagerService( 1186): onBackKeyPressed()
11-21 15:01:54.166 W/ActivityManager( 1186): Invalid packageName: com.facebook.wearable.system.settings/com.facebook.wearable.system.settings.SettingsActivity
11-21 15:01:54.290 I/ActivityTaskManager( 1186): START u0 {flg=0x10000000 cmp=com.facebook.wearable.system.settings/.SettingsActivity} from uid 0
11-21 15:01:54.308 I/ActivityTaskManager( 1186): The Process com.facebook.wearable.system.settings Already Exists in BG. So sending its PID: 4763
11-21 15:01:54.308 W/ActivityTaskManager( 1186): Tried to set launchTime (0) < mLastActivityLaunchTime (169982097)
11-21 15:01:57.877 E/TaskPersister( 1186): File error accessing recents directory (directory doesn't exist?).
11-21 15:02:00.305 D/commandrouter( 1006): SocServiceHandle::onServiceMessage, SoC Service = mcu_healthcheck_1029, appType = 1, type = SVC_REQ, clientId = 0, token = 5664, payloadLen = 12, result = 0, payload.size() = 12
11-21 15:02:00.307 D/commandrouter( 1006): mcu_healthcheck_1029 (1, merlot:mcu_health:control): <ServiceResponse> FORWARDED (remote -> local) CR token ID = 5664, service client ID = 40, token ID = 10831, result = 0
11-21 15:02:00.308 D/mculinkhealth( 1029): isMcuReachable 1 (3 ms)
11-21 15:02:00.616 W/ContextImpl( 1186): Calling a method in the system process without a qualified user: android.app.ContextImpl.sendBroadcastMultiplePermissions:1143 android.content.Context.sendBroadcastWithMultiplePermissions:2150 com.android.server.display.WifiDisplayAdapter.handleSendStatusChangeBroadcast:440 com.android.server.display.WifiDisplayAdapter.access$1700:63 com.android.server.display.WifiDisplayAdapter$WifiDisplayHandler.handleMessage:675 
11-21 15:02:00.665 D/AppStorageManager( 1186): BEFORE:: Previous Size: 884682752 Current Size: 884568064
11-21 15:02:00.665 D/AppStorageManager( 1186): AFTER:: Previous Size: 884568064 Current Size: 884568064
11-21 15:02:01.654 W/ContextImpl( 1186): Calling a method in the system process without a qualified user: android.app.ContextImpl.sendBroadcastMultiplePermissions:1143 android.content.Context.sendBroadcastWithMultiplePermissions:2150 com.android.server.wifi.p2p.WifiP2pServiceImpl$P2pStateMachine.sendBroadcastMultiplePermissions:3209 com.android.server.wifi.p2p.WifiP2pServiceImpl$P2pStateMachine.sendP2pConnectionChangedBroadcast:3236 com.android.server.wifi.p2p.WifiP2pServiceImpl$P2pStateMachine.access$5100:768 
11-21 15:02:01.657 W/BroadcastQueue( 1186): Permission Denial: receiving Intent { act=android.net.wifi.p2p.CONNECTION_STATE_CHANGE flg=0x24000010 (has extras) } to ProcessRecord{688c834 1907:.qtidataservices/u0a88} (pid=1907, uid=10088) requires android.permission.ACCESS_FINE_LOCATION due to sender android (uid 1000)
11-21 15:02:01.662 W/ContextImpl( 1186): Calling a method in the system process without a qualified user: android.app.ContextImpl.sendBroadcastMultiplePermissions:1143 android.content.Context.sendBroadcastWithMultiplePermissions:2150 com.android.server.wifi.p2p.WifiP2pServiceImpl$P2pStateMachine.sendBroadcastMultiplePermissions:3209 com.android.server.wifi.p2p.WifiP2pServiceImpl$P2pStateMachine.sendThisDeviceChangedBroadcast:3218 com.android.server.wifi.p2p.WifiP2pServiceImpl$P2pStateMachine.updateThisDevice:3962 
11-21 15:02:01.705 W/wificond(  911): Scan is not started. Ignore abort request
11-21 15:02:02.198 D/ConnectivityService( 1186): registerNetworkAgent NetworkAgentInfo{ ni{[type: WIFI[], state: UNKNOWN/IDLE, reason: (unspecified), extra: , failover: false, available: true, roaming: false]}  network{208}  nethandle{896758894605}  lp{{InterfaceName: wlan0 LinkAddresses: [ ] DnsAddresses: [ ] Domains: null MTU: 0 Routes: [ ]}}  nc{[ Transports: WIFI Capabilities: NOT_METERED&INTERNET&NOT_RESTRICTED&TRUSTED&NOT_VPN&NOT_ROAMING&FOREGROUND&NOT_CONGESTED&NOT_SUSPENDED LinkUpBandwidth>=72000Kbps LinkDnBandwidth>=72000Kbps OwnerUid: 1000 SSID: "MTBF_Lab" RequestorUid: -1 RequestorPackageName: null]}  Score{20}  everValidated{false}  lastValidated{false}  created{false} lingering{false} explicitlySelected{false} acceptUnvalidated{false} everCaptivePortalDetected{false} lastCaptivePortalDetected{false} partialConnectivity{false} acceptPartialConnectivity{false} clat{mBaseIface: null, mIface: null, mState: IDLE} }
11-21 15:02:02.276 D/ConnectivityService( 1186): [208 WIFI] EVENT_NETWORK_INFO_CHANGED, going from UNKNOWN to UNKNOWN
11-21 15:02:02.444 D/ConnectivityService( 1186): NetReassign [no changes]
11-21 15:02:02.473 I/Nat464Xlat( 1186): Android Xlat is disabled
11-21 15:02:02.474 I/Nat464Xlat( 1186): Android Xlat is disabled
11-21 15:02:02.617 E/ConnectivityService( 1186): Exception in networkAddRouteParcel for non-gateway: android.os.ServiceSpecificException: Machine is not on the network (code 64)
11-21 15:02:02.618 E/ConnectivityService( 1186): Exception in networkAddRouteParcel for gateway: android.os.ServiceSpecificException: Machine is not on the network (code 64)
11-21 15:02:02.618 I/Nat464Xlat( 1186): Android Xlat is disabled
11-21 15:02:02.618 I/Nat464Xlat( 1186): Android Xlat is disabled
11-21 15:02:02.753 D/ConnectivityService( 1186): Setting DNS servers for network 208 to [/192.168.1.1]
11-21 15:02:02.783 I/Nat464Xlat( 1186): Android Xlat is disabled
11-21 15:02:02.783 I/Nat464Xlat( 1186): Android Xlat is disabled
11-21 15:02:02.859 D/ConnectivityService( 1186): [208 WIFI] EVENT_NETWORK_INFO_CHANGED, going from UNKNOWN to CONNECTED
11-21 15:02:02.878 D/DnsManager( 1186): sendDnsConfigurationForNetwork(208, [192.168.1.1], [], 1800, 25, 8, 64, 0, 0, , [])
11-21 15:02:02.888 W/DnsManager( 1186): updatePrivateDns(208, PrivateDnsConfig{true:/[]})
11-21 15:02:02.888 D/ConnectivityService( 1186): Setting DNS servers for network 208 to [/192.168.1.1]
11-21 15:02:02.889 D/DnsManager( 1186): sendDnsConfigurationForNetwork(208, [192.168.1.1], [], 1800, 25, 8, 64, 0, 0, , [192.168.1.1])
11-21 15:02:02.890 D/ConnectivityService( 1186): Adding iface wlan0 to network 208
11-21 15:02:02.934 D/ConnectivityService( 1186): Setting DNS servers for network 208 to [/192.168.1.1]
11-21 15:02:02.934 D/DnsManager( 1186): sendDnsConfigurationForNetwork(208, [192.168.1.1], [], 1800, 25, 8, 64, 0, 0, , [192.168.1.1])
11-21 15:02:02.939 I/Nat464Xlat( 1186): Android Xlat is disabled
11-21 15:02:02.939 I/Nat464Xlat( 1186): Android Xlat is disabled
11-21 15:02:03.018 D/ConnectivityService( 1186): NetReassign [no changes]
11-21 15:02:03.334 D/ConnectivityService( 1186): [208 WIFI] validation passed
11-21 15:02:03.334 D/ConnectivityService( 1186): NetReassign [44 : 101 → 208, 11 : 101 → 208, 63 : 101 → 208, 2885 : 101 → 208, 2235 : 101 → 208, 2877 : 101 → 208, 17 : 101 → 208, 25 : 101 → 208, 1438 : 101 → 208, 1 : 101 → 208, 2887 : 101 → 208, 8 : 101 → 208, 12 : 101 → 208, 14 : 101 → 208, 16 : 101 → 208, 22 : 101 → 208]
11-21 15:02:03.341 E/NetlinkEvent(  462): NetlinkEvent::FindParam(): Parameter 'INTERFACE' not found
11-21 15:02:03.341 E/NetlinkEvent(  462): NetlinkEvent::FindParam(): Parameter 'STATE' not found
11-21 15:02:03.341 E/NetlinkEvent(  462): NetlinkEvent::FindParam(): Parameter 'TIME_NS' not found
11-21 15:02:03.341 E/NetlinkEvent(  462): NetlinkEvent::FindParam(): Parameter 'UID' not found
11-21 15:02:03.352 D/ConnectivityService( 1186): Switching to new default network: NetworkAgentInfo{ ni{[type: WIFI[], state: CONNECTED/CONNECTED, reason: (unspecified), extra: , failover: false, available: true, roaming: false]}  network{208}  nethandle{896758894605}  lp{{InterfaceName: wlan0 LinkAddresses: [ 192.168.1.41/24 ] DnsAddresses: [ /192.168.1.1 ] Domains: null MTU: 0 ServerAddress: /192.168.1.1 TcpBufferSizes: 524288,1048576,2097152,262144,524288,1048576 Routes: [ fe80::/64 -> :: wlan0 mtu 0,192.168.1.0/24 -> 0.0.0.0 wlan0 mtu 0,0.0.0.0/0 -> 192.168.1.1 wlan0 mtu 0 ]}}  nc{[ Transports: WIFI Capabilities: NOT_METERED&INTERNET&NOT_RESTRICTED&TRUSTED&NOT_VPN&VALIDATED&NOT_ROAMING&FOREGROUND&NOT_CONGESTED&NOT_SUSPENDED LinkUpBandwidth>=61000Kbps LinkDnBandwidth>=61000Kbps SignalStrength: -34 OwnerUid: 1000 SSID: "MTBF_Lab" RequestorUid: -1 RequestorPackageName: null]}  Score{60}  everValidated{true}  lastValidated{true}  created{true} lingering{false} explicitlySelected{false} acceptUnvalidated{false} everCaptivePortalDetected{false} lastCaptivePortalDetected{false} partialConnectivity{false} acceptPartialConnectivity{false} clat{mBaseIface: null, mIface: null, mState: IDLE} }
11-21 15:02:03.454 W/SimpleTimeDetectorStrategy( 1186): Existing suggestion found to be invalid  elapsedRealtimeMillis=170011179, timeSuggestion=TelephonyTimeSuggestion{mSlotIndex='0', mUtcTime=TimestampedValue{mReferenceTimeMillis=57092, mValue=1637365770000}, mDebugInfo=[Sending new time suggestion nitzSignal=TimestampedValue{mReferenceTimeMillis=57092, mValue=NitzData{mOriginalString=21/11/19,23:49:30-32,00, mZoneOffset=-28800000, mDstOffset=0, mCurrentTimeMillis=1637365770000, mEmulatorHostTimeZone=null}}, reason=handleNitzReceived(TimestampedValue{mReferenceTimeMillis=57092, mValue=NitzData{mOriginalString=21/11/19,23:49:30-32,00, mZoneOffset=-28800000, mDstOffset=0, mCurrentTimeMillis=1637365770000, mEmulatorHostTimeZone=null}})]}
11-21 15:02:03.506 D/ConnectivityService( 1186): Lingering [101 CELLULAR] for 30000ms
11-21 15:02:03.509 D/ConnectivityService( 1186): Sending DISCONNECTED broadcast for type 0 [101 CELLULAR] isDefaultNetwork=true
11-21 15:02:03.511 D/ConnectivityService( 1186): Sending CONNECTED broadcast for type 1 [208 WIFI] isDefaultNetwork=true
11-21 15:02:03.563 D/ConnectivityService( 1186): Setting DNS servers for network 208 to [/192.168.1.1]
11-21 15:02:03.564 D/DnsManager( 1186): sendDnsConfigurationForNetwork(208, [192.168.1.1], [], 1800, 25, 8, 64, 0, 0, , [192.168.1.1])
11-21 15:02:03.607 D/commandrouter( 1006): rtc_sync (1, rtc:sync): <ServiceRequest> FORWARDED (remote -> local) service client ID = 0, token ID = 49763
11-21 15:02:03.608 D/commandrouter( 1006): SocServiceHandle::onServiceMessage, SoC Service = rtc_sync, appType = 1, type = SVC_RESP, clientId = 0, token = 49763, payloadLen = 8, result = 0, payload.size() = 8
11-21 15:02:04.049 I/Nat464Xlat( 1186): Android Xlat is disabled
11-21 15:02:04.049 I/Nat464Xlat( 1186): Android Xlat is disabled
11-21 15:02:13.605 D/commandrouter( 1006): rtc_sync (1, rtc:sync): <ServiceRequest> FORWARDED (remote -> local) service client ID = 0, token ID = 49764
11-21 15:02:13.606 D/commandrouter( 1006): SocServiceHandle::onServiceMessage, SoC Service = rtc_sync, appType = 1, type = SVC_RESP, clientId = 0, token = 49764, payloadLen = 8, result = 0, payload.size() = 8
11-21 15:02:21.053 D/commandrouter( 1006): SocServiceHandle::onServiceMessage, SoC Service = mcu_healthcheck_934, appType = 1, type = SVC_REQ, clientId = 0, token = 2832, payloadLen = 20, result = 0, payload.size() = 20
11-21 15:02:21.056 D/commandrouter( 1006): mcu_healthcheck_934 (1, merlot:mcu_health:control): <ServiceResponse> FORWARDED (remote -> local) CR token ID = 2832, service client ID = 5, token ID = 10832, result = 0
11-21 15:02:21.802 D/AutofillManagerService( 1186): onBackKeyPressed()
11-21 15:02:22.346 I/chatty  ( 1186): uid=1000(system) android.ui identical 1 line
11-21 15:02:22.871 D/AutofillManagerService( 1186): onBackKeyPressed()
11-21 15:02:23.581 D/commandrouter( 1006): rtc_sync (1, rtc:sync): <ServiceRequest> FORWARDED (remote -> local) service client ID = 0, token ID = 49765
11-21 15:02:23.582 D/commandrouter( 1006): SocServiceHandle::onServiceMessage, SoC Service = rtc_sync, appType = 1, type = SVC_RESP, clientId = 0, token = 49765, payloadLen = 8, result = 0, payload.size() = 8
11-21 15:02:24.626 D/AutofillManagerService( 1186): onBackKeyPressed()
11-21 15:02:25.191 W/ActivityManager( 1186): Invalid packageName: com.facebook.wearable.system.settings/com.facebook.wearable.system.settings.SettingsActivity
11-21 15:02:25.318 I/ActivityTaskManager( 1186): START u0 {flg=0x10000000 cmp=com.facebook.wearable.system.settings/.SettingsActivity} from uid 0
11-21 15:02:25.336 I/ActivityTaskManager( 1186): The Process com.facebook.wearable.system.settings Already Exists in BG. So sending its PID: 4763
11-21 15:02:25.336 W/ActivityTaskManager( 1186): Tried to set launchTime (0) < mLastActivityLaunchTime (170002035)
--------- beginning of main
11-21 15:02:26.510 E/ANDR-PERF-RESOURCEQS(  552): Failed to reset optimization [3, 22]
11-21 15:02:26.553 W/StatusBarClientConnection( 4763): Messenger is null, ignoring message: { when=-1d23h13m54s279ms barrier=1 }
11-21 15:02:26.570 W/HWComposer(  598): Ignoring duplicate VSYNC event from HWC for display 0 (t=170034295725552)
11-21 15:02:26.584 E/StatusBarClientConnection( 4763): Service connected
11-21 15:02:26.605 W/View    ( 4763): requestLayout() improperly called by android.view.View{da62741 V.ED..... ......I. 0,368-474,474} during layout: running second layout pass
11-21 15:02:26.622 D/CompatibilityInfo( 1186): mCompatibilityFlags - 4
11-21 15:02:26.622 D/CompatibilityInfo( 1186): applicationDensity - 320
11-21 15:02:26.622 D/CompatibilityInfo( 1186): applicationScale - 1.0
11-21 15:02:26.624 W/View    ( 4763): requestLayout() improperly called by com.facebook.wearable.common.wds.listview.WdsListView{39e4d3f V.E..V... ........ 0,0-474,474} during second layout pass: posting in next frame
11-21 15:02:26.802 D/CompatibilityInfo( 1186): mCompatibilityFlags - 4
11-21 15:02:26.803 D/CompatibilityInfo( 1186): applicationDensity - 320
11-21 15:02:26.803 D/CompatibilityInfo( 1186): applicationScale - 1.0
11-21 15:02:26.960 D/CompatibilityInfo( 1186): mCompatibilityFlags - 4
11-21 15:02:26.960 D/CompatibilityInfo( 1186): applicationDensity - 320
11-21 15:02:26.960 D/CompatibilityInfo( 1186): applicationScale - 1.0
11-21 15:02:27.138 D/CompatibilityInfo( 1186): mCompatibilityFlags - 4
11-21 15:02:27.138 D/CompatibilityInfo( 1186): applicationDensity - 320
11-21 15:02:27.138 D/CompatibilityInfo( 1186): applicationScale - 1.0
11-21 15:02:27.310 D/CompatibilityInfo( 1186): mCompatibilityFlags - 4
11-21 15:02:27.310 D/CompatibilityInfo( 1186): applicationDensity - 320
11-21 15:02:27.310 D/CompatibilityInfo( 1186): applicationScale - 1.0
11-21 15:02:27.327 E/ANDR-PERF-OPTSHANDLER(  552): perf_lock_rel: failed for /proc/sys/vm/swap_ratio as previous value is not stored
11-21 15:02:27.327 E/ANDR-PERF-OPTSHANDLER(  552): perf_lock_rel: failed for /sys/class/kgsl/kgsl-3d0/min_pwrlevel as previous value is not stored
11-21 15:02:27.329 E/ANDR-PERF-RESOURCEQS(  552): Failed to reset optimization [3, 0]
11-21 15:02:27.355 I/chatty  ( 2334): uid=10062(com.facebook.wearable.system.selfcare) DefaultDispatch expire 38 lines
11-21 15:02:27.356 I/chatty  ( 2334): uid=10062(com.facebook.wearable.system.selfcare) MainTP_1643 expire 3 lines
11-21 15:02:27.387 I/chatty  ( 2334): uid=10062(com.facebook.wearable.system.selfcare) pool-3-thread-1 expire 14 lines
11-21 15:02:27.466 D/CompatibilityInfo( 1186): mCompatibilityFlags - 4
11-21 15:02:27.466 D/CompatibilityInfo( 1186): applicationDensity - 320
11-21 15:02:27.466 D/CompatibilityInfo( 1186): applicationScale - 1.0
11-21 15:02:27.516 I/chatty  ( 2334): uid=10062(com.facebook.wearable.system.selfcare) MainTP_1647 expire 3 lines
11-21 15:02:27.555 E/TaskPersister( 1186): File error accessing recents directory (directory doesn't exist?).
11-21 15:02:27.635 D/CompatibilityInfo( 1186): mCompatibilityFlags - 4
11-21 15:02:27.635 D/CompatibilityInfo( 1186): applicationDensity - 320
11-21 15:02:27.635 D/CompatibilityInfo( 1186): applicationScale - 1.0
11-21 15:02:27.685 I/chatty  ( 2334): uid=10062(com.facebook.wearable.system.selfcare) MainTP_1650 expire 3 lines
11-21 15:02:27.797 D/CompatibilityInfo( 1186): mCompatibilityFlags - 4
11-21 15:02:27.798 D/CompatibilityInfo( 1186): applicationDensity - 320
11-21 15:02:27.798 D/CompatibilityInfo( 1186): applicationScale - 1.0
11-21 15:02:27.850 I/chatty  ( 2334): uid=10062(com.facebook.wearable.system.selfcare) MainTP_1646 expire 2 lines
11-21 15:02:27.968 D/CompatibilityInfo( 1186): mCompatibilityFlags - 4
11-21 15:02:27.968 D/CompatibilityInfo( 1186): applicationDensity - 320
11-21 15:02:27.968 D/CompatibilityInfo( 1186): applicationScale - 1.0
11-21 15:02:28.015 I/chatty  ( 2334): uid=10062(com.facebook.wearable.system.selfcare) MainTP_1642 expire 2 lines
11-21 15:02:28.117 D/CompatibilityInfo( 1186): mCompatibilityFlags - 4
11-21 15:02:28.117 D/CompatibilityInfo( 1186): applicationDensity - 320
11-21 15:02:28.117 D/CompatibilityInfo( 1186): applicationScale - 1.0
11-21 15:02:28.165 I/chatty  ( 2334): uid=10062(com.facebook.wearable.system.selfcare) MainTP_1648 expire 2 lines
11-21 15:02:28.258 D/CompatibilityInfo( 1186): mCompatibilityFlags - 4
11-21 15:02:28.258 D/CompatibilityInfo( 1186): applicationDensity - 320
11-21 15:02:28.258 D/CompatibilityInfo( 1186): applicationScale - 1.0
11-21 15:02:28.302 I/chatty  ( 2334): uid=10062(com.facebook.wearable.system.selfcare) MainTP_1649 expire 2 lines
11-21 15:02:28.411 D/CompatibilityInfo( 1186): mCompatibilityFlags - 4
11-21 15:02:28.411 D/CompatibilityInfo( 1186): applicationDensity - 320
11-21 15:02:28.411 D/CompatibilityInfo( 1186): applicationScale - 1.0
11-21 15:02:28.471 I/chatty  ( 2334): uid=10062(com.facebook.wearable.system.selfcare) MainTP_1644 expire 2 lines
11-21 15:02:28.573 D/CompatibilityInfo( 1186): mCompatibilityFlags - 4
11-21 15:02:28.573 D/CompatibilityInfo( 1186): applicationDensity - 320
11-21 15:02:28.573 D/CompatibilityInfo( 1186): applicationScale - 1.0
11-21 15:02:28.746 D/CompatibilityInfo( 1186): mCompatibilityFlags - 4
11-21 15:02:28.746 D/CompatibilityInfo( 1186): applicationDensity - 320
11-21 15:02:28.746 D/CompatibilityInfo( 1186): applicationScale - 1.0
11-21 15:02:28.902 D/CompatibilityInfo( 1186): mCompatibilityFlags - 4
11-21 15:02:28.902 D/CompatibilityInfo( 1186): applicationDensity - 320
11-21 15:02:28.903 D/CompatibilityInfo( 1186): applicationScale - 1.0
11-21 15:02:28.991 I/chatty  ( 2334): uid=10062(com.facebook.wearable.system.selfcare) pool-3-thread-3 expire 1 line
11-21 15:02:29.065 D/CompatibilityInfo( 1186): mCompatibilityFlags - 4
11-21 15:02:29.065 D/CompatibilityInfo( 1186): applicationDensity - 320
11-21 15:02:29.065 D/CompatibilityInfo( 1186): applicationScale - 1.0
11-21 15:02:29.156 I/chatty  ( 2334): uid=10062(com.facebook.wearable.system.selfcare) pool-3-thread-2 expire 4 lines
11-21 15:02:29.232 D/CompatibilityInfo( 1186): mCompatibilityFlags - 4
11-21 15:02:29.232 D/CompatibilityInfo( 1186): applicationDensity - 320
11-21 15:02:29.232 D/CompatibilityInfo( 1186): applicationScale - 1.0
11-21 15:02:29.390 D/CompatibilityInfo( 1186): mCompatibilityFlags - 4
11-21 15:02:29.390 D/CompatibilityInfo( 1186): applicationDensity - 320
11-21 15:02:29.390 D/CompatibilityInfo( 1186): applicationScale - 1.0
11-21 15:02:29.555 D/CompatibilityInfo( 1186): mCompatibilityFlags - 4
11-21 15:02:29.556 D/CompatibilityInfo( 1186): applicationDensity - 320
11-21 15:02:29.556 D/CompatibilityInfo( 1186): applicationScale - 1.0
11-21 15:02:29.579 D/UIAutomatorStub(28121): URI: /jsonrpc/0, Method: POST, Header: {content-length=183, remote-addr=127.0.0.1, http-client-ip=127.0.0.1, host=localhost:9012, content-type=application/json, accept-encoding=identity}, params, {NanoHttpd.QUERY_STRING=null}, files: {postData={"jsonrpc": "2.0", "method": "waitForExists", "id": "81fb2dd66ff6ee5a2b0b2e26de856f48", "params": [{"mask": 1, "childOrSibling": [], "childOrSiblingSelector": [], "text": "WiFi"}, 5]}}
11-21 15:02:29.612 D/UIAutomatorStub(28121): URI: /jsonrpc/0, Method: POST, Header: {content-length=172, remote-addr=127.0.0.1, http-client-ip=127.0.0.1, host=localhost:9012, content-type=application/json, accept-encoding=identity}, params, {NanoHttpd.QUERY_STRING=null}, files: {postData={"jsonrpc": "2.0", "method": "click", "id": "0e4ebaef759ce714237ec1364a9e9a37", "params": [{"mask": 1, "childOrSibling": [], "childOrSiblingSelector": [], "text": "WiFi"}]}}
11-21 15:02:29.677 W/HWComposer(  598): Ignoring duplicate VSYNC event from HWC for display 0 (t=170037402729665)
11-21 15:02:29.711 W/HWComposer(  598): Ignoring duplicate VSYNC event from HWC for display 0 (t=170037436499978)
11-21 15:02:29.711 W/StatusBarClientConnection( 4763): Messenger is null, ignoring message: { when=-1d23h13m57s437ms barrier=1 }
11-21 15:02:29.738 D/CompatibilityInfo( 1186): mCompatibilityFlags - 4
11-21 15:02:29.738 D/CompatibilityInfo( 1186): applicationDensity - 320
11-21 15:02:29.738 D/CompatibilityInfo( 1186): applicationScale - 1.0
11-21 15:02:29.758 D/CompatibilityInfo( 1186): mCompatibilityFlags - 4
11-21 15:02:29.758 D/CompatibilityInfo( 1186): applicationDensity - 320
11-21 15:02:29.758 D/CompatibilityInfo( 1186): applicationScale - 1.0
11-21 15:02:29.767 E/StatusBarClientConnection( 4763): Service connected
11-21 15:02:29.773 D/WifiConnector( 2870): Network State Changed
11-21 15:02:29.792 W/View    ( 4763): requestLayout() improperly called by android.view.View{d605030 V.ED..... ......I. 0,368-474,474} during layout: running second layout pass
11-21 15:02:29.808 D/WifiSharingService( 2870): Starting Wi-Fi scan
11-21 15:02:29.809 I/WifiService( 1186): startScan uid=1000
11-21 15:02:29.813 W/View    ( 4763): requestLayout() improperly called by com.facebook.wearable.common.wds.listview.WdsListView{e443b64 V.E..V... ........ 0,0-474,474} during second layout pass: posting in next frame
11-21 15:02:29.819 D/WifiNative( 1186): Scan trigered from WifiNative
11-21 15:02:29.822 I/chatty  ( 1026): uid=1021(gps) lowi-server expire 63 lines
11-21 15:02:29.823 V/WifiHAL (  544): event received NL80211_CMD_TRIGGER_SCAN
11-21 15:02:29.890 D/CompatibilityInfo( 1186): mCompatibilityFlags - 4
11-21 15:02:29.890 D/CompatibilityInfo( 1186): applicationDensity - 320
11-21 15:02:29.891 D/CompatibilityInfo( 1186): applicationScale - 1.0
11-21 15:02:30.061 D/CompatibilityInfo( 1186): mCompatibilityFlags - 4
11-21 15:02:30.061 D/CompatibilityInfo( 1186): applicationDensity - 320
11-21 15:02:30.062 D/CompatibilityInfo( 1186): applicationScale - 1.0
11-21 15:02:30.222 D/CompatibilityInfo( 1186): mCompatibilityFlags - 4
11-21 15:02:30.222 D/CompatibilityInfo( 1186): applicationDensity - 320
11-21 15:02:30.222 D/CompatibilityInfo( 1186): applicationScale - 1.0
11-21 15:02:30.308 D/mcu_health_checker( 1029): Sent MCU Health Request
11-21 15:02:30.309 D/commandrouter( 1006): SocServiceHandle::onServiceMessage, SoC Service = mcu_healthcheck_1029, appType = 1, type = SVC_REQ, clientId = 0, token = 5665, payloadLen = 12, result = 0, payload.size() = 12
11-21 15:02:30.312 D/commandrouter( 1006): mcu_healthcheck_1029 (1, merlot:mcu_health:control): <ServiceResponse> FORWARDED (remote -> local) CR token ID = 5665, service client ID = 40, token ID = 10833, result = 0
11-21 15:02:30.312 D/mcu_health_checker( 1029): MCU Health Response: MCU_OK
11-21 15:02:30.312 D/mcu_health_checker( 1029): MCU Session 0, uptime = 169989398 ms
11-21 15:02:30.312 D/mculinkhealth( 1029): isMcuReachable 1 (3 ms)
11-21 15:02:30.334 V/WifiHAL (  544): event received NL80211_CMD_NEW_SCAN_RESULTS
11-21 15:02:30.334 D/WifiNl80211Manager( 1186): Scan result ready event
11-21 15:02:30.335 D/WifiNative( 1186): Scan result ready event
11-21 15:02:30.338 D/LOWI-9.0.0.80( 1026): [LOWI-Scan] BSS 2c:57:41:86:94:a1 LOWI_PHY_MODE_11NG_HT20(5), Beacon Interval: 100, LOWI_ENCRYPTION_TYPE_WPA_PSK 11mcRanging: No, ANQP: No, LCI: No, Civic: No, capability(0x1411): ESS Privacy ShortSlotTime
11-21 15:02:30.338 D/LOWI-9.0.0.80( 1026): [LOWI-Scan] BSS 2c:57:41:86:94:a1 FREQ: 2462, cFreq1[40:80:160] = [0:0:0] cFreq2 = 0 Country Code = US
11-21 15:02:30.338 D/LOWI-9.0.0.80( 1026): [LOWI-Scan] BSS 2c:57:41:86:94:a1 (wlan0) ASSO: NO AddInfo: 0x0, TSF 1, 23:13:58.059, RSSI: -146, CPL: 2, AGE: 10,  SSID kittyhawk, TSFDelta: 0x0, TXRate: 0
11-21 15:02:30.338 D/LOWI-9.0.0.80( 1026): [LOWI-Scan] 
11-21 15:02:30.338 D/LOWI-9.0.0.80( 1026): [LOWI-Scan] print_bss_handler: Report beacon TSF 170038059618 as it greater than probe TSF 170009023184
11-21 15:02:30.339 I/LOWI-9.0.0.80( 1026): [LOWI-Scan] RSN_IE
11-21 15:02:30.339 D/LOWI-9.0.0.80( 1026): [LOWI-Scan] decode_rsn_wpa_ie: Entered
11-21 15:02:30.339 D/LOWI-9.0.0.80( 1026): [LOWIUtils] hexDump: msg(30 14 01 00 00 0f ac 04 01 00 00 0f ac 04 01 00 00 0f ac 02 )
