11-21 00:42:58.315 D/WirelessInsightServiceImpl( 1984): onSignalStrengthsChanged: SignalStrength = SignalStrength:{mCdma=CellSignalStrengthCdma: cdmaDbm=2147483647 cdmaEcio=2147483647 evdoDbm=2147483647 evdoEcio=2147483647 evdoSnr=2147483647 level=0,mGsm=CellSignalStrengthGsm: rssi=2147483647 ber=2147483647 mTa=2147483647 mLevel=0,mWcdma=CellSignalStrengthWcdma: ss=2147483647 ber=2147483647 rscp=2147483647 ecno=2147483647 level=0,mTdscdma=CellSignalStrengthTdscdma: rssi=2147483647 ber=2147483647 rscp=2147483647 level=0,mLte=CellSignalStrengthLte: rssi=-79 rsrp=-111 rsrq=-15 rssnr=12 cqi=2147483647 ta=2147483647 level=2 parametersUseForLevel=0,mNr=CellSignalStrengthNr:{ csiRsrp = 2147483647 csiRsrq = 2147483647 csiSinr = 2147483647 ssRsrp = 2147483647 ssRsrq = 2147483647 ssSinr = 2147483647 level = 0 parametersUseForLevel = 0 },primary=CellSignalStrengthLte}
11-21 00:42:58.315 D/WirelessInsightServiceImpl( 1984): Score: 2
11-21 00:42:58.315 D/WirelessInsightServiceImpl( 1984): notifyListeners: listeners = 0, score = 2
11-21 00:42:59.518 D/QCNEJ/WlanStaInfoRelay( 1907): Received action: android.net.wifi.RSSI_CHANGED
11-21 00:42:59.520 D/WearableConnectivityManager(11143): onWifiStrengthChange: -33
11-21 00:42:59.525 V/LigerRadioStatsReporter( 2357): onCapabilitiesChanged: Network capabilities changed
11-21 00:42:59.525 V/LigerRadioStatsReporter( 2357): reportAndCheckpointRadioStats
11-21 00:42:59.527 V/LigerRadioStatsReporter( 2357): +++++++++++ RADIO STATS DUMP +++++++++++
11-21 00:42:59.527 V/LigerRadioStatsReporter( 2357): totalActiveRadioTimeMs=0
11-21 00:42:59.527 V/LigerRadioStatsReporter( 2357): totalTailRadioTimeMs=13994
11-21 00:42:59.527 V/LigerRadioStatsReporter( 2357): totalWakeupCount=0
11-21 00:42:59.527 V/LigerRadioStatsReporter( 2357): httpUpBytes=0
11-21 00:42:59.528 V/LigerRadioStatsReporter( 2357): httpDownBytes=0
11-21 00:42:59.528 V/LigerRadioStatsReporter( 2357): httpWakeupCount=0
11-21 00:42:59.528 V/LigerRadioStatsReporter( 2357): httpRequestCount=0
11-21 00:42:59.528 V/LigerRadioStatsReporter( 2357): httpActiveRadioTimeMs=0
11-21 00:42:59.528 V/LigerRadioStatsReporter( 2357): httpTailRadioTimeMs=13994
11-21 00:42:59.528 V/LigerRadioStatsReporter( 2357): reportAndCheckpointRadioStats: Tx=0
11-21 00:42:59.528 V/LigerRadioStatsReporter( 2357): reportAndCheckpointRadioStats: Rx=0
11-21 00:42:59.528 V/LigerRadioStatsReporter( 2357): reportAndCheckpointRadioStats: Uids=10027
11-21 00:42:59.528 V/LigerRadioStatsReporter( 2357): reportAndCheckpointRadioStats: Tags=null
11-21 00:43:00.004 D/KeyguardUpdateMonitor( 1762): received broadcast android.intent.action.TIME_TICK
11-21 00:43:00.005 D/KeyguardUpdateMonitor( 1762): handleTimeUpdate
11-21 00:43:01.510 E/QMI_FW  ( 1042): qmi_cci_get_ref: ref count increased 2
11-21 00:43:01.512 E/QMI_FW  ( 1042): qmi_cci_get_ref: ref count increased 2
11-21 00:43:01.525 I/WearableConnectivityManager(11143): LTE Signal strength is: 2
11-21 00:43:01.525 I/WearableConnectivityManager(11143): Cellular Signal strength is: 2
11-21 00:43:01.525 D/RadioLinkQualityScoreBuilder( 1984): scoreRsrp: 3scoreRsrq: 3scoreRssnr: 4
11-21 00:43:01.525 D/WirelessInsightServiceImpl( 1984): onSignalStrengthsChanged: SignalStrength = SignalStrength:{mCdma=CellSignalStrengthCdma: cdmaDbm=2147483647 cdmaEcio=2147483647 evdoDbm=2147483647 evdoEcio=2147483647 evdoSnr=2147483647 level=0,mGsm=CellSignalStrengthGsm: rssi=2147483647 ber=2147483647 mTa=2147483647 mLevel=0,mWcdma=CellSignalStrengthWcdma: ss=2147483647 ber=2147483647 rscp=2147483647 ecno=2147483647 level=0,mTdscdma=CellSignalStrengthTdscdma: rssi=2147483647 ber=2147483647 rscp=2147483647 level=0,mLte=CellSignalStrengthLte: rssi=-77 rsrp=-111 rsrq=-13 rssnr=11 cqi=2147483647 ta=2147483647 level=2 parametersUseForLevel=0,mNr=CellSignalStrengthNr:{ csiRsrp = 2147483647 csiRsrq = 2147483647 csiSinr = 2147483647 ssRsrp = 2147483647 ssRsrq = 2147483647 ssSinr = 2147483647 level = 0 parametersUseForLevel = 0 },primary=CellSignalStrengthLte}
11-21 00:43:01.526 D/WirelessInsightServiceImpl( 1984): Score: 3
11-21 00:43:01.526 D/WirelessInsightServiceImpl( 1984): notifyListeners: listeners = 0, score = 3
11-21 00:43:03.186 E/QMI_FW  ( 1042): qmi_cci_get_ref: ref count increased 2
11-21 00:43:03.186 E/QMI_FW  ( 1042): qmi_cci_get_ref: ref count increased 2
11-21 00:43:03.187 E/QMI_FW  ( 1042): qmi_cci_get_ref: ref count increased 2
11-21 00:42:57.638 I/Nat464Xlat( 1186): Android Xlat is disabled
11-21 00:43:07.636 D/commandrouter( 1006): rtc_sync (1, rtc:sync): <ServiceRequest> FORWARDED (remote -> local) service client ID = 0, token ID = 44610
11-21 00:43:07.636 D/vendor.facebook.rtc_sync@1.0-service( 1145): Request req_ts=1637455387622432839 resp_ts=1637455387636838043
11-21 00:43:07.637 D/commandrouter( 1006): SocServiceHandle::onServiceMessage, SoC Service = rtc_sync, appType = 1, type = SVC_RESP, clientId = 0, token = 44610, payloadLen = 8, result = 0, payload.size() = 8
11-21 00:43:13.836 D/WifiNative( 1186): Scan trigered from WifiNative
11-21 00:43:13.837 D/CompatibilityInfo( 1186): mCompatibilityFlags - 4
11-21 00:43:13.837 D/CompatibilityInfo( 1186): applicationDensity - 320
11-21 00:43:13.837 D/CompatibilityInfo( 1186): applicationScale - 1.0
11-21 00:43:13.838 I/chatty  ( 1026): uid=1021(gps) lowi-server expire 244 lines
11-21 00:43:13.840 V/WifiHAL (  544): event received NL80211_CMD_TRIGGER_SCAN
11-21 00:43:13.954 V/WifiHAL (  544): event received NL80211_CMD_NEW_SCAN_RESULTS
11-21 00:43:13.954 D/WifiNl80211Manager( 1186): Scan result ready event
11-21 00:43:13.955 D/WifiNative( 1186): Scan result ready event
11-21 00:43:13.968 D/WificondScannerImpl( 1186): Filtering out 20 scan results.
11-21 00:43:13.974 I/chatty  ( 1026): uid=1021(gps) lowi-server expire 7 lines
11-21 00:43:15.254 D/UIAutomatorStub( 6483): URI: /jsonrpc/0, Method: POST, Header: {content-length=102, remote-addr=127.0.0.1, http-client-ip=127.0.0.1, host=localhost:9012, content-type=application/json, accept-encoding=identity}, params, {NanoHttpd.QUERY_STRING=null}, files: {postData={"jsonrpc": "2.0", "method": "pressKey", "id": "8d3795825a129f79bdd2e75c62d6efb0", "params": ["back"]}}
11-21 00:43:15.272 D/AutofillManagerService( 1186): onBackKeyPressed()
11-21 00:43:15.309 D/UIAutomatorStub( 6483): URI: /jsonrpc/0, Method: POST, Header: {content-length=102, remote-addr=127.0.0.1, http-client-ip=127.0.0.1, host=localhost:9012, content-type=application/json, accept-encoding=identity}, params, {NanoHttpd.QUERY_STRING=null}, files: {postData={"jsonrpc": "2.0", "method": "pressKey", "id": "8f1041042e11620dc9183a40adcc6e78", "params": ["back"]}}
11-21 00:43:15.435 D/mcu_health_checker( 1029): Sent MCU Health Request
11-21 00:43:15.435 D/commandrouter( 1006): SocServiceHandle::onServiceMessage, SoC Service = mcu_healthcheck_1029, appType = 1, type = SVC_REQ, clientId = 0, token = 3946, payloadLen = 12, result = 0, payload.size() = 12
11-21 00:43:15.438 D/commandrouter( 1006): mcu_healthcheck_1029 (1, merlot:mcu_health:control): <ServiceResponse> FORWARDED (remote -> local) CR token ID = 3946, service client ID = 40, token ID = 45215, result = 0
11-21 00:43:15.439 D/mcu_health_checker( 1029): MCU Health Response: MCU_OK
11-21 00:43:15.439 D/mcu_health_checker( 1029): MCU Session 0, uptime = 118440451 ms
11-21 00:43:15.439 D/mculinkhealth( 1029): isMcuReachable 1 (4 ms)
11-21 00:43:15.802 D/AutofillManagerService( 1186): onBackKeyPressed()
11-21 00:43:15.871 D/UIAutomatorStub( 6483): URI: /jsonrpc/0, Method: POST, Header: {content-length=102, remote-addr=127.0.0.1, http-client-ip=127.0.0.1, host=localhost:9012, content-type=application/json, accept-encoding=identity}, params, {NanoHttpd.QUERY_STRING=null}, files: {postData={"jsonrpc": "2.0", "method": "pressKey", "id": "bace0614c0d9c0c06614124eb4dad21b", "params": ["back"]}}
11-21 00:43:15.968 D/mcu_health_checker(  934): Sent MCU Health Request
11-21 00:43:15.969 D/commandrouter( 1006): SocServiceHandle::onServiceMessage, SoC Service = mcu_healthcheck_934, appType = 1, type = SVC_REQ, clientId = 0, token = 1973, payloadLen = 20, result = 0, payload.size() = 20
11-21 00:43:15.972 D/commandrouter( 1006): mcu_healthcheck_934 (1, merlot:mcu_health:control): <ServiceResponse> FORWARDED (remote -> local) CR token ID = 1973, service client ID = 5, token ID = 45216, result = 0
11-21 00:43:15.972 D/mcu_health_checker(  934): MCU Health Response: MCU_OK
11-21 00:43:15.972 D/mcu_health_checker(  934): MCU Session 0, uptime = 118440985 ms
11-21 00:43:15.972 D/mcu_health_checker(  934): mSensorErrs[0]: 0
11-21 00:43:15.972 D/mcu_health_checker(  934): mSensorErrs[1]: 0
11-21 00:43:15.972 D/mcu_health_checker(  934): mSensorErrs[2]: 0
11-21 00:43:16.328 D/AutofillManagerService( 1186): onBackKeyPressed()
11-21 00:43:16.346 D/ActivityTrigger( 1186): ActivityTrigger activityPauseTrigger 
11-21 00:43:16.374 E/ANDR-PERF-JNI( 1186): UXEngine Trigger - Returning null
11-21 00:43:16.390 D/ComplicationController(11143): Starting complication controller. Face Type: OdysseyWatchFace
11-21 00:43:16.390 D/ComplicationDataManagerImpl(11143): Updating complication data for package: com.facebook.wearable.apps.heart, id: com.facebook.wearable.apps.heart.HEART_RATE
11-21 00:43:16.390 D/ComplicationDataManagerImpl(11143): Updating complication data for package: com.facebook.wearable.apps.weather, id: com.facebook.wearable.apps.weather.SHORTCUT_COMPLICATION
11-21 00:43:16.390 D/ComplicationDataManagerImpl(11143): Updating complication data for package: com.facebook.wearable.apps.workout, id: com.facebook.wearable.apps.workout.SHORTCUT_COMPLICATION
11-21 00:43:16.390 D/ComplicationDataManagerImpl(11143): Updating complication data for package: com.facebook.wearable.apps.gallery, id: com.facebook.wearable.apps.gallery.SHORTCUT_COMPLICATION
11-21 00:43:16.390 D/ComplicationDataManagerImpl(11143): Updating complication data for package: com.facebook.wearable.apps.clock, id: com.facebook.wearable.apps.clock.SHORTCUT_COMPLICATION
11-21 00:43:16.390 D/ComplicationDataManagerImpl(11143): Updating complication data for package: com.facebook.wearable.apps.player, id: com.facebook.wearable.apps.player.SHORTCUT_COMPLICATION
11-21 00:43:16.391 D/ComplicationDataManagerImpl(11143): Updating complication data for package: com.facebook.wearable.apps.calendar, id: com.facebook.wearable.apps.calendar.SHORTCUT_COMPLICATION
11-21 00:43:16.398 E/DayDateSystemComplicationProvider(11143): Updating Day Date System Complication
11-21 00:43:16.398 D/ComplicationDataManagerImpl(11143): Updating complication data for package: com.facebook.wearable.apps.calendar, id: com.facebook.wearable.apps.calendar.DAY_DATE_COMPLICATION
11-21 00:43:16.406 D/ComplicationDataManagerImpl(11143): Fetching complication data for package: com.facebook.wearable.apps.calendar, com.facebook.wearable.apps.calendar.DAY_DATE_COMPLICATION.
11-21 00:43:16.407 D/ComplicationDataManagerImpl(11143): Fetching complication data for package: com.facebook.wearable.apps.player, com.facebook.wearable.apps.player.SHORTCUT_COMPLICATION.
11-21 00:43:16.407 D/ComplicationDataManagerImpl(11143): Fetching complication data for package: com.facebook.wearable.apps.gallery, com.facebook.wearable.apps.gallery.SHORTCUT_COMPLICATION.
11-21 00:43:16.408 D/ComplicationDataManagerImpl(11143): Fetching complication data for package: com.facebook.wearable.apps.heart, com.facebook.wearable.apps.heart.HEART_RATE.
11-21 00:43:16.415 D/LauncherActivity(11143): onResume: Intent { cat=[android.intent.category.HOME] flg=0x10000100 cmp=com.facebook.wearable.system.launcher/.LauncherActivity }
11-21 00:43:16.415 D/LauncherIntentProcessor(11143): processLauncherActivityIntent: Intent { cat=[android.intent.category.HOME] flg=0x10000100 cmp=com.facebook.wearable.system.launcher/.LauncherActivity }
11-21 00:43:16.422 D/TetheredPhoneUtil(11143): Retrieving the tethered phone status
11-21 00:43:16.423 D/TetheredPhoneUtil(11143): Found tethered phone status: false
11-21 00:43:16.436 D/FacebookRepository(11143): Reading from Store [250223709649332]
11-21 00:43:16.463 D/CompatibilityInfo( 1186): mCompatibilityFlags - 4
11-21 00:43:16.464 D/CompatibilityInfo( 1186): applicationDensity - 320
11-21 00:43:16.464 D/CompatibilityInfo( 1186): applicationScale - 1.0
11-21 00:43:16.481 D/UIAutomatorStub( 6483): URI: /jsonrpc/0, Method: POST, Header: {content-length=102, remote-addr=127.0.0.1, http-client-ip=127.0.0.1, host=localhost:9012, content-type=application/json, accept-encoding=identity}, params, {NanoHttpd.QUERY_STRING=null}, files: {postData={"jsonrpc": "2.0", "method": "pressKey", "id": "0007e0b3b8ef438225092951c6e31256", "params": ["back"]}}
11-21 00:43:16.536 D/CompatibilityInfo( 1186): mCompatibilityFlags - 4
11-21 00:43:16.536 D/CompatibilityInfo( 1186): applicationDensity - 320
11-21 00:43:16.537 D/CompatibilityInfo( 1186): applicationScale - 1.0
11-21 00:43:16.715 D/CompatibilityInfo( 1186): mCompatibilityFlags - 4
11-21 00:43:16.715 D/CompatibilityInfo( 1186): applicationDensity - 320
11-21 00:43:16.715 D/CompatibilityInfo( 1186): applicationScale - 1.0
11-21 00:43:16.747 D/CompatibilityInfo( 1186): mCompatibilityFlags - 4
11-21 00:43:16.747 D/CompatibilityInfo( 1186): applicationDensity - 320
11-21 00:43:16.747 D/CompatibilityInfo( 1186): applicationScale - 1.0
11-21 00:43:16.963 E/ANDR-PERF-OPTSHANDLER(  552): perf_lock_rel: failed for /sys/class/kgsl/kgsl-3d0/min_pwrlevel as previous value is not stored
11-21 00:43:16.964 E/ANDR-PERF-RESOURCEQS(  552): Failed to reset optimization [3, 0]
11-21 00:43:17.025 I/vendor.rmt_storage(  621): rmt_storage_connect_cb: clnt_h=0xa1 conn_h=0x9ea89030
11-21 00:43:17.025 I/vendor.rmt_storage(  621): rmt_storage_rw_iovec_cb: /boot/modem_fs1: req_h=0xa1 msg_id=3: R/W request received (wr_count 153)
11-21 00:43:17.025 I/vendor.rmt_storage(  621): wakelock acquired: 1, error no: 11
11-21 00:43:17.025 I/vendor.rmt_storage(  621): rmt_storage_client_thread: /boot/modem_fs1: Unblock worker thread (th_id: -1644879424)
11-21 00:43:17.108 I/vendor.rmt_storage(  621): rmt_storage_client_thread: /boot/modem_fs1: req_h=0xa1 msg_id=3: Bytes written = 1572864, wr_count 153
11-21 00:43:17.108 I/vendor.rmt_storage(  621): rmt_storage_client_thread: /boot/modem_fs1: req_h=0xa1 msg_id=3: Send response: res=0 err=0, wr_count 153
11-21 00:43:17.108 I/vendor.rmt_storage(  621): rmt_storage_client_thread: /boot/modem_fs1: About to block rmt_storage client thread (th_id: -1644879424) wakelock released: 1, error no: 22
11-21 00:43:17.108 I/vendor.rmt_storage(  621): 
11-21 00:43:17.111 I/vendor.rmt_storage(  621): rmt_storage_disconnect_cb: clnt_h=0xa1 conn_h=0x9ea89030
11-21 00:43:17.542 D/LauncherActivity(11143): onKeyUp() called with keycode:4, event: KeyEvent { action=ACTION_UP, keyCode=KEYCODE_BACK, scanCode=0, metaState=0, flags=0x200, repeatCount=0, eventTime=118485248, downTime=118485248, deviceId=-1, source=0x101, displayId=-1 }
11-21 00:43:17.540 D/AutofillManagerService( 1186): onBackKeyPressed()
11-21 00:43:17.643 D/commandrouter( 1006): rtc_sync (1, rtc:sync): <ServiceRequest> FORWARDED (remote -> local) service client ID = 0, token ID = 44611
11-21 00:43:17.643 D/vendor.facebook.rtc_sync@1.0-service( 1145): Request req_ts=1637455397629838043 resp_ts=1637455397643451581
11-21 00:43:17.643 D/commandrouter( 1006): SocServiceHandle::onServiceMessage, SoC Service = rtc_sync, appType = 1, type = SVC_RESP, clientId = 0, token = 44611, payloadLen = 8, result = 0, payload.size() = 8
11-21 00:43:17.646 W/HWComposer(  598): Ignoring duplicate VSYNC event from HWC for display 0 (t=118485371391622)
11-21 00:43:18.178 W/ActivityManager( 1186): Invalid packageName: com.facebook.wearable.system.settings/com.facebook.wearable.system.settings.SettingsActivity
11-21 00:43:18.286 I/ActivityTaskManager( 1186): START u0 {flg=0x10000000 cmp=com.facebook.wearable.system.settings/.SettingsActivity} from uid 0
11-21 00:43:18.298 D/CompatibilityInfo( 1186): mCompatibilityFlags - 4
11-21 00:43:18.298 D/CompatibilityInfo( 1186): applicationDensity - 320
11-21 00:43:18.298 D/CompatibilityInfo( 1186): applicationScale - 1.0
11-21 00:43:18.299 D/ActivityTrigger( 1186): ActivityTrigger activityPauseTrigger 
11-21 00:43:18.303 I/ActivityTaskManager( 1186): The Process com.facebook.wearable.system.settings Already Exists in BG. So sending its PID: 27399
11-21 00:43:18.303 W/ActivityTaskManager( 1186): Tried to set launchTime (0) < mLastActivityLaunchTime (118454983)
11-21 00:43:18.305 D/CompatibilityInfo( 1186): mCompatibilityFlags - 4
11-21 00:43:18.305 D/CompatibilityInfo( 1186): applicationDensity - 320
11-21 00:43:18.305 D/CompatibilityInfo( 1186): applicationScale - 1.0
11-21 00:43:18.328 I/cmd     (10820): oneway function results will be dropped but finished with status OK and parcel size 4
11-21 00:43:18.335 D/LauncherActivity(11143): onPause
11-21 00:43:18.379 D/CompatibilityInfo( 1186): mCompatibilityFlags - 4
11-21 00:43:18.379 D/CompatibilityInfo( 1186): applicationDensity - 320
11-21 00:43:18.379 D/CompatibilityInfo( 1186): applicationScale - 1.0
11-21 00:43:18.385 D/FacebookProvider(25031): Starting SSO Network Fetch for 263529928325379
11-21 00:43:18.385 D/TetheredPhoneUtil(11143): Retrieving the tethered phone status
11-21 00:43:18.387 I/AccountsContentProvider(25031): No Primary Account. Accounts Error [content://com.facebook.wearable.system.accounts.AccountsContentProvider/facebook/263529928325379]
11-21 00:43:18.387 E/DatabaseUtils(25031): Writing exception to parcel
11-21 00:43:18.387 E/DatabaseUtils(25031): java.lang.IllegalStateException: No Primary Account
11-21 00:43:18.387 E/DatabaseUtils(25031): 	at com.facebook.secure.content.AbstractContentProvider.doQuery(:284)
11-21 00:43:18.387 E/DatabaseUtils(25031): 	at com.facebook.secure.content.AbstractContentProvider.query(:8)
11-21 00:43:18.387 E/DatabaseUtils(25031): 	at android.content.ContentProvider.query(ContentProvider.java:1474)
11-21 00:43:18.387 E/DatabaseUtils(25031): 	at android.content.ContentProvider$Transport.query(ContentProvider.java:278)
11-21 00:43:18.387 E/DatabaseUtils(25031): 	at android.content.ContentProviderNative.onTransact(ContentProviderNative.java:106)
11-21 00:43:18.387 E/DatabaseUtils(25031): 	at android.os.Binder.execTransactInternal(Binder.java:1154)
11-21 00:43:18.387 E/DatabaseUtils(25031): 	at android.os.Binder.execTransact(Binder.java:1123)
11-21 00:43:18.389 E/AccountsViewModel(27399): AccountsViewModel.flow failed: No Primary Account
11-21 00:43:18.389 E/AccountsViewModel(27399): java.lang.IllegalStateException: No Primary Account
11-21 00:43:18.389 E/AccountsViewModel(27399): 	at android.os.Parcel.createExceptionOrNull(Parcel.java:2381)
11-21 00:43:18.389 E/AccountsViewModel(27399): 	at android.os.Parcel.createException(Parcel.java:2357)
11-21 00:43:18.389 E/AccountsViewModel(27399): 	at android.os.Parcel.readException(Parcel.java:2340)
11-21 00:43:18.389 E/AccountsViewModel(27399): 	at android.database.DatabaseUtils.readExceptionFromParcel(DatabaseUtils.java:190)
11-21 00:43:18.389 E/AccountsViewModel(27399): 	at android.database.DatabaseUtils.readExceptionFromParcel(DatabaseUtils.java:142)
11-21 00:43:18.389 E/AccountsViewModel(27399): 	at android.content.ContentProviderProxy.query(ContentProviderNative.java:472)
11-21 00:43:18.389 E/AccountsViewModel(27399): 	at android.content.ContentResolver.query(ContentResolver.java:1185)
11-21 00:43:18.389 E/AccountsViewModel(27399): 	at android.content.ContentResolver.query(ContentResolver.java:1116)
11-21 00:43:18.389 E/AccountsViewModel(27399): 	at com.facebook.wearable.common.accounts.contract.WearableAccountsContractRequest.query(:51)
11-21 00:43:18.389 E/AccountsViewModel(27399): 	at kotlin.coroutines.jvm.internal.BaseContinuationImpl.invokeSuspend(:95489)
11-21 00:43:18.389 E/AccountsViewModel(27399): 	at com.facebook.wearable.common.accounts.WearableAccountsKt$fb$1.invoke(:9)
11-21 00:43:18.389 E/AccountsViewModel(27399): 	at com.facebook.wearable.common.coroutines.lazy.LazyAsync.get(:101)
11-21 00:43:18.389 E/AccountsViewModel(27399): 	at kotlin.coroutines.jvm.internal.BaseContinuationImpl.invokeSuspend(:96596)
11-21 00:43:18.389 E/AccountsViewModel(27399): 	at com.facebook.wearable.system.settings.accounts.AccountsViewModel$wearableAccountFlow$1.invoke(:11)
11-21 00:43:18.389 E/AccountsViewModel(27399): 	at kotlinx.coroutines.flow.AbstractFlow.collect$rvp0$0(:72)
11-21 00:43:18.389 E/AccountsViewModel(27399): 	at kotlin.coroutines.jvm.internal.BaseContinuationImpl.invokeSuspend(:95417)
11-21 00:43:18.389 E/AccountsViewModel(27399): 	at kotlinx.coroutines.flow.FlowKt__ShareKt$launchSharing$1$2.invoke(Unknown Source:10)
11-21 00:43:18.389 E/AccountsViewModel(27399): 	at kotlin.coroutines.jvm.internal.BaseContinuationImpl.invokeSuspend(:96715)
11-21 00:43:18.389 E/AccountsViewModel(27399): 	at kotlinx.coroutines.flow.FlowKt__MergeKt$mapLatest$1.invoke(Unknown Source:15)
11-21 00:43:18.389 E/AccountsViewModel(27399): 	at kotlin.coroutines.jvm.internal.BaseContinuationImpl.invokeSuspend(:96820)
11-21 00:43:18.389 E/AccountsViewModel(27399): 	at kotlinx.coroutines.flow.internal.ChannelFlowTransformLatest$flowCollect$3$1$2.invoke(Unknown Source:10)
11-21 00:43:18.389 E/AccountsViewModel(27399): 	at kotlinx.coroutines.CoroutineStart.invoke(:32)
11-21 00:43:18.389 E/AccountsViewModel(27399): 	at kotlinx.coroutines.BuildersKt__Builders_commonKt.launch(:15)
11-21 00:43:18.389 E/AccountsViewModel(27399): 	at kotlinx.coroutines.flow.internal.ChannelFlowTransformLatest$flowCollect$3$invokeSuspend$$inlined$collect$1.emit(:56)
11-21 00:43:18.389 E/AccountsViewModel(27399): 	at kotlinx.coroutines.flow.DistinctFlowImpl$collect$$inlined$collect$1.emit(:74)
11-21 00:43:18.389 E/AccountsViewModel(27399): 	at kotlinx.coroutines.flow.FlowKt__LimitKt$dropWhile$lambda-4$$inlined$collect$1.emit(:114)
11-21 00:43:18.389 E/AccountsViewModel(27399): 	at kotlinx.coroutines.flow.FlowKt__ChannelsKt.emitAllImpl$FlowKt__ChannelsKt(:123)
11-21 00:43:18.389 E/AccountsViewModel(27399): 	at kotlin.coroutines.jvm.internal.BaseContinuationImpl.invokeSuspend(:96917)
11-21 00:43:18.389 E/AccountsViewModel(27399): 	at kotlin.coroutines.jvm.internal.BaseContinuationImpl.resumeWith(:5)
11-21 00:43:18.389 E/AccountsViewModel(27399): 	at kotlinx.coroutines.DispatchedTask.run(:131)
11-21 00:43:18.389 E/AccountsViewModel(27399): 	at java.util.concurrent.Executors$RunnableAdapter.call(Executors.java:462)
11-21 00:43:18.389 E/AccountsViewModel(27399): 	at java.util.concurrent.FutureTask.run(FutureTask.java:266)
11-21 00:43:18.389 E/AccountsViewModel(27399): 	at com.facebook.wearable.common.executors.DelayedFutureTask.run(:22)
11-21 00:43:18.389 E/AccountsViewModel(27399): 	at java.util.concurrent.ThreadPoolExecutor.runWorker(ThreadPoolExecutor.java:1167)
11-21 00:43:18.389 E/AccountsViewModel(27399): 	at java.util.concurrent.ThreadPoolExecutor$Worker.run(ThreadPoolExecutor.java:641)
11-21 00:43:18.389 E/AccountsViewModel(27399): 	at com.facebook.wearable.common.executors.NamedThreadFactory$1.run(:7)
11-21 00:43:18.392 D/TetheredPhoneUtil(11143): Found tethered phone status: false
11-21 00:43:18.421 E/StatusBarClientConnection(27399): Service connected
11-21 00:43:18.442 W/View    (27399): requestLayout() improperly called by android.view.View{867e919 V.ED..... ......I. 0,368-474,474} during layout: running second layout pass
11-21 00:43:18.458 W/View    (27399): requestLayout() improperly called by com.facebook.wearable.common.wds.listview.WdsListView{1ab6724 V.E..V... ........ 0,0-474,474} during second layout pass: posting in next frame
11-21 00:43:18.792 D/CompatibilityInfo( 1186): mCompatibilityFlags - 4
11-21 00:43:18.792 D/CompatibilityInfo( 1186): applicationDensity - 320
11-21 00:43:18.792 D/CompatibilityInfo( 1186): applicationScale - 1.0
11-21 00:43:18.813 D/ComplicationController(11143): Stopping complication controller.
11-21 00:43:18.820 D/ComplicationDataManagerImpl(11143): Fetching complication data for package: com.facebook.wearable.apps.calendar, com.facebook.wearable.apps.calendar.DAY_DATE_COMPLICATION.
11-21 00:43:18.821 D/ComplicationDataManagerImpl(11143): Fetching complication data for package: com.facebook.wearable.apps.player, com.facebook.wearable.apps.player.SHORTCUT_COMPLICATION.
11-21 00:43:18.821 D/ComplicationDataManagerImpl(11143): Fetching complication data for package: com.facebook.wearable.apps.gallery, com.facebook.wearable.apps.gallery.SHORTCUT_COMPLICATION.
11-21 00:43:18.821 D/ComplicationDataManagerImpl(11143): Fetching complication data for package: com.facebook.wearable.apps.heart, com.facebook.wearable.apps.heart.HEART_RATE.
11-21 00:43:18.825 D/CompatibilityInfo( 1186): mCompatibilityFlags - 4
11-21 00:43:18.826 D/CompatibilityInfo( 1186): applicationDensity - 320
11-21 00:43:18.826 D/CompatibilityInfo( 1186): applicationScale - 1.0
11-21 00:43:19.372 D/UIAutomatorStub( 6483): URI: /jsonrpc/0, Method: POST, Header: {content-length=192, remote-addr=127.0.0.1, http-client-ip=127.0.0.1, host=localhost:9012, content-type=application/json, accept-encoding=identity}, params, {NanoHttpd.QUERY_STRING=null}, files: {postData={"jsonrpc": "2.0", "method": "waitForExists", "id": "a5854d2c632bc90f4ac56f73aa7531cf", "params": [{"mask": 1, "childOrSibling": [], "childOrSiblingSelector": [], "text": "Notifications"}, 5]}}
11-21 00:43:19.405 D/UIAutomatorStub( 6483): URI: /jsonrpc/0, Method: POST, Header: {content-length=191, remote-addr=127.0.0.1, http-client-ip=127.0.0.1, host=localhost:9012, content-type=application/json, accept-encoding=identity}, params, {NanoHttpd.QUERY_STRING=null}, files: {postData={"jsonrpc": "2.0", "method": "waitForExists", "id": "df1cf82fedd3918cef95ff7d2b84ed4a", "params": [{"mask": 1, "childOrSibling": [], "childOrSiblingSelector": [], "text": "Connectivity"}, 5]}}
11-21 00:43:19.464 D/UIAutomatorStub( 6483): URI: /jsonrpc/0, Method: POST, Header: {content-length=180, remote-addr=127.0.0.1, http-client-ip=127.0.0.1, host=localhost:9012, content-type=application/json, accept-encoding=identity}, params, {NanoHttpd.QUERY_STRING=null}, files: {postData={"jsonrpc": "2.0", "method": "click", "id": "81be5290d27bb8200e39ddbb0b94aeff", "params": [{"mask": 1, "childOrSibling": [], "childOrSiblingSelector": [], "text": "Connectivity"}]}}
11-21 00:43:19.510 E/ANDR-PERF-OPTSHANDLER(  552): Unable to find the correct node storage pointers for                   resource index=16, node path=/proc/sys/kernel/sched_upmigrate
11-21 00:43:19.510 E/ANDR-PERF-RESOURCEQS(  552): Failed to reset optimization [3, 7]
11-21 00:43:19.510 E/ANDR-PERF-OPTSHANDLER(  552): Unable to find the correct node storage pointers for                   resource index=17, node path=/proc/sys/kernel/sched_downmigrate
11-21 00:43:19.510 E/ANDR-PERF-RESOURCEQS(  552): Failed to reset optimization [3, 8]
11-21 00:43:19.510 E/ANDR-PERF-OPTSHANDLER(  552): Perflock resource /sys/module/lpm_levels/parameters/bias_hyst not supported
11-21 00:43:19.510 E/ANDR-PERF-RESOURCEQS(  552): Failed to reset optimization [1, 2]
11-21 00:43:19.510 E/ANDR-PERF-OPTSHANDLER(  552): Perflock resource /proc/sys/kernel/sched_group_upmigrate not supported
11-21 00:43:19.510 E/ANDR-PERF-RESOURCEQS(  552): Failed to reset optimization [3, 21]
11-21 00:43:19.510 E/ANDR-PERF-OPTSHANDLER(  552): Perflock resource /proc/sys/kernel/sched_group_downmigrate not supported
11-21 00:43:19.510 E/ANDR-PERF-RESOURCEQS(  552): Failed to reset optimization [3, 22]
11-21 00:43:19.549 W/StatusBarClientConnection(27399): Messenger is null, ignoring message: { when=-1d8h54m47s275ms barrier=1 }
11-21 00:43:19.577 E/StatusBarClientConnection(27399): Service connected
11-21 00:43:19.603 W/View    (27399): requestLayout() improperly called by android.view.View{ae51f77 V.ED..... ......I. 0,368-474,474} during layout: running second layout pass
11-21 00:43:19.622 W/View    (27399): requestLayout() improperly called by com.facebook.wearable.common.wds.listview.WdsListView{a540b25 V.E..V... ........ 0,0-474,474} during second layout pass: posting in next frame
11-21 00:43:20.295 E/ANDR-PERF-OPTSHANDLER(  552): perf_lock_rel: failed for /proc/sys/vm/swap_ratio as previous value is not stored
11-21 00:43:20.295 E/ANDR-PERF-OPTSHANDLER(  552): perf_lock_rel: failed for /sys/class/kgsl/kgsl-3d0/min_pwrlevel as previous value is not stored
11-21 00:43:20.297 E/ANDR-PERF-RESOURCEQS(  552): Failed to reset optimization [3, 0]
11-21 00:43:20.881 E/TaskPersister( 1186): File error accessing recents directory (directory doesn't exist?).
11-21 00:43:22.566 D/UIAutomatorStub( 6483): URI: /jsonrpc/0, Method: POST, Header: {content-length=183, remote-addr=127.0.0.1, http-client-ip=127.0.0.1, host=localhost:9012, content-type=application/json, accept-encoding=identity}, params, {NanoHttpd.QUERY_STRING=null}, files: {postData={"jsonrpc": "2.0", "method": "waitForExists", "id": "07e71878671c840c9e0338e303457730", "params": [{"mask": 1, "childOrSibling": [], "childOrSiblingSelector": [], "text": "WiFi"}, 5]}}
11-21 00:43:22.598 D/UIAutomatorStub( 6483): URI: /jsonrpc/0, Method: POST, Header: {content-length=172, remote-addr=127.0.0.1, http-client-ip=127.0.0.1, host=localhost:9012, content-type=application/json, accept-encoding=identity}, params, {NanoHttpd.QUERY_STRING=null}, files: {postData={"jsonrpc": "2.0", "method": "click", "id": "09783c91dafce6eb5780b18a19c49d24", "params": [{"mask": 1, "childOrSibling": [], "childOrSiblingSelector": [], "text": "WiFi"}]}}
11-21 00:43:22.689 W/StatusBarClientConnection(27399): Messenger is null, ignoring message: { when=-1d8h54m50s415ms barrier=1 }
11-21 00:43:22.716 D/CompatibilityInfo( 1186): mCompatibilityFlags - 4
11-21 00:43:22.716 D/CompatibilityInfo( 1186): applicationDensity - 320
11-21 00:43:22.716 D/CompatibilityInfo( 1186): applicationScale - 1.0
11-21 00:43:22.723 E/StatusBarClientConnection(27399): Service connected
11-21 00:43:22.728 D/WifiConnector( 2870): Network State Changed
11-21 00:43:22.752 W/View    (27399): requestLayout() improperly called by android.view.View{5554379 V.ED..... ......I. 0,368-474,474} during layout: running second layout pass
11-21 00:43:22.764 D/WifiSharingService( 2870): Starting Wi-Fi scan
11-21 00:43:22.765 I/WifiService( 1186): startScan uid=1000
11-21 00:43:22.768 W/View    (27399): requestLayout() improperly called by com.facebook.wearable.common.wds.listview.WdsListView{7d0b812 V.E..V... ........ 0,0-474,474} during second layout pass: posting in next frame
11-21 00:43:22.779 D/WifiNative( 1186): Scan trigered from WifiNative
11-21 00:43:22.781 I/chatty  ( 1026): uid=1021(gps) lowi-server expire 69 lines
11-21 00:43:22.782 V/WifiHAL (  544): event received NL80211_CMD_TRIGGER_SCAN
11-21 00:43:23.348 V/WifiHAL (  544): event received NL80211_CMD_NEW_SCAN_RESULTS
11-21 00:43:23.348 D/WifiNl80211Manager( 1186): Scan result ready event
11-21 00:43:23.348 D/WifiNative( 1186): Scan result ready event
11-21 00:43:23.353 D/LOWI-9.0.0.80( 1026): [LOWIUtils] hexDump: msg(30 14 01 00 00 0f ac 04 01 00 00 0f ac 04 01 00 00 0f ac 02 )
11-21 00:43:23.353 D/LOWI-9.0.0.80( 1026): [LOWI-Scan] decode_rsn_wpa_ie: LOWI_ENCRYPTION_TYPE_WPA_PSK
11-21 00:43:23.353 D/LOWI-9.0.0.80( 1026): [LOWI-Scan]  No Secondary channel present
11-21 00:43:23.353 D/LOWI-9.0.0.80( 1026): [LOWI-Scan] is_qcom_ie, bss_age: 32
11-21 00:43:23.353 D/LOWI-9.0.0.80( 1026): [LOWI-Scan] BSS 6c:cd:d6:25:63:2a LOWI_PHY_MODE_11NG_HT20(5), Beacon Interval: 100, LOWI_ENCRYPTION_TYPE_WPA_PSK 11mcRanging: No, ANQP: No, LCI: No, Civic: No, capability(0x0511): ESS Privacy SpectrumMgmt ShortSlotTime
11-21 00:43:23.354 D/LOWI-9.0.0.80( 1026): [LOWI-Scan] BSS 6c:cd:d6:25:63:2a FREQ: 2432, cFreq1[40:80:160] = [2432:0:0] cFreq2 = 0 Country Code = US 
11-21 00:43:23.354 D/LOWI-9.0.0.80( 1026): [LOWI-Scan] BSS 6c:cd:d6:25:63:2a (wlan0) ASSO: YES AddInfo: 0x0, TSF 1, 08:54:51.073, RSSI: -70, CPL: 127, AGE: 0,  SSID MTBF_Lab, TSFDelta: 0x0, TXRate: 0
11-21 00:43:23.358 D/LOWI-9.0.0.80( 1026): [LOWI-Scan] 
11-21 00:43:23.358 D/LOWI-9.0.0.80( 1026): [LOWI-Scan] print_bss_handler: Report Probe TSF 118491073125 as it greater than Beacon TSF 118241071178
11-21 00:43:23.358 I/LOWI-9.0.0.80( 1026): [LOWI-Scan] RSN_IE
11-21 00:43:23.358 D/LOWI-9.0.0.80( 1026): [LOWI-Scan] decode_rsn_wpa_ie: Entered
11-21 00:43:23.358 D/LOWI-9.0.0.80( 1026): [LOWIUtils] hexDump: msg(30 14 01 00 00 0f ac 04 01 00 00 0f ac 04 01 00 00 0f ac 02 )
11-21 00:43:23.358 D/LOWI-9.0.0.80( 1026): [LOWI-Scan] decode_rsn_wpa_ie: LOWI_ENCRYPTION_TYPE_WPA_PSK
11-21 00:43:23.358 D/LOWI-9.0.0.80( 1026): [LOWI-Scan] is_qcom_ie, bss_age: 15
11-21 00:43:23.358 D/LOWI-9.0.0.80( 1026): [LOWI-Scan] BSS fe:2d:5a:49:61:eb LOWI_PHY_MODE_11AC_VHT20_2G(11), Beacon Interval: 100, LOWI_ENCRYPTION_TYPE_WPA_PSK 11mcRanging: No, ANQP: Yes, LCI: No, Civic: No, capability(0x1431): ESS Privacy ShortPreamble ShortSlotTime
11-21 00:43:23.359 D/LOWI-9.0.0.80( 1026): [LOWI-Scan] BSS fe:2d:5a:49:61:eb FREQ: 2452, cFreq1[40:80:160] = [0:0:0] cFreq2 = 0 Country Code =    
11-21 00:43:23.359 D/LOWI-9.0.0.80( 1026): [LOWI-Scan] BSS fe:2d:5a:49:61:eb (wlan0) ASSO: NO AddInfo: 0x0, TSF 1, 08:54:51.073, RSSI: -98, CPL: 127, AGE: 0,  SSID Pixel_R2, TSFDelta: 0x0, TXRate: 0
11-21 00:43:23.359 D/LOWI-9.0.0.80( 1026): [LOWI-Scan] 
11-21 00:43:23.359 D/LOWI-9.0.0.80( 1026): [LOWI-Scan] print_bss_handler: Report Probe TSF 118491073143 as it greater than Beacon TSF 118111792908
11-21 00:43:23.359 I/LOWI-9.0.0.80( 1026): [LOWI-Scan] RSN_IE
11-21 00:43:23.359 D/LOWI-9.0.0.80( 1026): [LOWI-Scan] decode_rsn_wpa_ie: Entered
11-21 00:43:23.359 D/LOWI-9.0.0.80( 1026): [LOWIUtils] hexDump: msg(30 14 01 00 00 0f ac 04 01 00 00 0f ac 04 01 00 00 0f ac 02 )
11-21 00:43:23.359 D/LOWI-9.0.0.80( 1026): [LOWI-Scan] decode_rsn_wpa_ie: LOWI_ENCRYPTION_TYPE_WPA_PSK
11-21 00:43:23.360 D/LOWI-9.0.0.80( 1026): [LOWI-Scan] is_qcom_ie, bss_age: 11
11-21 00:43:23.360 D/LOWI-9.0.0.80( 1026): [LOWI-Scan] BSS c6:82:9b:4e:b3:9e LOWI_PHY_MODE_11AC_VHT20_2G(11), Beacon Interval: 100, LOWI_ENCRYPTION_TYPE_WPA_PSK 11mcRanging: No, ANQP: Yes, LCI: No, Civic: No, capability(0x1431): ESS Privacy ShortPreamble ShortSlotTime
11-21 00:43:23.360 D/LOWI-9.0.0.80( 1026): [LOWI-Scan] BSS c6:82:9b:4e:b3:9e FREQ: 2457, cFreq1[40:80:160] = [0:0:0] cFreq2 = 0 Country Code =    
11-21 00:43:23.360 D/LOWI-9.0.0.80( 1026): [LOWI-Scan] BSS c6:82:9b:4e:b3:9e (wlan0) ASSO: NO AddInfo: 0x0, TSF 1, 08:54:51.073, RSSI: -106, CPL: 127, AGE: 0,  SSID Pixel_R6, TSFDelta: 0x0, TXRate: 0
11-21 00:43:23.360 D/LOWI-9.0.0.80( 1026): [LOWI-Scan] 
11-21 00:43:23.360 D/LOWI-9.0.0.80( 1026): [LOWI-Scan] print_bss_handler: Report Probe TSF 118491073287 as it greater than Beacon TSF 117760323714
11-21 00:43:23.360 I/LOWI-9.0.0.80( 1026): [LOWI-Scan] RSN_IE
11-21 00:43:23.360 D/LOWI-9.0.0.80( 1026): [LOWI-Scan] decode_rsn_wpa_ie: Entered
11-21 00:43:23.361 D/LOWI-9.0.0.80( 1026): [LOWIUtils] hexDump: msg(30 14 01 00 00 0f ac 04 01 00 00 0f ac 04 01 00 00 0f ac 02 )
11-21 00:43:23.361 D/LOWI-9.0.0.80( 1026): [LOWI-Scan] decode_rsn_wpa_ie: LOWI_ENCRYPTION_TYPE_WPA_PSK
11-21 00:43:23.361 D/LOWI-9.0.0.80( 1026): [LOWI-Scan] is_qcom_ie, bss_age: 48
11-21 00:43:23.361 D/LOWI-9.0.0.80( 1026): [LOWI-Scan] BSS 2c:57:41:86:8a:a1 LOWI_PHY_MODE_11NG_HT20(5), Beacon Interval: 100, LOWI_ENCRYPTION_TYPE_WPA_PSK 11mcRanging: No, ANQP: No, LCI: No, Civic: No, capability(0x1411): ESS Privacy ShortSlotTime
11-21 00:43:23.361 D/LOWI-9.0.0.80( 1026): [LOWI-Scan] BSS 2c:57:41:86:8a:a1 FREQ: 2412, cFreq1[40:80:160] = [0:0:0] cFreq2 = 0 Country Code = US
11-21 00:43:23.361 D/LOWI-9.0.0.80( 1026): [LOWI-Scan] BSS 2c:57:41:86:8a:a1 (wlan0) ASSO: NO AddInfo: 0x0, TSF 1, 08:54:51.073, RSSI: -142, CPL: 3, AGE: 0,  SSID kittyhawk, TSFDelta: 0x0, TXRate: 0
11-21 00:43:23.361 D/LOWI-9.0.0.80( 1026): [LOWI-Scan] 
11-21 00:43:23.361 D/WificondScannerImpl( 1186): Filtering out 2 scan results.
11-21 00:43:23.361 D/LOWI-9.0.0.80( 1026): [LOWI-Scan] print_bss_handler: Report Probe TSF 118491073215 as it greater than Beacon TSF 118340980682
11-21 00:43:23.361 I/LOWI-9.0.0.80( 1026): [LOWI-Scan] RSN_IE
11-21 00:43:23.361 D/LOWI-9.0.0.80( 1026): [LOWI-Scan] decode_rsn_wpa_ie: Entered
11-21 00:43:23.362 D/LOWI-9.0.0.80( 1026): [LOWIUtils] hexDump: msg(30 14 01 00 00 0f ac 04 01 00 00 0f ac 04 01 00 00 0f ac 02 )
11-21 00:43:23.362 D/LOWI-9.0.0.80( 1026): [LOWI-Scan] decode_rsn_wpa_ie: LOWI_ENCRYPTION_TYPE_WPA_PSK
11-21 00:43:23.362 D/LOWI-9.0.0.80( 1026): [LOWI-Scan] is_qcom_ie, bss_age: 50
11-21 00:43:23.362 D/LOWI-9.0.0.80( 1026): [LOWI-Scan] BSS 18:64:72:60:2b:40 LOWI_PHY_MODE_11NG_HT20(5), Beacon Interval: 100, LOWI_ENCRYPTION_TYPE_WPA_PSK 11mcRanging: No, ANQP: No, LCI: No, Civic: No, capability(0x0431): ESS Privacy ShortPreamble ShortSlotTime
11-21 00:43:23.362 D/LOWI-9.0.0.80( 1026): [LOWI-Scan] BSS 18:64:72:60:2b:40 FREQ: 2412, cFreq1[40:80:160] = [0:0:0] cFreq2 = 0 Country Code =    
11-21 00:43:23.362 D/LOWI-9.0.0.80( 1026): [LOWI-Scan] BSS 18:64:72:60:2b:40 (wlan0) ASSO: NO AddInfo: 0x0, TSF 1, 08:54:51.073, RSSI: -140, CPL: 127, AGE: 0,  SSID lab-t24103779, TSFDelta: 0x0, TXRate: 0
11-21 00:43:23.362 D/LOWI-9.0.0.80( 1026): [LOWI-Scan] 
11-21 00:43:23.362 D/LOWI-9.0.0.80( 1026): [LOWI-Scan] print_bss_handler: Report Probe TSF 118491073232 as it greater than Beacon TSF 118412283143
11-21 00:43:23.363 I/LOWI-9.0.0.80( 1026): [LOWI-Scan] RSN_IE
11-21 00:43:23.363 D/LOWI-9.0.0.80( 1026): [LOWI-Scan] decode_rsn_wpa_ie: Entered
11-21 00:43:23.363 D/LOWI-9.0.0.80( 1026): [LOWIUtils] hexDump: msg(30 14 01 00 00 0f ac 04 01 00 00 0f ac 04 01 00 00 0f ac 02 )
11-21 00:43:23.363 D/LOWI-9.0.0.80( 1026): [LOWI-Scan] decode_rsn_wpa_ie: LOWI_ENCRYPTION_TYPE_WPA_PSK
11-21 00:43:23.363 D/LOWI-9.0.0.80( 1026): [LOWI-Scan] is_qcom_ie, bss_age: 3
11-21 00:43:23.363 D/LOWI-9.0.0.80( 1026): [LOWI-Scan] BSS 2c:57:41:86:90:a1 LOWI_PHY_MODE_11NG_HT20(5), Beacon Interval: 100, LOWI_ENCRYPTION_TYPE_WPA_PSK 11mcRanging: No, ANQP: No, LCI: No, Civic: No, capability(0x1411): ESS Privacy ShortSlotTime
11-21 00:43:23.363 D/LOWI-9.0.0.80( 1026): [LOWI-Scan] BSS 2c:57:41:86:90:a1 FREQ: 2462, cFreq1[40:80:160] = [0:0:0] cFreq2 = 0 Country Code = US
11-21 00:43:23.363 D/LOWI-9.0.0.80( 1026): [LOWI-Scan] BSS 2c:57:41:86:90:a1 (wlan0) ASSO: NO AddInfo: 0x0, TSF 1, 08:54:51.073, RSSI: -140, CPL: 2, AGE: 0,  SSID kittyhawk, TSFDelta: 0x0, TXRate: 0
11-21 00:43:23.364 D/LOWI-9.0.0.80( 1026): [LOWI-Scan] 
11-21 00:43:23.364 D/LOWI-9.0.0.80( 1026): [LOWI-Scan] print_bss_handler: Report Probe TSF 118491073394 as it greater than Beacon TSF 118312423874
11-21 00:43:23.364 I/LOWI-9.0.0.80( 1026): [LOWI-Scan] RSN_IE
11-21 00:43:23.364 D/LOWI-9.0.0.80( 1026): [LOWI-Scan] decode_rsn_wpa_ie: Entered
11-21 00:43:23.364 D/LOWI-9.0.0.80( 1026): [LOWIUtils] hexDump: msg(30 14 01 00 00 0f ac 04 01 00 00 0f ac 04 01 00 00 0f ac 02 )
11-21 00:43:23.364 D/LOWI-9.0.0.80( 1026): [LOWI-Scan] decode_rsn_wpa_ie: LOWI_ENCRYPTION_TYPE_WPA_PSK
11-21 00:43:23.364 D/LOWI-9.0.0.80( 1026): [LOWI-Scan] is_qcom_ie, bss_age: 29
11-21 00:43:23.364 D/LOWI-9.0.0.80( 1026): [LOWI-Scan] BSS 2c:57:41:86:76:61 LOWI_PHY_MODE_11NG_HT20(5), Beacon Interval: 100, LOWI_ENCRYPTION_TYPE_WPA_PSK 11mcRanging: No, ANQP: No, LCI: No, Civic: No, capability(0x1411): ESS Privacy ShortSlotTime
11-21 00:43:23.364 D/LOWI-9.0.0.80( 1026): [LOWI-Scan] BSS 2c:57:41:86:76:61 FREQ: 2437, cFreq1[40:80:160] = [0:0:0] cFreq2 = 0 Country Code = US
11-21 00:43:23.364 D/LOWI-9.0.0.80( 1026): [LOWI-Scan] BSS 2c:57:41:86:76:61 (wlan0) ASSO: NO AddInfo: 0x0, TSF 1, 08:54:51.073, RSSI: -162, CPL: 2, AGE: 0,  SSID kittyhawk, TSFDelta: 0x0, TXRate: 0
11-21 00:43:23.365 D/LOWI-9.0.0.80( 1026): [LOWI-Scan] 
11-21 00:43:23.365 D/LOWI-9.0.0.80( 1026): [LOWI-Scan] print_bss_handler: Report beacon TSF 118491073250 as it greater than probe TSF 118462233795
11-21 00:43:23.365 I/LOWI-9.0.0.80( 1026): [LOWI-Scan] RSN_IE
11-21 00:43:23.365 D/LOWI-9.0.0.80( 1026): [LOWI-Scan] decode_rsn_wpa_ie: Entered
11-21 00:43:23.365 D/LOWI-9.0.0.80( 1026): [LOWIUtils] hexDump: msg(30 14 01 00 00 0f ac 04 01 00 00 0f ac 04 01 00 00 0f ac 02 )
11-21 00:43:23.365 D/LOWI-9.0.0.80( 1026): [LOWI-Scan] decode_rsn_wpa_ie: LOWI_ENCRYPTION_TYPE_WPA_PSK
11-21 00:43:23.365 D/LOWI-9.0.0.80( 1026): [LOWI-Scan] is_qcom_ie, bss_age: 57
11-21 00:43:23.365 D/LOWI-9.0.0.80( 1026): [LOWI-Scan] BSS 2c:57:41:88:72:e1 LOWI_PHY_MODE_11NG_HT20(5), Beacon Interval: 100, LOWI_ENCRYPTION_TYPE_WPA_PSK 11mcRanging: No, ANQP: No, LCI: No, Civic: No, capability(0x1411): ESS Privacy ShortSlotTime
11-21 00:43:23.365 D/LOWI-9.0.0.80( 1026): [LOWI-Scan] BSS 2c:57:41:88:72:e1 FREQ: 2412, cFreq1[40:80:160] = [0:0:0] cFreq2 = 0 Country Code = US
11-21 00:43:23.365 D/LOWI-9.0.0.80( 1026): [LOWI-Scan] BSS 2c:57:41:88:72:e1 (wlan0) ASSO: NO AddInfo: 0x1, TSF 1, 08:54:51.073, RSSI: -142, CPL: 3, AGE: 0,  SSID kittyhawk, TSFDelta: 0x0, TXRate: 0
11-21 00:43:23.366 D/LOWI-9.0.0.80( 1026): [LOWI-Scan] 
11-21 00:43:23.366 D/LOWI-9.0.0.80( 1026): [LOWI-Scan] print_bss_handler: Report Probe TSF 118491073307 as it greater than Beacon TSF 118212671560
11-21 00:43:23.366 I/LOWI-9.0.0.80( 1026): [LOWI-Scan] RSN_IE
11-21 00:43:23.366 D/LOWI-9.0.0.80( 1026): [LOWI-Scan] decode_rsn_wpa_ie: Entered
11-21 00:43:23.366 D/LOWI-9.0.0.80( 1026): [LOWIUtils] hexDump: msg(30 14 01 00 00 0f ac 04 01 00 00 0f ac 04 01 00 00 0f ac 02 )
11-21 00:43:23.366 D/LOWI-9.0.0.80( 1026): [LOWI-Scan] decode_rsn_wpa_ie: LOWI_ENCRYPTION_TYPE_WPA_PSK
11-21 00:43:23.366 D/LOWI-9.0.0.80( 1026): [LOWI-Scan] is_qcom_ie, bss_age: 48
11-21 00:43:23.366 D/LOWI-9.0.0.80( 1026): [LOWI-Scan] BSS 2c:57:41:86:7a:61 LOWI_PHY_MODE_11NG_HT20(5), Beacon Interval: 100, LOWI_ENCRYPTION_TYPE_WPA_PSK 11mcRanging: No, ANQP: No, LCI: No, Civic: No, capability(0x1411): ESS Privacy ShortSlotTime
11-21 00:43:23.366 D/LOWI-9.0.0.80( 1026): [LOWI-Scan] BSS 2c:57:41:86:7a:61 FREQ: 2412, cFreq1[40:80:160] = [0:0:0] cFreq2 = 0 Country Code = US
11-21 00:43:23.367 D/LOWI-9.0.0.80( 1026): [LOWI-Scan] BSS 2c:57:41:86:7a:61 (wlan0) ASSO: NO AddInfo: 0x0, TSF 1, 08:54:51.073, RSSI: -146, CPL: 3, AGE: 0,  SSID kittyhawk, TSFDelta: 0x0, TXRate: 0
11-21 00:43:23.367 D/LOWI-9.0.0.80( 1026): [LOWI-Scan] 
11-21 00:43:23.367 D/LOWI-9.0.0.80( 1026): [LOWI-Scan] print_bss_handler: Report Probe TSF 118491073197 as it greater than Beacon TSF 118462233736
11-21 00:43:23.367 I/LOWI-9.0.0.80( 1026): [LOWI-Scan] RSN_IE
11-21 00:43:23.367 D/LOWI-9.0.0.80( 1026): [LOWI-Scan] decode_rsn_wpa_ie: Entered
11-21 00:43:23.367 D/LOWI-9.0.0.80( 1026): [LOWIUtils] hexDump: msg(30 14 01 00 00 0f ac 04 01 00 00 0f ac 04 01 00 00 0f ac 02 )
11-21 00:43:23.367 D/LOWI-9.0.0.80( 1026): [LOWI-Scan] decode_rsn_wpa_ie: LOWI_ENCRYPTION_TYPE_WPA_PSK
11-21 00:43:23.368 D/LOWI-9.0.0.80( 1026): [LOWI-Scan] is_qcom_ie, bss_age: 43
11-21 00:43:23.368 D/LOWI-9.0.0.80( 1026): [LOWI-Scan] BSS 52:b8:14:37:74:3f LOWI_PHY_MODE_11AC_VHT20_2G(11), Beacon Interval: 100, LOWI_ENCRYPTION_TYPE_WPA_PSK 11mcRanging: No, ANQP: No, LCI: No, Civic: No, capability(0x1431): ESS Privacy ShortPreamble ShortSlotTime
11-21 00:43:23.368 D/LOWI-9.0.0.80( 1026): [LOWI-Scan] BSS 52:b8:14:37:74:3f FREQ: 2417, cFreq1[40:80:160] = [0:0:0] cFreq2 = 0 Country Code =    
11-21 00:43:23.368 D/LOWI-9.0.0.80( 1026): [LOWI-Scan] BSS 52:b8:14:37:74:3f (wlan0) ASSO: NO AddInfo: 0x0, TSF 1, 08:54:51.073, RSSI: -112, CPL: 127, AGE: 0,  SSID Pixel_8668, TSFDelta: 0x0, TXRate: 0
11-21 00:43:23.368 D/LOWI-9.0.0.80( 1026): [LOWI-Scan] 
11-21 00:43:23.368 D/LOWI-9.0.0.80( 1026): [LOWI-Scan] print_bss_handler: Report Probe TSF 118491073375 as it greater than Beacon TSF 118362333919
11-21 00:43:23.369 I/LOWI-9.0.0.80( 1026): [LOWI-Scan] RSN_IE
11-21 00:43:23.369 D/LOWI-9.0.0.80( 1026): [LOWI-Scan] decode_rsn_wpa_ie: Entered
11-21 00:43:23.369 D/LOWI-9.0.0.80( 1026): [LOWIUtils] hexDump: msg(30 14 01 00 00 0f ac 04 01 00 00 0f ac 04 01 00 00 0f ac 02 )
11-21 00:43:23.369 D/LOWI-9.0.0.80( 1026): [LOWI-Scan] decode_rsn_wpa_ie: LOWI_ENCRYPTION_TYPE_WPA_PSK
11-21 00:43:23.369 D/LOWI-9.0.0.80( 1026): [LOWI-Scan] is_qcom_ie, bss_age: 5
11-21 00:43:23.369 D/LOWI-9.0.0.80( 1026): [LOWI-Scan] BSS 18:64:72:60:2e:e0 LOWI_PHY_MODE_11NG_HT20(5), Beacon Interval: 100, LOWI_ENCRYPTION_TYPE_WPA_PSK 11mcRanging: No, ANQP: No, LCI: No, Civic: No, capability(0x0431): ESS Privacy ShortPreamble ShortSlotTime
11-21 00:43:23.369 D/LOWI-9.0.0.80( 1026): [LOWI-Scan] BSS 18:64:72:60:2e:e0 FREQ: 2462, cFreq1[40:80:160] = [0:0:0] cFreq2 = 0 Country Code =    
11-21 00:43:23.369 D/LOWI-9.0.0.80( 1026): [LOWI-Scan] BSS 18:64:72:60:2e:e0 (wlan0) ASSO: NO AddInfo: 0x0, TSF 1, 08:54:51.073, RSSI: -156, CPL: 127, AGE: 0,  SSID lab-t24103779, TSFDelta: 0x0, TXRate: 0
11-21 00:43:23.370 D/LOWI-9.0.0.80( 1026): [LOWI-Scan] 
11-21 00:43:23.370 D/LOWI-9.0.0.80( 1026): [LOWI-Scan] print_bss_handler: Report Probe TSF 118491073353 as it greater than Beacon TSF 0
11-21 00:43:23.370 I/LOWI-9.0.0.80( 1026): [LOWI-Scan] RSN_IE
11-21 00:43:23.370 D/LOWI-9.0.0.80( 1026): [LOWI-Scan] decode_rsn_wpa_ie: Entered
11-21 00:43:23.370 D/LOWI-9.0.0.80( 1026): [LOWIUtils] hexDump: msg(30 14 01 00 00 0f ac 04 01 00 00 0f ac 04 01 00 00 0f ac 02 )
11-21 00:43:23.370 D/LOWI-9.0.0.80( 1026): [LOWI-Scan] decode_rsn_wpa_ie: LOWI_ENCRYPTION_TYPE_WPA_PSK
11-21 00:43:23.370 D/LOWI-9.0.0.80( 1026): [LOWI-Scan] is_qcom_ie, bss_age: 3
11-21 00:43:23.370 D/LOWI-9.0.0.80( 1026): [LOWI-Scan] BSS 2c:57:41:86:85:21 LOWI_PHY_MODE_11NG_HT20(5), Beacon Interval: 100, LOWI_ENCRYPTION_TYPE_WPA_PSK 11mcRanging: No, ANQP: No, LCI: No, Civic: No, capability(0x1411): ESS Privacy ShortSlotTime
11-21 00:43:23.370 D/LOWI-9.0.0.80( 1026): [LOWI-Scan] BSS 2c:57:41:86:85:21 FREQ: 2462, cFreq1[40:80:160] = [0:0:0] cFreq2 = 0 Country Code = US
11-21 00:43:23.370 D/LOWI-9.0.0.80( 1026): [LOWI-Scan] BSS 2c:57:41:86:85:21 (wlan0) ASSO: NO AddInfo: 0x0, TSF 1, 08:54:51.073, RSSI: -154, CPL: 2, AGE: 0,  SSID kittyhawk, TSFDelta: 0x0, TXRate: 0
11-21 00:43:23.371 D/LOWI-9.0.0.80( 1026): [LOWI-Scan] 
11-21 00:43:23.371 D/LOWI-9.0.0.80( 1026): [LOWI-Scan] print_bss_handler: Report Probe TSF 118462234348 as it greater than Beacon TSF 0
11-21 00:43:23.371 I/LOWI-9.0.0.80( 1026): [LOWI-Scan] RSN_IE
11-21 00:43:23.371 D/LOWI-9.0.0.80( 1026): [LOWI-Scan] decode_rsn_wpa_ie: Entered
11-21 00:43:23.371 D/LOWI-9.0.0.80( 1026): [LOWIUtils] hexDump: msg(30 14 01 00 00 0f ac 04 01 00 00 0f ac 04 01 00 00 0f ac 02 )
11-21 00:43:23.371 D/LOWI-9.0.0.80( 1026): [LOWI-Scan] decode_rsn_wpa_ie: LOWI_ENCRYPTION_TYPE_WPA_PSK
11-21 00:43:23.371 D/LOWI-9.0.0.80( 1026): [LOWI-Scan] is_qcom_ie, bss_age: 57
11-21 00:43:23.371 D/LOWI-9.0.0.80( 1026): [LOWI-Scan] adjust_age:AP AGE upper limit reached. Dont store
11-21 00:43:23.371 D/LOWI-9.0.0.80( 1026): [LOWI-Scan] BSS 2c:57:41:89:53:21 LOWI_PHY_MODE_11NG_HT20(5), Beacon Interval: 100, LOWI_ENCRYPTION_TYPE_WPA_PSK 11mcRanging: No, ANQP: No, LCI: No, Civic: No, capability(0x1411): ESS Privacy ShortSlotTime
11-21 00:43:23.371 D/LOWI-9.0.0.80( 1026): [LOWI-Scan] BSS 2c:57:41:89:53:21 FREQ: 2412, cFreq1[40:80:160] = [0:0:0] cFreq2 = 0 Country Code = US
11-21 00:43:23.371 D/LOWI-9.0.0.80( 1026): [LOWI-Scan] BSS 2c:57:41:89:53:21 (wlan0) ASSO: NO AddInfo: 0x0, TSF 1, 08:54:22.234, RSSI: -158, CPL: 3, AGE: 28840,  SSID kittyhawk, TSFDelta: 0x0, TXRate: 0
11-21 00:43:23.372 D/PasspointManager( 1186): ANQP entry not found for: 5e:6e:be:46:77:d7:<Pixel_R3>
11-21 00:43:23.372 D/LOWI-9.0.0.80( 1026): [LOWI-Scan] 
11-21 00:43:23.372 D/LOWI-9.0.0.80( 1026): [LOWI-Scan] print_bss_handler: Report Probe TSF 118491073418 as it greater than Beacon TSF 0
11-21 00:43:23.372 I/LOWI-9.0.0.80( 1026): [LOWI-Scan] RSN_IE
11-21 00:43:23.372 D/LOWI-9.0.0.80( 1026): [LOWI-Scan] decode_rsn_wpa_ie: Entered
11-21 00:43:23.372 D/LOWI-9.0.0.80( 1026): [LOWIUtils] hexDump: msg(30 14 01 00 00 0f ac 04 01 00 00 0f ac 04 01 00 00 0f ac 02 )
11-21 00:43:23.372 D/LOWI-9.0.0.80( 1026): [LOWI-Scan] decode_rsn_wpa_ie: LOWI_ENCRYPTION_TYPE_WPA_PSK
11-21 00:43:23.372 D/LOWI-9.0.0.80( 1026): [LOWI-Scan] is_qcom_ie, bss_age: 15
11-21 00:43:23.372 D/LOWI-9.0.0.80( 1026): [LOWI-Scan] BSS 00:24:b1:02:cb:dc LOWI_PHY_MODE_11NG_HT20(5), Beacon Interval: 100, LOWI_ENCRYPTION_TYPE_WPA_PSK 11mcRanging: No, ANQP: No, LCI: No, Civic: No, capability(0x0431): ESS Privacy ShortPreamble ShortSlotTime
11-21 00:43:23.372 D/PasspointManager( 1186): ANQP entry not found for: 12:d7:96:61:85:9f:<Pixel_R5>
11-21 00:43:23.372 D/LOWI-9.0.0.80( 1026): [LOWI-Scan] BSS 00:24:b1:02:cb:dc FREQ: 2452, cFreq1[40:80:160] = [0:0:0] cFreq2 = 0 Country Code =    
11-21 00:43:23.372 D/LOWI-9.0.0.80( 1026): [LOWI-Scan] BSS 00:24:b1:02:cb:dc (wlan0) ASSO: NO AddInfo: 0x0, TSF 1, 08:54:51.073, RSSI: -180, CPL: 127, AGE: 0,  SSID 0024b1000002cbdc, TSFDelta: 0x0, TXRate: 0
11-21 00:43:23.372 D/PasspointManager( 1186): ANQP entry not found for: ce:dc:12:3b:87:fd:<Pixel5_R1>
11-21 00:43:23.373 D/LOWI-9.0.0.80( 1026): [LOWI-Scan] 
11-21 00:43:23.373 D/PasspointManager( 1186): ANQP entry not found for: fe:2d:5a:49:61:eb:<Pixel_R2>
11-21 00:43:23.373 D/LOWI-9.0.0.80( 1026): [LOWI-Scan] print_bss_handler: Report Probe TSF 118462234373 as it greater than Beacon TSF 0
11-21 00:43:23.373 I/LOWI-9.0.0.80( 1026): [LOWI-Scan] RSN_IE
11-21 00:43:23.373 D/LOWI-9.0.0.80( 1026): [LOWI-Scan] decode_rsn_wpa_ie: Entered
11-21 00:43:23.373 D/LOWI-9.0.0.80( 1026): [LOWIUtils] hexDump: msg(30 14 01 00 00 0f ac 04 01 00 00 0f ac 04 01 00 00 0f ac 02 )
11-21 00:43:23.373 D/LOWI-9.0.0.80( 1026): [LOWI-Scan] decode_rsn_wpa_ie: LOWI_ENCRYPTION_TYPE_WPA_PSK
11-21 00:43:23.373 D/LOWI-9.0.0.80( 1026): [LOWI-Scan] is_qcom_ie, bss_age: 30
11-21 00:43:23.373 D/PasspointManager( 1186): ANQP entry not found for: c6:82:9b:4e:b3:9e:<Pixel_R6>
11-21 00:43:23.373 D/LOWI-9.0.0.80( 1026): [LOWI-Scan] adjust_age:AP AGE upper limit reached. Dont store
11-21 00:43:23.373 D/LOWI-9.0.0.80( 1026): [LOWI-Scan] BSS 2c:57:41:89:63:c1 LOWI_PHY_MODE_11NG_HT20(5), Beacon Interval: 100, LOWI_ENCRYPTION_TYPE_WPA_PSK 11mcRanging: No, ANQP: No, LCI: No, Civic: No, capability(0x1411): ESS Privacy ShortSlotTime
