11-20 07:04:15.251 D/LOWI-9.0.0.80( 1024): [LOWI-Scan] decode_rsn_wpa_ie: LOWI_ENCRYPTION_TYPE_WPA_PSK
11-20 07:04:15.251 D/LOWI-9.0.0.80( 1024): [LOWI-Scan] is_qcom_ie, bss_age: 12
11-20 07:04:15.251 D/LOWI-9.0.0.80( 1024): [LOWI-Scan] BSS fe:2d:5a:49:61:eb LOWI_PHY_MODE_11AC_VHT20_2G(11), Beacon Interval: 100, LOWI_ENCRYPTION_TYPE_WPA_PSK 11mcRanging: No, ANQP: Yes, LCI: No, Civic: No, capability(0x1431): ESS Privacy ShortPreamble ShortSlotTime
11-20 07:04:15.251 D/LOWI-9.0.0.80( 1024): [LOWI-Scan] BSS fe:2d:5a:49:61:eb FREQ: 2452, cFreq1[40:80:160] = [0:0:0] cFreq2 = 0 Country Code =    
11-20 07:04:15.251 D/LOWI-9.0.0.80( 1024): [LOWI-Scan] BSS fe:2d:5a:49:61:eb (wlan0) ASSO: NO AddInfo: 0x0, TSF 0, 15:16:41.504, RSSI: -108, CPL: 127, AGE: 0,  SSID Pixel_R2, TSFDelta: 0x0, TXRate: 0
11-20 07:04:15.252 D/LOWI-9.0.0.80( 1024): [LOWI-Scan] 
11-20 07:04:15.252 D/LOWI-9.0.0.80( 1024): [LOWI-Scan] print_bss_handler: Report Probe TSF 54973002671 as it greater than Beacon TSF 54744490934
11-20 07:04:15.252 I/LOWI-9.0.0.80( 1024): [LOWI-Scan] RSN_IE
11-20 07:04:15.252 D/LOWI-9.0.0.80( 1024): [LOWI-Scan] decode_rsn_wpa_ie: Entered
11-20 07:04:15.252 D/LOWI-9.0.0.80( 1024): [LOWIUtils] hexDump: msg(30 14 01 00 00 0f ac 04 01 00 00 0f ac 04 01 00 00 0f ac 02 )
11-20 07:04:15.252 D/LOWI-9.0.0.80( 1024): [LOWI-Scan] decode_rsn_wpa_ie: LOWI_ENCRYPTION_TYPE_WPA_PSK
11-20 07:04:15.252 D/LOWI-9.0.0.80( 1024): [LOWI-Scan] is_qcom_ie, bss_age: 53
11-20 07:04:15.252 D/LOWI-9.0.0.80( 1024): [LOWI-Scan] adjust_age:AP AGE upper limit reached. Dont store
11-20 07:04:15.252 D/LOWI-9.0.0.80( 1024): [LOWI-Scan] BSS 2c:57:41:86:7a:61 LOWI_PHY_MODE_11NG_HT20(5), Beacon Interval: 100, LOWI_ENCRYPTION_TYPE_WPA_PSK 11mcRanging: No, ANQP: No, LCI: No, Civic: No, capability(0x1411): ESS Privacy ShortSlotTime
11-20 07:04:15.252 D/LOWI-9.0.0.80( 1024): [LOWI-Scan] BSS 2c:57:41:86:7a:61 FREQ: 2412, cFreq1[40:80:160] = [0:0:0] cFreq2 = 0 Country Code = US
11-20 07:04:15.252 D/LOWI-9.0.0.80( 1024): [LOWI-Scan] BSS 2c:57:41:86:7a:61 (wlan0) ASSO: NO AddInfo: 0x0, TSF 0, 15:16:13.002, RSSI: -156, CPL: 3, AGE: 28500,  SSID kittyhawk, TSFDelta: 0x0, TXRate: 0
11-20 07:04:15.252 D/LOWI-9.0.0.80( 1024): [LOWI-Scan] 
11-20 07:04:15.252 D/LOWI-9.0.0.80( 1024): [LOWI-Scan] print_bss_handler: Report Probe TSF 55001504624 as it greater than Beacon TSF 54460344276
11-20 07:04:15.252 I/LOWI-9.0.0.80( 1024): [LOWI-Scan] RSN_IE
11-20 07:04:15.253 D/LOWI-9.0.0.80( 1024): [LOWI-Scan] decode_rsn_wpa_ie: Entered
11-20 07:04:15.253 D/LOWI-9.0.0.80( 1024): [LOWIUtils] hexDump: msg(30 14 01 00 00 0f ac 04 01 00 00 0f ac 04 01 00 00 0f ac 02 )
11-20 07:04:15.253 D/LOWI-9.0.0.80( 1024): [LOWI-Scan] decode_rsn_wpa_ie: LOWI_ENCRYPTION_TYPE_WPA_PSK
11-20 07:04:15.253 D/LOWI-9.0.0.80( 1024): [LOWI-Scan] is_qcom_ie, bss_age: 3
11-20 07:04:15.253 D/LOWI-9.0.0.80( 1024): [LOWI-Scan] BSS 2c:57:41:86:94:a1 LOWI_PHY_MODE_11NG_HT20(5), Beacon Interval: 100, LOWI_ENCRYPTION_TYPE_WPA_PSK 11mcRanging: No, ANQP: No, LCI: No, Civic: No, capability(0x1411): ESS Privacy ShortSlotTime
11-20 07:04:15.253 D/LOWI-9.0.0.80( 1024): [LOWI-Scan] BSS 2c:57:41:86:94:a1 FREQ: 2462, cFreq1[40:80:160] = [0:0:0] cFreq2 = 0 Country Code = US
11-20 07:04:15.253 D/LOWI-9.0.0.80( 1024): [LOWI-Scan] BSS 2c:57:41:86:94:a1 (wlan0) ASSO: NO AddInfo: 0x0, TSF 0, 15:16:41.504, RSSI: -138, CPL: 2, AGE: 0,  SSID kittyhawk, TSFDelta: 0x0, TXRate: 0
11-20 07:04:15.253 D/LOWI-9.0.0.80( 1024): [LOWI-Scan] 
11-20 07:04:15.253 D/LOWI-9.0.0.80( 1024): [LOWI-Scan] print_bss_handler: Report Probe TSF 55001504642 as it greater than Beacon TSF 54899609593
11-20 07:04:15.253 I/LOWI-9.0.0.80( 1024): [LOWI-Scan] RSN_IE
11-20 07:04:15.253 D/LOWI-9.0.0.80( 1024): [LOWI-Scan] decode_rsn_wpa_ie: Entered
11-20 07:04:15.253 D/LOWI-9.0.0.80( 1024): [LOWIUtils] hexDump: msg(30 14 01 00 00 0f ac 04 01 00 00 0f ac 04 01 00 00 0f ac 02 )
11-20 07:04:15.253 D/LOWI-9.0.0.80( 1024): [LOWI-Scan] decode_rsn_wpa_ie: LOWI_ENCRYPTION_TYPE_WPA_PSK
11-20 07:04:15.253 D/LOWI-9.0.0.80( 1024): [LOWI-Scan] is_qcom_ie, bss_age: 3
11-20 07:04:15.254 D/LOWI-9.0.0.80( 1024): [LOWI-Scan] BSS 2c:57:41:86:90:a1 LOWI_PHY_MODE_11NG_HT20(5), Beacon Interval: 100, LOWI_ENCRYPTION_TYPE_WPA_PSK 11mcRanging: No, ANQP: No, LCI: No, Civic: No, capability(0x1411): ESS Privacy ShortSlotTime
11-20 07:04:15.254 D/LOWI-9.0.0.80( 1024): [LOWI-Scan] BSS 2c:57:41:86:90:a1 FREQ: 2462, cFreq1[40:80:160] = [0:0:0] cFreq2 = 0 Country Code = US
11-20 07:04:15.254 D/LOWI-9.0.0.80( 1024): [LOWI-Scan] BSS 2c:57:41:86:90:a1 (wlan0) ASSO: NO AddInfo: 0x0, TSF 0, 15:16:41.504, RSSI: -140, CPL: 2, AGE: 0,  SSID kittyhawk, TSFDelta: 0x0, TXRate: 0
11-20 07:04:15.254 D/WificondScannerImpl( 1194): Filtering out 2 scan results.
11-20 07:04:15.254 D/LOWI-9.0.0.80( 1024): [LOWI-Scan] 
11-20 07:04:15.254 D/LOWI-9.0.0.80( 1024): [LOWI-Scan] print_bss_handler: Report Probe TSF 55001504747 as it greater than Beacon TSF 54818193482
11-20 07:04:15.254 I/LOWI-9.0.0.80( 1024): [LOWI-Scan] RSN_IE
11-20 07:04:15.254 D/LOWI-9.0.0.80( 1024): [LOWI-Scan] decode_rsn_wpa_ie: Entered
11-20 07:04:15.254 D/LOWI-9.0.0.80( 1024): [LOWIUtils] hexDump: msg(30 14 01 00 00 0f ac 04 01 00 00 0f ac 04 01 00 00 0f ac 02 )
11-20 07:04:15.254 D/LOWI-9.0.0.80( 1024): [LOWI-Scan] decode_rsn_wpa_ie: LOWI_ENCRYPTION_TYPE_WPA_PSK
11-20 07:04:15.254 D/LOWI-9.0.0.80( 1024): [LOWI-Scan] is_qcom_ie, bss_age: 47
11-20 07:04:15.254 D/LOWI-9.0.0.80( 1024): [LOWI-Scan] BSS 2c:57:41:88:72:e1 LOWI_PHY_MODE_11NG_HT20(5), Beacon Interval: 100, LOWI_ENCRYPTION_TYPE_WPA_PSK 11mcRanging: No, ANQP: No, LCI: No, Civic: No, capability(0x1411): ESS Privacy ShortSlotTime
11-20 07:04:15.254 D/LOWI-9.0.0.80( 1024): [LOWI-Scan] BSS 2c:57:41:88:72:e1 FREQ: 2412, cFreq1[40:80:160] = [0:0:0] cFreq2 = 0 Country Code = US
11-20 07:04:15.261 D/LOWI-9.0.0.80( 1024): [LOWI-Scan] BSS 2c:57:41:88:72:e1 (wlan0) ASSO: NO AddInfo: 0x0, TSF 0, 15:16:41.504, RSSI: -148, CPL: 3, AGE: 0,  SSID kittyhawk, TSFDelta: 0x0, TXRate: 0
11-20 07:04:15.262 D/LOWI-9.0.0.80( 1024): [LOWI-Scan] 
11-20 07:04:15.262 D/LOWI-9.0.0.80( 1024): [LOWI-Scan] print_bss_handler: Report Probe TSF 55001504805 as it greater than Beacon TSF 54973002652
11-20 07:04:15.262 I/LOWI-9.0.0.80( 1024): [LOWI-Scan] RSN_IE
11-20 07:04:15.262 D/LOWI-9.0.0.80( 1024): [LOWI-Scan] decode_rsn_wpa_ie: Entered
11-20 07:04:15.262 D/LOWI-9.0.0.80( 1024): [LOWIUtils] hexDump: msg(30 14 01 00 00 0f ac 04 01 00 00 0f ac 04 01 00 00 0f ac 02 )
11-20 07:04:15.262 D/LOWI-9.0.0.80( 1024): [LOWI-Scan] decode_rsn_wpa_ie: LOWI_ENCRYPTION_TYPE_WPA_PSK
11-20 07:04:15.262 D/LOWI-9.0.0.80( 1024): [LOWI-Scan] is_qcom_ie, bss_age: 25
11-20 07:04:15.262 D/LOWI-9.0.0.80( 1024): [LOWI-Scan] BSS 2c:57:41:89:63:c1 LOWI_PHY_MODE_11NG_HT20(5), Beacon Interval: 100, LOWI_ENCRYPTION_TYPE_WPA_PSK 11mcRanging: No, ANQP: No, LCI: No, Civic: No, capability(0x1411): ESS Privacy ShortSlotTime
11-20 07:04:15.262 D/LOWI-9.0.0.80( 1024): [LOWI-Scan] BSS 2c:57:41:89:63:c1 FREQ: 2437, cFreq1[40:80:160] = [0:0:0] cFreq2 = 0 Country Code = US
11-20 07:04:15.262 D/LOWI-9.0.0.80( 1024): [LOWI-Scan] BSS 2c:57:41:89:63:c1 (wlan0) ASSO: NO AddInfo: 0x0, TSF 0, 15:16:41.504, RSSI: -158, CPL: 2, AGE: 0,  SSID kittyhawk, TSFDelta: 0x0, TXRate: 0
11-20 07:04:15.263 D/LOWI-9.0.0.80( 1024): [LOWI-Scan] 
11-20 07:04:15.263 D/LOWI-9.0.0.80( 1024): [LOWI-Scan] print_bss_handler: Report Probe TSF 55001504787 as it greater than Beacon TSF 54586061747
11-20 07:04:15.263 I/LOWI-9.0.0.80( 1024): [LOWI-Scan] RSN_IE
11-20 07:04:15.264 D/LOWI-9.0.0.80( 1024): [LOWI-Scan] decode_rsn_wpa_ie: Entered
11-20 07:04:15.264 D/LOWI-9.0.0.80( 1024): [LOWIUtils] hexDump: msg(30 14 01 00 00 0f ac 04 01 00 00 0f ac 04 01 00 00 0f ac 02 )
11-20 07:04:15.264 D/LOWI-9.0.0.80( 1024): [LOWI-Scan] decode_rsn_wpa_ie: LOWI_ENCRYPTION_TYPE_WPA_PSK
11-20 07:04:15.264 D/LOWI-9.0.0.80( 1024): [LOWI-Scan] is_qcom_ie, bss_age: 46
11-20 07:04:15.264 D/LOWI-9.0.0.80( 1024): [LOWI-Scan] BSS 2c:57:41:89:53:21 LOWI_PHY_MODE_11NG_HT20(5), Beacon Interval: 100, LOWI_ENCRYPTION_TYPE_WPA_PSK 11mcRanging: No, ANQP: No, LCI: No, Civic: No, capability(0x1411): ESS Privacy ShortSlotTime
11-20 07:04:15.264 D/LOWI-9.0.0.80( 1024): [LOWI-Scan] BSS 2c:57:41:89:53:21 FREQ: 2412, cFreq1[40:80:160] = [0:0:0] cFreq2 = 0 Country Code = US
11-20 07:04:15.264 D/LOWI-9.0.0.80( 1024): [LOWI-Scan] BSS 2c:57:41:89:53:21 (wlan0) ASSO: NO AddInfo: 0x0, TSF 0, 15:16:41.504, RSSI: -158, CPL: 3, AGE: 0,  SSID kittyhawk, TSFDelta: 0x0, TXRate: 0
11-20 07:04:15.265 D/LOWI-9.0.0.80( 1024): [LOWI-Scan] 
11-20 07:04:15.265 D/LOWI-9.0.0.80( 1024): [LOWI-Scan] print_bss_handler: Report Probe TSF 55001504500 as it greater than Beacon TSF 54767872491
11-20 07:04:15.265 I/LOWI-9.0.0.80( 1024): [LOWI-Scan] RSN_IE
11-20 07:04:15.265 D/LOWI-9.0.0.80( 1024): [LOWI-Scan] decode_rsn_wpa_ie: Entered
11-20 07:04:15.265 D/LOWI-9.0.0.80( 1024): [LOWIUtils] hexDump: msg(30 14 01 00 00 0f ac 04 01 00 00 0f ac 04 01 00 00 0f ac 02 )
11-20 07:04:15.265 D/LOWI-9.0.0.80( 1024): [LOWI-Scan] decode_rsn_wpa_ie: LOWI_ENCRYPTION_TYPE_WPA_PSK
11-20 07:04:15.265 D/LOWI-9.0.0.80( 1024): [LOWI-Scan] is_qcom_ie, bss_age: 24
11-20 07:04:15.265 D/LOWI-9.0.0.80( 1024): [LOWI-Scan] BSS ce:dc:12:3b:87:fd LOWI_PHY_MODE_11AC_VHT20_2G(11), Beacon Interval: 100, LOWI_ENCRYPTION_TYPE_WPA_PSK 11mcRanging: No, ANQP: Yes, LCI: No, Civic: No, capability(0x1431): ESS Privacy ShortPreamble ShortSlotTime
11-20 07:04:15.265 D/LOWI-9.0.0.80( 1024): [LOWI-Scan] BSS ce:dc:12:3b:87:fd FREQ: 2437, cFreq1[40:80:160] = [0:0:0] cFreq2 = 0 Country Code =    
11-20 07:04:15.265 D/LOWI-9.0.0.80( 1024): [LOWI-Scan] BSS ce:dc:12:3b:87:fd (wlan0) ASSO: NO AddInfo: 0x0, TSF 0, 15:16:41.504, RSSI: -104, CPL: 127, AGE: 0,  SSID Pixel5_R1, TSFDelta: 0x0, TXRate: 0
11-20 07:04:15.266 D/LOWI-9.0.0.80( 1024): [LOWI-Scan] 
11-20 07:04:15.266 D/LOWI-9.0.0.80( 1024): [LOWI-Scan] print_bss_handler: Report Probe TSF 55001504727 as it greater than Beacon TSF 54973002575
11-20 07:04:15.266 I/LOWI-9.0.0.80( 1024): [LOWI-Scan] RSN_IE
11-20 07:04:15.266 D/LOWI-9.0.0.80( 1024): [LOWI-Scan] decode_rsn_wpa_ie: Entered
11-20 07:04:15.266 D/LOWI-9.0.0.80( 1024): [LOWIUtils] hexDump: msg(30 14 01 00 00 0f ac 04 01 00 00 0f ac 04 01 00 00 0f ac 02 )
11-20 07:04:15.266 D/LOWI-9.0.0.80( 1024): [LOWI-Scan] decode_rsn_wpa_ie: LOWI_ENCRYPTION_TYPE_WPA_PSK
11-20 07:04:15.266 D/LOWI-9.0.0.80( 1024): [LOWI-Scan] is_qcom_ie, bss_age: 48
11-20 07:04:15.266 D/LOWI-9.0.0.80( 1024): [LOWI-Scan] BSS 18:64:72:60:2b:40 LOWI_PHY_MODE_11NG_HT20(5), Beacon Interval: 100, LOWI_ENCRYPTION_TYPE_WPA_PSK 11mcRanging: No, ANQP: No, LCI: No, Civic: No, capability(0x0431): ESS Privacy ShortPreamble ShortSlotTime
11-20 07:04:15.266 D/LOWI-9.0.0.80( 1024): [LOWI-Scan] BSS 18:64:72:60:2b:40 FREQ: 2412, cFreq1[40:80:160] = [0:0:0] cFreq2 = 0 Country Code =    
11-20 07:04:15.266 D/LOWI-9.0.0.80( 1024): [LOWI-Scan] BSS 18:64:72:60:2b:40 (wlan0) ASSO: NO AddInfo: 0x0, TSF 0, 15:16:41.504, RSSI: -142, CPL: 127, AGE: 0,  SSID lab-t24103779, TSFDelta: 0x0, TXRate: 0
11-20 07:04:15.266 D/PasspointManager( 1194): ANQP entry not found for: c6:82:9b:4e:b3:9e:<Pixel_R6>
11-20 07:04:15.266 D/PasspointManager( 1194): ANQP entry not found for: 5e:6e:be:46:77:d7:<Pixel_R3>
11-20 07:04:15.266 D/PasspointManager( 1194): ANQP entry not found for: 12:d7:96:61:85:9f:<Pixel_R5>
11-20 07:04:15.267 D/LOWI-9.0.0.80( 1024): [LOWI-Scan] 
11-20 07:04:15.267 D/PasspointManager( 1194): ANQP entry not found for: fe:2d:5a:49:61:eb:<Pixel_R2>
11-20 07:04:15.267 D/LOWI-9.0.0.80( 1024): [LOWI-Scan] print_bss_handler: Report Probe TSF 55001504769 as it greater than Beacon TSF 0
11-20 07:04:15.267 I/LOWI-9.0.0.80( 1024): [LOWI-Scan] RSN_IE
11-20 07:04:15.267 D/LOWI-9.0.0.80( 1024): [LOWI-Scan] decode_rsn_wpa_ie: Entered
11-20 07:04:15.267 D/LOWI-9.0.0.80( 1024): [LOWIUtils] hexDump: msg(30 14 01 00 00 0f ac 04 01 00 00 0f ac 04 01 00 00 0f ac 02 )
11-20 07:04:15.267 D/LOWI-9.0.0.80( 1024): [LOWI-Scan] decode_rsn_wpa_ie: LOWI_ENCRYPTION_TYPE_WPA_PSK
11-20 07:04:15.267 D/PasspointManager( 1194): ANQP entry not found for: ce:dc:12:3b:87:fd:<Pixel5_R1>
11-20 07:04:15.267 D/LOWI-9.0.0.80( 1024): [LOWI-Scan] is_qcom_ie, bss_age: 5
11-20 07:04:15.267 D/LOWI-9.0.0.80( 1024): [LOWI-Scan] BSS 2c:57:41:86:85:21 LOWI_PHY_MODE_11NG_HT20(5), Beacon Interval: 100, LOWI_ENCRYPTION_TYPE_WPA_PSK 11mcRanging: No, ANQP: No, LCI: No, Civic: No, capability(0x1411): ESS Privacy ShortSlotTime
11-20 07:04:15.267 D/LOWI-9.0.0.80( 1024): [LOWI-Scan] BSS 2c:57:41:86:85:21 FREQ: 2462, cFreq1[40:80:160] = [0:0:0] cFreq2 = 0 Country Code = US
11-20 07:04:15.267 D/LOWI-9.0.0.80( 1024): [LOWI-Scan] BSS 2c:57:41:86:85:21 (wlan0) ASSO: NO AddInfo: 0x0, TSF 0, 15:16:41.504, RSSI: -158, CPL: 2, AGE: 0,  SSID kittyhawk, TSFDelta: 0x0, TXRate: 0
11-20 07:04:15.267 D/LOWI-9.0.0.80( 1024): [LOWI-Scan] 
11-20 07:04:15.267 D/LOWI-9.0.0.80( 1024): [LOWI-Scan] print_bss_handler: Report Probe TSF 54973002691 as it greater than Beacon TSF 0
11-20 07:04:15.267 I/LOWI-9.0.0.80( 1024): [LOWI-Scan] RSN_IE
11-20 07:04:15.268 D/LOWI-9.0.0.80( 1024): [LOWI-Scan] decode_rsn_wpa_ie: Entered
11-20 07:04:15.268 D/LOWI-9.0.0.80( 1024): [LOWIUtils] hexDump: msg(30 14 01 00 00 0f ac 04 01 00 00 0f ac 04 01 00 00 0f ac 02 )
11-20 07:04:15.268 D/LOWI-9.0.0.80( 1024): [LOWI-Scan] decode_rsn_wpa_ie: LOWI_ENCRYPTION_TYPE_WPA_PSK
11-20 07:04:15.268 D/LOWI-9.0.0.80( 1024): [LOWI-Scan] is_qcom_ie, bss_age: 5
11-20 07:04:15.268 D/LOWI-9.0.0.80( 1024): [LOWI-Scan] adjust_age:AP AGE upper limit reached. Dont store
11-20 07:04:15.268 D/LOWI-9.0.0.80( 1024): [LOWI-Scan] BSS 18:64:72:60:2e:e0 LOWI_PHY_MODE_11NG_HT20(5), Beacon Interval: 100, LOWI_ENCRYPTION_TYPE_WPA_PSK 11mcRanging: No, ANQP: No, LCI: No, Civic: No, capability(0x0431): ESS Privacy ShortPreamble ShortSlotTime
11-20 07:04:15.268 D/LOWI-9.0.0.80( 1024): [LOWI-Scan] BSS 18:64:72:60:2e:e0 FREQ: 2462, cFreq1[40:80:160] = [0:0:0] cFreq2 = 0 Country Code =    
11-20 07:04:15.268 D/LOWI-9.0.0.80( 1024): [LOWI-Scan] BSS 18:64:72:60:2e:e0 (wlan0) ASSO: NO AddInfo: 0x0, TSF 0, 15:16:13.002, RSSI: -162, CPL: 127, AGE: 28500,  SSID lab-t24103779, TSFDelta: 0x0, TXRate: 0
11-20 07:04:15.270 D/LOWI-9.0.0.80( 1024): [LOWI-Scan] 
11-20 07:04:15.270 D/LOWI-9.0.0.80( 1024): [LOWI-Scan] print_bss_handler: Report Probe TSF 55001504546 as it greater than Beacon TSF 0
11-20 07:04:15.270 I/LOWI-9.0.0.80( 1024): [LOWI-Scan] RSN_IE
11-20 07:04:15.270 D/LOWI-9.0.0.80( 1024): [LOWI-Scan] decode_rsn_wpa_ie: Entered
11-20 07:04:15.270 D/LOWI-9.0.0.80( 1024): [LOWIUtils] hexDump: msg(30 14 01 00 00 0f ac 04 01 00 00 0f ac 04 01 00 00 0f ac 02 )
11-20 07:04:15.270 D/LOWI-9.0.0.80( 1024): [LOWI-Scan] decode_rsn_wpa_ie: LOWI_ENCRYPTION_TYPE_WPA_PSK
11-20 07:04:15.270 D/LOWI-9.0.0.80( 1024): [LOWI-Scan] is_qcom_ie, bss_age: 41
11-20 07:04:15.270 D/LOWI-9.0.0.80( 1024): [LOWI-Scan] BSS 52:b8:14:37:74:3f LOWI_PHY_MODE_11AC_VHT20_2G(11), Beacon Interval: 100, LOWI_ENCRYPTION_TYPE_WPA_PSK 11mcRanging: No, ANQP: No, LCI: No, Civic: No, capability(0x1431): ESS Privacy ShortPreamble ShortSlotTime
11-20 07:04:15.270 D/LOWI-9.0.0.80( 1024): [LOWI-Scan] BSS 52:b8:14:37:74:3f FREQ: 2417, cFreq1[40:80:160] = [0:0:0] cFreq2 = 0 Country Code =    
11-20 07:04:15.270 D/LOWI-9.0.0.80( 1024): [LOWI-Scan] BSS 52:b8:14:37:74:3f (wlan0) ASSO: NO AddInfo: 0x0, TSF 0, 15:16:41.504, RSSI: -104, CPL: 127, AGE: 0,  SSID Pixel_8668, TSFDelta: 0x0, TXRate: 0
11-20 07:04:15.270 D/LOWI-9.0.0.80( 1024): [LOWIDiagLog] Log: lowiMeasResult->request: invalid null argument
11-20 07:04:15.270 I/LOWI-9.0.0.80( 1024): [LOWI-Scan] lowi_close_record:Scan done in 54957753ms, 19 APs in scan results
11-20 07:04:15.270 D/LOWI-9.0.0.80( 1024): [LOWI-Scan] WipsScanUsingNL: passive scan cached 0, took 8977 ms, err 0
11-20 07:04:15.270 D/LOWI-9.0.0.80( 1024): [LOWI-Scan] lowi_proc_req_passive_scan_with_live_meas - No WLAN Frames to be parsed
11-20 07:04:15.270 D/LOWI-9.0.0.80( 1024): [LOWIScanResultReceiver] Send scan meas to listener
11-20 07:04:15.271 D/LOWI-9.0.0.80( 1024): [LOWIScanResultReceiver] Enter passive listening mode
11-20 07:04:15.271 D/LOWI-9.0.0.80( 1024): [LOWIWifiDriverInterface] getMeasurements - Passive listening mode
11-20 07:04:15.271 D/LOWI-9.0.0.80( 1024): [LOWI-Scan] WipsScanUsingNL:wait -1 sec for netlink message
11-20 07:04:15.271 D/LOWI-9.0.0.80( 1024): [LOWIEventReceiver] handleEvent:FROM:NA, TO:NA, REQ:NA, IREQ:NA, REQ_ID:0, RESP:NA, INFO:NA
11-20 07:04:15.271 D/LOWI-9.0.0.80( 1024): [LOWIBackgroundScanMgr] isRspForBgScanMgr: evt(LOWI_NO_EVT) - not handled
11-20 07:04:15.271 D/LOWI-9.0.0.80( 1024): [LOWIScheduler] manageMsg: NULL results or NULL request in results
11-20 07:04:15.271 D/LOWI-9.0.0.80( 1024): [LOWIController] Measurements received
11-20 07:04:15.271 D/LOWI-9.0.0.80( 1024): [LOWICacheManager] putInCache:Num of Meas to add: 19
11-20 07:04:15.278 D/LOWI-9.0.0.80( 1024): [LOWIController] processMeasurementResults: No current Request. Cache measurements
11-20 07:04:15.278 D/LOWI-9.0.0.80( 1024): [LOWIControllerExtn] sendLOWILpDiscoveryScanResponse: Not a discovery scan response
11-20 07:04:15.321 D/WifiSharingService( 2841): Sending scanResults intent with status code 0: PendingIntent{d59f86b: android.os.BinderProxy@cb629ec}
11-20 07:04:15.326 D/CompatibilityInfo( 1194): mCompatibilityFlags - 4
11-20 07:04:15.326 D/CompatibilityInfo( 1194): applicationDensity - 320
11-20 07:04:15.326 D/CompatibilityInfo( 1194): applicationScale - 1.0
11-20 07:04:15.375 I/chatty  ( 2351): uid=10060(com.facebook.wearable.system.selfcare) pool-3-thread-1 expire 2 lines
11-20 07:04:15.454 D/CompatibilityInfo( 1194): mCompatibilityFlags - 4
11-20 07:04:15.454 D/CompatibilityInfo( 1194): applicationDensity - 320
11-20 07:04:15.454 D/CompatibilityInfo( 1194): applicationScale - 1.0
11-20 07:04:15.516 I/chatty  ( 2351): uid=10060(com.facebook.wearable.system.selfcare) MainTP_412 expire 1 line
11-20 07:04:15.517 I/chatty  ( 2351): uid=10060(com.facebook.wearable.system.selfcare) DefaultDispatch expire 1 line
11-20 07:04:15.518 I/chatty  ( 2351): uid=10060(com.facebook.wearable.system.selfcare) MainTP_411 expire 1 line
11-20 07:04:15.698 E/SelfCareDataCloudSyncWorker( 2351): Failed to get access token
11-20 07:04:15.698 E/SelfCareDataCloudSyncWorker( 2351): kotlinx.coroutines.JobCancellationException: Job was cancelled; job=JobImpl{Cancelling}@f77a762
11-20 07:04:15.698 I/WM-WorkerWrapper( 2351): Work [ id=41176d4d-428f-4560-a8c8-961a1631ba8f, tags={ com.facebook.wearable.system.selfcare.cloudsync.SelfCareDataCloudSyncWorker } ] was cancelled
11-20 07:04:15.698 I/WM-WorkerWrapper( 2351): java.util.concurrent.CancellationException: Task was cancelled.
11-20 07:04:15.698 I/WM-WorkerWrapper( 2351): 	at androidx.work.impl.utils.futures.AbstractFuture.getDoneValue(:32)
11-20 07:04:15.698 I/WM-WorkerWrapper( 2351): 	at androidx.work.impl.utils.futures.AbstractFuture.get(:268435546)
11-20 07:04:15.698 I/WM-WorkerWrapper( 2351): 	at androidx.work.impl.WorkerWrapper$2.run(:3)
11-20 07:04:15.698 I/WM-WorkerWrapper( 2351): 	at androidx.work.impl.utils.SerialExecutor$Task.run(:2)
11-20 07:04:15.698 I/WM-WorkerWrapper( 2351): 	at java.util.concurrent.ThreadPoolExecutor.runWorker(ThreadPoolExecutor.java:1167)
11-20 07:04:15.698 I/WM-WorkerWrapper( 2351): 	at java.util.concurrent.ThreadPoolExecutor$Worker.run(ThreadPoolExecutor.java:641)
11-20 07:04:15.698 I/WM-WorkerWrapper( 2351): 	at java.lang.Thread.run(Thread.java:923)
11-20 07:04:15.768 D/CompatibilityInfo( 1194): mCompatibilityFlags - 4
11-20 07:04:15.769 D/CompatibilityInfo( 1194): applicationDensity - 320
11-20 07:04:15.769 D/CompatibilityInfo( 1194): applicationScale - 1.0
11-20 07:04:15.825 E/StickerBundleDatabaseWorker( 2351): Failed to fetch sticker bundles:
11-20 07:04:15.825 E/StickerBundleDatabaseWorker( 2351): kotlinx.coroutines.JobCancellationException: Job was cancelled; job=JobImpl{Cancelling}@ee3094f
11-20 07:04:15.825 I/WM-WorkerWrapper( 2351): Work [ id=731e9e35-e8c2-49b1-b246-986e05f06ab6, tags={ com.facebook.wearable.system.selfcare.sharing.StickerBundleDatabaseWorker } ] was cancelled
11-20 07:04:15.825 I/WM-WorkerWrapper( 2351): java.util.concurrent.CancellationException: Task was cancelled.
11-20 07:04:15.825 I/WM-WorkerWrapper( 2351): 	at androidx.work.impl.utils.futures.AbstractFuture.getDoneValue(:32)
11-20 07:04:15.825 I/WM-WorkerWrapper( 2351): 	at androidx.work.impl.utils.futures.AbstractFuture.get(:268435546)
11-20 07:04:15.825 I/WM-WorkerWrapper( 2351): 	at androidx.work.impl.WorkerWrapper$2.run(:3)
11-20 07:04:15.825 I/WM-WorkerWrapper( 2351): 	at androidx.work.impl.utils.SerialExecutor$Task.run(:2)
11-20 07:04:15.825 I/WM-WorkerWrapper( 2351): 	at java.util.concurrent.ThreadPoolExecutor.runWorker(ThreadPoolExecutor.java:1167)
11-20 07:04:15.825 I/WM-WorkerWrapper( 2351): 	at java.util.concurrent.ThreadPoolExecutor$Worker.run(ThreadPoolExecutor.java:641)
11-20 07:04:15.825 I/WM-WorkerWrapper( 2351): 	at java.lang.Thread.run(Thread.java:923)
11-20 07:04:15.826 D/SettingsSDK::SyncHelper( 2351): Read setting com.facebook.wearable.sdk.selfcare:SELFCARE_SERVICE_ENABLED from persistent cache
11-20 07:04:15.826 D/FacebookRepository( 2351): Reading from Store [906581286488774]
11-20 07:04:16.023 E/SelfCareDataCloudSyncWorker( 2351): Failed to get access token
11-20 07:04:16.023 E/SelfCareDataCloudSyncWorker( 2351): kotlinx.coroutines.JobCancellationException: Job was cancelled; job=JobImpl{Cancelling}@7b0d347
11-20 07:04:16.023 I/WM-WorkerWrapper( 2351): Work [ id=41176d4d-428f-4560-a8c8-961a1631ba8f, tags={ com.facebook.wearable.system.selfcare.cloudsync.SelfCareDataCloudSyncWorker } ] was cancelled
11-20 07:04:16.023 I/WM-WorkerWrapper( 2351): java.util.concurrent.CancellationException: Task was cancelled.
11-20 07:04:16.023 I/WM-WorkerWrapper( 2351): 	at androidx.work.impl.utils.futures.AbstractFuture.getDoneValue(:32)
11-20 07:04:16.023 I/WM-WorkerWrapper( 2351): 	at androidx.work.impl.utils.futures.AbstractFuture.get(:268435546)
11-20 07:04:16.023 I/WM-WorkerWrapper( 2351): 	at androidx.work.impl.WorkerWrapper$2.run(:3)
11-20 07:04:16.023 I/WM-WorkerWrapper( 2351): 	at androidx.work.impl.utils.SerialExecutor$Task.run(:2)
11-20 07:04:16.023 I/WM-WorkerWrapper( 2351): 	at java.util.concurrent.ThreadPoolExecutor.runWorker(ThreadPoolExecutor.java:1167)
11-20 07:04:16.023 I/WM-WorkerWrapper( 2351): 	at java.util.concurrent.ThreadPoolExecutor$Worker.run(ThreadPoolExecutor.java:641)
11-20 07:04:16.023 I/WM-WorkerWrapper( 2351): 	at java.lang.Thread.run(Thread.java:923)
11-20 07:04:16.104 D/CompatibilityInfo( 1194): mCompatibilityFlags - 4
11-20 07:04:16.104 D/CompatibilityInfo( 1194): applicationDensity - 320
11-20 07:04:16.104 D/CompatibilityInfo( 1194): applicationScale - 1.0
11-20 07:04:16.169 E/StickerBundleDatabaseWorker( 2351): Failed to fetch sticker bundles:
11-20 07:04:16.169 E/StickerBundleDatabaseWorker( 2351): kotlinx.coroutines.JobCancellationException: Job was cancelled; job=JobImpl{Cancelling}@79d5ce3
11-20 07:04:16.169 I/WM-WorkerWrapper( 2351): Work [ id=731e9e35-e8c2-49b1-b246-986e05f06ab6, tags={ com.facebook.wearable.system.selfcare.sharing.StickerBundleDatabaseWorker } ] was cancelled
11-20 07:04:16.169 I/WM-WorkerWrapper( 2351): java.util.concurrent.CancellationException: Task was cancelled.
11-20 07:04:16.169 I/WM-WorkerWrapper( 2351): 	at androidx.work.impl.utils.futures.AbstractFuture.getDoneValue(:32)
11-20 07:04:16.169 I/WM-WorkerWrapper( 2351): 	at androidx.work.impl.utils.futures.AbstractFuture.get(:268435546)
11-20 07:04:16.169 I/WM-WorkerWrapper( 2351): 	at androidx.work.impl.WorkerWrapper$2.run(:3)
11-20 07:04:16.169 I/WM-WorkerWrapper( 2351): 	at androidx.work.impl.utils.SerialExecutor$Task.run(:2)
11-20 07:04:16.169 I/WM-WorkerWrapper( 2351): 	at java.util.concurrent.ThreadPoolExecutor.runWorker(ThreadPoolExecutor.java:1167)
11-20 07:04:16.169 I/WM-WorkerWrapper( 2351): 	at java.util.concurrent.ThreadPoolExecutor$Worker.run(ThreadPoolExecutor.java:641)
11-20 07:04:16.169 I/WM-WorkerWrapper( 2351): 	at java.lang.Thread.run(Thread.java:923)
11-20 07:04:16.169 D/SettingsSDK::SyncHelper( 2351): Read setting com.facebook.wearable.sdk.selfcare:SELFCARE_SERVICE_ENABLED from persistent cache
11-20 07:04:16.170 D/FacebookRepository( 2351): Reading from Store [906581286488774]
11-20 07:04:16.322 W/HWComposer(  577): Ignoring duplicate VSYNC event from HWC for display 0 (t=55002585479694)
11-20 07:04:16.339 W/HWComposer(  577): Ignoring duplicate VSYNC event from HWC for display 0 (t=55002602379903)
11-20 07:04:16.356 W/HWComposer(  577): Ignoring duplicate VSYNC event from HWC for display 0 (t=55002619347715)
11-20 07:04:16.386 E/SelfCareDataCloudSyncWorker( 2351): Failed to get access token
11-20 07:04:16.386 E/SelfCareDataCloudSyncWorker( 2351): kotlinx.coroutines.JobCancellationException: Job was cancelled; job=JobImpl{Cancelling}@947855b
11-20 07:04:16.386 I/WM-WorkerWrapper( 2351): Work [ id=41176d4d-428f-4560-a8c8-961a1631ba8f, tags={ com.facebook.wearable.system.selfcare.cloudsync.SelfCareDataCloudSyncWorker } ] was cancelled
11-20 07:04:16.386 I/WM-WorkerWrapper( 2351): java.util.concurrent.CancellationException: Task was cancelled.
11-20 07:04:16.386 I/WM-WorkerWrapper( 2351): 	at androidx.work.impl.utils.futures.AbstractFuture.getDoneValue(:32)
11-20 07:04:16.386 I/WM-WorkerWrapper( 2351): 	at androidx.work.impl.utils.futures.AbstractFuture.get(:268435546)
11-20 07:04:16.386 I/WM-WorkerWrapper( 2351): 	at androidx.work.impl.WorkerWrapper$2.run(:3)
11-20 07:04:16.386 I/WM-WorkerWrapper( 2351): 	at androidx.work.impl.utils.SerialExecutor$Task.run(:2)
11-20 07:04:16.386 I/WM-WorkerWrapper( 2351): 	at java.util.concurrent.ThreadPoolExecutor.runWorker(ThreadPoolExecutor.java:1167)
11-20 07:04:16.386 I/WM-WorkerWrapper( 2351): 	at java.util.concurrent.ThreadPoolExecutor$Worker.run(ThreadPoolExecutor.java:641)
11-20 07:04:16.386 I/WM-WorkerWrapper( 2351): 	at java.lang.Thread.run(Thread.java:923)
11-20 07:04:16.390 W/HWComposer(  577): Ignoring duplicate VSYNC event from HWC for display 0 (t=55002653080892)
11-20 07:04:16.462 D/CompatibilityInfo( 1194): mCompatibilityFlags - 4
11-20 07:04:16.463 D/CompatibilityInfo( 1194): applicationDensity - 320
11-20 07:04:16.463 D/CompatibilityInfo( 1194): applicationScale - 1.0
11-20 07:04:16.523 I/WM-WorkerWrapper( 2351): Work [ id=731e9e35-e8c2-49b1-b246-986e05f06ab6, tags={ com.facebook.wearable.system.selfcare.sharing.StickerBundleDatabaseWorker } ] was cancelled
11-20 07:04:16.523 I/WM-WorkerWrapper( 2351): java.util.concurrent.CancellationException: Task was cancelled.
11-20 07:04:16.523 I/WM-WorkerWrapper( 2351): 	at androidx.work.impl.utils.futures.AbstractFuture.getDoneValue(:32)
11-20 07:04:16.523 I/WM-WorkerWrapper( 2351): 	at androidx.work.impl.utils.futures.AbstractFuture.get(:268435546)
11-20 07:04:16.523 I/WM-WorkerWrapper( 2351): 	at androidx.work.impl.WorkerWrapper$2.run(:3)
11-20 07:04:16.523 I/WM-WorkerWrapper( 2351): 	at androidx.work.impl.utils.SerialExecutor$Task.run(:2)
11-20 07:04:16.523 I/WM-WorkerWrapper( 2351): 	at java.util.concurrent.ThreadPoolExecutor.runWorker(ThreadPoolExecutor.java:1167)
11-20 07:04:16.523 I/WM-WorkerWrapper( 2351): 	at java.util.concurrent.ThreadPoolExecutor$Worker.run(ThreadPoolExecutor.java:641)
11-20 07:04:16.523 I/WM-WorkerWrapper( 2351): 	at java.lang.Thread.run(Thread.java:923)
11-20 07:04:16.523 E/StickerBundleDatabaseWorker( 2351): Failed to fetch sticker bundles:
11-20 07:04:16.523 E/StickerBundleDatabaseWorker( 2351): kotlinx.coroutines.JobCancellationException: Job was cancelled; job=JobImpl{Cancelling}@235bf0d
11-20 07:04:16.524 D/SettingsSDK::SyncHelper( 2351): Read setting com.facebook.wearable.sdk.selfcare:SELFCARE_SERVICE_ENABLED from persistent cache
11-20 07:04:16.524 D/FacebookRepository( 2351): Reading from Store [906581286488774]
11-20 07:04:16.718 E/SelfCareDataCloudSyncWorker( 2351): Failed to get access token
11-20 07:04:16.718 E/SelfCareDataCloudSyncWorker( 2351): kotlinx.coroutines.JobCancellationException: Job was cancelled; job=JobImpl{Cancelling}@8b0c2c5
11-20 07:04:16.719 I/WM-WorkerWrapper( 2351): Work [ id=41176d4d-428f-4560-a8c8-961a1631ba8f, tags={ com.facebook.wearable.system.selfcare.cloudsync.SelfCareDataCloudSyncWorker } ] was cancelled
11-20 07:04:16.719 I/WM-WorkerWrapper( 2351): java.util.concurrent.CancellationException: Task was cancelled.
11-20 07:04:16.719 I/WM-WorkerWrapper( 2351): 	at androidx.work.impl.utils.futures.AbstractFuture.getDoneValue(:32)
11-20 07:04:16.719 I/WM-WorkerWrapper( 2351): 	at androidx.work.impl.utils.futures.AbstractFuture.get(:268435546)
11-20 07:04:16.719 I/WM-WorkerWrapper( 2351): 	at androidx.work.impl.WorkerWrapper$2.run(:3)
11-20 07:04:16.719 I/WM-WorkerWrapper( 2351): 	at androidx.work.impl.utils.SerialExecutor$Task.run(:2)
11-20 07:04:16.719 I/WM-WorkerWrapper( 2351): 	at java.util.concurrent.ThreadPoolExecutor.runWorker(ThreadPoolExecutor.java:1167)
11-20 07:04:16.719 I/WM-WorkerWrapper( 2351): 	at java.util.concurrent.ThreadPoolExecutor$Worker.run(ThreadPoolExecutor.java:641)
11-20 07:04:16.719 I/WM-WorkerWrapper( 2351): 	at java.lang.Thread.run(Thread.java:923)
11-20 07:04:16.800 D/CompatibilityInfo( 1194): mCompatibilityFlags - 4
11-20 07:04:16.800 D/CompatibilityInfo( 1194): applicationDensity - 320
11-20 07:04:16.801 D/CompatibilityInfo( 1194): applicationScale - 1.0
11-20 07:04:16.870 E/StickerBundleDatabaseWorker( 2351): Failed to fetch sticker bundles:
11-20 07:04:16.870 E/StickerBundleDatabaseWorker( 2351): kotlinx.coroutines.JobCancellationException: Job was cancelled; job=JobImpl{Cancelling}@15fc641
11-20 07:04:16.870 I/WM-WorkerWrapper( 2351): Work [ id=731e9e35-e8c2-49b1-b246-986e05f06ab6, tags={ com.facebook.wearable.system.selfcare.sharing.StickerBundleDatabaseWorker } ] was cancelled
11-20 07:04:16.870 I/WM-WorkerWrapper( 2351): java.util.concurrent.CancellationException: Task was cancelled.
11-20 07:04:16.870 I/WM-WorkerWrapper( 2351): 	at androidx.work.impl.utils.futures.AbstractFuture.getDoneValue(:32)
11-20 07:04:16.870 I/WM-WorkerWrapper( 2351): 	at androidx.work.impl.utils.futures.AbstractFuture.get(:268435546)
11-20 07:04:16.870 I/WM-WorkerWrapper( 2351): 	at androidx.work.impl.WorkerWrapper$2.run(:3)
11-20 07:04:16.870 I/WM-WorkerWrapper( 2351): 	at androidx.work.impl.utils.SerialExecutor$Task.run(:2)
11-20 07:04:16.870 I/WM-WorkerWrapper( 2351): 	at java.util.concurrent.ThreadPoolExecutor.runWorker(ThreadPoolExecutor.java:1167)
11-20 07:04:16.870 I/WM-WorkerWrapper( 2351): 	at java.util.concurrent.ThreadPoolExecutor$Worker.run(ThreadPoolExecutor.java:641)
11-20 07:04:16.870 I/WM-WorkerWrapper( 2351): 	at java.lang.Thread.run(Thread.java:923)
11-20 07:04:16.871 D/SettingsSDK::SyncHelper( 2351): Read setting com.facebook.wearable.sdk.selfcare:SELFCARE_SERVICE_ENABLED from persistent cache
11-20 07:04:16.872 D/FacebookRepository( 2351): Reading from Store [906581286488774]
11-20 07:04:17.053 E/SelfCareDataCloudSyncWorker( 2351): Failed to get access token
11-20 07:04:17.053 E/SelfCareDataCloudSyncWorker( 2351): kotlinx.coroutines.JobCancellationException: Job was cancelled; job=JobImpl{Cancelling}@84f8dbe
11-20 07:04:17.053 I/WM-WorkerWrapper( 2351): Work [ id=41176d4d-428f-4560-a8c8-961a1631ba8f, tags={ com.facebook.wearable.system.selfcare.cloudsync.SelfCareDataCloudSyncWorker } ] was cancelled
11-20 07:04:17.053 I/WM-WorkerWrapper( 2351): java.util.concurrent.CancellationException: Task was cancelled.
11-20 07:04:17.053 I/WM-WorkerWrapper( 2351): 	at androidx.work.impl.utils.futures.AbstractFuture.getDoneValue(:32)
11-20 07:04:17.053 I/WM-WorkerWrapper( 2351): 	at androidx.work.impl.utils.futures.AbstractFuture.get(:268435546)
11-20 07:04:17.053 I/WM-WorkerWrapper( 2351): 	at androidx.work.impl.WorkerWrapper$2.run(:3)
11-20 07:04:17.053 I/WM-WorkerWrapper( 2351): 	at androidx.work.impl.utils.SerialExecutor$Task.run(:2)
11-20 07:04:17.053 I/WM-WorkerWrapper( 2351): 	at java.util.concurrent.ThreadPoolExecutor.runWorker(ThreadPoolExecutor.java:1167)
11-20 07:04:17.053 I/WM-WorkerWrapper( 2351): 	at java.util.concurrent.ThreadPoolExecutor$Worker.run(ThreadPoolExecutor.java:641)
11-20 07:04:17.053 I/WM-WorkerWrapper( 2351): 	at java.lang.Thread.run(Thread.java:923)
11-20 07:04:17.135 D/CompatibilityInfo( 1194): mCompatibilityFlags - 4
11-20 07:04:17.135 D/CompatibilityInfo( 1194): applicationDensity - 320
11-20 07:04:17.135 D/CompatibilityInfo( 1194): applicationScale - 1.0
11-20 07:04:17.192 I/WM-WorkerWrapper( 2351): Work [ id=731e9e35-e8c2-49b1-b246-986e05f06ab6, tags={ com.facebook.wearable.system.selfcare.sharing.StickerBundleDatabaseWorker } ] was cancelled
11-20 07:04:17.192 I/WM-WorkerWrapper( 2351): java.util.concurrent.CancellationException: Task was cancelled.
11-20 07:04:17.192 I/WM-WorkerWrapper( 2351): 	at androidx.work.impl.utils.futures.AbstractFuture.getDoneValue(:32)
11-20 07:04:17.192 I/WM-WorkerWrapper( 2351): 	at androidx.work.impl.utils.futures.AbstractFuture.get(:268435546)
11-20 07:04:17.192 I/WM-WorkerWrapper( 2351): 	at androidx.work.impl.WorkerWrapper$2.run(:3)
11-20 07:04:17.192 I/WM-WorkerWrapper( 2351): 	at androidx.work.impl.utils.SerialExecutor$Task.run(:2)
11-20 07:04:17.192 I/WM-WorkerWrapper( 2351): 	at java.util.concurrent.ThreadPoolExecutor.runWorker(ThreadPoolExecutor.java:1167)
11-20 07:04:17.192 I/WM-WorkerWrapper( 2351): 	at java.util.concurrent.ThreadPoolExecutor$Worker.run(ThreadPoolExecutor.java:641)
11-20 07:04:17.192 I/WM-WorkerWrapper( 2351): 	at java.lang.Thread.run(Thread.java:923)
11-20 07:04:17.193 D/SettingsSDK::SyncHelper( 2351): Read setting com.facebook.wearable.sdk.selfcare:SELFCARE_SERVICE_ENABLED from persistent cache
11-20 07:04:17.193 D/FacebookRepository( 2351): Reading from Store [906581286488774]
11-20 07:04:17.194 E/StickerBundleDatabaseWorker( 2351): Failed to fetch sticker bundles:
11-20 07:04:17.194 E/StickerBundleDatabaseWorker( 2351): kotlinx.coroutines.JobCancellationException: Job was cancelled; job=JobImpl{Cancelling}@add9696
11-20 07:04:17.231 I/system.selfcar( 2351): Background concurrent copying GC freed 420472(17MB) AllocSpace objects, 0(0B) LOS objects, 78% free, 4925KB/22MB, paused 122us total 102.954ms
11-20 07:04:17.345 E/SelfCareDataCloudSyncWorker( 2351): Failed to get access token
11-20 07:04:17.345 E/SelfCareDataCloudSyncWorker( 2351): kotlinx.coroutines.JobCancellationException: Job was cancelled; job=JobImpl{Cancelling}@d27a8b3
11-20 07:04:17.345 I/WM-WorkerWrapper( 2351): Work [ id=41176d4d-428f-4560-a8c8-961a1631ba8f, tags={ com.facebook.wearable.system.selfcare.cloudsync.SelfCareDataCloudSyncWorker } ] was cancelled
11-20 07:04:17.345 I/WM-WorkerWrapper( 2351): java.util.concurrent.CancellationException: Task was cancelled.
11-20 07:04:17.345 I/WM-WorkerWrapper( 2351): 	at androidx.work.impl.utils.futures.AbstractFuture.getDoneValue(:32)
11-20 07:04:17.345 I/WM-WorkerWrapper( 2351): 	at androidx.work.impl.utils.futures.AbstractFuture.get(:268435546)
11-20 07:04:17.345 I/WM-WorkerWrapper( 2351): 	at androidx.work.impl.WorkerWrapper$2.run(:3)
11-20 07:04:17.345 I/WM-WorkerWrapper( 2351): 	at androidx.work.impl.utils.SerialExecutor$Task.run(:2)
11-20 07:04:17.345 I/WM-WorkerWrapper( 2351): 	at java.util.concurrent.ThreadPoolExecutor.runWorker(ThreadPoolExecutor.java:1167)
11-20 07:04:17.345 I/WM-WorkerWrapper( 2351): 	at java.util.concurrent.ThreadPoolExecutor$Worker.run(ThreadPoolExecutor.java:641)
11-20 07:04:17.345 I/WM-WorkerWrapper( 2351): 	at java.lang.Thread.run(Thread.java:923)
11-20 07:04:17.412 D/CompatibilityInfo( 1194): mCompatibilityFlags - 4
11-20 07:04:17.412 D/CompatibilityInfo( 1194): applicationDensity - 320
11-20 07:04:17.412 D/CompatibilityInfo( 1194): applicationScale - 1.0
11-20 07:04:17.474 D/mcu_health_checker( 1118): Sent MCU Health Request
11-20 07:04:17.474 D/commandrouter( 1117): SocServiceHandle::onServiceMessage, SoC Service = mcu_healthcheck_1118, appType = 1, type = SVC_REQ, clientId = 0, token = 1831, payloadLen = 12, result = 0, payload.size() = 12
11-20 07:04:17.475 I/WM-WorkerWrapper( 2351): Work [ id=731e9e35-e8c2-49b1-b246-986e05f06ab6, tags={ com.facebook.wearable.system.selfcare.sharing.StickerBundleDatabaseWorker } ] was cancelled
11-20 07:04:17.475 I/WM-WorkerWrapper( 2351): java.util.concurrent.CancellationException: Task was cancelled.
11-20 07:04:17.475 I/WM-WorkerWrapper( 2351): 	at androidx.work.impl.utils.futures.AbstractFuture.getDoneValue(:32)
11-20 07:04:17.475 I/WM-WorkerWrapper( 2351): 	at androidx.work.impl.utils.futures.AbstractFuture.get(:268435546)
11-20 07:04:17.475 I/WM-WorkerWrapper( 2351): 	at androidx.work.impl.WorkerWrapper$2.run(:3)
11-20 07:04:17.475 I/WM-WorkerWrapper( 2351): 	at androidx.work.impl.utils.SerialExecutor$Task.run(:2)
11-20 07:04:17.475 I/WM-WorkerWrapper( 2351): 	at java.util.concurrent.ThreadPoolExecutor.runWorker(ThreadPoolExecutor.java:1167)
11-20 07:04:17.475 I/WM-WorkerWrapper( 2351): 	at java.util.concurrent.ThreadPoolExecutor$Worker.run(ThreadPoolExecutor.java:641)
11-20 07:04:17.475 I/WM-WorkerWrapper( 2351): 	at java.lang.Thread.run(Thread.java:923)
11-20 07:04:17.475 E/StickerBundleDatabaseWorker( 2351): Failed to fetch sticker bundles:
11-20 07:04:17.475 E/StickerBundleDatabaseWorker( 2351): kotlinx.coroutines.JobCancellationException: Job was cancelled; job=JobImpl{Cancelling}@123219c
11-20 07:04:17.475 D/SettingsSDK::SyncHelper( 2351): Read setting com.facebook.wearable.sdk.selfcare:SELFCARE_SERVICE_ENABLED from persistent cache
11-20 07:04:17.476 D/FacebookRepository( 2351): Reading from Store [906581286488774]
11-20 07:04:17.478 D/commandrouter( 1117): mcu_healthcheck_1118 (1, merlot:mcu_health:control): <ServiceResponse> FORWARDED (remote -> local) CR token ID = 1831, service client ID = 40, token ID = 33635, result = 0
11-20 07:04:17.478 D/mcu_health_checker( 1118): MCU Health Response: MCU_OK
11-20 07:04:17.478 D/mcu_health_checker( 1118): MCU Session 0, uptime = 54970264 ms
11-20 07:04:17.479 D/mculinkhealth( 1118): isMcuReachable 1 (4 ms)
11-20 07:04:17.667 E/SelfCareDataCloudSyncWorker( 2351): Failed to get access token
11-20 07:04:17.667 E/SelfCareDataCloudSyncWorker( 2351): kotlinx.coroutines.JobCancellationException: Job was cancelled; job=JobImpl{Cancelling}@4980834
11-20 07:04:17.667 I/WM-WorkerWrapper( 2351): Work [ id=41176d4d-428f-4560-a8c8-961a1631ba8f, tags={ com.facebook.wearable.system.selfcare.cloudsync.SelfCareDataCloudSyncWorker } ] was cancelled
11-20 07:04:17.667 I/WM-WorkerWrapper( 2351): java.util.concurrent.CancellationException: Task was cancelled.
11-20 07:04:17.667 I/WM-WorkerWrapper( 2351): 	at androidx.work.impl.utils.futures.AbstractFuture.getDoneValue(:32)
11-20 07:04:17.667 I/WM-WorkerWrapper( 2351): 	at androidx.work.impl.utils.futures.AbstractFuture.get(:268435546)
11-20 07:04:17.667 I/WM-WorkerWrapper( 2351): 	at androidx.work.impl.WorkerWrapper$2.run(:3)
11-20 07:04:17.667 I/WM-WorkerWrapper( 2351): 	at androidx.work.impl.utils.SerialExecutor$Task.run(:2)
11-20 07:04:17.667 I/WM-WorkerWrapper( 2351): 	at java.util.concurrent.ThreadPoolExecutor.runWorker(ThreadPoolExecutor.java:1167)
11-20 07:04:17.667 I/WM-WorkerWrapper( 2351): 	at java.util.concurrent.ThreadPoolExecutor$Worker.run(ThreadPoolExecutor.java:641)
11-20 07:04:17.667 I/WM-WorkerWrapper( 2351): 	at java.lang.Thread.run(Thread.java:923)
11-20 07:04:17.715 D/UIAutomatorStub(17968): URI: /jsonrpc/0, Method: POST, Header: {content-length=229, remote-addr=127.0.0.1, http-client-ip=127.0.0.1, host=localhost:9010, content-type=application/json, accept-encoding=identity}, params, {NanoHttpd.QUERY_STRING=null}, files: {postData={"jsonrpc": "2.0", "method": "objInfo", "id": "725c57984749f0dfdec08ead6141fdd1", "params": [{"mask": 2097152, "childOrSibling": [], "childOrSiblingSelector": [], "resourceId": "com.facebook.wearable.system.settings:id/toggle"}]}}
11-20 07:04:17.750 D/CompatibilityInfo( 1194): mCompatibilityFlags - 4
11-20 07:04:17.750 D/CompatibilityInfo( 1194): applicationDensity - 320
11-20 07:04:17.751 D/CompatibilityInfo( 1194): applicationScale - 1.0
11-20 07:04:17.806 D/UIAutomatorStub(17968): URI: /jsonrpc/0, Method: POST, Header: {content-length=227, remote-addr=127.0.0.1, http-client-ip=127.0.0.1, host=localhost:9010, content-type=application/json, accept-encoding=identity}, params, {NanoHttpd.QUERY_STRING=null}, files: {postData={"jsonrpc": "2.0", "method": "click", "id": "7c12d24da5ddf289696ee0b2fa2ca91f", "params": [{"mask": 2097152, "childOrSibling": [], "childOrSiblingSelector": [], "resourceId": "com.facebook.wearable.system.settings:id/toggle"}]}}
11-20 07:04:17.819 E/StickerBundleDatabaseWorker( 2351): Failed to fetch sticker bundles:
11-20 07:04:17.819 E/StickerBundleDatabaseWorker( 2351): kotlinx.coroutines.JobCancellationException: Job was cancelled; job=JobImpl{Cancelling}@9c773a0
11-20 07:04:17.820 I/WM-WorkerWrapper( 2351): Work [ id=731e9e35-e8c2-49b1-b246-986e05f06ab6, tags={ com.facebook.wearable.system.selfcare.sharing.StickerBundleDatabaseWorker } ] was cancelled
11-20 07:04:17.820 I/WM-WorkerWrapper( 2351): java.util.concurrent.CancellationException: Task was cancelled.
11-20 07:04:17.820 I/WM-WorkerWrapper( 2351): 	at androidx.work.impl.utils.futures.AbstractFuture.getDoneValue(:32)
11-20 07:04:17.820 I/WM-WorkerWrapper( 2351): 	at androidx.work.impl.utils.futures.AbstractFuture.get(:268435546)
11-20 07:04:17.820 I/WM-WorkerWrapper( 2351): 	at androidx.work.impl.WorkerWrapper$2.run(:3)
11-20 07:04:17.820 I/WM-WorkerWrapper( 2351): 	at androidx.work.impl.utils.SerialExecutor$Task.run(:2)
11-20 07:04:17.820 I/WM-WorkerWrapper( 2351): 	at java.util.concurrent.ThreadPoolExecutor.runWorker(ThreadPoolExecutor.java:1167)
11-20 07:04:17.820 I/WM-WorkerWrapper( 2351): 	at java.util.concurrent.ThreadPoolExecutor$Worker.run(ThreadPoolExecutor.java:641)
11-20 07:04:17.820 I/WM-WorkerWrapper( 2351): 	at java.lang.Thread.run(Thread.java:923)
11-20 07:04:17.820 D/SettingsSDK::SyncHelper( 2351): Read setting com.facebook.wearable.sdk.selfcare:SELFCARE_SERVICE_ENABLED from persistent cache
11-20 07:04:17.821 D/FacebookRepository( 2351): Reading from Store [906581286488774]
11-20 07:04:17.858 D/WifiSharingService( 2841): Setting Wi-Fi enabled state
11-20 07:04:17.859 I/WifiService( 1194): setWifiEnabled package=com.facebook.wearable.system.connectivity uid=1000 enable=false
11-20 07:04:17.864 D/WifiActiveModeWarden( 1194): Switching all client mode managers
11-20 07:04:17.876 D/WifiClientModeManager1( 1194): IMS not registered over IWLAN for subId: 1
11-20 07:04:17.876 D/WifiP2pService( 1194): Wifi enabled=false, P2P Interface availability=true
11-20 07:04:17.876 D/QCNEJ/WlanStaInfoRelay( 1900): onChange for uri = content://settings/global/wifi_on
11-20 07:04:17.877 D/WifiP2pService( 1194): Wifi enabled=false, P2P Interface availability=true
11-20 07:04:17.879 W/ContextImpl( 1194): Calling a method in the system process without a qualified user: android.app.ContextImpl.sendBroadcastMultiplePermissions:1143 android.content.Context.sendBroadcastWithMultiplePermissions:2150 com.android.server.display.WifiDisplayAdapter.handleSendStatusChangeBroadcast:440 com.android.server.display.WifiDisplayAdapter.access$1700:63 com.android.server.display.WifiDisplayAdapter$WifiDisplayHandler.handleMessage:675 
11-20 07:04:17.880 D/WifiClientModeManager1( 1194): The target role 5
11-20 07:04:17.880 E/QMI_FW  (  927): qmi_cci_get_ref: ref count increased 2
11-20 07:04:17.885 D/WifiP2pNative( 1194): Teardown P2P interface
11-20 07:04:17.887 I/android_os_HwBinder( 1194): HwBinder: Starting thread pool for getting: android.hardware.wifi.supplicant@1.0::ISupplicant/default
11-20 07:04:17.889 I/wpa_supplicant(29807): wlan0: Do not deauthenticate as part of interface deinit since WoWLAN is enabled
11-20 07:04:17.893 W/HWComposer(  577): Ignoring duplicate VSYNC event from HWC for display 0 (t=55004156501204)
11-20 07:04:17.936 I/wpa_supplicant(29807): Try to unregister vendor STA network
11-20 07:04:17.937 E/wpa_supplicant(29807): eap_proxy: pthread_join on eap_proxy=0x56aceac
11-20 07:04:17.937 E/wpa_supplicant(29807): eap_proxy: session not started for client = 1
11-20 07:04:17.937 E/QMI_FW  (29807): qmi_cci_get_ref: ref count increased 2
11-20 07:04:17.937 E/QMI_FW  (29807): qmi_cci_get_ref: ref count increased 2
11-20 07:04:17.937 E/wpa_supplicant(29807): eap_proxy: Released QMI UIM service client
11-20 07:04:17.937 E/QMI_FW  (29807): qmi_cci_get_ref: ref count increased 2
11-20 07:04:17.937 E/QMI_FW  (29807): qmi_cci_get_ref: ref count increased 2
11-20 07:04:17.938 E/wpa_supplicant(29807): eap_proxy: Released QMI EAP service client
11-20 07:04:17.938 E/wpa_supplicant(29807): eap_proxy: session not started for client = 2
11-20 07:04:17.938 E/QMI_FW  (29807): qmi_cci_get_ref: ref count increased 2
11-20 07:04:17.938 E/QMI_FW  (29807): qmi_cci_get_ref: ref count increased 2
11-20 07:04:17.938 E/wpa_supplicant(29807): eap_proxy: Released QMI UIM service client
11-20 07:04:17.938 E/QMI_FW  (29807): qmi_cci_get_ref: ref count increased 2
11-20 07:04:17.938 E/QMI_FW  (29807): qmi_cci_get_ref: ref count increased 2
11-20 07:04:17.940 E/wpa_supplicant(29807): eap_proxy: Released QMI EAP service client
11-20 07:04:17.940 I/wpa_supplicant(29807): eap_proxy: eap_proxy Deinitialzed
11-20 07:04:17.987 I/wpa_supplicant(29807): nl80211: deinit ifname=wlan0 disabled_11b_rates=0
11-20 07:04:17.992 I/WM-WorkerWrapper( 2351): Work [ id=41176d4d-428f-4560-a8c8-961a1631ba8f, tags={ com.facebook.wearable.system.selfcare.cloudsync.SelfCareDataCloudSyncWorker } ] was cancelled
11-20 07:04:17.992 I/WM-WorkerWrapper( 2351): java.util.concurrent.CancellationException: Task was cancelled.
11-20 07:04:17.992 I/WM-WorkerWrapper( 2351): 	at androidx.work.impl.utils.futures.AbstractFuture.getDoneValue(:32)
11-20 07:04:17.992 I/WM-WorkerWrapper( 2351): 	at androidx.work.impl.utils.futures.AbstractFuture.get(:268435546)
11-20 07:04:17.992 I/WM-WorkerWrapper( 2351): 	at androidx.work.impl.WorkerWrapper$2.run(:3)
11-20 07:04:17.992 I/WM-WorkerWrapper( 2351): 	at androidx.work.impl.utils.SerialExecutor$Task.run(:2)
11-20 07:04:17.992 I/WM-WorkerWrapper( 2351): 	at java.util.concurrent.ThreadPoolExecutor.runWorker(ThreadPoolExecutor.java:1167)
11-20 07:04:17.992 I/WM-WorkerWrapper( 2351): 	at java.util.concurrent.ThreadPoolExecutor$Worker.run(ThreadPoolExecutor.java:641)
11-20 07:04:17.992 I/WM-WorkerWrapper( 2351): 	at java.lang.Thread.run(Thread.java:923)
11-20 07:04:17.992 E/SelfCareDataCloudSyncWorker( 2351): Failed to get access token
11-20 07:04:17.992 E/SelfCareDataCloudSyncWorker( 2351): kotlinx.coroutines.JobCancellationException: Job was cancelled; job=JobImpl{Cancelling}@881ec91
11-20 07:04:18.027 I/wpa_supplicant(29807): Try to unregister vendor interface
11-20 07:04:18.028 D/LOWI-9.0.0.80( 1024): [LOWINetlinkSocketReceiver] unpackRTMLinkMessage: RTM_NEWLINK - ifname wlan0, flags 0x11043 ([UP][RUNNING])
11-20 07:04:18.029 D/LOWI-9.0.0.80( 1024): [LOWINetlinkSocketReceiver] processNetlinkPacket: ifname(wlan0) status(2)
11-20 07:04:18.029 D/LOWI-9.0.0.80( 1024): [LOWIController] intfStateReceived: ifname(wlan0) state(2)
11-20 07:04:18.029 D/LOWI-9.0.0.80( 1024): [LOWIEventReceiver] handleEvent:FROM:NA, TO:NA, REQ:NA, IREQ:NA, REQ_ID:0, RESP:NA, INFO:INTF-STATUS-UPDATE
11-20 07:04:18.029 D/LOWI-9.0.0.80( 1024): [LOWIEventReceiver] Info to [INTF-STATUS-UPDATE]
11-20 07:04:18.029 D/LOWI-9.0.0.80( 1024): [LOWIController] updateIntfState: WIFI enabled 2 mNlWifiStatus 2 mWifiStateEnabled 1
11-20 07:04:18.029 D/LOWI-9.0.0.80( 1024): [LOWIController] isWifiEnabled: mNlWifiStatus 2 mWifiStateEnabled 1
11-20 07:04:18.034 I/SupplicantStaIfaceHal( 1194): Terminating supplicant using HIDL
11-20 07:04:18.035 I/wpa_supplicant(29807): p2p0: Do not deauthenticate as part of interface deinit since WoWLAN is enabled
11-20 07:04:18.068 D/CompatibilityInfo( 1194): mCompatibilityFlags - 4
11-20 07:04:18.068 D/CompatibilityInfo( 1194): applicationDensity - 320
11-20 07:04:18.068 D/CompatibilityInfo( 1194): applicationScale - 1.0
11-20 07:04:18.076 E/wpa_supplicant(29807): eap_proxy: pthread_join on eap_proxy=0x56acfa8
11-20 07:04:18.076 E/wpa_supplicant(29807): eap_proxy: session not started for client = 1
11-20 07:04:18.076 E/QMI_FW  (29807): qmi_cci_get_ref: ref count increased 2
11-20 07:04:18.077 E/QMI_FW  (29807): qmi_cci_get_ref: ref count increased 2
11-20 07:04:18.077 E/wpa_supplicant(29807): eap_proxy: Released QMI UIM service client
11-20 07:04:18.077 E/QMI_FW  (29807): qmi_cci_get_ref: ref count increased 2
11-20 07:04:18.077 E/QMI_FW  (29807): qmi_cci_get_ref: ref count increased 2
11-20 07:04:18.077 E/wpa_supplicant(29807): eap_proxy: Released QMI EAP service client
11-20 07:04:18.077 E/wpa_supplicant(29807): eap_proxy: session not started for client = 2
11-20 07:04:18.077 E/QMI_FW  (29807): qmi_cci_get_ref: ref count increased 2
11-20 07:04:18.077 E/QMI_FW  (29807): qmi_cci_get_ref: ref count increased 2
11-20 07:04:18.078 E/wpa_supplicant(29807): eap_proxy: Released QMI UIM service client
11-20 07:04:18.078 E/QMI_FW  (29807): qmi_cci_get_ref: ref count increased 2
11-20 07:04:18.078 E/QMI_FW  (29807): qmi_cci_get_ref: ref count increased 2
11-20 07:04:18.078 E/wpa_supplicant(29807): eap_proxy: Released QMI EAP service client
11-20 07:04:18.078 I/wpa_supplicant(29807): eap_proxy: eap_proxy Deinitialzed
11-20 07:04:18.133 E/StickerBundleDatabaseWorker( 2351): Failed to fetch sticker bundles:
11-20 07:04:18.133 E/StickerBundleDatabaseWorker( 2351): kotlinx.coroutines.JobCancellationException: Job was cancelled; job=JobImpl{Cancelling}@159bd82
11-20 07:04:18.133 I/WM-WorkerWrapper( 2351): Work [ id=731e9e35-e8c2-49b1-b246-986e05f06ab6, tags={ com.facebook.wearable.system.selfcare.sharing.StickerBundleDatabaseWorker } ] was cancelled
11-20 07:04:18.133 I/WM-WorkerWrapper( 2351): java.util.concurrent.CancellationException: Task was cancelled.
11-20 07:04:18.133 I/WM-WorkerWrapper( 2351): 	at androidx.work.impl.utils.futures.AbstractFuture.getDoneValue(:32)
