11-19 17:08:32.419 I/wpa_supplicant( 8094): wlan0: Associated with 6c:cd:d6:25:63:2a
11-19 17:08:32.421 I/wpa_supplicant( 8094): wlan0: CTRL-EVENT-SUBNET-STATUS-UPDATE status=0
11-19 17:08:32.422 I/wpa_supplicant( 8094): wlan0: WPA: RX message 1 of 4-Way Handshake from 6c:cd:d6:25:63:2a (ver=2)
11-19 17:08:32.423 I/wpa_supplicant( 8094): wlan0: WPA: Sending EAPOL-Key 2/4
11-19 17:08:32.427 I/wpa_supplicant( 8094): getWifiGenerationStatusInternal: generation = 4, twtSupport = false, vhtMax8SpatialStreamsSupport = false
11-19 17:08:32.431 I/wpa_supplicant( 8094): wlan0: WPA: RX message 3 of 4-Way Handshake from 6c:cd:d6:25:63:2a (ver=2)
11-19 17:08:32.431 I/wpa_supplicant( 8094): wlan0: WPA: Sending EAPOL-Key 4/4
11-19 17:08:32.438 D/QCNEJ/WlanStaInfoRelay( 1887): Received action: android.net.wifi.STATE_CHANGE
11-19 17:08:32.439 D/BluetoothAdapterService( 1699): android.net.wifi.STATE_CHANGE
11-19 17:08:32.441 D/WifiConnector( 2866): Network State Changed
11-19 17:08:32.451 D/BluetoothVendorService( 1699): setWifiState to: true
11-19 17:08:32.451 I/BluetoothVendorJni( 1699): setWifiStateNative
11-19 17:08:32.451 I/bt_btif_vendor( 1699): setWifiState :1
11-19 17:08:32.453 I/wpa_supplicant( 8094): wlan0: WPA: Key negotiation completed with 6c:cd:d6:25:63:2a [PTK=CCMP GTK=CCMP]
11-19 17:08:32.453 I/wpa_supplicant( 8094): wlan0: CTRL-EVENT-CONNECTED - Connection to 6c:cd:d6:25:63:2a completed [id=0 id_str=%7B%22configKey%22%3A%22%5C%22MTBF_Lab%5C%22WPA_PSK%22%2C%22creatorUid%22%3A%221000%22%7D]
11-19 17:08:32.475 D/ConnectivityService( 1196): registerNetworkAgent NetworkAgentInfo{ ni{[type: WIFI[], state: UNKNOWN/IDLE, reason: (unspecified), extra: , failover: false, available: true, roaming: false]}  network{104}  nethandle{450082295821}  lp{{InterfaceName: wlan0 LinkAddresses: [ ] DnsAddresses: [ ] Domains: null MTU: 0 Routes: [ ]}}  nc{[ Transports: WIFI Capabilities: NOT_METERED&INTERNET&NOT_RESTRICTED&TRUSTED&NOT_VPN&NOT_ROAMING&FOREGROUND&NOT_CONGESTED&NOT_SUSPENDED LinkUpBandwidth>=72000Kbps LinkDnBandwidth>=72000Kbps OwnerUid: 1000 SSID: "MTBF_Lab" RequestorUid: -1 RequestorPackageName: null]}  Score{20}  everValidated{false}  lastValidated{false}  created{false} lingering{false} explicitlySelected{false} acceptUnvalidated{false} everCaptivePortalDetected{false} lastCaptivePortalDetected{false} partialConnectivity{false} acceptPartialConnectivity{false} clat{mBaseIface: null, mIface: null, mState: IDLE} }
11-19 17:08:32.475 D/QCNEJ/WlanStaInfoRelay( 1887): Received action: android.net.wifi.STATE_CHANGE
11-19 17:08:32.476 D/BluetoothAdapterService( 1699): android.net.wifi.STATE_CHANGE
11-19 17:08:32.476 D/WifiConnector( 2866): Network State Changed
11-19 17:08:32.478 D/BluetoothVendorService( 1699): setWifiState to: true
11-19 17:08:32.478 I/BluetoothVendorJni( 1699): setWifiStateNative
11-19 17:08:32.478 I/bt_btif_vendor( 1699): setWifiState :1
11-19 17:08:32.494 D/ConnectivityService( 1196): [104 WIFI] EVENT_NETWORK_INFO_CHANGED, going from UNKNOWN to UNKNOWN
11-19 17:08:32.499 D/BluetoothAdapterService( 1699): android.net.wifi.STATE_CHANGE
11-19 17:08:32.501 D/QCNEJ/WlanStaInfoRelay( 1887): Received action: android.net.wifi.STATE_CHANGE
11-19 17:08:32.502 D/BluetoothVendorService( 1699): setWifiState to: true
11-19 17:08:32.503 I/BluetoothVendorJni( 1699): setWifiStateNative
11-19 17:08:32.503 I/bt_btif_vendor( 1699): setWifiState :1
11-19 17:08:32.504 D/WifiConnector( 2866): Network State Changed
11-19 17:08:32.540 V/WifiHAL (  556): WifiVendorCommand 0x9daa3000 created vendor_id:0x1374 subcmd:83
11-19 17:08:32.541 E/WifiHAL (  556): wifi_get_packet_filter_capabilities: requestResponse() error: -3
11-19 17:08:32.541 I/WifiHAL (  556): Packet filtering is not supprted
11-19 17:08:32.627 D/QCNEJ/WlanStaInfoRelay( 1887): Received action: android.net.wifi.RSSI_CHANGED
11-19 17:08:32.627 D/WearableConnectivityManager( 2565): onWifiStrengthChange: -36
11-19 17:08:32.632 V/WifiHAL (  556): WifiVendorCommand 0x9dc6f148 created vendor_id:0x1374 subcmd:82
11-19 17:08:32.632 D/ConnectivityService( 1196): NetReassign [no changes]
11-19 17:08:32.632 V/WifiHAL (  556): ND offload : Enable
11-19 17:08:32.643 E/QMI_FW  (  883): qmi_cci_get_ref: ref count increased 2
11-19 17:08:32.646 E/QMI_FW  (  883): qmi_cci_get_ref: ref count increased 2
11-19 17:08:32.654 E/Netd    (  458): no such netId 104
11-19 17:08:32.654 I/Nat464Xlat( 1196): Android Xlat is disabled
11-19 17:08:32.713 I/chatty  ( 1196): uid=1000 system_server expire 7 lines
11-19 17:08:32.808 E/Netd    (  458): no such netId 104
11-19 17:08:32.654 I/Nat464Xlat( 1196): Android Xlat is disabled
11-19 17:08:32.809 E/ConnectivityService( 1196): Exception in networkAddRouteParcel for non-gateway: android.os.ServiceSpecificException: Machine is not on the network (code 64)
11-19 17:08:32.809 D/QCNEJ/WlanStaInfoRelay( 1887): Received action: android.net.wifi.STATE_CHANGE
11-19 17:08:32.810 D/WifiConnector( 2866): Network State Changed
11-19 17:08:32.810 D/BluetoothAdapterService( 1699): android.net.wifi.STATE_CHANGE
11-19 17:08:32.814 D/BluetoothVendorService( 1699): setWifiState to: true
11-19 17:08:32.814 I/BluetoothVendorJni( 1699): setWifiStateNative
11-19 17:08:32.814 I/bt_btif_vendor( 1699): setWifiState :1
11-19 17:08:32.814 E/Netd    (  458): no such netId 104
11-19 17:08:32.816 E/ConnectivityService( 1196): Exception in networkAddRouteParcel for gateway: android.os.ServiceSpecificException: Machine is not on the network (code 64)
11-19 17:08:32.816 I/Nat464Xlat( 1196): Android Xlat is disabled
11-19 17:08:32.833 D/QCNEJ/WlanStaInfoRelay( 1887): Received action: android.net.wifi.STATE_CHANGE
11-19 17:08:32.833 D/BluetoothAdapterService( 1699): android.net.wifi.STATE_CHANGE
11-19 17:08:32.834 D/WifiConnector( 2866): Network State Changed
11-19 17:08:32.836 D/BluetoothVendorService( 1699): setWifiState to: true
11-19 17:08:32.836 I/BluetoothVendorJni( 1699): setWifiStateNative
11-19 17:08:32.836 I/bt_btif_vendor( 1699): setWifiState :1
11-19 17:08:32.838 D/WifiConnector( 2866): Configured Networks Changed
11-19 17:08:32.851 E/QMI_FW  (  883): qmi_cci_get_ref: ref count increased 2
11-19 17:08:32.851 E/QMI_FW  (  883): qmi_cci_get_ref: ref count increased 2
11-19 17:08:32.854 I/chatty  ( 1196): uid=1000(system) pool-9-thread-1 expire 3 lines
11-19 17:08:32.816 I/Nat464Xlat( 1196): Android Xlat is disabled
11-19 17:08:32.880 D/ConnectivityService( 1196): Setting DNS servers for network 104 to [/192.168.1.1]
11-19 17:08:32.881 I/Nat464Xlat( 1196): Android Xlat is disabled
11-19 17:08:32.895 E/QMI_FW  ( 1117): qmi_cci_get_ref: ref count increased 2
11-19 17:08:32.895 E/QMI_FW  ( 1117): qmi_cci_get_ref: ref count increased 2
11-19 17:08:32.895 E/QMI_FW  ( 1117): qmi_cci_get_ref: ref count increased 2
11-19 17:08:32.881 I/Nat464Xlat( 1196): Android Xlat is disabled
11-19 17:08:32.953 D/ConnectivityService( 1196): [104 WIFI] EVENT_NETWORK_INFO_CHANGED, going from UNKNOWN to CONNECTED
11-19 17:08:32.955 D/DnsManager( 1196): sendDnsConfigurationForNetwork(104, [192.168.1.1], [], 1800, 25, 8, 64, 0, 0, , [])
11-19 17:08:32.957 W/DnsManager( 1196): updatePrivateDns(104, PrivateDnsConfig{true:/[]})
11-19 17:08:32.958 D/ConnectivityService( 1196): Setting DNS servers for network 104 to [/192.168.1.1]
11-19 17:08:32.958 D/DnsManager( 1196): sendDnsConfigurationForNetwork(104, [192.168.1.1], [], 1800, 25, 8, 64, 0, 0, , [192.168.1.1])
11-19 17:08:32.961 W/resolv  (  458): Validating DnsTlsServer on netId 104
11-19 17:08:32.961 D/ConnectivityService( 1196): Adding iface wlan0 to network 104
11-19 17:08:33.011 W/resolv  (  458): Validation failed
11-19 17:08:33.021 D/ConnectivityService( 1196): Setting DNS servers for network 104 to [/192.168.1.1]
11-19 17:08:33.022 D/DnsManager( 1196): sendDnsConfigurationForNetwork(104, [192.168.1.1], [], 1800, 25, 8, 64, 0, 0, , [192.168.1.1])
11-19 17:08:33.023 W/resolv  (  458): Validating DnsTlsServer on netId 104
11-19 17:08:33.023 I/Nat464Xlat( 1196): Android Xlat is disabled
11-19 17:08:33.046 W/resolv  (  458): SSL_connect ssl error =5, mark 0xf0068: Connection refused
11-19 17:08:33.046 W/resolv  (  458): Validation failed
11-19 17:08:33.073 D/mcu_health_checker( 1127): Sent MCU Health Request
11-19 17:08:33.024 I/Nat464Xlat( 1196): Android Xlat is disabled
11-19 17:08:33.073 D/commandrouter( 1123): SocServiceHandle::onServiceMessage, SoC Service = mcu_healthcheck_1127, appType = 1, type = SVC_REQ, clientId = 0, token = 156, payloadLen = 12, result = 0, payload.size() = 12
11-19 17:08:33.076 D/commandrouter( 1123): mcu_healthcheck_1127 (1, merlot:mcu_health:control): <ServiceResponse> FORWARDED (remote -> local) CR token ID = 156, service client ID = 40, token ID = 488, result = 0
11-19 17:08:33.077 D/mcu_health_checker( 1127): MCU Health Response: MCU_OK
11-19 17:08:33.077 D/mcu_health_checker( 1127): MCU Session 0, uptime = 4707547 ms
11-19 17:08:33.077 D/mculinkhealth( 1127): isMcuReachable 1 (4 ms)
11-19 17:08:33.084 D/ConnectivityService( 1196): NetReassign [no changes]
11-19 17:08:33.091 D/QCNEJ/WlanStaInfoRelay( 1887): network available: 104
11-19 17:08:33.114 I/chatty  ( 1196): uid=1000 system_server expire 3 lines
11-19 17:08:33.117 D/QCNEJ/NativeHalConnector( 1887): -> SND notifyWifiAvailable(v4Connected = truev6Connected = , false, isAndroidValidated = false)
11-19 17:08:33.128 D/QCNEJ/NativeHalConnector( 1887): -> SND notifyWifiAvailable(v4Connected = truev6Connected = , false, isAndroidValidated = false)
11-19 17:08:33.171 W/bluelink( 1123): [System] updateSmoothedTime: too early or too late; st=4753.692, rt=4755.842
11-19 17:08:33.173 I/chatty  ( 1196): uid=1000 system_server expire 3 lines
11-19 17:08:33.183 I/chatty  ( 1196): uid=1000 system_server expire 2 lines
11-19 17:08:33.296 I/chatty  ( 1196): uid=1000 system_server expire 1 line
11-19 17:08:33.298 D/ConnectivityService( 1196): [104 WIFI] validation passed
11-19 17:08:33.299 D/ConnectivityService( 1196): NetReassign [11 : 101 → 104, 16 : 101 → 104, 66 : 101 → 104, 46 : 101 → 104, 68 : 101 → 104, 1 : 101 → 104, 63 : 101 → 104, 25 : 101 → 104, 32 : 101 → 104, 8 : 101 → 104, 17 : 101 → 104, 12 : 101 → 104, 22 : 101 → 104, 14 : 101 → 104, 67 : 101 → 104, 77 : 101 → 104]
11-19 17:08:33.305 E/NetlinkEvent(  458): NetlinkEvent::FindParam(): Parameter 'INTERFACE' not found
11-19 17:08:33.305 E/NetlinkEvent(  458): NetlinkEvent::FindParam(): Parameter 'STATE' not found
11-19 17:08:33.306 E/NetlinkEvent(  458): NetlinkEvent::FindParam(): Parameter 'TIME_NS' not found
11-19 17:08:33.306 E/NetlinkEvent(  458): NetlinkEvent::FindParam(): Parameter 'UID' not found
11-19 17:08:33.322 D/ConnectivityService( 1196): Switching to new default network: NetworkAgentInfo{ ni{[type: WIFI[], state: CONNECTED/CONNECTED, reason: (unspecified), extra: , failover: false, available: true, roaming: false]}  network{104}  nethandle{450082295821}  lp{{InterfaceName: wlan0 LinkAddresses: [ 192.168.1.40/24 ] DnsAddresses: [ /192.168.1.1 ] Domains: null MTU: 0 ServerAddress: /192.168.1.1 TcpBufferSizes: 524288,1048576,2097152,262144,524288,1048576 Routes: [ fe80::/64 -> :: wlan0 mtu 0,192.168.1.0/24 -> 0.0.0.0 wlan0 mtu 0,0.0.0.0/0 -> 192.168.1.1 wlan0 mtu 0 ]}}  nc{[ Transports: WIFI Capabilities: NOT_METERED&INTERNET&NOT_RESTRICTED&TRUSTED&NOT_VPN&VALIDATED&NOT_ROAMING&FOREGROUND&NOT_CONGESTED&NOT_SUSPENDED LinkUpBandwidth>=63000Kbps LinkDnBandwidth>=63000Kbps SignalStrength: -36 OwnerUid: 1000 SSID: "MTBF_Lab" RequestorUid: -1 RequestorPackageName: null]}  Score{60}  everValidated{true}  lastValidated{true}  created{true} lingering{false} explicitlySelected{false} acceptUnvalidated{false} everCaptivePortalDetected{false} lastCaptivePortalDetected{false} partialConnectivity{false} acceptPartialConnectivity{false} clat{mBaseIface: null, mIface: null, mState: IDLE} }
11-19 17:08:33.431 I/chatty  ( 1196): uid=1000(system) NetworkTimeUpda expire 1 line
11-19 17:08:33.439 D/NetworkManager( 5313): ConnectivityManager.NetworkCallback#onCapabilitiesChanged()
11-19 17:08:33.439 D/NetworkManager( 5313): connected: true
11-19 17:08:33.449 V/LigerRadioStatsReporter( 2348): onCapabilitiesChanged: Network capabilities changed
11-19 17:08:33.457 D/NetworkManager( 5353): ConnectivityManager.NetworkCallback#onCapabilitiesChanged()
11-19 17:08:33.457 D/NetworkManager( 5353): connected: true
11-19 17:08:33.458 D/QCNEJ/DefaultNetworkInfoRelay( 1887): Default network available: 104
11-19 17:08:33.459 D/QCNEJ/NativeHalConnector( 1887): -> SND notifyDefaultNetworkChanged(1)
11-19 17:08:33.462 D/ConnectivityService( 1196): Lingering [101 CELLULAR] for 30000ms
11-19 17:08:33.463 V/LigerRadioStatsReporter( 5353): onCapabilitiesChanged: Network capabilities changed
11-19 17:08:33.464 D/ConnectivityService( 1196): Sending DISCONNECTED broadcast for type 0 [101 CELLULAR] isDefaultNetwork=true
11-19 17:08:33.466 D/ConnectivityService( 1196): Sending CONNECTED broadcast for type 1 [104 WIFI] isDefaultNetwork=true
11-19 17:08:33.479 D/QCNEJ/WlanStaInfoRelay( 1887): AndroidValidate from false to true
11-19 17:08:33.480 V/LigerRadioStatsReporter( 2348): onCapabilitiesChanged: Network capabilities changed
11-19 17:08:33.480 V/LigerRadioStatsReporter( 2348): reportAndCheckpointRadioStats
11-19 17:08:33.481 V/LigerRadioStatsReporter( 2348): +++++++++++ RADIO STATS DUMP +++++++++++
11-19 17:08:33.481 V/LigerRadioStatsReporter( 2348): totalActiveRadioTimeMs=0
11-19 17:08:33.481 V/LigerRadioStatsReporter( 5353): onCapabilitiesChanged: Network capabilities changed
11-19 17:08:33.481 V/LigerRadioStatsReporter( 2348): totalTailRadioTimeMs=13991
11-19 17:08:33.481 V/LigerRadioStatsReporter( 2348): totalWakeupCount=0
11-19 17:08:33.481 V/LigerRadioStatsReporter( 2348): httpUpBytes=0
11-19 17:08:33.481 V/LigerRadioStatsReporter( 2348): httpDownBytes=0
11-19 17:08:33.481 V/LigerRadioStatsReporter( 2348): httpWakeupCount=0
11-19 17:08:33.481 V/LigerRadioStatsReporter( 2348): httpRequestCount=0
11-19 17:08:33.481 V/LigerRadioStatsReporter( 5353): reportAndCheckpointRadioStats
11-19 17:08:33.481 V/LigerRadioStatsReporter( 2348): httpActiveRadioTimeMs=0
11-19 17:08:33.481 V/LigerRadioStatsReporter( 2348): httpTailRadioTimeMs=13991
11-19 17:08:33.481 V/LigerRadioStatsReporter( 2348): reportAndCheckpointRadioStats: Tx=0
11-19 17:08:33.482 V/LigerRadioStatsReporter( 2348): reportAndCheckpointRadioStats: Rx=0
11-19 17:08:33.482 V/LigerRadioStatsReporter( 2348): reportAndCheckpointRadioStats: Uids=10027
11-19 17:08:33.482 V/LigerRadioStatsReporter( 2348): reportAndCheckpointRadioStats: Tags=null
11-19 17:08:33.482 D/NetworkManager( 5313): ConnectivityManager.NetworkCallback#onCapabilitiesChanged()
11-19 17:08:33.482 D/NetworkManager( 5313): connected: true
11-19 17:08:33.482 I/chatty  ( 1196): uid=1000(system) android.fg expire 1 line
11-19 17:08:33.484 I/chatty  (  526): uid=1021(gps) Loc_hal_worker expire 1 line
11-19 17:08:33.485 E/QMI_FW  (  883): qmi_cci_get_ref: ref count increased 2
11-19 17:08:33.488 E/QMI_FW  (  883): qmi_cci_get_ref: ref count increased 2
11-19 17:08:33.493 D/QCNEJ/WlanStaInfoRelay( 1887): retrieveCountryCode:Location obtained from Telephony: us
11-19 17:08:33.498 D/ConnectivityService( 1196): Setting DNS servers for network 104 to [/192.168.1.1]
11-19 17:08:33.498 D/DnsManager( 1196): sendDnsConfigurationForNetwork(104, [192.168.1.1], [], 1800, 25, 8, 64, 0, 0, , [192.168.1.1])
11-19 17:08:33.508 E/QMI_FW  (  883): qmi_cci_get_ref: ref count increased 2
11-19 17:08:33.512 E/QMI_FW  (  883): qmi_cci_get_ref: ref count increased 2
11-19 17:08:33.514 W/resolv  (  458): Validating DnsTlsServer on netId 104
11-19 17:08:33.524 E/QMI_FW  ( 1117): qmi_cci_get_ref: ref count increased 2
11-19 17:08:33.525 E/QMI_FW  ( 1117): qmi_cci_get_ref: ref count increased 2
11-19 17:08:33.526 W/resolv  (  458): SSL_connect ssl error =5, mark 0xf0068: Connection refused
11-19 17:08:33.527 W/resolv  (  458): Validation failed
11-19 17:08:33.529 D/WifiConnector( 2866): Configured Networks Changed
11-19 17:08:33.572 E/QMI_FW  ( 1117): qmi_cci_get_ref: ref count increased 2
11-19 17:08:33.582 E/QMI_FW  ( 1117): qmi_cci_get_ref: ref count increased 2
11-19 17:08:33.602 I/chatty  ( 1117): uid=1001(radio) main identical 6 lines
11-19 17:08:33.603 E/QMI_FW  ( 1117): qmi_cci_get_ref: ref count increased 2
11-19 17:08:33.606 E/QMI_FW  ( 1117): qmi_cci_get_ref: ref count increased 2
11-19 17:08:33.626 I/chatty  ( 1117): uid=1001(radio) main identical 6 lines
11-19 17:08:33.629 E/QMI_FW  ( 1117): qmi_cci_get_ref: ref count increased 2
11-19 17:08:33.630 E/QMI_FW  ( 1117): qmi_cci_get_ref: ref count increased 2
11-19 17:08:33.633 E/QMI_FW  ( 1117): qmi_cci_get_ref: ref count increased 2
11-19 17:08:33.661 D/PhoneInterfaceManager( 1972): setModemActivityInfo
11-19 17:08:33.661 D/FbSideCarManager( 1972): setModemActivityInfo
11-19 17:08:33.661 D/FbSideCarManager( 1972): setModemActivityInfo
11-19 17:08:33.661 D/WirelessInsightServiceImpl( 1972): setModemActivityInfo
11-19 17:08:33.661 D/FbSideCarManager( 1972): setModemActivityInfoInternal success
11-19 17:08:33.662 D/PhoneInterfaceManager( 1972): setModemActivityInfo: success.
11-19 17:08:33.662 D/WirelessInsightServiceImpl( 1972): notifyListeners: listeners = 0, modemActivityInfo = ModemActivityInfo{ mTimestamp=4744001 mSleepTimeMs=4359698 mIdleTimeMs=30799 mTransmitPowerInfo[]=[TransmitPower{ mTimeInMillis=0 mPowerRangeInDbm={-2147483648,0}}, TransmitPower{ mTimeInMillis=10895 mPowerRangeInDbm={0,5}}, TransmitPower{ mTimeInMillis=365 mPowerRangeInDbm={5,15}}, TransmitPower{ mTimeInMillis=126 mPowerRangeInDbm={15,20}}, TransmitPower{ mTimeInMillis=10580 mPowerRangeInDbm={20,2147483647}}] mRxTimeMs=295884}
11-19 17:08:33.695 I/chatty  ( 1196): uid=1000(system) WifiHandlerThre expire 6 lines
11-19 17:08:33.704 V/LigerRadioStatsReporter( 5353): +++++++++++ RADIO STATS DUMP +++++++++++
11-19 17:08:33.704 V/LigerRadioStatsReporter( 5353): totalActiveRadioTimeMs=0
11-19 17:08:33.704 V/LigerRadioStatsReporter( 5353): totalTailRadioTimeMs=13998
11-19 17:08:33.704 V/LigerRadioStatsReporter( 5353): totalWakeupCount=0
11-19 17:08:33.704 V/LigerRadioStatsReporter( 5353): httpUpBytes=0
11-19 17:08:33.704 V/LigerRadioStatsReporter( 5353): httpDownBytes=0
11-19 17:08:33.704 V/LigerRadioStatsReporter( 5353): httpWakeupCount=0
11-19 17:08:33.704 V/LigerRadioStatsReporter( 5353): httpRequestCount=0
11-19 17:08:33.704 V/LigerRadioStatsReporter( 5353): httpActiveRadioTimeMs=0
11-19 17:08:33.705 V/LigerRadioStatsReporter( 5353): httpTailRadioTimeMs=13998
11-19 17:08:33.705 V/LigerRadioStatsReporter( 5353): reportAndCheckpointRadioStats: Tx=0
11-19 17:08:33.705 V/LigerRadioStatsReporter( 5353): reportAndCheckpointRadioStats: Rx=0
11-19 17:08:33.705 V/LigerRadioStatsReporter( 5353): reportAndCheckpointRadioStats: Uids=10068
11-19 17:08:33.705 V/LigerRadioStatsReporter( 5353): reportAndCheckpointRadioStats: Tags=null
11-19 17:08:33.709 D/NetworkManager( 5353): ConnectivityManager.NetworkCallback#onCapabilitiesChanged()
11-19 17:08:33.709 D/NetworkManager( 5353): connected: true
11-19 17:08:34.449 I/Nat464Xlat( 1196): Android Xlat is disabled
11-19 17:08:34.450 D/QCNEJ/WlanStaInfoRelay( 1887): Received action: android.net.wifi.LINK_CONFIGURATION_CHANGED
11-19 17:08:34.450 E/QCNEJ/WlanStaInfoRelay( 1887): update link properties given null lp
11-19 17:08:34.503 D/QCNEJ/NativeHalConnector( 1887): -> SND notifyWifiAvailable(v4Connected = truev6Connected = , false, isAndroidValidated = true)
11-19 17:08:34.619 W/HWComposer(  597): Ignoring duplicate VSYNC event from HWC for display 0 (t=4744978351210)
11-19 17:08:35.672 D/QCNEJ/WlanStaInfoRelay( 1887): Received action: android.net.wifi.RSSI_CHANGED
11-19 17:08:35.673 D/WearableConnectivityManager( 2565): onWifiStrengthChange: -40
11-19 17:08:35.685 V/LigerRadioStatsReporter( 5353): onCapabilitiesChanged: Network capabilities changed
11-19 17:08:35.685 V/LigerRadioStatsReporter( 5353): reportAndCheckpointRadioStats
11-19 17:08:35.685 V/LigerRadioStatsReporter( 2348): onCapabilitiesChanged: Network capabilities changed
11-19 17:08:35.685 D/NetworkManager( 5313): ConnectivityManager.NetworkCallback#onCapabilitiesChanged()
11-19 17:08:35.685 V/LigerRadioStatsReporter( 2348): reportAndCheckpointRadioStats
11-19 17:08:35.685 D/NetworkManager( 5313): connected: true
11-19 17:08:35.686 V/LigerRadioStatsReporter( 5353): +++++++++++ RADIO STATS DUMP +++++++++++
11-19 17:08:35.686 V/LigerRadioStatsReporter( 5353): totalActiveRadioTimeMs=0
11-19 17:08:35.686 V/LigerRadioStatsReporter( 5353): totalTailRadioTimeMs=13998
11-19 17:08:35.686 V/LigerRadioStatsReporter( 5353): totalWakeupCount=0
11-19 17:08:35.686 V/LigerRadioStatsReporter( 5353): httpUpBytes=0
11-19 17:08:35.686 V/LigerRadioStatsReporter( 5353): httpDownBytes=0
11-19 17:08:35.687 V/LigerRadioStatsReporter( 5353): httpWakeupCount=0
11-19 17:08:35.687 V/LigerRadioStatsReporter( 5353): httpRequestCount=0
11-19 17:08:35.687 V/LigerRadioStatsReporter( 5353): httpActiveRadioTimeMs=0
11-19 17:08:35.687 V/LigerRadioStatsReporter( 5353): httpTailRadioTimeMs=13998
11-19 17:08:35.687 V/LigerRadioStatsReporter( 2348): +++++++++++ RADIO STATS DUMP +++++++++++
11-19 17:08:35.687 V/LigerRadioStatsReporter( 5353): reportAndCheckpointRadioStats: Tx=0
11-19 17:08:35.687 V/LigerRadioStatsReporter( 2348): totalActiveRadioTimeMs=0
11-19 17:08:35.687 V/LigerRadioStatsReporter( 5353): reportAndCheckpointRadioStats: Rx=0
11-19 17:08:35.687 V/LigerRadioStatsReporter( 2348): totalTailRadioTimeMs=13991
11-19 17:08:35.687 V/LigerRadioStatsReporter( 5353): reportAndCheckpointRadioStats: Uids=10068
11-19 17:08:35.687 V/LigerRadioStatsReporter( 2348): totalWakeupCount=0
11-19 17:08:35.687 V/LigerRadioStatsReporter( 5353): reportAndCheckpointRadioStats: Tags=null
11-19 17:08:35.687 V/LigerRadioStatsReporter( 2348): httpUpBytes=0
11-19 17:08:35.687 V/LigerRadioStatsReporter( 2348): httpDownBytes=0
11-19 17:08:35.687 V/LigerRadioStatsReporter( 2348): httpWakeupCount=0
11-19 17:08:35.687 V/LigerRadioStatsReporter( 2348): httpRequestCount=0
11-19 17:08:35.687 V/LigerRadioStatsReporter( 2348): httpActiveRadioTimeMs=0
11-19 17:08:35.687 V/LigerRadioStatsReporter( 2348): httpTailRadioTimeMs=13991
11-19 17:08:35.688 V/LigerRadioStatsReporter( 2348): reportAndCheckpointRadioStats: Tx=0
11-19 17:08:35.688 V/LigerRadioStatsReporter( 2348): reportAndCheckpointRadioStats: Rx=0
11-19 17:08:35.688 V/LigerRadioStatsReporter( 2348): reportAndCheckpointRadioStats: Uids=10027
11-19 17:08:35.688 V/LigerRadioStatsReporter( 2348): reportAndCheckpointRadioStats: Tags=null
11-19 17:08:35.689 D/NetworkManager( 5353): ConnectivityManager.NetworkCallback#onCapabilitiesChanged()
11-19 17:08:35.689 D/NetworkManager( 5353): connected: true
11-19 17:08:38.176 W/bluelink( 1123): [System] updateSmoothedTime: too early or too late; st=4758.699, rt=4760.846
11-19 17:08:34.449 I/Nat464Xlat( 1196): Android Xlat is disabled
11-19 17:08:38.177 D/commandrouter( 1123): rtc_sync (1, rtc:sync): <ServiceRequest> FORWARDED (remote -> local) service client ID = 0, token ID = 33238
11-19 17:08:38.177 D/vendor.facebook.rtc_sync@1.0-service( 1149): Request req_ts=1637341718164489556 resp_ts=1637341718177511114
11-19 17:08:38.177 D/commandrouter( 1123): SocServiceHandle::onServiceMessage, SoC Service = rtc_sync, appType = 1, type = SVC_RESP, clientId = 0, token = 33238, payloadLen = 8, result = 0, payload.size() = 8
11-19 17:08:39.541 E/QMI_FW  ( 1117): qmi_cci_get_ref: ref count increased 2
11-19 17:08:39.542 E/QMI_FW  ( 1117): qmi_cci_get_ref: ref count increased 2
11-19 17:08:39.542 E/QMI_FW  ( 1117): qmi_cci_get_ref: ref count increased 2
11-19 17:08:40.374 E/QMI_FW  ( 1117): qmi_cci_get_ref: ref count increased 2
11-19 17:08:40.375 E/QMI_FW  ( 1117): qmi_cci_get_ref: ref count increased 2
11-19 17:08:40.387 I/WearableConnectivityManager( 2565): LTE Signal strength is: 2
11-19 17:08:40.387 I/WearableConnectivityManager( 2565): Cellular Signal strength is: 2
11-19 17:08:40.389 D/RadioLinkQualityScoreBuilder( 1972): scoreRsrp: 3scoreRsrq: 3scoreRssnr: 3
11-19 17:08:40.390 D/WirelessInsightServiceImpl( 1972): onSignalStrengthsChanged: SignalStrength = SignalStrength:{mCdma=CellSignalStrengthCdma: cdmaDbm=2147483647 cdmaEcio=2147483647 evdoDbm=2147483647 evdoEcio=2147483647 evdoSnr=2147483647 level=0,mGsm=CellSignalStrengthGsm: rssi=2147483647 ber=2147483647 mTa=2147483647 mLevel=0,mWcdma=CellSignalStrengthWcdma: ss=2147483647 ber=2147483647 rscp=2147483647 ecno=2147483647 level=0,mTdscdma=CellSignalStrengthTdscdma: rssi=2147483647 ber=2147483647 rscp=2147483647 level=0,mLte=CellSignalStrengthLte: rssi=-81 rsrp=-112 rsrq=-13 rssnr=5 cqi=2147483647 ta=2147483647 level=2 parametersUseForLevel=0,mNr=CellSignalStrengthNr:{ csiRsrp = 2147483647 csiRsrq = 2147483647 csiSinr = 2147483647 ssRsrp = 2147483647 ssRsrq = 2147483647 ssSinr = 2147483647 level = 0 parametersUseForLevel = 0 },primary=CellSignalStrengthLte}
11-19 17:08:40.390 D/WirelessInsightServiceImpl( 1972): Score: 3
11-19 17:08:40.390 D/WirelessInsightServiceImpl( 1972): notifyListeners: listeners = 0, score = 3
11-19 17:08:43.177 W/bluelink( 1123): [System] updateSmoothedTime: too early or too late; st=4763.706, rt=4765.847
11-19 17:08:44.225 E/QMI_FW  ( 1117): qmi_cci_get_ref: ref count increased 2
11-19 17:08:44.227 E/QMI_FW  ( 1117): qmi_cci_get_ref: ref count increased 2
11-19 17:08:44.237 I/WearableConnectivityManager( 2565): LTE Signal strength is: 1
11-19 17:08:44.237 I/WearableConnectivityManager( 2565): Cellular Signal strength is: 1
11-19 17:08:44.238 D/RadioLinkQualityScoreBuilder( 1972): scoreRsrp: 2scoreRsrq: 3scoreRssnr: 3
11-19 17:08:44.239 D/WirelessInsightServiceImpl( 1972): onSignalStrengthsChanged: SignalStrength = SignalStrength:{mCdma=CellSignalStrengthCdma: cdmaDbm=2147483647 cdmaEcio=2147483647 evdoDbm=2147483647 evdoEcio=2147483647 evdoSnr=2147483647 level=0,mGsm=CellSignalStrengthGsm: rssi=2147483647 ber=2147483647 mTa=2147483647 mLevel=0,mWcdma=CellSignalStrengthWcdma: ss=2147483647 ber=2147483647 rscp=2147483647 ecno=2147483647 level=0,mTdscdma=CellSignalStrengthTdscdma: rssi=2147483647 ber=2147483647 rscp=2147483647 level=0,mLte=CellSignalStrengthLte: rssi=-81 rsrp=-113 rsrq=-13 rssnr=6 cqi=2147483647 ta=2147483647 level=1 parametersUseForLevel=0,mNr=CellSignalStrengthNr:{ csiRsrp = 2147483647 csiRsrq = 2147483647 csiSinr = 2147483647 ssRsrp = 2147483647 ssRsrq = 2147483647 ssSinr = 2147483647 level = 0 parametersUseForLevel = 0 },primary=CellSignalStrengthLte}
11-19 17:08:44.239 D/WirelessInsightServiceImpl( 1972): Score: 2
11-19 17:08:44.239 D/WirelessInsightServiceImpl( 1972): notifyListeners: listeners = 0, score = 2
11-19 17:08:48.184 W/bluelink( 1123): [System] updateSmoothedTime: too early or too late; st=4768.712, rt=4770.853
11-19 17:08:48.184 D/commandrouter( 1123): rtc_sync (1, rtc:sync): <ServiceRequest> FORWARDED (remote -> local) service client ID = 0, token ID = 33239
11-19 17:08:48.185 D/vendor.facebook.rtc_sync@1.0-service( 1149): Request req_ts=1637341728171511114 resp_ts=1637341728184959496
11-19 17:08:48.185 D/commandrouter( 1123): SocServiceHandle::onServiceMessage, SoC Service = rtc_sync, appType = 1, type = SVC_RESP, clientId = 0, token = 33239, payloadLen = 8, result = 0, payload.size() = 8
11-19 17:08:51.058 I/chatty  ( 1196): uid=1000(system) WifiScanningSer expire 4 lines
11-19 17:08:51.060 I/chatty  (  995): uid=1021(gps) lowi-server expire 277 lines
11-19 17:08:51.061 V/WifiHAL (  556): event received NL80211_CMD_TRIGGER_SCAN
11-19 17:08:51.194 V/WifiHAL (  556): event received NL80211_CMD_NEW_SCAN_RESULTS
11-19 17:08:51.194 I/chatty  ( 1196): uid=1000(system) Binder:1196_18 expire 9 lines
11-19 17:08:51.210 I/chatty  (  995): uid=1021(gps) lowi-server expire 7 lines
11-19 17:08:52.320 D/UIAutomatorStub( 5833): URI: /jsonrpc/0, Method: POST, Header: {content-length=102, remote-addr=127.0.0.1, http-client-ip=127.0.0.1, host=localhost:9011, content-type=application/json, accept-encoding=identity}, params, {NanoHttpd.QUERY_STRING=null}, files: {postData={"jsonrpc": "2.0", "method": "pressKey", "id": "18c9ce445dd25d732e62caf0e5aa9c83", "params": ["back"]}}
11-19 17:08:52.354 D/AutofillManagerService( 1196): onBackKeyPressed()
11-19 17:08:52.382 D/UIAutomatorStub( 5833): URI: /jsonrpc/0, Method: POST, Header: {content-length=102, remote-addr=127.0.0.1, http-client-ip=127.0.0.1, host=localhost:9011, content-type=application/json, accept-encoding=identity}, params, {NanoHttpd.QUERY_STRING=null}, files: {postData={"jsonrpc": "2.0", "method": "pressKey", "id": "89c12f483986b868b06920096b983d1f", "params": ["back"]}}
11-19 17:08:52.967 D/UIAutomatorStub( 5833): URI: /jsonrpc/0, Method: POST, Header: {content-length=102, remote-addr=127.0.0.1, http-client-ip=127.0.0.1, host=localhost:9011, content-type=application/json, accept-encoding=identity}, params, {NanoHttpd.QUERY_STRING=null}, files: {postData={"jsonrpc": "2.0", "method": "pressKey", "id": "e7f55eb30e30333075eacecb0bc9f16f", "params": ["back"]}}
11-19 17:08:53.182 W/bluelink( 1123): [System] updateSmoothedTime: too early or too late; st=4773.720, rt=4775.851
11-19 17:08:53.432 I/chatty  ( 1196): uid=1000(system) Binder:1196_1A expire 4 lines
11-19 17:08:53.472 I/chatty  ( 1196): uid=1000 system_server expire 1 line
11-19 17:08:53.491 D/ComplicationController( 2565): Starting complication controller. Face Type: OdysseyWatchFace
11-19 17:08:53.492 D/ComplicationDataManagerImpl( 2565): Updating complication data for package: com.facebook.wearable.apps.workout, id: com.facebook.wearable.apps.workout.SHORTCUT_COMPLICATION
11-19 17:08:53.492 D/ComplicationDataManagerImpl( 2565): Updating complication data for package: com.facebook.wearable.apps.gallery, id: com.facebook.wearable.apps.gallery.SHORTCUT_COMPLICATION
11-19 17:08:53.492 D/ComplicationDataManagerImpl( 2565): Updating complication data for package: com.facebook.wearable.apps.calendar, id: com.facebook.wearable.apps.calendar.SHORTCUT_COMPLICATION
11-19 17:08:53.492 D/ComplicationDataManagerImpl( 2565): Updating complication data for package: com.facebook.wearable.apps.weather, id: com.facebook.wearable.apps.weather.SHORTCUT_COMPLICATION
11-19 17:08:53.492 D/ComplicationDataManagerImpl( 2565): Updating complication data for package: com.facebook.wearable.apps.clock, id: com.facebook.wearable.apps.clock.SHORTCUT_COMPLICATION
11-19 17:08:53.492 D/ComplicationDataManagerImpl( 2565): Updating complication data for package: com.facebook.wearable.apps.player, id: com.facebook.wearable.apps.player.SHORTCUT_COMPLICATION
11-19 17:08:53.492 D/ComplicationDataManagerImpl( 2565): Updating complication data for package: com.facebook.wearable.apps.heart, id: com.facebook.wearable.apps.heart.HEART_RATE
11-19 17:08:53.494 E/DayDateSystemComplicationProvider( 2565): Updating Day Date System Complication
11-19 17:08:53.495 D/ComplicationDataManagerImpl( 2565): Updating complication data for package: com.facebook.wearable.apps.calendar, id: com.facebook.wearable.apps.calendar.DAY_DATE_COMPLICATION
11-19 17:08:53.500 D/ComplicationDataManagerImpl( 2565): Fetching complication data for package: com.facebook.wearable.apps.calendar, com.facebook.wearable.apps.calendar.DAY_DATE_COMPLICATION.
11-19 17:08:53.500 D/ComplicationDataManagerImpl( 2565): Fetching complication data for package: com.facebook.wearable.apps.player, com.facebook.wearable.apps.player.SHORTCUT_COMPLICATION.
11-19 17:08:53.501 D/ComplicationDataManagerImpl( 2565): Fetching complication data for package: com.facebook.wearable.apps.gallery, com.facebook.wearable.apps.gallery.SHORTCUT_COMPLICATION.
11-19 17:08:53.501 D/ComplicationDataManagerImpl( 2565): Fetching complication data for package: com.facebook.wearable.apps.heart, com.facebook.wearable.apps.heart.HEART_RATE.
11-19 17:08:53.509 D/LauncherActivity( 2565): onResume: Intent { cat=[android.intent.category.DEFAULT] flg=0x10020000 cmp=com.facebook.wearable.system.launcher/.LauncherActivity }
11-19 17:08:53.509 D/LauncherIntentProcessor( 2565): processLauncherActivityIntent: Intent { cat=[android.intent.category.DEFAULT] flg=0x10020000 cmp=com.facebook.wearable.system.launcher/.LauncherActivity }
11-19 17:08:53.518 D/TetheredPhoneUtil( 2565): Retrieving the tethered phone status
11-19 17:08:53.519 D/TetheredPhoneUtil( 2565): Found tethered phone status: false
11-19 17:08:53.533 D/FacebookRepository( 2565): Reading from Store [250223709649332]
11-19 17:08:53.561 I/chatty  ( 1196): uid=1000(system) ActivityManager expire 18 lines
11-19 17:08:53.579 D/UIAutomatorStub( 5833): URI: /jsonrpc/0, Method: POST, Header: {content-length=102, remote-addr=127.0.0.1, http-client-ip=127.0.0.1, host=localhost:9011, content-type=application/json, accept-encoding=identity}, params, {NanoHttpd.QUERY_STRING=null}, files: {postData={"jsonrpc": "2.0", "method": "pressKey", "id": "59a00c0710ec8759b8e3c25c4e2ddeee", "params": ["back"]}}
11-19 17:08:54.634 D/LauncherActivity( 2565): onKeyUp() called with keycode:4, event: KeyEvent { action=ACTION_UP, keyCode=KEYCODE_BACK, scanCode=0, metaState=0, flags=0x200, repeatCount=0, eventTime=4764960, downTime=4764960, deviceId=-1, source=0x101, displayId=-1 }
11-19 17:08:55.092 W/HWComposer(  597): Ignoring duplicate VSYNC event from HWC for display 0 (t=4765451743598)
11-19 17:08:53.412 I/chatty  ( 1196): uid=1000(system) android.ui identical 2 lines
11-19 17:08:54.633 D/AutofillManagerService( 1196): onBackKeyPressed()
11-19 17:08:55.180 W/ActivityManager( 1196): Invalid packageName: com.facebook.wearable.system.settings/com.facebook.wearable.system.settings.SettingsActivity
11-19 17:08:55.293 I/ActivityTaskManager( 1196): START u0 {flg=0x10000000 cmp=com.facebook.wearable.system.settings/.SettingsActivity} from uid 0
11-19 17:08:55.298 E/ANDR-PERF-OPTSHANDLER(  560): Perflock resource /proc/sys/kernel/sched_group_downmigrate not supported
11-19 17:08:55.298 E/ANDR-PERF-RESOURCEQS(  560): Failed to apply optimization [3, 22]
11-19 17:08:55.298 E/ANDR-PERF-OPTSHANDLER(  560): Perflock resource /proc/sys/kernel/sched_group_upmigrate not supported
11-19 17:08:55.298 E/ANDR-PERF-RESOURCEQS(  560): Failed to apply optimization [3, 21]
11-19 17:08:55.298 E/ANDR-PERF-OPTSHANDLER(  560): Perflock resource /sys/module/lpm_levels/parameters/bias_hyst not supported
11-19 17:08:55.298 E/ANDR-PERF-RESOURCEQS(  560): Failed to apply optimization [1, 2]
11-19 17:08:55.298 E/ANDR-PERF-OPTSHANDLER(  560): Failed to read /proc/sys/kernel/sched_downmigrate
11-19 17:08:55.298 E/ANDR-PERF-RESOURCEQS(  560): Failed to apply optimization [3, 8]
11-19 17:08:55.298 E/ANDR-PERF-OPTSHANDLER(  560): Failed to read /proc/sys/kernel/sched_upmigrate
11-19 17:08:55.298 E/ANDR-PERF-RESOURCEQS(  560): Failed to apply optimization [3, 7]
11-19 17:08:55.311 I/ActivityTaskManager( 1196): The Process com.facebook.wearable.system.settings Already Exists in BG. So sending its PID: 2711
11-19 17:08:55.312 W/ActivityTaskManager( 1196): Tried to set launchTime (0) < mLastActivityLaunchTime (4734652)
11-19 17:08:55.321 I/cmd     ( 8147): oneway function results will be dropped but finished with status OK and parcel size 4
11-19 17:08:55.341 D/LauncherActivity( 2565): onPause
11-19 17:08:55.392 D/TetheredPhoneUtil( 2565): Retrieving the tethered phone status
11-19 17:08:55.394 D/TetheredPhoneUtil( 2565): Found tethered phone status: false
11-19 17:08:55.401 D/FacebookProvider( 2756): Starting SSO Network Fetch for 263529928325379
11-19 17:08:55.401 I/AccountsContentProvider( 2756): No Primary Account. Accounts Error [content://com.facebook.wearable.system.accounts.AccountsContentProvider/facebook/263529928325379]
11-19 17:08:55.402 E/DatabaseUtils( 2756): Writing exception to parcel
11-19 17:08:55.402 E/DatabaseUtils( 2756): java.lang.IllegalStateException: No Primary Account
11-19 17:08:55.402 E/DatabaseUtils( 2756): 	at com.facebook.secure.content.AbstractContentProvider.doQuery(:284)
11-19 17:08:55.402 E/DatabaseUtils( 2756): 	at com.facebook.secure.content.AbstractContentProvider.query(:8)
11-19 17:08:55.402 E/DatabaseUtils( 2756): 	at android.content.ContentProvider.query(ContentProvider.java:1474)
11-19 17:08:55.402 E/DatabaseUtils( 2756): 	at android.content.ContentProvider$Transport.query(ContentProvider.java:278)
11-19 17:08:55.402 E/DatabaseUtils( 2756): 	at android.content.ContentProviderNative.onTransact(ContentProviderNative.java:106)
11-19 17:08:55.402 E/DatabaseUtils( 2756): 	at android.os.Binder.execTransactInternal(Binder.java:1154)
11-19 17:08:55.402 E/DatabaseUtils( 2756): 	at android.os.Binder.execTransact(Binder.java:1123)
11-19 17:08:55.403 E/AccountsViewModel( 2711): AccountsViewModel.flow failed: No Primary Account
11-19 17:08:55.403 E/AccountsViewModel( 2711): java.lang.IllegalStateException: No Primary Account
11-19 17:08:55.403 E/AccountsViewModel( 2711): 	at android.os.Parcel.createExceptionOrNull(Parcel.java:2381)
11-19 17:08:55.403 E/AccountsViewModel( 2711): 	at android.os.Parcel.createException(Parcel.java:2357)
11-19 17:08:55.403 E/AccountsViewModel( 2711): 	at android.os.Parcel.readException(Parcel.java:2340)
11-19 17:08:55.403 E/AccountsViewModel( 2711): 	at android.database.DatabaseUtils.readExceptionFromParcel(DatabaseUtils.java:190)
11-19 17:08:55.403 E/AccountsViewModel( 2711): 	at android.database.DatabaseUtils.readExceptionFromParcel(DatabaseUtils.java:142)
11-19 17:08:55.403 E/AccountsViewModel( 2711): 	at android.content.ContentProviderProxy.query(ContentProviderNative.java:472)
11-19 17:08:55.403 E/AccountsViewModel( 2711): 	at android.content.ContentResolver.query(ContentResolver.java:1185)
11-19 17:08:55.403 E/AccountsViewModel( 2711): 	at android.content.ContentResolver.query(ContentResolver.java:1116)
11-19 17:08:55.403 E/AccountsViewModel( 2711): 	at com.facebook.wearable.common.accounts.contract.WearableAccountsContractRequest.query(:51)
11-19 17:08:55.403 E/AccountsViewModel( 2711): 	at kotlin.coroutines.jvm.internal.BaseContinuationImpl.invokeSuspend(:95489)
11-19 17:08:55.403 E/AccountsViewModel( 2711): 	at com.facebook.wearable.common.accounts.WearableAccountsKt$fb$1.invoke(:9)
11-19 17:08:55.403 E/AccountsViewModel( 2711): 	at com.facebook.wearable.common.coroutines.lazy.LazyAsync.get(:101)
11-19 17:08:55.403 E/AccountsViewModel( 2711): 	at kotlin.coroutines.jvm.internal.BaseContinuationImpl.invokeSuspend(:96596)
11-19 17:08:55.403 E/AccountsViewModel( 2711): 	at com.facebook.wearable.system.settings.accounts.AccountsViewModel$wearableAccountFlow$1.invoke(:11)
11-19 17:08:55.403 E/AccountsViewModel( 2711): 	at kotlinx.coroutines.flow.AbstractFlow.collect$rvp0$0(:72)
11-19 17:08:55.403 E/AccountsViewModel( 2711): 	at kotlin.coroutines.jvm.internal.BaseContinuationImpl.invokeSuspend(:95417)
11-19 17:08:55.403 E/AccountsViewModel( 2711): 	at kotlinx.coroutines.flow.FlowKt__ShareKt$launchSharing$1$2.invoke(Unknown Source:10)
11-19 17:08:55.403 E/AccountsViewModel( 2711): 	at kotlin.coroutines.jvm.internal.BaseContinuationImpl.invokeSuspend(:96715)
11-19 17:08:55.403 E/AccountsViewModel( 2711): 	at kotlinx.coroutines.flow.FlowKt__MergeKt$mapLatest$1.invoke(Unknown Source:15)
11-19 17:08:55.403 E/AccountsViewModel( 2711): 	at kotlin.coroutines.jvm.internal.BaseContinuationImpl.invokeSuspend(:96820)
11-19 17:08:55.403 E/AccountsViewModel( 2711): 	at kotlinx.coroutines.flow.internal.ChannelFlowTransformLatest$flowCollect$3$1$2.invoke(Unknown Source:10)
11-19 17:08:55.403 E/AccountsViewModel( 2711): 	at kotlinx.coroutines.CoroutineStart.invoke(:32)
11-19 17:08:55.403 E/AccountsViewModel( 2711): 	at kotlinx.coroutines.BuildersKt__Builders_commonKt.launch(:15)
11-19 17:08:55.403 E/AccountsViewModel( 2711): 	at kotlinx.coroutines.flow.internal.ChannelFlowTransformLatest$flowCollect$3$invokeSuspend$$inlined$collect$1.emit(:56)
11-19 17:08:55.403 E/AccountsViewModel( 2711): 	at kotlinx.coroutines.flow.DistinctFlowImpl$collect$$inlined$collect$1.emit(:74)
11-19 17:08:55.403 E/AccountsViewModel( 2711): 	at kotlinx.coroutines.flow.FlowKt__LimitKt$dropWhile$lambda-4$$inlined$collect$1.emit(:114)
11-19 17:08:55.403 E/AccountsViewModel( 2711): 	at kotlinx.coroutines.flow.FlowKt__ChannelsKt.emitAllImpl$FlowKt__ChannelsKt(:123)
11-19 17:08:55.403 E/AccountsViewModel( 2711): 	at kotlin.coroutines.jvm.internal.BaseContinuationImpl.invokeSuspend(:96917)
11-19 17:08:55.403 E/AccountsViewModel( 2711): 	at kotlin.coroutines.jvm.internal.BaseContinuationImpl.resumeWith(:5)
11-19 17:08:55.403 E/AccountsViewModel( 2711): 	at kotlinx.coroutines.DispatchedTask.run(:131)
11-19 17:08:55.403 E/AccountsViewModel( 2711): 	at java.util.concurrent.Executors$RunnableAdapter.call(Executors.java:462)
11-19 17:08:55.403 E/AccountsViewModel( 2711): 	at java.util.concurrent.FutureTask.run(FutureTask.java:266)
11-19 17:08:55.403 E/AccountsViewModel( 2711): 	at com.facebook.wearable.common.executors.DelayedFutureTask.run(:22)
11-19 17:08:55.403 E/AccountsViewModel( 2711): 	at java.util.concurrent.ThreadPoolExecutor.runWorker(ThreadPoolExecutor.java:1167)
11-19 17:08:55.403 E/AccountsViewModel( 2711): 	at java.util.concurrent.ThreadPoolExecutor$Worker.run(ThreadPoolExecutor.java:641)
11-19 17:08:55.403 E/AccountsViewModel( 2711): 	at com.facebook.wearable.common.executors.NamedThreadFactory$1.run(:7)
11-19 17:08:55.441 E/StatusBarClientConnection( 2711): Service connected
11-19 17:08:55.484 W/View    ( 2711): requestLayout() improperly called by android.view.View{e920997 V.ED..... ......I. 0,368-474,474} during layout: running second layout pass
11-19 17:08:55.501 W/View    ( 2711): requestLayout() improperly called by com.facebook.wearable.common.wds.listview.WdsListView{fb734fa V.E..V... ........ 0,0-474,474} during second layout pass: posting in next frame
11-19 17:08:55.739 E/QMI_FW  ( 1117): qmi_cci_get_ref: ref count increased 2
11-19 17:08:55.740 E/QMI_FW  ( 1117): qmi_cci_get_ref: ref count increased 2
11-19 17:08:55.746 I/WearableConnectivityManager( 2565): LTE Signal strength is: 2
11-19 17:08:55.746 I/WearableConnectivityManager( 2565): Cellular Signal strength is: 2
11-19 17:08:55.748 D/RadioLinkQualityScoreBuilder( 1972): scoreRsrp: 3scoreRsrq: 3scoreRssnr: 3
11-19 17:08:55.748 D/WirelessInsightServiceImpl( 1972): onSignalStrengthsChanged: SignalStrength = SignalStrength:{mCdma=CellSignalStrengthCdma: cdmaDbm=2147483647 cdmaEcio=2147483647 evdoDbm=2147483647 evdoEcio=2147483647 evdoSnr=2147483647 level=0,mGsm=CellSignalStrengthGsm: rssi=2147483647 ber=2147483647 mTa=2147483647 mLevel=0,mWcdma=CellSignalStrengthWcdma: ss=2147483647 ber=2147483647 rscp=2147483647 ecno=2147483647 level=0,mTdscdma=CellSignalStrengthTdscdma: rssi=2147483647 ber=2147483647 rscp=2147483647 level=0,mLte=CellSignalStrengthLte: rssi=-81 rsrp=-112 rsrq=-13 rssnr=5 cqi=2147483647 ta=2147483647 level=2 parametersUseForLevel=0,mNr=CellSignalStrengthNr:{ csiRsrp = 2147483647 csiRsrq = 2147483647 csiSinr = 2147483647 ssRsrp = 2147483647 ssRsrq = 2147483647 ssSinr = 2147483647 level = 0 parametersUseForLevel = 0 },primary=CellSignalStrengthLte}
11-19 17:08:55.748 D/WirelessInsightServiceImpl( 1972): Score: 3
11-19 17:08:55.748 D/WirelessInsightServiceImpl( 1972): notifyListeners: listeners = 0, score = 3
11-19 17:08:55.749 E/QMI_FW  (  901): qmi_cci_get_ref: ref count increased 2
11-19 17:08:55.750 E/QMI_FW  (  901): qmi_cci_get_ref: ref count increased 2
11-19 17:08:55.815 D/ComplicationController( 2565): Stopping complication controller.
11-19 17:08:55.819 D/ComplicationDataManagerImpl( 2565): Fetching complication data for package: com.facebook.wearable.apps.calendar, com.facebook.wearable.apps.calendar.DAY_DATE_COMPLICATION.
11-19 17:08:55.819 D/ComplicationDataManagerImpl( 2565): Fetching complication data for package: com.facebook.wearable.apps.player, com.facebook.wearable.apps.player.SHORTCUT_COMPLICATION.
11-19 17:08:55.820 D/ComplicationDataManagerImpl( 2565): Fetching complication data for package: com.facebook.wearable.apps.gallery, com.facebook.wearable.apps.gallery.SHORTCUT_COMPLICATION.
11-19 17:08:55.820 D/ComplicationDataManagerImpl( 2565): Fetching complication data for package: com.facebook.wearable.apps.heart, com.facebook.wearable.apps.heart.HEART_RATE.
11-19 17:08:55.827 I/chatty  ( 1196): uid=1000(system) Binder:1196_4 expire 3 lines
11-19 17:08:55.899 E/QMI_FW  ( 1117): qmi_cci_get_ref: ref count increased 2
11-19 17:08:55.899 E/QMI_FW  ( 1117): qmi_cci_get_ref: ref count increased 2
11-19 17:08:55.900 E/QMI_FW  ( 1117): qmi_cci_get_ref: ref count increased 2
11-19 17:08:56.159 E/QMI_FW  (  901): qmi_cci_get_ref: ref count increased 2
11-19 17:08:56.166 E/QMI_FW  ( 1117): qmi_cci_get_ref: ref count increased 2
11-19 17:08:56.279 I/QImsService( 1947): ImsRadioIndication : onRegistrationChanged_1_6()
11-19 17:08:56.281 I/QImsService( 1947): ImsSenderRxr : [UNSL]< UNSOL_RESPONSE_IMS_NETWORK_STATE_CHANGED[SUB0]
11-19 17:08:56.286 I/QImsService( 1947): ImsServiceSubHandler : Message received: what = 2
11-19 17:08:56.288 I/QImsService( 1947): ImsServiceSub : [0] handleImsStateChanged
11-19 17:08:56.291 I/QImsService( 1947): ImsSenderRxr : [0016]> REQUEST_QUERY_SERVICE_STATUS [SUB0]
11-19 17:08:56.292 I/QImsService( 1947): ImsServiceSub : [0] VOLTE ims registered, WFC change to Not  registered
11-19 17:08:56.301 I/QImsService( 1947): ImsServiceSub : [0] sendBroadcastForDisconnected
11-19 17:08:56.304 I/QImsService( 1947): ImsRadioResponse : queryServiceStatusResponse_1_6()
11-19 17:08:56.304 I/QImsService( 1947): Class : Num of SrvUpdates = 6
11-19 17:08:56.304 D/NetworkController.MobileSignalController(1)( 1750): onRegistered imsTransportType=1
11-19 17:08:56.307 I/QImsService( 1947): Class :  networkMode = 14 status = 2 restrictCause = 0 registered = 1
11-19 17:08:56.307 D/ImsRegCallbackHelper( 1972): updateRegistrationState: registration state from 2 to 2
11-19 17:08:56.307 I/QImsService( 1947): Class : Partially Enabled Status due to Restrict Cause
11-19 17:08:56.307 I/QImsService( 1947): Class : RTT: copySrvStatusList rtt mode = 2
11-19 17:08:56.307 I/QImsService( 1947): Class :  networkMode = 14 status = 2 restrictCause = 0 registered = 1
11-19 17:08:56.307 I/QImsService( 1947): Class : Partially Enabled Status due to Restrict Cause
11-19 17:08:56.307 I/QImsService( 1947): Class : RTT: copySrvStatusList rtt mode = 2
11-19 17:08:56.307 I/QImsService( 1947): Class :  networkMode = 14 status = 2 restrictCause = 0 registered = 1
11-19 17:08:56.307 I/QImsService( 1947): Class : Partially Enabled Status due to Restrict Cause
11-19 17:08:56.308 I/QImsService( 1947): Class : RTT: copySrvStatusList rtt mode = 2
11-19 17:08:56.308 I/QImsService( 1947): Class :  networkMode = 14 status = 2 restrictCause = 0 registered = 1
11-19 17:08:56.308 I/QImsService( 1947): Class : Partially Enabled Status due to Restrict Cause
11-19 17:08:56.308 I/QImsService( 1947): Class : RTT: copySrvStatusList rtt mode = 2
11-19 17:08:56.308 I/QImsService( 1947): Class :  networkMode = 14 status = 2 restrictCause = 0 registered = 1
11-19 17:08:56.308 I/QImsService( 1947): Class : Partially Enabled Status due to Restrict Cause
11-19 17:08:56.308 I/QImsService( 1947): Class : RTT: copySrvStatusList rtt mode = 2
11-19 17:08:56.308 I/QImsService( 1947): Class :  networkMode = 14 status = 2 restrictCause = 0 registered = 1
11-19 17:08:56.308 I/QImsService( 1947): Class : Partially Enabled Status due to Restrict Cause
11-19 17:08:56.308 I/QImsService( 1947): Class : RTT: copySrvStatusList rtt mode = 2
11-19 17:08:56.309 I/QImsService( 1947): ImsSenderRxr : [0016]< REQUEST_QUERY_SERVICE_STATUS [org.codeaurora.ims.ServiceStatus@d2856e1, org.codeaurora.ims.ServiceStatus@7abbc06, org.codeaurora.ims.ServiceStatus@a0d12c7, org.codeaurora.ims.ServiceStatus@33d0f4, org.codeaurora.ims.ServiceStatus@72801d, org.codeaurora.ims.ServiceStatus@7379292][SUB0]
11-19 17:08:56.309 I/QImsService( 1947): ImsServiceSubHandler : Message received: what = 5
11-19 17:08:56.309 I/QImsService( 1947): ImsServiceSub : [0] Received event: EVENT_GET_STATUS_UPDATE
11-19 17:08:56.310 I/QImsService( 1947): ImsServiceSub : [0] type = 5 status = 1 isValid = true
11-19 17:08:56.310 I/QImsService( 1947): ImsServiceSub : [0] Call Type 5has num updates = 1
11-19 17:08:56.310 I/QImsService( 1947): ImsServiceSub : [0] StatusForAccessTech networkMode = 14 registered = 1 status = 2 restrictCause = 0
11-19 17:08:56.310 I/QImsService( 1947): ImsServiceSub : [0] type = 0 status = 1 isValid = true
11-19 17:08:56.310 I/QImsService( 1947): ImsServiceSub : [0] Call Type 0has num updates = 1
11-19 17:08:56.310 I/QImsService( 1947): ImsServiceSub : [0] StatusForAccessTech networkMode = 14 registered = 1 status = 2 restrictCause = 0
11-19 17:08:56.310 I/QImsService( 1947): ImsServiceSub : [0] type = 3 status = 1 isValid = true
11-19 17:08:56.310 I/QImsService( 1947): ImsServiceSub : [0] Call Type 3has num updates = 1
11-19 17:08:56.310 I/QImsService( 1947): ImsServiceSub : [0] StatusForAccessTech networkMode = 14 registered = 1 status = 2 restrictCause = 0
11-19 17:08:56.311 I/QImsService( 1947): ImsServiceSub : [0] type = 1 status = 1 isValid = true
11-19 17:08:56.311 I/QImsService( 1947): ImsServiceSub : [0] Call Type 1has num updates = 1
11-19 17:08:56.311 I/QImsService( 1947): ImsServiceSub : [0] StatusForAccessTech networkMode = 14 registered = 1 status = 2 restrictCause = 0
11-19 17:08:56.311 I/QImsService( 1947): ImsServiceSub : [0] type = 2 status = 1 isValid = true
11-19 17:08:56.311 I/QImsService( 1947): ImsServiceSub : [0] Call Type 2has num updates = 1
11-19 17:08:56.311 I/QImsService( 1947): ImsServiceSub : [0] StatusForAccessTech networkMode = 14 registered = 1 status = 2 restrictCause = 0
11-19 17:08:56.311 I/QImsService( 1947): ImsServiceSub : [0] type = 25 status = 1 isValid = true
11-19 17:08:56.311 I/QImsService( 1947): ImsServiceSub : [0] Call Type 25has num updates = 1
11-19 17:08:56.311 I/QImsService( 1947): ImsServiceSub : [0] StatusForAccessTech networkMode = 14 registered = 1 status = 2 restrictCause = 0
