11-21 00:35:25.437 D/ConnectivityService( 1186): registerNetworkAgent NetworkAgentInfo{ ni{[type: WIFI[], state: UNKNOWN/IDLE, reason: (unspecified), extra: , failover: false, available: true, roaming: false]}  network{173}  nethandle{746435039245}  lp{{InterfaceName: wlan0 LinkAddresses: [ ] DnsAddresses: [ ] Domains: null MTU: 0 Routes: [ ]}}  nc{[ Transports: WIFI Capabilities: NOT_METERED&INTERNET&NOT_RESTRICTED&TRUSTED&NOT_VPN&NOT_ROAMING&FOREGROUND&NOT_CONGESTED&NOT_SUSPENDED LinkUpBandwidth>=72000Kbps LinkDnBandwidth>=72000Kbps OwnerUid: 1000 SSID: "MTBF_Lab" RequestorUid: -1 RequestorPackageName: null]}  Score{20}  everValidated{false}  lastValidated{false}  created{false} lingering{false} explicitlySelected{false} acceptUnvalidated{false} everCaptivePortalDetected{false} lastCaptivePortalDetected{false} partialConnectivity{false} acceptPartialConnectivity{false} clat{mBaseIface: null, mIface: null, mState: IDLE} }
11-21 00:35:25.452 D/ConnectivityService( 1186): [173 WIFI] EVENT_NETWORK_INFO_CHANGED, going from UNKNOWN to UNKNOWN
11-21 00:35:25.605 D/ConnectivityService( 1186): NetReassign [no changes]
11-21 00:35:25.631 I/Nat464Xlat( 1186): Android Xlat is disabled
11-21 00:35:25.631 I/Nat464Xlat( 1186): Android Xlat is disabled
11-21 00:35:25.753 E/ConnectivityService( 1186): Exception in networkAddRouteParcel for non-gateway: android.os.ServiceSpecificException: Machine is not on the network (code 64)
11-21 00:35:25.754 E/ConnectivityService( 1186): Exception in networkAddRouteParcel for gateway: android.os.ServiceSpecificException: Machine is not on the network (code 64)
11-21 00:35:25.754 I/Nat464Xlat( 1186): Android Xlat is disabled
11-21 00:35:25.755 I/Nat464Xlat( 1186): Android Xlat is disabled
11-21 00:35:25.892 D/ConnectivityService( 1186): Setting DNS servers for network 173 to [/192.168.1.1]
11-21 00:35:25.893 I/Nat464Xlat( 1186): Android Xlat is disabled
11-21 00:35:25.893 I/Nat464Xlat( 1186): Android Xlat is disabled
11-21 00:35:25.984 D/ConnectivityService( 1186): [173 WIFI] EVENT_NETWORK_INFO_CHANGED, going from UNKNOWN to CONNECTED
11-21 00:35:25.986 D/DnsManager( 1186): sendDnsConfigurationForNetwork(173, [192.168.1.1], [], 1800, 25, 8, 64, 0, 0, , [])
11-21 00:35:25.995 W/DnsManager( 1186): updatePrivateDns(173, PrivateDnsConfig{true:/[]})
11-21 00:35:25.995 D/ConnectivityService( 1186): Setting DNS servers for network 173 to [/192.168.1.1]
11-21 00:35:25.996 D/DnsManager( 1186): sendDnsConfigurationForNetwork(173, [192.168.1.1], [], 1800, 25, 8, 64, 0, 0, , [192.168.1.1])
11-21 00:35:25.998 D/ConnectivityService( 1186): Adding iface wlan0 to network 173
11-21 00:35:26.011 D/ConnectivityService( 1186): Setting DNS servers for network 173 to [/192.168.1.1]
11-21 00:35:26.012 D/DnsManager( 1186): sendDnsConfigurationForNetwork(173, [192.168.1.1], [], 1800, 25, 8, 64, 0, 0, , [192.168.1.1])
11-21 00:35:26.014 I/Nat464Xlat( 1186): Android Xlat is disabled
11-21 00:35:26.014 I/Nat464Xlat( 1186): Android Xlat is disabled
11-21 00:35:26.069 D/ConnectivityService( 1186): NetReassign [no changes]
11-21 00:35:26.255 D/ConnectivityService( 1186): [173 WIFI] validation passed
11-21 00:35:26.256 D/ConnectivityService( 1186): NetReassign [44 : 101 → 173, 1480 : 101 → 173, 11 : 101 → 173, 63 : 101 → 173, 17 : 101 → 173, 25 : 101 → 173, 1438 : 101 → 173, 1 : 101 → 173, 8 : 101 → 173, 654 : 101 → 173, 12 : 101 → 173, 14 : 101 → 173, 16 : 101 → 173, 22 : 101 → 173, 1486 : 101 → 173]
11-21 00:35:26.263 E/NetlinkEvent(  462): NetlinkEvent::FindParam(): Parameter 'INTERFACE' not found
11-21 00:35:26.264 E/NetlinkEvent(  462): NetlinkEvent::FindParam(): Parameter 'STATE' not found
11-21 00:35:26.264 E/NetlinkEvent(  462): NetlinkEvent::FindParam(): Parameter 'TIME_NS' not found
11-21 00:35:26.264 E/NetlinkEvent(  462): NetlinkEvent::FindParam(): Parameter 'UID' not found
11-21 00:35:26.301 D/ConnectivityService( 1186): Switching to new default network: NetworkAgentInfo{ ni{[type: WIFI[], state: CONNECTED/CONNECTED, reason: (unspecified), extra: , failover: false, available: true, roaming: false]}  network{173}  nethandle{746435039245}  lp{{InterfaceName: wlan0 LinkAddresses: [ 192.168.1.41/24 ] DnsAddresses: [ /192.168.1.1 ] Domains: null MTU: 0 ServerAddress: /192.168.1.1 TcpBufferSizes: 524288,1048576,2097152,262144,524288,1048576 Routes: [ fe80::/64 -> :: wlan0 mtu 0,192.168.1.0/24 -> 0.0.0.0 wlan0 mtu 0,0.0.0.0/0 -> 192.168.1.1 wlan0 mtu 0 ]}}  nc{[ Transports: WIFI Capabilities: NOT_METERED&INTERNET&NOT_RESTRICTED&TRUSTED&NOT_VPN&VALIDATED&NOT_ROAMING&FOREGROUND&NOT_CONGESTED&NOT_SUSPENDED LinkUpBandwidth>=61000Kbps LinkDnBandwidth>=61000Kbps SignalStrength: -28 OwnerUid: 1000 SSID: "MTBF_Lab" RequestorUid: -1 RequestorPackageName: null]}  Score{60}  everValidated{true}  lastValidated{true}  created{true} lingering{false} explicitlySelected{false} acceptUnvalidated{false} everCaptivePortalDetected{false} lastCaptivePortalDetected{false} partialConnectivity{false} acceptPartialConnectivity{false} clat{mBaseIface: null, mIface: null, mState: IDLE} }
11-21 00:35:26.416 W/SimpleTimeDetectorStrategy( 1186): Existing suggestion found to be invalid  elapsedRealtimeMillis=118014142, timeSuggestion=TelephonyTimeSuggestion{mSlotIndex='0', mUtcTime=TimestampedValue{mReferenceTimeMillis=57092, mValue=1637365770000}, mDebugInfo=[Sending new time suggestion nitzSignal=TimestampedValue{mReferenceTimeMillis=57092, mValue=NitzData{mOriginalString=21/11/19,23:49:30-32,00, mZoneOffset=-28800000, mDstOffset=0, mCurrentTimeMillis=1637365770000, mEmulatorHostTimeZone=null}}, reason=handleNitzReceived(TimestampedValue{mReferenceTimeMillis=57092, mValue=NitzData{mOriginalString=21/11/19,23:49:30-32,00, mZoneOffset=-28800000, mDstOffset=0, mCurrentTimeMillis=1637365770000, mEmulatorHostTimeZone=null}})]}
11-21 00:35:26.428 D/ConnectivityService( 1186): Lingering [101 CELLULAR] for 30000ms
11-21 00:35:26.430 D/ConnectivityService( 1186): Sending DISCONNECTED broadcast for type 0 [101 CELLULAR] isDefaultNetwork=true
11-21 00:35:26.431 D/ConnectivityService( 1186): Sending CONNECTED broadcast for type 1 [173 WIFI] isDefaultNetwork=true
11-21 00:35:26.462 D/ConnectivityService( 1186): Setting DNS servers for network 173 to [/192.168.1.1]
11-21 00:35:26.462 D/DnsManager( 1186): sendDnsConfigurationForNetwork(173, [192.168.1.1], [], 1800, 25, 8, 64, 0, 0, , [192.168.1.1])
11-21 00:35:26.553 I/Nat464Xlat( 1186): Android Xlat is disabled
11-21 00:35:26.553 I/Nat464Xlat( 1186): Android Xlat is disabled
11-21 00:35:27.555 D/AppStorageManager( 1186): BEFORE:: Previous Size: 980865024 Current Size: 980975616
11-21 00:35:27.555 D/AppStorageManager( 1186): AFTER:: Previous Size: 980975616 Current Size: 980975616
11-21 00:35:27.676 D/commandrouter( 1006): rtc_sync (1, rtc:sync): <ServiceRequest> FORWARDED (remote -> local) service client ID = 0, token ID = 44564
11-21 00:35:27.677 D/commandrouter( 1006): SocServiceHandle::onServiceMessage, SoC Service = rtc_sync, appType = 1, type = SVC_RESP, clientId = 0, token = 44564, payloadLen = 8, result = 0, payload.size() = 8
11-21 00:35:37.672 D/commandrouter( 1006): rtc_sync (1, rtc:sync): <ServiceRequest> FORWARDED (remote -> local) service client ID = 0, token ID = 44565
11-21 00:35:37.672 D/commandrouter( 1006): SocServiceHandle::onServiceMessage, SoC Service = rtc_sync, appType = 1, type = SVC_RESP, clientId = 0, token = 44565, payloadLen = 8, result = 0, payload.size() = 8
11-21 00:35:42.594 D/commandrouter( 1006): SocServiceHandle::onServiceMessage, SoC Service = mcu_healthcheck_1186, appType = 1, type = SVC_REQ, clientId = 0, token = 201, payloadLen = 12, result = 0, payload.size() = 12
11-21 00:35:42.598 D/commandrouter( 1006): mcu_healthcheck_1186 (1, merlot:mcu_health:control): <ServiceResponse> FORWARDED (remote -> local) CR token ID = 201, service client ID = 39, token ID = 45192, result = 0
11-21 00:35:42.599 D/McuReachableCollector( 1186): call isMcuReachable, result true
11-21 00:35:42.817 D/WearableBatteryStatsProvider( 1186): ------ BEGIN Bluetooth power supplementing ------
11-21 00:35:43.149 D/RadioActivityCollector( 1186): Logging RadioActivity data: fields={radio_bluetooth_tx_time_unplugged=5498, radio_wifi_sleep_time_unplugged=472277, radio_bluetooth_idle_time_unplugged=6693, radio_wifi_tx_time_unplugged=0, radio_bluetooth_energy_used_unplugged=401293, radio_bluetooth_rx_time_unplugged=11411, radio_wifi_rx_time_unplugged=0, radio_bluetooth_sleep_time_unplugged=576731, radio_wifi_idle_time_unplugged=127848, radio_wifi_energy_used_unplugged=0}, pid=null, uid=null, pids=null, uids=null
11-21 00:35:43.742 D/AnalyticsLogger( 1186): sent events: 234
11-21 00:35:45.348 D/commandrouter( 1006): SocServiceHandle::onServiceMessage, SoC Service = mcu_healthcheck_1029, appType = 1, type = SVC_REQ, clientId = 0, token = 3931, payloadLen = 12, result = 0, payload.size() = 12
11-21 00:35:45.352 D/commandrouter( 1006): mcu_healthcheck_1029 (1, merlot:mcu_health:control): <ServiceResponse> FORWARDED (remote -> local) CR token ID = 3931, service client ID = 40, token ID = 45193, result = 0
11-21 00:35:45.352 D/mculinkhealth( 1029): isMcuReachable 1 (4 ms)
11-21 00:35:45.360 D/AutofillManagerService( 1186): onBackKeyPressed()
11-21 00:35:46.407 I/chatty  ( 1186): uid=1000(system) android.ui identical 2 lines
11-21 00:35:47.625 D/AutofillManagerService( 1186): onBackKeyPressed()
11-21 00:35:47.671 D/commandrouter( 1006): rtc_sync (1, rtc:sync): <ServiceRequest> FORWARDED (remote -> local) service client ID = 0, token ID = 44566
11-21 00:35:47.672 D/commandrouter( 1006): SocServiceHandle::onServiceMessage, SoC Service = rtc_sync, appType = 1, type = SVC_RESP, clientId = 0, token = 44566, payloadLen = 8, result = 0, payload.size() = 8
11-21 00:35:48.156 W/ActivityManager( 1186): Invalid packageName: com.facebook.wearable.system.settings/com.facebook.wearable.system.settings.SettingsActivity
11-21 00:35:48.293 I/ActivityTaskManager( 1186): START u0 {flg=0x10000000 cmp=com.facebook.wearable.system.settings/.SettingsActivity} from uid 0
11-21 00:35:48.313 I/ActivityTaskManager( 1186): The Process com.facebook.wearable.system.settings Already Exists in BG. So sending its PID: 27399
11-21 00:35:48.313 W/ActivityTaskManager( 1186): Tried to set launchTime (0) < mLastActivityLaunchTime (118005021)
11-21 00:35:50.992 E/TaskPersister( 1186): File error accessing recents directory (directory doesn't exist?).
11-21 00:35:55.856 W/ContextImpl( 1186): Calling a method in the system process without a qualified user: android.app.ContextImpl.sendBroadcastMultiplePermissions:1143 android.content.Context.sendBroadcastWithMultiplePermissions:2150 com.android.server.display.WifiDisplayAdapter.handleSendStatusChangeBroadcast:440 com.android.server.display.WifiDisplayAdapter.access$1700:63 com.android.server.display.WifiDisplayAdapter$WifiDisplayHandler.handleMessage:675 
11-21 00:35:56.255 D/ConnectivityService( 1186): handleLingerComplete for [101 CELLULAR]
11-21 00:35:56.396 I/wificond(  911): Fail RSSI polling because wifi is not associated.
11-21 00:35:56.434 D/ConnectivityService( 1186): [173 WIFI] EVENT_NETWORK_INFO_CHANGED, going from CONNECTED to DISCONNECTED
11-21 00:35:56.434 D/ConnectivityService( 1186): [173 WIFI] disconnected, was satisfying 26
11-21 00:35:56.532 I/Nat464Xlat( 1186): Android Xlat is disabled
11-21 00:35:56.536 I/Nat464Xlat( 1186): Android Xlat is disabled
11-21 00:35:56.557 D/ConnectivityService( 1186): Sending DISCONNECTED broadcast for type 1 [173 WIFI] isDefaultNetwork=true
11-21 00:35:56.562 D/ConnectivityService( 1186): NetReassign [44 : null → 101, 1480 : null → 101, 11 : null → 101, 63 : null → 101, 17 : null → 101, 25 : null → 101, 1438 : null → 101, 1 : null → 101, 8 : null → 101, 654 : null → 101, 12 : null → 101, 14 : null → 101, 16 : null → 101, 22 : null → 101, 1486 : null → 101]
11-21 00:35:56.590 E/NetlinkEvent(  462): NetlinkEvent::FindParam(): Parameter 'INTERFACE' not found
11-21 00:35:56.590 E/NetlinkEvent(  462): NetlinkEvent::FindParam(): Parameter 'STATE' not found
11-21 00:35:56.590 E/NetlinkEvent(  462): NetlinkEvent::FindParam(): Parameter 'TIME_NS' not found
11-21 00:35:56.590 E/NetlinkEvent(  462): NetlinkEvent::FindParam(): Parameter 'UID' not found
11-21 00:35:56.605 D/ConnectivityService( 1186): Switching to new default network: NetworkAgentInfo{ ni{[type: MOBILE[LTE], state: CONNECTED/CONNECTED, reason: (unspecified), extra: enhancedphone, failover: false, available: true, roaming: false]}  network{101}  nethandle{437197393933}  lp{{InterfaceName: rmnet_data2 LinkAddresses: [ 10.55.48.101/30,2600:381:4804:c4b6:8cdc:8f0b:afe1:ec6b/64 ] DnsAddresses: [ /172.26.38.2,/fc00:a:a::400 ] Domains: null MTU: 1430 TcpBufferSizes: 2097152,4194304,8388608,262144,524288,1048576 Routes: [ 0.0.0.0/0 -> 10.55.48.102 rmnet_data2 mtu 1430,::/0 -> fe80::9db2:334d:2872:1e0a rmnet_data2 mtu 1430,10.55.48.100/30 -> 0.0.0.0 rmnet_data2 mtu 0,2600:381:4804:c4b6::/64 -> :: rmnet_data2 mtu 0 ]}}  nc{[ Transports: CELLULAR Capabilities: MMS&SUPL&FOTA&INTERNET&NOT_RESTRICTED&TRUSTED&NOT_VPN&VALIDATED&NOT_ROAMING&NOT_CONGESTED&NOT_SUSPENDED LinkUpBandwidth>=15000Kbps LinkDnBandwidth>=30000Kbps Specifier: <TelephonyNetworkSpecifier [mSubId = 1]> AdministratorUids: [] RequestorUid: -1 RequestorPackageName: null]}  Score{50}  everValidated{true}  lastValidated{true}  created{true} lingering{false} explicitlySelected{false} acceptUnvalidated{false} everCaptivePortalDetected{false} lastCaptivePortalDetected{false} partialConnectivity{false} acceptPartialConnectivity{false} clat{mBaseIface: null, mIface: null, mState: IDLE} }
11-21 00:35:56.753 W/SimpleTimeDetectorStrategy( 1186): Existing suggestion found to be invalid  elapsedRealtimeMillis=118044479, timeSuggestion=TelephonyTimeSuggestion{mSlotIndex='0', mUtcTime=TimestampedValue{mReferenceTimeMillis=57092, mValue=1637365770000}, mDebugInfo=[Sending new time suggestion nitzSignal=TimestampedValue{mReferenceTimeMillis=57092, mValue=NitzData{mOriginalString=21/11/19,23:49:30-32,00, mZoneOffset=-28800000, mDstOffset=0, mCurrentTimeMillis=1637365770000, mEmulatorHostTimeZone=null}}, reason=handleNitzReceived(TimestampedValue{mReferenceTimeMillis=57092, mValue=NitzData{mOriginalString=21/11/19,23:49:30-32,00, mZoneOffset=-28800000, mDstOffset=0, mCurrentTimeMillis=1637365770000, mEmulatorHostTimeZone=null}})]}
11-21 00:35:56.797 D/ConnectivityService( 1186): Sending CONNECTED broadcast for type 0 [101 CELLULAR] isDefaultNetwork=true
11-21 00:35:57.671 D/commandrouter( 1006): rtc_sync (1, rtc:sync): <ServiceRequest> FORWARDED (remote -> local) service client ID = 0, token ID = 44567
11-21 00:35:57.672 D/commandrouter( 1006): SocServiceHandle::onServiceMessage, SoC Service = rtc_sync, appType = 1, type = SVC_RESP, clientId = 0, token = 44567, payloadLen = 8, result = 0, payload.size() = 8
11-21 00:36:00.600 D/AutofillManagerService( 1186): onBackKeyPressed()
11-21 00:36:03.633 I/chatty  ( 1186): uid=1000(system) android.ui identical 4 lines
11-21 00:36:04.715 D/AutofillManagerService( 1186): onBackKeyPressed()
11-21 00:36:05.122 E/TaskPersister( 1186): File error accessing recents directory (directory doesn't exist?).
11-21 00:36:05.622 D/AutofillManagerService( 1186): onBackKeyPressed()
11-21 00:36:06.635 D/AutofillManagerService( 1186): onBackKeyPressed()
11-21 00:36:07.173 W/ActivityManager( 1186): Invalid packageName: com.facebook.wearable.system.settings/com.facebook.wearable.system.settings.SettingsActivity
11-21 00:36:07.306 I/ActivityTaskManager( 1186): START u0 {flg=0x10000000 cmp=com.facebook.wearable.system.settings/.SettingsActivity} from uid 0
11-21 00:36:07.324 I/ActivityTaskManager( 1186): The Process com.facebook.wearable.system.settings Already Exists in BG. So sending its PID: 27399
11-21 00:36:07.324 W/ActivityTaskManager( 1186): Tried to set launchTime (0) < mLastActivityLaunchTime (118036040)
11-21 00:36:07.671 D/commandrouter( 1006): rtc_sync (1, rtc:sync): <ServiceRequest> FORWARDED (remote -> local) service client ID = 0, token ID = 44568
11-21 00:36:07.672 D/commandrouter( 1006): SocServiceHandle::onServiceMessage, SoC Service = rtc_sync, appType = 1, type = SVC_RESP, clientId = 0, token = 44568, payloadLen = 8, result = 0, payload.size() = 8
11-21 00:36:10.931 E/TaskPersister( 1186): File error accessing recents directory (directory doesn't exist?).
11-21 00:36:13.985 W/ContextImpl( 1186): Calling a method in the system process without a qualified user: android.app.ContextImpl.sendBroadcastMultiplePermissions:1143 android.content.Context.sendBroadcastWithMultiplePermissions:2150 com.android.server.display.WifiDisplayAdapter.handleSendStatusChangeBroadcast:440 com.android.server.display.WifiDisplayAdapter.access$1700:63 com.android.server.display.WifiDisplayAdapter$WifiDisplayHandler.handleMessage:675 
11-21 00:36:15.014 W/ContextImpl( 1186): Calling a method in the system process without a qualified user: android.app.ContextImpl.sendBroadcastMultiplePermissions:1143 android.content.Context.sendBroadcastWithMultiplePermissions:2150 com.android.server.wifi.p2p.WifiP2pServiceImpl$P2pStateMachine.sendBroadcastMultiplePermissions:3209 com.android.server.wifi.p2p.WifiP2pServiceImpl$P2pStateMachine.sendP2pConnectionChangedBroadcast:3236 com.android.server.wifi.p2p.WifiP2pServiceImpl$P2pStateMachine.access$5100:768 
11-21 00:36:15.015 W/BroadcastQueue( 1186): Permission Denial: receiving Intent { act=android.net.wifi.p2p.CONNECTION_STATE_CHANGE flg=0x24000010 (has extras) } to ProcessRecord{688c834 1907:.qtidataservices/u0a88} (pid=1907, uid=10088) requires android.permission.ACCESS_FINE_LOCATION due to sender android (uid 1000)
11-21 00:36:15.029 W/wificond(  911): Scan is not started. Ignore abort request
11-21 00:36:15.097 W/ContextImpl( 1186): Calling a method in the system process without a qualified user: android.app.ContextImpl.sendBroadcastMultiplePermissions:1143 android.content.Context.sendBroadcastWithMultiplePermissions:2150 com.android.server.wifi.p2p.WifiP2pServiceImpl$P2pStateMachine.sendBroadcastMultiplePermissions:3209 com.android.server.wifi.p2p.WifiP2pServiceImpl$P2pStateMachine.sendThisDeviceChangedBroadcast:3218 com.android.server.wifi.p2p.WifiP2pServiceImpl$P2pStateMachine.updateThisDevice:3962 
11-21 00:36:15.353 D/commandrouter( 1006): SocServiceHandle::onServiceMessage, SoC Service = mcu_healthcheck_1029, appType = 1, type = SVC_REQ, clientId = 0, token = 3932, payloadLen = 12, result = 0, payload.size() = 12
11-21 00:36:15.357 D/commandrouter( 1006): mcu_healthcheck_1029 (1, merlot:mcu_health:control): <ServiceResponse> FORWARDED (remote -> local) CR token ID = 3932, service client ID = 40, token ID = 45194, result = 0
11-21 00:36:15.357 D/mculinkhealth( 1029): isMcuReachable 1 (4 ms)
11-21 00:36:15.900 D/commandrouter( 1006): SocServiceHandle::onServiceMessage, SoC Service = mcu_healthcheck_934, appType = 1, type = SVC_REQ, clientId = 0, token = 1966, payloadLen = 20, result = 0, payload.size() = 20
11-21 00:36:15.904 D/commandrouter( 1006): mcu_healthcheck_934 (1, merlot:mcu_health:control): <ServiceResponse> FORWARDED (remote -> local) CR token ID = 1966, service client ID = 5, token ID = 45195, result = 0
11-21 00:36:16.401 D/ConnectivityService( 1186): registerNetworkAgent NetworkAgentInfo{ ni{[type: WIFI[], state: UNKNOWN/IDLE, reason: (unspecified), extra: , failover: false, available: true, roaming: false]}  network{174}  nethandle{750730006541}  lp{{InterfaceName: wlan0 LinkAddresses: [ ] DnsAddresses: [ ] Domains: null MTU: 0 Routes: [ ]}}  nc{[ Transports: WIFI Capabilities: NOT_METERED&INTERNET&NOT_RESTRICTED&TRUSTED&NOT_VPN&NOT_ROAMING&FOREGROUND&NOT_CONGESTED&NOT_SUSPENDED LinkUpBandwidth>=72000Kbps LinkDnBandwidth>=72000Kbps OwnerUid: 1000 SSID: "MTBF_Lab" RequestorUid: -1 RequestorPackageName: null]}  Score{20}  everValidated{false}  lastValidated{false}  created{false} lingering{false} explicitlySelected{false} acceptUnvalidated{false} everCaptivePortalDetected{false} lastCaptivePortalDetected{false} partialConnectivity{false} acceptPartialConnectivity{false} clat{mBaseIface: null, mIface: null, mState: IDLE} }
11-21 00:36:16.419 D/ConnectivityService( 1186): [174 WIFI] EVENT_NETWORK_INFO_CHANGED, going from UNKNOWN to UNKNOWN
--------- beginning of main
11-21 00:36:16.424 D/BluetoothAdapterService( 1710): android.net.wifi.STATE_CHANGE
11-21 00:36:16.426 D/QCNEJ/WlanStaInfoRelay( 1907): Received action: android.net.wifi.STATE_CHANGE
11-21 00:36:16.427 D/WifiConnector( 2870): Network State Changed
11-21 00:36:16.428 D/BluetoothVendorService( 1710): setWifiState to: true
11-21 00:36:16.428 I/BluetoothVendorJni( 1710): setWifiStateNative
11-21 00:36:16.428 I/bt_btif_vendor( 1710): setWifiState :1
11-21 00:36:16.457 I/chatty  ( 1186): uid=1000(system) WifiHandlerThre expire 16 lines
11-21 00:36:16.458 V/WifiHAL (  544): WifiVendorCommand 0x984ec000 created vendor_id:0x1374 subcmd:83
11-21 00:36:16.459 E/WifiHAL (  544): wifi_get_packet_filter_capabilities: requestResponse() error: -3
11-21 00:36:16.459 I/WifiHAL (  544): Packet filtering is not supprted
11-21 00:36:16.577 D/WearableConnectivityManager(11143): onWifiStrengthChange: -31
11-21 00:36:16.578 D/QCNEJ/WlanStaInfoRelay( 1907): Received action: android.net.wifi.RSSI_CHANGED
11-21 00:36:16.580 V/WifiHAL (  544): WifiVendorCommand 0x986b8148 created vendor_id:0x1374 subcmd:82
11-21 00:36:16.580 D/ConnectivityService( 1186): NetReassign [no changes]
11-21 00:36:16.580 V/WifiHAL (  544): ND offload : Enable
11-21 00:36:16.601 E/QMI_FW  (  915): qmi_cci_get_ref: ref count increased 2
11-21 00:36:16.604 E/QMI_FW  (  915): qmi_cci_get_ref: ref count increased 2
11-21 00:36:16.605 E/Netd    (  462): no such netId 174
11-21 00:36:16.606 I/Nat464Xlat( 1186): Android Xlat is disabled
11-21 00:36:16.608 W/HWComposer(  598): Ignoring duplicate VSYNC event from HWC for display 0 (t=118064334337877)
11-21 00:36:16.662 I/chatty  ( 1186): uid=1000 system_server expire 7 lines
11-21 00:36:16.729 E/Netd    (  462): no such netId 174
11-21 00:36:16.606 I/Nat464Xlat( 1186): Android Xlat is disabled
11-21 00:36:16.730 E/ConnectivityService( 1186): Exception in networkAddRouteParcel for non-gateway: android.os.ServiceSpecificException: Machine is not on the network (code 64)
11-21 00:36:16.731 E/Netd    (  462): no such netId 174
11-21 00:36:16.731 D/QCNEJ/WlanStaInfoRelay( 1907): Received action: android.net.wifi.STATE_CHANGE
11-21 00:36:16.731 D/BluetoothAdapterService( 1710): android.net.wifi.STATE_CHANGE
11-21 00:36:16.731 D/WifiConnector( 2870): Network State Changed
11-21 00:36:16.731 E/ConnectivityService( 1186): Exception in networkAddRouteParcel for gateway: android.os.ServiceSpecificException: Machine is not on the network (code 64)
11-21 00:36:16.732 I/Nat464Xlat( 1186): Android Xlat is disabled
11-21 00:36:16.738 D/BluetoothVendorService( 1710): setWifiState to: true
11-21 00:36:16.738 I/BluetoothVendorJni( 1710): setWifiStateNative
11-21 00:36:16.738 I/bt_btif_vendor( 1710): setWifiState :1
11-21 00:36:16.745 D/QCNEJ/WlanStaInfoRelay( 1907): Received action: android.net.wifi.STATE_CHANGE
11-21 00:36:16.745 D/BluetoothAdapterService( 1710): android.net.wifi.STATE_CHANGE
11-21 00:36:16.748 D/WifiConnector( 2870): Network State Changed
11-21 00:36:16.749 D/BluetoothVendorService( 1710): setWifiState to: true
11-21 00:36:16.749 I/BluetoothVendorJni( 1710): setWifiStateNative
11-21 00:36:16.749 I/bt_btif_vendor( 1710): setWifiState :1
11-21 00:36:16.753 D/WifiConnector( 2870): Configured Networks Changed
11-21 00:36:16.769 I/chatty  ( 1186): uid=1000(system) pool-9-thread-1 expire 3 lines
11-21 00:36:16.732 I/Nat464Xlat( 1186): Android Xlat is disabled
11-21 00:36:16.802 D/ConnectivityService( 1186): Setting DNS servers for network 174 to [/192.168.1.1]
11-21 00:36:16.803 I/Nat464Xlat( 1186): Android Xlat is disabled
11-21 00:36:16.830 E/QMI_FW  ( 1042): qmi_cci_get_ref: ref count increased 2
11-21 00:36:16.831 E/QMI_FW  ( 1042): qmi_cci_get_ref: ref count increased 2
11-21 00:36:16.832 E/QMI_FW  ( 1042): qmi_cci_get_ref: ref count increased 2
11-21 00:36:16.846 E/QMI_FW  (  915): qmi_cci_get_ref: ref count increased 2
11-21 00:36:16.846 E/QMI_FW  (  915): qmi_cci_get_ref: ref count increased 2
11-21 00:36:16.803 I/Nat464Xlat( 1186): Android Xlat is disabled
11-21 00:36:16.875 D/ConnectivityService( 1186): [174 WIFI] EVENT_NETWORK_INFO_CHANGED, going from UNKNOWN to CONNECTED
11-21 00:36:16.876 D/DnsManager( 1186): sendDnsConfigurationForNetwork(174, [192.168.1.1], [], 1800, 25, 8, 64, 0, 0, , [])
11-21 00:36:16.878 W/DnsManager( 1186): updatePrivateDns(174, PrivateDnsConfig{true:/[]})
11-21 00:36:16.878 D/ConnectivityService( 1186): Setting DNS servers for network 174 to [/192.168.1.1]
11-21 00:36:16.879 D/DnsManager( 1186): sendDnsConfigurationForNetwork(174, [192.168.1.1], [], 1800, 25, 8, 64, 0, 0, , [192.168.1.1])
11-21 00:36:16.894 D/ConnectivityService( 1186): Adding iface wlan0 to network 174
11-21 00:36:16.895 W/resolv  (  462): Validating DnsTlsServer on netId 174
11-21 00:36:16.966 W/resolv  (  462): Validation failed
11-21 00:36:16.977 D/ConnectivityService( 1186): Setting DNS servers for network 174 to [/192.168.1.1]
11-21 00:36:16.977 D/DnsManager( 1186): sendDnsConfigurationForNetwork(174, [192.168.1.1], [], 1800, 25, 8, 64, 0, 0, , [192.168.1.1])
11-21 00:36:16.979 W/resolv  (  462): Validating DnsTlsServer on netId 174
11-21 00:36:16.980 I/Nat464Xlat( 1186): Android Xlat is disabled
11-21 00:36:17.007 W/resolv  (  462): SSL_connect ssl error =5, mark 0xf00ae: Connection refused
11-21 00:36:17.007 W/resolv  (  462): Validation failed
11-21 00:36:16.980 I/Nat464Xlat( 1186): Android Xlat is disabled
11-21 00:36:17.069 D/ConnectivityService( 1186): NetReassign [no changes]
11-21 00:36:17.074 D/QCNEJ/WlanStaInfoRelay( 1907): network available: 174
11-21 00:36:17.105 D/QCNEJ/NativeHalConnector( 1907): -> SND notifyWifiAvailable(v4Connected = truev6Connected = , false, isAndroidValidated = false)
11-21 00:36:17.111 D/QCNEJ/NativeHalConnector( 1907): -> SND notifyWifiAvailable(v4Connected = truev6Connected = , false, isAndroidValidated = false)
11-21 00:36:17.156 I/chatty  ( 1186): uid=1000 system_server expire 3 lines
11-21 00:36:17.165 I/chatty  ( 1186): uid=1000 system_server expire 2 lines
11-21 00:36:17.242 I/chatty  ( 1186): uid=1000 system_server expire 1 line
11-21 00:36:17.244 D/ConnectivityService( 1186): [174 WIFI] validation passed
11-21 00:36:17.245 D/ConnectivityService( 1186): NetReassign [44 : 101 → 174, 1480 : 101 → 174, 11 : 101 → 174, 63 : 101 → 174, 17 : 101 → 174, 25 : 101 → 174, 1438 : 101 → 174, 1 : 101 → 174, 8 : 101 → 174, 654 : 101 → 174, 12 : 101 → 174, 14 : 101 → 174, 16 : 101 → 174, 22 : 101 → 174, 1486 : 101 → 174]
11-21 00:36:17.249 E/NetlinkEvent(  462): NetlinkEvent::FindParam(): Parameter 'INTERFACE' not found
11-21 00:36:17.249 E/NetlinkEvent(  462): NetlinkEvent::FindParam(): Parameter 'STATE' not found
11-21 00:36:17.249 E/NetlinkEvent(  462): NetlinkEvent::FindParam(): Parameter 'TIME_NS' not found
11-21 00:36:17.249 E/NetlinkEvent(  462): NetlinkEvent::FindParam(): Parameter 'UID' not found
11-21 00:36:17.267 D/ConnectivityService( 1186): Switching to new default network: NetworkAgentInfo{ ni{[type: WIFI[], state: CONNECTED/CONNECTED, reason: (unspecified), extra: , failover: false, available: true, roaming: false]}  network{174}  nethandle{750730006541}  lp{{InterfaceName: wlan0 LinkAddresses: [ 192.168.1.41/24 ] DnsAddresses: [ /192.168.1.1 ] Domains: null MTU: 0 ServerAddress: /192.168.1.1 TcpBufferSizes: 524288,1048576,2097152,262144,524288,1048576 Routes: [ fe80::/64 -> :: wlan0 mtu 0,192.168.1.0/24 -> 0.0.0.0 wlan0 mtu 0,0.0.0.0/0 -> 192.168.1.1 wlan0 mtu 0 ]}}  nc{[ Transports: WIFI Capabilities: NOT_METERED&INTERNET&NOT_RESTRICTED&TRUSTED&NOT_VPN&VALIDATED&NOT_ROAMING&FOREGROUND&NOT_CONGESTED&NOT_SUSPENDED LinkUpBandwidth>=61000Kbps LinkDnBandwidth>=61000Kbps SignalStrength: -31 OwnerUid: 1000 SSID: "MTBF_Lab" RequestorUid: -1 RequestorPackageName: null]}  Score{60}  everValidated{true}  lastValidated{true}  created{true} lingering{false} explicitlySelected{false} acceptUnvalidated{false} everCaptivePortalDetected{false} lastCaptivePortalDetected{false} partialConnectivity{false} acceptPartialConnectivity{false} clat{mBaseIface: null, mIface: null, mState: IDLE} }
11-21 00:36:17.378 D/DeviceAuthService( 6456): Network connected
11-21 00:36:17.378 D/DeviceAuthService( 6456): fetchAuthTokenWrapper called
11-21 00:36:17.380 I/chatty  ( 1186): uid=1000(system) NetworkTimeUpda expire 1 line
11-21 00:36:17.382 V/LigerRadioStatsReporter( 2357): onCapabilitiesChanged: Network capabilities changed
11-21 00:36:17.382 W/SimpleTimeDetectorStrategy( 1186): Existing suggestion found to be invalid  elapsedRealtimeMillis=118065108, timeSuggestion=TelephonyTimeSuggestion{mSlotIndex='0', mUtcTime=TimestampedValue{mReferenceTimeMillis=57092, mValue=1637365770000}, mDebugInfo=[Sending new time suggestion nitzSignal=TimestampedValue{mReferenceTimeMillis=57092, mValue=NitzData{mOriginalString=21/11/19,23:49:30-32,00, mZoneOffset=-28800000, mDstOffset=0, mCurrentTimeMillis=1637365770000, mEmulatorHostTimeZone=null}}, reason=handleNitzReceived(TimestampedValue{mReferenceTimeMillis=57092, mValue=NitzData{mOriginalString=21/11/19,23:49:30-32,00, mZoneOffset=-28800000, mDstOffset=0, mCurrentTimeMillis=1637365770000, mEmulatorHostTimeZone=null}})]}
11-21 00:36:17.399 D/QCNEJ/DefaultNetworkInfoRelay( 1907): Default network available: 174
11-21 00:36:17.399 D/ConnectivityService( 1186): Lingering [101 CELLULAR] for 30000ms
11-21 00:36:17.401 D/ConnectivityService( 1186): Sending DISCONNECTED broadcast for type 0 [101 CELLULAR] isDefaultNetwork=true
11-21 00:36:17.401 D/QCNEJ/NativeHalConnector( 1907): -> SND notifyDefaultNetworkChanged(1)
11-21 00:36:17.402 D/ConnectivityService( 1186): Sending CONNECTED broadcast for type 1 [174 WIFI] isDefaultNetwork=true
11-21 00:36:17.409 I/chatty  ( 1186): uid=1000(system) android.fg expire 1 line
11-21 00:36:17.411 I/chatty  (  527): uid=1021(gps) Loc_hal_worker expire 1 line
11-21 00:36:17.415 D/QCNEJ/WlanStaInfoRelay( 1907): AndroidValidate from false to true
11-21 00:36:17.417 I/chatty  ( 1027): uid=1021(gps) LocApiMsgTask expire 2 lines
11-21 00:36:17.417 V/LigerRadioStatsReporter( 2357): onCapabilitiesChanged: Network capabilities changed
11-21 00:36:17.417 V/LigerRadioStatsReporter( 2357): reportAndCheckpointRadioStats
11-21 00:36:17.418 V/LigerRadioStatsReporter( 2357): +++++++++++ RADIO STATS DUMP +++++++++++
11-21 00:36:17.418 V/LigerRadioStatsReporter( 2357): totalActiveRadioTimeMs=0
11-21 00:36:17.418 V/LigerRadioStatsReporter( 2357): totalTailRadioTimeMs=13994
11-21 00:36:17.418 V/LigerRadioStatsReporter( 2357): totalWakeupCount=0
11-21 00:36:17.418 V/LigerRadioStatsReporter( 2357): httpUpBytes=0
11-21 00:36:17.418 V/LigerRadioStatsReporter( 2357): httpDownBytes=0
11-21 00:36:17.418 V/LigerRadioStatsReporter( 2357): httpWakeupCount=0
11-21 00:36:17.418 V/LigerRadioStatsReporter( 2357): httpRequestCount=0
11-21 00:36:17.418 V/LigerRadioStatsReporter( 2357): httpActiveRadioTimeMs=0
11-21 00:36:17.418 V/LigerRadioStatsReporter( 2357): httpTailRadioTimeMs=13994
11-21 00:36:17.418 V/LigerRadioStatsReporter( 2357): reportAndCheckpointRadioStats: Tx=0
11-21 00:36:17.418 V/LigerRadioStatsReporter( 2357): reportAndCheckpointRadioStats: Rx=0
11-21 00:36:17.418 V/LigerRadioStatsReporter( 2357): reportAndCheckpointRadioStats: Uids=10027
11-21 00:36:17.418 V/LigerRadioStatsReporter( 2357): reportAndCheckpointRadioStats: Tags=null
11-21 00:36:17.423 I/chatty  ( 1027): uid=1021(gps) LocApiMsgTask expire 1 line
11-21 00:36:17.424 D/QCNEJ/WlanStaInfoRelay( 1907): retrieveCountryCode:Location obtained from Telephony: us
11-21 00:36:17.425 E/QMI_FW  (  915): qmi_cci_get_ref: ref count increased 2
11-21 00:36:17.439 D/ConnectivityService( 1186): Setting DNS servers for network 174 to [/192.168.1.1]
11-21 00:36:17.439 D/DnsManager( 1186): sendDnsConfigurationForNetwork(174, [192.168.1.1], [], 1800, 25, 8, 64, 0, 0, , [192.168.1.1])
11-21 00:36:17.428 E/QMI_FW  (  915): qmi_cci_get_ref: ref count increased 2
11-21 00:36:17.441 W/resolv  (  462): Validating DnsTlsServer on netId 174
11-21 00:36:17.443 E/QMI_FW  (  915): qmi_cci_get_ref: ref count increased 2
11-21 00:36:17.446 E/QMI_FW  (  915): qmi_cci_get_ref: ref count increased 2
11-21 00:36:17.455 E/QMI_FW  ( 1042): qmi_cci_get_ref: ref count increased 2
11-21 00:36:17.458 W/resolv  (  462): SSL_connect ssl error =5, mark 0xf00ae: Connection refused
11-21 00:36:17.458 E/QMI_FW  ( 1042): qmi_cci_get_ref: ref count increased 2
11-21 00:36:17.458 W/resolv  (  462): Validation failed
11-21 00:36:17.460 D/DeviceAuthService( 6456): isOculusAddressResolvable returned true
11-21 00:36:17.460 D/DeviceAuthenticator( 6456): Fetching new credentials asynchronously
11-21 00:36:17.464 D/DeviceAuthenticator( 6456): Calling DeviceAuth.authenticate()
11-21 00:36:17.470 E/DeviceCertService(  545): This device *might* have a provisioning issue. Please run `maui provision check` to verify.
11-21 00:36:17.470 E/DeviceCertService(  545): See https://fburl.com/wiki/a9hho0p9 for more information.
11-21 00:36:17.470 E/DeviceCertService(  545): Could not access certificate file '/mnt/vendor/persist/certificates/device_identityinsecure.crt', error 2: No such file or directory
11-21 00:36:17.473 E/DeviceAuthenticator( 6456): ERROR: java.lang.RuntimeException: devicecert returned error FILESYSTEM_ERROR
11-21 00:36:17.473 E/DeviceAuthenticator( 6456): 
11-21 00:36:17.473 E/DeviceAuthenticator( 6456): com.facebook.mos.sdk.devicecert.DeviceIdentityException: java.lang.RuntimeException: devicecert returned error FILESYSTEM_ERROR
11-21 00:36:17.473 E/DeviceAuthenticator( 6456): 
11-21 00:36:17.477 D/WifiConnector( 2870): Configured Networks Changed
11-21 00:36:17.486 E/QMI_FW  ( 1042): qmi_cci_get_ref: ref count increased 2
11-21 00:36:17.502 E/QMI_FW  ( 1042): qmi_cci_get_ref: ref count increased 2
11-21 00:36:17.515 E/QMI_FW  ( 1042): qmi_cci_get_ref: ref count increased 2
11-21 00:36:17.517 E/QMI_FW  ( 1042): qmi_cci_get_ref: ref count increased 2
11-21 00:36:17.520 E/QMI_FW  ( 1042): qmi_cci_get_ref: ref count increased 2
11-21 00:36:17.524 E/QMI_FW  ( 1042): qmi_cci_get_ref: ref count increased 2
11-21 00:36:17.526 D/PhoneInterfaceManager( 1984): setModemActivityInfo
11-21 00:36:17.526 D/FbSideCarManager( 1984): setModemActivityInfo
11-21 00:36:17.526 D/FbSideCarManager( 1984): setModemActivityInfo
11-21 00:36:17.526 D/WirelessInsightServiceImpl( 1984): setModemActivityInfo
11-21 00:36:17.527 D/FbSideCarManager( 1984): setModemActivityInfoInternal success
11-21 00:36:17.527 D/PhoneInterfaceManager( 1984): setModemActivityInfo: success.
11-21 00:36:17.527 D/WirelessInsightServiceImpl( 1984): notifyListeners: listeners = 0, modemActivityInfo = ModemActivityInfo{ mTimestamp=118065250 mSleepTimeMs=47989351 mIdleTimeMs=416632 mTransmitPowerInfo[]=[TransmitPower{ mTimeInMillis=604 mPowerRangeInDbm={-2147483648,0}}, TransmitPower{ mTimeInMillis=1479170 mPowerRangeInDbm={0,5}}, TransmitPower{ mTimeInMillis=717720 mPowerRangeInDbm={5,15}}, TransmitPower{ mTimeInMillis=100616 mPowerRangeInDbm={15,20}}, TransmitPower{ mTimeInMillis=1361969 mPowerRangeInDbm={20,2147483647}}] mRxTimeMs=65964208}
11-21 00:36:17.529 E/QMI_FW  ( 1042): qmi_cci_get_ref: ref count increased 2
11-21 00:36:17.533 I/chatty  ( 1042): uid=1001(radio) main identical 4 lines
11-21 00:36:17.535 E/QMI_FW  ( 1042): qmi_cci_get_ref: ref count increased 2
11-21 00:36:17.536 E/QMI_FW  ( 1042): qmi_cci_get_ref: ref count increased 2
11-21 00:36:17.542 E/QMI_FW  ( 1042): qmi_cci_get_ref: ref count increased 2
11-21 00:36:17.546 I/chatty  ( 1042): uid=1001(radio) main identical 2 lines
11-21 00:36:17.547 E/QMI_FW  ( 1042): qmi_cci_get_ref: ref count increased 2
11-21 00:36:17.555 E/QMI_FW  ( 1042): qmi_cci_get_ref: ref count increased 2
11-21 00:36:17.559 E/QMI_FW  ( 1042): qmi_cci_get_ref: ref count increased 2
11-21 00:36:17.565 E/QMI_FW  ( 1042): qmi_cci_get_ref: ref count increased 2
11-21 00:36:17.669 D/commandrouter( 1006): rtc_sync (1, rtc:sync): <ServiceRequest> FORWARDED (remote -> local) service client ID = 0, token ID = 44569
11-21 00:36:17.669 D/vendor.facebook.rtc_sync@1.0-service( 1145): Request req_ts=1637454977666761068 resp_ts=1637454977669286533
11-21 00:36:17.669 D/commandrouter( 1006): SocServiceHandle::onServiceMessage, SoC Service = rtc_sync, appType = 1, type = SVC_RESP, clientId = 0, token = 44569, payloadLen = 8, result = 0, payload.size() = 8
11-21 00:36:17.720 I/Nat464Xlat( 1186): Android Xlat is disabled
11-21 00:36:17.721 D/QCNEJ/WlanStaInfoRelay( 1907): Received action: android.net.wifi.LINK_CONFIGURATION_CHANGED
11-21 00:36:17.721 E/QCNEJ/WlanStaInfoRelay( 1907): update link properties given null lp
11-21 00:36:17.765 D/QCNEJ/NativeHalConnector( 1907): -> SND notifyWifiAvailable(v4Connected = truev6Connected = , false, isAndroidValidated = true)
11-21 00:36:19.663 D/QCNEJ/WlanStaInfoRelay( 1907): Received action: android.net.wifi.RSSI_CHANGED
11-21 00:36:19.671 D/WearableConnectivityManager(11143): onWifiStrengthChange: -34
11-21 00:36:19.671 V/LigerRadioStatsReporter( 2357): onCapabilitiesChanged: Network capabilities changed
11-21 00:36:19.672 V/LigerRadioStatsReporter( 2357): reportAndCheckpointRadioStats
11-21 00:36:19.673 V/LigerRadioStatsReporter( 2357): +++++++++++ RADIO STATS DUMP +++++++++++
11-21 00:36:19.673 V/LigerRadioStatsReporter( 2357): totalActiveRadioTimeMs=0
11-21 00:36:19.673 V/LigerRadioStatsReporter( 2357): totalTailRadioTimeMs=13994
11-21 00:36:19.673 V/LigerRadioStatsReporter( 2357): totalWakeupCount=0
11-21 00:36:19.673 V/LigerRadioStatsReporter( 2357): httpUpBytes=0
11-21 00:36:19.673 V/LigerRadioStatsReporter( 2357): httpDownBytes=0
11-21 00:36:19.673 V/LigerRadioStatsReporter( 2357): httpWakeupCount=0
11-21 00:36:19.673 V/LigerRadioStatsReporter( 2357): httpRequestCount=0
11-21 00:36:19.673 V/LigerRadioStatsReporter( 2357): httpActiveRadioTimeMs=0
11-21 00:36:19.674 V/LigerRadioStatsReporter( 2357): httpTailRadioTimeMs=13994
11-21 00:36:19.674 V/LigerRadioStatsReporter( 2357): reportAndCheckpointRadioStats: Tx=0
11-21 00:36:19.674 V/LigerRadioStatsReporter( 2357): reportAndCheckpointRadioStats: Rx=0
11-21 00:36:19.674 V/LigerRadioStatsReporter( 2357): reportAndCheckpointRadioStats: Uids=10027
11-21 00:36:19.674 V/LigerRadioStatsReporter( 2357): reportAndCheckpointRadioStats: Tags=null
11-21 00:36:23.505 E/QMI_FW  ( 1042): qmi_cci_get_ref: ref count increased 2
11-21 00:36:23.505 E/QMI_FW  ( 1042): qmi_cci_get_ref: ref count increased 2
11-21 00:36:23.506 E/QMI_FW  ( 1042): qmi_cci_get_ref: ref count increased 2
11-21 00:36:26.092 E/QMI_FW  ( 1042): qmi_cci_get_ref: ref count increased 2
11-21 00:36:26.094 E/QMI_FW  ( 1042): qmi_cci_get_ref: ref count increased 2
11-21 00:36:26.106 I/WearableConnectivityManager(11143): LTE Signal strength is: 2
11-21 00:36:26.106 I/WearableConnectivityManager(11143): Cellular Signal strength is: 2
11-21 00:36:26.106 D/RadioLinkQualityScoreBuilder( 1984): scoreRsrp: 3scoreRsrq: 2scoreRssnr: 4
11-21 00:36:26.106 D/WirelessInsightServiceImpl( 1984): onSignalStrengthsChanged: SignalStrength = SignalStrength:{mCdma=CellSignalStrengthCdma: cdmaDbm=2147483647 cdmaEcio=2147483647 evdoDbm=2147483647 evdoEcio=2147483647 evdoSnr=2147483647 level=0,mGsm=CellSignalStrengthGsm: rssi=2147483647 ber=2147483647 mTa=2147483647 mLevel=0,mWcdma=CellSignalStrengthWcdma: ss=2147483647 ber=2147483647 rscp=2147483647 ecno=2147483647 level=0,mTdscdma=CellSignalStrengthTdscdma: rssi=2147483647 ber=2147483647 rscp=2147483647 level=0,mLte=CellSignalStrengthLte: rssi=-75 rsrp=-111 rsrq=-15 rssnr=11 cqi=2147483647 ta=2147483647 level=2 parametersUseForLevel=0,mNr=CellSignalStrengthNr:{ csiRsrp = 2147483647 csiRsrq = 2147483647 csiSinr = 2147483647 ssRsrp = 2147483647 ssRsrq = 2147483647 ssSinr = 2147483647 level = 0 parametersUseForLevel = 0 },primary=CellSignalStrengthLte}
11-21 00:36:26.107 D/WirelessInsightServiceImpl( 1984): Score: 2
11-21 00:36:26.107 D/WirelessInsightServiceImpl( 1984): notifyListeners: listeners = 0, score = 2
11-21 00:36:17.720 I/Nat464Xlat( 1186): Android Xlat is disabled
11-21 00:36:27.664 D/commandrouter( 1006): rtc_sync (1, rtc:sync): <ServiceRequest> FORWARDED (remote -> local) service client ID = 0, token ID = 44570
11-21 00:36:27.664 D/vendor.facebook.rtc_sync@1.0-service( 1145): Request req_ts=1637454987663286533 resp_ts=1637454987664495644
11-21 00:36:27.664 D/commandrouter( 1006): SocServiceHandle::onServiceMessage, SoC Service = rtc_sync, appType = 1, type = SVC_RESP, clientId = 0, token = 44570, payloadLen = 8, result = 0, payload.size() = 8
11-21 00:36:27.669 D/AppStorageManager( 1186): BEFORE:: Previous Size: 980975616 Current Size: 980606976
11-21 00:36:27.669 D/AppStorageManager( 1186): AFTER:: Previous Size: 980606976 Current Size: 980606976
11-21 00:36:29.942 E/QMI_FW  ( 1042): qmi_cci_get_ref: ref count increased 2
11-21 00:36:29.943 E/QMI_FW  ( 1042): qmi_cci_get_ref: ref count increased 2
11-21 00:36:29.954 I/WearableConnectivityManager(11143): LTE Signal strength is: 2
11-21 00:36:29.954 I/WearableConnectivityManager(11143): Cellular Signal strength is: 2
11-21 00:36:29.955 D/RadioLinkQualityScoreBuilder( 1984): scoreRsrp: 3scoreRsrq: 3scoreRssnr: 4
11-21 00:36:29.955 D/WirelessInsightServiceImpl( 1984): onSignalStrengthsChanged: SignalStrength = SignalStrength:{mCdma=CellSignalStrengthCdma: cdmaDbm=2147483647 cdmaEcio=2147483647 evdoDbm=2147483647 evdoEcio=2147483647 evdoSnr=2147483647 level=0,mGsm=CellSignalStrengthGsm: rssi=2147483647 ber=2147483647 mTa=2147483647 mLevel=0,mWcdma=CellSignalStrengthWcdma: ss=2147483647 ber=2147483647 rscp=2147483647 ecno=2147483647 level=0,mTdscdma=CellSignalStrengthTdscdma: rssi=2147483647 ber=2147483647 rscp=2147483647 level=0,mLte=CellSignalStrengthLte: rssi=-79 rsrp=-110 rsrq=-12 rssnr=12 cqi=2147483647 ta=2147483647 level=2 parametersUseForLevel=0,mNr=CellSignalStrengthNr:{ csiRsrp = 2147483647 csiRsrq = 2147483647 csiSinr = 2147483647 ssRsrp = 2147483647 ssRsrq = 2147483647 ssSinr = 2147483647 level = 0 parametersUseForLevel = 0 },primary=CellSignalStrengthLte}
11-21 00:36:29.955 D/WirelessInsightServiceImpl( 1984): Score: 3
11-21 00:36:29.955 D/WirelessInsightServiceImpl( 1984): notifyListeners: listeners = 0, score = 3
11-21 00:36:33.983 I/chatty  ( 1186): uid=1000(system) WifiScanningSer expire 1 line
11-21 00:36:33.984 I/chatty  ( 1026): uid=1021(gps) lowi-server expire 255 lines
11-21 00:36:33.985 V/WifiHAL (  544): event received NL80211_CMD_TRIGGER_SCAN
11-21 00:36:34.096 V/WifiHAL (  544): event received NL80211_CMD_NEW_SCAN_RESULTS
11-21 00:36:34.098 D/WifiNl80211Manager( 1186): Scan result ready event
11-21 00:36:34.098 D/WifiNative( 1186): Scan result ready event
11-21 00:36:34.112 D/WificondScannerImpl( 1186): Filtering out 21 scan results.
11-21 00:36:34.121 I/chatty  ( 1026): uid=1021(gps) lowi-server expire 7 lines
11-21 00:36:35.420 D/UIAutomatorStub( 6483): URI: /jsonrpc/0, Method: POST, Header: {content-length=102, remote-addr=127.0.0.1, http-client-ip=127.0.0.1, host=localhost:9012, content-type=application/json, accept-encoding=identity}, params, {NanoHttpd.QUERY_STRING=null}, files: {postData={"jsonrpc": "2.0", "method": "pressKey", "id": "ad64bc13034e69d702598932d53855d0", "params": ["back"]}}
11-21 00:36:35.448 D/AutofillManagerService( 1186): onBackKeyPressed()
11-21 00:36:35.479 D/UIAutomatorStub( 6483): URI: /jsonrpc/0, Method: POST, Header: {content-length=102, remote-addr=127.0.0.1, http-client-ip=127.0.0.1, host=localhost:9012, content-type=application/json, accept-encoding=identity}, params, {NanoHttpd.QUERY_STRING=null}, files: {postData={"jsonrpc": "2.0", "method": "pressKey", "id": "c944ad97fcf64abd4896ee3be5cafdfc", "params": ["back"]}}
11-21 00:36:35.497 W/HWComposer(  598): Ignoring duplicate VSYNC event from HWC for display 0 (t=118083222935942)
11-21 00:36:36.052 D/UIAutomatorStub( 6483): URI: /jsonrpc/0, Method: POST, Header: {content-length=102, remote-addr=127.0.0.1, http-client-ip=127.0.0.1, host=localhost:9012, content-type=application/json, accept-encoding=identity}, params, {NanoHttpd.QUERY_STRING=null}, files: {postData={"jsonrpc": "2.0", "method": "pressKey", "id": "5fbb3eba7facce0d6a9e0a9f7b16979f", "params": ["back"]}}
11-21 00:36:36.395 I/vendor.rmt_storage(  621): rmt_storage_connect_cb: clnt_h=0x9d conn_h=0x9ea89030
11-21 00:36:36.395 I/vendor.rmt_storage(  621): rmt_storage_rw_iovec_cb: /boot/modem_fs1: req_h=0x9d msg_id=3: R/W request received (wr_count 149)
11-21 00:36:36.395 I/vendor.rmt_storage(  621): wakelock acquired: 1, error no: 11
11-21 00:36:36.395 I/vendor.rmt_storage(  621): rmt_storage_client_thread: /boot/modem_fs1: Unblock worker thread (th_id: -1644879424)
11-21 00:36:36.508 I/vendor.rmt_storage(  621): rmt_storage_client_thread: /boot/modem_fs1: req_h=0x9d msg_id=3: Bytes written = 1572864, wr_count 149
11-21 00:36:36.508 I/vendor.rmt_storage(  621): rmt_storage_client_thread: /boot/modem_fs1: req_h=0x9d msg_id=3: Send response: res=0 err=0, wr_count 149
11-21 00:36:36.508 I/vendor.rmt_storage(  621): rmt_storage_client_thread: /boot/modem_fs1: About to block rmt_storage client thread (th_id: -1644879424) wakelock released: 1, error no: 22
11-21 00:36:36.508 I/vendor.rmt_storage(  621): 
11-21 00:36:36.511 I/vendor.rmt_storage(  621): rmt_storage_disconnect_cb: clnt_h=0x9d conn_h=0x9ea89030
11-21 00:36:36.516 D/ActivityTrigger( 1186): ActivityTrigger activityPauseTrigger 
11-21 00:36:36.553 E/ANDR-PERF-JNI( 1186): UXEngine Trigger - Returning null
11-21 00:36:36.554 D/ComplicationController(11143): Starting complication controller. Face Type: OdysseyWatchFace
11-21 00:36:36.555 D/ComplicationDataManagerImpl(11143): Updating complication data for package: com.facebook.wearable.apps.heart, id: com.facebook.wearable.apps.heart.HEART_RATE
11-21 00:36:36.555 D/ComplicationDataManagerImpl(11143): Updating complication data for package: com.facebook.wearable.apps.weather, id: com.facebook.wearable.apps.weather.SHORTCUT_COMPLICATION
11-21 00:36:36.555 D/ComplicationDataManagerImpl(11143): Updating complication data for package: com.facebook.wearable.apps.workout, id: com.facebook.wearable.apps.workout.SHORTCUT_COMPLICATION
11-21 00:36:36.555 D/ComplicationDataManagerImpl(11143): Updating complication data for package: com.facebook.wearable.apps.gallery, id: com.facebook.wearable.apps.gallery.SHORTCUT_COMPLICATION
11-21 00:36:36.555 D/ComplicationDataManagerImpl(11143): Updating complication data for package: com.facebook.wearable.apps.clock, id: com.facebook.wearable.apps.clock.SHORTCUT_COMPLICATION
11-21 00:36:36.555 D/ComplicationDataManagerImpl(11143): Updating complication data for package: com.facebook.wearable.apps.player, id: com.facebook.wearable.apps.player.SHORTCUT_COMPLICATION
11-21 00:36:36.555 D/ComplicationDataManagerImpl(11143): Updating complication data for package: com.facebook.wearable.apps.calendar, id: com.facebook.wearable.apps.calendar.SHORTCUT_COMPLICATION
11-21 00:36:36.556 E/DayDateSystemComplicationProvider(11143): Updating Day Date System Complication
11-21 00:36:36.557 D/ComplicationDataManagerImpl(11143): Updating complication data for package: com.facebook.wearable.apps.calendar, id: com.facebook.wearable.apps.calendar.DAY_DATE_COMPLICATION
11-21 00:36:36.561 D/ComplicationDataManagerImpl(11143): Fetching complication data for package: com.facebook.wearable.apps.calendar, com.facebook.wearable.apps.calendar.DAY_DATE_COMPLICATION.
11-21 00:36:36.561 D/ComplicationDataManagerImpl(11143): Fetching complication data for package: com.facebook.wearable.apps.player, com.facebook.wearable.apps.player.SHORTCUT_COMPLICATION.
11-21 00:36:36.562 D/ComplicationDataManagerImpl(11143): Fetching complication data for package: com.facebook.wearable.apps.gallery, com.facebook.wearable.apps.gallery.SHORTCUT_COMPLICATION.
11-21 00:36:36.562 D/ComplicationDataManagerImpl(11143): Fetching complication data for package: com.facebook.wearable.apps.heart, com.facebook.wearable.apps.heart.HEART_RATE.
11-21 00:36:36.569 D/LauncherActivity(11143): onResume: Intent { cat=[android.intent.category.HOME] flg=0x10000100 cmp=com.facebook.wearable.system.launcher/.LauncherActivity }
11-21 00:36:36.570 D/LauncherIntentProcessor(11143): processLauncherActivityIntent: Intent { cat=[android.intent.category.HOME] flg=0x10000100 cmp=com.facebook.wearable.system.launcher/.LauncherActivity }
11-21 00:36:36.578 D/TetheredPhoneUtil(11143): Retrieving the tethered phone status
11-21 00:36:36.581 D/TetheredPhoneUtil(11143): Found tethered phone status: false
11-21 00:36:36.594 D/FacebookRepository(11143): Reading from Store [250223709649332]
11-21 00:36:36.621 D/CompatibilityInfo( 1186): mCompatibilityFlags - 4
11-21 00:36:36.622 D/CompatibilityInfo( 1186): applicationDensity - 320
11-21 00:36:36.622 D/CompatibilityInfo( 1186): applicationScale - 1.0
11-21 00:36:36.696 D/CompatibilityInfo( 1186): mCompatibilityFlags - 4
11-21 00:36:36.696 D/CompatibilityInfo( 1186): applicationDensity - 320
11-21 00:36:36.697 D/CompatibilityInfo( 1186): applicationScale - 1.0
11-21 00:36:36.878 D/CompatibilityInfo( 1186): mCompatibilityFlags - 4
11-21 00:36:36.878 D/CompatibilityInfo( 1186): applicationDensity - 320
11-21 00:36:36.878 D/CompatibilityInfo( 1186): applicationScale - 1.0
11-21 00:36:36.926 D/CompatibilityInfo( 1186): mCompatibilityFlags - 4
11-21 00:36:36.926 D/CompatibilityInfo( 1186): applicationDensity - 320
11-21 00:36:36.926 D/CompatibilityInfo( 1186): applicationScale - 1.0
