--------- beginning of system
11-19 17:05:05.726 D/commandrouter( 1117): SocServiceHandle::onServiceMessage, SoC Service = mcu_healthcheck_946, appType = 1, type = SVC_REQ, clientId = 0, token = 76, payloadLen = 20, result = 0, payload.size() = 20
11-19 17:05:05.730 D/commandrouter( 1117): mcu_healthcheck_946 (1, merlot:mcu_health:control): <ServiceResponse> FORWARDED (remote -> local) CR token ID = 76, service client ID = 6, token ID = 565, result = 0
11-19 17:05:06.388 I/chatty  ( 1194): uid=1000 system_server expire 1 line
11-19 17:05:06.633 I/chatty  ( 1194): uid=1000(system) android.ui expire 13 lines
11-19 17:05:06.980 I/chatty  ( 1117): uid=1000(system) HwBinder:1117_9 expire 5 lines
11-19 17:05:06.985 I/chatty  ( 1117): uid=1000(system) /vendor/bin/commandrouter expire 10 lines
11-19 17:05:06.986 D/mculinkhealth( 1118): isMcuReachable 1 (6 ms)
11-19 17:05:08.161 I/chatty  ( 1194): uid=1000(system) LazyTaskWriterT expire 10 lines
11-19 17:05:12.430 I/chatty  ( 1117): uid=1000(system) HwBinder:1117_2 expire 12 lines
11-19 17:05:19.156 I/chatty  ( 1194): uid=1000(system) Binder:1194_1A expire 15 lines
11-19 17:05:23.788 I/chatty  ( 1194): uid=1000(system) DeviceStorageMo expire 10 lines
11-19 17:05:27.157 I/chatty  ( 1194): uid=1000(system) Binder:1194_11 expire 4 lines
11-19 17:05:33.897 I/chatty  ( 1194): uid=1000(system) android.display expire 11 lines
11-19 17:05:34.853 I/chatty  ( 1194): uid=1000(system) WifiP2pService expire 10 lines
11-19 17:05:34.854 I/chatty  ( 1194): uid=1000(system) ActivityManager expire 11 lines
11-19 17:05:36.990 D/mculinkhealth( 1118): isMcuReachable 1 (4 ms)
11-19 17:05:37.384 I/chatty  ( 1194): uid=1000(system) WifiHandlerThre expire 10 lines
11-19 17:05:37.681 W/wificond(  906): Scan is not started. Ignore abort request
11-19 17:05:38.346 I/chatty  ( 1194): uid=1000(system) ConnectivitySer expire 34 lines
11-19 17:05:39.922 E/NetlinkEvent(  459): NetlinkEvent::FindParam(): Parameter 'INTERFACE' not found
11-19 17:05:39.922 E/NetlinkEvent(  459): NetlinkEvent::FindParam(): Parameter 'STATE' not found
11-19 17:05:39.922 E/NetlinkEvent(  459): NetlinkEvent::FindParam(): Parameter 'TIME_NS' not found
11-19 17:05:39.922 E/NetlinkEvent(  459): NetlinkEvent::FindParam(): Parameter 'UID' not found
11-19 17:05:40.232 I/chatty  ( 1194): uid=1000 system_server expire 4 lines
11-19 17:05:40.233 I/chatty  ( 1194): uid=1000(system) ActivityManager expire 7 lines
11-19 17:05:41.501 I/chatty  ( 1194): uid=1000(system) Binder:1194_19 expire 8 lines
11-19 17:05:47.547 I/chatty  ( 1194): uid=1000(system) android.ui expire 10 lines
11-19 17:06:05.732 I/chatty  ( 1117): uid=1000(system) HwBinder:1117_1 expire 2 lines
11-19 17:06:06.997 D/mculinkhealth( 1118): isMcuReachable 1 (5 ms)
11-19 17:06:09.914 I/chatty  ( 1194): uid=1000(system) ConnectivitySer expire 19 lines
11-19 17:06:12.383 I/chatty  ( 1117): uid=1000(system) /vendor/bin/commandrouter expire 10 lines
11-19 17:06:19.385 I/chatty  ( 1194): uid=1000 system_server expire 2 lines
11-19 17:06:22.606 I/chatty  ( 1194): uid=1000(system) android.ui expire 10 lines
11-19 17:06:24.145 I/chatty  ( 1194): uid=1000(system) Binder:1194_D expire 11 lines
11-19 17:06:32.761 E/NetlinkEvent(  459): NetlinkEvent::FindParam(): Parameter 'INTERFACE' not found
11-19 17:06:32.761 E/NetlinkEvent(  459): NetlinkEvent::FindParam(): Parameter 'STATE' not found
11-19 17:06:32.761 E/NetlinkEvent(  459): NetlinkEvent::FindParam(): Parameter 'TIME_NS' not found
11-19 17:06:32.761 E/NetlinkEvent(  459): NetlinkEvent::FindParam(): Parameter 'UID' not found
11-19 17:06:33.180 I/McuTransferService( 2004): Request with notification:indicator:update_request type was scheduled to sent to notification:indicator:update
11-19 17:06:33.207 I/McuTransferService( 2004): Request with notification:indicator:update_request type was sent to notification:indicator:update
11-19 17:06:33.208 I/chatty  ( 1117): uid=1000(system) HwBinder:1117_9 expire 1 line
11-19 17:06:33.215 D/McuTransferService( 2004): get response for request notification:indicator:update_request, response type notification:indicator:update_response
11-19 17:06:33.230 D/McuTransferService( 2004): Sent response data back for request notification:indicator:update_request
11-19 17:06:33.230 D/McuTransferService( 2004): done processing response
11-19 17:06:37.002 D/mculinkhealth( 1118): isMcuReachable 1 (5 ms)
11-19 17:06:44.156 I/chatty  ( 1194): uid=1000(system) Binder:1194_6 expire 8 lines
11-19 17:06:52.072 W/wificond(  906): Scan is not started. Ignore abort request
11-19 17:06:52.901 I/chatty  ( 1194): uid=1000(system) ConnectivitySer expire 22 lines
11-19 17:06:53.312 E/NetlinkEvent(  459): NetlinkEvent::FindParam(): Parameter 'INTERFACE' not found
11-19 17:06:53.312 E/NetlinkEvent(  459): NetlinkEvent::FindParam(): Parameter 'STATE' not found
11-19 17:06:53.312 E/NetlinkEvent(  459): NetlinkEvent::FindParam(): Parameter 'TIME_NS' not found
11-19 17:06:53.312 E/NetlinkEvent(  459): NetlinkEvent::FindParam(): Parameter 'UID' not found
11-19 17:07:07.010 D/mculinkhealth( 1118): isMcuReachable 1 (6 ms)
11-19 17:07:12.352 I/chatty  ( 1194): uid=1000(system) android.ui expire 10 lines
11-19 17:07:12.390 D/commandrouter( 1117): rtc_sync (1, rtc:sync): <ServiceRequest> FORWARDED (remote -> local) service client ID = 0, token ID = 33241
11-19 17:07:12.392 D/commandrouter( 1117): SocServiceHandle::onServiceMessage, SoC Service = rtc_sync, appType = 1, type = SVC_RESP, clientId = 0, token = 33241, payloadLen = 8, result = 0, payload.size() = 8
11-19 17:07:22.357 D/commandrouter( 1117): rtc_sync (1, rtc:sync): <ServiceRequest> FORWARDED (remote -> local) service client ID = 0, token ID = 33242
11-19 17:07:22.357 D/commandrouter( 1117): SocServiceHandle::onServiceMessage, SoC Service = rtc_sync, appType = 1, type = SVC_RESP, clientId = 0, token = 33242, payloadLen = 8, result = 0, payload.size() = 8
11-19 17:07:23.282 I/chatty  ( 1194): uid=1000(system) ConnectivitySer expire 41 lines
11-19 17:07:23.450 E/NetlinkEvent(  459): NetlinkEvent::FindParam(): Parameter 'INTERFACE' not found
11-19 17:07:23.450 E/NetlinkEvent(  459): NetlinkEvent::FindParam(): Parameter 'STATE' not found
11-19 17:07:23.450 E/NetlinkEvent(  459): NetlinkEvent::FindParam(): Parameter 'TIME_NS' not found
11-19 17:07:23.451 E/NetlinkEvent(  459): NetlinkEvent::FindParam(): Parameter 'UID' not found
11-19 17:07:32.349 D/commandrouter( 1117): rtc_sync (1, rtc:sync): <ServiceRequest> FORWARDED (remote -> local) service client ID = 0, token ID = 33243
11-19 17:07:32.350 D/commandrouter( 1117): SocServiceHandle::onServiceMessage, SoC Service = rtc_sync, appType = 1, type = SVC_RESP, clientId = 0, token = 33243, payloadLen = 8, result = 0, payload.size() = 8
11-19 17:07:32.632 I/chatty  ( 1194): uid=1000(system) android.ui expire 14 lines
11-19 17:07:34.154 I/chatty  ( 1194): uid=1000(system) Binder:1194_7 expire 6 lines
11-19 17:07:37.012 D/commandrouter( 1117): SocServiceHandle::onServiceMessage, SoC Service = mcu_healthcheck_1118, appType = 1, type = SVC_REQ, clientId = 0, token = 158, payloadLen = 12, result = 0, payload.size() = 12
11-19 17:07:37.017 D/commandrouter( 1117): mcu_healthcheck_1118 (1, merlot:mcu_health:control): <ServiceResponse> FORWARDED (remote -> local) CR token ID = 158, service client ID = 40, token ID = 574, result = 0
11-19 17:07:37.018 D/mculinkhealth( 1118): isMcuReachable 1 (6 ms)
11-19 17:07:38.464 I/chatty  ( 1194): uid=1000(system) LazyTaskWriterT expire 10 lines
11-19 17:07:41.865 W/wificond(  906): Scan is not started. Ignore abort request
11-19 17:07:42.335 D/commandrouter( 1117): rtc_sync (1, rtc:sync): <ServiceRequest> FORWARDED (remote -> local) service client ID = 0, token ID = 33244
11-19 17:07:42.336 D/commandrouter( 1117): SocServiceHandle::onServiceMessage, SoC Service = rtc_sync, appType = 1, type = SVC_RESP, clientId = 0, token = 33244, payloadLen = 8, result = 0, payload.size() = 8
11-19 17:07:43.106 E/NetlinkEvent(  459): NetlinkEvent::FindParam(): Parameter 'INTERFACE' not found
11-19 17:07:43.106 E/NetlinkEvent(  459): NetlinkEvent::FindParam(): Parameter 'STATE' not found
11-19 17:07:43.106 E/NetlinkEvent(  459): NetlinkEvent::FindParam(): Parameter 'TIME_NS' not found
11-19 17:07:43.106 E/NetlinkEvent(  459): NetlinkEvent::FindParam(): Parameter 'UID' not found
11-19 17:07:52.325 D/commandrouter( 1117): rtc_sync (1, rtc:sync): <ServiceRequest> FORWARDED (remote -> local) service client ID = 0, token ID = 33245
11-19 17:07:52.326 D/commandrouter( 1117): SocServiceHandle::onServiceMessage, SoC Service = rtc_sync, appType = 1, type = SVC_RESP, clientId = 0, token = 33245, payloadLen = 8, result = 0, payload.size() = 8
11-19 17:08:02.319 D/commandrouter( 1117): rtc_sync (1, rtc:sync): <ServiceRequest> FORWARDED (remote -> local) service client ID = 0, token ID = 33246
11-19 17:08:02.320 D/commandrouter( 1117): SocServiceHandle::onServiceMessage, SoC Service = rtc_sync, appType = 1, type = SVC_RESP, clientId = 0, token = 33246, payloadLen = 8, result = 0, payload.size() = 8
11-19 17:08:05.744 D/commandrouter( 1117): SocServiceHandle::onServiceMessage, SoC Service = mcu_healthcheck_946, appType = 1, type = SVC_REQ, clientId = 0, token = 79, payloadLen = 20, result = 0, payload.size() = 20
11-19 17:08:05.748 D/commandrouter( 1117): mcu_healthcheck_946 (1, merlot:mcu_health:control): <ServiceResponse> FORWARDED (remote -> local) CR token ID = 79, service client ID = 6, token ID = 575, result = 0
11-19 17:08:07.018 D/commandrouter( 1117): SocServiceHandle::onServiceMessage, SoC Service = mcu_healthcheck_1118, appType = 1, type = SVC_REQ, clientId = 0, token = 159, payloadLen = 12, result = 0, payload.size() = 12
11-19 17:08:07.021 D/commandrouter( 1117): mcu_healthcheck_1118 (1, merlot:mcu_health:control): <ServiceResponse> FORWARDED (remote -> local) CR token ID = 159, service client ID = 40, token ID = 576, result = 0
11-19 17:08:07.021 D/mculinkhealth( 1118): isMcuReachable 1 (3 ms)
11-19 17:08:12.311 D/commandrouter( 1117): rtc_sync (1, rtc:sync): <ServiceRequest> FORWARDED (remote -> local) service client ID = 0, token ID = 33247
11-19 17:08:12.311 D/commandrouter( 1117): SocServiceHandle::onServiceMessage, SoC Service = rtc_sync, appType = 1, type = SVC_RESP, clientId = 0, token = 33247, payloadLen = 8, result = 0, payload.size() = 8
11-19 17:08:13.101 I/chatty  ( 1194): uid=1000(system) ConnectivitySer expire 28 lines
11-19 17:08:13.267 I/wificond(  906): Fail RSSI polling because wifi is not associated.
11-19 17:08:13.439 E/NetlinkEvent(  459): NetlinkEvent::FindParam(): Parameter 'INTERFACE' not found
11-19 17:08:13.439 E/NetlinkEvent(  459): NetlinkEvent::FindParam(): Parameter 'STATE' not found
11-19 17:08:13.439 E/NetlinkEvent(  459): NetlinkEvent::FindParam(): Parameter 'TIME_NS' not found
11-19 17:08:13.439 E/NetlinkEvent(  459): NetlinkEvent::FindParam(): Parameter 'UID' not found
11-19 17:08:15.629 I/chatty  ( 1194): uid=1000(system) android.bg expire 1 line
11-19 17:08:22.305 D/commandrouter( 1117): rtc_sync (1, rtc:sync): <ServiceRequest> FORWARDED (remote -> local) service client ID = 0, token ID = 33248
11-19 17:08:22.306 D/commandrouter( 1117): SocServiceHandle::onServiceMessage, SoC Service = rtc_sync, appType = 1, type = SVC_RESP, clientId = 0, token = 33248, payloadLen = 8, result = 0, payload.size() = 8
11-19 17:08:24.150 I/chatty  ( 1194): uid=1000(system) Binder:1194_1 expire 9 lines
11-19 17:08:28.773 I/chatty  ( 1194): uid=1000 system_server expire 1 line
11-19 17:08:32.220 W/wificond(  906): Scan is not started. Ignore abort request
11-19 17:08:32.307 D/commandrouter( 1117): rtc_sync (1, rtc:sync): <ServiceRequest> FORWARDED (remote -> local) service client ID = 0, token ID = 33249
11-19 17:08:32.310 D/commandrouter( 1117): SocServiceHandle::onServiceMessage, SoC Service = rtc_sync, appType = 1, type = SVC_RESP, clientId = 0, token = 33249, payloadLen = 8, result = 0, payload.size() = 8
11-19 17:08:33.069 I/chatty  ( 1194): uid=1000(system) ConnectivitySer expire 13 lines
11-19 17:08:33.357 E/NetlinkEvent(  459): NetlinkEvent::FindParam(): Parameter 'INTERFACE' not found
11-19 17:08:33.357 E/NetlinkEvent(  459): NetlinkEvent::FindParam(): Parameter 'STATE' not found
11-19 17:08:33.357 E/NetlinkEvent(  459): NetlinkEvent::FindParam(): Parameter 'TIME_NS' not found
11-19 17:08:33.357 E/NetlinkEvent(  459): NetlinkEvent::FindParam(): Parameter 'UID' not found
11-19 17:08:37.023 D/commandrouter( 1117): SocServiceHandle::onServiceMessage, SoC Service = mcu_healthcheck_1118, appType = 1, type = SVC_REQ, clientId = 0, token = 160, payloadLen = 12, result = 0, payload.size() = 12
11-19 17:08:37.028 D/commandrouter( 1117): mcu_healthcheck_1118 (1, merlot:mcu_health:control): <ServiceResponse> FORWARDED (remote -> local) CR token ID = 160, service client ID = 40, token ID = 577, result = 0
11-19 17:08:37.029 D/mculinkhealth( 1118): isMcuReachable 1 (5 ms)
11-19 17:08:42.304 D/commandrouter( 1117): rtc_sync (1, rtc:sync): <ServiceRequest> FORWARDED (remote -> local) service client ID = 0, token ID = 33250
11-19 17:08:42.305 D/commandrouter( 1117): SocServiceHandle::onServiceMessage, SoC Service = rtc_sync, appType = 1, type = SVC_RESP, clientId = 0, token = 33250, payloadLen = 8, result = 0, payload.size() = 8
11-19 17:08:52.301 D/commandrouter( 1117): rtc_sync (1, rtc:sync): <ServiceRequest> FORWARDED (remote -> local) service client ID = 0, token ID = 33251
11-19 17:08:52.301 D/commandrouter( 1117): SocServiceHandle::onServiceMessage, SoC Service = rtc_sync, appType = 1, type = SVC_RESP, clientId = 0, token = 33251, payloadLen = 8, result = 0, payload.size() = 8
11-19 17:08:52.320 I/chatty  ( 1194): uid=1000(system) android.ui expire 12 lines
11-19 17:09:02.297 D/commandrouter( 1117): rtc_sync (1, rtc:sync): <ServiceRequest> FORWARDED (remote -> local) service client ID = 0, token ID = 33252
11-19 17:09:02.297 D/commandrouter( 1117): SocServiceHandle::onServiceMessage, SoC Service = rtc_sync, appType = 1, type = SVC_RESP, clientId = 0, token = 33252, payloadLen = 8, result = 0, payload.size() = 8
11-19 17:09:03.255 I/chatty  ( 1194): uid=1000(system) ConnectivitySer expire 11 lines
11-19 17:09:03.422 E/NetlinkEvent(  459): NetlinkEvent::FindParam(): Parameter 'INTERFACE' not found
11-19 17:09:03.422 E/NetlinkEvent(  459): NetlinkEvent::FindParam(): Parameter 'STATE' not found
11-19 17:09:03.422 E/NetlinkEvent(  459): NetlinkEvent::FindParam(): Parameter 'TIME_NS' not found
11-19 17:09:03.422 E/NetlinkEvent(  459): NetlinkEvent::FindParam(): Parameter 'UID' not found
11-19 17:09:05.749 D/commandrouter( 1117): SocServiceHandle::onServiceMessage, SoC Service = mcu_healthcheck_946, appType = 1, type = SVC_REQ, clientId = 0, token = 80, payloadLen = 20, result = 0, payload.size() = 20
11-19 17:09:05.753 D/commandrouter( 1117): mcu_healthcheck_946 (1, merlot:mcu_health:control): <ServiceResponse> FORWARDED (remote -> local) CR token ID = 80, service client ID = 6, token ID = 578, result = 0
11-19 17:09:07.030 D/commandrouter( 1117): SocServiceHandle::onServiceMessage, SoC Service = mcu_healthcheck_1118, appType = 1, type = SVC_REQ, clientId = 0, token = 161, payloadLen = 12, result = 0, payload.size() = 12
11-19 17:09:07.044 D/commandrouter( 1117): mcu_healthcheck_1118 (1, merlot:mcu_health:control): <ServiceResponse> FORWARDED (remote -> local) CR token ID = 161, service client ID = 40, token ID = 579, result = 0
11-19 17:09:07.044 D/mculinkhealth( 1118): isMcuReachable 1 (14 ms)
11-19 17:09:12.298 D/commandrouter( 1117): rtc_sync (1, rtc:sync): <ServiceRequest> FORWARDED (remote -> local) service client ID = 0, token ID = 33253
11-19 17:09:12.299 D/commandrouter( 1117): SocServiceHandle::onServiceMessage, SoC Service = rtc_sync, appType = 1, type = SVC_RESP, clientId = 0, token = 33253, payloadLen = 8, result = 0, payload.size() = 8
11-19 17:09:22.298 D/commandrouter( 1117): rtc_sync (1, rtc:sync): <ServiceRequest> FORWARDED (remote -> local) service client ID = 0, token ID = 33254
11-19 17:09:22.299 D/commandrouter( 1117): SocServiceHandle::onServiceMessage, SoC Service = rtc_sync, appType = 1, type = SVC_RESP, clientId = 0, token = 33254, payloadLen = 8, result = 0, payload.size() = 8
11-19 17:09:22.993 W/wificond(  906): Scan is not started. Ignore abort request
11-19 17:09:23.428 I/chatty  ( 1194): uid=1000(system) ConnectivitySer expire 32 lines
11-19 17:09:24.234 E/NetlinkEvent(  459): NetlinkEvent::FindParam(): Parameter 'INTERFACE' not found
11-19 17:09:24.234 E/NetlinkEvent(  459): NetlinkEvent::FindParam(): Parameter 'STATE' not found
11-19 17:09:24.234 E/NetlinkEvent(  459): NetlinkEvent::FindParam(): Parameter 'TIME_NS' not found
11-19 17:09:24.234 E/NetlinkEvent(  459): NetlinkEvent::FindParam(): Parameter 'UID' not found
11-19 17:09:32.296 D/commandrouter( 1117): rtc_sync (1, rtc:sync): <ServiceRequest> FORWARDED (remote -> local) service client ID = 0, token ID = 33255
11-19 17:09:32.297 D/commandrouter( 1117): SocServiceHandle::onServiceMessage, SoC Service = rtc_sync, appType = 1, type = SVC_RESP, clientId = 0, token = 33255, payloadLen = 8, result = 0, payload.size() = 8
11-19 17:09:37.045 D/commandrouter( 1117): SocServiceHandle::onServiceMessage, SoC Service = mcu_healthcheck_1118, appType = 1, type = SVC_REQ, clientId = 0, token = 162, payloadLen = 12, result = 0, payload.size() = 12
11-19 17:09:37.048 D/commandrouter( 1117): mcu_healthcheck_1118 (1, merlot:mcu_health:control): <ServiceResponse> FORWARDED (remote -> local) CR token ID = 162, service client ID = 40, token ID = 580, result = 0
11-19 17:09:37.049 D/mculinkhealth( 1118): isMcuReachable 1 (4 ms)
11-19 17:09:42.297 D/commandrouter( 1117): rtc_sync (1, rtc:sync): <ServiceRequest> FORWARDED (remote -> local) service client ID = 0, token ID = 33256
11-19 17:09:42.298 D/commandrouter( 1117): SocServiceHandle::onServiceMessage, SoC Service = rtc_sync, appType = 1, type = SVC_RESP, clientId = 0, token = 33256, payloadLen = 8, result = 0, payload.size() = 8
11-19 17:09:43.314 I/chatty  ( 1194): uid=1000(system) android.ui expire 12 lines
11-19 17:09:46.162 I/chatty  ( 1194): uid=1000(system) Binder:1194_1B expire 4 lines
11-19 17:09:52.295 D/commandrouter( 1117): rtc_sync (1, rtc:sync): <ServiceRequest> FORWARDED (remote -> local) service client ID = 0, token ID = 33257
11-19 17:09:52.296 D/commandrouter( 1117): SocServiceHandle::onServiceMessage, SoC Service = rtc_sync, appType = 1, type = SVC_RESP, clientId = 0, token = 33257, payloadLen = 8, result = 0, payload.size() = 8
11-19 17:09:53.497 I/chatty  ( 1194): uid=1000 system_server expire 1 line
11-19 17:09:53.684 D/commandrouter( 1117): SocServiceHandle::onServiceMessage, SoC Service = mcu_healthcheck_1194, appType = 1, type = SVC_REQ, clientId = 0, token = 11, payloadLen = 12, result = 0, payload.size() = 12
11-19 17:09:53.688 D/commandrouter( 1117): mcu_healthcheck_1194 (1, merlot:mcu_health:control): <ServiceResponse> FORWARDED (remote -> local) CR token ID = 11, service client ID = 39, token ID = 581, result = 0
11-19 17:09:53.689 I/chatty  ( 1194): uid=1000 system_server expire 1 line
11-19 17:09:53.926 I/chatty  ( 1194): uid=1000 system_server expire 1 line
11-19 17:09:54.229 I/chatty  ( 1194): uid=1000(system) ConnectivitySer expire 29 lines
11-19 17:09:54.367 I/wificond(  906): Fail RSSI polling because wifi is not associated.
11-19 17:09:54.605 E/NetlinkEvent(  459): NetlinkEvent::FindParam(): Parameter 'INTERFACE' not found
11-19 17:09:54.605 E/NetlinkEvent(  459): NetlinkEvent::FindParam(): Parameter 'STATE' not found
11-19 17:09:54.605 E/NetlinkEvent(  459): NetlinkEvent::FindParam(): Parameter 'TIME_NS' not found
11-19 17:09:54.605 E/NetlinkEvent(  459): NetlinkEvent::FindParam(): Parameter 'UID' not found
11-19 17:10:02.322 D/commandrouter( 1117): rtc_sync (1, rtc:sync): <ServiceRequest> FORWARDED (remote -> local) service client ID = 0, token ID = 33258
11-19 17:10:02.323 D/commandrouter( 1117): SocServiceHandle::onServiceMessage, SoC Service = rtc_sync, appType = 1, type = SVC_RESP, clientId = 0, token = 33258, payloadLen = 8, result = 0, payload.size() = 8
11-19 17:10:05.754 D/commandrouter( 1117): SocServiceHandle::onServiceMessage, SoC Service = mcu_healthcheck_946, appType = 1, type = SVC_REQ, clientId = 0, token = 81, payloadLen = 20, result = 0, payload.size() = 20
11-19 17:10:05.758 D/commandrouter( 1117): mcu_healthcheck_946 (1, merlot:mcu_health:control): <ServiceResponse> FORWARDED (remote -> local) CR token ID = 81, service client ID = 6, token ID = 582, result = 0
11-19 17:10:07.050 D/commandrouter( 1117): SocServiceHandle::onServiceMessage, SoC Service = mcu_healthcheck_1118, appType = 1, type = SVC_REQ, clientId = 0, token = 163, payloadLen = 12, result = 0, payload.size() = 12
11-19 17:10:07.054 D/commandrouter( 1117): mcu_healthcheck_1118 (1, merlot:mcu_health:control): <ServiceResponse> FORWARDED (remote -> local) CR token ID = 163, service client ID = 40, token ID = 583, result = 0
11-19 17:10:07.054 D/mculinkhealth( 1118): isMcuReachable 1 (5 ms)
11-19 17:10:07.159 I/chatty  ( 1194): uid=1000(system) Binder:1194_D expire 4 lines
11-19 17:10:12.290 D/commandrouter( 1117): rtc_sync (1, rtc:sync): <ServiceRequest> FORWARDED (remote -> local) service client ID = 0, token ID = 33259
11-19 17:10:12.291 D/commandrouter( 1117): SocServiceHandle::onServiceMessage, SoC Service = rtc_sync, appType = 1, type = SVC_RESP, clientId = 0, token = 33259, payloadLen = 8, result = 0, payload.size() = 8
11-19 17:10:14.315 I/chatty  ( 1194): uid=1000(system) WifiP2pService expire 10 lines
11-19 17:10:14.330 W/wificond(  906): Scan is not started. Ignore abort request
11-19 17:10:15.212 I/chatty  ( 1194): uid=1000(system) ConnectivitySer expire 12 lines
11-19 17:10:15.465 E/NetlinkEvent(  459): NetlinkEvent::FindParam(): Parameter 'INTERFACE' not found
11-19 17:10:15.465 E/NetlinkEvent(  459): NetlinkEvent::FindParam(): Parameter 'STATE' not found
11-19 17:10:15.465 E/NetlinkEvent(  459): NetlinkEvent::FindParam(): Parameter 'TIME_NS' not found
11-19 17:10:15.465 E/NetlinkEvent(  459): NetlinkEvent::FindParam(): Parameter 'UID' not found
11-19 17:10:22.284 D/commandrouter( 1117): rtc_sync (1, rtc:sync): <ServiceRequest> FORWARDED (remote -> local) service client ID = 0, token ID = 33260
11-19 17:10:22.285 D/commandrouter( 1117): SocServiceHandle::onServiceMessage, SoC Service = rtc_sync, appType = 1, type = SVC_RESP, clientId = 0, token = 33260, payloadLen = 8, result = 0, payload.size() = 8
11-19 17:10:24.248 I/chatty  ( 1194): uid=1000(system) DeviceStorageMo expire 8 lines
11-19 17:10:32.280 D/commandrouter( 1117): rtc_sync (1, rtc:sync): <ServiceRequest> FORWARDED (remote -> local) service client ID = 0, token ID = 33261
11-19 17:10:32.281 D/commandrouter( 1117): SocServiceHandle::onServiceMessage, SoC Service = rtc_sync, appType = 1, type = SVC_RESP, clientId = 0, token = 33261, payloadLen = 8, result = 0, payload.size() = 8
11-19 17:10:34.660 I/chatty  ( 1194): uid=1000(system) android.ui expire 12 lines
11-19 17:10:37.055 D/commandrouter( 1117): SocServiceHandle::onServiceMessage, SoC Service = mcu_healthcheck_1118, appType = 1, type = SVC_REQ, clientId = 0, token = 164, payloadLen = 12, result = 0, payload.size() = 12
11-19 17:10:37.058 D/commandrouter( 1117): mcu_healthcheck_1118 (1, merlot:mcu_health:control): <ServiceResponse> FORWARDED (remote -> local) CR token ID = 164, service client ID = 40, token ID = 584, result = 0
11-19 17:10:37.059 D/mculinkhealth( 1118): isMcuReachable 1 (4 ms)
11-19 17:10:40.289 I/chatty  ( 1194): uid=1000(system) LazyTaskWriterT expire 12 lines
11-19 17:10:42.277 D/commandrouter( 1117): rtc_sync (1, rtc:sync): <ServiceRequest> FORWARDED (remote -> local) service client ID = 0, token ID = 33262
11-19 17:10:42.278 D/commandrouter( 1117): SocServiceHandle::onServiceMessage, SoC Service = rtc_sync, appType = 1, type = SVC_RESP, clientId = 0, token = 33262, payloadLen = 8, result = 0, payload.size() = 8
11-19 17:10:45.460 I/chatty  ( 1194): uid=1000(system) ConnectivitySer expire 41 lines
11-19 17:10:45.789 I/chatty  ( 1194): uid=1000(system) android.display expire 8 lines
11-19 17:10:46.448 E/NetlinkEvent(  459): NetlinkEvent::FindParam(): Parameter 'INTERFACE' not found
11-19 17:10:46.448 E/NetlinkEvent(  459): NetlinkEvent::FindParam(): Parameter 'STATE' not found
11-19 17:10:46.448 E/NetlinkEvent(  459): NetlinkEvent::FindParam(): Parameter 'TIME_NS' not found
11-19 17:10:46.448 E/NetlinkEvent(  459): NetlinkEvent::FindParam(): Parameter 'UID' not found
11-19 17:10:52.275 D/commandrouter( 1117): rtc_sync (1, rtc:sync): <ServiceRequest> FORWARDED (remote -> local) service client ID = 0, token ID = 33263
11-19 17:10:52.275 D/commandrouter( 1117): SocServiceHandle::onServiceMessage, SoC Service = rtc_sync, appType = 1, type = SVC_RESP, clientId = 0, token = 33263, payloadLen = 8, result = 0, payload.size() = 8
11-19 17:10:54.970 I/chatty  ( 1194): uid=1000 system_server expire 1 line
11-19 17:11:02.272 D/commandrouter( 1117): rtc_sync (1, rtc:sync): <ServiceRequest> FORWARDED (remote -> local) service client ID = 0, token ID = 33264
11-19 17:11:02.273 D/commandrouter( 1117): SocServiceHandle::onServiceMessage, SoC Service = rtc_sync, appType = 1, type = SVC_RESP, clientId = 0, token = 33264, payloadLen = 8, result = 0, payload.size() = 8
11-19 17:11:05.760 D/commandrouter( 1117): SocServiceHandle::onServiceMessage, SoC Service = mcu_healthcheck_946, appType = 1, type = SVC_REQ, clientId = 0, token = 82, payloadLen = 20, result = 0, payload.size() = 20
11-19 17:11:05.766 D/commandrouter( 1117): mcu_healthcheck_946 (1, merlot:mcu_health:control): <ServiceResponse> FORWARDED (remote -> local) CR token ID = 82, service client ID = 6, token ID = 585, result = 0
11-19 17:11:06.111 W/wificond(  906): Scan is not started. Ignore abort request
11-19 17:11:07.059 D/commandrouter( 1117): SocServiceHandle::onServiceMessage, SoC Service = mcu_healthcheck_1118, appType = 1, type = SVC_REQ, clientId = 0, token = 165, payloadLen = 12, result = 0, payload.size() = 12
11-19 17:11:07.062 D/commandrouter( 1117): mcu_healthcheck_1118 (1, merlot:mcu_health:control): <ServiceResponse> FORWARDED (remote -> local) CR token ID = 165, service client ID = 40, token ID = 586, result = 0
11-19 17:11:07.063 D/mculinkhealth( 1118): isMcuReachable 1 (3 ms)
11-19 17:11:07.377 E/NetlinkEvent(  459): NetlinkEvent::FindParam(): Parameter 'INTERFACE' not found
11-19 17:11:07.377 E/NetlinkEvent(  459): NetlinkEvent::FindParam(): Parameter 'STATE' not found
11-19 17:11:07.377 E/NetlinkEvent(  459): NetlinkEvent::FindParam(): Parameter 'TIME_NS' not found
11-19 17:11:07.377 E/NetlinkEvent(  459): NetlinkEvent::FindParam(): Parameter 'UID' not found
11-19 17:11:12.270 D/commandrouter( 1117): rtc_sync (1, rtc:sync): <ServiceRequest> FORWARDED (remote -> local) service client ID = 0, token ID = 33265
11-19 17:11:12.271 D/commandrouter( 1117): SocServiceHandle::onServiceMessage, SoC Service = rtc_sync, appType = 1, type = SVC_RESP, clientId = 0, token = 33265, payloadLen = 8, result = 0, payload.size() = 8
11-19 17:11:22.270 D/commandrouter( 1117): rtc_sync (1, rtc:sync): <ServiceRequest> FORWARDED (remote -> local) service client ID = 0, token ID = 33266
11-19 17:11:22.271 D/commandrouter( 1117): SocServiceHandle::onServiceMessage, SoC Service = rtc_sync, appType = 1, type = SVC_RESP, clientId = 0, token = 33266, payloadLen = 8, result = 0, payload.size() = 8
11-19 17:11:26.317 I/chatty  ( 1194): uid=1000(system) android.ui expire 12 lines
11-19 17:11:29.151 I/chatty  ( 1194): uid=1000(system) Binder:1194_1A expire 4 lines
11-19 17:11:32.271 D/commandrouter( 1117): rtc_sync (1, rtc:sync): <ServiceRequest> FORWARDED (remote -> local) service client ID = 0, token ID = 33267
11-19 17:11:32.272 D/commandrouter( 1117): SocServiceHandle::onServiceMessage, SoC Service = rtc_sync, appType = 1, type = SVC_RESP, clientId = 0, token = 33267, payloadLen = 8, result = 0, payload.size() = 8
11-19 17:11:37.064 D/commandrouter( 1117): SocServiceHandle::onServiceMessage, SoC Service = mcu_healthcheck_1118, appType = 1, type = SVC_REQ, clientId = 0, token = 166, payloadLen = 12, result = 0, payload.size() = 12
11-19 17:11:37.067 D/commandrouter( 1117): mcu_healthcheck_1118 (1, merlot:mcu_health:control): <ServiceResponse> FORWARDED (remote -> local) CR token ID = 166, service client ID = 40, token ID = 587, result = 0
11-19 17:11:37.067 D/mculinkhealth( 1118): isMcuReachable 1 (3 ms)
11-19 17:11:37.346 I/chatty  ( 1194): uid=1000(system) ConnectivitySer expire 41 lines
11-19 17:11:37.502 E/NetlinkEvent(  459): NetlinkEvent::FindParam(): Parameter 'INTERFACE' not found
11-19 17:11:37.502 E/NetlinkEvent(  459): NetlinkEvent::FindParam(): Parameter 'STATE' not found
11-19 17:11:37.502 E/NetlinkEvent(  459): NetlinkEvent::FindParam(): Parameter 'TIME_NS' not found
11-19 17:11:37.502 E/NetlinkEvent(  459): NetlinkEvent::FindParam(): Parameter 'UID' not found
11-19 17:11:42.272 D/commandrouter( 1117): rtc_sync (1, rtc:sync): <ServiceRequest> FORWARDED (remote -> local) service client ID = 0, token ID = 33268
11-19 17:11:42.273 D/commandrouter( 1117): SocServiceHandle::onServiceMessage, SoC Service = rtc_sync, appType = 1, type = SVC_RESP, clientId = 0, token = 33268, payloadLen = 8, result = 0, payload.size() = 8
11-19 17:11:52.269 D/commandrouter( 1117): rtc_sync (1, rtc:sync): <ServiceRequest> FORWARDED (remote -> local) service client ID = 0, token ID = 33269
11-19 17:11:52.269 D/commandrouter( 1117): SocServiceHandle::onServiceMessage, SoC Service = rtc_sync, appType = 1, type = SVC_RESP, clientId = 0, token = 33269, payloadLen = 8, result = 0, payload.size() = 8
11-19 17:11:56.310 W/wificond(  906): Scan is not started. Ignore abort request
11-19 17:11:57.521 E/NetlinkEvent(  459): NetlinkEvent::FindParam(): Parameter 'INTERFACE' not found
11-19 17:11:57.521 E/NetlinkEvent(  459): NetlinkEvent::FindParam(): Parameter 'STATE' not found
11-19 17:11:57.521 E/NetlinkEvent(  459): NetlinkEvent::FindParam(): Parameter 'TIME_NS' not found
11-19 17:11:57.521 E/NetlinkEvent(  459): NetlinkEvent::FindParam(): Parameter 'UID' not found
11-19 17:11:58.321 I/chatty  ( 1194): uid=1000 system_server expire 1 line
11-19 17:12:02.266 D/commandrouter( 1117): rtc_sync (1, rtc:sync): <ServiceRequest> FORWARDED (remote -> local) service client ID = 0, token ID = 33270
11-19 17:12:02.267 D/commandrouter( 1117): SocServiceHandle::onServiceMessage, SoC Service = rtc_sync, appType = 1, type = SVC_RESP, clientId = 0, token = 33270, payloadLen = 8, result = 0, payload.size() = 8
11-19 17:12:05.767 D/commandrouter( 1117): SocServiceHandle::onServiceMessage, SoC Service = mcu_healthcheck_946, appType = 1, type = SVC_REQ, clientId = 0, token = 83, payloadLen = 20, result = 0, payload.size() = 20
11-19 17:12:05.770 D/commandrouter( 1117): mcu_healthcheck_946 (1, merlot:mcu_health:control): <ServiceResponse> FORWARDED (remote -> local) CR token ID = 83, service client ID = 6, token ID = 588, result = 0
11-19 17:12:07.068 D/commandrouter( 1117): SocServiceHandle::onServiceMessage, SoC Service = mcu_healthcheck_1118, appType = 1, type = SVC_REQ, clientId = 0, token = 167, payloadLen = 12, result = 0, payload.size() = 12
11-19 17:12:07.071 D/commandrouter( 1117): mcu_healthcheck_1118 (1, merlot:mcu_health:control): <ServiceResponse> FORWARDED (remote -> local) CR token ID = 167, service client ID = 40, token ID = 589, result = 0
11-19 17:12:07.073 D/mculinkhealth( 1118): isMcuReachable 1 (4 ms)
11-19 17:12:12.266 D/commandrouter( 1117): rtc_sync (1, rtc:sync): <ServiceRequest> FORWARDED (remote -> local) service client ID = 0, token ID = 33271
11-19 17:12:12.266 D/commandrouter( 1117): SocServiceHandle::onServiceMessage, SoC Service = rtc_sync, appType = 1, type = SVC_RESP, clientId = 0, token = 33271, payloadLen = 8, result = 0, payload.size() = 8
11-19 17:12:16.717 I/chatty  ( 1194): uid=1000(system) android.ui expire 12 lines
11-19 17:12:20.145 I/chatty  ( 1194): uid=1000(system) Binder:1194_9 expire 2 lines
11-19 17:12:20.259 I/chatty  ( 1194): uid=1000(system) Binder:1194_13 expire 3 lines
11-19 17:12:22.261 D/commandrouter( 1117): rtc_sync (1, rtc:sync): <ServiceRequest> FORWARDED (remote -> local) service client ID = 0, token ID = 33272
11-19 17:12:22.261 D/commandrouter( 1117): SocServiceHandle::onServiceMessage, SoC Service = rtc_sync, appType = 1, type = SVC_RESP, clientId = 0, token = 33272, payloadLen = 8, result = 0, payload.size() = 8
11-19 17:12:27.516 I/chatty  ( 1194): uid=1000(system) ConnectivitySer expire 41 lines
11-19 17:12:28.456 E/NetlinkEvent(  459): NetlinkEvent::FindParam(): Parameter 'INTERFACE' not found
11-19 17:12:28.457 E/NetlinkEvent(  459): NetlinkEvent::FindParam(): Parameter 'STATE' not found
11-19 17:12:28.457 E/NetlinkEvent(  459): NetlinkEvent::FindParam(): Parameter 'TIME_NS' not found
11-19 17:12:28.457 E/NetlinkEvent(  459): NetlinkEvent::FindParam(): Parameter 'UID' not found
11-19 17:12:32.248 D/commandrouter( 1117): rtc_sync (1, rtc:sync): <ServiceRequest> FORWARDED (remote -> local) service client ID = 0, token ID = 33273
11-19 17:12:32.249 D/commandrouter( 1117): SocServiceHandle::onServiceMessage, SoC Service = rtc_sync, appType = 1, type = SVC_RESP, clientId = 0, token = 33273, payloadLen = 8, result = 0, payload.size() = 8
11-19 17:12:37.074 D/commandrouter( 1117): SocServiceHandle::onServiceMessage, SoC Service = mcu_healthcheck_1118, appType = 1, type = SVC_REQ, clientId = 0, token = 168, payloadLen = 12, result = 0, payload.size() = 12
11-19 17:12:37.077 D/commandrouter( 1117): mcu_healthcheck_1118 (1, merlot:mcu_health:control): <ServiceResponse> FORWARDED (remote -> local) CR token ID = 168, service client ID = 40, token ID = 590, result = 0
11-19 17:12:37.078 D/mculinkhealth( 1118): isMcuReachable 1 (4 ms)
11-19 17:12:40.153 I/chatty  ( 1194): uid=1000(system) Binder:1194_14 expire 8 lines
11-19 17:12:42.232 D/commandrouter( 1117): rtc_sync (1, rtc:sync): <ServiceRequest> FORWARDED (remote -> local) service client ID = 0, token ID = 33274
11-19 17:12:42.233 D/commandrouter( 1117): SocServiceHandle::onServiceMessage, SoC Service = rtc_sync, appType = 1, type = SVC_RESP, clientId = 0, token = 33274, payloadLen = 8, result = 0, payload.size() = 8
11-19 17:12:47.202 W/wificond(  906): Scan is not started. Ignore abort request
11-19 17:12:49.456 E/NetlinkEvent(  459): NetlinkEvent::FindParam(): Parameter 'INTERFACE' not found
11-19 17:12:49.456 E/NetlinkEvent(  459): NetlinkEvent::FindParam(): Parameter 'STATE' not found
11-19 17:12:49.456 E/NetlinkEvent(  459): NetlinkEvent::FindParam(): Parameter 'TIME_NS' not found
11-19 17:12:49.456 E/NetlinkEvent(  459): NetlinkEvent::FindParam(): Parameter 'UID' not found
11-19 17:12:52.220 D/commandrouter( 1117): rtc_sync (1, rtc:sync): <ServiceRequest> FORWARDED (remote -> local) service client ID = 0, token ID = 33275
11-19 17:12:52.221 D/commandrouter( 1117): SocServiceHandle::onServiceMessage, SoC Service = rtc_sync, appType = 1, type = SVC_RESP, clientId = 0, token = 33275, payloadLen = 8, result = 0, payload.size() = 8
11-19 17:13:02.206 D/commandrouter( 1117): rtc_sync (1, rtc:sync): <ServiceRequest> FORWARDED (remote -> local) service client ID = 0, token ID = 33276
11-19 17:13:02.207 D/commandrouter( 1117): SocServiceHandle::onServiceMessage, SoC Service = rtc_sync, appType = 1, type = SVC_RESP, clientId = 0, token = 33276, payloadLen = 8, result = 0, payload.size() = 8
11-19 17:13:05.772 D/commandrouter( 1117): SocServiceHandle::onServiceMessage, SoC Service = mcu_healthcheck_946, appType = 1, type = SVC_REQ, clientId = 0, token = 84, payloadLen = 20, result = 0, payload.size() = 20
11-19 17:13:05.776 D/commandrouter( 1117): mcu_healthcheck_946 (1, merlot:mcu_health:control): <ServiceResponse> FORWARDED (remote -> local) CR token ID = 84, service client ID = 6, token ID = 591, result = 0
11-19 17:13:07.079 D/commandrouter( 1117): SocServiceHandle::onServiceMessage, SoC Service = mcu_healthcheck_1118, appType = 1, type = SVC_REQ, clientId = 0, token = 169, payloadLen = 12, result = 0, payload.size() = 12
11-19 17:13:07.110 D/commandrouter( 1117): mcu_healthcheck_1118 (1, merlot:mcu_health:control): <ServiceResponse> FORWARDED (remote -> local) CR token ID = 169, service client ID = 40, token ID = 592, result = 0
11-19 17:13:07.111 D/mculinkhealth( 1118): isMcuReachable 1 (32 ms)
11-19 17:13:07.681 I/chatty  ( 1194): uid=1000(system) android.ui expire 12 lines
11-19 17:13:10.261 I/chatty  ( 1194): uid=1000(system) Binder:1194_17 expire 3 lines
11-19 17:13:12.191 D/commandrouter( 1117): rtc_sync (1, rtc:sync): <ServiceRequest> FORWARDED (remote -> local) service client ID = 0, token ID = 33277
11-19 17:13:12.191 D/commandrouter( 1117): SocServiceHandle::onServiceMessage, SoC Service = rtc_sync, appType = 1, type = SVC_RESP, clientId = 0, token = 33277, payloadLen = 8, result = 0, payload.size() = 8
11-19 17:13:17.892 I/chatty  ( 1194): uid=1000 system_server expire 1 line
11-19 17:13:18.369 I/chatty  ( 1194): uid=1000(system) ConnectivitySer expire 9 lines
11-19 17:13:18.537 E/NetlinkEvent(  459): NetlinkEvent::FindParam(): Parameter 'INTERFACE' not found
11-19 17:13:18.537 E/NetlinkEvent(  459): NetlinkEvent::FindParam(): Parameter 'STATE' not found
11-19 17:13:18.537 E/NetlinkEvent(  459): NetlinkEvent::FindParam(): Parameter 'TIME_NS' not found
11-19 17:13:18.537 E/NetlinkEvent(  459): NetlinkEvent::FindParam(): Parameter 'UID' not found
11-19 17:13:18.617 I/chatty  ( 1194): uid=1000 system_server expire 2 lines
11-19 17:13:22.188 D/commandrouter( 1117): rtc_sync (1, rtc:sync): <ServiceRequest> FORWARDED (remote -> local) service client ID = 0, token ID = 33278
11-19 17:13:22.189 D/commandrouter( 1117): SocServiceHandle::onServiceMessage, SoC Service = rtc_sync, appType = 1, type = SVC_RESP, clientId = 0, token = 33278, payloadLen = 8, result = 0, payload.size() = 8
11-19 17:13:32.188 D/commandrouter( 1117): rtc_sync (1, rtc:sync): <ServiceRequest> FORWARDED (remote -> local) service client ID = 0, token ID = 33279
11-19 17:13:32.188 D/commandrouter( 1117): SocServiceHandle::onServiceMessage, SoC Service = rtc_sync, appType = 1, type = SVC_RESP, clientId = 0, token = 33279, payloadLen = 8, result = 0, payload.size() = 8
11-19 17:13:36.339 I/chatty  ( 1194): uid=1000(system) ActivityManager expire 1 line
11-19 17:13:36.341 W/wificond(  906): Scan is not started. Ignore abort request
11-19 17:13:36.737 D/ConnectivityService( 1194): registerNetworkAgent NetworkAgentInfo{ ni{[type: WIFI[], state: UNKNOWN/IDLE, reason: (unspecified), extra: , failover: false, available: true, roaming: false]}  network{111}  nethandle{480147066893}  lp{{InterfaceName: wlan0 LinkAddresses: [ ] DnsAddresses: [ ] Domains: null MTU: 0 Routes: [ ]}}  nc{[ Transports: WIFI Capabilities: NOT_METERED&INTERNET&NOT_RESTRICTED&TRUSTED&NOT_VPN&NOT_ROAMING&FOREGROUND&NOT_CONGESTED&NOT_SUSPENDED LinkUpBandwidth>=72000Kbps LinkDnBandwidth>=72000Kbps OwnerUid: 1000 SSID: "MTBF_Lab" RequestorUid: -1 RequestorPackageName: null]}  Score{20}  everValidated{false}  lastValidated{false}  created{false} lingering{false} explicitlySelected{false} acceptUnvalidated{false} everCaptivePortalDetected{false} lastCaptivePortalDetected{false} partialConnectivity{false} acceptPartialConnectivity{false} clat{mBaseIface: null, mIface: null, mState: IDLE} }
11-19 17:13:36.751 D/ConnectivityService( 1194): [111 WIFI] EVENT_NETWORK_INFO_CHANGED, going from UNKNOWN to UNKNOWN
11-19 17:13:36.893 D/ConnectivityService( 1194): NetReassign [no changes]
11-19 17:13:36.926 I/Nat464Xlat( 1194): Android Xlat is disabled
11-19 17:13:36.926 I/Nat464Xlat( 1194): Android Xlat is disabled
11-19 17:13:37.042 E/ConnectivityService( 1194): Exception in networkAddRouteParcel for non-gateway: android.os.ServiceSpecificException: Machine is not on the network (code 64)
11-19 17:13:37.044 E/ConnectivityService( 1194): Exception in networkAddRouteParcel for gateway: android.os.ServiceSpecificException: Machine is not on the network (code 64)
11-19 17:13:37.044 I/Nat464Xlat( 1194): Android Xlat is disabled
11-19 17:13:37.044 I/Nat464Xlat( 1194): Android Xlat is disabled
11-19 17:13:37.110 D/ConnectivityService( 1194): Setting DNS servers for network 111 to [/192.168.1.1]
11-19 17:13:37.111 I/Nat464Xlat( 1194): Android Xlat is disabled
11-19 17:13:37.111 I/Nat464Xlat( 1194): Android Xlat is disabled
11-19 17:13:37.112 D/commandrouter( 1117): SocServiceHandle::onServiceMessage, SoC Service = mcu_healthcheck_1118, appType = 1, type = SVC_REQ, clientId = 0, token = 170, payloadLen = 12, result = 0, payload.size() = 12
11-19 17:13:37.115 D/commandrouter( 1117): mcu_healthcheck_1118 (1, merlot:mcu_health:control): <ServiceResponse> FORWARDED (remote -> local) CR token ID = 170, service client ID = 40, token ID = 593, result = 0
11-19 17:13:37.119 D/mculinkhealth( 1118): isMcuReachable 1 (7 ms)
11-19 17:13:37.187 D/ConnectivityService( 1194): [111 WIFI] EVENT_NETWORK_INFO_CHANGED, going from UNKNOWN to CONNECTED
11-19 17:13:37.199 D/DnsManager( 1194): sendDnsConfigurationForNetwork(111, [192.168.1.1], [], 1800, 25, 8, 64, 0, 0, , [])
11-19 17:13:37.201 W/DnsManager( 1194): updatePrivateDns(111, PrivateDnsConfig{true:/[]})
11-19 17:13:37.201 D/ConnectivityService( 1194): Setting DNS servers for network 111 to [/192.168.1.1]
11-19 17:13:37.202 D/DnsManager( 1194): sendDnsConfigurationForNetwork(111, [192.168.1.1], [], 1800, 25, 8, 64, 0, 0, , [192.168.1.1])
11-19 17:13:37.207 D/ConnectivityService( 1194): Adding iface wlan0 to network 111
11-19 17:13:37.233 D/ConnectivityService( 1194): Setting DNS servers for network 111 to [/192.168.1.1]
11-19 17:13:37.234 D/DnsManager( 1194): sendDnsConfigurationForNetwork(111, [192.168.1.1], [], 1800, 25, 8, 64, 0, 0, , [192.168.1.1])
11-19 17:13:37.235 I/Nat464Xlat( 1194): Android Xlat is disabled
11-19 17:13:37.236 I/Nat464Xlat( 1194): Android Xlat is disabled
11-19 17:13:37.291 D/ConnectivityService( 1194): NetReassign [no changes]
11-19 17:13:37.438 D/ConnectivityService( 1194): [111 WIFI] validation passed
11-19 17:13:37.439 D/ConnectivityService( 1194): NetReassign [8 : 100 → 111, 20 : 100 → 111, 46 : 100 → 111, 52 : 100 → 111, 45 : 100 → 111, 54 : 100 → 111, 12 : 100 → 111, 22 : 100 → 111, 16 : 100 → 111, 49 : 100 → 111, 14 : 100 → 111, 50 : 100 → 111, 18 : 100 → 111, 53 : 100 → 111, 78 : 100 → 111, 11 : 100 → 111, 1 : 100 → 111, 69 : 100 → 111, 17 : 100 → 111]
11-19 17:13:37.446 E/NetlinkEvent(  459): NetlinkEvent::FindParam(): Parameter 'INTERFACE' not found
11-19 17:13:37.446 E/NetlinkEvent(  459): NetlinkEvent::FindParam(): Parameter 'STATE' not found
11-19 17:13:37.446 E/NetlinkEvent(  459): NetlinkEvent::FindParam(): Parameter 'TIME_NS' not found
11-19 17:13:37.446 E/NetlinkEvent(  459): NetlinkEvent::FindParam(): Parameter 'UID' not found
11-19 17:13:37.462 D/ConnectivityService( 1194): Switching to new default network: NetworkAgentInfo{ ni{[type: WIFI[], state: CONNECTED/CONNECTED, reason: (unspecified), extra: , failover: false, available: true, roaming: false]}  network{111}  nethandle{480147066893}  lp{{InterfaceName: wlan0 LinkAddresses: [ 192.168.1.39/24 ] DnsAddresses: [ /192.168.1.1 ] Domains: null MTU: 0 ServerAddress: /192.168.1.1 TcpBufferSizes: 524288,1048576,2097152,262144,524288,1048576 Routes: [ fe80::/64 -> :: wlan0 mtu 0,192.168.1.0/24 -> 0.0.0.0 wlan0 mtu 0,0.0.0.0/0 -> 192.168.1.1 wlan0 mtu 0 ]}}  nc{[ Transports: WIFI Capabilities: NOT_METERED&INTERNET&NOT_RESTRICTED&TRUSTED&NOT_VPN&VALIDATED&NOT_ROAMING&FOREGROUND&NOT_CONGESTED&NOT_SUSPENDED LinkUpBandwidth>=69000Kbps LinkDnBandwidth>=69000Kbps SignalStrength: -34 OwnerUid: 1000 SSID: "MTBF_Lab" RequestorUid: -1 RequestorPackageName: null]}  Score{60}  everValidated{true}  lastValidated{true}  created{true} lingering{false} explicitlySelected{false} acceptUnvalidated{false} everCaptivePortalDetected{false} lastCaptivePortalDetected{false} partialConnectivity{false} acceptPartialConnectivity{false} clat{mBaseIface: null, mIface: null, mState: IDLE} }
11-19 17:13:37.598 D/ConnectivityService( 1194): Lingering [100 CELLULAR] for 30000ms
11-19 17:13:37.600 D/ConnectivityService( 1194): Sending DISCONNECTED broadcast for type 0 [100 CELLULAR] isDefaultNetwork=true
11-19 17:13:37.603 D/ConnectivityService( 1194): Sending CONNECTED broadcast for type 1 [111 WIFI] isDefaultNetwork=true
11-19 17:13:37.640 D/ConnectivityService( 1194): Setting DNS servers for network 111 to [/192.168.1.1]
11-19 17:13:37.640 D/DnsManager( 1194): sendDnsConfigurationForNetwork(111, [192.168.1.1], [], 1800, 25, 8, 64, 0, 0, , [192.168.1.1])
11-19 17:13:38.222 I/Nat464Xlat( 1194): Android Xlat is disabled
11-19 17:13:38.223 I/Nat464Xlat( 1194): Android Xlat is disabled
11-19 17:13:42.188 D/commandrouter( 1117): rtc_sync (1, rtc:sync): <ServiceRequest> FORWARDED (remote -> local) service client ID = 0, token ID = 33280
11-19 17:13:42.189 D/commandrouter( 1117): SocServiceHandle::onServiceMessage, SoC Service = rtc_sync, appType = 1, type = SVC_RESP, clientId = 0, token = 33280, payloadLen = 8, result = 0, payload.size() = 8
11-19 17:13:52.185 D/commandrouter( 1117): rtc_sync (1, rtc:sync): <ServiceRequest> FORWARDED (remote -> local) service client ID = 0, token ID = 33281
11-19 17:13:52.186 D/commandrouter( 1117): SocServiceHandle::onServiceMessage, SoC Service = rtc_sync, appType = 1, type = SVC_RESP, clientId = 0, token = 33281, payloadLen = 8, result = 0, payload.size() = 8
11-19 17:13:56.732 D/AutofillManagerService( 1194): onBackKeyPressed()
11-19 17:13:57.788 I/chatty  ( 1194): uid=1000(system) android.ui identical 2 lines
11-19 17:13:59.003 D/AutofillManagerService( 1194): onBackKeyPressed()
11-19 17:13:59.167 W/ActivityManager( 1194): Invalid packageName: com.facebook.wearable.system.settings/com.facebook.wearable.system.settings.SettingsActivity
11-19 17:13:59.288 I/ActivityTaskManager( 1194): START u0 {flg=0x10000000 cmp=com.facebook.wearable.system.settings/.SettingsActivity} from uid 0
11-19 17:13:59.305 I/ActivityTaskManager( 1194): The Process com.facebook.wearable.system.settings Already Exists in BG. So sending its PID: 2752
11-19 17:13:59.306 W/ActivityTaskManager( 1194): Tried to set launchTime (0) < mLastActivityLaunchTime (5155569)
11-19 17:14:02.179 D/commandrouter( 1117): rtc_sync (1, rtc:sync): <ServiceRequest> FORWARDED (remote -> local) service client ID = 0, token ID = 33282
11-19 17:14:02.180 D/commandrouter( 1117): SocServiceHandle::onServiceMessage, SoC Service = rtc_sync, appType = 1, type = SVC_RESP, clientId = 0, token = 33282, payloadLen = 8, result = 0, payload.size() = 8
11-19 17:14:02.328 E/TaskPersister( 1194): File error accessing recents directory (directory doesn't exist?).
11-19 17:14:05.777 D/commandrouter( 1117): SocServiceHandle::onServiceMessage, SoC Service = mcu_healthcheck_946, appType = 1, type = SVC_REQ, clientId = 0, token = 85, payloadLen = 20, result = 0, payload.size() = 20
11-19 17:14:05.781 D/commandrouter( 1117): mcu_healthcheck_946 (1, merlot:mcu_health:control): <ServiceResponse> FORWARDED (remote -> local) CR token ID = 85, service client ID = 6, token ID = 594, result = 0
11-19 17:14:07.023 W/ContextImpl( 1194): Calling a method in the system process without a qualified user: android.app.ContextImpl.sendBroadcastMultiplePermissions:1143 android.content.Context.sendBroadcastWithMultiplePermissions:2150 com.android.server.display.WifiDisplayAdapter.handleSendStatusChangeBroadcast:440 com.android.server.display.WifiDisplayAdapter.access$1700:63 com.android.server.display.WifiDisplayAdapter$WifiDisplayHandler.handleMessage:675 
11-19 17:14:07.121 D/commandrouter( 1117): SocServiceHandle::onServiceMessage, SoC Service = mcu_healthcheck_1118, appType = 1, type = SVC_REQ, clientId = 0, token = 171, payloadLen = 12, result = 0, payload.size() = 12
11-19 17:14:07.124 D/commandrouter( 1117): mcu_healthcheck_1118 (1, merlot:mcu_health:control): <ServiceResponse> FORWARDED (remote -> local) CR token ID = 171, service client ID = 40, token ID = 595, result = 0
11-19 17:14:07.125 D/mculinkhealth( 1118): isMcuReachable 1 (4 ms)
11-19 17:14:07.439 D/ConnectivityService( 1194): handleLingerComplete for [100 CELLULAR]
11-19 17:14:07.518 D/ConnectivityService( 1194): [111 WIFI] EVENT_NETWORK_INFO_CHANGED, going from CONNECTED to DISCONNECTED
11-19 17:14:07.518 D/ConnectivityService( 1194): [111 WIFI] disconnected, was satisfying 30
11-19 17:14:07.623 I/Nat464Xlat( 1194): Android Xlat is disabled
11-19 17:14:07.627 I/Nat464Xlat( 1194): Android Xlat is disabled
11-19 17:14:07.646 D/ConnectivityService( 1194): Sending DISCONNECTED broadcast for type 1 [111 WIFI] isDefaultNetwork=true
11-19 17:14:07.657 D/ConnectivityService( 1194): NetReassign [8 : null → 100, 20 : null → 100, 46 : null → 100, 52 : null → 100, 45 : null → 100, 54 : null → 100, 12 : null → 100, 22 : null → 100, 16 : null → 100, 49 : null → 100, 14 : null → 100, 50 : null → 100, 18 : null → 100, 53 : null → 100, 78 : null → 100, 11 : null → 100, 1 : null → 100, 69 : null → 100, 17 : null → 100]
11-19 17:14:07.662 E/NetlinkEvent(  459): NetlinkEvent::FindParam(): Parameter 'INTERFACE' not found
11-19 17:14:07.662 E/NetlinkEvent(  459): NetlinkEvent::FindParam(): Parameter 'STATE' not found
11-19 17:14:07.662 E/NetlinkEvent(  459): NetlinkEvent::FindParam(): Parameter 'TIME_NS' not found
11-19 17:14:07.662 E/NetlinkEvent(  459): NetlinkEvent::FindParam(): Parameter 'UID' not found
