--------- beginning of system
11-19 17:05:05.726 D/commandrouter( 1117): SocServiceHandle::onServiceMessage, SoC Service = mcu_healthcheck_946, appType = 1, type = SVC_REQ, clientId = 0, token = 76, payloadLen = 20, result = 0, payload.size() = 20
11-19 17:05:05.730 D/commandrouter( 1117): mcu_healthcheck_946 (1, merlot:mcu_health:control): <ServiceResponse> FORWARDED (remote -> local) CR token ID = 76, service client ID = 6, token ID = 565, result = 0
11-19 17:05:06.388 I/chatty  ( 1194): uid=1000 system_server expire 1 line
11-19 17:05:06.633 I/chatty  ( 1194): uid=1000(system) android.ui expire 13 lines
11-19 17:05:06.980 D/commandrouter( 1117): SocServiceHandle::onServiceMessage, SoC Service = mcu_healthcheck_1118, appType = 1, type = SVC_REQ, clientId = 0, token = 153, payloadLen = 12, result = 0, payload.size() = 12
11-19 17:05:06.985 D/commandrouter( 1117): mcu_healthcheck_1118 (1, merlot:mcu_health:control): <ServiceResponse> FORWARDED (remote -> local) CR token ID = 153, service client ID = 40, token ID = 566, result = 0
11-19 17:05:06.986 D/mculinkhealth( 1118): isMcuReachable 1 (6 ms)
11-19 17:05:08.161 I/chatty  ( 1194): uid=1000(system) LazyTaskWriterT expire 3 lines
11-19 17:05:12.429 D/commandrouter( 1117): rtc_sync (1, rtc:sync): <ServiceRequest> FORWARDED (remote -> local) service client ID = 0, token ID = 33229
11-19 17:05:12.430 D/commandrouter( 1117): SocServiceHandle::onServiceMessage, SoC Service = rtc_sync, appType = 1, type = SVC_RESP, clientId = 0, token = 33229, payloadLen = 8, result = 0, payload.size() = 8
11-19 17:05:19.156 I/chatty  ( 1194): uid=1000(system) Binder:1194_1A expire 4 lines
11-19 17:05:22.423 D/commandrouter( 1117): rtc_sync (1, rtc:sync): <ServiceRequest> FORWARDED (remote -> local) service client ID = 0, token ID = 33230
11-19 17:05:22.424 D/commandrouter( 1117): SocServiceHandle::onServiceMessage, SoC Service = rtc_sync, appType = 1, type = SVC_RESP, clientId = 0, token = 33230, payloadLen = 8, result = 0, payload.size() = 8
11-19 17:05:23.788 I/chatty  ( 1194): uid=1000(system) DeviceStorageMo expire 2 lines
11-19 17:05:27.157 I/chatty  ( 1194): uid=1000(system) Binder:1194_11 expire 4 lines
11-19 17:05:32.414 D/commandrouter( 1117): rtc_sync (1, rtc:sync): <ServiceRequest> FORWARDED (remote -> local) service client ID = 0, token ID = 33231
11-19 17:05:32.415 D/commandrouter( 1117): SocServiceHandle::onServiceMessage, SoC Service = rtc_sync, appType = 1, type = SVC_RESP, clientId = 0, token = 33231, payloadLen = 8, result = 0, payload.size() = 8
11-19 17:05:33.897 I/chatty  ( 1194): uid=1000(system) android.display expire 1 line
11-19 17:05:34.853 I/chatty  ( 1194): uid=1000(system) WifiP2pService expire 2 lines
11-19 17:05:34.854 I/chatty  ( 1194): uid=1000(system) ActivityManager expire 1 line
11-19 17:05:36.986 D/commandrouter( 1117): SocServiceHandle::onServiceMessage, SoC Service = mcu_healthcheck_1118, appType = 1, type = SVC_REQ, clientId = 0, token = 154, payloadLen = 12, result = 0, payload.size() = 12
11-19 17:05:36.990 D/commandrouter( 1117): mcu_healthcheck_1118 (1, merlot:mcu_health:control): <ServiceResponse> FORWARDED (remote -> local) CR token ID = 154, service client ID = 40, token ID = 567, result = 0
11-19 17:05:36.990 D/mculinkhealth( 1118): isMcuReachable 1 (4 ms)
11-19 17:05:37.384 I/chatty  ( 1194): uid=1000(system) WifiHandlerThre expire 2 lines
11-19 17:05:37.681 W/wificond(  906): Scan is not started. Ignore abort request
11-19 17:05:38.346 I/chatty  ( 1194): uid=1000(system) ConnectivitySer expire 34 lines
11-19 17:05:39.922 E/NetlinkEvent(  459): NetlinkEvent::FindParam(): Parameter 'INTERFACE' not found
11-19 17:05:39.922 E/NetlinkEvent(  459): NetlinkEvent::FindParam(): Parameter 'STATE' not found
11-19 17:05:39.922 E/NetlinkEvent(  459): NetlinkEvent::FindParam(): Parameter 'TIME_NS' not found
11-19 17:05:39.922 E/NetlinkEvent(  459): NetlinkEvent::FindParam(): Parameter 'UID' not found
11-19 17:05:40.232 I/chatty  ( 1194): uid=1000 system_server expire 1 line
11-19 17:05:40.233 I/chatty  ( 1194): uid=1000(system) ActivityManager expire 7 lines
11-19 17:05:41.501 I/chatty  ( 1194): uid=1000(system) Binder:1194_19 expire 4 lines
11-19 17:05:42.409 D/commandrouter( 1117): rtc_sync (1, rtc:sync): <ServiceRequest> FORWARDED (remote -> local) service client ID = 0, token ID = 33232
11-19 17:05:42.410 D/commandrouter( 1117): SocServiceHandle::onServiceMessage, SoC Service = rtc_sync, appType = 1, type = SVC_RESP, clientId = 0, token = 33232, payloadLen = 8, result = 0, payload.size() = 8
11-19 17:05:47.547 I/chatty  ( 1194): uid=1000(system) android.ui expire 10 lines
11-19 17:05:52.156 I/chatty  ( 1194): uid=1000(system) LazyTaskWriterT expire 2 lines
11-19 17:05:52.399 D/commandrouter( 1117): rtc_sync (1, rtc:sync): <ServiceRequest> FORWARDED (remote -> local) service client ID = 0, token ID = 33233
11-19 17:05:52.399 D/commandrouter( 1117): SocServiceHandle::onServiceMessage, SoC Service = rtc_sync, appType = 1, type = SVC_RESP, clientId = 0, token = 33233, payloadLen = 8, result = 0, payload.size() = 8
11-19 17:05:54.153 I/chatty  ( 1194): uid=1000(system) Binder:1194_1A expire 4 lines
11-19 17:06:02.391 D/commandrouter( 1117): rtc_sync (1, rtc:sync): <ServiceRequest> FORWARDED (remote -> local) service client ID = 0, token ID = 33234
11-19 17:06:02.392 D/commandrouter( 1117): SocServiceHandle::onServiceMessage, SoC Service = rtc_sync, appType = 1, type = SVC_RESP, clientId = 0, token = 33234, payloadLen = 8, result = 0, payload.size() = 8
11-19 17:06:05.732 D/commandrouter( 1117): SocServiceHandle::onServiceMessage, SoC Service = mcu_healthcheck_946, appType = 1, type = SVC_REQ, clientId = 0, token = 77, payloadLen = 20, result = 0, payload.size() = 20
11-19 17:06:05.736 D/commandrouter( 1117): mcu_healthcheck_946 (1, merlot:mcu_health:control): <ServiceResponse> FORWARDED (remote -> local) CR token ID = 77, service client ID = 6, token ID = 568, result = 0
11-19 17:06:06.992 D/commandrouter( 1117): SocServiceHandle::onServiceMessage, SoC Service = mcu_healthcheck_1118, appType = 1, type = SVC_REQ, clientId = 0, token = 155, payloadLen = 12, result = 0, payload.size() = 12
11-19 17:06:06.996 D/commandrouter( 1117): mcu_healthcheck_1118 (1, merlot:mcu_health:control): <ServiceResponse> FORWARDED (remote -> local) CR token ID = 155, service client ID = 40, token ID = 569, result = 0
11-19 17:06:06.997 D/mculinkhealth( 1118): isMcuReachable 1 (5 ms)
11-19 17:06:09.914 I/chatty  ( 1194): uid=1000(system) ConnectivitySer expire 1 line
11-19 17:06:12.383 D/commandrouter( 1117): rtc_sync (1, rtc:sync): <ServiceRequest> FORWARDED (remote -> local) service client ID = 0, token ID = 33235
11-19 17:06:12.384 D/commandrouter( 1117): SocServiceHandle::onServiceMessage, SoC Service = rtc_sync, appType = 1, type = SVC_RESP, clientId = 0, token = 33235, payloadLen = 8, result = 0, payload.size() = 8
11-19 17:06:19.385 I/chatty  ( 1194): uid=1000 system_server expire 1 line
11-19 17:06:22.379 D/commandrouter( 1117): rtc_sync (1, rtc:sync): <ServiceRequest> FORWARDED (remote -> local) service client ID = 0, token ID = 33236
11-19 17:06:22.379 D/commandrouter( 1117): SocServiceHandle::onServiceMessage, SoC Service = rtc_sync, appType = 1, type = SVC_RESP, clientId = 0, token = 33236, payloadLen = 8, result = 0, payload.size() = 8
11-19 17:06:22.606 I/chatty  ( 1194): uid=1000(system) android.ui expire 2 lines
11-19 17:06:23.863 I/chatty  ( 1194): uid=1000(system) DeviceStorageMo expire 2 lines
11-19 17:06:24.145 I/chatty  ( 1194): uid=1000(system) Binder:1194_D expire 4 lines
11-19 17:06:27.180 I/chatty  ( 1194): uid=1000(system) LazyTaskWriterT expire 3 lines
11-19 17:06:31.903 I/chatty  ( 1194): uid=1000(system) android.display expire 2 lines
11-19 17:06:32.375 D/commandrouter( 1117): rtc_sync (1, rtc:sync): <ServiceRequest> FORWARDED (remote -> local) service client ID = 0, token ID = 33237
11-19 17:06:32.376 D/commandrouter( 1117): SocServiceHandle::onServiceMessage, SoC Service = rtc_sync, appType = 1, type = SVC_RESP, clientId = 0, token = 33237, payloadLen = 8, result = 0, payload.size() = 8
11-19 17:06:32.553 I/chatty  ( 1194): uid=1000(system) ConnectivitySer expire 18 lines
11-19 17:06:32.760 I/chatty  ( 1194): uid=1000 system_server expire 3 lines
11-19 17:06:32.761 E/NetlinkEvent(  459): NetlinkEvent::FindParam(): Parameter 'INTERFACE' not found
11-19 17:06:32.761 E/NetlinkEvent(  459): NetlinkEvent::FindParam(): Parameter 'STATE' not found
11-19 17:06:32.761 E/NetlinkEvent(  459): NetlinkEvent::FindParam(): Parameter 'TIME_NS' not found
11-19 17:06:32.761 E/NetlinkEvent(  459): NetlinkEvent::FindParam(): Parameter 'UID' not found
11-19 17:06:33.180 I/McuTransferService( 2004): Request with notification:indicator:update_request type was scheduled to sent to notification:indicator:update
11-19 17:06:33.207 I/McuTransferService( 2004): Request with notification:indicator:update_request type was sent to notification:indicator:update
11-19 17:06:33.208 D/commandrouter( 1117): SocServiceHandle::onServiceMessage, SoC Service = v, appType = 2, type = SVC_REQ, clientId = 0, token = 1, payloadLen = 20, result = 0, payload.size() = 20
11-19 17:06:33.210 D/commandrouter( 1117): v (2, notification:indicator:update): <ServiceResponse> FORWARDED (remote -> local) CR token ID = 1, service client ID = 33, token ID = 570, result = 105
11-19 17:06:33.215 D/McuTransferService( 2004): get response for request notification:indicator:update_request, response type notification:indicator:update_response
11-19 17:06:33.230 D/McuTransferService( 2004): Sent response data back for request notification:indicator:update_request
11-19 17:06:33.230 D/McuTransferService( 2004): done processing response
11-19 17:06:36.890 I/chatty  ( 1194): uid=1000(system) android.ui expire 8 lines
11-19 17:06:36.998 D/commandrouter( 1117): SocServiceHandle::onServiceMessage, SoC Service = mcu_healthcheck_1118, appType = 1, type = SVC_REQ, clientId = 0, token = 156, payloadLen = 12, result = 0, payload.size() = 12
11-19 17:06:37.002 D/commandrouter( 1117): mcu_healthcheck_1118 (1, merlot:mcu_health:control): <ServiceResponse> FORWARDED (remote -> local) CR token ID = 156, service client ID = 40, token ID = 571, result = 0
11-19 17:06:37.002 D/mculinkhealth( 1118): isMcuReachable 1 (5 ms)
11-19 17:06:42.375 D/commandrouter( 1117): rtc_sync (1, rtc:sync): <ServiceRequest> FORWARDED (remote -> local) service client ID = 0, token ID = 33238
11-19 17:06:42.375 D/commandrouter( 1117): SocServiceHandle::onServiceMessage, SoC Service = rtc_sync, appType = 1, type = SVC_RESP, clientId = 0, token = 33238, payloadLen = 8, result = 0, payload.size() = 8
11-19 17:06:44.156 I/chatty  ( 1194): uid=1000(system) Binder:1194_6 expire 4 lines
11-19 17:06:52.006 I/chatty  ( 1194): uid=1000(system) WifiP2pService expire 2 lines
11-19 17:06:52.009 I/chatty  ( 1194): uid=1000(system) ActivityManager expire 1 line
11-19 17:06:52.072 W/wificond(  906): Scan is not started. Ignore abort request
11-19 17:06:52.364 D/commandrouter( 1117): rtc_sync (1, rtc:sync): <ServiceRequest> FORWARDED (remote -> local) service client ID = 0, token ID = 33239
11-19 17:06:52.365 D/commandrouter( 1117): SocServiceHandle::onServiceMessage, SoC Service = rtc_sync, appType = 1, type = SVC_RESP, clientId = 0, token = 33239, payloadLen = 8, result = 0, payload.size() = 8
11-19 17:06:52.518 I/chatty  ( 1194): uid=1000(system) WifiHandlerThre expire 1 line
11-19 17:06:52.901 I/chatty  ( 1194): uid=1000(system) ConnectivitySer expire 22 lines
11-19 17:06:53.312 E/NetlinkEvent(  459): NetlinkEvent::FindParam(): Parameter 'INTERFACE' not found
11-19 17:06:53.312 E/NetlinkEvent(  459): NetlinkEvent::FindParam(): Parameter 'STATE' not found
11-19 17:06:53.312 E/NetlinkEvent(  459): NetlinkEvent::FindParam(): Parameter 'TIME_NS' not found
11-19 17:06:53.312 E/NetlinkEvent(  459): NetlinkEvent::FindParam(): Parameter 'UID' not found
11-19 17:07:02.367 D/commandrouter( 1117): rtc_sync (1, rtc:sync): <ServiceRequest> FORWARDED (remote -> local) service client ID = 0, token ID = 33240
11-19 17:07:02.368 D/commandrouter( 1117): SocServiceHandle::onServiceMessage, SoC Service = rtc_sync, appType = 1, type = SVC_RESP, clientId = 0, token = 33240, payloadLen = 8, result = 0, payload.size() = 8
11-19 17:07:05.738 D/commandrouter( 1117): SocServiceHandle::onServiceMessage, SoC Service = mcu_healthcheck_946, appType = 1, type = SVC_REQ, clientId = 0, token = 78, payloadLen = 20, result = 0, payload.size() = 20
11-19 17:07:05.743 D/commandrouter( 1117): mcu_healthcheck_946 (1, merlot:mcu_health:control): <ServiceResponse> FORWARDED (remote -> local) CR token ID = 78, service client ID = 6, token ID = 572, result = 0
11-19 17:07:07.004 D/commandrouter( 1117): SocServiceHandle::onServiceMessage, SoC Service = mcu_healthcheck_1118, appType = 1, type = SVC_REQ, clientId = 0, token = 157, payloadLen = 12, result = 0, payload.size() = 12
11-19 17:07:07.010 D/commandrouter( 1117): mcu_healthcheck_1118 (1, merlot:mcu_health:control): <ServiceResponse> FORWARDED (remote -> local) CR token ID = 157, service client ID = 40, token ID = 573, result = 0
11-19 17:07:07.010 D/mculinkhealth( 1118): isMcuReachable 1 (6 ms)
11-19 17:07:12.352 I/chatty  ( 1194): uid=1000(system) android.ui expire 10 lines
11-19 17:07:12.390 D/commandrouter( 1117): rtc_sync (1, rtc:sync): <ServiceRequest> FORWARDED (remote -> local) service client ID = 0, token ID = 33241
11-19 17:07:12.392 D/commandrouter( 1117): SocServiceHandle::onServiceMessage, SoC Service = rtc_sync, appType = 1, type = SVC_RESP, clientId = 0, token = 33241, payloadLen = 8, result = 0, payload.size() = 8
11-19 17:07:15.136 I/chatty  ( 1194): uid=1000(system) Binder:1194_D expire 4 lines
11-19 17:07:17.978 I/chatty  ( 1194): uid=1000(system) LazyTaskWriterT expire 2 lines
11-19 17:07:22.357 D/commandrouter( 1117): rtc_sync (1, rtc:sync): <ServiceRequest> FORWARDED (remote -> local) service client ID = 0, token ID = 33242
11-19 17:07:22.357 D/commandrouter( 1117): SocServiceHandle::onServiceMessage, SoC Service = rtc_sync, appType = 1, type = SVC_RESP, clientId = 0, token = 33242, payloadLen = 8, result = 0, payload.size() = 8
11-19 17:07:22.700 I/chatty  ( 1194): uid=1000 system_server expire 1 line
11-19 17:07:22.857 I/chatty  ( 1194): uid=1000(system) android.display expire 1 line
11-19 17:07:23.282 I/chatty  ( 1194): uid=1000(system) ConnectivitySer expire 9 lines
11-19 17:07:23.450 E/NetlinkEvent(  459): NetlinkEvent::FindParam(): Parameter 'INTERFACE' not found
11-19 17:07:23.450 E/NetlinkEvent(  459): NetlinkEvent::FindParam(): Parameter 'STATE' not found
11-19 17:07:23.450 E/NetlinkEvent(  459): NetlinkEvent::FindParam(): Parameter 'TIME_NS' not found
11-19 17:07:23.451 E/NetlinkEvent(  459): NetlinkEvent::FindParam(): Parameter 'UID' not found
11-19 17:07:23.947 I/chatty  ( 1194): uid=1000(system) DeviceStorageMo expire 2 lines
11-19 17:07:32.349 D/commandrouter( 1117): rtc_sync (1, rtc:sync): <ServiceRequest> FORWARDED (remote -> local) service client ID = 0, token ID = 33243
11-19 17:07:32.350 D/commandrouter( 1117): SocServiceHandle::onServiceMessage, SoC Service = rtc_sync, appType = 1, type = SVC_RESP, clientId = 0, token = 33243, payloadLen = 8, result = 0, payload.size() = 8
11-19 17:07:32.632 I/chatty  ( 1194): uid=1000(system) android.ui expire 2 lines
11-19 17:07:34.154 I/chatty  ( 1194): uid=1000(system) Binder:1194_7 expire 1 line
11-19 17:07:34.287 I/chatty  ( 1194): uid=1000(system) Binder:1194_6 expire 3 lines
11-19 17:07:37.012 D/commandrouter( 1117): SocServiceHandle::onServiceMessage, SoC Service = mcu_healthcheck_1118, appType = 1, type = SVC_REQ, clientId = 0, token = 158, payloadLen = 12, result = 0, payload.size() = 12
11-19 17:07:37.017 D/commandrouter( 1117): mcu_healthcheck_1118 (1, merlot:mcu_health:control): <ServiceResponse> FORWARDED (remote -> local) CR token ID = 158, service client ID = 40, token ID = 574, result = 0
11-19 17:07:37.018 D/mculinkhealth( 1118): isMcuReachable 1 (6 ms)
11-19 17:07:38.464 I/chatty  ( 1194): uid=1000(system) LazyTaskWriterT expire 1 line
11-19 17:07:40.844 I/chatty  ( 1194): uid=1000(system) android.display expire 1 line
11-19 17:07:41.858 I/chatty  ( 1194): uid=1000(system) WifiP2pService expire 2 lines
11-19 17:07:41.860 I/chatty  ( 1194): uid=1000(system) ActivityManager expire 1 line
11-19 17:07:41.865 W/wificond(  906): Scan is not started. Ignore abort request
11-19 17:07:42.275 I/chatty  ( 1194): uid=1000(system) WifiHandlerThre expire 1 line
11-19 17:07:42.291 I/chatty  ( 1194): uid=1000(system) ConnectivitySer expire 32 lines
11-19 17:07:42.335 D/commandrouter( 1117): rtc_sync (1, rtc:sync): <ServiceRequest> FORWARDED (remote -> local) service client ID = 0, token ID = 33244
11-19 17:07:42.336 D/commandrouter( 1117): SocServiceHandle::onServiceMessage, SoC Service = rtc_sync, appType = 1, type = SVC_RESP, clientId = 0, token = 33244, payloadLen = 8, result = 0, payload.size() = 8
11-19 17:07:43.106 E/NetlinkEvent(  459): NetlinkEvent::FindParam(): Parameter 'INTERFACE' not found
11-19 17:07:43.106 E/NetlinkEvent(  459): NetlinkEvent::FindParam(): Parameter 'STATE' not found
11-19 17:07:43.106 E/NetlinkEvent(  459): NetlinkEvent::FindParam(): Parameter 'TIME_NS' not found
11-19 17:07:43.106 E/NetlinkEvent(  459): NetlinkEvent::FindParam(): Parameter 'UID' not found
11-19 17:07:52.325 D/commandrouter( 1117): rtc_sync (1, rtc:sync): <ServiceRequest> FORWARDED (remote -> local) service client ID = 0, token ID = 33245
11-19 17:07:52.326 D/commandrouter( 1117): SocServiceHandle::onServiceMessage, SoC Service = rtc_sync, appType = 1, type = SVC_RESP, clientId = 0, token = 33245, payloadLen = 8, result = 0, payload.size() = 8
11-19 17:08:02.257 I/chatty  ( 1194): uid=1000(system) android.ui expire 4 lines
11-19 17:08:02.319 D/commandrouter( 1117): rtc_sync (1, rtc:sync): <ServiceRequest> FORWARDED (remote -> local) service client ID = 0, token ID = 33246
11-19 17:08:02.320 D/commandrouter( 1117): SocServiceHandle::onServiceMessage, SoC Service = rtc_sync, appType = 1, type = SVC_RESP, clientId = 0, token = 33246, payloadLen = 8, result = 0, payload.size() = 8
11-19 17:08:05.157 I/chatty  ( 1194): uid=1000(system) Binder:1194_7 expire 4 lines
11-19 17:08:05.744 D/commandrouter( 1117): SocServiceHandle::onServiceMessage, SoC Service = mcu_healthcheck_946, appType = 1, type = SVC_REQ, clientId = 0, token = 79, payloadLen = 20, result = 0, payload.size() = 20
11-19 17:08:05.748 D/commandrouter( 1117): mcu_healthcheck_946 (1, merlot:mcu_health:control): <ServiceResponse> FORWARDED (remote -> local) CR token ID = 79, service client ID = 6, token ID = 575, result = 0
11-19 17:08:07.018 D/commandrouter( 1117): SocServiceHandle::onServiceMessage, SoC Service = mcu_healthcheck_1118, appType = 1, type = SVC_REQ, clientId = 0, token = 159, payloadLen = 12, result = 0, payload.size() = 12
11-19 17:08:07.021 D/commandrouter( 1117): mcu_healthcheck_1118 (1, merlot:mcu_health:control): <ServiceResponse> FORWARDED (remote -> local) CR token ID = 159, service client ID = 40, token ID = 576, result = 0
11-19 17:08:07.021 D/mculinkhealth( 1118): isMcuReachable 1 (3 ms)
11-19 17:08:07.839 I/chatty  ( 1194): uid=1000(system) LazyTaskWriterT expire 3 lines
11-19 17:08:12.311 D/commandrouter( 1117): rtc_sync (1, rtc:sync): <ServiceRequest> FORWARDED (remote -> local) service client ID = 0, token ID = 33247
11-19 17:08:12.311 D/commandrouter( 1117): SocServiceHandle::onServiceMessage, SoC Service = rtc_sync, appType = 1, type = SVC_RESP, clientId = 0, token = 33247, payloadLen = 8, result = 0, payload.size() = 8
11-19 17:08:12.823 I/chatty  ( 1194): uid=1000(system) android.display expire 2 lines
11-19 17:08:13.101 I/chatty  ( 1194): uid=1000(system) ConnectivitySer expire 28 lines
11-19 17:08:13.267 I/wificond(  906): Fail RSSI polling because wifi is not associated.
11-19 17:08:13.439 E/NetlinkEvent(  459): NetlinkEvent::FindParam(): Parameter 'INTERFACE' not found
11-19 17:08:13.439 E/NetlinkEvent(  459): NetlinkEvent::FindParam(): Parameter 'STATE' not found
11-19 17:08:13.439 E/NetlinkEvent(  459): NetlinkEvent::FindParam(): Parameter 'TIME_NS' not found
11-19 17:08:13.439 E/NetlinkEvent(  459): NetlinkEvent::FindParam(): Parameter 'UID' not found
11-19 17:08:15.629 I/chatty  ( 1194): uid=1000(system) android.bg expire 1 line
11-19 17:08:17.618 I/chatty  ( 1194): uid=1000(system) android.ui expire 8 lines
11-19 17:08:22.305 D/commandrouter( 1117): rtc_sync (1, rtc:sync): <ServiceRequest> FORWARDED (remote -> local) service client ID = 0, token ID = 33248
11-19 17:08:22.306 D/commandrouter( 1117): SocServiceHandle::onServiceMessage, SoC Service = rtc_sync, appType = 1, type = SVC_RESP, clientId = 0, token = 33248, payloadLen = 8, result = 0, payload.size() = 8
11-19 17:08:24.048 I/chatty  ( 1194): uid=1000(system) DeviceStorageMo expire 2 lines
11-19 17:08:24.150 I/chatty  ( 1194): uid=1000(system) Binder:1194_1 expire 1 line
11-19 17:08:24.259 I/chatty  ( 1194): uid=1000(system) Binder:1194_D expire 3 lines
11-19 17:08:28.773 I/chatty  ( 1194): uid=1000 system_server expire 1 line
11-19 17:08:32.069 I/chatty  ( 1194): uid=1000(system) WifiP2pService expire 2 lines
11-19 17:08:32.071 I/chatty  ( 1194): uid=1000(system) ActivityManager expire 1 line
11-19 17:08:32.220 W/wificond(  906): Scan is not started. Ignore abort request
11-19 17:08:32.307 D/commandrouter( 1117): rtc_sync (1, rtc:sync): <ServiceRequest> FORWARDED (remote -> local) service client ID = 0, token ID = 33249
11-19 17:08:32.310 D/commandrouter( 1117): SocServiceHandle::onServiceMessage, SoC Service = rtc_sync, appType = 1, type = SVC_RESP, clientId = 0, token = 33249, payloadLen = 8, result = 0, payload.size() = 8
11-19 17:08:32.597 I/chatty  ( 1194): uid=1000(system) WifiHandlerThre expire 1 line
11-19 17:08:33.069 I/chatty  ( 1194): uid=1000(system) ConnectivitySer expire 13 lines
11-19 17:08:33.357 E/NetlinkEvent(  459): NetlinkEvent::FindParam(): Parameter 'INTERFACE' not found
11-19 17:08:33.357 E/NetlinkEvent(  459): NetlinkEvent::FindParam(): Parameter 'STATE' not found
11-19 17:08:33.357 E/NetlinkEvent(  459): NetlinkEvent::FindParam(): Parameter 'TIME_NS' not found
11-19 17:08:33.357 E/NetlinkEvent(  459): NetlinkEvent::FindParam(): Parameter 'UID' not found
11-19 17:08:37.023 D/commandrouter( 1117): SocServiceHandle::onServiceMessage, SoC Service = mcu_healthcheck_1118, appType = 1, type = SVC_REQ, clientId = 0, token = 160, payloadLen = 12, result = 0, payload.size() = 12
11-19 17:08:37.028 D/commandrouter( 1117): mcu_healthcheck_1118 (1, merlot:mcu_health:control): <ServiceResponse> FORWARDED (remote -> local) CR token ID = 160, service client ID = 40, token ID = 577, result = 0
11-19 17:08:37.029 D/mculinkhealth( 1118): isMcuReachable 1 (5 ms)
11-19 17:08:42.304 D/commandrouter( 1117): rtc_sync (1, rtc:sync): <ServiceRequest> FORWARDED (remote -> local) service client ID = 0, token ID = 33250
11-19 17:08:42.305 D/commandrouter( 1117): SocServiceHandle::onServiceMessage, SoC Service = rtc_sync, appType = 1, type = SVC_RESP, clientId = 0, token = 33250, payloadLen = 8, result = 0, payload.size() = 8
11-19 17:08:52.301 D/commandrouter( 1117): rtc_sync (1, rtc:sync): <ServiceRequest> FORWARDED (remote -> local) service client ID = 0, token ID = 33251
11-19 17:08:52.301 D/commandrouter( 1117): SocServiceHandle::onServiceMessage, SoC Service = rtc_sync, appType = 1, type = SVC_RESP, clientId = 0, token = 33251, payloadLen = 8, result = 0, payload.size() = 8
11-19 17:08:52.320 I/chatty  ( 1194): uid=1000(system) android.ui expire 12 lines
11-19 17:08:55.139 I/chatty  ( 1194): uid=1000(system) Binder:1194_1 expire 7 lines
11-19 17:08:57.989 I/chatty  ( 1194): uid=1000(system) LazyTaskWriterT expire 3 lines
11-19 17:09:02.297 D/commandrouter( 1117): rtc_sync (1, rtc:sync): <ServiceRequest> FORWARDED (remote -> local) service client ID = 0, token ID = 33252
11-19 17:09:02.297 D/commandrouter( 1117): SocServiceHandle::onServiceMessage, SoC Service = rtc_sync, appType = 1, type = SVC_RESP, clientId = 0, token = 33252, payloadLen = 8, result = 0, payload.size() = 8
11-19 17:09:02.811 I/chatty  ( 1194): uid=1000(system) android.display expire 2 lines
11-19 17:09:03.255 I/chatty  ( 1194): uid=1000(system) ConnectivitySer expire 11 lines
11-19 17:09:03.422 E/NetlinkEvent(  459): NetlinkEvent::FindParam(): Parameter 'INTERFACE' not found
11-19 17:09:03.422 E/NetlinkEvent(  459): NetlinkEvent::FindParam(): Parameter 'STATE' not found
11-19 17:09:03.422 E/NetlinkEvent(  459): NetlinkEvent::FindParam(): Parameter 'TIME_NS' not found
11-19 17:09:03.422 E/NetlinkEvent(  459): NetlinkEvent::FindParam(): Parameter 'UID' not found
11-19 17:09:03.763 I/chatty  ( 1194): uid=1000(system) Binder:1194_7 expire 1 line
11-19 17:09:05.749 D/commandrouter( 1117): SocServiceHandle::onServiceMessage, SoC Service = mcu_healthcheck_946, appType = 1, type = SVC_REQ, clientId = 0, token = 80, payloadLen = 20, result = 0, payload.size() = 20
11-19 17:09:05.753 D/commandrouter( 1117): mcu_healthcheck_946 (1, merlot:mcu_health:control): <ServiceResponse> FORWARDED (remote -> local) CR token ID = 80, service client ID = 6, token ID = 578, result = 0
11-19 17:09:07.030 D/commandrouter( 1117): SocServiceHandle::onServiceMessage, SoC Service = mcu_healthcheck_1118, appType = 1, type = SVC_REQ, clientId = 0, token = 161, payloadLen = 12, result = 0, payload.size() = 12
11-19 17:09:07.044 D/commandrouter( 1117): mcu_healthcheck_1118 (1, merlot:mcu_health:control): <ServiceResponse> FORWARDED (remote -> local) CR token ID = 161, service client ID = 40, token ID = 579, result = 0
11-19 17:09:07.044 D/mculinkhealth( 1118): isMcuReachable 1 (14 ms)
11-19 17:09:12.298 D/commandrouter( 1117): rtc_sync (1, rtc:sync): <ServiceRequest> FORWARDED (remote -> local) service client ID = 0, token ID = 33253
11-19 17:09:12.299 D/commandrouter( 1117): SocServiceHandle::onServiceMessage, SoC Service = rtc_sync, appType = 1, type = SVC_RESP, clientId = 0, token = 33253, payloadLen = 8, result = 0, payload.size() = 8
11-19 17:09:15.155 I/chatty  ( 1194): uid=1000(system) Binder:1194_6 expire 1 line
11-19 17:09:22.298 D/commandrouter( 1117): rtc_sync (1, rtc:sync): <ServiceRequest> FORWARDED (remote -> local) service client ID = 0, token ID = 33254
11-19 17:09:22.299 D/commandrouter( 1117): SocServiceHandle::onServiceMessage, SoC Service = rtc_sync, appType = 1, type = SVC_RESP, clientId = 0, token = 33254, payloadLen = 8, result = 0, payload.size() = 8
11-19 17:09:22.980 I/chatty  ( 1194): uid=1000(system) WifiP2pService expire 2 lines
11-19 17:09:22.981 I/chatty  ( 1194): uid=1000(system) ActivityManager expire 1 line
11-19 17:09:22.993 W/wificond(  906): Scan is not started. Ignore abort request
11-19 17:09:23.403 I/chatty  ( 1194): uid=1000(system) WifiHandlerThre expire 1 line
11-19 17:09:23.428 I/chatty  ( 1194): uid=1000(system) ConnectivitySer expire 32 lines
11-19 17:09:24.148 I/chatty  ( 1194): uid=1000(system) DeviceStorageMo expire 2 lines
11-19 17:09:24.234 E/NetlinkEvent(  459): NetlinkEvent::FindParam(): Parameter 'INTERFACE' not found
11-19 17:09:24.234 E/NetlinkEvent(  459): NetlinkEvent::FindParam(): Parameter 'STATE' not found
11-19 17:09:24.234 E/NetlinkEvent(  459): NetlinkEvent::FindParam(): Parameter 'TIME_NS' not found
11-19 17:09:24.234 E/NetlinkEvent(  459): NetlinkEvent::FindParam(): Parameter 'UID' not found
11-19 17:09:32.296 D/commandrouter( 1117): rtc_sync (1, rtc:sync): <ServiceRequest> FORWARDED (remote -> local) service client ID = 0, token ID = 33255
11-19 17:09:32.297 D/commandrouter( 1117): SocServiceHandle::onServiceMessage, SoC Service = rtc_sync, appType = 1, type = SVC_RESP, clientId = 0, token = 33255, payloadLen = 8, result = 0, payload.size() = 8
11-19 17:09:37.045 D/commandrouter( 1117): SocServiceHandle::onServiceMessage, SoC Service = mcu_healthcheck_1118, appType = 1, type = SVC_REQ, clientId = 0, token = 162, payloadLen = 12, result = 0, payload.size() = 12
11-19 17:09:37.048 D/commandrouter( 1117): mcu_healthcheck_1118 (1, merlot:mcu_health:control): <ServiceResponse> FORWARDED (remote -> local) CR token ID = 162, service client ID = 40, token ID = 580, result = 0
11-19 17:09:37.049 D/mculinkhealth( 1118): isMcuReachable 1 (4 ms)
11-19 17:09:42.297 D/commandrouter( 1117): rtc_sync (1, rtc:sync): <ServiceRequest> FORWARDED (remote -> local) service client ID = 0, token ID = 33256
11-19 17:09:42.298 D/commandrouter( 1117): SocServiceHandle::onServiceMessage, SoC Service = rtc_sync, appType = 1, type = SVC_RESP, clientId = 0, token = 33256, payloadLen = 8, result = 0, payload.size() = 8
11-19 17:09:43.314 I/chatty  ( 1194): uid=1000(system) android.ui expire 4 lines
11-19 17:09:46.162 I/chatty  ( 1194): uid=1000(system) Binder:1194_1B expire 4 lines
11-19 17:09:48.912 I/chatty  ( 1194): uid=1000(system) LazyTaskWriterT expire 1 line
11-19 17:09:52.295 D/commandrouter( 1117): rtc_sync (1, rtc:sync): <ServiceRequest> FORWARDED (remote -> local) service client ID = 0, token ID = 33257
11-19 17:09:52.296 D/commandrouter( 1117): SocServiceHandle::onServiceMessage, SoC Service = rtc_sync, appType = 1, type = SVC_RESP, clientId = 0, token = 33257, payloadLen = 8, result = 0, payload.size() = 8
11-19 17:09:53.497 I/chatty  ( 1194): uid=1000 system_server expire 1 line
11-19 17:09:53.684 D/commandrouter( 1117): SocServiceHandle::onServiceMessage, SoC Service = mcu_healthcheck_1194, appType = 1, type = SVC_REQ, clientId = 0, token = 11, payloadLen = 12, result = 0, payload.size() = 12
11-19 17:09:53.688 D/commandrouter( 1117): mcu_healthcheck_1194 (1, merlot:mcu_health:control): <ServiceResponse> FORWARDED (remote -> local) CR token ID = 11, service client ID = 39, token ID = 581, result = 0
11-19 17:09:53.689 I/chatty  ( 1194): uid=1000 system_server expire 1 line
11-19 17:09:53.926 I/chatty  ( 1194): uid=1000 system_server expire 1 line
11-19 17:09:54.009 I/chatty  ( 1194): uid=1000(system) android.display expire 2 lines
11-19 17:09:54.229 I/chatty  ( 1194): uid=1000(system) ConnectivitySer expire 29 lines
11-19 17:09:54.367 I/wificond(  906): Fail RSSI polling because wifi is not associated.
11-19 17:09:54.605 E/NetlinkEvent(  459): NetlinkEvent::FindParam(): Parameter 'INTERFACE' not found
11-19 17:09:54.605 E/NetlinkEvent(  459): NetlinkEvent::FindParam(): Parameter 'STATE' not found
11-19 17:09:54.605 E/NetlinkEvent(  459): NetlinkEvent::FindParam(): Parameter 'TIME_NS' not found
11-19 17:09:54.605 E/NetlinkEvent(  459): NetlinkEvent::FindParam(): Parameter 'UID' not found
11-19 17:09:59.004 I/chatty  ( 1194): uid=1000(system) android.ui expire 8 lines
11-19 17:10:02.322 D/commandrouter( 1117): rtc_sync (1, rtc:sync): <ServiceRequest> FORWARDED (remote -> local) service client ID = 0, token ID = 33258
11-19 17:10:02.323 D/commandrouter( 1117): SocServiceHandle::onServiceMessage, SoC Service = rtc_sync, appType = 1, type = SVC_RESP, clientId = 0, token = 33258, payloadLen = 8, result = 0, payload.size() = 8
11-19 17:10:03.977 I/chatty  ( 1194): uid=1000(system) LazyTaskWriterT expire 2 lines
11-19 17:10:05.754 D/commandrouter( 1117): SocServiceHandle::onServiceMessage, SoC Service = mcu_healthcheck_946, appType = 1, type = SVC_REQ, clientId = 0, token = 81, payloadLen = 20, result = 0, payload.size() = 20
11-19 17:10:05.758 D/commandrouter( 1117): mcu_healthcheck_946 (1, merlot:mcu_health:control): <ServiceResponse> FORWARDED (remote -> local) CR token ID = 81, service client ID = 6, token ID = 582, result = 0
11-19 17:10:07.050 D/commandrouter( 1117): SocServiceHandle::onServiceMessage, SoC Service = mcu_healthcheck_1118, appType = 1, type = SVC_REQ, clientId = 0, token = 163, payloadLen = 12, result = 0, payload.size() = 12
11-19 17:10:07.054 D/commandrouter( 1117): mcu_healthcheck_1118 (1, merlot:mcu_health:control): <ServiceResponse> FORWARDED (remote -> local) CR token ID = 163, service client ID = 40, token ID = 583, result = 0
11-19 17:10:07.054 D/mculinkhealth( 1118): isMcuReachable 1 (5 ms)
11-19 17:10:07.159 I/chatty  ( 1194): uid=1000(system) Binder:1194_D expire 4 lines
11-19 17:10:12.290 D/commandrouter( 1117): rtc_sync (1, rtc:sync): <ServiceRequest> FORWARDED (remote -> local) service client ID = 0, token ID = 33259
11-19 17:10:12.291 D/commandrouter( 1117): SocServiceHandle::onServiceMessage, SoC Service = rtc_sync, appType = 1, type = SVC_RESP, clientId = 0, token = 33259, payloadLen = 8, result = 0, payload.size() = 8
11-19 17:10:14.315 I/chatty  ( 1194): uid=1000(system) WifiP2pService expire 2 lines
11-19 17:10:14.317 I/chatty  ( 1194): uid=1000(system) ActivityManager expire 1 line
11-19 17:10:14.330 W/wificond(  906): Scan is not started. Ignore abort request
11-19 17:10:14.676 I/chatty  ( 1194): uid=1000(system) WifiHandlerThre expire 1 line
11-19 17:10:15.212 I/chatty  ( 1194): uid=1000(system) ConnectivitySer expire 12 lines
11-19 17:10:15.465 E/NetlinkEvent(  459): NetlinkEvent::FindParam(): Parameter 'INTERFACE' not found
11-19 17:10:15.465 E/NetlinkEvent(  459): NetlinkEvent::FindParam(): Parameter 'STATE' not found
11-19 17:10:15.465 E/NetlinkEvent(  459): NetlinkEvent::FindParam(): Parameter 'TIME_NS' not found
11-19 17:10:15.465 E/NetlinkEvent(  459): NetlinkEvent::FindParam(): Parameter 'UID' not found
11-19 17:10:22.284 D/commandrouter( 1117): rtc_sync (1, rtc:sync): <ServiceRequest> FORWARDED (remote -> local) service client ID = 0, token ID = 33260
11-19 17:10:22.285 D/commandrouter( 1117): SocServiceHandle::onServiceMessage, SoC Service = rtc_sync, appType = 1, type = SVC_RESP, clientId = 0, token = 33260, payloadLen = 8, result = 0, payload.size() = 8
11-19 17:10:24.248 I/chatty  ( 1194): uid=1000(system) DeviceStorageMo expire 2 lines
11-19 17:10:32.280 D/commandrouter( 1117): rtc_sync (1, rtc:sync): <ServiceRequest> FORWARDED (remote -> local) service client ID = 0, token ID = 33261
11-19 17:10:32.281 D/commandrouter( 1117): SocServiceHandle::onServiceMessage, SoC Service = rtc_sync, appType = 1, type = SVC_RESP, clientId = 0, token = 33261, payloadLen = 8, result = 0, payload.size() = 8
11-19 17:10:34.660 I/chatty  ( 1194): uid=1000(system) android.ui expire 12 lines
11-19 17:10:37.055 D/commandrouter( 1117): SocServiceHandle::onServiceMessage, SoC Service = mcu_healthcheck_1118, appType = 1, type = SVC_REQ, clientId = 0, token = 164, payloadLen = 12, result = 0, payload.size() = 12
11-19 17:10:37.058 D/commandrouter( 1117): mcu_healthcheck_1118 (1, merlot:mcu_health:control): <ServiceResponse> FORWARDED (remote -> local) CR token ID = 164, service client ID = 40, token ID = 584, result = 0
11-19 17:10:37.059 D/mculinkhealth( 1118): isMcuReachable 1 (4 ms)
11-19 17:10:38.128 I/chatty  ( 1194): uid=1000(system) Binder:1194_19 expire 1 line
11-19 17:10:38.247 I/chatty  ( 1194): uid=1000(system) Binder:1194_1A expire 7 lines
11-19 17:10:40.289 I/chatty  ( 1194): uid=1000(system) LazyTaskWriterT expire 3 lines
11-19 17:10:42.277 D/commandrouter( 1117): rtc_sync (1, rtc:sync): <ServiceRequest> FORWARDED (remote -> local) service client ID = 0, token ID = 33262
11-19 17:10:42.278 D/commandrouter( 1117): SocServiceHandle::onServiceMessage, SoC Service = rtc_sync, appType = 1, type = SVC_RESP, clientId = 0, token = 33262, payloadLen = 8, result = 0, payload.size() = 8
11-19 17:10:45.460 I/chatty  ( 1194): uid=1000(system) ConnectivitySer expire 9 lines
11-19 17:10:45.789 I/chatty  ( 1194): uid=1000(system) android.display expire 2 lines
11-19 17:10:46.448 E/NetlinkEvent(  459): NetlinkEvent::FindParam(): Parameter 'INTERFACE' not found
11-19 17:10:46.448 E/NetlinkEvent(  459): NetlinkEvent::FindParam(): Parameter 'STATE' not found
11-19 17:10:46.448 E/NetlinkEvent(  459): NetlinkEvent::FindParam(): Parameter 'TIME_NS' not found
11-19 17:10:46.448 E/NetlinkEvent(  459): NetlinkEvent::FindParam(): Parameter 'UID' not found
11-19 17:10:52.275 D/commandrouter( 1117): rtc_sync (1, rtc:sync): <ServiceRequest> FORWARDED (remote -> local) service client ID = 0, token ID = 33263
11-19 17:10:52.275 D/commandrouter( 1117): SocServiceHandle::onServiceMessage, SoC Service = rtc_sync, appType = 1, type = SVC_RESP, clientId = 0, token = 33263, payloadLen = 8, result = 0, payload.size() = 8
11-19 17:10:54.970 I/chatty  ( 1194): uid=1000 system_server expire 1 line
11-19 17:11:02.272 D/commandrouter( 1117): rtc_sync (1, rtc:sync): <ServiceRequest> FORWARDED (remote -> local) service client ID = 0, token ID = 33264
11-19 17:11:02.273 D/commandrouter( 1117): SocServiceHandle::onServiceMessage, SoC Service = rtc_sync, appType = 1, type = SVC_RESP, clientId = 0, token = 33264, payloadLen = 8, result = 0, payload.size() = 8
11-19 17:11:05.760 D/commandrouter( 1117): SocServiceHandle::onServiceMessage, SoC Service = mcu_healthcheck_946, appType = 1, type = SVC_REQ, clientId = 0, token = 82, payloadLen = 20, result = 0, payload.size() = 20
11-19 17:11:05.766 D/commandrouter( 1117): mcu_healthcheck_946 (1, merlot:mcu_health:control): <ServiceResponse> FORWARDED (remote -> local) CR token ID = 82, service client ID = 6, token ID = 585, result = 0
11-19 17:11:06.075 I/chatty  ( 1194): uid=1000(system) WifiP2pService expire 1 line
11-19 17:11:06.078 W/BroadcastQueue( 1194): Permission Denial: receiving Intent { act=android.net.wifi.p2p.CONNECTION_STATE_CHANGE flg=0x24000010 (has extras) } to ProcessRecord{ba73 1900:.qtidataservices/u0a89} (pid=1900, uid=10089) requires android.permission.ACCESS_FINE_LOCATION due to sender android (uid 1000)
11-19 17:11:06.082 W/ContextImpl( 1194): Calling a method in the system process without a qualified user: android.app.ContextImpl.sendBroadcastMultiplePermissions:1143 android.content.Context.sendBroadcastWithMultiplePermissions:2150 com.android.server.wifi.p2p.WifiP2pServiceImpl$P2pStateMachine.sendBroadcastMultiplePermissions:3209 com.android.server.wifi.p2p.WifiP2pServiceImpl$P2pStateMachine.sendThisDeviceChangedBroadcast:3218 com.android.server.wifi.p2p.WifiP2pServiceImpl$P2pStateMachine.updateThisDevice:3962 
11-19 17:11:06.111 W/wificond(  906): Scan is not started. Ignore abort request
11-19 17:11:06.536 D/ConnectivityService( 1194): registerNetworkAgent NetworkAgentInfo{ ni{[type: WIFI[], state: UNKNOWN/IDLE, reason: (unspecified), extra: , failover: false, available: true, roaming: false]}  network{108}  nethandle{467262165005}  lp{{InterfaceName: wlan0 LinkAddresses: [ ] DnsAddresses: [ ] Domains: null MTU: 0 Routes: [ ]}}  nc{[ Transports: WIFI Capabilities: NOT_METERED&INTERNET&NOT_RESTRICTED&TRUSTED&NOT_VPN&NOT_ROAMING&FOREGROUND&NOT_CONGESTED&NOT_SUSPENDED LinkUpBandwidth>=72000Kbps LinkDnBandwidth>=72000Kbps OwnerUid: 1000 SSID: "MTBF_Lab" RequestorUid: -1 RequestorPackageName: null]}  Score{20}  everValidated{false}  lastValidated{false}  created{false} lingering{false} explicitlySelected{false} acceptUnvalidated{false} everCaptivePortalDetected{false} lastCaptivePortalDetected{false} partialConnectivity{false} acceptPartialConnectivity{false} clat{mBaseIface: null, mIface: null, mState: IDLE} }
11-19 17:11:06.552 D/ConnectivityService( 1194): [108 WIFI] EVENT_NETWORK_INFO_CHANGED, going from UNKNOWN to UNKNOWN
11-19 17:11:06.700 D/ConnectivityService( 1194): NetReassign [no changes]
11-19 17:11:06.743 I/Nat464Xlat( 1194): Android Xlat is disabled
11-19 17:11:06.743 I/Nat464Xlat( 1194): Android Xlat is disabled
11-19 17:11:06.858 E/ConnectivityService( 1194): Exception in networkAddRouteParcel for non-gateway: android.os.ServiceSpecificException: Machine is not on the network (code 64)
11-19 17:11:06.859 E/ConnectivityService( 1194): Exception in networkAddRouteParcel for gateway: android.os.ServiceSpecificException: Machine is not on the network (code 64)
11-19 17:11:06.859 I/Nat464Xlat( 1194): Android Xlat is disabled
11-19 17:11:06.859 I/Nat464Xlat( 1194): Android Xlat is disabled
11-19 17:11:07.005 D/ConnectivityService( 1194): Setting DNS servers for network 108 to [/192.168.1.1]
11-19 17:11:07.005 I/Nat464Xlat( 1194): Android Xlat is disabled
11-19 17:11:07.005 I/Nat464Xlat( 1194): Android Xlat is disabled
11-19 17:11:07.059 D/commandrouter( 1117): SocServiceHandle::onServiceMessage, SoC Service = mcu_healthcheck_1118, appType = 1, type = SVC_REQ, clientId = 0, token = 165, payloadLen = 12, result = 0, payload.size() = 12
11-19 17:11:07.062 D/commandrouter( 1117): mcu_healthcheck_1118 (1, merlot:mcu_health:control): <ServiceResponse> FORWARDED (remote -> local) CR token ID = 165, service client ID = 40, token ID = 586, result = 0
11-19 17:11:07.063 D/mculinkhealth( 1118): isMcuReachable 1 (3 ms)
11-19 17:11:07.097 D/ConnectivityService( 1194): [108 WIFI] EVENT_NETWORK_INFO_CHANGED, going from UNKNOWN to CONNECTED
11-19 17:11:07.099 D/DnsManager( 1194): sendDnsConfigurationForNetwork(108, [192.168.1.1], [], 1800, 25, 8, 64, 0, 0, , [])
11-19 17:11:07.101 W/DnsManager( 1194): updatePrivateDns(108, PrivateDnsConfig{true:/[]})
11-19 17:11:07.101 D/ConnectivityService( 1194): Setting DNS servers for network 108 to [/192.168.1.1]
11-19 17:11:07.102 D/DnsManager( 1194): sendDnsConfigurationForNetwork(108, [192.168.1.1], [], 1800, 25, 8, 64, 0, 0, , [192.168.1.1])
11-19 17:11:07.105 D/ConnectivityService( 1194): Adding iface wlan0 to network 108
11-19 17:11:07.123 D/ConnectivityService( 1194): Setting DNS servers for network 108 to [/192.168.1.1]
11-19 17:11:07.123 D/DnsManager( 1194): sendDnsConfigurationForNetwork(108, [192.168.1.1], [], 1800, 25, 8, 64, 0, 0, , [192.168.1.1])
11-19 17:11:07.125 I/Nat464Xlat( 1194): Android Xlat is disabled
11-19 17:11:07.125 I/Nat464Xlat( 1194): Android Xlat is disabled
11-19 17:11:07.180 D/ConnectivityService( 1194): NetReassign [no changes]
11-19 17:11:07.373 D/ConnectivityService( 1194): [108 WIFI] validation passed
11-19 17:11:07.374 D/ConnectivityService( 1194): NetReassign [8 : 100 → 108, 20 : 100 → 108, 46 : 100 → 108, 52 : 100 → 108, 45 : 100 → 108, 54 : 100 → 108, 12 : 100 → 108, 22 : 100 → 108, 16 : 100 → 108, 49 : 100 → 108, 14 : 100 → 108, 50 : 100 → 108, 18 : 100 → 108, 53 : 100 → 108, 78 : 100 → 108, 11 : 100 → 108, 1 : 100 → 108, 69 : 100 → 108, 17 : 100 → 108]
11-19 17:11:07.377 E/NetlinkEvent(  459): NetlinkEvent::FindParam(): Parameter 'INTERFACE' not found
11-19 17:11:07.377 E/NetlinkEvent(  459): NetlinkEvent::FindParam(): Parameter 'STATE' not found
11-19 17:11:07.377 E/NetlinkEvent(  459): NetlinkEvent::FindParam(): Parameter 'TIME_NS' not found
11-19 17:11:07.377 E/NetlinkEvent(  459): NetlinkEvent::FindParam(): Parameter 'UID' not found
11-19 17:11:07.393 D/ConnectivityService( 1194): Switching to new default network: NetworkAgentInfo{ ni{[type: WIFI[], state: CONNECTED/CONNECTED, reason: (unspecified), extra: , failover: false, available: true, roaming: false]}  network{108}  nethandle{467262165005}  lp{{InterfaceName: wlan0 LinkAddresses: [ 192.168.1.39/24 ] DnsAddresses: [ /192.168.1.1 ] Domains: null MTU: 0 ServerAddress: /192.168.1.1 TcpBufferSizes: 524288,1048576,2097152,262144,524288,1048576 Routes: [ fe80::/64 -> :: wlan0 mtu 0,192.168.1.0/24 -> 0.0.0.0 wlan0 mtu 0,0.0.0.0/0 -> 192.168.1.1 wlan0 mtu 0 ]}}  nc{[ Transports: WIFI Capabilities: NOT_METERED&INTERNET&NOT_RESTRICTED&TRUSTED&NOT_VPN&VALIDATED&NOT_ROAMING&FOREGROUND&NOT_CONGESTED&NOT_SUSPENDED LinkUpBandwidth>=70000Kbps LinkDnBandwidth>=70000Kbps SignalStrength: -32 OwnerUid: 1000 SSID: "MTBF_Lab" RequestorUid: -1 RequestorPackageName: null]}  Score{60}  everValidated{true}  lastValidated{true}  created{true} lingering{false} explicitlySelected{false} acceptUnvalidated{false} everCaptivePortalDetected{false} lastCaptivePortalDetected{false} partialConnectivity{false} acceptPartialConnectivity{false} clat{mBaseIface: null, mIface: null, mState: IDLE} }
11-19 17:11:07.528 D/ConnectivityService( 1194): Lingering [100 CELLULAR] for 30000ms
11-19 17:11:07.530 D/ConnectivityService( 1194): Sending DISCONNECTED broadcast for type 0 [100 CELLULAR] isDefaultNetwork=true
11-19 17:11:07.537 D/ConnectivityService( 1194): Sending CONNECTED broadcast for type 1 [108 WIFI] isDefaultNetwork=true
11-19 17:11:07.581 D/ConnectivityService( 1194): Setting DNS servers for network 108 to [/192.168.1.1]
11-19 17:11:07.582 D/DnsManager( 1194): sendDnsConfigurationForNetwork(108, [192.168.1.1], [], 1800, 25, 8, 64, 0, 0, , [192.168.1.1])
11-19 17:11:07.821 I/Nat464Xlat( 1194): Android Xlat is disabled
11-19 17:11:07.821 I/Nat464Xlat( 1194): Android Xlat is disabled
11-19 17:11:12.270 D/commandrouter( 1117): rtc_sync (1, rtc:sync): <ServiceRequest> FORWARDED (remote -> local) service client ID = 0, token ID = 33265
11-19 17:11:12.271 D/commandrouter( 1117): SocServiceHandle::onServiceMessage, SoC Service = rtc_sync, appType = 1, type = SVC_RESP, clientId = 0, token = 33265, payloadLen = 8, result = 0, payload.size() = 8
11-19 17:11:22.270 D/commandrouter( 1117): rtc_sync (1, rtc:sync): <ServiceRequest> FORWARDED (remote -> local) service client ID = 0, token ID = 33266
11-19 17:11:22.271 D/commandrouter( 1117): SocServiceHandle::onServiceMessage, SoC Service = rtc_sync, appType = 1, type = SVC_RESP, clientId = 0, token = 33266, payloadLen = 8, result = 0, payload.size() = 8
11-19 17:11:24.348 D/AppStorageManager( 1194): BEFORE:: Previous Size: 1061097472 Current Size: 1060982784
11-19 17:11:24.348 D/AppStorageManager( 1194): AFTER:: Previous Size: 1060982784 Current Size: 1060982784
11-19 17:11:26.317 D/AutofillManagerService( 1194): onBackKeyPressed()
11-19 17:11:27.378 I/chatty  ( 1194): uid=1000(system) android.ui identical 2 lines
11-19 17:11:28.629 D/AutofillManagerService( 1194): onBackKeyPressed()
11-19 17:11:29.151 W/ActivityManager( 1194): Invalid packageName: com.facebook.wearable.system.settings/com.facebook.wearable.system.settings.SettingsActivity
11-19 17:11:29.272 I/ActivityTaskManager( 1194): START u0 {flg=0x10000000 cmp=com.facebook.wearable.system.settings/.SettingsActivity} from uid 0
11-19 17:11:29.291 I/ActivityTaskManager( 1194): The Process com.facebook.wearable.system.settings Already Exists in BG. So sending its PID: 2752
11-19 17:11:29.292 W/ActivityTaskManager( 1194): Tried to set launchTime (0) < mLastActivityLaunchTime (5004535)
11-19 17:11:31.962 E/TaskPersister( 1194): File error accessing recents directory (directory doesn't exist?).
11-19 17:11:32.271 D/commandrouter( 1117): rtc_sync (1, rtc:sync): <ServiceRequest> FORWARDED (remote -> local) service client ID = 0, token ID = 33267
11-19 17:11:32.272 D/commandrouter( 1117): SocServiceHandle::onServiceMessage, SoC Service = rtc_sync, appType = 1, type = SVC_RESP, clientId = 0, token = 33267, payloadLen = 8, result = 0, payload.size() = 8
11-19 17:11:36.869 W/ContextImpl( 1194): Calling a method in the system process without a qualified user: android.app.ContextImpl.sendBroadcastMultiplePermissions:1143 android.content.Context.sendBroadcastWithMultiplePermissions:2150 com.android.server.display.WifiDisplayAdapter.handleSendStatusChangeBroadcast:440 com.android.server.display.WifiDisplayAdapter.access$1700:63 com.android.server.display.WifiDisplayAdapter$WifiDisplayHandler.handleMessage:675 
11-19 17:11:37.064 D/commandrouter( 1117): SocServiceHandle::onServiceMessage, SoC Service = mcu_healthcheck_1118, appType = 1, type = SVC_REQ, clientId = 0, token = 166, payloadLen = 12, result = 0, payload.size() = 12
11-19 17:11:37.067 D/commandrouter( 1117): mcu_healthcheck_1118 (1, merlot:mcu_health:control): <ServiceResponse> FORWARDED (remote -> local) CR token ID = 166, service client ID = 40, token ID = 587, result = 0
11-19 17:11:37.067 D/mculinkhealth( 1118): isMcuReachable 1 (3 ms)
11-19 17:11:37.346 D/ConnectivityService( 1194): [108 WIFI] EVENT_NETWORK_INFO_CHANGED, going from CONNECTED to DISCONNECTED
11-19 17:11:37.346 D/ConnectivityService( 1194): [108 WIFI] disconnected, was satisfying 30
11-19 17:11:37.444 I/Nat464Xlat( 1194): Android Xlat is disabled
11-19 17:11:37.444 I/Nat464Xlat( 1194): Android Xlat is disabled
11-19 17:11:37.481 D/ConnectivityService( 1194): Sending DISCONNECTED broadcast for type 1 [108 WIFI] isDefaultNetwork=true
11-19 17:11:37.493 D/ConnectivityService( 1194): NetReassign [8 : null → 100, 20 : null → 100, 46 : null → 100, 52 : null → 100, 45 : null → 100, 54 : null → 100, 12 : null → 100, 22 : null → 100, 16 : null → 100, 49 : null → 100, 14 : null → 100, 50 : null → 100, 18 : null → 100, 53 : null → 100, 78 : null → 100, 11 : null → 100, 1 : null → 100, 69 : null → 100, 17 : null → 100]
11-19 17:11:37.502 E/NetlinkEvent(  459): NetlinkEvent::FindParam(): Parameter 'INTERFACE' not found
11-19 17:11:37.502 E/NetlinkEvent(  459): NetlinkEvent::FindParam(): Parameter 'STATE' not found
11-19 17:11:37.502 E/NetlinkEvent(  459): NetlinkEvent::FindParam(): Parameter 'TIME_NS' not found
11-19 17:11:37.502 E/NetlinkEvent(  459): NetlinkEvent::FindParam(): Parameter 'UID' not found
