11-19 17:17:06.328 I/chatty  ( 1194): uid=1000(system) HeapTaskDaemon expire 1 line
11-19 17:17:07.157 D/mcu_health_checker( 1118): Sent MCU Health Request
11-19 17:17:07.157 D/commandrouter( 1117): SocServiceHandle::onServiceMessage, SoC Service = mcu_healthcheck_1118, appType = 1, type = SVC_REQ, clientId = 0, token = 177, payloadLen = 12, result = 0, payload.size() = 12
11-19 17:17:07.188 D/commandrouter( 1117): mcu_healthcheck_1118 (1, merlot:mcu_health:control): <ServiceResponse> FORWARDED (remote -> local) CR token ID = 177, service client ID = 40, token ID = 604, result = 0
11-19 17:17:07.188 D/mcu_health_checker( 1118): MCU Health Response: MCU_OK
11-19 17:17:07.189 D/mcu_health_checker( 1118): MCU Session 0, uptime = 5337647 ms
11-19 17:17:07.189 D/mculinkhealth( 1118): isMcuReachable 1 (32 ms)
11-19 17:17:08.156 E/QMI_FW  ( 1113): qmi_cci_get_ref: ref count increased 2
11-19 17:17:08.158 E/QMI_FW  ( 1113): qmi_cci_get_ref: ref count increased 2
11-19 17:17:08.168 I/WearableConnectivityManager( 2581): LTE Signal strength is: 1
11-19 17:17:08.168 I/WearableConnectivityManager( 2581): Cellular Signal strength is: 1
11-19 17:17:08.170 D/RadioLinkQualityScoreBuilder( 1975): scoreRsrp: 2scoreRsrq: 3scoreRssnr: 3
11-19 17:17:12.192 D/commandrouter( 1117): rtc_sync (1, rtc:sync): <ServiceRequest> FORWARDED (remote -> local) service client ID = 0, token ID = 33301
11-19 17:17:12.193 D/vendor.facebook.rtc_sync@1.0-service( 1129): Request req_ts=1637342232184985513 resp_ts=1637342232193058634
11-19 17:17:12.193 D/commandrouter( 1117): SocServiceHandle::onServiceMessage, SoC Service = rtc_sync, appType = 1, type = SVC_RESP, clientId = 0, token = 33301, payloadLen = 8, result = 0, payload.size() = 8
11-19 17:17:17.746 I/chatty  ( 1194): uid=1000(system) WifiScanningSer expire 4 lines
11-19 17:17:17.748 I/chatty  ( 1024): uid=1021(gps) lowi-server expire 273 lines
11-19 17:17:17.748 V/WifiHAL (  539): event received NL80211_CMD_TRIGGER_SCAN
11-19 17:17:17.900 V/WifiHAL (  539): event received NL80211_CMD_NEW_SCAN_RESULTS
11-19 17:17:17.901 I/chatty  ( 1194): uid=1000(system) Binder:1194_1 expire 3 lines
11-19 17:17:17.918 I/chatty  ( 1024): uid=1021(gps) lowi-server expire 7 lines
11-19 17:17:19.301 D/UIAutomatorStub( 6249): URI: /jsonrpc/0, Method: POST, Header: {content-length=102, remote-addr=127.0.0.1, http-client-ip=127.0.0.1, host=localhost:9010, content-type=application/json, accept-encoding=identity}, params, {NanoHttpd.QUERY_STRING=null}, files: {postData={"jsonrpc": "2.0", "method": "pressKey", "id": "9a5167d102b4243deda7e176b1008cc1", "params": ["back"]}}
11-19 17:17:19.333 D/AutofillManagerService( 1194): onBackKeyPressed()
11-19 17:17:19.368 D/UIAutomatorStub( 6249): URI: /jsonrpc/0, Method: POST, Header: {content-length=102, remote-addr=127.0.0.1, http-client-ip=127.0.0.1, host=localhost:9010, content-type=application/json, accept-encoding=identity}, params, {NanoHttpd.QUERY_STRING=null}, files: {postData={"jsonrpc": "2.0", "method": "pressKey", "id": "4ee847831204f85b06bdb7210caa9608", "params": ["back"]}}
11-19 17:17:19.684 E/QMI_FW  ( 1113): qmi_cci_get_ref: ref count increased 2
11-19 17:17:19.686 E/QMI_FW  ( 1113): qmi_cci_get_ref: ref count increased 2
11-19 17:17:19.699 I/WearableConnectivityManager( 2581): LTE Signal strength is: 1
11-19 17:17:19.699 I/WearableConnectivityManager( 2581): Cellular Signal strength is: 1
11-19 17:17:19.700 D/RadioLinkQualityScoreBuilder( 1975): scoreRsrp: 2scoreRsrq: 3scoreRssnr: 4
11-19 17:17:19.737 I/vendor.rmt_storage(  581): rmt_storage_connect_cb: clnt_h=0x1c conn_h=0x93f2d030
11-19 17:17:19.738 I/vendor.rmt_storage(  581): rmt_storage_rw_iovec_cb: /boot/modem_fs1: req_h=0x1c msg_id=3: R/W request received (wr_count 20)
11-19 17:17:19.738 I/vendor.rmt_storage(  581): wakelock acquired: 1, error no: 11
11-19 17:17:19.738 I/vendor.rmt_storage(  581): rmt_storage_client_thread: /boot/modem_fs1: Unblock worker thread (th_id: -1825062464)
11-19 17:17:19.844 I/vendor.rmt_storage(  581): rmt_storage_client_thread: /boot/modem_fs1: req_h=0x1c msg_id=3: Bytes written = 1572864, wr_count 20
11-19 17:17:19.844 I/vendor.rmt_storage(  581): rmt_storage_client_thread: /boot/modem_fs1: req_h=0x1c msg_id=3: Send response: res=0 err=0, wr_count 20
11-19 17:17:19.844 I/vendor.rmt_storage(  581): rmt_storage_client_thread: /boot/modem_fs1: About to block rmt_storage client thread (th_id: -1825062464) wakelock released: 1, error no: 22
11-19 17:17:19.844 I/vendor.rmt_storage(  581): 
11-19 17:17:19.850 I/vendor.rmt_storage(  581): rmt_storage_disconnect_cb: clnt_h=0x1c conn_h=0x93f2d030
11-19 17:17:19.905 D/UIAutomatorStub( 6249): URI: /jsonrpc/0, Method: POST, Header: {content-length=102, remote-addr=127.0.0.1, http-client-ip=127.0.0.1, host=localhost:9010, content-type=application/json, accept-encoding=identity}, params, {NanoHttpd.QUERY_STRING=null}, files: {postData={"jsonrpc": "2.0", "method": "pressKey", "id": "4f1c23d420c50ab05fdce3bff6021cb5", "params": ["back"]}}
11-19 17:17:20.419 I/chatty  ( 1194): uid=1000 system_server expire 1 line
11-19 17:17:20.429 D/ComplicationController( 2581): Starting complication controller. Face Type: OdysseyWatchFace
11-19 17:17:20.430 D/ComplicationDataManagerImpl( 2581): Updating complication data for package: com.facebook.wearable.apps.heart, id: com.facebook.wearable.apps.heart.HEART_RATE
11-19 17:17:20.430 D/ComplicationDataManagerImpl( 2581): Updating complication data for package: com.facebook.wearable.apps.clock, id: com.facebook.wearable.apps.clock.SHORTCUT_COMPLICATION
11-19 17:17:20.430 D/ComplicationDataManagerImpl( 2581): Updating complication data for package: com.facebook.wearable.apps.weather, id: com.facebook.wearable.apps.weather.SHORTCUT_COMPLICATION
11-19 17:17:20.431 D/ComplicationDataManagerImpl( 2581): Updating complication data for package: com.facebook.wearable.apps.workout, id: com.facebook.wearable.apps.workout.SHORTCUT_COMPLICATION
11-19 17:17:20.431 D/ComplicationDataManagerImpl( 2581): Updating complication data for package: com.facebook.wearable.apps.calendar, id: com.facebook.wearable.apps.calendar.SHORTCUT_COMPLICATION
11-19 17:17:20.431 D/ComplicationDataManagerImpl( 2581): Updating complication data for package: com.facebook.wearable.apps.gallery, id: com.facebook.wearable.apps.gallery.SHORTCUT_COMPLICATION
11-19 17:17:20.431 D/ComplicationDataManagerImpl( 2581): Updating complication data for package: com.facebook.wearable.apps.player, id: com.facebook.wearable.apps.player.SHORTCUT_COMPLICATION
11-19 17:17:20.439 E/DayDateSystemComplicationProvider( 2581): Updating Day Date System Complication
11-19 17:17:20.439 D/ComplicationDataManagerImpl( 2581): Updating complication data for package: com.facebook.wearable.apps.calendar, id: com.facebook.wearable.apps.calendar.DAY_DATE_COMPLICATION
11-19 17:17:20.445 D/ComplicationDataManagerImpl( 2581): Fetching complication data for package: com.facebook.wearable.apps.calendar, com.facebook.wearable.apps.calendar.DAY_DATE_COMPLICATION.
11-19 17:17:20.446 D/ComplicationDataManagerImpl( 2581): Fetching complication data for package: com.facebook.wearable.apps.player, com.facebook.wearable.apps.player.SHORTCUT_COMPLICATION.
11-19 17:17:20.447 D/ComplicationDataManagerImpl( 2581): Fetching complication data for package: com.facebook.wearable.apps.gallery, com.facebook.wearable.apps.gallery.SHORTCUT_COMPLICATION.
11-19 17:17:20.447 D/ComplicationDataManagerImpl( 2581): Fetching complication data for package: com.facebook.wearable.apps.heart, com.facebook.wearable.apps.heart.HEART_RATE.
11-19 17:17:20.467 D/LauncherActivity( 2581): onResume: Intent { cat=[android.intent.category.DEFAULT] flg=0x10020000 cmp=com.facebook.wearable.system.launcher/.LauncherActivity }
11-19 17:17:20.467 D/LauncherIntentProcessor( 2581): processLauncherActivityIntent: Intent { cat=[android.intent.category.DEFAULT] flg=0x10020000 cmp=com.facebook.wearable.system.launcher/.LauncherActivity }
11-19 17:17:20.508 D/FacebookRepository( 2581): Reading from Store [250223709649332]
11-19 17:17:20.550 I/chatty  ( 1194): uid=1000(system) ActivityManager expire 15 lines
11-19 17:17:20.564 I/chatty  ( 1194): uid=1000(system) Binder:1194_11 expire 13 lines
11-19 17:17:20.645 I/system.launche( 2581): Background young concurrent copying GC freed 342338(15MB) AllocSpace objects, 0(0B) LOS objects, 62% free, 9605KB/24MB, paused 1.498ms total 213.701ms
11-19 17:17:20.645 W/system.launche( 2581): Reducing the number of considered missed Gc histogram windows from 112 to 100
11-19 17:17:20.884 D/UIAutomatorStub( 6249): URI: /jsonrpc/0, Method: POST, Header: {content-length=102, remote-addr=127.0.0.1, http-client-ip=127.0.0.1, host=localhost:9010, content-type=application/json, accept-encoding=identity}, params, {NanoHttpd.QUERY_STRING=null}, files: {postData={"jsonrpc": "2.0", "method": "pressKey", "id": "994a24fbcb04d523e326e96a7cd4118e", "params": ["back"]}}
11-19 17:17:21.612 D/LauncherActivity( 2581): onKeyUp() called with keycode:4, event: KeyEvent { action=ACTION_UP, keyCode=KEYCODE_BACK, scanCode=0, metaState=0, flags=0x200, repeatCount=0, eventTime=5387858, downTime=5387858, deviceId=-1, source=0x101, displayId=-1 }
11-19 17:17:21.649 W/HWComposer(  577): Ignoring duplicate VSYNC event from HWC for display 0 (t=5387912596902)
11-19 17:17:22.122 W/HWComposer(  577): Ignoring duplicate VSYNC event from HWC for display 0 (t=5388385289089)
11-19 17:17:22.139 W/HWComposer(  577): Ignoring duplicate VSYNC event from HWC for display 0 (t=5388402202110)
11-19 17:17:20.378 I/chatty  ( 1194): uid=1000(system) android.ui identical 2 lines
11-19 17:17:21.610 D/AutofillManagerService( 1194): onBackKeyPressed()
11-19 17:17:22.168 W/ActivityManager( 1194): Invalid packageName: com.facebook.wearable.system.settings/com.facebook.wearable.system.settings.SettingsActivity
11-19 17:17:22.187 D/commandrouter( 1117): rtc_sync (1, rtc:sync): <ServiceRequest> FORWARDED (remote -> local) service client ID = 0, token ID = 33302
11-19 17:17:22.188 D/vendor.facebook.rtc_sync@1.0-service( 1129): Request req_ts=1637342242185058634 resp_ts=1637342242188187172
11-19 17:17:22.188 D/commandrouter( 1117): SocServiceHandle::onServiceMessage, SoC Service = rtc_sync, appType = 1, type = SVC_RESP, clientId = 0, token = 33302, payloadLen = 8, result = 0, payload.size() = 8
11-19 17:17:22.285 I/ActivityTaskManager( 1194): START u0 {flg=0x10000000 cmp=com.facebook.wearable.system.settings/.SettingsActivity} from uid 0
11-19 17:17:22.288 E/ANDR-PERF-OPTSHANDLER(  557): Perflock resource /proc/sys/kernel/sched_group_downmigrate not supported
11-19 17:17:22.289 E/ANDR-PERF-RESOURCEQS(  557): Failed to apply optimization [3, 22]
11-19 17:17:22.289 E/ANDR-PERF-OPTSHANDLER(  557): Perflock resource /proc/sys/kernel/sched_group_upmigrate not supported
11-19 17:17:22.289 E/ANDR-PERF-RESOURCEQS(  557): Failed to apply optimization [3, 21]
11-19 17:17:22.289 E/ANDR-PERF-OPTSHANDLER(  557): Perflock resource /sys/module/lpm_levels/parameters/bias_hyst not supported
11-19 17:17:22.289 E/ANDR-PERF-RESOURCEQS(  557): Failed to apply optimization [1, 2]
11-19 17:17:22.289 E/ANDR-PERF-OPTSHANDLER(  557): Failed to read /proc/sys/kernel/sched_downmigrate
11-19 17:17:22.289 E/ANDR-PERF-RESOURCEQS(  557): Failed to apply optimization [3, 8]
11-19 17:17:22.289 E/ANDR-PERF-OPTSHANDLER(  557): Failed to read /proc/sys/kernel/sched_upmigrate
11-19 17:17:22.289 E/ANDR-PERF-RESOURCEQS(  557): Failed to apply optimization [3, 7]
11-19 17:17:22.303 I/ActivityTaskManager( 1194): The Process com.facebook.wearable.system.settings Already Exists in BG. So sending its PID: 2752
11-19 17:17:22.303 W/ActivityTaskManager( 1194): Tried to set launchTime (0) < mLastActivityLaunchTime (5357577)
11-19 17:17:22.338 D/LauncherActivity( 2581): onPause
11-19 17:17:22.373 D/FacebookProvider( 2721): Starting SSO Network Fetch for 263529928325379
11-19 17:17:22.374 I/AccountsContentProvider( 2721): No Primary Account. Accounts Error [content://com.facebook.wearable.system.accounts.AccountsContentProvider/facebook/263529928325379]
11-19 17:17:22.374 E/DatabaseUtils( 2721): Writing exception to parcel
11-19 17:17:22.374 E/DatabaseUtils( 2721): java.lang.IllegalStateException: No Primary Account
11-19 17:17:22.374 E/DatabaseUtils( 2721): 	at com.facebook.secure.content.AbstractContentProvider.doQuery(:284)
11-19 17:17:22.374 E/DatabaseUtils( 2721): 	at com.facebook.secure.content.AbstractContentProvider.query(:8)
11-19 17:17:22.374 E/DatabaseUtils( 2721): 	at android.content.ContentProvider.query(ContentProvider.java:1474)
11-19 17:17:22.374 E/DatabaseUtils( 2721): 	at android.content.ContentProvider$Transport.query(ContentProvider.java:278)
11-19 17:17:22.374 E/DatabaseUtils( 2721): 	at android.content.ContentProviderNative.onTransact(ContentProviderNative.java:106)
11-19 17:17:22.374 E/DatabaseUtils( 2721): 	at android.os.Binder.execTransactInternal(Binder.java:1154)
11-19 17:17:22.374 E/DatabaseUtils( 2721): 	at android.os.Binder.execTransact(Binder.java:1123)
11-19 17:17:22.380 E/AccountsViewModel( 2752): AccountsViewModel.flow failed: No Primary Account
11-19 17:17:22.380 E/AccountsViewModel( 2752): java.lang.IllegalStateException: No Primary Account
11-19 17:17:22.380 E/AccountsViewModel( 2752): 	at android.os.Parcel.createExceptionOrNull(Parcel.java:2381)
11-19 17:17:22.380 E/AccountsViewModel( 2752): 	at android.os.Parcel.createException(Parcel.java:2357)
11-19 17:17:22.380 E/AccountsViewModel( 2752): 	at android.os.Parcel.readException(Parcel.java:2340)
11-19 17:17:22.380 E/AccountsViewModel( 2752): 	at android.database.DatabaseUtils.readExceptionFromParcel(DatabaseUtils.java:190)
11-19 17:17:22.380 E/AccountsViewModel( 2752): 	at android.database.DatabaseUtils.readExceptionFromParcel(DatabaseUtils.java:142)
11-19 17:17:22.380 E/AccountsViewModel( 2752): 	at android.content.ContentProviderProxy.query(ContentProviderNative.java:472)
11-19 17:17:22.380 E/AccountsViewModel( 2752): 	at android.content.ContentResolver.query(ContentResolver.java:1185)
11-19 17:17:22.380 E/AccountsViewModel( 2752): 	at android.content.ContentResolver.query(ContentResolver.java:1116)
11-19 17:17:22.380 E/AccountsViewModel( 2752): 	at com.facebook.wearable.common.accounts.contract.WearableAccountsContractRequest.query(:51)
11-19 17:17:22.380 E/AccountsViewModel( 2752): 	at kotlin.coroutines.jvm.internal.BaseContinuationImpl.invokeSuspend(:95489)
11-19 17:17:22.380 E/AccountsViewModel( 2752): 	at com.facebook.wearable.common.accounts.WearableAccountsKt$fb$1.invoke(:9)
11-19 17:17:22.380 E/AccountsViewModel( 2752): 	at com.facebook.wearable.common.coroutines.lazy.LazyAsync.get(:101)
11-19 17:17:22.380 E/AccountsViewModel( 2752): 	at kotlin.coroutines.jvm.internal.BaseContinuationImpl.invokeSuspend(:96596)
11-19 17:17:22.380 E/AccountsViewModel( 2752): 	at com.facebook.wearable.system.settings.accounts.AccountsViewModel$wearableAccountFlow$1.invoke(:11)
11-19 17:17:22.380 E/AccountsViewModel( 2752): 	at kotlinx.coroutines.flow.AbstractFlow.collect$rvp0$0(:72)
11-19 17:17:22.380 E/AccountsViewModel( 2752): 	at kotlin.coroutines.jvm.internal.BaseContinuationImpl.invokeSuspend(:95417)
11-19 17:17:22.380 E/AccountsViewModel( 2752): 	at kotlinx.coroutines.flow.FlowKt__ShareKt$launchSharing$1$2.invoke(Unknown Source:10)
11-19 17:17:22.380 E/AccountsViewModel( 2752): 	at kotlin.coroutines.jvm.internal.BaseContinuationImpl.invokeSuspend(:96715)
11-19 17:17:22.380 E/AccountsViewModel( 2752): 	at kotlinx.coroutines.flow.FlowKt__MergeKt$mapLatest$1.invoke(Unknown Source:15)
11-19 17:17:22.380 E/AccountsViewModel( 2752): 	at kotlin.coroutines.jvm.internal.BaseContinuationImpl.invokeSuspend(:96820)
11-19 17:17:22.380 E/AccountsViewModel( 2752): 	at kotlinx.coroutines.flow.internal.ChannelFlowTransformLatest$flowCollect$3$1$2.invoke(Unknown Source:10)
11-19 17:17:22.380 E/AccountsViewModel( 2752): 	at kotlinx.coroutines.CoroutineStart.invoke(:32)
11-19 17:17:22.380 E/AccountsViewModel( 2752): 	at kotlinx.coroutines.BuildersKt__Builders_commonKt.launch(:15)
11-19 17:17:22.380 E/AccountsViewModel( 2752): 	at kotlinx.coroutines.flow.internal.ChannelFlowTransformLatest$flowCollect$3$invokeSuspend$$inlined$collect$1.emit(:56)
11-19 17:17:22.380 E/AccountsViewModel( 2752): 	at kotlinx.coroutines.flow.DistinctFlowImpl$collect$$inlined$collect$1.emit(:74)
11-19 17:17:22.380 E/AccountsViewModel( 2752): 	at kotlinx.coroutines.flow.FlowKt__LimitKt$dropWhile$lambda-4$$inlined$collect$1.emit(:114)
11-19 17:17:22.380 E/AccountsViewModel( 2752): 	at kotlinx.coroutines.flow.FlowKt__ChannelsKt.emitAllImpl$FlowKt__ChannelsKt(:123)
11-19 17:17:22.380 E/AccountsViewModel( 2752): 	at kotlin.coroutines.jvm.internal.BaseContinuationImpl.invokeSuspend(:96917)
11-19 17:17:22.380 E/AccountsViewModel( 2752): 	at kotlin.coroutines.jvm.internal.BaseContinuationImpl.resumeWith(:5)
11-19 17:17:22.380 E/AccountsViewModel( 2752): 	at kotlinx.coroutines.DispatchedTask.run(:131)
11-19 17:17:22.380 E/AccountsViewModel( 2752): 	at java.util.concurrent.Executors$RunnableAdapter.call(Executors.java:462)
11-19 17:17:22.380 E/AccountsViewModel( 2752): 	at java.util.concurrent.FutureTask.run(FutureTask.java:266)
11-19 17:17:22.380 E/AccountsViewModel( 2752): 	at com.facebook.wearable.common.executors.DelayedFutureTask.run(:22)
11-19 17:17:22.380 E/AccountsViewModel( 2752): 	at java.util.concurrent.ThreadPoolExecutor.runWorker(ThreadPoolExecutor.java:1167)
11-19 17:17:22.380 E/AccountsViewModel( 2752): 	at java.util.concurrent.ThreadPoolExecutor$Worker.run(ThreadPoolExecutor.java:641)
11-19 17:17:22.380 E/AccountsViewModel( 2752): 	at com.facebook.wearable.common.executors.NamedThreadFactory$1.run(:7)
11-19 17:17:22.422 E/StatusBarClientConnection( 2752): Service connected
11-19 17:17:22.428 W/View    ( 2752): requestLayout() improperly called by android.view.View{81c71be V.ED..... ......I. 0,368-474,474} during layout: running second layout pass
11-19 17:17:22.449 W/View    ( 2752): requestLayout() improperly called by com.facebook.wearable.common.wds.listview.WdsListView{cc37bed V.E..V... ........ 0,0-474,474} during second layout pass: posting in next frame
11-19 17:17:22.792 D/ComplicationController( 2581): Stopping complication controller.
11-19 17:17:22.796 D/ComplicationDataManagerImpl( 2581): Fetching complication data for package: com.facebook.wearable.apps.calendar, com.facebook.wearable.apps.calendar.DAY_DATE_COMPLICATION.
11-19 17:17:22.796 D/ComplicationDataManagerImpl( 2581): Fetching complication data for package: com.facebook.wearable.apps.player, com.facebook.wearable.apps.player.SHORTCUT_COMPLICATION.
11-19 17:17:22.796 D/ComplicationDataManagerImpl( 2581): Fetching complication data for package: com.facebook.wearable.apps.gallery, com.facebook.wearable.apps.gallery.SHORTCUT_COMPLICATION.
11-19 17:17:22.797 D/ComplicationDataManagerImpl( 2581): Fetching complication data for package: com.facebook.wearable.apps.heart, com.facebook.wearable.apps.heart.HEART_RATE.
11-19 17:17:22.800 I/chatty  ( 1194): uid=1000(system) Binder:1194_14 expire 6 lines
11-19 17:17:23.380 D/UIAutomatorStub( 6249): URI: /jsonrpc/0, Method: POST, Header: {content-length=192, remote-addr=127.0.0.1, http-client-ip=127.0.0.1, host=localhost:9010, content-type=application/json, accept-encoding=identity}, params, {NanoHttpd.QUERY_STRING=null}, files: {postData={"jsonrpc": "2.0", "method": "waitForExists", "id": "65879347011b1a5900a7d18aed3cdaea", "params": [{"mask": 1, "childOrSibling": [], "childOrSiblingSelector": [], "text": "Notifications"}, 5]}}
11-19 17:17:23.404 D/UIAutomatorStub( 6249): URI: /jsonrpc/0, Method: POST, Header: {content-length=191, remote-addr=127.0.0.1, http-client-ip=127.0.0.1, host=localhost:9010, content-type=application/json, accept-encoding=identity}, params, {NanoHttpd.QUERY_STRING=null}, files: {postData={"jsonrpc": "2.0", "method": "waitForExists", "id": "6015bfda6dc113b9299cbfdb7b9e30cf", "params": [{"mask": 1, "childOrSibling": [], "childOrSiblingSelector": [], "text": "Connectivity"}, 5]}}
11-19 17:17:23.451 D/UIAutomatorStub( 6249): URI: /jsonrpc/0, Method: POST, Header: {content-length=180, remote-addr=127.0.0.1, http-client-ip=127.0.0.1, host=localhost:9010, content-type=application/json, accept-encoding=identity}, params, {NanoHttpd.QUERY_STRING=null}, files: {postData={"jsonrpc": "2.0", "method": "click", "id": "f6c89105d5e6dbf2bf9cd06ee47b494e", "params": [{"mask": 1, "childOrSibling": [], "childOrSiblingSelector": [], "text": "Connectivity"}]}}
11-19 17:17:23.511 W/StatusBarClientConnection( 2752): Messenger is null, ignoring message: { when=-1h29m49s775ms barrier=1 }
11-19 17:17:23.532 E/StatusBarClientConnection( 2752): Service connected
11-19 17:17:23.558 W/View    ( 2752): requestLayout() improperly called by android.view.View{f806ac4 V.ED..... ......I. 0,368-474,474} during layout: running second layout pass
11-19 17:17:23.576 W/View    ( 2752): requestLayout() improperly called by com.facebook.wearable.common.wds.listview.WdsListView{3a79eda V.E..V... ........ 0,0-474,474} during second layout pass: posting in next frame
11-19 17:17:24.720 D/AppStorageManager( 1194): BEFORE:: Previous Size: 1060474880 Current Size: 1060577280
11-19 17:17:24.720 D/AppStorageManager( 1194): AFTER:: Previous Size: 1060577280 Current Size: 1060577280
11-19 17:17:24.946 E/TaskPersister( 1194): File error accessing recents directory (directory doesn't exist?).
11-19 17:17:25.178 W/HWComposer(  577): Ignoring duplicate VSYNC event from HWC for display 0 (t=5391441188984)
11-19 17:17:26.553 D/UIAutomatorStub( 6249): URI: /jsonrpc/0, Method: POST, Header: {content-length=183, remote-addr=127.0.0.1, http-client-ip=127.0.0.1, host=localhost:9010, content-type=application/json, accept-encoding=identity}, params, {NanoHttpd.QUERY_STRING=null}, files: {postData={"jsonrpc": "2.0", "method": "waitForExists", "id": "80c11c3fc5caf603106aace2857309b7", "params": [{"mask": 1, "childOrSibling": [], "childOrSiblingSelector": [], "text": "WiFi"}, 5]}}
11-19 17:17:26.587 D/UIAutomatorStub( 6249): URI: /jsonrpc/0, Method: POST, Header: {content-length=172, remote-addr=127.0.0.1, http-client-ip=127.0.0.1, host=localhost:9010, content-type=application/json, accept-encoding=identity}, params, {NanoHttpd.QUERY_STRING=null}, files: {postData={"jsonrpc": "2.0", "method": "click", "id": "03b43d0d2fa2c9704306de1123d5cc18", "params": [{"mask": 1, "childOrSibling": [], "childOrSiblingSelector": [], "text": "WiFi"}]}}
11-19 17:17:26.646 W/HWComposer(  577): Ignoring duplicate VSYNC event from HWC for display 0 (t=5392909709661)
11-19 17:17:26.671 W/StatusBarClientConnection( 2752): Messenger is null, ignoring message: { when=-1h29m52s935ms barrier=1 }
11-19 17:17:26.702 E/StatusBarClientConnection( 2752): Service connected
11-19 17:17:26.708 D/WifiConnector( 2841): Network State Changed
11-19 17:17:26.712 W/View    ( 2752): requestLayout() improperly called by android.view.View{9cdc37f V.ED..... ......I. 0,368-474,474} during layout: running second layout pass
11-19 17:17:26.722 D/WifiSharingService( 2841): Starting Wi-Fi scan
11-19 17:17:26.727 W/View    ( 2752): requestLayout() improperly called by com.facebook.wearable.common.wds.listview.WdsListView{99fec43 V.E..V... ........ 0,0-474,474} during second layout pass: posting in next frame
11-19 17:17:26.735 V/WifiHAL (  539): event received NL80211_CMD_TRIGGER_SCAN
11-19 17:17:27.280 V/WifiHAL (  539): event received NL80211_CMD_NEW_SCAN_RESULTS
11-19 17:17:27.285 D/LOWI-9.0.0.80( 1024): [LOWI-Scan] BSS 2c:57:41:86:8a:a1 LOWI_PHY_MODE_11NG_HT20(5), Beacon Interval: 100, LOWI_ENCRYPTION_TYPE_WPA_PSK 11mcRanging: No, ANQP: No, LCI: No, Civic: No, capability(0x1411): ESS Privacy ShortSlotTime
11-19 17:17:27.285 D/LOWI-9.0.0.80( 1024): [LOWI-Scan] BSS 2c:57:41:86:8a:a1 FREQ: 2412, cFreq1[40:80:160] = [0:0:0] cFreq2 = 0 Country Code = US
11-19 17:17:27.285 D/LOWI-9.0.0.80( 1024): [LOWI-Scan] BSS 2c:57:41:86:8a:a1 (wlan0) ASSO: NO AddInfo: 0x0, TSF 0, 01:29:53.543, RSSI: -132, CPL: 3, AGE: 0,  SSID kittyhawk, TSFDelta: 0x0, TXRate: 0
11-19 17:17:27.285 D/LOWI-9.0.0.80( 1024): [LOWI-Scan] 
11-19 17:17:27.285 D/LOWI-9.0.0.80( 1024): [LOWI-Scan] print_bss_handler: Report Probe TSF 5393543346 as it greater than Beacon TSF 4437293926
11-19 17:17:27.285 I/LOWI-9.0.0.80( 1024): [LOWI-Scan] RSN_IE
11-19 17:17:27.285 D/LOWI-9.0.0.80( 1024): [LOWI-Scan] decode_rsn_wpa_ie: Entered
11-19 17:17:27.285 D/LOWI-9.0.0.80( 1024): [LOWIUtils] hexDump: msg(30 14 01 00 00 0f ac 04 01 00 00 0f ac 04 01 00 00 0f ac 02 )
11-19 17:17:27.285 D/LOWI-9.0.0.80( 1024): [LOWI-Scan] decode_rsn_wpa_ie: LOWI_ENCRYPTION_TYPE_WPA_PSK
11-19 17:17:27.285 D/LOWI-9.0.0.80( 1024): [LOWI-Scan] is_qcom_ie, bss_age: 48
11-19 17:17:27.286 D/LOWI-9.0.0.80( 1024): [LOWI-Scan] BSS 2c:57:41:88:72:e1 LOWI_PHY_MODE_11NG_HT20(5), Beacon Interval: 100, LOWI_ENCRYPTION_TYPE_WPA_PSK 11mcRanging: No, ANQP: No, LCI: No, Civic: No, capability(0x1411): ESS Privacy ShortSlotTime
11-19 17:17:27.286 D/LOWI-9.0.0.80( 1024): [LOWI-Scan] BSS 2c:57:41:88:72:e1 FREQ: 2412, cFreq1[40:80:160] = [0:0:0] cFreq2 = 0 Country Code = US
11-19 17:17:27.286 D/LOWI-9.0.0.80( 1024): [LOWI-Scan] BSS 2c:57:41:88:72:e1 (wlan0) ASSO: NO AddInfo: 0x0, TSF 0, 01:29:53.543, RSSI: -152, CPL: 3, AGE: 0,  SSID kittyhawk, TSFDelta: 0x0, TXRate: 0
11-19 17:17:27.286 D/LOWI-9.0.0.80( 1024): [LOWI-Scan] 
11-19 17:17:27.286 D/LOWI-9.0.0.80( 1024): [LOWI-Scan] print_bss_handler: Report Probe TSF 5393543138 as it greater than Beacon TSF 4639967714
11-19 17:17:27.286 I/LOWI-9.0.0.80( 1024): [LOWI-Scan] RSN_IE
11-19 17:17:27.286 D/LOWI-9.0.0.80( 1024): [LOWI-Scan] decode_rsn_wpa_ie: Entered
11-19 17:17:27.286 D/LOWI-9.0.0.80( 1024): [LOWIUtils] hexDump: msg(30 14 01 00 00 0f ac 04 01 00 00 0f ac 04 01 00 00 0f ac 02 )
11-19 17:17:27.286 D/LOWI-9.0.0.80( 1024): [LOWI-Scan] decode_rsn_wpa_ie: LOWI_ENCRYPTION_TYPE_WPA_PSK
11-19 17:17:27.286 D/LOWI-9.0.0.80( 1024): [LOWI-Scan] is_qcom_ie, bss_age: 48
11-19 17:17:27.287 D/LOWI-9.0.0.80( 1024): [LOWI-Scan] BSS 12:d7:96:61:85:9f LOWI_PHY_MODE_11AC_VHT20_2G(11), Beacon Interval: 100, LOWI_ENCRYPTION_TYPE_WPA_PSK 11mcRanging: No, ANQP: Yes, LCI: No, Civic: No, capability(0x1431): ESS Privacy ShortPreamble ShortSlotTime
11-19 17:17:27.287 D/LOWI-9.0.0.80( 1024): [LOWI-Scan] BSS 12:d7:96:61:85:9f FREQ: 2412, cFreq1[40:80:160] = [0:0:0] cFreq2 = 0 Country Code =    
11-19 17:17:27.287 D/LOWI-9.0.0.80( 1024): [LOWI-Scan] BSS 12:d7:96:61:85:9f (wlan0) ASSO: NO AddInfo: 0x0, TSF 0, 01:29:53.543, RSSI: -104, CPL: 127, AGE: 0,  SSID Pixel_R5, TSFDelta: 0x0, TXRate: 0
11-19 17:17:27.287 D/LOWI-9.0.0.80( 1024): [LOWI-Scan] 
11-19 17:17:27.287 D/LOWI-9.0.0.80( 1024): [LOWI-Scan] print_bss_handler: Report Probe TSF 5393543097 as it greater than Beacon TSF 5241561178
11-19 17:17:27.287 I/LOWI-9.0.0.80( 1024): [LOWI-Scan] RSN_IE
11-19 17:17:27.287 D/LOWI-9.0.0.80( 1024): [LOWI-Scan] decode_rsn_wpa_ie: Entered
11-19 17:17:27.288 D/LOWI-9.0.0.80( 1024): [LOWIUtils] hexDump: msg(30 14 01 00 00 0f ac 04 01 00 00 0f ac 04 01 00 00 0f ac 02 )
11-19 17:17:27.288 D/LOWI-9.0.0.80( 1024): [LOWI-Scan] decode_rsn_wpa_ie: LOWI_ENCRYPTION_TYPE_WPA_PSK
11-19 17:17:27.288 D/LOWI-9.0.0.80( 1024): [LOWI-Scan] is_qcom_ie, bss_age: 26
11-19 17:17:27.288 D/LOWI-9.0.0.80( 1024): [LOWI-Scan] BSS ce:dc:12:3b:87:fd LOWI_PHY_MODE_11AC_VHT20_2G(11), Beacon Interval: 100, LOWI_ENCRYPTION_TYPE_WPA_PSK 11mcRanging: No, ANQP: Yes, LCI: No, Civic: No, capability(0x1431): ESS Privacy ShortPreamble ShortSlotTime
11-19 17:17:27.288 D/LOWI-9.0.0.80( 1024): [LOWI-Scan] BSS ce:dc:12:3b:87:fd FREQ: 2437, cFreq1[40:80:160] = [0:0:0] cFreq2 = 0 Country Code =    
11-19 17:17:27.288 D/LOWI-9.0.0.80( 1024): [LOWI-Scan] BSS ce:dc:12:3b:87:fd (wlan0) ASSO: NO AddInfo: 0x0, TSF 0, 01:29:53.543, RSSI: -102, CPL: 127, AGE: 0,  SSID Pixel5_R1, TSFDelta: 0x0, TXRate: 0
11-19 17:17:27.288 D/LOWI-9.0.0.80( 1024): [LOWI-Scan] 
11-19 17:17:27.288 D/LOWI-9.0.0.80( 1024): [LOWI-Scan] print_bss_handler: Report Probe TSF 5393543178 as it greater than Beacon TSF 5011930821
11-19 17:17:27.288 I/LOWI-9.0.0.80( 1024): [LOWI-Scan] RSN_IE
11-19 17:17:27.289 D/LOWI-9.0.0.80( 1024): [LOWI-Scan] decode_rsn_wpa_ie: Entered
11-19 17:17:27.289 D/LOWI-9.0.0.80( 1024): [LOWIUtils] hexDump: msg(30 14 01 00 00 0f ac 04 01 00 00 0f ac 04 01 00 00 0f ac 02 )
11-19 17:17:27.289 D/LOWI-9.0.0.80( 1024): [LOWI-Scan] decode_rsn_wpa_ie: LOWI_ENCRYPTION_TYPE_WPA_PSK
11-19 17:17:27.289 D/LOWI-9.0.0.80( 1024): [LOWI-Scan] is_qcom_ie, bss_age: 48
11-19 17:17:27.289 D/LOWI-9.0.0.80( 1024): [LOWI-Scan] BSS be:9e:0e:1c:6e:7f LOWI_PHY_MODE_11AC_VHT20_2G(11), Beacon Interval: 100, LOWI_ENCRYPTION_TYPE_WPA_PSK 11mcRanging: No, ANQP: No, LCI: No, Civic: No, capability(0x1431): ESS Privacy ShortPreamble ShortSlotTime
11-19 17:17:27.289 D/LOWI-9.0.0.80( 1024): [LOWI-Scan] BSS be:9e:0e:1c:6e:7f FREQ: 2412, cFreq1[40:80:160] = [0:0:0] cFreq2 = 0 Country Code =    
11-19 17:17:27.289 D/LOWI-9.0.0.80( 1024): [LOWI-Scan] BSS be:9e:0e:1c:6e:7f (wlan0) ASSO: NO AddInfo: 0x0, TSF 0, 01:29:53.543, RSSI: -112, CPL: 127, AGE: 0,  SSID Pixel_3541, TSFDelta: 0x0, TXRate: 0
11-19 17:17:27.290 D/LOWI-9.0.0.80( 1024): [LOWI-Scan] 
11-19 17:17:27.291 D/LOWI-9.0.0.80( 1024): [LOWI-Scan] print_bss_handler: Report Probe TSF 5393543364 as it greater than Beacon TSF 4735555949
11-19 17:17:27.291 I/LOWI-9.0.0.80( 1024): [LOWI-Scan] RSN_IE
11-19 17:17:27.291 D/LOWI-9.0.0.80( 1024): [LOWI-Scan] decode_rsn_wpa_ie: Entered
11-19 17:17:27.291 D/LOWI-9.0.0.80( 1024): [LOWIUtils] hexDump: msg(30 14 01 00 00 0f ac 04 01 00 00 0f ac 04 01 00 00 0f ac 02 )
11-19 17:17:27.292 D/LOWI-9.0.0.80( 1024): [LOWI-Scan] decode_rsn_wpa_ie: LOWI_ENCRYPTION_TYPE_WPA_PSK
11-19 17:17:27.292 D/LOWI-9.0.0.80( 1024): [LOWI-Scan] is_qcom_ie, bss_age: 48
11-19 17:17:27.292 D/LOWI-9.0.0.80( 1024): [LOWI-Scan] BSS 2c:57:41:86:7a:61 LOWI_PHY_MODE_11NG_HT20(5), Beacon Interval: 100, LOWI_ENCRYPTION_TYPE_WPA_PSK 11mcRanging: No, ANQP: No, LCI: No, Civic: No, capability(0x1411): ESS Privacy ShortSlotTime
11-19 17:17:27.292 D/LOWI-9.0.0.80( 1024): [LOWI-Scan] BSS 2c:57:41:86:7a:61 FREQ: 2412, cFreq1[40:80:160] = [0:0:0] cFreq2 = 0 Country Code = US
11-19 17:17:27.292 D/LOWI-9.0.0.80( 1024): [LOWI-Scan] BSS 2c:57:41:86:7a:61 (wlan0) ASSO: NO AddInfo: 0x0, TSF 0, 01:29:53.543, RSSI: -158, CPL: 3, AGE: 0,  SSID kittyhawk, TSFDelta: 0x0, TXRate: 0
11-19 17:17:27.293 D/LOWI-9.0.0.80( 1024): [LOWI-Scan] 
11-19 17:17:27.293 D/LOWI-9.0.0.80( 1024): [LOWI-Scan] print_bss_handler: Report Probe TSF 5393543283 as it greater than Beacon TSF 5364673456
11-19 17:17:27.293 I/LOWI-9.0.0.80( 1024): [LOWI-Scan] RSN_IE
11-19 17:17:27.293 D/LOWI-9.0.0.80( 1024): [LOWI-Scan] decode_rsn_wpa_ie: Entered
11-19 17:17:27.293 D/LOWI-9.0.0.80( 1024): [LOWIUtils] hexDump: msg(30 14 01 00 00 0f ac 04 01 00 00 0f ac 04 01 00 00 0f ac 02 )
11-19 17:17:27.293 D/LOWI-9.0.0.80( 1024): [LOWI-Scan] decode_rsn_wpa_ie: LOWI_ENCRYPTION_TYPE_WPA_PSK
11-19 17:17:27.293 D/LOWI-9.0.0.80( 1024): [LOWI-Scan] is_qcom_ie, bss_age: 47
11-19 17:17:27.293 D/LOWI-9.0.0.80( 1024): [LOWI-Scan] BSS 18:64:72:60:2b:40 LOWI_PHY_MODE_11NG_HT20(5), Beacon Interval: 100, LOWI_ENCRYPTION_TYPE_WPA_PSK 11mcRanging: No, ANQP: No, LCI: No, Civic: No, capability(0x0431): ESS Privacy ShortPreamble ShortSlotTime
11-19 17:17:27.293 D/LOWI-9.0.0.80( 1024): [LOWI-Scan] BSS 18:64:72:60:2b:40 FREQ: 2412, cFreq1[40:80:160] = [0:0:0] cFreq2 = 0 Country Code =    
11-19 17:17:27.293 D/LOWI-9.0.0.80( 1024): [LOWI-Scan] BSS 18:64:72:60:2b:40 (wlan0) ASSO: NO AddInfo: 0x0, TSF 0, 01:29:53.543, RSSI: -142, CPL: 127, AGE: 0,  SSID lab-t24103779, TSFDelta: 0x0, TXRate: 0
11-19 17:17:27.294 D/LOWI-9.0.0.80( 1024): [LOWI-Scan] 
11-19 17:17:27.294 D/LOWI-9.0.0.80( 1024): [LOWI-Scan] print_bss_handler: Report Probe TSF 5364673591 as it greater than Beacon TSF 5062218465
11-19 17:17:27.294 I/LOWI-9.0.0.80( 1024): [LOWI-Scan] RSN_IE
11-19 17:17:27.294 D/LOWI-9.0.0.80( 1024): [LOWI-Scan] decode_rsn_wpa_ie: Entered
11-19 17:17:27.294 D/LOWI-9.0.0.80( 1024): [LOWIUtils] hexDump: msg(30 14 01 00 00 0f ac 04 01 00 00 0f ac 04 01 00 00 0f ac 02 )
11-19 17:17:27.294 D/LOWI-9.0.0.80( 1024): [LOWI-Scan] decode_rsn_wpa_ie: LOWI_ENCRYPTION_TYPE_WPA_PSK
11-19 17:17:27.294 D/LOWI-9.0.0.80( 1024): [LOWI-Scan] is_qcom_ie, bss_age: 57
11-19 17:17:27.294 D/LOWI-9.0.0.80( 1024): [LOWI-Scan] adjust_age:AP AGE upper limit reached. Dont store
11-19 17:17:27.294 D/LOWI-9.0.0.80( 1024): [LOWI-Scan] BSS 2c:57:41:89:53:21 LOWI_PHY_MODE_11NG_HT20(5), Beacon Interval: 100, LOWI_ENCRYPTION_TYPE_WPA_PSK 11mcRanging: No, ANQP: No, LCI: No, Civic: No, capability(0x1411): ESS Privacy ShortSlotTime
11-19 17:17:27.294 D/LOWI-9.0.0.80( 1024): [LOWI-Scan] BSS 2c:57:41:89:53:21 FREQ: 2412, cFreq1[40:80:160] = [0:0:0] cFreq2 = 0 Country Code = US
11-19 17:17:27.294 D/LOWI-9.0.0.80( 1024): [LOWI-Scan] BSS 2c:57:41:89:53:21 (wlan0) ASSO: NO AddInfo: 0x0, TSF 0, 01:29:24.673, RSSI: -162, CPL: 3, AGE: 28870,  SSID kittyhawk, TSFDelta: 0x0, TXRate: 0
11-19 17:17:27.295 D/LOWI-9.0.0.80( 1024): [LOWI-Scan] 
11-19 17:17:27.295 D/LOWI-9.0.0.80( 1024): [LOWI-Scan] print_bss_handler: Report Probe TSF 5393543117 as it greater than Beacon TSF 5190732229
11-19 17:17:27.295 I/LOWI-9.0.0.80( 1024): [LOWI-Scan] RSN_IE
11-19 17:17:27.295 D/LOWI-9.0.0.80( 1024): [LOWI-Scan] decode_rsn_wpa_ie: Entered
11-19 17:17:27.295 D/LOWI-9.0.0.80( 1024): [LOWIUtils] hexDump: msg(30 14 01 00 00 0f ac 04 01 00 00 0f ac 04 01 00 00 0f ac 02 )
11-19 17:17:27.295 D/LOWI-9.0.0.80( 1024): [LOWI-Scan] decode_rsn_wpa_ie: LOWI_ENCRYPTION_TYPE_WPA_PSK
11-19 17:17:27.295 D/LOWI-9.0.0.80( 1024): [LOWI-Scan] is_qcom_ie, bss_age: 42
11-19 17:17:27.295 D/LOWI-9.0.0.80( 1024): [LOWI-Scan] BSS 52:b8:14:37:74:3f LOWI_PHY_MODE_11AC_VHT20_2G(11), Beacon Interval: 100, LOWI_ENCRYPTION_TYPE_WPA_PSK 11mcRanging: No, ANQP: No, LCI: No, Civic: No, capability(0x1431): ESS Privacy ShortPreamble ShortSlotTime
11-19 17:17:27.296 D/LOWI-9.0.0.80( 1024): [LOWI-Scan] BSS 52:b8:14:37:74:3f FREQ: 2417, cFreq1[40:80:160] = [0:0:0] cFreq2 = 0 Country Code =    
11-19 17:17:27.296 D/LOWI-9.0.0.80( 1024): [LOWI-Scan] BSS 52:b8:14:37:74:3f (wlan0) ASSO: NO AddInfo: 0x0, TSF 0, 01:29:53.543, RSSI: -108, CPL: 127, AGE: 0,  SSID Pixel_8668, TSFDelta: 0x0, TXRate: 0
11-19 17:17:27.296 D/LOWI-9.0.0.80( 1024): [LOWI-Scan] 
11-19 17:17:27.296 D/LOWI-9.0.0.80( 1024): [LOWI-Scan] print_bss_handler: Report Probe TSF 5393543218 as it greater than Beacon TSF 5292522857
11-19 17:17:27.296 I/LOWI-9.0.0.80( 1024): [LOWI-Scan] RSN_IE
11-19 17:17:27.296 D/LOWI-9.0.0.80( 1024): [LOWI-Scan] decode_rsn_wpa_ie: Entered
11-19 17:17:27.297 D/LOWI-9.0.0.80( 1024): [LOWIUtils] hexDump: msg(30 14 01 00 00 0f ac 04 01 00 00 0f ac 04 01 00 00 0f ac 02 )
11-19 17:17:27.297 D/LOWI-9.0.0.80( 1024): [LOWI-Scan] decode_rsn_wpa_ie: LOWI_ENCRYPTION_TYPE_WPA_PSK
11-19 17:17:27.297 D/LOWI-9.0.0.80( 1024): [LOWI-Scan] is_qcom_ie, bss_age: 14
11-19 17:17:27.297 D/LOWI-9.0.0.80( 1024): [LOWI-Scan] BSS fe:2d:5a:49:61:eb LOWI_PHY_MODE_11AC_VHT20_2G(11), Beacon Interval: 100, LOWI_ENCRYPTION_TYPE_WPA_PSK 11mcRanging: No, ANQP: Yes, LCI: No, Civic: No, capability(0x1431): ESS Privacy ShortPreamble ShortSlotTime
11-19 17:17:27.297 D/LOWI-9.0.0.80( 1024): [LOWI-Scan] BSS fe:2d:5a:49:61:eb FREQ: 2452, cFreq1[40:80:160] = [0:0:0] cFreq2 = 0 Country Code =    
11-19 17:17:27.297 D/LOWI-9.0.0.80( 1024): [LOWI-Scan] BSS fe:2d:5a:49:61:eb (wlan0) ASSO: NO AddInfo: 0x0, TSF 0, 01:29:53.543, RSSI: -114, CPL: 127, AGE: 0,  SSID Pixel_R2, TSFDelta: 0x0, TXRate: 0
11-19 17:17:27.297 D/LOWI-9.0.0.80( 1024): [LOWI-Scan] 
11-19 17:17:27.297 D/LOWI-9.0.0.80( 1024): [LOWI-Scan] print_bss_handler: Report Probe TSF 5393543327 as it greater than Beacon TSF 0
11-19 17:17:27.298 I/LOWI-9.0.0.80( 1024): [LOWI-Scan] RSN_IE
11-19 17:17:27.298 D/LOWI-9.0.0.80( 1024): [LOWI-Scan] decode_rsn_wpa_ie: Entered
11-19 17:17:27.298 D/LOWI-9.0.0.80( 1024): [LOWIUtils] hexDump: msg(30 14 01 00 00 0f ac 04 01 00 00 0f ac 04 01 00 00 0f ac 02 )
11-19 17:17:27.298 D/LOWI-9.0.0.80( 1024): [LOWI-Scan] decode_rsn_wpa_ie: LOWI_ENCRYPTION_TYPE_WPA_PSK
11-19 17:17:27.298 D/LOWI-9.0.0.80( 1024): [LOWI-Scan] is_qcom_ie, bss_age: 5
11-19 17:17:27.298 D/LOWI-9.0.0.80( 1024): [LOWI-Scan] BSS 2c:57:41:86:85:21 LOWI_PHY_MODE_11NG_HT20(5), Beacon Interval: 100, LOWI_ENCRYPTION_TYPE_WPA_PSK 11mcRanging: No, ANQP: No, LCI: No, Civic: No, capability(0x1411): ESS Privacy ShortSlotTime
11-19 17:17:27.298 D/LOWI-9.0.0.80( 1024): [LOWI-Scan] BSS 2c:57:41:86:85:21 FREQ: 2462, cFreq1[40:80:160] = [0:0:0] cFreq2 = 0 Country Code = US
11-19 17:17:27.298 D/LOWI-9.0.0.80( 1024): [LOWI-Scan] BSS 2c:57:41:86:85:21 (wlan0) ASSO: NO AddInfo: 0x0, TSF 0, 01:29:53.543, RSSI: -160, CPL: 2, AGE: 0,  SSID kittyhawk, TSFDelta: 0x0, TXRate: 0
11-19 17:17:27.298 D/LOWI-9.0.0.80( 1024): [LOWI-Scan] 
11-19 17:17:27.298 D/LOWI-9.0.0.80( 1024): [LOWI-Scan] print_bss_handler: Report Probe TSF 5393543384 as it greater than Beacon TSF 0
11-19 17:17:27.299 I/LOWI-9.0.0.80( 1024): [LOWI-Scan] RSN_IE
11-19 17:17:27.299 D/LOWI-9.0.0.80( 1024): [LOWI-Scan] decode_rsn_wpa_ie: Entered
11-19 17:17:27.299 D/LOWI-9.0.0.80( 1024): [LOWIUtils] hexDump: msg(30 14 01 00 00 0f ac 04 01 00 00 0f ac 04 01 00 00 0f ac 02 )
11-19 17:17:27.299 D/LOWI-9.0.0.80( 1024): [LOWI-Scan] decode_rsn_wpa_ie: LOWI_ENCRYPTION_TYPE_WPA_PSK
11-19 17:17:27.299 D/LOWI-9.0.0.80( 1024): [LOWI-Scan] is_qcom_ie, bss_age: 26
11-19 17:17:27.299 D/LOWI-9.0.0.80( 1024): [LOWI-Scan] BSS 2c:57:41:89:63:c1 LOWI_PHY_MODE_11NG_HT20(5), Beacon Interval: 100, LOWI_ENCRYPTION_TYPE_WPA_PSK 11mcRanging: No, ANQP: No, LCI: No, Civic: No, capability(0x1411): ESS Privacy ShortSlotTime
11-19 17:17:27.299 D/LOWI-9.0.0.80( 1024): [LOWI-Scan] BSS 2c:57:41:89:63:c1 FREQ: 2437, cFreq1[40:80:160] = [0:0:0] cFreq2 = 0 Country Code = US
11-19 17:17:27.299 D/LOWI-9.0.0.80( 1024): [LOWI-Scan] BSS 2c:57:41:89:63:c1 (wlan0) ASSO: NO AddInfo: 0x0, TSF 0, 01:29:53.543, RSSI: -162, CPL: 2, AGE: 0,  SSID kittyhawk, TSFDelta: 0x0, TXRate: 0
11-19 17:17:27.299 D/LOWI-9.0.0.80( 1024): [LOWIDiagLog] Log: lowiMeasResult->request: invalid null argument
11-19 17:17:27.299 I/LOWI-9.0.0.80( 1024): [LOWI-Scan] lowi_close_record:Scan done in 5349782ms, 18 APs in scan results
11-19 17:17:27.299 D/LOWI-9.0.0.80( 1024): [LOWI-Scan] WipsScanUsingNL: passive scan cached 0, took 9381 ms, err 0
11-19 17:17:27.299 D/LOWI-9.0.0.80( 1024): [LOWI-Scan] lowi_proc_req_passive_scan_with_live_meas - No WLAN Frames to be parsed
11-19 17:17:27.299 D/LOWI-9.0.0.80( 1024): [LOWIScanResultReceiver] Send scan meas to listener
11-19 17:17:27.300 D/LOWI-9.0.0.80( 1024): [LOWIScanResultReceiver] Enter passive listening mode
11-19 17:17:27.300 D/LOWI-9.0.0.80( 1024): [LOWIWifiDriverInterface] getMeasurements - Passive listening mode
11-19 17:17:27.300 D/LOWI-9.0.0.80( 1024): [LOWI-Scan] WipsScanUsingNL:wait -1 sec for netlink message
11-19 17:17:27.300 D/LOWI-9.0.0.80( 1024): [LOWIEventReceiver] handleEvent:FROM:NA, TO:NA, REQ:NA, IREQ:NA, REQ_ID:0, RESP:NA, INFO:NA
11-19 17:17:27.300 D/LOWI-9.0.0.80( 1024): [LOWIBackgroundScanMgr] isRspForBgScanMgr: evt(LOWI_NO_EVT) - not handled
11-19 17:17:27.300 D/LOWI-9.0.0.80( 1024): [LOWIScheduler] manageMsg: NULL results or NULL request in results
11-19 17:17:27.300 D/LOWI-9.0.0.80( 1024): [LOWIController] Measurements received
11-19 17:17:27.300 D/LOWI-9.0.0.80( 1024): [LOWICacheManager] putInCache:Num of Meas to add: 18
11-19 17:17:27.301 D/LOWI-9.0.0.80( 1024): [LOWIController] processMeasurementResults: No current Request. Cache measurements
11-19 17:17:27.301 D/LOWI-9.0.0.80( 1024): [LOWIControllerExtn] sendLOWILpDiscoveryScanResponse: Not a discovery scan response
11-19 17:17:27.303 D/PasspointManager( 1194): ANQP entry not found for: ce:dc:12:3b:87:fd:<Pixel5_R1>
11-19 17:17:27.303 D/PasspointManager( 1194): ANQP entry not found for: fe:2d:5a:49:61:eb:<Pixel_R2>
11-19 17:17:27.356 D/WifiSharingService( 2841): Sending scanResults intent with status code 0: PendingIntent{1e42585: android.os.BinderProxy@f201625}
11-19 17:17:27.362 D/CompatibilityInfo( 1194): mCompatibilityFlags - 4
11-19 17:17:27.363 D/CompatibilityInfo( 1194): applicationDensity - 320
11-19 17:17:27.363 D/CompatibilityInfo( 1194): applicationScale - 1.0
11-19 17:17:27.364 E/QMI_FW  ( 1113): qmi_cci_get_ref: ref count increased 2
11-19 17:17:27.368 E/QMI_FW  ( 1113): qmi_cci_get_ref: ref count increased 2
11-19 17:17:27.380 I/WearableConnectivityManager( 2581): LTE Signal strength is: 1
11-19 17:17:27.380 I/WearableConnectivityManager( 2581): Cellular Signal strength is: 1
11-19 17:17:27.381 D/RadioLinkQualityScoreBuilder( 1975): scoreRsrp: 2scoreRsrq: 2scoreRssnr: 3
11-19 17:17:28.368 W/HWComposer(  577): Ignoring duplicate VSYNC event from HWC for display 0 (t=5394631699920)
11-19 17:17:28.385 W/HWComposer(  577): Ignoring duplicate VSYNC event from HWC for display 0 (t=5394648598202)
11-19 17:17:28.420 W/HWComposer(  577): Ignoring duplicate VSYNC event from HWC for display 0 (t=5394682323097)
11-19 17:17:29.179 W/HWComposer(  577): Ignoring duplicate VSYNC event from HWC for display 0 (t=5395442025180)
11-19 17:17:29.195 W/HWComposer(  577): Ignoring duplicate VSYNC event from HWC for display 0 (t=5395458930753)
11-19 17:17:29.229 W/HWComposer(  577): Ignoring duplicate VSYNC event from HWC for display 0 (t=5395492645805)
11-19 17:17:29.706 D/UIAutomatorStub( 6249): URI: /jsonrpc/0, Method: POST, Header: {content-length=229, remote-addr=127.0.0.1, http-client-ip=127.0.0.1, host=localhost:9010, content-type=application/json, accept-encoding=identity}, params, {NanoHttpd.QUERY_STRING=null}, files: {postData={"jsonrpc": "2.0", "method": "objInfo", "id": "1b7761c9c99136fe2deb7f00bfbf6918", "params": [{"mask": 2097152, "childOrSibling": [], "childOrSiblingSelector": [], "resourceId": "com.facebook.wearable.system.settings:id/toggle"}]}}
11-19 17:17:29.795 D/UIAutomatorStub( 6249): URI: /jsonrpc/0, Method: POST, Header: {content-length=227, remote-addr=127.0.0.1, http-client-ip=127.0.0.1, host=localhost:9010, content-type=application/json, accept-encoding=identity}, params, {NanoHttpd.QUERY_STRING=null}, files: {postData={"jsonrpc": "2.0", "method": "click", "id": "07dc62c9463d34b21a4efe6533498d6a", "params": [{"mask": 2097152, "childOrSibling": [], "childOrSiblingSelector": [], "resourceId": "com.facebook.wearable.system.settings:id/toggle"}]}}
11-19 17:17:29.852 D/WifiSharingService( 2841): Setting Wi-Fi enabled state
11-19 17:17:29.854 I/WifiService( 1194): setWifiEnabled package=com.facebook.wearable.system.connectivity uid=1000 enable=false
11-19 17:17:29.856 D/WifiActiveModeWarden( 1194): Switching all client mode managers
11-19 17:17:29.858 D/QCNEJ/WlanStaInfoRelay( 1900): onChange for uri = content://settings/global/wifi_on
11-19 17:17:29.862 E/QMI_FW  (  927): qmi_cci_get_ref: ref count increased 2
11-19 17:17:29.866 D/WifiP2pService( 1194): Wifi enabled=false, P2P Interface availability=true
11-19 17:17:29.868 D/WifiP2pNative( 1194): Teardown P2P interface
11-19 17:17:29.869 D/WifiP2pService( 1194): Wifi enabled=false, P2P Interface availability=true
11-19 17:17:29.871 D/WifiClientModeManager1( 1194): IMS not registered over IWLAN for subId: 1
11-19 17:17:29.872 D/WifiClientModeManager1( 1194): The target role 5
11-19 17:17:29.872 W/ContextImpl( 1194): Calling a method in the system process without a qualified user: android.app.ContextImpl.sendBroadcastMultiplePermissions:1143 android.content.Context.sendBroadcastWithMultiplePermissions:2150 com.android.server.display.WifiDisplayAdapter.handleSendStatusChangeBroadcast:440 com.android.server.display.WifiDisplayAdapter.access$1700:63 com.android.server.display.WifiDisplayAdapter$WifiDisplayHandler.handleMessage:675 
11-19 17:17:29.892 I/wpa_supplicant( 9914): p2p0: Do not deauthenticate as part of interface deinit since WoWLAN is enabled
11-19 17:17:29.937 E/wpa_supplicant( 9914): eap_proxy: pthread_join on eap_proxy=0x7744fa8
11-19 17:17:29.937 E/wpa_supplicant( 9914): eap_proxy: session not started for client = 1
11-19 17:17:29.937 E/QMI_FW  ( 9914): qmi_cci_get_ref: ref count increased 2
11-19 17:17:29.937 E/QMI_FW  ( 9914): qmi_cci_get_ref: ref count increased 2
11-19 17:17:29.938 E/wpa_supplicant( 9914): eap_proxy: Released QMI UIM service client
11-19 17:17:29.938 E/QMI_FW  ( 9914): qmi_cci_get_ref: ref count increased 2
11-19 17:17:29.938 E/QMI_FW  ( 9914): qmi_cci_get_ref: ref count increased 2
11-19 17:17:29.939 W/HWComposer(  577): Ignoring duplicate VSYNC event from HWC for display 0 (t=5396201638826)
11-19 17:17:29.942 E/wpa_supplicant( 9914): eap_proxy: Released QMI EAP service client
11-19 17:17:29.942 E/wpa_supplicant( 9914): eap_proxy: session not started for client = 2
11-19 17:17:29.942 E/QMI_FW  ( 9914): qmi_cci_get_ref: ref count increased 2
11-19 17:17:29.942 E/QMI_FW  ( 9914): qmi_cci_get_ref: ref count increased 2
11-19 17:17:29.943 E/wpa_supplicant( 9914): eap_proxy: Released QMI UIM service client
11-19 17:17:29.943 E/QMI_FW  ( 9914): qmi_cci_get_ref: ref count increased 2
11-19 17:17:29.943 E/QMI_FW  ( 9914): qmi_cci_get_ref: ref count increased 2
11-19 17:17:29.945 E/wpa_supplicant( 9914): eap_proxy: Released QMI EAP service client
11-19 17:17:29.946 I/wpa_supplicant( 9914): eap_proxy: eap_proxy Deinitialzed
11-19 17:17:29.978 I/wpa_supplicant( 9914): nl80211: deinit ifname=p2p0 disabled_11b_rates=0
11-19 17:17:30.017 D/LOWI-9.0.0.80( 1024): [LOWINetlinkSocketReceiver] unpackRTMLinkMessage: RTM_NEWLINK - ifname p2p0, flags 0x1003 ([UP])
11-19 17:17:30.067 D/LOWI-9.0.0.80( 1024): [LOWINetlinkSocketReceiver] unpackRTMLinkMessage: RTM_NEWLINK - ifname p2p0, flags 0x1002 ()
11-19 17:17:30.075 D/LOWI-9.0.0.80( 1024): [LOWINetlinkSocketReceiver] unpackRTMLinkMessage: RTM_NEWLINK - ifname p2p0, flags 0x1002 ()
11-19 17:17:30.079 I/wpa_supplicant( 9914): Try to unregister vendor p2 interface
11-19 17:17:30.085 I/WifiP2pNative( 1194): P2P interface teardown completed
11-19 17:17:30.086 D/WifiP2pNative( 1194): P2P InterfaceDestroyedListener p2p0
11-19 17:17:30.086 D/WifiP2pNative( 1194): Ignoring stale interface destroyed listener
11-19 17:17:30.086 D/WifiP2pNative( 1194): P2P InterfaceAvailableListener true
11-19 17:17:30.086 D/WifiP2pService( 1194): Wifi enabled=false, P2P Interface availability=true
11-19 17:17:30.088 I/android_os_HwBinder( 1194): HwBinder: Starting thread pool for getting: android.hardware.wifi.supplicant@1.0::ISupplicant/default
11-19 17:17:30.090 I/wpa_supplicant( 9914): wlan0: Do not deauthenticate as part of interface deinit since WoWLAN is enabled
11-19 17:17:30.103 D/ConnectivityService( 1194): handleLingerComplete for [100 CELLULAR]
11-19 17:17:30.120 D/QCNEJ/WwanInfoRelay( 1900): onCapabilitiesChanged: 100 [ Transports: CELLULAR Capabilities: MMS&SUPL&FOTA&INTERNET&NOT_RESTRICTED&TRUSTED&NOT_VPN&VALIDATED&NOT_ROAMING&NOT_CONGESTED&NOT_SUSPENDED LinkUpBandwidth>=15000Kbps LinkDnBandwidth>=30000Kbps Specifier: <TelephonyNetworkSpecifier [mSubId = 1]> AdministratorUids: [] RequestorUid: -1 RequestorPackageName: null]
11-19 17:17:30.121 I/QCNEJ/WwanInfoRelay( 1900): cacheWwanInfo subId = 1 phoneId = 0 slotId = 0
11-19 17:17:30.137 I/wpa_supplicant( 9914): Try to unregister vendor STA network
11-19 17:17:30.138 E/wpa_supplicant( 9914): eap_proxy: pthread_join on eap_proxy=0x7744eac
11-19 17:17:30.138 E/wpa_supplicant( 9914): eap_proxy: session not started for client = 1
11-19 17:17:30.138 E/QMI_FW  ( 9914): qmi_cci_get_ref: ref count increased 2
11-19 17:17:30.138 E/QMI_FW  ( 9914): qmi_cci_get_ref: ref count increased 2
11-19 17:17:30.140 E/wpa_supplicant( 9914): eap_proxy: Released QMI UIM service client
11-19 17:17:30.141 E/QMI_FW  ( 9914): qmi_cci_get_ref: ref count increased 2
11-19 17:17:30.141 E/QMI_FW  ( 9914): qmi_cci_get_ref: ref count increased 2
11-19 17:17:30.144 E/wpa_supplicant( 9914): eap_proxy: Released QMI EAP service client
11-19 17:17:30.144 E/wpa_supplicant( 9914): eap_proxy: session not started for client = 2
11-19 17:17:30.144 E/QMI_FW  ( 9914): qmi_cci_get_ref: ref count increased 2
11-19 17:17:30.144 E/QMI_FW  ( 9914): qmi_cci_get_ref: ref count increased 2
11-19 17:17:30.148 E/wpa_supplicant( 9914): eap_proxy: Released QMI UIM service client
11-19 17:17:30.148 E/QMI_FW  ( 9914): qmi_cci_get_ref: ref count increased 2
11-19 17:17:30.148 E/QMI_FW  ( 9914): qmi_cci_get_ref: ref count increased 2
11-19 17:17:30.152 E/wpa_supplicant( 9914): eap_proxy: Released QMI EAP service client
11-19 17:17:30.152 I/wpa_supplicant( 9914): eap_proxy: eap_proxy Deinitialzed
11-19 17:17:30.188 I/wpa_supplicant( 9914): nl80211: deinit ifname=wlan0 disabled_11b_rates=0
11-19 17:17:30.227 D/LOWI-9.0.0.80( 1024): [LOWINetlinkSocketReceiver] unpackRTMLinkMessage: RTM_NEWLINK - ifname wlan0, flags 0x11043 ([UP][RUNNING])
11-19 17:17:30.227 D/LOWI-9.0.0.80( 1024): [LOWINetlinkSocketReceiver] processNetlinkPacket: ifname(wlan0) status(2)
11-19 17:17:30.227 D/LOWI-9.0.0.80( 1024): [LOWIController] intfStateReceived: ifname(wlan0) state(2)
11-19 17:17:30.228 I/wpa_supplicant( 9914): Try to unregister vendor interface
11-19 17:17:30.228 D/LOWI-9.0.0.80( 1024): [LOWIEventReceiver] handleEvent:FROM:NA, TO:NA, REQ:NA, IREQ:NA, REQ_ID:0, RESP:NA, INFO:INTF-STATUS-UPDATE
11-19 17:17:30.228 D/LOWI-9.0.0.80( 1024): [LOWIEventReceiver] Info to [INTF-STATUS-UPDATE]
11-19 17:17:30.228 D/LOWI-9.0.0.80( 1024): [LOWIController] updateIntfState: WIFI enabled 2 mNlWifiStatus 2 mWifiStateEnabled 1
11-19 17:17:30.228 D/LOWI-9.0.0.80( 1024): [LOWIController] isWifiEnabled: mNlWifiStatus 2 mWifiStateEnabled 1
11-19 17:17:30.231 I/SupplicantStaIfaceHal( 1194): Terminating supplicant using HIDL
11-19 17:17:30.233 I/android_os_HwBinder( 1194): HwBinder: Starting thread pool for getting: android.hardware.wifi.supplicant@1.0::ISupplicant/default
11-19 17:17:30.235 I/wpa_supplicant( 9914): Terminating...
