--------- beginning of system
11-21 15:00:21.043 D/commandrouter( 1006): SocServiceHandle::onServiceMessage, SoC Service = mcu_healthcheck_934, appType = 1, type = SVC_REQ, clientId = 0, token = 2830, payloadLen = 20, result = 0, payload.size() = 20
11-21 15:00:21.047 D/commandrouter( 1006): mcu_healthcheck_934 (1, merlot:mcu_health:control): <ServiceResponse> FORWARDED (remote -> local) CR token ID = 2830, service client ID = 5, token ID = 10826, result = 0
11-21 15:00:21.628 I/chatty  ( 1186): uid=1000(system) android.ui expire 11 lines
11-21 15:00:23.660 D/commandrouter( 1006): rtc_sync (1, rtc:sync): <ServiceRequest> FORWARDED (remote -> local) service client ID = 0, token ID = 49753
11-21 15:00:23.661 D/commandrouter( 1006): SocServiceHandle::onServiceMessage, SoC Service = rtc_sync, appType = 1, type = SVC_RESP, clientId = 0, token = 49753, payloadLen = 8, result = 0, payload.size() = 8
11-21 15:00:29.160 I/chatty  ( 1186): uid=1000(system) Binder:1186_4 expire 1 line
11-21 15:00:29.295 I/chatty  ( 1186): uid=1000(system) Binder:1186_9 expire 3 lines
11-21 15:00:30.289 D/commandrouter( 1006): SocServiceHandle::onServiceMessage, SoC Service = mcu_healthcheck_1029, appType = 1, type = SVC_REQ, clientId = 0, token = 5661, payloadLen = 12, result = 0, payload.size() = 12
11-21 15:00:30.293 D/commandrouter( 1006): mcu_healthcheck_1029 (1, merlot:mcu_health:control): <ServiceResponse> FORWARDED (remote -> local) CR token ID = 5661, service client ID = 40, token ID = 10827, result = 0
11-21 15:00:30.294 D/mculinkhealth( 1029): isMcuReachable 1 (4 ms)
11-21 15:00:33.574 I/chatty  ( 1186): uid=1000(system) LazyTaskWriterT expire 2 lines
11-21 15:00:33.661 D/commandrouter( 1006): rtc_sync (1, rtc:sync): <ServiceRequest> FORWARDED (remote -> local) service client ID = 0, token ID = 49754
11-21 15:00:33.661 D/commandrouter( 1006): SocServiceHandle::onServiceMessage, SoC Service = rtc_sync, appType = 1, type = SVC_RESP, clientId = 0, token = 49754, payloadLen = 8, result = 0, payload.size() = 8
11-21 15:00:37.154 I/chatty  ( 1186): uid=1000(system) Binder:1186_1E expire 4 lines
11-21 15:00:43.595 I/chatty  ( 1186): uid=1000(system) android.display expire 1 line
11-21 15:00:43.653 D/commandrouter( 1006): rtc_sync (1, rtc:sync): <ServiceRequest> FORWARDED (remote -> local) service client ID = 0, token ID = 49755
11-21 15:00:43.654 D/commandrouter( 1006): SocServiceHandle::onServiceMessage, SoC Service = rtc_sync, appType = 1, type = SVC_RESP, clientId = 0, token = 49755, payloadLen = 8, result = 0, payload.size() = 8
11-21 15:00:44.564 I/chatty  ( 1186): uid=1000(system) WifiP2pService expire 2 lines
11-21 15:00:44.566 I/chatty  ( 1186): uid=1000(system) ActivityManager expire 1 line
11-21 15:00:46.524 I/chatty  ( 1186): uid=1000(system) WifiHandlerThre expire 2 lines
11-21 15:00:46.726 W/wificond(  911): Scan is not started. Ignore abort request
11-21 15:00:47.449 I/chatty  ( 1186): uid=1000(system) ConnectivitySer expire 34 lines
11-21 15:00:49.480 E/NetlinkEvent(  462): NetlinkEvent::FindParam(): Parameter 'INTERFACE' not found
11-21 15:00:49.480 E/NetlinkEvent(  462): NetlinkEvent::FindParam(): Parameter 'STATE' not found
11-21 15:00:49.480 E/NetlinkEvent(  462): NetlinkEvent::FindParam(): Parameter 'TIME_NS' not found
11-21 15:00:49.480 E/NetlinkEvent(  462): NetlinkEvent::FindParam(): Parameter 'UID' not found
11-21 15:00:49.675 I/chatty  ( 1186): uid=1000(system) android.fg expire 1 line
11-21 15:00:49.869 I/chatty  ( 1186): uid=1000 system_server expire 1 line
11-21 15:00:49.870 I/chatty  ( 1186): uid=1000(system) ActivityManager expire 7 lines
11-21 15:00:52.458 I/chatty  ( 1186): uid=1000(system) Binder:1186_7 expire 1 line
11-21 15:00:52.668 I/chatty  ( 1186): uid=1000(system) Binder:1186_17 expire 2 lines
11-21 15:00:53.645 D/commandrouter( 1006): rtc_sync (1, rtc:sync): <ServiceRequest> FORWARDED (remote -> local) service client ID = 0, token ID = 49756
11-21 15:00:53.646 D/commandrouter( 1006): SocServiceHandle::onServiceMessage, SoC Service = rtc_sync, appType = 1, type = SVC_RESP, clientId = 0, token = 49756, payloadLen = 8, result = 0, payload.size() = 8
11-21 15:00:56.786 I/chatty  ( 1186): uid=1000(system) android.ui expire 8 lines
11-21 15:01:00.295 D/commandrouter( 1006): SocServiceHandle::onServiceMessage, SoC Service = mcu_healthcheck_1029, appType = 1, type = SVC_REQ, clientId = 0, token = 5662, payloadLen = 12, result = 0, payload.size() = 12
11-21 15:01:00.298 D/commandrouter( 1006): mcu_healthcheck_1029 (1, merlot:mcu_health:control): <ServiceResponse> FORWARDED (remote -> local) CR token ID = 5662, service client ID = 40, token ID = 10828, result = 0
11-21 15:01:00.299 D/mculinkhealth( 1029): isMcuReachable 1 (4 ms)
11-21 15:01:00.544 I/chatty  ( 1186): uid=1000(system) DeviceStorageMo expire 2 lines
11-21 15:01:01.873 I/chatty  ( 1186): uid=1000(system) LazyTaskWriterT expire 2 lines
11-21 15:01:03.645 D/commandrouter( 1006): rtc_sync (1, rtc:sync): <ServiceRequest> FORWARDED (remote -> local) service client ID = 0, token ID = 49757
11-21 15:01:03.645 D/commandrouter( 1006): SocServiceHandle::onServiceMessage, SoC Service = rtc_sync, appType = 1, type = SVC_RESP, clientId = 0, token = 49757, payloadLen = 8, result = 0, payload.size() = 8
11-21 15:01:04.193 I/chatty  ( 1186): uid=1000(system) Binder:1186_B expire 1 line
11-21 15:01:04.340 I/chatty  ( 1186): uid=1000(system) Binder:1186_E expire 3 lines
11-21 15:01:13.340 I/chatty  ( 1186): uid=1000 system_server expire 1 line
11-21 15:01:13.641 D/commandrouter( 1006): rtc_sync (1, rtc:sync): <ServiceRequest> FORWARDED (remote -> local) service client ID = 0, token ID = 49758
11-21 15:01:13.642 D/commandrouter( 1006): SocServiceHandle::onServiceMessage, SoC Service = rtc_sync, appType = 1, type = SVC_RESP, clientId = 0, token = 49758, payloadLen = 8, result = 0, payload.size() = 8
11-21 15:01:19.477 I/chatty  ( 1186): uid=1000(system) ConnectivitySer expire 16 lines
11-21 15:01:21.048 D/commandrouter( 1006): SocServiceHandle::onServiceMessage, SoC Service = mcu_healthcheck_934, appType = 1, type = SVC_REQ, clientId = 0, token = 2831, payloadLen = 20, result = 0, payload.size() = 20
11-21 15:01:21.052 D/commandrouter( 1006): mcu_healthcheck_934 (1, merlot:mcu_health:control): <ServiceResponse> FORWARDED (remote -> local) CR token ID = 2831, service client ID = 5, token ID = 10829, result = 0
11-21 15:01:23.639 D/commandrouter( 1006): rtc_sync (1, rtc:sync): <ServiceRequest> FORWARDED (remote -> local) service client ID = 0, token ID = 49759
11-21 15:01:23.639 D/commandrouter( 1006): SocServiceHandle::onServiceMessage, SoC Service = rtc_sync, appType = 1, type = SVC_RESP, clientId = 0, token = 49759, payloadLen = 8, result = 0, payload.size() = 8
11-21 15:01:30.300 D/commandrouter( 1006): SocServiceHandle::onServiceMessage, SoC Service = mcu_healthcheck_1029, appType = 1, type = SVC_REQ, clientId = 0, token = 5663, payloadLen = 12, result = 0, payload.size() = 12
11-21 15:01:30.303 D/commandrouter( 1006): mcu_healthcheck_1029 (1, merlot:mcu_health:control): <ServiceResponse> FORWARDED (remote -> local) CR token ID = 5663, service client ID = 40, token ID = 10830, result = 0
11-21 15:01:30.304 D/mculinkhealth( 1029): isMcuReachable 1 (4 ms)
11-21 15:01:31.780 I/chatty  ( 1186): uid=1000(system) android.ui expire 11 lines
11-21 15:01:33.635 D/commandrouter( 1006): rtc_sync (1, rtc:sync): <ServiceRequest> FORWARDED (remote -> local) service client ID = 0, token ID = 49760
11-21 15:01:33.636 D/commandrouter( 1006): SocServiceHandle::onServiceMessage, SoC Service = rtc_sync, appType = 1, type = SVC_RESP, clientId = 0, token = 49760, payloadLen = 8, result = 0, payload.size() = 8
11-21 15:01:34.219 I/chatty  ( 1186): uid=1000(system) Binder:1186_17 expire 1 line
11-21 15:01:34.348 I/chatty  ( 1186): uid=1000(system) Binder:1186_7 expire 6 lines
11-21 15:01:37.487 I/chatty  ( 1186): uid=1000(system) LazyTaskWriterT expire 3 lines
11-21 15:01:42.246 I/chatty  ( 1186): uid=1000(system) android.display expire 2 lines
11-21 15:01:43.607 E/NetlinkEvent(  462): NetlinkEvent::FindParam(): Parameter 'INTERFACE' not found
11-21 15:01:43.607 E/NetlinkEvent(  462): NetlinkEvent::FindParam(): Parameter 'STATE' not found
11-21 15:01:43.607 E/NetlinkEvent(  462): NetlinkEvent::FindParam(): Parameter 'TIME_NS' not found
11-21 15:01:43.607 E/NetlinkEvent(  462): NetlinkEvent::FindParam(): Parameter 'UID' not found
11-21 15:01:43.626 D/commandrouter( 1006): rtc_sync (1, rtc:sync): <ServiceRequest> FORWARDED (remote -> local) service client ID = 0, token ID = 49761
11-21 15:01:43.626 D/commandrouter( 1006): SocServiceHandle::onServiceMessage, SoC Service = rtc_sync, appType = 1, type = SVC_RESP, clientId = 0, token = 49761, payloadLen = 8, result = 0, payload.size() = 8
11-21 15:01:43.866 I/chatty  ( 1186): uid=1000(system) android.fg expire 1 line
11-21 15:01:53.615 D/commandrouter( 1006): rtc_sync (1, rtc:sync): <ServiceRequest> FORWARDED (remote -> local) service client ID = 0, token ID = 49762
11-21 15:01:53.616 D/commandrouter( 1006): SocServiceHandle::onServiceMessage, SoC Service = rtc_sync, appType = 1, type = SVC_RESP, clientId = 0, token = 49762, payloadLen = 8, result = 0, payload.size() = 8
11-21 15:01:53.699 I/chatty  ( 1186): uid=1000(system) android.ui expire 1 line
11-21 15:01:54.166 I/chatty  ( 1186): uid=1000(system) Binder:1186_E expire 1 line
11-21 15:02:00.305 D/commandrouter( 1006): SocServiceHandle::onServiceMessage, SoC Service = mcu_healthcheck_1029, appType = 1, type = SVC_REQ, clientId = 0, token = 5664, payloadLen = 12, result = 0, payload.size() = 12
11-21 15:02:00.307 D/commandrouter( 1006): mcu_healthcheck_1029 (1, merlot:mcu_health:control): <ServiceResponse> FORWARDED (remote -> local) CR token ID = 5664, service client ID = 40, token ID = 10831, result = 0
11-21 15:02:00.308 D/mculinkhealth( 1029): isMcuReachable 1 (3 ms)
11-21 15:02:00.665 I/chatty  ( 1186): uid=1000(system) DeviceStorageMo expire 2 lines
11-21 15:02:01.654 I/chatty  ( 1186): uid=1000(system) WifiP2pService expire 2 lines
11-21 15:02:01.657 I/chatty  ( 1186): uid=1000(system) ActivityManager expire 1 line
11-21 15:02:01.705 W/wificond(  911): Scan is not started. Ignore abort request
11-21 15:02:02.198 I/chatty  ( 1186): uid=1000(system) WifiHandlerThre expire 1 line
11-21 15:02:02.618 I/Nat464Xlat( 1186): Android Xlat is disabled
11-21 15:02:02.753 D/ConnectivityService( 1186): Setting DNS servers for network 208 to [/192.168.1.1]
11-21 15:02:02.783 I/Nat464Xlat( 1186): Android Xlat is disabled
11-21 15:02:02.783 I/Nat464Xlat( 1186): Android Xlat is disabled
11-21 15:02:02.859 D/ConnectivityService( 1186): [208 WIFI] EVENT_NETWORK_INFO_CHANGED, going from UNKNOWN to CONNECTED
11-21 15:02:02.878 D/DnsManager( 1186): sendDnsConfigurationForNetwork(208, [192.168.1.1], [], 1800, 25, 8, 64, 0, 0, , [])
11-21 15:02:02.888 W/DnsManager( 1186): updatePrivateDns(208, PrivateDnsConfig{true:/[]})
11-21 15:02:02.888 D/ConnectivityService( 1186): Setting DNS servers for network 208 to [/192.168.1.1]
11-21 15:02:02.889 D/DnsManager( 1186): sendDnsConfigurationForNetwork(208, [192.168.1.1], [], 1800, 25, 8, 64, 0, 0, , [192.168.1.1])
11-21 15:02:02.890 D/ConnectivityService( 1186): Adding iface wlan0 to network 208
11-21 15:02:02.934 D/ConnectivityService( 1186): Setting DNS servers for network 208 to [/192.168.1.1]
11-21 15:02:02.934 D/DnsManager( 1186): sendDnsConfigurationForNetwork(208, [192.168.1.1], [], 1800, 25, 8, 64, 0, 0, , [192.168.1.1])
11-21 15:02:02.939 I/Nat464Xlat( 1186): Android Xlat is disabled
11-21 15:02:02.939 I/Nat464Xlat( 1186): Android Xlat is disabled
11-21 15:02:03.018 D/ConnectivityService( 1186): NetReassign [no changes]
11-21 15:02:03.334 D/ConnectivityService( 1186): [208 WIFI] validation passed
11-21 15:02:03.334 D/ConnectivityService( 1186): NetReassign [44 : 101 → 208, 11 : 101 → 208, 63 : 101 → 208, 2885 : 101 → 208, 2235 : 101 → 208, 2877 : 101 → 208, 17 : 101 → 208, 25 : 101 → 208, 1438 : 101 → 208, 1 : 101 → 208, 2887 : 101 → 208, 8 : 101 → 208, 12 : 101 → 208, 14 : 101 → 208, 16 : 101 → 208, 22 : 101 → 208]
11-21 15:02:03.341 E/NetlinkEvent(  462): NetlinkEvent::FindParam(): Parameter 'INTERFACE' not found
11-21 15:02:03.341 E/NetlinkEvent(  462): NetlinkEvent::FindParam(): Parameter 'STATE' not found
11-21 15:02:03.341 E/NetlinkEvent(  462): NetlinkEvent::FindParam(): Parameter 'TIME_NS' not found
11-21 15:02:03.341 E/NetlinkEvent(  462): NetlinkEvent::FindParam(): Parameter 'UID' not found
11-21 15:02:03.352 D/ConnectivityService( 1186): Switching to new default network: NetworkAgentInfo{ ni{[type: WIFI[], state: CONNECTED/CONNECTED, reason: (unspecified), extra: , failover: false, available: true, roaming: false]}  network{208}  nethandle{896758894605}  lp{{InterfaceName: wlan0 LinkAddresses: [ 192.168.1.41/24 ] DnsAddresses: [ /192.168.1.1 ] Domains: null MTU: 0 ServerAddress: /192.168.1.1 TcpBufferSizes: 524288,1048576,2097152,262144,524288,1048576 Routes: [ fe80::/64 -> :: wlan0 mtu 0,192.168.1.0/24 -> 0.0.0.0 wlan0 mtu 0,0.0.0.0/0 -> 192.168.1.1 wlan0 mtu 0 ]}}  nc{[ Transports: WIFI Capabilities: NOT_METERED&INTERNET&NOT_RESTRICTED&TRUSTED&NOT_VPN&VALIDATED&NOT_ROAMING&FOREGROUND&NOT_CONGESTED&NOT_SUSPENDED LinkUpBandwidth>=61000Kbps LinkDnBandwidth>=61000Kbps SignalStrength: -34 OwnerUid: 1000 SSID: "MTBF_Lab" RequestorUid: -1 RequestorPackageName: null]}  Score{60}  everValidated{true}  lastValidated{true}  created{true} lingering{false} explicitlySelected{false} acceptUnvalidated{false} everCaptivePortalDetected{false} lastCaptivePortalDetected{false} partialConnectivity{false} acceptPartialConnectivity{false} clat{mBaseIface: null, mIface: null, mState: IDLE} }
11-21 15:02:03.454 W/SimpleTimeDetectorStrategy( 1186): Existing suggestion found to be invalid  elapsedRealtimeMillis=170011179, timeSuggestion=TelephonyTimeSuggestion{mSlotIndex='0', mUtcTime=TimestampedValue{mReferenceTimeMillis=57092, mValue=1637365770000}, mDebugInfo=[Sending new time suggestion nitzSignal=TimestampedValue{mReferenceTimeMillis=57092, mValue=NitzData{mOriginalString=21/11/19,23:49:30-32,00, mZoneOffset=-28800000, mDstOffset=0, mCurrentTimeMillis=1637365770000, mEmulatorHostTimeZone=null}}, reason=handleNitzReceived(TimestampedValue{mReferenceTimeMillis=57092, mValue=NitzData{mOriginalString=21/11/19,23:49:30-32,00, mZoneOffset=-28800000, mDstOffset=0, mCurrentTimeMillis=1637365770000, mEmulatorHostTimeZone=null}})]}
11-21 15:02:03.506 D/ConnectivityService( 1186): Lingering [101 CELLULAR] for 30000ms
11-21 15:02:03.509 D/ConnectivityService( 1186): Sending DISCONNECTED broadcast for type 0 [101 CELLULAR] isDefaultNetwork=true
11-21 15:02:03.511 D/ConnectivityService( 1186): Sending CONNECTED broadcast for type 1 [208 WIFI] isDefaultNetwork=true
11-21 15:02:03.563 D/ConnectivityService( 1186): Setting DNS servers for network 208 to [/192.168.1.1]
11-21 15:02:03.564 D/DnsManager( 1186): sendDnsConfigurationForNetwork(208, [192.168.1.1], [], 1800, 25, 8, 64, 0, 0, , [192.168.1.1])
11-21 15:02:03.607 D/commandrouter( 1006): rtc_sync (1, rtc:sync): <ServiceRequest> FORWARDED (remote -> local) service client ID = 0, token ID = 49763
11-21 15:02:03.608 D/commandrouter( 1006): SocServiceHandle::onServiceMessage, SoC Service = rtc_sync, appType = 1, type = SVC_RESP, clientId = 0, token = 49763, payloadLen = 8, result = 0, payload.size() = 8
11-21 15:02:04.049 I/Nat464Xlat( 1186): Android Xlat is disabled
11-21 15:02:04.049 I/Nat464Xlat( 1186): Android Xlat is disabled
11-21 15:02:13.605 D/commandrouter( 1006): rtc_sync (1, rtc:sync): <ServiceRequest> FORWARDED (remote -> local) service client ID = 0, token ID = 49764
11-21 15:02:13.606 D/commandrouter( 1006): SocServiceHandle::onServiceMessage, SoC Service = rtc_sync, appType = 1, type = SVC_RESP, clientId = 0, token = 49764, payloadLen = 8, result = 0, payload.size() = 8
11-21 15:02:21.053 D/commandrouter( 1006): SocServiceHandle::onServiceMessage, SoC Service = mcu_healthcheck_934, appType = 1, type = SVC_REQ, clientId = 0, token = 2832, payloadLen = 20, result = 0, payload.size() = 20
11-21 15:02:21.056 D/commandrouter( 1006): mcu_healthcheck_934 (1, merlot:mcu_health:control): <ServiceResponse> FORWARDED (remote -> local) CR token ID = 2832, service client ID = 5, token ID = 10832, result = 0
11-21 15:02:21.802 D/AutofillManagerService( 1186): onBackKeyPressed()
11-21 15:02:22.346 I/chatty  ( 1186): uid=1000(system) android.ui identical 1 line
11-21 15:02:22.871 D/AutofillManagerService( 1186): onBackKeyPressed()
11-21 15:02:23.581 D/commandrouter( 1006): rtc_sync (1, rtc:sync): <ServiceRequest> FORWARDED (remote -> local) service client ID = 0, token ID = 49765
11-21 15:02:23.582 D/commandrouter( 1006): SocServiceHandle::onServiceMessage, SoC Service = rtc_sync, appType = 1, type = SVC_RESP, clientId = 0, token = 49765, payloadLen = 8, result = 0, payload.size() = 8
11-21 15:02:24.626 D/AutofillManagerService( 1186): onBackKeyPressed()
11-21 15:02:25.191 W/ActivityManager( 1186): Invalid packageName: com.facebook.wearable.system.settings/com.facebook.wearable.system.settings.SettingsActivity
11-21 15:02:25.318 I/ActivityTaskManager( 1186): START u0 {flg=0x10000000 cmp=com.facebook.wearable.system.settings/.SettingsActivity} from uid 0
11-21 15:02:25.336 I/ActivityTaskManager( 1186): The Process com.facebook.wearable.system.settings Already Exists in BG. So sending its PID: 4763
11-21 15:02:25.336 W/ActivityTaskManager( 1186): Tried to set launchTime (0) < mLastActivityLaunchTime (170002035)
11-21 15:02:27.555 E/TaskPersister( 1186): File error accessing recents directory (directory doesn't exist?).
11-21 15:02:30.309 D/commandrouter( 1006): SocServiceHandle::onServiceMessage, SoC Service = mcu_healthcheck_1029, appType = 1, type = SVC_REQ, clientId = 0, token = 5665, payloadLen = 12, result = 0, payload.size() = 12
11-21 15:02:30.312 D/commandrouter( 1006): mcu_healthcheck_1029 (1, merlot:mcu_health:control): <ServiceResponse> FORWARDED (remote -> local) CR token ID = 5665, service client ID = 40, token ID = 10833, result = 0
11-21 15:02:30.312 D/mculinkhealth( 1029): isMcuReachable 1 (3 ms)
11-21 15:02:32.977 D/AnalyticsLogger( 1186): sent events: 13
11-21 15:02:32.983 W/ContextImpl( 1186): Calling a method in the system process without a qualified user: android.app.ContextImpl.sendBroadcastMultiplePermissions:1143 android.content.Context.sendBroadcastWithMultiplePermissions:2150 com.android.server.display.WifiDisplayAdapter.handleSendStatusChangeBroadcast:440 com.android.server.display.WifiDisplayAdapter.access$1700:63 com.android.server.display.WifiDisplayAdapter$WifiDisplayHandler.handleMessage:675 
11-21 15:02:33.334 D/ConnectivityService( 1186): handleLingerComplete for [101 CELLULAR]
11-21 15:02:33.460 I/wificond(  911): Fail RSSI polling because wifi is not associated.
11-21 15:02:33.573 D/commandrouter( 1006): rtc_sync (1, rtc:sync): <ServiceRequest> FORWARDED (remote -> local) service client ID = 0, token ID = 49766
11-21 15:02:33.573 D/commandrouter( 1006): SocServiceHandle::onServiceMessage, SoC Service = rtc_sync, appType = 1, type = SVC_RESP, clientId = 0, token = 49766, payloadLen = 8, result = 0, payload.size() = 8
11-21 15:02:33.588 D/ConnectivityService( 1186): [208 WIFI] EVENT_NETWORK_INFO_CHANGED, going from CONNECTED to DISCONNECTED
11-21 15:02:33.588 D/ConnectivityService( 1186): [208 WIFI] disconnected, was satisfying 27
11-21 15:02:33.690 I/Nat464Xlat( 1186): Android Xlat is disabled
11-21 15:02:33.690 I/Nat464Xlat( 1186): Android Xlat is disabled
11-21 15:02:33.715 D/ConnectivityService( 1186): Sending DISCONNECTED broadcast for type 1 [208 WIFI] isDefaultNetwork=true
11-21 15:02:33.741 D/ConnectivityService( 1186): NetReassign [44 : null → 101, 11 : null → 101, 63 : null → 101, 2885 : null → 101, 2235 : null → 101, 2877 : null → 101, 17 : null → 101, 25 : null → 101, 1438 : null → 101, 1 : null → 101, 2887 : null → 101, 8 : null → 101, 12 : null → 101, 14 : null → 101, 16 : null → 101, 22 : null → 101]
11-21 15:02:33.743 E/NetlinkEvent(  462): NetlinkEvent::FindParam(): Parameter 'INTERFACE' not found
11-21 15:02:33.743 E/NetlinkEvent(  462): NetlinkEvent::FindParam(): Parameter 'STATE' not found
11-21 15:02:33.743 E/NetlinkEvent(  462): NetlinkEvent::FindParam(): Parameter 'TIME_NS' not found
11-21 15:02:33.743 E/NetlinkEvent(  462): NetlinkEvent::FindParam(): Parameter 'UID' not found
11-21 15:02:33.762 D/ConnectivityService( 1186): Switching to new default network: NetworkAgentInfo{ ni{[type: MOBILE[LTE], state: CONNECTED/CONNECTED, reason: (unspecified), extra: enhancedphone, failover: false, available: true, roaming: false]}  network{101}  nethandle{437197393933}  lp{{InterfaceName: rmnet_data2 LinkAddresses: [ 10.55.48.101/30,2600:381:4804:c4b6:8cdc:8f0b:afe1:ec6b/64 ] DnsAddresses: [ /172.26.38.2,/fc00:a:a::400 ] Domains: null MTU: 1430 TcpBufferSizes: 2097152,4194304,8388608,262144,524288,1048576 Routes: [ 0.0.0.0/0 -> 10.55.48.102 rmnet_data2 mtu 1430,::/0 -> fe80::9db2:334d:2872:1e0a rmnet_data2 mtu 1430,10.55.48.100/30 -> 0.0.0.0 rmnet_data2 mtu 0,2600:381:4804:c4b6::/64 -> :: rmnet_data2 mtu 0 ]}}  nc{[ Transports: CELLULAR Capabilities: MMS&SUPL&FOTA&INTERNET&NOT_RESTRICTED&TRUSTED&NOT_VPN&VALIDATED&NOT_ROAMING&NOT_CONGESTED&NOT_SUSPENDED LinkUpBandwidth>=15000Kbps LinkDnBandwidth>=30000Kbps Specifier: <TelephonyNetworkSpecifier [mSubId = 1]> AdministratorUids: [] RequestorUid: -1 RequestorPackageName: null]}  Score{50}  everValidated{true}  lastValidated{true}  created{true} lingering{false} explicitlySelected{false} acceptUnvalidated{false} everCaptivePortalDetected{false} lastCaptivePortalDetected{false} partialConnectivity{false} acceptPartialConnectivity{false} clat{mBaseIface: null, mIface: null, mState: IDLE} }
11-21 15:02:33.928 W/SimpleTimeDetectorStrategy( 1186): Existing suggestion found to be invalid  elapsedRealtimeMillis=170041654, timeSuggestion=TelephonyTimeSuggestion{mSlotIndex='0', mUtcTime=TimestampedValue{mReferenceTimeMillis=57092, mValue=1637365770000}, mDebugInfo=[Sending new time suggestion nitzSignal=TimestampedValue{mReferenceTimeMillis=57092, mValue=NitzData{mOriginalString=21/11/19,23:49:30-32,00, mZoneOffset=-28800000, mDstOffset=0, mCurrentTimeMillis=1637365770000, mEmulatorHostTimeZone=null}}, reason=handleNitzReceived(TimestampedValue{mReferenceTimeMillis=57092, mValue=NitzData{mOriginalString=21/11/19,23:49:30-32,00, mZoneOffset=-28800000, mDstOffset=0, mCurrentTimeMillis=1637365770000, mEmulatorHostTimeZone=null}})]}
11-21 15:02:33.977 D/ConnectivityService( 1186): Sending CONNECTED broadcast for type 0 [101 CELLULAR] isDefaultNetwork=true
11-21 15:02:37.842 D/AutofillManagerService( 1186): onBackKeyPressed()
11-21 15:02:40.635 I/chatty  ( 1186): uid=1000(system) android.ui identical 3 lines
11-21 15:02:41.630 D/AutofillManagerService( 1186): onBackKeyPressed()
11-21 15:02:42.375 E/TaskPersister( 1186): File error accessing recents directory (directory doesn't exist?).
11-21 15:02:42.624 D/AutofillManagerService( 1186): onBackKeyPressed()
11-21 15:02:43.572 D/commandrouter( 1006): rtc_sync (1, rtc:sync): <ServiceRequest> FORWARDED (remote -> local) service client ID = 0, token ID = 49767
11-21 15:02:43.572 D/commandrouter( 1006): SocServiceHandle::onServiceMessage, SoC Service = rtc_sync, appType = 1, type = SVC_RESP, clientId = 0, token = 49767, payloadLen = 8, result = 0, payload.size() = 8
11-21 15:02:43.621 D/AutofillManagerService( 1186): onBackKeyPressed()
11-21 15:02:44.617 D/AutofillManagerService( 1186): onBackKeyPressed()
11-21 15:02:45.172 W/ActivityManager( 1186): Invalid packageName: com.facebook.wearable.system.settings/com.facebook.wearable.system.settings.SettingsActivity
11-21 15:02:45.311 I/ActivityTaskManager( 1186): START u0 {flg=0x10000000 cmp=com.facebook.wearable.system.settings/.SettingsActivity} from uid 0
11-21 15:02:45.336 I/ActivityTaskManager( 1186): The Process com.facebook.wearable.system.settings Already Exists in BG. So sending its PID: 4763
11-21 15:02:45.337 W/ActivityTaskManager( 1186): Tried to set launchTime (0) < mLastActivityLaunchTime (170033063)
11-21 15:02:49.463 E/TaskPersister( 1186): File error accessing recents directory (directory doesn't exist?).
11-21 15:02:52.115 W/ContextImpl( 1186): Calling a method in the system process without a qualified user: android.app.ContextImpl.sendBroadcastMultiplePermissions:1143 android.content.Context.sendBroadcastWithMultiplePermissions:2150 com.android.server.display.WifiDisplayAdapter.handleSendStatusChangeBroadcast:440 com.android.server.display.WifiDisplayAdapter.access$1700:63 com.android.server.display.WifiDisplayAdapter$WifiDisplayHandler.handleMessage:675 
11-21 15:02:53.149 W/ContextImpl( 1186): Calling a method in the system process without a qualified user: android.app.ContextImpl.sendBroadcastMultiplePermissions:1143 android.content.Context.sendBroadcastWithMultiplePermissions:2150 com.android.server.wifi.p2p.WifiP2pServiceImpl$P2pStateMachine.sendBroadcastMultiplePermissions:3209 com.android.server.wifi.p2p.WifiP2pServiceImpl$P2pStateMachine.sendP2pConnectionChangedBroadcast:3236 com.android.server.wifi.p2p.WifiP2pServiceImpl$P2pStateMachine.access$5100:768 
11-21 15:02:53.150 W/BroadcastQueue( 1186): Permission Denial: receiving Intent { act=android.net.wifi.p2p.CONNECTION_STATE_CHANGE flg=0x24000010 (has extras) } to ProcessRecord{688c834 1907:.qtidataservices/u0a88} (pid=1907, uid=10088) requires android.permission.ACCESS_FINE_LOCATION due to sender android (uid 1000)
11-21 15:02:53.176 W/ContextImpl( 1186): Calling a method in the system process without a qualified user: android.app.ContextImpl.sendBroadcastMultiplePermissions:1143 android.content.Context.sendBroadcastWithMultiplePermissions:2150 com.android.server.wifi.p2p.WifiP2pServiceImpl$P2pStateMachine.sendBroadcastMultiplePermissions:3209 com.android.server.wifi.p2p.WifiP2pServiceImpl$P2pStateMachine.sendThisDeviceChangedBroadcast:3218 com.android.server.wifi.p2p.WifiP2pServiceImpl$P2pStateMachine.updateThisDevice:3962 
11-21 15:02:53.271 W/wificond(  911): Scan is not started. Ignore abort request
11-21 15:02:53.568 D/commandrouter( 1006): rtc_sync (1, rtc:sync): <ServiceRequest> FORWARDED (remote -> local) service client ID = 0, token ID = 49768
11-21 15:02:53.569 D/commandrouter( 1006): SocServiceHandle::onServiceMessage, SoC Service = rtc_sync, appType = 1, type = SVC_RESP, clientId = 0, token = 49768, payloadLen = 8, result = 0, payload.size() = 8
11-21 15:02:53.667 D/ConnectivityService( 1186): registerNetworkAgent NetworkAgentInfo{ ni{[type: WIFI[], state: UNKNOWN/IDLE, reason: (unspecified), extra: , failover: false, available: true, roaming: false]}  network{209}  nethandle{901053861901}  lp{{InterfaceName: wlan0 LinkAddresses: [ ] DnsAddresses: [ ] Domains: null MTU: 0 Routes: [ ]}}  nc{[ Transports: WIFI Capabilities: NOT_METERED&INTERNET&NOT_RESTRICTED&TRUSTED&NOT_VPN&NOT_ROAMING&FOREGROUND&NOT_CONGESTED&NOT_SUSPENDED LinkUpBandwidth>=72000Kbps LinkDnBandwidth>=72000Kbps OwnerUid: 1000 SSID: "MTBF_Lab" RequestorUid: -1 RequestorPackageName: null]}  Score{20}  everValidated{false}  lastValidated{false}  created{false} lingering{false} explicitlySelected{false} acceptUnvalidated{false} everCaptivePortalDetected{false} lastCaptivePortalDetected{false} partialConnectivity{false} acceptPartialConnectivity{false} clat{mBaseIface: null, mIface: null, mState: IDLE} }
11-21 15:02:53.708 D/ConnectivityService( 1186): [209 WIFI] EVENT_NETWORK_INFO_CHANGED, going from UNKNOWN to UNKNOWN
11-21 15:02:53.858 D/ConnectivityService( 1186): NetReassign [no changes]
11-21 15:02:53.903 I/Nat464Xlat( 1186): Android Xlat is disabled
11-21 15:02:53.903 I/Nat464Xlat( 1186): Android Xlat is disabled
11-21 15:02:54.095 E/ConnectivityService( 1186): Exception in networkAddRouteParcel for non-gateway: android.os.ServiceSpecificException: Machine is not on the network (code 64)
11-21 15:02:54.096 E/ConnectivityService( 1186): Exception in networkAddRouteParcel for gateway: android.os.ServiceSpecificException: Machine is not on the network (code 64)
11-21 15:02:54.097 I/Nat464Xlat( 1186): Android Xlat is disabled
11-21 15:02:54.097 I/Nat464Xlat( 1186): Android Xlat is disabled
11-21 15:02:54.228 D/ConnectivityService( 1186): Setting DNS servers for network 209 to [/192.168.1.1]
11-21 15:02:54.236 I/Nat464Xlat( 1186): Android Xlat is disabled
11-21 15:02:54.236 I/Nat464Xlat( 1186): Android Xlat is disabled
11-21 15:02:54.324 D/ConnectivityService( 1186): [209 WIFI] EVENT_NETWORK_INFO_CHANGED, going from UNKNOWN to CONNECTED
11-21 15:02:54.328 D/DnsManager( 1186): sendDnsConfigurationForNetwork(209, [192.168.1.1], [], 1800, 25, 8, 64, 0, 0, , [])
11-21 15:02:54.334 W/DnsManager( 1186): updatePrivateDns(209, PrivateDnsConfig{true:/[]})
11-21 15:02:54.334 D/ConnectivityService( 1186): Setting DNS servers for network 209 to [/192.168.1.1]
11-21 15:02:54.335 D/DnsManager( 1186): sendDnsConfigurationForNetwork(209, [192.168.1.1], [], 1800, 25, 8, 64, 0, 0, , [192.168.1.1])
11-21 15:02:54.337 D/ConnectivityService( 1186): Adding iface wlan0 to network 209
11-21 15:02:54.359 D/ConnectivityService( 1186): Setting DNS servers for network 209 to [/192.168.1.1]
11-21 15:02:54.359 D/DnsManager( 1186): sendDnsConfigurationForNetwork(209, [192.168.1.1], [], 1800, 25, 8, 64, 0, 0, , [192.168.1.1])
11-21 15:02:54.361 I/Nat464Xlat( 1186): Android Xlat is disabled
11-21 15:02:54.361 I/Nat464Xlat( 1186): Android Xlat is disabled
11-21 15:02:54.419 D/ConnectivityService( 1186): NetReassign [no changes]
11-21 15:02:54.702 D/ConnectivityService( 1186): [209 WIFI] validation passed
11-21 15:02:54.703 D/ConnectivityService( 1186): NetReassign [44 : 101 → 209, 11 : 101 → 209, 63 : 101 → 209, 2885 : 101 → 209, 2235 : 101 → 209, 2877 : 101 → 209, 17 : 101 → 209, 25 : 101 → 209, 1438 : 101 → 209, 1 : 101 → 209, 2887 : 101 → 209, 8 : 101 → 209, 12 : 101 → 209, 14 : 101 → 209, 16 : 101 → 209, 22 : 101 → 209]
11-21 15:02:54.721 E/NetlinkEvent(  462): NetlinkEvent::FindParam(): Parameter 'INTERFACE' not found
11-21 15:02:54.721 E/NetlinkEvent(  462): NetlinkEvent::FindParam(): Parameter 'STATE' not found
11-21 15:02:54.721 E/NetlinkEvent(  462): NetlinkEvent::FindParam(): Parameter 'TIME_NS' not found
11-21 15:02:54.721 E/NetlinkEvent(  462): NetlinkEvent::FindParam(): Parameter 'UID' not found
11-21 15:02:54.734 D/ConnectivityService( 1186): Switching to new default network: NetworkAgentInfo{ ni{[type: WIFI[], state: CONNECTED/CONNECTED, reason: (unspecified), extra: , failover: false, available: true, roaming: false]}  network{209}  nethandle{901053861901}  lp{{InterfaceName: wlan0 LinkAddresses: [ 192.168.1.41/24 ] DnsAddresses: [ /192.168.1.1 ] Domains: null MTU: 0 ServerAddress: /192.168.1.1 TcpBufferSizes: 524288,1048576,2097152,262144,524288,1048576 Routes: [ fe80::/64 -> :: wlan0 mtu 0,192.168.1.0/24 -> 0.0.0.0 wlan0 mtu 0,0.0.0.0/0 -> 192.168.1.1 wlan0 mtu 0 ]}}  nc{[ Transports: WIFI Capabilities: NOT_METERED&INTERNET&NOT_RESTRICTED&TRUSTED&NOT_VPN&VALIDATED&NOT_ROAMING&FOREGROUND&NOT_CONGESTED&NOT_SUSPENDED LinkUpBandwidth>=61000Kbps LinkDnBandwidth>=61000Kbps SignalStrength: -34 OwnerUid: 1000 SSID: "MTBF_Lab" RequestorUid: -1 RequestorPackageName: null]}  Score{60}  everValidated{true}  lastValidated{true}  created{true} lingering{false} explicitlySelected{false} acceptUnvalidated{false} everCaptivePortalDetected{false} lastCaptivePortalDetected{false} partialConnectivity{false} acceptPartialConnectivity{false} clat{mBaseIface: null, mIface: null, mState: IDLE} }
11-21 15:02:54.835 W/SimpleTimeDetectorStrategy( 1186): Existing suggestion found to be invalid  elapsedRealtimeMillis=170062561, timeSuggestion=TelephonyTimeSuggestion{mSlotIndex='0', mUtcTime=TimestampedValue{mReferenceTimeMillis=57092, mValue=1637365770000}, mDebugInfo=[Sending new time suggestion nitzSignal=TimestampedValue{mReferenceTimeMillis=57092, mValue=NitzData{mOriginalString=21/11/19,23:49:30-32,00, mZoneOffset=-28800000, mDstOffset=0, mCurrentTimeMillis=1637365770000, mEmulatorHostTimeZone=null}}, reason=handleNitzReceived(TimestampedValue{mReferenceTimeMillis=57092, mValue=NitzData{mOriginalString=21/11/19,23:49:30-32,00, mZoneOffset=-28800000, mDstOffset=0, mCurrentTimeMillis=1637365770000, mEmulatorHostTimeZone=null}})]}
11-21 15:02:54.875 D/ConnectivityService( 1186): Lingering [101 CELLULAR] for 30000ms
11-21 15:02:54.876 D/ConnectivityService( 1186): Sending DISCONNECTED broadcast for type 0 [101 CELLULAR] isDefaultNetwork=true
11-21 15:02:54.878 D/ConnectivityService( 1186): Sending CONNECTED broadcast for type 1 [209 WIFI] isDefaultNetwork=true
11-21 15:02:54.921 D/ConnectivityService( 1186): Setting DNS servers for network 209 to [/192.168.1.1]
11-21 15:02:54.921 D/DnsManager( 1186): sendDnsConfigurationForNetwork(209, [192.168.1.1], [], 1800, 25, 8, 64, 0, 0, , [192.168.1.1])
11-21 15:02:55.038 I/Nat464Xlat( 1186): Android Xlat is disabled
11-21 15:02:55.039 I/Nat464Xlat( 1186): Android Xlat is disabled
11-21 15:03:00.314 D/commandrouter( 1006): SocServiceHandle::onServiceMessage, SoC Service = mcu_healthcheck_1029, appType = 1, type = SVC_REQ, clientId = 0, token = 5666, payloadLen = 12, result = 0, payload.size() = 12
11-21 15:03:00.318 D/commandrouter( 1006): mcu_healthcheck_1029 (1, merlot:mcu_health:control): <ServiceResponse> FORWARDED (remote -> local) CR token ID = 5666, service client ID = 40, token ID = 10834, result = 0
11-21 15:03:00.319 D/mculinkhealth( 1029): isMcuReachable 1 (5 ms)
11-21 15:03:00.742 D/AppStorageManager( 1186): BEFORE:: Previous Size: 884568064 Current Size: 884363264
11-21 15:03:00.742 D/AppStorageManager( 1186): AFTER:: Previous Size: 884363264 Current Size: 884363264
11-21 15:03:03.567 D/commandrouter( 1006): rtc_sync (1, rtc:sync): <ServiceRequest> FORWARDED (remote -> local) service client ID = 0, token ID = 49769
11-21 15:03:03.568 D/commandrouter( 1006): SocServiceHandle::onServiceMessage, SoC Service = rtc_sync, appType = 1, type = SVC_RESP, clientId = 0, token = 49769, payloadLen = 8, result = 0, payload.size() = 8
11-21 15:03:13.372 D/AutofillManagerService( 1186): onBackKeyPressed()
11-21 15:03:13.564 D/commandrouter( 1006): rtc_sync (1, rtc:sync): <ServiceRequest> FORWARDED (remote -> local) service client ID = 0, token ID = 49770
11-21 15:03:13.565 D/commandrouter( 1006): SocServiceHandle::onServiceMessage, SoC Service = rtc_sync, appType = 1, type = SVC_RESP, clientId = 0, token = 49770, payloadLen = 8, result = 0, payload.size() = 8
11-21 15:03:13.901 D/AutofillManagerService( 1186): onBackKeyPressed()
11-21 15:03:14.423 I/chatty  ( 1186): uid=1000(system) android.ui identical 1 line
11-21 15:03:15.623 D/AutofillManagerService( 1186): onBackKeyPressed()
11-21 15:03:16.196 W/ActivityManager( 1186): Invalid packageName: com.facebook.wearable.system.settings/com.facebook.wearable.system.settings.SettingsActivity
11-21 15:03:16.334 I/ActivityTaskManager( 1186): START u0 {flg=0x10000000 cmp=com.facebook.wearable.system.settings/.SettingsActivity} from uid 0
11-21 15:03:16.351 I/ActivityTaskManager( 1186): The Process com.facebook.wearable.system.settings Already Exists in BG. So sending its PID: 4763
11-21 15:03:16.351 W/ActivityTaskManager( 1186): Tried to set launchTime (0) < mLastActivityLaunchTime (170053064)
11-21 15:03:19.025 E/TaskPersister( 1186): File error accessing recents directory (directory doesn't exist?).
11-21 15:03:21.058 D/commandrouter( 1006): SocServiceHandle::onServiceMessage, SoC Service = mcu_healthcheck_934, appType = 1, type = SVC_REQ, clientId = 0, token = 2833, payloadLen = 20, result = 0, payload.size() = 20
11-21 15:03:21.062 D/commandrouter( 1006): mcu_healthcheck_934 (1, merlot:mcu_health:control): <ServiceResponse> FORWARDED (remote -> local) CR token ID = 2833, service client ID = 5, token ID = 10835, result = 0
11-21 15:03:23.562 D/commandrouter( 1006): rtc_sync (1, rtc:sync): <ServiceRequest> FORWARDED (remote -> local) service client ID = 0, token ID = 49771
11-21 15:03:23.562 D/commandrouter( 1006): SocServiceHandle::onServiceMessage, SoC Service = rtc_sync, appType = 1, type = SVC_RESP, clientId = 0, token = 49771, payloadLen = 8, result = 0, payload.size() = 8
11-21 15:03:23.892 W/ContextImpl( 1186): Calling a method in the system process without a qualified user: android.app.ContextImpl.sendBroadcastMultiplePermissions:1143 android.content.Context.sendBroadcastWithMultiplePermissions:2150 com.android.server.display.WifiDisplayAdapter.handleSendStatusChangeBroadcast:440 com.android.server.display.WifiDisplayAdapter.access$1700:63 com.android.server.display.WifiDisplayAdapter$WifiDisplayHandler.handleMessage:675 
11-21 15:03:24.428 D/ConnectivityService( 1186): [209 WIFI] EVENT_NETWORK_INFO_CHANGED, going from CONNECTED to DISCONNECTED
11-21 15:03:24.428 D/ConnectivityService( 1186): [209 WIFI] disconnected, was satisfying 27
11-21 15:03:24.518 I/Nat464Xlat( 1186): Android Xlat is disabled
11-21 15:03:24.518 I/Nat464Xlat( 1186): Android Xlat is disabled
11-21 15:03:24.574 D/ConnectivityService( 1186): Sending DISCONNECTED broadcast for type 1 [209 WIFI] isDefaultNetwork=true
11-21 15:03:24.576 D/ConnectivityService( 1186): NetReassign [44 : null → 101, 11 : null → 101, 63 : null → 101, 2885 : null → 101, 2235 : null → 101, 2877 : null → 101, 17 : null → 101, 25 : null → 101, 1438 : null → 101, 1 : null → 101, 2887 : null → 101, 8 : null → 101, 12 : null → 101, 14 : null → 101, 16 : null → 101, 22 : null → 101]
11-21 15:03:24.583 E/NetlinkEvent(  462): NetlinkEvent::FindParam(): Parameter 'INTERFACE' not found
11-21 15:03:24.583 E/NetlinkEvent(  462): NetlinkEvent::FindParam(): Parameter 'STATE' not found
11-21 15:03:24.583 E/NetlinkEvent(  462): NetlinkEvent::FindParam(): Parameter 'TIME_NS' not found
11-21 15:03:24.583 E/NetlinkEvent(  462): NetlinkEvent::FindParam(): Parameter 'UID' not found
11-21 15:03:24.600 D/ConnectivityService( 1186): Switching to new default network: NetworkAgentInfo{ ni{[type: MOBILE[LTE], state: CONNECTED/CONNECTED, reason: (unspecified), extra: enhancedphone, failover: false, available: true, roaming: false]}  network{101}  nethandle{437197393933}  lp{{InterfaceName: rmnet_data2 LinkAddresses: [ 10.55.48.101/30,2600:381:4804:c4b6:8cdc:8f0b:afe1:ec6b/64 ] DnsAddresses: [ /172.26.38.2,/fc00:a:a::400 ] Domains: null MTU: 1430 TcpBufferSizes: 2097152,4194304,8388608,262144,524288,1048576 Routes: [ 0.0.0.0/0 -> 10.55.48.102 rmnet_data2 mtu 1430,::/0 -> fe80::9db2:334d:2872:1e0a rmnet_data2 mtu 1430,10.55.48.100/30 -> 0.0.0.0 rmnet_data2 mtu 0,2600:381:4804:c4b6::/64 -> :: rmnet_data2 mtu 0 ]}}  nc{[ Transports: CELLULAR Capabilities: MMS&SUPL&FOTA&INTERNET&NOT_RESTRICTED&TRUSTED&NOT_VPN&VALIDATED&NOT_ROAMING&FOREGROUND&NOT_CONGESTED&NOT_SUSPENDED LinkUpBandwidth>=15000Kbps LinkDnBandwidth>=30000Kbps Specifier: <TelephonyNetworkSpecifier [mSubId = 1]> AdministratorUids: [] RequestorUid: -1 RequestorPackageName: null]}  Score{50}  everValidated{true}  lastValidated{true}  created{true} lingering{true} explicitlySelected{false} acceptUnvalidated{false} everCaptivePortalDetected{false} lastCaptivePortalDetected{false} partialConnectivity{false} acceptPartialConnectivity{false} clat{mBaseIface: null, mIface: null, mState: IDLE} }
11-21 15:03:24.693 W/SimpleTimeDetectorStrategy( 1186): Existing suggestion found to be invalid  elapsedRealtimeMillis=170092419, timeSuggestion=TelephonyTimeSuggestion{mSlotIndex='0', mUtcTime=TimestampedValue{mReferenceTimeMillis=57092, mValue=1637365770000}, mDebugInfo=[Sending new time suggestion nitzSignal=TimestampedValue{mReferenceTimeMillis=57092, mValue=NitzData{mOriginalString=21/11/19,23:49:30-32,00, mZoneOffset=-28800000, mDstOffset=0, mCurrentTimeMillis=1637365770000, mEmulatorHostTimeZone=null}}, reason=handleNitzReceived(TimestampedValue{mReferenceTimeMillis=57092, mValue=NitzData{mOriginalString=21/11/19,23:49:30-32,00, mZoneOffset=-28800000, mDstOffset=0, mCurrentTimeMillis=1637365770000, mEmulatorHostTimeZone=null}})]}
11-21 15:03:24.757 D/ConnectivityService( 1186): Unlingering [101 CELLULAR]
11-21 15:03:24.757 D/ConnectivityService( 1186): Sending CONNECTED broadcast for type 0 [101 CELLULAR] isDefaultNetwork=true
11-21 15:03:28.756 D/AutofillManagerService( 1186): onBackKeyPressed()
11-21 15:03:29.282 I/chatty  ( 1186): uid=1000(system) android.ui identical 1 line
11-21 15:03:29.807 D/AutofillManagerService( 1186): onBackKeyPressed()
11-21 15:03:30.320 D/commandrouter( 1006): SocServiceHandle::onServiceMessage, SoC Service = mcu_healthcheck_1029, appType = 1, type = SVC_REQ, clientId = 0, token = 5667, payloadLen = 12, result = 0, payload.size() = 12
11-21 15:03:30.323 D/commandrouter( 1006): mcu_healthcheck_1029 (1, merlot:mcu_health:control): <ServiceResponse> FORWARDED (remote -> local) CR token ID = 5667, service client ID = 40, token ID = 10836, result = 0
11-21 15:03:30.324 D/mculinkhealth( 1029): isMcuReachable 1 (4 ms)
11-21 15:03:31.629 D/AutofillManagerService( 1186): onBackKeyPressed()
11-21 15:03:32.623 D/AutofillManagerService( 1186): onBackKeyPressed()
11-21 15:03:33.291 E/TaskPersister( 1186): File error accessing recents directory (directory doesn't exist?).
11-21 15:03:33.564 D/commandrouter( 1006): rtc_sync (1, rtc:sync): <ServiceRequest> FORWARDED (remote -> local) service client ID = 0, token ID = 49772
11-21 15:03:33.565 D/commandrouter( 1006): SocServiceHandle::onServiceMessage, SoC Service = rtc_sync, appType = 1, type = SVC_RESP, clientId = 0, token = 49772, payloadLen = 8, result = 0, payload.size() = 8
11-21 15:03:33.622 D/AutofillManagerService( 1186): onBackKeyPressed()
11-21 15:03:34.618 I/chatty  ( 1186): uid=1000(system) android.ui identical 1 line
11-21 15:03:35.632 D/AutofillManagerService( 1186): onBackKeyPressed()
11-21 15:03:36.166 W/ActivityManager( 1186): Invalid packageName: com.facebook.wearable.system.settings/com.facebook.wearable.system.settings.SettingsActivity
11-21 15:03:36.296 I/ActivityTaskManager( 1186): START u0 {flg=0x10000000 cmp=com.facebook.wearable.system.settings/.SettingsActivity} from uid 0
11-21 15:03:36.313 I/ActivityTaskManager( 1186): The Process com.facebook.wearable.system.settings Already Exists in BG. So sending its PID: 4763
11-21 15:03:36.314 W/ActivityTaskManager( 1186): Tried to set launchTime (0) < mLastActivityLaunchTime (170084078)
11-21 15:03:39.009 D/AnalyticsLogger( 1186): sent events: 13
11-21 15:03:39.982 E/TaskPersister( 1186): File error accessing recents directory (directory doesn't exist?).
11-21 15:03:42.264 W/ContextImpl( 1186): Calling a method in the system process without a qualified user: android.app.ContextImpl.sendBroadcastMultiplePermissions:1143 android.content.Context.sendBroadcastWithMultiplePermissions:2150 com.android.server.display.WifiDisplayAdapter.handleSendStatusChangeBroadcast:440 com.android.server.display.WifiDisplayAdapter.access$1700:63 com.android.server.display.WifiDisplayAdapter$WifiDisplayHandler.handleMessage:675 
11-21 15:03:43.316 W/ContextImpl( 1186): Calling a method in the system process without a qualified user: android.app.ContextImpl.sendBroadcastMultiplePermissions:1143 android.content.Context.sendBroadcastWithMultiplePermissions:2150 com.android.server.wifi.p2p.WifiP2pServiceImpl$P2pStateMachine.sendBroadcastMultiplePermissions:3209 com.android.server.wifi.p2p.WifiP2pServiceImpl$P2pStateMachine.sendP2pConnectionChangedBroadcast:3236 com.android.server.wifi.p2p.WifiP2pServiceImpl$P2pStateMachine.access$5100:768 
11-21 15:03:43.317 W/BroadcastQueue( 1186): Permission Denial: receiving Intent { act=android.net.wifi.p2p.CONNECTION_STATE_CHANGE flg=0x24000010 (has extras) } to ProcessRecord{688c834 1907:.qtidataservices/u0a88} (pid=1907, uid=10088) requires android.permission.ACCESS_FINE_LOCATION due to sender android (uid 1000)
11-21 15:03:43.322 W/wificond(  911): Scan is not started. Ignore abort request
11-21 15:03:43.405 W/ContextImpl( 1186): Calling a method in the system process without a qualified user: android.app.ContextImpl.sendBroadcastMultiplePermissions:1143 android.content.Context.sendBroadcastWithMultiplePermissions:2150 com.android.server.wifi.p2p.WifiP2pServiceImpl$P2pStateMachine.sendBroadcastMultiplePermissions:3209 com.android.server.wifi.p2p.WifiP2pServiceImpl$P2pStateMachine.sendThisDeviceChangedBroadcast:3218 com.android.server.wifi.p2p.WifiP2pServiceImpl$P2pStateMachine.updateThisDevice:3962 
11-21 15:03:43.560 D/commandrouter( 1006): rtc_sync (1, rtc:sync): <ServiceRequest> FORWARDED (remote -> local) service client ID = 0, token ID = 49773
11-21 15:03:43.560 D/commandrouter( 1006): SocServiceHandle::onServiceMessage, SoC Service = rtc_sync, appType = 1, type = SVC_RESP, clientId = 0, token = 49773, payloadLen = 8, result = 0, payload.size() = 8
11-21 15:03:43.809 D/ConnectivityService( 1186): registerNetworkAgent NetworkAgentInfo{ ni{[type: WIFI[], state: UNKNOWN/IDLE, reason: (unspecified), extra: , failover: false, available: true, roaming: false]}  network{210}  nethandle{905348829197}  lp{{InterfaceName: wlan0 LinkAddresses: [ ] DnsAddresses: [ ] Domains: null MTU: 0 Routes: [ ]}}  nc{[ Transports: WIFI Capabilities: NOT_METERED&INTERNET&NOT_RESTRICTED&TRUSTED&NOT_VPN&NOT_ROAMING&FOREGROUND&NOT_CONGESTED&NOT_SUSPENDED LinkUpBandwidth>=72000Kbps LinkDnBandwidth>=72000Kbps OwnerUid: 1000 SSID: "MTBF_Lab" RequestorUid: -1 RequestorPackageName: null]}  Score{20}  everValidated{false}  lastValidated{false}  created{false} lingering{false} explicitlySelected{false} acceptUnvalidated{false} everCaptivePortalDetected{false} lastCaptivePortalDetected{false} partialConnectivity{false} acceptPartialConnectivity{false} clat{mBaseIface: null, mIface: null, mState: IDLE} }
11-21 15:03:43.826 D/ConnectivityService( 1186): [210 WIFI] EVENT_NETWORK_INFO_CHANGED, going from UNKNOWN to UNKNOWN
11-21 15:03:43.945 D/ConnectivityService( 1186): NetReassign [no changes]
11-21 15:03:43.967 I/Nat464Xlat( 1186): Android Xlat is disabled
11-21 15:03:43.967 I/Nat464Xlat( 1186): Android Xlat is disabled
11-21 15:03:44.102 E/ConnectivityService( 1186): Exception in networkAddRouteParcel for non-gateway: android.os.ServiceSpecificException: Machine is not on the network (code 64)
11-21 15:03:44.104 E/ConnectivityService( 1186): Exception in networkAddRouteParcel for gateway: android.os.ServiceSpecificException: Machine is not on the network (code 64)
11-21 15:03:44.104 I/Nat464Xlat( 1186): Android Xlat is disabled
11-21 15:03:44.104 I/Nat464Xlat( 1186): Android Xlat is disabled
11-21 15:03:44.162 D/ConnectivityService( 1186): Setting DNS servers for network 210 to [/192.168.1.1]
11-21 15:03:44.163 I/Nat464Xlat( 1186): Android Xlat is disabled
11-21 15:03:44.163 I/Nat464Xlat( 1186): Android Xlat is disabled
11-21 15:03:44.228 D/ConnectivityService( 1186): [210 WIFI] EVENT_NETWORK_INFO_CHANGED, going from UNKNOWN to CONNECTED
11-21 15:03:44.230 D/DnsManager( 1186): sendDnsConfigurationForNetwork(210, [192.168.1.1], [], 1800, 25, 8, 64, 0, 0, , [])
11-21 15:03:44.232 W/DnsManager( 1186): updatePrivateDns(210, PrivateDnsConfig{true:/[]})
11-21 15:03:44.232 D/ConnectivityService( 1186): Setting DNS servers for network 210 to [/192.168.1.1]
11-21 15:03:44.233 D/DnsManager( 1186): sendDnsConfigurationForNetwork(210, [192.168.1.1], [], 1800, 25, 8, 64, 0, 0, , [192.168.1.1])
11-21 15:03:44.239 D/ConnectivityService( 1186): Adding iface wlan0 to network 210
11-21 15:03:44.298 D/ConnectivityService( 1186): Setting DNS servers for network 210 to [/192.168.1.1]
11-21 15:03:44.298 D/DnsManager( 1186): sendDnsConfigurationForNetwork(210, [192.168.1.1], [], 1800, 25, 8, 64, 0, 0, , [192.168.1.1])
11-21 15:03:44.300 I/Nat464Xlat( 1186): Android Xlat is disabled
11-21 15:03:44.300 I/Nat464Xlat( 1186): Android Xlat is disabled
11-21 15:03:44.369 D/ConnectivityService( 1186): NetReassign [no changes]
11-21 15:03:44.512 D/ConnectivityService( 1186): [210 WIFI] validation passed
11-21 15:03:44.513 D/ConnectivityService( 1186): NetReassign [44 : 101 → 210, 11 : 101 → 210, 63 : 101 → 210, 2885 : 101 → 210, 2235 : 101 → 210, 2877 : 101 → 210, 17 : 101 → 210, 25 : 101 → 210, 1438 : 101 → 210, 1 : 101 → 210, 2887 : 101 → 210, 8 : 101 → 210, 12 : 101 → 210, 14 : 101 → 210, 16 : 101 → 210, 22 : 101 → 210]
11-21 15:03:44.516 E/NetlinkEvent(  462): NetlinkEvent::FindParam(): Parameter 'INTERFACE' not found
11-21 15:03:44.516 E/NetlinkEvent(  462): NetlinkEvent::FindParam(): Parameter 'STATE' not found
11-21 15:03:44.516 E/NetlinkEvent(  462): NetlinkEvent::FindParam(): Parameter 'TIME_NS' not found
11-21 15:03:44.516 E/NetlinkEvent(  462): NetlinkEvent::FindParam(): Parameter 'UID' not found
11-21 15:03:44.541 D/ConnectivityService( 1186): Switching to new default network: NetworkAgentInfo{ ni{[type: WIFI[], state: CONNECTED/CONNECTED, reason: (unspecified), extra: , failover: false, available: true, roaming: false]}  network{210}  nethandle{905348829197}  lp{{InterfaceName: wlan0 LinkAddresses: [ 192.168.1.41/24 ] DnsAddresses: [ /192.168.1.1 ] Domains: null MTU: 0 ServerAddress: /192.168.1.1 TcpBufferSizes: 524288,1048576,2097152,262144,524288,1048576 Routes: [ fe80::/64 -> :: wlan0 mtu 0,192.168.1.0/24 -> 0.0.0.0 wlan0 mtu 0,0.0.0.0/0 -> 192.168.1.1 wlan0 mtu 0 ]}}  nc{[ Transports: WIFI Capabilities: NOT_METERED&INTERNET&NOT_RESTRICTED&TRUSTED&NOT_VPN&VALIDATED&NOT_ROAMING&FOREGROUND&NOT_CONGESTED&NOT_SUSPENDED LinkUpBandwidth>=61000Kbps LinkDnBandwidth>=61000Kbps SignalStrength: -32 OwnerUid: 1000 SSID: "MTBF_Lab" RequestorUid: -1 RequestorPackageName: null]}  Score{60}  everValidated{true}  lastValidated{true}  created{true} lingering{false} explicitlySelected{false} acceptUnvalidated{false} everCaptivePortalDetected{false} lastCaptivePortalDetected{false} partialConnectivity{false} acceptPartialConnectivity{false} clat{mBaseIface: null, mIface: null, mState: IDLE} }
