11-20 00:35:27.501 E/AccountsViewModel( 3038): 	at com.facebook.wearable.system.settings.accounts.AccountsViewModel$wearableAccountFlow$1.invoke(:11)
11-20 00:35:27.501 E/AccountsViewModel( 3038): 	at kotlinx.coroutines.flow.AbstractFlow.collect$rvp0$0(:72)
11-20 00:35:27.501 E/AccountsViewModel( 3038): 	at kotlin.coroutines.jvm.internal.BaseContinuationImpl.invokeSuspend(:95417)
11-20 00:35:27.501 E/AccountsViewModel( 3038): 	at kotlinx.coroutines.flow.FlowKt__ShareKt$launchSharing$1$2.invoke(Unknown Source:10)
11-20 00:35:27.501 E/AccountsViewModel( 3038): 	at kotlin.coroutines.jvm.internal.BaseContinuationImpl.invokeSuspend(:96715)
11-20 00:35:27.501 E/AccountsViewModel( 3038): 	at kotlinx.coroutines.flow.FlowKt__MergeKt$mapLatest$1.invoke(Unknown Source:15)
11-20 00:35:27.501 E/AccountsViewModel( 3038): 	at kotlin.coroutines.jvm.internal.BaseContinuationImpl.invokeSuspend(:96820)
11-20 00:35:27.501 E/AccountsViewModel( 3038): 	at kotlinx.coroutines.flow.internal.ChannelFlowTransformLatest$flowCollect$3$1$2.invoke(Unknown Source:10)
11-20 00:35:27.501 E/AccountsViewModel( 3038): 	at kotlinx.coroutines.CoroutineStart.invoke(:32)
11-20 00:35:27.501 E/AccountsViewModel( 3038): 	at kotlinx.coroutines.BuildersKt__Builders_commonKt.launch(:15)
11-20 00:35:27.501 E/AccountsViewModel( 3038): 	at kotlinx.coroutines.flow.internal.ChannelFlowTransformLatest$flowCollect$3$invokeSuspend$$inlined$collect$1.emit(:56)
11-20 00:35:27.501 E/AccountsViewModel( 3038): 	at kotlinx.coroutines.flow.DistinctFlowImpl$collect$$inlined$collect$1.emit(:74)
11-20 00:35:27.501 E/AccountsViewModel( 3038): 	at kotlinx.coroutines.flow.FlowKt__LimitKt$dropWhile$lambda-4$$inlined$collect$1.emit(:114)
11-20 00:35:27.501 E/AccountsViewModel( 3038): 	at kotlinx.coroutines.flow.FlowKt__ChannelsKt.emitAllImpl$FlowKt__ChannelsKt(:123)
11-20 00:35:27.501 E/AccountsViewModel( 3038): 	at kotlin.coroutines.jvm.internal.BaseContinuationImpl.invokeSuspend(:96917)
11-20 00:35:27.501 E/AccountsViewModel( 3038): 	at kotlin.coroutines.jvm.internal.BaseContinuationImpl.resumeWith(:5)
11-20 00:35:27.501 E/AccountsViewModel( 3038): 	at kotlinx.coroutines.DispatchedTask.run(:131)
11-20 00:35:27.501 E/AccountsViewModel( 3038): 	at java.util.concurrent.Executors$RunnableAdapter.call(Executors.java:462)
11-20 00:35:27.501 E/AccountsViewModel( 3038): 	at java.util.concurrent.FutureTask.run(FutureTask.java:266)
11-20 00:35:27.501 E/AccountsViewModel( 3038): 	at com.facebook.wearable.common.executors.DelayedFutureTask.run(:22)
11-20 00:35:27.501 E/AccountsViewModel( 3038): 	at java.util.concurrent.ThreadPoolExecutor.runWorker(ThreadPoolExecutor.java:1167)
11-20 00:35:27.501 E/AccountsViewModel( 3038): 	at java.util.concurrent.ThreadPoolExecutor$Worker.run(ThreadPoolExecutor.java:641)
11-20 00:35:27.501 E/AccountsViewModel( 3038): 	at com.facebook.wearable.common.executors.NamedThreadFactory$1.run(:7)
11-20 00:35:27.510 W/View    ( 3038): requestLayout() improperly called by com.facebook.wearable.common.wds.listview.WdsListView{2da96bd V.E..V... ........ 0,0-474,474} during second layout pass: posting in next frame
11-20 00:35:27.538 D/CompatibilityInfo( 1194): mCompatibilityFlags - 4
11-20 00:35:27.538 D/CompatibilityInfo( 1194): applicationDensity - 320
11-20 00:35:27.538 D/CompatibilityInfo( 1194): applicationScale - 1.0
11-20 00:35:27.596 I/chatty  ( 2351): uid=10060(com.facebook.wearable.system.selfcare) MainTP_223 expire 2 lines
11-20 00:35:27.680 D/CompatibilityInfo( 1194): mCompatibilityFlags - 4
11-20 00:35:27.680 D/CompatibilityInfo( 1194): applicationDensity - 320
11-20 00:35:27.680 D/CompatibilityInfo( 1194): applicationScale - 1.0
11-20 00:35:27.806 D/CompatibilityInfo( 1194): mCompatibilityFlags - 4
11-20 00:35:27.807 D/CompatibilityInfo( 1194): applicationDensity - 320
11-20 00:35:27.807 D/CompatibilityInfo( 1194): applicationScale - 1.0
11-20 00:35:27.823 D/ComplicationController( 2581): Stopping complication controller.
11-20 00:35:27.827 D/ComplicationDataManagerImpl( 2581): Fetching complication data for package: com.facebook.wearable.apps.calendar, com.facebook.wearable.apps.calendar.DAY_DATE_COMPLICATION.
11-20 00:35:27.828 D/ComplicationDataManagerImpl( 2581): Fetching complication data for package: com.facebook.wearable.apps.player, com.facebook.wearable.apps.player.SHORTCUT_COMPLICATION.
11-20 00:35:27.828 D/ComplicationDataManagerImpl( 2581): Fetching complication data for package: com.facebook.wearable.apps.gallery, com.facebook.wearable.apps.gallery.SHORTCUT_COMPLICATION.
11-20 00:35:27.828 D/ComplicationDataManagerImpl( 2581): Fetching complication data for package: com.facebook.wearable.apps.heart, com.facebook.wearable.apps.heart.HEART_RATE.
11-20 00:35:27.833 D/CompatibilityInfo( 1194): mCompatibilityFlags - 4
11-20 00:35:27.833 D/CompatibilityInfo( 1194): applicationDensity - 320
11-20 00:35:27.833 D/CompatibilityInfo( 1194): applicationScale - 1.0
11-20 00:35:27.892 D/CompatibilityInfo( 1194): mCompatibilityFlags - 4
11-20 00:35:27.892 D/CompatibilityInfo( 1194): applicationDensity - 320
11-20 00:35:27.892 D/CompatibilityInfo( 1194): applicationScale - 1.0
11-20 00:35:28.058 D/CompatibilityInfo( 1194): mCompatibilityFlags - 4
11-20 00:35:28.059 D/CompatibilityInfo( 1194): applicationDensity - 320
11-20 00:35:28.059 D/CompatibilityInfo( 1194): applicationScale - 1.0
11-20 00:35:28.297 D/CompatibilityInfo( 1194): mCompatibilityFlags - 4
11-20 00:35:28.297 D/CompatibilityInfo( 1194): applicationDensity - 320
11-20 00:35:28.297 D/CompatibilityInfo( 1194): applicationScale - 1.0
11-20 00:35:28.347 D/UIAutomatorStub( 6249): URI: /jsonrpc/0, Method: POST, Header: {content-length=192, remote-addr=127.0.0.1, http-client-ip=127.0.0.1, host=localhost:9010, content-type=application/json, accept-encoding=identity}, params, {NanoHttpd.QUERY_STRING=null}, files: {postData={"jsonrpc": "2.0", "method": "waitForExists", "id": "1d67c4c175b4cb8c02f0ed1be7642e86", "params": [{"mask": 1, "childOrSibling": [], "childOrSiblingSelector": [], "text": "Notifications"}, 5]}}
11-20 00:35:28.367 D/UIAutomatorStub( 6249): URI: /jsonrpc/0, Method: POST, Header: {content-length=191, remote-addr=127.0.0.1, http-client-ip=127.0.0.1, host=localhost:9010, content-type=application/json, accept-encoding=identity}, params, {NanoHttpd.QUERY_STRING=null}, files: {postData={"jsonrpc": "2.0", "method": "waitForExists", "id": "c127db13325700e6341463b52d8d01d2", "params": [{"mask": 1, "childOrSibling": [], "childOrSiblingSelector": [], "text": "Connectivity"}, 5]}}
11-20 00:35:28.428 D/UIAutomatorStub( 6249): URI: /jsonrpc/0, Method: POST, Header: {content-length=180, remote-addr=127.0.0.1, http-client-ip=127.0.0.1, host=localhost:9010, content-type=application/json, accept-encoding=identity}, params, {NanoHttpd.QUERY_STRING=null}, files: {postData={"jsonrpc": "2.0", "method": "click", "id": "13a03ad7b5582fb3be3437da6e5d7082", "params": [{"mask": 1, "childOrSibling": [], "childOrSiblingSelector": [], "text": "Connectivity"}]}}
11-20 00:35:28.452 D/CompatibilityInfo( 1194): mCompatibilityFlags - 4
11-20 00:35:28.452 D/CompatibilityInfo( 1194): applicationDensity - 320
11-20 00:35:28.452 D/CompatibilityInfo( 1194): applicationScale - 1.0
11-20 00:35:28.474 E/ANDR-PERF-OPTSHANDLER(  557): Unable to find the correct node storage pointers for                   resource index=16, node path=/proc/sys/kernel/sched_upmigrate
11-20 00:35:28.476 E/ANDR-PERF-RESOURCEQS(  557): Failed to reset optimization [3, 7]
11-20 00:35:28.476 E/ANDR-PERF-OPTSHANDLER(  557): Unable to find the correct node storage pointers for                   resource index=17, node path=/proc/sys/kernel/sched_downmigrate
11-20 00:35:28.476 E/ANDR-PERF-RESOURCEQS(  557): Failed to reset optimization [3, 8]
11-20 00:35:28.476 E/ANDR-PERF-OPTSHANDLER(  557): Perflock resource /sys/module/lpm_levels/parameters/bias_hyst not supported
11-20 00:35:28.476 E/ANDR-PERF-RESOURCEQS(  557): Failed to reset optimization [1, 2]
11-20 00:35:28.476 E/ANDR-PERF-OPTSHANDLER(  557): Perflock resource /proc/sys/kernel/sched_group_upmigrate not supported
11-20 00:35:28.476 E/ANDR-PERF-RESOURCEQS(  557): Failed to reset optimization [3, 21]
11-20 00:35:28.476 E/ANDR-PERF-OPTSHANDLER(  557): Perflock resource /proc/sys/kernel/sched_group_downmigrate not supported
11-20 00:35:28.476 E/ANDR-PERF-RESOURCEQS(  557): Failed to reset optimization [3, 22]
11-20 00:35:28.516 W/StatusBarClientConnection( 3038): Messenger is null, ignoring message: { when=-8h47m54s779ms barrier=1 }
11-20 00:35:28.544 E/StatusBarClientConnection( 3038): Service connected
11-20 00:35:28.571 W/View    ( 3038): requestLayout() improperly called by android.view.View{2c0a372 V.ED..... ......I. 0,368-474,474} during layout: running second layout pass
11-20 00:35:28.590 W/View    ( 3038): requestLayout() improperly called by com.facebook.wearable.common.wds.listview.WdsListView{7a670f8 V.E..V... ........ 0,0-474,474} during second layout pass: posting in next frame
11-20 00:35:28.693 D/CompatibilityInfo( 1194): mCompatibilityFlags - 4
11-20 00:35:28.693 D/CompatibilityInfo( 1194): applicationDensity - 320
11-20 00:35:28.693 D/CompatibilityInfo( 1194): applicationScale - 1.0
11-20 00:35:28.851 D/CompatibilityInfo( 1194): mCompatibilityFlags - 4
11-20 00:35:28.851 D/CompatibilityInfo( 1194): applicationDensity - 320
11-20 00:35:28.851 D/CompatibilityInfo( 1194): applicationScale - 1.0
11-20 00:35:29.020 I/chatty  ( 2351): uid=10060(com.facebook.wearable.system.selfcare) DefaultDispatch expire 13 lines
11-20 00:35:29.020 I/chatty  ( 2351): uid=10060(com.facebook.wearable.system.selfcare) pool-3-thread-1 expire 8 lines
11-20 00:35:29.098 D/CompatibilityInfo( 1194): mCompatibilityFlags - 4
11-20 00:35:29.098 D/CompatibilityInfo( 1194): applicationDensity - 320
11-20 00:35:29.098 D/CompatibilityInfo( 1194): applicationScale - 1.0
11-20 00:35:29.260 D/CompatibilityInfo( 1194): mCompatibilityFlags - 4
11-20 00:35:29.260 D/CompatibilityInfo( 1194): applicationDensity - 320
11-20 00:35:29.260 D/CompatibilityInfo( 1194): applicationScale - 1.0
11-20 00:35:29.302 E/ANDR-PERF-OPTSHANDLER(  557): perf_lock_rel: failed for /proc/sys/vm/swap_ratio as previous value is not stored
11-20 00:35:29.302 E/ANDR-PERF-OPTSHANDLER(  557): perf_lock_rel: failed for /sys/class/kgsl/kgsl-3d0/min_pwrlevel as previous value is not stored
11-20 00:35:29.304 E/ANDR-PERF-RESOURCEQS(  557): Failed to reset optimization [3, 0]
11-20 00:35:29.313 I/chatty  ( 2351): uid=10060(com.facebook.wearable.system.selfcare) MainTP_224 expire 1 line
11-20 00:35:29.489 D/CompatibilityInfo( 1194): mCompatibilityFlags - 4
11-20 00:35:29.490 D/CompatibilityInfo( 1194): applicationDensity - 320
11-20 00:35:29.490 D/CompatibilityInfo( 1194): applicationScale - 1.0
11-20 00:35:29.558 I/chatty  ( 2351): uid=10060(com.facebook.wearable.system.selfcare) pool-3-thread-2 expire 1 line
11-20 00:35:29.641 D/CompatibilityInfo( 1194): mCompatibilityFlags - 4
11-20 00:35:29.641 D/CompatibilityInfo( 1194): applicationDensity - 320
11-20 00:35:29.641 D/CompatibilityInfo( 1194): applicationScale - 1.0
11-20 00:35:29.720 I/chatty  ( 2351): uid=10060(com.facebook.wearable.system.selfcare) MainTP_219 expire 3 lines
11-20 00:35:29.962 E/TaskPersister( 1194): File error accessing recents directory (directory doesn't exist?).
11-20 00:35:30.224 W/HWComposer(  577): Ignoring duplicate VSYNC event from HWC for display 0 (t=31676487975415)
11-20 00:35:30.536 D/CompatibilityInfo( 1194): mCompatibilityFlags - 4
11-20 00:35:30.536 D/CompatibilityInfo( 1194): applicationDensity - 320
11-20 00:35:30.536 D/CompatibilityInfo( 1194): applicationScale - 1.0
11-20 00:35:30.601 I/chatty  ( 2351): uid=10060(com.facebook.wearable.system.selfcare) MainTP_217 expire 3 lines
11-20 00:35:30.688 D/CompatibilityInfo( 1194): mCompatibilityFlags - 4
11-20 00:35:30.688 D/CompatibilityInfo( 1194): applicationDensity - 320
11-20 00:35:30.688 D/CompatibilityInfo( 1194): applicationScale - 1.0
11-20 00:35:30.772 I/chatty  ( 2351): uid=10060(com.facebook.wearable.system.selfcare) MainTP_222 expire 2 lines
11-20 00:35:30.913 D/commandrouter( 1117): rtc_sync (1, rtc:sync): <ServiceRequest> FORWARDED (remote -> local) service client ID = 0, token ID = 35931
11-20 00:35:30.913 D/vendor.facebook.rtc_sync@1.0-service( 1129): Request req_ts=1637368530911185585 resp_ts=1637368530913633967
11-20 00:35:30.914 D/commandrouter( 1117): SocServiceHandle::onServiceMessage, SoC Service = rtc_sync, appType = 1, type = SVC_RESP, clientId = 0, token = 35931, payloadLen = 8, result = 0, payload.size() = 8
11-20 00:35:30.940 D/CompatibilityInfo( 1194): mCompatibilityFlags - 4
11-20 00:35:30.940 D/CompatibilityInfo( 1194): applicationDensity - 320
11-20 00:35:30.940 D/CompatibilityInfo( 1194): applicationScale - 1.0
11-20 00:35:31.094 D/CompatibilityInfo( 1194): mCompatibilityFlags - 4
11-20 00:35:31.094 D/CompatibilityInfo( 1194): applicationDensity - 320
11-20 00:35:31.094 D/CompatibilityInfo( 1194): applicationScale - 1.0
11-20 00:35:31.333 D/CompatibilityInfo( 1194): mCompatibilityFlags - 4
11-20 00:35:31.333 D/CompatibilityInfo( 1194): applicationDensity - 320
11-20 00:35:31.333 D/CompatibilityInfo( 1194): applicationScale - 1.0
11-20 00:35:31.478 D/CompatibilityInfo( 1194): mCompatibilityFlags - 4
11-20 00:35:31.478 D/CompatibilityInfo( 1194): applicationDensity - 320
11-20 00:35:31.478 D/CompatibilityInfo( 1194): applicationScale - 1.0
11-20 00:35:31.546 D/UIAutomatorStub( 6249): URI: /jsonrpc/0, Method: POST, Header: {content-length=183, remote-addr=127.0.0.1, http-client-ip=127.0.0.1, host=localhost:9010, content-type=application/json, accept-encoding=identity}, params, {NanoHttpd.QUERY_STRING=null}, files: {postData={"jsonrpc": "2.0", "method": "waitForExists", "id": "330cb5a285b310dabc66d3c042fa9e47", "params": [{"mask": 1, "childOrSibling": [], "childOrSiblingSelector": [], "text": "WiFi"}, 5]}}
11-20 00:35:31.575 D/UIAutomatorStub( 6249): URI: /jsonrpc/0, Method: POST, Header: {content-length=172, remote-addr=127.0.0.1, http-client-ip=127.0.0.1, host=localhost:9010, content-type=application/json, accept-encoding=identity}, params, {NanoHttpd.QUERY_STRING=null}, files: {postData={"jsonrpc": "2.0", "method": "click", "id": "3279c1ae18676c85623d2a5f068399fc", "params": [{"mask": 1, "childOrSibling": [], "childOrSiblingSelector": [], "text": "WiFi"}]}}
11-20 00:35:31.649 W/StatusBarClientConnection( 3038): Messenger is null, ignoring message: { when=-8h47m57s912ms barrier=1 }
11-20 00:35:31.671 W/System  ( 2665): ClassLoader referenced unknown path: /system/framework/tcmclient.jar
11-20 00:35:31.674 D/CompatibilityInfo( 1194): mCompatibilityFlags - 4
11-20 00:35:31.674 D/CompatibilityInfo( 1194): applicationDensity - 320
11-20 00:35:31.674 D/CompatibilityInfo( 1194): applicationScale - 1.0
11-20 00:35:31.681 E/StatusBarClientConnection( 3038): Service connected
11-20 00:35:31.690 D/WifiConnector( 2841): Network State Changed
11-20 00:35:31.692 W/View    ( 3038): requestLayout() improperly called by android.view.View{264c465 V.ED..... ......I. 0,368-474,474} during layout: running second layout pass
11-20 00:35:31.692 I/chatty  ( 2351): uid=10060(com.facebook.wearable.system.selfcare) pool-3-thread-3 expire 4 lines
11-20 00:35:31.707 D/WifiSharingService( 2841): Starting Wi-Fi scan
11-20 00:35:31.708 I/hub.uiautomato( 6249): Background concurrent copying GC freed 185954(11MB) AllocSpace objects, 345(6900KB) LOS objects, 85% free, 3239KB/21MB, paused 148us total 133.794ms
11-20 00:35:31.708 I/WifiService( 1194): startScan uid=1000
11-20 00:35:31.714 W/View    ( 3038): requestLayout() improperly called by com.facebook.wearable.common.wds.listview.WdsListView{c184fc9 V.E..V... ........ 0,0-474,474} during second layout pass: posting in next frame
11-20 00:35:31.728 D/WifiNative( 1194): Scan trigered from WifiNative
11-20 00:35:31.730 I/chatty  ( 1024): uid=1021(gps) lowi-server expire 86 lines
11-20 00:35:31.731 V/WifiHAL (  539): event received NL80211_CMD_TRIGGER_SCAN
11-20 00:35:31.887 D/CompatibilityInfo( 1194): mCompatibilityFlags - 4
11-20 00:35:31.887 D/CompatibilityInfo( 1194): applicationDensity - 320
11-20 00:35:31.887 D/CompatibilityInfo( 1194): applicationScale - 1.0
11-20 00:35:32.020 D/CompatibilityInfo( 1194): mCompatibilityFlags - 4
11-20 00:35:32.020 D/CompatibilityInfo( 1194): applicationDensity - 320
11-20 00:35:32.020 D/CompatibilityInfo( 1194): applicationScale - 1.0
11-20 00:35:32.088 I/chatty  ( 2351): uid=10060(com.facebook.wearable.system.selfcare) MainTP_221 expire 1 line
11-20 00:35:32.251 D/CompatibilityInfo( 1194): mCompatibilityFlags - 4
11-20 00:35:32.251 D/CompatibilityInfo( 1194): applicationDensity - 320
11-20 00:35:32.251 D/CompatibilityInfo( 1194): applicationScale - 1.0
11-20 00:35:32.267 V/WifiHAL (  539): event received NL80211_CMD_NEW_SCAN_RESULTS
11-20 00:35:32.268 D/WifiNl80211Manager( 1194): Scan result ready event
11-20 00:35:32.268 D/WifiNative( 1194): Scan result ready event
11-20 00:35:32.281 D/LOWI-9.0.0.80( 1024): [LOWI-Scan] 
11-20 00:35:32.281 D/LOWI-9.0.0.80( 1024): [LOWI-Scan] print_bss_handler: Report Probe TSF 31678530121 as it greater than Beacon TSF 31273582838
11-20 00:35:32.281 I/LOWI-9.0.0.80( 1024): [LOWI-Scan] RSN_IE
11-20 00:35:32.281 D/LOWI-9.0.0.80( 1024): [LOWI-Scan] decode_rsn_wpa_ie: Entered
11-20 00:35:32.281 D/LOWI-9.0.0.80( 1024): [LOWIUtils] hexDump: msg(30 14 01 00 00 0f ac 04 01 00 00 0f ac 04 01 00 00 0f ac 02 )
11-20 00:35:32.281 D/LOWI-9.0.0.80( 1024): [LOWI-Scan] decode_rsn_wpa_ie: LOWI_ENCRYPTION_TYPE_WPA_PSK
11-20 00:35:32.281 D/LOWI-9.0.0.80( 1024): [LOWI-Scan] is_qcom_ie, bss_age: 49
11-20 00:35:32.281 D/LOWI-9.0.0.80( 1024): [LOWI-Scan] BSS 12:d7:96:61:85:9f LOWI_PHY_MODE_11AC_VHT20_2G(11), Beacon Interval: 100, LOWI_ENCRYPTION_TYPE_WPA_PSK 11mcRanging: No, ANQP: Yes, LCI: No, Civic: No, capability(0x1431): ESS Privacy ShortPreamble ShortSlotTime
11-20 00:35:32.281 D/LOWI-9.0.0.80( 1024): [LOWI-Scan] BSS 12:d7:96:61:85:9f FREQ: 2412, cFreq1[40:80:160] = [0:0:0] cFreq2 = 0 Country Code =    
11-20 00:35:32.281 D/LOWI-9.0.0.80( 1024): [LOWI-Scan] BSS 12:d7:96:61:85:9f (wlan0) ASSO: NO AddInfo: 0x0, TSF 0, 08:47:58.530, RSSI: -110, CPL: 127, AGE: 0,  SSID Pixel_R5, TSFDelta: 0x0, TXRate: 0
11-20 00:35:32.282 D/LOWI-9.0.0.80( 1024): [LOWI-Scan] 
11-20 00:35:32.282 D/LOWI-9.0.0.80( 1024): [LOWI-Scan] print_bss_handler: Report Probe TSF 31678530239 as it greater than Beacon TSF 31547841090
11-20 00:35:32.282 I/LOWI-9.0.0.80( 1024): [LOWI-Scan] RSN_IE
11-20 00:35:32.282 D/LOWI-9.0.0.80( 1024): [LOWI-Scan] decode_rsn_wpa_ie: Entered
11-20 00:35:32.282 D/LOWI-9.0.0.80( 1024): [LOWIUtils] hexDump: msg(30 14 01 00 00 0f ac 04 01 00 00 0f ac 04 01 00 00 0f ac 02 )
11-20 00:35:32.282 D/LOWI-9.0.0.80( 1024): [LOWI-Scan] decode_rsn_wpa_ie: LOWI_ENCRYPTION_TYPE_WPA_PSK
11-20 00:35:32.282 D/LOWI-9.0.0.80( 1024): [LOWI-Scan] is_qcom_ie, bss_age: 46
11-20 00:35:32.282 D/LOWI-9.0.0.80( 1024): [LOWI-Scan] BSS 2c:57:41:86:8a:a1 LOWI_PHY_MODE_11NG_HT20(5), Beacon Interval: 100, LOWI_ENCRYPTION_TYPE_WPA_PSK 11mcRanging: No, ANQP: No, LCI: No, Civic: No, capability(0x1411): ESS Privacy ShortSlotTime
11-20 00:35:32.282 D/LOWI-9.0.0.80( 1024): [LOWI-Scan] BSS 2c:57:41:86:8a:a1 FREQ: 2412, cFreq1[40:80:160] = [0:0:0] cFreq2 = 0 Country Code = US
11-20 00:35:32.282 D/LOWI-9.0.0.80( 1024): [LOWI-Scan] BSS 2c:57:41:86:8a:a1 (wlan0) ASSO: NO AddInfo: 0x0, TSF 0, 08:47:58.530, RSSI: -134, CPL: 3, AGE: 0,  SSID kittyhawk, TSFDelta: 0x0, TXRate: 0
11-20 00:35:32.283 D/WificondScannerImpl( 1194): Filtering out 3 scan results.
11-20 00:35:32.283 D/LOWI-9.0.0.80( 1024): [LOWI-Scan] 
11-20 00:35:32.287 D/LOWI-9.0.0.80( 1024): [LOWI-Scan] print_bss_handler: Report Probe TSF 31678530284 as it greater than Beacon TSF 31395861507
11-20 00:35:32.287 I/LOWI-9.0.0.80( 1024): [LOWI-Scan] RSN_IE
11-20 00:35:32.287 D/LOWI-9.0.0.80( 1024): [LOWI-Scan] decode_rsn_wpa_ie: Entered
11-20 00:35:32.287 D/LOWI-9.0.0.80( 1024): [LOWIUtils] hexDump: msg(30 14 01 00 00 0f ac 04 01 00 00 0f ac 04 01 00 00 0f ac 02 )
11-20 00:35:32.287 D/LOWI-9.0.0.80( 1024): [LOWI-Scan] decode_rsn_wpa_ie: LOWI_ENCRYPTION_TYPE_WPA_PSK
11-20 00:35:32.287 D/LOWI-9.0.0.80( 1024): [LOWI-Scan] is_qcom_ie, bss_age: 46
11-20 00:35:32.287 D/LOWI-9.0.0.80( 1024): [LOWI-Scan] BSS 2c:57:41:88:72:e1 LOWI_PHY_MODE_11NG_HT20(5), Beacon Interval: 100, LOWI_ENCRYPTION_TYPE_WPA_PSK 11mcRanging: No, ANQP: No, LCI: No, Civic: No, capability(0x1411): ESS Privacy ShortSlotTime
11-20 00:35:32.288 D/LOWI-9.0.0.80( 1024): [LOWI-Scan] BSS 2c:57:41:88:72:e1 FREQ: 2412, cFreq1[40:80:160] = [0:0:0] cFreq2 = 0 Country Code = US
11-20 00:35:32.288 D/LOWI-9.0.0.80( 1024): [LOWI-Scan] BSS 2c:57:41:88:72:e1 (wlan0) ASSO: NO AddInfo: 0x0, TSF 0, 08:47:58.530, RSSI: -150, CPL: 3, AGE: 0,  SSID kittyhawk, TSFDelta: 0x0, TXRate: 0
11-20 00:35:32.288 D/LOWI-9.0.0.80( 1024): [LOWI-Scan] 
11-20 00:35:32.288 D/LOWI-9.0.0.80( 1024): [LOWI-Scan] print_bss_handler: Report Probe TSF 31678530307 as it greater than Beacon TSF 31395861531
11-20 00:35:32.289 I/LOWI-9.0.0.80( 1024): [LOWI-Scan] RSN_IE
11-20 00:35:32.289 D/LOWI-9.0.0.80( 1024): [LOWI-Scan] decode_rsn_wpa_ie: Entered
11-20 00:35:32.289 D/LOWI-9.0.0.80( 1024): [LOWIUtils] hexDump: msg(30 14 01 00 00 0f ac 04 01 00 00 0f ac 04 01 00 00 0f ac 02 )
11-20 00:35:32.289 D/LOWI-9.0.0.80( 1024): [LOWI-Scan] decode_rsn_wpa_ie: LOWI_ENCRYPTION_TYPE_WPA_PSK
11-20 00:35:32.289 D/LOWI-9.0.0.80( 1024): [LOWI-Scan] is_qcom_ie, bss_age: 50
11-20 00:35:32.289 D/LOWI-9.0.0.80( 1024): [LOWI-Scan] BSS 2c:57:41:89:53:21 LOWI_PHY_MODE_11NG_HT20(5), Beacon Interval: 100, LOWI_ENCRYPTION_TYPE_WPA_PSK 11mcRanging: No, ANQP: No, LCI: No, Civic: No, capability(0x1411): ESS Privacy ShortSlotTime
11-20 00:35:32.289 D/LOWI-9.0.0.80( 1024): [LOWI-Scan] BSS 2c:57:41:89:53:21 FREQ: 2412, cFreq1[40:80:160] = [0:0:0] cFreq2 = 0 Country Code = US
11-20 00:35:32.289 D/LOWI-9.0.0.80( 1024): [LOWI-Scan] BSS 2c:57:41:89:53:21 (wlan0) ASSO: NO AddInfo: 0x0, TSF 0, 08:47:58.530, RSSI: -160, CPL: 3, AGE: 0,  SSID kittyhawk, TSFDelta: 0x0, TXRate: 0
11-20 00:35:32.290 D/LOWI-9.0.0.80( 1024): [LOWI-Scan] 
11-20 00:35:32.290 D/LOWI-9.0.0.80( 1024): [LOWI-Scan] print_bss_handler: Report Probe TSF 31649773303 as it greater than Beacon TSF 0
11-20 00:35:32.290 I/LOWI-9.0.0.80( 1024): [LOWI-Scan] RSN_IE
11-20 00:35:32.290 D/LOWI-9.0.0.80( 1024): [LOWI-Scan] decode_rsn_wpa_ie: Entered
11-20 00:35:32.290 D/LOWI-9.0.0.80( 1024): [LOWIUtils] hexDump: msg(30 14 01 00 00 0f ac 04 01 00 00 0f ac 04 01 00 00 0f ac 02 )
11-20 00:35:32.290 D/LOWI-9.0.0.80( 1024): [LOWI-Scan] decode_rsn_wpa_ie: LOWI_ENCRYPTION_TYPE_WPA_PSK
11-20 00:35:32.290 D/LOWI-9.0.0.80( 1024): [LOWI-Scan] is_qcom_ie, bss_age: 54
11-20 00:35:32.290 D/LOWI-9.0.0.80( 1024): [LOWI-Scan] adjust_age:AP AGE upper limit reached. Dont store
11-20 00:35:32.290 D/LOWI-9.0.0.80( 1024): [LOWI-Scan] BSS be:9e:0e:1c:6e:7f LOWI_PHY_MODE_11AC_VHT20_2G(11), Beacon Interval: 100, LOWI_ENCRYPTION_TYPE_WPA_PSK 11mcRanging: No, ANQP: No, LCI: No, Civic: No, capability(0x1431): ESS Privacy ShortPreamble ShortSlotTime
11-20 00:35:32.291 D/LOWI-9.0.0.80( 1024): [LOWI-Scan] BSS be:9e:0e:1c:6e:7f FREQ: 2412, cFreq1[40:80:160] = [0:0:0] cFreq2 = 0 Country Code =    
11-20 00:35:32.291 D/LOWI-9.0.0.80( 1024): [LOWI-Scan] BSS be:9e:0e:1c:6e:7f (wlan0) ASSO: NO AddInfo: 0x0, TSF 0, 08:47:29.773, RSSI: -122, CPL: 127, AGE: 28760,  SSID Pixel_3541, TSFDelta: 0x0, TXRate: 0
11-20 00:35:32.291 D/LOWI-9.0.0.80( 1024): [LOWI-Scan] 
11-20 00:35:32.291 D/LOWI-9.0.0.80( 1024): [LOWI-Scan] print_bss_handler: Report Probe TSF 31678530100 as it greater than Beacon TSF 31598803372
11-20 00:35:32.291 I/LOWI-9.0.0.80( 1024): [LOWI-Scan] RSN_IE
11-20 00:35:32.291 D/LOWI-9.0.0.80( 1024): [LOWI-Scan] decode_rsn_wpa_ie: Entered
11-20 00:35:32.292 D/LOWI-9.0.0.80( 1024): [LOWIUtils] hexDump: msg(30 14 01 00 00 0f ac 04 01 00 00 0f ac 04 01 00 00 0f ac 02 )
11-20 00:35:32.292 D/LOWI-9.0.0.80( 1024): [LOWI-Scan] decode_rsn_wpa_ie: LOWI_ENCRYPTION_TYPE_WPA_PSK
11-20 00:35:32.292 D/LOWI-9.0.0.80( 1024): [LOWI-Scan] is_qcom_ie, bss_age: 44
11-20 00:35:32.292 D/LOWI-9.0.0.80( 1024): [LOWI-Scan] BSS 52:b8:14:37:74:3f LOWI_PHY_MODE_11AC_VHT20_2G(11), Beacon Interval: 100, LOWI_ENCRYPTION_TYPE_WPA_PSK 11mcRanging: No, ANQP: No, LCI: No, Civic: No, capability(0x1431): ESS Privacy ShortPreamble ShortSlotTime
11-20 00:35:32.292 D/LOWI-9.0.0.80( 1024): [LOWI-Scan] BSS 52:b8:14:37:74:3f FREQ: 2417, cFreq1[40:80:160] = [0:0:0] cFreq2 = 0 Country Code =    
11-20 00:35:32.292 D/LOWI-9.0.0.80( 1024): [LOWI-Scan] BSS 52:b8:14:37:74:3f (wlan0) ASSO: NO AddInfo: 0x0, TSF 0, 08:47:58.530, RSSI: -102, CPL: 127, AGE: 0,  SSID Pixel_8668, TSFDelta: 0x0, TXRate: 0
11-20 00:35:32.292 D/LOWI-9.0.0.80( 1024): [LOWI-Scan] 
11-20 00:35:32.293 D/LOWI-9.0.0.80( 1024): [LOWI-Scan] print_bss_handler: Report Probe TSF 31678530328 as it greater than Beacon TSF 31649773414
11-20 00:35:32.293 I/LOWI-9.0.0.80( 1024): [LOWI-Scan] RSN_IE
11-20 00:35:32.293 D/LOWI-9.0.0.80( 1024): [LOWI-Scan] decode_rsn_wpa_ie: Entered
11-20 00:35:32.293 D/LOWI-9.0.0.80( 1024): [LOWIUtils] hexDump: msg(30 14 01 00 00 0f ac 04 01 00 00 0f ac 04 01 00 00 0f ac 02 )
11-20 00:35:32.293 D/LOWI-9.0.0.80( 1024): [LOWI-Scan] decode_rsn_wpa_ie: LOWI_ENCRYPTION_TYPE_WPA_PSK
11-20 00:35:32.293 D/LOWI-9.0.0.80( 1024): [LOWI-Scan] is_qcom_ie, bss_age: 26
11-20 00:35:32.293 D/LOWI-9.0.0.80( 1024): [LOWI-Scan] BSS 2c:57:41:89:63:c1 LOWI_PHY_MODE_11NG_HT20(5), Beacon Interval: 100, LOWI_ENCRYPTION_TYPE_WPA_PSK 11mcRanging: No, ANQP: No, LCI: No, Civic: No, capability(0x1411): ESS Privacy ShortSlotTime
11-20 00:35:32.293 D/LOWI-9.0.0.80( 1024): [LOWI-Scan] BSS 2c:57:41:89:63:c1 FREQ: 2437, cFreq1[40:80:160] = [0:0:0] cFreq2 = 0 Country Code = US
11-20 00:35:32.293 D/LOWI-9.0.0.80( 1024): [LOWI-Scan] BSS 2c:57:41:89:63:c1 (wlan0) ASSO: NO AddInfo: 0x0, TSF 0, 08:47:58.530, RSSI: -160, CPL: 2, AGE: 0,  SSID kittyhawk, TSFDelta: 0x0, TXRate: 0
11-20 00:35:32.294 D/LOWI-9.0.0.80( 1024): [LOWI-Scan] 
11-20 00:35:32.294 D/LOWI-9.0.0.80( 1024): [LOWI-Scan] print_bss_handler: Report Probe TSF 31649773432 as it greater than Beacon TSF 31576528038
11-20 00:35:32.294 I/LOWI-9.0.0.80( 1024): [LOWI-Scan] RSN_IE
11-20 00:35:32.294 D/LOWI-9.0.0.80( 1024): [LOWI-Scan] decode_rsn_wpa_ie: Entered
11-20 00:35:32.294 D/LOWI-9.0.0.80( 1024): [LOWIUtils] hexDump: msg(30 14 01 00 00 0f ac 04 01 00 00 0f ac 04 01 00 00 0f ac 02 )
11-20 00:35:32.294 D/LOWI-9.0.0.80( 1024): [LOWI-Scan] decode_rsn_wpa_ie: LOWI_ENCRYPTION_TYPE_WPA_PSK
11-20 00:35:32.294 D/LOWI-9.0.0.80( 1024): [LOWI-Scan] is_qcom_ie, bss_age: 54
11-20 00:35:32.294 D/LOWI-9.0.0.80( 1024): [LOWI-Scan] adjust_age:AP AGE upper limit reached. Dont store
11-20 00:35:32.294 D/LOWI-9.0.0.80( 1024): [LOWI-Scan] BSS 2c:57:41:86:7a:61 LOWI_PHY_MODE_11NG_HT20(5), Beacon Interval: 100, LOWI_ENCRYPTION_TYPE_WPA_PSK 11mcRanging: No, ANQP: No, LCI: No, Civic: No, capability(0x1411): ESS Privacy ShortSlotTime
11-20 00:35:32.294 D/LOWI-9.0.0.80( 1024): [LOWI-Scan] BSS 2c:57:41:86:7a:61 FREQ: 2412, cFreq1[40:80:160] = [0:0:0] cFreq2 = 0 Country Code = US
11-20 00:35:32.294 D/LOWI-9.0.0.80( 1024): [LOWI-Scan] BSS 2c:57:41:86:7a:61 (wlan0) ASSO: NO AddInfo: 0x0, TSF 0, 08:47:29.773, RSSI: -158, CPL: 3, AGE: 28760,  SSID kittyhawk, TSFDelta: 0x0, TXRate: 0
11-20 00:35:32.295 D/LOWI-9.0.0.80( 1024): [LOWI-Scan] 
11-20 00:35:32.295 D/LOWI-9.0.0.80( 1024): [LOWI-Scan] print_bss_handler: Report Probe TSF 31649773396 as it greater than Beacon TSF 0
11-20 00:35:32.295 I/LOWI-9.0.0.80( 1024): [LOWI-Scan] RSN_IE
11-20 00:35:32.295 D/LOWI-9.0.0.80( 1024): [LOWI-Scan] decode_rsn_wpa_ie: Entered
11-20 00:35:32.295 D/PasspointManager( 1194): ANQP entry not found for: c6:82:9b:4e:b3:9e:<Pixel_R6>
11-20 00:35:32.296 D/PasspointManager( 1194): ANQP entry not found for: 5e:6e:be:46:77:d7:<Pixel_R3>
11-20 00:35:32.296 D/PasspointManager( 1194): ANQP entry not found for: ce:dc:12:3b:87:fd:<Pixel5_R1>
11-20 00:35:32.296 D/PasspointManager( 1194): ANQP entry not found for: fe:2d:5a:49:61:eb:<Pixel_R2>
11-20 00:35:32.296 D/LOWI-9.0.0.80( 1024): [LOWIUtils] hexDump: msg(30 14 01 00 00 0f ac 04 01 00 00 0f ac 04 01 00 00 0f ac 02 )
11-20 00:35:32.296 D/PasspointManager( 1194): ANQP entry not found for: 12:d7:96:61:85:9f:<Pixel_R5>
11-20 00:35:32.297 D/LOWI-9.0.0.80( 1024): [LOWI-Scan] decode_rsn_wpa_ie: LOWI_ENCRYPTION_TYPE_WPA_PSK
11-20 00:35:32.297 D/LOWI-9.0.0.80( 1024): [LOWI-Scan] is_qcom_ie, bss_age: 3
11-20 00:35:32.297 D/LOWI-9.0.0.80( 1024): [LOWI-Scan] adjust_age:AP AGE upper limit reached. Dont store
11-20 00:35:32.297 D/LOWI-9.0.0.80( 1024): [LOWI-Scan] BSS 2c:57:41:86:85:21 LOWI_PHY_MODE_11NG_HT20(5), Beacon Interval: 100, LOWI_ENCRYPTION_TYPE_WPA_PSK 11mcRanging: No, ANQP: No, LCI: No, Civic: No, capability(0x1411): ESS Privacy ShortSlotTime
11-20 00:35:32.297 D/LOWI-9.0.0.80( 1024): [LOWI-Scan] BSS 2c:57:41:86:85:21 FREQ: 2462, cFreq1[40:80:160] = [0:0:0] cFreq2 = 0 Country Code = US
11-20 00:35:32.297 D/LOWI-9.0.0.80( 1024): [LOWI-Scan] BSS 2c:57:41:86:85:21 (wlan0) ASSO: NO AddInfo: 0x0, TSF 0, 08:47:29.773, RSSI: -160, CPL: 2, AGE: 28760,  SSID kittyhawk, TSFDelta: 0x0, TXRate: 0
11-20 00:35:32.298 D/LOWI-9.0.0.80( 1024): [LOWI-Scan] 
11-20 00:35:32.298 D/LOWI-9.0.0.80( 1024): [LOWI-Scan] print_bss_handler: Report Probe TSF 31678530264 as it greater than Beacon TSF 0
11-20 00:35:32.298 I/LOWI-9.0.0.80( 1024): [LOWI-Scan] RSN_IE
11-20 00:35:32.298 D/LOWI-9.0.0.80( 1024): [LOWI-Scan] decode_rsn_wpa_ie: Entered
11-20 00:35:32.298 D/LOWI-9.0.0.80( 1024): [LOWIUtils] hexDump: msg(30 14 01 00 00 0f ac 04 01 00 00 0f ac 04 01 00 00 0f ac 02 )
11-20 00:35:32.298 D/LOWI-9.0.0.80( 1024): [LOWI-Scan] decode_rsn_wpa_ie: LOWI_ENCRYPTION_TYPE_WPA_PSK
11-20 00:35:32.298 D/LOWI-9.0.0.80( 1024): [LOWI-Scan] is_qcom_ie, bss_age: 50
11-20 00:35:32.298 D/LOWI-9.0.0.80( 1024): [LOWI-Scan] BSS 18:64:72:60:2b:40 LOWI_PHY_MODE_11NG_HT20(5), Beacon Interval: 100, LOWI_ENCRYPTION_TYPE_WPA_PSK 11mcRanging: No, ANQP: No, LCI: No, Civic: No, capability(0x0431): ESS Privacy ShortPreamble ShortSlotTime
11-20 00:35:32.298 D/LOWI-9.0.0.80( 1024): [LOWI-Scan] BSS 18:64:72:60:2b:40 FREQ: 2412, cFreq1[40:80:160] = [0:0:0] cFreq2 = 0 Country Code =    
11-20 00:35:32.298 D/LOWI-9.0.0.80( 1024): [LOWI-Scan] BSS 18:64:72:60:2b:40 (wlan0) ASSO: NO AddInfo: 0x0, TSF 0, 08:47:58.530, RSSI: -142, CPL: 127, AGE: 0,  SSID lab-t24103779, TSFDelta: 0x0, TXRate: 0
11-20 00:35:32.298 D/LOWI-9.0.0.80( 1024): [LOWIDiagLog] Log: lowiMeasResult->request: invalid null argument
11-20 00:35:32.298 I/LOWI-9.0.0.80( 1024): [LOWI-Scan] lowi_close_record:Scan done in 31634781ms, 18 APs in scan results
11-20 00:35:32.298 D/LOWI-9.0.0.80( 1024): [LOWI-Scan] WipsScanUsingNL: passive scan cached 0, took 9296 ms, err 0
11-20 00:35:32.298 D/LOWI-9.0.0.80( 1024): [LOWI-Scan] lowi_proc_req_passive_scan_with_live_meas - No WLAN Frames to be parsed
11-20 00:35:32.299 D/LOWI-9.0.0.80( 1024): [LOWIScanResultReceiver] Send scan meas to listener
11-20 00:35:32.299 D/LOWI-9.0.0.80( 1024): [LOWIScanResultReceiver] Enter passive listening mode
11-20 00:35:32.299 D/LOWI-9.0.0.80( 1024): [LOWIWifiDriverInterface] getMeasurements - Passive listening mode
11-20 00:35:32.299 D/LOWI-9.0.0.80( 1024): [LOWI-Scan] WipsScanUsingNL:wait -1 sec for netlink message
11-20 00:35:32.300 D/LOWI-9.0.0.80( 1024): [LOWIEventReceiver] handleEvent:FROM:NA, TO:NA, REQ:NA, IREQ:NA, REQ_ID:0, RESP:NA, INFO:NA
11-20 00:35:32.300 D/LOWI-9.0.0.80( 1024): [LOWIBackgroundScanMgr] isRspForBgScanMgr: evt(LOWI_NO_EVT) - not handled
11-20 00:35:32.301 D/LOWI-9.0.0.80( 1024): [LOWIScheduler] manageMsg: NULL results or NULL request in results
11-20 00:35:32.301 D/LOWI-9.0.0.80( 1024): [LOWIController] Measurements received
11-20 00:35:32.301 D/LOWI-9.0.0.80( 1024): [LOWICacheManager] putInCache:Num of Meas to add: 18
11-20 00:35:32.302 D/LOWI-9.0.0.80( 1024): [LOWIController] processMeasurementResults: No current Request. Cache measurements
11-20 00:35:32.302 D/LOWI-9.0.0.80( 1024): [LOWIControllerExtn] sendLOWILpDiscoveryScanResponse: Not a discovery scan response
11-20 00:35:32.333 D/WifiSharingService( 2841): Sending scanResults intent with status code 0: PendingIntent{ec84f06: android.os.BinderProxy@a8f8933}
11-20 00:35:32.340 D/CompatibilityInfo( 1194): mCompatibilityFlags - 4
11-20 00:35:32.340 D/CompatibilityInfo( 1194): applicationDensity - 320
11-20 00:35:32.340 D/CompatibilityInfo( 1194): applicationScale - 1.0
11-20 00:35:32.417 D/CompatibilityInfo( 1194): mCompatibilityFlags - 4
11-20 00:35:32.417 D/CompatibilityInfo( 1194): applicationDensity - 320
11-20 00:35:32.417 D/CompatibilityInfo( 1194): applicationScale - 1.0
11-20 00:35:32.497 I/chatty  ( 2351): uid=10060(com.facebook.wearable.system.selfcare) DefaultDispatch expire 2 lines
11-20 00:35:32.502 I/chatty  ( 2351): uid=10060(com.facebook.wearable.system.selfcare) MainTP_222 expire 1 line
11-20 00:35:32.585 I/chatty  ( 2351): uid=10060(com.facebook.wearable.system.selfcare) pool-3-thread-3 expire 1 line
11-20 00:35:32.679 D/CompatibilityInfo( 1194): mCompatibilityFlags - 4
11-20 00:35:32.679 D/CompatibilityInfo( 1194): applicationDensity - 320
11-20 00:35:32.679 D/CompatibilityInfo( 1194): applicationScale - 1.0
11-20 00:35:32.747 E/StickerBundleDatabaseWorker( 2351): Failed to fetch sticker bundles:
11-20 00:35:32.747 E/StickerBundleDatabaseWorker( 2351): kotlinx.coroutines.JobCancellationException: Job was cancelled; job=JobImpl{Cancelling}@308ea38
11-20 00:35:32.747 I/WM-WorkerWrapper( 2351): Work [ id=731e9e35-e8c2-49b1-b246-986e05f06ab6, tags={ com.facebook.wearable.system.selfcare.sharing.StickerBundleDatabaseWorker } ] was cancelled
11-20 00:35:32.747 I/WM-WorkerWrapper( 2351): java.util.concurrent.CancellationException: Task was cancelled.
11-20 00:35:32.747 I/WM-WorkerWrapper( 2351): 	at androidx.work.impl.utils.futures.AbstractFuture.getDoneValue(:32)
11-20 00:35:32.747 I/WM-WorkerWrapper( 2351): 	at androidx.work.impl.utils.futures.AbstractFuture.get(:268435546)
11-20 00:35:32.747 I/WM-WorkerWrapper( 2351): 	at androidx.work.impl.WorkerWrapper$2.run(:3)
11-20 00:35:32.747 I/WM-WorkerWrapper( 2351): 	at androidx.work.impl.utils.SerialExecutor$Task.run(:2)
11-20 00:35:32.747 I/WM-WorkerWrapper( 2351): 	at java.util.concurrent.ThreadPoolExecutor.runWorker(ThreadPoolExecutor.java:1167)
11-20 00:35:32.747 I/WM-WorkerWrapper( 2351): 	at java.util.concurrent.ThreadPoolExecutor$Worker.run(ThreadPoolExecutor.java:641)
11-20 00:35:32.747 I/WM-WorkerWrapper( 2351): 	at java.lang.Thread.run(Thread.java:923)
11-20 00:35:32.831 D/CompatibilityInfo( 1194): mCompatibilityFlags - 4
11-20 00:35:32.831 D/CompatibilityInfo( 1194): applicationDensity - 320
11-20 00:35:32.831 D/CompatibilityInfo( 1194): applicationScale - 1.0
11-20 00:35:32.884 D/SettingsSDK::SyncHelper( 2351): Read setting com.facebook.wearable.sdk.selfcare:SELFCARE_SERVICE_ENABLED from persistent cache
11-20 00:35:32.885 D/FacebookRepository( 2351): Reading from Store [906581286488774]
11-20 00:35:32.977 E/SelfCareDataCloudSyncWorker( 2351): Failed to get access token
11-20 00:35:32.977 E/SelfCareDataCloudSyncWorker( 2351): kotlinx.coroutines.JobCancellationException: Job was cancelled; job=JobImpl{Cancelling}@cc05f4e
11-20 00:35:32.978 I/WM-WorkerWrapper( 2351): Work [ id=41176d4d-428f-4560-a8c8-961a1631ba8f, tags={ com.facebook.wearable.system.selfcare.cloudsync.SelfCareDataCloudSyncWorker } ] was cancelled
11-20 00:35:32.978 I/WM-WorkerWrapper( 2351): java.util.concurrent.CancellationException: Task was cancelled.
11-20 00:35:32.978 I/WM-WorkerWrapper( 2351): 	at androidx.work.impl.utils.futures.AbstractFuture.getDoneValue(:32)
11-20 00:35:32.978 I/WM-WorkerWrapper( 2351): 	at androidx.work.impl.utils.futures.AbstractFuture.get(:268435546)
11-20 00:35:32.978 I/WM-WorkerWrapper( 2351): 	at androidx.work.impl.WorkerWrapper$2.run(:3)
11-20 00:35:32.978 I/WM-WorkerWrapper( 2351): 	at androidx.work.impl.utils.SerialExecutor$Task.run(:2)
11-20 00:35:32.978 I/WM-WorkerWrapper( 2351): 	at java.util.concurrent.ThreadPoolExecutor.runWorker(ThreadPoolExecutor.java:1167)
11-20 00:35:32.978 I/WM-WorkerWrapper( 2351): 	at java.util.concurrent.ThreadPoolExecutor$Worker.run(ThreadPoolExecutor.java:641)
11-20 00:35:32.978 I/WM-WorkerWrapper( 2351): 	at java.lang.Thread.run(Thread.java:923)
11-20 00:35:33.056 D/CompatibilityInfo( 1194): mCompatibilityFlags - 4
11-20 00:35:33.056 D/CompatibilityInfo( 1194): applicationDensity - 320
11-20 00:35:33.056 D/CompatibilityInfo( 1194): applicationScale - 1.0
11-20 00:35:33.126 E/StickerBundleDatabaseWorker( 2351): Failed to fetch sticker bundles:
11-20 00:35:33.126 E/StickerBundleDatabaseWorker( 2351): kotlinx.coroutines.JobCancellationException: Job was cancelled; job=JobImpl{Cancelling}@e47225a
11-20 00:35:33.126 I/WM-WorkerWrapper( 2351): Work [ id=731e9e35-e8c2-49b1-b246-986e05f06ab6, tags={ com.facebook.wearable.system.selfcare.sharing.StickerBundleDatabaseWorker } ] was cancelled
11-20 00:35:33.126 I/WM-WorkerWrapper( 2351): java.util.concurrent.CancellationException: Task was cancelled.
11-20 00:35:33.126 I/WM-WorkerWrapper( 2351): 	at androidx.work.impl.utils.futures.AbstractFuture.getDoneValue(:32)
11-20 00:35:33.126 I/WM-WorkerWrapper( 2351): 	at androidx.work.impl.utils.futures.AbstractFuture.get(:268435546)
11-20 00:35:33.126 I/WM-WorkerWrapper( 2351): 	at androidx.work.impl.WorkerWrapper$2.run(:3)
11-20 00:35:33.126 I/WM-WorkerWrapper( 2351): 	at androidx.work.impl.utils.SerialExecutor$Task.run(:2)
11-20 00:35:33.126 I/WM-WorkerWrapper( 2351): 	at java.util.concurrent.ThreadPoolExecutor.runWorker(ThreadPoolExecutor.java:1167)
11-20 00:35:33.126 I/WM-WorkerWrapper( 2351): 	at java.util.concurrent.ThreadPoolExecutor$Worker.run(ThreadPoolExecutor.java:641)
11-20 00:35:33.126 I/WM-WorkerWrapper( 2351): 	at java.lang.Thread.run(Thread.java:923)
11-20 00:35:33.214 D/CompatibilityInfo( 1194): mCompatibilityFlags - 4
11-20 00:35:33.214 D/CompatibilityInfo( 1194): applicationDensity - 320
11-20 00:35:33.214 D/CompatibilityInfo( 1194): applicationScale - 1.0
11-20 00:35:33.293 D/SettingsSDK::SyncHelper( 2351): Read setting com.facebook.wearable.sdk.selfcare:SELFCARE_SERVICE_ENABLED from persistent cache
11-20 00:35:33.294 D/FacebookRepository( 2351): Reading from Store [906581286488774]
11-20 00:35:33.315 W/HWComposer(  577): Ignoring duplicate VSYNC event from HWC for display 0 (t=31679578606768)
11-20 00:35:33.333 W/HWComposer(  577): Ignoring duplicate VSYNC event from HWC for display 0 (t=31679595500831)
11-20 00:35:33.370 E/SelfCareDataCloudSyncWorker( 2351): Failed to get access token
11-20 00:35:33.370 E/SelfCareDataCloudSyncWorker( 2351): kotlinx.coroutines.JobCancellationException: Job was cancelled; job=JobImpl{Cancelling}@f2ee7b9
11-20 00:35:33.370 I/WM-WorkerWrapper( 2351): Work [ id=41176d4d-428f-4560-a8c8-961a1631ba8f, tags={ com.facebook.wearable.system.selfcare.cloudsync.SelfCareDataCloudSyncWorker } ] was cancelled
11-20 00:35:33.370 I/WM-WorkerWrapper( 2351): java.util.concurrent.CancellationException: Task was cancelled.
11-20 00:35:33.370 I/WM-WorkerWrapper( 2351): 	at androidx.work.impl.utils.futures.AbstractFuture.getDoneValue(:32)
11-20 00:35:33.370 I/WM-WorkerWrapper( 2351): 	at androidx.work.impl.utils.futures.AbstractFuture.get(:268435546)
11-20 00:35:33.370 I/WM-WorkerWrapper( 2351): 	at androidx.work.impl.WorkerWrapper$2.run(:3)
11-20 00:35:33.370 I/WM-WorkerWrapper( 2351): 	at androidx.work.impl.utils.SerialExecutor$Task.run(:2)
11-20 00:35:33.370 I/WM-WorkerWrapper( 2351): 	at java.util.concurrent.ThreadPoolExecutor.runWorker(ThreadPoolExecutor.java:1167)
11-20 00:35:33.370 I/WM-WorkerWrapper( 2351): 	at java.util.concurrent.ThreadPoolExecutor$Worker.run(ThreadPoolExecutor.java:641)
11-20 00:35:33.370 I/WM-WorkerWrapper( 2351): 	at java.lang.Thread.run(Thread.java:923)
11-20 00:35:33.447 D/CompatibilityInfo( 1194): mCompatibilityFlags - 4
11-20 00:35:33.447 D/CompatibilityInfo( 1194): applicationDensity - 320
11-20 00:35:33.447 D/CompatibilityInfo( 1194): applicationScale - 1.0
11-20 00:35:33.507 E/StickerBundleDatabaseWorker( 2351): Failed to fetch sticker bundles:
11-20 00:35:33.507 E/StickerBundleDatabaseWorker( 2351): kotlinx.coroutines.JobCancellationException: Job was cancelled; job=JobImpl{Cancelling}@9cd4675
11-20 00:35:33.507 I/WM-WorkerWrapper( 2351): Work [ id=731e9e35-e8c2-49b1-b246-986e05f06ab6, tags={ com.facebook.wearable.system.selfcare.sharing.StickerBundleDatabaseWorker } ] was cancelled
11-20 00:35:33.507 I/WM-WorkerWrapper( 2351): java.util.concurrent.CancellationException: Task was cancelled.
11-20 00:35:33.507 I/WM-WorkerWrapper( 2351): 	at androidx.work.impl.utils.futures.AbstractFuture.getDoneValue(:32)
11-20 00:35:33.507 I/WM-WorkerWrapper( 2351): 	at androidx.work.impl.utils.futures.AbstractFuture.get(:268435546)
11-20 00:35:33.507 I/WM-WorkerWrapper( 2351): 	at androidx.work.impl.WorkerWrapper$2.run(:3)
11-20 00:35:33.507 I/WM-WorkerWrapper( 2351): 	at androidx.work.impl.utils.SerialExecutor$Task.run(:2)
11-20 00:35:33.507 I/WM-WorkerWrapper( 2351): 	at java.util.concurrent.ThreadPoolExecutor.runWorker(ThreadPoolExecutor.java:1167)
11-20 00:35:33.507 I/WM-WorkerWrapper( 2351): 	at java.util.concurrent.ThreadPoolExecutor$Worker.run(ThreadPoolExecutor.java:641)
11-20 00:35:33.507 I/WM-WorkerWrapper( 2351): 	at java.lang.Thread.run(Thread.java:923)
11-20 00:35:33.581 D/CompatibilityInfo( 1194): mCompatibilityFlags - 4
11-20 00:35:33.582 D/CompatibilityInfo( 1194): applicationDensity - 320
11-20 00:35:33.582 D/CompatibilityInfo( 1194): applicationScale - 1.0
11-20 00:35:33.650 D/SettingsSDK::SyncHelper( 2351): Read setting com.facebook.wearable.sdk.selfcare:SELFCARE_SERVICE_ENABLED from persistent cache
11-20 00:35:33.650 D/FacebookRepository( 2351): Reading from Store [906581286488774]
11-20 00:35:33.755 E/SelfCareDataCloudSyncWorker( 2351): Failed to get access token
11-20 00:35:33.755 E/SelfCareDataCloudSyncWorker( 2351): kotlinx.coroutines.JobCancellationException: Job was cancelled; job=JobImpl{Cancelling}@f6021f3
11-20 00:35:33.755 I/WM-WorkerWrapper( 2351): Work [ id=41176d4d-428f-4560-a8c8-961a1631ba8f, tags={ com.facebook.wearable.system.selfcare.cloudsync.SelfCareDataCloudSyncWorker } ] was cancelled
11-20 00:35:33.755 I/WM-WorkerWrapper( 2351): java.util.concurrent.CancellationException: Task was cancelled.
11-20 00:35:33.755 I/WM-WorkerWrapper( 2351): 	at androidx.work.impl.utils.futures.AbstractFuture.getDoneValue(:32)
11-20 00:35:33.755 I/WM-WorkerWrapper( 2351): 	at androidx.work.impl.utils.futures.AbstractFuture.get(:268435546)
11-20 00:35:33.755 I/WM-WorkerWrapper( 2351): 	at androidx.work.impl.WorkerWrapper$2.run(:3)
11-20 00:35:33.755 I/WM-WorkerWrapper( 2351): 	at androidx.work.impl.utils.SerialExecutor$Task.run(:2)
11-20 00:35:33.755 I/WM-WorkerWrapper( 2351): 	at java.util.concurrent.ThreadPoolExecutor.runWorker(ThreadPoolExecutor.java:1167)
11-20 00:35:33.755 I/WM-WorkerWrapper( 2351): 	at java.util.concurrent.ThreadPoolExecutor$Worker.run(ThreadPoolExecutor.java:641)
11-20 00:35:33.755 I/WM-WorkerWrapper( 2351): 	at java.lang.Thread.run(Thread.java:923)
11-20 00:35:33.832 D/CompatibilityInfo( 1194): mCompatibilityFlags - 4
11-20 00:35:33.832 D/CompatibilityInfo( 1194): applicationDensity - 320
11-20 00:35:33.832 D/CompatibilityInfo( 1194): applicationScale - 1.0
11-20 00:35:33.920 E/StickerBundleDatabaseWorker( 2351): Failed to fetch sticker bundles:
11-20 00:35:33.920 E/StickerBundleDatabaseWorker( 2351): kotlinx.coroutines.JobCancellationException: Job was cancelled; job=JobImpl{Cancelling}@bf205dc
11-20 00:35:33.920 I/WM-WorkerWrapper( 2351): Work [ id=731e9e35-e8c2-49b1-b246-986e05f06ab6, tags={ com.facebook.wearable.system.selfcare.sharing.StickerBundleDatabaseWorker } ] was cancelled
11-20 00:35:33.920 I/WM-WorkerWrapper( 2351): java.util.concurrent.CancellationException: Task was cancelled.
11-20 00:35:33.920 I/WM-WorkerWrapper( 2351): 	at androidx.work.impl.utils.futures.AbstractFuture.getDoneValue(:32)
11-20 00:35:33.920 I/WM-WorkerWrapper( 2351): 	at androidx.work.impl.utils.futures.AbstractFuture.get(:268435546)
11-20 00:35:33.920 I/WM-WorkerWrapper( 2351): 	at androidx.work.impl.WorkerWrapper$2.run(:3)
11-20 00:35:33.920 I/WM-WorkerWrapper( 2351): 	at androidx.work.impl.utils.SerialExecutor$Task.run(:2)
11-20 00:35:33.920 I/WM-WorkerWrapper( 2351): 	at java.util.concurrent.ThreadPoolExecutor.runWorker(ThreadPoolExecutor.java:1167)
11-20 00:35:33.920 I/WM-WorkerWrapper( 2351): 	at java.util.concurrent.ThreadPoolExecutor$Worker.run(ThreadPoolExecutor.java:641)
11-20 00:35:33.920 I/WM-WorkerWrapper( 2351): 	at java.lang.Thread.run(Thread.java:923)
11-20 00:35:34.004 D/CompatibilityInfo( 1194): mCompatibilityFlags - 4
11-20 00:35:34.004 D/CompatibilityInfo( 1194): applicationDensity - 320
11-20 00:35:34.004 D/CompatibilityInfo( 1194): applicationScale - 1.0
11-20 00:35:34.050 D/SettingsSDK::SyncHelper( 2351): Read setting com.facebook.wearable.sdk.selfcare:SELFCARE_SERVICE_ENABLED from persistent cache
11-20 00:35:34.051 D/FacebookRepository( 2351): Reading from Store [906581286488774]
11-20 00:35:34.145 E/SelfCareDataCloudSyncWorker( 2351): Failed to get access token
11-20 00:35:34.145 E/SelfCareDataCloudSyncWorker( 2351): kotlinx.coroutines.JobCancellationException: Job was cancelled; job=JobImpl{Cancelling}@b966212
11-20 00:35:34.146 I/WM-WorkerWrapper( 2351): Work [ id=41176d4d-428f-4560-a8c8-961a1631ba8f, tags={ com.facebook.wearable.system.selfcare.cloudsync.SelfCareDataCloudSyncWorker } ] was cancelled
11-20 00:35:34.146 I/WM-WorkerWrapper( 2351): java.util.concurrent.CancellationException: Task was cancelled.
11-20 00:35:34.146 I/WM-WorkerWrapper( 2351): 	at androidx.work.impl.utils.futures.AbstractFuture.getDoneValue(:32)
11-20 00:35:34.146 I/WM-WorkerWrapper( 2351): 	at androidx.work.impl.utils.futures.AbstractFuture.get(:268435546)
11-20 00:35:34.146 I/WM-WorkerWrapper( 2351): 	at androidx.work.impl.WorkerWrapper$2.run(:3)
11-20 00:35:34.146 I/WM-WorkerWrapper( 2351): 	at androidx.work.impl.utils.SerialExecutor$Task.run(:2)
11-20 00:35:34.146 I/WM-WorkerWrapper( 2351): 	at java.util.concurrent.ThreadPoolExecutor.runWorker(ThreadPoolExecutor.java:1167)
11-20 00:35:34.146 I/WM-WorkerWrapper( 2351): 	at java.util.concurrent.ThreadPoolExecutor$Worker.run(ThreadPoolExecutor.java:641)
11-20 00:35:34.146 I/WM-WorkerWrapper( 2351): 	at java.lang.Thread.run(Thread.java:923)
11-20 00:35:34.229 D/CompatibilityInfo( 1194): mCompatibilityFlags - 4
11-20 00:35:34.229 D/CompatibilityInfo( 1194): applicationDensity - 320
11-20 00:35:34.229 D/CompatibilityInfo( 1194): applicationScale - 1.0
11-20 00:35:34.296 E/StickerBundleDatabaseWorker( 2351): Failed to fetch sticker bundles:
11-20 00:35:34.296 E/StickerBundleDatabaseWorker( 2351): kotlinx.coroutines.JobCancellationException: Job was cancelled; job=JobImpl{Cancelling}@309e0c
11-20 00:35:34.296 I/WM-WorkerWrapper( 2351): Work [ id=731e9e35-e8c2-49b1-b246-986e05f06ab6, tags={ com.facebook.wearable.system.selfcare.sharing.StickerBundleDatabaseWorker } ] was cancelled
11-20 00:35:34.296 I/WM-WorkerWrapper( 2351): java.util.concurrent.CancellationException: Task was cancelled.
11-20 00:35:34.296 I/WM-WorkerWrapper( 2351): 	at androidx.work.impl.utils.futures.AbstractFuture.getDoneValue(:32)
11-20 00:35:34.296 I/WM-WorkerWrapper( 2351): 	at androidx.work.impl.utils.futures.AbstractFuture.get(:268435546)
11-20 00:35:34.296 I/WM-WorkerWrapper( 2351): 	at androidx.work.impl.WorkerWrapper$2.run(:3)
11-20 00:35:34.296 I/WM-WorkerWrapper( 2351): 	at androidx.work.impl.utils.SerialExecutor$Task.run(:2)
11-20 00:35:34.296 I/WM-WorkerWrapper( 2351): 	at java.util.concurrent.ThreadPoolExecutor.runWorker(ThreadPoolExecutor.java:1167)
11-20 00:35:34.296 I/WM-WorkerWrapper( 2351): 	at java.util.concurrent.ThreadPoolExecutor$Worker.run(ThreadPoolExecutor.java:641)
11-20 00:35:34.296 I/WM-WorkerWrapper( 2351): 	at java.lang.Thread.run(Thread.java:923)
11-20 00:35:34.372 D/CompatibilityInfo( 1194): mCompatibilityFlags - 4
11-20 00:35:34.372 D/CompatibilityInfo( 1194): applicationDensity - 320
11-20 00:35:34.372 D/CompatibilityInfo( 1194): applicationScale - 1.0
11-20 00:35:34.452 D/SettingsSDK::SyncHelper( 2351): Read setting com.facebook.wearable.sdk.selfcare:SELFCARE_SERVICE_ENABLED from persistent cache
11-20 00:35:34.453 D/FacebookRepository( 2351): Reading from Store [906581286488774]
11-20 00:35:34.542 E/SelfCareDataCloudSyncWorker( 2351): Failed to get access token
11-20 00:35:34.542 E/SelfCareDataCloudSyncWorker( 2351): kotlinx.coroutines.JobCancellationException: Job was cancelled; job=JobImpl{Cancelling}@23773c2
11-20 00:35:34.542 I/WM-WorkerWrapper( 2351): Work [ id=41176d4d-428f-4560-a8c8-961a1631ba8f, tags={ com.facebook.wearable.system.selfcare.cloudsync.SelfCareDataCloudSyncWorker } ] was cancelled
11-20 00:35:34.542 I/WM-WorkerWrapper( 2351): java.util.concurrent.CancellationException: Task was cancelled.
11-20 00:35:34.542 I/WM-WorkerWrapper( 2351): 	at androidx.work.impl.utils.futures.AbstractFuture.getDoneValue(:32)
11-20 00:35:34.542 I/WM-WorkerWrapper( 2351): 	at androidx.work.impl.utils.futures.AbstractFuture.get(:268435546)
11-20 00:35:34.542 I/WM-WorkerWrapper( 2351): 	at androidx.work.impl.WorkerWrapper$2.run(:3)
11-20 00:35:34.542 I/WM-WorkerWrapper( 2351): 	at androidx.work.impl.utils.SerialExecutor$Task.run(:2)
11-20 00:35:34.542 I/WM-WorkerWrapper( 2351): 	at java.util.concurrent.ThreadPoolExecutor.runWorker(ThreadPoolExecutor.java:1167)
11-20 00:35:34.542 I/WM-WorkerWrapper( 2351): 	at java.util.concurrent.ThreadPoolExecutor$Worker.run(ThreadPoolExecutor.java:641)
11-20 00:35:34.542 I/WM-WorkerWrapper( 2351): 	at java.lang.Thread.run(Thread.java:923)
11-20 00:35:34.626 D/CompatibilityInfo( 1194): mCompatibilityFlags - 4
11-20 00:35:34.626 D/CompatibilityInfo( 1194): applicationDensity - 320
11-20 00:35:34.626 D/CompatibilityInfo( 1194): applicationScale - 1.0
