11-20 00:27:49.501 D/ComplicationDataManagerImpl( 2581): Updating complication data for package: com.facebook.wearable.apps.calendar, id: com.facebook.wearable.apps.calendar.DAY_DATE_COMPLICATION
11-20 00:27:49.508 D/ComplicationDataManagerImpl( 2581): Fetching complication data for package: com.facebook.wearable.apps.calendar, com.facebook.wearable.apps.calendar.DAY_DATE_COMPLICATION.
11-20 00:27:49.508 D/ComplicationDataManagerImpl( 2581): Fetching complication data for package: com.facebook.wearable.apps.player, com.facebook.wearable.apps.player.SHORTCUT_COMPLICATION.
11-20 00:27:49.509 D/ComplicationDataManagerImpl( 2581): Fetching complication data for package: com.facebook.wearable.apps.gallery, com.facebook.wearable.apps.gallery.SHORTCUT_COMPLICATION.
11-20 00:27:49.509 D/ComplicationDataManagerImpl( 2581): Fetching complication data for package: com.facebook.wearable.apps.heart, com.facebook.wearable.apps.heart.HEART_RATE.
11-20 00:27:49.516 D/LauncherActivity( 2581): onResume: Intent { cat=[android.intent.category.DEFAULT] flg=0x10020000 cmp=com.facebook.wearable.system.launcher/.LauncherActivity }
11-20 00:27:49.516 D/LauncherIntentProcessor( 2581): processLauncherActivityIntent: Intent { cat=[android.intent.category.DEFAULT] flg=0x10020000 cmp=com.facebook.wearable.system.launcher/.LauncherActivity }
11-20 00:27:49.562 D/FacebookRepository( 2581): Reading from Store [250223709649332]
11-20 00:27:49.605 I/chatty  ( 1194): uid=1000(system) ActivityManager expire 9 lines
11-20 00:27:49.616 I/chatty  ( 1194): uid=1000(system) Binder:1194_15 expire 3 lines
11-20 00:27:49.708 I/chatty  ( 1194): uid=1000(system) HeapTaskDaemon expire 1 line
11-20 00:27:50.047 D/UIAutomatorStub( 6249): URI: /jsonrpc/0, Method: POST, Header: {content-length=102, remote-addr=127.0.0.1, http-client-ip=127.0.0.1, host=localhost:9010, content-type=application/json, accept-encoding=identity}, params, {NanoHttpd.QUERY_STRING=null}, files: {postData={"jsonrpc": "2.0", "method": "pressKey", "id": "b0cda068d54bbb22314234cf40065885", "params": ["back"]}}
11-20 00:27:50.067 E/ANDR-PERF-OPTSHANDLER(  557): perf_lock_rel: failed for /sys/class/kgsl/kgsl-3d0/min_pwrlevel as previous value is not stored
11-20 00:27:50.068 E/ANDR-PERF-RESOURCEQS(  557): Failed to reset optimization [3, 0]
11-20 00:27:50.631 D/LauncherActivity( 2581): onKeyUp() called with keycode:4, event: KeyEvent { action=ACTION_UP, keyCode=KEYCODE_BACK, scanCode=0, metaState=0, flags=0x200, repeatCount=0, eventTime=31216864, downTime=31216864, deviceId=-1, source=0x101, displayId=-1 }
11-20 00:27:49.413 I/chatty  ( 1194): uid=1000(system) android.ui identical 2 lines
11-20 00:27:50.630 D/AutofillManagerService( 1194): onBackKeyPressed()
11-20 00:27:51.101 D/commandrouter( 1117): rtc_sync (1, rtc:sync): <ServiceRequest> FORWARDED (remote -> local) service client ID = 0, token ID = 35885
11-20 00:27:51.102 D/vendor.facebook.rtc_sync@1.0-service( 1129): Request req_ts=1637368071099499927 resp_ts=1637368071102066590
11-20 00:27:51.102 D/commandrouter( 1117): SocServiceHandle::onServiceMessage, SoC Service = rtc_sync, appType = 1, type = SVC_RESP, clientId = 0, token = 35885, payloadLen = 8, result = 0, payload.size() = 8
11-20 00:27:51.178 W/ActivityManager( 1194): Invalid packageName: com.facebook.wearable.system.settings/com.facebook.wearable.system.settings.SettingsActivity
11-20 00:27:51.314 I/ActivityTaskManager( 1194): START u0 {flg=0x10000000 cmp=com.facebook.wearable.system.settings/.SettingsActivity} from uid 0
11-20 00:27:51.341 I/ActivityTaskManager( 1194): The Process com.facebook.wearable.system.settings Already Exists in BG. So sending its PID: 3038
11-20 00:27:51.342 W/ActivityTaskManager( 1194): Tried to set launchTime (0) < mLastActivityLaunchTime (31186510)
11-20 00:27:51.344 D/CompatibilityInfo( 1194): applicationScale - 1.0
11-20 00:27:51.364 I/cmd     (21224): oneway function results will be dropped but finished with status OK and parcel size 4
11-20 00:27:51.381 D/LauncherActivity( 2581): onPause
11-20 00:27:51.423 D/CompatibilityInfo( 1194): mCompatibilityFlags - 4
11-20 00:27:51.423 D/CompatibilityInfo( 1194): applicationDensity - 320
11-20 00:27:51.423 D/CompatibilityInfo( 1194): applicationScale - 1.0
11-20 00:27:51.479 E/StatusBarClientConnection( 3038): Service connected
11-20 00:27:51.512 D/FacebookProvider(31424): Starting SSO Network Fetch for 263529928325379
11-20 00:27:51.518 I/AccountsContentProvider(31424): No Primary Account. Accounts Error [content://com.facebook.wearable.system.accounts.AccountsContentProvider/facebook/263529928325379]
11-20 00:27:51.524 E/DatabaseUtils(31424): Writing exception to parcel
11-20 00:27:51.524 E/DatabaseUtils(31424): java.lang.IllegalStateException: No Primary Account
11-20 00:27:51.524 E/DatabaseUtils(31424): 	at com.facebook.secure.content.AbstractContentProvider.doQuery(:284)
11-20 00:27:51.524 E/DatabaseUtils(31424): 	at com.facebook.secure.content.AbstractContentProvider.query(:8)
11-20 00:27:51.524 E/DatabaseUtils(31424): 	at android.content.ContentProvider.query(ContentProvider.java:1474)
11-20 00:27:51.524 E/DatabaseUtils(31424): 	at android.content.ContentProvider$Transport.query(ContentProvider.java:278)
11-20 00:27:51.524 E/DatabaseUtils(31424): 	at android.content.ContentProviderNative.onTransact(ContentProviderNative.java:106)
11-20 00:27:51.524 E/DatabaseUtils(31424): 	at android.os.Binder.execTransactInternal(Binder.java:1154)
11-20 00:27:51.524 E/DatabaseUtils(31424): 	at android.os.Binder.execTransact(Binder.java:1123)
11-20 00:27:51.526 E/AccountsViewModel( 3038): AccountsViewModel.flow failed: No Primary Account
11-20 00:27:51.526 E/AccountsViewModel( 3038): java.lang.IllegalStateException: No Primary Account
11-20 00:27:51.526 E/AccountsViewModel( 3038): 	at android.os.Parcel.createExceptionOrNull(Parcel.java:2381)
11-20 00:27:51.526 E/AccountsViewModel( 3038): 	at android.os.Parcel.createException(Parcel.java:2357)
11-20 00:27:51.526 E/AccountsViewModel( 3038): 	at android.os.Parcel.readException(Parcel.java:2340)
11-20 00:27:51.526 E/AccountsViewModel( 3038): 	at android.database.DatabaseUtils.readExceptionFromParcel(DatabaseUtils.java:190)
11-20 00:27:51.526 E/AccountsViewModel( 3038): 	at android.database.DatabaseUtils.readExceptionFromParcel(DatabaseUtils.java:142)
11-20 00:27:51.526 E/AccountsViewModel( 3038): 	at android.content.ContentProviderProxy.query(ContentProviderNative.java:472)
11-20 00:27:51.526 E/AccountsViewModel( 3038): 	at android.content.ContentResolver.query(ContentResolver.java:1185)
11-20 00:27:51.526 E/AccountsViewModel( 3038): 	at android.content.ContentResolver.query(ContentResolver.java:1116)
11-20 00:27:51.526 E/AccountsViewModel( 3038): 	at com.facebook.wearable.common.accounts.contract.WearableAccountsContractRequest.query(:51)
11-20 00:27:51.526 E/AccountsViewModel( 3038): 	at kotlin.coroutines.jvm.internal.BaseContinuationImpl.invokeSuspend(:95489)
11-20 00:27:51.526 E/AccountsViewModel( 3038): 	at com.facebook.wearable.common.accounts.WearableAccountsKt$fb$1.invoke(:9)
11-20 00:27:51.526 E/AccountsViewModel( 3038): 	at com.facebook.wearable.common.coroutines.lazy.LazyAsync.get(:101)
11-20 00:27:51.526 E/AccountsViewModel( 3038): 	at kotlin.coroutines.jvm.internal.BaseContinuationImpl.invokeSuspend(:96596)
11-20 00:27:51.526 E/AccountsViewModel( 3038): 	at com.facebook.wearable.system.settings.accounts.AccountsViewModel$wearableAccountFlow$1.invoke(:11)
11-20 00:27:51.526 E/AccountsViewModel( 3038): 	at kotlinx.coroutines.flow.AbstractFlow.collect$rvp0$0(:72)
11-20 00:27:51.526 E/AccountsViewModel( 3038): 	at kotlin.coroutines.jvm.internal.BaseContinuationImpl.invokeSuspend(:95417)
11-20 00:27:51.526 E/AccountsViewModel( 3038): 	at kotlinx.coroutines.flow.FlowKt__ShareKt$launchSharing$1$2.invoke(Unknown Source:10)
11-20 00:27:51.526 E/AccountsViewModel( 3038): 	at kotlin.coroutines.jvm.internal.BaseContinuationImpl.invokeSuspend(:96715)
11-20 00:27:51.526 E/AccountsViewModel( 3038): 	at kotlinx.coroutines.flow.FlowKt__MergeKt$mapLatest$1.invoke(Unknown Source:15)
11-20 00:27:51.526 E/AccountsViewModel( 3038): 	at kotlin.coroutines.jvm.internal.BaseContinuationImpl.invokeSuspend(:96820)
11-20 00:27:51.526 E/AccountsViewModel( 3038): 	at kotlinx.coroutines.flow.internal.ChannelFlowTransformLatest$flowCollect$3$1$2.invoke(Unknown Source:10)
11-20 00:27:51.526 E/AccountsViewModel( 3038): 	at kotlinx.coroutines.CoroutineStart.invoke(:32)
11-20 00:27:51.526 E/AccountsViewModel( 3038): 	at kotlinx.coroutines.BuildersKt__Builders_commonKt.launch(:15)
11-20 00:27:51.526 E/AccountsViewModel( 3038): 	at kotlinx.coroutines.flow.internal.ChannelFlowTransformLatest$flowCollect$3$invokeSuspend$$inlined$collect$1.emit(:56)
11-20 00:27:51.526 E/AccountsViewModel( 3038): 	at kotlinx.coroutines.flow.DistinctFlowImpl$collect$$inlined$collect$1.emit(:74)
11-20 00:27:51.526 E/AccountsViewModel( 3038): 	at kotlinx.coroutines.flow.FlowKt__LimitKt$dropWhile$lambda-4$$inlined$collect$1.emit(:114)
11-20 00:27:51.526 E/AccountsViewModel( 3038): 	at kotlinx.coroutines.flow.FlowKt__ChannelsKt.emitAllImpl$FlowKt__ChannelsKt(:123)
11-20 00:27:51.526 E/AccountsViewModel( 3038): 	at kotlin.coroutines.jvm.internal.BaseContinuationImpl.invokeSuspend(:96917)
11-20 00:27:51.526 E/AccountsViewModel( 3038): 	at kotlin.coroutines.jvm.internal.BaseContinuationImpl.resumeWith(:5)
11-20 00:27:51.526 E/AccountsViewModel( 3038): 	at kotlinx.coroutines.DispatchedTask.run(:131)
11-20 00:27:51.526 E/AccountsViewModel( 3038): 	at java.util.concurrent.Executors$RunnableAdapter.call(Executors.java:462)
11-20 00:27:51.526 E/AccountsViewModel( 3038): 	at java.util.concurrent.FutureTask.run(FutureTask.java:266)
11-20 00:27:51.526 E/AccountsViewModel( 3038): 	at com.facebook.wearable.common.executors.DelayedFutureTask.run(:22)
11-20 00:27:51.526 E/AccountsViewModel( 3038): 	at java.util.concurrent.ThreadPoolExecutor.runWorker(ThreadPoolExecutor.java:1167)
11-20 00:27:51.526 E/AccountsViewModel( 3038): 	at java.util.concurrent.ThreadPoolExecutor$Worker.run(ThreadPoolExecutor.java:641)
11-20 00:27:51.526 E/AccountsViewModel( 3038): 	at com.facebook.wearable.common.executors.NamedThreadFactory$1.run(:7)
11-20 00:27:51.528 W/View    ( 3038): requestLayout() improperly called by android.view.View{a49f998 V.ED..... ......I. 0,368-474,474} during layout: running second layout pass
11-20 00:27:51.546 W/View    ( 3038): requestLayout() improperly called by com.facebook.wearable.common.wds.listview.WdsListView{12c4229 V.E..V... ........ 0,0-474,474} during second layout pass: posting in next frame
11-20 00:27:51.843 D/ComplicationController( 2581): Stopping complication controller.
11-20 00:27:51.856 D/CompatibilityInfo( 1194): mCompatibilityFlags - 4
11-20 00:27:51.856 D/CompatibilityInfo( 1194): applicationDensity - 320
11-20 00:27:51.856 D/CompatibilityInfo( 1194): applicationScale - 1.0
11-20 00:27:51.858 D/ComplicationDataManagerImpl( 2581): Fetching complication data for package: com.facebook.wearable.apps.calendar, com.facebook.wearable.apps.calendar.DAY_DATE_COMPLICATION.
11-20 00:27:51.858 D/ComplicationDataManagerImpl( 2581): Fetching complication data for package: com.facebook.wearable.apps.player, com.facebook.wearable.apps.player.SHORTCUT_COMPLICATION.
11-20 00:27:51.858 D/ComplicationDataManagerImpl( 2581): Fetching complication data for package: com.facebook.wearable.apps.gallery, com.facebook.wearable.apps.gallery.SHORTCUT_COMPLICATION.
11-20 00:27:51.859 D/ComplicationDataManagerImpl( 2581): Fetching complication data for package: com.facebook.wearable.apps.heart, com.facebook.wearable.apps.heart.HEART_RATE.
11-20 00:27:51.872 D/CompatibilityInfo( 1194): mCompatibilityFlags - 4
11-20 00:27:51.872 D/CompatibilityInfo( 1194): applicationDensity - 320
11-20 00:27:51.872 D/CompatibilityInfo( 1194): applicationScale - 1.0
11-20 00:27:52.392 D/UIAutomatorStub( 6249): URI: /jsonrpc/0, Method: POST, Header: {content-length=192, remote-addr=127.0.0.1, http-client-ip=127.0.0.1, host=localhost:9010, content-type=application/json, accept-encoding=identity}, params, {NanoHttpd.QUERY_STRING=null}, files: {postData={"jsonrpc": "2.0", "method": "waitForExists", "id": "2266c0c9e6267a451efcc09f1d0f4d2d", "params": [{"mask": 1, "childOrSibling": [], "childOrSiblingSelector": [], "text": "Notifications"}, 5]}}
11-20 00:27:52.423 D/UIAutomatorStub( 6249): URI: /jsonrpc/0, Method: POST, Header: {content-length=191, remote-addr=127.0.0.1, http-client-ip=127.0.0.1, host=localhost:9010, content-type=application/json, accept-encoding=identity}, params, {NanoHttpd.QUERY_STRING=null}, files: {postData={"jsonrpc": "2.0", "method": "waitForExists", "id": "51101aa3c36d526c05bf69a11065a8ee", "params": [{"mask": 1, "childOrSibling": [], "childOrSiblingSelector": [], "text": "Connectivity"}, 5]}}
11-20 00:27:52.486 D/UIAutomatorStub( 6249): URI: /jsonrpc/0, Method: POST, Header: {content-length=180, remote-addr=127.0.0.1, http-client-ip=127.0.0.1, host=localhost:9010, content-type=application/json, accept-encoding=identity}, params, {NanoHttpd.QUERY_STRING=null}, files: {postData={"jsonrpc": "2.0", "method": "click", "id": "a739b9c2f0d5c94b35831f834b6fd744", "params": [{"mask": 1, "childOrSibling": [], "childOrSiblingSelector": [], "text": "Connectivity"}]}}
11-20 00:27:52.534 E/ANDR-PERF-OPTSHANDLER(  557): Unable to find the correct node storage pointers for                   resource index=16, node path=/proc/sys/kernel/sched_upmigrate
11-20 00:27:52.535 E/ANDR-PERF-RESOURCEQS(  557): Failed to reset optimization [3, 7]
11-20 00:27:52.535 E/ANDR-PERF-OPTSHANDLER(  557): Unable to find the correct node storage pointers for                   resource index=17, node path=/proc/sys/kernel/sched_downmigrate
11-20 00:27:52.535 E/ANDR-PERF-RESOURCEQS(  557): Failed to reset optimization [3, 8]
11-20 00:27:52.535 E/ANDR-PERF-OPTSHANDLER(  557): Perflock resource /sys/module/lpm_levels/parameters/bias_hyst not supported
11-20 00:27:52.535 E/ANDR-PERF-RESOURCEQS(  557): Failed to reset optimization [1, 2]
11-20 00:27:52.535 E/ANDR-PERF-OPTSHANDLER(  557): Perflock resource /proc/sys/kernel/sched_group_upmigrate not supported
11-20 00:27:52.535 E/ANDR-PERF-RESOURCEQS(  557): Failed to reset optimization [3, 21]
11-20 00:27:52.535 E/ANDR-PERF-OPTSHANDLER(  557): Perflock resource /proc/sys/kernel/sched_group_downmigrate not supported
11-20 00:27:52.535 E/ANDR-PERF-RESOURCEQS(  557): Failed to reset optimization [3, 22]
11-20 00:27:52.565 W/StatusBarClientConnection( 3038): Messenger is null, ignoring message: { when=-8h40m18s828ms barrier=1 }
11-20 00:27:52.591 E/StatusBarClientConnection( 3038): Service connected
11-20 00:27:52.627 W/View    ( 3038): requestLayout() improperly called by android.view.View{d34e46e V.ED..... ......I. 0,368-474,474} during layout: running second layout pass
11-20 00:27:52.641 W/HWComposer(  577): Ignoring duplicate VSYNC event from HWC for display 0 (t=31218904473350)
11-20 00:27:52.645 W/View    ( 3038): requestLayout() improperly called by com.facebook.wearable.common.wds.listview.WdsListView{91821d4 V.E..V... ........ 0,0-474,474} during second layout pass: posting in next frame
11-20 00:27:53.329 E/ANDR-PERF-OPTSHANDLER(  557): perf_lock_rel: failed for /proc/sys/vm/swap_ratio as previous value is not stored
11-20 00:27:53.329 E/ANDR-PERF-OPTSHANDLER(  557): perf_lock_rel: failed for /sys/class/kgsl/kgsl-3d0/min_pwrlevel as previous value is not stored
11-20 00:27:53.331 E/ANDR-PERF-RESOURCEQS(  557): Failed to reset optimization [3, 0]
11-20 00:27:53.892 E/QMI_FW  ( 1113): qmi_cci_get_ref: ref count increased 2
11-20 00:27:53.892 E/QMI_FW  ( 1113): qmi_cci_get_ref: ref count increased 2
11-20 00:27:53.893 E/QMI_FW  ( 1113): qmi_cci_get_ref: ref count increased 2
11-20 00:27:54.040 E/TaskPersister( 1194): File error accessing recents directory (directory doesn't exist?).
11-20 00:27:54.278 W/HWComposer(  577): Ignoring duplicate VSYNC event from HWC for display 0 (t=31220541923975)
11-20 00:27:55.613 D/UIAutomatorStub( 6249): URI: /jsonrpc/0, Method: POST, Header: {content-length=183, remote-addr=127.0.0.1, http-client-ip=127.0.0.1, host=localhost:9010, content-type=application/json, accept-encoding=identity}, params, {NanoHttpd.QUERY_STRING=null}, files: {postData={"jsonrpc": "2.0", "method": "waitForExists", "id": "04b0685695172e740cd8e04deb6c5098", "params": [{"mask": 1, "childOrSibling": [], "childOrSiblingSelector": [], "text": "WiFi"}, 5]}}
11-20 00:27:55.639 D/UIAutomatorStub( 6249): URI: /jsonrpc/0, Method: POST, Header: {content-length=172, remote-addr=127.0.0.1, http-client-ip=127.0.0.1, host=localhost:9010, content-type=application/json, accept-encoding=identity}, params, {NanoHttpd.QUERY_STRING=null}, files: {postData={"jsonrpc": "2.0", "method": "click", "id": "dbe088cb0370d5b05f9d62754eef9f06", "params": [{"mask": 1, "childOrSibling": [], "childOrSiblingSelector": [], "text": "WiFi"}]}}
11-20 00:27:55.729 W/StatusBarClientConnection( 3038): Messenger is null, ignoring message: { when=-8h40m21s993ms barrier=1 }
11-20 00:27:55.731 W/HWComposer(  577): Ignoring duplicate VSYNC event from HWC for display 0 (t=31221993542516)
11-20 00:27:55.754 D/CompatibilityInfo( 1194): mCompatibilityFlags - 4
11-20 00:27:55.754 D/CompatibilityInfo( 1194): applicationDensity - 320
11-20 00:27:55.754 D/CompatibilityInfo( 1194): applicationScale - 1.0
11-20 00:27:55.763 E/StatusBarClientConnection( 3038): Service connected
11-20 00:27:55.768 D/WifiConnector( 2841): Network State Changed
11-20 00:27:55.774 W/View    ( 3038): requestLayout() improperly called by android.view.View{8566cb6 V.ED..... ......I. 0,368-474,474} during layout: running second layout pass
11-20 00:27:55.784 D/WifiSharingService( 2841): Starting Wi-Fi scan
11-20 00:27:55.786 I/WifiService( 1194): startScan uid=1000
11-20 00:27:55.791 W/View    ( 3038): requestLayout() improperly called by com.facebook.wearable.common.wds.listview.WdsListView{9c3af5 V.E..V... ........ 0,0-474,474} during second layout pass: posting in next frame
11-20 00:27:55.797 D/WifiNative( 1194): Scan trigered from WifiNative
11-20 00:27:55.799 I/chatty  ( 1024): uid=1021(gps) lowi-server expire 72 lines
11-20 00:27:55.800 V/WifiHAL (  539): event received NL80211_CMD_TRIGGER_SCAN
11-20 00:27:56.349 V/WifiHAL (  539): event received NL80211_CMD_NEW_SCAN_RESULTS
11-20 00:27:56.349 D/WifiNl80211Manager( 1194): Scan result ready event
11-20 00:27:56.349 D/WifiNative( 1194): Scan result ready event
11-20 00:27:56.354 D/LOWI-9.0.0.80( 1024): [LOWI-Scan] decode_rsn_wpa_ie: LOWI_ENCRYPTION_TYPE_WPA_PSK
11-20 00:27:56.354 D/LOWI-9.0.0.80( 1024): [LOWI-Scan] is_qcom_ie, bss_age: 24
11-20 00:27:56.354 D/LOWI-9.0.0.80( 1024): [LOWI-Scan] BSS ce:dc:12:3b:87:fd LOWI_PHY_MODE_11AC_VHT20_2G(11), Beacon Interval: 100, LOWI_ENCRYPTION_TYPE_WPA_PSK 11mcRanging: No, ANQP: Yes, LCI: No, Civic: No, capability(0x1431): ESS Privacy ShortPreamble ShortSlotTime
11-20 00:27:56.354 D/LOWI-9.0.0.80( 1024): [LOWI-Scan] BSS ce:dc:12:3b:87:fd FREQ: 2437, cFreq1[40:80:160] = [0:0:0] cFreq2 = 0 Country Code =    
11-20 00:27:56.354 D/LOWI-9.0.0.80( 1024): [LOWI-Scan] BSS ce:dc:12:3b:87:fd (wlan0) ASSO: NO AddInfo: 0x0, TSF 0, 08:40:22.611, RSSI: -106, CPL: 127, AGE: 0,  SSID Pixel5_R1, TSFDelta: 0x0, TXRate: 0
11-20 00:27:56.354 D/LOWI-9.0.0.80( 1024): [LOWI-Scan] 
11-20 00:27:56.354 D/LOWI-9.0.0.80( 1024): [LOWI-Scan] print_bss_handler: Report beacon TSF 31222611747 as it greater than probe TSF 31193853316
11-20 00:27:56.354 I/LOWI-9.0.0.80( 1024): [LOWI-Scan] RSN_IE
11-20 00:27:56.355 D/LOWI-9.0.0.80( 1024): [LOWI-Scan] decode_rsn_wpa_ie: Entered
11-20 00:27:56.355 D/LOWI-9.0.0.80( 1024): [LOWIUtils] hexDump: msg(30 14 01 00 00 0f ac 04 01 00 00 0f ac 04 01 00 00 0f ac 02 )
11-20 00:27:56.355 D/LOWI-9.0.0.80( 1024): [LOWI-Scan] decode_rsn_wpa_ie: LOWI_ENCRYPTION_TYPE_WPA_PSK
11-20 00:27:56.355 D/LOWI-9.0.0.80( 1024): [LOWI-Scan] is_qcom_ie, bss_age: 15
11-20 00:27:56.355 D/LOWI-9.0.0.80( 1024): [LOWI-Scan] BSS fe:2d:5a:49:61:eb LOWI_PHY_MODE_11AC_VHT20_2G(11), Beacon Interval: 100, LOWI_ENCRYPTION_TYPE_WPA_PSK 11mcRanging: No, ANQP: Yes, LCI: No, Civic: No, capability(0x1431): ESS Privacy ShortPreamble ShortSlotTime
11-20 00:27:56.355 D/LOWI-9.0.0.80( 1024): [LOWI-Scan] BSS fe:2d:5a:49:61:eb FREQ: 2452, cFreq1[40:80:160] = [0:0:0] cFreq2 = 0 Country Code =    
11-20 00:27:56.355 D/LOWI-9.0.0.80( 1024): [LOWI-Scan] BSS fe:2d:5a:49:61:eb (wlan0) ASSO: NO AddInfo: 0x1, TSF 0, 08:40:22.611, RSSI: -110, CPL: 127, AGE: 0,  SSID Pixel_R2, TSFDelta: 0x0, TXRate: 0
11-20 00:27:56.355 D/LOWI-9.0.0.80( 1024): [LOWI-Scan] 
11-20 00:27:56.355 D/LOWI-9.0.0.80( 1024): [LOWI-Scan] print_bss_handler: Report Probe TSF 31222611783 as it greater than Beacon TSF 31143893101
11-20 00:27:56.355 I/LOWI-9.0.0.80( 1024): [LOWI-Scan] RSN_IE
11-20 00:27:56.355 D/LOWI-9.0.0.80( 1024): [LOWI-Scan] decode_rsn_wpa_ie: Entered
11-20 00:27:56.355 D/LOWI-9.0.0.80( 1024): [LOWIUtils] hexDump: msg(30 14 01 00 00 0f ac 04 01 00 00 0f ac 04 01 00 00 0f ac 02 )
11-20 00:27:56.355 D/LOWI-9.0.0.80( 1024): [LOWI-Scan] decode_rsn_wpa_ie: LOWI_ENCRYPTION_TYPE_WPA_PSK
11-20 00:27:56.355 D/LOWI-9.0.0.80( 1024): [LOWI-Scan] is_qcom_ie, bss_age: 47
11-20 00:27:56.355 D/LOWI-9.0.0.80( 1024): [LOWI-Scan] BSS 12:d7:96:61:85:9f LOWI_PHY_MODE_11AC_VHT20_2G(11), Beacon Interval: 100, LOWI_ENCRYPTION_TYPE_WPA_PSK 11mcRanging: No, ANQP: Yes, LCI: No, Civic: No, capability(0x1431): ESS Privacy ShortPreamble ShortSlotTime
11-20 00:27:56.356 D/LOWI-9.0.0.80( 1024): [LOWI-Scan] BSS 12:d7:96:61:85:9f FREQ: 2412, cFreq1[40:80:160] = [0:0:0] cFreq2 = 0 Country Code =    
11-20 00:27:56.356 D/LOWI-9.0.0.80( 1024): [LOWI-Scan] BSS 12:d7:96:61:85:9f (wlan0) ASSO: NO AddInfo: 0x0, TSF 0, 08:40:22.611, RSSI: -108, CPL: 127, AGE: 0,  SSID Pixel_R5, TSFDelta: 0x0, TXRate: 0
11-20 00:27:56.356 D/LOWI-9.0.0.80( 1024): [LOWI-Scan] 
11-20 00:27:56.356 D/LOWI-9.0.0.80( 1024): [LOWI-Scan] print_bss_handler: Report beacon TSF 31222611895 as it greater than probe TSF 31193853373
11-20 00:27:56.356 I/LOWI-9.0.0.80( 1024): [LOWI-Scan] RSN_IE
11-20 00:27:56.356 D/LOWI-9.0.0.80( 1024): [LOWI-Scan] decode_rsn_wpa_ie: Entered
11-20 00:27:56.360 D/LOWI-9.0.0.80( 1024): [LOWIUtils] hexDump: msg(30 14 01 00 00 0f ac 04 01 00 00 0f ac 04 01 00 00 0f ac 02 )
11-20 00:27:56.360 D/LOWI-9.0.0.80( 1024): [LOWI-Scan] decode_rsn_wpa_ie: LOWI_ENCRYPTION_TYPE_WPA_PSK
11-20 00:27:56.360 D/LOWI-9.0.0.80( 1024): [LOWI-Scan] is_qcom_ie, bss_age: 57
11-20 00:27:56.361 D/LOWI-9.0.0.80( 1024): [LOWI-Scan] BSS 2c:57:41:86:8a:a1 LOWI_PHY_MODE_11NG_HT20(5), Beacon Interval: 100, LOWI_ENCRYPTION_TYPE_WPA_PSK 11mcRanging: No, ANQP: No, LCI: No, Civic: No, capability(0x1411): ESS Privacy ShortSlotTime
11-20 00:27:56.361 D/LOWI-9.0.0.80( 1024): [LOWI-Scan] BSS 2c:57:41:86:8a:a1 FREQ: 2412, cFreq1[40:80:160] = [0:0:0] cFreq2 = 0 Country Code = US
11-20 00:27:56.361 D/LOWI-9.0.0.80( 1024): [LOWI-Scan] BSS 2c:57:41:86:8a:a1 (wlan0) ASSO: NO AddInfo: 0x1, TSF 0, 08:40:22.611, RSSI: -134, CPL: 3, AGE: 0,  SSID kittyhawk, TSFDelta: 0x0, TXRate: 0
11-20 00:27:56.361 D/LOWI-9.0.0.80( 1024): [LOWI-Scan] 
11-20 00:27:56.361 D/LOWI-9.0.0.80( 1024): [LOWI-Scan] print_bss_handler: Report beacon TSF 31222611936 as it greater than probe TSF 31193853413
11-20 00:27:56.361 I/LOWI-9.0.0.80( 1024): [LOWI-Scan] RSN_IE
11-20 00:27:56.361 D/LOWI-9.0.0.80( 1024): [LOWI-Scan] decode_rsn_wpa_ie: Entered
11-20 00:27:56.362 D/LOWI-9.0.0.80( 1024): [LOWIUtils] hexDump: msg(30 14 01 00 00 0f ac 04 01 00 00 0f ac 04 01 00 00 0f ac 02 )
11-20 00:27:56.362 D/LOWI-9.0.0.80( 1024): [LOWI-Scan] decode_rsn_wpa_ie: LOWI_ENCRYPTION_TYPE_WPA_PSK
11-20 00:27:56.362 D/LOWI-9.0.0.80( 1024): [LOWI-Scan] is_qcom_ie, bss_age: 57
11-20 00:27:56.362 D/LOWI-9.0.0.80( 1024): [LOWI-Scan] BSS 2c:57:41:88:72:e1 LOWI_PHY_MODE_11NG_HT20(5), Beacon Interval: 100, LOWI_ENCRYPTION_TYPE_WPA_PSK 11mcRanging: No, ANQP: No, LCI: No, Civic: No, capability(0x1411): ESS Privacy ShortSlotTime
11-20 00:27:56.362 D/LOWI-9.0.0.80( 1024): [LOWI-Scan] BSS 2c:57:41:88:72:e1 FREQ: 2412, cFreq1[40:80:160] = [0:0:0] cFreq2 = 0 Country Code = US
11-20 00:27:56.362 D/LOWI-9.0.0.80( 1024): [LOWI-Scan] BSS 2c:57:41:88:72:e1 (wlan0) ASSO: NO AddInfo: 0x1, TSF 0, 08:40:22.611, RSSI: -150, CPL: 3, AGE: 0,  SSID kittyhawk, TSFDelta: 0x0, TXRate: 0
11-20 00:27:56.362 D/LOWI-9.0.0.80( 1024): [LOWI-Scan] 
11-20 00:27:56.362 D/LOWI-9.0.0.80( 1024): [LOWI-Scan] print_bss_handler: Report Probe TSF 31222611913 as it greater than Beacon TSF 31043171652
11-20 00:27:56.362 I/LOWI-9.0.0.80( 1024): [LOWI-Scan] RSN_IE
11-20 00:27:56.362 D/LOWI-9.0.0.80( 1024): [LOWI-Scan] decode_rsn_wpa_ie: Entered
11-20 00:27:56.363 D/LOWI-9.0.0.80( 1024): [LOWIUtils] hexDump: msg(30 14 01 00 00 0f ac 04 01 00 00 0f ac 04 01 00 00 0f ac 02 )
11-20 00:27:56.363 D/LOWI-9.0.0.80( 1024): [LOWI-Scan] decode_rsn_wpa_ie: LOWI_ENCRYPTION_TYPE_WPA_PSK
11-20 00:27:56.363 D/LOWI-9.0.0.80( 1024): [LOWI-Scan] is_qcom_ie, bss_age: 45
11-20 00:27:56.363 D/LOWI-9.0.0.80( 1024): [LOWI-Scan] BSS 18:64:72:60:2b:40 LOWI_PHY_MODE_11NG_HT20(5), Beacon Interval: 100, LOWI_ENCRYPTION_TYPE_WPA_PSK 11mcRanging: No, ANQP: No, LCI: No, Civic: No, capability(0x0431): ESS Privacy ShortPreamble ShortSlotTime
11-20 00:27:56.363 D/LOWI-9.0.0.80( 1024): [LOWI-Scan] BSS 18:64:72:60:2b:40 FREQ: 2412, cFreq1[40:80:160] = [0:0:0] cFreq2 = 0 Country Code =    
11-20 00:27:56.363 D/LOWI-9.0.0.80( 1024): [LOWI-Scan] BSS 18:64:72:60:2b:40 (wlan0) ASSO: NO AddInfo: 0x0, TSF 0, 08:40:22.611, RSSI: -142, CPL: 127, AGE: 0,  SSID lab-t24103779, TSFDelta: 0x0, TXRate: 0
11-20 00:27:56.363 D/WificondScannerImpl( 1194): Filtering out 1 scan results.
11-20 00:27:56.363 D/LOWI-9.0.0.80( 1024): [LOWI-Scan] 
11-20 00:27:56.363 D/LOWI-9.0.0.80( 1024): [LOWI-Scan] print_bss_handler: Report Probe TSF 31222611765 as it greater than Beacon TSF 31043170989
11-20 00:27:56.363 I/LOWI-9.0.0.80( 1024): [LOWI-Scan] RSN_IE
11-20 00:27:56.363 D/LOWI-9.0.0.80( 1024): [LOWI-Scan] decode_rsn_wpa_ie: Entered
11-20 00:27:56.364 D/LOWI-9.0.0.80( 1024): [LOWIUtils] hexDump: msg(30 14 01 00 00 0f ac 04 01 00 00 0f ac 04 01 00 00 0f ac 02 )
11-20 00:27:56.364 D/LOWI-9.0.0.80( 1024): [LOWI-Scan] decode_rsn_wpa_ie: LOWI_ENCRYPTION_TYPE_WPA_PSK
11-20 00:27:56.364 D/LOWI-9.0.0.80( 1024): [LOWI-Scan] is_qcom_ie, bss_age: 41
11-20 00:27:56.364 D/LOWI-9.0.0.80( 1024): [LOWI-Scan] BSS 52:b8:14:37:74:3f LOWI_PHY_MODE_11AC_VHT20_2G(11), Beacon Interval: 100, LOWI_ENCRYPTION_TYPE_WPA_PSK 11mcRanging: No, ANQP: No, LCI: No, Civic: No, capability(0x1431): ESS Privacy ShortPreamble ShortSlotTime
11-20 00:27:56.364 D/LOWI-9.0.0.80( 1024): [LOWI-Scan] BSS 52:b8:14:37:74:3f FREQ: 2417, cFreq1[40:80:160] = [0:0:0] cFreq2 = 0 Country Code =    
11-20 00:27:56.364 D/LOWI-9.0.0.80( 1024): [LOWI-Scan] BSS 52:b8:14:37:74:3f (wlan0) ASSO: NO AddInfo: 0x0, TSF 0, 08:40:22.611, RSSI: -104, CPL: 127, AGE: 0,  SSID Pixel_8668, TSFDelta: 0x0, TXRate: 0
11-20 00:27:56.364 D/LOWI-9.0.0.80( 1024): [LOWI-Scan] 
11-20 00:27:56.365 D/LOWI-9.0.0.80( 1024): [LOWI-Scan] print_bss_handler: Report Probe TSF 31222611980 as it greater than Beacon TSF 30993311832
11-20 00:27:56.365 I/LOWI-9.0.0.80( 1024): [LOWI-Scan] RSN_IE
11-20 00:27:56.365 D/LOWI-9.0.0.80( 1024): [LOWI-Scan] decode_rsn_wpa_ie: Entered
11-20 00:27:56.365 D/LOWI-9.0.0.80( 1024): [LOWIUtils] hexDump: msg(30 14 01 00 00 0f ac 04 01 00 00 0f ac 04 01 00 00 0f ac 02 )
11-20 00:27:56.365 D/LOWI-9.0.0.80( 1024): [LOWI-Scan] decode_rsn_wpa_ie: LOWI_ENCRYPTION_TYPE_WPA_PSK
11-20 00:27:56.365 D/LOWI-9.0.0.80( 1024): [LOWI-Scan] is_qcom_ie, bss_age: 47
11-20 00:27:56.365 D/LOWI-9.0.0.80( 1024): [LOWI-Scan] BSS 2c:57:41:89:53:21 LOWI_PHY_MODE_11NG_HT20(5), Beacon Interval: 100, LOWI_ENCRYPTION_TYPE_WPA_PSK 11mcRanging: No, ANQP: No, LCI: No, Civic: No, capability(0x1411): ESS Privacy ShortSlotTime
11-20 00:27:56.365 D/LOWI-9.0.0.80( 1024): [LOWI-Scan] BSS 2c:57:41:89:53:21 FREQ: 2412, cFreq1[40:80:160] = [0:0:0] cFreq2 = 0 Country Code = US
11-20 00:27:56.365 D/LOWI-9.0.0.80( 1024): [LOWI-Scan] BSS 2c:57:41:89:53:21 (wlan0) ASSO: NO AddInfo: 0x0, TSF 0, 08:40:22.611, RSSI: -160, CPL: 3, AGE: 0,  SSID kittyhawk, TSFDelta: 0x0, TXRate: 0
11-20 00:27:56.366 D/LOWI-9.0.0.80( 1024): [LOWI-Scan] 
11-20 00:27:56.366 D/LOWI-9.0.0.80( 1024): [LOWI-Scan] print_bss_handler: Report Probe TSF 31222611837 as it greater than Beacon TSF 0
11-20 00:27:56.366 I/LOWI-9.0.0.80( 1024): [LOWI-Scan] RSN_IE
11-20 00:27:56.366 D/LOWI-9.0.0.80( 1024): [LOWI-Scan] decode_rsn_wpa_ie: Entered
11-20 00:27:56.366 D/LOWI-9.0.0.80( 1024): [LOWIUtils] hexDump: msg(30 14 01 00 00 0f ac 04 01 00 00 0f ac 04 01 00 00 0f ac 02 )
11-20 00:27:56.366 D/LOWI-9.0.0.80( 1024): [LOWI-Scan] decode_rsn_wpa_ie: LOWI_ENCRYPTION_TYPE_WPA_PSK
11-20 00:27:56.366 D/LOWI-9.0.0.80( 1024): [LOWI-Scan] is_qcom_ie, bss_age: 45
11-20 00:27:56.366 D/LOWI-9.0.0.80( 1024): [LOWI-Scan] BSS be:9e:0e:1c:6e:7f LOWI_PHY_MODE_11AC_VHT20_2G(11), Beacon Interval: 100, LOWI_ENCRYPTION_TYPE_WPA_PSK 11mcRanging: No, ANQP: No, LCI: No, Civic: No, capability(0x1431): ESS Privacy ShortPreamble ShortSlotTime
11-20 00:27:56.366 D/LOWI-9.0.0.80( 1024): [LOWI-Scan] BSS be:9e:0e:1c:6e:7f FREQ: 2412, cFreq1[40:80:160] = [0:0:0] cFreq2 = 0 Country Code =    
11-20 00:27:56.366 D/LOWI-9.0.0.80( 1024): [LOWI-Scan] BSS be:9e:0e:1c:6e:7f (wlan0) ASSO: NO AddInfo: 0x0, TSF 0, 08:40:22.611, RSSI: -124, CPL: 127, AGE: 0,  SSID Pixel_3541, TSFDelta: 0x0, TXRate: 0
11-20 00:27:56.367 D/LOWI-9.0.0.80( 1024): [LOWI-Scan] 
11-20 00:27:56.367 D/LOWI-9.0.0.80( 1024): [LOWI-Scan] print_bss_handler: Report Probe TSF 31222612041 as it greater than Beacon TSF 31092901292
11-20 00:27:56.367 I/LOWI-9.0.0.80( 1024): [LOWI-Scan] RSN_IE
11-20 00:27:56.367 D/LOWI-9.0.0.80( 1024): [LOWI-Scan] decode_rsn_wpa_ie: Entered
11-20 00:27:56.367 D/LOWI-9.0.0.80( 1024): [LOWIUtils] hexDump: msg(30 14 01 00 00 0f ac 04 01 00 00 0f ac 04 01 00 00 0f ac 02 )
11-20 00:27:56.367 D/LOWI-9.0.0.80( 1024): [LOWI-Scan] decode_rsn_wpa_ie: LOWI_ENCRYPTION_TYPE_WPA_PSK
11-20 00:27:56.367 D/LOWI-9.0.0.80( 1024): [LOWI-Scan] is_qcom_ie, bss_age: 47
11-20 00:27:56.367 D/LOWI-9.0.0.80( 1024): [LOWI-Scan] BSS 2c:57:41:86:7a:61 LOWI_PHY_MODE_11NG_HT20(5), Beacon Interval: 100, LOWI_ENCRYPTION_TYPE_WPA_PSK 11mcRanging: No, ANQP: No, LCI: No, Civic: No, capability(0x1411): ESS Privacy ShortSlotTime
11-20 00:27:56.367 D/LOWI-9.0.0.80( 1024): [LOWI-Scan] BSS 2c:57:41:86:7a:61 FREQ: 2412, cFreq1[40:80:160] = [0:0:0] cFreq2 = 0 Country Code = US
11-20 00:27:56.367 D/LOWI-9.0.0.80( 1024): [LOWI-Scan] BSS 2c:57:41:86:7a:61 (wlan0) ASSO: NO AddInfo: 0x0, TSF 0, 08:40:22.612, RSSI: -158, CPL: 3, AGE: 0,  SSID kittyhawk, TSFDelta: 0x0, TXRate: 0
11-20 00:27:56.368 D/LOWI-9.0.0.80( 1024): [LOWI-Scan] 
11-20 00:27:56.368 D/LOWI-9.0.0.80( 1024): [LOWI-Scan] print_bss_handler: Report Probe TSF 31222612001 as it greater than Beacon TSF 0
11-20 00:27:56.368 I/LOWI-9.0.0.80( 1024): [LOWI-Scan] RSN_IE
11-20 00:27:56.368 D/LOWI-9.0.0.80( 1024): [LOWI-Scan] decode_rsn_wpa_ie: Entered
11-20 00:27:56.368 D/LOWI-9.0.0.80( 1024): [LOWIUtils] hexDump: msg(30 14 01 00 00 0f ac 04 01 00 00 0f ac 04 01 00 00 0f ac 02 )
11-20 00:27:56.368 D/LOWI-9.0.0.80( 1024): [LOWI-Scan] decode_rsn_wpa_ie: LOWI_ENCRYPTION_TYPE_WPA_PSK
11-20 00:27:56.368 D/LOWI-9.0.0.80( 1024): [LOWI-Scan] is_qcom_ie, bss_age: 24
11-20 00:27:56.368 D/LOWI-9.0.0.80( 1024): [LOWI-Scan] BSS 2c:57:41:89:63:c1 LOWI_PHY_MODE_11NG_HT20(5), Beacon Interval: 100, LOWI_ENCRYPTION_TYPE_WPA_PSK 11mcRanging: No, ANQP: No, LCI: No, Civic: No, capability(0x1411): ESS Privacy ShortSlotTime
11-20 00:27:56.368 D/LOWI-9.0.0.80( 1024): [LOWI-Scan] BSS 2c:57:41:89:63:c1 FREQ: 2437, cFreq1[40:80:160] = [0:0:0] cFreq2 = 0 Country Code = US
11-20 00:27:56.368 D/LOWI-9.0.0.80( 1024): [LOWI-Scan] BSS 2c:57:41:89:63:c1 (wlan0) ASSO: NO AddInfo: 0x0, TSF 0, 08:40:22.612, RSSI: -160, CPL: 2, AGE: 0,  SSID kittyhawk, TSFDelta: 0x0, TXRate: 0
11-20 00:27:56.369 D/LOWI-9.0.0.80( 1024): [LOWI-Scan] 
11-20 00:27:56.369 D/LOWI-9.0.0.80( 1024): [LOWI-Scan] print_bss_handler: Report Probe TSF 31222611957 as it greater than Beacon TSF 0
11-20 00:27:56.369 I/LOWI-9.0.0.80( 1024): [LOWI-Scan] RSN_IE
11-20 00:27:56.369 D/LOWI-9.0.0.80( 1024): [LOWI-Scan] decode_rsn_wpa_ie: Entered
11-20 00:27:56.369 D/LOWI-9.0.0.80( 1024): [LOWIUtils] hexDump: msg(30 14 01 00 00 0f ac 04 01 00 00 0f ac 04 01 00 00 0f ac 02 )
11-20 00:27:56.369 D/LOWI-9.0.0.80( 1024): [LOWI-Scan] decode_rsn_wpa_ie: LOWI_ENCRYPTION_TYPE_WPA_PSK
11-20 00:27:56.369 D/LOWI-9.0.0.80( 1024): [LOWI-Scan] is_qcom_ie, bss_age: 4
11-20 00:27:56.369 D/LOWI-9.0.0.80( 1024): [LOWI-Scan] BSS 2c:57:41:86:85:21 LOWI_PHY_MODE_11NG_HT20(5), Beacon Interval: 100, LOWI_ENCRYPTION_TYPE_WPA_PSK 11mcRanging: No, ANQP: No, LCI: No, Civic: No, capability(0x1411): ESS Privacy ShortSlotTime
11-20 00:27:56.369 D/LOWI-9.0.0.80( 1024): [LOWI-Scan] BSS 2c:57:41:86:85:21 FREQ: 2462, cFreq1[40:80:160] = [0:0:0] cFreq2 = 0 Country Code = US
11-20 00:27:56.369 D/LOWI-9.0.0.80( 1024): [LOWI-Scan] BSS 2c:57:41:86:85:21 (wlan0) ASSO: NO AddInfo: 0x0, TSF 0, 08:40:22.611, RSSI: -160, CPL: 2, AGE: 0,  SSID kittyhawk, TSFDelta: 0x0, TXRate: 0
11-20 00:27:56.370 D/LOWI-9.0.0.80( 1024): [LOWIDiagLog] Log: lowiMeasResult->request: invalid null argument
11-20 00:27:56.370 I/LOWI-9.0.0.80( 1024): [LOWI-Scan] lowi_close_record:Scan done in 31178853ms, 18 APs in scan results
11-20 00:27:56.370 D/LOWI-9.0.0.80( 1024): [LOWI-Scan] WipsScanUsingNL: passive scan cached 0, took 9267 ms, err 0
11-20 00:27:56.370 D/LOWI-9.0.0.80( 1024): [LOWI-Scan] lowi_proc_req_passive_scan_with_live_meas - No WLAN Frames to be parsed
11-20 00:27:56.370 D/LOWI-9.0.0.80( 1024): [LOWIScanResultReceiver] Send scan meas to listener
11-20 00:27:56.370 D/LOWI-9.0.0.80( 1024): [LOWIScanResultReceiver] Enter passive listening mode
11-20 00:27:56.370 D/LOWI-9.0.0.80( 1024): [LOWIWifiDriverInterface] getMeasurements - Passive listening mode
11-20 00:27:56.370 D/LOWI-9.0.0.80( 1024): [LOWI-Scan] WipsScanUsingNL:wait -1 sec for netlink message
11-20 00:27:56.370 D/PasspointManager( 1194): ANQP entry not found for: 5e:6e:be:46:77:d7:<Pixel_R3>
11-20 00:27:56.370 D/LOWI-9.0.0.80( 1024): [LOWIEventReceiver] handleEvent:FROM:NA, TO:NA, REQ:NA, IREQ:NA, REQ_ID:0, RESP:NA, INFO:NA
11-20 00:27:56.370 D/LOWI-9.0.0.80( 1024): [LOWIBackgroundScanMgr] isRspForBgScanMgr: evt(LOWI_NO_EVT) - not handled
11-20 00:27:56.370 D/PasspointManager( 1194): ANQP entry not found for: ce:dc:12:3b:87:fd:<Pixel5_R1>
11-20 00:27:56.370 D/LOWI-9.0.0.80( 1024): [LOWIScheduler] manageMsg: NULL results or NULL request in results
11-20 00:27:56.370 D/LOWI-9.0.0.80( 1024): [LOWIController] Measurements received
11-20 00:27:56.370 D/LOWI-9.0.0.80( 1024): [LOWICacheManager] putInCache:Num of Meas to add: 18
11-20 00:27:56.371 D/PasspointManager( 1194): ANQP entry not found for: fe:2d:5a:49:61:eb:<Pixel_R2>
11-20 00:27:56.371 D/PasspointManager( 1194): ANQP entry not found for: 12:d7:96:61:85:9f:<Pixel_R5>
11-20 00:27:56.372 D/LOWI-9.0.0.80( 1024): [LOWIController] processMeasurementResults: No current Request. Cache measurements
11-20 00:27:56.372 D/LOWI-9.0.0.80( 1024): [LOWIControllerExtn] sendLOWILpDiscoveryScanResponse: Not a discovery scan response
11-20 00:27:56.420 D/WifiSharingService( 2841): Sending scanResults intent with status code 0: PendingIntent{c2609c2: android.os.BinderProxy@a8f8933}
11-20 00:27:56.427 D/CompatibilityInfo( 1194): mCompatibilityFlags - 4
11-20 00:27:56.427 D/CompatibilityInfo( 1194): applicationDensity - 320
11-20 00:27:56.427 D/CompatibilityInfo( 1194): applicationScale - 1.0
11-20 00:27:57.418 W/HWComposer(  577): Ignoring duplicate VSYNC event from HWC for display 0 (t=31223682011265)
11-20 00:27:57.452 W/HWComposer(  577): Ignoring duplicate VSYNC event from HWC for display 0 (t=31223715744234)
11-20 00:27:58.195 W/HWComposer(  577): Ignoring duplicate VSYNC event from HWC for display 0 (t=31224458622723)
11-20 00:27:58.212 W/HWComposer(  577): Ignoring duplicate VSYNC event from HWC for display 0 (t=31224475509390)
11-20 00:27:58.770 D/UIAutomatorStub( 6249): URI: /jsonrpc/0, Method: POST, Header: {content-length=229, remote-addr=127.0.0.1, http-client-ip=127.0.0.1, host=localhost:9010, content-type=application/json, accept-encoding=identity}, params, {NanoHttpd.QUERY_STRING=null}, files: {postData={"jsonrpc": "2.0", "method": "objInfo", "id": "635416aede309bbb4c7f5e8039f63810", "params": [{"mask": 2097152, "childOrSibling": [], "childOrSiblingSelector": [], "resourceId": "com.facebook.wearable.system.settings:id/toggle"}]}}
11-20 00:27:58.845 D/UIAutomatorStub( 6249): URI: /jsonrpc/0, Method: POST, Header: {content-length=227, remote-addr=127.0.0.1, http-client-ip=127.0.0.1, host=localhost:9010, content-type=application/json, accept-encoding=identity}, params, {NanoHttpd.QUERY_STRING=null}, files: {postData={"jsonrpc": "2.0", "method": "click", "id": "2d7cff08c9b65b397573670e4c6897ee", "params": [{"mask": 2097152, "childOrSibling": [], "childOrSiblingSelector": [], "resourceId": "com.facebook.wearable.system.settings:id/toggle"}]}}
11-20 00:27:58.900 D/WifiSharingService( 2841): Setting Wi-Fi enabled state
11-20 00:27:58.901 I/WifiService( 1194): setWifiEnabled package=com.facebook.wearable.system.connectivity uid=1000 enable=false
11-20 00:27:58.905 D/WifiActiveModeWarden( 1194): Switching all client mode managers
11-20 00:27:58.909 D/QCNEJ/WlanStaInfoRelay( 1900): onChange for uri = content://settings/global/wifi_on
11-20 00:27:58.914 E/QMI_FW  (  927): qmi_cci_get_ref: ref count increased 2
11-20 00:27:58.919 D/WifiP2pService( 1194): Wifi enabled=false, P2P Interface availability=true
11-20 00:27:58.920 D/WifiP2pService( 1194): Wifi enabled=false, P2P Interface availability=true
11-20 00:27:58.921 D/WifiP2pNative( 1194): Teardown P2P interface
11-20 00:27:58.923 D/WifiClientModeManager1( 1194): IMS not registered over IWLAN for subId: 1
11-20 00:27:58.923 D/WifiClientModeManager1( 1194): The target role 5
11-20 00:27:58.930 W/ContextImpl( 1194): Calling a method in the system process without a qualified user: android.app.ContextImpl.sendBroadcastMultiplePermissions:1143 android.content.Context.sendBroadcastWithMultiplePermissions:2150 com.android.server.display.WifiDisplayAdapter.handleSendStatusChangeBroadcast:440 com.android.server.display.WifiDisplayAdapter.access$1700:63 com.android.server.display.WifiDisplayAdapter$WifiDisplayHandler.handleMessage:675 
11-20 00:27:58.934 I/android_os_HwBinder( 1194): HwBinder: Starting thread pool for getting: android.hardware.wifi.supplicant@1.0::ISupplicant/default
11-20 00:27:58.939 I/wpa_supplicant(21170): wlan0: Do not deauthenticate as part of interface deinit since WoWLAN is enabled
11-20 00:27:58.997 I/wpa_supplicant(21170): Try to unregister vendor STA network
11-20 00:27:59.012 E/wpa_supplicant(21170): eap_proxy: pthread_join on eap_proxy=0xf7abeac
11-20 00:27:59.012 E/wpa_supplicant(21170): eap_proxy: session not started for client = 1
11-20 00:27:59.012 E/QMI_FW  (21170): qmi_cci_get_ref: ref count increased 2
11-20 00:27:59.012 E/QMI_FW  (21170): qmi_cci_get_ref: ref count increased 2
11-20 00:27:59.015 E/wpa_supplicant(21170): eap_proxy: Released QMI UIM service client
11-20 00:27:59.016 E/QMI_FW  (21170): qmi_cci_get_ref: ref count increased 2
11-20 00:27:59.016 E/QMI_FW  (21170): qmi_cci_get_ref: ref count increased 2
11-20 00:27:59.018 E/wpa_supplicant(21170): eap_proxy: Released QMI EAP service client
11-20 00:27:59.018 E/wpa_supplicant(21170): eap_proxy: session not started for client = 2
11-20 00:27:59.018 E/QMI_FW  (21170): qmi_cci_get_ref: ref count increased 2
11-20 00:27:59.018 E/QMI_FW  (21170): qmi_cci_get_ref: ref count increased 2
11-20 00:27:59.019 E/wpa_supplicant(21170): eap_proxy: Released QMI UIM service client
11-20 00:27:59.019 E/QMI_FW  (21170): qmi_cci_get_ref: ref count increased 2
11-20 00:27:59.019 E/QMI_FW  (21170): qmi_cci_get_ref: ref count increased 2
11-20 00:27:59.020 E/wpa_supplicant(21170): eap_proxy: Released QMI EAP service client
11-20 00:27:59.022 I/wpa_supplicant(21170): eap_proxy: eap_proxy Deinitialzed
11-20 00:27:59.058 I/wpa_supplicant(21170): nl80211: deinit ifname=wlan0 disabled_11b_rates=0
11-20 00:27:59.107 I/wpa_supplicant(21170): Try to unregister vendor interface
11-20 00:27:59.109 D/LOWI-9.0.0.80( 1024): [LOWINetlinkSocketReceiver] unpackRTMLinkMessage: RTM_NEWLINK - ifname wlan0, flags 0x11043 ([UP][RUNNING])
11-20 00:27:59.109 D/LOWI-9.0.0.80( 1024): [LOWINetlinkSocketReceiver] processNetlinkPacket: ifname(wlan0) status(2)
11-20 00:27:59.109 D/LOWI-9.0.0.80( 1024): [LOWIController] intfStateReceived: ifname(wlan0) state(2)
11-20 00:27:59.109 D/LOWI-9.0.0.80( 1024): [LOWIEventReceiver] handleEvent:FROM:NA, TO:NA, REQ:NA, IREQ:NA, REQ_ID:0, RESP:NA, INFO:INTF-STATUS-UPDATE
11-20 00:27:59.109 D/LOWI-9.0.0.80( 1024): [LOWIEventReceiver] Info to [INTF-STATUS-UPDATE]
11-20 00:27:59.109 D/LOWI-9.0.0.80( 1024): [LOWIController] updateIntfState: WIFI enabled 2 mNlWifiStatus 2 mWifiStateEnabled 1
11-20 00:27:59.109 D/LOWI-9.0.0.80( 1024): [LOWIController] isWifiEnabled: mNlWifiStatus 2 mWifiStateEnabled 1
11-20 00:27:59.116 I/SupplicantStaIfaceHal( 1194): Terminating supplicant using HIDL
11-20 00:27:59.119 I/wpa_supplicant(21170): p2p0: Do not deauthenticate as part of interface deinit since WoWLAN is enabled
11-20 00:27:59.157 E/wpa_supplicant(21170): eap_proxy: pthread_join on eap_proxy=0xf7abfa8
11-20 00:27:59.157 E/wpa_supplicant(21170): eap_proxy: session not started for client = 1
11-20 00:27:59.157 E/QMI_FW  (21170): qmi_cci_get_ref: ref count increased 2
11-20 00:27:59.157 E/QMI_FW  (21170): qmi_cci_get_ref: ref count increased 2
11-20 00:27:59.157 E/wpa_supplicant(21170): eap_proxy: Released QMI UIM service client
11-20 00:27:59.158 E/QMI_FW  (21170): qmi_cci_get_ref: ref count increased 2
11-20 00:27:59.158 E/QMI_FW  (21170): qmi_cci_get_ref: ref count increased 2
11-20 00:27:59.158 E/wpa_supplicant(21170): eap_proxy: Released QMI EAP service client
11-20 00:27:59.158 E/wpa_supplicant(21170): eap_proxy: session not started for client = 2
11-20 00:27:59.158 E/QMI_FW  (21170): qmi_cci_get_ref: ref count increased 2
11-20 00:27:59.158 E/QMI_FW  (21170): qmi_cci_get_ref: ref count increased 2
11-20 00:27:59.159 E/wpa_supplicant(21170): eap_proxy: Released QMI UIM service client
11-20 00:27:59.159 E/QMI_FW  (21170): qmi_cci_get_ref: ref count increased 2
11-20 00:27:59.159 E/QMI_FW  (21170): qmi_cci_get_ref: ref count increased 2
11-20 00:27:59.161 E/wpa_supplicant(21170): eap_proxy: Released QMI EAP service client
11-20 00:27:59.161 I/wpa_supplicant(21170): eap_proxy: eap_proxy Deinitialzed
11-20 00:27:59.198 I/wpa_supplicant(21170): nl80211: deinit ifname=p2p0 disabled_11b_rates=0
11-20 00:27:59.223 D/ConnectivityService( 1194): handleLingerComplete for [100 CELLULAR]
11-20 00:27:59.227 W/MqttClient( 2665): connection/disconnecting; reason=READ_SOCKET, operation=NETWORK_THREAD_LOOP
11-20 00:27:59.228 W/System.err( 2665): DEBUG: com.whatsapp.net.tls13.WtSocketWrapper.sendAlertAndShutdown(:86) : Sending Alert : type : WARNING description : close_notify(0) exception : 
11-20 00:27:59.230 W/System.err( 2665): ERROR: com.whatsapp.net.logging.WtLog.log$REDEX$HQcOuACUrr4(:4) : Encountered exception. Nothing much can be done here. com.whatsapp.net.alerts.WtAlertException
11-20 00:27:59.248 D/QCNEJ/WwanInfoRelay( 1900): onCapabilitiesChanged: 100 [ Transports: CELLULAR Capabilities: MMS&SUPL&FOTA&INTERNET&NOT_RESTRICTED&TRUSTED&NOT_VPN&VALIDATED&NOT_ROAMING&NOT_CONGESTED&NOT_SUSPENDED LinkUpBandwidth>=15000Kbps LinkDnBandwidth>=30000Kbps Specifier: <TelephonyNetworkSpecifier [mSubId = 1]> AdministratorUids: [] RequestorUid: -1 RequestorPackageName: null]
11-20 00:27:59.249 I/QCNEJ/WwanInfoRelay( 1900): cacheWwanInfo subId = 1 phoneId = 0 slotId = 0
11-20 00:27:59.267 D/LOWI-9.0.0.80( 1024): [LOWINetlinkSocketReceiver] unpackRTMLinkMessage: RTM_NEWLINK - ifname p2p0, flags 0x1003 ([UP])
11-20 00:27:59.294 D/LOWI-9.0.0.80( 1024): [LOWINetlinkSocketReceiver] unpackRTMLinkMessage: RTM_NEWLINK - ifname p2p0, flags 0x1002 ()
11-20 00:27:59.295 W/System.err( 2665): INFO: com.whatsapp.net.logging.WtLog.log$REDEX$HQcOuACUrr4(:4) : Start handshake.
11-20 00:27:59.298 D/LOWI-9.0.0.80( 1024): [LOWINetlinkSocketReceiver] unpackRTMLinkMessage: RTM_NEWLINK - ifname p2p0, flags 0x1002 ()
11-20 00:27:59.307 I/wpa_supplicant(21170): Try to unregister vendor p2 interface
11-20 00:27:59.309 I/WifiP2pNative( 1194): P2P interface teardown completed
11-20 00:27:59.309 I/android_os_HwBinder( 1194): HwBinder: Starting thread pool for getting: android.hardware.wifi.supplicant@1.0::ISupplicant/default
11-20 00:27:59.309 D/WifiP2pNative( 1194): P2P InterfaceDestroyedListener p2p0
11-20 00:27:59.309 D/WifiP2pNative( 1194): Ignoring stale interface destroyed listener
11-20 00:27:59.310 D/WifiP2pNative( 1194): P2P InterfaceAvailableListener true
11-20 00:27:59.310 D/WifiP2pService( 1194): Wifi enabled=false, P2P Interface availability=true
11-20 00:27:59.313 I/wpa_supplicant(21170): Terminating...
11-20 00:27:59.316 D/LOWI-9.0.0.80( 1024): [LOWINetlinkSocketReceiver] unpackRTMLinkMessage: RTM_NEWLINK - ifname wlan0, flags 0x1003 ([UP])
11-20 00:27:59.316 D/LOWI-9.0.0.80( 1024): [LOWINetlinkSocketReceiver] processNetlinkPacket: ifname(wlan0) status(1)
11-20 00:27:59.316 D/LOWI-9.0.0.80( 1024): [LOWIController] intfStateReceived: ifname(wlan0) state(1)
11-20 00:27:59.317 D/LOWI-9.0.0.80( 1024): [LOWIEventReceiver] handleEvent:FROM:NA, TO:NA, REQ:NA, IREQ:NA, REQ_ID:0, RESP:NA, INFO:INTF-STATUS-UPDATE
11-20 00:27:59.317 D/LOWI-9.0.0.80( 1024): [LOWIEventReceiver] Info to [INTF-STATUS-UPDATE]
11-20 00:27:59.317 D/LOWI-9.0.0.80( 1024): [LOWIController] updateIntfState: WIFI enabled 1 mNlWifiStatus 2 mWifiStateEnabled 1
11-20 00:27:59.317 D/LOWI-9.0.0.80( 1024): [LOWIController] isWifiEnabled: mNlWifiStatus 1 mWifiStateEnabled 1
11-20 00:27:59.327 W/System.err( 2665): INFO: com.whatsapp.net.logging.WtLog.log$REDEX$HQcOuACUrr4(:4) : Handshake complete : session_resumed true early_data_sent false early_data_accepted false client_cert_requested false time_ms 32
11-20 00:27:59.344 E/QMI_FW  ( 1113): qmi_cci_get_ref: ref count increased 2
11-20 00:27:59.345 E/QMI_FW  ( 1113): qmi_cci_get_ref: ref count increased 2
11-20 00:27:59.346 E/QMI_FW  ( 1113): qmi_cci_get_ref: ref count increased 2
11-20 00:27:59.358 D/LOWI-9.0.0.80( 1024): [LOWINetlinkSocketReceiver] unpackRTMLinkMessage: RTM_NEWLINK - ifname wlan0, flags 0x1003 ([UP])
11-20 00:27:59.358 D/LOWI-9.0.0.80( 1024): [LOWINetlinkSocketReceiver] processNetlinkPacket: ifname(wlan0) status(1)
11-20 00:27:59.358 D/LOWI-9.0.0.80( 1024): [LOWIController] intfStateReceived: ifname(wlan0) state(1)
11-20 00:27:59.358 D/LOWI-9.0.0.80( 1024): [LOWIEventReceiver] handleEvent:FROM:NA, TO:NA, REQ:NA, IREQ:NA, REQ_ID:0, RESP:NA, INFO:INTF-STATUS-UPDATE
11-20 00:27:59.359 D/LOWI-9.0.0.80( 1024): [LOWIEventReceiver] Info to [INTF-STATUS-UPDATE]
11-20 00:27:59.359 D/LOWI-9.0.0.80( 1024): [LOWIController] updateIntfState: WIFI enabled 1 mNlWifiStatus 1 mWifiStateEnabled 1
11-20 00:27:59.359 D/LOWI-9.0.0.80( 1024): [LOWIController] isWifiEnabled: mNlWifiStatus 1 mWifiStateEnabled 1
11-20 00:27:59.360 V/WifiHAL (  539): event received NL80211_CMD_DISCONNECT
11-20 00:27:59.361 W/SupplicantStaIfaceHal( 1194): Timed out waiting for confirmation of supplicant death
11-20 00:27:59.362 E/SupplicantStaIfaceHal( 1194): Can't call getKeyMgmtCapabilities_1_3, ISupplicantStaIface is null
11-20 00:27:59.364 V/WifiHAL (  539): WifiVendorCommand 0xaad86b98 created vendor_id:0x1374 subcmd:38
11-20 00:27:59.364 V/WifiHAL (  539): Got a Wi-Fi HAL module message from Driver
11-20 00:27:59.364 V/WifiHAL (  539): Supported feature set : 19d3d
11-20 00:27:59.364 V/WifiHAL (  539): Supported feature set acquired : 19d3d
11-20 00:27:59.364 V/WifiHAL (  539): WifiVendorCommand 0xa0792320 created vendor_id:0x1374 subcmd:76
11-20 00:27:59.365 V/WifiHAL (  539): create: mVendor_id = 4980, Subcmd = 76.
11-20 00:27:59.366 V/WifiHAL (  539): WifiVendorCommand 0xaad86cc8 created vendor_id:0x1374 subcmd:38
11-20 00:27:59.367 V/WifiHAL (  539): Got a Wi-Fi HAL module message from Driver
11-20 00:27:59.367 V/WifiHAL (  539): Supported feature set : 19d3d
11-20 00:27:59.367 V/WifiHAL (  539): Supported feature set acquired : 19d3d
11-20 00:27:59.367 V/WifiHAL (  539): WifiVendorCommand 0xa0792320 created vendor_id:0x1374 subcmd:76
11-20 00:27:59.367 V/WifiHAL (  539): create: mVendor_id = 4980, Subcmd = 76.
11-20 00:27:59.373 E/SupplicantStaIfaceHal( 1194): Can't call getWpaDriverFeatureSet, ISupplicantStaIface is null
11-20 00:27:59.373 I/WifiNative( 1194): Successfully switched to scan mode on iface=Iface:{Name=wlan0,Id=1,Type=STA_SCAN}
11-20 00:27:59.377 W/SupplicantP2pIfaceHal( 1194): ISupplicant/ISupplicantP2pIface died: cookie=0
11-20 00:27:59.377 W/SupplicantStaIfaceHal( 1194): ISupplicantVendor/ISupplicantVendorStaIface died: cookie=0
11-20 00:27:59.377 W/SupplicantP2pIfaceHal( 1194): ISupplicant/ISupplicantP2pIface died: cookie=0
11-20 00:27:59.377 W/SupplicantP2pIfaceHal( 1194): ISupplicantVendor/ISupplicantVendorP2PIface died: cookie=0
11-20 00:27:59.377 W/SupplicantStaIfaceHal( 1194): ISupplicantVendor/ISupplicantVendorStaIface died: cookie=0
11-20 00:27:59.378 D/SupplicantStaIfaceHal( 1194): ISupplicant died: cookie=-4130647415764200803
11-20 00:27:59.378 W/SupplicantP2pIfaceHal( 1194): ISupplicantVendor/ISupplicantVendorP2PIface died: cookie=0
11-20 00:27:59.393 I/wificond(  906): Fail RSSI polling because wifi is not associated.
11-20 00:27:59.394 E/WifiNl80211Manager( 1194): Invalid signal poll result from wificond
11-20 00:27:59.399 D/WifiClientModeManager1( 1194): entering ScanOnlyModeState
11-20 00:27:59.400 D/WifiScanRequestProxy( 1194): Sending scan available broadcast: true
