11-21 15:06:46.171 E/StickerBundleDatabaseWorker( 2334): Failed to fetch sticker bundles:
11-21 15:06:46.171 E/StickerBundleDatabaseWorker( 2334): kotlinx.coroutines.JobCancellationException: Job was cancelled; job=JobImpl{Cancelling}@fd89581
11-21 15:06:46.195 D/LOWI-9.0.0.80( 1026): [LOWINetlinkSocketReceiver] unpackRTMLinkMessage: RTM_NEWLINK - ifname p2p0, flags 0x1003 ([UP])
11-21 15:06:46.243 D/LOWI-9.0.0.80( 1026): [LOWINetlinkSocketReceiver] unpackRTMLinkMessage: RTM_NEWLINK - ifname p2p0, flags 0x1002 ()
11-21 15:06:46.252 D/LOWI-9.0.0.80( 1026): [LOWINetlinkSocketReceiver] unpackRTMLinkMessage: RTM_NEWLINK - ifname p2p0, flags 0x1002 ()
11-21 15:06:46.256 I/wpa_supplicant(14121): Try to unregister vendor p2 interface
11-21 15:06:46.263 I/WifiP2pNative( 1186): P2P interface teardown completed
11-21 15:06:46.264 D/WifiP2pNative( 1186): P2P InterfaceDestroyedListener p2p0
11-21 15:06:46.264 D/WifiP2pNative( 1186): Ignoring stale interface destroyed listener
11-21 15:06:46.265 I/android_os_HwBinder( 1186): HwBinder: Starting thread pool for getting: android.hardware.wifi.supplicant@1.0::ISupplicant/default
11-21 15:06:46.266 D/WifiP2pNative( 1186): P2P InterfaceAvailableListener true
11-21 15:06:46.266 D/WifiP2pService( 1186): Wifi enabled=false, P2P Interface availability=true
11-21 15:06:46.267 I/wpa_supplicant(14121): wlan0: Do not deauthenticate as part of interface deinit since WoWLAN is enabled
11-21 15:06:46.314 I/wpa_supplicant(14121): Try to unregister vendor STA network
11-21 15:06:46.320 E/wpa_supplicant(14121): eap_proxy: pthread_join on eap_proxy=0x9eb6eac
11-21 15:06:46.320 E/wpa_supplicant(14121): eap_proxy: session not started for client = 1
11-21 15:06:46.320 E/QMI_FW  (14121): qmi_cci_get_ref: ref count increased 2
11-21 15:06:46.320 E/QMI_FW  (14121): qmi_cci_get_ref: ref count increased 2
11-21 15:06:46.320 E/wpa_supplicant(14121): eap_proxy: Released QMI UIM service client
11-21 15:06:46.320 E/QMI_FW  (14121): qmi_cci_get_ref: ref count increased 2
11-21 15:06:46.320 E/QMI_FW  (14121): qmi_cci_get_ref: ref count increased 2
11-21 15:06:46.321 E/wpa_supplicant(14121): eap_proxy: Released QMI EAP service client
11-21 15:06:46.321 E/wpa_supplicant(14121): eap_proxy: session not started for client = 2
11-21 15:06:46.321 E/QMI_FW  (14121): qmi_cci_get_ref: ref count increased 2
11-21 15:06:46.321 E/QMI_FW  (14121): qmi_cci_get_ref: ref count increased 2
11-21 15:06:46.322 E/wpa_supplicant(14121): eap_proxy: Released QMI UIM service client
11-21 15:06:46.322 E/QMI_FW  (14121): qmi_cci_get_ref: ref count increased 2
11-21 15:06:46.322 E/QMI_FW  (14121): qmi_cci_get_ref: ref count increased 2
11-21 15:06:46.323 E/wpa_supplicant(14121): eap_proxy: Released QMI EAP service client
11-21 15:06:46.323 I/wpa_supplicant(14121): eap_proxy: eap_proxy Deinitialzed
11-21 15:06:46.355 I/wpa_supplicant(14121): nl80211: deinit ifname=wlan0 disabled_11b_rates=0
11-21 15:06:46.385 I/wpa_supplicant(14121): Try to unregister vendor interface
11-21 15:06:46.385 D/LOWI-9.0.0.80( 1026): [LOWINetlinkSocketReceiver] unpackRTMLinkMessage: RTM_NEWLINK - ifname wlan0, flags 0x11043 ([UP][RUNNING])
11-21 15:06:46.386 D/LOWI-9.0.0.80( 1026): [LOWINetlinkSocketReceiver] processNetlinkPacket: ifname(wlan0) status(2)
11-21 15:06:46.386 D/LOWI-9.0.0.80( 1026): [LOWIController] intfStateReceived: ifname(wlan0) state(2)
11-21 15:06:46.386 D/LOWI-9.0.0.80( 1026): [LOWIEventReceiver] handleEvent:FROM:NA, TO:NA, REQ:NA, IREQ:NA, REQ_ID:0, RESP:NA, INFO:INTF-STATUS-UPDATE
11-21 15:06:46.386 D/LOWI-9.0.0.80( 1026): [LOWIEventReceiver] Info to [INTF-STATUS-UPDATE]
11-21 15:06:46.386 D/LOWI-9.0.0.80( 1026): [LOWIController] updateIntfState: WIFI enabled 2 mNlWifiStatus 2 mWifiStateEnabled 1
11-21 15:06:46.386 D/LOWI-9.0.0.80( 1026): [LOWIController] isWifiEnabled: mNlWifiStatus 2 mWifiStateEnabled 1
11-21 15:06:46.387 I/SupplicantStaIfaceHal( 1186): Terminating supplicant using HIDL
11-21 15:06:46.388 I/android_os_HwBinder( 1186): HwBinder: Starting thread pool for getting: android.hardware.wifi.supplicant@1.0::ISupplicant/default
11-21 15:06:46.389 I/wpa_supplicant(14121): Terminating...
11-21 15:06:46.393 D/LOWI-9.0.0.80( 1026): [LOWINetlinkSocketReceiver] unpackRTMLinkMessage: RTM_NEWLINK - ifname wlan0, flags 0x1003 ([UP])
11-21 15:06:46.393 D/LOWI-9.0.0.80( 1026): [LOWINetlinkSocketReceiver] processNetlinkPacket: ifname(wlan0) status(1)
11-21 15:06:46.393 D/LOWI-9.0.0.80( 1026): [LOWIController] intfStateReceived: ifname(wlan0) state(1)
11-21 15:06:46.393 D/LOWI-9.0.0.80( 1026): [LOWIEventReceiver] handleEvent:FROM:NA, TO:NA, REQ:NA, IREQ:NA, REQ_ID:0, RESP:NA, INFO:INTF-STATUS-UPDATE
11-21 15:06:46.393 D/LOWI-9.0.0.80( 1026): [LOWIEventReceiver] Info to [INTF-STATUS-UPDATE]
11-21 15:06:46.393 D/LOWI-9.0.0.80( 1026): [LOWIController] updateIntfState: WIFI enabled 1 mNlWifiStatus 2 mWifiStateEnabled 1
11-21 15:06:46.393 D/LOWI-9.0.0.80( 1026): [LOWIController] isWifiEnabled: mNlWifiStatus 1 mWifiStateEnabled 1
11-21 15:06:46.434 W/SupplicantP2pIfaceHal( 1186): ISupplicant/ISupplicantP2pIface died: cookie=0
11-21 15:06:46.435 D/SupplicantStaIfaceHal( 1186): ISupplicant died: cookie=2323359148973412477
11-21 15:06:46.435 W/SupplicantP2pIfaceHal( 1186): ISupplicant/ISupplicantP2pIface died: cookie=0
11-21 15:06:46.435 W/SupplicantP2pIfaceHal( 1186): ISupplicantVendor/ISupplicantVendorP2PIface died: cookie=0
11-21 15:06:46.435 D/LOWI-9.0.0.80( 1026): [LOWINetlinkSocketReceiver] unpackRTMLinkMessage: RTM_NEWLINK - ifname wlan0, flags 0x1003 ([UP])
11-21 15:06:46.435 D/LOWI-9.0.0.80( 1026): [LOWINetlinkSocketReceiver] processNetlinkPacket: ifname(wlan0) status(1)
11-21 15:06:46.435 D/LOWI-9.0.0.80( 1026): [LOWIController] intfStateReceived: ifname(wlan0) state(1)
11-21 15:06:46.435 D/LOWI-9.0.0.80( 1026): [LOWIEventReceiver] handleEvent:FROM:NA, TO:NA, REQ:NA, IREQ:NA, REQ_ID:0, RESP:NA, INFO:INTF-STATUS-UPDATE
11-21 15:06:46.436 D/LOWI-9.0.0.80( 1026): [LOWIEventReceiver] Info to [INTF-STATUS-UPDATE]
11-21 15:06:46.436 D/LOWI-9.0.0.80( 1026): [LOWIController] updateIntfState: WIFI enabled 1 mNlWifiStatus 1 mWifiStateEnabled 1
11-21 15:06:46.436 D/LOWI-9.0.0.80( 1026): [LOWIController] isWifiEnabled: mNlWifiStatus 1 mWifiStateEnabled 1
11-21 15:06:46.437 V/WifiHAL (  544): event received NL80211_CMD_DISCONNECT
11-21 15:06:46.440 W/SupplicantStaIfaceHal( 1186): Timed out waiting for confirmation of supplicant death
11-21 15:06:46.441 E/SupplicantStaIfaceHal( 1186): Can't call getKeyMgmtCapabilities_1_3, ISupplicantStaIface is null
11-21 15:06:46.441 W/SupplicantStaIfaceHal( 1186): ISupplicantVendor/ISupplicantVendorStaIface died: cookie=0
11-21 15:06:46.441 W/SupplicantP2pIfaceHal( 1186): ISupplicantVendor/ISupplicantVendorP2PIface died: cookie=0
11-21 15:06:46.442 W/SupplicantStaIfaceHal( 1186): ISupplicantVendor/ISupplicantVendorStaIface died: cookie=0
11-21 15:06:46.442 V/WifiHAL (  544): WifiVendorCommand 0xaadf1b98 created vendor_id:0x1374 subcmd:38
11-21 15:06:46.443 V/WifiHAL (  544): Got a Wi-Fi HAL module message from Driver
11-21 15:06:46.443 V/WifiHAL (  544): Supported feature set : 19d3d
11-21 15:06:46.443 V/WifiHAL (  544): Supported feature set acquired : 19d3d
11-21 15:06:46.443 V/WifiHAL (  544): WifiVendorCommand 0x98689230 created vendor_id:0x1374 subcmd:76
11-21 15:06:46.443 V/WifiHAL (  544): create: mVendor_id = 4980, Subcmd = 76.
11-21 15:06:46.444 V/WifiHAL (  544): WifiVendorCommand 0xaadf1cc8 created vendor_id:0x1374 subcmd:38
11-21 15:06:46.444 V/WifiHAL (  544): Got a Wi-Fi HAL module message from Driver
11-21 15:06:46.444 V/WifiHAL (  544): Supported feature set : 19d3d
11-21 15:06:46.444 V/WifiHAL (  544): Supported feature set acquired : 19d3d
11-21 15:06:46.444 V/WifiHAL (  544): WifiVendorCommand 0x98689230 created vendor_id:0x1374 subcmd:76
11-21 15:06:46.445 V/WifiHAL (  544): create: mVendor_id = 4980, Subcmd = 76.
11-21 15:06:46.449 E/SupplicantStaIfaceHal( 1186): Can't call getWpaDriverFeatureSet, ISupplicantStaIface is null
11-21 15:06:46.449 I/WifiNative( 1186): Successfully switched to scan mode on iface=Iface:{Name=wlan0,Id=0,Type=STA_SCAN}
11-21 15:06:46.449 D/BluetoothAdapterService( 1710): Soft AP is on band: 1
11-21 15:06:46.467 I/wificond(  911): Fail RSSI polling because wifi is not associated.
11-21 15:06:46.468 E/WifiNl80211Manager( 1186): Invalid signal poll result from wificond
11-21 15:06:46.469 W/SupplicantStaIfaceHal( 1186): ISupplicant died: cookie=227
11-21 15:06:46.470 D/WifiClientModeManager0( 1186): entering ScanOnlyModeState
11-21 15:06:46.470 D/WifiScanRequestProxy( 1186): Sending scan available broadcast: true
11-21 15:06:46.471 D/WifiP2pService( 1186): Wifi enabled=false, P2P Interface availability=true
11-21 15:06:46.471 I/WifiScanningService( 1186): Received a request to enable scanning, UID = 1000
11-21 15:06:46.472 I/WifiScanRequestProxy( 1186): Scanning is enabled
11-21 15:06:46.472 I/WifiScanRequestProxy( 1186): Scanning for hidden networks is disabled
11-21 15:06:46.484 D/ConnectivityService( 1186): handleLingerComplete for [101 CELLULAR]
11-21 15:06:46.529 D/BluetoothVendorService( 1710): getPowerBackoff 
11-21 15:06:46.529 D/BluetoothVendorService( 1710): setPowerBackoff to: false
11-21 15:06:46.529 I/BluetoothVendorJni( 1710): setPowerBackoffNative
11-21 15:06:46.529 I/bt_btif_vendor( 1710): setPowerBackOffState :0 
11-21 15:06:46.529 W/bt_btif ( 1710): bta_dm_power_back_off: power_back_off feature not supported
11-21 15:06:46.529 D/WakeupController( 1186): start()
11-21 15:06:46.529 D/BluetoothAdapterService( 1710): android.net.wifi.WIFI_STATE_CHANGED
11-21 15:06:46.531 I/WifiScanningService( 1186): scanner impls already exists
11-21 15:06:46.541 D/QCNEJ/WwanInfoRelay( 1907): onCapabilitiesChanged: 101 [ Transports: CELLULAR Capabilities: MMS&SUPL&FOTA&INTERNET&NOT_RESTRICTED&TRUSTED&NOT_VPN&VALIDATED&NOT_ROAMING&NOT_CONGESTED&NOT_SUSPENDED LinkUpBandwidth>=15000Kbps LinkDnBandwidth>=30000Kbps Specifier: <TelephonyNetworkSpecifier [mSubId = 1]> AdministratorUids: [] RequestorUid: -1 RequestorPackageName: null]
11-21 15:06:46.593 E/SelfCareDataCloudSyncWorker( 2334): Failed to get access token
11-21 15:06:46.593 E/SelfCareDataCloudSyncWorker( 2334): kotlinx.coroutines.JobCancellationException: Job was cancelled; job=JobImpl{Cancelling}@f737eb2
11-21 15:06:46.594 I/WM-WorkerWrapper( 2334): Work [ id=57f248e9-27c9-4baa-bcea-f98e3ece0d1a, tags={ com.facebook.wearable.system.selfcare.cloudsync.SelfCareDataCloudSyncWorker } ] was cancelled
11-21 15:06:46.594 I/WM-WorkerWrapper( 2334): java.util.concurrent.CancellationException: Task was cancelled.
11-21 15:06:46.594 I/WM-WorkerWrapper( 2334): 	at androidx.work.impl.utils.futures.AbstractFuture.getDoneValue(:32)
11-21 15:06:46.594 I/WM-WorkerWrapper( 2334): 	at androidx.work.impl.utils.futures.AbstractFuture.get(:268435546)
11-21 15:06:46.594 I/WM-WorkerWrapper( 2334): 	at androidx.work.impl.WorkerWrapper$2.run(:3)
11-21 15:06:46.594 I/WM-WorkerWrapper( 2334): 	at androidx.work.impl.utils.SerialExecutor$Task.run(:2)
11-21 15:06:46.594 I/WM-WorkerWrapper( 2334): 	at java.util.concurrent.ThreadPoolExecutor.runWorker(ThreadPoolExecutor.java:1167)
11-21 15:06:46.594 I/WM-WorkerWrapper( 2334): 	at java.util.concurrent.ThreadPoolExecutor$Worker.run(ThreadPoolExecutor.java:641)
11-21 15:06:46.594 I/WM-WorkerWrapper( 2334): 	at java.lang.Thread.run(Thread.java:923)
11-21 15:06:46.595 D/WakeupController( 1186): Setting active to true
11-21 15:06:46.610 I/QCNEJ/WwanInfoRelay( 1907): cacheWwanInfo subId = 1 phoneId = 0 slotId = 0
11-21 15:06:46.646 E/QMI_FW  ( 1042): qmi_cci_get_ref: ref count increased 2
11-21 15:06:46.647 E/QMI_FW  ( 1042): qmi_cci_get_ref: ref count increased 2
11-21 15:06:46.650 E/QMI_FW  ( 1042): qmi_cci_get_ref: ref count increased 2
11-21 15:06:46.651 E/QMI_FW  ( 1042): qmi_cci_get_ref: ref count increased 2
11-21 15:06:46.651 E/QMI_FW  ( 1042): qmi_cci_get_ref: ref count increased 2
11-21 15:06:46.661 I/WearableConnectivityManager( 7052): LTE Signal strength is: 2
11-21 15:06:46.661 I/WearableConnectivityManager( 7052): Cellular Signal strength is: 2
11-21 15:06:46.662 D/RadioLinkQualityScoreBuilder( 1984): scoreRsrp: 3scoreRsrq: 2scoreRssnr: 3
11-21 15:06:46.663 D/WirelessInsightServiceImpl( 1984): onSignalStrengthsChanged: SignalStrength = SignalStrength:{mCdma=CellSignalStrengthCdma: cdmaDbm=2147483647 cdmaEcio=2147483647 evdoDbm=2147483647 evdoEcio=2147483647 evdoSnr=2147483647 level=0,mGsm=CellSignalStrengthGsm: rssi=2147483647 ber=2147483647 mTa=2147483647 mLevel=0,mWcdma=CellSignalStrengthWcdma: ss=2147483647 ber=2147483647 rscp=2147483647 ecno=2147483647 level=0,mTdscdma=CellSignalStrengthTdscdma: rssi=2147483647 ber=2147483647 rscp=2147483647 level=0,mLte=CellSignalStrengthLte: rssi=-75 rsrp=-110 rsrq=-15 rssnr=8 cqi=2147483647 ta=2147483647 level=2 parametersUseForLevel=0,mNr=CellSignalStrengthNr:{ csiRsrp = 2147483647 csiRsrq = 2147483647 csiSinr = 2147483647 ssRsrp = 2147483647 ssRsrq = 2147483647 ssSinr = 2147483647 level = 0 parametersUseForLevel = 0 },primary=CellSignalStrengthLte}
11-21 15:06:46.663 D/WirelessInsightServiceImpl( 1984): Score: 2
11-21 15:06:46.663 D/WirelessInsightServiceImpl( 1984): notifyListeners: listeners = 0, score = 2
11-21 15:06:46.672 E/WifiScanningService( 1186): wifi driver loaded received while already loaded
11-21 15:06:46.771 D/WakeupLock( 1186): Lock set. Number of networks: 1
11-21 15:06:46.772 D/WifiClientModeImpl( 1186): ClientModeImpl: Leaving Connected state
11-21 15:06:46.833 W/MqttClient( 2620): connection/disconnecting; reason=READ_SOCKET, operation=NETWORK_THREAD_LOOP
11-21 15:06:46.835 D/WifiCountryCode( 1186): updateCountryCode to US
11-21 15:06:46.849 E/SupplicantStaIfaceHal( 1186): Can't call setCountryCode, ISupplicantStaIface is null
11-21 15:06:46.849 D/WifiCountryCode( 1186): Failed to set country code to: US
11-21 15:06:46.941 E/SupplicantStaIfaceHal( 1186): Can't call listNetworks, ISupplicantStaIface is null
11-21 15:06:46.941 E/SupplicantStaIfaceHal( 1186): removeAllNetworks failed, got null networks
11-21 15:06:46.941 E/WifiClientModeImpl( 1186): Failed to remove networks on exiting connect mode
11-21 15:06:47.089 E/WakeupController( 1186): Unexpected setLastDisconnectInfo when WakeupController is active!
11-21 15:06:47.091 E/WifiVendorHal( 1186): stopRssiMonitoring(l.2106) failed {.code = ERROR_NOT_AVAILABLE, .description = }
11-21 15:06:47.091 E/SupplicantStaIfaceHal( 1186): Can't call setPowerSave, ISupplicantStaIface is null
11-21 15:06:47.091 E/SupplicantStaIfaceHal( 1186): Can't call setBtCoexistenceMode, ISupplicantStaIface is null
11-21 15:06:47.101 W/System.err( 2620): DEBUG: com.whatsapp.net.tls13.WtSocketWrapper.sendAlertAndShutdown(:86) : Sending Alert : type : WARNING description : close_notify(0) exception : 
11-21 15:06:47.102 W/System.err( 2620): ERROR: com.whatsapp.net.logging.WtLog.log$REDEX$HQcOuACUrr4(:4) : Encountered exception. Nothing much can be done here. com.whatsapp.net.alerts.WtAlertException
11-21 15:06:47.109 V/WifiClientModeImpl( 1186): stopIpClient IpClientWithPreConnection: false
11-21 15:06:47.109 V/WifiClientModeImpl( 1186): java.lang.Throwable
11-21 15:06:47.109 V/WifiClientModeImpl( 1186): 	at com.android.server.wifi.ClientModeImpl.stopIpClient(ClientModeImpl.java:1127)
11-21 15:06:47.109 V/WifiClientModeImpl( 1186): 	at com.android.server.wifi.ClientModeImpl.stopDhcpSetup(ClientModeImpl.java:1153)
11-21 15:06:47.109 V/WifiClientModeImpl( 1186): 	at com.android.server.wifi.ClientModeImpl.handleNetworkDisconnect(ClientModeImpl.java:2945)
11-21 15:06:47.109 V/WifiClientModeImpl( 1186): 	at com.android.server.wifi.ClientModeImpl.stopClientMode(ClientModeImpl.java:3889)
11-21 15:06:47.109 V/WifiClientModeImpl( 1186): 	at com.android.server.wifi.ClientModeImpl.access$4600(ClientModeImpl.java:176)
11-21 15:06:47.109 V/WifiClientModeImpl( 1186): 	at com.android.server.wifi.ClientModeImpl$ConnectModeState.exit(ClientModeImpl.java:4064)
11-21 15:06:47.109 V/WifiClientModeImpl( 1186): 	at com.android.wifi.x.com.android.internal.util.StateMachine$SmHandler.invokeExitMethods(StateMachine.java:1021)
11-21 15:06:47.109 V/WifiClientModeImpl( 1186): 	at com.android.wifi.x.com.android.internal.util.StateMachine$SmHandler.performTransitions(StateMachine.java:877)
11-21 15:06:47.109 V/WifiClientModeImpl( 1186): 	at com.android.wifi.x.com.android.internal.util.StateMachine$SmHandler.handleMessage(StateMachine.java:819)
11-21 15:06:47.109 V/WifiClientModeImpl( 1186): 	at android.os.Handler.dispatchMessage(Handler.java:106)
11-21 15:06:47.109 V/WifiClientModeImpl( 1186): 	at android.os.Looper.loop(Looper.java:223)
11-21 15:06:47.109 V/WifiClientModeImpl( 1186): 	at android.os.HandlerThread.run(HandlerThread.java:67)
11-21 15:06:47.219 D/DhcpClient( 1186): doQuit
11-21 15:06:47.221 D/QCNEJ/WlanStaInfoRelay( 1907): Received action: android.net.wifi.STATE_CHANGE
11-21 15:06:47.222 D/QCNEJ/WlanStaInfoRelay( 1907): reset CountryCodeRetriever
11-21 15:06:47.224 D/CompatibilityInfo( 1186): mCompatibilityFlags - 4
11-21 15:06:47.224 D/CompatibilityInfo( 1186): applicationDensity - 320
11-21 15:06:47.224 D/CompatibilityInfo( 1186): applicationScale - 1.0
11-21 15:06:47.224 D/WifiConnector( 2870): Network State Changed
11-21 15:06:47.226 E/QMI_FW  (  915): qmi_cci_get_ref: ref count increased 2
11-21 15:06:47.227 E/QMI_FW  (  915): qmi_cci_get_ref: ref count increased 2
11-21 15:06:47.235 E/QMI_FW  ( 1042): qmi_cci_get_ref: ref count increased 2
11-21 15:06:47.240 D/ConnectivityService( 1186): [213 WIFI] EVENT_NETWORK_INFO_CHANGED, going from CONNECTED to DISCONNECTED
11-21 15:06:47.240 D/ConnectivityService( 1186): [213 WIFI] disconnected, was satisfying 27
11-21 15:06:47.247 D/WifiDiags( 1186): stopLogging() iface list is {} after removing wlan0
11-21 15:06:47.249 E/WifiVendorHal( 1186): resetLogHandler(l.1558) failed {.code = ERROR_NOT_AVAILABLE, .description = }
11-21 15:06:47.267 E/QMI_FW  ( 1042): qmi_cci_get_ref: ref count increased 2
11-21 15:06:47.274 E/QMI_FW  ( 1042): qmi_cci_get_ref: ref count increased 2
11-21 15:06:47.284 I/chatty  ( 1042): uid=1001(radio) main identical 5 lines
11-21 15:06:47.286 E/QMI_FW  ( 1042): qmi_cci_get_ref: ref count increased 2
11-21 15:06:47.286 W/WifiDiags( 1186): Fail to reset log handler
11-21 15:06:47.287 E/QMI_FW  ( 1042): qmi_cci_get_ref: ref count increased 2
11-21 15:06:47.302 E/QMI_FW  ( 1042): qmi_cci_get_ref: ref count increased 2
11-21 15:06:47.308 E/QMI_FW  ( 1042): qmi_cci_get_ref: ref count increased 2
11-21 15:06:47.310 D/WifiMemoryStoreImpl( 1186): Set cluster Ga6eb8feabe7908d4 for W958a1754935a727: SUCCESS
11-21 15:06:47.315 E/QMI_FW  ( 1042): qmi_cci_get_ref: ref count increased 2
11-21 15:06:47.316 I/chatty  ( 1042): uid=1001(radio) main identical 1 line
11-21 15:06:47.318 E/QMI_FW  ( 1042): qmi_cci_get_ref: ref count increased 2
11-21 15:06:47.320 I/system_server( 1186): Background young concurrent copying GC freed 531520(21MB) AllocSpace objects, 67(2284KB) LOS objects, 24% free, 73MB/97MB, paused 1.248ms total 548.760ms
11-21 15:06:47.321 E/QMI_FW  ( 1042): qmi_cci_get_ref: ref count increased 2
11-21 15:06:47.323 I/chatty  ( 1042): uid=1001(radio) main identical 1 line
11-21 15:06:47.325 E/QMI_FW  ( 1042): qmi_cci_get_ref: ref count increased 2
11-21 15:06:47.381 I/GnssNetworkConnectivityHandler( 1186): Network connection lost. Available networks count: 1
11-21 15:06:47.381 I/GnssNetworkConnectivityHandler( 1186): updateNetworkState, state=CLOSED, connected=false, network=213, capabilities=[ Transports: WIFI Capabilities: NOT_METERED&INTERNET&NOT_RESTRICTED&TRUSTED&NOT_VPN&VALIDATED&NOT_ROAMING&FOREGROUND&NOT_CONGESTED&NOT_SUSPENDED LinkUpBandwidth>=61000Kbps LinkDnBandwidth>=61000Kbps SignalStrength: -34 OwnerUid: 1000 AdministratorUids: [] SSID: "MTBF_Lab" RequestorUid: -1 RequestorPackageName: null], apn: , availableNetworkCount: 1
11-21 15:06:47.386 W/LocSvc_LocIpc(  527): send:66] failed reason: No such file or directory
11-21 15:06:47.394 D/DhcpClient( 1186): DHCP Packet Handler stopped
11-21 15:06:47.394 D/DhcpClient( 1186): onQuitting
11-21 15:06:47.400 D/QCNEJ/DefaultNetworkInfoRelay( 1907): Default network lost: 213
11-21 15:06:47.402 D/QCNEJ/NativeHalConnector( 1907): -> SND notifyDefaultNetworkChanged(1)
11-21 15:06:47.403 D/QCNEJ/WlanStaInfoRelay( 1907): network lost: 213
11-21 15:06:47.403 D/QCNEJ/WlanStaInfoRelay( 1907): onLost: unbind the process to WIFI
11-21 15:06:47.417 I/Nat464Xlat( 1186): Android Xlat is disabled
11-21 15:06:47.419 D/DeviceAuthService( 7777): Network lost
11-21 15:06:47.426 D/WifiMemoryStoreImpl( 1186): Set cluster Ga6eb8feabe7908d4 for Wa6eb8feabe7908d4: SUCCESS
11-21 15:06:47.417 I/Nat464Xlat( 1186): Android Xlat is disabled
11-21 15:06:47.433 D/ConnectivityService( 1186): Sending DISCONNECTED broadcast for type 1 [213 WIFI] isDefaultNetwork=true
11-21 15:06:47.438 E/StickerBundleDatabaseWorker( 2334): Failed to fetch sticker bundles:
11-21 15:06:47.438 E/StickerBundleDatabaseWorker( 2334): kotlinx.coroutines.JobCancellationException: Job was cancelled; job=JobImpl{Cancelling}@bc3d75f
11-21 15:06:47.440 D/SettingsSDK::SyncHelper( 2334): Read setting com.facebook.wearable.sdk.selfcare:SELFCARE_SERVICE_ENABLED from persistent cache
11-21 15:06:47.440 D/FacebookRepository( 2334): Reading from Store [906581286488774]
11-21 15:06:47.441 I/WM-WorkerWrapper( 2334): Work [ id=e596069b-4a6f-495d-b19d-a8669de7ea86, tags={ com.facebook.wearable.system.selfcare.sharing.StickerBundleDatabaseWorker } ] was cancelled
11-21 15:06:47.441 I/WM-WorkerWrapper( 2334): java.util.concurrent.CancellationException: Task was cancelled.
11-21 15:06:47.441 I/WM-WorkerWrapper( 2334): 	at androidx.work.impl.utils.futures.AbstractFuture.getDoneValue(:32)
11-21 15:06:47.441 I/WM-WorkerWrapper( 2334): 	at androidx.work.impl.utils.futures.AbstractFuture.get(:268435546)
11-21 15:06:47.441 I/WM-WorkerWrapper( 2334): 	at androidx.work.impl.WorkerWrapper$2.run(:3)
11-21 15:06:47.441 I/WM-WorkerWrapper( 2334): 	at androidx.work.impl.utils.SerialExecutor$Task.run(:2)
11-21 15:06:47.441 I/WM-WorkerWrapper( 2334): 	at java.util.concurrent.ThreadPoolExecutor.runWorker(ThreadPoolExecutor.java:1167)
11-21 15:06:47.441 I/WM-WorkerWrapper( 2334): 	at java.util.concurrent.ThreadPoolExecutor$Worker.run(ThreadPoolExecutor.java:641)
11-21 15:06:47.441 I/WM-WorkerWrapper( 2334): 	at java.lang.Thread.run(Thread.java:923)
11-21 15:06:47.447 D/ConnectivityService( 1186): NetReassign [44 : null → 101, 11 : null → 101, 63 : null → 101, 2885 : null → 101, 2235 : null → 101, 2877 : null → 101, 17 : null → 101, 25 : null → 101, 1438 : null → 101, 1 : null → 101, 2887 : null → 101, 8 : null → 101, 12 : null → 101, 14 : null → 101, 16 : null → 101, 22 : null → 101]
11-21 15:06:47.453 E/NetlinkEvent(  462): NetlinkEvent::FindParam(): Parameter 'INTERFACE' not found
11-21 15:06:47.453 E/NetlinkEvent(  462): NetlinkEvent::FindParam(): Parameter 'STATE' not found
11-21 15:06:47.453 E/NetlinkEvent(  462): NetlinkEvent::FindParam(): Parameter 'TIME_NS' not found
11-21 15:06:47.453 E/NetlinkEvent(  462): NetlinkEvent::FindParam(): Parameter 'UID' not found
11-21 15:06:47.477 D/ConnectivityService( 1186): Switching to new default network: NetworkAgentInfo{ ni{[type: MOBILE[LTE], state: CONNECTED/CONNECTED, reason: (unspecified), extra: enhancedphone, failover: false, available: true, roaming: false]}  network{101}  nethandle{437197393933}  lp{{InterfaceName: rmnet_data2 LinkAddresses: [ 10.55.48.101/30,2600:381:4804:c4b6:8cdc:8f0b:afe1:ec6b/64 ] DnsAddresses: [ /172.26.38.2,/fc00:a:a::400 ] Domains: null MTU: 1430 TcpBufferSizes: 2097152,4194304,8388608,262144,524288,1048576 Routes: [ 0.0.0.0/0 -> 10.55.48.102 rmnet_data2 mtu 1430,::/0 -> fe80::9db2:334d:2872:1e0a rmnet_data2 mtu 1430,10.55.48.100/30 -> 0.0.0.0 rmnet_data2 mtu 0,2600:381:4804:c4b6::/64 -> :: rmnet_data2 mtu 0 ]}}  nc{[ Transports: CELLULAR Capabilities: MMS&SUPL&FOTA&INTERNET&NOT_RESTRICTED&TRUSTED&NOT_VPN&VALIDATED&NOT_ROAMING&NOT_CONGESTED&NOT_SUSPENDED LinkUpBandwidth>=15000Kbps LinkDnBandwidth>=30000Kbps Specifier: <TelephonyNetworkSpecifier [mSubId = 1]> AdministratorUids: [] RequestorUid: -1 RequestorPackageName: null]}  Score{50}  everValidated{true}  lastValidated{true}  created{true} lingering{false} explicitlySelected{false} acceptUnvalidated{false} everCaptivePortalDetected{false} lastCaptivePortalDetected{false} partialConnectivity{false} acceptPartialConnectivity{false} clat{mBaseIface: null, mIface: null, mState: IDLE} }
11-21 15:06:47.482 E/WifiNative( 1186): Could not get Iface object for interface null
11-21 15:06:47.483 D/BluetoothAdapterService( 1710): Soft AP is on band: 1
11-21 15:06:47.483 D/WifiNetworkAgent( 1186): NetworkAgent: NetworkAgent channel lost
11-21 15:06:47.486 D/BluetoothVendorService( 1710): getPowerBackoff 
11-21 15:06:47.486 D/BluetoothAdapterService( 1710): android.net.wifi.WIFI_STATE_CHANGED
