11-20 12:35:10.407 I/LOWI-9.0.0.80( 1024): [LOWI-Scan] RSN_IE
11-20 12:35:10.407 D/LOWI-9.0.0.80( 1024): [LOWI-Scan] decode_rsn_wpa_ie: Entered
11-20 12:35:10.407 D/LOWI-9.0.0.80( 1024): [LOWIUtils] hexDump: msg(30 14 01 00 00 0f ac 04 01 00 00 0f ac 04 01 00 00 0f ac 02 )
11-20 12:35:10.407 D/LOWI-9.0.0.80( 1024): [LOWI-Scan] decode_rsn_wpa_ie: LOWI_ENCRYPTION_TYPE_WPA_PSK
11-20 12:35:10.407 D/LOWI-9.0.0.80( 1024): [LOWI-Scan] is_qcom_ie, bss_age: 46
11-20 12:35:10.407 D/LOWI-9.0.0.80( 1024): [LOWI-Scan] BSS 2c:57:41:86:7a:61 LOWI_PHY_MODE_11NG_HT20(5), Beacon Interval: 100, LOWI_ENCRYPTION_TYPE_WPA_PSK 11mcRanging: No, ANQP: No, LCI: No, Civic: No, capability(0x1411): ESS Privacy ShortSlotTime
11-20 12:35:10.407 D/LOWI-9.0.0.80( 1024): [LOWI-Scan] BSS 2c:57:41:86:7a:61 FREQ: 2412, cFreq1[40:80:160] = [0:0:0] cFreq2 = 0 Country Code = US
11-20 12:35:10.407 D/LOWI-9.0.0.80( 1024): [LOWI-Scan] BSS 2c:57:41:86:7a:61 (wlan0) ASSO: NO AddInfo: 0x0, TSF 0, 20:47:36.650, RSSI: -156, CPL: 3, AGE: 0,  SSID kittyhawk, TSFDelta: 0x0, TXRate: 0
11-20 12:35:10.408 D/LOWI-9.0.0.80( 1024): [LOWI-Scan] 
11-20 12:35:10.408 D/LOWI-9.0.0.80( 1024): [LOWI-Scan] print_bss_handler: Report Probe TSF 74856650778 as it greater than Beacon TSF 74651683970
11-20 12:35:10.408 I/LOWI-9.0.0.80( 1024): [LOWI-Scan] RSN_IE
11-20 12:35:10.408 D/LOWI-9.0.0.80( 1024): [LOWI-Scan] decode_rsn_wpa_ie: Entered
11-20 12:35:10.408 D/LOWI-9.0.0.80( 1024): [LOWIUtils] hexDump: msg(30 14 01 00 00 0f ac 04 01 00 00 0f ac 04 01 00 00 0f ac 02 )
11-20 12:35:10.408 D/LOWI-9.0.0.80( 1024): [LOWI-Scan] decode_rsn_wpa_ie: LOWI_ENCRYPTION_TYPE_WPA_PSK
11-20 12:35:10.408 D/LOWI-9.0.0.80( 1024): [LOWI-Scan] is_qcom_ie, bss_age: 6
11-20 12:35:10.408 D/LOWI-9.0.0.80( 1024): [LOWI-Scan] BSS 2c:57:41:86:85:21 LOWI_PHY_MODE_11NG_HT20(5), Beacon Interval: 100, LOWI_ENCRYPTION_TYPE_WPA_PSK 11mcRanging: No, ANQP: No, LCI: No, Civic: No, capability(0x1411): ESS Privacy ShortSlotTime
11-20 12:35:10.408 D/LOWI-9.0.0.80( 1024): [LOWI-Scan] BSS 2c:57:41:86:85:21 FREQ: 2462, cFreq1[40:80:160] = [0:0:0] cFreq2 = 0 Country Code = US
11-20 12:35:10.408 D/LOWI-9.0.0.80( 1024): [LOWI-Scan] BSS 2c:57:41:86:85:21 (wlan0) ASSO: NO AddInfo: 0x0, TSF 0, 20:47:36.650, RSSI: -164, CPL: 2, AGE: 0,  SSID kittyhawk, TSFDelta: 0x0, TXRate: 0
11-20 12:35:10.409 D/LOWI-9.0.0.80( 1024): [LOWI-Scan] 
11-20 12:35:10.409 D/LOWI-9.0.0.80( 1024): [LOWI-Scan] print_bss_handler: Report Probe TSF 74856650695 as it greater than Beacon TSF 0
11-20 12:35:10.409 I/LOWI-9.0.0.80( 1024): [LOWI-Scan] RSN_IE
11-20 12:35:10.409 D/LOWI-9.0.0.80( 1024): [LOWI-Scan] decode_rsn_wpa_ie: Entered
11-20 12:35:10.409 D/LOWI-9.0.0.80( 1024): [LOWIUtils] hexDump: msg(30 14 01 00 00 0f ac 04 01 00 00 0f ac 04 01 00 00 0f ac 02 )
11-20 12:35:10.409 D/LOWI-9.0.0.80( 1024): [LOWI-Scan] decode_rsn_wpa_ie: LOWI_ENCRYPTION_TYPE_WPA_PSK
11-20 12:35:10.409 D/LOWI-9.0.0.80( 1024): [LOWI-Scan] is_qcom_ie, bss_age: 46
11-20 12:35:10.409 D/LOWI-9.0.0.80( 1024): [LOWI-Scan] BSS 2c:57:41:89:53:21 LOWI_PHY_MODE_11NG_HT20(5), Beacon Interval: 100, LOWI_ENCRYPTION_TYPE_WPA_PSK 11mcRanging: No, ANQP: No, LCI: No, Civic: No, capability(0x1411): ESS Privacy ShortSlotTime
11-20 12:35:10.409 D/LOWI-9.0.0.80( 1024): [LOWI-Scan] BSS 2c:57:41:89:53:21 FREQ: 2412, cFreq1[40:80:160] = [0:0:0] cFreq2 = 0 Country Code = US
11-20 12:35:10.409 D/LOWI-9.0.0.80( 1024): [LOWI-Scan] BSS 2c:57:41:89:53:21 (wlan0) ASSO: NO AddInfo: 0x0, TSF 0, 20:47:36.650, RSSI: -160, CPL: 3, AGE: 0,  SSID kittyhawk, TSFDelta: 0x0, TXRate: 0
11-20 12:35:10.410 D/LOWI-9.0.0.80( 1024): [LOWI-Scan] 
11-20 12:35:10.410 D/LOWI-9.0.0.80( 1024): [LOWI-Scan] print_bss_handler: Report beacon TSF 74856650738 as it greater than probe TSF 74827391986
11-20 12:35:10.410 I/LOWI-9.0.0.80( 1024): [LOWI-Scan] RSN_IE
11-20 12:35:10.410 D/LOWI-9.0.0.80( 1024): [LOWI-Scan] decode_rsn_wpa_ie: Entered
11-20 12:35:10.410 D/LOWI-9.0.0.80( 1024): [LOWIUtils] hexDump: msg(30 14 01 00 00 0f ac 04 01 00 00 0f ac 04 01 00 00 0f ac 02 )
11-20 12:35:10.410 D/LOWI-9.0.0.80( 1024): [LOWI-Scan] decode_rsn_wpa_ie: LOWI_ENCRYPTION_TYPE_WPA_PSK
11-20 12:35:10.410 D/LOWI-9.0.0.80( 1024): [LOWI-Scan] is_qcom_ie, bss_age: 3
11-20 12:35:10.410 D/LOWI-9.0.0.80( 1024): [LOWI-Scan] BSS 18:64:72:60:2e:e0 LOWI_PHY_MODE_11NG_HT20(5), Beacon Interval: 100, LOWI_ENCRYPTION_TYPE_WPA_PSK 11mcRanging: No, ANQP: No, LCI: No, Civic: No, capability(0x0431): ESS Privacy ShortPreamble ShortSlotTime
11-20 12:35:10.410 D/LOWI-9.0.0.80( 1024): [LOWI-Scan] BSS 18:64:72:60:2e:e0 FREQ: 2462, cFreq1[40:80:160] = [0:0:0] cFreq2 = 0 Country Code =    
11-20 12:35:10.410 D/LOWI-9.0.0.80( 1024): [LOWI-Scan] BSS 18:64:72:60:2e:e0 (wlan0) ASSO: NO AddInfo: 0x1, TSF 0, 20:47:36.650, RSSI: -158, CPL: 127, AGE: 0,  SSID lab-t24103779, TSFDelta: 0x0, TXRate: 0
11-20 12:35:10.414 D/PasspointManager( 1194): ANQP entry not found for: 5e:6e:be:46:77:d7:<Pixel_R3>
11-20 12:35:10.415 D/PasspointManager( 1194): ANQP entry not found for: 12:d7:96:61:85:9f:<Pixel_R5>
11-20 12:35:10.415 D/PasspointManager( 1194): ANQP entry not found for: ce:dc:12:3b:87:fd:<Pixel5_R1>
11-20 12:35:10.416 D/PasspointManager( 1194): ANQP entry not found for: fe:2d:5a:49:61:eb:<Pixel_R2>
11-20 12:35:10.416 D/LOWI-9.0.0.80( 1024): [LOWI-Scan] 
11-20 12:35:10.416 D/LOWI-9.0.0.80( 1024): [LOWI-Scan] print_bss_handler: Report Probe TSF 74856650469 as it greater than Beacon TSF 0
11-20 12:35:10.416 I/LOWI-9.0.0.80( 1024): [LOWI-Scan] RSN_IE
11-20 12:35:10.416 D/LOWI-9.0.0.80( 1024): [LOWI-Scan] decode_rsn_wpa_ie: Entered
11-20 12:35:10.416 D/LOWI-9.0.0.80( 1024): [LOWIUtils] hexDump: msg(30 14 01 00 00 0f ac 04 01 00 00 0f ac 04 01 00 00 0f ac 02 )
11-20 12:35:10.416 D/LOWI-9.0.0.80( 1024): [LOWI-Scan] decode_rsn_wpa_ie: LOWI_ENCRYPTION_TYPE_WPA_PSK
11-20 12:35:10.416 D/LOWI-9.0.0.80( 1024): [LOWI-Scan] is_qcom_ie, bss_age: 45
11-20 12:35:10.417 D/LOWI-9.0.0.80( 1024): [LOWI-Scan] BSS 18:64:72:60:2b:40 LOWI_PHY_MODE_11NG_HT20(5), Beacon Interval: 100, LOWI_ENCRYPTION_TYPE_WPA_PSK 11mcRanging: No, ANQP: No, LCI: No, Civic: No, capability(0x0431): ESS Privacy ShortPreamble ShortSlotTime
11-20 12:35:10.417 D/LOWI-9.0.0.80( 1024): [LOWI-Scan] BSS 18:64:72:60:2b:40 FREQ: 2412, cFreq1[40:80:160] = [0:0:0] cFreq2 = 0 Country Code =    
11-20 12:35:10.417 D/LOWI-9.0.0.80( 1024): [LOWI-Scan] BSS 18:64:72:60:2b:40 (wlan0) ASSO: NO AddInfo: 0x0, TSF 0, 20:47:36.650, RSSI: -140, CPL: 127, AGE: 0,  SSID lab-t24103779, TSFDelta: 0x0, TXRate: 0
11-20 12:35:10.417 D/LOWI-9.0.0.80( 1024): [LOWIDiagLog] Log: lowiMeasResult->request: invalid null argument
11-20 12:35:10.417 I/LOWI-9.0.0.80( 1024): [LOWI-Scan] lowi_close_record:Scan done in 74812900ms, 19 APs in scan results
11-20 12:35:10.417 D/LOWI-9.0.0.80( 1024): [LOWI-Scan] WipsScanUsingNL: passive scan cached 0, took 9760 ms, err 0
11-20 12:35:10.417 D/LOWI-9.0.0.80( 1024): [LOWI-Scan] lowi_proc_req_passive_scan_with_live_meas - No WLAN Frames to be parsed
11-20 12:35:10.417 D/LOWI-9.0.0.80( 1024): [LOWIScanResultReceiver] Send scan meas to listener
11-20 12:35:10.417 D/LOWI-9.0.0.80( 1024): [LOWIScanResultReceiver] Enter passive listening mode
11-20 12:35:10.417 D/LOWI-9.0.0.80( 1024): [LOWIWifiDriverInterface] getMeasurements - Passive listening mode
11-20 12:35:10.417 D/LOWI-9.0.0.80( 1024): [LOWI-Scan] WipsScanUsingNL:wait -1 sec for netlink message
11-20 12:35:10.417 D/LOWI-9.0.0.80( 1024): [LOWIEventReceiver] handleEvent:FROM:NA, TO:NA, REQ:NA, IREQ:NA, REQ_ID:0, RESP:NA, INFO:NA
11-20 12:35:10.417 D/LOWI-9.0.0.80( 1024): [LOWIBackgroundScanMgr] isRspForBgScanMgr: evt(LOWI_NO_EVT) - not handled
11-20 12:35:10.417 D/LOWI-9.0.0.80( 1024): [LOWIScheduler] manageMsg: NULL results or NULL request in results
11-20 12:35:10.417 D/LOWI-9.0.0.80( 1024): [LOWIController] Measurements received
11-20 12:35:10.417 D/LOWI-9.0.0.80( 1024): [LOWICacheManager] putInCache:Num of Meas to add: 19
11-20 12:35:10.419 D/LOWI-9.0.0.80( 1024): [LOWIController] processMeasurementResults: No current Request. Cache measurements
11-20 12:35:10.419 D/LOWI-9.0.0.80( 1024): [LOWIControllerExtn] sendLOWILpDiscoveryScanResponse: Not a discovery scan response
11-20 12:35:10.466 D/WifiSharingService( 2841): Sending scanResults intent with status code 0: PendingIntent{6ca8b7c: android.os.BinderProxy@f0906c1}
11-20 12:35:10.471 D/CompatibilityInfo( 1194): mCompatibilityFlags - 4
11-20 12:35:10.471 D/CompatibilityInfo( 1194): applicationDensity - 320
11-20 12:35:10.471 D/CompatibilityInfo( 1194): applicationScale - 1.0
11-20 12:35:10.515 I/chatty  ( 2351): uid=10060(com.facebook.wearable.system.selfcare) pool-3-thread-1 expire 1 line
11-20 12:35:10.669 I/chatty  ( 2351): uid=10060(com.facebook.wearable.system.selfcare) MainTP_656 expire 2 lines
11-20 12:35:10.669 I/chatty  ( 2351): uid=10060(com.facebook.wearable.system.selfcare) pool-3-thread-1 expire 2 lines
11-20 12:35:10.972 I/chatty  ( 2351): uid=10060(com.facebook.wearable.system.selfcare) MainTP_656 expire 1 line
11-20 12:35:10.972 I/chatty  ( 2351): uid=10060(com.facebook.wearable.system.selfcare) pool-3-thread-1 expire 1 line
11-20 12:35:11.131 E/StickerBundleDatabaseWorker( 2351): Failed to fetch sticker bundles:
11-20 12:35:11.131 E/StickerBundleDatabaseWorker( 2351): kotlinx.coroutines.JobCancellationException: Job was cancelled; job=JobImpl{Cancelling}@2aa155a
11-20 12:35:11.131 I/WM-WorkerWrapper( 2351): Work [ id=731e9e35-e8c2-49b1-b246-986e05f06ab6, tags={ com.facebook.wearable.system.selfcare.sharing.StickerBundleDatabaseWorker } ] was cancelled
11-20 12:35:11.131 I/WM-WorkerWrapper( 2351): java.util.concurrent.CancellationException: Task was cancelled.
11-20 12:35:11.131 I/WM-WorkerWrapper( 2351): 	at androidx.work.impl.utils.futures.AbstractFuture.getDoneValue(:32)
11-20 12:35:11.131 I/WM-WorkerWrapper( 2351): 	at androidx.work.impl.utils.futures.AbstractFuture.get(:268435546)
11-20 12:35:11.131 I/WM-WorkerWrapper( 2351): 	at androidx.work.impl.WorkerWrapper$2.run(:3)
11-20 12:35:11.131 I/WM-WorkerWrapper( 2351): 	at androidx.work.impl.utils.SerialExecutor$Task.run(:2)
11-20 12:35:11.131 I/WM-WorkerWrapper( 2351): 	at java.util.concurrent.ThreadPoolExecutor.runWorker(ThreadPoolExecutor.java:1167)
11-20 12:35:11.131 I/WM-WorkerWrapper( 2351): 	at java.util.concurrent.ThreadPoolExecutor$Worker.run(ThreadPoolExecutor.java:641)
11-20 12:35:11.131 I/WM-WorkerWrapper( 2351): 	at java.lang.Thread.run(Thread.java:923)
11-20 12:35:11.300 E/StickerBundleDatabaseWorker( 2351): Failed to fetch sticker bundles:
11-20 12:35:11.300 E/StickerBundleDatabaseWorker( 2351): kotlinx.coroutines.JobCancellationException: Job was cancelled; job=JobImpl{Cancelling}@e277714
11-20 12:35:11.300 I/WM-WorkerWrapper( 2351): Work [ id=731e9e35-e8c2-49b1-b246-986e05f06ab6, tags={ com.facebook.wearable.system.selfcare.sharing.StickerBundleDatabaseWorker } ] was cancelled
11-20 12:35:11.300 I/WM-WorkerWrapper( 2351): java.util.concurrent.CancellationException: Task was cancelled.
11-20 12:35:11.300 I/WM-WorkerWrapper( 2351): 	at androidx.work.impl.utils.futures.AbstractFuture.getDoneValue(:32)
11-20 12:35:11.300 I/WM-WorkerWrapper( 2351): 	at androidx.work.impl.utils.futures.AbstractFuture.get(:268435546)
11-20 12:35:11.300 I/WM-WorkerWrapper( 2351): 	at androidx.work.impl.WorkerWrapper$2.run(:3)
11-20 12:35:11.300 I/WM-WorkerWrapper( 2351): 	at androidx.work.impl.utils.SerialExecutor$Task.run(:2)
11-20 12:35:11.300 I/WM-WorkerWrapper( 2351): 	at java.util.concurrent.ThreadPoolExecutor.runWorker(ThreadPoolExecutor.java:1167)
11-20 12:35:11.300 I/WM-WorkerWrapper( 2351): 	at java.util.concurrent.ThreadPoolExecutor$Worker.run(ThreadPoolExecutor.java:641)
11-20 12:35:11.300 I/WM-WorkerWrapper( 2351): 	at java.lang.Thread.run(Thread.java:923)
11-20 12:35:11.460 E/StickerBundleDatabaseWorker( 2351): Failed to fetch sticker bundles:
11-20 12:35:11.460 E/StickerBundleDatabaseWorker( 2351): kotlinx.coroutines.JobCancellationException: Job was cancelled; job=JobImpl{Cancelling}@62396b9
11-20 12:35:11.460 I/WM-WorkerWrapper( 2351): Work [ id=731e9e35-e8c2-49b1-b246-986e05f06ab6, tags={ com.facebook.wearable.system.selfcare.sharing.StickerBundleDatabaseWorker } ] was cancelled
11-20 12:35:11.460 I/WM-WorkerWrapper( 2351): java.util.concurrent.CancellationException: Task was cancelled.
11-20 12:35:11.460 I/WM-WorkerWrapper( 2351): 	at androidx.work.impl.utils.futures.AbstractFuture.getDoneValue(:32)
11-20 12:35:11.460 I/WM-WorkerWrapper( 2351): 	at androidx.work.impl.utils.futures.AbstractFuture.get(:268435546)
11-20 12:35:11.460 I/WM-WorkerWrapper( 2351): 	at androidx.work.impl.WorkerWrapper$2.run(:3)
11-20 12:35:11.460 I/WM-WorkerWrapper( 2351): 	at androidx.work.impl.utils.SerialExecutor$Task.run(:2)
11-20 12:35:11.460 I/WM-WorkerWrapper( 2351): 	at java.util.concurrent.ThreadPoolExecutor.runWorker(ThreadPoolExecutor.java:1167)
11-20 12:35:11.460 I/WM-WorkerWrapper( 2351): 	at java.util.concurrent.ThreadPoolExecutor$Worker.run(ThreadPoolExecutor.java:641)
11-20 12:35:11.460 I/WM-WorkerWrapper( 2351): 	at java.lang.Thread.run(Thread.java:923)
11-20 12:35:11.600 E/StickerBundleDatabaseWorker( 2351): Failed to fetch sticker bundles:
11-20 12:35:11.600 E/StickerBundleDatabaseWorker( 2351): kotlinx.coroutines.JobCancellationException: Job was cancelled; job=JobImpl{Cancelling}@3e2890a
11-20 12:35:11.600 I/WM-WorkerWrapper( 2351): Work [ id=731e9e35-e8c2-49b1-b246-986e05f06ab6, tags={ com.facebook.wearable.system.selfcare.sharing.StickerBundleDatabaseWorker } ] was cancelled
11-20 12:35:11.600 I/WM-WorkerWrapper( 2351): java.util.concurrent.CancellationException: Task was cancelled.
11-20 12:35:11.600 I/WM-WorkerWrapper( 2351): 	at androidx.work.impl.utils.futures.AbstractFuture.getDoneValue(:32)
11-20 12:35:11.600 I/WM-WorkerWrapper( 2351): 	at androidx.work.impl.utils.futures.AbstractFuture.get(:268435546)
11-20 12:35:11.600 I/WM-WorkerWrapper( 2351): 	at androidx.work.impl.WorkerWrapper$2.run(:3)
11-20 12:35:11.600 I/WM-WorkerWrapper( 2351): 	at androidx.work.impl.utils.SerialExecutor$Task.run(:2)
11-20 12:35:11.600 I/WM-WorkerWrapper( 2351): 	at java.util.concurrent.ThreadPoolExecutor.runWorker(ThreadPoolExecutor.java:1167)
11-20 12:35:11.600 I/WM-WorkerWrapper( 2351): 	at java.util.concurrent.ThreadPoolExecutor$Worker.run(ThreadPoolExecutor.java:641)
11-20 12:35:11.600 I/WM-WorkerWrapper( 2351): 	at java.lang.Thread.run(Thread.java:923)
11-20 12:35:11.756 E/StickerBundleDatabaseWorker( 2351): Failed to fetch sticker bundles:
11-20 12:35:11.756 E/StickerBundleDatabaseWorker( 2351): kotlinx.coroutines.JobCancellationException: Job was cancelled; job=JobImpl{Cancelling}@e7a0e57
11-20 12:35:11.756 I/WM-WorkerWrapper( 2351): Work [ id=731e9e35-e8c2-49b1-b246-986e05f06ab6, tags={ com.facebook.wearable.system.selfcare.sharing.StickerBundleDatabaseWorker } ] was cancelled
11-20 12:35:11.756 I/WM-WorkerWrapper( 2351): java.util.concurrent.CancellationException: Task was cancelled.
11-20 12:35:11.756 I/WM-WorkerWrapper( 2351): 	at androidx.work.impl.utils.futures.AbstractFuture.getDoneValue(:32)
11-20 12:35:11.756 I/WM-WorkerWrapper( 2351): 	at androidx.work.impl.utils.futures.AbstractFuture.get(:268435546)
11-20 12:35:11.756 I/WM-WorkerWrapper( 2351): 	at androidx.work.impl.WorkerWrapper$2.run(:3)
11-20 12:35:11.756 I/WM-WorkerWrapper( 2351): 	at androidx.work.impl.utils.SerialExecutor$Task.run(:2)
11-20 12:35:11.756 I/WM-WorkerWrapper( 2351): 	at java.util.concurrent.ThreadPoolExecutor.runWorker(ThreadPoolExecutor.java:1167)
11-20 12:35:11.756 I/WM-WorkerWrapper( 2351): 	at java.util.concurrent.ThreadPoolExecutor$Worker.run(ThreadPoolExecutor.java:641)
11-20 12:35:11.756 I/WM-WorkerWrapper( 2351): 	at java.lang.Thread.run(Thread.java:923)
11-20 12:35:11.910 E/StickerBundleDatabaseWorker( 2351): Failed to fetch sticker bundles:
11-20 12:35:11.910 E/StickerBundleDatabaseWorker( 2351): kotlinx.coroutines.JobCancellationException: Job was cancelled; job=JobImpl{Cancelling}@67f79b0
11-20 12:35:11.910 I/WM-WorkerWrapper( 2351): Work [ id=731e9e35-e8c2-49b1-b246-986e05f06ab6, tags={ com.facebook.wearable.system.selfcare.sharing.StickerBundleDatabaseWorker } ] was cancelled
11-20 12:35:11.910 I/WM-WorkerWrapper( 2351): java.util.concurrent.CancellationException: Task was cancelled.
11-20 12:35:11.910 I/WM-WorkerWrapper( 2351): 	at androidx.work.impl.utils.futures.AbstractFuture.getDoneValue(:32)
11-20 12:35:11.910 I/WM-WorkerWrapper( 2351): 	at androidx.work.impl.utils.futures.AbstractFuture.get(:268435546)
11-20 12:35:11.910 I/WM-WorkerWrapper( 2351): 	at androidx.work.impl.WorkerWrapper$2.run(:3)
11-20 12:35:11.910 I/WM-WorkerWrapper( 2351): 	at androidx.work.impl.utils.SerialExecutor$Task.run(:2)
11-20 12:35:11.910 I/WM-WorkerWrapper( 2351): 	at java.util.concurrent.ThreadPoolExecutor.runWorker(ThreadPoolExecutor.java:1167)
11-20 12:35:11.910 I/WM-WorkerWrapper( 2351): 	at java.util.concurrent.ThreadPoolExecutor$Worker.run(ThreadPoolExecutor.java:641)
11-20 12:35:11.910 I/WM-WorkerWrapper( 2351): 	at java.lang.Thread.run(Thread.java:923)
11-20 12:35:12.061 E/StickerBundleDatabaseWorker( 2351): Failed to fetch sticker bundles:
11-20 12:35:12.061 E/StickerBundleDatabaseWorker( 2351): kotlinx.coroutines.JobCancellationException: Job was cancelled; job=JobImpl{Cancelling}@c5a80dc
11-20 12:35:12.061 I/WM-WorkerWrapper( 2351): Work [ id=731e9e35-e8c2-49b1-b246-986e05f06ab6, tags={ com.facebook.wearable.system.selfcare.sharing.StickerBundleDatabaseWorker } ] was cancelled
11-20 12:35:12.061 I/WM-WorkerWrapper( 2351): java.util.concurrent.CancellationException: Task was cancelled.
11-20 12:35:12.061 I/WM-WorkerWrapper( 2351): 	at androidx.work.impl.utils.futures.AbstractFuture.getDoneValue(:32)
11-20 12:35:12.061 I/WM-WorkerWrapper( 2351): 	at androidx.work.impl.utils.futures.AbstractFuture.get(:268435546)
11-20 12:35:12.061 I/WM-WorkerWrapper( 2351): 	at androidx.work.impl.WorkerWrapper$2.run(:3)
11-20 12:35:12.061 I/WM-WorkerWrapper( 2351): 	at androidx.work.impl.utils.SerialExecutor$Task.run(:2)
11-20 12:35:12.061 I/WM-WorkerWrapper( 2351): 	at java.util.concurrent.ThreadPoolExecutor.runWorker(ThreadPoolExecutor.java:1167)
11-20 12:35:12.061 I/WM-WorkerWrapper( 2351): 	at java.util.concurrent.ThreadPoolExecutor$Worker.run(ThreadPoolExecutor.java:641)
11-20 12:35:12.061 I/WM-WorkerWrapper( 2351): 	at java.lang.Thread.run(Thread.java:923)
11-20 12:35:12.180 E/StickerBundleDatabaseWorker( 2351): Failed to fetch sticker bundles:
11-20 12:35:12.180 E/StickerBundleDatabaseWorker( 2351): kotlinx.coroutines.JobCancellationException: Job was cancelled; job=JobImpl{Cancelling}@9013686
11-20 12:35:12.180 I/WM-WorkerWrapper( 2351): Work [ id=731e9e35-e8c2-49b1-b246-986e05f06ab6, tags={ com.facebook.wearable.system.selfcare.sharing.StickerBundleDatabaseWorker } ] was cancelled
11-20 12:35:12.180 I/WM-WorkerWrapper( 2351): java.util.concurrent.CancellationException: Task was cancelled.
11-20 12:35:12.180 I/WM-WorkerWrapper( 2351): 	at androidx.work.impl.utils.futures.AbstractFuture.getDoneValue(:32)
11-20 12:35:12.180 I/WM-WorkerWrapper( 2351): 	at androidx.work.impl.utils.futures.AbstractFuture.get(:268435546)
11-20 12:35:12.180 I/WM-WorkerWrapper( 2351): 	at androidx.work.impl.WorkerWrapper$2.run(:3)
11-20 12:35:12.180 I/WM-WorkerWrapper( 2351): 	at androidx.work.impl.utils.SerialExecutor$Task.run(:2)
11-20 12:35:12.180 I/WM-WorkerWrapper( 2351): 	at java.util.concurrent.ThreadPoolExecutor.runWorker(ThreadPoolExecutor.java:1167)
11-20 12:35:12.180 I/WM-WorkerWrapper( 2351): 	at java.util.concurrent.ThreadPoolExecutor$Worker.run(ThreadPoolExecutor.java:641)
11-20 12:35:12.180 I/WM-WorkerWrapper( 2351): 	at java.lang.Thread.run(Thread.java:923)
11-20 12:35:12.338 E/StickerBundleDatabaseWorker( 2351): Failed to fetch sticker bundles:
11-20 12:35:12.338 E/StickerBundleDatabaseWorker( 2351): kotlinx.coroutines.JobCancellationException: Job was cancelled; job=JobImpl{Cancelling}@69044e3
11-20 12:35:12.338 I/WM-WorkerWrapper( 2351): Work [ id=731e9e35-e8c2-49b1-b246-986e05f06ab6, tags={ com.facebook.wearable.system.selfcare.sharing.StickerBundleDatabaseWorker } ] was cancelled
11-20 12:35:12.338 I/WM-WorkerWrapper( 2351): java.util.concurrent.CancellationException: Task was cancelled.
11-20 12:35:12.338 I/WM-WorkerWrapper( 2351): 	at androidx.work.impl.utils.futures.AbstractFuture.getDoneValue(:32)
11-20 12:35:12.338 I/WM-WorkerWrapper( 2351): 	at androidx.work.impl.utils.futures.AbstractFuture.get(:268435546)
11-20 12:35:12.338 I/WM-WorkerWrapper( 2351): 	at androidx.work.impl.WorkerWrapper$2.run(:3)
11-20 12:35:12.338 I/WM-WorkerWrapper( 2351): 	at androidx.work.impl.utils.SerialExecutor$Task.run(:2)
11-20 12:35:12.338 I/WM-WorkerWrapper( 2351): 	at java.util.concurrent.ThreadPoolExecutor.runWorker(ThreadPoolExecutor.java:1167)
11-20 12:35:12.338 I/WM-WorkerWrapper( 2351): 	at java.util.concurrent.ThreadPoolExecutor$Worker.run(ThreadPoolExecutor.java:641)
11-20 12:35:12.338 I/WM-WorkerWrapper( 2351): 	at java.lang.Thread.run(Thread.java:923)
11-20 12:35:12.485 E/StickerBundleDatabaseWorker( 2351): Failed to fetch sticker bundles:
11-20 12:35:12.485 E/StickerBundleDatabaseWorker( 2351): kotlinx.coroutines.JobCancellationException: Job was cancelled; job=JobImpl{Cancelling}@52dd90c
11-20 12:35:12.485 I/WM-WorkerWrapper( 2351): Work [ id=731e9e35-e8c2-49b1-b246-986e05f06ab6, tags={ com.facebook.wearable.system.selfcare.sharing.StickerBundleDatabaseWorker } ] was cancelled
11-20 12:35:12.485 I/WM-WorkerWrapper( 2351): java.util.concurrent.CancellationException: Task was cancelled.
11-20 12:35:12.485 I/WM-WorkerWrapper( 2351): 	at androidx.work.impl.utils.futures.AbstractFuture.getDoneValue(:32)
11-20 12:35:12.485 I/WM-WorkerWrapper( 2351): 	at androidx.work.impl.utils.futures.AbstractFuture.get(:268435546)
11-20 12:35:12.485 I/WM-WorkerWrapper( 2351): 	at androidx.work.impl.WorkerWrapper$2.run(:3)
11-20 12:35:12.485 I/WM-WorkerWrapper( 2351): 	at androidx.work.impl.utils.SerialExecutor$Task.run(:2)
11-20 12:35:12.485 I/WM-WorkerWrapper( 2351): 	at java.util.concurrent.ThreadPoolExecutor.runWorker(ThreadPoolExecutor.java:1167)
11-20 12:35:12.485 I/WM-WorkerWrapper( 2351): 	at java.util.concurrent.ThreadPoolExecutor$Worker.run(ThreadPoolExecutor.java:641)
11-20 12:35:12.485 I/WM-WorkerWrapper( 2351): 	at java.lang.Thread.run(Thread.java:923)
11-20 12:35:12.647 E/StickerBundleDatabaseWorker( 2351): Failed to fetch sticker bundles:
11-20 12:35:12.647 E/StickerBundleDatabaseWorker( 2351): kotlinx.coroutines.JobCancellationException: Job was cancelled; job=JobImpl{Cancelling}@32eaed1
11-20 12:35:12.647 I/WM-WorkerWrapper( 2351): Work [ id=731e9e35-e8c2-49b1-b246-986e05f06ab6, tags={ com.facebook.wearable.system.selfcare.sharing.StickerBundleDatabaseWorker } ] was cancelled
11-20 12:35:12.647 I/WM-WorkerWrapper( 2351): java.util.concurrent.CancellationException: Task was cancelled.
11-20 12:35:12.647 I/WM-WorkerWrapper( 2351): 	at androidx.work.impl.utils.futures.AbstractFuture.getDoneValue(:32)
11-20 12:35:12.647 I/WM-WorkerWrapper( 2351): 	at androidx.work.impl.utils.futures.AbstractFuture.get(:268435546)
11-20 12:35:12.647 I/WM-WorkerWrapper( 2351): 	at androidx.work.impl.WorkerWrapper$2.run(:3)
11-20 12:35:12.647 I/WM-WorkerWrapper( 2351): 	at androidx.work.impl.utils.SerialExecutor$Task.run(:2)
11-20 12:35:12.647 I/WM-WorkerWrapper( 2351): 	at java.util.concurrent.ThreadPoolExecutor.runWorker(ThreadPoolExecutor.java:1167)
11-20 12:35:12.647 I/WM-WorkerWrapper( 2351): 	at java.util.concurrent.ThreadPoolExecutor$Worker.run(ThreadPoolExecutor.java:641)
11-20 12:35:12.647 I/WM-WorkerWrapper( 2351): 	at java.lang.Thread.run(Thread.java:923)
11-20 12:35:12.745 D/mcu_health_checker( 1118): Sent MCU Health Request
11-20 12:35:12.746 D/commandrouter( 1117): SocServiceHandle::onServiceMessage, SoC Service = mcu_healthcheck_1118, appType = 1, type = SVC_REQ, clientId = 0, token = 2493, payloadLen = 12, result = 0, payload.size() = 12
11-20 12:35:12.749 D/commandrouter( 1117): mcu_healthcheck_1118 (1, merlot:mcu_health:control): <ServiceResponse> FORWARDED (remote -> local) CR token ID = 2493, service client ID = 40, token ID = 44716, result = 0
11-20 12:35:12.750 D/mcu_health_checker( 1118): MCU Health Response: MCU_OK
11-20 12:35:12.750 D/mcu_health_checker( 1118): MCU Session 0, uptime = 74825543 ms
11-20 12:35:12.750 D/mculinkhealth( 1118): isMcuReachable 1 (4 ms)
11-20 12:35:12.790 D/mcu_health_checker(  946): Sent MCU Health Request
11-20 12:35:12.791 D/commandrouter( 1117): SocServiceHandle::onServiceMessage, SoC Service = mcu_healthcheck_946, appType = 1, type = SVC_REQ, clientId = 0, token = 1246, payloadLen = 20, result = 0, payload.size() = 20
11-20 12:35:12.794 D/commandrouter( 1117): mcu_healthcheck_946 (1, merlot:mcu_health:control): <ServiceResponse> FORWARDED (remote -> local) CR token ID = 1246, service client ID = 6, token ID = 44717, result = 0
11-20 12:35:12.794 D/mcu_health_checker(  946): MCU Health Response: MCU_OK
11-20 12:35:12.794 D/mcu_health_checker(  946): MCU Session 0, uptime = 74825587 ms
11-20 12:35:12.794 D/mcu_health_checker(  946): mSensorErrs[0]: 0
11-20 12:35:12.794 D/mcu_health_checker(  946): mSensorErrs[1]: 0
11-20 12:35:12.794 D/mcu_health_checker(  946): mSensorErrs[2]: 0
11-20 12:35:12.801 D/UIAutomatorStub(26556): URI: /jsonrpc/0, Method: POST, Header: {content-length=229, remote-addr=127.0.0.1, http-client-ip=127.0.0.1, host=localhost:9010, content-type=application/json, accept-encoding=identity}, params, {NanoHttpd.QUERY_STRING=null}, files: {postData={"jsonrpc": "2.0", "method": "objInfo", "id": "9d3133fa17de44cc034dd3835a6db6a5", "params": [{"mask": 2097152, "childOrSibling": [], "childOrSiblingSelector": [], "resourceId": "com.facebook.wearable.system.settings:id/toggle"}]}}
11-20 12:35:12.803 E/StickerBundleDatabaseWorker( 2351): Failed to fetch sticker bundles:
11-20 12:35:12.803 E/StickerBundleDatabaseWorker( 2351): kotlinx.coroutines.JobCancellationException: Job was cancelled; job=JobImpl{Cancelling}@d6606c2
11-20 12:35:12.803 I/WM-WorkerWrapper( 2351): Work [ id=731e9e35-e8c2-49b1-b246-986e05f06ab6, tags={ com.facebook.wearable.system.selfcare.sharing.StickerBundleDatabaseWorker } ] was cancelled
11-20 12:35:12.803 I/WM-WorkerWrapper( 2351): java.util.concurrent.CancellationException: Task was cancelled.
11-20 12:35:12.803 I/WM-WorkerWrapper( 2351): 	at androidx.work.impl.utils.futures.AbstractFuture.getDoneValue(:32)
11-20 12:35:12.803 I/WM-WorkerWrapper( 2351): 	at androidx.work.impl.utils.futures.AbstractFuture.get(:268435546)
11-20 12:35:12.803 I/WM-WorkerWrapper( 2351): 	at androidx.work.impl.WorkerWrapper$2.run(:3)
11-20 12:35:12.803 I/WM-WorkerWrapper( 2351): 	at androidx.work.impl.utils.SerialExecutor$Task.run(:2)
11-20 12:35:12.803 I/WM-WorkerWrapper( 2351): 	at java.util.concurrent.ThreadPoolExecutor.runWorker(ThreadPoolExecutor.java:1167)
11-20 12:35:12.803 I/WM-WorkerWrapper( 2351): 	at java.util.concurrent.ThreadPoolExecutor$Worker.run(ThreadPoolExecutor.java:641)
11-20 12:35:12.803 I/WM-WorkerWrapper( 2351): 	at java.lang.Thread.run(Thread.java:923)
11-20 12:35:12.896 D/UIAutomatorStub(26556): URI: /jsonrpc/0, Method: POST, Header: {content-length=227, remote-addr=127.0.0.1, http-client-ip=127.0.0.1, host=localhost:9010, content-type=application/json, accept-encoding=identity}, params, {NanoHttpd.QUERY_STRING=null}, files: {postData={"jsonrpc": "2.0", "method": "click", "id": "7096cd054a92594141f4a0bc5463bb62", "params": [{"mask": 2097152, "childOrSibling": [], "childOrSiblingSelector": [], "resourceId": "com.facebook.wearable.system.settings:id/toggle"}]}}
11-20 12:35:12.946 D/WifiSharingService( 2841): Setting Wi-Fi enabled state
11-20 12:35:12.946 I/WifiService( 1194): setWifiEnabled package=com.facebook.wearable.system.connectivity uid=1000 enable=false
11-20 12:35:12.950 D/QCNEJ/WlanStaInfoRelay( 1900): onChange for uri = content://settings/global/wifi_on
11-20 12:35:12.952 D/WifiActiveModeWarden( 1194): Switching all client mode managers
11-20 12:35:12.957 E/QMI_FW  (  927): qmi_cci_get_ref: ref count increased 2
11-20 12:35:12.968 D/WifiP2pService( 1194): Wifi enabled=false, P2P Interface availability=true
11-20 12:35:12.969 D/WifiP2pService( 1194): Wifi enabled=false, P2P Interface availability=true
11-20 12:35:12.973 D/WifiClientModeManager1( 1194): IMS not registered over IWLAN for subId: 1
11-20 12:35:12.973 D/WifiClientModeManager1( 1194): The target role 5
11-20 12:35:12.976 D/ConnectivityService( 1194): handleLingerComplete for [100 CELLULAR]
11-20 12:35:12.977 D/WifiP2pNative( 1194): Teardown P2P interface
11-20 12:35:12.979 W/MqttClient( 2665): connection/disconnecting; reason=READ_SOCKET, operation=NETWORK_THREAD_LOOP
11-20 12:35:12.979 W/System.err( 2665): DEBUG: com.whatsapp.net.tls13.WtSocketWrapper.sendAlertAndShutdown(:86) : Sending Alert : type : WARNING description : close_notify(0) exception : 
11-20 12:35:12.983 W/ContextImpl( 1194): Calling a method in the system process without a qualified user: android.app.ContextImpl.sendBroadcastMultiplePermissions:1143 android.content.Context.sendBroadcastWithMultiplePermissions:2150 com.android.server.display.WifiDisplayAdapter.handleSendStatusChangeBroadcast:440 com.android.server.display.WifiDisplayAdapter.access$1700:63 com.android.server.display.WifiDisplayAdapter$WifiDisplayHandler.handleMessage:675 
11-20 12:35:12.983 I/WM-WorkerWrapper( 2351): Work [ id=731e9e35-e8c2-49b1-b246-986e05f06ab6, tags={ com.facebook.wearable.system.selfcare.sharing.StickerBundleDatabaseWorker } ] was cancelled
11-20 12:35:12.983 I/WM-WorkerWrapper( 2351): java.util.concurrent.CancellationException: Task was cancelled.
11-20 12:35:12.983 I/WM-WorkerWrapper( 2351): 	at androidx.work.impl.utils.futures.AbstractFuture.getDoneValue(:32)
11-20 12:35:12.983 I/WM-WorkerWrapper( 2351): 	at androidx.work.impl.utils.futures.AbstractFuture.get(:268435546)
11-20 12:35:12.983 I/WM-WorkerWrapper( 2351): 	at androidx.work.impl.WorkerWrapper$2.run(:3)
11-20 12:35:12.983 I/WM-WorkerWrapper( 2351): 	at androidx.work.impl.utils.SerialExecutor$Task.run(:2)
11-20 12:35:12.983 I/WM-WorkerWrapper( 2351): 	at java.util.concurrent.ThreadPoolExecutor.runWorker(ThreadPoolExecutor.java:1167)
11-20 12:35:12.983 I/WM-WorkerWrapper( 2351): 	at java.util.concurrent.ThreadPoolExecutor$Worker.run(ThreadPoolExecutor.java:641)
11-20 12:35:12.983 I/WM-WorkerWrapper( 2351): 	at java.lang.Thread.run(Thread.java:923)
11-20 12:35:12.984 E/StickerBundleDatabaseWorker( 2351): Failed to fetch sticker bundles:
11-20 12:35:12.984 E/StickerBundleDatabaseWorker( 2351): kotlinx.coroutines.JobCancellationException: Job was cancelled; job=JobImpl{Cancelling}@6e2c32f
11-20 12:35:12.994 W/System.err( 2665): ERROR: com.whatsapp.net.logging.WtLog.log$REDEX$HQcOuACUrr4(:4) : Encountered exception. Nothing much can be done here. com.whatsapp.net.alerts.WtAlertException
11-20 12:35:12.999 I/android_os_HwBinder( 1194): HwBinder: Starting thread pool for getting: android.hardware.wifi.supplicant@1.0::ISupplicant/default
11-20 12:35:13.000 W/HWComposer(  577): Ignoring duplicate VSYNC event from HWC for display 0 (t=74859263918682)
11-20 12:35:13.016 I/wpa_supplicant(29417): p2p0: Do not deauthenticate as part of interface deinit since WoWLAN is enabled
11-20 12:35:13.017 D/QCNEJ/WwanInfoRelay( 1900): onCapabilitiesChanged: 100 [ Transports: CELLULAR Capabilities: MMS&SUPL&FOTA&INTERNET&NOT_RESTRICTED&TRUSTED&NOT_VPN&VALIDATED&NOT_ROAMING&NOT_CONGESTED&NOT_SUSPENDED LinkUpBandwidth>=15000Kbps LinkDnBandwidth>=30000Kbps Specifier: <TelephonyNetworkSpecifier [mSubId = 1]> AdministratorUids: [] RequestorUid: -1 RequestorPackageName: null]
11-20 12:35:13.031 I/QCNEJ/WwanInfoRelay( 1900): cacheWwanInfo subId = 1 phoneId = 0 slotId = 0
11-20 12:35:13.056 E/wpa_supplicant(29417): eap_proxy: pthread_join on eap_proxy=0x7a2dfa8
11-20 12:35:13.056 E/wpa_supplicant(29417): eap_proxy: session not started for client = 1
11-20 12:35:13.057 E/QMI_FW  (29417): qmi_cci_get_ref: ref count increased 2
11-20 12:35:13.057 E/QMI_FW  (29417): qmi_cci_get_ref: ref count increased 2
11-20 12:35:13.058 W/System.err( 2665): INFO: com.whatsapp.net.logging.WtLog.log$REDEX$HQcOuACUrr4(:4) : Start handshake.
11-20 12:35:13.059 E/wpa_supplicant(29417): eap_proxy: Released QMI UIM service client
11-20 12:35:13.059 E/QMI_FW  (29417): qmi_cci_get_ref: ref count increased 2
11-20 12:35:13.059 E/QMI_FW  (29417): qmi_cci_get_ref: ref count increased 2
11-20 12:35:13.060 E/wpa_supplicant(29417): eap_proxy: Released QMI EAP service client
11-20 12:35:13.060 E/wpa_supplicant(29417): eap_proxy: session not started for client = 2
11-20 12:35:13.060 E/QMI_FW  (29417): qmi_cci_get_ref: ref count increased 2
11-20 12:35:13.060 E/QMI_FW  (29417): qmi_cci_get_ref: ref count increased 2
11-20 12:35:13.061 E/wpa_supplicant(29417): eap_proxy: Released QMI UIM service client
11-20 12:35:13.061 E/QMI_FW  (29417): qmi_cci_get_ref: ref count increased 2
11-20 12:35:13.061 E/QMI_FW  (29417): qmi_cci_get_ref: ref count increased 2
11-20 12:35:13.062 E/wpa_supplicant(29417): eap_proxy: Released QMI EAP service client
11-20 12:35:13.062 I/wpa_supplicant(29417): eap_proxy: eap_proxy Deinitialzed
11-20 12:35:13.098 W/System.err( 2665): INFO: com.whatsapp.net.logging.WtLog.log$REDEX$HQcOuACUrr4(:4) : Handshake complete : session_resumed true early_data_sent false early_data_accepted false client_cert_requested false time_ms 40
11-20 12:35:13.109 E/QMI_FW  ( 1113): qmi_cci_get_ref: ref count increased 2
11-20 12:35:13.110 E/QMI_FW  ( 1113): qmi_cci_get_ref: ref count increased 2
11-20 12:35:13.110 I/wpa_supplicant(29417): nl80211: deinit ifname=p2p0 disabled_11b_rates=0
11-20 12:35:13.112 E/QMI_FW  ( 1113): qmi_cci_get_ref: ref count increased 2
11-20 12:35:13.148 D/LOWI-9.0.0.80( 1024): [LOWINetlinkSocketReceiver] unpackRTMLinkMessage: RTM_NEWLINK - ifname p2p0, flags 0x1003 ([UP])
11-20 12:35:13.166 D/LOWI-9.0.0.80( 1024): [LOWINetlinkSocketReceiver] unpackRTMLinkMessage: RTM_NEWLINK - ifname p2p0, flags 0x1002 ()
11-20 12:35:13.185 D/LOWI-9.0.0.80( 1024): [LOWINetlinkSocketReceiver] unpackRTMLinkMessage: RTM_NEWLINK - ifname p2p0, flags 0x1002 ()
11-20 12:35:13.190 I/wpa_supplicant(29417): Try to unregister vendor p2 interface
11-20 12:35:13.204 I/WifiP2pNative( 1194): P2P interface teardown completed
11-20 12:35:13.205 D/WifiP2pNative( 1194): P2P InterfaceDestroyedListener p2p0
11-20 12:35:13.205 D/WifiP2pNative( 1194): Ignoring stale interface destroyed listener
11-20 12:35:13.205 D/WifiP2pNative( 1194): P2P InterfaceAvailableListener true
11-20 12:35:13.205 D/WifiP2pService( 1194): Wifi enabled=false, P2P Interface availability=true
11-20 12:35:13.214 I/wpa_supplicant(29417): wlan0: Do not deauthenticate as part of interface deinit since WoWLAN is enabled
11-20 12:35:13.276 I/wpa_supplicant(29417): Try to unregister vendor STA network
11-20 12:35:13.277 E/wpa_supplicant(29417): eap_proxy: pthread_join on eap_proxy=0x7a2deac
11-20 12:35:13.277 E/wpa_supplicant(29417): eap_proxy: session not started for client = 1
11-20 12:35:13.277 E/QMI_FW  (29417): qmi_cci_get_ref: ref count increased 2
11-20 12:35:13.277 E/QMI_FW  (29417): qmi_cci_get_ref: ref count increased 2
11-20 12:35:13.280 E/wpa_supplicant(29417): eap_proxy: Released QMI UIM service client
11-20 12:35:13.280 E/QMI_FW  (29417): qmi_cci_get_ref: ref count increased 2
11-20 12:35:13.280 E/QMI_FW  (29417): qmi_cci_get_ref: ref count increased 2
11-20 12:35:13.281 E/wpa_supplicant(29417): eap_proxy: Released QMI EAP service client
11-20 12:35:13.281 E/wpa_supplicant(29417): eap_proxy: session not started for client = 2
11-20 12:35:13.281 E/QMI_FW  (29417): qmi_cci_get_ref: ref count increased 2
11-20 12:35:13.281 E/QMI_FW  (29417): qmi_cci_get_ref: ref count increased 2
11-20 12:35:13.282 E/wpa_supplicant(29417): eap_proxy: Released QMI UIM service client
11-20 12:35:13.283 E/QMI_FW  (29417): qmi_cci_get_ref: ref count increased 2
11-20 12:35:13.283 E/QMI_FW  (29417): qmi_cci_get_ref: ref count increased 2
11-20 12:35:13.284 E/wpa_supplicant(29417): eap_proxy: Released QMI EAP service client
11-20 12:35:13.284 I/wpa_supplicant(29417): eap_proxy: eap_proxy Deinitialzed
11-20 12:35:13.286 E/StickerBundleDatabaseWorker( 2351): Failed to fetch sticker bundles:
11-20 12:35:13.286 E/StickerBundleDatabaseWorker( 2351): kotlinx.coroutines.JobCancellationException: Job was cancelled; job=JobImpl{Cancelling}@e275128
11-20 12:35:13.286 I/WM-WorkerWrapper( 2351): Work [ id=731e9e35-e8c2-49b1-b246-986e05f06ab6, tags={ com.facebook.wearable.system.selfcare.sharing.StickerBundleDatabaseWorker } ] was cancelled
11-20 12:35:13.286 I/WM-WorkerWrapper( 2351): java.util.concurrent.CancellationException: Task was cancelled.
11-20 12:35:13.286 I/WM-WorkerWrapper( 2351): 	at androidx.work.impl.utils.futures.AbstractFuture.getDoneValue(:32)
11-20 12:35:13.286 I/WM-WorkerWrapper( 2351): 	at androidx.work.impl.utils.futures.AbstractFuture.get(:268435546)
11-20 12:35:13.286 I/WM-WorkerWrapper( 2351): 	at androidx.work.impl.WorkerWrapper$2.run(:3)
11-20 12:35:13.286 I/WM-WorkerWrapper( 2351): 	at androidx.work.impl.utils.SerialExecutor$Task.run(:2)
11-20 12:35:13.286 I/WM-WorkerWrapper( 2351): 	at java.util.concurrent.ThreadPoolExecutor.runWorker(ThreadPoolExecutor.java:1167)
11-20 12:35:13.286 I/WM-WorkerWrapper( 2351): 	at java.util.concurrent.ThreadPoolExecutor$Worker.run(ThreadPoolExecutor.java:641)
11-20 12:35:13.286 I/WM-WorkerWrapper( 2351): 	at java.lang.Thread.run(Thread.java:923)
11-20 12:35:13.287 I/em.notificatio( 2665): Background young concurrent copying GC freed 287434(14MB) AllocSpace objects, 100(3152KB) LOS objects, 81% free, 3984KB/20MB, paused 162us total 196.944ms
11-20 12:35:13.287 W/em.notificatio( 2665): Reducing the number of considered missed Gc histogram windows from 1454 to 100
11-20 12:35:13.337 I/wpa_supplicant(29417): nl80211: deinit ifname=wlan0 disabled_11b_rates=0
11-20 12:35:13.397 I/wpa_supplicant(29417): Try to unregister vendor interface
11-20 12:35:13.398 D/LOWI-9.0.0.80( 1024): [LOWINetlinkSocketReceiver] unpackRTMLinkMessage: RTM_NEWLINK - ifname wlan0, flags 0x11043 ([UP][RUNNING])
11-20 12:35:13.398 D/LOWI-9.0.0.80( 1024): [LOWINetlinkSocketReceiver] processNetlinkPacket: ifname(wlan0) status(2)
11-20 12:35:13.398 D/LOWI-9.0.0.80( 1024): [LOWIController] intfStateReceived: ifname(wlan0) state(2)
11-20 12:35:13.399 D/LOWI-9.0.0.80( 1024): [LOWIEventReceiver] handleEvent:FROM:NA, TO:NA, REQ:NA, IREQ:NA, REQ_ID:0, RESP:NA, INFO:INTF-STATUS-UPDATE
11-20 12:35:13.399 D/LOWI-9.0.0.80( 1024): [LOWIEventReceiver] Info to [INTF-STATUS-UPDATE]
11-20 12:35:13.399 D/LOWI-9.0.0.80( 1024): [LOWIController] updateIntfState: WIFI enabled 2 mNlWifiStatus 2 mWifiStateEnabled 1
11-20 12:35:13.399 D/LOWI-9.0.0.80( 1024): [LOWIController] isWifiEnabled: mNlWifiStatus 2 mWifiStateEnabled 1
11-20 12:35:13.400 I/SupplicantStaIfaceHal( 1194): Terminating supplicant using HIDL
11-20 12:35:13.401 I/android_os_HwBinder( 1194): HwBinder: Starting thread pool for getting: android.hardware.wifi.supplicant@1.0::ISupplicant/default
11-20 12:35:13.403 I/wpa_supplicant(29417): Terminating...
11-20 12:35:13.404 D/LOWI-9.0.0.80( 1024): [LOWINetlinkSocketReceiver] unpackRTMLinkMessage: RTM_NEWLINK - ifname wlan0, flags 0x1003 ([UP])
11-20 12:35:13.404 D/LOWI-9.0.0.80( 1024): [LOWINetlinkSocketReceiver] processNetlinkPacket: ifname(wlan0) status(1)
11-20 12:35:13.404 D/LOWI-9.0.0.80( 1024): [LOWIController] intfStateReceived: ifname(wlan0) state(1)
11-20 12:35:13.404 D/LOWI-9.0.0.80( 1024): [LOWIEventReceiver] handleEvent:FROM:NA, TO:NA, REQ:NA, IREQ:NA, REQ_ID:0, RESP:NA, INFO:INTF-STATUS-UPDATE
11-20 12:35:13.404 D/LOWI-9.0.0.80( 1024): [LOWIEventReceiver] Info to [INTF-STATUS-UPDATE]
11-20 12:35:13.404 D/LOWI-9.0.0.80( 1024): [LOWIController] updateIntfState: WIFI enabled 1 mNlWifiStatus 2 mWifiStateEnabled 1
11-20 12:35:13.404 D/LOWI-9.0.0.80( 1024): [LOWIController] isWifiEnabled: mNlWifiStatus 1 mWifiStateEnabled 1
11-20 12:35:13.440 E/StickerBundleDatabaseWorker( 2351): Failed to fetch sticker bundles:
11-20 12:35:13.440 E/StickerBundleDatabaseWorker( 2351): kotlinx.coroutines.JobCancellationException: Job was cancelled; job=JobImpl{Cancelling}@e042d7d
11-20 12:35:13.440 I/WM-WorkerWrapper( 2351): Work [ id=731e9e35-e8c2-49b1-b246-986e05f06ab6, tags={ com.facebook.wearable.system.selfcare.sharing.StickerBundleDatabaseWorker } ] was cancelled
11-20 12:35:13.440 I/WM-WorkerWrapper( 2351): java.util.concurrent.CancellationException: Task was cancelled.
11-20 12:35:13.440 I/WM-WorkerWrapper( 2351): 	at androidx.work.impl.utils.futures.AbstractFuture.getDoneValue(:32)
11-20 12:35:13.440 I/WM-WorkerWrapper( 2351): 	at androidx.work.impl.utils.futures.AbstractFuture.get(:268435546)
11-20 12:35:13.440 I/WM-WorkerWrapper( 2351): 	at androidx.work.impl.WorkerWrapper$2.run(:3)
11-20 12:35:13.440 I/WM-WorkerWrapper( 2351): 	at androidx.work.impl.utils.SerialExecutor$Task.run(:2)
11-20 12:35:13.440 I/WM-WorkerWrapper( 2351): 	at java.util.concurrent.ThreadPoolExecutor.runWorker(ThreadPoolExecutor.java:1167)
11-20 12:35:13.440 I/WM-WorkerWrapper( 2351): 	at java.util.concurrent.ThreadPoolExecutor$Worker.run(ThreadPoolExecutor.java:641)
11-20 12:35:13.440 I/WM-WorkerWrapper( 2351): 	at java.lang.Thread.run(Thread.java:923)
11-20 12:35:13.446 D/LOWI-9.0.0.80( 1024): [LOWINetlinkSocketReceiver] unpackRTMLinkMessage: RTM_NEWLINK - ifname wlan0, flags 0x1003 ([UP])
11-20 12:35:13.447 D/LOWI-9.0.0.80( 1024): [LOWINetlinkSocketReceiver] processNetlinkPacket: ifname(wlan0) status(1)
11-20 12:35:13.447 D/LOWI-9.0.0.80( 1024): [LOWIController] intfStateReceived: ifname(wlan0) state(1)
11-20 12:35:13.447 W/SupplicantP2pIfaceHal( 1194): ISupplicant/ISupplicantP2pIface died: cookie=0
11-20 12:35:13.447 D/SupplicantStaIfaceHal( 1194): ISupplicant died: cookie=4301928918008915994
11-20 12:35:13.447 D/LOWI-9.0.0.80( 1024): [LOWIEventReceiver] handleEvent:FROM:NA, TO:NA, REQ:NA, IREQ:NA, REQ_ID:0, RESP:NA, INFO:INTF-STATUS-UPDATE
11-20 12:35:13.447 W/SupplicantP2pIfaceHal( 1194): ISupplicantVendor/ISupplicantVendorP2PIface died: cookie=0
11-20 12:35:13.447 D/LOWI-9.0.0.80( 1024): [LOWIEventReceiver] Info to [INTF-STATUS-UPDATE]
11-20 12:35:13.447 D/LOWI-9.0.0.80( 1024): [LOWIController] updateIntfState: WIFI enabled 1 mNlWifiStatus 1 mWifiStateEnabled 1
11-20 12:35:13.447 D/LOWI-9.0.0.80( 1024): [LOWIController] isWifiEnabled: mNlWifiStatus 1 mWifiStateEnabled 1
11-20 12:35:13.448 W/SupplicantP2pIfaceHal( 1194): ISupplicant/ISupplicantP2pIface died: cookie=0
11-20 12:35:13.450 V/WifiHAL (  539): event received NL80211_CMD_DISCONNECT
11-20 12:35:13.453 W/SupplicantStaIfaceHal( 1194): Timed out waiting for confirmation of supplicant death
11-20 12:35:13.453 W/SupplicantStaIfaceHal( 1194): ISupplicantVendor/ISupplicantVendorStaIface died: cookie=0
11-20 12:35:13.453 W/SupplicantP2pIfaceHal( 1194): ISupplicantVendor/ISupplicantVendorP2PIface died: cookie=0
11-20 12:35:13.453 W/SupplicantStaIfaceHal( 1194): ISupplicantVendor/ISupplicantVendorStaIface died: cookie=0
11-20 12:35:13.455 E/SupplicantStaIfaceHal( 1194): Can't call getKeyMgmtCapabilities_1_3, ISupplicantStaIface is null
11-20 12:35:13.456 V/WifiHAL (  539): WifiVendorCommand 0xaad86b98 created vendor_id:0x1374 subcmd:38
11-20 12:35:13.457 V/WifiHAL (  539): Got a Wi-Fi HAL module message from Driver
11-20 12:35:13.457 V/WifiHAL (  539): Supported feature set : 19d3d
11-20 12:35:13.457 V/WifiHAL (  539): Supported feature set acquired : 19d3d
11-20 12:35:13.457 V/WifiHAL (  539): WifiVendorCommand 0xa07923c0 created vendor_id:0x1374 subcmd:76
11-20 12:35:13.457 V/WifiHAL (  539): create: mVendor_id = 4980, Subcmd = 76.
11-20 12:35:13.459 V/WifiHAL (  539): WifiVendorCommand 0xaad86cc8 created vendor_id:0x1374 subcmd:38
11-20 12:35:13.460 V/WifiHAL (  539): Got a Wi-Fi HAL module message from Driver
11-20 12:35:13.460 V/WifiHAL (  539): Supported feature set : 19d3d
11-20 12:35:13.460 V/WifiHAL (  539): Supported feature set acquired : 19d3d
11-20 12:35:13.460 V/WifiHAL (  539): WifiVendorCommand 0xa07923c0 created vendor_id:0x1374 subcmd:76
11-20 12:35:13.460 V/WifiHAL (  539): create: mVendor_id = 4980, Subcmd = 76.
11-20 12:35:13.467 E/SupplicantStaIfaceHal( 1194): Can't call getWpaDriverFeatureSet, ISupplicantStaIface is null
11-20 12:35:13.467 I/WifiNative( 1194): Successfully switched to scan mode on iface=Iface:{Name=wlan0,Id=1,Type=STA_SCAN}
11-20 12:35:13.468 W/SupplicantStaIfaceHal( 1194): ISupplicant died: cookie=147
11-20 12:35:13.468 D/WifiClientModeManager1( 1194): entering ScanOnlyModeState
11-20 12:35:13.469 D/WifiScanRequestProxy( 1194): Sending scan available broadcast: true
11-20 12:35:13.469 D/WifiP2pService( 1194): Wifi enabled=false, P2P Interface availability=true
11-20 12:35:13.470 I/WifiScanningService( 1194): Received a request to enable scanning, UID = 1000
11-20 12:35:13.470 I/WifiScanningService( 1194): scanner impls already exists
11-20 12:35:13.470 I/WifiScanRequestProxy( 1194): Scanning is enabled
11-20 12:35:13.471 I/WifiScanRequestProxy( 1194): Scanning for hidden networks is disabled
11-20 12:35:13.471 E/WifiScanningService( 1194): wifi driver loaded received while already loaded
11-20 12:35:13.471 D/WakeupController( 1194): start()
11-20 12:35:13.472 D/WakeupController( 1194): Setting active to true
11-20 12:35:13.479 D/WakeupLock( 1194): Lock set. Number of networks: 1
11-20 12:35:13.481 D/WifiClientModeImpl( 1194): ClientModeImpl: Leaving Connected state
11-20 12:35:13.483 D/WifiCountryCode( 1194): updateCountryCode to US
11-20 12:35:13.483 E/SupplicantStaIfaceHal( 1194): Can't call setCountryCode, ISupplicantStaIface is null
11-20 12:35:13.483 D/WifiCountryCode( 1194): Failed to set country code to: US
11-20 12:35:13.490 E/SupplicantStaIfaceHal( 1194): Can't call listNetworks, ISupplicantStaIface is null
11-20 12:35:13.490 E/SupplicantStaIfaceHal( 1194): removeAllNetworks failed, got null networks
11-20 12:35:13.490 E/WifiClientModeImpl( 1194): Failed to remove networks on exiting connect mode
11-20 12:35:13.492 E/WakeupController( 1194): Unexpected setLastDisconnectInfo when WakeupController is active!
11-20 12:35:13.493 E/WifiVendorHal( 1194): stopRssiMonitoring(l.2106) failed {.code = ERROR_NOT_AVAILABLE, .description = }
11-20 12:35:13.493 E/SupplicantStaIfaceHal( 1194): Can't call setPowerSave, ISupplicantStaIface is null
11-20 12:35:13.493 E/SupplicantStaIfaceHal( 1194): Can't call setBtCoexistenceMode, ISupplicantStaIface is null
11-20 12:35:13.494 V/WifiClientModeImpl( 1194): stopIpClient IpClientWithPreConnection: false
11-20 12:35:13.494 V/WifiClientModeImpl( 1194): java.lang.Throwable
11-20 12:35:13.494 V/WifiClientModeImpl( 1194): 	at com.android.server.wifi.ClientModeImpl.stopIpClient(ClientModeImpl.java:1127)
11-20 12:35:13.494 V/WifiClientModeImpl( 1194): 	at com.android.server.wifi.ClientModeImpl.stopDhcpSetup(ClientModeImpl.java:1153)
11-20 12:35:13.494 V/WifiClientModeImpl( 1194): 	at com.android.server.wifi.ClientModeImpl.handleNetworkDisconnect(ClientModeImpl.java:2945)
11-20 12:35:13.494 V/WifiClientModeImpl( 1194): 	at com.android.server.wifi.ClientModeImpl.stopClientMode(ClientModeImpl.java:3889)
11-20 12:35:13.494 V/WifiClientModeImpl( 1194): 	at com.android.server.wifi.ClientModeImpl.access$4600(ClientModeImpl.java:176)
11-20 12:35:13.494 V/WifiClientModeImpl( 1194): 	at com.android.server.wifi.ClientModeImpl$ConnectModeState.exit(ClientModeImpl.java:4064)
11-20 12:35:13.494 V/WifiClientModeImpl( 1194): 	at com.android.wifi.x.com.android.internal.util.StateMachine$SmHandler.invokeExitMethods(StateMachine.java:1021)
11-20 12:35:13.494 V/WifiClientModeImpl( 1194): 	at com.android.wifi.x.com.android.internal.util.StateMachine$SmHandler.performTransitions(StateMachine.java:877)
11-20 12:35:13.494 V/WifiClientModeImpl( 1194): 	at com.android.wifi.x.com.android.internal.util.StateMachine$SmHandler.handleMessage(StateMachine.java:819)
11-20 12:35:13.494 V/WifiClientModeImpl( 1194): 	at android.os.Handler.dispatchMessage(Handler.java:106)
11-20 12:35:13.494 V/WifiClientModeImpl( 1194): 	at android.os.Looper.loop(Looper.java:223)
11-20 12:35:13.494 V/WifiClientModeImpl( 1194): 	at android.os.HandlerThread.run(HandlerThread.java:67)
11-20 12:35:13.495 D/DhcpClient( 1194): doQuit
11-20 12:35:13.497 D/ConnectivityService( 1194): [170 WIFI] EVENT_NETWORK_INFO_CHANGED, going from CONNECTED to DISCONNECTED
11-20 12:35:13.497 D/ConnectivityService( 1194): [170 WIFI] disconnected, was satisfying 26
11-20 12:35:13.498 D/WifiDiags( 1194): stopLogging() iface list is {} after removing wlan0
11-20 12:35:13.499 D/QCNEJ/WlanStaInfoRelay( 1900): Received action: android.net.wifi.STATE_CHANGE
11-20 12:35:13.499 D/WifiConnector( 2841): Network State Changed
11-20 12:35:13.500 D/QCNEJ/WlanStaInfoRelay( 1900): reset CountryCodeRetriever
11-20 12:35:13.500 E/WifiVendorHal( 1194): resetLogHandler(l.1558) failed {.code = ERROR_NOT_AVAILABLE, .description = }
11-20 12:35:13.500 W/WifiDiags( 1194): Fail to reset log handler
11-20 12:35:13.503 E/QMI_FW  (  927): qmi_cci_get_ref: ref count increased 2
11-20 12:35:13.505 E/QMI_FW  (  927): qmi_cci_get_ref: ref count increased 2
11-20 12:35:13.511 E/QMI_FW  ( 1113): qmi_cci_get_ref: ref count increased 2
11-20 12:35:13.525 E/QMI_FW  ( 1113): qmi_cci_get_ref: ref count increased 2
11-20 12:35:13.531 D/WifiMemoryStoreImpl( 1194): Set cluster Gded792457511e862 for We4936d4057368143: SUCCESS
11-20 12:35:13.534 E/QMI_FW  ( 1113): qmi_cci_get_ref: ref count increased 2
11-20 12:35:13.542 I/chatty  ( 1113): uid=1001(radio) main identical 6 lines
11-20 12:35:13.543 E/QMI_FW  ( 1113): qmi_cci_get_ref: ref count increased 2
11-20 12:35:13.551 E/QMI_FW  ( 1113): qmi_cci_get_ref: ref count increased 2
11-20 12:35:13.556 E/QMI_FW  ( 1113): qmi_cci_get_ref: ref count increased 2
11-20 12:35:13.557 I/GnssNetworkConnectivityHandler( 1194): Network connection lost. Available networks count: 1
