--------- beginning of system
11-20 07:16:43.860 D/commandrouter( 1006): rtc_sync (1, rtc:sync): <ServiceRequest> FORWARDED (remote -> local) service client ID = 0, token ID = 38332
11-20 07:16:43.860 D/commandrouter( 1006): SocServiceHandle::onServiceMessage, SoC Service = rtc_sync, appType = 1, type = SVC_RESP, clientId = 0, token = 38332, payloadLen = 8, result = 0, payload.size() = 8
11-20 07:16:45.265 D/commandrouter( 1006): SocServiceHandle::onServiceMessage, SoC Service = mcu_healthcheck_1029, appType = 1, type = SVC_REQ, clientId = 0, token = 1854, payloadLen = 12, result = 0, payload.size() = 12
11-20 07:16:45.269 D/commandrouter( 1006): mcu_healthcheck_1029 (1, merlot:mcu_health:control): <ServiceResponse> FORWARDED (remote -> local) CR token ID = 1854, service client ID = 40, token ID = 32253, result = 0
11-20 07:16:45.269 D/mculinkhealth( 1029): isMcuReachable 1 (4 ms)
11-20 07:16:45.629 I/chatty  ( 1186): uid=1000(system) android.ui expire 12 lines
11-20 07:16:53.155 I/chatty  ( 1186): uid=1000(system) Binder:1186_16 expire 1 line
11-20 07:16:53.286 I/chatty  ( 1186): uid=1000(system) Binder:1186_8 expire 3 lines
11-20 07:16:53.860 I/chatty  ( 1006): uid=1000(system) /vendor/bin/commandrouter expire 1 line
11-20 07:16:53.861 I/chatty  ( 1006): uid=1000(system) HwBinder:1006_2 expire 2 lines
11-20 07:16:57.412 I/chatty  ( 1186): uid=1000(system) LazyTaskWriterT expire 2 lines
11-20 07:16:59.658 I/chatty  ( 1186): uid=1000(system) DeviceStorageMo expire 2 lines
11-20 07:17:00.189 I/chatty  ( 1186): uid=1000(system) Binder:1186_1B expire 4 lines
11-20 07:17:03.858 I/chatty  ( 1006): uid=1000(system) /vendor/bin/commandrouter expire 1 line
11-20 07:17:06.629 I/chatty  ( 1186): uid=1000(system) android.display expire 1 line
11-20 07:17:07.621 I/chatty  ( 1186): uid=1000(system) WifiP2pService expire 2 lines
11-20 07:17:07.622 I/chatty  ( 1186): uid=1000(system) ActivityManager expire 1 line
11-20 07:17:09.014 I/chatty  ( 1006): uid=1000(system) HwBinder:1006_1 expire 1 line
11-20 07:17:09.017 I/chatty  ( 1006): uid=1000(system) /vendor/bin/commandrouter expire 5 lines
11-20 07:17:09.665 I/chatty  ( 1186): uid=1000(system) WifiHandlerThre expire 2 lines
11-20 07:17:09.894 W/wificond(  911): Scan is not started. Ignore abort request
11-20 07:17:10.627 I/chatty  ( 1186): uid=1000(system) ConnectivitySer expire 34 lines
11-20 07:17:12.322 E/NetlinkEvent(  462): NetlinkEvent::FindParam(): Parameter 'INTERFACE' not found
11-20 07:17:12.322 E/NetlinkEvent(  462): NetlinkEvent::FindParam(): Parameter 'STATE' not found
11-20 07:17:12.322 E/NetlinkEvent(  462): NetlinkEvent::FindParam(): Parameter 'TIME_NS' not found
11-20 07:17:12.322 E/NetlinkEvent(  462): NetlinkEvent::FindParam(): Parameter 'UID' not found
11-20 07:17:12.990 I/chatty  ( 1186): uid=1000 system_server expire 2 lines
11-20 07:17:12.991 I/chatty  ( 1186): uid=1000(system) ActivityManager expire 7 lines
11-20 07:17:13.868 I/chatty  ( 1006): uid=1000(system) HwBinder:1006_2 expire 2 lines
11-20 07:17:15.181 I/chatty  ( 1186): uid=1000(system) Binder:1186_1B expire 3 lines
11-20 07:17:15.270 I/chatty  ( 1006): uid=1000(system) HwBinder:1006_F expire 1 line
11-20 07:17:15.275 D/mculinkhealth( 1029): isMcuReachable 1 (5 ms)
11-20 07:17:19.871 I/chatty  ( 1186): uid=1000(system) android.ui expire 12 lines
11-20 07:17:24.827 I/chatty  ( 1186): uid=1000(system) LazyTaskWriterT expire 2 lines
11-20 07:17:27.184 I/chatty  ( 1186): uid=1000(system) Binder:1186_18 expire 4 lines
11-20 07:17:33.853 I/chatty  ( 1006): uid=1000(system) HwBinder:1006_2 expire 1 line
11-20 07:17:42.321 I/chatty  ( 1186): uid=1000(system) ConnectivitySer expire 1 line
11-20 07:17:42.497 I/chatty  ( 1186): uid=1000 system_server expire 1 line
11-20 07:17:43.849 I/chatty  ( 1006): uid=1000(system) /vendor/bin/commandrouter expire 1 line
11-20 07:17:43.850 I/chatty  ( 1006): uid=1000(system) HwBinder:1006_2 expire 1 line
11-20 07:17:45.275 I/chatty  ( 1006): uid=1000(system) HwBinder:1006_F expire 1 line
11-20 07:17:45.278 I/chatty  ( 1006): uid=1000(system) /vendor/bin/commandrouter expire 3 lines
11-20 07:17:45.279 D/mculinkhealth( 1029): isMcuReachable 1 (3 ms)
11-20 07:17:53.852 I/chatty  ( 1006): uid=1000(system) HwBinder:1006_2 expire 3 lines
11-20 07:17:57.181 I/chatty  ( 1186): uid=1000(system) Binder:1186_16 expire 1 line
11-20 07:17:57.313 I/chatty  ( 1186): uid=1000(system) Binder:1186_1A expire 3 lines
11-20 07:17:59.794 I/chatty  ( 1186): uid=1000(system) DeviceStorageMo expire 2 lines
11-20 07:18:00.393 I/chatty  ( 1186): uid=1000(system) LazyTaskWriterT expire 3 lines
11-20 07:18:05.088 I/chatty  ( 1186): uid=1000(system) android.display expire 2 lines
11-20 07:18:05.857 I/chatty  ( 1186): uid=1000(system) ConnectivitySer expire 15 lines
11-20 07:18:06.476 E/NetlinkEvent(  462): NetlinkEvent::FindParam(): Parameter 'INTERFACE' not found
11-20 07:18:06.476 E/NetlinkEvent(  462): NetlinkEvent::FindParam(): Parameter 'STATE' not found
11-20 07:18:06.478 E/NetlinkEvent(  462): NetlinkEvent::FindParam(): Parameter 'TIME_NS' not found
11-20 07:18:06.478 E/NetlinkEvent(  462): NetlinkEvent::FindParam(): Parameter 'UID' not found
11-20 07:18:06.576 I/chatty  ( 1186): uid=1000(system) android.fg expire 1 line
11-20 07:18:06.840 I/chatty  ( 1186): uid=1000 system_server expire 1 line
11-20 07:18:09.018 I/chatty  ( 1006): uid=1000(system) HwBinder:1006_1 expire 1 line
11-20 07:18:09.023 I/chatty  ( 1006): uid=1000(system) /vendor/bin/commandrouter expire 6 lines
11-20 07:18:10.293 I/chatty  ( 1186): uid=1000(system) android.ui expire 8 lines
11-20 07:18:15.281 I/chatty  ( 1006): uid=1000(system) HwBinder:1006_F expire 1 line
11-20 07:18:15.285 D/mculinkhealth( 1029): isMcuReachable 1 (4 ms)
11-20 07:18:17.167 I/chatty  ( 1186): uid=1000(system) Binder:1186_3 expire 4 lines
11-20 07:18:23.840 I/chatty  ( 1006): uid=1000(system) HwBinder:1006_2 expire 3 lines
11-20 07:18:24.502 I/chatty  ( 1186): uid=1000(system) WifiP2pService expire 2 lines
11-20 07:18:24.509 I/chatty  ( 1186): uid=1000(system) ActivityManager expire 1 line
11-20 07:18:24.591 W/wificond(  911): Scan is not started. Ignore abort request
11-20 07:18:25.019 I/chatty  ( 1186): uid=1000(system) WifiHandlerThre expire 1 line
11-20 07:18:25.380 I/chatty  ( 1186): uid=1000(system) ConnectivitySer expire 25 lines
11-20 07:18:26.015 E/NetlinkEvent(  462): NetlinkEvent::FindParam(): Parameter 'INTERFACE' not found
11-20 07:18:26.015 E/NetlinkEvent(  462): NetlinkEvent::FindParam(): Parameter 'STATE' not found
11-20 07:18:26.015 E/NetlinkEvent(  462): NetlinkEvent::FindParam(): Parameter 'TIME_NS' not found
11-20 07:18:26.015 E/NetlinkEvent(  462): NetlinkEvent::FindParam(): Parameter 'UID' not found
11-20 07:18:32.799 I/chatty  ( 1186): uid=1000(system) batterystats-wo expire 1 line
11-20 07:18:44.681 I/chatty  ( 1186): uid=1000(system) android.ui expire 4 lines
11-20 07:18:45.286 I/chatty  ( 1006): uid=1000(system) HwBinder:1006_F expire 1 line
11-20 07:18:45.290 I/chatty  ( 1006): uid=1000(system) /vendor/bin/commandrouter expire 3 lines
11-20 07:18:45.291 D/mculinkhealth( 1029): isMcuReachable 1 (4 ms)
11-20 07:18:47.192 I/chatty  ( 1186): uid=1000(system) Binder:1186_1D expire 4 lines
11-20 07:18:50.360 I/chatty  ( 1186): uid=1000(system) LazyTaskWriterT expire 1 line
11-20 07:18:53.831 I/chatty  ( 1006): uid=1000(system) HwBinder:1006_2 expire 2 lines
11-20 07:18:55.000 I/chatty  ( 1186): uid=1000(system) android.display expire 1 line
11-20 07:18:55.445 I/chatty  ( 1186): uid=1000(system) ConnectivitySer expire 17 lines
11-20 07:18:55.532 E/NetlinkEvent(  462): NetlinkEvent::FindParam(): Parameter 'INTERFACE' not found
11-20 07:18:55.532 E/NetlinkEvent(  462): NetlinkEvent::FindParam(): Parameter 'STATE' not found
11-20 07:18:55.532 E/NetlinkEvent(  462): NetlinkEvent::FindParam(): Parameter 'TIME_NS' not found
11-20 07:18:55.532 E/NetlinkEvent(  462): NetlinkEvent::FindParam(): Parameter 'UID' not found
11-20 07:18:55.895 I/chatty  ( 1186): uid=1000 system_server expire 1 line
11-20 07:18:59.847 I/chatty  ( 1186): uid=1000(system) android.ui expire 8 lines
11-20 07:18:59.908 I/chatty  ( 1186): uid=1000(system) DeviceStorageMo expire 2 lines
11-20 07:19:04.393 I/chatty  ( 1186): uid=1000(system) LazyTaskWriterT expire 2 lines
11-20 07:19:07.167 I/chatty  ( 1186): uid=1000(system) Binder:1186_D expire 4 lines
11-20 07:19:09.025 I/chatty  ( 1006): uid=1000(system) HwBinder:1006_1 expire 1 line
11-20 07:19:09.028 I/chatty  ( 1006): uid=1000(system) /vendor/bin/commandrouter expire 2 lines
11-20 07:19:13.373 I/chatty  ( 1186): uid=1000(system) android.display expire 1 line
11-20 07:19:13.839 I/chatty  ( 1006): uid=1000(system) HwBinder:1006_2 expire 2 lines
11-20 07:19:14.395 I/chatty  ( 1186): uid=1000(system) WifiP2pService expire 2 lines
11-20 07:19:14.397 I/chatty  ( 1186): uid=1000(system) ActivityManager expire 1 line
11-20 07:19:14.423 W/wificond(  911): Scan is not started. Ignore abort request
11-20 07:19:14.869 I/chatty  ( 1186): uid=1000(system) WifiHandlerThre expire 1 line
11-20 07:19:15.292 I/chatty  ( 1006): uid=1000(system) HwBinder:1006_F expire 1 line
11-20 07:19:15.295 I/chatty  ( 1006): uid=1000(system) /vendor/bin/commandrouter expire 4 lines
11-20 07:19:15.295 D/mculinkhealth( 1029): isMcuReachable 1 (4 ms)
11-20 07:19:15.341 I/chatty  ( 1186): uid=1000(system) ConnectivitySer expire 26 lines
11-20 07:19:15.739 E/NetlinkEvent(  462): NetlinkEvent::FindParam(): Parameter 'INTERFACE' not found
11-20 07:19:15.739 E/NetlinkEvent(  462): NetlinkEvent::FindParam(): Parameter 'STATE' not found
11-20 07:19:15.739 E/NetlinkEvent(  462): NetlinkEvent::FindParam(): Parameter 'TIME_NS' not found
11-20 07:19:15.739 E/NetlinkEvent(  462): NetlinkEvent::FindParam(): Parameter 'UID' not found
11-20 07:19:16.104 I/chatty  ( 1186): uid=1000(system) Binder:1186_16 expire 5 lines
11-20 07:19:33.855 I/chatty  ( 1006): uid=1000(system) HwBinder:1006_2 expire 2 lines
11-20 07:19:34.761 I/chatty  ( 1186): uid=1000(system) android.ui expire 12 lines
11-20 07:19:40.384 I/chatty  ( 1186): uid=1000(system) LazyTaskWriterT expire 2 lines
11-20 07:19:45.296 I/chatty  ( 1006): uid=1000(system) HwBinder:1006_F expire 1 line
11-20 07:19:45.301 I/chatty  ( 1006): uid=1000(system) /vendor/bin/commandrouter expire 3 lines
11-20 07:19:45.301 D/mculinkhealth( 1029): isMcuReachable 1 (5 ms)
11-20 07:19:45.731 I/chatty  ( 1186): uid=1000(system) ConnectivitySer expire 9 lines
11-20 07:19:45.860 I/chatty  ( 1186): uid=1000(system) android.display expire 1 line
11-20 07:19:46.455 E/NetlinkEvent(  462): NetlinkEvent::FindParam(): Parameter 'INTERFACE' not found
11-20 07:19:46.455 E/NetlinkEvent(  462): NetlinkEvent::FindParam(): Parameter 'STATE' not found
11-20 07:19:46.455 E/NetlinkEvent(  462): NetlinkEvent::FindParam(): Parameter 'TIME_NS' not found
11-20 07:19:46.455 E/NetlinkEvent(  462): NetlinkEvent::FindParam(): Parameter 'UID' not found
11-20 07:19:47.000 E/ActivityThread(15629): Service com.facebook.wearable.system.wifimetricsupload.WifiMetricsUploadService has leaked ServiceConnection com.facebook.wearable.sdk.mosanalyticsproxy.WearableAnalyticsProxy$AnalyticsServiceConnection@1123e9f that was originally bound here
11-20 07:19:47.000 E/ActivityThread(15629): android.app.ServiceConnectionLeaked: Service com.facebook.wearable.system.wifimetricsupload.WifiMetricsUploadService has leaked ServiceConnection com.facebook.wearable.sdk.mosanalyticsproxy.WearableAnalyticsProxy$AnalyticsServiceConnection@1123e9f that was originally bound here
11-20 07:19:47.000 E/ActivityThread(15629): 	at android.app.LoadedApk$ServiceDispatcher.<init>(LoadedApk.java:1834)
11-20 07:19:47.000 E/ActivityThread(15629): 	at android.app.LoadedApk.getServiceDispatcherCommon(LoadedApk.java:1706)
11-20 07:19:47.000 E/ActivityThread(15629): 	at android.app.LoadedApk.getServiceDispatcher(LoadedApk.java:1685)
11-20 07:19:47.000 E/ActivityThread(15629): 	at android.app.ContextImpl.bindServiceCommon(ContextImpl.java:1819)
11-20 07:19:47.000 E/ActivityThread(15629): 	at android.app.ContextImpl.bindService(ContextImpl.java:1749)
11-20 07:19:47.000 E/ActivityThread(15629): 	at android.content.ContextWrapper.bindService(ContextWrapper.java:756)
11-20 07:19:47.000 E/ActivityThread(15629): 	at com.facebook.wearable.sdk.mosanalyticsproxy.WearableAnalyticsProxy.log(WearableAnalyticsProxy.java:146)
11-20 07:19:47.000 E/ActivityThread(15629): 	at com.facebook.wearable.sdk.mosanalyticsproxy.WearableAnalyticsProxy$1.run(WearableAnalyticsProxy.java:64)
11-20 07:19:47.000 E/ActivityThread(15629): 	at java.util.concurrent.ThreadPoolExecutor.runWorker(ThreadPoolExecutor.java:1167)
11-20 07:19:47.000 E/ActivityThread(15629): 	at java.util.concurrent.ThreadPoolExecutor$Worker.run(ThreadPoolExecutor.java:641)
11-20 07:19:47.000 E/ActivityThread(15629): 	at java.lang.Thread.run(Thread.java:923)
11-20 07:19:47.002 E/ActivityThread(15629): Service com.facebook.wearable.system.wifimetricsupload.WifiMetricsUploadService has leaked ServiceConnection com.facebook.wearable.sdk.mosanalyticsproxy.WearableAnalyticsProxy$AnalyticsServiceConnection@1d34bec that was originally bound here
11-20 07:19:47.002 E/ActivityThread(15629): android.app.ServiceConnectionLeaked: Service com.facebook.wearable.system.wifimetricsupload.WifiMetricsUploadService has leaked ServiceConnection com.facebook.wearable.sdk.mosanalyticsproxy.WearableAnalyticsProxy$AnalyticsServiceConnection@1d34bec that was originally bound here
11-20 07:19:47.002 E/ActivityThread(15629): 	at android.app.LoadedApk$ServiceDispatcher.<init>(LoadedApk.java:1834)
11-20 07:19:47.002 E/ActivityThread(15629): 	at android.app.LoadedApk.getServiceDispatcherCommon(LoadedApk.java:1706)
11-20 07:19:47.002 E/ActivityThread(15629): 	at android.app.LoadedApk.getServiceDispatcher(LoadedApk.java:1685)
11-20 07:19:47.002 E/ActivityThread(15629): 	at android.app.ContextImpl.bindServiceCommon(ContextImpl.java:1819)
11-20 07:19:47.002 E/ActivityThread(15629): 	at android.app.ContextImpl.bindService(ContextImpl.java:1749)
11-20 07:19:47.002 E/ActivityThread(15629): 	at android.content.ContextWrapper.bindService(ContextWrapper.java:756)
11-20 07:19:47.002 E/ActivityThread(15629): 	at com.facebook.wearable.sdk.mosanalyticsproxy.WearableAnalyticsProxy.log(WearableAnalyticsProxy.java:146)
11-20 07:19:47.002 E/ActivityThread(15629): 	at com.facebook.wearable.sdk.mosanalyticsproxy.WearableAnalyticsProxy$1.run(WearableAnalyticsProxy.java:64)
11-20 07:19:47.002 E/ActivityThread(15629): 	at java.util.concurrent.ThreadPoolExecutor.runWorker(ThreadPoolExecutor.java:1167)
11-20 07:19:47.002 E/ActivityThread(15629): 	at java.util.concurrent.ThreadPoolExecutor$Worker.run(ThreadPoolExecutor.java:641)
11-20 07:19:47.002 E/ActivityThread(15629): 	at java.lang.Thread.run(Thread.java:923)
11-20 07:19:47.005 E/ActivityThread(15629): Service com.facebook.wearable.system.wifimetricsupload.WifiMetricsUploadService has leaked ServiceConnection com.facebook.wearable.sdk.mosanalyticsproxy.WearableAnalyticsProxy$AnalyticsServiceConnection@28a324a that was originally bound here
11-20 07:19:47.005 E/ActivityThread(15629): android.app.ServiceConnectionLeaked: Service com.facebook.wearable.system.wifimetricsupload.WifiMetricsUploadService has leaked ServiceConnection com.facebook.wearable.sdk.mosanalyticsproxy.WearableAnalyticsProxy$AnalyticsServiceConnection@28a324a that was originally bound here
11-20 07:19:47.005 E/ActivityThread(15629): 	at android.app.LoadedApk$ServiceDispatcher.<init>(LoadedApk.java:1834)
11-20 07:19:47.005 E/ActivityThread(15629): 	at android.app.LoadedApk.getServiceDispatcherCommon(LoadedApk.java:1706)
11-20 07:19:47.005 E/ActivityThread(15629): 	at android.app.LoadedApk.getServiceDispatcher(LoadedApk.java:1685)
11-20 07:19:47.005 E/ActivityThread(15629): 	at android.app.ContextImpl.bindServiceCommon(ContextImpl.java:1819)
11-20 07:19:47.005 E/ActivityThread(15629): 	at android.app.ContextImpl.bindService(ContextImpl.java:1749)
11-20 07:19:47.005 E/ActivityThread(15629): 	at android.content.ContextWrapper.bindService(ContextWrapper.java:756)
11-20 07:19:47.005 E/ActivityThread(15629): 	at com.facebook.wearable.sdk.mosanalyticsproxy.WearableAnalyticsProxy.log(WearableAnalyticsProxy.java:146)
11-20 07:19:47.005 E/ActivityThread(15629): 	at com.facebook.wearable.sdk.mosanalyticsproxy.WearableAnalyticsProxy$1.run(WearableAnalyticsProxy.java:64)
11-20 07:19:47.005 E/ActivityThread(15629): 	at java.util.concurrent.ThreadPoolExecutor.runWorker(ThreadPoolExecutor.java:1167)
11-20 07:19:47.005 E/ActivityThread(15629): 	at java.util.concurrent.ThreadPoolExecutor$Worker.run(ThreadPoolExecutor.java:641)
11-20 07:19:47.005 E/ActivityThread(15629): 	at java.lang.Thread.run(Thread.java:923)
11-20 07:19:47.008 E/ActivityThread(15629): Service com.facebook.wearable.system.wifimetricsupload.WifiMetricsUploadService has leaked ServiceConnection com.facebook.wearable.sdk.mosanalyticsproxy.WearableAnalyticsProxy$AnalyticsServiceConnection@ca16bb5 that was originally bound here
11-20 07:19:47.008 E/ActivityThread(15629): android.app.ServiceConnectionLeaked: Service com.facebook.wearable.system.wifimetricsupload.WifiMetricsUploadService has leaked ServiceConnection com.facebook.wearable.sdk.mosanalyticsproxy.WearableAnalyticsProxy$AnalyticsServiceConnection@ca16bb5 that was originally bound here
11-20 07:19:47.008 E/ActivityThread(15629): 	at android.app.LoadedApk$ServiceDispatcher.<init>(LoadedApk.java:1834)
11-20 07:19:47.008 E/ActivityThread(15629): 	at android.app.LoadedApk.getServiceDispatcherCommon(LoadedApk.java:1706)
11-20 07:19:47.008 E/ActivityThread(15629): 	at android.app.LoadedApk.getServiceDispatcher(LoadedApk.java:1685)
11-20 07:19:47.008 E/ActivityThread(15629): 	at android.app.ContextImpl.bindServiceCommon(ContextImpl.java:1819)
11-20 07:19:47.008 E/ActivityThread(15629): 	at android.app.ContextImpl.bindService(ContextImpl.java:1749)
11-20 07:19:47.008 E/ActivityThread(15629): 	at android.content.ContextWrapper.bindService(ContextWrapper.java:756)
11-20 07:19:47.008 E/ActivityThread(15629): 	at com.facebook.wearable.sdk.mosanalyticsproxy.WearableAnalyticsProxy.log(WearableAnalyticsProxy.java:146)
11-20 07:19:47.008 E/ActivityThread(15629): 	at com.facebook.wearable.sdk.mosanalyticsproxy.WearableAnalyticsProxy$1.run(WearableAnalyticsProxy.java:64)
11-20 07:19:47.008 E/ActivityThread(15629): 	at java.util.concurrent.ThreadPoolExecutor.runWorker(ThreadPoolExecutor.java:1167)
11-20 07:19:47.008 E/ActivityThread(15629): 	at java.util.concurrent.ThreadPoolExecutor$Worker.run(ThreadPoolExecutor.java:641)
11-20 07:19:47.008 E/ActivityThread(15629): 	at java.lang.Thread.run(Thread.java:923)
11-20 07:19:53.866 I/chatty  ( 1006): uid=1000(system) HwBinder:1006_2 expire 2 lines
11-20 07:19:58.171 I/chatty  ( 1186): uid=1000(system) Binder:1186_E expire 4 lines
11-20 07:20:00.005 I/chatty  ( 1186): uid=1000(system) DeviceStorageMo expire 2 lines
11-20 07:20:00.997 I/chatty  ( 1186): uid=1000 system_server expire 1 line
11-20 07:20:01.931 I/chatty  ( 1186): uid=1000(system) LazyTaskWriterT expire 1 line
11-20 07:20:04.393 I/chatty  ( 1186): uid=1000(system) android.display expire 1 line
11-20 07:20:05.442 I/chatty  ( 1186): uid=1000(system) WifiP2pService expire 2 lines
11-20 07:20:05.444 I/chatty  ( 1186): uid=1000(system) ActivityManager expire 1 line
11-20 07:20:05.568 W/wificond(  911): Scan is not started. Ignore abort request
11-20 07:20:05.962 I/chatty  ( 1186): uid=1000(system) WifiHandlerThre expire 1 line
11-20 07:20:05.981 I/chatty  ( 1186): uid=1000(system) ConnectivitySer expire 32 lines
11-20 07:20:06.687 E/NetlinkEvent(  462): NetlinkEvent::FindParam(): Parameter 'INTERFACE' not found
11-20 07:20:06.687 E/NetlinkEvent(  462): NetlinkEvent::FindParam(): Parameter 'STATE' not found
11-20 07:20:06.687 E/NetlinkEvent(  462): NetlinkEvent::FindParam(): Parameter 'TIME_NS' not found
11-20 07:20:06.688 E/NetlinkEvent(  462): NetlinkEvent::FindParam(): Parameter 'UID' not found
11-20 07:20:09.030 I/chatty  ( 1006): uid=1000(system) HwBinder:1006_1 expire 1 line
11-20 07:20:09.034 I/chatty  ( 1006): uid=1000(system) /vendor/bin/commandrouter expire 2 lines
11-20 07:20:13.863 I/chatty  ( 1006): uid=1000(system) HwBinder:1006_2 expire 1 line
11-20 07:20:15.303 I/chatty  ( 1006): uid=1000(system) HwBinder:1006_F expire 1 line
11-20 07:20:15.306 I/chatty  ( 1006): uid=1000(system) /vendor/bin/commandrouter expire 3 lines
11-20 07:20:15.306 D/mculinkhealth( 1029): isMcuReachable 1 (3 ms)
11-20 07:20:23.859 I/chatty  ( 1006): uid=1000(system) HwBinder:1006_2 expire 2 lines
11-20 07:20:25.794 I/chatty  ( 1186): uid=1000(system) android.ui expire 12 lines
11-20 07:20:29.156 I/chatty  ( 1186): uid=1000(system) Binder:1186_B expire 4 lines
11-20 07:20:31.420 I/chatty  ( 1186): uid=1000(system) LazyTaskWriterT expire 3 lines
11-20 07:20:36.684 I/chatty  ( 1186): uid=1000(system) ConnectivitySer expire 22 lines
11-20 07:20:36.922 I/chatty  ( 1186): uid=1000(system) android.display expire 2 lines
11-20 07:20:37.522 E/NetlinkEvent(  462): NetlinkEvent::FindParam(): Parameter 'INTERFACE' not found
11-20 07:20:37.522 E/NetlinkEvent(  462): NetlinkEvent::FindParam(): Parameter 'STATE' not found
11-20 07:20:37.522 E/NetlinkEvent(  462): NetlinkEvent::FindParam(): Parameter 'TIME_NS' not found
11-20 07:20:37.522 E/NetlinkEvent(  462): NetlinkEvent::FindParam(): Parameter 'UID' not found
11-20 07:20:43.855 I/chatty  ( 1006): uid=1000(system) /vendor/bin/commandrouter expire 1 line
11-20 07:20:43.856 D/commandrouter( 1006): SocServiceHandle::onServiceMessage, SoC Service = rtc_sync, appType = 1, type = SVC_RESP, clientId = 0, token = 38356, payloadLen = 8, result = 0, payload.size() = 8
11-20 07:20:45.307 D/commandrouter( 1006): SocServiceHandle::onServiceMessage, SoC Service = mcu_healthcheck_1029, appType = 1, type = SVC_REQ, clientId = 0, token = 1862, payloadLen = 12, result = 0, payload.size() = 12
11-20 07:20:45.311 D/commandrouter( 1006): mcu_healthcheck_1029 (1, merlot:mcu_health:control): <ServiceResponse> FORWARDED (remote -> local) CR token ID = 1862, service client ID = 40, token ID = 32265, result = 0
11-20 07:20:45.311 D/mculinkhealth( 1029): isMcuReachable 1 (4 ms)
11-20 07:20:49.169 I/chatty  ( 1186): uid=1000(system) Binder:1186_1C expire 4 lines
11-20 07:20:53.856 D/commandrouter( 1006): rtc_sync (1, rtc:sync): <ServiceRequest> FORWARDED (remote -> local) service client ID = 0, token ID = 38357
11-20 07:20:53.857 D/commandrouter( 1006): SocServiceHandle::onServiceMessage, SoC Service = rtc_sync, appType = 1, type = SVC_RESP, clientId = 0, token = 38357, payloadLen = 8, result = 0, payload.size() = 8
11-20 07:20:57.137 I/chatty  ( 1186): uid=1000(system) WifiP2pService expire 2 lines
11-20 07:20:57.138 I/chatty  ( 1186): uid=1000(system) ActivityManager expire 1 line
11-20 07:20:57.191 W/wificond(  911): Scan is not started. Ignore abort request
11-20 07:20:57.612 I/chatty  ( 1186): uid=1000(system) WifiHandlerThre expire 1 line
11-20 07:20:58.169 I/chatty  ( 1186): uid=1000(system) ConnectivitySer expire 19 lines
11-20 07:20:58.528 E/NetlinkEvent(  462): NetlinkEvent::FindParam(): Parameter 'INTERFACE' not found
11-20 07:20:58.528 E/NetlinkEvent(  462): NetlinkEvent::FindParam(): Parameter 'STATE' not found
11-20 07:20:58.528 E/NetlinkEvent(  462): NetlinkEvent::FindParam(): Parameter 'TIME_NS' not found
11-20 07:20:58.528 E/NetlinkEvent(  462): NetlinkEvent::FindParam(): Parameter 'UID' not found
11-20 07:21:00.108 I/chatty  ( 1186): uid=1000(system) DeviceStorageMo expire 2 lines
11-20 07:21:03.846 D/commandrouter( 1006): rtc_sync (1, rtc:sync): <ServiceRequest> FORWARDED (remote -> local) service client ID = 0, token ID = 38358
11-20 07:21:03.847 D/commandrouter( 1006): SocServiceHandle::onServiceMessage, SoC Service = rtc_sync, appType = 1, type = SVC_RESP, clientId = 0, token = 38358, payloadLen = 8, result = 0, payload.size() = 8
11-20 07:21:09.035 D/commandrouter( 1006): SocServiceHandle::onServiceMessage, SoC Service = mcu_healthcheck_934, appType = 1, type = SVC_REQ, clientId = 0, token = 931, payloadLen = 20, result = 0, payload.size() = 20
11-20 07:21:09.039 D/commandrouter( 1006): mcu_healthcheck_934 (1, merlot:mcu_health:control): <ServiceResponse> FORWARDED (remote -> local) CR token ID = 931, service client ID = 5, token ID = 32266, result = 0
11-20 07:21:13.836 D/commandrouter( 1006): rtc_sync (1, rtc:sync): <ServiceRequest> FORWARDED (remote -> local) service client ID = 0, token ID = 38359
11-20 07:21:13.837 D/commandrouter( 1006): SocServiceHandle::onServiceMessage, SoC Service = rtc_sync, appType = 1, type = SVC_RESP, clientId = 0, token = 38359, payloadLen = 8, result = 0, payload.size() = 8
11-20 07:21:15.312 D/commandrouter( 1006): SocServiceHandle::onServiceMessage, SoC Service = mcu_healthcheck_1029, appType = 1, type = SVC_REQ, clientId = 0, token = 1863, payloadLen = 12, result = 0, payload.size() = 12
11-20 07:21:15.315 D/commandrouter( 1006): mcu_healthcheck_1029 (1, merlot:mcu_health:control): <ServiceResponse> FORWARDED (remote -> local) CR token ID = 1863, service client ID = 40, token ID = 32267, result = 0
11-20 07:21:15.321 D/mculinkhealth( 1029): isMcuReachable 1 (9 ms)
11-20 07:21:17.417 I/chatty  ( 1186): uid=1000(system) android.ui expire 8 lines
11-20 07:21:20.180 I/chatty  ( 1186): uid=1000(system) Binder:1186_1C expire 4 lines
11-20 07:21:23.122 I/chatty  ( 1186): uid=1000(system) LazyTaskWriterT expire 1 line
11-20 07:21:23.820 D/commandrouter( 1006): rtc_sync (1, rtc:sync): <ServiceRequest> FORWARDED (remote -> local) service client ID = 0, token ID = 38360
11-20 07:21:23.821 D/commandrouter( 1006): SocServiceHandle::onServiceMessage, SoC Service = rtc_sync, appType = 1, type = SVC_RESP, clientId = 0, token = 38360, payloadLen = 8, result = 0, payload.size() = 8
11-20 07:21:26.920 I/chatty  ( 1186): uid=1000 system_server expire 1 line
11-20 07:21:27.920 I/chatty  ( 1186): uid=1000(system) android.display expire 1 line
11-20 07:21:28.411 I/chatty  ( 1186): uid=1000(system) ConnectivitySer expire 33 lines
11-20 07:21:28.564 E/NetlinkEvent(  462): NetlinkEvent::FindParam(): Parameter 'INTERFACE' not found
11-20 07:21:28.564 E/NetlinkEvent(  462): NetlinkEvent::FindParam(): Parameter 'STATE' not found
11-20 07:21:28.564 E/NetlinkEvent(  462): NetlinkEvent::FindParam(): Parameter 'TIME_NS' not found
11-20 07:21:28.564 E/NetlinkEvent(  462): NetlinkEvent::FindParam(): Parameter 'UID' not found
11-20 07:21:33.802 D/commandrouter( 1006): rtc_sync (1, rtc:sync): <ServiceRequest> FORWARDED (remote -> local) service client ID = 0, token ID = 38361
11-20 07:21:33.803 D/commandrouter( 1006): SocServiceHandle::onServiceMessage, SoC Service = rtc_sync, appType = 1, type = SVC_RESP, clientId = 0, token = 38361, payloadLen = 8, result = 0, payload.size() = 8
11-20 07:21:36.619 I/chatty  ( 1186): uid=1000(system) android.ui expire 4 lines
11-20 07:21:37.436 I/chatty  ( 1186): uid=1000(system) LazyTaskWriterT expire 2 lines
11-20 07:21:40.176 I/chatty  ( 1186): uid=1000(system) Binder:1186_1C expire 4 lines
11-20 07:21:43.789 D/commandrouter( 1006): rtc_sync (1, rtc:sync): <ServiceRequest> FORWARDED (remote -> local) service client ID = 0, token ID = 38362
11-20 07:21:43.789 D/commandrouter( 1006): SocServiceHandle::onServiceMessage, SoC Service = rtc_sync, appType = 1, type = SVC_RESP, clientId = 0, token = 38362, payloadLen = 8, result = 0, payload.size() = 8
11-20 07:21:45.322 D/commandrouter( 1006): SocServiceHandle::onServiceMessage, SoC Service = mcu_healthcheck_1029, appType = 1, type = SVC_REQ, clientId = 0, token = 1864, payloadLen = 12, result = 0, payload.size() = 12
11-20 07:21:45.326 D/commandrouter( 1006): mcu_healthcheck_1029 (1, merlot:mcu_health:control): <ServiceResponse> FORWARDED (remote -> local) CR token ID = 1864, service client ID = 40, token ID = 32268, result = 0
11-20 07:21:45.327 D/mculinkhealth( 1029): isMcuReachable 1 (4 ms)
11-20 07:21:46.498 I/chatty  ( 1186): uid=1000(system) android.display expire 1 line
11-20 07:21:47.492 I/chatty  ( 1186): uid=1000(system) WifiP2pService expire 2 lines
11-20 07:21:47.493 I/chatty  ( 1186): uid=1000(system) ActivityManager expire 1 line
11-20 07:21:47.495 W/wificond(  911): Scan is not started. Ignore abort request
11-20 07:21:48.001 I/chatty  ( 1186): uid=1000(system) WifiHandlerThre expire 1 line
11-20 07:21:48.803 E/NetlinkEvent(  462): NetlinkEvent::FindParam(): Parameter 'INTERFACE' not found
11-20 07:21:48.803 E/NetlinkEvent(  462): NetlinkEvent::FindParam(): Parameter 'STATE' not found
11-20 07:21:48.803 E/NetlinkEvent(  462): NetlinkEvent::FindParam(): Parameter 'TIME_NS' not found
11-20 07:21:48.803 E/NetlinkEvent(  462): NetlinkEvent::FindParam(): Parameter 'UID' not found
11-20 07:21:48.818 I/chatty  ( 1186): uid=1000(system) ConnectivitySer expire 15 lines
11-20 07:21:53.769 D/commandrouter( 1006): rtc_sync (1, rtc:sync): <ServiceRequest> FORWARDED (remote -> local) service client ID = 0, token ID = 38363
11-20 07:21:53.770 D/commandrouter( 1006): SocServiceHandle::onServiceMessage, SoC Service = rtc_sync, appType = 1, type = SVC_RESP, clientId = 0, token = 38363, payloadLen = 8, result = 0, payload.size() = 8
11-20 07:22:00.204 I/chatty  ( 1186): uid=1000(system) DeviceStorageMo expire 2 lines
11-20 07:22:03.763 D/commandrouter( 1006): rtc_sync (1, rtc:sync): <ServiceRequest> FORWARDED (remote -> local) service client ID = 0, token ID = 38364
11-20 07:22:03.763 D/commandrouter( 1006): SocServiceHandle::onServiceMessage, SoC Service = rtc_sync, appType = 1, type = SVC_RESP, clientId = 0, token = 38364, payloadLen = 8, result = 0, payload.size() = 8
11-20 07:22:07.775 I/chatty  ( 1186): uid=1000(system) android.ui expire 12 lines
11-20 07:22:09.040 D/commandrouter( 1006): SocServiceHandle::onServiceMessage, SoC Service = mcu_healthcheck_934, appType = 1, type = SVC_REQ, clientId = 0, token = 932, payloadLen = 20, result = 0, payload.size() = 20
11-20 07:22:09.043 D/commandrouter( 1006): mcu_healthcheck_934 (1, merlot:mcu_health:control): <ServiceResponse> FORWARDED (remote -> local) CR token ID = 932, service client ID = 5, token ID = 32269, result = 0
11-20 07:22:11.174 I/chatty  ( 1186): uid=1000(system) Binder:1186_B expire 1 line
11-20 07:22:11.309 I/chatty  ( 1186): uid=1000(system) Binder:1186_1A expire 3 lines
11-20 07:22:13.402 I/chatty  ( 1186): uid=1000(system) LazyTaskWriterT expire 3 lines
11-20 07:22:13.759 D/commandrouter( 1006): rtc_sync (1, rtc:sync): <ServiceRequest> FORWARDED (remote -> local) service client ID = 0, token ID = 38365
11-20 07:22:13.760 D/commandrouter( 1006): SocServiceHandle::onServiceMessage, SoC Service = rtc_sync, appType = 1, type = SVC_RESP, clientId = 0, token = 38365, payloadLen = 8, result = 0, payload.size() = 8
11-20 07:22:15.327 D/commandrouter( 1006): SocServiceHandle::onServiceMessage, SoC Service = mcu_healthcheck_1029, appType = 1, type = SVC_REQ, clientId = 0, token = 1865, payloadLen = 12, result = 0, payload.size() = 12
11-20 07:22:15.331 D/commandrouter( 1006): mcu_healthcheck_1029 (1, merlot:mcu_health:control): <ServiceResponse> FORWARDED (remote -> local) CR token ID = 1865, service client ID = 40, token ID = 32270, result = 0
11-20 07:22:15.331 D/mculinkhealth( 1029): isMcuReachable 1 (4 ms)
11-20 07:22:18.955 I/chatty  ( 1186): uid=1000(system) android.display expire 2 lines
11-20 07:22:19.566 E/NetlinkEvent(  462): NetlinkEvent::FindParam(): Parameter 'INTERFACE' not found
11-20 07:22:19.566 E/NetlinkEvent(  462): NetlinkEvent::FindParam(): Parameter 'STATE' not found
11-20 07:22:19.566 E/NetlinkEvent(  462): NetlinkEvent::FindParam(): Parameter 'TIME_NS' not found
11-20 07:22:19.566 E/NetlinkEvent(  462): NetlinkEvent::FindParam(): Parameter 'UID' not found
11-20 07:22:19.596 I/chatty  ( 1186): uid=1000(system) ConnectivitySer expire 6 lines
11-20 07:22:19.694 I/chatty  ( 1186): uid=1000(system) android.fg expire 1 line
11-20 07:22:23.762 D/commandrouter( 1006): rtc_sync (1, rtc:sync): <ServiceRequest> FORWARDED (remote -> local) service client ID = 0, token ID = 38366
11-20 07:22:23.762 D/commandrouter( 1006): SocServiceHandle::onServiceMessage, SoC Service = rtc_sync, appType = 1, type = SVC_RESP, clientId = 0, token = 38366, payloadLen = 8, result = 0, payload.size() = 8
11-20 07:22:31.165 I/chatty  ( 1186): uid=1000(system) Binder:1186_3 expire 4 lines
11-20 07:22:33.758 D/commandrouter( 1006): rtc_sync (1, rtc:sync): <ServiceRequest> FORWARDED (remote -> local) service client ID = 0, token ID = 38367
11-20 07:22:33.758 D/commandrouter( 1006): SocServiceHandle::onServiceMessage, SoC Service = rtc_sync, appType = 1, type = SVC_RESP, clientId = 0, token = 38367, payloadLen = 8, result = 0, payload.size() = 8
11-20 07:22:34.057 I/chatty  ( 1186): uid=1000 system_server expire 1 line
11-20 07:22:38.449 I/chatty  ( 1186): uid=1000(system) WifiP2pService expire 2 lines
11-20 07:22:38.450 I/chatty  ( 1186): uid=1000(system) ActivityManager expire 1 line
11-20 07:22:38.563 W/wificond(  911): Scan is not started. Ignore abort request
11-20 07:22:39.896 I/chatty  ( 1186): uid=1000(system) WifiHandlerThre expire 1 line
11-20 07:22:40.254 I/chatty  ( 1186): uid=1000(system) ConnectivitySer expire 28 lines
11-20 07:22:40.736 E/NetlinkEvent(  462): NetlinkEvent::FindParam(): Parameter 'INTERFACE' not found
11-20 07:22:40.736 E/NetlinkEvent(  462): NetlinkEvent::FindParam(): Parameter 'STATE' not found
11-20 07:22:40.736 E/NetlinkEvent(  462): NetlinkEvent::FindParam(): Parameter 'TIME_NS' not found
11-20 07:22:40.736 E/NetlinkEvent(  462): NetlinkEvent::FindParam(): Parameter 'UID' not found
11-20 07:22:43.753 D/commandrouter( 1006): rtc_sync (1, rtc:sync): <ServiceRequest> FORWARDED (remote -> local) service client ID = 0, token ID = 38368
11-20 07:22:43.754 D/commandrouter( 1006): SocServiceHandle::onServiceMessage, SoC Service = rtc_sync, appType = 1, type = SVC_RESP, clientId = 0, token = 38368, payloadLen = 8, result = 0, payload.size() = 8
11-20 07:22:45.332 D/commandrouter( 1006): SocServiceHandle::onServiceMessage, SoC Service = mcu_healthcheck_1029, appType = 1, type = SVC_REQ, clientId = 0, token = 1866, payloadLen = 12, result = 0, payload.size() = 12
11-20 07:22:45.335 D/commandrouter( 1006): mcu_healthcheck_1029 (1, merlot:mcu_health:control): <ServiceResponse> FORWARDED (remote -> local) CR token ID = 1866, service client ID = 40, token ID = 32271, result = 0
11-20 07:22:45.336 D/mculinkhealth( 1029): isMcuReachable 1 (4 ms)
11-20 07:22:53.746 D/commandrouter( 1006): rtc_sync (1, rtc:sync): <ServiceRequest> FORWARDED (remote -> local) service client ID = 0, token ID = 38369
11-20 07:22:53.747 D/commandrouter( 1006): SocServiceHandle::onServiceMessage, SoC Service = rtc_sync, appType = 1, type = SVC_RESP, clientId = 0, token = 38369, payloadLen = 8, result = 0, payload.size() = 8
11-20 07:22:58.793 I/chatty  ( 1186): uid=1000(system) android.ui expire 4 lines
11-20 07:23:00.305 I/chatty  ( 1186): uid=1000(system) DeviceStorageMo expire 2 lines
11-20 07:23:02.164 I/chatty  ( 1186): uid=1000(system) Binder:1186_3 expire 4 lines
11-20 07:23:03.747 D/commandrouter( 1006): rtc_sync (1, rtc:sync): <ServiceRequest> FORWARDED (remote -> local) service client ID = 0, token ID = 38370
11-20 07:23:03.748 D/commandrouter( 1006): SocServiceHandle::onServiceMessage, SoC Service = rtc_sync, appType = 1, type = SVC_RESP, clientId = 0, token = 38370, payloadLen = 8, result = 0, payload.size() = 8
11-20 07:23:04.409 I/chatty  ( 1186): uid=1000(system) LazyTaskWriterT expire 1 line
11-20 07:23:09.045 D/commandrouter( 1006): SocServiceHandle::onServiceMessage, SoC Service = mcu_healthcheck_934, appType = 1, type = SVC_REQ, clientId = 0, token = 933, payloadLen = 20, result = 0, payload.size() = 20
11-20 07:23:09.050 D/commandrouter( 1006): mcu_healthcheck_934 (1, merlot:mcu_health:control): <ServiceResponse> FORWARDED (remote -> local) CR token ID = 933, service client ID = 5, token ID = 32272, result = 0
11-20 07:23:09.904 I/chatty  ( 1186): uid=1000(system) android.display expire 2 lines
11-20 07:23:10.372 I/chatty  ( 1186): uid=1000(system) ConnectivitySer expire 10 lines
11-20 07:23:10.533 E/NetlinkEvent(  462): NetlinkEvent::FindParam(): Parameter 'INTERFACE' not found
11-20 07:23:10.533 E/NetlinkEvent(  462): NetlinkEvent::FindParam(): Parameter 'STATE' not found
11-20 07:23:10.533 E/NetlinkEvent(  462): NetlinkEvent::FindParam(): Parameter 'TIME_NS' not found
11-20 07:23:10.533 E/NetlinkEvent(  462): NetlinkEvent::FindParam(): Parameter 'UID' not found
11-20 07:23:13.754 D/commandrouter( 1006): rtc_sync (1, rtc:sync): <ServiceRequest> FORWARDED (remote -> local) service client ID = 0, token ID = 38371
11-20 07:23:13.755 D/commandrouter( 1006): SocServiceHandle::onServiceMessage, SoC Service = rtc_sync, appType = 1, type = SVC_RESP, clientId = 0, token = 38371, payloadLen = 8, result = 0, payload.size() = 8
11-20 07:23:14.590 I/chatty  ( 1186): uid=1000(system) android.ui expire 8 lines
11-20 07:23:15.337 D/commandrouter( 1006): SocServiceHandle::onServiceMessage, SoC Service = mcu_healthcheck_1029, appType = 1, type = SVC_REQ, clientId = 0, token = 1867, payloadLen = 12, result = 0, payload.size() = 12
11-20 07:23:15.341 D/commandrouter( 1006): mcu_healthcheck_1029 (1, merlot:mcu_health:control): <ServiceResponse> FORWARDED (remote -> local) CR token ID = 1867, service client ID = 40, token ID = 32273, result = 0
11-20 07:23:15.342 D/mculinkhealth( 1029): isMcuReachable 1 (5 ms)
11-20 07:23:19.139 I/chatty  ( 1186): uid=1000(system) LazyTaskWriterT expire 2 lines
11-20 07:23:21.170 I/chatty  ( 1186): uid=1000(system) Binder:1186_B expire 4 lines
11-20 07:23:23.761 D/commandrouter( 1006): rtc_sync (1, rtc:sync): <ServiceRequest> FORWARDED (remote -> local) service client ID = 0, token ID = 38372
11-20 07:23:23.761 D/commandrouter( 1006): SocServiceHandle::onServiceMessage, SoC Service = rtc_sync, appType = 1, type = SVC_RESP, clientId = 0, token = 38372, payloadLen = 8, result = 0, payload.size() = 8
11-20 07:23:29.139 I/chatty  ( 1186): uid=1000(system) WifiP2pService expire 2 lines
11-20 07:23:29.141 I/chatty  ( 1186): uid=1000(system) ActivityManager expire 1 line
11-20 07:23:29.259 W/wificond(  911): Scan is not started. Ignore abort request
11-20 07:23:29.635 I/chatty  ( 1186): uid=1000(system) WifiHandlerThre expire 1 line
11-20 07:23:29.796 I/chatty  ( 1186): uid=1000(system) ConnectivitySer expire 31 lines
11-20 07:23:30.407 E/NetlinkEvent(  462): NetlinkEvent::FindParam(): Parameter 'INTERFACE' not found
11-20 07:23:30.407 E/NetlinkEvent(  462): NetlinkEvent::FindParam(): Parameter 'STATE' not found
11-20 07:23:30.407 E/NetlinkEvent(  462): NetlinkEvent::FindParam(): Parameter 'TIME_NS' not found
11-20 07:23:30.408 E/NetlinkEvent(  462): NetlinkEvent::FindParam(): Parameter 'UID' not found
11-20 07:23:33.769 D/commandrouter( 1006): rtc_sync (1, rtc:sync): <ServiceRequest> FORWARDED (remote -> local) service client ID = 0, token ID = 38373
11-20 07:23:33.770 D/commandrouter( 1006): SocServiceHandle::onServiceMessage, SoC Service = rtc_sync, appType = 1, type = SVC_RESP, clientId = 0, token = 38373, payloadLen = 8, result = 0, payload.size() = 8
11-20 07:23:43.774 D/commandrouter( 1006): rtc_sync (1, rtc:sync): <ServiceRequest> FORWARDED (remote -> local) service client ID = 0, token ID = 38374
11-20 07:23:43.774 D/commandrouter( 1006): SocServiceHandle::onServiceMessage, SoC Service = rtc_sync, appType = 1, type = SVC_RESP, clientId = 0, token = 38374, payloadLen = 8, result = 0, payload.size() = 8
11-20 07:23:45.343 D/commandrouter( 1006): SocServiceHandle::onServiceMessage, SoC Service = mcu_healthcheck_1029, appType = 1, type = SVC_REQ, clientId = 0, token = 1868, payloadLen = 12, result = 0, payload.size() = 12
11-20 07:23:45.348 D/commandrouter( 1006): mcu_healthcheck_1029 (1, merlot:mcu_health:control): <ServiceResponse> FORWARDED (remote -> local) CR token ID = 1868, service client ID = 40, token ID = 32274, result = 0
11-20 07:23:45.349 D/mculinkhealth( 1029): isMcuReachable 1 (6 ms)
11-20 07:23:49.376 I/chatty  ( 1186): uid=1000(system) android.ui expire 4 lines
11-20 07:23:52.152 I/chatty  ( 1186): uid=1000(system) Binder:1186_10 expire 4 lines
11-20 07:23:53.782 D/commandrouter( 1006): rtc_sync (1, rtc:sync): <ServiceRequest> FORWARDED (remote -> local) service client ID = 0, token ID = 38375
11-20 07:23:53.783 D/commandrouter( 1006): SocServiceHandle::onServiceMessage, SoC Service = rtc_sync, appType = 1, type = SVC_RESP, clientId = 0, token = 38375, payloadLen = 8, result = 0, payload.size() = 8
11-20 07:23:54.985 I/chatty  ( 1186): uid=1000(system) LazyTaskWriterT expire 1 line
11-20 07:23:59.890 I/chatty  ( 1186): uid=1000(system) android.display expire 1 line
11-20 07:23:59.962 I/chatty  ( 1186): uid=1000 system_server expire 1 line
11-20 07:24:00.395 I/chatty  ( 1186): uid=1000(system) ConnectivitySer expire 10 lines
11-20 07:24:00.411 I/chatty  ( 1186): uid=1000(system) DeviceStorageMo expire 2 lines
11-20 07:24:00.530 E/NetlinkEvent(  462): NetlinkEvent::FindParam(): Parameter 'INTERFACE' not found
11-20 07:24:00.530 E/NetlinkEvent(  462): NetlinkEvent::FindParam(): Parameter 'STATE' not found
11-20 07:24:00.530 E/NetlinkEvent(  462): NetlinkEvent::FindParam(): Parameter 'TIME_NS' not found
11-20 07:24:00.530 E/NetlinkEvent(  462): NetlinkEvent::FindParam(): Parameter 'UID' not found
11-20 07:24:03.779 D/commandrouter( 1006): rtc_sync (1, rtc:sync): <ServiceRequest> FORWARDED (remote -> local) service client ID = 0, token ID = 38376
11-20 07:24:03.780 D/commandrouter( 1006): SocServiceHandle::onServiceMessage, SoC Service = rtc_sync, appType = 1, type = SVC_RESP, clientId = 0, token = 38376, payloadLen = 8, result = 0, payload.size() = 8
11-20 07:24:04.887 I/chatty  ( 1186): uid=1000(system) android.ui expire 8 lines
11-20 07:24:09.051 D/commandrouter( 1006): SocServiceHandle::onServiceMessage, SoC Service = mcu_healthcheck_934, appType = 1, type = SVC_REQ, clientId = 0, token = 934, payloadLen = 20, result = 0, payload.size() = 20
11-20 07:24:09.055 D/commandrouter( 1006): mcu_healthcheck_934 (1, merlot:mcu_health:control): <ServiceResponse> FORWARDED (remote -> local) CR token ID = 934, service client ID = 5, token ID = 32275, result = 0
11-20 07:24:09.414 I/chatty  ( 1186): uid=1000(system) LazyTaskWriterT expire 2 lines
11-20 07:24:12.162 I/chatty  ( 1186): uid=1000(system) Binder:1186_D expire 4 lines
11-20 07:24:13.778 D/commandrouter( 1006): rtc_sync (1, rtc:sync): <ServiceRequest> FORWARDED (remote -> local) service client ID = 0, token ID = 38377
11-20 07:24:13.779 D/commandrouter( 1006): SocServiceHandle::onServiceMessage, SoC Service = rtc_sync, appType = 1, type = SVC_RESP, clientId = 0, token = 38377, payloadLen = 8, result = 0, payload.size() = 8
11-20 07:24:15.350 D/commandrouter( 1006): SocServiceHandle::onServiceMessage, SoC Service = mcu_healthcheck_1029, appType = 1, type = SVC_REQ, clientId = 0, token = 1869, payloadLen = 12, result = 0, payload.size() = 12
11-20 07:24:15.353 D/commandrouter( 1006): mcu_healthcheck_1029 (1, merlot:mcu_health:control): <ServiceResponse> FORWARDED (remote -> local) CR token ID = 1869, service client ID = 40, token ID = 32276, result = 0
11-20 07:24:15.354 D/mculinkhealth( 1029): isMcuReachable 1 (4 ms)
11-20 07:24:18.999 I/chatty  ( 1186): uid=1000(system) android.display expire 1 line
11-20 07:24:19.978 I/chatty  ( 1186): uid=1000(system) WifiP2pService expire 2 lines
11-20 07:24:19.979 I/chatty  ( 1186): uid=1000(system) ActivityManager expire 1 line
11-20 07:24:20.112 W/wificond(  911): Scan is not started. Ignore abort request
11-20 07:24:20.481 I/chatty  ( 1186): uid=1000(system) WifiHandlerThre expire 1 line
11-20 07:24:20.651 I/chatty  ( 1186): uid=1000(system) ConnectivitySer expire 31 lines
11-20 07:24:21.271 E/NetlinkEvent(  462): NetlinkEvent::FindParam(): Parameter 'INTERFACE' not found
11-20 07:24:21.272 E/NetlinkEvent(  462): NetlinkEvent::FindParam(): Parameter 'STATE' not found
11-20 07:24:21.272 E/NetlinkEvent(  462): NetlinkEvent::FindParam(): Parameter 'TIME_NS' not found
11-20 07:24:21.272 E/NetlinkEvent(  462): NetlinkEvent::FindParam(): Parameter 'UID' not found
11-20 07:24:23.779 D/commandrouter( 1006): rtc_sync (1, rtc:sync): <ServiceRequest> FORWARDED (remote -> local) service client ID = 0, token ID = 38378
11-20 07:24:23.779 D/commandrouter( 1006): SocServiceHandle::onServiceMessage, SoC Service = rtc_sync, appType = 1, type = SVC_RESP, clientId = 0, token = 38378, payloadLen = 8, result = 0, payload.size() = 8
11-20 07:24:33.776 D/commandrouter( 1006): rtc_sync (1, rtc:sync): <ServiceRequest> FORWARDED (remote -> local) service client ID = 0, token ID = 38379
11-20 07:24:33.776 D/commandrouter( 1006): SocServiceHandle::onServiceMessage, SoC Service = rtc_sync, appType = 1, type = SVC_RESP, clientId = 0, token = 38379, payloadLen = 8, result = 0, payload.size() = 8
11-20 07:24:40.392 I/chatty  ( 1186): uid=1000(system) android.ui expire 4 lines
11-20 07:24:43.152 I/chatty  ( 1186): uid=1000(system) Binder:1186_1B expire 4 lines
11-20 07:24:43.769 D/commandrouter( 1006): rtc_sync (1, rtc:sync): <ServiceRequest> FORWARDED (remote -> local) service client ID = 0, token ID = 38380
11-20 07:24:43.769 D/commandrouter( 1006): SocServiceHandle::onServiceMessage, SoC Service = rtc_sync, appType = 1, type = SVC_RESP, clientId = 0, token = 38380, payloadLen = 8, result = 0, payload.size() = 8
11-20 07:24:45.355 D/commandrouter( 1006): SocServiceHandle::onServiceMessage, SoC Service = mcu_healthcheck_1029, appType = 1, type = SVC_REQ, clientId = 0, token = 1870, payloadLen = 12, result = 0, payload.size() = 12
11-20 07:24:45.358 D/commandrouter( 1006): mcu_healthcheck_1029 (1, merlot:mcu_health:control): <ServiceResponse> FORWARDED (remote -> local) CR token ID = 1870, service client ID = 40, token ID = 32277, result = 0
11-20 07:24:45.359 D/mculinkhealth( 1029): isMcuReachable 1 (4 ms)
11-20 07:24:46.013 I/chatty  ( 1186): uid=1000(system) LazyTaskWriterT expire 1 line
11-20 07:24:50.872 I/chatty  ( 1186): uid=1000(system) android.display expire 1 line
11-20 07:24:51.269 I/chatty  ( 1186): uid=1000(system) ConnectivitySer expire 10 lines
11-20 07:24:51.358 I/wificond(  911): Fail RSSI polling because wifi is not associated.
11-20 07:24:51.534 E/NetlinkEvent(  462): NetlinkEvent::FindParam(): Parameter 'INTERFACE' not found
11-20 07:24:51.534 E/NetlinkEvent(  462): NetlinkEvent::FindParam(): Parameter 'STATE' not found
11-20 07:24:51.534 E/NetlinkEvent(  462): NetlinkEvent::FindParam(): Parameter 'TIME_NS' not found
11-20 07:24:51.534 E/NetlinkEvent(  462): NetlinkEvent::FindParam(): Parameter 'UID' not found
11-20 07:24:53.765 D/commandrouter( 1006): rtc_sync (1, rtc:sync): <ServiceRequest> FORWARDED (remote -> local) service client ID = 0, token ID = 38381
11-20 07:24:53.766 D/commandrouter( 1006): SocServiceHandle::onServiceMessage, SoC Service = rtc_sync, appType = 1, type = SVC_RESP, clientId = 0, token = 38381, payloadLen = 8, result = 0, payload.size() = 8
11-20 07:24:55.778 I/chatty  ( 1186): uid=1000(system) android.ui expire 8 lines
11-20 07:25:00.393 I/chatty  ( 1186): uid=1000(system) LazyTaskWriterT expire 2 lines
11-20 07:25:00.476 I/chatty  ( 1186): uid=1000(system) DeviceStorageMo expire 2 lines
11-20 07:25:03.173 I/chatty  ( 1186): uid=1000(system) Binder:1186_10 expire 4 lines
11-20 07:25:03.763 D/commandrouter( 1006): rtc_sync (1, rtc:sync): <ServiceRequest> FORWARDED (remote -> local) service client ID = 0, token ID = 38382
11-20 07:25:03.764 D/commandrouter( 1006): SocServiceHandle::onServiceMessage, SoC Service = rtc_sync, appType = 1, type = SVC_RESP, clientId = 0, token = 38382, payloadLen = 8, result = 0, payload.size() = 8
11-20 07:25:06.055 I/chatty  ( 1186): uid=1000 system_server expire 1 line
11-20 07:25:09.056 D/commandrouter( 1006): SocServiceHandle::onServiceMessage, SoC Service = mcu_healthcheck_934, appType = 1, type = SVC_REQ, clientId = 0, token = 935, payloadLen = 20, result = 0, payload.size() = 20
11-20 07:25:09.059 D/commandrouter( 1006): mcu_healthcheck_934 (1, merlot:mcu_health:control): <ServiceResponse> FORWARDED (remote -> local) CR token ID = 935, service client ID = 5, token ID = 32278, result = 0
11-20 07:25:09.933 I/chatty  ( 1186): uid=1000(system) android.display expire 1 line
11-20 07:25:10.961 I/chatty  ( 1186): uid=1000(system) WifiP2pService expire 2 lines
11-20 07:25:10.962 I/chatty  ( 1186): uid=1000(system) ActivityManager expire 1 line
11-20 07:25:10.989 W/wificond(  911): Scan is not started. Ignore abort request
11-20 07:25:11.450 I/chatty  ( 1186): uid=1000(system) WifiHandlerThre expire 1 line
11-20 07:25:11.616 I/chatty  ( 1186): uid=1000(system) ConnectivitySer expire 31 lines
11-20 07:25:12.205 E/NetlinkEvent(  462): NetlinkEvent::FindParam(): Parameter 'INTERFACE' not found
11-20 07:25:12.206 E/NetlinkEvent(  462): NetlinkEvent::FindParam(): Parameter 'STATE' not found
11-20 07:25:12.206 E/NetlinkEvent(  462): NetlinkEvent::FindParam(): Parameter 'TIME_NS' not found
11-20 07:25:12.206 E/NetlinkEvent(  462): NetlinkEvent::FindParam(): Parameter 'UID' not found
11-20 07:25:13.764 D/commandrouter( 1006): rtc_sync (1, rtc:sync): <ServiceRequest> FORWARDED (remote -> local) service client ID = 0, token ID = 38383
11-20 07:25:13.765 D/commandrouter( 1006): SocServiceHandle::onServiceMessage, SoC Service = rtc_sync, appType = 1, type = SVC_RESP, clientId = 0, token = 38383, payloadLen = 8, result = 0, payload.size() = 8
11-20 07:25:15.360 D/commandrouter( 1006): SocServiceHandle::onServiceMessage, SoC Service = mcu_healthcheck_1029, appType = 1, type = SVC_REQ, clientId = 0, token = 1871, payloadLen = 12, result = 0, payload.size() = 12
11-20 07:25:15.366 D/commandrouter( 1006): mcu_healthcheck_1029 (1, merlot:mcu_health:control): <ServiceResponse> FORWARDED (remote -> local) CR token ID = 1871, service client ID = 40, token ID = 32279, result = 0
