11-20 00:31:39.281 W/ContextImpl( 1194): Calling a method in the system process without a qualified user: android.app.ContextImpl.sendBroadcastMultiplePermissions:1143 android.content.Context.sendBroadcastWithMultiplePermissions:2150 com.android.server.wifi.p2p.WifiP2pServiceImpl$P2pStateMachine.sendBroadcastMultiplePermissions:3209 com.android.server.wifi.p2p.WifiP2pServiceImpl$P2pStateMachine.sendP2pConnectionChangedBroadcast:3236 com.android.server.wifi.p2p.WifiP2pServiceImpl$P2pStateMachine.access$5100:768 
11-20 00:31:39.287 W/BroadcastQueue( 1194): Permission Denial: receiving Intent { act=android.net.wifi.p2p.CONNECTION_STATE_CHANGE flg=0x24000010 (has extras) } to ProcessRecord{ba73 1900:.qtidataservices/u0a89} (pid=1900, uid=10089) requires android.permission.ACCESS_FINE_LOCATION due to sender android (uid 1000)
11-20 00:31:39.294 W/wificond(  906): Scan is not started. Ignore abort request
11-20 00:31:39.399 W/ContextImpl( 1194): Calling a method in the system process without a qualified user: android.app.ContextImpl.sendBroadcastMultiplePermissions:1143 android.content.Context.sendBroadcastWithMultiplePermissions:2150 com.android.server.wifi.p2p.WifiP2pServiceImpl$P2pStateMachine.sendBroadcastMultiplePermissions:3209 com.android.server.wifi.p2p.WifiP2pServiceImpl$P2pStateMachine.sendThisDeviceChangedBroadcast:3218 com.android.server.wifi.p2p.WifiP2pServiceImpl$P2pStateMachine.updateThisDevice:3962 
11-20 00:31:39.759 D/ConnectivityService( 1194): registerNetworkAgent NetworkAgentInfo{ ni{[type: WIFI[], state: UNKNOWN/IDLE, reason: (unspecified), extra: , failover: false, available: true, roaming: false]}  network{136}  nethandle{587521249293}  lp{{InterfaceName: wlan0 LinkAddresses: [ ] DnsAddresses: [ ] Domains: null MTU: 0 Routes: [ ]}}  nc{[ Transports: WIFI Capabilities: NOT_METERED&INTERNET&NOT_RESTRICTED&TRUSTED&NOT_VPN&NOT_ROAMING&FOREGROUND&NOT_CONGESTED&NOT_SUSPENDED LinkUpBandwidth>=72000Kbps LinkDnBandwidth>=72000Kbps OwnerUid: 1000 SSID: "MTBF_Lab" RequestorUid: -1 RequestorPackageName: null]}  Score{20}  everValidated{false}  lastValidated{false}  created{false} lingering{false} explicitlySelected{false} acceptUnvalidated{false} everCaptivePortalDetected{false} lastCaptivePortalDetected{false} partialConnectivity{false} acceptPartialConnectivity{false} clat{mBaseIface: null, mIface: null, mState: IDLE} }
11-20 00:31:39.778 D/ConnectivityService( 1194): [136 WIFI] EVENT_NETWORK_INFO_CHANGED, going from UNKNOWN to UNKNOWN
11-20 00:31:39.908 D/ConnectivityService( 1194): NetReassign [no changes]
11-20 00:31:39.930 I/Nat464Xlat( 1194): Android Xlat is disabled
11-20 00:31:39.930 I/Nat464Xlat( 1194): Android Xlat is disabled
11-20 00:31:40.048 E/ConnectivityService( 1194): Exception in networkAddRouteParcel for non-gateway: android.os.ServiceSpecificException: Machine is not on the network (code 64)
11-20 00:31:40.049 E/ConnectivityService( 1194): Exception in networkAddRouteParcel for gateway: android.os.ServiceSpecificException: Machine is not on the network (code 64)
11-20 00:31:40.049 I/Nat464Xlat( 1194): Android Xlat is disabled
11-20 00:31:40.049 I/Nat464Xlat( 1194): Android Xlat is disabled
11-20 00:31:40.119 D/ConnectivityService( 1194): Setting DNS servers for network 136 to [/192.168.1.1]
11-20 00:31:40.120 I/Nat464Xlat( 1194): Android Xlat is disabled
11-20 00:31:40.120 I/Nat464Xlat( 1194): Android Xlat is disabled
11-20 00:31:40.187 D/ConnectivityService( 1194): [136 WIFI] EVENT_NETWORK_INFO_CHANGED, going from UNKNOWN to CONNECTED
11-20 00:31:40.189 D/DnsManager( 1194): sendDnsConfigurationForNetwork(136, [192.168.1.1], [], 1800, 25, 8, 64, 0, 0, , [])
11-20 00:31:40.191 W/DnsManager( 1194): updatePrivateDns(136, PrivateDnsConfig{true:/[]})
11-20 00:31:40.191 D/ConnectivityService( 1194): Setting DNS servers for network 136 to [/192.168.1.1]
11-20 00:31:40.192 D/DnsManager( 1194): sendDnsConfigurationForNetwork(136, [192.168.1.1], [], 1800, 25, 8, 64, 0, 0, , [192.168.1.1])
11-20 00:31:40.198 D/ConnectivityService( 1194): Adding iface wlan0 to network 136
11-20 00:31:40.250 D/ConnectivityService( 1194): Setting DNS servers for network 136 to [/192.168.1.1]
11-20 00:31:40.251 D/DnsManager( 1194): sendDnsConfigurationForNetwork(136, [192.168.1.1], [], 1800, 25, 8, 64, 0, 0, , [192.168.1.1])
11-20 00:31:40.252 I/Nat464Xlat( 1194): Android Xlat is disabled
11-20 00:31:40.253 I/Nat464Xlat( 1194): Android Xlat is disabled
11-20 00:31:40.307 D/ConnectivityService( 1194): NetReassign [no changes]
11-20 00:31:40.488 D/ConnectivityService( 1194): [136 WIFI] validation passed
11-20 00:31:40.489 D/ConnectivityService( 1194): NetReassign [8 : 100 → 136, 20 : 100 → 136, 46 : 100 → 136, 45 : 100 → 136, 626 : 100 → 136, 12 : 100 → 136, 22 : 100 → 136, 16 : 100 → 136, 603 : 100 → 136, 14 : 100 → 136, 50 : 100 → 136, 18 : 100 → 136, 11 : 100 → 136, 629 : 100 → 136, 1 : 100 → 136, 17 : 100 → 136]
11-20 00:31:40.493 E/NetlinkEvent(  459): NetlinkEvent::FindParam(): Parameter 'INTERFACE' not found
11-20 00:31:40.493 E/NetlinkEvent(  459): NetlinkEvent::FindParam(): Parameter 'STATE' not found
11-20 00:31:40.493 E/NetlinkEvent(  459): NetlinkEvent::FindParam(): Parameter 'TIME_NS' not found
11-20 00:31:40.493 E/NetlinkEvent(  459): NetlinkEvent::FindParam(): Parameter 'UID' not found
11-20 00:31:40.513 D/ConnectivityService( 1194): Switching to new default network: NetworkAgentInfo{ ni{[type: WIFI[], state: CONNECTED/CONNECTED, reason: (unspecified), extra: , failover: false, available: true, roaming: false]}  network{136}  nethandle{587521249293}  lp{{InterfaceName: wlan0 LinkAddresses: [ 192.168.1.39/24 ] DnsAddresses: [ /192.168.1.1 ] Domains: null MTU: 0 ServerAddress: /192.168.1.1 TcpBufferSizes: 524288,1048576,2097152,262144,524288,1048576 Routes: [ fe80::/64 -> :: wlan0 mtu 0,192.168.1.0/24 -> 0.0.0.0 wlan0 mtu 0,0.0.0.0/0 -> 192.168.1.1 wlan0 mtu 0 ]}}  nc{[ Transports: WIFI Capabilities: NOT_METERED&INTERNET&NOT_RESTRICTED&TRUSTED&NOT_VPN&VALIDATED&NOT_ROAMING&FOREGROUND&NOT_CONGESTED&NOT_SUSPENDED LinkUpBandwidth>=68000Kbps LinkDnBandwidth>=68000Kbps SignalStrength: -29 OwnerUid: 1000 SSID: "MTBF_Lab" RequestorUid: -1 RequestorPackageName: null]}  Score{60}  everValidated{true}  lastValidated{true}  created{true} lingering{false} explicitlySelected{false} acceptUnvalidated{false} everCaptivePortalDetected{false} lastCaptivePortalDetected{false} partialConnectivity{false} acceptPartialConnectivity{false} clat{mBaseIface: null, mIface: null, mState: IDLE} }
11-20 00:31:40.645 D/ConnectivityService( 1194): Lingering [100 CELLULAR] for 30000ms
11-20 00:31:40.648 D/ConnectivityService( 1194): Sending DISCONNECTED broadcast for type 0 [100 CELLULAR] isDefaultNetwork=true
11-20 00:31:40.650 D/ConnectivityService( 1194): Sending CONNECTED broadcast for type 1 [136 WIFI] isDefaultNetwork=true
11-20 00:31:40.699 D/ConnectivityService( 1194): Setting DNS servers for network 136 to [/192.168.1.1]
11-20 00:31:40.700 D/DnsManager( 1194): sendDnsConfigurationForNetwork(136, [192.168.1.1], [], 1800, 25, 8, 64, 0, 0, , [192.168.1.1])
11-20 00:31:40.827 W/Looper  ( 1194): Slow dispatch took 160ms main h=com.android.server.job.JobSchedulerService$JobHandler c=null m=1
11-20 00:31:40.920 I/Nat464Xlat( 1194): Android Xlat is disabled
11-20 00:31:40.920 I/Nat464Xlat( 1194): Android Xlat is disabled
11-20 00:31:41.039 D/commandrouter( 1117): rtc_sync (1, rtc:sync): <ServiceRequest> FORWARDED (remote -> local) service client ID = 0, token ID = 35908
11-20 00:31:41.040 D/commandrouter( 1117): SocServiceHandle::onServiceMessage, SoC Service = rtc_sync, appType = 1, type = SVC_RESP, clientId = 0, token = 35908, payloadLen = 8, result = 0, payload.size() = 8
11-20 00:31:42.423 D/commandrouter( 1117): SocServiceHandle::onServiceMessage, SoC Service = mcu_healthcheck_1118, appType = 1, type = SVC_REQ, clientId = 0, token = 1046, payloadLen = 12, result = 0, payload.size() = 12
11-20 00:31:42.427 D/commandrouter( 1117): mcu_healthcheck_1118 (1, merlot:mcu_health:control): <ServiceResponse> FORWARDED (remote -> local) CR token ID = 1046, service client ID = 40, token ID = 17911, result = 0
11-20 00:31:42.427 D/mculinkhealth( 1118): isMcuReachable 1 (4 ms)
11-20 00:31:51.044 D/commandrouter( 1117): rtc_sync (1, rtc:sync): <ServiceRequest> FORWARDED (remote -> local) service client ID = 0, token ID = 35909
11-20 00:31:51.045 D/commandrouter( 1117): SocServiceHandle::onServiceMessage, SoC Service = rtc_sync, appType = 1, type = SVC_RESP, clientId = 0, token = 35909, payloadLen = 8, result = 0, payload.size() = 8
11-20 00:31:59.685 D/AutofillManagerService( 1194): onBackKeyPressed()
11-20 00:32:00.687 D/AutofillManagerService( 1194): onBackKeyPressed()
11-20 00:32:01.044 D/commandrouter( 1117): rtc_sync (1, rtc:sync): <ServiceRequest> FORWARDED (remote -> local) service client ID = 0, token ID = 35910
11-20 00:32:01.045 D/commandrouter( 1117): SocServiceHandle::onServiceMessage, SoC Service = rtc_sync, appType = 1, type = SVC_RESP, clientId = 0, token = 35910, payloadLen = 8, result = 0, payload.size() = 8
11-20 00:32:01.209 D/AutofillManagerService( 1194): onBackKeyPressed()
11-20 00:32:02.541 D/AutofillManagerService( 1194): onBackKeyPressed()
11-20 00:32:03.168 W/ActivityManager( 1194): Invalid packageName: com.facebook.wearable.system.settings/com.facebook.wearable.system.settings.SettingsActivity
11-20 00:32:03.292 I/ActivityTaskManager( 1194): START u0 {flg=0x10000000 cmp=com.facebook.wearable.system.settings/.SettingsActivity} from uid 0
11-20 00:32:03.310 I/ActivityTaskManager( 1194): The Process com.facebook.wearable.system.settings Already Exists in BG. So sending its PID: 3038
11-20 00:32:03.310 W/ActivityTaskManager( 1194): Tried to set launchTime (0) < mLastActivityLaunchTime (31438552)
11-20 00:32:05.792 E/TaskPersister( 1194): File error accessing recents directory (directory doesn't exist?).
11-20 00:32:08.173 D/commandrouter( 1117): SocServiceHandle::onServiceMessage, SoC Service = mcu_healthcheck_946, appType = 1, type = SVC_REQ, clientId = 0, token = 523, payloadLen = 20, result = 0, payload.size() = 20
11-20 00:32:08.177 D/commandrouter( 1117): mcu_healthcheck_946 (1, merlot:mcu_health:control): <ServiceResponse> FORWARDED (remote -> local) CR token ID = 523, service client ID = 6, token ID = 17912, result = 0
11-20 00:32:09.507 D/AppStorageManager( 1194): BEFORE:: Previous Size: 1047842816 Current Size: 1047584768
11-20 00:32:09.507 D/AppStorageManager( 1194): AFTER:: Previous Size: 1047584768 Current Size: 1047584768
11-20 00:32:10.489 D/ConnectivityService( 1194): handleLingerComplete for [100 CELLULAR]
11-20 00:32:10.928 W/ContextImpl( 1194): Calling a method in the system process without a qualified user: android.app.ContextImpl.sendBroadcastMultiplePermissions:1143 android.content.Context.sendBroadcastWithMultiplePermissions:2150 com.android.server.display.WifiDisplayAdapter.handleSendStatusChangeBroadcast:440 com.android.server.display.WifiDisplayAdapter.access$1700:63 com.android.server.display.WifiDisplayAdapter$WifiDisplayHandler.handleMessage:675 
11-20 00:32:11.044 D/commandrouter( 1117): rtc_sync (1, rtc:sync): <ServiceRequest> FORWARDED (remote -> local) service client ID = 0, token ID = 35911
11-20 00:32:11.045 D/commandrouter( 1117): SocServiceHandle::onServiceMessage, SoC Service = rtc_sync, appType = 1, type = SVC_RESP, clientId = 0, token = 35911, payloadLen = 8, result = 0, payload.size() = 8
11-20 00:32:11.456 D/ConnectivityService( 1194): [136 WIFI] EVENT_NETWORK_INFO_CHANGED, going from CONNECTED to DISCONNECTED
11-20 00:32:11.456 D/ConnectivityService( 1194): [136 WIFI] disconnected, was satisfying 27
11-20 00:32:11.473 D/AnalyticsLogger( 1194): sent events: 12
11-20 00:32:11.560 I/Nat464Xlat( 1194): Android Xlat is disabled
11-20 00:32:11.560 I/Nat464Xlat( 1194): Android Xlat is disabled
11-20 00:32:11.599 D/ConnectivityService( 1194): Sending DISCONNECTED broadcast for type 1 [136 WIFI] isDefaultNetwork=true
11-20 00:32:11.601 D/ConnectivityService( 1194): NetReassign [8 : null → 100, 20 : null → 100, 46 : null → 100, 45 : null → 100, 626 : null → 100, 12 : null → 100, 22 : null → 100, 16 : null → 100, 603 : null → 100, 14 : null → 100, 50 : null → 100, 18 : null → 100, 11 : null → 100, 629 : null → 100, 1 : null → 100, 17 : null → 100]
11-20 00:32:11.614 E/NetlinkEvent(  459): NetlinkEvent::FindParam(): Parameter 'INTERFACE' not found
11-20 00:32:11.614 E/NetlinkEvent(  459): NetlinkEvent::FindParam(): Parameter 'STATE' not found
11-20 00:32:11.614 E/NetlinkEvent(  459): NetlinkEvent::FindParam(): Parameter 'TIME_NS' not found
11-20 00:32:11.614 E/NetlinkEvent(  459): NetlinkEvent::FindParam(): Parameter 'UID' not found
11-20 00:32:11.624 D/ConnectivityService( 1194): Switching to new default network: NetworkAgentInfo{ ni{[type: MOBILE[LTE], state: CONNECTED/CONNECTED, reason: (unspecified), extra: nxtgenphone, failover: false, available: true, roaming: false]}  network{100}  nethandle{432902426637}  lp{{InterfaceName: rmnet_data2 LinkAddresses: [ 10.129.103.196/29,2600:380:c119:24f:b89a:9f3c:46c1:95af/64 ] DnsAddresses: [ /172.26.38.1,/fc00:a:a::300 ] Domains: null MTU: 1430 TcpBufferSizes: 2097152,4194304,8388608,262144,524288,1048576 Routes: [ 0.0.0.0/0 -> 10.129.103.197 rmnet_data2 mtu 1430,::/0 -> fe80::b45f:41f1:1846:969d rmnet_data2 mtu 1430,10.129.103.192/29 -> 0.0.0.0 rmnet_data2 mtu 0,2600:380:c119:24f::/64 -> :: rmnet_data2 mtu 0 ]}}  nc{[ Transports: CELLULAR Capabilities: MMS&SUPL&FOTA&INTERNET&NOT_RESTRICTED&TRUSTED&NOT_VPN&VALIDATED&NOT_ROAMING&NOT_CONGESTED&NOT_SUSPENDED LinkUpBandwidth>=15000Kbps LinkDnBandwidth>=30000Kbps Specifier: <TelephonyNetworkSpecifier [mSubId = 1]> AdministratorUids: [] RequestorUid: -1 RequestorPackageName: null]}  Score{50}  everValidated{true}  lastValidated{true}  created{true} lingering{false} explicitlySelected{false} acceptUnvalidated{false} everCaptivePortalDetected{false} lastCaptivePortalDetected{false} partialConnectivity{false} acceptPartialConnectivity{false} clat{mBaseIface: null, mIface: null, mState: IDLE} }
11-20 00:32:11.835 D/ConnectivityService( 1194): Sending CONNECTED broadcast for type 0 [100 CELLULAR] isDefaultNetwork=true
11-20 00:32:12.428 D/commandrouter( 1117): SocServiceHandle::onServiceMessage, SoC Service = mcu_healthcheck_1118, appType = 1, type = SVC_REQ, clientId = 0, token = 1047, payloadLen = 12, result = 0, payload.size() = 12
11-20 00:32:12.432 D/commandrouter( 1117): mcu_healthcheck_1118 (1, merlot:mcu_health:control): <ServiceResponse> FORWARDED (remote -> local) CR token ID = 1047, service client ID = 40, token ID = 17913, result = 0
11-20 00:32:12.433 D/mculinkhealth( 1118): isMcuReachable 1 (4 ms)
11-20 00:32:15.890 D/AutofillManagerService( 1194): onBackKeyPressed()
11-20 00:32:18.633 I/chatty  ( 1194): uid=1000(system) android.ui identical 3 lines
11-20 00:32:19.629 D/AutofillManagerService( 1194): onBackKeyPressed()
11-20 00:32:20.461 E/TaskPersister( 1194): File error accessing recents directory (directory doesn't exist?).
11-20 00:32:20.624 D/AutofillManagerService( 1194): onBackKeyPressed()
11-20 00:32:21.043 D/commandrouter( 1117): rtc_sync (1, rtc:sync): <ServiceRequest> FORWARDED (remote -> local) service client ID = 0, token ID = 35912
11-20 00:32:21.044 D/commandrouter( 1117): SocServiceHandle::onServiceMessage, SoC Service = rtc_sync, appType = 1, type = SVC_RESP, clientId = 0, token = 35912, payloadLen = 8, result = 0, payload.size() = 8
11-20 00:32:21.620 D/AutofillManagerService( 1194): onBackKeyPressed()
11-20 00:32:22.631 D/AutofillManagerService( 1194): onBackKeyPressed()
11-20 00:32:23.148 W/ActivityManager( 1194): Invalid packageName: com.facebook.wearable.system.settings/com.facebook.wearable.system.settings.SettingsActivity
11-20 00:32:23.265 I/ActivityTaskManager( 1194): START u0 {flg=0x10000000 cmp=com.facebook.wearable.system.settings/.SettingsActivity} from uid 0
11-20 00:32:23.283 I/ActivityTaskManager( 1194): The Process com.facebook.wearable.system.settings Already Exists in BG. So sending its PID: 3038
11-20 00:32:23.284 W/ActivityTaskManager( 1194): Tried to set launchTime (0) < mLastActivityLaunchTime (31469575)
11-20 00:32:27.364 E/TaskPersister( 1194): File error accessing recents directory (directory doesn't exist?).
11-20 00:32:30.029 W/ContextImpl( 1194): Calling a method in the system process without a qualified user: android.app.ContextImpl.sendBroadcastMultiplePermissions:1143 android.content.Context.sendBroadcastWithMultiplePermissions:2150 com.android.server.display.WifiDisplayAdapter.handleSendStatusChangeBroadcast:440 com.android.server.display.WifiDisplayAdapter.access$1700:63 com.android.server.display.WifiDisplayAdapter$WifiDisplayHandler.handleMessage:675 
11-20 00:32:30.993 W/ContextImpl( 1194): Calling a method in the system process without a qualified user: android.app.ContextImpl.sendBroadcastMultiplePermissions:1143 android.content.Context.sendBroadcastWithMultiplePermissions:2150 com.android.server.wifi.p2p.WifiP2pServiceImpl$P2pStateMachine.sendBroadcastMultiplePermissions:3209 com.android.server.wifi.p2p.WifiP2pServiceImpl$P2pStateMachine.sendP2pConnectionChangedBroadcast:3236 com.android.server.wifi.p2p.WifiP2pServiceImpl$P2pStateMachine.access$5100:768 
11-20 00:32:30.995 W/BroadcastQueue( 1194): Permission Denial: receiving Intent { act=android.net.wifi.p2p.CONNECTION_STATE_CHANGE flg=0x24000010 (has extras) } to ProcessRecord{ba73 1900:.qtidataservices/u0a89} (pid=1900, uid=10089) requires android.permission.ACCESS_FINE_LOCATION due to sender android (uid 1000)
11-20 00:32:31.000 W/ContextImpl( 1194): Calling a method in the system process without a qualified user: android.app.ContextImpl.sendBroadcastMultiplePermissions:1143 android.content.Context.sendBroadcastWithMultiplePermissions:2150 com.android.server.wifi.p2p.WifiP2pServiceImpl$P2pStateMachine.sendBroadcastMultiplePermissions:3209 com.android.server.wifi.p2p.WifiP2pServiceImpl$P2pStateMachine.sendThisDeviceChangedBroadcast:3218 com.android.server.wifi.p2p.WifiP2pServiceImpl$P2pStateMachine.updateThisDevice:3962 
11-20 00:32:31.047 D/commandrouter( 1117): rtc_sync (1, rtc:sync): <ServiceRequest> FORWARDED (remote -> local) service client ID = 0, token ID = 35913
11-20 00:32:31.048 D/commandrouter( 1117): SocServiceHandle::onServiceMessage, SoC Service = rtc_sync, appType = 1, type = SVC_RESP, clientId = 0, token = 35913, payloadLen = 8, result = 0, payload.size() = 8
11-20 00:32:31.049 W/wificond(  906): Scan is not started. Ignore abort request
11-20 00:32:31.471 D/ConnectivityService( 1194): registerNetworkAgent NetworkAgentInfo{ ni{[type: WIFI[], state: UNKNOWN/IDLE, reason: (unspecified), extra: , failover: false, available: true, roaming: false]}  network{137}  nethandle{591816216589}  lp{{InterfaceName: wlan0 LinkAddresses: [ ] DnsAddresses: [ ] Domains: null MTU: 0 Routes: [ ]}}  nc{[ Transports: WIFI Capabilities: NOT_METERED&INTERNET&NOT_RESTRICTED&TRUSTED&NOT_VPN&NOT_ROAMING&FOREGROUND&NOT_CONGESTED&NOT_SUSPENDED LinkUpBandwidth>=72000Kbps LinkDnBandwidth>=72000Kbps OwnerUid: 1000 SSID: "MTBF_Lab" RequestorUid: -1 RequestorPackageName: null]}  Score{20}  everValidated{false}  lastValidated{false}  created{false} lingering{false} explicitlySelected{false} acceptUnvalidated{false} everCaptivePortalDetected{false} lastCaptivePortalDetected{false} partialConnectivity{false} acceptPartialConnectivity{false} clat{mBaseIface: null, mIface: null, mState: IDLE} }
11-20 00:32:31.488 D/ConnectivityService( 1194): [137 WIFI] EVENT_NETWORK_INFO_CHANGED, going from UNKNOWN to UNKNOWN
11-20 00:32:31.633 D/ConnectivityService( 1194): NetReassign [no changes]
11-20 00:32:31.672 I/Nat464Xlat( 1194): Android Xlat is disabled
11-20 00:32:31.672 I/Nat464Xlat( 1194): Android Xlat is disabled
11-20 00:32:31.926 E/ConnectivityService( 1194): Exception in networkAddRouteParcel for non-gateway: android.os.ServiceSpecificException: Machine is not on the network (code 64)
11-20 00:32:31.928 E/ConnectivityService( 1194): Exception in networkAddRouteParcel for gateway: android.os.ServiceSpecificException: Machine is not on the network (code 64)
11-20 00:32:31.928 I/Nat464Xlat( 1194): Android Xlat is disabled
11-20 00:32:31.928 I/Nat464Xlat( 1194): Android Xlat is disabled
11-20 00:32:32.065 D/ConnectivityService( 1194): Setting DNS servers for network 137 to [/192.168.1.1]
11-20 00:32:32.070 I/Nat464Xlat( 1194): Android Xlat is disabled
11-20 00:32:32.071 I/Nat464Xlat( 1194): Android Xlat is disabled
11-20 00:32:32.188 D/ConnectivityService( 1194): [137 WIFI] EVENT_NETWORK_INFO_CHANGED, going from UNKNOWN to CONNECTED
11-20 00:32:32.192 D/DnsManager( 1194): sendDnsConfigurationForNetwork(137, [192.168.1.1], [], 1800, 25, 8, 64, 0, 0, , [])
11-20 00:32:32.194 W/DnsManager( 1194): updatePrivateDns(137, PrivateDnsConfig{true:/[]})
11-20 00:32:32.194 D/ConnectivityService( 1194): Setting DNS servers for network 137 to [/192.168.1.1]
11-20 00:32:32.195 D/DnsManager( 1194): sendDnsConfigurationForNetwork(137, [192.168.1.1], [], 1800, 25, 8, 64, 0, 0, , [192.168.1.1])
11-20 00:32:32.198 D/ConnectivityService( 1194): Adding iface wlan0 to network 137
11-20 00:32:32.226 D/ConnectivityService( 1194): Setting DNS servers for network 137 to [/192.168.1.1]
11-20 00:32:32.226 D/DnsManager( 1194): sendDnsConfigurationForNetwork(137, [192.168.1.1], [], 1800, 25, 8, 64, 0, 0, , [192.168.1.1])
11-20 00:32:32.228 I/Nat464Xlat( 1194): Android Xlat is disabled
11-20 00:32:32.229 I/Nat464Xlat( 1194): Android Xlat is disabled
11-20 00:32:32.291 D/ConnectivityService( 1194): NetReassign [no changes]
11-20 00:32:32.481 D/ConnectivityService( 1194): [137 WIFI] validation passed
11-20 00:32:32.482 D/ConnectivityService( 1194): NetReassign [8 : 100 → 137, 20 : 100 → 137, 46 : 100 → 137, 45 : 100 → 137, 626 : 100 → 137, 12 : 100 → 137, 22 : 100 → 137, 16 : 100 → 137, 603 : 100 → 137, 14 : 100 → 137, 50 : 100 → 137, 18 : 100 → 137, 11 : 100 → 137, 629 : 100 → 137, 1 : 100 → 137, 17 : 100 → 137]
11-20 00:32:32.487 E/NetlinkEvent(  459): NetlinkEvent::FindParam(): Parameter 'INTERFACE' not found
11-20 00:32:32.487 E/NetlinkEvent(  459): NetlinkEvent::FindParam(): Parameter 'STATE' not found
11-20 00:32:32.487 E/NetlinkEvent(  459): NetlinkEvent::FindParam(): Parameter 'TIME_NS' not found
11-20 00:32:32.487 E/NetlinkEvent(  459): NetlinkEvent::FindParam(): Parameter 'UID' not found
11-20 00:32:32.502 D/ConnectivityService( 1194): Switching to new default network: NetworkAgentInfo{ ni{[type: WIFI[], state: CONNECTED/CONNECTED, reason: (unspecified), extra: , failover: false, available: true, roaming: false]}  network{137}  nethandle{591816216589}  lp{{InterfaceName: wlan0 LinkAddresses: [ 192.168.1.39/24 ] DnsAddresses: [ /192.168.1.1 ] Domains: null MTU: 0 ServerAddress: /192.168.1.1 TcpBufferSizes: 524288,1048576,2097152,262144,524288,1048576 Routes: [ fe80::/64 -> :: wlan0 mtu 0,192.168.1.0/24 -> 0.0.0.0 wlan0 mtu 0,0.0.0.0/0 -> 192.168.1.1 wlan0 mtu 0 ]}}  nc{[ Transports: WIFI Capabilities: NOT_METERED&INTERNET&NOT_RESTRICTED&TRUSTED&NOT_VPN&VALIDATED&NOT_ROAMING&FOREGROUND&NOT_CONGESTED&NOT_SUSPENDED LinkUpBandwidth>=68000Kbps LinkDnBandwidth>=68000Kbps SignalStrength: -31 OwnerUid: 1000 SSID: "MTBF_Lab" RequestorUid: -1 RequestorPackageName: null]}  Score{60}  everValidated{true}  lastValidated{true}  created{true} lingering{false} explicitlySelected{false} acceptUnvalidated{false} everCaptivePortalDetected{false} lastCaptivePortalDetected{false} partialConnectivity{false} acceptPartialConnectivity{false} clat{mBaseIface: null, mIface: null, mState: IDLE} }
11-20 00:32:32.624 D/ConnectivityService( 1194): Lingering [100 CELLULAR] for 30000ms
11-20 00:32:32.626 D/ConnectivityService( 1194): Sending DISCONNECTED broadcast for type 0 [100 CELLULAR] isDefaultNetwork=true
11-20 00:32:32.628 D/ConnectivityService( 1194): Sending CONNECTED broadcast for type 1 [137 WIFI] isDefaultNetwork=true
11-20 00:32:32.715 D/ConnectivityService( 1194): Setting DNS servers for network 137 to [/192.168.1.1]
11-20 00:32:32.717 D/DnsManager( 1194): sendDnsConfigurationForNetwork(137, [192.168.1.1], [], 1800, 25, 8, 64, 0, 0, , [192.168.1.1])
11-20 00:32:32.814 W/Looper  ( 1194): Slow dispatch took 162ms main h=com.android.server.job.JobSchedulerService$JobHandler c=null m=1
11-20 00:32:32.824 I/Nat464Xlat( 1194): Android Xlat is disabled
11-20 00:32:32.824 I/Nat464Xlat( 1194): Android Xlat is disabled
11-20 00:32:41.068 D/commandrouter( 1117): rtc_sync (1, rtc:sync): <ServiceRequest> FORWARDED (remote -> local) service client ID = 0, token ID = 35914
11-20 00:32:41.070 D/commandrouter( 1117): SocServiceHandle::onServiceMessage, SoC Service = rtc_sync, appType = 1, type = SVC_RESP, clientId = 0, token = 35914, payloadLen = 8, result = 0, payload.size() = 8
11-20 00:32:42.433 D/commandrouter( 1117): SocServiceHandle::onServiceMessage, SoC Service = mcu_healthcheck_1118, appType = 1, type = SVC_REQ, clientId = 0, token = 1048, payloadLen = 12, result = 0, payload.size() = 12
11-20 00:32:42.437 D/commandrouter( 1117): mcu_healthcheck_1118 (1, merlot:mcu_health:control): <ServiceResponse> FORWARDED (remote -> local) CR token ID = 1048, service client ID = 40, token ID = 17914, result = 0
11-20 00:32:42.437 D/mculinkhealth( 1118): isMcuReachable 1 (4 ms)
11-20 00:32:51.032 D/commandrouter( 1117): rtc_sync (1, rtc:sync): <ServiceRequest> FORWARDED (remote -> local) service client ID = 0, token ID = 35915
11-20 00:32:51.032 D/commandrouter( 1117): SocServiceHandle::onServiceMessage, SoC Service = rtc_sync, appType = 1, type = SVC_RESP, clientId = 0, token = 35915, payloadLen = 8, result = 0, payload.size() = 8
11-20 00:32:51.302 D/AutofillManagerService( 1194): onBackKeyPressed()
--------- beginning of main
11-20 00:32:52.453 D/LauncherIntentProcessor( 2581): processLauncherActivityIntent: Intent { cat=[android.intent.category.DEFAULT] flg=0x10020000 cmp=com.facebook.wearable.system.launcher/.LauncherActivity }
11-20 00:32:52.479 D/FacebookRepository( 2581): Reading from Store [250223709649332]
11-20 00:32:52.528 D/UIAutomatorStub( 6249): URI: /jsonrpc/0, Method: POST, Header: {content-length=102, remote-addr=127.0.0.1, http-client-ip=127.0.0.1, host=localhost:9010, content-type=application/json, accept-encoding=identity}, params, {NanoHttpd.QUERY_STRING=null}, files: {postData={"jsonrpc": "2.0", "method": "pressKey", "id": "58232a8a345cf418b5b7552568635525", "params": ["back"]}}
11-20 00:32:52.537 D/CompatibilityInfo( 1194): mCompatibilityFlags - 4
11-20 00:32:52.537 D/CompatibilityInfo( 1194): applicationDensity - 320
11-20 00:32:52.537 D/CompatibilityInfo( 1194): applicationScale - 1.0
11-20 00:32:52.550 D/CompatibilityInfo( 1194): mCompatibilityFlags - 4
11-20 00:32:52.550 D/CompatibilityInfo( 1194): applicationDensity - 320
11-20 00:32:52.550 D/CompatibilityInfo( 1194): applicationScale - 1.0
11-20 00:32:52.793 D/CompatibilityInfo( 1194): mCompatibilityFlags - 4
11-20 00:32:52.793 D/CompatibilityInfo( 1194): applicationDensity - 320
11-20 00:32:52.793 D/CompatibilityInfo( 1194): applicationScale - 1.0
11-20 00:32:52.802 D/CompatibilityInfo( 1194): mCompatibilityFlags - 4
11-20 00:32:52.802 D/CompatibilityInfo( 1194): applicationDensity - 320
11-20 00:32:52.802 D/CompatibilityInfo( 1194): applicationScale - 1.0
11-20 00:32:52.983 E/ANDR-PERF-OPTSHANDLER(  557): perf_lock_rel: failed for /sys/class/kgsl/kgsl-3d0/min_pwrlevel as previous value is not stored
11-20 00:32:52.985 E/ANDR-PERF-RESOURCEQS(  557): Failed to reset optimization [3, 0]
11-20 00:32:53.586 D/LauncherActivity( 2581): onKeyUp() called with keycode:4, event: KeyEvent { action=ACTION_UP, keyCode=KEYCODE_BACK, scanCode=0, metaState=0, flags=0x200, repeatCount=0, eventTime=31519827, downTime=31519827, deviceId=-1, source=0x101, displayId=-1 }
11-20 00:32:54.093 W/HWComposer(  577): Ignoring duplicate VSYNC event from HWC for display 0 (t=31520356713235)
11-20 00:32:52.352 I/chatty  ( 1194): uid=1000(system) android.ui identical 2 lines
11-20 00:32:53.584 D/AutofillManagerService( 1194): onBackKeyPressed()
11-20 00:32:54.151 W/ActivityManager( 1194): Invalid packageName: com.facebook.wearable.system.settings/com.facebook.wearable.system.settings.SettingsActivity
11-20 00:32:54.274 I/ActivityTaskManager( 1194): START u0 {flg=0x10000000 cmp=com.facebook.wearable.system.settings/.SettingsActivity} from uid 0
11-20 00:32:54.287 D/CompatibilityInfo( 1194): mCompatibilityFlags - 4
11-20 00:32:54.287 D/CompatibilityInfo( 1194): applicationDensity - 320
11-20 00:32:54.287 D/CompatibilityInfo( 1194): applicationScale - 1.0
11-20 00:32:54.289 D/ActivityTrigger( 1194): ActivityTrigger activityPauseTrigger 
11-20 00:32:54.293 I/ActivityTaskManager( 1194): The Process com.facebook.wearable.system.settings Already Exists in BG. So sending its PID: 3038
11-20 00:32:54.294 W/ActivityTaskManager( 1194): Tried to set launchTime (0) < mLastActivityLaunchTime (31489548)
11-20 00:32:54.295 D/CompatibilityInfo( 1194): mCompatibilityFlags - 4
11-20 00:32:54.295 D/CompatibilityInfo( 1194): applicationDensity - 320
11-20 00:32:54.295 D/CompatibilityInfo( 1194): applicationScale - 1.0
11-20 00:32:54.319 D/LauncherActivity( 2581): onPause
11-20 00:32:54.371 D/CompatibilityInfo( 1194): mCompatibilityFlags - 4
11-20 00:32:54.371 D/CompatibilityInfo( 1194): applicationDensity - 320
11-20 00:32:54.371 D/CompatibilityInfo( 1194): applicationScale - 1.0
11-20 00:32:54.384 D/FacebookProvider(31424): Starting SSO Network Fetch for 263529928325379
11-20 00:32:54.385 I/AccountsContentProvider(31424): No Primary Account. Accounts Error [content://com.facebook.wearable.system.accounts.AccountsContentProvider/facebook/263529928325379]
11-20 00:32:54.386 E/DatabaseUtils(31424): Writing exception to parcel
11-20 00:32:54.386 E/DatabaseUtils(31424): java.lang.IllegalStateException: No Primary Account
11-20 00:32:54.386 E/DatabaseUtils(31424): 	at com.facebook.secure.content.AbstractContentProvider.doQuery(:284)
11-20 00:32:54.386 E/DatabaseUtils(31424): 	at com.facebook.secure.content.AbstractContentProvider.query(:8)
11-20 00:32:54.386 E/DatabaseUtils(31424): 	at android.content.ContentProvider.query(ContentProvider.java:1474)
11-20 00:32:54.386 E/DatabaseUtils(31424): 	at android.content.ContentProvider$Transport.query(ContentProvider.java:278)
11-20 00:32:54.386 E/DatabaseUtils(31424): 	at android.content.ContentProviderNative.onTransact(ContentProviderNative.java:106)
11-20 00:32:54.386 E/DatabaseUtils(31424): 	at android.os.Binder.execTransactInternal(Binder.java:1154)
11-20 00:32:54.386 E/DatabaseUtils(31424): 	at android.os.Binder.execTransact(Binder.java:1123)
11-20 00:32:54.388 E/AccountsViewModel( 3038): AccountsViewModel.flow failed: No Primary Account
11-20 00:32:54.388 E/AccountsViewModel( 3038): java.lang.IllegalStateException: No Primary Account
11-20 00:32:54.388 E/AccountsViewModel( 3038): 	at android.os.Parcel.createExceptionOrNull(Parcel.java:2381)
11-20 00:32:54.388 E/AccountsViewModel( 3038): 	at android.os.Parcel.createException(Parcel.java:2357)
11-20 00:32:54.388 E/AccountsViewModel( 3038): 	at android.os.Parcel.readException(Parcel.java:2340)
11-20 00:32:54.388 E/AccountsViewModel( 3038): 	at android.database.DatabaseUtils.readExceptionFromParcel(DatabaseUtils.java:190)
11-20 00:32:54.388 E/AccountsViewModel( 3038): 	at android.database.DatabaseUtils.readExceptionFromParcel(DatabaseUtils.java:142)
11-20 00:32:54.388 E/AccountsViewModel( 3038): 	at android.content.ContentProviderProxy.query(ContentProviderNative.java:472)
11-20 00:32:54.388 E/AccountsViewModel( 3038): 	at android.content.ContentResolver.query(ContentResolver.java:1185)
11-20 00:32:54.388 E/AccountsViewModel( 3038): 	at android.content.ContentResolver.query(ContentResolver.java:1116)
11-20 00:32:54.388 E/AccountsViewModel( 3038): 	at com.facebook.wearable.common.accounts.contract.WearableAccountsContractRequest.query(:51)
11-20 00:32:54.388 E/AccountsViewModel( 3038): 	at kotlin.coroutines.jvm.internal.BaseContinuationImpl.invokeSuspend(:95489)
11-20 00:32:54.388 E/AccountsViewModel( 3038): 	at com.facebook.wearable.common.accounts.WearableAccountsKt$fb$1.invoke(:9)
11-20 00:32:54.388 E/AccountsViewModel( 3038): 	at com.facebook.wearable.common.coroutines.lazy.LazyAsync.get(:101)
11-20 00:32:54.388 E/AccountsViewModel( 3038): 	at kotlin.coroutines.jvm.internal.BaseContinuationImpl.invokeSuspend(:96596)
11-20 00:32:54.388 E/AccountsViewModel( 3038): 	at com.facebook.wearable.system.settings.accounts.AccountsViewModel$wearableAccountFlow$1.invoke(:11)
11-20 00:32:54.388 E/AccountsViewModel( 3038): 	at kotlinx.coroutines.flow.AbstractFlow.collect$rvp0$0(:72)
11-20 00:32:54.388 E/AccountsViewModel( 3038): 	at kotlin.coroutines.jvm.internal.BaseContinuationImpl.invokeSuspend(:95417)
11-20 00:32:54.388 E/AccountsViewModel( 3038): 	at kotlinx.coroutines.flow.FlowKt__ShareKt$launchSharing$1$2.invoke(Unknown Source:10)
11-20 00:32:54.388 E/AccountsViewModel( 3038): 	at kotlin.coroutines.jvm.internal.BaseContinuationImpl.invokeSuspend(:96715)
11-20 00:32:54.388 E/AccountsViewModel( 3038): 	at kotlinx.coroutines.flow.FlowKt__MergeKt$mapLatest$1.invoke(Unknown Source:15)
11-20 00:32:54.388 E/AccountsViewModel( 3038): 	at kotlin.coroutines.jvm.internal.BaseContinuationImpl.invokeSuspend(:96820)
11-20 00:32:54.388 E/AccountsViewModel( 3038): 	at kotlinx.coroutines.flow.internal.ChannelFlowTransformLatest$flowCollect$3$1$2.invoke(Unknown Source:10)
11-20 00:32:54.388 E/AccountsViewModel( 3038): 	at kotlinx.coroutines.CoroutineStart.invoke(:32)
11-20 00:32:54.388 E/AccountsViewModel( 3038): 	at kotlinx.coroutines.BuildersKt__Builders_commonKt.launch(:15)
11-20 00:32:54.388 E/AccountsViewModel( 3038): 	at kotlinx.coroutines.flow.internal.ChannelFlowTransformLatest$flowCollect$3$invokeSuspend$$inlined$collect$1.emit(:56)
11-20 00:32:54.388 E/AccountsViewModel( 3038): 	at kotlinx.coroutines.flow.DistinctFlowImpl$collect$$inlined$collect$1.emit(:74)
11-20 00:32:54.388 E/AccountsViewModel( 3038): 	at kotlinx.coroutines.flow.FlowKt__LimitKt$dropWhile$lambda-4$$inlined$collect$1.emit(:114)
11-20 00:32:54.388 E/AccountsViewModel( 3038): 	at kotlinx.coroutines.flow.FlowKt__ChannelsKt.emitAllImpl$FlowKt__ChannelsKt(:123)
11-20 00:32:54.388 E/AccountsViewModel( 3038): 	at kotlin.coroutines.jvm.internal.BaseContinuationImpl.invokeSuspend(:96917)
11-20 00:32:54.388 E/AccountsViewModel( 3038): 	at kotlin.coroutines.jvm.internal.BaseContinuationImpl.resumeWith(:5)
11-20 00:32:54.388 E/AccountsViewModel( 3038): 	at kotlinx.coroutines.DispatchedTask.run(:131)
11-20 00:32:54.388 E/AccountsViewModel( 3038): 	at java.util.concurrent.Executors$RunnableAdapter.call(Executors.java:462)
11-20 00:32:54.388 E/AccountsViewModel( 3038): 	at java.util.concurrent.FutureTask.run(FutureTask.java:266)
11-20 00:32:54.388 E/AccountsViewModel( 3038): 	at com.facebook.wearable.common.executors.DelayedFutureTask.run(:22)
11-20 00:32:54.388 E/AccountsViewModel( 3038): 	at java.util.concurrent.ThreadPoolExecutor.runWorker(ThreadPoolExecutor.java:1167)
11-20 00:32:54.388 E/AccountsViewModel( 3038): 	at java.util.concurrent.ThreadPoolExecutor$Worker.run(ThreadPoolExecutor.java:641)
11-20 00:32:54.388 E/AccountsViewModel( 3038): 	at com.facebook.wearable.common.executors.NamedThreadFactory$1.run(:7)
11-20 00:32:54.435 E/StatusBarClientConnection( 3038): Service connected
11-20 00:32:54.483 W/View    ( 3038): requestLayout() improperly called by android.view.View{9e5af90 V.ED..... ......I. 0,368-474,474} during layout: running second layout pass
11-20 00:32:54.503 W/View    ( 3038): requestLayout() improperly called by com.facebook.wearable.common.wds.listview.WdsListView{f495ea7 V.E..V... ........ 0,0-474,474} during second layout pass: posting in next frame
11-20 00:32:54.783 D/CompatibilityInfo( 1194): mCompatibilityFlags - 4
11-20 00:32:54.783 D/CompatibilityInfo( 1194): applicationDensity - 320
11-20 00:32:54.783 D/CompatibilityInfo( 1194): applicationScale - 1.0
11-20 00:32:54.798 D/ComplicationController( 2581): Stopping complication controller.
11-20 00:32:54.803 D/ComplicationDataManagerImpl( 2581): Fetching complication data for package: com.facebook.wearable.apps.calendar, com.facebook.wearable.apps.calendar.DAY_DATE_COMPLICATION.
11-20 00:32:54.803 D/ComplicationDataManagerImpl( 2581): Fetching complication data for package: com.facebook.wearable.apps.player, com.facebook.wearable.apps.player.SHORTCUT_COMPLICATION.
11-20 00:32:54.804 D/ComplicationDataManagerImpl( 2581): Fetching complication data for package: com.facebook.wearable.apps.gallery, com.facebook.wearable.apps.gallery.SHORTCUT_COMPLICATION.
11-20 00:32:54.805 D/ComplicationDataManagerImpl( 2581): Fetching complication data for package: com.facebook.wearable.apps.heart, com.facebook.wearable.apps.heart.HEART_RATE.
11-20 00:32:54.809 D/CompatibilityInfo( 1194): mCompatibilityFlags - 4
11-20 00:32:54.809 D/CompatibilityInfo( 1194): applicationDensity - 320
11-20 00:32:54.809 D/CompatibilityInfo( 1194): applicationScale - 1.0
11-20 00:32:55.378 D/UIAutomatorStub( 6249): URI: /jsonrpc/0, Method: POST, Header: {content-length=192, remote-addr=127.0.0.1, http-client-ip=127.0.0.1, host=localhost:9010, content-type=application/json, accept-encoding=identity}, params, {NanoHttpd.QUERY_STRING=null}, files: {postData={"jsonrpc": "2.0", "method": "waitForExists", "id": "98d314511fdef3de6fc52bcb08092629", "params": [{"mask": 1, "childOrSibling": [], "childOrSiblingSelector": [], "text": "Notifications"}, 5]}}
11-20 00:32:55.408 D/UIAutomatorStub( 6249): URI: /jsonrpc/0, Method: POST, Header: {content-length=191, remote-addr=127.0.0.1, http-client-ip=127.0.0.1, host=localhost:9010, content-type=application/json, accept-encoding=identity}, params, {NanoHttpd.QUERY_STRING=null}, files: {postData={"jsonrpc": "2.0", "method": "waitForExists", "id": "786ef861be020463ab5783b336554d12", "params": [{"mask": 1, "childOrSibling": [], "childOrSiblingSelector": [], "text": "Connectivity"}, 5]}}
11-20 00:32:55.450 I/system_server( 1194): Background young concurrent copying GC freed 436393(17MB) AllocSpace objects, 66(2328KB) LOS objects, 37% free, 33MB/53MB, paused 347us total 187.166ms
11-20 00:32:55.464 D/UIAutomatorStub( 6249): URI: /jsonrpc/0, Method: POST, Header: {content-length=180, remote-addr=127.0.0.1, http-client-ip=127.0.0.1, host=localhost:9010, content-type=application/json, accept-encoding=identity}, params, {NanoHttpd.QUERY_STRING=null}, files: {postData={"jsonrpc": "2.0", "method": "click", "id": "e4f64f32d9cf085d068cfa34c7c30e04", "params": [{"mask": 1, "childOrSibling": [], "childOrSiblingSelector": [], "text": "Connectivity"}]}}
11-20 00:32:55.499 E/ANDR-PERF-OPTSHANDLER(  557): Unable to find the correct node storage pointers for                   resource index=16, node path=/proc/sys/kernel/sched_upmigrate
11-20 00:32:55.500 E/ANDR-PERF-RESOURCEQS(  557): Failed to reset optimization [3, 7]
11-20 00:32:55.500 E/ANDR-PERF-OPTSHANDLER(  557): Unable to find the correct node storage pointers for                   resource index=17, node path=/proc/sys/kernel/sched_downmigrate
11-20 00:32:55.500 E/ANDR-PERF-RESOURCEQS(  557): Failed to reset optimization [3, 8]
11-20 00:32:55.500 E/ANDR-PERF-OPTSHANDLER(  557): Perflock resource /sys/module/lpm_levels/parameters/bias_hyst not supported
11-20 00:32:55.500 E/ANDR-PERF-RESOURCEQS(  557): Failed to reset optimization [1, 2]
11-20 00:32:55.500 E/ANDR-PERF-OPTSHANDLER(  557): Perflock resource /proc/sys/kernel/sched_group_upmigrate not supported
11-20 00:32:55.500 E/ANDR-PERF-RESOURCEQS(  557): Failed to reset optimization [3, 21]
11-20 00:32:55.500 E/ANDR-PERF-OPTSHANDLER(  557): Perflock resource /proc/sys/kernel/sched_group_downmigrate not supported
11-20 00:32:55.500 E/ANDR-PERF-RESOURCEQS(  557): Failed to reset optimization [3, 22]
11-20 00:32:55.541 W/StatusBarClientConnection( 3038): Messenger is null, ignoring message: { when=-8h45m21s804ms barrier=1 }
11-20 00:32:55.566 E/StatusBarClientConnection( 3038): Service connected
11-20 00:32:55.598 W/View    ( 3038): requestLayout() improperly called by android.view.View{f1ece26 V.ED..... ......I. 0,368-474,474} during layout: running second layout pass
11-20 00:32:55.618 W/View    ( 3038): requestLayout() improperly called by com.facebook.wearable.common.wds.listview.WdsListView{dcea94c V.E..V... ........ 0,0-474,474} during second layout pass: posting in next frame
11-20 00:32:56.283 E/ANDR-PERF-OPTSHANDLER(  557): perf_lock_rel: failed for /proc/sys/vm/swap_ratio as previous value is not stored
11-20 00:32:56.283 E/ANDR-PERF-OPTSHANDLER(  557): perf_lock_rel: failed for /sys/class/kgsl/kgsl-3d0/min_pwrlevel as previous value is not stored
11-20 00:32:56.285 E/ANDR-PERF-RESOURCEQS(  557): Failed to reset optimization [3, 0]
11-20 00:32:56.943 E/TaskPersister( 1194): File error accessing recents directory (directory doesn't exist?).
11-20 00:32:58.564 D/UIAutomatorStub( 6249): URI: /jsonrpc/0, Method: POST, Header: {content-length=183, remote-addr=127.0.0.1, http-client-ip=127.0.0.1, host=localhost:9010, content-type=application/json, accept-encoding=identity}, params, {NanoHttpd.QUERY_STRING=null}, files: {postData={"jsonrpc": "2.0", "method": "waitForExists", "id": "32e21b57d305881d6bec0136d13f0f08", "params": [{"mask": 1, "childOrSibling": [], "childOrSiblingSelector": [], "text": "WiFi"}, 5]}}
11-20 00:32:58.590 D/UIAutomatorStub( 6249): URI: /jsonrpc/0, Method: POST, Header: {content-length=172, remote-addr=127.0.0.1, http-client-ip=127.0.0.1, host=localhost:9010, content-type=application/json, accept-encoding=identity}, params, {NanoHttpd.QUERY_STRING=null}, files: {postData={"jsonrpc": "2.0", "method": "click", "id": "a680c24e6e68260804ece177db61057b", "params": [{"mask": 1, "childOrSibling": [], "childOrSiblingSelector": [], "text": "WiFi"}]}}
11-20 00:32:58.682 W/StatusBarClientConnection( 3038): Messenger is null, ignoring message: { when=-8h45m24s946ms barrier=1 }
11-20 00:32:58.687 W/HWComposer(  577): Ignoring duplicate VSYNC event from HWC for display 0 (t=31524949984692)
11-20 00:32:58.711 D/CompatibilityInfo( 1194): mCompatibilityFlags - 4
11-20 00:32:58.711 D/CompatibilityInfo( 1194): applicationDensity - 320
11-20 00:32:58.711 D/CompatibilityInfo( 1194): applicationScale - 1.0
11-20 00:32:58.718 E/StatusBarClientConnection( 3038): Service connected
11-20 00:32:58.720 W/HWComposer(  577): Ignoring duplicate VSYNC event from HWC for display 0 (t=31524983749952)
11-20 00:32:58.721 D/WifiConnector( 2841): Network State Changed
11-20 00:32:58.725 I/chatty  ( 2351): uid=10060(com.facebook.wearable.system.selfcare) MainTP_222 expire 1 line
11-20 00:32:58.731 W/View    ( 3038): requestLayout() improperly called by android.view.View{e7982e9 V.ED..... ......I. 0,368-474,474} during layout: running second layout pass
11-20 00:32:58.742 D/WifiSharingService( 2841): Starting Wi-Fi scan
11-20 00:32:58.743 I/WifiService( 1194): startScan uid=1000
11-20 00:32:58.748 W/View    ( 3038): requestLayout() improperly called by com.facebook.wearable.common.wds.listview.WdsListView{69bfc0d V.E..V... ........ 0,0-474,474} during second layout pass: posting in next frame
11-20 00:32:58.752 I/chatty  ( 2351): uid=10060(com.facebook.wearable.system.selfcare) HeapTaskDaemon expire 1 line
11-20 00:32:58.758 D/WifiNative( 1194): Scan trigered from WifiNative
11-20 00:32:58.760 I/chatty  ( 1024): uid=1021(gps) lowi-server expire 45 lines
11-20 00:32:58.761 V/WifiHAL (  539): event received NL80211_CMD_TRIGGER_SCAN
11-20 00:32:58.867 I/chatty  ( 2351): uid=10060(com.facebook.wearable.system.selfcare) MainTP_221 expire 1 line
11-20 00:32:58.867 I/chatty  ( 2351): uid=10060(com.facebook.wearable.system.selfcare) pool-3-thread-3 expire 2 lines
11-20 00:32:59.013 I/chatty  ( 2351): uid=10060(com.facebook.wearable.system.selfcare) MainTP_219 expire 1 line
11-20 00:32:59.186 I/chatty  ( 2351): uid=10060(com.facebook.wearable.system.selfcare) MainTP_223 expire 1 line
11-20 00:32:59.186 I/chatty  ( 2351): uid=10060(com.facebook.wearable.system.selfcare) pool-3-thread-2 expire 1 line
11-20 00:32:59.277 V/WifiHAL (  539): event received NL80211_CMD_NEW_SCAN_RESULTS
11-20 00:32:59.281 D/LOWI-9.0.0.80( 1024): [LOWI-Scan] BSS 2c:57:41:86:6c:01 (wlan0) ASSO: NO AddInfo: 0x0, TSF 0, 08:45:25.539, RSSI: -116, CPL: 2, AGE: 10,  SSID kittyhawk, TSFDelta: 0x0, TXRate: 0
11-20 00:32:59.282 D/LOWI-9.0.0.80( 1024): [LOWI-Scan] 
11-20 00:32:59.282 D/LOWI-9.0.0.80( 1024): [LOWI-Scan] print_bss_handler: Report Probe TSF 31525539458 as it greater than Beacon TSF 31324502202
11-20 00:32:59.282 I/LOWI-9.0.0.80( 1024): [LOWI-Scan] RSN_IE
11-20 00:32:59.282 D/LOWI-9.0.0.80( 1024): [LOWI-Scan] decode_rsn_wpa_ie: Entered
11-20 00:32:59.282 D/LOWI-9.0.0.80( 1024): [LOWIUtils] hexDump: msg(30 14 01 00 00 0f ac 04 01 00 00 0f ac 04 01 00 00 0f ac 02 )
11-20 00:32:59.282 D/LOWI-9.0.0.80( 1024): [LOWI-Scan] decode_rsn_wpa_ie: LOWI_ENCRYPTION_TYPE_WPA_PSK
11-20 00:32:59.282 D/LOWI-9.0.0.80( 1024): [LOWI-Scan] is_qcom_ie, bss_age: 3
11-20 00:32:59.282 D/LOWI-9.0.0.80( 1024): [LOWI-Scan] BSS 2c:57:41:86:94:a1 LOWI_PHY_MODE_11NG_HT20(5), Beacon Interval: 100, LOWI_ENCRYPTION_TYPE_WPA_PSK 11mcRanging: No, ANQP: No, LCI: No, Civic: No, capability(0x1411): ESS Privacy ShortSlotTime
11-20 00:32:59.282 D/LOWI-9.0.0.80( 1024): [LOWI-Scan] BSS 2c:57:41:86:94:a1 FREQ: 2462, cFreq1[40:80:160] = [0:0:0] cFreq2 = 0 Country Code = US
11-20 00:32:59.282 D/LOWI-9.0.0.80( 1024): [LOWI-Scan] BSS 2c:57:41:86:94:a1 (wlan0) ASSO: NO AddInfo: 0x0, TSF 0, 08:45:25.539, RSSI: -140, CPL: 2, AGE: 10,  SSID kittyhawk, TSFDelta: 0x0, TXRate: 0
11-20 00:32:59.282 D/LOWI-9.0.0.80( 1024): [LOWI-Scan] 
11-20 00:32:59.282 D/LOWI-9.0.0.80( 1024): [LOWI-Scan] print_bss_handler: Report Probe TSF 31525539473 as it greater than Beacon TSF 31193853434
11-20 00:32:59.282 I/LOWI-9.0.0.80( 1024): [LOWI-Scan] RSN_IE
11-20 00:32:59.282 D/LOWI-9.0.0.80( 1024): [LOWI-Scan] decode_rsn_wpa_ie: Entered
11-20 00:32:59.282 D/LOWI-9.0.0.80( 1024): [LOWIUtils] hexDump: msg(30 14 01 00 00 0f ac 04 01 00 00 0f ac 04 01 00 00 0f ac 02 )
11-20 00:32:59.282 D/LOWI-9.0.0.80( 1024): [LOWI-Scan] decode_rsn_wpa_ie: LOWI_ENCRYPTION_TYPE_WPA_PSK
11-20 00:32:59.282 D/LOWI-9.0.0.80( 1024): [LOWI-Scan] is_qcom_ie, bss_age: 4
11-20 00:32:59.282 D/LOWI-9.0.0.80( 1024): [LOWI-Scan] BSS 2c:57:41:86:90:a1 LOWI_PHY_MODE_11NG_HT20(5), Beacon Interval: 100, LOWI_ENCRYPTION_TYPE_WPA_PSK 11mcRanging: No, ANQP: No, LCI: No, Civic: No, capability(0x1411): ESS Privacy ShortSlotTime
11-20 00:32:59.282 D/LOWI-9.0.0.80( 1024): [LOWI-Scan] BSS 2c:57:41:86:90:a1 FREQ: 2462, cFreq1[40:80:160] = [0:0:0] cFreq2 = 0 Country Code = US
11-20 00:32:59.283 D/LOWI-9.0.0.80( 1024): [LOWI-Scan] BSS 2c:57:41:86:90:a1 (wlan0) ASSO: NO AddInfo: 0x0, TSF 0, 08:45:25.539, RSSI: -140, CPL: 2, AGE: 10,  SSID kittyhawk, TSFDelta: 0x0, TXRate: 0
11-20 00:32:59.283 D/LOWI-9.0.0.80( 1024): [LOWI-Scan] 
11-20 00:32:59.283 D/LOWI-9.0.0.80( 1024): [LOWI-Scan] print_bss_handler: Report Probe TSF 31525539373 as it greater than Beacon TSF 31474649354
11-20 00:32:59.283 I/LOWI-9.0.0.80( 1024): [LOWI-Scan] RSN_IE
11-20 00:32:59.283 D/LOWI-9.0.0.80( 1024): [LOWI-Scan] decode_rsn_wpa_ie: Entered
11-20 00:32:59.283 D/LOWI-9.0.0.80( 1024): [LOWIUtils] hexDump: msg(30 14 01 00 00 0f ac 04 01 00 00 0f ac 04 01 00 00 0f ac 02 )
11-20 00:32:59.283 D/LOWI-9.0.0.80( 1024): [LOWI-Scan] decode_rsn_wpa_ie: LOWI_ENCRYPTION_TYPE_WPA_PSK
11-20 00:32:59.283 D/LOWI-9.0.0.80( 1024): [LOWI-Scan] is_qcom_ie, bss_age: 22
11-20 00:32:59.283 D/LOWI-9.0.0.80( 1024): [LOWI-Scan] BSS ce:dc:12:3b:87:fd LOWI_PHY_MODE_11AC_VHT20_2G(11), Beacon Interval: 100, LOWI_ENCRYPTION_TYPE_WPA_PSK 11mcRanging: No, ANQP: Yes, LCI: No, Civic: No, capability(0x1431): ESS Privacy ShortPreamble ShortSlotTime
11-20 00:32:59.283 D/LOWI-9.0.0.80( 1024): [LOWI-Scan] BSS ce:dc:12:3b:87:fd FREQ: 2437, cFreq1[40:80:160] = [0:0:0] cFreq2 = 0 Country Code =    
11-20 00:32:59.283 D/LOWI-9.0.0.80( 1024): [LOWI-Scan] BSS ce:dc:12:3b:87:fd (wlan0) ASSO: NO AddInfo: 0x0, TSF 0, 08:45:25.539, RSSI: -110, CPL: 127, AGE: 10,  SSID Pixel5_R1, TSFDelta: 0x0, TXRate: 0
11-20 00:32:59.283 D/LOWI-9.0.0.80( 1024): [LOWI-Scan] 
11-20 00:32:59.283 D/LOWI-9.0.0.80( 1024): [LOWI-Scan] print_bss_handler: Report Probe TSF 31496941963 as it greater than Beacon TSF 31474649424
11-20 00:32:59.283 I/LOWI-9.0.0.80( 1024): [LOWI-Scan] RSN_IE
11-20 00:32:59.283 D/LOWI-9.0.0.80( 1024): [LOWI-Scan] decode_rsn_wpa_ie: Entered
11-20 00:32:59.283 D/LOWI-9.0.0.80( 1024): [LOWIUtils] hexDump: msg(30 14 01 00 00 0f ac 04 01 00 00 0f ac 04 01 00 00 0f ac 02 )
11-20 00:32:59.283 D/LOWI-9.0.0.80( 1024): [LOWI-Scan] decode_rsn_wpa_ie: LOWI_ENCRYPTION_TYPE_WPA_PSK
11-20 00:32:59.283 D/LOWI-9.0.0.80( 1024): [LOWI-Scan] is_qcom_ie, bss_age: 15
11-20 00:32:59.283 D/LOWI-9.0.0.80( 1024): [LOWI-Scan] adjust_age:AP AGE upper limit reached. Dont store
11-20 00:32:59.283 D/LOWI-9.0.0.80( 1024): [LOWI-Scan] BSS fe:2d:5a:49:61:eb LOWI_PHY_MODE_11AC_VHT20_2G(11), Beacon Interval: 100, LOWI_ENCRYPTION_TYPE_WPA_PSK 11mcRanging: No, ANQP: Yes, LCI: No, Civic: No, capability(0x1431): ESS Privacy ShortPreamble ShortSlotTime
11-20 00:32:59.283 D/LOWI-9.0.0.80( 1024): [LOWI-Scan] BSS fe:2d:5a:49:61:eb FREQ: 2452, cFreq1[40:80:160] = [0:0:0] cFreq2 = 0 Country Code =    
11-20 00:32:59.283 D/LOWI-9.0.0.80( 1024): [LOWI-Scan] BSS fe:2d:5a:49:61:eb (wlan0) ASSO: NO AddInfo: 0x0, TSF 0, 08:44:56.941, RSSI: -112, CPL: 127, AGE: 28600,  SSID Pixel_R2, TSFDelta: 0x0, TXRate: 0
11-20 00:32:59.284 D/LOWI-9.0.0.80( 1024): [LOWI-Scan] 
11-20 00:32:59.284 D/LOWI-9.0.0.80( 1024): [LOWI-Scan] print_bss_handler: Report Probe TSF 31525539402 as it greater than Beacon TSF 31273582838
11-20 00:32:59.284 I/LOWI-9.0.0.80( 1024): [LOWI-Scan] RSN_IE
11-20 00:32:59.284 D/LOWI-9.0.0.80( 1024): [LOWI-Scan] decode_rsn_wpa_ie: Entered
