11-20 12:39:16.452 D/ComplicationDataManagerImpl( 4420): Updating complication data for package: com.facebook.wearable.apps.calendar, id: com.facebook.wearable.apps.calendar.SHORTCUT_COMPLICATION
11-20 12:39:16.452 D/ComplicationDataManagerImpl( 4420): Updating complication data for package: com.facebook.wearable.apps.heart, id: com.facebook.wearable.apps.heart.HEART_RATE
11-20 12:39:16.454 E/DayDateSystemComplicationProvider( 4420): Updating Day Date System Complication
11-20 12:39:16.455 D/ComplicationDataManagerImpl( 4420): Updating complication data for package: com.facebook.wearable.apps.calendar, id: com.facebook.wearable.apps.calendar.DAY_DATE_COMPLICATION
11-20 12:39:16.464 D/ComplicationDataManagerImpl( 4420): Fetching complication data for package: com.facebook.wearable.apps.calendar, com.facebook.wearable.apps.calendar.DAY_DATE_COMPLICATION.
11-20 12:39:16.465 D/ComplicationDataManagerImpl( 4420): Fetching complication data for package: com.facebook.wearable.apps.player, com.facebook.wearable.apps.player.SHORTCUT_COMPLICATION.
11-20 12:39:16.466 D/ComplicationDataManagerImpl( 4420): Fetching complication data for package: com.facebook.wearable.apps.gallery, com.facebook.wearable.apps.gallery.SHORTCUT_COMPLICATION.
11-20 12:39:16.466 D/ComplicationDataManagerImpl( 4420): Fetching complication data for package: com.facebook.wearable.apps.heart, com.facebook.wearable.apps.heart.HEART_RATE.
11-20 12:39:16.476 D/LauncherActivity( 4420): onResume: Intent { cat=[android.intent.category.HOME] flg=0x10000100 cmp=com.facebook.wearable.system.launcher/.LauncherActivity }
11-20 12:39:16.477 D/LauncherIntentProcessor( 4420): processLauncherActivityIntent: Intent { cat=[android.intent.category.HOME] flg=0x10000100 cmp=com.facebook.wearable.system.launcher/.LauncherActivity }
11-20 12:39:16.504 D/FacebookRepository( 4420): Reading from Store [250223709649332]
11-20 12:39:16.534 I/chatty  ( 1194): uid=1000(system) ActivityManager expire 12 lines
11-20 12:39:16.555 D/UIAutomatorStub(26556): URI: /jsonrpc/0, Method: POST, Header: {content-length=102, remote-addr=127.0.0.1, http-client-ip=127.0.0.1, host=localhost:9010, content-type=application/json, accept-encoding=identity}, params, {NanoHttpd.QUERY_STRING=null}, files: {postData={"jsonrpc": "2.0", "method": "pressKey", "id": "647299ab777fc12a755a87586c6c576d", "params": ["back"]}}
11-20 12:39:17.029 E/ANDR-PERF-OPTSHANDLER(  557): perf_lock_rel: failed for /sys/class/kgsl/kgsl-3d0/min_pwrlevel as previous value is not stored
11-20 12:39:17.030 E/ANDR-PERF-RESOURCEQS(  557): Failed to reset optimization [3, 0]
11-20 12:39:17.611 D/LauncherActivity( 4420): onKeyUp() called with keycode:4, event: KeyEvent { action=ACTION_UP, keyCode=KEYCODE_BACK, scanCode=0, metaState=0, flags=0x200, repeatCount=0, eventTime=75103855, downTime=75103855, deviceId=-1, source=0x101, displayId=-1 }
11-20 12:39:16.395 I/chatty  ( 1194): uid=1000(system) android.ui identical 2 lines
11-20 12:39:17.610 D/AutofillManagerService( 1194): onBackKeyPressed()
11-20 12:39:18.155 W/ActivityManager( 1194): Invalid packageName: com.facebook.wearable.system.settings/com.facebook.wearable.system.settings.SettingsActivity
11-20 12:39:18.288 I/ActivityTaskManager( 1194): START u0 {flg=0x10000000 cmp=com.facebook.wearable.system.settings/.SettingsActivity} from uid 0
11-20 12:39:18.302 I/chatty  ( 1194): uid=1000(system) Binder:1194_1F expire 6 lines
11-20 12:39:18.309 I/ActivityTaskManager( 1194): The Process com.facebook.wearable.system.settings Already Exists in BG. So sending its PID: 26117
11-20 12:39:18.309 W/ActivityTaskManager( 1194): Tried to set launchTime (0) < mLastActivityLaunchTime (75073551)
11-20 12:39:18.312 D/CompatibilityInfo( 1194): applicationScale - 1.0
11-20 12:39:18.341 D/LauncherActivity( 4420): onPause
11-20 12:39:18.373 D/CompatibilityInfo( 1194): mCompatibilityFlags - 4
11-20 12:39:18.374 D/CompatibilityInfo( 1194): applicationDensity - 320
11-20 12:39:18.374 D/CompatibilityInfo( 1194): applicationScale - 1.0
11-20 12:39:18.389 D/FacebookProvider(25411): Starting SSO Network Fetch for 263529928325379
11-20 12:39:18.389 I/AccountsContentProvider(25411): No Primary Account. Accounts Error [content://com.facebook.wearable.system.accounts.AccountsContentProvider/facebook/263529928325379]
11-20 12:39:18.390 E/DatabaseUtils(25411): Writing exception to parcel
11-20 12:39:18.390 E/DatabaseUtils(25411): java.lang.IllegalStateException: No Primary Account
11-20 12:39:18.390 E/DatabaseUtils(25411): 	at com.facebook.secure.content.AbstractContentProvider.doQuery(:284)
11-20 12:39:18.390 E/DatabaseUtils(25411): 	at com.facebook.secure.content.AbstractContentProvider.query(:8)
11-20 12:39:18.390 E/DatabaseUtils(25411): 	at android.content.ContentProvider.query(ContentProvider.java:1474)
11-20 12:39:18.390 E/DatabaseUtils(25411): 	at android.content.ContentProvider$Transport.query(ContentProvider.java:278)
11-20 12:39:18.390 E/DatabaseUtils(25411): 	at android.content.ContentProviderNative.onTransact(ContentProviderNative.java:106)
11-20 12:39:18.390 E/DatabaseUtils(25411): 	at android.os.Binder.execTransactInternal(Binder.java:1154)
11-20 12:39:18.390 E/DatabaseUtils(25411): 	at android.os.Binder.execTransact(Binder.java:1123)
11-20 12:39:18.392 E/AccountsViewModel(26117): AccountsViewModel.flow failed: No Primary Account
11-20 12:39:18.392 E/AccountsViewModel(26117): java.lang.IllegalStateException: No Primary Account
11-20 12:39:18.392 E/AccountsViewModel(26117): 	at android.os.Parcel.createExceptionOrNull(Parcel.java:2381)
11-20 12:39:18.392 E/AccountsViewModel(26117): 	at android.os.Parcel.createException(Parcel.java:2357)
11-20 12:39:18.392 E/AccountsViewModel(26117): 	at android.os.Parcel.readException(Parcel.java:2340)
11-20 12:39:18.392 E/AccountsViewModel(26117): 	at android.database.DatabaseUtils.readExceptionFromParcel(DatabaseUtils.java:190)
11-20 12:39:18.392 E/AccountsViewModel(26117): 	at android.database.DatabaseUtils.readExceptionFromParcel(DatabaseUtils.java:142)
11-20 12:39:18.392 E/AccountsViewModel(26117): 	at android.content.ContentProviderProxy.query(ContentProviderNative.java:472)
11-20 12:39:18.392 E/AccountsViewModel(26117): 	at android.content.ContentResolver.query(ContentResolver.java:1185)
11-20 12:39:18.392 E/AccountsViewModel(26117): 	at android.content.ContentResolver.query(ContentResolver.java:1116)
11-20 12:39:18.392 E/AccountsViewModel(26117): 	at com.facebook.wearable.common.accounts.contract.WearableAccountsContractRequest.query(:51)
11-20 12:39:18.392 E/AccountsViewModel(26117): 	at kotlin.coroutines.jvm.internal.BaseContinuationImpl.invokeSuspend(:95489)
11-20 12:39:18.392 E/AccountsViewModel(26117): 	at com.facebook.wearable.common.accounts.WearableAccountsKt$fb$1.invoke(:9)
11-20 12:39:18.392 E/AccountsViewModel(26117): 	at com.facebook.wearable.common.coroutines.lazy.LazyAsync.get(:101)
11-20 12:39:18.392 E/AccountsViewModel(26117): 	at kotlin.coroutines.jvm.internal.BaseContinuationImpl.invokeSuspend(:96596)
11-20 12:39:18.392 E/AccountsViewModel(26117): 	at com.facebook.wearable.system.settings.accounts.AccountsViewModel$wearableAccountFlow$1.invoke(:11)
11-20 12:39:18.392 E/AccountsViewModel(26117): 	at kotlinx.coroutines.flow.AbstractFlow.collect$rvp0$0(:72)
11-20 12:39:18.392 E/AccountsViewModel(26117): 	at kotlin.coroutines.jvm.internal.BaseContinuationImpl.invokeSuspend(:95417)
11-20 12:39:18.392 E/AccountsViewModel(26117): 	at kotlinx.coroutines.flow.FlowKt__ShareKt$launchSharing$1$2.invoke(Unknown Source:10)
11-20 12:39:18.392 E/AccountsViewModel(26117): 	at kotlin.coroutines.jvm.internal.BaseContinuationImpl.invokeSuspend(:96715)
11-20 12:39:18.392 E/AccountsViewModel(26117): 	at kotlinx.coroutines.flow.FlowKt__MergeKt$mapLatest$1.invoke(Unknown Source:15)
11-20 12:39:18.392 E/AccountsViewModel(26117): 	at kotlin.coroutines.jvm.internal.BaseContinuationImpl.invokeSuspend(:96820)
11-20 12:39:18.392 E/AccountsViewModel(26117): 	at kotlinx.coroutines.flow.internal.ChannelFlowTransformLatest$flowCollect$3$1$2.invoke(Unknown Source:10)
11-20 12:39:18.392 E/AccountsViewModel(26117): 	at kotlinx.coroutines.CoroutineStart.invoke(:32)
11-20 12:39:18.392 E/AccountsViewModel(26117): 	at kotlinx.coroutines.BuildersKt__Builders_commonKt.launch(:15)
11-20 12:39:18.392 E/AccountsViewModel(26117): 	at kotlinx.coroutines.flow.internal.ChannelFlowTransformLatest$flowCollect$3$invokeSuspend$$inlined$collect$1.emit(:56)
11-20 12:39:18.392 E/AccountsViewModel(26117): 	at kotlinx.coroutines.flow.DistinctFlowImpl$collect$$inlined$collect$1.emit(:74)
11-20 12:39:18.392 E/AccountsViewModel(26117): 	at kotlinx.coroutines.flow.FlowKt__LimitKt$dropWhile$lambda-4$$inlined$collect$1.emit(:114)
11-20 12:39:18.392 E/AccountsViewModel(26117): 	at kotlinx.coroutines.flow.FlowKt__ChannelsKt.emitAllImpl$FlowKt__ChannelsKt(:123)
11-20 12:39:18.392 E/AccountsViewModel(26117): 	at kotlin.coroutines.jvm.internal.BaseContinuationImpl.invokeSuspend(:96917)
11-20 12:39:18.392 E/AccountsViewModel(26117): 	at kotlin.coroutines.jvm.internal.BaseContinuationImpl.resumeWith(:5)
11-20 12:39:18.392 E/AccountsViewModel(26117): 	at kotlinx.coroutines.DispatchedTask.run(:131)
11-20 12:39:18.392 E/AccountsViewModel(26117): 	at java.util.concurrent.Executors$RunnableAdapter.call(Executors.java:462)
11-20 12:39:18.392 E/AccountsViewModel(26117): 	at java.util.concurrent.FutureTask.run(FutureTask.java:266)
11-20 12:39:18.392 E/AccountsViewModel(26117): 	at com.facebook.wearable.common.executors.DelayedFutureTask.run(:22)
11-20 12:39:18.392 E/AccountsViewModel(26117): 	at java.util.concurrent.ThreadPoolExecutor.runWorker(ThreadPoolExecutor.java:1167)
11-20 12:39:18.392 E/AccountsViewModel(26117): 	at java.util.concurrent.ThreadPoolExecutor$Worker.run(ThreadPoolExecutor.java:641)
11-20 12:39:18.392 E/AccountsViewModel(26117): 	at com.facebook.wearable.common.executors.NamedThreadFactory$1.run(:7)
11-20 12:39:18.440 E/StatusBarClientConnection(26117): Service connected
11-20 12:39:18.460 W/View    (26117): requestLayout() improperly called by android.view.View{731428f V.ED..... ......I. 0,368-474,474} during layout: running second layout pass
11-20 12:39:18.478 W/View    (26117): requestLayout() improperly called by com.facebook.wearable.common.wds.listview.WdsListView{f632f52 V.E..V... ........ 0,0-474,474} during second layout pass: posting in next frame
11-20 12:39:18.793 D/CompatibilityInfo( 1194): mCompatibilityFlags - 4
11-20 12:39:18.793 D/CompatibilityInfo( 1194): applicationDensity - 320
11-20 12:39:18.793 D/CompatibilityInfo( 1194): applicationScale - 1.0
11-20 12:39:18.812 D/ComplicationController( 4420): Stopping complication controller.
11-20 12:39:18.820 D/ComplicationDataManagerImpl( 4420): Fetching complication data for package: com.facebook.wearable.apps.calendar, com.facebook.wearable.apps.calendar.DAY_DATE_COMPLICATION.
11-20 12:39:18.820 D/ComplicationDataManagerImpl( 4420): Fetching complication data for package: com.facebook.wearable.apps.player, com.facebook.wearable.apps.player.SHORTCUT_COMPLICATION.
11-20 12:39:18.820 D/ComplicationDataManagerImpl( 4420): Fetching complication data for package: com.facebook.wearable.apps.gallery, com.facebook.wearable.apps.gallery.SHORTCUT_COMPLICATION.
11-20 12:39:18.821 D/ComplicationDataManagerImpl( 4420): Fetching complication data for package: com.facebook.wearable.apps.heart, com.facebook.wearable.apps.heart.HEART_RATE.
11-20 12:39:18.824 D/CompatibilityInfo( 1194): mCompatibilityFlags - 4
11-20 12:39:18.824 D/CompatibilityInfo( 1194): applicationDensity - 320
11-20 12:39:18.824 D/CompatibilityInfo( 1194): applicationScale - 1.0
11-20 12:39:19.370 D/UIAutomatorStub(26556): URI: /jsonrpc/0, Method: POST, Header: {content-length=192, remote-addr=127.0.0.1, http-client-ip=127.0.0.1, host=localhost:9010, content-type=application/json, accept-encoding=identity}, params, {NanoHttpd.QUERY_STRING=null}, files: {postData={"jsonrpc": "2.0", "method": "waitForExists", "id": "45367727083cb246cf850605e787de50", "params": [{"mask": 1, "childOrSibling": [], "childOrSiblingSelector": [], "text": "Notifications"}, 5]}}
11-20 12:39:19.399 D/UIAutomatorStub(26556): URI: /jsonrpc/0, Method: POST, Header: {content-length=191, remote-addr=127.0.0.1, http-client-ip=127.0.0.1, host=localhost:9010, content-type=application/json, accept-encoding=identity}, params, {NanoHttpd.QUERY_STRING=null}, files: {postData={"jsonrpc": "2.0", "method": "waitForExists", "id": "ac4fa12570cc56c99f817fda69be2a33", "params": [{"mask": 1, "childOrSibling": [], "childOrSiblingSelector": [], "text": "Connectivity"}, 5]}}
11-20 12:39:19.456 D/UIAutomatorStub(26556): URI: /jsonrpc/0, Method: POST, Header: {content-length=180, remote-addr=127.0.0.1, http-client-ip=127.0.0.1, host=localhost:9010, content-type=application/json, accept-encoding=identity}, params, {NanoHttpd.QUERY_STRING=null}, files: {postData={"jsonrpc": "2.0", "method": "click", "id": "20a7f3aa1b739c3ff84d2a862002e139", "params": [{"mask": 1, "childOrSibling": [], "childOrSiblingSelector": [], "text": "Connectivity"}]}}
11-20 12:39:19.493 E/ANDR-PERF-OPTSHANDLER(  557): Unable to find the correct node storage pointers for                   resource index=16, node path=/proc/sys/kernel/sched_upmigrate
11-20 12:39:19.493 E/ANDR-PERF-RESOURCEQS(  557): Failed to reset optimization [3, 7]
11-20 12:39:19.493 E/ANDR-PERF-OPTSHANDLER(  557): Unable to find the correct node storage pointers for                   resource index=17, node path=/proc/sys/kernel/sched_downmigrate
11-20 12:39:19.493 E/ANDR-PERF-RESOURCEQS(  557): Failed to reset optimization [3, 8]
11-20 12:39:19.493 E/ANDR-PERF-OPTSHANDLER(  557): Perflock resource /sys/module/lpm_levels/parameters/bias_hyst not supported
11-20 12:39:19.493 E/ANDR-PERF-RESOURCEQS(  557): Failed to reset optimization [1, 2]
11-20 12:39:19.493 E/ANDR-PERF-OPTSHANDLER(  557): Perflock resource /proc/sys/kernel/sched_group_upmigrate not supported
11-20 12:39:19.494 E/ANDR-PERF-RESOURCEQS(  557): Failed to reset optimization [3, 21]
11-20 12:39:19.494 E/ANDR-PERF-OPTSHANDLER(  557): Perflock resource /proc/sys/kernel/sched_group_downmigrate not supported
11-20 12:39:19.494 E/ANDR-PERF-RESOURCEQS(  557): Failed to reset optimization [3, 22]
11-20 12:39:19.533 W/StatusBarClientConnection(26117): Messenger is null, ignoring message: { when=-20h51m45s796ms barrier=1 }
11-20 12:39:19.537 W/HWComposer(  577): Ignoring duplicate VSYNC event from HWC for display 0 (t=75105800717442)
11-20 12:39:19.560 E/StatusBarClientConnection(26117): Service connected
11-20 12:39:19.589 W/View    (26117): requestLayout() improperly called by android.view.View{1cae99d V.ED..... ......I. 0,368-474,474} during layout: running second layout pass
11-20 12:39:19.610 W/View    (26117): requestLayout() improperly called by com.facebook.wearable.common.wds.listview.WdsListView{4e8ca7b V.E..V... ........ 0,0-474,474} during second layout pass: posting in next frame
11-20 12:39:19.736 D/commandrouter( 1117): rtc_sync (1, rtc:sync): <ServiceRequest> FORWARDED (remote -> local) service client ID = 0, token ID = 40274
11-20 12:39:19.736 D/vendor.facebook.rtc_sync@1.0-service( 1129): Request req_ts=1637411959732786206 resp_ts=1637411959736374327
11-20 12:39:19.736 D/commandrouter( 1117): SocServiceHandle::onServiceMessage, SoC Service = rtc_sync, appType = 1, type = SVC_RESP, clientId = 0, token = 40274, payloadLen = 8, result = 0, payload.size() = 8
11-20 12:39:20.300 E/ANDR-PERF-OPTSHANDLER(  557): perf_lock_rel: failed for /proc/sys/vm/swap_ratio as previous value is not stored
11-20 12:39:20.300 E/ANDR-PERF-OPTSHANDLER(  557): perf_lock_rel: failed for /sys/class/kgsl/kgsl-3d0/min_pwrlevel as previous value is not stored
11-20 12:39:20.301 E/ANDR-PERF-RESOURCEQS(  557): Failed to reset optimization [3, 0]
11-20 12:39:20.880 D/AppStorageManager( 1194): BEFORE:: Previous Size: 887332864 Current Size: 887218176
11-20 12:39:20.880 D/AppStorageManager( 1194): AFTER:: Previous Size: 887218176 Current Size: 887218176
11-20 12:39:20.900 E/TaskPersister( 1194): File error accessing recents directory (directory doesn't exist?).
11-20 12:39:21.191 W/HWComposer(  577): Ignoring duplicate VSYNC event from HWC for display 0 (t=75107454486192)
11-20 12:39:22.548 D/UIAutomatorStub(26556): URI: /jsonrpc/0, Method: POST, Header: {content-length=183, remote-addr=127.0.0.1, http-client-ip=127.0.0.1, host=localhost:9010, content-type=application/json, accept-encoding=identity}, params, {NanoHttpd.QUERY_STRING=null}, files: {postData={"jsonrpc": "2.0", "method": "waitForExists", "id": "a6cf99a3b4450660b963fbbf9bc671fe", "params": [{"mask": 1, "childOrSibling": [], "childOrSiblingSelector": [], "text": "WiFi"}, 5]}}
11-20 12:39:22.575 D/UIAutomatorStub(26556): URI: /jsonrpc/0, Method: POST, Header: {content-length=172, remote-addr=127.0.0.1, http-client-ip=127.0.0.1, host=localhost:9010, content-type=application/json, accept-encoding=identity}, params, {NanoHttpd.QUERY_STRING=null}, files: {postData={"jsonrpc": "2.0", "method": "click", "id": "bf1bce305bd9e1b060457ab806551c08", "params": [{"mask": 1, "childOrSibling": [], "childOrSiblingSelector": [], "text": "WiFi"}]}}
11-20 12:39:22.655 W/StatusBarClientConnection(26117): Messenger is null, ignoring message: { when=-20h51m48s918ms barrier=1 }
11-20 12:39:22.682 D/CompatibilityInfo( 1194): mCompatibilityFlags - 4
11-20 12:39:22.682 D/CompatibilityInfo( 1194): applicationDensity - 320
11-20 12:39:22.682 D/CompatibilityInfo( 1194): applicationScale - 1.0
11-20 12:39:22.697 D/WifiConnector( 2841): Network State Changed
11-20 12:39:22.697 E/StatusBarClientConnection(26117): Service connected
11-20 12:39:22.705 W/View    (26117): requestLayout() improperly called by android.view.View{23326fc V.ED..... ......I. 0,368-474,474} during layout: running second layout pass
11-20 12:39:22.711 D/WifiSharingService( 2841): Starting Wi-Fi scan
11-20 12:39:22.712 I/WifiService( 1194): startScan uid=1000
11-20 12:39:22.720 W/View    (26117): requestLayout() improperly called by com.facebook.wearable.common.wds.listview.WdsListView{6e00770 V.E..V... ........ 0,0-474,474} during second layout pass: posting in next frame
11-20 12:39:22.729 D/WifiNative( 1194): Scan trigered from WifiNative
11-20 12:39:22.730 I/chatty  ( 1024): uid=1021(gps) lowi-server expire 87 lines
11-20 12:39:22.731 V/WifiHAL (  539): event received NL80211_CMD_TRIGGER_SCAN
11-20 12:39:23.298 V/WifiHAL (  539): event received NL80211_CMD_NEW_SCAN_RESULTS
11-20 12:39:23.299 D/WifiNl80211Manager( 1194): Scan result ready event
11-20 12:39:23.299 D/WifiNative( 1194): Scan result ready event
11-20 12:39:23.305 D/LOWI-9.0.0.80( 1024): [LOWI-Scan] print_bss_handler: Report Probe TSF 75109561265 as it greater than Beacon TSF 74957571609
11-20 12:39:23.305 I/LOWI-9.0.0.80( 1024): [LOWI-Scan] RSN_IE
11-20 12:39:23.305 D/LOWI-9.0.0.80( 1024): [LOWI-Scan] decode_rsn_wpa_ie: Entered
11-20 12:39:23.305 D/LOWI-9.0.0.80( 1024): [LOWIUtils] hexDump: msg(30 14 01 00 00 0f ac 04 01 00 00 0f ac 04 01 00 00 0f ac 02 )
11-20 12:39:23.305 D/LOWI-9.0.0.80( 1024): [LOWI-Scan] decode_rsn_wpa_ie: LOWI_ENCRYPTION_TYPE_WPA_PSK
11-20 12:39:23.305 D/LOWI-9.0.0.80( 1024): [LOWI-Scan] is_qcom_ie, bss_age: 49
11-20 12:39:23.305 D/LOWI-9.0.0.80( 1024): [LOWI-Scan] BSS 2c:57:41:88:72:e1 LOWI_PHY_MODE_11NG_HT20(5), Beacon Interval: 100, LOWI_ENCRYPTION_TYPE_WPA_PSK 11mcRanging: No, ANQP: No, LCI: No, Civic: No, capability(0x1411): ESS Privacy ShortSlotTime
11-20 12:39:23.305 D/LOWI-9.0.0.80( 1024): [LOWI-Scan] BSS 2c:57:41:88:72:e1 FREQ: 2412, cFreq1[40:80:160] = [0:0:0] cFreq2 = 0 Country Code = US
11-20 12:39:23.305 D/LOWI-9.0.0.80( 1024): [LOWI-Scan] BSS 2c:57:41:88:72:e1 (wlan0) ASSO: NO AddInfo: 0x0, TSF 0, 20:51:49.561, RSSI: -148, CPL: 3, AGE: 0,  SSID kittyhawk, TSFDelta: 0x0, TXRate: 0
11-20 12:39:23.305 D/LOWI-9.0.0.80( 1024): [LOWI-Scan] 
11-20 12:39:23.305 D/LOWI-9.0.0.80( 1024): [LOWI-Scan] print_bss_handler: Report Probe TSF 75109561054 as it greater than Beacon TSF 74957571354
11-20 12:39:23.305 I/LOWI-9.0.0.80( 1024): [LOWI-Scan] RSN_IE
11-20 12:39:23.306 D/LOWI-9.0.0.80( 1024): [LOWI-Scan] decode_rsn_wpa_ie: Entered
11-20 12:39:23.306 D/LOWI-9.0.0.80( 1024): [LOWIUtils] hexDump: msg(30 14 01 00 00 0f ac 04 01 00 00 0f ac 04 01 00 00 0f ac 02 )
11-20 12:39:23.306 D/LOWI-9.0.0.80( 1024): [LOWI-Scan] decode_rsn_wpa_ie: LOWI_ENCRYPTION_TYPE_WPA_PSK
11-20 12:39:23.306 D/LOWI-9.0.0.80( 1024): [LOWI-Scan] is_qcom_ie, bss_age: 24
11-20 12:39:23.306 D/LOWI-9.0.0.80( 1024): [LOWI-Scan] BSS ce:dc:12:3b:87:fd LOWI_PHY_MODE_11AC_VHT20_2G(11), Beacon Interval: 100, LOWI_ENCRYPTION_TYPE_WPA_PSK 11mcRanging: No, ANQP: Yes, LCI: No, Civic: No, capability(0x1431): ESS Privacy ShortPreamble ShortSlotTime
11-20 12:39:23.306 D/LOWI-9.0.0.80( 1024): [LOWI-Scan] BSS ce:dc:12:3b:87:fd FREQ: 2437, cFreq1[40:80:160] = [0:0:0] cFreq2 = 0 Country Code =    
11-20 12:39:23.306 D/LOWI-9.0.0.80( 1024): [LOWI-Scan] BSS ce:dc:12:3b:87:fd (wlan0) ASSO: NO AddInfo: 0x0, TSF 0, 20:51:49.561, RSSI: -106, CPL: 127, AGE: 0,  SSID Pixel5_R1, TSFDelta: 0x0, TXRate: 0
11-20 12:39:23.311 D/WificondScannerImpl( 1194): Filtering out 1 scan results.
11-20 12:39:23.317 D/LOWI-9.0.0.80( 1024): [LOWI-Scan] 
11-20 12:39:23.317 D/LOWI-9.0.0.80( 1024): [LOWI-Scan] print_bss_handler: Report Probe TSF 75109561090 as it greater than Beacon TSF 75008550570
11-20 12:39:23.317 I/LOWI-9.0.0.80( 1024): [LOWI-Scan] RSN_IE
11-20 12:39:23.317 D/LOWI-9.0.0.80( 1024): [LOWI-Scan] decode_rsn_wpa_ie: Entered
11-20 12:39:23.317 D/LOWI-9.0.0.80( 1024): [LOWIUtils] hexDump: msg(30 14 01 00 00 0f ac 04 01 00 00 0f ac 04 01 00 00 0f ac 02 )
11-20 12:39:23.317 D/LOWI-9.0.0.80( 1024): [LOWI-Scan] decode_rsn_wpa_ie: LOWI_ENCRYPTION_TYPE_WPA_PSK
11-20 12:39:23.317 D/LOWI-9.0.0.80( 1024): [LOWI-Scan] is_qcom_ie, bss_age: 14
11-20 12:39:23.317 D/LOWI-9.0.0.80( 1024): [LOWI-Scan] BSS fe:2d:5a:49:61:eb LOWI_PHY_MODE_11AC_VHT20_2G(11), Beacon Interval: 100, LOWI_ENCRYPTION_TYPE_WPA_PSK 11mcRanging: No, ANQP: Yes, LCI: No, Civic: No, capability(0x1431): ESS Privacy ShortPreamble ShortSlotTime
11-20 12:39:23.317 D/LOWI-9.0.0.80( 1024): [LOWI-Scan] BSS fe:2d:5a:49:61:eb FREQ: 2452, cFreq1[40:80:160] = [0:0:0] cFreq2 = 0 Country Code =    
11-20 12:39:23.317 D/LOWI-9.0.0.80( 1024): [LOWI-Scan] BSS fe:2d:5a:49:61:eb (wlan0) ASSO: NO AddInfo: 0x0, TSF 0, 20:51:49.561, RSSI: -110, CPL: 127, AGE: 0,  SSID Pixel_R2, TSFDelta: 0x0, TXRate: 0
11-20 12:39:23.318 D/LOWI-9.0.0.80( 1024): [LOWI-Scan] 
11-20 12:39:23.318 D/LOWI-9.0.0.80( 1024): [LOWI-Scan] print_bss_handler: Report beacon TSF 75109561108 as it greater than probe TSF 75080823390
11-20 12:39:23.318 I/LOWI-9.0.0.80( 1024): [LOWI-Scan] RSN_IE
11-20 12:39:23.318 D/LOWI-9.0.0.80( 1024): [LOWI-Scan] decode_rsn_wpa_ie: Entered
11-20 12:39:23.318 D/LOWI-9.0.0.80( 1024): [LOWIUtils] hexDump: msg(30 14 01 00 00 0f ac 04 01 00 00 0f ac 04 01 00 00 0f ac 02 )
11-20 12:39:23.318 D/LOWI-9.0.0.80( 1024): [LOWI-Scan] decode_rsn_wpa_ie: LOWI_ENCRYPTION_TYPE_WPA_PSK
11-20 12:39:23.318 D/LOWI-9.0.0.80( 1024): [LOWI-Scan] is_qcom_ie, bss_age: 50
11-20 12:39:23.318 D/LOWI-9.0.0.80( 1024): [LOWI-Scan] BSS 52:b8:14:37:74:3f LOWI_PHY_MODE_11AC_VHT20_2G(11), Beacon Interval: 100, LOWI_ENCRYPTION_TYPE_WPA_PSK 11mcRanging: No, ANQP: No, LCI: No, Civic: No, capability(0x1431): ESS Privacy ShortPreamble ShortSlotTime
11-20 12:39:23.318 D/LOWI-9.0.0.80( 1024): [LOWI-Scan] BSS 52:b8:14:37:74:3f FREQ: 2417, cFreq1[40:80:160] = [0:0:0] cFreq2 = 0 Country Code =    
11-20 12:39:23.318 D/LOWI-9.0.0.80( 1024): [LOWI-Scan] BSS 52:b8:14:37:74:3f (wlan0) ASSO: NO AddInfo: 0x1, TSF 0, 20:51:49.561, RSSI: -106, CPL: 127, AGE: 0,  SSID Pixel_8668, TSFDelta: 0x0, TXRate: 0
11-20 12:39:23.318 D/PasspointManager( 1194): ANQP entry not found for: c6:82:9b:4e:b3:9e:<Pixel_R6>
11-20 12:39:23.319 D/LOWI-9.0.0.80( 1024): [LOWI-Scan] 
11-20 12:39:23.319 D/LOWI-9.0.0.80( 1024): [LOWI-Scan] print_bss_handler: Report Probe TSF 75109561364 as it greater than Beacon TSF 75058590712
11-20 12:39:23.319 I/LOWI-9.0.0.80( 1024): [LOWI-Scan] RSN_IE
11-20 12:39:23.319 D/LOWI-9.0.0.80( 1024): [LOWI-Scan] decode_rsn_wpa_ie: Entered
11-20 12:39:23.319 D/LOWI-9.0.0.80( 1024): [LOWIUtils] hexDump: msg(30 14 01 00 00 0f ac 04 01 00 00 0f ac 04 01 00 00 0f ac 02 )
11-20 12:39:23.319 D/LOWI-9.0.0.80( 1024): [LOWI-Scan] decode_rsn_wpa_ie: LOWI_ENCRYPTION_TYPE_WPA_PSK
11-20 12:39:23.319 D/LOWI-9.0.0.80( 1024): [LOWI-Scan] is_qcom_ie, bss_age: 6
11-20 12:39:23.319 D/LOWI-9.0.0.80( 1024): [LOWI-Scan] BSS 2c:57:41:86:85:21 LOWI_PHY_MODE_11NG_HT20(5), Beacon Interval: 100, LOWI_ENCRYPTION_TYPE_WPA_PSK 11mcRanging: No, ANQP: No, LCI: No, Civic: No, capability(0x1411): ESS Privacy ShortSlotTime
11-20 12:39:23.319 D/LOWI-9.0.0.80( 1024): [LOWI-Scan] BSS 2c:57:41:86:85:21 FREQ: 2462, cFreq1[40:80:160] = [0:0:0] cFreq2 = 0 Country Code = US
11-20 12:39:23.319 D/LOWI-9.0.0.80( 1024): [LOWI-Scan] BSS 2c:57:41:86:85:21 (wlan0) ASSO: NO AddInfo: 0x0, TSF 0, 20:51:49.561, RSSI: -164, CPL: 2, AGE: 0,  SSID kittyhawk, TSFDelta: 0x0, TXRate: 0
11-20 12:39:23.320 D/LOWI-9.0.0.80( 1024): [LOWI-Scan] 
11-20 12:39:23.320 D/LOWI-9.0.0.80( 1024): [LOWI-Scan] print_bss_handler: Report Probe TSF 75109561326 as it greater than Beacon TSF 74878843670
11-20 12:39:23.320 I/LOWI-9.0.0.80( 1024): [LOWI-Scan] RSN_IE
11-20 12:39:23.320 D/LOWI-9.0.0.80( 1024): [LOWI-Scan] decode_rsn_wpa_ie: Entered
11-20 12:39:23.320 D/LOWI-9.0.0.80( 1024): [LOWIUtils] hexDump: msg(30 14 01 00 00 0f ac 04 01 00 00 0f ac 04 01 00 00 0f ac 02 )
11-20 12:39:23.320 D/LOWI-9.0.0.80( 1024): [LOWI-Scan] decode_rsn_wpa_ie: LOWI_ENCRYPTION_TYPE_WPA_PSK
11-20 12:39:23.320 D/LOWI-9.0.0.80( 1024): [LOWI-Scan] is_qcom_ie, bss_age: 3
11-20 12:39:23.320 D/LOWI-9.0.0.80( 1024): [LOWI-Scan] BSS 18:64:72:60:2e:e0 LOWI_PHY_MODE_11NG_HT20(5), Beacon Interval: 100, LOWI_ENCRYPTION_TYPE_WPA_PSK 11mcRanging: No, ANQP: No, LCI: No, Civic: No, capability(0x0431): ESS Privacy ShortPreamble ShortSlotTime
11-20 12:39:23.320 D/LOWI-9.0.0.80( 1024): [LOWI-Scan] BSS 18:64:72:60:2e:e0 FREQ: 2462, cFreq1[40:80:160] = [0:0:0] cFreq2 = 0 Country Code =    
11-20 12:39:23.320 D/LOWI-9.0.0.80( 1024): [LOWI-Scan] BSS 18:64:72:60:2e:e0 (wlan0) ASSO: NO AddInfo: 0x0, TSF 0, 20:51:49.561, RSSI: -158, CPL: 127, AGE: 0,  SSID lab-t24103779, TSFDelta: 0x0, TXRate: 0
11-20 12:39:23.320 D/LOWI-9.0.0.80( 1024): [LOWI-Scan] 
11-20 12:39:23.320 D/LOWI-9.0.0.80( 1024): [LOWI-Scan] print_bss_handler: Report Probe TSF 75109561204 as it greater than Beacon TSF 74928902042
11-20 12:39:23.320 I/LOWI-9.0.0.80( 1024): [LOWI-Scan] RSN_IE
11-20 12:39:23.320 D/LOWI-9.0.0.80( 1024): [LOWI-Scan] decode_rsn_wpa_ie: Entered
11-20 12:39:23.321 D/LOWI-9.0.0.80( 1024): [LOWIUtils] hexDump: msg(30 14 01 00 00 0f ac 04 01 00 00 0f ac 04 01 00 00 0f ac 02 )
11-20 12:39:23.321 D/LOWI-9.0.0.80( 1024): [LOWI-Scan] decode_rsn_wpa_ie: LOWI_ENCRYPTION_TYPE_WPA_PSK
11-20 12:39:23.321 D/LOWI-9.0.0.80( 1024): [LOWI-Scan] is_qcom_ie, bss_age: 49
11-20 12:39:23.321 D/LOWI-9.0.0.80( 1024): [LOWI-Scan] BSS 18:64:72:60:2b:40 LOWI_PHY_MODE_11NG_HT20(5), Beacon Interval: 100, LOWI_ENCRYPTION_TYPE_WPA_PSK 11mcRanging: No, ANQP: No, LCI: No, Civic: No, capability(0x0431): ESS Privacy ShortPreamble ShortSlotTime
11-20 12:39:23.321 D/LOWI-9.0.0.80( 1024): [LOWI-Scan] BSS 18:64:72:60:2b:40 FREQ: 2412, cFreq1[40:80:160] = [0:0:0] cFreq2 = 0 Country Code =    
11-20 12:39:23.321 D/LOWI-9.0.0.80( 1024): [LOWI-Scan] BSS 18:64:72:60:2b:40 (wlan0) ASSO: NO AddInfo: 0x0, TSF 0, 20:51:49.561, RSSI: -140, CPL: 127, AGE: 0,  SSID lab-t24103779, TSFDelta: 0x0, TXRate: 0
11-20 12:39:23.321 D/PasspointManager( 1194): ANQP entry not found for: 5e:6e:be:46:77:d7:<Pixel_R3>
11-20 12:39:23.321 D/LOWI-9.0.0.80( 1024): [LOWI-Scan] 
11-20 12:39:23.321 D/LOWI-9.0.0.80( 1024): [LOWI-Scan] print_bss_handler: Report Probe TSF 75109561164 as it greater than Beacon TSF 75030013595
11-20 12:39:23.321 I/LOWI-9.0.0.80( 1024): [LOWI-Scan] RSN_IE
11-20 12:39:23.321 D/LOWI-9.0.0.80( 1024): [LOWI-Scan] decode_rsn_wpa_ie: Entered
11-20 12:39:23.321 D/LOWI-9.0.0.80( 1024): [LOWIUtils] hexDump: msg(30 14 01 00 00 0f ac 04 01 00 00 0f ac 04 01 00 00 0f ac 02 )
11-20 12:39:23.321 D/LOWI-9.0.0.80( 1024): [LOWI-Scan] decode_rsn_wpa_ie: LOWI_ENCRYPTION_TYPE_WPA_PSK
11-20 12:39:23.321 D/PasspointManager( 1194): ANQP entry not found for: 12:d7:96:61:85:9f:<Pixel_R5>
11-20 12:39:23.321 D/LOWI-9.0.0.80( 1024): [LOWI-Scan] is_qcom_ie, bss_age: 49
11-20 12:39:23.321 D/LOWI-9.0.0.80( 1024): [LOWI-Scan] BSS 2c:57:41:86:8a:a1 LOWI_PHY_MODE_11NG_HT20(5), Beacon Interval: 100, LOWI_ENCRYPTION_TYPE_WPA_PSK 11mcRanging: No, ANQP: No, LCI: No, Civic: No, capability(0x1411): ESS Privacy ShortSlotTime
11-20 12:39:23.322 D/LOWI-9.0.0.80( 1024): [LOWI-Scan] BSS 2c:57:41:86:8a:a1 FREQ: 2412, cFreq1[40:80:160] = [0:0:0] cFreq2 = 0 Country Code = US
11-20 12:39:23.322 D/LOWI-9.0.0.80( 1024): [LOWI-Scan] BSS 2c:57:41:86:8a:a1 (wlan0) ASSO: NO AddInfo: 0x0, TSF 0, 20:51:49.561, RSSI: -130, CPL: 3, AGE: 0,  SSID kittyhawk, TSFDelta: 0x0, TXRate: 0
11-20 12:39:23.322 D/PasspointManager( 1194): ANQP entry not found for: ce:dc:12:3b:87:fd:<Pixel5_R1>
11-20 12:39:23.322 D/PasspointManager( 1194): ANQP entry not found for: fe:2d:5a:49:61:eb:<Pixel_R2>
11-20 12:39:23.322 D/LOWI-9.0.0.80( 1024): [LOWI-Scan] 
11-20 12:39:23.322 D/LOWI-9.0.0.80( 1024): [LOWI-Scan] print_bss_handler: Report Probe TSF 75109561286 as it greater than Beacon TSF 0
11-20 12:39:23.322 I/LOWI-9.0.0.80( 1024): [LOWI-Scan] RSN_IE
11-20 12:39:23.322 D/LOWI-9.0.0.80( 1024): [LOWI-Scan] decode_rsn_wpa_ie: Entered
11-20 12:39:23.322 D/LOWI-9.0.0.80( 1024): [LOWIUtils] hexDump: msg(30 14 01 00 00 0f ac 04 01 00 00 0f ac 04 01 00 00 0f ac 02 )
11-20 12:39:23.322 D/LOWI-9.0.0.80( 1024): [LOWI-Scan] decode_rsn_wpa_ie: LOWI_ENCRYPTION_TYPE_WPA_PSK
11-20 12:39:23.322 D/LOWI-9.0.0.80( 1024): [LOWI-Scan] is_qcom_ie, bss_age: 49
11-20 12:39:23.322 D/LOWI-9.0.0.80( 1024): [LOWI-Scan] BSS 2c:57:41:89:53:21 LOWI_PHY_MODE_11NG_HT20(5), Beacon Interval: 100, LOWI_ENCRYPTION_TYPE_WPA_PSK 11mcRanging: No, ANQP: No, LCI: No, Civic: No, capability(0x1411): ESS Privacy ShortSlotTime
11-20 12:39:23.322 D/LOWI-9.0.0.80( 1024): [LOWI-Scan] BSS 2c:57:41:89:53:21 FREQ: 2412, cFreq1[40:80:160] = [0:0:0] cFreq2 = 0 Country Code = US
11-20 12:39:23.322 D/LOWI-9.0.0.80( 1024): [LOWI-Scan] BSS 2c:57:41:89:53:21 (wlan0) ASSO: NO AddInfo: 0x0, TSF 0, 20:51:49.561, RSSI: -160, CPL: 3, AGE: 0,  SSID kittyhawk, TSFDelta: 0x0, TXRate: 0
11-20 12:39:23.323 D/LOWI-9.0.0.80( 1024): [LOWI-Scan] 
11-20 12:39:23.323 D/LOWI-9.0.0.80( 1024): [LOWI-Scan] print_bss_handler: Report Probe TSF 75109561306 as it greater than Beacon TSF 75008550721
11-20 12:39:23.323 I/LOWI-9.0.0.80( 1024): [LOWI-Scan] RSN_IE
11-20 12:39:23.323 D/LOWI-9.0.0.80( 1024): [LOWI-Scan] decode_rsn_wpa_ie: Entered
11-20 12:39:23.323 D/LOWI-9.0.0.80( 1024): [LOWIUtils] hexDump: msg(30 14 01 00 00 0f ac 04 01 00 00 0f ac 04 01 00 00 0f ac 02 )
11-20 12:39:23.323 D/LOWI-9.0.0.80( 1024): [LOWI-Scan] decode_rsn_wpa_ie: LOWI_ENCRYPTION_TYPE_WPA_PSK
11-20 12:39:23.323 D/LOWI-9.0.0.80( 1024): [LOWI-Scan] is_qcom_ie, bss_age: 26
11-20 12:39:23.323 D/LOWI-9.0.0.80( 1024): [LOWI-Scan] BSS 2c:57:41:89:63:c1 LOWI_PHY_MODE_11NG_HT20(5), Beacon Interval: 100, LOWI_ENCRYPTION_TYPE_WPA_PSK 11mcRanging: No, ANQP: No, LCI: No, Civic: No, capability(0x1411): ESS Privacy ShortSlotTime
11-20 12:39:23.323 D/LOWI-9.0.0.80( 1024): [LOWI-Scan] BSS 2c:57:41:89:63:c1 FREQ: 2437, cFreq1[40:80:160] = [0:0:0] cFreq2 = 0 Country Code = US
11-20 12:39:23.323 D/LOWI-9.0.0.80( 1024): [LOWI-Scan] BSS 2c:57:41:89:63:c1 (wlan0) ASSO: NO AddInfo: 0x0, TSF 0, 20:51:49.561, RSSI: -158, CPL: 2, AGE: 0,  SSID kittyhawk, TSFDelta: 0x0, TXRate: 0
11-20 12:39:23.324 D/LOWI-9.0.0.80( 1024): [LOWI-Scan] 
11-20 12:39:23.324 D/LOWI-9.0.0.80( 1024): [LOWI-Scan] print_bss_handler: Report Probe TSF 75109561346 as it greater than Beacon TSF 75030013694
11-20 12:39:23.324 I/LOWI-9.0.0.80( 1024): [LOWI-Scan] RSN_IE
11-20 12:39:23.324 D/LOWI-9.0.0.80( 1024): [LOWI-Scan] decode_rsn_wpa_ie: Entered
11-20 12:39:23.324 D/LOWI-9.0.0.80( 1024): [LOWIUtils] hexDump: msg(30 14 01 00 00 0f ac 04 01 00 00 0f ac 04 01 00 00 0f ac 02 )
11-20 12:39:23.324 D/LOWI-9.0.0.80( 1024): [LOWI-Scan] decode_rsn_wpa_ie: LOWI_ENCRYPTION_TYPE_WPA_PSK
11-20 12:39:23.324 D/LOWI-9.0.0.80( 1024): [LOWI-Scan] is_qcom_ie, bss_age: 49
11-20 12:39:23.324 D/LOWI-9.0.0.80( 1024): [LOWI-Scan] BSS 2c:57:41:86:7a:61 LOWI_PHY_MODE_11NG_HT20(5), Beacon Interval: 100, LOWI_ENCRYPTION_TYPE_WPA_PSK 11mcRanging: No, ANQP: No, LCI: No, Civic: No, capability(0x1411): ESS Privacy ShortSlotTime
11-20 12:39:23.324 D/LOWI-9.0.0.80( 1024): [LOWI-Scan] BSS 2c:57:41:86:7a:61 FREQ: 2412, cFreq1[40:80:160] = [0:0:0] cFreq2 = 0 Country Code = US
11-20 12:39:23.324 D/LOWI-9.0.0.80( 1024): [LOWI-Scan] BSS 2c:57:41:86:7a:61 (wlan0) ASSO: NO AddInfo: 0x0, TSF 0, 20:51:49.561, RSSI: -156, CPL: 3, AGE: 0,  SSID kittyhawk, TSFDelta: 0x0, TXRate: 0
11-20 12:39:23.324 D/LOWI-9.0.0.80( 1024): [LOWI-Scan] 
11-20 12:39:23.324 D/LOWI-9.0.0.80( 1024): [LOWI-Scan] print_bss_handler: Report Probe TSF 75080823675 as it greater than Beacon TSF 0
11-20 12:39:23.324 I/LOWI-9.0.0.80( 1024): [LOWI-Scan] RSN_IE
11-20 12:39:23.324 D/LOWI-9.0.0.80( 1024): [LOWI-Scan] decode_rsn_wpa_ie: Entered
11-20 12:39:23.325 D/LOWI-9.0.0.80( 1024): [LOWIUtils] hexDump: msg(30 18 01 00 00 0f ac 02 02 00 00 0f ac 02 00 0f ac 04 01 00 00 0f ac 02 )
11-20 12:39:23.325 D/LOWI-9.0.0.80( 1024): [LOWI-Scan] decode_rsn_wpa_ie: LOWI_ENCRYPTION_TYPE_WPA_PSK
11-20 12:39:23.325 D/LOWI-9.0.0.80( 1024): [LOWI-Scan] is_qcom_ie, bss_age: 29
11-20 12:39:23.325 D/LOWI-9.0.0.80( 1024): [LOWI-Scan] adjust_age:AP AGE upper limit reached. Dont store
11-20 12:39:23.325 D/LOWI-9.0.0.80( 1024): [LOWI-Scan] BSS 18:4f:32:07:46:03 LOWI_PHY_MODE_11NG_HT20(5), Beacon Interval: 100, LOWI_ENCRYPTION_TYPE_WPA_PSK 11mcRanging: No, ANQP: No, LCI: No, Civic: No, capability(0x0431): ESS Privacy ShortPreamble ShortSlotTime
11-20 12:39:23.325 D/LOWI-9.0.0.80( 1024): [LOWI-Scan] BSS 18:4f:32:07:46:03 FREQ: 2437, cFreq1[40:80:160] = [0:0:0] cFreq2 = 0 Country Code =    
11-20 12:39:23.325 D/LOWI-9.0.0.80( 1024): [LOWI-Scan] BSS 18:4f:32:07:46:03 (wlan0) ASSO: NO AddInfo: 0x0, TSF 0, 20:51:20.823, RSSI: -180, CPL: 127, AGE: 28740,  SSID HP-Print-03-LaserJet Pro MFP, TSFDelta: 0x0, TXRate: 0
11-20 12:39:23.325 D/LOWI-9.0.0.80( 1024): [LOWIDiagLog] Log: lowiMeasResult->request: invalid null argument
11-20 12:39:23.325 I/LOWI-9.0.0.80( 1024): [LOWI-Scan] lowi_close_record:Scan done in 75065808ms, 20 APs in scan results
11-20 12:39:23.325 D/LOWI-9.0.0.80( 1024): [LOWI-Scan] WipsScanUsingNL: passive scan cached 0, took 9232 ms, err 0
11-20 12:39:23.325 D/LOWI-9.0.0.80( 1024): [LOWI-Scan] lowi_proc_req_passive_scan_with_live_meas - No WLAN Frames to be parsed
11-20 12:39:23.325 D/LOWI-9.0.0.80( 1024): [LOWIScanResultReceiver] Send scan meas to listener
11-20 12:39:23.325 D/LOWI-9.0.0.80( 1024): [LOWIScanResultReceiver] Enter passive listening mode
11-20 12:39:23.325 D/LOWI-9.0.0.80( 1024): [LOWIWifiDriverInterface] getMeasurements - Passive listening mode
11-20 12:39:23.325 D/LOWI-9.0.0.80( 1024): [LOWIEventReceiver] handleEvent:FROM:NA, TO:NA, REQ:NA, IREQ:NA, REQ_ID:0, RESP:NA, INFO:NA
11-20 12:39:23.325 D/LOWI-9.0.0.80( 1024): [LOWIBackgroundScanMgr] isRspForBgScanMgr: evt(LOWI_NO_EVT) - not handled
11-20 12:39:23.325 D/LOWI-9.0.0.80( 1024): [LOWIScheduler] manageMsg: NULL results or NULL request in results
11-20 12:39:23.325 D/LOWI-9.0.0.80( 1024): [LOWIController] Measurements received
11-20 12:39:23.325 D/LOWI-9.0.0.80( 1024): [LOWICacheManager] putInCache:Num of Meas to add: 20
11-20 12:39:23.326 D/LOWI-9.0.0.80( 1024): [LOWI-Scan] WipsScanUsingNL:wait -1 sec for netlink message
11-20 12:39:23.327 D/LOWI-9.0.0.80( 1024): [LOWIController] processMeasurementResults: No current Request. Cache measurements
11-20 12:39:23.327 D/LOWI-9.0.0.80( 1024): [LOWIControllerExtn] sendLOWILpDiscoveryScanResponse: Not a discovery scan response
11-20 12:39:23.371 D/WifiSharingService( 2841): Sending scanResults intent with status code 0: PendingIntent{4169710: android.os.BinderProxy@f0906c1}
11-20 12:39:23.378 D/CompatibilityInfo( 1194): mCompatibilityFlags - 4
11-20 12:39:23.378 D/CompatibilityInfo( 1194): applicationDensity - 320
11-20 12:39:23.378 D/CompatibilityInfo( 1194): applicationScale - 1.0
11-20 12:39:24.312 W/HWComposer(  577): Ignoring duplicate VSYNC event from HWC for display 0 (t=75110575854628)
11-20 12:39:24.329 W/HWComposer(  577): Ignoring duplicate VSYNC event from HWC for display 0 (t=75110592699107)
11-20 12:39:24.380 W/HWComposer(  577): Ignoring duplicate VSYNC event from HWC for display 0 (t=75110643405670)
11-20 12:39:25.207 W/HWComposer(  577): Ignoring duplicate VSYNC event from HWC for display 0 (t=75111470258013)
11-20 12:39:25.240 W/HWComposer(  577): Ignoring duplicate VSYNC event from HWC for display 0 (t=75111503874315)
11-20 12:39:25.492 D/AnalyticsLogger( 1194): sent events: 12
11-20 12:39:25.700 D/UIAutomatorStub(26556): URI: /jsonrpc/0, Method: POST, Header: {content-length=229, remote-addr=127.0.0.1, http-client-ip=127.0.0.1, host=localhost:9010, content-type=application/json, accept-encoding=identity}, params, {NanoHttpd.QUERY_STRING=null}, files: {postData={"jsonrpc": "2.0", "method": "objInfo", "id": "758605b90d86078a953a971f22d13b62", "params": [{"mask": 2097152, "childOrSibling": [], "childOrSiblingSelector": [], "resourceId": "com.facebook.wearable.system.settings:id/toggle"}]}}
11-20 12:39:25.772 D/UIAutomatorStub(26556): URI: /jsonrpc/0, Method: POST, Header: {content-length=227, remote-addr=127.0.0.1, http-client-ip=127.0.0.1, host=localhost:9010, content-type=application/json, accept-encoding=identity}, params, {NanoHttpd.QUERY_STRING=null}, files: {postData={"jsonrpc": "2.0", "method": "click", "id": "7f69158c8b60a59d6306085395b026e8", "params": [{"mask": 2097152, "childOrSibling": [], "childOrSiblingSelector": [], "resourceId": "com.facebook.wearable.system.settings:id/toggle"}]}}
11-20 12:39:25.827 D/WifiSharingService( 2841): Setting Wi-Fi enabled state
11-20 12:39:25.828 I/WifiService( 1194): setWifiEnabled package=com.facebook.wearable.system.connectivity uid=1000 enable=false
11-20 12:39:25.830 D/QCNEJ/WlanStaInfoRelay( 1900): onChange for uri = content://settings/global/wifi_on
11-20 12:39:25.836 D/WifiActiveModeWarden( 1194): Switching all client mode managers
11-20 12:39:25.844 D/WifiP2pService( 1194): Wifi enabled=false, P2P Interface availability=true
11-20 12:39:25.847 D/WifiP2pNative( 1194): Teardown P2P interface
11-20 12:39:25.847 E/QMI_FW  (  927): qmi_cci_get_ref: ref count increased 2
11-20 12:39:25.852 D/WifiP2pService( 1194): Wifi enabled=false, P2P Interface availability=true
11-20 12:39:25.857 W/ContextImpl( 1194): Calling a method in the system process without a qualified user: android.app.ContextImpl.sendBroadcastMultiplePermissions:1143 android.content.Context.sendBroadcastWithMultiplePermissions:2150 com.android.server.display.WifiDisplayAdapter.handleSendStatusChangeBroadcast:440 com.android.server.display.WifiDisplayAdapter.access$1700:63 com.android.server.display.WifiDisplayAdapter$WifiDisplayHandler.handleMessage:675 
11-20 12:39:25.869 D/WifiClientModeManager1( 1194): IMS not registered over IWLAN for subId: 1
11-20 12:39:25.869 D/WifiClientModeManager1( 1194): The target role 5
11-20 12:39:25.870 I/wpa_supplicant(30057): p2p0: Do not deauthenticate as part of interface deinit since WoWLAN is enabled
11-20 12:39:25.917 E/wpa_supplicant(30057): eap_proxy: pthread_join on eap_proxy=0x5009fa8
11-20 12:39:25.917 E/wpa_supplicant(30057): eap_proxy: session not started for client = 1
11-20 12:39:25.917 E/QMI_FW  (30057): qmi_cci_get_ref: ref count increased 2
11-20 12:39:25.917 E/QMI_FW  (30057): qmi_cci_get_ref: ref count increased 2
11-20 12:39:25.917 E/wpa_supplicant(30057): eap_proxy: Released QMI UIM service client
11-20 12:39:25.917 E/QMI_FW  (30057): qmi_cci_get_ref: ref count increased 2
11-20 12:39:25.917 E/QMI_FW  (30057): qmi_cci_get_ref: ref count increased 2
11-20 12:39:25.919 E/wpa_supplicant(30057): eap_proxy: Released QMI EAP service client
11-20 12:39:25.919 E/wpa_supplicant(30057): eap_proxy: session not started for client = 2
11-20 12:39:25.919 E/QMI_FW  (30057): qmi_cci_get_ref: ref count increased 2
11-20 12:39:25.919 E/QMI_FW  (30057): qmi_cci_get_ref: ref count increased 2
11-20 12:39:25.921 E/wpa_supplicant(30057): eap_proxy: Released QMI UIM service client
11-20 12:39:25.921 E/QMI_FW  (30057): qmi_cci_get_ref: ref count increased 2
11-20 12:39:25.921 E/QMI_FW  (30057): qmi_cci_get_ref: ref count increased 2
11-20 12:39:25.922 E/wpa_supplicant(30057): eap_proxy: Released QMI EAP service client
11-20 12:39:25.922 I/wpa_supplicant(30057): eap_proxy: eap_proxy Deinitialzed
11-20 12:39:25.981 I/wpa_supplicant(30057): nl80211: deinit ifname=p2p0 disabled_11b_rates=0
11-20 12:39:26.027 D/LOWI-9.0.0.80( 1024): [LOWINetlinkSocketReceiver] unpackRTMLinkMessage: RTM_NEWLINK - ifname p2p0, flags 0x1003 ([UP])
11-20 12:39:26.077 D/LOWI-9.0.0.80( 1024): [LOWINetlinkSocketReceiver] unpackRTMLinkMessage: RTM_NEWLINK - ifname p2p0, flags 0x1002 ()
11-20 12:39:26.087 D/LOWI-9.0.0.80( 1024): [LOWINetlinkSocketReceiver] unpackRTMLinkMessage: RTM_NEWLINK - ifname p2p0, flags 0x1002 ()
11-20 12:39:26.089 I/wpa_supplicant(30057): Try to unregister vendor p2 interface
11-20 12:39:26.091 I/WifiP2pNative( 1194): P2P interface teardown completed
11-20 12:39:26.091 D/WifiP2pNative( 1194): P2P InterfaceDestroyedListener p2p0
11-20 12:39:26.091 D/WifiP2pNative( 1194): Ignoring stale interface destroyed listener
11-20 12:39:26.092 D/WifiP2pNative( 1194): P2P InterfaceAvailableListener true
11-20 12:39:26.092 D/WifiP2pService( 1194): Wifi enabled=false, P2P Interface availability=true
11-20 12:39:26.093 I/android_os_HwBinder( 1194): HwBinder: Starting thread pool for getting: android.hardware.wifi.supplicant@1.0::ISupplicant/default
11-20 12:39:26.096 I/wpa_supplicant(30057): wlan0: Do not deauthenticate as part of interface deinit since WoWLAN is enabled
11-20 12:39:26.127 I/wpa_supplicant(30057): Try to unregister vendor STA network
11-20 12:39:26.127 E/wpa_supplicant(30057): eap_proxy: pthread_join on eap_proxy=0x5009eac
11-20 12:39:26.127 E/wpa_supplicant(30057): eap_proxy: session not started for client = 1
11-20 12:39:26.127 E/QMI_FW  (30057): qmi_cci_get_ref: ref count increased 2
11-20 12:39:26.128 E/QMI_FW  (30057): qmi_cci_get_ref: ref count increased 2
11-20 12:39:26.129 E/wpa_supplicant(30057): eap_proxy: Released QMI UIM service client
11-20 12:39:26.129 E/QMI_FW  (30057): qmi_cci_get_ref: ref count increased 2
11-20 12:39:26.129 E/QMI_FW  (30057): qmi_cci_get_ref: ref count increased 2
11-20 12:39:26.131 E/wpa_supplicant(30057): eap_proxy: Released QMI EAP service client
11-20 12:39:26.131 E/wpa_supplicant(30057): eap_proxy: session not started for client = 2
11-20 12:39:26.131 E/QMI_FW  (30057): qmi_cci_get_ref: ref count increased 2
11-20 12:39:26.131 E/QMI_FW  (30057): qmi_cci_get_ref: ref count increased 2
11-20 12:39:26.133 E/wpa_supplicant(30057): eap_proxy: Released QMI UIM service client
11-20 12:39:26.133 E/QMI_FW  (30057): qmi_cci_get_ref: ref count increased 2
11-20 12:39:26.133 E/QMI_FW  (30057): qmi_cci_get_ref: ref count increased 2
11-20 12:39:26.134 E/wpa_supplicant(30057): eap_proxy: Released QMI EAP service client
11-20 12:39:26.134 I/wpa_supplicant(30057): eap_proxy: eap_proxy Deinitialzed
11-20 12:39:26.168 I/wpa_supplicant(30057): nl80211: deinit ifname=wlan0 disabled_11b_rates=0
11-20 12:39:26.207 D/LOWI-9.0.0.80( 1024): [LOWINetlinkSocketReceiver] unpackRTMLinkMessage: RTM_NEWLINK - ifname wlan0, flags 0x11043 ([UP][RUNNING])
11-20 12:39:26.208 D/LOWI-9.0.0.80( 1024): [LOWINetlinkSocketReceiver] processNetlinkPacket: ifname(wlan0) status(2)
11-20 12:39:26.208 D/LOWI-9.0.0.80( 1024): [LOWIController] intfStateReceived: ifname(wlan0) state(2)
11-20 12:39:26.208 D/LOWI-9.0.0.80( 1024): [LOWIEventReceiver] handleEvent:FROM:NA, TO:NA, REQ:NA, IREQ:NA, REQ_ID:0, RESP:NA, INFO:INTF-STATUS-UPDATE
11-20 12:39:26.208 D/LOWI-9.0.0.80( 1024): [LOWIEventReceiver] Info to [INTF-STATUS-UPDATE]
11-20 12:39:26.208 D/LOWI-9.0.0.80( 1024): [LOWIController] updateIntfState: WIFI enabled 2 mNlWifiStatus 2 mWifiStateEnabled 1
11-20 12:39:26.208 D/LOWI-9.0.0.80( 1024): [LOWIController] isWifiEnabled: mNlWifiStatus 2 mWifiStateEnabled 1
11-20 12:39:26.210 I/wpa_supplicant(30057): Try to unregister vendor interface
11-20 12:39:26.213 I/SupplicantStaIfaceHal( 1194): Terminating supplicant using HIDL
11-20 12:39:26.215 I/android_os_HwBinder( 1194): HwBinder: Starting thread pool for getting: android.hardware.wifi.supplicant@1.0::ISupplicant/default
11-20 12:39:26.219 I/wpa_supplicant(30057): Terminating...
11-20 12:39:26.221 D/LOWI-9.0.0.80( 1024): [LOWINetlinkSocketReceiver] unpackRTMLinkMessage: RTM_NEWLINK - ifname wlan0, flags 0x1003 ([UP])
11-20 12:39:26.221 D/LOWI-9.0.0.80( 1024): [LOWINetlinkSocketReceiver] processNetlinkPacket: ifname(wlan0) status(1)
11-20 12:39:26.221 D/LOWI-9.0.0.80( 1024): [LOWIController] intfStateReceived: ifname(wlan0) state(1)
11-20 12:39:26.222 D/LOWI-9.0.0.80( 1024): [LOWIEventReceiver] handleEvent:FROM:NA, TO:NA, REQ:NA, IREQ:NA, REQ_ID:0, RESP:NA, INFO:INTF-STATUS-UPDATE
11-20 12:39:26.222 D/LOWI-9.0.0.80( 1024): [LOWIEventReceiver] Info to [INTF-STATUS-UPDATE]
11-20 12:39:26.222 D/LOWI-9.0.0.80( 1024): [LOWIController] updateIntfState: WIFI enabled 1 mNlWifiStatus 2 mWifiStateEnabled 1
11-20 12:39:26.222 D/LOWI-9.0.0.80( 1024): [LOWIController] isWifiEnabled: mNlWifiStatus 1 mWifiStateEnabled 1
11-20 12:39:26.265 D/LOWI-9.0.0.80( 1024): [LOWINetlinkSocketReceiver] unpackRTMLinkMessage: RTM_NEWLINK - ifname wlan0, flags 0x1003 ([UP])
11-20 12:39:26.265 D/LOWI-9.0.0.80( 1024): [LOWINetlinkSocketReceiver] processNetlinkPacket: ifname(wlan0) status(1)
11-20 12:39:26.265 D/LOWI-9.0.0.80( 1024): [LOWIController] intfStateReceived: ifname(wlan0) state(1)
11-20 12:39:26.265 D/LOWI-9.0.0.80( 1024): [LOWIEventReceiver] handleEvent:FROM:NA, TO:NA, REQ:NA, IREQ:NA, REQ_ID:0, RESP:NA, INFO:INTF-STATUS-UPDATE
11-20 12:39:26.265 D/LOWI-9.0.0.80( 1024): [LOWIEventReceiver] Info to [INTF-STATUS-UPDATE]
11-20 12:39:26.266 D/LOWI-9.0.0.80( 1024): [LOWIController] updateIntfState: WIFI enabled 1 mNlWifiStatus 1 mWifiStateEnabled 1
11-20 12:39:26.266 D/LOWI-9.0.0.80( 1024): [LOWIController] isWifiEnabled: mNlWifiStatus 1 mWifiStateEnabled 1
11-20 12:39:26.266 W/SupplicantStaIfaceHal( 1194): Timed out waiting for confirmation of supplicant death
11-20 12:39:26.268 E/SupplicantStaIfaceHal( 1194): Can't call getKeyMgmtCapabilities_1_3, ISupplicantStaIface is null
11-20 12:39:26.268 V/WifiHAL (  539): event received NL80211_CMD_DISCONNECT
11-20 12:39:26.269 V/WifiHAL (  539): WifiVendorCommand 0xaad86b98 created vendor_id:0x1374 subcmd:38
11-20 12:39:26.270 V/WifiHAL (  539): Got a Wi-Fi HAL module message from Driver
11-20 12:39:26.270 V/WifiHAL (  539): Supported feature set : 19d3d
11-20 12:39:26.270 V/WifiHAL (  539): Supported feature set acquired : 19d3d
11-20 12:39:26.270 V/WifiHAL (  539): WifiVendorCommand 0xa0792230 created vendor_id:0x1374 subcmd:76
11-20 12:39:26.271 V/WifiHAL (  539): create: mVendor_id = 4980, Subcmd = 76.
11-20 12:39:26.272 V/WifiHAL (  539): WifiVendorCommand 0xaad86cc8 created vendor_id:0x1374 subcmd:38
11-20 12:39:26.273 V/WifiHAL (  539): Got a Wi-Fi HAL module message from Driver
11-20 12:39:26.273 V/WifiHAL (  539): Supported feature set : 19d3d
11-20 12:39:26.273 V/WifiHAL (  539): Supported feature set acquired : 19d3d
11-20 12:39:26.273 V/WifiHAL (  539): WifiVendorCommand 0xa0792230 created vendor_id:0x1374 subcmd:76
11-20 12:39:26.273 V/WifiHAL (  539): create: mVendor_id = 4980, Subcmd = 76.
11-20 12:39:26.281 E/SupplicantStaIfaceHal( 1194): Can't call getWpaDriverFeatureSet, ISupplicantStaIface is null
11-20 12:39:26.281 I/WifiNative( 1194): Successfully switched to scan mode on iface=Iface:{Name=wlan0,Id=1,Type=STA_SCAN}
11-20 12:39:26.287 W/SupplicantStaIfaceHal( 1194): ISupplicantVendor/ISupplicantVendorStaIface died: cookie=0
11-20 12:39:26.287 W/SupplicantP2pIfaceHal( 1194): ISupplicant/ISupplicantP2pIface died: cookie=0
11-20 12:39:26.287 W/SupplicantP2pIfaceHal( 1194): ISupplicantVendor/ISupplicantVendorP2PIface died: cookie=0
11-20 12:39:26.287 W/SupplicantStaIfaceHal( 1194): ISupplicantVendor/ISupplicantVendorStaIface died: cookie=0
11-20 12:39:26.287 W/SupplicantP2pIfaceHal( 1194): ISupplicant/ISupplicantP2pIface died: cookie=0
11-20 12:39:26.287 W/SupplicantP2pIfaceHal( 1194): ISupplicantVendor/ISupplicantVendorP2PIface died: cookie=0
11-20 12:39:26.288 D/SupplicantStaIfaceHal( 1194): ISupplicant died: cookie=8469289609565635706
11-20 12:39:26.301 I/wificond(  906): Fail RSSI polling because wifi is not associated.
11-20 12:39:26.301 E/WifiNl80211Manager( 1194): Invalid signal poll result from wificond
11-20 12:39:26.303 D/ConnectivityService( 1194): handleLingerComplete for [100 CELLULAR]
11-20 12:39:26.306 D/WifiClientModeManager1( 1194): entering ScanOnlyModeState
11-20 12:39:26.306 D/WifiScanRequestProxy( 1194): Sending scan available broadcast: true
11-20 12:39:26.308 D/WifiP2pService( 1194): Wifi enabled=false, P2P Interface availability=true
11-20 12:39:26.308 I/WifiScanningService( 1194): Received a request to enable scanning, UID = 1000
11-20 12:39:26.309 I/WifiScanningService( 1194): scanner impls already exists
11-20 12:39:26.309 E/WifiScanningService( 1194): wifi driver loaded received while already loaded
11-20 12:39:26.310 I/WifiScanRequestProxy( 1194): Scanning is enabled
11-20 12:39:26.310 I/WifiScanRequestProxy( 1194): Scanning for hidden networks is disabled
11-20 12:39:26.311 D/WakeupController( 1194): start()
11-20 12:39:26.312 D/WakeupController( 1194): Setting active to true
