11-20 00:33:46.479 E/ANDR-PERF-OPTSHANDLER(  557): Unable to find the correct node storage pointers for                   resource index=16, node path=/proc/sys/kernel/sched_upmigrate
11-20 00:33:46.479 E/ANDR-PERF-RESOURCEQS(  557): Failed to reset optimization [3, 7]
11-20 00:33:46.479 E/ANDR-PERF-OPTSHANDLER(  557): Unable to find the correct node storage pointers for                   resource index=17, node path=/proc/sys/kernel/sched_downmigrate
11-20 00:33:46.480 E/ANDR-PERF-RESOURCEQS(  557): Failed to reset optimization [3, 8]
11-20 00:33:46.480 E/ANDR-PERF-OPTSHANDLER(  557): Perflock resource /sys/module/lpm_levels/parameters/bias_hyst not supported
11-20 00:33:46.480 E/ANDR-PERF-RESOURCEQS(  557): Failed to reset optimization [1, 2]
11-20 00:33:46.480 E/ANDR-PERF-OPTSHANDLER(  557): Perflock resource /proc/sys/kernel/sched_group_upmigrate not supported
11-20 00:33:46.480 E/ANDR-PERF-RESOURCEQS(  557): Failed to reset optimization [3, 21]
11-20 00:33:46.480 E/ANDR-PERF-OPTSHANDLER(  557): Perflock resource /proc/sys/kernel/sched_group_downmigrate not supported
11-20 00:33:46.480 E/ANDR-PERF-RESOURCEQS(  557): Failed to reset optimization [3, 22]
11-20 00:33:46.495 I/chatty  ( 2351): uid=10060(com.facebook.wearable.system.selfcare) MainTP_223 expire 4 lines
11-20 00:33:46.507 W/HWComposer(  577): Ignoring duplicate VSYNC event from HWC for display 0 (t=31572770832747)
11-20 00:33:46.518 W/StatusBarClientConnection( 3038): Messenger is null, ignoring message: { when=-8h46m12s781ms barrier=1 }
11-20 00:33:46.524 W/HWComposer(  577): Ignoring duplicate VSYNC event from HWC for display 0 (t=31572787724622)
11-20 00:33:46.542 E/StatusBarClientConnection( 3038): Service connected
11-20 00:33:46.577 W/View    ( 3038): requestLayout() improperly called by android.view.View{bab29ff V.ED..... ......I. 0,368-474,474} during layout: running second layout pass
11-20 00:33:46.595 W/View    ( 3038): requestLayout() improperly called by com.facebook.wearable.common.wds.listview.WdsListView{aae99ed V.E..V... ........ 0,0-474,474} during second layout pass: posting in next frame
11-20 00:33:46.745 D/CompatibilityInfo( 1194): mCompatibilityFlags - 4
11-20 00:33:46.745 D/CompatibilityInfo( 1194): applicationDensity - 320
11-20 00:33:46.745 D/CompatibilityInfo( 1194): applicationScale - 1.0
11-20 00:33:46.993 I/chatty  ( 2351): uid=10060(com.facebook.wearable.system.selfcare) DefaultDispatch expire 12 lines
11-20 00:33:47.068 D/CompatibilityInfo( 1194): mCompatibilityFlags - 4
11-20 00:33:47.068 D/CompatibilityInfo( 1194): applicationDensity - 320
11-20 00:33:47.068 D/CompatibilityInfo( 1194): applicationScale - 1.0
11-20 00:33:47.305 E/ANDR-PERF-OPTSHANDLER(  557): perf_lock_rel: failed for /proc/sys/vm/swap_ratio as previous value is not stored
11-20 00:33:47.305 E/ANDR-PERF-OPTSHANDLER(  557): perf_lock_rel: failed for /sys/class/kgsl/kgsl-3d0/min_pwrlevel as previous value is not stored
11-20 00:33:47.307 E/ANDR-PERF-RESOURCEQS(  557): Failed to reset optimization [3, 0]
11-20 00:33:47.377 D/CompatibilityInfo( 1194): mCompatibilityFlags - 4
11-20 00:33:47.377 D/CompatibilityInfo( 1194): applicationDensity - 320
11-20 00:33:47.378 D/CompatibilityInfo( 1194): applicationScale - 1.0
11-20 00:33:47.712 D/CompatibilityInfo( 1194): mCompatibilityFlags - 4
11-20 00:33:47.712 D/CompatibilityInfo( 1194): applicationDensity - 320
11-20 00:33:47.712 D/CompatibilityInfo( 1194): applicationScale - 1.0
11-20 00:33:47.774 I/chatty  ( 2351): uid=10060(com.facebook.wearable.system.selfcare) MainTP_219 expire 1 line
11-20 00:33:47.906 E/TaskPersister( 1194): File error accessing recents directory (directory doesn't exist?).
11-20 00:33:48.196 W/HWComposer(  577): Ignoring duplicate VSYNC event from HWC for display 0 (t=31574459531184)
11-20 00:33:48.232 D/CompatibilityInfo( 1194): mCompatibilityFlags - 4
11-20 00:33:48.232 D/CompatibilityInfo( 1194): applicationDensity - 320
11-20 00:33:48.232 D/CompatibilityInfo( 1194): applicationScale - 1.0
11-20 00:33:49.007 D/CompatibilityInfo( 1194): mCompatibilityFlags - 4
11-20 00:33:49.007 D/CompatibilityInfo( 1194): applicationDensity - 320
11-20 00:33:49.007 D/CompatibilityInfo( 1194): applicationScale - 1.0
11-20 00:33:49.347 D/CompatibilityInfo( 1194): mCompatibilityFlags - 4
11-20 00:33:49.347 D/CompatibilityInfo( 1194): applicationDensity - 320
11-20 00:33:49.347 D/CompatibilityInfo( 1194): applicationScale - 1.0
11-20 00:33:49.543 D/UIAutomatorStub( 6249): URI: /jsonrpc/0, Method: POST, Header: {content-length=183, remote-addr=127.0.0.1, http-client-ip=127.0.0.1, host=localhost:9010, content-type=application/json, accept-encoding=identity}, params, {NanoHttpd.QUERY_STRING=null}, files: {postData={"jsonrpc": "2.0", "method": "waitForExists", "id": "743d0cc5960ff7f9bcb1122ae51ee437", "params": [{"mask": 1, "childOrSibling": [], "childOrSiblingSelector": [], "text": "WiFi"}, 5]}}
11-20 00:33:49.574 D/UIAutomatorStub( 6249): URI: /jsonrpc/0, Method: POST, Header: {content-length=172, remote-addr=127.0.0.1, http-client-ip=127.0.0.1, host=localhost:9010, content-type=application/json, accept-encoding=identity}, params, {NanoHttpd.QUERY_STRING=null}, files: {postData={"jsonrpc": "2.0", "method": "click", "id": "a5354303840ce6cb3ab922a3324c4c54", "params": [{"mask": 1, "childOrSibling": [], "childOrSiblingSelector": [], "text": "WiFi"}]}}
11-20 00:33:49.606 I/chatty  ( 2351): uid=10060(com.facebook.wearable.system.selfcare) pool-3-thread-3 expire 4 lines
11-20 00:33:49.666 W/StatusBarClientConnection( 3038): Messenger is null, ignoring message: { when=-8h46m15s930ms barrier=1 }
11-20 00:33:49.683 W/HWComposer(  577): Ignoring duplicate VSYNC event from HWC for display 0 (t=31575945470298)
11-20 00:33:49.690 D/CompatibilityInfo( 1194): mCompatibilityFlags - 4
11-20 00:33:49.690 D/CompatibilityInfo( 1194): applicationDensity - 320
11-20 00:33:49.690 D/CompatibilityInfo( 1194): applicationScale - 1.0
11-20 00:33:49.699 E/StatusBarClientConnection( 3038): Service connected
11-20 00:33:49.703 D/CompatibilityInfo( 1194): mCompatibilityFlags - 4
11-20 00:33:49.703 D/CompatibilityInfo( 1194): applicationDensity - 320
11-20 00:33:49.703 D/CompatibilityInfo( 1194): applicationScale - 1.0
11-20 00:33:49.707 D/WifiConnector( 2841): Network State Changed
11-20 00:33:49.710 W/View    ( 3038): requestLayout() improperly called by android.view.View{d1e1aa7 V.ED..... ......I. 0,368-474,474} during layout: running second layout pass
11-20 00:33:49.720 D/WifiSharingService( 2841): Starting Wi-Fi scan
11-20 00:33:49.722 I/WifiService( 1194): startScan uid=1000
11-20 00:33:49.725 W/View    ( 3038): requestLayout() improperly called by com.facebook.wearable.common.wds.listview.WdsListView{de0183a V.E..V... ........ 0,0-474,474} during second layout pass: posting in next frame
11-20 00:33:49.736 D/WifiNative( 1194): Scan trigered from WifiNative
11-20 00:33:49.737 I/chatty  ( 1024): uid=1021(gps) lowi-server expire 67 lines
11-20 00:33:49.740 V/WifiHAL (  539): event received NL80211_CMD_TRIGGER_SCAN
11-20 00:33:49.995 D/CompatibilityInfo( 1194): mCompatibilityFlags - 4
11-20 00:33:49.995 D/CompatibilityInfo( 1194): applicationDensity - 320
11-20 00:33:49.995 D/CompatibilityInfo( 1194): applicationScale - 1.0
11-20 00:33:50.056 I/chatty  ( 2351): uid=10060(com.facebook.wearable.system.selfcare) DefaultDispatch expire 2 lines
11-20 00:33:50.057 I/chatty  ( 2351): uid=10060(com.facebook.wearable.system.selfcare) MainTP_222 expire 1 line
11-20 00:33:50.058 I/chatty  ( 2351): uid=10060(com.facebook.wearable.system.selfcare) MainTP_221 expire 1 line
11-20 00:33:50.237 I/chatty  ( 2351): uid=10060(com.facebook.wearable.system.selfcare) pool-3-thread-2 expire 2 lines
11-20 00:33:50.269 D/WifiNl80211Manager( 1194): Scan result ready event
11-20 00:33:50.269 D/WifiNative( 1194): Scan result ready event
11-20 00:33:50.274 D/LOWI-9.0.0.80( 1024): [LOWI-Scan] print_bss_handler: Report Probe TSF 31576527783 as it greater than Beacon TSF 31474649354
11-20 00:33:50.274 I/LOWI-9.0.0.80( 1024): [LOWI-Scan] RSN_IE
11-20 00:33:50.274 D/LOWI-9.0.0.80( 1024): [LOWI-Scan] decode_rsn_wpa_ie: Entered
11-20 00:33:50.274 D/LOWI-9.0.0.80( 1024): [LOWIUtils] hexDump: msg(30 14 01 00 00 0f ac 04 01 00 00 0f ac 04 01 00 00 0f ac 02 )
11-20 00:33:50.274 D/LOWI-9.0.0.80( 1024): [LOWI-Scan] decode_rsn_wpa_ie: LOWI_ENCRYPTION_TYPE_WPA_PSK
11-20 00:33:50.274 D/LOWI-9.0.0.80( 1024): [LOWI-Scan] is_qcom_ie, bss_age: 24
11-20 00:33:50.274 D/LOWI-9.0.0.80( 1024): [LOWI-Scan] BSS ce:dc:12:3b:87:fd LOWI_PHY_MODE_11AC_VHT20_2G(11), Beacon Interval: 100, LOWI_ENCRYPTION_TYPE_WPA_PSK 11mcRanging: No, ANQP: Yes, LCI: No, Civic: No, capability(0x1431): ESS Privacy ShortPreamble ShortSlotTime
11-20 00:33:50.274 D/LOWI-9.0.0.80( 1024): [LOWI-Scan] BSS ce:dc:12:3b:87:fd FREQ: 2437, cFreq1[40:80:160] = [0:0:0] cFreq2 = 0 Country Code =    
11-20 00:33:50.274 D/LOWI-9.0.0.80( 1024): [LOWI-Scan] BSS ce:dc:12:3b:87:fd (wlan0) ASSO: NO AddInfo: 0x0, TSF 0, 08:46:16.527, RSSI: -110, CPL: 127, AGE: 10,  SSID Pixel5_R1, TSFDelta: 0x0, TXRate: 0
11-20 00:33:50.274 D/LOWI-9.0.0.80( 1024): [LOWI-Scan] 
11-20 00:33:50.274 D/LOWI-9.0.0.80( 1024): [LOWI-Scan] print_bss_handler: Report Probe TSF 31576527882 as it greater than Beacon TSF 31547841014
11-20 00:33:50.274 I/LOWI-9.0.0.80( 1024): [LOWI-Scan] RSN_IE
11-20 00:33:50.274 D/LOWI-9.0.0.80( 1024): [LOWI-Scan] decode_rsn_wpa_ie: Entered
11-20 00:33:50.274 D/LOWI-9.0.0.80( 1024): [LOWIUtils] hexDump: msg(30 14 01 00 00 0f ac 04 01 00 00 0f ac 04 01 00 00 0f ac 02 )
11-20 00:33:50.275 D/LOWI-9.0.0.80( 1024): [LOWI-Scan] decode_rsn_wpa_ie: LOWI_ENCRYPTION_TYPE_WPA_PSK
11-20 00:33:50.275 D/LOWI-9.0.0.80( 1024): [LOWI-Scan] is_qcom_ie, bss_age: 13
11-20 00:33:50.275 D/LOWI-9.0.0.80( 1024): [LOWI-Scan] BSS fe:2d:5a:49:61:eb LOWI_PHY_MODE_11AC_VHT20_2G(11), Beacon Interval: 100, LOWI_ENCRYPTION_TYPE_WPA_PSK 11mcRanging: No, ANQP: Yes, LCI: No, Civic: No, capability(0x1431): ESS Privacy ShortPreamble ShortSlotTime
11-20 00:33:50.275 D/LOWI-9.0.0.80( 1024): [LOWI-Scan] BSS fe:2d:5a:49:61:eb FREQ: 2452, cFreq1[40:80:160] = [0:0:0] cFreq2 = 0 Country Code =    
11-20 00:33:50.275 D/LOWI-9.0.0.80( 1024): [LOWI-Scan] BSS fe:2d:5a:49:61:eb (wlan0) ASSO: NO AddInfo: 0x0, TSF 0, 08:46:16.527, RSSI: -112, CPL: 127, AGE: 10,  SSID Pixel_R2, TSFDelta: 0x0, TXRate: 0
11-20 00:33:50.275 D/LOWI-9.0.0.80( 1024): [LOWI-Scan] 
11-20 00:33:50.275 D/LOWI-9.0.0.80( 1024): [LOWI-Scan] print_bss_handler: Report Probe TSF 31576527822 as it greater than Beacon TSF 31273582838
11-20 00:33:50.275 I/LOWI-9.0.0.80( 1024): [LOWI-Scan] RSN_IE
11-20 00:33:50.275 D/LOWI-9.0.0.80( 1024): [LOWI-Scan] decode_rsn_wpa_ie: Entered
11-20 00:33:50.275 D/LOWI-9.0.0.80( 1024): [LOWIUtils] hexDump: msg(30 14 01 00 00 0f ac 04 01 00 00 0f ac 04 01 00 00 0f ac 02 )
11-20 00:33:50.275 D/LOWI-9.0.0.80( 1024): [LOWI-Scan] decode_rsn_wpa_ie: LOWI_ENCRYPTION_TYPE_WPA_PSK
11-20 00:33:50.275 D/LOWI-9.0.0.80( 1024): [LOWI-Scan] is_qcom_ie, bss_age: 47
11-20 00:33:50.275 D/LOWI-9.0.0.80( 1024): [LOWI-Scan] BSS 12:d7:96:61:85:9f LOWI_PHY_MODE_11AC_VHT20_2G(11), Beacon Interval: 100, LOWI_ENCRYPTION_TYPE_WPA_PSK 11mcRanging: No, ANQP: Yes, LCI: No, Civic: No, capability(0x1431): ESS Privacy ShortPreamble ShortSlotTime
11-20 00:33:50.275 D/LOWI-9.0.0.80( 1024): [LOWI-Scan] BSS 12:d7:96:61:85:9f FREQ: 2412, cFreq1[40:80:160] = [0:0:0] cFreq2 = 0 Country Code =    
11-20 00:33:50.275 D/LOWI-9.0.0.80( 1024): [LOWI-Scan] BSS 12:d7:96:61:85:9f (wlan0) ASSO: NO AddInfo: 0x0, TSF 0, 08:46:16.527, RSSI: -110, CPL: 127, AGE: 10,  SSID Pixel_R5, TSFDelta: 0x0, TXRate: 0
11-20 00:33:50.276 D/LOWI-9.0.0.80( 1024): [LOWI-Scan] 
11-20 00:33:50.276 D/LOWI-9.0.0.80( 1024): [LOWI-Scan] print_bss_handler: Report Probe TSF 31576527936 as it greater than Beacon TSF 31547841090
11-20 00:33:50.276 I/LOWI-9.0.0.80( 1024): [LOWI-Scan] RSN_IE
11-20 00:33:50.276 D/LOWI-9.0.0.80( 1024): [LOWI-Scan] decode_rsn_wpa_ie: Entered
11-20 00:33:50.276 D/LOWI-9.0.0.80( 1024): [LOWIUtils] hexDump: msg(30 14 01 00 00 0f ac 04 01 00 00 0f ac 04 01 00 00 0f ac 02 )
11-20 00:33:50.276 D/LOWI-9.0.0.80( 1024): [LOWI-Scan] decode_rsn_wpa_ie: LOWI_ENCRYPTION_TYPE_WPA_PSK
11-20 00:33:50.276 D/LOWI-9.0.0.80( 1024): [LOWI-Scan] is_qcom_ie, bss_age: 47
11-20 00:33:50.280 V/WifiHAL (  539): event received NL80211_CMD_NEW_SCAN_RESULTS
11-20 00:33:50.280 D/LOWI-9.0.0.80( 1024): [LOWI-Scan] BSS 2c:57:41:86:8a:a1 LOWI_PHY_MODE_11NG_HT20(5), Beacon Interval: 100, LOWI_ENCRYPTION_TYPE_WPA_PSK 11mcRanging: No, ANQP: No, LCI: No, Civic: No, capability(0x1411): ESS Privacy ShortSlotTime
11-20 00:33:50.280 D/LOWI-9.0.0.80( 1024): [LOWI-Scan] BSS 2c:57:41:86:8a:a1 FREQ: 2412, cFreq1[40:80:160] = [0:0:0] cFreq2 = 0 Country Code = US
11-20 00:33:50.280 D/LOWI-9.0.0.80( 1024): [LOWI-Scan] BSS 2c:57:41:86:8a:a1 (wlan0) ASSO: NO AddInfo: 0x0, TSF 0, 08:46:16.527, RSSI: -134, CPL: 3, AGE: 10,  SSID kittyhawk, TSFDelta: 0x0, TXRate: 0
11-20 00:33:50.281 D/LOWI-9.0.0.80( 1024): [LOWI-Scan] 
11-20 00:33:50.281 D/LOWI-9.0.0.80( 1024): [LOWI-Scan] print_bss_handler: Report Probe TSF 31576527977 as it greater than Beacon TSF 31395861507
11-20 00:33:50.281 I/LOWI-9.0.0.80( 1024): [LOWI-Scan] RSN_IE
11-20 00:33:50.281 D/LOWI-9.0.0.80( 1024): [LOWI-Scan] decode_rsn_wpa_ie: Entered
11-20 00:33:50.281 D/LOWI-9.0.0.80( 1024): [LOWIUtils] hexDump: msg(30 14 01 00 00 0f ac 04 01 00 00 0f ac 04 01 00 00 0f ac 02 )
11-20 00:33:50.281 D/LOWI-9.0.0.80( 1024): [LOWI-Scan] decode_rsn_wpa_ie: LOWI_ENCRYPTION_TYPE_WPA_PSK
11-20 00:33:50.281 D/LOWI-9.0.0.80( 1024): [LOWI-Scan] is_qcom_ie, bss_age: 47
11-20 00:33:50.281 D/LOWI-9.0.0.80( 1024): [LOWI-Scan] BSS 2c:57:41:88:72:e1 LOWI_PHY_MODE_11NG_HT20(5), Beacon Interval: 100, LOWI_ENCRYPTION_TYPE_WPA_PSK 11mcRanging: No, ANQP: No, LCI: No, Civic: No, capability(0x1411): ESS Privacy ShortSlotTime
11-20 00:33:50.281 D/LOWI-9.0.0.80( 1024): [LOWI-Scan] BSS 2c:57:41:88:72:e1 FREQ: 2412, cFreq1[40:80:160] = [0:0:0] cFreq2 = 0 Country Code = US
11-20 00:33:50.281 D/LOWI-9.0.0.80( 1024): [LOWI-Scan] BSS 2c:57:41:88:72:e1 (wlan0) ASSO: NO AddInfo: 0x0, TSF 0, 08:46:16.527, RSSI: -150, CPL: 3, AGE: 10,  SSID kittyhawk, TSFDelta: 0x0, TXRate: 0
11-20 00:33:50.282 D/LOWI-9.0.0.80( 1024): [LOWI-Scan] 
11-20 00:33:50.282 D/LOWI-9.0.0.80( 1024): [LOWI-Scan] print_bss_handler: Report Probe TSF 31576528020 as it greater than Beacon TSF 31395861531
11-20 00:33:50.282 I/LOWI-9.0.0.80( 1024): [LOWI-Scan] RSN_IE
11-20 00:33:50.282 D/LOWI-9.0.0.80( 1024): [LOWI-Scan] decode_rsn_wpa_ie: Entered
11-20 00:33:50.282 D/LOWI-9.0.0.80( 1024): [LOWIUtils] hexDump: msg(30 14 01 00 00 0f ac 04 01 00 00 0f ac 04 01 00 00 0f ac 02 )
11-20 00:33:50.282 D/WificondScannerImpl( 1194): Filtering out 2 scan results.
11-20 00:33:50.282 D/LOWI-9.0.0.80( 1024): [LOWI-Scan] decode_rsn_wpa_ie: LOWI_ENCRYPTION_TYPE_WPA_PSK
11-20 00:33:50.282 D/LOWI-9.0.0.80( 1024): [LOWI-Scan] is_qcom_ie, bss_age: 47
11-20 00:33:50.282 D/LOWI-9.0.0.80( 1024): [LOWI-Scan] BSS 2c:57:41:89:53:21 LOWI_PHY_MODE_11NG_HT20(5), Beacon Interval: 100, LOWI_ENCRYPTION_TYPE_WPA_PSK 11mcRanging: No, ANQP: No, LCI: No, Civic: No, capability(0x1411): ESS Privacy ShortSlotTime
11-20 00:33:50.282 D/LOWI-9.0.0.80( 1024): [LOWI-Scan] BSS 2c:57:41:89:53:21 FREQ: 2412, cFreq1[40:80:160] = [0:0:0] cFreq2 = 0 Country Code = US
11-20 00:33:50.282 D/LOWI-9.0.0.80( 1024): [LOWI-Scan] BSS 2c:57:41:89:53:21 (wlan0) ASSO: NO AddInfo: 0x0, TSF 0, 08:46:16.528, RSSI: -160, CPL: 3, AGE: 10,  SSID kittyhawk, TSFDelta: 0x0, TXRate: 0
11-20 00:33:50.283 D/LOWI-9.0.0.80( 1024): [LOWI-Scan] 
11-20 00:33:50.283 D/LOWI-9.0.0.80( 1024): [LOWI-Scan] print_bss_handler: Report Probe TSF 31576527900 as it greater than Beacon TSF 0
11-20 00:33:50.283 I/LOWI-9.0.0.80( 1024): [LOWI-Scan] RSN_IE
11-20 00:33:50.283 D/LOWI-9.0.0.80( 1024): [LOWI-Scan] decode_rsn_wpa_ie: Entered
11-20 00:33:50.283 D/LOWI-9.0.0.80( 1024): [LOWIUtils] hexDump: msg(30 14 01 00 00 0f ac 04 01 00 00 0f ac 04 01 00 00 0f ac 02 )
11-20 00:33:50.283 D/LOWI-9.0.0.80( 1024): [LOWI-Scan] decode_rsn_wpa_ie: LOWI_ENCRYPTION_TYPE_WPA_PSK
11-20 00:33:50.283 D/LOWI-9.0.0.80( 1024): [LOWI-Scan] is_qcom_ie, bss_age: 47
11-20 00:33:50.283 D/LOWI-9.0.0.80( 1024): [LOWI-Scan] BSS be:9e:0e:1c:6e:7f LOWI_PHY_MODE_11AC_VHT20_2G(11), Beacon Interval: 100, LOWI_ENCRYPTION_TYPE_WPA_PSK 11mcRanging: No, ANQP: No, LCI: No, Civic: No, capability(0x1431): ESS Privacy ShortPreamble ShortSlotTime
11-20 00:33:50.283 D/LOWI-9.0.0.80( 1024): [LOWI-Scan] BSS be:9e:0e:1c:6e:7f FREQ: 2412, cFreq1[40:80:160] = [0:0:0] cFreq2 = 0 Country Code =    
11-20 00:33:50.283 D/LOWI-9.0.0.80( 1024): [LOWI-Scan] BSS be:9e:0e:1c:6e:7f (wlan0) ASSO: NO AddInfo: 0x0, TSF 0, 08:46:16.527, RSSI: -124, CPL: 127, AGE: 10,  SSID Pixel_3541, TSFDelta: 0x0, TXRate: 0
11-20 00:33:50.283 D/LOWI-9.0.0.80( 1024): [LOWI-Scan] 
11-20 00:33:50.284 D/LOWI-9.0.0.80( 1024): [LOWI-Scan] print_bss_handler: Report Probe TSF 31576527801 as it greater than Beacon TSF 31474649367
11-20 00:33:50.284 I/LOWI-9.0.0.80( 1024): [LOWI-Scan] RSN_IE
11-20 00:33:50.284 D/LOWI-9.0.0.80( 1024): [LOWI-Scan] decode_rsn_wpa_ie: Entered
11-20 00:33:50.284 D/LOWI-9.0.0.80( 1024): [LOWIUtils] hexDump: msg(30 14 01 00 00 0f ac 04 01 00 00 0f ac 04 01 00 00 0f ac 02 )
11-20 00:33:50.284 D/LOWI-9.0.0.80( 1024): [LOWI-Scan] decode_rsn_wpa_ie: LOWI_ENCRYPTION_TYPE_WPA_PSK
11-20 00:33:50.284 D/LOWI-9.0.0.80( 1024): [LOWI-Scan] is_qcom_ie, bss_age: 41
11-20 00:33:50.284 D/LOWI-9.0.0.80( 1024): [LOWI-Scan] BSS 52:b8:14:37:74:3f LOWI_PHY_MODE_11AC_VHT20_2G(11), Beacon Interval: 100, LOWI_ENCRYPTION_TYPE_WPA_PSK 11mcRanging: No, ANQP: No, LCI: No, Civic: No, capability(0x1431): ESS Privacy ShortPreamble ShortSlotTime
11-20 00:33:50.284 D/LOWI-9.0.0.80( 1024): [LOWI-Scan] BSS 52:b8:14:37:74:3f FREQ: 2417, cFreq1[40:80:160] = [0:0:0] cFreq2 = 0 Country Code =    
11-20 00:33:50.284 D/LOWI-9.0.0.80( 1024): [LOWI-Scan] BSS 52:b8:14:37:74:3f (wlan0) ASSO: NO AddInfo: 0x0, TSF 0, 08:46:16.527, RSSI: -102, CPL: 127, AGE: 10,  SSID Pixel_8668, TSFDelta: 0x0, TXRate: 0
11-20 00:33:50.285 D/LOWI-9.0.0.80( 1024): [LOWI-Scan] 
11-20 00:33:50.285 D/LOWI-9.0.0.80( 1024): [LOWI-Scan] print_bss_handler: Report Probe TSF 31576527954 as it greater than Beacon TSF 31547841108
11-20 00:33:50.285 I/LOWI-9.0.0.80( 1024): [LOWI-Scan] RSN_IE
11-20 00:33:50.285 D/LOWI-9.0.0.80( 1024): [LOWI-Scan] decode_rsn_wpa_ie: Entered
11-20 00:33:50.285 D/LOWI-9.0.0.80( 1024): [LOWIUtils] hexDump: msg(30 14 01 00 00 0f ac 04 01 00 00 0f ac 04 01 00 00 0f ac 02 )
11-20 00:33:50.285 D/LOWI-9.0.0.80( 1024): [LOWI-Scan] decode_rsn_wpa_ie: LOWI_ENCRYPTION_TYPE_WPA_PSK
11-20 00:33:50.285 D/LOWI-9.0.0.80( 1024): [LOWI-Scan] is_qcom_ie, bss_age: 47
11-20 00:33:50.285 D/LOWI-9.0.0.80( 1024): [LOWI-Scan] BSS 18:64:72:60:2b:40 LOWI_PHY_MODE_11NG_HT20(5), Beacon Interval: 100, LOWI_ENCRYPTION_TYPE_WPA_PSK 11mcRanging: No, ANQP: No, LCI: No, Civic: No, capability(0x0431): ESS Privacy ShortPreamble ShortSlotTime
11-20 00:33:50.285 D/LOWI-9.0.0.80( 1024): [LOWI-Scan] BSS 18:64:72:60:2b:40 FREQ: 2412, cFreq1[40:80:160] = [0:0:0] cFreq2 = 0 Country Code =    
11-20 00:33:50.285 D/LOWI-9.0.0.80( 1024): [LOWI-Scan] BSS 18:64:72:60:2b:40 (wlan0) ASSO: NO AddInfo: 0x0, TSF 0, 08:46:16.527, RSSI: -142, CPL: 127, AGE: 10,  SSID lab-t24103779, TSFDelta: 0x0, TXRate: 0
11-20 00:33:50.286 D/LOWI-9.0.0.80( 1024): [LOWI-Scan] 
11-20 00:33:50.286 D/LOWI-9.0.0.80( 1024): [LOWI-Scan] print_bss_handler: Report Probe TSF 31547841185 as it greater than Beacon TSF 0
11-20 00:33:50.286 I/LOWI-9.0.0.80( 1024): [LOWI-Scan] RSN_IE
11-20 00:33:50.286 D/LOWI-9.0.0.80( 1024): [LOWI-Scan] decode_rsn_wpa_ie: Entered
11-20 00:33:50.286 D/LOWI-9.0.0.80( 1024): [LOWIUtils] hexDump: msg(30 14 01 00 00 0f ac 04 01 00 00 0f ac 04 01 00 00 0f ac 02 )
11-20 00:33:50.286 D/LOWI-9.0.0.80( 1024): [LOWI-Scan] decode_rsn_wpa_ie: LOWI_ENCRYPTION_TYPE_WPA_PSK
11-20 00:33:50.286 D/LOWI-9.0.0.80( 1024): [LOWI-Scan] is_qcom_ie, bss_age: 30
11-20 00:33:50.286 D/LOWI-9.0.0.80( 1024): [LOWI-Scan] adjust_age:AP AGE upper limit reached. Dont store
11-20 00:33:50.286 D/LOWI-9.0.0.80( 1024): [LOWI-Scan] BSS 2c:57:41:89:63:c1 LOWI_PHY_MODE_11NG_HT20(5), Beacon Interval: 100, LOWI_ENCRYPTION_TYPE_WPA_PSK 11mcRanging: No, ANQP: No, LCI: No, Civic: No, capability(0x1411): ESS Privacy ShortSlotTime
11-20 00:33:50.286 D/LOWI-9.0.0.80( 1024): [LOWI-Scan] BSS 2c:57:41:89:63:c1 FREQ: 2437, cFreq1[40:80:160] = [0:0:0] cFreq2 = 0 Country Code = US
11-20 00:33:50.286 D/LOWI-9.0.0.80( 1024): [LOWI-Scan] BSS 2c:57:41:89:63:c1 (wlan0) ASSO: NO AddInfo: 0x0, TSF 0, 08:45:47.841, RSSI: -160, CPL: 2, AGE: 28690,  SSID kittyhawk, TSFDelta: 0x0, TXRate: 0
11-20 00:33:50.287 D/LOWI-9.0.0.80( 1024): [LOWI-Scan] 
11-20 00:33:50.287 D/LOWI-9.0.0.80( 1024): [LOWI-Scan] print_bss_handler: Report beacon TSF 31576528038 as it greater than probe TSF 31547841224
11-20 00:33:50.287 I/LOWI-9.0.0.80( 1024): [LOWI-Scan] RSN_IE
11-20 00:33:50.287 D/LOWI-9.0.0.80( 1024): [LOWI-Scan] decode_rsn_wpa_ie: Entered
11-20 00:33:50.287 D/LOWI-9.0.0.80( 1024): [LOWIUtils] hexDump: msg(30 14 01 00 00 0f ac 04 01 00 00 0f ac 04 01 00 00 0f ac 02 )
11-20 00:33:50.287 D/LOWI-9.0.0.80( 1024): [LOWI-Scan] decode_rsn_wpa_ie: LOWI_ENCRYPTION_TYPE_WPA_PSK
11-20 00:33:50.287 D/LOWI-9.0.0.80( 1024): [LOWI-Scan] is_qcom_ie, bss_age: 55
11-20 00:33:50.287 D/LOWI-9.0.0.80( 1024): [LOWI-Scan] BSS 2c:57:41:86:7a:61 LOWI_PHY_MODE_11NG_HT20(5), Beacon Interval: 100, LOWI_ENCRYPTION_TYPE_WPA_PSK 11mcRanging: No, ANQP: No, LCI: No, Civic: No, capability(0x1411): ESS Privacy ShortSlotTime
11-20 00:33:50.287 D/LOWI-9.0.0.80( 1024): [LOWI-Scan] BSS 2c:57:41:86:7a:61 FREQ: 2412, cFreq1[40:80:160] = [0:0:0] cFreq2 = 0 Country Code = US
11-20 00:33:50.287 D/LOWI-9.0.0.80( 1024): [LOWI-Scan] BSS 2c:57:41:86:7a:61 (wlan0) ASSO: NO AddInfo: 0x1, TSF 0, 08:46:16.528, RSSI: -158, CPL: 3, AGE: 10,  SSID kittyhawk, TSFDelta: 0x0, TXRate: 0
11-20 00:33:50.287 D/LOWI-9.0.0.80( 1024): [LOWI-Scan] 
11-20 00:33:50.288 D/LOWI-9.0.0.80( 1024): [LOWI-Scan] print_bss_handler: Report Probe TSF 31547841147 as it greater than Beacon TSF 0
11-20 00:33:50.288 I/LOWI-9.0.0.80( 1024): [LOWI-Scan] RSN_IE
11-20 00:33:50.288 D/LOWI-9.0.0.80( 1024): [LOWI-Scan] decode_rsn_wpa_ie: Entered
11-20 00:33:50.288 D/LOWI-9.0.0.80( 1024): [LOWIUtils] hexDump: msg(30 14 01 00 00 0f ac 04 01 00 00 0f ac 04 01 00 00 0f ac 02 )
11-20 00:33:50.288 D/LOWI-9.0.0.80( 1024): [LOWI-Scan] decode_rsn_wpa_ie: LOWI_ENCRYPTION_TYPE_WPA_PSK
11-20 00:33:50.288 D/LOWI-9.0.0.80( 1024): [LOWI-Scan] is_qcom_ie, bss_age: 3
11-20 00:33:50.288 D/LOWI-9.0.0.80( 1024): [LOWI-Scan] adjust_age:AP AGE upper limit reached. Dont store
11-20 00:33:50.288 D/LOWI-9.0.0.80( 1024): [LOWI-Scan] BSS 2c:57:41:86:85:21 LOWI_PHY_MODE_11NG_HT20(5), Beacon Interval: 100, LOWI_ENCRYPTION_TYPE_WPA_PSK 11mcRanging: No, ANQP: No, LCI: No, Civic: No, capability(0x1411): ESS Privacy ShortSlotTime
11-20 00:33:50.288 D/LOWI-9.0.0.80( 1024): [LOWI-Scan] BSS 2c:57:41:86:85:21 FREQ: 2462, cFreq1[40:80:160] = [0:0:0] cFreq2 = 0 Country Code = US
11-20 00:33:50.288 D/LOWI-9.0.0.80( 1024): [LOWI-Scan] BSS 2c:57:41:86:85:21 (wlan0) ASSO: NO AddInfo: 0x0, TSF 0, 08:45:47.841, RSSI: -158, CPL: 2, AGE: 28690,  SSID kittyhawk, TSFDelta: 0x0, TXRate: 0
11-20 00:33:50.288 D/LOWI-9.0.0.80( 1024): [LOWIDiagLog] Log: lowiMeasResult->request: invalid null argument
11-20 00:33:50.288 I/LOWI-9.0.0.80( 1024): [LOWI-Scan] lowi_close_record:Scan done in 31532771ms, 18 APs in scan results
11-20 00:33:50.288 D/LOWI-9.0.0.80( 1024): [LOWI-Scan] WipsScanUsingNL: passive scan cached 0, took 5305 ms, err 0
11-20 00:33:50.288 D/LOWI-9.0.0.80( 1024): [LOWI-Scan] lowi_proc_req_passive_scan_with_live_meas - No WLAN Frames to be parsed
11-20 00:33:50.288 D/LOWI-9.0.0.80( 1024): [LOWIScanResultReceiver] Send scan meas to listener
11-20 00:33:50.288 D/LOWI-9.0.0.80( 1024): [LOWIScanResultReceiver] Enter passive listening mode
11-20 00:33:50.288 D/LOWI-9.0.0.80( 1024): [LOWIEventReceiver] handleEvent:FROM:NA, TO:NA, REQ:NA, IREQ:NA, REQ_ID:0, RESP:NA, INFO:NA
11-20 00:33:50.289 D/LOWI-9.0.0.80( 1024): [LOWIBackgroundScanMgr] isRspForBgScanMgr: evt(LOWI_NO_EVT) - not handled
11-20 00:33:50.289 D/LOWI-9.0.0.80( 1024): [LOWIScheduler] manageMsg: NULL results or NULL request in results
11-20 00:33:50.289 D/LOWI-9.0.0.80( 1024): [LOWIController] Measurements received
11-20 00:33:50.289 D/LOWI-9.0.0.80( 1024): [LOWICacheManager] putInCache:Num of Meas to add: 18
11-20 00:33:50.290 D/PasspointManager( 1194): ANQP entry not found for: c6:82:9b:4e:b3:9e:<Pixel_R6>
11-20 00:33:50.290 D/LOWI-9.0.0.80( 1024): [LOWIController] processMeasurementResults: No current Request. Cache measurements
11-20 00:33:50.290 D/LOWI-9.0.0.80( 1024): [LOWIControllerExtn] sendLOWILpDiscoveryScanResponse: Not a discovery scan response
11-20 00:33:50.290 D/PasspointManager( 1194): ANQP entry not found for: 5e:6e:be:46:77:d7:<Pixel_R3>
11-20 00:33:50.290 D/PasspointManager( 1194): ANQP entry not found for: ce:dc:12:3b:87:fd:<Pixel5_R1>
11-20 00:33:50.290 D/LOWI-9.0.0.80( 1024): [LOWIWifiDriverInterface] getMeasurements - Passive listening mode
11-20 00:33:50.290 D/PasspointManager( 1194): ANQP entry not found for: fe:2d:5a:49:61:eb:<Pixel_R2>
11-20 00:33:50.290 D/LOWI-9.0.0.80( 1024): [LOWI-Scan] WipsScanUsingNL:wait -1 sec for netlink message
11-20 00:33:50.290 D/PasspointManager( 1194): ANQP entry not found for: 12:d7:96:61:85:9f:<Pixel_R5>
11-20 00:33:50.323 D/CompatibilityInfo( 1194): mCompatibilityFlags - 4
11-20 00:33:50.323 D/CompatibilityInfo( 1194): applicationDensity - 320
11-20 00:33:50.323 D/CompatibilityInfo( 1194): applicationScale - 1.0
11-20 00:33:50.343 D/WifiSharingService( 2841): Sending scanResults intent with status code 0: PendingIntent{7cd237e: android.os.BinderProxy@a8f8933}
11-20 00:33:50.347 D/CompatibilityInfo( 1194): mCompatibilityFlags - 4
11-20 00:33:50.347 D/CompatibilityInfo( 1194): applicationDensity - 320
11-20 00:33:50.348 D/CompatibilityInfo( 1194): applicationScale - 1.0
11-20 00:33:50.396 I/chatty  ( 2351): uid=10060(com.facebook.wearable.system.selfcare) DefaultDispatch expire 2 lines
11-20 00:33:50.397 I/chatty  ( 2351): uid=10060(com.facebook.wearable.system.selfcare) MainTP_223 expire 1 line
11-20 00:33:50.397 I/chatty  ( 2351): uid=10060(com.facebook.wearable.system.selfcare) MainTP_219 expire 1 line
11-20 00:33:50.555 I/chatty  ( 2351): uid=10060(com.facebook.wearable.system.selfcare) pool-3-thread-3 expire 2 lines
11-20 00:33:50.623 D/CompatibilityInfo( 1194): mCompatibilityFlags - 4
11-20 00:33:50.623 D/CompatibilityInfo( 1194): applicationDensity - 320
11-20 00:33:50.623 D/CompatibilityInfo( 1194): applicationScale - 1.0
11-20 00:33:50.680 I/chatty  ( 2351): uid=10060(com.facebook.wearable.system.selfcare) MainTP_224 expire 1 line
11-20 00:33:50.681 I/chatty  ( 2351): uid=10060(com.facebook.wearable.system.selfcare) DefaultDispatch expire 2 lines
11-20 00:33:50.683 I/chatty  ( 2351): uid=10060(com.facebook.wearable.system.selfcare) MainTP_223 expire 1 line
11-20 00:33:50.852 I/chatty  ( 2351): uid=10060(com.facebook.wearable.system.selfcare) pool-3-thread-3 expire 1 line
11-20 00:33:50.931 D/CompatibilityInfo( 1194): mCompatibilityFlags - 4
11-20 00:33:50.931 D/CompatibilityInfo( 1194): applicationDensity - 320
11-20 00:33:50.931 D/CompatibilityInfo( 1194): applicationScale - 1.0
11-20 00:33:50.970 D/commandrouter( 1117): rtc_sync (1, rtc:sync): <ServiceRequest> FORWARDED (remote -> local) service client ID = 0, token ID = 35921
11-20 00:33:50.970 D/vendor.facebook.rtc_sync@1.0-service( 1129): Request req_ts=1637368430973997342 resp_ts=1637368430970267078
11-20 00:33:50.970 D/commandrouter( 1117): SocServiceHandle::onServiceMessage, SoC Service = rtc_sync, appType = 1, type = SVC_RESP, clientId = 0, token = 35921, payloadLen = 8, result = 0, payload.size() = 8
11-20 00:33:50.997 E/StickerBundleDatabaseWorker( 2351): Failed to fetch sticker bundles:
11-20 00:33:50.997 E/StickerBundleDatabaseWorker( 2351): kotlinx.coroutines.JobCancellationException: Job was cancelled; job=JobImpl{Cancelling}@82325aa
11-20 00:33:50.998 I/WM-WorkerWrapper( 2351): Work [ id=731e9e35-e8c2-49b1-b246-986e05f06ab6, tags={ com.facebook.wearable.system.selfcare.sharing.StickerBundleDatabaseWorker } ] was cancelled
11-20 00:33:50.998 I/WM-WorkerWrapper( 2351): java.util.concurrent.CancellationException: Task was cancelled.
11-20 00:33:50.998 I/WM-WorkerWrapper( 2351): 	at androidx.work.impl.utils.futures.AbstractFuture.getDoneValue(:32)
11-20 00:33:50.998 I/WM-WorkerWrapper( 2351): 	at androidx.work.impl.utils.futures.AbstractFuture.get(:268435546)
11-20 00:33:50.998 I/WM-WorkerWrapper( 2351): 	at androidx.work.impl.WorkerWrapper$2.run(:3)
11-20 00:33:50.998 I/WM-WorkerWrapper( 2351): 	at androidx.work.impl.utils.SerialExecutor$Task.run(:2)
11-20 00:33:50.998 I/WM-WorkerWrapper( 2351): 	at java.util.concurrent.ThreadPoolExecutor.runWorker(ThreadPoolExecutor.java:1167)
11-20 00:33:50.998 I/WM-WorkerWrapper( 2351): 	at java.util.concurrent.ThreadPoolExecutor$Worker.run(ThreadPoolExecutor.java:641)
11-20 00:33:50.998 I/WM-WorkerWrapper( 2351): 	at java.lang.Thread.run(Thread.java:923)
11-20 00:33:50.998 D/SettingsSDK::SyncHelper( 2351): Read setting com.facebook.wearable.sdk.selfcare:SELFCARE_SERVICE_ENABLED from persistent cache
11-20 00:33:50.999 D/FacebookRepository( 2351): Reading from Store [906581286488774]
11-20 00:33:51.192 E/SelfCareDataCloudSyncWorker( 2351): Failed to get access token
11-20 00:33:51.192 E/SelfCareDataCloudSyncWorker( 2351): kotlinx.coroutines.JobCancellationException: Job was cancelled; job=JobImpl{Cancelling}@65c8d13
11-20 00:33:51.192 I/WM-WorkerWrapper( 2351): Work [ id=41176d4d-428f-4560-a8c8-961a1631ba8f, tags={ com.facebook.wearable.system.selfcare.cloudsync.SelfCareDataCloudSyncWorker } ] was cancelled
11-20 00:33:51.192 I/WM-WorkerWrapper( 2351): java.util.concurrent.CancellationException: Task was cancelled.
11-20 00:33:51.192 I/WM-WorkerWrapper( 2351): 	at androidx.work.impl.utils.futures.AbstractFuture.getDoneValue(:32)
11-20 00:33:51.192 I/WM-WorkerWrapper( 2351): 	at androidx.work.impl.utils.futures.AbstractFuture.get(:268435546)
11-20 00:33:51.192 I/WM-WorkerWrapper( 2351): 	at androidx.work.impl.WorkerWrapper$2.run(:3)
11-20 00:33:51.192 I/WM-WorkerWrapper( 2351): 	at androidx.work.impl.utils.SerialExecutor$Task.run(:2)
11-20 00:33:51.192 I/WM-WorkerWrapper( 2351): 	at java.util.concurrent.ThreadPoolExecutor.runWorker(ThreadPoolExecutor.java:1167)
11-20 00:33:51.192 I/WM-WorkerWrapper( 2351): 	at java.util.concurrent.ThreadPoolExecutor$Worker.run(ThreadPoolExecutor.java:641)
11-20 00:33:51.192 I/WM-WorkerWrapper( 2351): 	at java.lang.Thread.run(Thread.java:923)
11-20 00:33:51.273 D/CompatibilityInfo( 1194): mCompatibilityFlags - 4
11-20 00:33:51.274 D/CompatibilityInfo( 1194): applicationDensity - 320
11-20 00:33:51.274 D/CompatibilityInfo( 1194): applicationScale - 1.0
11-20 00:33:51.337 W/HWComposer(  577): Ignoring duplicate VSYNC event from HWC for display 0 (t=31577600567693)
11-20 00:33:51.340 E/StickerBundleDatabaseWorker( 2351): Failed to fetch sticker bundles:
11-20 00:33:51.340 E/StickerBundleDatabaseWorker( 2351): kotlinx.coroutines.JobCancellationException: Job was cancelled; job=JobImpl{Cancelling}@3588c7c
11-20 00:33:51.341 I/WM-WorkerWrapper( 2351): Work [ id=731e9e35-e8c2-49b1-b246-986e05f06ab6, tags={ com.facebook.wearable.system.selfcare.sharing.StickerBundleDatabaseWorker } ] was cancelled
11-20 00:33:51.341 I/WM-WorkerWrapper( 2351): java.util.concurrent.CancellationException: Task was cancelled.
11-20 00:33:51.341 I/WM-WorkerWrapper( 2351): 	at androidx.work.impl.utils.futures.AbstractFuture.getDoneValue(:32)
11-20 00:33:51.341 I/WM-WorkerWrapper( 2351): 	at androidx.work.impl.utils.futures.AbstractFuture.get(:268435546)
11-20 00:33:51.341 I/WM-WorkerWrapper( 2351): 	at androidx.work.impl.WorkerWrapper$2.run(:3)
11-20 00:33:51.341 I/WM-WorkerWrapper( 2351): 	at androidx.work.impl.utils.SerialExecutor$Task.run(:2)
11-20 00:33:51.341 I/WM-WorkerWrapper( 2351): 	at java.util.concurrent.ThreadPoolExecutor.runWorker(ThreadPoolExecutor.java:1167)
11-20 00:33:51.341 I/WM-WorkerWrapper( 2351): 	at java.util.concurrent.ThreadPoolExecutor$Worker.run(ThreadPoolExecutor.java:641)
11-20 00:33:51.341 I/WM-WorkerWrapper( 2351): 	at java.lang.Thread.run(Thread.java:923)
11-20 00:33:51.341 D/SettingsSDK::SyncHelper( 2351): Read setting com.facebook.wearable.sdk.selfcare:SELFCARE_SERVICE_ENABLED from persistent cache
11-20 00:33:51.342 D/FacebookRepository( 2351): Reading from Store [906581286488774]
11-20 00:33:51.519 E/SelfCareDataCloudSyncWorker( 2351): Failed to get access token
11-20 00:33:51.519 E/SelfCareDataCloudSyncWorker( 2351): kotlinx.coroutines.JobCancellationException: Job was cancelled; job=JobImpl{Cancelling}@8f3ef14
11-20 00:33:51.519 I/WM-WorkerWrapper( 2351): Work [ id=41176d4d-428f-4560-a8c8-961a1631ba8f, tags={ com.facebook.wearable.system.selfcare.cloudsync.SelfCareDataCloudSyncWorker } ] was cancelled
11-20 00:33:51.519 I/WM-WorkerWrapper( 2351): java.util.concurrent.CancellationException: Task was cancelled.
11-20 00:33:51.519 I/WM-WorkerWrapper( 2351): 	at androidx.work.impl.utils.futures.AbstractFuture.getDoneValue(:32)
11-20 00:33:51.519 I/WM-WorkerWrapper( 2351): 	at androidx.work.impl.utils.futures.AbstractFuture.get(:268435546)
11-20 00:33:51.519 I/WM-WorkerWrapper( 2351): 	at androidx.work.impl.WorkerWrapper$2.run(:3)
11-20 00:33:51.519 I/WM-WorkerWrapper( 2351): 	at androidx.work.impl.utils.SerialExecutor$Task.run(:2)
11-20 00:33:51.519 I/WM-WorkerWrapper( 2351): 	at java.util.concurrent.ThreadPoolExecutor.runWorker(ThreadPoolExecutor.java:1167)
11-20 00:33:51.519 I/WM-WorkerWrapper( 2351): 	at java.util.concurrent.ThreadPoolExecutor$Worker.run(ThreadPoolExecutor.java:641)
11-20 00:33:51.519 I/WM-WorkerWrapper( 2351): 	at java.lang.Thread.run(Thread.java:923)
11-20 00:33:51.602 D/CompatibilityInfo( 1194): mCompatibilityFlags - 4
11-20 00:33:51.602 D/CompatibilityInfo( 1194): applicationDensity - 320
11-20 00:33:51.602 D/CompatibilityInfo( 1194): applicationScale - 1.0
11-20 00:33:51.668 E/StickerBundleDatabaseWorker( 2351): Failed to fetch sticker bundles:
11-20 00:33:51.668 E/StickerBundleDatabaseWorker( 2351): kotlinx.coroutines.JobCancellationException: Job was cancelled; job=JobImpl{Cancelling}@4aae880
11-20 00:33:51.668 I/WM-WorkerWrapper( 2351): Work [ id=731e9e35-e8c2-49b1-b246-986e05f06ab6, tags={ com.facebook.wearable.system.selfcare.sharing.StickerBundleDatabaseWorker } ] was cancelled
11-20 00:33:51.668 I/WM-WorkerWrapper( 2351): java.util.concurrent.CancellationException: Task was cancelled.
11-20 00:33:51.668 I/WM-WorkerWrapper( 2351): 	at androidx.work.impl.utils.futures.AbstractFuture.getDoneValue(:32)
11-20 00:33:51.668 I/WM-WorkerWrapper( 2351): 	at androidx.work.impl.utils.futures.AbstractFuture.get(:268435546)
11-20 00:33:51.668 I/WM-WorkerWrapper( 2351): 	at androidx.work.impl.WorkerWrapper$2.run(:3)
11-20 00:33:51.668 I/WM-WorkerWrapper( 2351): 	at androidx.work.impl.utils.SerialExecutor$Task.run(:2)
11-20 00:33:51.668 I/WM-WorkerWrapper( 2351): 	at java.util.concurrent.ThreadPoolExecutor.runWorker(ThreadPoolExecutor.java:1167)
11-20 00:33:51.668 I/WM-WorkerWrapper( 2351): 	at java.util.concurrent.ThreadPoolExecutor$Worker.run(ThreadPoolExecutor.java:641)
11-20 00:33:51.668 I/WM-WorkerWrapper( 2351): 	at java.lang.Thread.run(Thread.java:923)
11-20 00:33:51.669 D/SettingsSDK::SyncHelper( 2351): Read setting com.facebook.wearable.sdk.selfcare:SELFCARE_SERVICE_ENABLED from persistent cache
11-20 00:33:51.669 D/FacebookRepository( 2351): Reading from Store [906581286488774]
11-20 00:33:51.849 E/SelfCareDataCloudSyncWorker( 2351): Failed to get access token
11-20 00:33:51.849 E/SelfCareDataCloudSyncWorker( 2351): kotlinx.coroutines.JobCancellationException: Job was cancelled; job=JobImpl{Cancelling}@ca7fbf1
11-20 00:33:51.850 I/WM-WorkerWrapper( 2351): Work [ id=41176d4d-428f-4560-a8c8-961a1631ba8f, tags={ com.facebook.wearable.system.selfcare.cloudsync.SelfCareDataCloudSyncWorker } ] was cancelled
11-20 00:33:51.850 I/WM-WorkerWrapper( 2351): java.util.concurrent.CancellationException: Task was cancelled.
11-20 00:33:51.850 I/WM-WorkerWrapper( 2351): 	at androidx.work.impl.utils.futures.AbstractFuture.getDoneValue(:32)
11-20 00:33:51.850 I/WM-WorkerWrapper( 2351): 	at androidx.work.impl.utils.futures.AbstractFuture.get(:268435546)
11-20 00:33:51.850 I/WM-WorkerWrapper( 2351): 	at androidx.work.impl.WorkerWrapper$2.run(:3)
11-20 00:33:51.850 I/WM-WorkerWrapper( 2351): 	at androidx.work.impl.utils.SerialExecutor$Task.run(:2)
11-20 00:33:51.850 I/WM-WorkerWrapper( 2351): 	at java.util.concurrent.ThreadPoolExecutor.runWorker(ThreadPoolExecutor.java:1167)
11-20 00:33:51.850 I/WM-WorkerWrapper( 2351): 	at java.util.concurrent.ThreadPoolExecutor$Worker.run(ThreadPoolExecutor.java:641)
11-20 00:33:51.850 I/WM-WorkerWrapper( 2351): 	at java.lang.Thread.run(Thread.java:923)
11-20 00:33:51.934 D/CompatibilityInfo( 1194): mCompatibilityFlags - 4
11-20 00:33:51.935 D/CompatibilityInfo( 1194): applicationDensity - 320
11-20 00:33:51.935 D/CompatibilityInfo( 1194): applicationScale - 1.0
11-20 00:33:51.997 I/WM-WorkerWrapper( 2351): Work [ id=731e9e35-e8c2-49b1-b246-986e05f06ab6, tags={ com.facebook.wearable.system.selfcare.sharing.StickerBundleDatabaseWorker } ] was cancelled
11-20 00:33:51.997 I/WM-WorkerWrapper( 2351): java.util.concurrent.CancellationException: Task was cancelled.
11-20 00:33:51.997 I/WM-WorkerWrapper( 2351): 	at androidx.work.impl.utils.futures.AbstractFuture.getDoneValue(:32)
11-20 00:33:51.997 I/WM-WorkerWrapper( 2351): 	at androidx.work.impl.utils.futures.AbstractFuture.get(:268435546)
11-20 00:33:51.997 I/WM-WorkerWrapper( 2351): 	at androidx.work.impl.WorkerWrapper$2.run(:3)
11-20 00:33:51.997 I/WM-WorkerWrapper( 2351): 	at androidx.work.impl.utils.SerialExecutor$Task.run(:2)
11-20 00:33:51.997 I/WM-WorkerWrapper( 2351): 	at java.util.concurrent.ThreadPoolExecutor.runWorker(ThreadPoolExecutor.java:1167)
11-20 00:33:51.997 I/WM-WorkerWrapper( 2351): 	at java.util.concurrent.ThreadPoolExecutor$Worker.run(ThreadPoolExecutor.java:641)
11-20 00:33:51.997 I/WM-WorkerWrapper( 2351): 	at java.lang.Thread.run(Thread.java:923)
11-20 00:33:51.998 D/SettingsSDK::SyncHelper( 2351): Read setting com.facebook.wearable.sdk.selfcare:SELFCARE_SERVICE_ENABLED from persistent cache
11-20 00:33:51.998 E/StickerBundleDatabaseWorker( 2351): Failed to fetch sticker bundles:
11-20 00:33:51.998 E/StickerBundleDatabaseWorker( 2351): kotlinx.coroutines.JobCancellationException: Job was cancelled; job=JobImpl{Cancelling}@e3e10f3
11-20 00:33:51.998 D/FacebookRepository( 2351): Reading from Store [906581286488774]
11-20 00:33:52.196 E/SelfCareDataCloudSyncWorker( 2351): Failed to get access token
11-20 00:33:52.196 E/SelfCareDataCloudSyncWorker( 2351): kotlinx.coroutines.JobCancellationException: Job was cancelled; job=JobImpl{Cancelling}@e142de5
11-20 00:33:52.196 I/WM-WorkerWrapper( 2351): Work [ id=41176d4d-428f-4560-a8c8-961a1631ba8f, tags={ com.facebook.wearable.system.selfcare.cloudsync.SelfCareDataCloudSyncWorker } ] was cancelled
11-20 00:33:52.196 I/WM-WorkerWrapper( 2351): java.util.concurrent.CancellationException: Task was cancelled.
11-20 00:33:52.196 I/WM-WorkerWrapper( 2351): 	at androidx.work.impl.utils.futures.AbstractFuture.getDoneValue(:32)
11-20 00:33:52.196 I/WM-WorkerWrapper( 2351): 	at androidx.work.impl.utils.futures.AbstractFuture.get(:268435546)
11-20 00:33:52.196 I/WM-WorkerWrapper( 2351): 	at androidx.work.impl.WorkerWrapper$2.run(:3)
11-20 00:33:52.196 I/WM-WorkerWrapper( 2351): 	at androidx.work.impl.utils.SerialExecutor$Task.run(:2)
11-20 00:33:52.196 I/WM-WorkerWrapper( 2351): 	at java.util.concurrent.ThreadPoolExecutor.runWorker(ThreadPoolExecutor.java:1167)
11-20 00:33:52.196 I/WM-WorkerWrapper( 2351): 	at java.util.concurrent.ThreadPoolExecutor$Worker.run(ThreadPoolExecutor.java:641)
11-20 00:33:52.196 I/WM-WorkerWrapper( 2351): 	at java.lang.Thread.run(Thread.java:923)
11-20 00:33:52.268 D/CompatibilityInfo( 1194): mCompatibilityFlags - 4
11-20 00:33:52.268 D/CompatibilityInfo( 1194): applicationDensity - 320
11-20 00:33:52.268 D/CompatibilityInfo( 1194): applicationScale - 1.0
11-20 00:33:52.326 E/StickerBundleDatabaseWorker( 2351): Failed to fetch sticker bundles:
11-20 00:33:52.326 E/StickerBundleDatabaseWorker( 2351): kotlinx.coroutines.JobCancellationException: Job was cancelled; job=JobImpl{Cancelling}@966ee86
11-20 00:33:52.326 I/WM-WorkerWrapper( 2351): Work [ id=731e9e35-e8c2-49b1-b246-986e05f06ab6, tags={ com.facebook.wearable.system.selfcare.sharing.StickerBundleDatabaseWorker } ] was cancelled
11-20 00:33:52.326 I/WM-WorkerWrapper( 2351): java.util.concurrent.CancellationException: Task was cancelled.
11-20 00:33:52.326 I/WM-WorkerWrapper( 2351): 	at androidx.work.impl.utils.futures.AbstractFuture.getDoneValue(:32)
11-20 00:33:52.326 I/WM-WorkerWrapper( 2351): 	at androidx.work.impl.utils.futures.AbstractFuture.get(:268435546)
11-20 00:33:52.326 I/WM-WorkerWrapper( 2351): 	at androidx.work.impl.WorkerWrapper$2.run(:3)
11-20 00:33:52.326 I/WM-WorkerWrapper( 2351): 	at androidx.work.impl.utils.SerialExecutor$Task.run(:2)
11-20 00:33:52.326 I/WM-WorkerWrapper( 2351): 	at java.util.concurrent.ThreadPoolExecutor.runWorker(ThreadPoolExecutor.java:1167)
11-20 00:33:52.326 I/WM-WorkerWrapper( 2351): 	at java.util.concurrent.ThreadPoolExecutor$Worker.run(ThreadPoolExecutor.java:641)
11-20 00:33:52.326 I/WM-WorkerWrapper( 2351): 	at java.lang.Thread.run(Thread.java:923)
11-20 00:33:52.327 D/SettingsSDK::SyncHelper( 2351): Read setting com.facebook.wearable.sdk.selfcare:SELFCARE_SERVICE_ENABLED from persistent cache
11-20 00:33:52.327 D/FacebookRepository( 2351): Reading from Store [906581286488774]
11-20 00:33:52.506 E/SelfCareDataCloudSyncWorker( 2351): Failed to get access token
11-20 00:33:52.506 E/SelfCareDataCloudSyncWorker( 2351): kotlinx.coroutines.JobCancellationException: Job was cancelled; job=JobImpl{Cancelling}@a6aa43f
11-20 00:33:52.506 I/WM-WorkerWrapper( 2351): Work [ id=41176d4d-428f-4560-a8c8-961a1631ba8f, tags={ com.facebook.wearable.system.selfcare.cloudsync.SelfCareDataCloudSyncWorker } ] was cancelled
11-20 00:33:52.506 I/WM-WorkerWrapper( 2351): java.util.concurrent.CancellationException: Task was cancelled.
11-20 00:33:52.506 I/WM-WorkerWrapper( 2351): 	at androidx.work.impl.utils.futures.AbstractFuture.getDoneValue(:32)
11-20 00:33:52.506 I/WM-WorkerWrapper( 2351): 	at androidx.work.impl.utils.futures.AbstractFuture.get(:268435546)
11-20 00:33:52.506 I/WM-WorkerWrapper( 2351): 	at androidx.work.impl.WorkerWrapper$2.run(:3)
11-20 00:33:52.506 I/WM-WorkerWrapper( 2351): 	at androidx.work.impl.utils.SerialExecutor$Task.run(:2)
11-20 00:33:52.506 I/WM-WorkerWrapper( 2351): 	at java.util.concurrent.ThreadPoolExecutor.runWorker(ThreadPoolExecutor.java:1167)
11-20 00:33:52.506 I/WM-WorkerWrapper( 2351): 	at java.util.concurrent.ThreadPoolExecutor$Worker.run(ThreadPoolExecutor.java:641)
11-20 00:33:52.506 I/WM-WorkerWrapper( 2351): 	at java.lang.Thread.run(Thread.java:923)
11-20 00:33:52.584 D/CompatibilityInfo( 1194): mCompatibilityFlags - 4
11-20 00:33:52.584 D/CompatibilityInfo( 1194): applicationDensity - 320
11-20 00:33:52.584 D/CompatibilityInfo( 1194): applicationScale - 1.0
11-20 00:33:52.649 E/StickerBundleDatabaseWorker( 2351): Failed to fetch sticker bundles:
11-20 00:33:52.649 E/StickerBundleDatabaseWorker( 2351): kotlinx.coroutines.JobCancellationException: Job was cancelled; job=JobImpl{Cancelling}@7e471f8
11-20 00:33:52.649 I/WM-WorkerWrapper( 2351): Work [ id=731e9e35-e8c2-49b1-b246-986e05f06ab6, tags={ com.facebook.wearable.system.selfcare.sharing.StickerBundleDatabaseWorker } ] was cancelled
11-20 00:33:52.649 I/WM-WorkerWrapper( 2351): java.util.concurrent.CancellationException: Task was cancelled.
11-20 00:33:52.649 I/WM-WorkerWrapper( 2351): 	at androidx.work.impl.utils.futures.AbstractFuture.getDoneValue(:32)
11-20 00:33:52.649 I/WM-WorkerWrapper( 2351): 	at androidx.work.impl.utils.futures.AbstractFuture.get(:268435546)
11-20 00:33:52.649 I/WM-WorkerWrapper( 2351): 	at androidx.work.impl.WorkerWrapper$2.run(:3)
11-20 00:33:52.649 I/WM-WorkerWrapper( 2351): 	at androidx.work.impl.utils.SerialExecutor$Task.run(:2)
11-20 00:33:52.649 I/WM-WorkerWrapper( 2351): 	at java.util.concurrent.ThreadPoolExecutor.runWorker(ThreadPoolExecutor.java:1167)
11-20 00:33:52.649 I/WM-WorkerWrapper( 2351): 	at java.util.concurrent.ThreadPoolExecutor$Worker.run(ThreadPoolExecutor.java:641)
11-20 00:33:52.649 I/WM-WorkerWrapper( 2351): 	at java.lang.Thread.run(Thread.java:923)
11-20 00:33:52.649 D/SettingsSDK::SyncHelper( 2351): Read setting com.facebook.wearable.sdk.selfcare:SELFCARE_SERVICE_ENABLED from persistent cache
11-20 00:33:52.650 D/FacebookRepository( 2351): Reading from Store [906581286488774]
11-20 00:33:52.681 D/UIAutomatorStub( 6249): URI: /jsonrpc/0, Method: POST, Header: {content-length=229, remote-addr=127.0.0.1, http-client-ip=127.0.0.1, host=localhost:9010, content-type=application/json, accept-encoding=identity}, params, {NanoHttpd.QUERY_STRING=null}, files: {postData={"jsonrpc": "2.0", "method": "objInfo", "id": "7ee3f07bd9dcc7398f8e98577bbb3cdd", "params": [{"mask": 2097152, "childOrSibling": [], "childOrSiblingSelector": [], "resourceId": "com.facebook.wearable.system.settings:id/toggle"}]}}
11-20 00:33:52.760 D/UIAutomatorStub( 6249): URI: /jsonrpc/0, Method: POST, Header: {content-length=227, remote-addr=127.0.0.1, http-client-ip=127.0.0.1, host=localhost:9010, content-type=application/json, accept-encoding=identity}, params, {NanoHttpd.QUERY_STRING=null}, files: {postData={"jsonrpc": "2.0", "method": "click", "id": "9022aff88fee26b5ca19d47841426590", "params": [{"mask": 2097152, "childOrSibling": [], "childOrSiblingSelector": [], "resourceId": "com.facebook.wearable.system.settings:id/toggle"}]}}
11-20 00:33:52.822 D/WifiSharingService( 2841): Setting Wi-Fi enabled state
11-20 00:33:52.826 I/WifiService( 1194): setWifiEnabled package=com.facebook.wearable.system.connectivity uid=1000 enable=false
11-20 00:33:52.830 D/WifiActiveModeWarden( 1194): Switching all client mode managers
11-20 00:33:52.838 D/WifiP2pService( 1194): Wifi enabled=false, P2P Interface availability=true
11-20 00:33:52.838 D/QCNEJ/WlanStaInfoRelay( 1900): onChange for uri = content://settings/global/wifi_on
11-20 00:33:52.838 D/WifiP2pNative( 1194): Teardown P2P interface
11-20 00:33:52.838 D/WifiP2pService( 1194): Wifi enabled=false, P2P Interface availability=true
11-20 00:33:52.855 W/ContextImpl( 1194): Calling a method in the system process without a qualified user: android.app.ContextImpl.sendBroadcastMultiplePermissions:1143 android.content.Context.sendBroadcastWithMultiplePermissions:2150 com.android.server.display.WifiDisplayAdapter.handleSendStatusChangeBroadcast:440 com.android.server.display.WifiDisplayAdapter.access$1700:63 com.android.server.display.WifiDisplayAdapter$WifiDisplayHandler.handleMessage:675 
11-20 00:33:52.857 D/WifiClientModeManager1( 1194): IMS not registered over IWLAN for subId: 1
11-20 00:33:52.858 D/WifiClientModeManager1( 1194): The target role 5
11-20 00:33:52.858 W/HWComposer(  577): Ignoring duplicate VSYNC event from HWC for display 0 (t=31579120527067)
11-20 00:33:52.861 I/WM-WorkerWrapper( 2351): Work [ id=41176d4d-428f-4560-a8c8-961a1631ba8f, tags={ com.facebook.wearable.system.selfcare.cloudsync.SelfCareDataCloudSyncWorker } ] was cancelled
11-20 00:33:52.861 I/WM-WorkerWrapper( 2351): java.util.concurrent.CancellationException: Task was cancelled.
11-20 00:33:52.861 I/WM-WorkerWrapper( 2351): 	at androidx.work.impl.utils.futures.AbstractFuture.getDoneValue(:32)
11-20 00:33:52.861 I/WM-WorkerWrapper( 2351): 	at androidx.work.impl.utils.futures.AbstractFuture.get(:268435546)
11-20 00:33:52.861 I/WM-WorkerWrapper( 2351): 	at androidx.work.impl.WorkerWrapper$2.run(:3)
11-20 00:33:52.861 I/WM-WorkerWrapper( 2351): 	at androidx.work.impl.utils.SerialExecutor$Task.run(:2)
11-20 00:33:52.861 I/WM-WorkerWrapper( 2351): 	at java.util.concurrent.ThreadPoolExecutor.runWorker(ThreadPoolExecutor.java:1167)
11-20 00:33:52.861 I/WM-WorkerWrapper( 2351): 	at java.util.concurrent.ThreadPoolExecutor$Worker.run(ThreadPoolExecutor.java:641)
11-20 00:33:52.861 I/WM-WorkerWrapper( 2351): 	at java.lang.Thread.run(Thread.java:923)
11-20 00:33:52.864 E/QMI_FW  (  927): qmi_cci_get_ref: ref count increased 2
11-20 00:33:52.864 E/SelfCareDataCloudSyncWorker( 2351): Failed to get access token
11-20 00:33:52.864 E/SelfCareDataCloudSyncWorker( 2351): kotlinx.coroutines.JobCancellationException: Job was cancelled; job=JobImpl{Cancelling}@bef8810
11-20 00:33:52.875 I/android_os_HwBinder( 1194): HwBinder: Starting thread pool for getting: android.hardware.wifi.supplicant@1.0::ISupplicant/default
11-20 00:33:52.878 I/wpa_supplicant(22057): p2p0: Do not deauthenticate as part of interface deinit since WoWLAN is enabled
11-20 00:33:52.934 D/CompatibilityInfo( 1194): mCompatibilityFlags - 4
11-20 00:33:52.934 D/CompatibilityInfo( 1194): applicationDensity - 320
11-20 00:33:52.934 D/CompatibilityInfo( 1194): applicationScale - 1.0
11-20 00:33:52.961 E/wpa_supplicant(22057): eap_proxy: pthread_join on eap_proxy=0xd93fa8
11-20 00:33:52.962 E/wpa_supplicant(22057): eap_proxy: session not started for client = 1
11-20 00:33:52.962 E/QMI_FW  (22057): qmi_cci_get_ref: ref count increased 2
11-20 00:33:52.962 E/QMI_FW  (22057): qmi_cci_get_ref: ref count increased 2
11-20 00:33:52.962 E/wpa_supplicant(22057): eap_proxy: Released QMI UIM service client
11-20 00:33:52.962 E/QMI_FW  (22057): qmi_cci_get_ref: ref count increased 2
11-20 00:33:52.962 E/QMI_FW  (22057): qmi_cci_get_ref: ref count increased 2
11-20 00:33:52.964 E/wpa_supplicant(22057): eap_proxy: Released QMI EAP service client
