11-20 12:33:50.553 W/BroadcastQueue( 1194): Permission Denial: receiving Intent { act=android.net.wifi.p2p.CONNECTION_STATE_CHANGE flg=0x24000010 (has extras) } to ProcessRecord{ba73 1900:.qtidataservices/u0a89} (pid=1900, uid=10089) requires android.permission.ACCESS_FINE_LOCATION due to sender android (uid 1000)
11-20 12:33:50.558 W/ContextImpl( 1194): Calling a method in the system process without a qualified user: android.app.ContextImpl.sendBroadcastMultiplePermissions:1143 android.content.Context.sendBroadcastWithMultiplePermissions:2150 com.android.server.wifi.p2p.WifiP2pServiceImpl$P2pStateMachine.sendBroadcastMultiplePermissions:3209 com.android.server.wifi.p2p.WifiP2pServiceImpl$P2pStateMachine.sendThisDeviceChangedBroadcast:3218 com.android.server.wifi.p2p.WifiP2pServiceImpl$P2pStateMachine.updateThisDevice:3962 
11-20 12:33:50.575 W/wificond(  906): Scan is not started. Ignore abort request
11-20 12:33:50.991 D/ConnectivityService( 1194): registerNetworkAgent NetworkAgentInfo{ ni{[type: WIFI[], state: UNKNOWN/IDLE, reason: (unspecified), extra: , failover: false, available: true, roaming: false]}  network{169}  nethandle{729255170061}  lp{{InterfaceName: wlan0 LinkAddresses: [ ] DnsAddresses: [ ] Domains: null MTU: 0 Routes: [ ]}}  nc{[ Transports: WIFI Capabilities: NOT_METERED&INTERNET&NOT_RESTRICTED&TRUSTED&NOT_VPN&NOT_ROAMING&FOREGROUND&NOT_CONGESTED&NOT_SUSPENDED LinkUpBandwidth>=72000Kbps LinkDnBandwidth>=72000Kbps OwnerUid: 1000 SSID: "MTBF_Lab" RequestorUid: -1 RequestorPackageName: null]}  Score{20}  everValidated{false}  lastValidated{false}  created{false} lingering{false} explicitlySelected{false} acceptUnvalidated{false} everCaptivePortalDetected{false} lastCaptivePortalDetected{false} partialConnectivity{false} acceptPartialConnectivity{false} clat{mBaseIface: null, mIface: null, mState: IDLE} }
11-20 12:33:51.007 D/ConnectivityService( 1194): [169 WIFI] EVENT_NETWORK_INFO_CHANGED, going from UNKNOWN to UNKNOWN
11-20 12:33:51.163 D/ConnectivityService( 1194): NetReassign [no changes]
11-20 12:33:51.201 I/Nat464Xlat( 1194): Android Xlat is disabled
11-20 12:33:51.201 I/Nat464Xlat( 1194): Android Xlat is disabled
11-20 12:33:51.339 E/ConnectivityService( 1194): Exception in networkAddRouteParcel for non-gateway: android.os.ServiceSpecificException: Machine is not on the network (code 64)
11-20 12:33:51.341 E/ConnectivityService( 1194): Exception in networkAddRouteParcel for gateway: android.os.ServiceSpecificException: Machine is not on the network (code 64)
11-20 12:33:51.341 I/Nat464Xlat( 1194): Android Xlat is disabled
11-20 12:33:51.341 I/Nat464Xlat( 1194): Android Xlat is disabled
11-20 12:33:51.478 D/ConnectivityService( 1194): Setting DNS servers for network 169 to [/192.168.1.1]
11-20 12:33:51.478 I/Nat464Xlat( 1194): Android Xlat is disabled
11-20 12:33:51.479 I/Nat464Xlat( 1194): Android Xlat is disabled
11-20 12:33:51.601 D/ConnectivityService( 1194): [169 WIFI] EVENT_NETWORK_INFO_CHANGED, going from UNKNOWN to CONNECTED
11-20 12:33:51.606 D/DnsManager( 1194): sendDnsConfigurationForNetwork(169, [192.168.1.1], [], 1800, 25, 8, 64, 0, 0, , [])
11-20 12:33:51.610 W/DnsManager( 1194): updatePrivateDns(169, PrivateDnsConfig{true:/[]})
11-20 12:33:51.610 D/ConnectivityService( 1194): Setting DNS servers for network 169 to [/192.168.1.1]
11-20 12:33:51.611 D/DnsManager( 1194): sendDnsConfigurationForNetwork(169, [192.168.1.1], [], 1800, 25, 8, 64, 0, 0, , [192.168.1.1])
11-20 12:33:51.614 D/ConnectivityService( 1194): Adding iface wlan0 to network 169
11-20 12:33:51.631 D/ConnectivityService( 1194): Setting DNS servers for network 169 to [/192.168.1.1]
11-20 12:33:51.631 D/DnsManager( 1194): sendDnsConfigurationForNetwork(169, [192.168.1.1], [], 1800, 25, 8, 64, 0, 0, , [192.168.1.1])
11-20 12:33:51.633 I/Nat464Xlat( 1194): Android Xlat is disabled
11-20 12:33:51.634 I/Nat464Xlat( 1194): Android Xlat is disabled
11-20 12:33:51.678 D/ConnectivityService( 1194): NetReassign [no changes]
11-20 12:33:51.855 D/ConnectivityService( 1194): [169 WIFI] validation passed
11-20 12:33:51.856 D/ConnectivityService( 1194): NetReassign [8 : 100 → 169, 20 : 100 → 169, 46 : 100 → 169, 45 : 100 → 169, 1299 : 100 → 169, 12 : 100 → 169, 22 : 100 → 169, 16 : 100 → 169, 14 : 100 → 169, 50 : 100 → 169, 18 : 100 → 169, 1222 : 100 → 169, 11 : 100 → 169, 1 : 100 → 169, 17 : 100 → 169]
11-20 12:33:51.859 E/NetlinkEvent(  459): NetlinkEvent::FindParam(): Parameter 'INTERFACE' not found
11-20 12:33:51.859 E/NetlinkEvent(  459): NetlinkEvent::FindParam(): Parameter 'STATE' not found
11-20 12:33:51.859 E/NetlinkEvent(  459): NetlinkEvent::FindParam(): Parameter 'TIME_NS' not found
11-20 12:33:51.859 E/NetlinkEvent(  459): NetlinkEvent::FindParam(): Parameter 'UID' not found
11-20 12:33:51.884 D/ConnectivityService( 1194): Switching to new default network: NetworkAgentInfo{ ni{[type: WIFI[], state: CONNECTED/CONNECTED, reason: (unspecified), extra: , failover: false, available: true, roaming: false]}  network{169}  nethandle{729255170061}  lp{{InterfaceName: wlan0 LinkAddresses: [ 192.168.1.39/24 ] DnsAddresses: [ /192.168.1.1 ] Domains: null MTU: 0 ServerAddress: /192.168.1.1 TcpBufferSizes: 524288,1048576,2097152,262144,524288,1048576 Routes: [ fe80::/64 -> :: wlan0 mtu 0,192.168.1.0/24 -> 0.0.0.0 wlan0 mtu 0,0.0.0.0/0 -> 192.168.1.1 wlan0 mtu 0 ]}}  nc{[ Transports: WIFI Capabilities: NOT_METERED&INTERNET&NOT_RESTRICTED&TRUSTED&NOT_VPN&VALIDATED&NOT_ROAMING&FOREGROUND&NOT_CONGESTED&NOT_SUSPENDED LinkUpBandwidth>=67000Kbps LinkDnBandwidth>=67000Kbps SignalStrength: -37 OwnerUid: 1000 SSID: "MTBF_Lab" RequestorUid: -1 RequestorPackageName: null]}  Score{60}  everValidated{true}  lastValidated{true}  created{true} lingering{false} explicitlySelected{false} acceptUnvalidated{false} everCaptivePortalDetected{false} lastCaptivePortalDetected{false} partialConnectivity{false} acceptPartialConnectivity{false} clat{mBaseIface: null, mIface: null, mState: IDLE} }
11-20 12:33:52.114 D/ConnectivityService( 1194): Lingering [100 CELLULAR] for 30000ms
11-20 12:33:52.116 D/ConnectivityService( 1194): Sending DISCONNECTED broadcast for type 0 [100 CELLULAR] isDefaultNetwork=true
11-20 12:33:52.129 D/ConnectivityService( 1194): Sending CONNECTED broadcast for type 1 [169 WIFI] isDefaultNetwork=true
11-20 12:33:52.154 D/ConnectivityService( 1194): Setting DNS servers for network 169 to [/192.168.1.1]
11-20 12:33:52.154 D/DnsManager( 1194): sendDnsConfigurationForNetwork(169, [192.168.1.1], [], 1800, 25, 8, 64, 0, 0, , [192.168.1.1])
11-20 12:33:52.862 I/Nat464Xlat( 1194): Android Xlat is disabled
11-20 12:33:52.862 I/Nat464Xlat( 1194): Android Xlat is disabled
11-20 12:33:59.880 D/commandrouter( 1117): rtc_sync (1, rtc:sync): <ServiceRequest> FORWARDED (remote -> local) service client ID = 0, token ID = 40242
11-20 12:33:59.880 D/commandrouter( 1117): SocServiceHandle::onServiceMessage, SoC Service = rtc_sync, appType = 1, type = SVC_RESP, clientId = 0, token = 40242, payloadLen = 8, result = 0, payload.size() = 8
11-20 12:34:09.872 D/commandrouter( 1117): rtc_sync (1, rtc:sync): <ServiceRequest> FORWARDED (remote -> local) service client ID = 0, token ID = 40243
11-20 12:34:09.873 D/commandrouter( 1117): SocServiceHandle::onServiceMessage, SoC Service = rtc_sync, appType = 1, type = SVC_RESP, clientId = 0, token = 40243, payloadLen = 8, result = 0, payload.size() = 8
11-20 12:34:10.812 D/AutofillManagerService( 1194): onBackKeyPressed()
11-20 12:34:11.343 I/chatty  ( 1194): uid=1000(system) android.ui identical 1 line
11-20 12:34:11.870 D/AutofillManagerService( 1194): onBackKeyPressed()
11-20 12:34:12.732 D/commandrouter( 1117): SocServiceHandle::onServiceMessage, SoC Service = mcu_healthcheck_1118, appType = 1, type = SVC_REQ, clientId = 0, token = 2491, payloadLen = 12, result = 0, payload.size() = 12
11-20 12:34:12.736 D/commandrouter( 1117): mcu_healthcheck_1118 (1, merlot:mcu_health:control): <ServiceResponse> FORWARDED (remote -> local) CR token ID = 2491, service client ID = 40, token ID = 44713, result = 0
11-20 12:34:12.737 D/mculinkhealth( 1118): isMcuReachable 1 (5 ms)
11-20 12:34:12.785 D/commandrouter( 1117): SocServiceHandle::onServiceMessage, SoC Service = mcu_healthcheck_946, appType = 1, type = SVC_REQ, clientId = 0, token = 1245, payloadLen = 20, result = 0, payload.size() = 20
11-20 12:34:12.789 D/commandrouter( 1117): mcu_healthcheck_946 (1, merlot:mcu_health:control): <ServiceResponse> FORWARDED (remote -> local) CR token ID = 1245, service client ID = 6, token ID = 44714, result = 0
11-20 12:34:13.622 D/AutofillManagerService( 1194): onBackKeyPressed()
11-20 12:34:14.153 W/ActivityManager( 1194): Invalid packageName: com.facebook.wearable.system.settings/com.facebook.wearable.system.settings.SettingsActivity
11-20 12:34:14.267 I/ActivityTaskManager( 1194): START u0 {flg=0x10000000 cmp=com.facebook.wearable.system.settings/.SettingsActivity} from uid 0
11-20 12:34:14.281 I/ActivityTaskManager( 1194): The Process com.facebook.wearable.system.settings Already Exists in BG. So sending its PID: 26117
11-20 12:34:14.282 W/ActivityTaskManager( 1194): Tried to set launchTime (0) < mLastActivityLaunchTime (74769574)
11-20 12:34:16.408 E/TaskPersister( 1194): File error accessing recents directory (directory doesn't exist?).
11-20 12:34:19.873 D/commandrouter( 1117): rtc_sync (1, rtc:sync): <ServiceRequest> FORWARDED (remote -> local) service client ID = 0, token ID = 40244
11-20 12:34:19.874 D/commandrouter( 1117): SocServiceHandle::onServiceMessage, SoC Service = rtc_sync, appType = 1, type = SVC_RESP, clientId = 0, token = 40244, payloadLen = 8, result = 0, payload.size() = 8
11-20 12:34:20.520 D/AppStorageManager( 1194): BEFORE:: Previous Size: 887320576 Current Size: 887271424
11-20 12:34:20.520 D/AppStorageManager( 1194): AFTER:: Previous Size: 887271424 Current Size: 887271424
11-20 12:34:20.556 D/AnalyticsLogger( 1194): sent events: 13
11-20 12:34:21.856 D/ConnectivityService( 1194): handleLingerComplete for [100 CELLULAR]
11-20 12:34:21.985 W/ContextImpl( 1194): Calling a method in the system process without a qualified user: android.app.ContextImpl.sendBroadcastMultiplePermissions:1143 android.content.Context.sendBroadcastWithMultiplePermissions:2150 com.android.server.display.WifiDisplayAdapter.handleSendStatusChangeBroadcast:440 com.android.server.display.WifiDisplayAdapter.access$1700:63 com.android.server.display.WifiDisplayAdapter$WifiDisplayHandler.handleMessage:675 
11-20 12:34:22.458 D/ConnectivityService( 1194): [169 WIFI] EVENT_NETWORK_INFO_CHANGED, going from CONNECTED to DISCONNECTED
11-20 12:34:22.459 D/ConnectivityService( 1194): [169 WIFI] disconnected, was satisfying 26
11-20 12:34:22.544 I/Nat464Xlat( 1194): Android Xlat is disabled
11-20 12:34:22.544 I/Nat464Xlat( 1194): Android Xlat is disabled
11-20 12:34:22.577 D/ConnectivityService( 1194): Sending DISCONNECTED broadcast for type 1 [169 WIFI] isDefaultNetwork=true
11-20 12:34:22.603 D/ConnectivityService( 1194): NetReassign [8 : null → 100, 20 : null → 100, 46 : null → 100, 45 : null → 100, 1299 : null → 100, 12 : null → 100, 22 : null → 100, 16 : null → 100, 14 : null → 100, 50 : null → 100, 18 : null → 100, 1222 : null → 100, 11 : null → 100, 1 : null → 100, 17 : null → 100]
11-20 12:34:22.612 E/NetlinkEvent(  459): NetlinkEvent::FindParam(): Parameter 'INTERFACE' not found
11-20 12:34:22.612 E/NetlinkEvent(  459): NetlinkEvent::FindParam(): Parameter 'STATE' not found
11-20 12:34:22.612 E/NetlinkEvent(  459): NetlinkEvent::FindParam(): Parameter 'TIME_NS' not found
11-20 12:34:22.612 E/NetlinkEvent(  459): NetlinkEvent::FindParam(): Parameter 'UID' not found
11-20 12:34:22.632 D/ConnectivityService( 1194): Switching to new default network: NetworkAgentInfo{ ni{[type: MOBILE[LTE], state: CONNECTED/CONNECTED, reason: (unspecified), extra: nxtgenphone, failover: false, available: true, roaming: false]}  network{100}  nethandle{432902426637}  lp{{InterfaceName: rmnet_data2 LinkAddresses: [ 10.129.103.196/29,2600:380:c119:24f:b89a:9f3c:46c1:95af/64 ] DnsAddresses: [ /172.26.38.1,/fc00:a:a::300 ] Domains: null MTU: 1430 TcpBufferSizes: 2097152,4194304,8388608,262144,524288,1048576 Routes: [ 0.0.0.0/0 -> 10.129.103.197 rmnet_data2 mtu 1430,::/0 -> fe80::b45f:41f1:1846:969d rmnet_data2 mtu 1430,10.129.103.192/29 -> 0.0.0.0 rmnet_data2 mtu 0,2600:380:c119:24f::/64 -> :: rmnet_data2 mtu 0 ]}}  nc{[ Transports: CELLULAR Capabilities: MMS&SUPL&FOTA&INTERNET&NOT_RESTRICTED&TRUSTED&NOT_VPN&VALIDATED&NOT_ROAMING&NOT_CONGESTED&NOT_SUSPENDED LinkUpBandwidth>=15000Kbps LinkDnBandwidth>=30000Kbps Specifier: <TelephonyNetworkSpecifier [mSubId = 1]> AdministratorUids: [] RequestorUid: -1 RequestorPackageName: null]}  Score{50}  everValidated{true}  lastValidated{true}  created{true} lingering{false} explicitlySelected{false} acceptUnvalidated{false} everCaptivePortalDetected{false} lastCaptivePortalDetected{false} partialConnectivity{false} acceptPartialConnectivity{false} clat{mBaseIface: null, mIface: null, mState: IDLE} }
11-20 12:34:22.769 D/ConnectivityService( 1194): Sending CONNECTED broadcast for type 0 [100 CELLULAR] isDefaultNetwork=true
11-20 12:34:26.953 D/AutofillManagerService( 1194): onBackKeyPressed()
11-20 12:34:28.020 I/chatty  ( 1194): uid=1000(system) android.ui identical 2 lines
11-20 12:34:29.621 D/AutofillManagerService( 1194): onBackKeyPressed()
11-20 12:34:29.870 D/commandrouter( 1117): rtc_sync (1, rtc:sync): <ServiceRequest> FORWARDED (remote -> local) service client ID = 0, token ID = 40245
11-20 12:34:29.871 D/commandrouter( 1117): SocServiceHandle::onServiceMessage, SoC Service = rtc_sync, appType = 1, type = SVC_RESP, clientId = 0, token = 40245, payloadLen = 8, result = 0, payload.size() = 8
11-20 12:34:30.618 D/AutofillManagerService( 1194): onBackKeyPressed()
11-20 12:34:31.494 E/TaskPersister( 1194): File error accessing recents directory (directory doesn't exist?).
11-20 12:34:31.628 D/AutofillManagerService( 1194): onBackKeyPressed()
11-20 12:34:32.625 I/chatty  ( 1194): uid=1000(system) android.ui identical 1 line
11-20 12:34:33.620 D/AutofillManagerService( 1194): onBackKeyPressed()
11-20 12:34:34.147 W/ActivityManager( 1194): Invalid packageName: com.facebook.wearable.system.settings/com.facebook.wearable.system.settings.SettingsActivity
11-20 12:34:34.270 I/ActivityTaskManager( 1194): START u0 {flg=0x10000000 cmp=com.facebook.wearable.system.settings/.SettingsActivity} from uid 0
11-20 12:34:34.287 I/ActivityTaskManager( 1194): The Process com.facebook.wearable.system.settings Already Exists in BG. So sending its PID: 26117
11-20 12:34:34.288 W/ActivityTaskManager( 1194): Tried to set launchTime (0) < mLastActivityLaunchTime (74800546)
11-20 12:34:38.391 E/TaskPersister( 1194): File error accessing recents directory (directory doesn't exist?).
11-20 12:34:39.869 D/commandrouter( 1117): rtc_sync (1, rtc:sync): <ServiceRequest> FORWARDED (remote -> local) service client ID = 0, token ID = 40246
11-20 12:34:39.869 D/commandrouter( 1117): SocServiceHandle::onServiceMessage, SoC Service = rtc_sync, appType = 1, type = SVC_RESP, clientId = 0, token = 40246, payloadLen = 8, result = 0, payload.size() = 8
11-20 12:34:40.494 W/ContextImpl( 1194): Calling a method in the system process without a qualified user: android.app.ContextImpl.sendBroadcastMultiplePermissions:1143 android.content.Context.sendBroadcastWithMultiplePermissions:2150 com.android.server.display.WifiDisplayAdapter.handleSendStatusChangeBroadcast:440 com.android.server.display.WifiDisplayAdapter.access$1700:63 com.android.server.display.WifiDisplayAdapter$WifiDisplayHandler.handleMessage:675 
11-20 12:34:41.511 W/ContextImpl( 1194): Calling a method in the system process without a qualified user: android.app.ContextImpl.sendBroadcastMultiplePermissions:1143 android.content.Context.sendBroadcastWithMultiplePermissions:2150 com.android.server.wifi.p2p.WifiP2pServiceImpl$P2pStateMachine.sendBroadcastMultiplePermissions:3209 com.android.server.wifi.p2p.WifiP2pServiceImpl$P2pStateMachine.sendP2pConnectionChangedBroadcast:3236 com.android.server.wifi.p2p.WifiP2pServiceImpl$P2pStateMachine.access$5100:768 
11-20 12:34:41.512 W/BroadcastQueue( 1194): Permission Denial: receiving Intent { act=android.net.wifi.p2p.CONNECTION_STATE_CHANGE flg=0x24000010 (has extras) } to ProcessRecord{ba73 1900:.qtidataservices/u0a89} (pid=1900, uid=10089) requires android.permission.ACCESS_FINE_LOCATION due to sender android (uid 1000)
11-20 12:34:41.519 W/ContextImpl( 1194): Calling a method in the system process without a qualified user: android.app.ContextImpl.sendBroadcastMultiplePermissions:1143 android.content.Context.sendBroadcastWithMultiplePermissions:2150 com.android.server.wifi.p2p.WifiP2pServiceImpl$P2pStateMachine.sendBroadcastMultiplePermissions:3209 com.android.server.wifi.p2p.WifiP2pServiceImpl$P2pStateMachine.sendThisDeviceChangedBroadcast:3218 com.android.server.wifi.p2p.WifiP2pServiceImpl$P2pStateMachine.updateThisDevice:3962 
11-20 12:34:41.652 W/wificond(  906): Scan is not started. Ignore abort request
11-20 12:34:42.024 D/ConnectivityService( 1194): registerNetworkAgent NetworkAgentInfo{ ni{[type: WIFI[], state: UNKNOWN/IDLE, reason: (unspecified), extra: , failover: false, available: true, roaming: false]}  network{170}  nethandle{733550137357}  lp{{InterfaceName: wlan0 LinkAddresses: [ ] DnsAddresses: [ ] Domains: null MTU: 0 Routes: [ ]}}  nc{[ Transports: WIFI Capabilities: NOT_METERED&INTERNET&NOT_RESTRICTED&TRUSTED&NOT_VPN&NOT_ROAMING&FOREGROUND&NOT_CONGESTED&NOT_SUSPENDED LinkUpBandwidth>=72000Kbps LinkDnBandwidth>=72000Kbps OwnerUid: 1000 SSID: "MTBF_Lab" RequestorUid: -1 RequestorPackageName: null]}  Score{20}  everValidated{false}  lastValidated{false}  created{false} lingering{false} explicitlySelected{false} acceptUnvalidated{false} everCaptivePortalDetected{false} lastCaptivePortalDetected{false} partialConnectivity{false} acceptPartialConnectivity{false} clat{mBaseIface: null, mIface: null, mState: IDLE} }
11-20 12:34:42.078 D/ConnectivityService( 1194): [170 WIFI] EVENT_NETWORK_INFO_CHANGED, going from UNKNOWN to UNKNOWN
11-20 12:34:42.227 D/ConnectivityService( 1194): NetReassign [no changes]
11-20 12:34:42.271 I/Nat464Xlat( 1194): Android Xlat is disabled
11-20 12:34:42.272 I/Nat464Xlat( 1194): Android Xlat is disabled
11-20 12:34:42.387 E/ConnectivityService( 1194): Exception in networkAddRouteParcel for non-gateway: android.os.ServiceSpecificException: Machine is not on the network (code 64)
11-20 12:34:42.389 E/ConnectivityService( 1194): Exception in networkAddRouteParcel for gateway: android.os.ServiceSpecificException: Machine is not on the network (code 64)
11-20 12:34:42.389 I/Nat464Xlat( 1194): Android Xlat is disabled
11-20 12:34:42.389 I/Nat464Xlat( 1194): Android Xlat is disabled
11-20 12:34:42.529 D/ConnectivityService( 1194): Setting DNS servers for network 170 to [/192.168.1.1]
11-20 12:34:42.541 I/Nat464Xlat( 1194): Android Xlat is disabled
11-20 12:34:42.541 I/Nat464Xlat( 1194): Android Xlat is disabled
11-20 12:34:42.605 D/ConnectivityService( 1194): [170 WIFI] EVENT_NETWORK_INFO_CHANGED, going from UNKNOWN to CONNECTED
11-20 12:34:42.612 D/DnsManager( 1194): sendDnsConfigurationForNetwork(170, [192.168.1.1], [], 1800, 25, 8, 64, 0, 0, , [])
11-20 12:34:42.617 W/DnsManager( 1194): updatePrivateDns(170, PrivateDnsConfig{true:/[]})
11-20 12:34:42.619 D/ConnectivityService( 1194): Setting DNS servers for network 170 to [/192.168.1.1]
11-20 12:34:42.619 D/DnsManager( 1194): sendDnsConfigurationForNetwork(170, [192.168.1.1], [], 1800, 25, 8, 64, 0, 0, , [192.168.1.1])
11-20 12:34:42.621 D/ConnectivityService( 1194): Adding iface wlan0 to network 170
11-20 12:34:42.635 D/ConnectivityService( 1194): Setting DNS servers for network 170 to [/192.168.1.1]
11-20 12:34:42.635 D/DnsManager( 1194): sendDnsConfigurationForNetwork(170, [192.168.1.1], [], 1800, 25, 8, 64, 0, 0, , [192.168.1.1])
11-20 12:34:42.637 I/Nat464Xlat( 1194): Android Xlat is disabled
11-20 12:34:42.637 I/Nat464Xlat( 1194): Android Xlat is disabled
11-20 12:34:42.720 D/ConnectivityService( 1194): NetReassign [no changes]
11-20 12:34:42.738 D/commandrouter( 1117): SocServiceHandle::onServiceMessage, SoC Service = mcu_healthcheck_1118, appType = 1, type = SVC_REQ, clientId = 0, token = 2492, payloadLen = 12, result = 0, payload.size() = 12
11-20 12:34:42.744 D/commandrouter( 1117): mcu_healthcheck_1118 (1, merlot:mcu_health:control): <ServiceResponse> FORWARDED (remote -> local) CR token ID = 2492, service client ID = 40, token ID = 44715, result = 0
11-20 12:34:42.745 D/mculinkhealth( 1118): isMcuReachable 1 (7 ms)
11-20 12:34:42.975 D/ConnectivityService( 1194): [170 WIFI] validation passed
11-20 12:34:42.978 D/ConnectivityService( 1194): NetReassign [8 : 100 → 170, 20 : 100 → 170, 46 : 100 → 170, 45 : 100 → 170, 1299 : 100 → 170, 12 : 100 → 170, 22 : 100 → 170, 16 : 100 → 170, 14 : 100 → 170, 50 : 100 → 170, 18 : 100 → 170, 1222 : 100 → 170, 11 : 100 → 170, 1 : 100 → 170, 17 : 100 → 170]
11-20 12:34:42.985 E/NetlinkEvent(  459): NetlinkEvent::FindParam(): Parameter 'INTERFACE' not found
11-20 12:34:42.985 E/NetlinkEvent(  459): NetlinkEvent::FindParam(): Parameter 'STATE' not found
11-20 12:34:42.985 E/NetlinkEvent(  459): NetlinkEvent::FindParam(): Parameter 'TIME_NS' not found
11-20 12:34:42.985 E/NetlinkEvent(  459): NetlinkEvent::FindParam(): Parameter 'UID' not found
11-20 12:34:42.999 D/ConnectivityService( 1194): Switching to new default network: NetworkAgentInfo{ ni{[type: WIFI[], state: CONNECTED/CONNECTED, reason: (unspecified), extra: , failover: false, available: true, roaming: false]}  network{170}  nethandle{733550137357}  lp{{InterfaceName: wlan0 LinkAddresses: [ 192.168.1.39/24 ] DnsAddresses: [ /192.168.1.1 ] Domains: null MTU: 0 ServerAddress: /192.168.1.1 TcpBufferSizes: 524288,1048576,2097152,262144,524288,1048576 Routes: [ fe80::/64 -> :: wlan0 mtu 0,192.168.1.0/24 -> 0.0.0.0 wlan0 mtu 0,0.0.0.0/0 -> 192.168.1.1 wlan0 mtu 0 ]}}  nc{[ Transports: WIFI Capabilities: NOT_METERED&INTERNET&NOT_RESTRICTED&TRUSTED&NOT_VPN&VALIDATED&NOT_ROAMING&FOREGROUND&NOT_CONGESTED&NOT_SUSPENDED LinkUpBandwidth>=67000Kbps LinkDnBandwidth>=67000Kbps SignalStrength: -37 OwnerUid: 1000 SSID: "MTBF_Lab" RequestorUid: -1 RequestorPackageName: null]}  Score{60}  everValidated{true}  lastValidated{true}  created{true} lingering{false} explicitlySelected{false} acceptUnvalidated{false} everCaptivePortalDetected{false} lastCaptivePortalDetected{false} partialConnectivity{false} acceptPartialConnectivity{false} clat{mBaseIface: null, mIface: null, mState: IDLE} }
11-20 12:34:43.112 D/ConnectivityService( 1194): Lingering [100 CELLULAR] for 30000ms
11-20 12:34:43.118 D/ConnectivityService( 1194): Sending DISCONNECTED broadcast for type 0 [100 CELLULAR] isDefaultNetwork=true
11-20 12:34:43.121 D/ConnectivityService( 1194): Sending CONNECTED broadcast for type 1 [170 WIFI] isDefaultNetwork=true
11-20 12:34:43.149 D/ConnectivityService( 1194): Setting DNS servers for network 170 to [/192.168.1.1]
11-20 12:34:43.150 D/DnsManager( 1194): sendDnsConfigurationForNetwork(170, [192.168.1.1], [], 1800, 25, 8, 64, 0, 0, , [192.168.1.1])
11-20 12:34:43.261 I/Nat464Xlat( 1194): Android Xlat is disabled
11-20 12:34:43.261 I/Nat464Xlat( 1194): Android Xlat is disabled
11-20 12:34:49.871 D/commandrouter( 1117): rtc_sync (1, rtc:sync): <ServiceRequest> FORWARDED (remote -> local) service client ID = 0, token ID = 40247
11-20 12:34:49.872 D/commandrouter( 1117): SocServiceHandle::onServiceMessage, SoC Service = rtc_sync, appType = 1, type = SVC_RESP, clientId = 0, token = 40247, payloadLen = 8, result = 0, payload.size() = 8
11-20 12:34:59.866 D/commandrouter( 1117): rtc_sync (1, rtc:sync): <ServiceRequest> FORWARDED (remote -> local) service client ID = 0, token ID = 40248
11-20 12:34:59.867 D/commandrouter( 1117): SocServiceHandle::onServiceMessage, SoC Service = rtc_sync, appType = 1, type = SVC_RESP, clientId = 0, token = 40248, payloadLen = 8, result = 0, payload.size() = 8
11-20 12:35:01.743 D/AutofillManagerService( 1194): onBackKeyPressed()
--------- beginning of main
11-20 12:35:03.257 D/CompatibilityInfo( 1194): mCompatibilityFlags - 4
11-20 12:35:03.257 D/CompatibilityInfo( 1194): applicationDensity - 320
11-20 12:35:03.257 D/CompatibilityInfo( 1194): applicationScale - 1.0
11-20 12:35:03.446 E/ANDR-PERF-OPTSHANDLER(  557): perf_lock_rel: failed for /sys/class/kgsl/kgsl-3d0/min_pwrlevel as previous value is not stored
11-20 12:35:03.448 E/ANDR-PERF-RESOURCEQS(  557): Failed to reset optimization [3, 0]
11-20 12:35:04.122 W/HWComposer(  577): Ignoring duplicate VSYNC event from HWC for display 0 (t=74850385567071)
11-20 12:35:04.622 D/LauncherActivity( 4420): onKeyUp() called with keycode:4, event: KeyEvent { action=ACTION_UP, keyCode=KEYCODE_BACK, scanCode=0, metaState=0, flags=0x200, repeatCount=0, eventTime=74850865, downTime=74850865, deviceId=-1, source=0x101, displayId=-1 }
11-20 12:35:04.710 W/System  ( 2665): ClassLoader referenced unknown path: /system/framework/tcmclient.jar
11-20 12:35:02.804 I/chatty  ( 1194): uid=1000(system) android.ui identical 2 lines
11-20 12:35:04.621 D/AutofillManagerService( 1194): onBackKeyPressed()
11-20 12:35:05.191 W/ActivityManager( 1194): Invalid packageName: com.facebook.wearable.system.settings/com.facebook.wearable.system.settings.SettingsActivity
11-20 12:35:05.303 I/ActivityTaskManager( 1194): START u0 {flg=0x10000000 cmp=com.facebook.wearable.system.settings/.SettingsActivity} from uid 0
11-20 12:35:05.315 D/CompatibilityInfo( 1194): mCompatibilityFlags - 4
11-20 12:35:05.315 D/CompatibilityInfo( 1194): applicationDensity - 320
11-20 12:35:05.315 D/CompatibilityInfo( 1194): applicationScale - 1.0
11-20 12:35:05.316 D/ActivityTrigger( 1194): ActivityTrigger activityPauseTrigger 
11-20 12:35:05.320 I/ActivityTaskManager( 1194): The Process com.facebook.wearable.system.settings Already Exists in BG. So sending its PID: 26117
11-20 12:35:05.321 W/ActivityTaskManager( 1194): Tried to set launchTime (0) < mLastActivityLaunchTime (74820552)
11-20 12:35:05.322 D/CompatibilityInfo( 1194): mCompatibilityFlags - 4
11-20 12:35:05.322 D/CompatibilityInfo( 1194): applicationDensity - 320
11-20 12:35:05.322 D/CompatibilityInfo( 1194): applicationScale - 1.0
11-20 12:35:05.330 I/cmd     (29474): oneway function results will be dropped but finished with status OK and parcel size 4
11-20 12:35:05.365 D/LauncherActivity( 4420): onPause
11-20 12:35:05.404 D/CompatibilityInfo( 1194): mCompatibilityFlags - 4
11-20 12:35:05.404 D/CompatibilityInfo( 1194): applicationDensity - 320
11-20 12:35:05.404 D/CompatibilityInfo( 1194): applicationScale - 1.0
11-20 12:35:05.422 D/FacebookProvider(25411): Starting SSO Network Fetch for 263529928325379
11-20 12:35:05.422 I/AccountsContentProvider(25411): No Primary Account. Accounts Error [content://com.facebook.wearable.system.accounts.AccountsContentProvider/facebook/263529928325379]
11-20 12:35:05.423 E/DatabaseUtils(25411): Writing exception to parcel
11-20 12:35:05.423 E/DatabaseUtils(25411): java.lang.IllegalStateException: No Primary Account
11-20 12:35:05.423 E/DatabaseUtils(25411): 	at com.facebook.secure.content.AbstractContentProvider.doQuery(:284)
11-20 12:35:05.423 E/DatabaseUtils(25411): 	at com.facebook.secure.content.AbstractContentProvider.query(:8)
11-20 12:35:05.423 E/DatabaseUtils(25411): 	at android.content.ContentProvider.query(ContentProvider.java:1474)
11-20 12:35:05.423 E/DatabaseUtils(25411): 	at android.content.ContentProvider$Transport.query(ContentProvider.java:278)
11-20 12:35:05.423 E/DatabaseUtils(25411): 	at android.content.ContentProviderNative.onTransact(ContentProviderNative.java:106)
11-20 12:35:05.423 E/DatabaseUtils(25411): 	at android.os.Binder.execTransactInternal(Binder.java:1154)
11-20 12:35:05.423 E/DatabaseUtils(25411): 	at android.os.Binder.execTransact(Binder.java:1123)
11-20 12:35:05.425 E/AccountsViewModel(26117): AccountsViewModel.flow failed: No Primary Account
11-20 12:35:05.425 E/AccountsViewModel(26117): java.lang.IllegalStateException: No Primary Account
11-20 12:35:05.425 E/AccountsViewModel(26117): 	at android.os.Parcel.createExceptionOrNull(Parcel.java:2381)
11-20 12:35:05.425 E/AccountsViewModel(26117): 	at android.os.Parcel.createException(Parcel.java:2357)
11-20 12:35:05.425 E/AccountsViewModel(26117): 	at android.os.Parcel.readException(Parcel.java:2340)
11-20 12:35:05.425 E/AccountsViewModel(26117): 	at android.database.DatabaseUtils.readExceptionFromParcel(DatabaseUtils.java:190)
11-20 12:35:05.425 E/AccountsViewModel(26117): 	at android.database.DatabaseUtils.readExceptionFromParcel(DatabaseUtils.java:142)
11-20 12:35:05.425 E/AccountsViewModel(26117): 	at android.content.ContentProviderProxy.query(ContentProviderNative.java:472)
11-20 12:35:05.425 E/AccountsViewModel(26117): 	at android.content.ContentResolver.query(ContentResolver.java:1185)
11-20 12:35:05.425 E/AccountsViewModel(26117): 	at android.content.ContentResolver.query(ContentResolver.java:1116)
11-20 12:35:05.425 E/AccountsViewModel(26117): 	at com.facebook.wearable.common.accounts.contract.WearableAccountsContractRequest.query(:51)
11-20 12:35:05.425 E/AccountsViewModel(26117): 	at kotlin.coroutines.jvm.internal.BaseContinuationImpl.invokeSuspend(:95489)
11-20 12:35:05.425 E/AccountsViewModel(26117): 	at com.facebook.wearable.common.accounts.WearableAccountsKt$fb$1.invoke(:9)
11-20 12:35:05.425 E/AccountsViewModel(26117): 	at com.facebook.wearable.common.coroutines.lazy.LazyAsync.get(:101)
11-20 12:35:05.425 E/AccountsViewModel(26117): 	at kotlin.coroutines.jvm.internal.BaseContinuationImpl.invokeSuspend(:96596)
11-20 12:35:05.425 E/AccountsViewModel(26117): 	at com.facebook.wearable.system.settings.accounts.AccountsViewModel$wearableAccountFlow$1.invoke(:11)
11-20 12:35:05.425 E/AccountsViewModel(26117): 	at kotlinx.coroutines.flow.AbstractFlow.collect$rvp0$0(:72)
11-20 12:35:05.425 E/AccountsViewModel(26117): 	at kotlin.coroutines.jvm.internal.BaseContinuationImpl.invokeSuspend(:95417)
11-20 12:35:05.425 E/AccountsViewModel(26117): 	at kotlinx.coroutines.flow.FlowKt__ShareKt$launchSharing$1$2.invoke(Unknown Source:10)
11-20 12:35:05.425 E/AccountsViewModel(26117): 	at kotlin.coroutines.jvm.internal.BaseContinuationImpl.invokeSuspend(:96715)
11-20 12:35:05.425 E/AccountsViewModel(26117): 	at kotlinx.coroutines.flow.FlowKt__MergeKt$mapLatest$1.invoke(Unknown Source:15)
11-20 12:35:05.425 E/AccountsViewModel(26117): 	at kotlin.coroutines.jvm.internal.BaseContinuationImpl.invokeSuspend(:96820)
11-20 12:35:05.425 E/AccountsViewModel(26117): 	at kotlinx.coroutines.flow.internal.ChannelFlowTransformLatest$flowCollect$3$1$2.invoke(Unknown Source:10)
11-20 12:35:05.425 E/AccountsViewModel(26117): 	at kotlinx.coroutines.CoroutineStart.invoke(:32)
11-20 12:35:05.425 E/AccountsViewModel(26117): 	at kotlinx.coroutines.BuildersKt__Builders_commonKt.launch(:15)
11-20 12:35:05.425 E/AccountsViewModel(26117): 	at kotlinx.coroutines.flow.internal.ChannelFlowTransformLatest$flowCollect$3$invokeSuspend$$inlined$collect$1.emit(:56)
11-20 12:35:05.425 E/AccountsViewModel(26117): 	at kotlinx.coroutines.flow.DistinctFlowImpl$collect$$inlined$collect$1.emit(:74)
11-20 12:35:05.425 E/AccountsViewModel(26117): 	at kotlinx.coroutines.flow.FlowKt__LimitKt$dropWhile$lambda-4$$inlined$collect$1.emit(:114)
11-20 12:35:05.425 E/AccountsViewModel(26117): 	at kotlinx.coroutines.flow.FlowKt__ChannelsKt.emitAllImpl$FlowKt__ChannelsKt(:123)
11-20 12:35:05.425 E/AccountsViewModel(26117): 	at kotlin.coroutines.jvm.internal.BaseContinuationImpl.invokeSuspend(:96917)
11-20 12:35:05.425 E/AccountsViewModel(26117): 	at kotlin.coroutines.jvm.internal.BaseContinuationImpl.resumeWith(:5)
11-20 12:35:05.425 E/AccountsViewModel(26117): 	at kotlinx.coroutines.DispatchedTask.run(:131)
11-20 12:35:05.425 E/AccountsViewModel(26117): 	at java.util.concurrent.Executors$RunnableAdapter.call(Executors.java:462)
11-20 12:35:05.425 E/AccountsViewModel(26117): 	at java.util.concurrent.FutureTask.run(FutureTask.java:266)
11-20 12:35:05.425 E/AccountsViewModel(26117): 	at com.facebook.wearable.common.executors.DelayedFutureTask.run(:22)
11-20 12:35:05.425 E/AccountsViewModel(26117): 	at java.util.concurrent.ThreadPoolExecutor.runWorker(ThreadPoolExecutor.java:1167)
11-20 12:35:05.425 E/AccountsViewModel(26117): 	at java.util.concurrent.ThreadPoolExecutor$Worker.run(ThreadPoolExecutor.java:641)
11-20 12:35:05.425 E/AccountsViewModel(26117): 	at com.facebook.wearable.common.executors.NamedThreadFactory$1.run(:7)
11-20 12:35:05.467 E/StatusBarClientConnection(26117): Service connected
11-20 12:35:05.509 W/View    (26117): requestLayout() improperly called by android.view.View{c82d196 V.ED..... ......I. 0,368-474,474} during layout: running second layout pass
11-20 12:35:05.526 W/View    (26117): requestLayout() improperly called by com.facebook.wearable.common.wds.listview.WdsListView{4419ea5 V.E..V... ........ 0,0-474,474} during second layout pass: posting in next frame
11-20 12:35:05.826 D/CompatibilityInfo( 1194): mCompatibilityFlags - 4
11-20 12:35:05.826 D/CompatibilityInfo( 1194): applicationDensity - 320
11-20 12:35:05.826 D/CompatibilityInfo( 1194): applicationScale - 1.0
11-20 12:35:05.843 D/ComplicationController( 4420): Stopping complication controller.
11-20 12:35:05.860 D/ComplicationDataManagerImpl( 4420): Fetching complication data for package: com.facebook.wearable.apps.calendar, com.facebook.wearable.apps.calendar.DAY_DATE_COMPLICATION.
11-20 12:35:05.860 D/ComplicationDataManagerImpl( 4420): Fetching complication data for package: com.facebook.wearable.apps.player, com.facebook.wearable.apps.player.SHORTCUT_COMPLICATION.
11-20 12:35:05.860 D/ComplicationDataManagerImpl( 4420): Fetching complication data for package: com.facebook.wearable.apps.gallery, com.facebook.wearable.apps.gallery.SHORTCUT_COMPLICATION.
11-20 12:35:05.860 D/ComplicationDataManagerImpl( 4420): Fetching complication data for package: com.facebook.wearable.apps.heart, com.facebook.wearable.apps.heart.HEART_RATE.
11-20 12:35:05.863 D/CompatibilityInfo( 1194): mCompatibilityFlags - 4
11-20 12:35:05.863 D/CompatibilityInfo( 1194): applicationDensity - 320
11-20 12:35:05.863 D/CompatibilityInfo( 1194): applicationScale - 1.0
11-20 12:35:06.352 D/UIAutomatorStub(26556): URI: /jsonrpc/0, Method: POST, Header: {content-length=192, remote-addr=127.0.0.1, http-client-ip=127.0.0.1, host=localhost:9010, content-type=application/json, accept-encoding=identity}, params, {NanoHttpd.QUERY_STRING=null}, files: {postData={"jsonrpc": "2.0", "method": "waitForExists", "id": "4b00ed2b01a0092baea4c157e9589e52", "params": [{"mask": 1, "childOrSibling": [], "childOrSiblingSelector": [], "text": "Notifications"}, 5]}}
11-20 12:35:06.388 D/UIAutomatorStub(26556): URI: /jsonrpc/0, Method: POST, Header: {content-length=191, remote-addr=127.0.0.1, http-client-ip=127.0.0.1, host=localhost:9010, content-type=application/json, accept-encoding=identity}, params, {NanoHttpd.QUERY_STRING=null}, files: {postData={"jsonrpc": "2.0", "method": "waitForExists", "id": "cc2ce77f10152de41cb43d2503ce5613", "params": [{"mask": 1, "childOrSibling": [], "childOrSiblingSelector": [], "text": "Connectivity"}, 5]}}
11-20 12:35:06.455 D/UIAutomatorStub(26556): URI: /jsonrpc/0, Method: POST, Header: {content-length=180, remote-addr=127.0.0.1, http-client-ip=127.0.0.1, host=localhost:9010, content-type=application/json, accept-encoding=identity}, params, {NanoHttpd.QUERY_STRING=null}, files: {postData={"jsonrpc": "2.0", "method": "click", "id": "5d51f744920d24dfc6497b9fcf346b89", "params": [{"mask": 1, "childOrSibling": [], "childOrSiblingSelector": [], "text": "Connectivity"}]}}
11-20 12:35:06.494 E/ANDR-PERF-OPTSHANDLER(  557): Unable to find the correct node storage pointers for                   resource index=16, node path=/proc/sys/kernel/sched_upmigrate
11-20 12:35:06.494 E/ANDR-PERF-RESOURCEQS(  557): Failed to reset optimization [3, 7]
11-20 12:35:06.494 E/ANDR-PERF-OPTSHANDLER(  557): Unable to find the correct node storage pointers for                   resource index=17, node path=/proc/sys/kernel/sched_downmigrate
11-20 12:35:06.494 E/ANDR-PERF-RESOURCEQS(  557): Failed to reset optimization [3, 8]
11-20 12:35:06.494 E/ANDR-PERF-OPTSHANDLER(  557): Perflock resource /sys/module/lpm_levels/parameters/bias_hyst not supported
11-20 12:35:06.494 E/ANDR-PERF-RESOURCEQS(  557): Failed to reset optimization [1, 2]
11-20 12:35:06.494 E/ANDR-PERF-OPTSHANDLER(  557): Perflock resource /proc/sys/kernel/sched_group_upmigrate not supported
11-20 12:35:06.494 E/ANDR-PERF-RESOURCEQS(  557): Failed to reset optimization [3, 21]
11-20 12:35:06.495 E/ANDR-PERF-OPTSHANDLER(  557): Perflock resource /proc/sys/kernel/sched_group_downmigrate not supported
11-20 12:35:06.495 E/ANDR-PERF-RESOURCEQS(  557): Failed to reset optimization [3, 22]
11-20 12:35:06.548 W/StatusBarClientConnection(26117): Messenger is null, ignoring message: { when=-20h47m32s811ms barrier=1 }
11-20 12:35:06.575 E/StatusBarClientConnection(26117): Service connected
11-20 12:35:06.600 I/hub.uiautomato(26556): Background concurrent copying GC freed 197235(11MB) AllocSpace objects, 333(6660KB) LOS objects, 85% free, 3111KB/21MB, paused 135us total 121.661ms
11-20 12:35:06.605 W/View    (26117): requestLayout() improperly called by android.view.View{e835d5c V.ED..... ......I. 0,368-474,474} during layout: running second layout pass
11-20 12:35:06.623 W/View    (26117): requestLayout() improperly called by com.facebook.wearable.common.wds.listview.WdsListView{5c0b632 V.E..V... ........ 0,0-474,474} during second layout pass: posting in next frame
11-20 12:35:07.311 E/ANDR-PERF-OPTSHANDLER(  557): perf_lock_rel: failed for /proc/sys/vm/swap_ratio as previous value is not stored
11-20 12:35:07.311 E/ANDR-PERF-OPTSHANDLER(  557): perf_lock_rel: failed for /sys/class/kgsl/kgsl-3d0/min_pwrlevel as previous value is not stored
11-20 12:35:07.314 E/ANDR-PERF-RESOURCEQS(  557): Failed to reset optimization [3, 0]
11-20 12:35:07.408 E/TaskPersister( 1194): File error accessing recents directory (directory doesn't exist?).
11-20 12:35:09.528 I/chatty  ( 2351): uid=10060(com.facebook.wearable.system.selfcare) pool-3-thread-1 expire 1 line
11-20 12:35:09.611 D/UIAutomatorStub(26556): URI: /jsonrpc/0, Method: POST, Header: {content-length=183, remote-addr=127.0.0.1, http-client-ip=127.0.0.1, host=localhost:9010, content-type=application/json, accept-encoding=identity}, params, {NanoHttpd.QUERY_STRING=null}, files: {postData={"jsonrpc": "2.0", "method": "waitForExists", "id": "9381bdb1055530e465af00648a6423b3", "params": [{"mask": 1, "childOrSibling": [], "childOrSiblingSelector": [], "text": "WiFi"}, 5]}}
11-20 12:35:09.650 D/UIAutomatorStub(26556): URI: /jsonrpc/0, Method: POST, Header: {content-length=172, remote-addr=127.0.0.1, http-client-ip=127.0.0.1, host=localhost:9010, content-type=application/json, accept-encoding=identity}, params, {NanoHttpd.QUERY_STRING=null}, files: {postData={"jsonrpc": "2.0", "method": "click", "id": "6f1b08ad85fcf45fa8074e624a3f05dc", "params": [{"mask": 1, "childOrSibling": [], "childOrSiblingSelector": [], "text": "WiFi"}]}}
11-20 12:35:09.698 I/chatty  ( 2351): uid=10060(com.facebook.wearable.system.selfcare) MainTP_656 expire 2 lines
11-20 12:35:09.698 I/chatty  ( 2351): uid=10060(com.facebook.wearable.system.selfcare) pool-3-thread-1 expire 1 line
11-20 12:35:09.759 W/StatusBarClientConnection(26117): Messenger is null, ignoring message: { when=-20h47m36s23ms barrier=1 }
11-20 12:35:09.789 D/CompatibilityInfo( 1194): mCompatibilityFlags - 4
11-20 12:35:09.789 D/CompatibilityInfo( 1194): applicationDensity - 320
11-20 12:35:09.789 D/CompatibilityInfo( 1194): applicationScale - 1.0
11-20 12:35:09.802 D/WifiConnector( 2841): Network State Changed
11-20 12:35:09.805 E/StatusBarClientConnection(26117): Service connected
11-20 12:35:09.821 W/View    (26117): requestLayout() improperly called by android.view.View{afebae4 V.ED..... ......I. 0,368-474,474} during layout: running second layout pass
11-20 12:35:09.838 W/View    (26117): requestLayout() improperly called by com.facebook.wearable.common.wds.listview.WdsListView{9147bbb V.E..V... ........ 0,0-474,474} during second layout pass: posting in next frame
11-20 12:35:09.840 D/WifiSharingService( 2841): Starting Wi-Fi scan
11-20 12:35:09.840 I/WifiService( 1194): startScan uid=1000
11-20 12:35:09.872 D/WifiNative( 1194): Scan trigered from WifiNative
11-20 12:35:09.874 V/WifiHAL (  539): event received NL80211_CMD_TRIGGER_SCAN
11-20 12:35:09.879 D/commandrouter( 1117): rtc_sync (1, rtc:sync): <ServiceRequest> FORWARDED (remote -> local) service client ID = 0, token ID = 40249
11-20 12:35:09.879 D/vendor.facebook.rtc_sync@1.0-service( 1129): Request req_ts=1637411709873191666 resp_ts=1637411709879557287
11-20 12:35:09.879 D/commandrouter( 1117): SocServiceHandle::onServiceMessage, SoC Service = rtc_sync, appType = 1, type = SVC_RESP, clientId = 0, token = 40249, payloadLen = 8, result = 0, payload.size() = 8
11-20 12:35:09.883 W/bluelink( 1117): [Device] updateSmoothedTime: too early or too late; st=74817.658, rt=74822.678
11-20 12:35:09.891 I/chatty  ( 2351): uid=10060(com.facebook.wearable.system.selfcare) pool-3-thread-3 expire 1 line
11-20 12:35:10.049 I/chatty  ( 2351): uid=10060(com.facebook.wearable.system.selfcare) MainTP_656 expire 1 line
11-20 12:35:10.049 I/chatty  ( 2351): uid=10060(com.facebook.wearable.system.selfcare) pool-3-thread-1 expire 1 line
11-20 12:35:10.212 I/chatty  ( 2351): uid=10060(com.facebook.wearable.system.selfcare) MainTP_656 expire 3 lines
11-20 12:35:10.212 I/chatty  ( 2351): uid=10060(com.facebook.wearable.system.selfcare) pool-3-thread-3 expire 2 lines
11-20 12:35:10.387 I/chatty  ( 1024): uid=1021(gps) lowi-server expire 86 lines
11-20 12:35:10.388 V/WifiHAL (  539): event received NL80211_CMD_NEW_SCAN_RESULTS
11-20 12:35:10.389 D/WifiNl80211Manager( 1194): Scan result ready event
11-20 12:35:10.389 D/WifiNative( 1194): Scan result ready event
11-20 12:35:10.395 D/LOWI-9.0.0.80( 1024): [LOWI-Scan] print_bss_handler: Report Probe TSF 74856650450 as it greater than Beacon TSF 74724990871
11-20 12:35:10.395 I/LOWI-9.0.0.80( 1024): [LOWI-Scan] RSN_IE
11-20 12:35:10.395 D/LOWI-9.0.0.80( 1024): [LOWI-Scan] decode_rsn_wpa_ie: Entered
11-20 12:35:10.395 D/LOWI-9.0.0.80( 1024): [LOWIUtils] hexDump: msg(30 14 01 00 00 0f ac 04 01 00 00 0f ac 04 01 00 00 0f ac 02 )
11-20 12:35:10.395 D/LOWI-9.0.0.80( 1024): [LOWI-Scan] decode_rsn_wpa_ie: LOWI_ENCRYPTION_TYPE_WPA_PSK
11-20 12:35:10.395 D/LOWI-9.0.0.80( 1024): [LOWI-Scan] is_qcom_ie, bss_age: 45
11-20 12:35:10.395 D/LOWI-9.0.0.80( 1024): [LOWI-Scan] BSS be:9e:0e:1c:6e:7f LOWI_PHY_MODE_11AC_VHT20_2G(11), Beacon Interval: 100, LOWI_ENCRYPTION_TYPE_WPA_PSK 11mcRanging: No, ANQP: No, LCI: No, Civic: No, capability(0x1431): ESS Privacy ShortPreamble ShortSlotTime
11-20 12:35:10.395 D/LOWI-9.0.0.80( 1024): [LOWI-Scan] BSS be:9e:0e:1c:6e:7f FREQ: 2412, cFreq1[40:80:160] = [0:0:0] cFreq2 = 0 Country Code =    
11-20 12:35:10.395 D/LOWI-9.0.0.80( 1024): [LOWI-Scan] BSS be:9e:0e:1c:6e:7f (wlan0) ASSO: NO AddInfo: 0x0, TSF 0, 20:47:36.650, RSSI: -122, CPL: 127, AGE: 0,  SSID Pixel_3541, TSFDelta: 0x0, TXRate: 0
11-20 12:35:10.395 D/LOWI-9.0.0.80( 1024): [LOWI-Scan] 
11-20 12:35:10.395 D/LOWI-9.0.0.80( 1024): [LOWI-Scan] print_bss_handler: Report Probe TSF 74856650652 as it greater than Beacon TSF 74158903406
11-20 12:35:10.395 I/LOWI-9.0.0.80( 1024): [LOWI-Scan] RSN_IE
11-20 12:35:10.395 D/LOWI-9.0.0.80( 1024): [LOWI-Scan] decode_rsn_wpa_ie: Entered
11-20 12:35:10.395 D/LOWI-9.0.0.80( 1024): [LOWIUtils] hexDump: msg(30 14 01 00 00 0f ac 04 01 00 00 0f ac 04 01 00 00 0f ac 02 )
11-20 12:35:10.395 D/LOWI-9.0.0.80( 1024): [LOWI-Scan] decode_rsn_wpa_ie: LOWI_ENCRYPTION_TYPE_WPA_PSK
11-20 12:35:10.395 D/LOWI-9.0.0.80( 1024): [LOWI-Scan] is_qcom_ie, bss_age: 45
11-20 12:35:10.396 D/LOWI-9.0.0.80( 1024): [LOWI-Scan] BSS 2c:57:41:88:72:e1 LOWI_PHY_MODE_11NG_HT20(5), Beacon Interval: 100, LOWI_ENCRYPTION_TYPE_WPA_PSK 11mcRanging: No, ANQP: No, LCI: No, Civic: No, capability(0x1411): ESS Privacy ShortSlotTime
11-20 12:35:10.396 D/LOWI-9.0.0.80( 1024): [LOWI-Scan] BSS 2c:57:41:88:72:e1 FREQ: 2412, cFreq1[40:80:160] = [0:0:0] cFreq2 = 0 Country Code = US
11-20 12:35:10.396 D/LOWI-9.0.0.80( 1024): [LOWI-Scan] BSS 2c:57:41:88:72:e1 (wlan0) ASSO: NO AddInfo: 0x0, TSF 0, 20:47:36.650, RSSI: -146, CPL: 3, AGE: 0,  SSID kittyhawk, TSFDelta: 0x0, TXRate: 0
11-20 12:35:10.396 D/LOWI-9.0.0.80( 1024): [LOWI-Scan] 
11-20 12:35:10.401 D/WificondScannerImpl( 1194): Filtering out 1 scan results.
11-20 12:35:10.396 D/LOWI-9.0.0.80( 1024): [LOWI-Scan] print_bss_handler: Report Probe TSF 74856650321 as it greater than Beacon TSF 74220005727
11-20 12:35:10.402 I/LOWI-9.0.0.80( 1024): [LOWI-Scan] RSN_IE
11-20 12:35:10.402 D/LOWI-9.0.0.80( 1024): [LOWI-Scan] decode_rsn_wpa_ie: Entered
11-20 12:35:10.402 D/LOWI-9.0.0.80( 1024): [LOWIUtils] hexDump: msg(30 14 01 00 00 0f ac 04 01 00 00 0f ac 04 01 00 00 0f ac 02 )
11-20 12:35:10.402 D/LOWI-9.0.0.80( 1024): [LOWI-Scan] decode_rsn_wpa_ie: LOWI_ENCRYPTION_TYPE_WPA_PSK
11-20 12:35:10.402 D/LOWI-9.0.0.80( 1024): [LOWI-Scan] is_qcom_ie, bss_age: 24
11-20 12:35:10.402 D/LOWI-9.0.0.80( 1024): [LOWI-Scan] BSS ce:dc:12:3b:87:fd LOWI_PHY_MODE_11AC_VHT20_2G(11), Beacon Interval: 100, LOWI_ENCRYPTION_TYPE_WPA_PSK 11mcRanging: No, ANQP: Yes, LCI: No, Civic: No, capability(0x1431): ESS Privacy ShortPreamble ShortSlotTime
11-20 12:35:10.403 D/LOWI-9.0.0.80( 1024): [LOWI-Scan] BSS ce:dc:12:3b:87:fd FREQ: 2437, cFreq1[40:80:160] = [0:0:0] cFreq2 = 0 Country Code =    
11-20 12:35:10.403 D/LOWI-9.0.0.80( 1024): [LOWI-Scan] BSS ce:dc:12:3b:87:fd (wlan0) ASSO: NO AddInfo: 0x0, TSF 0, 20:47:36.650, RSSI: -106, CPL: 127, AGE: 0,  SSID Pixel5_R1, TSFDelta: 0x0, TXRate: 0
11-20 12:35:10.403 D/LOWI-9.0.0.80( 1024): [LOWI-Scan] 
11-20 12:35:10.403 D/LOWI-9.0.0.80( 1024): [LOWI-Scan] print_bss_handler: Report Probe TSF 74856650363 as it greater than Beacon TSF 74805610894
11-20 12:35:10.403 I/LOWI-9.0.0.80( 1024): [LOWI-Scan] RSN_IE
11-20 12:35:10.403 D/LOWI-9.0.0.80( 1024): [LOWI-Scan] decode_rsn_wpa_ie: Entered
11-20 12:35:10.403 D/LOWI-9.0.0.80( 1024): [LOWIUtils] hexDump: msg(30 14 01 00 00 0f ac 04 01 00 00 0f ac 04 01 00 00 0f ac 02 )
11-20 12:35:10.404 D/LOWI-9.0.0.80( 1024): [LOWI-Scan] decode_rsn_wpa_ie: LOWI_ENCRYPTION_TYPE_WPA_PSK
11-20 12:35:10.404 D/LOWI-9.0.0.80( 1024): [LOWI-Scan] is_qcom_ie, bss_age: 12
11-20 12:35:10.404 D/LOWI-9.0.0.80( 1024): [LOWI-Scan] BSS fe:2d:5a:49:61:eb LOWI_PHY_MODE_11AC_VHT20_2G(11), Beacon Interval: 100, LOWI_ENCRYPTION_TYPE_WPA_PSK 11mcRanging: No, ANQP: Yes, LCI: No, Civic: No, capability(0x1431): ESS Privacy ShortPreamble ShortSlotTime
11-20 12:35:10.404 D/LOWI-9.0.0.80( 1024): [LOWI-Scan] BSS fe:2d:5a:49:61:eb FREQ: 2452, cFreq1[40:80:160] = [0:0:0] cFreq2 = 0 Country Code =    
11-20 12:35:10.404 D/LOWI-9.0.0.80( 1024): [LOWI-Scan] BSS fe:2d:5a:49:61:eb (wlan0) ASSO: NO AddInfo: 0x0, TSF 0, 20:47:36.650, RSSI: -110, CPL: 127, AGE: 0,  SSID Pixel_R2, TSFDelta: 0x0, TXRate: 0
11-20 12:35:10.404 D/LOWI-9.0.0.80( 1024): [LOWI-Scan] 
11-20 12:35:10.404 D/LOWI-9.0.0.80( 1024): [LOWI-Scan] print_bss_handler: Report Probe TSF 74856650386 as it greater than Beacon TSF 74600541483
11-20 12:35:10.405 I/LOWI-9.0.0.80( 1024): [LOWI-Scan] RSN_IE
11-20 12:35:10.405 D/LOWI-9.0.0.80( 1024): [LOWI-Scan] decode_rsn_wpa_ie: Entered
11-20 12:35:10.405 D/LOWI-9.0.0.80( 1024): [LOWIUtils] hexDump: msg(30 14 01 00 00 0f ac 04 01 00 00 0f ac 04 01 00 00 0f ac 02 )
11-20 12:35:10.405 D/LOWI-9.0.0.80( 1024): [LOWI-Scan] decode_rsn_wpa_ie: LOWI_ENCRYPTION_TYPE_WPA_PSK
11-20 12:35:10.405 D/LOWI-9.0.0.80( 1024): [LOWI-Scan] is_qcom_ie, bss_age: 41
11-20 12:35:10.405 D/LOWI-9.0.0.80( 1024): [LOWI-Scan] BSS 52:b8:14:37:74:3f LOWI_PHY_MODE_11AC_VHT20_2G(11), Beacon Interval: 100, LOWI_ENCRYPTION_TYPE_WPA_PSK 11mcRanging: No, ANQP: No, LCI: No, Civic: No, capability(0x1431): ESS Privacy ShortPreamble ShortSlotTime
11-20 12:35:10.405 D/LOWI-9.0.0.80( 1024): [LOWI-Scan] BSS 52:b8:14:37:74:3f FREQ: 2417, cFreq1[40:80:160] = [0:0:0] cFreq2 = 0 Country Code =    
11-20 12:35:10.405 D/LOWI-9.0.0.80( 1024): [LOWI-Scan] BSS 52:b8:14:37:74:3f (wlan0) ASSO: NO AddInfo: 0x0, TSF 0, 20:47:36.650, RSSI: -104, CPL: 127, AGE: 0,  SSID Pixel_8668, TSFDelta: 0x0, TXRate: 0
11-20 12:35:10.406 D/LOWI-9.0.0.80( 1024): [LOWI-Scan] 
11-20 12:35:10.406 D/LOWI-9.0.0.80( 1024): [LOWI-Scan] print_bss_handler: Report Probe TSF 74856650716 as it greater than Beacon TSF 74651683909
11-20 12:35:10.406 I/LOWI-9.0.0.80( 1024): [LOWI-Scan] RSN_IE
11-20 12:35:10.406 D/LOWI-9.0.0.80( 1024): [LOWI-Scan] decode_rsn_wpa_ie: Entered
11-20 12:35:10.406 D/LOWI-9.0.0.80( 1024): [LOWIUtils] hexDump: msg(30 14 01 00 00 0f ac 04 01 00 00 0f ac 04 01 00 00 0f ac 02 )
11-20 12:35:10.406 D/LOWI-9.0.0.80( 1024): [LOWI-Scan] decode_rsn_wpa_ie: LOWI_ENCRYPTION_TYPE_WPA_PSK
11-20 12:35:10.406 D/LOWI-9.0.0.80( 1024): [LOWI-Scan] is_qcom_ie, bss_age: 26
11-20 12:35:10.406 D/LOWI-9.0.0.80( 1024): [LOWI-Scan] BSS 2c:57:41:89:63:c1 LOWI_PHY_MODE_11NG_HT20(5), Beacon Interval: 100, LOWI_ENCRYPTION_TYPE_WPA_PSK 11mcRanging: No, ANQP: No, LCI: No, Civic: No, capability(0x1411): ESS Privacy ShortSlotTime
11-20 12:35:10.406 D/LOWI-9.0.0.80( 1024): [LOWI-Scan] BSS 2c:57:41:89:63:c1 FREQ: 2437, cFreq1[40:80:160] = [0:0:0] cFreq2 = 0 Country Code = US
11-20 12:35:10.406 D/LOWI-9.0.0.80( 1024): [LOWI-Scan] BSS 2c:57:41:89:63:c1 (wlan0) ASSO: NO AddInfo: 0x0, TSF 0, 20:47:36.650, RSSI: -158, CPL: 2, AGE: 0,  SSID kittyhawk, TSFDelta: 0x0, TXRate: 0
11-20 12:35:10.407 D/LOWI-9.0.0.80( 1024): [LOWI-Scan] 
11-20 12:35:10.407 D/LOWI-9.0.0.80( 1024): [LOWI-Scan] print_bss_handler: Report Probe TSF 74856650757 as it greater than Beacon TSF 74503973273
