11-19 23:56:42.535 D/commandrouter( 1006): rtc_sync (1, rtc:sync): <ServiceRequest> FORWARDED (remote -> local) service client ID = 0, token ID = 35692
11-19 23:56:42.535 D/vendor.facebook.rtc_sync@1.0-service( 1145): Request req_ts=1637366202504056392 resp_ts=1637366202535643471
11-19 23:56:42.536 D/commandrouter( 1006): SocServiceHandle::onServiceMessage, SoC Service = rtc_sync, appType = 1, type = SVC_RESP, clientId = 0, token = 35692, payloadLen = 8, result = 0, payload.size() = 8
11-19 23:56:47.961 E/QMI_FW  ( 1042): qmi_cci_get_ref: ref count increased 2
11-19 23:56:47.962 E/QMI_FW  ( 1042): qmi_cci_get_ref: ref count increased 2
11-19 23:56:47.972 I/WearableConnectivityManager( 2594): LTE Signal strength is: 2
11-19 23:56:47.972 I/WearableConnectivityManager( 2594): Cellular Signal strength is: 2
11-19 23:56:47.973 D/RadioLinkQualityScoreBuilder( 1984): scoreRsrp: 3scoreRsrq: 2scoreRssnr: 4
11-19 23:56:47.973 D/WirelessInsightServiceImpl( 1984): onSignalStrengthsChanged: SignalStrength = SignalStrength:{mCdma=CellSignalStrengthCdma: cdmaDbm=2147483647 cdmaEcio=2147483647 evdoDbm=2147483647 evdoEcio=2147483647 evdoSnr=2147483647 level=0,mGsm=CellSignalStrengthGsm: rssi=2147483647 ber=2147483647 mTa=2147483647 mLevel=0,mWcdma=CellSignalStrengthWcdma: ss=2147483647 ber=2147483647 rscp=2147483647 ecno=2147483647 level=0,mTdscdma=CellSignalStrengthTdscdma: rssi=2147483647 ber=2147483647 rscp=2147483647 level=0,mLte=CellSignalStrengthLte: rssi=-77 rsrp=-111 rsrq=-15 rssnr=10 cqi=2147483647 ta=2147483647 level=2 parametersUseForLevel=0,mNr=CellSignalStrengthNr:{ csiRsrp = 2147483647 csiRsrq = 2147483647 csiSinr = 2147483647 ssRsrp = 2147483647 ssRsrq = 2147483647 ssSinr = 2147483647 level = 0 parametersUseForLevel = 0 },primary=CellSignalStrengthLte}
11-19 23:56:47.974 D/WirelessInsightServiceImpl( 1984): Score: 2
11-19 23:56:47.974 D/WirelessInsightServiceImpl( 1984): notifyListeners: listeners = 0, score = 2
11-19 23:56:49.385 I/chatty  ( 1186): uid=1000(system) WifiScanningSer expire 2 lines
11-19 23:56:49.386 I/chatty  ( 1026): uid=1021(gps) lowi-server expire 189 lines
11-19 23:56:49.388 V/WifiHAL (  544): event received NL80211_CMD_TRIGGER_SCAN
11-19 23:56:49.397 I/chatty  ( 1186): uid=1000 system_server expire 3 lines
11-19 23:56:49.534 V/WifiHAL (  544): event received NL80211_CMD_NEW_SCAN_RESULTS
11-19 23:56:49.535 I/chatty  ( 1186): uid=1000(system) Binder:1186_1C expire 2 lines
11-19 23:56:50.620 D/UIAutomatorStub(29800): URI: /jsonrpc/0, Method: POST, Header: {content-length=102, remote-addr=127.0.0.1, http-client-ip=127.0.0.1, host=localhost:9012, content-type=application/json, accept-encoding=identity}, params, {NanoHttpd.QUERY_STRING=null}, files: {postData={"jsonrpc": "2.0", "method": "pressKey", "id": "f82d0e5a5365f575a48d2f4d79522e7d", "params": ["back"]}}
11-19 23:56:50.656 D/AutofillManagerService( 1186): onBackKeyPressed()
11-19 23:56:50.692 D/UIAutomatorStub(29800): URI: /jsonrpc/0, Method: POST, Header: {content-length=102, remote-addr=127.0.0.1, http-client-ip=127.0.0.1, host=localhost:9012, content-type=application/json, accept-encoding=identity}, params, {NanoHttpd.QUERY_STRING=null}, files: {postData={"jsonrpc": "2.0", "method": "pressKey", "id": "7691de6c7ddefa495a88ed21b0bcea34", "params": ["back"]}}
11-19 23:56:50.709 W/HWComposer(  598): Ignoring duplicate VSYNC event from HWC for display 0 (t=29298434802884)
11-19 23:56:51.262 D/UIAutomatorStub(29800): URI: /jsonrpc/0, Method: POST, Header: {content-length=102, remote-addr=127.0.0.1, http-client-ip=127.0.0.1, host=localhost:9012, content-type=application/json, accept-encoding=identity}, params, {NanoHttpd.QUERY_STRING=null}, files: {postData={"jsonrpc": "2.0", "method": "pressKey", "id": "233f9f971838bf2f695bf45d4bfeec93", "params": ["back"]}}
11-19 23:56:51.751 I/chatty  ( 1186): uid=1000(system) Binder:1186_F expire 1 line
11-19 23:56:51.781 I/chatty  ( 1186): uid=1000 system_server expire 1 line
11-19 23:56:51.798 E/QMI_FW  ( 1042): qmi_cci_get_ref: ref count increased 2
11-19 23:56:51.799 E/QMI_FW  ( 1042): qmi_cci_get_ref: ref count increased 2
11-19 23:56:51.801 D/ComplicationController( 2594): Starting complication controller. Face Type: OdysseyWatchFace
11-19 23:56:51.812 E/DayDateSystemComplicationProvider( 2594): Updating Day Date System Complication
11-19 23:56:51.812 D/ComplicationDataManagerImpl( 2594): Updating complication data for package: com.facebook.wearable.apps.calendar, id: com.facebook.wearable.apps.calendar.DAY_DATE_COMPLICATION
11-19 23:56:51.812 D/ComplicationDataManagerImpl( 2594): Updating complication data for package: com.facebook.wearable.apps.workout, id: com.facebook.wearable.apps.workout.SHORTCUT_COMPLICATION
11-19 23:56:51.812 D/ComplicationDataManagerImpl( 2594): Updating complication data for package: com.facebook.wearable.apps.clock, id: com.facebook.wearable.apps.clock.SHORTCUT_COMPLICATION
11-19 23:56:51.813 D/ComplicationDataManagerImpl( 2594): Updating complication data for package: com.facebook.wearable.apps.player, id: com.facebook.wearable.apps.player.SHORTCUT_COMPLICATION
11-19 23:56:51.813 D/ComplicationDataManagerImpl( 2594): Updating complication data for package: com.facebook.wearable.apps.weather, id: com.facebook.wearable.apps.weather.SHORTCUT_COMPLICATION
11-19 23:56:51.813 D/ComplicationDataManagerImpl( 2594): Updating complication data for package: com.facebook.wearable.apps.gallery, id: com.facebook.wearable.apps.gallery.SHORTCUT_COMPLICATION
11-19 23:56:51.813 D/ComplicationDataManagerImpl( 2594): Updating complication data for package: com.facebook.wearable.apps.calendar, id: com.facebook.wearable.apps.calendar.SHORTCUT_COMPLICATION
11-19 23:56:51.813 D/ComplicationDataManagerImpl( 2594): Updating complication data for package: com.facebook.wearable.apps.heart, id: com.facebook.wearable.apps.heart.HEART_RATE
11-19 23:56:51.816 D/ComplicationDataManagerImpl( 2594): Fetching complication data for package: com.facebook.wearable.apps.calendar, com.facebook.wearable.apps.calendar.DAY_DATE_COMPLICATION.
11-19 23:56:51.817 D/ComplicationDataManagerImpl( 2594): Fetching complication data for package: com.facebook.wearable.apps.player, com.facebook.wearable.apps.player.SHORTCUT_COMPLICATION.
11-19 23:56:51.818 D/ComplicationDataManagerImpl( 2594): Fetching complication data for package: com.facebook.wearable.apps.gallery, com.facebook.wearable.apps.gallery.SHORTCUT_COMPLICATION.
11-19 23:56:51.818 D/ComplicationDataManagerImpl( 2594): Fetching complication data for package: com.facebook.wearable.apps.heart, com.facebook.wearable.apps.heart.HEART_RATE.
11-19 23:56:51.819 D/RadioLinkQualityScoreBuilder( 1984): scoreRsrp: 3scoreRsrq: 3scoreRssnr: 3
11-19 23:56:51.819 D/WirelessInsightServiceImpl( 1984): onSignalStrengthsChanged: SignalStrength = SignalStrength:{mCdma=CellSignalStrengthCdma: cdmaDbm=2147483647 cdmaEcio=2147483647 evdoDbm=2147483647 evdoEcio=2147483647 evdoSnr=2147483647 level=0,mGsm=CellSignalStrengthGsm: rssi=2147483647 ber=2147483647 mTa=2147483647 mLevel=0,mWcdma=CellSignalStrengthWcdma: ss=2147483647 ber=2147483647 rscp=2147483647 ecno=2147483647 level=0,mTdscdma=CellSignalStrengthTdscdma: rssi=2147483647 ber=2147483647 rscp=2147483647 level=0,mLte=CellSignalStrengthLte: rssi=-79 rsrp=-111 rsrq=-13 rssnr=9 cqi=2147483647 ta=2147483647 level=2 parametersUseForLevel=0,mNr=CellSignalStrengthNr:{ csiRsrp = 2147483647 csiRsrq = 2147483647 csiSinr = 2147483647 ssRsrp = 2147483647 ssRsrq = 2147483647 ssSinr = 2147483647 level = 0 parametersUseForLevel = 0 },primary=CellSignalStrengthLte}
11-19 23:56:51.819 D/WirelessInsightServiceImpl( 1984): Score: 3
11-19 23:56:51.819 D/WirelessInsightServiceImpl( 1984): notifyListeners: listeners = 0, score = 3
11-19 23:56:51.826 D/LauncherActivity( 2594): onResume: Intent { cat=[android.intent.category.DEFAULT] flg=0x10020000 cmp=com.facebook.wearable.system.launcher/.LauncherActivity }
11-19 23:56:51.827 D/LauncherIntentProcessor( 2594): processLauncherActivityIntent: Intent { cat=[android.intent.category.DEFAULT] flg=0x10020000 cmp=com.facebook.wearable.system.launcher/.LauncherActivity }
11-19 23:56:51.835 D/TetheredPhoneUtil( 2594): Retrieving the tethered phone status
11-19 23:56:51.837 D/TetheredPhoneUtil( 2594): Found tethered phone status: false
11-19 23:56:51.850 D/FacebookRepository( 2594): Reading from Store [250223709649332]
11-19 23:56:51.853 I/vendor.rmt_storage(  621): rmt_storage_connect_cb: clnt_h=0x3d conn_h=0x9ea89030
11-19 23:56:51.853 I/vendor.rmt_storage(  621): rmt_storage_rw_iovec_cb: /boot/modem_fs1: req_h=0x3d msg_id=3: R/W request received (wr_count 53)
11-19 23:56:51.853 I/vendor.rmt_storage(  621): wakelock acquired: 1, error no: 11
11-19 23:56:51.853 I/vendor.rmt_storage(  621): rmt_storage_client_thread: /boot/modem_fs1: Unblock worker thread (th_id: -1644879424)
11-19 23:56:51.871 I/WearableConnectivityManager( 2594): LTE Signal strength is: 2
11-19 23:56:51.871 I/WearableConnectivityManager( 2594): Cellular Signal strength is: 2
11-19 23:56:51.894 I/chatty  ( 1186): uid=1000(system) ActivityManager expire 17 lines
11-19 23:56:51.937 I/vendor.rmt_storage(  621): rmt_storage_client_thread: /boot/modem_fs1: req_h=0x3d msg_id=3: Bytes written = 1572864, wr_count 53
11-19 23:56:51.937 I/vendor.rmt_storage(  621): rmt_storage_client_thread: /boot/modem_fs1: req_h=0x3d msg_id=3: Send response: res=0 err=0, wr_count 53
11-19 23:56:51.937 I/vendor.rmt_storage(  621): rmt_storage_client_thread: /boot/modem_fs1: About to block rmt_storage client thread (th_id: -1644879424) wakelock released: 1, error no: 22
11-19 23:56:51.937 I/vendor.rmt_storage(  621): 
11-19 23:56:51.940 I/vendor.rmt_storage(  621): rmt_storage_disconnect_cb: clnt_h=0x3d conn_h=0x9ea89030
11-19 23:56:52.211 D/UIAutomatorStub(29800): URI: /jsonrpc/0, Method: POST, Header: {content-length=102, remote-addr=127.0.0.1, http-client-ip=127.0.0.1, host=localhost:9012, content-type=application/json, accept-encoding=identity}, params, {NanoHttpd.QUERY_STRING=null}, files: {postData={"jsonrpc": "2.0", "method": "pressKey", "id": "5f49fc20af25097ea337b18e8c0e02b7", "params": ["back"]}}
11-19 23:56:52.369 E/ANDR-PERF-OPTSHANDLER(  552): perf_lock_rel: failed for /sys/class/kgsl/kgsl-3d0/min_pwrlevel as previous value is not stored
11-19 23:56:52.370 E/ANDR-PERF-RESOURCEQS(  552): Failed to reset optimization [3, 0]
11-19 23:56:51.195 I/chatty  ( 1186): uid=1000(system) android.ui identical 1 line
11-19 23:56:51.718 D/AutofillManagerService( 1186): onBackKeyPressed()
11-19 23:56:52.537 D/commandrouter( 1006): rtc_sync (1, rtc:sync): <ServiceRequest> FORWARDED (remote -> local) service client ID = 0, token ID = 35693
11-19 23:56:52.537 D/vendor.facebook.rtc_sync@1.0-service( 1145): Request req_ts=1637366212527643471 resp_ts=1637366212537700394
11-19 23:56:52.538 D/commandrouter( 1006): SocServiceHandle::onServiceMessage, SoC Service = rtc_sync, appType = 1, type = SVC_RESP, clientId = 0, token = 35693, payloadLen = 8, result = 0, payload.size() = 8
11-19 23:56:52.950 D/AutofillManagerService( 1186): onBackKeyPressed()
11-19 23:56:52.951 D/LauncherActivity( 2594): onKeyUp() called with keycode:4, event: KeyEvent { action=ACTION_UP, keyCode=KEYCODE_BACK, scanCode=0, metaState=0, flags=0x200, repeatCount=0, eventTime=29300659, downTime=29300659, deviceId=-1, source=0x101, displayId=-1 }
11-19 23:56:53.148 W/ActivityManager( 1186): Invalid packageName: com.facebook.wearable.system.settings/com.facebook.wearable.system.settings.SettingsActivity
11-19 23:56:53.150 I/cmd     (18690): oneway function results will be dropped but finished with status OK and parcel size 4
11-19 23:56:53.285 I/ActivityTaskManager( 1186): START u0 {flg=0x10000000 cmp=com.facebook.wearable.system.settings/.SettingsActivity} from uid 0
11-19 23:56:53.302 I/chatty  ( 1186): uid=1000(system) Binder:1186_10 expire 7 lines
11-19 23:56:53.310 I/ActivityTaskManager( 1186): The Process com.facebook.wearable.system.settings Already Exists in BG. So sending its PID: 11360
11-19 23:56:53.310 W/ActivityTaskManager( 1186): Tried to set launchTime (0) < mLastActivityLaunchTime (29271039)
11-19 23:56:53.355 D/LauncherActivity( 2594): onPause
11-19 23:56:53.394 D/TetheredPhoneUtil( 2594): Retrieving the tethered phone status
11-19 23:56:53.397 D/TetheredPhoneUtil( 2594): Found tethered phone status: false
11-19 23:56:53.438 E/StatusBarClientConnection(11360): Service connected
11-19 23:56:53.476 D/FacebookProvider(17241): Starting SSO Network Fetch for 263529928325379
11-19 23:56:53.477 I/AccountsContentProvider(17241): No Primary Account. Accounts Error [content://com.facebook.wearable.system.accounts.AccountsContentProvider/facebook/263529928325379]
11-19 23:56:53.482 W/View    (11360): requestLayout() improperly called by android.view.View{eecddba V.ED..... ......I. 0,368-474,474} during layout: running second layout pass
11-19 23:56:53.489 E/DatabaseUtils(17241): Writing exception to parcel
11-19 23:56:53.489 E/DatabaseUtils(17241): java.lang.IllegalStateException: No Primary Account
11-19 23:56:53.489 E/DatabaseUtils(17241): 	at com.facebook.secure.content.AbstractContentProvider.doQuery(:284)
11-19 23:56:53.489 E/DatabaseUtils(17241): 	at com.facebook.secure.content.AbstractContentProvider.query(:8)
11-19 23:56:53.489 E/DatabaseUtils(17241): 	at android.content.ContentProvider.query(ContentProvider.java:1474)
11-19 23:56:53.489 E/DatabaseUtils(17241): 	at android.content.ContentProvider$Transport.query(ContentProvider.java:278)
11-19 23:56:53.489 E/DatabaseUtils(17241): 	at android.content.ContentProviderNative.onTransact(ContentProviderNative.java:106)
11-19 23:56:53.489 E/DatabaseUtils(17241): 	at android.os.Binder.execTransactInternal(Binder.java:1154)
11-19 23:56:53.489 E/DatabaseUtils(17241): 	at android.os.Binder.execTransact(Binder.java:1123)
11-19 23:56:53.491 E/AccountsViewModel(11360): AccountsViewModel.flow failed: No Primary Account
11-19 23:56:53.491 E/AccountsViewModel(11360): java.lang.IllegalStateException: No Primary Account
11-19 23:56:53.491 E/AccountsViewModel(11360): 	at android.os.Parcel.createExceptionOrNull(Parcel.java:2381)
11-19 23:56:53.491 E/AccountsViewModel(11360): 	at android.os.Parcel.createException(Parcel.java:2357)
11-19 23:56:53.491 E/AccountsViewModel(11360): 	at android.os.Parcel.readException(Parcel.java:2340)
11-19 23:56:53.491 E/AccountsViewModel(11360): 	at android.database.DatabaseUtils.readExceptionFromParcel(DatabaseUtils.java:190)
11-19 23:56:53.491 E/AccountsViewModel(11360): 	at android.database.DatabaseUtils.readExceptionFromParcel(DatabaseUtils.java:142)
11-19 23:56:53.491 E/AccountsViewModel(11360): 	at android.content.ContentProviderProxy.query(ContentProviderNative.java:472)
11-19 23:56:53.491 E/AccountsViewModel(11360): 	at android.content.ContentResolver.query(ContentResolver.java:1185)
11-19 23:56:53.491 E/AccountsViewModel(11360): 	at android.content.ContentResolver.query(ContentResolver.java:1116)
11-19 23:56:53.491 E/AccountsViewModel(11360): 	at com.facebook.wearable.common.accounts.contract.WearableAccountsContractRequest.query(:51)
11-19 23:56:53.491 E/AccountsViewModel(11360): 	at kotlin.coroutines.jvm.internal.BaseContinuationImpl.invokeSuspend(:95489)
11-19 23:56:53.491 E/AccountsViewModel(11360): 	at com.facebook.wearable.common.accounts.WearableAccountsKt$fb$1.invoke(:9)
11-19 23:56:53.491 E/AccountsViewModel(11360): 	at com.facebook.wearable.common.coroutines.lazy.LazyAsync.get(:101)
11-19 23:56:53.491 E/AccountsViewModel(11360): 	at kotlin.coroutines.jvm.internal.BaseContinuationImpl.invokeSuspend(:96596)
11-19 23:56:53.491 E/AccountsViewModel(11360): 	at com.facebook.wearable.system.settings.accounts.AccountsViewModel$wearableAccountFlow$1.invoke(:11)
11-19 23:56:53.491 E/AccountsViewModel(11360): 	at kotlinx.coroutines.flow.AbstractFlow.collect$rvp0$0(:72)
11-19 23:56:53.491 E/AccountsViewModel(11360): 	at kotlin.coroutines.jvm.internal.BaseContinuationImpl.invokeSuspend(:95417)
11-19 23:56:53.491 E/AccountsViewModel(11360): 	at kotlinx.coroutines.flow.FlowKt__ShareKt$launchSharing$1$2.invoke(Unknown Source:10)
11-19 23:56:53.491 E/AccountsViewModel(11360): 	at kotlin.coroutines.jvm.internal.BaseContinuationImpl.invokeSuspend(:96715)
11-19 23:56:53.491 E/AccountsViewModel(11360): 	at kotlinx.coroutines.flow.FlowKt__MergeKt$mapLatest$1.invoke(Unknown Source:15)
11-19 23:56:53.491 E/AccountsViewModel(11360): 	at kotlin.coroutines.jvm.internal.BaseContinuationImpl.invokeSuspend(:96820)
11-19 23:56:53.491 E/AccountsViewModel(11360): 	at kotlinx.coroutines.flow.internal.ChannelFlowTransformLatest$flowCollect$3$1$2.invoke(Unknown Source:10)
11-19 23:56:53.491 E/AccountsViewModel(11360): 	at kotlinx.coroutines.CoroutineStart.invoke(:32)
11-19 23:56:53.491 E/AccountsViewModel(11360): 	at kotlinx.coroutines.BuildersKt__Builders_commonKt.launch(:15)
11-19 23:56:53.491 E/AccountsViewModel(11360): 	at kotlinx.coroutines.flow.internal.ChannelFlowTransformLatest$flowCollect$3$invokeSuspend$$inlined$collect$1.emit(:56)
11-19 23:56:53.491 E/AccountsViewModel(11360): 	at kotlinx.coroutines.flow.DistinctFlowImpl$collect$$inlined$collect$1.emit(:74)
11-19 23:56:53.491 E/AccountsViewModel(11360): 	at kotlinx.coroutines.flow.FlowKt__LimitKt$dropWhile$lambda-4$$inlined$collect$1.emit(:114)
11-19 23:56:53.491 E/AccountsViewModel(11360): 	at kotlinx.coroutines.flow.FlowKt__ChannelsKt.emitAllImpl$FlowKt__ChannelsKt(:123)
11-19 23:56:53.491 E/AccountsViewModel(11360): 	at kotlin.coroutines.jvm.internal.BaseContinuationImpl.invokeSuspend(:96917)
11-19 23:56:53.491 E/AccountsViewModel(11360): 	at kotlin.coroutines.jvm.internal.BaseContinuationImpl.resumeWith(:5)
11-19 23:56:53.491 E/AccountsViewModel(11360): 	at kotlinx.coroutines.DispatchedTask.run(:131)
11-19 23:56:53.491 E/AccountsViewModel(11360): 	at java.util.concurrent.Executors$RunnableAdapter.call(Executors.java:462)
11-19 23:56:53.491 E/AccountsViewModel(11360): 	at java.util.concurrent.FutureTask.run(FutureTask.java:266)
11-19 23:56:53.491 E/AccountsViewModel(11360): 	at com.facebook.wearable.common.executors.DelayedFutureTask.run(:22)
11-19 23:56:53.491 E/AccountsViewModel(11360): 	at java.util.concurrent.ThreadPoolExecutor.runWorker(ThreadPoolExecutor.java:1167)
11-19 23:56:53.491 E/AccountsViewModel(11360): 	at java.util.concurrent.ThreadPoolExecutor$Worker.run(ThreadPoolExecutor.java:641)
11-19 23:56:53.491 E/AccountsViewModel(11360): 	at com.facebook.wearable.common.executors.NamedThreadFactory$1.run(:7)
11-19 23:56:53.499 W/View    (11360): requestLayout() improperly called by com.facebook.wearable.common.wds.listview.WdsListView{3d5e3 V.E..V... ........ 0,0-474,474} during second layout pass: posting in next frame
11-19 23:56:53.798 D/CompatibilityInfo( 1186): applicationScale - 1.0
11-19 23:56:53.815 D/ComplicationController( 2594): Stopping complication controller.
11-19 23:56:53.823 D/ComplicationDataManagerImpl( 2594): Fetching complication data for package: com.facebook.wearable.apps.calendar, com.facebook.wearable.apps.calendar.DAY_DATE_COMPLICATION.
11-19 23:56:53.823 D/ComplicationDataManagerImpl( 2594): Fetching complication data for package: com.facebook.wearable.apps.player, com.facebook.wearable.apps.player.SHORTCUT_COMPLICATION.
11-19 23:56:53.823 D/ComplicationDataManagerImpl( 2594): Fetching complication data for package: com.facebook.wearable.apps.gallery, com.facebook.wearable.apps.gallery.SHORTCUT_COMPLICATION.
11-19 23:56:53.824 D/ComplicationDataManagerImpl( 2594): Fetching complication data for package: com.facebook.wearable.apps.heart, com.facebook.wearable.apps.heart.HEART_RATE.
11-19 23:56:53.827 D/CompatibilityInfo( 1186): mCompatibilityFlags - 4
11-19 23:56:53.827 D/CompatibilityInfo( 1186): applicationDensity - 320
11-19 23:56:53.827 D/CompatibilityInfo( 1186): applicationScale - 1.0
11-19 23:56:54.389 D/UIAutomatorStub(29800): URI: /jsonrpc/0, Method: POST, Header: {content-length=192, remote-addr=127.0.0.1, http-client-ip=127.0.0.1, host=localhost:9012, content-type=application/json, accept-encoding=identity}, params, {NanoHttpd.QUERY_STRING=null}, files: {postData={"jsonrpc": "2.0", "method": "waitForExists", "id": "955c28a21300cc1b93f7385441a5cf6a", "params": [{"mask": 1, "childOrSibling": [], "childOrSiblingSelector": [], "text": "Notifications"}, 5]}}
11-19 23:56:54.422 D/UIAutomatorStub(29800): URI: /jsonrpc/0, Method: POST, Header: {content-length=191, remote-addr=127.0.0.1, http-client-ip=127.0.0.1, host=localhost:9012, content-type=application/json, accept-encoding=identity}, params, {NanoHttpd.QUERY_STRING=null}, files: {postData={"jsonrpc": "2.0", "method": "waitForExists", "id": "aa48ee1f5f4b91a5ae80322e92dede0a", "params": [{"mask": 1, "childOrSibling": [], "childOrSiblingSelector": [], "text": "Connectivity"}, 5]}}
11-19 23:56:54.475 D/UIAutomatorStub(29800): URI: /jsonrpc/0, Method: POST, Header: {content-length=180, remote-addr=127.0.0.1, http-client-ip=127.0.0.1, host=localhost:9012, content-type=application/json, accept-encoding=identity}, params, {NanoHttpd.QUERY_STRING=null}, files: {postData={"jsonrpc": "2.0", "method": "click", "id": "124937ab17ef8a3cd4fda4c59a700efa", "params": [{"mask": 1, "childOrSibling": [], "childOrSiblingSelector": [], "text": "Connectivity"}]}}
11-19 23:56:54.513 E/ANDR-PERF-OPTSHANDLER(  552): Unable to find the correct node storage pointers for                   resource index=16, node path=/proc/sys/kernel/sched_upmigrate
11-19 23:56:54.513 E/ANDR-PERF-RESOURCEQS(  552): Failed to reset optimization [3, 7]
11-19 23:56:54.513 E/ANDR-PERF-OPTSHANDLER(  552): Unable to find the correct node storage pointers for                   resource index=17, node path=/proc/sys/kernel/sched_downmigrate
11-19 23:56:54.513 E/ANDR-PERF-RESOURCEQS(  552): Failed to reset optimization [3, 8]
11-19 23:56:54.513 E/ANDR-PERF-OPTSHANDLER(  552): Perflock resource /sys/module/lpm_levels/parameters/bias_hyst not supported
11-19 23:56:54.513 E/ANDR-PERF-RESOURCEQS(  552): Failed to reset optimization [1, 2]
11-19 23:56:54.513 E/ANDR-PERF-OPTSHANDLER(  552): Perflock resource /proc/sys/kernel/sched_group_upmigrate not supported
11-19 23:56:54.514 E/ANDR-PERF-RESOURCEQS(  552): Failed to reset optimization [3, 21]
11-19 23:56:54.514 E/ANDR-PERF-OPTSHANDLER(  552): Perflock resource /proc/sys/kernel/sched_group_downmigrate not supported
11-19 23:56:54.514 E/ANDR-PERF-RESOURCEQS(  552): Failed to reset optimization [3, 22]
11-19 23:56:54.553 W/StatusBarClientConnection(11360): Messenger is null, ignoring message: { when=-8h8m22s279ms barrier=1 }
11-19 23:56:54.581 E/StatusBarClientConnection(11360): Service connected
11-19 23:56:54.609 W/View    (11360): requestLayout() improperly called by android.view.View{9d3f8a0 V.ED..... ......I. 0,368-474,474} during layout: running second layout pass
11-19 23:56:54.627 W/View    (11360): requestLayout() improperly called by com.facebook.wearable.common.wds.listview.WdsListView{38c4396 V.E..V... ........ 0,0-474,474} during second layout pass: posting in next frame
11-19 23:56:55.298 E/ANDR-PERF-OPTSHANDLER(  552): perf_lock_rel: failed for /proc/sys/vm/swap_ratio as previous value is not stored
11-19 23:56:55.298 E/ANDR-PERF-OPTSHANDLER(  552): perf_lock_rel: failed for /sys/class/kgsl/kgsl-3d0/min_pwrlevel as previous value is not stored
11-19 23:56:55.299 E/ANDR-PERF-RESOURCEQS(  552): Failed to reset optimization [3, 0]
11-19 23:56:56.195 W/HWComposer(  598): Ignoring duplicate VSYNC event from HWC for display 0 (t=29303920673142)
11-19 23:56:56.245 W/HWComposer(  598): Ignoring duplicate VSYNC event from HWC for display 0 (t=29303971339080)
11-19 23:56:56.342 E/TaskPersister( 1186): File error accessing recents directory (directory doesn't exist?).
11-19 23:56:57.571 D/UIAutomatorStub(29800): URI: /jsonrpc/0, Method: POST, Header: {content-length=183, remote-addr=127.0.0.1, http-client-ip=127.0.0.1, host=localhost:9012, content-type=application/json, accept-encoding=identity}, params, {NanoHttpd.QUERY_STRING=null}, files: {postData={"jsonrpc": "2.0", "method": "waitForExists", "id": "024142cc97c8ad56ded03db120a3c09f", "params": [{"mask": 1, "childOrSibling": [], "childOrSiblingSelector": [], "text": "WiFi"}, 5]}}
11-19 23:56:57.597 D/UIAutomatorStub(29800): URI: /jsonrpc/0, Method: POST, Header: {content-length=172, remote-addr=127.0.0.1, http-client-ip=127.0.0.1, host=localhost:9012, content-type=application/json, accept-encoding=identity}, params, {NanoHttpd.QUERY_STRING=null}, files: {postData={"jsonrpc": "2.0", "method": "click", "id": "8f653b5df4ea70315247cf9f3a9ff0b9", "params": [{"mask": 1, "childOrSibling": [], "childOrSiblingSelector": [], "text": "WiFi"}]}}
11-19 23:56:57.676 W/StatusBarClientConnection(11360): Messenger is null, ignoring message: { when=-8h8m25s402ms barrier=1 }
11-19 23:56:57.698 D/CompatibilityInfo( 1186): mCompatibilityFlags - 4
11-19 23:56:57.698 D/CompatibilityInfo( 1186): applicationDensity - 320
11-19 23:56:57.698 D/CompatibilityInfo( 1186): applicationScale - 1.0
11-19 23:56:57.708 E/StatusBarClientConnection(11360): Service connected
11-19 23:56:57.715 D/WifiConnector( 2870): Network State Changed
11-19 23:56:57.724 W/View    (11360): requestLayout() improperly called by android.view.View{960d7a8 V.ED..... ......I. 0,368-474,474} during layout: running second layout pass
11-19 23:56:57.733 D/WifiSharingService( 2870): Starting Wi-Fi scan
11-19 23:56:57.735 I/WifiService( 1186): startScan uid=1000
11-19 23:56:57.740 W/View    (11360): requestLayout() improperly called by com.facebook.wearable.common.wds.listview.WdsListView{47db9cf V.E..V... ........ 0,0-474,474} during second layout pass: posting in next frame
11-19 23:56:57.746 D/WifiNative( 1186): Scan trigered from WifiNative
11-19 23:56:57.747 I/chatty  ( 1026): uid=1021(gps) lowi-server expire 71 lines
11-19 23:56:57.748 V/WifiHAL (  544): event received NL80211_CMD_TRIGGER_SCAN
11-19 23:56:58.308 V/WifiHAL (  544): event received NL80211_CMD_NEW_SCAN_RESULTS
11-19 23:56:58.309 D/WifiNl80211Manager( 1186): Scan result ready event
11-19 23:56:58.309 D/WifiNative( 1186): Scan result ready event
11-19 23:56:58.313 D/LOWI-9.0.0.80( 1026): [LOWI-Scan]  No Secondary channel present
11-19 23:56:58.313 D/LOWI-9.0.0.80( 1026): [LOWI-Scan] is_qcom_ie, bss_age: 31
11-19 23:56:58.313 D/LOWI-9.0.0.80( 1026): [LOWI-Scan] BSS 6c:cd:d6:25:63:2a LOWI_PHY_MODE_11NG_HT20(5), Beacon Interval: 100, LOWI_ENCRYPTION_TYPE_WPA_PSK 11mcRanging: No, ANQP: No, LCI: No, Civic: No, capability(0x0511): ESS Privacy SpectrumMgmt ShortSlotTime
11-19 23:56:58.313 D/LOWI-9.0.0.80( 1026): [LOWI-Scan] BSS 6c:cd:d6:25:63:2a FREQ: 2432, cFreq1[40:80:160] = [2432:0:0] cFreq2 = 0 Country Code = US 
11-19 23:56:58.313 D/LOWI-9.0.0.80( 1026): [LOWI-Scan] BSS 6c:cd:d6:25:63:2a (wlan0) ASSO: YES AddInfo: 0x0, TSF 0, 08:08:26.032, RSSI: -70, CPL: 127, AGE: 0,  SSID MTBF_Lab, TSFDelta: 0x0, TXRate: 0
11-19 23:56:58.313 D/LOWI-9.0.0.80( 1026): [LOWI-Scan] 
11-19 23:56:58.313 D/LOWI-9.0.0.80( 1026): [LOWI-Scan] print_bss_handler: Report Probe TSF 29306032744 as it greater than Beacon TSF 29057963771
11-19 23:56:58.313 I/LOWI-9.0.0.80( 1026): [LOWI-Scan] RSN_IE
11-19 23:56:58.313 D/LOWI-9.0.0.80( 1026): [LOWI-Scan] decode_rsn_wpa_ie: Entered
11-19 23:56:58.313 D/LOWI-9.0.0.80( 1026): [LOWIUtils] hexDump: msg(30 14 01 00 00 0f ac 04 01 00 00 0f ac 04 01 00 00 0f ac 02 )
11-19 23:56:58.313 D/LOWI-9.0.0.80( 1026): [LOWI-Scan] decode_rsn_wpa_ie: LOWI_ENCRYPTION_TYPE_WPA_PSK
11-19 23:56:58.313 D/LOWI-9.0.0.80( 1026): [LOWI-Scan] is_qcom_ie, bss_age: 47
11-19 23:56:58.313 D/LOWI-9.0.0.80( 1026): [LOWI-Scan] BSS 2c:57:41:88:72:e1 LOWI_PHY_MODE_11NG_HT20(5), Beacon Interval: 100, LOWI_ENCRYPTION_TYPE_WPA_PSK 11mcRanging: No, ANQP: No, LCI: No, Civic: No, capability(0x1411): ESS Privacy ShortSlotTime
11-19 23:56:58.314 D/LOWI-9.0.0.80( 1026): [LOWI-Scan] BSS 2c:57:41:88:72:e1 FREQ: 2412, cFreq1[40:80:160] = [0:0:0] cFreq2 = 0 Country Code = US
11-19 23:56:58.314 D/LOWI-9.0.0.80( 1026): [LOWI-Scan] BSS 2c:57:41:88:72:e1 (wlan0) ASSO: NO AddInfo: 0x0, TSF 0, 08:08:26.032, RSSI: -140, CPL: 3, AGE: 0,  SSID kittyhawk, TSFDelta: 0x0, TXRate: 0
11-19 23:56:58.314 D/LOWI-9.0.0.80( 1026): [LOWI-Scan] 
11-19 23:56:58.314 D/LOWI-9.0.0.80( 1026): [LOWI-Scan] print_bss_handler: Report Probe TSF 29306032683 as it greater than Beacon TSF 29078652215
11-19 23:56:58.314 I/LOWI-9.0.0.80( 1026): [LOWI-Scan] RSN_IE
11-19 23:56:58.314 D/LOWI-9.0.0.80( 1026): [LOWI-Scan] decode_rsn_wpa_ie: Entered
11-19 23:56:58.315 D/LOWI-9.0.0.80( 1026): [LOWIUtils] hexDump: msg(30 14 01 00 00 0f ac 04 01 00 00 0f ac 04 01 00 00 0f ac 02 )
11-19 23:56:58.315 D/LOWI-9.0.0.80( 1026): [LOWI-Scan] decode_rsn_wpa_ie: LOWI_ENCRYPTION_TYPE_WPA_PSK
11-19 23:56:58.315 D/LOWI-9.0.0.80( 1026): [LOWI-Scan] is_qcom_ie, bss_age: 47
11-19 23:56:58.315 D/LOWI-9.0.0.80( 1026): [LOWI-Scan] BSS be:9e:0e:1c:6e:7f LOWI_PHY_MODE_11AC_VHT20_2G(11), Beacon Interval: 100, LOWI_ENCRYPTION_TYPE_WPA_PSK 11mcRanging: No, ANQP: No, LCI: No, Civic: No, capability(0x1431): ESS Privacy ShortPreamble ShortSlotTime
11-19 23:56:58.315 D/LOWI-9.0.0.80( 1026): [LOWI-Scan] BSS be:9e:0e:1c:6e:7f FREQ: 2412, cFreq1[40:80:160] = [0:0:0] cFreq2 = 0 Country Code =    
11-19 23:56:58.315 D/LOWI-9.0.0.80( 1026): [LOWI-Scan] BSS be:9e:0e:1c:6e:7f (wlan0) ASSO: NO AddInfo: 0x0, TSF 0, 08:08:26.032, RSSI: -110, CPL: 127, AGE: 0,  SSID Pixel_3541, TSFDelta: 0x0, TXRate: 0
11-19 23:56:58.315 D/LOWI-9.0.0.80( 1026): [LOWI-Scan] 
11-19 23:56:58.316 D/LOWI-9.0.0.80( 1026): [LOWI-Scan] print_bss_handler: Report Probe TSF 29306032817 as it greater than Beacon TSF 28909058386
11-19 23:56:58.316 I/LOWI-9.0.0.80( 1026): [LOWI-Scan] RSN_IE
11-19 23:56:58.316 D/LOWI-9.0.0.80( 1026): [LOWI-Scan] decode_rsn_wpa_ie: Entered
11-19 23:56:58.316 D/LOWI-9.0.0.80( 1026): [LOWIUtils] hexDump: msg(30 14 01 00 00 0f ac 04 01 00 00 0f ac 04 01 00 00 0f ac 02 )
11-19 23:56:58.316 D/LOWI-9.0.0.80( 1026): [LOWI-Scan] decode_rsn_wpa_ie: LOWI_ENCRYPTION_TYPE_WPA_PSK
11-19 23:56:58.316 D/LOWI-9.0.0.80( 1026): [LOWI-Scan] is_qcom_ie, bss_age: 47
11-19 23:56:58.316 D/LOWI-9.0.0.80( 1026): [LOWI-Scan] BSS 2c:57:41:86:7a:61 LOWI_PHY_MODE_11NG_HT20(5), Beacon Interval: 100, LOWI_ENCRYPTION_TYPE_WPA_PSK 11mcRanging: No, ANQP: No, LCI: No, Civic: No, capability(0x1411): ESS Privacy ShortSlotTime
11-19 23:56:58.316 D/LOWI-9.0.0.80( 1026): [LOWI-Scan] BSS 2c:57:41:86:7a:61 FREQ: 2412, cFreq1[40:80:160] = [0:0:0] cFreq2 = 0 Country Code = US
11-19 23:56:58.316 D/LOWI-9.0.0.80( 1026): [LOWI-Scan] BSS 2c:57:41:86:7a:61 (wlan0) ASSO: NO AddInfo: 0x0, TSF 0, 08:08:26.032, RSSI: -148, CPL: 3, AGE: 0,  SSID kittyhawk, TSFDelta: 0x0, TXRate: 0
11-19 23:56:58.317 D/LOWI-9.0.0.80( 1026): [LOWI-Scan] 
11-19 23:56:58.317 D/LOWI-9.0.0.80( 1026): [LOWI-Scan] print_bss_handler: Report Probe TSF 29306032664 as it greater than Beacon TSF 29177321771
11-19 23:56:58.317 I/LOWI-9.0.0.80( 1026): [LOWI-Scan] RSN_IE
11-19 23:56:58.317 D/LOWI-9.0.0.80( 1026): [LOWI-Scan] decode_rsn_wpa_ie: Entered
11-19 23:56:58.317 D/LOWI-9.0.0.80( 1026): [LOWIUtils] hexDump: msg(30 14 01 00 00 0f ac 04 01 00 00 0f ac 04 01 00 00 0f ac 02 )
11-19 23:56:58.317 D/LOWI-9.0.0.80( 1026): [LOWI-Scan] decode_rsn_wpa_ie: LOWI_ENCRYPTION_TYPE_WPA_PSK
11-19 23:56:58.317 D/LOWI-9.0.0.80( 1026): [LOWI-Scan] is_qcom_ie, bss_age: 25
11-19 23:56:58.317 D/LOWI-9.0.0.80( 1026): [LOWI-Scan] BSS ce:dc:12:3b:87:fd LOWI_PHY_MODE_11AC_VHT20_2G(11), Beacon Interval: 100, LOWI_ENCRYPTION_TYPE_WPA_PSK 11mcRanging: No, ANQP: Yes, LCI: No, Civic: No, capability(0x1431): ESS Privacy ShortPreamble ShortSlotTime
11-19 23:56:58.317 D/LOWI-9.0.0.80( 1026): [LOWI-Scan] BSS ce:dc:12:3b:87:fd FREQ: 2437, cFreq1[40:80:160] = [0:0:0] cFreq2 = 0 Country Code =    
11-19 23:56:58.317 D/LOWI-9.0.0.80( 1026): [LOWI-Scan] BSS ce:dc:12:3b:87:fd (wlan0) ASSO: NO AddInfo: 0x0, TSF 0, 08:08:26.032, RSSI: -104, CPL: 127, AGE: 0,  SSID Pixel5_R1, TSFDelta: 0x0, TXRate: 0
11-19 23:56:58.318 D/LOWI-9.0.0.80( 1026): [LOWI-Scan] 
11-19 23:56:58.318 D/LOWI-9.0.0.80( 1026): [LOWI-Scan] print_bss_handler: Report Probe TSF 29306032762 as it greater than Beacon TSF 29057963792
11-19 23:56:58.318 I/LOWI-9.0.0.80( 1026): [LOWI-Scan] RSN_IE
11-19 23:56:58.318 D/LOWI-9.0.0.80( 1026): [LOWI-Scan] decode_rsn_wpa_ie: Entered
11-19 23:56:58.318 D/LOWI-9.0.0.80( 1026): [LOWIUtils] hexDump: msg(30 14 01 00 00 0f ac 04 01 00 00 0f ac 04 01 00 00 0f ac 02 )
11-19 23:56:58.318 D/LOWI-9.0.0.80( 1026): [LOWI-Scan] decode_rsn_wpa_ie: LOWI_ENCRYPTION_TYPE_WPA_PSK
11-19 23:56:58.318 D/LOWI-9.0.0.80( 1026): [LOWI-Scan] is_qcom_ie, bss_age: 6
11-19 23:56:58.318 D/LOWI-9.0.0.80( 1026): [LOWI-Scan] BSS 2c:57:41:86:94:a1 LOWI_PHY_MODE_11NG_HT20(5), Beacon Interval: 100, LOWI_ENCRYPTION_TYPE_WPA_PSK 11mcRanging: No, ANQP: No, LCI: No, Civic: No, capability(0x1411): ESS Privacy ShortSlotTime
11-19 23:56:58.318 D/LOWI-9.0.0.80( 1026): [LOWI-Scan] BSS 2c:57:41:86:94:a1 FREQ: 2462, cFreq1[40:80:160] = [0:0:0] cFreq2 = 0 Country Code = US
11-19 23:56:58.318 D/LOWI-9.0.0.80( 1026): [LOWI-Scan] BSS 2c:57:41:86:94:a1 (wlan0) ASSO: NO AddInfo: 0x0, TSF 0, 08:08:26.032, RSSI: -148, CPL: 2, AGE: 0,  SSID kittyhawk, TSFDelta: 0x0, TXRate: 0
11-19 23:56:58.319 D/LOWI-9.0.0.80( 1026): [LOWI-Scan] 
11-19 23:56:58.319 D/LOWI-9.0.0.80( 1026): [LOWI-Scan] print_bss_handler: Report Probe TSF 29306032781 as it greater than Beacon TSF 29256240889
11-19 23:56:58.319 I/LOWI-9.0.0.80( 1026): [LOWI-Scan] RSN_IE
11-19 23:56:58.319 D/LOWI-9.0.0.80( 1026): [LOWI-Scan] decode_rsn_wpa_ie: Entered
11-19 23:56:58.319 D/LOWI-9.0.0.80( 1026): [LOWIUtils] hexDump: msg(30 14 01 00 00 0f ac 04 01 00 00 0f ac 04 01 00 00 0f ac 02 )
11-19 23:56:58.319 D/LOWI-9.0.0.80( 1026): [LOWI-Scan] decode_rsn_wpa_ie: LOWI_ENCRYPTION_TYPE_WPA_PSK
11-19 23:56:58.319 D/LOWI-9.0.0.80( 1026): [LOWI-Scan] is_qcom_ie, bss_age: 4
11-19 23:56:58.319 D/LOWI-9.0.0.80( 1026): [LOWI-Scan] BSS 2c:57:41:86:90:a1 LOWI_PHY_MODE_11NG_HT20(5), Beacon Interval: 100, LOWI_ENCRYPTION_TYPE_WPA_PSK 11mcRanging: No, ANQP: No, LCI: No, Civic: No, capability(0x1411): ESS Privacy ShortSlotTime
11-19 23:56:58.319 D/LOWI-9.0.0.80( 1026): [LOWI-Scan] BSS 2c:57:41:86:90:a1 FREQ: 2462, cFreq1[40:80:160] = [0:0:0] cFreq2 = 0 Country Code = US
11-19 23:56:58.319 D/LOWI-9.0.0.80( 1026): [LOWI-Scan] BSS 2c:57:41:86:90:a1 (wlan0) ASSO: NO AddInfo: 0x0, TSF 0, 08:08:26.032, RSSI: -142, CPL: 2, AGE: 0,  SSID kittyhawk, TSFDelta: 0x0, TXRate: 0
11-19 23:56:58.320 D/LOWI-9.0.0.80( 1026): [LOWI-Scan] 
11-19 23:56:58.320 D/LOWI-9.0.0.80( 1026): [LOWI-Scan] print_bss_handler: Report Probe TSF 29306032836 as it greater than Beacon TSF 29177321961
11-19 23:56:58.320 I/LOWI-9.0.0.80( 1026): [LOWI-Scan] RSN_IE
11-19 23:56:58.320 D/LOWI-9.0.0.80( 1026): [LOWI-Scan] decode_rsn_wpa_ie: Entered
11-19 23:56:58.320 D/LOWI-9.0.0.80( 1026): [LOWIUtils] hexDump: msg(30 14 01 00 00 0f ac 04 01 00 00 0f ac 04 01 00 00 0f ac 02 )
11-19 23:56:58.320 D/LOWI-9.0.0.80( 1026): [LOWI-Scan] decode_rsn_wpa_ie: LOWI_ENCRYPTION_TYPE_WPA_PSK
11-19 23:56:58.320 D/LOWI-9.0.0.80( 1026): [LOWI-Scan] is_qcom_ie, bss_age: 6
11-19 23:56:58.320 D/LOWI-9.0.0.80( 1026): [LOWI-Scan] BSS 2c:57:41:86:85:21 LOWI_PHY_MODE_11NG_HT20(5), Beacon Interval: 100, LOWI_ENCRYPTION_TYPE_WPA_PSK 11mcRanging: No, ANQP: No, LCI: No, Civic: No, capability(0x1411): ESS Privacy ShortSlotTime
11-19 23:56:58.320 D/LOWI-9.0.0.80( 1026): [LOWI-Scan] BSS 2c:57:41:86:85:21 FREQ: 2462, cFreq1[40:80:160] = [0:0:0] cFreq2 = 0 Country Code = US
11-19 23:56:58.320 D/LOWI-9.0.0.80( 1026): [LOWI-Scan] BSS 2c:57:41:86:85:21 (wlan0) ASSO: NO AddInfo: 0x0, TSF 0, 08:08:26.032, RSSI: -154, CPL: 2, AGE: 0,  SSID kittyhawk, TSFDelta: 0x0, TXRate: 0
11-19 23:56:58.321 D/LOWI-9.0.0.80( 1026): [LOWI-Scan] 
11-19 23:56:58.321 D/LOWI-9.0.0.80( 1026): [LOWI-Scan] print_bss_handler: Report Probe TSF 29306032724 as it greater than Beacon TSF 0
11-19 23:56:58.321 I/LOWI-9.0.0.80( 1026): [LOWI-Scan] RSN_IE
11-19 23:56:58.321 D/LOWI-9.0.0.80( 1026): [LOWI-Scan] decode_rsn_wpa_ie: Entered
11-19 23:56:58.321 D/LOWI-9.0.0.80( 1026): [LOWIUtils] hexDump: msg(30 14 01 00 00 0f ac 04 01 00 00 0f ac 04 01 00 00 0f ac 02 )
11-19 23:56:58.321 D/LOWI-9.0.0.80( 1026): [LOWI-Scan] decode_rsn_wpa_ie: LOWI_ENCRYPTION_TYPE_WPA_PSK
11-19 23:56:58.321 D/LOWI-9.0.0.80( 1026): [LOWI-Scan] is_qcom_ie, bss_age: 42
11-19 23:56:58.321 D/LOWI-9.0.0.80( 1026): [LOWI-Scan] BSS 52:b8:14:37:74:3f LOWI_PHY_MODE_11AC_VHT20_2G(11), Beacon Interval: 100, LOWI_ENCRYPTION_TYPE_WPA_PSK 11mcRanging: No, ANQP: No, LCI: No, Civic: No, capability(0x1431): ESS Privacy ShortPreamble ShortSlotTime
11-19 23:56:58.321 D/LOWI-9.0.0.80( 1026): [LOWI-Scan] BSS 52:b8:14:37:74:3f FREQ: 2417, cFreq1[40:80:160] = [0:0:0] cFreq2 = 0 Country Code =    
11-19 23:56:58.321 D/LOWI-9.0.0.80( 1026): [LOWI-Scan] BSS 52:b8:14:37:74:3f (wlan0) ASSO: NO AddInfo: 0x0, TSF 0, 08:08:26.032, RSSI: -114, CPL: 127, AGE: 0,  SSID Pixel_8668, TSFDelta: 0x0, TXRate: 0
11-19 23:56:58.321 D/WificondScannerImpl( 1186): Filtering out 1 scan results.
11-19 23:56:58.322 D/LOWI-9.0.0.80( 1026): [LOWI-Scan] 
11-19 23:56:58.322 D/LOWI-9.0.0.80( 1026): [LOWI-Scan] print_bss_handler: Report Probe TSF 29277752104 as it greater than Beacon TSF 0
11-19 23:56:58.322 I/LOWI-9.0.0.80( 1026): [LOWI-Scan] RSN_IE
11-19 23:56:58.322 D/LOWI-9.0.0.80( 1026): [LOWI-Scan] decode_rsn_wpa_ie: Entered
11-19 23:56:58.322 D/LOWI-9.0.0.80( 1026): [LOWIUtils] hexDump: msg(30 14 01 00 00 0f ac 04 01 00 00 0f ac 04 01 00 00 0f ac 02 )
11-19 23:56:58.322 D/LOWI-9.0.0.80( 1026): [LOWI-Scan] decode_rsn_wpa_ie: LOWI_ENCRYPTION_TYPE_WPA_PSK
11-19 23:56:58.322 D/LOWI-9.0.0.80( 1026): [LOWI-Scan] is_qcom_ie, bss_age: 59
11-19 23:56:58.322 D/LOWI-9.0.0.80( 1026): [LOWI-Scan] adjust_age:AP AGE upper limit reached. Dont store
11-19 23:56:58.322 D/LOWI-9.0.0.80( 1026): [LOWI-Scan] BSS 18:64:72:60:2b:40 LOWI_PHY_MODE_11NG_HT20(5), Beacon Interval: 100, LOWI_ENCRYPTION_TYPE_WPA_PSK 11mcRanging: No, ANQP: No, LCI: No, Civic: No, capability(0x0431): ESS Privacy ShortPreamble ShortSlotTime
11-19 23:56:58.322 D/LOWI-9.0.0.80( 1026): [LOWI-Scan] BSS 18:64:72:60:2b:40 FREQ: 2412, cFreq1[40:80:160] = [0:0:0] cFreq2 = 0 Country Code =    
11-19 23:56:58.322 D/LOWI-9.0.0.80( 1026): [LOWI-Scan] BSS 18:64:72:60:2b:40 (wlan0) ASSO: NO AddInfo: 0x0, TSF 0, 08:07:57.752, RSSI: -140, CPL: 127, AGE: 28280,  SSID lab-t24103779, TSFDelta: 0x0, TXRate: 0
11-19 23:56:58.323 D/LOWI-9.0.0.80( 1026): [LOWI-Scan] 
11-19 23:56:58.323 D/LOWI-9.0.0.80( 1026): [LOWI-Scan] print_bss_handler: Report Probe TSF 29306032855 as it greater than Beacon TSF 0
11-19 23:56:58.323 I/LOWI-9.0.0.80( 1026): [LOWI-Scan] RSN_IE
11-19 23:56:58.323 D/LOWI-9.0.0.80( 1026): [LOWI-Scan] decode_rsn_wpa_ie: Entered
11-19 23:56:58.323 D/LOWI-9.0.0.80( 1026): [LOWIUtils] hexDump: msg(30 14 01 00 00 0f ac 04 01 00 00 0f ac 04 01 00 00 0f ac 02 )
11-19 23:56:58.323 D/LOWI-9.0.0.80( 1026): [LOWI-Scan] decode_rsn_wpa_ie: LOWI_ENCRYPTION_TYPE_WPA_PSK
11-19 23:56:58.323 D/LOWI-9.0.0.80( 1026): [LOWI-Scan] is_qcom_ie, bss_age: 48
11-19 23:56:58.323 D/LOWI-9.0.0.80( 1026): [LOWI-Scan] BSS 2c:57:41:89:53:21 LOWI_PHY_MODE_11NG_HT20(5), Beacon Interval: 100, LOWI_ENCRYPTION_TYPE_WPA_PSK 11mcRanging: No, ANQP: No, LCI: No, Civic: No, capability(0x1411): ESS Privacy ShortSlotTime
11-19 23:56:58.323 D/LOWI-9.0.0.80( 1026): [LOWI-Scan] BSS 2c:57:41:89:53:21 FREQ: 2412, cFreq1[40:80:160] = [0:0:0] cFreq2 = 0 Country Code = US
11-19 23:56:58.323 D/LOWI-9.0.0.80( 1026): [LOWI-Scan] BSS 2c:57:41:89:53:21 (wlan0) ASSO: NO AddInfo: 0x0, TSF 0, 08:08:26.032, RSSI: -152, CPL: 3, AGE: 0,  SSID kittyhawk, TSFDelta: 0x0, TXRate: 0
11-19 23:56:58.323 D/LOWI-9.0.0.80( 1026): [LOWIDiagLog] Log: lowiMeasResult->request: invalid null argument
11-19 23:56:58.323 I/LOWI-9.0.0.80( 1026): [LOWI-Scan] lowi_close_record:Scan done in 29262094ms, 17 APs in scan results
11-19 23:56:58.324 D/LOWI-9.0.0.80( 1026): [LOWI-Scan] WipsScanUsingNL: passive scan cached 0, took 8770 ms, err 0
11-19 23:56:58.324 D/LOWI-9.0.0.80( 1026): [LOWI-Scan] lowi_proc_req_passive_scan_with_live_meas - No WLAN Frames to be parsed
11-19 23:56:58.324 D/LOWI-9.0.0.80( 1026): [LOWIScanResultReceiver] Send scan meas to listener
11-19 23:56:58.324 D/LOWI-9.0.0.80( 1026): [LOWIScanResultReceiver] Enter passive listening mode
11-19 23:56:58.324 D/LOWI-9.0.0.80( 1026): [LOWIWifiDriverInterface] getMeasurements - Passive listening mode
11-19 23:56:58.324 D/LOWI-9.0.0.80( 1026): [LOWI-Scan] WipsScanUsingNL:wait -1 sec for netlink message
11-19 23:56:58.324 D/LOWI-9.0.0.80( 1026): [LOWIEventReceiver] handleEvent:FROM:NA, TO:NA, REQ:NA, IREQ:NA, REQ_ID:0, RESP:NA, INFO:NA
11-19 23:56:58.324 D/LOWI-9.0.0.80( 1026): [LOWIBackgroundScanMgr] isRspForBgScanMgr: evt(LOWI_NO_EVT) - not handled
11-19 23:56:58.324 D/LOWI-9.0.0.80( 1026): [LOWIScheduler] manageMsg: NULL results or NULL request in results
11-19 23:56:58.324 D/LOWI-9.0.0.80( 1026): [LOWIController] Measurements received
11-19 23:56:58.325 D/LOWI-9.0.0.80( 1026): [LOWICacheManager] putInCache:Num of Meas to add: 17
11-19 23:56:58.326 D/LOWI-9.0.0.80( 1026): [LOWIController] processMeasurementResults: No current Request. Cache measurements
11-19 23:56:58.326 D/LOWI-9.0.0.80( 1026): [LOWIControllerExtn] sendLOWILpDiscoveryScanResponse: Not a discovery scan response
11-19 23:56:58.331 D/PasspointManager( 1186): ANQP entry not found for: 12:d7:96:61:85:9f:<Pixel_R5>
11-19 23:56:58.331 D/PasspointManager( 1186): ANQP entry not found for: 5e:6e:be:46:77:d7:<Pixel_R3>
11-19 23:56:58.332 D/PasspointManager( 1186): ANQP entry not found for: fe:2d:5a:49:61:eb:<Pixel_R2>
11-19 23:56:58.332 D/PasspointManager( 1186): ANQP entry not found for: c6:82:9b:4e:b3:9e:<Pixel_R6>
11-19 23:56:58.332 D/PasspointManager( 1186): ANQP entry not found for: ce:dc:12:3b:87:fd:<Pixel5_R1>
11-19 23:56:58.383 D/WifiSharingService( 2870): Sending scanResults intent with status code 0: PendingIntent{2113898: android.os.BinderProxy@a59371d}
11-19 23:56:58.389 D/CompatibilityInfo( 1186): mCompatibilityFlags - 4
11-19 23:56:58.389 D/CompatibilityInfo( 1186): applicationDensity - 320
11-19 23:56:58.389 D/CompatibilityInfo( 1186): applicationScale - 1.0
11-19 23:56:59.351 W/HWComposer(  598): Ignoring duplicate VSYNC event from HWC for display 0 (t=29307077026475)
11-19 23:56:59.368 W/HWComposer(  598): Ignoring duplicate VSYNC event from HWC for display 0 (t=29307093944495)
11-19 23:57:00.003 D/KeyguardUpdateMonitor( 1762): received broadcast android.intent.action.TIME_TICK
11-19 23:57:00.004 D/KeyguardUpdateMonitor( 1762): handleTimeUpdate
11-19 23:57:00.111 W/HWComposer(  598): Ignoring duplicate VSYNC event from HWC for display 0 (t=29307836636266)
11-19 23:57:00.737 D/UIAutomatorStub(29800): URI: /jsonrpc/0, Method: POST, Header: {content-length=229, remote-addr=127.0.0.1, http-client-ip=127.0.0.1, host=localhost:9012, content-type=application/json, accept-encoding=identity}, params, {NanoHttpd.QUERY_STRING=null}, files: {postData={"jsonrpc": "2.0", "method": "objInfo", "id": "25cfcfc0868a4e6f43d05358aafd5337", "params": [{"mask": 2097152, "childOrSibling": [], "childOrSiblingSelector": [], "resourceId": "com.facebook.wearable.system.settings:id/toggle"}]}}
11-19 23:57:00.812 D/UIAutomatorStub(29800): URI: /jsonrpc/0, Method: POST, Header: {content-length=227, remote-addr=127.0.0.1, http-client-ip=127.0.0.1, host=localhost:9012, content-type=application/json, accept-encoding=identity}, params, {NanoHttpd.QUERY_STRING=null}, files: {postData={"jsonrpc": "2.0", "method": "click", "id": "06b5e80b2da62075ad58b22fab9d064a", "params": [{"mask": 2097152, "childOrSibling": [], "childOrSiblingSelector": [], "resourceId": "com.facebook.wearable.system.settings:id/toggle"}]}}
11-19 23:57:00.848 D/WifiSharingService( 2870): Setting Wi-Fi enabled state
11-19 23:57:00.849 I/WifiService( 1186): setWifiEnabled package=com.facebook.wearable.system.connectivity uid=1000 enable=false
11-19 23:57:00.852 D/WifiActiveModeWarden( 1186): Switching all client mode managers
11-19 23:57:00.852 D/QCNEJ/WlanStaInfoRelay( 1907): onChange for uri = content://settings/global/wifi_on
11-19 23:57:00.854 D/WifiP2pService( 1186): Wifi enabled=false, P2P Interface availability=true
11-19 23:57:00.855 D/BluetoothAdapterService( 1710): android.net.wifi.WIFI_STATE_CHANGED
11-19 23:57:00.855 D/WifiP2pNative( 1186): Teardown P2P interface
11-19 23:57:00.860 D/WifiP2pService( 1186): Wifi enabled=false, P2P Interface availability=true
11-19 23:57:00.862 E/QMI_FW  (  915): qmi_cci_get_ref: ref count increased 2
11-19 23:57:00.868 W/ContextImpl( 1186): Calling a method in the system process without a qualified user: android.app.ContextImpl.sendBroadcastMultiplePermissions:1143 android.content.Context.sendBroadcastWithMultiplePermissions:2150 com.android.server.display.WifiDisplayAdapter.handleSendStatusChangeBroadcast:440 com.android.server.display.WifiDisplayAdapter.access$1700:63 com.android.server.display.WifiDisplayAdapter$WifiDisplayHandler.handleMessage:675 
11-19 23:57:00.876 D/WifiClientModeManager0( 1186): IMS not registered over IWLAN for subId: 1
11-19 23:57:00.877 D/WifiClientModeManager0( 1186): The target role 5
11-19 23:57:00.904 I/android_os_HwBinder( 1186): HwBinder: Starting thread pool for getting: android.hardware.wifi.supplicant@1.0::ISupplicant/default
11-19 23:57:00.907 I/wpa_supplicant(18639): wlan0: Do not deauthenticate as part of interface deinit since WoWLAN is enabled
11-19 23:57:00.934 I/wpa_supplicant(18639): Try to unregister vendor STA network
11-19 23:57:00.956 E/wpa_supplicant(18639): eap_proxy: pthread_join on eap_proxy=0xb32feac
11-19 23:57:00.956 E/wpa_supplicant(18639): eap_proxy: session not started for client = 1
11-19 23:57:00.956 E/QMI_FW  (18639): qmi_cci_get_ref: ref count increased 2
11-19 23:57:00.956 E/QMI_FW  (18639): qmi_cci_get_ref: ref count increased 2
11-19 23:57:00.959 E/wpa_supplicant(18639): eap_proxy: Released QMI UIM service client
11-19 23:57:00.959 E/QMI_FW  (18639): qmi_cci_get_ref: ref count increased 2
11-19 23:57:00.959 E/QMI_FW  (18639): qmi_cci_get_ref: ref count increased 2
11-19 23:57:00.962 E/wpa_supplicant(18639): eap_proxy: Released QMI EAP service client
11-19 23:57:00.962 E/wpa_supplicant(18639): eap_proxy: session not started for client = 2
11-19 23:57:00.962 E/QMI_FW  (18639): qmi_cci_get_ref: ref count increased 2
11-19 23:57:00.962 E/QMI_FW  (18639): qmi_cci_get_ref: ref count increased 2
11-19 23:57:00.965 E/wpa_supplicant(18639): eap_proxy: Released QMI UIM service client
11-19 23:57:00.965 E/QMI_FW  (18639): qmi_cci_get_ref: ref count increased 2
11-19 23:57:00.965 E/QMI_FW  (18639): qmi_cci_get_ref: ref count increased 2
11-19 23:57:00.968 E/wpa_supplicant(18639): eap_proxy: Released QMI EAP service client
11-19 23:57:00.969 I/wpa_supplicant(18639): eap_proxy: eap_proxy Deinitialzed
11-19 23:57:00.985 I/wpa_supplicant(18639): nl80211: deinit ifname=wlan0 disabled_11b_rates=0
11-19 23:57:01.035 I/wpa_supplicant(18639): Try to unregister vendor interface
11-19 23:57:01.036 D/LOWI-9.0.0.80( 1026): [LOWINetlinkSocketReceiver] unpackRTMLinkMessage: RTM_NEWLINK - ifname wlan0, flags 0x11043 ([UP][RUNNING])
11-19 23:57:01.036 D/LOWI-9.0.0.80( 1026): [LOWINetlinkSocketReceiver] processNetlinkPacket: ifname(wlan0) status(2)
11-19 23:57:01.036 D/LOWI-9.0.0.80( 1026): [LOWIController] intfStateReceived: ifname(wlan0) state(2)
11-19 23:57:01.038 D/LOWI-9.0.0.80( 1026): [LOWIEventReceiver] handleEvent:FROM:NA, TO:NA, REQ:NA, IREQ:NA, REQ_ID:0, RESP:NA, INFO:INTF-STATUS-UPDATE
11-19 23:57:01.038 D/LOWI-9.0.0.80( 1026): [LOWIEventReceiver] Info to [INTF-STATUS-UPDATE]
11-19 23:57:01.038 D/LOWI-9.0.0.80( 1026): [LOWIController] updateIntfState: WIFI enabled 2 mNlWifiStatus 2 mWifiStateEnabled 1
11-19 23:57:01.038 D/LOWI-9.0.0.80( 1026): [LOWIController] isWifiEnabled: mNlWifiStatus 2 mWifiStateEnabled 1
11-19 23:57:01.042 I/SupplicantStaIfaceHal( 1186): Terminating supplicant using HIDL
11-19 23:57:01.043 I/wpa_supplicant(18639): p2p0: Do not deauthenticate as part of interface deinit since WoWLAN is enabled
11-19 23:57:01.075 E/wpa_supplicant(18639): eap_proxy: pthread_join on eap_proxy=0xb32ffa8
11-19 23:57:01.075 E/wpa_supplicant(18639): eap_proxy: session not started for client = 1
11-19 23:57:01.075 E/QMI_FW  (18639): qmi_cci_get_ref: ref count increased 2
11-19 23:57:01.075 E/QMI_FW  (18639): qmi_cci_get_ref: ref count increased 2
11-19 23:57:01.078 E/wpa_supplicant(18639): eap_proxy: Released QMI UIM service client
11-19 23:57:01.078 E/QMI_FW  (18639): qmi_cci_get_ref: ref count increased 2
11-19 23:57:01.078 E/QMI_FW  (18639): qmi_cci_get_ref: ref count increased 2
11-19 23:57:01.080 E/wpa_supplicant(18639): eap_proxy: Released QMI EAP service client
11-19 23:57:01.081 E/wpa_supplicant(18639): eap_proxy: session not started for client = 2
11-19 23:57:01.081 E/QMI_FW  (18639): qmi_cci_get_ref: ref count increased 2
11-19 23:57:01.081 E/QMI_FW  (18639): qmi_cci_get_ref: ref count increased 2
11-19 23:57:01.083 E/wpa_supplicant(18639): eap_proxy: Released QMI UIM service client
11-19 23:57:01.083 E/QMI_FW  (18639): qmi_cci_get_ref: ref count increased 2
11-19 23:57:01.083 E/QMI_FW  (18639): qmi_cci_get_ref: ref count increased 2
11-19 23:57:01.087 E/wpa_supplicant(18639): eap_proxy: Released QMI EAP service client
11-19 23:57:01.087 I/wpa_supplicant(18639): eap_proxy: eap_proxy Deinitialzed
11-19 23:57:01.136 I/wpa_supplicant(18639): nl80211: deinit ifname=p2p0 disabled_11b_rates=0
11-19 23:57:01.175 D/LOWI-9.0.0.80( 1026): [LOWINetlinkSocketReceiver] unpackRTMLinkMessage: RTM_NEWLINK - ifname p2p0, flags 0x1003 ([UP])
11-19 23:57:01.195 D/LOWI-9.0.0.80( 1026): [LOWINetlinkSocketReceiver] unpackRTMLinkMessage: RTM_NEWLINK - ifname p2p0, flags 0x1002 ()
11-19 23:57:01.209 D/LOWI-9.0.0.80( 1026): [LOWINetlinkSocketReceiver] unpackRTMLinkMessage: RTM_NEWLINK - ifname p2p0, flags 0x1002 ()
11-19 23:57:01.212 I/wpa_supplicant(18639): Try to unregister vendor p2 interface
