11-21 07:58:25.530 D/ConnectivityService( 1186): Switching to new default network: NetworkAgentInfo{ ni{[type: WIFI[], state: CONNECTED/CONNECTED, reason: (unspecified), extra: , failover: false, available: true, roaming: false]}  network{189}  nethandle{815154515981}  lp{{InterfaceName: wlan0 LinkAddresses: [ 192.168.1.41/24 ] DnsAddresses: [ /192.168.1.1 ] Domains: null MTU: 0 ServerAddress: /192.168.1.1 TcpBufferSizes: 524288,1048576,2097152,262144,524288,1048576 Routes: [ fe80::/64 -> :: wlan0 mtu 0,192.168.1.0/24 -> 0.0.0.0 wlan0 mtu 0,0.0.0.0/0 -> 192.168.1.1 wlan0 mtu 0 ]}}  nc{[ Transports: WIFI Capabilities: NOT_METERED&INTERNET&NOT_RESTRICTED&TRUSTED&NOT_VPN&VALIDATED&NOT_ROAMING&FOREGROUND&NOT_CONGESTED&NOT_SUSPENDED LinkUpBandwidth>=61000Kbps LinkDnBandwidth>=61000Kbps SignalStrength: -32 OwnerUid: 1000 SSID: "MTBF_Lab" RequestorUid: -1 RequestorPackageName: null]}  Score{60}  everValidated{true}  lastValidated{true}  created{true} lingering{false} explicitlySelected{false} acceptUnvalidated{false} everCaptivePortalDetected{false} lastCaptivePortalDetected{false} partialConnectivity{false} acceptPartialConnectivity{false} clat{mBaseIface: null, mIface: null, mState: IDLE} }
11-21 07:58:25.625 W/SimpleTimeDetectorStrategy( 1186): Existing suggestion found to be invalid  elapsedRealtimeMillis=144593351, timeSuggestion=TelephonyTimeSuggestion{mSlotIndex='0', mUtcTime=TimestampedValue{mReferenceTimeMillis=57092, mValue=1637365770000}, mDebugInfo=[Sending new time suggestion nitzSignal=TimestampedValue{mReferenceTimeMillis=57092, mValue=NitzData{mOriginalString=21/11/19,23:49:30-32,00, mZoneOffset=-28800000, mDstOffset=0, mCurrentTimeMillis=1637365770000, mEmulatorHostTimeZone=null}}, reason=handleNitzReceived(TimestampedValue{mReferenceTimeMillis=57092, mValue=NitzData{mOriginalString=21/11/19,23:49:30-32,00, mZoneOffset=-28800000, mDstOffset=0, mCurrentTimeMillis=1637365770000, mEmulatorHostTimeZone=null}})]}
11-21 07:58:25.648 D/ConnectivityService( 1186): Lingering [101 CELLULAR] for 30000ms
11-21 07:58:25.651 D/ConnectivityService( 1186): Sending DISCONNECTED broadcast for type 0 [101 CELLULAR] isDefaultNetwork=true
11-21 07:58:25.653 D/ConnectivityService( 1186): Sending CONNECTED broadcast for type 1 [189 WIFI] isDefaultNetwork=true
11-21 07:58:25.676 D/ConnectivityService( 1186): Setting DNS servers for network 189 to [/192.168.1.1]
11-21 07:58:25.677 D/DnsManager( 1186): sendDnsConfigurationForNetwork(189, [192.168.1.1], [], 1800, 25, 8, 64, 0, 0, , [192.168.1.1])
11-21 07:58:25.809 I/Nat464Xlat( 1186): Android Xlat is disabled
11-21 07:58:25.809 I/Nat464Xlat( 1186): Android Xlat is disabled
11-21 07:58:32.041 D/commandrouter( 1006): rtc_sync (1, rtc:sync): <ServiceRequest> FORWARDED (remote -> local) service client ID = 0, token ID = 47222
11-21 07:58:32.041 D/commandrouter( 1006): SocServiceHandle::onServiceMessage, SoC Service = rtc_sync, appType = 1, type = SVC_RESP, clientId = 0, token = 47222, payloadLen = 8, result = 0, payload.size() = 8
11-21 07:58:41.632 D/commandrouter( 1006): SocServiceHandle::onServiceMessage, SoC Service = mcu_healthcheck_1029, appType = 1, type = SVC_REQ, clientId = 0, token = 4817, payloadLen = 12, result = 0, payload.size() = 12
11-21 07:58:41.635 D/commandrouter( 1006): mcu_healthcheck_1029 (1, merlot:mcu_health:control): <ServiceResponse> FORWARDED (remote -> local) CR token ID = 4817, service client ID = 40, token ID = 62006, result = 0
11-21 07:58:41.636 D/mculinkhealth( 1029): isMcuReachable 1 (4 ms)
11-21 07:58:42.031 D/commandrouter( 1006): rtc_sync (1, rtc:sync): <ServiceRequest> FORWARDED (remote -> local) service client ID = 0, token ID = 47223
11-21 07:58:42.031 D/commandrouter( 1006): SocServiceHandle::onServiceMessage, SoC Service = rtc_sync, appType = 1, type = SVC_RESP, clientId = 0, token = 47223, payloadLen = 8, result = 0, payload.size() = 8
11-21 07:58:44.434 D/AutofillManagerService( 1186): onBackKeyPressed()
11-21 07:58:45.493 I/chatty  ( 1186): uid=1000(system) android.ui identical 2 lines
11-21 07:58:46.724 D/AutofillManagerService( 1186): onBackKeyPressed()
11-21 07:58:47.173 W/ActivityManager( 1186): Invalid packageName: com.facebook.wearable.system.settings/com.facebook.wearable.system.settings.SettingsActivity
11-21 07:58:47.285 I/ActivityTaskManager( 1186): START u0 {flg=0x10000000 cmp=com.facebook.wearable.system.settings/.SettingsActivity} from uid 0
11-21 07:58:47.307 I/ActivityTaskManager( 1186): The Process com.facebook.wearable.system.settings Already Exists in BG. So sending its PID: 10851
11-21 07:58:47.308 W/ActivityTaskManager( 1186): Tried to set launchTime (0) < mLastActivityLaunchTime (144584035)
11-21 07:58:49.110 D/ConnectivityService( 1186): requestNetwork for uid/pid:10004/17409 NetworkRequest [ TRACK_DEFAULT id=2223, [ Capabilities: INTERNET&NOT_RESTRICTED&TRUSTED Uid: 10004 AdministratorUids: [] RequestorUid: 10004 RequestorPackageName: com.facebook.wearable.system.telecom] ]
11-21 07:58:49.112 D/ConnectivityService( 1186): NetReassign [2223 : null → 189]
11-21 07:58:49.293 D/ConnectivityService( 1186): releasing NetworkRequest [ TRACK_DEFAULT id=2223, [ Capabilities: INTERNET&NOT_RESTRICTED&TRUSTED Uid: 10004 AdministratorUids: [] RequestorUid: 10004 RequestorPackageName: com.facebook.wearable.system.telecom] ] (release request)
11-21 07:58:50.107 E/TaskPersister( 1186): File error accessing recents directory (directory doesn't exist?).
11-21 07:58:52.021 D/commandrouter( 1006): rtc_sync (1, rtc:sync): <ServiceRequest> FORWARDED (remote -> local) service client ID = 0, token ID = 47224
11-21 07:58:52.022 D/commandrouter( 1006): SocServiceHandle::onServiceMessage, SoC Service = rtc_sync, appType = 1, type = SVC_RESP, clientId = 0, token = 47224, payloadLen = 8, result = 0, payload.size() = 8
11-21 07:58:54.406 D/AnalyticsLogger( 1186): sent events: 13
11-21 07:58:54.888 W/ContextImpl( 1186): Calling a method in the system process without a qualified user: android.app.ContextImpl.sendBroadcastMultiplePermissions:1143 android.content.Context.sendBroadcastWithMultiplePermissions:2150 com.android.server.display.WifiDisplayAdapter.handleSendStatusChangeBroadcast:440 com.android.server.display.WifiDisplayAdapter.access$1700:63 com.android.server.display.WifiDisplayAdapter$WifiDisplayHandler.handleMessage:675 
11-21 07:58:55.456 D/ConnectivityService( 1186): [189 WIFI] EVENT_NETWORK_INFO_CHANGED, going from CONNECTED to DISCONNECTED
11-21 07:58:55.456 D/ConnectivityService( 1186): [189 WIFI] disconnected, was satisfying 26
11-21 07:58:55.539 I/Nat464Xlat( 1186): Android Xlat is disabled
11-21 07:58:55.539 I/Nat464Xlat( 1186): Android Xlat is disabled
11-21 07:58:55.572 D/ConnectivityService( 1186): Sending DISCONNECTED broadcast for type 1 [189 WIFI] isDefaultNetwork=true
11-21 07:58:55.590 D/ConnectivityService( 1186): NetReassign [44 : null → 101, 11 : null → 101, 63 : null → 101, 17 : null → 101, 25 : null → 101, 2222 : null → 101, 1438 : null → 101, 1 : null → 101, 8 : null → 101, 2214 : null → 101, 12 : null → 101, 14 : null → 101, 16 : null → 101, 22 : null → 101, 1515 : null → 101]
11-21 07:58:55.595 E/NetlinkEvent(  462): NetlinkEvent::FindParam(): Parameter 'INTERFACE' not found
11-21 07:58:55.595 E/NetlinkEvent(  462): NetlinkEvent::FindParam(): Parameter 'STATE' not found
11-21 07:58:55.595 E/NetlinkEvent(  462): NetlinkEvent::FindParam(): Parameter 'TIME_NS' not found
11-21 07:58:55.595 E/NetlinkEvent(  462): NetlinkEvent::FindParam(): Parameter 'UID' not found
11-21 07:58:55.618 D/ConnectivityService( 1186): Switching to new default network: NetworkAgentInfo{ ni{[type: MOBILE[LTE], state: CONNECTED/CONNECTED, reason: (unspecified), extra: enhancedphone, failover: false, available: true, roaming: false]}  network{101}  nethandle{437197393933}  lp{{InterfaceName: rmnet_data2 LinkAddresses: [ 10.55.48.101/30,2600:381:4804:c4b6:8cdc:8f0b:afe1:ec6b/64 ] DnsAddresses: [ /172.26.38.2,/fc00:a:a::400 ] Domains: null MTU: 1430 TcpBufferSizes: 2097152,4194304,8388608,262144,524288,1048576 Routes: [ 0.0.0.0/0 -> 10.55.48.102 rmnet_data2 mtu 1430,::/0 -> fe80::9db2:334d:2872:1e0a rmnet_data2 mtu 1430,10.55.48.100/30 -> 0.0.0.0 rmnet_data2 mtu 0,2600:381:4804:c4b6::/64 -> :: rmnet_data2 mtu 0 ]}}  nc{[ Transports: CELLULAR Capabilities: MMS&SUPL&FOTA&INTERNET&NOT_RESTRICTED&TRUSTED&NOT_VPN&VALIDATED&NOT_ROAMING&FOREGROUND&NOT_CONGESTED&NOT_SUSPENDED LinkUpBandwidth>=15000Kbps LinkDnBandwidth>=30000Kbps Specifier: <TelephonyNetworkSpecifier [mSubId = 1]> AdministratorUids: [] RequestorUid: -1 RequestorPackageName: null]}  Score{50}  everValidated{true}  lastValidated{true}  created{true} lingering{true} explicitlySelected{false} acceptUnvalidated{false} everCaptivePortalDetected{false} lastCaptivePortalDetected{false} partialConnectivity{false} acceptPartialConnectivity{false} clat{mBaseIface: null, mIface: null, mState: IDLE} }
11-21 07:58:55.756 W/SimpleTimeDetectorStrategy( 1186): Existing suggestion found to be invalid  elapsedRealtimeMillis=144623482, timeSuggestion=TelephonyTimeSuggestion{mSlotIndex='0', mUtcTime=TimestampedValue{mReferenceTimeMillis=57092, mValue=1637365770000}, mDebugInfo=[Sending new time suggestion nitzSignal=TimestampedValue{mReferenceTimeMillis=57092, mValue=NitzData{mOriginalString=21/11/19,23:49:30-32,00, mZoneOffset=-28800000, mDstOffset=0, mCurrentTimeMillis=1637365770000, mEmulatorHostTimeZone=null}}, reason=handleNitzReceived(TimestampedValue{mReferenceTimeMillis=57092, mValue=NitzData{mOriginalString=21/11/19,23:49:30-32,00, mZoneOffset=-28800000, mDstOffset=0, mCurrentTimeMillis=1637365770000, mEmulatorHostTimeZone=null}})]}
11-21 07:58:55.779 D/ConnectivityService( 1186): Unlingering [101 CELLULAR]
11-21 07:58:55.780 D/ConnectivityService( 1186): Sending CONNECTED broadcast for type 0 [101 CELLULAR] isDefaultNetwork=true
11-21 07:58:59.689 D/AutofillManagerService( 1186): onBackKeyPressed()
11-21 07:59:00.752 I/chatty  ( 1186): uid=1000(system) android.ui identical 2 lines
11-21 07:59:01.983 D/AutofillManagerService( 1186): onBackKeyPressed()
11-21 07:59:02.012 D/commandrouter( 1006): rtc_sync (1, rtc:sync): <ServiceRequest> FORWARDED (remote -> local) service client ID = 0, token ID = 47225
11-21 07:59:02.012 D/commandrouter( 1006): SocServiceHandle::onServiceMessage, SoC Service = rtc_sync, appType = 1, type = SVC_RESP, clientId = 0, token = 47225, payloadLen = 8, result = 0, payload.size() = 8
11-21 07:59:02.626 D/AutofillManagerService( 1186): onBackKeyPressed()
11-21 07:59:03.619 D/AutofillManagerService( 1186): onBackKeyPressed()
11-21 07:59:04.266 E/TaskPersister( 1186): File error accessing recents directory (directory doesn't exist?).
11-21 07:59:04.633 D/AutofillManagerService( 1186): onBackKeyPressed()
11-21 07:59:05.594 D/AutofillManagerService( 1186): onBackKeyPressed()
11-21 07:59:06.170 W/ActivityManager( 1186): Invalid packageName: com.facebook.wearable.system.settings/com.facebook.wearable.system.settings.SettingsActivity
11-21 07:59:06.294 I/ActivityTaskManager( 1186): START u0 {flg=0x10000000 cmp=com.facebook.wearable.system.settings/.SettingsActivity} from uid 0
11-21 07:59:06.312 I/ActivityTaskManager( 1186): The Process com.facebook.wearable.system.settings Already Exists in BG. So sending its PID: 10851
11-21 07:59:06.312 W/ActivityTaskManager( 1186): Tried to set launchTime (0) < mLastActivityLaunchTime (144615035)
11-21 07:59:10.411 E/TaskPersister( 1186): File error accessing recents directory (directory doesn't exist?).
11-21 07:59:11.637 D/commandrouter( 1006): SocServiceHandle::onServiceMessage, SoC Service = mcu_healthcheck_1029, appType = 1, type = SVC_REQ, clientId = 0, token = 4818, payloadLen = 12, result = 0, payload.size() = 12
11-21 07:59:11.641 D/commandrouter( 1006): mcu_healthcheck_1029 (1, merlot:mcu_health:control): <ServiceResponse> FORWARDED (remote -> local) CR token ID = 4818, service client ID = 40, token ID = 62007, result = 0
11-21 07:59:11.642 D/mculinkhealth( 1029): isMcuReachable 1 (5 ms)
11-21 07:59:12.006 D/commandrouter( 1006): rtc_sync (1, rtc:sync): <ServiceRequest> FORWARDED (remote -> local) service client ID = 0, token ID = 47226
11-21 07:59:12.006 D/commandrouter( 1006): SocServiceHandle::onServiceMessage, SoC Service = rtc_sync, appType = 1, type = SVC_RESP, clientId = 0, token = 47226, payloadLen = 8, result = 0, payload.size() = 8
11-21 07:59:13.039 W/ContextImpl( 1186): Calling a method in the system process without a qualified user: android.app.ContextImpl.sendBroadcastMultiplePermissions:1143 android.content.Context.sendBroadcastWithMultiplePermissions:2150 com.android.server.display.WifiDisplayAdapter.handleSendStatusChangeBroadcast:440 com.android.server.display.WifiDisplayAdapter.access$1700:63 com.android.server.display.WifiDisplayAdapter$WifiDisplayHandler.handleMessage:675 
11-21 07:59:14.114 W/ContextImpl( 1186): Calling a method in the system process without a qualified user: android.app.ContextImpl.sendBroadcastMultiplePermissions:1143 android.content.Context.sendBroadcastWithMultiplePermissions:2150 com.android.server.wifi.p2p.WifiP2pServiceImpl$P2pStateMachine.sendBroadcastMultiplePermissions:3209 com.android.server.wifi.p2p.WifiP2pServiceImpl$P2pStateMachine.sendP2pConnectionChangedBroadcast:3236 com.android.server.wifi.p2p.WifiP2pServiceImpl$P2pStateMachine.access$5100:768 
11-21 07:59:14.115 W/BroadcastQueue( 1186): Permission Denial: receiving Intent { act=android.net.wifi.p2p.CONNECTION_STATE_CHANGE flg=0x24000010 (has extras) } to ProcessRecord{688c834 1907:.qtidataservices/u0a88} (pid=1907, uid=10088) requires android.permission.ACCESS_FINE_LOCATION due to sender android (uid 1000)
11-21 07:59:14.122 W/ContextImpl( 1186): Calling a method in the system process without a qualified user: android.app.ContextImpl.sendBroadcastMultiplePermissions:1143 android.content.Context.sendBroadcastWithMultiplePermissions:2150 com.android.server.wifi.p2p.WifiP2pServiceImpl$P2pStateMachine.sendBroadcastMultiplePermissions:3209 com.android.server.wifi.p2p.WifiP2pServiceImpl$P2pStateMachine.sendThisDeviceChangedBroadcast:3218 com.android.server.wifi.p2p.WifiP2pServiceImpl$P2pStateMachine.updateThisDevice:3962 
11-21 07:59:14.182 W/wificond(  911): Scan is not started. Ignore abort request
11-21 07:59:15.511 D/ConnectivityService( 1186): registerNetworkAgent NetworkAgentInfo{ ni{[type: WIFI[], state: UNKNOWN/IDLE, reason: (unspecified), extra: , failover: false, available: true, roaming: false]}  network{190}  nethandle{819449483277}  lp{{InterfaceName: wlan0 LinkAddresses: [ ] DnsAddresses: [ ] Domains: null MTU: 0 Routes: [ ]}}  nc{[ Transports: WIFI Capabilities: NOT_METERED&INTERNET&NOT_RESTRICTED&TRUSTED&NOT_VPN&NOT_ROAMING&FOREGROUND&NOT_CONGESTED&NOT_SUSPENDED LinkUpBandwidth>=72000Kbps LinkDnBandwidth>=72000Kbps OwnerUid: 1000 SSID: "MTBF_Lab" RequestorUid: -1 RequestorPackageName: null]}  Score{20}  everValidated{false}  lastValidated{false}  created{false} lingering{false} explicitlySelected{false} acceptUnvalidated{false} everCaptivePortalDetected{false} lastCaptivePortalDetected{false} partialConnectivity{false} acceptPartialConnectivity{false} clat{mBaseIface: null, mIface: null, mState: IDLE} }
11-21 07:59:15.550 D/ConnectivityService( 1186): [190 WIFI] EVENT_NETWORK_INFO_CHANGED, going from UNKNOWN to UNKNOWN
11-21 07:59:15.704 D/ConnectivityService( 1186): NetReassign [no changes]
11-21 07:59:15.735 I/Nat464Xlat( 1186): Android Xlat is disabled
11-21 07:59:15.735 I/Nat464Xlat( 1186): Android Xlat is disabled
11-21 07:59:15.851 E/ConnectivityService( 1186): Exception in networkAddRouteParcel for non-gateway: android.os.ServiceSpecificException: Machine is not on the network (code 64)
11-21 07:59:15.852 E/ConnectivityService( 1186): Exception in networkAddRouteParcel for gateway: android.os.ServiceSpecificException: Machine is not on the network (code 64)
11-21 07:59:15.852 I/Nat464Xlat( 1186): Android Xlat is disabled
--------- beginning of main
11-21 07:59:15.874 D/BluetoothVendorService( 1710): setWifiState to: true
11-21 07:59:15.874 I/BluetoothVendorJni( 1710): setWifiStateNative
11-21 07:59:15.874 I/bt_btif_vendor( 1710): setWifiState :1
11-21 07:59:15.877 D/WifiConnector( 2870): Configured Networks Changed
11-21 07:59:15.898 I/chatty  ( 1186): uid=1000(system) pool-9-thread-1 expire 3 lines
11-21 07:59:15.919 E/QMI_FW  (  915): qmi_cci_get_ref: ref count increased 2
11-21 07:59:15.852 I/Nat464Xlat( 1186): Android Xlat is disabled
11-21 07:59:15.926 D/ConnectivityService( 1186): Setting DNS servers for network 190 to [/192.168.1.1]
11-21 07:59:15.930 I/Nat464Xlat( 1186): Android Xlat is disabled
11-21 07:59:15.920 E/QMI_FW  (  915): qmi_cci_get_ref: ref count increased 2
11-21 07:59:15.954 E/QMI_FW  ( 1042): qmi_cci_get_ref: ref count increased 2
11-21 07:59:15.954 E/QMI_FW  ( 1042): qmi_cci_get_ref: ref count increased 2
11-21 07:59:15.955 E/QMI_FW  ( 1042): qmi_cci_get_ref: ref count increased 2
11-21 07:59:15.930 I/Nat464Xlat( 1186): Android Xlat is disabled
11-21 07:59:16.010 D/ConnectivityService( 1186): [190 WIFI] EVENT_NETWORK_INFO_CHANGED, going from UNKNOWN to CONNECTED
11-21 07:59:16.020 D/DnsManager( 1186): sendDnsConfigurationForNetwork(190, [192.168.1.1], [], 1800, 25, 8, 64, 0, 0, , [])
11-21 07:59:16.024 W/DnsManager( 1186): updatePrivateDns(190, PrivateDnsConfig{true:/[]})
11-21 07:59:16.025 D/ConnectivityService( 1186): Setting DNS servers for network 190 to [/192.168.1.1]
11-21 07:59:16.025 D/DnsManager( 1186): sendDnsConfigurationForNetwork(190, [192.168.1.1], [], 1800, 25, 8, 64, 0, 0, , [192.168.1.1])
11-21 07:59:16.027 D/ConnectivityService( 1186): Adding iface wlan0 to network 190
11-21 07:59:16.033 W/resolv  (  462): Validating DnsTlsServer on netId 190
11-21 07:59:16.055 W/resolv  (  462): Validation failed
11-21 07:59:16.065 D/ConnectivityService( 1186): Setting DNS servers for network 190 to [/192.168.1.1]
11-21 07:59:16.066 D/DnsManager( 1186): sendDnsConfigurationForNetwork(190, [192.168.1.1], [], 1800, 25, 8, 64, 0, 0, , [192.168.1.1])
11-21 07:59:16.067 I/Nat464Xlat( 1186): Android Xlat is disabled
11-21 07:59:16.077 W/resolv  (  462): Validating DnsTlsServer on netId 190
11-21 07:59:16.133 I/chatty  ( 1186): uid=1000(system) WifiHandlerThre expire 10 lines
11-21 07:59:16.067 I/Nat464Xlat( 1186): Android Xlat is disabled
11-21 07:59:16.137 D/ConnectivityService( 1186): NetReassign [no changes]
11-21 07:59:16.140 W/resolv  (  462): SSL_connect ssl error =5, mark 0xf00be: Connection refused
11-21 07:59:16.141 W/resolv  (  462): Validation failed
11-21 07:59:16.151 D/QCNEJ/WlanStaInfoRelay( 1907): network available: 190
11-21 07:59:16.161 D/QCNEJ/NativeHalConnector( 1907): -> SND notifyWifiAvailable(v4Connected = truev6Connected = , false, isAndroidValidated = false)
11-21 07:59:16.170 D/QCNEJ/NativeHalConnector( 1907): -> SND notifyWifiAvailable(v4Connected = truev6Connected = , false, isAndroidValidated = false)
11-21 07:59:16.278 I/chatty  ( 1186): uid=1000 system_server expire 3 lines
11-21 07:59:16.282 I/chatty  ( 1186): uid=1000 system_server expire 2 lines
11-21 07:59:16.317 D/AppStorageManager( 1186): BEFORE:: Previous Size: 980058112 Current Size: 979865600
11-21 07:59:16.317 D/AppStorageManager( 1186): AFTER:: Previous Size: 979865600 Current Size: 979865600
11-21 07:59:16.436 I/chatty  ( 1186): uid=1000 system_server expire 1 line
11-21 07:59:16.440 D/ConnectivityService( 1186): [190 WIFI] validation passed
11-21 07:59:16.440 D/ConnectivityService( 1186): NetReassign [44 : 101 → 190, 11 : 101 → 190, 63 : 101 → 190, 17 : 101 → 190, 25 : 101 → 190, 2222 : 101 → 190, 1438 : 101 → 190, 1 : 101 → 190, 8 : 101 → 190, 2214 : 101 → 190, 12 : 101 → 190, 14 : 101 → 190, 16 : 101 → 190, 22 : 101 → 190, 1515 : 101 → 190]
11-21 07:59:16.444 E/NetlinkEvent(  462): NetlinkEvent::FindParam(): Parameter 'INTERFACE' not found
11-21 07:59:16.444 E/NetlinkEvent(  462): NetlinkEvent::FindParam(): Parameter 'STATE' not found
11-21 07:59:16.444 E/NetlinkEvent(  462): NetlinkEvent::FindParam(): Parameter 'TIME_NS' not found
11-21 07:59:16.444 E/NetlinkEvent(  462): NetlinkEvent::FindParam(): Parameter 'UID' not found
11-21 07:59:16.460 D/ConnectivityService( 1186): Switching to new default network: NetworkAgentInfo{ ni{[type: WIFI[], state: CONNECTED/CONNECTED, reason: (unspecified), extra: , failover: false, available: true, roaming: false]}  network{190}  nethandle{819449483277}  lp{{InterfaceName: wlan0 LinkAddresses: [ 192.168.1.41/24 ] DnsAddresses: [ /192.168.1.1 ] Domains: null MTU: 0 ServerAddress: /192.168.1.1 TcpBufferSizes: 524288,1048576,2097152,262144,524288,1048576 Routes: [ fe80::/64 -> :: wlan0 mtu 0,192.168.1.0/24 -> 0.0.0.0 wlan0 mtu 0,0.0.0.0/0 -> 192.168.1.1 wlan0 mtu 0 ]}}  nc{[ Transports: WIFI Capabilities: NOT_METERED&INTERNET&NOT_RESTRICTED&TRUSTED&NOT_VPN&VALIDATED&NOT_ROAMING&FOREGROUND&NOT_CONGESTED&NOT_SUSPENDED LinkUpBandwidth>=61000Kbps LinkDnBandwidth>=61000Kbps SignalStrength: -29 OwnerUid: 1000 SSID: "MTBF_Lab" RequestorUid: -1 RequestorPackageName: null]}  Score{60}  everValidated{true}  lastValidated{true}  created{true} lingering{false} explicitlySelected{false} acceptUnvalidated{false} everCaptivePortalDetected{false} lastCaptivePortalDetected{false} partialConnectivity{false} acceptPartialConnectivity{false} clat{mBaseIface: null, mIface: null, mState: IDLE} }
11-21 07:59:16.578 I/chatty  ( 1186): uid=1000(system) NetworkTimeUpda expire 1 line
11-21 07:59:16.579 V/LigerRadioStatsReporter( 2357): onCapabilitiesChanged: Network capabilities changed
11-21 07:59:16.585 W/SimpleTimeDetectorStrategy( 1186): Existing suggestion found to be invalid  elapsedRealtimeMillis=144644311, timeSuggestion=TelephonyTimeSuggestion{mSlotIndex='0', mUtcTime=TimestampedValue{mReferenceTimeMillis=57092, mValue=1637365770000}, mDebugInfo=[Sending new time suggestion nitzSignal=TimestampedValue{mReferenceTimeMillis=57092, mValue=NitzData{mOriginalString=21/11/19,23:49:30-32,00, mZoneOffset=-28800000, mDstOffset=0, mCurrentTimeMillis=1637365770000, mEmulatorHostTimeZone=null}}, reason=handleNitzReceived(TimestampedValue{mReferenceTimeMillis=57092, mValue=NitzData{mOriginalString=21/11/19,23:49:30-32,00, mZoneOffset=-28800000, mDstOffset=0, mCurrentTimeMillis=1637365770000, mEmulatorHostTimeZone=null}})]}
11-21 07:59:16.607 D/DeviceAuthService(24158): Network connected
11-21 07:59:16.607 D/DeviceAuthService(24158): fetchAuthTokenWrapper called
11-21 07:59:16.612 D/QCNEJ/DefaultNetworkInfoRelay( 1907): Default network available: 190
11-21 07:59:16.613 D/ConnectivityService( 1186): Lingering [101 CELLULAR] for 30000ms
11-21 07:59:16.613 D/QCNEJ/NativeHalConnector( 1907): -> SND notifyDefaultNetworkChanged(1)
11-21 07:59:16.614 D/ConnectivityService( 1186): Sending DISCONNECTED broadcast for type 0 [101 CELLULAR] isDefaultNetwork=true
11-21 07:59:16.619 D/ConnectivityService( 1186): Sending CONNECTED broadcast for type 1 [190 WIFI] isDefaultNetwork=true
11-21 07:59:16.621 I/chatty  ( 1186): uid=1000(system) android.fg expire 1 line
11-21 07:59:16.623 I/chatty  (  527): uid=1021(gps) Loc_hal_worker expire 1 line
11-21 07:59:16.625 I/chatty  ( 1027): uid=1021(gps) LocApiMsgTask expire 2 lines
11-21 07:59:16.631 I/chatty  ( 1027): uid=1021(gps) LocApiMsgTask expire 1 line
11-21 07:59:16.631 E/QMI_FW  (  915): qmi_cci_get_ref: ref count increased 2
11-21 07:59:16.632 E/QMI_FW  (  915): qmi_cci_get_ref: ref count increased 2
11-21 07:59:16.642 D/DeviceAuthService(24158): isOculusAddressResolvable returned true
11-21 07:59:16.642 D/DeviceAuthenticator(24158): Fetching new credentials asynchronously
11-21 07:59:16.646 D/DeviceAuthenticator(24158): Calling DeviceAuth.authenticate()
11-21 07:59:16.650 V/LigerRadioStatsReporter( 2357): onCapabilitiesChanged: Network capabilities changed
11-21 07:59:16.650 V/LigerRadioStatsReporter( 2357): reportAndCheckpointRadioStats
11-21 07:59:16.651 V/LigerRadioStatsReporter( 2357): +++++++++++ RADIO STATS DUMP +++++++++++
11-21 07:59:16.651 V/LigerRadioStatsReporter( 2357): totalActiveRadioTimeMs=0
11-21 07:59:16.651 V/LigerRadioStatsReporter( 2357): totalTailRadioTimeMs=13994
11-21 07:59:16.651 V/LigerRadioStatsReporter( 2357): totalWakeupCount=0
11-21 07:59:16.651 V/LigerRadioStatsReporter( 2357): httpUpBytes=0
11-21 07:59:16.651 V/LigerRadioStatsReporter( 2357): httpDownBytes=0
11-21 07:59:16.651 V/LigerRadioStatsReporter( 2357): httpWakeupCount=0
11-21 07:59:16.651 V/LigerRadioStatsReporter( 2357): httpRequestCount=0
11-21 07:59:16.651 V/LigerRadioStatsReporter( 2357): httpActiveRadioTimeMs=0
11-21 07:59:16.651 V/LigerRadioStatsReporter( 2357): httpTailRadioTimeMs=13994
11-21 07:59:16.651 D/QCNEJ/WlanStaInfoRelay( 1907): AndroidValidate from false to true
11-21 07:59:16.651 V/LigerRadioStatsReporter( 2357): reportAndCheckpointRadioStats: Tx=0
11-21 07:59:16.651 V/LigerRadioStatsReporter( 2357): reportAndCheckpointRadioStats: Rx=0
11-21 07:59:16.651 V/LigerRadioStatsReporter( 2357): reportAndCheckpointRadioStats: Uids=10027
11-21 07:59:16.652 V/LigerRadioStatsReporter( 2357): reportAndCheckpointRadioStats: Tags=null
11-21 07:59:16.653 D/ConnectivityService( 1186): Setting DNS servers for network 190 to [/192.168.1.1]
11-21 07:59:16.654 D/DnsManager( 1186): sendDnsConfigurationForNetwork(190, [192.168.1.1], [], 1800, 25, 8, 64, 0, 0, , [192.168.1.1])
11-21 07:59:16.654 E/DeviceCertService(  545): This device *might* have a provisioning issue. Please run `maui provision check` to verify.
11-21 07:59:16.654 E/DeviceCertService(  545): See https://fburl.com/wiki/a9hho0p9 for more information.
11-21 07:59:16.654 E/DeviceCertService(  545): Could not access certificate file '/mnt/vendor/persist/certificates/device_identityinsecure.crt', error 2: No such file or directory
11-21 07:59:16.655 E/DeviceAuthenticator(24158): ERROR: java.lang.RuntimeException: devicecert returned error FILESYSTEM_ERROR
11-21 07:59:16.655 E/DeviceAuthenticator(24158): 
11-21 07:59:16.655 E/DeviceAuthenticator(24158): com.facebook.mos.sdk.devicecert.DeviceIdentityException: java.lang.RuntimeException: devicecert returned error FILESYSTEM_ERROR
11-21 07:59:16.655 E/DeviceAuthenticator(24158): 
11-21 07:59:16.656 W/resolv  (  462): Validating DnsTlsServer on netId 190
11-21 07:59:16.659 D/QCNEJ/WlanStaInfoRelay( 1907): retrieveCountryCode:Location obtained from Telephony: us
11-21 07:59:16.659 W/resolv  (  462): SSL_connect ssl error =5, mark 0xf00be: Connection refused
11-21 07:59:16.659 W/resolv  (  462): Validation failed
11-21 07:59:16.673 E/QMI_FW  ( 1042): qmi_cci_get_ref: ref count increased 2
11-21 07:59:16.677 E/QMI_FW  ( 1042): qmi_cci_get_ref: ref count increased 2
11-21 07:59:16.679 E/QMI_FW  (  915): qmi_cci_get_ref: ref count increased 2
11-21 07:59:16.680 D/WifiConnector( 2870): Configured Networks Changed
11-21 07:59:16.681 E/QMI_FW  (  915): qmi_cci_get_ref: ref count increased 2
11-21 07:59:16.685 D/PhoneInterfaceManager( 1984): setModemActivityInfo
11-21 07:59:16.685 D/FbSideCarManager( 1984): setModemActivityInfo
11-21 07:59:16.685 D/FbSideCarManager( 1984): setModemActivityInfo
11-21 07:59:16.693 E/QMI_FW  ( 1042): qmi_cci_get_ref: ref count increased 2
11-21 07:59:16.694 D/WirelessInsightServiceImpl( 1984): setModemActivityInfo
11-21 07:59:16.694 E/QMI_FW  ( 1042): qmi_cci_get_ref: ref count increased 2
11-21 07:59:16.694 D/FbSideCarManager( 1984): setModemActivityInfoInternal success
11-21 07:59:16.694 D/PhoneInterfaceManager( 1984): setModemActivityInfo: success.
11-21 07:59:16.694 D/WirelessInsightServiceImpl( 1984): notifyListeners: listeners = 0, modemActivityInfo = ModemActivityInfo{ mTimestamp=144644410 mSleepTimeMs=63217495 mIdleTimeMs=568298 mTransmitPowerInfo[]=[TransmitPower{ mTimeInMillis=606 mPowerRangeInDbm={-2147483648,0}}, TransmitPower{ mTimeInMillis=1896892 mPowerRangeInDbm={0,5}}, TransmitPower{ mTimeInMillis=737828 mPowerRangeInDbm={5,15}}, TransmitPower{ mTimeInMillis=133213 mPowerRangeInDbm={15,20}}, TransmitPower{ mTimeInMillis=1620952 mPowerRangeInDbm={20,2147483647}}] mRxTimeMs=76434149}
11-21 07:59:16.746 E/QMI_FW  ( 1042): qmi_cci_get_ref: ref count increased 2
11-21 07:59:16.757 E/QMI_FW  ( 1042): qmi_cci_get_ref: ref count increased 2
11-21 07:59:16.768 I/chatty  ( 1042): uid=1001(radio) main identical 6 lines
11-21 07:59:16.769 E/QMI_FW  ( 1042): qmi_cci_get_ref: ref count increased 2
11-21 07:59:16.835 E/QMI_FW  ( 1042): qmi_cci_get_ref: ref count increased 2
11-21 07:59:16.849 I/chatty  ( 1042): uid=1001(radio) main identical 6 lines
11-21 07:59:16.852 E/QMI_FW  ( 1042): qmi_cci_get_ref: ref count increased 2
11-21 07:59:16.855 E/QMI_FW  ( 1042): qmi_cci_get_ref: ref count increased 2
11-21 07:59:17.320 I/Nat464Xlat( 1186): Android Xlat is disabled
11-21 07:59:16.863 I/chatty  ( 1042): uid=1001(radio) main identical 6 lines
11-21 07:59:16.864 E/QMI_FW  ( 1042): qmi_cci_get_ref: ref count increased 2
11-21 07:59:17.321 D/QCNEJ/WlanStaInfoRelay( 1907): Received action: android.net.wifi.LINK_CONFIGURATION_CHANGED
11-21 07:59:17.321 E/QCNEJ/WlanStaInfoRelay( 1907): update link properties given null lp
11-21 07:59:17.389 D/QCNEJ/NativeHalConnector( 1907): -> SND notifyWifiAvailable(v4Connected = truev6Connected = , false, isAndroidValidated = true)
11-21 07:59:18.461 D/mcu_health_checker(  934): Sent MCU Health Request
11-21 07:59:17.320 I/Nat464Xlat( 1186): Android Xlat is disabled
11-21 07:59:18.462 D/commandrouter( 1006): SocServiceHandle::onServiceMessage, SoC Service = mcu_healthcheck_934, appType = 1, type = SVC_REQ, clientId = 0, token = 2409, payloadLen = 20, result = 0, payload.size() = 20
11-21 07:59:18.465 D/commandrouter( 1006): mcu_healthcheck_934 (1, merlot:mcu_health:control): <ServiceResponse> FORWARDED (remote -> local) CR token ID = 2409, service client ID = 5, token ID = 62008, result = 0
11-21 07:59:18.465 D/mcu_health_checker(  934): MCU Health Response: MCU_OK
11-21 07:59:18.465 D/mcu_health_checker(  934): MCU Session 0, uptime = 144599122 ms
11-21 07:59:18.466 D/mcu_health_checker(  934): mSensorErrs[0]: 0
11-21 07:59:18.466 D/mcu_health_checker(  934): mSensorErrs[1]: 0
11-21 07:59:18.466 D/mcu_health_checker(  934): mSensorErrs[2]: 0
11-21 07:59:18.769 D/WearableConnectivityManager(21108): onWifiStrengthChange: -31
11-21 07:59:18.770 D/QCNEJ/WlanStaInfoRelay( 1907): Received action: android.net.wifi.RSSI_CHANGED
11-21 07:59:18.777 V/LigerRadioStatsReporter( 2357): onCapabilitiesChanged: Network capabilities changed
11-21 07:59:18.777 V/LigerRadioStatsReporter( 2357): reportAndCheckpointRadioStats
11-21 07:59:18.778 V/LigerRadioStatsReporter( 2357): +++++++++++ RADIO STATS DUMP +++++++++++
11-21 07:59:18.778 V/LigerRadioStatsReporter( 2357): totalActiveRadioTimeMs=0
11-21 07:59:18.778 V/LigerRadioStatsReporter( 2357): totalTailRadioTimeMs=13994
11-21 07:59:18.778 V/LigerRadioStatsReporter( 2357): totalWakeupCount=0
11-21 07:59:18.778 V/LigerRadioStatsReporter( 2357): httpUpBytes=0
11-21 07:59:18.778 V/LigerRadioStatsReporter( 2357): httpDownBytes=0
11-21 07:59:18.778 V/LigerRadioStatsReporter( 2357): httpWakeupCount=0
11-21 07:59:18.779 V/LigerRadioStatsReporter( 2357): httpRequestCount=0
11-21 07:59:18.779 V/LigerRadioStatsReporter( 2357): httpActiveRadioTimeMs=0
11-21 07:59:18.779 V/LigerRadioStatsReporter( 2357): httpTailRadioTimeMs=13994
11-21 07:59:18.779 V/LigerRadioStatsReporter( 2357): reportAndCheckpointRadioStats: Tx=0
11-21 07:59:18.779 V/LigerRadioStatsReporter( 2357): reportAndCheckpointRadioStats: Rx=0
11-21 07:59:18.779 V/LigerRadioStatsReporter( 2357): reportAndCheckpointRadioStats: Uids=10027
11-21 07:59:18.779 V/LigerRadioStatsReporter( 2357): reportAndCheckpointRadioStats: Tags=null
11-21 07:59:20.948 I/mcucapture( 1400): 144600596 [info   ] {gst }: 0 WRIST_TILT, 0 WRIST_DOWN gestures were triggered since last update
11-21 07:59:22.000 D/commandrouter( 1006): rtc_sync (1, rtc:sync): <ServiceRequest> FORWARDED (remote -> local) service client ID = 0, token ID = 47227
11-21 07:59:22.001 D/vendor.facebook.rtc_sync@1.0-service( 1145): Request req_ts=1637481562000398323 resp_ts=1637481562001156288
11-21 07:59:22.001 D/commandrouter( 1006): SocServiceHandle::onServiceMessage, SoC Service = rtc_sync, appType = 1, type = SVC_RESP, clientId = 0, token = 47227, payloadLen = 8, result = 0, payload.size() = 8
11-21 07:59:22.378 E/QMI_FW  ( 1042): qmi_cci_get_ref: ref count increased 2
11-21 07:59:22.378 E/QMI_FW  ( 1042): qmi_cci_get_ref: ref count increased 2
11-21 07:59:22.379 E/QMI_FW  ( 1042): qmi_cci_get_ref: ref count increased 2
11-21 07:59:28.003 E/QMI_FW  (  943): qmi_cci_get_ref: ref count increased 2
11-21 07:59:28.004 E/QMI_FW  ( 1042): qmi_cci_get_ref: ref count increased 2
11-21 07:59:28.004 I/chatty  ( 1042): uid=1001(radio) WorkerThread:0 identical 1 line
11-21 07:59:28.006 E/QMI_FW  ( 1042): qmi_cci_get_ref: ref count increased 2
11-21 07:59:28.015 E/QMI_FW  ( 1042): qmi_cci_get_ref: ref count increased 2
11-21 07:59:28.046 I/chatty  ( 1042): uid=1001(radio) DispatcherModul identical 12 lines
11-21 07:59:28.048 E/QMI_FW  ( 1042): qmi_cci_get_ref: ref count increased 2
11-21 07:59:28.056 E/QMI_FW  ( 1042): qmi_cci_get_ref: ref count increased 2
11-21 07:59:28.061 E/QMI_FW  ( 1042): qmi_cci_get_ref: ref count increased 2
11-21 07:59:28.071 I/chatty  ( 1042): uid=1001(radio) main identical 6 lines
11-21 07:59:28.073 E/QMI_FW  ( 1042): qmi_cci_get_ref: ref count increased 2
11-21 07:59:28.076 E/QMI_FW  ( 1042): qmi_cci_get_ref: ref count increased 2
11-21 07:59:28.087 I/chatty  ( 1042): uid=1001(radio) main identical 6 lines
11-21 07:59:28.089 E/QMI_FW  ( 1042): qmi_cci_get_ref: ref count increased 2
11-21 07:59:28.134 D/ServiceStateProvider( 1984): subId=1
11-21 07:59:28.138 I/chatty  ( 1186): uid=1000(system) ActivityManager expire 6 lines
11-21 07:59:28.140 D/CellBroadcastReceiver(18675): onReceive Intent { act=android.intent.action.SERVICE_STATE flg=0x1000010 cmp=com.android.cellbroadcastreceiver/.CellBroadcastReceiver (has extras) }
11-21 07:59:28.142 I/chatty  ( 1186): uid=1000(system) Binder:1186_1C expire 3 lines
11-21 07:59:28.147 I/Telephony( 1984): isRttCurrentlySupported -- regular acct, hasVoiceAvailability: true
11-21 07:59:28.147 I/Telephony( 1984):  isRttSupported: true
11-21 07:59:28.147 I/Telephony( 1984):  isRoaming: false
11-21 07:59:28.147 I/Telephony( 1984):  isOnWfc: false
11-21 07:59:28.150 D/KeyguardUpdateMonitor( 1762): received broadcast android.intent.action.SERVICE_STATE
11-21 07:59:28.151 V/KeyguardUpdateMonitor( 1762): action android.intent.action.SERVICE_STATE serviceState={mVoiceRegState=0(IN_SERVICE), mDataRegState=0(IN_SERVICE), mChannelNumber=66986, duplexMode()=1, mCellBandwidths=[], mOperatorAlphaLong=AT&T, mOperatorAlphaShort=AT&T, isManualNetworkSelection=false(automatic), getRilVoiceRadioTechnology=14(LTE), getRilDataRadioTechnology=14(LTE), mCssIndicator=supported, mNetworkId=-1, mSystemId=-1, mCdmaRoamingIndicator=-1, mCdmaDefaultRoamingIndicator=-1, mIsEmergencyOnly=false, isUsingCarrierAggregation=false, mLteEarfcnRsrpBoost=0, mNetworkRegistrationInfos=[NetworkRegistrationInfo{ domain=CS transportType=WWAN registrationState=HOME roamingType=NOT_ROAMING accessNetworkTechnology=LTE rejectCause=0 emergencyEnabled=false availableServices=[VOICE,SMS,VIDEO] cellIdentity=CellIdentityLte:{ mCi=170323387 mPci=208 mTac=35650 mEarfcn=66986 mBands=[] mBandwidth=2147483647 mMcc=310 mMnc=410 mAlphaLong=AT&T mAlphaShort=AT&T mAdditionalPlmns={} mCsgInfo=null} voiceSpecificInfo=VoiceSpecificRegistrationInfo { mCssSupported=true mRoamingIndicator=1 mSystemIsInPrl=-1 mDefaultRoamingIndicator=-1} dataSpecificInfo=null nrState=NONE rRplmn=310410}, NetworkRegistrationInfo{ domain=PS transportType=WWAN registrationState=HOME roamingType=NOT_ROAMING accessNetworkTechnology=LTE rejectCause=0 emergencyEnabled=false availableServices=[DATA] cellIdentity=CellIdentityLte:{ mCi=170323387 mPci=208 mTac=35650 mEarfcn=66986 mBands=[] mBandwidth=2147483647 mMcc=310 mMnc=410 mAlphaLong=AT&T mAlphaShort=AT&T mAdditionalPlmns={} mCsgInfo=null} voiceSpecificInfo=null dataSpecificInfo=android.telephony.DataSpecificRegistrationInfo :{ maxDataCalls = 20 isDcNrRestricted = false isNrAvailable = false isEnDcAvailable = false LteVopsSupportInfo :  mVopsSupport = 2 mEmcBearerSupport = 2 mIsUsingCarrierAggregation = false } nrState=NONE rRplmn=310410}], mNrFrequencyRange=0, mOperatorAlphaLongRaw=AT&T, mOperatorAlphaShortRaw=AT&T, mIsDataRoamingFromRegistration=false, mIsIwlanPreferred=false} subId=1
11-21 07:59:28.152 D/KeyguardUpdateMonitor( 1762): handleServiceStateChange(subId=1, serviceState={mVoiceRegState=0(IN_SERVICE), mDataRegState=0(IN_SERVICE), mChannelNumber=66986, duplexMode()=1, mCellBandwidths=[], mOperatorAlphaLong=AT&T, mOperatorAlphaShort=AT&T, isManualNetworkSelection=false(automatic), getRilVoiceRadioTechnology=14(LTE), getRilDataRadioTechnology=14(LTE), mCssIndicator=supported, mNetworkId=-1, mSystemId=-1, mCdmaRoamingIndicator=-1, mCdmaDefaultRoamingIndicator=-1, mIsEmergencyOnly=false, isUsingCarrierAggregation=false, mLteEarfcnRsrpBoost=0, mNetworkRegistrationInfos=[NetworkRegistrationInfo{ domain=CS transportType=WWAN registrationState=HOME roamingType=NOT_ROAMING accessNetworkTechnology=LTE rejectCause=0 emergencyEnabled=false availableServices=[VOICE,SMS,VIDEO] cellIdentity=CellIdentityLte:{ mCi=170323387 mPci=208 mTac=35650 mEarfcn=66986 mBands=[] mBandwidth=2147483647 mMcc=310 mMnc=410 mAlphaLong=AT&T mAlphaShort=AT&T mAdditionalPlmns={} mCsgInfo=null} voiceSpecificInfo=VoiceSpecificRegistrationInfo { mCssSupported=true mRoamingIndicator=1 mSystemIsInPrl=-1 mDefaultRoamingIndicator=-1} dataSpecificInfo=null nrState=NONE rRplmn=310410}, NetworkRegistrationInfo{ domain=PS transportType=WWAN registrationState=HOME roamingType=NOT_ROAMING accessNetworkTechnology=LTE rejectCause=0 emergencyEnabled=false availableServices=[DATA] cellIdentity=CellIdentityLte:{ mCi=170323387 mPci=208 mTac=35650 mEarfcn=66986 mBands=[] mBandwidth=2147483647 mMcc=310 mMnc=410 mAlphaLong=AT&T mAlphaShort=AT&T mAdditionalPlmns={} mCsgInfo=null} voiceSpecificInfo=null dataSpecificInfo=android.telephony.DataSpecificRegistrationInfo :{ maxDataCalls = 20 isDcNrRestricted = false isNrAvailable = false isEnDcAvailable = false LteVopsSupportInfo :  mVopsSupport = 2 mEmcBearerSupport = 2 mIsUsingCarrierAggregation = false } nrState=NONE rRplmn=310410}], mNrFrequencyRange=0, mOperatorAlphaLongRaw=AT&T, mOperatorAlphaShortRaw=AT&T, mIsDataRoamingFromRegistration=false, mIsIwlanPreferred=false}
11-21 07:59:31.657 E/QMI_FW  ( 1042): qmi_cci_get_ref: ref count increased 2
11-21 07:59:31.659 E/QMI_FW  ( 1042): qmi_cci_get_ref: ref count increased 2
11-21 07:59:31.670 I/WearableConnectivityManager(21108): LTE Signal strength is: 3
11-21 07:59:31.670 I/WearableConnectivityManager(21108): Cellular Signal strength is: 3
11-21 07:59:31.670 D/RadioLinkQualityScoreBuilder( 1984): scoreRsrp: 4scoreRsrq: 3scoreRssnr: 4
11-21 07:59:31.992 D/commandrouter( 1006): rtc_sync (1, rtc:sync): <ServiceRequest> FORWARDED (remote -> local) service client ID = 0, token ID = 47228
11-21 07:59:31.993 D/vendor.facebook.rtc_sync@1.0-service( 1145): Request req_ts=1637481571993156288 resp_ts=1637481571992919722
11-21 07:59:31.993 D/commandrouter( 1006): SocServiceHandle::onServiceMessage, SoC Service = rtc_sync, appType = 1, type = SVC_RESP, clientId = 0, token = 47228, payloadLen = 8, result = 0, payload.size() = 8
11-21 07:59:33.037 I/chatty  ( 1186): uid=1000 system_server expire 3 lines
11-21 07:59:33.042 I/chatty  ( 1186): uid=1000(system) WifiScanningSer expire 2 lines
11-21 07:59:33.043 I/chatty  ( 1026): uid=1021(gps) lowi-server expire 222 lines
11-21 07:59:33.044 V/WifiHAL (  544): event received NL80211_CMD_TRIGGER_SCAN
11-21 07:59:33.152 V/WifiHAL (  544): event received NL80211_CMD_NEW_SCAN_RESULTS
11-21 07:59:33.153 I/chatty  ( 1186): uid=1000(system) Binder:1186_F expire 2 lines
11-21 07:59:33.169 I/chatty  ( 1026): uid=1021(gps) lowi-server expire 7 lines
11-21 07:59:34.342 D/UIAutomatorStub(15932): URI: /jsonrpc/0, Method: POST, Header: {content-length=102, remote-addr=127.0.0.1, http-client-ip=127.0.0.1, host=localhost:9012, content-type=application/json, accept-encoding=identity}, params, {NanoHttpd.QUERY_STRING=null}, files: {postData={"jsonrpc": "2.0", "method": "pressKey", "id": "740ac7a9b64d9acdec18382408acb382", "params": ["back"]}}
11-21 07:59:34.371 D/AutofillManagerService( 1186): onBackKeyPressed()
11-21 07:59:34.408 D/UIAutomatorStub(15932): URI: /jsonrpc/0, Method: POST, Header: {content-length=102, remote-addr=127.0.0.1, http-client-ip=127.0.0.1, host=localhost:9012, content-type=application/json, accept-encoding=identity}, params, {NanoHttpd.QUERY_STRING=null}, files: {postData={"jsonrpc": "2.0", "method": "pressKey", "id": "53d659a5282e41f669f6199328c973df", "params": ["back"]}}
11-21 07:59:34.982 D/UIAutomatorStub(15932): URI: /jsonrpc/0, Method: POST, Header: {content-length=102, remote-addr=127.0.0.1, http-client-ip=127.0.0.1, host=localhost:9012, content-type=application/json, accept-encoding=identity}, params, {NanoHttpd.QUERY_STRING=null}, files: {postData={"jsonrpc": "2.0", "method": "pressKey", "id": "fea14dc37d5852d4749330711f13fc79", "params": ["back"]}}
11-21 07:59:35.437 I/chatty  ( 1186): uid=1000(system) Binder:1186_8 expire 1 line
11-21 07:59:35.469 I/chatty  ( 1186): uid=1000 system_server expire 1 line
11-21 07:59:35.476 D/ComplicationController(21108): Starting complication controller. Face Type: OdysseyWatchFace
11-21 07:59:35.476 D/ComplicationDataManagerImpl(21108): Updating complication data for package: com.facebook.wearable.apps.player, id: com.facebook.wearable.apps.player.SHORTCUT_COMPLICATION
11-21 07:59:35.476 D/ComplicationDataManagerImpl(21108): Updating complication data for package: com.facebook.wearable.apps.clock, id: com.facebook.wearable.apps.clock.SHORTCUT_COMPLICATION
11-21 07:59:35.476 D/ComplicationDataManagerImpl(21108): Updating complication data for package: com.facebook.wearable.apps.gallery, id: com.facebook.wearable.apps.gallery.SHORTCUT_COMPLICATION
11-21 07:59:35.476 D/ComplicationDataManagerImpl(21108): Updating complication data for package: com.facebook.wearable.apps.workout, id: com.facebook.wearable.apps.workout.SHORTCUT_COMPLICATION
11-21 07:59:35.476 D/ComplicationDataManagerImpl(21108): Updating complication data for package: com.facebook.wearable.apps.weather, id: com.facebook.wearable.apps.weather.SHORTCUT_COMPLICATION
11-21 07:59:35.476 D/ComplicationDataManagerImpl(21108): Updating complication data for package: com.facebook.wearable.apps.calendar, id: com.facebook.wearable.apps.calendar.SHORTCUT_COMPLICATION
11-21 07:59:35.486 E/DayDateSystemComplicationProvider(21108): Updating Day Date System Complication
11-21 07:59:35.487 D/ComplicationDataManagerImpl(21108): Updating complication data for package: com.facebook.wearable.apps.calendar, id: com.facebook.wearable.apps.calendar.DAY_DATE_COMPLICATION
11-21 07:59:35.487 D/ComplicationDataManagerImpl(21108): Updating complication data for package: com.facebook.wearable.apps.heart, id: com.facebook.wearable.apps.heart.HEART_RATE
11-21 07:59:35.494 E/QMI_FW  ( 1042): qmi_cci_get_ref: ref count increased 2
11-21 07:59:35.497 E/QMI_FW  ( 1042): qmi_cci_get_ref: ref count increased 2
11-21 07:59:35.501 D/ComplicationDataManagerImpl(21108): Fetching complication data for package: com.facebook.wearable.apps.calendar, com.facebook.wearable.apps.calendar.DAY_DATE_COMPLICATION.
11-21 07:59:35.501 D/ComplicationDataManagerImpl(21108): Fetching complication data for package: com.facebook.wearable.apps.player, com.facebook.wearable.apps.player.SHORTCUT_COMPLICATION.
11-21 07:59:35.502 D/ComplicationDataManagerImpl(21108): Fetching complication data for package: com.facebook.wearable.apps.gallery, com.facebook.wearable.apps.gallery.SHORTCUT_COMPLICATION.
11-21 07:59:35.502 D/ComplicationDataManagerImpl(21108): Fetching complication data for package: com.facebook.wearable.apps.heart, com.facebook.wearable.apps.heart.HEART_RATE.
11-21 07:59:35.508 D/RadioLinkQualityScoreBuilder( 1984): scoreRsrp: 2scoreRsrq: 3scoreRssnr: 3
11-21 07:59:35.508 D/WirelessInsightServiceImpl( 1984): onSignalStrengthsChanged: SignalStrength = SignalStrength:{mCdma=CellSignalStrengthCdma: cdmaDbm=2147483647 cdmaEcio=2147483647 evdoDbm=2147483647 evdoEcio=2147483647 evdoSnr=2147483647 level=0,mGsm=CellSignalStrengthGsm: rssi=2147483647 ber=2147483647 mTa=2147483647 mLevel=0,mWcdma=CellSignalStrengthWcdma: ss=2147483647 ber=2147483647 rscp=2147483647 ecno=2147483647 level=0,mTdscdma=CellSignalStrengthTdscdma: rssi=2147483647 ber=2147483647 rscp=2147483647 level=0,mLte=CellSignalStrengthLte: rssi=-87 rsrp=-114 rsrq=-13 rssnr=5 cqi=2147483647 ta=2147483647 level=1 parametersUseForLevel=0,mNr=CellSignalStrengthNr:{ csiRsrp = 2147483647 csiRsrq = 2147483647 csiSinr = 2147483647 ssRsrp = 2147483647 ssRsrq = 2147483647 ssSinr = 2147483647 level = 0 parametersUseForLevel = 0 },primary=CellSignalStrengthLte}
11-21 07:59:35.508 D/WirelessInsightServiceImpl( 1984): Score: 2
11-21 07:59:35.508 D/WirelessInsightServiceImpl( 1984): notifyListeners: listeners = 0, score = 2
11-21 07:59:35.513 D/LauncherActivity(21108): onResume: Intent { cat=[android.intent.category.HOME] flg=0x10000100 cmp=com.facebook.wearable.system.launcher/.LauncherActivity }
11-21 07:59:35.513 D/LauncherIntentProcessor(21108): processLauncherActivityIntent: Intent { cat=[android.intent.category.HOME] flg=0x10000100 cmp=com.facebook.wearable.system.launcher/.LauncherActivity }
11-21 07:59:35.529 D/TetheredPhoneUtil(21108): Retrieving the tethered phone status
11-21 07:59:35.532 D/TetheredPhoneUtil(21108): Found tethered phone status: false
11-21 07:59:35.541 D/FacebookRepository(21108): Reading from Store [250223709649332]
11-21 07:59:35.557 I/WearableConnectivityManager(21108): LTE Signal strength is: 1
11-21 07:59:35.557 I/WearableConnectivityManager(21108): Cellular Signal strength is: 1
11-21 07:59:35.586 I/chatty  ( 1186): uid=1000(system) Binder:1186_A expire 2 lines
11-21 07:59:35.587 D/CompatibilityInfo( 1186): applicationScale - 1.0
11-21 07:59:35.830 D/CompatibilityInfo( 1186): mCompatibilityFlags - 4
11-21 07:59:35.830 D/CompatibilityInfo( 1186): applicationDensity - 320
11-21 07:59:35.830 D/CompatibilityInfo( 1186): applicationScale - 1.0
11-21 07:59:35.855 D/CompatibilityInfo( 1186): mCompatibilityFlags - 4
11-21 07:59:35.855 D/CompatibilityInfo( 1186): applicationDensity - 320
11-21 07:59:35.855 D/CompatibilityInfo( 1186): applicationScale - 1.0
11-21 07:59:35.910 D/UIAutomatorStub(15932): URI: /jsonrpc/0, Method: POST, Header: {content-length=102, remote-addr=127.0.0.1, http-client-ip=127.0.0.1, host=localhost:9012, content-type=application/json, accept-encoding=identity}, params, {NanoHttpd.QUERY_STRING=null}, files: {postData={"jsonrpc": "2.0", "method": "pressKey", "id": "20c15c74ed666bacad62b9767d2d9d42", "params": ["back"]}}
11-21 07:59:36.052 E/ANDR-PERF-OPTSHANDLER(  552): perf_lock_rel: failed for /sys/class/kgsl/kgsl-3d0/min_pwrlevel as previous value is not stored
11-21 07:59:36.054 E/ANDR-PERF-RESOURCEQS(  552): Failed to reset optimization [3, 0]
11-21 07:59:36.621 D/LauncherActivity(21108): onKeyUp() called with keycode:4, event: KeyEvent { action=ACTION_UP, keyCode=KEYCODE_BACK, scanCode=0, metaState=0, flags=0x200, repeatCount=0, eventTime=144664331, downTime=144664331, deviceId=-1, source=0x101, displayId=-1 }
11-21 07:59:37.113 W/HWComposer(  598): Ignoring duplicate VSYNC event from HWC for display 0 (t=144664838302521)
11-21 07:59:37.129 W/HWComposer(  598): Ignoring duplicate VSYNC event from HWC for display 0 (t=144664855182052)
11-21 07:59:35.420 I/chatty  ( 1186): uid=1000(system) android.ui identical 2 lines
11-21 07:59:36.619 D/AutofillManagerService( 1186): onBackKeyPressed()
11-21 07:59:37.162 W/ActivityManager( 1186): Invalid packageName: com.facebook.wearable.system.settings/com.facebook.wearable.system.settings.SettingsActivity
11-21 07:59:37.286 I/ActivityTaskManager( 1186): START u0 {flg=0x10000000 cmp=com.facebook.wearable.system.settings/.SettingsActivity} from uid 0
11-21 07:59:37.299 D/CompatibilityInfo( 1186): mCompatibilityFlags - 4
11-21 07:59:37.299 D/CompatibilityInfo( 1186): applicationDensity - 320
11-21 07:59:37.299 D/CompatibilityInfo( 1186): applicationScale - 1.0
11-21 07:59:37.301 D/ActivityTrigger( 1186): ActivityTrigger activityPauseTrigger 
11-21 07:59:37.307 I/ActivityTaskManager( 1186): The Process com.facebook.wearable.system.settings Already Exists in BG. So sending its PID: 10851
11-21 07:59:37.308 W/ActivityTaskManager( 1186): Tried to set launchTime (0) < mLastActivityLaunchTime (144634039)
11-21 07:59:37.310 D/CompatibilityInfo( 1186): mCompatibilityFlags - 4
11-21 07:59:37.310 D/CompatibilityInfo( 1186): applicationDensity - 320
11-21 07:59:37.310 D/CompatibilityInfo( 1186): applicationScale - 1.0
11-21 07:59:37.343 D/LauncherActivity(21108): onPause
11-21 07:59:37.394 D/CompatibilityInfo( 1186): mCompatibilityFlags - 4
11-21 07:59:37.394 D/CompatibilityInfo( 1186): applicationDensity - 320
11-21 07:59:37.394 D/CompatibilityInfo( 1186): applicationScale - 1.0
11-21 07:59:37.400 D/FacebookProvider(25782): Starting SSO Network Fetch for 263529928325379
11-21 07:59:37.400 I/AccountsContentProvider(25782): No Primary Account. Accounts Error [content://com.facebook.wearable.system.accounts.AccountsContentProvider/facebook/263529928325379]
11-21 07:59:37.401 E/DatabaseUtils(25782): Writing exception to parcel
11-21 07:59:37.401 E/DatabaseUtils(25782): java.lang.IllegalStateException: No Primary Account
11-21 07:59:37.401 E/DatabaseUtils(25782): 	at com.facebook.secure.content.AbstractContentProvider.doQuery(:284)
11-21 07:59:37.401 E/DatabaseUtils(25782): 	at com.facebook.secure.content.AbstractContentProvider.query(:8)
11-21 07:59:37.401 E/DatabaseUtils(25782): 	at android.content.ContentProvider.query(ContentProvider.java:1474)
