11-19 17:14:07.690 D/ConnectivityService( 1194): Switching to new default network: NetworkAgentInfo{ ni{[type: MOBILE[LTE], state: CONNECTED/CONNECTED, reason: (unspecified), extra: nxtgenphone, failover: false, available: true, roaming: false]}  network{100}  nethandle{432902426637}  lp{{InterfaceName: rmnet_data2 LinkAddresses: [ 10.129.103.196/29,2600:380:c119:24f:b89a:9f3c:46c1:95af/64 ] DnsAddresses: [ /172.26.38.1,/fc00:a:a::300 ] Domains: null MTU: 1430 TcpBufferSizes: 2097152,4194304,8388608,262144,524288,1048576 Routes: [ 0.0.0.0/0 -> 10.129.103.197 rmnet_data2 mtu 1430,::/0 -> fe80::b45f:41f1:1846:969d rmnet_data2 mtu 1430,10.129.103.192/29 -> 0.0.0.0 rmnet_data2 mtu 0,2600:380:c119:24f::/64 -> :: rmnet_data2 mtu 0 ]}}  nc{[ Transports: CELLULAR Capabilities: MMS&SUPL&FOTA&INTERNET&NOT_RESTRICTED&TRUSTED&NOT_VPN&VALIDATED&NOT_ROAMING&NOT_CONGESTED&NOT_SUSPENDED LinkUpBandwidth>=15000Kbps LinkDnBandwidth>=30000Kbps Specifier: <TelephonyNetworkSpecifier [mSubId = 1]> AdministratorUids: [] RequestorUid: -1 RequestorPackageName: null]}  Score{50}  everValidated{true}  lastValidated{true}  created{true} lingering{false} explicitlySelected{false} acceptUnvalidated{false} everCaptivePortalDetected{false} lastCaptivePortalDetected{false} partialConnectivity{false} acceptPartialConnectivity{false} clat{mBaseIface: null, mIface: null, mState: IDLE} }
11-19 17:14:07.849 D/ConnectivityService( 1194): Sending CONNECTED broadcast for type 0 [100 CELLULAR] isDefaultNetwork=true
11-19 17:14:11.800 D/AutofillManagerService( 1194): onBackKeyPressed()
11-19 17:14:12.173 D/commandrouter( 1117): rtc_sync (1, rtc:sync): <ServiceRequest> FORWARDED (remote -> local) service client ID = 0, token ID = 33283
11-19 17:14:12.173 D/commandrouter( 1117): SocServiceHandle::onServiceMessage, SoC Service = rtc_sync, appType = 1, type = SVC_RESP, clientId = 0, token = 33283, payloadLen = 8, result = 0, payload.size() = 8
11-19 17:14:12.325 D/AutofillManagerService( 1194): onBackKeyPressed()
11-19 17:14:14.624 I/chatty  ( 1194): uid=1000(system) android.ui identical 2 lines
11-19 17:14:16.009 D/AutofillManagerService( 1194): onBackKeyPressed()
11-19 17:14:16.356 E/TaskPersister( 1194): File error accessing recents directory (directory doesn't exist?).
11-19 17:14:16.632 D/AutofillManagerService( 1194): onBackKeyPressed()
11-19 17:14:17.627 I/chatty  ( 1194): uid=1000(system) android.ui identical 1 line
11-19 17:14:18.623 D/AutofillManagerService( 1194): onBackKeyPressed()
11-19 17:14:19.154 W/ActivityManager( 1194): Invalid packageName: com.facebook.wearable.system.settings/com.facebook.wearable.system.settings.SettingsActivity
11-19 17:14:19.278 I/ActivityTaskManager( 1194): START u0 {flg=0x10000000 cmp=com.facebook.wearable.system.settings/.SettingsActivity} from uid 0
11-19 17:14:19.296 I/ActivityTaskManager( 1194): The Process com.facebook.wearable.system.settings Already Exists in BG. So sending its PID: 2752
11-19 17:14:19.296 W/ActivityTaskManager( 1194): Tried to set launchTime (0) < mLastActivityLaunchTime (5185571)
11-19 17:14:22.193 D/commandrouter( 1117): rtc_sync (1, rtc:sync): <ServiceRequest> FORWARDED (remote -> local) service client ID = 0, token ID = 33284
11-19 17:14:22.194 D/commandrouter( 1117): SocServiceHandle::onServiceMessage, SoC Service = rtc_sync, appType = 1, type = SVC_RESP, clientId = 0, token = 33284, payloadLen = 8, result = 0, payload.size() = 8
11-19 17:14:23.436 E/TaskPersister( 1194): File error accessing recents directory (directory doesn't exist?).
11-19 17:14:23.820 D/AnalyticsLogger( 1194): sent events: 12
11-19 17:14:24.611 D/AppStorageManager( 1194): BEFORE:: Previous Size: 1060421632 Current Size: 1060528128
11-19 17:14:24.611 D/AppStorageManager( 1194): AFTER:: Previous Size: 1060528128 Current Size: 1060528128
11-19 17:14:25.918 W/ContextImpl( 1194): Calling a method in the system process without a qualified user: android.app.ContextImpl.sendBroadcastMultiplePermissions:1143 android.content.Context.sendBroadcastWithMultiplePermissions:2150 com.android.server.display.WifiDisplayAdapter.handleSendStatusChangeBroadcast:440 com.android.server.display.WifiDisplayAdapter.access$1700:63 com.android.server.display.WifiDisplayAdapter$WifiDisplayHandler.handleMessage:675 
11-19 17:14:27.014 W/ContextImpl( 1194): Calling a method in the system process without a qualified user: android.app.ContextImpl.sendBroadcastMultiplePermissions:1143 android.content.Context.sendBroadcastWithMultiplePermissions:2150 com.android.server.wifi.p2p.WifiP2pServiceImpl$P2pStateMachine.sendBroadcastMultiplePermissions:3209 com.android.server.wifi.p2p.WifiP2pServiceImpl$P2pStateMachine.sendP2pConnectionChangedBroadcast:3236 com.android.server.wifi.p2p.WifiP2pServiceImpl$P2pStateMachine.access$5100:768 
11-19 17:14:27.018 W/BroadcastQueue( 1194): Permission Denial: receiving Intent { act=android.net.wifi.p2p.CONNECTION_STATE_CHANGE flg=0x24000010 (has extras) } to ProcessRecord{ba73 1900:.qtidataservices/u0a89} (pid=1900, uid=10089) requires android.permission.ACCESS_FINE_LOCATION due to sender android (uid 1000)
11-19 17:14:27.026 W/wificond(  906): Scan is not started. Ignore abort request
11-19 17:14:27.075 W/ContextImpl( 1194): Calling a method in the system process without a qualified user: android.app.ContextImpl.sendBroadcastMultiplePermissions:1143 android.content.Context.sendBroadcastWithMultiplePermissions:2150 com.android.server.wifi.p2p.WifiP2pServiceImpl$P2pStateMachine.sendBroadcastMultiplePermissions:3209 com.android.server.wifi.p2p.WifiP2pServiceImpl$P2pStateMachine.sendThisDeviceChangedBroadcast:3218 com.android.server.wifi.p2p.WifiP2pServiceImpl$P2pStateMachine.updateThisDevice:3962 
11-19 17:14:27.419 D/ConnectivityService( 1194): registerNetworkAgent NetworkAgentInfo{ ni{[type: WIFI[], state: UNKNOWN/IDLE, reason: (unspecified), extra: , failover: false, available: true, roaming: false]}  network{112}  nethandle{484442034189}  lp{{InterfaceName: wlan0 LinkAddresses: [ ] DnsAddresses: [ ] Domains: null MTU: 0 Routes: [ ]}}  nc{[ Transports: WIFI Capabilities: NOT_METERED&INTERNET&NOT_RESTRICTED&TRUSTED&NOT_VPN&NOT_ROAMING&FOREGROUND&NOT_CONGESTED&NOT_SUSPENDED LinkUpBandwidth>=72000Kbps LinkDnBandwidth>=72000Kbps OwnerUid: 1000 SSID: "MTBF_Lab" RequestorUid: -1 RequestorPackageName: null]}  Score{20}  everValidated{false}  lastValidated{false}  created{false} lingering{false} explicitlySelected{false} acceptUnvalidated{false} everCaptivePortalDetected{false} lastCaptivePortalDetected{false} partialConnectivity{false} acceptPartialConnectivity{false} clat{mBaseIface: null, mIface: null, mState: IDLE} }
11-19 17:14:27.438 D/ConnectivityService( 1194): [112 WIFI] EVENT_NETWORK_INFO_CHANGED, going from UNKNOWN to UNKNOWN
11-19 17:14:27.600 D/ConnectivityService( 1194): NetReassign [no changes]
11-19 17:14:27.629 I/Nat464Xlat( 1194): Android Xlat is disabled
11-19 17:14:27.629 I/Nat464Xlat( 1194): Android Xlat is disabled
11-19 17:14:27.774 E/ConnectivityService( 1194): Exception in networkAddRouteParcel for non-gateway: android.os.ServiceSpecificException: Machine is not on the network (code 64)
11-19 17:14:27.775 E/ConnectivityService( 1194): Exception in networkAddRouteParcel for gateway: android.os.ServiceSpecificException: Machine is not on the network (code 64)
11-19 17:14:27.775 I/Nat464Xlat( 1194): Android Xlat is disabled
11-19 17:14:27.775 I/Nat464Xlat( 1194): Android Xlat is disabled
11-19 17:14:27.847 D/ConnectivityService( 1194): Setting DNS servers for network 112 to [/192.168.1.1]
11-19 17:14:27.848 I/Nat464Xlat( 1194): Android Xlat is disabled
11-19 17:14:27.848 I/Nat464Xlat( 1194): Android Xlat is disabled
11-19 17:14:27.924 D/ConnectivityService( 1194): [112 WIFI] EVENT_NETWORK_INFO_CHANGED, going from UNKNOWN to CONNECTED
11-19 17:14:27.927 D/DnsManager( 1194): sendDnsConfigurationForNetwork(112, [192.168.1.1], [], 1800, 25, 8, 64, 0, 0, , [])
11-19 17:14:27.929 W/DnsManager( 1194): updatePrivateDns(112, PrivateDnsConfig{true:/[]})
11-19 17:14:27.929 D/ConnectivityService( 1194): Setting DNS servers for network 112 to [/192.168.1.1]
11-19 17:14:27.929 D/DnsManager( 1194): sendDnsConfigurationForNetwork(112, [192.168.1.1], [], 1800, 25, 8, 64, 0, 0, , [192.168.1.1])
11-19 17:14:27.931 D/ConnectivityService( 1194): Adding iface wlan0 to network 112
11-19 17:14:27.976 D/ConnectivityService( 1194): Setting DNS servers for network 112 to [/192.168.1.1]
11-19 17:14:27.977 D/DnsManager( 1194): sendDnsConfigurationForNetwork(112, [192.168.1.1], [], 1800, 25, 8, 64, 0, 0, , [192.168.1.1])
11-19 17:14:27.978 I/Nat464Xlat( 1194): Android Xlat is disabled
11-19 17:14:27.978 I/Nat464Xlat( 1194): Android Xlat is disabled
11-19 17:14:28.031 D/ConnectivityService( 1194): NetReassign [no changes]
11-19 17:14:28.203 D/ConnectivityService( 1194): [112 WIFI] validation passed
11-19 17:14:28.204 D/ConnectivityService( 1194): NetReassign [8 : 100 → 112, 20 : 100 → 112, 46 : 100 → 112, 52 : 100 → 112, 45 : 100 → 112, 54 : 100 → 112, 12 : 100 → 112, 22 : 100 → 112, 16 : 100 → 112, 49 : 100 → 112, 14 : 100 → 112, 50 : 100 → 112, 18 : 100 → 112, 53 : 100 → 112, 78 : 100 → 112, 11 : 100 → 112, 1 : 100 → 112, 69 : 100 → 112, 17 : 100 → 112]
11-19 17:14:28.209 E/NetlinkEvent(  459): NetlinkEvent::FindParam(): Parameter 'INTERFACE' not found
11-19 17:14:28.210 E/NetlinkEvent(  459): NetlinkEvent::FindParam(): Parameter 'STATE' not found
11-19 17:14:28.210 E/NetlinkEvent(  459): NetlinkEvent::FindParam(): Parameter 'TIME_NS' not found
11-19 17:14:28.210 E/NetlinkEvent(  459): NetlinkEvent::FindParam(): Parameter 'UID' not found
11-19 17:14:28.230 D/ConnectivityService( 1194): Switching to new default network: NetworkAgentInfo{ ni{[type: WIFI[], state: CONNECTED/CONNECTED, reason: (unspecified), extra: , failover: false, available: true, roaming: false]}  network{112}  nethandle{484442034189}  lp{{InterfaceName: wlan0 LinkAddresses: [ 192.168.1.39/24 ] DnsAddresses: [ /192.168.1.1 ] Domains: null MTU: 0 ServerAddress: /192.168.1.1 TcpBufferSizes: 524288,1048576,2097152,262144,524288,1048576 Routes: [ fe80::/64 -> :: wlan0 mtu 0,192.168.1.0/24 -> 0.0.0.0 wlan0 mtu 0,0.0.0.0/0 -> 192.168.1.1 wlan0 mtu 0 ]}}  nc{[ Transports: WIFI Capabilities: NOT_METERED&INTERNET&NOT_RESTRICTED&TRUSTED&NOT_VPN&VALIDATED&NOT_ROAMING&FOREGROUND&NOT_CONGESTED&NOT_SUSPENDED LinkUpBandwidth>=70000Kbps LinkDnBandwidth>=70000Kbps SignalStrength: -33 OwnerUid: 1000 SSID: "MTBF_Lab" RequestorUid: -1 RequestorPackageName: null]}  Score{60}  everValidated{true}  lastValidated{true}  created{true} lingering{false} explicitlySelected{false} acceptUnvalidated{false} everCaptivePortalDetected{false} lastCaptivePortalDetected{false} partialConnectivity{false} acceptPartialConnectivity{false} clat{mBaseIface: null, mIface: null, mState: IDLE} }
11-19 17:14:28.365 D/ConnectivityService( 1194): Lingering [100 CELLULAR] for 30000ms
11-19 17:14:28.367 D/ConnectivityService( 1194): Sending DISCONNECTED broadcast for type 0 [100 CELLULAR] isDefaultNetwork=true
11-19 17:14:28.368 D/ConnectivityService( 1194): Sending CONNECTED broadcast for type 1 [112 WIFI] isDefaultNetwork=true
11-19 17:14:28.419 D/ConnectivityService( 1194): Setting DNS servers for network 112 to [/192.168.1.1]
11-19 17:14:28.420 D/DnsManager( 1194): sendDnsConfigurationForNetwork(112, [192.168.1.1], [], 1800, 25, 8, 64, 0, 0, , [192.168.1.1])
11-19 17:14:28.531 I/Nat464Xlat( 1194): Android Xlat is disabled
11-19 17:14:28.531 I/Nat464Xlat( 1194): Android Xlat is disabled
11-19 17:14:32.168 D/commandrouter( 1117): rtc_sync (1, rtc:sync): <ServiceRequest> FORWARDED (remote -> local) service client ID = 0, token ID = 33285
11-19 17:14:32.169 D/commandrouter( 1117): SocServiceHandle::onServiceMessage, SoC Service = rtc_sync, appType = 1, type = SVC_RESP, clientId = 0, token = 33285, payloadLen = 8, result = 0, payload.size() = 8
11-19 17:14:37.126 D/commandrouter( 1117): SocServiceHandle::onServiceMessage, SoC Service = mcu_healthcheck_1118, appType = 1, type = SVC_REQ, clientId = 0, token = 172, payloadLen = 12, result = 0, payload.size() = 12
11-19 17:14:37.131 D/commandrouter( 1117): mcu_healthcheck_1118 (1, merlot:mcu_health:control): <ServiceResponse> FORWARDED (remote -> local) CR token ID = 172, service client ID = 40, token ID = 596, result = 0
11-19 17:14:37.132 D/mculinkhealth( 1118): isMcuReachable 1 (6 ms)
11-19 17:14:42.168 D/commandrouter( 1117): rtc_sync (1, rtc:sync): <ServiceRequest> FORWARDED (remote -> local) service client ID = 0, token ID = 33286
11-19 17:14:42.169 D/commandrouter( 1117): SocServiceHandle::onServiceMessage, SoC Service = rtc_sync, appType = 1, type = SVC_RESP, clientId = 0, token = 33286, payloadLen = 8, result = 0, payload.size() = 8
11-19 17:14:47.337 D/AutofillManagerService( 1194): onBackKeyPressed()
11-19 17:14:48.389 I/chatty  ( 1194): uid=1000(system) android.ui identical 2 lines
11-19 17:14:49.603 D/AutofillManagerService( 1194): onBackKeyPressed()
11-19 17:14:50.177 W/ActivityManager( 1194): Invalid packageName: com.facebook.wearable.system.settings/com.facebook.wearable.system.settings.SettingsActivity
11-19 17:14:50.306 I/ActivityTaskManager( 1194): START u0 {flg=0x10000000 cmp=com.facebook.wearable.system.settings/.SettingsActivity} from uid 0
11-19 17:14:50.323 I/ActivityTaskManager( 1194): The Process com.facebook.wearable.system.settings Already Exists in BG. So sending its PID: 2752
11-19 17:14:50.324 W/ActivityTaskManager( 1194): Tried to set launchTime (0) < mLastActivityLaunchTime (5205561)
11-19 17:14:52.157 D/commandrouter( 1117): rtc_sync (1, rtc:sync): <ServiceRequest> FORWARDED (remote -> local) service client ID = 0, token ID = 33287
11-19 17:14:52.158 D/commandrouter( 1117): SocServiceHandle::onServiceMessage, SoC Service = rtc_sync, appType = 1, type = SVC_RESP, clientId = 0, token = 33287, payloadLen = 8, result = 0, payload.size() = 8
11-19 17:14:53.038 E/TaskPersister( 1194): File error accessing recents directory (directory doesn't exist?).
11-19 17:14:57.839 W/ContextImpl( 1194): Calling a method in the system process without a qualified user: android.app.ContextImpl.sendBroadcastMultiplePermissions:1143 android.content.Context.sendBroadcastWithMultiplePermissions:2150 com.android.server.display.WifiDisplayAdapter.handleSendStatusChangeBroadcast:440 com.android.server.display.WifiDisplayAdapter.access$1700:63 com.android.server.display.WifiDisplayAdapter$WifiDisplayHandler.handleMessage:675 
11-19 17:14:58.204 D/ConnectivityService( 1194): handleLingerComplete for [100 CELLULAR]
11-19 17:14:58.285 D/ConnectivityService( 1194): [112 WIFI] EVENT_NETWORK_INFO_CHANGED, going from CONNECTED to DISCONNECTED
11-19 17:14:58.285 D/ConnectivityService( 1194): [112 WIFI] disconnected, was satisfying 30
11-19 17:14:58.371 I/Nat464Xlat( 1194): Android Xlat is disabled
11-19 17:14:58.371 I/Nat464Xlat( 1194): Android Xlat is disabled
11-19 17:14:58.421 D/ConnectivityService( 1194): Sending DISCONNECTED broadcast for type 1 [112 WIFI] isDefaultNetwork=true
11-19 17:14:58.422 D/ConnectivityService( 1194): NetReassign [8 : null → 100, 20 : null → 100, 46 : null → 100, 52 : null → 100, 45 : null → 100, 54 : null → 100, 12 : null → 100, 22 : null → 100, 16 : null → 100, 49 : null → 100, 14 : null → 100, 50 : null → 100, 18 : null → 100, 53 : null → 100, 78 : null → 100, 11 : null → 100, 1 : null → 100, 69 : null → 100, 17 : null → 100]
11-19 17:14:58.428 E/NetlinkEvent(  459): NetlinkEvent::FindParam(): Parameter 'INTERFACE' not found
11-19 17:14:58.428 E/NetlinkEvent(  459): NetlinkEvent::FindParam(): Parameter 'STATE' not found
11-19 17:14:58.428 E/NetlinkEvent(  459): NetlinkEvent::FindParam(): Parameter 'TIME_NS' not found
11-19 17:14:58.428 E/NetlinkEvent(  459): NetlinkEvent::FindParam(): Parameter 'UID' not found
11-19 17:14:58.439 D/ConnectivityService( 1194): Switching to new default network: NetworkAgentInfo{ ni{[type: MOBILE[LTE], state: CONNECTED/CONNECTED, reason: (unspecified), extra: nxtgenphone, failover: false, available: true, roaming: false]}  network{100}  nethandle{432902426637}  lp{{InterfaceName: rmnet_data2 LinkAddresses: [ 10.129.103.196/29,2600:380:c119:24f:b89a:9f3c:46c1:95af/64 ] DnsAddresses: [ /172.26.38.1,/fc00:a:a::300 ] Domains: null MTU: 1430 TcpBufferSizes: 2097152,4194304,8388608,262144,524288,1048576 Routes: [ 0.0.0.0/0 -> 10.129.103.197 rmnet_data2 mtu 1430,::/0 -> fe80::b45f:41f1:1846:969d rmnet_data2 mtu 1430,10.129.103.192/29 -> 0.0.0.0 rmnet_data2 mtu 0,2600:380:c119:24f::/64 -> :: rmnet_data2 mtu 0 ]}}  nc{[ Transports: CELLULAR Capabilities: MMS&SUPL&FOTA&INTERNET&NOT_RESTRICTED&TRUSTED&NOT_VPN&VALIDATED&NOT_ROAMING&NOT_CONGESTED&NOT_SUSPENDED LinkUpBandwidth>=15000Kbps LinkDnBandwidth>=30000Kbps Specifier: <TelephonyNetworkSpecifier [mSubId = 1]> AdministratorUids: [] RequestorUid: -1 RequestorPackageName: null]}  Score{50}  everValidated{true}  lastValidated{true}  created{true} lingering{false} explicitlySelected{false} acceptUnvalidated{false} everCaptivePortalDetected{false} lastCaptivePortalDetected{false} partialConnectivity{false} acceptPartialConnectivity{false} clat{mBaseIface: null, mIface: null, mState: IDLE} }
11-19 17:14:58.587 D/ConnectivityService( 1194): Sending CONNECTED broadcast for type 0 [100 CELLULAR] isDefaultNetwork=true
11-19 17:15:02.155 D/commandrouter( 1117): rtc_sync (1, rtc:sync): <ServiceRequest> FORWARDED (remote -> local) service client ID = 0, token ID = 33288
11-19 17:15:02.155 D/commandrouter( 1117): SocServiceHandle::onServiceMessage, SoC Service = rtc_sync, appType = 1, type = SVC_RESP, clientId = 0, token = 33288, payloadLen = 8, result = 0, payload.size() = 8
11-19 17:15:02.827 D/AutofillManagerService( 1194): onBackKeyPressed()
11-19 17:15:03.887 I/chatty  ( 1194): uid=1000(system) android.ui identical 2 lines
11-19 17:15:05.628 D/AutofillManagerService( 1194): onBackKeyPressed()
11-19 17:15:05.782 D/commandrouter( 1117): SocServiceHandle::onServiceMessage, SoC Service = mcu_healthcheck_946, appType = 1, type = SVC_REQ, clientId = 0, token = 86, payloadLen = 20, result = 0, payload.size() = 20
11-19 17:15:05.786 D/commandrouter( 1117): mcu_healthcheck_946 (1, merlot:mcu_health:control): <ServiceResponse> FORWARDED (remote -> local) CR token ID = 86, service client ID = 6, token ID = 597, result = 0
11-19 17:15:06.624 D/AutofillManagerService( 1194): onBackKeyPressed()
11-19 17:15:07.133 D/commandrouter( 1117): SocServiceHandle::onServiceMessage, SoC Service = mcu_healthcheck_1118, appType = 1, type = SVC_REQ, clientId = 0, token = 173, payloadLen = 12, result = 0, payload.size() = 12
11-19 17:15:07.137 D/commandrouter( 1117): mcu_healthcheck_1118 (1, merlot:mcu_health:control): <ServiceResponse> FORWARDED (remote -> local) CR token ID = 173, service client ID = 40, token ID = 598, result = 0
11-19 17:15:07.138 D/mculinkhealth( 1118): isMcuReachable 1 (5 ms)
11-19 17:15:07.369 E/TaskPersister( 1194): File error accessing recents directory (directory doesn't exist?).
11-19 17:15:07.630 D/AutofillManagerService( 1194): onBackKeyPressed()
11-19 17:15:08.616 I/chatty  ( 1194): uid=1000(system) android.ui identical 1 line
11-19 17:15:09.629 D/AutofillManagerService( 1194): onBackKeyPressed()
11-19 17:15:10.150 W/ActivityManager( 1194): Invalid packageName: com.facebook.wearable.system.settings/com.facebook.wearable.system.settings.SettingsActivity
11-19 17:15:10.277 I/ActivityTaskManager( 1194): START u0 {flg=0x10000000 cmp=com.facebook.wearable.system.settings/.SettingsActivity} from uid 0
11-19 17:15:10.293 I/ActivityTaskManager( 1194): The Process com.facebook.wearable.system.settings Already Exists in BG. So sending its PID: 2752
11-19 17:15:10.293 W/ActivityTaskManager( 1194): Tried to set launchTime (0) < mLastActivityLaunchTime (5236588)
11-19 17:15:12.153 D/commandrouter( 1117): rtc_sync (1, rtc:sync): <ServiceRequest> FORWARDED (remote -> local) service client ID = 0, token ID = 33289
11-19 17:15:12.153 D/commandrouter( 1117): SocServiceHandle::onServiceMessage, SoC Service = rtc_sync, appType = 1, type = SVC_RESP, clientId = 0, token = 33289, payloadLen = 8, result = 0, payload.size() = 8
11-19 17:15:14.396 E/TaskPersister( 1194): File error accessing recents directory (directory doesn't exist?).
11-19 17:15:16.826 W/ContextImpl( 1194): Calling a method in the system process without a qualified user: android.app.ContextImpl.sendBroadcastMultiplePermissions:1143 android.content.Context.sendBroadcastWithMultiplePermissions:2150 com.android.server.display.WifiDisplayAdapter.handleSendStatusChangeBroadcast:440 com.android.server.display.WifiDisplayAdapter.access$1700:63 com.android.server.display.WifiDisplayAdapter$WifiDisplayHandler.handleMessage:675 
11-19 17:15:17.804 W/ContextImpl( 1194): Calling a method in the system process without a qualified user: android.app.ContextImpl.sendBroadcastMultiplePermissions:1143 android.content.Context.sendBroadcastWithMultiplePermissions:2150 com.android.server.wifi.p2p.WifiP2pServiceImpl$P2pStateMachine.sendBroadcastMultiplePermissions:3209 com.android.server.wifi.p2p.WifiP2pServiceImpl$P2pStateMachine.sendP2pConnectionChangedBroadcast:3236 com.android.server.wifi.p2p.WifiP2pServiceImpl$P2pStateMachine.access$5100:768 
11-19 17:15:17.806 W/BroadcastQueue( 1194): Permission Denial: receiving Intent { act=android.net.wifi.p2p.CONNECTION_STATE_CHANGE flg=0x24000010 (has extras) } to ProcessRecord{ba73 1900:.qtidataservices/u0a89} (pid=1900, uid=10089) requires android.permission.ACCESS_FINE_LOCATION due to sender android (uid 1000)
11-19 17:15:17.914 W/wificond(  906): Scan is not started. Ignore abort request
11-19 17:15:17.920 W/ContextImpl( 1194): Calling a method in the system process without a qualified user: android.app.ContextImpl.sendBroadcastMultiplePermissions:1143 android.content.Context.sendBroadcastWithMultiplePermissions:2150 com.android.server.wifi.p2p.WifiP2pServiceImpl$P2pStateMachine.sendBroadcastMultiplePermissions:3209 com.android.server.wifi.p2p.WifiP2pServiceImpl$P2pStateMachine.sendThisDeviceChangedBroadcast:3218 com.android.server.wifi.p2p.WifiP2pServiceImpl$P2pStateMachine.updateThisDevice:3962 
11-19 17:15:18.271 D/ConnectivityService( 1194): registerNetworkAgent NetworkAgentInfo{ ni{[type: WIFI[], state: UNKNOWN/IDLE, reason: (unspecified), extra: , failover: false, available: true, roaming: false]}  network{113}  nethandle{488737001485}  lp{{InterfaceName: wlan0 LinkAddresses: [ ] DnsAddresses: [ ] Domains: null MTU: 0 Routes: [ ]}}  nc{[ Transports: WIFI Capabilities: NOT_METERED&INTERNET&NOT_RESTRICTED&TRUSTED&NOT_VPN&NOT_ROAMING&FOREGROUND&NOT_CONGESTED&NOT_SUSPENDED LinkUpBandwidth>=72000Kbps LinkDnBandwidth>=72000Kbps OwnerUid: 1000 SSID: "MTBF_Lab" RequestorUid: -1 RequestorPackageName: null]}  Score{20}  everValidated{false}  lastValidated{false}  created{false} lingering{false} explicitlySelected{false} acceptUnvalidated{false} everCaptivePortalDetected{false} lastCaptivePortalDetected{false} partialConnectivity{false} acceptPartialConnectivity{false} clat{mBaseIface: null, mIface: null, mState: IDLE} }
11-19 17:15:18.288 D/ConnectivityService( 1194): [113 WIFI] EVENT_NETWORK_INFO_CHANGED, going from UNKNOWN to UNKNOWN
11-19 17:15:18.423 D/ConnectivityService( 1194): NetReassign [no changes]
11-19 17:15:18.461 I/Nat464Xlat( 1194): Android Xlat is disabled
11-19 17:15:18.461 I/Nat464Xlat( 1194): Android Xlat is disabled
11-19 17:15:18.586 E/ConnectivityService( 1194): Exception in networkAddRouteParcel for non-gateway: android.os.ServiceSpecificException: Machine is not on the network (code 64)
11-19 17:15:18.587 E/ConnectivityService( 1194): Exception in networkAddRouteParcel for gateway: android.os.ServiceSpecificException: Machine is not on the network (code 64)
11-19 17:15:18.587 I/Nat464Xlat( 1194): Android Xlat is disabled
11-19 17:15:18.587 I/Nat464Xlat( 1194): Android Xlat is disabled
11-19 17:15:18.727 D/ConnectivityService( 1194): Setting DNS servers for network 113 to [/192.168.1.1]
11-19 17:15:18.729 I/Nat464Xlat( 1194): Android Xlat is disabled
11-19 17:15:18.729 I/Nat464Xlat( 1194): Android Xlat is disabled
11-19 17:15:18.860 D/ConnectivityService( 1194): [113 WIFI] EVENT_NETWORK_INFO_CHANGED, going from UNKNOWN to CONNECTED
11-19 17:15:18.863 D/DnsManager( 1194): sendDnsConfigurationForNetwork(113, [192.168.1.1], [], 1800, 25, 8, 64, 0, 0, , [])
11-19 17:15:18.865 W/DnsManager( 1194): updatePrivateDns(113, PrivateDnsConfig{true:/[]})
11-19 17:15:18.865 D/ConnectivityService( 1194): Setting DNS servers for network 113 to [/192.168.1.1]
11-19 17:15:18.866 D/DnsManager( 1194): sendDnsConfigurationForNetwork(113, [192.168.1.1], [], 1800, 25, 8, 64, 0, 0, , [192.168.1.1])
11-19 17:15:18.872 D/ConnectivityService( 1194): Adding iface wlan0 to network 113
11-19 17:15:18.890 D/ConnectivityService( 1194): Setting DNS servers for network 113 to [/192.168.1.1]
11-19 17:15:18.891 D/DnsManager( 1194): sendDnsConfigurationForNetwork(113, [192.168.1.1], [], 1800, 25, 8, 64, 0, 0, , [192.168.1.1])
11-19 17:15:18.893 I/Nat464Xlat( 1194): Android Xlat is disabled
11-19 17:15:18.893 I/Nat464Xlat( 1194): Android Xlat is disabled
11-19 17:15:18.963 D/ConnectivityService( 1194): NetReassign [no changes]
11-19 17:15:19.122 D/ConnectivityService( 1194): [113 WIFI] validation passed
11-19 17:15:19.126 D/ConnectivityService( 1194): NetReassign [8 : 100 → 113, 20 : 100 → 113, 46 : 100 → 113, 52 : 100 → 113, 45 : 100 → 113, 54 : 100 → 113, 12 : 100 → 113, 22 : 100 → 113, 16 : 100 → 113, 49 : 100 → 113, 14 : 100 → 113, 50 : 100 → 113, 18 : 100 → 113, 53 : 100 → 113, 78 : 100 → 113, 11 : 100 → 113, 1 : 100 → 113, 69 : 100 → 113, 17 : 100 → 113]
11-19 17:15:19.131 E/NetlinkEvent(  459): NetlinkEvent::FindParam(): Parameter 'INTERFACE' not found
11-19 17:15:19.131 E/NetlinkEvent(  459): NetlinkEvent::FindParam(): Parameter 'STATE' not found
11-19 17:15:19.131 E/NetlinkEvent(  459): NetlinkEvent::FindParam(): Parameter 'TIME_NS' not found
11-19 17:15:19.131 E/NetlinkEvent(  459): NetlinkEvent::FindParam(): Parameter 'UID' not found
11-19 17:15:19.146 D/ConnectivityService( 1194): Switching to new default network: NetworkAgentInfo{ ni{[type: WIFI[], state: CONNECTED/CONNECTED, reason: (unspecified), extra: , failover: false, available: true, roaming: false]}  network{113}  nethandle{488737001485}  lp{{InterfaceName: wlan0 LinkAddresses: [ 192.168.1.39/24 ] DnsAddresses: [ /192.168.1.1 ] Domains: null MTU: 0 ServerAddress: /192.168.1.1 TcpBufferSizes: 524288,1048576,2097152,262144,524288,1048576 Routes: [ fe80::/64 -> :: wlan0 mtu 0,192.168.1.0/24 -> 0.0.0.0 wlan0 mtu 0,0.0.0.0/0 -> 192.168.1.1 wlan0 mtu 0 ]}}  nc{[ Transports: WIFI Capabilities: NOT_METERED&INTERNET&NOT_RESTRICTED&TRUSTED&NOT_VPN&VALIDATED&NOT_ROAMING&FOREGROUND&NOT_CONGESTED&NOT_SUSPENDED LinkUpBandwidth>=70000Kbps LinkDnBandwidth>=70000Kbps SignalStrength: -34 OwnerUid: 1000 SSID: "MTBF_Lab" RequestorUid: -1 RequestorPackageName: null]}  Score{60}  everValidated{true}  lastValidated{true}  created{true} lingering{false} explicitlySelected{false} acceptUnvalidated{false} everCaptivePortalDetected{false} lastCaptivePortalDetected{false} partialConnectivity{false} acceptPartialConnectivity{false} clat{mBaseIface: null, mIface: null, mState: IDLE} }
11-19 17:15:19.280 D/ConnectivityService( 1194): Lingering [100 CELLULAR] for 30000ms
11-19 17:15:19.281 D/ConnectivityService( 1194): Sending DISCONNECTED broadcast for type 0 [100 CELLULAR] isDefaultNetwork=true
11-19 17:15:19.283 D/ConnectivityService( 1194): Sending CONNECTED broadcast for type 1 [113 WIFI] isDefaultNetwork=true
--------- beginning of main
11-19 17:15:19.304 V/LigerRadioStatsReporter( 2384): reportAndCheckpointRadioStats
11-19 17:15:19.305 V/LigerRadioStatsReporter( 2384): +++++++++++ RADIO STATS DUMP +++++++++++
11-19 17:15:19.305 V/LigerRadioStatsReporter( 2384): totalActiveRadioTimeMs=0
11-19 17:15:19.305 V/LigerRadioStatsReporter( 2384): totalTailRadioTimeMs=13995
11-19 17:15:19.305 V/LigerRadioStatsReporter( 2384): totalWakeupCount=0
11-19 17:15:19.305 V/LigerRadioStatsReporter( 2384): httpUpBytes=0
11-19 17:15:19.305 V/LigerRadioStatsReporter( 2384): httpDownBytes=0
11-19 17:15:19.305 V/LigerRadioStatsReporter( 2384): httpWakeupCount=0
11-19 17:15:19.305 V/LigerRadioStatsReporter( 2384): httpRequestCount=0
11-19 17:15:19.305 V/LigerRadioStatsReporter( 2384): httpActiveRadioTimeMs=0
11-19 17:15:19.305 V/LigerRadioStatsReporter( 2384): httpTailRadioTimeMs=13995
11-19 17:15:19.305 V/LigerRadioStatsReporter( 2384): reportAndCheckpointRadioStats: Tx=0
11-19 17:15:19.305 V/LigerRadioStatsReporter( 2384): reportAndCheckpointRadioStats: Rx=0
11-19 17:15:19.305 V/LigerRadioStatsReporter( 2384): reportAndCheckpointRadioStats: Uids=10028
11-19 17:15:19.305 V/LigerRadioStatsReporter( 2384): reportAndCheckpointRadioStats: Tags=null
11-19 17:15:19.310 V/LigerRadioStatsReporter( 5921): +++++++++++ RADIO STATS DUMP +++++++++++
11-19 17:15:19.310 V/LigerRadioStatsReporter( 5921): totalActiveRadioTimeMs=0
11-19 17:15:19.310 V/LigerRadioStatsReporter( 5921): totalTailRadioTimeMs=13999
11-19 17:15:19.311 E/QMI_FW  (  927): qmi_cci_get_ref: ref count increased 2
11-19 17:15:19.311 V/LigerRadioStatsReporter( 5921): totalWakeupCount=0
11-19 17:15:19.311 V/LigerRadioStatsReporter( 5921): httpUpBytes=0
11-19 17:15:19.311 V/LigerRadioStatsReporter( 5921): httpDownBytes=0
11-19 17:15:19.311 V/LigerRadioStatsReporter( 5921): httpWakeupCount=0
11-19 17:15:19.311 V/LigerRadioStatsReporter( 5921): httpRequestCount=0
11-19 17:15:19.311 D/ConnectivityService( 1194): Setting DNS servers for network 113 to [/192.168.1.1]
11-19 17:15:19.311 V/LigerRadioStatsReporter( 5921): httpActiveRadioTimeMs=0
11-19 17:15:19.311 V/LigerRadioStatsReporter( 5921): httpTailRadioTimeMs=13999
11-19 17:15:19.312 D/DnsManager( 1194): sendDnsConfigurationForNetwork(113, [192.168.1.1], [], 1800, 25, 8, 64, 0, 0, , [192.168.1.1])
11-19 17:15:19.312 E/QMI_FW  (  927): qmi_cci_get_ref: ref count increased 2
11-19 17:15:19.313 V/LigerRadioStatsReporter( 5921): reportAndCheckpointRadioStats: Tx=0
11-19 17:15:19.313 V/LigerRadioStatsReporter( 5921): reportAndCheckpointRadioStats: Rx=0
11-19 17:15:19.313 V/LigerRadioStatsReporter( 5921): reportAndCheckpointRadioStats: Uids=10068
11-19 17:15:19.313 V/LigerRadioStatsReporter( 5921): reportAndCheckpointRadioStats: Tags=null
11-19 17:15:19.313 W/resolv  (  459): Validating DnsTlsServer on netId 113
11-19 17:15:19.315 D/NetworkManager( 5921): ConnectivityManager.NetworkCallback#onCapabilitiesChanged()
11-19 17:15:19.315 D/NetworkManager( 5921): connected: true
11-19 17:15:19.321 E/QMI_FW  ( 1113): qmi_cci_get_ref: ref count increased 2
11-19 17:15:19.322 E/QMI_FW  ( 1113): qmi_cci_get_ref: ref count increased 2
11-19 17:15:19.333 W/resolv  (  459): SSL_connect ssl error =5, mark 0xf0071: Connection refused
11-19 17:15:19.338 W/resolv  (  459): Validation failed
11-19 17:15:19.343 D/DeviceAuthService( 5799): isOculusAddressResolvable returned true
11-19 17:15:19.344 D/DeviceAuthenticator( 5799): Fetching new credentials asynchronously
11-19 17:15:19.347 D/DeviceAuthenticator( 5799): Calling DeviceAuth.authenticate()
11-19 17:15:19.349 E/DeviceCertService(  541): This device *might* have a provisioning issue. Please run `maui provision check` to verify.
11-19 17:15:19.349 E/DeviceCertService(  541): See https://fburl.com/wiki/a9hho0p9 for more information.
11-19 17:15:19.349 E/DeviceCertService(  541): Could not access certificate file '/mnt/vendor/persist/certificates/device_identityinsecure.crt', error 2: No such file or directory
11-19 17:15:19.351 D/WifiConnector( 2841): Configured Networks Changed
11-19 17:15:19.351 E/DeviceAuthenticator( 5799): ERROR: java.lang.RuntimeException: devicecert returned error FILESYSTEM_ERROR
11-19 17:15:19.351 E/DeviceAuthenticator( 5799): 
11-19 17:15:19.351 E/DeviceAuthenticator( 5799): com.facebook.mos.sdk.devicecert.DeviceIdentityException: java.lang.RuntimeException: devicecert returned error FILESYSTEM_ERROR
11-19 17:15:19.351 E/DeviceAuthenticator( 5799): 
11-19 17:15:19.354 E/QMI_FW  ( 1113): qmi_cci_get_ref: ref count increased 2
11-19 17:15:19.354 I/chatty  ( 1194): uid=1000(system) WifiHandlerThre expire 7 lines
11-19 17:15:19.365 E/QMI_FW  ( 1113): qmi_cci_get_ref: ref count increased 2
11-19 17:15:19.368 I/chatty  ( 1113): uid=1001(radio) main identical 3 lines
11-19 17:15:19.370 I/chatty  ( 1113): uid=1001(radio) DispatcherModul expire 1 line
11-19 17:15:19.372 E/QMI_FW  ( 1113): qmi_cci_get_ref: ref count increased 2
11-19 17:15:19.373 E/QMI_FW  ( 1113): qmi_cci_get_ref: ref count increased 2
11-19 17:15:19.373 E/QMI_FW  ( 1113): qmi_cci_get_ref: ref count increased 2
11-19 17:15:19.374 E/QMI_FW  ( 1113): qmi_cci_get_ref: ref count increased 2
11-19 17:15:19.377 D/PhoneInterfaceManager( 1975): setModemActivityInfo
11-19 17:15:19.378 D/FbSideCarManager( 1975): setModemActivityInfo
11-19 17:15:19.378 D/FbSideCarManager( 1975): setModemActivityInfo
11-19 17:15:19.378 D/WirelessInsightServiceImpl( 1975): setModemActivityInfo
11-19 17:15:19.378 D/FbSideCarManager( 1975): setModemActivityInfoInternal success
11-19 17:15:19.378 D/PhoneInterfaceManager( 1975): setModemActivityInfo: success.
11-19 17:15:19.378 D/WirelessInsightServiceImpl( 1975): notifyListeners: listeners = 0, modemActivityInfo = ModemActivityInfo{ mTimestamp=5265638 mSleepTimeMs=4678507 mIdleTimeMs=39538 mTransmitPowerInfo[]=[TransmitPower{ mTimeInMillis=0 mPowerRangeInDbm={-2147483648,0}}, TransmitPower{ mTimeInMillis=978 mPowerRangeInDbm={0,5}}, TransmitPower{ mTimeInMillis=7364 mPowerRangeInDbm={5,15}}, TransmitPower{ mTimeInMillis=66 mPowerRangeInDbm={15,20}}, TransmitPower{ mTimeInMillis=10055 mPowerRangeInDbm={20,2147483647}}] mRxTimeMs=494810}
11-19 17:15:19.378 I/chatty  ( 1194): uid=1000(system) pool-9-thread-1 expire 1 line
11-19 17:15:19.379 E/QMI_FW  ( 1113): qmi_cci_get_ref: ref count increased 2
11-19 17:15:19.385 E/QMI_FW  ( 1113): qmi_cci_get_ref: ref count increased 2
11-19 17:15:19.390 E/QMI_FW  ( 1113): qmi_cci_get_ref: ref count increased 2
11-19 17:15:19.399 E/QMI_FW  ( 1113): qmi_cci_get_ref: ref count increased 2
11-19 17:15:19.405 I/chatty  ( 1194): uid=1000(system) NetworkTimeUpda expire 1 line
11-19 17:15:19.406 E/QMI_FW  ( 1113): qmi_cci_get_ref: ref count increased 2
11-19 17:15:19.415 I/chatty  ( 1113): uid=1001(radio) main identical 3 lines
11-19 17:15:19.416 E/QMI_FW  ( 1113): qmi_cci_get_ref: ref count increased 2
11-19 17:15:20.144 D/QCNEJ/WlanStaInfoRelay( 1900): Received action: android.net.wifi.LINK_CONFIGURATION_CHANGED
11-19 17:15:20.144 E/QCNEJ/WlanStaInfoRelay( 1900): update link properties given null lp
11-19 17:15:20.147 I/Nat464Xlat( 1194): Android Xlat is disabled
11-19 17:15:20.222 D/QCNEJ/NativeHalConnector( 1900): -> SND notifyWifiAvailable(v4Connected = truev6Connected = , false, isAndroidValidated = true)
11-19 17:15:21.496 D/WearableConnectivityManager( 2581): onWifiStrengthChange: -37
11-19 17:15:21.499 D/QCNEJ/WlanStaInfoRelay( 1900): Received action: android.net.wifi.RSSI_CHANGED
11-19 17:15:21.508 D/NetworkManager( 5883): ConnectivityManager.NetworkCallback#onCapabilitiesChanged()
11-19 17:15:21.508 D/NetworkManager( 5883): connected: true
11-19 17:15:21.508 V/LigerRadioStatsReporter( 5921): onCapabilitiesChanged: Network capabilities changed
11-19 17:15:21.508 V/LigerRadioStatsReporter( 5921): reportAndCheckpointRadioStats
11-19 17:15:21.508 V/LigerRadioStatsReporter( 5921): +++++++++++ RADIO STATS DUMP +++++++++++
11-19 17:15:21.509 V/LigerRadioStatsReporter( 5921): totalActiveRadioTimeMs=0
11-19 17:15:21.509 V/LigerRadioStatsReporter( 5921): totalTailRadioTimeMs=13999
11-19 17:15:21.509 V/LigerRadioStatsReporter( 5921): totalWakeupCount=0
11-19 17:15:21.509 V/LigerRadioStatsReporter( 5921): httpUpBytes=0
11-19 17:15:21.509 V/LigerRadioStatsReporter( 5921): httpDownBytes=0
11-19 17:15:21.509 V/LigerRadioStatsReporter( 5921): httpWakeupCount=0
11-19 17:15:21.509 V/LigerRadioStatsReporter( 5921): httpRequestCount=0
11-19 17:15:21.509 V/LigerRadioStatsReporter( 5921): httpActiveRadioTimeMs=0
11-19 17:15:21.509 V/LigerRadioStatsReporter( 5921): httpTailRadioTimeMs=13999
11-19 17:15:21.509 V/LigerRadioStatsReporter( 5921): reportAndCheckpointRadioStats: Tx=0
11-19 17:15:21.509 V/LigerRadioStatsReporter( 5921): reportAndCheckpointRadioStats: Rx=0
11-19 17:15:21.509 V/LigerRadioStatsReporter( 5921): reportAndCheckpointRadioStats: Uids=10068
11-19 17:15:21.509 V/LigerRadioStatsReporter( 5921): reportAndCheckpointRadioStats: Tags=null
11-19 17:15:21.510 V/LigerRadioStatsReporter( 2384): onCapabilitiesChanged: Network capabilities changed
11-19 17:15:21.510 V/LigerRadioStatsReporter( 2384): reportAndCheckpointRadioStats
11-19 17:15:21.511 V/LigerRadioStatsReporter( 2384): +++++++++++ RADIO STATS DUMP +++++++++++
11-19 17:15:21.511 V/LigerRadioStatsReporter( 2384): totalActiveRadioTimeMs=0
11-19 17:15:21.511 V/LigerRadioStatsReporter( 2384): totalTailRadioTimeMs=13995
11-19 17:15:21.511 V/LigerRadioStatsReporter( 2384): totalWakeupCount=0
11-19 17:15:21.511 D/NetworkManager( 5921): ConnectivityManager.NetworkCallback#onCapabilitiesChanged()
11-19 17:15:21.511 V/LigerRadioStatsReporter( 2384): httpUpBytes=0
11-19 17:15:21.511 V/LigerRadioStatsReporter( 2384): httpDownBytes=0
11-19 17:15:21.511 D/NetworkManager( 5921): connected: true
11-19 17:15:21.511 V/LigerRadioStatsReporter( 2384): httpWakeupCount=0
11-19 17:15:21.511 V/LigerRadioStatsReporter( 2384): httpRequestCount=0
11-19 17:15:21.511 V/LigerRadioStatsReporter( 2384): httpActiveRadioTimeMs=0
11-19 17:15:21.512 V/LigerRadioStatsReporter( 2384): httpTailRadioTimeMs=13995
11-19 17:15:21.512 V/LigerRadioStatsReporter( 2384): reportAndCheckpointRadioStats: Tx=0
11-19 17:15:21.512 V/LigerRadioStatsReporter( 2384): reportAndCheckpointRadioStats: Rx=0
11-19 17:15:21.512 V/LigerRadioStatsReporter( 2384): reportAndCheckpointRadioStats: Uids=10028
11-19 17:15:21.512 V/LigerRadioStatsReporter( 2384): reportAndCheckpointRadioStats: Tags=null
11-19 17:15:20.147 I/Nat464Xlat( 1194): Android Xlat is disabled
11-19 17:15:22.159 D/commandrouter( 1117): rtc_sync (1, rtc:sync): <ServiceRequest> FORWARDED (remote -> local) service client ID = 0, token ID = 33290
11-19 17:15:22.159 D/vendor.facebook.rtc_sync@1.0-service( 1129): Request req_ts=1637342122148695868 resp_ts=1637342122159883155
11-19 17:15:22.160 D/commandrouter( 1117): SocServiceHandle::onServiceMessage, SoC Service = rtc_sync, appType = 1, type = SVC_RESP, clientId = 0, token = 33290, payloadLen = 8, result = 0, payload.size() = 8
11-19 17:15:22.483 E/QMI_FW  ( 1113): qmi_cci_get_ref: ref count increased 2
11-19 17:15:22.485 E/QMI_FW  ( 1113): qmi_cci_get_ref: ref count increased 2
11-19 17:15:22.495 I/WearableConnectivityManager( 2581): LTE Signal strength is: 1
11-19 17:15:22.495 I/WearableConnectivityManager( 2581): Cellular Signal strength is: 1
11-19 17:15:22.496 D/RadioLinkQualityScoreBuilder( 1975): scoreRsrp: 2scoreRsrq: 3scoreRssnr: 3
11-19 17:15:24.629 D/AppStorageManager( 1194): BEFORE:: Previous Size: 1060528128 Current Size: 1060667392
11-19 17:15:24.630 D/AppStorageManager( 1194): AFTER:: Previous Size: 1060667392 Current Size: 1060667392
11-19 17:15:25.363 E/QMI_FW  ( 1113): qmi_cci_get_ref: ref count increased 2
11-19 17:15:25.364 E/QMI_FW  ( 1113): qmi_cci_get_ref: ref count increased 2
11-19 17:15:25.375 I/WearableConnectivityManager( 2581): LTE Signal strength is: 1
11-19 17:15:25.375 I/WearableConnectivityManager( 2581): Cellular Signal strength is: 1
11-19 17:15:25.376 D/RadioLinkQualityScoreBuilder( 1975): scoreRsrp: 2scoreRsrq: 2scoreRssnr: 2
11-19 17:15:25.438 E/QMI_FW  ( 1113): qmi_cci_get_ref: ref count increased 2
11-19 17:15:25.438 E/QMI_FW  ( 1113): qmi_cci_get_ref: ref count increased 2
11-19 17:15:25.439 E/QMI_FW  ( 1113): qmi_cci_get_ref: ref count increased 2
11-19 17:15:32.166 D/commandrouter( 1117): rtc_sync (1, rtc:sync): <ServiceRequest> FORWARDED (remote -> local) service client ID = 0, token ID = 33291
11-19 17:15:32.166 D/vendor.facebook.rtc_sync@1.0-service( 1129): Request req_ts=1637342132151883155 resp_ts=1637342132166493829
11-19 17:15:32.167 D/commandrouter( 1117): SocServiceHandle::onServiceMessage, SoC Service = rtc_sync, appType = 1, type = SVC_RESP, clientId = 0, token = 33291, payloadLen = 8, result = 0, payload.size() = 8
11-19 17:15:34.131 D/ConnectivityService( 1194): requestNetwork for uid/pid:10005/3573 NetworkRequest [ TRACK_DEFAULT id=80, [ Capabilities: INTERNET&NOT_RESTRICTED&TRUSTED Uid: 10005 AdministratorUids: [] RequestorUid: 10005 RequestorPackageName: com.facebook.wearable.system.telecom] ]
11-19 17:15:34.131 D/ConnectivityService( 1194): NetReassign [80 : null → 113]
11-19 17:15:34.132 D/PhoneSwitcherNetworkRequstListener( 1975): got request NetworkRequest [ TRACK_DEFAULT id=80, [ Capabilities: INTERNET&NOT_RESTRICTED&TRUSTED Uid: 10005 AdministratorUids: [] RequestorUid: 10005 RequestorPackageName: com.facebook.wearable.system.telecom] ] with score 60 and providerId 1
11-19 17:15:34.198 D/FacebookRepository( 3573): Reading from Store [688175592090415]
11-19 17:15:34.198 D/FacebookRepository( 3573): Requesting from Content Provider [688175592090415]
11-19 17:15:34.206 D/FacebookProvider( 2721): Starting SSO Network Fetch for 688175592090415
11-19 17:15:34.206 I/AccountsContentProvider( 2721): No Primary Account. Accounts Error [content://com.facebook.wearable.system.accounts.AccountsContentProvider/facebook/688175592090415]
11-19 17:15:34.207 E/DatabaseUtils( 2721): Writing exception to parcel
11-19 17:15:34.207 E/DatabaseUtils( 2721): java.lang.IllegalStateException: No Primary Account
11-19 17:15:34.207 E/DatabaseUtils( 2721): 	at com.facebook.secure.content.AbstractContentProvider.doQuery(:284)
11-19 17:15:34.207 E/DatabaseUtils( 2721): 	at com.facebook.secure.content.AbstractContentProvider.query(:8)
11-19 17:15:34.207 E/DatabaseUtils( 2721): 	at android.content.ContentProvider.query(ContentProvider.java:1474)
11-19 17:15:34.207 E/DatabaseUtils( 2721): 	at android.content.ContentProvider$Transport.query(ContentProvider.java:278)
11-19 17:15:34.207 E/DatabaseUtils( 2721): 	at android.content.ContentProviderNative.onTransact(ContentProviderNative.java:106)
11-19 17:15:34.207 E/DatabaseUtils( 2721): 	at android.os.Binder.execTransactInternal(Binder.java:1154)
11-19 17:15:34.207 E/DatabaseUtils( 2721): 	at android.os.Binder.execTransact(Binder.java:1123)
11-19 17:15:34.208 E/UntetheredRelayCrypt( 3573): untethered relay key upload failed: java.lang.IllegalStateException: No Primary Account
11-19 17:15:34.210 W/WearableUntetheredRelayCrypt( 3573): Could not upload public key, will retry
11-19 17:15:34.212 D/FacebookRepository( 3573): Reading from Store [688175592090415]
11-19 17:15:34.213 I/WM-WorkerWrapper( 3573): Worker result RETRY for Work [ id=6bf4681a-5b37-434d-a36f-04d88a64368a, tags={ com.facebook.wearable.system.telecom.messaging.untethered.e2ee.WearableUntetheredRelayCrypt$InitialKeypairRotationWorker, com.facebook.wearable.system.telecom.messaging.untethered.e2ee.InitialKeypairRotationWorker } ]
11-19 17:15:34.214 D/FacebookRepository( 3573): Reading from Store [688175592090415]
11-19 17:15:34.214 D/FacebookRepository( 3573): Requesting from Content Provider [688175592090415]
11-19 17:15:34.219 D/FacebookProvider( 2721): Starting SSO Network Fetch for 688175592090415
11-19 17:15:34.219 I/AccountsContentProvider( 2721): No Primary Account. Accounts Error [content://com.facebook.wearable.system.accounts.AccountsContentProvider/facebook/688175592090415]
11-19 17:15:34.220 E/DatabaseUtils( 2721): Writing exception to parcel
11-19 17:15:34.220 E/DatabaseUtils( 2721): java.lang.IllegalStateException: No Primary Account
11-19 17:15:34.220 E/DatabaseUtils( 2721): 	at com.facebook.secure.content.AbstractContentProvider.doQuery(:284)
11-19 17:15:34.220 E/DatabaseUtils( 2721): 	at com.facebook.secure.content.AbstractContentProvider.query(:8)
11-19 17:15:34.220 E/DatabaseUtils( 2721): 	at android.content.ContentProvider.query(ContentProvider.java:1474)
11-19 17:15:34.220 E/DatabaseUtils( 2721): 	at android.content.ContentProvider$Transport.query(ContentProvider.java:278)
11-19 17:15:34.220 E/DatabaseUtils( 2721): 	at android.content.ContentProviderNative.onTransact(ContentProviderNative.java:106)
11-19 17:15:34.220 E/DatabaseUtils( 2721): 	at android.os.Binder.execTransactInternal(Binder.java:1154)
11-19 17:15:34.220 E/DatabaseUtils( 2721): 	at android.os.Binder.execTransact(Binder.java:1123)
11-19 17:15:34.221 E/UntetheredRelayCrypt( 3573): untethered relay key upload failed: java.lang.IllegalStateException: No Primary Account
11-19 17:15:34.222 W/WearableUntetheredRelayCrypt( 3573): Could not upload public key, will retry
11-19 17:15:34.222 D/FacebookRepository( 3573): Reading from Store [688175592090415]
11-19 17:15:34.254 I/chatty  ( 1194): uid=1000 system_server expire 3 lines
11-19 17:15:34.347 I/WM-WorkerWrapper( 3573): Worker result RETRY for Work [ id=0d1b36ff-d38f-4617-a3b9-2533bfee2e00, tags={ com.facebook.wearable.system.telecom.messaging.untethered.e2ee.WearableUntetheredRelayCrypt$InitialKeypairRotationWorker, com.facebook.wearable.system.telecom.messaging.untethered.e2ee.InitialKeypairRotationWorker } ]
11-19 17:15:34.583 D/FacebookRepository( 3573): Reading from Store [688175592090415]
11-19 17:15:34.583 D/FacebookRepository( 3573): Requesting from Content Provider [688175592090415]
11-19 17:15:34.587 D/FacebookProvider( 2721): Starting SSO Network Fetch for 688175592090415
11-19 17:15:34.588 I/AccountsContentProvider( 2721): No Primary Account. Accounts Error [content://com.facebook.wearable.system.accounts.AccountsContentProvider/facebook/688175592090415]
11-19 17:15:34.588 E/DatabaseUtils( 2721): Writing exception to parcel
11-19 17:15:34.588 E/DatabaseUtils( 2721): java.lang.IllegalStateException: No Primary Account
11-19 17:15:34.588 E/DatabaseUtils( 2721): 	at com.facebook.secure.content.AbstractContentProvider.doQuery(:284)
11-19 17:15:34.588 E/DatabaseUtils( 2721): 	at com.facebook.secure.content.AbstractContentProvider.query(:8)
11-19 17:15:34.588 E/DatabaseUtils( 2721): 	at android.content.ContentProvider.query(ContentProvider.java:1474)
11-19 17:15:34.588 E/DatabaseUtils( 2721): 	at android.content.ContentProvider$Transport.query(ContentProvider.java:278)
11-19 17:15:34.588 E/DatabaseUtils( 2721): 	at android.content.ContentProviderNative.onTransact(ContentProviderNative.java:106)
11-19 17:15:34.588 E/DatabaseUtils( 2721): 	at android.os.Binder.execTransactInternal(Binder.java:1154)
11-19 17:15:34.588 E/DatabaseUtils( 2721): 	at android.os.Binder.execTransact(Binder.java:1123)
11-19 17:15:34.593 E/UntetheredRelayCrypt( 3573): untethered relay key upload failed: java.lang.IllegalStateException: No Primary Account
11-19 17:15:34.594 D/FacebookRepository( 3573): Reading from Store [688175592090415]
11-19 17:15:34.597 W/WearableUntetheredRelayCrypt( 3573): Could not upload public key, will retry
11-19 17:15:34.600 I/WM-WorkerWrapper( 3573): Worker result RETRY for Work [ id=a0e0361f-f580-4182-af38-611c76116c6c, tags={ com.facebook.wearable.system.telecom.messaging.untethered.e2ee.WearableUntetheredRelayCrypt$InitialKeypairRotationWorker, com.facebook.wearable.system.telecom.messaging.untethered.e2ee.InitialKeypairRotationWorker } ]
11-19 17:15:34.604 D/ConnectivityService( 1194): releasing NetworkRequest [ TRACK_DEFAULT id=80, [ Capabilities: INTERNET&NOT_RESTRICTED&TRUSTED Uid: 10005 AdministratorUids: [] RequestorUid: 10005 RequestorPackageName: com.facebook.wearable.system.telecom] ] (release request)
11-19 17:15:34.724 E/QMI_FW  ( 1113): qmi_cci_get_ref: ref count increased 2
11-19 17:15:34.726 E/QMI_FW  ( 1113): qmi_cci_get_ref: ref count increased 2
11-19 17:15:34.736 I/WearableConnectivityManager( 2581): LTE Signal strength is: 1
11-19 17:15:34.736 I/WearableConnectivityManager( 2581): Cellular Signal strength is: 1
11-19 17:15:34.737 D/RadioLinkQualityScoreBuilder( 1975): scoreRsrp: 2scoreRsrq: 2scoreRssnr: 3
11-19 17:15:36.826 I/chatty  ( 1194): uid=1000(system) WifiScanningSer expire 2 lines
11-19 17:15:36.867 I/chatty  ( 1024): uid=1021(gps) lowi-server expire 189 lines
11-19 17:15:36.868 V/WifiHAL (  539): event received NL80211_CMD_TRIGGER_SCAN
11-19 17:15:37.014 V/WifiHAL (  539): event received NL80211_CMD_NEW_SCAN_RESULTS
11-19 17:15:37.015 I/chatty  ( 1194): uid=1000(system) Binder:1194_15 expire 2 lines
11-19 17:15:37.029 I/chatty  ( 1024): uid=1021(gps) lowi-server expire 7 lines
11-19 17:15:37.139 D/mcu_health_checker( 1118): Sent MCU Health Request
11-19 17:15:37.139 D/commandrouter( 1117): SocServiceHandle::onServiceMessage, SoC Service = mcu_healthcheck_1118, appType = 1, type = SVC_REQ, clientId = 0, token = 174, payloadLen = 12, result = 0, payload.size() = 12
11-19 17:15:37.145 D/commandrouter( 1117): mcu_healthcheck_1118 (1, merlot:mcu_health:control): <ServiceResponse> FORWARDED (remote -> local) CR token ID = 174, service client ID = 40, token ID = 599, result = 0
11-19 17:15:37.145 D/mcu_health_checker( 1118): MCU Health Response: MCU_OK
11-19 17:15:37.145 D/mcu_health_checker( 1118): MCU Session 0, uptime = 5247623 ms
11-19 17:15:37.145 D/mculinkhealth( 1118): isMcuReachable 1 (6 ms)
11-19 17:15:37.362 I/vendor.rmt_storage(  581): rmt_storage_connect_cb: clnt_h=0x1b conn_h=0x93f2d030
11-19 17:15:37.362 I/vendor.rmt_storage(  581): rmt_storage_rw_iovec_cb: /boot/modem_fs2: req_h=0x1b msg_id=3: R/W request received (wr_count 19)
11-19 17:15:37.362 I/vendor.rmt_storage(  581): wakelock acquired: 1, error no: 11
11-19 17:15:37.363 I/vendor.rmt_storage(  581): rmt_storage_client_thread: /boot/modem_fs2: Unblock worker thread (th_id: -1826115136)
11-19 17:15:37.448 I/vendor.rmt_storage(  581): rmt_storage_client_thread: /boot/modem_fs2: req_h=0x1b msg_id=3: Bytes written = 1572864, wr_count 19
11-19 17:15:37.448 I/vendor.rmt_storage(  581): rmt_storage_client_thread: /boot/modem_fs2: req_h=0x1b msg_id=3: Send response: res=0 err=0, wr_count 19
