11-20 06:59:31.241 D/ConnectivityService( 1194): Switching to new default network: NetworkAgentInfo{ ni{[type: WIFI[], state: CONNECTED/CONNECTED, reason: (unspecified), extra: , failover: false, available: true, roaming: false]}  network{146}  nethandle{630470922253}  lp{{InterfaceName: wlan0 LinkAddresses: [ 192.168.1.39/24 ] DnsAddresses: [ /192.168.1.1 ] Domains: null MTU: 0 ServerAddress: /192.168.1.1 TcpBufferSizes: 524288,1048576,2097152,262144,524288,1048576 Routes: [ fe80::/64 -> :: wlan0 mtu 0,192.168.1.0/24 -> 0.0.0.0 wlan0 mtu 0,0.0.0.0/0 -> 192.168.1.1 wlan0 mtu 0 ]}}  nc{[ Transports: WIFI Capabilities: NOT_METERED&INTERNET&NOT_RESTRICTED&TRUSTED&NOT_VPN&VALIDATED&NOT_ROAMING&FOREGROUND&NOT_CONGESTED&NOT_SUSPENDED LinkUpBandwidth>=67000Kbps LinkDnBandwidth>=67000Kbps SignalStrength: -28 OwnerUid: 1000 SSID: "MTBF_Lab" RequestorUid: -1 RequestorPackageName: null]}  Score{60}  everValidated{true}  lastValidated{true}  created{true} lingering{false} explicitlySelected{false} acceptUnvalidated{false} everCaptivePortalDetected{false} lastCaptivePortalDetected{false} partialConnectivity{false} acceptPartialConnectivity{false} clat{mBaseIface: null, mIface: null, mState: IDLE} }
11-20 06:59:31.378 D/ConnectivityService( 1194): Lingering [100 CELLULAR] for 30000ms
11-20 06:59:31.380 D/ConnectivityService( 1194): Sending DISCONNECTED broadcast for type 0 [100 CELLULAR] isDefaultNetwork=true
11-20 06:59:31.382 D/ConnectivityService( 1194): Sending CONNECTED broadcast for type 1 [146 WIFI] isDefaultNetwork=true
11-20 06:59:31.440 D/ConnectivityService( 1194): Setting DNS servers for network 146 to [/192.168.1.1]
11-20 06:59:31.441 D/DnsManager( 1194): sendDnsConfigurationForNetwork(146, [192.168.1.1], [], 1800, 25, 8, 64, 0, 0, , [192.168.1.1])
11-20 06:59:32.382 I/Nat464Xlat( 1194): Android Xlat is disabled
11-20 06:59:32.382 I/Nat464Xlat( 1194): Android Xlat is disabled
11-20 06:59:39.901 D/commandrouter( 1117): rtc_sync (1, rtc:sync): <ServiceRequest> FORWARDED (remote -> local) service client ID = 0, token ID = 38236
11-20 06:59:39.902 D/commandrouter( 1117): SocServiceHandle::onServiceMessage, SoC Service = rtc_sync, appType = 1, type = SVC_RESP, clientId = 0, token = 38236, payloadLen = 8, result = 0, payload.size() = 8
11-20 06:59:47.422 D/commandrouter( 1117): SocServiceHandle::onServiceMessage, SoC Service = mcu_healthcheck_1118, appType = 1, type = SVC_REQ, clientId = 0, token = 1822, payloadLen = 12, result = 0, payload.size() = 12
11-20 06:59:47.428 D/commandrouter( 1117): mcu_healthcheck_1118 (1, merlot:mcu_health:control): <ServiceResponse> FORWARDED (remote -> local) CR token ID = 1822, service client ID = 40, token ID = 33620, result = 0
11-20 06:59:47.428 D/mculinkhealth( 1118): isMcuReachable 1 (6 ms)
11-20 06:59:47.502 D/AppStorageManager( 1194): BEFORE:: Previous Size: 997277696 Current Size: 997076992
11-20 06:59:47.502 D/AppStorageManager( 1194): AFTER:: Previous Size: 997076992 Current Size: 997076992
11-20 06:59:49.887 D/commandrouter( 1117): rtc_sync (1, rtc:sync): <ServiceRequest> FORWARDED (remote -> local) service client ID = 0, token ID = 38237
11-20 06:59:49.888 D/commandrouter( 1117): SocServiceHandle::onServiceMessage, SoC Service = rtc_sync, appType = 1, type = SVC_RESP, clientId = 0, token = 38237, payloadLen = 8, result = 0, payload.size() = 8
11-20 06:59:50.316 D/AutofillManagerService( 1194): onBackKeyPressed()
11-20 06:59:51.381 I/chatty  ( 1194): uid=1000(system) android.ui identical 2 lines
11-20 06:59:52.596 D/AutofillManagerService( 1194): onBackKeyPressed()
11-20 06:59:53.150 W/ActivityManager( 1194): Invalid packageName: com.facebook.wearable.system.settings/com.facebook.wearable.system.settings.SettingsActivity
11-20 06:59:53.293 I/ActivityTaskManager( 1194): START u0 {flg=0x10000000 cmp=com.facebook.wearable.system.settings/.SettingsActivity} from uid 0
11-20 06:59:53.313 I/ActivityTaskManager( 1194): The Process com.facebook.wearable.system.settings Already Exists in BG. So sending its PID: 16444
11-20 06:59:53.313 W/ActivityTaskManager( 1194): Tried to set launchTime (0) < mLastActivityLaunchTime (54708572)
11-20 06:59:53.870 D/commandrouter( 1117): SocServiceHandle::onServiceMessage, SoC Service = mcu_healthcheck_1194, appType = 1, type = SVC_REQ, clientId = 0, token = 94, payloadLen = 12, result = 0, payload.size() = 12
11-20 06:59:53.873 D/commandrouter( 1117): mcu_healthcheck_1194 (1, merlot:mcu_health:control): <ServiceResponse> FORWARDED (remote -> local) CR token ID = 94, service client ID = 39, token ID = 33621, result = 0
11-20 06:59:53.879 D/McuReachableCollector( 1194): call isMcuReachable, result true
11-20 06:59:54.135 D/RadioActivityCollector( 1194): Logging RadioActivity data: fields={radio_bluetooth_tx_time_unplugged=0, radio_wifi_sleep_time_unplugged=536918, radio_bluetooth_idle_time_unplugged=0, radio_wifi_tx_time_unplugged=0, radio_bluetooth_energy_used_unplugged=0, radio_bluetooth_rx_time_unplugged=0, radio_wifi_rx_time_unplugged=0, radio_bluetooth_sleep_time_unplugged=600179, radio_wifi_idle_time_unplugged=63193, radio_wifi_energy_used_unplugged=0}, pid=null, uid=null, pids=null, uids=null
11-20 06:59:54.861 D/AnalyticsLogger( 1194): sent events: 82
11-20 06:59:55.981 E/TaskPersister( 1194): File error accessing recents directory (directory doesn't exist?).
11-20 06:59:59.883 D/commandrouter( 1117): rtc_sync (1, rtc:sync): <ServiceRequest> FORWARDED (remote -> local) service client ID = 0, token ID = 38238
11-20 06:59:59.884 D/commandrouter( 1117): SocServiceHandle::onServiceMessage, SoC Service = rtc_sync, appType = 1, type = SVC_RESP, clientId = 0, token = 38238, payloadLen = 8, result = 0, payload.size() = 8
11-20 07:00:00.849 W/ContextImpl( 1194): Calling a method in the system process without a qualified user: android.app.ContextImpl.sendBroadcastMultiplePermissions:1143 android.content.Context.sendBroadcastWithMultiplePermissions:2150 com.android.server.display.WifiDisplayAdapter.handleSendStatusChangeBroadcast:440 com.android.server.display.WifiDisplayAdapter.access$1700:63 com.android.server.display.WifiDisplayAdapter$WifiDisplayHandler.handleMessage:675 
11-20 07:00:01.211 D/ConnectivityService( 1194): handleLingerComplete for [100 CELLULAR]
11-20 07:00:01.376 I/wificond(  906): Fail RSSI polling because wifi is not associated.
11-20 07:00:01.426 D/ConnectivityService( 1194): [146 WIFI] EVENT_NETWORK_INFO_CHANGED, going from CONNECTED to DISCONNECTED
11-20 07:00:01.426 D/ConnectivityService( 1194): [146 WIFI] disconnected, was satisfying 27
11-20 07:00:01.500 I/Nat464Xlat( 1194): Android Xlat is disabled
11-20 07:00:01.500 I/Nat464Xlat( 1194): Android Xlat is disabled
11-20 07:00:01.520 D/ConnectivityService( 1194): Sending DISCONNECTED broadcast for type 1 [146 WIFI] isDefaultNetwork=true
11-20 07:00:01.546 D/ConnectivityService( 1194): NetReassign [8 : null → 100, 20 : null → 100, 46 : null → 100, 45 : null → 100, 12 : null → 100, 22 : null → 100, 16 : null → 100, 14 : null → 100, 50 : null → 100, 990 : null → 100, 18 : null → 100, 993 : null → 100, 11 : null → 100, 1 : null → 100, 17 : null → 100, 995 : null → 100]
11-20 07:00:01.558 E/NetlinkEvent(  459): NetlinkEvent::FindParam(): Parameter 'INTERFACE' not found
11-20 07:00:01.558 E/NetlinkEvent(  459): NetlinkEvent::FindParam(): Parameter 'STATE' not found
11-20 07:00:01.558 E/NetlinkEvent(  459): NetlinkEvent::FindParam(): Parameter 'TIME_NS' not found
11-20 07:00:01.559 E/NetlinkEvent(  459): NetlinkEvent::FindParam(): Parameter 'UID' not found
11-20 07:00:01.585 D/ConnectivityService( 1194): Switching to new default network: NetworkAgentInfo{ ni{[type: MOBILE[LTE], state: CONNECTED/CONNECTED, reason: (unspecified), extra: nxtgenphone, failover: false, available: true, roaming: false]}  network{100}  nethandle{432902426637}  lp{{InterfaceName: rmnet_data2 LinkAddresses: [ 10.129.103.196/29,2600:380:c119:24f:b89a:9f3c:46c1:95af/64 ] DnsAddresses: [ /172.26.38.1,/fc00:a:a::300 ] Domains: null MTU: 1430 TcpBufferSizes: 2097152,4194304,8388608,262144,524288,1048576 Routes: [ 0.0.0.0/0 -> 10.129.103.197 rmnet_data2 mtu 1430,::/0 -> fe80::b45f:41f1:1846:969d rmnet_data2 mtu 1430,10.129.103.192/29 -> 0.0.0.0 rmnet_data2 mtu 0,2600:380:c119:24f::/64 -> :: rmnet_data2 mtu 0 ]}}  nc{[ Transports: CELLULAR Capabilities: MMS&SUPL&FOTA&INTERNET&NOT_RESTRICTED&TRUSTED&NOT_VPN&VALIDATED&NOT_ROAMING&NOT_CONGESTED&NOT_SUSPENDED LinkUpBandwidth>=15000Kbps LinkDnBandwidth>=30000Kbps Specifier: <TelephonyNetworkSpecifier [mSubId = 1]> AdministratorUids: [] RequestorUid: -1 RequestorPackageName: null]}  Score{50}  everValidated{true}  lastValidated{true}  created{true} lingering{false} explicitlySelected{false} acceptUnvalidated{false} everCaptivePortalDetected{false} lastCaptivePortalDetected{false} partialConnectivity{false} acceptPartialConnectivity{false} clat{mBaseIface: null, mIface: null, mState: IDLE} }
11-20 07:00:01.723 D/ConnectivityService( 1194): Sending CONNECTED broadcast for type 0 [100 CELLULAR] isDefaultNetwork=true
11-20 07:00:05.794 D/AutofillManagerService( 1194): onBackKeyPressed()
11-20 07:00:06.841 I/chatty  ( 1194): uid=1000(system) android.ui identical 2 lines
11-20 07:00:09.628 D/AutofillManagerService( 1194): onBackKeyPressed()
11-20 07:00:09.877 D/commandrouter( 1117): rtc_sync (1, rtc:sync): <ServiceRequest> FORWARDED (remote -> local) service client ID = 0, token ID = 38239
11-20 07:00:09.878 D/commandrouter( 1117): SocServiceHandle::onServiceMessage, SoC Service = rtc_sync, appType = 1, type = SVC_RESP, clientId = 0, token = 38239, payloadLen = 8, result = 0, payload.size() = 8
11-20 07:00:10.338 E/TaskPersister( 1194): File error accessing recents directory (directory doesn't exist?).
11-20 07:00:10.549 D/commandrouter( 1117): SocServiceHandle::onServiceMessage, SoC Service = mcu_healthcheck_946, appType = 1, type = SVC_REQ, clientId = 0, token = 911, payloadLen = 20, result = 0, payload.size() = 20
11-20 07:00:10.553 D/commandrouter( 1117): mcu_healthcheck_946 (1, merlot:mcu_health:control): <ServiceResponse> FORWARDED (remote -> local) CR token ID = 911, service client ID = 6, token ID = 33622, result = 0
11-20 07:00:10.625 D/AutofillManagerService( 1194): onBackKeyPressed()
11-20 07:00:12.618 I/chatty  ( 1194): uid=1000(system) android.ui identical 2 lines
11-20 07:00:13.635 D/AutofillManagerService( 1194): onBackKeyPressed()
11-20 07:00:14.169 W/ActivityManager( 1194): Invalid packageName: com.facebook.wearable.system.settings/com.facebook.wearable.system.settings.SettingsActivity
11-20 07:00:14.296 I/ActivityTaskManager( 1194): START u0 {flg=0x10000000 cmp=com.facebook.wearable.system.settings/.SettingsActivity} from uid 0
11-20 07:00:14.311 I/ActivityTaskManager( 1194): The Process com.facebook.wearable.system.settings Already Exists in BG. So sending its PID: 16444
11-20 07:00:14.311 W/ActivityTaskManager( 1194): Tried to set launchTime (0) < mLastActivityLaunchTime (54739578)
11-20 07:00:17.429 D/commandrouter( 1117): SocServiceHandle::onServiceMessage, SoC Service = mcu_healthcheck_1118, appType = 1, type = SVC_REQ, clientId = 0, token = 1823, payloadLen = 12, result = 0, payload.size() = 12
11-20 07:00:17.433 D/commandrouter( 1117): mcu_healthcheck_1118 (1, merlot:mcu_health:control): <ServiceResponse> FORWARDED (remote -> local) CR token ID = 1823, service client ID = 40, token ID = 33623, result = 0
11-20 07:00:17.433 D/mculinkhealth( 1118): isMcuReachable 1 (4 ms)
11-20 07:00:17.925 E/TaskPersister( 1194): File error accessing recents directory (directory doesn't exist?).
11-20 07:00:19.874 D/commandrouter( 1117): rtc_sync (1, rtc:sync): <ServiceRequest> FORWARDED (remote -> local) service client ID = 0, token ID = 38240
11-20 07:00:19.874 D/commandrouter( 1117): SocServiceHandle::onServiceMessage, SoC Service = rtc_sync, appType = 1, type = SVC_RESP, clientId = 0, token = 38240, payloadLen = 8, result = 0, payload.size() = 8
11-20 07:00:20.953 W/ContextImpl( 1194): Calling a method in the system process without a qualified user: android.app.ContextImpl.sendBroadcastMultiplePermissions:1143 android.content.Context.sendBroadcastWithMultiplePermissions:2150 com.android.server.display.WifiDisplayAdapter.handleSendStatusChangeBroadcast:440 com.android.server.display.WifiDisplayAdapter.access$1700:63 com.android.server.display.WifiDisplayAdapter$WifiDisplayHandler.handleMessage:675 
11-20 07:00:21.983 W/ContextImpl( 1194): Calling a method in the system process without a qualified user: android.app.ContextImpl.sendBroadcastMultiplePermissions:1143 android.content.Context.sendBroadcastWithMultiplePermissions:2150 com.android.server.wifi.p2p.WifiP2pServiceImpl$P2pStateMachine.sendBroadcastMultiplePermissions:3209 com.android.server.wifi.p2p.WifiP2pServiceImpl$P2pStateMachine.sendP2pConnectionChangedBroadcast:3236 com.android.server.wifi.p2p.WifiP2pServiceImpl$P2pStateMachine.access$5100:768 
11-20 07:00:21.994 W/wificond(  906): Scan is not started. Ignore abort request
11-20 07:00:21.998 W/BroadcastQueue( 1194): Permission Denial: receiving Intent { act=android.net.wifi.p2p.CONNECTION_STATE_CHANGE flg=0x24000010 (has extras) } to ProcessRecord{ba73 1900:.qtidataservices/u0a89} (pid=1900, uid=10089) requires android.permission.ACCESS_FINE_LOCATION due to sender android (uid 1000)
11-20 07:00:22.015 W/ContextImpl( 1194): Calling a method in the system process without a qualified user: android.app.ContextImpl.sendBroadcastMultiplePermissions:1143 android.content.Context.sendBroadcastWithMultiplePermissions:2150 com.android.server.wifi.p2p.WifiP2pServiceImpl$P2pStateMachine.sendBroadcastMultiplePermissions:3209 com.android.server.wifi.p2p.WifiP2pServiceImpl$P2pStateMachine.sendThisDeviceChangedBroadcast:3218 com.android.server.wifi.p2p.WifiP2pServiceImpl$P2pStateMachine.updateThisDevice:3962 
--------- beginning of main
11-20 07:00:22.318 I/wpa_supplicant(29240): wlan0: WPA: RX message 1 of 4-Way Handshake from 6c:cd:d6:25:63:2a (ver=2)
11-20 07:00:22.319 I/wpa_supplicant(29240): wlan0: WPA: Sending EAPOL-Key 2/4
11-20 07:00:22.327 I/wpa_supplicant(29240): wlan0: WPA: RX message 3 of 4-Way Handshake from 6c:cd:d6:25:63:2a (ver=2)
11-20 07:00:22.327 I/wpa_supplicant(29240): wlan0: WPA: Sending EAPOL-Key 4/4
11-20 07:00:22.332 I/wpa_supplicant(29240): wlan0: WPA: Key negotiation completed with 6c:cd:d6:25:63:2a [PTK=CCMP GTK=CCMP]
11-20 07:00:22.332 I/wpa_supplicant(29240): wlan0: CTRL-EVENT-CONNECTED - Connection to 6c:cd:d6:25:63:2a completed [id=0 id_str=%7B%22configKey%22%3A%22%5C%22MTBF_Lab%5C%22WPA_PSK%22%2C%22creatorUid%22%3A%221000%22%7D]
11-20 07:00:22.333 I/chatty  ( 1024): uid=1021(gps) lowi-server expire 12 lines
11-20 07:00:22.358 I/wpa_supplicant(29240): getWifiGenerationStatusInternal: generation = 4, twtSupport = false, vhtMax8SpatialStreamsSupport = false
11-20 07:00:22.367 D/QCNEJ/WlanStaInfoRelay( 1900): Received action: android.net.wifi.STATE_CHANGE
11-20 07:00:22.367 D/WifiConnector( 2841): Network State Changed
11-20 07:00:22.377 D/ConnectivityService( 1194): registerNetworkAgent NetworkAgentInfo{ ni{[type: WIFI[], state: UNKNOWN/IDLE, reason: (unspecified), extra: , failover: false, available: true, roaming: false]}  network{147}  nethandle{634765889549}  lp{{InterfaceName: wlan0 LinkAddresses: [ ] DnsAddresses: [ ] Domains: null MTU: 0 Routes: [ ]}}  nc{[ Transports: WIFI Capabilities: NOT_METERED&INTERNET&NOT_RESTRICTED&TRUSTED&NOT_VPN&NOT_ROAMING&FOREGROUND&NOT_CONGESTED&NOT_SUSPENDED LinkUpBandwidth>=72000Kbps LinkDnBandwidth>=72000Kbps OwnerUid: 1000 SSID: "MTBF_Lab" RequestorUid: -1 RequestorPackageName: null]}  Score{20}  everValidated{false}  lastValidated{false}  created{false} lingering{false} explicitlySelected{false} acceptUnvalidated{false} everCaptivePortalDetected{false} lastCaptivePortalDetected{false} partialConnectivity{false} acceptPartialConnectivity{false} clat{mBaseIface: null, mIface: null, mState: IDLE} }
11-20 07:00:22.378 D/QCNEJ/WlanStaInfoRelay( 1900): Received action: android.net.wifi.STATE_CHANGE
11-20 07:00:22.380 D/WifiConnector( 2841): Network State Changed
11-20 07:00:22.391 D/ConnectivityService( 1194): [147 WIFI] EVENT_NETWORK_INFO_CHANGED, going from UNKNOWN to UNKNOWN
11-20 07:00:22.396 D/QCNEJ/WlanStaInfoRelay( 1900): Received action: android.net.wifi.STATE_CHANGE
11-20 07:00:22.397 D/WifiConnector( 2841): Network State Changed
11-20 07:00:22.424 I/chatty  ( 1194): uid=1000(system) WifiHandlerThre expire 10 lines
11-20 07:00:22.426 V/WifiHAL (  539): WifiVendorCommand 0xa063a000 created vendor_id:0x1374 subcmd:83
11-20 07:00:22.426 E/WifiHAL (  539): wifi_get_packet_filter_capabilities: requestResponse() error: -3
11-20 07:00:22.426 I/WifiHAL (  539): Packet filtering is not supprted
11-20 07:00:22.554 D/WearableConnectivityManager( 2581): onWifiStrengthChange: -28
11-20 07:00:22.554 D/QCNEJ/WlanStaInfoRelay( 1900): Received action: android.net.wifi.RSSI_CHANGED
11-20 07:00:22.558 V/WifiHAL (  539): WifiVendorCommand 0xa07c1180 created vendor_id:0x1374 subcmd:82
11-20 07:00:22.558 D/ConnectivityService( 1194): NetReassign [no changes]
11-20 07:00:22.559 V/WifiHAL (  539): ND offload : Enable
11-20 07:00:22.574 E/QMI_FW  (  927): qmi_cci_get_ref: ref count increased 2
11-20 07:00:22.577 E/Netd    (  459): no such netId 147
11-20 07:00:22.578 I/Nat464Xlat( 1194): Android Xlat is disabled
11-20 07:00:22.580 E/QMI_FW  (  927): qmi_cci_get_ref: ref count increased 2
11-20 07:00:22.636 I/chatty  ( 1194): uid=1000 system_server expire 7 lines
11-20 07:00:22.699 E/Netd    (  459): no such netId 147
11-20 07:00:22.699 D/QCNEJ/WlanStaInfoRelay( 1900): Received action: android.net.wifi.STATE_CHANGE
11-20 07:00:22.700 D/WifiConnector( 2841): Network State Changed
11-20 07:00:22.578 I/Nat464Xlat( 1194): Android Xlat is disabled
11-20 07:00:22.704 E/ConnectivityService( 1194): Exception in networkAddRouteParcel for non-gateway: android.os.ServiceSpecificException: Machine is not on the network (code 64)
11-20 07:00:22.705 E/Netd    (  459): no such netId 147
11-20 07:00:22.706 E/ConnectivityService( 1194): Exception in networkAddRouteParcel for gateway: android.os.ServiceSpecificException: Machine is not on the network (code 64)
11-20 07:00:22.706 I/Nat464Xlat( 1194): Android Xlat is disabled
11-20 07:00:22.720 D/QCNEJ/WlanStaInfoRelay( 1900): Received action: android.net.wifi.STATE_CHANGE
11-20 07:00:22.720 D/WifiConnector( 2841): Network State Changed
11-20 07:00:22.737 D/WifiConnector( 2841): Configured Networks Changed
11-20 07:00:22.741 I/chatty  ( 1194): uid=1000(system) pool-9-thread-1 expire 3 lines
11-20 07:00:22.808 E/QMI_FW  ( 1113): qmi_cci_get_ref: ref count increased 2
11-20 07:00:22.809 E/QMI_FW  ( 1113): qmi_cci_get_ref: ref count increased 2
11-20 07:00:22.812 E/QMI_FW  ( 1113): qmi_cci_get_ref: ref count increased 2
11-20 07:00:22.818 E/QMI_FW  (  927): qmi_cci_get_ref: ref count increased 2
11-20 07:00:22.706 I/Nat464Xlat( 1194): Android Xlat is disabled
11-20 07:00:22.869 D/ConnectivityService( 1194): Setting DNS servers for network 147 to [/192.168.1.1]
11-20 07:00:22.877 I/Nat464Xlat( 1194): Android Xlat is disabled
11-20 07:00:22.877 I/Nat464Xlat( 1194): Android Xlat is disabled
11-20 07:00:22.949 D/ConnectivityService( 1194): [147 WIFI] EVENT_NETWORK_INFO_CHANGED, going from UNKNOWN to CONNECTED
11-20 07:00:22.954 D/DnsManager( 1194): sendDnsConfigurationForNetwork(147, [192.168.1.1], [], 1800, 25, 8, 64, 0, 0, , [])
11-20 07:00:22.957 W/DnsManager( 1194): updatePrivateDns(147, PrivateDnsConfig{true:/[]})
11-20 07:00:22.957 D/ConnectivityService( 1194): Setting DNS servers for network 147 to [/192.168.1.1]
11-20 07:00:22.958 D/DnsManager( 1194): sendDnsConfigurationForNetwork(147, [192.168.1.1], [], 1800, 25, 8, 64, 0, 0, , [192.168.1.1])
11-20 07:00:22.960 D/ConnectivityService( 1194): Adding iface wlan0 to network 147
11-20 07:00:22.819 E/QMI_FW  (  927): qmi_cci_get_ref: ref count increased 2
11-20 07:00:22.961 W/resolv  (  459): Validating DnsTlsServer on netId 147
11-20 07:00:22.971 W/resolv  (  459): Validation failed
11-20 07:00:22.984 D/ConnectivityService( 1194): Setting DNS servers for network 147 to [/192.168.1.1]
11-20 07:00:22.985 D/DnsManager( 1194): sendDnsConfigurationForNetwork(147, [192.168.1.1], [], 1800, 25, 8, 64, 0, 0, , [192.168.1.1])
11-20 07:00:22.987 I/Nat464Xlat( 1194): Android Xlat is disabled
11-20 07:00:22.993 W/resolv  (  459): Validating DnsTlsServer on netId 147
11-20 07:00:23.044 W/resolv  (  459): SSL_connect ssl error =5, mark 0xf0093: Connection refused
11-20 07:00:23.045 W/resolv  (  459): Validation failed
11-20 07:00:22.987 I/Nat464Xlat( 1194): Android Xlat is disabled
11-20 07:00:23.051 D/ConnectivityService( 1194): NetReassign [no changes]
11-20 07:00:23.073 D/QCNEJ/WlanStaInfoRelay( 1900): network available: 147
11-20 07:00:23.082 D/QCNEJ/NativeHalConnector( 1900): -> SND notifyWifiAvailable(v4Connected = truev6Connected = , false, isAndroidValidated = false)
11-20 07:00:23.102 D/QCNEJ/NativeHalConnector( 1900): -> SND notifyWifiAvailable(v4Connected = truev6Connected = , false, isAndroidValidated = false)
11-20 07:00:23.106 I/chatty  ( 1194): uid=1000 system_server expire 3 lines
11-20 07:00:23.149 I/chatty  ( 1194): uid=1000 system_server expire 2 lines
11-20 07:00:23.212 I/chatty  ( 1194): uid=1000 system_server expire 1 line
11-20 07:00:23.213 D/ConnectivityService( 1194): [147 WIFI] validation passed
11-20 07:00:23.214 D/ConnectivityService( 1194): NetReassign [8 : 100 → 147, 20 : 100 → 147, 46 : 100 → 147, 45 : 100 → 147, 12 : 100 → 147, 22 : 100 → 147, 16 : 100 → 147, 14 : 100 → 147, 50 : 100 → 147, 990 : 100 → 147, 18 : 100 → 147, 993 : 100 → 147, 11 : 100 → 147, 1 : 100 → 147, 17 : 100 → 147, 995 : 100 → 147]
11-20 07:00:23.220 E/NetlinkEvent(  459): NetlinkEvent::FindParam(): Parameter 'INTERFACE' not found
11-20 07:00:23.220 E/NetlinkEvent(  459): NetlinkEvent::FindParam(): Parameter 'STATE' not found
11-20 07:00:23.220 E/NetlinkEvent(  459): NetlinkEvent::FindParam(): Parameter 'TIME_NS' not found
11-20 07:00:23.220 E/NetlinkEvent(  459): NetlinkEvent::FindParam(): Parameter 'UID' not found
11-20 07:00:23.237 D/ConnectivityService( 1194): Switching to new default network: NetworkAgentInfo{ ni{[type: WIFI[], state: CONNECTED/CONNECTED, reason: (unspecified), extra: , failover: false, available: true, roaming: false]}  network{147}  nethandle{634765889549}  lp{{InterfaceName: wlan0 LinkAddresses: [ 192.168.1.39/24 ] DnsAddresses: [ /192.168.1.1 ] Domains: null MTU: 0 ServerAddress: /192.168.1.1 TcpBufferSizes: 524288,1048576,2097152,262144,524288,1048576 Routes: [ fe80::/64 -> :: wlan0 mtu 0,192.168.1.0/24 -> 0.0.0.0 wlan0 mtu 0,0.0.0.0/0 -> 192.168.1.1 wlan0 mtu 0 ]}}  nc{[ Transports: WIFI Capabilities: NOT_METERED&INTERNET&NOT_RESTRICTED&TRUSTED&NOT_VPN&VALIDATED&NOT_ROAMING&FOREGROUND&NOT_CONGESTED&NOT_SUSPENDED LinkUpBandwidth>=67000Kbps LinkDnBandwidth>=67000Kbps SignalStrength: -28 OwnerUid: 1000 SSID: "MTBF_Lab" RequestorUid: -1 RequestorPackageName: null]}  Score{60}  everValidated{true}  lastValidated{true}  created{true} lingering{false} explicitlySelected{false} acceptUnvalidated{false} everCaptivePortalDetected{false} lastCaptivePortalDetected{false} partialConnectivity{false} acceptPartialConnectivity{false} clat{mBaseIface: null, mIface: null, mState: IDLE} }
11-20 07:00:23.353 D/QCNEJ/DefaultNetworkInfoRelay( 1900): Default network available: 147
11-20 07:00:23.354 D/QCNEJ/NativeHalConnector( 1900): -> SND notifyDefaultNetworkChanged(1)
11-20 07:00:23.359 V/LigerRadioStatsReporter( 2384): onCapabilitiesChanged: Network capabilities changed
11-20 07:00:23.361 D/DeviceAuthService(22474): Network connected
11-20 07:00:23.362 D/DeviceAuthService(22474): fetchAuthTokenWrapper called
11-20 07:00:23.363 I/chatty  ( 1194): uid=1000(system) NetworkTimeUpda expire 1 line
11-20 07:00:23.367 D/ConnectivityService( 1194): Lingering [100 CELLULAR] for 30000ms
11-20 07:00:23.372 E/QMI_FW  (  927): qmi_cci_get_ref: ref count increased 2
11-20 07:00:23.376 D/ConnectivityService( 1194): Sending DISCONNECTED broadcast for type 0 [100 CELLULAR] isDefaultNetwork=true
11-20 07:00:23.378 D/ConnectivityService( 1194): Sending CONNECTED broadcast for type 1 [147 WIFI] isDefaultNetwork=true
11-20 07:00:23.377 E/QMI_FW  (  927): qmi_cci_get_ref: ref count increased 2
11-20 07:00:23.381 I/chatty  ( 1194): uid=1000(system) android.fg expire 1 line
11-20 07:00:23.382 I/chatty  (  523): uid=1021(gps) Loc_hal_worker expire 1 line
11-20 07:00:23.391 D/QCNEJ/WlanStaInfoRelay( 1900): AndroidValidate from false to true
11-20 07:00:23.396 V/LigerRadioStatsReporter( 2384): onCapabilitiesChanged: Network capabilities changed
11-20 07:00:23.396 V/LigerRadioStatsReporter( 2384): reportAndCheckpointRadioStats
11-20 07:00:23.397 V/LigerRadioStatsReporter( 2384): +++++++++++ RADIO STATS DUMP +++++++++++
11-20 07:00:23.397 V/LigerRadioStatsReporter( 2384): totalActiveRadioTimeMs=0
11-20 07:00:23.397 V/LigerRadioStatsReporter( 2384): totalTailRadioTimeMs=13995
11-20 07:00:23.397 V/LigerRadioStatsReporter( 2384): totalWakeupCount=0
11-20 07:00:23.397 V/LigerRadioStatsReporter( 2384): httpUpBytes=0
11-20 07:00:23.397 V/LigerRadioStatsReporter( 2384): httpDownBytes=0
11-20 07:00:23.397 V/LigerRadioStatsReporter( 2384): httpWakeupCount=0
11-20 07:00:23.397 V/LigerRadioStatsReporter( 2384): httpRequestCount=0
11-20 07:00:23.397 V/LigerRadioStatsReporter( 2384): httpActiveRadioTimeMs=0
11-20 07:00:23.397 V/LigerRadioStatsReporter( 2384): httpTailRadioTimeMs=13995
11-20 07:00:23.397 V/LigerRadioStatsReporter( 2384): reportAndCheckpointRadioStats: Tx=0
11-20 07:00:23.397 V/LigerRadioStatsReporter( 2384): reportAndCheckpointRadioStats: Rx=0
11-20 07:00:23.397 V/LigerRadioStatsReporter( 2384): reportAndCheckpointRadioStats: Uids=10028
11-20 07:00:23.397 V/LigerRadioStatsReporter( 2384): reportAndCheckpointRadioStats: Tags=null
11-20 07:00:23.401 D/ConnectivityService( 1194): Setting DNS servers for network 147 to [/192.168.1.1]
11-20 07:00:23.402 D/DnsManager( 1194): sendDnsConfigurationForNetwork(147, [192.168.1.1], [], 1800, 25, 8, 64, 0, 0, , [192.168.1.1])
11-20 07:00:23.403 W/resolv  (  459): Validating DnsTlsServer on netId 147
11-20 07:00:23.403 D/QCNEJ/WlanStaInfoRelay( 1900): retrieveCountryCode:Location obtained from Telephony: us
11-20 07:00:23.415 E/QMI_FW  (  927): qmi_cci_get_ref: ref count increased 2
11-20 07:00:23.418 E/QMI_FW  (  927): qmi_cci_get_ref: ref count increased 2
11-20 07:00:23.425 E/QMI_FW  ( 1113): qmi_cci_get_ref: ref count increased 2
11-20 07:00:23.426 E/QMI_FW  ( 1113): qmi_cci_get_ref: ref count increased 2
11-20 07:00:23.429 W/resolv  (  459): SSL_connect ssl error =5, mark 0xf0093: Connection refused
11-20 07:00:23.430 D/DeviceAuthService(22474): isOculusAddressResolvable returned true
11-20 07:00:23.430 D/DeviceAuthenticator(22474): Fetching new credentials asynchronously
11-20 07:00:23.430 W/resolv  (  459): Validation failed
11-20 07:00:23.432 D/WifiConnector( 2841): Configured Networks Changed
11-20 07:00:23.434 D/DeviceAuthenticator(22474): Calling DeviceAuth.authenticate()
11-20 07:00:23.437 E/DeviceCertService(  541): This device *might* have a provisioning issue. Please run `maui provision check` to verify.
11-20 07:00:23.437 E/DeviceCertService(  541): See https://fburl.com/wiki/a9hho0p9 for more information.
11-20 07:00:23.437 E/DeviceCertService(  541): Could not access certificate file '/mnt/vendor/persist/certificates/device_identityinsecure.crt', error 2: No such file or directory
11-20 07:00:23.438 E/DeviceAuthenticator(22474): ERROR: java.lang.RuntimeException: devicecert returned error FILESYSTEM_ERROR
11-20 07:00:23.438 E/DeviceAuthenticator(22474): 
11-20 07:00:23.438 E/DeviceAuthenticator(22474): com.facebook.mos.sdk.devicecert.DeviceIdentityException: java.lang.RuntimeException: devicecert returned error FILESYSTEM_ERROR
11-20 07:00:23.438 E/DeviceAuthenticator(22474): 
11-20 07:00:23.451 E/QMI_FW  ( 1113): qmi_cci_get_ref: ref count increased 2
11-20 07:00:23.460 E/QMI_FW  ( 1113): qmi_cci_get_ref: ref count increased 2
11-20 07:00:23.483 I/chatty  ( 1113): uid=1001(radio) main identical 6 lines
11-20 07:00:23.485 E/QMI_FW  ( 1113): qmi_cci_get_ref: ref count increased 2
11-20 07:00:23.491 E/QMI_FW  ( 1113): qmi_cci_get_ref: ref count increased 2
11-20 07:00:23.498 E/QMI_FW  ( 1113): qmi_cci_get_ref: ref count increased 2
11-20 07:00:23.499 E/QMI_FW  ( 1113): qmi_cci_get_ref: ref count increased 2
11-20 07:00:23.502 E/QMI_FW  ( 1113): qmi_cci_get_ref: ref count increased 2
11-20 07:00:23.503 E/QMI_FW  ( 1113): qmi_cci_get_ref: ref count increased 2
11-20 07:00:23.503 D/PhoneInterfaceManager( 1975): setModemActivityInfo
11-20 07:00:23.504 D/FbSideCarManager( 1975): setModemActivityInfo
11-20 07:00:23.504 D/FbSideCarManager( 1975): setModemActivityInfo
11-20 07:00:23.504 D/WirelessInsightServiceImpl( 1975): setModemActivityInfo
11-20 07:00:23.504 D/FbSideCarManager( 1975): setModemActivityInfoInternal success
11-20 07:00:23.504 D/PhoneInterfaceManager( 1975): setModemActivityInfo: success.
11-20 07:00:23.504 D/WirelessInsightServiceImpl( 1975): notifyListeners: listeners = 0, modemActivityInfo = ModemActivityInfo{ mTimestamp=54769766 mSleepTimeMs=34664492 mIdleTimeMs=303560 mTransmitPowerInfo[]=[TransmitPower{ mTimeInMillis=0 mPowerRangeInDbm={-2147483648,0}}, TransmitPower{ mTimeInMillis=34327 mPowerRangeInDbm={0,5}}, TransmitPower{ mTimeInMillis=523780 mPowerRangeInDbm={5,15}}, TransmitPower{ mTimeInMillis=25898 mPowerRangeInDbm={15,20}}, TransmitPower{ mTimeInMillis=825373 mPowerRangeInDbm={20,2147483647}}] mRxTimeMs=18358025}
11-20 07:00:23.516 E/QMI_FW  ( 1113): qmi_cci_get_ref: ref count increased 2
11-20 07:00:23.525 I/chatty  ( 1113): uid=1001(radio) main identical 3 lines
11-20 07:00:23.527 E/QMI_FW  ( 1113): qmi_cci_get_ref: ref count increased 2
11-20 07:00:23.530 E/QMI_FW  ( 1113): qmi_cci_get_ref: ref count increased 2
11-20 07:00:23.678 I/m.android.phon( 1975): Background young concurrent copying GC freed 157179(15MB) AllocSpace objects, 60(1104KB) LOS objects, 75% free, 5847KB/23MB, paused 180us total 127.831ms
11-20 07:00:23.822 I/Nat464Xlat( 1194): Android Xlat is disabled
11-20 07:00:23.824 D/QCNEJ/WlanStaInfoRelay( 1900): Received action: android.net.wifi.LINK_CONFIGURATION_CHANGED
11-20 07:00:23.824 E/QCNEJ/WlanStaInfoRelay( 1900): update link properties given null lp
11-20 07:00:23.899 D/QCNEJ/NativeHalConnector( 1900): -> SND notifyWifiAvailable(v4Connected = truev6Connected = , false, isAndroidValidated = true)
11-20 07:00:24.930 E/QMI_FW  ( 1113): qmi_cci_get_ref: ref count increased 2
11-20 07:00:24.932 E/QMI_FW  ( 1113): qmi_cci_get_ref: ref count increased 2
11-20 07:00:24.944 I/WearableConnectivityManager( 2581): LTE Signal strength is: 2
11-20 07:00:24.944 I/WearableConnectivityManager( 2581): Cellular Signal strength is: 2
11-20 07:00:24.944 D/RadioLinkQualityScoreBuilder( 1975): scoreRsrp: 3scoreRsrq: 3scoreRssnr: 3
11-20 07:00:25.633 D/WearableConnectivityManager( 2581): onWifiStrengthChange: -31
11-20 07:00:25.634 D/QCNEJ/WlanStaInfoRelay( 1900): Received action: android.net.wifi.RSSI_CHANGED
11-20 07:00:25.645 V/LigerRadioStatsReporter( 2384): onCapabilitiesChanged: Network capabilities changed
11-20 07:00:25.645 V/LigerRadioStatsReporter( 2384): reportAndCheckpointRadioStats
11-20 07:00:25.646 V/LigerRadioStatsReporter( 2384): +++++++++++ RADIO STATS DUMP +++++++++++
11-20 07:00:25.646 V/LigerRadioStatsReporter( 2384): totalActiveRadioTimeMs=0
11-20 07:00:25.646 V/LigerRadioStatsReporter( 2384): totalTailRadioTimeMs=13995
11-20 07:00:25.646 V/LigerRadioStatsReporter( 2384): totalWakeupCount=0
11-20 07:00:25.646 V/LigerRadioStatsReporter( 2384): httpUpBytes=0
11-20 07:00:25.646 V/LigerRadioStatsReporter( 2384): httpDownBytes=0
11-20 07:00:25.646 V/LigerRadioStatsReporter( 2384): httpWakeupCount=0
11-20 07:00:25.646 V/LigerRadioStatsReporter( 2384): httpRequestCount=0
11-20 07:00:25.646 V/LigerRadioStatsReporter( 2384): httpActiveRadioTimeMs=0
11-20 07:00:25.646 V/LigerRadioStatsReporter( 2384): httpTailRadioTimeMs=13995
11-20 07:00:25.646 V/LigerRadioStatsReporter( 2384): reportAndCheckpointRadioStats: Tx=0
11-20 07:00:25.647 V/LigerRadioStatsReporter( 2384): reportAndCheckpointRadioStats: Rx=0
11-20 07:00:25.647 V/LigerRadioStatsReporter( 2384): reportAndCheckpointRadioStats: Uids=10028
11-20 07:00:25.647 V/LigerRadioStatsReporter( 2384): reportAndCheckpointRadioStats: Tags=null
11-20 07:00:29.125 E/QMI_FW  ( 1113): qmi_cci_get_ref: ref count increased 2
11-20 07:00:29.125 E/QMI_FW  ( 1113): qmi_cci_get_ref: ref count increased 2
11-20 07:00:29.126 E/QMI_FW  ( 1113): qmi_cci_get_ref: ref count increased 2
11-20 07:00:23.823 I/Nat464Xlat( 1194): Android Xlat is disabled
11-20 07:00:29.871 D/commandrouter( 1117): rtc_sync (1, rtc:sync): <ServiceRequest> FORWARDED (remote -> local) service client ID = 0, token ID = 38241
11-20 07:00:29.871 D/vendor.facebook.rtc_sync@1.0-service( 1129): Request req_ts=1637391629868300524 resp_ts=1637391629871592916
11-20 07:00:29.872 D/commandrouter( 1117): SocServiceHandle::onServiceMessage, SoC Service = rtc_sync, appType = 1, type = SVC_RESP, clientId = 0, token = 38241, payloadLen = 8, result = 0, payload.size() = 8
11-20 07:00:30.875 E/QMI_FW  ( 1113): qmi_cci_get_ref: ref count increased 2
11-20 07:00:30.877 E/QMI_FW  ( 1113): qmi_cci_get_ref: ref count increased 2
11-20 07:00:30.886 I/WearableConnectivityManager( 2581): LTE Signal strength is: 2
11-20 07:00:30.887 I/WearableConnectivityManager( 2581): Cellular Signal strength is: 2
11-20 07:00:30.888 D/RadioLinkQualityScoreBuilder( 1975): scoreRsrp: 3scoreRsrq: 3scoreRssnr: 4
11-20 07:00:38.570 E/QMI_FW  ( 1113): qmi_cci_get_ref: ref count increased 2
11-20 07:00:38.571 E/QMI_FW  ( 1113): qmi_cci_get_ref: ref count increased 2
11-20 07:00:38.582 I/WearableConnectivityManager( 2581): LTE Signal strength is: 2
11-20 07:00:38.582 I/WearableConnectivityManager( 2581): Cellular Signal strength is: 2
11-20 07:00:38.583 D/RadioLinkQualityScoreBuilder( 1975): scoreRsrp: 3scoreRsrq: 4scoreRssnr: 3
11-20 07:00:39.867 D/commandrouter( 1117): rtc_sync (1, rtc:sync): <ServiceRequest> FORWARDED (remote -> local) service client ID = 0, token ID = 38242
11-20 07:00:39.868 D/vendor.facebook.rtc_sync@1.0-service( 1129): Request req_ts=1637391639865592916 resp_ts=1637391639868182443
11-20 07:00:39.868 D/commandrouter( 1117): SocServiceHandle::onServiceMessage, SoC Service = rtc_sync, appType = 1, type = SVC_RESP, clientId = 0, token = 38242, payloadLen = 8, result = 0, payload.size() = 8
11-20 07:00:41.002 I/chatty  ( 1194): uid=1000(system) WifiScanningSer expire 2 lines
11-20 07:00:41.004 I/chatty  ( 1024): uid=1021(gps) lowi-server expire 222 lines
11-20 07:00:41.004 V/WifiHAL (  539): event received NL80211_CMD_TRIGGER_SCAN
11-20 07:00:41.125 V/WifiHAL (  539): event received NL80211_CMD_NEW_SCAN_RESULTS
11-20 07:00:41.126 I/chatty  ( 1194): uid=1000(system) Binder:1194_8 expire 3 lines
11-20 07:00:41.177 I/vendor.rmt_storage(  581): rmt_storage_connect_cb: clnt_h=0x5e conn_h=0x93f2d030
11-20 07:00:41.177 I/vendor.rmt_storage(  581): rmt_storage_rw_iovec_cb: /boot/modem_fs1: req_h=0x5e msg_id=3: R/W request received (wr_count 86)
11-20 07:00:41.177 I/vendor.rmt_storage(  581): wakelock acquired: 1, error no: 11
11-20 07:00:41.178 I/vendor.rmt_storage(  581): rmt_storage_client_thread: /boot/modem_fs1: Unblock worker thread (th_id: -1825062464)
11-20 07:00:41.307 I/vendor.rmt_storage(  581): rmt_storage_client_thread: /boot/modem_fs1: req_h=0x5e msg_id=3: Bytes written = 1572864, wr_count 86
11-20 07:00:41.307 I/vendor.rmt_storage(  581): rmt_storage_client_thread: /boot/modem_fs1: req_h=0x5e msg_id=3: Send response: res=0 err=0, wr_count 86
11-20 07:00:41.307 I/vendor.rmt_storage(  581): rmt_storage_client_thread: /boot/modem_fs1: About to block rmt_storage client thread (th_id: -1825062464) wakelock released: 1, error no: 22
11-20 07:00:41.307 I/vendor.rmt_storage(  581): 
11-20 07:00:41.313 I/vendor.rmt_storage(  581): rmt_storage_disconnect_cb: clnt_h=0x5e conn_h=0x93f2d030
11-20 07:00:42.299 D/UIAutomatorStub(17968): URI: /jsonrpc/0, Method: POST, Header: {content-length=102, remote-addr=127.0.0.1, http-client-ip=127.0.0.1, host=localhost:9010, content-type=application/json, accept-encoding=identity}, params, {NanoHttpd.QUERY_STRING=null}, files: {postData={"jsonrpc": "2.0", "method": "pressKey", "id": "69436622dbcb72807cfc5934290fd973", "params": ["back"]}}
11-20 07:00:42.322 D/AutofillManagerService( 1194): onBackKeyPressed()
11-20 07:00:42.361 D/UIAutomatorStub(17968): URI: /jsonrpc/0, Method: POST, Header: {content-length=102, remote-addr=127.0.0.1, http-client-ip=127.0.0.1, host=localhost:9010, content-type=application/json, accept-encoding=identity}, params, {NanoHttpd.QUERY_STRING=null}, files: {postData={"jsonrpc": "2.0", "method": "pressKey", "id": "0a6fb270d8900798682b4bf68baff694", "params": ["back"]}}
11-20 07:00:42.403 E/QMI_FW  ( 1113): qmi_cci_get_ref: ref count increased 2
11-20 07:00:42.405 E/QMI_FW  ( 1113): qmi_cci_get_ref: ref count increased 2
11-20 07:00:42.418 D/RadioLinkQualityScoreBuilder( 1975): scoreRsrp: 3scoreRsrq: 3scoreRssnr: 5
11-20 07:00:42.417 I/WearableConnectivityManager( 2581): LTE Signal strength is: 2
11-20 07:00:42.419 I/WearableConnectivityManager( 2581): Cellular Signal strength is: 2
11-20 07:00:42.915 D/UIAutomatorStub(17968): URI: /jsonrpc/0, Method: POST, Header: {content-length=102, remote-addr=127.0.0.1, http-client-ip=127.0.0.1, host=localhost:9010, content-type=application/json, accept-encoding=identity}, params, {NanoHttpd.QUERY_STRING=null}, files: {postData={"jsonrpc": "2.0", "method": "pressKey", "id": "06d5e91a6e0c3f26cf7eab7363025965", "params": ["back"]}}
11-20 07:00:43.412 I/chatty  ( 1194): uid=1000 system_server expire 1 line
11-20 07:00:43.437 D/ComplicationController( 2581): Starting complication controller. Face Type: OdysseyWatchFace
11-20 07:00:43.438 D/ComplicationDataManagerImpl( 2581): Updating complication data for package: com.facebook.wearable.apps.heart, id: com.facebook.wearable.apps.heart.HEART_RATE
11-20 07:00:43.438 D/ComplicationDataManagerImpl( 2581): Updating complication data for package: com.facebook.wearable.apps.clock, id: com.facebook.wearable.apps.clock.SHORTCUT_COMPLICATION
11-20 07:00:43.438 D/ComplicationDataManagerImpl( 2581): Updating complication data for package: com.facebook.wearable.apps.weather, id: com.facebook.wearable.apps.weather.SHORTCUT_COMPLICATION
11-20 07:00:43.438 D/ComplicationDataManagerImpl( 2581): Updating complication data for package: com.facebook.wearable.apps.workout, id: com.facebook.wearable.apps.workout.SHORTCUT_COMPLICATION
11-20 07:00:43.438 D/ComplicationDataManagerImpl( 2581): Updating complication data for package: com.facebook.wearable.apps.calendar, id: com.facebook.wearable.apps.calendar.SHORTCUT_COMPLICATION
11-20 07:00:43.438 D/ComplicationDataManagerImpl( 2581): Updating complication data for package: com.facebook.wearable.apps.gallery, id: com.facebook.wearable.apps.gallery.SHORTCUT_COMPLICATION
11-20 07:00:43.438 D/ComplicationDataManagerImpl( 2581): Updating complication data for package: com.facebook.wearable.apps.player, id: com.facebook.wearable.apps.player.SHORTCUT_COMPLICATION
11-20 07:00:43.443 E/DayDateSystemComplicationProvider( 2581): Updating Day Date System Complication
11-20 07:00:43.446 D/ComplicationDataManagerImpl( 2581): Updating complication data for package: com.facebook.wearable.apps.calendar, id: com.facebook.wearable.apps.calendar.DAY_DATE_COMPLICATION
11-20 07:00:43.452 D/ComplicationDataManagerImpl( 2581): Fetching complication data for package: com.facebook.wearable.apps.calendar, com.facebook.wearable.apps.calendar.DAY_DATE_COMPLICATION.
11-20 07:00:43.453 D/ComplicationDataManagerImpl( 2581): Fetching complication data for package: com.facebook.wearable.apps.player, com.facebook.wearable.apps.player.SHORTCUT_COMPLICATION.
11-20 07:00:43.453 D/ComplicationDataManagerImpl( 2581): Fetching complication data for package: com.facebook.wearable.apps.gallery, com.facebook.wearable.apps.gallery.SHORTCUT_COMPLICATION.
11-20 07:00:43.454 D/ComplicationDataManagerImpl( 2581): Fetching complication data for package: com.facebook.wearable.apps.heart, com.facebook.wearable.apps.heart.HEART_RATE.
11-20 07:00:43.461 D/LauncherActivity( 2581): onResume: Intent { cat=[android.intent.category.DEFAULT] flg=0x10020000 cmp=com.facebook.wearable.system.launcher/.LauncherActivity }
11-20 07:00:43.462 D/LauncherIntentProcessor( 2581): processLauncherActivityIntent: Intent { cat=[android.intent.category.DEFAULT] flg=0x10020000 cmp=com.facebook.wearable.system.launcher/.LauncherActivity }
11-20 07:00:43.483 D/FacebookRepository( 2581): Reading from Store [250223709649332]
11-20 07:00:43.508 I/chatty  ( 1194): uid=1000(system) ActivityManager expire 5 lines
11-20 07:00:43.533 D/UIAutomatorStub(17968): URI: /jsonrpc/0, Method: POST, Header: {content-length=102, remote-addr=127.0.0.1, http-client-ip=127.0.0.1, host=localhost:9010, content-type=application/json, accept-encoding=identity}, params, {NanoHttpd.QUERY_STRING=null}, files: {postData={"jsonrpc": "2.0", "method": "pressKey", "id": "8429900ae1ff19781ff33fb7e1ccc750", "params": ["back"]}}
11-20 07:00:43.577 I/chatty  ( 1194): uid=1000(system) Binder:1194_14 expire 3 lines
11-20 07:00:43.761 D/CompatibilityInfo( 1194): applicationScale - 1.0
11-20 07:00:43.802 D/CompatibilityInfo( 1194): mCompatibilityFlags - 4
11-20 07:00:43.802 D/CompatibilityInfo( 1194): applicationDensity - 320
11-20 07:00:43.802 D/CompatibilityInfo( 1194): applicationScale - 1.0
11-20 07:00:44.002 E/ANDR-PERF-OPTSHANDLER(  557): perf_lock_rel: failed for /sys/class/kgsl/kgsl-3d0/min_pwrlevel as previous value is not stored
11-20 07:00:44.003 E/ANDR-PERF-RESOURCEQS(  557): Failed to reset optimization [3, 0]
11-20 07:00:44.588 D/LauncherActivity( 2581): onKeyUp() called with keycode:4, event: KeyEvent { action=ACTION_UP, keyCode=KEYCODE_BACK, scanCode=0, metaState=0, flags=0x200, repeatCount=0, eventTime=54790835, downTime=54790835, deviceId=-1, source=0x101, displayId=-1 }
11-20 07:00:43.370 I/chatty  ( 1194): uid=1000(system) android.ui identical 2 lines
11-20 07:00:44.587 D/AutofillManagerService( 1194): onBackKeyPressed()
11-20 07:00:45.156 W/ActivityManager( 1194): Invalid packageName: com.facebook.wearable.system.settings/com.facebook.wearable.system.settings.SettingsActivity
11-20 07:00:45.295 I/ActivityTaskManager( 1194): START u0 {flg=0x10000000 cmp=com.facebook.wearable.system.settings/.SettingsActivity} from uid 0
11-20 07:00:45.311 D/CompatibilityInfo( 1194): mCompatibilityFlags - 4
11-20 07:00:45.311 D/CompatibilityInfo( 1194): applicationDensity - 320
11-20 07:00:45.311 D/CompatibilityInfo( 1194): applicationScale - 1.0
11-20 07:00:45.313 D/ActivityTrigger( 1194): ActivityTrigger activityPauseTrigger 
11-20 07:00:45.318 I/ActivityTaskManager( 1194): The Process com.facebook.wearable.system.settings Already Exists in BG. So sending its PID: 16444
11-20 07:00:45.319 W/ActivityTaskManager( 1194): Tried to set launchTime (0) < mLastActivityLaunchTime (54760575)
11-20 07:00:45.321 D/CompatibilityInfo( 1194): mCompatibilityFlags - 4
11-20 07:00:45.321 D/CompatibilityInfo( 1194): applicationDensity - 320
11-20 07:00:45.321 D/CompatibilityInfo( 1194): applicationScale - 1.0
11-20 07:00:45.346 D/LauncherActivity( 2581): onPause
11-20 07:00:45.394 D/CompatibilityInfo( 1194): mCompatibilityFlags - 4
11-20 07:00:45.394 D/CompatibilityInfo( 1194): applicationDensity - 320
11-20 07:00:45.394 D/CompatibilityInfo( 1194): applicationScale - 1.0
11-20 07:00:45.410 D/FacebookProvider(13915): Starting SSO Network Fetch for 263529928325379
11-20 07:00:45.411 I/AccountsContentProvider(13915): No Primary Account. Accounts Error [content://com.facebook.wearable.system.accounts.AccountsContentProvider/facebook/263529928325379]
11-20 07:00:45.411 E/DatabaseUtils(13915): Writing exception to parcel
11-20 07:00:45.411 E/DatabaseUtils(13915): java.lang.IllegalStateException: No Primary Account
11-20 07:00:45.411 E/DatabaseUtils(13915): 	at com.facebook.secure.content.AbstractContentProvider.doQuery(:284)
11-20 07:00:45.411 E/DatabaseUtils(13915): 	at com.facebook.secure.content.AbstractContentProvider.query(:8)
11-20 07:00:45.411 E/DatabaseUtils(13915): 	at android.content.ContentProvider.query(ContentProvider.java:1474)
11-20 07:00:45.411 E/DatabaseUtils(13915): 	at android.content.ContentProvider$Transport.query(ContentProvider.java:278)
11-20 07:00:45.411 E/DatabaseUtils(13915): 	at android.content.ContentProviderNative.onTransact(ContentProviderNative.java:106)
11-20 07:00:45.411 E/DatabaseUtils(13915): 	at android.os.Binder.execTransactInternal(Binder.java:1154)
11-20 07:00:45.411 E/DatabaseUtils(13915): 	at android.os.Binder.execTransact(Binder.java:1123)
11-20 07:00:45.413 E/AccountsViewModel(16444): AccountsViewModel.flow failed: No Primary Account
11-20 07:00:45.413 E/AccountsViewModel(16444): java.lang.IllegalStateException: No Primary Account
11-20 07:00:45.413 E/AccountsViewModel(16444): 	at android.os.Parcel.createExceptionOrNull(Parcel.java:2381)
11-20 07:00:45.413 E/AccountsViewModel(16444): 	at android.os.Parcel.createException(Parcel.java:2357)
11-20 07:00:45.413 E/AccountsViewModel(16444): 	at android.os.Parcel.readException(Parcel.java:2340)
11-20 07:00:45.413 E/AccountsViewModel(16444): 	at android.database.DatabaseUtils.readExceptionFromParcel(DatabaseUtils.java:190)
11-20 07:00:45.413 E/AccountsViewModel(16444): 	at android.database.DatabaseUtils.readExceptionFromParcel(DatabaseUtils.java:142)
11-20 07:00:45.413 E/AccountsViewModel(16444): 	at android.content.ContentProviderProxy.query(ContentProviderNative.java:472)
11-20 07:00:45.413 E/AccountsViewModel(16444): 	at android.content.ContentResolver.query(ContentResolver.java:1185)
11-20 07:00:45.413 E/AccountsViewModel(16444): 	at android.content.ContentResolver.query(ContentResolver.java:1116)
11-20 07:00:45.413 E/AccountsViewModel(16444): 	at com.facebook.wearable.common.accounts.contract.WearableAccountsContractRequest.query(:51)
11-20 07:00:45.413 E/AccountsViewModel(16444): 	at kotlin.coroutines.jvm.internal.BaseContinuationImpl.invokeSuspend(:95489)
11-20 07:00:45.413 E/AccountsViewModel(16444): 	at com.facebook.wearable.common.accounts.WearableAccountsKt$fb$1.invoke(:9)
11-20 07:00:45.413 E/AccountsViewModel(16444): 	at com.facebook.wearable.common.coroutines.lazy.LazyAsync.get(:101)
11-20 07:00:45.413 E/AccountsViewModel(16444): 	at kotlin.coroutines.jvm.internal.BaseContinuationImpl.invokeSuspend(:96596)
11-20 07:00:45.413 E/AccountsViewModel(16444): 	at com.facebook.wearable.system.settings.accounts.AccountsViewModel$wearableAccountFlow$1.invoke(:11)
11-20 07:00:45.413 E/AccountsViewModel(16444): 	at kotlinx.coroutines.flow.AbstractFlow.collect$rvp0$0(:72)
11-20 07:00:45.413 E/AccountsViewModel(16444): 	at kotlin.coroutines.jvm.internal.BaseContinuationImpl.invokeSuspend(:95417)
11-20 07:00:45.413 E/AccountsViewModel(16444): 	at kotlinx.coroutines.flow.FlowKt__ShareKt$launchSharing$1$2.invoke(Unknown Source:10)
11-20 07:00:45.413 E/AccountsViewModel(16444): 	at kotlin.coroutines.jvm.internal.BaseContinuationImpl.invokeSuspend(:96715)
11-20 07:00:45.413 E/AccountsViewModel(16444): 	at kotlinx.coroutines.flow.FlowKt__MergeKt$mapLatest$1.invoke(Unknown Source:15)
11-20 07:00:45.413 E/AccountsViewModel(16444): 	at kotlin.coroutines.jvm.internal.BaseContinuationImpl.invokeSuspend(:96820)
11-20 07:00:45.413 E/AccountsViewModel(16444): 	at kotlinx.coroutines.flow.internal.ChannelFlowTransformLatest$flowCollect$3$1$2.invoke(Unknown Source:10)
11-20 07:00:45.413 E/AccountsViewModel(16444): 	at kotlinx.coroutines.CoroutineStart.invoke(:32)
11-20 07:00:45.413 E/AccountsViewModel(16444): 	at kotlinx.coroutines.BuildersKt__Builders_commonKt.launch(:15)
11-20 07:00:45.413 E/AccountsViewModel(16444): 	at kotlinx.coroutines.flow.internal.ChannelFlowTransformLatest$flowCollect$3$invokeSuspend$$inlined$collect$1.emit(:56)
11-20 07:00:45.413 E/AccountsViewModel(16444): 	at kotlinx.coroutines.flow.DistinctFlowImpl$collect$$inlined$collect$1.emit(:74)
11-20 07:00:45.413 E/AccountsViewModel(16444): 	at kotlinx.coroutines.flow.FlowKt__LimitKt$dropWhile$lambda-4$$inlined$collect$1.emit(:114)
11-20 07:00:45.413 E/AccountsViewModel(16444): 	at kotlinx.coroutines.flow.FlowKt__ChannelsKt.emitAllImpl$FlowKt__ChannelsKt(:123)
11-20 07:00:45.413 E/AccountsViewModel(16444): 	at kotlin.coroutines.jvm.internal.BaseContinuationImpl.invokeSuspend(:96917)
11-20 07:00:45.413 E/AccountsViewModel(16444): 	at kotlin.coroutines.jvm.internal.BaseContinuationImpl.resumeWith(:5)
11-20 07:00:45.413 E/AccountsViewModel(16444): 	at kotlinx.coroutines.DispatchedTask.run(:131)
11-20 07:00:45.413 E/AccountsViewModel(16444): 	at java.util.concurrent.Executors$RunnableAdapter.call(Executors.java:462)
11-20 07:00:45.413 E/AccountsViewModel(16444): 	at java.util.concurrent.FutureTask.run(FutureTask.java:266)
11-20 07:00:45.413 E/AccountsViewModel(16444): 	at com.facebook.wearable.common.executors.DelayedFutureTask.run(:22)
11-20 07:00:45.413 E/AccountsViewModel(16444): 	at java.util.concurrent.ThreadPoolExecutor.runWorker(ThreadPoolExecutor.java:1167)
11-20 07:00:45.413 E/AccountsViewModel(16444): 	at java.util.concurrent.ThreadPoolExecutor$Worker.run(ThreadPoolExecutor.java:641)
11-20 07:00:45.413 E/AccountsViewModel(16444): 	at com.facebook.wearable.common.executors.NamedThreadFactory$1.run(:7)
11-20 07:00:45.456 E/StatusBarClientConnection(16444): Service connected
11-20 07:00:45.489 W/View    (16444): requestLayout() improperly called by android.view.View{922e7a2 V.ED..... ......I. 0,368-474,474} during layout: running second layout pass
11-20 07:00:45.508 W/View    (16444): requestLayout() improperly called by com.facebook.wearable.common.wds.listview.WdsListView{75cd8a1 V.E..V... ........ 0,0-474,474} during second layout pass: posting in next frame
