11-19 17:13:19.174 I/DropBoxManagerService( 1194): add tag=system_app_wtf_multipart isTagEnabled=true flags=0x0
11-19 17:13:22.188 D/commandrouter( 1117): rtc_sync (1, rtc:sync): <ServiceRequest> FORWARDED (remote -> local) service client ID = 0, token ID = 33278
11-19 17:13:22.189 D/commandrouter( 1117): SocServiceHandle::onServiceMessage, SoC Service = rtc_sync, appType = 1, type = SVC_RESP, clientId = 0, token = 33278, payloadLen = 8, result = 0, payload.size() = 8
11-19 17:13:22.509 W/ProcessCpuTracker( 1194): Failed to stat(/proc/9386): android.system.ErrnoException: stat failed: ENOENT (No such file or directory)
11-19 17:13:22.509 W/ProcessCpuTracker( 1194): Skipping unknown process pid 9386
11-19 17:13:22.697 D/AutofillManagerService( 1194): onBackKeyPressed()
11-19 17:13:23.224 I/chatty  ( 1194): uid=1000(system) android.ui identical 1 line
11-19 17:13:23.752 D/AutofillManagerService( 1194): onBackKeyPressed()
11-19 17:13:24.518 D/AppStorageManager( 1194): BEFORE:: Previous Size: 1060818944 Current Size: 1060421632
11-19 17:13:24.518 D/AppStorageManager( 1194): AFTER:: Previous Size: 1060421632 Current Size: 1060421632
11-19 17:13:24.981 D/AutofillManagerService( 1194): onBackKeyPressed()
11-19 17:13:25.623 I/chatty  ( 1194): uid=1000(system) android.ui identical 1 line
11-19 17:13:26.619 D/AutofillManagerService( 1194): onBackKeyPressed()
11-19 17:13:27.262 E/TaskPersister( 1194): File error accessing recents directory (directory doesn't exist?).
11-19 17:13:27.631 D/AutofillManagerService( 1194): onBackKeyPressed()
11-19 17:13:28.628 D/AutofillManagerService( 1194): onBackKeyPressed()
11-19 17:13:29.155 W/ActivityManager( 1194): Invalid packageName: com.facebook.wearable.system.settings/com.facebook.wearable.system.settings.SettingsActivity
11-19 17:13:29.287 I/ActivityTaskManager( 1194): START u0 {flg=0x10000000 cmp=com.facebook.wearable.system.settings/.SettingsActivity} from uid 0
11-19 17:13:29.304 I/ActivityTaskManager( 1194): The Process com.facebook.wearable.system.settings Already Exists in BG. So sending its PID: 2752
11-19 17:13:29.305 W/ActivityTaskManager( 1194): Tried to set launchTime (0) < mLastActivityLaunchTime (5136544)
11-19 17:13:32.188 D/commandrouter( 1117): rtc_sync (1, rtc:sync): <ServiceRequest> FORWARDED (remote -> local) service client ID = 0, token ID = 33279
11-19 17:13:32.188 D/commandrouter( 1117): SocServiceHandle::onServiceMessage, SoC Service = rtc_sync, appType = 1, type = SVC_RESP, clientId = 0, token = 33279, payloadLen = 8, result = 0, payload.size() = 8
11-19 17:13:33.434 E/TaskPersister( 1194): File error accessing recents directory (directory doesn't exist?).
11-19 17:13:35.292 W/ContextImpl( 1194): Calling a method in the system process without a qualified user: android.app.ContextImpl.sendBroadcastMultiplePermissions:1143 android.content.Context.sendBroadcastWithMultiplePermissions:2150 com.android.server.display.WifiDisplayAdapter.handleSendStatusChangeBroadcast:440 com.android.server.display.WifiDisplayAdapter.access$1700:63 com.android.server.display.WifiDisplayAdapter$WifiDisplayHandler.handleMessage:675 
11-19 17:13:36.338 W/ContextImpl( 1194): Calling a method in the system process without a qualified user: android.app.ContextImpl.sendBroadcastMultiplePermissions:1143 android.content.Context.sendBroadcastWithMultiplePermissions:2150 com.android.server.wifi.p2p.WifiP2pServiceImpl$P2pStateMachine.sendBroadcastMultiplePermissions:3209 com.android.server.wifi.p2p.WifiP2pServiceImpl$P2pStateMachine.sendP2pConnectionChangedBroadcast:3236 com.android.server.wifi.p2p.WifiP2pServiceImpl$P2pStateMachine.access$5100:768 
11-19 17:13:36.339 W/BroadcastQueue( 1194): Permission Denial: receiving Intent { act=android.net.wifi.p2p.CONNECTION_STATE_CHANGE flg=0x24000010 (has extras) } to ProcessRecord{ba73 1900:.qtidataservices/u0a89} (pid=1900, uid=10089) requires android.permission.ACCESS_FINE_LOCATION due to sender android (uid 1000)
11-19 17:13:36.341 W/wificond(  906): Scan is not started. Ignore abort request
11-19 17:13:36.388 W/ContextImpl( 1194): Calling a method in the system process without a qualified user: android.app.ContextImpl.sendBroadcastMultiplePermissions:1143 android.content.Context.sendBroadcastWithMultiplePermissions:2150 com.android.server.wifi.p2p.WifiP2pServiceImpl$P2pStateMachine.sendBroadcastMultiplePermissions:3209 com.android.server.wifi.p2p.WifiP2pServiceImpl$P2pStateMachine.sendThisDeviceChangedBroadcast:3218 com.android.server.wifi.p2p.WifiP2pServiceImpl$P2pStateMachine.updateThisDevice:3962 
11-19 17:13:36.737 D/ConnectivityService( 1194): registerNetworkAgent NetworkAgentInfo{ ni{[type: WIFI[], state: UNKNOWN/IDLE, reason: (unspecified), extra: , failover: false, available: true, roaming: false]}  network{111}  nethandle{480147066893}  lp{{InterfaceName: wlan0 LinkAddresses: [ ] DnsAddresses: [ ] Domains: null MTU: 0 Routes: [ ]}}  nc{[ Transports: WIFI Capabilities: NOT_METERED&INTERNET&NOT_RESTRICTED&TRUSTED&NOT_VPN&NOT_ROAMING&FOREGROUND&NOT_CONGESTED&NOT_SUSPENDED LinkUpBandwidth>=72000Kbps LinkDnBandwidth>=72000Kbps OwnerUid: 1000 SSID: "MTBF_Lab" RequestorUid: -1 RequestorPackageName: null]}  Score{20}  everValidated{false}  lastValidated{false}  created{false} lingering{false} explicitlySelected{false} acceptUnvalidated{false} everCaptivePortalDetected{false} lastCaptivePortalDetected{false} partialConnectivity{false} acceptPartialConnectivity{false} clat{mBaseIface: null, mIface: null, mState: IDLE} }
11-19 17:13:36.751 D/ConnectivityService( 1194): [111 WIFI] EVENT_NETWORK_INFO_CHANGED, going from UNKNOWN to UNKNOWN
11-19 17:13:36.893 D/ConnectivityService( 1194): NetReassign [no changes]
11-19 17:13:36.926 I/Nat464Xlat( 1194): Android Xlat is disabled
11-19 17:13:36.926 I/Nat464Xlat( 1194): Android Xlat is disabled
11-19 17:13:37.042 E/ConnectivityService( 1194): Exception in networkAddRouteParcel for non-gateway: android.os.ServiceSpecificException: Machine is not on the network (code 64)
11-19 17:13:37.044 E/ConnectivityService( 1194): Exception in networkAddRouteParcel for gateway: android.os.ServiceSpecificException: Machine is not on the network (code 64)
11-19 17:13:37.044 I/Nat464Xlat( 1194): Android Xlat is disabled
11-19 17:13:37.044 I/Nat464Xlat( 1194): Android Xlat is disabled
11-19 17:13:37.110 D/ConnectivityService( 1194): Setting DNS servers for network 111 to [/192.168.1.1]
11-19 17:13:37.111 I/Nat464Xlat( 1194): Android Xlat is disabled
11-19 17:13:37.111 I/Nat464Xlat( 1194): Android Xlat is disabled
11-19 17:13:37.112 D/commandrouter( 1117): SocServiceHandle::onServiceMessage, SoC Service = mcu_healthcheck_1118, appType = 1, type = SVC_REQ, clientId = 0, token = 170, payloadLen = 12, result = 0, payload.size() = 12
11-19 17:13:37.115 D/commandrouter( 1117): mcu_healthcheck_1118 (1, merlot:mcu_health:control): <ServiceResponse> FORWARDED (remote -> local) CR token ID = 170, service client ID = 40, token ID = 593, result = 0
11-19 17:13:37.119 D/mculinkhealth( 1118): isMcuReachable 1 (7 ms)
11-19 17:13:37.187 D/ConnectivityService( 1194): [111 WIFI] EVENT_NETWORK_INFO_CHANGED, going from UNKNOWN to CONNECTED
11-19 17:13:37.199 D/DnsManager( 1194): sendDnsConfigurationForNetwork(111, [192.168.1.1], [], 1800, 25, 8, 64, 0, 0, , [])
11-19 17:13:37.201 W/DnsManager( 1194): updatePrivateDns(111, PrivateDnsConfig{true:/[]})
11-19 17:13:37.201 D/ConnectivityService( 1194): Setting DNS servers for network 111 to [/192.168.1.1]
11-19 17:13:37.202 D/DnsManager( 1194): sendDnsConfigurationForNetwork(111, [192.168.1.1], [], 1800, 25, 8, 64, 0, 0, , [192.168.1.1])
11-19 17:13:37.207 D/ConnectivityService( 1194): Adding iface wlan0 to network 111
11-19 17:13:37.233 D/ConnectivityService( 1194): Setting DNS servers for network 111 to [/192.168.1.1]
11-19 17:13:37.234 D/DnsManager( 1194): sendDnsConfigurationForNetwork(111, [192.168.1.1], [], 1800, 25, 8, 64, 0, 0, , [192.168.1.1])
11-19 17:13:37.235 I/Nat464Xlat( 1194): Android Xlat is disabled
11-19 17:13:37.236 I/Nat464Xlat( 1194): Android Xlat is disabled
11-19 17:13:37.291 D/ConnectivityService( 1194): NetReassign [no changes]
11-19 17:13:37.438 D/ConnectivityService( 1194): [111 WIFI] validation passed
11-19 17:13:37.439 D/ConnectivityService( 1194): NetReassign [8 : 100 → 111, 20 : 100 → 111, 46 : 100 → 111, 52 : 100 → 111, 45 : 100 → 111, 54 : 100 → 111, 12 : 100 → 111, 22 : 100 → 111, 16 : 100 → 111, 49 : 100 → 111, 14 : 100 → 111, 50 : 100 → 111, 18 : 100 → 111, 53 : 100 → 111, 78 : 100 → 111, 11 : 100 → 111, 1 : 100 → 111, 69 : 100 → 111, 17 : 100 → 111]
11-19 17:13:37.446 E/NetlinkEvent(  459): NetlinkEvent::FindParam(): Parameter 'INTERFACE' not found
11-19 17:13:37.446 E/NetlinkEvent(  459): NetlinkEvent::FindParam(): Parameter 'STATE' not found
11-19 17:13:37.446 E/NetlinkEvent(  459): NetlinkEvent::FindParam(): Parameter 'TIME_NS' not found
11-19 17:13:37.446 E/NetlinkEvent(  459): NetlinkEvent::FindParam(): Parameter 'UID' not found
11-19 17:13:37.462 D/ConnectivityService( 1194): Switching to new default network: NetworkAgentInfo{ ni{[type: WIFI[], state: CONNECTED/CONNECTED, reason: (unspecified), extra: , failover: false, available: true, roaming: false]}  network{111}  nethandle{480147066893}  lp{{InterfaceName: wlan0 LinkAddresses: [ 192.168.1.39/24 ] DnsAddresses: [ /192.168.1.1 ] Domains: null MTU: 0 ServerAddress: /192.168.1.1 TcpBufferSizes: 524288,1048576,2097152,262144,524288,1048576 Routes: [ fe80::/64 -> :: wlan0 mtu 0,192.168.1.0/24 -> 0.0.0.0 wlan0 mtu 0,0.0.0.0/0 -> 192.168.1.1 wlan0 mtu 0 ]}}  nc{[ Transports: WIFI Capabilities: NOT_METERED&INTERNET&NOT_RESTRICTED&TRUSTED&NOT_VPN&VALIDATED&NOT_ROAMING&FOREGROUND&NOT_CONGESTED&NOT_SUSPENDED LinkUpBandwidth>=69000Kbps LinkDnBandwidth>=69000Kbps SignalStrength: -34 OwnerUid: 1000 SSID: "MTBF_Lab" RequestorUid: -1 RequestorPackageName: null]}  Score{60}  everValidated{true}  lastValidated{true}  created{true} lingering{false} explicitlySelected{false} acceptUnvalidated{false} everCaptivePortalDetected{false} lastCaptivePortalDetected{false} partialConnectivity{false} acceptPartialConnectivity{false} clat{mBaseIface: null, mIface: null, mState: IDLE} }
11-19 17:13:37.598 D/ConnectivityService( 1194): Lingering [100 CELLULAR] for 30000ms
11-19 17:13:37.600 D/ConnectivityService( 1194): Sending DISCONNECTED broadcast for type 0 [100 CELLULAR] isDefaultNetwork=true
11-19 17:13:37.603 D/ConnectivityService( 1194): Sending CONNECTED broadcast for type 1 [111 WIFI] isDefaultNetwork=true
11-19 17:13:37.640 D/ConnectivityService( 1194): Setting DNS servers for network 111 to [/192.168.1.1]
11-19 17:13:37.640 D/DnsManager( 1194): sendDnsConfigurationForNetwork(111, [192.168.1.1], [], 1800, 25, 8, 64, 0, 0, , [192.168.1.1])
11-19 17:13:38.222 I/Nat464Xlat( 1194): Android Xlat is disabled
11-19 17:13:38.223 I/Nat464Xlat( 1194): Android Xlat is disabled
11-19 17:13:42.188 D/commandrouter( 1117): rtc_sync (1, rtc:sync): <ServiceRequest> FORWARDED (remote -> local) service client ID = 0, token ID = 33280
11-19 17:13:42.189 D/commandrouter( 1117): SocServiceHandle::onServiceMessage, SoC Service = rtc_sync, appType = 1, type = SVC_RESP, clientId = 0, token = 33280, payloadLen = 8, result = 0, payload.size() = 8
11-19 17:13:52.185 D/commandrouter( 1117): rtc_sync (1, rtc:sync): <ServiceRequest> FORWARDED (remote -> local) service client ID = 0, token ID = 33281
11-19 17:13:52.186 D/commandrouter( 1117): SocServiceHandle::onServiceMessage, SoC Service = rtc_sync, appType = 1, type = SVC_RESP, clientId = 0, token = 33281, payloadLen = 8, result = 0, payload.size() = 8
11-19 17:13:56.732 D/AutofillManagerService( 1194): onBackKeyPressed()
11-19 17:13:57.788 I/chatty  ( 1194): uid=1000(system) android.ui identical 2 lines
11-19 17:13:59.003 D/AutofillManagerService( 1194): onBackKeyPressed()
11-19 17:13:59.167 W/ActivityManager( 1194): Invalid packageName: com.facebook.wearable.system.settings/com.facebook.wearable.system.settings.SettingsActivity
11-19 17:13:59.288 I/ActivityTaskManager( 1194): START u0 {flg=0x10000000 cmp=com.facebook.wearable.system.settings/.SettingsActivity} from uid 0
11-19 17:13:59.305 I/ActivityTaskManager( 1194): The Process com.facebook.wearable.system.settings Already Exists in BG. So sending its PID: 2752
11-19 17:13:59.306 W/ActivityTaskManager( 1194): Tried to set launchTime (0) < mLastActivityLaunchTime (5155569)
11-19 17:14:02.179 D/commandrouter( 1117): rtc_sync (1, rtc:sync): <ServiceRequest> FORWARDED (remote -> local) service client ID = 0, token ID = 33282
11-19 17:14:02.180 D/commandrouter( 1117): SocServiceHandle::onServiceMessage, SoC Service = rtc_sync, appType = 1, type = SVC_RESP, clientId = 0, token = 33282, payloadLen = 8, result = 0, payload.size() = 8
11-19 17:14:02.328 E/TaskPersister( 1194): File error accessing recents directory (directory doesn't exist?).
11-19 17:14:05.777 D/commandrouter( 1117): SocServiceHandle::onServiceMessage, SoC Service = mcu_healthcheck_946, appType = 1, type = SVC_REQ, clientId = 0, token = 85, payloadLen = 20, result = 0, payload.size() = 20
11-19 17:14:05.781 D/commandrouter( 1117): mcu_healthcheck_946 (1, merlot:mcu_health:control): <ServiceResponse> FORWARDED (remote -> local) CR token ID = 85, service client ID = 6, token ID = 594, result = 0
11-19 17:14:07.023 W/ContextImpl( 1194): Calling a method in the system process without a qualified user: android.app.ContextImpl.sendBroadcastMultiplePermissions:1143 android.content.Context.sendBroadcastWithMultiplePermissions:2150 com.android.server.display.WifiDisplayAdapter.handleSendStatusChangeBroadcast:440 com.android.server.display.WifiDisplayAdapter.access$1700:63 com.android.server.display.WifiDisplayAdapter$WifiDisplayHandler.handleMessage:675 
11-19 17:14:07.121 D/commandrouter( 1117): SocServiceHandle::onServiceMessage, SoC Service = mcu_healthcheck_1118, appType = 1, type = SVC_REQ, clientId = 0, token = 171, payloadLen = 12, result = 0, payload.size() = 12
11-19 17:14:07.124 D/commandrouter( 1117): mcu_healthcheck_1118 (1, merlot:mcu_health:control): <ServiceResponse> FORWARDED (remote -> local) CR token ID = 171, service client ID = 40, token ID = 595, result = 0
11-19 17:14:07.125 D/mculinkhealth( 1118): isMcuReachable 1 (4 ms)
11-19 17:14:07.439 D/ConnectivityService( 1194): handleLingerComplete for [100 CELLULAR]
11-19 17:14:07.518 D/ConnectivityService( 1194): [111 WIFI] EVENT_NETWORK_INFO_CHANGED, going from CONNECTED to DISCONNECTED
11-19 17:14:07.518 D/ConnectivityService( 1194): [111 WIFI] disconnected, was satisfying 30
11-19 17:14:07.623 I/Nat464Xlat( 1194): Android Xlat is disabled
11-19 17:14:07.627 I/Nat464Xlat( 1194): Android Xlat is disabled
11-19 17:14:07.646 D/ConnectivityService( 1194): Sending DISCONNECTED broadcast for type 1 [111 WIFI] isDefaultNetwork=true
11-19 17:14:07.657 D/ConnectivityService( 1194): NetReassign [8 : null → 100, 20 : null → 100, 46 : null → 100, 52 : null → 100, 45 : null → 100, 54 : null → 100, 12 : null → 100, 22 : null → 100, 16 : null → 100, 49 : null → 100, 14 : null → 100, 50 : null → 100, 18 : null → 100, 53 : null → 100, 78 : null → 100, 11 : null → 100, 1 : null → 100, 69 : null → 100, 17 : null → 100]
11-19 17:14:07.662 E/NetlinkEvent(  459): NetlinkEvent::FindParam(): Parameter 'INTERFACE' not found
11-19 17:14:07.662 E/NetlinkEvent(  459): NetlinkEvent::FindParam(): Parameter 'STATE' not found
11-19 17:14:07.662 E/NetlinkEvent(  459): NetlinkEvent::FindParam(): Parameter 'TIME_NS' not found
11-19 17:14:07.662 E/NetlinkEvent(  459): NetlinkEvent::FindParam(): Parameter 'UID' not found
11-19 17:14:07.690 D/ConnectivityService( 1194): Switching to new default network: NetworkAgentInfo{ ni{[type: MOBILE[LTE], state: CONNECTED/CONNECTED, reason: (unspecified), extra: nxtgenphone, failover: false, available: true, roaming: false]}  network{100}  nethandle{432902426637}  lp{{InterfaceName: rmnet_data2 LinkAddresses: [ 10.129.103.196/29,2600:380:c119:24f:b89a:9f3c:46c1:95af/64 ] DnsAddresses: [ /172.26.38.1,/fc00:a:a::300 ] Domains: null MTU: 1430 TcpBufferSizes: 2097152,4194304,8388608,262144,524288,1048576 Routes: [ 0.0.0.0/0 -> 10.129.103.197 rmnet_data2 mtu 1430,::/0 -> fe80::b45f:41f1:1846:969d rmnet_data2 mtu 1430,10.129.103.192/29 -> 0.0.0.0 rmnet_data2 mtu 0,2600:380:c119:24f::/64 -> :: rmnet_data2 mtu 0 ]}}  nc{[ Transports: CELLULAR Capabilities: MMS&SUPL&FOTA&INTERNET&NOT_RESTRICTED&TRUSTED&NOT_VPN&VALIDATED&NOT_ROAMING&NOT_CONGESTED&NOT_SUSPENDED LinkUpBandwidth>=15000Kbps LinkDnBandwidth>=30000Kbps Specifier: <TelephonyNetworkSpecifier [mSubId = 1]> AdministratorUids: [] RequestorUid: -1 RequestorPackageName: null]}  Score{50}  everValidated{true}  lastValidated{true}  created{true} lingering{false} explicitlySelected{false} acceptUnvalidated{false} everCaptivePortalDetected{false} lastCaptivePortalDetected{false} partialConnectivity{false} acceptPartialConnectivity{false} clat{mBaseIface: null, mIface: null, mState: IDLE} }
11-19 17:14:07.849 D/ConnectivityService( 1194): Sending CONNECTED broadcast for type 0 [100 CELLULAR] isDefaultNetwork=true
11-19 17:14:11.800 D/AutofillManagerService( 1194): onBackKeyPressed()
11-19 17:14:12.173 D/commandrouter( 1117): rtc_sync (1, rtc:sync): <ServiceRequest> FORWARDED (remote -> local) service client ID = 0, token ID = 33283
11-19 17:14:12.173 D/commandrouter( 1117): SocServiceHandle::onServiceMessage, SoC Service = rtc_sync, appType = 1, type = SVC_RESP, clientId = 0, token = 33283, payloadLen = 8, result = 0, payload.size() = 8
11-19 17:14:12.325 D/AutofillManagerService( 1194): onBackKeyPressed()
11-19 17:14:14.624 I/chatty  ( 1194): uid=1000(system) android.ui identical 2 lines
11-19 17:14:16.009 D/AutofillManagerService( 1194): onBackKeyPressed()
11-19 17:14:16.356 E/TaskPersister( 1194): File error accessing recents directory (directory doesn't exist?).
11-19 17:14:16.632 D/AutofillManagerService( 1194): onBackKeyPressed()
11-19 17:14:17.627 I/chatty  ( 1194): uid=1000(system) android.ui identical 1 line
11-19 17:14:18.623 D/AutofillManagerService( 1194): onBackKeyPressed()
11-19 17:14:19.154 W/ActivityManager( 1194): Invalid packageName: com.facebook.wearable.system.settings/com.facebook.wearable.system.settings.SettingsActivity
11-19 17:14:19.278 I/ActivityTaskManager( 1194): START u0 {flg=0x10000000 cmp=com.facebook.wearable.system.settings/.SettingsActivity} from uid 0
11-19 17:14:19.296 I/ActivityTaskManager( 1194): The Process com.facebook.wearable.system.settings Already Exists in BG. So sending its PID: 2752
11-19 17:14:19.296 W/ActivityTaskManager( 1194): Tried to set launchTime (0) < mLastActivityLaunchTime (5185571)
11-19 17:14:22.193 D/commandrouter( 1117): rtc_sync (1, rtc:sync): <ServiceRequest> FORWARDED (remote -> local) service client ID = 0, token ID = 33284
11-19 17:14:22.194 D/commandrouter( 1117): SocServiceHandle::onServiceMessage, SoC Service = rtc_sync, appType = 1, type = SVC_RESP, clientId = 0, token = 33284, payloadLen = 8, result = 0, payload.size() = 8
11-19 17:14:23.436 E/TaskPersister( 1194): File error accessing recents directory (directory doesn't exist?).
11-19 17:14:23.820 D/AnalyticsLogger( 1194): sent events: 12
11-19 17:14:24.611 D/AppStorageManager( 1194): BEFORE:: Previous Size: 1060421632 Current Size: 1060528128
11-19 17:14:24.611 D/AppStorageManager( 1194): AFTER:: Previous Size: 1060528128 Current Size: 1060528128
11-19 17:14:25.918 W/ContextImpl( 1194): Calling a method in the system process without a qualified user: android.app.ContextImpl.sendBroadcastMultiplePermissions:1143 android.content.Context.sendBroadcastWithMultiplePermissions:2150 com.android.server.display.WifiDisplayAdapter.handleSendStatusChangeBroadcast:440 com.android.server.display.WifiDisplayAdapter.access$1700:63 com.android.server.display.WifiDisplayAdapter$WifiDisplayHandler.handleMessage:675 
11-19 17:14:27.014 W/ContextImpl( 1194): Calling a method in the system process without a qualified user: android.app.ContextImpl.sendBroadcastMultiplePermissions:1143 android.content.Context.sendBroadcastWithMultiplePermissions:2150 com.android.server.wifi.p2p.WifiP2pServiceImpl$P2pStateMachine.sendBroadcastMultiplePermissions:3209 com.android.server.wifi.p2p.WifiP2pServiceImpl$P2pStateMachine.sendP2pConnectionChangedBroadcast:3236 com.android.server.wifi.p2p.WifiP2pServiceImpl$P2pStateMachine.access$5100:768 
11-19 17:14:27.018 W/BroadcastQueue( 1194): Permission Denial: receiving Intent { act=android.net.wifi.p2p.CONNECTION_STATE_CHANGE flg=0x24000010 (has extras) } to ProcessRecord{ba73 1900:.qtidataservices/u0a89} (pid=1900, uid=10089) requires android.permission.ACCESS_FINE_LOCATION due to sender android (uid 1000)
11-19 17:14:27.026 W/wificond(  906): Scan is not started. Ignore abort request
11-19 17:14:27.075 W/ContextImpl( 1194): Calling a method in the system process without a qualified user: android.app.ContextImpl.sendBroadcastMultiplePermissions:1143 android.content.Context.sendBroadcastWithMultiplePermissions:2150 com.android.server.wifi.p2p.WifiP2pServiceImpl$P2pStateMachine.sendBroadcastMultiplePermissions:3209 com.android.server.wifi.p2p.WifiP2pServiceImpl$P2pStateMachine.sendThisDeviceChangedBroadcast:3218 com.android.server.wifi.p2p.WifiP2pServiceImpl$P2pStateMachine.updateThisDevice:3962 
11-19 17:14:27.419 D/ConnectivityService( 1194): registerNetworkAgent NetworkAgentInfo{ ni{[type: WIFI[], state: UNKNOWN/IDLE, reason: (unspecified), extra: , failover: false, available: true, roaming: false]}  network{112}  nethandle{484442034189}  lp{{InterfaceName: wlan0 LinkAddresses: [ ] DnsAddresses: [ ] Domains: null MTU: 0 Routes: [ ]}}  nc{[ Transports: WIFI Capabilities: NOT_METERED&INTERNET&NOT_RESTRICTED&TRUSTED&NOT_VPN&NOT_ROAMING&FOREGROUND&NOT_CONGESTED&NOT_SUSPENDED LinkUpBandwidth>=72000Kbps LinkDnBandwidth>=72000Kbps OwnerUid: 1000 SSID: "MTBF_Lab" RequestorUid: -1 RequestorPackageName: null]}  Score{20}  everValidated{false}  lastValidated{false}  created{false} lingering{false} explicitlySelected{false} acceptUnvalidated{false} everCaptivePortalDetected{false} lastCaptivePortalDetected{false} partialConnectivity{false} acceptPartialConnectivity{false} clat{mBaseIface: null, mIface: null, mState: IDLE} }
11-19 17:14:27.438 D/ConnectivityService( 1194): [112 WIFI] EVENT_NETWORK_INFO_CHANGED, going from UNKNOWN to UNKNOWN
--------- beginning of main
11-19 17:14:27.470 V/WifiHAL (  539): WifiVendorCommand 0xa063a000 created vendor_id:0x1374 subcmd:83
11-19 17:14:27.471 E/WifiHAL (  539): wifi_get_packet_filter_capabilities: requestResponse() error: -3
11-19 17:14:27.471 I/WifiHAL (  539): Packet filtering is not supprted
11-19 17:14:27.523 I/chatty  ( 1194): uid=1000(system) HeapTaskDaemon expire 1 line
11-19 17:14:27.595 D/WearableConnectivityManager( 2581): onWifiStrengthChange: -33
11-19 17:14:27.597 D/QCNEJ/WlanStaInfoRelay( 1900): Received action: android.net.wifi.RSSI_CHANGED
11-19 17:14:27.600 V/WifiHAL (  539): WifiVendorCommand 0xa07c1180 created vendor_id:0x1374 subcmd:82
11-19 17:14:27.600 D/ConnectivityService( 1194): NetReassign [no changes]
11-19 17:14:27.601 V/WifiHAL (  539): ND offload : Enable
11-19 17:14:27.621 I/chatty  ( 1194): uid=1000(system) WifiHandlerThre expire 2 lines
11-19 17:14:27.624 E/QMI_FW  (  927): qmi_cci_get_ref: ref count increased 2
11-19 17:14:27.627 E/QMI_FW  (  927): qmi_cci_get_ref: ref count increased 2
11-19 17:14:27.628 E/Netd    (  459): no such netId 112
11-19 17:14:27.629 I/Nat464Xlat( 1194): Android Xlat is disabled
11-19 17:14:27.683 I/chatty  ( 1194): uid=1000 system_server expire 7 lines
11-19 17:14:27.773 E/Netd    (  459): no such netId 112
11-19 17:14:27.629 I/Nat464Xlat( 1194): Android Xlat is disabled
11-19 17:14:27.774 E/ConnectivityService( 1194): Exception in networkAddRouteParcel for non-gateway: android.os.ServiceSpecificException: Machine is not on the network (code 64)
11-19 17:14:27.774 E/Netd    (  459): no such netId 112
11-19 17:14:27.775 D/WifiConnector( 2841): Network State Changed
11-19 17:14:27.775 E/ConnectivityService( 1194): Exception in networkAddRouteParcel for gateway: android.os.ServiceSpecificException: Machine is not on the network (code 64)
11-19 17:14:27.775 D/QCNEJ/WlanStaInfoRelay( 1900): Received action: android.net.wifi.STATE_CHANGE
11-19 17:14:27.775 I/Nat464Xlat( 1194): Android Xlat is disabled
11-19 17:14:27.802 D/WifiConnector( 2841): Network State Changed
11-19 17:14:27.802 D/QCNEJ/WlanStaInfoRelay( 1900): Received action: android.net.wifi.STATE_CHANGE
11-19 17:14:27.805 D/WifiConnector( 2841): Configured Networks Changed
11-19 17:14:27.821 I/chatty  ( 1194): uid=1000(system) pool-9-thread-1 expire 2 lines
11-19 17:14:27.843 E/QMI_FW  (  927): qmi_cci_get_ref: ref count increased 2
11-19 17:14:27.775 I/Nat464Xlat( 1194): Android Xlat is disabled
11-19 17:14:27.847 D/ConnectivityService( 1194): Setting DNS servers for network 112 to [/192.168.1.1]
11-19 17:14:27.848 I/Nat464Xlat( 1194): Android Xlat is disabled
11-19 17:14:27.844 E/QMI_FW  (  927): qmi_cci_get_ref: ref count increased 2
11-19 17:14:27.861 E/QMI_FW  ( 1113): qmi_cci_get_ref: ref count increased 2
11-19 17:14:27.862 E/QMI_FW  ( 1113): qmi_cci_get_ref: ref count increased 2
11-19 17:14:27.863 E/QMI_FW  ( 1113): qmi_cci_get_ref: ref count increased 2
11-19 17:14:27.848 I/Nat464Xlat( 1194): Android Xlat is disabled
11-19 17:14:27.924 D/ConnectivityService( 1194): [112 WIFI] EVENT_NETWORK_INFO_CHANGED, going from UNKNOWN to CONNECTED
11-19 17:14:27.927 D/DnsManager( 1194): sendDnsConfigurationForNetwork(112, [192.168.1.1], [], 1800, 25, 8, 64, 0, 0, , [])
11-19 17:14:27.929 W/DnsManager( 1194): updatePrivateDns(112, PrivateDnsConfig{true:/[]})
11-19 17:14:27.929 D/ConnectivityService( 1194): Setting DNS servers for network 112 to [/192.168.1.1]
11-19 17:14:27.929 D/DnsManager( 1194): sendDnsConfigurationForNetwork(112, [192.168.1.1], [], 1800, 25, 8, 64, 0, 0, , [192.168.1.1])
11-19 17:14:27.930 W/resolv  (  459): Validating DnsTlsServer on netId 112
11-19 17:14:27.931 D/ConnectivityService( 1194): Adding iface wlan0 to network 112
11-19 17:14:27.967 W/resolv  (  459): Validation failed
11-19 17:14:27.976 D/ConnectivityService( 1194): Setting DNS servers for network 112 to [/192.168.1.1]
11-19 17:14:27.977 D/DnsManager( 1194): sendDnsConfigurationForNetwork(112, [192.168.1.1], [], 1800, 25, 8, 64, 0, 0, , [192.168.1.1])
11-19 17:14:27.977 W/resolv  (  459): Validating DnsTlsServer on netId 112
11-19 17:14:27.978 I/Nat464Xlat( 1194): Android Xlat is disabled
11-19 17:14:27.999 W/resolv  (  459): SSL_connect ssl error =5, mark 0xf0070: Connection refused
11-19 17:14:28.000 W/resolv  (  459): Validation failed
11-19 17:14:27.978 I/Nat464Xlat( 1194): Android Xlat is disabled
11-19 17:14:28.031 D/ConnectivityService( 1194): NetReassign [no changes]
11-19 17:14:28.031 D/WifiClientModeImpl( 1194): Received signal strength thresholds: []
11-19 17:14:28.034 E/WifiVendorHal( 1194): stopRssiMonitoring(l.2106) failed {.code = ERROR_NOT_AVAILABLE, .description = }
11-19 17:14:28.051 D/QCNEJ/WlanStaInfoRelay( 1900): network available: 112
11-19 17:14:28.067 D/QCNEJ/NativeHalConnector( 1900): -> SND notifyWifiAvailable(v4Connected = truev6Connected = , false, isAndroidValidated = false)
11-19 17:14:28.090 D/QCNEJ/NativeHalConnector( 1900): -> SND notifyWifiAvailable(v4Connected = truev6Connected = , false, isAndroidValidated = false)
11-19 17:14:28.113 D/NetworkMonitor/112( 1194): PROBE_DNS connectivitycheck.gstatic.com 54ms OK 142.250.191.67
11-19 17:14:28.115 W/System  ( 1194): ClassLoader referenced unknown path: /system/framework/tcmclient.jar
11-19 17:14:28.124 D/NetworkMonitor/112( 1194): PROBE_DNS www.google.com 62ms OK 142.250.191.68
11-19 17:14:28.151 D/NetworkMonitor/112( 1194): PROBE_HTTP http://connectivitycheck.gstatic.com/generate_204 time=32ms ret=204 request={Connection=[close], User-Agent=[Mozilla/5.0 (X11; Linux x86_64) AppleWebKit/537.36 (KHTML, like Gecko) Chrome/60.0.3112.32 Safari/537.36]} headers={null=[HTTP/1.1 204 No Content], Connection=[close], Content-Length=[0], Date=[Sat, 20 Nov 2021 01:14:29 GMT], X-Android-Received-Millis=[1637370868150], X-Android-Response-Source=[NETWORK 204], X-Android-Selected-Protocol=[http/1.1], X-Android-Sent-Millis=[1637370868137]}
11-19 17:14:28.200 D/NetworkMonitor/112( 1194): PROBE_HTTPS https://www.google.com/generate_204 time=74ms ret=204 request={Connection=[close], User-Agent=[Mozilla/5.0 (X11; Linux x86_64) AppleWebKit/537.36 (KHTML, like Gecko) Chrome/60.0.3112.32 Safari/537.36]} headers={null=[HTTP/1.1 204 No Content], Alt-Svc=[h3=":443"; ma=2592000,h3-29=":443"; ma=2592000,h3-Q050=":443"; ma=2592000,h3-Q046=":443"; ma=2592000,h3-Q043=":443"; ma=2592000,quic=":443"; ma=2592000; v="46,43"], Connection=[close], Content-Length=[0], Date=[Sat, 20 Nov 2021 01:14:30 GMT], X-Android-Received-Millis=[1637370868197], X-Android-Response-Source=[NETWORK 204], X-Android-Selected-Protocol=[http/1.1], X-Android-Sent-Millis=[1637370868176]}
11-19 17:14:28.201 D/NetworkMonitor/112( 1194): isCaptivePortal: isSuccessful()=true isPortal()=false RedirectUrl=null isPartialConnectivity()=false Time=144ms
11-19 17:14:28.203 D/ConnectivityService( 1194): [112 WIFI] validation passed
11-19 17:14:28.204 D/ConnectivityService( 1194): NetReassign [8 : 100 → 112, 20 : 100 → 112, 46 : 100 → 112, 52 : 100 → 112, 45 : 100 → 112, 54 : 100 → 112, 12 : 100 → 112, 22 : 100 → 112, 16 : 100 → 112, 49 : 100 → 112, 14 : 100 → 112, 50 : 100 → 112, 18 : 100 → 112, 53 : 100 → 112, 78 : 100 → 112, 11 : 100 → 112, 1 : 100 → 112, 69 : 100 → 112, 17 : 100 → 112]
11-19 17:14:28.209 E/NetlinkEvent(  459): NetlinkEvent::FindParam(): Parameter 'INTERFACE' not found
11-19 17:14:28.210 E/NetlinkEvent(  459): NetlinkEvent::FindParam(): Parameter 'STATE' not found
11-19 17:14:28.210 E/NetlinkEvent(  459): NetlinkEvent::FindParam(): Parameter 'TIME_NS' not found
11-19 17:14:28.210 E/NetlinkEvent(  459): NetlinkEvent::FindParam(): Parameter 'UID' not found
11-19 17:14:28.230 D/ConnectivityService( 1194): Switching to new default network: NetworkAgentInfo{ ni{[type: WIFI[], state: CONNECTED/CONNECTED, reason: (unspecified), extra: , failover: false, available: true, roaming: false]}  network{112}  nethandle{484442034189}  lp{{InterfaceName: wlan0 LinkAddresses: [ 192.168.1.39/24 ] DnsAddresses: [ /192.168.1.1 ] Domains: null MTU: 0 ServerAddress: /192.168.1.1 TcpBufferSizes: 524288,1048576,2097152,262144,524288,1048576 Routes: [ fe80::/64 -> :: wlan0 mtu 0,192.168.1.0/24 -> 0.0.0.0 wlan0 mtu 0,0.0.0.0/0 -> 192.168.1.1 wlan0 mtu 0 ]}}  nc{[ Transports: WIFI Capabilities: NOT_METERED&INTERNET&NOT_RESTRICTED&TRUSTED&NOT_VPN&VALIDATED&NOT_ROAMING&FOREGROUND&NOT_CONGESTED&NOT_SUSPENDED LinkUpBandwidth>=70000Kbps LinkDnBandwidth>=70000Kbps SignalStrength: -33 OwnerUid: 1000 SSID: "MTBF_Lab" RequestorUid: -1 RequestorPackageName: null]}  Score{60}  everValidated{true}  lastValidated{true}  created{true} lingering{false} explicitlySelected{false} acceptUnvalidated{false} everCaptivePortalDetected{false} lastCaptivePortalDetected{false} partialConnectivity{false} acceptPartialConnectivity{false} clat{mBaseIface: null, mIface: null, mState: IDLE} }
11-19 17:14:28.338 D/NetworkManager( 5883): ConnectivityManager.NetworkCallback#onCapabilitiesChanged()
11-19 17:14:28.339 D/NetworkManager( 5883): connected: true
11-19 17:14:28.344 D/NetworkManager( 5921): ConnectivityManager.NetworkCallback#onCapabilitiesChanged()
11-19 17:14:28.344 D/NetworkManager( 5921): connected: true
11-19 17:14:28.347 D/QCNEJ/DefaultNetworkInfoRelay( 1900): Default network available: 112
11-19 17:14:28.351 D/QCNEJ/NativeHalConnector( 1900): -> SND notifyDefaultNetworkChanged(1)
11-19 17:14:28.351 D/DeviceAuthService( 5799): Network connected
11-19 17:14:28.352 D/DeviceAuthService( 5799): fetchAuthTokenWrapper called
11-19 17:14:28.358 V/LigerRadioStatsReporter( 2384): onCapabilitiesChanged: Network capabilities changed
11-19 17:14:28.360 V/LigerRadioStatsReporter( 5921): onCapabilitiesChanged: Network capabilities changed
11-19 17:14:28.361 D/NetworkTimeUpdateService( 1194): New default network 112; checking time.
11-19 17:14:28.365 D/ConnectivityService( 1194): Lingering [100 CELLULAR] for 30000ms
11-19 17:14:28.367 D/ConnectivityService( 1194): Sending DISCONNECTED broadcast for type 0 [100 CELLULAR] isDefaultNetwork=true
11-19 17:14:28.368 D/ConnectivityService( 1194): Sending CONNECTED broadcast for type 1 [112 WIFI] isDefaultNetwork=true
11-19 17:14:28.369 E/QMI_FW  (  927): qmi_cci_get_ref: ref count increased 2
11-19 17:14:28.371 E/QMI_FW  (  927): qmi_cci_get_ref: ref count increased 2
11-19 17:14:28.374 I/GnssNetworkConnectivityHandler( 1194): updateNetworkState, state=CLOSED, connected=true, network=112, capabilities=[ Transports: WIFI Capabilities: NOT_METERED&INTERNET&NOT_RESTRICTED&TRUSTED&NOT_VPN&VALIDATED&NOT_ROAMING&FOREGROUND&NOT_CONGESTED&NOT_SUSPENDED LinkUpBandwidth>=70000Kbps LinkDnBandwidth>=70000Kbps SignalStrength: -33 OwnerUid: 1000 AdministratorUids: [] SSID: "MTBF_Lab" RequestorUid: -1 RequestorPackageName: null], apn: , availableNetworkCount: 2
11-19 17:14:28.376 I/chatty  (  523): uid=1021(gps) Loc_hal_worker expire 1 line
11-19 17:14:28.392 D/QCNEJ/WlanStaInfoRelay( 1900): AndroidValidate from false to true
11-19 17:14:28.399 D/NetworkManager( 5883): ConnectivityManager.NetworkCallback#onCapabilitiesChanged()
11-19 17:14:28.399 V/LigerRadioStatsReporter( 2384): onCapabilitiesChanged: Network capabilities changed
11-19 17:14:28.399 V/LigerRadioStatsReporter( 2384): reportAndCheckpointRadioStats
11-19 17:14:28.399 D/NetworkManager( 5883): connected: true
11-19 17:14:28.399 V/LigerRadioStatsReporter( 5921): onCapabilitiesChanged: Network capabilities changed
11-19 17:14:28.399 V/LigerRadioStatsReporter( 5921): reportAndCheckpointRadioStats
11-19 17:14:28.400 V/LigerRadioStatsReporter( 5921): +++++++++++ RADIO STATS DUMP +++++++++++
11-19 17:14:28.400 V/LigerRadioStatsReporter( 5921): totalActiveRadioTimeMs=0
11-19 17:14:28.400 V/LigerRadioStatsReporter( 5921): totalTailRadioTimeMs=13999
11-19 17:14:28.401 V/LigerRadioStatsReporter( 5921): totalWakeupCount=0
11-19 17:14:28.401 D/QCNEJ/WlanStaInfoRelay( 1900): retrieveCountryCode:Location obtained from Telephony: us
11-19 17:14:28.401 V/LigerRadioStatsReporter( 5921): httpUpBytes=0
11-19 17:14:28.401 V/LigerRadioStatsReporter( 5921): httpDownBytes=0
11-19 17:14:28.401 V/LigerRadioStatsReporter( 5921): httpWakeupCount=0
11-19 17:14:28.401 V/LigerRadioStatsReporter( 5921): httpRequestCount=0
11-19 17:14:28.401 V/LigerRadioStatsReporter( 5921): httpActiveRadioTimeMs=0
11-19 17:14:28.401 V/LigerRadioStatsReporter( 5921): httpTailRadioTimeMs=13999
11-19 17:14:28.401 V/LigerRadioStatsReporter( 5921): reportAndCheckpointRadioStats: Tx=0
11-19 17:14:28.401 V/LigerRadioStatsReporter( 5921): reportAndCheckpointRadioStats: Rx=0
11-19 17:14:28.401 V/LigerRadioStatsReporter( 5921): reportAndCheckpointRadioStats: Uids=10068
11-19 17:14:28.401 V/LigerRadioStatsReporter( 5921): reportAndCheckpointRadioStats: Tags=null
11-19 17:14:28.402 V/LigerRadioStatsReporter( 2384): +++++++++++ RADIO STATS DUMP +++++++++++
11-19 17:14:28.402 V/LigerRadioStatsReporter( 2384): totalActiveRadioTimeMs=0
11-19 17:14:28.402 V/LigerRadioStatsReporter( 2384): totalTailRadioTimeMs=13995
11-19 17:14:28.402 V/LigerRadioStatsReporter( 2384): totalWakeupCount=0
11-19 17:14:28.402 V/LigerRadioStatsReporter( 2384): httpUpBytes=0
11-19 17:14:28.402 V/LigerRadioStatsReporter( 2384): httpDownBytes=0
11-19 17:14:28.402 V/LigerRadioStatsReporter( 2384): httpWakeupCount=0
11-19 17:14:28.402 V/LigerRadioStatsReporter( 2384): httpRequestCount=0
11-19 17:14:28.402 D/NetworkManager( 5921): ConnectivityManager.NetworkCallback#onCapabilitiesChanged()
11-19 17:14:28.402 V/LigerRadioStatsReporter( 2384): httpActiveRadioTimeMs=0
11-19 17:14:28.402 V/LigerRadioStatsReporter( 2384): httpTailRadioTimeMs=13995
11-19 17:14:28.402 D/NetworkManager( 5921): connected: true
11-19 17:14:28.402 V/LigerRadioStatsReporter( 2384): reportAndCheckpointRadioStats: Tx=0
11-19 17:14:28.402 V/LigerRadioStatsReporter( 2384): reportAndCheckpointRadioStats: Rx=0
11-19 17:14:28.402 V/LigerRadioStatsReporter( 2384): reportAndCheckpointRadioStats: Uids=10028
11-19 17:14:28.402 V/LigerRadioStatsReporter( 2384): reportAndCheckpointRadioStats: Tags=null
11-19 17:14:28.412 D/DeviceAuthService( 5799): isOculusAddressResolvable returned true
11-19 17:14:28.412 D/DeviceAuthenticator( 5799): Fetching new credentials asynchronously
11-19 17:14:28.413 E/QMI_FW  (  927): qmi_cci_get_ref: ref count increased 2
11-19 17:14:28.413 D/DeviceAuthenticator( 5799): Calling DeviceAuth.authenticate()
11-19 17:14:28.414 E/QMI_FW  ( 1113): qmi_cci_get_ref: ref count increased 2
11-19 17:14:28.415 E/QMI_FW  (  927): qmi_cci_get_ref: ref count increased 2
11-19 17:14:28.416 E/DeviceCertService(  541): This device *might* have a provisioning issue. Please run `maui provision check` to verify.
11-19 17:14:28.416 E/DeviceCertService(  541): See https://fburl.com/wiki/a9hho0p9 for more information.
11-19 17:14:28.416 E/DeviceCertService(  541): Could not access certificate file '/mnt/vendor/persist/certificates/device_identityinsecure.crt', error 2: No such file or directory
11-19 17:14:28.417 E/QMI_FW  ( 1113): qmi_cci_get_ref: ref count increased 2
11-19 17:14:28.417 E/DeviceAuthenticator( 5799): ERROR: java.lang.RuntimeException: devicecert returned error FILESYSTEM_ERROR
11-19 17:14:28.417 E/DeviceAuthenticator( 5799): 
11-19 17:14:28.417 E/DeviceAuthenticator( 5799): com.facebook.mos.sdk.devicecert.DeviceIdentityException: java.lang.RuntimeException: devicecert returned error FILESYSTEM_ERROR
11-19 17:14:28.417 E/DeviceAuthenticator( 5799): 
11-19 17:14:28.418 D/PhoneInterfaceManager( 1975): setModemActivityInfo
11-19 17:14:28.418 D/FbSideCarManager( 1975): setModemActivityInfo
11-19 17:14:28.418 D/FbSideCarManager( 1975): setModemActivityInfo
11-19 17:14:28.419 D/WirelessInsightServiceImpl( 1975): setModemActivityInfo
11-19 17:14:28.419 D/FbSideCarManager( 1975): setModemActivityInfoInternal success
11-19 17:14:28.419 D/PhoneInterfaceManager( 1975): setModemActivityInfo: success.
11-19 17:14:28.419 D/WirelessInsightServiceImpl( 1975): notifyListeners: listeners = 0, modemActivityInfo = ModemActivityInfo{ mTimestamp=5214681 mSleepTimeMs=4632145 mIdleTimeMs=39090 mTransmitPowerInfo[]=[TransmitPower{ mTimeInMillis=0 mPowerRangeInDbm={-2147483648,0}}, TransmitPower{ mTimeInMillis=978 mPowerRangeInDbm={0,5}}, TransmitPower{ mTimeInMillis=7287 mPowerRangeInDbm={5,15}}, TransmitPower{ mTimeInMillis=66 mPowerRangeInDbm={15,20}}, TransmitPower{ mTimeInMillis=10011 mPowerRangeInDbm={20,2147483647}}] mRxTimeMs=490786}
11-19 17:14:28.419 D/ConnectivityService( 1194): Setting DNS servers for network 112 to [/192.168.1.1]
11-19 17:14:28.420 D/DnsManager( 1194): sendDnsConfigurationForNetwork(112, [192.168.1.1], [], 1800, 25, 8, 64, 0, 0, , [192.168.1.1])
11-19 17:14:28.421 W/resolv  (  459): Validating DnsTlsServer on netId 112
11-19 17:14:28.423 E/QMI_FW  ( 1113): qmi_cci_get_ref: ref count increased 2
11-19 17:14:28.439 E/QMI_FW  ( 1113): qmi_cci_get_ref: ref count increased 2
11-19 17:14:28.446 W/resolv  (  459): SSL_connect ssl error =5, mark 0xf0070: Connection refused
11-19 17:14:28.447 W/resolv  (  459): Validation failed
11-19 17:14:28.480 D/WifiConnector( 2841): Configured Networks Changed
11-19 17:14:28.493 I/WifiClientModeImpl( 1194): Default Gateway MAC address of 6c:cd:d6:25:63:2a from routes is : 6c:cd:d6:25:63:2a
11-19 17:14:28.510 E/QMI_FW  ( 1113): qmi_cci_get_ref: ref count increased 2
11-19 17:14:28.515 D/WifiMemoryStoreImpl( 1194): Set cluster Gded792457511e862 for We4936d4057368143: SUCCESS
11-19 17:14:28.517 E/QMI_FW  ( 1113): qmi_cci_get_ref: ref count increased 2
11-19 17:14:28.519 D/WifiConfigStore( 1194): Writing to stores completed in 22 ms.
11-19 17:14:28.519 E/QMI_FW  ( 1113): qmi_cci_get_ref: ref count increased 2
11-19 17:14:28.522 I/chatty  ( 1113): uid=1001(radio) main identical 2 lines
11-19 17:14:28.524 E/QMI_FW  ( 1113): qmi_cci_get_ref: ref count increased 2
11-19 17:14:28.526 E/WifiClientModeImpl( 1194): getScanResults scanRes.BSSID = 6c:cd:d6:25:63:2a
11-19 17:14:28.527 I/WifiClientModeImpl( 1194): Current network: "MTBF_Lab"WPA_PSK
11-19 17:14:28.527 E/QMI_FW  ( 1113): qmi_cci_get_ref: ref count increased 2
11-19 17:14:28.529 I/SupplicantStaIfaceHal( 1194): cleared linked networks
11-19 17:14:28.531 I/Nat464Xlat( 1194): Android Xlat is disabled
11-19 17:14:28.532 E/QMI_FW  ( 1113): qmi_cci_get_ref: ref count increased 2
11-19 17:14:28.532 D/QCNEJ/WlanStaInfoRelay( 1900): Received action: android.net.wifi.LINK_CONFIGURATION_CHANGED
11-19 17:14:28.532 E/QCNEJ/WlanStaInfoRelay( 1900): update link properties given null lp
11-19 17:14:28.535 E/QMI_FW  ( 1113): qmi_cci_get_ref: ref count increased 2
11-19 17:14:28.538 E/QMI_FW  ( 1113): qmi_cci_get_ref: ref count increased 2
11-19 17:14:28.554 I/chatty  ( 1113): uid=1001(radio) main identical 6 lines
11-19 17:14:28.555 E/QMI_FW  ( 1113): qmi_cci_get_ref: ref count increased 2
11-19 17:14:28.620 D/QCNEJ/NativeHalConnector( 1900): -> SND notifyWifiAvailable(v4Connected = truev6Connected = , false, isAndroidValidated = true)
11-19 17:14:29.587 W/HWComposer(  577): Ignoring duplicate VSYNC event from HWC for display 0 (t=5215850216291)
11-19 17:14:29.603 W/HWComposer(  577): Ignoring duplicate VSYNC event from HWC for display 0 (t=5215867130666)
11-19 17:14:29.934 E/QMI_FW  ( 1113): qmi_cci_get_ref: ref count increased 2
11-19 17:14:29.936 E/QMI_FW  ( 1113): qmi_cci_get_ref: ref count increased 2
11-19 17:14:29.946 I/WearableConnectivityManager( 2581): LTE Signal strength is: 1
11-19 17:14:29.946 I/WearableConnectivityManager( 2581): Cellular Signal strength is: 1
11-19 17:14:29.947 D/RadioLinkQualityScoreBuilder( 1975): scoreRsrp: 2scoreRsrq: 3scoreRssnr: 3
11-19 17:14:30.678 D/QCNEJ/WlanStaInfoRelay( 1900): Received action: android.net.wifi.RSSI_CHANGED
11-19 17:14:30.680 D/WearableConnectivityManager( 2581): onWifiStrengthChange: -36
11-19 17:14:30.680 V/LigerRadioStatsReporter( 2384): onCapabilitiesChanged: Network capabilities changed
11-19 17:14:30.680 D/NetworkManager( 5883): ConnectivityManager.NetworkCallback#onCapabilitiesChanged()
11-19 17:14:30.681 V/LigerRadioStatsReporter( 2384): reportAndCheckpointRadioStats
11-19 17:14:30.681 D/NetworkManager( 5883): connected: true
11-19 17:14:30.681 V/LigerRadioStatsReporter( 2384): +++++++++++ RADIO STATS DUMP +++++++++++
11-19 17:14:30.681 V/LigerRadioStatsReporter( 2384): totalActiveRadioTimeMs=0
11-19 17:14:30.681 V/LigerRadioStatsReporter( 5921): onCapabilitiesChanged: Network capabilities changed
11-19 17:14:30.681 V/LigerRadioStatsReporter( 2384): totalTailRadioTimeMs=13995
11-19 17:14:30.681 V/LigerRadioStatsReporter( 5921): reportAndCheckpointRadioStats
11-19 17:14:30.681 V/LigerRadioStatsReporter( 2384): totalWakeupCount=0
11-19 17:14:30.682 V/LigerRadioStatsReporter( 2384): httpUpBytes=0
11-19 17:14:30.682 V/LigerRadioStatsReporter( 2384): httpDownBytes=0
11-19 17:14:30.682 V/LigerRadioStatsReporter( 2384): httpWakeupCount=0
11-19 17:14:30.682 V/LigerRadioStatsReporter( 5921): +++++++++++ RADIO STATS DUMP +++++++++++
11-19 17:14:30.683 V/LigerRadioStatsReporter( 2384): httpRequestCount=0
11-19 17:14:30.683 V/LigerRadioStatsReporter( 2384): httpActiveRadioTimeMs=0
11-19 17:14:30.683 V/LigerRadioStatsReporter( 2384): httpTailRadioTimeMs=13995
11-19 17:14:30.683 V/LigerRadioStatsReporter( 2384): reportAndCheckpointRadioStats: Tx=0
11-19 17:14:30.683 V/LigerRadioStatsReporter( 2384): reportAndCheckpointRadioStats: Rx=0
11-19 17:14:30.683 V/LigerRadioStatsReporter( 2384): reportAndCheckpointRadioStats: Uids=10028
11-19 17:14:30.683 V/LigerRadioStatsReporter( 2384): reportAndCheckpointRadioStats: Tags=null
11-19 17:14:30.684 V/LigerRadioStatsReporter( 5921): totalActiveRadioTimeMs=0
11-19 17:14:30.684 V/LigerRadioStatsReporter( 5921): totalTailRadioTimeMs=13999
11-19 17:14:30.684 V/LigerRadioStatsReporter( 5921): totalWakeupCount=0
11-19 17:14:30.684 V/LigerRadioStatsReporter( 5921): httpUpBytes=0
11-19 17:14:30.684 V/LigerRadioStatsReporter( 5921): httpDownBytes=0
11-19 17:14:30.684 V/LigerRadioStatsReporter( 5921): httpWakeupCount=0
11-19 17:14:30.684 V/LigerRadioStatsReporter( 5921): httpRequestCount=0
11-19 17:14:30.684 V/LigerRadioStatsReporter( 5921): httpActiveRadioTimeMs=0
11-19 17:14:30.684 V/LigerRadioStatsReporter( 5921): httpTailRadioTimeMs=13999
11-19 17:14:30.684 V/LigerRadioStatsReporter( 5921): reportAndCheckpointRadioStats: Tx=0
11-19 17:14:30.684 V/LigerRadioStatsReporter( 5921): reportAndCheckpointRadioStats: Rx=0
11-19 17:14:30.685 V/LigerRadioStatsReporter( 5921): reportAndCheckpointRadioStats: Uids=10068
11-19 17:14:30.685 V/LigerRadioStatsReporter( 5921): reportAndCheckpointRadioStats: Tags=null
11-19 17:14:30.686 D/NetworkManager( 5921): ConnectivityManager.NetworkCallback#onCapabilitiesChanged()
11-19 17:14:30.687 D/NetworkManager( 5921): connected: true
11-19 17:14:28.531 I/Nat464Xlat( 1194): Android Xlat is disabled
11-19 17:14:32.168 D/commandrouter( 1117): rtc_sync (1, rtc:sync): <ServiceRequest> FORWARDED (remote -> local) service client ID = 0, token ID = 33285
11-19 17:14:32.168 D/vendor.facebook.rtc_sync@1.0-service( 1129): Request req_ts=1637342072167438543 resp_ts=1637342072168741768
11-19 17:14:32.169 D/commandrouter( 1117): SocServiceHandle::onServiceMessage, SoC Service = rtc_sync, appType = 1, type = SVC_RESP, clientId = 0, token = 33285, payloadLen = 8, result = 0, payload.size() = 8
11-19 17:14:34.139 E/QMI_FW  ( 1113): qmi_cci_get_ref: ref count increased 2
11-19 17:14:34.139 E/QMI_FW  ( 1113): qmi_cci_get_ref: ref count increased 2
11-19 17:14:34.139 E/QMI_FW  ( 1113): qmi_cci_get_ref: ref count increased 2
11-19 17:14:37.126 D/mcu_health_checker( 1118): Sent MCU Health Request
11-19 17:14:37.126 D/commandrouter( 1117): SocServiceHandle::onServiceMessage, SoC Service = mcu_healthcheck_1118, appType = 1, type = SVC_REQ, clientId = 0, token = 172, payloadLen = 12, result = 0, payload.size() = 12
11-19 17:14:37.131 D/commandrouter( 1117): mcu_healthcheck_1118 (1, merlot:mcu_health:control): <ServiceResponse> FORWARDED (remote -> local) CR token ID = 172, service client ID = 40, token ID = 596, result = 0
11-19 17:14:37.132 D/mcu_health_checker( 1118): MCU Health Response: MCU_OK
11-19 17:14:37.132 D/mcu_health_checker( 1118): MCU Session 0, uptime = 5187611 ms
11-19 17:14:37.132 D/mculinkhealth( 1118): isMcuReachable 1 (6 ms)
11-19 17:14:39.676 E/QMI_FW  ( 1113): qmi_cci_get_ref: ref count increased 2
11-19 17:14:39.678 E/QMI_FW  ( 1113): qmi_cci_get_ref: ref count increased 2
11-19 17:14:39.689 I/WearableConnectivityManager( 2581): LTE Signal strength is: 1
11-19 17:14:39.689 I/WearableConnectivityManager( 2581): Cellular Signal strength is: 1
11-19 17:14:39.690 D/RadioLinkQualityScoreBuilder( 1975): scoreRsrp: 2scoreRsrq: 2scoreRssnr: 2
11-19 17:14:42.168 D/commandrouter( 1117): rtc_sync (1, rtc:sync): <ServiceRequest> FORWARDED (remote -> local) service client ID = 0, token ID = 33286
11-19 17:14:42.168 D/vendor.facebook.rtc_sync@1.0-service( 1129): Request req_ts=1637342082163741768 resp_ts=1637342082168592702
11-19 17:14:42.169 D/commandrouter( 1117): SocServiceHandle::onServiceMessage, SoC Service = rtc_sync, appType = 1, type = SVC_RESP, clientId = 0, token = 33286, payloadLen = 8, result = 0, payload.size() = 8
11-19 17:14:45.922 D/WifiNative( 1194): Scan trigered from WifiNative
11-19 17:14:45.924 I/chatty  ( 1024): uid=1021(gps) lowi-server expire 189 lines
11-19 17:14:45.924 V/WifiHAL (  539): event received NL80211_CMD_TRIGGER_SCAN
11-19 17:14:46.086 D/WifiNl80211Manager( 1194): Scan result ready event
11-19 17:14:46.086 D/WifiNative( 1194): Scan result ready event
11-19 17:14:46.094 V/WifiHAL (  539): event received NL80211_CMD_NEW_SCAN_RESULTS
11-19 17:14:46.097 D/WificondScannerImpl( 1194): Filtering out 15 scan results.
11-19 17:14:46.103 I/chatty  ( 1024): uid=1021(gps) lowi-server expire 7 lines
11-19 17:14:47.315 D/UIAutomatorStub( 6249): URI: /jsonrpc/0, Method: POST, Header: {content-length=102, remote-addr=127.0.0.1, http-client-ip=127.0.0.1, host=localhost:9010, content-type=application/json, accept-encoding=identity}, params, {NanoHttpd.QUERY_STRING=null}, files: {postData={"jsonrpc": "2.0", "method": "pressKey", "id": "fc5e3e86e8e2ff91126e1a2789021476", "params": ["back"]}}
11-19 17:14:47.337 D/AutofillManagerService( 1194): onBackKeyPressed()
11-19 17:14:47.365 E/QMI_FW  ( 1113): qmi_cci_get_ref: ref count increased 2
11-19 17:14:47.367 E/QMI_FW  ( 1113): qmi_cci_get_ref: ref count increased 2
11-19 17:14:47.382 D/UIAutomatorStub( 6249): URI: /jsonrpc/0, Method: POST, Header: {content-length=102, remote-addr=127.0.0.1, http-client-ip=127.0.0.1, host=localhost:9010, content-type=application/json, accept-encoding=identity}, params, {NanoHttpd.QUERY_STRING=null}, files: {postData={"jsonrpc": "2.0", "method": "pressKey", "id": "8a92cb16d937b35803a024d6f7262465", "params": ["back"]}}
11-19 17:14:47.382 I/WearableConnectivityManager( 2581): LTE Signal strength is: 1
11-19 17:14:47.383 I/WearableConnectivityManager( 2581): Cellular Signal strength is: 1
11-19 17:14:47.384 D/RadioLinkQualityScoreBuilder( 1975): scoreRsrp: 2scoreRsrq: 3scoreRssnr: 4
11-19 17:14:47.412 W/HWComposer(  577): Ignoring duplicate VSYNC event from HWC for display 0 (t=5233676007742)
11-19 17:14:47.914 D/UIAutomatorStub( 6249): URI: /jsonrpc/0, Method: POST, Header: {content-length=102, remote-addr=127.0.0.1, http-client-ip=127.0.0.1, host=localhost:9010, content-type=application/json, accept-encoding=identity}, params, {NanoHttpd.QUERY_STRING=null}, files: {postData={"jsonrpc": "2.0", "method": "pressKey", "id": "58b8214cee4f90af1ba698bfcc30fff0", "params": ["back"]}}
11-19 17:14:48.404 D/ActivityTrigger( 1194): ActivityTrigger activityPauseTrigger 
11-19 17:14:48.430 E/ANDR-PERF-JNI( 1194): UXEngine Trigger - Returning null
