11-20 00:22:56.323 D/LOWI-9.0.0.80( 1024): [LOWI-Scan] BSS 2c:57:41:86:8a:a1 (wlan0) ASSO: NO AddInfo: 0x0, TSF 0, 08:35:22.550, RSSI: -134, CPL: 3, AGE: 20,  SSID kittyhawk, TSFDelta: 0x0, TXRate: 0
11-20 00:22:56.323 D/LOWI-9.0.0.80( 1024): [LOWI-Scan] 
11-20 00:22:56.323 D/LOWI-9.0.0.80( 1024): [LOWI-Scan] print_bss_handler: Report Probe TSF 30922550546 as it greater than Beacon TSF 30893923686
11-20 00:22:56.323 I/LOWI-9.0.0.80( 1024): [LOWI-Scan] RSN_IE
11-20 00:22:56.323 D/LOWI-9.0.0.80( 1024): [LOWI-Scan] decode_rsn_wpa_ie: Entered
11-20 00:22:56.323 D/LOWI-9.0.0.80( 1024): [LOWIUtils] hexDump: msg(30 14 01 00 00 0f ac 04 01 00 00 0f ac 04 01 00 00 0f ac 02 )
11-20 00:22:56.323 D/LOWI-9.0.0.80( 1024): [LOWI-Scan] decode_rsn_wpa_ie: LOWI_ENCRYPTION_TYPE_WPA_PSK
11-20 00:22:56.323 D/LOWI-9.0.0.80( 1024): [LOWI-Scan] is_qcom_ie, bss_age: 51
11-20 00:22:56.324 D/LOWI-9.0.0.80( 1024): [LOWI-Scan] BSS 2c:57:41:88:72:e1 LOWI_PHY_MODE_11NG_HT20(5), Beacon Interval: 100, LOWI_ENCRYPTION_TYPE_WPA_PSK 11mcRanging: No, ANQP: No, LCI: No, Civic: No, capability(0x1411): ESS Privacy ShortSlotTime
11-20 00:22:56.324 D/LOWI-9.0.0.80( 1024): [LOWI-Scan] BSS 2c:57:41:88:72:e1 FREQ: 2412, cFreq1[40:80:160] = [0:0:0] cFreq2 = 0 Country Code = US
11-20 00:22:56.324 D/LOWI-9.0.0.80( 1024): [LOWI-Scan] BSS 2c:57:41:88:72:e1 (wlan0) ASSO: NO AddInfo: 0x0, TSF 0, 08:35:22.550, RSSI: -150, CPL: 3, AGE: 20,  SSID kittyhawk, TSFDelta: 0x0, TXRate: 0
11-20 00:22:56.324 D/LOWI-9.0.0.80( 1024): [LOWI-Scan] 
11-20 00:22:56.324 D/LOWI-9.0.0.80( 1024): [LOWI-Scan] print_bss_handler: Report Probe TSF 30922550528 as it greater than Beacon TSF 30893923583
11-20 00:22:56.324 I/LOWI-9.0.0.80( 1024): [LOWI-Scan] RSN_IE
11-20 00:22:56.324 D/LOWI-9.0.0.80( 1024): [LOWI-Scan] decode_rsn_wpa_ie: Entered
11-20 00:22:56.324 D/LOWI-9.0.0.80( 1024): [LOWIUtils] hexDump: msg(30 14 01 00 00 0f ac 04 01 00 00 0f ac 04 01 00 00 0f ac 02 )
11-20 00:22:56.324 D/LOWI-9.0.0.80( 1024): [LOWI-Scan] decode_rsn_wpa_ie: LOWI_ENCRYPTION_TYPE_WPA_PSK
11-20 00:22:56.324 D/LOWI-9.0.0.80( 1024): [LOWI-Scan] is_qcom_ie, bss_age: 51
11-20 00:22:56.324 D/LOWI-9.0.0.80( 1024): [LOWI-Scan] BSS 18:64:72:60:2b:40 LOWI_PHY_MODE_11NG_HT20(5), Beacon Interval: 100, LOWI_ENCRYPTION_TYPE_WPA_PSK 11mcRanging: No, ANQP: No, LCI: No, Civic: No, capability(0x0431): ESS Privacy ShortPreamble ShortSlotTime
11-20 00:22:56.324 D/LOWI-9.0.0.80( 1024): [LOWI-Scan] BSS 18:64:72:60:2b:40 FREQ: 2412, cFreq1[40:80:160] = [0:0:0] cFreq2 = 0 Country Code =    
11-20 00:22:56.324 D/LOWI-9.0.0.80( 1024): [LOWI-Scan] BSS 18:64:72:60:2b:40 (wlan0) ASSO: NO AddInfo: 0x0, TSF 0, 08:35:22.550, RSSI: -142, CPL: 127, AGE: 20,  SSID lab-t24103779, TSFDelta: 0x0, TXRate: 0
11-20 00:22:56.325 D/LOWI-9.0.0.80( 1024): [LOWI-Scan] 
11-20 00:22:56.325 D/LOWI-9.0.0.80( 1024): [LOWI-Scan] print_bss_handler: Report Probe TSF 30922550342 as it greater than Beacon TSF 0
11-20 00:22:56.325 I/LOWI-9.0.0.80( 1024): [LOWI-Scan] RSN_IE
11-20 00:22:56.325 D/LOWI-9.0.0.80( 1024): [LOWI-Scan] decode_rsn_wpa_ie: Entered
11-20 00:22:56.325 D/LOWI-9.0.0.80( 1024): [LOWIUtils] hexDump: msg(30 14 01 00 00 0f ac 04 01 00 00 0f ac 04 01 00 00 0f ac 02 )
11-20 00:22:56.325 D/LOWI-9.0.0.80( 1024): [LOWI-Scan] decode_rsn_wpa_ie: LOWI_ENCRYPTION_TYPE_WPA_PSK
11-20 00:22:56.325 D/LOWI-9.0.0.80( 1024): [LOWI-Scan] is_qcom_ie, bss_age: 46
11-20 00:22:56.325 D/LOWI-9.0.0.80( 1024): [LOWI-Scan] BSS 52:b8:14:37:74:3f LOWI_PHY_MODE_11AC_VHT20_2G(11), Beacon Interval: 100, LOWI_ENCRYPTION_TYPE_WPA_PSK 11mcRanging: No, ANQP: No, LCI: No, Civic: No, capability(0x1431): ESS Privacy ShortPreamble ShortSlotTime
11-20 00:22:56.325 D/LOWI-9.0.0.80( 1024): [LOWI-Scan] BSS 52:b8:14:37:74:3f FREQ: 2417, cFreq1[40:80:160] = [0:0:0] cFreq2 = 0 Country Code =    
11-20 00:22:56.325 D/LOWI-9.0.0.80( 1024): [LOWI-Scan] BSS 52:b8:14:37:74:3f (wlan0) ASSO: NO AddInfo: 0x0, TSF 0, 08:35:22.550, RSSI: -104, CPL: 127, AGE: 20,  SSID Pixel_8668, TSFDelta: 0x0, TXRate: 0
11-20 00:22:56.325 D/LOWI-9.0.0.80( 1024): [LOWI-Scan] 
11-20 00:22:56.325 D/LOWI-9.0.0.80( 1024): [LOWI-Scan] print_bss_handler: Report Probe TSF 30893923729 as it greater than Beacon TSF 0
11-20 00:22:56.325 I/LOWI-9.0.0.80( 1024): [LOWI-Scan] RSN_IE
11-20 00:22:56.325 D/LOWI-9.0.0.80( 1024): [LOWI-Scan] decode_rsn_wpa_ie: Entered
11-20 00:22:56.326 D/LOWI-9.0.0.80( 1024): [LOWIUtils] hexDump: msg(30 14 01 00 00 0f ac 04 01 00 00 0f ac 04 01 00 00 0f ac 02 )
11-20 00:22:56.326 D/LOWI-9.0.0.80( 1024): [LOWI-Scan] decode_rsn_wpa_ie: LOWI_ENCRYPTION_TYPE_WPA_PSK
11-20 00:22:56.326 D/LOWI-9.0.0.80( 1024): [LOWI-Scan] is_qcom_ie, bss_age: 58
11-20 00:22:56.326 D/LOWI-9.0.0.80( 1024): [LOWI-Scan] adjust_age:AP AGE upper limit reached. Dont store
11-20 00:22:56.326 D/LOWI-9.0.0.80( 1024): [LOWI-Scan] BSS 2c:57:41:89:53:21 LOWI_PHY_MODE_11NG_HT20(5), Beacon Interval: 100, LOWI_ENCRYPTION_TYPE_WPA_PSK 11mcRanging: No, ANQP: No, LCI: No, Civic: No, capability(0x1411): ESS Privacy ShortSlotTime
11-20 00:22:56.326 D/LOWI-9.0.0.80( 1024): [LOWI-Scan] BSS 2c:57:41:89:53:21 FREQ: 2412, cFreq1[40:80:160] = [0:0:0] cFreq2 = 0 Country Code = US
11-20 00:22:56.326 D/LOWI-9.0.0.80( 1024): [LOWI-Scan] BSS 2c:57:41:89:53:21 (wlan0) ASSO: NO AddInfo: 0x0, TSF 0, 08:34:53.923, RSSI: -160, CPL: 3, AGE: 28650,  SSID kittyhawk, TSFDelta: 0x0, TXRate: 0
11-20 00:22:56.327 D/WificondScannerImpl( 1194): Filtering out 1 scan results.
11-20 00:22:56.334 D/LOWI-9.0.0.80( 1024): [LOWI-Scan] 
11-20 00:22:56.334 D/LOWI-9.0.0.80( 1024): [LOWI-Scan] print_bss_handler: Report Probe TSF 30922550607 as it greater than Beacon TSF 0
11-20 00:22:56.334 I/LOWI-9.0.0.80( 1024): [LOWI-Scan] RSN_IE
11-20 00:22:56.335 D/LOWI-9.0.0.80( 1024): [LOWI-Scan] decode_rsn_wpa_ie: Entered
11-20 00:22:56.335 D/LOWI-9.0.0.80( 1024): [LOWIUtils] hexDump: msg(30 14 01 00 00 0f ac 04 01 00 00 0f ac 04 01 00 00 0f ac 02 )
11-20 00:22:56.335 D/LOWI-9.0.0.80( 1024): [LOWI-Scan] decode_rsn_wpa_ie: LOWI_ENCRYPTION_TYPE_WPA_PSK
11-20 00:22:56.335 D/LOWI-9.0.0.80( 1024): [LOWI-Scan] is_qcom_ie, bss_age: 51
11-20 00:22:56.335 D/LOWI-9.0.0.80( 1024): [LOWI-Scan] BSS 2c:57:41:86:7a:61 LOWI_PHY_MODE_11NG_HT20(5), Beacon Interval: 100, LOWI_ENCRYPTION_TYPE_WPA_PSK 11mcRanging: No, ANQP: No, LCI: No, Civic: No, capability(0x1411): ESS Privacy ShortSlotTime
11-20 00:22:56.335 D/LOWI-9.0.0.80( 1024): [LOWI-Scan] BSS 2c:57:41:86:7a:61 FREQ: 2412, cFreq1[40:80:160] = [0:0:0] cFreq2 = 0 Country Code = US
11-20 00:22:56.335 D/LOWI-9.0.0.80( 1024): [LOWI-Scan] BSS 2c:57:41:86:7a:61 (wlan0) ASSO: NO AddInfo: 0x0, TSF 0, 08:35:22.550, RSSI: -158, CPL: 3, AGE: 20,  SSID kittyhawk, TSFDelta: 0x0, TXRate: 0
11-20 00:22:56.335 D/LOWI-9.0.0.80( 1024): [LOWI-Scan] 
11-20 00:22:56.336 D/LOWI-9.0.0.80( 1024): [LOWI-Scan] print_bss_handler: Report Probe TSF 30922550567 as it greater than Beacon TSF 0
11-20 00:22:56.336 I/LOWI-9.0.0.80( 1024): [LOWI-Scan] RSN_IE
11-20 00:22:56.336 D/LOWI-9.0.0.80( 1024): [LOWI-Scan] decode_rsn_wpa_ie: Entered
11-20 00:22:56.336 D/LOWI-9.0.0.80( 1024): [LOWIUtils] hexDump: msg(30 14 01 00 00 0f ac 04 01 00 00 0f ac 04 01 00 00 0f ac 02 )
11-20 00:22:56.336 D/LOWI-9.0.0.80( 1024): [LOWI-Scan] decode_rsn_wpa_ie: LOWI_ENCRYPTION_TYPE_WPA_PSK
11-20 00:22:56.336 D/LOWI-9.0.0.80( 1024): [LOWI-Scan] is_qcom_ie, bss_age: 8
11-20 00:22:56.336 D/LOWI-9.0.0.80( 1024): [LOWI-Scan] BSS 2c:57:41:86:85:21 LOWI_PHY_MODE_11NG_HT20(5), Beacon Interval: 100, LOWI_ENCRYPTION_TYPE_WPA_PSK 11mcRanging: No, ANQP: No, LCI: No, Civic: No, capability(0x1411): ESS Privacy ShortSlotTime
11-20 00:22:56.336 D/LOWI-9.0.0.80( 1024): [LOWI-Scan] BSS 2c:57:41:86:85:21 FREQ: 2462, cFreq1[40:80:160] = [0:0:0] cFreq2 = 0 Country Code = US
11-20 00:22:56.336 D/LOWI-9.0.0.80( 1024): [LOWI-Scan] BSS 2c:57:41:86:85:21 (wlan0) ASSO: NO AddInfo: 0x0, TSF 0, 08:35:22.550, RSSI: -160, CPL: 2, AGE: 20,  SSID kittyhawk, TSFDelta: 0x0, TXRate: 0
11-20 00:22:56.337 D/LOWI-9.0.0.80( 1024): [LOWIDiagLog] Log: lowiMeasResult->request: invalid null argument
11-20 00:22:56.337 I/LOWI-9.0.0.80( 1024): [LOWI-Scan] lowi_close_record:Scan done in 30878820ms, 18 APs in scan results
11-20 00:22:56.337 D/LOWI-9.0.0.80( 1024): [LOWI-Scan] WipsScanUsingNL: passive scan cached 0, took 9187 ms, err 0
11-20 00:22:56.337 D/LOWI-9.0.0.80( 1024): [LOWI-Scan] lowi_proc_req_passive_scan_with_live_meas - No WLAN Frames to be parsed
11-20 00:22:56.337 D/LOWI-9.0.0.80( 1024): [LOWIScanResultReceiver] Send scan meas to listener
11-20 00:22:56.337 D/PasspointManager( 1194): ANQP entry not found for: c6:82:9b:4e:b3:9e:<Pixel_R6>
11-20 00:22:56.337 D/LOWI-9.0.0.80( 1024): [LOWIScanResultReceiver] Enter passive listening mode
11-20 00:22:56.337 D/LOWI-9.0.0.80( 1024): [LOWIWifiDriverInterface] getMeasurements - Passive listening mode
11-20 00:22:56.337 D/LOWI-9.0.0.80( 1024): [LOWI-Scan] WipsScanUsingNL:wait -1 sec for netlink message
11-20 00:22:56.337 D/PasspointManager( 1194): ANQP entry not found for: 5e:6e:be:46:77:d7:<Pixel_R3>
11-20 00:22:56.337 D/LOWI-9.0.0.80( 1024): [LOWIEventReceiver] handleEvent:FROM:NA, TO:NA, REQ:NA, IREQ:NA, REQ_ID:0, RESP:NA, INFO:NA
11-20 00:22:56.337 D/PasspointManager( 1194): ANQP entry not found for: ce:dc:12:3b:87:fd:<Pixel5_R1>
11-20 00:22:56.337 D/LOWI-9.0.0.80( 1024): [LOWIBackgroundScanMgr] isRspForBgScanMgr: evt(LOWI_NO_EVT) - not handled
11-20 00:22:56.337 D/LOWI-9.0.0.80( 1024): [LOWIScheduler] manageMsg: NULL results or NULL request in results
11-20 00:22:56.337 D/LOWI-9.0.0.80( 1024): [LOWIController] Measurements received
11-20 00:22:56.337 D/LOWI-9.0.0.80( 1024): [LOWICacheManager] putInCache:Num of Meas to add: 18
11-20 00:22:56.337 D/PasspointManager( 1194): ANQP entry not found for: fe:2d:5a:49:61:eb:<Pixel_R2>
11-20 00:22:56.337 D/PasspointManager( 1194): ANQP entry not found for: 12:d7:96:61:85:9f:<Pixel_R5>
11-20 00:22:56.338 D/LOWI-9.0.0.80( 1024): [LOWIController] processMeasurementResults: No current Request. Cache measurements
11-20 00:22:56.338 D/LOWI-9.0.0.80( 1024): [LOWIControllerExtn] sendLOWILpDiscoveryScanResponse: Not a discovery scan response
11-20 00:22:56.390 D/WifiSharingService( 2841): Sending scanResults intent with status code 0: PendingIntent{d3690aa: android.os.BinderProxy@a8f8933}
11-20 00:22:56.395 D/CompatibilityInfo( 1194): mCompatibilityFlags - 4
11-20 00:22:56.396 D/CompatibilityInfo( 1194): applicationDensity - 320
11-20 00:22:56.396 D/CompatibilityInfo( 1194): applicationScale - 1.0
11-20 00:22:57.349 W/HWComposer(  577): Ignoring duplicate VSYNC event from HWC for display 0 (t=30923612440182)
11-20 00:22:58.193 W/HWComposer(  577): Ignoring duplicate VSYNC event from HWC for display 0 (t=30924456463619)
11-20 00:22:58.261 W/HWComposer(  577): Ignoring duplicate VSYNC event from HWC for display 0 (t=30924523969609)
11-20 00:22:58.678 D/UIAutomatorStub( 6249): URI: /jsonrpc/0, Method: POST, Header: {content-length=229, remote-addr=127.0.0.1, http-client-ip=127.0.0.1, host=localhost:9010, content-type=application/json, accept-encoding=identity}, params, {NanoHttpd.QUERY_STRING=null}, files: {postData={"jsonrpc": "2.0", "method": "objInfo", "id": "287752317c630333c454dee4cf5c6285", "params": [{"mask": 2097152, "childOrSibling": [], "childOrSiblingSelector": [], "resourceId": "com.facebook.wearable.system.settings:id/toggle"}]}}
11-20 00:22:58.763 D/UIAutomatorStub( 6249): URI: /jsonrpc/0, Method: POST, Header: {content-length=227, remote-addr=127.0.0.1, http-client-ip=127.0.0.1, host=localhost:9010, content-type=application/json, accept-encoding=identity}, params, {NanoHttpd.QUERY_STRING=null}, files: {postData={"jsonrpc": "2.0", "method": "click", "id": "67cac6735e1a2eff93f19a3f58fb7457", "params": [{"mask": 2097152, "childOrSibling": [], "childOrSiblingSelector": [], "resourceId": "com.facebook.wearable.system.settings:id/toggle"}]}}
11-20 00:22:58.814 D/WifiSharingService( 2841): Setting Wi-Fi enabled state
11-20 00:22:58.815 I/WifiService( 1194): setWifiEnabled package=com.facebook.wearable.system.connectivity uid=1000 enable=false
11-20 00:22:58.817 D/QCNEJ/WlanStaInfoRelay( 1900): onChange for uri = content://settings/global/wifi_on
11-20 00:22:58.819 D/WifiActiveModeWarden( 1194): Switching all client mode managers
11-20 00:22:58.823 D/WifiP2pService( 1194): Wifi enabled=false, P2P Interface availability=true
11-20 00:22:58.824 E/QMI_FW  (  927): qmi_cci_get_ref: ref count increased 2
11-20 00:22:58.824 D/WifiP2pNative( 1194): Teardown P2P interface
11-20 00:22:58.829 D/WifiP2pService( 1194): Wifi enabled=false, P2P Interface availability=true
11-20 00:22:58.832 W/ContextImpl( 1194): Calling a method in the system process without a qualified user: android.app.ContextImpl.sendBroadcastMultiplePermissions:1143 android.content.Context.sendBroadcastWithMultiplePermissions:2150 com.android.server.display.WifiDisplayAdapter.handleSendStatusChangeBroadcast:440 com.android.server.display.WifiDisplayAdapter.access$1700:63 com.android.server.display.WifiDisplayAdapter$WifiDisplayHandler.handleMessage:675 
11-20 00:22:58.835 D/WifiClientModeManager1( 1194): IMS not registered over IWLAN for subId: 1
11-20 00:22:58.836 D/WifiClientModeManager1( 1194): The target role 5
11-20 00:22:58.851 W/HWComposer(  577): Ignoring duplicate VSYNC event from HWC for display 0 (t=30925114845442)
11-20 00:22:58.859 I/android_os_HwBinder( 1194): HwBinder: Starting thread pool for getting: android.hardware.wifi.supplicant@1.0::ISupplicant/default
11-20 00:22:58.868 I/wpa_supplicant(20427): wlan0: Do not deauthenticate as part of interface deinit since WoWLAN is enabled
11-20 00:22:58.885 W/HWComposer(  577): Ignoring duplicate VSYNC event from HWC for display 0 (t=30925148666796)
11-20 00:22:58.916 I/wpa_supplicant(20427): Try to unregister vendor STA network
11-20 00:22:58.928 E/wpa_supplicant(20427): eap_proxy: pthread_join on eap_proxy=0x476deac
11-20 00:22:58.928 E/wpa_supplicant(20427): eap_proxy: session not started for client = 1
11-20 00:22:58.928 E/QMI_FW  (20427): qmi_cci_get_ref: ref count increased 2
11-20 00:22:58.929 E/QMI_FW  (20427): qmi_cci_get_ref: ref count increased 2
11-20 00:22:58.929 E/wpa_supplicant(20427): eap_proxy: Released QMI UIM service client
11-20 00:22:58.929 E/QMI_FW  (20427): qmi_cci_get_ref: ref count increased 2
11-20 00:22:58.929 E/QMI_FW  (20427): qmi_cci_get_ref: ref count increased 2
11-20 00:22:58.930 E/wpa_supplicant(20427): eap_proxy: Released QMI EAP service client
11-20 00:22:58.930 E/wpa_supplicant(20427): eap_proxy: session not started for client = 2
11-20 00:22:58.930 E/QMI_FW  (20427): qmi_cci_get_ref: ref count increased 2
11-20 00:22:58.930 E/QMI_FW  (20427): qmi_cci_get_ref: ref count increased 2
11-20 00:22:58.930 E/wpa_supplicant(20427): eap_proxy: Released QMI UIM service client
11-20 00:22:58.930 E/QMI_FW  (20427): qmi_cci_get_ref: ref count increased 2
11-20 00:22:58.930 E/QMI_FW  (20427): qmi_cci_get_ref: ref count increased 2
11-20 00:22:58.931 E/wpa_supplicant(20427): eap_proxy: Released QMI EAP service client
11-20 00:22:58.931 I/wpa_supplicant(20427): eap_proxy: eap_proxy Deinitialzed
11-20 00:22:58.978 I/wpa_supplicant(20427): nl80211: deinit ifname=wlan0 disabled_11b_rates=0
11-20 00:22:59.018 D/LOWI-9.0.0.80( 1024): [LOWINetlinkSocketReceiver] unpackRTMLinkMessage: RTM_NEWLINK - ifname wlan0, flags 0x11043 ([UP][RUNNING])
11-20 00:22:59.018 D/LOWI-9.0.0.80( 1024): [LOWINetlinkSocketReceiver] processNetlinkPacket: ifname(wlan0) status(2)
11-20 00:22:59.018 D/LOWI-9.0.0.80( 1024): [LOWIController] intfStateReceived: ifname(wlan0) state(2)
11-20 00:22:59.018 D/LOWI-9.0.0.80( 1024): [LOWIEventReceiver] handleEvent:FROM:NA, TO:NA, REQ:NA, IREQ:NA, REQ_ID:0, RESP:NA, INFO:INTF-STATUS-UPDATE
11-20 00:22:59.018 D/LOWI-9.0.0.80( 1024): [LOWIEventReceiver] Info to [INTF-STATUS-UPDATE]
11-20 00:22:59.018 D/LOWI-9.0.0.80( 1024): [LOWIController] updateIntfState: WIFI enabled 2 mNlWifiStatus 2 mWifiStateEnabled 1
11-20 00:22:59.018 D/LOWI-9.0.0.80( 1024): [LOWIController] isWifiEnabled: mNlWifiStatus 2 mWifiStateEnabled 1
11-20 00:22:59.019 I/wpa_supplicant(20427): Try to unregister vendor interface
11-20 00:22:59.034 I/SupplicantStaIfaceHal( 1194): Terminating supplicant using HIDL
11-20 00:22:59.036 I/wpa_supplicant(20427): p2p0: Do not deauthenticate as part of interface deinit since WoWLAN is enabled
11-20 00:22:59.067 E/wpa_supplicant(20427): eap_proxy: pthread_join on eap_proxy=0x476dfa8
11-20 00:22:59.067 E/wpa_supplicant(20427): eap_proxy: session not started for client = 1
11-20 00:22:59.067 E/QMI_FW  (20427): qmi_cci_get_ref: ref count increased 2
11-20 00:22:59.067 E/QMI_FW  (20427): qmi_cci_get_ref: ref count increased 2
11-20 00:22:59.067 E/wpa_supplicant(20427): eap_proxy: Released QMI UIM service client
11-20 00:22:59.067 E/QMI_FW  (20427): qmi_cci_get_ref: ref count increased 2
11-20 00:22:59.067 E/QMI_FW  (20427): qmi_cci_get_ref: ref count increased 2
11-20 00:22:59.068 E/wpa_supplicant(20427): eap_proxy: Released QMI EAP service client
11-20 00:22:59.068 E/wpa_supplicant(20427): eap_proxy: session not started for client = 2
11-20 00:22:59.068 E/QMI_FW  (20427): qmi_cci_get_ref: ref count increased 2
11-20 00:22:59.068 E/QMI_FW  (20427): qmi_cci_get_ref: ref count increased 2
11-20 00:22:59.068 E/wpa_supplicant(20427): eap_proxy: Released QMI UIM service client
11-20 00:22:59.068 E/QMI_FW  (20427): qmi_cci_get_ref: ref count increased 2
11-20 00:22:59.068 E/QMI_FW  (20427): qmi_cci_get_ref: ref count increased 2
11-20 00:22:59.069 E/wpa_supplicant(20427): eap_proxy: Released QMI EAP service client
11-20 00:22:59.069 I/wpa_supplicant(20427): eap_proxy: eap_proxy Deinitialzed
11-20 00:22:59.108 I/wpa_supplicant(20427): nl80211: deinit ifname=p2p0 disabled_11b_rates=0
11-20 00:22:59.167 D/LOWI-9.0.0.80( 1024): [LOWINetlinkSocketReceiver] unpackRTMLinkMessage: RTM_NEWLINK - ifname p2p0, flags 0x1003 ([UP])
11-20 00:22:59.196 D/LOWI-9.0.0.80( 1024): [LOWINetlinkSocketReceiver] unpackRTMLinkMessage: RTM_NEWLINK - ifname p2p0, flags 0x1002 ()
11-20 00:22:59.198 D/LOWI-9.0.0.80( 1024): [LOWINetlinkSocketReceiver] unpackRTMLinkMessage: RTM_NEWLINK - ifname p2p0, flags 0x1002 ()
11-20 00:22:59.200 I/wpa_supplicant(20427): Try to unregister vendor p2 interface
11-20 00:22:59.201 I/WifiP2pNative( 1194): P2P interface teardown completed
11-20 00:22:59.201 I/android_os_HwBinder( 1194): HwBinder: Starting thread pool for getting: android.hardware.wifi.supplicant@1.0::ISupplicant/default
11-20 00:22:59.202 D/WifiP2pNative( 1194): P2P InterfaceDestroyedListener p2p0
11-20 00:22:59.202 D/WifiP2pNative( 1194): Ignoring stale interface destroyed listener
11-20 00:22:59.202 D/WifiP2pNative( 1194): P2P InterfaceAvailableListener true
11-20 00:22:59.202 D/WifiP2pService( 1194): Wifi enabled=false, P2P Interface availability=true
11-20 00:22:59.203 I/wpa_supplicant(20427): Terminating...
11-20 00:22:59.206 D/LOWI-9.0.0.80( 1024): [LOWINetlinkSocketReceiver] unpackRTMLinkMessage: RTM_NEWLINK - ifname wlan0, flags 0x1003 ([UP])
11-20 00:22:59.206 D/LOWI-9.0.0.80( 1024): [LOWINetlinkSocketReceiver] processNetlinkPacket: ifname(wlan0) status(1)
11-20 00:22:59.206 D/LOWI-9.0.0.80( 1024): [LOWIController] intfStateReceived: ifname(wlan0) state(1)
11-20 00:22:59.206 D/LOWI-9.0.0.80( 1024): [LOWIEventReceiver] handleEvent:FROM:NA, TO:NA, REQ:NA, IREQ:NA, REQ_ID:0, RESP:NA, INFO:INTF-STATUS-UPDATE
11-20 00:22:59.206 D/LOWI-9.0.0.80( 1024): [LOWIEventReceiver] Info to [INTF-STATUS-UPDATE]
11-20 00:22:59.207 D/LOWI-9.0.0.80( 1024): [LOWIController] updateIntfState: WIFI enabled 1 mNlWifiStatus 2 mWifiStateEnabled 1
11-20 00:22:59.207 D/LOWI-9.0.0.80( 1024): [LOWIController] isWifiEnabled: mNlWifiStatus 1 mWifiStateEnabled 1
11-20 00:22:59.233 D/ConnectivityService( 1194): handleLingerComplete for [100 CELLULAR]
11-20 00:22:59.237 E/QMI_FW  ( 1113): qmi_cci_get_ref: ref count increased 2
11-20 00:22:59.238 E/QMI_FW  ( 1113): qmi_cci_get_ref: ref count increased 2
11-20 00:22:59.249 W/MqttClient( 2665): connection/disconnecting; reason=READ_SOCKET, operation=NETWORK_THREAD_LOOP
11-20 00:22:59.249 I/WearableConnectivityManager( 2581): LTE Signal strength is: 1
11-20 00:22:59.250 I/WearableConnectivityManager( 2581): Cellular Signal strength is: 1
11-20 00:22:59.250 W/System.err( 2665): DEBUG: com.whatsapp.net.tls13.WtSocketWrapper.sendAlertAndShutdown(:86) : Sending Alert : type : WARNING description : close_notify(0) exception : 
11-20 00:22:59.252 D/RadioLinkQualityScoreBuilder( 1975): scoreRsrp: 2scoreRsrq: 3scoreRssnr: 4
11-20 00:22:59.253 W/System.err( 2665): ERROR: com.whatsapp.net.logging.WtLog.log$REDEX$HQcOuACUrr4(:4) : Encountered exception. Nothing much can be done here. com.whatsapp.net.alerts.WtAlertException
11-20 00:22:59.254 W/SupplicantStaIfaceHal( 1194): Timed out waiting for confirmation of supplicant death
11-20 00:22:59.254 D/LOWI-9.0.0.80( 1024): [LOWINetlinkSocketReceiver] unpackRTMLinkMessage: RTM_NEWLINK - ifname wlan0, flags 0x1003 ([UP])
11-20 00:22:59.254 D/LOWI-9.0.0.80( 1024): [LOWINetlinkSocketReceiver] processNetlinkPacket: ifname(wlan0) status(1)
11-20 00:22:59.254 D/LOWI-9.0.0.80( 1024): [LOWIController] intfStateReceived: ifname(wlan0) state(1)
11-20 00:22:59.256 D/QCNEJ/WwanInfoRelay( 1900): onCapabilitiesChanged: 100 [ Transports: CELLULAR Capabilities: MMS&SUPL&FOTA&INTERNET&NOT_RESTRICTED&TRUSTED&NOT_VPN&VALIDATED&NOT_ROAMING&NOT_CONGESTED&NOT_SUSPENDED LinkUpBandwidth>=15000Kbps LinkDnBandwidth>=30000Kbps Specifier: <TelephonyNetworkSpecifier [mSubId = 1]> AdministratorUids: [] RequestorUid: -1 RequestorPackageName: null]
11-20 00:22:59.257 D/LOWI-9.0.0.80( 1024): [LOWIEventReceiver] handleEvent:FROM:NA, TO:NA, REQ:NA, IREQ:NA, REQ_ID:0, RESP:NA, INFO:INTF-STATUS-UPDATE
11-20 00:22:59.257 D/LOWI-9.0.0.80( 1024): [LOWIEventReceiver] Info to [INTF-STATUS-UPDATE]
11-20 00:22:59.257 D/LOWI-9.0.0.80( 1024): [LOWIController] updateIntfState: WIFI enabled 1 mNlWifiStatus 1 mWifiStateEnabled 1
11-20 00:22:59.257 D/LOWI-9.0.0.80( 1024): [LOWIController] isWifiEnabled: mNlWifiStatus 1 mWifiStateEnabled 1
11-20 00:22:59.258 E/SupplicantStaIfaceHal( 1194): Can't call getKeyMgmtCapabilities_1_3, ISupplicantStaIface is null
11-20 00:22:59.260 V/WifiHAL (  539): WifiVendorCommand 0xaad86b98 created vendor_id:0x1374 subcmd:38
11-20 00:22:59.260 V/WifiHAL (  539): Got a Wi-Fi HAL module message from Driver
11-20 00:22:59.261 I/QCNEJ/WwanInfoRelay( 1900): cacheWwanInfo subId = 1 phoneId = 0 slotId = 0
11-20 00:22:59.262 V/WifiHAL (  539): Supported feature set : 1993d
11-20 00:22:59.262 V/WifiHAL (  539): Supported feature set acquired : 1993d
11-20 00:22:59.262 V/WifiHAL (  539): WifiVendorCommand 0xa0792140 created vendor_id:0x1374 subcmd:76
11-20 00:22:59.262 V/WifiHAL (  539): create: mVendor_id = 4980, Subcmd = 76.
11-20 00:22:59.264 V/WifiHAL (  539): event received NL80211_CMD_DISCONNECT
11-20 00:22:59.265 V/WifiHAL (  539): WifiVendorCommand 0xaad86cc8 created vendor_id:0x1374 subcmd:38
11-20 00:22:59.266 V/WifiHAL (  539): Got a Wi-Fi HAL module message from Driver
11-20 00:22:59.266 V/WifiHAL (  539): Supported feature set : 19d3d
11-20 00:22:59.266 V/WifiHAL (  539): Supported feature set acquired : 19d3d
11-20 00:22:59.267 V/WifiHAL (  539): WifiVendorCommand 0xa0792140 created vendor_id:0x1374 subcmd:76
11-20 00:22:59.267 V/WifiHAL (  539): create: mVendor_id = 4980, Subcmd = 76.
11-20 00:22:59.275 E/SupplicantStaIfaceHal( 1194): Can't call getWpaDriverFeatureSet, ISupplicantStaIface is null
11-20 00:22:59.275 I/WifiNative( 1194): Successfully switched to scan mode on iface=Iface:{Name=wlan0,Id=1,Type=STA_SCAN}
11-20 00:22:59.276 D/WifiClientModeManager1( 1194): entering ScanOnlyModeState
11-20 00:22:59.277 D/WifiScanRequestProxy( 1194): Sending scan available broadcast: true
11-20 00:22:59.279 D/WifiP2pService( 1194): Wifi enabled=false, P2P Interface availability=true
11-20 00:22:59.279 I/WifiScanRequestProxy( 1194): Scanning is enabled
11-20 00:22:59.279 I/WifiScanRequestProxy( 1194): Scanning for hidden networks is disabled
11-20 00:22:59.279 I/WifiScanningService( 1194): Received a request to enable scanning, UID = 1000
11-20 00:22:59.280 I/WifiScanningService( 1194): scanner impls already exists
11-20 00:22:59.280 E/WifiScanningService( 1194): wifi driver loaded received while already loaded
11-20 00:22:59.281 D/WakeupController( 1194): start()
11-20 00:22:59.282 D/WakeupController( 1194): Setting active to true
11-20 00:22:59.288 W/SupplicantP2pIfaceHal( 1194): ISupplicantVendor/ISupplicantVendorP2PIface died: cookie=0
11-20 00:22:59.288 W/SupplicantP2pIfaceHal( 1194): ISupplicantVendor/ISupplicantVendorP2PIface died: cookie=0
11-20 00:22:59.289 W/SupplicantP2pIfaceHal( 1194): ISupplicant/ISupplicantP2pIface died: cookie=0
11-20 00:22:59.289 D/SupplicantStaIfaceHal( 1194): ISupplicant died: cookie=-8692925572556690286
11-20 00:22:59.289 W/SupplicantP2pIfaceHal( 1194): ISupplicant/ISupplicantP2pIface died: cookie=0
11-20 00:22:59.289 W/SupplicantStaIfaceHal( 1194): ISupplicantVendor/ISupplicantVendorStaIface died: cookie=0
11-20 00:22:59.289 W/SupplicantStaIfaceHal( 1194): ISupplicantVendor/ISupplicantVendorStaIface died: cookie=0
11-20 00:22:59.296 D/WakeupLock( 1194): Lock set. Number of networks: 1
11-20 00:22:59.300 D/WifiClientModeImpl( 1194): ClientModeImpl: Leaving Connected state
11-20 00:22:59.301 D/WifiCountryCode( 1194): updateCountryCode to US
11-20 00:22:59.302 E/SupplicantStaIfaceHal( 1194): Can't call setCountryCode, ISupplicantStaIface is null
11-20 00:22:59.302 D/WifiCountryCode( 1194): Failed to set country code to: US
11-20 00:22:59.313 E/SupplicantStaIfaceHal( 1194): Can't call listNetworks, ISupplicantStaIface is null
11-20 00:22:59.314 E/SupplicantStaIfaceHal( 1194): removeAllNetworks failed, got null networks
11-20 00:22:59.314 E/WifiClientModeImpl( 1194): Failed to remove networks on exiting connect mode
11-20 00:22:59.315 E/WakeupController( 1194): Unexpected setLastDisconnectInfo when WakeupController is active!
11-20 00:22:59.317 E/WifiVendorHal( 1194): stopRssiMonitoring(l.2106) failed {.code = ERROR_NOT_AVAILABLE, .description = }
11-20 00:22:59.317 E/SupplicantStaIfaceHal( 1194): Can't call setPowerSave, ISupplicantStaIface is null
11-20 00:22:59.317 E/SupplicantStaIfaceHal( 1194): Can't call setBtCoexistenceMode, ISupplicantStaIface is null
11-20 00:22:59.317 V/WifiClientModeImpl( 1194): stopIpClient IpClientWithPreConnection: false
11-20 00:22:59.317 V/WifiClientModeImpl( 1194): java.lang.Throwable
11-20 00:22:59.317 V/WifiClientModeImpl( 1194): 	at com.android.server.wifi.ClientModeImpl.stopIpClient(ClientModeImpl.java:1127)
11-20 00:22:59.317 V/WifiClientModeImpl( 1194): 	at com.android.server.wifi.ClientModeImpl.stopDhcpSetup(ClientModeImpl.java:1153)
11-20 00:22:59.317 V/WifiClientModeImpl( 1194): 	at com.android.server.wifi.ClientModeImpl.handleNetworkDisconnect(ClientModeImpl.java:2945)
11-20 00:22:59.317 V/WifiClientModeImpl( 1194): 	at com.android.server.wifi.ClientModeImpl.stopClientMode(ClientModeImpl.java:3889)
11-20 00:22:59.317 V/WifiClientModeImpl( 1194): 	at com.android.server.wifi.ClientModeImpl.access$4600(ClientModeImpl.java:176)
11-20 00:22:59.317 V/WifiClientModeImpl( 1194): 	at com.android.server.wifi.ClientModeImpl$ConnectModeState.exit(ClientModeImpl.java:4064)
11-20 00:22:59.317 V/WifiClientModeImpl( 1194): 	at com.android.wifi.x.com.android.internal.util.StateMachine$SmHandler.invokeExitMethods(StateMachine.java:1021)
11-20 00:22:59.317 V/WifiClientModeImpl( 1194): 	at com.android.wifi.x.com.android.internal.util.StateMachine$SmHandler.performTransitions(StateMachine.java:877)
11-20 00:22:59.317 V/WifiClientModeImpl( 1194): 	at com.android.wifi.x.com.android.internal.util.StateMachine$SmHandler.handleMessage(StateMachine.java:819)
11-20 00:22:59.317 V/WifiClientModeImpl( 1194): 	at android.os.Handler.dispatchMessage(Handler.java:106)
11-20 00:22:59.317 V/WifiClientModeImpl( 1194): 	at android.os.Looper.loop(Looper.java:223)
11-20 00:22:59.317 V/WifiClientModeImpl( 1194): 	at android.os.HandlerThread.run(HandlerThread.java:67)
11-20 00:22:59.319 D/DhcpClient( 1194): doQuit
11-20 00:22:59.319 D/ConnectivityService( 1194): [125 WIFI] EVENT_NETWORK_INFO_CHANGED, going from CONNECTED to DISCONNECTED
11-20 00:22:59.319 D/ConnectivityService( 1194): [125 WIFI] disconnected, was satisfying 27
11-20 00:22:59.322 D/WifiConnector( 2841): Network State Changed
11-20 00:22:59.322 D/QCNEJ/WlanStaInfoRelay( 1900): Received action: android.net.wifi.STATE_CHANGE
11-20 00:22:59.322 D/QCNEJ/WlanStaInfoRelay( 1900): reset CountryCodeRetriever
11-20 00:22:59.325 E/QMI_FW  (  927): qmi_cci_get_ref: ref count increased 2
11-20 00:22:59.326 E/QMI_FW  (  927): qmi_cci_get_ref: ref count increased 2
11-20 00:22:59.327 D/WifiDiags( 1194): stopLogging() iface list is {} after removing wlan0
11-20 00:22:59.329 E/WifiVendorHal( 1194): resetLogHandler(l.1558) failed {.code = ERROR_NOT_AVAILABLE, .description = }
11-20 00:22:59.329 W/WifiDiags( 1194): Fail to reset log handler
11-20 00:22:59.332 E/QMI_FW  ( 1113): qmi_cci_get_ref: ref count increased 2
11-20 00:22:59.344 E/QMI_FW  ( 1113): qmi_cci_get_ref: ref count increased 2
11-20 00:22:59.349 D/WifiMemoryStoreImpl( 1194): Set cluster Gded792457511e862 for We4936d4057368143: SUCCESS
11-20 00:22:59.353 E/QMI_FW  ( 1113): qmi_cci_get_ref: ref count increased 2
11-20 00:22:59.353 E/QMI_FW  ( 1113): qmi_cci_get_ref: ref count increased 2
11-20 00:22:59.355 E/QMI_FW  ( 1113): qmi_cci_get_ref: ref count increased 2
11-20 00:22:59.355 E/QMI_FW  ( 1113): qmi_cci_get_ref: ref count increased 2
11-20 00:22:59.357 E/QMI_FW  ( 1113): qmi_cci_get_ref: ref count increased 2
11-20 00:22:59.362 I/chatty  ( 1113): uid=1001(radio) main identical 5 lines
11-20 00:22:59.364 E/QMI_FW  ( 1113): qmi_cci_get_ref: ref count increased 2
11-20 00:22:59.365 E/QMI_FW  ( 1113): qmi_cci_get_ref: ref count increased 2
11-20 00:22:59.373 I/chatty  ( 1113): uid=1001(radio) main identical 6 lines
11-20 00:22:59.374 E/QMI_FW  ( 1113): qmi_cci_get_ref: ref count increased 2
11-20 00:22:59.397 I/GnssNetworkConnectivityHandler( 1194): Network connection lost. Available networks count: 1
11-20 00:22:59.397 I/GnssNetworkConnectivityHandler( 1194): updateNetworkState, state=CLOSED, connected=false, network=125, capabilities=[ Transports: WIFI Capabilities: NOT_METERED&INTERNET&NOT_RESTRICTED&TRUSTED&NOT_VPN&VALIDATED&NOT_ROAMING&FOREGROUND&NOT_CONGESTED&NOT_SUSPENDED LinkUpBandwidth>=68000Kbps LinkDnBandwidth>=68000Kbps SignalStrength: -30 OwnerUid: 1000 AdministratorUids: [] SSID: "MTBF_Lab" RequestorUid: -1 RequestorPackageName: null], apn: , availableNetworkCount: 1
11-20 00:22:59.400 W/LocSvc_LocIpc(  523): send:66] failed reason: No such file or directory
11-20 00:22:59.403 D/QCNEJ/DefaultNetworkInfoRelay( 1900): Default network lost: 125
11-20 00:22:59.407 D/QCNEJ/NativeHalConnector( 1900): -> SND notifyDefaultNetworkChanged(1)
11-20 00:22:59.407 D/QCNEJ/WlanStaInfoRelay( 1900): network lost: 125
11-20 00:22:59.409 D/QCNEJ/WlanStaInfoRelay( 1900): onLost: unbind the process to WIFI
11-20 00:22:59.418 I/Nat464Xlat( 1194): Android Xlat is disabled
11-20 00:22:59.420 D/DeviceAuthService(16172): Network lost
11-20 00:22:59.426 D/DhcpClient( 1194): DHCP Packet Handler stopped
11-20 00:22:59.427 D/DhcpClient( 1194): onQuitting
11-20 00:22:59.419 I/Nat464Xlat( 1194): Android Xlat is disabled
11-20 00:22:59.443 D/ConnectivityService( 1194): Sending DISCONNECTED broadcast for type 1 [125 WIFI] isDefaultNetwork=true
11-20 00:22:59.449 D/WifiMemoryStoreImpl( 1194): Set cluster Gded792457511e862 for Wded792457511e862: SUCCESS
11-20 00:22:59.461 D/ConnectivityService( 1194): NetReassign [8 : null → 100, 20 : null → 100, 46 : null → 100, 45 : null → 100, 626 : null → 100, 12 : null → 100, 22 : null → 100, 16 : null → 100, 603 : null → 100, 14 : null → 100, 50 : null → 100, 18 : null → 100, 11 : null → 100, 629 : null → 100, 1 : null → 100, 17 : null → 100]
11-20 00:22:59.466 E/NetlinkEvent(  459): NetlinkEvent::FindParam(): Parameter 'INTERFACE' not found
11-20 00:22:59.467 E/NetlinkEvent(  459): NetlinkEvent::FindParam(): Parameter 'STATE' not found
11-20 00:22:59.467 E/NetlinkEvent(  459): NetlinkEvent::FindParam(): Parameter 'TIME_NS' not found
11-20 00:22:59.467 E/NetlinkEvent(  459): NetlinkEvent::FindParam(): Parameter 'UID' not found
11-20 00:22:59.486 D/ConnectivityService( 1194): Switching to new default network: NetworkAgentInfo{ ni{[type: MOBILE[LTE], state: CONNECTED/CONNECTED, reason: (unspecified), extra: nxtgenphone, failover: false, available: true, roaming: false]}  network{100}  nethandle{432902426637}  lp{{InterfaceName: rmnet_data2 LinkAddresses: [ 10.129.103.196/29,2600:380:c119:24f:b89a:9f3c:46c1:95af/64 ] DnsAddresses: [ /172.26.38.1,/fc00:a:a::300 ] Domains: null MTU: 1430 TcpBufferSizes: 2097152,4194304,8388608,262144,524288,1048576 Routes: [ 0.0.0.0/0 -> 10.129.103.197 rmnet_data2 mtu 1430,::/0 -> fe80::b45f:41f1:1846:969d rmnet_data2 mtu 1430,10.129.103.192/29 -> 0.0.0.0 rmnet_data2 mtu 0,2600:380:c119:24f::/64 -> :: rmnet_data2 mtu 0 ]}}  nc{[ Transports: CELLULAR Capabilities: MMS&SUPL&FOTA&INTERNET&NOT_RESTRICTED&TRUSTED&NOT_VPN&VALIDATED&NOT_ROAMING&NOT_CONGESTED&NOT_SUSPENDED LinkUpBandwidth>=15000Kbps LinkDnBandwidth>=30000Kbps Specifier: <TelephonyNetworkSpecifier [mSubId = 1]> AdministratorUids: [] RequestorUid: -1 RequestorPackageName: null]}  Score{50}  everValidated{true}  lastValidated{true}  created{true} lingering{false} explicitlySelected{false} acceptUnvalidated{false} everCaptivePortalDetected{false} lastCaptivePortalDetected{false} partialConnectivity{false} acceptPartialConnectivity{false} clat{mBaseIface: null, mIface: null, mState: IDLE} }
11-20 00:22:59.493 I/WM-WorkerWrapper( 2351): Work [ id=731e9e35-e8c2-49b1-b246-986e05f06ab6, tags={ com.facebook.wearable.system.selfcare.sharing.StickerBundleDatabaseWorker } ] was cancelled
11-20 00:22:59.493 I/WM-WorkerWrapper( 2351): java.util.concurrent.CancellationException: Task was cancelled.
11-20 00:22:59.493 I/WM-WorkerWrapper( 2351): 	at androidx.work.impl.utils.futures.AbstractFuture.getDoneValue(:32)
11-20 00:22:59.493 I/WM-WorkerWrapper( 2351): 	at androidx.work.impl.utils.futures.AbstractFuture.get(:268435546)
11-20 00:22:59.493 I/WM-WorkerWrapper( 2351): 	at androidx.work.impl.WorkerWrapper$2.run(:3)
11-20 00:22:59.493 I/WM-WorkerWrapper( 2351): 	at androidx.work.impl.utils.SerialExecutor$Task.run(:2)
11-20 00:22:59.493 I/WM-WorkerWrapper( 2351): 	at java.util.concurrent.ThreadPoolExecutor.runWorker(ThreadPoolExecutor.java:1167)
11-20 00:22:59.493 I/WM-WorkerWrapper( 2351): 	at java.util.concurrent.ThreadPoolExecutor$Worker.run(ThreadPoolExecutor.java:641)
11-20 00:22:59.493 I/WM-WorkerWrapper( 2351): 	at java.lang.Thread.run(Thread.java:923)
11-20 00:22:59.493 E/StickerBundleDatabaseWorker( 2351): Failed to fetch sticker bundles:
11-20 00:22:59.493 E/StickerBundleDatabaseWorker( 2351): kotlinx.coroutines.JobCancellationException: Job was cancelled; job=JobImpl{Cancelling}@61744d3
11-20 00:22:59.521 E/WifiNative( 1194): Could not get Iface object for interface null
11-20 00:22:59.522 W/SupplicantStaIfaceHal( 1194): ISupplicant died: cookie=64
11-20 00:22:59.522 D/WifiNetworkAgent( 1194): NetworkAgent: NetworkAgent channel lost
11-20 00:22:59.609 E/WifiNative( 1194): Could not get Iface object for interface null
11-20 00:22:59.619 D/DeviceAuthService(16172): Network connected
11-20 00:22:59.621 D/DeviceAuthService(16172): fetchAuthTokenWrapper called
11-20 00:22:59.630 D/QCNEJ/DefaultNetworkInfoRelay( 1900): Default network available: 100
11-20 00:22:59.632 D/QCNEJ/NativeHalConnector( 1900): -> SND notifyDefaultNetworkChanged(0)
11-20 00:22:59.635 E/QMI_FW  (  927): qmi_cci_get_ref: ref count increased 2
11-20 00:22:59.637 E/QMI_FW  (  927): qmi_cci_get_ref: ref count increased 2
11-20 00:22:59.641 V/LigerRadioStatsReporter( 2384): onCapabilitiesChanged: Network capabilities changed
11-20 00:22:59.642 V/LigerRadioStatsReporter( 2384): reportAndCheckpointRadioStats
11-20 00:22:59.642 V/LigerRadioStatsReporter( 2384): +++++++++++ RADIO STATS DUMP +++++++++++
11-20 00:22:59.642 V/LigerRadioStatsReporter( 2384): totalActiveRadioTimeMs=0
11-20 00:22:59.642 V/LigerRadioStatsReporter( 2384): totalTailRadioTimeMs=13995
11-20 00:22:59.642 V/LigerRadioStatsReporter( 2384): totalWakeupCount=0
11-20 00:22:59.642 V/LigerRadioStatsReporter( 2384): httpUpBytes=0
11-20 00:22:59.642 V/LigerRadioStatsReporter( 2384): httpDownBytes=0
11-20 00:22:59.642 V/LigerRadioStatsReporter( 2384): httpWakeupCount=0
11-20 00:22:59.642 V/LigerRadioStatsReporter( 2384): httpRequestCount=0
11-20 00:22:59.642 V/LigerRadioStatsReporter( 2384): httpActiveRadioTimeMs=0
11-20 00:22:59.642 V/LigerRadioStatsReporter( 2384): httpTailRadioTimeMs=13995
11-20 00:22:59.642 V/LigerRadioStatsReporter( 2384): reportAndCheckpointRadioStats: Tx=0
11-20 00:22:59.643 V/LigerRadioStatsReporter( 2384): reportAndCheckpointRadioStats: Rx=0
11-20 00:22:59.643 V/LigerRadioStatsReporter( 2384): reportAndCheckpointRadioStats: Uids=10028
11-20 00:22:59.643 V/LigerRadioStatsReporter( 2384): reportAndCheckpointRadioStats: Tags=null
11-20 00:22:59.644 E/DeviceAuthenticator(16172): Failed to resolve oculus.com
11-20 00:22:59.644 D/DeviceAuthService(16172): isOculusAddressResolvable returned false
11-20 00:22:59.644 D/DeviceAuthService(16172): network is still available, run handler
11-20 00:22:59.652 D/NetworkTimeUpdateService( 1194): New default network 100; checking time.
11-20 00:22:59.690 D/QCNEJ/WwanInfoRelay( 1900): onCapabilitiesChanged: 100 [ Transports: CELLULAR Capabilities: MMS&SUPL&FOTA&INTERNET&NOT_RESTRICTED&TRUSTED&NOT_VPN&VALIDATED&NOT_ROAMING&FOREGROUND&NOT_CONGESTED&NOT_SUSPENDED LinkUpBandwidth>=15000Kbps LinkDnBandwidth>=30000Kbps Specifier: <TelephonyNetworkSpecifier [mSubId = 1]> AdministratorUids: [] RequestorUid: -1 RequestorPackageName: null]
11-20 00:22:59.691 I/QCNEJ/WwanInfoRelay( 1900): cacheWwanInfo subId = 1 phoneId = 0 slotId = 0
11-20 00:22:59.691 V/LigerRadioStatsReporter( 2384): onCapabilitiesChanged: Network capabilities changed
11-20 00:22:59.697 D/ConnectivityService( 1194): Sending CONNECTED broadcast for type 0 [100 CELLULAR] isDefaultNetwork=true
11-20 00:22:59.712 I/m.android.phon( 1975): Background concurrent copying GC freed 189690(17MB) AllocSpace objects, 52(928KB) LOS objects, 79% free, 4840KB/22MB, paused 146us total 277.395ms
11-20 00:22:59.722 D/CompatibilityInfo( 1194): mCompatibilityFlags - 4
11-20 00:22:59.722 D/CompatibilityInfo( 1194): applicationDensity - 320
11-20 00:22:59.722 D/CompatibilityInfo( 1194): applicationScale - 1.0
11-20 00:22:59.789 E/SelfCareDataCloudSyncWorker( 2351): Failed to get access token
11-20 00:22:59.789 E/SelfCareDataCloudSyncWorker( 2351): kotlinx.coroutines.JobCancellationException: Job was cancelled; job=JobImpl{Cancelling}@644553c
11-20 00:22:59.789 I/WM-WorkerWrapper( 2351): Work [ id=41176d4d-428f-4560-a8c8-961a1631ba8f, tags={ com.facebook.wearable.system.selfcare.cloudsync.SelfCareDataCloudSyncWorker } ] was cancelled
11-20 00:22:59.789 I/WM-WorkerWrapper( 2351): java.util.concurrent.CancellationException: Task was cancelled.
11-20 00:22:59.789 I/WM-WorkerWrapper( 2351): 	at androidx.work.impl.utils.futures.AbstractFuture.getDoneValue(:32)
11-20 00:22:59.789 I/WM-WorkerWrapper( 2351): 	at androidx.work.impl.utils.futures.AbstractFuture.get(:268435546)
11-20 00:22:59.789 I/WM-WorkerWrapper( 2351): 	at androidx.work.impl.WorkerWrapper$2.run(:3)
11-20 00:22:59.789 I/WM-WorkerWrapper( 2351): 	at androidx.work.impl.utils.SerialExecutor$Task.run(:2)
11-20 00:22:59.789 I/WM-WorkerWrapper( 2351): 	at java.util.concurrent.ThreadPoolExecutor.runWorker(ThreadPoolExecutor.java:1167)
11-20 00:22:59.789 I/WM-WorkerWrapper( 2351): 	at java.util.concurrent.ThreadPoolExecutor$Worker.run(ThreadPoolExecutor.java:641)
11-20 00:22:59.789 I/WM-WorkerWrapper( 2351): 	at java.lang.Thread.run(Thread.java:923)
11-20 00:22:59.801 W/System.err( 2665): INFO: com.whatsapp.net.logging.WtLog.log$REDEX$HQcOuACUrr4(:4) : Start handshake.
11-20 00:22:59.904 W/System.err( 2665): INFO: com.whatsapp.net.logging.WtLog.log$REDEX$HQcOuACUrr4(:4) : Handshake complete : session_resumed true early_data_sent false early_data_accepted false client_cert_requested false time_ms 102
11-20 00:22:59.939 D/SettingsSDK::SyncHelper( 2351): Read setting com.facebook.wearable.sdk.selfcare:SELFCARE_SERVICE_ENABLED from persistent cache
11-20 00:22:59.939 D/FacebookRepository( 2351): Reading from Store [906581286488774]
11-20 00:23:00.003 D/KeyguardUpdateMonitor( 1753): received broadcast android.intent.action.TIME_TICK
11-20 00:23:00.003 D/KeyguardUpdateMonitor( 1753): handleTimeUpdate
11-20 00:23:00.005 D/KeyguardUpdateMonitor( 1753): received broadcast android.intent.action.TIME_TICK
11-20 00:23:00.005 D/KeyguardUpdateMonitor( 1753): handleTimeUpdate
