11-20 07:11:08.531 E/NetlinkEvent(  459): NetlinkEvent::FindParam(): Parameter 'TIME_NS' not found
11-20 07:11:08.531 E/NetlinkEvent(  459): NetlinkEvent::FindParam(): Parameter 'UID' not found
11-20 07:11:09.809 D/commandrouter( 1117): rtc_sync (1, rtc:sync): <ServiceRequest> FORWARDED (remote -> local) service client ID = 0, token ID = 38305
11-20 07:11:09.810 D/commandrouter( 1117): SocServiceHandle::onServiceMessage, SoC Service = rtc_sync, appType = 1, type = SVC_RESP, clientId = 0, token = 38305, payloadLen = 8, result = 0, payload.size() = 8
11-20 07:11:10.617 D/commandrouter( 1117): SocServiceHandle::onServiceMessage, SoC Service = mcu_healthcheck_946, appType = 1, type = SVC_REQ, clientId = 0, token = 922, payloadLen = 20, result = 0, payload.size() = 20
11-20 07:11:10.621 D/commandrouter( 1117): mcu_healthcheck_946 (1, merlot:mcu_health:control): <ServiceResponse> FORWARDED (remote -> local) CR token ID = 922, service client ID = 6, token ID = 33656, result = 0
11-20 07:11:17.563 D/commandrouter( 1117): SocServiceHandle::onServiceMessage, SoC Service = mcu_healthcheck_1118, appType = 1, type = SVC_REQ, clientId = 0, token = 1845, payloadLen = 12, result = 0, payload.size() = 12
11-20 07:11:17.567 D/commandrouter( 1117): mcu_healthcheck_1118 (1, merlot:mcu_health:control): <ServiceResponse> FORWARDED (remote -> local) CR token ID = 1845, service client ID = 40, token ID = 33657, result = 0
11-20 07:11:17.567 D/mculinkhealth( 1118): isMcuReachable 1 (4 ms)
11-20 07:11:18.631 I/chatty  ( 1194): uid=1000(system) android.ui expire 2 lines
11-20 07:11:19.813 D/commandrouter( 1117): rtc_sync (1, rtc:sync): <ServiceRequest> FORWARDED (remote -> local) service client ID = 0, token ID = 38306
11-20 07:11:19.814 D/commandrouter( 1117): SocServiceHandle::onServiceMessage, SoC Service = rtc_sync, appType = 1, type = SVC_RESP, clientId = 0, token = 38306, payloadLen = 8, result = 0, payload.size() = 8
11-20 07:11:20.147 I/chatty  ( 1194): uid=1000(system) Binder:1194_13 expire 4 lines
11-20 07:11:22.963 I/chatty  ( 1194): uid=1000 system_server expire 1 line
11-20 07:11:27.347 W/wificond(  906): Scan is not started. Ignore abort request
11-20 07:11:27.348 I/chatty  ( 1194): uid=1000(system) WifiP2pService expire 2 lines
11-20 07:11:27.349 I/chatty  ( 1194): uid=1000(system) ActivityManager expire 1 line
11-20 07:11:27.837 I/chatty  ( 1194): uid=1000(system) WifiHandlerThre expire 1 line
11-20 07:11:27.999 I/chatty  ( 1194): uid=1000(system) ConnectivitySer expire 31 lines
11-20 07:11:28.581 E/NetlinkEvent(  459): NetlinkEvent::FindParam(): Parameter 'INTERFACE' not found
11-20 07:11:28.581 E/NetlinkEvent(  459): NetlinkEvent::FindParam(): Parameter 'STATE' not found
11-20 07:11:28.581 E/NetlinkEvent(  459): NetlinkEvent::FindParam(): Parameter 'TIME_NS' not found
11-20 07:11:28.581 E/NetlinkEvent(  459): NetlinkEvent::FindParam(): Parameter 'UID' not found
11-20 07:11:29.824 D/commandrouter( 1117): rtc_sync (1, rtc:sync): <ServiceRequest> FORWARDED (remote -> local) service client ID = 0, token ID = 38307
11-20 07:11:29.825 D/commandrouter( 1117): SocServiceHandle::onServiceMessage, SoC Service = rtc_sync, appType = 1, type = SVC_RESP, clientId = 0, token = 38307, payloadLen = 8, result = 0, payload.size() = 8
11-20 07:11:39.821 D/commandrouter( 1117): rtc_sync (1, rtc:sync): <ServiceRequest> FORWARDED (remote -> local) service client ID = 0, token ID = 38308
11-20 07:11:39.821 D/commandrouter( 1117): SocServiceHandle::onServiceMessage, SoC Service = rtc_sync, appType = 1, type = SVC_RESP, clientId = 0, token = 38308, payloadLen = 8, result = 0, payload.size() = 8
11-20 07:11:47.569 D/commandrouter( 1117): SocServiceHandle::onServiceMessage, SoC Service = mcu_healthcheck_1118, appType = 1, type = SVC_REQ, clientId = 0, token = 1846, payloadLen = 12, result = 0, payload.size() = 12
11-20 07:11:47.574 D/commandrouter( 1117): mcu_healthcheck_1118 (1, merlot:mcu_health:control): <ServiceResponse> FORWARDED (remote -> local) CR token ID = 1846, service client ID = 40, token ID = 33658, result = 0
11-20 07:11:47.574 D/mculinkhealth( 1118): isMcuReachable 1 (5 ms)
11-20 07:11:47.701 I/chatty  ( 1194): uid=1000(system) android.ui expire 4 lines
11-20 07:11:48.525 I/chatty  ( 1194): uid=1000(system) DeviceStorageMo expire 2 lines
11-20 07:11:49.827 D/commandrouter( 1117): rtc_sync (1, rtc:sync): <ServiceRequest> FORWARDED (remote -> local) service client ID = 0, token ID = 38309
11-20 07:11:49.827 D/commandrouter( 1117): SocServiceHandle::onServiceMessage, SoC Service = rtc_sync, appType = 1, type = SVC_RESP, clientId = 0, token = 38309, payloadLen = 8, result = 0, payload.size() = 8
11-20 07:11:50.153 I/chatty  ( 1194): uid=1000(system) Binder:1194_2 expire 4 lines
11-20 07:11:53.308 I/chatty  ( 1194): uid=1000(system) LazyTaskWriterT expire 1 line
11-20 07:11:57.902 I/chatty  ( 1194): uid=1000(system) android.display expire 1 line
11-20 07:11:58.410 I/chatty  ( 1194): uid=1000(system) ConnectivitySer expire 20 lines
11-20 07:11:58.551 E/NetlinkEvent(  459): NetlinkEvent::FindParam(): Parameter 'INTERFACE' not found
11-20 07:11:58.551 E/NetlinkEvent(  459): NetlinkEvent::FindParam(): Parameter 'STATE' not found
11-20 07:11:58.551 E/NetlinkEvent(  459): NetlinkEvent::FindParam(): Parameter 'TIME_NS' not found
11-20 07:11:58.551 E/NetlinkEvent(  459): NetlinkEvent::FindParam(): Parameter 'UID' not found
11-20 07:11:59.823 D/commandrouter( 1117): rtc_sync (1, rtc:sync): <ServiceRequest> FORWARDED (remote -> local) service client ID = 0, token ID = 38310
11-20 07:11:59.824 D/commandrouter( 1117): SocServiceHandle::onServiceMessage, SoC Service = rtc_sync, appType = 1, type = SVC_RESP, clientId = 0, token = 38310, payloadLen = 8, result = 0, payload.size() = 8
11-20 07:12:02.871 I/chatty  ( 1194): uid=1000(system) android.ui expire 8 lines
11-20 07:12:07.434 I/chatty  ( 1194): uid=1000(system) LazyTaskWriterT expire 2 lines
11-20 07:12:09.824 D/commandrouter( 1117): rtc_sync (1, rtc:sync): <ServiceRequest> FORWARDED (remote -> local) service client ID = 0, token ID = 38311
11-20 07:12:09.824 D/commandrouter( 1117): SocServiceHandle::onServiceMessage, SoC Service = rtc_sync, appType = 1, type = SVC_RESP, clientId = 0, token = 38311, payloadLen = 8, result = 0, payload.size() = 8
11-20 07:12:10.623 D/commandrouter( 1117): SocServiceHandle::onServiceMessage, SoC Service = mcu_healthcheck_946, appType = 1, type = SVC_REQ, clientId = 0, token = 923, payloadLen = 20, result = 0, payload.size() = 20
11-20 07:12:10.626 D/commandrouter( 1117): mcu_healthcheck_946 (1, merlot:mcu_health:control): <ServiceResponse> FORWARDED (remote -> local) CR token ID = 923, service client ID = 6, token ID = 33659, result = 0
11-20 07:12:11.149 I/chatty  ( 1194): uid=1000(system) Binder:1194_2 expire 4 lines
11-20 07:12:17.249 I/chatty  ( 1194): uid=1000(system) android.display expire 1 line
11-20 07:12:17.575 D/commandrouter( 1117): SocServiceHandle::onServiceMessage, SoC Service = mcu_healthcheck_1118, appType = 1, type = SVC_REQ, clientId = 0, token = 1847, payloadLen = 12, result = 0, payload.size() = 12
11-20 07:12:17.579 D/commandrouter( 1117): mcu_healthcheck_1118 (1, merlot:mcu_health:control): <ServiceResponse> FORWARDED (remote -> local) CR token ID = 1847, service client ID = 40, token ID = 33660, result = 0
11-20 07:12:17.579 D/mculinkhealth( 1118): isMcuReachable 1 (4 ms)
11-20 07:12:18.311 I/chatty  ( 1194): uid=1000(system) WifiP2pService expire 2 lines
11-20 07:12:18.312 I/chatty  ( 1194): uid=1000(system) ActivityManager expire 1 line
11-20 07:12:18.339 W/wificond(  906): Scan is not started. Ignore abort request
11-20 07:12:18.741 I/chatty  ( 1194): uid=1000(system) WifiHandlerThre expire 1 line
11-20 07:12:19.216 I/chatty  ( 1194): uid=1000(system) ConnectivitySer expire 14 lines
11-20 07:12:19.522 E/NetlinkEvent(  459): NetlinkEvent::FindParam(): Parameter 'INTERFACE' not found
11-20 07:12:19.522 E/NetlinkEvent(  459): NetlinkEvent::FindParam(): Parameter 'STATE' not found
11-20 07:12:19.522 E/NetlinkEvent(  459): NetlinkEvent::FindParam(): Parameter 'TIME_NS' not found
11-20 07:12:19.523 E/NetlinkEvent(  459): NetlinkEvent::FindParam(): Parameter 'UID' not found
11-20 07:12:19.680 D/ConnectivityService( 1194): Lingering [100 CELLULAR] for 30000ms
11-20 07:12:19.683 D/ConnectivityService( 1194): Sending DISCONNECTED broadcast for type 0 [100 CELLULAR] isDefaultNetwork=true
11-20 07:12:19.685 D/ConnectivityService( 1194): Sending CONNECTED broadcast for type 1 [161 WIFI] isDefaultNetwork=true
11-20 07:12:19.816 D/commandrouter( 1117): rtc_sync (1, rtc:sync): <ServiceRequest> FORWARDED (remote -> local) service client ID = 0, token ID = 38312
11-20 07:12:19.817 D/commandrouter( 1117): SocServiceHandle::onServiceMessage, SoC Service = rtc_sync, appType = 1, type = SVC_RESP, clientId = 0, token = 38312, payloadLen = 8, result = 0, payload.size() = 8
11-20 07:12:19.846 D/ConnectivityService( 1194): Setting DNS servers for network 161 to [/192.168.1.1]
11-20 07:12:19.847 D/DnsManager( 1194): sendDnsConfigurationForNetwork(161, [192.168.1.1], [], 1800, 25, 8, 64, 0, 0, , [192.168.1.1])
11-20 07:12:20.383 I/Nat464Xlat( 1194): Android Xlat is disabled
11-20 07:12:20.383 I/Nat464Xlat( 1194): Android Xlat is disabled
11-20 07:12:29.813 D/commandrouter( 1117): rtc_sync (1, rtc:sync): <ServiceRequest> FORWARDED (remote -> local) service client ID = 0, token ID = 38313
11-20 07:12:29.814 D/commandrouter( 1117): SocServiceHandle::onServiceMessage, SoC Service = rtc_sync, appType = 1, type = SVC_RESP, clientId = 0, token = 38313, payloadLen = 8, result = 0, payload.size() = 8
11-20 07:12:38.644 D/AutofillManagerService( 1194): onBackKeyPressed()
11-20 07:12:39.173 I/chatty  ( 1194): uid=1000(system) android.ui identical 1 line
11-20 07:12:39.697 D/AutofillManagerService( 1194): onBackKeyPressed()
11-20 07:12:39.804 D/commandrouter( 1117): rtc_sync (1, rtc:sync): <ServiceRequest> FORWARDED (remote -> local) service client ID = 0, token ID = 38314
11-20 07:12:39.804 D/commandrouter( 1117): SocServiceHandle::onServiceMessage, SoC Service = rtc_sync, appType = 1, type = SVC_RESP, clientId = 0, token = 38314, payloadLen = 8, result = 0, payload.size() = 8
11-20 07:12:40.961 D/AutofillManagerService( 1194): onBackKeyPressed()
11-20 07:12:41.174 W/ActivityManager( 1194): Invalid packageName: com.facebook.wearable.system.settings/com.facebook.wearable.system.settings.SettingsActivity
11-20 07:12:41.309 I/ActivityTaskManager( 1194): START u0 {flg=0x10000000 cmp=com.facebook.wearable.system.settings/.SettingsActivity} from uid 0
11-20 07:12:41.328 I/ActivityTaskManager( 1194): The Process com.facebook.wearable.system.settings Already Exists in BG. So sending its PID: 16444
11-20 07:12:41.329 W/ActivityTaskManager( 1194): Tried to set launchTime (0) < mLastActivityLaunchTime (55477558)
11-20 07:12:44.375 E/TaskPersister( 1194): File error accessing recents directory (directory doesn't exist?).
11-20 07:12:47.580 D/commandrouter( 1117): SocServiceHandle::onServiceMessage, SoC Service = mcu_healthcheck_1118, appType = 1, type = SVC_REQ, clientId = 0, token = 1848, payloadLen = 12, result = 0, payload.size() = 12
11-20 07:12:47.584 D/commandrouter( 1117): mcu_healthcheck_1118 (1, merlot:mcu_health:control): <ServiceResponse> FORWARDED (remote -> local) CR token ID = 1848, service client ID = 40, token ID = 33661, result = 0
11-20 07:12:47.584 D/mculinkhealth( 1118): isMcuReachable 1 (4 ms)
11-20 07:12:48.618 D/AppStorageManager( 1194): BEFORE:: Previous Size: 997179392 Current Size: 997343232
11-20 07:12:48.618 D/AppStorageManager( 1194): AFTER:: Previous Size: 997343232 Current Size: 997343232
11-20 07:12:48.828 D/AnalyticsLogger( 1194): sent events: 12
11-20 07:12:48.893 W/ContextImpl( 1194): Calling a method in the system process without a qualified user: android.app.ContextImpl.sendBroadcastMultiplePermissions:1143 android.content.Context.sendBroadcastWithMultiplePermissions:2150 com.android.server.display.WifiDisplayAdapter.handleSendStatusChangeBroadcast:440 com.android.server.display.WifiDisplayAdapter.access$1700:63 com.android.server.display.WifiDisplayAdapter$WifiDisplayHandler.handleMessage:675 
11-20 07:12:49.327 D/ConnectivityService( 1194): [161 WIFI] EVENT_NETWORK_INFO_CHANGED, going from CONNECTED to DISCONNECTED
11-20 07:12:49.327 D/ConnectivityService( 1194): [161 WIFI] disconnected, was satisfying 27
11-20 07:12:49.428 I/Nat464Xlat( 1194): Android Xlat is disabled
11-20 07:12:49.428 I/Nat464Xlat( 1194): Android Xlat is disabled
11-20 07:12:49.441 D/ConnectivityService( 1194): Sending DISCONNECTED broadcast for type 1 [161 WIFI] isDefaultNetwork=true
11-20 07:12:49.444 D/ConnectivityService( 1194): NetReassign [8 : null  100, 20 : null  100, 46 : null  100, 45 : null  100, 12 : null  100, 22 : null  100, 16 : null  100, 14 : null  100, 50 : null  100, 990 : null  100, 18 : null  100, 993 : null  100, 11 : null  100, 1 : null  100, 17 : null  100, 995 : null  100]
11-20 07:12:49.446 E/NetlinkEvent(  459): NetlinkEvent::FindParam(): Parameter 'INTERFACE' not found
11-20 07:12:49.446 E/NetlinkEvent(  459): NetlinkEvent::FindParam(): Parameter 'STATE' not found
11-20 07:12:49.446 E/NetlinkEvent(  459): NetlinkEvent::FindParam(): Parameter 'TIME_NS' not found
11-20 07:12:49.446 E/NetlinkEvent(  459): NetlinkEvent::FindParam(): Parameter 'UID' not found
11-20 07:12:49.482 D/ConnectivityService( 1194): Switching to new default network: NetworkAgentInfo{ ni{[type: MOBILE[LTE], state: CONNECTED/CONNECTED, reason: (unspecified), extra: nxtgenphone, failover: false, available: true, roaming: false]}  network{100}  nethandle{432902426637}  lp{{InterfaceName: rmnet_data2 LinkAddresses: [ 10.129.103.196/29,2600:380:c119:24f:b89a:9f3c:46c1:95af/64 ] DnsAddresses: [ /172.26.38.1,/fc00:a:a::300 ] Domains: null MTU: 1430 TcpBufferSizes: 2097152,4194304,8388608,262144,524288,1048576 Routes: [ 0.0.0.0/0 -> 10.129.103.197 rmnet_data2 mtu 1430,::/0 -> fe80::b45f:41f1:1846:969d rmnet_data2 mtu 1430,10.129.103.192/29 -> 0.0.0.0 rmnet_data2 mtu 0,2600:380:c119:24f::/64 -> :: rmnet_data2 mtu 0 ]}}  nc{[ Transports: CELLULAR Capabilities: MMS&SUPL&FOTA&INTERNET&NOT_RESTRICTED&TRUSTED&NOT_VPN&VALIDATED&NOT_ROAMING&FOREGROUND&NOT_CONGESTED&NOT_SUSPENDED LinkUpBandwidth>=15000Kbps LinkDnBandwidth>=30000Kbps Specifier: <TelephonyNetworkSpecifier [mSubId = 1]> AdministratorUids: [] RequestorUid: -1 RequestorPackageName: null]}  Score{50}  everValidated{true}  lastValidated{true}  created{true} lingering{true} explicitlySelected{false} acceptUnvalidated{false} everCaptivePortalDetected{false} lastCaptivePortalDetected{false} partialConnectivity{false} acceptPartialConnectivity{false} clat{mBaseIface: null, mIface: null, mState: IDLE} }
11-20 07:12:49.589 D/ConnectivityService( 1194): Unlingering [100 CELLULAR]
11-20 07:12:49.590 D/ConnectivityService( 1194): Sending CONNECTED broadcast for type 0 [100 CELLULAR] isDefaultNetwork=true
11-20 07:12:49.802 D/commandrouter( 1117): rtc_sync (1, rtc:sync): <ServiceRequest> FORWARDED (remote -> local) service client ID = 0, token ID = 38315
11-20 07:12:49.803 D/commandrouter( 1117): SocServiceHandle::onServiceMessage, SoC Service = rtc_sync, appType = 1, type = SVC_RESP, clientId = 0, token = 38315, payloadLen = 8, result = 0, payload.size() = 8
11-20 07:12:54.041 D/AutofillManagerService( 1194): onBackKeyPressed()
11-20 07:12:56.618 I/chatty  ( 1194): uid=1000(system) android.ui identical 3 lines
11-20 07:12:57.631 D/AutofillManagerService( 1194): onBackKeyPressed()
11-20 07:12:58.554 E/TaskPersister( 1194): File error accessing recents directory (directory doesn't exist?).
11-20 07:12:58.634 D/AutofillManagerService( 1194): onBackKeyPressed()
11-20 07:12:59.622 D/AutofillManagerService( 1194): onBackKeyPressed()
11-20 07:12:59.793 D/commandrouter( 1117): rtc_sync (1, rtc:sync): <ServiceRequest> FORWARDED (remote -> local) service client ID = 0, token ID = 38316
11-20 07:12:59.793 D/commandrouter( 1117): SocServiceHandle::onServiceMessage, SoC Service = rtc_sync, appType = 1, type = SVC_RESP, clientId = 0, token = 38316, payloadLen = 8, result = 0, payload.size() = 8
11-20 07:13:00.720 D/AutofillManagerService( 1194): onBackKeyPressed()
11-20 07:13:01.146 W/ActivityManager( 1194): Invalid packageName: com.facebook.wearable.system.settings/com.facebook.wearable.system.settings.SettingsActivity
11-20 07:13:01.244 I/ActivityTaskManager( 1194): START u0 {flg=0x10000000 cmp=com.facebook.wearable.system.settings/.SettingsActivity} from uid 0
11-20 07:13:01.261 I/ActivityTaskManager( 1194): The Process com.facebook.wearable.system.settings Already Exists in BG. So sending its PID: 16444
11-20 07:13:01.261 W/ActivityTaskManager( 1194): Tried to set launchTime (0) < mLastActivityLaunchTime (55507594)
11-20 07:13:05.006 E/TaskPersister( 1194): File error accessing recents directory (directory doesn't exist?).
11-20 07:13:07.285 W/ContextImpl( 1194): Calling a method in the system process without a qualified user: android.app.ContextImpl.sendBroadcastMultiplePermissions:1143 android.content.Context.sendBroadcastWithMultiplePermissions:2150 com.android.server.display.WifiDisplayAdapter.handleSendStatusChangeBroadcast:440 com.android.server.display.WifiDisplayAdapter.access$1700:63 com.android.server.display.WifiDisplayAdapter$WifiDisplayHandler.handleMessage:675 
11-20 07:13:08.408 W/ContextImpl( 1194): Calling a method in the system process without a qualified user: android.app.ContextImpl.sendBroadcastMultiplePermissions:1143 android.content.Context.sendBroadcastWithMultiplePermissions:2150 com.android.server.wifi.p2p.WifiP2pServiceImpl$P2pStateMachine.sendBroadcastMultiplePermissions:3209 com.android.server.wifi.p2p.WifiP2pServiceImpl$P2pStateMachine.sendP2pConnectionChangedBroadcast:3236 com.android.server.wifi.p2p.WifiP2pServiceImpl$P2pStateMachine.access$5100:768 
11-20 07:13:08.408 W/wificond(  906): Scan is not started. Ignore abort request
11-20 07:13:08.412 W/BroadcastQueue( 1194): Permission Denial: receiving Intent { act=android.net.wifi.p2p.CONNECTION_STATE_CHANGE flg=0x24000010 (has extras) } to ProcessRecord{ba73 1900:.qtidataservices/u0a89} (pid=1900, uid=10089) requires android.permission.ACCESS_FINE_LOCATION due to sender android (uid 1000)
11-20 07:13:08.429 W/ContextImpl( 1194): Calling a method in the system process without a qualified user: android.app.ContextImpl.sendBroadcastMultiplePermissions:1143 android.content.Context.sendBroadcastWithMultiplePermissions:2150 com.android.server.wifi.p2p.WifiP2pServiceImpl$P2pStateMachine.sendBroadcastMultiplePermissions:3209 com.android.server.wifi.p2p.WifiP2pServiceImpl$P2pStateMachine.sendThisDeviceChangedBroadcast:3218 com.android.server.wifi.p2p.WifiP2pServiceImpl$P2pStateMachine.updateThisDevice:3962 
11-20 07:13:08.780 D/ConnectivityService( 1194): registerNetworkAgent NetworkAgentInfo{ ni{[type: WIFI[], state: UNKNOWN/IDLE, reason: (unspecified), extra: , failover: false, available: true, roaming: false]}  network{162}  nethandle{699190398989}  lp{{InterfaceName: wlan0 LinkAddresses: [ ] DnsAddresses: [ ] Domains: null MTU: 0 Routes: [ ]}}  nc{[ Transports: WIFI Capabilities: NOT_METERED&INTERNET&NOT_RESTRICTED&TRUSTED&NOT_VPN&NOT_ROAMING&FOREGROUND&NOT_CONGESTED&NOT_SUSPENDED LinkUpBandwidth>=72000Kbps LinkDnBandwidth>=72000Kbps OwnerUid: 1000 SSID: "MTBF_Lab" RequestorUid: -1 RequestorPackageName: null]}  Score{20}  everValidated{false}  lastValidated{false}  created{false} lingering{false} explicitlySelected{false} acceptUnvalidated{false} everCaptivePortalDetected{false} lastCaptivePortalDetected{false} partialConnectivity{false} acceptPartialConnectivity{false} clat{mBaseIface: null, mIface: null, mState: IDLE} }
11-20 07:13:08.796 D/ConnectivityService( 1194): [162 WIFI] EVENT_NETWORK_INFO_CHANGED, going from UNKNOWN to UNKNOWN
11-20 07:13:08.933 D/ConnectivityService( 1194): NetReassign [no changes]
11-20 07:13:08.975 I/Nat464Xlat( 1194): Android Xlat is disabled
11-20 07:13:08.975 I/Nat464Xlat( 1194): Android Xlat is disabled
11-20 07:13:09.097 E/ConnectivityService( 1194): Exception in networkAddRouteParcel for non-gateway: android.os.ServiceSpecificException: Machine is not on the network (code 64)
11-20 07:13:09.098 E/ConnectivityService( 1194): Exception in networkAddRouteParcel for gateway: android.os.ServiceSpecificException: Machine is not on the network (code 64)
11-20 07:13:09.098 I/Nat464Xlat( 1194): Android Xlat is disabled
11-20 07:13:09.098 I/Nat464Xlat( 1194): Android Xlat is disabled
11-20 07:13:09.225 D/ConnectivityService( 1194): Setting DNS servers for network 162 to [/192.168.1.1]
11-20 07:13:09.232 I/Nat464Xlat( 1194): Android Xlat is disabled
11-20 07:13:09.232 I/Nat464Xlat( 1194): Android Xlat is disabled
11-20 07:13:09.326 D/ConnectivityService( 1194): [162 WIFI] EVENT_NETWORK_INFO_CHANGED, going from UNKNOWN to CONNECTED
11-20 07:13:09.329 D/DnsManager( 1194): sendDnsConfigurationForNetwork(162, [192.168.1.1], [], 1800, 25, 8, 64, 0, 0, , [])
11-20 07:13:09.335 W/DnsManager( 1194): updatePrivateDns(162, PrivateDnsConfig{true:/[]})
11-20 07:13:09.335 D/ConnectivityService( 1194): Setting DNS servers for network 162 to [/192.168.1.1]
11-20 07:13:09.335 D/DnsManager( 1194): sendDnsConfigurationForNetwork(162, [192.168.1.1], [], 1800, 25, 8, 64, 0, 0, , [192.168.1.1])
11-20 07:13:09.337 D/ConnectivityService( 1194): Adding iface wlan0 to network 162
11-20 07:13:09.359 D/ConnectivityService( 1194): Setting DNS servers for network 162 to [/192.168.1.1]
11-20 07:13:09.360 D/DnsManager( 1194): sendDnsConfigurationForNetwork(162, [192.168.1.1], [], 1800, 25, 8, 64, 0, 0, , [192.168.1.1])
11-20 07:13:09.363 I/Nat464Xlat( 1194): Android Xlat is disabled
11-20 07:13:09.363 I/Nat464Xlat( 1194): Android Xlat is disabled
11-20 07:13:09.416 D/ConnectivityService( 1194): NetReassign [no changes]
11-20 07:13:09.601 D/ConnectivityService( 1194): [162 WIFI] validation passed
11-20 07:13:09.601 D/ConnectivityService( 1194): NetReassign [8 : 100  162, 20 : 100  162, 46 : 100  162, 45 : 100  162, 12 : 100  162, 22 : 100  162, 16 : 100  162, 14 : 100  162, 50 : 100  162, 990 : 100  162, 18 : 100  162, 993 : 100  162, 11 : 100  162, 1 : 100  162, 17 : 100  162, 995 : 100  162]
11-20 07:13:09.604 E/NetlinkEvent(  459): NetlinkEvent::FindParam(): Parameter 'INTERFACE' not found
11-20 07:13:09.604 E/NetlinkEvent(  459): NetlinkEvent::FindParam(): Parameter 'STATE' not found
11-20 07:13:09.604 E/NetlinkEvent(  459): NetlinkEvent::FindParam(): Parameter 'TIME_NS' not found
11-20 07:13:09.604 E/NetlinkEvent(  459): NetlinkEvent::FindParam(): Parameter 'UID' not found
11-20 07:13:09.618 D/ConnectivityService( 1194): Switching to new default network: NetworkAgentInfo{ ni{[type: WIFI[], state: CONNECTED/CONNECTED, reason: (unspecified), extra: , failover: false, available: true, roaming: false]}  network{162}  nethandle{699190398989}  lp{{InterfaceName: wlan0 LinkAddresses: [ 192.168.1.39/24 ] DnsAddresses: [ /192.168.1.1 ] Domains: null MTU: 0 ServerAddress: /192.168.1.1 TcpBufferSizes: 524288,1048576,2097152,262144,524288,1048576 Routes: [ fe80::/64 -> :: wlan0 mtu 0,192.168.1.0/24 -> 0.0.0.0 wlan0 mtu 0,0.0.0.0/0 -> 192.168.1.1 wlan0 mtu 0 ]}}  nc{[ Transports: WIFI Capabilities: NOT_METERED&INTERNET&NOT_RESTRICTED&TRUSTED&NOT_VPN&VALIDATED&NOT_ROAMING&FOREGROUND&NOT_CONGESTED&NOT_SUSPENDED LinkUpBandwidth>=68000Kbps LinkDnBandwidth>=68000Kbps SignalStrength: -30 OwnerUid: 1000 SSID: "MTBF_Lab" RequestorUid: -1 RequestorPackageName: null]}  Score{60}  everValidated{true}  lastValidated{true}  created{true} lingering{false} explicitlySelected{false} acceptUnvalidated{false} everCaptivePortalDetected{false} lastCaptivePortalDetected{false} partialConnectivity{false} acceptPartialConnectivity{false} clat{mBaseIface: null, mIface: null, mState: IDLE} }
11-20 07:13:09.752 D/ConnectivityService( 1194): Lingering [100 CELLULAR] for 30000ms
11-20 07:13:09.753 D/ConnectivityService( 1194): Sending DISCONNECTED broadcast for type 0 [100 CELLULAR] isDefaultNetwork=true
11-20 07:13:09.755 D/ConnectivityService( 1194): Sending CONNECTED broadcast for type 1 [162 WIFI] isDefaultNetwork=true
11-20 07:13:09.782 D/commandrouter( 1117): rtc_sync (1, rtc:sync): <ServiceRequest> FORWARDED (remote -> local) service client ID = 0, token ID = 38317
11-20 07:13:09.783 D/commandrouter( 1117): SocServiceHandle::onServiceMessage, SoC Service = rtc_sync, appType = 1, type = SVC_RESP, clientId = 0, token = 38317, payloadLen = 8, result = 0, payload.size() = 8
11-20 07:13:09.829 D/ConnectivityService( 1194): Setting DNS servers for network 162 to [/192.168.1.1]
11-20 07:13:09.834 D/DnsManager( 1194): sendDnsConfigurationForNetwork(162, [192.168.1.1], [], 1800, 25, 8, 64, 0, 0, , [192.168.1.1])
11-20 07:13:10.628 D/commandrouter( 1117): SocServiceHandle::onServiceMessage, SoC Service = mcu_healthcheck_946, appType = 1, type = SVC_REQ, clientId = 0, token = 924, payloadLen = 20, result = 0, payload.size() = 20
11-20 07:13:10.631 D/commandrouter( 1117): mcu_healthcheck_946 (1, merlot:mcu_health:control): <ServiceResponse> FORWARDED (remote -> local) CR token ID = 924, service client ID = 6, token ID = 33662, result = 0
11-20 07:13:10.702 I/Nat464Xlat( 1194): Android Xlat is disabled
11-20 07:13:10.702 I/Nat464Xlat( 1194): Android Xlat is disabled
11-20 07:13:17.585 D/commandrouter( 1117): SocServiceHandle::onServiceMessage, SoC Service = mcu_healthcheck_1118, appType = 1, type = SVC_REQ, clientId = 0, token = 1849, payloadLen = 12, result = 0, payload.size() = 12
11-20 07:13:17.588 D/commandrouter( 1117): mcu_healthcheck_1118 (1, merlot:mcu_health:control): <ServiceResponse> FORWARDED (remote -> local) CR token ID = 1849, service client ID = 40, token ID = 33663, result = 0
11-20 07:13:17.589 D/mculinkhealth( 1118): isMcuReachable 1 (4 ms)
11-20 07:13:19.772 D/commandrouter( 1117): rtc_sync (1, rtc:sync): <ServiceRequest> FORWARDED (remote -> local) service client ID = 0, token ID = 38318
11-20 07:13:19.773 D/commandrouter( 1117): SocServiceHandle::onServiceMessage, SoC Service = rtc_sync, appType = 1, type = SVC_RESP, clientId = 0, token = 38318, payloadLen = 8, result = 0, payload.size() = 8
11-20 07:13:28.581 D/AutofillManagerService( 1194): onBackKeyPressed()
11-20 07:13:29.121 I/chatty  ( 1194): uid=1000(system) android.ui identical 1 line
11-20 07:13:29.644 D/AutofillManagerService( 1194): onBackKeyPressed()
11-20 07:13:29.766 D/commandrouter( 1117): rtc_sync (1, rtc:sync): <ServiceRequest> FORWARDED (remote -> local) service client ID = 0, token ID = 38319
11-20 07:13:29.767 D/commandrouter( 1117): SocServiceHandle::onServiceMessage, SoC Service = rtc_sync, appType = 1, type = SVC_RESP, clientId = 0, token = 38319, payloadLen = 8, result = 0, payload.size() = 8
11-20 07:13:30.859 D/AutofillManagerService( 1194): onBackKeyPressed()
11-20 07:13:31.169 W/ActivityManager( 1194): Invalid packageName: com.facebook.wearable.system.settings/com.facebook.wearable.system.settings.SettingsActivity
11-20 07:13:31.291 I/ActivityTaskManager( 1194): START u0 {flg=0x10000000 cmp=com.facebook.wearable.system.settings/.SettingsActivity} from uid 0
11-20 07:13:31.307 I/ActivityTaskManager( 1194): The Process com.facebook.wearable.system.settings Already Exists in BG. So sending its PID: 16444
11-20 07:13:31.308 W/ActivityTaskManager( 1194): Tried to set launchTime (0) < mLastActivityLaunchTime (55527526)
11-20 07:13:34.218 E/TaskPersister( 1194): File error accessing recents directory (directory doesn't exist?).
11-20 07:13:38.891 W/ContextImpl( 1194): Calling a method in the system process without a qualified user: android.app.ContextImpl.sendBroadcastMultiplePermissions:1143 android.content.Context.sendBroadcastWithMultiplePermissions:2150 com.android.server.display.WifiDisplayAdapter.handleSendStatusChangeBroadcast:440 com.android.server.display.WifiDisplayAdapter.access$1700:63 com.android.server.display.WifiDisplayAdapter$WifiDisplayHandler.handleMessage:675 
11-20 07:13:39.377 D/ConnectivityService( 1194): [162 WIFI] EVENT_NETWORK_INFO_CHANGED, going from CONNECTED to DISCONNECTED
11-20 07:13:39.378 D/ConnectivityService( 1194): [162 WIFI] disconnected, was satisfying 27
11-20 07:13:39.461 I/Nat464Xlat( 1194): Android Xlat is disabled
11-20 07:13:39.462 I/Nat464Xlat( 1194): Android Xlat is disabled
11-20 07:13:39.506 D/ConnectivityService( 1194): Sending DISCONNECTED broadcast for type 1 [162 WIFI] isDefaultNetwork=true
11-20 07:13:39.524 D/ConnectivityService( 1194): NetReassign [8 : null  100, 20 : null  100, 46 : null  100, 45 : null  100, 12 : null  100, 22 : null  100, 16 : null  100, 14 : null  100, 50 : null  100, 990 : null  100, 18 : null  100, 993 : null  100, 11 : null  100, 1 : null  100, 17 : null  100, 995 : null  100]
11-20 07:13:39.541 E/NetlinkEvent(  459): NetlinkEvent::FindParam(): Parameter 'INTERFACE' not found
11-20 07:13:39.541 E/NetlinkEvent(  459): NetlinkEvent::FindParam(): Parameter 'STATE' not found
11-20 07:13:39.541 E/NetlinkEvent(  459): NetlinkEvent::FindParam(): Parameter 'TIME_NS' not found
11-20 07:13:39.541 E/NetlinkEvent(  459): NetlinkEvent::FindParam(): Parameter 'UID' not found
11-20 07:13:39.572 D/ConnectivityService( 1194): Switching to new default network: NetworkAgentInfo{ ni{[type: MOBILE[LTE], state: CONNECTED/CONNECTED, reason: (unspecified), extra: nxtgenphone, failover: false, available: true, roaming: false]}  network{100}  nethandle{432902426637}  lp{{InterfaceName: rmnet_data2 LinkAddresses: [ 10.129.103.196/29,2600:380:c119:24f:b89a:9f3c:46c1:95af/64 ] DnsAddresses: [ /172.26.38.1,/fc00:a:a::300 ] Domains: null MTU: 1430 TcpBufferSizes: 2097152,4194304,8388608,262144,524288,1048576 Routes: [ 0.0.0.0/0 -> 10.129.103.197 rmnet_data2 mtu 1430,::/0 -> fe80::b45f:41f1:1846:969d rmnet_data2 mtu 1430,10.129.103.192/29 -> 0.0.0.0 rmnet_data2 mtu 0,2600:380:c119:24f::/64 -> :: rmnet_data2 mtu 0 ]}}  nc{[ Transports: CELLULAR Capabilities: MMS&SUPL&FOTA&INTERNET&NOT_RESTRICTED&TRUSTED&NOT_VPN&VALIDATED&NOT_ROAMING&FOREGROUND&NOT_CONGESTED&NOT_SUSPENDED LinkUpBandwidth>=15000Kbps LinkDnBandwidth>=30000Kbps Specifier: <TelephonyNetworkSpecifier [mSubId = 1]> AdministratorUids: [] RequestorUid: -1 RequestorPackageName: null]}  Score{50}  everValidated{true}  lastValidated{true}  created{true} lingering{true} explicitlySelected{false} acceptUnvalidated{false} everCaptivePortalDetected{false} lastCaptivePortalDetected{false} partialConnectivity{false} acceptPartialConnectivity{false} clat{mBaseIface: null, mIface: null, mState: IDLE} }
11-20 07:13:39.736 D/ConnectivityService( 1194): Unlingering [100 CELLULAR]
11-20 07:13:39.736 D/ConnectivityService( 1194): Sending CONNECTED broadcast for type 0 [100 CELLULAR] isDefaultNetwork=true
11-20 07:13:39.755 D/commandrouter( 1117): rtc_sync (1, rtc:sync): <ServiceRequest> FORWARDED (remote -> local) service client ID = 0, token ID = 38320
11-20 07:13:39.756 D/commandrouter( 1117): SocServiceHandle::onServiceMessage, SoC Service = rtc_sync, appType = 1, type = SVC_RESP, clientId = 0, token = 38320, payloadLen = 8, result = 0, payload.size() = 8
11-20 07:13:43.911 D/AutofillManagerService( 1194): onBackKeyPressed()
11-20 07:13:44.974 I/chatty  ( 1194): uid=1000(system) android.ui identical 2 lines
11-20 07:13:46.628 D/AutofillManagerService( 1194): onBackKeyPressed()
11-20 07:13:47.590 D/commandrouter( 1117): SocServiceHandle::onServiceMessage, SoC Service = mcu_healthcheck_1118, appType = 1, type = SVC_REQ, clientId = 0, token = 1850, payloadLen = 12, result = 0, payload.size() = 12
11-20 07:13:47.603 D/commandrouter( 1117): mcu_healthcheck_1118 (1, merlot:mcu_health:control): <ServiceResponse> FORWARDED (remote -> local) CR token ID = 1850, service client ID = 40, token ID = 33664, result = 0
11-20 07:13:47.603 D/mculinkhealth( 1118): isMcuReachable 1 (13 ms)
11-20 07:13:47.624 D/AutofillManagerService( 1194): onBackKeyPressed()
11-20 07:13:48.485 E/TaskPersister( 1194): File error accessing recents directory (directory doesn't exist?).
11-20 07:13:48.622 D/AutofillManagerService( 1194): onBackKeyPressed()
11-20 07:13:48.720 D/AppStorageManager( 1194): BEFORE:: Previous Size: 997343232 Current Size: 997031936
11-20 07:13:48.720 D/AppStorageManager( 1194): AFTER:: Previous Size: 997031936 Current Size: 997031936
11-20 07:13:49.616 D/AutofillManagerService( 1194): onBackKeyPressed()
11-20 07:13:49.742 D/commandrouter( 1117): rtc_sync (1, rtc:sync): <ServiceRequest> FORWARDED (remote -> local) service client ID = 0, token ID = 38321
11-20 07:13:49.743 D/commandrouter( 1117): SocServiceHandle::onServiceMessage, SoC Service = rtc_sync, appType = 1, type = SVC_RESP, clientId = 0, token = 38321, payloadLen = 8, result = 0, payload.size() = 8
11-20 07:13:50.632 D/AutofillManagerService( 1194): onBackKeyPressed()
11-20 07:13:50.805 W/ActivityManager( 1194): Invalid packageName: com.facebook.wearable.system.settings/com.facebook.wearable.system.settings.SettingsActivity
11-20 07:13:50.954 I/ActivityTaskManager( 1194): START u0 {flg=0x10000000 cmp=com.facebook.wearable.system.settings/.SettingsActivity} from uid 0
11-20 07:13:50.970 I/ActivityTaskManager( 1194): The Process com.facebook.wearable.system.settings Already Exists in BG. So sending its PID: 16444
11-20 07:13:50.971 W/ActivityTaskManager( 1194): Tried to set launchTime (0) < mLastActivityLaunchTime (55557572)
11-20 07:13:54.578 E/TaskPersister( 1194): File error accessing recents directory (directory doesn't exist?).
11-20 07:13:55.186 D/AnalyticsLogger( 1194): sent events: 13
11-20 07:13:57.085 W/ContextImpl( 1194): Calling a method in the system process without a qualified user: android.app.ContextImpl.sendBroadcastMultiplePermissions:1143 android.content.Context.sendBroadcastWithMultiplePermissions:2150 com.android.server.display.WifiDisplayAdapter.handleSendStatusChangeBroadcast:440 com.android.server.display.WifiDisplayAdapter.access$1700:63 com.android.server.display.WifiDisplayAdapter$WifiDisplayHandler.handleMessage:675 
--------- beginning of main
11-20 07:13:58.019 E/wpa_supplicant(31309): eap_proxy: IMSI read from SIM = 0 src 4
11-20 07:13:58.019 E/wpa_supplicant(31309): eap_proxy: IMSI dst = 48 dst 6
11-20 07:13:58.020 E/wpa_supplicant(31309): eap_proxy: IMSI dst = 48 dst 7
11-20 07:13:58.020 E/wpa_supplicant(31309): eap_proxy: IMSI read from SIM = 146 src 5
11-20 07:13:58.020 E/wpa_supplicant(31309): eap_proxy: IMSI dst = 50 dst 8
11-20 07:13:58.020 E/wpa_supplicant(31309): eap_proxy: IMSI dst = 57 dst 9
11-20 07:13:58.020 E/wpa_supplicant(31309): eap_proxy: IMSI read from SIM = 9 src 6
11-20 07:13:58.020 E/wpa_supplicant(31309): eap_proxy: IMSI dst = 57 dst 10
11-20 07:13:58.020 E/wpa_supplicant(31309): eap_proxy: IMSI dst = 48 dst 11
11-20 07:13:58.020 E/wpa_supplicant(31309): eap_proxy: IMSI read from SIM = 41 src 7
11-20 07:13:58.020 E/wpa_supplicant(31309): eap_proxy: IMSI dst = 57 dst 12
11-20 07:13:58.020 E/wpa_supplicant(31309): eap_proxy: IMSI dst = 50 dst 13
11-20 07:13:58.020 E/wpa_supplicant(31309): eap_proxy: IMSI read from SIM = 24 src 8
11-20 07:13:58.020 E/wpa_supplicant(31309): eap_proxy: IMSI dst = 56 dst 14
11-20 07:13:58.020 E/wpa_supplicant(31309): eap_proxy: IMSI dst = 49 dst 15
11-20 07:13:58.020 E/wpa_supplicant(31309): eap_proxy: IMSI first digit = 8 read length = 15imsi      310280029909281
11-20 07:13:58.020 E/QMI_FW  (31309): qmi_cci_get_ref: ref count increased 2
11-20 07:13:58.022 E/wpa_supplicant(31309): nl80211: Set scan default IEs failed: ret=-524 (Unknown error 524)
11-20 07:13:58.022 I/wpa_supplicant(31309): Mapping to vendor P2P iface
11-20 07:13:58.046 I/wpa_supplicant(31309): p2p0: CTRL-EVENT-AVOID-FREQ ranges=
11-20 07:13:58.056 I/chatty  ( 1194): uid=1000(system) WifiHandlerThre expire 5 lines
11-20 07:13:58.071 I/wpa_supplicant(31309): p2p0: CTRL-EVENT-AVOID-FREQ ranges=
11-20 07:13:58.072 E/wpa_supplicant(31309): eap_proxy: eap_proxy_notify_config
11-20 07:13:58.072 E/wpa_supplicant(31309): eap_proxy: eap_proxy_notify_config
11-20 07:13:58.073 I/chatty  ( 1194): uid=1000(system) WifiP2pService expire 8 lines
11-20 07:13:58.076 I/wpa_supplicant(31309): get vendor p2p iface object
11-20 07:13:58.099 I/QC-NETMGR-LIB(  932): NetmgrNetdClientRemoveInterfaceFromOemNetwork(): Looking for Netd service
11-20 07:13:58.099 I/QC-NETMGR-LIB(  932): NetmgrNetdClientRemoveInterfaceFromOemNetwork(): starting command
11-20 07:13:58.099 I/chatty  ( 1024): uid=1021(gps) lowi-server expire 5 lines
11-20 07:13:58.099 I/QC-NETMGR-LIB(  932): removeInterfaceFromOemNetwork(): Attempting removeInterfaceFromOemNetwork
11-20 07:13:58.108 E/wpa_supplicant(31309): eap_proxy: eap_proxy_notify_config
11-20 07:13:58.110 W/ContextImpl( 1194): Calling a method in the system process without a qualified user: android.app.ContextImpl.sendBroadcastMultiplePermissions:1143 android.content.Context.sendBroadcastWithMultiplePermissions:2150 com.android.server.wifi.p2p.WifiP2pServiceImpl$P2pStateMachine.sendBroadcastMultiplePermissions:3209 com.android.server.wifi.p2p.WifiP2pServiceImpl$P2pStateMachine.sendP2pConnectionChangedBroadcast:3236 com.android.server.wifi.p2p.WifiP2pServiceImpl$P2pStateMachine.access$5100:768 
11-20 07:13:58.112 W/BroadcastQueue( 1194): Permission Denial: receiving Intent { act=android.net.wifi.p2p.CONNECTION_STATE_CHANGE flg=0x24000010 (has extras) } to ProcessRecord{ba73 1900:.qtidataservices/u0a89} (pid=1900, uid=10089) requires android.permission.ACCESS_FINE_LOCATION due to sender android (uid 1000)
11-20 07:13:58.122 I/WifiHAL (  539): event received NL80211_CMD_VENDOR, vendor_id = 0x1374, subcmd = 0xa
11-20 07:13:58.124 I/chatty  ( 1024): uid=1021(gps) lowi-server expire 18 lines
11-20 07:13:58.124 I/chatty  ( 1024): uid=1021(gps) lowi-server expire 52 lines
11-20 07:13:58.138 I/wpa_supplicant(31309): p2p0: CTRL-EVENT-AVOID-FREQ ranges=
11-20 07:13:58.142 I/chatty  ( 1024): uid=1021(gps) lowi-server expire 8 lines
11-20 07:13:58.211 W/wificond(  906): Scan is not started. Ignore abort request
11-20 07:13:58.211 W/ContextImpl( 1194): Calling a method in the system process without a qualified user: android.app.ContextImpl.sendBroadcastMultiplePermissions:1143 android.content.Context.sendBroadcastWithMultiplePermissions:2150 com.android.server.wifi.p2p.WifiP2pServiceImpl$P2pStateMachine.sendBroadcastMultiplePermissions:3209 com.android.server.wifi.p2p.WifiP2pServiceImpl$P2pStateMachine.sendThisDeviceChangedBroadcast:3218 com.android.server.wifi.p2p.WifiP2pServiceImpl$P2pStateMachine.updateThisDevice:3962 
11-20 07:13:58.602 D/ConnectivityService( 1194): registerNetworkAgent NetworkAgentInfo{ ni{[type: WIFI[], state: UNKNOWN/IDLE, reason: (unspecified), extra: , failover: false, available: true, roaming: false]}  network{163}  nethandle{703485366285}  lp{{InterfaceName: wlan0 LinkAddresses: [ ] DnsAddresses: [ ] Domains: null MTU: 0 Routes: [ ]}}  nc{[ Transports: WIFI Capabilities: NOT_METERED&INTERNET&NOT_RESTRICTED&TRUSTED&NOT_VPN&NOT_ROAMING&FOREGROUND&NOT_CONGESTED&NOT_SUSPENDED LinkUpBandwidth>=72000Kbps LinkDnBandwidth>=72000Kbps OwnerUid: 1000 SSID: "MTBF_Lab" RequestorUid: -1 RequestorPackageName: null]}  Score{20}  everValidated{false}  lastValidated{false}  created{false} lingering{false} explicitlySelected{false} acceptUnvalidated{false} everCaptivePortalDetected{false} lastCaptivePortalDetected{false} partialConnectivity{false} acceptPartialConnectivity{false} clat{mBaseIface: null, mIface: null, mState: IDLE} }
11-20 07:13:58.628 D/ConnectivityService( 1194): [163 WIFI] EVENT_NETWORK_INFO_CHANGED, going from UNKNOWN to UNKNOWN
11-20 07:13:58.794 D/ConnectivityService( 1194): NetReassign [no changes]
11-20 07:13:58.828 I/Nat464Xlat( 1194): Android Xlat is disabled
11-20 07:13:58.828 I/Nat464Xlat( 1194): Android Xlat is disabled
11-20 07:13:58.962 E/ConnectivityService( 1194): Exception in networkAddRouteParcel for non-gateway: android.os.ServiceSpecificException: Machine is not on the network (code 64)
11-20 07:13:58.963 E/ConnectivityService( 1194): Exception in networkAddRouteParcel for gateway: android.os.ServiceSpecificException: Machine is not on the network (code 64)
11-20 07:13:58.963 I/Nat464Xlat( 1194): Android Xlat is disabled
11-20 07:13:58.975 D/QCNEJ/WlanStaInfoRelay( 1900): Received action: android.net.wifi.STATE_CHANGE
11-20 07:13:58.976 D/WifiConnector( 2841): Network State Changed
11-20 07:13:58.981 D/WifiConnector( 2841): Configured Networks Changed
11-20 07:13:59.001 I/chatty  ( 1194): uid=1000(system) pool-9-thread-1 expire 3 lines
11-20 07:13:59.048 E/QMI_FW  ( 1113): qmi_cci_get_ref: ref count increased 2
11-20 07:13:59.049 E/QMI_FW  ( 1113): qmi_cci_get_ref: ref count increased 2
11-20 07:13:59.049 E/QMI_FW  ( 1113): qmi_cci_get_ref: ref count increased 2
11-20 07:13:59.079 E/QMI_FW  (  927): qmi_cci_get_ref: ref count increased 2
11-20 07:13:58.963 I/Nat464Xlat( 1194): Android Xlat is disabled
11-20 07:13:59.097 D/ConnectivityService( 1194): Setting DNS servers for network 163 to [/192.168.1.1]
11-20 07:13:59.100 I/Nat464Xlat( 1194): Android Xlat is disabled
11-20 07:13:59.103 I/Nat464Xlat( 1194): Android Xlat is disabled
11-20 07:13:59.186 D/ConnectivityService( 1194): [163 WIFI] EVENT_NETWORK_INFO_CHANGED, going from UNKNOWN to CONNECTED
11-20 07:13:59.205 D/DnsManager( 1194): sendDnsConfigurationForNetwork(163, [192.168.1.1], [], 1800, 25, 8, 64, 0, 0, , [])
11-20 07:13:59.207 W/DnsManager( 1194): updatePrivateDns(163, PrivateDnsConfig{true:/[]})
11-20 07:13:59.207 D/ConnectivityService( 1194): Setting DNS servers for network 163 to [/192.168.1.1]
11-20 07:13:59.208 D/DnsManager( 1194): sendDnsConfigurationForNetwork(163, [192.168.1.1], [], 1800, 25, 8, 64, 0, 0, , [192.168.1.1])
11-20 07:13:59.081 E/QMI_FW  (  927): qmi_cci_get_ref: ref count increased 2
11-20 07:13:59.209 W/resolv  (  459): Validating DnsTlsServer on netId 163
11-20 07:13:59.210 D/ConnectivityService( 1194): Adding iface wlan0 to network 163
11-20 07:13:59.211 W/resolv  (  459): Validation failed
11-20 07:13:59.222 D/ConnectivityService( 1194): Setting DNS servers for network 163 to [/192.168.1.1]
11-20 07:13:59.222 D/DnsManager( 1194): sendDnsConfigurationForNetwork(163, [192.168.1.1], [], 1800, 25, 8, 64, 0, 0, , [192.168.1.1])
11-20 07:13:59.223 W/resolv  (  459): Validating DnsTlsServer on netId 163
11-20 07:13:59.224 I/Nat464Xlat( 1194): Android Xlat is disabled
11-20 07:13:59.239 W/resolv  (  459): SSL_connect ssl error =5, mark 0xf00a3: Connection refused
11-20 07:13:59.240 W/resolv  (  459): Validation failed
11-20 07:13:59.224 I/Nat464Xlat( 1194): Android Xlat is disabled
11-20 07:13:59.282 D/ConnectivityService( 1194): NetReassign [no changes]
11-20 07:13:59.296 D/QCNEJ/WlanStaInfoRelay( 1900): network available: 163
11-20 07:13:59.304 D/QCNEJ/NativeHalConnector( 1900): -> SND notifyWifiAvailable(v4Connected = truev6Connected = , false, isAndroidValidated = false)
11-20 07:13:59.308 D/QCNEJ/NativeHalConnector( 1900): -> SND notifyWifiAvailable(v4Connected = truev6Connected = , false, isAndroidValidated = false)
11-20 07:13:59.363 I/chatty  ( 1194): uid=1000 system_server expire 3 lines
11-20 07:13:59.367 I/chatty  ( 1194): uid=1000 system_server expire 2 lines
11-20 07:13:59.481 I/chatty  ( 1194): uid=1000 system_server expire 1 line
11-20 07:13:59.483 D/ConnectivityService( 1194): [163 WIFI] validation passed
11-20 07:13:59.484 D/ConnectivityService( 1194): NetReassign [8 : 100  163, 20 : 100  163, 46 : 100  163, 45 : 100  163, 12 : 100  163, 22 : 100  163, 16 : 100  163, 14 : 100  163, 50 : 100  163, 990 : 100  163, 18 : 100  163, 993 : 100  163, 11 : 100  163, 1 : 100  163, 17 : 100  163, 995 : 100  163]
11-20 07:13:59.495 E/NetlinkEvent(  459): NetlinkEvent::FindParam(): Parameter 'INTERFACE' not found
11-20 07:13:59.495 E/NetlinkEvent(  459): NetlinkEvent::FindParam(): Parameter 'STATE' not found
11-20 07:13:59.495 E/NetlinkEvent(  459): NetlinkEvent::FindParam(): Parameter 'TIME_NS' not found
11-20 07:13:59.495 E/NetlinkEvent(  459): NetlinkEvent::FindParam(): Parameter 'UID' not found
11-20 07:13:59.519 D/ConnectivityService( 1194): Switching to new default network: NetworkAgentInfo{ ni{[type: WIFI[], state: CONNECTED/CONNECTED, reason: (unspecified), extra: , failover: false, available: true, roaming: false]}  network{163}  nethandle{703485366285}  lp{{InterfaceName: wlan0 LinkAddresses: [ 192.168.1.39/24 ] DnsAddresses: [ /192.168.1.1 ] Domains: null MTU: 0 ServerAddress: /192.168.1.1 TcpBufferSizes: 524288,1048576,2097152,262144,524288,1048576 Routes: [ fe80::/64 -> :: wlan0 mtu 0,192.168.1.0/24 -> 0.0.0.0 wlan0 mtu 0,0.0.0.0/0 -> 192.168.1.1 wlan0 mtu 0 ]}}  nc{[ Transports: WIFI Capabilities: NOT_METERED&INTERNET&NOT_RESTRICTED&TRUSTED&NOT_VPN&VALIDATED&NOT_ROAMING&FOREGROUND&NOT_CONGESTED&NOT_SUSPENDED LinkUpBandwidth>=68000Kbps LinkDnBandwidth>=68000Kbps SignalStrength: -30 OwnerUid: 1000 SSID: "MTBF_Lab" RequestorUid: -1 RequestorPackageName: null]}  Score{60}  everValidated{true}  lastValidated{true}  created{true} lingering{false} explicitlySelected{false} acceptUnvalidated{false} everCaptivePortalDetected{false} lastCaptivePortalDetected{false} partialConnectivity{false} acceptPartialConnectivity{false} clat{mBaseIface: null, mIface: null, mState: IDLE} }
11-20 07:13:59.652 D/QCNEJ/DefaultNetworkInfoRelay( 1900): Default network available: 163
11-20 07:13:59.657 V/LigerRadioStatsReporter( 2384): onCapabilitiesChanged: Network capabilities changed
11-20 07:13:59.663 I/chatty  ( 1194): uid=1000(system) HeapTaskDaemon expire 1 line
11-20 07:13:59.663 D/DeviceAuthService(22474): Network connected
11-20 07:13:59.663 D/DeviceAuthService(22474): fetchAuthTokenWrapper called
11-20 07:13:59.667 D/QCNEJ/NativeHalConnector( 1900): -> SND notifyDefaultNetworkChanged(1)
11-20 07:13:59.678 I/chatty  ( 1194): uid=1000(system) NetworkTimeUpda expire 1 line
11-20 07:13:59.687 D/ConnectivityService( 1194): Lingering [100 CELLULAR] for 30000ms
11-20 07:13:59.688 E/QMI_FW  (  927): qmi_cci_get_ref: ref count increased 2
11-20 07:13:59.689 D/ConnectivityService( 1194): Sending DISCONNECTED broadcast for type 0 [100 CELLULAR] isDefaultNetwork=true
11-20 07:13:59.693 E/QMI_FW  (  927): qmi_cci_get_ref: ref count increased 2
11-20 07:13:59.699 D/DeviceAuthService(22474): isOculusAddressResolvable returned true
11-20 07:13:59.699 D/DeviceAuthenticator(22474): Fetching new credentials asynchronously
11-20 07:13:59.700 D/DeviceAuthenticator(22474): Calling DeviceAuth.authenticate()
11-20 07:13:59.703 E/DeviceCertService(  541): This device *might* have a provisioning issue. Please run `maui provision check` to verify.
11-20 07:13:59.703 E/DeviceCertService(  541): See https://fburl.com/wiki/a9hho0p9 for more information.
11-20 07:13:59.703 E/DeviceCertService(  541): Could not access certificate file '/mnt/vendor/persist/certificates/device_identityinsecure.crt', error 2: No such file or directory
11-20 07:13:59.704 E/DeviceAuthenticator(22474): ERROR: java.lang.RuntimeException: devicecert returned error FILESYSTEM_ERROR
11-20 07:13:59.704 E/DeviceAuthenticator(22474): 
11-20 07:13:59.704 E/DeviceAuthenticator(22474): com.facebook.mos.sdk.devicecert.DeviceIdentityException: java.lang.RuntimeException: devicecert returned error FILESYSTEM_ERROR
11-20 07:13:59.704 E/DeviceAuthenticator(22474): 
11-20 07:13:59.708 D/ConnectivityService( 1194): Sending CONNECTED broadcast for type 1 [163 WIFI] isDefaultNetwork=true
11-20 07:13:59.709 I/chatty  ( 1194): uid=1000(system) android.fg expire 1 line
11-20 07:13:59.711 I/chatty  (  523): uid=1021(gps) Loc_hal_worker expire 1 line
11-20 07:13:59.722 D/QCNEJ/WlanStaInfoRelay( 1900): AndroidValidate from false to true
11-20 07:13:59.728 V/LigerRadioStatsReporter( 2384): onCapabilitiesChanged: Network capabilities changed
11-20 07:13:59.728 V/LigerRadioStatsReporter( 2384): reportAndCheckpointRadioStats
11-20 07:13:59.729 V/LigerRadioStatsReporter( 2384): +++++++++++ RADIO STATS DUMP +++++++++++
11-20 07:13:59.729 V/LigerRadioStatsReporter( 2384): totalActiveRadioTimeMs=0
11-20 07:13:59.729 V/LigerRadioStatsReporter( 2384): totalTailRadioTimeMs=13995
11-20 07:13:59.729 V/LigerRadioStatsReporter( 2384): totalWakeupCount=0
11-20 07:13:59.729 V/LigerRadioStatsReporter( 2384): httpUpBytes=0
11-20 07:13:59.729 V/LigerRadioStatsReporter( 2384): httpDownBytes=0
11-20 07:13:59.729 V/LigerRadioStatsReporter( 2384): httpWakeupCount=0
11-20 07:13:59.729 V/LigerRadioStatsReporter( 2384): httpRequestCount=0
11-20 07:13:59.729 V/LigerRadioStatsReporter( 2384): httpActiveRadioTimeMs=0
11-20 07:13:59.729 V/LigerRadioStatsReporter( 2384): httpTailRadioTimeMs=13995
11-20 07:13:59.729 V/LigerRadioStatsReporter( 2384): reportAndCheckpointRadioStats: Tx=0
11-20 07:13:59.729 V/LigerRadioStatsReporter( 2384): reportAndCheckpointRadioStats: Rx=0
11-20 07:13:59.730 V/LigerRadioStatsReporter( 2384): reportAndCheckpointRadioStats: Uids=10028
11-20 07:13:59.730 V/LigerRadioStatsReporter( 2384): reportAndCheckpointRadioStats: Tags=null
11-20 07:13:59.735 D/QCNEJ/WlanStaInfoRelay( 1900): retrieveCountryCode:Location obtained from Telephony: us
11-20 07:13:59.736 D/commandrouter( 1117): rtc_sync (1, rtc:sync): <ServiceRequest> FORWARDED (remote -> local) service client ID = 0, token ID = 38322
11-20 07:13:59.737 D/vendor.facebook.rtc_sync@1.0-service( 1129): Request req_ts=1637392439738863496 resp_ts=1637392439737125732
11-20 07:13:59.737 D/commandrouter( 1117): SocServiceHandle::onServiceMessage, SoC Service = rtc_sync, appType = 1, type = SVC_RESP, clientId = 0, token = 38322, payloadLen = 8, result = 0, payload.size() = 8
11-20 07:13:59.741 D/ConnectivityService( 1194): Setting DNS servers for network 163 to [/192.168.1.1]
11-20 07:13:59.741 D/DnsManager( 1194): sendDnsConfigurationForNetwork(163, [192.168.1.1], [], 1800, 25, 8, 64, 0, 0, , [192.168.1.1])
11-20 07:13:59.743 E/QMI_FW  ( 1113): qmi_cci_get_ref: ref count increased 2
11-20 07:13:59.745 E/QMI_FW  ( 1113): qmi_cci_get_ref: ref count increased 2
