11-20 07:23:02.325 W/ActivityTaskManager( 1186): Tried to set launchTime (0) < mLastActivityLaunchTime (56039041)
11-20 07:23:03.747 D/commandrouter( 1006): rtc_sync (1, rtc:sync): <ServiceRequest> FORWARDED (remote -> local) service client ID = 0, token ID = 38370
11-20 07:23:03.748 D/commandrouter( 1006): SocServiceHandle::onServiceMessage, SoC Service = rtc_sync, appType = 1, type = SVC_RESP, clientId = 0, token = 38370, payloadLen = 8, result = 0, payload.size() = 8
11-20 07:23:04.409 E/TaskPersister( 1186): File error accessing recents directory (directory doesn't exist?).
11-20 07:23:09.045 D/commandrouter( 1006): SocServiceHandle::onServiceMessage, SoC Service = mcu_healthcheck_934, appType = 1, type = SVC_REQ, clientId = 0, token = 933, payloadLen = 20, result = 0, payload.size() = 20
11-20 07:23:09.050 D/commandrouter( 1006): mcu_healthcheck_934 (1, merlot:mcu_health:control): <ServiceResponse> FORWARDED (remote -> local) CR token ID = 933, service client ID = 5, token ID = 32272, result = 0
11-20 07:23:09.904 W/ContextImpl( 1186): Calling a method in the system process without a qualified user: android.app.ContextImpl.sendBroadcastMultiplePermissions:1143 android.content.Context.sendBroadcastWithMultiplePermissions:2150 com.android.server.display.WifiDisplayAdapter.handleSendStatusChangeBroadcast:440 com.android.server.display.WifiDisplayAdapter.access$1700:63 com.android.server.display.WifiDisplayAdapter$WifiDisplayHandler.handleMessage:675 
11-20 07:23:10.372 D/ConnectivityService( 1186): [150 WIFI] EVENT_NETWORK_INFO_CHANGED, going from CONNECTED to DISCONNECTED
11-20 07:23:10.372 D/ConnectivityService( 1186): [150 WIFI] disconnected, was satisfying 25
11-20 07:23:10.473 I/Nat464Xlat( 1186): Android Xlat is disabled
11-20 07:23:10.473 I/Nat464Xlat( 1186): Android Xlat is disabled
11-20 07:23:10.528 D/ConnectivityService( 1186): Sending DISCONNECTED broadcast for type 1 [150 WIFI] isDefaultNetwork=true
11-20 07:23:10.530 D/ConnectivityService( 1186): NetReassign [44 : null → 101, 1191 : null → 101, 11 : null → 101, 63 : null → 101, 17 : null → 101, 25 : null → 101, 1 : null → 101, 1196 : null → 101, 8 : null → 101, 654 : null → 101, 12 : null → 101, 14 : null → 101, 16 : null → 101, 22 : null → 101]
11-20 07:23:10.533 E/NetlinkEvent(  462): NetlinkEvent::FindParam(): Parameter 'INTERFACE' not found
11-20 07:23:10.533 E/NetlinkEvent(  462): NetlinkEvent::FindParam(): Parameter 'STATE' not found
11-20 07:23:10.533 E/NetlinkEvent(  462): NetlinkEvent::FindParam(): Parameter 'TIME_NS' not found
11-20 07:23:10.533 E/NetlinkEvent(  462): NetlinkEvent::FindParam(): Parameter 'UID' not found
11-20 07:23:10.548 D/ConnectivityService( 1186): Switching to new default network: NetworkAgentInfo{ ni{[type: MOBILE[LTE], state: CONNECTED/CONNECTED, reason: (unspecified), extra: enhancedphone, failover: false, available: true, roaming: false]}  network{101}  nethandle{437197393933}  lp{{InterfaceName: rmnet_data2 LinkAddresses: [ 10.55.48.101/30,2600:381:4804:c4b6:8cdc:8f0b:afe1:ec6b/64 ] DnsAddresses: [ /172.26.38.2,/fc00:a:a::400 ] Domains: null MTU: 1430 TcpBufferSizes: 2097152,4194304,8388608,262144,524288,1048576 Routes: [ 0.0.0.0/0 -> 10.55.48.102 rmnet_data2 mtu 1430,::/0 -> fe80::9db2:334d:2872:1e0a rmnet_data2 mtu 1430,10.55.48.100/30 -> 0.0.0.0 rmnet_data2 mtu 0,2600:381:4804:c4b6::/64 -> :: rmnet_data2 mtu 0 ]}}  nc{[ Transports: CELLULAR Capabilities: MMS&SUPL&FOTA&INTERNET&NOT_RESTRICTED&TRUSTED&NOT_VPN&VALIDATED&NOT_ROAMING&FOREGROUND&NOT_CONGESTED&NOT_SUSPENDED LinkUpBandwidth>=15000Kbps LinkDnBandwidth>=30000Kbps Specifier: <TelephonyNetworkSpecifier [mSubId = 1]> AdministratorUids: [] RequestorUid: -1 RequestorPackageName: null]}  Score{50}  everValidated{true}  lastValidated{true}  created{true} lingering{true} explicitlySelected{false} acceptUnvalidated{false} everCaptivePortalDetected{false} lastCaptivePortalDetected{false} partialConnectivity{false} acceptPartialConnectivity{false} clat{mBaseIface: null, mIface: null, mState: IDLE} }
11-20 07:23:10.673 D/ConnectivityService( 1186): Unlingering [101 CELLULAR]
11-20 07:23:10.686 D/ConnectivityService( 1186): Sending CONNECTED broadcast for type 0 [101 CELLULAR] isDefaultNetwork=true
11-20 07:23:13.754 D/commandrouter( 1006): rtc_sync (1, rtc:sync): <ServiceRequest> FORWARDED (remote -> local) service client ID = 0, token ID = 38371
11-20 07:23:13.755 D/commandrouter( 1006): SocServiceHandle::onServiceMessage, SoC Service = rtc_sync, appType = 1, type = SVC_RESP, clientId = 0, token = 38371, payloadLen = 8, result = 0, payload.size() = 8
11-20 07:23:14.590 D/AutofillManagerService( 1186): onBackKeyPressed()
11-20 07:23:15.125 D/AutofillManagerService( 1186): onBackKeyPressed()
11-20 07:23:15.337 D/commandrouter( 1006): SocServiceHandle::onServiceMessage, SoC Service = mcu_healthcheck_1029, appType = 1, type = SVC_REQ, clientId = 0, token = 1867, payloadLen = 12, result = 0, payload.size() = 12
11-20 07:23:15.341 D/commandrouter( 1006): mcu_healthcheck_1029 (1, merlot:mcu_health:control): <ServiceResponse> FORWARDED (remote -> local) CR token ID = 1867, service client ID = 40, token ID = 32273, result = 0
11-20 07:23:15.342 D/mculinkhealth( 1029): isMcuReachable 1 (5 ms)
11-20 07:23:15.648 D/AutofillManagerService( 1186): onBackKeyPressed()
11-20 07:23:17.631 I/chatty  ( 1186): uid=1000(system) android.ui identical 2 lines
11-20 07:23:18.617 D/AutofillManagerService( 1186): onBackKeyPressed()
11-20 07:23:19.139 E/TaskPersister( 1186): File error accessing recents directory (directory doesn't exist?).
11-20 07:23:19.628 D/AutofillManagerService( 1186): onBackKeyPressed()
11-20 07:23:20.629 D/AutofillManagerService( 1186): onBackKeyPressed()
11-20 07:23:21.170 W/ActivityManager( 1186): Invalid packageName: com.facebook.wearable.system.settings/com.facebook.wearable.system.settings.SettingsActivity
11-20 07:23:21.305 I/ActivityTaskManager( 1186): START u0 {flg=0x10000000 cmp=com.facebook.wearable.system.settings/.SettingsActivity} from uid 0
11-20 07:23:21.319 I/ActivityTaskManager( 1186): The Process com.facebook.wearable.system.settings Already Exists in BG. So sending its PID: 13351
11-20 07:23:21.320 W/ActivityTaskManager( 1186): Tried to set launchTime (0) < mLastActivityLaunchTime (56070052)
11-20 07:23:23.761 D/commandrouter( 1006): rtc_sync (1, rtc:sync): <ServiceRequest> FORWARDED (remote -> local) service client ID = 0, token ID = 38372
11-20 07:23:23.761 D/commandrouter( 1006): SocServiceHandle::onServiceMessage, SoC Service = rtc_sync, appType = 1, type = SVC_RESP, clientId = 0, token = 38372, payloadLen = 8, result = 0, payload.size() = 8
11-20 07:23:25.471 E/TaskPersister( 1186): File error accessing recents directory (directory doesn't exist?).
11-20 07:23:28.135 W/ContextImpl( 1186): Calling a method in the system process without a qualified user: android.app.ContextImpl.sendBroadcastMultiplePermissions:1143 android.content.Context.sendBroadcastWithMultiplePermissions:2150 com.android.server.display.WifiDisplayAdapter.handleSendStatusChangeBroadcast:440 com.android.server.display.WifiDisplayAdapter.access$1700:63 com.android.server.display.WifiDisplayAdapter$WifiDisplayHandler.handleMessage:675 
11-20 07:23:29.139 W/ContextImpl( 1186): Calling a method in the system process without a qualified user: android.app.ContextImpl.sendBroadcastMultiplePermissions:1143 android.content.Context.sendBroadcastWithMultiplePermissions:2150 com.android.server.wifi.p2p.WifiP2pServiceImpl$P2pStateMachine.sendBroadcastMultiplePermissions:3209 com.android.server.wifi.p2p.WifiP2pServiceImpl$P2pStateMachine.sendP2pConnectionChangedBroadcast:3236 com.android.server.wifi.p2p.WifiP2pServiceImpl$P2pStateMachine.access$5100:768 
11-20 07:23:29.141 W/BroadcastQueue( 1186): Permission Denial: receiving Intent { act=android.net.wifi.p2p.CONNECTION_STATE_CHANGE flg=0x24000010 (has extras) } to ProcessRecord{688c834 1907:.qtidataservices/u0a88} (pid=1907, uid=10088) requires android.permission.ACCESS_FINE_LOCATION due to sender android (uid 1000)
11-20 07:23:29.146 W/ContextImpl( 1186): Calling a method in the system process without a qualified user: android.app.ContextImpl.sendBroadcastMultiplePermissions:1143 android.content.Context.sendBroadcastWithMultiplePermissions:2150 com.android.server.wifi.p2p.WifiP2pServiceImpl$P2pStateMachine.sendBroadcastMultiplePermissions:3209 com.android.server.wifi.p2p.WifiP2pServiceImpl$P2pStateMachine.sendThisDeviceChangedBroadcast:3218 com.android.server.wifi.p2p.WifiP2pServiceImpl$P2pStateMachine.updateThisDevice:3962 
11-20 07:23:29.259 W/wificond(  911): Scan is not started. Ignore abort request
11-20 07:23:29.635 D/ConnectivityService( 1186): registerNetworkAgent NetworkAgentInfo{ ni{[type: WIFI[], state: UNKNOWN/IDLE, reason: (unspecified), extra: , failover: false, available: true, roaming: false]}  network{151}  nethandle{651945758733}  lp{{InterfaceName: wlan0 LinkAddresses: [ ] DnsAddresses: [ ] Domains: null MTU: 0 Routes: [ ]}}  nc{[ Transports: WIFI Capabilities: NOT_METERED&INTERNET&NOT_RESTRICTED&TRUSTED&NOT_VPN&NOT_ROAMING&FOREGROUND&NOT_CONGESTED&NOT_SUSPENDED LinkUpBandwidth>=72000Kbps LinkDnBandwidth>=72000Kbps OwnerUid: 1000 SSID: "MTBF_Lab" RequestorUid: -1 RequestorPackageName: null]}  Score{20}  everValidated{false}  lastValidated{false}  created{false} lingering{false} explicitlySelected{false} acceptUnvalidated{false} everCaptivePortalDetected{false} lastCaptivePortalDetected{false} partialConnectivity{false} acceptPartialConnectivity{false} clat{mBaseIface: null, mIface: null, mState: IDLE} }
11-20 07:23:29.657 D/ConnectivityService( 1186): [151 WIFI] EVENT_NETWORK_INFO_CHANGED, going from UNKNOWN to UNKNOWN
11-20 07:23:29.796 D/ConnectivityService( 1186): NetReassign [no changes]
11-20 07:23:29.837 I/Nat464Xlat( 1186): Android Xlat is disabled
11-20 07:23:29.837 I/Nat464Xlat( 1186): Android Xlat is disabled
11-20 07:23:29.961 E/ConnectivityService( 1186): Exception in networkAddRouteParcel for non-gateway: android.os.ServiceSpecificException: Machine is not on the network (code 64)
11-20 07:23:29.962 E/ConnectivityService( 1186): Exception in networkAddRouteParcel for gateway: android.os.ServiceSpecificException: Machine is not on the network (code 64)
11-20 07:23:29.963 I/Nat464Xlat( 1186): Android Xlat is disabled
11-20 07:23:29.963 I/Nat464Xlat( 1186): Android Xlat is disabled
11-20 07:23:30.026 D/ConnectivityService( 1186): Setting DNS servers for network 151 to [/192.168.1.1]
11-20 07:23:30.027 I/Nat464Xlat( 1186): Android Xlat is disabled
11-20 07:23:30.027 I/Nat464Xlat( 1186): Android Xlat is disabled
11-20 07:23:30.119 D/ConnectivityService( 1186): [151 WIFI] EVENT_NETWORK_INFO_CHANGED, going from UNKNOWN to CONNECTED
11-20 07:23:30.121 D/DnsManager( 1186): sendDnsConfigurationForNetwork(151, [192.168.1.1], [], 1800, 25, 8, 64, 0, 0, , [])
11-20 07:23:30.123 W/DnsManager( 1186): updatePrivateDns(151, PrivateDnsConfig{true:/[]})
11-20 07:23:30.123 D/ConnectivityService( 1186): Setting DNS servers for network 151 to [/192.168.1.1]
11-20 07:23:30.127 D/DnsManager( 1186): sendDnsConfigurationForNetwork(151, [192.168.1.1], [], 1800, 25, 8, 64, 0, 0, , [192.168.1.1])
11-20 07:23:30.129 D/ConnectivityService( 1186): Adding iface wlan0 to network 151
11-20 07:23:30.163 D/ConnectivityService( 1186): Setting DNS servers for network 151 to [/192.168.1.1]
11-20 07:23:30.164 D/DnsManager( 1186): sendDnsConfigurationForNetwork(151, [192.168.1.1], [], 1800, 25, 8, 64, 0, 0, , [192.168.1.1])
11-20 07:23:30.166 I/Nat464Xlat( 1186): Android Xlat is disabled
11-20 07:23:30.166 I/Nat464Xlat( 1186): Android Xlat is disabled
11-20 07:23:30.236 D/ConnectivityService( 1186): NetReassign [no changes]
11-20 07:23:30.404 D/ConnectivityService( 1186): [151 WIFI] validation passed
11-20 07:23:30.404 D/ConnectivityService( 1186): NetReassign [44 : 101 → 151, 1191 : 101 → 151, 11 : 101 → 151, 63 : 101 → 151, 17 : 101 → 151, 25 : 101 → 151, 1 : 101 → 151, 1196 : 101 → 151, 8 : 101 → 151, 654 : 101 → 151, 12 : 101 → 151, 14 : 101 → 151, 16 : 101 → 151, 22 : 101 → 151]
11-20 07:23:30.407 E/NetlinkEvent(  462): NetlinkEvent::FindParam(): Parameter 'INTERFACE' not found
11-20 07:23:30.407 E/NetlinkEvent(  462): NetlinkEvent::FindParam(): Parameter 'STATE' not found
11-20 07:23:30.407 E/NetlinkEvent(  462): NetlinkEvent::FindParam(): Parameter 'TIME_NS' not found
11-20 07:23:30.408 E/NetlinkEvent(  462): NetlinkEvent::FindParam(): Parameter 'UID' not found
11-20 07:23:30.426 D/ConnectivityService( 1186): Switching to new default network: NetworkAgentInfo{ ni{[type: WIFI[], state: CONNECTED/CONNECTED, reason: (unspecified), extra: , failover: false, available: true, roaming: false]}  network{151}  nethandle{651945758733}  lp{{InterfaceName: wlan0 LinkAddresses: [ 192.168.1.41/24 ] DnsAddresses: [ /192.168.1.1 ] Domains: null MTU: 0 ServerAddress: /192.168.1.1 TcpBufferSizes: 524288,1048576,2097152,262144,524288,1048576 Routes: [ fe80::/64 -> :: wlan0 mtu 0,192.168.1.0/24 -> 0.0.0.0 wlan0 mtu 0,0.0.0.0/0 -> 192.168.1.1 wlan0 mtu 0 ]}}  nc{[ Transports: WIFI Capabilities: NOT_METERED&INTERNET&NOT_RESTRICTED&TRUSTED&NOT_VPN&VALIDATED&NOT_ROAMING&FOREGROUND&NOT_CONGESTED&NOT_SUSPENDED LinkUpBandwidth>=60000Kbps LinkDnBandwidth>=60000Kbps SignalStrength: -31 OwnerUid: 1000 SSID: "MTBF_Lab" RequestorUid: -1 RequestorPackageName: null]}  Score{60}  everValidated{true}  lastValidated{true}  created{true} lingering{false} explicitlySelected{false} acceptUnvalidated{false} everCaptivePortalDetected{false} lastCaptivePortalDetected{false} partialConnectivity{false} acceptPartialConnectivity{false} clat{mBaseIface: null, mIface: null, mState: IDLE} }
11-20 07:23:30.567 D/ConnectivityService( 1186): Lingering [101 CELLULAR] for 30000ms
11-20 07:23:30.569 D/ConnectivityService( 1186): Sending DISCONNECTED broadcast for type 0 [101 CELLULAR] isDefaultNetwork=true
11-20 07:23:30.573 D/ConnectivityService( 1186): Sending CONNECTED broadcast for type 1 [151 WIFI] isDefaultNetwork=true
11-20 07:23:30.623 D/ConnectivityService( 1186): Setting DNS servers for network 151 to [/192.168.1.1]
11-20 07:23:30.623 D/DnsManager( 1186): sendDnsConfigurationForNetwork(151, [192.168.1.1], [], 1800, 25, 8, 64, 0, 0, , [192.168.1.1])
11-20 07:23:31.160 I/Nat464Xlat( 1186): Android Xlat is disabled
11-20 07:23:31.160 I/Nat464Xlat( 1186): Android Xlat is disabled
11-20 07:23:33.769 D/commandrouter( 1006): rtc_sync (1, rtc:sync): <ServiceRequest> FORWARDED (remote -> local) service client ID = 0, token ID = 38373
11-20 07:23:33.770 D/commandrouter( 1006): SocServiceHandle::onServiceMessage, SoC Service = rtc_sync, appType = 1, type = SVC_RESP, clientId = 0, token = 38373, payloadLen = 8, result = 0, payload.size() = 8
11-20 07:23:43.774 D/commandrouter( 1006): rtc_sync (1, rtc:sync): <ServiceRequest> FORWARDED (remote -> local) service client ID = 0, token ID = 38374
11-20 07:23:43.774 D/commandrouter( 1006): SocServiceHandle::onServiceMessage, SoC Service = rtc_sync, appType = 1, type = SVC_RESP, clientId = 0, token = 38374, payloadLen = 8, result = 0, payload.size() = 8
11-20 07:23:45.343 D/commandrouter( 1006): SocServiceHandle::onServiceMessage, SoC Service = mcu_healthcheck_1029, appType = 1, type = SVC_REQ, clientId = 0, token = 1868, payloadLen = 12, result = 0, payload.size() = 12
11-20 07:23:45.348 D/commandrouter( 1006): mcu_healthcheck_1029 (1, merlot:mcu_health:control): <ServiceResponse> FORWARDED (remote -> local) CR token ID = 1868, service client ID = 40, token ID = 32274, result = 0
11-20 07:23:45.349 D/mculinkhealth( 1029): isMcuReachable 1 (6 ms)
11-20 07:23:49.376 D/AutofillManagerService( 1186): onBackKeyPressed()
11-20 07:23:50.440 I/chatty  ( 1186): uid=1000(system) android.ui identical 2 lines
11-20 07:23:51.623 D/AutofillManagerService( 1186): onBackKeyPressed()
11-20 07:23:52.152 W/ActivityManager( 1186): Invalid packageName: com.facebook.wearable.system.settings/com.facebook.wearable.system.settings.SettingsActivity
11-20 07:23:52.295 I/ActivityTaskManager( 1186): START u0 {flg=0x10000000 cmp=com.facebook.wearable.system.settings/.SettingsActivity} from uid 0
11-20 07:23:52.315 I/ActivityTaskManager( 1186): The Process com.facebook.wearable.system.settings Already Exists in BG. So sending its PID: 13351
11-20 07:23:52.315 W/ActivityTaskManager( 1186): Tried to set launchTime (0) < mLastActivityLaunchTime (56089047)
11-20 07:23:53.782 D/commandrouter( 1006): rtc_sync (1, rtc:sync): <ServiceRequest> FORWARDED (remote -> local) service client ID = 0, token ID = 38375
11-20 07:23:53.783 D/commandrouter( 1006): SocServiceHandle::onServiceMessage, SoC Service = rtc_sync, appType = 1, type = SVC_RESP, clientId = 0, token = 38375, payloadLen = 8, result = 0, payload.size() = 8
11-20 07:23:54.985 E/TaskPersister( 1186): File error accessing recents directory (directory doesn't exist?).
11-20 07:23:59.890 W/ContextImpl( 1186): Calling a method in the system process without a qualified user: android.app.ContextImpl.sendBroadcastMultiplePermissions:1143 android.content.Context.sendBroadcastWithMultiplePermissions:2150 com.android.server.display.WifiDisplayAdapter.handleSendStatusChangeBroadcast:440 com.android.server.display.WifiDisplayAdapter.access$1700:63 com.android.server.display.WifiDisplayAdapter$WifiDisplayHandler.handleMessage:675 
11-20 07:23:59.962 D/AnalyticsLogger( 1186): sent events: 14
11-20 07:24:00.395 D/ConnectivityService( 1186): [151 WIFI] EVENT_NETWORK_INFO_CHANGED, going from CONNECTED to DISCONNECTED
11-20 07:24:00.395 D/ConnectivityService( 1186): [151 WIFI] disconnected, was satisfying 25
11-20 07:24:00.411 D/AppStorageManager( 1186): BEFORE:: Previous Size: 1030062080 Current Size: 1029885952
11-20 07:24:00.411 D/AppStorageManager( 1186): AFTER:: Previous Size: 1029885952 Current Size: 1029885952
11-20 07:24:00.506 I/Nat464Xlat( 1186): Android Xlat is disabled
11-20 07:24:00.506 I/Nat464Xlat( 1186): Android Xlat is disabled
11-20 07:24:00.523 D/ConnectivityService( 1186): Sending DISCONNECTED broadcast for type 1 [151 WIFI] isDefaultNetwork=true
11-20 07:24:00.526 D/ConnectivityService( 1186): NetReassign [44 : null → 101, 1191 : null → 101, 11 : null → 101, 63 : null → 101, 17 : null → 101, 25 : null → 101, 1 : null → 101, 1196 : null → 101, 8 : null → 101, 654 : null → 101, 12 : null → 101, 14 : null → 101, 16 : null → 101, 22 : null → 101]
11-20 07:24:00.530 E/NetlinkEvent(  462): NetlinkEvent::FindParam(): Parameter 'INTERFACE' not found
11-20 07:24:00.530 E/NetlinkEvent(  462): NetlinkEvent::FindParam(): Parameter 'STATE' not found
11-20 07:24:00.530 E/NetlinkEvent(  462): NetlinkEvent::FindParam(): Parameter 'TIME_NS' not found
11-20 07:24:00.530 E/NetlinkEvent(  462): NetlinkEvent::FindParam(): Parameter 'UID' not found
11-20 07:24:00.547 D/ConnectivityService( 1186): Switching to new default network: NetworkAgentInfo{ ni{[type: MOBILE[LTE], state: CONNECTED/CONNECTED, reason: (unspecified), extra: enhancedphone, failover: false, available: true, roaming: false]}  network{101}  nethandle{437197393933}  lp{{InterfaceName: rmnet_data2 LinkAddresses: [ 10.55.48.101/30,2600:381:4804:c4b6:8cdc:8f0b:afe1:ec6b/64 ] DnsAddresses: [ /172.26.38.2,/fc00:a:a::400 ] Domains: null MTU: 1430 TcpBufferSizes: 2097152,4194304,8388608,262144,524288,1048576 Routes: [ 0.0.0.0/0 -> 10.55.48.102 rmnet_data2 mtu 1430,::/0 -> fe80::9db2:334d:2872:1e0a rmnet_data2 mtu 1430,10.55.48.100/30 -> 0.0.0.0 rmnet_data2 mtu 0,2600:381:4804:c4b6::/64 -> :: rmnet_data2 mtu 0 ]}}  nc{[ Transports: CELLULAR Capabilities: MMS&SUPL&FOTA&INTERNET&NOT_RESTRICTED&TRUSTED&NOT_VPN&VALIDATED&NOT_ROAMING&FOREGROUND&NOT_CONGESTED&NOT_SUSPENDED LinkUpBandwidth>=15000Kbps LinkDnBandwidth>=30000Kbps Specifier: <TelephonyNetworkSpecifier [mSubId = 1]> AdministratorUids: [] RequestorUid: -1 RequestorPackageName: null]}  Score{50}  everValidated{true}  lastValidated{true}  created{true} lingering{true} explicitlySelected{false} acceptUnvalidated{false} everCaptivePortalDetected{false} lastCaptivePortalDetected{false} partialConnectivity{false} acceptPartialConnectivity{false} clat{mBaseIface: null, mIface: null, mState: IDLE} }
11-20 07:24:00.731 D/ConnectivityService( 1186): Unlingering [101 CELLULAR]
11-20 07:24:00.731 D/ConnectivityService( 1186): Sending CONNECTED broadcast for type 0 [101 CELLULAR] isDefaultNetwork=true
11-20 07:24:03.779 D/commandrouter( 1006): rtc_sync (1, rtc:sync): <ServiceRequest> FORWARDED (remote -> local) service client ID = 0, token ID = 38376
11-20 07:24:03.780 D/commandrouter( 1006): SocServiceHandle::onServiceMessage, SoC Service = rtc_sync, appType = 1, type = SVC_RESP, clientId = 0, token = 38376, payloadLen = 8, result = 0, payload.size() = 8
11-20 07:24:04.887 D/AutofillManagerService( 1186): onBackKeyPressed()
11-20 07:24:07.625 I/chatty  ( 1186): uid=1000(system) android.ui identical 3 lines
11-20 07:24:08.619 D/AutofillManagerService( 1186): onBackKeyPressed()
11-20 07:24:09.051 D/commandrouter( 1006): SocServiceHandle::onServiceMessage, SoC Service = mcu_healthcheck_934, appType = 1, type = SVC_REQ, clientId = 0, token = 934, payloadLen = 20, result = 0, payload.size() = 20
11-20 07:24:09.055 D/commandrouter( 1006): mcu_healthcheck_934 (1, merlot:mcu_health:control): <ServiceResponse> FORWARDED (remote -> local) CR token ID = 934, service client ID = 5, token ID = 32275, result = 0
11-20 07:24:09.414 E/TaskPersister( 1186): File error accessing recents directory (directory doesn't exist?).
11-20 07:24:09.635 D/AutofillManagerService( 1186): onBackKeyPressed()
11-20 07:24:10.631 I/chatty  ( 1186): uid=1000(system) android.ui identical 1 line
11-20 07:24:11.625 D/AutofillManagerService( 1186): onBackKeyPressed()
11-20 07:24:12.162 W/ActivityManager( 1186): Invalid packageName: com.facebook.wearable.system.settings/com.facebook.wearable.system.settings.SettingsActivity
11-20 07:24:12.295 I/ActivityTaskManager( 1186): START u0 {flg=0x10000000 cmp=com.facebook.wearable.system.settings/.SettingsActivity} from uid 0
11-20 07:24:12.311 I/ActivityTaskManager( 1186): The Process com.facebook.wearable.system.settings Already Exists in BG. So sending its PID: 13351
11-20 07:24:12.312 W/ActivityTaskManager( 1186): Tried to set launchTime (0) < mLastActivityLaunchTime (56120042)
11-20 07:24:13.778 D/commandrouter( 1006): rtc_sync (1, rtc:sync): <ServiceRequest> FORWARDED (remote -> local) service client ID = 0, token ID = 38377
11-20 07:24:13.779 D/commandrouter( 1006): SocServiceHandle::onServiceMessage, SoC Service = rtc_sync, appType = 1, type = SVC_RESP, clientId = 0, token = 38377, payloadLen = 8, result = 0, payload.size() = 8
11-20 07:24:15.350 D/commandrouter( 1006): SocServiceHandle::onServiceMessage, SoC Service = mcu_healthcheck_1029, appType = 1, type = SVC_REQ, clientId = 0, token = 1869, payloadLen = 12, result = 0, payload.size() = 12
11-20 07:24:15.353 D/commandrouter( 1006): mcu_healthcheck_1029 (1, merlot:mcu_health:control): <ServiceResponse> FORWARDED (remote -> local) CR token ID = 1869, service client ID = 40, token ID = 32276, result = 0
11-20 07:24:15.354 D/mculinkhealth( 1029): isMcuReachable 1 (4 ms)
11-20 07:24:15.899 E/TaskPersister( 1186): File error accessing recents directory (directory doesn't exist?).
11-20 07:24:18.999 W/ContextImpl( 1186): Calling a method in the system process without a qualified user: android.app.ContextImpl.sendBroadcastMultiplePermissions:1143 android.content.Context.sendBroadcastWithMultiplePermissions:2150 com.android.server.display.WifiDisplayAdapter.handleSendStatusChangeBroadcast:440 com.android.server.display.WifiDisplayAdapter.access$1700:63 com.android.server.display.WifiDisplayAdapter$WifiDisplayHandler.handleMessage:675 
11-20 07:24:19.978 W/ContextImpl( 1186): Calling a method in the system process without a qualified user: android.app.ContextImpl.sendBroadcastMultiplePermissions:1143 android.content.Context.sendBroadcastWithMultiplePermissions:2150 com.android.server.wifi.p2p.WifiP2pServiceImpl$P2pStateMachine.sendBroadcastMultiplePermissions:3209 com.android.server.wifi.p2p.WifiP2pServiceImpl$P2pStateMachine.sendP2pConnectionChangedBroadcast:3236 com.android.server.wifi.p2p.WifiP2pServiceImpl$P2pStateMachine.access$5100:768 
11-20 07:24:19.979 W/BroadcastQueue( 1186): Permission Denial: receiving Intent { act=android.net.wifi.p2p.CONNECTION_STATE_CHANGE flg=0x24000010 (has extras) } to ProcessRecord{688c834 1907:.qtidataservices/u0a88} (pid=1907, uid=10088) requires android.permission.ACCESS_FINE_LOCATION due to sender android (uid 1000)
11-20 07:24:20.112 W/wificond(  911): Scan is not started. Ignore abort request
11-20 07:24:20.118 W/ContextImpl( 1186): Calling a method in the system process without a qualified user: android.app.ContextImpl.sendBroadcastMultiplePermissions:1143 android.content.Context.sendBroadcastWithMultiplePermissions:2150 com.android.server.wifi.p2p.WifiP2pServiceImpl$P2pStateMachine.sendBroadcastMultiplePermissions:3209 com.android.server.wifi.p2p.WifiP2pServiceImpl$P2pStateMachine.sendThisDeviceChangedBroadcast:3218 com.android.server.wifi.p2p.WifiP2pServiceImpl$P2pStateMachine.updateThisDevice:3962 
--------- beginning of main
11-20 07:24:20.188 E/QMI_FW  (  915): qmi_cci_get_ref: ref count increased 2
11-20 07:24:20.191 E/QMI_FW  (  915): qmi_cci_get_ref: ref count increased 2
11-20 07:24:20.219 I/Choreographer(13351): Skipped 30 frames!  The application may be doing too much work on its main thread.
11-20 07:24:20.273 W/HWComposer(  598): Ignoring duplicate VSYNC event from HWC for display 0 (t=56147998852694)
11-20 07:24:20.307 W/HWComposer(  598): Ignoring duplicate VSYNC event from HWC for display 0 (t=56148032631131)
11-20 07:24:20.341 W/HWComposer(  598): Ignoring duplicate VSYNC event from HWC for display 0 (t=56148066363736)
11-20 07:24:20.429 I/wpa_supplicant(31661): wlan0: Associated with 6c:cd:d6:25:63:2a
11-20 07:24:20.429 I/wpa_supplicant(31661): wlan0: CTRL-EVENT-SUBNET-STATUS-UPDATE status=0
11-20 07:24:20.429 V/WifiHAL (  544): event received NL80211_CMD_CONNECT
11-20 07:24:20.435 I/wpa_supplicant(31661): wlan0: WPA: RX message 1 of 4-Way Handshake from 6c:cd:d6:25:63:2a (ver=2)
11-20 07:24:20.435 I/wpa_supplicant(31661): wlan0: WPA: Sending EAPOL-Key 2/4
11-20 07:24:20.438 I/wpa_supplicant(31661): getWifiGenerationStatusInternal: generation = 4, twtSupport = false, vhtMax8SpatialStreamsSupport = false
11-20 07:24:20.444 I/wpa_supplicant(31661): wlan0: WPA: RX message 3 of 4-Way Handshake from 6c:cd:d6:25:63:2a (ver=2)
11-20 07:24:20.444 I/wpa_supplicant(31661): wlan0: WPA: Sending EAPOL-Key 4/4
11-20 07:24:20.447 D/BluetoothAdapterService( 1710): android.net.wifi.STATE_CHANGE
11-20 07:24:20.447 D/QCNEJ/WlanStaInfoRelay( 1907): Received action: android.net.wifi.STATE_CHANGE
11-20 07:24:20.447 D/WifiConnector( 2870): Network State Changed
11-20 07:24:20.450 D/BluetoothVendorService( 1710): setWifiState to: true
11-20 07:24:20.450 I/BluetoothVendorJni( 1710): setWifiStateNative
11-20 07:24:20.450 I/bt_btif_vendor( 1710): setWifiState :1
11-20 07:24:20.452 I/wpa_supplicant(31661): wlan0: WPA: Key negotiation completed with 6c:cd:d6:25:63:2a [PTK=CCMP GTK=CCMP]
11-20 07:24:20.452 I/wpa_supplicant(31661): wlan0: CTRL-EVENT-CONNECTED - Connection to 6c:cd:d6:25:63:2a completed [id=0 id_str=%7B%22configKey%22%3A%22%5C%22MTBF_Lab%5C%22WPA_PSK%22%2C%22creatorUid%22%3A%221000%22%7D]
11-20 07:24:20.453 I/chatty  ( 1026): uid=1021(gps) lowi-server expire 10 lines
11-20 07:24:20.473 I/chatty  ( 1026): uid=1021(gps) lowi-server expire 3 lines
11-20 07:24:20.481 D/BluetoothAdapterService( 1710): android.net.wifi.STATE_CHANGE
11-20 07:24:20.481 D/ConnectivityService( 1186): registerNetworkAgent NetworkAgentInfo{ ni{[type: WIFI[], state: UNKNOWN/IDLE, reason: (unspecified), extra: , failover: false, available: true, roaming: false]}  network{152}  nethandle{656240726029}  lp{{InterfaceName: wlan0 LinkAddresses: [ ] DnsAddresses: [ ] Domains: null MTU: 0 Routes: [ ]}}  nc{[ Transports: WIFI Capabilities: NOT_METERED&INTERNET&NOT_RESTRICTED&TRUSTED&NOT_VPN&NOT_ROAMING&FOREGROUND&NOT_CONGESTED&NOT_SUSPENDED LinkUpBandwidth>=72000Kbps LinkDnBandwidth>=72000Kbps OwnerUid: 1000 SSID: "MTBF_Lab" RequestorUid: -1 RequestorPackageName: null]}  Score{20}  everValidated{false}  lastValidated{false}  created{false} lingering{false} explicitlySelected{false} acceptUnvalidated{false} everCaptivePortalDetected{false} lastCaptivePortalDetected{false} partialConnectivity{false} acceptPartialConnectivity{false} clat{mBaseIface: null, mIface: null, mState: IDLE} }
11-20 07:24:20.481 D/QCNEJ/WlanStaInfoRelay( 1907): Received action: android.net.wifi.STATE_CHANGE
11-20 07:24:20.481 D/WifiConnector( 2870): Network State Changed
11-20 07:24:20.484 D/BluetoothVendorService( 1710): setWifiState to: true
11-20 07:24:20.484 I/BluetoothVendorJni( 1710): setWifiStateNative
11-20 07:24:20.484 I/bt_btif_vendor( 1710): setWifiState :1
11-20 07:24:20.498 D/ConnectivityService( 1186): [152 WIFI] EVENT_NETWORK_INFO_CHANGED, going from UNKNOWN to UNKNOWN
11-20 07:24:20.502 D/BluetoothAdapterService( 1710): android.net.wifi.STATE_CHANGE
11-20 07:24:20.503 D/QCNEJ/WlanStaInfoRelay( 1907): Received action: android.net.wifi.STATE_CHANGE
11-20 07:24:20.503 D/WifiConnector( 2870): Network State Changed
11-20 07:24:20.506 D/BluetoothVendorService( 1710): setWifiState to: true
11-20 07:24:20.506 I/BluetoothVendorJni( 1710): setWifiStateNative
11-20 07:24:20.506 I/bt_btif_vendor( 1710): setWifiState :1
11-20 07:24:20.528 V/WifiClientModeImpl( 1186): stopIpClient IpClientWithPreConnection: false
11-20 07:24:20.528 V/WifiClientModeImpl( 1186): java.lang.Throwable
11-20 07:24:20.528 V/WifiClientModeImpl( 1186): 	at com.android.server.wifi.ClientModeImpl.stopIpClient(ClientModeImpl.java:1127)
11-20 07:24:20.528 V/WifiClientModeImpl( 1186): 	at com.android.server.wifi.ClientModeImpl.stopDhcpSetup(ClientModeImpl.java:1153)
11-20 07:24:20.528 V/WifiClientModeImpl( 1186): 	at com.android.server.wifi.ClientModeImpl.startIpClient(ClientModeImpl.java:7079)
11-20 07:24:20.528 V/WifiClientModeImpl( 1186): 	at com.android.server.wifi.ClientModeImpl.access$7100(ClientModeImpl.java:176)
11-20 07:24:20.528 V/WifiClientModeImpl( 1186): 	at com.android.server.wifi.ClientModeImpl$ObtainingIpState.enter(ClientModeImpl.java:5462)
11-20 07:24:20.528 V/WifiClientModeImpl( 1186): 	at com.android.wifi.x.com.android.internal.util.StateMachine$SmHandler.invokeEnterMethods(StateMachine.java:1037)
11-20 07:24:20.528 V/WifiClientModeImpl( 1186): 	at com.android.wifi.x.com.android.internal.util.StateMachine$SmHandler.performTransitions(StateMachine.java:879)
11-20 07:24:20.528 V/WifiClientModeImpl( 1186): 	at com.android.wifi.x.com.android.internal.util.StateMachine$SmHandler.handleMessage(StateMachine.java:819)
11-20 07:24:20.528 V/WifiClientModeImpl( 1186): 	at android.os.Handler.dispatchMessage(Handler.java:106)
11-20 07:24:20.528 V/WifiClientModeImpl( 1186): 	at android.os.Looper.loop(Looper.java:223)
11-20 07:24:20.528 V/WifiClientModeImpl( 1186): 	at android.os.HandlerThread.run(HandlerThread.java:67)
11-20 07:24:20.530 V/WifiHAL (  544): WifiVendorCommand 0x984ec000 created vendor_id:0x1374 subcmd:83
11-20 07:24:20.530 E/WifiHAL (  544): wifi_get_packet_filter_capabilities: requestResponse() error: -3
11-20 07:24:20.530 I/WifiHAL (  544): Packet filtering is not supprted
11-20 07:24:20.647 D/QCNEJ/WlanStaInfoRelay( 1907): Received action: android.net.wifi.RSSI_CHANGED
11-20 07:24:20.647 D/WearableConnectivityManager(11143): onWifiStrengthChange: -32
11-20 07:24:20.650 V/WifiHAL (  544): WifiVendorCommand 0x986b8148 created vendor_id:0x1374 subcmd:82
11-20 07:24:20.651 V/WifiHAL (  544): ND offload : Enable
11-20 07:24:20.651 D/ConnectivityService( 1186): NetReassign [no changes]
11-20 07:24:20.660 E/WifiVendorHal( 1186): configureNeighborDiscoveryOffload(l.2193) failed {.code = ERROR_NOT_SUPPORTED, .description = }
11-20 07:24:20.679 E/QMI_FW  (  915): qmi_cci_get_ref: ref count increased 2
11-20 07:24:20.682 E/QMI_FW  (  915): qmi_cci_get_ref: ref count increased 2
11-20 07:24:20.684 E/Netd    (  462): no such netId 152
11-20 07:24:20.686 I/Nat464Xlat( 1186): Android Xlat is disabled
11-20 07:24:20.741 D/DhcpClient( 1186): l2key: W958a1754935a727 lease address: /192.168.1.41 lease expiry: 1637508209931 current time: 1637421860741
11-20 07:24:20.743 D/DhcpClient( 1186): Broadcasting DHCPREQUEST ciaddr=0.0.0.0 request=192.168.1.41 serverid=null
11-20 07:24:20.769 D/DhcpClient( 1186): Received packet: 6a:fd:b2:a8:97:f8 ACK: your new IP /192.168.1.41, netmask /255.255.255.0, gateways [/192.168.1.1] DNS servers: /192.168.1.1 , lease time 86400
11-20 07:24:20.771 D/DhcpClient( 1186): Confirmed lease: android.net.networkstack.DhcpResults@5e590f DHCP server /192.168.1.1 Vendor info null lease 86400 seconds Servername 
11-20 07:24:20.807 E/Netd    (  462): no such netId 152
11-20 07:24:20.807 D/BluetoothAdapterService( 1710): android.net.wifi.STATE_CHANGE
11-20 07:24:20.686 I/Nat464Xlat( 1186): Android Xlat is disabled
11-20 07:24:20.808 E/ConnectivityService( 1186): Exception in networkAddRouteParcel for non-gateway: android.os.ServiceSpecificException: Machine is not on the network (code 64)
11-20 07:24:20.808 D/QCNEJ/WlanStaInfoRelay( 1907): Received action: android.net.wifi.STATE_CHANGE
11-20 07:24:20.808 E/Netd    (  462): no such netId 152
11-20 07:24:20.809 E/ConnectivityService( 1186): Exception in networkAddRouteParcel for gateway: android.os.ServiceSpecificException: Machine is not on the network (code 64)
11-20 07:24:20.809 I/Nat464Xlat( 1186): Android Xlat is disabled
11-20 07:24:20.810 D/DhcpClient( 1186): Scheduling renewal in 43199s
11-20 07:24:20.810 D/DhcpClient( 1186): Scheduling rebind in 75599s
11-20 07:24:20.810 D/DhcpClient( 1186): Scheduling expiry in 86399s
11-20 07:24:20.811 D/WifiConnector( 2870): Network State Changed
11-20 07:24:20.811 D/BluetoothVendorService( 1710): setWifiState to: true
11-20 07:24:20.811 I/BluetoothVendorJni( 1710): setWifiStateNative
11-20 07:24:20.811 I/bt_btif_vendor( 1710): setWifiState :1
11-20 07:24:20.827 D/BluetoothAdapterService( 1710): android.net.wifi.STATE_CHANGE
11-20 07:24:20.829 D/WifiConnector( 2870): Network State Changed
11-20 07:24:20.831 D/BluetoothVendorService( 1710): setWifiState to: true
11-20 07:24:20.831 I/BluetoothVendorJni( 1710): setWifiStateNative
11-20 07:24:20.831 I/bt_btif_vendor( 1710): setWifiState :1
11-20 07:24:20.831 D/WifiConnector( 2870): Configured Networks Changed
11-20 07:24:20.832 D/QCNEJ/WlanStaInfoRelay( 1907): Received action: android.net.wifi.STATE_CHANGE
11-20 07:24:20.834 W/WifiScoreReport( 1186): Cannot start external scoring netId=152 currentNetId=152 sessionId=1521
11-20 07:24:20.861 D/WifiMemoryStoreImpl( 1186): Set cluster Ga6eb8feabe7908d4 for W958a1754935a727: SUCCESS
11-20 07:24:20.809 I/Nat464Xlat( 1186): Android Xlat is disabled
11-20 07:24:20.878 D/ConnectivityService( 1186): Setting DNS servers for network 152 to [/192.168.1.1]
11-20 07:24:20.879 I/Nat464Xlat( 1186): Android Xlat is disabled
11-20 07:24:20.909 E/QMI_FW  (  915): qmi_cci_get_ref: ref count increased 2
11-20 07:24:20.910 E/QMI_FW  (  915): qmi_cci_get_ref: ref count increased 2
11-20 07:24:20.924 D/WifiMemoryStoreImpl( 1186): Set cluster Ga6eb8feabe7908d4 for Wa6eb8feabe7908d4: SUCCESS
11-20 07:24:20.879 I/Nat464Xlat( 1186): Android Xlat is disabled
11-20 07:24:20.964 D/ConnectivityService( 1186): [152 WIFI] EVENT_NETWORK_INFO_CHANGED, going from UNKNOWN to CONNECTED
11-20 07:24:20.966 D/DnsManager( 1186): sendDnsConfigurationForNetwork(152, [192.168.1.1], [], 1800, 25, 8, 64, 0, 0, , [])
11-20 07:24:20.968 W/DnsManager( 1186): updatePrivateDns(152, PrivateDnsConfig{true:/[]})
11-20 07:24:20.969 D/ConnectivityService( 1186): Setting DNS servers for network 152 to [/192.168.1.1]
11-20 07:24:20.969 D/DnsManager( 1186): sendDnsConfigurationForNetwork(152, [192.168.1.1], [], 1800, 25, 8, 64, 0, 0, , [192.168.1.1])
11-20 07:24:20.971 D/ConnectivityService( 1186): Adding iface wlan0 to network 152
11-20 07:24:20.974 W/resolv  (  462): Validating DnsTlsServer on netId 152
11-20 07:24:20.975 E/QMI_FW  ( 1042): qmi_cci_get_ref: ref count increased 2
11-20 07:24:20.976 E/QMI_FW  ( 1042): qmi_cci_get_ref: ref count increased 2
11-20 07:24:20.977 E/QMI_FW  ( 1042): qmi_cci_get_ref: ref count increased 2
11-20 07:24:20.997 W/resolv  (  462): Validation failed
11-20 07:24:21.002 D/ConnectivityService( 1186): Setting DNS servers for network 152 to [/192.168.1.1]
11-20 07:24:21.003 D/DnsManager( 1186): sendDnsConfigurationForNetwork(152, [192.168.1.1], [], 1800, 25, 8, 64, 0, 0, , [192.168.1.1])
11-20 07:24:21.009 I/Nat464Xlat( 1186): Android Xlat is disabled
11-20 07:24:21.012 W/resolv  (  462): Validating DnsTlsServer on netId 152
11-20 07:24:21.032 W/resolv  (  462): SSL_connect ssl error =5, mark 0xf0098: Connection refused
11-20 07:24:21.032 W/resolv  (  462): Validation failed
11-20 07:24:21.009 I/Nat464Xlat( 1186): Android Xlat is disabled
11-20 07:24:21.066 D/ConnectivityService( 1186): NetReassign [no changes]
11-20 07:24:21.066 D/WifiClientModeImpl( 1186): Received signal strength thresholds: []
11-20 07:24:21.067 E/WifiVendorHal( 1186): stopRssiMonitoring(l.2106) failed {.code = ERROR_NOT_AVAILABLE, .description = }
11-20 07:24:21.070 D/QCNEJ/WlanStaInfoRelay( 1907): network available: 152
11-20 07:24:21.081 D/QCNEJ/NativeHalConnector( 1907): -> SND notifyWifiAvailable(v4Connected = truev6Connected = , false, isAndroidValidated = false)
11-20 07:24:21.098 D/QCNEJ/NativeHalConnector( 1907): -> SND notifyWifiAvailable(v4Connected = truev6Connected = , false, isAndroidValidated = false)
11-20 07:24:21.127 D/NetworkMonitor/152( 1186): PROBE_DNS connectivitycheck.gstatic.com 43ms OK 142.250.191.67
11-20 07:24:21.129 W/System  ( 1186): ClassLoader referenced unknown path: /system/framework/tcmclient.jar
11-20 07:24:21.146 D/NetworkMonitor/152( 1186): PROBE_DNS www.google.com 57ms OK 142.250.191.68
11-20 07:24:21.194 D/NetworkMonitor/152( 1186): PROBE_HTTP http://connectivitycheck.gstatic.com/generate_204 time=60ms ret=204 request={Connection=[close], User-Agent=[Mozilla/5.0 (X11; Linux x86_64) AppleWebKit/537.36 (KHTML, like Gecko) Chrome/60.0.3112.32 Safari/537.36]} headers={null=[HTTP/1.1 204 No Content], Connection=[close], Content-Length=[0], Date=[Sat, 20 Nov 2021 15:24:22 GMT], X-Android-Received-Millis=[1637421861193], X-Android-Response-Source=[NETWORK 204], X-Android-Selected-Protocol=[http/1.1], X-Android-Sent-Millis=[1637421861161]}
11-20 07:24:21.262 D/NetworkMonitor/152( 1186): PROBE_HTTPS https://www.google.com/generate_204 time=114ms ret=204 request={Connection=[close], User-Agent=[Mozilla/5.0 (X11; Linux x86_64) AppleWebKit/537.36 (KHTML, like Gecko) Chrome/60.0.3112.32 Safari/537.36]} headers={null=[HTTP/1.1 204 No Content], Alt-Svc=[h3=":443"; ma=2592000,h3-29=":443"; ma=2592000,h3-Q050=":443"; ma=2592000,h3-Q046=":443"; ma=2592000,h3-Q043=":443"; ma=2592000,quic=":443"; ma=2592000; v="46,43"], Connection=[close], Content-Length=[0], Date=[Sat, 20 Nov 2021 15:24:22 GMT], X-Android-Received-Millis=[1637421861260], X-Android-Response-Source=[NETWORK 204], X-Android-Selected-Protocol=[http/1.1], X-Android-Sent-Millis=[1637421861212]}
11-20 07:24:21.265 D/NetworkMonitor/152( 1186): isCaptivePortal: isSuccessful()=true isPortal()=false RedirectUrl=null isPartialConnectivity()=false Time=186ms
11-20 07:24:21.268 D/ConnectivityService( 1186): [152 WIFI] validation passed
11-20 07:24:21.269 D/ConnectivityService( 1186): NetReassign [44 : 101 → 152, 1191 : 101 → 152, 11 : 101 → 152, 63 : 101 → 152, 17 : 101 → 152, 25 : 101 → 152, 1 : 101 → 152, 1196 : 101 → 152, 8 : 101 → 152, 654 : 101 → 152, 12 : 101 → 152, 14 : 101 → 152, 16 : 101 → 152, 22 : 101 → 152]
11-20 07:24:21.271 E/NetlinkEvent(  462): NetlinkEvent::FindParam(): Parameter 'INTERFACE' not found
11-20 07:24:21.272 E/NetlinkEvent(  462): NetlinkEvent::FindParam(): Parameter 'STATE' not found
11-20 07:24:21.272 E/NetlinkEvent(  462): NetlinkEvent::FindParam(): Parameter 'TIME_NS' not found
11-20 07:24:21.272 E/NetlinkEvent(  462): NetlinkEvent::FindParam(): Parameter 'UID' not found
11-20 07:24:21.292 D/ConnectivityService( 1186): Switching to new default network: NetworkAgentInfo{ ni{[type: WIFI[], state: CONNECTED/CONNECTED, reason: (unspecified), extra: , failover: false, available: true, roaming: false]}  network{152}  nethandle{656240726029}  lp{{InterfaceName: wlan0 LinkAddresses: [ 192.168.1.41/24 ] DnsAddresses: [ /192.168.1.1 ] Domains: null MTU: 0 ServerAddress: /192.168.1.1 TcpBufferSizes: 524288,1048576,2097152,262144,524288,1048576 Routes: [ fe80::/64 -> :: wlan0 mtu 0,192.168.1.0/24 -> 0.0.0.0 wlan0 mtu 0,0.0.0.0/0 -> 192.168.1.1 wlan0 mtu 0 ]}}  nc{[ Transports: WIFI Capabilities: NOT_METERED&INTERNET&NOT_RESTRICTED&TRUSTED&NOT_VPN&VALIDATED&NOT_ROAMING&FOREGROUND&NOT_CONGESTED&NOT_SUSPENDED LinkUpBandwidth>=60000Kbps LinkDnBandwidth>=60000Kbps SignalStrength: -32 OwnerUid: 1000 SSID: "MTBF_Lab" RequestorUid: -1 RequestorPackageName: null]}  Score{60}  everValidated{true}  lastValidated{true}  created{true} lingering{false} explicitlySelected{false} acceptUnvalidated{false} everCaptivePortalDetected{false} lastCaptivePortalDetected{false} partialConnectivity{false} acceptPartialConnectivity{false} clat{mBaseIface: null, mIface: null, mState: IDLE} }
11-20 07:24:21.405 D/DeviceAuthService(28013): Network connected
11-20 07:24:21.408 D/DeviceAuthService(28013): fetchAuthTokenWrapper called
11-20 07:24:21.408 D/NetworkTimeUpdateService( 1186): New default network 152; checking time.
11-20 07:24:21.415 V/LigerRadioStatsReporter( 2357): onCapabilitiesChanged: Network capabilities changed
11-20 07:24:21.424 D/ConnectivityService( 1186): Lingering [101 CELLULAR] for 30000ms
11-20 07:24:21.426 D/ConnectivityService( 1186): Sending DISCONNECTED broadcast for type 0 [101 CELLULAR] isDefaultNetwork=true
11-20 07:24:21.428 D/ConnectivityService( 1186): Sending CONNECTED broadcast for type 1 [152 WIFI] isDefaultNetwork=true
11-20 07:24:21.433 D/QCNEJ/DefaultNetworkInfoRelay( 1907): Default network available: 152
11-20 07:24:21.434 D/QCNEJ/NativeHalConnector( 1907): -> SND notifyDefaultNetworkChanged(1)
11-20 07:24:21.438 V/LigerRadioStatsReporter( 2357): onCapabilitiesChanged: Network capabilities changed
11-20 07:24:21.438 V/LigerRadioStatsReporter( 2357): reportAndCheckpointRadioStats
11-20 07:24:21.443 V/LigerRadioStatsReporter( 2357): +++++++++++ RADIO STATS DUMP +++++++++++
11-20 07:24:21.443 V/LigerRadioStatsReporter( 2357): totalActiveRadioTimeMs=0
11-20 07:24:21.444 V/LigerRadioStatsReporter( 2357): totalTailRadioTimeMs=13993
11-20 07:24:21.444 V/LigerRadioStatsReporter( 2357): totalWakeupCount=0
11-20 07:24:21.444 V/LigerRadioStatsReporter( 2357): httpUpBytes=0
11-20 07:24:21.444 V/LigerRadioStatsReporter( 2357): httpDownBytes=0
11-20 07:24:21.444 V/LigerRadioStatsReporter( 2357): httpWakeupCount=0
11-20 07:24:21.444 V/LigerRadioStatsReporter( 2357): httpRequestCount=0
11-20 07:24:21.444 V/LigerRadioStatsReporter( 2357): httpActiveRadioTimeMs=0
11-20 07:24:21.444 V/LigerRadioStatsReporter( 2357): httpTailRadioTimeMs=13993
11-20 07:24:21.444 V/LigerRadioStatsReporter( 2357): reportAndCheckpointRadioStats: Tx=0
11-20 07:24:21.444 V/LigerRadioStatsReporter( 2357): reportAndCheckpointRadioStats: Rx=0
11-20 07:24:21.444 V/LigerRadioStatsReporter( 2357): reportAndCheckpointRadioStats: Uids=10027
11-20 07:24:21.444 V/LigerRadioStatsReporter( 2357): reportAndCheckpointRadioStats: Tags=null
11-20 07:24:21.445 I/GnssNetworkConnectivityHandler( 1186): updateNetworkState, state=CLOSED, connected=true, network=152, capabilities=[ Transports: WIFI Capabilities: NOT_METERED&INTERNET&NOT_RESTRICTED&TRUSTED&NOT_VPN&VALIDATED&NOT_ROAMING&FOREGROUND&NOT_CONGESTED&NOT_SUSPENDED LinkUpBandwidth>=60000Kbps LinkDnBandwidth>=60000Kbps SignalStrength: -32 OwnerUid: 1000 AdministratorUids: [] SSID: "MTBF_Lab" RequestorUid: -1 RequestorPackageName: null], apn: , availableNetworkCount: 2
11-20 07:24:21.446 I/chatty  (  527): uid=1021(gps) Loc_hal_worker expire 1 line
11-20 07:24:21.450 D/ConnectivityService( 1186): Setting DNS servers for network 152 to [/192.168.1.1]
11-20 07:24:21.451 D/DnsManager( 1186): sendDnsConfigurationForNetwork(152, [192.168.1.1], [], 1800, 25, 8, 64, 0, 0, , [192.168.1.1])
11-20 07:24:21.452 D/QCNEJ/WlanStaInfoRelay( 1907): AndroidValidate from false to true
11-20 07:24:21.452 W/resolv  (  462): Validating DnsTlsServer on netId 152
11-20 07:24:21.460 E/QMI_FW  (  915): qmi_cci_get_ref: ref count increased 2
11-20 07:24:21.461 D/QCNEJ/WlanStaInfoRelay( 1907): retrieveCountryCode:Location obtained from Telephony: us
11-20 07:24:21.463 E/QMI_FW  (  915): qmi_cci_get_ref: ref count increased 2
11-20 07:24:21.478 I/chatty  (  915): uid=1000(system) /system/vendor/bin/cnd identical 1 line
11-20 07:24:21.481 E/QMI_FW  (  915): qmi_cci_get_ref: ref count increased 2
11-20 07:24:21.482 W/resolv  (  462): SSL_connect ssl error =5, mark 0xf0098: Connection refused
11-20 07:24:21.482 W/resolv  (  462): Validation failed
11-20 07:24:21.486 D/DeviceAuthService(28013): isOculusAddressResolvable returned true
11-20 07:24:21.486 D/DeviceAuthenticator(28013): Fetching new credentials asynchronously
11-20 07:24:21.487 D/WifiConnector( 2870): Configured Networks Changed
11-20 07:24:21.488 D/DeviceAuthenticator(28013): Calling DeviceAuth.authenticate()
11-20 07:24:21.488 I/chatty  ( 1186): uid=1000(system) WifiHandlerThre expire 11 lines
11-20 07:24:21.490 E/DeviceCertService(  545): This device *might* have a provisioning issue. Please run `maui provision check` to verify.
11-20 07:24:21.490 E/DeviceCertService(  545): See https://fburl.com/wiki/a9hho0p9 for more information.
11-20 07:24:21.491 E/DeviceCertService(  545): Could not access certificate file '/mnt/vendor/persist/certificates/device_identityinsecure.crt', error 2: No such file or directory
11-20 07:24:21.491 E/DeviceAuthenticator(28013): ERROR: java.lang.RuntimeException: devicecert returned error FILESYSTEM_ERROR
11-20 07:24:21.491 E/DeviceAuthenticator(28013): 
11-20 07:24:21.491 E/DeviceAuthenticator(28013): com.facebook.mos.sdk.devicecert.DeviceIdentityException: java.lang.RuntimeException: devicecert returned error FILESYSTEM_ERROR
11-20 07:24:21.491 E/DeviceAuthenticator(28013): 
11-20 07:24:21.499 E/QMI_FW  ( 1042): qmi_cci_get_ref: ref count increased 2
11-20 07:24:21.500 E/QMI_FW  ( 1042): qmi_cci_get_ref: ref count increased 2
11-20 07:24:21.514 E/QMI_FW  ( 1042): qmi_cci_get_ref: ref count increased 2
11-20 07:24:21.521 E/QMI_FW  ( 1042): qmi_cci_get_ref: ref count increased 2
11-20 07:24:21.525 D/PhoneInterfaceManager( 1984): setModemActivityInfo
11-20 07:24:21.525 D/FbSideCarManager( 1984): setModemActivityInfo
11-20 07:24:21.525 D/FbSideCarManager( 1984): setModemActivityInfo
11-20 07:24:21.525 D/WirelessInsightServiceImpl( 1984): setModemActivityInfo
11-20 07:24:21.525 D/FbSideCarManager( 1984): setModemActivityInfoInternal success
11-20 07:24:21.526 D/PhoneInterfaceManager( 1984): setModemActivityInfo: success.
11-20 07:24:21.527 D/WirelessInsightServiceImpl( 1984): notifyListeners: listeners = 0, modemActivityInfo = ModemActivityInfo{ mTimestamp=56149249 mSleepTimeMs=34851310 mIdleTimeMs=302819 mTransmitPowerInfo[]=[TransmitPower{ mTimeInMillis=27 mPowerRangeInDbm={-2147483648,0}}, TransmitPower{ mTimeInMillis=772684 mPowerRangeInDbm={0,5}}, TransmitPower{ mTimeInMillis=6653 mPowerRangeInDbm={5,15}}, TransmitPower{ mTimeInMillis=36526 mPowerRangeInDbm={15,20}}, TransmitPower{ mTimeInMillis=494499 mPowerRangeInDbm={20,2147483647}}] mRxTimeMs=19649712}
11-20 07:24:21.531 E/QMI_FW  ( 1042): qmi_cci_get_ref: ref count increased 2
11-20 07:24:21.531 I/chatty  ( 1186): uid=1000(system) pool-9-thread-1 expire 1 line
11-20 07:24:21.540 E/QMI_FW  ( 1042): qmi_cci_get_ref: ref count increased 2
11-20 07:24:21.545 E/QMI_FW  ( 1042): qmi_cci_get_ref: ref count increased 2
11-20 07:24:21.550 E/QMI_FW  ( 1042): qmi_cci_get_ref: ref count increased 2
11-20 07:24:21.561 I/chatty  ( 1042): uid=1001(radio) main identical 4 lines
11-20 07:24:21.562 E/QMI_FW  ( 1042): qmi_cci_get_ref: ref count increased 2
11-20 07:24:21.568 E/QMI_FW  ( 1042): qmi_cci_get_ref: ref count increased 2
11-20 07:24:21.880 I/Nat464Xlat( 1186): Android Xlat is disabled
11-20 07:24:21.589 I/chatty  ( 1042): uid=1001(radio) main identical 6 lines
11-20 07:24:21.590 E/QMI_FW  ( 1042): qmi_cci_get_ref: ref count increased 2
11-20 07:24:21.881 D/QCNEJ/WlanStaInfoRelay( 1907): Received action: android.net.wifi.LINK_CONFIGURATION_CHANGED
11-20 07:24:21.881 E/QCNEJ/WlanStaInfoRelay( 1907): update link properties given null lp
11-20 07:24:21.926 D/QCNEJ/NativeHalConnector( 1907): -> SND notifyWifiAvailable(v4Connected = truev6Connected = , false, isAndroidValidated = true)
11-20 07:24:22.603 W/HWComposer(  598): Ignoring duplicate VSYNC event from HWC for display 0 (t=56150328482016)
11-20 07:24:23.723 D/QCNEJ/WlanStaInfoRelay( 1907): Received action: android.net.wifi.RSSI_CHANGED
11-20 07:24:23.724 D/WearableConnectivityManager(11143): onWifiStrengthChange: -35
11-20 07:24:23.734 V/LigerRadioStatsReporter( 2357): onCapabilitiesChanged: Network capabilities changed
11-20 07:24:23.734 V/LigerRadioStatsReporter( 2357): reportAndCheckpointRadioStats
11-20 07:24:23.735 V/LigerRadioStatsReporter( 2357): +++++++++++ RADIO STATS DUMP +++++++++++
11-20 07:24:23.735 V/LigerRadioStatsReporter( 2357): totalActiveRadioTimeMs=0
11-20 07:24:23.735 V/LigerRadioStatsReporter( 2357): totalTailRadioTimeMs=13993
11-20 07:24:23.736 V/LigerRadioStatsReporter( 2357): totalWakeupCount=0
11-20 07:24:23.736 V/LigerRadioStatsReporter( 2357): httpUpBytes=0
11-20 07:24:23.736 V/LigerRadioStatsReporter( 2357): httpDownBytes=0
11-20 07:24:23.736 V/LigerRadioStatsReporter( 2357): httpWakeupCount=0
11-20 07:24:23.736 V/LigerRadioStatsReporter( 2357): httpRequestCount=0
