--------- beginning of system
11-20 19:57:52.647 D/commandrouter( 1117): rtc_sync (1, rtc:sync): <ServiceRequest> FORWARDED (remote -> local) service client ID = 0, token ID = 42905
11-20 19:57:52.647 D/commandrouter( 1117): SocServiceHandle::onServiceMessage, SoC Service = rtc_sync, appType = 1, type = SVC_RESP, clientId = 0, token = 42905, payloadLen = 8, result = 0, payload.size() = 8
11-20 19:57:53.628 I/chatty  ( 1194): uid=1000(system) android.ui expire 12 lines
11-20 19:58:01.131 I/chatty  ( 1194): uid=1000(system) Binder:1194_1E expire 1 line
11-20 19:58:01.249 I/chatty  ( 1194): uid=1000(system) Binder:1194_11 expire 3 lines
11-20 19:58:02.637 I/chatty  ( 1117): uid=1000(system) /vendor/bin/commandrouter expire 10 lines
11-20 19:58:02.638 I/chatty  ( 1117): uid=1000(system) HwBinder:1117_2 expire 10 lines
11-20 19:58:05.363 I/chatty  ( 1194): uid=1000(system) LazyTaskWriterT expire 10 lines
11-20 19:58:09.166 I/chatty  ( 1194): uid=1000(system) Binder:1194_7 expire 4 lines
11-20 19:58:10.083 I/chatty  ( 1194): uid=1000(system) DeviceStorageMo expire 10 lines
11-20 19:58:11.258 I/chatty  ( 1117): uid=1000(system) HwBinder:1117_9 expire 7 lines
11-20 19:58:11.261 D/mculinkhealth( 1118): isMcuReachable 1 (4 ms)
11-20 19:58:16.090 I/chatty  ( 1194): uid=1000(system) android.display expire 10 lines
11-20 19:58:17.049 I/chatty  ( 1194): uid=1000(system) WifiP2pService expire 10 lines
11-20 19:58:17.054 I/chatty  ( 1194): uid=1000(system) ActivityManager expire 10 lines
11-20 19:58:17.507 I/chatty  ( 1117): uid=1000(system) HwBinder:1117_1 expire 4 lines
11-20 19:58:19.078 I/chatty  ( 1194): uid=1000(system) WifiHandlerThre expire 10 lines
11-20 19:58:19.315 W/wificond(  906): Scan is not started. Ignore abort request
11-20 19:58:20.072 I/chatty  ( 1194): uid=1000(system) ConnectivitySer expire 34 lines
11-20 19:58:21.655 E/NetlinkEvent(  459): NetlinkEvent::FindParam(): Parameter 'INTERFACE' not found
11-20 19:58:21.655 E/NetlinkEvent(  459): NetlinkEvent::FindParam(): Parameter 'STATE' not found
11-20 19:58:21.655 E/NetlinkEvent(  459): NetlinkEvent::FindParam(): Parameter 'TIME_NS' not found
11-20 19:58:21.655 E/NetlinkEvent(  459): NetlinkEvent::FindParam(): Parameter 'UID' not found
11-20 19:58:21.884 I/chatty  ( 1194): uid=1000(system) android.fg expire 11 lines
11-20 19:58:21.979 I/chatty  ( 1194): uid=1000 system_server expire 4 lines
11-20 19:58:21.980 I/chatty  ( 1194): uid=1000(system) ActivityManager expire 26 lines
11-20 19:58:24.203 I/chatty  ( 1194): uid=1000(system) Binder:1194_13 expire 5 lines
11-20 19:58:24.740 I/chatty  ( 1194): uid=1000(system) Binder:1194_E expire 5 lines
11-20 19:58:25.098 I/chatty  ( 1194): uid=1000(system) Binder:1194_1D expire 2 lines
11-20 19:58:26.022 E/SystemConfig(15865): SystemConfig is being accessed by a process other than system_server.
11-20 19:58:26.034 I/SystemConfig(15865): Reading permissions from /system/etc/sysconfig/preinstalled-packages-platform.xml
11-20 19:58:26.041 I/SystemConfig(15865): Reading permissions from /system/etc/sysconfig/qti_whitelist.xml
11-20 19:58:26.044 I/SystemConfig(15865): Reading permissions from /system/etc/sysconfig/hiddenapi-package-whitelist.xml
11-20 19:58:26.050 I/chatty  ( 1194): uid=1000 system_server expire 2 lines
11-20 19:58:26.058 I/SystemConfig(15865): Reading permissions from /system/etc/sysconfig/framework-sysconfig.xml
11-20 19:58:26.062 I/SystemConfig(15865): Reading permissions from /system/etc/permissions/com.facebook.mos.sdk.mfi.xml
11-20 19:58:26.064 I/SystemConfig(15865): Reading permissions from /system/etc/permissions/oculus.hardware.standalone_vr.xml
11-20 19:58:26.066 I/SystemConfig(15865): Reading permissions from /system/etc/permissions/android.test.mock.xml
11-20 19:58:26.068 I/SystemConfig(15865): Reading permissions from /system/etc/permissions/privapp-permissions-platform.xml
11-20 19:58:26.076 I/SystemConfig(15865): Reading permissions from /system/etc/permissions/com.facebook.mos.sdk.wifictl.xml
11-20 19:58:26.078 I/SystemConfig(15865): Reading permissions from /system/etc/permissions/android.hardware.opengles.aep.xml
11-20 19:58:26.080 I/SystemConfig(15865): Reading permissions from /system/etc/permissions/android.hardware.sensor.proximity.xml
11-20 19:58:26.082 I/SystemConfig(15865): Reading permissions from /system/etc/permissions/com.facebook.mos.sdk.calling.xml
11-20 19:58:26.083 I/SystemConfig(15865): Reading permissions from /system/etc/permissions/privapp-permissions-qti-wearable.xml
11-20 19:58:26.087 I/SystemConfig(15865): Reading permissions from /system/etc/permissions/android.hardware.audio.low_latency.xml
11-20 19:58:26.089 I/SystemConfig(15865): Reading permissions from /system/etc/permissions/android.hardware.bluetooth_le.xml
11-20 19:58:26.091 I/SystemConfig(15865): Reading permissions from /system/etc/permissions/android.hardware.vulkan.level-0.xml
11-20 19:58:26.094 I/SystemConfig(15865): Reading permissions from /system/etc/permissions/handheld_core_hardware.xml
11-20 19:58:26.099 I/SystemConfig(15865): Reading permissions from /system/etc/permissions/org.apache.http.legacy.xml
11-20 19:58:26.101 I/SystemConfig(15865): Reading permissions from /system/etc/permissions/com.android.location.provider.xml
11-20 19:58:26.104 I/SystemConfig(15865): Reading permissions from /system/etc/permissions/com.facebook.wearable.apps.sdk.xml
11-20 19:58:26.106 I/SystemConfig(15865): Reading permissions from /system/etc/permissions/com.android.mediadrm.signer.xml
11-20 19:58:26.108 I/SystemConfig(15865): Reading permissions from /system/etc/permissions/wearable_core_hardware.xml
11-20 19:58:26.110 I/SystemConfig(15865): Reading permissions from /system/etc/permissions/backup.xml
11-20 19:58:26.111 I/SystemConfig(15865): Reading permissions from /system/etc/permissions/privapp-permissions-qti.xml
11-20 19:58:26.116 I/SystemConfig(15865): Reading permissions from /system/etc/permissions/javax.obex.xml
11-20 19:58:26.118 I/SystemConfig(15865): Reading permissions from /system/etc/permissions/android.hardware.vulkan.version-1_0_3.xml
11-20 19:58:26.121 I/SystemConfig(15865): Reading permissions from /system/etc/permissions/com.android.documentsui.xml
11-20 19:58:26.124 I/SystemConfig(15865): Reading permissions from /system/etc/permissions/android.hardware.sensor.stepdetector.xml
11-20 19:58:26.127 I/SystemConfig(15865): Reading permissions from /system/etc/permissions/libWirelessInsight-shared.xml
11-20 19:58:26.132 I/SystemConfig(15865): Reading permissions from /system/etc/permissions/qwcontextualmodelib.xml
11-20 19:58:26.134 I/SystemConfig(15865): Reading permissions from /system/etc/permissions/android.hardware.sensor.compass.xml
11-20 19:58:26.136 I/SystemConfig(15865): Reading permissions from /system/etc/permissions/android.hardware.wifi.direct.xml
11-20 19:58:26.138 I/SystemConfig(15865): Reading permissions from /system/etc/permissions/android.hardware.camera.autofocus.xml
11-20 19:58:26.140 I/SystemConfig(15865): Reading permissions from /system/etc/permissions/android.hardware.sensor.stepcounter.xml
11-20 19:58:26.142 I/SystemConfig(15865): Reading permissions from /system/etc/permissions/android.software.webview.xml
11-20 19:58:26.144 I/SystemConfig(15865): Reading permissions from /system/etc/permissions/android.hardware.sensor.accelerometer.xml
11-20 19:58:26.146 I/SystemConfig(15865): Reading permissions from /system/etc/permissions/android.hardware.bluetooth.xml
11-20 19:58:26.148 I/SystemConfig(15865): Reading permissions from /system/etc/permissions/com.android.future.usb.accessory.xml
11-20 19:58:26.149 I/SystemConfig(15865): Reading permissions from /system/etc/permissions/android.test.base.xml
11-20 19:58:26.155 I/SystemConfig(15865): Reading permissions from /system/etc/permissions/android.software.live_wallpaper.xml
11-20 19:58:26.160 I/SystemConfig(15865): Reading permissions from /system/etc/permissions/com.google.android.wearable.xml
11-20 19:58:26.162 I/SystemConfig(15865): Reading permissions from /system/etc/permissions/android.hardware.audio.pro.xml
11-20 19:58:26.165 I/SystemConfig(15865): Reading permissions from /system/etc/permissions/com.android.media.remotedisplay.xml
11-20 19:58:26.168 I/SystemConfig(15865): Reading permissions from /system/etc/permissions/android.test.runner.xml
11-20 19:58:26.171 I/SystemConfig(15865): Reading permissions from /system/etc/permissions/android.software.sip.voip.xml
11-20 19:58:26.173 I/SystemConfig(15865): Reading permissions from /system/etc/permissions/com.facebook.mos.sdk.btctl.xml
11-20 19:58:26.179 I/SystemConfig(15865): Reading permissions from /system/etc/permissions/privapp-permissions-mos.xml
11-20 19:58:26.185 I/SystemConfig(15865): Reading permissions from /system/etc/permissions/android.software.verified_boot.xml
11-20 19:58:26.187 I/SystemConfig(15865): Reading permissions from /system/etc/permissions/android.hardware.wifi.xml
11-20 19:58:26.189 I/SystemConfig(15865): Reading permissions from /system/etc/permissions/platform.xml
11-20 19:58:26.198 I/SystemConfig(15865): Reading permissions from /vendor/etc/permissions/android.hardware.wifi.direct.xml
11-20 19:58:26.199 I/SystemConfig(15865): Reading permissions from /vendor/etc/permissions/android.hardware.light.xml
11-20 19:58:26.202 I/SystemConfig(15865): Reading permissions from /vendor/etc/permissions/android.software.sip.voip.xml
11-20 19:58:26.207 I/SystemConfig(15865): Reading permissions from /vendor/etc/permissions/android.hardware.sensor.stepdetector.xml
11-20 19:58:26.210 I/SystemConfig(15865): Reading permissions from /vendor/etc/permissions/android.hardware.opengles.aep.xml
11-20 19:58:26.214 I/SystemConfig(15865): Reading permissions from /vendor/etc/permissions/android.hardware.telephony.ims.xml
11-20 19:58:26.216 I/SystemConfig(15865): Reading permissions from /vendor/etc/permissions/android.hardware.camera.flash-autofocus.xml
11-20 19:58:26.218 I/SystemConfig(15865): Reading permissions from /vendor/etc/permissions/android.software.device_id_attestation.xml
11-20 19:58:26.219 I/SystemConfig(15865): Reading permissions from /vendor/etc/permissions/android.hardware.camera.full.xml
11-20 19:58:26.221 I/SystemConfig(15865): Reading permissions from /vendor/etc/permissions/android.hardware.vulkan.level-0.xml
11-20 19:58:26.225 I/SystemConfig(15865): Reading permissions from /vendor/etc/permissions/android.hardware.touchscreen.multitouch.jazzhand.xml
11-20 19:58:26.227 I/SystemConfig(15865): Reading permissions from /vendor/etc/permissions/android.hardware.telephony.cdma.xml
11-20 19:58:26.228 I/SystemConfig(15865): Reading permissions from /vendor/etc/permissions/android.hardware.sensor.hifi_sensors.xml
11-20 19:58:26.231 I/SystemConfig(15865): Reading permissions from /vendor/etc/permissions/android.hardware.nfc.hce.xml
11-20 19:58:26.233 I/SystemConfig(15865): Reading permissions from /vendor/etc/permissions/vendor-qti-hardware-sensorscalibrate.xml
11-20 19:58:26.234 I/SystemConfig(15865): Reading permissions from /vendor/etc/permissions/android.hardware.location.gps.xml
11-20 19:58:26.239 I/SystemConfig(15865): Reading permissions from /vendor/etc/permissions/vendor.qti.hardware.factory.xml
11-20 19:58:26.245 I/SystemConfig(15865): Reading permissions from /vendor/etc/permissions/android.hardware.camera.raw.xml
11-20 19:58:26.247 I/SystemConfig(15865): Reading permissions from /vendor/etc/permissions/android.hardware.sensor.compass.xml
11-20 19:58:26.250 I/SystemConfig(15865): Reading permissions from /vendor/etc/permissions/android.software.vulkan.deqp.level.xml
11-20 19:58:26.253 I/SystemConfig(15865): Reading permissions from /vendor/etc/permissions/android.hardware.camera.front.xml
11-20 19:58:26.255 I/SystemConfig(15865): Reading permissions from /vendor/etc/permissions/android.hardware.sensor.accelerometer.xml
11-20 19:58:26.257 I/SystemConfig(15865): Reading permissions from /vendor/etc/permissions/android.hardware.telephony.gsm.xml
11-20 19:58:26.260 I/SystemConfig(15865): Reading permissions from /vendor/etc/permissions/android.hardware.sensor.light.xml
11-20 19:58:26.262 I/SystemConfig(15865): Reading permissions from /vendor/etc/permissions/android.software.ipsec_tunnels.xml
11-20 19:58:26.264 I/SystemConfig(15865): Reading permissions from /vendor/etc/permissions/android.hardware.bluetooth.xml
11-20 19:58:26.265 I/SystemConfig(15865): Reading permissions from /vendor/etc/permissions/android.hardware.sensor.stepcounter.xml
11-20 19:58:26.267 I/SystemConfig(15865): Reading permissions from /vendor/etc/permissions/android.hardware.nfc.xml
11-20 19:58:26.269 I/SystemConfig(15865): Reading permissions from /vendor/etc/permissions/com.facebook.mos.sdk.devicecert.xml
11-20 19:58:26.271 I/SystemConfig(15865): Reading permissions from /vendor/etc/permissions/android.hardware.se.omapi.uicc.xml
11-20 19:58:26.273 I/SystemConfig(15865): Reading permissions from /vendor/etc/permissions/com.nxp.mifare.xml
11-20 19:58:26.274 I/SystemConfig(15865): Reading permissions from /vendor/etc/permissions/android.software.verified_boot.xml
11-20 19:58:26.276 I/SystemConfig(15865): Reading permissions from /vendor/etc/permissions/android.hardware.bluetooth_le.xml
11-20 19:58:26.279 I/SystemConfig(15865): Reading permissions from /vendor/etc/permissions/handheld_core_hardware.xml
11-20 19:58:26.281 I/SystemConfig(15865): Reading permissions from /vendor/etc/permissions/android.hardware.wifi.passpoint.xml
11-20 19:58:26.285 I/SystemConfig(15865): Reading permissions from /vendor/etc/permissions/android.hardware.vulkan.version-1_1.xml
11-20 19:58:26.287 I/SystemConfig(15865): Reading permissions from /vendor/etc/permissions/android.hardware.vulkan.compute-0.xml
11-20 19:58:26.290 I/SystemConfig(15865): Reading permissions from /vendor/etc/permissions/android.hardware.sensor.barometer.xml
11-20 19:58:26.292 I/SystemConfig(15865): Reading permissions from /vendor/etc/permissions/android.hardware.sensor.gyroscope.xml
11-20 19:58:26.294 I/SystemConfig(15865): Reading permissions from /vendor/etc/permissions/android.hardware.vulkan.level-1.xml
11-20 19:58:26.295 I/SystemConfig(15865): Reading permissions from /vendor/etc/permissions/android.hardware.wifi.xml
11-20 19:58:26.297 I/SystemConfig(15865): Reading permissions from /vendor/etc/permissions/android.hardware.nfc.hcef.xml
11-20 19:58:26.299 I/SystemConfig(15865): Reading permissions from /vendor/etc/permissions/android.hardware.sensor.proximity.xml
11-20 19:58:26.308 I/SystemConfig(15865): Reading permissions from /product/etc/sysconfig/preinstalled-packages-platform-handheld-product.xml
11-20 19:58:26.310 I/SystemConfig(15865): Reading permissions from /product/etc/sysconfig/preinstalled-packages-platform-overlays.xml
11-20 19:58:26.313 I/SystemConfig(15865): Reading permissions from /product/etc/permissions/com.android.settings.intelligence.xml
11-20 19:58:26.315 I/SystemConfig(15865): Reading permissions from /product/etc/permissions/vendor.qti.hardware.data.connection-V1.1-java.xml
11-20 19:58:26.316 I/SystemConfig(15865): Reading permissions from /product/etc/permissions/com.facebook.wearable.systemresource.xml
11-20 19:58:26.318 I/SystemConfig(15865): Reading permissions from /product/etc/permissions/telephony_product_privapp-permissions-qti.xml
11-20 19:58:26.319 I/SystemConfig(15865): Reading permissions from /product/etc/permissions/ims_ext_common.xml
11-20 19:58:26.321 I/SystemConfig(15865): Reading permissions from /product/etc/permissions/com.facebook.wearable.system_resource_service.xml
11-20 19:58:26.322 I/SystemConfig(15865): Reading permissions from /product/etc/permissions/vendor.qti.hardware.data.connection-V1.0-java.xml
11-20 19:58:26.325 W/SystemConfig(15865): No directory /system_ext/etc/sysconfig, skipping
11-20 19:58:26.327 I/SystemConfig(15865): Reading permissions from /system_ext/etc/permissions/qti_permissions.xml
11-20 19:58:26.331 I/SystemConfig(15865): Reading permissions from /system_ext/etc/permissions/audiosphere.xml
11-20 19:58:26.333 I/SystemConfig(15865): Reading permissions from /system_ext/etc/permissions/telephonyservice.xml
11-20 19:58:26.335 I/SystemConfig(15865): Reading permissions from /system_ext/etc/permissions/com.android.carrierconfig.xml
11-20 19:58:26.347 I/SystemConfig(15865): Reading permissions from /system_ext/etc/permissions/com.qualcomm.qti.izattools.xml
11-20 19:58:26.348 I/SystemConfig(15865): Reading permissions from /system_ext/etc/permissions/qti_libpermissions.xml
11-20 19:58:26.350 I/SystemConfig(15865): Reading permissions from /system_ext/etc/permissions/qti_telephony_hidl_wrapper.xml
11-20 19:58:26.353 I/SystemConfig(15865): Reading permissions from /system_ext/etc/permissions/com.qualcomm.qmapbridge.xml
11-20 19:58:26.354 I/SystemConfig(15865): Reading permissions from /system_ext/etc/permissions/izat.xt.srv.xml
11-20 19:58:26.356 I/SystemConfig(15865): Reading permissions from /system_ext/etc/permissions/com.qualcomm.qti.imscmservice-V2.2-java.xml
11-20 19:58:26.357 I/SystemConfig(15865): Reading permissions from /system_ext/etc/permissions/com.android.cellbroadcastreceiver.xml
11-20 19:58:26.360 I/SystemConfig(15865): Reading permissions from /system_ext/etc/permissions/com.android.settings.xml
11-20 19:58:26.363 I/SystemConfig(15865): Reading permissions from /system_ext/etc/permissions/com.android.emergency.xml
11-20 19:58:26.367 I/SystemConfig(15865): Reading permissions from /system_ext/etc/permissions/telephony_system-ext_privapp-permissions-qti.xml
11-20 19:58:26.369 I/SystemConfig(15865): Reading permissions from /system_ext/etc/permissions/com.qualcomm.qti.imscmservice-V2.0-java.xml
11-20 19:58:26.371 I/SystemConfig(15865): Reading permissions from /system_ext/etc/permissions/com.android.systemui.xml
11-20 19:58:26.374 I/SystemConfig(15865): Reading permissions from /system_ext/etc/permissions/com.qualcomm.qti.imscmservice.xml
11-20 19:58:26.375 I/SystemConfig(15865): Reading permissions from /system_ext/etc/permissions/qcrilhook.xml
11-20 19:58:26.377 I/SystemConfig(15865): Reading permissions from /system_ext/etc/permissions/com.qti.media.secureprocessor.xml
11-20 19:58:26.379 I/SystemConfig(15865): Reading permissions from /system_ext/etc/permissions/embms.xml
11-20 19:58:26.381 I/SystemConfig(15865): Reading permissions from /system_ext/etc/permissions/com.android.storagemanager.xml
11-20 19:58:26.383 I/SystemConfig(15865): Reading permissions from /system_ext/etc/permissions/qti_telephony_utils.xml
11-20 19:58:26.385 I/SystemConfig(15865): Reading permissions from /system_ext/etc/permissions/com.qualcomm.qti.imscmservice-V2.1-java.xml
11-20 19:58:26.387 D/SystemConfig(15865): readAllPermissions took to complete: 357ms
11-20 19:58:26.397 E/SystemConfig(15865): SystemConfig is being accessed by a process other than system_server.
11-20 19:58:26.410 I/chatty  ( 1194): uid=1000 system_server expire 2 lines
11-20 19:58:26.726 I/chatty  ( 1194): uid=1000(system) Binder:1194_2 expire 13 lines
11-20 19:58:29.478 I/chatty  ( 1194): uid=1000(system) android.ui expire 12 lines
11-20 19:58:37.140 I/chatty  ( 1194): uid=1000(system) Binder:1194_8 expire 1 line
11-20 19:58:37.264 I/chatty  ( 1194): uid=1000(system) Binder:1194_6 expire 7 lines
11-20 19:58:41.266 D/mculinkhealth( 1118): isMcuReachable 1 (3 ms)
11-20 19:58:51.648 I/chatty  ( 1194): uid=1000(system) ConnectivitySer expire 41 lines
11-20 19:59:01.350 I/chatty  ( 1194): uid=1000 system_server expire 1 line
11-20 19:59:11.273 I/chatty  ( 1117): uid=1000(system) /vendor/bin/commandrouter expire 11 lines
11-20 19:59:11.273 D/mculinkhealth( 1118): isMcuReachable 1 (6 ms)
11-20 19:59:17.293 I/McuTransferService( 2004): Request with notification:indicator:update_request type was scheduled to sent to notification:indicator:update
11-20 19:59:17.548 I/McuTransferService( 2004): Request with notification:indicator:update_request type was sent to notification:indicator:update
11-20 19:59:17.549 I/chatty  ( 1117): uid=1000(system) HwBinder:1117_9 expire 1 line
11-20 19:59:17.606 D/McuTransferService( 2004): get response for request notification:indicator:update_request, response type notification:indicator:update_response
11-20 19:59:17.724 D/McuTransferService( 2004): Sent response data back for request notification:indicator:update_request
11-20 19:59:17.724 D/McuTransferService( 2004): done processing response
11-20 19:59:17.801 E/NetlinkEvent(  459): NetlinkEvent::FindParam(): Parameter 'INTERFACE' not found
11-20 19:59:17.802 E/NetlinkEvent(  459): NetlinkEvent::FindParam(): Parameter 'STATE' not found
11-20 19:59:17.802 E/NetlinkEvent(  459): NetlinkEvent::FindParam(): Parameter 'TIME_NS' not found
11-20 19:59:17.802 E/NetlinkEvent(  459): NetlinkEvent::FindParam(): Parameter 'UID' not found
11-20 19:59:21.575 I/chatty  ( 1194): uid=1000(system) android.ui expire 12 lines
11-20 19:59:35.504 W/wificond(  906): Scan is not started. Ignore abort request
11-20 19:59:36.794 E/NetlinkEvent(  459): NetlinkEvent::FindParam(): Parameter 'INTERFACE' not found
11-20 19:59:36.794 E/NetlinkEvent(  459): NetlinkEvent::FindParam(): Parameter 'STATE' not found
11-20 19:59:36.794 E/NetlinkEvent(  459): NetlinkEvent::FindParam(): Parameter 'TIME_NS' not found
11-20 19:59:36.794 E/NetlinkEvent(  459): NetlinkEvent::FindParam(): Parameter 'UID' not found
11-20 19:59:41.281 D/mculinkhealth( 1118): isMcuReachable 1 (6 ms)
11-20 19:59:42.577 I/chatty  ( 1117): uid=1000(system) HwBinder:1117_2 expire 10 lines
11-20 19:59:56.098 I/chatty  ( 1117): uid=1000(system) HwBinder:1117_9 expire 1 line
11-20 19:59:56.116 I/chatty  ( 1194): uid=1000(system) android.bg expire 1 line
11-20 19:59:56.336 I/chatty  ( 1194): uid=1000 system_server expire 1 line
11-20 19:59:57.203 I/chatty  ( 1194): uid=1000 system_server expire 2 lines
11-20 20:00:06.381 I/chatty  ( 1194): uid=1000(system) ConnectivitySer expire 21 lines
11-20 20:00:06.539 E/NetlinkEvent(  459): NetlinkEvent::FindParam(): Parameter 'INTERFACE' not found
11-20 20:00:06.539 E/NetlinkEvent(  459): NetlinkEvent::FindParam(): Parameter 'STATE' not found
11-20 20:00:06.539 E/NetlinkEvent(  459): NetlinkEvent::FindParam(): Parameter 'TIME_NS' not found
11-20 20:00:06.539 E/NetlinkEvent(  459): NetlinkEvent::FindParam(): Parameter 'UID' not found
11-20 20:00:10.714 I/chatty  ( 1194): uid=1000(system) android.ui expire 17 lines
11-20 20:00:11.285 I/chatty  ( 1117): uid=1000(system) /vendor/bin/commandrouter expire 10 lines
11-20 20:00:11.285 D/mculinkhealth( 1118): isMcuReachable 1 (3 ms)
11-20 20:00:17.156 I/chatty  ( 1194): uid=1000(system) Binder:1194_D expire 4 lines
11-20 20:00:24.495 W/wificond(  906): Scan is not started. Ignore abort request
11-20 20:00:25.304 I/chatty  ( 1194): uid=1000(system) ConnectivitySer expire 22 lines
11-20 20:00:25.609 E/NetlinkEvent(  459): NetlinkEvent::FindParam(): Parameter 'INTERFACE' not found
11-20 20:00:25.609 E/NetlinkEvent(  459): NetlinkEvent::FindParam(): Parameter 'STATE' not found
11-20 20:00:25.610 E/NetlinkEvent(  459): NetlinkEvent::FindParam(): Parameter 'TIME_NS' not found
11-20 20:00:25.610 E/NetlinkEvent(  459): NetlinkEvent::FindParam(): Parameter 'UID' not found
11-20 20:00:29.361 I/chatty  ( 1194): uid=1000 system_server expire 2 lines
11-20 20:00:38.974 I/chatty  ( 1194): uid=1000(system) Binder:1194_1F expire 5 lines
11-20 20:00:41.291 D/mculinkhealth( 1118): isMcuReachable 1 (4 ms)
11-20 20:00:50.420 I/chatty  ( 1194): uid=1000(system) LazyTaskWriterT expire 12 lines
11-20 20:00:55.599 I/chatty  ( 1194): uid=1000(system) ConnectivitySer expire 41 lines
11-20 20:00:56.422 E/NetlinkEvent(  459): NetlinkEvent::FindParam(): Parameter 'INTERFACE' not found
11-20 20:00:56.422 E/NetlinkEvent(  459): NetlinkEvent::FindParam(): Parameter 'STATE' not found
11-20 20:00:56.422 E/NetlinkEvent(  459): NetlinkEvent::FindParam(): Parameter 'TIME_NS' not found
11-20 20:00:56.422 E/NetlinkEvent(  459): NetlinkEvent::FindParam(): Parameter 'UID' not found
11-20 20:01:05.624 I/chatty  ( 1194): uid=1000(system) android.ui expire 15 lines
11-20 20:01:11.296 D/mculinkhealth( 1118): isMcuReachable 1 (4 ms)
11-20 20:01:12.470 I/chatty  ( 1117): uid=1000(system) /vendor/bin/commandrouter expire 5 lines
11-20 20:01:15.454 W/wificond(  906): Scan is not started. Ignore abort request
11-20 20:01:16.702 E/NetlinkEvent(  459): NetlinkEvent::FindParam(): Parameter 'INTERFACE' not found
11-20 20:01:16.702 E/NetlinkEvent(  459): NetlinkEvent::FindParam(): Parameter 'STATE' not found
11-20 20:01:16.702 E/NetlinkEvent(  459): NetlinkEvent::FindParam(): Parameter 'TIME_NS' not found
11-20 20:01:16.702 E/NetlinkEvent(  459): NetlinkEvent::FindParam(): Parameter 'UID' not found
11-20 20:01:22.465 I/chatty  ( 1117): uid=1000(system) HwBinder:1117_2 expire 2 lines
11-20 20:01:38.159 I/chatty  ( 1194): uid=1000(system) Binder:1194_10 expire 4 lines
11-20 20:01:41.297 I/chatty  ( 1117): uid=1000(system) HwBinder:1117_9 expire 1 line
11-20 20:01:41.301 D/mculinkhealth( 1118): isMcuReachable 1 (4 ms)
11-20 20:01:42.447 D/commandrouter( 1117): rtc_sync (1, rtc:sync): <ServiceRequest> FORWARDED (remote -> local) service client ID = 0, token ID = 42928
11-20 20:01:42.447 D/commandrouter( 1117): SocServiceHandle::onServiceMessage, SoC Service = rtc_sync, appType = 1, type = SVC_RESP, clientId = 0, token = 42928, payloadLen = 8, result = 0, payload.size() = 8
11-20 20:01:46.359 I/chatty  ( 1194): uid=1000(system) ConnectivitySer expire 23 lines
11-20 20:01:46.477 E/NetlinkEvent(  459): NetlinkEvent::FindParam(): Parameter 'INTERFACE' not found
11-20 20:01:46.478 E/NetlinkEvent(  459): NetlinkEvent::FindParam(): Parameter 'STATE' not found
11-20 20:01:46.478 E/NetlinkEvent(  459): NetlinkEvent::FindParam(): Parameter 'TIME_NS' not found
11-20 20:01:46.478 E/NetlinkEvent(  459): NetlinkEvent::FindParam(): Parameter 'UID' not found
11-20 20:01:52.439 D/commandrouter( 1117): rtc_sync (1, rtc:sync): <ServiceRequest> FORWARDED (remote -> local) service client ID = 0, token ID = 42929
11-20 20:01:52.440 D/commandrouter( 1117): SocServiceHandle::onServiceMessage, SoC Service = rtc_sync, appType = 1, type = SVC_RESP, clientId = 0, token = 42929, payloadLen = 8, result = 0, payload.size() = 8
11-20 20:02:02.007 I/chatty  ( 1194): uid=1000 system_server expire 1 line
11-20 20:02:02.431 D/commandrouter( 1117): rtc_sync (1, rtc:sync): <ServiceRequest> FORWARDED (remote -> local) service client ID = 0, token ID = 42930
11-20 20:02:02.431 D/commandrouter( 1117): SocServiceHandle::onServiceMessage, SoC Service = rtc_sync, appType = 1, type = SVC_RESP, clientId = 0, token = 42930, payloadLen = 8, result = 0, payload.size() = 8
11-20 20:02:05.039 W/wificond(  906): Scan is not started. Ignore abort request
11-20 20:02:06.788 I/chatty  ( 1194): uid=1000(system) ConnectivitySer expire 18 lines
11-20 20:02:07.049 E/NetlinkEvent(  459): NetlinkEvent::FindParam(): Parameter 'INTERFACE' not found
11-20 20:02:07.049 E/NetlinkEvent(  459): NetlinkEvent::FindParam(): Parameter 'STATE' not found
11-20 20:02:07.049 E/NetlinkEvent(  459): NetlinkEvent::FindParam(): Parameter 'TIME_NS' not found
11-20 20:02:07.049 E/NetlinkEvent(  459): NetlinkEvent::FindParam(): Parameter 'UID' not found
11-20 20:02:07.220 I/chatty  ( 1194): uid=1000(system) android.fg expire 9 lines
11-20 20:02:11.303 D/commandrouter( 1117): SocServiceHandle::onServiceMessage, SoC Service = mcu_healthcheck_1118, appType = 1, type = SVC_REQ, clientId = 0, token = 3387, payloadLen = 12, result = 0, payload.size() = 12
11-20 20:02:11.308 D/commandrouter( 1117): mcu_healthcheck_1118 (1, merlot:mcu_health:control): <ServiceResponse> FORWARDED (remote -> local) CR token ID = 3387, service client ID = 40, token ID = 60773, result = 0
11-20 20:02:11.308 D/mculinkhealth( 1118): isMcuReachable 1 (5 ms)
11-20 20:02:12.426 D/commandrouter( 1117): rtc_sync (1, rtc:sync): <ServiceRequest> FORWARDED (remote -> local) service client ID = 0, token ID = 42931
11-20 20:02:12.427 D/commandrouter( 1117): SocServiceHandle::onServiceMessage, SoC Service = rtc_sync, appType = 1, type = SVC_RESP, clientId = 0, token = 42931, payloadLen = 8, result = 0, payload.size() = 8
11-20 20:02:17.529 D/commandrouter( 1117): SocServiceHandle::onServiceMessage, SoC Service = mcu_healthcheck_946, appType = 1, type = SVC_REQ, clientId = 0, token = 1693, payloadLen = 20, result = 0, payload.size() = 20
11-20 20:02:17.533 D/commandrouter( 1117): mcu_healthcheck_946 (1, merlot:mcu_health:control): <ServiceResponse> FORWARDED (remote -> local) CR token ID = 1693, service client ID = 6, token ID = 60774, result = 0
11-20 20:02:22.418 D/commandrouter( 1117): rtc_sync (1, rtc:sync): <ServiceRequest> FORWARDED (remote -> local) service client ID = 0, token ID = 42932
11-20 20:02:22.419 D/commandrouter( 1117): SocServiceHandle::onServiceMessage, SoC Service = rtc_sync, appType = 1, type = SVC_RESP, clientId = 0, token = 42932, payloadLen = 8, result = 0, payload.size() = 8
11-20 20:02:25.314 I/chatty  ( 1194): uid=1000(system) android.ui expire 12 lines
11-20 20:02:28.157 I/chatty  ( 1194): uid=1000(system) Binder:1194_F expire 8 lines
11-20 20:02:32.413 D/commandrouter( 1117): rtc_sync (1, rtc:sync): <ServiceRequest> FORWARDED (remote -> local) service client ID = 0, token ID = 42933
11-20 20:02:32.414 D/commandrouter( 1117): SocServiceHandle::onServiceMessage, SoC Service = rtc_sync, appType = 1, type = SVC_RESP, clientId = 0, token = 42933, payloadLen = 8, result = 0, payload.size() = 8
11-20 20:02:36.343 I/chatty  ( 1194): uid=1000(system) ConnectivitySer expire 35 lines
11-20 20:02:36.498 E/NetlinkEvent(  459): NetlinkEvent::FindParam(): Parameter 'INTERFACE' not found
11-20 20:02:36.498 E/NetlinkEvent(  459): NetlinkEvent::FindParam(): Parameter 'STATE' not found
11-20 20:02:36.498 E/NetlinkEvent(  459): NetlinkEvent::FindParam(): Parameter 'TIME_NS' not found
11-20 20:02:36.498 E/NetlinkEvent(  459): NetlinkEvent::FindParam(): Parameter 'UID' not found
11-20 20:02:41.309 D/commandrouter( 1117): SocServiceHandle::onServiceMessage, SoC Service = mcu_healthcheck_1118, appType = 1, type = SVC_REQ, clientId = 0, token = 3388, payloadLen = 12, result = 0, payload.size() = 12
11-20 20:02:41.312 D/commandrouter( 1117): mcu_healthcheck_1118 (1, merlot:mcu_health:control): <ServiceResponse> FORWARDED (remote -> local) CR token ID = 3388, service client ID = 40, token ID = 60775, result = 0
11-20 20:02:41.313 D/mculinkhealth( 1118): isMcuReachable 1 (4 ms)
11-20 20:02:42.403 D/commandrouter( 1117): rtc_sync (1, rtc:sync): <ServiceRequest> FORWARDED (remote -> local) service client ID = 0, token ID = 42934
11-20 20:02:42.403 D/commandrouter( 1117): SocServiceHandle::onServiceMessage, SoC Service = rtc_sync, appType = 1, type = SVC_RESP, clientId = 0, token = 42934, payloadLen = 8, result = 0, payload.size() = 8
11-20 20:02:47.147 I/chatty  ( 1194): uid=1000(system) Binder:1194_12 expire 8 lines
11-20 20:02:52.391 D/commandrouter( 1117): rtc_sync (1, rtc:sync): <ServiceRequest> FORWARDED (remote -> local) service client ID = 0, token ID = 42935
11-20 20:02:52.392 D/commandrouter( 1117): SocServiceHandle::onServiceMessage, SoC Service = rtc_sync, appType = 1, type = SVC_RESP, clientId = 0, token = 42935, payloadLen = 8, result = 0, payload.size() = 8
11-20 20:02:53.802 I/chatty  ( 1194): uid=1000(system) android.display expire 7 lines
11-20 20:02:54.774 I/chatty  ( 1194): uid=1000(system) WifiP2pService expire 8 lines
11-20 20:02:54.814 W/wificond(  906): Scan is not started. Ignore abort request
11-20 20:02:55.983 E/NetlinkEvent(  459): NetlinkEvent::FindParam(): Parameter 'INTERFACE' not found
11-20 20:02:55.983 E/NetlinkEvent(  459): NetlinkEvent::FindParam(): Parameter 'STATE' not found
11-20 20:02:55.983 E/NetlinkEvent(  459): NetlinkEvent::FindParam(): Parameter 'TIME_NS' not found
11-20 20:02:55.983 E/NetlinkEvent(  459): NetlinkEvent::FindParam(): Parameter 'UID' not found
11-20 20:02:56.128 I/chatty  ( 1194): uid=1000(system) ConnectivitySer expire 15 lines
11-20 20:03:02.384 D/commandrouter( 1117): rtc_sync (1, rtc:sync): <ServiceRequest> FORWARDED (remote -> local) service client ID = 0, token ID = 42936
11-20 20:03:02.385 D/commandrouter( 1117): SocServiceHandle::onServiceMessage, SoC Service = rtc_sync, appType = 1, type = SVC_RESP, clientId = 0, token = 42936, payloadLen = 8, result = 0, payload.size() = 8
11-20 20:03:10.568 I/chatty  ( 1194): uid=1000(system) DeviceStorageMo expire 6 lines
11-20 20:03:11.313 D/commandrouter( 1117): SocServiceHandle::onServiceMessage, SoC Service = mcu_healthcheck_1118, appType = 1, type = SVC_REQ, clientId = 0, token = 3389, payloadLen = 12, result = 0, payload.size() = 12
11-20 20:03:11.318 D/commandrouter( 1117): mcu_healthcheck_1118 (1, merlot:mcu_health:control): <ServiceResponse> FORWARDED (remote -> local) CR token ID = 3389, service client ID = 40, token ID = 60776, result = 0
11-20 20:03:11.318 D/mculinkhealth( 1118): isMcuReachable 1 (5 ms)
11-20 20:03:12.378 D/commandrouter( 1117): rtc_sync (1, rtc:sync): <ServiceRequest> FORWARDED (remote -> local) service client ID = 0, token ID = 42937
11-20 20:03:12.378 D/commandrouter( 1117): SocServiceHandle::onServiceMessage, SoC Service = rtc_sync, appType = 1, type = SVC_RESP, clientId = 0, token = 42937, payloadLen = 8, result = 0, payload.size() = 8
11-20 20:03:15.212 I/chatty  ( 1194): uid=1000(system) android.ui expire 13 lines
11-20 20:03:17.535 D/commandrouter( 1117): SocServiceHandle::onServiceMessage, SoC Service = mcu_healthcheck_946, appType = 1, type = SVC_REQ, clientId = 0, token = 1694, payloadLen = 20, result = 0, payload.size() = 20
11-20 20:03:17.539 D/commandrouter( 1117): mcu_healthcheck_946 (1, merlot:mcu_health:control): <ServiceResponse> FORWARDED (remote -> local) CR token ID = 1694, service client ID = 6, token ID = 60777, result = 0
11-20 20:03:18.152 I/chatty  ( 1194): uid=1000(system) Binder:1194_2 expire 11 lines
11-20 20:03:22.370 D/commandrouter( 1117): rtc_sync (1, rtc:sync): <ServiceRequest> FORWARDED (remote -> local) service client ID = 0, token ID = 42938
11-20 20:03:22.371 D/commandrouter( 1117): SocServiceHandle::onServiceMessage, SoC Service = rtc_sync, appType = 1, type = SVC_RESP, clientId = 0, token = 42938, payloadLen = 8, result = 0, payload.size() = 8
11-20 20:03:26.339 I/wificond(  906): Fail RSSI polling because wifi is not associated.
11-20 20:03:26.493 E/NetlinkEvent(  459): NetlinkEvent::FindParam(): Parameter 'INTERFACE' not found
11-20 20:03:26.493 E/NetlinkEvent(  459): NetlinkEvent::FindParam(): Parameter 'STATE' not found
11-20 20:03:26.493 E/NetlinkEvent(  459): NetlinkEvent::FindParam(): Parameter 'TIME_NS' not found
11-20 20:03:26.493 E/NetlinkEvent(  459): NetlinkEvent::FindParam(): Parameter 'UID' not found
11-20 20:03:26.516 I/chatty  ( 1194): uid=1000 system_server expire 2 lines
11-20 20:03:32.362 D/commandrouter( 1117): rtc_sync (1, rtc:sync): <ServiceRequest> FORWARDED (remote -> local) service client ID = 0, token ID = 42939
11-20 20:03:32.363 D/commandrouter( 1117): SocServiceHandle::onServiceMessage, SoC Service = rtc_sync, appType = 1, type = SVC_RESP, clientId = 0, token = 42939, payloadLen = 8, result = 0, payload.size() = 8
11-20 20:03:41.319 D/commandrouter( 1117): SocServiceHandle::onServiceMessage, SoC Service = mcu_healthcheck_1118, appType = 1, type = SVC_REQ, clientId = 0, token = 3390, payloadLen = 12, result = 0, payload.size() = 12
11-20 20:03:41.323 D/commandrouter( 1117): mcu_healthcheck_1118 (1, merlot:mcu_health:control): <ServiceResponse> FORWARDED (remote -> local) CR token ID = 3390, service client ID = 40, token ID = 60778, result = 0
11-20 20:03:41.326 D/mculinkhealth( 1118): isMcuReachable 1 (4 ms)
11-20 20:03:42.368 D/commandrouter( 1117): rtc_sync (1, rtc:sync): <ServiceRequest> FORWARDED (remote -> local) service client ID = 0, token ID = 42940
11-20 20:03:42.368 D/commandrouter( 1117): SocServiceHandle::onServiceMessage, SoC Service = rtc_sync, appType = 1, type = SVC_RESP, clientId = 0, token = 42940, payloadLen = 8, result = 0, payload.size() = 8
11-20 20:03:45.683 W/wificond(  906): Scan is not started. Ignore abort request
11-20 20:03:46.078 I/chatty  ( 1194): uid=1000(system) ConnectivitySer expire 32 lines
11-20 20:03:47.082 E/NetlinkEvent(  459): NetlinkEvent::FindParam(): Parameter 'INTERFACE' not found
11-20 20:03:47.082 E/NetlinkEvent(  459): NetlinkEvent::FindParam(): Parameter 'STATE' not found
11-20 20:03:47.082 E/NetlinkEvent(  459): NetlinkEvent::FindParam(): Parameter 'TIME_NS' not found
11-20 20:03:47.082 E/NetlinkEvent(  459): NetlinkEvent::FindParam(): Parameter 'UID' not found
11-20 20:03:52.367 D/commandrouter( 1117): rtc_sync (1, rtc:sync): <ServiceRequest> FORWARDED (remote -> local) service client ID = 0, token ID = 42941
11-20 20:03:52.368 D/commandrouter( 1117): SocServiceHandle::onServiceMessage, SoC Service = rtc_sync, appType = 1, type = SVC_RESP, clientId = 0, token = 42941, payloadLen = 8, result = 0, payload.size() = 8
11-20 20:04:02.362 D/commandrouter( 1117): rtc_sync (1, rtc:sync): <ServiceRequest> FORWARDED (remote -> local) service client ID = 0, token ID = 42942
11-20 20:04:02.363 D/commandrouter( 1117): SocServiceHandle::onServiceMessage, SoC Service = rtc_sync, appType = 1, type = SVC_RESP, clientId = 0, token = 42942, payloadLen = 8, result = 0, payload.size() = 8
11-20 20:04:05.794 I/chatty  ( 1194): uid=1000(system) android.ui expire 12 lines
11-20 20:04:11.327 D/commandrouter( 1117): SocServiceHandle::onServiceMessage, SoC Service = mcu_healthcheck_1118, appType = 1, type = SVC_REQ, clientId = 0, token = 3391, payloadLen = 12, result = 0, payload.size() = 12
11-20 20:04:11.330 D/commandrouter( 1117): mcu_healthcheck_1118 (1, merlot:mcu_health:control): <ServiceResponse> FORWARDED (remote -> local) CR token ID = 3391, service client ID = 40, token ID = 60779, result = 0
11-20 20:04:11.330 D/mculinkhealth( 1118): isMcuReachable 1 (3 ms)
11-20 20:04:11.724 I/chatty  ( 1194): uid=1000(system) LazyTaskWriterT expire 6 lines
11-20 20:04:12.361 D/commandrouter( 1117): rtc_sync (1, rtc:sync): <ServiceRequest> FORWARDED (remote -> local) service client ID = 0, token ID = 42943
11-20 20:04:12.362 D/commandrouter( 1117): SocServiceHandle::onServiceMessage, SoC Service = rtc_sync, appType = 1, type = SVC_RESP, clientId = 0, token = 42943, payloadLen = 8, result = 0, payload.size() = 8
11-20 20:04:17.080 I/chatty  ( 1194): uid=1000(system) ConnectivitySer expire 41 lines
11-20 20:04:17.540 D/commandrouter( 1117): SocServiceHandle::onServiceMessage, SoC Service = mcu_healthcheck_946, appType = 1, type = SVC_REQ, clientId = 0, token = 1695, payloadLen = 20, result = 0, payload.size() = 20
11-20 20:04:17.543 D/commandrouter( 1117): mcu_healthcheck_946 (1, merlot:mcu_health:control): <ServiceResponse> FORWARDED (remote -> local) CR token ID = 1695, service client ID = 6, token ID = 60780, result = 0
11-20 20:04:17.832 E/NetlinkEvent(  459): NetlinkEvent::FindParam(): Parameter 'INTERFACE' not found
11-20 20:04:17.832 E/NetlinkEvent(  459): NetlinkEvent::FindParam(): Parameter 'STATE' not found
11-20 20:04:17.832 E/NetlinkEvent(  459): NetlinkEvent::FindParam(): Parameter 'TIME_NS' not found
11-20 20:04:17.832 E/NetlinkEvent(  459): NetlinkEvent::FindParam(): Parameter 'UID' not found
11-20 20:04:22.360 D/commandrouter( 1117): rtc_sync (1, rtc:sync): <ServiceRequest> FORWARDED (remote -> local) service client ID = 0, token ID = 42944
11-20 20:04:22.361 D/commandrouter( 1117): SocServiceHandle::onServiceMessage, SoC Service = rtc_sync, appType = 1, type = SVC_RESP, clientId = 0, token = 42944, payloadLen = 8, result = 0, payload.size() = 8
11-20 20:04:29.034 I/chatty  ( 1194): uid=1000(system) Binder:1194_1A expire 1 line
11-20 20:04:32.390 D/commandrouter( 1117): rtc_sync (1, rtc:sync): <ServiceRequest> FORWARDED (remote -> local) service client ID = 0, token ID = 42945
11-20 20:04:32.391 D/commandrouter( 1117): SocServiceHandle::onServiceMessage, SoC Service = rtc_sync, appType = 1, type = SVC_RESP, clientId = 0, token = 42945, payloadLen = 8, result = 0, payload.size() = 8
11-20 20:04:37.056 W/wificond(  906): Scan is not started. Ignore abort request
11-20 20:04:38.537 E/NetlinkEvent(  459): NetlinkEvent::FindParam(): Parameter 'INTERFACE' not found
11-20 20:04:38.537 E/NetlinkEvent(  459): NetlinkEvent::FindParam(): Parameter 'STATE' not found
11-20 20:04:38.537 E/NetlinkEvent(  459): NetlinkEvent::FindParam(): Parameter 'TIME_NS' not found
11-20 20:04:38.537 E/NetlinkEvent(  459): NetlinkEvent::FindParam(): Parameter 'UID' not found
11-20 20:04:41.331 D/commandrouter( 1117): SocServiceHandle::onServiceMessage, SoC Service = mcu_healthcheck_1118, appType = 1, type = SVC_REQ, clientId = 0, token = 3392, payloadLen = 12, result = 0, payload.size() = 12
11-20 20:04:41.334 D/commandrouter( 1117): mcu_healthcheck_1118 (1, merlot:mcu_health:control): <ServiceResponse> FORWARDED (remote -> local) CR token ID = 3392, service client ID = 40, token ID = 60781, result = 0
11-20 20:04:41.334 D/mculinkhealth( 1118): isMcuReachable 1 (4 ms)
11-20 20:04:42.365 D/commandrouter( 1117): rtc_sync (1, rtc:sync): <ServiceRequest> FORWARDED (remote -> local) service client ID = 0, token ID = 42946
11-20 20:04:42.365 D/commandrouter( 1117): SocServiceHandle::onServiceMessage, SoC Service = rtc_sync, appType = 1, type = SVC_RESP, clientId = 0, token = 42946, payloadLen = 8, result = 0, payload.size() = 8
11-20 20:04:52.366 D/commandrouter( 1117): rtc_sync (1, rtc:sync): <ServiceRequest> FORWARDED (remote -> local) service client ID = 0, token ID = 42947
11-20 20:04:52.367 D/commandrouter( 1117): SocServiceHandle::onServiceMessage, SoC Service = rtc_sync, appType = 1, type = SVC_RESP, clientId = 0, token = 42947, payloadLen = 8, result = 0, payload.size() = 8
11-20 20:04:57.197 I/chatty  ( 1194): uid=1000(system) android.ui expire 10 lines
11-20 20:05:02.372 D/commandrouter( 1117): rtc_sync (1, rtc:sync): <ServiceRequest> FORWARDED (remote -> local) service client ID = 0, token ID = 42948
11-20 20:05:02.373 D/commandrouter( 1117): SocServiceHandle::onServiceMessage, SoC Service = rtc_sync, appType = 1, type = SVC_RESP, clientId = 0, token = 42948, payloadLen = 8, result = 0, payload.size() = 8
11-20 20:05:08.426 I/wificond(  906): Fail RSSI polling because wifi is not associated.
11-20 20:05:08.532 I/chatty  ( 1194): uid=1000(system) ConnectivitySer expire 34 lines
11-20 20:05:08.912 E/NetlinkEvent(  459): NetlinkEvent::FindParam(): Parameter 'INTERFACE' not found
11-20 20:05:08.912 E/NetlinkEvent(  459): NetlinkEvent::FindParam(): Parameter 'STATE' not found
11-20 20:05:08.912 E/NetlinkEvent(  459): NetlinkEvent::FindParam(): Parameter 'TIME_NS' not found
11-20 20:05:08.912 E/NetlinkEvent(  459): NetlinkEvent::FindParam(): Parameter 'UID' not found
11-20 20:05:11.336 D/commandrouter( 1117): SocServiceHandle::onServiceMessage, SoC Service = mcu_healthcheck_1118, appType = 1, type = SVC_REQ, clientId = 0, token = 3393, payloadLen = 12, result = 0, payload.size() = 12
11-20 20:05:11.341 D/commandrouter( 1117): mcu_healthcheck_1118 (1, merlot:mcu_health:control): <ServiceResponse> FORWARDED (remote -> local) CR token ID = 3393, service client ID = 40, token ID = 60782, result = 0
11-20 20:05:11.342 D/mculinkhealth( 1118): isMcuReachable 1 (5 ms)
11-20 20:05:12.374 D/commandrouter( 1117): rtc_sync (1, rtc:sync): <ServiceRequest> FORWARDED (remote -> local) service client ID = 0, token ID = 42949
11-20 20:05:12.375 D/commandrouter( 1117): SocServiceHandle::onServiceMessage, SoC Service = rtc_sync, appType = 1, type = SVC_RESP, clientId = 0, token = 42949, payloadLen = 8, result = 0, payload.size() = 8
11-20 20:05:17.545 D/commandrouter( 1117): SocServiceHandle::onServiceMessage, SoC Service = mcu_healthcheck_946, appType = 1, type = SVC_REQ, clientId = 0, token = 1696, payloadLen = 20, result = 0, payload.size() = 20
11-20 20:05:17.549 D/commandrouter( 1117): mcu_healthcheck_946 (1, merlot:mcu_health:control): <ServiceResponse> FORWARDED (remote -> local) CR token ID = 1696, service client ID = 6, token ID = 60783, result = 0
11-20 20:05:18.623 I/chatty  ( 1194): uid=1000(system) android.ui expire 2 lines
11-20 20:05:22.378 D/commandrouter( 1117): rtc_sync (1, rtc:sync): <ServiceRequest> FORWARDED (remote -> local) service client ID = 0, token ID = 42950
11-20 20:05:22.378 D/commandrouter( 1117): SocServiceHandle::onServiceMessage, SoC Service = rtc_sync, appType = 1, type = SVC_RESP, clientId = 0, token = 42950, payloadLen = 8, result = 0, payload.size() = 8
11-20 20:05:27.577 W/wificond(  906): Scan is not started. Ignore abort request
11-20 20:05:28.739 E/NetlinkEvent(  459): NetlinkEvent::FindParam(): Parameter 'INTERFACE' not found
11-20 20:05:28.739 E/NetlinkEvent(  459): NetlinkEvent::FindParam(): Parameter 'STATE' not found
11-20 20:05:28.739 E/NetlinkEvent(  459): NetlinkEvent::FindParam(): Parameter 'TIME_NS' not found
11-20 20:05:28.739 E/NetlinkEvent(  459): NetlinkEvent::FindParam(): Parameter 'UID' not found
11-20 20:05:28.900 I/chatty  ( 1194): uid=1000(system) ConnectivitySer expire 13 lines
11-20 20:05:32.382 D/commandrouter( 1117): rtc_sync (1, rtc:sync): <ServiceRequest> FORWARDED (remote -> local) service client ID = 0, token ID = 42951
11-20 20:05:32.383 D/commandrouter( 1117): SocServiceHandle::onServiceMessage, SoC Service = rtc_sync, appType = 1, type = SVC_RESP, clientId = 0, token = 42951, payloadLen = 8, result = 0, payload.size() = 8
11-20 20:05:41.343 D/commandrouter( 1117): SocServiceHandle::onServiceMessage, SoC Service = mcu_healthcheck_1118, appType = 1, type = SVC_REQ, clientId = 0, token = 3394, payloadLen = 12, result = 0, payload.size() = 12
11-20 20:05:41.348 D/commandrouter( 1117): mcu_healthcheck_1118 (1, merlot:mcu_health:control): <ServiceResponse> FORWARDED (remote -> local) CR token ID = 3394, service client ID = 40, token ID = 60784, result = 0
11-20 20:05:41.348 D/mculinkhealth( 1118): isMcuReachable 1 (5 ms)
11-20 20:05:42.374 D/commandrouter( 1117): rtc_sync (1, rtc:sync): <ServiceRequest> FORWARDED (remote -> local) service client ID = 0, token ID = 42952
11-20 20:05:42.375 D/commandrouter( 1117): SocServiceHandle::onServiceMessage, SoC Service = rtc_sync, appType = 1, type = SVC_RESP, clientId = 0, token = 42952, payloadLen = 8, result = 0, payload.size() = 8
11-20 20:05:47.734 I/chatty  ( 1194): uid=1000(system) android.ui expire 12 lines
11-20 20:05:50.170 I/chatty  ( 1194): uid=1000(system) Binder:1194_20 expire 8 lines
11-20 20:05:52.364 D/commandrouter( 1117): rtc_sync (1, rtc:sync): <ServiceRequest> FORWARDED (remote -> local) service client ID = 0, token ID = 42953
11-20 20:05:52.366 D/commandrouter( 1117): SocServiceHandle::onServiceMessage, SoC Service = rtc_sync, appType = 1, type = SVC_RESP, clientId = 0, token = 42953, payloadLen = 8, result = 0, payload.size() = 8
11-20 20:05:53.379 I/chatty  ( 1194): uid=1000(system) LazyTaskWriterT expire 3 lines
11-20 20:05:57.875 I/chatty  ( 1194): uid=1000(system) android.display expire 2 lines
11-20 20:05:58.422 I/chatty  ( 1194): uid=1000 system_server expire 1 line
11-20 20:05:58.509 E/NetlinkEvent(  459): NetlinkEvent::FindParam(): Parameter 'INTERFACE' not found
11-20 20:05:58.509 E/NetlinkEvent(  459): NetlinkEvent::FindParam(): Parameter 'STATE' not found
11-20 20:05:58.510 E/NetlinkEvent(  459): NetlinkEvent::FindParam(): Parameter 'TIME_NS' not found
11-20 20:05:58.510 E/NetlinkEvent(  459): NetlinkEvent::FindParam(): Parameter 'UID' not found
11-20 20:05:58.523 I/chatty  ( 1194): uid=1000(system) ConnectivitySer expire 3 lines
11-20 20:05:58.708 I/chatty  ( 1194): uid=1000(system) android.fg expire 1 line
11-20 20:06:02.356 D/commandrouter( 1117): rtc_sync (1, rtc:sync): <ServiceRequest> FORWARDED (remote -> local) service client ID = 0, token ID = 42954
11-20 20:06:02.357 D/commandrouter( 1117): SocServiceHandle::onServiceMessage, SoC Service = rtc_sync, appType = 1, type = SVC_RESP, clientId = 0, token = 42954, payloadLen = 8, result = 0, payload.size() = 8
11-20 20:06:10.880 I/chatty  ( 1194): uid=1000(system) DeviceStorageMo expire 2 lines
11-20 20:06:11.350 D/commandrouter( 1117): SocServiceHandle::onServiceMessage, SoC Service = mcu_healthcheck_1118, appType = 1, type = SVC_REQ, clientId = 0, token = 3395, payloadLen = 12, result = 0, payload.size() = 12
11-20 20:06:11.353 D/commandrouter( 1117): mcu_healthcheck_1118 (1, merlot:mcu_health:control): <ServiceResponse> FORWARDED (remote -> local) CR token ID = 3395, service client ID = 40, token ID = 60785, result = 0
11-20 20:06:11.354 D/mculinkhealth( 1118): isMcuReachable 1 (5 ms)
11-20 20:06:12.343 D/commandrouter( 1117): rtc_sync (1, rtc:sync): <ServiceRequest> FORWARDED (remote -> local) service client ID = 0, token ID = 42955
11-20 20:06:12.344 D/commandrouter( 1117): SocServiceHandle::onServiceMessage, SoC Service = rtc_sync, appType = 1, type = SVC_RESP, clientId = 0, token = 42955, payloadLen = 8, result = 0, payload.size() = 8
11-20 20:06:17.021 I/chatty  ( 1194): uid=1000(system) WifiP2pService expire 1 line
11-20 20:06:17.027 I/chatty  ( 1194): uid=1000(system) ActivityManager expire 1 line
11-20 20:06:17.113 W/wificond(  906): Scan is not started. Ignore abort request
11-20 20:06:17.142 I/chatty  ( 1194): uid=1000(system) WifiP2pService expire 1 line
11-20 20:06:17.495 I/chatty  ( 1194): uid=1000(system) WifiHandlerThre expire 1 line
11-20 20:06:17.511 D/ConnectivityService( 1194): [195 WIFI] EVENT_NETWORK_INFO_CHANGED, going from UNKNOWN to UNKNOWN
11-20 20:06:17.550 D/commandrouter( 1117): SocServiceHandle::onServiceMessage, SoC Service = mcu_healthcheck_946, appType = 1, type = SVC_REQ, clientId = 0, token = 1697, payloadLen = 20, result = 0, payload.size() = 20
11-20 20:06:17.554 D/commandrouter( 1117): mcu_healthcheck_946 (1, merlot:mcu_health:control): <ServiceResponse> FORWARDED (remote -> local) CR token ID = 1697, service client ID = 6, token ID = 60786, result = 0
11-20 20:06:17.671 D/ConnectivityService( 1194): NetReassign [no changes]
11-20 20:06:17.693 I/Nat464Xlat( 1194): Android Xlat is disabled
