11-20 07:23:45.348 D/commandrouter( 1006): mcu_healthcheck_1029 (1, merlot:mcu_health:control): <ServiceResponse> FORWARDED (remote -> local) CR token ID = 1868, service client ID = 40, token ID = 32274, result = 0
11-20 07:23:45.349 D/mcu_health_checker( 1029): MCU Health Response: MCU_OK
11-20 07:23:45.349 D/mcu_health_checker( 1029): MCU Session 0, uptime = 56074222 ms
11-20 07:23:45.349 D/mculinkhealth( 1029): isMcuReachable 1 (6 ms)
11-20 07:23:48.137 I/chatty  ( 1186): uid=1000(system) WifiScanningSer expire 2 lines
11-20 07:23:48.139 V/WifiHAL (  544): event received NL80211_CMD_TRIGGER_SCAN
11-20 07:23:48.286 I/chatty  ( 1026): uid=1021(gps) lowi-server expire 209 lines
11-20 07:23:48.287 I/chatty  ( 1186): uid=1000(system) Binder:1186_D expire 2 lines
11-20 07:23:48.296 V/WifiHAL (  544): event received NL80211_CMD_NEW_SCAN_RESULTS
11-20 07:23:49.082 I/vendor.rmt_storage(  621): rmt_storage_connect_cb: clnt_h=0x61 conn_h=0x9ea89030
11-20 07:23:49.082 I/vendor.rmt_storage(  621): rmt_storage_rw_iovec_cb: /boot/modem_fs1: req_h=0x61 msg_id=3: R/W request received (wr_count 89)
11-20 07:23:49.082 I/vendor.rmt_storage(  621): wakelock acquired: 1, error no: 11
11-20 07:23:49.083 I/vendor.rmt_storage(  621): rmt_storage_client_thread: /boot/modem_fs1: Unblock worker thread (th_id: -1644879424)
11-20 07:23:49.169 I/vendor.rmt_storage(  621): rmt_storage_client_thread: /boot/modem_fs1: req_h=0x61 msg_id=3: Bytes written = 1572864, wr_count 89
11-20 07:23:49.169 I/vendor.rmt_storage(  621): rmt_storage_client_thread: /boot/modem_fs1: req_h=0x61 msg_id=3: Send response: res=0 err=0, wr_count 89
11-20 07:23:49.169 I/vendor.rmt_storage(  621): rmt_storage_client_thread: /boot/modem_fs1: About to block rmt_storage client thread (th_id: -1644879424) wakelock released: 1, error no: 22
11-20 07:23:49.169 I/vendor.rmt_storage(  621): 
11-20 07:23:49.175 I/vendor.rmt_storage(  621): rmt_storage_disconnect_cb: clnt_h=0x61 conn_h=0x9ea89030
11-20 07:23:49.344 D/UIAutomatorStub(19450): URI: /jsonrpc/0, Method: POST, Header: {content-length=102, remote-addr=127.0.0.1, http-client-ip=127.0.0.1, host=localhost:9012, content-type=application/json, accept-encoding=identity}, params, {NanoHttpd.QUERY_STRING=null}, files: {postData={"jsonrpc": "2.0", "method": "pressKey", "id": "ab6dff3421b72e7a35486b4fbb4566a8", "params": ["back"]}}
11-20 07:23:49.376 D/AutofillManagerService( 1186): onBackKeyPressed()
11-20 07:23:49.413 D/UIAutomatorStub(19450): URI: /jsonrpc/0, Method: POST, Header: {content-length=102, remote-addr=127.0.0.1, http-client-ip=127.0.0.1, host=localhost:9012, content-type=application/json, accept-encoding=identity}, params, {NanoHttpd.QUERY_STRING=null}, files: {postData={"jsonrpc": "2.0", "method": "pressKey", "id": "3b6ab3a8535cced25d767e1d57d9a7ee", "params": ["back"]}}
11-20 07:23:49.994 D/UIAutomatorStub(19450): URI: /jsonrpc/0, Method: POST, Header: {content-length=102, remote-addr=127.0.0.1, http-client-ip=127.0.0.1, host=localhost:9012, content-type=application/json, accept-encoding=identity}, params, {NanoHttpd.QUERY_STRING=null}, files: {postData={"jsonrpc": "2.0", "method": "pressKey", "id": "ff8da701bd450b6b995e4c2d536bf60d", "params": ["back"]}}
11-20 07:23:50.455 I/chatty  ( 1186): uid=1000(system) Binder:1186_10 expire 1 line
11-20 07:23:50.486 I/chatty  ( 1186): uid=1000 system_server expire 1 line
11-20 07:23:50.500 D/ComplicationController(11143): Starting complication controller. Face Type: OdysseyWatchFace
11-20 07:23:50.501 D/ComplicationDataManagerImpl(11143): Updating complication data for package: com.facebook.wearable.apps.heart, id: com.facebook.wearable.apps.heart.HEART_RATE
11-20 07:23:50.501 D/ComplicationDataManagerImpl(11143): Updating complication data for package: com.facebook.wearable.apps.weather, id: com.facebook.wearable.apps.weather.SHORTCUT_COMPLICATION
11-20 07:23:50.501 D/ComplicationDataManagerImpl(11143): Updating complication data for package: com.facebook.wearable.apps.workout, id: com.facebook.wearable.apps.workout.SHORTCUT_COMPLICATION
11-20 07:23:50.501 D/ComplicationDataManagerImpl(11143): Updating complication data for package: com.facebook.wearable.apps.gallery, id: com.facebook.wearable.apps.gallery.SHORTCUT_COMPLICATION
11-20 07:23:50.501 D/ComplicationDataManagerImpl(11143): Updating complication data for package: com.facebook.wearable.apps.clock, id: com.facebook.wearable.apps.clock.SHORTCUT_COMPLICATION
11-20 07:23:50.501 D/ComplicationDataManagerImpl(11143): Updating complication data for package: com.facebook.wearable.apps.player, id: com.facebook.wearable.apps.player.SHORTCUT_COMPLICATION
11-20 07:23:50.501 D/ComplicationDataManagerImpl(11143): Updating complication data for package: com.facebook.wearable.apps.calendar, id: com.facebook.wearable.apps.calendar.SHORTCUT_COMPLICATION
11-20 07:23:50.503 E/DayDateSystemComplicationProvider(11143): Updating Day Date System Complication
11-20 07:23:50.503 D/ComplicationDataManagerImpl(11143): Updating complication data for package: com.facebook.wearable.apps.calendar, id: com.facebook.wearable.apps.calendar.DAY_DATE_COMPLICATION
11-20 07:23:50.508 D/ComplicationDataManagerImpl(11143): Fetching complication data for package: com.facebook.wearable.apps.calendar, com.facebook.wearable.apps.calendar.DAY_DATE_COMPLICATION.
11-20 07:23:50.509 D/ComplicationDataManagerImpl(11143): Fetching complication data for package: com.facebook.wearable.apps.player, com.facebook.wearable.apps.player.SHORTCUT_COMPLICATION.
11-20 07:23:50.509 D/ComplicationDataManagerImpl(11143): Fetching complication data for package: com.facebook.wearable.apps.gallery, com.facebook.wearable.apps.gallery.SHORTCUT_COMPLICATION.
11-20 07:23:50.510 D/ComplicationDataManagerImpl(11143): Fetching complication data for package: com.facebook.wearable.apps.heart, com.facebook.wearable.apps.heart.HEART_RATE.
11-20 07:23:50.518 D/LauncherActivity(11143): onResume: Intent { cat=[android.intent.category.HOME] flg=0x10000100 cmp=com.facebook.wearable.system.launcher/.LauncherActivity }
11-20 07:23:50.519 D/LauncherIntentProcessor(11143): processLauncherActivityIntent: Intent { cat=[android.intent.category.HOME] flg=0x10000100 cmp=com.facebook.wearable.system.launcher/.LauncherActivity }
11-20 07:23:50.530 D/TetheredPhoneUtil(11143): Retrieving the tethered phone status
11-20 07:23:50.531 D/TetheredPhoneUtil(11143): Found tethered phone status: false
11-20 07:23:50.549 D/FacebookRepository(11143): Reading from Store [250223709649332]
11-20 07:23:50.576 I/chatty  ( 1186): uid=1000(system) ActivityManager expire 8 lines
11-20 07:23:50.648 I/chatty  ( 1186): uid=1000(system) Binder:1186_1E expire 3 lines
11-20 07:23:50.861 D/CompatibilityInfo( 1186): applicationScale - 1.0
11-20 07:23:50.903 D/UIAutomatorStub(19450): URI: /jsonrpc/0, Method: POST, Header: {content-length=102, remote-addr=127.0.0.1, http-client-ip=127.0.0.1, host=localhost:9012, content-type=application/json, accept-encoding=identity}, params, {NanoHttpd.QUERY_STRING=null}, files: {postData={"jsonrpc": "2.0", "method": "pressKey", "id": "fba6057dc8c60fb571ba833ede225073", "params": ["back"]}}
11-20 07:23:51.071 E/ANDR-PERF-OPTSHANDLER(  552): perf_lock_rel: failed for /sys/class/kgsl/kgsl-3d0/min_pwrlevel as previous value is not stored
11-20 07:23:51.072 E/ANDR-PERF-RESOURCEQS(  552): Failed to reset optimization [3, 0]
11-20 07:23:51.624 D/LauncherActivity(11143): onKeyUp() called with keycode:4, event: KeyEvent { action=ACTION_UP, keyCode=KEYCODE_BACK, scanCode=0, metaState=0, flags=0x200, repeatCount=0, eventTime=56119326, downTime=56119326, deviceId=-1, source=0x101, displayId=-1 }
11-20 07:23:50.440 I/chatty  ( 1186): uid=1000(system) android.ui identical 2 lines
11-20 07:23:51.623 D/AutofillManagerService( 1186): onBackKeyPressed()
11-20 07:23:52.152 W/ActivityManager( 1186): Invalid packageName: com.facebook.wearable.system.settings/com.facebook.wearable.system.settings.SettingsActivity
11-20 07:23:52.295 I/ActivityTaskManager( 1186): START u0 {flg=0x10000000 cmp=com.facebook.wearable.system.settings/.SettingsActivity} from uid 0
11-20 07:23:52.309 D/CompatibilityInfo( 1186): mCompatibilityFlags - 4
11-20 07:23:52.309 D/CompatibilityInfo( 1186): applicationDensity - 320
11-20 07:23:52.309 D/CompatibilityInfo( 1186): applicationScale - 1.0
11-20 07:23:52.310 D/ActivityTrigger( 1186): ActivityTrigger activityPauseTrigger 
11-20 07:23:52.315 I/ActivityTaskManager( 1186): The Process com.facebook.wearable.system.settings Already Exists in BG. So sending its PID: 13351
11-20 07:23:52.315 W/ActivityTaskManager( 1186): Tried to set launchTime (0) < mLastActivityLaunchTime (56089047)
11-20 07:23:52.316 D/CompatibilityInfo( 1186): mCompatibilityFlags - 4
11-20 07:23:52.316 D/CompatibilityInfo( 1186): applicationDensity - 320
11-20 07:23:52.316 D/CompatibilityInfo( 1186): applicationScale - 1.0
11-20 07:23:52.334 D/LauncherActivity(11143): onPause
11-20 07:23:52.392 D/FacebookProvider(10250): Starting SSO Network Fetch for 263529928325379
11-20 07:23:52.393 I/AccountsContentProvider(10250): No Primary Account. Accounts Error [content://com.facebook.wearable.system.accounts.AccountsContentProvider/facebook/263529928325379]
11-20 07:23:52.393 E/DatabaseUtils(10250): Writing exception to parcel
11-20 07:23:52.393 E/DatabaseUtils(10250): java.lang.IllegalStateException: No Primary Account
11-20 07:23:52.393 E/DatabaseUtils(10250): 	at com.facebook.secure.content.AbstractContentProvider.doQuery(:284)
11-20 07:23:52.393 E/DatabaseUtils(10250): 	at com.facebook.secure.content.AbstractContentProvider.query(:8)
11-20 07:23:52.393 E/DatabaseUtils(10250): 	at android.content.ContentProvider.query(ContentProvider.java:1474)
11-20 07:23:52.393 E/DatabaseUtils(10250): 	at android.content.ContentProvider$Transport.query(ContentProvider.java:278)
11-20 07:23:52.393 E/DatabaseUtils(10250): 	at android.content.ContentProviderNative.onTransact(ContentProviderNative.java:106)
11-20 07:23:52.393 E/DatabaseUtils(10250): 	at android.os.Binder.execTransactInternal(Binder.java:1154)
11-20 07:23:52.393 E/DatabaseUtils(10250): 	at android.os.Binder.execTransact(Binder.java:1123)
11-20 07:23:52.395 E/AccountsViewModel(13351): AccountsViewModel.flow failed: No Primary Account
11-20 07:23:52.395 E/AccountsViewModel(13351): java.lang.IllegalStateException: No Primary Account
11-20 07:23:52.395 E/AccountsViewModel(13351): 	at android.os.Parcel.createExceptionOrNull(Parcel.java:2381)
11-20 07:23:52.395 E/AccountsViewModel(13351): 	at android.os.Parcel.createException(Parcel.java:2357)
11-20 07:23:52.395 E/AccountsViewModel(13351): 	at android.os.Parcel.readException(Parcel.java:2340)
11-20 07:23:52.395 E/AccountsViewModel(13351): 	at android.database.DatabaseUtils.readExceptionFromParcel(DatabaseUtils.java:190)
11-20 07:23:52.395 E/AccountsViewModel(13351): 	at android.database.DatabaseUtils.readExceptionFromParcel(DatabaseUtils.java:142)
11-20 07:23:52.395 E/AccountsViewModel(13351): 	at android.content.ContentProviderProxy.query(ContentProviderNative.java:472)
11-20 07:23:52.395 E/AccountsViewModel(13351): 	at android.content.ContentResolver.query(ContentResolver.java:1185)
11-20 07:23:52.395 E/AccountsViewModel(13351): 	at android.content.ContentResolver.query(ContentResolver.java:1116)
11-20 07:23:52.395 E/AccountsViewModel(13351): 	at com.facebook.wearable.common.accounts.contract.WearableAccountsContractRequest.query(:51)
11-20 07:23:52.395 E/AccountsViewModel(13351): 	at kotlin.coroutines.jvm.internal.BaseContinuationImpl.invokeSuspend(:95489)
11-20 07:23:52.395 E/AccountsViewModel(13351): 	at com.facebook.wearable.common.accounts.WearableAccountsKt$fb$1.invoke(:9)
11-20 07:23:52.395 E/AccountsViewModel(13351): 	at com.facebook.wearable.common.coroutines.lazy.LazyAsync.get(:101)
11-20 07:23:52.395 E/AccountsViewModel(13351): 	at kotlin.coroutines.jvm.internal.BaseContinuationImpl.invokeSuspend(:96596)
11-20 07:23:52.395 E/AccountsViewModel(13351): 	at com.facebook.wearable.system.settings.accounts.AccountsViewModel$wearableAccountFlow$1.invoke(:11)
11-20 07:23:52.395 E/AccountsViewModel(13351): 	at kotlinx.coroutines.flow.AbstractFlow.collect$rvp0$0(:72)
11-20 07:23:52.395 E/AccountsViewModel(13351): 	at kotlin.coroutines.jvm.internal.BaseContinuationImpl.invokeSuspend(:95417)
11-20 07:23:52.395 E/AccountsViewModel(13351): 	at kotlinx.coroutines.flow.FlowKt__ShareKt$launchSharing$1$2.invoke(Unknown Source:10)
11-20 07:23:52.395 E/AccountsViewModel(13351): 	at kotlin.coroutines.jvm.internal.BaseContinuationImpl.invokeSuspend(:96715)
11-20 07:23:52.395 E/AccountsViewModel(13351): 	at kotlinx.coroutines.flow.FlowKt__MergeKt$mapLatest$1.invoke(Unknown Source:15)
11-20 07:23:52.395 E/AccountsViewModel(13351): 	at kotlin.coroutines.jvm.internal.BaseContinuationImpl.invokeSuspend(:96820)
11-20 07:23:52.395 E/AccountsViewModel(13351): 	at kotlinx.coroutines.flow.internal.ChannelFlowTransformLatest$flowCollect$3$1$2.invoke(Unknown Source:10)
11-20 07:23:52.395 E/AccountsViewModel(13351): 	at kotlinx.coroutines.CoroutineStart.invoke(:32)
11-20 07:23:52.395 E/AccountsViewModel(13351): 	at kotlinx.coroutines.BuildersKt__Builders_commonKt.launch(:15)
11-20 07:23:52.395 E/AccountsViewModel(13351): 	at kotlinx.coroutines.flow.internal.ChannelFlowTransformLatest$flowCollect$3$invokeSuspend$$inlined$collect$1.emit(:56)
11-20 07:23:52.395 E/AccountsViewModel(13351): 	at kotlinx.coroutines.flow.DistinctFlowImpl$collect$$inlined$collect$1.emit(:74)
11-20 07:23:52.395 E/AccountsViewModel(13351): 	at kotlinx.coroutines.flow.FlowKt__LimitKt$dropWhile$lambda-4$$inlined$collect$1.emit(:114)
11-20 07:23:52.395 E/AccountsViewModel(13351): 	at kotlinx.coroutines.flow.FlowKt__ChannelsKt.emitAllImpl$FlowKt__ChannelsKt(:123)
11-20 07:23:52.395 E/AccountsViewModel(13351): 	at kotlin.coroutines.jvm.internal.BaseContinuationImpl.invokeSuspend(:96917)
11-20 07:23:52.395 E/AccountsViewModel(13351): 	at kotlin.coroutines.jvm.internal.BaseContinuationImpl.resumeWith(:5)
11-20 07:23:52.395 E/AccountsViewModel(13351): 	at kotlinx.coroutines.DispatchedTask.run(:131)
11-20 07:23:52.395 E/AccountsViewModel(13351): 	at java.util.concurrent.Executors$RunnableAdapter.call(Executors.java:462)
11-20 07:23:52.395 E/AccountsViewModel(13351): 	at java.util.concurrent.FutureTask.run(FutureTask.java:266)
11-20 07:23:52.395 E/AccountsViewModel(13351): 	at com.facebook.wearable.common.executors.DelayedFutureTask.run(:22)
11-20 07:23:52.395 E/AccountsViewModel(13351): 	at java.util.concurrent.ThreadPoolExecutor.runWorker(ThreadPoolExecutor.java:1167)
11-20 07:23:52.395 E/AccountsViewModel(13351): 	at java.util.concurrent.ThreadPoolExecutor$Worker.run(ThreadPoolExecutor.java:641)
11-20 07:23:52.395 E/AccountsViewModel(13351): 	at com.facebook.wearable.common.executors.NamedThreadFactory$1.run(:7)
11-20 07:23:52.408 D/CompatibilityInfo( 1186): mCompatibilityFlags - 4
11-20 07:23:52.408 D/CompatibilityInfo( 1186): applicationDensity - 320
11-20 07:23:52.408 D/CompatibilityInfo( 1186): applicationScale - 1.0
11-20 07:23:52.414 D/TetheredPhoneUtil(11143): Retrieving the tethered phone status
11-20 07:23:52.415 D/TetheredPhoneUtil(11143): Found tethered phone status: false
11-20 07:23:52.444 E/StatusBarClientConnection(13351): Service connected
11-20 07:23:52.490 W/View    (13351): requestLayout() improperly called by android.view.View{c960278 V.ED..... ......I. 0,368-474,474} during layout: running second layout pass
11-20 07:23:52.509 W/View    (13351): requestLayout() improperly called by com.facebook.wearable.common.wds.listview.WdsListView{6ef15af V.E..V... ........ 0,0-474,474} during second layout pass: posting in next frame
11-20 07:23:52.824 D/CompatibilityInfo( 1186): mCompatibilityFlags - 4
11-20 07:23:52.824 D/CompatibilityInfo( 1186): applicationDensity - 320
11-20 07:23:52.824 D/CompatibilityInfo( 1186): applicationScale - 1.0
11-20 07:23:52.843 D/ComplicationController(11143): Stopping complication controller.
11-20 07:23:52.851 D/ComplicationDataManagerImpl(11143): Fetching complication data for package: com.facebook.wearable.apps.calendar, com.facebook.wearable.apps.calendar.DAY_DATE_COMPLICATION.
11-20 07:23:52.852 D/ComplicationDataManagerImpl(11143): Fetching complication data for package: com.facebook.wearable.apps.player, com.facebook.wearable.apps.player.SHORTCUT_COMPLICATION.
11-20 07:23:52.852 D/ComplicationDataManagerImpl(11143): Fetching complication data for package: com.facebook.wearable.apps.gallery, com.facebook.wearable.apps.gallery.SHORTCUT_COMPLICATION.
11-20 07:23:52.852 D/ComplicationDataManagerImpl(11143): Fetching complication data for package: com.facebook.wearable.apps.heart, com.facebook.wearable.apps.heart.HEART_RATE.
11-20 07:23:52.860 D/CompatibilityInfo( 1186): mCompatibilityFlags - 4
11-20 07:23:52.860 D/CompatibilityInfo( 1186): applicationDensity - 320
11-20 07:23:52.860 D/CompatibilityInfo( 1186): applicationScale - 1.0
11-20 07:23:53.383 D/UIAutomatorStub(19450): URI: /jsonrpc/0, Method: POST, Header: {content-length=192, remote-addr=127.0.0.1, http-client-ip=127.0.0.1, host=localhost:9012, content-type=application/json, accept-encoding=identity}, params, {NanoHttpd.QUERY_STRING=null}, files: {postData={"jsonrpc": "2.0", "method": "waitForExists", "id": "e7dd369a80ee33ce5c146291be39d09e", "params": [{"mask": 1, "childOrSibling": [], "childOrSiblingSelector": [], "text": "Notifications"}, 5]}}
11-20 07:23:53.410 D/UIAutomatorStub(19450): URI: /jsonrpc/0, Method: POST, Header: {content-length=191, remote-addr=127.0.0.1, http-client-ip=127.0.0.1, host=localhost:9012, content-type=application/json, accept-encoding=identity}, params, {NanoHttpd.QUERY_STRING=null}, files: {postData={"jsonrpc": "2.0", "method": "waitForExists", "id": "a44fa69d5831f17378cc02919258e0c7", "params": [{"mask": 1, "childOrSibling": [], "childOrSiblingSelector": [], "text": "Connectivity"}, 5]}}
11-20 07:23:53.466 D/UIAutomatorStub(19450): URI: /jsonrpc/0, Method: POST, Header: {content-length=180, remote-addr=127.0.0.1, http-client-ip=127.0.0.1, host=localhost:9012, content-type=application/json, accept-encoding=identity}, params, {NanoHttpd.QUERY_STRING=null}, files: {postData={"jsonrpc": "2.0", "method": "click", "id": "13b5b9fc9ed2bb43a92c34e6f4694ff0", "params": [{"mask": 1, "childOrSibling": [], "childOrSiblingSelector": [], "text": "Connectivity"}]}}
11-20 07:23:53.507 E/ANDR-PERF-OPTSHANDLER(  552): Unable to find the correct node storage pointers for                   resource index=16, node path=/proc/sys/kernel/sched_upmigrate
11-20 07:23:53.507 E/ANDR-PERF-RESOURCEQS(  552): Failed to reset optimization [3, 7]
11-20 07:23:53.508 E/ANDR-PERF-OPTSHANDLER(  552): Unable to find the correct node storage pointers for                   resource index=17, node path=/proc/sys/kernel/sched_downmigrate
11-20 07:23:53.508 E/ANDR-PERF-RESOURCEQS(  552): Failed to reset optimization [3, 8]
11-20 07:23:53.508 E/ANDR-PERF-OPTSHANDLER(  552): Perflock resource /sys/module/lpm_levels/parameters/bias_hyst not supported
11-20 07:23:53.508 E/ANDR-PERF-RESOURCEQS(  552): Failed to reset optimization [1, 2]
11-20 07:23:53.508 E/ANDR-PERF-OPTSHANDLER(  552): Perflock resource /proc/sys/kernel/sched_group_upmigrate not supported
11-20 07:23:53.508 E/ANDR-PERF-RESOURCEQS(  552): Failed to reset optimization [3, 21]
11-20 07:23:53.508 E/ANDR-PERF-OPTSHANDLER(  552): Perflock resource /proc/sys/kernel/sched_group_downmigrate not supported
11-20 07:23:53.508 E/ANDR-PERF-RESOURCEQS(  552): Failed to reset optimization [3, 22]
11-20 07:23:53.548 W/StatusBarClientConnection(13351): Messenger is null, ignoring message: { when=-15h35m21s274ms barrier=1 }
11-20 07:23:53.577 E/StatusBarClientConnection(13351): Service connected
11-20 07:23:53.601 W/View    (13351): requestLayout() improperly called by android.view.View{69ac44e V.ED..... ......I. 0,368-474,474} during layout: running second layout pass
11-20 07:23:53.619 W/View    (13351): requestLayout() improperly called by com.facebook.wearable.common.wds.listview.WdsListView{69840b4 V.E..V... ........ 0,0-474,474} during second layout pass: posting in next frame
11-20 07:23:53.782 D/commandrouter( 1006): rtc_sync (1, rtc:sync): <ServiceRequest> FORWARDED (remote -> local) service client ID = 0, token ID = 38375
11-20 07:23:53.782 D/vendor.facebook.rtc_sync@1.0-service( 1145): Request req_ts=1637393033768413292 resp_ts=1637393033782858444
11-20 07:23:53.783 D/commandrouter( 1006): SocServiceHandle::onServiceMessage, SoC Service = rtc_sync, appType = 1, type = SVC_RESP, clientId = 0, token = 38375, payloadLen = 8, result = 0, payload.size() = 8
11-20 07:23:54.305 E/ANDR-PERF-OPTSHANDLER(  552): perf_lock_rel: failed for /proc/sys/vm/swap_ratio as previous value is not stored
11-20 07:23:54.305 E/ANDR-PERF-OPTSHANDLER(  552): perf_lock_rel: failed for /sys/class/kgsl/kgsl-3d0/min_pwrlevel as previous value is not stored
11-20 07:23:54.306 E/ANDR-PERF-RESOURCEQS(  552): Failed to reset optimization [3, 0]
11-20 07:23:54.985 E/TaskPersister( 1186): File error accessing recents directory (directory doesn't exist?).
11-20 07:23:55.238 W/HWComposer(  598): Ignoring duplicate VSYNC event from HWC for display 0 (t=56122963945360)
11-20 07:23:56.592 D/UIAutomatorStub(19450): URI: /jsonrpc/0, Method: POST, Header: {content-length=183, remote-addr=127.0.0.1, http-client-ip=127.0.0.1, host=localhost:9012, content-type=application/json, accept-encoding=identity}, params, {NanoHttpd.QUERY_STRING=null}, files: {postData={"jsonrpc": "2.0", "method": "waitForExists", "id": "55dbb1066ce5e77f58b0ae48e7834e62", "params": [{"mask": 1, "childOrSibling": [], "childOrSiblingSelector": [], "text": "WiFi"}, 5]}}
11-20 07:23:56.623 D/UIAutomatorStub(19450): URI: /jsonrpc/0, Method: POST, Header: {content-length=172, remote-addr=127.0.0.1, http-client-ip=127.0.0.1, host=localhost:9012, content-type=application/json, accept-encoding=identity}, params, {NanoHttpd.QUERY_STRING=null}, files: {postData={"jsonrpc": "2.0", "method": "click", "id": "867dca505343c63878088ae3b36407ec", "params": [{"mask": 1, "childOrSibling": [], "childOrSiblingSelector": [], "text": "WiFi"}]}}
11-20 07:23:56.709 W/StatusBarClientConnection(13351): Messenger is null, ignoring message: { when=-15h35m24s435ms barrier=1 }
11-20 07:23:56.734 D/CompatibilityInfo( 1186): mCompatibilityFlags - 4
11-20 07:23:56.735 D/CompatibilityInfo( 1186): applicationDensity - 320
11-20 07:23:56.735 D/CompatibilityInfo( 1186): applicationScale - 1.0
11-20 07:23:56.740 E/StatusBarClientConnection(13351): Service connected
11-20 07:23:56.747 D/WifiConnector( 2870): Network State Changed
11-20 07:23:56.751 W/View    (13351): requestLayout() improperly called by android.view.View{d993b1 V.ED..... ......I. 0,368-474,474} during layout: running second layout pass
11-20 07:23:56.759 D/WifiSharingService( 2870): Starting Wi-Fi scan
11-20 07:23:56.760 I/WifiService( 1186): startScan uid=1000
11-20 07:23:56.765 W/View    (13351): requestLayout() improperly called by com.facebook.wearable.common.wds.listview.WdsListView{16d4c55 V.E..V... ........ 0,0-474,474} during second layout pass: posting in next frame
11-20 07:23:56.773 D/WifiNative( 1186): Scan trigered from WifiNative
11-20 07:23:56.774 I/chatty  ( 1026): uid=1021(gps) lowi-server expire 56 lines
11-20 07:23:56.774 V/WifiHAL (  544): event received NL80211_CMD_TRIGGER_SCAN
11-20 07:23:57.331 D/WifiNl80211Manager( 1186): Scan result ready event
11-20 07:23:57.331 D/WifiNative( 1186): Scan result ready event
11-20 07:23:57.335 V/WifiHAL (  544): event received NL80211_CMD_NEW_SCAN_RESULTS
11-20 07:23:57.342 I/LOWI-9.0.0.80( 1026): [LOWI-Scan] RSN_IE
11-20 07:23:57.342 D/LOWI-9.0.0.80( 1026): [LOWI-Scan] decode_rsn_wpa_ie: Entered
11-20 07:23:57.342 D/LOWI-9.0.0.80( 1026): [LOWIUtils] hexDump: msg(30 14 01 00 00 0f ac 04 01 00 00 0f ac 04 01 00 00 0f ac 02 )
11-20 07:23:57.342 D/LOWI-9.0.0.80( 1026): [LOWI-Scan] decode_rsn_wpa_ie: LOWI_ENCRYPTION_TYPE_WPA_PSK
11-20 07:23:57.342 D/LOWI-9.0.0.80( 1026): [LOWI-Scan] is_qcom_ie, bss_age: 46
11-20 07:23:57.342 D/LOWI-9.0.0.80( 1026): [LOWI-Scan] BSS be:9e:0e:1c:6e:7f LOWI_PHY_MODE_11AC_VHT20_2G(11), Beacon Interval: 100, LOWI_ENCRYPTION_TYPE_WPA_PSK 11mcRanging: No, ANQP: No, LCI: No, Civic: No, capability(0x1431): ESS Privacy ShortPreamble ShortSlotTime
11-20 07:23:57.342 D/LOWI-9.0.0.80( 1026): [LOWI-Scan] BSS be:9e:0e:1c:6e:7f FREQ: 2412, cFreq1[40:80:160] = [0:0:0] cFreq2 = 0 Country Code =    
11-20 07:23:57.342 D/LOWI-9.0.0.80( 1026): [LOWI-Scan] BSS be:9e:0e:1c:6e:7f (wlan0) ASSO: NO AddInfo: 0x0, TSF 0, 15:35:25.056, RSSI: -110, CPL: 127, AGE: 0,  SSID Pixel_3541, TSFDelta: 0x0, TXRate: 0
11-20 07:23:57.343 D/LOWI-9.0.0.80( 1026): [LOWI-Scan]  -- associated
11-20 07:23:57.343 D/LOWI-9.0.0.80( 1026): [LOWI-Scan] 
11-20 07:23:57.343 D/LOWI-9.0.0.80( 1026): [LOWI-Scan] print_bss_handler: Report Probe TSF 56125056005 as it greater than Beacon TSF 56024073295
11-20 07:23:57.343 I/LOWI-9.0.0.80( 1026): [LOWI-Scan] RSN_IE
11-20 07:23:57.343 D/LOWI-9.0.0.80( 1026): [LOWI-Scan] decode_rsn_wpa_ie: Entered
11-20 07:23:57.343 D/LOWI-9.0.0.80( 1026): [LOWIUtils] hexDump: msg(30 14 01 00 00 0f ac 04 01 00 00 0f ac 04 01 00 00 0f ac 02 )
11-20 07:23:57.343 D/LOWI-9.0.0.80( 1026): [LOWI-Scan] decode_rsn_wpa_ie: LOWI_ENCRYPTION_TYPE_WPA_PSK
11-20 07:23:57.343 D/LOWI-9.0.0.80( 1026): [LOWI-Scan]  No Secondary channel present
11-20 07:23:57.343 D/LOWI-9.0.0.80( 1026): [LOWI-Scan] is_qcom_ie, bss_age: 30
11-20 07:23:57.343 D/LOWI-9.0.0.80( 1026): [LOWI-Scan] BSS 6c:cd:d6:25:63:2a LOWI_PHY_MODE_11NG_HT20(5), Beacon Interval: 100, LOWI_ENCRYPTION_TYPE_WPA_PSK 11mcRanging: No, ANQP: No, LCI: No, Civic: No, capability(0x0511): ESS Privacy SpectrumMgmt ShortSlotTime
11-20 07:23:57.343 D/LOWI-9.0.0.80( 1026): [LOWI-Scan] BSS 6c:cd:d6:25:63:2a FREQ: 2432, cFreq1[40:80:160] = [2432:0:0] cFreq2 = 0 Country Code = US 
11-20 07:23:57.343 D/LOWI-9.0.0.80( 1026): [LOWI-Scan] BSS 6c:cd:d6:25:63:2a (wlan0) ASSO: YES AddInfo: 0x0, TSF 0, 15:35:25.056, RSSI: -68, CPL: 127, AGE: 0,  SSID MTBF_Lab, TSFDelta: 0x0, TXRate: 0
11-20 07:23:57.344 D/LOWI-9.0.0.80( 1026): [LOWI-Scan] 
11-20 07:23:57.344 D/LOWI-9.0.0.80( 1026): [LOWI-Scan] print_bss_handler: Report Probe TSF 56125056205 as it greater than Beacon TSF 55994852218
11-20 07:23:57.344 I/LOWI-9.0.0.80( 1026): [LOWI-Scan] RSN_IE
11-20 07:23:57.344 D/LOWI-9.0.0.80( 1026): [LOWI-Scan] decode_rsn_wpa_ie: Entered
11-20 07:23:57.344 D/LOWI-9.0.0.80( 1026): [LOWIUtils] hexDump: msg(30 14 01 00 00 0f ac 04 01 00 00 0f ac 04 01 00 00 0f ac 02 )
11-20 07:23:57.344 D/LOWI-9.0.0.80( 1026): [LOWI-Scan] decode_rsn_wpa_ie: LOWI_ENCRYPTION_TYPE_WPA_PSK
11-20 07:23:57.344 D/LOWI-9.0.0.80( 1026): [LOWI-Scan] is_qcom_ie, bss_age: 47
11-20 07:23:57.345 D/LOWI-9.0.0.80( 1026): [LOWI-Scan] BSS 2c:57:41:88:72:e1 LOWI_PHY_MODE_11NG_HT20(5), Beacon Interval: 100, LOWI_ENCRYPTION_TYPE_WPA_PSK 11mcRanging: No, ANQP: No, LCI: No, Civic: No, capability(0x1411): ESS Privacy ShortSlotTime
11-20 07:23:57.345 D/LOWI-9.0.0.80( 1026): [LOWI-Scan] BSS 2c:57:41:88:72:e1 FREQ: 2412, cFreq1[40:80:160] = [0:0:0] cFreq2 = 0 Country Code = US
11-20 07:23:57.345 D/LOWI-9.0.0.80( 1026): [LOWI-Scan] BSS 2c:57:41:88:72:e1 (wlan0) ASSO: NO AddInfo: 0x0, TSF 0, 15:35:25.056, RSSI: -140, CPL: 3, AGE: 0,  SSID kittyhawk, TSFDelta: 0x0, TXRate: 0
11-20 07:23:57.345 D/LOWI-9.0.0.80( 1026): [LOWI-Scan] 
11-20 07:23:57.345 D/LOWI-9.0.0.80( 1026): [LOWI-Scan] print_bss_handler: Report Probe TSF 56125056240 as it greater than Beacon TSF 56096522289
11-20 07:23:57.345 I/LOWI-9.0.0.80( 1026): [LOWI-Scan] RSN_IE
11-20 07:23:57.346 D/LOWI-9.0.0.80( 1026): [LOWI-Scan] decode_rsn_wpa_ie: Entered
11-20 07:23:57.346 D/LOWI-9.0.0.80( 1026): [LOWIUtils] hexDump: msg(30 14 01 00 00 0f ac 04 01 00 00 0f ac 04 01 00 00 0f ac 02 )
11-20 07:23:57.346 D/LOWI-9.0.0.80( 1026): [LOWI-Scan] decode_rsn_wpa_ie: LOWI_ENCRYPTION_TYPE_WPA_PSK
11-20 07:23:57.346 D/LOWI-9.0.0.80( 1026): [LOWI-Scan] is_qcom_ie, bss_age: 47
11-20 07:23:57.346 D/LOWI-9.0.0.80( 1026): [LOWI-Scan] BSS 2c:57:41:86:7a:61 LOWI_PHY_MODE_11NG_HT20(5), Beacon Interval: 100, LOWI_ENCRYPTION_TYPE_WPA_PSK 11mcRanging: No, ANQP: No, LCI: No, Civic: No, capability(0x1411): ESS Privacy ShortSlotTime
11-20 07:23:57.346 D/LOWI-9.0.0.80( 1026): [LOWI-Scan] BSS 2c:57:41:86:7a:61 FREQ: 2412, cFreq1[40:80:160] = [0:0:0] cFreq2 = 0 Country Code = US
11-20 07:23:57.346 D/LOWI-9.0.0.80( 1026): [LOWI-Scan] BSS 2c:57:41:86:7a:61 (wlan0) ASSO: NO AddInfo: 0x0, TSF 0, 15:35:25.056, RSSI: -146, CPL: 3, AGE: 0,  SSID kittyhawk, TSFDelta: 0x0, TXRate: 0
11-20 07:23:57.346 D/WificondScannerImpl( 1186): Filtering out 4 scan results.
11-20 07:23:57.346 D/LOWI-9.0.0.80( 1026): [LOWI-Scan] 
11-20 07:23:57.347 D/LOWI-9.0.0.80( 1026): [LOWI-Scan] print_bss_handler: Report beacon TSF 56125056106 as it greater than probe TSF 56096522082
11-20 07:23:57.347 I/LOWI-9.0.0.80( 1026): [LOWI-Scan] RSN_IE
11-20 07:23:57.347 D/LOWI-9.0.0.80( 1026): [LOWI-Scan] decode_rsn_wpa_ie: Entered
11-20 07:23:57.347 D/LOWI-9.0.0.80( 1026): [LOWIUtils] hexDump: msg(30 14 01 00 00 0f ac 04 01 00 00 0f ac 04 01 00 00 0f ac 02 )
11-20 07:23:57.347 D/LOWI-9.0.0.80( 1026): [LOWI-Scan] decode_rsn_wpa_ie: LOWI_ENCRYPTION_TYPE_WPA_PSK
11-20 07:23:57.347 D/LOWI-9.0.0.80( 1026): [LOWI-Scan] is_qcom_ie, bss_age: 30
11-20 07:23:57.347 D/LOWI-9.0.0.80( 1026): [LOWI-Scan] BSS ce:dc:12:3b:87:fd LOWI_PHY_MODE_11AC_VHT20_2G(11), Beacon Interval: 100, LOWI_ENCRYPTION_TYPE_WPA_PSK 11mcRanging: No, ANQP: Yes, LCI: No, Civic: No, capability(0x1431): ESS Privacy ShortPreamble ShortSlotTime
11-20 07:23:57.347 D/LOWI-9.0.0.80( 1026): [LOWI-Scan] BSS ce:dc:12:3b:87:fd FREQ: 2437, cFreq1[40:80:160] = [0:0:0] cFreq2 = 0 Country Code =    
11-20 07:23:57.347 D/LOWI-9.0.0.80( 1026): [LOWI-Scan] BSS ce:dc:12:3b:87:fd (wlan0) ASSO: NO AddInfo: 0x1, TSF 0, 15:35:25.056, RSSI: -102, CPL: 127, AGE: 0,  SSID Pixel5_R1, TSFDelta: 0x0, TXRate: 0
11-20 07:23:57.352 D/LOWI-9.0.0.80( 1026): [LOWI-Scan] 
11-20 07:23:57.352 D/LOWI-9.0.0.80( 1026): [LOWI-Scan] print_bss_handler: Report Probe TSF 56125056222 as it greater than Beacon TSF 55537671898
11-20 07:23:57.352 I/LOWI-9.0.0.80( 1026): [LOWI-Scan] RSN_IE
11-20 07:23:57.352 D/LOWI-9.0.0.80( 1026): [LOWI-Scan] decode_rsn_wpa_ie: Entered
11-20 07:23:57.352 D/LOWI-9.0.0.80( 1026): [LOWIUtils] hexDump: msg(30 14 01 00 00 0f ac 04 01 00 00 0f ac 04 01 00 00 0f ac 02 )
11-20 07:23:57.352 D/LOWI-9.0.0.80( 1026): [LOWI-Scan] decode_rsn_wpa_ie: LOWI_ENCRYPTION_TYPE_WPA_PSK
11-20 07:23:57.352 D/LOWI-9.0.0.80( 1026): [LOWI-Scan] is_qcom_ie, bss_age: 47
11-20 07:23:57.352 D/LOWI-9.0.0.80( 1026): [LOWI-Scan] BSS 2c:57:41:86:8a:a1 LOWI_PHY_MODE_11NG_HT20(5), Beacon Interval: 100, LOWI_ENCRYPTION_TYPE_WPA_PSK 11mcRanging: No, ANQP: No, LCI: No, Civic: No, capability(0x1411): ESS Privacy ShortSlotTime
11-20 07:23:57.352 D/LOWI-9.0.0.80( 1026): [LOWI-Scan] BSS 2c:57:41:86:8a:a1 FREQ: 2412, cFreq1[40:80:160] = [0:0:0] cFreq2 = 0 Country Code = US
11-20 07:23:57.352 D/LOWI-9.0.0.80( 1026): [LOWI-Scan] BSS 2c:57:41:86:8a:a1 (wlan0) ASSO: NO AddInfo: 0x0, TSF 0, 15:35:25.056, RSSI: -144, CPL: 3, AGE: 0,  SSID kittyhawk, TSFDelta: 0x0, TXRate: 0
11-20 07:23:57.353 D/LOWI-9.0.0.80( 1026): [LOWI-Scan] 
11-20 07:23:57.353 D/LOWI-9.0.0.80( 1026): [LOWI-Scan] print_bss_handler: Report Probe TSF 56125056260 as it greater than Beacon TSF 55635882250
11-20 07:23:57.353 I/LOWI-9.0.0.80( 1026): [LOWI-Scan] RSN_IE
11-20 07:23:57.353 D/LOWI-9.0.0.80( 1026): [LOWI-Scan] decode_rsn_wpa_ie: Entered
11-20 07:23:57.353 D/LOWI-9.0.0.80( 1026): [LOWIUtils] hexDump: msg(30 14 01 00 00 0f ac 04 01 00 00 0f ac 04 01 00 00 0f ac 02 )
11-20 07:23:57.353 D/LOWI-9.0.0.80( 1026): [LOWI-Scan] decode_rsn_wpa_ie: LOWI_ENCRYPTION_TYPE_WPA_PSK
11-20 07:23:57.353 D/LOWI-9.0.0.80( 1026): [LOWI-Scan] is_qcom_ie, bss_age: 46
11-20 07:23:57.353 D/LOWI-9.0.0.80( 1026): [LOWI-Scan] BSS 2c:57:41:89:53:21 LOWI_PHY_MODE_11NG_HT20(5), Beacon Interval: 100, LOWI_ENCRYPTION_TYPE_WPA_PSK 11mcRanging: No, ANQP: No, LCI: No, Civic: No, capability(0x1411): ESS Privacy ShortSlotTime
11-20 07:23:57.353 D/LOWI-9.0.0.80( 1026): [LOWI-Scan] BSS 2c:57:41:89:53:21 FREQ: 2412, cFreq1[40:80:160] = [0:0:0] cFreq2 = 0 Country Code = US
11-20 07:23:57.354 D/LOWI-9.0.0.80( 1026): [LOWI-Scan] BSS 2c:57:41:89:53:21 (wlan0) ASSO: NO AddInfo: 0x0, TSF 0, 15:35:25.056, RSSI: -152, CPL: 3, AGE: 0,  SSID kittyhawk, TSFDelta: 0x0, TXRate: 0
11-20 07:23:57.354 D/LOWI-9.0.0.80( 1026): [LOWI-Scan] 
11-20 07:23:57.354 D/LOWI-9.0.0.80( 1026): [LOWI-Scan] print_bss_handler: Report Probe TSF 56096522246 as it greater than Beacon TSF 55399792830
11-20 07:23:57.354 I/LOWI-9.0.0.80( 1026): [LOWI-Scan] RSN_IE
11-20 07:23:57.354 D/LOWI-9.0.0.80( 1026): [LOWI-Scan] decode_rsn_wpa_ie: Entered
11-20 07:23:57.354 D/LOWI-9.0.0.80( 1026): [LOWIUtils] hexDump: msg(30 14 01 00 00 0f ac 04 01 00 00 0f ac 04 01 00 00 0f ac 02 )
11-20 07:23:57.354 D/LOWI-9.0.0.80( 1026): [LOWI-Scan] decode_rsn_wpa_ie: LOWI_ENCRYPTION_TYPE_WPA_PSK
11-20 07:23:57.355 D/LOWI-9.0.0.80( 1026): [LOWI-Scan] is_qcom_ie, bss_age: 3
11-20 07:23:57.355 D/LOWI-9.0.0.80( 1026): [LOWI-Scan] adjust_age:AP AGE upper limit reached. Dont store
11-20 07:23:57.355 D/LOWI-9.0.0.80( 1026): [LOWI-Scan] BSS 2c:57:41:86:94:a1 LOWI_PHY_MODE_11NG_HT20(5), Beacon Interval: 100, LOWI_ENCRYPTION_TYPE_WPA_PSK 11mcRanging: No, ANQP: No, LCI: No, Civic: No, capability(0x1411): ESS Privacy ShortSlotTime
11-20 07:23:57.355 D/LOWI-9.0.0.80( 1026): [LOWI-Scan] BSS 2c:57:41:86:94:a1 FREQ: 2462, cFreq1[40:80:160] = [0:0:0] cFreq2 = 0 Country Code = US
11-20 07:23:57.355 D/LOWI-9.0.0.80( 1026): [LOWI-Scan] BSS 2c:57:41:86:94:a1 (wlan0) ASSO: NO AddInfo: 0x0, TSF 0, 15:34:56.522, RSSI: -148, CPL: 2, AGE: 28530,  SSID kittyhawk, TSFDelta: 0x0, TXRate: 0
11-20 07:23:57.355 D/LOWI-9.0.0.80( 1026): [LOWI-Scan] 
11-20 07:23:57.355 D/LOWI-9.0.0.80( 1026): [LOWI-Scan] print_bss_handler: Report Probe TSF 56125056164 as it greater than Beacon TSF 55922142033
11-20 07:23:57.355 I/LOWI-9.0.0.80( 1026): [LOWI-Scan] RSN_IE
11-20 07:23:57.355 D/LOWI-9.0.0.80( 1026): [LOWI-Scan] decode_rsn_wpa_ie: Entered
11-20 07:23:57.355 D/LOWI-9.0.0.80( 1026): [LOWIUtils] hexDump: msg(30 14 01 00 00 0f ac 04 01 00 00 0f ac 04 01 00 00 0f ac 02 )
11-20 07:23:57.355 D/LOWI-9.0.0.80( 1026): [LOWI-Scan] decode_rsn_wpa_ie: LOWI_ENCRYPTION_TYPE_WPA_PSK
11-20 07:23:57.355 D/LOWI-9.0.0.80( 1026): [LOWI-Scan] is_qcom_ie, bss_age: 44
11-20 07:23:57.356 D/LOWI-9.0.0.80( 1026): [LOWI-Scan] BSS 52:b8:14:37:74:3f LOWI_PHY_MODE_11AC_VHT20_2G(11), Beacon Interval: 100, LOWI_ENCRYPTION_TYPE_WPA_PSK 11mcRanging: No, ANQP: No, LCI: No, Civic: No, capability(0x1431): ESS Privacy ShortPreamble ShortSlotTime
11-20 07:23:57.356 D/LOWI-9.0.0.80( 1026): [LOWI-Scan] BSS 52:b8:14:37:74:3f FREQ: 2417, cFreq1[40:80:160] = [0:0:0] cFreq2 = 0 Country Code =    
11-20 07:23:57.356 D/LOWI-9.0.0.80( 1026): [LOWI-Scan] BSS 52:b8:14:37:74:3f (wlan0) ASSO: NO AddInfo: 0x0, TSF 0, 15:35:25.056, RSSI: -114, CPL: 127, AGE: 0,  SSID Pixel_8668, TSFDelta: 0x0, TXRate: 0
11-20 07:23:57.356 D/LOWI-9.0.0.80( 1026): [LOWI-Scan] 
11-20 07:23:57.356 D/LOWI-9.0.0.80( 1026): [LOWI-Scan] print_bss_handler: Report Probe TSF 56125056184 as it greater than Beacon TSF 0
11-20 07:23:57.356 I/LOWI-9.0.0.80( 1026): [LOWI-Scan] RSN_IE
11-20 07:23:57.356 D/LOWI-9.0.0.80( 1026): [LOWI-Scan] decode_rsn_wpa_ie: Entered
11-20 07:23:57.356 D/LOWI-9.0.0.80( 1026): [LOWIUtils] hexDump: msg(30 14 01 00 00 0f ac 04 01 00 00 0f ac 04 01 00 00 0f ac 02 )
11-20 07:23:57.356 D/LOWI-9.0.0.80( 1026): [LOWI-Scan] decode_rsn_wpa_ie: LOWI_ENCRYPTION_TYPE_WPA_PSK
11-20 07:23:57.356 D/LOWI-9.0.0.80( 1026): [LOWI-Scan] is_qcom_ie, bss_age: 47
11-20 07:23:57.356 D/LOWI-9.0.0.80( 1026): [LOWI-Scan] BSS 18:64:72:60:2b:40 LOWI_PHY_MODE_11NG_HT20(5), Beacon Interval: 100, LOWI_ENCRYPTION_TYPE_WPA_PSK 11mcRanging: No, ANQP: No, LCI: No, Civic: No, capability(0x0431): ESS Privacy ShortPreamble ShortSlotTime
11-20 07:23:57.356 D/LOWI-9.0.0.80( 1026): [LOWI-Scan] BSS 18:64:72:60:2b:40 FREQ: 2412, cFreq1[40:80:160] = [0:0:0] cFreq2 = 0 Country Code =    
11-20 07:23:57.356 D/LOWI-9.0.0.80( 1026): [LOWI-Scan] BSS 18:64:72:60:2b:40 (wlan0) ASSO: NO AddInfo: 0x0, TSF 0, 15:35:25.056, RSSI: -140, CPL: 127, AGE: 0,  SSID lab-t24103779, TSFDelta: 0x0, TXRate: 0
11-20 07:23:57.357 D/LOWI-9.0.0.80( 1026): [LOWI-Scan] 
11-20 07:23:57.357 D/LOWI-9.0.0.80( 1026): [LOWI-Scan] print_bss_handler: Report Probe TSF 56096522348 as it greater than Beacon TSF 56045792950
11-20 07:23:57.357 I/LOWI-9.0.0.80( 1026): [LOWI-Scan] RSN_IE
11-20 07:23:57.357 D/LOWI-9.0.0.80( 1026): [LOWI-Scan] decode_rsn_wpa_ie: Entered
11-20 07:23:57.357 D/LOWI-9.0.0.80( 1026): [LOWIUtils] hexDump: msg(30 14 01 00 00 0f ac 04 01 00 00 0f ac 04 01 00 00 0f ac 02 )
11-20 07:23:57.357 D/LOWI-9.0.0.80( 1026): [LOWI-Scan] decode_rsn_wpa_ie: LOWI_ENCRYPTION_TYPE_WPA_PSK
11-20 07:23:57.357 D/LOWI-9.0.0.80( 1026): [LOWI-Scan] is_qcom_ie, bss_age: 5
11-20 07:23:57.357 D/LOWI-9.0.0.80( 1026): [LOWI-Scan] adjust_age:AP AGE upper limit reached. Dont store
11-20 07:23:57.357 D/LOWI-9.0.0.80( 1026): [LOWI-Scan] BSS 18:64:72:60:2e:e0 LOWI_PHY_MODE_11NG_HT20(5), Beacon Interval: 100, LOWI_ENCRYPTION_TYPE_WPA_PSK 11mcRanging: No, ANQP: No, LCI: No, Civic: No, capability(0x0431): ESS Privacy ShortPreamble ShortSlotTime
11-20 07:23:57.357 D/LOWI-9.0.0.80( 1026): [LOWI-Scan] BSS 18:64:72:60:2e:e0 FREQ: 2462, cFreq1[40:80:160] = [0:0:0] cFreq2 = 0 Country Code =    
11-20 07:23:57.357 D/LOWI-9.0.0.80( 1026): [LOWI-Scan] BSS 18:64:72:60:2e:e0 (wlan0) ASSO: NO AddInfo: 0x0, TSF 0, 15:34:56.522, RSSI: -160, CPL: 127, AGE: 28530,  SSID lab-t24103779, TSFDelta: 0x0, TXRate: 0
11-20 07:23:57.358 D/LOWI-9.0.0.80( 1026): [LOWI-Scan] 
11-20 07:23:57.358 D/LOWI-9.0.0.80( 1026): [LOWI-Scan] print_bss_handler: Report Probe TSF 56096522225 as it greater than Beacon TSF 0
11-20 07:23:57.358 I/LOWI-9.0.0.80( 1026): [LOWI-Scan] RSN_IE
11-20 07:23:57.358 D/LOWI-9.0.0.80( 1026): [LOWI-Scan] decode_rsn_wpa_ie: Entered
11-20 07:23:57.358 D/LOWI-9.0.0.80( 1026): [LOWIUtils] hexDump: msg(30 14 01 00 00 0f ac 04 01 00 00 0f ac 04 01 00 00 0f ac 02 )
11-20 07:23:57.358 D/LOWI-9.0.0.80( 1026): [LOWI-Scan] decode_rsn_wpa_ie: LOWI_ENCRYPTION_TYPE_WPA_PSK
11-20 07:23:57.358 D/LOWI-9.0.0.80( 1026): [LOWI-Scan] is_qcom_ie, bss_age: 6
11-20 07:23:57.358 D/LOWI-9.0.0.80( 1026): [LOWI-Scan] adjust_age:AP AGE upper limit reached. Dont store
11-20 07:23:57.358 D/LOWI-9.0.0.80( 1026): [LOWI-Scan] BSS 2c:57:41:86:90:a1 LOWI_PHY_MODE_11NG_HT20(5), Beacon Interval: 100, LOWI_ENCRYPTION_TYPE_WPA_PSK 11mcRanging: No, ANQP: No, LCI: No, Civic: No, capability(0x1411): ESS Privacy ShortSlotTime
11-20 07:23:57.358 D/LOWI-9.0.0.80( 1026): [LOWI-Scan] BSS 2c:57:41:86:90:a1 FREQ: 2462, cFreq1[40:80:160] = [0:0:0] cFreq2 = 0 Country Code = US
11-20 07:23:57.358 D/LOWI-9.0.0.80( 1026): [LOWI-Scan] BSS 2c:57:41:86:90:a1 (wlan0) ASSO: NO AddInfo: 0x0, TSF 0, 15:34:56.522, RSSI: -140, CPL: 2, AGE: 28530,  SSID kittyhawk, TSFDelta: 0x0, TXRate: 0
11-20 07:23:57.359 D/PasspointManager( 1186): ANQP entry not found for: 12:d7:96:61:85:9f:<Pixel_R5>
11-20 07:23:57.359 D/LOWI-9.0.0.80( 1026): [LOWI-Scan] 
11-20 07:23:57.359 D/LOWI-9.0.0.80( 1026): [LOWI-Scan] print_bss_handler: Report Probe TSF 56096522309 as it greater than Beacon TSF 0
11-20 07:23:57.359 I/LOWI-9.0.0.80( 1026): [LOWI-Scan] RSN_IE
11-20 07:23:57.359 D/LOWI-9.0.0.80( 1026): [LOWI-Scan] decode_rsn_wpa_ie: Entered
11-20 07:23:57.359 D/PasspointManager( 1186): ANQP entry not found for: 5e:6e:be:46:77:d7:<Pixel_R3>
11-20 07:23:57.359 D/LOWI-9.0.0.80( 1026): [LOWIUtils] hexDump: msg(30 14 01 00 00 0f ac 04 01 00 00 0f ac 04 01 00 00 0f ac 02 )
11-20 07:23:57.359 D/LOWI-9.0.0.80( 1026): [LOWI-Scan] decode_rsn_wpa_ie: LOWI_ENCRYPTION_TYPE_WPA_PSK
11-20 07:23:57.359 D/LOWI-9.0.0.80( 1026): [LOWI-Scan] is_qcom_ie, bss_age: 6
11-20 07:23:57.359 D/LOWI-9.0.0.80( 1026): [LOWI-Scan] adjust_age:AP AGE upper limit reached. Dont store
11-20 07:23:57.359 D/LOWI-9.0.0.80( 1026): [LOWI-Scan] BSS 2c:57:41:86:85:21 LOWI_PHY_MODE_11NG_HT20(5), Beacon Interval: 100, LOWI_ENCRYPTION_TYPE_WPA_PSK 11mcRanging: No, ANQP: No, LCI: No, Civic: No, capability(0x1411): ESS Privacy ShortSlotTime
11-20 07:23:57.359 D/LOWI-9.0.0.80( 1026): [LOWI-Scan] BSS 2c:57:41:86:85:21 FREQ: 2462, cFreq1[40:80:160] = [0:0:0] cFreq2 = 0 Country Code = US
11-20 07:23:57.359 D/PasspointManager( 1186): ANQP entry not found for: fe:2d:5a:49:61:eb:<Pixel_R2>
11-20 07:23:57.359 D/LOWI-9.0.0.80( 1026): [LOWI-Scan] BSS 2c:57:41:86:85:21 (wlan0) ASSO: NO AddInfo: 0x0, TSF 0, 15:34:56.522, RSSI: -154, CPL: 2, AGE: 28530,  SSID kittyhawk, TSFDelta: 0x0, TXRate: 0
11-20 07:23:57.359 D/PasspointManager( 1186): ANQP entry not found for: c6:82:9b:4e:b3:9e:<Pixel_R6>
11-20 07:23:57.359 D/LOWI-9.0.0.80( 1026): [LOWIDiagLog] Log: lowiMeasResult->request: invalid null argument
11-20 07:23:57.360 I/LOWI-9.0.0.80( 1026): [LOWI-Scan] lowi_close_record:Scan done in 56081130ms, 18 APs in scan results
11-20 07:23:57.360 D/LOWI-9.0.0.80( 1026): [LOWI-Scan] WipsScanUsingNL: passive scan cached 0, took 9052 ms, err 0
11-20 07:23:57.360 D/LOWI-9.0.0.80( 1026): [LOWI-Scan] lowi_proc_req_passive_scan_with_live_meas - No WLAN Frames to be parsed
11-20 07:23:57.360 D/LOWI-9.0.0.80( 1026): [LOWIScanResultReceiver] Send scan meas to listener
11-20 07:23:57.360 D/PasspointManager( 1186): ANQP entry not found for: ce:dc:12:3b:87:fd:<Pixel5_R1>
11-20 07:23:57.360 D/LOWI-9.0.0.80( 1026): [LOWIScanResultReceiver] Enter passive listening mode
11-20 07:23:57.360 D/LOWI-9.0.0.80( 1026): [LOWIWifiDriverInterface] getMeasurements - Passive listening mode
11-20 07:23:57.360 D/LOWI-9.0.0.80( 1026): [LOWI-Scan] WipsScanUsingNL:wait -1 sec for netlink message
11-20 07:23:57.360 D/LOWI-9.0.0.80( 1026): [LOWIEventReceiver] handleEvent:FROM:NA, TO:NA, REQ:NA, IREQ:NA, REQ_ID:0, RESP:NA, INFO:NA
11-20 07:23:57.360 D/LOWI-9.0.0.80( 1026): [LOWIBackgroundScanMgr] isRspForBgScanMgr: evt(LOWI_NO_EVT) - not handled
11-20 07:23:57.360 D/LOWI-9.0.0.80( 1026): [LOWIScheduler] manageMsg: NULL results or NULL request in results
11-20 07:23:57.360 D/LOWI-9.0.0.80( 1026): [LOWIController] Measurements received
11-20 07:23:57.360 D/LOWI-9.0.0.80( 1026): [LOWICacheManager] putInCache:Num of Meas to add: 18
11-20 07:23:57.361 D/LOWI-9.0.0.80( 1026): [LOWIController] processMeasurementResults: No current Request. Cache measurements
11-20 07:23:57.361 D/LOWI-9.0.0.80( 1026): [LOWIControllerExtn] sendLOWILpDiscoveryScanResponse: Not a discovery scan response
11-20 07:23:57.412 D/WifiSharingService( 2870): Sending scanResults intent with status code 0: PendingIntent{cdb2b95: android.os.BinderProxy@3fc662e}
11-20 07:23:57.417 D/CompatibilityInfo( 1186): mCompatibilityFlags - 4
11-20 07:23:57.417 D/CompatibilityInfo( 1186): applicationDensity - 320
11-20 07:23:57.417 D/CompatibilityInfo( 1186): applicationScale - 1.0
11-20 07:23:58.361 W/HWComposer(  598): Ignoring duplicate VSYNC event from HWC for display 0 (t=56126086673640)
11-20 07:23:58.395 W/HWComposer(  598): Ignoring duplicate VSYNC event from HWC for display 0 (t=56126120399004)
11-20 07:23:58.412 W/HWComposer(  598): Ignoring duplicate VSYNC event from HWC for display 0 (t=56126137284004)
11-20 07:23:58.445 W/HWComposer(  598): Ignoring duplicate VSYNC event from HWC for display 0 (t=56126171059733)
11-20 07:23:59.256 W/HWComposer(  598): Ignoring duplicate VSYNC event from HWC for display 0 (t=56126981435254)
11-20 07:23:59.748 D/UIAutomatorStub(19450): URI: /jsonrpc/0, Method: POST, Header: {content-length=229, remote-addr=127.0.0.1, http-client-ip=127.0.0.1, host=localhost:9012, content-type=application/json, accept-encoding=identity}, params, {NanoHttpd.QUERY_STRING=null}, files: {postData={"jsonrpc": "2.0", "method": "objInfo", "id": "9c8df39b3cfa4fca32ba1f5042f5b0aa", "params": [{"mask": 2097152, "childOrSibling": [], "childOrSiblingSelector": [], "resourceId": "com.facebook.wearable.system.settings:id/toggle"}]}}
11-20 07:23:59.826 D/UIAutomatorStub(19450): URI: /jsonrpc/0, Method: POST, Header: {content-length=227, remote-addr=127.0.0.1, http-client-ip=127.0.0.1, host=localhost:9012, content-type=application/json, accept-encoding=identity}, params, {NanoHttpd.QUERY_STRING=null}, files: {postData={"jsonrpc": "2.0", "method": "click", "id": "b2355e112f07477b32a7a6f80c4d38a9", "params": [{"mask": 2097152, "childOrSibling": [], "childOrSiblingSelector": [], "resourceId": "com.facebook.wearable.system.settings:id/toggle"}]}}
11-20 07:23:59.880 D/WifiSharingService( 2870): Setting Wi-Fi enabled state
11-20 07:23:59.881 I/WifiService( 1186): setWifiEnabled package=com.facebook.wearable.system.connectivity uid=1000 enable=false
11-20 07:23:59.883 D/WifiActiveModeWarden( 1186): Switching all client mode managers
11-20 07:23:59.884 D/QCNEJ/WlanStaInfoRelay( 1907): onChange for uri = content://settings/global/wifi_on
11-20 07:23:59.886 D/WifiP2pService( 1186): Wifi enabled=false, P2P Interface availability=true
11-20 07:23:59.888 D/WifiP2pNative( 1186): Teardown P2P interface
11-20 07:23:59.889 D/BluetoothAdapterService( 1710): android.net.wifi.WIFI_STATE_CHANGED
11-20 07:23:59.890 W/ContextImpl( 1186): Calling a method in the system process without a qualified user: android.app.ContextImpl.sendBroadcastMultiplePermissions:1143 android.content.Context.sendBroadcastWithMultiplePermissions:2150 com.android.server.display.WifiDisplayAdapter.handleSendStatusChangeBroadcast:440 com.android.server.display.WifiDisplayAdapter.access$1700:63 com.android.server.display.WifiDisplayAdapter$WifiDisplayHandler.handleMessage:675 
11-20 07:23:59.890 E/QMI_FW  (  915): qmi_cci_get_ref: ref count increased 2
11-20 07:23:59.896 D/WifiP2pService( 1186): Wifi enabled=false, P2P Interface availability=true
11-20 07:23:59.899 D/WifiClientModeManager0( 1186): IMS not registered over IWLAN for subId: 1
11-20 07:23:59.899 D/WifiClientModeManager0( 1186): The target role 5
11-20 07:23:59.909 I/android_os_HwBinder( 1186): HwBinder: Starting thread pool for getting: android.hardware.wifi.supplicant@1.0::ISupplicant/default
11-20 07:23:59.911 I/wpa_supplicant(31533): wlan0: Do not deauthenticate as part of interface deinit since WoWLAN is enabled
11-20 07:23:59.955 I/wpa_supplicant(31533): Try to unregister vendor STA network
11-20 07:23:59.962 D/AnalyticsLogger( 1186): sent events: 14
11-20 07:23:59.970 E/wpa_supplicant(31533): eap_proxy: pthread_join on eap_proxy=0x1035feac
11-20 07:23:59.970 E/wpa_supplicant(31533): eap_proxy: session not started for client = 1
11-20 07:23:59.970 E/QMI_FW  (31533): qmi_cci_get_ref: ref count increased 2
11-20 07:23:59.970 E/QMI_FW  (31533): qmi_cci_get_ref: ref count increased 2
11-20 07:23:59.973 E/wpa_supplicant(31533): eap_proxy: Released QMI UIM service client
11-20 07:23:59.973 E/QMI_FW  (31533): qmi_cci_get_ref: ref count increased 2
11-20 07:23:59.973 E/QMI_FW  (31533): qmi_cci_get_ref: ref count increased 2
11-20 07:23:59.975 E/wpa_supplicant(31533): eap_proxy: Released QMI EAP service client
11-20 07:23:59.975 E/wpa_supplicant(31533): eap_proxy: session not started for client = 2
11-20 07:23:59.975 E/QMI_FW  (31533): qmi_cci_get_ref: ref count increased 2
11-20 07:23:59.975 E/QMI_FW  (31533): qmi_cci_get_ref: ref count increased 2
11-20 07:23:59.978 E/wpa_supplicant(31533): eap_proxy: Released QMI UIM service client
11-20 07:23:59.978 E/QMI_FW  (31533): qmi_cci_get_ref: ref count increased 2
11-20 07:23:59.978 E/QMI_FW  (31533): qmi_cci_get_ref: ref count increased 2
11-20 07:23:59.979 E/wpa_supplicant(31533): eap_proxy: Released QMI EAP service client
11-20 07:23:59.979 I/wpa_supplicant(31533): eap_proxy: eap_proxy Deinitialzed
11-20 07:24:00.004 D/KeyguardUpdateMonitor( 1762): received broadcast android.intent.action.TIME_TICK
11-20 07:24:00.005 D/KeyguardUpdateMonitor( 1762): received broadcast android.intent.action.TIME_TICK
11-20 07:24:00.005 D/KeyguardUpdateMonitor( 1762): handleTimeUpdate
11-20 07:24:00.005 D/KeyguardUpdateMonitor( 1762): handleTimeUpdate
11-20 07:24:00.015 I/wpa_supplicant(31533): nl80211: deinit ifname=wlan0 disabled_11b_rates=0
11-20 07:24:00.065 I/wpa_supplicant(31533): Try to unregister vendor interface
11-20 07:24:00.066 D/LOWI-9.0.0.80( 1026): [LOWINetlinkSocketReceiver] unpackRTMLinkMessage: RTM_NEWLINK - ifname wlan0, flags 0x11043 ([UP][RUNNING])
11-20 07:24:00.066 D/LOWI-9.0.0.80( 1026): [LOWINetlinkSocketReceiver] processNetlinkPacket: ifname(wlan0) status(2)
11-20 07:24:00.067 D/LOWI-9.0.0.80( 1026): [LOWIController] intfStateReceived: ifname(wlan0) state(2)
11-20 07:24:00.067 D/LOWI-9.0.0.80( 1026): [LOWIEventReceiver] handleEvent:FROM:NA, TO:NA, REQ:NA, IREQ:NA, REQ_ID:0, RESP:NA, INFO:INTF-STATUS-UPDATE
11-20 07:24:00.067 D/LOWI-9.0.0.80( 1026): [LOWIEventReceiver] Info to [INTF-STATUS-UPDATE]
11-20 07:24:00.067 D/LOWI-9.0.0.80( 1026): [LOWIController] updateIntfState: WIFI enabled 2 mNlWifiStatus 2 mWifiStateEnabled 1
11-20 07:24:00.068 D/LOWI-9.0.0.80( 1026): [LOWIController] isWifiEnabled: mNlWifiStatus 2 mWifiStateEnabled 1
11-20 07:24:00.084 I/SupplicantStaIfaceHal( 1186): Terminating supplicant using HIDL
11-20 07:24:00.085 I/wpa_supplicant(31533): p2p0: Do not deauthenticate as part of interface deinit since WoWLAN is enabled
11-20 07:24:00.134 E/wpa_supplicant(31533): eap_proxy: pthread_join on eap_proxy=0x1035ffa8
11-20 07:24:00.134 E/wpa_supplicant(31533): eap_proxy: session not started for client = 1
11-20 07:24:00.134 E/QMI_FW  (31533): qmi_cci_get_ref: ref count increased 2
11-20 07:24:00.134 E/QMI_FW  (31533): qmi_cci_get_ref: ref count increased 2
11-20 07:24:00.135 E/wpa_supplicant(31533): eap_proxy: Released QMI UIM service client
11-20 07:24:00.135 E/QMI_FW  (31533): qmi_cci_get_ref: ref count increased 2
11-20 07:24:00.135 E/QMI_FW  (31533): qmi_cci_get_ref: ref count increased 2
11-20 07:24:00.136 E/wpa_supplicant(31533): eap_proxy: Released QMI EAP service client
