11-21 00:39:13.359 D/LOWI-9.0.0.80( 1026): [LOWI-Scan] BSS c6:82:9b:4e:b3:9e (wlan0) ASSO: NO AddInfo: 0x0, TSF 1, 08:50:41.071, RSSI: -106, CPL: 127, AGE: 0,  SSID Pixel_R6, TSFDelta: 0x0, TXRate: 0
11-21 00:39:13.360 D/LOWI-9.0.0.80( 1026): [LOWI-Scan] 
11-21 00:39:13.360 D/LOWI-9.0.0.80( 1026): [LOWI-Scan] print_bss_handler: Report Probe TSF 118241071355 as it greater than Beacon TSF 117760323714
11-21 00:39:13.360 I/LOWI-9.0.0.80( 1026): [LOWI-Scan] RSN_IE
11-21 00:39:13.360 D/LOWI-9.0.0.80( 1026): [LOWI-Scan] decode_rsn_wpa_ie: Entered
11-21 00:39:13.360 D/LOWI-9.0.0.80( 1026): [LOWIUtils] hexDump: msg(30 14 01 00 00 0f ac 04 01 00 00 0f ac 04 01 00 00 0f ac 02 )
11-21 00:39:13.360 D/LOWI-9.0.0.80( 1026): [LOWI-Scan] decode_rsn_wpa_ie: LOWI_ENCRYPTION_TYPE_WPA_PSK
11-21 00:39:13.360 D/LOWI-9.0.0.80( 1026): [LOWI-Scan] is_qcom_ie, bss_age: 45
11-21 00:39:13.360 D/LOWI-9.0.0.80( 1026): [LOWI-Scan] BSS 2c:57:41:86:8a:a1 LOWI_PHY_MODE_11NG_HT20(5), Beacon Interval: 100, LOWI_ENCRYPTION_TYPE_WPA_PSK 11mcRanging: No, ANQP: No, LCI: No, Civic: No, capability(0x1411): ESS Privacy ShortSlotTime
11-21 00:39:13.360 D/LOWI-9.0.0.80( 1026): [LOWI-Scan] BSS 2c:57:41:86:8a:a1 FREQ: 2412, cFreq1[40:80:160] = [0:0:0] cFreq2 = 0 Country Code = US
11-21 00:39:13.360 D/LOWI-9.0.0.80( 1026): [LOWI-Scan] BSS 2c:57:41:86:8a:a1 (wlan0) ASSO: NO AddInfo: 0x0, TSF 1, 08:50:41.071, RSSI: -142, CPL: 3, AGE: 0,  SSID kittyhawk, TSFDelta: 0x0, TXRate: 0
11-21 00:39:13.361 D/LOWI-9.0.0.80( 1026): [LOWI-Scan] 
11-21 00:39:13.361 D/LOWI-9.0.0.80( 1026): [LOWI-Scan] print_bss_handler: Report Probe TSF 118241071277 as it greater than Beacon TSF 117440603285
11-21 00:39:13.361 I/LOWI-9.0.0.80( 1026): [LOWI-Scan] RSN_IE
11-21 00:39:13.361 D/LOWI-9.0.0.80( 1026): [LOWI-Scan] decode_rsn_wpa_ie: Entered
11-21 00:39:13.361 D/LOWI-9.0.0.80( 1026): [LOWIUtils] hexDump: msg(30 14 01 00 00 0f ac 04 01 00 00 0f ac 04 01 00 00 0f ac 02 )
11-21 00:39:13.361 D/LOWI-9.0.0.80( 1026): [LOWI-Scan] decode_rsn_wpa_ie: LOWI_ENCRYPTION_TYPE_WPA_PSK
11-21 00:39:13.361 D/LOWI-9.0.0.80( 1026): [LOWI-Scan] is_qcom_ie, bss_age: 45
11-21 00:39:13.361 D/LOWI-9.0.0.80( 1026): [LOWI-Scan] BSS 18:64:72:60:2b:40 LOWI_PHY_MODE_11NG_HT20(5), Beacon Interval: 100, LOWI_ENCRYPTION_TYPE_WPA_PSK 11mcRanging: No, ANQP: No, LCI: No, Civic: No, capability(0x0431): ESS Privacy ShortPreamble ShortSlotTime
11-21 00:39:13.361 D/LOWI-9.0.0.80( 1026): [LOWI-Scan] BSS 18:64:72:60:2b:40 FREQ: 2412, cFreq1[40:80:160] = [0:0:0] cFreq2 = 0 Country Code =    
11-21 00:39:13.361 D/LOWI-9.0.0.80( 1026): [LOWI-Scan] BSS 18:64:72:60:2b:40 (wlan0) ASSO: NO AddInfo: 0x0, TSF 1, 08:50:41.071, RSSI: -140, CPL: 127, AGE: 0,  SSID lab-t24103779, TSFDelta: 0x0, TXRate: 0
11-21 00:39:13.361 D/LOWI-9.0.0.80( 1026): [LOWI-Scan] 
11-21 00:39:13.362 D/LOWI-9.0.0.80( 1026): [LOWI-Scan] print_bss_handler: Report beacon TSF 118241071297 as it greater than probe TSF 118212671495
11-21 00:39:13.362 I/LOWI-9.0.0.80( 1026): [LOWI-Scan] RSN_IE
11-21 00:39:13.362 D/LOWI-9.0.0.80( 1026): [LOWI-Scan] decode_rsn_wpa_ie: Entered
11-21 00:39:13.362 D/LOWI-9.0.0.80( 1026): [LOWIUtils] hexDump: msg(30 14 01 00 00 0f ac 04 01 00 00 0f ac 04 01 00 00 0f ac 02 )
11-21 00:39:13.362 D/LOWI-9.0.0.80( 1026): [LOWI-Scan] decode_rsn_wpa_ie: LOWI_ENCRYPTION_TYPE_WPA_PSK
11-21 00:39:13.362 D/LOWI-9.0.0.80( 1026): [LOWI-Scan] is_qcom_ie, bss_age: 2
11-21 00:39:13.362 D/LOWI-9.0.0.80( 1026): [LOWI-Scan] BSS 2c:57:41:86:90:a1 LOWI_PHY_MODE_11NG_HT20(5), Beacon Interval: 100, LOWI_ENCRYPTION_TYPE_WPA_PSK 11mcRanging: No, ANQP: No, LCI: No, Civic: No, capability(0x1411): ESS Privacy ShortSlotTime
11-21 00:39:13.362 D/LOWI-9.0.0.80( 1026): [LOWI-Scan] BSS 2c:57:41:86:90:a1 FREQ: 2462, cFreq1[40:80:160] = [0:0:0] cFreq2 = 0 Country Code = US
11-21 00:39:13.362 D/LOWI-9.0.0.80( 1026): [LOWI-Scan] BSS 2c:57:41:86:90:a1 (wlan0) ASSO: NO AddInfo: 0x1, TSF 1, 08:50:41.071, RSSI: -140, CPL: 2, AGE: 0,  SSID kittyhawk, TSFDelta: 0x0, TXRate: 0
11-21 00:39:13.362 D/LOWI-9.0.0.80( 1026): [LOWI-Scan] 
11-21 00:39:13.363 D/LOWI-9.0.0.80( 1026): [LOWI-Scan] print_bss_handler: Report Probe TSF 118241071444 as it greater than Beacon TSF 0
11-21 00:39:13.363 I/LOWI-9.0.0.80( 1026): [LOWI-Scan] RSN_IE
11-21 00:39:13.363 D/LOWI-9.0.0.80( 1026): [LOWI-Scan] decode_rsn_wpa_ie: Entered
11-21 00:39:13.363 D/LOWI-9.0.0.80( 1026): [LOWIUtils] hexDump: msg(30 14 01 00 00 0f ac 04 01 00 00 0f ac 04 01 00 00 0f ac 02 )
11-21 00:39:13.363 D/LOWI-9.0.0.80( 1026): [LOWI-Scan] decode_rsn_wpa_ie: LOWI_ENCRYPTION_TYPE_WPA_PSK
11-21 00:39:13.363 D/LOWI-9.0.0.80( 1026): [LOWI-Scan] is_qcom_ie, bss_age: 26
11-21 00:39:13.363 D/LOWI-9.0.0.80( 1026): [LOWI-Scan] BSS 2c:57:41:86:76:61 LOWI_PHY_MODE_11NG_HT20(5), Beacon Interval: 100, LOWI_ENCRYPTION_TYPE_WPA_PSK 11mcRanging: No, ANQP: No, LCI: No, Civic: No, capability(0x1411): ESS Privacy ShortSlotTime
11-21 00:39:13.363 D/LOWI-9.0.0.80( 1026): [LOWI-Scan] BSS 2c:57:41:86:76:61 FREQ: 2437, cFreq1[40:80:160] = [0:0:0] cFreq2 = 0 Country Code = US
11-21 00:39:13.363 D/LOWI-9.0.0.80( 1026): [LOWI-Scan] BSS 2c:57:41:86:76:61 (wlan0) ASSO: NO AddInfo: 0x0, TSF 1, 08:50:41.071, RSSI: -162, CPL: 2, AGE: 0,  SSID kittyhawk, TSFDelta: 0x0, TXRate: 0
11-21 00:39:13.363 D/LOWI-9.0.0.80( 1026): [LOWI-Scan] 
11-21 00:39:13.363 D/LOWI-9.0.0.80( 1026): [LOWI-Scan] print_bss_handler: Report Probe TSF 118241071315 as it greater than Beacon TSF 0
11-21 00:39:13.363 I/LOWI-9.0.0.80( 1026): [LOWI-Scan] RSN_IE
11-21 00:39:13.364 D/LOWI-9.0.0.80( 1026): [LOWI-Scan] decode_rsn_wpa_ie: Entered
11-21 00:39:13.364 D/LOWI-9.0.0.80( 1026): [LOWIUtils] hexDump: msg(30 14 01 00 00 0f ac 04 01 00 00 0f ac 04 01 00 00 0f ac 02 )
11-21 00:39:13.364 D/LOWI-9.0.0.80( 1026): [LOWI-Scan] decode_rsn_wpa_ie: LOWI_ENCRYPTION_TYPE_WPA_PSK
11-21 00:39:13.364 D/LOWI-9.0.0.80( 1026): [LOWI-Scan] is_qcom_ie, bss_age: 45
11-21 00:39:13.364 D/LOWI-9.0.0.80( 1026): [LOWI-Scan] BSS 2c:57:41:88:72:e1 LOWI_PHY_MODE_11NG_HT20(5), Beacon Interval: 100, LOWI_ENCRYPTION_TYPE_WPA_PSK 11mcRanging: No, ANQP: No, LCI: No, Civic: No, capability(0x1411): ESS Privacy ShortSlotTime
11-21 00:39:13.364 D/LOWI-9.0.0.80( 1026): [LOWI-Scan] BSS 2c:57:41:88:72:e1 FREQ: 2412, cFreq1[40:80:160] = [0:0:0] cFreq2 = 0 Country Code = US
11-21 00:39:13.364 D/LOWI-9.0.0.80( 1026): [LOWI-Scan] BSS 2c:57:41:88:72:e1 (wlan0) ASSO: NO AddInfo: 0x0, TSF 1, 08:50:41.071, RSSI: -142, CPL: 3, AGE: 0,  SSID kittyhawk, TSFDelta: 0x0, TXRate: 0
11-21 00:39:13.364 D/LOWI-9.0.0.80( 1026): [LOWI-Scan] 
11-21 00:39:13.364 D/LOWI-9.0.0.80( 1026): [LOWI-Scan] print_bss_handler: Report Probe TSF 118241071376 as it greater than Beacon TSF 118212671560
11-21 00:39:13.365 I/LOWI-9.0.0.80( 1026): [LOWI-Scan] RSN_IE
11-21 00:39:13.365 D/LOWI-9.0.0.80( 1026): [LOWI-Scan] decode_rsn_wpa_ie: Entered
11-21 00:39:13.365 D/LOWI-9.0.0.80( 1026): [LOWIUtils] hexDump: msg(30 14 01 00 00 0f ac 04 01 00 00 0f ac 04 01 00 00 0f ac 02 )
11-21 00:39:13.365 D/LOWI-9.0.0.80( 1026): [LOWI-Scan] decode_rsn_wpa_ie: LOWI_ENCRYPTION_TYPE_WPA_PSK
11-21 00:39:13.365 D/LOWI-9.0.0.80( 1026): [LOWI-Scan] is_qcom_ie, bss_age: 45
11-21 00:39:13.365 D/LOWI-9.0.0.80( 1026): [LOWI-Scan] BSS 2c:57:41:86:7a:61 LOWI_PHY_MODE_11NG_HT20(5), Beacon Interval: 100, LOWI_ENCRYPTION_TYPE_WPA_PSK 11mcRanging: No, ANQP: No, LCI: No, Civic: No, capability(0x1411): ESS Privacy ShortSlotTime
11-21 00:39:13.365 D/LOWI-9.0.0.80( 1026): [LOWI-Scan] BSS 2c:57:41:86:7a:61 FREQ: 2412, cFreq1[40:80:160] = [0:0:0] cFreq2 = 0 Country Code = US
11-21 00:39:13.365 D/LOWI-9.0.0.80( 1026): [LOWI-Scan] BSS 2c:57:41:86:7a:61 (wlan0) ASSO: NO AddInfo: 0x0, TSF 1, 08:50:41.071, RSSI: -144, CPL: 3, AGE: 0,  SSID kittyhawk, TSFDelta: 0x0, TXRate: 0
11-21 00:39:13.365 D/LOWI-9.0.0.80( 1026): [LOWI-Scan] 
11-21 00:39:13.365 D/LOWI-9.0.0.80( 1026): [LOWI-Scan] print_bss_handler: Report Probe TSF 118212671576 as it greater than Beacon TSF 0
11-21 00:39:13.365 I/LOWI-9.0.0.80( 1026): [LOWI-Scan] RSN_IE
11-21 00:39:13.366 D/LOWI-9.0.0.80( 1026): [LOWI-Scan] decode_rsn_wpa_ie: Entered
11-21 00:39:13.366 D/LOWI-9.0.0.80( 1026): [LOWIUtils] hexDump: msg(30 14 01 00 00 0f ac 04 01 00 00 0f ac 04 01 00 00 0f ac 02 )
11-21 00:39:13.366 D/LOWI-9.0.0.80( 1026): [LOWI-Scan] decode_rsn_wpa_ie: LOWI_ENCRYPTION_TYPE_WPA_PSK
11-21 00:39:13.366 D/LOWI-9.0.0.80( 1026): [LOWI-Scan] is_qcom_ie, bss_age: 58
11-21 00:39:13.366 D/LOWI-9.0.0.80( 1026): [LOWI-Scan] adjust_age:AP AGE upper limit reached. Dont store
11-21 00:39:13.366 D/LOWI-9.0.0.80( 1026): [LOWI-Scan] BSS 2c:57:41:89:53:21 LOWI_PHY_MODE_11NG_HT20(5), Beacon Interval: 100, LOWI_ENCRYPTION_TYPE_WPA_PSK 11mcRanging: No, ANQP: No, LCI: No, Civic: No, capability(0x1411): ESS Privacy ShortSlotTime
11-21 00:39:13.366 D/LOWI-9.0.0.80( 1026): [LOWI-Scan] BSS 2c:57:41:89:53:21 FREQ: 2412, cFreq1[40:80:160] = [0:0:0] cFreq2 = 0 Country Code = US
11-21 00:39:13.366 D/LOWI-9.0.0.80( 1026): [LOWI-Scan] BSS 2c:57:41:89:53:21 (wlan0) ASSO: NO AddInfo: 0x0, TSF 1, 08:50:12.671, RSSI: -158, CPL: 3, AGE: 28400,  SSID kittyhawk, TSFDelta: 0x0, TXRate: 0
11-21 00:39:13.366 D/LOWI-9.0.0.80( 1026): [LOWI-Scan] 
11-21 00:39:13.366 D/LOWI-9.0.0.80( 1026): [LOWI-Scan] print_bss_handler: Report Probe TSF 118241071465 as it greater than Beacon TSF 0
11-21 00:39:13.366 I/LOWI-9.0.0.80( 1026): [LOWI-Scan] RSN_IE
11-21 00:39:13.366 D/LOWI-9.0.0.80( 1026): [LOWI-Scan] decode_rsn_wpa_ie: Entered
11-21 00:39:13.367 D/LOWI-9.0.0.80( 1026): [LOWIUtils] hexDump: msg(30 14 01 00 00 0f ac 04 01 00 00 0f ac 04 01 00 00 0f ac 02 )
11-21 00:39:13.367 D/LOWI-9.0.0.80( 1026): [LOWI-Scan] decode_rsn_wpa_ie: LOWI_ENCRYPTION_TYPE_WPA_PSK
11-21 00:39:13.367 D/LOWI-9.0.0.80( 1026): [LOWI-Scan] is_qcom_ie, bss_age: 14
11-21 00:39:13.367 D/LOWI-9.0.0.80( 1026): [LOWI-Scan] BSS 00:24:b1:02:cb:dc LOWI_PHY_MODE_11NG_HT20(5), Beacon Interval: 100, LOWI_ENCRYPTION_TYPE_WPA_PSK 11mcRanging: No, ANQP: No, LCI: No, Civic: No, capability(0x0431): ESS Privacy ShortPreamble ShortSlotTime
11-21 00:39:13.367 D/LOWI-9.0.0.80( 1026): [LOWI-Scan] BSS 00:24:b1:02:cb:dc FREQ: 2452, cFreq1[40:80:160] = [0:0:0] cFreq2 = 0 Country Code =    
11-21 00:39:13.367 D/LOWI-9.0.0.80( 1026): [LOWI-Scan] BSS 00:24:b1:02:cb:dc (wlan0) ASSO: NO AddInfo: 0x0, TSF 1, 08:50:41.071, RSSI: -180, CPL: 127, AGE: 0,  SSID 0024b1000002cbdc, TSFDelta: 0x0, TXRate: 0
11-21 00:39:13.367 D/WificondScannerImpl( 1186): Filtering out 1 scan results.
11-21 00:39:13.367 D/LOWI-9.0.0.80( 1026): [LOWI-Scan] 
11-21 00:39:13.367 D/LOWI-9.0.0.80( 1026): [LOWI-Scan] print_bss_handler: Report Probe TSF 118241071256 as it greater than Beacon TSF 0
11-21 00:39:13.367 I/LOWI-9.0.0.80( 1026): [LOWI-Scan] RSN_IE
11-21 00:39:13.367 D/LOWI-9.0.0.80( 1026): [LOWI-Scan] decode_rsn_wpa_ie: Entered
11-21 00:39:13.367 D/LOWI-9.0.0.80( 1026): [LOWIUtils] hexDump: msg(30 14 01 00 00 0f ac 04 01 00 00 0f ac 04 01 00 00 0f ac 02 )
11-21 00:39:13.367 D/LOWI-9.0.0.80( 1026): [LOWI-Scan] decode_rsn_wpa_ie: LOWI_ENCRYPTION_TYPE_WPA_PSK
11-21 00:39:13.367 D/LOWI-9.0.0.80( 1026): [LOWI-Scan] is_qcom_ie, bss_age: 40
11-21 00:39:13.367 D/LOWI-9.0.0.80( 1026): [LOWI-Scan] BSS 52:b8:14:37:74:3f LOWI_PHY_MODE_11AC_VHT20_2G(11), Beacon Interval: 100, LOWI_ENCRYPTION_TYPE_WPA_PSK 11mcRanging: No, ANQP: No, LCI: No, Civic: No, capability(0x1431): ESS Privacy ShortPreamble ShortSlotTime
11-21 00:39:13.367 D/LOWI-9.0.0.80( 1026): [LOWI-Scan] BSS 52:b8:14:37:74:3f FREQ: 2417, cFreq1[40:80:160] = [0:0:0] cFreq2 = 0 Country Code =    
11-21 00:39:13.368 D/LOWI-9.0.0.80( 1026): [LOWI-Scan] BSS 52:b8:14:37:74:3f (wlan0) ASSO: NO AddInfo: 0x0, TSF 1, 08:50:41.071, RSSI: -112, CPL: 127, AGE: 0,  SSID Pixel_8668, TSFDelta: 0x0, TXRate: 0
11-21 00:39:13.368 D/LOWI-9.0.0.80( 1026): [LOWI-Scan] 
11-21 00:39:13.368 D/LOWI-9.0.0.80( 1026): [LOWI-Scan] print_bss_handler: Report Probe TSF 118241071398 as it greater than Beacon TSF 0
11-21 00:39:13.368 I/LOWI-9.0.0.80( 1026): [LOWI-Scan] RSN_IE
11-21 00:39:13.368 D/LOWI-9.0.0.80( 1026): [LOWI-Scan] decode_rsn_wpa_ie: Entered
11-21 00:39:13.368 D/LOWI-9.0.0.80( 1026): [LOWIUtils] hexDump: msg(30 14 01 00 00 0f ac 04 01 00 00 0f ac 04 01 00 00 0f ac 02 )
11-21 00:39:13.368 D/LOWI-9.0.0.80( 1026): [LOWI-Scan] decode_rsn_wpa_ie: LOWI_ENCRYPTION_TYPE_WPA_PSK
11-21 00:39:13.368 D/LOWI-9.0.0.80( 1026): [LOWI-Scan] is_qcom_ie, bss_age: 3
11-21 00:39:13.368 D/LOWI-9.0.0.80( 1026): [LOWI-Scan] BSS 2c:57:41:86:85:21 LOWI_PHY_MODE_11NG_HT20(5), Beacon Interval: 100, LOWI_ENCRYPTION_TYPE_WPA_PSK 11mcRanging: No, ANQP: No, LCI: No, Civic: No, capability(0x1411): ESS Privacy ShortSlotTime
11-21 00:39:13.368 D/LOWI-9.0.0.80( 1026): [LOWI-Scan] BSS 2c:57:41:86:85:21 FREQ: 2462, cFreq1[40:80:160] = [0:0:0] cFreq2 = 0 Country Code = US
11-21 00:39:13.368 D/LOWI-9.0.0.80( 1026): [LOWI-Scan] BSS 2c:57:41:86:85:21 (wlan0) ASSO: NO AddInfo: 0x0, TSF 1, 08:50:41.071, RSSI: -154, CPL: 2, AGE: 0,  SSID kittyhawk, TSFDelta: 0x0, TXRate: 0
11-21 00:39:13.369 D/LOWI-9.0.0.80( 1026): [LOWI-Scan] 
11-21 00:39:13.369 D/LOWI-9.0.0.80( 1026): [LOWI-Scan] print_bss_handler: Report Probe TSF 118241071423 as it greater than Beacon TSF 0
11-21 00:39:13.369 I/LOWI-9.0.0.80( 1026): [LOWI-Scan] RSN_IE
11-21 00:39:13.369 D/LOWI-9.0.0.80( 1026): [LOWI-Scan] decode_rsn_wpa_ie: Entered
11-21 00:39:13.369 D/LOWI-9.0.0.80( 1026): [LOWIUtils] hexDump: msg(30 14 01 00 00 0f ac 04 01 00 00 0f ac 04 01 00 00 0f ac 02 )
11-21 00:39:13.369 D/LOWI-9.0.0.80( 1026): [LOWI-Scan] decode_rsn_wpa_ie: LOWI_ENCRYPTION_TYPE_WPA_PSK
11-21 00:39:13.369 D/LOWI-9.0.0.80( 1026): [LOWI-Scan] is_qcom_ie, bss_age: 26
11-21 00:39:13.369 D/LOWI-9.0.0.80( 1026): [LOWI-Scan] BSS 2c:57:41:89:63:c1 LOWI_PHY_MODE_11NG_HT20(5), Beacon Interval: 100, LOWI_ENCRYPTION_TYPE_WPA_PSK 11mcRanging: No, ANQP: No, LCI: No, Civic: No, capability(0x1411): ESS Privacy ShortSlotTime
11-21 00:39:13.369 D/LOWI-9.0.0.80( 1026): [LOWI-Scan] BSS 2c:57:41:89:63:c1 FREQ: 2437, cFreq1[40:80:160] = [0:0:0] cFreq2 = 0 Country Code = US
11-21 00:39:13.369 D/LOWI-9.0.0.80( 1026): [LOWI-Scan] BSS 2c:57:41:89:63:c1 (wlan0) ASSO: NO AddInfo: 0x0, TSF 1, 08:50:41.071, RSSI: -162, CPL: 2, AGE: 0,  SSID kittyhawk, TSFDelta: 0x0, TXRate: 0
11-21 00:39:13.370 D/LOWI-9.0.0.80( 1026): [LOWIDiagLog] Log: lowiMeasResult->request: invalid null argument
11-21 00:39:13.370 I/LOWI-9.0.0.80( 1026): [LOWI-Scan] lowi_close_record:Scan done in 118197140ms, 20 APs in scan results
11-21 00:39:13.370 D/LOWI-9.0.0.80( 1026): [LOWI-Scan] WipsScanUsingNL: passive scan cached 0, took 8906 ms, err 0
11-21 00:39:13.370 D/LOWI-9.0.0.80( 1026): [LOWI-Scan] lowi_proc_req_passive_scan_with_live_meas - No WLAN Frames to be parsed
11-21 00:39:13.370 D/LOWI-9.0.0.80( 1026): [LOWIScanResultReceiver] Send scan meas to listener
11-21 00:39:13.370 D/LOWI-9.0.0.80( 1026): [LOWIScanResultReceiver] Enter passive listening mode
11-21 00:39:13.370 D/LOWI-9.0.0.80( 1026): [LOWIWifiDriverInterface] getMeasurements - Passive listening mode
11-21 00:39:13.370 D/LOWI-9.0.0.80( 1026): [LOWI-Scan] WipsScanUsingNL:wait -1 sec for netlink message
11-21 00:39:13.370 D/LOWI-9.0.0.80( 1026): [LOWIEventReceiver] handleEvent:FROM:NA, TO:NA, REQ:NA, IREQ:NA, REQ_ID:0, RESP:NA, INFO:NA
11-21 00:39:13.370 D/LOWI-9.0.0.80( 1026): [LOWIBackgroundScanMgr] isRspForBgScanMgr: evt(LOWI_NO_EVT) - not handled
11-21 00:39:13.370 D/LOWI-9.0.0.80( 1026): [LOWIScheduler] manageMsg: NULL results or NULL request in results
11-21 00:39:13.370 D/LOWI-9.0.0.80( 1026): [LOWIController] Measurements received
11-21 00:39:13.370 D/LOWI-9.0.0.80( 1026): [LOWICacheManager] putInCache:Num of Meas to add: 20
11-21 00:39:13.371 D/LOWI-9.0.0.80( 1026): [LOWIController] processMeasurementResults: No current Request. Cache measurements
11-21 00:39:13.371 D/LOWI-9.0.0.80( 1026): [LOWIControllerExtn] sendLOWILpDiscoveryScanResponse: Not a discovery scan response
11-21 00:39:13.380 D/PasspointManager( 1186): ANQP entry not found for: 5e:6e:be:46:77:d7:<Pixel_R3>
11-21 00:39:13.380 D/PasspointManager( 1186): ANQP entry not found for: 12:d7:96:61:85:9f:<Pixel_R5>
11-21 00:39:13.381 D/PasspointManager( 1186): ANQP entry not found for: ce:dc:12:3b:87:fd:<Pixel5_R1>
11-21 00:39:13.381 D/PasspointManager( 1186): ANQP entry not found for: fe:2d:5a:49:61:eb:<Pixel_R2>
11-21 00:39:13.381 D/PasspointManager( 1186): ANQP entry not found for: c6:82:9b:4e:b3:9e:<Pixel_R6>
11-21 00:39:13.422 D/WifiSharingService( 2870): Sending scanResults intent with status code 0: PendingIntent{43b75ba: android.os.BinderProxy@3567ffb}
11-21 00:39:13.428 D/CompatibilityInfo( 1186): mCompatibilityFlags - 4
11-21 00:39:13.428 D/CompatibilityInfo( 1186): applicationDensity - 320
11-21 00:39:13.428 D/CompatibilityInfo( 1186): applicationScale - 1.0
11-21 00:39:13.668 I/chatty  ( 2334): uid=10062(com.facebook.wearable.system.selfcare) MainTP_1176 expire 1 line
11-21 00:39:13.707 I/chatty  ( 2334): uid=10062(com.facebook.wearable.system.selfcare) DefaultDispatch expire 1 line
11-21 00:39:13.707 I/chatty  ( 2334): uid=10062(com.facebook.wearable.system.selfcare) pool-3-thread-2 expire 1 line
11-21 00:39:13.852 D/SettingsSDK::SyncHelper( 2334): Read setting com.facebook.wearable.sdk.selfcare:SELFCARE_SERVICE_ENABLED from persistent cache
11-21 00:39:13.852 D/FacebookRepository( 2334): Reading from Store [906581286488774]
11-21 00:39:13.885 E/SelfCareDataCloudSyncWorker( 2334): Failed to get access token
11-21 00:39:13.885 E/SelfCareDataCloudSyncWorker( 2334): kotlinx.coroutines.JobCancellationException: Job was cancelled; job=JobImpl{Cancelling}@9dfa530
11-21 00:39:13.885 I/WM-WorkerWrapper( 2334): Work [ id=57f248e9-27c9-4baa-bcea-f98e3ece0d1a, tags={ com.facebook.wearable.system.selfcare.cloudsync.SelfCareDataCloudSyncWorker } ] was cancelled
11-21 00:39:13.885 I/WM-WorkerWrapper( 2334): java.util.concurrent.CancellationException: Task was cancelled.
11-21 00:39:13.885 I/WM-WorkerWrapper( 2334): 	at androidx.work.impl.utils.futures.AbstractFuture.getDoneValue(:32)
11-21 00:39:13.885 I/WM-WorkerWrapper( 2334): 	at androidx.work.impl.utils.futures.AbstractFuture.get(:268435546)
11-21 00:39:13.885 I/WM-WorkerWrapper( 2334): 	at androidx.work.impl.WorkerWrapper$2.run(:3)
11-21 00:39:13.885 I/WM-WorkerWrapper( 2334): 	at androidx.work.impl.utils.SerialExecutor$Task.run(:2)
11-21 00:39:13.885 I/WM-WorkerWrapper( 2334): 	at java.util.concurrent.ThreadPoolExecutor.runWorker(ThreadPoolExecutor.java:1167)
11-21 00:39:13.885 I/WM-WorkerWrapper( 2334): 	at java.util.concurrent.ThreadPoolExecutor$Worker.run(ThreadPoolExecutor.java:641)
11-21 00:39:13.885 I/WM-WorkerWrapper( 2334): 	at java.lang.Thread.run(Thread.java:923)
11-21 00:39:14.006 D/SettingsSDK::SyncHelper( 2334): Read setting com.facebook.wearable.sdk.selfcare:SELFCARE_SERVICE_ENABLED from persistent cache
11-21 00:39:14.006 D/FacebookRepository( 2334): Reading from Store [906581286488774]
11-21 00:39:14.039 E/SelfCareDataCloudSyncWorker( 2334): Failed to get access token
11-21 00:39:14.039 E/SelfCareDataCloudSyncWorker( 2334): kotlinx.coroutines.JobCancellationException: Job was cancelled; job=JobImpl{Cancelling}@30a183a
11-21 00:39:14.039 I/WM-WorkerWrapper( 2334): Work [ id=57f248e9-27c9-4baa-bcea-f98e3ece0d1a, tags={ com.facebook.wearable.system.selfcare.cloudsync.SelfCareDataCloudSyncWorker } ] was cancelled
11-21 00:39:14.039 I/WM-WorkerWrapper( 2334): java.util.concurrent.CancellationException: Task was cancelled.
11-21 00:39:14.039 I/WM-WorkerWrapper( 2334): 	at androidx.work.impl.utils.futures.AbstractFuture.getDoneValue(:32)
11-21 00:39:14.039 I/WM-WorkerWrapper( 2334): 	at androidx.work.impl.utils.futures.AbstractFuture.get(:268435546)
11-21 00:39:14.039 I/WM-WorkerWrapper( 2334): 	at androidx.work.impl.WorkerWrapper$2.run(:3)
11-21 00:39:14.039 I/WM-WorkerWrapper( 2334): 	at androidx.work.impl.utils.SerialExecutor$Task.run(:2)
11-21 00:39:14.039 I/WM-WorkerWrapper( 2334): 	at java.util.concurrent.ThreadPoolExecutor.runWorker(ThreadPoolExecutor.java:1167)
11-21 00:39:14.039 I/WM-WorkerWrapper( 2334): 	at java.util.concurrent.ThreadPoolExecutor$Worker.run(ThreadPoolExecutor.java:641)
11-21 00:39:14.039 I/WM-WorkerWrapper( 2334): 	at java.lang.Thread.run(Thread.java:923)
11-21 00:39:14.168 D/SettingsSDK::SyncHelper( 2334): Read setting com.facebook.wearable.sdk.selfcare:SELFCARE_SERVICE_ENABLED from persistent cache
11-21 00:39:14.169 D/FacebookRepository( 2334): Reading from Store [906581286488774]
11-21 00:39:14.210 E/SelfCareDataCloudSyncWorker( 2334): Failed to get access token
11-21 00:39:14.210 E/SelfCareDataCloudSyncWorker( 2334): kotlinx.coroutines.JobCancellationException: Job was cancelled; job=JobImpl{Cancelling}@50462f4
11-21 00:39:14.211 I/WM-WorkerWrapper( 2334): Work [ id=57f248e9-27c9-4baa-bcea-f98e3ece0d1a, tags={ com.facebook.wearable.system.selfcare.cloudsync.SelfCareDataCloudSyncWorker } ] was cancelled
11-21 00:39:14.211 I/WM-WorkerWrapper( 2334): java.util.concurrent.CancellationException: Task was cancelled.
11-21 00:39:14.211 I/WM-WorkerWrapper( 2334): 	at androidx.work.impl.utils.futures.AbstractFuture.getDoneValue(:32)
11-21 00:39:14.211 I/WM-WorkerWrapper( 2334): 	at androidx.work.impl.utils.futures.AbstractFuture.get(:268435546)
11-21 00:39:14.211 I/WM-WorkerWrapper( 2334): 	at androidx.work.impl.WorkerWrapper$2.run(:3)
11-21 00:39:14.211 I/WM-WorkerWrapper( 2334): 	at androidx.work.impl.utils.SerialExecutor$Task.run(:2)
11-21 00:39:14.211 I/WM-WorkerWrapper( 2334): 	at java.util.concurrent.ThreadPoolExecutor.runWorker(ThreadPoolExecutor.java:1167)
11-21 00:39:14.211 I/WM-WorkerWrapper( 2334): 	at java.util.concurrent.ThreadPoolExecutor$Worker.run(ThreadPoolExecutor.java:641)
11-21 00:39:14.211 I/WM-WorkerWrapper( 2334): 	at java.lang.Thread.run(Thread.java:923)
11-21 00:39:14.337 D/SettingsSDK::SyncHelper( 2334): Read setting com.facebook.wearable.sdk.selfcare:SELFCARE_SERVICE_ENABLED from persistent cache
11-21 00:39:14.337 D/FacebookRepository( 2334): Reading from Store [906581286488774]
11-21 00:39:14.368 E/SelfCareDataCloudSyncWorker( 2334): Failed to get access token
11-21 00:39:14.368 E/SelfCareDataCloudSyncWorker( 2334): kotlinx.coroutines.JobCancellationException: Job was cancelled; job=JobImpl{Cancelling}@6b447de
11-21 00:39:14.368 I/WM-WorkerWrapper( 2334): Work [ id=57f248e9-27c9-4baa-bcea-f98e3ece0d1a, tags={ com.facebook.wearable.system.selfcare.cloudsync.SelfCareDataCloudSyncWorker } ] was cancelled
11-21 00:39:14.368 I/WM-WorkerWrapper( 2334): java.util.concurrent.CancellationException: Task was cancelled.
11-21 00:39:14.368 I/WM-WorkerWrapper( 2334): 	at androidx.work.impl.utils.futures.AbstractFuture.getDoneValue(:32)
11-21 00:39:14.368 I/WM-WorkerWrapper( 2334): 	at androidx.work.impl.utils.futures.AbstractFuture.get(:268435546)
11-21 00:39:14.368 I/WM-WorkerWrapper( 2334): 	at androidx.work.impl.WorkerWrapper$2.run(:3)
11-21 00:39:14.368 I/WM-WorkerWrapper( 2334): 	at androidx.work.impl.utils.SerialExecutor$Task.run(:2)
11-21 00:39:14.368 I/WM-WorkerWrapper( 2334): 	at java.util.concurrent.ThreadPoolExecutor.runWorker(ThreadPoolExecutor.java:1167)
11-21 00:39:14.368 I/WM-WorkerWrapper( 2334): 	at java.util.concurrent.ThreadPoolExecutor$Worker.run(ThreadPoolExecutor.java:641)
11-21 00:39:14.368 I/WM-WorkerWrapper( 2334): 	at java.lang.Thread.run(Thread.java:923)
11-21 00:39:14.436 W/HWComposer(  598): Ignoring duplicate VSYNC event from HWC for display 0 (t=118242161954111)
11-21 00:39:14.502 D/SettingsSDK::SyncHelper( 2334): Read setting com.facebook.wearable.sdk.selfcare:SELFCARE_SERVICE_ENABLED from persistent cache
11-21 00:39:14.503 D/FacebookRepository( 2334): Reading from Store [906581286488774]
11-21 00:39:14.544 E/SelfCareDataCloudSyncWorker( 2334): Failed to get access token
11-21 00:39:14.544 E/SelfCareDataCloudSyncWorker( 2334): kotlinx.coroutines.JobCancellationException: Job was cancelled; job=JobImpl{Cancelling}@77426db
11-21 00:39:14.545 I/WM-WorkerWrapper( 2334): Work [ id=57f248e9-27c9-4baa-bcea-f98e3ece0d1a, tags={ com.facebook.wearable.system.selfcare.cloudsync.SelfCareDataCloudSyncWorker } ] was cancelled
11-21 00:39:14.545 I/WM-WorkerWrapper( 2334): java.util.concurrent.CancellationException: Task was cancelled.
11-21 00:39:14.545 I/WM-WorkerWrapper( 2334): 	at androidx.work.impl.utils.futures.AbstractFuture.getDoneValue(:32)
11-21 00:39:14.545 I/WM-WorkerWrapper( 2334): 	at androidx.work.impl.utils.futures.AbstractFuture.get(:268435546)
11-21 00:39:14.545 I/WM-WorkerWrapper( 2334): 	at androidx.work.impl.WorkerWrapper$2.run(:3)
11-21 00:39:14.545 I/WM-WorkerWrapper( 2334): 	at androidx.work.impl.utils.SerialExecutor$Task.run(:2)
11-21 00:39:14.545 I/WM-WorkerWrapper( 2334): 	at java.util.concurrent.ThreadPoolExecutor.runWorker(ThreadPoolExecutor.java:1167)
11-21 00:39:14.545 I/WM-WorkerWrapper( 2334): 	at java.util.concurrent.ThreadPoolExecutor$Worker.run(ThreadPoolExecutor.java:641)
11-21 00:39:14.545 I/WM-WorkerWrapper( 2334): 	at java.lang.Thread.run(Thread.java:923)
11-21 00:39:14.678 D/SettingsSDK::SyncHelper( 2334): Read setting com.facebook.wearable.sdk.selfcare:SELFCARE_SERVICE_ENABLED from persistent cache
11-21 00:39:14.679 D/FacebookRepository( 2334): Reading from Store [906581286488774]
11-21 00:39:14.708 E/SelfCareDataCloudSyncWorker( 2334): Failed to get access token
11-21 00:39:14.708 E/SelfCareDataCloudSyncWorker( 2334): kotlinx.coroutines.JobCancellationException: Job was cancelled; job=JobImpl{Cancelling}@81548d
11-21 00:39:14.708 I/WM-WorkerWrapper( 2334): Work [ id=57f248e9-27c9-4baa-bcea-f98e3ece0d1a, tags={ com.facebook.wearable.system.selfcare.cloudsync.SelfCareDataCloudSyncWorker } ] was cancelled
11-21 00:39:14.708 I/WM-WorkerWrapper( 2334): java.util.concurrent.CancellationException: Task was cancelled.
11-21 00:39:14.708 I/WM-WorkerWrapper( 2334): 	at androidx.work.impl.utils.futures.AbstractFuture.getDoneValue(:32)
11-21 00:39:14.708 I/WM-WorkerWrapper( 2334): 	at androidx.work.impl.utils.futures.AbstractFuture.get(:268435546)
11-21 00:39:14.708 I/WM-WorkerWrapper( 2334): 	at androidx.work.impl.WorkerWrapper$2.run(:3)
11-21 00:39:14.708 I/WM-WorkerWrapper( 2334): 	at androidx.work.impl.utils.SerialExecutor$Task.run(:2)
11-21 00:39:14.708 I/WM-WorkerWrapper( 2334): 	at java.util.concurrent.ThreadPoolExecutor.runWorker(ThreadPoolExecutor.java:1167)
11-21 00:39:14.708 I/WM-WorkerWrapper( 2334): 	at java.util.concurrent.ThreadPoolExecutor$Worker.run(ThreadPoolExecutor.java:641)
11-21 00:39:14.708 I/WM-WorkerWrapper( 2334): 	at java.lang.Thread.run(Thread.java:923)
11-21 00:39:14.817 D/SettingsSDK::SyncHelper( 2334): Read setting com.facebook.wearable.sdk.selfcare:SELFCARE_SERVICE_ENABLED from persistent cache
11-21 00:39:14.817 D/FacebookRepository( 2334): Reading from Store [906581286488774]
11-21 00:39:14.844 E/SelfCareDataCloudSyncWorker( 2334): Failed to get access token
11-21 00:39:14.844 E/SelfCareDataCloudSyncWorker( 2334): kotlinx.coroutines.JobCancellationException: Job was cancelled; job=JobImpl{Cancelling}@fcec0bc
11-21 00:39:14.844 I/WM-WorkerWrapper( 2334): Work [ id=57f248e9-27c9-4baa-bcea-f98e3ece0d1a, tags={ com.facebook.wearable.system.selfcare.cloudsync.SelfCareDataCloudSyncWorker } ] was cancelled
11-21 00:39:14.844 I/WM-WorkerWrapper( 2334): java.util.concurrent.CancellationException: Task was cancelled.
11-21 00:39:14.844 I/WM-WorkerWrapper( 2334): 	at androidx.work.impl.utils.futures.AbstractFuture.getDoneValue(:32)
11-21 00:39:14.844 I/WM-WorkerWrapper( 2334): 	at androidx.work.impl.utils.futures.AbstractFuture.get(:268435546)
11-21 00:39:14.844 I/WM-WorkerWrapper( 2334): 	at androidx.work.impl.WorkerWrapper$2.run(:3)
11-21 00:39:14.844 I/WM-WorkerWrapper( 2334): 	at androidx.work.impl.utils.SerialExecutor$Task.run(:2)
11-21 00:39:14.844 I/WM-WorkerWrapper( 2334): 	at java.util.concurrent.ThreadPoolExecutor.runWorker(ThreadPoolExecutor.java:1167)
11-21 00:39:14.844 I/WM-WorkerWrapper( 2334): 	at java.util.concurrent.ThreadPoolExecutor$Worker.run(ThreadPoolExecutor.java:641)
11-21 00:39:14.844 I/WM-WorkerWrapper( 2334): 	at java.lang.Thread.run(Thread.java:923)
11-21 00:39:14.955 D/SettingsSDK::SyncHelper( 2334): Read setting com.facebook.wearable.sdk.selfcare:SELFCARE_SERVICE_ENABLED from persistent cache
11-21 00:39:14.956 D/FacebookRepository( 2334): Reading from Store [906581286488774]
11-21 00:39:14.988 E/SelfCareDataCloudSyncWorker( 2334): Failed to get access token
11-21 00:39:14.988 E/SelfCareDataCloudSyncWorker( 2334): kotlinx.coroutines.JobCancellationException: Job was cancelled; job=JobImpl{Cancelling}@25f63c1
11-21 00:39:14.988 I/WM-WorkerWrapper( 2334): Work [ id=57f248e9-27c9-4baa-bcea-f98e3ece0d1a, tags={ com.facebook.wearable.system.selfcare.cloudsync.SelfCareDataCloudSyncWorker } ] was cancelled
11-21 00:39:14.988 I/WM-WorkerWrapper( 2334): java.util.concurrent.CancellationException: Task was cancelled.
11-21 00:39:14.988 I/WM-WorkerWrapper( 2334): 	at androidx.work.impl.utils.futures.AbstractFuture.getDoneValue(:32)
11-21 00:39:14.988 I/WM-WorkerWrapper( 2334): 	at androidx.work.impl.utils.futures.AbstractFuture.get(:268435546)
11-21 00:39:14.988 I/WM-WorkerWrapper( 2334): 	at androidx.work.impl.WorkerWrapper$2.run(:3)
11-21 00:39:14.988 I/WM-WorkerWrapper( 2334): 	at androidx.work.impl.utils.SerialExecutor$Task.run(:2)
11-21 00:39:14.988 I/WM-WorkerWrapper( 2334): 	at java.util.concurrent.ThreadPoolExecutor.runWorker(ThreadPoolExecutor.java:1167)
11-21 00:39:14.988 I/WM-WorkerWrapper( 2334): 	at java.util.concurrent.ThreadPoolExecutor$Worker.run(ThreadPoolExecutor.java:641)
11-21 00:39:14.988 I/WM-WorkerWrapper( 2334): 	at java.lang.Thread.run(Thread.java:923)
11-21 00:39:15.107 D/SettingsSDK::SyncHelper( 2334): Read setting com.facebook.wearable.sdk.selfcare:SELFCARE_SERVICE_ENABLED from persistent cache
11-21 00:39:15.107 D/FacebookRepository( 2334): Reading from Store [906581286488774]
11-21 00:39:15.142 E/SelfCareDataCloudSyncWorker( 2334): Failed to get access token
11-21 00:39:15.142 E/SelfCareDataCloudSyncWorker( 2334): kotlinx.coroutines.JobCancellationException: Job was cancelled; job=JobImpl{Cancelling}@9d6e8c0
11-21 00:39:15.143 I/WM-WorkerWrapper( 2334): Work [ id=57f248e9-27c9-4baa-bcea-f98e3ece0d1a, tags={ com.facebook.wearable.system.selfcare.cloudsync.SelfCareDataCloudSyncWorker } ] was cancelled
11-21 00:39:15.143 I/WM-WorkerWrapper( 2334): java.util.concurrent.CancellationException: Task was cancelled.
11-21 00:39:15.143 I/WM-WorkerWrapper( 2334): 	at androidx.work.impl.utils.futures.AbstractFuture.getDoneValue(:32)
11-21 00:39:15.143 I/WM-WorkerWrapper( 2334): 	at androidx.work.impl.utils.futures.AbstractFuture.get(:268435546)
11-21 00:39:15.143 I/WM-WorkerWrapper( 2334): 	at androidx.work.impl.WorkerWrapper$2.run(:3)
11-21 00:39:15.143 I/WM-WorkerWrapper( 2334): 	at androidx.work.impl.utils.SerialExecutor$Task.run(:2)
11-21 00:39:15.143 I/WM-WorkerWrapper( 2334): 	at java.util.concurrent.ThreadPoolExecutor.runWorker(ThreadPoolExecutor.java:1167)
11-21 00:39:15.143 I/WM-WorkerWrapper( 2334): 	at java.util.concurrent.ThreadPoolExecutor$Worker.run(ThreadPoolExecutor.java:641)
11-21 00:39:15.143 I/WM-WorkerWrapper( 2334): 	at java.lang.Thread.run(Thread.java:923)
11-21 00:39:15.263 D/SettingsSDK::SyncHelper( 2334): Read setting com.facebook.wearable.sdk.selfcare:SELFCARE_SERVICE_ENABLED from persistent cache
11-21 00:39:15.263 D/FacebookRepository( 2334): Reading from Store [906581286488774]
11-21 00:39:15.300 I/WM-WorkerWrapper( 2334): Work [ id=57f248e9-27c9-4baa-bcea-f98e3ece0d1a, tags={ com.facebook.wearable.system.selfcare.cloudsync.SelfCareDataCloudSyncWorker } ] was cancelled
11-21 00:39:15.300 I/WM-WorkerWrapper( 2334): java.util.concurrent.CancellationException: Task was cancelled.
11-21 00:39:15.300 I/WM-WorkerWrapper( 2334): 	at androidx.work.impl.utils.futures.AbstractFuture.getDoneValue(:32)
11-21 00:39:15.300 I/WM-WorkerWrapper( 2334): 	at androidx.work.impl.utils.futures.AbstractFuture.get(:268435546)
11-21 00:39:15.300 I/WM-WorkerWrapper( 2334): 	at androidx.work.impl.WorkerWrapper$2.run(:3)
11-21 00:39:15.300 I/WM-WorkerWrapper( 2334): 	at androidx.work.impl.utils.SerialExecutor$Task.run(:2)
11-21 00:39:15.300 I/WM-WorkerWrapper( 2334): 	at java.util.concurrent.ThreadPoolExecutor.runWorker(ThreadPoolExecutor.java:1167)
11-21 00:39:15.300 I/WM-WorkerWrapper( 2334): 	at java.util.concurrent.ThreadPoolExecutor$Worker.run(ThreadPoolExecutor.java:641)
11-21 00:39:15.300 I/WM-WorkerWrapper( 2334): 	at java.lang.Thread.run(Thread.java:923)
11-21 00:39:15.301 E/SelfCareDataCloudSyncWorker( 2334): Failed to get access token
11-21 00:39:15.301 E/SelfCareDataCloudSyncWorker( 2334): kotlinx.coroutines.JobCancellationException: Job was cancelled; job=JobImpl{Cancelling}@240bf4a
11-21 00:39:15.389 D/mcu_health_checker( 1029): Sent MCU Health Request
11-21 00:39:15.390 D/commandrouter( 1006): SocServiceHandle::onServiceMessage, SoC Service = mcu_healthcheck_1029, appType = 1, type = SVC_REQ, clientId = 0, token = 3938, payloadLen = 12, result = 0, payload.size() = 12
11-21 00:39:15.393 D/commandrouter( 1006): mcu_healthcheck_1029 (1, merlot:mcu_health:control): <ServiceResponse> FORWARDED (remote -> local) CR token ID = 3938, service client ID = 40, token ID = 45203, result = 0
11-21 00:39:15.393 D/mcu_health_checker( 1029): MCU Health Response: MCU_OK
11-21 00:39:15.393 D/mcu_health_checker( 1029): MCU Session 0, uptime = 118200407 ms
11-21 00:39:15.393 D/mculinkhealth( 1029): isMcuReachable 1 (4 ms)
11-21 00:39:15.411 D/SettingsSDK::SyncHelper( 2334): Read setting com.facebook.wearable.sdk.selfcare:SELFCARE_SERVICE_ENABLED from persistent cache
11-21 00:39:15.411 D/FacebookRepository( 2334): Reading from Store [906581286488774]
11-21 00:39:15.449 E/SelfCareDataCloudSyncWorker( 2334): Failed to get access token
11-21 00:39:15.449 E/SelfCareDataCloudSyncWorker( 2334): kotlinx.coroutines.JobCancellationException: Job was cancelled; job=JobImpl{Cancelling}@5b35184
11-21 00:39:15.450 I/WM-WorkerWrapper( 2334): Work [ id=57f248e9-27c9-4baa-bcea-f98e3ece0d1a, tags={ com.facebook.wearable.system.selfcare.cloudsync.SelfCareDataCloudSyncWorker } ] was cancelled
11-21 00:39:15.450 I/WM-WorkerWrapper( 2334): java.util.concurrent.CancellationException: Task was cancelled.
11-21 00:39:15.450 I/WM-WorkerWrapper( 2334): 	at androidx.work.impl.utils.futures.AbstractFuture.getDoneValue(:32)
11-21 00:39:15.450 I/WM-WorkerWrapper( 2334): 	at androidx.work.impl.utils.futures.AbstractFuture.get(:268435546)
11-21 00:39:15.450 I/WM-WorkerWrapper( 2334): 	at androidx.work.impl.WorkerWrapper$2.run(:3)
11-21 00:39:15.450 I/WM-WorkerWrapper( 2334): 	at androidx.work.impl.utils.SerialExecutor$Task.run(:2)
11-21 00:39:15.450 I/WM-WorkerWrapper( 2334): 	at java.util.concurrent.ThreadPoolExecutor.runWorker(ThreadPoolExecutor.java:1167)
11-21 00:39:15.450 I/WM-WorkerWrapper( 2334): 	at java.util.concurrent.ThreadPoolExecutor$Worker.run(ThreadPoolExecutor.java:641)
11-21 00:39:15.450 I/WM-WorkerWrapper( 2334): 	at java.lang.Thread.run(Thread.java:923)
11-21 00:39:15.576 D/SettingsSDK::SyncHelper( 2334): Read setting com.facebook.wearable.sdk.selfcare:SELFCARE_SERVICE_ENABLED from persistent cache
11-21 00:39:15.576 D/FacebookRepository( 2334): Reading from Store [906581286488774]
11-21 00:39:15.609 E/SelfCareDataCloudSyncWorker( 2334): Failed to get access token
11-21 00:39:15.609 E/SelfCareDataCloudSyncWorker( 2334): kotlinx.coroutines.JobCancellationException: Job was cancelled; job=JobImpl{Cancelling}@8562369
11-21 00:39:15.609 I/WM-WorkerWrapper( 2334): Work [ id=57f248e9-27c9-4baa-bcea-f98e3ece0d1a, tags={ com.facebook.wearable.system.selfcare.cloudsync.SelfCareDataCloudSyncWorker } ] was cancelled
11-21 00:39:15.609 I/WM-WorkerWrapper( 2334): java.util.concurrent.CancellationException: Task was cancelled.
11-21 00:39:15.609 I/WM-WorkerWrapper( 2334): 	at androidx.work.impl.utils.futures.AbstractFuture.getDoneValue(:32)
11-21 00:39:15.609 I/WM-WorkerWrapper( 2334): 	at androidx.work.impl.utils.futures.AbstractFuture.get(:268435546)
11-21 00:39:15.609 I/WM-WorkerWrapper( 2334): 	at androidx.work.impl.WorkerWrapper$2.run(:3)
11-21 00:39:15.609 I/WM-WorkerWrapper( 2334): 	at androidx.work.impl.utils.SerialExecutor$Task.run(:2)
11-21 00:39:15.609 I/WM-WorkerWrapper( 2334): 	at java.util.concurrent.ThreadPoolExecutor.runWorker(ThreadPoolExecutor.java:1167)
11-21 00:39:15.609 I/WM-WorkerWrapper( 2334): 	at java.util.concurrent.ThreadPoolExecutor$Worker.run(ThreadPoolExecutor.java:641)
11-21 00:39:15.609 I/WM-WorkerWrapper( 2334): 	at java.lang.Thread.run(Thread.java:923)
11-21 00:39:15.739 D/UIAutomatorStub( 6483): URI: /jsonrpc/0, Method: POST, Header: {content-length=229, remote-addr=127.0.0.1, http-client-ip=127.0.0.1, host=localhost:9012, content-type=application/json, accept-encoding=identity}, params, {NanoHttpd.QUERY_STRING=null}, files: {postData={"jsonrpc": "2.0", "method": "objInfo", "id": "bd012723034600792124da75cec2a1d4", "params": [{"mask": 2097152, "childOrSibling": [], "childOrSiblingSelector": [], "resourceId": "com.facebook.wearable.system.settings:id/toggle"}]}}
11-21 00:39:15.739 D/SettingsSDK::SyncHelper( 2334): Read setting com.facebook.wearable.sdk.selfcare:SELFCARE_SERVICE_ENABLED from persistent cache
11-21 00:39:15.740 D/FacebookRepository( 2334): Reading from Store [906581286488774]
11-21 00:39:15.777 E/SelfCareDataCloudSyncWorker( 2334): Failed to get access token
11-21 00:39:15.777 E/SelfCareDataCloudSyncWorker( 2334): kotlinx.coroutines.JobCancellationException: Job was cancelled; job=JobImpl{Cancelling}@d941f08
11-21 00:39:15.777 I/WM-WorkerWrapper( 2334): Work [ id=57f248e9-27c9-4baa-bcea-f98e3ece0d1a, tags={ com.facebook.wearable.system.selfcare.cloudsync.SelfCareDataCloudSyncWorker } ] was cancelled
11-21 00:39:15.777 I/WM-WorkerWrapper( 2334): java.util.concurrent.CancellationException: Task was cancelled.
11-21 00:39:15.777 I/WM-WorkerWrapper( 2334): 	at androidx.work.impl.utils.futures.AbstractFuture.getDoneValue(:32)
11-21 00:39:15.777 I/WM-WorkerWrapper( 2334): 	at androidx.work.impl.utils.futures.AbstractFuture.get(:268435546)
11-21 00:39:15.777 I/WM-WorkerWrapper( 2334): 	at androidx.work.impl.WorkerWrapper$2.run(:3)
11-21 00:39:15.777 I/WM-WorkerWrapper( 2334): 	at androidx.work.impl.utils.SerialExecutor$Task.run(:2)
11-21 00:39:15.777 I/WM-WorkerWrapper( 2334): 	at java.util.concurrent.ThreadPoolExecutor.runWorker(ThreadPoolExecutor.java:1167)
11-21 00:39:15.777 I/WM-WorkerWrapper( 2334): 	at java.util.concurrent.ThreadPoolExecutor$Worker.run(ThreadPoolExecutor.java:641)
11-21 00:39:15.777 I/WM-WorkerWrapper( 2334): 	at java.lang.Thread.run(Thread.java:923)
11-21 00:39:15.841 D/UIAutomatorStub( 6483): URI: /jsonrpc/0, Method: POST, Header: {content-length=227, remote-addr=127.0.0.1, http-client-ip=127.0.0.1, host=localhost:9012, content-type=application/json, accept-encoding=identity}, params, {NanoHttpd.QUERY_STRING=null}, files: {postData={"jsonrpc": "2.0", "method": "click", "id": "0653b953ddf8b41108ce16254f354ef3", "params": [{"mask": 2097152, "childOrSibling": [], "childOrSiblingSelector": [], "resourceId": "com.facebook.wearable.system.settings:id/toggle"}]}}
11-21 00:39:15.904 D/SettingsSDK::SyncHelper( 2334): Read setting com.facebook.wearable.sdk.selfcare:SELFCARE_SERVICE_ENABLED from persistent cache
11-21 00:39:15.905 D/FacebookRepository( 2334): Reading from Store [906581286488774]
11-21 00:39:15.907 D/WifiSharingService( 2870): Setting Wi-Fi enabled state
11-21 00:39:15.909 I/WifiService( 1186): setWifiEnabled package=com.facebook.wearable.system.connectivity uid=1000 enable=false
11-21 00:39:15.915 D/QCNEJ/WlanStaInfoRelay( 1907): onChange for uri = content://settings/global/wifi_on
11-21 00:39:15.918 E/QMI_FW  (  915): qmi_cci_get_ref: ref count increased 2
11-21 00:39:15.919 D/mcu_health_checker(  934): Sent MCU Health Request
11-21 00:39:15.919 D/commandrouter( 1006): SocServiceHandle::onServiceMessage, SoC Service = mcu_healthcheck_934, appType = 1, type = SVC_REQ, clientId = 0, token = 1969, payloadLen = 20, result = 0, payload.size() = 20
11-21 00:39:15.929 D/WifiActiveModeWarden( 1186): Switching all client mode managers
11-21 00:39:15.932 D/AnalyticsLogger( 1186): sent events: 13
11-21 00:39:15.935 D/WifiP2pService( 1186): Wifi enabled=false, P2P Interface availability=true
11-21 00:39:15.936 D/BluetoothAdapterService( 1710): android.net.wifi.WIFI_STATE_CHANGED
11-21 00:39:15.939 D/WifiP2pNative( 1186): Teardown P2P interface
11-21 00:39:15.944 I/WM-WorkerWrapper( 2334): Work [ id=57f248e9-27c9-4baa-bcea-f98e3ece0d1a, tags={ com.facebook.wearable.system.selfcare.cloudsync.SelfCareDataCloudSyncWorker } ] was cancelled
11-21 00:39:15.944 I/WM-WorkerWrapper( 2334): java.util.concurrent.CancellationException: Task was cancelled.
11-21 00:39:15.944 I/WM-WorkerWrapper( 2334): 	at androidx.work.impl.utils.futures.AbstractFuture.getDoneValue(:32)
11-21 00:39:15.944 I/WM-WorkerWrapper( 2334): 	at androidx.work.impl.utils.futures.AbstractFuture.get(:268435546)
11-21 00:39:15.944 I/WM-WorkerWrapper( 2334): 	at androidx.work.impl.WorkerWrapper$2.run(:3)
11-21 00:39:15.944 I/WM-WorkerWrapper( 2334): 	at androidx.work.impl.utils.SerialExecutor$Task.run(:2)
11-21 00:39:15.944 I/WM-WorkerWrapper( 2334): 	at java.util.concurrent.ThreadPoolExecutor.runWorker(ThreadPoolExecutor.java:1167)
11-21 00:39:15.944 I/WM-WorkerWrapper( 2334): 	at java.util.concurrent.ThreadPoolExecutor$Worker.run(ThreadPoolExecutor.java:641)
11-21 00:39:15.944 I/WM-WorkerWrapper( 2334): 	at java.lang.Thread.run(Thread.java:923)
11-21 00:39:15.944 E/SelfCareDataCloudSyncWorker( 2334): Failed to get access token
11-21 00:39:15.944 E/SelfCareDataCloudSyncWorker( 2334): kotlinx.coroutines.JobCancellationException: Job was cancelled; job=JobImpl{Cancelling}@9d0352
11-21 00:39:15.951 D/commandrouter( 1006): mcu_healthcheck_934 (1, merlot:mcu_health:control): <ServiceResponse> FORWARDED (remote -> local) CR token ID = 1969, service client ID = 5, token ID = 45204, result = 0
11-21 00:39:15.952 D/mcu_health_checker(  934): MCU Health Response: MCU_OK
11-21 00:39:15.952 D/mcu_health_checker(  934): MCU Session 0, uptime = 118200935 ms
11-21 00:39:15.952 D/mcu_health_checker(  934): mSensorErrs[0]: 0
11-21 00:39:15.952 D/mcu_health_checker(  934): mSensorErrs[1]: 0
11-21 00:39:15.952 D/mcu_health_checker(  934): mSensorErrs[2]: 0
11-21 00:39:15.956 D/WifiP2pService( 1186): Wifi enabled=false, P2P Interface availability=true
11-21 00:39:15.968 W/ContextImpl( 1186): Calling a method in the system process without a qualified user: android.app.ContextImpl.sendBroadcastMultiplePermissions:1143 android.content.Context.sendBroadcastWithMultiplePermissions:2150 com.android.server.display.WifiDisplayAdapter.handleSendStatusChangeBroadcast:440 com.android.server.display.WifiDisplayAdapter.access$1700:63 com.android.server.display.WifiDisplayAdapter$WifiDisplayHandler.handleMessage:675 
11-21 00:39:15.980 D/WifiClientModeManager0( 1186): IMS not registered over IWLAN for subId: 1
11-21 00:39:15.980 D/WifiClientModeManager0( 1186): The target role 5
11-21 00:39:15.988 W/HWComposer(  598): Ignoring duplicate VSYNC event from HWC for display 0 (t=118243713833173)
11-21 00:39:15.990 I/wpa_supplicant(10162): p2p0: Do not deauthenticate as part of interface deinit since WoWLAN is enabled
11-21 00:39:16.034 E/wpa_supplicant(10162): eap_proxy: pthread_join on eap_proxy=0xe6cbfa8
11-21 00:39:16.038 E/wpa_supplicant(10162): eap_proxy: session not started for client = 1
11-21 00:39:16.038 E/QMI_FW  (10162): qmi_cci_get_ref: ref count increased 2
11-21 00:39:16.038 E/QMI_FW  (10162): qmi_cci_get_ref: ref count increased 2
11-21 00:39:16.039 E/wpa_supplicant(10162): eap_proxy: Released QMI UIM service client
11-21 00:39:16.039 E/QMI_FW  (10162): qmi_cci_get_ref: ref count increased 2
11-21 00:39:16.039 E/QMI_FW  (10162): qmi_cci_get_ref: ref count increased 2
11-21 00:39:16.039 E/wpa_supplicant(10162): eap_proxy: Released QMI EAP service client
11-21 00:39:16.039 E/wpa_supplicant(10162): eap_proxy: session not started for client = 2
11-21 00:39:16.039 E/QMI_FW  (10162): qmi_cci_get_ref: ref count increased 2
11-21 00:39:16.039 E/QMI_FW  (10162): qmi_cci_get_ref: ref count increased 2
11-21 00:39:16.042 E/wpa_supplicant(10162): eap_proxy: Released QMI UIM service client
11-21 00:39:16.043 E/QMI_FW  (10162): qmi_cci_get_ref: ref count increased 2
11-21 00:39:16.043 E/QMI_FW  (10162): qmi_cci_get_ref: ref count increased 2
11-21 00:39:16.043 E/wpa_supplicant(10162): eap_proxy: Released QMI EAP service client
11-21 00:39:16.043 I/wpa_supplicant(10162): eap_proxy: eap_proxy Deinitialzed
11-21 00:39:16.088 I/wpa_supplicant(10162): nl80211: deinit ifname=p2p0 disabled_11b_rates=0
11-21 00:39:16.103 D/SettingsSDK::SyncHelper( 2334): Read setting com.facebook.wearable.sdk.selfcare:SELFCARE_SERVICE_ENABLED from persistent cache
11-21 00:39:16.103 D/FacebookRepository( 2334): Reading from Store [906581286488774]
11-21 00:39:16.137 E/SelfCareDataCloudSyncWorker( 2334): Failed to get access token
11-21 00:39:16.137 E/SelfCareDataCloudSyncWorker( 2334): kotlinx.coroutines.JobCancellationException: Job was cancelled; job=JobImpl{Cancelling}@770354c
11-21 00:39:16.137 I/WM-WorkerWrapper( 2334): Work [ id=57f248e9-27c9-4baa-bcea-f98e3ece0d1a, tags={ com.facebook.wearable.system.selfcare.cloudsync.SelfCareDataCloudSyncWorker } ] was cancelled
11-21 00:39:16.137 I/WM-WorkerWrapper( 2334): java.util.concurrent.CancellationException: Task was cancelled.
11-21 00:39:16.137 I/WM-WorkerWrapper( 2334): 	at androidx.work.impl.utils.futures.AbstractFuture.getDoneValue(:32)
11-21 00:39:16.137 I/WM-WorkerWrapper( 2334): 	at androidx.work.impl.utils.futures.AbstractFuture.get(:268435546)
11-21 00:39:16.137 I/WM-WorkerWrapper( 2334): 	at androidx.work.impl.WorkerWrapper$2.run(:3)
11-21 00:39:16.137 I/WM-WorkerWrapper( 2334): 	at androidx.work.impl.utils.SerialExecutor$Task.run(:2)
11-21 00:39:16.137 I/WM-WorkerWrapper( 2334): 	at java.util.concurrent.ThreadPoolExecutor.runWorker(ThreadPoolExecutor.java:1167)
11-21 00:39:16.137 I/WM-WorkerWrapper( 2334): 	at java.util.concurrent.ThreadPoolExecutor$Worker.run(ThreadPoolExecutor.java:641)
11-21 00:39:16.137 I/WM-WorkerWrapper( 2334): 	at java.lang.Thread.run(Thread.java:923)
11-21 00:39:16.145 D/LOWI-9.0.0.80( 1026): [LOWINetlinkSocketReceiver] unpackRTMLinkMessage: RTM_NEWLINK - ifname p2p0, flags 0x1003 ([UP])
11-21 00:39:16.171 D/LOWI-9.0.0.80( 1026): [LOWINetlinkSocketReceiver] unpackRTMLinkMessage: RTM_NEWLINK - ifname p2p0, flags 0x1002 ()
11-21 00:39:16.171 D/LOWI-9.0.0.80( 1026): [LOWINetlinkSocketReceiver] unpackRTMLinkMessage: RTM_NEWLINK - ifname p2p0, flags 0x1002 ()
11-21 00:39:16.177 I/wpa_supplicant(10162): Try to unregister vendor p2 interface
11-21 00:39:16.185 I/WifiP2pNative( 1186): P2P interface teardown completed
11-21 00:39:16.185 I/android_os_HwBinder( 1186): HwBinder: Starting thread pool for getting: android.hardware.wifi.supplicant@1.0::ISupplicant/default
11-21 00:39:16.186 D/WifiP2pNative( 1186): P2P InterfaceDestroyedListener p2p0
11-21 00:39:16.186 D/WifiP2pNative( 1186): Ignoring stale interface destroyed listener
11-21 00:39:16.187 I/wpa_supplicant(10162): wlan0: Do not deauthenticate as part of interface deinit since WoWLAN is enabled
11-21 00:39:16.188 D/WifiP2pNative( 1186): P2P InterfaceAvailableListener true
11-21 00:39:16.188 D/WifiP2pService( 1186): Wifi enabled=false, P2P Interface availability=true
11-21 00:39:16.234 I/wpa_supplicant(10162): Try to unregister vendor STA network
11-21 00:39:16.234 E/wpa_supplicant(10162): eap_proxy: pthread_join on eap_proxy=0xe6cbeac
11-21 00:39:16.234 E/wpa_supplicant(10162): eap_proxy: session not started for client = 1
11-21 00:39:16.235 E/QMI_FW  (10162): qmi_cci_get_ref: ref count increased 2
11-21 00:39:16.235 E/QMI_FW  (10162): qmi_cci_get_ref: ref count increased 2
11-21 00:39:16.236 E/wpa_supplicant(10162): eap_proxy: Released QMI UIM service client
11-21 00:39:16.236 E/QMI_FW  (10162): qmi_cci_get_ref: ref count increased 2
11-21 00:39:16.236 E/QMI_FW  (10162): qmi_cci_get_ref: ref count increased 2
11-21 00:39:16.238 E/wpa_supplicant(10162): eap_proxy: Released QMI EAP service client
11-21 00:39:16.238 E/wpa_supplicant(10162): eap_proxy: session not started for client = 2
11-21 00:39:16.238 E/QMI_FW  (10162): qmi_cci_get_ref: ref count increased 2
11-21 00:39:16.238 E/QMI_FW  (10162): qmi_cci_get_ref: ref count increased 2
11-21 00:39:16.240 E/wpa_supplicant(10162): eap_proxy: Released QMI UIM service client
11-21 00:39:16.240 E/QMI_FW  (10162): qmi_cci_get_ref: ref count increased 2
11-21 00:39:16.240 E/QMI_FW  (10162): qmi_cci_get_ref: ref count increased 2
11-21 00:39:16.244 E/wpa_supplicant(10162): eap_proxy: Released QMI EAP service client
11-21 00:39:16.244 I/wpa_supplicant(10162): eap_proxy: eap_proxy Deinitialzed
11-21 00:39:16.269 D/SettingsSDK::SyncHelper( 2334): Read setting com.facebook.wearable.sdk.selfcare:SELFCARE_SERVICE_ENABLED from persistent cache
11-21 00:39:16.270 D/FacebookRepository( 2334): Reading from Store [906581286488774]
11-21 00:39:16.285 I/wpa_supplicant(10162): nl80211: deinit ifname=wlan0 disabled_11b_rates=0
11-21 00:39:16.305 E/SelfCareDataCloudSyncWorker( 2334): Failed to get access token
11-21 00:39:16.305 E/SelfCareDataCloudSyncWorker( 2334): kotlinx.coroutines.JobCancellationException: Job was cancelled; job=JobImpl{Cancelling}@1afc776
11-21 00:39:16.305 I/WM-WorkerWrapper( 2334): Work [ id=57f248e9-27c9-4baa-bcea-f98e3ece0d1a, tags={ com.facebook.wearable.system.selfcare.cloudsync.SelfCareDataCloudSyncWorker } ] was cancelled
11-21 00:39:16.305 I/WM-WorkerWrapper( 2334): java.util.concurrent.CancellationException: Task was cancelled.
11-21 00:39:16.305 I/WM-WorkerWrapper( 2334): 	at androidx.work.impl.utils.futures.AbstractFuture.getDoneValue(:32)
11-21 00:39:16.305 I/WM-WorkerWrapper( 2334): 	at androidx.work.impl.utils.futures.AbstractFuture.get(:268435546)
11-21 00:39:16.305 I/WM-WorkerWrapper( 2334): 	at androidx.work.impl.WorkerWrapper$2.run(:3)
