--------- beginning of system
11-20 19:57:52.647 D/commandrouter( 1117): rtc_sync (1, rtc:sync): <ServiceRequest> FORWARDED (remote -> local) service client ID = 0, token ID = 42905
11-20 19:57:52.647 D/commandrouter( 1117): SocServiceHandle::onServiceMessage, SoC Service = rtc_sync, appType = 1, type = SVC_RESP, clientId = 0, token = 42905, payloadLen = 8, result = 0, payload.size() = 8
11-20 19:57:53.628 I/chatty  ( 1194): uid=1000(system) android.ui expire 12 lines
11-20 19:58:01.131 I/chatty  ( 1194): uid=1000(system) Binder:1194_1E expire 1 line
11-20 19:58:01.249 I/chatty  ( 1194): uid=1000(system) Binder:1194_11 expire 3 lines
11-20 19:58:02.637 I/chatty  ( 1117): uid=1000(system) /vendor/bin/commandrouter expire 10 lines
11-20 19:58:02.638 I/chatty  ( 1117): uid=1000(system) HwBinder:1117_2 expire 10 lines
11-20 19:58:05.363 I/chatty  ( 1194): uid=1000(system) LazyTaskWriterT expire 10 lines
11-20 19:58:09.166 I/chatty  ( 1194): uid=1000(system) Binder:1194_7 expire 4 lines
11-20 19:58:10.083 I/chatty  ( 1194): uid=1000(system) DeviceStorageMo expire 10 lines
11-20 19:58:11.258 I/chatty  ( 1117): uid=1000(system) HwBinder:1117_9 expire 10 lines
11-20 19:58:11.261 D/mculinkhealth( 1118): isMcuReachable 1 (4 ms)
11-20 19:58:16.090 I/chatty  ( 1194): uid=1000(system) android.display expire 10 lines
11-20 19:58:17.049 I/chatty  ( 1194): uid=1000(system) WifiP2pService expire 10 lines
11-20 19:58:17.054 I/chatty  ( 1194): uid=1000(system) ActivityManager expire 10 lines
11-20 19:58:17.507 I/chatty  ( 1117): uid=1000(system) HwBinder:1117_1 expire 6 lines
11-20 19:58:19.078 I/chatty  ( 1194): uid=1000(system) WifiHandlerThre expire 10 lines
11-20 19:58:19.315 W/wificond(  906): Scan is not started. Ignore abort request
11-20 19:58:20.072 I/chatty  ( 1194): uid=1000(system) ConnectivitySer expire 34 lines
11-20 19:58:21.655 E/NetlinkEvent(  459): NetlinkEvent::FindParam(): Parameter 'INTERFACE' not found
11-20 19:58:21.655 E/NetlinkEvent(  459): NetlinkEvent::FindParam(): Parameter 'STATE' not found
11-20 19:58:21.655 E/NetlinkEvent(  459): NetlinkEvent::FindParam(): Parameter 'TIME_NS' not found
11-20 19:58:21.655 E/NetlinkEvent(  459): NetlinkEvent::FindParam(): Parameter 'UID' not found
11-20 19:58:21.884 I/chatty  ( 1194): uid=1000(system) android.fg expire 11 lines
11-20 19:58:21.979 I/chatty  ( 1194): uid=1000 system_server expire 4 lines
11-20 19:58:21.980 I/chatty  ( 1194): uid=1000(system) ActivityManager expire 26 lines
11-20 19:58:24.203 I/chatty  ( 1194): uid=1000(system) Binder:1194_13 expire 5 lines
11-20 19:58:24.740 I/chatty  ( 1194): uid=1000(system) Binder:1194_E expire 6 lines
11-20 19:58:25.098 I/chatty  ( 1194): uid=1000(system) Binder:1194_1D expire 2 lines
11-20 19:58:26.022 E/SystemConfig(15865): SystemConfig is being accessed by a process other than system_server.
11-20 19:58:26.034 I/SystemConfig(15865): Reading permissions from /system/etc/sysconfig/preinstalled-packages-platform.xml
11-20 19:58:26.041 I/SystemConfig(15865): Reading permissions from /system/etc/sysconfig/qti_whitelist.xml
11-20 19:58:26.044 I/SystemConfig(15865): Reading permissions from /system/etc/sysconfig/hiddenapi-package-whitelist.xml
11-20 19:58:26.050 I/chatty  ( 1194): uid=1000 system_server expire 2 lines
11-20 19:58:26.058 I/SystemConfig(15865): Reading permissions from /system/etc/sysconfig/framework-sysconfig.xml
11-20 19:58:26.062 I/SystemConfig(15865): Reading permissions from /system/etc/permissions/com.facebook.mos.sdk.mfi.xml
11-20 19:58:26.064 I/SystemConfig(15865): Reading permissions from /system/etc/permissions/oculus.hardware.standalone_vr.xml
11-20 19:58:26.066 I/SystemConfig(15865): Reading permissions from /system/etc/permissions/android.test.mock.xml
11-20 19:58:26.068 I/SystemConfig(15865): Reading permissions from /system/etc/permissions/privapp-permissions-platform.xml
11-20 19:58:26.076 I/SystemConfig(15865): Reading permissions from /system/etc/permissions/com.facebook.mos.sdk.wifictl.xml
11-20 19:58:26.078 I/SystemConfig(15865): Reading permissions from /system/etc/permissions/android.hardware.opengles.aep.xml
11-20 19:58:26.080 I/SystemConfig(15865): Reading permissions from /system/etc/permissions/android.hardware.sensor.proximity.xml
11-20 19:58:26.082 I/SystemConfig(15865): Reading permissions from /system/etc/permissions/com.facebook.mos.sdk.calling.xml
11-20 19:58:26.083 I/SystemConfig(15865): Reading permissions from /system/etc/permissions/privapp-permissions-qti-wearable.xml
11-20 19:58:26.087 I/SystemConfig(15865): Reading permissions from /system/etc/permissions/android.hardware.audio.low_latency.xml
11-20 19:58:26.089 I/SystemConfig(15865): Reading permissions from /system/etc/permissions/android.hardware.bluetooth_le.xml
11-20 19:58:26.091 I/SystemConfig(15865): Reading permissions from /system/etc/permissions/android.hardware.vulkan.level-0.xml
11-20 19:58:26.094 I/SystemConfig(15865): Reading permissions from /system/etc/permissions/handheld_core_hardware.xml
11-20 19:58:26.099 I/SystemConfig(15865): Reading permissions from /system/etc/permissions/org.apache.http.legacy.xml
11-20 19:58:26.101 I/SystemConfig(15865): Reading permissions from /system/etc/permissions/com.android.location.provider.xml
11-20 19:58:26.104 I/SystemConfig(15865): Reading permissions from /system/etc/permissions/com.facebook.wearable.apps.sdk.xml
11-20 19:58:26.106 I/SystemConfig(15865): Reading permissions from /system/etc/permissions/com.android.mediadrm.signer.xml
11-20 19:58:26.108 I/SystemConfig(15865): Reading permissions from /system/etc/permissions/wearable_core_hardware.xml
11-20 19:58:26.110 I/SystemConfig(15865): Reading permissions from /system/etc/permissions/backup.xml
11-20 19:58:26.111 I/SystemConfig(15865): Reading permissions from /system/etc/permissions/privapp-permissions-qti.xml
11-20 19:58:26.116 I/SystemConfig(15865): Reading permissions from /system/etc/permissions/javax.obex.xml
11-20 19:58:26.118 I/SystemConfig(15865): Reading permissions from /system/etc/permissions/android.hardware.vulkan.version-1_0_3.xml
11-20 19:58:26.121 I/SystemConfig(15865): Reading permissions from /system/etc/permissions/com.android.documentsui.xml
11-20 19:58:26.124 I/SystemConfig(15865): Reading permissions from /system/etc/permissions/android.hardware.sensor.stepdetector.xml
11-20 19:58:26.127 I/SystemConfig(15865): Reading permissions from /system/etc/permissions/libWirelessInsight-shared.xml
11-20 19:58:26.132 I/SystemConfig(15865): Reading permissions from /system/etc/permissions/qwcontextualmodelib.xml
11-20 19:58:26.134 I/SystemConfig(15865): Reading permissions from /system/etc/permissions/android.hardware.sensor.compass.xml
11-20 19:58:26.136 I/SystemConfig(15865): Reading permissions from /system/etc/permissions/android.hardware.wifi.direct.xml
11-20 19:58:26.138 I/SystemConfig(15865): Reading permissions from /system/etc/permissions/android.hardware.camera.autofocus.xml
11-20 19:58:26.140 I/SystemConfig(15865): Reading permissions from /system/etc/permissions/android.hardware.sensor.stepcounter.xml
11-20 19:58:26.142 I/SystemConfig(15865): Reading permissions from /system/etc/permissions/android.software.webview.xml
11-20 19:58:26.144 I/SystemConfig(15865): Reading permissions from /system/etc/permissions/android.hardware.sensor.accelerometer.xml
11-20 19:58:26.146 I/SystemConfig(15865): Reading permissions from /system/etc/permissions/android.hardware.bluetooth.xml
11-20 19:58:26.148 I/SystemConfig(15865): Reading permissions from /system/etc/permissions/com.android.future.usb.accessory.xml
11-20 19:58:26.149 I/SystemConfig(15865): Reading permissions from /system/etc/permissions/android.test.base.xml
11-20 19:58:26.155 I/SystemConfig(15865): Reading permissions from /system/etc/permissions/android.software.live_wallpaper.xml
11-20 19:58:26.160 I/SystemConfig(15865): Reading permissions from /system/etc/permissions/com.google.android.wearable.xml
11-20 19:58:26.162 I/SystemConfig(15865): Reading permissions from /system/etc/permissions/android.hardware.audio.pro.xml
11-20 19:58:26.165 I/SystemConfig(15865): Reading permissions from /system/etc/permissions/com.android.media.remotedisplay.xml
11-20 19:58:26.168 I/SystemConfig(15865): Reading permissions from /system/etc/permissions/android.test.runner.xml
11-20 19:58:26.171 I/SystemConfig(15865): Reading permissions from /system/etc/permissions/android.software.sip.voip.xml
11-20 19:58:26.173 I/SystemConfig(15865): Reading permissions from /system/etc/permissions/com.facebook.mos.sdk.btctl.xml
11-20 19:58:26.179 I/SystemConfig(15865): Reading permissions from /system/etc/permissions/privapp-permissions-mos.xml
11-20 19:58:26.185 I/SystemConfig(15865): Reading permissions from /system/etc/permissions/android.software.verified_boot.xml
11-20 19:58:26.187 I/SystemConfig(15865): Reading permissions from /system/etc/permissions/android.hardware.wifi.xml
11-20 19:58:26.189 I/SystemConfig(15865): Reading permissions from /system/etc/permissions/platform.xml
11-20 19:58:26.198 I/SystemConfig(15865): Reading permissions from /vendor/etc/permissions/android.hardware.wifi.direct.xml
11-20 19:58:26.199 I/SystemConfig(15865): Reading permissions from /vendor/etc/permissions/android.hardware.light.xml
11-20 19:58:26.202 I/SystemConfig(15865): Reading permissions from /vendor/etc/permissions/android.software.sip.voip.xml
11-20 19:58:26.207 I/SystemConfig(15865): Reading permissions from /vendor/etc/permissions/android.hardware.sensor.stepdetector.xml
11-20 19:58:26.210 I/SystemConfig(15865): Reading permissions from /vendor/etc/permissions/android.hardware.opengles.aep.xml
11-20 19:58:26.214 I/SystemConfig(15865): Reading permissions from /vendor/etc/permissions/android.hardware.telephony.ims.xml
11-20 19:58:26.216 I/SystemConfig(15865): Reading permissions from /vendor/etc/permissions/android.hardware.camera.flash-autofocus.xml
11-20 19:58:26.218 I/SystemConfig(15865): Reading permissions from /vendor/etc/permissions/android.software.device_id_attestation.xml
11-20 19:58:26.219 I/SystemConfig(15865): Reading permissions from /vendor/etc/permissions/android.hardware.camera.full.xml
11-20 19:58:26.221 I/SystemConfig(15865): Reading permissions from /vendor/etc/permissions/android.hardware.vulkan.level-0.xml
11-20 19:58:26.225 I/SystemConfig(15865): Reading permissions from /vendor/etc/permissions/android.hardware.touchscreen.multitouch.jazzhand.xml
11-20 19:58:26.227 I/SystemConfig(15865): Reading permissions from /vendor/etc/permissions/android.hardware.telephony.cdma.xml
11-20 19:58:26.228 I/SystemConfig(15865): Reading permissions from /vendor/etc/permissions/android.hardware.sensor.hifi_sensors.xml
11-20 19:58:26.231 I/SystemConfig(15865): Reading permissions from /vendor/etc/permissions/android.hardware.nfc.hce.xml
11-20 19:58:26.233 I/SystemConfig(15865): Reading permissions from /vendor/etc/permissions/vendor-qti-hardware-sensorscalibrate.xml
11-20 19:58:26.234 I/SystemConfig(15865): Reading permissions from /vendor/etc/permissions/android.hardware.location.gps.xml
11-20 19:58:26.239 I/SystemConfig(15865): Reading permissions from /vendor/etc/permissions/vendor.qti.hardware.factory.xml
11-20 19:58:26.245 I/SystemConfig(15865): Reading permissions from /vendor/etc/permissions/android.hardware.camera.raw.xml
11-20 19:58:26.247 I/SystemConfig(15865): Reading permissions from /vendor/etc/permissions/android.hardware.sensor.compass.xml
11-20 19:58:26.250 I/SystemConfig(15865): Reading permissions from /vendor/etc/permissions/android.software.vulkan.deqp.level.xml
11-20 19:58:26.253 I/SystemConfig(15865): Reading permissions from /vendor/etc/permissions/android.hardware.camera.front.xml
11-20 19:58:26.255 I/SystemConfig(15865): Reading permissions from /vendor/etc/permissions/android.hardware.sensor.accelerometer.xml
11-20 19:58:26.257 I/SystemConfig(15865): Reading permissions from /vendor/etc/permissions/android.hardware.telephony.gsm.xml
11-20 19:58:26.260 I/SystemConfig(15865): Reading permissions from /vendor/etc/permissions/android.hardware.sensor.light.xml
11-20 19:58:26.262 I/SystemConfig(15865): Reading permissions from /vendor/etc/permissions/android.software.ipsec_tunnels.xml
11-20 19:58:26.264 I/SystemConfig(15865): Reading permissions from /vendor/etc/permissions/android.hardware.bluetooth.xml
11-20 19:58:26.265 I/SystemConfig(15865): Reading permissions from /vendor/etc/permissions/android.hardware.sensor.stepcounter.xml
11-20 19:58:26.267 I/SystemConfig(15865): Reading permissions from /vendor/etc/permissions/android.hardware.nfc.xml
11-20 19:58:26.269 I/SystemConfig(15865): Reading permissions from /vendor/etc/permissions/com.facebook.mos.sdk.devicecert.xml
11-20 19:58:26.271 I/SystemConfig(15865): Reading permissions from /vendor/etc/permissions/android.hardware.se.omapi.uicc.xml
11-20 19:58:26.273 I/SystemConfig(15865): Reading permissions from /vendor/etc/permissions/com.nxp.mifare.xml
11-20 19:58:26.274 I/SystemConfig(15865): Reading permissions from /vendor/etc/permissions/android.software.verified_boot.xml
11-20 19:58:26.276 I/SystemConfig(15865): Reading permissions from /vendor/etc/permissions/android.hardware.bluetooth_le.xml
11-20 19:58:26.279 I/SystemConfig(15865): Reading permissions from /vendor/etc/permissions/handheld_core_hardware.xml
11-20 19:58:26.281 I/SystemConfig(15865): Reading permissions from /vendor/etc/permissions/android.hardware.wifi.passpoint.xml
11-20 19:58:26.285 I/SystemConfig(15865): Reading permissions from /vendor/etc/permissions/android.hardware.vulkan.version-1_1.xml
11-20 19:58:26.287 I/SystemConfig(15865): Reading permissions from /vendor/etc/permissions/android.hardware.vulkan.compute-0.xml
11-20 19:58:26.290 I/SystemConfig(15865): Reading permissions from /vendor/etc/permissions/android.hardware.sensor.barometer.xml
11-20 19:58:26.292 I/SystemConfig(15865): Reading permissions from /vendor/etc/permissions/android.hardware.sensor.gyroscope.xml
11-20 19:58:26.294 I/SystemConfig(15865): Reading permissions from /vendor/etc/permissions/android.hardware.vulkan.level-1.xml
11-20 19:58:26.295 I/SystemConfig(15865): Reading permissions from /vendor/etc/permissions/android.hardware.wifi.xml
11-20 19:58:26.297 I/SystemConfig(15865): Reading permissions from /vendor/etc/permissions/android.hardware.nfc.hcef.xml
11-20 19:58:26.299 I/SystemConfig(15865): Reading permissions from /vendor/etc/permissions/android.hardware.sensor.proximity.xml
11-20 19:58:26.308 I/SystemConfig(15865): Reading permissions from /product/etc/sysconfig/preinstalled-packages-platform-handheld-product.xml
11-20 19:58:26.310 I/SystemConfig(15865): Reading permissions from /product/etc/sysconfig/preinstalled-packages-platform-overlays.xml
11-20 19:58:26.313 I/SystemConfig(15865): Reading permissions from /product/etc/permissions/com.android.settings.intelligence.xml
11-20 19:58:26.315 I/SystemConfig(15865): Reading permissions from /product/etc/permissions/vendor.qti.hardware.data.connection-V1.1-java.xml
11-20 19:58:26.316 I/SystemConfig(15865): Reading permissions from /product/etc/permissions/com.facebook.wearable.systemresource.xml
11-20 19:58:26.318 I/SystemConfig(15865): Reading permissions from /product/etc/permissions/telephony_product_privapp-permissions-qti.xml
11-20 19:58:26.319 I/SystemConfig(15865): Reading permissions from /product/etc/permissions/ims_ext_common.xml
11-20 19:58:26.321 I/SystemConfig(15865): Reading permissions from /product/etc/permissions/com.facebook.wearable.system_resource_service.xml
11-20 19:58:26.322 I/SystemConfig(15865): Reading permissions from /product/etc/permissions/vendor.qti.hardware.data.connection-V1.0-java.xml
11-20 19:58:26.325 W/SystemConfig(15865): No directory /system_ext/etc/sysconfig, skipping
11-20 19:58:26.327 I/SystemConfig(15865): Reading permissions from /system_ext/etc/permissions/qti_permissions.xml
11-20 19:58:26.331 I/SystemConfig(15865): Reading permissions from /system_ext/etc/permissions/audiosphere.xml
11-20 19:58:26.333 I/SystemConfig(15865): Reading permissions from /system_ext/etc/permissions/telephonyservice.xml
11-20 19:58:26.335 I/SystemConfig(15865): Reading permissions from /system_ext/etc/permissions/com.android.carrierconfig.xml
11-20 19:58:26.347 I/SystemConfig(15865): Reading permissions from /system_ext/etc/permissions/com.qualcomm.qti.izattools.xml
11-20 19:58:26.348 I/SystemConfig(15865): Reading permissions from /system_ext/etc/permissions/qti_libpermissions.xml
11-20 19:58:26.350 I/SystemConfig(15865): Reading permissions from /system_ext/etc/permissions/qti_telephony_hidl_wrapper.xml
11-20 19:58:26.353 I/SystemConfig(15865): Reading permissions from /system_ext/etc/permissions/com.qualcomm.qmapbridge.xml
11-20 19:58:26.354 I/SystemConfig(15865): Reading permissions from /system_ext/etc/permissions/izat.xt.srv.xml
11-20 19:58:26.356 I/SystemConfig(15865): Reading permissions from /system_ext/etc/permissions/com.qualcomm.qti.imscmservice-V2.2-java.xml
11-20 19:58:26.357 I/SystemConfig(15865): Reading permissions from /system_ext/etc/permissions/com.android.cellbroadcastreceiver.xml
11-20 19:58:26.360 I/SystemConfig(15865): Reading permissions from /system_ext/etc/permissions/com.android.settings.xml
11-20 19:58:26.363 I/SystemConfig(15865): Reading permissions from /system_ext/etc/permissions/com.android.emergency.xml
11-20 19:58:26.367 I/SystemConfig(15865): Reading permissions from /system_ext/etc/permissions/telephony_system-ext_privapp-permissions-qti.xml
11-20 19:58:26.369 I/SystemConfig(15865): Reading permissions from /system_ext/etc/permissions/com.qualcomm.qti.imscmservice-V2.0-java.xml
11-20 19:58:26.371 I/SystemConfig(15865): Reading permissions from /system_ext/etc/permissions/com.android.systemui.xml
11-20 19:58:26.374 I/SystemConfig(15865): Reading permissions from /system_ext/etc/permissions/com.qualcomm.qti.imscmservice.xml
11-20 19:58:26.375 I/SystemConfig(15865): Reading permissions from /system_ext/etc/permissions/qcrilhook.xml
11-20 19:58:26.377 I/SystemConfig(15865): Reading permissions from /system_ext/etc/permissions/com.qti.media.secureprocessor.xml
11-20 19:58:26.379 I/SystemConfig(15865): Reading permissions from /system_ext/etc/permissions/embms.xml
11-20 19:58:26.381 I/SystemConfig(15865): Reading permissions from /system_ext/etc/permissions/com.android.storagemanager.xml
11-20 19:58:26.383 I/SystemConfig(15865): Reading permissions from /system_ext/etc/permissions/qti_telephony_utils.xml
11-20 19:58:26.385 I/SystemConfig(15865): Reading permissions from /system_ext/etc/permissions/com.qualcomm.qti.imscmservice-V2.1-java.xml
11-20 19:58:26.387 D/SystemConfig(15865): readAllPermissions took to complete: 357ms
11-20 19:58:26.397 E/SystemConfig(15865): SystemConfig is being accessed by a process other than system_server.
11-20 19:58:26.410 I/chatty  ( 1194): uid=1000 system_server expire 2 lines
11-20 19:58:26.726 I/chatty  ( 1194): uid=1000(system) Binder:1194_2 expire 13 lines
11-20 19:58:29.478 I/chatty  ( 1194): uid=1000(system) android.ui expire 12 lines
11-20 19:58:37.140 I/chatty  ( 1194): uid=1000(system) Binder:1194_8 expire 1 line
11-20 19:58:37.264 I/chatty  ( 1194): uid=1000(system) Binder:1194_6 expire 7 lines
11-20 19:58:41.266 D/mculinkhealth( 1118): isMcuReachable 1 (3 ms)
11-20 19:58:51.648 I/chatty  ( 1194): uid=1000(system) ConnectivitySer expire 41 lines
11-20 19:59:01.350 I/chatty  ( 1194): uid=1000 system_server expire 1 line
11-20 19:59:11.273 I/chatty  ( 1117): uid=1000(system) /vendor/bin/commandrouter expire 11 lines
11-20 19:59:11.273 D/mculinkhealth( 1118): isMcuReachable 1 (6 ms)
11-20 19:59:17.293 I/McuTransferService( 2004): Request with notification:indicator:update_request type was scheduled to sent to notification:indicator:update
11-20 19:59:17.548 I/McuTransferService( 2004): Request with notification:indicator:update_request type was sent to notification:indicator:update
11-20 19:59:17.549 I/chatty  ( 1117): uid=1000(system) HwBinder:1117_9 expire 1 line
11-20 19:59:17.606 D/McuTransferService( 2004): get response for request notification:indicator:update_request, response type notification:indicator:update_response
11-20 19:59:17.724 D/McuTransferService( 2004): Sent response data back for request notification:indicator:update_request
11-20 19:59:17.724 D/McuTransferService( 2004): done processing response
11-20 19:59:17.801 E/NetlinkEvent(  459): NetlinkEvent::FindParam(): Parameter 'INTERFACE' not found
11-20 19:59:17.802 E/NetlinkEvent(  459): NetlinkEvent::FindParam(): Parameter 'STATE' not found
11-20 19:59:17.802 E/NetlinkEvent(  459): NetlinkEvent::FindParam(): Parameter 'TIME_NS' not found
11-20 19:59:17.802 E/NetlinkEvent(  459): NetlinkEvent::FindParam(): Parameter 'UID' not found
11-20 19:59:21.575 I/chatty  ( 1194): uid=1000(system) android.ui expire 12 lines
11-20 19:59:35.504 W/wificond(  906): Scan is not started. Ignore abort request
11-20 19:59:36.794 E/NetlinkEvent(  459): NetlinkEvent::FindParam(): Parameter 'INTERFACE' not found
11-20 19:59:36.794 E/NetlinkEvent(  459): NetlinkEvent::FindParam(): Parameter 'STATE' not found
11-20 19:59:36.794 E/NetlinkEvent(  459): NetlinkEvent::FindParam(): Parameter 'TIME_NS' not found
11-20 19:59:36.794 E/NetlinkEvent(  459): NetlinkEvent::FindParam(): Parameter 'UID' not found
11-20 19:59:41.281 D/mculinkhealth( 1118): isMcuReachable 1 (6 ms)
11-20 19:59:42.577 I/chatty  ( 1117): uid=1000(system) HwBinder:1117_2 expire 10 lines
11-20 19:59:56.098 I/chatty  ( 1117): uid=1000(system) HwBinder:1117_9 expire 1 line
11-20 19:59:56.116 I/chatty  ( 1194): uid=1000(system) android.bg expire 2 lines
11-20 19:59:56.336 I/chatty  ( 1194): uid=1000 system_server expire 1 line
11-20 19:59:57.203 I/chatty  ( 1194): uid=1000 system_server expire 2 lines
11-20 20:00:06.381 I/chatty  ( 1194): uid=1000(system) ConnectivitySer expire 21 lines
11-20 20:00:06.539 E/NetlinkEvent(  459): NetlinkEvent::FindParam(): Parameter 'INTERFACE' not found
11-20 20:00:06.539 E/NetlinkEvent(  459): NetlinkEvent::FindParam(): Parameter 'STATE' not found
11-20 20:00:06.539 E/NetlinkEvent(  459): NetlinkEvent::FindParam(): Parameter 'TIME_NS' not found
11-20 20:00:06.539 E/NetlinkEvent(  459): NetlinkEvent::FindParam(): Parameter 'UID' not found
11-20 20:00:10.714 I/chatty  ( 1194): uid=1000(system) android.ui expire 17 lines
11-20 20:00:11.285 I/chatty  ( 1117): uid=1000(system) /vendor/bin/commandrouter expire 10 lines
11-20 20:00:11.285 D/mculinkhealth( 1118): isMcuReachable 1 (3 ms)
11-20 20:00:17.156 I/chatty  ( 1194): uid=1000(system) Binder:1194_D expire 4 lines
11-20 20:00:24.495 W/wificond(  906): Scan is not started. Ignore abort request
11-20 20:00:25.304 I/chatty  ( 1194): uid=1000(system) ConnectivitySer expire 22 lines
11-20 20:00:25.609 E/NetlinkEvent(  459): NetlinkEvent::FindParam(): Parameter 'INTERFACE' not found
11-20 20:00:25.609 E/NetlinkEvent(  459): NetlinkEvent::FindParam(): Parameter 'STATE' not found
11-20 20:00:25.610 E/NetlinkEvent(  459): NetlinkEvent::FindParam(): Parameter 'TIME_NS' not found
11-20 20:00:25.610 E/NetlinkEvent(  459): NetlinkEvent::FindParam(): Parameter 'UID' not found
11-20 20:00:29.361 I/chatty  ( 1194): uid=1000 system_server expire 2 lines
11-20 20:00:38.974 I/chatty  ( 1194): uid=1000(system) Binder:1194_1F expire 5 lines
11-20 20:00:41.291 D/mculinkhealth( 1118): isMcuReachable 1 (4 ms)
11-20 20:00:50.420 I/chatty  ( 1194): uid=1000(system) LazyTaskWriterT expire 12 lines
11-20 20:00:55.599 I/chatty  ( 1194): uid=1000(system) ConnectivitySer expire 41 lines
11-20 20:00:56.422 E/NetlinkEvent(  459): NetlinkEvent::FindParam(): Parameter 'INTERFACE' not found
11-20 20:00:56.422 E/NetlinkEvent(  459): NetlinkEvent::FindParam(): Parameter 'STATE' not found
11-20 20:00:56.422 E/NetlinkEvent(  459): NetlinkEvent::FindParam(): Parameter 'TIME_NS' not found
11-20 20:00:56.422 E/NetlinkEvent(  459): NetlinkEvent::FindParam(): Parameter 'UID' not found
11-20 20:01:05.624 I/chatty  ( 1194): uid=1000(system) android.ui expire 15 lines
11-20 20:01:11.296 D/mculinkhealth( 1118): isMcuReachable 1 (4 ms)
11-20 20:01:12.470 I/chatty  ( 1117): uid=1000(system) /vendor/bin/commandrouter expire 10 lines
11-20 20:01:15.454 W/wificond(  906): Scan is not started. Ignore abort request
11-20 20:01:16.702 E/NetlinkEvent(  459): NetlinkEvent::FindParam(): Parameter 'INTERFACE' not found
11-20 20:01:16.702 E/NetlinkEvent(  459): NetlinkEvent::FindParam(): Parameter 'STATE' not found
11-20 20:01:16.702 E/NetlinkEvent(  459): NetlinkEvent::FindParam(): Parameter 'TIME_NS' not found
11-20 20:01:16.702 E/NetlinkEvent(  459): NetlinkEvent::FindParam(): Parameter 'UID' not found
11-20 20:01:22.465 I/chatty  ( 1117): uid=1000(system) HwBinder:1117_2 expire 11 lines
11-20 20:01:38.159 I/chatty  ( 1194): uid=1000(system) Binder:1194_10 expire 4 lines
11-20 20:01:41.301 D/mculinkhealth( 1118): isMcuReachable 1 (4 ms)
11-20 20:01:46.359 I/chatty  ( 1194): uid=1000(system) ConnectivitySer expire 23 lines
11-20 20:01:46.477 E/NetlinkEvent(  459): NetlinkEvent::FindParam(): Parameter 'INTERFACE' not found
11-20 20:01:46.478 E/NetlinkEvent(  459): NetlinkEvent::FindParam(): Parameter 'STATE' not found
11-20 20:01:46.478 E/NetlinkEvent(  459): NetlinkEvent::FindParam(): Parameter 'TIME_NS' not found
11-20 20:01:46.478 E/NetlinkEvent(  459): NetlinkEvent::FindParam(): Parameter 'UID' not found
11-20 20:02:02.007 I/chatty  ( 1194): uid=1000 system_server expire 1 line
11-20 20:02:05.039 W/wificond(  906): Scan is not started. Ignore abort request
11-20 20:02:06.788 I/chatty  ( 1194): uid=1000(system) ConnectivitySer expire 53 lines
11-20 20:02:07.049 E/NetlinkEvent(  459): NetlinkEvent::FindParam(): Parameter 'INTERFACE' not found
11-20 20:02:07.049 E/NetlinkEvent(  459): NetlinkEvent::FindParam(): Parameter 'STATE' not found
11-20 20:02:07.049 E/NetlinkEvent(  459): NetlinkEvent::FindParam(): Parameter 'TIME_NS' not found
11-20 20:02:07.049 E/NetlinkEvent(  459): NetlinkEvent::FindParam(): Parameter 'UID' not found
11-20 20:02:07.220 I/chatty  ( 1194): uid=1000(system) android.fg expire 10 lines
11-20 20:02:11.308 D/mculinkhealth( 1118): isMcuReachable 1 (5 ms)
11-20 20:02:17.533 I/chatty  ( 1117): uid=1000(system) /vendor/bin/commandrouter expire 11 lines
11-20 20:02:25.314 I/chatty  ( 1194): uid=1000(system) android.ui expire 12 lines
11-20 20:02:28.157 I/chatty  ( 1194): uid=1000(system) Binder:1194_F expire 12 lines
11-20 20:02:36.498 E/NetlinkEvent(  459): NetlinkEvent::FindParam(): Parameter 'INTERFACE' not found
11-20 20:02:36.498 E/NetlinkEvent(  459): NetlinkEvent::FindParam(): Parameter 'STATE' not found
11-20 20:02:36.498 E/NetlinkEvent(  459): NetlinkEvent::FindParam(): Parameter 'TIME_NS' not found
11-20 20:02:36.498 E/NetlinkEvent(  459): NetlinkEvent::FindParam(): Parameter 'UID' not found
11-20 20:02:41.313 D/mculinkhealth( 1118): isMcuReachable 1 (4 ms)
11-20 20:02:47.147 I/chatty  ( 1194): uid=1000(system) Binder:1194_12 expire 12 lines
11-20 20:02:53.802 I/chatty  ( 1194): uid=1000(system) android.display expire 10 lines
11-20 20:02:54.774 I/chatty  ( 1194): uid=1000(system) WifiP2pService expire 10 lines
11-20 20:02:54.814 W/wificond(  906): Scan is not started. Ignore abort request
11-20 20:02:55.983 E/NetlinkEvent(  459): NetlinkEvent::FindParam(): Parameter 'INTERFACE' not found
11-20 20:02:55.983 E/NetlinkEvent(  459): NetlinkEvent::FindParam(): Parameter 'STATE' not found
11-20 20:02:55.983 E/NetlinkEvent(  459): NetlinkEvent::FindParam(): Parameter 'TIME_NS' not found
11-20 20:02:55.983 E/NetlinkEvent(  459): NetlinkEvent::FindParam(): Parameter 'UID' not found
11-20 20:02:56.128 I/chatty  ( 1194): uid=1000(system) ConnectivitySer expire 15 lines
11-20 20:03:10.568 I/chatty  ( 1194): uid=1000(system) DeviceStorageMo expire 10 lines
11-20 20:03:11.313 I/chatty  ( 1117): uid=1000(system) HwBinder:1117_9 expire 3 lines
11-20 20:03:11.318 D/mculinkhealth( 1118): isMcuReachable 1 (5 ms)
11-20 20:03:12.378 I/chatty  ( 1117): uid=1000(system) HwBinder:1117_2 expire 6 lines
11-20 20:03:15.212 I/chatty  ( 1194): uid=1000(system) android.ui expire 13 lines
11-20 20:03:18.152 I/chatty  ( 1194): uid=1000(system) Binder:1194_2 expire 11 lines
11-20 20:03:26.339 I/wificond(  906): Fail RSSI polling because wifi is not associated.
11-20 20:03:26.493 E/NetlinkEvent(  459): NetlinkEvent::FindParam(): Parameter 'INTERFACE' not found
11-20 20:03:26.493 E/NetlinkEvent(  459): NetlinkEvent::FindParam(): Parameter 'STATE' not found
11-20 20:03:26.493 E/NetlinkEvent(  459): NetlinkEvent::FindParam(): Parameter 'TIME_NS' not found
11-20 20:03:26.493 E/NetlinkEvent(  459): NetlinkEvent::FindParam(): Parameter 'UID' not found
11-20 20:03:26.516 I/chatty  ( 1194): uid=1000 system_server expire 2 lines
11-20 20:03:32.362 I/chatty  ( 1117): uid=1000(system) /vendor/bin/commandrouter expire 10 lines
11-20 20:03:41.326 D/mculinkhealth( 1118): isMcuReachable 1 (4 ms)
11-20 20:03:45.683 W/wificond(  906): Scan is not started. Ignore abort request
11-20 20:03:46.078 I/chatty  ( 1194): uid=1000(system) ConnectivitySer expire 32 lines
11-20 20:03:47.082 E/NetlinkEvent(  459): NetlinkEvent::FindParam(): Parameter 'INTERFACE' not found
11-20 20:03:47.082 E/NetlinkEvent(  459): NetlinkEvent::FindParam(): Parameter 'STATE' not found
11-20 20:03:47.082 E/NetlinkEvent(  459): NetlinkEvent::FindParam(): Parameter 'TIME_NS' not found
11-20 20:03:47.082 E/NetlinkEvent(  459): NetlinkEvent::FindParam(): Parameter 'UID' not found
11-20 20:04:05.794 I/chatty  ( 1194): uid=1000(system) android.ui expire 12 lines
11-20 20:04:11.330 D/mculinkhealth( 1118): isMcuReachable 1 (3 ms)
11-20 20:04:11.724 I/chatty  ( 1194): uid=1000(system) LazyTaskWriterT expire 10 lines
11-20 20:04:12.362 I/chatty  ( 1117): uid=1000(system) HwBinder:1117_2 expire 2 lines
11-20 20:04:17.080 I/chatty  ( 1194): uid=1000(system) ConnectivitySer expire 41 lines
11-20 20:04:17.540 I/chatty  ( 1117): uid=1000(system) HwBinder:1117_1 expire 1 line
11-20 20:04:17.832 E/NetlinkEvent(  459): NetlinkEvent::FindParam(): Parameter 'INTERFACE' not found
11-20 20:04:17.832 E/NetlinkEvent(  459): NetlinkEvent::FindParam(): Parameter 'STATE' not found
11-20 20:04:17.832 E/NetlinkEvent(  459): NetlinkEvent::FindParam(): Parameter 'TIME_NS' not found
11-20 20:04:17.832 E/NetlinkEvent(  459): NetlinkEvent::FindParam(): Parameter 'UID' not found
11-20 20:04:29.034 I/chatty  ( 1194): uid=1000(system) Binder:1194_1A expire 1 line
11-20 20:04:32.391 I/chatty  ( 1117): uid=1000(system) HwBinder:1117_2 expire 1 line
11-20 20:04:37.056 W/wificond(  906): Scan is not started. Ignore abort request
11-20 20:04:38.537 E/NetlinkEvent(  459): NetlinkEvent::FindParam(): Parameter 'INTERFACE' not found
11-20 20:04:38.537 E/NetlinkEvent(  459): NetlinkEvent::FindParam(): Parameter 'STATE' not found
11-20 20:04:38.537 E/NetlinkEvent(  459): NetlinkEvent::FindParam(): Parameter 'TIME_NS' not found
11-20 20:04:38.537 E/NetlinkEvent(  459): NetlinkEvent::FindParam(): Parameter 'UID' not found
11-20 20:04:41.331 I/chatty  ( 1117): uid=1000(system) HwBinder:1117_9 expire 1 line
11-20 20:04:41.334 I/chatty  ( 1117): uid=1000(system) /vendor/bin/commandrouter expire 4 lines
11-20 20:04:41.334 D/mculinkhealth( 1118): isMcuReachable 1 (4 ms)
11-20 20:04:42.365 I/chatty  ( 1117): uid=1000(system) HwBinder:1117_2 expire 6 lines
11-20 20:04:57.197 I/chatty  ( 1194): uid=1000(system) android.ui expire 10 lines
11-20 20:05:08.426 I/wificond(  906): Fail RSSI polling because wifi is not associated.
11-20 20:05:08.532 I/chatty  ( 1194): uid=1000(system) ConnectivitySer expire 34 lines
11-20 20:05:08.912 E/NetlinkEvent(  459): NetlinkEvent::FindParam(): Parameter 'INTERFACE' not found
11-20 20:05:08.912 E/NetlinkEvent(  459): NetlinkEvent::FindParam(): Parameter 'STATE' not found
11-20 20:05:08.912 E/NetlinkEvent(  459): NetlinkEvent::FindParam(): Parameter 'TIME_NS' not found
11-20 20:05:08.912 E/NetlinkEvent(  459): NetlinkEvent::FindParam(): Parameter 'UID' not found
11-20 20:05:11.336 I/chatty  ( 1117): uid=1000(system) HwBinder:1117_9 expire 1 line
11-20 20:05:11.341 I/chatty  ( 1117): uid=1000(system) /vendor/bin/commandrouter expire 5 lines
11-20 20:05:11.342 D/mculinkhealth( 1118): isMcuReachable 1 (5 ms)
11-20 20:05:17.545 I/chatty  ( 1117): uid=1000(system) HwBinder:1117_1 expire 1 line
11-20 20:05:18.623 I/chatty  ( 1194): uid=1000(system) android.ui expire 14 lines
11-20 20:05:27.577 W/wificond(  906): Scan is not started. Ignore abort request
11-20 20:05:28.739 E/NetlinkEvent(  459): NetlinkEvent::FindParam(): Parameter 'INTERFACE' not found
11-20 20:05:28.739 E/NetlinkEvent(  459): NetlinkEvent::FindParam(): Parameter 'STATE' not found
11-20 20:05:28.739 E/NetlinkEvent(  459): NetlinkEvent::FindParam(): Parameter 'TIME_NS' not found
11-20 20:05:28.739 E/NetlinkEvent(  459): NetlinkEvent::FindParam(): Parameter 'UID' not found
11-20 20:05:28.900 I/chatty  ( 1194): uid=1000(system) ConnectivitySer expire 13 lines
11-20 20:05:41.343 I/chatty  ( 1117): uid=1000(system) HwBinder:1117_9 expire 1 line
11-20 20:05:41.348 I/chatty  ( 1117): uid=1000(system) /vendor/bin/commandrouter expire 3 lines
11-20 20:05:41.348 D/mculinkhealth( 1118): isMcuReachable 1 (5 ms)
11-20 20:05:42.375 I/chatty  ( 1117): uid=1000(system) HwBinder:1117_2 expire 4 lines
11-20 20:05:50.170 I/chatty  ( 1194): uid=1000(system) Binder:1194_20 expire 8 lines
11-20 20:05:58.422 I/chatty  ( 1194): uid=1000 system_server expire 1 line
11-20 20:05:58.509 E/NetlinkEvent(  459): NetlinkEvent::FindParam(): Parameter 'INTERFACE' not found
11-20 20:05:58.509 E/NetlinkEvent(  459): NetlinkEvent::FindParam(): Parameter 'STATE' not found
11-20 20:05:58.510 E/NetlinkEvent(  459): NetlinkEvent::FindParam(): Parameter 'TIME_NS' not found
11-20 20:05:58.510 E/NetlinkEvent(  459): NetlinkEvent::FindParam(): Parameter 'UID' not found
11-20 20:05:58.523 I/chatty  ( 1194): uid=1000(system) ConnectivitySer expire 35 lines
11-20 20:06:02.356 I/chatty  ( 1117): uid=1000(system) /vendor/bin/commandrouter expire 3 lines
11-20 20:06:11.350 I/chatty  ( 1117): uid=1000(system) HwBinder:1117_9 expire 2 lines
11-20 20:06:11.354 D/mculinkhealth( 1118): isMcuReachable 1 (5 ms)
11-20 20:06:17.027 I/chatty  ( 1194): uid=1000(system) ActivityManager expire 4 lines
11-20 20:06:17.113 W/wificond(  906): Scan is not started. Ignore abort request
11-20 20:06:17.495 I/chatty  ( 1194): uid=1000(system) WifiHandlerThre expire 3 lines
11-20 20:06:17.550 I/chatty  ( 1117): uid=1000(system) HwBinder:1117_1 expire 1 line
11-20 20:06:17.554 I/chatty  ( 1117): uid=1000(system) /vendor/bin/commandrouter expire 6 lines
11-20 20:06:18.329 E/NetlinkEvent(  459): NetlinkEvent::FindParam(): Parameter 'INTERFACE' not found
11-20 20:06:18.329 E/NetlinkEvent(  459): NetlinkEvent::FindParam(): Parameter 'STATE' not found
11-20 20:06:18.329 E/NetlinkEvent(  459): NetlinkEvent::FindParam(): Parameter 'TIME_NS' not found
11-20 20:06:18.329 E/NetlinkEvent(  459): NetlinkEvent::FindParam(): Parameter 'UID' not found
11-20 20:06:18.664 I/chatty  ( 1194): uid=1000(system) android.fg expire 6 lines
11-20 20:06:22.333 I/chatty  ( 1117): uid=1000(system) HwBinder:1117_2 expire 6 lines
11-20 20:06:37.402 I/chatty  ( 1194): uid=1000(system) android.ui expire 12 lines
11-20 20:06:41.359 D/mculinkhealth( 1118): isMcuReachable 1 (4 ms)
11-20 20:06:48.263 I/chatty  ( 1194): uid=1000(system) ConnectivitySer expire 11 lines
11-20 20:06:48.372 E/NetlinkEvent(  459): NetlinkEvent::FindParam(): Parameter 'INTERFACE' not found
11-20 20:06:48.373 E/NetlinkEvent(  459): NetlinkEvent::FindParam(): Parameter 'STATE' not found
11-20 20:06:48.373 E/NetlinkEvent(  459): NetlinkEvent::FindParam(): Parameter 'TIME_NS' not found
11-20 20:06:48.373 E/NetlinkEvent(  459): NetlinkEvent::FindParam(): Parameter 'UID' not found
11-20 20:06:57.366 I/chatty  ( 1194): uid=1000(system) LazyTaskWriterT expire 8 lines
11-20 20:07:02.298 I/chatty  ( 1117): uid=1000(system) /vendor/bin/commandrouter expire 5 lines
11-20 20:07:03.805 I/chatty  ( 1194): uid=1000 system_server expire 1 line
11-20 20:07:06.893 I/chatty  ( 1194): uid=1000(system) android.display expire 5 lines
11-20 20:07:07.899 I/chatty  ( 1194): uid=1000(system) WifiP2pService expire 5 lines
11-20 20:07:08.032 W/wificond(  906): Scan is not started. Ignore abort request
11-20 20:07:08.439 I/chatty  ( 1194): uid=1000(system) ConnectivitySer expire 32 lines
11-20 20:07:09.245 E/NetlinkEvent(  459): NetlinkEvent::FindParam(): Parameter 'INTERFACE' not found
11-20 20:07:09.245 E/NetlinkEvent(  459): NetlinkEvent::FindParam(): Parameter 'STATE' not found
11-20 20:07:09.245 E/NetlinkEvent(  459): NetlinkEvent::FindParam(): Parameter 'TIME_NS' not found
11-20 20:07:09.245 E/NetlinkEvent(  459): NetlinkEvent::FindParam(): Parameter 'UID' not found
11-20 20:07:11.360 I/chatty  ( 1117): uid=1000(system) HwBinder:1117_9 expire 1 line
11-20 20:07:11.365 D/mculinkhealth( 1118): isMcuReachable 1 (5 ms)
11-20 20:07:17.555 I/chatty  ( 1117): uid=1000(system) HwBinder:1117_1 expire 1 line
11-20 20:07:22.283 I/chatty  ( 1117): uid=1000(system) HwBinder:1117_2 expire 2 lines
11-20 20:07:28.308 I/chatty  ( 1194): uid=1000(system) android.ui expire 12 lines
11-20 20:07:31.155 I/chatty  ( 1194): uid=1000(system) Binder:1194_B expire 4 lines
11-20 20:07:32.285 I/chatty  ( 1117): uid=1000(system) /vendor/bin/commandrouter expire 2 lines
11-20 20:07:39.239 I/chatty  ( 1194): uid=1000(system) ConnectivitySer expire 36 lines
11-20 20:07:39.384 I/wificond(  906): Fail RSSI polling because wifi is not associated.
11-20 20:07:39.536 E/NetlinkEvent(  459): NetlinkEvent::FindParam(): Parameter 'INTERFACE' not found
11-20 20:07:39.536 E/NetlinkEvent(  459): NetlinkEvent::FindParam(): Parameter 'STATE' not found
11-20 20:07:39.536 E/NetlinkEvent(  459): NetlinkEvent::FindParam(): Parameter 'TIME_NS' not found
11-20 20:07:39.536 E/NetlinkEvent(  459): NetlinkEvent::FindParam(): Parameter 'UID' not found
11-20 20:07:41.366 I/chatty  ( 1117): uid=1000(system) HwBinder:1117_9 expire 1 line
11-20 20:07:41.370 D/mculinkhealth( 1118): isMcuReachable 1 (4 ms)
11-20 20:07:42.279 I/chatty  ( 1117): uid=1000(system) /vendor/bin/commandrouter expire 3 lines
11-20 20:07:42.280 I/chatty  ( 1117): uid=1000(system) HwBinder:1117_2 expire 3 lines
11-20 20:07:50.157 I/chatty  ( 1194): uid=1000(system) Binder:1194_F expire 12 lines
11-20 20:07:57.986 W/wificond(  906): Scan is not started. Ignore abort request
11-20 20:07:59.073 E/NetlinkEvent(  459): NetlinkEvent::FindParam(): Parameter 'INTERFACE' not found
11-20 20:07:59.073 E/NetlinkEvent(  459): NetlinkEvent::FindParam(): Parameter 'STATE' not found
11-20 20:07:59.073 E/NetlinkEvent(  459): NetlinkEvent::FindParam(): Parameter 'TIME_NS' not found
11-20 20:07:59.073 E/NetlinkEvent(  459): NetlinkEvent::FindParam(): Parameter 'UID' not found
11-20 20:07:59.220 I/chatty  ( 1194): uid=1000(system) ConnectivitySer expire 12 lines
11-20 20:08:10.998 I/chatty  ( 1194): uid=1000(system) DeviceStorageMo expire 2 lines
11-20 20:08:11.372 I/chatty  ( 1117): uid=1000(system) HwBinder:1117_9 expire 1 line
11-20 20:08:11.377 I/chatty  ( 1117): uid=1000(system) /vendor/bin/commandrouter expire 3 lines
11-20 20:08:11.377 D/mculinkhealth( 1118): isMcuReachable 1 (5 ms)
11-20 20:08:12.283 I/chatty  ( 1117): uid=1000(system) HwBinder:1117_2 expire 1 line
11-20 20:08:17.561 I/chatty  ( 1117): uid=1000(system) HwBinder:1117_1 expire 1 line
11-20 20:08:18.330 I/chatty  ( 1194): uid=1000(system) android.ui expire 12 lines
11-20 20:08:22.284 I/chatty  ( 1117): uid=1000(system) /vendor/bin/commandrouter expire 2 lines
11-20 20:08:22.285 I/chatty  ( 1117): uid=1000(system) HwBinder:1117_2 expire 2 lines
11-20 20:08:29.353 I/wificond(  906): Fail RSSI polling because wifi is not associated.
11-20 20:08:29.522 E/NetlinkEvent(  459): NetlinkEvent::FindParam(): Parameter 'INTERFACE' not found
11-20 20:08:29.522 E/NetlinkEvent(  459): NetlinkEvent::FindParam(): Parameter 'STATE' not found
11-20 20:08:29.522 E/NetlinkEvent(  459): NetlinkEvent::FindParam(): Parameter 'TIME_NS' not found
11-20 20:08:29.522 E/NetlinkEvent(  459): NetlinkEvent::FindParam(): Parameter 'UID' not found
11-20 20:08:29.555 I/chatty  ( 1194): uid=1000(system) ConnectivitySer expire 2 lines
11-20 20:08:29.586 I/chatty  ( 1194): uid=1000 system_server expire 1 line
11-20 20:08:41.378 I/chatty  ( 1117): uid=1000(system) HwBinder:1117_9 expire 1 line
11-20 20:08:41.381 I/chatty  ( 1117): uid=1000(system) /vendor/bin/commandrouter expire 3 lines
11-20 20:08:41.382 D/mculinkhealth( 1118): isMcuReachable 1 (4 ms)
11-20 20:08:42.274 I/chatty  ( 1117): uid=1000(system) HwBinder:1117_2 expire 2 lines
11-20 20:08:47.455 I/chatty  ( 1194): uid=1000(system) WifiP2pService expire 1 line
11-20 20:08:47.514 W/wificond(  906): Scan is not started. Ignore abort request
11-20 20:08:48.817 I/chatty  ( 1194): uid=1000(system) WifiHandlerThre expire 1 line
11-20 20:08:48.840 I/chatty  ( 1194): uid=1000(system) ConnectivitySer expire 32 lines
11-20 20:08:49.652 E/NetlinkEvent(  459): NetlinkEvent::FindParam(): Parameter 'INTERFACE' not found
11-20 20:08:49.653 E/NetlinkEvent(  459): NetlinkEvent::FindParam(): Parameter 'STATE' not found
11-20 20:08:49.653 E/NetlinkEvent(  459): NetlinkEvent::FindParam(): Parameter 'TIME_NS' not found
11-20 20:08:49.653 E/NetlinkEvent(  459): NetlinkEvent::FindParam(): Parameter 'UID' not found
11-20 20:08:49.811 I/chatty  ( 1194): uid=1000(system) android.fg expire 2 lines
11-20 20:09:02.262 I/chatty  ( 1117): uid=1000(system) /vendor/bin/commandrouter expire 5 lines
11-20 20:09:02.263 I/chatty  ( 1117): uid=1000(system) HwBinder:1117_2 expire 3 lines
11-20 20:09:07.703 I/chatty  ( 1194): uid=1000(system) android.ui expire 12 lines
11-20 20:09:10.155 I/chatty  ( 1194): uid=1000(system) Binder:1194_10 expire 4 lines
11-20 20:09:11.082 I/chatty  ( 1194): uid=1000(system) DeviceStorageMo expire 2 lines
11-20 20:09:11.383 I/chatty  ( 1117): uid=1000(system) HwBinder:1117_9 expire 1 line
11-20 20:09:11.387 D/mculinkhealth( 1118): isMcuReachable 1 (4 ms)
11-20 20:09:13.321 I/chatty  ( 1194): uid=1000(system) LazyTaskWriterT expire 3 lines
11-20 20:09:17.567 I/chatty  ( 1117): uid=1000(system) HwBinder:1117_1 expire 1 line
11-20 20:09:17.765 I/chatty  ( 1194): uid=1000(system) android.display expire 2 lines
11-20 20:09:18.204 I/chatty  ( 1194): uid=1000(system) ConnectivitySer expire 34 lines
11-20 20:09:18.337 E/NetlinkEvent(  459): NetlinkEvent::FindParam(): Parameter 'INTERFACE' not found
11-20 20:09:18.337 E/NetlinkEvent(  459): NetlinkEvent::FindParam(): Parameter 'STATE' not found
11-20 20:09:18.337 E/NetlinkEvent(  459): NetlinkEvent::FindParam(): Parameter 'TIME_NS' not found
11-20 20:09:18.338 E/NetlinkEvent(  459): NetlinkEvent::FindParam(): Parameter 'UID' not found
11-20 20:09:29.164 I/chatty  ( 1194): uid=1000(system) Binder:1194_2 expire 4 lines
11-20 20:09:32.244 I/chatty  ( 1117): uid=1000(system) /vendor/bin/commandrouter expire 4 lines
11-20 20:09:32.245 I/chatty  ( 1117): uid=1000(system) HwBinder:1117_2 expire 2 lines
11-20 20:09:34.746 I/chatty  ( 1194): uid=1000 system_server expire 1 line
11-20 20:09:36.334 I/chatty  ( 1194): uid=1000(system) WifiP2pService expire 2 lines
11-20 20:09:36.336 I/chatty  ( 1194): uid=1000(system) ActivityManager expire 1 line
11-20 20:09:36.363 W/wificond(  906): Scan is not started. Ignore abort request
11-20 20:09:36.781 I/chatty  ( 1194): uid=1000(system) WifiHandlerThre expire 1 line
11-20 20:09:37.547 E/NetlinkEvent(  459): NetlinkEvent::FindParam(): Parameter 'INTERFACE' not found
11-20 20:09:37.547 E/NetlinkEvent(  459): NetlinkEvent::FindParam(): Parameter 'STATE' not found
11-20 20:09:37.547 E/NetlinkEvent(  459): NetlinkEvent::FindParam(): Parameter 'TIME_NS' not found
11-20 20:09:37.547 E/NetlinkEvent(  459): NetlinkEvent::FindParam(): Parameter 'UID' not found
11-20 20:09:37.682 I/chatty  ( 1194): uid=1000(system) android.fg expire 1 line
11-20 20:09:37.688 I/chatty  ( 1194): uid=1000(system) ConnectivitySer expire 14 lines
11-20 20:09:41.388 I/chatty  ( 1117): uid=1000(system) HwBinder:1117_9 expire 1 line
11-20 20:09:41.393 D/mculinkhealth( 1118): isMcuReachable 1 (5 ms)
11-20 20:09:52.267 I/chatty  ( 1117): uid=1000(system) HwBinder:1117_2 expire 1 line
11-20 20:09:56.130 I/chatty  ( 1117): uid=1000(system) HwBinder:1117_9 expire 1 line
11-20 20:09:56.133 D/commandrouter( 1117): mcu_healthcheck_1194 (1, merlot:mcu_health:control): <ServiceResponse> FORWARDED (remote -> local) CR token ID = 173, service client ID = 39, token ID = 60797, result = 0
11-20 20:09:56.135 I/chatty  ( 1194): uid=1000 system_server expire 1 line
11-20 20:09:56.366 I/chatty  ( 1194): uid=1000 system_server expire 1 line
11-20 20:09:56.736 I/chatty  ( 1194): uid=1000(system) android.ui expire 10 lines
11-20 20:09:59.197 I/chatty  ( 1194): uid=1000(system) Binder:1194_E expire 4 lines
11-20 20:10:02.279 D/commandrouter( 1117): rtc_sync (1, rtc:sync): <ServiceRequest> FORWARDED (remote -> local) service client ID = 0, token ID = 42978
11-20 20:10:02.279 D/commandrouter( 1117): SocServiceHandle::onServiceMessage, SoC Service = rtc_sync, appType = 1, type = SVC_RESP, clientId = 0, token = 42978, payloadLen = 8, result = 0, payload.size() = 8
11-20 20:10:02.400 I/chatty  ( 1194): uid=1000(system) LazyTaskWriterT expire 3 lines
11-20 20:10:07.068 I/chatty  ( 1194): uid=1000(system) android.display expire 2 lines
11-20 20:10:07.682 E/NetlinkEvent(  459): NetlinkEvent::FindParam(): Parameter 'INTERFACE' not found
11-20 20:10:07.682 E/NetlinkEvent(  459): NetlinkEvent::FindParam(): Parameter 'STATE' not found
11-20 20:10:07.682 E/NetlinkEvent(  459): NetlinkEvent::FindParam(): Parameter 'TIME_NS' not found
11-20 20:10:07.682 E/NetlinkEvent(  459): NetlinkEvent::FindParam(): Parameter 'UID' not found
11-20 20:10:07.722 I/chatty  ( 1194): uid=1000(system) ConnectivitySer expire 2 lines
11-20 20:10:07.898 I/chatty  ( 1194): uid=1000(system) android.fg expire 1 line
11-20 20:10:11.138 I/chatty  ( 1194): uid=1000(system) DeviceStorageMo expire 2 lines
11-20 20:10:11.394 D/commandrouter( 1117): SocServiceHandle::onServiceMessage, SoC Service = mcu_healthcheck_1118, appType = 1, type = SVC_REQ, clientId = 0, token = 3403, payloadLen = 12, result = 0, payload.size() = 12
11-20 20:10:11.398 D/commandrouter( 1117): mcu_healthcheck_1118 (1, merlot:mcu_health:control): <ServiceResponse> FORWARDED (remote -> local) CR token ID = 3403, service client ID = 40, token ID = 60798, result = 0
11-20 20:10:11.398 D/mculinkhealth( 1118): isMcuReachable 1 (4 ms)
11-20 20:10:12.287 D/commandrouter( 1117): rtc_sync (1, rtc:sync): <ServiceRequest> FORWARDED (remote -> local) service client ID = 0, token ID = 42979
11-20 20:10:12.288 D/commandrouter( 1117): SocServiceHandle::onServiceMessage, SoC Service = rtc_sync, appType = 1, type = SVC_RESP, clientId = 0, token = 42979, payloadLen = 8, result = 0, payload.size() = 8
11-20 20:10:17.573 D/commandrouter( 1117): SocServiceHandle::onServiceMessage, SoC Service = mcu_healthcheck_946, appType = 1, type = SVC_REQ, clientId = 0, token = 1701, payloadLen = 20, result = 0, payload.size() = 20
11-20 20:10:17.578 D/commandrouter( 1117): mcu_healthcheck_946 (1, merlot:mcu_health:control): <ServiceResponse> FORWARDED (remote -> local) CR token ID = 1701, service client ID = 6, token ID = 60799, result = 0
11-20 20:10:17.623 I/chatty  ( 1194): uid=1000(system) android.ui expire 2 lines
11-20 20:10:19.137 I/chatty  ( 1194): uid=1000(system) Binder:1194_13 expire 4 lines
11-20 20:10:22.301 D/commandrouter( 1117): rtc_sync (1, rtc:sync): <ServiceRequest> FORWARDED (remote -> local) service client ID = 0, token ID = 42980
11-20 20:10:22.301 D/commandrouter( 1117): SocServiceHandle::onServiceMessage, SoC Service = rtc_sync, appType = 1, type = SVC_RESP, clientId = 0, token = 42980, payloadLen = 8, result = 0, payload.size() = 8
11-20 20:10:26.910 I/chatty  ( 1194): uid=1000(system) WifiP2pService expire 2 lines
11-20 20:10:26.912 I/chatty  ( 1194): uid=1000(system) ActivityManager expire 1 line
11-20 20:10:26.916 W/wificond(  906): Scan is not started. Ignore abort request
11-20 20:10:27.335 I/chatty  ( 1194): uid=1000(system) WifiHandlerThre expire 1 line
11-20 20:10:27.354 I/chatty  ( 1194): uid=1000(system) ConnectivitySer expire 32 lines
11-20 20:10:28.426 E/NetlinkEvent(  459): NetlinkEvent::FindParam(): Parameter 'INTERFACE' not found
11-20 20:10:28.426 E/NetlinkEvent(  459): NetlinkEvent::FindParam(): Parameter 'STATE' not found
11-20 20:10:28.426 E/NetlinkEvent(  459): NetlinkEvent::FindParam(): Parameter 'TIME_NS' not found
11-20 20:10:28.426 E/NetlinkEvent(  459): NetlinkEvent::FindParam(): Parameter 'UID' not found
11-20 20:10:28.571 I/chatty  ( 1194): uid=1000(system) android.fg expire 2 lines
11-20 20:10:32.312 D/commandrouter( 1117): rtc_sync (1, rtc:sync): <ServiceRequest> FORWARDED (remote -> local) service client ID = 0, token ID = 42981
11-20 20:10:32.313 D/commandrouter( 1117): SocServiceHandle::onServiceMessage, SoC Service = rtc_sync, appType = 1, type = SVC_RESP, clientId = 0, token = 42981, payloadLen = 8, result = 0, payload.size() = 8
11-20 20:10:41.400 D/commandrouter( 1117): SocServiceHandle::onServiceMessage, SoC Service = mcu_healthcheck_1118, appType = 1, type = SVC_REQ, clientId = 0, token = 3404, payloadLen = 12, result = 0, payload.size() = 12
11-20 20:10:41.405 D/commandrouter( 1117): mcu_healthcheck_1118 (1, merlot:mcu_health:control): <ServiceResponse> FORWARDED (remote -> local) CR token ID = 3404, service client ID = 40, token ID = 60800, result = 0
11-20 20:10:41.406 D/mculinkhealth( 1118): isMcuReachable 1 (6 ms)
11-20 20:10:42.298 D/commandrouter( 1117): rtc_sync (1, rtc:sync): <ServiceRequest> FORWARDED (remote -> local) service client ID = 0, token ID = 42982
11-20 20:10:42.299 D/commandrouter( 1117): SocServiceHandle::onServiceMessage, SoC Service = rtc_sync, appType = 1, type = SVC_RESP, clientId = 0, token = 42982, payloadLen = 8, result = 0, payload.size() = 8
