11-20 00:36:25.357 I/WM-WorkerWrapper( 2351): 	at androidx.work.impl.WorkerWrapper$2.run(:3)
11-20 00:36:25.357 I/WM-WorkerWrapper( 2351): 	at androidx.work.impl.utils.SerialExecutor$Task.run(:2)
11-20 00:36:25.357 I/WM-WorkerWrapper( 2351): 	at java.util.concurrent.ThreadPoolExecutor.runWorker(ThreadPoolExecutor.java:1167)
11-20 00:36:25.357 I/WM-WorkerWrapper( 2351): 	at java.util.concurrent.ThreadPoolExecutor$Worker.run(ThreadPoolExecutor.java:641)
11-20 00:36:25.357 I/WM-WorkerWrapper( 2351): 	at java.lang.Thread.run(Thread.java:923)
11-20 00:36:25.437 D/CompatibilityInfo( 1194): mCompatibilityFlags - 4
11-20 00:36:25.437 D/CompatibilityInfo( 1194): applicationDensity - 320
11-20 00:36:25.437 D/CompatibilityInfo( 1194): applicationScale - 1.0
11-20 00:36:25.493 D/SettingsSDK::SyncHelper( 2351): Read setting com.facebook.wearable.sdk.selfcare:SELFCARE_SERVICE_ENABLED from persistent cache
11-20 00:36:25.494 D/FacebookRepository( 2351): Reading from Store [906581286488774]
11-20 00:36:25.600 E/SelfCareDataCloudSyncWorker( 2351): Failed to get access token
11-20 00:36:25.600 E/SelfCareDataCloudSyncWorker( 2351): kotlinx.coroutines.JobCancellationException: Job was cancelled; job=JobImpl{Cancelling}@a5662a7
11-20 00:36:25.600 I/WM-WorkerWrapper( 2351): Work [ id=41176d4d-428f-4560-a8c8-961a1631ba8f, tags={ com.facebook.wearable.system.selfcare.cloudsync.SelfCareDataCloudSyncWorker } ] was cancelled
11-20 00:36:25.600 I/WM-WorkerWrapper( 2351): java.util.concurrent.CancellationException: Task was cancelled.
11-20 00:36:25.600 I/WM-WorkerWrapper( 2351): 	at androidx.work.impl.utils.futures.AbstractFuture.getDoneValue(:32)
11-20 00:36:25.600 I/WM-WorkerWrapper( 2351): 	at androidx.work.impl.utils.futures.AbstractFuture.get(:268435546)
11-20 00:36:25.600 I/WM-WorkerWrapper( 2351): 	at androidx.work.impl.WorkerWrapper$2.run(:3)
11-20 00:36:25.600 I/WM-WorkerWrapper( 2351): 	at androidx.work.impl.utils.SerialExecutor$Task.run(:2)
11-20 00:36:25.600 I/WM-WorkerWrapper( 2351): 	at java.util.concurrent.ThreadPoolExecutor.runWorker(ThreadPoolExecutor.java:1167)
11-20 00:36:25.600 I/WM-WorkerWrapper( 2351): 	at java.util.concurrent.ThreadPoolExecutor$Worker.run(ThreadPoolExecutor.java:641)
11-20 00:36:25.600 I/WM-WorkerWrapper( 2351): 	at java.lang.Thread.run(Thread.java:923)
11-20 00:36:25.665 D/UIAutomatorStub( 6249): URI: /jsonrpc/0, Method: POST, Header: {content-length=229, remote-addr=127.0.0.1, http-client-ip=127.0.0.1, host=localhost:9010, content-type=application/json, accept-encoding=identity}, params, {NanoHttpd.QUERY_STRING=null}, files: {postData={"jsonrpc": "2.0", "method": "objInfo", "id": "a72e86dd15f968abaefc1565f9239102", "params": [{"mask": 2097152, "childOrSibling": [], "childOrSiblingSelector": [], "resourceId": "com.facebook.wearable.system.settings:id/toggle"}]}}
11-20 00:36:25.684 D/CompatibilityInfo( 1194): mCompatibilityFlags - 4
11-20 00:36:25.684 D/CompatibilityInfo( 1194): applicationDensity - 320
11-20 00:36:25.684 D/CompatibilityInfo( 1194): applicationScale - 1.0
11-20 00:36:25.746 E/StickerBundleDatabaseWorker( 2351): Failed to fetch sticker bundles:
11-20 00:36:25.746 E/StickerBundleDatabaseWorker( 2351): kotlinx.coroutines.JobCancellationException: Job was cancelled; job=JobImpl{Cancelling}@2fc8243
11-20 00:36:25.747 I/WM-WorkerWrapper( 2351): Work [ id=731e9e35-e8c2-49b1-b246-986e05f06ab6, tags={ com.facebook.wearable.system.selfcare.sharing.StickerBundleDatabaseWorker } ] was cancelled
11-20 00:36:25.747 I/WM-WorkerWrapper( 2351): java.util.concurrent.CancellationException: Task was cancelled.
11-20 00:36:25.747 I/WM-WorkerWrapper( 2351): 	at androidx.work.impl.utils.futures.AbstractFuture.getDoneValue(:32)
11-20 00:36:25.747 I/WM-WorkerWrapper( 2351): 	at androidx.work.impl.utils.futures.AbstractFuture.get(:268435546)
11-20 00:36:25.747 I/WM-WorkerWrapper( 2351): 	at androidx.work.impl.WorkerWrapper$2.run(:3)
11-20 00:36:25.747 I/WM-WorkerWrapper( 2351): 	at androidx.work.impl.utils.SerialExecutor$Task.run(:2)
11-20 00:36:25.747 I/WM-WorkerWrapper( 2351): 	at java.util.concurrent.ThreadPoolExecutor.runWorker(ThreadPoolExecutor.java:1167)
11-20 00:36:25.747 I/WM-WorkerWrapper( 2351): 	at java.util.concurrent.ThreadPoolExecutor$Worker.run(ThreadPoolExecutor.java:641)
11-20 00:36:25.747 I/WM-WorkerWrapper( 2351): 	at java.lang.Thread.run(Thread.java:923)
11-20 00:36:25.747 D/UIAutomatorStub( 6249): URI: /jsonrpc/0, Method: POST, Header: {content-length=227, remote-addr=127.0.0.1, http-client-ip=127.0.0.1, host=localhost:9010, content-type=application/json, accept-encoding=identity}, params, {NanoHttpd.QUERY_STRING=null}, files: {postData={"jsonrpc": "2.0", "method": "click", "id": "2d016c083f1590256311f8621d156670", "params": [{"mask": 2097152, "childOrSibling": [], "childOrSiblingSelector": [], "resourceId": "com.facebook.wearable.system.settings:id/toggle"}]}}
11-20 00:36:25.794 D/WifiSharingService( 2841): Setting Wi-Fi enabled state
11-20 00:36:25.795 I/WifiService( 1194): setWifiEnabled package=com.facebook.wearable.system.connectivity uid=1000 enable=false
11-20 00:36:25.798 D/WifiActiveModeWarden( 1194): Switching all client mode managers
11-20 00:36:25.799 D/QCNEJ/WlanStaInfoRelay( 1900): onChange for uri = content://settings/global/wifi_on
11-20 00:36:25.806 E/QMI_FW  (  927): qmi_cci_get_ref: ref count increased 2
11-20 00:36:25.806 D/WifiP2pService( 1194): Wifi enabled=false, P2P Interface availability=true
11-20 00:36:25.807 D/WifiP2pNative( 1194): Teardown P2P interface
11-20 00:36:25.812 W/ContextImpl( 1194): Calling a method in the system process without a qualified user: android.app.ContextImpl.sendBroadcastMultiplePermissions:1143 android.content.Context.sendBroadcastWithMultiplePermissions:2150 com.android.server.display.WifiDisplayAdapter.handleSendStatusChangeBroadcast:440 com.android.server.display.WifiDisplayAdapter.access$1700:63 com.android.server.display.WifiDisplayAdapter$WifiDisplayHandler.handleMessage:675 
11-20 00:36:25.816 D/WifiP2pService( 1194): Wifi enabled=false, P2P Interface availability=true
11-20 00:36:25.828 D/WifiClientModeManager1( 1194): IMS not registered over IWLAN for subId: 1
11-20 00:36:25.829 D/WifiClientModeManager1( 1194): The target role 5
11-20 00:36:25.842 I/android_os_HwBinder( 1194): HwBinder: Starting thread pool for getting: android.hardware.wifi.supplicant@1.0::ISupplicant/default
11-20 00:36:25.845 I/wpa_supplicant(22454): wlan0: Do not deauthenticate as part of interface deinit since WoWLAN is enabled
11-20 00:36:25.846 D/CompatibilityInfo( 1194): mCompatibilityFlags - 4
11-20 00:36:25.846 D/CompatibilityInfo( 1194): applicationDensity - 320
11-20 00:36:25.846 D/CompatibilityInfo( 1194): applicationScale - 1.0
11-20 00:36:25.850 W/HWComposer(  577): Ignoring duplicate VSYNC event from HWC for display 0 (t=31732113341540)
11-20 00:36:25.867 W/HWComposer(  577): Ignoring duplicate VSYNC event from HWC for display 0 (t=31732130234769)
11-20 00:36:25.877 I/wpa_supplicant(22454): Try to unregister vendor STA network
11-20 00:36:25.894 E/wpa_supplicant(22454): eap_proxy: pthread_join on eap_proxy=0x1814eac
11-20 00:36:25.895 E/wpa_supplicant(22454): eap_proxy: session not started for client = 1
11-20 00:36:25.895 E/QMI_FW  (22454): qmi_cci_get_ref: ref count increased 2
11-20 00:36:25.895 E/QMI_FW  (22454): qmi_cci_get_ref: ref count increased 2
11-20 00:36:25.896 E/wpa_supplicant(22454): eap_proxy: Released QMI UIM service client
11-20 00:36:25.896 E/QMI_FW  (22454): qmi_cci_get_ref: ref count increased 2
11-20 00:36:25.896 E/QMI_FW  (22454): qmi_cci_get_ref: ref count increased 2
11-20 00:36:25.897 E/wpa_supplicant(22454): eap_proxy: Released QMI EAP service client
11-20 00:36:25.897 E/wpa_supplicant(22454): eap_proxy: session not started for client = 2
11-20 00:36:25.897 E/QMI_FW  (22454): qmi_cci_get_ref: ref count increased 2
11-20 00:36:25.897 E/QMI_FW  (22454): qmi_cci_get_ref: ref count increased 2
11-20 00:36:25.897 E/wpa_supplicant(22454): eap_proxy: Released QMI UIM service client
11-20 00:36:25.897 E/QMI_FW  (22454): qmi_cci_get_ref: ref count increased 2
11-20 00:36:25.897 E/QMI_FW  (22454): qmi_cci_get_ref: ref count increased 2
11-20 00:36:25.897 E/wpa_supplicant(22454): eap_proxy: Released QMI EAP service client
11-20 00:36:25.897 I/wpa_supplicant(22454): eap_proxy: eap_proxy Deinitialzed
11-20 00:36:25.899 D/SettingsSDK::SyncHelper( 2351): Read setting com.facebook.wearable.sdk.selfcare:SELFCARE_SERVICE_ENABLED from persistent cache
11-20 00:36:25.899 D/FacebookRepository( 2351): Reading from Store [906581286488774]
11-20 00:36:25.960 I/wpa_supplicant(22454): nl80211: deinit ifname=wlan0 disabled_11b_rates=0
11-20 00:36:25.982 E/SelfCareDataCloudSyncWorker( 2351): Failed to get access token
11-20 00:36:25.982 E/SelfCareDataCloudSyncWorker( 2351): kotlinx.coroutines.JobCancellationException: Job was cancelled; job=JobImpl{Cancelling}@e24c731
11-20 00:36:25.982 I/WM-WorkerWrapper( 2351): Work [ id=41176d4d-428f-4560-a8c8-961a1631ba8f, tags={ com.facebook.wearable.system.selfcare.cloudsync.SelfCareDataCloudSyncWorker } ] was cancelled
11-20 00:36:25.982 I/WM-WorkerWrapper( 2351): java.util.concurrent.CancellationException: Task was cancelled.
11-20 00:36:25.982 I/WM-WorkerWrapper( 2351): 	at androidx.work.impl.utils.futures.AbstractFuture.getDoneValue(:32)
11-20 00:36:25.982 I/WM-WorkerWrapper( 2351): 	at androidx.work.impl.utils.futures.AbstractFuture.get(:268435546)
11-20 00:36:25.982 I/WM-WorkerWrapper( 2351): 	at androidx.work.impl.WorkerWrapper$2.run(:3)
11-20 00:36:25.982 I/WM-WorkerWrapper( 2351): 	at androidx.work.impl.utils.SerialExecutor$Task.run(:2)
11-20 00:36:25.982 I/WM-WorkerWrapper( 2351): 	at java.util.concurrent.ThreadPoolExecutor.runWorker(ThreadPoolExecutor.java:1167)
11-20 00:36:25.982 I/WM-WorkerWrapper( 2351): 	at java.util.concurrent.ThreadPoolExecutor$Worker.run(ThreadPoolExecutor.java:641)
11-20 00:36:25.982 I/WM-WorkerWrapper( 2351): 	at java.lang.Thread.run(Thread.java:923)
11-20 00:36:25.997 I/wpa_supplicant(22454): Try to unregister vendor interface
11-20 00:36:25.998 D/LOWI-9.0.0.80( 1024): [LOWINetlinkSocketReceiver] unpackRTMLinkMessage: RTM_NEWLINK - ifname wlan0, flags 0x11043 ([UP][RUNNING])
11-20 00:36:25.998 D/LOWI-9.0.0.80( 1024): [LOWINetlinkSocketReceiver] processNetlinkPacket: ifname(wlan0) status(2)
11-20 00:36:25.998 D/LOWI-9.0.0.80( 1024): [LOWIController] intfStateReceived: ifname(wlan0) state(2)
11-20 00:36:25.998 D/LOWI-9.0.0.80( 1024): [LOWIEventReceiver] handleEvent:FROM:NA, TO:NA, REQ:NA, IREQ:NA, REQ_ID:0, RESP:NA, INFO:INTF-STATUS-UPDATE
11-20 00:36:25.998 D/LOWI-9.0.0.80( 1024): [LOWIEventReceiver] Info to [INTF-STATUS-UPDATE]
11-20 00:36:25.998 D/LOWI-9.0.0.80( 1024): [LOWIController] updateIntfState: WIFI enabled 2 mNlWifiStatus 2 mWifiStateEnabled 1
11-20 00:36:25.998 D/LOWI-9.0.0.80( 1024): [LOWIController] isWifiEnabled: mNlWifiStatus 2 mWifiStateEnabled 1
11-20 00:36:26.010 I/wpa_supplicant(22454): p2p0: Do not deauthenticate as part of interface deinit since WoWLAN is enabled
11-20 00:36:26.011 W/system_server( 1194): Long monitor contention with owner WifiHandlerThread (1636) at boolean com.android.server.wifi.SupplicantStaIfaceHal.removeIfaceV1_1(java.lang.String)(SupplicantStaIfaceHal.java:810) waiters=0 in void com.android.server.wifi.SupplicantStaIfaceCallbackImpl.onNetworkRemoved(int) for 127ms
11-20 00:36:26.013 I/SupplicantStaIfaceHal( 1194): Terminating supplicant using HIDL
11-20 00:36:26.046 E/wpa_supplicant(22454): eap_proxy: pthread_join on eap_proxy=0x1814fa8
11-20 00:36:26.046 E/wpa_supplicant(22454): eap_proxy: session not started for client = 1
11-20 00:36:26.046 E/QMI_FW  (22454): qmi_cci_get_ref: ref count increased 2
11-20 00:36:26.046 E/QMI_FW  (22454): qmi_cci_get_ref: ref count increased 2
11-20 00:36:26.047 E/wpa_supplicant(22454): eap_proxy: Released QMI UIM service client
11-20 00:36:26.047 E/QMI_FW  (22454): qmi_cci_get_ref: ref count increased 2
11-20 00:36:26.047 E/QMI_FW  (22454): qmi_cci_get_ref: ref count increased 2
11-20 00:36:26.047 E/wpa_supplicant(22454): eap_proxy: Released QMI EAP service client
11-20 00:36:26.047 E/wpa_supplicant(22454): eap_proxy: session not started for client = 2
11-20 00:36:26.047 E/QMI_FW  (22454): qmi_cci_get_ref: ref count increased 2
11-20 00:36:26.047 E/QMI_FW  (22454): qmi_cci_get_ref: ref count increased 2
11-20 00:36:26.048 E/wpa_supplicant(22454): eap_proxy: Released QMI UIM service client
11-20 00:36:26.048 E/QMI_FW  (22454): qmi_cci_get_ref: ref count increased 2
11-20 00:36:26.048 E/QMI_FW  (22454): qmi_cci_get_ref: ref count increased 2
11-20 00:36:26.049 E/wpa_supplicant(22454): eap_proxy: Released QMI EAP service client
11-20 00:36:26.049 I/wpa_supplicant(22454): eap_proxy: eap_proxy Deinitialzed
11-20 00:36:26.053 D/CompatibilityInfo( 1194): mCompatibilityFlags - 4
11-20 00:36:26.053 D/CompatibilityInfo( 1194): applicationDensity - 320
11-20 00:36:26.053 D/CompatibilityInfo( 1194): applicationScale - 1.0
11-20 00:36:26.107 I/wpa_supplicant(22454): nl80211: deinit ifname=p2p0 disabled_11b_rates=0
11-20 00:36:26.110 E/StickerBundleDatabaseWorker( 2351): Failed to fetch sticker bundles:
11-20 00:36:26.110 E/StickerBundleDatabaseWorker( 2351): kotlinx.coroutines.JobCancellationException: Job was cancelled; job=JobImpl{Cancelling}@544d5a2
11-20 00:36:26.110 I/WM-WorkerWrapper( 2351): Work [ id=731e9e35-e8c2-49b1-b246-986e05f06ab6, tags={ com.facebook.wearable.system.selfcare.sharing.StickerBundleDatabaseWorker } ] was cancelled
11-20 00:36:26.110 I/WM-WorkerWrapper( 2351): java.util.concurrent.CancellationException: Task was cancelled.
11-20 00:36:26.110 I/WM-WorkerWrapper( 2351): 	at androidx.work.impl.utils.futures.AbstractFuture.getDoneValue(:32)
11-20 00:36:26.110 I/WM-WorkerWrapper( 2351): 	at androidx.work.impl.utils.futures.AbstractFuture.get(:268435546)
11-20 00:36:26.110 I/WM-WorkerWrapper( 2351): 	at androidx.work.impl.WorkerWrapper$2.run(:3)
11-20 00:36:26.110 I/WM-WorkerWrapper( 2351): 	at androidx.work.impl.utils.SerialExecutor$Task.run(:2)
11-20 00:36:26.110 I/WM-WorkerWrapper( 2351): 	at java.util.concurrent.ThreadPoolExecutor.runWorker(ThreadPoolExecutor.java:1167)
11-20 00:36:26.110 I/WM-WorkerWrapper( 2351): 	at java.util.concurrent.ThreadPoolExecutor$Worker.run(ThreadPoolExecutor.java:641)
11-20 00:36:26.110 I/WM-WorkerWrapper( 2351): 	at java.lang.Thread.run(Thread.java:923)
11-20 00:36:26.157 D/LOWI-9.0.0.80( 1024): [LOWINetlinkSocketReceiver] unpackRTMLinkMessage: RTM_NEWLINK - ifname p2p0, flags 0x1003 ([UP])
11-20 00:36:26.184 D/LOWI-9.0.0.80( 1024): [LOWINetlinkSocketReceiver] unpackRTMLinkMessage: RTM_NEWLINK - ifname p2p0, flags 0x1002 ()
11-20 00:36:26.184 D/LOWI-9.0.0.80( 1024): [LOWINetlinkSocketReceiver] unpackRTMLinkMessage: RTM_NEWLINK - ifname p2p0, flags 0x1002 ()
11-20 00:36:26.185 I/wpa_supplicant(22454): Try to unregister vendor p2 interface
11-20 00:36:26.186 D/CompatibilityInfo( 1194): mCompatibilityFlags - 4
11-20 00:36:26.186 D/CompatibilityInfo( 1194): applicationDensity - 320
11-20 00:36:26.186 D/CompatibilityInfo( 1194): applicationScale - 1.0
11-20 00:36:26.186 I/WifiP2pNative( 1194): P2P interface teardown completed
11-20 00:36:26.187 I/android_os_HwBinder( 1194): HwBinder: Starting thread pool for getting: android.hardware.wifi.supplicant@1.0::ISupplicant/default
11-20 00:36:26.188 D/WifiP2pNative( 1194): P2P InterfaceDestroyedListener p2p0
11-20 00:36:26.188 D/WifiP2pNative( 1194): Ignoring stale interface destroyed listener
11-20 00:36:26.188 D/WifiP2pNative( 1194): P2P InterfaceAvailableListener true
11-20 00:36:26.188 D/WifiP2pService( 1194): Wifi enabled=false, P2P Interface availability=true
11-20 00:36:26.189 I/wpa_supplicant(22454): Terminating...
11-20 00:36:26.192 D/LOWI-9.0.0.80( 1024): [LOWINetlinkSocketReceiver] unpackRTMLinkMessage: RTM_NEWLINK - ifname wlan0, flags 0x1003 ([UP])
11-20 00:36:26.192 D/LOWI-9.0.0.80( 1024): [LOWINetlinkSocketReceiver] processNetlinkPacket: ifname(wlan0) status(1)
11-20 00:36:26.192 D/LOWI-9.0.0.80( 1024): [LOWIController] intfStateReceived: ifname(wlan0) state(1)
11-20 00:36:26.192 D/LOWI-9.0.0.80( 1024): [LOWIEventReceiver] handleEvent:FROM:NA, TO:NA, REQ:NA, IREQ:NA, REQ_ID:0, RESP:NA, INFO:INTF-STATUS-UPDATE
11-20 00:36:26.193 D/LOWI-9.0.0.80( 1024): [LOWIEventReceiver] Info to [INTF-STATUS-UPDATE]
11-20 00:36:26.193 D/LOWI-9.0.0.80( 1024): [LOWIController] updateIntfState: WIFI enabled 1 mNlWifiStatus 2 mWifiStateEnabled 1
11-20 00:36:26.193 D/LOWI-9.0.0.80( 1024): [LOWIController] isWifiEnabled: mNlWifiStatus 1 mWifiStateEnabled 1
11-20 00:36:26.234 D/LOWI-9.0.0.80( 1024): [LOWINetlinkSocketReceiver] unpackRTMLinkMessage: RTM_NEWLINK - ifname wlan0, flags 0x1003 ([UP])
11-20 00:36:26.234 D/LOWI-9.0.0.80( 1024): [LOWINetlinkSocketReceiver] processNetlinkPacket: ifname(wlan0) status(1)
11-20 00:36:26.234 D/LOWI-9.0.0.80( 1024): [LOWIController] intfStateReceived: ifname(wlan0) state(1)
11-20 00:36:26.234 D/LOWI-9.0.0.80( 1024): [LOWIEventReceiver] handleEvent:FROM:NA, TO:NA, REQ:NA, IREQ:NA, REQ_ID:0, RESP:NA, INFO:INTF-STATUS-UPDATE
11-20 00:36:26.234 D/LOWI-9.0.0.80( 1024): [LOWIEventReceiver] Info to [INTF-STATUS-UPDATE]
11-20 00:36:26.234 D/LOWI-9.0.0.80( 1024): [LOWIController] updateIntfState: WIFI enabled 1 mNlWifiStatus 1 mWifiStateEnabled 1
11-20 00:36:26.234 D/LOWI-9.0.0.80( 1024): [LOWIController] isWifiEnabled: mNlWifiStatus 1 mWifiStateEnabled 1
11-20 00:36:26.235 V/WifiHAL (  539): event received NL80211_CMD_DISCONNECT
11-20 00:36:26.237 W/SupplicantP2pIfaceHal( 1194): ISupplicant/ISupplicantP2pIface died: cookie=0
11-20 00:36:26.237 W/SupplicantP2pIfaceHal( 1194): ISupplicantVendor/ISupplicantVendorP2PIface died: cookie=0
11-20 00:36:26.237 D/SupplicantStaIfaceHal( 1194): ISupplicant died: cookie=-2541025771026891396
11-20 00:36:26.237 W/SupplicantP2pIfaceHal( 1194): ISupplicant/ISupplicantP2pIface died: cookie=0
11-20 00:36:26.238 W/SupplicantP2pIfaceHal( 1194): ISupplicantVendor/ISupplicantVendorP2PIface died: cookie=0
11-20 00:36:26.240 W/SupplicantStaIfaceHal( 1194): Timed out waiting for confirmation of supplicant death
11-20 00:36:26.240 W/SupplicantStaIfaceHal( 1194): ISupplicantVendor/ISupplicantVendorStaIface died: cookie=0
11-20 00:36:26.240 W/SupplicantStaIfaceHal( 1194): ISupplicantVendor/ISupplicantVendorStaIface died: cookie=0
11-20 00:36:26.241 E/SupplicantStaIfaceHal( 1194): Can't call getKeyMgmtCapabilities_1_3, ISupplicantStaIface is null
11-20 00:36:26.242 V/WifiHAL (  539): WifiVendorCommand 0xaad86b98 created vendor_id:0x1374 subcmd:38
11-20 00:36:26.243 V/WifiHAL (  539): Got a Wi-Fi HAL module message from Driver
11-20 00:36:26.243 V/WifiHAL (  539): Supported feature set : 19d3d
11-20 00:36:26.243 V/WifiHAL (  539): Supported feature set acquired : 19d3d
11-20 00:36:26.243 V/WifiHAL (  539): WifiVendorCommand 0xa0792370 created vendor_id:0x1374 subcmd:76
11-20 00:36:26.243 V/WifiHAL (  539): create: mVendor_id = 4980, Subcmd = 76.
11-20 00:36:26.244 V/WifiHAL (  539): WifiVendorCommand 0xaad86cc8 created vendor_id:0x1374 subcmd:38
11-20 00:36:26.244 V/WifiHAL (  539): Got a Wi-Fi HAL module message from Driver
11-20 00:36:26.244 V/WifiHAL (  539): Supported feature set : 19d3d
11-20 00:36:26.245 V/WifiHAL (  539): Supported feature set acquired : 19d3d
11-20 00:36:26.245 V/WifiHAL (  539): WifiVendorCommand 0xa0792370 created vendor_id:0x1374 subcmd:76
11-20 00:36:26.245 V/WifiHAL (  539): create: mVendor_id = 4980, Subcmd = 76.
11-20 00:36:26.251 E/SupplicantStaIfaceHal( 1194): Can't call getWpaDriverFeatureSet, ISupplicantStaIface is null
11-20 00:36:26.251 I/WifiNative( 1194): Successfully switched to scan mode on iface=Iface:{Name=wlan0,Id=1,Type=STA_SCAN}
11-20 00:36:26.252 W/SupplicantStaIfaceHal( 1194): ISupplicant died: cookie=80
11-20 00:36:26.252 D/WifiClientModeManager1( 1194): entering ScanOnlyModeState
11-20 00:36:26.253 D/WifiScanRequestProxy( 1194): Sending scan available broadcast: true
11-20 00:36:26.253 D/WifiP2pService( 1194): Wifi enabled=false, P2P Interface availability=true
11-20 00:36:26.254 I/WifiScanningService( 1194): Received a request to enable scanning, UID = 1000
11-20 00:36:26.254 I/WifiScanningService( 1194): scanner impls already exists
11-20 00:36:26.254 E/WifiScanningService( 1194): wifi driver loaded received while already loaded
11-20 00:36:26.254 I/WifiScanRequestProxy( 1194): Scanning is enabled
11-20 00:36:26.254 I/WifiScanRequestProxy( 1194): Scanning for hidden networks is disabled
11-20 00:36:26.255 D/WakeupController( 1194): start()
11-20 00:36:26.255 D/WakeupController( 1194): Setting active to true
11-20 00:36:26.262 D/WakeupLock( 1194): Lock set. Number of networks: 1
11-20 00:36:26.264 D/WifiClientModeImpl( 1194): ClientModeImpl: Leaving Connected state
11-20 00:36:26.266 D/WifiCountryCode( 1194): updateCountryCode to US
11-20 00:36:26.266 E/SupplicantStaIfaceHal( 1194): Can't call setCountryCode, ISupplicantStaIface is null
11-20 00:36:26.266 D/WifiCountryCode( 1194): Failed to set country code to: US
11-20 00:36:26.274 E/SupplicantStaIfaceHal( 1194): Can't call listNetworks, ISupplicantStaIface is null
11-20 00:36:26.274 E/SupplicantStaIfaceHal( 1194): removeAllNetworks failed, got null networks
11-20 00:36:26.274 E/WifiClientModeImpl( 1194): Failed to remove networks on exiting connect mode
11-20 00:36:26.276 E/WakeupController( 1194): Unexpected setLastDisconnectInfo when WakeupController is active!
11-20 00:36:26.277 E/WifiVendorHal( 1194): stopRssiMonitoring(l.2106) failed {.code = ERROR_NOT_AVAILABLE, .description = }
11-20 00:36:26.277 E/SupplicantStaIfaceHal( 1194): Can't call setPowerSave, ISupplicantStaIface is null
11-20 00:36:26.277 E/SupplicantStaIfaceHal( 1194): Can't call setBtCoexistenceMode, ISupplicantStaIface is null
11-20 00:36:26.278 V/WifiClientModeImpl( 1194): stopIpClient IpClientWithPreConnection: false
11-20 00:36:26.278 V/WifiClientModeImpl( 1194): java.lang.Throwable
11-20 00:36:26.278 V/WifiClientModeImpl( 1194): 	at com.android.server.wifi.ClientModeImpl.stopIpClient(ClientModeImpl.java:1127)
11-20 00:36:26.278 V/WifiClientModeImpl( 1194): 	at com.android.server.wifi.ClientModeImpl.stopDhcpSetup(ClientModeImpl.java:1153)
11-20 00:36:26.278 V/WifiClientModeImpl( 1194): 	at com.android.server.wifi.ClientModeImpl.handleNetworkDisconnect(ClientModeImpl.java:2945)
11-20 00:36:26.278 V/WifiClientModeImpl( 1194): 	at com.android.server.wifi.ClientModeImpl.stopClientMode(ClientModeImpl.java:3889)
11-20 00:36:26.278 V/WifiClientModeImpl( 1194): 	at com.android.server.wifi.ClientModeImpl.access$4600(ClientModeImpl.java:176)
11-20 00:36:26.278 V/WifiClientModeImpl( 1194): 	at com.android.server.wifi.ClientModeImpl$ConnectModeState.exit(ClientModeImpl.java:4064)
11-20 00:36:26.278 V/WifiClientModeImpl( 1194): 	at com.android.wifi.x.com.android.internal.util.StateMachine$SmHandler.invokeExitMethods(StateMachine.java:1021)
11-20 00:36:26.278 V/WifiClientModeImpl( 1194): 	at com.android.wifi.x.com.android.internal.util.StateMachine$SmHandler.performTransitions(StateMachine.java:877)
11-20 00:36:26.278 V/WifiClientModeImpl( 1194): 	at com.android.wifi.x.com.android.internal.util.StateMachine$SmHandler.handleMessage(StateMachine.java:819)
11-20 00:36:26.278 V/WifiClientModeImpl( 1194): 	at android.os.Handler.dispatchMessage(Handler.java:106)
11-20 00:36:26.278 V/WifiClientModeImpl( 1194): 	at android.os.Looper.loop(Looper.java:223)
11-20 00:36:26.278 V/WifiClientModeImpl( 1194): 	at android.os.HandlerThread.run(HandlerThread.java:67)
11-20 00:36:26.279 D/DhcpClient( 1194): doQuit
11-20 00:36:26.279 D/ConnectivityService( 1194): [141 WIFI] EVENT_NETWORK_INFO_CHANGED, going from CONNECTED to DISCONNECTED
11-20 00:36:26.279 D/ConnectivityService( 1194): [141 WIFI] disconnected, was satisfying 27
11-20 00:36:26.280 D/WifiConnector( 2841): Network State Changed
11-20 00:36:26.280 D/QCNEJ/WlanStaInfoRelay( 1900): Received action: android.net.wifi.STATE_CHANGE
11-20 00:36:26.281 D/QCNEJ/WlanStaInfoRelay( 1900): reset CountryCodeRetriever
11-20 00:36:26.283 E/QMI_FW  (  927): qmi_cci_get_ref: ref count increased 2
11-20 00:36:26.285 D/WifiDiags( 1194): stopLogging() iface list is {} after removing wlan0
11-20 00:36:26.287 E/QMI_FW  (  927): qmi_cci_get_ref: ref count increased 2
11-20 00:36:26.287 E/WifiVendorHal( 1194): resetLogHandler(l.1558) failed {.code = ERROR_NOT_AVAILABLE, .description = }
11-20 00:36:26.287 W/WifiDiags( 1194): Fail to reset log handler
11-20 00:36:26.291 E/QMI_FW  ( 1113): qmi_cci_get_ref: ref count increased 2
11-20 00:36:26.301 D/SettingsSDK::SyncHelper( 2351): Read setting com.facebook.wearable.sdk.selfcare:SELFCARE_SERVICE_ENABLED from persistent cache
11-20 00:36:26.302 D/FacebookRepository( 2351): Reading from Store [906581286488774]
11-20 00:36:26.311 E/QMI_FW  ( 1113): qmi_cci_get_ref: ref count increased 2
11-20 00:36:26.322 E/QMI_FW  ( 1113): qmi_cci_get_ref: ref count increased 2
11-20 00:36:26.323 D/WifiMemoryStoreImpl( 1194): Set cluster Gded792457511e862 for We4936d4057368143: SUCCESS
11-20 00:36:26.328 E/QMI_FW  ( 1113): qmi_cci_get_ref: ref count increased 2
11-20 00:36:26.333 I/GnssNetworkConnectivityHandler( 1194): Network connection lost. Available networks count: 1
11-20 00:36:26.333 I/GnssNetworkConnectivityHandler( 1194): updateNetworkState, state=CLOSED, connected=false, network=141, capabilities=[ Transports: WIFI Capabilities: NOT_METERED&INTERNET&NOT_RESTRICTED&TRUSTED&NOT_VPN&VALIDATED&NOT_ROAMING&FOREGROUND&NOT_CONGESTED&NOT_SUSPENDED LinkUpBandwidth>=68000Kbps LinkDnBandwidth>=68000Kbps SignalStrength: -30 OwnerUid: 1000 AdministratorUids: [] SSID: "MTBF_Lab" RequestorUid: -1 RequestorPackageName: null], apn: , availableNetworkCount: 1
11-20 00:36:26.334 W/LocSvc_LocIpc(  523): send:66] failed reason: No such file or directory
11-20 00:36:26.335 E/QMI_FW  ( 1113): qmi_cci_get_ref: ref count increased 2
11-20 00:36:26.338 D/QCNEJ/DefaultNetworkInfoRelay( 1900): Default network lost: 141
11-20 00:36:26.340 I/Nat464Xlat( 1194): Android Xlat is disabled
11-20 00:36:26.341 D/QCNEJ/WlanStaInfoRelay( 1900): network lost: 141
11-20 00:36:26.341 D/QCNEJ/WlanStaInfoRelay( 1900): onLost: unbind the process to WIFI
11-20 00:36:26.342 E/QMI_FW  ( 1113): qmi_cci_get_ref: ref count increased 2
11-20 00:36:26.343 D/DeviceAuthService(16172): Network lost
11-20 00:36:26.347 E/QMI_FW  ( 1113): qmi_cci_get_ref: ref count increased 2
11-20 00:36:26.353 I/chatty  ( 1113): uid=1001(radio) main identical 2 lines
11-20 00:36:26.355 E/QMI_FW  ( 1113): qmi_cci_get_ref: ref count increased 2
11-20 00:36:26.364 E/QMI_FW  ( 1113): qmi_cci_get_ref: ref count increased 2
11-20 00:36:26.340 I/Nat464Xlat( 1194): Android Xlat is disabled
11-20 00:36:26.376 D/ConnectivityService( 1194): Sending DISCONNECTED broadcast for type 1 [141 WIFI] isDefaultNetwork=true
11-20 00:36:26.382 D/ConnectivityService( 1194): NetReassign [8 : null  100, 20 : null  100, 46 : null  100, 45 : null  100, 626 : null  100, 12 : null  100, 22 : null  100, 16 : null  100, 603 : null  100, 14 : null  100, 50 : null  100, 18 : null  100, 11 : null  100, 629 : null  100, 1 : null  100, 17 : null  100]
11-20 00:36:26.386 E/NetlinkEvent(  459): NetlinkEvent::FindParam(): Parameter 'INTERFACE' not found
11-20 00:36:26.386 E/NetlinkEvent(  459): NetlinkEvent::FindParam(): Parameter 'STATE' not found
11-20 00:36:26.386 E/NetlinkEvent(  459): NetlinkEvent::FindParam(): Parameter 'TIME_NS' not found
11-20 00:36:26.386 E/NetlinkEvent(  459): NetlinkEvent::FindParam(): Parameter 'UID' not found
11-20 00:36:26.398 D/ConnectivityService( 1194): Switching to new default network: NetworkAgentInfo{ ni{[type: MOBILE[LTE], state: CONNECTED/CONNECTED, reason: (unspecified), extra: nxtgenphone, failover: false, available: true, roaming: false]}  network{100}  nethandle{432902426637}  lp{{InterfaceName: rmnet_data2 LinkAddresses: [ 10.129.103.196/29,2600:380:c119:24f:b89a:9f3c:46c1:95af/64 ] DnsAddresses: [ /172.26.38.1,/fc00:a:a::300 ] Domains: null MTU: 1430 TcpBufferSizes: 2097152,4194304,8388608,262144,524288,1048576 Routes: [ 0.0.0.0/0 -> 10.129.103.197 rmnet_data2 mtu 1430,::/0 -> fe80::b45f:41f1:1846:969d rmnet_data2 mtu 1430,10.129.103.192/29 -> 0.0.0.0 rmnet_data2 mtu 0,2600:380:c119:24f::/64 -> :: rmnet_data2 mtu 0 ]}}  nc{[ Transports: CELLULAR Capabilities: MMS&SUPL&FOTA&INTERNET&NOT_RESTRICTED&TRUSTED&NOT_VPN&VALIDATED&NOT_ROAMING&FOREGROUND&NOT_CONGESTED&NOT_SUSPENDED LinkUpBandwidth>=15000Kbps LinkDnBandwidth>=30000Kbps Specifier: <TelephonyNetworkSpecifier [mSubId = 1]> AdministratorUids: [] RequestorUid: -1 RequestorPackageName: null]}  Score{50}  everValidated{true}  lastValidated{true}  created{true} lingering{true} explicitlySelected{false} acceptUnvalidated{false} everCaptivePortalDetected{false} lastCaptivePortalDetected{false} partialConnectivity{false} acceptPartialConnectivity{false} clat{mBaseIface: null, mIface: null, mState: IDLE} }
11-20 00:36:26.401 I/chatty  ( 1113): uid=1001(radio) main identical 6 lines
11-20 00:36:26.407 E/QMI_FW  ( 1113): qmi_cci_get_ref: ref count increased 2
11-20 00:36:26.436 D/DhcpClient( 1194): DHCP Packet Handler stopped
11-20 00:36:26.437 D/DhcpClient( 1194): onQuitting
11-20 00:36:26.457 D/WifiMemoryStoreImpl( 1194): Set cluster Gded792457511e862 for Wded792457511e862: SUCCESS
11-20 00:36:26.457 E/SelfCareDataCloudSyncWorker( 2351): Failed to get access token
11-20 00:36:26.457 E/SelfCareDataCloudSyncWorker( 2351): kotlinx.coroutines.JobCancellationException: Job was cancelled; job=JobImpl{Cancelling}@4da4708
11-20 00:36:26.458 I/WM-WorkerWrapper( 2351): Work [ id=41176d4d-428f-4560-a8c8-961a1631ba8f, tags={ com.facebook.wearable.system.selfcare.cloudsync.SelfCareDataCloudSyncWorker } ] was cancelled
11-20 00:36:26.458 I/WM-WorkerWrapper( 2351): java.util.concurrent.CancellationException: Task was cancelled.
11-20 00:36:26.458 I/WM-WorkerWrapper( 2351): 	at androidx.work.impl.utils.futures.AbstractFuture.getDoneValue(:32)
11-20 00:36:26.458 I/WM-WorkerWrapper( 2351): 	at androidx.work.impl.utils.futures.AbstractFuture.get(:268435546)
11-20 00:36:26.458 I/WM-WorkerWrapper( 2351): 	at androidx.work.impl.WorkerWrapper$2.run(:3)
11-20 00:36:26.458 I/WM-WorkerWrapper( 2351): 	at androidx.work.impl.utils.SerialExecutor$Task.run(:2)
11-20 00:36:26.458 I/WM-WorkerWrapper( 2351): 	at java.util.concurrent.ThreadPoolExecutor.runWorker(ThreadPoolExecutor.java:1167)
11-20 00:36:26.458 I/WM-WorkerWrapper( 2351): 	at java.util.concurrent.ThreadPoolExecutor$Worker.run(ThreadPoolExecutor.java:641)
11-20 00:36:26.458 I/WM-WorkerWrapper( 2351): 	at java.lang.Thread.run(Thread.java:923)
11-20 00:36:26.460 E/WifiNative( 1194): Could not get Iface object for interface null
11-20 00:36:26.461 D/WifiNetworkAgent( 1194): NetworkAgent: NetworkAgent channel lost
11-20 00:36:26.518 E/WifiNative( 1194): Could not get Iface object for interface null
11-20 00:36:26.526 D/DeviceAuthService(16172): Network connected
11-20 00:36:26.526 D/DeviceAuthService(16172): fetchAuthTokenWrapper called
11-20 00:36:26.529 D/QCNEJ/DefaultNetworkInfoRelay( 1900): Default network available: 100
11-20 00:36:26.534 W/system_server( 1194): Long monitor contention with owner NetworkPolicy (1633) at void com.android.server.net.NetworkPolicyManagerService.updateNetworksInternal()(NetworkPolicyManagerService.java:1527) waiters=0 in boolean com.android.server.net.NetworkPolicyManagerService$NetworkPolicyManagerInternalImpl.isUidNetworkingBlocked(int, java.lang.String) for 108ms
11-20 00:36:26.539 D/QCNEJ/NativeHalConnector( 1900): -> SND notifyDefaultNetworkChanged(0)
11-20 00:36:26.542 E/QMI_FW  (  927): qmi_cci_get_ref: ref count increased 2
11-20 00:36:26.544 V/LigerRadioStatsReporter( 2384): onCapabilitiesChanged: Network capabilities changed
11-20 00:36:26.544 V/LigerRadioStatsReporter( 2384): reportAndCheckpointRadioStats
11-20 00:36:26.546 V/LigerRadioStatsReporter( 2384): +++++++++++ RADIO STATS DUMP +++++++++++
11-20 00:36:26.546 V/LigerRadioStatsReporter( 2384): totalActiveRadioTimeMs=0
11-20 00:36:26.546 V/LigerRadioStatsReporter( 2384): totalTailRadioTimeMs=13995
11-20 00:36:26.546 V/LigerRadioStatsReporter( 2384): totalWakeupCount=0
11-20 00:36:26.546 V/LigerRadioStatsReporter( 2384): httpUpBytes=0
11-20 00:36:26.546 V/LigerRadioStatsReporter( 2384): httpDownBytes=0
11-20 00:36:26.547 V/LigerRadioStatsReporter( 2384): httpWakeupCount=0
11-20 00:36:26.547 V/LigerRadioStatsReporter( 2384): httpRequestCount=0
11-20 00:36:26.547 V/LigerRadioStatsReporter( 2384): httpActiveRadioTimeMs=0
11-20 00:36:26.547 V/LigerRadioStatsReporter( 2384): httpTailRadioTimeMs=13995
11-20 00:36:26.547 V/LigerRadioStatsReporter( 2384): reportAndCheckpointRadioStats: Tx=0
11-20 00:36:26.547 V/LigerRadioStatsReporter( 2384): reportAndCheckpointRadioStats: Rx=0
11-20 00:36:26.547 V/LigerRadioStatsReporter( 2384): reportAndCheckpointRadioStats: Uids=10028
11-20 00:36:26.547 V/LigerRadioStatsReporter( 2384): reportAndCheckpointRadioStats: Tags=null
11-20 00:36:26.549 D/DeviceAuthService(16172): isOculusAddressResolvable returned true
11-20 00:36:26.549 D/DeviceAuthenticator(16172): Fetching new credentials asynchronously
11-20 00:36:26.550 E/QMI_FW  (  927): qmi_cci_get_ref: ref count increased 2
11-20 00:36:26.550 D/DeviceAuthenticator(16172): Calling DeviceAuth.authenticate()
11-20 00:36:26.554 D/NetworkTimeUpdateService( 1194): New default network 100; checking time.
11-20 00:36:26.554 D/ConnectivityService( 1194): Unlingering [100 CELLULAR]
11-20 00:36:26.555 D/ConnectivityService( 1194): Sending CONNECTED broadcast for type 0 [100 CELLULAR] isDefaultNetwork=true
11-20 00:36:26.578 E/DeviceCertService(  541): This device *might* have a provisioning issue. Please run `maui provision check` to verify.
11-20 00:36:26.578 E/DeviceCertService(  541): See https://fburl.com/wiki/a9hho0p9 for more information.
11-20 00:36:26.578 E/DeviceCertService(  541): Could not access certificate file '/mnt/vendor/persist/certificates/device_identityinsecure.crt', error 2: No such file or directory
11-20 00:36:26.578 E/DeviceAuthenticator(16172): ERROR: java.lang.RuntimeException: devicecert returned error FILESYSTEM_ERROR
11-20 00:36:26.578 E/DeviceAuthenticator(16172): 
11-20 00:36:26.578 E/DeviceAuthenticator(16172): com.facebook.mos.sdk.devicecert.DeviceIdentityException: java.lang.RuntimeException: devicecert returned error FILESYSTEM_ERROR
11-20 00:36:26.578 E/DeviceAuthenticator(16172): 
11-20 00:36:26.621 D/CompatibilityInfo( 1194): mCompatibilityFlags - 4
11-20 00:36:26.622 D/CompatibilityInfo( 1194): applicationDensity - 320
11-20 00:36:26.622 D/CompatibilityInfo( 1194): applicationScale - 1.0
11-20 00:36:26.710 E/QMI_FW  ( 1113): qmi_cci_get_ref: ref count increased 2
11-20 00:36:26.710 E/QMI_FW  ( 1113): qmi_cci_get_ref: ref count increased 2
11-20 00:36:26.710 E/QMI_FW  ( 1113): qmi_cci_get_ref: ref count increased 2
11-20 00:36:26.767 W/System.err( 2665): INFO: com.whatsapp.net.logging.WtLog.log$REDEX$HQcOuACUrr4(:4) : Start handshake.
11-20 00:36:26.820 E/StickerBundleDatabaseWorker( 2351): Failed to fetch sticker bundles:
11-20 00:36:26.820 E/StickerBundleDatabaseWorker( 2351): kotlinx.coroutines.JobCancellationException: Job was cancelled; job=JobImpl{Cancelling}@dafc3dd
11-20 00:36:26.821 I/WM-WorkerWrapper( 2351): Work [ id=731e9e35-e8c2-49b1-b246-986e05f06ab6, tags={ com.facebook.wearable.system.selfcare.sharing.StickerBundleDatabaseWorker } ] was cancelled
11-20 00:36:26.821 I/WM-WorkerWrapper( 2351): java.util.concurrent.CancellationException: Task was cancelled.
11-20 00:36:26.821 I/WM-WorkerWrapper( 2351): 	at androidx.work.impl.utils.futures.AbstractFuture.getDoneValue(:32)
11-20 00:36:26.821 I/WM-WorkerWrapper( 2351): 	at androidx.work.impl.utils.futures.AbstractFuture.get(:268435546)
11-20 00:36:26.821 I/WM-WorkerWrapper( 2351): 	at androidx.work.impl.WorkerWrapper$2.run(:3)
11-20 00:36:26.821 I/WM-WorkerWrapper( 2351): 	at androidx.work.impl.utils.SerialExecutor$Task.run(:2)
11-20 00:36:26.821 I/WM-WorkerWrapper( 2351): 	at java.util.concurrent.ThreadPoolExecutor.runWorker(ThreadPoolExecutor.java:1167)
11-20 00:36:26.821 I/WM-WorkerWrapper( 2351): 	at java.util.concurrent.ThreadPoolExecutor$Worker.run(ThreadPoolExecutor.java:641)
11-20 00:36:26.821 I/WM-WorkerWrapper( 2351): 	at java.lang.Thread.run(Thread.java:923)
11-20 00:36:26.860 I/m.android.phon( 1975): Background young concurrent copying GC freed 163381(16MB) AllocSpace objects, 64(1168KB) LOS objects, 77% free, 5418KB/23MB, paused 187us total 103.912ms
11-20 00:36:26.892 D/CompatibilityInfo( 1194): mCompatibilityFlags - 4
11-20 00:36:26.892 D/CompatibilityInfo( 1194): applicationDensity - 320
11-20 00:36:26.892 D/CompatibilityInfo( 1194): applicationScale - 1.0
11-20 00:36:26.919 W/System.err( 2665): INFO: com.whatsapp.net.logging.WtLog.log$REDEX$HQcOuACUrr4(:4) : Handshake complete : session_resumed true early_data_sent false early_data_accepted false client_cert_requested false time_ms 152
11-20 00:36:26.942 D/SettingsSDK::SyncHelper( 2351): Read setting com.facebook.wearable.sdk.selfcare:SELFCARE_SERVICE_ENABLED from persistent cache
11-20 00:36:26.943 D/FacebookRepository( 2351): Reading from Store [906581286488774]
11-20 00:36:27.071 E/SelfCareDataCloudSyncWorker( 2351): Failed to get access token
11-20 00:36:27.071 E/SelfCareDataCloudSyncWorker( 2351): kotlinx.coroutines.JobCancellationException: Job was cancelled; job=JobImpl{Cancelling}@69392aa
11-20 00:36:27.071 I/WM-WorkerWrapper( 2351): Work [ id=41176d4d-428f-4560-a8c8-961a1631ba8f, tags={ com.facebook.wearable.system.selfcare.cloudsync.SelfCareDataCloudSyncWorker } ] was cancelled
11-20 00:36:27.071 I/WM-WorkerWrapper( 2351): java.util.concurrent.CancellationException: Task was cancelled.
11-20 00:36:27.071 I/WM-WorkerWrapper( 2351): 	at androidx.work.impl.utils.futures.AbstractFuture.getDoneValue(:32)
11-20 00:36:27.071 I/WM-WorkerWrapper( 2351): 	at androidx.work.impl.utils.futures.AbstractFuture.get(:268435546)
11-20 00:36:27.071 I/WM-WorkerWrapper( 2351): 	at androidx.work.impl.WorkerWrapper$2.run(:3)
11-20 00:36:27.071 I/WM-WorkerWrapper( 2351): 	at androidx.work.impl.utils.SerialExecutor$Task.run(:2)
11-20 00:36:27.071 I/WM-WorkerWrapper( 2351): 	at java.util.concurrent.ThreadPoolExecutor.runWorker(ThreadPoolExecutor.java:1167)
11-20 00:36:27.071 I/WM-WorkerWrapper( 2351): 	at java.util.concurrent.ThreadPoolExecutor$Worker.run(ThreadPoolExecutor.java:641)
11-20 00:36:27.071 I/WM-WorkerWrapper( 2351): 	at java.lang.Thread.run(Thread.java:923)
