11-20 07:09:26.427 D/ConnectivityService( 1194): Sending DISCONNECTED broadcast for type 1 [157 WIFI] isDefaultNetwork=true
11-20 07:09:26.429 D/ConnectivityService( 1194): NetReassign [8 : null  100, 20 : null  100, 46 : null  100, 45 : null  100, 12 : null  100, 22 : null  100, 16 : null  100, 14 : null  100, 50 : null  100, 990 : null  100, 18 : null  100, 993 : null  100, 11 : null  100, 1 : null  100, 17 : null  100, 995 : null  100]
11-20 07:09:26.433 E/NetlinkEvent(  459): NetlinkEvent::FindParam(): Parameter 'INTERFACE' not found
11-20 07:09:26.433 E/NetlinkEvent(  459): NetlinkEvent::FindParam(): Parameter 'STATE' not found
11-20 07:09:26.433 E/NetlinkEvent(  459): NetlinkEvent::FindParam(): Parameter 'TIME_NS' not found
11-20 07:09:26.433 E/NetlinkEvent(  459): NetlinkEvent::FindParam(): Parameter 'UID' not found
11-20 07:09:26.453 D/ConnectivityService( 1194): Switching to new default network: NetworkAgentInfo{ ni{[type: MOBILE[LTE], state: CONNECTED/CONNECTED, reason: (unspecified), extra: nxtgenphone, failover: false, available: true, roaming: false]}  network{100}  nethandle{432902426637}  lp{{InterfaceName: rmnet_data2 LinkAddresses: [ 10.129.103.196/29,2600:380:c119:24f:b89a:9f3c:46c1:95af/64 ] DnsAddresses: [ /172.26.38.1,/fc00:a:a::300 ] Domains: null MTU: 1430 TcpBufferSizes: 2097152,4194304,8388608,262144,524288,1048576 Routes: [ 0.0.0.0/0 -> 10.129.103.197 rmnet_data2 mtu 1430,::/0 -> fe80::b45f:41f1:1846:969d rmnet_data2 mtu 1430,10.129.103.192/29 -> 0.0.0.0 rmnet_data2 mtu 0,2600:380:c119:24f::/64 -> :: rmnet_data2 mtu 0 ]}}  nc{[ Transports: CELLULAR Capabilities: MMS&SUPL&FOTA&INTERNET&NOT_RESTRICTED&TRUSTED&NOT_VPN&VALIDATED&NOT_ROAMING&FOREGROUND&NOT_CONGESTED&NOT_SUSPENDED LinkUpBandwidth>=15000Kbps LinkDnBandwidth>=30000Kbps Specifier: <TelephonyNetworkSpecifier [mSubId = 1]> AdministratorUids: [] RequestorUid: -1 RequestorPackageName: null]}  Score{50}  everValidated{true}  lastValidated{true}  created{true} lingering{true} explicitlySelected{false} acceptUnvalidated{false} everCaptivePortalDetected{false} lastCaptivePortalDetected{false} partialConnectivity{false} acceptPartialConnectivity{false} clat{mBaseIface: null, mIface: null, mState: IDLE} }
11-20 07:09:26.596 D/ConnectivityService( 1194): Unlingering [100 CELLULAR]
11-20 07:09:26.596 D/ConnectivityService( 1194): Sending CONNECTED broadcast for type 0 [100 CELLULAR] isDefaultNetwork=true
11-20 07:09:29.773 D/commandrouter( 1117): rtc_sync (1, rtc:sync): <ServiceRequest> FORWARDED (remote -> local) service client ID = 0, token ID = 38295
11-20 07:09:29.774 D/commandrouter( 1117): SocServiceHandle::onServiceMessage, SoC Service = rtc_sync, appType = 1, type = SVC_RESP, clientId = 0, token = 38295, payloadLen = 8, result = 0, payload.size() = 8
11-20 07:09:30.807 D/AutofillManagerService( 1194): onBackKeyPressed()
11-20 07:09:33.613 I/chatty  ( 1194): uid=1000(system) android.ui identical 3 lines
11-20 07:09:34.626 D/AutofillManagerService( 1194): onBackKeyPressed()
11-20 07:09:35.366 E/TaskPersister( 1194): File error accessing recents directory (directory doesn't exist?).
11-20 07:09:35.623 D/AutofillManagerService( 1194): onBackKeyPressed()
11-20 07:09:36.621 I/chatty  ( 1194): uid=1000(system) android.ui identical 1 line
11-20 07:09:37.615 D/AutofillManagerService( 1194): onBackKeyPressed()
11-20 07:09:38.156 W/ActivityManager( 1194): Invalid packageName: com.facebook.wearable.system.settings/com.facebook.wearable.system.settings.SettingsActivity
11-20 07:09:38.276 I/ActivityTaskManager( 1194): START u0 {flg=0x10000000 cmp=com.facebook.wearable.system.settings/.SettingsActivity} from uid 0
11-20 07:09:38.292 I/ActivityTaskManager( 1194): The Process com.facebook.wearable.system.settings Already Exists in BG. So sending its PID: 16444
11-20 07:09:38.293 W/ActivityTaskManager( 1194): Tried to set launchTime (0) < mLastActivityLaunchTime (55304571)
11-20 07:09:39.776 D/commandrouter( 1117): rtc_sync (1, rtc:sync): <ServiceRequest> FORWARDED (remote -> local) service client ID = 0, token ID = 38296
11-20 07:09:39.777 D/commandrouter( 1117): SocServiceHandle::onServiceMessage, SoC Service = rtc_sync, appType = 1, type = SVC_RESP, clientId = 0, token = 38296, payloadLen = 8, result = 0, payload.size() = 8
11-20 07:09:42.403 E/TaskPersister( 1194): File error accessing recents directory (directory doesn't exist?).
11-20 07:09:44.951 W/ContextImpl( 1194): Calling a method in the system process without a qualified user: android.app.ContextImpl.sendBroadcastMultiplePermissions:1143 android.content.Context.sendBroadcastWithMultiplePermissions:2150 com.android.server.display.WifiDisplayAdapter.handleSendStatusChangeBroadcast:440 com.android.server.display.WifiDisplayAdapter.access$1700:63 com.android.server.display.WifiDisplayAdapter$WifiDisplayHandler.handleMessage:675 
11-20 07:09:45.990 W/ContextImpl( 1194): Calling a method in the system process without a qualified user: android.app.ContextImpl.sendBroadcastMultiplePermissions:1143 android.content.Context.sendBroadcastWithMultiplePermissions:2150 com.android.server.wifi.p2p.WifiP2pServiceImpl$P2pStateMachine.sendBroadcastMultiplePermissions:3209 com.android.server.wifi.p2p.WifiP2pServiceImpl$P2pStateMachine.sendP2pConnectionChangedBroadcast:3236 com.android.server.wifi.p2p.WifiP2pServiceImpl$P2pStateMachine.access$5100:768 
11-20 07:09:45.992 W/BroadcastQueue( 1194): Permission Denial: receiving Intent { act=android.net.wifi.p2p.CONNECTION_STATE_CHANGE flg=0x24000010 (has extras) } to ProcessRecord{ba73 1900:.qtidataservices/u0a89} (pid=1900, uid=10089) requires android.permission.ACCESS_FINE_LOCATION due to sender android (uid 1000)
11-20 07:09:45.997 W/ContextImpl( 1194): Calling a method in the system process without a qualified user: android.app.ContextImpl.sendBroadcastMultiplePermissions:1143 android.content.Context.sendBroadcastWithMultiplePermissions:2150 com.android.server.wifi.p2p.WifiP2pServiceImpl$P2pStateMachine.sendBroadcastMultiplePermissions:3209 com.android.server.wifi.p2p.WifiP2pServiceImpl$P2pStateMachine.sendThisDeviceChangedBroadcast:3218 com.android.server.wifi.p2p.WifiP2pServiceImpl$P2pStateMachine.updateThisDevice:3962 
11-20 07:09:46.011 W/wificond(  906): Scan is not started. Ignore abort request
11-20 07:09:47.427 D/ConnectivityService( 1194): registerNetworkAgent NetworkAgentInfo{ ni{[type: WIFI[], state: UNKNOWN/IDLE, reason: (unspecified), extra: , failover: false, available: true, roaming: false]}  network{158}  nethandle{682010529805}  lp{{InterfaceName: wlan0 LinkAddresses: [ ] DnsAddresses: [ ] Domains: null MTU: 0 Routes: [ ]}}  nc{[ Transports: WIFI Capabilities: NOT_METERED&INTERNET&NOT_RESTRICTED&TRUSTED&NOT_VPN&NOT_ROAMING&FOREGROUND&NOT_CONGESTED&NOT_SUSPENDED LinkUpBandwidth>=72000Kbps LinkDnBandwidth>=72000Kbps OwnerUid: 1000 SSID: "MTBF_Lab" RequestorUid: -1 RequestorPackageName: null]}  Score{20}  everValidated{false}  lastValidated{false}  created{false} lingering{false} explicitlySelected{false} acceptUnvalidated{false} everCaptivePortalDetected{false} lastCaptivePortalDetected{false} partialConnectivity{false} acceptPartialConnectivity{false} clat{mBaseIface: null, mIface: null, mState: IDLE} }
11-20 07:09:47.445 D/ConnectivityService( 1194): [158 WIFI] EVENT_NETWORK_INFO_CHANGED, going from UNKNOWN to UNKNOWN
11-20 07:09:47.542 D/commandrouter( 1117): SocServiceHandle::onServiceMessage, SoC Service = mcu_healthcheck_1118, appType = 1, type = SVC_REQ, clientId = 0, token = 1842, payloadLen = 12, result = 0, payload.size() = 12
11-20 07:09:47.545 D/commandrouter( 1117): mcu_healthcheck_1118 (1, merlot:mcu_health:control): <ServiceResponse> FORWARDED (remote -> local) CR token ID = 1842, service client ID = 40, token ID = 33651, result = 0
11-20 07:09:47.546 D/mculinkhealth( 1118): isMcuReachable 1 (4 ms)
11-20 07:09:47.597 D/ConnectivityService( 1194): NetReassign [no changes]
11-20 07:09:47.633 I/Nat464Xlat( 1194): Android Xlat is disabled
11-20 07:09:47.633 I/Nat464Xlat( 1194): Android Xlat is disabled
11-20 07:09:47.732 E/ConnectivityService( 1194): Exception in networkAddRouteParcel for non-gateway: android.os.ServiceSpecificException: Machine is not on the network (code 64)
11-20 07:09:47.733 E/ConnectivityService( 1194): Exception in networkAddRouteParcel for gateway: android.os.ServiceSpecificException: Machine is not on the network (code 64)
11-20 07:09:47.733 I/Nat464Xlat( 1194): Android Xlat is disabled
11-20 07:09:47.733 I/Nat464Xlat( 1194): Android Xlat is disabled
11-20 07:09:47.874 D/ConnectivityService( 1194): Setting DNS servers for network 158 to [/192.168.1.1]
11-20 07:09:47.876 I/Nat464Xlat( 1194): Android Xlat is disabled
11-20 07:09:47.876 I/Nat464Xlat( 1194): Android Xlat is disabled
11-20 07:09:47.970 D/ConnectivityService( 1194): [158 WIFI] EVENT_NETWORK_INFO_CHANGED, going from UNKNOWN to CONNECTED
11-20 07:09:47.975 D/DnsManager( 1194): sendDnsConfigurationForNetwork(158, [192.168.1.1], [], 1800, 25, 8, 64, 0, 0, , [])
11-20 07:09:47.978 W/DnsManager( 1194): updatePrivateDns(158, PrivateDnsConfig{true:/[]})
11-20 07:09:47.978 D/ConnectivityService( 1194): Setting DNS servers for network 158 to [/192.168.1.1]
11-20 07:09:47.979 D/DnsManager( 1194): sendDnsConfigurationForNetwork(158, [192.168.1.1], [], 1800, 25, 8, 64, 0, 0, , [192.168.1.1])
11-20 07:09:47.982 D/ConnectivityService( 1194): Adding iface wlan0 to network 158
11-20 07:09:48.002 D/ConnectivityService( 1194): Setting DNS servers for network 158 to [/192.168.1.1]
11-20 07:09:48.002 D/DnsManager( 1194): sendDnsConfigurationForNetwork(158, [192.168.1.1], [], 1800, 25, 8, 64, 0, 0, , [192.168.1.1])
11-20 07:09:48.004 I/Nat464Xlat( 1194): Android Xlat is disabled
11-20 07:09:48.005 I/Nat464Xlat( 1194): Android Xlat is disabled
11-20 07:09:48.092 D/ConnectivityService( 1194): NetReassign [no changes]
11-20 07:09:48.271 D/ConnectivityService( 1194): [158 WIFI] validation passed
11-20 07:09:48.272 D/ConnectivityService( 1194): NetReassign [8 : 100  158, 20 : 100  158, 46 : 100  158, 45 : 100  158, 12 : 100  158, 22 : 100  158, 16 : 100  158, 14 : 100  158, 50 : 100  158, 990 : 100  158, 18 : 100  158, 993 : 100  158, 11 : 100  158, 1 : 100  158, 17 : 100  158, 995 : 100  158]
11-20 07:09:48.276 E/NetlinkEvent(  459): NetlinkEvent::FindParam(): Parameter 'INTERFACE' not found
11-20 07:09:48.276 E/NetlinkEvent(  459): NetlinkEvent::FindParam(): Parameter 'STATE' not found
11-20 07:09:48.277 E/NetlinkEvent(  459): NetlinkEvent::FindParam(): Parameter 'TIME_NS' not found
11-20 07:09:48.277 E/NetlinkEvent(  459): NetlinkEvent::FindParam(): Parameter 'UID' not found
11-20 07:09:48.292 D/ConnectivityService( 1194): Switching to new default network: NetworkAgentInfo{ ni{[type: WIFI[], state: CONNECTED/CONNECTED, reason: (unspecified), extra: , failover: false, available: true, roaming: false]}  network{158}  nethandle{682010529805}  lp{{InterfaceName: wlan0 LinkAddresses: [ 192.168.1.39/24 ] DnsAddresses: [ /192.168.1.1 ] Domains: null MTU: 0 ServerAddress: /192.168.1.1 TcpBufferSizes: 524288,1048576,2097152,262144,524288,1048576 Routes: [ fe80::/64 -> :: wlan0 mtu 0,192.168.1.0/24 -> 0.0.0.0 wlan0 mtu 0,0.0.0.0/0 -> 192.168.1.1 wlan0 mtu 0 ]}}  nc{[ Transports: WIFI Capabilities: NOT_METERED&INTERNET&NOT_RESTRICTED&TRUSTED&NOT_VPN&VALIDATED&NOT_ROAMING&FOREGROUND&NOT_CONGESTED&NOT_SUSPENDED LinkUpBandwidth>=68000Kbps LinkDnBandwidth>=68000Kbps SignalStrength: -30 OwnerUid: 1000 SSID: "MTBF_Lab" RequestorUid: -1 RequestorPackageName: null]}  Score{60}  everValidated{true}  lastValidated{true}  created{true} lingering{false} explicitlySelected{false} acceptUnvalidated{false} everCaptivePortalDetected{false} lastCaptivePortalDetected{false} partialConnectivity{false} acceptPartialConnectivity{false} clat{mBaseIface: null, mIface: null, mState: IDLE} }
11-20 07:09:48.377 D/AppStorageManager( 1194): BEFORE:: Previous Size: 997183488 Current Size: 996966400
11-20 07:09:48.377 D/AppStorageManager( 1194): AFTER:: Previous Size: 996966400 Current Size: 996966400
11-20 07:09:48.431 D/ConnectivityService( 1194): Lingering [100 CELLULAR] for 30000ms
11-20 07:09:48.433 D/ConnectivityService( 1194): Sending DISCONNECTED broadcast for type 0 [100 CELLULAR] isDefaultNetwork=true
11-20 07:09:48.436 D/ConnectivityService( 1194): Sending CONNECTED broadcast for type 1 [158 WIFI] isDefaultNetwork=true
11-20 07:09:48.475 D/ConnectivityService( 1194): Setting DNS servers for network 158 to [/192.168.1.1]
11-20 07:09:48.476 D/DnsManager( 1194): sendDnsConfigurationForNetwork(158, [192.168.1.1], [], 1800, 25, 8, 64, 0, 0, , [192.168.1.1])
11-20 07:09:49.273 I/Nat464Xlat( 1194): Android Xlat is disabled
11-20 07:09:49.273 I/Nat464Xlat( 1194): Android Xlat is disabled
11-20 07:09:49.780 D/commandrouter( 1117): rtc_sync (1, rtc:sync): <ServiceRequest> FORWARDED (remote -> local) service client ID = 0, token ID = 38297
11-20 07:09:49.780 D/commandrouter( 1117): SocServiceHandle::onServiceMessage, SoC Service = rtc_sync, appType = 1, type = SVC_RESP, clientId = 0, token = 38297, payloadLen = 8, result = 0, payload.size() = 8
11-20 07:09:53.856 D/commandrouter( 1117): SocServiceHandle::onServiceMessage, SoC Service = mcu_healthcheck_1194, appType = 1, type = SVC_REQ, clientId = 0, token = 95, payloadLen = 12, result = 0, payload.size() = 12
11-20 07:09:53.859 D/commandrouter( 1117): mcu_healthcheck_1194 (1, merlot:mcu_health:control): <ServiceResponse> FORWARDED (remote -> local) CR token ID = 95, service client ID = 39, token ID = 33652, result = 0
11-20 07:09:53.880 D/McuReachableCollector( 1194): call isMcuReachable, result true
11-20 07:09:54.016 D/RadioActivityCollector( 1194): Logging RadioActivity data: fields={radio_bluetooth_tx_time_unplugged=0, radio_wifi_sleep_time_unplugged=497107, radio_bluetooth_idle_time_unplugged=0, radio_wifi_tx_time_unplugged=0, radio_bluetooth_energy_used_unplugged=0, radio_bluetooth_rx_time_unplugged=0, radio_wifi_rx_time_unplugged=0, radio_bluetooth_sleep_time_unplugged=599885, radio_wifi_idle_time_unplugged=102835, radio_wifi_energy_used_unplugged=0}, pid=null, uid=null, pids=null, uids=null
11-20 07:09:59.786 D/commandrouter( 1117): rtc_sync (1, rtc:sync): <ServiceRequest> FORWARDED (remote -> local) service client ID = 0, token ID = 38298
11-20 07:09:59.787 D/commandrouter( 1117): SocServiceHandle::onServiceMessage, SoC Service = rtc_sync, appType = 1, type = SVC_RESP, clientId = 0, token = 38298, payloadLen = 8, result = 0, payload.size() = 8
11-20 07:10:06.369 D/AutofillManagerService( 1194): onBackKeyPressed()
11-20 07:10:07.427 I/chatty  ( 1194): uid=1000(system) android.ui identical 2 lines
11-20 07:10:08.625 D/AutofillManagerService( 1194): onBackKeyPressed()
11-20 07:10:09.163 W/ActivityManager( 1194): Invalid packageName: com.facebook.wearable.system.settings/com.facebook.wearable.system.settings.SettingsActivity
11-20 07:10:09.298 I/ActivityTaskManager( 1194): START u0 {flg=0x10000000 cmp=com.facebook.wearable.system.settings/.SettingsActivity} from uid 0
11-20 07:10:09.315 I/ActivityTaskManager( 1194): The Process com.facebook.wearable.system.settings Already Exists in BG. So sending its PID: 16444
11-20 07:10:09.315 W/ActivityTaskManager( 1194): Tried to set launchTime (0) < mLastActivityLaunchTime (55324557)
11-20 07:10:09.783 D/commandrouter( 1117): rtc_sync (1, rtc:sync): <ServiceRequest> FORWARDED (remote -> local) service client ID = 0, token ID = 38299
11-20 07:10:09.784 D/commandrouter( 1117): SocServiceHandle::onServiceMessage, SoC Service = rtc_sync, appType = 1, type = SVC_RESP, clientId = 0, token = 38299, payloadLen = 8, result = 0, payload.size() = 8
11-20 07:10:10.603 D/commandrouter( 1117): SocServiceHandle::onServiceMessage, SoC Service = mcu_healthcheck_946, appType = 1, type = SVC_REQ, clientId = 0, token = 921, payloadLen = 20, result = 0, payload.size() = 20
11-20 07:10:10.615 D/commandrouter( 1117): mcu_healthcheck_946 (1, merlot:mcu_health:control): <ServiceResponse> FORWARDED (remote -> local) CR token ID = 921, service client ID = 6, token ID = 33653, result = 0
11-20 07:10:12.001 E/TaskPersister( 1194): File error accessing recents directory (directory doesn't exist?).
11-20 07:10:16.477 D/AnalyticsLogger( 1194): sent events: 15
11-20 07:10:16.865 W/ContextImpl( 1194): Calling a method in the system process without a qualified user: android.app.ContextImpl.sendBroadcastMultiplePermissions:1143 android.content.Context.sendBroadcastWithMultiplePermissions:2150 com.android.server.display.WifiDisplayAdapter.handleSendStatusChangeBroadcast:440 com.android.server.display.WifiDisplayAdapter.access$1700:63 com.android.server.display.WifiDisplayAdapter$WifiDisplayHandler.handleMessage:675 
11-20 07:10:17.299 D/ConnectivityService( 1194): [158 WIFI] EVENT_NETWORK_INFO_CHANGED, going from CONNECTED to DISCONNECTED
11-20 07:10:17.299 D/ConnectivityService( 1194): [158 WIFI] disconnected, was satisfying 27
11-20 07:10:17.377 I/Nat464Xlat( 1194): Android Xlat is disabled
11-20 07:10:17.377 I/Nat464Xlat( 1194): Android Xlat is disabled
11-20 07:10:17.395 D/ConnectivityService( 1194): Sending DISCONNECTED broadcast for type 1 [158 WIFI] isDefaultNetwork=true
11-20 07:10:17.424 D/ConnectivityService( 1194): NetReassign [8 : null  100, 20 : null  100, 46 : null  100, 45 : null  100, 12 : null  100, 22 : null  100, 16 : null  100, 14 : null  100, 50 : null  100, 990 : null  100, 18 : null  100, 993 : null  100, 11 : null  100, 1 : null  100, 17 : null  100, 995 : null  100]
11-20 07:10:17.428 E/NetlinkEvent(  459): NetlinkEvent::FindParam(): Parameter 'INTERFACE' not found
11-20 07:10:17.428 E/NetlinkEvent(  459): NetlinkEvent::FindParam(): Parameter 'STATE' not found
11-20 07:10:17.428 E/NetlinkEvent(  459): NetlinkEvent::FindParam(): Parameter 'TIME_NS' not found
11-20 07:10:17.428 E/NetlinkEvent(  459): NetlinkEvent::FindParam(): Parameter 'UID' not found
11-20 07:10:17.440 D/ConnectivityService( 1194): Switching to new default network: NetworkAgentInfo{ ni{[type: MOBILE[LTE], state: CONNECTED/CONNECTED, reason: (unspecified), extra: nxtgenphone, failover: false, available: true, roaming: false]}  network{100}  nethandle{432902426637}  lp{{InterfaceName: rmnet_data2 LinkAddresses: [ 10.129.103.196/29,2600:380:c119:24f:b89a:9f3c:46c1:95af/64 ] DnsAddresses: [ /172.26.38.1,/fc00:a:a::300 ] Domains: null MTU: 1430 TcpBufferSizes: 2097152,4194304,8388608,262144,524288,1048576 Routes: [ 0.0.0.0/0 -> 10.129.103.197 rmnet_data2 mtu 1430,::/0 -> fe80::b45f:41f1:1846:969d rmnet_data2 mtu 1430,10.129.103.192/29 -> 0.0.0.0 rmnet_data2 mtu 0,2600:380:c119:24f::/64 -> :: rmnet_data2 mtu 0 ]}}  nc{[ Transports: CELLULAR Capabilities: MMS&SUPL&FOTA&INTERNET&NOT_RESTRICTED&TRUSTED&NOT_VPN&VALIDATED&NOT_ROAMING&FOREGROUND&NOT_CONGESTED&NOT_SUSPENDED LinkUpBandwidth>=15000Kbps LinkDnBandwidth>=30000Kbps Specifier: <TelephonyNetworkSpecifier [mSubId = 1]> AdministratorUids: [] RequestorUid: -1 RequestorPackageName: null]}  Score{50}  everValidated{true}  lastValidated{true}  created{true} lingering{true} explicitlySelected{false} acceptUnvalidated{false} everCaptivePortalDetected{false} lastCaptivePortalDetected{false} partialConnectivity{false} acceptPartialConnectivity{false} clat{mBaseIface: null, mIface: null, mState: IDLE} }
11-20 07:10:17.548 D/commandrouter( 1117): SocServiceHandle::onServiceMessage, SoC Service = mcu_healthcheck_1118, appType = 1, type = SVC_REQ, clientId = 0, token = 1843, payloadLen = 12, result = 0, payload.size() = 12
11-20 07:10:17.551 D/commandrouter( 1117): mcu_healthcheck_1118 (1, merlot:mcu_health:control): <ServiceResponse> FORWARDED (remote -> local) CR token ID = 1843, service client ID = 40, token ID = 33654, result = 0
11-20 07:10:17.555 D/mculinkhealth( 1118): isMcuReachable 1 (7 ms)
11-20 07:10:17.581 D/ConnectivityService( 1194): Unlingering [100 CELLULAR]
11-20 07:10:17.582 D/ConnectivityService( 1194): Sending CONNECTED broadcast for type 0 [100 CELLULAR] isDefaultNetwork=true
11-20 07:10:19.790 D/commandrouter( 1117): rtc_sync (1, rtc:sync): <ServiceRequest> FORWARDED (remote -> local) service client ID = 0, token ID = 38300
11-20 07:10:19.791 D/commandrouter( 1117): SocServiceHandle::onServiceMessage, SoC Service = rtc_sync, appType = 1, type = SVC_RESP, clientId = 0, token = 38300, payloadLen = 8, result = 0, payload.size() = 8
11-20 07:10:21.813 D/AutofillManagerService( 1194): onBackKeyPressed()
11-20 07:10:24.623 I/chatty  ( 1194): uid=1000(system) android.ui identical 3 lines
11-20 07:10:25.618 D/AutofillManagerService( 1194): onBackKeyPressed()
11-20 07:10:26.358 E/TaskPersister( 1194): File error accessing recents directory (directory doesn't exist?).
11-20 07:10:26.630 D/AutofillManagerService( 1194): onBackKeyPressed()
11-20 07:10:27.627 I/chatty  ( 1194): uid=1000(system) android.ui identical 1 line
11-20 07:10:28.626 D/AutofillManagerService( 1194): onBackKeyPressed()
11-20 07:10:29.149 W/ActivityManager( 1194): Invalid packageName: com.facebook.wearable.system.settings/com.facebook.wearable.system.settings.SettingsActivity
11-20 07:10:29.296 I/ActivityTaskManager( 1194): START u0 {flg=0x10000000 cmp=com.facebook.wearable.system.settings/.SettingsActivity} from uid 0
11-20 07:10:29.318 I/ActivityTaskManager( 1194): The Process com.facebook.wearable.system.settings Already Exists in BG. So sending its PID: 16444
11-20 07:10:29.318 W/ActivityTaskManager( 1194): Tried to set launchTime (0) < mLastActivityLaunchTime (55355580)
11-20 07:10:29.795 D/commandrouter( 1117): rtc_sync (1, rtc:sync): <ServiceRequest> FORWARDED (remote -> local) service client ID = 0, token ID = 38301
11-20 07:10:29.796 D/commandrouter( 1117): SocServiceHandle::onServiceMessage, SoC Service = rtc_sync, appType = 1, type = SVC_RESP, clientId = 0, token = 38301, payloadLen = 8, result = 0, payload.size() = 8
11-20 07:10:32.927 E/TaskPersister( 1194): File error accessing recents directory (directory doesn't exist?).
11-20 07:10:35.332 W/ContextImpl( 1194): Calling a method in the system process without a qualified user: android.app.ContextImpl.sendBroadcastMultiplePermissions:1143 android.content.Context.sendBroadcastWithMultiplePermissions:2150 com.android.server.display.WifiDisplayAdapter.handleSendStatusChangeBroadcast:440 com.android.server.display.WifiDisplayAdapter.access$1700:63 com.android.server.display.WifiDisplayAdapter$WifiDisplayHandler.handleMessage:675 
--------- beginning of main
11-20 07:10:36.276 E/wpa_supplicant(30808): eap_proxy: IMSI dst = 51 dst 1
11-20 07:10:36.276 E/wpa_supplicant(30808): eap_proxy: IMSI read from SIM = 1 src 2
11-20 07:10:36.276 E/wpa_supplicant(30808): eap_proxy: IMSI dst = 49 dst 2
11-20 07:10:36.276 E/wpa_supplicant(30808): eap_proxy: IMSI dst = 48 dst 3
11-20 07:10:36.276 E/wpa_supplicant(30808): eap_proxy: IMSI read from SIM = 130 src 3
11-20 07:10:36.276 E/wpa_supplicant(30808): eap_proxy: IMSI dst = 50 dst 4
11-20 07:10:36.276 E/wpa_supplicant(30808): eap_proxy: IMSI dst = 56 dst 5
11-20 07:10:36.276 E/wpa_supplicant(30808): eap_proxy: IMSI read from SIM = 0 src 4
11-20 07:10:36.276 E/wpa_supplicant(30808): eap_proxy: IMSI dst = 48 dst 6
11-20 07:10:36.276 E/wpa_supplicant(30808): eap_proxy: IMSI dst = 48 dst 7
11-20 07:10:36.276 E/wpa_supplicant(30808): eap_proxy: IMSI read from SIM = 146 src 5
11-20 07:10:36.276 E/wpa_supplicant(30808): eap_proxy: IMSI dst = 50 dst 8
11-20 07:10:36.276 E/wpa_supplicant(30808): eap_proxy: IMSI dst = 57 dst 9
11-20 07:10:36.276 E/wpa_supplicant(30808): eap_proxy: IMSI read from SIM = 9 src 6
11-20 07:10:36.276 E/wpa_supplicant(30808): eap_proxy: IMSI dst = 57 dst 10
11-20 07:10:36.276 E/wpa_supplicant(30808): eap_proxy: IMSI dst = 48 dst 11
11-20 07:10:36.276 E/wpa_supplicant(30808): eap_proxy: IMSI read from SIM = 41 src 7
11-20 07:10:36.276 E/wpa_supplicant(30808): eap_proxy: IMSI dst = 57 dst 12
11-20 07:10:36.276 E/wpa_supplicant(30808): eap_proxy: IMSI dst = 50 dst 13
11-20 07:10:36.276 E/wpa_supplicant(30808): eap_proxy: IMSI read from SIM = 24 src 8
11-20 07:10:36.276 E/wpa_supplicant(30808): eap_proxy: IMSI dst = 56 dst 14
11-20 07:10:36.276 E/wpa_supplicant(30808): eap_proxy: IMSI dst = 49 dst 15
11-20 07:10:36.276 E/wpa_supplicant(30808): eap_proxy: IMSI first digit = 8 read length = 15imsi      310280029909281
11-20 07:10:36.276 E/QMI_FW  (30808): qmi_cci_get_ref: ref count increased 2
11-20 07:10:36.278 E/wpa_supplicant(30808): nl80211: Set scan default IEs failed: ret=-524 (Unknown error 524)
11-20 07:10:36.278 I/wpa_supplicant(30808): Mapping to vendor P2P iface
11-20 07:10:36.300 I/chatty  ( 1194): uid=1000(system) WifiHandlerThre expire 22 lines
11-20 07:10:36.303 I/wpa_supplicant(30808): p2p0: CTRL-EVENT-AVOID-FREQ ranges=
11-20 07:10:36.327 I/wpa_supplicant(30808): p2p0: CTRL-EVENT-AVOID-FREQ ranges=
11-20 07:10:36.328 E/wpa_supplicant(30808): eap_proxy: eap_proxy_notify_config
11-20 07:10:36.328 E/wpa_supplicant(30808): eap_proxy: eap_proxy_notify_config
11-20 07:10:36.329 I/chatty  ( 1194): uid=1000(system) WifiP2pService expire 8 lines
11-20 07:10:36.333 I/wpa_supplicant(30808): get vendor p2p iface object
11-20 07:10:36.359 I/QC-NETMGR-LIB(  932): NetmgrNetdClientRemoveInterfaceFromOemNetwork(): Looking for Netd service
11-20 07:10:36.359 I/QC-NETMGR-LIB(  932): NetmgrNetdClientRemoveInterfaceFromOemNetwork(): starting command
11-20 07:10:36.359 I/QC-NETMGR-LIB(  932): removeInterfaceFromOemNetwork(): Attempting removeInterfaceFromOemNetwork
11-20 07:10:36.361 E/wpa_supplicant(30808): eap_proxy: eap_proxy_notify_config
11-20 07:10:36.362 I/chatty  ( 1024): uid=1021(gps) lowi-server expire 5 lines
11-20 07:10:36.365 W/ContextImpl( 1194): Calling a method in the system process without a qualified user: android.app.ContextImpl.sendBroadcastMultiplePermissions:1143 android.content.Context.sendBroadcastWithMultiplePermissions:2150 com.android.server.wifi.p2p.WifiP2pServiceImpl$P2pStateMachine.sendBroadcastMultiplePermissions:3209 com.android.server.wifi.p2p.WifiP2pServiceImpl$P2pStateMachine.sendP2pConnectionChangedBroadcast:3236 com.android.server.wifi.p2p.WifiP2pServiceImpl$P2pStateMachine.access$5100:768 
11-20 07:10:36.367 W/BroadcastQueue( 1194): Permission Denial: receiving Intent { act=android.net.wifi.p2p.CONNECTION_STATE_CHANGE flg=0x24000010 (has extras) } to ProcessRecord{ba73 1900:.qtidataservices/u0a89} (pid=1900, uid=10089) requires android.permission.ACCESS_FINE_LOCATION due to sender android (uid 1000)
11-20 07:10:36.373 W/ContextImpl( 1194): Calling a method in the system process without a qualified user: android.app.ContextImpl.sendBroadcastMultiplePermissions:1143 android.content.Context.sendBroadcastWithMultiplePermissions:2150 com.android.server.wifi.p2p.WifiP2pServiceImpl$P2pStateMachine.sendBroadcastMultiplePermissions:3209 com.android.server.wifi.p2p.WifiP2pServiceImpl$P2pStateMachine.sendThisDeviceChangedBroadcast:3218 com.android.server.wifi.p2p.WifiP2pServiceImpl$P2pStateMachine.updateThisDevice:3962 
11-20 07:10:36.373 I/WifiHAL (  539): event received NL80211_CMD_VENDOR, vendor_id = 0x1374, subcmd = 0xa
11-20 07:10:36.376 I/chatty  ( 1024): uid=1021(gps) lowi-server expire 49 lines
11-20 07:10:36.389 I/wpa_supplicant(30808): p2p0: CTRL-EVENT-AVOID-FREQ ranges=
11-20 07:10:36.394 I/QC-NETMGR-LIB(  932): NetmgrNetdClientRemoveInterfaceFromOemNetwork(): completed command
11-20 07:10:36.396 I/QC-NETMGR-LIB(  932): NetmgrNetdClientAddInterfaceToOemNetwork(): Looking for Netd service
11-20 07:10:36.397 I/QC-NETMGR-LIB(  932): NetmgrNetdClientAddInterfaceToOemNetwork(): starting command
11-20 07:10:36.397 I/QC-NETMGR-LIB(  932): addInterfaceToOemNetwork(): Attempting addInterfaceToOemNetwork
11-20 07:10:36.400 I/chatty  ( 1024): uid=1021(gps) lowi-server expire 8 lines
11-20 07:10:36.401 I/chatty  ( 1024): uid=1021(gps) lowi-server expire 17 lines
11-20 07:10:36.403 I/QC-NETMGR-LIB(  932): NetmgrNetdClientAddInterfaceToOemNetwork(): completed command
11-20 07:10:36.403 I/QC-NETMGR-LIB(  932): NetmgrNetdClientAddRouteToOemNetwork(): Looking for Netd service
11-20 07:10:36.403 I/QC-NETMGR-LIB(  932): NetmgrNetdClientAddRouteToOemNetwork(): starting command
11-20 07:10:36.403 I/QC-NETMGR-LIB(  932): addRouteToOemNetwork(): Attempting addRouteToOemNetwork
11-20 07:10:36.404 I/QC-NETMGR-LIB(  932): NetmgrNetdClientAddRouteToOemNetwork(): completed command
11-20 07:10:36.404 I/QC-NETMGR-LIB(  932): NetmgrNetdClientSetForwardingBetweenInterfaces(): Looking for Netd service
11-20 07:10:36.404 I/QC-NETMGR-LIB(  932): NetmgrNetdClientSetForwardingBetweenInterfaces(): starting command
11-20 07:10:36.404 I/QC-NETMGR-LIB(  932): setForwardingBetweenInterfaces() r_rmnet_data0 wlan0: Attempting setForwardingBetweenInterfaces
11-20 07:10:36.404 I/QC-NETMGR-LIB(  932): NetmgrNetdClientSetForwardingBetweenInterfaces(): completed command
11-20 07:10:36.404 I/QC-NETMGR-LIB(  932): NetmgrNetdClientSetForwardingBetweenInterfaces(): Looking for Netd service
11-20 07:10:36.404 I/QC-NETMGR-LIB(  932): NetmgrNetdClientSetForwardingBetweenInterfaces(): starting command
11-20 07:10:36.404 I/QC-NETMGR-LIB(  932): setForwardingBetweenInterfaces() r_rmnet_data0 dummy0: Attempting setForwardingBetweenInterfaces
11-20 07:10:36.405 I/QC-NETMGR-LIB(  932): NetmgrNetdClientSetForwardingBetweenInterfaces(): completed command
11-20 07:10:36.405 I/QC-NETMGR-LIB(  932): NetmgrNetdClientAddRouteToOemNetwork(): Looking for Netd service
11-20 07:10:36.405 I/QC-NETMGR-LIB(  932): NetmgrNetdClientAddRouteToOemNetwork(): starting command
11-20 07:10:36.405 I/QC-NETMGR-LIB(  932): addRouteToOemNetwork(): Attempting addRouteToOemNetwork
11-20 07:10:36.406 I/QC-NETMGR-LIB(  932): NetmgrNetdClientAddRouteToOemNetwork(): completed command
11-20 07:10:36.468 E/wpa_supplicant(30808): nl80211: Set scan default IEs failed: ret=-524 (Unknown error 524)
11-20 07:10:36.471 W/wificond(  906): Scan is not started. Ignore abort request
11-20 07:10:36.502 I/wpa_supplicant(30808): Vendor key_mgmt: 0x142
11-20 07:10:36.504 I/wpa_supplicant(30808): Vendor Proto: 0x3
11-20 07:10:36.523 E/wpa_supplicant(30808): eap_proxy: eap_proxy_notify_config
11-20 07:10:36.530 I/wpa_supplicant(30808): wlan0: Trying to associate with SSID 'MTBF_Lab'
11-20 07:10:36.536 E/wpa_supplicant(30808): eap_proxy: eap_proxy_notify_config
11-20 07:10:36.536 E/wpa_supplicant(30808): eap_proxy: eap_proxy_allowed_method
11-20 07:10:36.540 D/QCNEJ/WlanStaInfoRelay( 1900): Received action: android.net.wifi.STATE_CHANGE
11-20 07:10:36.540 D/WifiConnector( 2841): Network State Changed
11-20 07:10:36.546 E/QMI_FW  (  927): qmi_cci_get_ref: ref count increased 2
11-20 07:10:36.548 E/QMI_FW  (  927): qmi_cci_get_ref: ref count increased 2
11-20 07:10:36.757 I/chatty  ( 1024): uid=1021(gps) lowi-server expire 15 lines
11-20 07:10:36.771 V/WifiHAL (  539): event received NL80211_CMD_CONNECT
11-20 07:10:36.773 I/wpa_supplicant(30808): wlan0: Associated with 6c:cd:d6:25:63:2a
11-20 07:10:36.775 I/wpa_supplicant(30808): wlan0: WPA: RX message 1 of 4-Way Handshake from 6c:cd:d6:25:63:2a (ver=2)
11-20 07:10:36.775 I/wpa_supplicant(30808): wlan0: WPA: Sending EAPOL-Key 2/4
11-20 07:10:36.776 I/wpa_supplicant(30808): wlan0: CTRL-EVENT-SUBNET-STATUS-UPDATE status=0
11-20 07:10:36.787 I/wpa_supplicant(30808): wlan0: WPA: RX message 3 of 4-Way Handshake from 6c:cd:d6:25:63:2a (ver=2)
11-20 07:10:36.787 I/wpa_supplicant(30808): wlan0: WPA: Sending EAPOL-Key 4/4
11-20 07:10:36.790 I/wpa_supplicant(30808): wlan0: WPA: Key negotiation completed with 6c:cd:d6:25:63:2a [PTK=CCMP GTK=CCMP]
11-20 07:10:36.791 I/wpa_supplicant(30808): wlan0: CTRL-EVENT-CONNECTED - Connection to 6c:cd:d6:25:63:2a completed [id=0 id_str=%7B%22configKey%22%3A%22%5C%22MTBF_Lab%5C%22WPA_PSK%22%2C%22creatorUid%22%3A%221000%22%7D]
11-20 07:10:36.813 I/wpa_supplicant(30808): getWifiGenerationStatusInternal: generation = 4, twtSupport = false, vhtMax8SpatialStreamsSupport = false
11-20 07:10:36.822 D/QCNEJ/WlanStaInfoRelay( 1900): Received action: android.net.wifi.STATE_CHANGE
11-20 07:10:36.822 D/WifiConnector( 2841): Network State Changed
11-20 07:10:36.832 D/ConnectivityService( 1194): registerNetworkAgent NetworkAgentInfo{ ni{[type: WIFI[], state: UNKNOWN/IDLE, reason: (unspecified), extra: , failover: false, available: true, roaming: false]}  network{159}  nethandle{686305497101}  lp{{InterfaceName: wlan0 LinkAddresses: [ ] DnsAddresses: [ ] Domains: null MTU: 0 Routes: [ ]}}  nc{[ Transports: WIFI Capabilities: NOT_METERED&INTERNET&NOT_RESTRICTED&TRUSTED&NOT_VPN&NOT_ROAMING&FOREGROUND&NOT_CONGESTED&NOT_SUSPENDED LinkUpBandwidth>=72000Kbps LinkDnBandwidth>=72000Kbps OwnerUid: 1000 SSID: "MTBF_Lab" RequestorUid: -1 RequestorPackageName: null]}  Score{20}  everValidated{false}  lastValidated{false}  created{false} lingering{false} explicitlySelected{false} acceptUnvalidated{false} everCaptivePortalDetected{false} lastCaptivePortalDetected{false} partialConnectivity{false} acceptPartialConnectivity{false} clat{mBaseIface: null, mIface: null, mState: IDLE} }
11-20 07:10:36.832 D/QCNEJ/WlanStaInfoRelay( 1900): Received action: android.net.wifi.STATE_CHANGE
11-20 07:10:36.833 D/WifiConnector( 2841): Network State Changed
11-20 07:10:36.847 D/ConnectivityService( 1194): [159 WIFI] EVENT_NETWORK_INFO_CHANGED, going from UNKNOWN to UNKNOWN
11-20 07:10:36.851 D/WifiConnector( 2841): Network State Changed
11-20 07:10:36.852 D/QCNEJ/WlanStaInfoRelay( 1900): Received action: android.net.wifi.STATE_CHANGE
11-20 07:10:36.879 V/WifiHAL (  539): WifiVendorCommand 0xa063a000 created vendor_id:0x1374 subcmd:83
11-20 07:10:36.879 E/WifiHAL (  539): wifi_get_packet_filter_capabilities: requestResponse() error: -3
11-20 07:10:36.879 I/WifiHAL (  539): Packet filtering is not supprted
11-20 07:10:36.976 D/WearableConnectivityManager( 2581): onWifiStrengthChange: -31
11-20 07:10:36.976 D/QCNEJ/WlanStaInfoRelay( 1900): Received action: android.net.wifi.RSSI_CHANGED
11-20 07:10:36.979 D/ConnectivityService( 1194): NetReassign [no changes]
11-20 07:10:36.982 V/WifiHAL (  539): WifiVendorCommand 0xa07c1180 created vendor_id:0x1374 subcmd:82
11-20 07:10:36.982 V/WifiHAL (  539): ND offload : Enable
11-20 07:10:37.010 E/QMI_FW  (  927): qmi_cci_get_ref: ref count increased 2
11-20 07:10:37.013 E/QMI_FW  (  927): qmi_cci_get_ref: ref count increased 2
11-20 07:10:37.019 E/Netd    (  459): no such netId 159
11-20 07:10:37.020 I/Nat464Xlat( 1194): Android Xlat is disabled
11-20 07:10:37.093 I/chatty  ( 1194): uid=1000 system_server expire 7 lines
11-20 07:10:37.158 E/Netd    (  459): no such netId 159
11-20 07:10:37.020 I/Nat464Xlat( 1194): Android Xlat is disabled
11-20 07:10:37.159 E/ConnectivityService( 1194): Exception in networkAddRouteParcel for non-gateway: android.os.ServiceSpecificException: Machine is not on the network (code 64)
11-20 07:10:37.160 D/QCNEJ/WlanStaInfoRelay( 1900): Received action: android.net.wifi.STATE_CHANGE
11-20 07:10:37.160 E/Netd    (  459): no such netId 159
11-20 07:10:37.161 E/ConnectivityService( 1194): Exception in networkAddRouteParcel for gateway: android.os.ServiceSpecificException: Machine is not on the network (code 64)
11-20 07:10:37.161 I/Nat464Xlat( 1194): Android Xlat is disabled
11-20 07:10:37.161 D/WifiConnector( 2841): Network State Changed
11-20 07:10:37.171 D/QCNEJ/WlanStaInfoRelay( 1900): Received action: android.net.wifi.STATE_CHANGE
11-20 07:10:37.173 D/WifiConnector( 2841): Network State Changed
11-20 07:10:37.176 D/WifiConnector( 2841): Configured Networks Changed
11-20 07:10:37.195 I/chatty  ( 1194): uid=1000(system) pool-9-thread-1 expire 3 lines
11-20 07:10:37.243 E/QMI_FW  ( 1113): qmi_cci_get_ref: ref count increased 2
11-20 07:10:37.243 E/QMI_FW  ( 1113): qmi_cci_get_ref: ref count increased 2
11-20 07:10:37.244 E/QMI_FW  ( 1113): qmi_cci_get_ref: ref count increased 2
11-20 07:10:37.254 E/QMI_FW  (  927): qmi_cci_get_ref: ref count increased 2
11-20 07:10:37.266 E/QMI_FW  (  927): qmi_cci_get_ref: ref count increased 2
11-20 07:10:37.161 I/Nat464Xlat( 1194): Android Xlat is disabled
11-20 07:10:37.306 D/ConnectivityService( 1194): Setting DNS servers for network 159 to [/192.168.1.1]
11-20 07:10:37.307 I/Nat464Xlat( 1194): Android Xlat is disabled
11-20 07:10:37.307 I/Nat464Xlat( 1194): Android Xlat is disabled
11-20 07:10:37.411 D/ConnectivityService( 1194): [159 WIFI] EVENT_NETWORK_INFO_CHANGED, going from UNKNOWN to CONNECTED
11-20 07:10:37.414 D/DnsManager( 1194): sendDnsConfigurationForNetwork(159, [192.168.1.1], [], 1800, 25, 8, 64, 0, 0, , [])
11-20 07:10:37.417 W/DnsManager( 1194): updatePrivateDns(159, PrivateDnsConfig{true:/[]})
11-20 07:10:37.417 D/ConnectivityService( 1194): Setting DNS servers for network 159 to [/192.168.1.1]
11-20 07:10:37.418 D/DnsManager( 1194): sendDnsConfigurationForNetwork(159, [192.168.1.1], [], 1800, 25, 8, 64, 0, 0, , [192.168.1.1])
11-20 07:10:37.420 D/ConnectivityService( 1194): Adding iface wlan0 to network 159
11-20 07:10:37.427 W/resolv  (  459): Validating DnsTlsServer on netId 159
11-20 07:10:37.428 W/resolv  (  459): Validation failed
11-20 07:10:37.442 D/ConnectivityService( 1194): Setting DNS servers for network 159 to [/192.168.1.1]
11-20 07:10:37.442 D/DnsManager( 1194): sendDnsConfigurationForNetwork(159, [192.168.1.1], [], 1800, 25, 8, 64, 0, 0, , [192.168.1.1])
11-20 07:10:37.443 W/resolv  (  459): Validating DnsTlsServer on netId 159
11-20 07:10:37.444 I/Nat464Xlat( 1194): Android Xlat is disabled
11-20 07:10:37.477 W/resolv  (  459): SSL_connect ssl error =5, mark 0xf009f: Connection refused
11-20 07:10:37.478 W/resolv  (  459): Validation failed
11-20 07:10:37.444 I/Nat464Xlat( 1194): Android Xlat is disabled
11-20 07:10:37.503 D/ConnectivityService( 1194): NetReassign [no changes]
11-20 07:10:37.520 D/QCNEJ/WlanStaInfoRelay( 1900): network available: 159
11-20 07:10:37.531 D/QCNEJ/NativeHalConnector( 1900): -> SND notifyWifiAvailable(v4Connected = truev6Connected = , false, isAndroidValidated = false)
11-20 07:10:37.542 D/QCNEJ/NativeHalConnector( 1900): -> SND notifyWifiAvailable(v4Connected = truev6Connected = , false, isAndroidValidated = false)
11-20 07:10:37.579 I/chatty  ( 1194): uid=1000 system_server expire 3 lines
11-20 07:10:37.598 I/chatty  ( 1194): uid=1000 system_server expire 2 lines
11-20 07:10:37.677 I/chatty  ( 1194): uid=1000 system_server expire 1 line
11-20 07:10:37.679 D/ConnectivityService( 1194): [159 WIFI] validation passed
11-20 07:10:37.680 D/ConnectivityService( 1194): NetReassign [8 : 100  159, 20 : 100  159, 46 : 100  159, 45 : 100  159, 12 : 100  159, 22 : 100  159, 16 : 100  159, 14 : 100  159, 50 : 100  159, 990 : 100  159, 18 : 100  159, 993 : 100  159, 11 : 100  159, 1 : 100  159, 17 : 100  159, 995 : 100  159]
11-20 07:10:37.684 E/NetlinkEvent(  459): NetlinkEvent::FindParam(): Parameter 'INTERFACE' not found
11-20 07:10:37.684 E/NetlinkEvent(  459): NetlinkEvent::FindParam(): Parameter 'STATE' not found
11-20 07:10:37.684 E/NetlinkEvent(  459): NetlinkEvent::FindParam(): Parameter 'TIME_NS' not found
11-20 07:10:37.684 E/NetlinkEvent(  459): NetlinkEvent::FindParam(): Parameter 'UID' not found
11-20 07:10:37.704 D/ConnectivityService( 1194): Switching to new default network: NetworkAgentInfo{ ni{[type: WIFI[], state: CONNECTED/CONNECTED, reason: (unspecified), extra: , failover: false, available: true, roaming: false]}  network{159}  nethandle{686305497101}  lp{{InterfaceName: wlan0 LinkAddresses: [ 192.168.1.39/24 ] DnsAddresses: [ /192.168.1.1 ] Domains: null MTU: 0 ServerAddress: /192.168.1.1 TcpBufferSizes: 524288,1048576,2097152,262144,524288,1048576 Routes: [ fe80::/64 -> :: wlan0 mtu 0,192.168.1.0/24 -> 0.0.0.0 wlan0 mtu 0,0.0.0.0/0 -> 192.168.1.1 wlan0 mtu 0 ]}}  nc{[ Transports: WIFI Capabilities: NOT_METERED&INTERNET&NOT_RESTRICTED&TRUSTED&NOT_VPN&VALIDATED&NOT_ROAMING&FOREGROUND&NOT_CONGESTED&NOT_SUSPENDED LinkUpBandwidth>=68000Kbps LinkDnBandwidth>=68000Kbps SignalStrength: -31 OwnerUid: 1000 SSID: "MTBF_Lab" RequestorUid: -1 RequestorPackageName: null]}  Score{60}  everValidated{true}  lastValidated{true}  created{true} lingering{false} explicitlySelected{false} acceptUnvalidated{false} everCaptivePortalDetected{false} lastCaptivePortalDetected{false} partialConnectivity{false} acceptPartialConnectivity{false} clat{mBaseIface: null, mIface: null, mState: IDLE} }
11-20 07:10:37.834 D/QCNEJ/DefaultNetworkInfoRelay( 1900): Default network available: 159
11-20 07:10:37.840 V/LigerRadioStatsReporter( 2384): onCapabilitiesChanged: Network capabilities changed
11-20 07:10:37.841 D/DeviceAuthService(22474): Network connected
11-20 07:10:37.841 D/DeviceAuthService(22474): fetchAuthTokenWrapper called
11-20 07:10:37.847 D/QCNEJ/NativeHalConnector( 1900): -> SND notifyDefaultNetworkChanged(1)
11-20 07:10:37.849 I/chatty  ( 1194): uid=1000(system) NetworkTimeUpda expire 1 line
11-20 07:10:37.853 D/ConnectivityService( 1194): Lingering [100 CELLULAR] for 30000ms
11-20 07:10:37.857 D/ConnectivityService( 1194): Sending DISCONNECTED broadcast for type 0 [100 CELLULAR] isDefaultNetwork=true
11-20 07:10:37.862 E/QMI_FW  (  927): qmi_cci_get_ref: ref count increased 2
11-20 07:10:37.864 I/chatty  ( 1194): uid=1000(system) android.fg expire 1 line
11-20 07:10:37.864 E/QMI_FW  (  927): qmi_cci_get_ref: ref count increased 2
11-20 07:10:37.864 D/ConnectivityService( 1194): Sending CONNECTED broadcast for type 1 [159 WIFI] isDefaultNetwork=true
11-20 07:10:37.865 I/chatty  (  523): uid=1021(gps) Loc_hal_worker expire 1 line
11-20 07:10:37.871 D/DeviceAuthService(22474): isOculusAddressResolvable returned true
11-20 07:10:37.871 D/DeviceAuthenticator(22474): Fetching new credentials asynchronously
11-20 07:10:37.872 D/DeviceAuthenticator(22474): Calling DeviceAuth.authenticate()
11-20 07:10:37.875 E/DeviceCertService(  541): This device *might* have a provisioning issue. Please run `maui provision check` to verify.
11-20 07:10:37.875 E/DeviceCertService(  541): See https://fburl.com/wiki/a9hho0p9 for more information.
11-20 07:10:37.875 E/DeviceCertService(  541): Could not access certificate file '/mnt/vendor/persist/certificates/device_identityinsecure.crt', error 2: No such file or directory
11-20 07:10:37.876 E/DeviceAuthenticator(22474): ERROR: java.lang.RuntimeException: devicecert returned error FILESYSTEM_ERROR
11-20 07:10:37.876 E/DeviceAuthenticator(22474): 
11-20 07:10:37.876 E/DeviceAuthenticator(22474): com.facebook.mos.sdk.devicecert.DeviceIdentityException: java.lang.RuntimeException: devicecert returned error FILESYSTEM_ERROR
11-20 07:10:37.876 E/DeviceAuthenticator(22474): 
11-20 07:10:37.881 D/QCNEJ/WlanStaInfoRelay( 1900): AndroidValidate from false to true
11-20 07:10:37.882 V/LigerRadioStatsReporter( 2384): onCapabilitiesChanged: Network capabilities changed
11-20 07:10:37.882 V/LigerRadioStatsReporter( 2384): reportAndCheckpointRadioStats
11-20 07:10:37.885 V/LigerRadioStatsReporter( 2384): +++++++++++ RADIO STATS DUMP +++++++++++
11-20 07:10:37.885 V/LigerRadioStatsReporter( 2384): totalActiveRadioTimeMs=0
11-20 07:10:37.885 V/LigerRadioStatsReporter( 2384): totalTailRadioTimeMs=13995
11-20 07:10:37.885 V/LigerRadioStatsReporter( 2384): totalWakeupCount=0
11-20 07:10:37.885 V/LigerRadioStatsReporter( 2384): httpUpBytes=0
11-20 07:10:37.885 V/LigerRadioStatsReporter( 2384): httpDownBytes=0
11-20 07:10:37.886 V/LigerRadioStatsReporter( 2384): httpWakeupCount=0
11-20 07:10:37.886 V/LigerRadioStatsReporter( 2384): httpRequestCount=0
11-20 07:10:37.886 V/LigerRadioStatsReporter( 2384): httpActiveRadioTimeMs=0
11-20 07:10:37.886 V/LigerRadioStatsReporter( 2384): httpTailRadioTimeMs=13995
11-20 07:10:37.886 V/LigerRadioStatsReporter( 2384): reportAndCheckpointRadioStats: Tx=0
11-20 07:10:37.886 V/LigerRadioStatsReporter( 2384): reportAndCheckpointRadioStats: Rx=0
11-20 07:10:37.886 V/LigerRadioStatsReporter( 2384): reportAndCheckpointRadioStats: Uids=10028
11-20 07:10:37.886 V/LigerRadioStatsReporter( 2384): reportAndCheckpointRadioStats: Tags=null
11-20 07:10:37.890 D/ConnectivityService( 1194): Setting DNS servers for network 159 to [/192.168.1.1]
11-20 07:10:37.890 D/DnsManager( 1194): sendDnsConfigurationForNetwork(159, [192.168.1.1], [], 1800, 25, 8, 64, 0, 0, , [192.168.1.1])
11-20 07:10:37.893 W/resolv  (  459): Validating DnsTlsServer on netId 159
11-20 07:10:37.894 D/QCNEJ/WlanStaInfoRelay( 1900): retrieveCountryCode:Location obtained from Telephony: us
11-20 07:10:37.898 W/resolv  (  459): SSL_connect ssl error =5, mark 0xf009f: Connection refused
11-20 07:10:37.899 W/resolv  (  459): Validation failed
11-20 07:10:37.908 E/QMI_FW  (  927): qmi_cci_get_ref: ref count increased 2
11-20 07:10:37.911 E/QMI_FW  (  927): qmi_cci_get_ref: ref count increased 2
11-20 07:10:37.916 D/WifiConnector( 2841): Configured Networks Changed
11-20 07:10:37.918 E/QMI_FW  ( 1113): qmi_cci_get_ref: ref count increased 2
11-20 07:10:37.919 E/QMI_FW  ( 1113): qmi_cci_get_ref: ref count increased 2
11-20 07:10:37.921 E/QMI_FW  ( 1113): qmi_cci_get_ref: ref count increased 2
11-20 07:10:37.930 E/QMI_FW  ( 1113): qmi_cci_get_ref: ref count increased 2
11-20 07:10:37.932 D/PhoneInterfaceManager( 1975): setModemActivityInfo
11-20 07:10:37.932 D/FbSideCarManager( 1975): setModemActivityInfo
11-20 07:10:37.932 D/FbSideCarManager( 1975): setModemActivityInfo
11-20 07:10:37.932 D/WirelessInsightServiceImpl( 1975): setModemActivityInfo
11-20 07:10:37.932 D/FbSideCarManager( 1975): setModemActivityInfoInternal success
11-20 07:10:37.932 D/PhoneInterfaceManager( 1975): setModemActivityInfo: success.
11-20 07:10:37.932 D/WirelessInsightServiceImpl( 1975): notifyListeners: listeners = 0, modemActivityInfo = ModemActivityInfo{ mTimestamp=55384195 mSleepTimeMs=35207433 mIdleTimeMs=309847 mTransmitPowerInfo[]=[TransmitPower{ mTimeInMillis=0 mPowerRangeInDbm={-2147483648,0}}, TransmitPower{ mTimeInMillis=34400 mPowerRangeInDbm={0,5}}, TransmitPower{ mTimeInMillis=525495 mPowerRangeInDbm={5,15}}, TransmitPower{ mTimeInMillis=25904 mPowerRangeInDbm={15,20}}, TransmitPower{ mTimeInMillis=827819 mPowerRangeInDbm={20,2147483647}}] mRxTimeMs=18418975}
11-20 07:10:37.974 E/QMI_FW  ( 1113): qmi_cci_get_ref: ref count increased 2
11-20 07:10:37.990 I/chatty  ( 1113): uid=1001(radio) main identical 7 lines
11-20 07:10:37.993 E/QMI_FW  ( 1113): qmi_cci_get_ref: ref count increased 2
11-20 07:10:37.997 E/QMI_FW  ( 1113): qmi_cci_get_ref: ref count increased 2
11-20 07:10:38.001 I/chatty  ( 1113): uid=1001(radio) main identical 4 lines
11-20 07:10:38.002 E/QMI_FW  ( 1113): qmi_cci_get_ref: ref count increased 2
11-20 07:10:38.007 E/QMI_FW  ( 1113): qmi_cci_get_ref: ref count increased 2
11-20 07:10:38.013 E/QMI_FW  ( 1113): qmi_cci_get_ref: ref count increased 2
11-20 07:10:38.264 E/QMI_FW  ( 1113): qmi_cci_get_ref: ref count increased 2
11-20 07:10:38.266 E/QMI_FW  ( 1113): qmi_cci_get_ref: ref count increased 2
11-20 07:10:38.276 I/WearableConnectivityManager( 2581): LTE Signal strength is: 2
11-20 07:10:38.276 I/WearableConnectivityManager( 2581): Cellular Signal strength is: 2
11-20 07:10:38.277 D/RadioLinkQualityScoreBuilder( 1975): scoreRsrp: 3scoreRsrq: 4scoreRssnr: 4
11-20 07:10:38.701 I/Nat464Xlat( 1194): Android Xlat is disabled
11-20 07:10:38.703 D/QCNEJ/WlanStaInfoRelay( 1900): Received action: android.net.wifi.LINK_CONFIGURATION_CHANGED
11-20 07:10:38.703 E/QCNEJ/WlanStaInfoRelay( 1900): update link properties given null lp
11-20 07:10:38.750 D/QCNEJ/NativeHalConnector( 1900): -> SND notifyWifiAvailable(v4Connected = truev6Connected = , false, isAndroidValidated = true)
11-20 07:10:38.933 W/HWComposer(  577): Ignoring duplicate VSYNC event from HWC for display 0 (t=55385196510694)
11-20 07:10:38.950 W/HWComposer(  577): Ignoring duplicate VSYNC event from HWC for display 0 (t=55385213441163)
11-20 07:10:38.701 I/Nat464Xlat( 1194): Android Xlat is disabled
11-20 07:10:39.801 D/commandrouter( 1117): rtc_sync (1, rtc:sync): <ServiceRequest> FORWARDED (remote -> local) service client ID = 0, token ID = 38302
11-20 07:10:39.801 D/vendor.facebook.rtc_sync@1.0-service( 1129): Request req_ts=1637392239788912843 resp_ts=1637392239801486225
11-20 07:10:39.801 D/commandrouter( 1117): SocServiceHandle::onServiceMessage, SoC Service = rtc_sync, appType = 1, type = SVC_RESP, clientId = 0, token = 38302, payloadLen = 8, result = 0, payload.size() = 8
11-20 07:10:40.050 D/WearableConnectivityManager( 2581): onWifiStrengthChange: -32
11-20 07:10:40.054 D/QCNEJ/WlanStaInfoRelay( 1900): Received action: android.net.wifi.RSSI_CHANGED
11-20 07:10:40.063 V/LigerRadioStatsReporter( 2384): onCapabilitiesChanged: Network capabilities changed
11-20 07:10:40.063 V/LigerRadioStatsReporter( 2384): reportAndCheckpointRadioStats
11-20 07:10:40.064 V/LigerRadioStatsReporter( 2384): +++++++++++ RADIO STATS DUMP +++++++++++
11-20 07:10:40.064 V/LigerRadioStatsReporter( 2384): totalActiveRadioTimeMs=0
11-20 07:10:40.064 V/LigerRadioStatsReporter( 2384): totalTailRadioTimeMs=13995
11-20 07:10:40.064 V/LigerRadioStatsReporter( 2384): totalWakeupCount=0
11-20 07:10:40.064 V/LigerRadioStatsReporter( 2384): httpUpBytes=0
11-20 07:10:40.064 V/LigerRadioStatsReporter( 2384): httpDownBytes=0
11-20 07:10:40.064 V/LigerRadioStatsReporter( 2384): httpWakeupCount=0
11-20 07:10:40.064 V/LigerRadioStatsReporter( 2384): httpRequestCount=0
11-20 07:10:40.064 V/LigerRadioStatsReporter( 2384): httpActiveRadioTimeMs=0
11-20 07:10:40.065 V/LigerRadioStatsReporter( 2384): httpTailRadioTimeMs=13995
11-20 07:10:40.065 V/LigerRadioStatsReporter( 2384): reportAndCheckpointRadioStats: Tx=0
11-20 07:10:40.065 V/LigerRadioStatsReporter( 2384): reportAndCheckpointRadioStats: Rx=0
11-20 07:10:40.065 V/LigerRadioStatsReporter( 2384): reportAndCheckpointRadioStats: Uids=10028
11-20 07:10:40.065 V/LigerRadioStatsReporter( 2384): reportAndCheckpointRadioStats: Tags=null
11-20 07:10:43.466 E/QMI_FW  ( 1113): qmi_cci_get_ref: ref count increased 2
11-20 07:10:43.467 E/QMI_FW  ( 1113): qmi_cci_get_ref: ref count increased 2
11-20 07:10:43.467 E/QMI_FW  ( 1113): qmi_cci_get_ref: ref count increased 2
