11-20 07:22:16.370 D/LOWI-9.0.0.80( 1026): [LOWI-Scan] BSS 52:b8:14:37:74:3f (wlan0) ASSO: NO AddInfo: 0x0, TSF 0, 15:33:44.073, RSSI: -118, CPL: 127, AGE: 0,  SSID Pixel_8668, TSFDelta: 0x0, TXRate: 0
11-20 07:22:16.370 D/LOWI-9.0.0.80( 1026): [LOWI-Scan] 
11-20 07:22:16.370 D/LOWI-9.0.0.80( 1026): [LOWI-Scan] print_bss_handler: Report Probe TSF 56024073546 as it greater than Beacon TSF 0
11-20 07:22:16.371 I/LOWI-9.0.0.80( 1026): [LOWI-Scan] RSN_IE
11-20 07:22:16.371 D/LOWI-9.0.0.80( 1026): [LOWI-Scan] decode_rsn_wpa_ie: Entered
11-20 07:22:16.371 D/LOWI-9.0.0.80( 1026): [LOWIUtils] hexDump: msg(30 14 01 00 00 0f ac 04 01 00 00 0f ac 04 01 00 00 0f ac 02 )
11-20 07:22:16.371 D/LOWI-9.0.0.80( 1026): [LOWI-Scan] decode_rsn_wpa_ie: LOWI_ENCRYPTION_TYPE_WPA_PSK
11-20 07:22:16.371 D/LOWI-9.0.0.80( 1026): [LOWI-Scan] is_qcom_ie, bss_age: 4
11-20 07:22:16.371 D/LOWI-9.0.0.80( 1026): [LOWI-Scan] BSS 2c:57:41:86:90:a1 LOWI_PHY_MODE_11NG_HT20(5), Beacon Interval: 100, LOWI_ENCRYPTION_TYPE_WPA_PSK 11mcRanging: No, ANQP: No, LCI: No, Civic: No, capability(0x1411): ESS Privacy ShortSlotTime
11-20 07:22:16.371 D/WificondScannerImpl( 1186): Filtering out 1 scan results.
11-20 07:22:16.371 D/LOWI-9.0.0.80( 1026): [LOWI-Scan] BSS 2c:57:41:86:90:a1 FREQ: 2462, cFreq1[40:80:160] = [0:0:0] cFreq2 = 0 Country Code = US
11-20 07:22:16.371 D/LOWI-9.0.0.80( 1026): [LOWI-Scan] BSS 2c:57:41:86:90:a1 (wlan0) ASSO: NO AddInfo: 0x0, TSF 0, 15:33:44.073, RSSI: -142, CPL: 2, AGE: 0,  SSID kittyhawk, TSFDelta: 0x0, TXRate: 0
11-20 07:22:16.372 D/LOWI-9.0.0.80( 1026): [LOWI-Scan] 
11-20 07:22:16.372 D/LOWI-9.0.0.80( 1026): [LOWI-Scan] print_bss_handler: Report Probe TSF 56024073603 as it greater than Beacon TSF 0
11-20 07:22:16.372 I/LOWI-9.0.0.80( 1026): [LOWI-Scan] RSN_IE
11-20 07:22:16.372 D/LOWI-9.0.0.80( 1026): [LOWI-Scan] decode_rsn_wpa_ie: Entered
11-20 07:22:16.372 D/LOWI-9.0.0.80( 1026): [LOWIUtils] hexDump: msg(30 14 01 00 00 0f ac 04 01 00 00 0f ac 04 01 00 00 0f ac 02 )
11-20 07:22:16.372 D/LOWI-9.0.0.80( 1026): [LOWI-Scan] decode_rsn_wpa_ie: LOWI_ENCRYPTION_TYPE_WPA_PSK
11-20 07:22:16.372 D/LOWI-9.0.0.80( 1026): [LOWI-Scan] is_qcom_ie, bss_age: 4
11-20 07:22:16.372 D/LOWI-9.0.0.80( 1026): [LOWI-Scan] BSS 2c:57:41:86:85:21 LOWI_PHY_MODE_11NG_HT20(5), Beacon Interval: 100, LOWI_ENCRYPTION_TYPE_WPA_PSK 11mcRanging: No, ANQP: No, LCI: No, Civic: No, capability(0x1411): ESS Privacy ShortSlotTime
11-20 07:22:16.372 D/LOWI-9.0.0.80( 1026): [LOWI-Scan] BSS 2c:57:41:86:85:21 FREQ: 2462, cFreq1[40:80:160] = [0:0:0] cFreq2 = 0 Country Code = US
11-20 07:22:16.372 D/LOWI-9.0.0.80( 1026): [LOWI-Scan] BSS 2c:57:41:86:85:21 (wlan0) ASSO: NO AddInfo: 0x0, TSF 0, 15:33:44.073, RSSI: -154, CPL: 2, AGE: 0,  SSID kittyhawk, TSFDelta: 0x0, TXRate: 0
11-20 07:22:16.373 D/LOWI-9.0.0.80( 1026): [LOWI-Scan] 
11-20 07:22:16.373 D/LOWI-9.0.0.80( 1026): [LOWI-Scan] print_bss_handler: Report Probe TSF 55994852318 as it greater than Beacon TSF 0
11-20 07:22:16.373 I/LOWI-9.0.0.80( 1026): [LOWI-Scan] RSN_IE
11-20 07:22:16.373 D/LOWI-9.0.0.80( 1026): [LOWI-Scan] decode_rsn_wpa_ie: Entered
11-20 07:22:16.373 D/LOWI-9.0.0.80( 1026): [LOWIUtils] hexDump: msg(30 18 01 00 00 0f ac 02 02 00 00 0f ac 02 00 0f ac 04 01 00 00 0f ac 02 )
11-20 07:22:16.373 D/LOWI-9.0.0.80( 1026): [LOWI-Scan] decode_rsn_wpa_ie: LOWI_ENCRYPTION_TYPE_WPA_PSK
11-20 07:22:16.373 D/LOWI-9.0.0.80( 1026): [LOWI-Scan] is_qcom_ie, bss_age: 28
11-20 07:22:16.373 D/LOWI-9.0.0.80( 1026): [LOWI-Scan] adjust_age:AP AGE upper limit reached. Dont store
11-20 07:22:16.373 D/LOWI-9.0.0.80( 1026): [LOWI-Scan] BSS 18:4f:32:07:46:03 LOWI_PHY_MODE_11NG_HT20(5), Beacon Interval: 100, LOWI_ENCRYPTION_TYPE_WPA_PSK 11mcRanging: No, ANQP: No, LCI: No, Civic: No, capability(0x0431): ESS Privacy ShortPreamble ShortSlotTime
11-20 07:22:16.373 D/LOWI-9.0.0.80( 1026): [LOWI-Scan] BSS 18:4f:32:07:46:03 FREQ: 2437, cFreq1[40:80:160] = [0:0:0] cFreq2 = 0 Country Code =    
11-20 07:22:16.373 D/LOWI-9.0.0.80( 1026): [LOWI-Scan] BSS 18:4f:32:07:46:03 (wlan0) ASSO: NO AddInfo: 0x0, TSF 0, 15:33:14.852, RSSI: -174, CPL: 127, AGE: 29220,  SSID HP-Print-03-LaserJet Pro MFP, TSFDelta: 0x0, TXRate: 0
11-20 07:22:16.374 D/LOWI-9.0.0.80( 1026): [LOWI-Scan] 
11-20 07:22:16.375 D/LOWI-9.0.0.80( 1026): [LOWI-Scan] print_bss_handler: Report Probe TSF 56024073484 as it greater than Beacon TSF 0
11-20 07:22:16.375 I/LOWI-9.0.0.80( 1026): [LOWI-Scan] RSN_IE
11-20 07:22:16.375 D/LOWI-9.0.0.80( 1026): [LOWI-Scan] decode_rsn_wpa_ie: Entered
11-20 07:22:16.375 D/LOWI-9.0.0.80( 1026): [LOWIUtils] hexDump: msg(30 14 01 00 00 0f ac 04 01 00 00 0f ac 04 01 00 00 0f ac 02 )
11-20 07:22:16.375 D/LOWI-9.0.0.80( 1026): [LOWI-Scan] decode_rsn_wpa_ie: LOWI_ENCRYPTION_TYPE_WPA_PSK
11-20 07:22:16.375 D/LOWI-9.0.0.80( 1026): [LOWI-Scan] is_qcom_ie, bss_age: 47
11-20 07:22:16.375 D/LOWI-9.0.0.80( 1026): [LOWI-Scan] BSS 18:64:72:60:2b:40 LOWI_PHY_MODE_11NG_HT20(5), Beacon Interval: 100, LOWI_ENCRYPTION_TYPE_WPA_PSK 11mcRanging: No, ANQP: No, LCI: No, Civic: No, capability(0x0431): ESS Privacy ShortPreamble ShortSlotTime
11-20 07:22:16.375 D/LOWI-9.0.0.80( 1026): [LOWI-Scan] BSS 18:64:72:60:2b:40 FREQ: 2412, cFreq1[40:80:160] = [0:0:0] cFreq2 = 0 Country Code =    
11-20 07:22:16.375 D/LOWI-9.0.0.80( 1026): [LOWI-Scan] BSS 18:64:72:60:2b:40 (wlan0) ASSO: NO AddInfo: 0x0, TSF 0, 15:33:44.073, RSSI: -140, CPL: 127, AGE: 0,  SSID lab-t24103779, TSFDelta: 0x0, TXRate: 0
11-20 07:22:16.375 D/LOWI-9.0.0.80( 1026): [LOWIDiagLog] Log: lowiMeasResult->request: invalid null argument
11-20 07:22:16.375 I/LOWI-9.0.0.80( 1026): [LOWI-Scan] lowi_close_record:Scan done in 55980145ms, 18 APs in scan results
11-20 07:22:16.375 D/LOWI-9.0.0.80( 1026): [LOWI-Scan] WipsScanUsingNL: passive scan cached 0, took 9718 ms, err 0
11-20 07:22:16.375 D/LOWI-9.0.0.80( 1026): [LOWI-Scan] lowi_proc_req_passive_scan_with_live_meas - No WLAN Frames to be parsed
11-20 07:22:16.375 D/LOWI-9.0.0.80( 1026): [LOWIScanResultReceiver] Send scan meas to listener
11-20 07:22:16.375 D/LOWI-9.0.0.80( 1026): [LOWIScanResultReceiver] Enter passive listening mode
11-20 07:22:16.375 D/LOWI-9.0.0.80( 1026): [LOWIWifiDriverInterface] getMeasurements - Passive listening mode
11-20 07:22:16.375 D/LOWI-9.0.0.80( 1026): [LOWI-Scan] WipsScanUsingNL:wait -1 sec for netlink message
11-20 07:22:16.376 D/LOWI-9.0.0.80( 1026): [LOWIEventReceiver] handleEvent:FROM:NA, TO:NA, REQ:NA, IREQ:NA, REQ_ID:0, RESP:NA, INFO:NA
11-20 07:22:16.376 D/LOWI-9.0.0.80( 1026): [LOWIBackgroundScanMgr] isRspForBgScanMgr: evt(LOWI_NO_EVT) - not handled
11-20 07:22:16.376 D/LOWI-9.0.0.80( 1026): [LOWIScheduler] manageMsg: NULL results or NULL request in results
11-20 07:22:16.376 D/LOWI-9.0.0.80( 1026): [LOWIController] Measurements received
11-20 07:22:16.376 D/LOWI-9.0.0.80( 1026): [LOWICacheManager] putInCache:Num of Meas to add: 18
11-20 07:22:16.377 D/LOWI-9.0.0.80( 1026): [LOWIController] processMeasurementResults: No current Request. Cache measurements
11-20 07:22:16.377 D/LOWI-9.0.0.80( 1026): [LOWIControllerExtn] sendLOWILpDiscoveryScanResponse: Not a discovery scan response
11-20 07:22:16.382 D/PasspointManager( 1186): ANQP entry not found for: 12:d7:96:61:85:9f:<Pixel_R5>
11-20 07:22:16.382 D/PasspointManager( 1186): ANQP entry not found for: 5e:6e:be:46:77:d7:<Pixel_R3>
11-20 07:22:16.383 D/PasspointManager( 1186): ANQP entry not found for: fe:2d:5a:49:61:eb:<Pixel_R2>
11-20 07:22:16.383 D/PasspointManager( 1186): ANQP entry not found for: c6:82:9b:4e:b3:9e:<Pixel_R6>
11-20 07:22:16.383 D/PasspointManager( 1186): ANQP entry not found for: ce:dc:12:3b:87:fd:<Pixel5_R1>
11-20 07:22:16.433 D/WifiSharingService( 2870): Sending scanResults intent with status code 0: PendingIntent{8007f6d: android.os.BinderProxy@3fc662e}
11-20 07:22:16.437 D/CompatibilityInfo( 1186): mCompatibilityFlags - 4
11-20 07:22:16.437 D/CompatibilityInfo( 1186): applicationDensity - 320
11-20 07:22:16.437 D/CompatibilityInfo( 1186): applicationScale - 1.0
11-20 07:22:16.477 I/chatty  ( 2334): uid=10062(com.facebook.wearable.system.selfcare) pool-3-thread-1 expire 2 lines
11-20 07:22:16.549 D/CompatibilityInfo( 1186): mCompatibilityFlags - 4
11-20 07:22:16.549 D/CompatibilityInfo( 1186): applicationDensity - 320
11-20 07:22:16.549 D/CompatibilityInfo( 1186): applicationScale - 1.0
11-20 07:22:16.604 I/chatty  ( 2334): uid=10062(com.facebook.wearable.system.selfcare) MainTP_387 expire 1 line
11-20 07:22:16.605 I/chatty  ( 2334): uid=10062(com.facebook.wearable.system.selfcare) DefaultDispatch expire 2 lines
11-20 07:22:16.605 I/chatty  ( 2334): uid=10062(com.facebook.wearable.system.selfcare) MainTP_379 expire 1 line
11-20 07:22:16.767 I/chatty  ( 2334): uid=10062(com.facebook.wearable.system.selfcare) pool-3-thread-1 expire 1 line
11-20 07:22:16.832 D/CompatibilityInfo( 1186): mCompatibilityFlags - 4
11-20 07:22:16.832 D/CompatibilityInfo( 1186): applicationDensity - 320
11-20 07:22:16.832 D/CompatibilityInfo( 1186): applicationScale - 1.0
11-20 07:22:16.922 E/StickerBundleDatabaseWorker( 2334): Failed to fetch sticker bundles:
11-20 07:22:16.922 E/StickerBundleDatabaseWorker( 2334): kotlinx.coroutines.JobCancellationException: Job was cancelled; job=JobImpl{Cancelling}@4fc502b
11-20 07:22:16.922 I/WM-WorkerWrapper( 2334): Work [ id=e596069b-4a6f-495d-b19d-a8669de7ea86, tags={ com.facebook.wearable.system.selfcare.sharing.StickerBundleDatabaseWorker } ] was cancelled
11-20 07:22:16.922 I/WM-WorkerWrapper( 2334): java.util.concurrent.CancellationException: Task was cancelled.
11-20 07:22:16.922 I/WM-WorkerWrapper( 2334): 	at androidx.work.impl.utils.futures.AbstractFuture.getDoneValue(:32)
11-20 07:22:16.922 I/WM-WorkerWrapper( 2334): 	at androidx.work.impl.utils.futures.AbstractFuture.get(:268435546)
11-20 07:22:16.922 I/WM-WorkerWrapper( 2334): 	at androidx.work.impl.WorkerWrapper$2.run(:3)
11-20 07:22:16.922 I/WM-WorkerWrapper( 2334): 	at androidx.work.impl.utils.SerialExecutor$Task.run(:2)
11-20 07:22:16.922 I/WM-WorkerWrapper( 2334): 	at java.util.concurrent.ThreadPoolExecutor.runWorker(ThreadPoolExecutor.java:1167)
11-20 07:22:16.922 I/WM-WorkerWrapper( 2334): 	at java.util.concurrent.ThreadPoolExecutor$Worker.run(ThreadPoolExecutor.java:641)
11-20 07:22:16.922 I/WM-WorkerWrapper( 2334): 	at java.lang.Thread.run(Thread.java:923)
11-20 07:22:16.922 D/SettingsSDK::SyncHelper( 2334): Read setting com.facebook.wearable.sdk.selfcare:SELFCARE_SERVICE_ENABLED from persistent cache
11-20 07:22:16.923 D/FacebookRepository( 2334): Reading from Store [906581286488774]
11-20 07:22:17.109 E/SelfCareDataCloudSyncWorker( 2334): Failed to get access token
11-20 07:22:17.109 E/SelfCareDataCloudSyncWorker( 2334): kotlinx.coroutines.JobCancellationException: Job was cancelled; job=JobImpl{Cancelling}@7db44a0
11-20 07:22:17.109 I/WM-WorkerWrapper( 2334): Work [ id=57f248e9-27c9-4baa-bcea-f98e3ece0d1a, tags={ com.facebook.wearable.system.selfcare.cloudsync.SelfCareDataCloudSyncWorker } ] was cancelled
11-20 07:22:17.109 I/WM-WorkerWrapper( 2334): java.util.concurrent.CancellationException: Task was cancelled.
11-20 07:22:17.109 I/WM-WorkerWrapper( 2334): 	at androidx.work.impl.utils.futures.AbstractFuture.getDoneValue(:32)
11-20 07:22:17.109 I/WM-WorkerWrapper( 2334): 	at androidx.work.impl.utils.futures.AbstractFuture.get(:268435546)
11-20 07:22:17.109 I/WM-WorkerWrapper( 2334): 	at androidx.work.impl.WorkerWrapper$2.run(:3)
11-20 07:22:17.109 I/WM-WorkerWrapper( 2334): 	at androidx.work.impl.utils.SerialExecutor$Task.run(:2)
11-20 07:22:17.109 I/WM-WorkerWrapper( 2334): 	at java.util.concurrent.ThreadPoolExecutor.runWorker(ThreadPoolExecutor.java:1167)
11-20 07:22:17.109 I/WM-WorkerWrapper( 2334): 	at java.util.concurrent.ThreadPoolExecutor$Worker.run(ThreadPoolExecutor.java:641)
11-20 07:22:17.109 I/WM-WorkerWrapper( 2334): 	at java.lang.Thread.run(Thread.java:923)
11-20 07:22:17.196 D/CompatibilityInfo( 1186): mCompatibilityFlags - 4
11-20 07:22:17.197 D/CompatibilityInfo( 1186): applicationDensity - 320
11-20 07:22:17.197 D/CompatibilityInfo( 1186): applicationScale - 1.0
11-20 07:22:17.257 E/StickerBundleDatabaseWorker( 2334): Failed to fetch sticker bundles:
11-20 07:22:17.257 E/StickerBundleDatabaseWorker( 2334): kotlinx.coroutines.JobCancellationException: Job was cancelled; job=JobImpl{Cancelling}@ec00acc
11-20 07:22:17.257 I/WM-WorkerWrapper( 2334): Work [ id=e596069b-4a6f-495d-b19d-a8669de7ea86, tags={ com.facebook.wearable.system.selfcare.sharing.StickerBundleDatabaseWorker } ] was cancelled
11-20 07:22:17.257 I/WM-WorkerWrapper( 2334): java.util.concurrent.CancellationException: Task was cancelled.
11-20 07:22:17.257 I/WM-WorkerWrapper( 2334): 	at androidx.work.impl.utils.futures.AbstractFuture.getDoneValue(:32)
11-20 07:22:17.257 I/WM-WorkerWrapper( 2334): 	at androidx.work.impl.utils.futures.AbstractFuture.get(:268435546)
11-20 07:22:17.257 I/WM-WorkerWrapper( 2334): 	at androidx.work.impl.WorkerWrapper$2.run(:3)
11-20 07:22:17.257 I/WM-WorkerWrapper( 2334): 	at androidx.work.impl.utils.SerialExecutor$Task.run(:2)
11-20 07:22:17.257 I/WM-WorkerWrapper( 2334): 	at java.util.concurrent.ThreadPoolExecutor.runWorker(ThreadPoolExecutor.java:1167)
11-20 07:22:17.257 I/WM-WorkerWrapper( 2334): 	at java.util.concurrent.ThreadPoolExecutor$Worker.run(ThreadPoolExecutor.java:641)
11-20 07:22:17.257 I/WM-WorkerWrapper( 2334): 	at java.lang.Thread.run(Thread.java:923)
11-20 07:22:17.258 D/SettingsSDK::SyncHelper( 2334): Read setting com.facebook.wearable.sdk.selfcare:SELFCARE_SERVICE_ENABLED from persistent cache
11-20 07:22:17.258 D/FacebookRepository( 2334): Reading from Store [906581286488774]
11-20 07:22:17.438 E/SelfCareDataCloudSyncWorker( 2334): Failed to get access token
11-20 07:22:17.438 E/SelfCareDataCloudSyncWorker( 2334): kotlinx.coroutines.JobCancellationException: Job was cancelled; job=JobImpl{Cancelling}@362e764
11-20 07:22:17.438 I/WM-WorkerWrapper( 2334): Work [ id=57f248e9-27c9-4baa-bcea-f98e3ece0d1a, tags={ com.facebook.wearable.system.selfcare.cloudsync.SelfCareDataCloudSyncWorker } ] was cancelled
11-20 07:22:17.438 I/WM-WorkerWrapper( 2334): java.util.concurrent.CancellationException: Task was cancelled.
11-20 07:22:17.438 I/WM-WorkerWrapper( 2334): 	at androidx.work.impl.utils.futures.AbstractFuture.getDoneValue(:32)
11-20 07:22:17.438 I/WM-WorkerWrapper( 2334): 	at androidx.work.impl.utils.futures.AbstractFuture.get(:268435546)
11-20 07:22:17.438 I/WM-WorkerWrapper( 2334): 	at androidx.work.impl.WorkerWrapper$2.run(:3)
11-20 07:22:17.438 I/WM-WorkerWrapper( 2334): 	at androidx.work.impl.utils.SerialExecutor$Task.run(:2)
11-20 07:22:17.438 I/WM-WorkerWrapper( 2334): 	at java.util.concurrent.ThreadPoolExecutor.runWorker(ThreadPoolExecutor.java:1167)
11-20 07:22:17.438 I/WM-WorkerWrapper( 2334): 	at java.util.concurrent.ThreadPoolExecutor$Worker.run(ThreadPoolExecutor.java:641)
11-20 07:22:17.438 I/WM-WorkerWrapper( 2334): 	at java.lang.Thread.run(Thread.java:923)
11-20 07:22:17.512 D/CompatibilityInfo( 1186): mCompatibilityFlags - 4
11-20 07:22:17.512 D/CompatibilityInfo( 1186): applicationDensity - 320
11-20 07:22:17.512 D/CompatibilityInfo( 1186): applicationScale - 1.0
11-20 07:22:17.570 E/StickerBundleDatabaseWorker( 2334): Failed to fetch sticker bundles:
11-20 07:22:17.570 E/StickerBundleDatabaseWorker( 2334): kotlinx.coroutines.JobCancellationException: Job was cancelled; job=JobImpl{Cancelling}@f33d9c9
11-20 07:22:17.570 I/WM-WorkerWrapper( 2334): Work [ id=e596069b-4a6f-495d-b19d-a8669de7ea86, tags={ com.facebook.wearable.system.selfcare.sharing.StickerBundleDatabaseWorker } ] was cancelled
11-20 07:22:17.570 I/WM-WorkerWrapper( 2334): java.util.concurrent.CancellationException: Task was cancelled.
11-20 07:22:17.570 I/WM-WorkerWrapper( 2334): 	at androidx.work.impl.utils.futures.AbstractFuture.getDoneValue(:32)
11-20 07:22:17.570 I/WM-WorkerWrapper( 2334): 	at androidx.work.impl.utils.futures.AbstractFuture.get(:268435546)
11-20 07:22:17.570 I/WM-WorkerWrapper( 2334): 	at androidx.work.impl.WorkerWrapper$2.run(:3)
11-20 07:22:17.570 I/WM-WorkerWrapper( 2334): 	at androidx.work.impl.utils.SerialExecutor$Task.run(:2)
11-20 07:22:17.570 I/WM-WorkerWrapper( 2334): 	at java.util.concurrent.ThreadPoolExecutor.runWorker(ThreadPoolExecutor.java:1167)
11-20 07:22:17.570 I/WM-WorkerWrapper( 2334): 	at java.util.concurrent.ThreadPoolExecutor$Worker.run(ThreadPoolExecutor.java:641)
11-20 07:22:17.570 I/WM-WorkerWrapper( 2334): 	at java.lang.Thread.run(Thread.java:923)
11-20 07:22:17.571 D/SettingsSDK::SyncHelper( 2334): Read setting com.facebook.wearable.sdk.selfcare:SELFCARE_SERVICE_ENABLED from persistent cache
11-20 07:22:17.571 D/FacebookRepository( 2334): Reading from Store [906581286488774]
11-20 07:22:17.736 E/SelfCareDataCloudSyncWorker( 2334): Failed to get access token
11-20 07:22:17.736 E/SelfCareDataCloudSyncWorker( 2334): kotlinx.coroutines.JobCancellationException: Job was cancelled; job=JobImpl{Cancelling}@40983a6
11-20 07:22:17.736 I/WM-WorkerWrapper( 2334): Work [ id=57f248e9-27c9-4baa-bcea-f98e3ece0d1a, tags={ com.facebook.wearable.system.selfcare.cloudsync.SelfCareDataCloudSyncWorker } ] was cancelled
11-20 07:22:17.736 I/WM-WorkerWrapper( 2334): java.util.concurrent.CancellationException: Task was cancelled.
11-20 07:22:17.736 I/WM-WorkerWrapper( 2334): 	at androidx.work.impl.utils.futures.AbstractFuture.getDoneValue(:32)
11-20 07:22:17.736 I/WM-WorkerWrapper( 2334): 	at androidx.work.impl.utils.futures.AbstractFuture.get(:268435546)
11-20 07:22:17.736 I/WM-WorkerWrapper( 2334): 	at androidx.work.impl.WorkerWrapper$2.run(:3)
11-20 07:22:17.736 I/WM-WorkerWrapper( 2334): 	at androidx.work.impl.utils.SerialExecutor$Task.run(:2)
11-20 07:22:17.736 I/WM-WorkerWrapper( 2334): 	at java.util.concurrent.ThreadPoolExecutor.runWorker(ThreadPoolExecutor.java:1167)
11-20 07:22:17.736 I/WM-WorkerWrapper( 2334): 	at java.util.concurrent.ThreadPoolExecutor$Worker.run(ThreadPoolExecutor.java:641)
11-20 07:22:17.736 I/WM-WorkerWrapper( 2334): 	at java.lang.Thread.run(Thread.java:923)
11-20 07:22:17.817 D/CompatibilityInfo( 1186): mCompatibilityFlags - 4
11-20 07:22:17.817 D/CompatibilityInfo( 1186): applicationDensity - 320
11-20 07:22:17.817 D/CompatibilityInfo( 1186): applicationScale - 1.0
11-20 07:22:17.879 I/WM-WorkerWrapper( 2334): Work [ id=e596069b-4a6f-495d-b19d-a8669de7ea86, tags={ com.facebook.wearable.system.selfcare.sharing.StickerBundleDatabaseWorker } ] was cancelled
11-20 07:22:17.879 I/WM-WorkerWrapper( 2334): java.util.concurrent.CancellationException: Task was cancelled.
11-20 07:22:17.879 I/WM-WorkerWrapper( 2334): 	at androidx.work.impl.utils.futures.AbstractFuture.getDoneValue(:32)
11-20 07:22:17.879 I/WM-WorkerWrapper( 2334): 	at androidx.work.impl.utils.futures.AbstractFuture.get(:268435546)
11-20 07:22:17.879 I/WM-WorkerWrapper( 2334): 	at androidx.work.impl.WorkerWrapper$2.run(:3)
11-20 07:22:17.879 I/WM-WorkerWrapper( 2334): 	at androidx.work.impl.utils.SerialExecutor$Task.run(:2)
11-20 07:22:17.879 I/WM-WorkerWrapper( 2334): 	at java.util.concurrent.ThreadPoolExecutor.runWorker(ThreadPoolExecutor.java:1167)
11-20 07:22:17.879 I/WM-WorkerWrapper( 2334): 	at java.util.concurrent.ThreadPoolExecutor$Worker.run(ThreadPoolExecutor.java:641)
11-20 07:22:17.879 I/WM-WorkerWrapper( 2334): 	at java.lang.Thread.run(Thread.java:923)
11-20 07:22:17.879 D/SettingsSDK::SyncHelper( 2334): Read setting com.facebook.wearable.sdk.selfcare:SELFCARE_SERVICE_ENABLED from persistent cache
11-20 07:22:17.879 E/StickerBundleDatabaseWorker( 2334): Failed to fetch sticker bundles:
11-20 07:22:17.879 E/StickerBundleDatabaseWorker( 2334): kotlinx.coroutines.JobCancellationException: Job was cancelled; job=JobImpl{Cancelling}@fc59300
11-20 07:22:17.880 D/FacebookRepository( 2334): Reading from Store [906581286488774]
11-20 07:22:18.058 E/SelfCareDataCloudSyncWorker( 2334): Failed to get access token
11-20 07:22:18.058 E/SelfCareDataCloudSyncWorker( 2334): kotlinx.coroutines.JobCancellationException: Job was cancelled; job=JobImpl{Cancelling}@b3241fb
11-20 07:22:18.059 I/WM-WorkerWrapper( 2334): Work [ id=57f248e9-27c9-4baa-bcea-f98e3ece0d1a, tags={ com.facebook.wearable.system.selfcare.cloudsync.SelfCareDataCloudSyncWorker } ] was cancelled
11-20 07:22:18.059 I/WM-WorkerWrapper( 2334): java.util.concurrent.CancellationException: Task was cancelled.
11-20 07:22:18.059 I/WM-WorkerWrapper( 2334): 	at androidx.work.impl.utils.futures.AbstractFuture.getDoneValue(:32)
11-20 07:22:18.059 I/WM-WorkerWrapper( 2334): 	at androidx.work.impl.utils.futures.AbstractFuture.get(:268435546)
11-20 07:22:18.059 I/WM-WorkerWrapper( 2334): 	at androidx.work.impl.WorkerWrapper$2.run(:3)
11-20 07:22:18.059 I/WM-WorkerWrapper( 2334): 	at androidx.work.impl.utils.SerialExecutor$Task.run(:2)
11-20 07:22:18.059 I/WM-WorkerWrapper( 2334): 	at java.util.concurrent.ThreadPoolExecutor.runWorker(ThreadPoolExecutor.java:1167)
11-20 07:22:18.059 I/WM-WorkerWrapper( 2334): 	at java.util.concurrent.ThreadPoolExecutor$Worker.run(ThreadPoolExecutor.java:641)
11-20 07:22:18.059 I/WM-WorkerWrapper( 2334): 	at java.lang.Thread.run(Thread.java:923)
11-20 07:22:18.120 D/CompatibilityInfo( 1186): mCompatibilityFlags - 4
11-20 07:22:18.120 D/CompatibilityInfo( 1186): applicationDensity - 320
11-20 07:22:18.120 D/CompatibilityInfo( 1186): applicationScale - 1.0
11-20 07:22:18.182 E/StickerBundleDatabaseWorker( 2334): Failed to fetch sticker bundles:
11-20 07:22:18.182 E/StickerBundleDatabaseWorker( 2334): kotlinx.coroutines.JobCancellationException: Job was cancelled; job=JobImpl{Cancelling}@30de7c4
11-20 07:22:18.182 I/WM-WorkerWrapper( 2334): Work [ id=e596069b-4a6f-495d-b19d-a8669de7ea86, tags={ com.facebook.wearable.system.selfcare.sharing.StickerBundleDatabaseWorker } ] was cancelled
11-20 07:22:18.182 I/WM-WorkerWrapper( 2334): java.util.concurrent.CancellationException: Task was cancelled.
11-20 07:22:18.182 I/WM-WorkerWrapper( 2334): 	at androidx.work.impl.utils.futures.AbstractFuture.getDoneValue(:32)
11-20 07:22:18.182 I/WM-WorkerWrapper( 2334): 	at androidx.work.impl.utils.futures.AbstractFuture.get(:268435546)
11-20 07:22:18.182 I/WM-WorkerWrapper( 2334): 	at androidx.work.impl.WorkerWrapper$2.run(:3)
11-20 07:22:18.182 I/WM-WorkerWrapper( 2334): 	at androidx.work.impl.utils.SerialExecutor$Task.run(:2)
11-20 07:22:18.182 I/WM-WorkerWrapper( 2334): 	at java.util.concurrent.ThreadPoolExecutor.runWorker(ThreadPoolExecutor.java:1167)
11-20 07:22:18.182 I/WM-WorkerWrapper( 2334): 	at java.util.concurrent.ThreadPoolExecutor$Worker.run(ThreadPoolExecutor.java:641)
11-20 07:22:18.182 I/WM-WorkerWrapper( 2334): 	at java.lang.Thread.run(Thread.java:923)
11-20 07:22:18.183 D/SettingsSDK::SyncHelper( 2334): Read setting com.facebook.wearable.sdk.selfcare:SELFCARE_SERVICE_ENABLED from persistent cache
11-20 07:22:18.184 D/FacebookRepository( 2334): Reading from Store [906581286488774]
11-20 07:22:18.203 W/HWComposer(  598): Ignoring duplicate VSYNC event from HWC for display 0 (t=56025928673574)
11-20 07:22:18.374 E/SelfCareDataCloudSyncWorker( 2334): Failed to get access token
11-20 07:22:18.374 E/SelfCareDataCloudSyncWorker( 2334): kotlinx.coroutines.JobCancellationException: Job was cancelled; job=JobImpl{Cancelling}@7ab75cf
11-20 07:22:18.374 I/WM-WorkerWrapper( 2334): Work [ id=57f248e9-27c9-4baa-bcea-f98e3ece0d1a, tags={ com.facebook.wearable.system.selfcare.cloudsync.SelfCareDataCloudSyncWorker } ] was cancelled
11-20 07:22:18.374 I/WM-WorkerWrapper( 2334): java.util.concurrent.CancellationException: Task was cancelled.
11-20 07:22:18.374 I/WM-WorkerWrapper( 2334): 	at androidx.work.impl.utils.futures.AbstractFuture.getDoneValue(:32)
11-20 07:22:18.374 I/WM-WorkerWrapper( 2334): 	at androidx.work.impl.utils.futures.AbstractFuture.get(:268435546)
11-20 07:22:18.374 I/WM-WorkerWrapper( 2334): 	at androidx.work.impl.WorkerWrapper$2.run(:3)
11-20 07:22:18.374 I/WM-WorkerWrapper( 2334): 	at androidx.work.impl.utils.SerialExecutor$Task.run(:2)
11-20 07:22:18.374 I/WM-WorkerWrapper( 2334): 	at java.util.concurrent.ThreadPoolExecutor.runWorker(ThreadPoolExecutor.java:1167)
11-20 07:22:18.374 I/WM-WorkerWrapper( 2334): 	at java.util.concurrent.ThreadPoolExecutor$Worker.run(ThreadPoolExecutor.java:641)
11-20 07:22:18.374 I/WM-WorkerWrapper( 2334): 	at java.lang.Thread.run(Thread.java:923)
11-20 07:22:18.449 D/CompatibilityInfo( 1186): mCompatibilityFlags - 4
11-20 07:22:18.449 D/CompatibilityInfo( 1186): applicationDensity - 320
11-20 07:22:18.450 D/CompatibilityInfo( 1186): applicationScale - 1.0
11-20 07:22:18.507 E/StickerBundleDatabaseWorker( 2334): Failed to fetch sticker bundles:
11-20 07:22:18.507 E/StickerBundleDatabaseWorker( 2334): kotlinx.coroutines.JobCancellationException: Job was cancelled; job=JobImpl{Cancelling}@7d20be1
11-20 07:22:18.507 I/WM-WorkerWrapper( 2334): Work [ id=e596069b-4a6f-495d-b19d-a8669de7ea86, tags={ com.facebook.wearable.system.selfcare.sharing.StickerBundleDatabaseWorker } ] was cancelled
11-20 07:22:18.507 I/WM-WorkerWrapper( 2334): java.util.concurrent.CancellationException: Task was cancelled.
11-20 07:22:18.507 I/WM-WorkerWrapper( 2334): 	at androidx.work.impl.utils.futures.AbstractFuture.getDoneValue(:32)
11-20 07:22:18.507 I/WM-WorkerWrapper( 2334): 	at androidx.work.impl.utils.futures.AbstractFuture.get(:268435546)
11-20 07:22:18.507 I/WM-WorkerWrapper( 2334): 	at androidx.work.impl.WorkerWrapper$2.run(:3)
11-20 07:22:18.507 I/WM-WorkerWrapper( 2334): 	at androidx.work.impl.utils.SerialExecutor$Task.run(:2)
11-20 07:22:18.507 I/WM-WorkerWrapper( 2334): 	at java.util.concurrent.ThreadPoolExecutor.runWorker(ThreadPoolExecutor.java:1167)
11-20 07:22:18.507 I/WM-WorkerWrapper( 2334): 	at java.util.concurrent.ThreadPoolExecutor$Worker.run(ThreadPoolExecutor.java:641)
11-20 07:22:18.507 I/WM-WorkerWrapper( 2334): 	at java.lang.Thread.run(Thread.java:923)
11-20 07:22:18.508 D/SettingsSDK::SyncHelper( 2334): Read setting com.facebook.wearable.sdk.selfcare:SELFCARE_SERVICE_ENABLED from persistent cache
11-20 07:22:18.508 D/FacebookRepository( 2334): Reading from Store [906581286488774]
11-20 07:22:18.693 E/SelfCareDataCloudSyncWorker( 2334): Failed to get access token
11-20 07:22:18.693 E/SelfCareDataCloudSyncWorker( 2334): kotlinx.coroutines.JobCancellationException: Job was cancelled; job=JobImpl{Cancelling}@369160
11-20 07:22:18.694 I/WM-WorkerWrapper( 2334): Work [ id=57f248e9-27c9-4baa-bcea-f98e3ece0d1a, tags={ com.facebook.wearable.system.selfcare.cloudsync.SelfCareDataCloudSyncWorker } ] was cancelled
11-20 07:22:18.694 I/WM-WorkerWrapper( 2334): java.util.concurrent.CancellationException: Task was cancelled.
11-20 07:22:18.694 I/WM-WorkerWrapper( 2334): 	at androidx.work.impl.utils.futures.AbstractFuture.getDoneValue(:32)
11-20 07:22:18.694 I/WM-WorkerWrapper( 2334): 	at androidx.work.impl.utils.futures.AbstractFuture.get(:268435546)
11-20 07:22:18.694 I/WM-WorkerWrapper( 2334): 	at androidx.work.impl.WorkerWrapper$2.run(:3)
11-20 07:22:18.694 I/WM-WorkerWrapper( 2334): 	at androidx.work.impl.utils.SerialExecutor$Task.run(:2)
11-20 07:22:18.694 I/WM-WorkerWrapper( 2334): 	at java.util.concurrent.ThreadPoolExecutor.runWorker(ThreadPoolExecutor.java:1167)
11-20 07:22:18.694 I/WM-WorkerWrapper( 2334): 	at java.util.concurrent.ThreadPoolExecutor$Worker.run(ThreadPoolExecutor.java:641)
11-20 07:22:18.694 I/WM-WorkerWrapper( 2334): 	at java.lang.Thread.run(Thread.java:923)
11-20 07:22:18.758 D/UIAutomatorStub(19450): URI: /jsonrpc/0, Method: POST, Header: {content-length=229, remote-addr=127.0.0.1, http-client-ip=127.0.0.1, host=localhost:9012, content-type=application/json, accept-encoding=identity}, params, {NanoHttpd.QUERY_STRING=null}, files: {postData={"jsonrpc": "2.0", "method": "objInfo", "id": "cf0fc265c96e66ad8b2b50186a516517", "params": [{"mask": 2097152, "childOrSibling": [], "childOrSiblingSelector": [], "resourceId": "com.facebook.wearable.system.settings:id/toggle"}]}}
11-20 07:22:18.777 D/CompatibilityInfo( 1186): mCompatibilityFlags - 4
11-20 07:22:18.777 D/CompatibilityInfo( 1186): applicationDensity - 320
11-20 07:22:18.777 D/CompatibilityInfo( 1186): applicationScale - 1.0
11-20 07:22:18.798 D/ConnectivityService( 1186): handleLingerComplete for [101 CELLULAR]
11-20 07:22:18.808 W/MqttClient( 2620): connection/disconnecting; reason=READ_SOCKET, operation=NETWORK_THREAD_LOOP
11-20 07:22:18.809 W/System.err( 2620): DEBUG: com.whatsapp.net.tls13.WtSocketWrapper.sendAlertAndShutdown(:86) : Sending Alert : type : WARNING description : close_notify(0) exception : 
11-20 07:22:18.812 W/System.err( 2620): ERROR: com.whatsapp.net.logging.WtLog.log$REDEX$HQcOuACUrr4(:4) : Encountered exception. Nothing much can be done here. com.whatsapp.net.alerts.WtAlertException
11-20 07:22:18.870 D/QCNEJ/WwanInfoRelay( 1907): onCapabilitiesChanged: 101 [ Transports: CELLULAR Capabilities: MMS&SUPL&FOTA&INTERNET&NOT_RESTRICTED&TRUSTED&NOT_VPN&VALIDATED&NOT_ROAMING&NOT_CONGESTED&NOT_SUSPENDED LinkUpBandwidth>=15000Kbps LinkDnBandwidth>=30000Kbps Specifier: <TelephonyNetworkSpecifier [mSubId = 1]> AdministratorUids: [] RequestorUid: -1 RequestorPackageName: null]
11-20 07:22:18.874 D/UIAutomatorStub(19450): URI: /jsonrpc/0, Method: POST, Header: {content-length=227, remote-addr=127.0.0.1, http-client-ip=127.0.0.1, host=localhost:9012, content-type=application/json, accept-encoding=identity}, params, {NanoHttpd.QUERY_STRING=null}, files: {postData={"jsonrpc": "2.0", "method": "click", "id": "ac3bc11bb3b15595207260fac1c8c88a", "params": [{"mask": 2097152, "childOrSibling": [], "childOrSiblingSelector": [], "resourceId": "com.facebook.wearable.system.settings:id/toggle"}]}}
11-20 07:22:18.875 I/QCNEJ/WwanInfoRelay( 1907): cacheWwanInfo subId = 1 phoneId = 0 slotId = 0
11-20 07:22:18.889 W/System.err( 2620): INFO: com.whatsapp.net.logging.WtLog.log$REDEX$HQcOuACUrr4(:4) : Start handshake.
11-20 07:22:18.890 E/StickerBundleDatabaseWorker( 2334): Failed to fetch sticker bundles:
11-20 07:22:18.890 E/StickerBundleDatabaseWorker( 2334): kotlinx.coroutines.JobCancellationException: Job was cancelled; job=JobImpl{Cancelling}@ee3ad5
11-20 07:22:18.890 I/WM-WorkerWrapper( 2334): Work [ id=e596069b-4a6f-495d-b19d-a8669de7ea86, tags={ com.facebook.wearable.system.selfcare.sharing.StickerBundleDatabaseWorker } ] was cancelled
11-20 07:22:18.890 I/WM-WorkerWrapper( 2334): java.util.concurrent.CancellationException: Task was cancelled.
11-20 07:22:18.890 I/WM-WorkerWrapper( 2334): 	at androidx.work.impl.utils.futures.AbstractFuture.getDoneValue(:32)
11-20 07:22:18.890 I/WM-WorkerWrapper( 2334): 	at androidx.work.impl.utils.futures.AbstractFuture.get(:268435546)
11-20 07:22:18.890 I/WM-WorkerWrapper( 2334): 	at androidx.work.impl.WorkerWrapper$2.run(:3)
11-20 07:22:18.890 I/WM-WorkerWrapper( 2334): 	at androidx.work.impl.utils.SerialExecutor$Task.run(:2)
11-20 07:22:18.890 I/WM-WorkerWrapper( 2334): 	at java.util.concurrent.ThreadPoolExecutor.runWorker(ThreadPoolExecutor.java:1167)
11-20 07:22:18.890 I/WM-WorkerWrapper( 2334): 	at java.util.concurrent.ThreadPoolExecutor$Worker.run(ThreadPoolExecutor.java:641)
11-20 07:22:18.890 I/WM-WorkerWrapper( 2334): 	at java.lang.Thread.run(Thread.java:923)
11-20 07:22:18.890 D/SettingsSDK::SyncHelper( 2334): Read setting com.facebook.wearable.sdk.selfcare:SELFCARE_SERVICE_ENABLED from persistent cache
11-20 07:22:18.891 D/FacebookRepository( 2334): Reading from Store [906581286488774]
11-20 07:22:18.928 D/WifiSharingService( 2870): Setting Wi-Fi enabled state
11-20 07:22:18.929 I/WifiService( 1186): setWifiEnabled package=com.facebook.wearable.system.connectivity uid=1000 enable=false
11-20 07:22:18.935 D/QCNEJ/WlanStaInfoRelay( 1907): onChange for uri = content://settings/global/wifi_on
11-20 07:22:18.938 D/WifiActiveModeWarden( 1186): Switching all client mode managers
11-20 07:22:18.942 D/BluetoothAdapterService( 1710): android.net.wifi.WIFI_STATE_CHANGED
11-20 07:22:18.947 E/QMI_FW  (  915): qmi_cci_get_ref: ref count increased 2
11-20 07:22:18.953 D/WifiP2pService( 1186): Wifi enabled=false, P2P Interface availability=true
11-20 07:22:18.954 D/WifiP2pNative( 1186): Teardown P2P interface
11-20 07:22:18.955 W/ContextImpl( 1186): Calling a method in the system process without a qualified user: android.app.ContextImpl.sendBroadcastMultiplePermissions:1143 android.content.Context.sendBroadcastWithMultiplePermissions:2150 com.android.server.display.WifiDisplayAdapter.handleSendStatusChangeBroadcast:440 com.android.server.display.WifiDisplayAdapter.access$1700:63 com.android.server.display.WifiDisplayAdapter$WifiDisplayHandler.handleMessage:675 
11-20 07:22:18.959 D/WifiP2pService( 1186): Wifi enabled=false, P2P Interface availability=true
11-20 07:22:18.961 D/WifiClientModeManager0( 1186): IMS not registered over IWLAN for subId: 1
11-20 07:22:18.961 D/WifiClientModeManager0( 1186): The target role 5
11-20 07:22:18.991 W/System.err( 2620): INFO: com.whatsapp.net.logging.WtLog.log$REDEX$HQcOuACUrr4(:4) : Handshake complete : session_resumed true early_data_sent false early_data_accepted false client_cert_requested false time_ms 101
11-20 07:22:19.004 I/android_os_HwBinder( 1186): HwBinder: Starting thread pool for getting: android.hardware.wifi.supplicant@1.0::ISupplicant/default
11-20 07:22:19.007 E/QMI_FW  ( 1042): qmi_cci_get_ref: ref count increased 2
11-20 07:22:19.007 I/wpa_supplicant(31281): wlan0: Do not deauthenticate as part of interface deinit since WoWLAN is enabled
11-20 07:22:19.010 E/QMI_FW  ( 1042): qmi_cci_get_ref: ref count increased 2
11-20 07:22:19.012 E/QMI_FW  ( 1042): qmi_cci_get_ref: ref count increased 2
11-20 07:22:19.044 I/wpa_supplicant(31281): Try to unregister vendor STA network
11-20 07:22:19.063 E/wpa_supplicant(31281): eap_proxy: pthread_join on eap_proxy=0xf0a2eac
11-20 07:22:19.063 E/wpa_supplicant(31281): eap_proxy: session not started for client = 1
11-20 07:22:19.063 E/QMI_FW  (31281): qmi_cci_get_ref: ref count increased 2
11-20 07:22:19.063 E/QMI_FW  (31281): qmi_cci_get_ref: ref count increased 2
11-20 07:22:19.065 E/wpa_supplicant(31281): eap_proxy: Released QMI UIM service client
11-20 07:22:19.065 E/QMI_FW  (31281): qmi_cci_get_ref: ref count increased 2
11-20 07:22:19.065 E/QMI_FW  (31281): qmi_cci_get_ref: ref count increased 2
11-20 07:22:19.067 E/wpa_supplicant(31281): eap_proxy: Released QMI EAP service client
11-20 07:22:19.067 E/wpa_supplicant(31281): eap_proxy: session not started for client = 2
11-20 07:22:19.067 E/QMI_FW  (31281): qmi_cci_get_ref: ref count increased 2
11-20 07:22:19.067 E/QMI_FW  (31281): qmi_cci_get_ref: ref count increased 2
11-20 07:22:19.069 E/wpa_supplicant(31281): eap_proxy: Released QMI UIM service client
11-20 07:22:19.069 E/QMI_FW  (31281): qmi_cci_get_ref: ref count increased 2
11-20 07:22:19.069 E/QMI_FW  (31281): qmi_cci_get_ref: ref count increased 2
11-20 07:22:19.071 E/wpa_supplicant(31281): eap_proxy: Released QMI EAP service client
11-20 07:22:19.071 I/wpa_supplicant(31281): eap_proxy: eap_proxy Deinitialzed
11-20 07:22:19.120 I/wpa_supplicant(31281): nl80211: deinit ifname=wlan0 disabled_11b_rates=0
11-20 07:22:19.155 I/wpa_supplicant(31281): Try to unregister vendor interface
11-20 07:22:19.156 D/LOWI-9.0.0.80( 1026): [LOWINetlinkSocketReceiver] unpackRTMLinkMessage: RTM_NEWLINK - ifname wlan0, flags 0x11043 ([UP][RUNNING])
11-20 07:22:19.156 D/LOWI-9.0.0.80( 1026): [LOWINetlinkSocketReceiver] processNetlinkPacket: ifname(wlan0) status(2)
11-20 07:22:19.156 D/LOWI-9.0.0.80( 1026): [LOWIController] intfStateReceived: ifname(wlan0) state(2)
11-20 07:22:19.157 D/LOWI-9.0.0.80( 1026): [LOWIEventReceiver] handleEvent:FROM:NA, TO:NA, REQ:NA, IREQ:NA, REQ_ID:0, RESP:NA, INFO:INTF-STATUS-UPDATE
11-20 07:22:19.157 D/LOWI-9.0.0.80( 1026): [LOWIEventReceiver] Info to [INTF-STATUS-UPDATE]
11-20 07:22:19.157 D/LOWI-9.0.0.80( 1026): [LOWIController] updateIntfState: WIFI enabled 2 mNlWifiStatus 2 mWifiStateEnabled 1
11-20 07:22:19.157 D/LOWI-9.0.0.80( 1026): [LOWIController] isWifiEnabled: mNlWifiStatus 2 mWifiStateEnabled 1
11-20 07:22:19.162 I/wpa_supplicant(31281): p2p0: Do not deauthenticate as part of interface deinit since WoWLAN is enabled
11-20 07:22:19.173 W/system_server( 1186): Long monitor contention with owner WifiHandlerThread (1641) at boolean com.android.server.wifi.SupplicantStaIfaceHal.removeIfaceV1_1(java.lang.String)(SupplicantStaIfaceHal.java:810) waiters=0 in void com.android.server.wifi.SupplicantStaIfaceCallbackImpl.onNetworkRemoved(int) for 115ms
11-20 07:22:19.176 I/SupplicantStaIfaceHal( 1186): Terminating supplicant using HIDL
11-20 07:22:19.194 E/wpa_supplicant(31281): eap_proxy: pthread_join on eap_proxy=0xf0a2fa8
11-20 07:22:19.194 E/wpa_supplicant(31281): eap_proxy: session not started for client = 1
11-20 07:22:19.194 E/QMI_FW  (31281): qmi_cci_get_ref: ref count increased 2
11-20 07:22:19.194 E/QMI_FW  (31281): qmi_cci_get_ref: ref count increased 2
11-20 07:22:19.194 E/wpa_supplicant(31281): eap_proxy: Released QMI UIM service client
11-20 07:22:19.194 E/QMI_FW  (31281): qmi_cci_get_ref: ref count increased 2
11-20 07:22:19.194 E/QMI_FW  (31281): qmi_cci_get_ref: ref count increased 2
11-20 07:22:19.195 E/wpa_supplicant(31281): eap_proxy: Released QMI EAP service client
11-20 07:22:19.195 E/wpa_supplicant(31281): eap_proxy: session not started for client = 2
11-20 07:22:19.195 E/QMI_FW  (31281): qmi_cci_get_ref: ref count increased 2
11-20 07:22:19.195 E/QMI_FW  (31281): qmi_cci_get_ref: ref count increased 2
11-20 07:22:19.195 E/wpa_supplicant(31281): eap_proxy: Released QMI UIM service client
11-20 07:22:19.195 E/QMI_FW  (31281): qmi_cci_get_ref: ref count increased 2
11-20 07:22:19.195 E/QMI_FW  (31281): qmi_cci_get_ref: ref count increased 2
11-20 07:22:19.196 E/wpa_supplicant(31281): eap_proxy: Released QMI EAP service client
11-20 07:22:19.196 I/wpa_supplicant(31281): eap_proxy: eap_proxy Deinitialzed
11-20 07:22:19.214 E/SelfCareDataCloudSyncWorker( 2334): Failed to get access token
11-20 07:22:19.214 E/SelfCareDataCloudSyncWorker( 2334): kotlinx.coroutines.JobCancellationException: Job was cancelled; job=JobImpl{Cancelling}@fe82542
11-20 07:22:19.214 I/WM-WorkerWrapper( 2334): Work [ id=57f248e9-27c9-4baa-bcea-f98e3ece0d1a, tags={ com.facebook.wearable.system.selfcare.cloudsync.SelfCareDataCloudSyncWorker } ] was cancelled
11-20 07:22:19.214 I/WM-WorkerWrapper( 2334): java.util.concurrent.CancellationException: Task was cancelled.
11-20 07:22:19.214 I/WM-WorkerWrapper( 2334): 	at androidx.work.impl.utils.futures.AbstractFuture.getDoneValue(:32)
11-20 07:22:19.214 I/WM-WorkerWrapper( 2334): 	at androidx.work.impl.utils.futures.AbstractFuture.get(:268435546)
11-20 07:22:19.214 I/WM-WorkerWrapper( 2334): 	at androidx.work.impl.WorkerWrapper$2.run(:3)
11-20 07:22:19.214 I/WM-WorkerWrapper( 2334): 	at androidx.work.impl.utils.SerialExecutor$Task.run(:2)
11-20 07:22:19.214 I/WM-WorkerWrapper( 2334): 	at java.util.concurrent.ThreadPoolExecutor.runWorker(ThreadPoolExecutor.java:1167)
11-20 07:22:19.214 I/WM-WorkerWrapper( 2334): 	at java.util.concurrent.ThreadPoolExecutor$Worker.run(ThreadPoolExecutor.java:641)
11-20 07:22:19.214 I/WM-WorkerWrapper( 2334): 	at java.lang.Thread.run(Thread.java:923)
11-20 07:22:19.236 I/wpa_supplicant(31281): nl80211: deinit ifname=p2p0 disabled_11b_rates=0
11-20 07:22:19.275 D/LOWI-9.0.0.80( 1026): [LOWINetlinkSocketReceiver] unpackRTMLinkMessage: RTM_NEWLINK - ifname p2p0, flags 0x1003 ([UP])
11-20 07:22:19.288 D/CompatibilityInfo( 1186): mCompatibilityFlags - 4
11-20 07:22:19.288 D/CompatibilityInfo( 1186): applicationDensity - 320
11-20 07:22:19.288 D/CompatibilityInfo( 1186): applicationScale - 1.0
11-20 07:22:19.294 D/LOWI-9.0.0.80( 1026): [LOWINetlinkSocketReceiver] unpackRTMLinkMessage: RTM_NEWLINK - ifname p2p0, flags 0x1002 ()
11-20 07:22:19.298 D/LOWI-9.0.0.80( 1026): [LOWINetlinkSocketReceiver] unpackRTMLinkMessage: RTM_NEWLINK - ifname p2p0, flags 0x1002 ()
11-20 07:22:19.306 I/wpa_supplicant(31281): Try to unregister vendor p2 interface
11-20 07:22:19.307 I/WifiP2pNative( 1186): P2P interface teardown completed
11-20 07:22:19.308 D/WifiP2pNative( 1186): P2P InterfaceDestroyedListener p2p0
11-20 07:22:19.308 D/WifiP2pNative( 1186): Ignoring stale interface destroyed listener
11-20 07:22:19.308 D/WifiP2pNative( 1186): P2P InterfaceAvailableListener true
11-20 07:22:19.308 D/WifiP2pService( 1186): Wifi enabled=false, P2P Interface availability=true
11-20 07:22:19.309 I/android_os_HwBinder( 1186): HwBinder: Starting thread pool for getting: android.hardware.wifi.supplicant@1.0::ISupplicant/default
11-20 07:22:19.311 I/wpa_supplicant(31281): Terminating...
11-20 07:22:19.313 D/LOWI-9.0.0.80( 1026): [LOWINetlinkSocketReceiver] unpackRTMLinkMessage: RTM_NEWLINK - ifname wlan0, flags 0x1003 ([UP])
11-20 07:22:19.313 D/LOWI-9.0.0.80( 1026): [LOWINetlinkSocketReceiver] processNetlinkPacket: ifname(wlan0) status(1)
11-20 07:22:19.313 D/LOWI-9.0.0.80( 1026): [LOWIController] intfStateReceived: ifname(wlan0) state(1)
11-20 07:22:19.313 D/LOWI-9.0.0.80( 1026): [LOWIEventReceiver] handleEvent:FROM:NA, TO:NA, REQ:NA, IREQ:NA, REQ_ID:0, RESP:NA, INFO:INTF-STATUS-UPDATE
11-20 07:22:19.313 D/LOWI-9.0.0.80( 1026): [LOWIEventReceiver] Info to [INTF-STATUS-UPDATE]
11-20 07:22:19.313 D/LOWI-9.0.0.80( 1026): [LOWIController] updateIntfState: WIFI enabled 1 mNlWifiStatus 2 mWifiStateEnabled 1
11-20 07:22:19.313 D/LOWI-9.0.0.80( 1026): [LOWIController] isWifiEnabled: mNlWifiStatus 1 mWifiStateEnabled 1
11-20 07:22:19.340 E/StickerBundleDatabaseWorker( 2334): Failed to fetch sticker bundles:
11-20 07:22:19.340 E/StickerBundleDatabaseWorker( 2334): kotlinx.coroutines.JobCancellationException: Job was cancelled; job=JobImpl{Cancelling}@ad7538e
11-20 07:22:19.340 I/WM-WorkerWrapper( 2334): Work [ id=e596069b-4a6f-495d-b19d-a8669de7ea86, tags={ com.facebook.wearable.system.selfcare.sharing.StickerBundleDatabaseWorker } ] was cancelled
11-20 07:22:19.340 I/WM-WorkerWrapper( 2334): java.util.concurrent.CancellationException: Task was cancelled.
11-20 07:22:19.340 I/WM-WorkerWrapper( 2334): 	at androidx.work.impl.utils.futures.AbstractFuture.getDoneValue(:32)
11-20 07:22:19.340 I/WM-WorkerWrapper( 2334): 	at androidx.work.impl.utils.futures.AbstractFuture.get(:268435546)
11-20 07:22:19.340 I/WM-WorkerWrapper( 2334): 	at androidx.work.impl.WorkerWrapper$2.run(:3)
11-20 07:22:19.340 I/WM-WorkerWrapper( 2334): 	at androidx.work.impl.utils.SerialExecutor$Task.run(:2)
11-20 07:22:19.340 I/WM-WorkerWrapper( 2334): 	at java.util.concurrent.ThreadPoolExecutor.runWorker(ThreadPoolExecutor.java:1167)
11-20 07:22:19.340 I/WM-WorkerWrapper( 2334): 	at java.util.concurrent.ThreadPoolExecutor$Worker.run(ThreadPoolExecutor.java:641)
11-20 07:22:19.340 I/WM-WorkerWrapper( 2334): 	at java.lang.Thread.run(Thread.java:923)
11-20 07:22:19.341 D/SettingsSDK::SyncHelper( 2334): Read setting com.facebook.wearable.sdk.selfcare:SELFCARE_SERVICE_ENABLED from persistent cache
11-20 07:22:19.341 D/FacebookRepository( 2334): Reading from Store [906581286488774]
11-20 07:22:19.356 D/LOWI-9.0.0.80( 1026): [LOWINetlinkSocketReceiver] unpackRTMLinkMessage: RTM_NEWLINK - ifname wlan0, flags 0x1003 ([UP])
11-20 07:22:19.356 D/LOWI-9.0.0.80( 1026): [LOWINetlinkSocketReceiver] processNetlinkPacket: ifname(wlan0) status(1)
11-20 07:22:19.356 D/LOWI-9.0.0.80( 1026): [LOWIController] intfStateReceived: ifname(wlan0) state(1)
11-20 07:22:19.357 D/LOWI-9.0.0.80( 1026): [LOWIEventReceiver] handleEvent:FROM:NA, TO:NA, REQ:NA, IREQ:NA, REQ_ID:0, RESP:NA, INFO:INTF-STATUS-UPDATE
11-20 07:22:19.357 D/LOWI-9.0.0.80( 1026): [LOWIEventReceiver] Info to [INTF-STATUS-UPDATE]
11-20 07:22:19.357 D/LOWI-9.0.0.80( 1026): [LOWIController] updateIntfState: WIFI enabled 1 mNlWifiStatus 1 mWifiStateEnabled 1
11-20 07:22:19.357 D/LOWI-9.0.0.80( 1026): [LOWIController] isWifiEnabled: mNlWifiStatus 1 mWifiStateEnabled 1
11-20 07:22:19.359 V/WifiHAL (  544): event received NL80211_CMD_DISCONNECT
11-20 07:22:19.361 W/SupplicantStaIfaceHal( 1186): Timed out waiting for confirmation of supplicant death
11-20 07:22:19.362 E/SupplicantStaIfaceHal( 1186): Can't call getKeyMgmtCapabilities_1_3, ISupplicantStaIface is null
11-20 07:22:19.364 V/WifiHAL (  544): WifiVendorCommand 0xaadf1b98 created vendor_id:0x1374 subcmd:38
11-20 07:22:19.364 V/WifiHAL (  544): Got a Wi-Fi HAL module message from Driver
11-20 07:22:19.364 V/WifiHAL (  544): Supported feature set : 19d3d
11-20 07:22:19.364 W/SupplicantStaIfaceHal( 1186): ISupplicantVendor/ISupplicantVendorStaIface died: cookie=0
11-20 07:22:19.364 V/WifiHAL (  544): Supported feature set acquired : 19d3d
11-20 07:22:19.365 V/WifiHAL (  544): WifiVendorCommand 0x98689280 created vendor_id:0x1374 subcmd:76
11-20 07:22:19.365 W/SupplicantP2pIfaceHal( 1186): ISupplicant/ISupplicantP2pIface died: cookie=0
11-20 07:22:19.365 V/WifiHAL (  544): create: mVendor_id = 4980, Subcmd = 76.
11-20 07:22:19.365 W/SupplicantP2pIfaceHal( 1186): ISupplicant/ISupplicantP2pIface died: cookie=0
11-20 07:22:19.365 D/SupplicantStaIfaceHal( 1186): ISupplicant died: cookie=-5063471638762015121
11-20 07:22:19.365 W/SupplicantP2pIfaceHal( 1186): ISupplicantVendor/ISupplicantVendorP2PIface died: cookie=0
11-20 07:22:19.366 W/SupplicantP2pIfaceHal( 1186): ISupplicantVendor/ISupplicantVendorP2PIface died: cookie=0
11-20 07:22:19.366 W/SupplicantStaIfaceHal( 1186): ISupplicantVendor/ISupplicantVendorStaIface died: cookie=0
11-20 07:22:19.366 V/WifiHAL (  544): WifiVendorCommand 0xaadf1cc8 created vendor_id:0x1374 subcmd:38
11-20 07:22:19.367 V/WifiHAL (  544): Got a Wi-Fi HAL module message from Driver
11-20 07:22:19.367 V/WifiHAL (  544): Supported feature set : 19d3d
11-20 07:22:19.367 V/WifiHAL (  544): Supported feature set acquired : 19d3d
11-20 07:22:19.367 V/WifiHAL (  544): WifiVendorCommand 0x98689280 created vendor_id:0x1374 subcmd:76
11-20 07:22:19.367 V/WifiHAL (  544): create: mVendor_id = 4980, Subcmd = 76.
11-20 07:22:19.374 E/SupplicantStaIfaceHal( 1186): Can't call getWpaDriverFeatureSet, ISupplicantStaIface is null
11-20 07:22:19.374 I/WifiNative( 1186): Successfully switched to scan mode on iface=Iface:{Name=wlan0,Id=0,Type=STA_SCAN}
11-20 07:22:19.375 W/SupplicantStaIfaceHal( 1186): ISupplicant died: cookie=106
11-20 07:22:19.375 D/BluetoothAdapterService( 1710): Soft AP is on band: 1
11-20 07:22:19.376 D/WifiClientModeManager0( 1186): entering ScanOnlyModeState
11-20 07:22:19.376 D/BluetoothVendorService( 1710): getPowerBackoff 
11-20 07:22:19.376 D/BluetoothVendorService( 1710): setPowerBackoff to: false
11-20 07:22:19.376 I/BluetoothVendorJni( 1710): setPowerBackoffNative
11-20 07:22:19.376 I/bt_btif_vendor( 1710): setPowerBackOffState :0 
11-20 07:22:19.377 D/WifiScanRequestProxy( 1186): Sending scan available broadcast: true
11-20 07:22:19.377 W/bt_btif ( 1710): bta_dm_power_back_off: power_back_off feature not supported
11-20 07:22:19.377 D/WifiP2pService( 1186): Wifi enabled=false, P2P Interface availability=true
11-20 07:22:19.377 I/WifiScanningService( 1186): Received a request to enable scanning, UID = 1000
11-20 07:22:19.377 I/WifiScanningService( 1186): scanner impls already exists
11-20 07:22:19.378 E/WifiScanningService( 1186): wifi driver loaded received while already loaded
11-20 07:22:19.378 D/BluetoothAdapterService( 1710): android.net.wifi.WIFI_STATE_CHANGED
11-20 07:22:19.382 I/WifiScanRequestProxy( 1186): Scanning is enabled
11-20 07:22:19.382 I/WifiScanRequestProxy( 1186): Scanning for hidden networks is disabled
11-20 07:22:19.383 D/WakeupController( 1186): start()
11-20 07:22:19.384 D/WakeupController( 1186): Setting active to true
11-20 07:22:19.391 D/WakeupLock( 1186): Lock set. Number of networks: 1
11-20 07:22:19.393 D/WifiClientModeImpl( 1186): ClientModeImpl: Leaving Connected state
11-20 07:22:19.395 D/WifiCountryCode( 1186): updateCountryCode to US
11-20 07:22:19.395 E/SupplicantStaIfaceHal( 1186): Can't call setCountryCode, ISupplicantStaIface is null
11-20 07:22:19.395 D/WifiCountryCode( 1186): Failed to set country code to: US
11-20 07:22:19.403 E/SupplicantStaIfaceHal( 1186): Can't call listNetworks, ISupplicantStaIface is null
11-20 07:22:19.403 E/SupplicantStaIfaceHal( 1186): removeAllNetworks failed, got null networks
11-20 07:22:19.403 E/WifiClientModeImpl( 1186): Failed to remove networks on exiting connect mode
11-20 07:22:19.404 E/WakeupController( 1186): Unexpected setLastDisconnectInfo when WakeupController is active!
11-20 07:22:19.405 E/WifiVendorHal( 1186): stopRssiMonitoring(l.2106) failed {.code = ERROR_NOT_AVAILABLE, .description = }
11-20 07:22:19.405 E/SupplicantStaIfaceHal( 1186): Can't call setPowerSave, ISupplicantStaIface is null
11-20 07:22:19.406 E/SupplicantStaIfaceHal( 1186): Can't call setBtCoexistenceMode, ISupplicantStaIface is null
11-20 07:22:19.406 V/WifiClientModeImpl( 1186): stopIpClient IpClientWithPreConnection: false
11-20 07:22:19.406 V/WifiClientModeImpl( 1186): java.lang.Throwable
11-20 07:22:19.406 V/WifiClientModeImpl( 1186): 	at com.android.server.wifi.ClientModeImpl.stopIpClient(ClientModeImpl.java:1127)
11-20 07:22:19.406 V/WifiClientModeImpl( 1186): 	at com.android.server.wifi.ClientModeImpl.stopDhcpSetup(ClientModeImpl.java:1153)
11-20 07:22:19.406 V/WifiClientModeImpl( 1186): 	at com.android.server.wifi.ClientModeImpl.handleNetworkDisconnect(ClientModeImpl.java:2945)
11-20 07:22:19.406 V/WifiClientModeImpl( 1186): 	at com.android.server.wifi.ClientModeImpl.stopClientMode(ClientModeImpl.java:3889)
11-20 07:22:19.406 V/WifiClientModeImpl( 1186): 	at com.android.server.wifi.ClientModeImpl.access$4600(ClientModeImpl.java:176)
11-20 07:22:19.406 V/WifiClientModeImpl( 1186): 	at com.android.server.wifi.ClientModeImpl$ConnectModeState.exit(ClientModeImpl.java:4064)
11-20 07:22:19.406 V/WifiClientModeImpl( 1186): 	at com.android.wifi.x.com.android.internal.util.StateMachine$SmHandler.invokeExitMethods(StateMachine.java:1021)
11-20 07:22:19.406 V/WifiClientModeImpl( 1186): 	at com.android.wifi.x.com.android.internal.util.StateMachine$SmHandler.performTransitions(StateMachine.java:877)
