11-20 12:38:06.448 D/ConnectivityService( 1194): Switching to new default network: NetworkAgentInfo{ ni{[type: WIFI[], state: CONNECTED/CONNECTED, reason: (unspecified), extra: , failover: false, available: true, roaming: false]}  network{174}  nethandle{750730006541}  lp{{InterfaceName: wlan0 LinkAddresses: [ 192.168.1.39/24 ] DnsAddresses: [ /192.168.1.1 ] Domains: null MTU: 0 ServerAddress: /192.168.1.1 TcpBufferSizes: 524288,1048576,2097152,262144,524288,1048576 Routes: [ fe80::/64 -> :: wlan0 mtu 0,192.168.1.0/24 -> 0.0.0.0 wlan0 mtu 0,0.0.0.0/0 -> 192.168.1.1 wlan0 mtu 0 ]}}  nc{[ Transports: WIFI Capabilities: NOT_METERED&INTERNET&NOT_RESTRICTED&TRUSTED&NOT_VPN&VALIDATED&NOT_ROAMING&FOREGROUND&NOT_CONGESTED&NOT_SUSPENDED LinkUpBandwidth>=67000Kbps LinkDnBandwidth>=67000Kbps SignalStrength: -38 OwnerUid: 1000 SSID: "MTBF_Lab" RequestorUid: -1 RequestorPackageName: null]}  Score{60}  everValidated{true}  lastValidated{true}  created{true} lingering{false} explicitlySelected{false} acceptUnvalidated{false} everCaptivePortalDetected{false} lastCaptivePortalDetected{false} partialConnectivity{false} acceptPartialConnectivity{false} clat{mBaseIface: null, mIface: null, mState: IDLE} }
11-20 12:38:06.583 D/ConnectivityService( 1194): Lingering [100 CELLULAR] for 30000ms
11-20 12:38:06.585 D/ConnectivityService( 1194): Sending DISCONNECTED broadcast for type 0 [100 CELLULAR] isDefaultNetwork=true
11-20 12:38:06.587 D/ConnectivityService( 1194): Sending CONNECTED broadcast for type 1 [174 WIFI] isDefaultNetwork=true
11-20 12:38:06.618 D/ConnectivityService( 1194): Setting DNS servers for network 174 to [/192.168.1.1]
11-20 12:38:06.618 D/DnsManager( 1194): sendDnsConfigurationForNetwork(174, [192.168.1.1], [], 1800, 25, 8, 64, 0, 0, , [192.168.1.1])
11-20 12:38:07.182 I/Nat464Xlat( 1194): Android Xlat is disabled
11-20 12:38:07.182 I/Nat464Xlat( 1194): Android Xlat is disabled
11-20 12:38:09.772 D/commandrouter( 1117): rtc_sync (1, rtc:sync): <ServiceRequest> FORWARDED (remote -> local) service client ID = 0, token ID = 40267
11-20 12:38:09.773 D/commandrouter( 1117): SocServiceHandle::onServiceMessage, SoC Service = rtc_sync, appType = 1, type = SVC_RESP, clientId = 0, token = 40267, payloadLen = 8, result = 0, payload.size() = 8
11-20 12:38:12.804 D/commandrouter( 1117): SocServiceHandle::onServiceMessage, SoC Service = mcu_healthcheck_1118, appType = 1, type = SVC_REQ, clientId = 0, token = 2499, payloadLen = 12, result = 0, payload.size() = 12
11-20 12:38:12.805 D/commandrouter( 1117): SocServiceHandle::onServiceMessage, SoC Service = mcu_healthcheck_946, appType = 1, type = SVC_REQ, clientId = 0, token = 1249, payloadLen = 20, result = 0, payload.size() = 20
11-20 12:38:12.808 D/commandrouter( 1117): mcu_healthcheck_1118 (1, merlot:mcu_health:control): <ServiceResponse> FORWARDED (remote -> local) CR token ID = 2499, service client ID = 40, token ID = 44725, result = 0
11-20 12:38:12.809 D/mculinkhealth( 1118): isMcuReachable 1 (5 ms)
11-20 12:38:12.810 D/commandrouter( 1117): mcu_healthcheck_946 (1, merlot:mcu_health:control): <ServiceResponse> FORWARDED (remote -> local) CR token ID = 1249, service client ID = 6, token ID = 44726, result = 0
11-20 12:38:19.763 D/commandrouter( 1117): rtc_sync (1, rtc:sync): <ServiceRequest> FORWARDED (remote -> local) service client ID = 0, token ID = 40268
11-20 12:38:19.764 D/commandrouter( 1117): SocServiceHandle::onServiceMessage, SoC Service = rtc_sync, appType = 1, type = SVC_RESP, clientId = 0, token = 40268, payloadLen = 8, result = 0, payload.size() = 8
11-20 12:38:20.778 D/AppStorageManager( 1194): BEFORE:: Previous Size: 887496704 Current Size: 887332864
11-20 12:38:20.778 D/AppStorageManager( 1194): AFTER:: Previous Size: 887332864 Current Size: 887332864
11-20 12:38:24.336 D/AutofillManagerService( 1194): onBackKeyPressed()
11-20 12:38:25.382 I/chatty  ( 1194): uid=1000(system) android.ui identical 2 lines
11-20 12:38:26.614 D/AutofillManagerService( 1194): onBackKeyPressed()
11-20 12:38:27.157 W/ActivityManager( 1194): Invalid packageName: com.facebook.wearable.system.settings/com.facebook.wearable.system.settings.SettingsActivity
11-20 12:38:27.288 I/ActivityTaskManager( 1194): START u0 {flg=0x10000000 cmp=com.facebook.wearable.system.settings/.SettingsActivity} from uid 0
11-20 12:38:27.310 I/ActivityTaskManager( 1194): The Process com.facebook.wearable.system.settings Already Exists in BG. So sending its PID: 26117
11-20 12:38:27.311 W/ActivityTaskManager( 1194): Tried to set launchTime (0) < mLastActivityLaunchTime (75022552)
11-20 12:38:29.755 D/commandrouter( 1117): rtc_sync (1, rtc:sync): <ServiceRequest> FORWARDED (remote -> local) service client ID = 0, token ID = 40269
11-20 12:38:29.756 D/commandrouter( 1117): SocServiceHandle::onServiceMessage, SoC Service = rtc_sync, appType = 1, type = SVC_RESP, clientId = 0, token = 40269, payloadLen = 8, result = 0, payload.size() = 8
11-20 12:38:29.958 E/TaskPersister( 1194): File error accessing recents directory (directory doesn't exist?).
11-20 12:38:34.866 W/ContextImpl( 1194): Calling a method in the system process without a qualified user: android.app.ContextImpl.sendBroadcastMultiplePermissions:1143 android.content.Context.sendBroadcastWithMultiplePermissions:2150 com.android.server.display.WifiDisplayAdapter.handleSendStatusChangeBroadcast:440 com.android.server.display.WifiDisplayAdapter.access$1700:63 com.android.server.display.WifiDisplayAdapter$WifiDisplayHandler.handleMessage:675 
11-20 12:38:35.364 D/ConnectivityService( 1194): [174 WIFI] EVENT_NETWORK_INFO_CHANGED, going from CONNECTED to DISCONNECTED
11-20 12:38:35.365 D/ConnectivityService( 1194): [174 WIFI] disconnected, was satisfying 26
11-20 12:38:35.501 I/Nat464Xlat( 1194): Android Xlat is disabled
11-20 12:38:35.501 I/Nat464Xlat( 1194): Android Xlat is disabled
11-20 12:38:35.626 D/ConnectivityService( 1194): Sending DISCONNECTED broadcast for type 1 [174 WIFI] isDefaultNetwork=true
11-20 12:38:35.634 D/ConnectivityService( 1194): NetReassign [8 : null → 100, 20 : null → 100, 46 : null → 100, 45 : null → 100, 1299 : null → 100, 12 : null → 100, 22 : null → 100, 16 : null → 100, 14 : null → 100, 50 : null → 100, 18 : null → 100, 1222 : null → 100, 11 : null → 100, 1 : null → 100, 17 : null → 100]
11-20 12:38:35.640 E/NetlinkEvent(  459): NetlinkEvent::FindParam(): Parameter 'INTERFACE' not found
11-20 12:38:35.640 E/NetlinkEvent(  459): NetlinkEvent::FindParam(): Parameter 'STATE' not found
11-20 12:38:35.640 E/NetlinkEvent(  459): NetlinkEvent::FindParam(): Parameter 'TIME_NS' not found
11-20 12:38:35.640 E/NetlinkEvent(  459): NetlinkEvent::FindParam(): Parameter 'UID' not found
11-20 12:38:35.653 D/ConnectivityService( 1194): Switching to new default network: NetworkAgentInfo{ ni{[type: MOBILE[LTE], state: CONNECTED/CONNECTED, reason: (unspecified), extra: nxtgenphone, failover: false, available: true, roaming: false]}  network{100}  nethandle{432902426637}  lp{{InterfaceName: rmnet_data2 LinkAddresses: [ 10.129.103.196/29,2600:380:c119:24f:b89a:9f3c:46c1:95af/64 ] DnsAddresses: [ /172.26.38.1,/fc00:a:a::300 ] Domains: null MTU: 1430 TcpBufferSizes: 2097152,4194304,8388608,262144,524288,1048576 Routes: [ 0.0.0.0/0 -> 10.129.103.197 rmnet_data2 mtu 1430,::/0 -> fe80::b45f:41f1:1846:969d rmnet_data2 mtu 1430,10.129.103.192/29 -> 0.0.0.0 rmnet_data2 mtu 0,2600:380:c119:24f::/64 -> :: rmnet_data2 mtu 0 ]}}  nc{[ Transports: CELLULAR Capabilities: MMS&SUPL&FOTA&INTERNET&NOT_RESTRICTED&TRUSTED&NOT_VPN&VALIDATED&NOT_ROAMING&FOREGROUND&NOT_CONGESTED&NOT_SUSPENDED LinkUpBandwidth>=15000Kbps LinkDnBandwidth>=30000Kbps Specifier: <TelephonyNetworkSpecifier [mSubId = 1]> AdministratorUids: [] RequestorUid: -1 RequestorPackageName: null]}  Score{50}  everValidated{true}  lastValidated{true}  created{true} lingering{true} explicitlySelected{false} acceptUnvalidated{false} everCaptivePortalDetected{false} lastCaptivePortalDetected{false} partialConnectivity{false} acceptPartialConnectivity{false} clat{mBaseIface: null, mIface: null, mState: IDLE} }
11-20 12:38:35.758 D/ConnectivityService( 1194): Unlingering [100 CELLULAR]
11-20 12:38:35.759 D/ConnectivityService( 1194): Sending CONNECTED broadcast for type 0 [100 CELLULAR] isDefaultNetwork=true
11-20 12:38:39.536 D/AutofillManagerService( 1194): onBackKeyPressed()
11-20 12:38:39.750 D/commandrouter( 1117): rtc_sync (1, rtc:sync): <ServiceRequest> FORWARDED (remote -> local) service client ID = 0, token ID = 40270
11-20 12:38:39.752 D/commandrouter( 1117): SocServiceHandle::onServiceMessage, SoC Service = rtc_sync, appType = 1, type = SVC_RESP, clientId = 0, token = 40270, payloadLen = 8, result = 0, payload.size() = 8
11-20 12:38:40.065 D/AutofillManagerService( 1194): onBackKeyPressed()
11-20 12:38:40.589 I/chatty  ( 1194): uid=1000(system) android.ui identical 1 line
11-20 12:38:42.630 D/AutofillManagerService( 1194): onBackKeyPressed()
11-20 12:38:42.810 D/commandrouter( 1117): SocServiceHandle::onServiceMessage, SoC Service = mcu_healthcheck_1118, appType = 1, type = SVC_REQ, clientId = 0, token = 2500, payloadLen = 12, result = 0, payload.size() = 12
11-20 12:38:42.815 D/commandrouter( 1117): mcu_healthcheck_1118 (1, merlot:mcu_health:control): <ServiceResponse> FORWARDED (remote -> local) CR token ID = 2500, service client ID = 40, token ID = 44727, result = 0
11-20 12:38:42.816 D/mculinkhealth( 1118): isMcuReachable 1 (5 ms)
11-20 12:38:43.625 D/AutofillManagerService( 1194): onBackKeyPressed()
11-20 12:38:44.032 E/TaskPersister( 1194): File error accessing recents directory (directory doesn't exist?).
11-20 12:38:44.622 D/AutofillManagerService( 1194): onBackKeyPressed()
11-20 12:38:45.851 I/chatty  ( 1194): uid=1000(system) android.ui identical 1 line
11-20 12:38:46.630 D/AutofillManagerService( 1194): onBackKeyPressed()
11-20 12:38:47.150 W/ActivityManager( 1194): Invalid packageName: com.facebook.wearable.system.settings/com.facebook.wearable.system.settings.SettingsActivity
11-20 12:38:47.268 I/ActivityTaskManager( 1194): START u0 {flg=0x10000000 cmp=com.facebook.wearable.system.settings/.SettingsActivity} from uid 0
11-20 12:38:47.286 I/ActivityTaskManager( 1194): The Process com.facebook.wearable.system.settings Already Exists in BG. So sending its PID: 26117
11-20 12:38:47.286 W/ActivityTaskManager( 1194): Tried to set launchTime (0) < mLastActivityLaunchTime (75053576)
11-20 12:38:49.745 D/commandrouter( 1117): rtc_sync (1, rtc:sync): <ServiceRequest> FORWARDED (remote -> local) service client ID = 0, token ID = 40271
11-20 12:38:49.745 D/commandrouter( 1117): SocServiceHandle::onServiceMessage, SoC Service = rtc_sync, appType = 1, type = SVC_RESP, clientId = 0, token = 40271, payloadLen = 8, result = 0, payload.size() = 8
11-20 12:38:50.876 E/TaskPersister( 1194): File error accessing recents directory (directory doesn't exist?).
11-20 12:38:53.909 W/ContextImpl( 1194): Calling a method in the system process without a qualified user: android.app.ContextImpl.sendBroadcastMultiplePermissions:1143 android.content.Context.sendBroadcastWithMultiplePermissions:2150 com.android.server.display.WifiDisplayAdapter.handleSendStatusChangeBroadcast:440 com.android.server.display.WifiDisplayAdapter.access$1700:63 com.android.server.display.WifiDisplayAdapter$WifiDisplayHandler.handleMessage:675 
11-20 12:38:54.890 W/ContextImpl( 1194): Calling a method in the system process without a qualified user: android.app.ContextImpl.sendBroadcastMultiplePermissions:1143 android.content.Context.sendBroadcastWithMultiplePermissions:2150 com.android.server.wifi.p2p.WifiP2pServiceImpl$P2pStateMachine.sendBroadcastMultiplePermissions:3209 com.android.server.wifi.p2p.WifiP2pServiceImpl$P2pStateMachine.sendP2pConnectionChangedBroadcast:3236 com.android.server.wifi.p2p.WifiP2pServiceImpl$P2pStateMachine.access$5100:768 
11-20 12:38:54.892 W/BroadcastQueue( 1194): Permission Denial: receiving Intent { act=android.net.wifi.p2p.CONNECTION_STATE_CHANGE flg=0x24000010 (has extras) } to ProcessRecord{ba73 1900:.qtidataservices/u0a89} (pid=1900, uid=10089) requires android.permission.ACCESS_FINE_LOCATION due to sender android (uid 1000)
11-20 12:38:54.906 W/wificond(  906): Scan is not started. Ignore abort request
11-20 12:38:54.999 W/ContextImpl( 1194): Calling a method in the system process without a qualified user: android.app.ContextImpl.sendBroadcastMultiplePermissions:1143 android.content.Context.sendBroadcastWithMultiplePermissions:2150 com.android.server.wifi.p2p.WifiP2pServiceImpl$P2pStateMachine.sendBroadcastMultiplePermissions:3209 com.android.server.wifi.p2p.WifiP2pServiceImpl$P2pStateMachine.sendThisDeviceChangedBroadcast:3218 com.android.server.wifi.p2p.WifiP2pServiceImpl$P2pStateMachine.updateThisDevice:3962 
11-20 12:38:55.352 D/ConnectivityService( 1194): registerNetworkAgent NetworkAgentInfo{ ni{[type: WIFI[], state: UNKNOWN/IDLE, reason: (unspecified), extra: , failover: false, available: true, roaming: false]}  network{175}  nethandle{755024973837}  lp{{InterfaceName: wlan0 LinkAddresses: [ ] DnsAddresses: [ ] Domains: null MTU: 0 Routes: [ ]}}  nc{[ Transports: WIFI Capabilities: NOT_METERED&INTERNET&NOT_RESTRICTED&TRUSTED&NOT_VPN&NOT_ROAMING&FOREGROUND&NOT_CONGESTED&NOT_SUSPENDED LinkUpBandwidth>=72000Kbps LinkDnBandwidth>=72000Kbps OwnerUid: 1000 SSID: "MTBF_Lab" RequestorUid: -1 RequestorPackageName: null]}  Score{20}  everValidated{false}  lastValidated{false}  created{false} lingering{false} explicitlySelected{false} acceptUnvalidated{false} everCaptivePortalDetected{false} lastCaptivePortalDetected{false} partialConnectivity{false} acceptPartialConnectivity{false} clat{mBaseIface: null, mIface: null, mState: IDLE} }
11-20 12:38:55.373 D/ConnectivityService( 1194): [175 WIFI] EVENT_NETWORK_INFO_CHANGED, going from UNKNOWN to UNKNOWN
11-20 12:38:55.540 D/ConnectivityService( 1194): NetReassign [no changes]
11-20 12:38:55.572 I/Nat464Xlat( 1194): Android Xlat is disabled
11-20 12:38:55.572 I/Nat464Xlat( 1194): Android Xlat is disabled
11-20 12:38:55.775 E/ConnectivityService( 1194): Exception in networkAddRouteParcel for non-gateway: android.os.ServiceSpecificException: Machine is not on the network (code 64)
11-20 12:38:55.777 E/ConnectivityService( 1194): Exception in networkAddRouteParcel for gateway: android.os.ServiceSpecificException: Machine is not on the network (code 64)
11-20 12:38:55.777 I/Nat464Xlat( 1194): Android Xlat is disabled
11-20 12:38:55.777 I/Nat464Xlat( 1194): Android Xlat is disabled
11-20 12:38:55.912 D/ConnectivityService( 1194): Setting DNS servers for network 175 to [/192.168.1.1]
11-20 12:38:55.913 I/Nat464Xlat( 1194): Android Xlat is disabled
11-20 12:38:55.913 I/Nat464Xlat( 1194): Android Xlat is disabled
11-20 12:38:56.017 D/ConnectivityService( 1194): [175 WIFI] EVENT_NETWORK_INFO_CHANGED, going from UNKNOWN to CONNECTED
11-20 12:38:56.020 D/DnsManager( 1194): sendDnsConfigurationForNetwork(175, [192.168.1.1], [], 1800, 25, 8, 64, 0, 0, , [])
11-20 12:38:56.022 W/DnsManager( 1194): updatePrivateDns(175, PrivateDnsConfig{true:/[]})
11-20 12:38:56.022 D/ConnectivityService( 1194): Setting DNS servers for network 175 to [/192.168.1.1]
11-20 12:38:56.023 D/DnsManager( 1194): sendDnsConfigurationForNetwork(175, [192.168.1.1], [], 1800, 25, 8, 64, 0, 0, , [192.168.1.1])
11-20 12:38:56.026 D/ConnectivityService( 1194): Adding iface wlan0 to network 175
11-20 12:38:56.047 D/ConnectivityService( 1194): Setting DNS servers for network 175 to [/192.168.1.1]
11-20 12:38:56.048 D/DnsManager( 1194): sendDnsConfigurationForNetwork(175, [192.168.1.1], [], 1800, 25, 8, 64, 0, 0, , [192.168.1.1])
11-20 12:38:56.050 I/Nat464Xlat( 1194): Android Xlat is disabled
11-20 12:38:56.050 I/Nat464Xlat( 1194): Android Xlat is disabled
11-20 12:38:56.131 D/ConnectivityService( 1194): NetReassign [no changes]
11-20 12:38:56.302 D/ConnectivityService( 1194): [175 WIFI] validation passed
11-20 12:38:56.302 D/ConnectivityService( 1194): NetReassign [8 : 100 → 175, 20 : 100 → 175, 46 : 100 → 175, 45 : 100 → 175, 1299 : 100 → 175, 12 : 100 → 175, 22 : 100 → 175, 16 : 100 → 175, 14 : 100 → 175, 50 : 100 → 175, 18 : 100 → 175, 1222 : 100 → 175, 11 : 100 → 175, 1 : 100 → 175, 17 : 100 → 175]
11-20 12:38:56.310 E/NetlinkEvent(  459): NetlinkEvent::FindParam(): Parameter 'INTERFACE' not found
11-20 12:38:56.310 E/NetlinkEvent(  459): NetlinkEvent::FindParam(): Parameter 'STATE' not found
11-20 12:38:56.310 E/NetlinkEvent(  459): NetlinkEvent::FindParam(): Parameter 'TIME_NS' not found
11-20 12:38:56.310 E/NetlinkEvent(  459): NetlinkEvent::FindParam(): Parameter 'UID' not found
11-20 12:38:56.325 D/ConnectivityService( 1194): Switching to new default network: NetworkAgentInfo{ ni{[type: WIFI[], state: CONNECTED/CONNECTED, reason: (unspecified), extra: , failover: false, available: true, roaming: false]}  network{175}  nethandle{755024973837}  lp{{InterfaceName: wlan0 LinkAddresses: [ 192.168.1.39/24 ] DnsAddresses: [ /192.168.1.1 ] Domains: null MTU: 0 ServerAddress: /192.168.1.1 TcpBufferSizes: 524288,1048576,2097152,262144,524288,1048576 Routes: [ fe80::/64 -> :: wlan0 mtu 0,192.168.1.0/24 -> 0.0.0.0 wlan0 mtu 0,0.0.0.0/0 -> 192.168.1.1 wlan0 mtu 0 ]}}  nc{[ Transports: WIFI Capabilities: NOT_METERED&INTERNET&NOT_RESTRICTED&TRUSTED&NOT_VPN&VALIDATED&NOT_ROAMING&FOREGROUND&NOT_CONGESTED&NOT_SUSPENDED LinkUpBandwidth>=67000Kbps LinkDnBandwidth>=67000Kbps SignalStrength: -38 OwnerUid: 1000 SSID: "MTBF_Lab" RequestorUid: -1 RequestorPackageName: null]}  Score{60}  everValidated{true}  lastValidated{true}  created{true} lingering{false} explicitlySelected{false} acceptUnvalidated{false} everCaptivePortalDetected{false} lastCaptivePortalDetected{false} partialConnectivity{false} acceptPartialConnectivity{false} clat{mBaseIface: null, mIface: null, mState: IDLE} }
11-20 12:38:56.452 D/ConnectivityService( 1194): Lingering [100 CELLULAR] for 30000ms
11-20 12:38:56.454 D/ConnectivityService( 1194): Sending DISCONNECTED broadcast for type 0 [100 CELLULAR] isDefaultNetwork=true
11-20 12:38:56.455 D/ConnectivityService( 1194): Sending CONNECTED broadcast for type 1 [175 WIFI] isDefaultNetwork=true
11-20 12:38:56.473 D/ConnectivityService( 1194): Setting DNS servers for network 175 to [/192.168.1.1]
11-20 12:38:56.473 D/DnsManager( 1194): sendDnsConfigurationForNetwork(175, [192.168.1.1], [], 1800, 25, 8, 64, 0, 0, , [192.168.1.1])
11-20 12:38:56.577 I/Nat464Xlat( 1194): Android Xlat is disabled
11-20 12:38:56.577 I/Nat464Xlat( 1194): Android Xlat is disabled
11-20 12:38:59.737 D/commandrouter( 1117): rtc_sync (1, rtc:sync): <ServiceRequest> FORWARDED (remote -> local) service client ID = 0, token ID = 40272
11-20 12:38:59.738 D/commandrouter( 1117): SocServiceHandle::onServiceMessage, SoC Service = rtc_sync, appType = 1, type = SVC_RESP, clientId = 0, token = 40272, payloadLen = 8, result = 0, payload.size() = 8
11-20 12:39:09.736 D/commandrouter( 1117): rtc_sync (1, rtc:sync): <ServiceRequest> FORWARDED (remote -> local) service client ID = 0, token ID = 40273
11-20 12:39:09.737 D/commandrouter( 1117): SocServiceHandle::onServiceMessage, SoC Service = rtc_sync, appType = 1, type = SVC_RESP, clientId = 0, token = 40273, payloadLen = 8, result = 0, payload.size() = 8
11-20 12:39:12.812 D/commandrouter( 1117): SocServiceHandle::onServiceMessage, SoC Service = mcu_healthcheck_946, appType = 1, type = SVC_REQ, clientId = 0, token = 1250, payloadLen = 20, result = 0, payload.size() = 20
11-20 12:39:12.816 D/commandrouter( 1117): mcu_healthcheck_946 (1, merlot:mcu_health:control): <ServiceResponse> FORWARDED (remote -> local) CR token ID = 1250, service client ID = 6, token ID = 44728, result = 0
11-20 12:39:12.817 D/commandrouter( 1117): SocServiceHandle::onServiceMessage, SoC Service = mcu_healthcheck_1118, appType = 1, type = SVC_REQ, clientId = 0, token = 2501, payloadLen = 12, result = 0, payload.size() = 12
11-20 12:39:12.820 D/commandrouter( 1117): mcu_healthcheck_1118 (1, merlot:mcu_health:control): <ServiceResponse> FORWARDED (remote -> local) CR token ID = 2501, service client ID = 40, token ID = 44729, result = 0
11-20 12:39:12.821 D/mculinkhealth( 1118): isMcuReachable 1 (4 ms)
11-20 12:39:15.334 D/AutofillManagerService( 1194): onBackKeyPressed()
11-20 12:39:16.395 I/chatty  ( 1194): uid=1000(system) android.ui identical 2 lines
11-20 12:39:17.610 D/AutofillManagerService( 1194): onBackKeyPressed()
11-20 12:39:18.155 W/ActivityManager( 1194): Invalid packageName: com.facebook.wearable.system.settings/com.facebook.wearable.system.settings.SettingsActivity
11-20 12:39:18.288 I/ActivityTaskManager( 1194): START u0 {flg=0x10000000 cmp=com.facebook.wearable.system.settings/.SettingsActivity} from uid 0
11-20 12:39:18.309 I/ActivityTaskManager( 1194): The Process com.facebook.wearable.system.settings Already Exists in BG. So sending its PID: 26117
11-20 12:39:18.309 W/ActivityTaskManager( 1194): Tried to set launchTime (0) < mLastActivityLaunchTime (75073551)
11-20 12:39:19.736 D/commandrouter( 1117): rtc_sync (1, rtc:sync): <ServiceRequest> FORWARDED (remote -> local) service client ID = 0, token ID = 40274
11-20 12:39:19.736 D/commandrouter( 1117): SocServiceHandle::onServiceMessage, SoC Service = rtc_sync, appType = 1, type = SVC_RESP, clientId = 0, token = 40274, payloadLen = 8, result = 0, payload.size() = 8
11-20 12:39:20.880 D/AppStorageManager( 1194): BEFORE:: Previous Size: 887332864 Current Size: 887218176
11-20 12:39:20.880 D/AppStorageManager( 1194): AFTER:: Previous Size: 887218176 Current Size: 887218176
11-20 12:39:20.900 E/TaskPersister( 1194): File error accessing recents directory (directory doesn't exist?).
11-20 12:39:25.492 D/AnalyticsLogger( 1194): sent events: 12
11-20 12:39:25.857 W/ContextImpl( 1194): Calling a method in the system process without a qualified user: android.app.ContextImpl.sendBroadcastMultiplePermissions:1143 android.content.Context.sendBroadcastWithMultiplePermissions:2150 com.android.server.display.WifiDisplayAdapter.handleSendStatusChangeBroadcast:440 com.android.server.display.WifiDisplayAdapter.access$1700:63 com.android.server.display.WifiDisplayAdapter$WifiDisplayHandler.handleMessage:675 
11-20 12:39:26.301 I/wificond(  906): Fail RSSI polling because wifi is not associated.
11-20 12:39:26.303 D/ConnectivityService( 1194): handleLingerComplete for [100 CELLULAR]
11-20 12:39:26.343 D/ConnectivityService( 1194): [175 WIFI] EVENT_NETWORK_INFO_CHANGED, going from CONNECTED to DISCONNECTED
11-20 12:39:26.343 D/ConnectivityService( 1194): [175 WIFI] disconnected, was satisfying 26
11-20 12:39:26.422 I/Nat464Xlat( 1194): Android Xlat is disabled
11-20 12:39:26.422 I/Nat464Xlat( 1194): Android Xlat is disabled
11-20 12:39:26.442 D/ConnectivityService( 1194): Sending DISCONNECTED broadcast for type 1 [175 WIFI] isDefaultNetwork=true
11-20 12:39:26.462 D/ConnectivityService( 1194): NetReassign [8 : null → 100, 20 : null → 100, 46 : null → 100, 45 : null → 100, 1299 : null → 100, 12 : null → 100, 22 : null → 100, 16 : null → 100, 14 : null → 100, 50 : null → 100, 18 : null → 100, 1222 : null → 100, 11 : null → 100, 1 : null → 100, 17 : null → 100]
11-20 12:39:26.464 E/NetlinkEvent(  459): NetlinkEvent::FindParam(): Parameter 'INTERFACE' not found
11-20 12:39:26.464 E/NetlinkEvent(  459): NetlinkEvent::FindParam(): Parameter 'STATE' not found
11-20 12:39:26.464 E/NetlinkEvent(  459): NetlinkEvent::FindParam(): Parameter 'TIME_NS' not found
11-20 12:39:26.464 E/NetlinkEvent(  459): NetlinkEvent::FindParam(): Parameter 'UID' not found
11-20 12:39:26.482 D/ConnectivityService( 1194): Switching to new default network: NetworkAgentInfo{ ni{[type: MOBILE[LTE], state: CONNECTED/CONNECTED, reason: (unspecified), extra: nxtgenphone, failover: false, available: true, roaming: false]}  network{100}  nethandle{432902426637}  lp{{InterfaceName: rmnet_data2 LinkAddresses: [ 10.129.103.196/29,2600:380:c119:24f:b89a:9f3c:46c1:95af/64 ] DnsAddresses: [ /172.26.38.1,/fc00:a:a::300 ] Domains: null MTU: 1430 TcpBufferSizes: 2097152,4194304,8388608,262144,524288,1048576 Routes: [ 0.0.0.0/0 -> 10.129.103.197 rmnet_data2 mtu 1430,::/0 -> fe80::b45f:41f1:1846:969d rmnet_data2 mtu 1430,10.129.103.192/29 -> 0.0.0.0 rmnet_data2 mtu 0,2600:380:c119:24f::/64 -> :: rmnet_data2 mtu 0 ]}}  nc{[ Transports: CELLULAR Capabilities: MMS&SUPL&FOTA&INTERNET&NOT_RESTRICTED&TRUSTED&NOT_VPN&VALIDATED&NOT_ROAMING&NOT_CONGESTED&NOT_SUSPENDED LinkUpBandwidth>=15000Kbps LinkDnBandwidth>=30000Kbps Specifier: <TelephonyNetworkSpecifier [mSubId = 1]> AdministratorUids: [] RequestorUid: -1 RequestorPackageName: null]}  Score{50}  everValidated{true}  lastValidated{true}  created{true} lingering{false} explicitlySelected{false} acceptUnvalidated{false} everCaptivePortalDetected{false} lastCaptivePortalDetected{false} partialConnectivity{false} acceptPartialConnectivity{false} clat{mBaseIface: null, mIface: null, mState: IDLE} }
11-20 12:39:26.649 D/ConnectivityService( 1194): Sending CONNECTED broadcast for type 0 [100 CELLULAR] isDefaultNetwork=true
11-20 12:39:29.755 D/commandrouter( 1117): rtc_sync (1, rtc:sync): <ServiceRequest> FORWARDED (remote -> local) service client ID = 0, token ID = 40275
11-20 12:39:29.755 D/commandrouter( 1117): SocServiceHandle::onServiceMessage, SoC Service = rtc_sync, appType = 1, type = SVC_RESP, clientId = 0, token = 40275, payloadLen = 8, result = 0, payload.size() = 8
11-20 12:39:30.618 D/AutofillManagerService( 1194): onBackKeyPressed()
11-20 12:39:33.995 I/chatty  ( 1194): uid=1000(system) android.ui identical 4 lines
11-20 12:39:34.618 D/AutofillManagerService( 1194): onBackKeyPressed()
11-20 12:39:35.168 E/TaskPersister( 1194): File error accessing recents directory (directory doesn't exist?).
11-20 12:39:35.628 D/AutofillManagerService( 1194): onBackKeyPressed()
11-20 12:39:36.624 D/AutofillManagerService( 1194): onBackKeyPressed()
11-20 12:39:37.167 W/ActivityManager( 1194): Invalid packageName: com.facebook.wearable.system.settings/com.facebook.wearable.system.settings.SettingsActivity
11-20 12:39:37.278 I/ActivityTaskManager( 1194): START u0 {flg=0x10000000 cmp=com.facebook.wearable.system.settings/.SettingsActivity} from uid 0
11-20 12:39:37.294 I/ActivityTaskManager( 1194): The Process com.facebook.wearable.system.settings Already Exists in BG. So sending its PID: 26117
11-20 12:39:37.295 W/ActivityTaskManager( 1194): Tried to set launchTime (0) < mLastActivityLaunchTime (75104575)
11-20 12:39:39.738 D/commandrouter( 1117): rtc_sync (1, rtc:sync): <ServiceRequest> FORWARDED (remote -> local) service client ID = 0, token ID = 40276
11-20 12:39:39.738 D/commandrouter( 1117): SocServiceHandle::onServiceMessage, SoC Service = rtc_sync, appType = 1, type = SVC_RESP, clientId = 0, token = 40276, payloadLen = 8, result = 0, payload.size() = 8
11-20 12:39:41.426 E/TaskPersister( 1194): File error accessing recents directory (directory doesn't exist?).
11-20 12:39:42.822 D/commandrouter( 1117): SocServiceHandle::onServiceMessage, SoC Service = mcu_healthcheck_1118, appType = 1, type = SVC_REQ, clientId = 0, token = 2502, payloadLen = 12, result = 0, payload.size() = 12
11-20 12:39:42.825 D/commandrouter( 1117): mcu_healthcheck_1118 (1, merlot:mcu_health:control): <ServiceResponse> FORWARDED (remote -> local) CR token ID = 2502, service client ID = 40, token ID = 44730, result = 0
11-20 12:39:42.826 D/mculinkhealth( 1118): isMcuReachable 1 (4 ms)
11-20 12:39:44.053 W/ContextImpl( 1194): Calling a method in the system process without a qualified user: android.app.ContextImpl.sendBroadcastMultiplePermissions:1143 android.content.Context.sendBroadcastWithMultiplePermissions:2150 com.android.server.display.WifiDisplayAdapter.handleSendStatusChangeBroadcast:440 com.android.server.display.WifiDisplayAdapter.access$1700:63 com.android.server.display.WifiDisplayAdapter$WifiDisplayHandler.handleMessage:675 
11-20 12:39:45.017 W/ContextImpl( 1194): Calling a method in the system process without a qualified user: android.app.ContextImpl.sendBroadcastMultiplePermissions:1143 android.content.Context.sendBroadcastWithMultiplePermissions:2150 com.android.server.wifi.p2p.WifiP2pServiceImpl$P2pStateMachine.sendBroadcastMultiplePermissions:3209 com.android.server.wifi.p2p.WifiP2pServiceImpl$P2pStateMachine.sendP2pConnectionChangedBroadcast:3236 com.android.server.wifi.p2p.WifiP2pServiceImpl$P2pStateMachine.access$5100:768 
11-20 12:39:45.018 W/BroadcastQueue( 1194): Permission Denial: receiving Intent { act=android.net.wifi.p2p.CONNECTION_STATE_CHANGE flg=0x24000010 (has extras) } to ProcessRecord{ba73 1900:.qtidataservices/u0a89} (pid=1900, uid=10089) requires android.permission.ACCESS_FINE_LOCATION due to sender android (uid 1000)
11-20 12:39:45.023 W/ContextImpl( 1194): Calling a method in the system process without a qualified user: android.app.ContextImpl.sendBroadcastMultiplePermissions:1143 android.content.Context.sendBroadcastWithMultiplePermissions:2150 com.android.server.wifi.p2p.WifiP2pServiceImpl$P2pStateMachine.sendBroadcastMultiplePermissions:3209 com.android.server.wifi.p2p.WifiP2pServiceImpl$P2pStateMachine.sendThisDeviceChangedBroadcast:3218 com.android.server.wifi.p2p.WifiP2pServiceImpl$P2pStateMachine.updateThisDevice:3962 
11-20 12:39:45.035 W/wificond(  906): Scan is not started. Ignore abort request
11-20 12:39:45.497 D/ConnectivityService( 1194): registerNetworkAgent NetworkAgentInfo{ ni{[type: WIFI[], state: UNKNOWN/IDLE, reason: (unspecified), extra: , failover: false, available: true, roaming: false]}  network{176}  nethandle{759319941133}  lp{{InterfaceName: wlan0 LinkAddresses: [ ] DnsAddresses: [ ] Domains: null MTU: 0 Routes: [ ]}}  nc{[ Transports: WIFI Capabilities: NOT_METERED&INTERNET&NOT_RESTRICTED&TRUSTED&NOT_VPN&NOT_ROAMING&FOREGROUND&NOT_CONGESTED&NOT_SUSPENDED LinkUpBandwidth>=72000Kbps LinkDnBandwidth>=72000Kbps OwnerUid: 1000 SSID: "MTBF_Lab" RequestorUid: -1 RequestorPackageName: null]}  Score{20}  everValidated{false}  lastValidated{false}  created{false} lingering{false} explicitlySelected{false} acceptUnvalidated{false} everCaptivePortalDetected{false} lastCaptivePortalDetected{false} partialConnectivity{false} acceptPartialConnectivity{false} clat{mBaseIface: null, mIface: null, mState: IDLE} }
11-20 12:39:45.512 D/ConnectivityService( 1194): [176 WIFI] EVENT_NETWORK_INFO_CHANGED, going from UNKNOWN to UNKNOWN
11-20 12:39:45.641 D/ConnectivityService( 1194): NetReassign [no changes]
11-20 12:39:45.682 I/Nat464Xlat( 1194): Android Xlat is disabled
11-20 12:39:45.682 I/Nat464Xlat( 1194): Android Xlat is disabled
11-20 12:39:45.795 E/ConnectivityService( 1194): Exception in networkAddRouteParcel for non-gateway: android.os.ServiceSpecificException: Machine is not on the network (code 64)
11-20 12:39:45.796 E/ConnectivityService( 1194): Exception in networkAddRouteParcel for gateway: android.os.ServiceSpecificException: Machine is not on the network (code 64)
11-20 12:39:45.797 I/Nat464Xlat( 1194): Android Xlat is disabled
11-20 12:39:45.797 I/Nat464Xlat( 1194): Android Xlat is disabled
11-20 12:39:45.919 D/ConnectivityService( 1194): Setting DNS servers for network 176 to [/192.168.1.1]
11-20 12:39:45.922 I/Nat464Xlat( 1194): Android Xlat is disabled
11-20 12:39:45.922 I/Nat464Xlat( 1194): Android Xlat is disabled
11-20 12:39:46.025 D/ConnectivityService( 1194): [176 WIFI] EVENT_NETWORK_INFO_CHANGED, going from UNKNOWN to CONNECTED
11-20 12:39:46.027 D/DnsManager( 1194): sendDnsConfigurationForNetwork(176, [192.168.1.1], [], 1800, 25, 8, 64, 0, 0, , [])
11-20 12:39:46.029 W/DnsManager( 1194): updatePrivateDns(176, PrivateDnsConfig{true:/[]})
11-20 12:39:46.029 D/ConnectivityService( 1194): Setting DNS servers for network 176 to [/192.168.1.1]
11-20 12:39:46.029 D/DnsManager( 1194): sendDnsConfigurationForNetwork(176, [192.168.1.1], [], 1800, 25, 8, 64, 0, 0, , [192.168.1.1])
11-20 12:39:46.035 D/ConnectivityService( 1194): Adding iface wlan0 to network 176
11-20 12:39:46.050 D/ConnectivityService( 1194): Setting DNS servers for network 176 to [/192.168.1.1]
11-20 12:39:46.051 D/DnsManager( 1194): sendDnsConfigurationForNetwork(176, [192.168.1.1], [], 1800, 25, 8, 64, 0, 0, , [192.168.1.1])
11-20 12:39:46.053 I/Nat464Xlat( 1194): Android Xlat is disabled
11-20 12:39:46.053 I/Nat464Xlat( 1194): Android Xlat is disabled
11-20 12:39:46.107 D/ConnectivityService( 1194): NetReassign [no changes]
11-20 12:39:46.258 D/ConnectivityService( 1194): [176 WIFI] validation passed
11-20 12:39:46.258 D/ConnectivityService( 1194): NetReassign [8 : 100 → 176, 20 : 100 → 176, 46 : 100 → 176, 45 : 100 → 176, 1299 : 100 → 176, 12 : 100 → 176, 22 : 100 → 176, 16 : 100 → 176, 14 : 100 → 176, 50 : 100 → 176, 18 : 100 → 176, 1222 : 100 → 176, 11 : 100 → 176, 1 : 100 → 176, 17 : 100 → 176]
11-20 12:39:46.262 E/NetlinkEvent(  459): NetlinkEvent::FindParam(): Parameter 'INTERFACE' not found
11-20 12:39:46.262 E/NetlinkEvent(  459): NetlinkEvent::FindParam(): Parameter 'STATE' not found
11-20 12:39:46.262 E/NetlinkEvent(  459): NetlinkEvent::FindParam(): Parameter 'TIME_NS' not found
11-20 12:39:46.262 E/NetlinkEvent(  459): NetlinkEvent::FindParam(): Parameter 'UID' not found
11-20 12:39:46.274 D/ConnectivityService( 1194): Switching to new default network: NetworkAgentInfo{ ni{[type: WIFI[], state: CONNECTED/CONNECTED, reason: (unspecified), extra: , failover: false, available: true, roaming: false]}  network{176}  nethandle{759319941133}  lp{{InterfaceName: wlan0 LinkAddresses: [ 192.168.1.39/24 ] DnsAddresses: [ /192.168.1.1 ] Domains: null MTU: 0 ServerAddress: /192.168.1.1 TcpBufferSizes: 524288,1048576,2097152,262144,524288,1048576 Routes: [ fe80::/64 -> :: wlan0 mtu 0,192.168.1.0/24 -> 0.0.0.0 wlan0 mtu 0,0.0.0.0/0 -> 192.168.1.1 wlan0 mtu 0 ]}}  nc{[ Transports: WIFI Capabilities: NOT_METERED&INTERNET&NOT_RESTRICTED&TRUSTED&NOT_VPN&VALIDATED&NOT_ROAMING&FOREGROUND&NOT_CONGESTED&NOT_SUSPENDED LinkUpBandwidth>=67000Kbps LinkDnBandwidth>=67000Kbps SignalStrength: -39 OwnerUid: 1000 SSID: "MTBF_Lab" RequestorUid: -1 RequestorPackageName: null]}  Score{60}  everValidated{true}  lastValidated{true}  created{true} lingering{false} explicitlySelected{false} acceptUnvalidated{false} everCaptivePortalDetected{false} lastCaptivePortalDetected{false} partialConnectivity{false} acceptPartialConnectivity{false} clat{mBaseIface: null, mIface: null, mState: IDLE} }
11-20 12:39:46.383 D/ConnectivityService( 1194): Lingering [100 CELLULAR] for 30000ms
11-20 12:39:46.385 D/ConnectivityService( 1194): Sending DISCONNECTED broadcast for type 0 [100 CELLULAR] isDefaultNetwork=true
11-20 12:39:46.386 D/ConnectivityService( 1194): Sending CONNECTED broadcast for type 1 [176 WIFI] isDefaultNetwork=true
11-20 12:39:46.436 D/ConnectivityService( 1194): Setting DNS servers for network 176 to [/192.168.1.1]
11-20 12:39:46.437 D/DnsManager( 1194): sendDnsConfigurationForNetwork(176, [192.168.1.1], [], 1800, 25, 8, 64, 0, 0, , [192.168.1.1])
11-20 12:39:47.422 I/Nat464Xlat( 1194): Android Xlat is disabled
11-20 12:39:47.422 I/Nat464Xlat( 1194): Android Xlat is disabled
11-20 12:39:49.738 D/commandrouter( 1117): rtc_sync (1, rtc:sync): <ServiceRequest> FORWARDED (remote -> local) service client ID = 0, token ID = 40277
11-20 12:39:49.738 D/commandrouter( 1117): SocServiceHandle::onServiceMessage, SoC Service = rtc_sync, appType = 1, type = SVC_RESP, clientId = 0, token = 40277, payloadLen = 8, result = 0, payload.size() = 8
11-20 12:39:53.936 D/commandrouter( 1117): SocServiceHandle::onServiceMessage, SoC Service = mcu_healthcheck_1194, appType = 1, type = SVC_REQ, clientId = 0, token = 128, payloadLen = 12, result = 0, payload.size() = 12
11-20 12:39:53.940 D/commandrouter( 1117): mcu_healthcheck_1194 (1, merlot:mcu_health:control): <ServiceResponse> FORWARDED (remote -> local) CR token ID = 128, service client ID = 39, token ID = 44731, result = 0
11-20 12:39:53.949 D/McuReachableCollector( 1194): call isMcuReachable, result true
11-20 12:39:54.221 D/RadioActivityCollector( 1194): Logging RadioActivity data: fields={radio_bluetooth_tx_time_unplugged=0, radio_wifi_sleep_time_unplugged=455134, radio_bluetooth_idle_time_unplugged=0, radio_wifi_tx_time_unplugged=0, radio_bluetooth_energy_used_unplugged=0, radio_bluetooth_rx_time_unplugged=0, radio_wifi_rx_time_unplugged=0, radio_bluetooth_sleep_time_unplugged=600226, radio_wifi_idle_time_unplugged=145093, radio_wifi_energy_used_unplugged=0}, pid=null, uid=null, pids=null, uids=null
11-20 12:39:55.256 D/AnalyticsLogger( 1194): sent events: 164
11-20 12:39:59.742 D/commandrouter( 1117): rtc_sync (1, rtc:sync): <ServiceRequest> FORWARDED (remote -> local) service client ID = 0, token ID = 40278
11-20 12:39:59.742 D/commandrouter( 1117): SocServiceHandle::onServiceMessage, SoC Service = rtc_sync, appType = 1, type = SVC_RESP, clientId = 0, token = 40278, payloadLen = 8, result = 0, payload.size() = 8
11-20 12:40:05.354 D/AutofillManagerService( 1194): onBackKeyPressed()
--------- beginning of main
11-20 12:40:06.509 D/LauncherActivity( 4420): onResume: Intent { cat=[android.intent.category.HOME] flg=0x10000100 cmp=com.facebook.wearable.system.launcher/.LauncherActivity }
11-20 12:40:06.509 D/LauncherIntentProcessor( 4420): processLauncherActivityIntent: Intent { cat=[android.intent.category.HOME] flg=0x10000100 cmp=com.facebook.wearable.system.launcher/.LauncherActivity }
11-20 12:40:06.543 D/FacebookRepository( 4420): Reading from Store [250223709649332]
11-20 12:40:06.593 D/UIAutomatorStub(26556): URI: /jsonrpc/0, Method: POST, Header: {content-length=102, remote-addr=127.0.0.1, http-client-ip=127.0.0.1, host=localhost:9010, content-type=application/json, accept-encoding=identity}, params, {NanoHttpd.QUERY_STRING=null}, files: {postData={"jsonrpc": "2.0", "method": "pressKey", "id": "d2fa2dd70c9ea18fc3eecb493f0a7f6e", "params": ["back"]}}
11-20 12:40:06.607 I/chatty  ( 2351): uid=10060(com.facebook.wearable.system.selfcare) pool-3-thread-2 expire 15 lines
11-20 12:40:06.611 D/CompatibilityInfo( 1194): mCompatibilityFlags - 4
11-20 12:40:06.611 D/CompatibilityInfo( 1194): applicationDensity - 320
11-20 12:40:06.611 D/CompatibilityInfo( 1194): applicationScale - 1.0
11-20 12:40:06.627 D/CompatibilityInfo( 1194): mCompatibilityFlags - 4
11-20 12:40:06.627 D/CompatibilityInfo( 1194): applicationDensity - 320
11-20 12:40:06.627 D/CompatibilityInfo( 1194): applicationScale - 1.0
11-20 12:40:06.848 D/CompatibilityInfo( 1194): mCompatibilityFlags - 4
11-20 12:40:06.849 D/CompatibilityInfo( 1194): applicationDensity - 320
11-20 12:40:06.849 D/CompatibilityInfo( 1194): applicationScale - 1.0
11-20 12:40:06.860 D/CompatibilityInfo( 1194): mCompatibilityFlags - 4
11-20 12:40:06.861 D/CompatibilityInfo( 1194): applicationDensity - 320
11-20 12:40:06.861 D/CompatibilityInfo( 1194): applicationScale - 1.0
11-20 12:40:07.052 E/ANDR-PERF-OPTSHANDLER(  557): perf_lock_rel: failed for /sys/class/kgsl/kgsl-3d0/min_pwrlevel as previous value is not stored
11-20 12:40:07.053 E/ANDR-PERF-RESOURCEQS(  557): Failed to reset optimization [3, 0]
11-20 12:40:07.624 D/LauncherActivity( 4420): onKeyUp() called with keycode:4, event: KeyEvent { action=ACTION_UP, keyCode=KEYCODE_BACK, scanCode=0, metaState=0, flags=0x200, repeatCount=0, eventTime=75153865, downTime=75153865, deviceId=-1, source=0x101, displayId=-1 }
11-20 12:40:06.412 I/chatty  ( 1194): uid=1000(system) android.ui identical 2 lines
11-20 12:40:07.623 D/AutofillManagerService( 1194): onBackKeyPressed()
11-20 12:40:08.170 W/ActivityManager( 1194): Invalid packageName: com.facebook.wearable.system.settings/com.facebook.wearable.system.settings.SettingsActivity
11-20 12:40:08.302 I/ActivityTaskManager( 1194): START u0 {flg=0x10000000 cmp=com.facebook.wearable.system.settings/.SettingsActivity} from uid 0
11-20 12:40:08.315 D/CompatibilityInfo( 1194): mCompatibilityFlags - 4
11-20 12:40:08.315 D/CompatibilityInfo( 1194): applicationDensity - 320
11-20 12:40:08.315 D/CompatibilityInfo( 1194): applicationScale - 1.0
11-20 12:40:08.316 D/ActivityTrigger( 1194): ActivityTrigger activityPauseTrigger 
11-20 12:40:08.321 I/ActivityTaskManager( 1194): The Process com.facebook.wearable.system.settings Already Exists in BG. So sending its PID: 26117
11-20 12:40:08.322 W/ActivityTaskManager( 1194): Tried to set launchTime (0) < mLastActivityLaunchTime (75123559)
11-20 12:40:08.324 D/CompatibilityInfo( 1194): mCompatibilityFlags - 4
11-20 12:40:08.324 D/CompatibilityInfo( 1194): applicationDensity - 320
11-20 12:40:08.324 D/CompatibilityInfo( 1194): applicationScale - 1.0
11-20 12:40:08.356 D/LauncherActivity( 4420): onPause
11-20 12:40:08.402 D/CompatibilityInfo( 1194): mCompatibilityFlags - 4
11-20 12:40:08.403 D/CompatibilityInfo( 1194): applicationDensity - 320
11-20 12:40:08.403 D/CompatibilityInfo( 1194): applicationScale - 1.0
11-20 12:40:08.568 E/StatusBarClientConnection(26117): Service connected
11-20 12:40:08.591 W/View    (26117): requestLayout() improperly called by android.view.View{3f92740 V.ED..... ......I. 0,368-474,474} during layout: running second layout pass
11-20 12:40:08.595 D/FacebookProvider(25411): Starting SSO Network Fetch for 263529928325379
11-20 12:40:08.598 I/AccountsContentProvider(25411): No Primary Account. Accounts Error [content://com.facebook.wearable.system.accounts.AccountsContentProvider/facebook/263529928325379]
11-20 12:40:08.611 W/View    (26117): requestLayout() improperly called by com.facebook.wearable.common.wds.listview.WdsListView{ce6bb1 V.E..V... ........ 0,0-474,474} during second layout pass: posting in next frame
11-20 12:40:08.616 E/DatabaseUtils(25411): Writing exception to parcel
11-20 12:40:08.616 E/DatabaseUtils(25411): java.lang.IllegalStateException: No Primary Account
11-20 12:40:08.616 E/DatabaseUtils(25411): 	at com.facebook.secure.content.AbstractContentProvider.doQuery(:284)
11-20 12:40:08.616 E/DatabaseUtils(25411): 	at com.facebook.secure.content.AbstractContentProvider.query(:8)
11-20 12:40:08.616 E/DatabaseUtils(25411): 	at android.content.ContentProvider.query(ContentProvider.java:1474)
11-20 12:40:08.616 E/DatabaseUtils(25411): 	at android.content.ContentProvider$Transport.query(ContentProvider.java:278)
11-20 12:40:08.616 E/DatabaseUtils(25411): 	at android.content.ContentProviderNative.onTransact(ContentProviderNative.java:106)
11-20 12:40:08.616 E/DatabaseUtils(25411): 	at android.os.Binder.execTransactInternal(Binder.java:1154)
11-20 12:40:08.616 E/DatabaseUtils(25411): 	at android.os.Binder.execTransact(Binder.java:1123)
11-20 12:40:08.636 E/AccountsViewModel(26117): AccountsViewModel.flow failed: No Primary Account
11-20 12:40:08.636 E/AccountsViewModel(26117): java.lang.IllegalStateException: No Primary Account
11-20 12:40:08.636 E/AccountsViewModel(26117): 	at android.os.Parcel.createExceptionOrNull(Parcel.java:2381)
11-20 12:40:08.636 E/AccountsViewModel(26117): 	at android.os.Parcel.createException(Parcel.java:2357)
11-20 12:40:08.636 E/AccountsViewModel(26117): 	at android.os.Parcel.readException(Parcel.java:2340)
11-20 12:40:08.636 E/AccountsViewModel(26117): 	at android.database.DatabaseUtils.readExceptionFromParcel(DatabaseUtils.java:190)
11-20 12:40:08.636 E/AccountsViewModel(26117): 	at android.database.DatabaseUtils.readExceptionFromParcel(DatabaseUtils.java:142)
11-20 12:40:08.636 E/AccountsViewModel(26117): 	at android.content.ContentProviderProxy.query(ContentProviderNative.java:472)
11-20 12:40:08.636 E/AccountsViewModel(26117): 	at android.content.ContentResolver.query(ContentResolver.java:1185)
11-20 12:40:08.636 E/AccountsViewModel(26117): 	at android.content.ContentResolver.query(ContentResolver.java:1116)
11-20 12:40:08.636 E/AccountsViewModel(26117): 	at com.facebook.wearable.common.accounts.contract.WearableAccountsContractRequest.query(:51)
11-20 12:40:08.636 E/AccountsViewModel(26117): 	at kotlin.coroutines.jvm.internal.BaseContinuationImpl.invokeSuspend(:95489)
11-20 12:40:08.636 E/AccountsViewModel(26117): 	at com.facebook.wearable.common.accounts.WearableAccountsKt$fb$1.invoke(:9)
11-20 12:40:08.636 E/AccountsViewModel(26117): 	at com.facebook.wearable.common.coroutines.lazy.LazyAsync.get(:101)
11-20 12:40:08.636 E/AccountsViewModel(26117): 	at kotlin.coroutines.jvm.internal.BaseContinuationImpl.invokeSuspend(:96596)
11-20 12:40:08.636 E/AccountsViewModel(26117): 	at com.facebook.wearable.system.settings.accounts.AccountsViewModel$wearableAccountFlow$1.invoke(:11)
11-20 12:40:08.636 E/AccountsViewModel(26117): 	at kotlinx.coroutines.flow.AbstractFlow.collect$rvp0$0(:72)
11-20 12:40:08.636 E/AccountsViewModel(26117): 	at kotlin.coroutines.jvm.internal.BaseContinuationImpl.invokeSuspend(:95417)
11-20 12:40:08.636 E/AccountsViewModel(26117): 	at kotlinx.coroutines.flow.FlowKt__ShareKt$launchSharing$1$2.invoke(Unknown Source:10)
11-20 12:40:08.636 E/AccountsViewModel(26117): 	at kotlin.coroutines.jvm.internal.BaseContinuationImpl.invokeSuspend(:96715)
11-20 12:40:08.636 E/AccountsViewModel(26117): 	at kotlinx.coroutines.flow.FlowKt__MergeKt$mapLatest$1.invoke(Unknown Source:15)
11-20 12:40:08.636 E/AccountsViewModel(26117): 	at kotlin.coroutines.jvm.internal.BaseContinuationImpl.invokeSuspend(:96820)
11-20 12:40:08.636 E/AccountsViewModel(26117): 	at kotlinx.coroutines.flow.internal.ChannelFlowTransformLatest$flowCollect$3$1$2.invoke(Unknown Source:10)
11-20 12:40:08.636 E/AccountsViewModel(26117): 	at kotlinx.coroutines.CoroutineStart.invoke(:32)
11-20 12:40:08.636 E/AccountsViewModel(26117): 	at kotlinx.coroutines.BuildersKt__Builders_commonKt.launch(:15)
11-20 12:40:08.636 E/AccountsViewModel(26117): 	at kotlinx.coroutines.flow.internal.ChannelFlowTransformLatest$flowCollect$3$invokeSuspend$$inlined$collect$1.emit(:56)
11-20 12:40:08.636 E/AccountsViewModel(26117): 	at kotlinx.coroutines.flow.DistinctFlowImpl$collect$$inlined$collect$1.emit(:74)
11-20 12:40:08.636 E/AccountsViewModel(26117): 	at kotlinx.coroutines.flow.FlowKt__LimitKt$dropWhile$lambda-4$$inlined$collect$1.emit(:114)
11-20 12:40:08.636 E/AccountsViewModel(26117): 	at kotlinx.coroutines.flow.FlowKt__ChannelsKt.emitAllImpl$FlowKt__ChannelsKt(:123)
11-20 12:40:08.636 E/AccountsViewModel(26117): 	at kotlin.coroutines.jvm.internal.BaseContinuationImpl.invokeSuspend(:96917)
11-20 12:40:08.636 E/AccountsViewModel(26117): 	at kotlin.coroutines.jvm.internal.BaseContinuationImpl.resumeWith(:5)
11-20 12:40:08.636 E/AccountsViewModel(26117): 	at kotlinx.coroutines.DispatchedTask.run(:131)
11-20 12:40:08.636 E/AccountsViewModel(26117): 	at java.util.concurrent.Executors$RunnableAdapter.call(Executors.java:462)
11-20 12:40:08.636 E/AccountsViewModel(26117): 	at java.util.concurrent.FutureTask.run(FutureTask.java:266)
11-20 12:40:08.636 E/AccountsViewModel(26117): 	at com.facebook.wearable.common.executors.DelayedFutureTask.run(:22)
11-20 12:40:08.636 E/AccountsViewModel(26117): 	at java.util.concurrent.ThreadPoolExecutor.runWorker(ThreadPoolExecutor.java:1167)
11-20 12:40:08.636 E/AccountsViewModel(26117): 	at java.util.concurrent.ThreadPoolExecutor$Worker.run(ThreadPoolExecutor.java:641)
11-20 12:40:08.636 E/AccountsViewModel(26117): 	at com.facebook.wearable.common.executors.NamedThreadFactory$1.run(:7)
11-20 12:40:08.830 D/CompatibilityInfo( 1194): mCompatibilityFlags - 4
11-20 12:40:08.830 D/CompatibilityInfo( 1194): applicationDensity - 320
11-20 12:40:08.830 D/CompatibilityInfo( 1194): applicationScale - 1.0
11-20 12:40:08.849 D/ComplicationController( 4420): Stopping complication controller.
11-20 12:40:08.855 D/ComplicationDataManagerImpl( 4420): Fetching complication data for package: com.facebook.wearable.apps.calendar, com.facebook.wearable.apps.calendar.DAY_DATE_COMPLICATION.
11-20 12:40:08.855 D/ComplicationDataManagerImpl( 4420): Fetching complication data for package: com.facebook.wearable.apps.player, com.facebook.wearable.apps.player.SHORTCUT_COMPLICATION.
11-20 12:40:08.856 D/ComplicationDataManagerImpl( 4420): Fetching complication data for package: com.facebook.wearable.apps.gallery, com.facebook.wearable.apps.gallery.SHORTCUT_COMPLICATION.
11-20 12:40:08.856 D/ComplicationDataManagerImpl( 4420): Fetching complication data for package: com.facebook.wearable.apps.heart, com.facebook.wearable.apps.heart.HEART_RATE.
11-20 12:40:08.861 D/CompatibilityInfo( 1194): mCompatibilityFlags - 4
11-20 12:40:08.861 D/CompatibilityInfo( 1194): applicationDensity - 320
11-20 12:40:08.861 D/CompatibilityInfo( 1194): applicationScale - 1.0
11-20 12:40:09.359 D/UIAutomatorStub(26556): URI: /jsonrpc/0, Method: POST, Header: {content-length=192, remote-addr=127.0.0.1, http-client-ip=127.0.0.1, host=localhost:9010, content-type=application/json, accept-encoding=identity}, params, {NanoHttpd.QUERY_STRING=null}, files: {postData={"jsonrpc": "2.0", "method": "waitForExists", "id": "7138b5b9b129963c466f98517551c70b", "params": [{"mask": 1, "childOrSibling": [], "childOrSiblingSelector": [], "text": "Notifications"}, 5]}}
11-20 12:40:09.409 D/UIAutomatorStub(26556): URI: /jsonrpc/0, Method: POST, Header: {content-length=191, remote-addr=127.0.0.1, http-client-ip=127.0.0.1, host=localhost:9010, content-type=application/json, accept-encoding=identity}, params, {NanoHttpd.QUERY_STRING=null}, files: {postData={"jsonrpc": "2.0", "method": "waitForExists", "id": "b2ba508ef0e7faa968c870dc2b95a798", "params": [{"mask": 1, "childOrSibling": [], "childOrSiblingSelector": [], "text": "Connectivity"}, 5]}}
11-20 12:40:09.465 D/UIAutomatorStub(26556): URI: /jsonrpc/0, Method: POST, Header: {content-length=180, remote-addr=127.0.0.1, http-client-ip=127.0.0.1, host=localhost:9010, content-type=application/json, accept-encoding=identity}, params, {NanoHttpd.QUERY_STRING=null}, files: {postData={"jsonrpc": "2.0", "method": "click", "id": "20381668169bf2ee16c667fd9259716d", "params": [{"mask": 1, "childOrSibling": [], "childOrSiblingSelector": [], "text": "Connectivity"}]}}
