11-21 03:34:27.449 W/ContextImpl( 1194): Calling a method in the system process without a qualified user: android.app.ContextImpl.sendBroadcastMultiplePermissions:1143 android.content.Context.sendBroadcastWithMultiplePermissions:2150 com.android.server.display.WifiDisplayAdapter.handleSendStatusChangeBroadcast:440 com.android.server.display.WifiDisplayAdapter.access$1700:63 com.android.server.display.WifiDisplayAdapter$WifiDisplayHandler.handleMessage:675 
11-21 03:34:28.531 W/ContextImpl( 1194): Calling a method in the system process without a qualified user: android.app.ContextImpl.sendBroadcastMultiplePermissions:1143 android.content.Context.sendBroadcastWithMultiplePermissions:2150 com.android.server.wifi.p2p.WifiP2pServiceImpl$P2pStateMachine.sendBroadcastMultiplePermissions:3209 com.android.server.wifi.p2p.WifiP2pServiceImpl$P2pStateMachine.sendP2pConnectionChangedBroadcast:3236 com.android.server.wifi.p2p.WifiP2pServiceImpl$P2pStateMachine.access$5100:768 
11-21 03:34:28.532 W/BroadcastQueue( 1194): Permission Denial: receiving Intent { act=android.net.wifi.p2p.CONNECTION_STATE_CHANGE flg=0x24000010 (has extras) } to ProcessRecord{ba73 1900:.qtidataservices/u0a89} (pid=1900, uid=10089) requires android.permission.ACCESS_FINE_LOCATION due to sender android (uid 1000)
11-21 03:34:28.535 W/ContextImpl( 1194): Calling a method in the system process without a qualified user: android.app.ContextImpl.sendBroadcastMultiplePermissions:1143 android.content.Context.sendBroadcastWithMultiplePermissions:2150 com.android.server.wifi.p2p.WifiP2pServiceImpl$P2pStateMachine.sendBroadcastMultiplePermissions:3209 com.android.server.wifi.p2p.WifiP2pServiceImpl$P2pStateMachine.sendThisDeviceChangedBroadcast:3218 com.android.server.wifi.p2p.WifiP2pServiceImpl$P2pStateMachine.updateThisDevice:3962 
11-21 03:34:28.550 W/wificond(  906): Scan is not started. Ignore abort request
11-21 03:34:29.006 D/ConnectivityService( 1194): registerNetworkAgent NetworkAgentInfo{ ni{[type: WIFI[], state: UNKNOWN/IDLE, reason: (unspecified), extra: , failover: false, available: true, roaming: false]}  network{217}  nethandle{935413600269}  lp{{InterfaceName: wlan0 LinkAddresses: [ ] DnsAddresses: [ ] Domains: null MTU: 0 Routes: [ ]}}  nc{[ Transports: WIFI Capabilities: NOT_METERED&INTERNET&NOT_RESTRICTED&TRUSTED&NOT_VPN&NOT_ROAMING&FOREGROUND&NOT_CONGESTED&NOT_SUSPENDED LinkUpBandwidth>=72000Kbps LinkDnBandwidth>=72000Kbps OwnerUid: 1000 SSID: "MTBF_Lab" RequestorUid: -1 RequestorPackageName: null]}  Score{20}  everValidated{false}  lastValidated{false}  created{false} lingering{false} explicitlySelected{false} acceptUnvalidated{false} everCaptivePortalDetected{false} lastCaptivePortalDetected{false} partialConnectivity{false} acceptPartialConnectivity{false} clat{mBaseIface: null, mIface: null, mState: IDLE} }
11-21 03:34:29.023 D/ConnectivityService( 1194): [217 WIFI] EVENT_NETWORK_INFO_CHANGED, going from UNKNOWN to UNKNOWN
11-21 03:34:29.150 D/ConnectivityService( 1194): NetReassign [no changes]
11-21 03:34:29.181 I/Nat464Xlat( 1194): Android Xlat is disabled
11-21 03:34:29.181 I/Nat464Xlat( 1194): Android Xlat is disabled
11-21 03:34:29.301 E/ConnectivityService( 1194): Exception in networkAddRouteParcel for non-gateway: android.os.ServiceSpecificException: Machine is not on the network (code 64)
11-21 03:34:29.302 E/ConnectivityService( 1194): Exception in networkAddRouteParcel for gateway: android.os.ServiceSpecificException: Machine is not on the network (code 64)
11-21 03:34:29.302 I/Nat464Xlat( 1194): Android Xlat is disabled
11-21 03:34:29.302 I/Nat464Xlat( 1194): Android Xlat is disabled
11-21 03:34:29.363 D/ConnectivityService( 1194): Setting DNS servers for network 217 to [/192.168.1.1]
11-21 03:34:29.364 I/Nat464Xlat( 1194): Android Xlat is disabled
11-21 03:34:29.364 I/Nat464Xlat( 1194): Android Xlat is disabled
11-21 03:34:29.445 D/ConnectivityService( 1194): [217 WIFI] EVENT_NETWORK_INFO_CHANGED, going from UNKNOWN to CONNECTED
11-21 03:34:29.449 D/DnsManager( 1194): sendDnsConfigurationForNetwork(217, [192.168.1.1], [], 1800, 25, 8, 64, 0, 0, , [])
11-21 03:34:29.451 W/DnsManager( 1194): updatePrivateDns(217, PrivateDnsConfig{true:/[]})
11-21 03:34:29.451 D/ConnectivityService( 1194): Setting DNS servers for network 217 to [/192.168.1.1]
11-21 03:34:29.452 D/DnsManager( 1194): sendDnsConfigurationForNetwork(217, [192.168.1.1], [], 1800, 25, 8, 64, 0, 0, , [192.168.1.1])
11-21 03:34:29.454 D/ConnectivityService( 1194): Adding iface wlan0 to network 217
11-21 03:34:29.511 D/ConnectivityService( 1194): Setting DNS servers for network 217 to [/192.168.1.1]
11-21 03:34:29.511 D/DnsManager( 1194): sendDnsConfigurationForNetwork(217, [192.168.1.1], [], 1800, 25, 8, 64, 0, 0, , [192.168.1.1])
11-21 03:34:29.513 I/Nat464Xlat( 1194): Android Xlat is disabled
11-21 03:34:29.513 I/Nat464Xlat( 1194): Android Xlat is disabled
11-21 03:34:29.565 D/ConnectivityService( 1194): NetReassign [no changes]
11-21 03:34:29.740 D/ConnectivityService( 1194): [217 WIFI] validation passed
11-21 03:34:29.741 D/ConnectivityService( 1194): NetReassign [8 : 100 → 217, 20 : 100 → 217, 46 : 100 → 217, 2784 : 100 → 217, 12 : 100 → 217, 22 : 100 → 217, 16 : 100 → 217, 1990 : 100 → 217, 14 : 100 → 217, 50 : 100 → 217, 18 : 100 → 217, 11 : 100 → 217, 2773 : 100 → 217, 1 : 100 → 217, 17 : 100 → 217]
11-21 03:34:29.748 E/NetlinkEvent(  459): NetlinkEvent::FindParam(): Parameter 'INTERFACE' not found
11-21 03:34:29.749 E/NetlinkEvent(  459): NetlinkEvent::FindParam(): Parameter 'STATE' not found
11-21 03:34:29.749 E/NetlinkEvent(  459): NetlinkEvent::FindParam(): Parameter 'TIME_NS' not found
11-21 03:34:29.749 E/NetlinkEvent(  459): NetlinkEvent::FindParam(): Parameter 'UID' not found
11-21 03:34:29.765 D/ConnectivityService( 1194): Switching to new default network: NetworkAgentInfo{ ni{[type: WIFI[], state: CONNECTED/CONNECTED, reason: (unspecified), extra: , failover: false, available: true, roaming: false]}  network{217}  nethandle{935413600269}  lp{{InterfaceName: wlan0 LinkAddresses: [ 192.168.1.39/24 ] DnsAddresses: [ /192.168.1.1 ] Domains: null MTU: 0 ServerAddress: /192.168.1.1 TcpBufferSizes: 524288,1048576,2097152,262144,524288,1048576 Routes: [ fe80::/64 -> :: wlan0 mtu 0,192.168.1.0/24 -> 0.0.0.0 wlan0 mtu 0,0.0.0.0/0 -> 192.168.1.1 wlan0 mtu 0 ]}}  nc{[ Transports: WIFI Capabilities: NOT_METERED&INTERNET&NOT_RESTRICTED&TRUSTED&NOT_VPN&VALIDATED&NOT_ROAMING&FOREGROUND&NOT_CONGESTED&NOT_SUSPENDED LinkUpBandwidth>=67000Kbps LinkDnBandwidth>=67000Kbps SignalStrength: -37 OwnerUid: 1000 SSID: "MTBF_Lab" RequestorUid: -1 RequestorPackageName: null]}  Score{60}  everValidated{true}  lastValidated{true}  created{true} lingering{false} explicitlySelected{false} acceptUnvalidated{false} everCaptivePortalDetected{false} lastCaptivePortalDetected{false} partialConnectivity{false} acceptPartialConnectivity{false} clat{mBaseIface: null, mIface: null, mState: IDLE} }
11-21 03:34:29.891 W/SimpleTimeDetectorStrategy( 1194): Existing suggestion found to be invalid  elapsedRealtimeMillis=128814051, timeSuggestion=TelephonyTimeSuggestion{mSlotIndex='0', mUtcTime=TimestampedValue{mReferenceTimeMillis=2542243, mValue=1637368197000}, mDebugInfo=[Sending new time suggestion nitzSignal=TimestampedValue{mReferenceTimeMillis=2542243, mValue=NitzData{mOriginalString=21/11/20,00:29:57-32,00, mZoneOffset=-28800000, mDstOffset=0, mCurrentTimeMillis=1637368197000, mEmulatorHostTimeZone=null}}, reason=handleNitzReceived(TimestampedValue{mReferenceTimeMillis=2542243, mValue=NitzData{mOriginalString=21/11/20,00:29:57-32,00, mZoneOffset=-28800000, mDstOffset=0, mCurrentTimeMillis=1637368197000, mEmulatorHostTimeZone=null}})]}
11-21 03:34:29.899 D/ConnectivityService( 1194): Lingering [100 CELLULAR] for 30000ms
11-21 03:34:29.901 D/ConnectivityService( 1194): Sending DISCONNECTED broadcast for type 0 [100 CELLULAR] isDefaultNetwork=true
11-21 03:34:29.902 D/ConnectivityService( 1194): Sending CONNECTED broadcast for type 1 [217 WIFI] isDefaultNetwork=true
11-21 03:34:29.956 D/ConnectivityService( 1194): Setting DNS servers for network 217 to [/192.168.1.1]
11-21 03:34:29.957 D/DnsManager( 1194): sendDnsConfigurationForNetwork(217, [192.168.1.1], [], 1800, 25, 8, 64, 0, 0, , [192.168.1.1])
11-21 03:34:30.164 I/Nat464Xlat( 1194): Android Xlat is disabled
11-21 03:34:30.165 I/Nat464Xlat( 1194): Android Xlat is disabled
11-21 03:34:33.134 D/commandrouter( 1117): rtc_sync (1, rtc:sync): <ServiceRequest> FORWARDED (remote -> local) service client ID = 0, token ID = 45645
11-21 03:34:33.135 D/commandrouter( 1117): SocServiceHandle::onServiceMessage, SoC Service = rtc_sync, appType = 1, type = SVC_RESP, clientId = 0, token = 45645, payloadLen = 8, result = 0, payload.size() = 8
11-21 03:34:43.144 D/commandrouter( 1117): rtc_sync (1, rtc:sync): <ServiceRequest> FORWARDED (remote -> local) service client ID = 0, token ID = 45646
11-21 03:34:43.145 D/commandrouter( 1117): SocServiceHandle::onServiceMessage, SoC Service = rtc_sync, appType = 1, type = SVC_RESP, clientId = 0, token = 45646, payloadLen = 8, result = 0, payload.size() = 8
11-21 03:34:47.072 D/commandrouter( 1117): SocServiceHandle::onServiceMessage, SoC Service = mcu_healthcheck_1118, appType = 1, type = SVC_REQ, clientId = 0, token = 4292, payloadLen = 12, result = 0, payload.size() = 12
11-21 03:34:47.078 D/commandrouter( 1117): mcu_healthcheck_1118 (1, merlot:mcu_health:control): <ServiceResponse> FORWARDED (remote -> local) CR token ID = 4292, service client ID = 40, token ID = 10680, result = 0
11-21 03:34:47.078 D/mculinkhealth( 1118): isMcuReachable 1 (5 ms)
11-21 03:34:48.758 D/AutofillManagerService( 1194): onBackKeyPressed()
11-21 03:34:49.817 I/chatty  ( 1194): uid=1000(system) android.ui identical 2 lines
11-21 03:34:51.622 D/AutofillManagerService( 1194): onBackKeyPressed()
11-21 03:34:52.179 W/ActivityManager( 1194): Invalid packageName: com.facebook.wearable.system.settings/com.facebook.wearable.system.settings.SettingsActivity
11-21 03:34:52.320 I/ActivityTaskManager( 1194): START u0 {flg=0x10000000 cmp=com.facebook.wearable.system.settings/.SettingsActivity} from uid 0
11-21 03:34:52.335 I/ActivityTaskManager( 1194): The Process com.facebook.wearable.system.settings Already Exists in BG. So sending its PID: 7907
11-21 03:34:52.335 W/ActivityTaskManager( 1194): Tried to set launchTime (0) < mLastActivityLaunchTime (128805479)
11-21 03:34:53.130 D/commandrouter( 1117): rtc_sync (1, rtc:sync): <ServiceRequest> FORWARDED (remote -> local) service client ID = 0, token ID = 45647
11-21 03:34:53.131 D/commandrouter( 1117): SocServiceHandle::onServiceMessage, SoC Service = rtc_sync, appType = 1, type = SVC_RESP, clientId = 0, token = 45647, payloadLen = 8, result = 0, payload.size() = 8
11-21 03:34:54.431 E/TaskPersister( 1194): File error accessing recents directory (directory doesn't exist?).
11-21 03:34:54.664 D/AppStorageManager( 1194): BEFORE:: Previous Size: 746741760 Current Size: 746860544
11-21 03:34:54.664 D/AppStorageManager( 1194): AFTER:: Previous Size: 746860544 Current Size: 746860544
11-21 03:34:59.740 D/ConnectivityService( 1194): handleLingerComplete for [100 CELLULAR]
11-21 03:34:59.845 W/ContextImpl( 1194): Calling a method in the system process without a qualified user: android.app.ContextImpl.sendBroadcastMultiplePermissions:1143 android.content.Context.sendBroadcastWithMultiplePermissions:2150 com.android.server.display.WifiDisplayAdapter.handleSendStatusChangeBroadcast:440 com.android.server.display.WifiDisplayAdapter.access$1700:63 com.android.server.display.WifiDisplayAdapter$WifiDisplayHandler.handleMessage:675 
11-21 03:35:00.367 D/ConnectivityService( 1194): [217 WIFI] EVENT_NETWORK_INFO_CHANGED, going from CONNECTED to DISCONNECTED
11-21 03:35:00.367 D/ConnectivityService( 1194): [217 WIFI] disconnected, was satisfying 26
11-21 03:35:00.464 I/Nat464Xlat( 1194): Android Xlat is disabled
11-21 03:35:00.464 I/Nat464Xlat( 1194): Android Xlat is disabled
11-21 03:35:00.521 D/ConnectivityService( 1194): Sending DISCONNECTED broadcast for type 1 [217 WIFI] isDefaultNetwork=true
11-21 03:35:00.544 D/ConnectivityService( 1194): NetReassign [8 : null → 100, 20 : null → 100, 46 : null → 100, 2784 : null → 100, 12 : null → 100, 22 : null → 100, 16 : null → 100, 1990 : null → 100, 14 : null → 100, 50 : null → 100, 18 : null → 100, 11 : null → 100, 2773 : null → 100, 1 : null → 100, 17 : null → 100]
11-21 03:35:00.548 E/NetlinkEvent(  459): NetlinkEvent::FindParam(): Parameter 'INTERFACE' not found
11-21 03:35:00.548 E/NetlinkEvent(  459): NetlinkEvent::FindParam(): Parameter 'STATE' not found
11-21 03:35:00.549 E/NetlinkEvent(  459): NetlinkEvent::FindParam(): Parameter 'TIME_NS' not found
11-21 03:35:00.549 E/NetlinkEvent(  459): NetlinkEvent::FindParam(): Parameter 'UID' not found
11-21 03:35:00.554 D/ConnectivityService( 1194): Switching to new default network: NetworkAgentInfo{ ni{[type: MOBILE[LTE], state: CONNECTED/CONNECTED, reason: (unspecified), extra: nxtgenphone, failover: false, available: true, roaming: false]}  network{100}  nethandle{432902426637}  lp{{InterfaceName: rmnet_data2 LinkAddresses: [ 10.129.103.196/29,2600:380:c119:24f:b89a:9f3c:46c1:95af/64 ] DnsAddresses: [ /172.26.38.1,/fc00:a:a::300 ] Domains: null MTU: 1430 TcpBufferSizes: 2097152,4194304,8388608,262144,524288,1048576 Routes: [ 0.0.0.0/0 -> 10.129.103.197 rmnet_data2 mtu 1430,::/0 -> fe80::b45f:41f1:1846:969d rmnet_data2 mtu 1430,10.129.103.192/29 -> 0.0.0.0 rmnet_data2 mtu 0,2600:380:c119:24f::/64 -> :: rmnet_data2 mtu 0 ]}}  nc{[ Transports: CELLULAR Capabilities: MMS&SUPL&FOTA&INTERNET&NOT_RESTRICTED&TRUSTED&NOT_VPN&VALIDATED&NOT_ROAMING&NOT_CONGESTED&NOT_SUSPENDED LinkUpBandwidth>=15000Kbps LinkDnBandwidth>=30000Kbps Specifier: <TelephonyNetworkSpecifier [mSubId = 1]> AdministratorUids: [] RequestorUid: -1 RequestorPackageName: null]}  Score{50}  everValidated{true}  lastValidated{true}  created{true} lingering{false} explicitlySelected{false} acceptUnvalidated{false} everCaptivePortalDetected{false} lastCaptivePortalDetected{false} partialConnectivity{false} acceptPartialConnectivity{false} clat{mBaseIface: null, mIface: null, mState: IDLE} }
11-21 03:35:00.775 W/SimpleTimeDetectorStrategy( 1194): Existing suggestion found to be invalid  elapsedRealtimeMillis=128844936, timeSuggestion=TelephonyTimeSuggestion{mSlotIndex='0', mUtcTime=TimestampedValue{mReferenceTimeMillis=2542243, mValue=1637368197000}, mDebugInfo=[Sending new time suggestion nitzSignal=TimestampedValue{mReferenceTimeMillis=2542243, mValue=NitzData{mOriginalString=21/11/20,00:29:57-32,00, mZoneOffset=-28800000, mDstOffset=0, mCurrentTimeMillis=1637368197000, mEmulatorHostTimeZone=null}}, reason=handleNitzReceived(TimestampedValue{mReferenceTimeMillis=2542243, mValue=NitzData{mOriginalString=21/11/20,00:29:57-32,00, mZoneOffset=-28800000, mDstOffset=0, mCurrentTimeMillis=1637368197000, mEmulatorHostTimeZone=null}})]}
11-21 03:35:00.872 D/ConnectivityService( 1194): Sending CONNECTED broadcast for type 0 [100 CELLULAR] isDefaultNetwork=true
11-21 03:35:03.139 D/commandrouter( 1117): rtc_sync (1, rtc:sync): <ServiceRequest> FORWARDED (remote -> local) service client ID = 0, token ID = 45648
11-21 03:35:03.140 D/commandrouter( 1117): SocServiceHandle::onServiceMessage, SoC Service = rtc_sync, appType = 1, type = SVC_RESP, clientId = 0, token = 45648, payloadLen = 8, result = 0, payload.size() = 8
11-21 03:35:04.659 D/AutofillManagerService( 1194): onBackKeyPressed()
11-21 03:35:07.616 I/chatty  ( 1194): uid=1000(system) android.ui identical 4 lines
11-21 03:35:08.628 D/AutofillManagerService( 1194): onBackKeyPressed()
11-21 03:35:09.228 E/TaskPersister( 1194): File error accessing recents directory (directory doesn't exist?).
11-21 03:35:09.625 D/AutofillManagerService( 1194): onBackKeyPressed()
11-21 03:35:10.622 D/AutofillManagerService( 1194): onBackKeyPressed()
11-21 03:35:11.177 W/ActivityManager( 1194): Invalid packageName: com.facebook.wearable.system.settings/com.facebook.wearable.system.settings.SettingsActivity
11-21 03:35:11.317 I/ActivityTaskManager( 1194): START u0 {flg=0x10000000 cmp=com.facebook.wearable.system.settings/.SettingsActivity} from uid 0
11-21 03:35:11.333 I/ActivityTaskManager( 1194): The Process com.facebook.wearable.system.settings Already Exists in BG. So sending its PID: 7907
11-21 03:35:11.334 W/ActivityTaskManager( 1194): Tried to set launchTime (0) < mLastActivityLaunchTime (128836497)
11-21 03:35:13.145 D/commandrouter( 1117): rtc_sync (1, rtc:sync): <ServiceRequest> FORWARDED (remote -> local) service client ID = 0, token ID = 45649
11-21 03:35:13.147 D/commandrouter( 1117): SocServiceHandle::onServiceMessage, SoC Service = rtc_sync, appType = 1, type = SVC_RESP, clientId = 0, token = 45649, payloadLen = 8, result = 0, payload.size() = 8
11-21 03:35:13.649 D/ConnectivityService( 1194): requestNetwork for uid/pid:10005/26000 NetworkRequest [ TRACK_DEFAULT id=2788, [ Capabilities: INTERNET&NOT_RESTRICTED&TRUSTED Uid: 10005 AdministratorUids: [] RequestorUid: 10005 RequestorPackageName: com.facebook.wearable.system.telecom] ]
11-21 03:35:13.650 D/ConnectivityService( 1194): NetReassign [2788 : null → 100]
11-21 03:35:13.794 D/ConnectivityService( 1194): releasing NetworkRequest [ TRACK_DEFAULT id=2788, [ Capabilities: INTERNET&NOT_RESTRICTED&TRUSTED Uid: 10005 AdministratorUids: [] RequestorUid: 10005 RequestorPackageName: com.facebook.wearable.system.telecom] ] (release request)
11-21 03:35:14.932 E/TaskPersister( 1194): File error accessing recents directory (directory doesn't exist?).
11-21 03:35:17.080 D/commandrouter( 1117): SocServiceHandle::onServiceMessage, SoC Service = mcu_healthcheck_1118, appType = 1, type = SVC_REQ, clientId = 0, token = 4293, payloadLen = 12, result = 0, payload.size() = 12
11-21 03:35:17.084 D/commandrouter( 1117): mcu_healthcheck_1118 (1, merlot:mcu_health:control): <ServiceResponse> FORWARDED (remote -> local) CR token ID = 4293, service client ID = 40, token ID = 10681, result = 0
11-21 03:35:17.085 D/mculinkhealth( 1118): isMcuReachable 1 (5 ms)
11-21 03:35:18.008 W/ContextImpl( 1194): Calling a method in the system process without a qualified user: android.app.ContextImpl.sendBroadcastMultiplePermissions:1143 android.content.Context.sendBroadcastWithMultiplePermissions:2150 com.android.server.display.WifiDisplayAdapter.handleSendStatusChangeBroadcast:440 com.android.server.display.WifiDisplayAdapter.access$1700:63 com.android.server.display.WifiDisplayAdapter$WifiDisplayHandler.handleMessage:675 
11-21 03:35:18.958 W/ContextImpl( 1194): Calling a method in the system process without a qualified user: android.app.ContextImpl.sendBroadcastMultiplePermissions:1143 android.content.Context.sendBroadcastWithMultiplePermissions:2150 com.android.server.wifi.p2p.WifiP2pServiceImpl$P2pStateMachine.sendBroadcastMultiplePermissions:3209 com.android.server.wifi.p2p.WifiP2pServiceImpl$P2pStateMachine.sendP2pConnectionChangedBroadcast:3236 com.android.server.wifi.p2p.WifiP2pServiceImpl$P2pStateMachine.access$5100:768 
11-21 03:35:18.960 W/BroadcastQueue( 1194): Permission Denial: receiving Intent { act=android.net.wifi.p2p.CONNECTION_STATE_CHANGE flg=0x24000010 (has extras) } to ProcessRecord{ba73 1900:.qtidataservices/u0a89} (pid=1900, uid=10089) requires android.permission.ACCESS_FINE_LOCATION due to sender android (uid 1000)
11-21 03:35:19.076 W/wificond(  906): Scan is not started. Ignore abort request
11-21 03:35:19.077 W/ContextImpl( 1194): Calling a method in the system process without a qualified user: android.app.ContextImpl.sendBroadcastMultiplePermissions:1143 android.content.Context.sendBroadcastWithMultiplePermissions:2150 com.android.server.wifi.p2p.WifiP2pServiceImpl$P2pStateMachine.sendBroadcastMultiplePermissions:3209 com.android.server.wifi.p2p.WifiP2pServiceImpl$P2pStateMachine.sendThisDeviceChangedBroadcast:3218 com.android.server.wifi.p2p.WifiP2pServiceImpl$P2pStateMachine.updateThisDevice:3962 
--------- beginning of main
11-21 03:35:19.415 I/wpa_supplicant( 8664): wlan0: CTRL-EVENT-CONNECTED - Connection to 6c:cd:d6:25:63:2a completed [id=0 id_str=%7B%22configKey%22%3A%22%5C%22MTBF_Lab%5C%22WPA_PSK%22%2C%22creatorUid%22%3A%221000%22%7D]
11-21 03:35:19.416 I/chatty  ( 1024): uid=1021(gps) lowi-server expire 13 lines
11-21 03:35:19.431 I/wpa_supplicant( 8664): getWifiGenerationStatusInternal: generation = 4, twtSupport = false, vhtMax8SpatialStreamsSupport = false
11-21 03:35:19.440 D/QCNEJ/WlanStaInfoRelay( 1900): Received action: android.net.wifi.STATE_CHANGE
11-21 03:35:19.440 D/WifiConnector( 2841): Network State Changed
11-21 03:35:19.448 D/QCNEJ/WlanStaInfoRelay( 1900): Received action: android.net.wifi.STATE_CHANGE
11-21 03:35:19.450 D/WifiConnector( 2841): Network State Changed
11-21 03:35:19.451 D/ConnectivityService( 1194): registerNetworkAgent NetworkAgentInfo{ ni{[type: WIFI[], state: UNKNOWN/IDLE, reason: (unspecified), extra: , failover: false, available: true, roaming: false]}  network{218}  nethandle{939708567565}  lp{{InterfaceName: wlan0 LinkAddresses: [ ] DnsAddresses: [ ] Domains: null MTU: 0 Routes: [ ]}}  nc{[ Transports: WIFI Capabilities: NOT_METERED&INTERNET&NOT_RESTRICTED&TRUSTED&NOT_VPN&NOT_ROAMING&FOREGROUND&NOT_CONGESTED&NOT_SUSPENDED LinkUpBandwidth>=72000Kbps LinkDnBandwidth>=72000Kbps OwnerUid: 1000 SSID: "MTBF_Lab" RequestorUid: -1 RequestorPackageName: null]}  Score{20}  everValidated{false}  lastValidated{false}  created{false} lingering{false} explicitlySelected{false} acceptUnvalidated{false} everCaptivePortalDetected{false} lastCaptivePortalDetected{false} partialConnectivity{false} acceptPartialConnectivity{false} clat{mBaseIface: null, mIface: null, mState: IDLE} }
11-21 03:35:19.467 D/ConnectivityService( 1194): [218 WIFI] EVENT_NETWORK_INFO_CHANGED, going from UNKNOWN to UNKNOWN
11-21 03:35:19.472 D/QCNEJ/WlanStaInfoRelay( 1900): Received action: android.net.wifi.STATE_CHANGE
11-21 03:35:19.473 D/WifiConnector( 2841): Network State Changed
11-21 03:35:19.499 I/chatty  ( 1194): uid=1000(system) WifiHandlerThre expire 23 lines
11-21 03:35:19.500 V/WifiHAL (  539): WifiVendorCommand 0xa063a000 created vendor_id:0x1374 subcmd:83
11-21 03:35:19.501 E/WifiHAL (  539): wifi_get_packet_filter_capabilities: requestResponse() error: -3
11-21 03:35:19.501 I/WifiHAL (  539): Packet filtering is not supprted
11-21 03:35:19.597 D/QCNEJ/WlanStaInfoRelay( 1900): Received action: android.net.wifi.RSSI_CHANGED
11-21 03:35:19.598 D/WearableConnectivityManager(29223): onWifiStrengthChange: -37
11-21 03:35:19.598 D/ConnectivityService( 1194): NetReassign [no changes]
11-21 03:35:19.621 V/WifiHAL (  539): WifiVendorCommand 0xa07c1180 created vendor_id:0x1374 subcmd:82
11-21 03:35:19.622 V/WifiHAL (  539): ND offload : Enable
11-21 03:35:19.631 E/QMI_FW  (  927): qmi_cci_get_ref: ref count increased 2
11-21 03:35:19.635 E/QMI_FW  (  927): qmi_cci_get_ref: ref count increased 2
11-21 03:35:19.648 E/Netd    (  459): no such netId 218
11-21 03:35:19.649 I/Nat464Xlat( 1194): Android Xlat is disabled
11-21 03:35:19.707 I/chatty  ( 1194): uid=1000 system_server expire 7 lines
11-21 03:35:19.768 D/QCNEJ/WlanStaInfoRelay( 1900): Received action: android.net.wifi.STATE_CHANGE
11-21 03:35:19.769 D/WifiConnector( 2841): Network State Changed
11-21 03:35:19.771 E/Netd    (  459): no such netId 218
11-21 03:35:19.649 I/Nat464Xlat( 1194): Android Xlat is disabled
11-21 03:35:19.771 E/ConnectivityService( 1194): Exception in networkAddRouteParcel for non-gateway: android.os.ServiceSpecificException: Machine is not on the network (code 64)
11-21 03:35:19.773 E/ConnectivityService( 1194): Exception in networkAddRouteParcel for gateway: android.os.ServiceSpecificException: Machine is not on the network (code 64)
11-21 03:35:19.772 E/Netd    (  459): no such netId 218
11-21 03:35:19.773 I/Nat464Xlat( 1194): Android Xlat is disabled
11-21 03:35:19.786 D/QCNEJ/WlanStaInfoRelay( 1900): Received action: android.net.wifi.STATE_CHANGE
11-21 03:35:19.790 D/WifiConnector( 2841): Network State Changed
11-21 03:35:19.794 D/WifiConnector( 2841): Configured Networks Changed
11-21 03:35:19.811 I/chatty  ( 1194): uid=1000(system) pool-9-thread-1 expire 3 lines
11-21 03:35:19.825 E/QMI_FW  (  927): qmi_cci_get_ref: ref count increased 2
11-21 03:35:19.773 I/Nat464Xlat( 1194): Android Xlat is disabled
11-21 03:35:19.901 D/ConnectivityService( 1194): Setting DNS servers for network 218 to [/192.168.1.1]
11-21 03:35:19.902 I/Nat464Xlat( 1194): Android Xlat is disabled
11-21 03:35:19.826 E/QMI_FW  (  927): qmi_cci_get_ref: ref count increased 2
11-21 03:35:19.953 E/QMI_FW  ( 1113): qmi_cci_get_ref: ref count increased 2
11-21 03:35:19.953 E/QMI_FW  ( 1113): qmi_cci_get_ref: ref count increased 2
11-21 03:35:19.954 E/QMI_FW  ( 1113): qmi_cci_get_ref: ref count increased 2
11-21 03:35:19.902 I/Nat464Xlat( 1194): Android Xlat is disabled
11-21 03:35:19.999 D/ConnectivityService( 1194): [218 WIFI] EVENT_NETWORK_INFO_CHANGED, going from UNKNOWN to CONNECTED
11-21 03:35:20.001 D/DnsManager( 1194): sendDnsConfigurationForNetwork(218, [192.168.1.1], [], 1800, 25, 8, 64, 0, 0, , [])
11-21 03:35:20.003 W/DnsManager( 1194): updatePrivateDns(218, PrivateDnsConfig{true:/[]})
11-21 03:35:20.003 D/ConnectivityService( 1194): Setting DNS servers for network 218 to [/192.168.1.1]
11-21 03:35:20.004 D/DnsManager( 1194): sendDnsConfigurationForNetwork(218, [192.168.1.1], [], 1800, 25, 8, 64, 0, 0, , [192.168.1.1])
11-21 03:35:20.006 D/ConnectivityService( 1194): Adding iface wlan0 to network 218
11-21 03:35:20.006 W/resolv  (  459): Validating DnsTlsServer on netId 218
11-21 03:35:20.009 W/resolv  (  459): Validation failed
11-21 03:35:20.026 D/ConnectivityService( 1194): Setting DNS servers for network 218 to [/192.168.1.1]
11-21 03:35:20.026 D/DnsManager( 1194): sendDnsConfigurationForNetwork(218, [192.168.1.1], [], 1800, 25, 8, 64, 0, 0, , [192.168.1.1])
11-21 03:35:20.028 I/Nat464Xlat( 1194): Android Xlat is disabled
11-21 03:35:20.030 W/resolv  (  459): Validating DnsTlsServer on netId 218
11-21 03:35:20.050 W/resolv  (  459): SSL_connect ssl error =5, mark 0xf00da: Connection refused
11-21 03:35:20.051 W/resolv  (  459): Validation failed
11-21 03:35:20.028 I/Nat464Xlat( 1194): Android Xlat is disabled
11-21 03:35:20.105 D/ConnectivityService( 1194): NetReassign [no changes]
11-21 03:35:20.118 D/QCNEJ/WlanStaInfoRelay( 1900): network available: 218
11-21 03:35:20.127 D/QCNEJ/NativeHalConnector( 1900): -> SND notifyWifiAvailable(v4Connected = truev6Connected = , false, isAndroidValidated = false)
11-21 03:35:20.153 D/QCNEJ/NativeHalConnector( 1900): -> SND notifyWifiAvailable(v4Connected = truev6Connected = , false, isAndroidValidated = false)
11-21 03:35:20.202 I/chatty  ( 1194): uid=1000 system_server expire 3 lines
11-21 03:35:20.213 I/chatty  ( 1194): uid=1000 system_server expire 2 lines
11-21 03:35:20.262 D/mcu_health_checker(  946): Sent MCU Health Request
11-21 03:35:20.263 D/commandrouter( 1117): SocServiceHandle::onServiceMessage, SoC Service = mcu_healthcheck_946, appType = 1, type = SVC_REQ, clientId = 0, token = 2146, payloadLen = 20, result = 0, payload.size() = 20
11-21 03:35:20.273 D/commandrouter( 1117): mcu_healthcheck_946 (1, merlot:mcu_health:control): <ServiceResponse> FORWARDED (remote -> local) CR token ID = 2146, service client ID = 6, token ID = 10682, result = 0
11-21 03:35:20.273 D/mcu_health_checker(  946): MCU Health Response: MCU_OK
11-21 03:35:20.273 D/mcu_health_checker(  946): MCU Session 0, uptime = 128829795 ms
11-21 03:35:20.273 D/mcu_health_checker(  946): mSensorErrs[0]: 0
11-21 03:35:20.273 D/mcu_health_checker(  946): mSensorErrs[1]: 0
11-21 03:35:20.273 D/mcu_health_checker(  946): mSensorErrs[2]: 0
11-21 03:35:20.281 I/chatty  ( 1194): uid=1000 system_server expire 1 line
11-21 03:35:20.283 D/ConnectivityService( 1194): [218 WIFI] validation passed
11-21 03:35:20.284 D/ConnectivityService( 1194): NetReassign [8 : 100 → 218, 20 : 100 → 218, 46 : 100 → 218, 2784 : 100 → 218, 12 : 100 → 218, 22 : 100 → 218, 16 : 100 → 218, 1990 : 100 → 218, 14 : 100 → 218, 50 : 100 → 218, 18 : 100 → 218, 11 : 100 → 218, 2773 : 100 → 218, 1 : 100 → 218, 17 : 100 → 218]
11-21 03:35:20.288 E/NetlinkEvent(  459): NetlinkEvent::FindParam(): Parameter 'INTERFACE' not found
11-21 03:35:20.288 E/NetlinkEvent(  459): NetlinkEvent::FindParam(): Parameter 'STATE' not found
11-21 03:35:20.288 E/NetlinkEvent(  459): NetlinkEvent::FindParam(): Parameter 'TIME_NS' not found
11-21 03:35:20.288 E/NetlinkEvent(  459): NetlinkEvent::FindParam(): Parameter 'UID' not found
11-21 03:35:20.307 D/ConnectivityService( 1194): Switching to new default network: NetworkAgentInfo{ ni{[type: WIFI[], state: CONNECTED/CONNECTED, reason: (unspecified), extra: , failover: false, available: true, roaming: false]}  network{218}  nethandle{939708567565}  lp{{InterfaceName: wlan0 LinkAddresses: [ 192.168.1.39/24 ] DnsAddresses: [ /192.168.1.1 ] Domains: null MTU: 0 ServerAddress: /192.168.1.1 TcpBufferSizes: 524288,1048576,2097152,262144,524288,1048576 Routes: [ fe80::/64 -> :: wlan0 mtu 0,192.168.1.0/24 -> 0.0.0.0 wlan0 mtu 0,0.0.0.0/0 -> 192.168.1.1 wlan0 mtu 0 ]}}  nc{[ Transports: WIFI Capabilities: NOT_METERED&INTERNET&NOT_RESTRICTED&TRUSTED&NOT_VPN&VALIDATED&NOT_ROAMING&FOREGROUND&NOT_CONGESTED&NOT_SUSPENDED LinkUpBandwidth>=67000Kbps LinkDnBandwidth>=67000Kbps SignalStrength: -37 OwnerUid: 1000 SSID: "MTBF_Lab" RequestorUid: -1 RequestorPackageName: null]}  Score{60}  everValidated{true}  lastValidated{true}  created{true} lingering{false} explicitlySelected{false} acceptUnvalidated{false} everCaptivePortalDetected{false} lastCaptivePortalDetected{false} partialConnectivity{false} acceptPartialConnectivity{false} clat{mBaseIface: null, mIface: null, mState: IDLE} }
11-21 03:35:20.405 D/QCNEJ/WlanStaInfoRelay( 1900): Received action: android.net.wifi.LINK_CONFIGURATION_CHANGED
11-21 03:35:20.405 E/QCNEJ/WlanStaInfoRelay( 1900): update link properties given null lp
11-21 03:35:20.420 D/QCNEJ/DefaultNetworkInfoRelay( 1900): Default network available: 218
11-21 03:35:20.424 V/LigerRadioStatsReporter( 2384): onCapabilitiesChanged: Network capabilities changed
11-21 03:35:20.429 D/QCNEJ/NativeHalConnector( 1900): -> SND notifyDefaultNetworkChanged(1)
11-21 03:35:20.431 I/chatty  ( 1194): uid=1000(system) NetworkTimeUpda expire 1 line
11-21 03:35:20.433 D/DeviceAuthService( 3525): Network connected
11-21 03:35:20.433 D/DeviceAuthService( 3525): fetchAuthTokenWrapper called
11-21 03:35:20.433 W/SimpleTimeDetectorStrategy( 1194): Existing suggestion found to be invalid  elapsedRealtimeMillis=128864594, timeSuggestion=TelephonyTimeSuggestion{mSlotIndex='0', mUtcTime=TimestampedValue{mReferenceTimeMillis=2542243, mValue=1637368197000}, mDebugInfo=[Sending new time suggestion nitzSignal=TimestampedValue{mReferenceTimeMillis=2542243, mValue=NitzData{mOriginalString=21/11/20,00:29:57-32,00, mZoneOffset=-28800000, mDstOffset=0, mCurrentTimeMillis=1637368197000, mEmulatorHostTimeZone=null}}, reason=handleNitzReceived(TimestampedValue{mReferenceTimeMillis=2542243, mValue=NitzData{mOriginalString=21/11/20,00:29:57-32,00, mZoneOffset=-28800000, mDstOffset=0, mCurrentTimeMillis=1637368197000, mEmulatorHostTimeZone=null}})]}
11-21 03:35:20.434 D/ConnectivityService( 1194): Lingering [100 CELLULAR] for 30000ms
11-21 03:35:20.435 D/ConnectivityService( 1194): Sending DISCONNECTED broadcast for type 0 [100 CELLULAR] isDefaultNetwork=true
11-21 03:35:20.437 D/ConnectivityService( 1194): Sending CONNECTED broadcast for type 1 [218 WIFI] isDefaultNetwork=true
11-21 03:35:20.451 E/QMI_FW  (  927): qmi_cci_get_ref: ref count increased 2
11-21 03:35:20.453 I/chatty  ( 1194): uid=1000(system) android.fg expire 1 line
11-21 03:35:20.454 I/chatty  (  523): uid=1021(gps) Loc_hal_worker expire 1 line
11-21 03:35:20.455 V/LigerRadioStatsReporter( 2384): onCapabilitiesChanged: Network capabilities changed
11-21 03:35:20.455 V/LigerRadioStatsReporter( 2384): reportAndCheckpointRadioStats
11-21 03:35:20.456 V/LigerRadioStatsReporter( 2384): +++++++++++ RADIO STATS DUMP +++++++++++
11-21 03:35:20.456 V/LigerRadioStatsReporter( 2384): totalActiveRadioTimeMs=0
11-21 03:35:20.456 V/LigerRadioStatsReporter( 2384): totalTailRadioTimeMs=13993
11-21 03:35:20.456 V/LigerRadioStatsReporter( 2384): totalWakeupCount=0
11-21 03:35:20.456 V/LigerRadioStatsReporter( 2384): httpUpBytes=0
11-21 03:35:20.456 V/LigerRadioStatsReporter( 2384): httpDownBytes=0
11-21 03:35:20.456 V/LigerRadioStatsReporter( 2384): httpWakeupCount=0
11-21 03:35:20.456 V/LigerRadioStatsReporter( 2384): httpRequestCount=0
11-21 03:35:20.456 V/LigerRadioStatsReporter( 2384): httpActiveRadioTimeMs=0
11-21 03:35:20.456 V/LigerRadioStatsReporter( 2384): httpTailRadioTimeMs=13993
11-21 03:35:20.456 V/LigerRadioStatsReporter( 2384): reportAndCheckpointRadioStats: Tx=0
11-21 03:35:20.456 V/LigerRadioStatsReporter( 2384): reportAndCheckpointRadioStats: Rx=0
11-21 03:35:20.456 V/LigerRadioStatsReporter( 2384): reportAndCheckpointRadioStats: Uids=10028
11-21 03:35:20.456 V/LigerRadioStatsReporter( 2384): reportAndCheckpointRadioStats: Tags=null
11-21 03:35:20.458 I/chatty  ( 1026): uid=1021(gps) LocApiMsgTask expire 2 lines
11-21 03:35:20.460 D/QCNEJ/WlanStaInfoRelay( 1900): AndroidValidate from false to true
11-21 03:35:20.461 E/QMI_FW  (  927): qmi_cci_get_ref: ref count increased 2
11-21 03:35:20.464 D/QCNEJ/WlanStaInfoRelay( 1900): retrieveCountryCode:Location obtained from Telephony: us
11-21 03:35:20.465 I/chatty  ( 1026): uid=1021(gps) LocApiMsgTask expire 1 line
11-21 03:35:20.469 D/ConnectivityService( 1194): Setting DNS servers for network 218 to [/192.168.1.1]
11-21 03:35:20.470 D/DnsManager( 1194): sendDnsConfigurationForNetwork(218, [192.168.1.1], [], 1800, 25, 8, 64, 0, 0, , [192.168.1.1])
11-21 03:35:20.474 E/QMI_FW  (  927): qmi_cci_get_ref: ref count increased 2
11-21 03:35:20.475 W/resolv  (  459): Validating DnsTlsServer on netId 218
11-21 03:35:20.475 I/Nat464Xlat( 1194): Android Xlat is disabled
11-21 03:35:20.477 E/QMI_FW  (  927): qmi_cci_get_ref: ref count increased 2
11-21 03:35:20.478 D/DeviceAuthService( 3525): isOculusAddressResolvable returned true
11-21 03:35:20.478 D/DeviceAuthenticator( 3525): Fetching new credentials asynchronously
11-21 03:35:20.479 W/resolv  (  459): SSL_connect ssl error =5, mark 0xf00da: Connection refused
11-21 03:35:20.481 D/DeviceAuthenticator( 3525): Calling DeviceAuth.authenticate()
11-21 03:35:20.484 E/DeviceCertService(  541): This device *might* have a provisioning issue. Please run `maui provision check` to verify.
11-21 03:35:20.484 E/DeviceCertService(  541): See https://fburl.com/wiki/a9hho0p9 for more information.
11-21 03:35:20.484 E/DeviceCertService(  541): Could not access certificate file '/mnt/vendor/persist/certificates/device_identityinsecure.crt', error 2: No such file or directory
11-21 03:35:20.485 E/DeviceAuthenticator( 3525): ERROR: java.lang.RuntimeException: devicecert returned error FILESYSTEM_ERROR
11-21 03:35:20.485 E/DeviceAuthenticator( 3525): 
11-21 03:35:20.485 E/DeviceAuthenticator( 3525): com.facebook.mos.sdk.devicecert.DeviceIdentityException: java.lang.RuntimeException: devicecert returned error FILESYSTEM_ERROR
11-21 03:35:20.485 E/DeviceAuthenticator( 3525): 
11-21 03:35:20.485 E/QMI_FW  ( 1113): qmi_cci_get_ref: ref count increased 2
11-21 03:35:20.488 E/QMI_FW  ( 1113): qmi_cci_get_ref: ref count increased 2
11-21 03:35:20.490 E/QMI_FW  ( 1113): qmi_cci_get_ref: ref count increased 2
11-21 03:35:20.495 W/resolv  (  459): Validation failed
11-21 03:35:20.498 E/QMI_FW  ( 1113): qmi_cci_get_ref: ref count increased 2
11-21 03:35:20.507 D/WifiConnector( 2841): Configured Networks Changed
11-21 03:35:20.512 D/PhoneInterfaceManager( 1975): setModemActivityInfo
11-21 03:35:20.512 D/FbSideCarManager( 1975): setModemActivityInfo
11-21 03:35:20.512 D/FbSideCarManager( 1975): setModemActivityInfo
11-21 03:35:20.512 D/WirelessInsightServiceImpl( 1975): setModemActivityInfo
11-21 03:35:20.512 D/FbSideCarManager( 1975): setModemActivityInfoInternal success
11-21 03:35:20.512 D/PhoneInterfaceManager( 1975): setModemActivityInfo: success.
11-21 03:35:20.512 D/WirelessInsightServiceImpl( 1975): notifyListeners: listeners = 0, modemActivityInfo = ModemActivityInfo{ mTimestamp=128864660 mSleepTimeMs=80207276 mIdleTimeMs=706487 mTransmitPowerInfo[]=[TransmitPower{ mTimeInMillis=1 mPowerRangeInDbm={-2147483648,0}}, TransmitPower{ mTimeInMillis=57886 mPowerRangeInDbm={0,5}}, TransmitPower{ mTimeInMillis=1460977 mPowerRangeInDbm={5,15}}, TransmitPower{ mTimeInMillis=62537 mPowerRangeInDbm={15,20}}, TransmitPower{ mTimeInMillis=1956672 mPowerRangeInDbm={20,2147483647}}] mRxTimeMs=44210495}
11-21 03:35:20.524 E/QMI_FW  ( 1113): qmi_cci_get_ref: ref count increased 2
11-21 03:35:20.539 E/QMI_FW  ( 1113): qmi_cci_get_ref: ref count increased 2
11-21 03:35:20.547 E/QMI_FW  ( 1113): qmi_cci_get_ref: ref count increased 2
11-21 03:35:20.554 I/chatty  ( 1113): uid=1001(radio) main identical 3 lines
11-21 03:35:20.555 E/QMI_FW  ( 1113): qmi_cci_get_ref: ref count increased 2
11-21 03:35:20.556 E/QMI_FW  ( 1113): qmi_cci_get_ref: ref count increased 2
11-21 03:35:20.557 E/QMI_FW  ( 1113): qmi_cci_get_ref: ref count increased 2
11-21 03:35:20.570 E/QMI_FW  ( 1113): qmi_cci_get_ref: ref count increased 2
11-21 03:35:20.574 E/QMI_FW  ( 1113): qmi_cci_get_ref: ref count increased 2
11-21 03:35:20.579 E/QMI_FW  ( 1113): qmi_cci_get_ref: ref count increased 2
11-21 03:35:20.586 I/chatty  ( 1113): uid=1001(radio) main identical 3 lines
11-21 03:35:20.591 E/QMI_FW  ( 1113): qmi_cci_get_ref: ref count increased 2
11-21 03:35:20.591 D/QCNEJ/NativeHalConnector( 1900): -> SND notifyWifiAvailable(v4Connected = truev6Connected = , false, isAndroidValidated = true)
11-21 03:35:20.593 E/QMI_FW  ( 1113): qmi_cci_get_ref: ref count increased 2
11-21 03:35:22.667 D/WearableConnectivityManager(29223): onWifiStrengthChange: -39
11-21 03:35:22.669 D/QCNEJ/WlanStaInfoRelay( 1900): Received action: android.net.wifi.RSSI_CHANGED
11-21 03:35:22.684 V/LigerRadioStatsReporter( 2384): onCapabilitiesChanged: Network capabilities changed
11-21 03:35:22.684 V/LigerRadioStatsReporter( 2384): reportAndCheckpointRadioStats
11-21 03:35:22.685 V/LigerRadioStatsReporter( 2384): +++++++++++ RADIO STATS DUMP +++++++++++
11-21 03:35:22.685 V/LigerRadioStatsReporter( 2384): totalActiveRadioTimeMs=0
11-21 03:35:22.685 V/LigerRadioStatsReporter( 2384): totalTailRadioTimeMs=13993
11-21 03:35:22.685 V/LigerRadioStatsReporter( 2384): totalWakeupCount=0
11-21 03:35:22.685 V/LigerRadioStatsReporter( 2384): httpUpBytes=0
11-21 03:35:22.685 V/LigerRadioStatsReporter( 2384): httpDownBytes=0
11-21 03:35:22.685 V/LigerRadioStatsReporter( 2384): httpWakeupCount=0
11-21 03:35:22.685 V/LigerRadioStatsReporter( 2384): httpRequestCount=0
11-21 03:35:22.686 V/LigerRadioStatsReporter( 2384): httpActiveRadioTimeMs=0
11-21 03:35:22.686 V/LigerRadioStatsReporter( 2384): httpTailRadioTimeMs=13993
11-21 03:35:22.686 V/LigerRadioStatsReporter( 2384): reportAndCheckpointRadioStats: Tx=0
11-21 03:35:22.686 V/LigerRadioStatsReporter( 2384): reportAndCheckpointRadioStats: Rx=0
11-21 03:35:22.686 V/LigerRadioStatsReporter( 2384): reportAndCheckpointRadioStats: Uids=10028
11-21 03:35:22.686 V/LigerRadioStatsReporter( 2384): reportAndCheckpointRadioStats: Tags=null
11-21 03:35:20.475 I/Nat464Xlat( 1194): Android Xlat is disabled
11-21 03:35:23.157 D/commandrouter( 1117): rtc_sync (1, rtc:sync): <ServiceRequest> FORWARDED (remote -> local) service client ID = 0, token ID = 45650
11-21 03:35:23.157 D/vendor.facebook.rtc_sync@1.0-service( 1129): Request req_ts=1637465723139709029 resp_ts=1637465723157313296
11-21 03:35:23.157 D/commandrouter( 1117): SocServiceHandle::onServiceMessage, SoC Service = rtc_sync, appType = 1, type = SVC_RESP, clientId = 0, token = 45650, payloadLen = 8, result = 0, payload.size() = 8
11-21 03:35:26.225 E/QMI_FW  ( 1113): qmi_cci_get_ref: ref count increased 2
11-21 03:35:26.226 E/QMI_FW  ( 1113): qmi_cci_get_ref: ref count increased 2
11-21 03:35:26.226 E/QMI_FW  ( 1113): qmi_cci_get_ref: ref count increased 2
11-21 03:35:28.090 E/QMI_FW  ( 1113): qmi_cci_get_ref: ref count increased 2
11-21 03:35:28.092 E/QMI_FW  ( 1113): qmi_cci_get_ref: ref count increased 2
11-21 03:35:28.104 I/WearableConnectivityManager(29223): LTE Signal strength is: 1
11-21 03:35:28.104 I/WearableConnectivityManager(29223): Cellular Signal strength is: 1
11-21 03:35:28.105 D/RadioLinkQualityScoreBuilder( 1975): scoreRsrp: 2scoreRsrq: 2scoreRssnr: 3
11-21 03:35:33.074 D/ConnectivityService( 1194): requestNetwork for uid/pid:10005/26000 NetworkRequest [ TRACK_DEFAULT id=2789, [ Capabilities: INTERNET&NOT_RESTRICTED&TRUSTED Uid: 10005 AdministratorUids: [] RequestorUid: 10005 RequestorPackageName: com.facebook.wearable.system.telecom] ]
11-21 03:35:33.074 D/ConnectivityService( 1194): NetReassign [2789 : null → 218]
11-21 03:35:33.077 D/PhoneSwitcherNetworkRequstListener( 1975): got request NetworkRequest [ TRACK_DEFAULT id=2789, [ Capabilities: INTERNET&NOT_RESTRICTED&TRUSTED Uid: 10005 AdministratorUids: [] RequestorUid: 10005 RequestorPackageName: com.facebook.wearable.system.telecom] ] with score 60 and providerId 1
11-21 03:35:33.077 I/chatty  ( 1194): uid=1000(system) WifiHandlerThre expire 3 lines
11-21 03:35:33.148 D/FacebookRepository(26000): Reading from Store [688175592090415]
11-21 03:35:33.148 D/FacebookRepository(26000): Requesting from Content Provider [688175592090415]
11-21 03:35:33.157 D/FacebookProvider(17356): Starting SSO Network Fetch for 688175592090415
11-21 03:35:33.158 I/AccountsContentProvider(17356): No Primary Account. Accounts Error [content://com.facebook.wearable.system.accounts.AccountsContentProvider/facebook/688175592090415]
11-21 03:35:33.158 E/DatabaseUtils(17356): Writing exception to parcel
11-21 03:35:33.158 E/DatabaseUtils(17356): java.lang.IllegalStateException: No Primary Account
11-21 03:35:33.158 E/DatabaseUtils(17356): 	at com.facebook.secure.content.AbstractContentProvider.doQuery(:284)
11-21 03:35:33.158 E/DatabaseUtils(17356): 	at com.facebook.secure.content.AbstractContentProvider.query(:8)
11-21 03:35:33.158 E/DatabaseUtils(17356): 	at android.content.ContentProvider.query(ContentProvider.java:1474)
11-21 03:35:33.158 E/DatabaseUtils(17356): 	at android.content.ContentProvider$Transport.query(ContentProvider.java:278)
11-21 03:35:33.158 E/DatabaseUtils(17356): 	at android.content.ContentProviderNative.onTransact(ContentProviderNative.java:106)
11-21 03:35:33.158 E/DatabaseUtils(17356): 	at android.os.Binder.execTransactInternal(Binder.java:1154)
11-21 03:35:33.158 E/DatabaseUtils(17356): 	at android.os.Binder.execTransact(Binder.java:1123)
11-21 03:35:33.161 E/UntetheredRelayCrypt(26000): untethered relay key upload failed: java.lang.IllegalStateException: No Primary Account
11-21 03:35:33.161 W/WearableUntetheredRelayCrypt(26000): Could not upload public key, will retry
11-21 03:35:33.161 D/commandrouter( 1117): rtc_sync (1, rtc:sync): <ServiceRequest> FORWARDED (remote -> local) service client ID = 0, token ID = 45651
11-21 03:35:33.162 D/vendor.facebook.rtc_sync@1.0-service( 1129): Request req_ts=1637465733149313296 resp_ts=1637465733162180168
11-21 03:35:33.162 D/commandrouter( 1117): SocServiceHandle::onServiceMessage, SoC Service = rtc_sync, appType = 1, type = SVC_RESP, clientId = 0, token = 45651, payloadLen = 8, result = 0, payload.size() = 8
11-21 03:35:33.163 I/WM-WorkerWrapper(26000): Worker result RETRY for Work [ id=fb74819a-6039-4cb6-94ba-be42590581d5, tags={ com.facebook.wearable.system.telecom.messaging.untethered.e2ee.WearableUntetheredRelayCrypt$InitialKeypairRotationWorker, com.facebook.wearable.system.telecom.messaging.untethered.e2ee.InitialKeypairRotationWorker } ]
11-21 03:35:33.163 D/FacebookRepository(26000): Reading from Store [688175592090415]
11-21 03:35:33.167 D/ConnectivityService( 1194): releasing NetworkRequest [ TRACK_DEFAULT id=2789, [ Capabilities: INTERNET&NOT_RESTRICTED&TRUSTED Uid: 10005 AdministratorUids: [] RequestorUid: 10005 RequestorPackageName: com.facebook.wearable.system.telecom] ] (release request)
11-21 03:35:35.777 E/QMI_FW  ( 1113): qmi_cci_get_ref: ref count increased 2
11-21 03:35:35.779 E/QMI_FW  ( 1113): qmi_cci_get_ref: ref count increased 2
11-21 03:35:35.791 I/WearableConnectivityManager(29223): LTE Signal strength is: 1
11-21 03:35:35.791 I/WearableConnectivityManager(29223): Cellular Signal strength is: 1
11-21 03:35:35.792 D/RadioLinkQualityScoreBuilder( 1975): scoreRsrp: 2scoreRsrq: 3scoreRssnr: 4
11-21 03:35:39.317 D/UIAutomatorStub(26720): URI: /jsonrpc/0, Method: POST, Header: {content-length=102, remote-addr=127.0.0.1, http-client-ip=127.0.0.1, host=localhost:9010, content-type=application/json, accept-encoding=identity}, params, {NanoHttpd.QUERY_STRING=null}, files: {postData={"jsonrpc": "2.0", "method": "pressKey", "id": "4325d4ca350f291e8b7b34d7900c6ba5", "params": ["back"]}}
11-21 03:35:39.338 D/AutofillManagerService( 1194): onBackKeyPressed()
11-21 03:35:39.377 D/UIAutomatorStub(26720): URI: /jsonrpc/0, Method: POST, Header: {content-length=102, remote-addr=127.0.0.1, http-client-ip=127.0.0.1, host=localhost:9010, content-type=application/json, accept-encoding=identity}, params, {NanoHttpd.QUERY_STRING=null}, files: {postData={"jsonrpc": "2.0", "method": "pressKey", "id": "a1eef57158ba6fb863656261273ee8e3", "params": ["back"]}}
11-21 03:35:39.607 E/QMI_FW  ( 1113): qmi_cci_get_ref: ref count increased 2
11-21 03:35:39.608 E/QMI_FW  ( 1113): qmi_cci_get_ref: ref count increased 2
11-21 03:35:39.623 D/RadioLinkQualityScoreBuilder( 1975): scoreRsrp: 2scoreRsrq: 2scoreRssnr: 1
11-21 03:35:39.624 I/WearableConnectivityManager(29223): LTE Signal strength is: 1
11-21 03:35:39.624 I/WearableConnectivityManager(29223): Cellular Signal strength is: 1
11-21 03:35:39.624 D/WirelessInsightServiceImpl( 1975): onSignalStrengthsChanged: SignalStrength = SignalStrength:{mCdma=CellSignalStrengthCdma: cdmaDbm=2147483647 cdmaEcio=2147483647 evdoDbm=2147483647 evdoEcio=2147483647 evdoSnr=2147483647 level=0,mGsm=CellSignalStrengthGsm: rssi=2147483647 ber=2147483647 mTa=2147483647 mLevel=0,mWcdma=CellSignalStrengthWcdma: ss=2147483647 ber=2147483647 rscp=2147483647 ecno=2147483647 level=0,mTdscdma=CellSignalStrengthTdscdma: rssi=2147483647 ber=2147483647 rscp=2147483647 level=0,mLte=CellSignalStrengthLte: rssi=-77 rsrp=-113 rsrq=-15 rssnr=-2 cqi=2147483647 ta=2147483647 level=1 parametersUseForLevel=0,mNr=CellSignalStrengthNr:{ csiRsrp = 2147483647 csiRsrq = 2147483647 csiSinr = 2147483647 ssRsrp = 2147483647 ssRsrq = 2147483647 ssSinr = 2147483647 level = 0 parametersUseForLevel = 0 },primary=CellSignalStrengthLte}
11-21 03:35:39.624 D/WirelessInsightServiceImpl( 1975): Score: 1
11-21 03:35:39.624 D/WirelessInsightServiceImpl( 1975): notifyListeners: listeners = 0, score = 1
11-21 03:35:39.657 I/vendor.rmt_storage(  581): rmt_storage_connect_cb: clnt_h=0xcb conn_h=0x93f2d030
11-21 03:35:39.657 I/vendor.rmt_storage(  581): rmt_storage_rw_iovec_cb: /boot/modem_fs2: req_h=0xcb msg_id=3: R/W request received (wr_count 195)
11-21 03:35:39.657 I/vendor.rmt_storage(  581): wakelock acquired: 1, error no: 11
11-21 03:35:39.657 I/vendor.rmt_storage(  581): rmt_storage_client_thread: /boot/modem_fs2: Unblock worker thread (th_id: -1826115136)
11-21 03:35:39.740 I/vendor.rmt_storage(  581): rmt_storage_client_thread: /boot/modem_fs2: req_h=0xcb msg_id=3: Bytes written = 1572864, wr_count 195
11-21 03:35:39.740 I/vendor.rmt_storage(  581): rmt_storage_client_thread: /boot/modem_fs2: req_h=0xcb msg_id=3: Send response: res=0 err=0, wr_count 195
11-21 03:35:39.741 I/vendor.rmt_storage(  581): rmt_storage_client_thread: /boot/modem_fs2: About to block rmt_storage client thread (th_id: -1826115136) wakelock released: 1, error no: 0
11-21 03:35:39.741 I/vendor.rmt_storage(  581): 
11-21 03:35:39.744 I/vendor.rmt_storage(  581): rmt_storage_disconnect_cb: clnt_h=0xcb conn_h=0x93f2d030
11-21 03:35:39.956 D/UIAutomatorStub(26720): URI: /jsonrpc/0, Method: POST, Header: {content-length=102, remote-addr=127.0.0.1, http-client-ip=127.0.0.1, host=localhost:9010, content-type=application/json, accept-encoding=identity}, params, {NanoHttpd.QUERY_STRING=null}, files: {postData={"jsonrpc": "2.0", "method": "pressKey", "id": "0c443af0d5e0b8371c0dbdc9e7cb99be", "params": ["back"]}}
11-21 03:35:40.418 I/chatty  ( 1194): uid=1000(system) Binder:1194_1A expire 1 line
11-21 03:35:40.460 I/chatty  ( 1194): uid=1000 system_server expire 1 line
11-21 03:35:40.468 D/ComplicationController(29223): Starting complication controller. Face Type: OdysseyWatchFace
11-21 03:35:40.486 E/DayDateSystemComplicationProvider(29223): Updating Day Date System Complication
11-21 03:35:40.486 D/ComplicationDataManagerImpl(29223): Updating complication data for package: com.facebook.wearable.apps.calendar, id: com.facebook.wearable.apps.calendar.DAY_DATE_COMPLICATION
11-21 03:35:40.486 D/ComplicationDataManagerImpl(29223): Updating complication data for package: com.facebook.wearable.apps.heart, id: com.facebook.wearable.apps.heart.HEART_RATE
11-21 03:35:40.487 D/ComplicationDataManagerImpl(29223): Updating complication data for package: com.facebook.wearable.apps.calendar, id: com.facebook.wearable.apps.calendar.SHORTCUT_COMPLICATION
11-21 03:35:40.487 D/ComplicationDataManagerImpl(29223): Updating complication data for package: com.facebook.wearable.apps.clock, id: com.facebook.wearable.apps.clock.SHORTCUT_COMPLICATION
11-21 03:35:40.487 D/ComplicationDataManagerImpl(29223): Updating complication data for package: com.facebook.wearable.apps.workout, id: com.facebook.wearable.apps.workout.SHORTCUT_COMPLICATION
11-21 03:35:40.487 D/ComplicationDataManagerImpl(29223): Updating complication data for package: com.facebook.wearable.apps.player, id: com.facebook.wearable.apps.player.SHORTCUT_COMPLICATION
