11-21 15:07:38.671 I/WifiScanningService( 1186): scanner impls already exists
11-21 15:07:38.672 I/WifiScanRequestProxy( 1186): Scanning is enabled
11-21 15:07:38.673 I/WifiScanRequestProxy( 1186): Scanning for hidden networks is disabled
11-21 15:07:38.674 E/WifiScanningService( 1186): wifi driver loaded received while already loaded
11-21 15:07:38.679 D/WakeupController( 1186): start()
11-21 15:07:38.685 D/WakeupController( 1186): Setting active to true
11-21 15:07:38.727 D/CompatibilityInfo( 1186): mCompatibilityFlags - 4
11-21 15:07:38.727 D/CompatibilityInfo( 1186): applicationDensity - 320
11-21 15:07:38.728 D/CompatibilityInfo( 1186): applicationScale - 1.0
11-21 15:07:38.733 D/WakeupLock( 1186): Lock set. Number of networks: 1
11-21 15:07:38.741 D/WifiClientModeImpl( 1186): ClientModeImpl: Leaving Connected state
11-21 15:07:38.744 D/QCNEJ/WwanInfoRelay( 1907): onCapabilitiesChanged: 101 [ Transports: CELLULAR Capabilities: MMS&SUPL&FOTA&INTERNET&NOT_RESTRICTED&TRUSTED&NOT_VPN&VALIDATED&NOT_ROAMING&NOT_CONGESTED&NOT_SUSPENDED LinkUpBandwidth>=15000Kbps LinkDnBandwidth>=30000Kbps Specifier: <TelephonyNetworkSpecifier [mSubId = 1]> AdministratorUids: [] RequestorUid: -1 RequestorPackageName: null]
11-21 15:07:38.770 W/MqttClient( 2620): connection/disconnecting; reason=READ_SOCKET, operation=NETWORK_THREAD_LOOP
11-21 15:07:38.775 I/QCNEJ/WwanInfoRelay( 1907): cacheWwanInfo subId = 1 phoneId = 0 slotId = 0
11-21 15:07:38.788 D/WifiCountryCode( 1186): updateCountryCode to US
11-21 15:07:38.795 W/System.err( 2620): DEBUG: com.whatsapp.net.tls13.WtSocketWrapper.sendAlertAndShutdown(:86) : Sending Alert : type : WARNING description : close_notify(0) exception : 
11-21 15:07:38.805 W/System.err( 2620): ERROR: com.whatsapp.net.logging.WtLog.log$REDEX$HQcOuACUrr4(:4) : Encountered exception. Nothing much can be done here. com.whatsapp.net.alerts.WtAlertException
11-21 15:07:38.810 E/SupplicantStaIfaceHal( 1186): Can't call setCountryCode, ISupplicantStaIface is null
11-21 15:07:38.810 D/WifiCountryCode( 1186): Failed to set country code to: US
11-21 15:07:38.815 I/WM-WorkerWrapper( 2334): Work [ id=e596069b-4a6f-495d-b19d-a8669de7ea86, tags={ com.facebook.wearable.system.selfcare.sharing.StickerBundleDatabaseWorker } ] was cancelled
11-21 15:07:38.815 I/WM-WorkerWrapper( 2334): java.util.concurrent.CancellationException: Task was cancelled.
11-21 15:07:38.815 I/WM-WorkerWrapper( 2334): 	at androidx.work.impl.utils.futures.AbstractFuture.getDoneValue(:32)
11-21 15:07:38.815 I/WM-WorkerWrapper( 2334): 	at androidx.work.impl.utils.futures.AbstractFuture.get(:268435546)
11-21 15:07:38.815 I/WM-WorkerWrapper( 2334): 	at androidx.work.impl.WorkerWrapper$2.run(:3)
11-21 15:07:38.815 I/WM-WorkerWrapper( 2334): 	at androidx.work.impl.utils.SerialExecutor$Task.run(:2)
11-21 15:07:38.815 I/WM-WorkerWrapper( 2334): 	at java.util.concurrent.ThreadPoolExecutor.runWorker(ThreadPoolExecutor.java:1167)
11-21 15:07:38.815 I/WM-WorkerWrapper( 2334): 	at java.util.concurrent.ThreadPoolExecutor$Worker.run(ThreadPoolExecutor.java:641)
11-21 15:07:38.815 I/WM-WorkerWrapper( 2334): 	at java.lang.Thread.run(Thread.java:923)
11-21 15:07:38.816 E/StickerBundleDatabaseWorker( 2334): Failed to fetch sticker bundles:
11-21 15:07:38.816 E/StickerBundleDatabaseWorker( 2334): kotlinx.coroutines.JobCancellationException: Job was cancelled; job=JobImpl{Cancelling}@1b13dce
11-21 15:07:38.846 E/QMI_FW  ( 1042): qmi_cci_get_ref: ref count increased 2
11-21 15:07:38.848 E/QMI_FW  ( 1042): qmi_cci_get_ref: ref count increased 2
11-21 15:07:38.850 E/QMI_FW  ( 1042): qmi_cci_get_ref: ref count increased 2
11-21 15:07:38.885 E/SupplicantStaIfaceHal( 1186): Can't call listNetworks, ISupplicantStaIface is null
11-21 15:07:38.885 E/SupplicantStaIfaceHal( 1186): removeAllNetworks failed, got null networks
11-21 15:07:38.885 E/WifiClientModeImpl( 1186): Failed to remove networks on exiting connect mode
11-21 15:07:38.923 E/WakeupController( 1186): Unexpected setLastDisconnectInfo when WakeupController is active!
11-21 15:07:38.946 D/CompatibilityInfo( 1186): mCompatibilityFlags - 4
11-21 15:07:38.946 D/CompatibilityInfo( 1186): applicationDensity - 320
11-21 15:07:38.946 D/CompatibilityInfo( 1186): applicationScale - 1.0
11-21 15:07:38.947 E/WifiVendorHal( 1186): stopRssiMonitoring(l.2106) failed {.code = ERROR_NOT_AVAILABLE, .description = }
11-21 15:07:38.947 E/SupplicantStaIfaceHal( 1186): Can't call setPowerSave, ISupplicantStaIface is null
11-21 15:07:38.948 E/SupplicantStaIfaceHal( 1186): Can't call setBtCoexistenceMode, ISupplicantStaIface is null
11-21 15:07:38.954 V/WifiClientModeImpl( 1186): stopIpClient IpClientWithPreConnection: false
11-21 15:07:38.954 V/WifiClientModeImpl( 1186): java.lang.Throwable
11-21 15:07:38.954 V/WifiClientModeImpl( 1186): 	at com.android.server.wifi.ClientModeImpl.stopIpClient(ClientModeImpl.java:1127)
11-21 15:07:38.954 V/WifiClientModeImpl( 1186): 	at com.android.server.wifi.ClientModeImpl.stopDhcpSetup(ClientModeImpl.java:1153)
11-21 15:07:38.954 V/WifiClientModeImpl( 1186): 	at com.android.server.wifi.ClientModeImpl.handleNetworkDisconnect(ClientModeImpl.java:2945)
11-21 15:07:38.954 V/WifiClientModeImpl( 1186): 	at com.android.server.wifi.ClientModeImpl.stopClientMode(ClientModeImpl.java:3889)
11-21 15:07:38.954 V/WifiClientModeImpl( 1186): 	at com.android.server.wifi.ClientModeImpl.access$4600(ClientModeImpl.java:176)
11-21 15:07:38.954 V/WifiClientModeImpl( 1186): 	at com.android.server.wifi.ClientModeImpl$ConnectModeState.exit(ClientModeImpl.java:4064)
11-21 15:07:38.954 V/WifiClientModeImpl( 1186): 	at com.android.wifi.x.com.android.internal.util.StateMachine$SmHandler.invokeExitMethods(StateMachine.java:1021)
11-21 15:07:38.954 V/WifiClientModeImpl( 1186): 	at com.android.wifi.x.com.android.internal.util.StateMachine$SmHandler.performTransitions(StateMachine.java:877)
11-21 15:07:38.954 V/WifiClientModeImpl( 1186): 	at com.android.wifi.x.com.android.internal.util.StateMachine$SmHandler.handleMessage(StateMachine.java:819)
11-21 15:07:38.954 V/WifiClientModeImpl( 1186): 	at android.os.Handler.dispatchMessage(Handler.java:106)
11-21 15:07:38.954 V/WifiClientModeImpl( 1186): 	at android.os.Looper.loop(Looper.java:223)
11-21 15:07:38.954 V/WifiClientModeImpl( 1186): 	at android.os.HandlerThread.run(HandlerThread.java:67)
11-21 15:07:38.955 D/WifiMemoryStoreImpl( 1186): Set cluster Ga6eb8feabe7908d4 for W958a1754935a727: SUCCESS
11-21 15:07:38.977 D/QCNEJ/WlanStaInfoRelay( 1907): Received action: android.net.wifi.STATE_CHANGE
11-21 15:07:38.977 D/QCNEJ/WlanStaInfoRelay( 1907): reset CountryCodeRetriever
11-21 15:07:38.978 D/WifiConnector( 2870): Network State Changed
11-21 15:07:38.980 E/QMI_FW  (  915): qmi_cci_get_ref: ref count increased 2
11-21 15:07:38.981 D/ConnectivityService( 1186): [214 WIFI] EVENT_NETWORK_INFO_CHANGED, going from CONNECTED to DISCONNECTED
11-21 15:07:38.982 D/ConnectivityService( 1186): [214 WIFI] disconnected, was satisfying 27
11-21 15:07:38.981 E/QMI_FW  (  915): qmi_cci_get_ref: ref count increased 2
11-21 15:07:38.987 E/QMI_FW  ( 1042): qmi_cci_get_ref: ref count increased 2
11-21 15:07:38.992 D/DhcpClient( 1186): doQuit
11-21 15:07:39.007 D/WifiDiags( 1186): stopLogging() iface list is {} after removing wlan0
11-21 15:07:39.017 E/WifiVendorHal( 1186): resetLogHandler(l.1558) failed {.code = ERROR_NOT_AVAILABLE, .description = }
11-21 15:07:39.023 D/SettingsSDK::SyncHelper( 2334): Read setting com.facebook.wearable.sdk.selfcare:SELFCARE_SERVICE_ENABLED from persistent cache
11-21 15:07:39.023 D/FacebookRepository( 2334): Reading from Store [906581286488774]
11-21 15:07:39.030 E/QMI_FW  ( 1042): qmi_cci_get_ref: ref count increased 2
11-21 15:07:39.031 W/WifiDiags( 1186): Fail to reset log handler
11-21 15:07:39.038 E/QMI_FW  ( 1042): qmi_cci_get_ref: ref count increased 2
11-21 15:07:39.052 I/chatty  ( 1042): uid=1001(radio) main identical 6 lines
11-21 15:07:39.053 E/QMI_FW  ( 1042): qmi_cci_get_ref: ref count increased 2
11-21 15:07:39.055 E/QMI_FW  ( 1042): qmi_cci_get_ref: ref count increased 2
11-21 15:07:39.063 I/chatty  ( 1042): uid=1001(radio) main identical 6 lines
11-21 15:07:39.064 E/QMI_FW  ( 1042): qmi_cci_get_ref: ref count increased 2
11-21 15:07:39.100 D/WifiMemoryStoreImpl( 1186): Set cluster Ga6eb8feabe7908d4 for Wa6eb8feabe7908d4: SUCCESS
11-21 15:07:39.159 I/ystem.analytic(  427): Background young concurrent copying GC freed 273942(15MB) AllocSpace objects, 0(0B) LOS objects, 74% free, 5497KB/21MB, paused 161us total 125.625ms
11-21 15:07:39.167 I/GnssNetworkConnectivityHandler( 1186): Network connection lost. Available networks count: 1
11-21 15:07:39.167 I/GnssNetworkConnectivityHandler( 1186): updateNetworkState, state=CLOSED, connected=false, network=214, capabilities=[ Transports: WIFI Capabilities: NOT_METERED&INTERNET&NOT_RESTRICTED&TRUSTED&NOT_VPN&VALIDATED&NOT_ROAMING&FOREGROUND&NOT_CONGESTED&NOT_SUSPENDED LinkUpBandwidth>=61000Kbps LinkDnBandwidth>=61000Kbps SignalStrength: -34 OwnerUid: 1000 AdministratorUids: [] SSID: "MTBF_Lab" RequestorUid: -1 RequestorPackageName: null], apn: , availableNetworkCount: 1
11-21 15:07:39.171 D/QCNEJ/WlanStaInfoRelay( 1907): network lost: 214
11-21 15:07:39.173 I/Nat464Xlat( 1186): Android Xlat is disabled
11-21 15:07:39.173 D/DeviceAuthService( 7777): Network lost
11-21 15:07:39.182 E/SelfCareDataCloudSyncWorker( 2334): Failed to get access token
11-21 15:07:39.182 E/SelfCareDataCloudSyncWorker( 2334): kotlinx.coroutines.JobCancellationException: Job was cancelled; job=JobImpl{Cancelling}@1ee2e94
11-21 15:07:39.186 I/WM-WorkerWrapper( 2334): Work [ id=57f248e9-27c9-4baa-bcea-f98e3ece0d1a, tags={ com.facebook.wearable.system.selfcare.cloudsync.SelfCareDataCloudSyncWorker } ] was cancelled
11-21 15:07:39.186 I/WM-WorkerWrapper( 2334): java.util.concurrent.CancellationException: Task was cancelled.
11-21 15:07:39.186 I/WM-WorkerWrapper( 2334): 	at androidx.work.impl.utils.futures.AbstractFuture.getDoneValue(:32)
11-21 15:07:39.186 I/WM-WorkerWrapper( 2334): 	at androidx.work.impl.utils.futures.AbstractFuture.get(:268435546)
11-21 15:07:39.186 I/WM-WorkerWrapper( 2334): 	at androidx.work.impl.WorkerWrapper$2.run(:3)
11-21 15:07:39.186 I/WM-WorkerWrapper( 2334): 	at androidx.work.impl.utils.SerialExecutor$Task.run(:2)
11-21 15:07:39.186 I/WM-WorkerWrapper( 2334): 	at java.util.concurrent.ThreadPoolExecutor.runWorker(ThreadPoolExecutor.java:1167)
11-21 15:07:39.186 I/WM-WorkerWrapper( 2334): 	at java.util.concurrent.ThreadPoolExecutor$Worker.run(ThreadPoolExecutor.java:641)
11-21 15:07:39.186 I/WM-WorkerWrapper( 2334): 	at java.lang.Thread.run(Thread.java:923)
11-21 15:07:39.187 D/QCNEJ/WlanStaInfoRelay( 1907): onLost: unbind the process to WIFI
11-21 15:07:39.188 D/QCNEJ/DefaultNetworkInfoRelay( 1907): Default network lost: 214
11-21 15:07:39.173 I/Nat464Xlat( 1186): Android Xlat is disabled
11-21 15:07:39.203 D/ConnectivityService( 1186): Sending DISCONNECTED broadcast for type 1 [214 WIFI] isDefaultNetwork=true
11-21 15:07:39.234 D/DhcpClient( 1186): DHCP Packet Handler stopped
11-21 15:07:39.234 D/ConnectivityService( 1186): NetReassign [44 : null → 101, 11 : null → 101, 63 : null → 101, 2885 : null → 101, 2235 : null → 101, 2877 : null → 101, 17 : null → 101, 25 : null → 101, 1438 : null → 101, 1 : null → 101, 2887 : null → 101, 8 : null → 101, 12 : null → 101, 14 : null → 101, 16 : null → 101, 22 : null → 101]
11-21 15:07:39.234 D/DhcpClient( 1186): onQuitting
11-21 15:07:39.237 W/LocSvc_LocIpc(  527): send:66] failed reason: No such file or directory
11-21 15:07:39.244 E/NetlinkEvent(  462): NetlinkEvent::FindParam(): Parameter 'INTERFACE' not found
11-21 15:07:39.244 E/NetlinkEvent(  462): NetlinkEvent::FindParam(): Parameter 'STATE' not found
11-21 15:07:39.244 E/NetlinkEvent(  462): NetlinkEvent::FindParam(): Parameter 'TIME_NS' not found
11-21 15:07:39.244 E/NetlinkEvent(  462): NetlinkEvent::FindParam(): Parameter 'UID' not found
11-21 15:07:39.252 D/ConnectivityService( 1186): Switching to new default network: NetworkAgentInfo{ ni{[type: MOBILE[LTE], state: CONNECTED/CONNECTED, reason: (unspecified), extra: enhancedphone, failover: false, available: true, roaming: false]}  network{101}  nethandle{437197393933}  lp{{InterfaceName: rmnet_data2 LinkAddresses: [ 10.55.48.101/30,2600:381:4804:c4b6:8cdc:8f0b:afe1:ec6b/64 ] DnsAddresses: [ /172.26.38.2,/fc00:a:a::400 ] Domains: null MTU: 1430 TcpBufferSizes: 2097152,4194304,8388608,262144,524288,1048576 Routes: [ 0.0.0.0/0 -> 10.55.48.102 rmnet_data2 mtu 1430,::/0 -> fe80::9db2:334d:2872:1e0a rmnet_data2 mtu 1430,10.55.48.100/30 -> 0.0.0.0 rmnet_data2 mtu 0,2600:381:4804:c4b6::/64 -> :: rmnet_data2 mtu 0 ]}}  nc{[ Transports: CELLULAR Capabilities: MMS&SUPL&FOTA&INTERNET&NOT_RESTRICTED&TRUSTED&NOT_VPN&VALIDATED&NOT_ROAMING&NOT_CONGESTED&NOT_SUSPENDED LinkUpBandwidth>=15000Kbps LinkDnBandwidth>=30000Kbps Specifier: <TelephonyNetworkSpecifier [mSubId = 1]> AdministratorUids: [] RequestorUid: -1 RequestorPackageName: null]}  Score{50}  everValidated{true}  lastValidated{true}  created{true} lingering{false} explicitlySelected{false} acceptUnvalidated{false} everCaptivePortalDetected{false} lastCaptivePortalDetected{false} partialConnectivity{false} acceptPartialConnectivity{false} clat{mBaseIface: null, mIface: null, mState: IDLE} }
11-21 15:07:39.327 D/BluetoothAdapterService( 1710): Soft AP is on band: 1
11-21 15:07:39.329 D/BluetoothVendorService( 1710): getPowerBackoff 
11-21 15:07:39.329 D/BluetoothAdapterService( 1710): android.net.wifi.WIFI_STATE_CHANGED
11-21 15:07:39.334 E/WifiNative( 1186): Could not get Iface object for interface null
11-21 15:07:39.336 D/WifiNetworkAgent( 1186): NetworkAgent: NetworkAgent channel lost
11-21 15:07:39.337 D/BluetoothAdapterService( 1710): Soft AP is on band: 1
11-21 15:07:39.338 D/BluetoothVendorService( 1710): getPowerBackoff 
11-21 15:07:39.338 D/BluetoothAdapterService( 1710): android.net.wifi.STATE_CHANGE
11-21 15:07:39.339 D/BluetoothVendorService( 1710): setWifiState to: false
11-21 15:07:39.339 I/BluetoothVendorJni( 1710): setWifiStateNative
11-21 15:07:39.339 I/bt_btif_vendor( 1710): setWifiState :0
11-21 15:07:39.339 W/bt_btm  ( 1710): btm_cb.is_wifi_connected = 0 
11-21 15:07:39.458 E/WifiNative( 1186): Could not get Iface object for interface null
11-21 15:07:39.462 D/NetworkTimeUpdateService( 1186): New default network 101; checking time.
11-21 15:07:39.462 V/LigerRadioStatsReporter( 2357): onCapabilitiesChanged: Network capabilities changed
11-21 15:07:39.462 V/LigerRadioStatsReporter( 2357): reportAndCheckpointRadioStats
11-21 15:07:39.464 V/LigerRadioStatsReporter( 2357): +++++++++++ RADIO STATS DUMP +++++++++++
11-21 15:07:39.464 V/LigerRadioStatsReporter( 2357): totalActiveRadioTimeMs=0
11-21 15:07:39.464 V/LigerRadioStatsReporter( 2357): totalTailRadioTimeMs=13994
11-21 15:07:39.464 V/LigerRadioStatsReporter( 2357): totalWakeupCount=0
11-21 15:07:39.464 V/LigerRadioStatsReporter( 2357): httpUpBytes=0
11-21 15:07:39.464 V/LigerRadioStatsReporter( 2357): httpDownBytes=0
11-21 15:07:39.464 V/LigerRadioStatsReporter( 2357): httpWakeupCount=0
11-21 15:07:39.464 V/LigerRadioStatsReporter( 2357): httpRequestCount=0
11-21 15:07:39.464 V/LigerRadioStatsReporter( 2357): httpActiveRadioTimeMs=0
11-21 15:07:39.464 V/LigerRadioStatsReporter( 2357): httpTailRadioTimeMs=13994
11-21 15:07:39.464 V/LigerRadioStatsReporter( 2357): reportAndCheckpointRadioStats: Tx=0
11-21 15:07:39.465 V/LigerRadioStatsReporter( 2357): reportAndCheckpointRadioStats: Rx=0
11-21 15:07:39.465 V/LigerRadioStatsReporter( 2357): reportAndCheckpointRadioStats: Uids=10027
11-21 15:07:39.465 V/LigerRadioStatsReporter( 2357): reportAndCheckpointRadioStats: Tags=null
11-21 15:07:39.470 D/CompatibilityInfo( 1186): mCompatibilityFlags - 4
11-21 15:07:39.470 D/CompatibilityInfo( 1186): applicationDensity - 320
11-21 15:07:39.470 D/CompatibilityInfo( 1186): applicationScale - 1.0
11-21 15:07:39.478 E/QMI_FW  ( 1042): qmi_cci_get_ref: ref count increased 2
11-21 15:07:39.489 D/DeviceAuthService( 7777): Network connected
11-21 15:07:39.491 D/DeviceAuthService( 7777): fetchAuthTokenWrapper called
11-21 15:07:39.499 E/DeviceAuthenticator( 7777): Failed to resolve oculus.com
11-21 15:07:39.499 D/DeviceAuthService( 7777): isOculusAddressResolvable returned false
11-21 15:07:39.499 E/QMI_FW  ( 1042): qmi_cci_get_ref: ref count increased 2
11-21 15:07:39.499 D/DeviceAuthService( 7777): network is still available, run handler
11-21 15:07:39.518 D/QCNEJ/DefaultNetworkInfoRelay( 1907): Default network available: 101
11-21 15:07:39.519 D/QCNEJ/NativeHalConnector( 1907): -> SND notifyDefaultNetworkChanged(0)
11-21 15:07:39.521 E/QMI_FW  (  915): qmi_cci_get_ref: ref count increased 2
