11-20 00:21:41.848 V/LigerRadioStatsReporter( 2384): totalActiveRadioTimeMs=0
11-20 00:21:41.849 V/LigerRadioStatsReporter( 2384): totalTailRadioTimeMs=13995
11-20 00:21:41.849 V/LigerRadioStatsReporter( 2384): totalWakeupCount=0
11-20 00:21:41.849 V/LigerRadioStatsReporter( 2384): httpUpBytes=0
11-20 00:21:41.849 V/LigerRadioStatsReporter( 2384): httpDownBytes=0
11-20 00:21:41.849 V/LigerRadioStatsReporter( 2384): httpWakeupCount=0
11-20 00:21:41.849 V/LigerRadioStatsReporter( 2384): httpRequestCount=0
11-20 00:21:41.849 V/LigerRadioStatsReporter( 2384): httpActiveRadioTimeMs=0
11-20 00:21:41.849 V/LigerRadioStatsReporter( 2384): httpTailRadioTimeMs=13995
11-20 00:21:41.849 V/LigerRadioStatsReporter( 2384): reportAndCheckpointRadioStats: Tx=0
11-20 00:21:41.849 V/LigerRadioStatsReporter( 2384): reportAndCheckpointRadioStats: Rx=0
11-20 00:21:41.849 V/LigerRadioStatsReporter( 2384): reportAndCheckpointRadioStats: Uids=10028
11-20 00:21:41.849 V/LigerRadioStatsReporter( 2384): reportAndCheckpointRadioStats: Tags=null
11-20 00:21:41.991 E/QMI_FW  ( 1113): qmi_cci_get_ref: ref count increased 2
11-20 00:21:41.993 E/QMI_FW  ( 1113): qmi_cci_get_ref: ref count increased 2
11-20 00:21:42.004 I/WearableConnectivityManager( 2581): LTE Signal strength is: 1
11-20 00:21:42.004 I/WearableConnectivityManager( 2581): Cellular Signal strength is: 1
11-20 00:21:42.004 D/RadioLinkQualityScoreBuilder( 1975): scoreRsrp: 2scoreRsrq: 2scoreRssnr: 3
11-20 00:21:42.296 D/mcu_health_checker( 1118): Sent MCU Health Request
11-20 00:21:42.297 D/commandrouter( 1117): SocServiceHandle::onServiceMessage, SoC Service = mcu_healthcheck_1118, appType = 1, type = SVC_REQ, clientId = 0, token = 1026, payloadLen = 12, result = 0, payload.size() = 12
11-20 00:21:42.301 D/commandrouter( 1117): mcu_healthcheck_1118 (1, merlot:mcu_health:control): <ServiceResponse> FORWARDED (remote -> local) CR token ID = 1026, service client ID = 40, token ID = 17880, result = 0
11-20 00:21:42.301 D/mcu_health_checker( 1118): MCU Health Response: MCU_OK
11-20 00:21:42.301 D/mcu_health_checker( 1118): MCU Session 0, uptime = 30813695 ms
11-20 00:21:42.301 D/mculinkhealth( 1118): isMcuReachable 1 (5 ms)
11-20 00:21:45.187 E/QMI_FW  ( 1113): qmi_cci_get_ref: ref count increased 2
11-20 00:21:45.188 E/QMI_FW  ( 1113): qmi_cci_get_ref: ref count increased 2
11-20 00:21:45.200 I/WearableConnectivityManager( 2581): LTE Signal strength is: 1
11-20 00:21:45.200 I/WearableConnectivityManager( 2581): Cellular Signal strength is: 1
11-20 00:21:45.201 D/RadioLinkQualityScoreBuilder( 1975): scoreRsrp: 2scoreRsrq: 3scoreRssnr: 4
11-20 00:21:45.235 E/QMI_FW  ( 1113): qmi_cci_get_ref: ref count increased 2
11-20 00:21:45.235 E/QMI_FW  ( 1113): qmi_cci_get_ref: ref count increased 2
11-20 00:21:45.236 E/QMI_FW  ( 1113): qmi_cci_get_ref: ref count increased 2
11-20 00:21:50.376 I/vendor.rmt_storage(  581): rmt_storage_connect_cb: clnt_h=0x3a conn_h=0x93f2d030
11-20 00:21:50.376 I/vendor.rmt_storage(  581): rmt_storage_rw_iovec_cb: /boot/modem_fs1: req_h=0x3a msg_id=3: R/W request received (wr_count 50)
11-20 00:21:50.376 I/vendor.rmt_storage(  581): wakelock acquired: 1, error no: 11
11-20 00:21:50.377 I/vendor.rmt_storage(  581): rmt_storage_client_thread: /boot/modem_fs1: Unblock worker thread (th_id: -1825062464)
11-20 00:21:50.502 I/vendor.rmt_storage(  581): rmt_storage_client_thread: /boot/modem_fs1: req_h=0x3a msg_id=3: Bytes written = 1572864, wr_count 50
11-20 00:21:50.502 I/vendor.rmt_storage(  581): rmt_storage_client_thread: /boot/modem_fs1: req_h=0x3a msg_id=3: Send response: res=0 err=0, wr_count 50
11-20 00:21:50.502 I/vendor.rmt_storage(  581): rmt_storage_client_thread: /boot/modem_fs1: About to block rmt_storage client thread (th_id: -1825062464) wakelock released: 1, error no: 22
11-20 00:21:50.502 I/vendor.rmt_storage(  581): 
11-20 00:21:50.508 I/vendor.rmt_storage(  581): rmt_storage_disconnect_cb: clnt_h=0x3a conn_h=0x93f2d030
11-20 00:21:51.253 D/commandrouter( 1117): rtc_sync (1, rtc:sync): <ServiceRequest> FORWARDED (remote -> local) service client ID = 0, token ID = 35849
11-20 00:21:51.253 D/vendor.facebook.rtc_sync@1.0-service( 1129): Request req_ts=1637367711251906054 resp_ts=1637367711253744904
11-20 00:21:51.254 D/commandrouter( 1117): SocServiceHandle::onServiceMessage, SoC Service = rtc_sync, appType = 1, type = SVC_RESP, clientId = 0, token = 35849, payloadLen = 8, result = 0, payload.size() = 8
11-20 00:21:57.069 D/WifiNative( 1194): Scan trigered from WifiNative
11-20 00:21:57.071 I/chatty  ( 1024): uid=1021(gps) lowi-server expire 200 lines
11-20 00:21:57.072 V/WifiHAL (  539): event received NL80211_CMD_TRIGGER_SCAN
11-20 00:21:57.229 D/WifiNl80211Manager( 1194): Scan result ready event
11-20 00:21:57.229 D/WifiNative( 1194): Scan result ready event
11-20 00:21:57.237 V/WifiHAL (  539): event received NL80211_CMD_NEW_SCAN_RESULTS
11-20 00:21:57.243 I/chatty  ( 1024): uid=1021(gps) lowi-server expire 7 lines
11-20 00:21:57.262 D/WificondScannerImpl( 1194): Filtering out 16 scan results.
11-20 00:21:58.219 D/UIAutomatorStub( 6249): URI: /jsonrpc/0, Method: POST, Header: {content-length=102, remote-addr=127.0.0.1, http-client-ip=127.0.0.1, host=localhost:9010, content-type=application/json, accept-encoding=identity}, params, {NanoHttpd.QUERY_STRING=null}, files: {postData={"jsonrpc": "2.0", "method": "pressKey", "id": "d904c01f37c416fb60e943682b028707", "params": ["back"]}}
11-20 00:21:58.241 D/AutofillManagerService( 1194): onBackKeyPressed()
11-20 00:21:58.276 D/UIAutomatorStub( 6249): URI: /jsonrpc/0, Method: POST, Header: {content-length=102, remote-addr=127.0.0.1, http-client-ip=127.0.0.1, host=localhost:9010, content-type=application/json, accept-encoding=identity}, params, {NanoHttpd.QUERY_STRING=null}, files: {postData={"jsonrpc": "2.0", "method": "pressKey", "id": "65258c7ab89f3b26fc1458b13ad368ac", "params": ["back"]}}
11-20 00:21:58.390 E/QMI_FW  ( 1113): qmi_cci_get_ref: ref count increased 2
11-20 00:21:58.390 E/QMI_FW  ( 1113): qmi_cci_get_ref: ref count increased 2
11-20 00:21:58.391 E/QMI_FW  ( 1113): qmi_cci_get_ref: ref count increased 2
11-20 00:21:58.844 D/UIAutomatorStub( 6249): URI: /jsonrpc/0, Method: POST, Header: {content-length=102, remote-addr=127.0.0.1, http-client-ip=127.0.0.1, host=localhost:9010, content-type=application/json, accept-encoding=identity}, params, {NanoHttpd.QUERY_STRING=null}, files: {postData={"jsonrpc": "2.0", "method": "pressKey", "id": "128f8cd5a812b4460be32dee91912fdf", "params": ["back"]}}
11-20 00:21:59.317 D/ActivityTrigger( 1194): ActivityTrigger activityPauseTrigger 
11-20 00:21:59.338 E/ANDR-PERF-JNI( 1194): UXEngine Trigger - Returning null
11-20 00:21:59.356 D/ComplicationController( 2581): Starting complication controller. Face Type: OdysseyWatchFace
11-20 00:21:59.357 D/ComplicationDataManagerImpl( 2581): Updating complication data for package: com.facebook.wearable.apps.heart, id: com.facebook.wearable.apps.heart.HEART_RATE
11-20 00:21:59.357 D/ComplicationDataManagerImpl( 2581): Updating complication data for package: com.facebook.wearable.apps.clock, id: com.facebook.wearable.apps.clock.SHORTCUT_COMPLICATION
11-20 00:21:59.357 D/ComplicationDataManagerImpl( 2581): Updating complication data for package: com.facebook.wearable.apps.weather, id: com.facebook.wearable.apps.weather.SHORTCUT_COMPLICATION
11-20 00:21:59.357 D/ComplicationDataManagerImpl( 2581): Updating complication data for package: com.facebook.wearable.apps.workout, id: com.facebook.wearable.apps.workout.SHORTCUT_COMPLICATION
11-20 00:21:59.357 D/ComplicationDataManagerImpl( 2581): Updating complication data for package: com.facebook.wearable.apps.calendar, id: com.facebook.wearable.apps.calendar.SHORTCUT_COMPLICATION
11-20 00:21:59.357 D/ComplicationDataManagerImpl( 2581): Updating complication data for package: com.facebook.wearable.apps.gallery, id: com.facebook.wearable.apps.gallery.SHORTCUT_COMPLICATION
11-20 00:21:59.357 D/ComplicationDataManagerImpl( 2581): Updating complication data for package: com.facebook.wearable.apps.player, id: com.facebook.wearable.apps.player.SHORTCUT_COMPLICATION
11-20 00:21:59.362 E/DayDateSystemComplicationProvider( 2581): Updating Day Date System Complication
11-20 00:21:59.362 D/ComplicationDataManagerImpl( 2581): Updating complication data for package: com.facebook.wearable.apps.calendar, id: com.facebook.wearable.apps.calendar.DAY_DATE_COMPLICATION
11-20 00:21:59.368 D/ComplicationDataManagerImpl( 2581): Fetching complication data for package: com.facebook.wearable.apps.calendar, com.facebook.wearable.apps.calendar.DAY_DATE_COMPLICATION.
11-20 00:21:59.369 D/ComplicationDataManagerImpl( 2581): Fetching complication data for package: com.facebook.wearable.apps.player, com.facebook.wearable.apps.player.SHORTCUT_COMPLICATION.
11-20 00:21:59.370 D/ComplicationDataManagerImpl( 2581): Fetching complication data for package: com.facebook.wearable.apps.gallery, com.facebook.wearable.apps.gallery.SHORTCUT_COMPLICATION.
11-20 00:21:59.370 D/ComplicationDataManagerImpl( 2581): Fetching complication data for package: com.facebook.wearable.apps.heart, com.facebook.wearable.apps.heart.HEART_RATE.
11-20 00:21:59.381 D/LauncherActivity( 2581): onResume: Intent { cat=[android.intent.category.DEFAULT] flg=0x10020000 cmp=com.facebook.wearable.system.launcher/.LauncherActivity }
11-20 00:21:59.382 D/LauncherIntentProcessor( 2581): processLauncherActivityIntent: Intent { cat=[android.intent.category.DEFAULT] flg=0x10020000 cmp=com.facebook.wearable.system.launcher/.LauncherActivity }
11-20 00:21:59.404 D/FacebookRepository( 2581): Reading from Store [250223709649332]
11-20 00:21:59.432 D/CompatibilityInfo( 1194): mCompatibilityFlags - 4
11-20 00:21:59.432 D/CompatibilityInfo( 1194): applicationDensity - 320
11-20 00:21:59.432 D/CompatibilityInfo( 1194): applicationScale - 1.0
11-20 00:21:59.439 D/CompatibilityInfo( 1194): mCompatibilityFlags - 4
11-20 00:21:59.439 D/CompatibilityInfo( 1194): applicationDensity - 320
11-20 00:21:59.439 D/CompatibilityInfo( 1194): applicationScale - 1.0
11-20 00:21:59.692 D/CompatibilityInfo( 1194): mCompatibilityFlags - 4
11-20 00:21:59.692 D/CompatibilityInfo( 1194): applicationDensity - 320
11-20 00:21:59.692 D/CompatibilityInfo( 1194): applicationScale - 1.0
11-20 00:21:59.703 D/CompatibilityInfo( 1194): mCompatibilityFlags - 4
11-20 00:21:59.704 D/CompatibilityInfo( 1194): applicationDensity - 320
11-20 00:21:59.704 D/CompatibilityInfo( 1194): applicationScale - 1.0
11-20 00:21:59.755 D/UIAutomatorStub( 6249): URI: /jsonrpc/0, Method: POST, Header: {content-length=102, remote-addr=127.0.0.1, http-client-ip=127.0.0.1, host=localhost:9010, content-type=application/json, accept-encoding=identity}, params, {NanoHttpd.QUERY_STRING=null}, files: {postData={"jsonrpc": "2.0", "method": "pressKey", "id": "7c5d430a1ff68da81207dc401ddea988", "params": ["back"]}}
11-20 00:21:59.931 E/ANDR-PERF-OPTSHANDLER(  557): perf_lock_rel: failed for /sys/class/kgsl/kgsl-3d0/min_pwrlevel as previous value is not stored
11-20 00:21:59.932 E/ANDR-PERF-RESOURCEQS(  557): Failed to reset optimization [3, 0]
11-20 00:22:00.002 D/KeyguardUpdateMonitor( 1753): received broadcast android.intent.action.TIME_TICK
11-20 00:22:00.002 D/KeyguardUpdateMonitor( 1753): handleTimeUpdate
11-20 00:22:00.003 D/KeyguardUpdateMonitor( 1753): received broadcast android.intent.action.TIME_TICK
11-20 00:22:00.003 D/KeyguardUpdateMonitor( 1753): handleTimeUpdate
11-20 00:22:00.720 D/LauncherActivity( 2581): onKeyUp() called with keycode:4, event: KeyEvent { action=ACTION_UP, keyCode=KEYCODE_BACK, scanCode=0, metaState=0, flags=0x200, repeatCount=0, eventTime=30866963, downTime=30866963, deviceId=-1, source=0x101, displayId=-1 }
11-20 00:21:59.300 I/chatty  ( 1194): uid=1000(system) android.ui identical 2 lines
11-20 00:22:00.719 D/AutofillManagerService( 1194): onBackKeyPressed()
11-20 00:22:01.159 W/ActivityManager( 1194): Invalid packageName: com.facebook.wearable.system.settings/com.facebook.wearable.system.settings.SettingsActivity
11-20 00:22:01.253 D/commandrouter( 1117): rtc_sync (1, rtc:sync): <ServiceRequest> FORWARDED (remote -> local) service client ID = 0, token ID = 35850
11-20 00:22:01.254 D/vendor.facebook.rtc_sync@1.0-service( 1129): Request req_ts=1637367721247744904 resp_ts=1637367721254150109
11-20 00:22:01.254 D/commandrouter( 1117): SocServiceHandle::onServiceMessage, SoC Service = rtc_sync, appType = 1, type = SVC_RESP, clientId = 0, token = 35850, payloadLen = 8, result = 0, payload.size() = 8
11-20 00:22:01.297 I/ActivityTaskManager( 1194): START u0 {flg=0x10000000 cmp=com.facebook.wearable.system.settings/.SettingsActivity} from uid 0
11-20 00:22:01.309 D/CompatibilityInfo( 1194): mCompatibilityFlags - 4
11-20 00:22:01.309 D/CompatibilityInfo( 1194): applicationDensity - 320
11-20 00:22:01.309 D/CompatibilityInfo( 1194): applicationScale - 1.0
11-20 00:22:01.311 D/ActivityTrigger( 1194): ActivityTrigger activityPauseTrigger 
11-20 00:22:01.315 I/ActivityTaskManager( 1194): The Process com.facebook.wearable.system.settings Already Exists in BG. So sending its PID: 3038
11-20 00:22:01.316 W/ActivityTaskManager( 1194): Tried to set launchTime (0) < mLastActivityLaunchTime (30836558)
11-20 00:22:01.318 D/CompatibilityInfo( 1194): mCompatibilityFlags - 4
11-20 00:22:01.318 D/CompatibilityInfo( 1194): applicationDensity - 320
11-20 00:22:01.318 D/CompatibilityInfo( 1194): applicationScale - 1.0
11-20 00:22:01.333 I/cmd     (20361): oneway function results will be dropped but finished with status OK and parcel size 4
11-20 00:22:01.354 D/LauncherActivity( 2581): onPause
11-20 00:22:01.385 D/CompatibilityInfo( 1194): mCompatibilityFlags - 4
11-20 00:22:01.385 D/CompatibilityInfo( 1194): applicationDensity - 320
11-20 00:22:01.385 D/CompatibilityInfo( 1194): applicationScale - 1.0
11-20 00:22:01.389 D/FacebookProvider(31424): Starting SSO Network Fetch for 263529928325379
11-20 00:22:01.389 I/AccountsContentProvider(31424): No Primary Account. Accounts Error [content://com.facebook.wearable.system.accounts.AccountsContentProvider/facebook/263529928325379]
11-20 00:22:01.390 E/DatabaseUtils(31424): Writing exception to parcel
11-20 00:22:01.390 E/DatabaseUtils(31424): java.lang.IllegalStateException: No Primary Account
11-20 00:22:01.390 E/DatabaseUtils(31424): 	at com.facebook.secure.content.AbstractContentProvider.doQuery(:284)
11-20 00:22:01.390 E/DatabaseUtils(31424): 	at com.facebook.secure.content.AbstractContentProvider.query(:8)
11-20 00:22:01.390 E/DatabaseUtils(31424): 	at android.content.ContentProvider.query(ContentProvider.java:1474)
11-20 00:22:01.390 E/DatabaseUtils(31424): 	at android.content.ContentProvider$Transport.query(ContentProvider.java:278)
11-20 00:22:01.390 E/DatabaseUtils(31424): 	at android.content.ContentProviderNative.onTransact(ContentProviderNative.java:106)
11-20 00:22:01.390 E/DatabaseUtils(31424): 	at android.os.Binder.execTransactInternal(Binder.java:1154)
11-20 00:22:01.390 E/DatabaseUtils(31424): 	at android.os.Binder.execTransact(Binder.java:1123)
11-20 00:22:01.391 E/AccountsViewModel( 3038): AccountsViewModel.flow failed: No Primary Account
11-20 00:22:01.391 E/AccountsViewModel( 3038): java.lang.IllegalStateException: No Primary Account
11-20 00:22:01.391 E/AccountsViewModel( 3038): 	at android.os.Parcel.createExceptionOrNull(Parcel.java:2381)
11-20 00:22:01.391 E/AccountsViewModel( 3038): 	at android.os.Parcel.createException(Parcel.java:2357)
11-20 00:22:01.391 E/AccountsViewModel( 3038): 	at android.os.Parcel.readException(Parcel.java:2340)
11-20 00:22:01.391 E/AccountsViewModel( 3038): 	at android.database.DatabaseUtils.readExceptionFromParcel(DatabaseUtils.java:190)
11-20 00:22:01.391 E/AccountsViewModel( 3038): 	at android.database.DatabaseUtils.readExceptionFromParcel(DatabaseUtils.java:142)
11-20 00:22:01.391 E/AccountsViewModel( 3038): 	at android.content.ContentProviderProxy.query(ContentProviderNative.java:472)
11-20 00:22:01.391 E/AccountsViewModel( 3038): 	at android.content.ContentResolver.query(ContentResolver.java:1185)
11-20 00:22:01.391 E/AccountsViewModel( 3038): 	at android.content.ContentResolver.query(ContentResolver.java:1116)
11-20 00:22:01.391 E/AccountsViewModel( 3038): 	at com.facebook.wearable.common.accounts.contract.WearableAccountsContractRequest.query(:51)
11-20 00:22:01.391 E/AccountsViewModel( 3038): 	at kotlin.coroutines.jvm.internal.BaseContinuationImpl.invokeSuspend(:95489)
11-20 00:22:01.391 E/AccountsViewModel( 3038): 	at com.facebook.wearable.common.accounts.WearableAccountsKt$fb$1.invoke(:9)
11-20 00:22:01.391 E/AccountsViewModel( 3038): 	at com.facebook.wearable.common.coroutines.lazy.LazyAsync.get(:101)
11-20 00:22:01.391 E/AccountsViewModel( 3038): 	at kotlin.coroutines.jvm.internal.BaseContinuationImpl.invokeSuspend(:96596)
11-20 00:22:01.391 E/AccountsViewModel( 3038): 	at com.facebook.wearable.system.settings.accounts.AccountsViewModel$wearableAccountFlow$1.invoke(:11)
11-20 00:22:01.391 E/AccountsViewModel( 3038): 	at kotlinx.coroutines.flow.AbstractFlow.collect$rvp0$0(:72)
11-20 00:22:01.391 E/AccountsViewModel( 3038): 	at kotlin.coroutines.jvm.internal.BaseContinuationImpl.invokeSuspend(:95417)
11-20 00:22:01.391 E/AccountsViewModel( 3038): 	at kotlinx.coroutines.flow.FlowKt__ShareKt$launchSharing$1$2.invoke(Unknown Source:10)
11-20 00:22:01.391 E/AccountsViewModel( 3038): 	at kotlin.coroutines.jvm.internal.BaseContinuationImpl.invokeSuspend(:96715)
11-20 00:22:01.391 E/AccountsViewModel( 3038): 	at kotlinx.coroutines.flow.FlowKt__MergeKt$mapLatest$1.invoke(Unknown Source:15)
11-20 00:22:01.391 E/AccountsViewModel( 3038): 	at kotlin.coroutines.jvm.internal.BaseContinuationImpl.invokeSuspend(:96820)
11-20 00:22:01.391 E/AccountsViewModel( 3038): 	at kotlinx.coroutines.flow.internal.ChannelFlowTransformLatest$flowCollect$3$1$2.invoke(Unknown Source:10)
11-20 00:22:01.391 E/AccountsViewModel( 3038): 	at kotlinx.coroutines.CoroutineStart.invoke(:32)
11-20 00:22:01.391 E/AccountsViewModel( 3038): 	at kotlinx.coroutines.BuildersKt__Builders_commonKt.launch(:15)
11-20 00:22:01.391 E/AccountsViewModel( 3038): 	at kotlinx.coroutines.flow.internal.ChannelFlowTransformLatest$flowCollect$3$invokeSuspend$$inlined$collect$1.emit(:56)
11-20 00:22:01.391 E/AccountsViewModel( 3038): 	at kotlinx.coroutines.flow.DistinctFlowImpl$collect$$inlined$collect$1.emit(:74)
11-20 00:22:01.391 E/AccountsViewModel( 3038): 	at kotlinx.coroutines.flow.FlowKt__LimitKt$dropWhile$lambda-4$$inlined$collect$1.emit(:114)
11-20 00:22:01.391 E/AccountsViewModel( 3038): 	at kotlinx.coroutines.flow.FlowKt__ChannelsKt.emitAllImpl$FlowKt__ChannelsKt(:123)
11-20 00:22:01.391 E/AccountsViewModel( 3038): 	at kotlin.coroutines.jvm.internal.BaseContinuationImpl.invokeSuspend(:96917)
11-20 00:22:01.391 E/AccountsViewModel( 3038): 	at kotlin.coroutines.jvm.internal.BaseContinuationImpl.resumeWith(:5)
11-20 00:22:01.391 E/AccountsViewModel( 3038): 	at kotlinx.coroutines.DispatchedTask.run(:131)
11-20 00:22:01.391 E/AccountsViewModel( 3038): 	at java.util.concurrent.Executors$RunnableAdapter.call(Executors.java:462)
11-20 00:22:01.391 E/AccountsViewModel( 3038): 	at java.util.concurrent.FutureTask.run(FutureTask.java:266)
11-20 00:22:01.391 E/AccountsViewModel( 3038): 	at com.facebook.wearable.common.executors.DelayedFutureTask.run(:22)
11-20 00:22:01.391 E/AccountsViewModel( 3038): 	at java.util.concurrent.ThreadPoolExecutor.runWorker(ThreadPoolExecutor.java:1167)
11-20 00:22:01.391 E/AccountsViewModel( 3038): 	at java.util.concurrent.ThreadPoolExecutor$Worker.run(ThreadPoolExecutor.java:641)
11-20 00:22:01.391 E/AccountsViewModel( 3038): 	at com.facebook.wearable.common.executors.NamedThreadFactory$1.run(:7)
11-20 00:22:01.424 E/StatusBarClientConnection( 3038): Service connected
11-20 00:22:01.467 W/View    ( 3038): requestLayout() improperly called by android.view.View{1bed277 V.ED..... ......I. 0,368-474,474} during layout: running second layout pass
11-20 00:22:01.484 W/View    ( 3038): requestLayout() improperly called by com.facebook.wearable.common.wds.listview.WdsListView{104275a V.E..V... ........ 0,0-474,474} during second layout pass: posting in next frame
11-20 00:22:01.801 D/CompatibilityInfo( 1194): mCompatibilityFlags - 4
11-20 00:22:01.801 D/CompatibilityInfo( 1194): applicationDensity - 320
11-20 00:22:01.801 D/CompatibilityInfo( 1194): applicationScale - 1.0
11-20 00:22:01.819 D/ComplicationController( 2581): Stopping complication controller.
11-20 00:22:01.827 D/ComplicationDataManagerImpl( 2581): Fetching complication data for package: com.facebook.wearable.apps.calendar, com.facebook.wearable.apps.calendar.DAY_DATE_COMPLICATION.
11-20 00:22:01.827 D/ComplicationDataManagerImpl( 2581): Fetching complication data for package: com.facebook.wearable.apps.player, com.facebook.wearable.apps.player.SHORTCUT_COMPLICATION.
11-20 00:22:01.827 D/ComplicationDataManagerImpl( 2581): Fetching complication data for package: com.facebook.wearable.apps.gallery, com.facebook.wearable.apps.gallery.SHORTCUT_COMPLICATION.
11-20 00:22:01.827 D/ComplicationDataManagerImpl( 2581): Fetching complication data for package: com.facebook.wearable.apps.heart, com.facebook.wearable.apps.heart.HEART_RATE.
11-20 00:22:01.830 D/CompatibilityInfo( 1194): mCompatibilityFlags - 4
11-20 00:22:01.831 D/CompatibilityInfo( 1194): applicationDensity - 320
11-20 00:22:01.831 D/CompatibilityInfo( 1194): applicationScale - 1.0
11-20 00:22:02.395 D/UIAutomatorStub( 6249): URI: /jsonrpc/0, Method: POST, Header: {content-length=192, remote-addr=127.0.0.1, http-client-ip=127.0.0.1, host=localhost:9010, content-type=application/json, accept-encoding=identity}, params, {NanoHttpd.QUERY_STRING=null}, files: {postData={"jsonrpc": "2.0", "method": "waitForExists", "id": "da3758941ffec18f339c479113316fb3", "params": [{"mask": 1, "childOrSibling": [], "childOrSiblingSelector": [], "text": "Notifications"}, 5]}}
11-20 00:22:02.420 D/UIAutomatorStub( 6249): URI: /jsonrpc/0, Method: POST, Header: {content-length=191, remote-addr=127.0.0.1, http-client-ip=127.0.0.1, host=localhost:9010, content-type=application/json, accept-encoding=identity}, params, {NanoHttpd.QUERY_STRING=null}, files: {postData={"jsonrpc": "2.0", "method": "waitForExists", "id": "820558f93389321439312e90e8620b26", "params": [{"mask": 1, "childOrSibling": [], "childOrSiblingSelector": [], "text": "Connectivity"}, 5]}}
11-20 00:22:02.476 D/UIAutomatorStub( 6249): URI: /jsonrpc/0, Method: POST, Header: {content-length=180, remote-addr=127.0.0.1, http-client-ip=127.0.0.1, host=localhost:9010, content-type=application/json, accept-encoding=identity}, params, {NanoHttpd.QUERY_STRING=null}, files: {postData={"jsonrpc": "2.0", "method": "click", "id": "d1fc9a5f2f4806fcaad819808fc4c72a", "params": [{"mask": 1, "childOrSibling": [], "childOrSiblingSelector": [], "text": "Connectivity"}]}}
11-20 00:22:02.519 E/ANDR-PERF-OPTSHANDLER(  557): Unable to find the correct node storage pointers for                   resource index=16, node path=/proc/sys/kernel/sched_upmigrate
11-20 00:22:02.519 E/ANDR-PERF-RESOURCEQS(  557): Failed to reset optimization [3, 7]
11-20 00:22:02.519 E/ANDR-PERF-OPTSHANDLER(  557): Unable to find the correct node storage pointers for                   resource index=17, node path=/proc/sys/kernel/sched_downmigrate
11-20 00:22:02.519 E/ANDR-PERF-RESOURCEQS(  557): Failed to reset optimization [3, 8]
11-20 00:22:02.519 E/ANDR-PERF-OPTSHANDLER(  557): Perflock resource /sys/module/lpm_levels/parameters/bias_hyst not supported
11-20 00:22:02.519 E/ANDR-PERF-RESOURCEQS(  557): Failed to reset optimization [1, 2]
11-20 00:22:02.519 E/ANDR-PERF-OPTSHANDLER(  557): Perflock resource /proc/sys/kernel/sched_group_upmigrate not supported
11-20 00:22:02.519 E/ANDR-PERF-RESOURCEQS(  557): Failed to reset optimization [3, 21]
11-20 00:22:02.519 E/ANDR-PERF-OPTSHANDLER(  557): Perflock resource /proc/sys/kernel/sched_group_downmigrate not supported
11-20 00:22:02.519 E/ANDR-PERF-RESOURCEQS(  557): Failed to reset optimization [3, 22]
11-20 00:22:02.557 W/StatusBarClientConnection( 3038): Messenger is null, ignoring message: { when=-8h34m28s821ms barrier=1 }
11-20 00:22:02.586 E/StatusBarClientConnection( 3038): Service connected
11-20 00:22:02.613 W/View    ( 3038): requestLayout() improperly called by android.view.View{dbf84c5 V.ED..... ......I. 0,368-474,474} during layout: running second layout pass
11-20 00:22:02.630 W/View    ( 3038): requestLayout() improperly called by com.facebook.wearable.common.wds.listview.WdsListView{aee2ee3 V.E..V... ........ 0,0-474,474} during second layout pass: posting in next frame
11-20 00:22:03.306 E/ANDR-PERF-OPTSHANDLER(  557): perf_lock_rel: failed for /proc/sys/vm/swap_ratio as previous value is not stored
11-20 00:22:03.306 E/ANDR-PERF-OPTSHANDLER(  557): perf_lock_rel: failed for /sys/class/kgsl/kgsl-3d0/min_pwrlevel as previous value is not stored
11-20 00:22:03.308 E/ANDR-PERF-RESOURCEQS(  557): Failed to reset optimization [3, 0]
11-20 00:22:03.859 E/TaskPersister( 1194): File error accessing recents directory (directory doesn't exist?).
11-20 00:22:04.233 W/HWComposer(  577): Ignoring duplicate VSYNC event from HWC for display 0 (t=30870496153796)
11-20 00:22:04.249 W/HWComposer(  577): Ignoring duplicate VSYNC event from HWC for display 0 (t=30870513043848)
11-20 00:22:04.771 E/QMI_FW  ( 1113): qmi_cci_get_ref: ref count increased 2
11-20 00:22:04.772 E/QMI_FW  ( 1113): qmi_cci_get_ref: ref count increased 2
11-20 00:22:04.772 E/QMI_FW  ( 1113): qmi_cci_get_ref: ref count increased 2
11-20 00:22:05.611 D/UIAutomatorStub( 6249): URI: /jsonrpc/0, Method: POST, Header: {content-length=183, remote-addr=127.0.0.1, http-client-ip=127.0.0.1, host=localhost:9010, content-type=application/json, accept-encoding=identity}, params, {NanoHttpd.QUERY_STRING=null}, files: {postData={"jsonrpc": "2.0", "method": "waitForExists", "id": "585316b8a5043335f8da6f61a96e7298", "params": [{"mask": 1, "childOrSibling": [], "childOrSiblingSelector": [], "text": "WiFi"}, 5]}}
11-20 00:22:05.640 D/UIAutomatorStub( 6249): URI: /jsonrpc/0, Method: POST, Header: {content-length=172, remote-addr=127.0.0.1, http-client-ip=127.0.0.1, host=localhost:9010, content-type=application/json, accept-encoding=identity}, params, {NanoHttpd.QUERY_STRING=null}, files: {postData={"jsonrpc": "2.0", "method": "click", "id": "f724b1548d286a0e2304de61c2c5527b", "params": [{"mask": 1, "childOrSibling": [], "childOrSiblingSelector": [], "text": "WiFi"}]}}
11-20 00:22:05.717 W/StatusBarClientConnection( 3038): Messenger is null, ignoring message: { when=-8h34m31s980ms barrier=1 }
11-20 00:22:05.718 W/HWComposer(  577): Ignoring duplicate VSYNC event from HWC for display 0 (t=30871981444733)
11-20 00:22:05.741 D/CompatibilityInfo( 1194): mCompatibilityFlags - 4
11-20 00:22:05.741 D/CompatibilityInfo( 1194): applicationDensity - 320
11-20 00:22:05.741 D/CompatibilityInfo( 1194): applicationScale - 1.0
11-20 00:22:05.750 E/StatusBarClientConnection( 3038): Service connected
11-20 00:22:05.751 D/WifiConnector( 2841): Network State Changed
11-20 00:22:05.761 W/View    ( 3038): requestLayout() improperly called by android.view.View{a352bad V.ED..... ......I. 0,368-474,474} during layout: running second layout pass
11-20 00:22:05.770 D/WifiSharingService( 2841): Starting Wi-Fi scan
11-20 00:22:05.771 I/WifiService( 1194): startScan uid=1000
11-20 00:22:05.777 W/View    ( 3038): requestLayout() improperly called by com.facebook.wearable.common.wds.listview.WdsListView{7cec0b8 V.E..V... ........ 0,0-474,474} during second layout pass: posting in next frame
11-20 00:22:05.783 D/WifiNative( 1194): Scan trigered from WifiNative
11-20 00:22:05.784 I/chatty  ( 1024): uid=1021(gps) lowi-server expire 73 lines
11-20 00:22:05.784 V/WifiHAL (  539): event received NL80211_CMD_TRIGGER_SCAN
11-20 00:22:06.331 V/WifiHAL (  539): event received NL80211_CMD_NEW_SCAN_RESULTS
11-20 00:22:06.331 D/WifiNl80211Manager( 1194): Scan result ready event
11-20 00:22:06.331 D/WifiNative( 1194): Scan result ready event
11-20 00:22:06.336 D/LOWI-9.0.0.80( 1024): [LOWI-Scan] BSS ce:dc:12:3b:87:fd LOWI_PHY_MODE_11AC_VHT20_2G(11), Beacon Interval: 100, LOWI_ENCRYPTION_TYPE_WPA_PSK 11mcRanging: No, ANQP: Yes, LCI: No, Civic: No, capability(0x1431): ESS Privacy ShortPreamble ShortSlotTime
11-20 00:22:06.338 D/LOWI-9.0.0.80( 1024): [LOWI-Scan] BSS ce:dc:12:3b:87:fd FREQ: 2437, cFreq1[40:80:160] = [0:0:0] cFreq2 = 0 Country Code =    
11-20 00:22:06.338 D/LOWI-9.0.0.80( 1024): [LOWI-Scan] BSS ce:dc:12:3b:87:fd (wlan0) ASSO: NO AddInfo: 0x0, TSF 0, 08:34:32.593, RSSI: -106, CPL: 127, AGE: 0,  SSID Pixel5_R1, TSFDelta: 0x0, TXRate: 0
11-20 00:22:06.339 D/LOWI-9.0.0.80( 1024): [LOWI-Scan] 
11-20 00:22:06.339 D/LOWI-9.0.0.80( 1024): [LOWI-Scan] print_bss_handler: Report Probe TSF 30872594035 as it greater than Beacon TSF 30706763423
11-20 00:22:06.339 I/LOWI-9.0.0.80( 1024): [LOWI-Scan] RSN_IE
11-20 00:22:06.339 D/LOWI-9.0.0.80( 1024): [LOWI-Scan] decode_rsn_wpa_ie: Entered
11-20 00:22:06.339 D/LOWI-9.0.0.80( 1024): [LOWIUtils] hexDump: msg(30 14 01 00 00 0f ac 04 01 00 00 0f ac 04 01 00 00 0f ac 02 )
11-20 00:22:06.339 D/LOWI-9.0.0.80( 1024): [LOWI-Scan] decode_rsn_wpa_ie: LOWI_ENCRYPTION_TYPE_WPA_PSK
11-20 00:22:06.339 D/LOWI-9.0.0.80( 1024): [LOWI-Scan] is_qcom_ie, bss_age: 25
11-20 00:22:06.339 D/LOWI-9.0.0.80( 1024): [LOWI-Scan] BSS 2c:57:41:89:63:c1 LOWI_PHY_MODE_11NG_HT20(5), Beacon Interval: 100, LOWI_ENCRYPTION_TYPE_WPA_PSK 11mcRanging: No, ANQP: No, LCI: No, Civic: No, capability(0x1411): ESS Privacy ShortSlotTime
11-20 00:22:06.339 D/LOWI-9.0.0.80( 1024): [LOWI-Scan] BSS 2c:57:41:89:63:c1 FREQ: 2437, cFreq1[40:80:160] = [0:0:0] cFreq2 = 0 Country Code = US
11-20 00:22:06.340 D/LOWI-9.0.0.80( 1024): [LOWI-Scan] BSS 2c:57:41:89:63:c1 (wlan0) ASSO: NO AddInfo: 0x0, TSF 0, 08:34:32.594, RSSI: -160, CPL: 2, AGE: 0,  SSID kittyhawk, TSFDelta: 0x0, TXRate: 0
11-20 00:22:06.340 D/LOWI-9.0.0.80( 1024): [LOWI-Scan] 
11-20 00:22:06.340 D/LOWI-9.0.0.80( 1024): [LOWI-Scan] print_bss_handler: Report Probe TSF 30872593863 as it greater than Beacon TSF 30822551843
11-20 00:22:06.340 I/LOWI-9.0.0.80( 1024): [LOWI-Scan] RSN_IE
11-20 00:22:06.340 D/LOWI-9.0.0.80( 1024): [LOWI-Scan] decode_rsn_wpa_ie: Entered
11-20 00:22:06.340 D/LOWI-9.0.0.80( 1024): [LOWIUtils] hexDump: msg(30 14 01 00 00 0f ac 04 01 00 00 0f ac 04 01 00 00 0f ac 02 )
11-20 00:22:06.340 D/LOWI-9.0.0.80( 1024): [LOWI-Scan] decode_rsn_wpa_ie: LOWI_ENCRYPTION_TYPE_WPA_PSK
11-20 00:22:06.340 D/LOWI-9.0.0.80( 1024): [LOWI-Scan] is_qcom_ie, bss_age: 14
11-20 00:22:06.340 D/LOWI-9.0.0.80( 1024): [LOWI-Scan] BSS fe:2d:5a:49:61:eb LOWI_PHY_MODE_11AC_VHT20_2G(11), Beacon Interval: 100, LOWI_ENCRYPTION_TYPE_WPA_PSK 11mcRanging: No, ANQP: Yes, LCI: No, Civic: No, capability(0x1431): ESS Privacy ShortPreamble ShortSlotTime
11-20 00:22:06.340 D/LOWI-9.0.0.80( 1024): [LOWI-Scan] BSS fe:2d:5a:49:61:eb FREQ: 2452, cFreq1[40:80:160] = [0:0:0] cFreq2 = 0 Country Code =    
11-20 00:22:06.341 D/LOWI-9.0.0.80( 1024): [LOWI-Scan] BSS fe:2d:5a:49:61:eb (wlan0) ASSO: NO AddInfo: 0x0, TSF 0, 08:34:32.593, RSSI: -112, CPL: 127, AGE: 0,  SSID Pixel_R2, TSFDelta: 0x0, TXRate: 0
11-20 00:22:06.341 D/LOWI-9.0.0.80( 1024): [LOWI-Scan] 
11-20 00:22:06.341 D/LOWI-9.0.0.80( 1024): [LOWI-Scan] print_bss_handler: Report Probe TSF 30872593794 as it greater than Beacon TSF 30606306271
11-20 00:22:06.341 I/LOWI-9.0.0.80( 1024): [LOWI-Scan] RSN_IE
11-20 00:22:06.341 D/LOWI-9.0.0.80( 1024): [LOWI-Scan] decode_rsn_wpa_ie: Entered
11-20 00:22:06.341 D/LOWI-9.0.0.80( 1024): [LOWIUtils] hexDump: msg(30 14 01 00 00 0f ac 04 01 00 00 0f ac 04 01 00 00 0f ac 02 )
11-20 00:22:06.341 D/LOWI-9.0.0.80( 1024): [LOWI-Scan] decode_rsn_wpa_ie: LOWI_ENCRYPTION_TYPE_WPA_PSK
11-20 00:22:06.341 D/LOWI-9.0.0.80( 1024): [LOWI-Scan] is_qcom_ie, bss_age: 47
11-20 00:22:06.342 D/LOWI-9.0.0.80( 1024): [LOWI-Scan] BSS 12:d7:96:61:85:9f LOWI_PHY_MODE_11AC_VHT20_2G(11), Beacon Interval: 100, LOWI_ENCRYPTION_TYPE_WPA_PSK 11mcRanging: No, ANQP: Yes, LCI: No, Civic: No, capability(0x1431): ESS Privacy ShortPreamble ShortSlotTime
11-20 00:22:06.342 D/LOWI-9.0.0.80( 1024): [LOWI-Scan] BSS 12:d7:96:61:85:9f FREQ: 2412, cFreq1[40:80:160] = [0:0:0] cFreq2 = 0 Country Code =    
11-20 00:22:06.342 D/LOWI-9.0.0.80( 1024): [LOWI-Scan] BSS 12:d7:96:61:85:9f (wlan0) ASSO: NO AddInfo: 0x0, TSF 0, 08:34:32.593, RSSI: -110, CPL: 127, AGE: 0,  SSID Pixel_R5, TSFDelta: 0x0, TXRate: 0
11-20 00:22:06.343 D/LOWI-9.0.0.80( 1024): [LOWI-Scan] 
11-20 00:22:06.343 D/LOWI-9.0.0.80( 1024): [LOWI-Scan] print_bss_handler: Report Probe TSF 30872593880 as it greater than Beacon TSF 30822551864
11-20 00:22:06.343 I/LOWI-9.0.0.80( 1024): [LOWI-Scan] RSN_IE
11-20 00:22:06.343 D/LOWI-9.0.0.80( 1024): [LOWI-Scan] decode_rsn_wpa_ie: Entered
11-20 00:22:06.343 D/LOWI-9.0.0.80( 1024): [LOWIUtils] hexDump: msg(30 14 01 00 00 0f ac 04 01 00 00 0f ac 04 01 00 00 0f ac 02 )
11-20 00:22:06.343 D/LOWI-9.0.0.80( 1024): [LOWI-Scan] decode_rsn_wpa_ie: LOWI_ENCRYPTION_TYPE_WPA_PSK
11-20 00:22:06.343 D/LOWI-9.0.0.80( 1024): [LOWI-Scan] is_qcom_ie, bss_age: 47
11-20 00:22:06.343 D/LOWI-9.0.0.80( 1024): [LOWI-Scan] BSS be:9e:0e:1c:6e:7f LOWI_PHY_MODE_11AC_VHT20_2G(11), Beacon Interval: 100, LOWI_ENCRYPTION_TYPE_WPA_PSK 11mcRanging: No, ANQP: No, LCI: No, Civic: No, capability(0x1431): ESS Privacy ShortPreamble ShortSlotTime
11-20 00:22:06.343 D/LOWI-9.0.0.80( 1024): [LOWI-Scan] BSS be:9e:0e:1c:6e:7f FREQ: 2412, cFreq1[40:80:160] = [0:0:0] cFreq2 = 0 Country Code =    
11-20 00:22:06.343 D/LOWI-9.0.0.80( 1024): [LOWI-Scan] BSS be:9e:0e:1c:6e:7f (wlan0) ASSO: NO AddInfo: 0x0, TSF 0, 08:34:32.593, RSSI: -124, CPL: 127, AGE: 0,  SSID Pixel_3541, TSFDelta: 0x0, TXRate: 0
11-20 00:22:06.344 D/LOWI-9.0.0.80( 1024): [LOWI-Scan] 
11-20 00:22:06.344 D/LOWI-9.0.0.80( 1024): [LOWI-Scan] print_bss_handler: Report Probe TSF 30872593934 as it greater than Beacon TSF 30466813977
11-20 00:22:06.344 I/LOWI-9.0.0.80( 1024): [LOWI-Scan] RSN_IE
11-20 00:22:06.344 D/LOWI-9.0.0.80( 1024): [LOWI-Scan] decode_rsn_wpa_ie: Entered
11-20 00:22:06.345 D/LOWI-9.0.0.80( 1024): [LOWIUtils] hexDump: msg(30 14 01 00 00 0f ac 04 01 00 00 0f ac 04 01 00 00 0f ac 02 )
11-20 00:22:06.345 D/LOWI-9.0.0.80( 1024): [LOWI-Scan] decode_rsn_wpa_ie: LOWI_ENCRYPTION_TYPE_WPA_PSK
11-20 00:22:06.345 D/LOWI-9.0.0.80( 1024): [LOWI-Scan] is_qcom_ie, bss_age: 47
11-20 00:22:06.345 D/LOWI-9.0.0.80( 1024): [LOWI-Scan] BSS 2c:57:41:86:8a:a1 LOWI_PHY_MODE_11NG_HT20(5), Beacon Interval: 100, LOWI_ENCRYPTION_TYPE_WPA_PSK 11mcRanging: No, ANQP: No, LCI: No, Civic: No, capability(0x1411): ESS Privacy ShortSlotTime
11-20 00:22:06.345 D/LOWI-9.0.0.80( 1024): [LOWI-Scan] BSS 2c:57:41:86:8a:a1 FREQ: 2412, cFreq1[40:80:160] = [0:0:0] cFreq2 = 0 Country Code = US
11-20 00:22:06.345 D/LOWI-9.0.0.80( 1024): [LOWI-Scan] BSS 2c:57:41:86:8a:a1 (wlan0) ASSO: NO AddInfo: 0x0, TSF 0, 08:34:32.593, RSSI: -132, CPL: 3, AGE: 0,  SSID kittyhawk, TSFDelta: 0x0, TXRate: 0
11-20 00:22:06.345 D/LOWI-9.0.0.80( 1024): [LOWI-Scan] 
11-20 00:22:06.346 D/LOWI-9.0.0.80( 1024): [LOWI-Scan] print_bss_handler: Report Probe TSF 30872593952 as it greater than Beacon TSF 30466813995
11-20 00:22:06.346 I/LOWI-9.0.0.80( 1024): [LOWI-Scan] RSN_IE
11-20 00:22:06.346 D/LOWI-9.0.0.80( 1024): [LOWI-Scan] decode_rsn_wpa_ie: Entered
11-20 00:22:06.346 D/LOWI-9.0.0.80( 1024): [LOWIUtils] hexDump: msg(30 14 01 00 00 0f ac 04 01 00 00 0f ac 04 01 00 00 0f ac 02 )
11-20 00:22:06.346 D/LOWI-9.0.0.80( 1024): [LOWI-Scan] decode_rsn_wpa_ie: LOWI_ENCRYPTION_TYPE_WPA_PSK
11-20 00:22:06.346 D/LOWI-9.0.0.80( 1024): [LOWI-Scan] is_qcom_ie, bss_age: 47
11-20 00:22:06.346 D/LOWI-9.0.0.80( 1024): [LOWI-Scan] BSS 2c:57:41:88:72:e1 LOWI_PHY_MODE_11NG_HT20(5), Beacon Interval: 100, LOWI_ENCRYPTION_TYPE_WPA_PSK 11mcRanging: No, ANQP: No, LCI: No, Civic: No, capability(0x1411): ESS Privacy ShortSlotTime
11-20 00:22:06.346 D/LOWI-9.0.0.80( 1024): [LOWI-Scan] BSS 2c:57:41:88:72:e1 FREQ: 2412, cFreq1[40:80:160] = [0:0:0] cFreq2 = 0 Country Code = US
11-20 00:22:06.346 D/LOWI-9.0.0.80( 1024): [LOWI-Scan] BSS 2c:57:41:88:72:e1 (wlan0) ASSO: NO AddInfo: 0x0, TSF 0, 08:34:32.593, RSSI: -150, CPL: 3, AGE: 0,  SSID kittyhawk, TSFDelta: 0x0, TXRate: 0
11-20 00:22:06.347 D/LOWI-9.0.0.80( 1024): [LOWI-Scan] 
11-20 00:22:06.347 D/LOWI-9.0.0.80( 1024): [LOWI-Scan] print_bss_handler: Report beacon TSF 30872593899 as it greater than probe TSF 30843972809
11-20 00:22:06.347 I/LOWI-9.0.0.80( 1024): [LOWI-Scan] RSN_IE
11-20 00:22:06.347 D/LOWI-9.0.0.80( 1024): [LOWI-Scan] decode_rsn_wpa_ie: Entered
11-20 00:22:06.347 D/LOWI-9.0.0.80( 1024): [LOWIUtils] hexDump: msg(30 14 01 00 00 0f ac 04 01 00 00 0f ac 04 01 00 00 0f ac 02 )
11-20 00:22:06.347 D/LOWI-9.0.0.80( 1024): [LOWI-Scan] decode_rsn_wpa_ie: LOWI_ENCRYPTION_TYPE_WPA_PSK
11-20 00:22:06.347 D/LOWI-9.0.0.80( 1024): [LOWI-Scan] is_qcom_ie, bss_age: 56
11-20 00:22:06.347 D/LOWI-9.0.0.80( 1024): [LOWI-Scan] BSS 18:64:72:60:2b:40 LOWI_PHY_MODE_11NG_HT20(5), Beacon Interval: 100, LOWI_ENCRYPTION_TYPE_WPA_PSK 11mcRanging: No, ANQP: No, LCI: No, Civic: No, capability(0x0431): ESS Privacy ShortPreamble ShortSlotTime
11-20 00:22:06.347 D/LOWI-9.0.0.80( 1024): [LOWI-Scan] BSS 18:64:72:60:2b:40 FREQ: 2412, cFreq1[40:80:160] = [0:0:0] cFreq2 = 0 Country Code =    
11-20 00:22:06.347 D/LOWI-9.0.0.80( 1024): [LOWI-Scan] BSS 18:64:72:60:2b:40 (wlan0) ASSO: NO AddInfo: 0x1, TSF 0, 08:34:32.593, RSSI: -140, CPL: 127, AGE: 0,  SSID lab-t24103779, TSFDelta: 0x0, TXRate: 0
11-20 00:22:06.348 D/LOWI-9.0.0.80( 1024): [LOWI-Scan] 
11-20 00:22:06.348 D/LOWI-9.0.0.80( 1024): [LOWI-Scan] print_bss_handler: Report Probe TSF 30872593773 as it greater than Beacon TSF 0
11-20 00:22:06.348 I/LOWI-9.0.0.80( 1024): [LOWI-Scan] RSN_IE
11-20 00:22:06.348 D/LOWI-9.0.0.80( 1024): [LOWI-Scan] decode_rsn_wpa_ie: Entered
11-20 00:22:06.348 D/LOWI-9.0.0.80( 1024): [LOWIUtils] hexDump: msg(30 14 01 00 00 0f ac 04 01 00 00 0f ac 04 01 00 00 0f ac 02 )
11-20 00:22:06.348 D/LOWI-9.0.0.80( 1024): [LOWI-Scan] decode_rsn_wpa_ie: LOWI_ENCRYPTION_TYPE_WPA_PSK
11-20 00:22:06.348 D/LOWI-9.0.0.80( 1024): [LOWI-Scan] is_qcom_ie, bss_age: 44
11-20 00:22:06.348 D/LOWI-9.0.0.80( 1024): [LOWI-Scan] BSS 52:b8:14:37:74:3f LOWI_PHY_MODE_11AC_VHT20_2G(11), Beacon Interval: 100, LOWI_ENCRYPTION_TYPE_WPA_PSK 11mcRanging: No, ANQP: No, LCI: No, Civic: No, capability(0x1431): ESS Privacy ShortPreamble ShortSlotTime
11-20 00:22:06.348 D/LOWI-9.0.0.80( 1024): [LOWI-Scan] BSS 52:b8:14:37:74:3f FREQ: 2417, cFreq1[40:80:160] = [0:0:0] cFreq2 = 0 Country Code =    
11-20 00:22:06.348 D/LOWI-9.0.0.80( 1024): [LOWI-Scan] BSS 52:b8:14:37:74:3f (wlan0) ASSO: NO AddInfo: 0x0, TSF 0, 08:34:32.593, RSSI: -102, CPL: 127, AGE: 0,  SSID Pixel_8668, TSFDelta: 0x0, TXRate: 0
11-20 00:22:06.350 D/LOWI-9.0.0.80( 1024): [LOWI-Scan] 
11-20 00:22:06.350 D/LOWI-9.0.0.80( 1024): [LOWI-Scan] print_bss_handler: Report Probe TSF 30872594017 as it greater than Beacon TSF 0
11-20 00:22:06.350 I/LOWI-9.0.0.80( 1024): [LOWI-Scan] RSN_IE
11-20 00:22:06.350 D/LOWI-9.0.0.80( 1024): [LOWI-Scan] decode_rsn_wpa_ie: Entered
11-20 00:22:06.351 D/LOWI-9.0.0.80( 1024): [LOWIUtils] hexDump: msg(30 14 01 00 00 0f ac 04 01 00 00 0f ac 04 01 00 00 0f ac 02 )
11-20 00:22:06.351 D/LOWI-9.0.0.80( 1024): [LOWI-Scan] decode_rsn_wpa_ie: LOWI_ENCRYPTION_TYPE_WPA_PSK
11-20 00:22:06.351 D/LOWI-9.0.0.80( 1024): [LOWI-Scan] is_qcom_ie, bss_age: 48
11-20 00:22:06.351 D/LOWI-9.0.0.80( 1024): [LOWI-Scan] BSS 2c:57:41:89:53:21 LOWI_PHY_MODE_11NG_HT20(5), Beacon Interval: 100, LOWI_ENCRYPTION_TYPE_WPA_PSK 11mcRanging: No, ANQP: No, LCI: No, Civic: No, capability(0x1411): ESS Privacy ShortSlotTime
11-20 00:22:06.351 D/LOWI-9.0.0.80( 1024): [LOWI-Scan] BSS 2c:57:41:89:53:21 FREQ: 2412, cFreq1[40:80:160] = [0:0:0] cFreq2 = 0 Country Code = US
11-20 00:22:06.351 D/LOWI-9.0.0.80( 1024): [LOWI-Scan] BSS 2c:57:41:89:53:21 (wlan0) ASSO: NO AddInfo: 0x0, TSF 0, 08:34:32.594, RSSI: -158, CPL: 3, AGE: 0,  SSID kittyhawk, TSFDelta: 0x0, TXRate: 0
11-20 00:22:06.351 D/LOWI-9.0.0.80( 1024): [LOWI-Scan] 
11-20 00:22:06.351 D/LOWI-9.0.0.80( 1024): [LOWI-Scan] print_bss_handler: Report Probe TSF 30872594053 as it greater than Beacon TSF 0
11-20 00:22:06.352 I/LOWI-9.0.0.80( 1024): [LOWI-Scan] RSN_IE
11-20 00:22:06.352 D/LOWI-9.0.0.80( 1024): [LOWI-Scan] decode_rsn_wpa_ie: Entered
11-20 00:22:06.352 D/LOWI-9.0.0.80( 1024): [LOWIUtils] hexDump: msg(30 14 01 00 00 0f ac 04 01 00 00 0f ac 04 01 00 00 0f ac 02 )
11-20 00:22:06.352 D/LOWI-9.0.0.80( 1024): [LOWI-Scan] decode_rsn_wpa_ie: LOWI_ENCRYPTION_TYPE_WPA_PSK
11-20 00:22:06.352 D/LOWI-9.0.0.80( 1024): [LOWI-Scan] is_qcom_ie, bss_age: 47
11-20 00:22:06.352 D/LOWI-9.0.0.80( 1024): [LOWI-Scan] BSS 2c:57:41:86:7a:61 LOWI_PHY_MODE_11NG_HT20(5), Beacon Interval: 100, LOWI_ENCRYPTION_TYPE_WPA_PSK 11mcRanging: No, ANQP: No, LCI: No, Civic: No, capability(0x1411): ESS Privacy ShortSlotTime
11-20 00:22:06.352 D/LOWI-9.0.0.80( 1024): [LOWI-Scan] BSS 2c:57:41:86:7a:61 FREQ: 2412, cFreq1[40:80:160] = [0:0:0] cFreq2 = 0 Country Code = US
11-20 00:22:06.352 D/LOWI-9.0.0.80( 1024): [LOWI-Scan] BSS 2c:57:41:86:7a:61 (wlan0) ASSO: NO AddInfo: 0x0, TSF 0, 08:34:32.594, RSSI: -158, CPL: 3, AGE: 0,  SSID kittyhawk, TSFDelta: 0x0, TXRate: 0
11-20 00:22:06.352 D/PasspointManager( 1194): ANQP entry not found for: c6:82:9b:4e:b3:9e:<Pixel_R6>
11-20 00:22:06.352 D/PasspointManager( 1194): ANQP entry not found for: 5e:6e:be:46:77:d7:<Pixel_R3>
11-20 00:22:06.352 D/LOWI-9.0.0.80( 1024): [LOWI-Scan] 
11-20 00:22:06.353 D/LOWI-9.0.0.80( 1024): [LOWI-Scan] print_bss_handler: Report Probe TSF 30872593994 as it greater than Beacon TSF 0
11-20 00:22:06.353 I/LOWI-9.0.0.80( 1024): [LOWI-Scan] RSN_IE
11-20 00:22:06.353 D/LOWI-9.0.0.80( 1024): [LOWI-Scan] decode_rsn_wpa_ie: Entered
11-20 00:22:06.353 D/LOWI-9.0.0.80( 1024): [LOWIUtils] hexDump: msg(30 14 01 00 00 0f ac 04 01 00 00 0f ac 04 01 00 00 0f ac 02 )
11-20 00:22:06.353 D/LOWI-9.0.0.80( 1024): [LOWI-Scan] decode_rsn_wpa_ie: LOWI_ENCRYPTION_TYPE_WPA_PSK
11-20 00:22:06.353 D/LOWI-9.0.0.80( 1024): [LOWI-Scan] is_qcom_ie, bss_age: 6
11-20 00:22:06.353 D/LOWI-9.0.0.80( 1024): [LOWI-Scan] BSS 2c:57:41:86:85:21 LOWI_PHY_MODE_11NG_HT20(5), Beacon Interval: 100, LOWI_ENCRYPTION_TYPE_WPA_PSK 11mcRanging: No, ANQP: No, LCI: No, Civic: No, capability(0x1411): ESS Privacy ShortSlotTime
11-20 00:22:06.353 D/LOWI-9.0.0.80( 1024): [LOWI-Scan] BSS 2c:57:41:86:85:21 FREQ: 2462, cFreq1[40:80:160] = [0:0:0] cFreq2 = 0 Country Code = US
11-20 00:22:06.353 D/LOWI-9.0.0.80( 1024): [LOWI-Scan] BSS 2c:57:41:86:85:21 (wlan0) ASSO: NO AddInfo: 0x0, TSF 0, 08:34:32.593, RSSI: -160, CPL: 2, AGE: 0,  SSID kittyhawk, TSFDelta: 0x0, TXRate: 0
11-20 00:22:06.353 D/PasspointManager( 1194): ANQP entry not found for: ce:dc:12:3b:87:fd:<Pixel5_R1>
11-20 00:22:06.353 D/LOWI-9.0.0.80( 1024): [LOWIDiagLog] Log: lowiMeasResult->request: invalid null argument
11-20 00:22:06.353 I/LOWI-9.0.0.80( 1024): [LOWI-Scan] lowi_close_record:Scan done in 30828836ms, 18 APs in scan results
11-20 00:22:06.353 D/LOWI-9.0.0.80( 1024): [LOWI-Scan] WipsScanUsingNL: passive scan cached 0, took 9110 ms, err 0
11-20 00:22:06.353 D/LOWI-9.0.0.80( 1024): [LOWI-Scan] lowi_proc_req_passive_scan_with_live_meas - No WLAN Frames to be parsed
11-20 00:22:06.353 D/LOWI-9.0.0.80( 1024): [LOWIScanResultReceiver] Send scan meas to listener
11-20 00:22:06.353 D/PasspointManager( 1194): ANQP entry not found for: fe:2d:5a:49:61:eb:<Pixel_R2>
11-20 00:22:06.354 D/LOWI-9.0.0.80( 1024): [LOWIScanResultReceiver] Enter passive listening mode
11-20 00:22:06.354 D/LOWI-9.0.0.80( 1024): [LOWIWifiDriverInterface] getMeasurements - Passive listening mode
11-20 00:22:06.354 D/PasspointManager( 1194): ANQP entry not found for: 12:d7:96:61:85:9f:<Pixel_R5>
11-20 00:22:06.354 D/LOWI-9.0.0.80( 1024): [LOWI-Scan] WipsScanUsingNL:wait -1 sec for netlink message
11-20 00:22:06.354 D/LOWI-9.0.0.80( 1024): [LOWIEventReceiver] handleEvent:FROM:NA, TO:NA, REQ:NA, IREQ:NA, REQ_ID:0, RESP:NA, INFO:NA
11-20 00:22:06.354 D/LOWI-9.0.0.80( 1024): [LOWIBackgroundScanMgr] isRspForBgScanMgr: evt(LOWI_NO_EVT) - not handled
11-20 00:22:06.354 D/LOWI-9.0.0.80( 1024): [LOWIScheduler] manageMsg: NULL results or NULL request in results
11-20 00:22:06.354 D/LOWI-9.0.0.80( 1024): [LOWIController] Measurements received
11-20 00:22:06.354 D/LOWI-9.0.0.80( 1024): [LOWICacheManager] putInCache:Num of Meas to add: 18
11-20 00:22:06.356 D/LOWI-9.0.0.80( 1024): [LOWIController] processMeasurementResults: No current Request. Cache measurements
11-20 00:22:06.356 D/LOWI-9.0.0.80( 1024): [LOWIControllerExtn] sendLOWILpDiscoveryScanResponse: Not a discovery scan response
11-20 00:22:06.403 D/WifiSharingService( 2841): Sending scanResults intent with status code 0: PendingIntent{9ef66c6: android.os.BinderProxy@a8f8933}
11-20 00:22:06.409 D/CompatibilityInfo( 1194): mCompatibilityFlags - 4
11-20 00:22:06.409 D/CompatibilityInfo( 1194): applicationDensity - 320
11-20 00:22:06.409 D/CompatibilityInfo( 1194): applicationScale - 1.0
11-20 00:22:07.372 W/HWComposer(  577): Ignoring duplicate VSYNC event from HWC for display 0 (t=30873635767701)
11-20 00:22:08.118 D/mcu_health_checker(  946): Sent MCU Health Request
11-20 00:22:08.118 D/commandrouter( 1117): SocServiceHandle::onServiceMessage, SoC Service = mcu_healthcheck_946, appType = 1, type = SVC_REQ, clientId = 0, token = 513, payloadLen = 20, result = 0, payload.size() = 20
11-20 00:22:08.123 D/commandrouter( 1117): mcu_healthcheck_946 (1, merlot:mcu_health:control): <ServiceResponse> FORWARDED (remote -> local) CR token ID = 513, service client ID = 6, token ID = 17881, result = 0
11-20 00:22:08.123 D/mcu_health_checker(  946): MCU Health Response: MCU_OK
11-20 00:22:08.124 D/mcu_health_checker(  946): MCU Session 0, uptime = 30839517 ms
11-20 00:22:08.124 D/mcu_health_checker(  946): mSensorErrs[0]: 0
11-20 00:22:08.124 D/mcu_health_checker(  946): mSensorErrs[1]: 0
11-20 00:22:08.124 D/mcu_health_checker(  946): mSensorErrs[2]: 0
11-20 00:22:08.250 W/HWComposer(  577): Ignoring duplicate VSYNC event from HWC for display 0 (t=30874513567649)
11-20 00:22:08.267 W/HWComposer(  577): Ignoring duplicate VSYNC event from HWC for display 0 (t=30874530488273)
11-20 00:22:08.698 D/AppStorageManager( 1194): BEFORE:: Previous Size: 1047699456 Current Size: 1047691264
11-20 00:22:08.698 D/AppStorageManager( 1194): AFTER:: Previous Size: 1047691264 Current Size: 1047691264
11-20 00:22:08.743 D/UIAutomatorStub( 6249): URI: /jsonrpc/0, Method: POST, Header: {content-length=229, remote-addr=127.0.0.1, http-client-ip=127.0.0.1, host=localhost:9010, content-type=application/json, accept-encoding=identity}, params, {NanoHttpd.QUERY_STRING=null}, files: {postData={"jsonrpc": "2.0", "method": "objInfo", "id": "cee5df323f94970b0ebec5b95df03a6d", "params": [{"mask": 2097152, "childOrSibling": [], "childOrSiblingSelector": [], "resourceId": "com.facebook.wearable.system.settings:id/toggle"}]}}
11-20 00:22:08.822 D/UIAutomatorStub( 6249): URI: /jsonrpc/0, Method: POST, Header: {content-length=227, remote-addr=127.0.0.1, http-client-ip=127.0.0.1, host=localhost:9010, content-type=application/json, accept-encoding=identity}, params, {NanoHttpd.QUERY_STRING=null}, files: {postData={"jsonrpc": "2.0", "method": "click", "id": "6edd8422dafcf130e767923364bb2cfc", "params": [{"mask": 2097152, "childOrSibling": [], "childOrSiblingSelector": [], "resourceId": "com.facebook.wearable.system.settings:id/toggle"}]}}
11-20 00:22:08.890 D/WifiSharingService( 2841): Setting Wi-Fi enabled state
11-20 00:22:08.891 I/WifiService( 1194): setWifiEnabled package=com.facebook.wearable.system.connectivity uid=1000 enable=false
11-20 00:22:08.894 D/WifiActiveModeWarden( 1194): Switching all client mode managers
11-20 00:22:08.895 D/QCNEJ/WlanStaInfoRelay( 1900): onChange for uri = content://settings/global/wifi_on
11-20 00:22:08.899 E/QMI_FW  (  927): qmi_cci_get_ref: ref count increased 2
11-20 00:22:08.906 D/WifiP2pService( 1194): Wifi enabled=false, P2P Interface availability=true
11-20 00:22:08.907 D/WifiP2pService( 1194): Wifi enabled=false, P2P Interface availability=true
11-20 00:22:08.909 D/WifiP2pNative( 1194): Teardown P2P interface
11-20 00:22:08.911 W/ContextImpl( 1194): Calling a method in the system process without a qualified user: android.app.ContextImpl.sendBroadcastMultiplePermissions:1143 android.content.Context.sendBroadcastWithMultiplePermissions:2150 com.android.server.display.WifiDisplayAdapter.handleSendStatusChangeBroadcast:440 com.android.server.display.WifiDisplayAdapter.access$1700:63 com.android.server.display.WifiDisplayAdapter$WifiDisplayHandler.handleMessage:675 
11-20 00:22:08.914 D/WifiClientModeManager1( 1194): IMS not registered over IWLAN for subId: 1
11-20 00:22:08.914 D/WifiClientModeManager1( 1194): The target role 5
11-20 00:22:08.942 W/HWComposer(  577): Ignoring duplicate VSYNC event from HWC for display 0 (t=30875205648325)
11-20 00:22:08.945 I/android_os_HwBinder( 1194): HwBinder: Starting thread pool for getting: android.hardware.wifi.supplicant@1.0::ISupplicant/default
11-20 00:22:08.953 I/wpa_supplicant(20308): wlan0: Do not deauthenticate as part of interface deinit since WoWLAN is enabled
11-20 00:22:08.959 W/HWComposer(  577): Ignoring duplicate VSYNC event from HWC for display 0 (t=30875222530513)
11-20 00:22:09.026 I/wpa_supplicant(20308): Try to unregister vendor STA network
11-20 00:22:09.039 E/wpa_supplicant(20308): eap_proxy: pthread_join on eap_proxy=0xbe66eac
11-20 00:22:09.039 E/wpa_supplicant(20308): eap_proxy: session not started for client = 1
11-20 00:22:09.039 E/QMI_FW  (20308): qmi_cci_get_ref: ref count increased 2
11-20 00:22:09.040 E/QMI_FW  (20308): qmi_cci_get_ref: ref count increased 2
11-20 00:22:09.042 E/wpa_supplicant(20308): eap_proxy: Released QMI UIM service client
11-20 00:22:09.042 E/QMI_FW  (20308): qmi_cci_get_ref: ref count increased 2
