11-19 17:10:42.643 W/View    ( 2752): requestLayout() improperly called by android.view.View{78392ca V.ED..... ......I. 0,368-474,474} during layout: running second layout pass
11-19 17:10:42.654 D/WifiSharingService( 2841): Starting Wi-Fi scan
11-19 17:10:42.654 I/WifiService( 1194): startScan uid=1000
11-19 17:10:42.662 W/View    ( 2752): requestLayout() improperly called by com.facebook.wearable.common.wds.listview.WdsListView{893e499 V.E..V... ........ 0,0-474,474} during second layout pass: posting in next frame
11-19 17:10:42.668 D/WifiNative( 1194): Scan trigered from WifiNative
11-19 17:10:42.671 I/chatty  ( 1024): uid=1021(gps) lowi-server expire 76 lines
11-19 17:10:42.672 V/WifiHAL (  539): event received NL80211_CMD_TRIGGER_SCAN
11-19 17:10:42.690 D/CompatibilityInfo( 1194): mCompatibilityFlags - 4
11-19 17:10:42.690 D/CompatibilityInfo( 1194): applicationDensity - 320
11-19 17:10:42.690 D/CompatibilityInfo( 1194): applicationScale - 1.0
11-19 17:10:42.742 I/chatty  ( 2351): uid=10060(com.facebook.wearable.system.selfcare) DefaultDispatch expire 3 lines
11-19 17:10:42.852 I/chatty  ( 2351): uid=10060(com.facebook.wearable.system.selfcare) MainTP_58 expire 1 line
11-19 17:10:42.981 I/chatty  ( 2351): uid=10060(com.facebook.wearable.system.selfcare) MainTP_65 expire 1 line
11-19 17:10:42.981 I/chatty  ( 2351): uid=10060(com.facebook.wearable.system.selfcare) pool-3-thread-2 expire 2 lines
11-19 17:10:43.050 D/CompatibilityInfo( 1194): mCompatibilityFlags - 4
11-19 17:10:43.050 D/CompatibilityInfo( 1194): applicationDensity - 320
11-19 17:10:43.050 D/CompatibilityInfo( 1194): applicationScale - 1.0
11-19 17:10:43.196 V/WifiHAL (  539): event received NL80211_CMD_NEW_SCAN_RESULTS
11-19 17:10:43.197 D/WifiNl80211Manager( 1194): Scan result ready event
11-19 17:10:43.197 D/WifiNative( 1194): Scan result ready event
11-19 17:10:43.201 D/LOWI-9.0.0.80( 1024): [LOWI-Scan] BSS 2c:57:41:86:90:a1 (wlan0) ASSO: NO AddInfo: 0x0, TSF 0, 01:23:09.459, RSSI: -148, CPL: 2, AGE: 10,  SSID kittyhawk, TSFDelta: 0x0, TXRate: 0
11-19 17:10:43.201 D/LOWI-9.0.0.80( 1024): [LOWI-Scan] 
11-19 17:10:43.201 D/LOWI-9.0.0.80( 1024): [LOWI-Scan] print_bss_handler: Report Probe TSF 4989459843 as it greater than Beacon TSF 4275141900
11-19 17:10:43.201 I/LOWI-9.0.0.80( 1024): [LOWI-Scan] RSN_IE
11-19 17:10:43.201 D/LOWI-9.0.0.80( 1024): [LOWI-Scan] decode_rsn_wpa_ie: Entered
11-19 17:10:43.201 D/LOWI-9.0.0.80( 1024): [LOWIUtils] hexDump: msg(30 14 01 00 00 0f ac 04 01 00 00 0f ac 04 01 00 00 0f ac 02 )
11-19 17:10:43.201 D/LOWI-9.0.0.80( 1024): [LOWI-Scan] decode_rsn_wpa_ie: LOWI_ENCRYPTION_TYPE_WPA_PSK
11-19 17:10:43.201 D/LOWI-9.0.0.80( 1024): [LOWI-Scan] is_qcom_ie, bss_age: 44
11-19 17:10:43.201 D/LOWI-9.0.0.80( 1024): [LOWI-Scan] BSS 2c:57:41:86:8a:a1 LOWI_PHY_MODE_11NG_HT20(5), Beacon Interval: 100, LOWI_ENCRYPTION_TYPE_WPA_PSK 11mcRanging: No, ANQP: No, LCI: No, Civic: No, capability(0x1411): ESS Privacy ShortSlotTime
11-19 17:10:43.201 D/LOWI-9.0.0.80( 1024): [LOWI-Scan] BSS 2c:57:41:86:8a:a1 FREQ: 2412, cFreq1[40:80:160] = [0:0:0] cFreq2 = 0 Country Code = US
11-19 17:10:43.201 D/LOWI-9.0.0.80( 1024): [LOWI-Scan] BSS 2c:57:41:86:8a:a1 (wlan0) ASSO: NO AddInfo: 0x0, TSF 0, 01:23:09.459, RSSI: -132, CPL: 3, AGE: 10,  SSID kittyhawk, TSFDelta: 0x0, TXRate: 0
11-19 17:10:43.201 D/LOWI-9.0.0.80( 1024): [LOWI-Scan] 
11-19 17:10:43.202 D/LOWI-9.0.0.80( 1024): [LOWI-Scan] print_bss_handler: Report Probe TSF 4989459859 as it greater than Beacon TSF 4437293926
11-19 17:10:43.202 I/LOWI-9.0.0.80( 1024): [LOWI-Scan] RSN_IE
11-19 17:10:43.202 D/LOWI-9.0.0.80( 1024): [LOWI-Scan] decode_rsn_wpa_ie: Entered
11-19 17:10:43.202 D/LOWI-9.0.0.80( 1024): [LOWIUtils] hexDump: msg(30 14 01 00 00 0f ac 04 01 00 00 0f ac 04 01 00 00 0f ac 02 )
11-19 17:10:43.202 D/LOWI-9.0.0.80( 1024): [LOWI-Scan] decode_rsn_wpa_ie: LOWI_ENCRYPTION_TYPE_WPA_PSK
11-19 17:10:43.202 D/LOWI-9.0.0.80( 1024): [LOWI-Scan] is_qcom_ie, bss_age: 44
11-19 17:10:43.202 D/LOWI-9.0.0.80( 1024): [LOWI-Scan] BSS 2c:57:41:88:72:e1 LOWI_PHY_MODE_11NG_HT20(5), Beacon Interval: 100, LOWI_ENCRYPTION_TYPE_WPA_PSK 11mcRanging: No, ANQP: No, LCI: No, Civic: No, capability(0x1411): ESS Privacy ShortSlotTime
11-19 17:10:43.202 D/LOWI-9.0.0.80( 1024): [LOWI-Scan] BSS 2c:57:41:88:72:e1 FREQ: 2412, cFreq1[40:80:160] = [0:0:0] cFreq2 = 0 Country Code = US
11-19 17:10:43.202 D/LOWI-9.0.0.80( 1024): [LOWI-Scan] BSS 2c:57:41:88:72:e1 (wlan0) ASSO: NO AddInfo: 0x0, TSF 0, 01:23:09.459, RSSI: -150, CPL: 3, AGE: 10,  SSID kittyhawk, TSFDelta: 0x0, TXRate: 0
11-19 17:10:43.202 D/LOWI-9.0.0.80( 1024): [LOWI-Scan] 
11-19 17:10:43.202 D/LOWI-9.0.0.80( 1024): [LOWI-Scan] print_bss_handler: Report Probe TSF 4989459710 as it greater than Beacon TSF 4639967714
11-19 17:10:43.202 I/LOWI-9.0.0.80( 1024): [LOWI-Scan] RSN_IE
11-19 17:10:43.202 D/LOWI-9.0.0.80( 1024): [LOWI-Scan] decode_rsn_wpa_ie: Entered
11-19 17:10:43.202 D/LOWI-9.0.0.80( 1024): [LOWIUtils] hexDump: msg(30 14 01 00 00 0f ac 04 01 00 00 0f ac 04 01 00 00 0f ac 02 )
11-19 17:10:43.202 D/LOWI-9.0.0.80( 1024): [LOWI-Scan] decode_rsn_wpa_ie: LOWI_ENCRYPTION_TYPE_WPA_PSK
11-19 17:10:43.202 D/LOWI-9.0.0.80( 1024): [LOWI-Scan] is_qcom_ie, bss_age: 44
11-19 17:10:43.202 D/LOWI-9.0.0.80( 1024): [LOWI-Scan] BSS 12:d7:96:61:85:9f LOWI_PHY_MODE_11AC_VHT20_2G(11), Beacon Interval: 100, LOWI_ENCRYPTION_TYPE_WPA_PSK 11mcRanging: No, ANQP: Yes, LCI: No, Civic: No, capability(0x1431): ESS Privacy ShortPreamble ShortSlotTime
11-19 17:10:43.202 D/LOWI-9.0.0.80( 1024): [LOWI-Scan] BSS 12:d7:96:61:85:9f FREQ: 2412, cFreq1[40:80:160] = [0:0:0] cFreq2 = 0 Country Code =    
11-19 17:10:43.202 D/LOWI-9.0.0.80( 1024): [LOWI-Scan] BSS 12:d7:96:61:85:9f (wlan0) ASSO: NO AddInfo: 0x0, TSF 0, 01:23:09.459, RSSI: -108, CPL: 127, AGE: 10,  SSID Pixel_R5, TSFDelta: 0x0, TXRate: 0
11-19 17:10:43.203 D/LOWI-9.0.0.80( 1024): [LOWI-Scan] 
11-19 17:10:43.203 D/LOWI-9.0.0.80( 1024): [LOWI-Scan] print_bss_handler: Report Probe TSF 4989459697 as it greater than Beacon TSF 4857971837
11-19 17:10:43.203 I/LOWI-9.0.0.80( 1024): [LOWI-Scan] RSN_IE
11-19 17:10:43.203 D/LOWI-9.0.0.80( 1024): [LOWI-Scan] decode_rsn_wpa_ie: Entered
11-19 17:10:43.203 D/LOWI-9.0.0.80( 1024): [LOWIUtils] hexDump: msg(30 14 01 00 00 0f ac 04 01 00 00 0f ac 04 01 00 00 0f ac 02 )
11-19 17:10:43.203 D/LOWI-9.0.0.80( 1024): [LOWI-Scan] decode_rsn_wpa_ie: LOWI_ENCRYPTION_TYPE_WPA_PSK
11-19 17:10:43.203 D/LOWI-9.0.0.80( 1024): [LOWI-Scan] is_qcom_ie, bss_age: 22
11-19 17:10:43.203 D/LOWI-9.0.0.80( 1024): [LOWI-Scan] BSS ce:dc:12:3b:87:fd LOWI_PHY_MODE_11AC_VHT20_2G(11), Beacon Interval: 100, LOWI_ENCRYPTION_TYPE_WPA_PSK 11mcRanging: No, ANQP: Yes, LCI: No, Civic: No, capability(0x1431): ESS Privacy ShortPreamble ShortSlotTime
11-19 17:10:43.203 D/LOWI-9.0.0.80( 1024): [LOWI-Scan] BSS ce:dc:12:3b:87:fd FREQ: 2437, cFreq1[40:80:160] = [0:0:0] cFreq2 = 0 Country Code =    
11-19 17:10:43.203 D/LOWI-9.0.0.80( 1024): [LOWI-Scan] BSS ce:dc:12:3b:87:fd (wlan0) ASSO: NO AddInfo: 0x0, TSF 0, 01:23:09.459, RSSI: -106, CPL: 127, AGE: 10,  SSID Pixel5_R1, TSFDelta: 0x0, TXRate: 0
11-19 17:10:43.203 D/LOWI-9.0.0.80( 1024): [LOWI-Scan] 
11-19 17:10:43.203 D/LOWI-9.0.0.80( 1024): [LOWI-Scan] print_bss_handler: Report Probe TSF 4989459753 as it greater than Beacon TSF 4886485110
11-19 17:10:43.203 I/LOWI-9.0.0.80( 1024): [LOWI-Scan] RSN_IE
11-19 17:10:43.203 D/LOWI-9.0.0.80( 1024): [LOWI-Scan] decode_rsn_wpa_ie: Entered
11-19 17:10:43.203 D/LOWI-9.0.0.80( 1024): [LOWIUtils] hexDump: msg(30 14 01 00 00 0f ac 04 01 00 00 0f ac 04 01 00 00 0f ac 02 )
11-19 17:10:43.203 D/LOWI-9.0.0.80( 1024): [LOWI-Scan] decode_rsn_wpa_ie: LOWI_ENCRYPTION_TYPE_WPA_PSK
11-19 17:10:43.203 D/LOWI-9.0.0.80( 1024): [LOWI-Scan] is_qcom_ie, bss_age: 39
11-19 17:10:43.204 D/LOWI-9.0.0.80( 1024): [LOWI-Scan] BSS 52:b8:14:37:74:3f LOWI_PHY_MODE_11AC_VHT20_2G(11), Beacon Interval: 100, LOWI_ENCRYPTION_TYPE_WPA_PSK 11mcRanging: No, ANQP: No, LCI: No, Civic: No, capability(0x1431): ESS Privacy ShortPreamble ShortSlotTime
11-19 17:10:43.204 D/LOWI-9.0.0.80( 1024): [LOWI-Scan] BSS 52:b8:14:37:74:3f FREQ: 2417, cFreq1[40:80:160] = [0:0:0] cFreq2 = 0 Country Code =    
11-19 17:10:43.204 D/LOWI-9.0.0.80( 1024): [LOWI-Scan] BSS 52:b8:14:37:74:3f (wlan0) ASSO: NO AddInfo: 0x0, TSF 0, 01:23:09.459, RSSI: -112, CPL: 127, AGE: 10,  SSID Pixel_8668, TSFDelta: 0x0, TXRate: 0
11-19 17:10:43.204 D/LOWI-9.0.0.80( 1024): [LOWI-Scan] 
11-19 17:10:43.204 D/LOWI-9.0.0.80( 1024): [LOWI-Scan] print_bss_handler: Report Probe TSF 4989459767 as it greater than Beacon TSF 4437962600
11-19 17:10:43.204 I/LOWI-9.0.0.80( 1024): [LOWI-Scan] RSN_IE
11-19 17:10:43.204 D/LOWI-9.0.0.80( 1024): [LOWI-Scan] decode_rsn_wpa_ie: Entered
11-19 17:10:43.204 D/LOWI-9.0.0.80( 1024): [LOWIUtils] hexDump: msg(30 14 01 00 00 0f ac 04 01 00 00 0f ac 04 01 00 00 0f ac 02 )
11-19 17:10:43.204 D/LOWI-9.0.0.80( 1024): [LOWI-Scan] decode_rsn_wpa_ie: LOWI_ENCRYPTION_TYPE_WPA_PSK
11-19 17:10:43.204 D/LOWI-9.0.0.80( 1024): [LOWI-Scan] is_qcom_ie, bss_age: 44
11-19 17:10:43.204 D/LOWI-9.0.0.80( 1024): [LOWI-Scan] BSS be:9e:0e:1c:6e:7f LOWI_PHY_MODE_11AC_VHT20_2G(11), Beacon Interval: 100, LOWI_ENCRYPTION_TYPE_WPA_PSK 11mcRanging: No, ANQP: No, LCI: No, Civic: No, capability(0x1431): ESS Privacy ShortPreamble ShortSlotTime
11-19 17:10:43.204 D/LOWI-9.0.0.80( 1024): [LOWI-Scan] BSS be:9e:0e:1c:6e:7f FREQ: 2412, cFreq1[40:80:160] = [0:0:0] cFreq2 = 0 Country Code =    
11-19 17:10:43.204 D/LOWI-9.0.0.80( 1024): [LOWI-Scan] BSS be:9e:0e:1c:6e:7f (wlan0) ASSO: NO AddInfo: 0x0, TSF 0, 01:23:09.459, RSSI: -124, CPL: 127, AGE: 10,  SSID Pixel_3541, TSFDelta: 0x0, TXRate: 0
11-19 17:10:43.204 D/LOWI-9.0.0.80( 1024): [LOWI-Scan] 
11-19 17:10:43.204 D/LOWI-9.0.0.80( 1024): [LOWI-Scan] print_bss_handler: Report Probe TSF 4989459890 as it greater than Beacon TSF 4735555949
11-19 17:10:43.205 I/LOWI-9.0.0.80( 1024): [LOWI-Scan] RSN_IE
11-19 17:10:43.205 D/LOWI-9.0.0.80( 1024): [LOWI-Scan] decode_rsn_wpa_ie: Entered
11-19 17:10:43.206 D/WificondScannerImpl( 1194): Filtering out 1 scan results.
11-19 17:10:43.218 D/LOWI-9.0.0.80( 1024): [LOWIUtils] hexDump: msg(30 14 01 00 00 0f ac 04 01 00 00 0f ac 04 01 00 00 0f ac 02 )
11-19 17:10:43.218 D/LOWI-9.0.0.80( 1024): [LOWI-Scan] decode_rsn_wpa_ie: LOWI_ENCRYPTION_TYPE_WPA_PSK
11-19 17:10:43.218 D/LOWI-9.0.0.80( 1024): [LOWI-Scan] is_qcom_ie, bss_age: 44
11-19 17:10:43.218 D/LOWI-9.0.0.80( 1024): [LOWI-Scan] BSS 2c:57:41:86:7a:61 LOWI_PHY_MODE_11NG_HT20(5), Beacon Interval: 100, LOWI_ENCRYPTION_TYPE_WPA_PSK 11mcRanging: No, ANQP: No, LCI: No, Civic: No, capability(0x1411): ESS Privacy ShortSlotTime
11-19 17:10:43.218 D/LOWI-9.0.0.80( 1024): [LOWI-Scan] BSS 2c:57:41:86:7a:61 FREQ: 2412, cFreq1[40:80:160] = [0:0:0] cFreq2 = 0 Country Code = US
11-19 17:10:43.218 D/LOWI-9.0.0.80( 1024): [LOWI-Scan] BSS 2c:57:41:86:7a:61 (wlan0) ASSO: NO AddInfo: 0x0, TSF 0, 01:23:09.459, RSSI: -158, CPL: 3, AGE: 10,  SSID kittyhawk, TSFDelta: 0x0, TXRate: 0
11-19 17:10:43.219 D/LOWI-9.0.0.80( 1024): [LOWI-Scan] 
11-19 17:10:43.219 D/LOWI-9.0.0.80( 1024): [LOWI-Scan] print_bss_handler: Report Probe TSF 4989459905 as it greater than Beacon TSF 4960225255
11-19 17:10:43.219 I/LOWI-9.0.0.80( 1024): [LOWI-Scan] RSN_IE
11-19 17:10:43.219 D/LOWI-9.0.0.80( 1024): [LOWI-Scan] decode_rsn_wpa_ie: Entered
11-19 17:10:43.219 D/LOWI-9.0.0.80( 1024): [LOWIUtils] hexDump: msg(30 14 01 00 00 0f ac 04 01 00 00 0f ac 04 01 00 00 0f ac 02 )
11-19 17:10:43.219 D/LOWI-9.0.0.80( 1024): [LOWI-Scan] decode_rsn_wpa_ie: LOWI_ENCRYPTION_TYPE_WPA_PSK
11-19 17:10:43.219 D/LOWI-9.0.0.80( 1024): [LOWI-Scan] is_qcom_ie, bss_age: 3
11-19 17:10:43.219 D/LOWI-9.0.0.80( 1024): [LOWI-Scan] BSS 2c:57:41:86:85:21 LOWI_PHY_MODE_11NG_HT20(5), Beacon Interval: 100, LOWI_ENCRYPTION_TYPE_WPA_PSK 11mcRanging: No, ANQP: No, LCI: No, Civic: No, capability(0x1411): ESS Privacy ShortSlotTime
11-19 17:10:43.219 D/LOWI-9.0.0.80( 1024): [LOWI-Scan] BSS 2c:57:41:86:85:21 FREQ: 2462, cFreq1[40:80:160] = [0:0:0] cFreq2 = 0 Country Code = US
11-19 17:10:43.219 D/LOWI-9.0.0.80( 1024): [LOWI-Scan] BSS 2c:57:41:86:85:21 (wlan0) ASSO: NO AddInfo: 0x0, TSF 0, 01:23:09.459, RSSI: -164, CPL: 2, AGE: 10,  SSID kittyhawk, TSFDelta: 0x0, TXRate: 0
11-19 17:10:43.220 D/LOWI-9.0.0.80( 1024): [LOWI-Scan] 
11-19 17:10:43.220 D/LOWI-9.0.0.80( 1024): [LOWI-Scan] print_bss_handler: Report Probe TSF 4989459811 as it greater than Beacon TSF 0
11-19 17:10:43.220 I/LOWI-9.0.0.80( 1024): [LOWI-Scan] RSN_IE
11-19 17:10:43.220 D/LOWI-9.0.0.80( 1024): [LOWI-Scan] decode_rsn_wpa_ie: Entered
11-19 17:10:43.220 D/LOWI-9.0.0.80( 1024): [LOWIUtils] hexDump: msg(30 14 01 00 00 0f ac 04 01 00 00 0f ac 04 01 00 00 0f ac 02 )
11-19 17:10:43.220 D/LOWI-9.0.0.80( 1024): [LOWI-Scan] decode_rsn_wpa_ie: LOWI_ENCRYPTION_TYPE_WPA_PSK
11-19 17:10:43.220 D/LOWI-9.0.0.80( 1024): [LOWI-Scan] is_qcom_ie, bss_age: 44
11-19 17:10:43.220 D/LOWI-9.0.0.80( 1024): [LOWI-Scan] BSS 18:64:72:60:2b:40 LOWI_PHY_MODE_11NG_HT20(5), Beacon Interval: 100, LOWI_ENCRYPTION_TYPE_WPA_PSK 11mcRanging: No, ANQP: No, LCI: No, Civic: No, capability(0x0431): ESS Privacy ShortPreamble ShortSlotTime
11-19 17:10:43.220 D/LOWI-9.0.0.80( 1024): [LOWI-Scan] BSS 18:64:72:60:2b:40 FREQ: 2412, cFreq1[40:80:160] = [0:0:0] cFreq2 = 0 Country Code =    
11-19 17:10:43.220 D/LOWI-9.0.0.80( 1024): [LOWI-Scan] BSS 18:64:72:60:2b:40 (wlan0) ASSO: NO AddInfo: 0x0, TSF 0, 01:23:09.459, RSSI: -140, CPL: 127, AGE: 10,  SSID lab-t24103779, TSFDelta: 0x0, TXRate: 0
11-19 17:10:43.220 D/LOWI-9.0.0.80( 1024): [LOWI-Scan] 
11-19 17:10:43.220 D/LOWI-9.0.0.80( 1024): [LOWI-Scan] print_bss_handler: Report Probe TSF 4989459920 as it greater than Beacon TSF 0
11-19 17:10:43.220 I/LOWI-9.0.0.80( 1024): [LOWI-Scan] RSN_IE
11-19 17:10:43.220 D/LOWI-9.0.0.80( 1024): [LOWI-Scan] decode_rsn_wpa_ie: Entered
11-19 17:10:43.220 D/LOWI-9.0.0.80( 1024): [LOWIUtils] hexDump: msg(30 14 01 00 00 0f ac 04 01 00 00 0f ac 04 01 00 00 0f ac 02 )
11-19 17:10:43.220 D/LOWI-9.0.0.80( 1024): [LOWI-Scan] decode_rsn_wpa_ie: LOWI_ENCRYPTION_TYPE_WPA_PSK
11-19 17:10:43.220 D/LOWI-9.0.0.80( 1024): [LOWI-Scan] is_qcom_ie, bss_age: 22
11-19 17:10:43.220 D/LOWI-9.0.0.80( 1024): [LOWI-Scan] BSS 2c:57:41:89:63:c1 LOWI_PHY_MODE_11NG_HT20(5), Beacon Interval: 100, LOWI_ENCRYPTION_TYPE_WPA_PSK 11mcRanging: No, ANQP: No, LCI: No, Civic: No, capability(0x1411): ESS Privacy ShortSlotTime
11-19 17:10:43.221 D/LOWI-9.0.0.80( 1024): [LOWI-Scan] BSS 2c:57:41:89:63:c1 FREQ: 2437, cFreq1[40:80:160] = [0:0:0] cFreq2 = 0 Country Code = US
11-19 17:10:43.221 D/LOWI-9.0.0.80( 1024): [LOWI-Scan] BSS 2c:57:41:89:63:c1 (wlan0) ASSO: NO AddInfo: 0x0, TSF 0, 01:23:09.459, RSSI: -162, CPL: 2, AGE: 10,  SSID kittyhawk, TSFDelta: 0x0, TXRate: 0
11-19 17:10:43.221 D/LOWI-9.0.0.80( 1024): [LOWIDiagLog] Log: lowiMeasResult->request: invalid null argument
11-19 17:10:43.221 I/LOWI-9.0.0.80( 1024): [LOWI-Scan] lowi_close_record:Scan done in 4945704ms, 17 APs in scan results
11-19 17:10:43.221 D/LOWI-9.0.0.80( 1024): [LOWI-Scan] WipsScanUsingNL: passive scan cached 0, took 9796 ms, err 0
11-19 17:10:43.221 D/LOWI-9.0.0.80( 1024): [LOWI-Scan] lowi_proc_req_passive_scan_with_live_meas - No WLAN Frames to be parsed
11-19 17:10:43.221 D/LOWI-9.0.0.80( 1024): [LOWIScanResultReceiver] Send scan meas to listener
11-19 17:10:43.221 D/LOWI-9.0.0.80( 1024): [LOWIScanResultReceiver] Enter passive listening mode
11-19 17:10:43.221 D/LOWI-9.0.0.80( 1024): [LOWIWifiDriverInterface] getMeasurements - Passive listening mode
11-19 17:10:43.221 D/LOWI-9.0.0.80( 1024): [LOWIEventReceiver] handleEvent:FROM:NA, TO:NA, REQ:NA, IREQ:NA, REQ_ID:0, RESP:NA, INFO:NA
11-19 17:10:43.221 D/LOWI-9.0.0.80( 1024): [LOWIBackgroundScanMgr] isRspForBgScanMgr: evt(LOWI_NO_EVT) - not handled
11-19 17:10:43.221 D/LOWI-9.0.0.80( 1024): [LOWIScheduler] manageMsg: NULL results or NULL request in results
11-19 17:10:43.221 D/LOWI-9.0.0.80( 1024): [LOWIController] Measurements received
11-19 17:10:43.221 D/LOWI-9.0.0.80( 1024): [LOWICacheManager] putInCache:Num of Meas to add: 17
11-19 17:10:43.222 D/LOWI-9.0.0.80( 1024): [LOWI-Scan] WipsScanUsingNL:wait -1 sec for netlink message
11-19 17:10:43.226 D/LOWI-9.0.0.80( 1024): [LOWIController] processMeasurementResults: No current Request. Cache measurements
11-19 17:10:43.226 D/LOWI-9.0.0.80( 1024): [LOWIControllerExtn] sendLOWILpDiscoveryScanResponse: Not a discovery scan response
11-19 17:10:43.229 D/PasspointManager( 1194): ANQP entry not found for: c6:82:9b:4e:b3:9e:<Pixel_R6>
11-19 17:10:43.229 D/PasspointManager( 1194): ANQP entry not found for: 5e:6e:be:46:77:d7:<Pixel_R3>
11-19 17:10:43.229 D/PasspointManager( 1194): ANQP entry not found for: 12:d7:96:61:85:9f:<Pixel_R5>
11-19 17:10:43.229 D/PasspointManager( 1194): ANQP entry not found for: ce:dc:12:3b:87:fd:<Pixel5_R1>
11-19 17:10:43.248 I/chatty  ( 2351): uid=10060(com.facebook.wearable.system.selfcare) DefaultDispatch expire 1 line
11-19 17:10:43.249 I/chatty  ( 2351): uid=10060(com.facebook.wearable.system.selfcare) MainTP_61 expire 1 line
11-19 17:10:43.275 D/WifiSharingService( 2841): Sending scanResults intent with status code 0: PendingIntent{b33d6e5: android.os.BinderProxy@f201625}
11-19 17:10:43.281 D/CompatibilityInfo( 1194): mCompatibilityFlags - 4
11-19 17:10:43.281 D/CompatibilityInfo( 1194): applicationDensity - 320
11-19 17:10:43.281 D/CompatibilityInfo( 1194): applicationScale - 1.0
11-19 17:10:43.335 I/chatty  ( 2351): uid=10060(com.facebook.wearable.system.selfcare) MainTP_64 expire 1 line
11-19 17:10:43.335 I/chatty  ( 2351): uid=10060(com.facebook.wearable.system.selfcare) pool-3-thread-3 expire 2 lines
11-19 17:10:43.417 D/CompatibilityInfo( 1194): mCompatibilityFlags - 4
11-19 17:10:43.417 D/CompatibilityInfo( 1194): applicationDensity - 320
11-19 17:10:43.417 D/CompatibilityInfo( 1194): applicationScale - 1.0
11-19 17:10:43.473 I/chatty  ( 2351): uid=10060(com.facebook.wearable.system.selfcare) DefaultDispatch expire 2 lines
11-19 17:10:43.596 I/chatty  ( 2351): uid=10060(com.facebook.wearable.system.selfcare) MainTP_65 expire 1 line
11-19 17:10:43.688 E/StickerBundleDatabaseWorker( 2351): Failed to fetch sticker bundles:
11-19 17:10:43.688 E/StickerBundleDatabaseWorker( 2351): kotlinx.coroutines.JobCancellationException: Job was cancelled; job=JobImpl{Cancelling}@99715cb
11-19 17:10:43.689 I/WM-WorkerWrapper( 2351): Work [ id=731e9e35-e8c2-49b1-b246-986e05f06ab6, tags={ com.facebook.wearable.system.selfcare.sharing.StickerBundleDatabaseWorker } ] was cancelled
11-19 17:10:43.689 I/WM-WorkerWrapper( 2351): java.util.concurrent.CancellationException: Task was cancelled.
11-19 17:10:43.689 I/WM-WorkerWrapper( 2351): 	at androidx.work.impl.utils.futures.AbstractFuture.getDoneValue(:32)
11-19 17:10:43.689 I/WM-WorkerWrapper( 2351): 	at androidx.work.impl.utils.futures.AbstractFuture.get(:268435546)
11-19 17:10:43.689 I/WM-WorkerWrapper( 2351): 	at androidx.work.impl.WorkerWrapper$2.run(:3)
11-19 17:10:43.689 I/WM-WorkerWrapper( 2351): 	at androidx.work.impl.utils.SerialExecutor$Task.run(:2)
11-19 17:10:43.689 I/WM-WorkerWrapper( 2351): 	at java.util.concurrent.ThreadPoolExecutor.runWorker(ThreadPoolExecutor.java:1167)
11-19 17:10:43.689 I/WM-WorkerWrapper( 2351): 	at java.util.concurrent.ThreadPoolExecutor$Worker.run(ThreadPoolExecutor.java:641)
11-19 17:10:43.689 I/WM-WorkerWrapper( 2351): 	at java.lang.Thread.run(Thread.java:923)
11-19 17:10:43.773 D/CompatibilityInfo( 1194): mCompatibilityFlags - 4
11-19 17:10:43.773 D/CompatibilityInfo( 1194): applicationDensity - 320
11-19 17:10:43.773 D/CompatibilityInfo( 1194): applicationScale - 1.0
11-19 17:10:43.831 E/SelfCareDataCloudSyncWorker( 2351): Failed to get access token
11-19 17:10:43.831 E/SelfCareDataCloudSyncWorker( 2351): kotlinx.coroutines.JobCancellationException: Job was cancelled; job=JobImpl{Cancelling}@6f6a466
11-19 17:10:43.831 I/WM-WorkerWrapper( 2351): Work [ id=41176d4d-428f-4560-a8c8-961a1631ba8f, tags={ com.facebook.wearable.system.selfcare.cloudsync.SelfCareDataCloudSyncWorker } ] was cancelled
11-19 17:10:43.831 I/WM-WorkerWrapper( 2351): java.util.concurrent.CancellationException: Task was cancelled.
11-19 17:10:43.831 I/WM-WorkerWrapper( 2351): 	at androidx.work.impl.utils.futures.AbstractFuture.getDoneValue(:32)
11-19 17:10:43.831 I/WM-WorkerWrapper( 2351): 	at androidx.work.impl.utils.futures.AbstractFuture.get(:268435546)
11-19 17:10:43.831 I/WM-WorkerWrapper( 2351): 	at androidx.work.impl.WorkerWrapper$2.run(:3)
11-19 17:10:43.831 I/WM-WorkerWrapper( 2351): 	at androidx.work.impl.utils.SerialExecutor$Task.run(:2)
11-19 17:10:43.831 I/WM-WorkerWrapper( 2351): 	at java.util.concurrent.ThreadPoolExecutor.runWorker(ThreadPoolExecutor.java:1167)
11-19 17:10:43.831 I/WM-WorkerWrapper( 2351): 	at java.util.concurrent.ThreadPoolExecutor$Worker.run(ThreadPoolExecutor.java:641)
11-19 17:10:43.831 I/WM-WorkerWrapper( 2351): 	at java.lang.Thread.run(Thread.java:923)
11-19 17:10:43.968 D/SettingsSDK::SyncHelper( 2351): Read setting com.facebook.wearable.sdk.selfcare:SELFCARE_SERVICE_ENABLED from persistent cache
11-19 17:10:43.968 D/FacebookRepository( 2351): Reading from Store [906581286488774]
11-19 17:10:44.076 E/StickerBundleDatabaseWorker( 2351): Failed to fetch sticker bundles:
11-19 17:10:44.076 E/StickerBundleDatabaseWorker( 2351): kotlinx.coroutines.JobCancellationException: Job was cancelled; job=JobImpl{Cancelling}@5de5ec
11-19 17:10:44.077 I/WM-WorkerWrapper( 2351): Work [ id=731e9e35-e8c2-49b1-b246-986e05f06ab6, tags={ com.facebook.wearable.system.selfcare.sharing.StickerBundleDatabaseWorker } ] was cancelled
11-19 17:10:44.077 I/WM-WorkerWrapper( 2351): java.util.concurrent.CancellationException: Task was cancelled.
11-19 17:10:44.077 I/WM-WorkerWrapper( 2351): 	at androidx.work.impl.utils.futures.AbstractFuture.getDoneValue(:32)
11-19 17:10:44.077 I/WM-WorkerWrapper( 2351): 	at androidx.work.impl.utils.futures.AbstractFuture.get(:268435546)
11-19 17:10:44.077 I/WM-WorkerWrapper( 2351): 	at androidx.work.impl.WorkerWrapper$2.run(:3)
11-19 17:10:44.077 I/WM-WorkerWrapper( 2351): 	at androidx.work.impl.utils.SerialExecutor$Task.run(:2)
11-19 17:10:44.077 I/WM-WorkerWrapper( 2351): 	at java.util.concurrent.ThreadPoolExecutor.runWorker(ThreadPoolExecutor.java:1167)
11-19 17:10:44.077 I/WM-WorkerWrapper( 2351): 	at java.util.concurrent.ThreadPoolExecutor$Worker.run(ThreadPoolExecutor.java:641)
11-19 17:10:44.077 I/WM-WorkerWrapper( 2351): 	at java.lang.Thread.run(Thread.java:923)
11-19 17:10:44.156 D/CompatibilityInfo( 1194): mCompatibilityFlags - 4
11-19 17:10:44.156 D/CompatibilityInfo( 1194): applicationDensity - 320
11-19 17:10:44.156 D/CompatibilityInfo( 1194): applicationScale - 1.0
11-19 17:10:44.222 E/SelfCareDataCloudSyncWorker( 2351): Failed to get access token
11-19 17:10:44.222 E/SelfCareDataCloudSyncWorker( 2351): kotlinx.coroutines.JobCancellationException: Job was cancelled; job=JobImpl{Cancelling}@d3974d8
11-19 17:10:44.222 I/WM-WorkerWrapper( 2351): Work [ id=41176d4d-428f-4560-a8c8-961a1631ba8f, tags={ com.facebook.wearable.system.selfcare.cloudsync.SelfCareDataCloudSyncWorker } ] was cancelled
11-19 17:10:44.222 I/WM-WorkerWrapper( 2351): java.util.concurrent.CancellationException: Task was cancelled.
11-19 17:10:44.222 I/WM-WorkerWrapper( 2351): 	at androidx.work.impl.utils.futures.AbstractFuture.getDoneValue(:32)
11-19 17:10:44.222 I/WM-WorkerWrapper( 2351): 	at androidx.work.impl.utils.futures.AbstractFuture.get(:268435546)
11-19 17:10:44.222 I/WM-WorkerWrapper( 2351): 	at androidx.work.impl.WorkerWrapper$2.run(:3)
11-19 17:10:44.222 I/WM-WorkerWrapper( 2351): 	at androidx.work.impl.utils.SerialExecutor$Task.run(:2)
11-19 17:10:44.222 I/WM-WorkerWrapper( 2351): 	at java.util.concurrent.ThreadPoolExecutor.runWorker(ThreadPoolExecutor.java:1167)
11-19 17:10:44.222 I/WM-WorkerWrapper( 2351): 	at java.util.concurrent.ThreadPoolExecutor$Worker.run(ThreadPoolExecutor.java:641)
11-19 17:10:44.222 I/WM-WorkerWrapper( 2351): 	at java.lang.Thread.run(Thread.java:923)
11-19 17:10:44.361 D/SettingsSDK::SyncHelper( 2351): Read setting com.facebook.wearable.sdk.selfcare:SELFCARE_SERVICE_ENABLED from persistent cache
11-19 17:10:44.362 D/FacebookRepository( 2351): Reading from Store [906581286488774]
11-19 17:10:44.449 E/StickerBundleDatabaseWorker( 2351): Failed to fetch sticker bundles:
11-19 17:10:44.449 E/StickerBundleDatabaseWorker( 2351): kotlinx.coroutines.JobCancellationException: Job was cancelled; job=JobImpl{Cancelling}@c0e4469
11-19 17:10:44.449 I/WM-WorkerWrapper( 2351): Work [ id=731e9e35-e8c2-49b1-b246-986e05f06ab6, tags={ com.facebook.wearable.system.selfcare.sharing.StickerBundleDatabaseWorker } ] was cancelled
11-19 17:10:44.449 I/WM-WorkerWrapper( 2351): java.util.concurrent.CancellationException: Task was cancelled.
11-19 17:10:44.449 I/WM-WorkerWrapper( 2351): 	at androidx.work.impl.utils.futures.AbstractFuture.getDoneValue(:32)
11-19 17:10:44.449 I/WM-WorkerWrapper( 2351): 	at androidx.work.impl.utils.futures.AbstractFuture.get(:268435546)
11-19 17:10:44.449 I/WM-WorkerWrapper( 2351): 	at androidx.work.impl.WorkerWrapper$2.run(:3)
11-19 17:10:44.449 I/WM-WorkerWrapper( 2351): 	at androidx.work.impl.utils.SerialExecutor$Task.run(:2)
11-19 17:10:44.449 I/WM-WorkerWrapper( 2351): 	at java.util.concurrent.ThreadPoolExecutor.runWorker(ThreadPoolExecutor.java:1167)
11-19 17:10:44.449 I/WM-WorkerWrapper( 2351): 	at java.util.concurrent.ThreadPoolExecutor$Worker.run(ThreadPoolExecutor.java:641)
11-19 17:10:44.449 I/WM-WorkerWrapper( 2351): 	at java.lang.Thread.run(Thread.java:923)
11-19 17:10:44.531 D/CompatibilityInfo( 1194): mCompatibilityFlags - 4
11-19 17:10:44.531 D/CompatibilityInfo( 1194): applicationDensity - 320
11-19 17:10:44.531 D/CompatibilityInfo( 1194): applicationScale - 1.0
11-19 17:10:44.610 E/SelfCareDataCloudSyncWorker( 2351): Failed to get access token
11-19 17:10:44.610 E/SelfCareDataCloudSyncWorker( 2351): kotlinx.coroutines.JobCancellationException: Job was cancelled; job=JobImpl{Cancelling}@e9ca21c
11-19 17:10:44.610 I/WM-WorkerWrapper( 2351): Work [ id=41176d4d-428f-4560-a8c8-961a1631ba8f, tags={ com.facebook.wearable.system.selfcare.cloudsync.SelfCareDataCloudSyncWorker } ] was cancelled
11-19 17:10:44.610 I/WM-WorkerWrapper( 2351): java.util.concurrent.CancellationException: Task was cancelled.
11-19 17:10:44.610 I/WM-WorkerWrapper( 2351): 	at androidx.work.impl.utils.futures.AbstractFuture.getDoneValue(:32)
11-19 17:10:44.610 I/WM-WorkerWrapper( 2351): 	at androidx.work.impl.utils.futures.AbstractFuture.get(:268435546)
11-19 17:10:44.610 I/WM-WorkerWrapper( 2351): 	at androidx.work.impl.WorkerWrapper$2.run(:3)
11-19 17:10:44.610 I/WM-WorkerWrapper( 2351): 	at androidx.work.impl.utils.SerialExecutor$Task.run(:2)
11-19 17:10:44.610 I/WM-WorkerWrapper( 2351): 	at java.util.concurrent.ThreadPoolExecutor.runWorker(ThreadPoolExecutor.java:1167)
11-19 17:10:44.610 I/WM-WorkerWrapper( 2351): 	at java.util.concurrent.ThreadPoolExecutor$Worker.run(ThreadPoolExecutor.java:641)
11-19 17:10:44.610 I/WM-WorkerWrapper( 2351): 	at java.lang.Thread.run(Thread.java:923)
11-19 17:10:44.743 D/SettingsSDK::SyncHelper( 2351): Read setting com.facebook.wearable.sdk.selfcare:SELFCARE_SERVICE_ENABLED from persistent cache
11-19 17:10:44.744 D/FacebookRepository( 2351): Reading from Store [906581286488774]
11-19 17:10:44.855 E/StickerBundleDatabaseWorker( 2351): Failed to fetch sticker bundles:
11-19 17:10:44.855 E/StickerBundleDatabaseWorker( 2351): kotlinx.coroutines.JobCancellationException: Job was cancelled; job=JobImpl{Cancelling}@5438052
11-19 17:10:44.855 I/WM-WorkerWrapper( 2351): Work [ id=731e9e35-e8c2-49b1-b246-986e05f06ab6, tags={ com.facebook.wearable.system.selfcare.sharing.StickerBundleDatabaseWorker } ] was cancelled
11-19 17:10:44.855 I/WM-WorkerWrapper( 2351): java.util.concurrent.CancellationException: Task was cancelled.
11-19 17:10:44.855 I/WM-WorkerWrapper( 2351): 	at androidx.work.impl.utils.futures.AbstractFuture.getDoneValue(:32)
11-19 17:10:44.855 I/WM-WorkerWrapper( 2351): 	at androidx.work.impl.utils.futures.AbstractFuture.get(:268435546)
11-19 17:10:44.855 I/WM-WorkerWrapper( 2351): 	at androidx.work.impl.WorkerWrapper$2.run(:3)
11-19 17:10:44.855 I/WM-WorkerWrapper( 2351): 	at androidx.work.impl.utils.SerialExecutor$Task.run(:2)
11-19 17:10:44.855 I/WM-WorkerWrapper( 2351): 	at java.util.concurrent.ThreadPoolExecutor.runWorker(ThreadPoolExecutor.java:1167)
11-19 17:10:44.855 I/WM-WorkerWrapper( 2351): 	at java.util.concurrent.ThreadPoolExecutor$Worker.run(ThreadPoolExecutor.java:641)
11-19 17:10:44.855 I/WM-WorkerWrapper( 2351): 	at java.lang.Thread.run(Thread.java:923)
11-19 17:10:44.938 D/CompatibilityInfo( 1194): mCompatibilityFlags - 4
11-19 17:10:44.938 D/CompatibilityInfo( 1194): applicationDensity - 320
11-19 17:10:44.939 D/CompatibilityInfo( 1194): applicationScale - 1.0
11-19 17:10:44.997 E/SelfCareDataCloudSyncWorker( 2351): Failed to get access token
11-19 17:10:44.997 E/SelfCareDataCloudSyncWorker( 2351): kotlinx.coroutines.JobCancellationException: Job was cancelled; job=JobImpl{Cancelling}@a0419d9
11-19 17:10:44.998 I/WM-WorkerWrapper( 2351): Work [ id=41176d4d-428f-4560-a8c8-961a1631ba8f, tags={ com.facebook.wearable.system.selfcare.cloudsync.SelfCareDataCloudSyncWorker } ] was cancelled
11-19 17:10:44.998 I/WM-WorkerWrapper( 2351): java.util.concurrent.CancellationException: Task was cancelled.
11-19 17:10:44.998 I/WM-WorkerWrapper( 2351): 	at androidx.work.impl.utils.futures.AbstractFuture.getDoneValue(:32)
11-19 17:10:44.998 I/WM-WorkerWrapper( 2351): 	at androidx.work.impl.utils.futures.AbstractFuture.get(:268435546)
11-19 17:10:44.998 I/WM-WorkerWrapper( 2351): 	at androidx.work.impl.WorkerWrapper$2.run(:3)
11-19 17:10:44.998 I/WM-WorkerWrapper( 2351): 	at androidx.work.impl.utils.SerialExecutor$Task.run(:2)
11-19 17:10:44.998 I/WM-WorkerWrapper( 2351): 	at java.util.concurrent.ThreadPoolExecutor.runWorker(ThreadPoolExecutor.java:1167)
11-19 17:10:44.998 I/WM-WorkerWrapper( 2351): 	at java.util.concurrent.ThreadPoolExecutor$Worker.run(ThreadPoolExecutor.java:641)
11-19 17:10:44.998 I/WM-WorkerWrapper( 2351): 	at java.lang.Thread.run(Thread.java:923)
11-19 17:10:45.114 W/HWComposer(  577): Ignoring duplicate VSYNC event from HWC for display 0 (t=4991375067314)
11-19 17:10:45.138 D/SettingsSDK::SyncHelper( 2351): Read setting com.facebook.wearable.sdk.selfcare:SELFCARE_SERVICE_ENABLED from persistent cache
11-19 17:10:45.138 D/FacebookRepository( 2351): Reading from Store [906581286488774]
11-19 17:10:45.231 I/WM-WorkerWrapper( 2351): Work [ id=731e9e35-e8c2-49b1-b246-986e05f06ab6, tags={ com.facebook.wearable.system.selfcare.sharing.StickerBundleDatabaseWorker } ] was cancelled
11-19 17:10:45.231 I/WM-WorkerWrapper( 2351): java.util.concurrent.CancellationException: Task was cancelled.
11-19 17:10:45.231 I/WM-WorkerWrapper( 2351): 	at androidx.work.impl.utils.futures.AbstractFuture.getDoneValue(:32)
11-19 17:10:45.231 I/WM-WorkerWrapper( 2351): 	at androidx.work.impl.utils.futures.AbstractFuture.get(:268435546)
11-19 17:10:45.231 I/WM-WorkerWrapper( 2351): 	at androidx.work.impl.WorkerWrapper$2.run(:3)
11-19 17:10:45.231 I/WM-WorkerWrapper( 2351): 	at androidx.work.impl.utils.SerialExecutor$Task.run(:2)
11-19 17:10:45.231 I/WM-WorkerWrapper( 2351): 	at java.util.concurrent.ThreadPoolExecutor.runWorker(ThreadPoolExecutor.java:1167)
11-19 17:10:45.231 I/WM-WorkerWrapper( 2351): 	at java.util.concurrent.ThreadPoolExecutor$Worker.run(ThreadPoolExecutor.java:641)
11-19 17:10:45.231 I/WM-WorkerWrapper( 2351): 	at java.lang.Thread.run(Thread.java:923)
11-19 17:10:45.231 E/StickerBundleDatabaseWorker( 2351): Failed to fetch sticker bundles:
11-19 17:10:45.231 E/StickerBundleDatabaseWorker( 2351): kotlinx.coroutines.JobCancellationException: Job was cancelled; job=JobImpl{Cancelling}@945fa77
11-19 17:10:45.302 D/CompatibilityInfo( 1194): mCompatibilityFlags - 4
11-19 17:10:45.302 D/CompatibilityInfo( 1194): applicationDensity - 320
11-19 17:10:45.302 D/CompatibilityInfo( 1194): applicationScale - 1.0
11-19 17:10:45.362 E/SelfCareDataCloudSyncWorker( 2351): Failed to get access token
11-19 17:10:45.362 E/SelfCareDataCloudSyncWorker( 2351): kotlinx.coroutines.JobCancellationException: Job was cancelled; job=JobImpl{Cancelling}@588a202
11-19 17:10:45.363 I/WM-WorkerWrapper( 2351): Work [ id=41176d4d-428f-4560-a8c8-961a1631ba8f, tags={ com.facebook.wearable.system.selfcare.cloudsync.SelfCareDataCloudSyncWorker } ] was cancelled
11-19 17:10:45.363 I/WM-WorkerWrapper( 2351): java.util.concurrent.CancellationException: Task was cancelled.
11-19 17:10:45.363 I/WM-WorkerWrapper( 2351): 	at androidx.work.impl.utils.futures.AbstractFuture.getDoneValue(:32)
11-19 17:10:45.363 I/WM-WorkerWrapper( 2351): 	at androidx.work.impl.utils.futures.AbstractFuture.get(:268435546)
11-19 17:10:45.363 I/WM-WorkerWrapper( 2351): 	at androidx.work.impl.WorkerWrapper$2.run(:3)
11-19 17:10:45.363 I/WM-WorkerWrapper( 2351): 	at androidx.work.impl.utils.SerialExecutor$Task.run(:2)
11-19 17:10:45.363 I/WM-WorkerWrapper( 2351): 	at java.util.concurrent.ThreadPoolExecutor.runWorker(ThreadPoolExecutor.java:1167)
11-19 17:10:45.363 I/WM-WorkerWrapper( 2351): 	at java.util.concurrent.ThreadPoolExecutor$Worker.run(ThreadPoolExecutor.java:641)
11-19 17:10:45.363 I/WM-WorkerWrapper( 2351): 	at java.lang.Thread.run(Thread.java:923)
11-19 17:10:45.447 E/QMI_FW  ( 1113): qmi_cci_get_ref: ref count increased 2
11-19 17:10:45.449 E/QMI_FW  ( 1113): qmi_cci_get_ref: ref count increased 2
11-19 17:10:45.460 D/ConnectivityService( 1194): handleLingerComplete for [100 CELLULAR]
11-19 17:10:45.462 D/RadioLinkQualityScoreBuilder( 1975): scoreRsrp: 2scoreRsrq: 2scoreRssnr: 2
11-19 17:10:45.463 I/WearableConnectivityManager( 2581): LTE Signal strength is: 1
11-19 17:10:45.463 I/WearableConnectivityManager( 2581): Cellular Signal strength is: 1
11-19 17:10:45.464 W/MqttClient( 2665): connection/disconnecting; reason=READ_SOCKET, operation=NETWORK_THREAD_LOOP
11-19 17:10:45.465 W/System.err( 2665): DEBUG: com.whatsapp.net.tls13.WtSocketWrapper.sendAlertAndShutdown(:86) : Sending Alert : type : WARNING description : close_notify(0) exception : 
11-19 17:10:45.468 W/System.err( 2665): ERROR: com.whatsapp.net.logging.WtLog.log$REDEX$HQcOuACUrr4(:4) : Encountered exception. Nothing much can be done here. com.whatsapp.net.alerts.WtAlertException
11-19 17:10:45.515 D/SettingsSDK::SyncHelper( 2351): Read setting com.facebook.wearable.sdk.selfcare:SELFCARE_SERVICE_ENABLED from persistent cache
11-19 17:10:45.515 D/FacebookRepository( 2351): Reading from Store [906581286488774]
11-19 17:10:45.533 D/QCNEJ/WwanInfoRelay( 1900): onCapabilitiesChanged: 100 [ Transports: CELLULAR Capabilities: MMS&SUPL&FOTA&INTERNET&NOT_RESTRICTED&TRUSTED&NOT_VPN&VALIDATED&NOT_ROAMING&NOT_CONGESTED&NOT_SUSPENDED LinkUpBandwidth>=15000Kbps LinkDnBandwidth>=30000Kbps Specifier: <TelephonyNetworkSpecifier [mSubId = 1]> AdministratorUids: [] RequestorUid: -1 RequestorPackageName: null]
11-19 17:10:45.534 I/QCNEJ/WwanInfoRelay( 1900): cacheWwanInfo subId = 1 phoneId = 0 slotId = 0
11-19 17:10:45.540 W/System.err( 2665): INFO: com.whatsapp.net.logging.WtLog.log$REDEX$HQcOuACUrr4(:4) : Start handshake.
11-19 17:10:45.564 W/System.err( 2665): INFO: com.whatsapp.net.logging.WtLog.log$REDEX$HQcOuACUrr4(:4) : Handshake complete : session_resumed true early_data_sent false early_data_accepted false client_cert_requested false time_ms 24
11-19 17:10:45.577 E/QMI_FW  ( 1113): qmi_cci_get_ref: ref count increased 2
11-19 17:10:45.578 E/QMI_FW  ( 1113): qmi_cci_get_ref: ref count increased 2
11-19 17:10:45.578 E/QMI_FW  ( 1113): qmi_cci_get_ref: ref count increased 2
11-19 17:10:45.618 E/StickerBundleDatabaseWorker( 2351): Failed to fetch sticker bundles:
11-19 17:10:45.618 E/StickerBundleDatabaseWorker( 2351): kotlinx.coroutines.JobCancellationException: Job was cancelled; job=JobImpl{Cancelling}@cbd058b
11-19 17:10:45.618 I/WM-WorkerWrapper( 2351): Work [ id=731e9e35-e8c2-49b1-b246-986e05f06ab6, tags={ com.facebook.wearable.system.selfcare.sharing.StickerBundleDatabaseWorker } ] was cancelled
11-19 17:10:45.618 I/WM-WorkerWrapper( 2351): java.util.concurrent.CancellationException: Task was cancelled.
11-19 17:10:45.618 I/WM-WorkerWrapper( 2351): 	at androidx.work.impl.utils.futures.AbstractFuture.getDoneValue(:32)
11-19 17:10:45.618 I/WM-WorkerWrapper( 2351): 	at androidx.work.impl.utils.futures.AbstractFuture.get(:268435546)
11-19 17:10:45.618 I/WM-WorkerWrapper( 2351): 	at androidx.work.impl.WorkerWrapper$2.run(:3)
11-19 17:10:45.618 I/WM-WorkerWrapper( 2351): 	at androidx.work.impl.utils.SerialExecutor$Task.run(:2)
11-19 17:10:45.618 I/WM-WorkerWrapper( 2351): 	at java.util.concurrent.ThreadPoolExecutor.runWorker(ThreadPoolExecutor.java:1167)
11-19 17:10:45.618 I/WM-WorkerWrapper( 2351): 	at java.util.concurrent.ThreadPoolExecutor$Worker.run(ThreadPoolExecutor.java:641)
11-19 17:10:45.618 I/WM-WorkerWrapper( 2351): 	at java.lang.Thread.run(Thread.java:923)
11-19 17:10:45.650 D/UIAutomatorStub( 6249): URI: /jsonrpc/0, Method: POST, Header: {content-length=229, remote-addr=127.0.0.1, http-client-ip=127.0.0.1, host=localhost:9010, content-type=application/json, accept-encoding=identity}, params, {NanoHttpd.QUERY_STRING=null}, files: {postData={"jsonrpc": "2.0", "method": "objInfo", "id": "bb69a2d6e39c1768eb8053a0a7415c36", "params": [{"mask": 2097152, "childOrSibling": [], "childOrSiblingSelector": [], "resourceId": "com.facebook.wearable.system.settings:id/toggle"}]}}
11-19 17:10:45.698 D/CompatibilityInfo( 1194): mCompatibilityFlags - 4
11-19 17:10:45.698 D/CompatibilityInfo( 1194): applicationDensity - 320
11-19 17:10:45.698 D/CompatibilityInfo( 1194): applicationScale - 1.0
11-19 17:10:45.727 D/UIAutomatorStub( 6249): URI: /jsonrpc/0, Method: POST, Header: {content-length=227, remote-addr=127.0.0.1, http-client-ip=127.0.0.1, host=localhost:9010, content-type=application/json, accept-encoding=identity}, params, {NanoHttpd.QUERY_STRING=null}, files: {postData={"jsonrpc": "2.0", "method": "click", "id": "752776fbeafe36921e5b59fd004833e1", "params": [{"mask": 2097152, "childOrSibling": [], "childOrSiblingSelector": [], "resourceId": "com.facebook.wearable.system.settings:id/toggle"}]}}
11-19 17:10:45.752 E/SelfCareDataCloudSyncWorker( 2351): Failed to get access token
11-19 17:10:45.752 E/SelfCareDataCloudSyncWorker( 2351): kotlinx.coroutines.JobCancellationException: Job was cancelled; job=JobImpl{Cancelling}@5af0114
11-19 17:10:45.753 I/WM-WorkerWrapper( 2351): Work [ id=41176d4d-428f-4560-a8c8-961a1631ba8f, tags={ com.facebook.wearable.system.selfcare.cloudsync.SelfCareDataCloudSyncWorker } ] was cancelled
11-19 17:10:45.753 I/WM-WorkerWrapper( 2351): java.util.concurrent.CancellationException: Task was cancelled.
11-19 17:10:45.753 I/WM-WorkerWrapper( 2351): 	at androidx.work.impl.utils.futures.AbstractFuture.getDoneValue(:32)
11-19 17:10:45.753 I/WM-WorkerWrapper( 2351): 	at androidx.work.impl.utils.futures.AbstractFuture.get(:268435546)
11-19 17:10:45.753 I/WM-WorkerWrapper( 2351): 	at androidx.work.impl.WorkerWrapper$2.run(:3)
11-19 17:10:45.753 I/WM-WorkerWrapper( 2351): 	at androidx.work.impl.utils.SerialExecutor$Task.run(:2)
11-19 17:10:45.753 I/WM-WorkerWrapper( 2351): 	at java.util.concurrent.ThreadPoolExecutor.runWorker(ThreadPoolExecutor.java:1167)
11-19 17:10:45.753 I/WM-WorkerWrapper( 2351): 	at java.util.concurrent.ThreadPoolExecutor$Worker.run(ThreadPoolExecutor.java:641)
11-19 17:10:45.753 I/WM-WorkerWrapper( 2351): 	at java.lang.Thread.run(Thread.java:923)
11-19 17:10:45.767 D/WifiSharingService( 2841): Setting Wi-Fi enabled state
11-19 17:10:45.769 I/WifiService( 1194): setWifiEnabled package=com.facebook.wearable.system.connectivity uid=1000 enable=false
11-19 17:10:45.773 D/QCNEJ/WlanStaInfoRelay( 1900): onChange for uri = content://settings/global/wifi_on
11-19 17:10:45.776 E/QMI_FW  (  927): qmi_cci_get_ref: ref count increased 2
11-19 17:10:45.777 D/WifiActiveModeWarden( 1194): Switching all client mode managers
11-19 17:10:45.784 D/WifiP2pService( 1194): Wifi enabled=false, P2P Interface availability=true
11-19 17:10:45.785 D/WifiP2pNative( 1194): Teardown P2P interface
11-19 17:10:45.785 D/WifiP2pService( 1194): Wifi enabled=false, P2P Interface availability=true
11-19 17:10:45.789 W/ContextImpl( 1194): Calling a method in the system process without a qualified user: android.app.ContextImpl.sendBroadcastMultiplePermissions:1143 android.content.Context.sendBroadcastWithMultiplePermissions:2150 com.android.server.display.WifiDisplayAdapter.handleSendStatusChangeBroadcast:440 com.android.server.display.WifiDisplayAdapter.access$1700:63 com.android.server.display.WifiDisplayAdapter$WifiDisplayHandler.handleMessage:675 
11-19 17:10:45.808 D/WifiClientModeManager1( 1194): IMS not registered over IWLAN for subId: 1
11-19 17:10:45.808 D/WifiClientModeManager1( 1194): The target role 5
11-19 17:10:45.813 I/android_os_HwBinder( 1194): HwBinder: Starting thread pool for getting: android.hardware.wifi.supplicant@1.0::ISupplicant/default
11-19 17:10:45.820 I/wpa_supplicant( 8906): wlan0: Do not deauthenticate as part of interface deinit since WoWLAN is enabled
11-19 17:10:45.866 I/wpa_supplicant( 8906): Try to unregister vendor STA network
11-19 17:10:45.872 E/wpa_supplicant( 8906): eap_proxy: pthread_join on eap_proxy=0xc017eac
11-19 17:10:45.872 E/wpa_supplicant( 8906): eap_proxy: session not started for client = 1
11-19 17:10:45.872 E/QMI_FW  ( 8906): qmi_cci_get_ref: ref count increased 2
11-19 17:10:45.872 E/QMI_FW  ( 8906): qmi_cci_get_ref: ref count increased 2
11-19 17:10:45.873 E/wpa_supplicant( 8906): eap_proxy: Released QMI UIM service client
11-19 17:10:45.873 E/QMI_FW  ( 8906): qmi_cci_get_ref: ref count increased 2
11-19 17:10:45.873 E/QMI_FW  ( 8906): qmi_cci_get_ref: ref count increased 2
11-19 17:10:45.873 E/wpa_supplicant( 8906): eap_proxy: Released QMI EAP service client
11-19 17:10:45.873 E/wpa_supplicant( 8906): eap_proxy: session not started for client = 2
11-19 17:10:45.873 E/QMI_FW  ( 8906): qmi_cci_get_ref: ref count increased 2
11-19 17:10:45.873 E/QMI_FW  ( 8906): qmi_cci_get_ref: ref count increased 2
11-19 17:10:45.874 E/wpa_supplicant( 8906): eap_proxy: Released QMI UIM service client
11-19 17:10:45.874 E/QMI_FW  ( 8906): qmi_cci_get_ref: ref count increased 2
11-19 17:10:45.875 E/QMI_FW  ( 8906): qmi_cci_get_ref: ref count increased 2
11-19 17:10:45.876 E/wpa_supplicant( 8906): eap_proxy: Released QMI EAP service client
11-19 17:10:45.876 I/wpa_supplicant( 8906): eap_proxy: eap_proxy Deinitialzed
11-19 17:10:45.910 D/SettingsSDK::SyncHelper( 2351): Read setting com.facebook.wearable.sdk.selfcare:SELFCARE_SERVICE_ENABLED from persistent cache
11-19 17:10:45.911 D/FacebookRepository( 2351): Reading from Store [906581286488774]
11-19 17:10:45.934 I/wpa_supplicant( 8906): nl80211: deinit ifname=wlan0 disabled_11b_rates=0
11-19 17:10:45.977 D/LOWI-9.0.0.80( 1024): [LOWINetlinkSocketReceiver] unpackRTMLinkMessage: RTM_NEWLINK - ifname wlan0, flags 0x11043 ([UP][RUNNING])
11-19 17:10:45.977 D/LOWI-9.0.0.80( 1024): [LOWINetlinkSocketReceiver] processNetlinkPacket: ifname(wlan0) status(2)
11-19 17:10:45.977 D/LOWI-9.0.0.80( 1024): [LOWIController] intfStateReceived: ifname(wlan0) state(2)
11-19 17:10:45.978 D/LOWI-9.0.0.80( 1024): [LOWIEventReceiver] handleEvent:FROM:NA, TO:NA, REQ:NA, IREQ:NA, REQ_ID:0, RESP:NA, INFO:INTF-STATUS-UPDATE
11-19 17:10:45.978 D/LOWI-9.0.0.80( 1024): [LOWIEventReceiver] Info to [INTF-STATUS-UPDATE]
11-19 17:10:45.978 D/LOWI-9.0.0.80( 1024): [LOWIController] updateIntfState: WIFI enabled 2 mNlWifiStatus 2 mWifiStateEnabled 1
11-19 17:10:45.978 D/LOWI-9.0.0.80( 1024): [LOWIController] isWifiEnabled: mNlWifiStatus 2 mWifiStateEnabled 1
11-19 17:10:45.980 I/wpa_supplicant( 8906): Try to unregister vendor interface
11-19 17:10:45.986 I/SupplicantStaIfaceHal( 1194): Terminating supplicant using HIDL
11-19 17:10:45.987 I/wpa_supplicant( 8906): p2p0: Do not deauthenticate as part of interface deinit since WoWLAN is enabled
11-19 17:10:46.008 I/WM-WorkerWrapper( 2351): Work [ id=731e9e35-e8c2-49b1-b246-986e05f06ab6, tags={ com.facebook.wearable.system.selfcare.sharing.StickerBundleDatabaseWorker } ] was cancelled
11-19 17:10:46.008 I/WM-WorkerWrapper( 2351): java.util.concurrent.CancellationException: Task was cancelled.
11-19 17:10:46.008 I/WM-WorkerWrapper( 2351): 	at androidx.work.impl.utils.futures.AbstractFuture.getDoneValue(:32)
11-19 17:10:46.008 I/WM-WorkerWrapper( 2351): 	at androidx.work.impl.utils.futures.AbstractFuture.get(:268435546)
11-19 17:10:46.008 I/WM-WorkerWrapper( 2351): 	at androidx.work.impl.WorkerWrapper$2.run(:3)
11-19 17:10:46.008 I/WM-WorkerWrapper( 2351): 	at androidx.work.impl.utils.SerialExecutor$Task.run(:2)
11-19 17:10:46.008 I/WM-WorkerWrapper( 2351): 	at java.util.concurrent.ThreadPoolExecutor.runWorker(ThreadPoolExecutor.java:1167)
11-19 17:10:46.008 I/WM-WorkerWrapper( 2351): 	at java.util.concurrent.ThreadPoolExecutor$Worker.run(ThreadPoolExecutor.java:641)
11-19 17:10:46.008 I/WM-WorkerWrapper( 2351): 	at java.lang.Thread.run(Thread.java:923)
11-19 17:10:46.009 E/StickerBundleDatabaseWorker( 2351): Failed to fetch sticker bundles:
11-19 17:10:46.009 E/StickerBundleDatabaseWorker( 2351): kotlinx.coroutines.JobCancellationException: Job was cancelled; job=JobImpl{Cancelling}@3d5e775
11-19 17:10:46.036 E/wpa_supplicant( 8906): eap_proxy: pthread_join on eap_proxy=0xc017fa8
11-19 17:10:46.037 E/wpa_supplicant( 8906): eap_proxy: session not started for client = 1
11-19 17:10:46.037 E/QMI_FW  ( 8906): qmi_cci_get_ref: ref count increased 2
11-19 17:10:46.037 E/QMI_FW  ( 8906): qmi_cci_get_ref: ref count increased 2
11-19 17:10:46.038 E/wpa_supplicant( 8906): eap_proxy: Released QMI UIM service client
11-19 17:10:46.038 E/QMI_FW  ( 8906): qmi_cci_get_ref: ref count increased 2
11-19 17:10:46.038 E/QMI_FW  ( 8906): qmi_cci_get_ref: ref count increased 2
11-19 17:10:46.040 E/wpa_supplicant( 8906): eap_proxy: Released QMI EAP service client
11-19 17:10:46.040 E/wpa_supplicant( 8906): eap_proxy: session not started for client = 2
11-19 17:10:46.040 E/QMI_FW  ( 8906): qmi_cci_get_ref: ref count increased 2
11-19 17:10:46.040 E/QMI_FW  ( 8906): qmi_cci_get_ref: ref count increased 2
11-19 17:10:46.042 E/wpa_supplicant( 8906): eap_proxy: Released QMI UIM service client
11-19 17:10:46.042 E/QMI_FW  ( 8906): qmi_cci_get_ref: ref count increased 2
11-19 17:10:46.042 E/QMI_FW  ( 8906): qmi_cci_get_ref: ref count increased 2
11-19 17:10:46.044 E/wpa_supplicant( 8906): eap_proxy: Released QMI EAP service client
11-19 17:10:46.044 I/wpa_supplicant( 8906): eap_proxy: eap_proxy Deinitialzed
11-19 17:10:46.084 I/wpa_supplicant( 8906): nl80211: deinit ifname=p2p0 disabled_11b_rates=0
11-19 17:10:46.086 D/CompatibilityInfo( 1194): mCompatibilityFlags - 4
11-19 17:10:46.086 D/CompatibilityInfo( 1194): applicationDensity - 320
11-19 17:10:46.086 D/CompatibilityInfo( 1194): applicationScale - 1.0
11-19 17:10:46.138 E/SelfCareDataCloudSyncWorker( 2351): Failed to get access token
11-19 17:10:46.138 E/SelfCareDataCloudSyncWorker( 2351): kotlinx.coroutines.JobCancellationException: Job was cancelled; job=JobImpl{Cancelling}@75bb998
11-19 17:10:46.138 I/WM-WorkerWrapper( 2351): Work [ id=41176d4d-428f-4560-a8c8-961a1631ba8f, tags={ com.facebook.wearable.system.selfcare.cloudsync.SelfCareDataCloudSyncWorker } ] was cancelled
11-19 17:10:46.138 I/WM-WorkerWrapper( 2351): java.util.concurrent.CancellationException: Task was cancelled.
11-19 17:10:46.138 I/WM-WorkerWrapper( 2351): 	at androidx.work.impl.utils.futures.AbstractFuture.getDoneValue(:32)
11-19 17:10:46.138 I/WM-WorkerWrapper( 2351): 	at androidx.work.impl.utils.futures.AbstractFuture.get(:268435546)
11-19 17:10:46.138 I/WM-WorkerWrapper( 2351): 	at androidx.work.impl.WorkerWrapper$2.run(:3)
11-19 17:10:46.138 I/WM-WorkerWrapper( 2351): 	at androidx.work.impl.utils.SerialExecutor$Task.run(:2)
11-19 17:10:46.138 I/WM-WorkerWrapper( 2351): 	at java.util.concurrent.ThreadPoolExecutor.runWorker(ThreadPoolExecutor.java:1167)
11-19 17:10:46.138 I/WM-WorkerWrapper( 2351): 	at java.util.concurrent.ThreadPoolExecutor$Worker.run(ThreadPoolExecutor.java:641)
11-19 17:10:46.138 I/WM-WorkerWrapper( 2351): 	at java.lang.Thread.run(Thread.java:923)
11-19 17:10:46.147 D/LOWI-9.0.0.80( 1024): [LOWINetlinkSocketReceiver] unpackRTMLinkMessage: RTM_NEWLINK - ifname p2p0, flags 0x1003 ([UP])
11-19 17:10:46.169 D/LOWI-9.0.0.80( 1024): [LOWINetlinkSocketReceiver] unpackRTMLinkMessage: RTM_NEWLINK - ifname p2p0, flags 0x1002 ()
11-19 17:10:46.175 D/LOWI-9.0.0.80( 1024): [LOWINetlinkSocketReceiver] unpackRTMLinkMessage: RTM_NEWLINK - ifname p2p0, flags 0x1002 ()
11-19 17:10:46.185 I/wpa_supplicant( 8906): Try to unregister vendor p2 interface
11-19 17:10:46.186 I/WifiP2pNative( 1194): P2P interface teardown completed
11-19 17:10:46.187 D/WifiP2pNative( 1194): P2P InterfaceDestroyedListener p2p0
11-19 17:10:46.187 D/WifiP2pNative( 1194): Ignoring stale interface destroyed listener
11-19 17:10:46.187 D/WifiP2pNative( 1194): P2P InterfaceAvailableListener true
11-19 17:10:46.187 D/WifiP2pService( 1194): Wifi enabled=false, P2P Interface availability=true
11-19 17:10:46.189 I/android_os_HwBinder( 1194): HwBinder: Starting thread pool for getting: android.hardware.wifi.supplicant@1.0::ISupplicant/default
11-19 17:10:46.194 I/wpa_supplicant( 8906): Terminating...
11-19 17:10:46.197 D/LOWI-9.0.0.80( 1024): [LOWINetlinkSocketReceiver] unpackRTMLinkMessage: RTM_NEWLINK - ifname wlan0, flags 0x1003 ([UP])
11-19 17:10:46.197 D/LOWI-9.0.0.80( 1024): [LOWINetlinkSocketReceiver] processNetlinkPacket: ifname(wlan0) status(1)
11-19 17:10:46.197 D/LOWI-9.0.0.80( 1024): [LOWIController] intfStateReceived: ifname(wlan0) state(1)
11-19 17:10:46.197 D/LOWI-9.0.0.80( 1024): [LOWIEventReceiver] handleEvent:FROM:NA, TO:NA, REQ:NA, IREQ:NA, REQ_ID:0, RESP:NA, INFO:INTF-STATUS-UPDATE
