11-21 07:57:12.782 I/WM-WorkerWrapper( 2334): 	at java.util.concurrent.ThreadPoolExecutor$Worker.run(ThreadPoolExecutor.java:641)
11-21 07:57:12.782 I/WM-WorkerWrapper( 2334): 	at java.lang.Thread.run(Thread.java:923)
11-21 07:57:12.848 D/WifiSharingService( 2870): Setting Wi-Fi enabled state
11-21 07:57:12.848 I/WifiService( 1186): setWifiEnabled package=com.facebook.wearable.system.connectivity uid=1000 enable=false
11-21 07:57:12.851 D/QCNEJ/WlanStaInfoRelay( 1907): onChange for uri = content://settings/global/wifi_on
11-21 07:57:12.860 E/QMI_FW  (  915): qmi_cci_get_ref: ref count increased 2
11-21 07:57:12.866 D/WifiActiveModeWarden( 1186): Switching all client mode managers
11-21 07:57:12.867 D/CompatibilityInfo( 1186): mCompatibilityFlags - 4
11-21 07:57:12.867 D/CompatibilityInfo( 1186): applicationDensity - 320
11-21 07:57:12.867 D/CompatibilityInfo( 1186): applicationScale - 1.0
11-21 07:57:12.870 D/WifiP2pService( 1186): Wifi enabled=false, P2P Interface availability=true
11-21 07:57:12.872 D/BluetoothAdapterService( 1710): android.net.wifi.WIFI_STATE_CHANGED
11-21 07:57:12.873 D/WifiP2pNative( 1186): Teardown P2P interface
11-21 07:57:12.883 D/WifiP2pService( 1186): Wifi enabled=false, P2P Interface availability=true
11-21 07:57:12.891 W/ContextImpl( 1186): Calling a method in the system process without a qualified user: android.app.ContextImpl.sendBroadcastMultiplePermissions:1143 android.content.Context.sendBroadcastWithMultiplePermissions:2150 com.android.server.display.WifiDisplayAdapter.handleSendStatusChangeBroadcast:440 com.android.server.display.WifiDisplayAdapter.access$1700:63 com.android.server.display.WifiDisplayAdapter$WifiDisplayHandler.handleMessage:675 
11-21 07:57:12.897 D/WifiClientModeManager0( 1186): IMS not registered over IWLAN for subId: 1
11-21 07:57:12.897 D/WifiClientModeManager0( 1186): The target role 5
11-21 07:57:12.909 I/wpa_supplicant(28478): p2p0: Do not deauthenticate as part of interface deinit since WoWLAN is enabled
11-21 07:57:12.944 E/wpa_supplicant(28478): eap_proxy: pthread_join on eap_proxy=0x650fa8
11-21 07:57:12.947 E/wpa_supplicant(28478): eap_proxy: session not started for client = 1
11-21 07:57:12.947 E/QMI_FW  (28478): qmi_cci_get_ref: ref count increased 2
11-21 07:57:12.947 E/QMI_FW  (28478): qmi_cci_get_ref: ref count increased 2
11-21 07:57:12.947 E/wpa_supplicant(28478): eap_proxy: Released QMI UIM service client
11-21 07:57:12.947 E/QMI_FW  (28478): qmi_cci_get_ref: ref count increased 2
11-21 07:57:12.947 E/QMI_FW  (28478): qmi_cci_get_ref: ref count increased 2
11-21 07:57:12.949 E/wpa_supplicant(28478): eap_proxy: Released QMI EAP service client
11-21 07:57:12.949 E/wpa_supplicant(28478): eap_proxy: session not started for client = 2
11-21 07:57:12.949 E/QMI_FW  (28478): qmi_cci_get_ref: ref count increased 2
11-21 07:57:12.949 E/QMI_FW  (28478): qmi_cci_get_ref: ref count increased 2
11-21 07:57:12.949 E/wpa_supplicant(28478): eap_proxy: Released QMI UIM service client
11-21 07:57:12.949 E/QMI_FW  (28478): qmi_cci_get_ref: ref count increased 2
11-21 07:57:12.949 E/QMI_FW  (28478): qmi_cci_get_ref: ref count increased 2
11-21 07:57:12.950 E/wpa_supplicant(28478): eap_proxy: Released QMI EAP service client
11-21 07:57:12.950 I/wpa_supplicant(28478): eap_proxy: eap_proxy Deinitialzed
11-21 07:57:12.961 I/WM-WorkerWrapper( 2334): Work [ id=57f248e9-27c9-4baa-bcea-f98e3ece0d1a, tags={ com.facebook.wearable.system.selfcare.cloudsync.SelfCareDataCloudSyncWorker } ] was cancelled
11-21 07:57:12.961 I/WM-WorkerWrapper( 2334): java.util.concurrent.CancellationException: Task was cancelled.
11-21 07:57:12.961 I/WM-WorkerWrapper( 2334): 	at androidx.work.impl.utils.futures.AbstractFuture.getDoneValue(:32)
11-21 07:57:12.961 I/WM-WorkerWrapper( 2334): 	at androidx.work.impl.utils.futures.AbstractFuture.get(:268435546)
11-21 07:57:12.961 I/WM-WorkerWrapper( 2334): 	at androidx.work.impl.WorkerWrapper$2.run(:3)
11-21 07:57:12.961 I/WM-WorkerWrapper( 2334): 	at androidx.work.impl.utils.SerialExecutor$Task.run(:2)
11-21 07:57:12.961 I/WM-WorkerWrapper( 2334): 	at java.util.concurrent.ThreadPoolExecutor.runWorker(ThreadPoolExecutor.java:1167)
11-21 07:57:12.961 I/WM-WorkerWrapper( 2334): 	at java.util.concurrent.ThreadPoolExecutor$Worker.run(ThreadPoolExecutor.java:641)
11-21 07:57:12.961 I/WM-WorkerWrapper( 2334): 	at java.lang.Thread.run(Thread.java:923)
11-21 07:57:12.962 E/SelfCareDataCloudSyncWorker( 2334): Failed to get access token
11-21 07:57:12.962 E/SelfCareDataCloudSyncWorker( 2334): kotlinx.coroutines.JobCancellationException: Job was cancelled; job=JobImpl{Cancelling}@e807705
11-21 07:57:13.023 I/wpa_supplicant(28478): nl80211: deinit ifname=p2p0 disabled_11b_rates=0
11-21 07:57:13.055 D/LOWI-9.0.0.80( 1026): [LOWINetlinkSocketReceiver] unpackRTMLinkMessage: RTM_NEWLINK - ifname p2p0, flags 0x1003 ([UP])
11-21 07:57:13.080 D/SettingsSDK::SyncHelper( 2334): Read setting com.facebook.wearable.sdk.selfcare:SELFCARE_SERVICE_ENABLED from persistent cache
11-21 07:57:13.081 D/FacebookRepository( 2334): Reading from Store [906581286488774]
11-21 07:57:13.096 D/LOWI-9.0.0.80( 1026): [LOWINetlinkSocketReceiver] unpackRTMLinkMessage: RTM_NEWLINK - ifname p2p0, flags 0x1002 ()
11-21 07:57:13.104 D/LOWI-9.0.0.80( 1026): [LOWINetlinkSocketReceiver] unpackRTMLinkMessage: RTM_NEWLINK - ifname p2p0, flags 0x1002 ()
11-21 07:57:13.115 I/wpa_supplicant(28478): Try to unregister vendor p2 interface
11-21 07:57:13.122 I/android_os_HwBinder( 1186): HwBinder: Starting thread pool for getting: android.hardware.wifi.supplicant@1.0::ISupplicant/default
11-21 07:57:13.123 I/WifiP2pNative( 1186): P2P interface teardown completed
11-21 07:57:13.125 D/WifiP2pNative( 1186): P2P InterfaceDestroyedListener p2p0
11-21 07:57:13.125 I/wpa_supplicant(28478): wlan0: Do not deauthenticate as part of interface deinit since WoWLAN is enabled
11-21 07:57:13.125 D/WifiP2pNative( 1186): Ignoring stale interface destroyed listener
11-21 07:57:13.126 D/WifiP2pNative( 1186): P2P InterfaceAvailableListener true
11-21 07:57:13.126 D/WifiP2pService( 1186): Wifi enabled=false, P2P Interface availability=true
11-21 07:57:13.157 E/StickerBundleDatabaseWorker( 2334): Failed to fetch sticker bundles:
11-21 07:57:13.157 E/StickerBundleDatabaseWorker( 2334): kotlinx.coroutines.JobCancellationException: Job was cancelled; job=JobImpl{Cancelling}@8bc03b2
11-21 07:57:13.157 I/WM-WorkerWrapper( 2334): Work [ id=e596069b-4a6f-495d-b19d-a8669de7ea86, tags={ com.facebook.wearable.system.selfcare.sharing.StickerBundleDatabaseWorker } ] was cancelled
11-21 07:57:13.157 I/WM-WorkerWrapper( 2334): java.util.concurrent.CancellationException: Task was cancelled.
11-21 07:57:13.157 I/WM-WorkerWrapper( 2334): 	at androidx.work.impl.utils.futures.AbstractFuture.getDoneValue(:32)
11-21 07:57:13.157 I/WM-WorkerWrapper( 2334): 	at androidx.work.impl.utils.futures.AbstractFuture.get(:268435546)
11-21 07:57:13.157 I/WM-WorkerWrapper( 2334): 	at androidx.work.impl.WorkerWrapper$2.run(:3)
11-21 07:57:13.157 I/WM-WorkerWrapper( 2334): 	at androidx.work.impl.utils.SerialExecutor$Task.run(:2)
11-21 07:57:13.157 I/WM-WorkerWrapper( 2334): 	at java.util.concurrent.ThreadPoolExecutor.runWorker(ThreadPoolExecutor.java:1167)
11-21 07:57:13.157 I/WM-WorkerWrapper( 2334): 	at java.util.concurrent.ThreadPoolExecutor$Worker.run(ThreadPoolExecutor.java:641)
11-21 07:57:13.157 I/WM-WorkerWrapper( 2334): 	at java.lang.Thread.run(Thread.java:923)
11-21 07:57:13.164 I/wpa_supplicant(28478): Try to unregister vendor STA network
11-21 07:57:13.164 E/wpa_supplicant(28478): eap_proxy: pthread_join on eap_proxy=0x650eac
11-21 07:57:13.164 E/wpa_supplicant(28478): eap_proxy: session not started for client = 1
11-21 07:57:13.165 E/QMI_FW  (28478): qmi_cci_get_ref: ref count increased 2
11-21 07:57:13.165 E/QMI_FW  (28478): qmi_cci_get_ref: ref count increased 2
11-21 07:57:13.167 E/wpa_supplicant(28478): eap_proxy: Released QMI UIM service client
11-21 07:57:13.167 E/QMI_FW  (28478): qmi_cci_get_ref: ref count increased 2
11-21 07:57:13.167 E/QMI_FW  (28478): qmi_cci_get_ref: ref count increased 2
11-21 07:57:13.168 E/wpa_supplicant(28478): eap_proxy: Released QMI EAP service client
11-21 07:57:13.169 E/wpa_supplicant(28478): eap_proxy: session not started for client = 2
11-21 07:57:13.169 E/QMI_FW  (28478): qmi_cci_get_ref: ref count increased 2
11-21 07:57:13.169 E/QMI_FW  (28478): qmi_cci_get_ref: ref count increased 2
11-21 07:57:13.170 E/wpa_supplicant(28478): eap_proxy: Released QMI UIM service client
11-21 07:57:13.170 E/QMI_FW  (28478): qmi_cci_get_ref: ref count increased 2
11-21 07:57:13.170 E/QMI_FW  (28478): qmi_cci_get_ref: ref count increased 2
11-21 07:57:13.172 E/wpa_supplicant(28478): eap_proxy: Released QMI EAP service client
11-21 07:57:13.172 I/wpa_supplicant(28478): eap_proxy: eap_proxy Deinitialzed
11-21 07:57:13.189 D/ConnectivityService( 1186): handleLingerComplete for [101 CELLULAR]
11-21 07:57:13.216 W/MqttClient( 2620): connection/disconnecting; reason=READ_SOCKET, operation=NETWORK_THREAD_LOOP
11-21 07:57:13.216 I/wpa_supplicant(28478): nl80211: deinit ifname=wlan0 disabled_11b_rates=0
11-21 07:57:13.217 W/System.err( 2620): DEBUG: com.whatsapp.net.tls13.WtSocketWrapper.sendAlertAndShutdown(:86) : Sending Alert : type : WARNING description : close_notify(0) exception : 
11-21 07:57:13.218 W/System.err( 2620): ERROR: com.whatsapp.net.logging.WtLog.log$REDEX$HQcOuACUrr4(:4) : Encountered exception. Nothing much can be done here. com.whatsapp.net.alerts.WtAlertException
11-21 07:57:13.224 D/QCNEJ/WwanInfoRelay( 1907): onCapabilitiesChanged: 101 [ Transports: CELLULAR Capabilities: MMS&SUPL&FOTA&INTERNET&NOT_RESTRICTED&TRUSTED&NOT_VPN&VALIDATED&NOT_ROAMING&NOT_CONGESTED&NOT_SUSPENDED LinkUpBandwidth>=15000Kbps LinkDnBandwidth>=30000Kbps Specifier: <TelephonyNetworkSpecifier [mSubId = 1]> AdministratorUids: [] RequestorUid: -1 RequestorPackageName: null]
11-21 07:57:13.225 I/QCNEJ/WwanInfoRelay( 1907): cacheWwanInfo subId = 1 phoneId = 0 slotId = 0
11-21 07:57:13.258 D/CompatibilityInfo( 1186): mCompatibilityFlags - 4
11-21 07:57:13.258 D/CompatibilityInfo( 1186): applicationDensity - 320
11-21 07:57:13.258 D/CompatibilityInfo( 1186): applicationScale - 1.0
11-21 07:57:13.265 I/wpa_supplicant(28478): Try to unregister vendor interface
11-21 07:57:13.266 D/LOWI-9.0.0.80( 1026): [LOWINetlinkSocketReceiver] unpackRTMLinkMessage: RTM_NEWLINK - ifname wlan0, flags 0x11043 ([UP][RUNNING])
11-21 07:57:13.266 D/LOWI-9.0.0.80( 1026): [LOWINetlinkSocketReceiver] processNetlinkPacket: ifname(wlan0) status(2)
11-21 07:57:13.266 D/LOWI-9.0.0.80( 1026): [LOWIController] intfStateReceived: ifname(wlan0) state(2)
11-21 07:57:13.266 D/LOWI-9.0.0.80( 1026): [LOWIEventReceiver] handleEvent:FROM:NA, TO:NA, REQ:NA, IREQ:NA, REQ_ID:0, RESP:NA, INFO:INTF-STATUS-UPDATE
11-21 07:57:13.266 D/LOWI-9.0.0.80( 1026): [LOWIEventReceiver] Info to [INTF-STATUS-UPDATE]
11-21 07:57:13.266 D/LOWI-9.0.0.80( 1026): [LOWIController] updateIntfState: WIFI enabled 2 mNlWifiStatus 2 mWifiStateEnabled 1
11-21 07:57:13.266 D/LOWI-9.0.0.80( 1026): [LOWIController] isWifiEnabled: mNlWifiStatus 2 mWifiStateEnabled 1
11-21 07:57:13.267 I/SupplicantStaIfaceHal( 1186): Terminating supplicant using HIDL
11-21 07:57:13.269 I/android_os_HwBinder( 1186): HwBinder: Starting thread pool for getting: android.hardware.wifi.supplicant@1.0::ISupplicant/default
11-21 07:57:13.271 I/wpa_supplicant(28478): Terminating...
11-21 07:57:13.273 D/LOWI-9.0.0.80( 1026): [LOWINetlinkSocketReceiver] unpackRTMLinkMessage: RTM_NEWLINK - ifname wlan0, flags 0x1003 ([UP])
11-21 07:57:13.273 D/LOWI-9.0.0.80( 1026): [LOWINetlinkSocketReceiver] processNetlinkPacket: ifname(wlan0) status(1)
11-21 07:57:13.273 D/LOWI-9.0.0.80( 1026): [LOWIController] intfStateReceived: ifname(wlan0) state(1)
11-21 07:57:13.273 D/LOWI-9.0.0.80( 1026): [LOWIEventReceiver] handleEvent:FROM:NA, TO:NA, REQ:NA, IREQ:NA, REQ_ID:0, RESP:NA, INFO:INTF-STATUS-UPDATE
11-21 07:57:13.273 D/LOWI-9.0.0.80( 1026): [LOWIEventReceiver] Info to [INTF-STATUS-UPDATE]
11-21 07:57:13.273 D/LOWI-9.0.0.80( 1026): [LOWIController] updateIntfState: WIFI enabled 1 mNlWifiStatus 2 mWifiStateEnabled 1
11-21 07:57:13.273 D/LOWI-9.0.0.80( 1026): [LOWIController] isWifiEnabled: mNlWifiStatus 1 mWifiStateEnabled 1
11-21 07:57:13.322 W/SupplicantStaIfaceHal( 1186): Timed out waiting for confirmation of supplicant death
11-21 07:57:13.323 E/SupplicantStaIfaceHal( 1186): Can't call getKeyMgmtCapabilities_1_3, ISupplicantStaIface is null
11-21 07:57:13.325 V/WifiHAL (  544): WifiVendorCommand 0xaadf1b98 created vendor_id:0x1374 subcmd:38
11-21 07:57:13.326 V/WifiHAL (  544): Got a Wi-Fi HAL module message from Driver
11-21 07:57:13.326 V/WifiHAL (  544): Supported feature set : 1993d
11-21 07:57:13.326 V/WifiHAL (  544): Supported feature set acquired : 1993d
11-21 07:57:13.326 D/LOWI-9.0.0.80( 1026): [LOWINetlinkSocketReceiver] unpackRTMLinkMessage: RTM_NEWLINK - ifname wlan0, flags 0x1003 ([UP])
11-21 07:57:13.326 V/WifiHAL (  544): WifiVendorCommand 0x98689280 created vendor_id:0x1374 subcmd:76
11-21 07:57:13.326 D/LOWI-9.0.0.80( 1026): [LOWINetlinkSocketReceiver] processNetlinkPacket: ifname(wlan0) status(1)
11-21 07:57:13.327 D/LOWI-9.0.0.80( 1026): [LOWIController] intfStateReceived: ifname(wlan0) state(1)
11-21 07:57:13.327 V/WifiHAL (  544): create: mVendor_id = 4980, Subcmd = 76.
11-21 07:57:13.327 D/LOWI-9.0.0.80( 1026): [LOWIEventReceiver] handleEvent:FROM:NA, TO:NA, REQ:NA, IREQ:NA, REQ_ID:0, RESP:NA, INFO:INTF-STATUS-UPDATE
11-21 07:57:13.327 D/LOWI-9.0.0.80( 1026): [LOWIEventReceiver] Info to [INTF-STATUS-UPDATE]
11-21 07:57:13.327 D/LOWI-9.0.0.80( 1026): [LOWIController] updateIntfState: WIFI enabled 1 mNlWifiStatus 1 mWifiStateEnabled 1
11-21 07:57:13.327 D/LOWI-9.0.0.80( 1026): [LOWIController] isWifiEnabled: mNlWifiStatus 1 mWifiStateEnabled 1
11-21 07:57:13.329 V/WifiHAL (  544): event received NL80211_CMD_DISCONNECT
11-21 07:57:13.346 W/system_server( 1186): Long monitor contention with owner WifiHandlerThread (1641) at boolean com.android.server.wifi.SupplicantStaIfaceHal.removeIfaceV1_1(java.lang.String)(SupplicantStaIfaceHal.java:810) waiters=0 in void com.android.server.wifi.SupplicantStaIfaceCallbackImpl.onNetworkRemoved(int) for 160ms
11-21 07:57:13.346 V/WifiHAL (  544): WifiVendorCommand 0xaadf1cc8 created vendor_id:0x1374 subcmd:38
11-21 07:57:13.347 V/WifiHAL (  544): Got a Wi-Fi HAL module message from Driver
11-21 07:57:13.347 V/WifiHAL (  544): Supported feature set : 19d3d
11-21 07:57:13.347 V/WifiHAL (  544): Supported feature set acquired : 19d3d
11-21 07:57:13.347 V/WifiHAL (  544): WifiVendorCommand 0x98689280 created vendor_id:0x1374 subcmd:76
11-21 07:57:13.347 V/WifiHAL (  544): create: mVendor_id = 4980, Subcmd = 76.
11-21 07:57:13.354 E/SupplicantStaIfaceHal( 1186): Can't call getWpaDriverFeatureSet, ISupplicantStaIface is null
11-21 07:57:13.354 I/WifiNative( 1186): Successfully switched to scan mode on iface=Iface:{Name=wlan0,Id=0,Type=STA_SCAN}
11-21 07:57:13.355 D/BluetoothAdapterService( 1710): Soft AP is on band: 1
11-21 07:57:13.355 W/SupplicantStaIfaceHal( 1186): ISupplicantVendor/ISupplicantVendorStaIface died: cookie=0
11-21 07:57:13.355 W/SupplicantP2pIfaceHal( 1186): ISupplicantVendor/ISupplicantVendorP2PIface died: cookie=0
11-21 07:57:13.356 W/SupplicantStaIfaceHal( 1186): ISupplicantVendor/ISupplicantVendorStaIface died: cookie=0
11-21 07:57:13.356 W/SupplicantP2pIfaceHal( 1186): ISupplicant/ISupplicantP2pIface died: cookie=0
11-21 07:57:13.356 W/SupplicantP2pIfaceHal( 1186): ISupplicant/ISupplicantP2pIface died: cookie=0
11-21 07:57:13.356 W/SupplicantP2pIfaceHal( 1186): ISupplicantVendor/ISupplicantVendorP2PIface died: cookie=0
11-21 07:57:13.357 D/SupplicantStaIfaceHal( 1186): ISupplicant died: cookie=5121109485308333469
11-21 07:57:13.357 E/SelfCareDataCloudSyncWorker( 2334): Failed to get access token
11-21 07:57:13.357 E/SelfCareDataCloudSyncWorker( 2334): kotlinx.coroutines.JobCancellationException: Job was cancelled; job=JobImpl{Cancelling}@2e2a8fe
11-21 07:57:13.357 E/QMI_FW  ( 1042): qmi_cci_get_ref: ref count increased 2
11-21 07:57:13.358 E/QMI_FW  ( 1042): qmi_cci_get_ref: ref count increased 2
11-21 07:57:13.358 D/BluetoothVendorService( 1710): getPowerBackoff 
11-21 07:57:13.358 D/BluetoothVendorService( 1710): setPowerBackoff to: false
11-21 07:57:13.358 I/BluetoothVendorJni( 1710): setPowerBackoffNative
11-21 07:57:13.358 I/bt_btif_vendor( 1710): setPowerBackOffState :0 
11-21 07:57:13.358 I/WM-WorkerWrapper( 2334): Work [ id=57f248e9-27c9-4baa-bcea-f98e3ece0d1a, tags={ com.facebook.wearable.system.selfcare.cloudsync.SelfCareDataCloudSyncWorker } ] was cancelled
11-21 07:57:13.358 I/WM-WorkerWrapper( 2334): java.util.concurrent.CancellationException: Task was cancelled.
11-21 07:57:13.358 I/WM-WorkerWrapper( 2334): 	at androidx.work.impl.utils.futures.AbstractFuture.getDoneValue(:32)
11-21 07:57:13.358 I/WM-WorkerWrapper( 2334): 	at androidx.work.impl.utils.futures.AbstractFuture.get(:268435546)
11-21 07:57:13.358 I/WM-WorkerWrapper( 2334): 	at androidx.work.impl.WorkerWrapper$2.run(:3)
11-21 07:57:13.358 I/WM-WorkerWrapper( 2334): 	at androidx.work.impl.utils.SerialExecutor$Task.run(:2)
11-21 07:57:13.358 I/WM-WorkerWrapper( 2334): 	at java.util.concurrent.ThreadPoolExecutor.runWorker(ThreadPoolExecutor.java:1167)
11-21 07:57:13.358 I/WM-WorkerWrapper( 2334): 	at java.util.concurrent.ThreadPoolExecutor$Worker.run(ThreadPoolExecutor.java:641)
11-21 07:57:13.358 I/WM-WorkerWrapper( 2334): 	at java.lang.Thread.run(Thread.java:923)
11-21 07:57:13.359 W/bt_btif ( 1710): bta_dm_power_back_off: power_back_off feature not supported
11-21 07:57:13.359 D/BluetoothAdapterService( 1710): android.net.wifi.WIFI_STATE_CHANGED
11-21 07:57:13.361 E/QMI_FW  ( 1042): qmi_cci_get_ref: ref count increased 2
11-21 07:57:13.373 I/wificond(  911): Fail RSSI polling because wifi is not associated.
11-21 07:57:13.373 E/WifiNl80211Manager( 1186): Invalid signal poll result from wificond
11-21 07:57:13.376 D/WifiClientModeManager0( 1186): entering ScanOnlyModeState
11-21 07:57:13.376 D/WifiP2pService( 1186): Wifi enabled=false, P2P Interface availability=true
11-21 07:57:13.376 D/WifiScanRequestProxy( 1186): Sending scan available broadcast: true
11-21 07:57:13.377 I/WifiScanningService( 1186): Received a request to enable scanning, UID = 1000
11-21 07:57:13.377 I/WifiScanningService( 1186): scanner impls already exists
11-21 07:57:13.379 E/WifiScanningService( 1186): wifi driver loaded received while already loaded
11-21 07:57:13.379 I/WifiScanRequestProxy( 1186): Scanning is enabled
11-21 07:57:13.379 I/WifiScanRequestProxy( 1186): Scanning for hidden networks is disabled
11-21 07:57:13.382 D/WakeupController( 1186): start()
11-21 07:57:13.383 D/WakeupController( 1186): Setting active to true
11-21 07:57:13.398 D/WakeupLock( 1186): Lock set. Number of networks: 1
11-21 07:57:13.399 D/WifiClientModeImpl( 1186): ClientModeImpl: Leaving Connected state
11-21 07:57:13.405 D/WifiCountryCode( 1186): updateCountryCode to US
11-21 07:57:13.407 E/SupplicantStaIfaceHal( 1186): Can't call setCountryCode, ISupplicantStaIface is null
11-21 07:57:13.407 D/WifiCountryCode( 1186): Failed to set country code to: US
11-21 07:57:13.429 E/SupplicantStaIfaceHal( 1186): Can't call listNetworks, ISupplicantStaIface is null
11-21 07:57:13.429 E/SupplicantStaIfaceHal( 1186): removeAllNetworks failed, got null networks
11-21 07:57:13.429 E/WifiClientModeImpl( 1186): Failed to remove networks on exiting connect mode
11-21 07:57:13.436 E/WakeupController( 1186): Unexpected setLastDisconnectInfo when WakeupController is active!
11-21 07:57:13.453 D/WifiMemoryStoreImpl( 1186): Set cluster Ga6eb8feabe7908d4 for W958a1754935a727: SUCCESS
11-21 07:57:13.454 E/WifiVendorHal( 1186): stopRssiMonitoring(l.2106) failed {.code = ERROR_NOT_AVAILABLE, .description = }
11-21 07:57:13.454 E/SupplicantStaIfaceHal( 1186): Can't call setPowerSave, ISupplicantStaIface is null
11-21 07:57:13.454 E/SupplicantStaIfaceHal( 1186): Can't call setBtCoexistenceMode, ISupplicantStaIface is null
11-21 07:57:13.455 V/WifiClientModeImpl( 1186): stopIpClient IpClientWithPreConnection: false
11-21 07:57:13.455 V/WifiClientModeImpl( 1186): java.lang.Throwable
11-21 07:57:13.455 V/WifiClientModeImpl( 1186): 	at com.android.server.wifi.ClientModeImpl.stopIpClient(ClientModeImpl.java:1127)
11-21 07:57:13.455 V/WifiClientModeImpl( 1186): 	at com.android.server.wifi.ClientModeImpl.stopDhcpSetup(ClientModeImpl.java:1153)
11-21 07:57:13.455 V/WifiClientModeImpl( 1186): 	at com.android.server.wifi.ClientModeImpl.handleNetworkDisconnect(ClientModeImpl.java:2945)
11-21 07:57:13.455 V/WifiClientModeImpl( 1186): 	at com.android.server.wifi.ClientModeImpl.stopClientMode(ClientModeImpl.java:3889)
11-21 07:57:13.455 V/WifiClientModeImpl( 1186): 	at com.android.server.wifi.ClientModeImpl.access$4600(ClientModeImpl.java:176)
11-21 07:57:13.455 V/WifiClientModeImpl( 1186): 	at com.android.server.wifi.ClientModeImpl$ConnectModeState.exit(ClientModeImpl.java:4064)
11-21 07:57:13.455 V/WifiClientModeImpl( 1186): 	at com.android.wifi.x.com.android.internal.util.StateMachine$SmHandler.invokeExitMethods(StateMachine.java:1021)
11-21 07:57:13.455 V/WifiClientModeImpl( 1186): 	at com.android.wifi.x.com.android.internal.util.StateMachine$SmHandler.performTransitions(StateMachine.java:877)
11-21 07:57:13.455 V/WifiClientModeImpl( 1186): 	at com.android.wifi.x.com.android.internal.util.StateMachine$SmHandler.handleMessage(StateMachine.java:819)
11-21 07:57:13.455 V/WifiClientModeImpl( 1186): 	at android.os.Handler.dispatchMessage(Handler.java:106)
11-21 07:57:13.455 V/WifiClientModeImpl( 1186): 	at android.os.Looper.loop(Looper.java:223)
11-21 07:57:13.455 V/WifiClientModeImpl( 1186): 	at android.os.HandlerThread.run(HandlerThread.java:67)
11-21 07:57:13.457 D/QCNEJ/WlanStaInfoRelay( 1907): Received action: android.net.wifi.STATE_CHANGE
11-21 07:57:13.458 D/QCNEJ/WlanStaInfoRelay( 1907): reset CountryCodeRetriever
11-21 07:57:13.459 D/WifiConnector( 2870): Network State Changed
11-21 07:57:13.461 E/QMI_FW  (  915): qmi_cci_get_ref: ref count increased 2
11-21 07:57:13.461 D/ConnectivityService( 1186): [187 WIFI] EVENT_NETWORK_INFO_CHANGED, going from CONNECTED to DISCONNECTED
11-21 07:57:13.461 D/ConnectivityService( 1186): [187 WIFI] disconnected, was satisfying 26
11-21 07:57:13.462 D/DhcpClient( 1186): doQuit
11-21 07:57:13.462 E/QMI_FW  (  915): qmi_cci_get_ref: ref count increased 2
11-21 07:57:13.464 D/WifiDiags( 1186): stopLogging() iface list is {} after removing wlan0
11-21 07:57:13.467 E/WifiVendorHal( 1186): resetLogHandler(l.1558) failed {.code = ERROR_NOT_AVAILABLE, .description = }
11-21 07:57:13.468 W/WifiDiags( 1186): Fail to reset log handler
11-21 07:57:13.469 E/QMI_FW  ( 1042): qmi_cci_get_ref: ref count increased 2
11-21 07:57:13.485 E/QMI_FW  ( 1042): qmi_cci_get_ref: ref count increased 2
11-21 07:57:13.490 D/SettingsSDK::SyncHelper( 2334): Read setting com.facebook.wearable.sdk.selfcare:SELFCARE_SERVICE_ENABLED from persistent cache
11-21 07:57:13.490 D/FacebookRepository( 2334): Reading from Store [906581286488774]
11-21 07:57:13.498 E/QMI_FW  ( 1042): qmi_cci_get_ref: ref count increased 2
11-21 07:57:13.505 I/chatty  ( 1042): uid=1001(radio) main identical 6 lines
11-21 07:57:13.506 E/QMI_FW  ( 1042): qmi_cci_get_ref: ref count increased 2
11-21 07:57:13.509 E/QMI_FW  ( 1042): qmi_cci_get_ref: ref count increased 2
11-21 07:57:13.517 I/chatty  ( 1042): uid=1001(radio) main identical 6 lines
11-21 07:57:13.518 E/QMI_FW  ( 1042): qmi_cci_get_ref: ref count increased 2
11-21 07:57:13.532 I/GnssNetworkConnectivityHandler( 1186): Network connection lost. Available networks count: 1
11-21 07:57:13.532 I/GnssNetworkConnectivityHandler( 1186): updateNetworkState, state=CLOSED, connected=false, network=187, capabilities=[ Transports: WIFI Capabilities: NOT_METERED&INTERNET&NOT_RESTRICTED&TRUSTED&NOT_VPN&VALIDATED&NOT_ROAMING&FOREGROUND&NOT_CONGESTED&NOT_SUSPENDED LinkUpBandwidth>=61000Kbps LinkDnBandwidth>=61000Kbps SignalStrength: -32 OwnerUid: 1000 AdministratorUids: [] SSID: "MTBF_Lab" RequestorUid: -1 RequestorPackageName: null], apn: , availableNetworkCount: 1
11-21 07:57:13.536 D/QCNEJ/DefaultNetworkInfoRelay( 1907): Default network lost: 187
11-21 07:57:13.537 D/QCNEJ/NativeHalConnector( 1907): -> SND notifyDefaultNetworkChanged(1)
11-21 07:57:13.538 D/QCNEJ/WlanStaInfoRelay( 1907): network lost: 187
11-21 07:57:13.539 W/LocSvc_LocIpc(  527): send:66] failed reason: No such file or directory
11-21 07:57:13.541 D/QCNEJ/WlanStaInfoRelay( 1907): onLost: unbind the process to WIFI
11-21 07:57:13.546 I/Nat464Xlat( 1186): Android Xlat is disabled
11-21 07:57:13.548 D/DeviceAuthService(24158): Network lost
11-21 07:57:13.563 D/WifiMemoryStoreImpl( 1186): Set cluster Ga6eb8feabe7908d4 for Wa6eb8feabe7908d4: SUCCESS
11-21 07:57:13.546 I/Nat464Xlat( 1186): Android Xlat is disabled
11-21 07:57:13.564 D/ConnectivityService( 1186): Sending DISCONNECTED broadcast for type 1 [187 WIFI] isDefaultNetwork=true
11-21 07:57:13.589 D/ConnectivityService( 1186): NetReassign [44 : null → 101, 11 : null → 101, 63 : null → 101, 17 : null → 101, 25 : null → 101, 2222 : null → 101, 1438 : null → 101, 1 : null → 101, 8 : null → 101, 2214 : null → 101, 12 : null → 101, 14 : null → 101, 16 : null → 101, 22 : null → 101, 1515 : null → 101]
11-21 07:57:13.591 E/NetlinkEvent(  462): NetlinkEvent::FindParam(): Parameter 'INTERFACE' not found
11-21 07:57:13.591 E/NetlinkEvent(  462): NetlinkEvent::FindParam(): Parameter 'STATE' not found
11-21 07:57:13.591 E/NetlinkEvent(  462): NetlinkEvent::FindParam(): Parameter 'TIME_NS' not found
11-21 07:57:13.591 E/NetlinkEvent(  462): NetlinkEvent::FindParam(): Parameter 'UID' not found
11-21 07:57:13.596 D/DhcpClient( 1186): DHCP Packet Handler stopped
11-21 07:57:13.596 D/DhcpClient( 1186): onQuitting
11-21 07:57:13.597 W/MqttClient( 2620): connection/disconnecting; reason=NETWORK_LOST, operation=DISCONNECT
11-21 07:57:13.608 I/WM-WorkerWrapper( 2334): Work [ id=e596069b-4a6f-495d-b19d-a8669de7ea86, tags={ com.facebook.wearable.system.selfcare.sharing.StickerBundleDatabaseWorker } ] was cancelled
11-21 07:57:13.608 I/WM-WorkerWrapper( 2334): java.util.concurrent.CancellationException: Task was cancelled.
11-21 07:57:13.608 I/WM-WorkerWrapper( 2334): 	at androidx.work.impl.utils.futures.AbstractFuture.getDoneValue(:32)
11-21 07:57:13.608 I/WM-WorkerWrapper( 2334): 	at androidx.work.impl.utils.futures.AbstractFuture.get(:268435546)
11-21 07:57:13.608 I/WM-WorkerWrapper( 2334): 	at androidx.work.impl.WorkerWrapper$2.run(:3)
11-21 07:57:13.608 I/WM-WorkerWrapper( 2334): 	at androidx.work.impl.utils.SerialExecutor$Task.run(:2)
11-21 07:57:13.608 I/WM-WorkerWrapper( 2334): 	at java.util.concurrent.ThreadPoolExecutor.runWorker(ThreadPoolExecutor.java:1167)
11-21 07:57:13.608 I/WM-WorkerWrapper( 2334): 	at java.util.concurrent.ThreadPoolExecutor$Worker.run(ThreadPoolExecutor.java:641)
11-21 07:57:13.608 I/WM-WorkerWrapper( 2334): 	at java.lang.Thread.run(Thread.java:923)
11-21 07:57:13.608 E/StickerBundleDatabaseWorker( 2334): Failed to fetch sticker bundles:
11-21 07:57:13.608 E/StickerBundleDatabaseWorker( 2334): kotlinx.coroutines.JobCancellationException: Job was cancelled; job=JobImpl{Cancelling}@6d02457
11-21 07:57:13.610 D/ConnectivityService( 1186): Switching to new default network: NetworkAgentInfo{ ni{[type: MOBILE[LTE], state: CONNECTED/CONNECTED, reason: (unspecified), extra: enhancedphone, failover: false, available: true, roaming: false]}  network{101}  nethandle{437197393933}  lp{{InterfaceName: rmnet_data2 LinkAddresses: [ 10.55.48.101/30,2600:381:4804:c4b6:8cdc:8f0b:afe1:ec6b/64 ] DnsAddresses: [ /172.26.38.2,/fc00:a:a::400 ] Domains: null MTU: 1430 TcpBufferSizes: 2097152,4194304,8388608,262144,524288,1048576 Routes: [ 0.0.0.0/0 -> 10.55.48.102 rmnet_data2 mtu 1430,::/0 -> fe80::9db2:334d:2872:1e0a rmnet_data2 mtu 1430,10.55.48.100/30 -> 0.0.0.0 rmnet_data2 mtu 0,2600:381:4804:c4b6::/64 -> :: rmnet_data2 mtu 0 ]}}  nc{[ Transports: CELLULAR Capabilities: MMS&SUPL&FOTA&INTERNET&NOT_RESTRICTED&TRUSTED&NOT_VPN&VALIDATED&NOT_ROAMING&NOT_CONGESTED&NOT_SUSPENDED LinkUpBandwidth>=15000Kbps LinkDnBandwidth>=30000Kbps Specifier: <TelephonyNetworkSpecifier [mSubId = 1]> AdministratorUids: [] RequestorUid: -1 RequestorPackageName: null]}  Score{50}  everValidated{true}  lastValidated{true}  created{true} lingering{false} explicitlySelected{false} acceptUnvalidated{false} everCaptivePortalDetected{false} lastCaptivePortalDetected{false} partialConnectivity{false} acceptPartialConnectivity{false} clat{mBaseIface: null, mIface: null, mState: IDLE} }
11-21 07:57:13.642 W/SupplicantStaIfaceHal( 1186): ISupplicant died: cookie=182
11-21 07:57:13.643 D/BluetoothAdapterService( 1710): Soft AP is on band: 1
11-21 07:57:13.645 D/BluetoothVendorService( 1710): getPowerBackoff 
11-21 07:57:13.645 D/BluetoothAdapterService( 1710): android.net.wifi.WIFI_STATE_CHANGED
11-21 07:57:13.646 E/WifiNative( 1186): Could not get Iface object for interface null
11-21 07:57:13.647 D/WifiNetworkAgent( 1186): NetworkAgent: NetworkAgent channel lost
11-21 07:57:13.648 D/BluetoothAdapterService( 1710): Soft AP is on band: 1
11-21 07:57:13.649 D/BluetoothVendorService( 1710): getPowerBackoff 
11-21 07:57:13.649 D/BluetoothAdapterService( 1710): android.net.wifi.STATE_CHANGE
11-21 07:57:13.652 D/BluetoothVendorService( 1710): setWifiState to: false
11-21 07:57:13.652 I/BluetoothVendorJni( 1710): setWifiStateNative
11-21 07:57:13.652 I/bt_btif_vendor( 1710): setWifiState :0
11-21 07:57:13.652 W/bt_btm  ( 1710): btm_cb.is_wifi_connected = 0 
11-21 07:57:13.683 W/HWComposer(  598): Ignoring duplicate VSYNC event from HWC for display 0 (t=144521408353201)
11-21 07:57:13.759 E/WifiNative( 1186): Could not get Iface object for interface null
11-21 07:57:13.761 D/NetworkTimeUpdateService( 1186): New default network 101; checking time.
11-21 07:57:13.763 V/LigerRadioStatsReporter( 2357): onCapabilitiesChanged: Network capabilities changed
11-21 07:57:13.763 V/LigerRadioStatsReporter( 2357): reportAndCheckpointRadioStats
11-21 07:57:13.764 V/LigerRadioStatsReporter( 2357): +++++++++++ RADIO STATS DUMP +++++++++++
11-21 07:57:13.764 V/LigerRadioStatsReporter( 2357): totalActiveRadioTimeMs=0
11-21 07:57:13.764 V/LigerRadioStatsReporter( 2357): totalTailRadioTimeMs=13994
11-21 07:57:13.765 V/LigerRadioStatsReporter( 2357): totalWakeupCount=0
11-21 07:57:13.765 V/LigerRadioStatsReporter( 2357): httpUpBytes=0
11-21 07:57:13.765 V/LigerRadioStatsReporter( 2357): httpDownBytes=0
11-21 07:57:13.765 V/LigerRadioStatsReporter( 2357): httpWakeupCount=0
11-21 07:57:13.765 V/LigerRadioStatsReporter( 2357): httpRequestCount=0
11-21 07:57:13.765 V/LigerRadioStatsReporter( 2357): httpActiveRadioTimeMs=0
11-21 07:57:13.765 V/LigerRadioStatsReporter( 2357): httpTailRadioTimeMs=13994
11-21 07:57:13.765 V/LigerRadioStatsReporter( 2357): reportAndCheckpointRadioStats: Tx=0
11-21 07:57:13.765 V/LigerRadioStatsReporter( 2357): reportAndCheckpointRadioStats: Rx=0
11-21 07:57:13.765 V/LigerRadioStatsReporter( 2357): reportAndCheckpointRadioStats: Uids=10027
11-21 07:57:13.765 V/LigerRadioStatsReporter( 2357): reportAndCheckpointRadioStats: Tags=null
11-21 07:57:13.771 W/SimpleTimeDetectorStrategy( 1186): Existing suggestion found to be invalid  elapsedRealtimeMillis=144521496, timeSuggestion=TelephonyTimeSuggestion{mSlotIndex='0', mUtcTime=TimestampedValue{mReferenceTimeMillis=57092, mValue=1637365770000}, mDebugInfo=[Sending new time suggestion nitzSignal=TimestampedValue{mReferenceTimeMillis=57092, mValue=NitzData{mOriginalString=21/11/19,23:49:30-32,00, mZoneOffset=-28800000, mDstOffset=0, mCurrentTimeMillis=1637365770000, mEmulatorHostTimeZone=null}}, reason=handleNitzReceived(TimestampedValue{mReferenceTimeMillis=57092, mValue=NitzData{mOriginalString=21/11/19,23:49:30-32,00, mZoneOffset=-28800000, mDstOffset=0, mCurrentTimeMillis=1637365770000, mEmulatorHostTimeZone=null}})]}
11-21 07:57:13.790 D/CompatibilityInfo( 1186): mCompatibilityFlags - 4
11-21 07:57:13.790 D/CompatibilityInfo( 1186): applicationDensity - 320
11-21 07:57:13.790 D/CompatibilityInfo( 1186): applicationScale - 1.0
11-21 07:57:13.798 D/DeviceAuthService(24158): Network connected
11-21 07:57:13.799 D/DeviceAuthService(24158): fetchAuthTokenWrapper called
11-21 07:57:13.807 D/QCNEJ/DefaultNetworkInfoRelay( 1907): Default network available: 101
11-21 07:57:13.811 D/QCNEJ/NativeHalConnector( 1907): -> SND notifyDefaultNetworkChanged(0)
11-21 07:57:13.813 E/QMI_FW  (  915): qmi_cci_get_ref: ref count increased 2
11-21 07:57:13.815 E/QMI_FW  (  915): qmi_cci_get_ref: ref count increased 2
11-21 07:57:13.833 D/QCNEJ/WwanInfoRelay( 1907): onCapabilitiesChanged: 101 [ Transports: CELLULAR Capabilities: MMS&SUPL&FOTA&INTERNET&NOT_RESTRICTED&TRUSTED&NOT_VPN&VALIDATED&NOT_ROAMING&FOREGROUND&NOT_CONGESTED&NOT_SUSPENDED LinkUpBandwidth>=15000Kbps LinkDnBandwidth>=30000Kbps Specifier: <TelephonyNetworkSpecifier [mSubId = 1]> AdministratorUids: [] RequestorUid: -1 RequestorPackageName: null]
11-21 07:57:13.833 V/LigerRadioStatsReporter( 2357): onCapabilitiesChanged: Network capabilities changed
11-21 07:57:13.838 I/QCNEJ/WwanInfoRelay( 1907): cacheWwanInfo subId = 1 phoneId = 0 slotId = 0
11-21 07:57:13.845 D/ConnectivityService( 1186): Sending CONNECTED broadcast for type 0 [101 CELLULAR] isDefaultNetwork=true
11-21 07:57:13.858 E/DeviceAuthenticator(24158): Failed to resolve oculus.com
11-21 07:57:13.869 D/DeviceAuthService(24158): isOculusAddressResolvable returned false
11-21 07:57:13.872 D/DeviceAuthService(24158): network is still available, run handler
11-21 07:57:13.925 W/System.err( 2620): INFO: com.whatsapp.net.logging.WtLog.log$REDEX$HQcOuACUrr4(:4) : Start handshake.
11-21 07:57:13.984 E/SelfCareDataCloudSyncWorker( 2334): Failed to get access token
11-21 07:57:13.984 E/SelfCareDataCloudSyncWorker( 2334): kotlinx.coroutines.JobCancellationException: Job was cancelled; job=JobImpl{Cancelling}@158bd62
11-21 07:57:13.985 I/WM-WorkerWrapper( 2334): Work [ id=57f248e9-27c9-4baa-bcea-f98e3ece0d1a, tags={ com.facebook.wearable.system.selfcare.cloudsync.SelfCareDataCloudSyncWorker } ] was cancelled
11-21 07:57:13.985 I/WM-WorkerWrapper( 2334): java.util.concurrent.CancellationException: Task was cancelled.
11-21 07:57:13.985 I/WM-WorkerWrapper( 2334): 	at androidx.work.impl.utils.futures.AbstractFuture.getDoneValue(:32)
11-21 07:57:13.985 I/WM-WorkerWrapper( 2334): 	at androidx.work.impl.utils.futures.AbstractFuture.get(:268435546)
11-21 07:57:13.985 I/WM-WorkerWrapper( 2334): 	at androidx.work.impl.WorkerWrapper$2.run(:3)
11-21 07:57:13.985 I/WM-WorkerWrapper( 2334): 	at androidx.work.impl.utils.SerialExecutor$Task.run(:2)
11-21 07:57:13.985 I/WM-WorkerWrapper( 2334): 	at java.util.concurrent.ThreadPoolExecutor.runWorker(ThreadPoolExecutor.java:1167)
11-21 07:57:13.985 I/WM-WorkerWrapper( 2334): 	at java.util.concurrent.ThreadPoolExecutor$Worker.run(ThreadPoolExecutor.java:641)
11-21 07:57:13.985 I/WM-WorkerWrapper( 2334): 	at java.lang.Thread.run(Thread.java:923)
11-21 07:57:14.179 E/StickerBundleDatabaseWorker( 2334): Failed to fetch sticker bundles:
11-21 07:57:14.179 E/StickerBundleDatabaseWorker( 2334): kotlinx.coroutines.JobCancellationException: Job was cancelled; job=JobImpl{Cancelling}@619dbe5
11-21 07:57:14.179 I/WM-WorkerWrapper( 2334): Work [ id=e596069b-4a6f-495d-b19d-a8669de7ea86, tags={ com.facebook.wearable.system.selfcare.sharing.StickerBundleDatabaseWorker } ] was cancelled
11-21 07:57:14.179 I/WM-WorkerWrapper( 2334): java.util.concurrent.CancellationException: Task was cancelled.
11-21 07:57:14.179 I/WM-WorkerWrapper( 2334): 	at androidx.work.impl.utils.futures.AbstractFuture.getDoneValue(:32)
11-21 07:57:14.179 I/WM-WorkerWrapper( 2334): 	at androidx.work.impl.utils.futures.AbstractFuture.get(:268435546)
11-21 07:57:14.179 I/WM-WorkerWrapper( 2334): 	at androidx.work.impl.WorkerWrapper$2.run(:3)
11-21 07:57:14.179 I/WM-WorkerWrapper( 2334): 	at androidx.work.impl.utils.SerialExecutor$Task.run(:2)
11-21 07:57:14.179 I/WM-WorkerWrapper( 2334): 	at java.util.concurrent.ThreadPoolExecutor.runWorker(ThreadPoolExecutor.java:1167)
11-21 07:57:14.179 I/WM-WorkerWrapper( 2334): 	at java.util.concurrent.ThreadPoolExecutor$Worker.run(ThreadPoolExecutor.java:641)
11-21 07:57:14.179 I/WM-WorkerWrapper( 2334): 	at java.lang.Thread.run(Thread.java:923)
