--------- beginning of system
11-21 00:27:47.913 D/commandrouter( 1006): rtc_sync (1, rtc:sync): <ServiceRequest> FORWARDED (remote -> local) service client ID = 0, token ID = 44518
11-21 00:27:47.914 D/commandrouter( 1006): SocServiceHandle::onServiceMessage, SoC Service = rtc_sync, appType = 1, type = SVC_RESP, clientId = 0, token = 44518, payloadLen = 8, result = 0, payload.size() = 8
11-21 00:27:48.215 I/chatty  ( 1186): uid=1000(system) LazyTaskWriterT expire 11 lines
11-21 00:27:51.634 I/chatty  ( 1186): uid=1000(system) android.ui expire 12 lines
11-21 00:27:57.909 I/chatty  ( 1006): uid=1000(system) /vendor/bin/commandrouter expire 10 lines
11-21 00:27:57.909 I/chatty  ( 1006): uid=1000(system) HwBinder:1006_2 expire 11 lines
11-21 00:27:58.630 I/chatty  ( 1186): uid=1000(system) Binder:1186_1E expire 7 lines
11-21 00:27:58.631 I/chatty  ( 1186): uid=1000(system) ConnectivitySer expire 18 lines
11-21 00:27:59.173 I/chatty  ( 1186): uid=1000(system) Binder:1186_9 expire 5 lines
11-21 00:28:06.416 I/chatty  ( 1186): uid=1000 system_server expire 1 line
11-21 00:28:14.103 I/chatty  ( 1186): uid=1000(system) android.display expire 11 lines
11-21 00:28:15.098 I/chatty  ( 1186): uid=1000(system) WifiP2pService expire 10 lines
11-21 00:28:15.099 I/chatty  ( 1186): uid=1000(system) ActivityManager expire 10 lines
11-21 00:28:15.259 I/chatty  ( 1006): uid=1000(system) HwBinder:1006_F expire 10 lines
11-21 00:28:15.263 D/mculinkhealth( 1029): isMcuReachable 1 (4 ms)
11-21 00:28:15.861 I/chatty  ( 1006): uid=1000(system) HwBinder:1006_1 expire 5 lines
11-21 00:28:17.179 I/chatty  ( 1186): uid=1000(system) WifiHandlerThre expire 10 lines
11-21 00:28:17.302 W/wificond(  911): Scan is not started. Ignore abort request
11-21 00:28:19.167 I/chatty  ( 1186): uid=1000(system) ConnectivitySer expire 27 lines
11-21 00:28:19.557 E/NetlinkEvent(  462): NetlinkEvent::FindParam(): Parameter 'INTERFACE' not found
11-21 00:28:19.557 E/NetlinkEvent(  462): NetlinkEvent::FindParam(): Parameter 'STATE' not found
11-21 00:28:19.557 E/NetlinkEvent(  462): NetlinkEvent::FindParam(): Parameter 'TIME_NS' not found
11-21 00:28:19.557 E/NetlinkEvent(  462): NetlinkEvent::FindParam(): Parameter 'UID' not found
11-21 00:28:19.747 I/chatty  ( 1186): uid=1000(system) android.fg expire 11 lines
11-21 00:28:19.850 I/chatty  ( 1186): uid=1000 system_server expire 8 lines
11-21 00:28:19.859 I/chatty  ( 1186): uid=1000(system) ActivityManager expire 7 lines
11-21 00:28:20.630 I/chatty  ( 1186): uid=1000(system) Binder:1186_3 expire 1 line
11-21 00:28:20.657 I/chatty  ( 1186): uid=1000(system) Binder:1186_18 expire 2 lines
11-21 00:28:20.668 I/chatty  ( 1186): uid=1000(system) android.ui expire 15 lines
11-21 00:28:21.329 I/chatty  ( 1186): uid=1000(system) android.bg expire 4 lines
11-21 00:28:21.955 I/chatty  ( 1186): uid=1000(system) Binder:1186_E expire 1 line
11-21 00:28:22.037 I/chatty  ( 1186): uid=1000(system) Binder:1186_15 expire 5 lines
11-21 00:28:22.126 I/chatty  ( 1186): uid=1000(system) Binder:1186_6 expire 10 lines
11-21 00:28:26.856 I/chatty  ( 1186): uid=1000(system) DeviceStorageMo expire 10 lines
11-21 00:28:28.186 I/chatty  ( 1186): uid=1000(system) Binder:1186_4 expire 13 lines
11-21 00:28:34.182 I/chatty  ( 1186): uid=1000(system) Binder:1186_1D expire 8 lines
11-21 00:28:45.270 D/mculinkhealth( 1029): isMcuReachable 1 (5 ms)
11-21 00:29:07.416 I/chatty  ( 1186): uid=1000 system_server expire 1 line
11-21 00:29:07.840 I/chatty  ( 1006): uid=1000(system) /vendor/bin/commandrouter expire 10 lines
11-21 00:29:13.119 I/McuTransferService( 2005): Request with notification:indicator:update_request type was scheduled to sent to notification:indicator:update
11-21 00:29:13.140 I/McuTransferService( 2005): Request with notification:indicator:update_request type was sent to notification:indicator:update
11-21 00:29:13.141 I/chatty  ( 1006): uid=1000(system) HwBinder:1006_F expire 1 line
11-21 00:29:13.146 D/McuTransferService( 2005): get response for request notification:indicator:update_request, response type notification:indicator:update_response
11-21 00:29:13.155 D/McuTransferService( 2005): Sent response data back for request notification:indicator:update_request
11-21 00:29:13.155 D/McuTransferService( 2005): done processing response
11-21 00:29:13.292 E/NetlinkEvent(  462): NetlinkEvent::FindParam(): Parameter 'INTERFACE' not found
11-21 00:29:13.292 E/NetlinkEvent(  462): NetlinkEvent::FindParam(): Parameter 'STATE' not found
11-21 00:29:13.292 E/NetlinkEvent(  462): NetlinkEvent::FindParam(): Parameter 'TIME_NS' not found
11-21 00:29:13.292 E/NetlinkEvent(  462): NetlinkEvent::FindParam(): Parameter 'UID' not found
11-21 00:29:15.277 D/mculinkhealth( 1029): isMcuReachable 1 (5 ms)
11-21 00:29:17.361 I/chatty  ( 1186): uid=1000(system) android.ui expire 20 lines
11-21 00:29:32.271 W/wificond(  911): Scan is not started. Ignore abort request
11-21 00:29:33.664 I/chatty  ( 1186): uid=1000(system) ConnectivitySer expire 41 lines
11-21 00:29:34.651 E/NetlinkEvent(  462): NetlinkEvent::FindParam(): Parameter 'INTERFACE' not found
11-21 00:29:34.651 E/NetlinkEvent(  462): NetlinkEvent::FindParam(): Parameter 'STATE' not found
11-21 00:29:34.651 E/NetlinkEvent(  462): NetlinkEvent::FindParam(): Parameter 'TIME_NS' not found
11-21 00:29:34.651 E/NetlinkEvent(  462): NetlinkEvent::FindParam(): Parameter 'UID' not found
11-21 00:29:45.284 D/mculinkhealth( 1029): isMcuReachable 1 (5 ms)
11-21 00:29:47.812 I/chatty  ( 1006): uid=1000(system) HwBinder:1006_2 expire 13 lines
11-21 00:30:03.530 E/NetlinkEvent(  462): NetlinkEvent::FindParam(): Parameter 'INTERFACE' not found
11-21 00:30:03.530 E/NetlinkEvent(  462): NetlinkEvent::FindParam(): Parameter 'STATE' not found
11-21 00:30:03.530 E/NetlinkEvent(  462): NetlinkEvent::FindParam(): Parameter 'TIME_NS' not found
11-21 00:30:03.530 E/NetlinkEvent(  462): NetlinkEvent::FindParam(): Parameter 'UID' not found
11-21 00:30:07.799 I/chatty  ( 1006): uid=1000(system) /vendor/bin/commandrouter expire 13 lines
11-21 00:30:12.871 I/chatty  ( 1186): uid=1000 system_server expire 1 line
11-21 00:30:14.164 I/chatty  ( 1186): uid=1000(system) Binder:1186_C expire 4 lines
11-21 00:30:15.291 D/mculinkhealth( 1029): isMcuReachable 1 (6 ms)
11-21 00:30:22.008 W/wificond(  911): Scan is not started. Ignore abort request
11-21 00:30:22.479 I/chatty  ( 1186): uid=1000(system) ConnectivitySer expire 32 lines
11-21 00:30:23.371 E/NetlinkEvent(  462): NetlinkEvent::FindParam(): Parameter 'INTERFACE' not found
11-21 00:30:23.371 E/NetlinkEvent(  462): NetlinkEvent::FindParam(): Parameter 'STATE' not found
11-21 00:30:23.371 E/NetlinkEvent(  462): NetlinkEvent::FindParam(): Parameter 'TIME_NS' not found
11-21 00:30:23.371 E/NetlinkEvent(  462): NetlinkEvent::FindParam(): Parameter 'UID' not found
11-21 00:30:42.346 I/chatty  ( 1186): uid=1000(system) android.ui expire 12 lines
11-21 00:30:45.296 D/mculinkhealth( 1029): isMcuReachable 1 (4 ms)
11-21 00:30:48.005 I/chatty  ( 1186): uid=1000(system) LazyTaskWriterT expire 11 lines
11-21 00:30:53.364 I/chatty  ( 1186): uid=1000(system) ConnectivitySer expire 29 lines
11-21 00:30:53.421 I/wificond(  911): Fail RSSI polling because wifi is not associated.
11-21 00:30:53.551 E/NetlinkEvent(  462): NetlinkEvent::FindParam(): Parameter 'INTERFACE' not found
11-21 00:30:53.551 E/NetlinkEvent(  462): NetlinkEvent::FindParam(): Parameter 'STATE' not found
11-21 00:30:53.551 E/NetlinkEvent(  462): NetlinkEvent::FindParam(): Parameter 'TIME_NS' not found
11-21 00:30:53.551 E/NetlinkEvent(  462): NetlinkEvent::FindParam(): Parameter 'UID' not found
11-21 00:31:05.264 I/chatty  ( 1186): uid=1000(system) Binder:1186_1B expire 3 lines
11-21 00:31:13.005 W/wificond(  911): Scan is not started. Ignore abort request
11-21 00:31:13.986 I/chatty  ( 1186): uid=1000(system) ConnectivitySer expire 21 lines
11-21 00:31:14.264 E/NetlinkEvent(  462): NetlinkEvent::FindParam(): Parameter 'INTERFACE' not found
11-21 00:31:14.265 E/NetlinkEvent(  462): NetlinkEvent::FindParam(): Parameter 'STATE' not found
11-21 00:31:14.265 E/NetlinkEvent(  462): NetlinkEvent::FindParam(): Parameter 'TIME_NS' not found
11-21 00:31:14.265 E/NetlinkEvent(  462): NetlinkEvent::FindParam(): Parameter 'UID' not found
11-21 00:31:14.375 I/chatty  ( 1186): uid=1000 system_server expire 1 line
11-21 00:31:15.301 D/mculinkhealth( 1029): isMcuReachable 1 (5 ms)
11-21 00:31:27.746 I/chatty  ( 1006): uid=1000(system) /vendor/bin/commandrouter expire 10 lines
11-21 00:31:33.378 I/chatty  ( 1186): uid=1000(system) android.ui expire 12 lines
11-21 00:31:36.161 I/chatty  ( 1186): uid=1000(system) Binder:1186_19 expire 4 lines
11-21 00:31:44.436 I/wificond(  911): Fail RSSI polling because wifi is not associated.
11-21 00:31:44.759 E/NetlinkEvent(  462): NetlinkEvent::FindParam(): Parameter 'INTERFACE' not found
11-21 00:31:44.759 E/NetlinkEvent(  462): NetlinkEvent::FindParam(): Parameter 'STATE' not found
11-21 00:31:44.759 E/NetlinkEvent(  462): NetlinkEvent::FindParam(): Parameter 'TIME_NS' not found
11-21 00:31:44.759 E/NetlinkEvent(  462): NetlinkEvent::FindParam(): Parameter 'UID' not found
11-21 00:31:45.307 D/mculinkhealth( 1029): isMcuReachable 1 (4 ms)
11-21 00:31:55.966 I/chatty  ( 1186): uid=1000(system) Binder:1186_12 expire 8 lines
11-21 00:31:55.966 I/chatty  ( 1186): uid=1000(system) ConnectivitySer expire 43 lines
11-21 00:31:57.745 I/chatty  ( 1006): uid=1000(system) HwBinder:1006_2 expire 8 lines
11-21 00:32:04.161 W/wificond(  911): Scan is not started. Ignore abort request
11-21 00:32:05.819 E/NetlinkEvent(  462): NetlinkEvent::FindParam(): Parameter 'INTERFACE' not found
11-21 00:32:05.819 E/NetlinkEvent(  462): NetlinkEvent::FindParam(): Parameter 'STATE' not found
11-21 00:32:05.819 E/NetlinkEvent(  462): NetlinkEvent::FindParam(): Parameter 'TIME_NS' not found
11-21 00:32:05.819 E/NetlinkEvent(  462): NetlinkEvent::FindParam(): Parameter 'UID' not found
11-21 00:32:15.311 D/mculinkhealth( 1029): isMcuReachable 1 (3 ms)
11-21 00:32:24.274 I/chatty  ( 1186): uid=1000(system) android.ui expire 10 lines
11-21 00:32:27.197 I/chatty  ( 1186): uid=1000(system) Binder:1186_2 expire 5 lines
11-21 00:32:34.545 I/chatty  ( 1186): uid=1000 system_server expire 1 line
11-21 00:32:35.599 E/NetlinkEvent(  462): NetlinkEvent::FindParam(): Parameter 'INTERFACE' not found
11-21 00:32:35.599 E/NetlinkEvent(  462): NetlinkEvent::FindParam(): Parameter 'STATE' not found
11-21 00:32:35.599 E/NetlinkEvent(  462): NetlinkEvent::FindParam(): Parameter 'TIME_NS' not found
11-21 00:32:35.599 E/NetlinkEvent(  462): NetlinkEvent::FindParam(): Parameter 'UID' not found
11-21 00:32:37.770 I/chatty  ( 1006): uid=1000(system) /vendor/bin/commandrouter expire 6 lines
11-21 00:32:45.316 D/mculinkhealth( 1029): isMcuReachable 1 (4 ms)
11-21 00:32:45.614 I/chatty  ( 1186): uid=1000(system) android.ui expire 14 lines
11-21 00:32:47.161 I/chatty  ( 1186): uid=1000(system) Binder:1186_B expire 8 lines
11-21 00:32:55.256 I/chatty  ( 1186): uid=1000(system) WifiP2pService expire 10 lines
11-21 00:32:55.267 W/wificond(  911): Scan is not started. Ignore abort request
11-21 00:32:55.760 I/chatty  ( 1186): uid=1000(system) ConnectivitySer expire 32 lines
11-21 00:32:56.672 E/NetlinkEvent(  462): NetlinkEvent::FindParam(): Parameter 'INTERFACE' not found
11-21 00:32:56.672 E/NetlinkEvent(  462): NetlinkEvent::FindParam(): Parameter 'STATE' not found
11-21 00:32:56.672 E/NetlinkEvent(  462): NetlinkEvent::FindParam(): Parameter 'TIME_NS' not found
11-21 00:32:56.672 E/NetlinkEvent(  462): NetlinkEvent::FindParam(): Parameter 'UID' not found
11-21 00:32:56.819 I/chatty  ( 1186): uid=1000(system) android.fg expire 11 lines
11-21 00:33:15.317 I/chatty  ( 1006): uid=1000(system) HwBinder:1006_F expire 1 line
11-21 00:33:15.320 D/mculinkhealth( 1029): isMcuReachable 1 (4 ms)
11-21 00:33:15.884 I/chatty  ( 1006): uid=1000(system) HwBinder:1006_1 expire 1 line
11-21 00:33:15.887 I/chatty  ( 1006): uid=1000(system) /vendor/bin/commandrouter expire 6 lines
11-21 00:33:17.768 I/chatty  ( 1006): uid=1000(system) HwBinder:1006_2 expire 4 lines
11-21 00:33:25.846 I/chatty  ( 1186): uid=1000(system) android.display expire 10 lines
11-21 00:33:26.317 I/chatty  ( 1186): uid=1000(system) ConnectivitySer expire 41 lines
11-21 00:33:26.421 E/NetlinkEvent(  462): NetlinkEvent::FindParam(): Parameter 'INTERFACE' not found
11-21 00:33:26.422 E/NetlinkEvent(  462): NetlinkEvent::FindParam(): Parameter 'STATE' not found
11-21 00:33:26.422 E/NetlinkEvent(  462): NetlinkEvent::FindParam(): Parameter 'TIME_NS' not found
11-21 00:33:26.422 E/NetlinkEvent(  462): NetlinkEvent::FindParam(): Parameter 'UID' not found
11-21 00:33:27.359 I/chatty  ( 1186): uid=1000(system) DeviceStorageMo expire 10 lines
11-21 00:33:37.156 I/chatty  ( 1186): uid=1000(system) Binder:1186_A expire 5 lines
11-21 00:33:40.923 I/chatty  ( 1186): uid=1000 system_server expire 1 line
11-21 00:33:41.425 I/chatty  ( 1186): uid=1000(system) LazyTaskWriterT expire 10 lines
11-21 00:33:45.162 W/wificond(  911): Scan is not started. Ignore abort request
11-21 00:33:45.321 I/chatty  ( 1006): uid=1000(system) HwBinder:1006_F expire 2 lines
11-21 00:33:45.324 D/mculinkhealth( 1029): isMcuReachable 1 (3 ms)
11-21 00:33:46.481 E/NetlinkEvent(  462): NetlinkEvent::FindParam(): Parameter 'INTERFACE' not found
11-21 00:33:46.481 E/NetlinkEvent(  462): NetlinkEvent::FindParam(): Parameter 'STATE' not found
11-21 00:33:46.481 E/NetlinkEvent(  462): NetlinkEvent::FindParam(): Parameter 'TIME_NS' not found
11-21 00:33:46.481 E/NetlinkEvent(  462): NetlinkEvent::FindParam(): Parameter 'UID' not found
11-21 00:33:57.748 I/chatty  ( 1006): uid=1000(system) /vendor/bin/commandrouter expire 4 lines
11-21 00:33:57.748 I/chatty  ( 1006): uid=1000(system) HwBinder:1006_2 expire 2 lines
11-21 00:34:05.343 I/chatty  ( 1186): uid=1000(system) android.ui expire 12 lines
11-21 00:34:15.332 D/mculinkhealth( 1029): isMcuReachable 1 (7 ms)
11-21 00:34:15.888 I/chatty  ( 1006): uid=1000(system) HwBinder:1006_1 expire 1 line
11-21 00:34:16.359 I/chatty  ( 1186): uid=1000(system) ConnectivitySer expire 10 lines
11-21 00:34:16.533 E/NetlinkEvent(  462): NetlinkEvent::FindParam(): Parameter 'INTERFACE' not found
11-21 00:34:16.533 E/NetlinkEvent(  462): NetlinkEvent::FindParam(): Parameter 'STATE' not found
11-21 00:34:16.533 E/NetlinkEvent(  462): NetlinkEvent::FindParam(): Parameter 'TIME_NS' not found
11-21 00:34:16.533 E/NetlinkEvent(  462): NetlinkEvent::FindParam(): Parameter 'UID' not found
11-21 00:34:17.725 D/commandrouter( 1006): rtc_sync (1, rtc:sync): <ServiceRequest> FORWARDED (remote -> local) service client ID = 0, token ID = 44557
11-21 00:34:17.725 D/commandrouter( 1006): SocServiceHandle::onServiceMessage, SoC Service = rtc_sync, appType = 1, type = SVC_RESP, clientId = 0, token = 44557, payloadLen = 8, result = 0, payload.size() = 8
11-21 00:34:27.714 D/commandrouter( 1006): rtc_sync (1, rtc:sync): <ServiceRequest> FORWARDED (remote -> local) service client ID = 0, token ID = 44558
11-21 00:34:27.714 D/commandrouter( 1006): SocServiceHandle::onServiceMessage, SoC Service = rtc_sync, appType = 1, type = SVC_RESP, clientId = 0, token = 44558, payloadLen = 8, result = 0, payload.size() = 8
11-21 00:34:35.139 W/wificond(  911): Scan is not started. Ignore abort request
11-21 00:34:35.715 I/chatty  ( 1186): uid=1000(system) ConnectivitySer expire 31 lines
11-21 00:34:36.357 E/NetlinkEvent(  462): NetlinkEvent::FindParam(): Parameter 'INTERFACE' not found
11-21 00:34:36.357 E/NetlinkEvent(  462): NetlinkEvent::FindParam(): Parameter 'STATE' not found
11-21 00:34:36.357 E/NetlinkEvent(  462): NetlinkEvent::FindParam(): Parameter 'TIME_NS' not found
11-21 00:34:36.357 E/NetlinkEvent(  462): NetlinkEvent::FindParam(): Parameter 'UID' not found
11-21 00:34:37.702 D/commandrouter( 1006): rtc_sync (1, rtc:sync): <ServiceRequest> FORWARDED (remote -> local) service client ID = 0, token ID = 44559
11-21 00:34:37.703 D/commandrouter( 1006): SocServiceHandle::onServiceMessage, SoC Service = rtc_sync, appType = 1, type = SVC_RESP, clientId = 0, token = 44559, payloadLen = 8, result = 0, payload.size() = 8
11-21 00:34:45.334 D/commandrouter( 1006): SocServiceHandle::onServiceMessage, SoC Service = mcu_healthcheck_1029, appType = 1, type = SVC_REQ, clientId = 0, token = 3929, payloadLen = 12, result = 0, payload.size() = 12
11-21 00:34:45.339 D/commandrouter( 1006): mcu_healthcheck_1029 (1, merlot:mcu_health:control): <ServiceResponse> FORWARDED (remote -> local) CR token ID = 3929, service client ID = 40, token ID = 45189, result = 0
11-21 00:34:45.339 D/mculinkhealth( 1029): isMcuReachable 1 (6 ms)
11-21 00:34:47.698 D/commandrouter( 1006): rtc_sync (1, rtc:sync): <ServiceRequest> FORWARDED (remote -> local) service client ID = 0, token ID = 44560
11-21 00:34:47.699 D/commandrouter( 1006): SocServiceHandle::onServiceMessage, SoC Service = rtc_sync, appType = 1, type = SVC_RESP, clientId = 0, token = 44560, payloadLen = 8, result = 0, payload.size() = 8
11-21 00:34:55.327 I/chatty  ( 1186): uid=1000(system) android.ui expire 12 lines
11-21 00:34:57.697 D/commandrouter( 1006): rtc_sync (1, rtc:sync): <ServiceRequest> FORWARDED (remote -> local) service client ID = 0, token ID = 44561
11-21 00:34:57.697 D/commandrouter( 1006): SocServiceHandle::onServiceMessage, SoC Service = rtc_sync, appType = 1, type = SVC_RESP, clientId = 0, token = 44561, payloadLen = 8, result = 0, payload.size() = 8
11-21 00:34:58.148 I/chatty  ( 1186): uid=1000(system) Binder:1186_4 expire 4 lines
11-21 00:35:06.358 I/chatty  ( 1186): uid=1000(system) ConnectivitySer expire 16 lines
11-21 00:35:06.417 I/wificond(  911): Fail RSSI polling because wifi is not associated.
11-21 00:35:06.471 I/chatty  ( 1186): uid=1000 system_server expire 1 line
11-21 00:35:06.579 E/NetlinkEvent(  462): NetlinkEvent::FindParam(): Parameter 'INTERFACE' not found
11-21 00:35:06.579 E/NetlinkEvent(  462): NetlinkEvent::FindParam(): Parameter 'STATE' not found
11-21 00:35:06.579 E/NetlinkEvent(  462): NetlinkEvent::FindParam(): Parameter 'TIME_NS' not found
11-21 00:35:06.579 E/NetlinkEvent(  462): NetlinkEvent::FindParam(): Parameter 'UID' not found
11-21 00:35:07.689 D/commandrouter( 1006): rtc_sync (1, rtc:sync): <ServiceRequest> FORWARDED (remote -> local) service client ID = 0, token ID = 44562
11-21 00:35:07.689 D/commandrouter( 1006): SocServiceHandle::onServiceMessage, SoC Service = rtc_sync, appType = 1, type = SVC_RESP, clientId = 0, token = 44562, payloadLen = 8, result = 0, payload.size() = 8
11-21 00:35:15.341 D/commandrouter( 1006): SocServiceHandle::onServiceMessage, SoC Service = mcu_healthcheck_1029, appType = 1, type = SVC_REQ, clientId = 0, token = 3930, payloadLen = 12, result = 0, payload.size() = 12
11-21 00:35:15.347 D/commandrouter( 1006): mcu_healthcheck_1029 (1, merlot:mcu_health:control): <ServiceResponse> FORWARDED (remote -> local) CR token ID = 3930, service client ID = 40, token ID = 45190, result = 0
11-21 00:35:15.347 D/mculinkhealth( 1029): isMcuReachable 1 (6 ms)
11-21 00:35:15.893 D/commandrouter( 1006): SocServiceHandle::onServiceMessage, SoC Service = mcu_healthcheck_934, appType = 1, type = SVC_REQ, clientId = 0, token = 1965, payloadLen = 20, result = 0, payload.size() = 20
11-21 00:35:15.898 D/commandrouter( 1006): mcu_healthcheck_934 (1, merlot:mcu_health:control): <ServiceResponse> FORWARDED (remote -> local) CR token ID = 1965, service client ID = 5, token ID = 45191, result = 0
11-21 00:35:17.680 D/commandrouter( 1006): rtc_sync (1, rtc:sync): <ServiceRequest> FORWARDED (remote -> local) service client ID = 0, token ID = 44563
11-21 00:35:17.680 D/commandrouter( 1006): SocServiceHandle::onServiceMessage, SoC Service = rtc_sync, appType = 1, type = SVC_RESP, clientId = 0, token = 44563, payloadLen = 8, result = 0, payload.size() = 8
11-21 00:35:25.080 W/wificond(  911): Scan is not started. Ignore abort request
11-21 00:35:25.755 I/chatty  ( 1186): uid=1000(system) ConnectivitySer expire 25 lines
11-21 00:35:26.263 E/NetlinkEvent(  462): NetlinkEvent::FindParam(): Parameter 'INTERFACE' not found
11-21 00:35:26.264 E/NetlinkEvent(  462): NetlinkEvent::FindParam(): Parameter 'STATE' not found
11-21 00:35:26.264 E/NetlinkEvent(  462): NetlinkEvent::FindParam(): Parameter 'TIME_NS' not found
11-21 00:35:26.264 E/NetlinkEvent(  462): NetlinkEvent::FindParam(): Parameter 'UID' not found
11-21 00:35:27.676 D/commandrouter( 1006): rtc_sync (1, rtc:sync): <ServiceRequest> FORWARDED (remote -> local) service client ID = 0, token ID = 44564
11-21 00:35:27.677 D/commandrouter( 1006): SocServiceHandle::onServiceMessage, SoC Service = rtc_sync, appType = 1, type = SVC_RESP, clientId = 0, token = 44564, payloadLen = 8, result = 0, payload.size() = 8
11-21 00:35:37.672 D/commandrouter( 1006): rtc_sync (1, rtc:sync): <ServiceRequest> FORWARDED (remote -> local) service client ID = 0, token ID = 44565
11-21 00:35:37.672 D/commandrouter( 1006): SocServiceHandle::onServiceMessage, SoC Service = rtc_sync, appType = 1, type = SVC_RESP, clientId = 0, token = 44565, payloadLen = 8, result = 0, payload.size() = 8
11-21 00:35:42.594 D/commandrouter( 1006): SocServiceHandle::onServiceMessage, SoC Service = mcu_healthcheck_1186, appType = 1, type = SVC_REQ, clientId = 0, token = 201, payloadLen = 12, result = 0, payload.size() = 12
11-21 00:35:42.598 D/commandrouter( 1006): mcu_healthcheck_1186 (1, merlot:mcu_health:control): <ServiceResponse> FORWARDED (remote -> local) CR token ID = 201, service client ID = 39, token ID = 45192, result = 0
11-21 00:35:42.599 I/chatty  ( 1186): uid=1000 system_server expire 1 line
11-21 00:35:42.817 I/chatty  ( 1186): uid=1000(system) batterystats-wo expire 1 line
11-21 00:35:43.742 I/chatty  ( 1186): uid=1000 system_server expire 1 line
11-21 00:35:45.348 D/commandrouter( 1006): SocServiceHandle::onServiceMessage, SoC Service = mcu_healthcheck_1029, appType = 1, type = SVC_REQ, clientId = 0, token = 3931, payloadLen = 12, result = 0, payload.size() = 12
11-21 00:35:45.352 D/commandrouter( 1006): mcu_healthcheck_1029 (1, merlot:mcu_health:control): <ServiceResponse> FORWARDED (remote -> local) CR token ID = 3931, service client ID = 40, token ID = 45193, result = 0
11-21 00:35:45.352 D/mculinkhealth( 1029): isMcuReachable 1 (4 ms)
11-21 00:35:45.360 I/chatty  ( 1186): uid=1000(system) android.ui expire 12 lines
11-21 00:35:47.671 D/commandrouter( 1006): rtc_sync (1, rtc:sync): <ServiceRequest> FORWARDED (remote -> local) service client ID = 0, token ID = 44566
11-21 00:35:47.672 D/commandrouter( 1006): SocServiceHandle::onServiceMessage, SoC Service = rtc_sync, appType = 1, type = SVC_RESP, clientId = 0, token = 44566, payloadLen = 8, result = 0, payload.size() = 8
11-21 00:35:56.255 I/chatty  ( 1186): uid=1000(system) ConnectivitySer expire 10 lines
11-21 00:35:56.396 I/wificond(  911): Fail RSSI polling because wifi is not associated.
11-21 00:35:56.590 E/NetlinkEvent(  462): NetlinkEvent::FindParam(): Parameter 'INTERFACE' not found
11-21 00:35:56.590 E/NetlinkEvent(  462): NetlinkEvent::FindParam(): Parameter 'STATE' not found
11-21 00:35:56.590 E/NetlinkEvent(  462): NetlinkEvent::FindParam(): Parameter 'TIME_NS' not found
11-21 00:35:56.590 E/NetlinkEvent(  462): NetlinkEvent::FindParam(): Parameter 'UID' not found
11-21 00:35:57.671 D/commandrouter( 1006): rtc_sync (1, rtc:sync): <ServiceRequest> FORWARDED (remote -> local) service client ID = 0, token ID = 44567
11-21 00:35:57.672 D/commandrouter( 1006): SocServiceHandle::onServiceMessage, SoC Service = rtc_sync, appType = 1, type = SVC_RESP, clientId = 0, token = 44567, payloadLen = 8, result = 0, payload.size() = 8
11-21 00:36:07.173 I/chatty  ( 1186): uid=1000(system) Binder:1186_8 expire 8 lines
11-21 00:36:07.671 D/commandrouter( 1006): rtc_sync (1, rtc:sync): <ServiceRequest> FORWARDED (remote -> local) service client ID = 0, token ID = 44568
11-21 00:36:07.672 D/commandrouter( 1006): SocServiceHandle::onServiceMessage, SoC Service = rtc_sync, appType = 1, type = SVC_RESP, clientId = 0, token = 44568, payloadLen = 8, result = 0, payload.size() = 8
11-21 00:36:15.029 W/wificond(  911): Scan is not started. Ignore abort request
11-21 00:36:15.353 D/commandrouter( 1006): SocServiceHandle::onServiceMessage, SoC Service = mcu_healthcheck_1029, appType = 1, type = SVC_REQ, clientId = 0, token = 3932, payloadLen = 12, result = 0, payload.size() = 12
11-21 00:36:15.357 D/commandrouter( 1006): mcu_healthcheck_1029 (1, merlot:mcu_health:control): <ServiceResponse> FORWARDED (remote -> local) CR token ID = 3932, service client ID = 40, token ID = 45194, result = 0
11-21 00:36:15.357 D/mculinkhealth( 1029): isMcuReachable 1 (4 ms)
11-21 00:36:15.900 D/commandrouter( 1006): SocServiceHandle::onServiceMessage, SoC Service = mcu_healthcheck_934, appType = 1, type = SVC_REQ, clientId = 0, token = 1966, payloadLen = 20, result = 0, payload.size() = 20
11-21 00:36:15.904 D/commandrouter( 1006): mcu_healthcheck_934 (1, merlot:mcu_health:control): <ServiceResponse> FORWARDED (remote -> local) CR token ID = 1966, service client ID = 5, token ID = 45195, result = 0
11-21 00:36:16.401 I/chatty  ( 1186): uid=1000(system) WifiHandlerThre expire 4 lines
11-21 00:36:16.580 I/chatty  ( 1186): uid=1000(system) ConnectivitySer expire 31 lines
11-21 00:36:17.249 E/NetlinkEvent(  462): NetlinkEvent::FindParam(): Parameter 'INTERFACE' not found
11-21 00:36:17.249 E/NetlinkEvent(  462): NetlinkEvent::FindParam(): Parameter 'STATE' not found
11-21 00:36:17.249 E/NetlinkEvent(  462): NetlinkEvent::FindParam(): Parameter 'TIME_NS' not found
11-21 00:36:17.249 E/NetlinkEvent(  462): NetlinkEvent::FindParam(): Parameter 'UID' not found
11-21 00:36:17.669 D/commandrouter( 1006): rtc_sync (1, rtc:sync): <ServiceRequest> FORWARDED (remote -> local) service client ID = 0, token ID = 44569
11-21 00:36:17.669 D/commandrouter( 1006): SocServiceHandle::onServiceMessage, SoC Service = rtc_sync, appType = 1, type = SVC_RESP, clientId = 0, token = 44569, payloadLen = 8, result = 0, payload.size() = 8
11-21 00:36:27.664 D/commandrouter( 1006): rtc_sync (1, rtc:sync): <ServiceRequest> FORWARDED (remote -> local) service client ID = 0, token ID = 44570
11-21 00:36:27.664 D/commandrouter( 1006): SocServiceHandle::onServiceMessage, SoC Service = rtc_sync, appType = 1, type = SVC_RESP, clientId = 0, token = 44570, payloadLen = 8, result = 0, payload.size() = 8
11-21 00:36:35.448 I/chatty  ( 1186): uid=1000(system) android.ui expire 12 lines
11-21 00:36:37.657 D/commandrouter( 1006): rtc_sync (1, rtc:sync): <ServiceRequest> FORWARDED (remote -> local) service client ID = 0, token ID = 44571
11-21 00:36:37.658 D/commandrouter( 1006): SocServiceHandle::onServiceMessage, SoC Service = rtc_sync, appType = 1, type = SVC_RESP, clientId = 0, token = 44571, payloadLen = 8, result = 0, payload.size() = 8
11-21 00:36:38.172 I/chatty  ( 1186): uid=1000(system) Binder:1186_11 expire 4 lines
11-21 00:36:41.078 I/chatty  ( 1186): uid=1000(system) LazyTaskWriterT expire 9 lines
11-21 00:36:45.358 D/commandrouter( 1006): SocServiceHandle::onServiceMessage, SoC Service = mcu_healthcheck_1029, appType = 1, type = SVC_REQ, clientId = 0, token = 3933, payloadLen = 12, result = 0, payload.size() = 12
11-21 00:36:45.362 D/commandrouter( 1006): mcu_healthcheck_1029 (1, merlot:mcu_health:control): <ServiceResponse> FORWARDED (remote -> local) CR token ID = 3933, service client ID = 40, token ID = 45196, result = 0
11-21 00:36:45.362 D/mculinkhealth( 1029): isMcuReachable 1 (4 ms)
11-21 00:36:46.489 I/chatty  ( 1186): uid=1000(system) ConnectivitySer expire 33 lines
11-21 00:36:46.511 I/chatty  ( 1186): uid=1000 system_server expire 1 line
11-21 00:36:46.641 E/NetlinkEvent(  462): NetlinkEvent::FindParam(): Parameter 'INTERFACE' not found
11-21 00:36:46.641 E/NetlinkEvent(  462): NetlinkEvent::FindParam(): Parameter 'STATE' not found
11-21 00:36:46.641 E/NetlinkEvent(  462): NetlinkEvent::FindParam(): Parameter 'TIME_NS' not found
11-21 00:36:46.641 E/NetlinkEvent(  462): NetlinkEvent::FindParam(): Parameter 'UID' not found
11-21 00:36:47.654 D/commandrouter( 1006): rtc_sync (1, rtc:sync): <ServiceRequest> FORWARDED (remote -> local) service client ID = 0, token ID = 44572
11-21 00:36:47.654 D/commandrouter( 1006): SocServiceHandle::onServiceMessage, SoC Service = rtc_sync, appType = 1, type = SVC_RESP, clientId = 0, token = 44572, payloadLen = 8, result = 0, payload.size() = 8
11-21 00:36:57.155 I/chatty  ( 1186): uid=1000(system) Binder:1186_17 expire 8 lines
11-21 00:36:57.669 D/commandrouter( 1006): rtc_sync (1, rtc:sync): <ServiceRequest> FORWARDED (remote -> local) service client ID = 0, token ID = 44573
11-21 00:36:57.670 D/commandrouter( 1006): SocServiceHandle::onServiceMessage, SoC Service = rtc_sync, appType = 1, type = SVC_RESP, clientId = 0, token = 44573, payloadLen = 8, result = 0, payload.size() = 8
11-21 00:37:04.425 I/chatty  ( 1186): uid=1000(system) WifiP2pService expire 6 lines
11-21 00:37:04.426 I/chatty  ( 1186): uid=1000(system) ActivityManager expire 3 lines
11-21 00:37:04.434 W/wificond(  911): Scan is not started. Ignore abort request
11-21 00:37:05.734 E/NetlinkEvent(  462): NetlinkEvent::FindParam(): Parameter 'INTERFACE' not found
11-21 00:37:05.734 E/NetlinkEvent(  462): NetlinkEvent::FindParam(): Parameter 'STATE' not found
11-21 00:37:05.734 E/NetlinkEvent(  462): NetlinkEvent::FindParam(): Parameter 'TIME_NS' not found
11-21 00:37:05.734 E/NetlinkEvent(  462): NetlinkEvent::FindParam(): Parameter 'UID' not found
11-21 00:37:05.749 I/chatty  ( 1186): uid=1000(system) ConnectivitySer expire 14 lines
11-21 00:37:07.650 D/commandrouter( 1006): rtc_sync (1, rtc:sync): <ServiceRequest> FORWARDED (remote -> local) service client ID = 0, token ID = 44574
11-21 00:37:07.651 D/commandrouter( 1006): SocServiceHandle::onServiceMessage, SoC Service = rtc_sync, appType = 1, type = SVC_RESP, clientId = 0, token = 44574, payloadLen = 8, result = 0, payload.size() = 8
11-21 00:37:15.364 D/commandrouter( 1006): SocServiceHandle::onServiceMessage, SoC Service = mcu_healthcheck_1029, appType = 1, type = SVC_REQ, clientId = 0, token = 3934, payloadLen = 12, result = 0, payload.size() = 12
11-21 00:37:15.369 D/commandrouter( 1006): mcu_healthcheck_1029 (1, merlot:mcu_health:control): <ServiceResponse> FORWARDED (remote -> local) CR token ID = 3934, service client ID = 40, token ID = 45197, result = 0
11-21 00:37:15.370 D/mculinkhealth( 1029): isMcuReachable 1 (6 ms)
11-21 00:37:15.906 D/commandrouter( 1006): SocServiceHandle::onServiceMessage, SoC Service = mcu_healthcheck_934, appType = 1, type = SVC_REQ, clientId = 0, token = 1967, payloadLen = 20, result = 0, payload.size() = 20
11-21 00:37:15.911 D/commandrouter( 1006): mcu_healthcheck_934 (1, merlot:mcu_health:control): <ServiceResponse> FORWARDED (remote -> local) CR token ID = 1967, service client ID = 5, token ID = 45198, result = 0
11-21 00:37:17.644 D/commandrouter( 1006): rtc_sync (1, rtc:sync): <ServiceRequest> FORWARDED (remote -> local) service client ID = 0, token ID = 44575
11-21 00:37:17.644 D/commandrouter( 1006): SocServiceHandle::onServiceMessage, SoC Service = rtc_sync, appType = 1, type = SVC_RESP, clientId = 0, token = 44575, payloadLen = 8, result = 0, payload.size() = 8
11-21 00:37:24.693 I/chatty  ( 1186): uid=1000(system) android.ui expire 12 lines
11-21 00:37:27.642 D/commandrouter( 1006): rtc_sync (1, rtc:sync): <ServiceRequest> FORWARDED (remote -> local) service client ID = 0, token ID = 44576
11-21 00:37:27.643 D/commandrouter( 1006): SocServiceHandle::onServiceMessage, SoC Service = rtc_sync, appType = 1, type = SVC_RESP, clientId = 0, token = 44576, payloadLen = 8, result = 0, payload.size() = 8
11-21 00:37:34.867 I/chatty  ( 1186): uid=1000(system) android.display expire 4 lines
11-21 00:37:35.444 E/NetlinkEvent(  462): NetlinkEvent::FindParam(): Parameter 'INTERFACE' not found
11-21 00:37:35.444 E/NetlinkEvent(  462): NetlinkEvent::FindParam(): Parameter 'STATE' not found
11-21 00:37:35.444 E/NetlinkEvent(  462): NetlinkEvent::FindParam(): Parameter 'TIME_NS' not found
11-21 00:37:35.444 E/NetlinkEvent(  462): NetlinkEvent::FindParam(): Parameter 'UID' not found
11-21 00:37:35.457 I/chatty  ( 1186): uid=1000(system) ConnectivitySer expire 29 lines
11-21 00:37:35.557 I/chatty  ( 1186): uid=1000(system) android.fg expire 4 lines
11-21 00:37:37.642 D/commandrouter( 1006): rtc_sync (1, rtc:sync): <ServiceRequest> FORWARDED (remote -> local) service client ID = 0, token ID = 44577
11-21 00:37:37.642 D/commandrouter( 1006): SocServiceHandle::onServiceMessage, SoC Service = rtc_sync, appType = 1, type = SVC_RESP, clientId = 0, token = 44577, payloadLen = 8, result = 0, payload.size() = 8
11-21 00:37:45.371 D/commandrouter( 1006): SocServiceHandle::onServiceMessage, SoC Service = mcu_healthcheck_1029, appType = 1, type = SVC_REQ, clientId = 0, token = 3935, payloadLen = 12, result = 0, payload.size() = 12
11-21 00:37:45.376 D/commandrouter( 1006): mcu_healthcheck_1029 (1, merlot:mcu_health:control): <ServiceResponse> FORWARDED (remote -> local) CR token ID = 3935, service client ID = 40, token ID = 45199, result = 0
11-21 00:37:45.377 D/mculinkhealth( 1029): isMcuReachable 1 (6 ms)
11-21 00:37:47.639 D/commandrouter( 1006): rtc_sync (1, rtc:sync): <ServiceRequest> FORWARDED (remote -> local) service client ID = 0, token ID = 44578
11-21 00:37:47.640 D/commandrouter( 1006): SocServiceHandle::onServiceMessage, SoC Service = rtc_sync, appType = 1, type = SVC_RESP, clientId = 0, token = 44578, payloadLen = 8, result = 0, payload.size() = 8
11-21 00:37:51.770 I/chatty  ( 1186): uid=1000 system_server expire 1 line
11-21 00:37:54.279 W/wificond(  911): Scan is not started. Ignore abort request
11-21 00:37:55.548 E/NetlinkEvent(  462): NetlinkEvent::FindParam(): Parameter 'INTERFACE' not found
11-21 00:37:55.548 E/NetlinkEvent(  462): NetlinkEvent::FindParam(): Parameter 'STATE' not found
11-21 00:37:55.548 E/NetlinkEvent(  462): NetlinkEvent::FindParam(): Parameter 'TIME_NS' not found
11-21 00:37:55.548 E/NetlinkEvent(  462): NetlinkEvent::FindParam(): Parameter 'UID' not found
11-21 00:37:55.706 I/chatty  ( 1186): uid=1000(system) ConnectivitySer expire 13 lines
11-21 00:37:57.637 D/commandrouter( 1006): rtc_sync (1, rtc:sync): <ServiceRequest> FORWARDED (remote -> local) service client ID = 0, token ID = 44579
11-21 00:37:57.637 D/commandrouter( 1006): SocServiceHandle::onServiceMessage, SoC Service = rtc_sync, appType = 1, type = SVC_RESP, clientId = 0, token = 44579, payloadLen = 8, result = 0, payload.size() = 8
11-21 00:38:07.643 D/commandrouter( 1006): rtc_sync (1, rtc:sync): <ServiceRequest> FORWARDED (remote -> local) service client ID = 0, token ID = 44580
11-21 00:38:07.644 D/commandrouter( 1006): SocServiceHandle::onServiceMessage, SoC Service = rtc_sync, appType = 1, type = SVC_RESP, clientId = 0, token = 44580, payloadLen = 8, result = 0, payload.size() = 8
11-21 00:38:14.770 I/chatty  ( 1186): uid=1000(system) android.ui expire 12 lines
11-21 00:38:15.378 D/commandrouter( 1006): SocServiceHandle::onServiceMessage, SoC Service = mcu_healthcheck_1029, appType = 1, type = SVC_REQ, clientId = 0, token = 3936, payloadLen = 12, result = 0, payload.size() = 12
11-21 00:38:15.381 D/commandrouter( 1006): mcu_healthcheck_1029 (1, merlot:mcu_health:control): <ServiceResponse> FORWARDED (remote -> local) CR token ID = 3936, service client ID = 40, token ID = 45200, result = 0
11-21 00:38:15.382 D/mculinkhealth( 1029): isMcuReachable 1 (4 ms)
11-21 00:38:15.912 D/commandrouter( 1006): SocServiceHandle::onServiceMessage, SoC Service = mcu_healthcheck_934, appType = 1, type = SVC_REQ, clientId = 0, token = 1968, payloadLen = 20, result = 0, payload.size() = 20
11-21 00:38:15.916 D/commandrouter( 1006): mcu_healthcheck_934 (1, merlot:mcu_health:control): <ServiceResponse> FORWARDED (remote -> local) CR token ID = 1968, service client ID = 5, token ID = 45201, result = 0
11-21 00:38:17.644 D/commandrouter( 1006): rtc_sync (1, rtc:sync): <ServiceRequest> FORWARDED (remote -> local) service client ID = 0, token ID = 44581
11-21 00:38:17.645 D/commandrouter( 1006): SocServiceHandle::onServiceMessage, SoC Service = rtc_sync, appType = 1, type = SVC_RESP, clientId = 0, token = 44581, payloadLen = 8, result = 0, payload.size() = 8
11-21 00:38:18.157 I/chatty  ( 1186): uid=1000(system) Binder:1186_D expire 7 lines
11-21 00:38:26.522 E/NetlinkEvent(  462): NetlinkEvent::FindParam(): Parameter 'INTERFACE' not found
11-21 00:38:26.522 E/NetlinkEvent(  462): NetlinkEvent::FindParam(): Parameter 'STATE' not found
11-21 00:38:26.522 E/NetlinkEvent(  462): NetlinkEvent::FindParam(): Parameter 'TIME_NS' not found
11-21 00:38:26.522 E/NetlinkEvent(  462): NetlinkEvent::FindParam(): Parameter 'UID' not found
11-21 00:38:26.534 I/chatty  ( 1186): uid=1000(system) ConnectivitySer expire 27 lines
11-21 00:38:27.638 D/commandrouter( 1006): rtc_sync (1, rtc:sync): <ServiceRequest> FORWARDED (remote -> local) service client ID = 0, token ID = 44582
11-21 00:38:27.638 D/commandrouter( 1006): SocServiceHandle::onServiceMessage, SoC Service = rtc_sync, appType = 1, type = SVC_RESP, clientId = 0, token = 44582, payloadLen = 8, result = 0, payload.size() = 8
11-21 00:38:27.865 I/chatty  ( 1186): uid=1000(system) DeviceStorageMo expire 2 lines
11-21 00:38:37.637 D/commandrouter( 1006): rtc_sync (1, rtc:sync): <ServiceRequest> FORWARDED (remote -> local) service client ID = 0, token ID = 44583
11-21 00:38:37.638 D/commandrouter( 1006): SocServiceHandle::onServiceMessage, SoC Service = rtc_sync, appType = 1, type = SVC_RESP, clientId = 0, token = 44583, payloadLen = 8, result = 0, payload.size() = 8
11-21 00:38:45.324 W/wificond(  911): Scan is not started. Ignore abort request
11-21 00:38:45.383 D/commandrouter( 1006): SocServiceHandle::onServiceMessage, SoC Service = mcu_healthcheck_1029, appType = 1, type = SVC_REQ, clientId = 0, token = 3937, payloadLen = 12, result = 0, payload.size() = 12
11-21 00:38:45.388 D/commandrouter( 1006): mcu_healthcheck_1029 (1, merlot:mcu_health:control): <ServiceResponse> FORWARDED (remote -> local) CR token ID = 3937, service client ID = 40, token ID = 45202, result = 0
11-21 00:38:45.389 D/mculinkhealth( 1029): isMcuReachable 1 (5 ms)
11-21 00:38:46.703 E/NetlinkEvent(  462): NetlinkEvent::FindParam(): Parameter 'INTERFACE' not found
11-21 00:38:46.703 E/NetlinkEvent(  462): NetlinkEvent::FindParam(): Parameter 'STATE' not found
11-21 00:38:46.703 E/NetlinkEvent(  462): NetlinkEvent::FindParam(): Parameter 'TIME_NS' not found
11-21 00:38:46.703 E/NetlinkEvent(  462): NetlinkEvent::FindParam(): Parameter 'UID' not found
11-21 00:38:46.871 I/chatty  ( 1186): uid=1000(system) ConnectivitySer expire 7 lines
11-21 00:38:47.656 D/commandrouter( 1006): rtc_sync (1, rtc:sync): <ServiceRequest> FORWARDED (remote -> local) service client ID = 0, token ID = 44584
11-21 00:38:47.656 D/commandrouter( 1006): SocServiceHandle::onServiceMessage, SoC Service = rtc_sync, appType = 1, type = SVC_RESP, clientId = 0, token = 44584, payloadLen = 8, result = 0, payload.size() = 8
11-21 00:38:57.642 D/commandrouter( 1006): rtc_sync (1, rtc:sync): <ServiceRequest> FORWARDED (remote -> local) service client ID = 0, token ID = 44585
11-21 00:38:57.643 D/commandrouter( 1006): SocServiceHandle::onServiceMessage, SoC Service = rtc_sync, appType = 1, type = SVC_RESP, clientId = 0, token = 44585, payloadLen = 8, result = 0, payload.size() = 8
11-21 00:39:05.266 I/chatty  ( 1186): uid=1000(system) android.ui expire 12 lines
11-21 00:39:07.641 D/commandrouter( 1006): rtc_sync (1, rtc:sync): <ServiceRequest> FORWARDED (remote -> local) service client ID = 0, token ID = 44586
11-21 00:39:07.642 D/commandrouter( 1006): SocServiceHandle::onServiceMessage, SoC Service = rtc_sync, appType = 1, type = SVC_RESP, clientId = 0, token = 44586, payloadLen = 8, result = 0, payload.size() = 8
11-21 00:39:08.163 I/chatty  ( 1186): uid=1000(system) Binder:1186_11 expire 5 lines
11-21 00:39:08.293 I/chatty  ( 1186): uid=1000(system) Binder:1186_17 expire 3 lines
11-21 00:39:10.986 I/chatty  ( 1186): uid=1000(system) LazyTaskWriterT expire 3 lines
11-21 00:39:15.390 D/commandrouter( 1006): SocServiceHandle::onServiceMessage, SoC Service = mcu_healthcheck_1029, appType = 1, type = SVC_REQ, clientId = 0, token = 3938, payloadLen = 12, result = 0, payload.size() = 12
11-21 00:39:15.393 D/commandrouter( 1006): mcu_healthcheck_1029 (1, merlot:mcu_health:control): <ServiceResponse> FORWARDED (remote -> local) CR token ID = 3938, service client ID = 40, token ID = 45203, result = 0
11-21 00:39:15.393 D/mculinkhealth( 1029): isMcuReachable 1 (4 ms)
11-21 00:39:15.919 D/commandrouter( 1006): SocServiceHandle::onServiceMessage, SoC Service = mcu_healthcheck_934, appType = 1, type = SVC_REQ, clientId = 0, token = 1969, payloadLen = 20, result = 0, payload.size() = 20
11-21 00:39:15.932 I/chatty  ( 1186): uid=1000 system_server expire 1 line
11-21 00:39:15.951 D/commandrouter( 1006): mcu_healthcheck_934 (1, merlot:mcu_health:control): <ServiceResponse> FORWARDED (remote -> local) CR token ID = 1969, service client ID = 5, token ID = 45204, result = 0
11-21 00:39:15.968 I/chatty  ( 1186): uid=1000(system) android.display expire 2 lines
11-21 00:39:16.466 I/chatty  ( 1186): uid=1000(system) ConnectivitySer expire 9 lines
11-21 00:39:16.641 E/NetlinkEvent(  462): NetlinkEvent::FindParam(): Parameter 'INTERFACE' not found
11-21 00:39:16.642 E/NetlinkEvent(  462): NetlinkEvent::FindParam(): Parameter 'STATE' not found
11-21 00:39:16.642 E/NetlinkEvent(  462): NetlinkEvent::FindParam(): Parameter 'TIME_NS' not found
11-21 00:39:16.642 E/NetlinkEvent(  462): NetlinkEvent::FindParam(): Parameter 'UID' not found
11-21 00:39:16.802 I/chatty  ( 1186): uid=1000(system) android.fg expire 1 line
11-21 00:39:17.638 D/commandrouter( 1006): rtc_sync (1, rtc:sync): <ServiceRequest> FORWARDED (remote -> local) service client ID = 0, token ID = 44587
11-21 00:39:17.639 D/commandrouter( 1006): SocServiceHandle::onServiceMessage, SoC Service = rtc_sync, appType = 1, type = SVC_RESP, clientId = 0, token = 44587, payloadLen = 8, result = 0, payload.size() = 8
11-21 00:39:27.634 D/commandrouter( 1006): rtc_sync (1, rtc:sync): <ServiceRequest> FORWARDED (remote -> local) service client ID = 0, token ID = 44588
11-21 00:39:27.635 D/commandrouter( 1006): SocServiceHandle::onServiceMessage, SoC Service = rtc_sync, appType = 1, type = SVC_RESP, clientId = 0, token = 44588, payloadLen = 8, result = 0, payload.size() = 8
11-21 00:39:27.976 I/chatty  ( 1186): uid=1000(system) DeviceStorageMo expire 2 lines
11-21 00:39:35.097 I/chatty  ( 1186): uid=1000(system) WifiP2pService expire 1 line
11-21 00:39:35.098 I/chatty  ( 1186): uid=1000(system) ActivityManager expire 1 line
11-21 00:39:35.106 I/chatty  ( 1186): uid=1000(system) WifiP2pService expire 1 line
11-21 00:39:35.209 W/wificond(  911): Scan is not started. Ignore abort request
11-21 00:39:35.591 I/chatty  ( 1186): uid=1000(system) WifiHandlerThre expire 1 line
11-21 00:39:35.628 I/chatty  ( 1186): uid=1000(system) ConnectivitySer expire 32 lines
11-21 00:39:36.672 E/NetlinkEvent(  462): NetlinkEvent::FindParam(): Parameter 'INTERFACE' not found
11-21 00:39:36.673 E/NetlinkEvent(  462): NetlinkEvent::FindParam(): Parameter 'STATE' not found
11-21 00:39:36.673 E/NetlinkEvent(  462): NetlinkEvent::FindParam(): Parameter 'TIME_NS' not found
11-21 00:39:36.673 E/NetlinkEvent(  462): NetlinkEvent::FindParam(): Parameter 'UID' not found
11-21 00:39:36.791 I/chatty  ( 1186): uid=1000(system) android.fg expire 2 lines
11-21 00:39:36.925 I/chatty  ( 1186): uid=1000 system_server expire 1 line
11-21 00:39:37.634 D/commandrouter( 1006): rtc_sync (1, rtc:sync): <ServiceRequest> FORWARDED (remote -> local) service client ID = 0, token ID = 44589
11-21 00:39:37.635 D/commandrouter( 1006): SocServiceHandle::onServiceMessage, SoC Service = rtc_sync, appType = 1, type = SVC_RESP, clientId = 0, token = 44589, payloadLen = 8, result = 0, payload.size() = 8
11-21 00:39:45.394 D/commandrouter( 1006): SocServiceHandle::onServiceMessage, SoC Service = mcu_healthcheck_1029, appType = 1, type = SVC_REQ, clientId = 0, token = 3939, payloadLen = 12, result = 0, payload.size() = 12
11-21 00:39:45.398 D/commandrouter( 1006): mcu_healthcheck_1029 (1, merlot:mcu_health:control): <ServiceResponse> FORWARDED (remote -> local) CR token ID = 3939, service client ID = 40, token ID = 45205, result = 0
11-21 00:39:45.399 D/mculinkhealth( 1029): isMcuReachable 1 (4 ms)
11-21 00:39:47.629 D/commandrouter( 1006): rtc_sync (1, rtc:sync): <ServiceRequest> FORWARDED (remote -> local) service client ID = 0, token ID = 44590
11-21 00:39:47.630 D/commandrouter( 1006): SocServiceHandle::onServiceMessage, SoC Service = rtc_sync, appType = 1, type = SVC_RESP, clientId = 0, token = 44590, payloadLen = 8, result = 0, payload.size() = 8
11-21 00:39:55.266 I/chatty  ( 1186): uid=1000(system) android.ui expire 4 lines
11-21 00:39:57.625 D/commandrouter( 1006): rtc_sync (1, rtc:sync): <ServiceRequest> FORWARDED (remote -> local) service client ID = 0, token ID = 44591
11-21 00:39:57.626 D/commandrouter( 1006): SocServiceHandle::onServiceMessage, SoC Service = rtc_sync, appType = 1, type = SVC_RESP, clientId = 0, token = 44591, payloadLen = 8, result = 0, payload.size() = 8
11-21 00:39:58.146 I/chatty  ( 1186): uid=1000(system) Binder:1186_A expire 4 lines
11-21 00:40:00.861 I/chatty  ( 1186): uid=1000(system) LazyTaskWriterT expire 1 line
11-21 00:40:05.940 I/chatty  ( 1186): uid=1000(system) android.display expire 1 line
11-21 00:40:06.405 I/chatty  ( 1186): uid=1000(system) ConnectivitySer expire 9 lines
11-21 00:40:06.546 E/NetlinkEvent(  462): NetlinkEvent::FindParam(): Parameter 'INTERFACE' not found
11-21 00:40:06.546 E/NetlinkEvent(  462): NetlinkEvent::FindParam(): Parameter 'STATE' not found
11-21 00:40:06.546 E/NetlinkEvent(  462): NetlinkEvent::FindParam(): Parameter 'TIME_NS' not found
11-21 00:40:06.546 E/NetlinkEvent(  462): NetlinkEvent::FindParam(): Parameter 'UID' not found
11-21 00:40:07.622 D/commandrouter( 1006): rtc_sync (1, rtc:sync): <ServiceRequest> FORWARDED (remote -> local) service client ID = 0, token ID = 44592
11-21 00:40:07.623 D/commandrouter( 1006): SocServiceHandle::onServiceMessage, SoC Service = rtc_sync, appType = 1, type = SVC_RESP, clientId = 0, token = 44592, payloadLen = 8, result = 0, payload.size() = 8
11-21 00:40:10.709 I/chatty  ( 1186): uid=1000(system) android.ui expire 5 lines
11-21 00:40:14.621 D/AutofillManagerService( 1186): onBackKeyPressed()
11-21 00:40:15.223 E/TaskPersister( 1186): File error accessing recents directory (directory doesn't exist?).
11-21 00:40:15.400 D/commandrouter( 1006): SocServiceHandle::onServiceMessage, SoC Service = mcu_healthcheck_1029, appType = 1, type = SVC_REQ, clientId = 0, token = 3940, payloadLen = 12, result = 0, payload.size() = 12
11-21 00:40:15.404 D/commandrouter( 1006): mcu_healthcheck_1029 (1, merlot:mcu_health:control): <ServiceResponse> FORWARDED (remote -> local) CR token ID = 3940, service client ID = 40, token ID = 45206, result = 0
11-21 00:40:15.404 D/mculinkhealth( 1029): isMcuReachable 1 (4 ms)
11-21 00:40:15.634 D/AutofillManagerService( 1186): onBackKeyPressed()
11-21 00:40:15.953 D/commandrouter( 1006): SocServiceHandle::onServiceMessage, SoC Service = mcu_healthcheck_934, appType = 1, type = SVC_REQ, clientId = 0, token = 1970, payloadLen = 20, result = 0, payload.size() = 20
11-21 00:40:15.958 D/commandrouter( 1006): mcu_healthcheck_934 (1, merlot:mcu_health:control): <ServiceResponse> FORWARDED (remote -> local) CR token ID = 1970, service client ID = 5, token ID = 45207, result = 0
11-21 00:40:16.632 D/AutofillManagerService( 1186): onBackKeyPressed()
11-21 00:40:17.164 W/ActivityManager( 1186): Invalid packageName: com.facebook.wearable.system.settings/com.facebook.wearable.system.settings.SettingsActivity
11-21 00:40:17.293 I/ActivityTaskManager( 1186): START u0 {flg=0x10000000 cmp=com.facebook.wearable.system.settings/.SettingsActivity} from uid 0
11-21 00:40:17.317 I/ActivityTaskManager( 1186): The Process com.facebook.wearable.system.settings Already Exists in BG. So sending its PID: 27399
11-21 00:40:17.318 W/ActivityTaskManager( 1186): Tried to set launchTime (0) < mLastActivityLaunchTime (118286006)
11-21 00:40:17.615 D/commandrouter( 1006): rtc_sync (1, rtc:sync): <ServiceRequest> FORWARDED (remote -> local) service client ID = 0, token ID = 44593
11-21 00:40:17.616 D/commandrouter( 1006): SocServiceHandle::onServiceMessage, SoC Service = rtc_sync, appType = 1, type = SVC_RESP, clientId = 0, token = 44593, payloadLen = 8, result = 0, payload.size() = 8
11-21 00:40:20.929 E/TaskPersister( 1186): File error accessing recents directory (directory doesn't exist?).
11-21 00:40:21.925 D/AnalyticsLogger( 1186): sent events: 14
11-21 00:40:24.069 W/ContextImpl( 1186): Calling a method in the system process without a qualified user: android.app.ContextImpl.sendBroadcastMultiplePermissions:1143 android.content.Context.sendBroadcastWithMultiplePermissions:2150 com.android.server.display.WifiDisplayAdapter.handleSendStatusChangeBroadcast:440 com.android.server.display.WifiDisplayAdapter.access$1700:63 com.android.server.display.WifiDisplayAdapter$WifiDisplayHandler.handleMessage:675 
11-21 00:40:25.061 W/ContextImpl( 1186): Calling a method in the system process without a qualified user: android.app.ContextImpl.sendBroadcastMultiplePermissions:1143 android.content.Context.sendBroadcastWithMultiplePermissions:2150 com.android.server.wifi.p2p.WifiP2pServiceImpl$P2pStateMachine.sendBroadcastMultiplePermissions:3209 com.android.server.wifi.p2p.WifiP2pServiceImpl$P2pStateMachine.sendP2pConnectionChangedBroadcast:3236 com.android.server.wifi.p2p.WifiP2pServiceImpl$P2pStateMachine.access$5100:768 
