--------- beginning of system
11-21 15:00:16.794 E/TaskPersister( 1186): File error accessing recents directory (directory doesn't exist?).
11-21 15:00:20.617 D/AutofillManagerService( 1186): onBackKeyPressed()
11-21 15:00:21.043 D/commandrouter( 1006): SocServiceHandle::onServiceMessage, SoC Service = mcu_healthcheck_934, appType = 1, type = SVC_REQ, clientId = 0, token = 2830, payloadLen = 20, result = 0, payload.size() = 20
11-21 15:00:21.047 D/commandrouter( 1006): mcu_healthcheck_934 (1, merlot:mcu_health:control): <ServiceResponse> FORWARDED (remote -> local) CR token ID = 2830, service client ID = 5, token ID = 10826, result = 0
11-21 15:00:21.628 D/AutofillManagerService( 1186): onBackKeyPressed()
11-21 15:00:22.707 I/chatty  ( 1186): uid=1000(system) android.ui identical 1 line
11-21 15:00:23.556 D/AutofillManagerService( 1186): onBackKeyPressed()
11-21 15:00:23.660 D/commandrouter( 1006): rtc_sync (1, rtc:sync): <ServiceRequest> FORWARDED (remote -> local) service client ID = 0, token ID = 49753
11-21 15:00:23.661 D/commandrouter( 1006): SocServiceHandle::onServiceMessage, SoC Service = rtc_sync, appType = 1, type = SVC_RESP, clientId = 0, token = 49753, payloadLen = 8, result = 0, payload.size() = 8
11-21 15:00:24.619 D/AutofillManagerService( 1186): onBackKeyPressed()
11-21 15:00:27.708 I/chatty  ( 1186): uid=1000(system) android.ui identical 2 lines
11-21 15:00:28.619 D/AutofillManagerService( 1186): onBackKeyPressed()
11-21 15:00:29.160 W/ActivityManager( 1186): Invalid packageName: com.facebook.wearable.system.settings/com.facebook.wearable.system.settings.SettingsActivity
11-21 15:00:29.295 I/ActivityTaskManager( 1186): START u0 {flg=0x10000000 cmp=com.facebook.wearable.system.settings/.SettingsActivity} from uid 0
11-21 15:00:29.314 I/ActivityTaskManager( 1186): The Process com.facebook.wearable.system.settings Already Exists in BG. So sending its PID: 4763
11-21 15:00:29.315 W/ActivityTaskManager( 1186): Tried to set launchTime (0) < mLastActivityLaunchTime (169883051)
11-21 15:00:30.289 D/commandrouter( 1006): SocServiceHandle::onServiceMessage, SoC Service = mcu_healthcheck_1029, appType = 1, type = SVC_REQ, clientId = 0, token = 5661, payloadLen = 12, result = 0, payload.size() = 12
11-21 15:00:30.293 D/commandrouter( 1006): mcu_healthcheck_1029 (1, merlot:mcu_health:control): <ServiceResponse> FORWARDED (remote -> local) CR token ID = 5661, service client ID = 40, token ID = 10827, result = 0
11-21 15:00:30.294 D/mculinkhealth( 1029): isMcuReachable 1 (4 ms)
11-21 15:00:33.574 E/TaskPersister( 1186): File error accessing recents directory (directory doesn't exist?).
11-21 15:00:33.661 D/commandrouter( 1006): rtc_sync (1, rtc:sync): <ServiceRequest> FORWARDED (remote -> local) service client ID = 0, token ID = 49754
11-21 15:00:33.661 D/commandrouter( 1006): SocServiceHandle::onServiceMessage, SoC Service = rtc_sync, appType = 1, type = SVC_RESP, clientId = 0, token = 49754, payloadLen = 8, result = 0, payload.size() = 8
11-21 15:00:34.731 D/AutofillManagerService( 1186): onBackKeyPressed()
11-21 15:00:35.869 I/chatty  ( 1186): uid=1000(system) android.ui identical 2 lines
11-21 15:00:36.897 D/AutofillManagerService( 1186): onBackKeyPressed()
11-21 15:00:37.154 W/ActivityManager( 1186): Invalid packageName: com.facebook.wearable.system.settings/com.facebook.wearable.system.settings.SettingsActivity
11-21 15:00:37.287 I/ActivityTaskManager( 1186): START u0 {flg=0x10000000 cmp=com.facebook.wearable.system.settings/.SettingsActivity} from uid 0
11-21 15:00:37.304 I/ActivityTaskManager( 1186): The Process com.facebook.wearable.system.settings Already Exists in BG. So sending its PID: 4763
11-21 15:00:37.304 W/ActivityTaskManager( 1186): Tried to set launchTime (0) < mLastActivityLaunchTime (169917042)
11-21 15:00:40.426 E/TaskPersister( 1186): File error accessing recents directory (directory doesn't exist?).
11-21 15:00:43.595 W/ContextImpl( 1186): Calling a method in the system process without a qualified user: android.app.ContextImpl.sendBroadcastMultiplePermissions:1143 android.content.Context.sendBroadcastWithMultiplePermissions:2150 com.android.server.display.WifiDisplayAdapter.handleSendStatusChangeBroadcast:440 com.android.server.display.WifiDisplayAdapter.access$1700:63 com.android.server.display.WifiDisplayAdapter$WifiDisplayHandler.handleMessage:675 
11-21 15:00:43.653 D/commandrouter( 1006): rtc_sync (1, rtc:sync): <ServiceRequest> FORWARDED (remote -> local) service client ID = 0, token ID = 49755
11-21 15:00:43.654 D/commandrouter( 1006): SocServiceHandle::onServiceMessage, SoC Service = rtc_sync, appType = 1, type = SVC_RESP, clientId = 0, token = 49755, payloadLen = 8, result = 0, payload.size() = 8
11-21 15:00:44.564 W/ContextImpl( 1186): Calling a method in the system process without a qualified user: android.app.ContextImpl.sendBroadcastMultiplePermissions:1143 android.content.Context.sendBroadcastWithMultiplePermissions:2150 com.android.server.wifi.p2p.WifiP2pServiceImpl$P2pStateMachine.sendBroadcastMultiplePermissions:3209 com.android.server.wifi.p2p.WifiP2pServiceImpl$P2pStateMachine.sendP2pConnectionChangedBroadcast:3236 com.android.server.wifi.p2p.WifiP2pServiceImpl$P2pStateMachine.access$5100:768 
11-21 15:00:44.566 W/BroadcastQueue( 1186): Permission Denial: receiving Intent { act=android.net.wifi.p2p.CONNECTION_STATE_CHANGE flg=0x24000010 (has extras) } to ProcessRecord{688c834 1907:.qtidataservices/u0a88} (pid=1907, uid=10088) requires android.permission.ACCESS_FINE_LOCATION due to sender android (uid 1000)
11-21 15:00:44.575 W/ContextImpl( 1186): Calling a method in the system process without a qualified user: android.app.ContextImpl.sendBroadcastMultiplePermissions:1143 android.content.Context.sendBroadcastWithMultiplePermissions:2150 com.android.server.wifi.p2p.WifiP2pServiceImpl$P2pStateMachine.sendBroadcastMultiplePermissions:3209 com.android.server.wifi.p2p.WifiP2pServiceImpl$P2pStateMachine.sendThisDeviceChangedBroadcast:3218 com.android.server.wifi.p2p.WifiP2pServiceImpl$P2pStateMachine.updateThisDevice:3962 
11-21 15:00:46.524 W/ContextImpl( 1186): Calling a method in the system process without a qualified user: android.app.ContextImpl.sendBroadcastMultiplePermissions:1143 android.content.Context.sendBroadcastWithMultiplePermissions:2150 com.android.server.wifi.ClientModeImpl.broadcastWifiCredentialChanged:6170 com.android.server.wifi.ClientModeImpl.lambda$connect$0:6716 com.android.server.wifi.ClientModeImpl.lambda$connect$0$ClientModeImpl:0 
11-21 15:00:46.726 W/wificond(  911): Scan is not started. Ignore abort request
11-21 15:00:47.321 D/ConnectivityService( 1186): registerNetworkAgent NetworkAgentInfo{ ni{[type: WIFI[], state: UNKNOWN/IDLE, reason: (unspecified), extra: , failover: false, available: true, roaming: false]}  network{207}  nethandle{892463927309}  lp{{LinkAddresses: [ ] DnsAddresses: [ ] Domains: null MTU: 0 Routes: [ ]}}  nc{[ Transports: WIFI Capabilities: NOT_METERED&INTERNET&NOT_RESTRICTED&TRUSTED&NOT_VPN&NOT_ROAMING&FOREGROUND&NOT_CONGESTED&NOT_SUSPENDED LinkUpBandwidth>=72000Kbps LinkDnBandwidth>=72000Kbps OwnerUid: 1000 SSID: "MTBF_Lab" RequestorUid: -1 RequestorPackageName: null]}  Score{20}  everValidated{false}  lastValidated{false}  created{false} lingering{false} explicitlySelected{true} acceptUnvalidated{false} everCaptivePortalDetected{false} lastCaptivePortalDetected{false} partialConnectivity{false} acceptPartialConnectivity{false} clat{mBaseIface: null, mIface: null, mState: IDLE} }
11-21 15:00:47.449 D/ConnectivityService( 1186): [207 WIFI] EVENT_NETWORK_INFO_CHANGED, going from UNKNOWN to UNKNOWN
11-21 15:00:47.626 D/ConnectivityService( 1186): NetReassign [no changes]
11-21 15:00:47.670 D/ConnectivityService( 1186): Adding iface wlan0 to network 207
11-21 15:00:47.699 E/ConnectivityService( 1186): Exception adding interface: java.lang.IllegalStateException: android.os.ServiceSpecificException: Machine is not on the network (code 64)
11-21 15:00:47.712 I/Nat464Xlat( 1186): Android Xlat is disabled
11-21 15:00:47.712 I/Nat464Xlat( 1186): Android Xlat is disabled
11-21 15:00:48.387 E/ConnectivityService( 1186): Exception in networkAddRouteParcel for non-gateway: android.os.ServiceSpecificException: Machine is not on the network (code 64)
11-21 15:00:48.388 E/ConnectivityService( 1186): Exception in networkAddRouteParcel for gateway: android.os.ServiceSpecificException: Machine is not on the network (code 64)
11-21 15:00:48.388 I/Nat464Xlat( 1186): Android Xlat is disabled
11-21 15:00:48.388 I/Nat464Xlat( 1186): Android Xlat is disabled
11-21 15:00:48.474 D/ConnectivityService( 1186): Setting DNS servers for network 207 to [/192.168.1.1]
11-21 15:00:48.508 I/Nat464Xlat( 1186): Android Xlat is disabled
11-21 15:00:48.508 I/Nat464Xlat( 1186): Android Xlat is disabled
11-21 15:00:48.716 D/ConnectivityService( 1186): [207 WIFI] EVENT_NETWORK_INFO_CHANGED, going from UNKNOWN to CONNECTED
11-21 15:00:48.819 D/DnsManager( 1186): sendDnsConfigurationForNetwork(207, [192.168.1.1], [], 1800, 25, 8, 64, 0, 0, , [])
11-21 15:00:48.851 W/DnsManager( 1186): updatePrivateDns(207, PrivateDnsConfig{true:/[]})
11-21 15:00:48.851 D/ConnectivityService( 1186): Setting DNS servers for network 207 to [/192.168.1.1]
11-21 15:00:48.852 D/DnsManager( 1186): sendDnsConfigurationForNetwork(207, [192.168.1.1], [], 1800, 25, 8, 64, 0, 0, , [192.168.1.1])
11-21 15:00:48.854 D/ConnectivityService( 1186): Adding iface wlan0 to network 207
11-21 15:00:48.917 D/ConnectivityService( 1186): Setting DNS servers for network 207 to [/192.168.1.1]
11-21 15:00:48.918 D/DnsManager( 1186): sendDnsConfigurationForNetwork(207, [192.168.1.1], [], 1800, 25, 8, 64, 0, 0, , [192.168.1.1])
11-21 15:00:48.922 I/Nat464Xlat( 1186): Android Xlat is disabled
11-21 15:00:48.922 I/Nat464Xlat( 1186): Android Xlat is disabled
11-21 15:00:49.098 D/ConnectivityService( 1186): NetReassign [no changes]
11-21 15:00:49.472 D/ConnectivityService( 1186): [207 WIFI] validation passed
11-21 15:00:49.473 D/ConnectivityService( 1186): NetReassign [44 : 101 → 207, 11 : 101 → 207, 63 : 101 → 207, 2885 : 101 → 207, 2235 : 101 → 207, 2877 : 101 → 207, 17 : 101 → 207, 25 : 101 → 207, 1438 : 101 → 207, 1 : 101 → 207, 8 : 101 → 207, 12 : 101 → 207, 14 : 101 → 207, 16 : 101 → 207, 22 : 101 → 207]
11-21 15:00:49.480 E/NetlinkEvent(  462): NetlinkEvent::FindParam(): Parameter 'INTERFACE' not found
11-21 15:00:49.480 E/NetlinkEvent(  462): NetlinkEvent::FindParam(): Parameter 'STATE' not found
11-21 15:00:49.480 E/NetlinkEvent(  462): NetlinkEvent::FindParam(): Parameter 'TIME_NS' not found
11-21 15:00:49.480 E/NetlinkEvent(  462): NetlinkEvent::FindParam(): Parameter 'UID' not found
11-21 15:00:49.526 D/ConnectivityService( 1186): Switching to new default network: NetworkAgentInfo{ ni{[type: WIFI[], state: CONNECTED/CONNECTED, reason: (unspecified), extra: , failover: false, available: true, roaming: false]}  network{207}  nethandle{892463927309}  lp{{InterfaceName: wlan0 LinkAddresses: [ fe80::68fd:b2ff:fea8:97f8/64,192.168.1.41/24 ] DnsAddresses: [ /192.168.1.1 ] Domains: null MTU: 0 ServerAddress: /192.168.1.1 TcpBufferSizes: 524288,1048576,2097152,262144,524288,1048576 Routes: [ fe80::/64 -> :: wlan0 mtu 0,192.168.1.0/24 -> 0.0.0.0 wlan0 mtu 0,0.0.0.0/0 -> 192.168.1.1 wlan0 mtu 0 ]}}  nc{[ Transports: WIFI Capabilities: NOT_METERED&INTERNET&NOT_RESTRICTED&TRUSTED&NOT_VPN&VALIDATED&NOT_ROAMING&FOREGROUND&NOT_CONGESTED&NOT_SUSPENDED LinkUpBandwidth>=61000Kbps LinkDnBandwidth>=61000Kbps SignalStrength: -33 OwnerUid: 1000 SSID: "MTBF_Lab" RequestorUid: -1 RequestorPackageName: null]}  Score{60}  everValidated{true}  lastValidated{true}  created{true} lingering{false} explicitlySelected{true} acceptUnvalidated{false} everCaptivePortalDetected{false} lastCaptivePortalDetected{false} partialConnectivity{false} acceptPartialConnectivity{false} clat{mBaseIface: null, mIface: null, mState: IDLE} }
11-21 15:00:49.675 W/SimpleTimeDetectorStrategy( 1186): Existing suggestion found to be invalid  elapsedRealtimeMillis=169937397, timeSuggestion=TelephonyTimeSuggestion{mSlotIndex='0', mUtcTime=TimestampedValue{mReferenceTimeMillis=57092, mValue=1637365770000}, mDebugInfo=[Sending new time suggestion nitzSignal=TimestampedValue{mReferenceTimeMillis=57092, mValue=NitzData{mOriginalString=21/11/19,23:49:30-32,00, mZoneOffset=-28800000, mDstOffset=0, mCurrentTimeMillis=1637365770000, mEmulatorHostTimeZone=null}}, reason=handleNitzReceived(TimestampedValue{mReferenceTimeMillis=57092, mValue=NitzData{mOriginalString=21/11/19,23:49:30-32,00, mZoneOffset=-28800000, mDstOffset=0, mCurrentTimeMillis=1637365770000, mEmulatorHostTimeZone=null}})]}
11-21 15:00:49.763 D/ConnectivityService( 1186): Lingering [101 CELLULAR] for 30000ms
11-21 15:00:49.765 D/ConnectivityService( 1186): Sending DISCONNECTED broadcast for type 0 [101 CELLULAR] isDefaultNetwork=true
11-21 15:00:49.778 D/ConnectivityService( 1186): Sending CONNECTED broadcast for type 1 [207 WIFI] isDefaultNetwork=true
11-21 15:00:49.829 D/ConnectivityService( 1186): Setting DNS servers for network 207 to [/192.168.1.1]
11-21 15:00:49.829 D/DnsManager( 1186): sendDnsConfigurationForNetwork(207, [192.168.1.1], [], 1800, 25, 8, 64, 0, 0, , [192.168.1.1])
11-21 15:00:49.869 D/CompatibilityChangeReporter( 1186): Compat change id reported: 135634846; UID 10013; state: DISABLED
11-21 15:00:49.870 D/CompatibilityChangeReporter( 1186): Compat change id reported: 143937733; UID 10013; state: ENABLED
11-21 15:00:50.042 W/ActivityManager( 1186): Slow operation: 208ms so far, now at startProcess: returned from zygote!
11-21 15:00:50.042 W/ActivityManager( 1186): Slow operation: 208ms so far, now at startProcess: done updating battery stats
11-21 15:00:50.042 W/ActivityManager( 1186): Slow operation: 208ms so far, now at startProcess: building log message
11-21 15:00:50.043 I/ActivityManager( 1186): Start proc 13244:com.facebook.wearable.system.updater/u0a13 for service {com.facebook.wearable.system.updater/com.facebook.wearable.system.updater.core.scheduler.OSUpdateScheduleService}
11-21 15:00:50.043 W/ActivityManager( 1186): Slow operation: 208ms so far, now at startProcess: starting to update pids map
11-21 15:00:50.045 W/ActivityManager( 1186): Slow operation: 211ms so far, now at startProcess: done updating pids map
11-21 15:00:51.678 D/ConnectivityService( 1186): NetReassign [no changes]
11-21 15:00:52.458 D/ConnectivityService( 1186): requestNetwork for uid/pid:10013/13244 NetworkRequest [ TRACK_DEFAULT id=2887, [ Capabilities: INTERNET&NOT_RESTRICTED&TRUSTED Uid: 10013 AdministratorUids: [] RequestorUid: 10013 RequestorPackageName: com.facebook.wearable.system.updater] ]
11-21 15:00:52.459 D/ConnectivityService( 1186): NetReassign [2887 : null → 207]
11-21 15:00:52.668 D/JavaBinder( 1186): Here is le tags []
11-21 15:00:52.690 D/JavaBinder( 1186): Here is le tags []
11-21 15:00:53.645 D/commandrouter( 1006): rtc_sync (1, rtc:sync): <ServiceRequest> FORWARDED (remote -> local) service client ID = 0, token ID = 49756
11-21 15:00:53.646 D/commandrouter( 1006): SocServiceHandle::onServiceMessage, SoC Service = rtc_sync, appType = 1, type = SVC_RESP, clientId = 0, token = 49756, payloadLen = 8, result = 0, payload.size() = 8
11-21 15:00:56.786 D/AutofillManagerService( 1186): onBackKeyPressed()
11-21 15:00:57.890 I/chatty  ( 1186): uid=1000(system) android.ui identical 2 lines
11-21 15:00:59.581 D/AutofillManagerService( 1186): onBackKeyPressed()
11-21 15:01:00.295 D/commandrouter( 1006): SocServiceHandle::onServiceMessage, SoC Service = mcu_healthcheck_1029, appType = 1, type = SVC_REQ, clientId = 0, token = 5662, payloadLen = 12, result = 0, payload.size() = 12
11-21 15:01:00.298 D/commandrouter( 1006): mcu_healthcheck_1029 (1, merlot:mcu_health:control): <ServiceResponse> FORWARDED (remote -> local) CR token ID = 5662, service client ID = 40, token ID = 10828, result = 0
11-21 15:01:00.299 D/mculinkhealth( 1029): isMcuReachable 1 (4 ms)
11-21 15:01:00.544 D/AppStorageManager( 1186): BEFORE:: Previous Size: 883937280 Current Size: 884682752
11-21 15:01:00.544 D/AppStorageManager( 1186): AFTER:: Previous Size: 884682752 Current Size: 884682752
11-21 15:01:00.693 D/AutofillManagerService( 1186): onBackKeyPressed()
11-21 15:01:01.722 D/AutofillManagerService( 1186): onBackKeyPressed()
11-21 15:01:01.873 E/TaskPersister( 1186): File error accessing recents directory (directory doesn't exist?).
11-21 15:01:02.618 D/AutofillManagerService( 1186): onBackKeyPressed()
11-21 15:01:03.628 D/AutofillManagerService( 1186): onBackKeyPressed()
11-21 15:01:03.645 D/commandrouter( 1006): rtc_sync (1, rtc:sync): <ServiceRequest> FORWARDED (remote -> local) service client ID = 0, token ID = 49757
11-21 15:01:03.645 D/commandrouter( 1006): SocServiceHandle::onServiceMessage, SoC Service = rtc_sync, appType = 1, type = SVC_RESP, clientId = 0, token = 49757, payloadLen = 8, result = 0, payload.size() = 8
11-21 15:01:04.193 W/ActivityManager( 1186): Invalid packageName: com.facebook.wearable.system.settings/com.facebook.wearable.system.settings.SettingsActivity
11-21 15:01:04.340 I/ActivityTaskManager( 1186): START u0 {flg=0x10000000 cmp=com.facebook.wearable.system.settings/.SettingsActivity} from uid 0
11-21 15:01:04.371 I/ActivityTaskManager( 1186): The Process com.facebook.wearable.system.settings Already Exists in BG. So sending its PID: 4763
11-21 15:01:04.372 W/ActivityTaskManager( 1186): Tried to set launchTime (0) < mLastActivityLaunchTime (169925031)
11-21 15:01:08.516 E/TaskPersister( 1186): File error accessing recents directory (directory doesn't exist?).
11-21 15:01:13.340 D/AnalyticsLogger( 1186): sent events: 14
11-21 15:01:13.641 D/commandrouter( 1006): rtc_sync (1, rtc:sync): <ServiceRequest> FORWARDED (remote -> local) service client ID = 0, token ID = 49758
11-21 15:01:13.642 D/commandrouter( 1006): SocServiceHandle::onServiceMessage, SoC Service = rtc_sync, appType = 1, type = SVC_RESP, clientId = 0, token = 49758, payloadLen = 8, result = 0, payload.size() = 8
11-21 15:01:19.477 D/ConnectivityService( 1186): handleLingerComplete for [101 CELLULAR]
11-21 15:01:21.048 D/commandrouter( 1006): SocServiceHandle::onServiceMessage, SoC Service = mcu_healthcheck_934, appType = 1, type = SVC_REQ, clientId = 0, token = 2831, payloadLen = 20, result = 0, payload.size() = 20
11-21 15:01:21.052 D/commandrouter( 1006): mcu_healthcheck_934 (1, merlot:mcu_health:control): <ServiceResponse> FORWARDED (remote -> local) CR token ID = 2831, service client ID = 5, token ID = 10829, result = 0
11-21 15:01:23.639 D/commandrouter( 1006): rtc_sync (1, rtc:sync): <ServiceRequest> FORWARDED (remote -> local) service client ID = 0, token ID = 49759
11-21 15:01:23.639 D/commandrouter( 1006): SocServiceHandle::onServiceMessage, SoC Service = rtc_sync, appType = 1, type = SVC_RESP, clientId = 0, token = 49759, payloadLen = 8, result = 0, payload.size() = 8
11-21 15:01:30.300 D/commandrouter( 1006): SocServiceHandle::onServiceMessage, SoC Service = mcu_healthcheck_1029, appType = 1, type = SVC_REQ, clientId = 0, token = 5663, payloadLen = 12, result = 0, payload.size() = 12
11-21 15:01:30.303 D/commandrouter( 1006): mcu_healthcheck_1029 (1, merlot:mcu_health:control): <ServiceResponse> FORWARDED (remote -> local) CR token ID = 5663, service client ID = 40, token ID = 10830, result = 0
11-21 15:01:30.304 D/mculinkhealth( 1029): isMcuReachable 1 (4 ms)
11-21 15:01:31.780 D/AutofillManagerService( 1186): onBackKeyPressed()
11-21 15:01:32.845 I/chatty  ( 1186): uid=1000(system) android.ui identical 2 lines
11-21 15:01:33.556 D/AutofillManagerService( 1186): onBackKeyPressed()
11-21 15:01:33.635 D/commandrouter( 1006): rtc_sync (1, rtc:sync): <ServiceRequest> FORWARDED (remote -> local) service client ID = 0, token ID = 49760
11-21 15:01:33.636 D/commandrouter( 1006): SocServiceHandle::onServiceMessage, SoC Service = rtc_sync, appType = 1, type = SVC_RESP, clientId = 0, token = 49760, payloadLen = 8, result = 0, payload.size() = 8
11-21 15:01:34.219 W/ActivityManager( 1186): Invalid packageName: com.facebook.wearable.system.settings/com.facebook.wearable.system.settings.SettingsActivity
11-21 15:01:34.348 I/ActivityTaskManager( 1186): START u0 {flg=0x10000000 cmp=com.facebook.wearable.system.settings/.SettingsActivity} from uid 0
11-21 15:01:34.369 I/ActivityTaskManager( 1186): The Process com.facebook.wearable.system.settings Already Exists in BG. So sending its PID: 4763
11-21 15:01:34.369 W/ActivityTaskManager( 1186): Tried to set launchTime (0) < mLastActivityLaunchTime (169952099)
--------- beginning of main
11-21 15:01:37.275 W/HWComposer(  598): Ignoring duplicate VSYNC event from HWC for display 0 (t=169985000371560)
11-21 15:01:37.308 W/HWComposer(  598): Ignoring duplicate VSYNC event from HWC for display 0 (t=169985034179008)
11-21 15:01:37.338 I/chatty  ( 2334): uid=10062(com.facebook.wearable.system.selfcare) MainTP_1642 expire 1 line
11-21 15:01:37.487 E/TaskPersister( 1186): File error accessing recents directory (directory doesn't exist?).
11-21 15:01:37.509 I/chatty  ( 2334): uid=10062(com.facebook.wearable.system.selfcare) MainTP_1648 expire 1 line
11-21 15:01:37.656 I/chatty  ( 2334): uid=10062(com.facebook.wearable.system.selfcare) MainTP_1644 expire 1 line
11-21 15:01:37.821 I/chatty  ( 2334): uid=10062(com.facebook.wearable.system.selfcare) MainTP_1650 expire 1 line
11-21 15:01:37.990 I/chatty  ( 2334): uid=10062(com.facebook.wearable.system.selfcare) MainTP_1643 expire 1 line
11-21 15:01:38.025 I/chatty  ( 2334): uid=10062(com.facebook.wearable.system.selfcare) pool-3-thread-1 expire 2 lines
11-21 15:01:38.316 D/FacebookRepository( 2334): Reading from Store [906581286488774]
11-21 15:01:38.346 E/SelfCareDataCloudSyncWorker( 2334): Failed to get access token
11-21 15:01:38.346 E/SelfCareDataCloudSyncWorker( 2334): kotlinx.coroutines.JobCancellationException: Job was cancelled; job=JobImpl{Cancelling}@cd42407
11-21 15:01:38.346 I/WM-WorkerWrapper( 2334): Work [ id=57f248e9-27c9-4baa-bcea-f98e3ece0d1a, tags={ com.facebook.wearable.system.selfcare.cloudsync.SelfCareDataCloudSyncWorker } ] was cancelled
11-21 15:01:38.346 I/WM-WorkerWrapper( 2334): java.util.concurrent.CancellationException: Task was cancelled.
11-21 15:01:38.346 I/WM-WorkerWrapper( 2334): 	at androidx.work.impl.utils.futures.AbstractFuture.getDoneValue(:32)
11-21 15:01:38.346 I/WM-WorkerWrapper( 2334): 	at androidx.work.impl.utils.futures.AbstractFuture.get(:268435546)
11-21 15:01:38.346 I/WM-WorkerWrapper( 2334): 	at androidx.work.impl.WorkerWrapper$2.run(:3)
11-21 15:01:38.346 I/WM-WorkerWrapper( 2334): 	at androidx.work.impl.utils.SerialExecutor$Task.run(:2)
11-21 15:01:38.346 I/WM-WorkerWrapper( 2334): 	at java.util.concurrent.ThreadPoolExecutor.runWorker(ThreadPoolExecutor.java:1167)
11-21 15:01:38.346 I/WM-WorkerWrapper( 2334): 	at java.util.concurrent.ThreadPoolExecutor$Worker.run(ThreadPoolExecutor.java:641)
11-21 15:01:38.346 I/WM-WorkerWrapper( 2334): 	at java.lang.Thread.run(Thread.java:923)
11-21 15:01:38.467 D/SettingsSDK::SyncHelper( 2334): Read setting com.facebook.wearable.sdk.selfcare:SELFCARE_SERVICE_ENABLED from persistent cache
11-21 15:01:38.468 D/FacebookRepository( 2334): Reading from Store [906581286488774]
11-21 15:01:38.501 E/SelfCareDataCloudSyncWorker( 2334): Failed to get access token
11-21 15:01:38.501 E/SelfCareDataCloudSyncWorker( 2334): kotlinx.coroutines.JobCancellationException: Job was cancelled; job=JobImpl{Cancelling}@fb88859
11-21 15:01:38.501 I/WM-WorkerWrapper( 2334): Work [ id=57f248e9-27c9-4baa-bcea-f98e3ece0d1a, tags={ com.facebook.wearable.system.selfcare.cloudsync.SelfCareDataCloudSyncWorker } ] was cancelled
11-21 15:01:38.501 I/WM-WorkerWrapper( 2334): java.util.concurrent.CancellationException: Task was cancelled.
11-21 15:01:38.501 I/WM-WorkerWrapper( 2334): 	at androidx.work.impl.utils.futures.AbstractFuture.getDoneValue(:32)
11-21 15:01:38.501 I/WM-WorkerWrapper( 2334): 	at androidx.work.impl.utils.futures.AbstractFuture.get(:268435546)
11-21 15:01:38.501 I/WM-WorkerWrapper( 2334): 	at androidx.work.impl.WorkerWrapper$2.run(:3)
11-21 15:01:38.501 I/WM-WorkerWrapper( 2334): 	at androidx.work.impl.utils.SerialExecutor$Task.run(:2)
11-21 15:01:38.501 I/WM-WorkerWrapper( 2334): 	at java.util.concurrent.ThreadPoolExecutor.runWorker(ThreadPoolExecutor.java:1167)
11-21 15:01:38.501 I/WM-WorkerWrapper( 2334): 	at java.util.concurrent.ThreadPoolExecutor$Worker.run(ThreadPoolExecutor.java:641)
11-21 15:01:38.501 I/WM-WorkerWrapper( 2334): 	at java.lang.Thread.run(Thread.java:923)
11-21 15:01:38.631 D/SettingsSDK::SyncHelper( 2334): Read setting com.facebook.wearable.sdk.selfcare:SELFCARE_SERVICE_ENABLED from persistent cache
11-21 15:01:38.632 D/FacebookRepository( 2334): Reading from Store [906581286488774]
11-21 15:01:38.632 D/UIAutomatorStub(28121): URI: /jsonrpc/0, Method: POST, Header: {content-length=183, remote-addr=127.0.0.1, http-client-ip=127.0.0.1, host=localhost:9012, content-type=application/json, accept-encoding=identity}, params, {NanoHttpd.QUERY_STRING=null}, files: {postData={"jsonrpc": "2.0", "method": "waitForExists", "id": "1fd1fc262b46bd26d0ccf9c648d3e19c", "params": [{"mask": 1, "childOrSibling": [], "childOrSiblingSelector": [], "text": "WiFi"}, 5]}}
11-21 15:01:38.675 D/UIAutomatorStub(28121): URI: /jsonrpc/0, Method: POST, Header: {content-length=172, remote-addr=127.0.0.1, http-client-ip=127.0.0.1, host=localhost:9012, content-type=application/json, accept-encoding=identity}, params, {NanoHttpd.QUERY_STRING=null}, files: {postData={"jsonrpc": "2.0", "method": "click", "id": "71061a90f56a21f5b71c4ca66cab2168", "params": [{"mask": 1, "childOrSibling": [], "childOrSiblingSelector": [], "text": "WiFi"}]}}
11-21 15:01:38.753 W/StatusBarClientConnection( 4763): Messenger is null, ignoring message: { when=-1d23h13m6s478ms barrier=1 }
11-21 15:01:38.761 W/HWComposer(  598): Ignoring duplicate VSYNC event from HWC for display 0 (t=169986486459164)
11-21 15:01:38.903 E/SelfCareDataCloudSyncWorker( 2334): Failed to get access token
11-21 15:01:38.903 E/SelfCareDataCloudSyncWorker( 2334): kotlinx.coroutines.JobCancellationException: Job was cancelled; job=JobImpl{Cancelling}@a6dfa1b
11-21 15:01:38.904 I/WM-WorkerWrapper( 2334): Work [ id=57f248e9-27c9-4baa-bcea-f98e3ece0d1a, tags={ com.facebook.wearable.system.selfcare.cloudsync.SelfCareDataCloudSyncWorker } ] was cancelled
11-21 15:01:38.904 I/WM-WorkerWrapper( 2334): java.util.concurrent.CancellationException: Task was cancelled.
11-21 15:01:38.904 I/WM-WorkerWrapper( 2334): 	at androidx.work.impl.utils.futures.AbstractFuture.getDoneValue(:32)
11-21 15:01:38.904 I/WM-WorkerWrapper( 2334): 	at androidx.work.impl.utils.futures.AbstractFuture.get(:268435546)
11-21 15:01:38.904 I/WM-WorkerWrapper( 2334): 	at androidx.work.impl.WorkerWrapper$2.run(:3)
11-21 15:01:38.904 I/WM-WorkerWrapper( 2334): 	at androidx.work.impl.utils.SerialExecutor$Task.run(:2)
11-21 15:01:38.904 I/WM-WorkerWrapper( 2334): 	at java.util.concurrent.ThreadPoolExecutor.runWorker(ThreadPoolExecutor.java:1167)
11-21 15:01:38.904 I/WM-WorkerWrapper( 2334): 	at java.util.concurrent.ThreadPoolExecutor$Worker.run(ThreadPoolExecutor.java:641)
11-21 15:01:38.904 I/WM-WorkerWrapper( 2334): 	at java.lang.Thread.run(Thread.java:923)
11-21 15:01:38.963 E/QMI_FW  ( 1042): qmi_cci_get_ref: ref count increased 2
11-21 15:01:38.964 E/QMI_FW  ( 1042): qmi_cci_get_ref: ref count increased 2
11-21 15:01:38.972 I/WearableConnectivityManager( 7052): LTE Signal strength is: 2
11-21 15:01:38.972 I/WearableConnectivityManager( 7052): Cellular Signal strength is: 2
11-21 15:01:38.972 D/RadioLinkQualityScoreBuilder( 1984): scoreRsrp: 3scoreRsrq: 2scoreRssnr: 4
11-21 15:01:38.973 D/WirelessInsightServiceImpl( 1984): onSignalStrengthsChanged: SignalStrength = SignalStrength:{mCdma=CellSignalStrengthCdma: cdmaDbm=2147483647 cdmaEcio=2147483647 evdoDbm=2147483647 evdoEcio=2147483647 evdoSnr=2147483647 level=0,mGsm=CellSignalStrengthGsm: rssi=2147483647 ber=2147483647 mTa=2147483647 mLevel=0,mWcdma=CellSignalStrengthWcdma: ss=2147483647 ber=2147483647 rscp=2147483647 ecno=2147483647 level=0,mTdscdma=CellSignalStrengthTdscdma: rssi=2147483647 ber=2147483647 rscp=2147483647 level=0,mLte=CellSignalStrengthLte: rssi=-77 rsrp=-110 rsrq=-14 rssnr=10 cqi=2147483647 ta=2147483647 level=2 parametersUseForLevel=0,mNr=CellSignalStrengthNr:{ csiRsrp = 2147483647 csiRsrq = 2147483647 csiSinr = 2147483647 ssRsrp = 2147483647 ssRsrq = 2147483647 ssSinr = 2147483647 level = 0 parametersUseForLevel = 0 },primary=CellSignalStrengthLte}
11-21 15:01:38.973 D/WirelessInsightServiceImpl( 1984): Score: 2
11-21 15:01:38.973 D/WirelessInsightServiceImpl( 1984): notifyListeners: listeners = 0, score = 2
11-21 15:01:39.049 E/StatusBarClientConnection( 4763): Service connected
11-21 15:01:39.089 D/CompatibilityInfo( 1186): mCompatibilityFlags - 4
11-21 15:01:39.089 D/CompatibilityInfo( 1186): applicationDensity - 320
11-21 15:01:39.089 D/CompatibilityInfo( 1186): applicationScale - 1.0
11-21 15:01:39.149 W/HWComposer(  598): Ignoring duplicate VSYNC event from HWC for display 0 (t=169986874868903)
11-21 15:01:39.150 W/View    ( 4763): requestLayout() improperly called by android.view.View{22fd2c8 V.ED..... ......I. 0,368-474,474} during layout: running second layout pass
11-21 15:01:39.163 W/View    ( 4763): requestLayout() improperly called by com.facebook.wearable.common.wds.listview.WdsListView{ddbd87c V.E..V... ........ 0,0-474,474} during second layout pass: posting in next frame
11-21 15:01:39.210 D/WifiConnector( 2870): Network State Changed
11-21 15:01:39.226 D/WifiSharingService( 2870): Starting Wi-Fi scan
11-21 15:01:39.226 I/WifiService( 1186): startScan uid=1000
11-21 15:01:39.234 D/WifiNative( 1186): Scan trigered from WifiNative
11-21 15:01:39.236 I/chatty  ( 1026): uid=1021(gps) lowi-server expire 2 lines
11-21 15:01:39.236 V/WifiHAL (  544): event received NL80211_CMD_TRIGGER_SCAN
11-21 15:01:39.507 D/SettingsSDK::SyncHelper( 2334): Read setting com.facebook.wearable.sdk.selfcare:SELFCARE_SERVICE_ENABLED from persistent cache
11-21 15:01:39.508 D/FacebookRepository( 2334): Reading from Store [906581286488774]
11-21 15:01:39.543 E/SelfCareDataCloudSyncWorker( 2334): Failed to get access token
11-21 15:01:39.543 E/SelfCareDataCloudSyncWorker( 2334): kotlinx.coroutines.JobCancellationException: Job was cancelled; job=JobImpl{Cancelling}@c31c764
11-21 15:01:39.543 I/WM-WorkerWrapper( 2334): Work [ id=57f248e9-27c9-4baa-bcea-f98e3ece0d1a, tags={ com.facebook.wearable.system.selfcare.cloudsync.SelfCareDataCloudSyncWorker } ] was cancelled
11-21 15:01:39.543 I/WM-WorkerWrapper( 2334): java.util.concurrent.CancellationException: Task was cancelled.
11-21 15:01:39.543 I/WM-WorkerWrapper( 2334): 	at androidx.work.impl.utils.futures.AbstractFuture.getDoneValue(:32)
11-21 15:01:39.543 I/WM-WorkerWrapper( 2334): 	at androidx.work.impl.utils.futures.AbstractFuture.get(:268435546)
11-21 15:01:39.543 I/WM-WorkerWrapper( 2334): 	at androidx.work.impl.WorkerWrapper$2.run(:3)
11-21 15:01:39.543 I/WM-WorkerWrapper( 2334): 	at androidx.work.impl.utils.SerialExecutor$Task.run(:2)
11-21 15:01:39.543 I/WM-WorkerWrapper( 2334): 	at java.util.concurrent.ThreadPoolExecutor.runWorker(ThreadPoolExecutor.java:1167)
11-21 15:01:39.543 I/WM-WorkerWrapper( 2334): 	at java.util.concurrent.ThreadPoolExecutor$Worker.run(ThreadPoolExecutor.java:641)
11-21 15:01:39.543 I/WM-WorkerWrapper( 2334): 	at java.lang.Thread.run(Thread.java:923)
11-21 15:01:39.655 D/SettingsSDK::SyncHelper( 2334): Read setting com.facebook.wearable.sdk.selfcare:SELFCARE_SERVICE_ENABLED from persistent cache
11-21 15:01:39.656 D/FacebookRepository( 2334): Reading from Store [906581286488774]
11-21 15:01:39.690 I/WM-WorkerWrapper( 2334): Work [ id=57f248e9-27c9-4baa-bcea-f98e3ece0d1a, tags={ com.facebook.wearable.system.selfcare.cloudsync.SelfCareDataCloudSyncWorker } ] was cancelled
11-21 15:01:39.690 I/WM-WorkerWrapper( 2334): java.util.concurrent.CancellationException: Task was cancelled.
11-21 15:01:39.690 I/WM-WorkerWrapper( 2334): 	at androidx.work.impl.utils.futures.AbstractFuture.getDoneValue(:32)
11-21 15:01:39.690 I/WM-WorkerWrapper( 2334): 	at androidx.work.impl.utils.futures.AbstractFuture.get(:268435546)
11-21 15:01:39.690 I/WM-WorkerWrapper( 2334): 	at androidx.work.impl.WorkerWrapper$2.run(:3)
11-21 15:01:39.690 I/WM-WorkerWrapper( 2334): 	at androidx.work.impl.utils.SerialExecutor$Task.run(:2)
11-21 15:01:39.690 I/WM-WorkerWrapper( 2334): 	at java.util.concurrent.ThreadPoolExecutor.runWorker(ThreadPoolExecutor.java:1167)
11-21 15:01:39.690 I/WM-WorkerWrapper( 2334): 	at java.util.concurrent.ThreadPoolExecutor$Worker.run(ThreadPoolExecutor.java:641)
11-21 15:01:39.690 I/WM-WorkerWrapper( 2334): 	at java.lang.Thread.run(Thread.java:923)
11-21 15:01:39.693 E/SelfCareDataCloudSyncWorker( 2334): Failed to get access token
11-21 15:01:39.693 E/SelfCareDataCloudSyncWorker( 2334): kotlinx.coroutines.JobCancellationException: Job was cancelled; job=JobImpl{Cancelling}@2ffb3ef
11-21 15:01:39.764 D/LOWI-9.0.0.80( 1026): [LOWI-Scan] wait_event:Wait done with Cmd 34
11-21 15:01:39.764 D/LOWI-9.0.0.80( 1026): [LOWI-Scan] do_listen_events: Rcvd valid Netlink Cmd 34 Err 0
11-21 15:01:39.765 D/WifiNl80211Manager( 1186): Scan result ready event
11-21 15:01:39.765 D/WifiNative( 1186): Scan result ready event
11-21 15:01:39.765 D/LOWI-9.0.0.80( 1026): [LOWI-Scan] 
11-21 15:01:39.765 D/LOWI-9.0.0.80( 1026): [LOWI-Scan] print_bss_handler: Report Probe TSF 169987489962 as it greater than Beacon TSF 169847802715
11-21 15:01:39.765 I/LOWI-9.0.0.80( 1026): [LOWI-Scan] RSN_IE
11-21 15:01:39.765 D/LOWI-9.0.0.80( 1026): [LOWI-Scan] decode_rsn_wpa_ie: Entered
11-21 15:01:39.765 D/LOWI-9.0.0.80( 1026): [LOWIUtils] hexDump: msg(30 14 01 00 00 0f ac 04 01 00 00 0f ac 04 01 00 00 0f ac 02 )
11-21 15:01:39.765 D/LOWI-9.0.0.80( 1026): [LOWI-Scan] decode_rsn_wpa_ie: LOWI_ENCRYPTION_TYPE_WPA_PSK
11-21 15:01:39.765 D/LOWI-9.0.0.80( 1026): [LOWI-Scan] is_qcom_ie, bss_age: 3
11-21 15:01:39.765 D/LOWI-9.0.0.80( 1026): [LOWI-Scan] BSS 5e:6e:be:46:77:d7 LOWI_PHY_MODE_11AC_VHT20_2G(11), Beacon Interval: 100, LOWI_ENCRYPTION_TYPE_WPA_PSK 11mcRanging: No, ANQP: Yes, LCI: No, Civic: No, capability(0x1431): ESS Privacy ShortPreamble ShortSlotTime
11-21 15:01:39.765 D/LOWI-9.0.0.80( 1026): [LOWI-Scan] BSS 5e:6e:be:46:77:d7 FREQ: 2462, cFreq1[40:80:160] = [0:0:0] cFreq2 = 0 Country Code =    
11-21 15:01:39.765 D/LOWI-9.0.0.80( 1026): [LOWI-Scan] BSS 5e:6e:be:46:77:d7 (wlan0) ASSO: NO AddInfo: 0x0, TSF 1, 23:13:07.489, RSSI: -90, CPL: 127, AGE: 10,  SSID Pixel_R3, TSFDelta: 0x0, TXRate: 0
11-21 15:01:39.765 D/LOWI-9.0.0.80( 1026): [LOWI-Scan] 
11-21 15:01:39.765 D/LOWI-9.0.0.80( 1026): [LOWI-Scan] print_bss_handler: Report Probe TSF 169987489981 as it greater than Beacon TSF 169523443242
11-21 15:01:39.765 I/LOWI-9.0.0.80( 1026): [LOWI-Scan] RSN_IE
11-21 15:01:39.765 D/LOWI-9.0.0.80( 1026): [LOWI-Scan] decode_rsn_wpa_ie: Entered
11-21 15:01:39.766 D/LOWI-9.0.0.80( 1026): [LOWIUtils] hexDump: msg(30 14 01 00 00 0f ac 04 01 00 00 0f ac 04 01 00 00 0f ac 02 )
11-21 15:01:39.766 D/LOWI-9.0.0.80( 1026): [LOWI-Scan] decode_rsn_wpa_ie: LOWI_ENCRYPTION_TYPE_WPA_PSK
11-21 15:01:39.766 D/LOWI-9.0.0.80( 1026): [LOWI-Scan] is_qcom_ie, bss_age: 46
11-21 15:01:39.766 D/LOWI-9.0.0.80( 1026): [LOWI-Scan] BSS 12:d7:96:61:85:9f LOWI_PHY_MODE_11AC_VHT20_2G(11), Beacon Interval: 100, LOWI_ENCRYPTION_TYPE_WPA_PSK 11mcRanging: No, ANQP: Yes, LCI: No, Civic: No, capability(0x1431): ESS Privacy ShortPreamble ShortSlotTime
11-21 15:01:39.766 D/LOWI-9.0.0.80( 1026): [LOWI-Scan] BSS 12:d7:96:61:85:9f FREQ: 2412, cFreq1[40:80:160] = [0:0:0] cFreq2 = 0 Country Code =    
11-21 15:01:39.766 D/LOWI-9.0.0.80( 1026): [LOWI-Scan] BSS 12:d7:96:61:85:9f (wlan0) ASSO: NO AddInfo: 0x0, TSF 1, 23:13:07.489, RSSI: -90, CPL: 127, AGE: 10,  SSID Pixel_R5, TSFDelta: 0x0, TXRate: 0
11-21 15:01:39.766 D/LOWI-9.0.0.80( 1026): [LOWI-Scan]  -- associated
11-21 15:01:39.766 D/LOWI-9.0.0.80( 1026): [LOWI-Scan] 
11-21 15:01:39.766 D/LOWI-9.0.0.80( 1026): [LOWI-Scan] print_bss_handler: Report Probe TSF 169987489372 as it greater than Beacon TSF 169847802684
11-21 15:01:39.766 I/LOWI-9.0.0.80( 1026): [LOWI-Scan] RSN_IE
11-21 15:01:39.766 D/LOWI-9.0.0.80( 1026): [LOWI-Scan] decode_rsn_wpa_ie: Entered
11-21 15:01:39.766 D/LOWI-9.0.0.80( 1026): [LOWIUtils] hexDump: msg(30 14 01 00 00 0f ac 04 01 00 00 0f ac 04 01 00 00 0f ac 02 )
11-21 15:01:39.766 D/LOWI-9.0.0.80( 1026): [LOWI-Scan] decode_rsn_wpa_ie: LOWI_ENCRYPTION_TYPE_WPA_PSK
11-21 15:01:39.766 D/LOWI-9.0.0.80( 1026): [LOWI-Scan]  No Secondary channel present
11-21 15:01:39.766 D/LOWI-9.0.0.80( 1026): [LOWI-Scan] is_qcom_ie, bss_age: 29
11-21 15:01:39.766 D/LOWI-9.0.0.80( 1026): [LOWI-Scan] BSS 6c:cd:d6:25:63:2a LOWI_PHY_MODE_11NG_HT20(5), Beacon Interval: 100, LOWI_ENCRYPTION_TYPE_WPA_PSK 11mcRanging: No, ANQP: No, LCI: No, Civic: No, capability(0x0511): ESS Privacy SpectrumMgmt ShortSlotTime
11-21 15:01:39.766 D/LOWI-9.0.0.80( 1026): [LOWI-Scan] BSS 6c:cd:d6:25:63:2a FREQ: 2432, cFreq1[40:80:160] = [2432:0:0] cFreq2 = 0 Country Code = US 
11-21 15:01:39.766 D/LOWI-9.0.0.80( 1026): [LOWI-Scan] BSS 6c:cd:d6:25:63:2a (wlan0) ASSO: YES AddInfo: 0x0, TSF 1, 23:13:07.489, RSSI: -72, CPL: 127, AGE: 0,  SSID MTBF_Lab, TSFDelta: 0x0, TXRate: 0
11-21 15:01:39.766 D/LOWI-9.0.0.80( 1026): [LOWI-Scan] 
11-21 15:01:39.766 D/LOWI-9.0.0.80( 1026): [LOWI-Scan] print_bss_handler: Report Probe TSF 169987490081 as it greater than Beacon TSF 169971439771
11-21 15:01:39.766 I/LOWI-9.0.0.80( 1026): [LOWI-Scan] RSN_IE
11-21 15:01:39.766 D/LOWI-9.0.0.80( 1026): [LOWI-Scan] decode_rsn_wpa_ie: Entered
11-21 15:01:39.766 D/LOWI-9.0.0.80( 1026): [LOWIUtils] hexDump: msg(30 14 01 00 00 0f ac 04 01 00 00 0f ac 04 01 00 00 0f ac 02 )
11-21 15:01:39.766 D/LOWI-9.0.0.80( 1026): [LOWI-Scan] decode_rsn_wpa_ie: LOWI_ENCRYPTION_TYPE_WPA_PSK
11-21 15:01:39.766 D/LOWI-9.0.0.80( 1026): [LOWI-Scan] is_qcom_ie, bss_age: 13
11-21 15:01:39.766 D/LOWI-9.0.0.80( 1026): [LOWI-Scan] BSS fe:2d:5a:49:61:eb LOWI_PHY_MODE_11AC_VHT20_2G(11), Beacon Interval: 100, LOWI_ENCRYPTION_TYPE_WPA_PSK 11mcRanging: No, ANQP: Yes, LCI: No, Civic: No, capability(0x1431): ESS Privacy ShortPreamble ShortSlotTime
11-21 15:01:39.766 D/LOWI-9.0.0.80( 1026): [LOWI-Scan] BSS fe:2d:5a:49:61:eb FREQ: 2452, cFreq1[40:80:160] = [0:0:0] cFreq2 = 0 Country Code =    
11-21 15:01:39.766 D/LOWI-9.0.0.80( 1026): [LOWI-Scan] BSS fe:2d:5a:49:61:eb (wlan0) ASSO: NO AddInfo: 0x0, TSF 1, 23:13:07.490, RSSI: -100, CPL: 127, AGE: 0,  SSID Pixel_R2, TSFDelta: 0x0, TXRate: 0
11-21 15:01:39.767 D/LOWI-9.0.0.80( 1026): [LOWI-Scan] 
11-21 15:01:39.767 D/LOWI-9.0.0.80( 1026): [LOWI-Scan] print_bss_handler: Report Probe TSF 169987490175 as it greater than Beacon TSF 168538063998
11-21 15:01:39.767 I/LOWI-9.0.0.80( 1026): [LOWI-Scan] RSN_IE
11-21 15:01:39.767 D/LOWI-9.0.0.80( 1026): [LOWI-Scan] decode_rsn_wpa_ie: Entered
11-21 15:01:39.767 D/LOWI-9.0.0.80( 1026): [LOWIUtils] hexDump: msg(30 14 01 00 00 0f ac 04 01 00 00 0f ac 04 01 00 00 0f ac 02 )
11-21 15:01:39.767 D/LOWI-9.0.0.80( 1026): [LOWI-Scan] decode_rsn_wpa_ie: LOWI_ENCRYPTION_TYPE_WPA_PSK
11-21 15:01:39.767 D/LOWI-9.0.0.80( 1026): [LOWI-Scan] is_qcom_ie, bss_age: 46
11-21 15:01:39.767 D/LOWI-9.0.0.80( 1026): [LOWI-Scan] BSS 2c:57:41:86:8a:a1 LOWI_PHY_MODE_11NG_HT20(5), Beacon Interval: 100, LOWI_ENCRYPTION_TYPE_WPA_PSK 11mcRanging: No, ANQP: No, LCI: No, Civic: No, capability(0x1411): ESS Privacy ShortSlotTime
11-21 15:01:39.767 D/LOWI-9.0.0.80( 1026): [LOWI-Scan] BSS 2c:57:41:86:8a:a1 FREQ: 2412, cFreq1[40:80:160] = [0:0:0] cFreq2 = 0 Country Code = US
11-21 15:01:39.767 D/LOWI-9.0.0.80( 1026): [LOWI-Scan] BSS 2c:57:41:86:8a:a1 (wlan0) ASSO: NO AddInfo: 0x0, TSF 1, 23:13:07.490, RSSI: -142, CPL: 3, AGE: 0,  SSID kittyhawk, TSFDelta: 0x0, TXRate: 0
11-21 15:01:39.767 D/LOWI-9.0.0.80( 1026): [LOWI-Scan] 
11-21 15:01:39.767 D/LOWI-9.0.0.80( 1026): [LOWI-Scan] print_bss_handler: Report Probe TSF 169987490166 as it greater than Beacon TSF 169889214543
11-21 15:01:39.767 I/LOWI-9.0.0.80( 1026): [LOWI-Scan] RSN_IE
11-21 15:01:39.767 D/LOWI-9.0.0.80( 1026): [LOWI-Scan] decode_rsn_wpa_ie: Entered
11-21 15:01:39.767 D/LOWI-9.0.0.80( 1026): [LOWIUtils] hexDump: msg(30 14 01 00 00 0f ac 04 01 00 00 0f ac 04 01 00 00 0f ac 02 )
11-21 15:01:39.767 D/LOWI-9.0.0.80( 1026): [LOWI-Scan] decode_rsn_wpa_ie: LOWI_ENCRYPTION_TYPE_WPA_PSK
11-21 15:01:39.767 D/LOWI-9.0.0.80( 1026): [LOWI-Scan] is_qcom_ie, bss_age: 4
11-21 15:01:39.767 D/LOWI-9.0.0.80( 1026): [LOWI-Scan] BSS 2c:57:41:86:94:a1 LOWI_PHY_MODE_11NG_HT20(5), Beacon Interval: 100, LOWI_ENCRYPTION_TYPE_WPA_PSK 11mcRanging: No, ANQP: No, LCI: No, Civic: No, capability(0x1411): ESS Privacy ShortSlotTime
11-21 15:01:39.767 D/LOWI-9.0.0.80( 1026): [LOWI-Scan] BSS 2c:57:41:86:94:a1 FREQ: 2462, cFreq1[40:80:160] = [0:0:0] cFreq2 = 0 Country Code = US
11-21 15:01:39.767 D/LOWI-9.0.0.80( 1026): [LOWI-Scan] BSS 2c:57:41:86:94:a1 (wlan0) ASSO: NO AddInfo: 0x0, TSF 1, 23:13:07.490, RSSI: -146, CPL: 2, AGE: 0,  SSID kittyhawk, TSFDelta: 0x0, TXRate: 0
11-21 15:01:39.767 D/LOWI-9.0.0.80( 1026): [LOWI-Scan] 
11-21 15:01:39.767 D/LOWI-9.0.0.80( 1026): [LOWI-Scan] print_bss_handler: Report Probe TSF 169987490157 as it greater than Beacon TSF 169971439808
11-21 15:01:39.767 I/LOWI-9.0.0.80( 1026): [LOWI-Scan] RSN_IE
11-21 15:01:39.767 D/LOWI-9.0.0.80( 1026): [LOWI-Scan] decode_rsn_wpa_ie: Entered
11-21 15:01:39.767 D/LOWI-9.0.0.80( 1026): [LOWIUtils] hexDump: msg(30 14 01 00 00 0f ac 04 01 00 00 0f ac 04 01 00 00 0f ac 02 )
11-21 15:01:39.767 D/LOWI-9.0.0.80( 1026): [LOWI-Scan] decode_rsn_wpa_ie: LOWI_ENCRYPTION_TYPE_WPA_PSK
11-21 15:01:39.767 D/LOWI-9.0.0.80( 1026): [LOWI-Scan] is_qcom_ie, bss_age: 46
11-21 15:01:39.767 D/LOWI-9.0.0.80( 1026): [LOWI-Scan] BSS 2c:57:41:88:72:e1 LOWI_PHY_MODE_11NG_HT20(5), Beacon Interval: 100, LOWI_ENCRYPTION_TYPE_WPA_PSK 11mcRanging: No, ANQP: No, LCI: No, Civic: No, capability(0x1411): ESS Privacy ShortSlotTime
11-21 15:01:39.767 D/LOWI-9.0.0.80( 1026): [LOWI-Scan] BSS 2c:57:41:88:72:e1 FREQ: 2412, cFreq1[40:80:160] = [0:0:0] cFreq2 = 0 Country Code = US
11-21 15:01:39.767 D/LOWI-9.0.0.80( 1026): [LOWI-Scan] BSS 2c:57:41:88:72:e1 (wlan0) ASSO: NO AddInfo: 0x0, TSF 1, 23:13:07.490, RSSI: -144, CPL: 3, AGE: 0,  SSID kittyhawk, TSFDelta: 0x0, TXRate: 0
11-21 15:01:39.768 D/LOWI-9.0.0.80( 1026): [LOWI-Scan] 
11-21 15:01:39.768 D/LOWI-9.0.0.80( 1026): [LOWI-Scan] print_bss_handler: Report Probe TSF 169987490125 as it greater than Beacon TSF 169808873297
11-21 15:01:39.768 I/LOWI-9.0.0.80( 1026): [LOWI-Scan] RSN_IE
11-21 15:01:39.768 D/LOWI-9.0.0.80( 1026): [LOWI-Scan] decode_rsn_wpa_ie: Entered
11-21 15:01:39.768 D/LOWI-9.0.0.80( 1026): [LOWIUtils] hexDump: msg(30 14 01 00 00 0f ac 04 01 00 00 0f ac 04 01 00 00 0f ac 02 )
11-21 15:01:39.768 D/LOWI-9.0.0.80( 1026): [LOWI-Scan] decode_rsn_wpa_ie: LOWI_ENCRYPTION_TYPE_WPA_PSK
11-21 15:01:39.768 D/LOWI-9.0.0.80( 1026): [LOWI-Scan] is_qcom_ie, bss_age: 4
11-21 15:01:39.768 D/LOWI-9.0.0.80( 1026): [LOWI-Scan] BSS 2c:57:41:86:6c:01 LOWI_PHY_MODE_11NG_HT20(5), Beacon Interval: 100, LOWI_ENCRYPTION_TYPE_WPA_PSK 11mcRanging: No, ANQP: No, LCI: No, Civic: No, capability(0x1411): ESS Privacy ShortSlotTime
11-21 15:01:39.768 D/LOWI-9.0.0.80( 1026): [LOWI-Scan] BSS 2c:57:41:86:6c:01 FREQ: 2462, cFreq1[40:80:160] = [0:0:0] cFreq2 = 0 Country Code = US
11-21 15:01:39.768 D/LOWI-9.0.0.80( 1026): [LOWI-Scan] BSS 2c:57:41:86:6c:01 (wlan0) ASSO: NO AddInfo: 0x0, TSF 1, 23:13:07.490, RSSI: -116, CPL: 2, AGE: 0,  SSID kittyhawk, TSFDelta: 0x0, TXRate: 0
11-21 15:01:39.768 D/LOWI-9.0.0.80( 1026): [LOWI-Scan] 
11-21 15:01:39.768 D/LOWI-9.0.0.80( 1026): [LOWI-Scan] print_bss_handler: Report Probe TSF 169987490187 as it greater than Beacon TSF 169971439868
11-21 15:01:39.768 I/LOWI-9.0.0.80( 1026): [LOWI-Scan] RSN_IE
11-21 15:01:39.768 D/LOWI-9.0.0.80( 1026): [LOWI-Scan] decode_rsn_wpa_ie: Entered
11-21 15:01:39.768 D/LOWI-9.0.0.80( 1026): [LOWIUtils] hexDump: msg(30 14 01 00 00 0f ac 04 01 00 00 0f ac 04 01 00 00 0f ac 02 )
11-21 15:01:39.768 D/LOWI-9.0.0.80( 1026): [LOWI-Scan] decode_rsn_wpa_ie: LOWI_ENCRYPTION_TYPE_WPA_PSK
11-21 15:01:39.768 D/LOWI-9.0.0.80( 1026): [LOWI-Scan] is_qcom_ie, bss_age: 46
11-21 15:01:39.768 D/LOWI-9.0.0.80( 1026): [LOWI-Scan] BSS 2c:57:41:86:7a:61 LOWI_PHY_MODE_11NG_HT20(5), Beacon Interval: 100, LOWI_ENCRYPTION_TYPE_WPA_PSK 11mcRanging: No, ANQP: No, LCI: No, Civic: No, capability(0x1411): ESS Privacy ShortSlotTime
11-21 15:01:39.768 D/LOWI-9.0.0.80( 1026): [LOWI-Scan] BSS 2c:57:41:86:7a:61 FREQ: 2412, cFreq1[40:80:160] = [0:0:0] cFreq2 = 0 Country Code = US
11-21 15:01:39.768 D/LOWI-9.0.0.80( 1026): [LOWI-Scan] BSS 2c:57:41:86:7a:61 (wlan0) ASSO: NO AddInfo: 0x0, TSF 1, 23:13:07.490, RSSI: -146, CPL: 3, AGE: 0,  SSID kittyhawk, TSFDelta: 0x0, TXRate: 0
11-21 15:01:39.768 D/LOWI-9.0.0.80( 1026): [LOWI-Scan] 
11-21 15:01:39.768 D/LOWI-9.0.0.80( 1026): [LOWI-Scan] print_bss_handler: Report beacon TSF 169987490094 as it greater than probe TSF 169931932377
11-21 15:01:39.768 I/LOWI-9.0.0.80( 1026): [LOWI-Scan] RSN_IE
11-21 15:01:39.768 D/LOWI-9.0.0.80( 1026): [LOWI-Scan] decode_rsn_wpa_ie: Entered
11-21 15:01:39.768 D/LOWI-9.0.0.80( 1026): [LOWIUtils] hexDump: msg(30 14 01 00 00 0f ac 04 01 00 00 0f ac 04 01 00 00 0f ac 02 )
11-21 15:01:39.768 D/LOWI-9.0.0.80( 1026): [LOWI-Scan] decode_rsn_wpa_ie: LOWI_ENCRYPTION_TYPE_WPA_PSK
11-21 15:01:39.768 D/LOWI-9.0.0.80( 1026): [LOWI-Scan] is_qcom_ie, bss_age: 8
11-21 15:01:39.768 D/LOWI-9.0.0.80( 1026): [LOWI-Scan] BSS c6:82:9b:4e:b3:9e LOWI_PHY_MODE_11AC_VHT20_2G(11), Beacon Interval: 100, LOWI_ENCRYPTION_TYPE_WPA_PSK 11mcRanging: No, ANQP: Yes, LCI: No, Civic: No, capability(0x1431): ESS Privacy ShortPreamble ShortSlotTime
11-21 15:01:39.768 D/LOWI-9.0.0.80( 1026): [LOWI-Scan] BSS c6:82:9b:4e:b3:9e FREQ: 2457, cFreq1[40:80:160] = [0:0:0] cFreq2 = 0 Country Code =    
11-21 15:01:39.768 D/LOWI-9.0.0.80( 1026): [LOWI-Scan] BSS c6:82:9b:4e:b3:9e (wlan0) ASSO: NO AddInfo: 0x1, TSF 1, 23:13:07.490, RSSI: -104, CPL: 127, AGE: 0,  SSID Pixel_R6, TSFDelta: 0x0, TXRate: 0
11-21 15:01:39.769 D/LOWI-9.0.0.80( 1026): [LOWI-Scan] 
11-21 15:01:39.769 D/LOWI-9.0.0.80( 1026): [LOWI-Scan] print_bss_handler: Report Probe TSF 169987489992 as it greater than Beacon TSF 169849021760
11-21 15:01:39.769 I/LOWI-9.0.0.80( 1026): [LOWI-Scan] RSN_IE
11-21 15:01:39.769 D/LOWI-9.0.0.80( 1026): [LOWI-Scan] decode_rsn_wpa_ie: Entered
11-21 15:01:39.769 D/LOWI-9.0.0.80( 1026): [LOWIUtils] hexDump: msg(30 14 01 00 00 0f ac 04 01 00 00 0f ac 04 01 00 00 0f ac 02 )
11-21 15:01:39.769 D/LOWI-9.0.0.80( 1026): [LOWI-Scan] decode_rsn_wpa_ie: LOWI_ENCRYPTION_TYPE_WPA_PSK
11-21 15:01:39.769 D/LOWI-9.0.0.80( 1026): [LOWI-Scan] is_qcom_ie, bss_age: 23
11-21 15:01:39.769 D/LOWI-9.0.0.80( 1026): [LOWI-Scan] BSS ce:dc:12:3b:87:fd LOWI_PHY_MODE_11AC_VHT20_2G(11), Beacon Interval: 100, LOWI_ENCRYPTION_TYPE_WPA_PSK 11mcRanging: No, ANQP: Yes, LCI: No, Civic: No, capability(0x1431): ESS Privacy ShortPreamble ShortSlotTime
11-21 15:01:39.769 D/LOWI-9.0.0.80( 1026): [LOWI-Scan] BSS ce:dc:12:3b:87:fd FREQ: 2437, cFreq1[40:80:160] = [0:0:0] cFreq2 = 0 Country Code =    
11-21 15:01:39.769 D/LOWI-9.0.0.80( 1026): [LOWI-Scan] BSS ce:dc:12:3b:87:fd (wlan0) ASSO: NO AddInfo: 0x0, TSF 1, 23:13:07.489, RSSI: -98, CPL: 127, AGE: 10,  SSID Pixel5_R1, TSFDelta: 0x0, TXRate: 0
11-21 15:01:39.769 D/LOWI-9.0.0.80( 1026): [LOWI-Scan] 
11-21 15:01:39.769 D/LOWI-9.0.0.80( 1026): [LOWI-Scan] print_bss_handler: Report Probe TSF 169987490147 as it greater than Beacon TSF 169808873328
11-21 15:01:39.769 I/LOWI-9.0.0.80( 1026): [LOWI-Scan] RSN_IE
11-21 15:01:39.769 D/LOWI-9.0.0.80( 1026): [LOWI-Scan] decode_rsn_wpa_ie: Entered
11-21 15:01:39.769 D/LOWI-9.0.0.80( 1026): [LOWIUtils] hexDump: msg(30 14 01 00 00 0f ac 04 01 00 00 0f ac 04 01 00 00 0f ac 02 )
11-21 15:01:39.769 D/LOWI-9.0.0.80( 1026): [LOWI-Scan] decode_rsn_wpa_ie: LOWI_ENCRYPTION_TYPE_WPA_PSK
11-21 15:01:39.769 D/LOWI-9.0.0.80( 1026): [LOWI-Scan] is_qcom_ie, bss_age: 4
11-21 15:01:39.769 D/LOWI-9.0.0.80( 1026): [LOWI-Scan] BSS 2c:57:41:86:90:a1 LOWI_PHY_MODE_11NG_HT20(5), Beacon Interval: 100, LOWI_ENCRYPTION_TYPE_WPA_PSK 11mcRanging: No, ANQP: No, LCI: No, Civic: No, capability(0x1411): ESS Privacy ShortSlotTime
11-21 15:01:39.769 D/LOWI-9.0.0.80( 1026): [LOWI-Scan] BSS 2c:57:41:86:90:a1 FREQ: 2462, cFreq1[40:80:160] = [0:0:0] cFreq2 = 0 Country Code = US
11-21 15:01:39.769 D/LOWI-9.0.0.80( 1026): [LOWI-Scan] BSS 2c:57:41:86:90:a1 (wlan0) ASSO: NO AddInfo: 0x0, TSF 1, 23:13:07.490, RSSI: -138, CPL: 2, AGE: 0,  SSID kittyhawk, TSFDelta: 0x0, TXRate: 0
11-21 15:01:39.769 D/LOWI-9.0.0.80( 1026): [LOWI-Scan] 
11-21 15:01:39.769 D/LOWI-9.0.0.80( 1026): [LOWI-Scan] print_bss_handler: Report Probe TSF 169987490239 as it greater than Beacon TSF 169708250362
11-21 15:01:39.769 I/LOWI-9.0.0.80( 1026): [LOWI-Scan] RSN_IE
11-21 15:01:39.769 D/LOWI-9.0.0.80( 1026): [LOWI-Scan] decode_rsn_wpa_ie: Entered
11-21 15:01:39.769 D/LOWI-9.0.0.80( 1026): [LOWIUtils] hexDump: msg(30 14 01 00 00 0f ac 04 01 00 00 0f ac 04 01 00 00 0f ac 02 )
11-21 15:01:39.769 D/LOWI-9.0.0.80( 1026): [LOWI-Scan] decode_rsn_wpa_ie: LOWI_ENCRYPTION_TYPE_WPA_PSK
11-21 15:01:39.769 D/LOWI-9.0.0.80( 1026): [LOWI-Scan] is_qcom_ie, bss_age: 13
11-21 15:01:39.769 D/LOWI-9.0.0.80( 1026): [LOWI-Scan] BSS 00:24:b1:02:cb:dc LOWI_PHY_MODE_11NG_HT20(5), Beacon Interval: 100, LOWI_ENCRYPTION_TYPE_WPA_PSK 11mcRanging: No, ANQP: No, LCI: No, Civic: No, capability(0x0431): ESS Privacy ShortPreamble ShortSlotTime
11-21 15:01:39.769 D/LOWI-9.0.0.80( 1026): [LOWI-Scan] BSS 00:24:b1:02:cb:dc FREQ: 2452, cFreq1[40:80:160] = [0:0:0] cFreq2 = 0 Country Code =    
