11-20 00:30:30.817 D/WifiP2pService( 1194): Wifi enabled=false, P2P Interface availability=true
11-20 00:30:30.817 D/WifiP2pNative( 1194): Teardown P2P interface
11-20 00:30:30.817 D/WifiP2pService( 1194): Wifi enabled=false, P2P Interface availability=true
11-20 00:30:30.820 W/ContextImpl( 1194): Calling a method in the system process without a qualified user: android.app.ContextImpl.sendBroadcastMultiplePermissions:1143 android.content.Context.sendBroadcastWithMultiplePermissions:2150 com.android.server.display.WifiDisplayAdapter.handleSendStatusChangeBroadcast:440 com.android.server.display.WifiDisplayAdapter.access$1700:63 com.android.server.display.WifiDisplayAdapter$WifiDisplayHandler.handleMessage:675 
11-20 00:30:30.821 D/WifiClientModeManager1( 1194): IMS not registered over IWLAN for subId: 1
11-20 00:30:30.821 D/WifiClientModeManager1( 1194): The target role 5
11-20 00:30:30.848 I/android_os_HwBinder( 1194): HwBinder: Starting thread pool for getting: android.hardware.wifi.supplicant@1.0::ISupplicant/default
11-20 00:30:30.855 W/HWComposer(  577): Ignoring duplicate VSYNC event from HWC for display 0 (t=31377118368967)
11-20 00:30:30.856 I/wpa_supplicant(21556): p2p0: Do not deauthenticate as part of interface deinit since WoWLAN is enabled
11-20 00:30:30.872 W/HWComposer(  577): Ignoring duplicate VSYNC event from HWC for display 0 (t=31377135297040)
11-20 00:30:30.906 W/HWComposer(  577): Ignoring duplicate VSYNC event from HWC for display 0 (t=31377169033238)
11-20 00:30:30.909 E/wpa_supplicant(21556): eap_proxy: pthread_join on eap_proxy=0xa2edfa8
11-20 00:30:30.909 E/wpa_supplicant(21556): eap_proxy: session not started for client = 1
11-20 00:30:30.909 E/QMI_FW  (21556): qmi_cci_get_ref: ref count increased 2
11-20 00:30:30.909 E/QMI_FW  (21556): qmi_cci_get_ref: ref count increased 2
11-20 00:30:30.913 E/wpa_supplicant(21556): eap_proxy: Released QMI UIM service client
11-20 00:30:30.913 E/QMI_FW  (21556): qmi_cci_get_ref: ref count increased 2
11-20 00:30:30.913 E/QMI_FW  (21556): qmi_cci_get_ref: ref count increased 2
11-20 00:30:30.916 E/wpa_supplicant(21556): eap_proxy: Released QMI EAP service client
11-20 00:30:30.916 E/wpa_supplicant(21556): eap_proxy: session not started for client = 2
11-20 00:30:30.916 E/QMI_FW  (21556): qmi_cci_get_ref: ref count increased 2
11-20 00:30:30.916 E/QMI_FW  (21556): qmi_cci_get_ref: ref count increased 2
11-20 00:30:30.918 E/wpa_supplicant(21556): eap_proxy: Released QMI UIM service client
11-20 00:30:30.918 E/QMI_FW  (21556): qmi_cci_get_ref: ref count increased 2
11-20 00:30:30.918 E/QMI_FW  (21556): qmi_cci_get_ref: ref count increased 2
11-20 00:30:30.918 E/wpa_supplicant(21556): eap_proxy: Released QMI EAP service client
11-20 00:30:30.919 I/wpa_supplicant(21556): eap_proxy: eap_proxy Deinitialzed
11-20 00:30:30.968 I/wpa_supplicant(21556): nl80211: deinit ifname=p2p0 disabled_11b_rates=0
11-20 00:30:31.007 D/LOWI-9.0.0.80( 1024): [LOWINetlinkSocketReceiver] unpackRTMLinkMessage: RTM_NEWLINK - ifname p2p0, flags 0x1003 ([UP])
11-20 00:30:31.029 D/LOWI-9.0.0.80( 1024): [LOWINetlinkSocketReceiver] unpackRTMLinkMessage: RTM_NEWLINK - ifname p2p0, flags 0x1002 ()
11-20 00:30:31.043 D/LOWI-9.0.0.80( 1024): [LOWINetlinkSocketReceiver] unpackRTMLinkMessage: RTM_NEWLINK - ifname p2p0, flags 0x1002 ()
11-20 00:30:31.048 I/wpa_supplicant(21556): Try to unregister vendor p2 interface
11-20 00:30:31.060 I/WifiP2pNative( 1194): P2P interface teardown completed
11-20 00:30:31.061 D/WifiP2pNative( 1194): P2P InterfaceDestroyedListener p2p0
11-20 00:30:31.061 D/WifiP2pNative( 1194): Ignoring stale interface destroyed listener
11-20 00:30:31.061 D/WifiP2pNative( 1194): P2P InterfaceAvailableListener true
11-20 00:30:31.061 D/WifiP2pService( 1194): Wifi enabled=false, P2P Interface availability=true
11-20 00:30:31.064 I/wpa_supplicant(21556): wlan0: Do not deauthenticate as part of interface deinit since WoWLAN is enabled
11-20 00:30:31.078 D/commandrouter( 1117): rtc_sync (1, rtc:sync): <ServiceRequest> FORWARDED (remote -> local) service client ID = 0, token ID = 35901
11-20 00:30:31.078 D/vendor.facebook.rtc_sync@1.0-service( 1129): Request req_ts=1637368231072765075 resp_ts=1637368231078250852
11-20 00:30:31.078 D/commandrouter( 1117): SocServiceHandle::onServiceMessage, SoC Service = rtc_sync, appType = 1, type = SVC_RESP, clientId = 0, token = 35901, payloadLen = 8, result = 0, payload.size() = 8
11-20 00:30:31.107 I/wpa_supplicant(21556): Try to unregister vendor STA network
11-20 00:30:31.107 E/wpa_supplicant(21556): eap_proxy: pthread_join on eap_proxy=0xa2edeac
11-20 00:30:31.107 E/wpa_supplicant(21556): eap_proxy: session not started for client = 1
11-20 00:30:31.108 E/QMI_FW  (21556): qmi_cci_get_ref: ref count increased 2
11-20 00:30:31.108 E/QMI_FW  (21556): qmi_cci_get_ref: ref count increased 2
11-20 00:30:31.108 E/wpa_supplicant(21556): eap_proxy: Released QMI UIM service client
11-20 00:30:31.108 E/QMI_FW  (21556): qmi_cci_get_ref: ref count increased 2
11-20 00:30:31.108 E/QMI_FW  (21556): qmi_cci_get_ref: ref count increased 2
11-20 00:30:31.109 E/wpa_supplicant(21556): eap_proxy: Released QMI EAP service client
11-20 00:30:31.109 E/wpa_supplicant(21556): eap_proxy: session not started for client = 2
11-20 00:30:31.109 E/QMI_FW  (21556): qmi_cci_get_ref: ref count increased 2
11-20 00:30:31.109 E/QMI_FW  (21556): qmi_cci_get_ref: ref count increased 2
11-20 00:30:31.109 E/wpa_supplicant(21556): eap_proxy: Released QMI UIM service client
11-20 00:30:31.109 E/QMI_FW  (21556): qmi_cci_get_ref: ref count increased 2
11-20 00:30:31.109 E/QMI_FW  (21556): qmi_cci_get_ref: ref count increased 2
11-20 00:30:31.110 E/wpa_supplicant(21556): eap_proxy: Released QMI EAP service client
11-20 00:30:31.110 I/wpa_supplicant(21556): eap_proxy: eap_proxy Deinitialzed
11-20 00:30:31.158 I/wpa_supplicant(21556): nl80211: deinit ifname=wlan0 disabled_11b_rates=0
11-20 00:30:31.228 D/LOWI-9.0.0.80( 1024): [LOWINetlinkSocketReceiver] unpackRTMLinkMessage: RTM_NEWLINK - ifname wlan0, flags 0x11043 ([UP][RUNNING])
11-20 00:30:31.228 D/LOWI-9.0.0.80( 1024): [LOWINetlinkSocketReceiver] processNetlinkPacket: ifname(wlan0) status(2)
11-20 00:30:31.228 D/LOWI-9.0.0.80( 1024): [LOWIController] intfStateReceived: ifname(wlan0) state(2)
11-20 00:30:31.228 D/LOWI-9.0.0.80( 1024): [LOWIEventReceiver] handleEvent:FROM:NA, TO:NA, REQ:NA, IREQ:NA, REQ_ID:0, RESP:NA, INFO:INTF-STATUS-UPDATE
11-20 00:30:31.228 D/LOWI-9.0.0.80( 1024): [LOWIEventReceiver] Info to [INTF-STATUS-UPDATE]
11-20 00:30:31.228 D/LOWI-9.0.0.80( 1024): [LOWIController] updateIntfState: WIFI enabled 2 mNlWifiStatus 2 mWifiStateEnabled 1
11-20 00:30:31.228 D/LOWI-9.0.0.80( 1024): [LOWIController] isWifiEnabled: mNlWifiStatus 2 mWifiStateEnabled 1
11-20 00:30:31.229 I/wpa_supplicant(21556): Try to unregister vendor interface
11-20 00:30:31.232 I/SupplicantStaIfaceHal( 1194): Terminating supplicant using HIDL
11-20 00:30:31.234 I/android_os_HwBinder( 1194): HwBinder: Starting thread pool for getting: android.hardware.wifi.supplicant@1.0::ISupplicant/default
11-20 00:30:31.236 I/wpa_supplicant(21556): Terminating...
11-20 00:30:31.238 D/LOWI-9.0.0.80( 1024): [LOWINetlinkSocketReceiver] unpackRTMLinkMessage: RTM_NEWLINK - ifname wlan0, flags 0x1003 ([UP])
11-20 00:30:31.238 D/LOWI-9.0.0.80( 1024): [LOWINetlinkSocketReceiver] processNetlinkPacket: ifname(wlan0) status(1)
11-20 00:30:31.238 D/LOWI-9.0.0.80( 1024): [LOWIController] intfStateReceived: ifname(wlan0) state(1)
11-20 00:30:31.238 D/LOWI-9.0.0.80( 1024): [LOWIEventReceiver] handleEvent:FROM:NA, TO:NA, REQ:NA, IREQ:NA, REQ_ID:0, RESP:NA, INFO:INTF-STATUS-UPDATE
11-20 00:30:31.238 D/LOWI-9.0.0.80( 1024): [LOWIEventReceiver] Info to [INTF-STATUS-UPDATE]
11-20 00:30:31.238 D/LOWI-9.0.0.80( 1024): [LOWIController] updateIntfState: WIFI enabled 1 mNlWifiStatus 2 mWifiStateEnabled 1
11-20 00:30:31.239 D/LOWI-9.0.0.80( 1024): [LOWIController] isWifiEnabled: mNlWifiStatus 1 mWifiStateEnabled 1
11-20 00:30:31.277 W/SupplicantP2pIfaceHal( 1194): ISupplicant/ISupplicantP2pIface died: cookie=0
11-20 00:30:31.277 W/SupplicantP2pIfaceHal( 1194): ISupplicant/ISupplicantP2pIface died: cookie=0
11-20 00:30:31.281 W/SupplicantP2pIfaceHal( 1194): ISupplicantVendor/ISupplicantVendorP2PIface died: cookie=0
11-20 00:30:31.282 D/SupplicantStaIfaceHal( 1194): ISupplicant died: cookie=-6300607458221162288
11-20 00:30:31.282 W/SupplicantP2pIfaceHal( 1194): ISupplicantVendor/ISupplicantVendorP2PIface died: cookie=0
11-20 00:30:31.283 D/LOWI-9.0.0.80( 1024): [LOWINetlinkSocketReceiver] unpackRTMLinkMessage: RTM_NEWLINK - ifname wlan0, flags 0x1003 ([UP])
11-20 00:30:31.283 D/LOWI-9.0.0.80( 1024): [LOWINetlinkSocketReceiver] processNetlinkPacket: ifname(wlan0) status(1)
11-20 00:30:31.283 D/LOWI-9.0.0.80( 1024): [LOWIController] intfStateReceived: ifname(wlan0) state(1)
11-20 00:30:31.283 D/LOWI-9.0.0.80( 1024): [LOWIEventReceiver] handleEvent:FROM:NA, TO:NA, REQ:NA, IREQ:NA, REQ_ID:0, RESP:NA, INFO:INTF-STATUS-UPDATE
11-20 00:30:31.283 D/LOWI-9.0.0.80( 1024): [LOWIEventReceiver] Info to [INTF-STATUS-UPDATE]
11-20 00:30:31.284 D/LOWI-9.0.0.80( 1024): [LOWIController] updateIntfState: WIFI enabled 1 mNlWifiStatus 1 mWifiStateEnabled 1
11-20 00:30:31.284 D/LOWI-9.0.0.80( 1024): [LOWIController] isWifiEnabled: mNlWifiStatus 1 mWifiStateEnabled 1
11-20 00:30:31.285 V/WifiHAL (  539): event received NL80211_CMD_DISCONNECT
11-20 00:30:31.286 W/SupplicantStaIfaceHal( 1194): Timed out waiting for confirmation of supplicant death
11-20 00:30:31.287 W/SupplicantStaIfaceHal( 1194): ISupplicantVendor/ISupplicantVendorStaIface died: cookie=0
11-20 00:30:31.287 W/SupplicantStaIfaceHal( 1194): ISupplicantVendor/ISupplicantVendorStaIface died: cookie=0
11-20 00:30:31.288 E/SupplicantStaIfaceHal( 1194): Can't call getKeyMgmtCapabilities_1_3, ISupplicantStaIface is null
11-20 00:30:31.290 V/WifiHAL (  539): WifiVendorCommand 0xaad86b98 created vendor_id:0x1374 subcmd:38
11-20 00:30:31.290 V/WifiHAL (  539): Got a Wi-Fi HAL module message from Driver
11-20 00:30:31.290 V/WifiHAL (  539): Supported feature set : 19d3d
11-20 00:30:31.291 V/WifiHAL (  539): Supported feature set acquired : 19d3d
11-20 00:30:31.291 V/WifiHAL (  539): WifiVendorCommand 0xa0792410 created vendor_id:0x1374 subcmd:76
11-20 00:30:31.291 V/WifiHAL (  539): create: mVendor_id = 4980, Subcmd = 76.
11-20 00:30:31.292 V/WifiHAL (  539): WifiVendorCommand 0xaad86cc8 created vendor_id:0x1374 subcmd:38
11-20 00:30:31.293 V/WifiHAL (  539): Got a Wi-Fi HAL module message from Driver
11-20 00:30:31.293 V/WifiHAL (  539): Supported feature set : 19d3d
11-20 00:30:31.293 V/WifiHAL (  539): Supported feature set acquired : 19d3d
11-20 00:30:31.293 V/WifiHAL (  539): WifiVendorCommand 0xa0792410 created vendor_id:0x1374 subcmd:76
11-20 00:30:31.293 V/WifiHAL (  539): create: mVendor_id = 4980, Subcmd = 76.
11-20 00:30:31.301 E/SupplicantStaIfaceHal( 1194): Can't call getWpaDriverFeatureSet, ISupplicantStaIface is null
11-20 00:30:31.301 I/WifiNative( 1194): Successfully switched to scan mode on iface=Iface:{Name=wlan0,Id=1,Type=STA_SCAN}
11-20 00:30:31.302 W/SupplicantStaIfaceHal( 1194): ISupplicant died: cookie=73
11-20 00:30:31.303 D/WifiClientModeManager1( 1194): entering ScanOnlyModeState
11-20 00:30:31.303 D/WifiScanRequestProxy( 1194): Sending scan available broadcast: true
11-20 00:30:31.303 D/WifiP2pService( 1194): Wifi enabled=false, P2P Interface availability=true
11-20 00:30:31.304 I/WifiScanningService( 1194): Received a request to enable scanning, UID = 1000
11-20 00:30:31.304 I/WifiScanningService( 1194): scanner impls already exists
11-20 00:30:31.304 E/WifiScanningService( 1194): wifi driver loaded received while already loaded
11-20 00:30:31.305 I/WifiScanRequestProxy( 1194): Scanning is enabled
11-20 00:30:31.305 I/WifiScanRequestProxy( 1194): Scanning for hidden networks is disabled
11-20 00:30:31.306 D/WakeupController( 1194): start()
11-20 00:30:31.307 D/WakeupController( 1194): Setting active to true
11-20 00:30:31.319 D/WakeupLock( 1194): Lock set. Number of networks: 1
11-20 00:30:31.322 D/WifiClientModeImpl( 1194): ClientModeImpl: Leaving Connected state
11-20 00:30:31.324 D/WifiCountryCode( 1194): updateCountryCode to US
11-20 00:30:31.324 E/SupplicantStaIfaceHal( 1194): Can't call setCountryCode, ISupplicantStaIface is null
11-20 00:30:31.324 D/WifiCountryCode( 1194): Failed to set country code to: US
11-20 00:30:31.340 E/SupplicantStaIfaceHal( 1194): Can't call listNetworks, ISupplicantStaIface is null
11-20 00:30:31.340 E/SupplicantStaIfaceHal( 1194): removeAllNetworks failed, got null networks
11-20 00:30:31.340 E/WifiClientModeImpl( 1194): Failed to remove networks on exiting connect mode
11-20 00:30:31.342 E/WakeupController( 1194): Unexpected setLastDisconnectInfo when WakeupController is active!
11-20 00:30:31.343 E/WifiVendorHal( 1194): stopRssiMonitoring(l.2106) failed {.code = ERROR_NOT_AVAILABLE, .description = }
11-20 00:30:31.344 E/SupplicantStaIfaceHal( 1194): Can't call setPowerSave, ISupplicantStaIface is null
11-20 00:30:31.344 E/SupplicantStaIfaceHal( 1194): Can't call setBtCoexistenceMode, ISupplicantStaIface is null
11-20 00:30:31.345 V/WifiClientModeImpl( 1194): stopIpClient IpClientWithPreConnection: false
11-20 00:30:31.345 V/WifiClientModeImpl( 1194): java.lang.Throwable
11-20 00:30:31.345 V/WifiClientModeImpl( 1194): 	at com.android.server.wifi.ClientModeImpl.stopIpClient(ClientModeImpl.java:1127)
11-20 00:30:31.345 V/WifiClientModeImpl( 1194): 	at com.android.server.wifi.ClientModeImpl.stopDhcpSetup(ClientModeImpl.java:1153)
11-20 00:30:31.345 V/WifiClientModeImpl( 1194): 	at com.android.server.wifi.ClientModeImpl.handleNetworkDisconnect(ClientModeImpl.java:2945)
11-20 00:30:31.345 V/WifiClientModeImpl( 1194): 	at com.android.server.wifi.ClientModeImpl.stopClientMode(ClientModeImpl.java:3889)
11-20 00:30:31.345 V/WifiClientModeImpl( 1194): 	at com.android.server.wifi.ClientModeImpl.access$4600(ClientModeImpl.java:176)
11-20 00:30:31.345 V/WifiClientModeImpl( 1194): 	at com.android.server.wifi.ClientModeImpl$ConnectModeState.exit(ClientModeImpl.java:4064)
11-20 00:30:31.345 V/WifiClientModeImpl( 1194): 	at com.android.wifi.x.com.android.internal.util.StateMachine$SmHandler.invokeExitMethods(StateMachine.java:1021)
11-20 00:30:31.345 V/WifiClientModeImpl( 1194): 	at com.android.wifi.x.com.android.internal.util.StateMachine$SmHandler.performTransitions(StateMachine.java:877)
11-20 00:30:31.345 V/WifiClientModeImpl( 1194): 	at com.android.wifi.x.com.android.internal.util.StateMachine$SmHandler.handleMessage(StateMachine.java:819)
11-20 00:30:31.345 V/WifiClientModeImpl( 1194): 	at android.os.Handler.dispatchMessage(Handler.java:106)
11-20 00:30:31.345 V/WifiClientModeImpl( 1194): 	at android.os.Looper.loop(Looper.java:223)
11-20 00:30:31.345 V/WifiClientModeImpl( 1194): 	at android.os.HandlerThread.run(HandlerThread.java:67)
11-20 00:30:31.346 D/DhcpClient( 1194): doQuit
11-20 00:30:31.349 D/QCNEJ/WlanStaInfoRelay( 1900): Received action: android.net.wifi.STATE_CHANGE
11-20 00:30:31.349 D/QCNEJ/WlanStaInfoRelay( 1900): reset CountryCodeRetriever
11-20 00:30:31.349 D/WifiConnector( 2841): Network State Changed
11-20 00:30:31.352 E/QMI_FW  (  927): qmi_cci_get_ref: ref count increased 2
11-20 00:30:31.352 D/ConnectivityService( 1194): [134 WIFI] EVENT_NETWORK_INFO_CHANGED, going from CONNECTED to DISCONNECTED
11-20 00:30:31.352 D/ConnectivityService( 1194): [134 WIFI] disconnected, was satisfying 27
11-20 00:30:31.355 E/QMI_FW  (  927): qmi_cci_get_ref: ref count increased 2
11-20 00:30:31.357 D/WifiDiags( 1194): stopLogging() iface list is {} after removing wlan0
11-20 00:30:31.359 E/WifiVendorHal( 1194): resetLogHandler(l.1558) failed {.code = ERROR_NOT_AVAILABLE, .description = }
11-20 00:30:31.359 E/QMI_FW  ( 1113): qmi_cci_get_ref: ref count increased 2
11-20 00:30:31.360 W/WifiDiags( 1194): Fail to reset log handler
11-20 00:30:31.370 D/WifiMemoryStoreImpl( 1194): Set cluster Gded792457511e862 for We4936d4057368143: SUCCESS
11-20 00:30:31.376 E/QMI_FW  ( 1113): qmi_cci_get_ref: ref count increased 2
11-20 00:30:31.383 E/QMI_FW  ( 1113): qmi_cci_get_ref: ref count increased 2
11-20 00:30:31.389 I/chatty  ( 1113): uid=1001(radio) main identical 6 lines
11-20 00:30:31.390 E/QMI_FW  ( 1113): qmi_cci_get_ref: ref count increased 2
11-20 00:30:31.392 E/QMI_FW  ( 1113): qmi_cci_get_ref: ref count increased 2
11-20 00:30:31.403 E/QMI_FW  ( 1113): qmi_cci_get_ref: ref count increased 2
11-20 00:30:31.406 I/GnssNetworkConnectivityHandler( 1194): Network connection lost. Available networks count: 1
11-20 00:30:31.406 I/GnssNetworkConnectivityHandler( 1194): updateNetworkState, state=CLOSED, connected=false, network=134, capabilities=[ Transports: WIFI Capabilities: NOT_METERED&INTERNET&NOT_RESTRICTED&TRUSTED&NOT_VPN&VALIDATED&NOT_ROAMING&FOREGROUND&NOT_CONGESTED&NOT_SUSPENDED LinkUpBandwidth>=68000Kbps LinkDnBandwidth>=68000Kbps SignalStrength: -30 OwnerUid: 1000 AdministratorUids: [] SSID: "MTBF_Lab" RequestorUid: -1 RequestorPackageName: null], apn: , availableNetworkCount: 1
11-20 00:30:31.409 W/LocSvc_LocIpc(  523): send:66] failed reason: No such file or directory
11-20 00:30:31.409 D/QCNEJ/DefaultNetworkInfoRelay( 1900): Default network lost: 134
11-20 00:30:31.410 E/QMI_FW  ( 1113): qmi_cci_get_ref: ref count increased 2
11-20 00:30:31.412 D/DeviceAuthService(16172): Network lost
11-20 00:30:31.413 I/Nat464Xlat( 1194): Android Xlat is disabled
11-20 00:30:31.416 E/QMI_FW  ( 1113): qmi_cci_get_ref: ref count increased 2
11-20 00:30:31.419 D/QCNEJ/NativeHalConnector( 1900): -> SND notifyDefaultNetworkChanged(1)
11-20 00:30:31.419 D/QCNEJ/WlanStaInfoRelay( 1900): network lost: 134
11-20 00:30:31.426 D/QCNEJ/WlanStaInfoRelay( 1900): onLost: unbind the process to WIFI
11-20 00:30:31.430 E/QMI_FW  ( 1113): qmi_cci_get_ref: ref count increased 2
11-20 00:30:31.413 I/Nat464Xlat( 1194): Android Xlat is disabled
11-20 00:30:31.462 D/ConnectivityService( 1194): Sending DISCONNECTED broadcast for type 1 [134 WIFI] isDefaultNetwork=true
11-20 00:30:31.477 D/ConnectivityService( 1194): NetReassign [8 : null → 100, 20 : null → 100, 46 : null → 100, 45 : null → 100, 626 : null → 100, 12 : null → 100, 22 : null → 100, 16 : null → 100, 603 : null → 100, 14 : null → 100, 50 : null → 100, 18 : null → 100, 11 : null → 100, 629 : null → 100, 1 : null → 100, 17 : null → 100]
11-20 00:30:31.481 E/NetlinkEvent(  459): NetlinkEvent::FindParam(): Parameter 'INTERFACE' not found
11-20 00:30:31.481 E/NetlinkEvent(  459): NetlinkEvent::FindParam(): Parameter 'STATE' not found
11-20 00:30:31.481 E/NetlinkEvent(  459): NetlinkEvent::FindParam(): Parameter 'TIME_NS' not found
11-20 00:30:31.481 E/NetlinkEvent(  459): NetlinkEvent::FindParam(): Parameter 'UID' not found
11-20 00:30:31.494 D/ConnectivityService( 1194): Switching to new default network: NetworkAgentInfo{ ni{[type: MOBILE[LTE], state: CONNECTED/CONNECTED, reason: (unspecified), extra: nxtgenphone, failover: false, available: true, roaming: false]}  network{100}  nethandle{432902426637}  lp{{InterfaceName: rmnet_data2 LinkAddresses: [ 10.129.103.196/29,2600:380:c119:24f:b89a:9f3c:46c1:95af/64 ] DnsAddresses: [ /172.26.38.1,/fc00:a:a::300 ] Domains: null MTU: 1430 TcpBufferSizes: 2097152,4194304,8388608,262144,524288,1048576 Routes: [ 0.0.0.0/0 -> 10.129.103.197 rmnet_data2 mtu 1430,::/0 -> fe80::b45f:41f1:1846:969d rmnet_data2 mtu 1430,10.129.103.192/29 -> 0.0.0.0 rmnet_data2 mtu 0,2600:380:c119:24f::/64 -> :: rmnet_data2 mtu 0 ]}}  nc{[ Transports: CELLULAR Capabilities: MMS&SUPL&FOTA&INTERNET&NOT_RESTRICTED&TRUSTED&NOT_VPN&VALIDATED&NOT_ROAMING&FOREGROUND&NOT_CONGESTED&NOT_SUSPENDED LinkUpBandwidth>=15000Kbps LinkDnBandwidth>=30000Kbps Specifier: <TelephonyNetworkSpecifier [mSubId = 1]> AdministratorUids: [] RequestorUid: -1 RequestorPackageName: null]}  Score{50}  everValidated{true}  lastValidated{true}  created{true} lingering{true} explicitlySelected{false} acceptUnvalidated{false} everCaptivePortalDetected{false} lastCaptivePortalDetected{false} partialConnectivity{false} acceptPartialConnectivity{false} clat{mBaseIface: null, mIface: null, mState: IDLE} }
11-20 00:30:31.451 I/chatty  ( 1113): uid=1001(radio) main identical 2 lines
11-20 00:30:31.454 E/QMI_FW  ( 1113): qmi_cci_get_ref: ref count increased 2
11-20 00:30:31.495 D/DhcpClient( 1194): DHCP Packet Handler stopped
11-20 00:30:31.496 D/DhcpClient( 1194): onQuitting
11-20 00:30:31.503 E/SelfCareDataCloudSyncWorker( 2351): Failed to get access token
11-20 00:30:31.503 E/SelfCareDataCloudSyncWorker( 2351): kotlinx.coroutines.JobCancellationException: Job was cancelled; job=JobImpl{Cancelling}@242a6eb
11-20 00:30:31.507 I/WM-WorkerWrapper( 2351): Work [ id=41176d4d-428f-4560-a8c8-961a1631ba8f, tags={ com.facebook.wearable.system.selfcare.cloudsync.SelfCareDataCloudSyncWorker } ] was cancelled
11-20 00:30:31.507 I/WM-WorkerWrapper( 2351): java.util.concurrent.CancellationException: Task was cancelled.
11-20 00:30:31.507 I/WM-WorkerWrapper( 2351): 	at androidx.work.impl.utils.futures.AbstractFuture.getDoneValue(:32)
11-20 00:30:31.507 I/WM-WorkerWrapper( 2351): 	at androidx.work.impl.utils.futures.AbstractFuture.get(:268435546)
11-20 00:30:31.507 I/WM-WorkerWrapper( 2351): 	at androidx.work.impl.WorkerWrapper$2.run(:3)
11-20 00:30:31.507 I/WM-WorkerWrapper( 2351): 	at androidx.work.impl.utils.SerialExecutor$Task.run(:2)
11-20 00:30:31.507 I/WM-WorkerWrapper( 2351): 	at java.util.concurrent.ThreadPoolExecutor.runWorker(ThreadPoolExecutor.java:1167)
11-20 00:30:31.507 I/WM-WorkerWrapper( 2351): 	at java.util.concurrent.ThreadPoolExecutor$Worker.run(ThreadPoolExecutor.java:641)
11-20 00:30:31.507 I/WM-WorkerWrapper( 2351): 	at java.lang.Thread.run(Thread.java:923)
11-20 00:30:31.509 D/WifiMemoryStoreImpl( 1194): Set cluster Gded792457511e862 for Wded792457511e862: SUCCESS
11-20 00:30:31.540 E/WifiNative( 1194): Could not get Iface object for interface null
11-20 00:30:31.540 D/WifiNetworkAgent( 1194): NetworkAgent: NetworkAgent channel lost
11-20 00:30:31.621 E/WifiNative( 1194): Could not get Iface object for interface null
11-20 00:30:31.629 D/DeviceAuthService(16172): Network connected
11-20 00:30:31.629 D/DeviceAuthService(16172): fetchAuthTokenWrapper called
11-20 00:30:31.633 D/QCNEJ/DefaultNetworkInfoRelay( 1900): Default network available: 100
11-20 00:30:31.634 D/QCNEJ/NativeHalConnector( 1900): -> SND notifyDefaultNetworkChanged(0)
11-20 00:30:31.638 E/QMI_FW  (  927): qmi_cci_get_ref: ref count increased 2
11-20 00:30:31.641 V/LigerRadioStatsReporter( 2384): onCapabilitiesChanged: Network capabilities changed
11-20 00:30:31.641 V/LigerRadioStatsReporter( 2384): reportAndCheckpointRadioStats
11-20 00:30:31.642 E/QMI_FW  (  927): qmi_cci_get_ref: ref count increased 2
11-20 00:30:31.643 V/LigerRadioStatsReporter( 2384): +++++++++++ RADIO STATS DUMP +++++++++++
11-20 00:30:31.643 V/LigerRadioStatsReporter( 2384): totalActiveRadioTimeMs=0
11-20 00:30:31.643 V/LigerRadioStatsReporter( 2384): totalTailRadioTimeMs=13995
11-20 00:30:31.643 V/LigerRadioStatsReporter( 2384): totalWakeupCount=0
11-20 00:30:31.643 V/LigerRadioStatsReporter( 2384): httpUpBytes=0
11-20 00:30:31.643 V/LigerRadioStatsReporter( 2384): httpDownBytes=0
11-20 00:30:31.643 V/LigerRadioStatsReporter( 2384): httpWakeupCount=0
11-20 00:30:31.643 V/LigerRadioStatsReporter( 2384): httpRequestCount=0
11-20 00:30:31.643 V/LigerRadioStatsReporter( 2384): httpActiveRadioTimeMs=0
11-20 00:30:31.643 V/LigerRadioStatsReporter( 2384): httpTailRadioTimeMs=13995
11-20 00:30:31.643 V/LigerRadioStatsReporter( 2384): reportAndCheckpointRadioStats: Tx=0
11-20 00:30:31.643 V/LigerRadioStatsReporter( 2384): reportAndCheckpointRadioStats: Rx=0
11-20 00:30:31.643 V/LigerRadioStatsReporter( 2384): reportAndCheckpointRadioStats: Uids=10028
11-20 00:30:31.643 V/LigerRadioStatsReporter( 2384): reportAndCheckpointRadioStats: Tags=null
11-20 00:30:31.646 D/DeviceAuthService(16172): isOculusAddressResolvable returned true
11-20 00:30:31.646 D/DeviceAuthenticator(16172): Fetching new credentials asynchronously
11-20 00:30:31.646 D/CompatibilityInfo( 1194): mCompatibilityFlags - 4
11-20 00:30:31.646 D/CompatibilityInfo( 1194): applicationDensity - 320
11-20 00:30:31.646 D/CompatibilityInfo( 1194): applicationScale - 1.0
11-20 00:30:31.647 D/DeviceAuthenticator(16172): Calling DeviceAuth.authenticate()
11-20 00:30:31.653 D/NetworkTimeUpdateService( 1194): New default network 100; checking time.
11-20 00:30:31.657 D/ConnectivityService( 1194): Unlingering [100 CELLULAR]
11-20 00:30:31.657 D/ConnectivityService( 1194): Sending CONNECTED broadcast for type 0 [100 CELLULAR] isDefaultNetwork=true
11-20 00:30:31.657 E/DeviceCertService(  541): This device *might* have a provisioning issue. Please run `maui provision check` to verify.
11-20 00:30:31.657 E/DeviceCertService(  541): See https://fburl.com/wiki/a9hho0p9 for more information.
11-20 00:30:31.669 E/DeviceCertService(  541): Could not access certificate file '/mnt/vendor/persist/certificates/device_identityinsecure.crt', error 2: No such file or directory
11-20 00:30:31.670 E/DeviceAuthenticator(16172): ERROR: java.lang.RuntimeException: devicecert returned error FILESYSTEM_ERROR
11-20 00:30:31.670 E/DeviceAuthenticator(16172): 
11-20 00:30:31.670 E/DeviceAuthenticator(16172): com.facebook.mos.sdk.devicecert.DeviceIdentityException: java.lang.RuntimeException: devicecert returned error FILESYSTEM_ERROR
11-20 00:30:31.670 E/DeviceAuthenticator(16172): 
11-20 00:30:31.729 I/WM-WorkerWrapper( 2351): Work [ id=731e9e35-e8c2-49b1-b246-986e05f06ab6, tags={ com.facebook.wearable.system.selfcare.sharing.StickerBundleDatabaseWorker } ] was cancelled
11-20 00:30:31.729 I/WM-WorkerWrapper( 2351): java.util.concurrent.CancellationException: Task was cancelled.
11-20 00:30:31.729 I/WM-WorkerWrapper( 2351): 	at androidx.work.impl.utils.futures.AbstractFuture.getDoneValue(:32)
11-20 00:30:31.729 I/WM-WorkerWrapper( 2351): 	at androidx.work.impl.utils.futures.AbstractFuture.get(:268435546)
11-20 00:30:31.729 I/WM-WorkerWrapper( 2351): 	at androidx.work.impl.WorkerWrapper$2.run(:3)
11-20 00:30:31.729 I/WM-WorkerWrapper( 2351): 	at androidx.work.impl.utils.SerialExecutor$Task.run(:2)
11-20 00:30:31.729 I/WM-WorkerWrapper( 2351): 	at java.util.concurrent.ThreadPoolExecutor.runWorker(ThreadPoolExecutor.java:1167)
11-20 00:30:31.729 I/WM-WorkerWrapper( 2351): 	at java.util.concurrent.ThreadPoolExecutor$Worker.run(ThreadPoolExecutor.java:641)
11-20 00:30:31.729 I/WM-WorkerWrapper( 2351): 	at java.lang.Thread.run(Thread.java:923)
11-20 00:30:31.729 E/StickerBundleDatabaseWorker( 2351): Failed to fetch sticker bundles:
11-20 00:30:31.729 E/StickerBundleDatabaseWorker( 2351): kotlinx.coroutines.JobCancellationException: Job was cancelled; job=JobImpl{Cancelling}@94974f4
11-20 00:30:31.834 D/SettingsSDK::SyncHelper( 2351): Read setting com.facebook.wearable.sdk.selfcare:SELFCARE_SERVICE_ENABLED from persistent cache
11-20 00:30:31.835 D/FacebookRepository( 2351): Reading from Store [906581286488774]
11-20 00:30:31.880 E/StickerBundleDatabaseWorker( 2351): Failed to fetch sticker bundles:
11-20 00:30:31.880 E/StickerBundleDatabaseWorker( 2351): kotlinx.coroutines.JobCancellationException: Job was cancelled; job=JobImpl{Cancelling}@837e9d5
11-20 00:30:31.881 I/WM-WorkerWrapper( 2351): Work [ id=731e9e35-e8c2-49b1-b246-986e05f06ab6, tags={ com.facebook.wearable.system.selfcare.sharing.StickerBundleDatabaseWorker } ] was cancelled
11-20 00:30:31.881 I/WM-WorkerWrapper( 2351): java.util.concurrent.CancellationException: Task was cancelled.
11-20 00:30:31.881 I/WM-WorkerWrapper( 2351): 	at androidx.work.impl.utils.futures.AbstractFuture.getDoneValue(:32)
11-20 00:30:31.881 I/WM-WorkerWrapper( 2351): 	at androidx.work.impl.utils.futures.AbstractFuture.get(:268435546)
11-20 00:30:31.881 I/WM-WorkerWrapper( 2351): 	at androidx.work.impl.WorkerWrapper$2.run(:3)
11-20 00:30:31.881 I/WM-WorkerWrapper( 2351): 	at androidx.work.impl.utils.SerialExecutor$Task.run(:2)
11-20 00:30:31.881 I/WM-WorkerWrapper( 2351): 	at java.util.concurrent.ThreadPoolExecutor.runWorker(ThreadPoolExecutor.java:1167)
11-20 00:30:31.881 I/WM-WorkerWrapper( 2351): 	at java.util.concurrent.ThreadPoolExecutor$Worker.run(ThreadPoolExecutor.java:641)
11-20 00:30:31.881 I/WM-WorkerWrapper( 2351): 	at java.lang.Thread.run(Thread.java:923)
11-20 00:30:32.039 E/StickerBundleDatabaseWorker( 2351): Failed to fetch sticker bundles:
11-20 00:30:32.039 E/StickerBundleDatabaseWorker( 2351): kotlinx.coroutines.JobCancellationException: Job was cancelled; job=JobImpl{Cancelling}@1a4e51
11-20 00:30:32.039 I/WM-WorkerWrapper( 2351): Work [ id=731e9e35-e8c2-49b1-b246-986e05f06ab6, tags={ com.facebook.wearable.system.selfcare.sharing.StickerBundleDatabaseWorker } ] was cancelled
11-20 00:30:32.039 I/WM-WorkerWrapper( 2351): java.util.concurrent.CancellationException: Task was cancelled.
11-20 00:30:32.039 I/WM-WorkerWrapper( 2351): 	at androidx.work.impl.utils.futures.AbstractFuture.getDoneValue(:32)
11-20 00:30:32.039 I/WM-WorkerWrapper( 2351): 	at androidx.work.impl.utils.futures.AbstractFuture.get(:268435546)
11-20 00:30:32.039 I/WM-WorkerWrapper( 2351): 	at androidx.work.impl.WorkerWrapper$2.run(:3)
11-20 00:30:32.039 I/WM-WorkerWrapper( 2351): 	at androidx.work.impl.utils.SerialExecutor$Task.run(:2)
11-20 00:30:32.039 I/WM-WorkerWrapper( 2351): 	at java.util.concurrent.ThreadPoolExecutor.runWorker(ThreadPoolExecutor.java:1167)
11-20 00:30:32.039 I/WM-WorkerWrapper( 2351): 	at java.util.concurrent.ThreadPoolExecutor$Worker.run(ThreadPoolExecutor.java:641)
11-20 00:30:32.039 I/WM-WorkerWrapper( 2351): 	at java.lang.Thread.run(Thread.java:923)
11-20 00:30:32.166 E/StickerBundleDatabaseWorker( 2351): Failed to fetch sticker bundles:
11-20 00:30:32.166 E/StickerBundleDatabaseWorker( 2351): kotlinx.coroutines.JobCancellationException: Job was cancelled; job=JobImpl{Cancelling}@ceed053
11-20 00:30:32.166 I/WM-WorkerWrapper( 2351): Work [ id=731e9e35-e8c2-49b1-b246-986e05f06ab6, tags={ com.facebook.wearable.system.selfcare.sharing.StickerBundleDatabaseWorker } ] was cancelled
11-20 00:30:32.166 I/WM-WorkerWrapper( 2351): java.util.concurrent.CancellationException: Task was cancelled.
11-20 00:30:32.166 I/WM-WorkerWrapper( 2351): 	at androidx.work.impl.utils.futures.AbstractFuture.getDoneValue(:32)
11-20 00:30:32.166 I/WM-WorkerWrapper( 2351): 	at androidx.work.impl.utils.futures.AbstractFuture.get(:268435546)
11-20 00:30:32.166 I/WM-WorkerWrapper( 2351): 	at androidx.work.impl.WorkerWrapper$2.run(:3)
11-20 00:30:32.166 I/WM-WorkerWrapper( 2351): 	at androidx.work.impl.utils.SerialExecutor$Task.run(:2)
11-20 00:30:32.166 I/WM-WorkerWrapper( 2351): 	at java.util.concurrent.ThreadPoolExecutor.runWorker(ThreadPoolExecutor.java:1167)
11-20 00:30:32.166 I/WM-WorkerWrapper( 2351): 	at java.util.concurrent.ThreadPoolExecutor$Worker.run(ThreadPoolExecutor.java:641)
11-20 00:30:32.166 I/WM-WorkerWrapper( 2351): 	at java.lang.Thread.run(Thread.java:923)
