11-19 17:18:11.252 D/WifiP2pService( 1196): Wifi enabled=false, P2P Interface availability=true
11-19 17:18:11.253 I/android_os_HwBinder( 1196): HwBinder: Starting thread pool for getting: android.hardware.wifi.supplicant@1.0::ISupplicant/default
11-19 17:18:11.255 I/wpa_supplicant( 9429): Terminating...
11-19 17:18:11.256 D/LOWI-9.0.0.80(  995): [LOWINetlinkSocketReceiver] unpackRTMLinkMessage: RTM_NEWLINK - ifname wlan0, flags 0x1003 ([UP])
11-19 17:18:11.257 D/LOWI-9.0.0.80(  995): [LOWINetlinkSocketReceiver] processNetlinkPacket: ifname(wlan0) status(1)
11-19 17:18:11.257 D/LOWI-9.0.0.80(  995): [LOWIController] intfStateReceived: ifname(wlan0) state(1)
11-19 17:18:11.257 D/LOWI-9.0.0.80(  995): [LOWIEventReceiver] handleEvent:FROM:NA, TO:NA, REQ:NA, IREQ:NA, REQ_ID:0, RESP:NA, INFO:INTF-STATUS-UPDATE
11-19 17:18:11.257 D/LOWI-9.0.0.80(  995): [LOWIEventReceiver] Info to [INTF-STATUS-UPDATE]
11-19 17:18:11.257 D/LOWI-9.0.0.80(  995): [LOWIController] updateIntfState: WIFI enabled 1 mNlWifiStatus 2 mWifiStateEnabled 1
11-19 17:18:11.257 D/LOWI-9.0.0.80(  995): [LOWIController] isWifiEnabled: mNlWifiStatus 1 mWifiStateEnabled 1
11-19 17:18:11.299 D/LOWI-9.0.0.80(  995): [LOWINetlinkSocketReceiver] unpackRTMLinkMessage: RTM_NEWLINK - ifname wlan0, flags 0x1003 ([UP])
11-19 17:18:11.299 D/LOWI-9.0.0.80(  995): [LOWINetlinkSocketReceiver] processNetlinkPacket: ifname(wlan0) status(1)
11-19 17:18:11.299 D/LOWI-9.0.0.80(  995): [LOWIController] intfStateReceived: ifname(wlan0) state(1)
11-19 17:18:11.299 D/LOWI-9.0.0.80(  995): [LOWIEventReceiver] handleEvent:FROM:NA, TO:NA, REQ:NA, IREQ:NA, REQ_ID:0, RESP:NA, INFO:INTF-STATUS-UPDATE
11-19 17:18:11.299 D/LOWI-9.0.0.80(  995): [LOWIEventReceiver] Info to [INTF-STATUS-UPDATE]
11-19 17:18:11.299 D/LOWI-9.0.0.80(  995): [LOWIController] updateIntfState: WIFI enabled 1 mNlWifiStatus 1 mWifiStateEnabled 1
11-19 17:18:11.299 D/LOWI-9.0.0.80(  995): [LOWIController] isWifiEnabled: mNlWifiStatus 1 mWifiStateEnabled 1
11-19 17:18:11.301 W/SupplicantP2pIfaceHal( 1196): ISupplicant/ISupplicantP2pIface died: cookie=0
11-19 17:18:11.302 W/SupplicantP2pIfaceHal( 1196): ISupplicantVendor/ISupplicantVendorP2PIface died: cookie=0
11-19 17:18:11.302 V/WifiHAL (  556): event received NL80211_CMD_DISCONNECT
11-19 17:18:11.302 W/SupplicantP2pIfaceHal( 1196): ISupplicant/ISupplicantP2pIface died: cookie=0
11-19 17:18:11.302 D/SupplicantStaIfaceHal( 1196): ISupplicant died: cookie=-3413108935692722203
11-19 17:18:11.305 W/SupplicantStaIfaceHal( 1196): Timed out waiting for confirmation of supplicant death
11-19 17:18:11.305 W/SupplicantStaIfaceHal( 1196): ISupplicantVendor/ISupplicantVendorStaIface died: cookie=0
11-19 17:18:11.306 W/SupplicantStaIfaceHal( 1196): ISupplicantVendor/ISupplicantVendorStaIface died: cookie=0
11-19 17:18:11.306 W/SupplicantP2pIfaceHal( 1196): ISupplicantVendor/ISupplicantVendorP2PIface died: cookie=0
11-19 17:18:11.307 E/SupplicantStaIfaceHal( 1196): Can't call getKeyMgmtCapabilities_1_3, ISupplicantStaIface is null
11-19 17:18:11.308 V/WifiHAL (  556): WifiVendorCommand 0xaac36b98 created vendor_id:0x1374 subcmd:38
11-19 17:18:11.309 V/WifiHAL (  556): Got a Wi-Fi HAL module message from Driver
11-19 17:18:11.309 V/WifiHAL (  556): Supported feature set : 19d3d
11-19 17:18:11.309 V/WifiHAL (  556): Supported feature set acquired : 19d3d
11-19 17:18:11.309 V/WifiHAL (  556): WifiVendorCommand 0x9dc40410 created vendor_id:0x1374 subcmd:76
11-19 17:18:11.309 V/WifiHAL (  556): create: mVendor_id = 4980, Subcmd = 76.
11-19 17:18:11.311 V/WifiHAL (  556): WifiVendorCommand 0xaac36cc8 created vendor_id:0x1374 subcmd:38
11-19 17:18:11.311 D/ConnectivityService( 1196): handleLingerComplete for [101 CELLULAR]
11-19 17:18:11.312 V/WifiHAL (  556): Got a Wi-Fi HAL module message from Driver
11-19 17:18:11.312 V/WifiHAL (  556): Supported feature set : 19d3d
11-19 17:18:11.312 V/WifiHAL (  556): Supported feature set acquired : 19d3d
11-19 17:18:11.312 V/WifiHAL (  556): WifiVendorCommand 0x9dc40410 created vendor_id:0x1374 subcmd:76
11-19 17:18:11.312 V/WifiHAL (  556): create: mVendor_id = 4980, Subcmd = 76.
11-19 17:18:11.322 E/SupplicantStaIfaceHal( 1196): Can't call getWpaDriverFeatureSet, ISupplicantStaIface is null
11-19 17:18:11.322 I/WifiNative( 1196): Successfully switched to scan mode on iface=Iface:{Name=wlan0,Id=0,Type=STA_SCAN}
11-19 17:18:11.323 W/SupplicantStaIfaceHal( 1196): ISupplicant died: cookie=34
11-19 17:18:11.323 D/BluetoothAdapterService( 1699): Soft AP is on band: 1
11-19 17:18:11.324 D/BluetoothVendorService( 1699): getPowerBackoff 
11-19 17:18:11.325 D/BluetoothVendorService( 1699): setPowerBackoff to: false
11-19 17:18:11.325 I/BluetoothVendorJni( 1699): setPowerBackoffNative
11-19 17:18:11.325 I/bt_btif_vendor( 1699): setPowerBackOffState :0 
11-19 17:18:11.325 W/bt_btif ( 1699): bta_dm_power_back_off: power_back_off feature not supported
11-19 17:18:11.325 D/BluetoothAdapterService( 1699): android.net.wifi.WIFI_STATE_CHANGED
11-19 17:18:11.326 D/QCNEJ/WwanInfoRelay( 1887): onCapabilitiesChanged: 101 [ Transports: CELLULAR Capabilities: MMS&SUPL&FOTA&INTERNET&NOT_RESTRICTED&TRUSTED&NOT_VPN&VALIDATED&NOT_ROAMING&NOT_CONGESTED&NOT_SUSPENDED LinkUpBandwidth>=15000Kbps LinkDnBandwidth>=30000Kbps Specifier: <TelephonyNetworkSpecifier [mSubId = 1]> AdministratorUids: [] RequestorUid: -1 RequestorPackageName: null]
11-19 17:18:11.328 I/QCNEJ/WwanInfoRelay( 1887): cacheWwanInfo subId = 1 phoneId = 0 slotId = 0
11-19 17:18:11.338 D/WifiClientModeManager0( 1196): entering ScanOnlyModeState
11-19 17:18:11.338 D/WifiScanRequestProxy( 1196): Sending scan available broadcast: true
11-19 17:18:11.338 I/WifiScanningService( 1196): Received a request to enable scanning, UID = 1000
11-19 17:18:11.339 I/WifiScanningService( 1196): scanner impls already exists
11-19 17:18:11.339 E/WifiScanningService( 1196): wifi driver loaded received while already loaded
11-19 17:18:11.340 I/WifiScanRequestProxy( 1196): Scanning is enabled
11-19 17:18:11.341 I/WifiScanRequestProxy( 1196): Scanning for hidden networks is disabled
11-19 17:18:11.341 D/WakeupController( 1196): start()
11-19 17:18:11.342 D/WakeupController( 1196): Setting active to true
11-19 17:18:11.343 D/WifiP2pService( 1196): Wifi enabled=false, P2P Interface availability=true
11-19 17:18:11.349 D/WakeupLock( 1196): Lock set. Number of networks: 1
11-19 17:18:11.352 D/WifiClientModeImpl( 1196): ClientModeImpl: Leaving Connected state
11-19 17:18:11.353 E/StickerBundleDatabaseWorker( 2334): Failed to fetch sticker bundles:
11-19 17:18:11.353 E/StickerBundleDatabaseWorker( 2334): kotlinx.coroutines.JobCancellationException: Job was cancelled; job=JobImpl{Cancelling}@62b6821
11-19 17:18:11.353 I/WM-WorkerWrapper( 2334): Work [ id=e130a2b8-40dd-4560-92fb-3ba7a92b1257, tags={ com.facebook.wearable.system.selfcare.sharing.StickerBundleDatabaseWorker } ] was cancelled
11-19 17:18:11.353 I/WM-WorkerWrapper( 2334): java.util.concurrent.CancellationException: Task was cancelled.
11-19 17:18:11.353 I/WM-WorkerWrapper( 2334): 	at androidx.work.impl.utils.futures.AbstractFuture.getDoneValue(:32)
11-19 17:18:11.353 I/WM-WorkerWrapper( 2334): 	at androidx.work.impl.utils.futures.AbstractFuture.get(:268435546)
11-19 17:18:11.353 I/WM-WorkerWrapper( 2334): 	at androidx.work.impl.WorkerWrapper$2.run(:3)
11-19 17:18:11.353 I/WM-WorkerWrapper( 2334): 	at androidx.work.impl.utils.SerialExecutor$Task.run(:2)
11-19 17:18:11.353 I/WM-WorkerWrapper( 2334): 	at java.util.concurrent.ThreadPoolExecutor.runWorker(ThreadPoolExecutor.java:1167)
11-19 17:18:11.353 I/WM-WorkerWrapper( 2334): 	at java.util.concurrent.ThreadPoolExecutor$Worker.run(ThreadPoolExecutor.java:641)
11-19 17:18:11.353 I/WM-WorkerWrapper( 2334): 	at java.lang.Thread.run(Thread.java:923)
11-19 17:18:11.353 D/WifiCountryCode( 1196): updateCountryCode to US
11-19 17:18:11.353 E/SupplicantStaIfaceHal( 1196): Can't call setCountryCode, ISupplicantStaIface is null
11-19 17:18:11.354 D/WifiCountryCode( 1196): Failed to set country code to: US
11-19 17:18:11.363 E/SupplicantStaIfaceHal( 1196): Can't call listNetworks, ISupplicantStaIface is null
11-19 17:18:11.363 E/SupplicantStaIfaceHal( 1196): removeAllNetworks failed, got null networks
11-19 17:18:11.363 E/WifiClientModeImpl( 1196): Failed to remove networks on exiting connect mode
11-19 17:18:11.365 E/WakeupController( 1196): Unexpected setLastDisconnectInfo when WakeupController is active!
11-19 17:18:11.366 E/WifiVendorHal( 1196): stopRssiMonitoring(l.2106) failed {.code = ERROR_NOT_AVAILABLE, .description = }
11-19 17:18:11.366 E/SupplicantStaIfaceHal( 1196): Can't call setPowerSave, ISupplicantStaIface is null
11-19 17:18:11.366 E/SupplicantStaIfaceHal( 1196): Can't call setBtCoexistenceMode, ISupplicantStaIface is null
11-19 17:18:11.367 V/WifiClientModeImpl( 1196): stopIpClient IpClientWithPreConnection: false
11-19 17:18:11.367 V/WifiClientModeImpl( 1196): java.lang.Throwable
11-19 17:18:11.367 V/WifiClientModeImpl( 1196): 	at com.android.server.wifi.ClientModeImpl.stopIpClient(ClientModeImpl.java:1127)
11-19 17:18:11.367 V/WifiClientModeImpl( 1196): 	at com.android.server.wifi.ClientModeImpl.stopDhcpSetup(ClientModeImpl.java:1153)
11-19 17:18:11.367 V/WifiClientModeImpl( 1196): 	at com.android.server.wifi.ClientModeImpl.handleNetworkDisconnect(ClientModeImpl.java:2945)
11-19 17:18:11.367 V/WifiClientModeImpl( 1196): 	at com.android.server.wifi.ClientModeImpl.stopClientMode(ClientModeImpl.java:3889)
11-19 17:18:11.367 V/WifiClientModeImpl( 1196): 	at com.android.server.wifi.ClientModeImpl.access$4600(ClientModeImpl.java:176)
11-19 17:18:11.367 V/WifiClientModeImpl( 1196): 	at com.android.server.wifi.ClientModeImpl$ConnectModeState.exit(ClientModeImpl.java:4064)
11-19 17:18:11.367 V/WifiClientModeImpl( 1196): 	at com.android.wifi.x.com.android.internal.util.StateMachine$SmHandler.invokeExitMethods(StateMachine.java:1021)
11-19 17:18:11.367 V/WifiClientModeImpl( 1196): 	at com.android.wifi.x.com.android.internal.util.StateMachine$SmHandler.performTransitions(StateMachine.java:877)
11-19 17:18:11.367 V/WifiClientModeImpl( 1196): 	at com.android.wifi.x.com.android.internal.util.StateMachine$SmHandler.handleMessage(StateMachine.java:819)
11-19 17:18:11.367 V/WifiClientModeImpl( 1196): 	at android.os.Handler.dispatchMessage(Handler.java:106)
11-19 17:18:11.367 V/WifiClientModeImpl( 1196): 	at android.os.Looper.loop(Looper.java:223)
11-19 17:18:11.367 V/WifiClientModeImpl( 1196): 	at android.os.HandlerThread.run(HandlerThread.java:67)
11-19 17:18:11.368 D/DhcpClient( 1196): doQuit
11-19 17:18:11.368 D/ConnectivityService( 1196): [115 WIFI] EVENT_NETWORK_INFO_CHANGED, going from CONNECTED to DISCONNECTED
11-19 17:18:11.368 D/ConnectivityService( 1196): [115 WIFI] disconnected, was satisfying 27
11-19 17:18:11.369 D/WifiConnector( 2866): Network State Changed
11-19 17:18:11.370 D/QCNEJ/WlanStaInfoRelay( 1887): Received action: android.net.wifi.STATE_CHANGE
11-19 17:18:11.370 D/QCNEJ/WlanStaInfoRelay( 1887): reset CountryCodeRetriever
11-19 17:18:11.373 D/WifiDiags( 1196): stopLogging() iface list is {} after removing wlan0
11-19 17:18:11.374 E/QMI_FW  (  883): qmi_cci_get_ref: ref count increased 2
11-19 17:18:11.374 E/WifiVendorHal( 1196): resetLogHandler(l.1558) failed {.code = ERROR_NOT_AVAILABLE, .description = }
11-19 17:18:11.374 W/WifiDiags( 1196): Fail to reset log handler
11-19 17:18:11.376 E/QMI_FW  (  883): qmi_cci_get_ref: ref count increased 2
11-19 17:18:11.381 E/QMI_FW  ( 1117): qmi_cci_get_ref: ref count increased 2
11-19 17:18:11.382 D/WifiMemoryStoreImpl( 1196): Set cluster Gfe4af43281bde698 for W99e54c066bbdcc1c: SUCCESS
11-19 17:18:11.394 E/QMI_FW  ( 1117): qmi_cci_get_ref: ref count increased 2
11-19 17:18:11.399 E/QMI_FW  ( 1117): qmi_cci_get_ref: ref count increased 2
11-19 17:18:11.405 I/chatty  ( 1117): uid=1001(radio) main identical 6 lines
11-19 17:18:11.406 E/QMI_FW  ( 1117): qmi_cci_get_ref: ref count increased 2
11-19 17:18:11.408 E/QMI_FW  ( 1117): qmi_cci_get_ref: ref count increased 2
11-19 17:18:11.432 I/chatty  ( 1117): uid=1001(radio) main identical 6 lines
11-19 17:18:11.437 E/QMI_FW  ( 1117): qmi_cci_get_ref: ref count increased 2
11-19 17:18:11.451 D/DhcpClient( 1196): DHCP Packet Handler stopped
11-19 17:18:11.451 D/DhcpClient( 1196): onQuitting
11-19 17:18:11.454 I/GnssNetworkConnectivityHandler( 1196): Network connection lost. Available networks count: 1
11-19 17:18:11.455 I/GnssNetworkConnectivityHandler( 1196): updateNetworkState, state=CLOSED, connected=false, network=115, capabilities=[ Transports: WIFI Capabilities: NOT_METERED&INTERNET&NOT_RESTRICTED&TRUSTED&NOT_VPN&VALIDATED&NOT_ROAMING&FOREGROUND&NOT_CONGESTED&NOT_SUSPENDED LinkUpBandwidth>=66000Kbps LinkDnBandwidth>=66000Kbps SignalStrength: -33 OwnerUid: 1000 AdministratorUids: [] SSID: "MTBF_Lab" RequestorUid: -1 RequestorPackageName: null], apn: , availableNetworkCount: 1
11-19 17:18:11.456 W/LocSvc_LocIpc(  526): send:66] failed reason: No such file or directory
11-19 17:18:11.458 D/QCNEJ/DefaultNetworkInfoRelay( 1887): Default network lost: 115
11-19 17:18:11.459 D/QCNEJ/NativeHalConnector( 1887): -> SND notifyDefaultNetworkChanged(1)
11-19 17:18:11.462 W/MqttClient( 2595): connection/disconnecting; reason=READ_SOCKET, operation=NETWORK_THREAD_LOOP
11-19 17:18:11.463 W/System.err( 2595): DEBUG: com.whatsapp.net.tls13.WtSocketWrapper.sendAlertAndShutdown(:86) : Sending Alert : type : WARNING description : close_notify(0) exception : 
11-19 17:18:11.463 W/System.err( 2595): ERROR: com.whatsapp.net.logging.WtLog.log$REDEX$HQcOuACUrr4(:4) : Encountered exception. Nothing much can be done here. com.whatsapp.net.alerts.WtAlertException
11-19 17:18:11.467 I/Nat464Xlat( 1196): Android Xlat is disabled
11-19 17:18:11.467 D/QCNEJ/WlanStaInfoRelay( 1887): network lost: 115
11-19 17:18:11.468 D/QCNEJ/WlanStaInfoRelay( 1887): onLost: unbind the process to WIFI
11-19 17:18:11.471 D/NetworkManager( 5313): ConnectivityManager.NetworkCallback#onLost()
11-19 17:18:11.474 D/WifiMemoryStoreImpl( 1196): Set cluster Gfe4af43281bde698 for Wfe4af43281bde698: SUCCESS
11-19 17:18:11.475 D/NetworkManager( 5353): ConnectivityManager.NetworkCallback#onLost()
11-19 17:18:11.469 I/Nat464Xlat( 1196): Android Xlat is disabled
11-19 17:18:11.499 D/ConnectivityService( 1196): Sending DISCONNECTED broadcast for type 1 [115 WIFI] isDefaultNetwork=true
11-19 17:18:11.501 D/ConnectivityService( 1196): NetReassign [11 : null → 101, 16 : null → 101, 66 : null → 101, 46 : null → 101, 68 : null → 101, 1 : null → 101, 63 : null → 101, 25 : null → 101, 32 : null → 101, 8 : null → 101, 17 : null → 101, 12 : null → 101, 22 : null → 101, 14 : null → 101, 67 : null → 101, 77 : null → 101]
11-19 17:18:11.505 E/NetlinkEvent(  458): NetlinkEvent::FindParam(): Parameter 'INTERFACE' not found
11-19 17:18:11.505 E/NetlinkEvent(  458): NetlinkEvent::FindParam(): Parameter 'STATE' not found
11-19 17:18:11.505 E/NetlinkEvent(  458): NetlinkEvent::FindParam(): Parameter 'TIME_NS' not found
11-19 17:18:11.505 E/NetlinkEvent(  458): NetlinkEvent::FindParam(): Parameter 'UID' not found
11-19 17:18:11.516 D/ConnectivityService( 1196): Switching to new default network: NetworkAgentInfo{ ni{[type: MOBILE[LTE], state: CONNECTED/CONNECTED, reason: (unspecified), extra: nxtgenphone, failover: false, available: true, roaming: false]}  network{101}  nethandle{437197393933}  lp{{InterfaceName: rmnet_data2 LinkAddresses: [ 10.33.46.96/26,2600:380:c011:8926:dc33:f6e0:ed57:ed5a/64 ] DnsAddresses: [ /172.26.38.1,/fc00:a:a::300 ] Domains: null MTU: 1430 TcpBufferSizes: 2097152,4194304,8388608,262144,524288,1048576 Routes: [ 0.0.0.0/0 -> 10.33.46.97 rmnet_data2 mtu 1430,::/0 -> fe80::9861:291c:876f:a4e3 rmnet_data2 mtu 1430,10.33.46.64/26 -> 0.0.0.0 rmnet_data2 mtu 0,2600:380:c011:8926::/64 -> :: rmnet_data2 mtu 0 ]}}  nc{[ Transports: CELLULAR Capabilities: MMS&SUPL&FOTA&INTERNET&NOT_RESTRICTED&TRUSTED&NOT_VPN&VALIDATED&NOT_ROAMING&NOT_CONGESTED&NOT_SUSPENDED LinkUpBandwidth>=15000Kbps LinkDnBandwidth>=30000Kbps Specifier: <TelephonyNetworkSpecifier [mSubId = 1]> AdministratorUids: [] RequestorUid: -1 RequestorPackageName: null]}  Score{50}  everValidated{true}  lastValidated{true}  created{true} lingering{false} explicitlySelected{false} acceptUnvalidated{false} everCaptivePortalDetected{false} lastCaptivePortalDetected{false} partialConnectivity{false} acceptPartialConnectivity{false} clat{mBaseIface: null, mIface: null, mState: IDLE} }
11-19 17:18:11.518 E/WifiNative( 1196): Could not get Iface object for interface null
11-19 17:18:11.518 D/BluetoothAdapterService( 1699): Soft AP is on band: 1
11-19 17:18:11.519 D/WifiNetworkAgent( 1196): NetworkAgent: NetworkAgent channel lost
11-19 17:18:11.523 D/BluetoothVendorService( 1699): getPowerBackoff 
11-19 17:18:11.523 D/BluetoothAdapterService( 1699): android.net.wifi.WIFI_STATE_CHANGED
11-19 17:18:11.549 D/BluetoothAdapterService( 1699): Soft AP is on band: 1
11-19 17:18:11.550 D/BluetoothVendorService( 1699): getPowerBackoff 
11-19 17:18:11.550 D/BluetoothAdapterService( 1699): android.net.wifi.STATE_CHANGE
11-19 17:18:11.551 D/BluetoothVendorService( 1699): setWifiState to: false
11-19 17:18:11.551 I/BluetoothVendorJni( 1699): setWifiStateNative
11-19 17:18:11.551 I/bt_btif_vendor( 1699): setWifiState :0
11-19 17:18:11.551 W/bt_btm  ( 1699): btm_cb.is_wifi_connected = 0 
11-19 17:18:11.571 W/HWComposer(  597): Ignoring duplicate VSYNC event from HWC for display 0 (t=5321930779531)
11-19 17:18:11.591 E/WifiNative( 1196): Could not get Iface object for interface null
11-19 17:18:11.635 D/NetworkTimeUpdateService( 1196): New default network 101; checking time.
11-19 17:18:11.637 D/NetworkManager( 5313): ConnectivityManager.NetworkCallback#onCapabilitiesChanged()
11-19 17:18:11.638 D/NetworkManager( 5313): connected: true
11-19 17:18:11.638 D/MediaBrowserClient( 5313): checkCredentialsAndInitPinPairing()
11-19 17:18:11.638 W/MediaBrowserClient( 5313): Tried to send custom action CHECK_CREDENTIALS_VALID_ACTION but client was not connected
11-19 17:18:11.657 V/LigerRadioStatsReporter( 2348): onCapabilitiesChanged: Network capabilities changed
11-19 17:18:11.657 V/LigerRadioStatsReporter( 2348): reportAndCheckpointRadioStats
11-19 17:18:11.658 V/LigerRadioStatsReporter( 2348): +++++++++++ RADIO STATS DUMP +++++++++++
11-19 17:18:11.659 D/NetworkManager( 5353): ConnectivityManager.NetworkCallback#onCapabilitiesChanged()
11-19 17:18:11.659 V/LigerRadioStatsReporter( 2348): totalActiveRadioTimeMs=0
11-19 17:18:11.659 V/LigerRadioStatsReporter( 2348): totalTailRadioTimeMs=13991
11-19 17:18:11.659 V/LigerRadioStatsReporter( 2348): totalWakeupCount=0
11-19 17:18:11.659 D/NetworkManager( 5353): connected: true
11-19 17:18:11.659 V/LigerRadioStatsReporter( 2348): httpUpBytes=0
11-19 17:18:11.659 V/LigerRadioStatsReporter( 2348): httpDownBytes=0
11-19 17:18:11.659 V/LigerRadioStatsReporter( 2348): httpWakeupCount=0
11-19 17:18:11.659 V/LigerRadioStatsReporter( 2348): httpRequestCount=0
11-19 17:18:11.659 V/LigerRadioStatsReporter( 2348): httpActiveRadioTimeMs=0
11-19 17:18:11.659 V/LigerRadioStatsReporter( 2348): httpTailRadioTimeMs=13991
11-19 17:18:11.659 V/LigerRadioStatsReporter( 2348): reportAndCheckpointRadioStats: Tx=0
11-19 17:18:11.659 V/LigerRadioStatsReporter( 2348): reportAndCheckpointRadioStats: Rx=0
11-19 17:18:11.659 V/LigerRadioStatsReporter( 2348): reportAndCheckpointRadioStats: Uids=10027
11-19 17:18:11.659 V/LigerRadioStatsReporter( 2348): reportAndCheckpointRadioStats: Tags=null
11-19 17:18:11.667 D/QCNEJ/DefaultNetworkInfoRelay( 1887): Default network available: 101
11-19 17:18:11.668 D/QCNEJ/NativeHalConnector( 1887): -> SND notifyDefaultNetworkChanged(0)
11-19 17:18:11.668 V/LigerRadioStatsReporter( 5353): onCapabilitiesChanged: Network capabilities changed
11-19 17:18:11.668 V/LigerRadioStatsReporter( 5353): reportAndCheckpointRadioStats
11-19 17:18:11.669 E/QMI_FW  (  883): qmi_cci_get_ref: ref count increased 2
11-19 17:18:11.672 E/QMI_FW  (  883): qmi_cci_get_ref: ref count increased 2
11-19 17:18:11.678 E/StickerBundleDatabaseWorker( 2334): Failed to fetch sticker bundles:
11-19 17:18:11.678 E/StickerBundleDatabaseWorker( 2334): kotlinx.coroutines.JobCancellationException: Job was cancelled; job=JobImpl{Cancelling}@2169ba3
11-19 17:18:11.678 I/WM-WorkerWrapper( 2334): Work [ id=e130a2b8-40dd-4560-92fb-3ba7a92b1257, tags={ com.facebook.wearable.system.selfcare.sharing.StickerBundleDatabaseWorker } ] was cancelled
11-19 17:18:11.678 I/WM-WorkerWrapper( 2334): java.util.concurrent.CancellationException: Task was cancelled.
11-19 17:18:11.678 I/WM-WorkerWrapper( 2334): 	at androidx.work.impl.utils.futures.AbstractFuture.getDoneValue(:32)
11-19 17:18:11.678 I/WM-WorkerWrapper( 2334): 	at androidx.work.impl.utils.futures.AbstractFuture.get(:268435546)
11-19 17:18:11.678 I/WM-WorkerWrapper( 2334): 	at androidx.work.impl.WorkerWrapper$2.run(:3)
11-19 17:18:11.678 I/WM-WorkerWrapper( 2334): 	at androidx.work.impl.utils.SerialExecutor$Task.run(:2)
11-19 17:18:11.678 I/WM-WorkerWrapper( 2334): 	at java.util.concurrent.ThreadPoolExecutor.runWorker(ThreadPoolExecutor.java:1167)
11-19 17:18:11.678 I/WM-WorkerWrapper( 2334): 	at java.util.concurrent.ThreadPoolExecutor$Worker.run(ThreadPoolExecutor.java:641)
11-19 17:18:11.678 I/WM-WorkerWrapper( 2334): 	at java.lang.Thread.run(Thread.java:923)
11-19 17:18:11.695 D/QCNEJ/WwanInfoRelay( 1887): onCapabilitiesChanged: 101 [ Transports: CELLULAR Capabilities: MMS&SUPL&FOTA&INTERNET&NOT_RESTRICTED&TRUSTED&NOT_VPN&VALIDATED&NOT_ROAMING&FOREGROUND&NOT_CONGESTED&NOT_SUSPENDED LinkUpBandwidth>=15000Kbps LinkDnBandwidth>=30000Kbps Specifier: <TelephonyNetworkSpecifier [mSubId = 1]> AdministratorUids: [] RequestorUid: -1 RequestorPackageName: null]
11-19 17:18:11.697 V/LigerRadioStatsReporter( 2348): onCapabilitiesChanged: Network capabilities changed
11-19 17:18:11.698 D/NetworkManager( 5313): ConnectivityManager.NetworkCallback#onCapabilitiesChanged()
11-19 17:18:11.698 D/NetworkManager( 5313): connected: true
11-19 17:18:11.701 D/ConnectivityService( 1196): Sending CONNECTED broadcast for type 0 [101 CELLULAR] isDefaultNetwork=true
11-19 17:18:11.707 I/QCNEJ/WwanInfoRelay( 1887): cacheWwanInfo subId = 1 phoneId = 0 slotId = 0
11-19 17:18:11.729 V/LigerRadioStatsReporter( 5353): +++++++++++ RADIO STATS DUMP +++++++++++
11-19 17:18:11.729 V/LigerRadioStatsReporter( 5353): totalActiveRadioTimeMs=0
11-19 17:18:11.729 V/LigerRadioStatsReporter( 5353): totalTailRadioTimeMs=13998
11-19 17:18:11.732 D/CompatibilityInfo( 1196): mCompatibilityFlags - 4
11-19 17:18:11.732 D/CompatibilityInfo( 1196): applicationDensity - 320
11-19 17:18:11.732 D/CompatibilityInfo( 1196): applicationScale - 1.0
11-19 17:18:11.734 V/LigerRadioStatsReporter( 5353): totalWakeupCount=0
11-19 17:18:11.734 V/LigerRadioStatsReporter( 5353): httpUpBytes=0
11-19 17:18:11.734 V/LigerRadioStatsReporter( 5353): httpDownBytes=0
11-19 17:18:11.734 V/LigerRadioStatsReporter( 5353): httpWakeupCount=0
11-19 17:18:11.734 V/LigerRadioStatsReporter( 5353): httpRequestCount=0
11-19 17:18:11.734 V/LigerRadioStatsReporter( 5353): httpActiveRadioTimeMs=0
11-19 17:18:11.734 V/LigerRadioStatsReporter( 5353): httpTailRadioTimeMs=13998
11-19 17:18:11.734 V/LigerRadioStatsReporter( 5353): reportAndCheckpointRadioStats: Tx=0
11-19 17:18:11.735 V/LigerRadioStatsReporter( 5353): reportAndCheckpointRadioStats: Rx=0
11-19 17:18:11.735 V/LigerRadioStatsReporter( 5353): reportAndCheckpointRadioStats: Uids=10068
11-19 17:18:11.735 V/LigerRadioStatsReporter( 5353): reportAndCheckpointRadioStats: Tags=null
11-19 17:18:11.739 V/LigerRadioStatsReporter( 5353): onCapabilitiesChanged: Network capabilities changed
11-19 17:18:11.740 D/NetworkManager( 5353): ConnectivityManager.NetworkCallback#onCapabilitiesChanged()
11-19 17:18:11.740 D/NetworkManager( 5353): connected: true
11-19 17:18:11.839 D/CompatibilityInfo( 1196): mCompatibilityFlags - 4
11-19 17:18:11.839 D/CompatibilityInfo( 1196): applicationDensity - 320
11-19 17:18:11.839 D/CompatibilityInfo( 1196): applicationScale - 1.0
11-19 17:18:11.871 E/SelfCareDataCloudSyncWorker( 2334): Failed to get access token
11-19 17:18:11.871 E/SelfCareDataCloudSyncWorker( 2334): kotlinx.coroutines.JobCancellationException: Job was cancelled; job=JobImpl{Cancelling}@b5684cc
11-19 17:18:11.872 I/WM-WorkerWrapper( 2334): Work [ id=cf79165d-7ab0-4916-9c30-d911d399386b, tags={ com.facebook.wearable.system.selfcare.cloudsync.SelfCareDataCloudSyncWorker } ] was cancelled
11-19 17:18:11.872 I/WM-WorkerWrapper( 2334): java.util.concurrent.CancellationException: Task was cancelled.
11-19 17:18:11.872 I/WM-WorkerWrapper( 2334): 	at androidx.work.impl.utils.futures.AbstractFuture.getDoneValue(:32)
11-19 17:18:11.872 I/WM-WorkerWrapper( 2334): 	at androidx.work.impl.utils.futures.AbstractFuture.get(:268435546)
11-19 17:18:11.872 I/WM-WorkerWrapper( 2334): 	at androidx.work.impl.WorkerWrapper$2.run(:3)
11-19 17:18:11.872 I/WM-WorkerWrapper( 2334): 	at androidx.work.impl.utils.SerialExecutor$Task.run(:2)
11-19 17:18:11.872 I/WM-WorkerWrapper( 2334): 	at java.util.concurrent.ThreadPoolExecutor.runWorker(ThreadPoolExecutor.java:1167)
11-19 17:18:11.872 I/WM-WorkerWrapper( 2334): 	at java.util.concurrent.ThreadPoolExecutor$Worker.run(ThreadPoolExecutor.java:641)
11-19 17:18:11.872 I/WM-WorkerWrapper( 2334): 	at java.lang.Thread.run(Thread.java:923)
11-19 17:18:12.060 D/SettingsSDK::SyncHelper( 2334): Read setting com.facebook.wearable.sdk.selfcare:SELFCARE_SERVICE_ENABLED from persistent cache
11-19 17:18:12.061 D/FacebookRepository( 2334): Reading from Store [906581286488774]
