11-20 20:13:21.516 E/ANDR-PERF-RESOURCEQS(  557): Failed to reset optimization [1, 2]
11-20 20:13:21.516 E/ANDR-PERF-OPTSHANDLER(  557): Perflock resource /proc/sys/kernel/sched_group_upmigrate not supported
11-20 20:13:21.516 E/ANDR-PERF-RESOURCEQS(  557): Failed to reset optimization [3, 21]
11-20 20:13:21.516 E/ANDR-PERF-OPTSHANDLER(  557): Perflock resource /proc/sys/kernel/sched_group_downmigrate not supported
11-20 20:13:21.516 E/ANDR-PERF-RESOURCEQS(  557): Failed to reset optimization [3, 22]
11-20 20:13:21.550 W/StatusBarClientConnection(25374): Messenger is null, ignoring message: { when=-1d4h25m45s711ms barrier=1 }
11-20 20:13:21.575 E/StatusBarClientConnection(25374): Service connected
11-20 20:13:21.617 W/View    (25374): requestLayout() improperly called by android.view.View{807c2c7 V.ED..... ......I. 0,368-474,474} during layout: running second layout pass
11-20 20:13:21.630 W/View    (25374): requestLayout() improperly called by com.facebook.wearable.common.wds.listview.WdsListView{c11a8f5 V.E..V... ........ 0,0-474,474} during second layout pass: posting in next frame
11-20 20:13:22.190 D/commandrouter( 1117): rtc_sync (1, rtc:sync): <ServiceRequest> FORWARDED (remote -> local) service client ID = 0, token ID = 42998
11-20 20:13:22.190 D/vendor.facebook.rtc_sync@1.0-service( 1129): Request req_ts=1637439202192922844 resp_ts=1637439202190387841
11-20 20:13:22.190 D/commandrouter( 1117): SocServiceHandle::onServiceMessage, SoC Service = rtc_sync, appType = 1, type = SVC_RESP, clientId = 0, token = 42998, payloadLen = 8, result = 0, payload.size() = 8
11-20 20:13:22.321 E/ANDR-PERF-OPTSHANDLER(  557): perf_lock_rel: failed for /proc/sys/vm/swap_ratio as previous value is not stored
11-20 20:13:22.321 E/ANDR-PERF-OPTSHANDLER(  557): perf_lock_rel: failed for /sys/class/kgsl/kgsl-3d0/min_pwrlevel as previous value is not stored
11-20 20:13:22.323 E/ANDR-PERF-RESOURCEQS(  557): Failed to reset optimization [3, 0]
11-20 20:13:22.523 D/CompatibilityInfo( 1194): mCompatibilityFlags - 4
11-20 20:13:22.523 D/CompatibilityInfo( 1194): applicationDensity - 320
11-20 20:13:22.523 D/CompatibilityInfo( 1194): applicationScale - 1.0
11-20 20:13:22.860 D/CompatibilityInfo( 1194): mCompatibilityFlags - 4
11-20 20:13:22.860 D/CompatibilityInfo( 1194): applicationDensity - 320
11-20 20:13:22.860 D/CompatibilityInfo( 1194): applicationScale - 1.0
11-20 20:13:22.923 I/chatty  ( 2351): uid=10060(com.facebook.wearable.system.selfcare) MainTP_859 expire 4 lines
11-20 20:13:22.923 I/chatty  ( 2351): uid=10060(com.facebook.wearable.system.selfcare) DefaultDispatch expire 1 line
11-20 20:13:23.107 I/chatty  ( 2351): uid=10060(com.facebook.wearable.system.selfcare) DefaultDispatch expire 14 lines
11-20 20:13:23.191 D/CompatibilityInfo( 1194): mCompatibilityFlags - 4
11-20 20:13:23.191 D/CompatibilityInfo( 1194): applicationDensity - 320
11-20 20:13:23.191 D/CompatibilityInfo( 1194): applicationScale - 1.0
11-20 20:13:23.253 I/chatty  ( 2351): uid=10060(com.facebook.wearable.system.selfcare) pool-3-thread-1 expire 3 lines
11-20 20:13:23.254 I/chatty  ( 2351): uid=10060(com.facebook.wearable.system.selfcare) MainTP_855 expire 3 lines
11-20 20:13:23.298 E/TaskPersister( 1194): File error accessing recents directory (directory doesn't exist?).
11-20 20:13:23.510 D/CompatibilityInfo( 1194): mCompatibilityFlags - 4
11-20 20:13:23.510 D/CompatibilityInfo( 1194): applicationDensity - 320
11-20 20:13:23.510 D/CompatibilityInfo( 1194): applicationScale - 1.0
11-20 20:13:23.559 I/chatty  ( 2351): uid=10060(com.facebook.wearable.system.selfcare) MainTP_857 expire 3 lines
11-20 20:13:23.560 I/chatty  ( 2351): uid=10060(com.facebook.wearable.system.selfcare) pool-3-thread-2 expire 6 lines
11-20 20:13:23.811 D/CompatibilityInfo( 1194): mCompatibilityFlags - 4
11-20 20:13:23.811 D/CompatibilityInfo( 1194): applicationDensity - 320
11-20 20:13:23.812 D/CompatibilityInfo( 1194): applicationScale - 1.0
11-20 20:13:23.880 I/chatty  ( 2351): uid=10060(com.facebook.wearable.system.selfcare) MainTP_847 expire 4 lines
11-20 20:13:24.087 I/chatty  ( 2351): uid=10060(com.facebook.wearable.system.selfcare) pool-3-thread-3 expire 4 lines
11-20 20:13:24.181 D/CompatibilityInfo( 1194): mCompatibilityFlags - 4
11-20 20:13:24.181 D/CompatibilityInfo( 1194): applicationDensity - 320
11-20 20:13:24.181 D/CompatibilityInfo( 1194): applicationScale - 1.0
11-20 20:13:24.508 D/CompatibilityInfo( 1194): mCompatibilityFlags - 4
11-20 20:13:24.508 D/CompatibilityInfo( 1194): applicationDensity - 320
11-20 20:13:24.508 D/CompatibilityInfo( 1194): applicationScale - 1.0
11-20 20:13:24.591 D/UIAutomatorStub(26720): URI: /jsonrpc/0, Method: POST, Header: {content-length=183, remote-addr=127.0.0.1, http-client-ip=127.0.0.1, host=localhost:9010, content-type=application/json, accept-encoding=identity}, params, {NanoHttpd.QUERY_STRING=null}, files: {postData={"jsonrpc": "2.0", "method": "waitForExists", "id": "9ee91f1f755b8c8658ac6659d2527ab0", "params": [{"mask": 1, "childOrSibling": [], "childOrSiblingSelector": [], "text": "WiFi"}, 5]}}
11-20 20:13:24.615 D/UIAutomatorStub(26720): URI: /jsonrpc/0, Method: POST, Header: {content-length=172, remote-addr=127.0.0.1, http-client-ip=127.0.0.1, host=localhost:9010, content-type=application/json, accept-encoding=identity}, params, {NanoHttpd.QUERY_STRING=null}, files: {postData={"jsonrpc": "2.0", "method": "click", "id": "60ed218407a3182c5f20899e2da0d835", "params": [{"mask": 1, "childOrSibling": [], "childOrSiblingSelector": [], "text": "WiFi"}]}}
11-20 20:13:24.667 W/HWComposer(  577): Ignoring duplicate VSYNC event from HWC for display 0 (t=102348827991737)
11-20 20:13:24.694 W/StatusBarClientConnection(25374): Messenger is null, ignoring message: { when=-1d4h25m48s855ms barrier=1 }
11-20 20:13:24.721 D/CompatibilityInfo( 1194): mCompatibilityFlags - 4
11-20 20:13:24.722 D/CompatibilityInfo( 1194): applicationDensity - 320
11-20 20:13:24.722 D/CompatibilityInfo( 1194): applicationScale - 1.0
11-20 20:13:24.728 E/StatusBarClientConnection(25374): Service connected
11-20 20:13:24.738 D/WifiConnector( 2841): Network State Changed
11-20 20:13:24.747 W/View    (25374): requestLayout() improperly called by android.view.View{4b33d4e V.ED..... ......I. 0,368-474,474} during layout: running second layout pass
11-20 20:13:24.757 D/WifiSharingService( 2841): Starting Wi-Fi scan
11-20 20:13:24.758 I/WifiService( 1194): startScan uid=1000
11-20 20:13:24.762 W/View    (25374): requestLayout() improperly called by com.facebook.wearable.common.wds.listview.WdsListView{cf6fba2 V.E..V... ........ 0,0-474,474} during second layout pass: posting in next frame
11-20 20:13:24.772 D/WifiNative( 1194): Scan trigered from WifiNative
11-20 20:13:24.775 I/chatty  ( 1024): uid=1021(gps) lowi-server expire 75 lines
11-20 20:13:24.776 V/WifiHAL (  539): event received NL80211_CMD_TRIGGER_SCAN
11-20 20:13:24.852 D/CompatibilityInfo( 1194): mCompatibilityFlags - 4
11-20 20:13:24.852 D/CompatibilityInfo( 1194): applicationDensity - 320
11-20 20:13:24.852 D/CompatibilityInfo( 1194): applicationScale - 1.0
11-20 20:13:25.165 D/CompatibilityInfo( 1194): mCompatibilityFlags - 4
11-20 20:13:25.165 D/CompatibilityInfo( 1194): applicationDensity - 320
11-20 20:13:25.165 D/CompatibilityInfo( 1194): applicationScale - 1.0
11-20 20:13:25.235 I/chatty  ( 2351): uid=10060(com.facebook.wearable.system.selfcare) MainTP_857 expire 1 line
11-20 20:13:25.323 D/WifiNl80211Manager( 1194): Scan result ready event
11-20 20:13:25.323 D/WifiNative( 1194): Scan result ready event
11-20 20:13:25.331 V/WifiHAL (  539): event received NL80211_CMD_NEW_SCAN_RESULTS
11-20 20:13:25.334 D/LOWI-9.0.0.80( 1024): [LOWI-Scan] BSS 2c:57:41:86:90:a1 (wlan0) ASSO: NO AddInfo: 0x0, TSF 1, 04:25:49.482, RSSI: -142, CPL: 2, AGE: 0,  SSID kittyhawk, TSFDelta: 0x0, TXRate: 0
11-20 20:13:25.334 D/LOWI-9.0.0.80( 1024): [LOWI-Scan] 
11-20 20:13:25.335 D/LOWI-9.0.0.80( 1024): [LOWI-Scan] print_bss_handler: Report Probe TSF 102349482869 as it greater than Beacon TSF 101697472143
11-20 20:13:25.335 I/LOWI-9.0.0.80( 1024): [LOWI-Scan] RSN_IE
11-20 20:13:25.335 D/LOWI-9.0.0.80( 1024): [LOWI-Scan] decode_rsn_wpa_ie: Entered
11-20 20:13:25.335 D/LOWI-9.0.0.80( 1024): [LOWIUtils] hexDump: msg(30 14 01 00 00 0f ac 04 01 00 00 0f ac 04 01 00 00 0f ac 02 )
11-20 20:13:25.335 D/LOWI-9.0.0.80( 1024): [LOWI-Scan] decode_rsn_wpa_ie: LOWI_ENCRYPTION_TYPE_WPA_PSK
11-20 20:13:25.335 D/LOWI-9.0.0.80( 1024): [LOWI-Scan] is_qcom_ie, bss_age: 46
11-20 20:13:25.335 D/LOWI-9.0.0.80( 1024): [LOWI-Scan] BSS 2c:57:41:88:72:e1 LOWI_PHY_MODE_11NG_HT20(5), Beacon Interval: 100, LOWI_ENCRYPTION_TYPE_WPA_PSK 11mcRanging: No, ANQP: No, LCI: No, Civic: No, capability(0x1411): ESS Privacy ShortSlotTime
11-20 20:13:25.335 D/LOWI-9.0.0.80( 1024): [LOWI-Scan] BSS 2c:57:41:88:72:e1 FREQ: 2412, cFreq1[40:80:160] = [0:0:0] cFreq2 = 0 Country Code = US
11-20 20:13:25.335 D/LOWI-9.0.0.80( 1024): [LOWI-Scan] BSS 2c:57:41:88:72:e1 (wlan0) ASSO: NO AddInfo: 0x0, TSF 1, 04:25:49.482, RSSI: -146, CPL: 3, AGE: 0,  SSID kittyhawk, TSFDelta: 0x0, TXRate: 0
11-20 20:13:25.336 D/LOWI-9.0.0.80( 1024): [LOWI-Scan] 
11-20 20:13:25.336 D/LOWI-9.0.0.80( 1024): [LOWI-Scan] print_bss_handler: Report Probe TSF 102349482666 as it greater than Beacon TSF 102271210706
11-20 20:13:25.336 I/LOWI-9.0.0.80( 1024): [LOWI-Scan] RSN_IE
11-20 20:13:25.336 D/LOWI-9.0.0.80( 1024): [LOWI-Scan] decode_rsn_wpa_ie: Entered
11-20 20:13:25.336 D/LOWI-9.0.0.80( 1024): [LOWIUtils] hexDump: msg(30 14 01 00 00 0f ac 04 01 00 00 0f ac 04 01 00 00 0f ac 02 )
11-20 20:13:25.336 D/LOWI-9.0.0.80( 1024): [LOWI-Scan] decode_rsn_wpa_ie: LOWI_ENCRYPTION_TYPE_WPA_PSK
11-20 20:13:25.336 D/LOWI-9.0.0.80( 1024): [LOWI-Scan] is_qcom_ie, bss_age: 25
11-20 20:13:25.336 D/LOWI-9.0.0.80( 1024): [LOWI-Scan] BSS ce:dc:12:3b:87:fd LOWI_PHY_MODE_11AC_VHT20_2G(11), Beacon Interval: 100, LOWI_ENCRYPTION_TYPE_WPA_PSK 11mcRanging: No, ANQP: Yes, LCI: No, Civic: No, capability(0x1431): ESS Privacy ShortPreamble ShortSlotTime
11-20 20:13:25.336 D/LOWI-9.0.0.80( 1024): [LOWI-Scan] BSS ce:dc:12:3b:87:fd FREQ: 2437, cFreq1[40:80:160] = [0:0:0] cFreq2 = 0 Country Code =    
11-20 20:13:25.336 D/LOWI-9.0.0.80( 1024): [LOWI-Scan] BSS ce:dc:12:3b:87:fd (wlan0) ASSO: NO AddInfo: 0x0, TSF 1, 04:25:49.482, RSSI: -106, CPL: 127, AGE: 0,  SSID Pixel5_R1, TSFDelta: 0x0, TXRate: 0
11-20 20:13:25.337 D/LOWI-9.0.0.80( 1024): [LOWI-Scan] 
11-20 20:13:25.337 D/LOWI-9.0.0.80( 1024): [LOWI-Scan] print_bss_handler: Report Probe TSF 102349482803 as it greater than Beacon TSF 102000509916
11-20 20:13:25.337 I/LOWI-9.0.0.80( 1024): [LOWI-Scan] RSN_IE
11-20 20:13:25.337 D/LOWI-9.0.0.80( 1024): [LOWI-Scan] decode_rsn_wpa_ie: Entered
11-20 20:13:25.337 D/LOWI-9.0.0.80( 1024): [LOWIUtils] hexDump: msg(30 14 01 00 00 0f ac 04 01 00 00 0f ac 04 01 00 00 0f ac 02 )
11-20 20:13:25.337 D/LOWI-9.0.0.80( 1024): [LOWI-Scan] decode_rsn_wpa_ie: LOWI_ENCRYPTION_TYPE_WPA_PSK
11-20 20:13:25.337 D/LOWI-9.0.0.80( 1024): [LOWI-Scan] is_qcom_ie, bss_age: 46
11-20 20:13:25.337 D/LOWI-9.0.0.80( 1024): [LOWI-Scan] BSS 2c:57:41:86:8a:a1 LOWI_PHY_MODE_11NG_HT20(5), Beacon Interval: 100, LOWI_ENCRYPTION_TYPE_WPA_PSK 11mcRanging: No, ANQP: No, LCI: No, Civic: No, capability(0x1411): ESS Privacy ShortSlotTime
11-20 20:13:25.337 D/LOWI-9.0.0.80( 1024): [LOWI-Scan] BSS 2c:57:41:86:8a:a1 FREQ: 2412, cFreq1[40:80:160] = [0:0:0] cFreq2 = 0 Country Code = US
11-20 20:13:25.338 D/LOWI-9.0.0.80( 1024): [LOWI-Scan] BSS 2c:57:41:86:8a:a1 (wlan0) ASSO: NO AddInfo: 0x0, TSF 1, 04:25:49.482, RSSI: -130, CPL: 3, AGE: 0,  SSID kittyhawk, TSFDelta: 0x0, TXRate: 0
11-20 20:13:25.338 D/LOWI-9.0.0.80( 1024): [LOWI-Scan] 
11-20 20:13:25.338 D/LOWI-9.0.0.80( 1024): [LOWI-Scan] print_bss_handler: Report Probe TSF 102349482701 as it greater than Beacon TSF 102271210733
11-20 20:13:25.338 I/LOWI-9.0.0.80( 1024): [LOWI-Scan] RSN_IE
11-20 20:13:25.338 D/LOWI-9.0.0.80( 1024): [LOWI-Scan] decode_rsn_wpa_ie: Entered
11-20 20:13:25.339 D/LOWI-9.0.0.80( 1024): [LOWIUtils] hexDump: msg(30 14 01 00 00 0f ac 04 01 00 00 0f ac 04 01 00 00 0f ac 02 )
11-20 20:13:25.339 D/LOWI-9.0.0.80( 1024): [LOWI-Scan] decode_rsn_wpa_ie: LOWI_ENCRYPTION_TYPE_WPA_PSK
11-20 20:13:25.339 D/LOWI-9.0.0.80( 1024): [LOWI-Scan] is_qcom_ie, bss_age: 14
11-20 20:13:25.339 D/LOWI-9.0.0.80( 1024): [LOWI-Scan] BSS fe:2d:5a:49:61:eb LOWI_PHY_MODE_11AC_VHT20_2G(11), Beacon Interval: 100, LOWI_ENCRYPTION_TYPE_WPA_PSK 11mcRanging: No, ANQP: Yes, LCI: No, Civic: No, capability(0x1431): ESS Privacy ShortPreamble ShortSlotTime
11-20 20:13:25.339 D/LOWI-9.0.0.80( 1024): [LOWI-Scan] BSS fe:2d:5a:49:61:eb FREQ: 2452, cFreq1[40:80:160] = [0:0:0] cFreq2 = 0 Country Code =    
11-20 20:13:25.339 D/LOWI-9.0.0.80( 1024): [LOWI-Scan] BSS fe:2d:5a:49:61:eb (wlan0) ASSO: NO AddInfo: 0x0, TSF 1, 04:25:49.482, RSSI: -110, CPL: 127, AGE: 0,  SSID Pixel_R2, TSFDelta: 0x0, TXRate: 0
11-20 20:13:25.340 D/LOWI-9.0.0.80( 1024): [LOWI-Scan] 
11-20 20:13:25.340 D/LOWI-9.0.0.80( 1024): [LOWI-Scan] print_bss_handler: Report Probe TSF 102349482719 as it greater than Beacon TSF 102250492206
11-20 20:13:25.340 I/LOWI-9.0.0.80( 1024): [LOWI-Scan] RSN_IE
11-20 20:13:25.340 D/LOWI-9.0.0.80( 1024): [LOWI-Scan] decode_rsn_wpa_ie: Entered
11-20 20:13:25.340 D/LOWI-9.0.0.80( 1024): [LOWIUtils] hexDump: msg(30 14 01 00 00 0f ac 04 01 00 00 0f ac 04 01 00 00 0f ac 02 )
11-20 20:13:25.340 D/LOWI-9.0.0.80( 1024): [LOWI-Scan] decode_rsn_wpa_ie: LOWI_ENCRYPTION_TYPE_WPA_PSK
11-20 20:13:25.340 D/LOWI-9.0.0.80( 1024): [LOWI-Scan] is_qcom_ie, bss_age: 41
11-20 20:13:25.340 D/LOWI-9.0.0.80( 1024): [LOWI-Scan] BSS 52:b8:14:37:74:3f LOWI_PHY_MODE_11AC_VHT20_2G(11), Beacon Interval: 100, LOWI_ENCRYPTION_TYPE_WPA_PSK 11mcRanging: No, ANQP: No, LCI: No, Civic: No, capability(0x1431): ESS Privacy ShortPreamble ShortSlotTime
11-20 20:13:25.340 D/LOWI-9.0.0.80( 1024): [LOWI-Scan] BSS 52:b8:14:37:74:3f FREQ: 2417, cFreq1[40:80:160] = [0:0:0] cFreq2 = 0 Country Code =    
11-20 20:13:25.340 D/LOWI-9.0.0.80( 1024): [LOWI-Scan] BSS 52:b8:14:37:74:3f (wlan0) ASSO: NO AddInfo: 0x0, TSF 1, 04:25:49.482, RSSI: -106, CPL: 127, AGE: 0,  SSID Pixel_8668, TSFDelta: 0x0, TXRate: 0
11-20 20:13:25.340 D/LOWI-9.0.0.80( 1024): [LOWI-Scan] 
11-20 20:13:25.340 D/LOWI-9.0.0.80( 1024): [LOWI-Scan] print_bss_handler: Report Probe TSF 102349482986 as it greater than Beacon TSF 101798480496
11-20 20:13:25.340 I/LOWI-9.0.0.80( 1024): [LOWI-Scan] RSN_IE
11-20 20:13:25.341 D/LOWI-9.0.0.80( 1024): [LOWI-Scan] decode_rsn_wpa_ie: Entered
11-20 20:13:25.341 D/LOWI-9.0.0.80( 1024): [LOWIUtils] hexDump: msg(30 14 01 00 00 0f ac 04 01 00 00 0f ac 04 01 00 00 0f ac 02 )
11-20 20:13:25.341 D/LOWI-9.0.0.80( 1024): [LOWI-Scan] decode_rsn_wpa_ie: LOWI_ENCRYPTION_TYPE_WPA_PSK
11-20 20:13:25.341 D/LOWI-9.0.0.80( 1024): [LOWI-Scan] is_qcom_ie, bss_age: 46
11-20 20:13:25.341 D/LOWI-9.0.0.80( 1024): [LOWI-Scan] BSS 2c:57:41:86:7a:61 LOWI_PHY_MODE_11NG_HT20(5), Beacon Interval: 100, LOWI_ENCRYPTION_TYPE_WPA_PSK 11mcRanging: No, ANQP: No, LCI: No, Civic: No, capability(0x1411): ESS Privacy ShortSlotTime
11-20 20:13:25.341 D/LOWI-9.0.0.80( 1024): [LOWI-Scan] BSS 2c:57:41:86:7a:61 FREQ: 2412, cFreq1[40:80:160] = [0:0:0] cFreq2 = 0 Country Code = US
11-20 20:13:25.341 D/LOWI-9.0.0.80( 1024): [LOWI-Scan] BSS 2c:57:41:86:7a:61 (wlan0) ASSO: NO AddInfo: 0x0, TSF 1, 04:25:49.482, RSSI: -154, CPL: 3, AGE: 0,  SSID kittyhawk, TSFDelta: 0x0, TXRate: 0
11-20 20:13:25.341 D/LOWI-9.0.0.80( 1024): [LOWI-Scan] 
11-20 20:13:25.341 D/LOWI-9.0.0.80( 1024): [LOWI-Scan] print_bss_handler: Report Probe TSF 102349482782 as it greater than Beacon TSF 102071263049
11-20 20:13:25.341 I/LOWI-9.0.0.80( 1024): [LOWI-Scan] RSN_IE
11-20 20:13:25.341 D/LOWI-9.0.0.80( 1024): [LOWI-Scan] decode_rsn_wpa_ie: Entered
11-20 20:13:25.341 D/LOWI-9.0.0.80( 1024): [LOWIUtils] hexDump: msg(30 14 01 00 00 0f ac 04 01 00 00 0f ac 04 01 00 00 0f ac 02 )
11-20 20:13:25.341 D/LOWI-9.0.0.80( 1024): [LOWI-Scan] decode_rsn_wpa_ie: LOWI_ENCRYPTION_TYPE_WPA_PSK
11-20 20:13:25.341 D/LOWI-9.0.0.80( 1024): [LOWI-Scan] is_qcom_ie, bss_age: 46
11-20 20:13:25.342 D/LOWI-9.0.0.80( 1024): [LOWI-Scan] BSS be:9e:0e:1c:6e:7f LOWI_PHY_MODE_11AC_VHT20_2G(11), Beacon Interval: 100, LOWI_ENCRYPTION_TYPE_WPA_PSK 11mcRanging: No, ANQP: No, LCI: No, Civic: No, capability(0x1431): ESS Privacy ShortPreamble ShortSlotTime
11-20 20:13:25.342 D/LOWI-9.0.0.80( 1024): [LOWI-Scan] BSS be:9e:0e:1c:6e:7f FREQ: 2412, cFreq1[40:80:160] = [0:0:0] cFreq2 = 0 Country Code =    
11-20 20:13:25.342 D/LOWI-9.0.0.80( 1024): [LOWI-Scan] BSS be:9e:0e:1c:6e:7f (wlan0) ASSO: NO AddInfo: 0x0, TSF 1, 04:25:49.482, RSSI: -120, CPL: 127, AGE: 0,  SSID Pixel_3541, TSFDelta: 0x0, TXRate: 0
11-20 20:13:25.342 D/LOWI-9.0.0.80( 1024): [LOWI-Scan] 
11-20 20:13:25.342 D/LOWI-9.0.0.80( 1024): [LOWI-Scan] print_bss_handler: Report Probe TSF 102349482826 as it greater than Beacon TSF 102148640822
11-20 20:13:25.342 I/LOWI-9.0.0.80( 1024): [LOWI-Scan] RSN_IE
11-20 20:13:25.342 D/LOWI-9.0.0.80( 1024): [LOWI-Scan] decode_rsn_wpa_ie: Entered
11-20 20:13:25.342 D/LOWI-9.0.0.80( 1024): [LOWIUtils] hexDump: msg(30 14 01 00 00 0f ac 04 01 00 00 0f ac 04 01 00 00 0f ac 02 )
11-20 20:13:25.342 D/LOWI-9.0.0.80( 1024): [LOWI-Scan] decode_rsn_wpa_ie: LOWI_ENCRYPTION_TYPE_WPA_PSK
11-20 20:13:25.342 D/LOWI-9.0.0.80( 1024): [LOWI-Scan] is_qcom_ie, bss_age: 47
11-20 20:13:25.342 D/LOWI-9.0.0.80( 1024): [LOWI-Scan] BSS 18:64:72:60:2b:40 LOWI_PHY_MODE_11NG_HT20(5), Beacon Interval: 100, LOWI_ENCRYPTION_TYPE_WPA_PSK 11mcRanging: No, ANQP: No, LCI: No, Civic: No, capability(0x0431): ESS Privacy ShortPreamble ShortSlotTime
11-20 20:13:25.342 D/LOWI-9.0.0.80( 1024): [LOWI-Scan] BSS 18:64:72:60:2b:40 FREQ: 2412, cFreq1[40:80:160] = [0:0:0] cFreq2 = 0 Country Code =    
11-20 20:13:25.342 D/LOWI-9.0.0.80( 1024): [LOWI-Scan] BSS 18:64:72:60:2b:40 (wlan0) ASSO: NO AddInfo: 0x0, TSF 1, 04:25:49.482, RSSI: -140, CPL: 127, AGE: 0,  SSID lab-t24103779, TSFDelta: 0x0, TXRate: 0
11-20 20:13:25.343 D/PasspointManager( 1194): ANQP entry not found for: c6:82:9b:4e:b3:9e:<Pixel_R6>
11-20 20:13:25.343 D/LOWI-9.0.0.80( 1024): [LOWI-Scan] 
11-20 20:13:25.343 D/PasspointManager( 1194): ANQP entry not found for: 5e:6e:be:46:77:d7:<Pixel_R3>
11-20 20:13:25.343 D/LOWI-9.0.0.80( 1024): [LOWI-Scan] print_bss_handler: Report Probe TSF 102349483029 as it greater than Beacon TSF 0
11-20 20:13:25.343 I/LOWI-9.0.0.80( 1024): [LOWI-Scan] RSN_IE
11-20 20:13:25.343 D/LOWI-9.0.0.80( 1024): [LOWI-Scan] decode_rsn_wpa_ie: Entered
11-20 20:13:25.343 D/LOWI-9.0.0.80( 1024): [LOWIUtils] hexDump: msg(30 14 01 00 00 0f ac 04 01 00 00 0f ac 04 01 00 00 0f ac 02 )
11-20 20:13:25.343 D/PasspointManager( 1194): ANQP entry not found for: 12:d7:96:61:85:9f:<Pixel_R5>
11-20 20:13:25.343 D/LOWI-9.0.0.80( 1024): [LOWI-Scan] decode_rsn_wpa_ie: LOWI_ENCRYPTION_TYPE_WPA_PSK
11-20 20:13:25.343 D/LOWI-9.0.0.80( 1024): [LOWI-Scan] is_qcom_ie, bss_age: 47
11-20 20:13:25.343 D/LOWI-9.0.0.80( 1024): [LOWI-Scan] BSS 2c:57:41:89:53:21 LOWI_PHY_MODE_11NG_HT20(5), Beacon Interval: 100, LOWI_ENCRYPTION_TYPE_WPA_PSK 11mcRanging: No, ANQP: No, LCI: No, Civic: No, capability(0x1411): ESS Privacy ShortSlotTime
11-20 20:13:25.343 D/LOWI-9.0.0.80( 1024): [LOWI-Scan] BSS 2c:57:41:89:53:21 FREQ: 2412, cFreq1[40:80:160] = [0:0:0] cFreq2 = 0 Country Code = US
11-20 20:13:25.343 D/PasspointManager( 1194): ANQP entry not found for: ce:dc:12:3b:87:fd:<Pixel5_R1>
11-20 20:13:25.343 D/LOWI-9.0.0.80( 1024): [LOWI-Scan] BSS 2c:57:41:89:53:21 (wlan0) ASSO: NO AddInfo: 0x0, TSF 1, 04:25:49.483, RSSI: -162, CPL: 3, AGE: 0,  SSID kittyhawk, TSFDelta: 0x0, TXRate: 0
11-20 20:13:25.344 D/PasspointManager( 1194): ANQP entry not found for: fe:2d:5a:49:61:eb:<Pixel_R2>
11-20 20:13:25.344 D/LOWI-9.0.0.80( 1024): [LOWI-Scan] 
11-20 20:13:25.344 D/LOWI-9.0.0.80( 1024): [LOWI-Scan] print_bss_handler: Report Probe TSF 102349483007 as it greater than Beacon TSF 102321221999
11-20 20:13:25.344 I/LOWI-9.0.0.80( 1024): [LOWI-Scan] RSN_IE
11-20 20:13:25.344 D/LOWI-9.0.0.80( 1024): [LOWI-Scan] decode_rsn_wpa_ie: Entered
11-20 20:13:25.344 D/LOWI-9.0.0.80( 1024): [LOWIUtils] hexDump: msg(30 14 01 00 00 0f ac 04 01 00 00 0f ac 04 01 00 00 0f ac 02 )
11-20 20:13:25.344 D/LOWI-9.0.0.80( 1024): [LOWI-Scan] decode_rsn_wpa_ie: LOWI_ENCRYPTION_TYPE_WPA_PSK
11-20 20:13:25.344 D/LOWI-9.0.0.80( 1024): [LOWI-Scan] is_qcom_ie, bss_age: 4
11-20 20:13:25.344 D/LOWI-9.0.0.80( 1024): [LOWI-Scan] BSS 2c:57:41:86:85:21 LOWI_PHY_MODE_11NG_HT20(5), Beacon Interval: 100, LOWI_ENCRYPTION_TYPE_WPA_PSK 11mcRanging: No, ANQP: No, LCI: No, Civic: No, capability(0x1411): ESS Privacy ShortSlotTime
11-20 20:13:25.344 D/LOWI-9.0.0.80( 1024): [LOWI-Scan] BSS 2c:57:41:86:85:21 FREQ: 2462, cFreq1[40:80:160] = [0:0:0] cFreq2 = 0 Country Code = US
11-20 20:13:25.344 D/LOWI-9.0.0.80( 1024): [LOWI-Scan] BSS 2c:57:41:86:85:21 (wlan0) ASSO: NO AddInfo: 0x0, TSF 1, 04:25:49.483, RSSI: -162, CPL: 2, AGE: 0,  SSID kittyhawk, TSFDelta: 0x0, TXRate: 0
11-20 20:13:25.345 D/LOWI-9.0.0.80( 1024): [LOWI-Scan] 
11-20 20:13:25.345 D/LOWI-9.0.0.80( 1024): [LOWI-Scan] print_bss_handler: Report Probe TSF 102349483048 as it greater than Beacon TSF 0
11-20 20:13:25.345 I/LOWI-9.0.0.80( 1024): [LOWI-Scan] RSN_IE
11-20 20:13:25.345 D/LOWI-9.0.0.80( 1024): [LOWI-Scan] decode_rsn_wpa_ie: Entered
11-20 20:13:25.345 D/LOWI-9.0.0.80( 1024): [LOWIUtils] hexDump: msg(30 14 01 00 00 0f ac 04 01 00 00 0f ac 04 01 00 00 0f ac 02 )
11-20 20:13:25.345 D/LOWI-9.0.0.80( 1024): [LOWI-Scan] decode_rsn_wpa_ie: LOWI_ENCRYPTION_TYPE_WPA_PSK
11-20 20:13:25.345 D/LOWI-9.0.0.80( 1024): [LOWI-Scan] is_qcom_ie, bss_age: 46
11-20 20:13:25.345 D/LOWI-9.0.0.80( 1024): [LOWI-Scan] BSS 2c:57:41:89:62:a1 LOWI_PHY_MODE_11NG_HT20(5), Beacon Interval: 100, LOWI_ENCRYPTION_TYPE_WPA_PSK 11mcRanging: No, ANQP: No, LCI: No, Civic: No, capability(0x1411): ESS Privacy ShortSlotTime
11-20 20:13:25.345 D/LOWI-9.0.0.80( 1024): [LOWI-Scan] BSS 2c:57:41:89:62:a1 FREQ: 2412, cFreq1[40:80:160] = [0:0:0] cFreq2 = 0 Country Code = US
11-20 20:13:25.345 D/LOWI-9.0.0.80( 1024): [LOWI-Scan] BSS 2c:57:41:89:62:a1 (wlan0) ASSO: NO AddInfo: 0x0, TSF 1, 04:25:49.483, RSSI: -166, CPL: 3, AGE: 0,  SSID kittyhawk, TSFDelta: 0x0, TXRate: 0
11-20 20:13:25.346 D/LOWI-9.0.0.80( 1024): [LOWI-Scan] 
11-20 20:13:25.346 D/LOWI-9.0.0.80( 1024): [LOWI-Scan] print_bss_handler: Report Probe TSF 102349482912 as it greater than Beacon TSF 0
11-20 20:13:25.346 I/LOWI-9.0.0.80( 1024): [LOWI-Scan] RSN_IE
11-20 20:13:25.346 D/LOWI-9.0.0.80( 1024): [LOWI-Scan] decode_rsn_wpa_ie: Entered
11-20 20:13:25.346 D/LOWI-9.0.0.80( 1024): [LOWIUtils] hexDump: msg(30 14 01 00 00 0f ac 04 01 00 00 0f ac 04 01 00 00 0f ac 02 )
11-20 20:13:25.346 D/LOWI-9.0.0.80( 1024): [LOWI-Scan] decode_rsn_wpa_ie: LOWI_ENCRYPTION_TYPE_WPA_PSK
11-20 20:13:25.346 D/LOWI-9.0.0.80( 1024): [LOWI-Scan] is_qcom_ie, bss_age: 26
11-20 20:13:25.346 D/LOWI-9.0.0.80( 1024): [LOWI-Scan] BSS 2c:57:41:89:63:c1 LOWI_PHY_MODE_11NG_HT20(5), Beacon Interval: 100, LOWI_ENCRYPTION_TYPE_WPA_PSK 11mcRanging: No, ANQP: No, LCI: No, Civic: No, capability(0x1411): ESS Privacy ShortSlotTime
11-20 20:13:25.346 D/LOWI-9.0.0.80( 1024): [LOWI-Scan] BSS 2c:57:41:89:63:c1 FREQ: 2437, cFreq1[40:80:160] = [0:0:0] cFreq2 = 0 Country Code = US
11-20 20:13:25.346 D/LOWI-9.0.0.80( 1024): [LOWI-Scan] BSS 2c:57:41:89:63:c1 (wlan0) ASSO: NO AddInfo: 0x0, TSF 1, 04:25:49.482, RSSI: -156, CPL: 2, AGE: 0,  SSID kittyhawk, TSFDelta: 0x0, TXRate: 0
11-20 20:13:25.346 D/LOWI-9.0.0.80( 1024): [LOWI-Scan] 
11-20 20:13:25.347 D/LOWI-9.0.0.80( 1024): [LOWI-Scan] print_bss_handler: Report Probe TSF 102349482962 as it greater than Beacon TSF 0
11-20 20:13:25.347 I/LOWI-9.0.0.80( 1024): [LOWI-Scan] RSN_IE
11-20 20:13:25.347 D/LOWI-9.0.0.80( 1024): [LOWI-Scan] decode_rsn_wpa_ie: Entered
11-20 20:13:25.347 D/LOWI-9.0.0.80( 1024): [LOWIUtils] hexDump: msg(30 14 01 00 00 0f ac 04 01 00 00 0f ac 04 01 00 00 0f ac 02 )
11-20 20:13:25.347 D/LOWI-9.0.0.80( 1024): [LOWI-Scan] decode_rsn_wpa_ie: LOWI_ENCRYPTION_TYPE_WPA_PSK
11-20 20:13:25.347 D/LOWI-9.0.0.80( 1024): [LOWI-Scan] is_qcom_ie, bss_age: 4
11-20 20:13:25.347 D/LOWI-9.0.0.80( 1024): [LOWI-Scan] BSS 18:64:72:60:2e:e0 LOWI_PHY_MODE_11NG_HT20(5), Beacon Interval: 100, LOWI_ENCRYPTION_TYPE_WPA_PSK 11mcRanging: No, ANQP: No, LCI: No, Civic: No, capability(0x0431): ESS Privacy ShortPreamble ShortSlotTime
11-20 20:13:25.347 D/LOWI-9.0.0.80( 1024): [LOWI-Scan] BSS 18:64:72:60:2e:e0 FREQ: 2462, cFreq1[40:80:160] = [0:0:0] cFreq2 = 0 Country Code =    
11-20 20:13:25.347 D/LOWI-9.0.0.80( 1024): [LOWI-Scan] BSS 18:64:72:60:2e:e0 (wlan0) ASSO: NO AddInfo: 0x0, TSF 1, 04:25:49.482, RSSI: -158, CPL: 127, AGE: 0,  SSID lab-t24103779, TSFDelta: 0x0, TXRate: 0
11-20 20:13:25.347 D/LOWI-9.0.0.80( 1024): [LOWIDiagLog] Log: lowiMeasResult->request: invalid null argument
11-20 20:13:25.347 I/LOWI-9.0.0.80( 1024): [LOWI-Scan] lowi_close_record:Scan done in 102305728ms, 20 APs in scan results
11-20 20:13:25.347 D/LOWI-9.0.0.80( 1024): [LOWI-Scan] WipsScanUsingNL: passive scan cached 0, took 8768 ms, err 0
11-20 20:13:25.347 D/LOWI-9.0.0.80( 1024): [LOWI-Scan] lowi_proc_req_passive_scan_with_live_meas - No WLAN Frames to be parsed
11-20 20:13:25.347 D/LOWI-9.0.0.80( 1024): [LOWIScanResultReceiver] Send scan meas to listener
11-20 20:13:25.347 D/LOWI-9.0.0.80( 1024): [LOWIScanResultReceiver] Enter passive listening mode
11-20 20:13:25.347 D/LOWI-9.0.0.80( 1024): [LOWIWifiDriverInterface] getMeasurements - Passive listening mode
11-20 20:13:25.347 D/LOWI-9.0.0.80( 1024): [LOWI-Scan] WipsScanUsingNL:wait -1 sec for netlink message
11-20 20:13:25.348 D/LOWI-9.0.0.80( 1024): [LOWIEventReceiver] handleEvent:FROM:NA, TO:NA, REQ:NA, IREQ:NA, REQ_ID:0, RESP:NA, INFO:NA
11-20 20:13:25.348 D/LOWI-9.0.0.80( 1024): [LOWIBackgroundScanMgr] isRspForBgScanMgr: evt(LOWI_NO_EVT) - not handled
11-20 20:13:25.348 D/LOWI-9.0.0.80( 1024): [LOWIScheduler] manageMsg: NULL results or NULL request in results
11-20 20:13:25.348 D/LOWI-9.0.0.80( 1024): [LOWIController] Measurements received
11-20 20:13:25.348 D/LOWI-9.0.0.80( 1024): [LOWICacheManager] putInCache:Num of Meas to add: 20
11-20 20:13:25.349 D/LOWI-9.0.0.80( 1024): [LOWIController] processMeasurementResults: No current Request. Cache measurements
11-20 20:13:25.350 D/LOWI-9.0.0.80( 1024): [LOWIControllerExtn] sendLOWILpDiscoveryScanResponse: Not a discovery scan response
11-20 20:13:25.395 D/WifiSharingService( 2841): Sending scanResults intent with status code 0: PendingIntent{76d4d01: android.os.BinderProxy@9c53342}
11-20 20:13:25.401 D/CompatibilityInfo( 1194): mCompatibilityFlags - 4
11-20 20:13:25.401 D/CompatibilityInfo( 1194): applicationDensity - 320
11-20 20:13:25.401 D/CompatibilityInfo( 1194): applicationScale - 1.0
11-20 20:13:25.437 I/chatty  ( 2351): uid=10060(com.facebook.wearable.system.selfcare) DefaultDispatch expire 1 line
11-20 20:13:25.437 I/chatty  ( 2351): uid=10060(com.facebook.wearable.system.selfcare) pool-3-thread-2 expire 1 line
11-20 20:13:25.515 D/CompatibilityInfo( 1194): mCompatibilityFlags - 4
11-20 20:13:25.515 D/CompatibilityInfo( 1194): applicationDensity - 320
11-20 20:13:25.515 D/CompatibilityInfo( 1194): applicationScale - 1.0
11-20 20:13:25.573 E/StickerBundleDatabaseWorker( 2351): Failed to fetch sticker bundles:
11-20 20:13:25.573 E/StickerBundleDatabaseWorker( 2351): kotlinx.coroutines.JobCancellationException: Job was cancelled; job=JobImpl{Cancelling}@a1800d6
11-20 20:13:25.573 I/WM-WorkerWrapper( 2351): Work [ id=731e9e35-e8c2-49b1-b246-986e05f06ab6, tags={ com.facebook.wearable.system.selfcare.sharing.StickerBundleDatabaseWorker } ] was cancelled
11-20 20:13:25.573 I/WM-WorkerWrapper( 2351): java.util.concurrent.CancellationException: Task was cancelled.
11-20 20:13:25.573 I/WM-WorkerWrapper( 2351): 	at androidx.work.impl.utils.futures.AbstractFuture.getDoneValue(:32)
11-20 20:13:25.573 I/WM-WorkerWrapper( 2351): 	at androidx.work.impl.utils.futures.AbstractFuture.get(:268435546)
11-20 20:13:25.573 I/WM-WorkerWrapper( 2351): 	at androidx.work.impl.WorkerWrapper$2.run(:3)
11-20 20:13:25.573 I/WM-WorkerWrapper( 2351): 	at androidx.work.impl.utils.SerialExecutor$Task.run(:2)
11-20 20:13:25.573 I/WM-WorkerWrapper( 2351): 	at java.util.concurrent.ThreadPoolExecutor.runWorker(ThreadPoolExecutor.java:1167)
11-20 20:13:25.573 I/WM-WorkerWrapper( 2351): 	at java.util.concurrent.ThreadPoolExecutor$Worker.run(ThreadPoolExecutor.java:641)
11-20 20:13:25.573 I/WM-WorkerWrapper( 2351): 	at java.lang.Thread.run(Thread.java:923)
11-20 20:13:25.573 D/SettingsSDK::SyncHelper( 2351): Read setting com.facebook.wearable.sdk.selfcare:SELFCARE_SERVICE_ENABLED from persistent cache
11-20 20:13:25.575 D/FacebookRepository( 2351): Reading from Store [906581286488774]
11-20 20:13:25.747 E/SelfCareDataCloudSyncWorker( 2351): Failed to get access token
11-20 20:13:25.747 E/SelfCareDataCloudSyncWorker( 2351): kotlinx.coroutines.JobCancellationException: Job was cancelled; job=JobImpl{Cancelling}@59b424f
11-20 20:13:25.748 I/WM-WorkerWrapper( 2351): Work [ id=41176d4d-428f-4560-a8c8-961a1631ba8f, tags={ com.facebook.wearable.system.selfcare.cloudsync.SelfCareDataCloudSyncWorker } ] was cancelled
11-20 20:13:25.748 I/WM-WorkerWrapper( 2351): java.util.concurrent.CancellationException: Task was cancelled.
11-20 20:13:25.748 I/WM-WorkerWrapper( 2351): 	at androidx.work.impl.utils.futures.AbstractFuture.getDoneValue(:32)
11-20 20:13:25.748 I/WM-WorkerWrapper( 2351): 	at androidx.work.impl.utils.futures.AbstractFuture.get(:268435546)
11-20 20:13:25.748 I/WM-WorkerWrapper( 2351): 	at androidx.work.impl.WorkerWrapper$2.run(:3)
11-20 20:13:25.748 I/WM-WorkerWrapper( 2351): 	at androidx.work.impl.utils.SerialExecutor$Task.run(:2)
11-20 20:13:25.748 I/WM-WorkerWrapper( 2351): 	at java.util.concurrent.ThreadPoolExecutor.runWorker(ThreadPoolExecutor.java:1167)
11-20 20:13:25.748 I/WM-WorkerWrapper( 2351): 	at java.util.concurrent.ThreadPoolExecutor$Worker.run(ThreadPoolExecutor.java:641)
11-20 20:13:25.748 I/WM-WorkerWrapper( 2351): 	at java.lang.Thread.run(Thread.java:923)
11-20 20:13:25.837 D/CompatibilityInfo( 1194): mCompatibilityFlags - 4
11-20 20:13:25.837 D/CompatibilityInfo( 1194): applicationDensity - 320
11-20 20:13:25.837 D/CompatibilityInfo( 1194): applicationScale - 1.0
11-20 20:13:25.901 E/StickerBundleDatabaseWorker( 2351): Failed to fetch sticker bundles:
11-20 20:13:25.901 E/StickerBundleDatabaseWorker( 2351): kotlinx.coroutines.JobCancellationException: Job was cancelled; job=JobImpl{Cancelling}@6fe9bc8
11-20 20:13:25.902 I/WM-WorkerWrapper( 2351): Work [ id=731e9e35-e8c2-49b1-b246-986e05f06ab6, tags={ com.facebook.wearable.system.selfcare.sharing.StickerBundleDatabaseWorker } ] was cancelled
11-20 20:13:25.902 I/WM-WorkerWrapper( 2351): java.util.concurrent.CancellationException: Task was cancelled.
11-20 20:13:25.902 I/WM-WorkerWrapper( 2351): 	at androidx.work.impl.utils.futures.AbstractFuture.getDoneValue(:32)
11-20 20:13:25.902 I/WM-WorkerWrapper( 2351): 	at androidx.work.impl.utils.futures.AbstractFuture.get(:268435546)
11-20 20:13:25.902 I/WM-WorkerWrapper( 2351): 	at androidx.work.impl.WorkerWrapper$2.run(:3)
11-20 20:13:25.902 I/WM-WorkerWrapper( 2351): 	at androidx.work.impl.utils.SerialExecutor$Task.run(:2)
11-20 20:13:25.902 I/WM-WorkerWrapper( 2351): 	at java.util.concurrent.ThreadPoolExecutor.runWorker(ThreadPoolExecutor.java:1167)
11-20 20:13:25.902 I/WM-WorkerWrapper( 2351): 	at java.util.concurrent.ThreadPoolExecutor$Worker.run(ThreadPoolExecutor.java:641)
11-20 20:13:25.902 I/WM-WorkerWrapper( 2351): 	at java.lang.Thread.run(Thread.java:923)
11-20 20:13:25.902 D/SettingsSDK::SyncHelper( 2351): Read setting com.facebook.wearable.sdk.selfcare:SELFCARE_SERVICE_ENABLED from persistent cache
11-20 20:13:25.903 D/FacebookRepository( 2351): Reading from Store [906581286488774]
11-20 20:13:26.097 E/SelfCareDataCloudSyncWorker( 2351): Failed to get access token
11-20 20:13:26.097 E/SelfCareDataCloudSyncWorker( 2351): kotlinx.coroutines.JobCancellationException: Job was cancelled; job=JobImpl{Cancelling}@14b1be0
11-20 20:13:26.097 I/WM-WorkerWrapper( 2351): Work [ id=41176d4d-428f-4560-a8c8-961a1631ba8f, tags={ com.facebook.wearable.system.selfcare.cloudsync.SelfCareDataCloudSyncWorker } ] was cancelled
11-20 20:13:26.097 I/WM-WorkerWrapper( 2351): java.util.concurrent.CancellationException: Task was cancelled.
11-20 20:13:26.097 I/WM-WorkerWrapper( 2351): 	at androidx.work.impl.utils.futures.AbstractFuture.getDoneValue(:32)
11-20 20:13:26.097 I/WM-WorkerWrapper( 2351): 	at androidx.work.impl.utils.futures.AbstractFuture.get(:268435546)
11-20 20:13:26.097 I/WM-WorkerWrapper( 2351): 	at androidx.work.impl.WorkerWrapper$2.run(:3)
11-20 20:13:26.097 I/WM-WorkerWrapper( 2351): 	at androidx.work.impl.utils.SerialExecutor$Task.run(:2)
11-20 20:13:26.097 I/WM-WorkerWrapper( 2351): 	at java.util.concurrent.ThreadPoolExecutor.runWorker(ThreadPoolExecutor.java:1167)
11-20 20:13:26.097 I/WM-WorkerWrapper( 2351): 	at java.util.concurrent.ThreadPoolExecutor$Worker.run(ThreadPoolExecutor.java:641)
11-20 20:13:26.097 I/WM-WorkerWrapper( 2351): 	at java.lang.Thread.run(Thread.java:923)
11-20 20:13:26.182 D/CompatibilityInfo( 1194): mCompatibilityFlags - 4
11-20 20:13:26.182 D/CompatibilityInfo( 1194): applicationDensity - 320
11-20 20:13:26.182 D/CompatibilityInfo( 1194): applicationScale - 1.0
11-20 20:13:26.241 E/StickerBundleDatabaseWorker( 2351): Failed to fetch sticker bundles:
11-20 20:13:26.241 E/StickerBundleDatabaseWorker( 2351): kotlinx.coroutines.JobCancellationException: Job was cancelled; job=JobImpl{Cancelling}@4473b55
11-20 20:13:26.241 I/WM-WorkerWrapper( 2351): Work [ id=731e9e35-e8c2-49b1-b246-986e05f06ab6, tags={ com.facebook.wearable.system.selfcare.sharing.StickerBundleDatabaseWorker } ] was cancelled
11-20 20:13:26.241 I/WM-WorkerWrapper( 2351): java.util.concurrent.CancellationException: Task was cancelled.
11-20 20:13:26.241 I/WM-WorkerWrapper( 2351): 	at androidx.work.impl.utils.futures.AbstractFuture.getDoneValue(:32)
11-20 20:13:26.241 I/WM-WorkerWrapper( 2351): 	at androidx.work.impl.utils.futures.AbstractFuture.get(:268435546)
11-20 20:13:26.241 I/WM-WorkerWrapper( 2351): 	at androidx.work.impl.WorkerWrapper$2.run(:3)
11-20 20:13:26.241 I/WM-WorkerWrapper( 2351): 	at androidx.work.impl.utils.SerialExecutor$Task.run(:2)
11-20 20:13:26.241 I/WM-WorkerWrapper( 2351): 	at java.util.concurrent.ThreadPoolExecutor.runWorker(ThreadPoolExecutor.java:1167)
11-20 20:13:26.241 I/WM-WorkerWrapper( 2351): 	at java.util.concurrent.ThreadPoolExecutor$Worker.run(ThreadPoolExecutor.java:641)
11-20 20:13:26.241 I/WM-WorkerWrapper( 2351): 	at java.lang.Thread.run(Thread.java:923)
11-20 20:13:26.241 D/SettingsSDK::SyncHelper( 2351): Read setting com.facebook.wearable.sdk.selfcare:SELFCARE_SERVICE_ENABLED from persistent cache
11-20 20:13:26.242 D/FacebookRepository( 2351): Reading from Store [906581286488774]
11-20 20:13:26.390 W/HWComposer(  577): Ignoring duplicate VSYNC event from HWC for display 0 (t=102350550794549)
11-20 20:13:26.447 E/SelfCareDataCloudSyncWorker( 2351): Failed to get access token
11-20 20:13:26.447 E/SelfCareDataCloudSyncWorker( 2351): kotlinx.coroutines.JobCancellationException: Job was cancelled; job=JobImpl{Cancelling}@a5c800d
11-20 20:13:26.447 I/WM-WorkerWrapper( 2351): Work [ id=41176d4d-428f-4560-a8c8-961a1631ba8f, tags={ com.facebook.wearable.system.selfcare.cloudsync.SelfCareDataCloudSyncWorker } ] was cancelled
11-20 20:13:26.447 I/WM-WorkerWrapper( 2351): java.util.concurrent.CancellationException: Task was cancelled.
11-20 20:13:26.447 I/WM-WorkerWrapper( 2351): 	at androidx.work.impl.utils.futures.AbstractFuture.getDoneValue(:32)
11-20 20:13:26.447 I/WM-WorkerWrapper( 2351): 	at androidx.work.impl.utils.futures.AbstractFuture.get(:268435546)
11-20 20:13:26.447 I/WM-WorkerWrapper( 2351): 	at androidx.work.impl.WorkerWrapper$2.run(:3)
11-20 20:13:26.447 I/WM-WorkerWrapper( 2351): 	at androidx.work.impl.utils.SerialExecutor$Task.run(:2)
11-20 20:13:26.447 I/WM-WorkerWrapper( 2351): 	at java.util.concurrent.ThreadPoolExecutor.runWorker(ThreadPoolExecutor.java:1167)
11-20 20:13:26.447 I/WM-WorkerWrapper( 2351): 	at java.util.concurrent.ThreadPoolExecutor$Worker.run(ThreadPoolExecutor.java:641)
11-20 20:13:26.447 I/WM-WorkerWrapper( 2351): 	at java.lang.Thread.run(Thread.java:923)
11-20 20:13:26.519 D/CompatibilityInfo( 1194): mCompatibilityFlags - 4
11-20 20:13:26.519 D/CompatibilityInfo( 1194): applicationDensity - 320
11-20 20:13:26.520 D/CompatibilityInfo( 1194): applicationScale - 1.0
11-20 20:13:26.575 E/StickerBundleDatabaseWorker( 2351): Failed to fetch sticker bundles:
11-20 20:13:26.575 E/StickerBundleDatabaseWorker( 2351): kotlinx.coroutines.JobCancellationException: Job was cancelled; job=JobImpl{Cancelling}@e5c20e
11-20 20:13:26.575 I/WM-WorkerWrapper( 2351): Work [ id=731e9e35-e8c2-49b1-b246-986e05f06ab6, tags={ com.facebook.wearable.system.selfcare.sharing.StickerBundleDatabaseWorker } ] was cancelled
11-20 20:13:26.575 I/WM-WorkerWrapper( 2351): java.util.concurrent.CancellationException: Task was cancelled.
11-20 20:13:26.575 I/WM-WorkerWrapper( 2351): 	at androidx.work.impl.utils.futures.AbstractFuture.getDoneValue(:32)
11-20 20:13:26.575 I/WM-WorkerWrapper( 2351): 	at androidx.work.impl.utils.futures.AbstractFuture.get(:268435546)
11-20 20:13:26.575 I/WM-WorkerWrapper( 2351): 	at androidx.work.impl.WorkerWrapper$2.run(:3)
11-20 20:13:26.575 I/WM-WorkerWrapper( 2351): 	at androidx.work.impl.utils.SerialExecutor$Task.run(:2)
11-20 20:13:26.575 I/WM-WorkerWrapper( 2351): 	at java.util.concurrent.ThreadPoolExecutor.runWorker(ThreadPoolExecutor.java:1167)
11-20 20:13:26.575 I/WM-WorkerWrapper( 2351): 	at java.util.concurrent.ThreadPoolExecutor$Worker.run(ThreadPoolExecutor.java:641)
11-20 20:13:26.575 I/WM-WorkerWrapper( 2351): 	at java.lang.Thread.run(Thread.java:923)
11-20 20:13:26.575 D/SettingsSDK::SyncHelper( 2351): Read setting com.facebook.wearable.sdk.selfcare:SELFCARE_SERVICE_ENABLED from persistent cache
11-20 20:13:26.575 D/FacebookRepository( 2351): Reading from Store [906581286488774]
11-20 20:13:26.756 E/SelfCareDataCloudSyncWorker( 2351): Failed to get access token
11-20 20:13:26.756 E/SelfCareDataCloudSyncWorker( 2351): kotlinx.coroutines.JobCancellationException: Job was cancelled; job=JobImpl{Cancelling}@6dc04e6
11-20 20:13:26.756 I/WM-WorkerWrapper( 2351): Work [ id=41176d4d-428f-4560-a8c8-961a1631ba8f, tags={ com.facebook.wearable.system.selfcare.cloudsync.SelfCareDataCloudSyncWorker } ] was cancelled
11-20 20:13:26.756 I/WM-WorkerWrapper( 2351): java.util.concurrent.CancellationException: Task was cancelled.
11-20 20:13:26.756 I/WM-WorkerWrapper( 2351): 	at androidx.work.impl.utils.futures.AbstractFuture.getDoneValue(:32)
11-20 20:13:26.756 I/WM-WorkerWrapper( 2351): 	at androidx.work.impl.utils.futures.AbstractFuture.get(:268435546)
11-20 20:13:26.756 I/WM-WorkerWrapper( 2351): 	at androidx.work.impl.WorkerWrapper$2.run(:3)
11-20 20:13:26.756 I/WM-WorkerWrapper( 2351): 	at androidx.work.impl.utils.SerialExecutor$Task.run(:2)
11-20 20:13:26.756 I/WM-WorkerWrapper( 2351): 	at java.util.concurrent.ThreadPoolExecutor.runWorker(ThreadPoolExecutor.java:1167)
11-20 20:13:26.756 I/WM-WorkerWrapper( 2351): 	at java.util.concurrent.ThreadPoolExecutor$Worker.run(ThreadPoolExecutor.java:641)
11-20 20:13:26.756 I/WM-WorkerWrapper( 2351): 	at java.lang.Thread.run(Thread.java:923)
11-20 20:13:26.831 D/CompatibilityInfo( 1194): mCompatibilityFlags - 4
11-20 20:13:26.831 D/CompatibilityInfo( 1194): applicationDensity - 320
11-20 20:13:26.831 D/CompatibilityInfo( 1194): applicationScale - 1.0
11-20 20:13:26.893 E/StickerBundleDatabaseWorker( 2351): Failed to fetch sticker bundles:
11-20 20:13:26.893 E/StickerBundleDatabaseWorker( 2351): kotlinx.coroutines.JobCancellationException: Job was cancelled; job=JobImpl{Cancelling}@81e71c3
11-20 20:13:26.893 D/SettingsSDK::SyncHelper( 2351): Read setting com.facebook.wearable.sdk.selfcare:SELFCARE_SERVICE_ENABLED from persistent cache
11-20 20:13:26.894 I/WM-WorkerWrapper( 2351): Work [ id=731e9e35-e8c2-49b1-b246-986e05f06ab6, tags={ com.facebook.wearable.system.selfcare.sharing.StickerBundleDatabaseWorker } ] was cancelled
11-20 20:13:26.894 I/WM-WorkerWrapper( 2351): java.util.concurrent.CancellationException: Task was cancelled.
11-20 20:13:26.894 I/WM-WorkerWrapper( 2351): 	at androidx.work.impl.utils.futures.AbstractFuture.getDoneValue(:32)
11-20 20:13:26.894 I/WM-WorkerWrapper( 2351): 	at androidx.work.impl.utils.futures.AbstractFuture.get(:268435546)
11-20 20:13:26.894 I/WM-WorkerWrapper( 2351): 	at androidx.work.impl.WorkerWrapper$2.run(:3)
11-20 20:13:26.894 I/WM-WorkerWrapper( 2351): 	at androidx.work.impl.utils.SerialExecutor$Task.run(:2)
11-20 20:13:26.894 I/WM-WorkerWrapper( 2351): 	at java.util.concurrent.ThreadPoolExecutor.runWorker(ThreadPoolExecutor.java:1167)
11-20 20:13:26.894 I/WM-WorkerWrapper( 2351): 	at java.util.concurrent.ThreadPoolExecutor$Worker.run(ThreadPoolExecutor.java:641)
11-20 20:13:26.894 I/WM-WorkerWrapper( 2351): 	at java.lang.Thread.run(Thread.java:923)
11-20 20:13:26.894 D/FacebookRepository( 2351): Reading from Store [906581286488774]
11-20 20:13:27.095 E/SelfCareDataCloudSyncWorker( 2351): Failed to get access token
11-20 20:13:27.095 E/SelfCareDataCloudSyncWorker( 2351): kotlinx.coroutines.JobCancellationException: Job was cancelled; job=JobImpl{Cancelling}@7a563b
11-20 20:13:27.095 I/WM-WorkerWrapper( 2351): Work [ id=41176d4d-428f-4560-a8c8-961a1631ba8f, tags={ com.facebook.wearable.system.selfcare.cloudsync.SelfCareDataCloudSyncWorker } ] was cancelled
11-20 20:13:27.095 I/WM-WorkerWrapper( 2351): java.util.concurrent.CancellationException: Task was cancelled.
11-20 20:13:27.095 I/WM-WorkerWrapper( 2351): 	at androidx.work.impl.utils.futures.AbstractFuture.getDoneValue(:32)
11-20 20:13:27.095 I/WM-WorkerWrapper( 2351): 	at androidx.work.impl.utils.futures.AbstractFuture.get(:268435546)
11-20 20:13:27.095 I/WM-WorkerWrapper( 2351): 	at androidx.work.impl.WorkerWrapper$2.run(:3)
11-20 20:13:27.095 I/WM-WorkerWrapper( 2351): 	at androidx.work.impl.utils.SerialExecutor$Task.run(:2)
11-20 20:13:27.095 I/WM-WorkerWrapper( 2351): 	at java.util.concurrent.ThreadPoolExecutor.runWorker(ThreadPoolExecutor.java:1167)
11-20 20:13:27.095 I/WM-WorkerWrapper( 2351): 	at java.util.concurrent.ThreadPoolExecutor$Worker.run(ThreadPoolExecutor.java:641)
11-20 20:13:27.095 I/WM-WorkerWrapper( 2351): 	at java.lang.Thread.run(Thread.java:923)
11-20 20:13:27.177 D/CompatibilityInfo( 1194): mCompatibilityFlags - 4
11-20 20:13:27.178 D/CompatibilityInfo( 1194): applicationDensity - 320
11-20 20:13:27.178 D/CompatibilityInfo( 1194): applicationScale - 1.0
11-20 20:13:27.244 E/StickerBundleDatabaseWorker( 2351): Failed to fetch sticker bundles:
11-20 20:13:27.244 E/StickerBundleDatabaseWorker( 2351): kotlinx.coroutines.JobCancellationException: Job was cancelled; job=JobImpl{Cancelling}@eae1b17
11-20 20:13:27.244 I/WM-WorkerWrapper( 2351): Work [ id=731e9e35-e8c2-49b1-b246-986e05f06ab6, tags={ com.facebook.wearable.system.selfcare.sharing.StickerBundleDatabaseWorker } ] was cancelled
11-20 20:13:27.244 I/WM-WorkerWrapper( 2351): java.util.concurrent.CancellationException: Task was cancelled.
11-20 20:13:27.244 I/WM-WorkerWrapper( 2351): 	at androidx.work.impl.utils.futures.AbstractFuture.getDoneValue(:32)
11-20 20:13:27.244 I/WM-WorkerWrapper( 2351): 	at androidx.work.impl.utils.futures.AbstractFuture.get(:268435546)
11-20 20:13:27.244 I/WM-WorkerWrapper( 2351): 	at androidx.work.impl.WorkerWrapper$2.run(:3)
11-20 20:13:27.244 I/WM-WorkerWrapper( 2351): 	at androidx.work.impl.utils.SerialExecutor$Task.run(:2)
11-20 20:13:27.244 I/WM-WorkerWrapper( 2351): 	at java.util.concurrent.ThreadPoolExecutor.runWorker(ThreadPoolExecutor.java:1167)
11-20 20:13:27.244 I/WM-WorkerWrapper( 2351): 	at java.util.concurrent.ThreadPoolExecutor$Worker.run(ThreadPoolExecutor.java:641)
11-20 20:13:27.244 I/WM-WorkerWrapper( 2351): 	at java.lang.Thread.run(Thread.java:923)
11-20 20:13:27.244 D/SettingsSDK::SyncHelper( 2351): Read setting com.facebook.wearable.sdk.selfcare:SELFCARE_SERVICE_ENABLED from persistent cache
11-20 20:13:27.245 D/FacebookRepository( 2351): Reading from Store [906581286488774]
11-20 20:13:27.445 E/SelfCareDataCloudSyncWorker( 2351): Failed to get access token
11-20 20:13:27.445 E/SelfCareDataCloudSyncWorker( 2351): kotlinx.coroutines.JobCancellationException: Job was cancelled; job=JobImpl{Cancelling}@703560f
11-20 20:13:27.445 I/WM-WorkerWrapper( 2351): Work [ id=41176d4d-428f-4560-a8c8-961a1631ba8f, tags={ com.facebook.wearable.system.selfcare.cloudsync.SelfCareDataCloudSyncWorker } ] was cancelled
11-20 20:13:27.445 I/WM-WorkerWrapper( 2351): java.util.concurrent.CancellationException: Task was cancelled.
11-20 20:13:27.445 I/WM-WorkerWrapper( 2351): 	at androidx.work.impl.utils.futures.AbstractFuture.getDoneValue(:32)
11-20 20:13:27.445 I/WM-WorkerWrapper( 2351): 	at androidx.work.impl.utils.futures.AbstractFuture.get(:268435546)
11-20 20:13:27.445 I/WM-WorkerWrapper( 2351): 	at androidx.work.impl.WorkerWrapper$2.run(:3)
11-20 20:13:27.445 I/WM-WorkerWrapper( 2351): 	at androidx.work.impl.utils.SerialExecutor$Task.run(:2)
11-20 20:13:27.445 I/WM-WorkerWrapper( 2351): 	at java.util.concurrent.ThreadPoolExecutor.runWorker(ThreadPoolExecutor.java:1167)
11-20 20:13:27.445 I/WM-WorkerWrapper( 2351): 	at java.util.concurrent.ThreadPoolExecutor$Worker.run(ThreadPoolExecutor.java:641)
11-20 20:13:27.445 I/WM-WorkerWrapper( 2351): 	at java.lang.Thread.run(Thread.java:923)
11-20 20:13:27.544 D/CompatibilityInfo( 1194): mCompatibilityFlags - 4
11-20 20:13:27.544 D/CompatibilityInfo( 1194): applicationDensity - 320
11-20 20:13:27.544 D/CompatibilityInfo( 1194): applicationScale - 1.0
11-20 20:13:27.609 E/StickerBundleDatabaseWorker( 2351): Failed to fetch sticker bundles:
11-20 20:13:27.609 E/StickerBundleDatabaseWorker( 2351): kotlinx.coroutines.JobCancellationException: Job was cancelled; job=JobImpl{Cancelling}@880ea21
11-20 20:13:27.609 I/WM-WorkerWrapper( 2351): Work [ id=731e9e35-e8c2-49b1-b246-986e05f06ab6, tags={ com.facebook.wearable.system.selfcare.sharing.StickerBundleDatabaseWorker } ] was cancelled
11-20 20:13:27.609 I/WM-WorkerWrapper( 2351): java.util.concurrent.CancellationException: Task was cancelled.
11-20 20:13:27.609 I/WM-WorkerWrapper( 2351): 	at androidx.work.impl.utils.futures.AbstractFuture.getDoneValue(:32)
11-20 20:13:27.609 I/WM-WorkerWrapper( 2351): 	at androidx.work.impl.utils.futures.AbstractFuture.get(:268435546)
11-20 20:13:27.609 I/WM-WorkerWrapper( 2351): 	at androidx.work.impl.WorkerWrapper$2.run(:3)
11-20 20:13:27.609 I/WM-WorkerWrapper( 2351): 	at androidx.work.impl.utils.SerialExecutor$Task.run(:2)
11-20 20:13:27.609 I/WM-WorkerWrapper( 2351): 	at java.util.concurrent.ThreadPoolExecutor.runWorker(ThreadPoolExecutor.java:1167)
11-20 20:13:27.609 I/WM-WorkerWrapper( 2351): 	at java.util.concurrent.ThreadPoolExecutor$Worker.run(ThreadPoolExecutor.java:641)
11-20 20:13:27.609 I/WM-WorkerWrapper( 2351): 	at java.lang.Thread.run(Thread.java:923)
11-20 20:13:27.609 D/SettingsSDK::SyncHelper( 2351): Read setting com.facebook.wearable.sdk.selfcare:SELFCARE_SERVICE_ENABLED from persistent cache
11-20 20:13:27.610 D/FacebookRepository( 2351): Reading from Store [906581286488774]
11-20 20:13:27.721 D/UIAutomatorStub(26720): URI: /jsonrpc/0, Method: POST, Header: {content-length=229, remote-addr=127.0.0.1, http-client-ip=127.0.0.1, host=localhost:9010, content-type=application/json, accept-encoding=identity}, params, {NanoHttpd.QUERY_STRING=null}, files: {postData={"jsonrpc": "2.0", "method": "objInfo", "id": "98eea729a1e67433335a35a876553173", "params": [{"mask": 2097152, "childOrSibling": [], "childOrSiblingSelector": [], "resourceId": "com.facebook.wearable.system.settings:id/toggle"}]}}
11-20 20:13:27.815 D/UIAutomatorStub(26720): URI: /jsonrpc/0, Method: POST, Header: {content-length=227, remote-addr=127.0.0.1, http-client-ip=127.0.0.1, host=localhost:9010, content-type=application/json, accept-encoding=identity}, params, {NanoHttpd.QUERY_STRING=null}, files: {postData={"jsonrpc": "2.0", "method": "click", "id": "6fe36de11c660c9a8dd481bd2cef0d07", "params": [{"mask": 2097152, "childOrSibling": [], "childOrSiblingSelector": [], "resourceId": "com.facebook.wearable.system.settings:id/toggle"}]}}
11-20 20:13:27.817 E/SelfCareDataCloudSyncWorker( 2351): Failed to get access token
11-20 20:13:27.817 E/SelfCareDataCloudSyncWorker( 2351): kotlinx.coroutines.JobCancellationException: Job was cancelled; job=JobImpl{Cancelling}@f2bbc59
11-20 20:13:27.817 I/WM-WorkerWrapper( 2351): Work [ id=41176d4d-428f-4560-a8c8-961a1631ba8f, tags={ com.facebook.wearable.system.selfcare.cloudsync.SelfCareDataCloudSyncWorker } ] was cancelled
11-20 20:13:27.817 I/WM-WorkerWrapper( 2351): java.util.concurrent.CancellationException: Task was cancelled.
11-20 20:13:27.817 I/WM-WorkerWrapper( 2351): 	at androidx.work.impl.utils.futures.AbstractFuture.getDoneValue(:32)
11-20 20:13:27.817 I/WM-WorkerWrapper( 2351): 	at androidx.work.impl.utils.futures.AbstractFuture.get(:268435546)
11-20 20:13:27.817 I/WM-WorkerWrapper( 2351): 	at androidx.work.impl.WorkerWrapper$2.run(:3)
11-20 20:13:27.817 I/WM-WorkerWrapper( 2351): 	at androidx.work.impl.utils.SerialExecutor$Task.run(:2)
11-20 20:13:27.817 I/WM-WorkerWrapper( 2351): 	at java.util.concurrent.ThreadPoolExecutor.runWorker(ThreadPoolExecutor.java:1167)
11-20 20:13:27.817 I/WM-WorkerWrapper( 2351): 	at java.util.concurrent.ThreadPoolExecutor$Worker.run(ThreadPoolExecutor.java:641)
11-20 20:13:27.817 I/WM-WorkerWrapper( 2351): 	at java.lang.Thread.run(Thread.java:923)
11-20 20:13:27.872 D/WifiSharingService( 2841): Setting Wi-Fi enabled state
11-20 20:13:27.873 I/WifiService( 1194): setWifiEnabled package=com.facebook.wearable.system.connectivity uid=1000 enable=false
