11-21 00:36:37.005 D/UIAutomatorStub( 6483): URI: /jsonrpc/0, Method: POST, Header: {content-length=102, remote-addr=127.0.0.1, http-client-ip=127.0.0.1, host=localhost:9012, content-type=application/json, accept-encoding=identity}, params, {NanoHttpd.QUERY_STRING=null}, files: {postData={"jsonrpc": "2.0", "method": "pressKey", "id": "af6a341cf6fe573ae38cc57cf09cbcf3", "params": ["back"]}}
11-21 00:36:37.129 E/ANDR-PERF-OPTSHANDLER(  552): perf_lock_rel: failed for /sys/class/kgsl/kgsl-3d0/min_pwrlevel as previous value is not stored
11-21 00:36:37.130 E/ANDR-PERF-RESOURCEQS(  552): Failed to reset optimization [3, 0]
11-21 00:36:37.637 D/LauncherActivity(11143): onKeyUp() called with keycode:4, event: KeyEvent { action=ACTION_UP, keyCode=KEYCODE_BACK, scanCode=0, metaState=0, flags=0x200, repeatCount=0, eventTime=118085340, downTime=118085340, deviceId=-1, source=0x101, displayId=-1 }
11-21 00:36:37.657 W/HWComposer(  598): Ignoring duplicate VSYNC event from HWC for display 0 (t=118085382371671)
11-21 00:36:36.504 I/chatty  ( 1186): uid=1000(system) android.ui identical 2 lines
11-21 00:36:37.635 D/AutofillManagerService( 1186): onBackKeyPressed()
11-21 00:36:37.657 D/commandrouter( 1006): rtc_sync (1, rtc:sync): <ServiceRequest> FORWARDED (remote -> local) service client ID = 0, token ID = 44571
11-21 00:36:37.657 D/vendor.facebook.rtc_sync@1.0-service( 1145): Request req_ts=1637454997658495644 resp_ts=1637454997657633036
11-21 00:36:37.658 D/commandrouter( 1006): SocServiceHandle::onServiceMessage, SoC Service = rtc_sync, appType = 1, type = SVC_RESP, clientId = 0, token = 44571, payloadLen = 8, result = 0, payload.size() = 8
11-21 00:36:38.059 V/bt_stack( 1710): [VERBOSE1:ble_advertiser_hci_interface.cc(251)] Enable
11-21 00:36:38.063 V/bt_stack( 1710): [VERBOSE1:ble_advertiser_hci_interface.cc(236)] SetRandomAddress
11-21 00:36:38.063 V/bt_stack( 1710): [VERBOSE1:ble_advertiser_hci_interface.cc(251)] Enable
11-21 00:36:38.064 V/bt_stack( 1710): [VERBOSE1:ble_advertiser_hci_interface.cc(90)] subcode = 5, status: 0
11-21 00:36:38.066 V/bt_stack( 1710): [VERBOSE1:ble_advertiser_hci_interface.cc(90)] subcode = 4, status: 0
11-21 00:36:38.069 V/bt_stack( 1710): [VERBOSE1:ble_advertiser_hci_interface.cc(90)] subcode = 5, status: 0
11-21 00:36:38.146 W/HWComposer(  598): Ignoring duplicate VSYNC event from HWC for display 0 (t=118085871453650)
11-21 00:36:38.172 W/ActivityManager( 1186): Invalid packageName: com.facebook.wearable.system.settings/com.facebook.wearable.system.settings.SettingsActivity
11-21 00:36:38.174 I/cmd     ( 9851): oneway function results will be dropped but finished with status OK and parcel size 4
11-21 00:36:38.310 I/ActivityTaskManager( 1186): START u0 {flg=0x10000000 cmp=com.facebook.wearable.system.settings/.SettingsActivity} from uid 0
11-21 00:36:38.325 D/CompatibilityInfo( 1186): mCompatibilityFlags - 4
11-21 00:36:38.325 D/CompatibilityInfo( 1186): applicationDensity - 320
11-21 00:36:38.325 D/CompatibilityInfo( 1186): applicationScale - 1.0
11-21 00:36:38.327 D/ActivityTrigger( 1186): ActivityTrigger activityPauseTrigger 
11-21 00:36:38.331 I/ActivityTaskManager( 1186): The Process com.facebook.wearable.system.settings Already Exists in BG. So sending its PID: 27399
11-21 00:36:38.331 W/ActivityTaskManager( 1186): Tried to set launchTime (0) < mLastActivityLaunchTime (118055051)
11-21 00:36:38.333 D/CompatibilityInfo( 1186): mCompatibilityFlags - 4
11-21 00:36:38.333 D/CompatibilityInfo( 1186): applicationDensity - 320
11-21 00:36:38.333 D/CompatibilityInfo( 1186): applicationScale - 1.0
11-21 00:36:38.363 D/LauncherActivity(11143): onPause
11-21 00:36:38.390 D/CompatibilityInfo( 1186): mCompatibilityFlags - 4
11-21 00:36:38.390 D/CompatibilityInfo( 1186): applicationDensity - 320
11-21 00:36:38.390 D/CompatibilityInfo( 1186): applicationScale - 1.0
11-21 00:36:38.410 D/TetheredPhoneUtil(11143): Retrieving the tethered phone status
11-21 00:36:38.414 D/TetheredPhoneUtil(11143): Found tethered phone status: false
11-21 00:36:38.466 E/StatusBarClientConnection(27399): Service connected
11-21 00:36:38.485 W/View    (27399): requestLayout() improperly called by android.view.View{2a2dbf3 V.ED..... ......I. 0,368-474,474} during layout: running second layout pass
11-21 00:36:38.498 D/FacebookProvider(25031): Starting SSO Network Fetch for 263529928325379
11-21 00:36:38.500 I/AccountsContentProvider(25031): No Primary Account. Accounts Error [content://com.facebook.wearable.system.accounts.AccountsContentProvider/facebook/263529928325379]
11-21 00:36:38.511 W/View    (27399): requestLayout() improperly called by com.facebook.wearable.common.wds.listview.WdsListView{4d115c8 V.E..V... ........ 0,0-474,474} during second layout pass: posting in next frame
11-21 00:36:38.513 E/DatabaseUtils(25031): Writing exception to parcel
11-21 00:36:38.513 E/DatabaseUtils(25031): java.lang.IllegalStateException: No Primary Account
11-21 00:36:38.513 E/DatabaseUtils(25031): 	at com.facebook.secure.content.AbstractContentProvider.doQuery(:284)
11-21 00:36:38.513 E/DatabaseUtils(25031): 	at com.facebook.secure.content.AbstractContentProvider.query(:8)
11-21 00:36:38.513 E/DatabaseUtils(25031): 	at android.content.ContentProvider.query(ContentProvider.java:1474)
11-21 00:36:38.513 E/DatabaseUtils(25031): 	at android.content.ContentProvider$Transport.query(ContentProvider.java:278)
11-21 00:36:38.513 E/DatabaseUtils(25031): 	at android.content.ContentProviderNative.onTransact(ContentProviderNative.java:106)
11-21 00:36:38.513 E/DatabaseUtils(25031): 	at android.os.Binder.execTransactInternal(Binder.java:1154)
11-21 00:36:38.513 E/DatabaseUtils(25031): 	at android.os.Binder.execTransact(Binder.java:1123)
11-21 00:36:38.514 E/AccountsViewModel(27399): AccountsViewModel.flow failed: No Primary Account
11-21 00:36:38.514 E/AccountsViewModel(27399): java.lang.IllegalStateException: No Primary Account
11-21 00:36:38.514 E/AccountsViewModel(27399): 	at android.os.Parcel.createExceptionOrNull(Parcel.java:2381)
11-21 00:36:38.514 E/AccountsViewModel(27399): 	at android.os.Parcel.createException(Parcel.java:2357)
11-21 00:36:38.514 E/AccountsViewModel(27399): 	at android.os.Parcel.readException(Parcel.java:2340)
11-21 00:36:38.514 E/AccountsViewModel(27399): 	at android.database.DatabaseUtils.readExceptionFromParcel(DatabaseUtils.java:190)
11-21 00:36:38.514 E/AccountsViewModel(27399): 	at android.database.DatabaseUtils.readExceptionFromParcel(DatabaseUtils.java:142)
11-21 00:36:38.514 E/AccountsViewModel(27399): 	at android.content.ContentProviderProxy.query(ContentProviderNative.java:472)
11-21 00:36:38.514 E/AccountsViewModel(27399): 	at android.content.ContentResolver.query(ContentResolver.java:1185)
11-21 00:36:38.514 E/AccountsViewModel(27399): 	at android.content.ContentResolver.query(ContentResolver.java:1116)
11-21 00:36:38.514 E/AccountsViewModel(27399): 	at com.facebook.wearable.common.accounts.contract.WearableAccountsContractRequest.query(:51)
11-21 00:36:38.514 E/AccountsViewModel(27399): 	at kotlin.coroutines.jvm.internal.BaseContinuationImpl.invokeSuspend(:95489)
11-21 00:36:38.514 E/AccountsViewModel(27399): 	at com.facebook.wearable.common.accounts.WearableAccountsKt$fb$1.invoke(:9)
11-21 00:36:38.514 E/AccountsViewModel(27399): 	at com.facebook.wearable.common.coroutines.lazy.LazyAsync.get(:101)
11-21 00:36:38.514 E/AccountsViewModel(27399): 	at kotlin.coroutines.jvm.internal.BaseContinuationImpl.invokeSuspend(:96596)
11-21 00:36:38.514 E/AccountsViewModel(27399): 	at com.facebook.wearable.system.settings.accounts.AccountsViewModel$wearableAccountFlow$1.invoke(:11)
11-21 00:36:38.514 E/AccountsViewModel(27399): 	at kotlinx.coroutines.flow.AbstractFlow.collect$rvp0$0(:72)
11-21 00:36:38.514 E/AccountsViewModel(27399): 	at kotlin.coroutines.jvm.internal.BaseContinuationImpl.invokeSuspend(:95417)
11-21 00:36:38.514 E/AccountsViewModel(27399): 	at kotlinx.coroutines.flow.FlowKt__ShareKt$launchSharing$1$2.invoke(Unknown Source:10)
11-21 00:36:38.514 E/AccountsViewModel(27399): 	at kotlin.coroutines.jvm.internal.BaseContinuationImpl.invokeSuspend(:96715)
11-21 00:36:38.514 E/AccountsViewModel(27399): 	at kotlinx.coroutines.flow.FlowKt__MergeKt$mapLatest$1.invoke(Unknown Source:15)
11-21 00:36:38.514 E/AccountsViewModel(27399): 	at kotlin.coroutines.jvm.internal.BaseContinuationImpl.invokeSuspend(:96820)
11-21 00:36:38.514 E/AccountsViewModel(27399): 	at kotlinx.coroutines.flow.internal.ChannelFlowTransformLatest$flowCollect$3$1$2.invoke(Unknown Source:10)
11-21 00:36:38.514 E/AccountsViewModel(27399): 	at kotlinx.coroutines.CoroutineStart.invoke(:32)
11-21 00:36:38.514 E/AccountsViewModel(27399): 	at kotlinx.coroutines.BuildersKt__Builders_commonKt.launch(:15)
11-21 00:36:38.514 E/AccountsViewModel(27399): 	at kotlinx.coroutines.flow.internal.ChannelFlowTransformLatest$flowCollect$3$invokeSuspend$$inlined$collect$1.emit(:56)
11-21 00:36:38.514 E/AccountsViewModel(27399): 	at kotlinx.coroutines.flow.DistinctFlowImpl$collect$$inlined$collect$1.emit(:74)
11-21 00:36:38.514 E/AccountsViewModel(27399): 	at kotlinx.coroutines.flow.FlowKt__LimitKt$dropWhile$lambda-4$$inlined$collect$1.emit(:114)
11-21 00:36:38.514 E/AccountsViewModel(27399): 	at kotlinx.coroutines.flow.FlowKt__ChannelsKt.emitAllImpl$FlowKt__ChannelsKt(:123)
11-21 00:36:38.514 E/AccountsViewModel(27399): 	at kotlin.coroutines.jvm.internal.BaseContinuationImpl.invokeSuspend(:96917)
11-21 00:36:38.514 E/AccountsViewModel(27399): 	at kotlin.coroutines.jvm.internal.BaseContinuationImpl.resumeWith(:5)
11-21 00:36:38.514 E/AccountsViewModel(27399): 	at kotlinx.coroutines.DispatchedTask.run(:131)
11-21 00:36:38.514 E/AccountsViewModel(27399): 	at java.util.concurrent.Executors$RunnableAdapter.call(Executors.java:462)
11-21 00:36:38.514 E/AccountsViewModel(27399): 	at java.util.concurrent.FutureTask.run(FutureTask.java:266)
11-21 00:36:38.514 E/AccountsViewModel(27399): 	at com.facebook.wearable.common.executors.DelayedFutureTask.run(:22)
11-21 00:36:38.514 E/AccountsViewModel(27399): 	at java.util.concurrent.ThreadPoolExecutor.runWorker(ThreadPoolExecutor.java:1167)
11-21 00:36:38.514 E/AccountsViewModel(27399): 	at java.util.concurrent.ThreadPoolExecutor$Worker.run(ThreadPoolExecutor.java:641)
11-21 00:36:38.514 E/AccountsViewModel(27399): 	at com.facebook.wearable.common.executors.NamedThreadFactory$1.run(:7)
11-21 00:36:38.805 D/CompatibilityInfo( 1186): mCompatibilityFlags - 4
11-21 00:36:38.805 D/CompatibilityInfo( 1186): applicationDensity - 320
11-21 00:36:38.805 D/CompatibilityInfo( 1186): applicationScale - 1.0
11-21 00:36:38.820 D/ComplicationController(11143): Stopping complication controller.
11-21 00:36:38.827 D/ComplicationDataManagerImpl(11143): Fetching complication data for package: com.facebook.wearable.apps.calendar, com.facebook.wearable.apps.calendar.DAY_DATE_COMPLICATION.
11-21 00:36:38.828 D/ComplicationDataManagerImpl(11143): Fetching complication data for package: com.facebook.wearable.apps.player, com.facebook.wearable.apps.player.SHORTCUT_COMPLICATION.
11-21 00:36:38.828 D/ComplicationDataManagerImpl(11143): Fetching complication data for package: com.facebook.wearable.apps.gallery, com.facebook.wearable.apps.gallery.SHORTCUT_COMPLICATION.
11-21 00:36:38.828 D/ComplicationDataManagerImpl(11143): Fetching complication data for package: com.facebook.wearable.apps.heart, com.facebook.wearable.apps.heart.HEART_RATE.
11-21 00:36:38.831 D/CompatibilityInfo( 1186): mCompatibilityFlags - 4
11-21 00:36:38.831 D/CompatibilityInfo( 1186): applicationDensity - 320
11-21 00:36:38.831 D/CompatibilityInfo( 1186): applicationScale - 1.0
11-21 00:36:39.370 D/UIAutomatorStub( 6483): URI: /jsonrpc/0, Method: POST, Header: {content-length=192, remote-addr=127.0.0.1, http-client-ip=127.0.0.1, host=localhost:9012, content-type=application/json, accept-encoding=identity}, params, {NanoHttpd.QUERY_STRING=null}, files: {postData={"jsonrpc": "2.0", "method": "waitForExists", "id": "fc7fd9a68f9aa5d6734b81526595af79", "params": [{"mask": 1, "childOrSibling": [], "childOrSiblingSelector": [], "text": "Notifications"}, 5]}}
11-21 00:36:39.402 D/UIAutomatorStub( 6483): URI: /jsonrpc/0, Method: POST, Header: {content-length=191, remote-addr=127.0.0.1, http-client-ip=127.0.0.1, host=localhost:9012, content-type=application/json, accept-encoding=identity}, params, {NanoHttpd.QUERY_STRING=null}, files: {postData={"jsonrpc": "2.0", "method": "waitForExists", "id": "e4f886a8ae72fbc391f9fcc7a4cead3d", "params": [{"mask": 1, "childOrSibling": [], "childOrSiblingSelector": [], "text": "Connectivity"}, 5]}}
11-21 00:36:39.475 D/UIAutomatorStub( 6483): URI: /jsonrpc/0, Method: POST, Header: {content-length=180, remote-addr=127.0.0.1, http-client-ip=127.0.0.1, host=localhost:9012, content-type=application/json, accept-encoding=identity}, params, {NanoHttpd.QUERY_STRING=null}, files: {postData={"jsonrpc": "2.0", "method": "click", "id": "3985a03e67b92256a53b75c2196293b8", "params": [{"mask": 1, "childOrSibling": [], "childOrSiblingSelector": [], "text": "Connectivity"}]}}
11-21 00:36:39.522 E/ANDR-PERF-OPTSHANDLER(  552): Unable to find the correct node storage pointers for                   resource index=16, node path=/proc/sys/kernel/sched_upmigrate
11-21 00:36:39.522 E/ANDR-PERF-RESOURCEQS(  552): Failed to reset optimization [3, 7]
11-21 00:36:39.522 E/ANDR-PERF-OPTSHANDLER(  552): Unable to find the correct node storage pointers for                   resource index=17, node path=/proc/sys/kernel/sched_downmigrate
11-21 00:36:39.522 E/ANDR-PERF-RESOURCEQS(  552): Failed to reset optimization [3, 8]
11-21 00:36:39.522 E/ANDR-PERF-OPTSHANDLER(  552): Perflock resource /sys/module/lpm_levels/parameters/bias_hyst not supported
11-21 00:36:39.522 E/ANDR-PERF-RESOURCEQS(  552): Failed to reset optimization [1, 2]
11-21 00:36:39.522 E/ANDR-PERF-OPTSHANDLER(  552): Perflock resource /proc/sys/kernel/sched_group_upmigrate not supported
11-21 00:36:39.522 E/ANDR-PERF-RESOURCEQS(  552): Failed to reset optimization [3, 21]
11-21 00:36:39.522 E/ANDR-PERF-OPTSHANDLER(  552): Perflock resource /proc/sys/kernel/sched_group_downmigrate not supported
11-21 00:36:39.522 E/ANDR-PERF-RESOURCEQS(  552): Failed to reset optimization [3, 22]
11-21 00:36:39.559 W/StatusBarClientConnection(27399): Messenger is null, ignoring message: { when=-1d8h48m7s285ms barrier=1 }
11-21 00:36:39.587 E/StatusBarClientConnection(27399): Service connected
11-21 00:36:39.596 W/HWComposer(  598): Ignoring duplicate VSYNC event from HWC for display 0 (t=118087322261097)
11-21 00:36:39.615 W/View    (27399): requestLayout() improperly called by android.view.View{c8cdc21 V.ED..... ......I. 0,368-474,474} during layout: running second layout pass
11-21 00:36:39.635 W/View    (27399): requestLayout() improperly called by com.facebook.wearable.common.wds.listview.WdsListView{6c3e91f V.E..V... ........ 0,0-474,474} during second layout pass: posting in next frame
11-21 00:36:40.321 E/ANDR-PERF-OPTSHANDLER(  552): perf_lock_rel: failed for /proc/sys/vm/swap_ratio as previous value is not stored
11-21 00:36:40.322 E/ANDR-PERF-OPTSHANDLER(  552): perf_lock_rel: failed for /sys/class/kgsl/kgsl-3d0/min_pwrlevel as previous value is not stored
11-21 00:36:40.324 E/ANDR-PERF-RESOURCEQS(  552): Failed to reset optimization [3, 0]
11-21 00:36:41.078 E/TaskPersister( 1186): File error accessing recents directory (directory doesn't exist?).
11-21 00:36:42.583 D/UIAutomatorStub( 6483): URI: /jsonrpc/0, Method: POST, Header: {content-length=183, remote-addr=127.0.0.1, http-client-ip=127.0.0.1, host=localhost:9012, content-type=application/json, accept-encoding=identity}, params, {NanoHttpd.QUERY_STRING=null}, files: {postData={"jsonrpc": "2.0", "method": "waitForExists", "id": "73ad20771fefaa3ffe56028d6b91159e", "params": [{"mask": 1, "childOrSibling": [], "childOrSiblingSelector": [], "text": "WiFi"}, 5]}}
11-21 00:36:42.617 D/UIAutomatorStub( 6483): URI: /jsonrpc/0, Method: POST, Header: {content-length=172, remote-addr=127.0.0.1, http-client-ip=127.0.0.1, host=localhost:9012, content-type=application/json, accept-encoding=identity}, params, {NanoHttpd.QUERY_STRING=null}, files: {postData={"jsonrpc": "2.0", "method": "click", "id": "91c38dc5ce310c66263331b66e3b2d48", "params": [{"mask": 1, "childOrSibling": [], "childOrSiblingSelector": [], "text": "WiFi"}]}}
11-21 00:36:42.699 W/StatusBarClientConnection(27399): Messenger is null, ignoring message: { when=-1d8h48m10s425ms barrier=1 }
11-21 00:36:42.724 D/CompatibilityInfo( 1186): mCompatibilityFlags - 4
11-21 00:36:42.724 D/CompatibilityInfo( 1186): applicationDensity - 320
11-21 00:36:42.724 D/CompatibilityInfo( 1186): applicationScale - 1.0
11-21 00:36:42.732 E/StatusBarClientConnection(27399): Service connected
11-21 00:36:42.736 D/WifiConnector( 2870): Network State Changed
11-21 00:36:42.743 W/View    (27399): requestLayout() improperly called by android.view.View{f2f3d89 V.ED..... ......I. 0,368-474,474} during layout: running second layout pass
11-21 00:36:42.751 D/WifiSharingService( 2870): Starting Wi-Fi scan
11-21 00:36:42.752 I/WifiService( 1186): startScan uid=1000
11-21 00:36:42.759 W/View    (27399): requestLayout() improperly called by com.facebook.wearable.common.wds.listview.WdsListView{b50a5c4 V.E..V... ........ 0,0-474,474} during second layout pass: posting in next frame
11-21 00:36:42.762 D/WifiNative( 1186): Scan trigered from WifiNative
11-21 00:36:42.763 I/chatty  ( 1026): uid=1021(gps) lowi-server expire 106 lines
11-21 00:36:42.764 V/WifiHAL (  544): event received NL80211_CMD_TRIGGER_SCAN
11-21 00:36:43.327 V/WifiHAL (  544): event received NL80211_CMD_NEW_SCAN_RESULTS
11-21 00:36:43.328 D/WifiNl80211Manager( 1186): Scan result ready event
11-21 00:36:43.328 D/WifiNative( 1186): Scan result ready event
11-21 00:36:43.337 D/LOWI-9.0.0.80( 1026): [LOWI-Scan] 
11-21 00:36:43.337 D/LOWI-9.0.0.80( 1026): [LOWI-Scan] print_bss_handler: Report Probe TSF 118062383938 as it greater than Beacon TSF 117440603285
11-21 00:36:43.337 I/LOWI-9.0.0.80( 1026): [LOWI-Scan] RSN_IE
11-21 00:36:43.337 D/LOWI-9.0.0.80( 1026): [LOWI-Scan] decode_rsn_wpa_ie: Entered
11-21 00:36:43.337 D/LOWI-9.0.0.80( 1026): [LOWIUtils] hexDump: msg(30 14 01 00 00 0f ac 04 01 00 00 0f ac 04 01 00 00 0f ac 02 )
11-21 00:36:43.337 D/LOWI-9.0.0.80( 1026): [LOWI-Scan] decode_rsn_wpa_ie: LOWI_ENCRYPTION_TYPE_WPA_PSK
11-21 00:36:43.337 D/LOWI-9.0.0.80( 1026): [LOWI-Scan] is_qcom_ie, bss_age: 57
11-21 00:36:43.337 D/LOWI-9.0.0.80( 1026): [LOWI-Scan] adjust_age:AP AGE upper limit reached. Dont store
11-21 00:36:43.337 D/LOWI-9.0.0.80( 1026): [LOWI-Scan] BSS 18:64:72:60:2b:40 LOWI_PHY_MODE_11NG_HT20(5), Beacon Interval: 100, LOWI_ENCRYPTION_TYPE_WPA_PSK 11mcRanging: No, ANQP: No, LCI: No, Civic: No, capability(0x0431): ESS Privacy ShortPreamble ShortSlotTime
11-21 00:36:43.337 D/LOWI-9.0.0.80( 1026): [LOWI-Scan] BSS 18:64:72:60:2b:40 FREQ: 2412, cFreq1[40:80:160] = [0:0:0] cFreq2 = 0 Country Code =    
11-21 00:36:43.338 D/LOWI-9.0.0.80( 1026): [LOWI-Scan] BSS 18:64:72:60:2b:40 (wlan0) ASSO: NO AddInfo: 0x0, TSF 1, 08:47:42.383, RSSI: -140, CPL: 127, AGE: 28670,  SSID lab-t24103779, TSFDelta: 0x0, TXRate: 0
11-21 00:36:43.338 D/LOWI-9.0.0.80( 1026): [LOWI-Scan] 
11-21 00:36:43.338 D/LOWI-9.0.0.80( 1026): [LOWI-Scan] print_bss_handler: Report Probe TSF 118062384093 as it greater than Beacon TSF 117501197063
11-21 00:36:43.338 I/LOWI-9.0.0.80( 1026): [LOWI-Scan] RSN_IE
11-21 00:36:43.338 D/LOWI-9.0.0.80( 1026): [LOWI-Scan] decode_rsn_wpa_ie: Entered
11-21 00:36:43.338 D/LOWI-9.0.0.80( 1026): [LOWIUtils] hexDump: msg(30 14 01 00 00 0f ac 04 01 00 00 0f ac 04 01 00 00 0f ac 02 )
11-21 00:36:43.338 D/LOWI-9.0.0.80( 1026): [LOWI-Scan] decode_rsn_wpa_ie: LOWI_ENCRYPTION_TYPE_WPA_PSK
11-21 00:36:43.338 D/LOWI-9.0.0.80( 1026): [LOWI-Scan] is_qcom_ie, bss_age: 29
11-21 00:36:43.338 D/LOWI-9.0.0.80( 1026): [LOWI-Scan] adjust_age:AP AGE upper limit reached. Dont store
11-21 00:36:43.338 D/LOWI-9.0.0.80( 1026): [LOWI-Scan] BSS 2c:57:41:89:63:c1 LOWI_PHY_MODE_11NG_HT20(5), Beacon Interval: 100, LOWI_ENCRYPTION_TYPE_WPA_PSK 11mcRanging: No, ANQP: No, LCI: No, Civic: No, capability(0x1411): ESS Privacy ShortSlotTime
11-21 00:36:43.339 D/LOWI-9.0.0.80( 1026): [LOWI-Scan] BSS 2c:57:41:89:63:c1 FREQ: 2437, cFreq1[40:80:160] = [0:0:0] cFreq2 = 0 Country Code = US
11-21 00:36:43.339 D/LOWI-9.0.0.80( 1026): [LOWI-Scan] BSS 2c:57:41:89:63:c1 (wlan0) ASSO: NO AddInfo: 0x0, TSF 1, 08:47:42.384, RSSI: -160, CPL: 2, AGE: 28670,  SSID kittyhawk, TSFDelta: 0x0, TXRate: 0
11-21 00:36:43.339 D/LOWI-9.0.0.80( 1026): [LOWI-Scan] 
11-21 00:36:43.339 D/LOWI-9.0.0.80( 1026): [LOWI-Scan] print_bss_handler: Report Probe TSF 118091052249 as it greater than Beacon TSF 0
11-21 00:36:43.339 I/LOWI-9.0.0.80( 1026): [LOWI-Scan] RSN_IE
11-21 00:36:43.339 D/LOWI-9.0.0.80( 1026): [LOWI-Scan] decode_rsn_wpa_ie: Entered
11-21 00:36:43.339 D/LOWI-9.0.0.80( 1026): [LOWIUtils] hexDump: msg(30 14 01 00 00 0f ac 04 01 00 00 0f ac 04 01 00 00 0f ac 02 )
11-21 00:36:43.339 D/LOWI-9.0.0.80( 1026): [LOWI-Scan] decode_rsn_wpa_ie: LOWI_ENCRYPTION_TYPE_WPA_PSK
11-21 00:36:43.339 D/LOWI-9.0.0.80( 1026): [LOWI-Scan] is_qcom_ie, bss_age: 48
11-21 00:36:43.340 D/LOWI-9.0.0.80( 1026): [LOWI-Scan] BSS 2c:57:41:88:72:e1 LOWI_PHY_MODE_11NG_HT20(5), Beacon Interval: 100, LOWI_ENCRYPTION_TYPE_WPA_PSK 11mcRanging: No, ANQP: No, LCI: No, Civic: No, capability(0x1411): ESS Privacy ShortSlotTime
11-21 00:36:43.340 D/LOWI-9.0.0.80( 1026): [LOWI-Scan] BSS 2c:57:41:88:72:e1 FREQ: 2412, cFreq1[40:80:160] = [0:0:0] cFreq2 = 0 Country Code = US
11-21 00:36:43.340 D/LOWI-9.0.0.80( 1026): [LOWI-Scan] BSS 2c:57:41:88:72:e1 (wlan0) ASSO: NO AddInfo: 0x0, TSF 1, 08:48:11.052, RSSI: -142, CPL: 3, AGE: 0,  SSID kittyhawk, TSFDelta: 0x0, TXRate: 0
11-21 00:36:43.340 D/LOWI-9.0.0.80( 1026): [LOWI-Scan] 
11-21 00:36:43.340 D/LOWI-9.0.0.80( 1026): [LOWI-Scan] print_bss_handler: Report Probe TSF 118091052310 as it greater than Beacon TSF 117912412365
11-21 00:36:43.340 I/LOWI-9.0.0.80( 1026): [LOWI-Scan] RSN_IE
11-21 00:36:43.340 D/LOWI-9.0.0.80( 1026): [LOWI-Scan] decode_rsn_wpa_ie: Entered
11-21 00:36:43.340 D/LOWI-9.0.0.80( 1026): [LOWIUtils] hexDump: msg(30 14 01 00 00 0f ac 04 01 00 00 0f ac 04 01 00 00 0f ac 02 )
11-21 00:36:43.341 D/LOWI-9.0.0.80( 1026): [LOWI-Scan] decode_rsn_wpa_ie: LOWI_ENCRYPTION_TYPE_WPA_PSK
11-21 00:36:43.341 D/LOWI-9.0.0.80( 1026): [LOWI-Scan] is_qcom_ie, bss_age: 48
11-21 00:36:43.341 D/LOWI-9.0.0.80( 1026): [LOWI-Scan] BSS 2c:57:41:86:7a:61 LOWI_PHY_MODE_11NG_HT20(5), Beacon Interval: 100, LOWI_ENCRYPTION_TYPE_WPA_PSK 11mcRanging: No, ANQP: No, LCI: No, Civic: No, capability(0x1411): ESS Privacy ShortSlotTime
11-21 00:36:43.341 D/LOWI-9.0.0.80( 1026): [LOWI-Scan] BSS 2c:57:41:86:7a:61 FREQ: 2412, cFreq1[40:80:160] = [0:0:0] cFreq2 = 0 Country Code = US
11-21 00:36:43.341 D/LOWI-9.0.0.80( 1026): [LOWI-Scan] BSS 2c:57:41:86:7a:61 (wlan0) ASSO: NO AddInfo: 0x0, TSF 1, 08:48:11.052, RSSI: -146, CPL: 3, AGE: 0,  SSID kittyhawk, TSFDelta: 0x0, TXRate: 0
11-21 00:36:43.341 D/LOWI-9.0.0.80( 1026): [LOWI-Scan] 
11-21 00:36:43.341 D/LOWI-9.0.0.80( 1026): [LOWI-Scan] print_bss_handler: Report Probe TSF 118062384189 as it greater than Beacon TSF 118012341696
11-21 00:36:43.342 I/LOWI-9.0.0.80( 1026): [LOWI-Scan] RSN_IE
11-21 00:36:43.342 D/LOWI-9.0.0.80( 1026): [LOWI-Scan] decode_rsn_wpa_ie: Entered
11-21 00:36:43.342 D/LOWI-9.0.0.80( 1026): [LOWIUtils] hexDump: msg(30 18 01 00 00 0f ac 02 02 00 00 0f ac 02 00 0f ac 04 01 00 00 0f ac 02 )
11-21 00:36:43.342 D/LOWI-9.0.0.80( 1026): [LOWI-Scan] decode_rsn_wpa_ie: LOWI_ENCRYPTION_TYPE_WPA_PSK
11-21 00:36:43.342 D/LOWI-9.0.0.80( 1026): [LOWI-Scan] is_qcom_ie, bss_age: 31
11-21 00:36:43.342 D/LOWI-9.0.0.80( 1026): [LOWI-Scan] adjust_age:AP AGE upper limit reached. Dont store
11-21 00:36:43.342 D/LOWI-9.0.0.80( 1026): [LOWI-Scan] BSS 18:4f:32:07:46:03 LOWI_PHY_MODE_11NG_HT20(5), Beacon Interval: 100, LOWI_ENCRYPTION_TYPE_WPA_PSK 11mcRanging: No, ANQP: No, LCI: No, Civic: No, capability(0x0431): ESS Privacy ShortPreamble ShortSlotTime
11-21 00:36:43.342 D/LOWI-9.0.0.80( 1026): [LOWI-Scan] BSS 18:4f:32:07:46:03 FREQ: 2437, cFreq1[40:80:160] = [0:0:0] cFreq2 = 0 Country Code =    
11-21 00:36:43.342 D/LOWI-9.0.0.80( 1026): [LOWI-Scan] BSS 18:4f:32:07:46:03 (wlan0) ASSO: NO AddInfo: 0x0, TSF 1, 08:47:42.384, RSSI: -166, CPL: 127, AGE: 28670,  SSID HP-Print-03-LaserJet Pro MFP, TSFDelta: 0x0, TXRate: 0
11-21 00:36:43.343 D/LOWI-9.0.0.80( 1026): [LOWI-Scan] 
11-21 00:36:43.343 D/LOWI-9.0.0.80( 1026): [LOWI-Scan] print_bss_handler: Report Probe TSF 118091052377 as it greater than Beacon TSF 0
11-21 00:36:43.343 I/LOWI-9.0.0.80( 1026): [LOWI-Scan] RSN_IE
11-21 00:36:43.343 D/LOWI-9.0.0.80( 1026): [LOWI-Scan] decode_rsn_wpa_ie: Entered
11-21 00:36:43.343 D/LOWI-9.0.0.80( 1026): [LOWIUtils] hexDump: msg(30 14 01 00 00 0f ac 04 01 00 00 0f ac 04 01 00 00 0f ac 02 )
11-21 00:36:43.343 D/LOWI-9.0.0.80( 1026): [LOWI-Scan] decode_rsn_wpa_ie: LOWI_ENCRYPTION_TYPE_WPA_PSK
11-21 00:36:43.343 D/LOWI-9.0.0.80( 1026): [LOWI-Scan] is_qcom_ie, bss_age: 4
11-21 00:36:43.343 D/LOWI-9.0.0.80( 1026): [LOWI-Scan] BSS 18:64:72:60:2e:e0 LOWI_PHY_MODE_11NG_HT20(5), Beacon Interval: 100, LOWI_ENCRYPTION_TYPE_WPA_PSK 11mcRanging: No, ANQP: No, LCI: No, Civic: No, capability(0x0431): ESS Privacy ShortPreamble ShortSlotTime
11-21 00:36:43.343 D/LOWI-9.0.0.80( 1026): [LOWI-Scan] BSS 18:64:72:60:2e:e0 FREQ: 2462, cFreq1[40:80:160] = [0:0:0] cFreq2 = 0 Country Code =    
11-21 00:36:43.343 D/LOWI-9.0.0.80( 1026): [LOWI-Scan] BSS 18:64:72:60:2e:e0 (wlan0) ASSO: NO AddInfo: 0x0, TSF 1, 08:48:11.052, RSSI: -156, CPL: 127, AGE: 0,  SSID lab-t24103779, TSFDelta: 0x0, TXRate: 0
11-21 00:36:43.344 D/LOWI-9.0.0.80( 1026): [LOWI-Scan] 
11-21 00:36:43.344 D/LOWI-9.0.0.80( 1026): [LOWI-Scan] print_bss_handler: Report Probe TSF 118062383917 as it greater than Beacon TSF 117962433476
11-21 00:36:43.344 I/LOWI-9.0.0.80( 1026): [LOWI-Scan] RSN_IE
11-21 00:36:43.344 D/LOWI-9.0.0.80( 1026): [LOWI-Scan] decode_rsn_wpa_ie: Entered
11-21 00:36:43.344 D/LOWI-9.0.0.80( 1026): [LOWIUtils] hexDump: msg(30 14 01 00 00 0f ac 04 01 00 00 0f ac 04 01 00 00 0f ac 02 )
11-21 00:36:43.344 D/LOWI-9.0.0.80( 1026): [LOWI-Scan] decode_rsn_wpa_ie: LOWI_ENCRYPTION_TYPE_WPA_PSK
11-21 00:36:43.344 D/LOWI-9.0.0.80( 1026): [LOWI-Scan] is_qcom_ie, bss_age: 50
11-21 00:36:43.344 D/LOWI-9.0.0.80( 1026): [LOWI-Scan] adjust_age:AP AGE upper limit reached. Dont store
11-21 00:36:43.344 D/LOWI-9.0.0.80( 1026): [LOWI-Scan] BSS 52:b8:14:37:74:3f LOWI_PHY_MODE_11AC_VHT20_2G(11), Beacon Interval: 100, LOWI_ENCRYPTION_TYPE_WPA_PSK 11mcRanging: No, ANQP: No, LCI: No, Civic: No, capability(0x1431): ESS Privacy ShortPreamble ShortSlotTime
11-21 00:36:43.344 D/LOWI-9.0.0.80( 1026): [LOWI-Scan] BSS 52:b8:14:37:74:3f FREQ: 2417, cFreq1[40:80:160] = [0:0:0] cFreq2 = 0 Country Code =    
11-21 00:36:43.344 D/LOWI-9.0.0.80( 1026): [LOWI-Scan] BSS 52:b8:14:37:74:3f (wlan0) ASSO: NO AddInfo: 0x0, TSF 1, 08:47:42.383, RSSI: -114, CPL: 127, AGE: 28670,  SSID Pixel_8668, TSFDelta: 0x0, TXRate: 0
11-21 00:36:43.345 D/LOWI-9.0.0.80( 1026): [LOWI-Scan] 
11-21 00:36:43.345 D/LOWI-9.0.0.80( 1026): [LOWI-Scan] print_bss_handler: Report Probe TSF 118091052332 as it greater than Beacon TSF 0
11-21 00:36:43.345 I/LOWI-9.0.0.80( 1026): [LOWI-Scan] RSN_IE
11-21 00:36:43.345 D/LOWI-9.0.0.80( 1026): [LOWI-Scan] decode_rsn_wpa_ie: Entered
11-21 00:36:43.345 D/WificondScannerImpl( 1186): Filtering out 5 scan results.
11-21 00:36:43.345 D/LOWI-9.0.0.80( 1026): [LOWIUtils] hexDump: msg(30 14 01 00 00 0f ac 04 01 00 00 0f ac 04 01 00 00 0f ac 02 )
11-21 00:36:43.345 D/LOWI-9.0.0.80( 1026): [LOWI-Scan] decode_rsn_wpa_ie: LOWI_ENCRYPTION_TYPE_WPA_PSK
11-21 00:36:43.345 D/LOWI-9.0.0.80( 1026): [LOWI-Scan] is_qcom_ie, bss_age: 6
11-21 00:36:43.345 D/LOWI-9.0.0.80( 1026): [LOWI-Scan] BSS 2c:57:41:86:85:21 LOWI_PHY_MODE_11NG_HT20(5), Beacon Interval: 100, LOWI_ENCRYPTION_TYPE_WPA_PSK 11mcRanging: No, ANQP: No, LCI: No, Civic: No, capability(0x1411): ESS Privacy ShortSlotTime
11-21 00:36:43.345 D/LOWI-9.0.0.80( 1026): [LOWI-Scan] BSS 2c:57:41:86:85:21 FREQ: 2462, cFreq1[40:80:160] = [0:0:0] cFreq2 = 0 Country Code = US
11-21 00:36:43.345 D/LOWI-9.0.0.80( 1026): [LOWI-Scan] BSS 2c:57:41:86:85:21 (wlan0) ASSO: NO AddInfo: 0x0, TSF 1, 08:48:11.052, RSSI: -152, CPL: 2, AGE: 0,  SSID kittyhawk, TSFDelta: 0x0, TXRate: 0
11-21 00:36:43.346 D/LOWI-9.0.0.80( 1026): [LOWI-Scan] 
11-21 00:36:43.346 D/LOWI-9.0.0.80( 1026): [LOWI-Scan] print_bss_handler: Report Probe TSF 118062384214 as it greater than Beacon TSF 0
11-21 00:36:43.346 I/LOWI-9.0.0.80( 1026): [LOWI-Scan] RSN_IE
11-21 00:36:43.346 D/LOWI-9.0.0.80( 1026): [LOWI-Scan] decode_rsn_wpa_ie: Entered
11-21 00:36:43.346 D/LOWI-9.0.0.80( 1026): [LOWIUtils] hexDump: msg(30 14 01 00 00 0f ac 04 01 00 00 0f ac 04 01 00 00 0f ac 02 )
11-21 00:36:43.346 D/LOWI-9.0.0.80( 1026): [LOWI-Scan] decode_rsn_wpa_ie: LOWI_ENCRYPTION_TYPE_WPA_PSK
11-21 00:36:43.346 D/LOWI-9.0.0.80( 1026): [LOWI-Scan] is_qcom_ie, bss_age: 15
11-21 00:36:43.346 D/LOWI-9.0.0.80( 1026): [LOWI-Scan] adjust_age:AP AGE upper limit reached. Dont store
11-21 00:36:43.346 D/LOWI-9.0.0.80( 1026): [LOWI-Scan] BSS 00:24:b1:02:cb:dc LOWI_PHY_MODE_11NG_HT20(5), Beacon Interval: 100, LOWI_ENCRYPTION_TYPE_WPA_PSK 11mcRanging: No, ANQP: No, LCI: No, Civic: No, capability(0x0431): ESS Privacy ShortPreamble ShortSlotTime
11-21 00:36:43.346 D/LOWI-9.0.0.80( 1026): [LOWI-Scan] BSS 00:24:b1:02:cb:dc FREQ: 2452, cFreq1[40:80:160] = [0:0:0] cFreq2 = 0 Country Code =    
11-21 00:36:43.347 D/LOWI-9.0.0.80( 1026): [LOWI-Scan] BSS 00:24:b1:02:cb:dc (wlan0) ASSO: NO AddInfo: 0x0, TSF 1, 08:47:42.384, RSSI: -180, CPL: 127, AGE: 28670,  SSID 0024b1000002cbdc, TSFDelta: 0x0, TXRate: 0
11-21 00:36:43.347 D/LOWI-9.0.0.80( 1026): [LOWI-Scan] 
11-21 00:36:43.347 D/LOWI-9.0.0.80( 1026): [LOWI-Scan] print_bss_handler: Report Probe TSF 118091052230 as it greater than Beacon TSF 118062383958
11-21 00:36:43.347 I/LOWI-9.0.0.80( 1026): [LOWI-Scan] RSN_IE
11-21 00:36:43.347 D/LOWI-9.0.0.80( 1026): [LOWI-Scan] decode_rsn_wpa_ie: Entered
11-21 00:36:43.347 D/LOWI-9.0.0.80( 1026): [LOWIUtils] hexDump: msg(30 14 01 00 00 0f ac 04 01 00 00 0f ac 04 01 00 00 0f ac 02 )
11-21 00:36:43.347 D/LOWI-9.0.0.80( 1026): [LOWI-Scan] decode_rsn_wpa_ie: LOWI_ENCRYPTION_TYPE_WPA_PSK
11-21 00:36:43.348 D/LOWI-9.0.0.80( 1026): [LOWI-Scan] is_qcom_ie, bss_age: 4
11-21 00:36:43.348 D/LOWI-9.0.0.80( 1026): [LOWI-Scan] BSS 2c:57:41:86:90:a1 LOWI_PHY_MODE_11NG_HT20(5), Beacon Interval: 100, LOWI_ENCRYPTION_TYPE_WPA_PSK 11mcRanging: No, ANQP: No, LCI: No, Civic: No, capability(0x1411): ESS Privacy ShortSlotTime
11-21 00:36:43.348 D/LOWI-9.0.0.80( 1026): [LOWI-Scan] BSS 2c:57:41:86:90:a1 FREQ: 2462, cFreq1[40:80:160] = [0:0:0] cFreq2 = 0 Country Code = US
11-21 00:36:43.348 D/LOWI-9.0.0.80( 1026): [LOWI-Scan] BSS 2c:57:41:86:90:a1 (wlan0) ASSO: NO AddInfo: 0x0, TSF 1, 08:48:11.052, RSSI: -140, CPL: 2, AGE: 0,  SSID kittyhawk, TSFDelta: 0x0, TXRate: 0
11-21 00:36:43.348 D/LOWI-9.0.0.80( 1026): [LOWI-Scan] 
11-21 00:36:43.348 D/LOWI-9.0.0.80( 1026): [LOWI-Scan] print_bss_handler: Report Probe TSF 118091052398 as it greater than Beacon TSF 0
11-21 00:36:43.348 I/LOWI-9.0.0.80( 1026): [LOWI-Scan] RSN_IE
11-21 00:36:43.349 D/LOWI-9.0.0.80( 1026): [LOWI-Scan] decode_rsn_wpa_ie: Entered
11-21 00:36:43.349 D/LOWI-9.0.0.80( 1026): [LOWIUtils] hexDump: msg(30 14 01 00 00 0f ac 04 01 00 00 0f ac 04 01 00 00 0f ac 02 )
11-21 00:36:43.349 D/LOWI-9.0.0.80( 1026): [LOWI-Scan] decode_rsn_wpa_ie: LOWI_ENCRYPTION_TYPE_WPA_PSK
11-21 00:36:43.349 D/LOWI-9.0.0.80( 1026): [LOWI-Scan] is_qcom_ie, bss_age: 27
11-21 00:36:43.349 D/LOWI-9.0.0.80( 1026): [LOWI-Scan] BSS 2c:57:41:86:76:61 LOWI_PHY_MODE_11NG_HT20(5), Beacon Interval: 100, LOWI_ENCRYPTION_TYPE_WPA_PSK 11mcRanging: No, ANQP: No, LCI: No, Civic: No, capability(0x1411): ESS Privacy ShortSlotTime
11-21 00:36:43.349 D/LOWI-9.0.0.80( 1026): [LOWI-Scan] BSS 2c:57:41:86:76:61 FREQ: 2437, cFreq1[40:80:160] = [0:0:0] cFreq2 = 0 Country Code = US
11-21 00:36:43.349 D/LOWI-9.0.0.80( 1026): [LOWI-Scan] BSS 2c:57:41:86:76:61 (wlan0) ASSO: NO AddInfo: 0x0, TSF 1, 08:48:11.052, RSSI: -160, CPL: 2, AGE: 0,  SSID kittyhawk, TSFDelta: 0x0, TXRate: 0
11-21 00:36:43.349 D/LOWI-9.0.0.80( 1026): [LOWI-Scan] 
11-21 00:36:43.350 D/LOWI-9.0.0.80( 1026): [LOWI-Scan] print_bss_handler: Report Probe TSF 118091052354 as it greater than Beacon TSF 0
11-21 00:36:43.350 I/LOWI-9.0.0.80( 1026): [LOWI-Scan] RSN_IE
11-21 00:36:43.350 D/LOWI-9.0.0.80( 1026): [LOWI-Scan] decode_rsn_wpa_ie: Entered
11-21 00:36:43.350 D/LOWI-9.0.0.80( 1026): [LOWIUtils] hexDump: msg(30 14 01 00 00 0f ac 04 01 00 00 0f ac 04 01 00 00 0f ac 02 )
11-21 00:36:43.350 D/LOWI-9.0.0.80( 1026): [LOWI-Scan] decode_rsn_wpa_ie: LOWI_ENCRYPTION_TYPE_WPA_PSK
11-21 00:36:43.350 D/LOWI-9.0.0.80( 1026): [LOWI-Scan] is_qcom_ie, bss_age: 50
11-21 00:36:43.350 D/LOWI-9.0.0.80( 1026): [LOWI-Scan] BSS 2c:57:41:89:53:21 LOWI_PHY_MODE_11NG_HT20(5), Beacon Interval: 100, LOWI_ENCRYPTION_TYPE_WPA_PSK 11mcRanging: No, ANQP: No, LCI: No, Civic: No, capability(0x1411): ESS Privacy ShortSlotTime
11-21 00:36:43.350 D/LOWI-9.0.0.80( 1026): [LOWI-Scan] BSS 2c:57:41:89:53:21 FREQ: 2412, cFreq1[40:80:160] = [0:0:0] cFreq2 = 0 Country Code = US
11-21 00:36:43.350 D/LOWI-9.0.0.80( 1026): [LOWI-Scan] BSS 2c:57:41:89:53:21 (wlan0) ASSO: NO AddInfo: 0x0, TSF 1, 08:48:11.052, RSSI: -160, CPL: 3, AGE: 0,  SSID kittyhawk, TSFDelta: 0x0, TXRate: 0
11-21 00:36:43.350 D/LOWI-9.0.0.80( 1026): [LOWIDiagLog] Log: lowiMeasResult->request: invalid null argument
11-21 00:36:43.350 I/LOWI-9.0.0.80( 1026): [LOWI-Scan] lowi_close_record:Scan done in 118047121ms, 22 APs in scan results
11-21 00:36:43.350 D/LOWI-9.0.0.80( 1026): [LOWI-Scan] WipsScanUsingNL: passive scan cached 0, took 9230 ms, err 0
11-21 00:36:43.350 D/LOWI-9.0.0.80( 1026): [LOWI-Scan] lowi_proc_req_passive_scan_with_live_meas - No WLAN Frames to be parsed
11-21 00:36:43.350 D/LOWI-9.0.0.80( 1026): [LOWIScanResultReceiver] Send scan meas to listener
11-21 00:36:43.351 D/LOWI-9.0.0.80( 1026): [LOWIScanResultReceiver] Enter passive listening mode
11-21 00:36:43.351 D/LOWI-9.0.0.80( 1026): [LOWIWifiDriverInterface] getMeasurements - Passive listening mode
11-21 00:36:43.351 D/LOWI-9.0.0.80( 1026): [LOWI-Scan] WipsScanUsingNL:wait -1 sec for netlink message
11-21 00:36:43.351 D/LOWI-9.0.0.80( 1026): [LOWIEventReceiver] handleEvent:FROM:NA, TO:NA, REQ:NA, IREQ:NA, REQ_ID:0, RESP:NA, INFO:NA
11-21 00:36:43.351 D/LOWI-9.0.0.80( 1026): [LOWIBackgroundScanMgr] isRspForBgScanMgr: evt(LOWI_NO_EVT) - not handled
11-21 00:36:43.351 D/LOWI-9.0.0.80( 1026): [LOWIScheduler] manageMsg: NULL results or NULL request in results
11-21 00:36:43.351 D/LOWI-9.0.0.80( 1026): [LOWIController] Measurements received
11-21 00:36:43.351 D/LOWI-9.0.0.80( 1026): [LOWICacheManager] putInCache:Num of Meas to add: 22
11-21 00:36:43.352 D/LOWI-9.0.0.80( 1026): [LOWIController] processMeasurementResults: No current Request. Cache measurements
11-21 00:36:43.352 D/LOWI-9.0.0.80( 1026): [LOWIControllerExtn] sendLOWILpDiscoveryScanResponse: Not a discovery scan response
11-21 00:36:43.356 D/PasspointManager( 1186): ANQP entry not found for: 5e:6e:be:46:77:d7:<Pixel_R3>
11-21 00:36:43.357 D/PasspointManager( 1186): ANQP entry not found for: 12:d7:96:61:85:9f:<Pixel_R5>
11-21 00:36:43.357 D/PasspointManager( 1186): ANQP entry not found for: ce:dc:12:3b:87:fd:<Pixel5_R1>
11-21 00:36:43.357 D/PasspointManager( 1186): ANQP entry not found for: fe:2d:5a:49:61:eb:<Pixel_R2>
11-21 00:36:43.358 D/PasspointManager( 1186): ANQP entry not found for: c6:82:9b:4e:b3:9e:<Pixel_R6>
11-21 00:36:43.408 D/WifiSharingService( 2870): Sending scanResults intent with status code 0: PendingIntent{1c2ff4e: android.os.BinderProxy@3567ffb}
11-21 00:36:43.414 D/CompatibilityInfo( 1186): mCompatibilityFlags - 4
11-21 00:36:43.414 D/CompatibilityInfo( 1186): applicationDensity - 320
11-21 00:36:43.414 D/CompatibilityInfo( 1186): applicationScale - 1.0
11-21 00:36:44.370 W/HWComposer(  598): Ignoring duplicate VSYNC event from HWC for display 0 (t=118092096079637)
11-21 00:36:44.438 W/HWComposer(  598): Ignoring duplicate VSYNC event from HWC for display 0 (t=118092163556668)
11-21 00:36:45.180 W/HWComposer(  598): Ignoring duplicate VSYNC event from HWC for display 0 (t=118092905745001)
11-21 00:36:45.231 W/HWComposer(  598): Ignoring duplicate VSYNC event from HWC for display 0 (t=118092956354324)
11-21 00:36:45.358 D/mcu_health_checker( 1029): Sent MCU Health Request
11-21 00:36:45.358 D/commandrouter( 1006): SocServiceHandle::onServiceMessage, SoC Service = mcu_healthcheck_1029, appType = 1, type = SVC_REQ, clientId = 0, token = 3933, payloadLen = 12, result = 0, payload.size() = 12
11-21 00:36:45.362 D/commandrouter( 1006): mcu_healthcheck_1029 (1, merlot:mcu_health:control): <ServiceResponse> FORWARDED (remote -> local) CR token ID = 3933, service client ID = 40, token ID = 45196, result = 0
11-21 00:36:45.362 D/mcu_health_checker( 1029): MCU Health Response: MCU_OK
11-21 00:36:45.362 D/mcu_health_checker( 1029): MCU Session 0, uptime = 118050360 ms
11-21 00:36:45.362 D/mculinkhealth( 1029): isMcuReachable 1 (4 ms)
11-21 00:36:45.753 D/UIAutomatorStub( 6483): URI: /jsonrpc/0, Method: POST, Header: {content-length=229, remote-addr=127.0.0.1, http-client-ip=127.0.0.1, host=localhost:9012, content-type=application/json, accept-encoding=identity}, params, {NanoHttpd.QUERY_STRING=null}, files: {postData={"jsonrpc": "2.0", "method": "objInfo", "id": "a5e71a4e1948365d94519b485d0d6a16", "params": [{"mask": 2097152, "childOrSibling": [], "childOrSiblingSelector": [], "resourceId": "com.facebook.wearable.system.settings:id/toggle"}]}}
11-21 00:36:45.850 D/UIAutomatorStub( 6483): URI: /jsonrpc/0, Method: POST, Header: {content-length=227, remote-addr=127.0.0.1, http-client-ip=127.0.0.1, host=localhost:9012, content-type=application/json, accept-encoding=identity}, params, {NanoHttpd.QUERY_STRING=null}, files: {postData={"jsonrpc": "2.0", "method": "click", "id": "dd0180eff20e82093c017af95d0d7e4d", "params": [{"mask": 2097152, "childOrSibling": [], "childOrSiblingSelector": [], "resourceId": "com.facebook.wearable.system.settings:id/toggle"}]}}
11-21 00:36:45.920 D/WifiSharingService( 2870): Setting Wi-Fi enabled state
11-21 00:36:45.921 I/WifiService( 1186): setWifiEnabled package=com.facebook.wearable.system.connectivity uid=1000 enable=false
11-21 00:36:45.923 D/WifiActiveModeWarden( 1186): Switching all client mode managers
11-21 00:36:45.924 D/QCNEJ/WlanStaInfoRelay( 1907): onChange for uri = content://settings/global/wifi_on
11-21 00:36:45.927 D/BluetoothAdapterService( 1710): android.net.wifi.WIFI_STATE_CHANGED
11-21 00:36:45.932 D/WifiP2pService( 1186): Wifi enabled=false, P2P Interface availability=true
11-21 00:36:45.933 D/WifiP2pNative( 1186): Teardown P2P interface
11-21 00:36:45.933 E/QMI_FW  (  915): qmi_cci_get_ref: ref count increased 2
11-21 00:36:45.935 W/ContextImpl( 1186): Calling a method in the system process without a qualified user: android.app.ContextImpl.sendBroadcastMultiplePermissions:1143 android.content.Context.sendBroadcastWithMultiplePermissions:2150 com.android.server.display.WifiDisplayAdapter.handleSendStatusChangeBroadcast:440 com.android.server.display.WifiDisplayAdapter.access$1700:63 com.android.server.display.WifiDisplayAdapter$WifiDisplayHandler.handleMessage:675 
11-21 00:36:45.937 D/WifiP2pService( 1186): Wifi enabled=false, P2P Interface availability=true
11-21 00:36:45.941 D/WifiClientModeManager0( 1186): IMS not registered over IWLAN for subId: 1
11-21 00:36:45.941 D/WifiClientModeManager0( 1186): The target role 5
11-21 00:36:45.956 W/HWComposer(  598): Ignoring duplicate VSYNC event from HWC for display 0 (t=118093681607345)
11-21 00:36:45.971 I/android_os_HwBinder( 1186): HwBinder: Starting thread pool for getting: android.hardware.wifi.supplicant@1.0::ISupplicant/default
11-21 00:36:45.980 I/wpa_supplicant( 9801): p2p0: Do not deauthenticate as part of interface deinit since WoWLAN is enabled
11-21 00:36:46.045 E/wpa_supplicant( 9801): eap_proxy: pthread_join on eap_proxy=0x3573fa8
11-21 00:36:46.046 E/wpa_supplicant( 9801): eap_proxy: session not started for client = 1
11-21 00:36:46.046 E/QMI_FW  ( 9801): qmi_cci_get_ref: ref count increased 2
11-21 00:36:46.046 E/QMI_FW  ( 9801): qmi_cci_get_ref: ref count increased 2
11-21 00:36:46.048 E/wpa_supplicant( 9801): eap_proxy: Released QMI UIM service client
11-21 00:36:46.048 E/QMI_FW  ( 9801): qmi_cci_get_ref: ref count increased 2
11-21 00:36:46.048 E/QMI_FW  ( 9801): qmi_cci_get_ref: ref count increased 2
11-21 00:36:46.051 E/wpa_supplicant( 9801): eap_proxy: Released QMI EAP service client
11-21 00:36:46.051 E/wpa_supplicant( 9801): eap_proxy: session not started for client = 2
11-21 00:36:46.051 E/QMI_FW  ( 9801): qmi_cci_get_ref: ref count increased 2
11-21 00:36:46.051 E/QMI_FW  ( 9801): qmi_cci_get_ref: ref count increased 2
11-21 00:36:46.053 E/wpa_supplicant( 9801): eap_proxy: Released QMI UIM service client
11-21 00:36:46.053 E/QMI_FW  ( 9801): qmi_cci_get_ref: ref count increased 2
11-21 00:36:46.053 E/QMI_FW  ( 9801): qmi_cci_get_ref: ref count increased 2
11-21 00:36:46.055 E/wpa_supplicant( 9801): eap_proxy: Released QMI EAP service client
11-21 00:36:46.056 I/wpa_supplicant( 9801): eap_proxy: eap_proxy Deinitialzed
11-21 00:36:46.096 I/wpa_supplicant( 9801): nl80211: deinit ifname=p2p0 disabled_11b_rates=0
11-21 00:36:46.135 D/LOWI-9.0.0.80( 1026): [LOWINetlinkSocketReceiver] unpackRTMLinkMessage: RTM_NEWLINK - ifname p2p0, flags 0x1003 ([UP])
11-21 00:36:46.179 D/LOWI-9.0.0.80( 1026): [LOWINetlinkSocketReceiver] unpackRTMLinkMessage: RTM_NEWLINK - ifname p2p0, flags 0x1002 ()
11-21 00:36:46.192 D/LOWI-9.0.0.80( 1026): [LOWINetlinkSocketReceiver] unpackRTMLinkMessage: RTM_NEWLINK - ifname p2p0, flags 0x1002 ()
11-21 00:36:46.200 I/wpa_supplicant( 9801): Try to unregister vendor p2 interface
11-21 00:36:46.215 I/WifiP2pNative( 1186): P2P interface teardown completed
11-21 00:36:46.216 D/WifiP2pNative( 1186): P2P InterfaceDestroyedListener p2p0
11-21 00:36:46.216 D/WifiP2pNative( 1186): Ignoring stale interface destroyed listener
11-21 00:36:46.216 D/WifiP2pNative( 1186): P2P InterfaceAvailableListener true
11-21 00:36:46.216 D/WifiP2pService( 1186): Wifi enabled=false, P2P Interface availability=true
11-21 00:36:46.222 I/wpa_supplicant( 9801): wlan0: Do not deauthenticate as part of interface deinit since WoWLAN is enabled
11-21 00:36:46.275 I/wpa_supplicant( 9801): Try to unregister vendor STA network
11-21 00:36:46.275 E/wpa_supplicant( 9801): eap_proxy: pthread_join on eap_proxy=0x3573eac
11-21 00:36:46.275 E/wpa_supplicant( 9801): eap_proxy: session not started for client = 1
11-21 00:36:46.275 E/QMI_FW  ( 9801): qmi_cci_get_ref: ref count increased 2
11-21 00:36:46.275 E/QMI_FW  ( 9801): qmi_cci_get_ref: ref count increased 2
11-21 00:36:46.276 E/wpa_supplicant( 9801): eap_proxy: Released QMI UIM service client
11-21 00:36:46.276 E/QMI_FW  ( 9801): qmi_cci_get_ref: ref count increased 2
11-21 00:36:46.276 E/QMI_FW  ( 9801): qmi_cci_get_ref: ref count increased 2
11-21 00:36:46.277 E/wpa_supplicant( 9801): eap_proxy: Released QMI EAP service client
11-21 00:36:46.277 E/wpa_supplicant( 9801): eap_proxy: session not started for client = 2
11-21 00:36:46.277 E/QMI_FW  ( 9801): qmi_cci_get_ref: ref count increased 2
11-21 00:36:46.277 E/QMI_FW  ( 9801): qmi_cci_get_ref: ref count increased 2
11-21 00:36:46.277 E/wpa_supplicant( 9801): eap_proxy: Released QMI UIM service client
11-21 00:36:46.277 E/QMI_FW  ( 9801): qmi_cci_get_ref: ref count increased 2
11-21 00:36:46.277 E/QMI_FW  ( 9801): qmi_cci_get_ref: ref count increased 2
11-21 00:36:46.278 E/wpa_supplicant( 9801): eap_proxy: Released QMI EAP service client
11-21 00:36:46.278 I/wpa_supplicant( 9801): eap_proxy: eap_proxy Deinitialzed
11-21 00:36:46.316 I/wpa_supplicant( 9801): nl80211: deinit ifname=wlan0 disabled_11b_rates=0
11-21 00:36:46.375 D/LOWI-9.0.0.80( 1026): [LOWINetlinkSocketReceiver] unpackRTMLinkMessage: RTM_NEWLINK - ifname wlan0, flags 0x11043 ([UP][RUNNING])
11-21 00:36:46.375 D/LOWI-9.0.0.80( 1026): [LOWINetlinkSocketReceiver] processNetlinkPacket: ifname(wlan0) status(2)
11-21 00:36:46.375 D/LOWI-9.0.0.80( 1026): [LOWIController] intfStateReceived: ifname(wlan0) state(2)
11-21 00:36:46.375 D/LOWI-9.0.0.80( 1026): [LOWIEventReceiver] handleEvent:FROM:NA, TO:NA, REQ:NA, IREQ:NA, REQ_ID:0, RESP:NA, INFO:INTF-STATUS-UPDATE
11-21 00:36:46.375 D/LOWI-9.0.0.80( 1026): [LOWIEventReceiver] Info to [INTF-STATUS-UPDATE]
11-21 00:36:46.375 D/LOWI-9.0.0.80( 1026): [LOWIController] updateIntfState: WIFI enabled 2 mNlWifiStatus 2 mWifiStateEnabled 1
11-21 00:36:46.375 D/LOWI-9.0.0.80( 1026): [LOWIController] isWifiEnabled: mNlWifiStatus 2 mWifiStateEnabled 1
11-21 00:36:46.377 I/wpa_supplicant( 9801): Try to unregister vendor interface
11-21 00:36:46.381 I/SupplicantStaIfaceHal( 1186): Terminating supplicant using HIDL
11-21 00:36:46.383 I/android_os_HwBinder( 1186): HwBinder: Starting thread pool for getting: android.hardware.wifi.supplicant@1.0::ISupplicant/default
11-21 00:36:46.385 I/wpa_supplicant( 9801): Terminating...
11-21 00:36:46.386 D/LOWI-9.0.0.80( 1026): [LOWINetlinkSocketReceiver] unpackRTMLinkMessage: RTM_NEWLINK - ifname wlan0, flags 0x1003 ([UP])
11-21 00:36:46.386 D/LOWI-9.0.0.80( 1026): [LOWINetlinkSocketReceiver] processNetlinkPacket: ifname(wlan0) status(1)
11-21 00:36:46.386 D/LOWI-9.0.0.80( 1026): [LOWIController] intfStateReceived: ifname(wlan0) state(1)
11-21 00:36:46.386 D/LOWI-9.0.0.80( 1026): [LOWIEventReceiver] handleEvent:FROM:NA, TO:NA, REQ:NA, IREQ:NA, REQ_ID:0, RESP:NA, INFO:INTF-STATUS-UPDATE
11-21 00:36:46.387 D/LOWI-9.0.0.80( 1026): [LOWIEventReceiver] Info to [INTF-STATUS-UPDATE]
11-21 00:36:46.387 D/LOWI-9.0.0.80( 1026): [LOWIController] updateIntfState: WIFI enabled 1 mNlWifiStatus 2 mWifiStateEnabled 1
11-21 00:36:46.387 D/LOWI-9.0.0.80( 1026): [LOWIController] isWifiEnabled: mNlWifiStatus 1 mWifiStateEnabled 1
11-21 00:36:46.431 D/LOWI-9.0.0.80( 1026): [LOWINetlinkSocketReceiver] unpackRTMLinkMessage: RTM_NEWLINK - ifname wlan0, flags 0x1003 ([UP])
11-21 00:36:46.431 D/LOWI-9.0.0.80( 1026): [LOWINetlinkSocketReceiver] processNetlinkPacket: ifname(wlan0) status(1)
11-21 00:36:46.431 D/LOWI-9.0.0.80( 1026): [LOWIController] intfStateReceived: ifname(wlan0) state(1)
11-21 00:36:46.431 D/LOWI-9.0.0.80( 1026): [LOWIEventReceiver] handleEvent:FROM:NA, TO:NA, REQ:NA, IREQ:NA, REQ_ID:0, RESP:NA, INFO:INTF-STATUS-UPDATE
11-21 00:36:46.431 D/LOWI-9.0.0.80( 1026): [LOWIEventReceiver] Info to [INTF-STATUS-UPDATE]
11-21 00:36:46.432 D/LOWI-9.0.0.80( 1026): [LOWIController] updateIntfState: WIFI enabled 1 mNlWifiStatus 1 mWifiStateEnabled 1
11-21 00:36:46.432 D/LOWI-9.0.0.80( 1026): [LOWIController] isWifiEnabled: mNlWifiStatus 1 mWifiStateEnabled 1
11-21 00:36:46.434 V/WifiHAL (  544): event received NL80211_CMD_DISCONNECT
11-21 00:36:46.435 W/SupplicantStaIfaceHal( 1186): Timed out waiting for confirmation of supplicant death
11-21 00:36:46.435 W/SupplicantP2pIfaceHal( 1186): ISupplicant/ISupplicantP2pIface died: cookie=0
11-21 00:36:46.436 D/SupplicantStaIfaceHal( 1186): ISupplicant died: cookie=8854821401167674310
11-21 00:36:46.436 W/SupplicantP2pIfaceHal( 1186): ISupplicant/ISupplicantP2pIface died: cookie=0
11-21 00:36:46.436 E/SupplicantStaIfaceHal( 1186): Can't call getKeyMgmtCapabilities_1_3, ISupplicantStaIface is null
11-21 00:36:46.436 W/SupplicantP2pIfaceHal( 1186): ISupplicantVendor/ISupplicantVendorP2PIface died: cookie=0
11-21 00:36:46.437 W/SupplicantStaIfaceHal( 1186): ISupplicantVendor/ISupplicantVendorStaIface died: cookie=0
11-21 00:36:46.437 W/SupplicantP2pIfaceHal( 1186): ISupplicantVendor/ISupplicantVendorP2PIface died: cookie=0
11-21 00:36:46.437 W/SupplicantStaIfaceHal( 1186): ISupplicantVendor/ISupplicantVendorStaIface died: cookie=0
11-21 00:36:46.438 V/WifiHAL (  544): WifiVendorCommand 0xaadf1b98 created vendor_id:0x1374 subcmd:38
11-21 00:36:46.439 V/WifiHAL (  544): Got a Wi-Fi HAL module message from Driver
11-21 00:36:46.439 V/WifiHAL (  544): Supported feature set : 19d3d
11-21 00:36:46.439 V/WifiHAL (  544): Supported feature set acquired : 19d3d
11-21 00:36:46.440 V/WifiHAL (  544): WifiVendorCommand 0x98689280 created vendor_id:0x1374 subcmd:76
11-21 00:36:46.440 V/WifiHAL (  544): create: mVendor_id = 4980, Subcmd = 76.
11-21 00:36:46.441 V/WifiHAL (  544): WifiVendorCommand 0xaadf1cc8 created vendor_id:0x1374 subcmd:38
11-21 00:36:46.442 V/WifiHAL (  544): Got a Wi-Fi HAL module message from Driver
11-21 00:36:46.442 V/WifiHAL (  544): Supported feature set : 19d3d
11-21 00:36:46.442 V/WifiHAL (  544): Supported feature set acquired : 19d3d
11-21 00:36:46.442 V/WifiHAL (  544): WifiVendorCommand 0x98689280 created vendor_id:0x1374 subcmd:76
11-21 00:36:46.443 V/WifiHAL (  544): create: mVendor_id = 4980, Subcmd = 76.
11-21 00:36:46.450 E/SupplicantStaIfaceHal( 1186): Can't call getWpaDriverFeatureSet, ISupplicantStaIface is null
11-21 00:36:46.450 I/WifiNative( 1186): Successfully switched to scan mode on iface=Iface:{Name=wlan0,Id=0,Type=STA_SCAN}
11-21 00:36:46.451 W/SupplicantStaIfaceHal( 1186): ISupplicant died: cookie=150
11-21 00:36:46.451 D/BluetoothAdapterService( 1710): Soft AP is on band: 1
11-21 00:36:46.452 D/WifiClientModeManager0( 1186): entering ScanOnlyModeState
11-21 00:36:46.453 D/BluetoothVendorService( 1710): getPowerBackoff 
11-21 00:36:46.453 D/WifiScanRequestProxy( 1186): Sending scan available broadcast: true
11-21 00:36:46.453 D/BluetoothVendorService( 1710): setPowerBackoff to: false
11-21 00:36:46.453 D/WifiP2pService( 1186): Wifi enabled=false, P2P Interface availability=true
11-21 00:36:46.453 I/BluetoothVendorJni( 1710): setPowerBackoffNative
11-21 00:36:46.453 I/bt_btif_vendor( 1710): setPowerBackOffState :0 
