11-21 15:06:56.069 E/TaskPersister( 1186): File error accessing recents directory (directory doesn't exist?).
11-21 15:06:56.623 D/AutofillManagerService( 1186): onBackKeyPressed()
11-21 15:06:57.632 D/AutofillManagerService( 1186): onBackKeyPressed()
11-21 15:06:58.168 W/ActivityManager( 1186): Invalid packageName: com.facebook.wearable.system.settings/com.facebook.wearable.system.settings.SettingsActivity
11-21 15:06:58.294 I/ActivityTaskManager( 1186): START u0 {flg=0x10000000 cmp=com.facebook.wearable.system.settings/.SettingsActivity} from uid 0
11-21 15:06:58.312 I/ActivityTaskManager( 1186): The Process com.facebook.wearable.system.settings Already Exists in BG. So sending its PID: 4763
11-21 15:06:58.313 W/ActivityTaskManager( 1186): Tried to set launchTime (0) < mLastActivityLaunchTime (170286082)
11-21 15:07:00.354 D/commandrouter( 1006): SocServiceHandle::onServiceMessage, SoC Service = mcu_healthcheck_1029, appType = 1, type = SVC_REQ, clientId = 0, token = 5674, payloadLen = 12, result = 0, payload.size() = 12
11-21 15:07:00.357 D/commandrouter( 1006): mcu_healthcheck_1029 (1, merlot:mcu_health:control): <ServiceResponse> FORWARDED (remote -> local) CR token ID = 5674, service client ID = 40, token ID = 10847, result = 0
11-21 15:07:00.359 D/mculinkhealth( 1029): isMcuReachable 1 (4 ms)
11-21 15:07:01.074 D/AppStorageManager( 1186): BEFORE:: Previous Size: 884391936 Current Size: 884142080
11-21 15:07:01.074 D/AppStorageManager( 1186): AFTER:: Previous Size: 884142080 Current Size: 884142080
11-21 15:07:02.420 E/TaskPersister( 1186): File error accessing recents directory (directory doesn't exist?).
11-21 15:07:03.496 D/commandrouter( 1006): rtc_sync (1, rtc:sync): <ServiceRequest> FORWARDED (remote -> local) service client ID = 0, token ID = 49793
11-21 15:07:03.496 D/commandrouter( 1006): SocServiceHandle::onServiceMessage, SoC Service = rtc_sync, appType = 1, type = SVC_RESP, clientId = 0, token = 49793, payloadLen = 8, result = 0, payload.size() = 8
11-21 15:07:05.162 W/ContextImpl( 1186): Calling a method in the system process without a qualified user: android.app.ContextImpl.sendBroadcastMultiplePermissions:1143 android.content.Context.sendBroadcastWithMultiplePermissions:2150 com.android.server.display.WifiDisplayAdapter.handleSendStatusChangeBroadcast:440 com.android.server.display.WifiDisplayAdapter.access$1700:63 com.android.server.display.WifiDisplayAdapter$WifiDisplayHandler.handleMessage:675 
11-21 15:07:06.181 W/ContextImpl( 1186): Calling a method in the system process without a qualified user: android.app.ContextImpl.sendBroadcastMultiplePermissions:1143 android.content.Context.sendBroadcastWithMultiplePermissions:2150 com.android.server.wifi.p2p.WifiP2pServiceImpl$P2pStateMachine.sendBroadcastMultiplePermissions:3209 com.android.server.wifi.p2p.WifiP2pServiceImpl$P2pStateMachine.sendP2pConnectionChangedBroadcast:3236 com.android.server.wifi.p2p.WifiP2pServiceImpl$P2pStateMachine.access$5100:768 
11-21 15:07:06.182 W/BroadcastQueue( 1186): Permission Denial: receiving Intent { act=android.net.wifi.p2p.CONNECTION_STATE_CHANGE flg=0x24000010 (has extras) } to ProcessRecord{688c834 1907:.qtidataservices/u0a88} (pid=1907, uid=10088) requires android.permission.ACCESS_FINE_LOCATION due to sender android (uid 1000)
11-21 15:07:06.239 W/ContextImpl( 1186): Calling a method in the system process without a qualified user: android.app.ContextImpl.sendBroadcastMultiplePermissions:1143 android.content.Context.sendBroadcastWithMultiplePermissions:2150 com.android.server.wifi.p2p.WifiP2pServiceImpl$P2pStateMachine.sendBroadcastMultiplePermissions:3209 com.android.server.wifi.p2p.WifiP2pServiceImpl$P2pStateMachine.sendThisDeviceChangedBroadcast:3218 com.android.server.wifi.p2p.WifiP2pServiceImpl$P2pStateMachine.updateThisDevice:3962 
11-21 15:07:06.241 W/wificond(  911): Scan is not started. Ignore abort request
11-21 15:07:07.582 D/ConnectivityService( 1186): registerNetworkAgent NetworkAgentInfo{ ni{[type: WIFI[], state: UNKNOWN/IDLE, reason: (unspecified), extra: , failover: false, available: true, roaming: false]}  network{214}  nethandle{922528698381}  lp{{InterfaceName: wlan0 LinkAddresses: [ ] DnsAddresses: [ ] Domains: null MTU: 0 Routes: [ ]}}  nc{[ Transports: WIFI Capabilities: NOT_METERED&INTERNET&NOT_RESTRICTED&TRUSTED&NOT_VPN&NOT_ROAMING&FOREGROUND&NOT_CONGESTED&NOT_SUSPENDED LinkUpBandwidth>=72000Kbps LinkDnBandwidth>=72000Kbps OwnerUid: 1000 SSID: "MTBF_Lab" RequestorUid: -1 RequestorPackageName: null]}  Score{20}  everValidated{false}  lastValidated{false}  created{false} lingering{false} explicitlySelected{false} acceptUnvalidated{false} everCaptivePortalDetected{false} lastCaptivePortalDetected{false} partialConnectivity{false} acceptPartialConnectivity{false} clat{mBaseIface: null, mIface: null, mState: IDLE} }
11-21 15:07:07.631 D/ConnectivityService( 1186): [214 WIFI] EVENT_NETWORK_INFO_CHANGED, going from UNKNOWN to UNKNOWN
11-21 15:07:07.769 D/ConnectivityService( 1186): NetReassign [no changes]
11-21 15:07:07.822 I/Nat464Xlat( 1186): Android Xlat is disabled
11-21 15:07:07.822 I/Nat464Xlat( 1186): Android Xlat is disabled
11-21 15:07:08.086 E/ConnectivityService( 1186): Exception in networkAddRouteParcel for non-gateway: android.os.ServiceSpecificException: Machine is not on the network (code 64)
11-21 15:07:08.088 E/ConnectivityService( 1186): Exception in networkAddRouteParcel for gateway: android.os.ServiceSpecificException: Machine is not on the network (code 64)
11-21 15:07:08.088 I/Nat464Xlat( 1186): Android Xlat is disabled
11-21 15:07:08.088 I/Nat464Xlat( 1186): Android Xlat is disabled
11-21 15:07:08.156 D/ConnectivityService( 1186): Setting DNS servers for network 214 to [/192.168.1.1]
11-21 15:07:08.167 I/Nat464Xlat( 1186): Android Xlat is disabled
11-21 15:07:08.167 I/Nat464Xlat( 1186): Android Xlat is disabled
11-21 15:07:08.252 D/ConnectivityService( 1186): [214 WIFI] EVENT_NETWORK_INFO_CHANGED, going from UNKNOWN to CONNECTED
11-21 15:07:08.260 D/DnsManager( 1186): sendDnsConfigurationForNetwork(214, [192.168.1.1], [], 1800, 25, 8, 64, 0, 0, , [])
11-21 15:07:08.286 W/DnsManager( 1186): updatePrivateDns(214, PrivateDnsConfig{true:/[]})
11-21 15:07:08.288 D/ConnectivityService( 1186): Setting DNS servers for network 214 to [/192.168.1.1]
11-21 15:07:08.289 D/DnsManager( 1186): sendDnsConfigurationForNetwork(214, [192.168.1.1], [], 1800, 25, 8, 64, 0, 0, , [192.168.1.1])
11-21 15:07:08.290 D/ConnectivityService( 1186): Adding iface wlan0 to network 214
11-21 15:07:08.323 D/ConnectivityService( 1186): Setting DNS servers for network 214 to [/192.168.1.1]
11-21 15:07:08.323 D/DnsManager( 1186): sendDnsConfigurationForNetwork(214, [192.168.1.1], [], 1800, 25, 8, 64, 0, 0, , [192.168.1.1])
11-21 15:07:08.325 I/Nat464Xlat( 1186): Android Xlat is disabled
11-21 15:07:08.325 I/Nat464Xlat( 1186): Android Xlat is disabled
11-21 15:07:08.399 D/ConnectivityService( 1186): NetReassign [no changes]
11-21 15:07:08.662 D/ConnectivityService( 1186): [214 WIFI] validation passed
11-21 15:07:08.663 D/ConnectivityService( 1186): NetReassign [44 : 101 → 214, 11 : 101 → 214, 63 : 101 → 214, 2885 : 101 → 214, 2235 : 101 → 214, 2877 : 101 → 214, 17 : 101 → 214, 25 : 101 → 214, 1438 : 101 → 214, 1 : 101 → 214, 2887 : 101 → 214, 8 : 101 → 214, 12 : 101 → 214, 14 : 101 → 214, 16 : 101 → 214, 22 : 101 → 214]
11-21 15:07:08.666 E/NetlinkEvent(  462): NetlinkEvent::FindParam(): Parameter 'INTERFACE' not found
11-21 15:07:08.666 E/NetlinkEvent(  462): NetlinkEvent::FindParam(): Parameter 'STATE' not found
11-21 15:07:08.666 E/NetlinkEvent(  462): NetlinkEvent::FindParam(): Parameter 'TIME_NS' not found
11-21 15:07:08.666 E/NetlinkEvent(  462): NetlinkEvent::FindParam(): Parameter 'UID' not found
11-21 15:07:08.694 D/ConnectivityService( 1186): Switching to new default network: NetworkAgentInfo{ ni{[type: WIFI[], state: CONNECTED/CONNECTED, reason: (unspecified), extra: , failover: false, available: true, roaming: false]}  network{214}  nethandle{922528698381}  lp{{InterfaceName: wlan0 LinkAddresses: [ 192.168.1.41/24 ] DnsAddresses: [ /192.168.1.1 ] Domains: null MTU: 0 ServerAddress: /192.168.1.1 TcpBufferSizes: 524288,1048576,2097152,262144,524288,1048576 Routes: [ fe80::/64 -> :: wlan0 mtu 0,192.168.1.0/24 -> 0.0.0.0 wlan0 mtu 0,0.0.0.0/0 -> 192.168.1.1 wlan0 mtu 0 ]}}  nc{[ Transports: WIFI Capabilities: NOT_METERED&INTERNET&NOT_RESTRICTED&TRUSTED&NOT_VPN&VALIDATED&NOT_ROAMING&FOREGROUND&NOT_CONGESTED&NOT_SUSPENDED LinkUpBandwidth>=61000Kbps LinkDnBandwidth>=61000Kbps SignalStrength: -34 OwnerUid: 1000 SSID: "MTBF_Lab" RequestorUid: -1 RequestorPackageName: null]}  Score{60}  everValidated{true}  lastValidated{true}  created{true} lingering{false} explicitlySelected{false} acceptUnvalidated{false} everCaptivePortalDetected{false} lastCaptivePortalDetected{false} partialConnectivity{false} acceptPartialConnectivity{false} clat{mBaseIface: null, mIface: null, mState: IDLE} }
11-21 15:07:08.826 D/ConnectivityService( 1186): Lingering [101 CELLULAR] for 30000ms
11-21 15:07:08.828 D/ConnectivityService( 1186): Sending DISCONNECTED broadcast for type 0 [101 CELLULAR] isDefaultNetwork=true
11-21 15:07:08.830 D/ConnectivityService( 1186): Sending CONNECTED broadcast for type 1 [214 WIFI] isDefaultNetwork=true
11-21 15:07:08.885 D/ConnectivityService( 1186): Setting DNS servers for network 214 to [/192.168.1.1]
11-21 15:07:08.886 D/DnsManager( 1186): sendDnsConfigurationForNetwork(214, [192.168.1.1], [], 1800, 25, 8, 64, 0, 0, , [192.168.1.1])
11-21 15:07:08.935 W/SimpleTimeDetectorStrategy( 1186): Existing suggestion found to be invalid  elapsedRealtimeMillis=170316661, timeSuggestion=TelephonyTimeSuggestion{mSlotIndex='0', mUtcTime=TimestampedValue{mReferenceTimeMillis=57092, mValue=1637365770000}, mDebugInfo=[Sending new time suggestion nitzSignal=TimestampedValue{mReferenceTimeMillis=57092, mValue=NitzData{mOriginalString=21/11/19,23:49:30-32,00, mZoneOffset=-28800000, mDstOffset=0, mCurrentTimeMillis=1637365770000, mEmulatorHostTimeZone=null}}, reason=handleNitzReceived(TimestampedValue{mReferenceTimeMillis=57092, mValue=NitzData{mOriginalString=21/11/19,23:49:30-32,00, mZoneOffset=-28800000, mDstOffset=0, mCurrentTimeMillis=1637365770000, mEmulatorHostTimeZone=null}})]}
11-21 15:07:09.558 I/Nat464Xlat( 1186): Android Xlat is disabled
11-21 15:07:09.558 I/Nat464Xlat( 1186): Android Xlat is disabled
11-21 15:07:13.497 D/commandrouter( 1006): rtc_sync (1, rtc:sync): <ServiceRequest> FORWARDED (remote -> local) service client ID = 0, token ID = 49794
11-21 15:07:13.497 D/commandrouter( 1006): SocServiceHandle::onServiceMessage, SoC Service = rtc_sync, appType = 1, type = SVC_RESP, clientId = 0, token = 49794, payloadLen = 8, result = 0, payload.size() = 8
11-21 15:07:16.904 W/Looper  ( 1186): Slow dispatch took 100ms main h=android.os.Handler c=com.facebook.wearable.server.systemresource.SystemResourceServiceImpl$1@374616a m=0
11-21 15:07:21.107 D/commandrouter( 1006): SocServiceHandle::onServiceMessage, SoC Service = mcu_healthcheck_934, appType = 1, type = SVC_REQ, clientId = 0, token = 2837, payloadLen = 20, result = 0, payload.size() = 20
11-21 15:07:21.111 D/commandrouter( 1006): mcu_healthcheck_934 (1, merlot:mcu_health:control): <ServiceResponse> FORWARDED (remote -> local) CR token ID = 2837, service client ID = 5, token ID = 10848, result = 0
11-21 15:07:23.497 D/commandrouter( 1006): rtc_sync (1, rtc:sync): <ServiceRequest> FORWARDED (remote -> local) service client ID = 0, token ID = 49795
11-21 15:07:23.497 D/commandrouter( 1006): SocServiceHandle::onServiceMessage, SoC Service = rtc_sync, appType = 1, type = SVC_RESP, clientId = 0, token = 49795, payloadLen = 8, result = 0, payload.size() = 8
11-21 15:07:26.465 D/AutofillManagerService( 1186): onBackKeyPressed()
11-21 15:07:27.537 I/chatty  ( 1186): uid=1000(system) android.ui identical 2 lines
11-21 15:07:29.638 D/AutofillManagerService( 1186): onBackKeyPressed()
11-21 15:07:30.215 W/ActivityManager( 1186): Invalid packageName: com.facebook.wearable.system.settings/com.facebook.wearable.system.settings.SettingsActivity
11-21 15:07:30.341 I/ActivityTaskManager( 1186): START u0 {flg=0x10000000 cmp=com.facebook.wearable.system.settings/.SettingsActivity} from uid 0
11-21 15:07:30.360 D/commandrouter( 1006): SocServiceHandle::onServiceMessage, SoC Service = mcu_healthcheck_1029, appType = 1, type = SVC_REQ, clientId = 0, token = 5675, payloadLen = 12, result = 0, payload.size() = 12
11-21 15:07:30.363 D/commandrouter( 1006): mcu_healthcheck_1029 (1, merlot:mcu_health:control): <ServiceResponse> FORWARDED (remote -> local) CR token ID = 5675, service client ID = 40, token ID = 10849, result = 0
11-21 15:07:30.363 D/mculinkhealth( 1029): isMcuReachable 1 (3 ms)
11-21 15:07:30.370 I/ActivityTaskManager( 1186): The Process com.facebook.wearable.system.settings Already Exists in BG. So sending its PID: 4763
11-21 15:07:30.370 W/ActivityTaskManager( 1186): Tried to set launchTime (0) < mLastActivityLaunchTime (170306040)
11-21 15:07:32.865 E/TaskPersister( 1186): File error accessing recents directory (directory doesn't exist?).
11-21 15:07:33.495 D/commandrouter( 1006): rtc_sync (1, rtc:sync): <ServiceRequest> FORWARDED (remote -> local) service client ID = 0, token ID = 49796
11-21 15:07:33.496 D/commandrouter( 1006): SocServiceHandle::onServiceMessage, SoC Service = rtc_sync, appType = 1, type = SVC_RESP, clientId = 0, token = 49796, payloadLen = 8, result = 0, payload.size() = 8
11-21 15:07:35.967 D/AnalyticsLogger( 1186): sent events: 13
11-21 15:07:38.191 W/ContextImpl( 1186): Calling a method in the system process without a qualified user: android.app.ContextImpl.sendBroadcastMultiplePermissions:1143 android.content.Context.sendBroadcastWithMultiplePermissions:2150 com.android.server.display.WifiDisplayAdapter.handleSendStatusChangeBroadcast:440 com.android.server.display.WifiDisplayAdapter.access$1700:63 com.android.server.display.WifiDisplayAdapter$WifiDisplayHandler.handleMessage:675 
11-21 15:07:38.663 I/wificond(  911): Fail RSSI polling because wifi is not associated.
11-21 15:07:38.668 D/ConnectivityService( 1186): handleLingerComplete for [101 CELLULAR]
11-21 15:07:38.981 D/ConnectivityService( 1186): [214 WIFI] EVENT_NETWORK_INFO_CHANGED, going from CONNECTED to DISCONNECTED
11-21 15:07:38.982 D/ConnectivityService( 1186): [214 WIFI] disconnected, was satisfying 27
11-21 15:07:39.173 I/Nat464Xlat( 1186): Android Xlat is disabled
11-21 15:07:39.173 I/Nat464Xlat( 1186): Android Xlat is disabled
11-21 15:07:39.203 D/ConnectivityService( 1186): Sending DISCONNECTED broadcast for type 1 [214 WIFI] isDefaultNetwork=true
11-21 15:07:39.234 D/ConnectivityService( 1186): NetReassign [44 : null → 101, 11 : null → 101, 63 : null → 101, 2885 : null → 101, 2235 : null → 101, 2877 : null → 101, 17 : null → 101, 25 : null → 101, 1438 : null → 101, 1 : null → 101, 2887 : null → 101, 8 : null → 101, 12 : null → 101, 14 : null → 101, 16 : null → 101, 22 : null → 101]
11-21 15:07:39.244 E/NetlinkEvent(  462): NetlinkEvent::FindParam(): Parameter 'INTERFACE' not found
11-21 15:07:39.244 E/NetlinkEvent(  462): NetlinkEvent::FindParam(): Parameter 'STATE' not found
11-21 15:07:39.244 E/NetlinkEvent(  462): NetlinkEvent::FindParam(): Parameter 'TIME_NS' not found
11-21 15:07:39.244 E/NetlinkEvent(  462): NetlinkEvent::FindParam(): Parameter 'UID' not found
11-21 15:07:39.252 D/ConnectivityService( 1186): Switching to new default network: NetworkAgentInfo{ ni{[type: MOBILE[LTE], state: CONNECTED/CONNECTED, reason: (unspecified), extra: enhancedphone, failover: false, available: true, roaming: false]}  network{101}  nethandle{437197393933}  lp{{InterfaceName: rmnet_data2 LinkAddresses: [ 10.55.48.101/30,2600:381:4804:c4b6:8cdc:8f0b:afe1:ec6b/64 ] DnsAddresses: [ /172.26.38.2,/fc00:a:a::400 ] Domains: null MTU: 1430 TcpBufferSizes: 2097152,4194304,8388608,262144,524288,1048576 Routes: [ 0.0.0.0/0 -> 10.55.48.102 rmnet_data2 mtu 1430,::/0 -> fe80::9db2:334d:2872:1e0a rmnet_data2 mtu 1430,10.55.48.100/30 -> 0.0.0.0 rmnet_data2 mtu 0,2600:381:4804:c4b6::/64 -> :: rmnet_data2 mtu 0 ]}}  nc{[ Transports: CELLULAR Capabilities: MMS&SUPL&FOTA&INTERNET&NOT_RESTRICTED&TRUSTED&NOT_VPN&VALIDATED&NOT_ROAMING&NOT_CONGESTED&NOT_SUSPENDED LinkUpBandwidth>=15000Kbps LinkDnBandwidth>=30000Kbps Specifier: <TelephonyNetworkSpecifier [mSubId = 1]> AdministratorUids: [] RequestorUid: -1 RequestorPackageName: null]}  Score{50}  everValidated{true}  lastValidated{true}  created{true} lingering{false} explicitlySelected{false} acceptUnvalidated{false} everCaptivePortalDetected{false} lastCaptivePortalDetected{false} partialConnectivity{false} acceptPartialConnectivity{false} clat{mBaseIface: null, mIface: null, mState: IDLE} }
11-21 15:07:39.526 W/SimpleTimeDetectorStrategy( 1186): Existing suggestion found to be invalid  elapsedRealtimeMillis=170347252, timeSuggestion=TelephonyTimeSuggestion{mSlotIndex='0', mUtcTime=TimestampedValue{mReferenceTimeMillis=57092, mValue=1637365770000}, mDebugInfo=[Sending new time suggestion nitzSignal=TimestampedValue{mReferenceTimeMillis=57092, mValue=NitzData{mOriginalString=21/11/19,23:49:30-32,00, mZoneOffset=-28800000, mDstOffset=0, mCurrentTimeMillis=1637365770000, mEmulatorHostTimeZone=null}}, reason=handleNitzReceived(TimestampedValue{mReferenceTimeMillis=57092, mValue=NitzData{mOriginalString=21/11/19,23:49:30-32,00, mZoneOffset=-28800000, mDstOffset=0, mCurrentTimeMillis=1637365770000, mEmulatorHostTimeZone=null}})]}
11-21 15:07:39.579 D/ConnectivityService( 1186): Sending CONNECTED broadcast for type 0 [101 CELLULAR] isDefaultNetwork=true
11-21 15:07:39.678 W/Looper  ( 1186): Slow dispatch took 172ms android.fg h=android.os.Handler c=com.android.server.timedetector.-$$Lambda$TimeDetectorService$nU2ruOeSUWWPVvB4A7i7qaumT4s@aacc5ae m=0
11-21 15:07:39.682 W/Looper  ( 1186): Slow dispatch took 134ms main h=android.app.ActivityThread$H c=android.app.LoadedApk$ServiceDispatcher$RunConnection@25f5f4f m=0
11-21 15:07:43.304 D/AutofillManagerService( 1186): onBackKeyPressed()
11-21 15:07:43.485 D/commandrouter( 1006): rtc_sync (1, rtc:sync): <ServiceRequest> FORWARDED (remote -> local) service client ID = 0, token ID = 49797
11-21 15:07:43.485 D/commandrouter( 1006): SocServiceHandle::onServiceMessage, SoC Service = rtc_sync, appType = 1, type = SVC_RESP, clientId = 0, token = 49797, payloadLen = 8, result = 0, payload.size() = 8
11-21 15:07:43.850 D/AutofillManagerService( 1186): onBackKeyPressed()
11-21 15:07:46.619 I/chatty  ( 1186): uid=1000(system) android.ui identical 3 lines
11-21 15:07:47.616 D/AutofillManagerService( 1186): onBackKeyPressed()
11-21 15:07:48.125 E/TaskPersister( 1186): File error accessing recents directory (directory doesn't exist?).
11-21 15:07:48.630 D/AutofillManagerService( 1186): onBackKeyPressed()
11-21 15:07:49.623 D/AutofillManagerService( 1186): onBackKeyPressed()
11-21 15:07:50.169 W/ActivityManager( 1186): Invalid packageName: com.facebook.wearable.system.settings/com.facebook.wearable.system.settings.SettingsActivity
11-21 15:07:50.311 I/ActivityTaskManager( 1186): START u0 {flg=0x10000000 cmp=com.facebook.wearable.system.settings/.SettingsActivity} from uid 0
11-21 15:07:50.333 I/ActivityTaskManager( 1186): The Process com.facebook.wearable.system.settings Already Exists in BG. So sending its PID: 4763
11-21 15:07:50.334 W/ActivityTaskManager( 1186): Tried to set launchTime (0) < mLastActivityLaunchTime (170338097)
11-21 15:07:53.471 D/commandrouter( 1006): rtc_sync (1, rtc:sync): <ServiceRequest> FORWARDED (remote -> local) service client ID = 0, token ID = 49798
11-21 15:07:53.471 D/commandrouter( 1006): SocServiceHandle::onServiceMessage, SoC Service = rtc_sync, appType = 1, type = SVC_RESP, clientId = 0, token = 49798, payloadLen = 8, result = 0, payload.size() = 8
11-21 15:07:54.472 E/TaskPersister( 1186): File error accessing recents directory (directory doesn't exist?).
11-21 15:07:57.218 W/ContextImpl( 1186): Calling a method in the system process without a qualified user: android.app.ContextImpl.sendBroadcastMultiplePermissions:1143 android.content.Context.sendBroadcastWithMultiplePermissions:2150 com.android.server.display.WifiDisplayAdapter.handleSendStatusChangeBroadcast:440 com.android.server.display.WifiDisplayAdapter.access$1700:63 com.android.server.display.WifiDisplayAdapter$WifiDisplayHandler.handleMessage:675 
11-21 15:07:58.254 W/ContextImpl( 1186): Calling a method in the system process without a qualified user: android.app.ContextImpl.sendBroadcastMultiplePermissions:1143 android.content.Context.sendBroadcastWithMultiplePermissions:2150 com.android.server.wifi.p2p.WifiP2pServiceImpl$P2pStateMachine.sendBroadcastMultiplePermissions:3209 com.android.server.wifi.p2p.WifiP2pServiceImpl$P2pStateMachine.sendP2pConnectionChangedBroadcast:3236 com.android.server.wifi.p2p.WifiP2pServiceImpl$P2pStateMachine.access$5100:768 
11-21 15:07:58.255 W/BroadcastQueue( 1186): Permission Denial: receiving Intent { act=android.net.wifi.p2p.CONNECTION_STATE_CHANGE flg=0x24000010 (has extras) } to ProcessRecord{688c834 1907:.qtidataservices/u0a88} (pid=1907, uid=10088) requires android.permission.ACCESS_FINE_LOCATION due to sender android (uid 1000)
11-21 15:07:58.422 W/wificond(  911): Scan is not started. Ignore abort request
11-21 15:07:58.422 W/ContextImpl( 1186): Calling a method in the system process without a qualified user: android.app.ContextImpl.sendBroadcastMultiplePermissions:1143 android.content.Context.sendBroadcastWithMultiplePermissions:2150 com.android.server.wifi.p2p.WifiP2pServiceImpl$P2pStateMachine.sendBroadcastMultiplePermissions:3209 com.android.server.wifi.p2p.WifiP2pServiceImpl$P2pStateMachine.sendThisDeviceChangedBroadcast:3218 com.android.server.wifi.p2p.WifiP2pServiceImpl$P2pStateMachine.updateThisDevice:3962 
11-21 15:07:58.828 D/ConnectivityService( 1186): registerNetworkAgent NetworkAgentInfo{ ni{[type: WIFI[], state: UNKNOWN/IDLE, reason: (unspecified), extra: , failover: false, available: true, roaming: false]}  network{215}  nethandle{926823665677}  lp{{InterfaceName: wlan0 LinkAddresses: [ ] DnsAddresses: [ ] Domains: null MTU: 0 Routes: [ ]}}  nc{[ Transports: WIFI Capabilities: NOT_METERED&INTERNET&NOT_RESTRICTED&TRUSTED&NOT_VPN&NOT_ROAMING&FOREGROUND&NOT_CONGESTED&NOT_SUSPENDED LinkUpBandwidth>=72000Kbps LinkDnBandwidth>=72000Kbps OwnerUid: 1000 SSID: "MTBF_Lab" RequestorUid: -1 RequestorPackageName: null]}  Score{20}  everValidated{false}  lastValidated{false}  created{false} lingering{false} explicitlySelected{false} acceptUnvalidated{false} everCaptivePortalDetected{false} lastCaptivePortalDetected{false} partialConnectivity{false} acceptPartialConnectivity{false} clat{mBaseIface: null, mIface: null, mState: IDLE} }
11-21 15:07:58.909 D/ConnectivityService( 1186): [215 WIFI] EVENT_NETWORK_INFO_CHANGED, going from UNKNOWN to UNKNOWN
11-21 15:07:59.057 D/ConnectivityService( 1186): NetReassign [no changes]
11-21 15:07:59.129 I/Nat464Xlat( 1186): Android Xlat is disabled
11-21 15:07:59.130 I/Nat464Xlat( 1186): Android Xlat is disabled
11-21 15:07:59.269 E/ConnectivityService( 1186): Exception in networkAddRouteParcel for non-gateway: android.os.ServiceSpecificException: Machine is not on the network (code 64)
11-21 15:07:59.271 E/ConnectivityService( 1186): Exception in networkAddRouteParcel for gateway: android.os.ServiceSpecificException: Machine is not on the network (code 64)
11-21 15:07:59.271 I/Nat464Xlat( 1186): Android Xlat is disabled
11-21 15:07:59.271 I/Nat464Xlat( 1186): Android Xlat is disabled
11-21 15:07:59.358 D/ConnectivityService( 1186): Setting DNS servers for network 215 to [/192.168.1.1]
11-21 15:07:59.369 I/Nat464Xlat( 1186): Android Xlat is disabled
11-21 15:07:59.369 I/Nat464Xlat( 1186): Android Xlat is disabled
11-21 15:07:59.473 D/ConnectivityService( 1186): [215 WIFI] EVENT_NETWORK_INFO_CHANGED, going from UNKNOWN to CONNECTED
11-21 15:07:59.487 D/DnsManager( 1186): sendDnsConfigurationForNetwork(215, [192.168.1.1], [], 1800, 25, 8, 64, 0, 0, , [])
11-21 15:07:59.503 W/DnsManager( 1186): updatePrivateDns(215, PrivateDnsConfig{true:/[]})
11-21 15:07:59.506 D/ConnectivityService( 1186): Setting DNS servers for network 215 to [/192.168.1.1]
11-21 15:07:59.506 D/DnsManager( 1186): sendDnsConfigurationForNetwork(215, [192.168.1.1], [], 1800, 25, 8, 64, 0, 0, , [192.168.1.1])
11-21 15:07:59.509 D/ConnectivityService( 1186): Adding iface wlan0 to network 215
11-21 15:07:59.534 D/ConnectivityService( 1186): Setting DNS servers for network 215 to [/192.168.1.1]
11-21 15:07:59.534 D/DnsManager( 1186): sendDnsConfigurationForNetwork(215, [192.168.1.1], [], 1800, 25, 8, 64, 0, 0, , [192.168.1.1])
11-21 15:07:59.536 I/Nat464Xlat( 1186): Android Xlat is disabled
11-21 15:07:59.536 I/Nat464Xlat( 1186): Android Xlat is disabled
11-21 15:07:59.625 D/ConnectivityService( 1186): NetReassign [no changes]
11-21 15:08:00.010 D/ConnectivityService( 1186): [215 WIFI] validation passed
11-21 15:08:00.010 D/ConnectivityService( 1186): NetReassign [44 : 101 → 215, 11 : 101 → 215, 63 : 101 → 215, 2885 : 101 → 215, 2235 : 101 → 215, 2877 : 101 → 215, 17 : 101 → 215, 25 : 101 → 215, 1438 : 101 → 215, 1 : 101 → 215, 2887 : 101 → 215, 8 : 101 → 215, 12 : 101 → 215, 14 : 101 → 215, 16 : 101 → 215, 22 : 101 → 215]
11-21 15:08:00.014 E/NetlinkEvent(  462): NetlinkEvent::FindParam(): Parameter 'INTERFACE' not found
11-21 15:08:00.014 E/NetlinkEvent(  462): NetlinkEvent::FindParam(): Parameter 'STATE' not found
11-21 15:08:00.014 E/NetlinkEvent(  462): NetlinkEvent::FindParam(): Parameter 'TIME_NS' not found
11-21 15:08:00.014 E/NetlinkEvent(  462): NetlinkEvent::FindParam(): Parameter 'UID' not found
11-21 15:08:00.026 D/ConnectivityService( 1186): Switching to new default network: NetworkAgentInfo{ ni{[type: WIFI[], state: CONNECTED/CONNECTED, reason: (unspecified), extra: , failover: false, available: true, roaming: false]}  network{215}  nethandle{926823665677}  lp{{InterfaceName: wlan0 LinkAddresses: [ 192.168.1.41/24 ] DnsAddresses: [ /192.168.1.1 ] Domains: null MTU: 0 ServerAddress: /192.168.1.1 TcpBufferSizes: 524288,1048576,2097152,262144,524288,1048576 Routes: [ fe80::/64 -> :: wlan0 mtu 0,192.168.1.0/24 -> 0.0.0.0 wlan0 mtu 0,0.0.0.0/0 -> 192.168.1.1 wlan0 mtu 0 ]}}  nc{[ Transports: WIFI Capabilities: NOT_METERED&INTERNET&NOT_RESTRICTED&TRUSTED&NOT_VPN&VALIDATED&NOT_ROAMING&FOREGROUND&NOT_CONGESTED&NOT_SUSPENDED LinkUpBandwidth>=61000Kbps LinkDnBandwidth>=61000Kbps SignalStrength: -34 OwnerUid: 1000 SSID: "MTBF_Lab" RequestorUid: -1 RequestorPackageName: null]}  Score{60}  everValidated{true}  lastValidated{true}  created{true} lingering{false} explicitlySelected{false} acceptUnvalidated{false} everCaptivePortalDetected{false} lastCaptivePortalDetected{false} partialConnectivity{false} acceptPartialConnectivity{false} clat{mBaseIface: null, mIface: null, mState: IDLE} }
11-21 15:08:00.139 W/SimpleTimeDetectorStrategy( 1186): Existing suggestion found to be invalid  elapsedRealtimeMillis=170367865, timeSuggestion=TelephonyTimeSuggestion{mSlotIndex='0', mUtcTime=TimestampedValue{mReferenceTimeMillis=57092, mValue=1637365770000}, mDebugInfo=[Sending new time suggestion nitzSignal=TimestampedValue{mReferenceTimeMillis=57092, mValue=NitzData{mOriginalString=21/11/19,23:49:30-32,00, mZoneOffset=-28800000, mDstOffset=0, mCurrentTimeMillis=1637365770000, mEmulatorHostTimeZone=null}}, reason=handleNitzReceived(TimestampedValue{mReferenceTimeMillis=57092, mValue=NitzData{mOriginalString=21/11/19,23:49:30-32,00, mZoneOffset=-28800000, mDstOffset=0, mCurrentTimeMillis=1637365770000, mEmulatorHostTimeZone=null}})]}
11-21 15:08:00.209 D/ConnectivityService( 1186): Lingering [101 CELLULAR] for 30000ms
11-21 15:08:00.211 D/ConnectivityService( 1186): Sending DISCONNECTED broadcast for type 0 [101 CELLULAR] isDefaultNetwork=true
11-21 15:08:00.213 D/ConnectivityService( 1186): Sending CONNECTED broadcast for type 1 [215 WIFI] isDefaultNetwork=true
11-21 15:08:00.283 D/ConnectivityService( 1186): Setting DNS servers for network 215 to [/192.168.1.1]
11-21 15:08:00.284 D/DnsManager( 1186): sendDnsConfigurationForNetwork(215, [192.168.1.1], [], 1800, 25, 8, 64, 0, 0, , [192.168.1.1])
11-21 15:08:00.290 I/Nat464Xlat( 1186): Android Xlat is disabled
11-21 15:08:00.290 I/Nat464Xlat( 1186): Android Xlat is disabled
11-21 15:08:00.364 D/commandrouter( 1006): SocServiceHandle::onServiceMessage, SoC Service = mcu_healthcheck_1029, appType = 1, type = SVC_REQ, clientId = 0, token = 5676, payloadLen = 12, result = 0, payload.size() = 12
11-21 15:08:00.367 D/commandrouter( 1006): mcu_healthcheck_1029 (1, merlot:mcu_health:control): <ServiceResponse> FORWARDED (remote -> local) CR token ID = 5676, service client ID = 40, token ID = 10850, result = 0
11-21 15:08:00.368 D/mculinkhealth( 1029): isMcuReachable 1 (4 ms)
11-21 15:08:01.195 D/AppStorageManager( 1186): BEFORE:: Previous Size: 884142080 Current Size: 883896320
11-21 15:08:01.195 D/AppStorageManager( 1186): AFTER:: Previous Size: 883896320 Current Size: 883896320
11-21 15:08:03.462 D/commandrouter( 1006): rtc_sync (1, rtc:sync): <ServiceRequest> FORWARDED (remote -> local) service client ID = 0, token ID = 49799
11-21 15:08:03.463 D/commandrouter( 1006): SocServiceHandle::onServiceMessage, SoC Service = rtc_sync, appType = 1, type = SVC_RESP, clientId = 0, token = 49799, payloadLen = 8, result = 0, payload.size() = 8
11-21 15:08:13.445 D/commandrouter( 1006): rtc_sync (1, rtc:sync): <ServiceRequest> FORWARDED (remote -> local) service client ID = 0, token ID = 49800
11-21 15:08:13.445 D/commandrouter( 1006): SocServiceHandle::onServiceMessage, SoC Service = rtc_sync, appType = 1, type = SVC_RESP, clientId = 0, token = 49800, payloadLen = 8, result = 0, payload.size() = 8
11-21 15:08:18.408 D/AutofillManagerService( 1186): onBackKeyPressed()
11-21 15:08:19.498 I/chatty  ( 1186): uid=1000(system) android.ui identical 2 lines
11-21 15:08:20.896 D/AutofillManagerService( 1186): onBackKeyPressed()
11-21 15:08:21.112 D/commandrouter( 1006): SocServiceHandle::onServiceMessage, SoC Service = mcu_healthcheck_934, appType = 1, type = SVC_REQ, clientId = 0, token = 2838, payloadLen = 20, result = 0, payload.size() = 20
11-21 15:08:21.116 D/commandrouter( 1006): mcu_healthcheck_934 (1, merlot:mcu_health:control): <ServiceResponse> FORWARDED (remote -> local) CR token ID = 2838, service client ID = 5, token ID = 10851, result = 0
11-21 15:08:21.227 W/ActivityManager( 1186): Invalid packageName: com.facebook.wearable.system.settings/com.facebook.wearable.system.settings.SettingsActivity
11-21 15:08:21.366 I/ActivityTaskManager( 1186): START u0 {flg=0x10000000 cmp=com.facebook.wearable.system.settings/.SettingsActivity} from uid 0
11-21 15:08:21.390 I/ActivityTaskManager( 1186): The Process com.facebook.wearable.system.settings Already Exists in BG. So sending its PID: 4763
11-21 15:08:21.391 W/ActivityTaskManager( 1186): Tried to set launchTime (0) < mLastActivityLaunchTime (170358060)
--------- beginning of main
11-21 15:08:22.586 D/CompatibilityInfo( 1186): mCompatibilityFlags - 4
11-21 15:08:22.586 D/CompatibilityInfo( 1186): applicationDensity - 320
11-21 15:08:22.586 D/CompatibilityInfo( 1186): applicationScale - 1.0
11-21 15:08:22.606 W/HWComposer(  598): Ignoring duplicate VSYNC event from HWC for display 0 (t=170390331509687)
11-21 15:08:22.639 W/StatusBarClientConnection( 4763): Messenger is null, ignoring message: { when=-1d23h19m50s364ms barrier=1 }
11-21 15:08:22.656 W/HWComposer(  598): Ignoring duplicate VSYNC event from HWC for display 0 (t=170390382176926)
11-21 15:08:22.689 E/StatusBarClientConnection( 4763): Service connected
11-21 15:08:22.709 W/View    ( 4763): requestLayout() improperly called by android.view.View{d07bfa6 V.ED..... ......I. 0,368-474,474} during layout: running second layout pass
11-21 15:08:22.728 W/View    ( 4763): requestLayout() improperly called by com.facebook.wearable.common.wds.listview.WdsListView{29826cc V.E..V... ........ 0,0-474,474} during second layout pass: posting in next frame
11-21 15:08:22.753 D/CompatibilityInfo( 1186): mCompatibilityFlags - 4
11-21 15:08:22.753 D/CompatibilityInfo( 1186): applicationDensity - 320
11-21 15:08:22.753 D/CompatibilityInfo( 1186): applicationScale - 1.0
11-21 15:08:22.989 D/CompatibilityInfo( 1186): mCompatibilityFlags - 4
11-21 15:08:22.989 D/CompatibilityInfo( 1186): applicationDensity - 320
11-21 15:08:22.989 D/CompatibilityInfo( 1186): applicationScale - 1.0
11-21 15:08:23.136 D/CompatibilityInfo( 1186): mCompatibilityFlags - 4
11-21 15:08:23.137 D/CompatibilityInfo( 1186): applicationDensity - 320
11-21 15:08:23.137 D/CompatibilityInfo( 1186): applicationScale - 1.0
11-21 15:08:23.379 E/ANDR-PERF-OPTSHANDLER(  552): perf_lock_rel: failed for /proc/sys/vm/swap_ratio as previous value is not stored
11-21 15:08:23.379 E/ANDR-PERF-OPTSHANDLER(  552): perf_lock_rel: failed for /sys/class/kgsl/kgsl-3d0/min_pwrlevel as previous value is not stored
11-21 15:08:23.380 E/ANDR-PERF-RESOURCEQS(  552): Failed to reset optimization [3, 0]
11-21 15:08:23.385 D/CompatibilityInfo( 1186): mCompatibilityFlags - 4
11-21 15:08:23.385 D/CompatibilityInfo( 1186): applicationDensity - 320
11-21 15:08:23.386 D/CompatibilityInfo( 1186): applicationScale - 1.0
11-21 15:08:23.432 D/commandrouter( 1006): rtc_sync (1, rtc:sync): <ServiceRequest> FORWARDED (remote -> local) service client ID = 0, token ID = 49801
11-21 15:08:23.433 D/vendor.facebook.rtc_sync@1.0-service( 1145): Request req_ts=1637507303442452097 resp_ts=1637507303433029333
11-21 15:08:23.433 D/commandrouter( 1006): SocServiceHandle::onServiceMessage, SoC Service = rtc_sync, appType = 1, type = SVC_RESP, clientId = 0, token = 49801, payloadLen = 8, result = 0, payload.size() = 8
11-21 15:08:23.447 E/QMI_FW  ( 1042): qmi_cci_get_ref: ref count increased 2
11-21 15:08:23.449 E/QMI_FW  ( 1042): qmi_cci_get_ref: ref count increased 2
11-21 15:08:23.467 I/WearableConnectivityManager( 7052): LTE Signal strength is: 2
11-21 15:08:23.467 I/WearableConnectivityManager( 7052): Cellular Signal strength is: 2
11-21 15:08:23.468 D/RadioLinkQualityScoreBuilder( 1984): scoreRsrp: 3scoreRsrq: 2scoreRssnr: 3
11-21 15:08:23.468 D/WirelessInsightServiceImpl( 1984): onSignalStrengthsChanged: SignalStrength = SignalStrength:{mCdma=CellSignalStrengthCdma: cdmaDbm=2147483647 cdmaEcio=2147483647 evdoDbm=2147483647 evdoEcio=2147483647 evdoSnr=2147483647 level=0,mGsm=CellSignalStrengthGsm: rssi=2147483647 ber=2147483647 mTa=2147483647 mLevel=0,mWcdma=CellSignalStrengthWcdma: ss=2147483647 ber=2147483647 rscp=2147483647 ecno=2147483647 level=0,mTdscdma=CellSignalStrengthTdscdma: rssi=2147483647 ber=2147483647 rscp=2147483647 level=0,mLte=CellSignalStrengthLte: rssi=-75 rsrp=-110 rsrq=-14 rssnr=9 cqi=2147483647 ta=2147483647 level=2 parametersUseForLevel=0,mNr=CellSignalStrengthNr:{ csiRsrp = 2147483647 csiRsrq = 2147483647 csiSinr = 2147483647 ssRsrp = 2147483647 ssRsrq = 2147483647 ssSinr = 2147483647 level = 0 parametersUseForLevel = 0 },primary=CellSignalStrengthLte}
11-21 15:08:23.469 D/WirelessInsightServiceImpl( 1984): Score: 2
11-21 15:08:23.469 D/WirelessInsightServiceImpl( 1984): notifyListeners: listeners = 0, score = 2
11-21 15:08:23.527 D/CompatibilityInfo( 1186): mCompatibilityFlags - 4
11-21 15:08:23.527 D/CompatibilityInfo( 1186): applicationDensity - 320
11-21 15:08:23.527 D/CompatibilityInfo( 1186): applicationScale - 1.0
11-21 15:08:23.569 I/chatty  ( 2334): uid=10062(com.facebook.wearable.system.selfcare) HeapTaskDaemon expire 1 line
11-21 15:08:23.586 I/chatty  ( 2334): uid=10062(com.facebook.wearable.system.selfcare) DefaultDispatch expire 2 lines
11-21 15:08:23.587 I/chatty  ( 2334): uid=10062(com.facebook.wearable.system.selfcare) MainTP_1654 expire 1 line
11-21 15:08:23.749 D/CompatibilityInfo( 1186): mCompatibilityFlags - 4
11-21 15:08:23.749 D/CompatibilityInfo( 1186): applicationDensity - 320
11-21 15:08:23.749 D/CompatibilityInfo( 1186): applicationScale - 1.0
11-21 15:08:23.815 I/chatty  ( 2334): uid=10062(com.facebook.wearable.system.selfcare) MainTP_1652 expire 1 line
11-21 15:08:23.816 I/chatty  ( 2334): uid=10062(com.facebook.wearable.system.selfcare) pool-3-thread-2 expire 1 line
11-21 15:08:23.896 D/CompatibilityInfo( 1186): mCompatibilityFlags - 4
11-21 15:08:23.896 D/CompatibilityInfo( 1186): applicationDensity - 320
11-21 15:08:23.896 D/CompatibilityInfo( 1186): applicationScale - 1.0
11-21 15:08:23.977 I/chatty  ( 2334): uid=10062(com.facebook.wearable.system.selfcare) DefaultDispatch expire 2 lines
11-21 15:08:23.978 I/chatty  ( 2334): uid=10062(com.facebook.wearable.system.selfcare) MainTP_1655 expire 1 line
11-21 15:08:24.063 I/chatty  ( 2334): uid=10062(com.facebook.wearable.system.selfcare) pool-3-thread-2 expire 1 line
11-21 15:08:24.162 D/CompatibilityInfo( 1186): mCompatibilityFlags - 4
11-21 15:08:24.163 D/CompatibilityInfo( 1186): applicationDensity - 320
11-21 15:08:24.163 D/CompatibilityInfo( 1186): applicationScale - 1.0
11-21 15:08:24.228 I/chatty  ( 2334): uid=10062(com.facebook.wearable.system.selfcare) MainTP_1652 expire 1 line
11-21 15:08:24.228 I/chatty  ( 2334): uid=10062(com.facebook.wearable.system.selfcare) pool-3-thread-2 expire 1 line
11-21 15:08:24.315 D/CompatibilityInfo( 1186): mCompatibilityFlags - 4
11-21 15:08:24.316 D/CompatibilityInfo( 1186): applicationDensity - 320
11-21 15:08:24.316 D/CompatibilityInfo( 1186): applicationScale - 1.0
11-21 15:08:24.345 W/HWComposer(  598): Ignoring duplicate VSYNC event from HWC for display 0 (t=170392070803749)
11-21 15:08:24.363 I/chatty  ( 2334): uid=10062(com.facebook.wearable.system.selfcare) DefaultDispatch expire 2 lines
11-21 15:08:24.365 I/chatty  ( 2334): uid=10062(com.facebook.wearable.system.selfcare) MainTP_1651 expire 1 line
11-21 15:08:24.448 E/TaskPersister( 1186): File error accessing recents directory (directory doesn't exist?).
11-21 15:08:24.473 I/chatty  ( 2334): uid=10062(com.facebook.wearable.system.selfcare) pool-3-thread-1 expire 2 lines
11-21 15:08:24.546 D/CompatibilityInfo( 1186): mCompatibilityFlags - 4
11-21 15:08:24.546 D/CompatibilityInfo( 1186): applicationDensity - 320
11-21 15:08:24.546 D/CompatibilityInfo( 1186): applicationScale - 1.0
11-21 15:08:24.604 I/chatty  ( 2334): uid=10062(com.facebook.wearable.system.selfcare) MainTP_1652 expire 1 line
11-21 15:08:24.687 D/CompatibilityInfo( 1186): mCompatibilityFlags - 4
11-21 15:08:24.687 D/CompatibilityInfo( 1186): applicationDensity - 320
11-21 15:08:24.687 D/CompatibilityInfo( 1186): applicationScale - 1.0
11-21 15:08:24.742 D/SettingsSDK::SyncHelper( 2334): Read setting com.facebook.wearable.sdk.selfcare:SELFCARE_SERVICE_ENABLED from persistent cache
11-21 15:08:24.743 D/FacebookRepository( 2334): Reading from Store [906581286488774]
11-21 15:08:24.848 E/SelfCareDataCloudSyncWorker( 2334): Failed to get access token
11-21 15:08:24.848 E/SelfCareDataCloudSyncWorker( 2334): kotlinx.coroutines.JobCancellationException: Job was cancelled; job=JobImpl{Cancelling}@5fc3f29
11-21 15:08:24.849 I/WM-WorkerWrapper( 2334): Work [ id=57f248e9-27c9-4baa-bcea-f98e3ece0d1a, tags={ com.facebook.wearable.system.selfcare.cloudsync.SelfCareDataCloudSyncWorker } ] was cancelled
11-21 15:08:24.849 I/WM-WorkerWrapper( 2334): java.util.concurrent.CancellationException: Task was cancelled.
11-21 15:08:24.849 I/WM-WorkerWrapper( 2334): 	at androidx.work.impl.utils.futures.AbstractFuture.getDoneValue(:32)
11-21 15:08:24.849 I/WM-WorkerWrapper( 2334): 	at androidx.work.impl.utils.futures.AbstractFuture.get(:268435546)
11-21 15:08:24.849 I/WM-WorkerWrapper( 2334): 	at androidx.work.impl.WorkerWrapper$2.run(:3)
11-21 15:08:24.849 I/WM-WorkerWrapper( 2334): 	at androidx.work.impl.utils.SerialExecutor$Task.run(:2)
11-21 15:08:24.849 I/WM-WorkerWrapper( 2334): 	at java.util.concurrent.ThreadPoolExecutor.runWorker(ThreadPoolExecutor.java:1167)
11-21 15:08:24.849 I/WM-WorkerWrapper( 2334): 	at java.util.concurrent.ThreadPoolExecutor$Worker.run(ThreadPoolExecutor.java:641)
11-21 15:08:24.849 I/WM-WorkerWrapper( 2334): 	at java.lang.Thread.run(Thread.java:923)
11-21 15:08:24.930 D/CompatibilityInfo( 1186): mCompatibilityFlags - 4
11-21 15:08:24.930 D/CompatibilityInfo( 1186): applicationDensity - 320
11-21 15:08:24.930 D/CompatibilityInfo( 1186): applicationScale - 1.0
11-21 15:08:24.997 E/StickerBundleDatabaseWorker( 2334): Failed to fetch sticker bundles:
11-21 15:08:24.997 E/StickerBundleDatabaseWorker( 2334): kotlinx.coroutines.JobCancellationException: Job was cancelled; job=JobImpl{Cancelling}@870a4e5
11-21 15:08:24.997 I/WM-WorkerWrapper( 2334): Work [ id=e596069b-4a6f-495d-b19d-a8669de7ea86, tags={ com.facebook.wearable.system.selfcare.sharing.StickerBundleDatabaseWorker } ] was cancelled
11-21 15:08:24.997 I/WM-WorkerWrapper( 2334): java.util.concurrent.CancellationException: Task was cancelled.
11-21 15:08:24.997 I/WM-WorkerWrapper( 2334): 	at androidx.work.impl.utils.futures.AbstractFuture.getDoneValue(:32)
11-21 15:08:24.997 I/WM-WorkerWrapper( 2334): 	at androidx.work.impl.utils.futures.AbstractFuture.get(:268435546)
11-21 15:08:24.997 I/WM-WorkerWrapper( 2334): 	at androidx.work.impl.WorkerWrapper$2.run(:3)
11-21 15:08:24.997 I/WM-WorkerWrapper( 2334): 	at androidx.work.impl.utils.SerialExecutor$Task.run(:2)
11-21 15:08:24.997 I/WM-WorkerWrapper( 2334): 	at java.util.concurrent.ThreadPoolExecutor.runWorker(ThreadPoolExecutor.java:1167)
11-21 15:08:24.997 I/WM-WorkerWrapper( 2334): 	at java.util.concurrent.ThreadPoolExecutor$Worker.run(ThreadPoolExecutor.java:641)
11-21 15:08:24.997 I/WM-WorkerWrapper( 2334): 	at java.lang.Thread.run(Thread.java:923)
11-21 15:08:25.085 D/CompatibilityInfo( 1186): mCompatibilityFlags - 4
11-21 15:08:25.085 D/CompatibilityInfo( 1186): applicationDensity - 320
11-21 15:08:25.085 D/CompatibilityInfo( 1186): applicationScale - 1.0
11-21 15:08:25.136 D/SettingsSDK::SyncHelper( 2334): Read setting com.facebook.wearable.sdk.selfcare:SELFCARE_SERVICE_ENABLED from persistent cache
11-21 15:08:25.136 D/FacebookRepository( 2334): Reading from Store [906581286488774]
11-21 15:08:25.241 E/SelfCareDataCloudSyncWorker( 2334): Failed to get access token
11-21 15:08:25.241 E/SelfCareDataCloudSyncWorker( 2334): kotlinx.coroutines.JobCancellationException: Job was cancelled; job=JobImpl{Cancelling}@f3a29e0
11-21 15:08:25.242 I/WM-WorkerWrapper( 2334): Work [ id=57f248e9-27c9-4baa-bcea-f98e3ece0d1a, tags={ com.facebook.wearable.system.selfcare.cloudsync.SelfCareDataCloudSyncWorker } ] was cancelled
11-21 15:08:25.242 I/WM-WorkerWrapper( 2334): java.util.concurrent.CancellationException: Task was cancelled.
11-21 15:08:25.242 I/WM-WorkerWrapper( 2334): 	at androidx.work.impl.utils.futures.AbstractFuture.getDoneValue(:32)
11-21 15:08:25.242 I/WM-WorkerWrapper( 2334): 	at androidx.work.impl.utils.futures.AbstractFuture.get(:268435546)
11-21 15:08:25.242 I/WM-WorkerWrapper( 2334): 	at androidx.work.impl.WorkerWrapper$2.run(:3)
11-21 15:08:25.242 I/WM-WorkerWrapper( 2334): 	at androidx.work.impl.utils.SerialExecutor$Task.run(:2)
11-21 15:08:25.242 I/WM-WorkerWrapper( 2334): 	at java.util.concurrent.ThreadPoolExecutor.runWorker(ThreadPoolExecutor.java:1167)
11-21 15:08:25.242 I/WM-WorkerWrapper( 2334): 	at java.util.concurrent.ThreadPoolExecutor$Worker.run(ThreadPoolExecutor.java:641)
11-21 15:08:25.242 I/WM-WorkerWrapper( 2334): 	at java.lang.Thread.run(Thread.java:923)
11-21 15:08:25.326 D/CompatibilityInfo( 1186): mCompatibilityFlags - 4
11-21 15:08:25.326 D/CompatibilityInfo( 1186): applicationDensity - 320
11-21 15:08:25.326 D/CompatibilityInfo( 1186): applicationScale - 1.0
11-21 15:08:25.412 E/StickerBundleDatabaseWorker( 2334): Failed to fetch sticker bundles:
11-21 15:08:25.412 E/StickerBundleDatabaseWorker( 2334): kotlinx.coroutines.JobCancellationException: Job was cancelled; job=JobImpl{Cancelling}@2d9155
11-21 15:08:25.412 I/WM-WorkerWrapper( 2334): Work [ id=e596069b-4a6f-495d-b19d-a8669de7ea86, tags={ com.facebook.wearable.system.selfcare.sharing.StickerBundleDatabaseWorker } ] was cancelled
11-21 15:08:25.412 I/WM-WorkerWrapper( 2334): java.util.concurrent.CancellationException: Task was cancelled.
11-21 15:08:25.412 I/WM-WorkerWrapper( 2334): 	at androidx.work.impl.utils.futures.AbstractFuture.getDoneValue(:32)
11-21 15:08:25.412 I/WM-WorkerWrapper( 2334): 	at androidx.work.impl.utils.futures.AbstractFuture.get(:268435546)
11-21 15:08:25.412 I/WM-WorkerWrapper( 2334): 	at androidx.work.impl.WorkerWrapper$2.run(:3)
11-21 15:08:25.412 I/WM-WorkerWrapper( 2334): 	at androidx.work.impl.utils.SerialExecutor$Task.run(:2)
11-21 15:08:25.412 I/WM-WorkerWrapper( 2334): 	at java.util.concurrent.ThreadPoolExecutor.runWorker(ThreadPoolExecutor.java:1167)
11-21 15:08:25.412 I/WM-WorkerWrapper( 2334): 	at java.util.concurrent.ThreadPoolExecutor$Worker.run(ThreadPoolExecutor.java:641)
11-21 15:08:25.412 I/WM-WorkerWrapper( 2334): 	at java.lang.Thread.run(Thread.java:923)
11-21 15:08:25.497 D/CompatibilityInfo( 1186): mCompatibilityFlags - 4
11-21 15:08:25.498 D/CompatibilityInfo( 1186): applicationDensity - 320
11-21 15:08:25.498 D/CompatibilityInfo( 1186): applicationScale - 1.0
11-21 15:08:25.552 D/SettingsSDK::SyncHelper( 2334): Read setting com.facebook.wearable.sdk.selfcare:SELFCARE_SERVICE_ENABLED from persistent cache
11-21 15:08:25.553 D/FacebookRepository( 2334): Reading from Store [906581286488774]
11-21 15:08:25.658 D/UIAutomatorStub(28121): URI: /jsonrpc/0, Method: POST, Header: {content-length=183, remote-addr=127.0.0.1, http-client-ip=127.0.0.1, host=localhost:9012, content-type=application/json, accept-encoding=identity}, params, {NanoHttpd.QUERY_STRING=null}, files: {postData={"jsonrpc": "2.0", "method": "waitForExists", "id": "82715dd2920472330c11f99c4aefb556", "params": [{"mask": 1, "childOrSibling": [], "childOrSiblingSelector": [], "text": "WiFi"}, 5]}}
11-21 15:08:25.664 E/SelfCareDataCloudSyncWorker( 2334): Failed to get access token
11-21 15:08:25.664 E/SelfCareDataCloudSyncWorker( 2334): kotlinx.coroutines.JobCancellationException: Job was cancelled; job=JobImpl{Cancelling}@4e673d3
11-21 15:08:25.664 I/WM-WorkerWrapper( 2334): Work [ id=57f248e9-27c9-4baa-bcea-f98e3ece0d1a, tags={ com.facebook.wearable.system.selfcare.cloudsync.SelfCareDataCloudSyncWorker } ] was cancelled
11-21 15:08:25.664 I/WM-WorkerWrapper( 2334): java.util.concurrent.CancellationException: Task was cancelled.
11-21 15:08:25.664 I/WM-WorkerWrapper( 2334): 	at androidx.work.impl.utils.futures.AbstractFuture.getDoneValue(:32)
11-21 15:08:25.664 I/WM-WorkerWrapper( 2334): 	at androidx.work.impl.utils.futures.AbstractFuture.get(:268435546)
11-21 15:08:25.664 I/WM-WorkerWrapper( 2334): 	at androidx.work.impl.WorkerWrapper$2.run(:3)
11-21 15:08:25.664 I/WM-WorkerWrapper( 2334): 	at androidx.work.impl.utils.SerialExecutor$Task.run(:2)
11-21 15:08:25.664 I/WM-WorkerWrapper( 2334): 	at java.util.concurrent.ThreadPoolExecutor.runWorker(ThreadPoolExecutor.java:1167)
11-21 15:08:25.664 I/WM-WorkerWrapper( 2334): 	at java.util.concurrent.ThreadPoolExecutor$Worker.run(ThreadPoolExecutor.java:641)
11-21 15:08:25.664 I/WM-WorkerWrapper( 2334): 	at java.lang.Thread.run(Thread.java:923)
11-21 15:08:25.686 D/UIAutomatorStub(28121): URI: /jsonrpc/0, Method: POST, Header: {content-length=172, remote-addr=127.0.0.1, http-client-ip=127.0.0.1, host=localhost:9012, content-type=application/json, accept-encoding=identity}, params, {NanoHttpd.QUERY_STRING=null}, files: {postData={"jsonrpc": "2.0", "method": "click", "id": "85981da612402254ef290998bed7d712", "params": [{"mask": 1, "childOrSibling": [], "childOrSiblingSelector": [], "text": "WiFi"}]}}
11-21 15:08:25.754 D/CompatibilityInfo( 1186): mCompatibilityFlags - 4
11-21 15:08:25.754 D/CompatibilityInfo( 1186): applicationDensity - 320
11-21 15:08:25.754 D/CompatibilityInfo( 1186): applicationScale - 1.0
11-21 15:08:25.782 W/StatusBarClientConnection( 4763): Messenger is null, ignoring message: { when=-1d23h19m53s508ms barrier=1 }
11-21 15:08:25.835 D/CompatibilityInfo( 1186): mCompatibilityFlags - 4
11-21 15:08:25.836 D/CompatibilityInfo( 1186): applicationDensity - 320
11-21 15:08:25.836 D/CompatibilityInfo( 1186): applicationScale - 1.0
11-21 15:08:25.845 E/StatusBarClientConnection( 4763): Service connected
11-21 15:08:25.848 D/WifiConnector( 2870): Network State Changed
11-21 15:08:25.860 E/StickerBundleDatabaseWorker( 2334): Failed to fetch sticker bundles:
11-21 15:08:25.860 E/StickerBundleDatabaseWorker( 2334): kotlinx.coroutines.JobCancellationException: Job was cancelled; job=JobImpl{Cancelling}@1da883c
11-21 15:08:25.860 I/WM-WorkerWrapper( 2334): Work [ id=e596069b-4a6f-495d-b19d-a8669de7ea86, tags={ com.facebook.wearable.system.selfcare.sharing.StickerBundleDatabaseWorker } ] was cancelled
11-21 15:08:25.860 I/WM-WorkerWrapper( 2334): java.util.concurrent.CancellationException: Task was cancelled.
11-21 15:08:25.860 I/WM-WorkerWrapper( 2334): 	at androidx.work.impl.utils.futures.AbstractFuture.getDoneValue(:32)
11-21 15:08:25.860 I/WM-WorkerWrapper( 2334): 	at androidx.work.impl.utils.futures.AbstractFuture.get(:268435546)
11-21 15:08:25.860 I/WM-WorkerWrapper( 2334): 	at androidx.work.impl.WorkerWrapper$2.run(:3)
11-21 15:08:25.860 I/WM-WorkerWrapper( 2334): 	at androidx.work.impl.utils.SerialExecutor$Task.run(:2)
11-21 15:08:25.860 I/WM-WorkerWrapper( 2334): 	at java.util.concurrent.ThreadPoolExecutor.runWorker(ThreadPoolExecutor.java:1167)
11-21 15:08:25.860 I/WM-WorkerWrapper( 2334): 	at java.util.concurrent.ThreadPoolExecutor$Worker.run(ThreadPoolExecutor.java:641)
11-21 15:08:25.860 I/WM-WorkerWrapper( 2334): 	at java.lang.Thread.run(Thread.java:923)
11-21 15:08:25.861 W/View    ( 4763): requestLayout() improperly called by android.view.View{6c46cee V.ED..... ......I. 0,368-474,474} during layout: running second layout pass
11-21 15:08:25.882 D/WifiSharingService( 2870): Starting Wi-Fi scan
