11-19 17:16:22.397 D/ComplicationDataManagerImpl( 2565): Updating complication data for package: com.facebook.wearable.apps.gallery, id: com.facebook.wearable.apps.gallery.SHORTCUT_COMPLICATION
11-19 17:16:22.397 D/ComplicationDataManagerImpl( 2565): Updating complication data for package: com.facebook.wearable.apps.calendar, id: com.facebook.wearable.apps.calendar.SHORTCUT_COMPLICATION
11-19 17:16:22.397 D/ComplicationDataManagerImpl( 2565): Updating complication data for package: com.facebook.wearable.apps.weather, id: com.facebook.wearable.apps.weather.SHORTCUT_COMPLICATION
11-19 17:16:22.397 D/ComplicationDataManagerImpl( 2565): Updating complication data for package: com.facebook.wearable.apps.clock, id: com.facebook.wearable.apps.clock.SHORTCUT_COMPLICATION
11-19 17:16:22.397 D/ComplicationDataManagerImpl( 2565): Updating complication data for package: com.facebook.wearable.apps.player, id: com.facebook.wearable.apps.player.SHORTCUT_COMPLICATION
11-19 17:16:22.397 D/ComplicationDataManagerImpl( 2565): Updating complication data for package: com.facebook.wearable.apps.heart, id: com.facebook.wearable.apps.heart.HEART_RATE
11-19 17:16:22.398 E/DayDateSystemComplicationProvider( 2565): Updating Day Date System Complication
11-19 17:16:22.399 D/ComplicationDataManagerImpl( 2565): Updating complication data for package: com.facebook.wearable.apps.calendar, id: com.facebook.wearable.apps.calendar.DAY_DATE_COMPLICATION
11-19 17:16:22.404 D/ComplicationDataManagerImpl( 2565): Fetching complication data for package: com.facebook.wearable.apps.calendar, com.facebook.wearable.apps.calendar.DAY_DATE_COMPLICATION.
11-19 17:16:22.405 D/ComplicationDataManagerImpl( 2565): Fetching complication data for package: com.facebook.wearable.apps.player, com.facebook.wearable.apps.player.SHORTCUT_COMPLICATION.
11-19 17:16:22.406 D/ComplicationDataManagerImpl( 2565): Fetching complication data for package: com.facebook.wearable.apps.gallery, com.facebook.wearable.apps.gallery.SHORTCUT_COMPLICATION.
11-19 17:16:22.406 D/ComplicationDataManagerImpl( 2565): Fetching complication data for package: com.facebook.wearable.apps.heart, com.facebook.wearable.apps.heart.HEART_RATE.
11-19 17:16:22.415 D/LauncherActivity( 2565): onResume: Intent { cat=[android.intent.category.DEFAULT] flg=0x10020000 cmp=com.facebook.wearable.system.launcher/.LauncherActivity }
11-19 17:16:22.416 D/LauncherIntentProcessor( 2565): processLauncherActivityIntent: Intent { cat=[android.intent.category.DEFAULT] flg=0x10020000 cmp=com.facebook.wearable.system.launcher/.LauncherActivity }
11-19 17:16:22.425 D/TetheredPhoneUtil( 2565): Retrieving the tethered phone status
11-19 17:16:22.427 D/TetheredPhoneUtil( 2565): Found tethered phone status: false
11-19 17:16:22.440 D/FacebookRepository( 2565): Reading from Store [250223709649332]
11-19 17:16:22.467 I/chatty  ( 1196): uid=1000(system) ActivityManager expire 18 lines
11-19 17:16:22.487 D/UIAutomatorStub( 5833): URI: /jsonrpc/0, Method: POST, Header: {content-length=102, remote-addr=127.0.0.1, http-client-ip=127.0.0.1, host=localhost:9011, content-type=application/json, accept-encoding=identity}, params, {NanoHttpd.QUERY_STRING=null}, files: {postData={"jsonrpc": "2.0", "method": "pressKey", "id": "c35d07400350b8f8b6e5aba243038d9e", "params": ["back"]}}
11-19 17:16:22.529 I/chatty  ( 1196): uid=1000(system) Binder:1196_10 expire 3 lines
11-19 17:16:22.531 I/vendor.rmt_storage(  602): rmt_storage_connect_cb: clnt_h=0x19 conn_h=0x938b3020
11-19 17:16:22.531 I/vendor.rmt_storage(  602): rmt_storage_rw_iovec_cb: /boot/modem_fs1: req_h=0x19 msg_id=3: R/W request received (wr_count 17)
11-19 17:16:22.531 I/vendor.rmt_storage(  602): wakelock acquired: 1, error no: 11
11-19 17:16:22.531 I/vendor.rmt_storage(  602): rmt_storage_client_thread: /boot/modem_fs1: Unblock worker thread (th_id: -1831599680)
11-19 17:16:22.613 I/vendor.rmt_storage(  602): rmt_storage_client_thread: /boot/modem_fs1: req_h=0x19 msg_id=3: Bytes written = 1572864, wr_count 17
11-19 17:16:22.613 I/vendor.rmt_storage(  602): rmt_storage_client_thread: /boot/modem_fs1: req_h=0x19 msg_id=3: Send response: res=0 err=0, wr_count 17
11-19 17:16:22.613 I/vendor.rmt_storage(  602): rmt_storage_client_thread: /boot/modem_fs1: About to block rmt_storage client thread (th_id: -1831599680) wakelock released: 1, error no: 22
11-19 17:16:22.613 I/vendor.rmt_storage(  602): 
11-19 17:16:22.617 I/vendor.rmt_storage(  602): rmt_storage_disconnect_cb: clnt_h=0x19 conn_h=0x938b3020
11-19 17:16:22.975 W/bluelink( 1123): [Device] updateSmoothedTime: too early or too late; st=5172.627, rt=5177.642
11-19 17:16:22.975 W/bluelink( 1123): [System] updateSmoothedTime: too early or too late; st=5224.399, rt=5225.596
11-19 17:16:23.553 D/LauncherActivity( 2565): onKeyUp() called with keycode:4, event: KeyEvent { action=ACTION_UP, keyCode=KEYCODE_BACK, scanCode=0, metaState=0, flags=0x200, repeatCount=0, eventTime=5213890, downTime=5213890, deviceId=-1, source=0x101, displayId=-1 }
11-19 17:16:22.333 I/chatty  ( 1196): uid=1000(system) android.ui identical 2 lines
11-19 17:16:23.551 D/AutofillManagerService( 1196): onBackKeyPressed()
11-19 17:16:24.161 W/ActivityManager( 1196): Invalid packageName: com.facebook.wearable.system.settings/com.facebook.wearable.system.settings.SettingsActivity
11-19 17:16:24.163 I/cmd     ( 9241): oneway function results will be dropped but finished with status OK and parcel size 4
11-19 17:16:24.279 I/ActivityTaskManager( 1196): START u0 {flg=0x10000000 cmp=com.facebook.wearable.system.settings/.SettingsActivity} from uid 0
11-19 17:16:24.283 E/ANDR-PERF-OPTSHANDLER(  560): Perflock resource /proc/sys/kernel/sched_group_downmigrate not supported
11-19 17:16:24.283 E/ANDR-PERF-RESOURCEQS(  560): Failed to apply optimization [3, 22]
11-19 17:16:24.283 E/ANDR-PERF-OPTSHANDLER(  560): Perflock resource /proc/sys/kernel/sched_group_upmigrate not supported
11-19 17:16:24.283 E/ANDR-PERF-RESOURCEQS(  560): Failed to apply optimization [3, 21]
11-19 17:16:24.283 E/ANDR-PERF-OPTSHANDLER(  560): Perflock resource /sys/module/lpm_levels/parameters/bias_hyst not supported
11-19 17:16:24.283 E/ANDR-PERF-RESOURCEQS(  560): Failed to apply optimization [1, 2]
11-19 17:16:24.283 E/ANDR-PERF-OPTSHANDLER(  560): Failed to read /proc/sys/kernel/sched_downmigrate
11-19 17:16:24.283 E/ANDR-PERF-RESOURCEQS(  560): Failed to apply optimization [3, 8]
11-19 17:16:24.283 E/ANDR-PERF-OPTSHANDLER(  560): Failed to read /proc/sys/kernel/sched_upmigrate
11-19 17:16:24.283 E/ANDR-PERF-RESOURCEQS(  560): Failed to apply optimization [3, 7]
11-19 17:16:24.295 I/ActivityTaskManager( 1196): The Process com.facebook.wearable.system.settings Already Exists in BG. So sending its PID: 2711
11-19 17:16:24.296 W/ActivityTaskManager( 1196): Tried to set launchTime (0) < mLastActivityLaunchTime (5183671)
11-19 17:16:24.306 I/cmd     ( 9246): oneway function results will be dropped but finished with status OK and parcel size 4
11-19 17:16:24.322 D/LauncherActivity( 2565): onPause
11-19 17:16:24.376 D/FacebookProvider( 2756): Starting SSO Network Fetch for 263529928325379
11-19 17:16:24.376 I/AccountsContentProvider( 2756): No Primary Account. Accounts Error [content://com.facebook.wearable.system.accounts.AccountsContentProvider/facebook/263529928325379]
11-19 17:16:24.377 E/DatabaseUtils( 2756): Writing exception to parcel
11-19 17:16:24.377 E/DatabaseUtils( 2756): java.lang.IllegalStateException: No Primary Account
11-19 17:16:24.377 E/DatabaseUtils( 2756): 	at com.facebook.secure.content.AbstractContentProvider.doQuery(:284)
11-19 17:16:24.377 E/DatabaseUtils( 2756): 	at com.facebook.secure.content.AbstractContentProvider.query(:8)
11-19 17:16:24.377 E/DatabaseUtils( 2756): 	at android.content.ContentProvider.query(ContentProvider.java:1474)
11-19 17:16:24.377 E/DatabaseUtils( 2756): 	at android.content.ContentProvider$Transport.query(ContentProvider.java:278)
11-19 17:16:24.377 E/DatabaseUtils( 2756): 	at android.content.ContentProviderNative.onTransact(ContentProviderNative.java:106)
11-19 17:16:24.377 E/DatabaseUtils( 2756): 	at android.os.Binder.execTransactInternal(Binder.java:1154)
11-19 17:16:24.377 E/DatabaseUtils( 2756): 	at android.os.Binder.execTransact(Binder.java:1123)
11-19 17:16:24.378 E/AccountsViewModel( 2711): AccountsViewModel.flow failed: No Primary Account
11-19 17:16:24.378 E/AccountsViewModel( 2711): java.lang.IllegalStateException: No Primary Account
11-19 17:16:24.378 E/AccountsViewModel( 2711): 	at android.os.Parcel.createExceptionOrNull(Parcel.java:2381)
11-19 17:16:24.378 E/AccountsViewModel( 2711): 	at android.os.Parcel.createException(Parcel.java:2357)
11-19 17:16:24.378 E/AccountsViewModel( 2711): 	at android.os.Parcel.readException(Parcel.java:2340)
11-19 17:16:24.378 E/AccountsViewModel( 2711): 	at android.database.DatabaseUtils.readExceptionFromParcel(DatabaseUtils.java:190)
11-19 17:16:24.378 E/AccountsViewModel( 2711): 	at android.database.DatabaseUtils.readExceptionFromParcel(DatabaseUtils.java:142)
11-19 17:16:24.378 E/AccountsViewModel( 2711): 	at android.content.ContentProviderProxy.query(ContentProviderNative.java:472)
11-19 17:16:24.378 E/AccountsViewModel( 2711): 	at android.content.ContentResolver.query(ContentResolver.java:1185)
11-19 17:16:24.378 E/AccountsViewModel( 2711): 	at android.content.ContentResolver.query(ContentResolver.java:1116)
11-19 17:16:24.378 E/AccountsViewModel( 2711): 	at com.facebook.wearable.common.accounts.contract.WearableAccountsContractRequest.query(:51)
11-19 17:16:24.378 E/AccountsViewModel( 2711): 	at kotlin.coroutines.jvm.internal.BaseContinuationImpl.invokeSuspend(:95489)
11-19 17:16:24.378 E/AccountsViewModel( 2711): 	at com.facebook.wearable.common.accounts.WearableAccountsKt$fb$1.invoke(:9)
11-19 17:16:24.378 E/AccountsViewModel( 2711): 	at com.facebook.wearable.common.coroutines.lazy.LazyAsync.get(:101)
11-19 17:16:24.378 E/AccountsViewModel( 2711): 	at kotlin.coroutines.jvm.internal.BaseContinuationImpl.invokeSuspend(:96596)
11-19 17:16:24.378 E/AccountsViewModel( 2711): 	at com.facebook.wearable.system.settings.accounts.AccountsViewModel$wearableAccountFlow$1.invoke(:11)
11-19 17:16:24.378 E/AccountsViewModel( 2711): 	at kotlinx.coroutines.flow.AbstractFlow.collect$rvp0$0(:72)
11-19 17:16:24.378 E/AccountsViewModel( 2711): 	at kotlin.coroutines.jvm.internal.BaseContinuationImpl.invokeSuspend(:95417)
11-19 17:16:24.378 E/AccountsViewModel( 2711): 	at kotlinx.coroutines.flow.FlowKt__ShareKt$launchSharing$1$2.invoke(Unknown Source:10)
11-19 17:16:24.378 E/AccountsViewModel( 2711): 	at kotlin.coroutines.jvm.internal.BaseContinuationImpl.invokeSuspend(:96715)
11-19 17:16:24.378 E/AccountsViewModel( 2711): 	at kotlinx.coroutines.flow.FlowKt__MergeKt$mapLatest$1.invoke(Unknown Source:15)
11-19 17:16:24.378 E/AccountsViewModel( 2711): 	at kotlin.coroutines.jvm.internal.BaseContinuationImpl.invokeSuspend(:96820)
11-19 17:16:24.378 E/AccountsViewModel( 2711): 	at kotlinx.coroutines.flow.internal.ChannelFlowTransformLatest$flowCollect$3$1$2.invoke(Unknown Source:10)
11-19 17:16:24.378 E/AccountsViewModel( 2711): 	at kotlinx.coroutines.CoroutineStart.invoke(:32)
11-19 17:16:24.378 E/AccountsViewModel( 2711): 	at kotlinx.coroutines.BuildersKt__Builders_commonKt.launch(:15)
11-19 17:16:24.378 E/AccountsViewModel( 2711): 	at kotlinx.coroutines.flow.internal.ChannelFlowTransformLatest$flowCollect$3$invokeSuspend$$inlined$collect$1.emit(:56)
11-19 17:16:24.378 E/AccountsViewModel( 2711): 	at kotlinx.coroutines.flow.DistinctFlowImpl$collect$$inlined$collect$1.emit(:74)
11-19 17:16:24.378 E/AccountsViewModel( 2711): 	at kotlinx.coroutines.flow.FlowKt__LimitKt$dropWhile$lambda-4$$inlined$collect$1.emit(:114)
11-19 17:16:24.378 E/AccountsViewModel( 2711): 	at kotlinx.coroutines.flow.FlowKt__ChannelsKt.emitAllImpl$FlowKt__ChannelsKt(:123)
11-19 17:16:24.378 E/AccountsViewModel( 2711): 	at kotlin.coroutines.jvm.internal.BaseContinuationImpl.invokeSuspend(:96917)
11-19 17:16:24.378 E/AccountsViewModel( 2711): 	at kotlin.coroutines.jvm.internal.BaseContinuationImpl.resumeWith(:5)
11-19 17:16:24.378 E/AccountsViewModel( 2711): 	at kotlinx.coroutines.DispatchedTask.run(:131)
11-19 17:16:24.378 E/AccountsViewModel( 2711): 	at java.util.concurrent.Executors$RunnableAdapter.call(Executors.java:462)
11-19 17:16:24.378 E/AccountsViewModel( 2711): 	at java.util.concurrent.FutureTask.run(FutureTask.java:266)
11-19 17:16:24.378 E/AccountsViewModel( 2711): 	at com.facebook.wearable.common.executors.DelayedFutureTask.run(:22)
11-19 17:16:24.378 E/AccountsViewModel( 2711): 	at java.util.concurrent.ThreadPoolExecutor.runWorker(ThreadPoolExecutor.java:1167)
11-19 17:16:24.378 E/AccountsViewModel( 2711): 	at java.util.concurrent.ThreadPoolExecutor$Worker.run(ThreadPoolExecutor.java:641)
11-19 17:16:24.378 E/AccountsViewModel( 2711): 	at com.facebook.wearable.common.executors.NamedThreadFactory$1.run(:7)
11-19 17:16:24.382 D/TetheredPhoneUtil( 2565): Retrieving the tethered phone status
11-19 17:16:24.385 D/TetheredPhoneUtil( 2565): Found tethered phone status: false
11-19 17:16:24.429 E/StatusBarClientConnection( 2711): Service connected
11-19 17:16:24.453 W/View    ( 2711): requestLayout() improperly called by android.view.View{4244523 V.ED..... ......I. 0,368-474,474} during layout: running second layout pass
11-19 17:16:24.471 W/View    ( 2711): requestLayout() improperly called by com.facebook.wearable.common.wds.listview.WdsListView{aede276 V.E..V... ........ 0,0-474,474} during second layout pass: posting in next frame
11-19 17:16:24.785 D/ComplicationController( 2565): Stopping complication controller.
11-19 17:16:24.790 D/ComplicationDataManagerImpl( 2565): Fetching complication data for package: com.facebook.wearable.apps.calendar, com.facebook.wearable.apps.calendar.DAY_DATE_COMPLICATION.
11-19 17:16:24.790 D/ComplicationDataManagerImpl( 2565): Fetching complication data for package: com.facebook.wearable.apps.player, com.facebook.wearable.apps.player.SHORTCUT_COMPLICATION.
11-19 17:16:24.790 D/ComplicationDataManagerImpl( 2565): Fetching complication data for package: com.facebook.wearable.apps.gallery, com.facebook.wearable.apps.gallery.SHORTCUT_COMPLICATION.
11-19 17:16:24.791 D/ComplicationDataManagerImpl( 2565): Fetching complication data for package: com.facebook.wearable.apps.heart, com.facebook.wearable.apps.heart.HEART_RATE.
11-19 17:16:24.794 I/chatty  ( 1196): uid=1000(system) Binder:1196_C expire 6 lines
11-19 17:16:25.027 E/QMI_FW  ( 1117): qmi_cci_get_ref: ref count increased 2
11-19 17:16:25.028 E/QMI_FW  ( 1117): qmi_cci_get_ref: ref count increased 2
11-19 17:16:25.035 I/WearableConnectivityManager( 2565): LTE Signal strength is: 2
11-19 17:16:25.035 I/WearableConnectivityManager( 2565): Cellular Signal strength is: 2
11-19 17:16:25.036 D/RadioLinkQualityScoreBuilder( 1972): scoreRsrp: 3scoreRsrq: 3scoreRssnr: 3
11-19 17:16:25.036 D/WirelessInsightServiceImpl( 1972): onSignalStrengthsChanged: SignalStrength = SignalStrength:{mCdma=CellSignalStrengthCdma: cdmaDbm=2147483647 cdmaEcio=2147483647 evdoDbm=2147483647 evdoEcio=2147483647 evdoSnr=2147483647 level=0,mGsm=CellSignalStrengthGsm: rssi=2147483647 ber=2147483647 mTa=2147483647 mLevel=0,mWcdma=CellSignalStrengthWcdma: ss=2147483647 ber=2147483647 rscp=2147483647 ecno=2147483647 level=0,mTdscdma=CellSignalStrengthTdscdma: rssi=2147483647 ber=2147483647 rscp=2147483647 level=0,mLte=CellSignalStrengthLte: rssi=-81 rsrp=-112 rsrq=-13 rssnr=5 cqi=2147483647 ta=2147483647 level=2 parametersUseForLevel=0,mNr=CellSignalStrengthNr:{ csiRsrp = 2147483647 csiRsrq = 2147483647 csiSinr = 2147483647 ssRsrp = 2147483647 ssRsrq = 2147483647 ssSinr = 2147483647 level = 0 parametersUseForLevel = 0 },primary=CellSignalStrengthLte}
11-19 17:16:25.036 D/WirelessInsightServiceImpl( 1972): Score: 3
11-19 17:16:25.036 D/WirelessInsightServiceImpl( 1972): notifyListeners: listeners = 0, score = 3
11-19 17:16:25.348 D/UIAutomatorStub( 5833): URI: /jsonrpc/0, Method: POST, Header: {content-length=192, remote-addr=127.0.0.1, http-client-ip=127.0.0.1, host=localhost:9011, content-type=application/json, accept-encoding=identity}, params, {NanoHttpd.QUERY_STRING=null}, files: {postData={"jsonrpc": "2.0", "method": "waitForExists", "id": "7b410e533483b1c3ca4e3f452f7c9eb2", "params": [{"mask": 1, "childOrSibling": [], "childOrSiblingSelector": [], "text": "Notifications"}, 5]}}
11-19 17:16:25.375 D/UIAutomatorStub( 5833): URI: /jsonrpc/0, Method: POST, Header: {content-length=191, remote-addr=127.0.0.1, http-client-ip=127.0.0.1, host=localhost:9011, content-type=application/json, accept-encoding=identity}, params, {NanoHttpd.QUERY_STRING=null}, files: {postData={"jsonrpc": "2.0", "method": "waitForExists", "id": "26d19e493d908105a5c37053fe35c93b", "params": [{"mask": 1, "childOrSibling": [], "childOrSiblingSelector": [], "text": "Connectivity"}, 5]}}
11-19 17:16:25.428 D/UIAutomatorStub( 5833): URI: /jsonrpc/0, Method: POST, Header: {content-length=180, remote-addr=127.0.0.1, http-client-ip=127.0.0.1, host=localhost:9011, content-type=application/json, accept-encoding=identity}, params, {NanoHttpd.QUERY_STRING=null}, files: {postData={"jsonrpc": "2.0", "method": "click", "id": "c0e2cdb1659876df3138cd0a61a180c6", "params": [{"mask": 1, "childOrSibling": [], "childOrSiblingSelector": [], "text": "Connectivity"}]}}
11-19 17:16:25.489 W/StatusBarClientConnection( 2711): Messenger is null, ignoring message: { when=-1h26m55s849ms barrier=1 }
11-19 17:16:25.511 E/StatusBarClientConnection( 2711): Service connected
11-19 17:16:25.536 W/View    ( 2711): requestLayout() improperly called by android.view.View{eff6d1 V.ED..... ......I. 0,368-474,474} during layout: running second layout pass
11-19 17:16:25.555 W/View    ( 2711): requestLayout() improperly called by com.facebook.wearable.common.wds.listview.WdsListView{7edf94f V.E..V... ........ 0,0-474,474} during second layout pass: posting in next frame
11-19 17:16:26.923 E/TaskPersister( 1196): File error accessing recents directory (directory doesn't exist?).
11-19 17:16:27.144 W/HWComposer(  597): Ignoring duplicate VSYNC event from HWC for display 0 (t=5217503797644)
11-19 17:16:27.161 W/HWComposer(  597): Ignoring duplicate VSYNC event from HWC for display 0 (t=5217520712488)
11-19 17:16:27.972 W/bluelink( 1123): [System] updateSmoothedTime: too early or too late; st=5229.407, rt=5230.592
11-19 17:16:27.972 D/commandrouter( 1123): rtc_sync (1, rtc:sync): <ServiceRequest> FORWARDED (remote -> local) service client ID = 0, token ID = 33285
11-19 17:16:27.972 D/vendor.facebook.rtc_sync@1.0-service( 1149): Request req_ts=1637342187974226043 resp_ts=1637342187972702914
11-19 17:16:27.973 D/commandrouter( 1123): SocServiceHandle::onServiceMessage, SoC Service = rtc_sync, appType = 1, type = SVC_RESP, clientId = 0, token = 33285, payloadLen = 8, result = 0, payload.size() = 8
11-19 17:16:28.530 D/UIAutomatorStub( 5833): URI: /jsonrpc/0, Method: POST, Header: {content-length=183, remote-addr=127.0.0.1, http-client-ip=127.0.0.1, host=localhost:9011, content-type=application/json, accept-encoding=identity}, params, {NanoHttpd.QUERY_STRING=null}, files: {postData={"jsonrpc": "2.0", "method": "waitForExists", "id": "87fda7289b409586e0e5ee19617a4dfb", "params": [{"mask": 1, "childOrSibling": [], "childOrSiblingSelector": [], "text": "WiFi"}, 5]}}
11-19 17:16:28.565 D/UIAutomatorStub( 5833): URI: /jsonrpc/0, Method: POST, Header: {content-length=172, remote-addr=127.0.0.1, http-client-ip=127.0.0.1, host=localhost:9011, content-type=application/json, accept-encoding=identity}, params, {NanoHttpd.QUERY_STRING=null}, files: {postData={"jsonrpc": "2.0", "method": "click", "id": "9293d1ff1ac9cc5d09031912e53ec074", "params": [{"mask": 1, "childOrSibling": [], "childOrSiblingSelector": [], "text": "WiFi"}]}}
11-19 17:16:28.652 W/HWComposer(  597): Ignoring duplicate VSYNC event from HWC for display 0 (t=5219010852904)
11-19 17:16:28.655 W/StatusBarClientConnection( 2711): Messenger is null, ignoring message: { when=-1h26m59s14ms barrier=1 }
11-19 17:16:28.686 E/StatusBarClientConnection( 2711): Service connected
11-19 17:16:28.692 D/WifiConnector( 2866): Network State Changed
11-19 17:16:28.696 W/View    ( 2711): requestLayout() improperly called by android.view.View{da2ba39 V.ED..... ......I. 0,368-474,474} during layout: running second layout pass
11-19 17:16:28.706 D/WifiSharingService( 2866): Starting Wi-Fi scan
11-19 17:16:28.711 W/View    ( 2711): requestLayout() improperly called by com.facebook.wearable.common.wds.listview.WdsListView{fe63834 V.E..V... ........ 0,0-474,474} during second layout pass: posting in next frame
11-19 17:16:28.723 V/WifiHAL (  556): event received NL80211_CMD_TRIGGER_SCAN
11-19 17:16:29.325 V/WifiHAL (  556): event received NL80211_CMD_NEW_SCAN_RESULTS
11-19 17:16:29.341 D/LOWI-9.0.0.80(  995): [LOWI-Scan] BSS 2c:57:41:88:72:e1 FREQ: 2412, cFreq1[40:80:160] = [0:0:0] cFreq2 = 0 Country Code = US
11-19 17:16:29.341 D/LOWI-9.0.0.80(  995): [LOWI-Scan] BSS 2c:57:41:88:72:e1 (wlan0) ASSO: NO AddInfo: 0x0, TSF 0, 01:26:59.684, RSSI: -142, CPL: 3, AGE: 0,  SSID kittyhawk, TSFDelta: 0x0, TXRate: 0
11-19 17:16:29.341 D/LOWI-9.0.0.80(  995): [LOWI-Scan] 
11-19 17:16:29.341 D/LOWI-9.0.0.80(  995): [LOWI-Scan] print_bss_handler: Report Probe TSF 5219684484 as it greater than Beacon TSF 4892451399
11-19 17:16:29.341 I/LOWI-9.0.0.80(  995): [LOWI-Scan] RSN_IE
11-19 17:16:29.342 D/LOWI-9.0.0.80(  995): [LOWI-Scan] decode_rsn_wpa_ie: Entered
11-19 17:16:29.342 D/LOWI-9.0.0.80(  995): [LOWIUtils] hexDump: msg(30 14 01 00 00 0f ac 04 01 00 00 0f ac 04 01 00 00 0f ac 02 )
11-19 17:16:29.342 D/LOWI-9.0.0.80(  995): [LOWI-Scan] decode_rsn_wpa_ie: LOWI_ENCRYPTION_TYPE_WPA_PSK
11-19 17:16:29.342 D/LOWI-9.0.0.80(  995): [LOWI-Scan] is_qcom_ie, bss_age: 3
11-19 17:16:29.342 D/LOWI-9.0.0.80(  995): [LOWI-Scan] BSS 2c:57:41:86:90:a1 LOWI_PHY_MODE_11NG_HT20(5), Beacon Interval: 100, LOWI_ENCRYPTION_TYPE_WPA_PSK 11mcRanging: No, ANQP: No, LCI: No, Civic: No, capability(0x1411): ESS Privacy ShortSlotTime
11-19 17:16:29.342 D/LOWI-9.0.0.80(  995): [LOWI-Scan] BSS 2c:57:41:86:90:a1 FREQ: 2462, cFreq1[40:80:160] = [0:0:0] cFreq2 = 0 Country Code = US
11-19 17:16:29.342 D/LOWI-9.0.0.80(  995): [LOWI-Scan] BSS 2c:57:41:86:90:a1 (wlan0) ASSO: NO AddInfo: 0x0, TSF 0, 01:26:59.684, RSSI: -134, CPL: 2, AGE: 0,  SSID kittyhawk, TSFDelta: 0x0, TXRate: 0
11-19 17:16:29.343 D/LOWI-9.0.0.80(  995): [LOWI-Scan] 
11-19 17:16:29.343 D/LOWI-9.0.0.80(  995): [LOWI-Scan] print_bss_handler: Report Probe TSF 5219684502 as it greater than Beacon TSF 4573102105
11-19 17:16:29.343 I/LOWI-9.0.0.80(  995): [LOWI-Scan] RSN_IE
11-19 17:16:29.343 D/LOWI-9.0.0.80(  995): [LOWI-Scan] decode_rsn_wpa_ie: Entered
11-19 17:16:29.343 D/LOWI-9.0.0.80(  995): [LOWIUtils] hexDump: msg(30 14 01 00 00 0f ac 04 01 00 00 0f ac 04 01 00 00 0f ac 02 )
11-19 17:16:29.343 D/LOWI-9.0.0.80(  995): [LOWI-Scan] decode_rsn_wpa_ie: LOWI_ENCRYPTION_TYPE_WPA_PSK
11-19 17:16:29.343 D/LOWI-9.0.0.80(  995): [LOWI-Scan] is_qcom_ie, bss_age: 51
11-19 17:16:29.343 D/LOWI-9.0.0.80(  995): [LOWI-Scan] BSS 2c:57:41:86:8a:a1 LOWI_PHY_MODE_11NG_HT20(5), Beacon Interval: 100, LOWI_ENCRYPTION_TYPE_WPA_PSK 11mcRanging: No, ANQP: No, LCI: No, Civic: No, capability(0x1411): ESS Privacy ShortSlotTime
11-19 17:16:29.343 D/LOWI-9.0.0.80(  995): [LOWI-Scan] BSS 2c:57:41:86:8a:a1 FREQ: 2412, cFreq1[40:80:160] = [0:0:0] cFreq2 = 0 Country Code = US
11-19 17:16:29.343 D/LOWI-9.0.0.80(  995): [LOWI-Scan] BSS 2c:57:41:86:8a:a1 (wlan0) ASSO: NO AddInfo: 0x0, TSF 0, 01:26:59.684, RSSI: -136, CPL: 3, AGE: 0,  SSID kittyhawk, TSFDelta: 0x0, TXRate: 0
11-19 17:16:29.344 D/LOWI-9.0.0.80(  995): [LOWI-Scan] 
11-19 17:16:29.344 D/LOWI-9.0.0.80(  995): [LOWI-Scan] print_bss_handler: Report Probe TSF 5219684560 as it greater than Beacon TSF 4668769020
11-19 17:16:29.344 I/LOWI-9.0.0.80(  995): [LOWI-Scan] RSN_IE
11-19 17:16:29.344 D/LOWI-9.0.0.80(  995): [LOWI-Scan] decode_rsn_wpa_ie: Entered
11-19 17:16:29.344 D/LOWI-9.0.0.80(  995): [LOWIUtils] hexDump: msg(30 14 01 00 00 0f ac 04 01 00 00 0f ac 04 01 00 00 0f ac 02 )
11-19 17:16:29.344 D/LOWI-9.0.0.80(  995): [LOWI-Scan] decode_rsn_wpa_ie: LOWI_ENCRYPTION_TYPE_WPA_PSK
11-19 17:16:29.344 D/LOWI-9.0.0.80(  995): [LOWI-Scan] is_qcom_ie, bss_age: 51
11-19 17:16:29.344 D/LOWI-9.0.0.80(  995): [LOWI-Scan] BSS 2c:57:41:86:7a:61 LOWI_PHY_MODE_11NG_HT20(5), Beacon Interval: 100, LOWI_ENCRYPTION_TYPE_WPA_PSK 11mcRanging: No, ANQP: No, LCI: No, Civic: No, capability(0x1411): ESS Privacy ShortSlotTime
11-19 17:16:29.344 D/LOWI-9.0.0.80(  995): [LOWI-Scan] BSS 2c:57:41:86:7a:61 FREQ: 2412, cFreq1[40:80:160] = [0:0:0] cFreq2 = 0 Country Code = US
11-19 17:16:29.344 D/LOWI-9.0.0.80(  995): [LOWI-Scan] BSS 2c:57:41:86:7a:61 (wlan0) ASSO: NO AddInfo: 0x0, TSF 0, 01:26:59.684, RSSI: -150, CPL: 3, AGE: 0,  SSID kittyhawk, TSFDelta: 0x0, TXRate: 0
11-19 17:16:29.345 D/LOWI-9.0.0.80(  995): [LOWI-Scan] 
11-19 17:16:29.345 D/LOWI-9.0.0.80(  995): [LOWI-Scan] print_bss_handler: Report Probe TSF 5219684467 as it greater than Beacon TSF 4469862672
11-19 17:16:29.345 I/LOWI-9.0.0.80(  995): [LOWI-Scan] RSN_IE
11-19 17:16:29.345 D/LOWI-9.0.0.80(  995): [LOWI-Scan] decode_rsn_wpa_ie: Entered
11-19 17:16:29.345 D/LOWI-9.0.0.80(  995): [LOWIUtils] hexDump: msg(30 14 01 00 00 0f ac 04 01 00 00 0f ac 04 01 00 00 0f ac 02 )
11-19 17:16:29.345 D/LOWI-9.0.0.80(  995): [LOWI-Scan] decode_rsn_wpa_ie: LOWI_ENCRYPTION_TYPE_WPA_PSK
11-19 17:16:29.345 D/LOWI-9.0.0.80(  995): [LOWI-Scan] is_qcom_ie, bss_age: 53
11-19 17:16:29.345 D/LOWI-9.0.0.80(  995): [LOWI-Scan] BSS 18:64:72:60:2b:40 LOWI_PHY_MODE_11NG_HT20(5), Beacon Interval: 100, LOWI_ENCRYPTION_TYPE_WPA_PSK 11mcRanging: No, ANQP: No, LCI: No, Civic: No, capability(0x0431): ESS Privacy ShortPreamble ShortSlotTime
11-19 17:16:29.346 D/LOWI-9.0.0.80(  995): [LOWI-Scan] BSS 18:64:72:60:2b:40 FREQ: 2412, cFreq1[40:80:160] = [0:0:0] cFreq2 = 0 Country Code =    
11-19 17:16:29.346 D/LOWI-9.0.0.80(  995): [LOWI-Scan] BSS 18:64:72:60:2b:40 (wlan0) ASSO: NO AddInfo: 0x0, TSF 0, 01:26:59.684, RSSI: -136, CPL: 127, AGE: 0,  SSID lab-t24103779, TSFDelta: 0x0, TXRate: 0
11-19 17:16:29.346 D/LOWI-9.0.0.80(  995): [LOWI-Scan] 
11-19 17:16:29.346 D/LOWI-9.0.0.80(  995): [LOWI-Scan] print_bss_handler: Report Probe TSF 5219684449 as it greater than Beacon TSF 5119665808
11-19 17:16:29.346 I/LOWI-9.0.0.80(  995): [LOWI-Scan] RSN_IE
11-19 17:16:29.346 D/LOWI-9.0.0.80(  995): [LOWI-Scan] decode_rsn_wpa_ie: Entered
11-19 17:16:29.346 D/LOWI-9.0.0.80(  995): [LOWIUtils] hexDump: msg(30 14 01 00 00 0f ac 04 01 00 00 0f ac 04 01 00 00 0f ac 02 )
11-19 17:16:29.346 D/LOWI-9.0.0.80(  995): [LOWI-Scan] decode_rsn_wpa_ie: LOWI_ENCRYPTION_TYPE_WPA_PSK
11-19 17:16:29.346 D/LOWI-9.0.0.80(  995): [LOWI-Scan] is_qcom_ie, bss_age: 17
11-19 17:16:29.347 D/LOWI-9.0.0.80(  995): [LOWI-Scan] BSS fe:2d:5a:49:61:eb LOWI_PHY_MODE_11AC_VHT20_2G(11), Beacon Interval: 100, LOWI_ENCRYPTION_TYPE_WPA_PSK 11mcRanging: No, ANQP: Yes, LCI: No, Civic: No, capability(0x1431): ESS Privacy ShortPreamble ShortSlotTime
11-19 17:16:29.347 D/LOWI-9.0.0.80(  995): [LOWI-Scan] BSS fe:2d:5a:49:61:eb FREQ: 2452, cFreq1[40:80:160] = [0:0:0] cFreq2 = 0 Country Code =    
11-19 17:16:29.347 D/LOWI-9.0.0.80(  995): [LOWI-Scan] BSS fe:2d:5a:49:61:eb (wlan0) ASSO: NO AddInfo: 0x0, TSF 0, 01:26:59.684, RSSI: -122, CPL: 127, AGE: 0,  SSID Pixel_R2, TSFDelta: 0x0, TXRate: 0
11-19 17:16:29.348 D/LOWI-9.0.0.80(  995): [LOWI-Scan] 
11-19 17:16:29.348 D/LOWI-9.0.0.80(  995): [LOWI-Scan] print_bss_handler: Report Probe TSF 5219684306 as it greater than Beacon TSF 0
11-19 17:16:29.348 I/LOWI-9.0.0.80(  995): [LOWI-Scan] RSN_IE
11-19 17:16:29.348 D/LOWI-9.0.0.80(  995): [LOWI-Scan] decode_rsn_wpa_ie: Entered
11-19 17:16:29.348 D/LOWI-9.0.0.80(  995): [LOWIUtils] hexDump: msg(30 14 01 00 00 0f ac 04 01 00 00 0f ac 04 01 00 00 0f ac 02 )
11-19 17:16:29.348 D/LOWI-9.0.0.80(  995): [LOWI-Scan] decode_rsn_wpa_ie: LOWI_ENCRYPTION_TYPE_WPA_PSK
11-19 17:16:29.348 D/LOWI-9.0.0.80(  995): [LOWI-Scan] is_qcom_ie, bss_age: 28
11-19 17:16:29.348 D/LOWI-9.0.0.80(  995): [LOWI-Scan] BSS ce:dc:12:3b:87:fd LOWI_PHY_MODE_11AC_VHT20_2G(11), Beacon Interval: 100, LOWI_ENCRYPTION_TYPE_WPA_PSK 11mcRanging: No, ANQP: Yes, LCI: No, Civic: No, capability(0x1431): ESS Privacy ShortPreamble ShortSlotTime
11-19 17:16:29.348 D/LOWI-9.0.0.80(  995): [LOWI-Scan] BSS ce:dc:12:3b:87:fd FREQ: 2437, cFreq1[40:80:160] = [0:0:0] cFreq2 = 0 Country Code =    
11-19 17:16:29.348 D/LOWI-9.0.0.80(  995): [LOWI-Scan] BSS ce:dc:12:3b:87:fd (wlan0) ASSO: NO AddInfo: 0x0, TSF 0, 01:26:59.684, RSSI: -92, CPL: 127, AGE: 0,  SSID Pixel5_R1, TSFDelta: 0x0, TXRate: 0
11-19 17:16:29.349 D/LOWI-9.0.0.80(  995): [LOWI-Scan] 
11-19 17:16:29.349 D/LOWI-9.0.0.80(  995): [LOWI-Scan] print_bss_handler: Report Probe TSF 5219684538 as it greater than Beacon TSF 0
11-19 17:16:29.349 I/LOWI-9.0.0.80(  995): [LOWI-Scan] RSN_IE
11-19 17:16:29.349 D/LOWI-9.0.0.80(  995): [LOWI-Scan] decode_rsn_wpa_ie: Entered
11-19 17:16:29.349 D/LOWI-9.0.0.80(  995): [LOWIUtils] hexDump: msg(30 14 01 00 00 0f ac 04 01 00 00 0f ac 04 01 00 00 0f ac 02 )
11-19 17:16:29.349 D/LOWI-9.0.0.80(  995): [LOWI-Scan] decode_rsn_wpa_ie: LOWI_ENCRYPTION_TYPE_WPA_PSK
11-19 17:16:29.349 D/LOWI-9.0.0.80(  995): [LOWI-Scan] is_qcom_ie, bss_age: 3
11-19 17:16:29.349 D/LOWI-9.0.0.80(  995): [LOWI-Scan] BSS 2c:57:41:86:94:a1 LOWI_PHY_MODE_11NG_HT20(5), Beacon Interval: 100, LOWI_ENCRYPTION_TYPE_WPA_PSK 11mcRanging: No, ANQP: No, LCI: No, Civic: No, capability(0x1411): ESS Privacy ShortSlotTime
11-19 17:16:29.349 D/LOWI-9.0.0.80(  995): [LOWI-Scan] BSS 2c:57:41:86:94:a1 FREQ: 2462, cFreq1[40:80:160] = [0:0:0] cFreq2 = 0 Country Code = US
11-19 17:16:29.349 D/LOWI-9.0.0.80(  995): [LOWI-Scan] BSS 2c:57:41:86:94:a1 (wlan0) ASSO: NO AddInfo: 0x0, TSF 0, 01:26:59.684, RSSI: -148, CPL: 2, AGE: 0,  SSID kittyhawk, TSFDelta: 0x0, TXRate: 0
11-19 17:16:29.350 D/LOWI-9.0.0.80(  995): [LOWI-Scan] 
11-19 17:16:29.350 D/LOWI-9.0.0.80(  995): [LOWI-Scan] print_bss_handler: Report Probe TSF 5219684579 as it greater than Beacon TSF 0
11-19 17:16:29.350 I/LOWI-9.0.0.80(  995): [LOWI-Scan] RSN_IE
11-19 17:16:29.350 D/LOWI-9.0.0.80(  995): [LOWI-Scan] decode_rsn_wpa_ie: Entered
11-19 17:16:29.350 D/LOWI-9.0.0.80(  995): [LOWIUtils] hexDump: msg(30 14 01 00 00 0f ac 04 01 00 00 0f ac 04 01 00 00 0f ac 02 )
11-19 17:16:29.350 D/LOWI-9.0.0.80(  995): [LOWI-Scan] decode_rsn_wpa_ie: LOWI_ENCRYPTION_TYPE_WPA_PSK
11-19 17:16:29.350 D/LOWI-9.0.0.80(  995): [LOWI-Scan] is_qcom_ie, bss_age: 21
11-19 17:16:29.350 D/LOWI-9.0.0.80(  995): [LOWI-Scan] BSS 00:24:b1:02:cb:dc LOWI_PHY_MODE_11NG_HT20(5), Beacon Interval: 100, LOWI_ENCRYPTION_TYPE_WPA_PSK 11mcRanging: No, ANQP: No, LCI: No, Civic: No, capability(0x0431): ESS Privacy ShortPreamble ShortSlotTime
11-19 17:16:29.351 D/LOWI-9.0.0.80(  995): [LOWI-Scan] BSS 00:24:b1:02:cb:dc FREQ: 2452, cFreq1[40:80:160] = [0:0:0] cFreq2 = 0 Country Code =    
11-19 17:16:29.351 D/LOWI-9.0.0.80(  995): [LOWI-Scan] BSS 00:24:b1:02:cb:dc (wlan0) ASSO: NO AddInfo: 0x0, TSF 0, 01:26:59.684, RSSI: -180, CPL: 127, AGE: 0,  SSID 0024b1000002cbdc, TSFDelta: 0x0, TXRate: 0
11-19 17:16:29.351 D/LOWI-9.0.0.80(  995): [LOWIDiagLog] Log: lowiMeasResult->request: invalid null argument
11-19 17:16:29.351 I/LOWI-9.0.0.80(  995): [LOWI-Scan] lowi_close_record:Scan done in 5175451ms, 16 APs in scan results
11-19 17:16:29.351 D/LOWI-9.0.0.80(  995): [LOWI-Scan] WipsScanUsingNL: passive scan cached 0, took 9302 ms, err 0
11-19 17:16:29.351 D/LOWI-9.0.0.80(  995): [LOWI-Scan] lowi_proc_req_passive_scan_with_live_meas - No WLAN Frames to be parsed
11-19 17:16:29.351 D/LOWI-9.0.0.80(  995): [LOWIScanResultReceiver] Send scan meas to listener
11-19 17:16:29.351 D/LOWI-9.0.0.80(  995): [LOWIScanResultReceiver] Enter passive listening mode
11-19 17:16:29.351 D/LOWI-9.0.0.80(  995): [LOWIEventReceiver] handleEvent:FROM:NA, TO:NA, REQ:NA, IREQ:NA, REQ_ID:0, RESP:NA, INFO:NA
11-19 17:16:29.351 D/LOWI-9.0.0.80(  995): [LOWIBackgroundScanMgr] isRspForBgScanMgr: evt(LOWI_NO_EVT) - not handled
11-19 17:16:29.351 D/LOWI-9.0.0.80(  995): [LOWIScheduler] manageMsg: NULL results or NULL request in results
11-19 17:16:29.351 D/LOWI-9.0.0.80(  995): [LOWIController] Measurements received
11-19 17:16:29.351 D/LOWI-9.0.0.80(  995): [LOWICacheManager] putInCache:Num of Meas to add: 16
11-19 17:16:29.352 D/LOWI-9.0.0.80(  995): [LOWIWifiDriverInterface] getMeasurements - Passive listening mode
11-19 17:16:29.352 D/LOWI-9.0.0.80(  995): [LOWI-Scan] WipsScanUsingNL:wait -1 sec for netlink message
11-19 17:16:29.352 D/LOWI-9.0.0.80(  995): [LOWIController] processMeasurementResults: No current Request. Cache measurements
11-19 17:16:29.353 D/LOWI-9.0.0.80(  995): [LOWIControllerExtn] sendLOWILpDiscoveryScanResponse: Not a discovery scan response
11-19 17:16:29.397 D/WifiSharingService( 2866): Sending scanResults intent with status code 0: PendingIntent{65db711: android.os.BinderProxy@656d359}
11-19 17:16:30.328 W/HWComposer(  597): Ignoring duplicate VSYNC event from HWC for display 0 (t=5220687614153)
11-19 17:16:30.362 W/HWComposer(  597): Ignoring duplicate VSYNC event from HWC for display 0 (t=5220721447226)
11-19 17:16:31.209 W/HWComposer(  597): Ignoring duplicate VSYNC event from HWC for display 0 (t=5221568205819)
11-19 17:16:31.675 D/UIAutomatorStub( 5833): URI: /jsonrpc/0, Method: POST, Header: {content-length=229, remote-addr=127.0.0.1, http-client-ip=127.0.0.1, host=localhost:9011, content-type=application/json, accept-encoding=identity}, params, {NanoHttpd.QUERY_STRING=null}, files: {postData={"jsonrpc": "2.0", "method": "objInfo", "id": "ac8e45e9a6947e1b23bd2de606f5bc6f", "params": [{"mask": 2097152, "childOrSibling": [], "childOrSiblingSelector": [], "resourceId": "com.facebook.wearable.system.settings:id/toggle"}]}}
11-19 17:16:31.771 D/UIAutomatorStub( 5833): URI: /jsonrpc/0, Method: POST, Header: {content-length=227, remote-addr=127.0.0.1, http-client-ip=127.0.0.1, host=localhost:9011, content-type=application/json, accept-encoding=identity}, params, {NanoHttpd.QUERY_STRING=null}, files: {postData={"jsonrpc": "2.0", "method": "click", "id": "2109124d47993f9e86f8e0e46b28228d", "params": [{"mask": 2097152, "childOrSibling": [], "childOrSiblingSelector": [], "resourceId": "com.facebook.wearable.system.settings:id/toggle"}]}}
11-19 17:16:31.835 D/WifiSharingService( 2866): Setting Wi-Fi enabled state
11-19 17:16:31.836 I/WifiService( 1196): setWifiEnabled package=com.facebook.wearable.system.connectivity uid=1000 enable=false
11-19 17:16:31.840 D/WifiActiveModeWarden( 1196): Switching all client mode managers
11-19 17:16:31.840 D/QCNEJ/WlanStaInfoRelay( 1887): onChange for uri = content://settings/global/wifi_on
11-19 17:16:31.844 E/QMI_FW  (  883): qmi_cci_get_ref: ref count increased 2
11-19 17:16:31.848 D/WifiP2pService( 1196): Wifi enabled=false, P2P Interface availability=true
11-19 17:16:31.848 D/BluetoothAdapterService( 1699): android.net.wifi.WIFI_STATE_CHANGED
11-19 17:16:31.849 D/WifiP2pNative( 1196): Teardown P2P interface
11-19 17:16:31.849 D/WifiP2pService( 1196): Wifi enabled=false, P2P Interface availability=true
11-19 17:16:31.855 W/ContextImpl( 1196): Calling a method in the system process without a qualified user: android.app.ContextImpl.sendBroadcastMultiplePermissions:1143 android.content.Context.sendBroadcastWithMultiplePermissions:2150 com.android.server.display.WifiDisplayAdapter.handleSendStatusChangeBroadcast:440 com.android.server.display.WifiDisplayAdapter.access$1700:63 com.android.server.display.WifiDisplayAdapter$WifiDisplayHandler.handleMessage:675 
11-19 17:16:31.866 D/WifiClientModeManager0( 1196): IMS not registered over IWLAN for subId: 1
11-19 17:16:31.866 D/WifiClientModeManager0( 1196): The target role 5
11-19 17:16:31.897 I/android_os_HwBinder( 1196): HwBinder: Starting thread pool for getting: android.hardware.wifi.supplicant@1.0::ISupplicant/default
11-19 17:16:31.900 I/wpa_supplicant( 9192): p2p0: Do not deauthenticate as part of interface deinit since WoWLAN is enabled
11-19 17:16:31.931 E/wpa_supplicant( 9192): eap_proxy: pthread_join on eap_proxy=0x78cefa8
11-19 17:16:31.931 E/wpa_supplicant( 9192): eap_proxy: session not started for client = 1
11-19 17:16:31.931 E/QMI_FW  ( 9192): qmi_cci_get_ref: ref count increased 2
11-19 17:16:31.931 E/QMI_FW  ( 9192): qmi_cci_get_ref: ref count increased 2
11-19 17:16:31.932 E/wpa_supplicant( 9192): eap_proxy: Released QMI UIM service client
11-19 17:16:31.932 E/QMI_FW  ( 9192): qmi_cci_get_ref: ref count increased 2
11-19 17:16:31.932 E/QMI_FW  ( 9192): qmi_cci_get_ref: ref count increased 2
11-19 17:16:31.933 E/wpa_supplicant( 9192): eap_proxy: Released QMI EAP service client
11-19 17:16:31.933 E/wpa_supplicant( 9192): eap_proxy: session not started for client = 2
11-19 17:16:31.933 E/QMI_FW  ( 9192): qmi_cci_get_ref: ref count increased 2
11-19 17:16:31.933 E/QMI_FW  ( 9192): qmi_cci_get_ref: ref count increased 2
11-19 17:16:31.934 E/wpa_supplicant( 9192): eap_proxy: Released QMI UIM service client
11-19 17:16:31.934 E/QMI_FW  ( 9192): qmi_cci_get_ref: ref count increased 2
11-19 17:16:31.934 E/QMI_FW  ( 9192): qmi_cci_get_ref: ref count increased 2
11-19 17:16:31.934 E/wpa_supplicant( 9192): eap_proxy: Released QMI EAP service client
11-19 17:16:31.934 I/wpa_supplicant( 9192): eap_proxy: eap_proxy Deinitialzed
11-19 17:16:31.972 I/wpa_supplicant( 9192): nl80211: deinit ifname=p2p0 disabled_11b_rates=0
11-19 17:16:32.011 D/LOWI-9.0.0.80(  995): [LOWINetlinkSocketReceiver] unpackRTMLinkMessage: RTM_NEWLINK - ifname p2p0, flags 0x1003 ([UP])
11-19 17:16:32.055 D/LOWI-9.0.0.80(  995): [LOWINetlinkSocketReceiver] unpackRTMLinkMessage: RTM_NEWLINK - ifname p2p0, flags 0x1002 ()
11-19 17:16:32.068 D/LOWI-9.0.0.80(  995): [LOWINetlinkSocketReceiver] unpackRTMLinkMessage: RTM_NEWLINK - ifname p2p0, flags 0x1002 ()
11-19 17:16:32.072 I/wpa_supplicant( 9192): Try to unregister vendor p2 interface
11-19 17:16:32.089 I/WifiP2pNative( 1196): P2P interface teardown completed
11-19 17:16:32.090 I/wpa_supplicant( 9192): wlan0: Do not deauthenticate as part of interface deinit since WoWLAN is enabled
11-19 17:16:32.090 D/WifiP2pNative( 1196): P2P InterfaceDestroyedListener p2p0
11-19 17:16:32.090 D/WifiP2pNative( 1196): Ignoring stale interface destroyed listener
11-19 17:16:32.090 D/WifiP2pNative( 1196): P2P InterfaceAvailableListener true
11-19 17:16:32.090 D/WifiP2pService( 1196): Wifi enabled=false, P2P Interface availability=true
11-19 17:16:32.140 I/wpa_supplicant( 9192): Try to unregister vendor STA network
11-19 17:16:32.141 D/ConnectivityService( 1196): handleLingerComplete for [101 CELLULAR]
11-19 17:16:32.145 E/wpa_supplicant( 9192): eap_proxy: pthread_join on eap_proxy=0x78ceeac
11-19 17:16:32.145 E/wpa_supplicant( 9192): eap_proxy: session not started for client = 1
11-19 17:16:32.145 E/QMI_FW  ( 9192): qmi_cci_get_ref: ref count increased 2
11-19 17:16:32.145 E/QMI_FW  ( 9192): qmi_cci_get_ref: ref count increased 2
11-19 17:16:32.147 E/wpa_supplicant( 9192): eap_proxy: Released QMI UIM service client
11-19 17:16:32.147 E/QMI_FW  ( 9192): qmi_cci_get_ref: ref count increased 2
11-19 17:16:32.147 E/QMI_FW  ( 9192): qmi_cci_get_ref: ref count increased 2
11-19 17:16:32.148 E/wpa_supplicant( 9192): eap_proxy: Released QMI EAP service client
11-19 17:16:32.148 E/wpa_supplicant( 9192): eap_proxy: session not started for client = 2
11-19 17:16:32.148 E/QMI_FW  ( 9192): qmi_cci_get_ref: ref count increased 2
11-19 17:16:32.148 E/QMI_FW  ( 9192): qmi_cci_get_ref: ref count increased 2
11-19 17:16:32.150 E/wpa_supplicant( 9192): eap_proxy: Released QMI UIM service client
11-19 17:16:32.150 E/QMI_FW  ( 9192): qmi_cci_get_ref: ref count increased 2
11-19 17:16:32.150 E/QMI_FW  ( 9192): qmi_cci_get_ref: ref count increased 2
11-19 17:16:32.152 E/wpa_supplicant( 9192): eap_proxy: Released QMI EAP service client
11-19 17:16:32.152 I/wpa_supplicant( 9192): eap_proxy: eap_proxy Deinitialzed
11-19 17:16:32.154 D/QCNEJ/WwanInfoRelay( 1887): onCapabilitiesChanged: 101 [ Transports: CELLULAR Capabilities: MMS&SUPL&FOTA&INTERNET&NOT_RESTRICTED&TRUSTED&NOT_VPN&VALIDATED&NOT_ROAMING&NOT_CONGESTED&NOT_SUSPENDED LinkUpBandwidth>=15000Kbps LinkDnBandwidth>=30000Kbps Specifier: <TelephonyNetworkSpecifier [mSubId = 1]> AdministratorUids: [] RequestorUid: -1 RequestorPackageName: null]
11-19 17:16:32.155 I/QCNEJ/WwanInfoRelay( 1887): cacheWwanInfo subId = 1 phoneId = 0 slotId = 0
11-19 17:16:32.181 I/wpa_supplicant( 9192): nl80211: deinit ifname=wlan0 disabled_11b_rates=0
11-19 17:16:32.222 I/wpa_supplicant( 9192): Try to unregister vendor interface
11-19 17:16:32.223 D/LOWI-9.0.0.80(  995): [LOWINetlinkSocketReceiver] unpackRTMLinkMessage: RTM_NEWLINK - ifname wlan0, flags 0x11043 ([UP][RUNNING])
11-19 17:16:32.223 D/LOWI-9.0.0.80(  995): [LOWINetlinkSocketReceiver] processNetlinkPacket: ifname(wlan0) status(2)
11-19 17:16:32.223 D/LOWI-9.0.0.80(  995): [LOWIController] intfStateReceived: ifname(wlan0) state(2)
11-19 17:16:32.223 D/LOWI-9.0.0.80(  995): [LOWIEventReceiver] handleEvent:FROM:NA, TO:NA, REQ:NA, IREQ:NA, REQ_ID:0, RESP:NA, INFO:INTF-STATUS-UPDATE
11-19 17:16:32.223 D/LOWI-9.0.0.80(  995): [LOWIEventReceiver] Info to [INTF-STATUS-UPDATE]
11-19 17:16:32.223 D/LOWI-9.0.0.80(  995): [LOWIController] updateIntfState: WIFI enabled 2 mNlWifiStatus 2 mWifiStateEnabled 1
11-19 17:16:32.223 D/LOWI-9.0.0.80(  995): [LOWIController] isWifiEnabled: mNlWifiStatus 2 mWifiStateEnabled 1
11-19 17:16:32.225 I/SupplicantStaIfaceHal( 1196): Terminating supplicant using HIDL
11-19 17:16:32.227 I/android_os_HwBinder( 1196): HwBinder: Starting thread pool for getting: android.hardware.wifi.supplicant@1.0::ISupplicant/default
11-19 17:16:32.229 I/wpa_supplicant( 9192): Terminating...
11-19 17:16:32.232 D/LOWI-9.0.0.80(  995): [LOWINetlinkSocketReceiver] unpackRTMLinkMessage: RTM_NEWLINK - ifname wlan0, flags 0x1003 ([UP])
11-19 17:16:32.232 D/LOWI-9.0.0.80(  995): [LOWINetlinkSocketReceiver] processNetlinkPacket: ifname(wlan0) status(1)
11-19 17:16:32.232 D/LOWI-9.0.0.80(  995): [LOWIController] intfStateReceived: ifname(wlan0) state(1)
11-19 17:16:32.233 D/LOWI-9.0.0.80(  995): [LOWIEventReceiver] handleEvent:FROM:NA, TO:NA, REQ:NA, IREQ:NA, REQ_ID:0, RESP:NA, INFO:INTF-STATUS-UPDATE
11-19 17:16:32.233 D/LOWI-9.0.0.80(  995): [LOWIEventReceiver] Info to [INTF-STATUS-UPDATE]
11-19 17:16:32.233 D/LOWI-9.0.0.80(  995): [LOWIController] updateIntfState: WIFI enabled 1 mNlWifiStatus 2 mWifiStateEnabled 1
11-19 17:16:32.233 D/LOWI-9.0.0.80(  995): [LOWIController] isWifiEnabled: mNlWifiStatus 1 mWifiStateEnabled 1
11-19 17:16:32.273 D/LOWI-9.0.0.80(  995): [LOWINetlinkSocketReceiver] unpackRTMLinkMessage: RTM_NEWLINK - ifname wlan0, flags 0x1003 ([UP])
11-19 17:16:32.273 D/LOWI-9.0.0.80(  995): [LOWINetlinkSocketReceiver] processNetlinkPacket: ifname(wlan0) status(1)
11-19 17:16:32.273 D/LOWI-9.0.0.80(  995): [LOWIController] intfStateReceived: ifname(wlan0) state(1)
11-19 17:16:32.274 D/LOWI-9.0.0.80(  995): [LOWIEventReceiver] handleEvent:FROM:NA, TO:NA, REQ:NA, IREQ:NA, REQ_ID:0, RESP:NA, INFO:INTF-STATUS-UPDATE
11-19 17:16:32.274 D/LOWI-9.0.0.80(  995): [LOWIEventReceiver] Info to [INTF-STATUS-UPDATE]
11-19 17:16:32.274 D/LOWI-9.0.0.80(  995): [LOWIController] updateIntfState: WIFI enabled 1 mNlWifiStatus 1 mWifiStateEnabled 1
11-19 17:16:32.274 D/LOWI-9.0.0.80(  995): [LOWIController] isWifiEnabled: mNlWifiStatus 1 mWifiStateEnabled 1
11-19 17:16:32.275 V/WifiHAL (  556): event received NL80211_CMD_DISCONNECT
11-19 17:16:32.280 W/SupplicantStaIfaceHal( 1196): Timed out waiting for confirmation of supplicant death
11-19 17:16:32.281 E/SupplicantStaIfaceHal( 1196): Can't call getKeyMgmtCapabilities_1_3, ISupplicantStaIface is null
11-19 17:16:32.281 W/SupplicantP2pIfaceHal( 1196): ISupplicant/ISupplicantP2pIface died: cookie=0
11-19 17:16:32.281 W/SupplicantP2pIfaceHal( 1196): ISupplicantVendor/ISupplicantVendorP2PIface died: cookie=0
11-19 17:16:32.282 W/SupplicantStaIfaceHal( 1196): ISupplicantVendor/ISupplicantVendorStaIface died: cookie=0
11-19 17:16:32.282 W/SupplicantP2pIfaceHal( 1196): ISupplicant/ISupplicantP2pIface died: cookie=0
11-19 17:16:32.282 W/SupplicantStaIfaceHal( 1196): ISupplicantVendor/ISupplicantVendorStaIface died: cookie=0
11-19 17:16:32.282 W/SupplicantP2pIfaceHal( 1196): ISupplicantVendor/ISupplicantVendorP2PIface died: cookie=0
11-19 17:16:32.283 D/SupplicantStaIfaceHal( 1196): ISupplicant died: cookie=-8503871699658317344
11-19 17:16:32.283 V/WifiHAL (  556): WifiVendorCommand 0xaac36b98 created vendor_id:0x1374 subcmd:38
11-19 17:16:32.284 V/WifiHAL (  556): Got a Wi-Fi HAL module message from Driver
11-19 17:16:32.284 V/WifiHAL (  556): Supported feature set : 19d3d
11-19 17:16:32.284 V/WifiHAL (  556): Supported feature set acquired : 19d3d
11-19 17:16:32.284 V/WifiHAL (  556): WifiVendorCommand 0x9dc40320 created vendor_id:0x1374 subcmd:76
11-19 17:16:32.284 V/WifiHAL (  556): create: mVendor_id = 4980, Subcmd = 76.
11-19 17:16:32.286 V/WifiHAL (  556): WifiVendorCommand 0xaac36cc8 created vendor_id:0x1374 subcmd:38
11-19 17:16:32.287 V/WifiHAL (  556): Got a Wi-Fi HAL module message from Driver
11-19 17:16:32.287 V/WifiHAL (  556): Supported feature set : 19d3d
11-19 17:16:32.287 V/WifiHAL (  556): Supported feature set acquired : 19d3d
11-19 17:16:32.287 V/WifiHAL (  556): WifiVendorCommand 0x9dc40320 created vendor_id:0x1374 subcmd:76
11-19 17:16:32.287 V/WifiHAL (  556): create: mVendor_id = 4980, Subcmd = 76.
11-19 17:16:32.298 E/SupplicantStaIfaceHal( 1196): Can't call getWpaDriverFeatureSet, ISupplicantStaIface is null
11-19 17:16:32.299 I/WifiNative( 1196): Successfully switched to scan mode on iface=Iface:{Name=wlan0,Id=0,Type=STA_SCAN}
11-19 17:16:32.299 D/BluetoothAdapterService( 1699): Soft AP is on band: 1
11-19 17:16:32.301 D/BluetoothVendorService( 1699): getPowerBackoff 
11-19 17:16:32.301 D/BluetoothVendorService( 1699): setPowerBackoff to: false
11-19 17:16:32.302 I/BluetoothVendorJni( 1699): setPowerBackoffNative
11-19 17:16:32.302 I/bt_btif_vendor( 1699): setPowerBackOffState :0 
11-19 17:16:32.302 D/BluetoothAdapterService( 1699): android.net.wifi.WIFI_STATE_CHANGED
11-19 17:16:32.302 W/bt_btif ( 1699): bta_dm_power_back_off: power_back_off feature not supported
11-19 17:16:32.319 I/wificond(  872): Fail RSSI polling because wifi is not associated.
11-19 17:16:32.320 E/WifiNl80211Manager( 1196): Invalid signal poll result from wificond
11-19 17:16:32.323 W/SupplicantStaIfaceHal( 1196): ISupplicant died: cookie=32
11-19 17:16:32.324 D/WifiClientModeManager0( 1196): entering ScanOnlyModeState
11-19 17:16:32.324 D/WifiScanRequestProxy( 1196): Sending scan available broadcast: true
11-19 17:16:32.324 D/WifiP2pService( 1196): Wifi enabled=false, P2P Interface availability=true
11-19 17:16:32.326 I/WifiScanningService( 1196): Received a request to enable scanning, UID = 1000
11-19 17:16:32.326 I/WifiScanningService( 1196): scanner impls already exists
11-19 17:16:32.326 E/WifiScanningService( 1196): wifi driver loaded received while already loaded
11-19 17:16:32.329 I/WifiScanRequestProxy( 1196): Scanning is enabled
11-19 17:16:32.329 I/WifiScanRequestProxy( 1196): Scanning for hidden networks is disabled
11-19 17:16:32.329 D/WakeupController( 1196): start()
11-19 17:16:32.330 D/WakeupController( 1196): Setting active to true
11-19 17:16:32.339 D/WakeupLock( 1196): Lock set. Number of networks: 1
11-19 17:16:32.342 D/WifiClientModeImpl( 1196): ClientModeImpl: Leaving Connected state
11-19 17:16:32.345 D/WifiCountryCode( 1196): updateCountryCode to US
11-19 17:16:32.345 E/SupplicantStaIfaceHal( 1196): Can't call setCountryCode, ISupplicantStaIface is null
11-19 17:16:32.345 D/WifiCountryCode( 1196): Failed to set country code to: US
11-19 17:16:32.356 E/SupplicantStaIfaceHal( 1196): Can't call listNetworks, ISupplicantStaIface is null
11-19 17:16:32.356 E/SupplicantStaIfaceHal( 1196): removeAllNetworks failed, got null networks
11-19 17:16:32.356 E/WifiClientModeImpl( 1196): Failed to remove networks on exiting connect mode
11-19 17:16:32.357 E/WakeupController( 1196): Unexpected setLastDisconnectInfo when WakeupController is active!
11-19 17:16:32.359 E/WifiVendorHal( 1196): stopRssiMonitoring(l.2106) failed {.code = ERROR_NOT_AVAILABLE, .description = }
11-19 17:16:32.359 E/SupplicantStaIfaceHal( 1196): Can't call setPowerSave, ISupplicantStaIface is null
11-19 17:16:32.359 E/SupplicantStaIfaceHal( 1196): Can't call setBtCoexistenceMode, ISupplicantStaIface is null
11-19 17:16:32.360 V/WifiClientModeImpl( 1196): stopIpClient IpClientWithPreConnection: false
11-19 17:16:32.360 V/WifiClientModeImpl( 1196): java.lang.Throwable
11-19 17:16:32.360 V/WifiClientModeImpl( 1196): 	at com.android.server.wifi.ClientModeImpl.stopIpClient(ClientModeImpl.java:1127)
11-19 17:16:32.360 V/WifiClientModeImpl( 1196): 	at com.android.server.wifi.ClientModeImpl.stopDhcpSetup(ClientModeImpl.java:1153)
11-19 17:16:32.360 V/WifiClientModeImpl( 1196): 	at com.android.server.wifi.ClientModeImpl.handleNetworkDisconnect(ClientModeImpl.java:2945)
11-19 17:16:32.360 V/WifiClientModeImpl( 1196): 	at com.android.server.wifi.ClientModeImpl.stopClientMode(ClientModeImpl.java:3889)
11-19 17:16:32.360 V/WifiClientModeImpl( 1196): 	at com.android.server.wifi.ClientModeImpl.access$4600(ClientModeImpl.java:176)
11-19 17:16:32.360 V/WifiClientModeImpl( 1196): 	at com.android.server.wifi.ClientModeImpl$ConnectModeState.exit(ClientModeImpl.java:4064)
11-19 17:16:32.360 V/WifiClientModeImpl( 1196): 	at com.android.wifi.x.com.android.internal.util.StateMachine$SmHandler.invokeExitMethods(StateMachine.java:1021)
11-19 17:16:32.360 V/WifiClientModeImpl( 1196): 	at com.android.wifi.x.com.android.internal.util.StateMachine$SmHandler.performTransitions(StateMachine.java:877)
