11-19 17:13:09.749 D/LOWI-9.0.0.80(  995): [LOWI-Scan] BSS 18:64:72:60:2b:40 FREQ: 2412, cFreq1[40:80:160] = [0:0:0] cFreq2 = 0 Country Code =    
11-19 17:13:09.749 D/LOWI-9.0.0.80(  995): [LOWI-Scan] BSS 18:64:72:60:2b:40 (wlan0) ASSO: NO AddInfo: 0x0, TSF 0, 01:23:40.100, RSSI: -138, CPL: 127, AGE: 0,  SSID lab-t24103779, TSFDelta: 0x0, TXRate: 0
11-19 17:13:09.750 D/LOWI-9.0.0.80(  995): [LOWI-Scan] 
11-19 17:13:09.750 D/LOWI-9.0.0.80(  995): [LOWI-Scan] print_bss_handler: Report Probe TSF 5020100461 as it greater than Beacon TSF 4490014621
11-19 17:13:09.750 I/LOWI-9.0.0.80(  995): [LOWI-Scan] RSN_IE
11-19 17:13:09.750 D/LOWI-9.0.0.80(  995): [LOWI-Scan] decode_rsn_wpa_ie: Entered
11-19 17:13:09.750 D/LOWI-9.0.0.80(  995): [LOWIUtils] hexDump: msg(30 14 01 00 00 0f ac 04 01 00 00 0f ac 04 01 00 00 0f ac 02 )
11-19 17:13:09.750 D/LOWI-9.0.0.80(  995): [LOWI-Scan] decode_rsn_wpa_ie: LOWI_ENCRYPTION_TYPE_WPA_PSK
11-19 17:13:09.750 D/LOWI-9.0.0.80(  995): [LOWI-Scan] is_qcom_ie, bss_age: 27
11-19 17:13:09.750 D/LOWI-9.0.0.80(  995): [LOWI-Scan] BSS fe:2d:5a:49:61:eb LOWI_PHY_MODE_11AC_VHT20_2G(11), Beacon Interval: 100, LOWI_ENCRYPTION_TYPE_WPA_PSK 11mcRanging: No, ANQP: Yes, LCI: No, Civic: No, capability(0x1431): ESS Privacy ShortPreamble ShortSlotTime
11-19 17:13:09.750 D/LOWI-9.0.0.80(  995): [LOWI-Scan] BSS fe:2d:5a:49:61:eb FREQ: 2452, cFreq1[40:80:160] = [0:0:0] cFreq2 = 0 Country Code =    
11-19 17:13:09.750 D/LOWI-9.0.0.80(  995): [LOWI-Scan] BSS fe:2d:5a:49:61:eb (wlan0) ASSO: NO AddInfo: 0x0, TSF 0, 01:23:40.100, RSSI: -110, CPL: 127, AGE: 0,  SSID Pixel_R2, TSFDelta: 0x0, TXRate: 0
11-19 17:13:09.750 D/LOWI-9.0.0.80(  995): [LOWI-Scan] 
11-19 17:13:09.750 D/LOWI-9.0.0.80(  995): [LOWI-Scan] print_bss_handler: Report Probe TSF 5020100579 as it greater than Beacon TSF 0
11-19 17:13:09.750 I/LOWI-9.0.0.80(  995): [LOWI-Scan] RSN_IE
11-19 17:13:09.750 D/LOWI-9.0.0.80(  995): [LOWI-Scan] decode_rsn_wpa_ie: Entered
11-19 17:13:09.752 D/WificondScannerImpl( 1196): Filtering out 3 scan results.
11-19 17:13:09.754 D/LOWI-9.0.0.80(  995): [LOWIUtils] hexDump: msg(30 14 01 00 00 0f ac 04 01 00 00 0f ac 04 01 00 00 0f ac 02 )
11-19 17:13:09.754 D/LOWI-9.0.0.80(  995): [LOWI-Scan] decode_rsn_wpa_ie: LOWI_ENCRYPTION_TYPE_WPA_PSK
11-19 17:13:09.754 D/LOWI-9.0.0.80(  995): [LOWI-Scan] is_qcom_ie, bss_age: 58
11-19 17:13:09.754 D/LOWI-9.0.0.80(  995): [LOWI-Scan] BSS 18:64:72:60:2e:e0 LOWI_PHY_MODE_11NG_HT20(5), Beacon Interval: 100, LOWI_ENCRYPTION_TYPE_WPA_PSK 11mcRanging: No, ANQP: No, LCI: No, Civic: No, capability(0x0431): ESS Privacy ShortPreamble ShortSlotTime
11-19 17:13:09.754 D/LOWI-9.0.0.80(  995): [LOWI-Scan] BSS 18:64:72:60:2e:e0 FREQ: 2437, cFreq1[40:80:160] = [0:0:0] cFreq2 = 0 Country Code =    
11-19 17:13:09.754 D/LOWI-9.0.0.80(  995): [LOWI-Scan] BSS 18:64:72:60:2e:e0 (wlan0) ASSO: NO AddInfo: 0x0, TSF 0, 01:23:40.100, RSSI: -154, CPL: 127, AGE: 0,  SSID lab-t24103779, TSFDelta: 0x0, TXRate: 0
11-19 17:13:09.755 D/LOWI-9.0.0.80(  995): [LOWI-Scan] 
11-19 17:13:09.755 D/LOWI-9.0.0.80(  995): [LOWI-Scan] print_bss_handler: Report Probe TSF 4991314196 as it greater than Beacon TSF 0
11-19 17:13:09.755 I/LOWI-9.0.0.80(  995): [LOWI-Scan] RSN_IE
11-19 17:13:09.755 D/LOWI-9.0.0.80(  995): [LOWI-Scan] decode_rsn_wpa_ie: Entered
11-19 17:13:09.755 D/LOWI-9.0.0.80(  995): [LOWIUtils] hexDump: msg(30 18 01 00 00 0f ac 02 02 00 00 0f ac 02 00 0f ac 04 01 00 00 0f ac 02 )
11-19 17:13:09.755 D/LOWI-9.0.0.80(  995): [LOWI-Scan] decode_rsn_wpa_ie: LOWI_ENCRYPTION_TYPE_WPA_PSK
11-19 17:13:09.755 D/LOWI-9.0.0.80(  995): [LOWI-Scan] is_qcom_ie, bss_age: 31
11-19 17:13:09.755 D/LOWI-9.0.0.80(  995): [LOWI-Scan] adjust_age:AP AGE upper limit reached. Dont store
11-19 17:13:09.755 D/LOWI-9.0.0.80(  995): [LOWI-Scan] BSS 18:4f:32:07:46:03 LOWI_PHY_MODE_11NG_HT20(5), Beacon Interval: 100, LOWI_ENCRYPTION_TYPE_WPA_PSK 11mcRanging: No, ANQP: No, LCI: No, Civic: No, capability(0x0431): ESS Privacy ShortPreamble ShortSlotTime
11-19 17:13:09.755 D/LOWI-9.0.0.80(  995): [LOWI-Scan] BSS 18:4f:32:07:46:03 FREQ: 2437, cFreq1[40:80:160] = [0:0:0] cFreq2 = 0 Country Code =    
11-19 17:13:09.755 D/LOWI-9.0.0.80(  995): [LOWI-Scan] BSS 18:4f:32:07:46:03 (wlan0) ASSO: NO AddInfo: 0x0, TSF 0, 01:23:11.314, RSSI: -170, CPL: 127, AGE: 28790,  SSID HP-Print-03-LaserJet Pro MFP, TSFDelta: 0x0, TXRate: 0
11-19 17:13:09.756 D/LOWI-9.0.0.80(  995): [LOWI-Scan] 
11-19 17:13:09.756 D/LOWI-9.0.0.80(  995): [LOWI-Scan] print_bss_handler: Report Probe TSF 5020100592 as it greater than Beacon TSF 0
11-19 17:13:09.756 I/LOWI-9.0.0.80(  995): [LOWI-Scan] RSN_IE
11-19 17:13:09.756 D/LOWI-9.0.0.80(  995): [LOWI-Scan] decode_rsn_wpa_ie: Entered
11-19 17:13:09.756 D/LOWI-9.0.0.80(  995): [LOWIUtils] hexDump: msg(30 14 01 00 00 0f ac 04 01 00 00 0f ac 04 01 00 00 0f ac 02 )
11-19 17:13:09.756 D/LOWI-9.0.0.80(  995): [LOWI-Scan] decode_rsn_wpa_ie: LOWI_ENCRYPTION_TYPE_WPA_PSK
11-19 17:13:09.756 D/LOWI-9.0.0.80(  995): [LOWI-Scan] is_qcom_ie, bss_age: 5
11-19 17:13:09.756 D/LOWI-9.0.0.80(  995): [LOWI-Scan] BSS 2c:57:41:83:fd:21 LOWI_PHY_MODE_11NG_HT20(5), Beacon Interval: 100, LOWI_ENCRYPTION_TYPE_WPA_PSK 11mcRanging: No, ANQP: No, LCI: No, Civic: No, capability(0x1411): ESS Privacy ShortSlotTime
11-19 17:13:09.756 D/LOWI-9.0.0.80(  995): [LOWI-Scan] BSS 2c:57:41:83:fd:21 FREQ: 2462, cFreq1[40:80:160] = [0:0:0] cFreq2 = 0 Country Code = US
11-19 17:13:09.756 D/LOWI-9.0.0.80(  995): [LOWI-Scan] BSS 2c:57:41:83:fd:21 (wlan0) ASSO: NO AddInfo: 0x0, TSF 0, 01:23:40.100, RSSI: -160, CPL: 2, AGE: 0,  SSID kittyhawk, TSFDelta: 0x0, TXRate: 0
11-19 17:13:09.757 D/LOWI-9.0.0.80(  995): [LOWIDiagLog] Log: lowiMeasResult->request: invalid null argument
11-19 17:13:09.757 I/LOWI-9.0.0.80(  995): [LOWI-Scan] lowi_close_record:Scan done in 4975857ms, 18 APs in scan results
11-19 17:13:09.757 D/LOWI-9.0.0.80(  995): [LOWI-Scan] WipsScanUsingNL: passive scan cached 0, took 9327 ms, err 0
11-19 17:13:09.757 D/LOWI-9.0.0.80(  995): [LOWI-Scan] lowi_proc_req_passive_scan_with_live_meas - No WLAN Frames to be parsed
11-19 17:13:09.757 D/LOWI-9.0.0.80(  995): [LOWIScanResultReceiver] Send scan meas to listener
11-19 17:13:09.757 D/LOWI-9.0.0.80(  995): [LOWIScanResultReceiver] Enter passive listening mode
11-19 17:13:09.757 D/LOWI-9.0.0.80(  995): [LOWIWifiDriverInterface] getMeasurements - Passive listening mode
11-19 17:13:09.757 D/LOWI-9.0.0.80(  995): [LOWI-Scan] WipsScanUsingNL:wait -1 sec for netlink message
11-19 17:13:09.757 D/LOWI-9.0.0.80(  995): [LOWIEventReceiver] handleEvent:FROM:NA, TO:NA, REQ:NA, IREQ:NA, REQ_ID:0, RESP:NA, INFO:NA
11-19 17:13:09.757 D/LOWI-9.0.0.80(  995): [LOWIBackgroundScanMgr] isRspForBgScanMgr: evt(LOWI_NO_EVT) - not handled
11-19 17:13:09.757 D/LOWI-9.0.0.80(  995): [LOWIScheduler] manageMsg: NULL results or NULL request in results
11-19 17:13:09.757 D/LOWI-9.0.0.80(  995): [LOWIController] Measurements received
11-19 17:13:09.757 D/LOWI-9.0.0.80(  995): [LOWICacheManager] putInCache:Num of Meas to add: 18
11-19 17:13:09.759 D/LOWI-9.0.0.80(  995): [LOWIController] processMeasurementResults: No current Request. Cache measurements
11-19 17:13:09.759 D/LOWI-9.0.0.80(  995): [LOWIControllerExtn] sendLOWILpDiscoveryScanResponse: Not a discovery scan response
11-19 17:13:09.759 D/PasspointManager( 1196): ANQP entry not found for: ce:dc:12:3b:87:fd:<Pixel5_R1>
11-19 17:13:09.759 D/PasspointManager( 1196): ANQP entry not found for: c6:82:9b:4e:b3:9e:<Pixel_R6>
11-19 17:13:09.760 D/PasspointManager( 1196): ANQP entry not found for: 12:d7:96:61:85:9f:<Pixel_R5>
11-19 17:13:09.760 D/PasspointManager( 1196): ANQP entry not found for: 5e:6e:be:46:77:d7:<Pixel_R3>
11-19 17:13:09.761 D/PasspointManager( 1196): ANQP entry not found for: fe:2d:5a:49:61:eb:<Pixel_R2>
11-19 17:13:09.806 D/WifiSharingService( 2866): Sending scanResults intent with status code 0: PendingIntent{d4b0c1: android.os.BinderProxy@656d359}
11-19 17:13:09.810 D/CompatibilityInfo( 1196): mCompatibilityFlags - 4
11-19 17:13:09.810 D/CompatibilityInfo( 1196): applicationDensity - 320
11-19 17:13:09.810 D/CompatibilityInfo( 1196): applicationScale - 1.0
11-19 17:13:09.920 D/SettingsSDK::SyncHelper( 2334): Read setting com.facebook.wearable.sdk.selfcare:SELFCARE_SERVICE_ENABLED from persistent cache
11-19 17:13:09.920 D/FacebookRepository( 2334): Reading from Store [906581286488774]
11-19 17:13:09.947 I/WM-WorkerWrapper( 2334): Work [ id=cf79165d-7ab0-4916-9c30-d911d399386b, tags={ com.facebook.wearable.system.selfcare.cloudsync.SelfCareDataCloudSyncWorker } ] was cancelled
11-19 17:13:09.947 I/WM-WorkerWrapper( 2334): java.util.concurrent.CancellationException: Task was cancelled.
11-19 17:13:09.947 I/WM-WorkerWrapper( 2334): 	at androidx.work.impl.utils.futures.AbstractFuture.getDoneValue(:32)
11-19 17:13:09.947 I/WM-WorkerWrapper( 2334): 	at androidx.work.impl.utils.futures.AbstractFuture.get(:268435546)
11-19 17:13:09.947 I/WM-WorkerWrapper( 2334): 	at androidx.work.impl.WorkerWrapper$2.run(:3)
11-19 17:13:09.947 I/WM-WorkerWrapper( 2334): 	at androidx.work.impl.utils.SerialExecutor$Task.run(:2)
11-19 17:13:09.947 I/WM-WorkerWrapper( 2334): 	at java.util.concurrent.ThreadPoolExecutor.runWorker(ThreadPoolExecutor.java:1167)
11-19 17:13:09.947 I/WM-WorkerWrapper( 2334): 	at java.util.concurrent.ThreadPoolExecutor$Worker.run(ThreadPoolExecutor.java:641)
11-19 17:13:09.947 I/WM-WorkerWrapper( 2334): 	at java.lang.Thread.run(Thread.java:923)
11-19 17:13:09.948 E/SelfCareDataCloudSyncWorker( 2334): Failed to get access token
11-19 17:13:09.948 E/SelfCareDataCloudSyncWorker( 2334): kotlinx.coroutines.JobCancellationException: Job was cancelled; job=JobImpl{Cancelling}@36e129f
11-19 17:13:10.066 D/SettingsSDK::SyncHelper( 2334): Read setting com.facebook.wearable.sdk.selfcare:SELFCARE_SERVICE_ENABLED from persistent cache
11-19 17:13:10.068 D/FacebookRepository( 2334): Reading from Store [906581286488774]
11-19 17:13:10.093 E/SelfCareDataCloudSyncWorker( 2334): Failed to get access token
11-19 17:13:10.093 E/SelfCareDataCloudSyncWorker( 2334): kotlinx.coroutines.JobCancellationException: Job was cancelled; job=JobImpl{Cancelling}@e274231
11-19 17:13:10.093 I/WM-WorkerWrapper( 2334): Work [ id=cf79165d-7ab0-4916-9c30-d911d399386b, tags={ com.facebook.wearable.system.selfcare.cloudsync.SelfCareDataCloudSyncWorker } ] was cancelled
11-19 17:13:10.093 I/WM-WorkerWrapper( 2334): java.util.concurrent.CancellationException: Task was cancelled.
11-19 17:13:10.093 I/WM-WorkerWrapper( 2334): 	at androidx.work.impl.utils.futures.AbstractFuture.getDoneValue(:32)
11-19 17:13:10.093 I/WM-WorkerWrapper( 2334): 	at androidx.work.impl.utils.futures.AbstractFuture.get(:268435546)
11-19 17:13:10.093 I/WM-WorkerWrapper( 2334): 	at androidx.work.impl.WorkerWrapper$2.run(:3)
11-19 17:13:10.093 I/WM-WorkerWrapper( 2334): 	at androidx.work.impl.utils.SerialExecutor$Task.run(:2)
11-19 17:13:10.093 I/WM-WorkerWrapper( 2334): 	at java.util.concurrent.ThreadPoolExecutor.runWorker(ThreadPoolExecutor.java:1167)
11-19 17:13:10.093 I/WM-WorkerWrapper( 2334): 	at java.util.concurrent.ThreadPoolExecutor$Worker.run(ThreadPoolExecutor.java:641)
11-19 17:13:10.093 I/WM-WorkerWrapper( 2334): 	at java.lang.Thread.run(Thread.java:923)
11-19 17:13:10.212 D/SettingsSDK::SyncHelper( 2334): Read setting com.facebook.wearable.sdk.selfcare:SELFCARE_SERVICE_ENABLED from persistent cache
11-19 17:13:10.213 D/FacebookRepository( 2334): Reading from Store [906581286488774]
11-19 17:13:10.247 E/SelfCareDataCloudSyncWorker( 2334): Failed to get access token
11-19 17:13:10.247 E/SelfCareDataCloudSyncWorker( 2334): kotlinx.coroutines.JobCancellationException: Job was cancelled; job=JobImpl{Cancelling}@37424a2
11-19 17:13:10.247 I/WM-WorkerWrapper( 2334): Work [ id=cf79165d-7ab0-4916-9c30-d911d399386b, tags={ com.facebook.wearable.system.selfcare.cloudsync.SelfCareDataCloudSyncWorker } ] was cancelled
11-19 17:13:10.247 I/WM-WorkerWrapper( 2334): java.util.concurrent.CancellationException: Task was cancelled.
11-19 17:13:10.247 I/WM-WorkerWrapper( 2334): 	at androidx.work.impl.utils.futures.AbstractFuture.getDoneValue(:32)
11-19 17:13:10.247 I/WM-WorkerWrapper( 2334): 	at androidx.work.impl.utils.futures.AbstractFuture.get(:268435546)
11-19 17:13:10.247 I/WM-WorkerWrapper( 2334): 	at androidx.work.impl.WorkerWrapper$2.run(:3)
11-19 17:13:10.247 I/WM-WorkerWrapper( 2334): 	at androidx.work.impl.utils.SerialExecutor$Task.run(:2)
11-19 17:13:10.247 I/WM-WorkerWrapper( 2334): 	at java.util.concurrent.ThreadPoolExecutor.runWorker(ThreadPoolExecutor.java:1167)
11-19 17:13:10.247 I/WM-WorkerWrapper( 2334): 	at java.util.concurrent.ThreadPoolExecutor$Worker.run(ThreadPoolExecutor.java:641)
11-19 17:13:10.247 I/WM-WorkerWrapper( 2334): 	at java.lang.Thread.run(Thread.java:923)
11-19 17:13:10.377 D/SettingsSDK::SyncHelper( 2334): Read setting com.facebook.wearable.sdk.selfcare:SELFCARE_SERVICE_ENABLED from persistent cache
11-19 17:13:10.378 D/FacebookRepository( 2334): Reading from Store [906581286488774]
11-19 17:13:10.407 E/SelfCareDataCloudSyncWorker( 2334): Failed to get access token
11-19 17:13:10.407 E/SelfCareDataCloudSyncWorker( 2334): kotlinx.coroutines.JobCancellationException: Job was cancelled; job=JobImpl{Cancelling}@35ca025
11-19 17:13:10.407 I/WM-WorkerWrapper( 2334): Work [ id=cf79165d-7ab0-4916-9c30-d911d399386b, tags={ com.facebook.wearable.system.selfcare.cloudsync.SelfCareDataCloudSyncWorker } ] was cancelled
11-19 17:13:10.407 I/WM-WorkerWrapper( 2334): java.util.concurrent.CancellationException: Task was cancelled.
11-19 17:13:10.407 I/WM-WorkerWrapper( 2334): 	at androidx.work.impl.utils.futures.AbstractFuture.getDoneValue(:32)
11-19 17:13:10.407 I/WM-WorkerWrapper( 2334): 	at androidx.work.impl.utils.futures.AbstractFuture.get(:268435546)
11-19 17:13:10.407 I/WM-WorkerWrapper( 2334): 	at androidx.work.impl.WorkerWrapper$2.run(:3)
11-19 17:13:10.407 I/WM-WorkerWrapper( 2334): 	at androidx.work.impl.utils.SerialExecutor$Task.run(:2)
11-19 17:13:10.407 I/WM-WorkerWrapper( 2334): 	at java.util.concurrent.ThreadPoolExecutor.runWorker(ThreadPoolExecutor.java:1167)
11-19 17:13:10.407 I/WM-WorkerWrapper( 2334): 	at java.util.concurrent.ThreadPoolExecutor$Worker.run(ThreadPoolExecutor.java:641)
11-19 17:13:10.407 I/WM-WorkerWrapper( 2334): 	at java.lang.Thread.run(Thread.java:923)
11-19 17:13:10.514 D/SettingsSDK::SyncHelper( 2334): Read setting com.facebook.wearable.sdk.selfcare:SELFCARE_SERVICE_ENABLED from persistent cache
11-19 17:13:10.515 D/FacebookRepository( 2334): Reading from Store [906581286488774]
11-19 17:13:10.547 E/SelfCareDataCloudSyncWorker( 2334): Failed to get access token
11-19 17:13:10.547 E/SelfCareDataCloudSyncWorker( 2334): kotlinx.coroutines.JobCancellationException: Job was cancelled; job=JobImpl{Cancelling}@60c27c6
11-19 17:13:10.547 I/WM-WorkerWrapper( 2334): Work [ id=cf79165d-7ab0-4916-9c30-d911d399386b, tags={ com.facebook.wearable.system.selfcare.cloudsync.SelfCareDataCloudSyncWorker } ] was cancelled
11-19 17:13:10.547 I/WM-WorkerWrapper( 2334): java.util.concurrent.CancellationException: Task was cancelled.
11-19 17:13:10.547 I/WM-WorkerWrapper( 2334): 	at androidx.work.impl.utils.futures.AbstractFuture.getDoneValue(:32)
11-19 17:13:10.547 I/WM-WorkerWrapper( 2334): 	at androidx.work.impl.utils.futures.AbstractFuture.get(:268435546)
11-19 17:13:10.547 I/WM-WorkerWrapper( 2334): 	at androidx.work.impl.WorkerWrapper$2.run(:3)
11-19 17:13:10.547 I/WM-WorkerWrapper( 2334): 	at androidx.work.impl.utils.SerialExecutor$Task.run(:2)
11-19 17:13:10.547 I/WM-WorkerWrapper( 2334): 	at java.util.concurrent.ThreadPoolExecutor.runWorker(ThreadPoolExecutor.java:1167)
11-19 17:13:10.547 I/WM-WorkerWrapper( 2334): 	at java.util.concurrent.ThreadPoolExecutor$Worker.run(ThreadPoolExecutor.java:641)
11-19 17:13:10.547 I/WM-WorkerWrapper( 2334): 	at java.lang.Thread.run(Thread.java:923)
11-19 17:13:10.664 D/SettingsSDK::SyncHelper( 2334): Read setting com.facebook.wearable.sdk.selfcare:SELFCARE_SERVICE_ENABLED from persistent cache
11-19 17:13:10.665 D/FacebookRepository( 2334): Reading from Store [906581286488774]
11-19 17:13:10.695 E/SelfCareDataCloudSyncWorker( 2334): Failed to get access token
11-19 17:13:10.695 E/SelfCareDataCloudSyncWorker( 2334): kotlinx.coroutines.JobCancellationException: Job was cancelled; job=JobImpl{Cancelling}@bcd5bd9
11-19 17:13:10.695 I/WM-WorkerWrapper( 2334): Work [ id=cf79165d-7ab0-4916-9c30-d911d399386b, tags={ com.facebook.wearable.system.selfcare.cloudsync.SelfCareDataCloudSyncWorker } ] was cancelled
11-19 17:13:10.695 I/WM-WorkerWrapper( 2334): java.util.concurrent.CancellationException: Task was cancelled.
11-19 17:13:10.695 I/WM-WorkerWrapper( 2334): 	at androidx.work.impl.utils.futures.AbstractFuture.getDoneValue(:32)
11-19 17:13:10.695 I/WM-WorkerWrapper( 2334): 	at androidx.work.impl.utils.futures.AbstractFuture.get(:268435546)
11-19 17:13:10.695 I/WM-WorkerWrapper( 2334): 	at androidx.work.impl.WorkerWrapper$2.run(:3)
11-19 17:13:10.695 I/WM-WorkerWrapper( 2334): 	at androidx.work.impl.utils.SerialExecutor$Task.run(:2)
11-19 17:13:10.695 I/WM-WorkerWrapper( 2334): 	at java.util.concurrent.ThreadPoolExecutor.runWorker(ThreadPoolExecutor.java:1167)
11-19 17:13:10.695 I/WM-WorkerWrapper( 2334): 	at java.util.concurrent.ThreadPoolExecutor$Worker.run(ThreadPoolExecutor.java:641)
11-19 17:13:10.695 I/WM-WorkerWrapper( 2334): 	at java.lang.Thread.run(Thread.java:923)
11-19 17:13:10.814 D/SettingsSDK::SyncHelper( 2334): Read setting com.facebook.wearable.sdk.selfcare:SELFCARE_SERVICE_ENABLED from persistent cache
11-19 17:13:10.815 D/FacebookRepository( 2334): Reading from Store [906581286488774]
11-19 17:13:10.846 E/SelfCareDataCloudSyncWorker( 2334): Failed to get access token
11-19 17:13:10.846 E/SelfCareDataCloudSyncWorker( 2334): kotlinx.coroutines.JobCancellationException: Job was cancelled; job=JobImpl{Cancelling}@90319b
11-19 17:13:10.847 I/WM-WorkerWrapper( 2334): Work [ id=cf79165d-7ab0-4916-9c30-d911d399386b, tags={ com.facebook.wearable.system.selfcare.cloudsync.SelfCareDataCloudSyncWorker } ] was cancelled
11-19 17:13:10.847 I/WM-WorkerWrapper( 2334): java.util.concurrent.CancellationException: Task was cancelled.
11-19 17:13:10.847 I/WM-WorkerWrapper( 2334): 	at androidx.work.impl.utils.futures.AbstractFuture.getDoneValue(:32)
11-19 17:13:10.847 I/WM-WorkerWrapper( 2334): 	at androidx.work.impl.utils.futures.AbstractFuture.get(:268435546)
11-19 17:13:10.847 I/WM-WorkerWrapper( 2334): 	at androidx.work.impl.WorkerWrapper$2.run(:3)
11-19 17:13:10.847 I/WM-WorkerWrapper( 2334): 	at androidx.work.impl.utils.SerialExecutor$Task.run(:2)
11-19 17:13:10.847 I/WM-WorkerWrapper( 2334): 	at java.util.concurrent.ThreadPoolExecutor.runWorker(ThreadPoolExecutor.java:1167)
11-19 17:13:10.847 I/WM-WorkerWrapper( 2334): 	at java.util.concurrent.ThreadPoolExecutor$Worker.run(ThreadPoolExecutor.java:641)
11-19 17:13:10.847 I/WM-WorkerWrapper( 2334): 	at java.lang.Thread.run(Thread.java:923)
11-19 17:13:10.972 D/SettingsSDK::SyncHelper( 2334): Read setting com.facebook.wearable.sdk.selfcare:SELFCARE_SERVICE_ENABLED from persistent cache
11-19 17:13:10.973 D/FacebookRepository( 2334): Reading from Store [906581286488774]
11-19 17:13:11.007 E/SelfCareDataCloudSyncWorker( 2334): Failed to get access token
11-19 17:13:11.007 E/SelfCareDataCloudSyncWorker( 2334): kotlinx.coroutines.JobCancellationException: Job was cancelled; job=JobImpl{Cancelling}@16f094d
11-19 17:13:11.008 I/WM-WorkerWrapper( 2334): Work [ id=cf79165d-7ab0-4916-9c30-d911d399386b, tags={ com.facebook.wearable.system.selfcare.cloudsync.SelfCareDataCloudSyncWorker } ] was cancelled
11-19 17:13:11.008 I/WM-WorkerWrapper( 2334): java.util.concurrent.CancellationException: Task was cancelled.
11-19 17:13:11.008 I/WM-WorkerWrapper( 2334): 	at androidx.work.impl.utils.futures.AbstractFuture.getDoneValue(:32)
11-19 17:13:11.008 I/WM-WorkerWrapper( 2334): 	at androidx.work.impl.utils.futures.AbstractFuture.get(:268435546)
11-19 17:13:11.008 I/WM-WorkerWrapper( 2334): 	at androidx.work.impl.WorkerWrapper$2.run(:3)
11-19 17:13:11.008 I/WM-WorkerWrapper( 2334): 	at androidx.work.impl.utils.SerialExecutor$Task.run(:2)
11-19 17:13:11.008 I/WM-WorkerWrapper( 2334): 	at java.util.concurrent.ThreadPoolExecutor.runWorker(ThreadPoolExecutor.java:1167)
11-19 17:13:11.008 I/WM-WorkerWrapper( 2334): 	at java.util.concurrent.ThreadPoolExecutor$Worker.run(ThreadPoolExecutor.java:641)
11-19 17:13:11.008 I/WM-WorkerWrapper( 2334): 	at java.lang.Thread.run(Thread.java:923)
11-19 17:13:11.132 D/SettingsSDK::SyncHelper( 2334): Read setting com.facebook.wearable.sdk.selfcare:SELFCARE_SERVICE_ENABLED from persistent cache
11-19 17:13:11.133 D/FacebookRepository( 2334): Reading from Store [906581286488774]
11-19 17:13:11.166 E/SelfCareDataCloudSyncWorker( 2334): Failed to get access token
11-19 17:13:11.166 E/SelfCareDataCloudSyncWorker( 2334): kotlinx.coroutines.JobCancellationException: Job was cancelled; job=JobImpl{Cancelling}@874536f
11-19 17:13:11.166 I/WM-WorkerWrapper( 2334): Work [ id=cf79165d-7ab0-4916-9c30-d911d399386b, tags={ com.facebook.wearable.system.selfcare.cloudsync.SelfCareDataCloudSyncWorker } ] was cancelled
11-19 17:13:11.166 I/WM-WorkerWrapper( 2334): java.util.concurrent.CancellationException: Task was cancelled.
11-19 17:13:11.166 I/WM-WorkerWrapper( 2334): 	at androidx.work.impl.utils.futures.AbstractFuture.getDoneValue(:32)
11-19 17:13:11.166 I/WM-WorkerWrapper( 2334): 	at androidx.work.impl.utils.futures.AbstractFuture.get(:268435546)
11-19 17:13:11.166 I/WM-WorkerWrapper( 2334): 	at androidx.work.impl.WorkerWrapper$2.run(:3)
11-19 17:13:11.166 I/WM-WorkerWrapper( 2334): 	at androidx.work.impl.utils.SerialExecutor$Task.run(:2)
11-19 17:13:11.166 I/WM-WorkerWrapper( 2334): 	at java.util.concurrent.ThreadPoolExecutor.runWorker(ThreadPoolExecutor.java:1167)
11-19 17:13:11.166 I/WM-WorkerWrapper( 2334): 	at java.util.concurrent.ThreadPoolExecutor$Worker.run(ThreadPoolExecutor.java:641)
11-19 17:13:11.166 I/WM-WorkerWrapper( 2334): 	at java.lang.Thread.run(Thread.java:923)
11-19 17:13:11.306 D/SettingsSDK::SyncHelper( 2334): Read setting com.facebook.wearable.sdk.selfcare:SELFCARE_SERVICE_ENABLED from persistent cache
11-19 17:13:11.307 D/FacebookRepository( 2334): Reading from Store [906581286488774]
11-19 17:13:11.337 E/SelfCareDataCloudSyncWorker( 2334): Failed to get access token
11-19 17:13:11.337 E/SelfCareDataCloudSyncWorker( 2334): kotlinx.coroutines.JobCancellationException: Job was cancelled; job=JobImpl{Cancelling}@402fc81
11-19 17:13:11.337 I/WM-WorkerWrapper( 2334): Work [ id=cf79165d-7ab0-4916-9c30-d911d399386b, tags={ com.facebook.wearable.system.selfcare.cloudsync.SelfCareDataCloudSyncWorker } ] was cancelled
11-19 17:13:11.337 I/WM-WorkerWrapper( 2334): java.util.concurrent.CancellationException: Task was cancelled.
11-19 17:13:11.337 I/WM-WorkerWrapper( 2334): 	at androidx.work.impl.utils.futures.AbstractFuture.getDoneValue(:32)
11-19 17:13:11.337 I/WM-WorkerWrapper( 2334): 	at androidx.work.impl.utils.futures.AbstractFuture.get(:268435546)
11-19 17:13:11.337 I/WM-WorkerWrapper( 2334): 	at androidx.work.impl.WorkerWrapper$2.run(:3)
11-19 17:13:11.337 I/WM-WorkerWrapper( 2334): 	at androidx.work.impl.utils.SerialExecutor$Task.run(:2)
11-19 17:13:11.337 I/WM-WorkerWrapper( 2334): 	at java.util.concurrent.ThreadPoolExecutor.runWorker(ThreadPoolExecutor.java:1167)
11-19 17:13:11.337 I/WM-WorkerWrapper( 2334): 	at java.util.concurrent.ThreadPoolExecutor$Worker.run(ThreadPoolExecutor.java:641)
11-19 17:13:11.337 I/WM-WorkerWrapper( 2334): 	at java.lang.Thread.run(Thread.java:923)
11-19 17:13:11.469 D/SettingsSDK::SyncHelper( 2334): Read setting com.facebook.wearable.sdk.selfcare:SELFCARE_SERVICE_ENABLED from persistent cache
11-19 17:13:11.469 D/FacebookRepository( 2334): Reading from Store [906581286488774]
11-19 17:13:11.502 E/SelfCareDataCloudSyncWorker( 2334): Failed to get access token
11-19 17:13:11.502 E/SelfCareDataCloudSyncWorker( 2334): kotlinx.coroutines.JobCancellationException: Job was cancelled; job=JobImpl{Cancelling}@18609b2
11-19 17:13:11.502 I/WM-WorkerWrapper( 2334): Work [ id=cf79165d-7ab0-4916-9c30-d911d399386b, tags={ com.facebook.wearable.system.selfcare.cloudsync.SelfCareDataCloudSyncWorker } ] was cancelled
11-19 17:13:11.502 I/WM-WorkerWrapper( 2334): java.util.concurrent.CancellationException: Task was cancelled.
11-19 17:13:11.502 I/WM-WorkerWrapper( 2334): 	at androidx.work.impl.utils.futures.AbstractFuture.getDoneValue(:32)
11-19 17:13:11.502 I/WM-WorkerWrapper( 2334): 	at androidx.work.impl.utils.futures.AbstractFuture.get(:268435546)
11-19 17:13:11.502 I/WM-WorkerWrapper( 2334): 	at androidx.work.impl.WorkerWrapper$2.run(:3)
11-19 17:13:11.502 I/WM-WorkerWrapper( 2334): 	at androidx.work.impl.utils.SerialExecutor$Task.run(:2)
11-19 17:13:11.502 I/WM-WorkerWrapper( 2334): 	at java.util.concurrent.ThreadPoolExecutor.runWorker(ThreadPoolExecutor.java:1167)
11-19 17:13:11.502 I/WM-WorkerWrapper( 2334): 	at java.util.concurrent.ThreadPoolExecutor$Worker.run(ThreadPoolExecutor.java:641)
11-19 17:13:11.502 I/WM-WorkerWrapper( 2334): 	at java.lang.Thread.run(Thread.java:923)
11-19 17:13:11.622 D/SettingsSDK::SyncHelper( 2334): Read setting com.facebook.wearable.sdk.selfcare:SELFCARE_SERVICE_ENABLED from persistent cache
11-19 17:13:11.622 D/FacebookRepository( 2334): Reading from Store [906581286488774]
11-19 17:13:11.654 E/SelfCareDataCloudSyncWorker( 2334): Failed to get access token
11-19 17:13:11.654 E/SelfCareDataCloudSyncWorker( 2334): kotlinx.coroutines.JobCancellationException: Job was cancelled; job=JobImpl{Cancelling}@5c208ac
11-19 17:13:11.654 I/WM-WorkerWrapper( 2334): Work [ id=cf79165d-7ab0-4916-9c30-d911d399386b, tags={ com.facebook.wearable.system.selfcare.cloudsync.SelfCareDataCloudSyncWorker } ] was cancelled
11-19 17:13:11.654 I/WM-WorkerWrapper( 2334): java.util.concurrent.CancellationException: Task was cancelled.
11-19 17:13:11.654 I/WM-WorkerWrapper( 2334): 	at androidx.work.impl.utils.futures.AbstractFuture.getDoneValue(:32)
11-19 17:13:11.654 I/WM-WorkerWrapper( 2334): 	at androidx.work.impl.utils.futures.AbstractFuture.get(:268435546)
11-19 17:13:11.654 I/WM-WorkerWrapper( 2334): 	at androidx.work.impl.WorkerWrapper$2.run(:3)
11-19 17:13:11.654 I/WM-WorkerWrapper( 2334): 	at androidx.work.impl.utils.SerialExecutor$Task.run(:2)
11-19 17:13:11.654 I/WM-WorkerWrapper( 2334): 	at java.util.concurrent.ThreadPoolExecutor.runWorker(ThreadPoolExecutor.java:1167)
11-19 17:13:11.654 I/WM-WorkerWrapper( 2334): 	at java.util.concurrent.ThreadPoolExecutor$Worker.run(ThreadPoolExecutor.java:641)
11-19 17:13:11.654 I/WM-WorkerWrapper( 2334): 	at java.lang.Thread.run(Thread.java:923)
11-19 17:13:11.724 D/UIAutomatorStub( 5833): URI: /jsonrpc/0, Method: POST, Header: {content-length=229, remote-addr=127.0.0.1, http-client-ip=127.0.0.1, host=localhost:9011, content-type=application/json, accept-encoding=identity}, params, {NanoHttpd.QUERY_STRING=null}, files: {postData={"jsonrpc": "2.0", "method": "objInfo", "id": "110136377322cb4914e418c8747492d2", "params": [{"mask": 2097152, "childOrSibling": [], "childOrSiblingSelector": [], "resourceId": "com.facebook.wearable.system.settings:id/toggle"}]}}
11-19 17:13:11.784 D/SettingsSDK::SyncHelper( 2334): Read setting com.facebook.wearable.sdk.selfcare:SELFCARE_SERVICE_ENABLED from persistent cache
11-19 17:13:11.785 D/FacebookRepository( 2334): Reading from Store [906581286488774]
11-19 17:13:11.814 E/SelfCareDataCloudSyncWorker( 2334): Failed to get access token
11-19 17:13:11.814 E/SelfCareDataCloudSyncWorker( 2334): kotlinx.coroutines.JobCancellationException: Job was cancelled; job=JobImpl{Cancelling}@49bffd6
11-19 17:13:11.815 I/WM-WorkerWrapper( 2334): Work [ id=cf79165d-7ab0-4916-9c30-d911d399386b, tags={ com.facebook.wearable.system.selfcare.cloudsync.SelfCareDataCloudSyncWorker } ] was cancelled
11-19 17:13:11.815 I/WM-WorkerWrapper( 2334): java.util.concurrent.CancellationException: Task was cancelled.
11-19 17:13:11.815 I/WM-WorkerWrapper( 2334): 	at androidx.work.impl.utils.futures.AbstractFuture.getDoneValue(:32)
11-19 17:13:11.815 I/WM-WorkerWrapper( 2334): 	at androidx.work.impl.utils.futures.AbstractFuture.get(:268435546)
11-19 17:13:11.815 I/WM-WorkerWrapper( 2334): 	at androidx.work.impl.WorkerWrapper$2.run(:3)
11-19 17:13:11.815 I/WM-WorkerWrapper( 2334): 	at androidx.work.impl.utils.SerialExecutor$Task.run(:2)
11-19 17:13:11.815 I/WM-WorkerWrapper( 2334): 	at java.util.concurrent.ThreadPoolExecutor.runWorker(ThreadPoolExecutor.java:1167)
11-19 17:13:11.815 I/WM-WorkerWrapper( 2334): 	at java.util.concurrent.ThreadPoolExecutor$Worker.run(ThreadPoolExecutor.java:641)
11-19 17:13:11.815 I/WM-WorkerWrapper( 2334): 	at java.lang.Thread.run(Thread.java:923)
11-19 17:13:11.849 D/UIAutomatorStub( 5833): URI: /jsonrpc/0, Method: POST, Header: {content-length=227, remote-addr=127.0.0.1, http-client-ip=127.0.0.1, host=localhost:9011, content-type=application/json, accept-encoding=identity}, params, {NanoHttpd.QUERY_STRING=null}, files: {postData={"jsonrpc": "2.0", "method": "click", "id": "1b60a6ef8318fe28e9a952bd78da9361", "params": [{"mask": 2097152, "childOrSibling": [], "childOrSiblingSelector": [], "resourceId": "com.facebook.wearable.system.settings:id/toggle"}]}}
11-19 17:13:11.909 D/WifiSharingService( 2866): Setting Wi-Fi enabled state
11-19 17:13:11.921 I/WifiService( 1196): setWifiEnabled package=com.facebook.wearable.system.connectivity uid=1000 enable=false
11-19 17:13:11.925 D/QCNEJ/WlanStaInfoRelay( 1887): onChange for uri = content://settings/global/wifi_on
11-19 17:13:11.927 D/WifiActiveModeWarden( 1196): Switching all client mode managers
11-19 17:13:11.929 E/QMI_FW  (  883): qmi_cci_get_ref: ref count increased 2
11-19 17:13:11.938 D/WifiP2pService( 1196): Wifi enabled=false, P2P Interface availability=true
11-19 17:13:11.939 D/WifiP2pNative( 1196): Teardown P2P interface
11-19 17:13:11.940 D/BluetoothAdapterService( 1699): android.net.wifi.WIFI_STATE_CHANGED
11-19 17:13:11.942 D/SettingsSDK::SyncHelper( 2334): Read setting com.facebook.wearable.sdk.selfcare:SELFCARE_SERVICE_ENABLED from persistent cache
11-19 17:13:11.943 D/FacebookRepository( 2334): Reading from Store [906581286488774]
11-19 17:13:11.951 D/WifiClientModeManager0( 1196): IMS not registered over IWLAN for subId: 1
11-19 17:13:11.951 D/WifiClientModeManager0( 1196): The target role 5
11-19 17:13:11.952 D/WifiP2pService( 1196): Wifi enabled=false, P2P Interface availability=true
11-19 17:13:11.955 W/ContextImpl( 1196): Calling a method in the system process without a qualified user: android.app.ContextImpl.sendBroadcastMultiplePermissions:1143 android.content.Context.sendBroadcastWithMultiplePermissions:2150 com.android.server.display.WifiDisplayAdapter.handleSendStatusChangeBroadcast:440 com.android.server.display.WifiDisplayAdapter.access$1700:63 com.android.server.display.WifiDisplayAdapter$WifiDisplayHandler.handleMessage:675 
11-19 17:13:11.966 I/android_os_HwBinder( 1196): HwBinder: Starting thread pool for getting: android.hardware.wifi.supplicant@1.0::ISupplicant/default
11-19 17:13:11.973 I/wpa_supplicant( 8718): wlan0: Do not deauthenticate as part of interface deinit since WoWLAN is enabled
11-19 17:13:11.989 E/SelfCareDataCloudSyncWorker( 2334): Failed to get access token
11-19 17:13:11.989 E/SelfCareDataCloudSyncWorker( 2334): kotlinx.coroutines.JobCancellationException: Job was cancelled; job=JobImpl{Cancelling}@2f9c429
11-19 17:13:11.989 I/WM-WorkerWrapper( 2334): Work [ id=cf79165d-7ab0-4916-9c30-d911d399386b, tags={ com.facebook.wearable.system.selfcare.cloudsync.SelfCareDataCloudSyncWorker } ] was cancelled
11-19 17:13:11.989 I/WM-WorkerWrapper( 2334): java.util.concurrent.CancellationException: Task was cancelled.
11-19 17:13:11.989 I/WM-WorkerWrapper( 2334): 	at androidx.work.impl.utils.futures.AbstractFuture.getDoneValue(:32)
11-19 17:13:11.989 I/WM-WorkerWrapper( 2334): 	at androidx.work.impl.utils.futures.AbstractFuture.get(:268435546)
11-19 17:13:11.989 I/WM-WorkerWrapper( 2334): 	at androidx.work.impl.WorkerWrapper$2.run(:3)
11-19 17:13:11.989 I/WM-WorkerWrapper( 2334): 	at androidx.work.impl.utils.SerialExecutor$Task.run(:2)
11-19 17:13:11.989 I/WM-WorkerWrapper( 2334): 	at java.util.concurrent.ThreadPoolExecutor.runWorker(ThreadPoolExecutor.java:1167)
11-19 17:13:11.989 I/WM-WorkerWrapper( 2334): 	at java.util.concurrent.ThreadPoolExecutor$Worker.run(ThreadPoolExecutor.java:641)
11-19 17:13:11.989 I/WM-WorkerWrapper( 2334): 	at java.lang.Thread.run(Thread.java:923)
11-19 17:13:12.010 I/wpa_supplicant( 8718): Try to unregister vendor STA network
11-19 17:13:12.014 E/wpa_supplicant( 8718): eap_proxy: pthread_join on eap_proxy=0x771eac
11-19 17:13:12.014 E/wpa_supplicant( 8718): eap_proxy: session not started for client = 1
11-19 17:13:12.014 E/QMI_FW  ( 8718): qmi_cci_get_ref: ref count increased 2
11-19 17:13:12.014 E/QMI_FW  ( 8718): qmi_cci_get_ref: ref count increased 2
11-19 17:13:12.015 E/wpa_supplicant( 8718): eap_proxy: Released QMI UIM service client
11-19 17:13:12.016 E/QMI_FW  ( 8718): qmi_cci_get_ref: ref count increased 2
11-19 17:13:12.016 E/QMI_FW  ( 8718): qmi_cci_get_ref: ref count increased 2
11-19 17:13:12.016 E/wpa_supplicant( 8718): eap_proxy: Released QMI EAP service client
11-19 17:13:12.016 E/wpa_supplicant( 8718): eap_proxy: session not started for client = 2
11-19 17:13:12.016 E/QMI_FW  ( 8718): qmi_cci_get_ref: ref count increased 2
11-19 17:13:12.016 E/QMI_FW  ( 8718): qmi_cci_get_ref: ref count increased 2
11-19 17:13:12.018 E/wpa_supplicant( 8718): eap_proxy: Released QMI UIM service client
11-19 17:13:12.018 E/QMI_FW  ( 8718): qmi_cci_get_ref: ref count increased 2
11-19 17:13:12.018 E/QMI_FW  ( 8718): qmi_cci_get_ref: ref count increased 2
11-19 17:13:12.018 E/wpa_supplicant( 8718): eap_proxy: Released QMI EAP service client
11-19 17:13:12.019 I/wpa_supplicant( 8718): eap_proxy: eap_proxy Deinitialzed
11-19 17:13:12.051 I/wpa_supplicant( 8718): nl80211: deinit ifname=wlan0 disabled_11b_rates=0
11-19 17:13:12.100 D/SettingsSDK::SyncHelper( 2334): Read setting com.facebook.wearable.sdk.selfcare:SELFCARE_SERVICE_ENABLED from persistent cache
11-19 17:13:12.101 D/FacebookRepository( 2334): Reading from Store [906581286488774]
11-19 17:13:12.121 I/wpa_supplicant( 8718): Try to unregister vendor interface
11-19 17:13:12.122 D/LOWI-9.0.0.80(  995): [LOWINetlinkSocketReceiver] unpackRTMLinkMessage: RTM_NEWLINK - ifname wlan0, flags 0x11043 ([UP][RUNNING])
11-19 17:13:12.122 D/LOWI-9.0.0.80(  995): [LOWINetlinkSocketReceiver] processNetlinkPacket: ifname(wlan0) status(2)
11-19 17:13:12.122 D/LOWI-9.0.0.80(  995): [LOWIController] intfStateReceived: ifname(wlan0) state(2)
11-19 17:13:12.122 D/LOWI-9.0.0.80(  995): [LOWIEventReceiver] handleEvent:FROM:NA, TO:NA, REQ:NA, IREQ:NA, REQ_ID:0, RESP:NA, INFO:INTF-STATUS-UPDATE
11-19 17:13:12.123 D/LOWI-9.0.0.80(  995): [LOWIEventReceiver] Info to [INTF-STATUS-UPDATE]
11-19 17:13:12.123 D/LOWI-9.0.0.80(  995): [LOWIController] updateIntfState: WIFI enabled 2 mNlWifiStatus 2 mWifiStateEnabled 1
11-19 17:13:12.123 D/LOWI-9.0.0.80(  995): [LOWIController] isWifiEnabled: mNlWifiStatus 2 mWifiStateEnabled 1
11-19 17:13:12.133 W/system_server( 1196): Long monitor contention with owner WifiHandlerThread (1640) at boolean com.android.server.wifi.SupplicantStaIfaceHal.removeIfaceV1_1(java.lang.String)(SupplicantStaIfaceHal.java:810) waiters=0 in void com.android.server.wifi.SupplicantStaIfaceCallbackImpl.onNetworkRemoved(int) for 118ms
11-19 17:13:12.133 I/wpa_supplicant( 8718): p2p0: Do not deauthenticate as part of interface deinit since WoWLAN is enabled
11-19 17:13:12.135 I/SupplicantStaIfaceHal( 1196): Terminating supplicant using HIDL
11-19 17:13:12.137 E/SelfCareDataCloudSyncWorker( 2334): Failed to get access token
11-19 17:13:12.137 E/SelfCareDataCloudSyncWorker( 2334): kotlinx.coroutines.JobCancellationException: Job was cancelled; job=JobImpl{Cancelling}@6f4d76b
11-19 17:13:12.137 I/WM-WorkerWrapper( 2334): Work [ id=cf79165d-7ab0-4916-9c30-d911d399386b, tags={ com.facebook.wearable.system.selfcare.cloudsync.SelfCareDataCloudSyncWorker } ] was cancelled
11-19 17:13:12.137 I/WM-WorkerWrapper( 2334): java.util.concurrent.CancellationException: Task was cancelled.
11-19 17:13:12.137 I/WM-WorkerWrapper( 2334): 	at androidx.work.impl.utils.futures.AbstractFuture.getDoneValue(:32)
11-19 17:13:12.137 I/WM-WorkerWrapper( 2334): 	at androidx.work.impl.utils.futures.AbstractFuture.get(:268435546)
11-19 17:13:12.137 I/WM-WorkerWrapper( 2334): 	at androidx.work.impl.WorkerWrapper$2.run(:3)
11-19 17:13:12.137 I/WM-WorkerWrapper( 2334): 	at androidx.work.impl.utils.SerialExecutor$Task.run(:2)
11-19 17:13:12.137 I/WM-WorkerWrapper( 2334): 	at java.util.concurrent.ThreadPoolExecutor.runWorker(ThreadPoolExecutor.java:1167)
11-19 17:13:12.137 I/WM-WorkerWrapper( 2334): 	at java.util.concurrent.ThreadPoolExecutor$Worker.run(ThreadPoolExecutor.java:641)
11-19 17:13:12.137 I/WM-WorkerWrapper( 2334): 	at java.lang.Thread.run(Thread.java:923)
11-19 17:13:12.181 E/wpa_supplicant( 8718): eap_proxy: pthread_join on eap_proxy=0x771fa8
11-19 17:13:12.181 E/wpa_supplicant( 8718): eap_proxy: session not started for client = 1
11-19 17:13:12.181 E/QMI_FW  ( 8718): qmi_cci_get_ref: ref count increased 2
11-19 17:13:12.181 E/QMI_FW  ( 8718): qmi_cci_get_ref: ref count increased 2
11-19 17:13:12.181 E/wpa_supplicant( 8718): eap_proxy: Released QMI UIM service client
11-19 17:13:12.181 E/QMI_FW  ( 8718): qmi_cci_get_ref: ref count increased 2
11-19 17:13:12.181 E/QMI_FW  ( 8718): qmi_cci_get_ref: ref count increased 2
11-19 17:13:12.182 E/wpa_supplicant( 8718): eap_proxy: Released QMI EAP service client
11-19 17:13:12.182 E/wpa_supplicant( 8718): eap_proxy: session not started for client = 2
11-19 17:13:12.182 E/QMI_FW  ( 8718): qmi_cci_get_ref: ref count increased 2
11-19 17:13:12.182 E/QMI_FW  ( 8718): qmi_cci_get_ref: ref count increased 2
11-19 17:13:12.183 E/wpa_supplicant( 8718): eap_proxy: Released QMI UIM service client
11-19 17:13:12.183 E/QMI_FW  ( 8718): qmi_cci_get_ref: ref count increased 2
11-19 17:13:12.183 E/QMI_FW  ( 8718): qmi_cci_get_ref: ref count increased 2
11-19 17:13:12.186 E/wpa_supplicant( 8718): eap_proxy: Released QMI EAP service client
11-19 17:13:12.186 I/wpa_supplicant( 8718): eap_proxy: eap_proxy Deinitialzed
11-19 17:13:12.222 I/wpa_supplicant( 8718): nl80211: deinit ifname=p2p0 disabled_11b_rates=0
11-19 17:13:12.261 D/SettingsSDK::SyncHelper( 2334): Read setting com.facebook.wearable.sdk.selfcare:SELFCARE_SERVICE_ENABLED from persistent cache
11-19 17:13:12.261 D/LOWI-9.0.0.80(  995): [LOWINetlinkSocketReceiver] unpackRTMLinkMessage: RTM_NEWLINK - ifname p2p0, flags 0x1003 ([UP])
11-19 17:13:12.262 D/FacebookRepository( 2334): Reading from Store [906581286488774]
11-19 17:13:12.287 D/LOWI-9.0.0.80(  995): [LOWINetlinkSocketReceiver] unpackRTMLinkMessage: RTM_NEWLINK - ifname p2p0, flags 0x1002 ()
11-19 17:13:12.290 D/LOWI-9.0.0.80(  995): [LOWINetlinkSocketReceiver] unpackRTMLinkMessage: RTM_NEWLINK - ifname p2p0, flags 0x1002 ()
11-19 17:13:12.297 E/SelfCareDataCloudSyncWorker( 2334): Failed to get access token
11-19 17:13:12.297 E/SelfCareDataCloudSyncWorker( 2334): kotlinx.coroutines.JobCancellationException: Job was cancelled; job=JobImpl{Cancelling}@c6e009d
11-19 17:13:12.297 I/WM-WorkerWrapper( 2334): Work [ id=cf79165d-7ab0-4916-9c30-d911d399386b, tags={ com.facebook.wearable.system.selfcare.cloudsync.SelfCareDataCloudSyncWorker } ] was cancelled
11-19 17:13:12.297 I/WM-WorkerWrapper( 2334): java.util.concurrent.CancellationException: Task was cancelled.
11-19 17:13:12.297 I/WM-WorkerWrapper( 2334): 	at androidx.work.impl.utils.futures.AbstractFuture.getDoneValue(:32)
11-19 17:13:12.297 I/WM-WorkerWrapper( 2334): 	at androidx.work.impl.utils.futures.AbstractFuture.get(:268435546)
11-19 17:13:12.297 I/WM-WorkerWrapper( 2334): 	at androidx.work.impl.WorkerWrapper$2.run(:3)
11-19 17:13:12.297 I/WM-WorkerWrapper( 2334): 	at androidx.work.impl.utils.SerialExecutor$Task.run(:2)
11-19 17:13:12.297 I/WM-WorkerWrapper( 2334): 	at java.util.concurrent.ThreadPoolExecutor.runWorker(ThreadPoolExecutor.java:1167)
11-19 17:13:12.297 I/WM-WorkerWrapper( 2334): 	at java.util.concurrent.ThreadPoolExecutor$Worker.run(ThreadPoolExecutor.java:641)
11-19 17:13:12.297 I/WM-WorkerWrapper( 2334): 	at java.lang.Thread.run(Thread.java:923)
11-19 17:13:12.300 I/wpa_supplicant( 8718): Try to unregister vendor p2 interface
11-19 17:13:12.301 I/WifiP2pNative( 1196): P2P interface teardown completed
11-19 17:13:12.301 D/WifiP2pNative( 1196): P2P InterfaceDestroyedListener p2p0
11-19 17:13:12.301 D/WifiP2pNative( 1196): Ignoring stale interface destroyed listener
11-19 17:13:12.302 D/WifiP2pNative( 1196): P2P InterfaceAvailableListener true
11-19 17:13:12.302 D/WifiP2pService( 1196): Wifi enabled=false, P2P Interface availability=true
11-19 17:13:12.303 I/android_os_HwBinder( 1196): HwBinder: Starting thread pool for getting: android.hardware.wifi.supplicant@1.0::ISupplicant/default
11-19 17:13:12.309 I/wpa_supplicant( 8718): Terminating...
11-19 17:13:12.313 D/LOWI-9.0.0.80(  995): [LOWINetlinkSocketReceiver] unpackRTMLinkMessage: RTM_NEWLINK - ifname wlan0, flags 0x1003 ([UP])
11-19 17:13:12.313 D/LOWI-9.0.0.80(  995): [LOWINetlinkSocketReceiver] processNetlinkPacket: ifname(wlan0) status(1)
11-19 17:13:12.313 D/LOWI-9.0.0.80(  995): [LOWIController] intfStateReceived: ifname(wlan0) state(1)
11-19 17:13:12.313 D/LOWI-9.0.0.80(  995): [LOWIEventReceiver] handleEvent:FROM:NA, TO:NA, REQ:NA, IREQ:NA, REQ_ID:0, RESP:NA, INFO:INTF-STATUS-UPDATE
11-19 17:13:12.313 D/LOWI-9.0.0.80(  995): [LOWIEventReceiver] Info to [INTF-STATUS-UPDATE]
11-19 17:13:12.313 D/LOWI-9.0.0.80(  995): [LOWIController] updateIntfState: WIFI enabled 1 mNlWifiStatus 2 mWifiStateEnabled 1
11-19 17:13:12.313 D/LOWI-9.0.0.80(  995): [LOWIController] isWifiEnabled: mNlWifiStatus 1 mWifiStateEnabled 1
11-19 17:13:12.354 W/SupplicantStaIfaceHal( 1196): Timed out waiting for confirmation of supplicant death
11-19 17:13:12.355 E/SupplicantStaIfaceHal( 1196): Can't call getKeyMgmtCapabilities_1_3, ISupplicantStaIface is null
11-19 17:13:12.356 D/LOWI-9.0.0.80(  995): [LOWINetlinkSocketReceiver] unpackRTMLinkMessage: RTM_NEWLINK - ifname wlan0, flags 0x1003 ([UP])
11-19 17:13:12.356 D/LOWI-9.0.0.80(  995): [LOWINetlinkSocketReceiver] processNetlinkPacket: ifname(wlan0) status(1)
11-19 17:13:12.356 D/LOWI-9.0.0.80(  995): [LOWIController] intfStateReceived: ifname(wlan0) state(1)
11-19 17:13:12.356 D/LOWI-9.0.0.80(  995): [LOWIEventReceiver] handleEvent:FROM:NA, TO:NA, REQ:NA, IREQ:NA, REQ_ID:0, RESP:NA, INFO:INTF-STATUS-UPDATE
11-19 17:13:12.356 D/LOWI-9.0.0.80(  995): [LOWIEventReceiver] Info to [INTF-STATUS-UPDATE]
11-19 17:13:12.356 D/LOWI-9.0.0.80(  995): [LOWIController] updateIntfState: WIFI enabled 1 mNlWifiStatus 1 mWifiStateEnabled 1
11-19 17:13:12.356 D/LOWI-9.0.0.80(  995): [LOWIController] isWifiEnabled: mNlWifiStatus 1 mWifiStateEnabled 1
11-19 17:13:12.357 V/WifiHAL (  556): WifiVendorCommand 0xaac36b98 created vendor_id:0x1374 subcmd:38
11-19 17:13:12.358 V/WifiHAL (  556): Got a Wi-Fi HAL module message from Driver
11-19 17:13:12.358 V/WifiHAL (  556): Supported feature set : 1993d
11-19 17:13:12.358 V/WifiHAL (  556): Supported feature set acquired : 1993d
11-19 17:13:12.358 V/WifiHAL (  556): WifiVendorCommand 0x9dc403c0 created vendor_id:0x1374 subcmd:76
11-19 17:13:12.358 V/WifiHAL (  556): event received NL80211_CMD_DISCONNECT
11-19 17:13:12.358 V/WifiHAL (  556): create: mVendor_id = 4980, Subcmd = 76.
11-19 17:13:12.359 V/WifiHAL (  556): WifiVendorCommand 0xaac36cc8 created vendor_id:0x1374 subcmd:38
11-19 17:13:12.360 V/WifiHAL (  556): Got a Wi-Fi HAL module message from Driver
11-19 17:13:12.361 V/WifiHAL (  556): Supported feature set : 19d3d
11-19 17:13:12.361 V/WifiHAL (  556): Supported feature set acquired : 19d3d
11-19 17:13:12.361 V/WifiHAL (  556): WifiVendorCommand 0x9dc403c0 created vendor_id:0x1374 subcmd:76
11-19 17:13:12.361 V/WifiHAL (  556): create: mVendor_id = 4980, Subcmd = 76.
11-19 17:13:12.367 E/SupplicantStaIfaceHal( 1196): Can't call getWpaDriverFeatureSet, ISupplicantStaIface is null
11-19 17:13:12.367 I/WifiNative( 1196): Successfully switched to scan mode on iface=Iface:{Name=wlan0,Id=0,Type=STA_SCAN}
11-19 17:13:12.368 D/BluetoothAdapterService( 1699): Soft AP is on band: 1
11-19 17:13:12.369 D/WifiClientModeManager0( 1196): entering ScanOnlyModeState
11-19 17:13:12.369 D/WifiP2pService( 1196): Wifi enabled=false, P2P Interface availability=true
11-19 17:13:12.370 D/BluetoothVendorService( 1699): getPowerBackoff 
11-19 17:13:12.370 D/BluetoothVendorService( 1699): setPowerBackoff to: false
11-19 17:13:12.370 I/BluetoothVendorJni( 1699): setPowerBackoffNative
11-19 17:13:12.370 I/bt_btif_vendor( 1699): setPowerBackOffState :0 
11-19 17:13:12.370 W/bt_btif ( 1699): bta_dm_power_back_off: power_back_off feature not supported
11-19 17:13:12.370 D/BluetoothAdapterService( 1699): android.net.wifi.WIFI_STATE_CHANGED
11-19 17:13:12.371 D/WifiScanRequestProxy( 1196): Sending scan available broadcast: true
11-19 17:13:12.372 W/SupplicantP2pIfaceHal( 1196): ISupplicant/ISupplicantP2pIface died: cookie=0
11-19 17:13:12.372 W/SupplicantP2pIfaceHal( 1196): ISupplicantVendor/ISupplicantVendorP2PIface died: cookie=0
11-19 17:13:12.372 W/SupplicantStaIfaceHal( 1196): ISupplicantVendor/ISupplicantVendorStaIface died: cookie=0
11-19 17:13:12.372 W/SupplicantStaIfaceHal( 1196): ISupplicantVendor/ISupplicantVendorStaIface died: cookie=0
11-19 17:13:12.372 I/WifiScanRequestProxy( 1196): Scanning is enabled
11-19 17:13:12.372 W/SupplicantP2pIfaceHal( 1196): ISupplicant/ISupplicantP2pIface died: cookie=0
11-19 17:13:12.372 D/SupplicantStaIfaceHal( 1196): ISupplicant died: cookie=-4684994201914171259
11-19 17:13:12.372 I/WifiScanRequestProxy( 1196): Scanning for hidden networks is disabled
11-19 17:13:12.373 W/SupplicantP2pIfaceHal( 1196): ISupplicantVendor/ISupplicantVendorP2PIface died: cookie=0
11-19 17:13:12.373 I/WifiScanningService( 1196): Received a request to enable scanning, UID = 1000
11-19 17:13:12.373 I/WifiScanningService( 1196): scanner impls already exists
11-19 17:13:12.373 D/WakeupController( 1196): start()
11-19 17:13:12.373 E/WifiScanningService( 1196): wifi driver loaded received while already loaded
11-19 17:13:12.374 D/WakeupController( 1196): Setting active to true
11-19 17:13:12.384 D/WakeupLock( 1196): Lock set. Number of networks: 1
11-19 17:13:12.387 D/WifiClientModeImpl( 1196): ClientModeImpl: Leaving Connected state
11-19 17:13:12.388 D/WifiCountryCode( 1196): updateCountryCode to US
11-19 17:13:12.389 E/SupplicantStaIfaceHal( 1196): Can't call setCountryCode, ISupplicantStaIface is null
11-19 17:13:12.389 D/WifiCountryCode( 1196): Failed to set country code to: US
11-19 17:13:12.400 E/SupplicantStaIfaceHal( 1196): Can't call listNetworks, ISupplicantStaIface is null
11-19 17:13:12.400 E/SupplicantStaIfaceHal( 1196): removeAllNetworks failed, got null networks
11-19 17:13:12.400 E/WifiClientModeImpl( 1196): Failed to remove networks on exiting connect mode
11-19 17:13:12.402 E/WakeupController( 1196): Unexpected setLastDisconnectInfo when WakeupController is active!
11-19 17:13:12.403 E/WifiVendorHal( 1196): stopRssiMonitoring(l.2106) failed {.code = ERROR_NOT_AVAILABLE, .description = }
11-19 17:13:12.403 E/SupplicantStaIfaceHal( 1196): Can't call setPowerSave, ISupplicantStaIface is null
11-19 17:13:12.404 E/SupplicantStaIfaceHal( 1196): Can't call setBtCoexistenceMode, ISupplicantStaIface is null
11-19 17:13:12.404 V/WifiClientModeImpl( 1196): stopIpClient IpClientWithPreConnection: false
11-19 17:13:12.404 V/WifiClientModeImpl( 1196): java.lang.Throwable
11-19 17:13:12.404 V/WifiClientModeImpl( 1196): 	at com.android.server.wifi.ClientModeImpl.stopIpClient(ClientModeImpl.java:1127)
11-19 17:13:12.404 V/WifiClientModeImpl( 1196): 	at com.android.server.wifi.ClientModeImpl.stopDhcpSetup(ClientModeImpl.java:1153)
11-19 17:13:12.404 V/WifiClientModeImpl( 1196): 	at com.android.server.wifi.ClientModeImpl.handleNetworkDisconnect(ClientModeImpl.java:2945)
11-19 17:13:12.404 V/WifiClientModeImpl( 1196): 	at com.android.server.wifi.ClientModeImpl.stopClientMode(ClientModeImpl.java:3889)
11-19 17:13:12.404 V/WifiClientModeImpl( 1196): 	at com.android.server.wifi.ClientModeImpl.access$4600(ClientModeImpl.java:176)
11-19 17:13:12.404 V/WifiClientModeImpl( 1196): 	at com.android.server.wifi.ClientModeImpl$ConnectModeState.exit(ClientModeImpl.java:4064)
11-19 17:13:12.404 V/WifiClientModeImpl( 1196): 	at com.android.wifi.x.com.android.internal.util.StateMachine$SmHandler.invokeExitMethods(StateMachine.java:1021)
11-19 17:13:12.404 V/WifiClientModeImpl( 1196): 	at com.android.wifi.x.com.android.internal.util.StateMachine$SmHandler.performTransitions(StateMachine.java:877)
11-19 17:13:12.404 V/WifiClientModeImpl( 1196): 	at com.android.wifi.x.com.android.internal.util.StateMachine$SmHandler.handleMessage(StateMachine.java:819)
11-19 17:13:12.404 V/WifiClientModeImpl( 1196): 	at android.os.Handler.dispatchMessage(Handler.java:106)
11-19 17:13:12.404 V/WifiClientModeImpl( 1196): 	at android.os.Looper.loop(Looper.java:223)
11-19 17:13:12.404 V/WifiClientModeImpl( 1196): 	at android.os.HandlerThread.run(HandlerThread.java:67)
11-19 17:13:12.406 D/DhcpClient( 1196): doQuit
11-19 17:13:12.408 D/QCNEJ/WlanStaInfoRelay( 1887): Received action: android.net.wifi.STATE_CHANGE
11-19 17:13:12.408 D/ConnectivityService( 1196): [109 WIFI] EVENT_NETWORK_INFO_CHANGED, going from CONNECTED to DISCONNECTED
11-19 17:13:12.408 D/ConnectivityService( 1196): [109 WIFI] disconnected, was satisfying 27
11-19 17:13:12.409 D/WifiConnector( 2866): Network State Changed
11-19 17:13:12.411 D/QCNEJ/WlanStaInfoRelay( 1887): reset CountryCodeRetriever
11-19 17:13:12.414 E/QMI_FW  (  883): qmi_cci_get_ref: ref count increased 2
