11-19 17:09:08.339 D/BluetoothAdapterService( 1710): android.net.wifi.STATE_CHANGE
11-19 17:09:08.339 D/WifiConnector( 2870): Network State Changed
11-19 17:09:08.342 D/BluetoothVendorService( 1710): setWifiState to: true
11-19 17:09:08.342 I/BluetoothVendorJni( 1710): setWifiStateNative
11-19 17:09:08.342 I/bt_btif_vendor( 1710): setWifiState :1
11-19 17:09:08.368 I/chatty  ( 1186): uid=1000(system) WifiHandlerThre expire 10 lines
11-19 17:09:08.370 V/WifiHAL (  544): WifiVendorCommand 0x984ec000 created vendor_id:0x1374 subcmd:83
11-19 17:09:08.371 E/WifiHAL (  544): wifi_get_packet_filter_capabilities: requestResponse() error: -3
11-19 17:09:08.371 I/WifiHAL (  544): Packet filtering is not supprted
11-19 17:09:08.483 D/WearableConnectivityManager( 2594): onWifiStrengthChange: -35
11-19 17:09:08.485 D/QCNEJ/WlanStaInfoRelay( 1907): Received action: android.net.wifi.RSSI_CHANGED
11-19 17:09:08.488 V/WifiHAL (  544): WifiVendorCommand 0x986b8148 created vendor_id:0x1374 subcmd:82
11-19 17:09:08.488 V/WifiHAL (  544): ND offload : Enable
11-19 17:09:08.488 D/ConnectivityService( 1186): NetReassign [no changes]
11-19 17:09:08.518 E/QMI_FW  (  915): qmi_cci_get_ref: ref count increased 2
11-19 17:09:08.520 E/QMI_FW  (  915): qmi_cci_get_ref: ref count increased 2
11-19 17:09:08.522 E/Netd    (  462): no such netId 104
11-19 17:09:08.523 I/Nat464Xlat( 1186): Android Xlat is disabled
11-19 17:09:08.584 I/chatty  ( 1186): uid=1000 system_server expire 7 lines
11-19 17:09:08.652 D/BluetoothAdapterService( 1710): android.net.wifi.STATE_CHANGE
11-19 17:09:08.654 D/QCNEJ/WlanStaInfoRelay( 1907): Received action: android.net.wifi.STATE_CHANGE
11-19 17:09:08.654 D/WifiConnector( 2870): Network State Changed
11-19 17:09:08.655 E/Netd    (  462): no such netId 104
11-19 17:09:08.524 I/Nat464Xlat( 1186): Android Xlat is disabled
11-19 17:09:08.655 E/ConnectivityService( 1186): Exception in networkAddRouteParcel for non-gateway: android.os.ServiceSpecificException: Machine is not on the network (code 64)
11-19 17:09:08.657 E/ConnectivityService( 1186): Exception in networkAddRouteParcel for gateway: android.os.ServiceSpecificException: Machine is not on the network (code 64)
11-19 17:09:08.657 I/Nat464Xlat( 1186): Android Xlat is disabled
11-19 17:09:08.656 E/Netd    (  462): no such netId 104
11-19 17:09:08.657 D/BluetoothVendorService( 1710): setWifiState to: true
11-19 17:09:08.657 I/BluetoothVendorJni( 1710): setWifiStateNative
11-19 17:09:08.657 I/bt_btif_vendor( 1710): setWifiState :1
11-19 17:09:08.675 D/BluetoothAdapterService( 1710): android.net.wifi.STATE_CHANGE
11-19 17:09:08.677 D/QCNEJ/WlanStaInfoRelay( 1907): Received action: android.net.wifi.STATE_CHANGE
11-19 17:09:08.677 D/WifiConnector( 2870): Network State Changed
11-19 17:09:08.678 D/BluetoothVendorService( 1710): setWifiState to: true
11-19 17:09:08.678 I/BluetoothVendorJni( 1710): setWifiStateNative
11-19 17:09:08.678 I/bt_btif_vendor( 1710): setWifiState :1
11-19 17:09:08.679 D/WifiConnector( 2870): Configured Networks Changed
11-19 17:09:08.698 I/chatty  ( 1186): uid=1000(system) pool-9-thread-1 expire 3 lines
11-19 17:09:08.716 E/QMI_FW  (  915): qmi_cci_get_ref: ref count increased 2
11-19 17:09:08.657 I/Nat464Xlat( 1186): Android Xlat is disabled
11-19 17:09:08.722 D/ConnectivityService( 1186): Setting DNS servers for network 104 to [/192.168.1.1]
11-19 17:09:08.723 I/Nat464Xlat( 1186): Android Xlat is disabled
11-19 17:09:08.717 E/QMI_FW  (  915): qmi_cci_get_ref: ref count increased 2
11-19 17:09:08.740 E/QMI_FW  ( 1042): qmi_cci_get_ref: ref count increased 2
11-19 17:09:08.741 E/QMI_FW  ( 1042): qmi_cci_get_ref: ref count increased 2
11-19 17:09:08.741 E/QMI_FW  ( 1042): qmi_cci_get_ref: ref count increased 2
11-19 17:09:08.723 I/Nat464Xlat( 1186): Android Xlat is disabled
11-19 17:09:08.793 D/ConnectivityService( 1186): [104 WIFI] EVENT_NETWORK_INFO_CHANGED, going from UNKNOWN to CONNECTED
11-19 17:09:08.807 D/DnsManager( 1186): sendDnsConfigurationForNetwork(104, [192.168.1.1], [], 1800, 25, 8, 64, 0, 0, , [])
11-19 17:09:08.809 W/DnsManager( 1186): updatePrivateDns(104, PrivateDnsConfig{true:/[]})
11-19 17:09:08.810 D/ConnectivityService( 1186): Setting DNS servers for network 104 to [/192.168.1.1]
11-19 17:09:08.810 D/DnsManager( 1186): sendDnsConfigurationForNetwork(104, [192.168.1.1], [], 1800, 25, 8, 64, 0, 0, , [192.168.1.1])
11-19 17:09:08.812 D/ConnectivityService( 1186): Adding iface wlan0 to network 104
11-19 17:09:08.819 W/resolv  (  462): Validating DnsTlsServer on netId 104
11-19 17:09:08.833 D/ConnectivityService( 1186): Setting DNS servers for network 104 to [/192.168.1.1]
11-19 17:09:08.834 D/DnsManager( 1186): sendDnsConfigurationForNetwork(104, [192.168.1.1], [], 1800, 25, 8, 64, 0, 0, , [192.168.1.1])
11-19 17:09:08.835 I/Nat464Xlat( 1186): Android Xlat is disabled
11-19 17:09:08.851 W/resolv  (  462): SSL_connect ssl error =5, mark 0xf0068: Connection refused
11-19 17:09:08.851 W/resolv  (  462): Validation failed
11-19 17:09:08.835 I/Nat464Xlat( 1186): Android Xlat is disabled
11-19 17:09:08.908 D/ConnectivityService( 1186): NetReassign [no changes]
11-19 17:09:08.911 D/QCNEJ/WlanStaInfoRelay( 1907): network available: 104
11-19 17:09:08.925 D/QCNEJ/NativeHalConnector( 1907): -> SND notifyWifiAvailable(v4Connected = truev6Connected = , false, isAndroidValidated = false)
11-19 17:09:08.933 D/QCNEJ/NativeHalConnector( 1907): -> SND notifyWifiAvailable(v4Connected = truev6Connected = , false, isAndroidValidated = false)
11-19 17:09:08.998 I/chatty  ( 1186): uid=1000 system_server expire 3 lines
11-19 17:09:09.004 I/chatty  ( 1186): uid=1000 system_server expire 2 lines
11-19 17:09:09.091 I/chatty  ( 1186): uid=1000 system_server expire 1 line
11-19 17:09:09.093 D/ConnectivityService( 1186): [104 WIFI] validation passed
11-19 17:09:09.094 D/ConnectivityService( 1186): NetReassign [66 : 101 → 104, 44 : 101 → 104, 64 : 101 → 104, 11 : 101 → 104, 63 : 101 → 104, 17 : 101 → 104, 25 : 101 → 104, 1 : 101 → 104, 65 : 101 → 104, 8 : 101 → 104, 12 : 101 → 104, 14 : 101 → 104, 16 : 101 → 104, 22 : 101 → 104, 78 : 101 → 104, 31 : 101 → 104, 32 : 101 → 104]
11-19 17:09:09.097 E/NetlinkEvent(  462): NetlinkEvent::FindParam(): Parameter 'INTERFACE' not found
11-19 17:09:09.097 E/NetlinkEvent(  462): NetlinkEvent::FindParam(): Parameter 'STATE' not found
11-19 17:09:09.097 E/NetlinkEvent(  462): NetlinkEvent::FindParam(): Parameter 'TIME_NS' not found
11-19 17:09:09.097 E/NetlinkEvent(  462): NetlinkEvent::FindParam(): Parameter 'UID' not found
11-19 17:09:09.119 D/ConnectivityService( 1186): Switching to new default network: NetworkAgentInfo{ ni{[type: WIFI[], state: CONNECTED/CONNECTED, reason: (unspecified), extra: , failover: false, available: true, roaming: false]}  network{104}  nethandle{450082295821}  lp{{InterfaceName: wlan0 LinkAddresses: [ 192.168.1.41/24 ] DnsAddresses: [ /192.168.1.1 ] Domains: null MTU: 0 ServerAddress: /192.168.1.1 TcpBufferSizes: 524288,1048576,2097152,262144,524288,1048576 Routes: [ fe80::/64 -> :: wlan0 mtu 0,192.168.1.0/24 -> 0.0.0.0 wlan0 mtu 0,0.0.0.0/0 -> 192.168.1.1 wlan0 mtu 0 ]}}  nc{[ Transports: WIFI Capabilities: NOT_METERED&INTERNET&NOT_RESTRICTED&TRUSTED&NOT_VPN&VALIDATED&NOT_ROAMING&FOREGROUND&NOT_CONGESTED&NOT_SUSPENDED LinkUpBandwidth>=64000Kbps LinkDnBandwidth>=64000Kbps SignalStrength: -35 OwnerUid: 1000 SSID: "MTBF_Lab" RequestorUid: -1 RequestorPackageName: null]}  Score{60}  everValidated{true}  lastValidated{true}  created{true} lingering{false} explicitlySelected{false} acceptUnvalidated{false} everCaptivePortalDetected{false} lastCaptivePortalDetected{false} partialConnectivity{false} acceptPartialConnectivity{false} clat{mBaseIface: null, mIface: null, mState: IDLE} }
11-19 17:09:09.231 D/NetworkManager( 5665): ConnectivityManager.NetworkCallback#onCapabilitiesChanged()
11-19 17:09:09.231 D/NetworkManager( 5665): connected: true
11-19 17:09:09.241 I/chatty  ( 1186): uid=1000(system) NetworkTimeUpda expire 1 line
11-19 17:09:09.244 V/LigerRadioStatsReporter( 2357): onCapabilitiesChanged: Network capabilities changed
11-19 17:09:09.244 D/NetworkManager( 5624): ConnectivityManager.NetworkCallback#onCapabilitiesChanged()
11-19 17:09:09.244 D/NetworkManager( 5624): connected: true
11-19 17:09:09.247 V/LigerRadioStatsReporter( 5665): onCapabilitiesChanged: Network capabilities changed
11-19 17:09:09.254 D/QCNEJ/DefaultNetworkInfoRelay( 1907): Default network available: 104
11-19 17:09:09.255 D/QCNEJ/NativeHalConnector( 1907): -> SND notifyDefaultNetworkChanged(1)
11-19 17:09:09.256 D/DeviceAuthService( 4216): Network connected
11-19 17:09:09.256 D/DeviceAuthService( 4216): fetchAuthTokenWrapper called
11-19 17:09:09.257 D/ConnectivityService( 1186): Lingering [101 CELLULAR] for 30000ms
11-19 17:09:09.259 D/ConnectivityService( 1186): Sending DISCONNECTED broadcast for type 0 [101 CELLULAR] isDefaultNetwork=true
11-19 17:09:09.261 D/ConnectivityService( 1186): Sending CONNECTED broadcast for type 1 [104 WIFI] isDefaultNetwork=true
11-19 17:09:09.273 V/LigerRadioStatsReporter( 2357): onCapabilitiesChanged: Network capabilities changed
11-19 17:09:09.273 V/LigerRadioStatsReporter( 2357): reportAndCheckpointRadioStats
11-19 17:09:09.273 D/NetworkManager( 5624): ConnectivityManager.NetworkCallback#onCapabilitiesChanged()
11-19 17:09:09.273 D/NetworkManager( 5624): connected: true
11-19 17:09:09.274 V/LigerRadioStatsReporter( 5665): onCapabilitiesChanged: Network capabilities changed
11-19 17:09:09.274 V/LigerRadioStatsReporter( 5665): reportAndCheckpointRadioStats
11-19 17:09:09.276 V/LigerRadioStatsReporter( 2357): +++++++++++ RADIO STATS DUMP +++++++++++
11-19 17:09:09.276 V/LigerRadioStatsReporter( 2357): totalActiveRadioTimeMs=0
11-19 17:09:09.276 V/LigerRadioStatsReporter( 2357): totalTailRadioTimeMs=13995
11-19 17:09:09.276 V/LigerRadioStatsReporter( 2357): totalWakeupCount=0
11-19 17:09:09.276 V/LigerRadioStatsReporter( 2357): httpUpBytes=0
11-19 17:09:09.276 V/LigerRadioStatsReporter( 2357): httpDownBytes=0
11-19 17:09:09.276 V/LigerRadioStatsReporter( 2357): httpWakeupCount=0
11-19 17:09:09.276 V/LigerRadioStatsReporter( 2357): httpRequestCount=0
11-19 17:09:09.277 V/LigerRadioStatsReporter( 2357): httpActiveRadioTimeMs=0
11-19 17:09:09.277 V/LigerRadioStatsReporter( 2357): httpTailRadioTimeMs=13995
11-19 17:09:09.277 V/LigerRadioStatsReporter( 2357): reportAndCheckpointRadioStats: Tx=0
11-19 17:09:09.277 V/LigerRadioStatsReporter( 2357): reportAndCheckpointRadioStats: Rx=0
11-19 17:09:09.277 V/LigerRadioStatsReporter( 2357): reportAndCheckpointRadioStats: Uids=10027
11-19 17:09:09.277 V/LigerRadioStatsReporter( 2357): reportAndCheckpointRadioStats: Tags=null
11-19 17:09:09.277 V/LigerRadioStatsReporter( 5665): +++++++++++ RADIO STATS DUMP +++++++++++
11-19 17:09:09.277 V/LigerRadioStatsReporter( 5665): totalActiveRadioTimeMs=0
11-19 17:09:09.277 V/LigerRadioStatsReporter( 5665): totalTailRadioTimeMs=13998
11-19 17:09:09.277 V/LigerRadioStatsReporter( 5665): totalWakeupCount=0
11-19 17:09:09.277 V/LigerRadioStatsReporter( 5665): httpUpBytes=0
11-19 17:09:09.277 V/LigerRadioStatsReporter( 5665): httpDownBytes=0
11-19 17:09:09.277 V/LigerRadioStatsReporter( 5665): httpWakeupCount=0
11-19 17:09:09.277 V/LigerRadioStatsReporter( 5665): httpRequestCount=0
11-19 17:09:09.277 V/LigerRadioStatsReporter( 5665): httpActiveRadioTimeMs=0
11-19 17:09:09.278 V/LigerRadioStatsReporter( 5665): httpTailRadioTimeMs=13998
11-19 17:09:09.278 V/LigerRadioStatsReporter( 5665): reportAndCheckpointRadioStats: Tx=0
11-19 17:09:09.278 V/LigerRadioStatsReporter( 5665): reportAndCheckpointRadioStats: Rx=0
11-19 17:09:09.278 V/LigerRadioStatsReporter( 5665): reportAndCheckpointRadioStats: Uids=10067
11-19 17:09:09.278 V/LigerRadioStatsReporter( 5665): reportAndCheckpointRadioStats: Tags=null
11-19 17:09:09.279 I/chatty  ( 1186): uid=1000(system) android.fg expire 1 line
11-19 17:09:09.280 I/chatty  (  527): uid=1021(gps) Loc_hal_worker expire 1 line
11-19 17:09:09.281 I/chatty  ( 1027): uid=1021(gps) LocApiMsgTask expire 2 lines
11-19 17:09:09.283 D/ConnectivityService( 1186): Setting DNS servers for network 104 to [/192.168.1.1]
11-19 17:09:09.284 D/DnsManager( 1186): sendDnsConfigurationForNetwork(104, [192.168.1.1], [], 1800, 25, 8, 64, 0, 0, , [192.168.1.1])
11-19 17:09:09.284 D/QCNEJ/WlanStaInfoRelay( 1907): AndroidValidate from false to true
11-19 17:09:09.286 W/resolv  (  462): Validating DnsTlsServer on netId 104
11-19 17:09:09.288 E/QMI_FW  (  915): qmi_cci_get_ref: ref count increased 2
11-19 17:09:09.291 D/QCNEJ/WlanStaInfoRelay( 1907): retrieveCountryCode:Location obtained from Telephony: us
11-19 17:09:09.291 I/chatty  ( 1027): uid=1021(gps) LocApiMsgTask expire 1 line
11-19 17:09:09.292 E/QMI_FW  (  915): qmi_cci_get_ref: ref count increased 2
11-19 17:09:09.293 D/NetworkManager( 5665): ConnectivityManager.NetworkCallback#onCapabilitiesChanged()
11-19 17:09:09.293 D/NetworkManager( 5665): connected: true
11-19 17:09:09.298 D/DeviceAuthService( 4216): isOculusAddressResolvable returned true
11-19 17:09:09.298 D/DeviceAuthenticator( 4216): Fetching new credentials asynchronously
11-19 17:09:09.305 D/DeviceAuthenticator( 4216): Calling DeviceAuth.authenticate()
11-19 17:09:09.308 E/DeviceCertService(  545): This device *might* have a provisioning issue. Please run `maui provision check` to verify.
11-19 17:09:09.308 E/DeviceCertService(  545): See https://fburl.com/wiki/a9hho0p9 for more information.
11-19 17:09:09.308 E/DeviceCertService(  545): Could not access certificate file '/mnt/vendor/persist/certificates/device_identityinsecure.crt', error 2: No such file or directory
11-19 17:09:09.308 W/resolv  (  462): SSL_connect ssl error =5, mark 0xf0068: Connection refused
11-19 17:09:09.308 E/DeviceAuthenticator( 4216): ERROR: java.lang.RuntimeException: devicecert returned error FILESYSTEM_ERROR
11-19 17:09:09.308 E/DeviceAuthenticator( 4216): 
11-19 17:09:09.308 E/DeviceAuthenticator( 4216): com.facebook.mos.sdk.devicecert.DeviceIdentityException: java.lang.RuntimeException: devicecert returned error FILESYSTEM_ERROR
11-19 17:09:09.308 E/DeviceAuthenticator( 4216): 
11-19 17:09:09.311 W/resolv  (  462): Validation failed
11-19 17:09:09.317 D/WifiConnector( 2870): Configured Networks Changed
11-19 17:09:09.319 E/QMI_FW  (  915): qmi_cci_get_ref: ref count increased 2
11-19 17:09:09.322 E/QMI_FW  (  915): qmi_cci_get_ref: ref count increased 2
11-19 17:09:09.331 E/QMI_FW  ( 1042): qmi_cci_get_ref: ref count increased 2
11-19 17:09:09.332 E/QMI_FW  ( 1042): qmi_cci_get_ref: ref count increased 2
11-19 17:09:09.338 E/QMI_FW  ( 1042): qmi_cci_get_ref: ref count increased 2
11-19 17:09:09.340 E/QMI_FW  ( 1042): qmi_cci_get_ref: ref count increased 2
11-19 17:09:09.356 D/PhoneInterfaceManager( 1984): setModemActivityInfo
11-19 17:09:09.356 D/FbSideCarManager( 1984): setModemActivityInfo
11-19 17:09:09.358 E/QMI_FW  ( 1042): qmi_cci_get_ref: ref count increased 2
11-19 17:09:09.356 D/FbSideCarManager( 1984): setModemActivityInfo
11-19 17:09:09.364 D/WirelessInsightServiceImpl( 1984): setModemActivityInfo
11-19 17:09:09.364 D/FbSideCarManager( 1984): setModemActivityInfoInternal success
11-19 17:09:09.364 D/PhoneInterfaceManager( 1984): setModemActivityInfo: success.
11-19 17:09:09.364 D/WirelessInsightServiceImpl( 1984): notifyListeners: listeners = 0, modemActivityInfo = ModemActivityInfo{ mTimestamp=4837067 mSleepTimeMs=4417614 mIdleTimeMs=31552 mTransmitPowerInfo[]=[TransmitPower{ mTimeInMillis=0 mPowerRangeInDbm={-2147483648,0}}, TransmitPower{ mTimeInMillis=9606 mPowerRangeInDbm={0,5}}, TransmitPower{ mTimeInMillis=1376 mPowerRangeInDbm={5,15}}, TransmitPower{ mTimeInMillis=139 mPowerRangeInDbm={15,20}}, TransmitPower{ mTimeInMillis=6832 mPowerRangeInDbm={20,2147483647}}] mRxTimeMs=334926}
11-19 17:09:09.396 E/QMI_FW  ( 1042): qmi_cci_get_ref: ref count increased 2
11-19 17:09:09.411 I/chatty  ( 1042): uid=1001(radio) main identical 6 lines
11-19 17:09:09.414 E/QMI_FW  ( 1042): qmi_cci_get_ref: ref count increased 2
11-19 17:09:09.417 E/QMI_FW  ( 1042): qmi_cci_get_ref: ref count increased 2
11-19 17:09:10.040 I/Nat464Xlat( 1186): Android Xlat is disabled
11-19 17:09:09.431 I/chatty  ( 1042): uid=1001(radio) main identical 6 lines
11-19 17:09:09.434 E/QMI_FW  ( 1042): qmi_cci_get_ref: ref count increased 2
11-19 17:09:10.042 D/QCNEJ/WlanStaInfoRelay( 1907): Received action: android.net.wifi.LINK_CONFIGURATION_CHANGED
11-19 17:09:10.042 E/QCNEJ/WlanStaInfoRelay( 1907): update link properties given null lp
11-19 17:09:10.120 D/QCNEJ/NativeHalConnector( 1907): -> SND notifyWifiAvailable(v4Connected = truev6Connected = , false, isAndroidValidated = true)
11-19 17:09:10.216 I/mcucapture( 1400): 4800592 [info   ] {gst }: 0 WRIST_TILT, 0 WRIST_DOWN gestures were triggered since last update
11-19 17:09:10.471 W/HWComposer(  598): Ignoring duplicate VSYNC event from HWC for display 0 (t=4838196906434)
11-19 17:09:10.488 W/HWComposer(  598): Ignoring duplicate VSYNC event from HWC for display 0 (t=4838213765236)
11-19 17:09:10.041 I/Nat464Xlat( 1186): Android Xlat is disabled
11-19 17:09:11.257 D/commandrouter( 1006): rtc_sync (1, rtc:sync): <ServiceRequest> FORWARDED (remote -> local) service client ID = 0, token ID = 33247
11-19 17:09:11.257 D/vendor.facebook.rtc_sync@1.0-service( 1145): Request req_ts=1637341751250936709 resp_ts=1637341751257854882
11-19 17:09:11.258 D/commandrouter( 1006): SocServiceHandle::onServiceMessage, SoC Service = rtc_sync, appType = 1, type = SVC_RESP, clientId = 0, token = 33247, payloadLen = 8, result = 0, payload.size() = 8
11-19 17:09:11.560 D/QCNEJ/WlanStaInfoRelay( 1907): Received action: android.net.wifi.RSSI_CHANGED
11-19 17:09:11.565 D/WearableConnectivityManager( 2594): onWifiStrengthChange: -39
11-19 17:09:11.570 V/LigerRadioStatsReporter( 2357): onCapabilitiesChanged: Network capabilities changed
11-19 17:09:11.570 V/LigerRadioStatsReporter( 2357): reportAndCheckpointRadioStats
11-19 17:09:11.570 D/NetworkManager( 5624): ConnectivityManager.NetworkCallback#onCapabilitiesChanged()
11-19 17:09:11.571 D/NetworkManager( 5624): connected: true
11-19 17:09:11.571 V/LigerRadioStatsReporter( 2357): +++++++++++ RADIO STATS DUMP +++++++++++
11-19 17:09:11.571 V/LigerRadioStatsReporter( 2357): totalActiveRadioTimeMs=0
11-19 17:09:11.571 V/LigerRadioStatsReporter( 2357): totalTailRadioTimeMs=13995
11-19 17:09:11.571 V/LigerRadioStatsReporter( 2357): totalWakeupCount=0
11-19 17:09:11.571 V/LigerRadioStatsReporter( 2357): httpUpBytes=0
11-19 17:09:11.571 V/LigerRadioStatsReporter( 5665): onCapabilitiesChanged: Network capabilities changed
11-19 17:09:11.571 V/LigerRadioStatsReporter( 2357): httpDownBytes=0
11-19 17:09:11.571 V/LigerRadioStatsReporter( 2357): httpWakeupCount=0
11-19 17:09:11.571 V/LigerRadioStatsReporter( 5665): reportAndCheckpointRadioStats
11-19 17:09:11.571 V/LigerRadioStatsReporter( 2357): httpRequestCount=0
11-19 17:09:11.571 V/LigerRadioStatsReporter( 2357): httpActiveRadioTimeMs=0
11-19 17:09:11.571 V/LigerRadioStatsReporter( 2357): httpTailRadioTimeMs=13995
11-19 17:09:11.571 V/LigerRadioStatsReporter( 2357): reportAndCheckpointRadioStats: Tx=0
11-19 17:09:11.572 V/LigerRadioStatsReporter( 2357): reportAndCheckpointRadioStats: Rx=0
11-19 17:09:11.572 V/LigerRadioStatsReporter( 2357): reportAndCheckpointRadioStats: Uids=10027
11-19 17:09:11.572 V/LigerRadioStatsReporter( 2357): reportAndCheckpointRadioStats: Tags=null
11-19 17:09:11.572 V/LigerRadioStatsReporter( 5665): +++++++++++ RADIO STATS DUMP +++++++++++
11-19 17:09:11.572 V/LigerRadioStatsReporter( 5665): totalActiveRadioTimeMs=0
11-19 17:09:11.572 V/LigerRadioStatsReporter( 5665): totalTailRadioTimeMs=13998
11-19 17:09:11.572 V/LigerRadioStatsReporter( 5665): totalWakeupCount=0
11-19 17:09:11.572 V/LigerRadioStatsReporter( 5665): httpUpBytes=0
11-19 17:09:11.572 V/LigerRadioStatsReporter( 5665): httpDownBytes=0
11-19 17:09:11.573 V/LigerRadioStatsReporter( 5665): httpWakeupCount=0
11-19 17:09:11.573 V/LigerRadioStatsReporter( 5665): httpRequestCount=0
11-19 17:09:11.573 V/LigerRadioStatsReporter( 5665): httpActiveRadioTimeMs=0
11-19 17:09:11.573 V/LigerRadioStatsReporter( 5665): httpTailRadioTimeMs=13998
11-19 17:09:11.573 V/LigerRadioStatsReporter( 5665): reportAndCheckpointRadioStats: Tx=0
11-19 17:09:11.573 V/LigerRadioStatsReporter( 5665): reportAndCheckpointRadioStats: Rx=0
11-19 17:09:11.573 V/LigerRadioStatsReporter( 5665): reportAndCheckpointRadioStats: Uids=10067
11-19 17:09:11.573 V/LigerRadioStatsReporter( 5665): reportAndCheckpointRadioStats: Tags=null
11-19 17:09:11.575 D/NetworkManager( 5665): ConnectivityManager.NetworkCallback#onCapabilitiesChanged()
11-19 17:09:11.575 D/NetworkManager( 5665): connected: true
11-19 17:09:13.022 E/QMI_FW  ( 1042): qmi_cci_get_ref: ref count increased 2
11-19 17:09:13.023 E/QMI_FW  ( 1042): qmi_cci_get_ref: ref count increased 2
11-19 17:09:13.034 I/WearableConnectivityManager( 2594): LTE Signal strength is: 2
11-19 17:09:13.034 I/WearableConnectivityManager( 2594): Cellular Signal strength is: 2
11-19 17:09:13.035 D/RadioLinkQualityScoreBuilder( 1984): scoreRsrp: 3scoreRsrq: 1scoreRssnr: 3
11-19 17:09:13.036 D/WirelessInsightServiceImpl( 1984): onSignalStrengthsChanged: SignalStrength = SignalStrength:{mCdma=CellSignalStrengthCdma: cdmaDbm=2147483647 cdmaEcio=2147483647 evdoDbm=2147483647 evdoEcio=2147483647 evdoSnr=2147483647 level=0,mGsm=CellSignalStrengthGsm: rssi=2147483647 ber=2147483647 mTa=2147483647 mLevel=0,mWcdma=CellSignalStrengthWcdma: ss=2147483647 ber=2147483647 rscp=2147483647 ecno=2147483647 level=0,mTdscdma=CellSignalStrengthTdscdma: rssi=2147483647 ber=2147483647 rscp=2147483647 level=0,mLte=CellSignalStrengthLte: rssi=-75 rsrp=-111 rsrq=-16 rssnr=5 cqi=2147483647 ta=2147483647 level=2 parametersUseForLevel=0,mNr=CellSignalStrengthNr:{ csiRsrp = 2147483647 csiRsrq = 2147483647 csiSinr = 2147483647 ssRsrp = 2147483647 ssRsrq = 2147483647 ssSinr = 2147483647 level = 0 parametersUseForLevel = 0 },primary=CellSignalStrengthLte}
11-19 17:09:13.036 D/WirelessInsightServiceImpl( 1984): Score: 1
11-19 17:09:13.036 D/WirelessInsightServiceImpl( 1984): notifyListeners: listeners = 0, score = 1
11-19 17:09:14.305 I/UsageStatsService( 1186): User[0] Flushing usage stats to disk
11-19 17:09:15.317 E/QMI_FW  ( 1042): qmi_cci_get_ref: ref count increased 2
11-19 17:09:15.317 E/QMI_FW  ( 1042): qmi_cci_get_ref: ref count increased 2
11-19 17:09:15.318 E/QMI_FW  ( 1042): qmi_cci_get_ref: ref count increased 2
11-19 17:09:19.988 E/QMI_FW  ( 1042): qmi_cci_get_ref: ref count increased 2
11-19 17:09:19.990 E/QMI_FW  ( 1042): qmi_cci_get_ref: ref count increased 2
11-19 17:09:20.001 I/WearableConnectivityManager( 2594): LTE Signal strength is: 2
11-19 17:09:20.001 I/WearableConnectivityManager( 2594): Cellular Signal strength is: 2
11-19 17:09:20.002 D/RadioLinkQualityScoreBuilder( 1984): scoreRsrp: 3scoreRsrq: 3scoreRssnr: 3
11-19 17:09:20.003 D/WirelessInsightServiceImpl( 1984): onSignalStrengthsChanged: SignalStrength = SignalStrength:{mCdma=CellSignalStrengthCdma: cdmaDbm=2147483647 cdmaEcio=2147483647 evdoDbm=2147483647 evdoEcio=2147483647 evdoSnr=2147483647 level=0,mGsm=CellSignalStrengthGsm: rssi=2147483647 ber=2147483647 mTa=2147483647 mLevel=0,mWcdma=CellSignalStrengthWcdma: ss=2147483647 ber=2147483647 rscp=2147483647 ecno=2147483647 level=0,mTdscdma=CellSignalStrengthTdscdma: rssi=2147483647 ber=2147483647 rscp=2147483647 level=0,mLte=CellSignalStrengthLte: rssi=-79 rsrp=-112 rsrq=-13 rssnr=7 cqi=2147483647 ta=2147483647 level=2 parametersUseForLevel=0,mNr=CellSignalStrengthNr:{ csiRsrp = 2147483647 csiRsrq = 2147483647 csiSinr = 2147483647 ssRsrp = 2147483647 ssRsrq = 2147483647 ssSinr = 2147483647 level = 0 parametersUseForLevel = 0 },primary=CellSignalStrengthLte}
11-19 17:09:20.003 D/WirelessInsightServiceImpl( 1984): Score: 3
11-19 17:09:20.003 D/WirelessInsightServiceImpl( 1984): notifyListeners: listeners = 0, score = 3
11-19 17:09:21.255 D/commandrouter( 1006): rtc_sync (1, rtc:sync): <ServiceRequest> FORWARDED (remote -> local) service client ID = 0, token ID = 33248
11-19 17:09:21.255 D/vendor.facebook.rtc_sync@1.0-service( 1145): Request req_ts=1637341761251854882 resp_ts=1637341761255347847
11-19 17:09:21.255 D/commandrouter( 1006): SocServiceHandle::onServiceMessage, SoC Service = rtc_sync, appType = 1, type = SVC_RESP, clientId = 0, token = 33248, payloadLen = 8, result = 0, payload.size() = 8
11-19 17:09:22.617 D/AppStorageManager( 1186): BEFORE:: Previous Size: 1062531072 Current Size: 1062289408
11-19 17:09:22.617 D/AppStorageManager( 1186): AFTER:: Previous Size: 1062289408 Current Size: 1062289408
11-19 17:09:26.832 I/chatty  ( 1186): uid=1000(system) WifiScanningSer expire 2 lines
11-19 17:09:26.835 I/chatty  ( 1026): uid=1021(gps) lowi-server expire 222 lines
11-19 17:09:26.836 V/WifiHAL (  544): event received NL80211_CMD_TRIGGER_SCAN
11-19 17:09:26.987 V/WifiHAL (  544): event received NL80211_CMD_NEW_SCAN_RESULTS
11-19 17:09:26.987 I/chatty  ( 1186): uid=1000(system) Binder:1186_B expire 3 lines
11-19 17:09:27.681 E/QMI_FW  ( 1042): qmi_cci_get_ref: ref count increased 2
11-19 17:09:27.683 E/QMI_FW  ( 1042): qmi_cci_get_ref: ref count increased 2
11-19 17:09:27.694 I/WearableConnectivityManager( 2594): LTE Signal strength is: 2
11-19 17:09:27.694 I/WearableConnectivityManager( 2594): Cellular Signal strength is: 2
11-19 17:09:27.696 D/RadioLinkQualityScoreBuilder( 1984): scoreRsrp: 3scoreRsrq: 2scoreRssnr: 4
11-19 17:09:27.696 D/WirelessInsightServiceImpl( 1984): onSignalStrengthsChanged: SignalStrength = SignalStrength:{mCdma=CellSignalStrengthCdma: cdmaDbm=2147483647 cdmaEcio=2147483647 evdoDbm=2147483647 evdoEcio=2147483647 evdoSnr=2147483647 level=0,mGsm=CellSignalStrengthGsm: rssi=2147483647 ber=2147483647 mTa=2147483647 mLevel=0,mWcdma=CellSignalStrengthWcdma: ss=2147483647 ber=2147483647 rscp=2147483647 ecno=2147483647 level=0,mTdscdma=CellSignalStrengthTdscdma: rssi=2147483647 ber=2147483647 rscp=2147483647 level=0,mLte=CellSignalStrengthLte: rssi=-79 rsrp=-112 rsrq=-14 rssnr=11 cqi=2147483647 ta=2147483647 level=2 parametersUseForLevel=0,mNr=CellSignalStrengthNr:{ csiRsrp = 2147483647 csiRsrq = 2147483647 csiSinr = 2147483647 ssRsrp = 2147483647 ssRsrq = 2147483647 ssSinr = 2147483647 level = 0 parametersUseForLevel = 0 },primary=CellSignalStrengthLte}
11-19 17:09:27.696 D/WirelessInsightServiceImpl( 1984): Score: 2
11-19 17:09:27.696 D/WirelessInsightServiceImpl( 1984): notifyListeners: listeners = 0, score = 2
11-19 17:09:28.186 D/UIAutomatorStub( 5940): URI: /jsonrpc/0, Method: POST, Header: {content-length=102, remote-addr=127.0.0.1, http-client-ip=127.0.0.1, host=localhost:9012, content-type=application/json, accept-encoding=identity}, params, {NanoHttpd.QUERY_STRING=null}, files: {postData={"jsonrpc": "2.0", "method": "pressKey", "id": "0af95957c0962a850d2a62ad858123ea", "params": ["back"]}}
11-19 17:09:28.208 D/AutofillManagerService( 1186): onBackKeyPressed()
11-19 17:09:28.241 D/UIAutomatorStub( 5940): URI: /jsonrpc/0, Method: POST, Header: {content-length=102, remote-addr=127.0.0.1, http-client-ip=127.0.0.1, host=localhost:9012, content-type=application/json, accept-encoding=identity}, params, {NanoHttpd.QUERY_STRING=null}, files: {postData={"jsonrpc": "2.0", "method": "pressKey", "id": "82553199ea8ae517a119dce18e1969cf", "params": ["back"]}}
11-19 17:09:28.812 D/UIAutomatorStub( 5940): URI: /jsonrpc/0, Method: POST, Header: {content-length=102, remote-addr=127.0.0.1, http-client-ip=127.0.0.1, host=localhost:9012, content-type=application/json, accept-encoding=identity}, params, {NanoHttpd.QUERY_STRING=null}, files: {postData={"jsonrpc": "2.0", "method": "pressKey", "id": "95e27377c230e445f4116040e2627b1a", "params": ["back"]}}
11-19 17:09:29.311 I/chatty  ( 1186): uid=1000 system_server expire 1 line
11-19 17:09:29.332 D/ComplicationController( 2594): Starting complication controller. Face Type: OdysseyWatchFace
11-19 17:09:29.334 E/DayDateSystemComplicationProvider( 2594): Updating Day Date System Complication
11-19 17:09:29.334 D/ComplicationDataManagerImpl( 2594): Updating complication data for package: com.facebook.wearable.apps.calendar, id: com.facebook.wearable.apps.calendar.DAY_DATE_COMPLICATION
11-19 17:09:29.334 D/ComplicationDataManagerImpl( 2594): Updating complication data for package: com.facebook.wearable.apps.workout, id: com.facebook.wearable.apps.workout.SHORTCUT_COMPLICATION
11-19 17:09:29.334 D/ComplicationDataManagerImpl( 2594): Updating complication data for package: com.facebook.wearable.apps.clock, id: com.facebook.wearable.apps.clock.SHORTCUT_COMPLICATION
11-19 17:09:29.334 D/ComplicationDataManagerImpl( 2594): Updating complication data for package: com.facebook.wearable.apps.player, id: com.facebook.wearable.apps.player.SHORTCUT_COMPLICATION
11-19 17:09:29.334 D/ComplicationDataManagerImpl( 2594): Updating complication data for package: com.facebook.wearable.apps.weather, id: com.facebook.wearable.apps.weather.SHORTCUT_COMPLICATION
11-19 17:09:29.334 D/ComplicationDataManagerImpl( 2594): Updating complication data for package: com.facebook.wearable.apps.gallery, id: com.facebook.wearable.apps.gallery.SHORTCUT_COMPLICATION
11-19 17:09:29.334 D/ComplicationDataManagerImpl( 2594): Updating complication data for package: com.facebook.wearable.apps.calendar, id: com.facebook.wearable.apps.calendar.SHORTCUT_COMPLICATION
11-19 17:09:29.335 D/ComplicationDataManagerImpl( 2594): Updating complication data for package: com.facebook.wearable.apps.heart, id: com.facebook.wearable.apps.heart.HEART_RATE
11-19 17:09:29.339 D/ComplicationDataManagerImpl( 2594): Fetching complication data for package: com.facebook.wearable.apps.calendar, com.facebook.wearable.apps.calendar.DAY_DATE_COMPLICATION.
11-19 17:09:29.339 D/ComplicationDataManagerImpl( 2594): Fetching complication data for package: com.facebook.wearable.apps.player, com.facebook.wearable.apps.player.SHORTCUT_COMPLICATION.
11-19 17:09:29.340 D/ComplicationDataManagerImpl( 2594): Fetching complication data for package: com.facebook.wearable.apps.gallery, com.facebook.wearable.apps.gallery.SHORTCUT_COMPLICATION.
11-19 17:09:29.341 D/ComplicationDataManagerImpl( 2594): Fetching complication data for package: com.facebook.wearable.apps.heart, com.facebook.wearable.apps.heart.HEART_RATE.
11-19 17:09:29.349 D/LauncherActivity( 2594): onResume: Intent { cat=[android.intent.category.DEFAULT] flg=0x10020000 cmp=com.facebook.wearable.system.launcher/.LauncherActivity }
11-19 17:09:29.350 D/LauncherIntentProcessor( 2594): processLauncherActivityIntent: Intent { cat=[android.intent.category.DEFAULT] flg=0x10020000 cmp=com.facebook.wearable.system.launcher/.LauncherActivity }
11-19 17:09:29.363 D/TetheredPhoneUtil( 2594): Retrieving the tethered phone status
11-19 17:09:29.365 D/TetheredPhoneUtil( 2594): Found tethered phone status: false
11-19 17:09:29.380 D/FacebookRepository( 2594): Reading from Store [250223709649332]
11-19 17:09:29.405 I/chatty  ( 1186): uid=1000(system) ActivityManager expire 12 lines
11-19 17:09:29.423 D/UIAutomatorStub( 5940): URI: /jsonrpc/0, Method: POST, Header: {content-length=102, remote-addr=127.0.0.1, http-client-ip=127.0.0.1, host=localhost:9012, content-type=application/json, accept-encoding=identity}, params, {NanoHttpd.QUERY_STRING=null}, files: {postData={"jsonrpc": "2.0", "method": "pressKey", "id": "7c0cdede08926e49dda5753c81d86e73", "params": ["back"]}}
11-19 17:09:30.584 D/LauncherActivity( 2594): onKeyUp() called with keycode:4, event: KeyEvent { action=ACTION_UP, keyCode=KEYCODE_BACK, scanCode=0, metaState=0, flags=0x200, repeatCount=0, eventTime=4858290, downTime=4858290, deviceId=-1, source=0x101, displayId=-1 }
11-19 17:09:31.075 W/HWComposer(  598): Ignoring duplicate VSYNC event from HWC for display 0 (t=4858801192520)
11-19 17:09:31.126 W/HWComposer(  598): Ignoring duplicate VSYNC event from HWC for display 0 (t=4858851769134)
11-19 17:09:29.267 I/chatty  ( 1186): uid=1000(system) android.ui identical 2 lines
11-19 17:09:30.584 D/AutofillManagerService( 1186): onBackKeyPressed()
11-19 17:09:31.171 W/ActivityManager( 1186): Invalid packageName: com.facebook.wearable.system.settings/com.facebook.wearable.system.settings.SettingsActivity
11-19 17:09:31.173 I/cmd     ( 8282): oneway function results will be dropped but finished with status OK and parcel size 4
11-19 17:09:31.250 D/commandrouter( 1006): rtc_sync (1, rtc:sync): <ServiceRequest> FORWARDED (remote -> local) service client ID = 0, token ID = 33249
11-19 17:09:31.251 D/vendor.facebook.rtc_sync@1.0-service( 1145): Request req_ts=1637341771248347847 resp_ts=1637341771251222218
11-19 17:09:31.251 D/commandrouter( 1006): SocServiceHandle::onServiceMessage, SoC Service = rtc_sync, appType = 1, type = SVC_RESP, clientId = 0, token = 33249, payloadLen = 8, result = 0, payload.size() = 8
11-19 17:09:31.292 I/ActivityTaskManager( 1186): START u0 {flg=0x10000000 cmp=com.facebook.wearable.system.settings/.SettingsActivity} from uid 0
11-19 17:09:31.295 E/ANDR-PERF-OPTSHANDLER(  552): Perflock resource /proc/sys/kernel/sched_group_downmigrate not supported
11-19 17:09:31.296 E/ANDR-PERF-RESOURCEQS(  552): Failed to apply optimization [3, 22]
11-19 17:09:31.296 E/ANDR-PERF-OPTSHANDLER(  552): Perflock resource /proc/sys/kernel/sched_group_upmigrate not supported
11-19 17:09:31.296 E/ANDR-PERF-RESOURCEQS(  552): Failed to apply optimization [3, 21]
11-19 17:09:31.296 E/ANDR-PERF-OPTSHANDLER(  552): Perflock resource /sys/module/lpm_levels/parameters/bias_hyst not supported
11-19 17:09:31.296 E/ANDR-PERF-RESOURCEQS(  552): Failed to apply optimization [1, 2]
11-19 17:09:31.296 E/ANDR-PERF-OPTSHANDLER(  552): Failed to read /proc/sys/kernel/sched_downmigrate
11-19 17:09:31.296 E/ANDR-PERF-RESOURCEQS(  552): Failed to apply optimization [3, 8]
11-19 17:09:31.296 E/ANDR-PERF-OPTSHANDLER(  552): Failed to read /proc/sys/kernel/sched_upmigrate
11-19 17:09:31.296 E/ANDR-PERF-RESOURCEQS(  552): Failed to apply optimization [3, 7]
11-19 17:09:31.303 I/chatty  ( 1186): uid=1000(system) Binder:1186_1B expire 10 lines
11-19 17:09:31.308 I/ActivityTaskManager( 1186): The Process com.facebook.wearable.system.settings Already Exists in BG. So sending its PID: 2711
11-19 17:09:31.308 W/ActivityTaskManager( 1186): Tried to set launchTime (0) < mLastActivityLaunchTime (4828008)
11-19 17:09:31.322 I/cmd     ( 8287): oneway function results will be dropped but finished with status OK and parcel size 4
11-19 17:09:31.356 D/LauncherActivity( 2594): onPause
11-19 17:09:31.370 I/chatty  ( 1186): uid=1000(system) ActivityManager expire 9 lines
11-19 17:09:31.397 D/FacebookProvider( 2753): Starting SSO Network Fetch for 263529928325379
11-19 17:09:31.402 I/AccountsContentProvider( 2753): No Primary Account. Accounts Error [content://com.facebook.wearable.system.accounts.AccountsContentProvider/facebook/263529928325379]
11-19 17:09:31.403 D/TetheredPhoneUtil( 2594): Retrieving the tethered phone status
11-19 17:09:31.403 E/DatabaseUtils( 2753): Writing exception to parcel
11-19 17:09:31.403 E/DatabaseUtils( 2753): java.lang.IllegalStateException: No Primary Account
11-19 17:09:31.403 E/DatabaseUtils( 2753): 	at com.facebook.secure.content.AbstractContentProvider.doQuery(:284)
11-19 17:09:31.403 E/DatabaseUtils( 2753): 	at com.facebook.secure.content.AbstractContentProvider.query(:8)
11-19 17:09:31.403 E/DatabaseUtils( 2753): 	at android.content.ContentProvider.query(ContentProvider.java:1474)
11-19 17:09:31.403 E/DatabaseUtils( 2753): 	at android.content.ContentProvider$Transport.query(ContentProvider.java:278)
11-19 17:09:31.403 E/DatabaseUtils( 2753): 	at android.content.ContentProviderNative.onTransact(ContentProviderNative.java:106)
11-19 17:09:31.403 E/DatabaseUtils( 2753): 	at android.os.Binder.execTransactInternal(Binder.java:1154)
11-19 17:09:31.403 E/DatabaseUtils( 2753): 	at android.os.Binder.execTransact(Binder.java:1123)
11-19 17:09:31.405 E/AccountsViewModel( 2711): AccountsViewModel.flow failed: No Primary Account
11-19 17:09:31.405 E/AccountsViewModel( 2711): java.lang.IllegalStateException: No Primary Account
11-19 17:09:31.405 E/AccountsViewModel( 2711): 	at android.os.Parcel.createExceptionOrNull(Parcel.java:2381)
11-19 17:09:31.405 E/AccountsViewModel( 2711): 	at android.os.Parcel.createException(Parcel.java:2357)
11-19 17:09:31.405 E/AccountsViewModel( 2711): 	at android.os.Parcel.readException(Parcel.java:2340)
11-19 17:09:31.405 E/AccountsViewModel( 2711): 	at android.database.DatabaseUtils.readExceptionFromParcel(DatabaseUtils.java:190)
11-19 17:09:31.405 E/AccountsViewModel( 2711): 	at android.database.DatabaseUtils.readExceptionFromParcel(DatabaseUtils.java:142)
11-19 17:09:31.405 E/AccountsViewModel( 2711): 	at android.content.ContentProviderProxy.query(ContentProviderNative.java:472)
11-19 17:09:31.405 E/AccountsViewModel( 2711): 	at android.content.ContentResolver.query(ContentResolver.java:1185)
11-19 17:09:31.405 E/AccountsViewModel( 2711): 	at android.content.ContentResolver.query(ContentResolver.java:1116)
11-19 17:09:31.405 E/AccountsViewModel( 2711): 	at com.facebook.wearable.common.accounts.contract.WearableAccountsContractRequest.query(:51)
11-19 17:09:31.405 E/AccountsViewModel( 2711): 	at kotlin.coroutines.jvm.internal.BaseContinuationImpl.invokeSuspend(:95489)
11-19 17:09:31.405 E/AccountsViewModel( 2711): 	at com.facebook.wearable.common.accounts.WearableAccountsKt$fb$1.invoke(:9)
11-19 17:09:31.405 E/AccountsViewModel( 2711): 	at com.facebook.wearable.common.coroutines.lazy.LazyAsync.get(:101)
11-19 17:09:31.405 E/AccountsViewModel( 2711): 	at kotlin.coroutines.jvm.internal.BaseContinuationImpl.invokeSuspend(:96596)
11-19 17:09:31.405 E/AccountsViewModel( 2711): 	at com.facebook.wearable.system.settings.accounts.AccountsViewModel$wearableAccountFlow$1.invoke(:11)
11-19 17:09:31.405 E/AccountsViewModel( 2711): 	at kotlinx.coroutines.flow.AbstractFlow.collect$rvp0$0(:72)
11-19 17:09:31.405 E/AccountsViewModel( 2711): 	at kotlin.coroutines.jvm.internal.BaseContinuationImpl.invokeSuspend(:95417)
11-19 17:09:31.405 E/AccountsViewModel( 2711): 	at kotlinx.coroutines.flow.FlowKt__ShareKt$launchSharing$1$2.invoke(Unknown Source:10)
11-19 17:09:31.405 E/AccountsViewModel( 2711): 	at kotlin.coroutines.jvm.internal.BaseContinuationImpl.invokeSuspend(:96715)
11-19 17:09:31.405 E/AccountsViewModel( 2711): 	at kotlinx.coroutines.flow.FlowKt__MergeKt$mapLatest$1.invoke(Unknown Source:15)
11-19 17:09:31.405 E/AccountsViewModel( 2711): 	at kotlin.coroutines.jvm.internal.BaseContinuationImpl.invokeSuspend(:96820)
11-19 17:09:31.405 E/AccountsViewModel( 2711): 	at kotlinx.coroutines.flow.internal.ChannelFlowTransformLatest$flowCollect$3$1$2.invoke(Unknown Source:10)
11-19 17:09:31.405 E/AccountsViewModel( 2711): 	at kotlinx.coroutines.CoroutineStart.invoke(:32)
11-19 17:09:31.405 E/AccountsViewModel( 2711): 	at kotlinx.coroutines.BuildersKt__Builders_commonKt.launch(:15)
11-19 17:09:31.405 E/AccountsViewModel( 2711): 	at kotlinx.coroutines.flow.internal.ChannelFlowTransformLatest$flowCollect$3$invokeSuspend$$inlined$collect$1.emit(:56)
11-19 17:09:31.405 E/AccountsViewModel( 2711): 	at kotlinx.coroutines.flow.DistinctFlowImpl$collect$$inlined$collect$1.emit(:74)
11-19 17:09:31.405 E/AccountsViewModel( 2711): 	at kotlinx.coroutines.flow.FlowKt__LimitKt$dropWhile$lambda-4$$inlined$collect$1.emit(:114)
11-19 17:09:31.405 E/AccountsViewModel( 2711): 	at kotlinx.coroutines.flow.FlowKt__ChannelsKt.emitAllImpl$FlowKt__ChannelsKt(:123)
11-19 17:09:31.405 E/AccountsViewModel( 2711): 	at kotlin.coroutines.jvm.internal.BaseContinuationImpl.invokeSuspend(:96917)
11-19 17:09:31.405 E/AccountsViewModel( 2711): 	at kotlin.coroutines.jvm.internal.BaseContinuationImpl.resumeWith(:5)
11-19 17:09:31.405 E/AccountsViewModel( 2711): 	at kotlinx.coroutines.DispatchedTask.run(:131)
11-19 17:09:31.405 E/AccountsViewModel( 2711): 	at java.util.concurrent.Executors$RunnableAdapter.call(Executors.java:462)
11-19 17:09:31.405 E/AccountsViewModel( 2711): 	at java.util.concurrent.FutureTask.run(FutureTask.java:266)
11-19 17:09:31.405 E/AccountsViewModel( 2711): 	at com.facebook.wearable.common.executors.DelayedFutureTask.run(:22)
11-19 17:09:31.405 E/AccountsViewModel( 2711): 	at java.util.concurrent.ThreadPoolExecutor.runWorker(ThreadPoolExecutor.java:1167)
11-19 17:09:31.405 E/AccountsViewModel( 2711): 	at java.util.concurrent.ThreadPoolExecutor$Worker.run(ThreadPoolExecutor.java:641)
11-19 17:09:31.405 E/AccountsViewModel( 2711): 	at com.facebook.wearable.common.executors.NamedThreadFactory$1.run(:7)
11-19 17:09:31.405 D/TetheredPhoneUtil( 2594): Found tethered phone status: false
11-19 17:09:31.446 E/StatusBarClientConnection( 2711): Service connected
11-19 17:09:31.465 W/View    ( 2711): requestLayout() improperly called by android.view.View{738ccb4 V.ED..... ......I. 0,368-474,474} during layout: running second layout pass
11-19 17:09:31.482 W/View    ( 2711): requestLayout() improperly called by com.facebook.wearable.common.wds.listview.WdsListView{9c9b338 V.E..V... ........ 0,0-474,474} during second layout pass: posting in next frame
11-19 17:09:31.794 D/ComplicationController( 2594): Stopping complication controller.
11-19 17:09:31.799 D/ComplicationDataManagerImpl( 2594): Fetching complication data for package: com.facebook.wearable.apps.calendar, com.facebook.wearable.apps.calendar.DAY_DATE_COMPLICATION.
11-19 17:09:31.800 D/ComplicationDataManagerImpl( 2594): Fetching complication data for package: com.facebook.wearable.apps.player, com.facebook.wearable.apps.player.SHORTCUT_COMPLICATION.
11-19 17:09:31.800 D/ComplicationDataManagerImpl( 2594): Fetching complication data for package: com.facebook.wearable.apps.gallery, com.facebook.wearable.apps.gallery.SHORTCUT_COMPLICATION.
11-19 17:09:31.800 D/ComplicationDataManagerImpl( 2594): Fetching complication data for package: com.facebook.wearable.apps.heart, com.facebook.wearable.apps.heart.HEART_RATE.
11-19 17:09:32.358 D/UIAutomatorStub( 5940): URI: /jsonrpc/0, Method: POST, Header: {content-length=192, remote-addr=127.0.0.1, http-client-ip=127.0.0.1, host=localhost:9012, content-type=application/json, accept-encoding=identity}, params, {NanoHttpd.QUERY_STRING=null}, files: {postData={"jsonrpc": "2.0", "method": "waitForExists", "id": "abed6648df6fa8bc2ac4972702221cc2", "params": [{"mask": 1, "childOrSibling": [], "childOrSiblingSelector": [], "text": "Notifications"}, 5]}}
11-19 17:09:32.377 D/UIAutomatorStub( 5940): URI: /jsonrpc/0, Method: POST, Header: {content-length=191, remote-addr=127.0.0.1, http-client-ip=127.0.0.1, host=localhost:9012, content-type=application/json, accept-encoding=identity}, params, {NanoHttpd.QUERY_STRING=null}, files: {postData={"jsonrpc": "2.0", "method": "waitForExists", "id": "2979095e9df5bfc0fee93ffc7da1597c", "params": [{"mask": 1, "childOrSibling": [], "childOrSiblingSelector": [], "text": "Connectivity"}, 5]}}
11-19 17:09:32.431 D/UIAutomatorStub( 5940): URI: /jsonrpc/0, Method: POST, Header: {content-length=180, remote-addr=127.0.0.1, http-client-ip=127.0.0.1, host=localhost:9012, content-type=application/json, accept-encoding=identity}, params, {NanoHttpd.QUERY_STRING=null}, files: {postData={"jsonrpc": "2.0", "method": "click", "id": "7b2875caaf63a5fe74f056049ba258e1", "params": [{"mask": 1, "childOrSibling": [], "childOrSiblingSelector": [], "text": "Connectivity"}]}}
11-19 17:09:32.499 W/StatusBarClientConnection( 2711): Messenger is null, ignoring message: { when=-1h21m0s224ms barrier=1 }
11-19 17:09:32.521 E/StatusBarClientConnection( 2711): Service connected
11-19 17:09:32.544 W/View    ( 2711): requestLayout() improperly called by android.view.View{e78035b V.ED..... ......I. 0,368-474,474} during layout: running second layout pass
11-19 17:09:32.562 W/View    ( 2711): requestLayout() improperly called by com.facebook.wearable.common.wds.listview.WdsListView{ccbe629 V.E..V... ........ 0,0-474,474} during second layout pass: posting in next frame
11-19 17:09:33.831 E/TaskPersister( 1186): File error accessing recents directory (directory doesn't exist?).
11-19 17:09:35.059 D/mcu_health_checker( 1029): Sent MCU Health Request
11-19 17:09:35.060 D/commandrouter( 1006): SocServiceHandle::onServiceMessage, SoC Service = mcu_healthcheck_1029, appType = 1, type = SVC_REQ, clientId = 0, token = 160, payloadLen = 12, result = 0, payload.size() = 12
11-19 17:09:35.064 D/commandrouter( 1006): mcu_healthcheck_1029 (1, merlot:mcu_health:control): <ServiceResponse> FORWARDED (remote -> local) CR token ID = 160, service client ID = 40, token ID = 500, result = 0
11-19 17:09:35.064 D/mcu_health_checker( 1029): MCU Health Response: MCU_OK
11-19 17:09:35.064 D/mcu_health_checker( 1029): MCU Session 0, uptime = 4826456 ms
11-19 17:09:35.064 D/mculinkhealth( 1029): isMcuReachable 1 (5 ms)
11-19 17:09:35.554 D/UIAutomatorStub( 5940): URI: /jsonrpc/0, Method: POST, Header: {content-length=183, remote-addr=127.0.0.1, http-client-ip=127.0.0.1, host=localhost:9012, content-type=application/json, accept-encoding=identity}, params, {NanoHttpd.QUERY_STRING=null}, files: {postData={"jsonrpc": "2.0", "method": "waitForExists", "id": "a2ef45aa1586aa6460805dc79698b997", "params": [{"mask": 1, "childOrSibling": [], "childOrSiblingSelector": [], "text": "WiFi"}, 5]}}
11-19 17:09:35.580 D/UIAutomatorStub( 5940): URI: /jsonrpc/0, Method: POST, Header: {content-length=172, remote-addr=127.0.0.1, http-client-ip=127.0.0.1, host=localhost:9012, content-type=application/json, accept-encoding=identity}, params, {NanoHttpd.QUERY_STRING=null}, files: {postData={"jsonrpc": "2.0", "method": "click", "id": "93059beef89100f703663a776c096c43", "params": [{"mask": 1, "childOrSibling": [], "childOrSiblingSelector": [], "text": "WiFi"}]}}
11-19 17:09:35.658 W/StatusBarClientConnection( 2711): Messenger is null, ignoring message: { when=-1h21m3s383ms barrier=1 }
11-19 17:09:35.681 I/chatty  ( 1186): uid=1000(system) Binder:1186_10 expire 6 lines
11-19 17:09:35.690 E/StatusBarClientConnection( 2711): Service connected
11-19 17:09:35.694 D/WifiConnector( 2870): Network State Changed
11-19 17:09:35.707 W/View    ( 2711): requestLayout() improperly called by android.view.View{f4c6e83 V.ED..... ......I. 0,368-474,474} during layout: running second layout pass
11-19 17:09:35.717 D/WifiSharingService( 2870): Starting Wi-Fi scan
11-19 17:09:35.722 W/View    ( 2711): requestLayout() improperly called by com.facebook.wearable.common.wds.listview.WdsListView{40c6746 V.E..V... ........ 0,0-474,474} during second layout pass: posting in next frame
11-19 17:09:35.729 I/chatty  ( 1186): uid=1000(system) WifiScanningSer expire 2 lines
11-19 17:09:35.731 I/chatty  ( 1026): uid=1021(gps) lowi-server expire 128 lines
11-19 17:09:35.732 V/WifiHAL (  544): event received NL80211_CMD_TRIGGER_SCAN
11-19 17:09:36.279 V/WifiHAL (  544): event received NL80211_CMD_NEW_SCAN_RESULTS
11-19 17:09:36.292 I/LOWI-9.0.0.80( 1026): [LOWI-Scan] RSN_IE
11-19 17:09:36.292 D/LOWI-9.0.0.80( 1026): [LOWI-Scan] decode_rsn_wpa_ie: Entered
11-19 17:09:36.292 D/LOWI-9.0.0.80( 1026): [LOWIUtils] hexDump: msg(30 14 01 00 00 0f ac 04 01 00 00 0f ac 04 01 00 00 0f ac 02 )
11-19 17:09:36.292 D/LOWI-9.0.0.80( 1026): [LOWI-Scan] decode_rsn_wpa_ie: LOWI_ENCRYPTION_TYPE_WPA_PSK
11-19 17:09:36.292 D/LOWI-9.0.0.80( 1026): [LOWI-Scan] is_qcom_ie, bss_age: 56
11-19 17:09:36.292 D/LOWI-9.0.0.80( 1026): [LOWI-Scan] adjust_age:AP AGE upper limit reached. Dont store
11-19 17:09:36.292 D/LOWI-9.0.0.80( 1026): [LOWI-Scan] BSS 18:64:72:60:2b:40 LOWI_PHY_MODE_11NG_HT20(5), Beacon Interval: 100, LOWI_ENCRYPTION_TYPE_WPA_PSK 11mcRanging: No, ANQP: No, LCI: No, Civic: No, capability(0x0431): ESS Privacy ShortPreamble ShortSlotTime
11-19 17:09:36.293 D/LOWI-9.0.0.80( 1026): [LOWI-Scan] BSS 18:64:72:60:2b:40 FREQ: 2412, cFreq1[40:80:160] = [0:0:0] cFreq2 = 0 Country Code =    
11-19 17:09:36.293 D/LOWI-9.0.0.80( 1026): [LOWI-Scan] BSS 18:64:72:60:2b:40 (wlan0) ASSO: NO AddInfo: 0x0, TSF 0, 01:20:35.212, RSSI: -140, CPL: 127, AGE: 28790,  SSID lab-t24103779, TSFDelta: 0x0, TXRate: 0
11-19 17:09:36.293 D/LOWI-9.0.0.80( 1026): [LOWI-Scan] 
11-19 17:09:36.293 D/LOWI-9.0.0.80( 1026): [LOWI-Scan] print_bss_handler: Report beacon TSF 4864002445 as it greater than probe TSF 4835212566
11-19 17:09:36.293 I/LOWI-9.0.0.80( 1026): [LOWI-Scan] RSN_IE
11-19 17:09:36.293 D/LOWI-9.0.0.80( 1026): [LOWI-Scan] decode_rsn_wpa_ie: Entered
11-19 17:09:36.293 D/LOWI-9.0.0.80( 1026): [LOWIUtils] hexDump: msg(30 14 01 00 00 0f ac 04 01 00 00 0f ac 04 01 00 00 0f ac 02 )
11-19 17:09:36.293 D/LOWI-9.0.0.80( 1026): [LOWI-Scan] decode_rsn_wpa_ie: LOWI_ENCRYPTION_TYPE_WPA_PSK
11-19 17:09:36.293 D/LOWI-9.0.0.80( 1026): [LOWI-Scan] is_qcom_ie, bss_age: 2
11-19 17:09:36.294 D/LOWI-9.0.0.80( 1026): [LOWI-Scan] BSS 2c:57:41:86:85:21 LOWI_PHY_MODE_11NG_HT20(5), Beacon Interval: 100, LOWI_ENCRYPTION_TYPE_WPA_PSK 11mcRanging: No, ANQP: No, LCI: No, Civic: No, capability(0x1411): ESS Privacy ShortSlotTime
11-19 17:09:36.294 D/LOWI-9.0.0.80( 1026): [LOWI-Scan] BSS 2c:57:41:86:85:21 FREQ: 2462, cFreq1[40:80:160] = [0:0:0] cFreq2 = 0 Country Code = US
11-19 17:09:36.294 D/LOWI-9.0.0.80( 1026): [LOWI-Scan] BSS 2c:57:41:86:85:21 (wlan0) ASSO: NO AddInfo: 0x1, TSF 0, 01:21:04.002, RSSI: -152, CPL: 2, AGE: 0,  SSID kittyhawk, TSFDelta: 0x0, TXRate: 0
11-19 17:09:36.294 D/LOWI-9.0.0.80( 1026): [LOWI-Scan] 
11-19 17:09:36.294 D/LOWI-9.0.0.80( 1026): [LOWI-Scan] print_bss_handler: Report Probe TSF 4864002336 as it greater than Beacon TSF 0
11-19 17:09:36.294 I/LOWI-9.0.0.80( 1026): [LOWI-Scan] RSN_IE
11-19 17:09:36.294 D/LOWI-9.0.0.80( 1026): [LOWI-Scan] decode_rsn_wpa_ie: Entered
11-19 17:09:36.294 D/LOWI-9.0.0.80( 1026): [LOWIUtils] hexDump: msg(30 14 01 00 00 0f ac 04 01 00 00 0f ac 04 01 00 00 0f ac 02 )
11-19 17:09:36.294 D/LOWI-9.0.0.80( 1026): [LOWI-Scan] decode_rsn_wpa_ie: LOWI_ENCRYPTION_TYPE_WPA_PSK
