11-21 00:35:50.303 E/ANDR-PERF-OPTSHANDLER(  552): perf_lock_rel: failed for /sys/class/kgsl/kgsl-3d0/min_pwrlevel as previous value is not stored
11-21 00:35:50.305 E/ANDR-PERF-RESOURCEQS(  552): Failed to reset optimization [3, 0]
11-21 00:35:50.650 D/WifiNative( 1186): Scan trigered from WifiNative
11-21 00:35:50.653 I/chatty  ( 1026): uid=1021(gps) lowi-server expire 186 lines
11-21 00:35:50.655 V/WifiHAL (  544): event received NL80211_CMD_TRIGGER_SCAN
11-21 00:35:50.763 V/WifiHAL (  544): event received NL80211_CMD_NEW_SCAN_RESULTS
11-21 00:35:50.764 D/WifiNl80211Manager( 1186): Scan result ready event
11-21 00:35:50.765 D/WifiNative( 1186): Scan result ready event
11-21 00:35:50.777 D/WificondScannerImpl( 1186): Filtering out 18 scan results.
11-21 00:35:50.778 D/LOWI-9.0.0.80( 1026): [LOWI-Scan] decode_rsn_wpa_ie: LOWI_ENCRYPTION_TYPE_WPA_PSK
11-21 00:35:50.778 D/LOWI-9.0.0.80( 1026): [LOWI-Scan] is_qcom_ie, bss_age: 50
11-21 00:35:50.778 D/LOWI-9.0.0.80( 1026): [LOWI-Scan] adjust_age:AP AGE upper limit reached. Dont store
11-21 00:35:50.778 D/LOWI-9.0.0.80( 1026): [LOWI-Scan] BSS 52:b8:14:37:74:3f LOWI_PHY_MODE_11AC_VHT20_2G(11), Beacon Interval: 100, LOWI_ENCRYPTION_TYPE_WPA_PSK 11mcRanging: No, ANQP: No, LCI: No, Civic: No, capability(0x1431): ESS Privacy ShortPreamble ShortSlotTime
11-21 00:35:50.778 D/LOWI-9.0.0.80( 1026): [LOWI-Scan] BSS 52:b8:14:37:74:3f FREQ: 2417, cFreq1[40:80:160] = [0:0:0] cFreq2 = 0 Country Code =    
11-21 00:35:50.778 D/LOWI-9.0.0.80( 1026): [LOWI-Scan] BSS 52:b8:14:37:74:3f (wlan0) ASSO: NO AddInfo: 0x0, TSF 1, 08:46:52.341, RSSI: -110, CPL: 127, AGE: 26150,  SSID Pixel_8668, TSFDelta: 0x0, TXRate: 0
11-21 00:35:50.779 D/LOWI-9.0.0.80( 1026): [LOWI-Scan] 
11-21 00:35:50.779 D/LOWI-9.0.0.80( 1026): [LOWI-Scan] print_bss_handler: Report Probe TSF 118012341634 as it greater than Beacon TSF 0
11-21 00:35:50.779 I/LOWI-9.0.0.80( 1026): [LOWI-Scan] RSN_IE
11-21 00:35:50.779 D/LOWI-9.0.0.80( 1026): [LOWI-Scan] decode_rsn_wpa_ie: Entered
11-21 00:35:50.779 D/LOWI-9.0.0.80( 1026): [LOWIUtils] hexDump: msg(30 14 01 00 00 0f ac 04 01 00 00 0f ac 04 01 00 00 0f ac 02 )
11-21 00:35:50.779 D/LOWI-9.0.0.80( 1026): [LOWI-Scan] decode_rsn_wpa_ie: LOWI_ENCRYPTION_TYPE_WPA_PSK
11-21 00:35:50.779 D/LOWI-9.0.0.80( 1026): [LOWI-Scan] is_qcom_ie, bss_age: 5
11-21 00:35:50.779 D/LOWI-9.0.0.80( 1026): [LOWI-Scan] adjust_age:AP AGE upper limit reached. Dont store
11-21 00:35:50.779 D/LOWI-9.0.0.80( 1026): [LOWI-Scan] BSS 2c:57:41:86:85:21 LOWI_PHY_MODE_11NG_HT20(5), Beacon Interval: 100, LOWI_ENCRYPTION_TYPE_WPA_PSK 11mcRanging: No, ANQP: No, LCI: No, Civic: No, capability(0x1411): ESS Privacy ShortSlotTime
11-21 00:35:50.779 D/LOWI-9.0.0.80( 1026): [LOWI-Scan] BSS 2c:57:41:86:85:21 FREQ: 2462, cFreq1[40:80:160] = [0:0:0] cFreq2 = 0 Country Code = US
11-21 00:35:50.779 D/LOWI-9.0.0.80( 1026): [LOWI-Scan] BSS 2c:57:41:86:85:21 (wlan0) ASSO: NO AddInfo: 0x0, TSF 1, 08:46:52.341, RSSI: -146, CPL: 2, AGE: 26150,  SSID kittyhawk, TSFDelta: 0x0, TXRate: 0
11-21 00:35:50.780 D/LOWI-9.0.0.80( 1026): [LOWI-Scan] 
11-21 00:35:50.780 D/LOWI-9.0.0.80( 1026): [LOWI-Scan] print_bss_handler: Report Probe TSF 118012341751 as it greater than Beacon TSF 0
11-21 00:35:50.780 I/LOWI-9.0.0.80( 1026): [LOWI-Scan] RSN_IE
11-21 00:35:50.780 D/LOWI-9.0.0.80( 1026): [LOWI-Scan] decode_rsn_wpa_ie: Entered
11-21 00:35:50.780 D/LOWI-9.0.0.80( 1026): [LOWIUtils] hexDump: msg(30 14 01 00 00 0f ac 04 01 00 00 0f ac 04 01 00 00 0f ac 02 )
11-21 00:35:50.780 D/LOWI-9.0.0.80( 1026): [LOWI-Scan] decode_rsn_wpa_ie: LOWI_ENCRYPTION_TYPE_WPA_PSK
11-21 00:35:50.780 D/LOWI-9.0.0.80( 1026): [LOWI-Scan] is_qcom_ie, bss_age: 19
11-21 00:35:50.780 D/LOWI-9.0.0.80( 1026): [LOWI-Scan] adjust_age:AP AGE upper limit reached. Dont store
11-21 00:35:50.780 D/LOWI-9.0.0.80( 1026): [LOWI-Scan] BSS 00:24:b1:02:cb:dc LOWI_PHY_MODE_11NG_HT20(5), Beacon Interval: 100, LOWI_ENCRYPTION_TYPE_WPA_PSK 11mcRanging: No, ANQP: No, LCI: No, Civic: No, capability(0x0431): ESS Privacy ShortPreamble ShortSlotTime
11-21 00:35:50.780 D/LOWI-9.0.0.80( 1026): [LOWI-Scan] BSS 00:24:b1:02:cb:dc FREQ: 2452, cFreq1[40:80:160] = [0:0:0] cFreq2 = 0 Country Code =    
11-21 00:35:50.780 D/LOWI-9.0.0.80( 1026): [LOWI-Scan] BSS 00:24:b1:02:cb:dc (wlan0) ASSO: NO AddInfo: 0x0, TSF 1, 08:46:52.341, RSSI: -172, CPL: 127, AGE: 26150,  SSID 0024b1000002cbdc, TSFDelta: 0x0, TXRate: 0
11-21 00:35:50.780 D/LOWI-9.0.0.80( 1026): [LOWIDiagLog] Log: lowiMeasResult->request: invalid null argument
11-21 00:35:50.780 I/LOWI-9.0.0.80( 1026): [LOWI-Scan] lowi_close_record:Scan done in 117994551ms, 19 APs in scan results
11-21 00:35:50.781 D/LOWI-9.0.0.80( 1026): [LOWI-Scan] WipsScanUsingNL: passive scan cached 0, took 25348 ms, err 0
11-21 00:35:50.781 D/LOWI-9.0.0.80( 1026): [LOWI-Scan] lowi_proc_req_passive_scan_with_live_meas - No WLAN Frames to be parsed
11-21 00:35:50.781 D/LOWI-9.0.0.80( 1026): [LOWIScanResultReceiver] Send scan meas to listener
11-21 00:35:50.781 D/LOWI-9.0.0.80( 1026): [LOWIScanResultReceiver] Enter passive listening mode
11-21 00:35:50.781 D/LOWI-9.0.0.80( 1026): [LOWIWifiDriverInterface] getMeasurements - Passive listening mode
11-21 00:35:50.781 D/LOWI-9.0.0.80( 1026): [LOWI-Scan] WipsScanUsingNL:wait -1 sec for netlink message
11-21 00:35:50.781 D/LOWI-9.0.0.80( 1026): [LOWIEventReceiver] handleEvent:FROM:NA, TO:NA, REQ:NA, IREQ:NA, REQ_ID:0, RESP:NA, INFO:NA
11-21 00:35:50.781 D/LOWI-9.0.0.80( 1026): [LOWIBackgroundScanMgr] isRspForBgScanMgr: evt(LOWI_NO_EVT) - not handled
11-21 00:35:50.781 D/LOWI-9.0.0.80( 1026): [LOWIScheduler] manageMsg: NULL results or NULL request in results
11-21 00:35:50.781 D/LOWI-9.0.0.80( 1026): [LOWIController] Measurements received
11-21 00:35:50.781 D/LOWI-9.0.0.80( 1026): [LOWICacheManager] putInCache:Num of Meas to add: 19
11-21 00:35:50.785 D/LOWI-9.0.0.80( 1026): [LOWIController] processMeasurementResults: No current Request. Cache measurements
11-21 00:35:50.785 D/LOWI-9.0.0.80( 1026): [LOWIControllerExtn] sendLOWILpDiscoveryScanResponse: Not a discovery scan response
11-21 00:35:50.992 E/TaskPersister( 1186): File error accessing recents directory (directory doesn't exist?).
11-21 00:35:52.551 D/UIAutomatorStub( 6483): URI: /jsonrpc/0, Method: POST, Header: {content-length=183, remote-addr=127.0.0.1, http-client-ip=127.0.0.1, host=localhost:9012, content-type=application/json, accept-encoding=identity}, params, {NanoHttpd.QUERY_STRING=null}, files: {postData={"jsonrpc": "2.0", "method": "waitForExists", "id": "467f101321a2ec6b5c25347c813c6e70", "params": [{"mask": 1, "childOrSibling": [], "childOrSiblingSelector": [], "text": "WiFi"}, 5]}}
11-21 00:35:52.580 D/UIAutomatorStub( 6483): URI: /jsonrpc/0, Method: POST, Header: {content-length=172, remote-addr=127.0.0.1, http-client-ip=127.0.0.1, host=localhost:9012, content-type=application/json, accept-encoding=identity}, params, {NanoHttpd.QUERY_STRING=null}, files: {postData={"jsonrpc": "2.0", "method": "click", "id": "e6c791c99c2e37c40d5a0bf2feaef0c0", "params": [{"mask": 1, "childOrSibling": [], "childOrSiblingSelector": [], "text": "WiFi"}]}}
11-21 00:35:52.655 W/HWComposer(  598): Ignoring duplicate VSYNC event from HWC for display 0 (t=118040380992938)
11-21 00:35:52.668 W/StatusBarClientConnection(27399): Messenger is null, ignoring message: { when=-1d8h47m20s393ms barrier=1 }
11-21 00:35:52.692 D/CompatibilityInfo( 1186): mCompatibilityFlags - 4
11-21 00:35:52.693 D/CompatibilityInfo( 1186): applicationDensity - 320
11-21 00:35:52.693 D/CompatibilityInfo( 1186): applicationScale - 1.0
11-21 00:35:52.703 E/StatusBarClientConnection(27399): Service connected
11-21 00:35:52.704 D/WifiConnector( 2870): Network State Changed
11-21 00:35:52.716 W/View    (27399): requestLayout() improperly called by android.view.View{93f32d3 V.ED..... ......I. 0,368-474,474} during layout: running second layout pass
11-21 00:35:52.721 D/WifiSharingService( 2870): Starting Wi-Fi scan
11-21 00:35:52.722 I/WifiService( 1186): startScan uid=1000
11-21 00:35:52.732 W/View    (27399): requestLayout() improperly called by com.facebook.wearable.common.wds.listview.WdsListView{9aa9d6 V.E..V... ........ 0,0-474,474} during second layout pass: posting in next frame
11-21 00:35:52.735 D/WifiNative( 1186): Scan trigered from WifiNative
11-21 00:35:52.736 D/LOWI-9.0.0.80( 1026): [LOWI-Scan] wait_event:Wait done with Cmd 33
11-21 00:35:52.736 D/LOWI-9.0.0.80( 1026): [LOWI-Scan] do_listen_events: Rcvd valid Netlink Cmd 0 Err 0
11-21 00:35:52.737 V/WifiHAL (  544): event received NL80211_CMD_TRIGGER_SCAN
11-21 00:35:53.257 D/LOWI-9.0.0.80( 1026): [LOWI-Scan] wait_event:Wait done with Cmd 34
11-21 00:35:53.257 D/LOWI-9.0.0.80( 1026): [LOWI-Scan] do_listen_events: Rcvd valid Netlink Cmd 34 Err 0
11-21 00:35:53.259 V/WifiHAL (  544): event received NL80211_CMD_NEW_SCAN_RESULTS
11-21 00:35:53.259 D/WifiNl80211Manager( 1186): Scan result ready event
11-21 00:35:53.259 D/WifiNative( 1186): Scan result ready event
11-21 00:35:53.260 D/LOWI-9.0.0.80( 1026): [LOWI-Scan] 
11-21 00:35:53.260 D/LOWI-9.0.0.80( 1026): [LOWI-Scan] print_bss_handler: Report Probe TSF 118040981455 as it greater than Beacon TSF 117499713629
11-21 00:35:53.260 I/LOWI-9.0.0.80( 1026): [LOWI-Scan] RSN_IE
11-21 00:35:53.260 D/LOWI-9.0.0.80( 1026): [LOWI-Scan] decode_rsn_wpa_ie: Entered
11-21 00:35:53.260 D/LOWI-9.0.0.80( 1026): [LOWIUtils] hexDump: msg(30 14 01 00 00 0f ac 04 01 00 00 0f ac 04 01 00 00 0f ac 02 )
11-21 00:35:53.260 D/LOWI-9.0.0.80( 1026): [LOWI-Scan] decode_rsn_wpa_ie: LOWI_ENCRYPTION_TYPE_WPA_PSK
11-21 00:35:53.260 D/LOWI-9.0.0.80( 1026): [LOWI-Scan] is_qcom_ie, bss_age: 4
11-21 00:35:53.260 D/LOWI-9.0.0.80( 1026): [LOWI-Scan] BSS 5e:6e:be:46:77:d7 LOWI_PHY_MODE_11AC_VHT20_2G(11), Beacon Interval: 100, LOWI_ENCRYPTION_TYPE_WPA_PSK 11mcRanging: No, ANQP: Yes, LCI: No, Civic: No, capability(0x1431): ESS Privacy ShortPreamble ShortSlotTime
11-21 00:35:53.260 D/LOWI-9.0.0.80( 1026): [LOWI-Scan] BSS 5e:6e:be:46:77:d7 FREQ: 2462, cFreq1[40:80:160] = [0:0:0] cFreq2 = 0 Country Code =    
11-21 00:35:53.260 D/LOWI-9.0.0.80( 1026): [LOWI-Scan] BSS 5e:6e:be:46:77:d7 (wlan0) ASSO: NO AddInfo: 0x0, TSF 1, 08:47:20.981, RSSI: -90, CPL: 127, AGE: 0,  SSID Pixel_R3, TSFDelta: 0x0, TXRate: 0
11-21 00:35:53.261 D/LOWI-9.0.0.80( 1026): [LOWI-Scan] 
11-21 00:35:53.261 D/LOWI-9.0.0.80( 1026): [LOWI-Scan] print_bss_handler: Report Probe TSF 118040981550 as it greater than Beacon TSF 117092965482
11-21 00:35:53.261 I/LOWI-9.0.0.80( 1026): [LOWI-Scan] RSN_IE
11-21 00:35:53.261 D/LOWI-9.0.0.80( 1026): [LOWI-Scan] decode_rsn_wpa_ie: Entered
11-21 00:35:53.261 D/LOWI-9.0.0.80( 1026): [LOWIUtils] hexDump: msg(30 14 01 00 00 0f ac 04 01 00 00 0f ac 04 01 00 00 0f ac 02 )
11-21 00:35:53.261 D/LOWI-9.0.0.80( 1026): [LOWI-Scan] decode_rsn_wpa_ie: LOWI_ENCRYPTION_TYPE_WPA_PSK
11-21 00:35:53.261 D/LOWI-9.0.0.80( 1026): [LOWI-Scan] is_qcom_ie, bss_age: 4
11-21 00:35:53.261 D/LOWI-9.0.0.80( 1026): [LOWI-Scan] BSS 2c:57:41:86:6c:01 LOWI_PHY_MODE_11NG_HT20(5), Beacon Interval: 100, LOWI_ENCRYPTION_TYPE_WPA_PSK 11mcRanging: No, ANQP: No, LCI: No, Civic: No, capability(0x1411): ESS Privacy ShortSlotTime
11-21 00:35:53.261 D/LOWI-9.0.0.80( 1026): [LOWI-Scan] BSS 2c:57:41:86:6c:01 FREQ: 2462, cFreq1[40:80:160] = [0:0:0] cFreq2 = 0 Country Code = US
11-21 00:35:53.261 D/LOWI-9.0.0.80( 1026): [LOWI-Scan] BSS 2c:57:41:86:6c:01 (wlan0) ASSO: NO AddInfo: 0x0, TSF 1, 08:47:20.981, RSSI: -116, CPL: 2, AGE: 0,  SSID kittyhawk, TSFDelta: 0x0, TXRate: 0
11-21 00:35:53.261 D/LOWI-9.0.0.80( 1026): [LOWI-Scan] 
11-21 00:35:53.261 D/LOWI-9.0.0.80( 1026): [LOWI-Scan] print_bss_handler: Report Probe TSF 118040981509 as it greater than Beacon TSF 118012341446
11-21 00:35:53.261 I/LOWI-9.0.0.80( 1026): [LOWI-Scan] RSN_IE
11-21 00:35:53.262 D/LOWI-9.0.0.80( 1026): [LOWI-Scan] decode_rsn_wpa_ie: Entered
11-21 00:35:53.262 D/LOWI-9.0.0.80( 1026): [LOWIUtils] hexDump: msg(30 14 01 00 00 0f ac 04 01 00 00 0f ac 04 01 00 00 0f ac 02 )
11-21 00:35:53.262 D/LOWI-9.0.0.80( 1026): [LOWI-Scan] decode_rsn_wpa_ie: LOWI_ENCRYPTION_TYPE_WPA_PSK
11-21 00:35:53.262 D/LOWI-9.0.0.80( 1026): [LOWI-Scan] is_qcom_ie, bss_age: 44
11-21 00:35:53.262 D/LOWI-9.0.0.80( 1026): [LOWI-Scan] BSS 12:d7:96:61:85:9f LOWI_PHY_MODE_11AC_VHT20_2G(11), Beacon Interval: 100, LOWI_ENCRYPTION_TYPE_WPA_PSK 11mcRanging: No, ANQP: Yes, LCI: No, Civic: No, capability(0x1431): ESS Privacy ShortPreamble ShortSlotTime
11-21 00:35:53.262 D/LOWI-9.0.0.80( 1026): [LOWI-Scan] BSS 12:d7:96:61:85:9f FREQ: 2412, cFreq1[40:80:160] = [0:0:0] cFreq2 = 0 Country Code =    
11-21 00:35:53.262 D/LOWI-9.0.0.80( 1026): [LOWI-Scan] BSS 12:d7:96:61:85:9f (wlan0) ASSO: NO AddInfo: 0x0, TSF 1, 08:47:20.981, RSSI: -92, CPL: 127, AGE: 0,  SSID Pixel_R5, TSFDelta: 0x0, TXRate: 0
11-21 00:35:53.262 D/LOWI-9.0.0.80( 1026): [LOWI-Scan] 
11-21 00:35:53.262 D/LOWI-9.0.0.80( 1026): [LOWI-Scan] print_bss_handler: Report Probe TSF 118040981571 as it greater than Beacon TSF 117890962269
11-21 00:35:53.262 I/LOWI-9.0.0.80( 1026): [LOWI-Scan] RSN_IE
11-21 00:35:53.262 D/LOWI-9.0.0.80( 1026): [LOWI-Scan] decode_rsn_wpa_ie: Entered
11-21 00:35:53.262 D/LOWI-9.0.0.80( 1026): [LOWIUtils] hexDump: msg(30 14 01 00 00 0f ac 04 01 00 00 0f ac 04 01 00 00 0f ac 02 )
11-21 00:35:53.262 D/LOWI-9.0.0.80( 1026): [LOWI-Scan] decode_rsn_wpa_ie: LOWI_ENCRYPTION_TYPE_WPA_PSK
11-21 00:35:53.262 D/LOWI-9.0.0.80( 1026): [LOWI-Scan] is_qcom_ie, bss_age: 44
11-21 00:35:53.262 D/LOWI-9.0.0.80( 1026): [LOWI-Scan] BSS be:9e:0e:1c:6e:7f LOWI_PHY_MODE_11AC_VHT20_2G(11), Beacon Interval: 100, LOWI_ENCRYPTION_TYPE_WPA_PSK 11mcRanging: No, ANQP: No, LCI: No, Civic: No, capability(0x1431): ESS Privacy ShortPreamble ShortSlotTime
11-21 00:35:53.262 D/LOWI-9.0.0.80( 1026): [LOWI-Scan] BSS be:9e:0e:1c:6e:7f FREQ: 2412, cFreq1[40:80:160] = [0:0:0] cFreq2 = 0 Country Code =    
11-21 00:35:53.262 D/LOWI-9.0.0.80( 1026): [LOWI-Scan] BSS be:9e:0e:1c:6e:7f (wlan0) ASSO: NO AddInfo: 0x0, TSF 1, 08:47:20.981, RSSI: -112, CPL: 127, AGE: 0,  SSID Pixel_3541, TSFDelta: 0x0, TXRate: 0
11-21 00:35:53.263 D/LOWI-9.0.0.80( 1026): [LOWI-Scan] 
11-21 00:35:53.263 D/LOWI-9.0.0.80( 1026): [LOWI-Scan] print_bss_handler: Report Probe TSF 118040981654 as it greater than Beacon TSF 117256216475
11-21 00:35:53.263 I/LOWI-9.0.0.80( 1026): [LOWI-Scan] RSN_IE
11-21 00:35:53.263 D/LOWI-9.0.0.80( 1026): [LOWI-Scan] decode_rsn_wpa_ie: Entered
11-21 00:35:53.263 D/LOWI-9.0.0.80( 1026): [LOWIUtils] hexDump: msg(30 14 01 00 00 0f ac 04 01 00 00 0f ac 04 01 00 00 0f ac 02 )
11-21 00:35:53.263 D/LOWI-9.0.0.80( 1026): [LOWI-Scan] decode_rsn_wpa_ie: LOWI_ENCRYPTION_TYPE_WPA_PSK
11-21 00:35:53.263 D/LOWI-9.0.0.80( 1026): [LOWI-Scan] is_qcom_ie, bss_age: 4
11-21 00:35:53.263 D/LOWI-9.0.0.80( 1026): [LOWI-Scan] BSS 2c:57:41:86:94:a1 LOWI_PHY_MODE_11NG_HT20(5), Beacon Interval: 100, LOWI_ENCRYPTION_TYPE_WPA_PSK 11mcRanging: No, ANQP: No, LCI: No, Civic: No, capability(0x1411): ESS Privacy ShortSlotTime
11-21 00:35:53.263 D/LOWI-9.0.0.80( 1026): [LOWI-Scan] BSS 2c:57:41:86:94:a1 FREQ: 2462, cFreq1[40:80:160] = [0:0:0] cFreq2 = 0 Country Code = US
11-21 00:35:53.263 D/LOWI-9.0.0.80( 1026): [LOWI-Scan] BSS 2c:57:41:86:94:a1 (wlan0) ASSO: NO AddInfo: 0x0, TSF 1, 08:47:20.981, RSSI: -144, CPL: 2, AGE: 0,  SSID kittyhawk, TSFDelta: 0x0, TXRate: 0
11-21 00:35:53.263 D/LOWI-9.0.0.80( 1026): [LOWI-Scan] 
11-21 00:35:53.263 D/LOWI-9.0.0.80( 1026): [LOWI-Scan] print_bss_handler: Report Probe TSF 118040981474 as it greater than Beacon TSF 117991111602
11-21 00:35:53.264 I/LOWI-9.0.0.80( 1026): [LOWI-Scan] RSN_IE
11-21 00:35:53.264 D/LOWI-9.0.0.80( 1026): [LOWI-Scan] decode_rsn_wpa_ie: Entered
11-21 00:35:53.264 D/LOWI-9.0.0.80( 1026): [LOWIUtils] hexDump: msg(30 14 01 00 00 0f ac 04 01 00 00 0f ac 04 01 00 00 0f ac 02 )
11-21 00:35:53.264 D/LOWI-9.0.0.80( 1026): [LOWI-Scan] decode_rsn_wpa_ie: LOWI_ENCRYPTION_TYPE_WPA_PSK
11-21 00:35:53.264 D/LOWI-9.0.0.80( 1026): [LOWI-Scan] is_qcom_ie, bss_age: 25
11-21 00:35:53.267 D/LOWI-9.0.0.80( 1026): [LOWI-Scan] BSS ce:dc:12:3b:87:fd LOWI_PHY_MODE_11AC_VHT20_2G(11), Beacon Interval: 100, LOWI_ENCRYPTION_TYPE_WPA_PSK 11mcRanging: No, ANQP: Yes, LCI: No, Civic: No, capability(0x1431): ESS Privacy ShortPreamble ShortSlotTime
11-21 00:35:53.267 D/LOWI-9.0.0.80( 1026): [LOWI-Scan] BSS ce:dc:12:3b:87:fd FREQ: 2437, cFreq1[40:80:160] = [0:0:0] cFreq2 = 0 Country Code =    
11-21 00:35:53.267 D/LOWI-9.0.0.80( 1026): [LOWI-Scan] BSS ce:dc:12:3b:87:fd (wlan0) ASSO: NO AddInfo: 0x0, TSF 1, 08:47:20.981, RSSI: -100, CPL: 127, AGE: 0,  SSID Pixel5_R1, TSFDelta: 0x0, TXRate: 0
11-21 00:35:53.268 D/LOWI-9.0.0.80( 1026): [LOWI-Scan]  -- associated
11-21 00:35:53.268 D/LOWI-9.0.0.80( 1026): [LOWI-Scan] 
11-21 00:35:53.268 D/LOWI-9.0.0.80( 1026): [LOWI-Scan] print_bss_handler: Report Probe TSF 118040981424 as it greater than Beacon TSF 118013116730
11-21 00:35:53.268 I/LOWI-9.0.0.80( 1026): [LOWI-Scan] RSN_IE
11-21 00:35:53.268 D/LOWI-9.0.0.80( 1026): [LOWI-Scan] decode_rsn_wpa_ie: Entered
11-21 00:35:53.268 D/LOWI-9.0.0.80( 1026): [LOWIUtils] hexDump: msg(30 14 01 00 00 0f ac 04 01 00 00 0f ac 04 01 00 00 0f ac 02 )
11-21 00:35:53.268 D/LOWI-9.0.0.80( 1026): [LOWI-Scan] decode_rsn_wpa_ie: LOWI_ENCRYPTION_TYPE_WPA_PSK
11-21 00:35:53.268 D/LOWI-9.0.0.80( 1026): [LOWI-Scan]  No Secondary channel present
11-21 00:35:53.268 D/LOWI-9.0.0.80( 1026): [LOWI-Scan] is_qcom_ie, bss_age: 30
11-21 00:35:53.268 D/LOWI-9.0.0.80( 1026): [LOWI-Scan] BSS 6c:cd:d6:25:63:2a LOWI_PHY_MODE_11NG_HT20(5), Beacon Interval: 100, LOWI_ENCRYPTION_TYPE_WPA_PSK 11mcRanging: No, ANQP: No, LCI: No, Civic: No, capability(0x0511): ESS Privacy SpectrumMgmt ShortSlotTime
11-21 00:35:53.268 D/LOWI-9.0.0.80( 1026): [LOWI-Scan] BSS 6c:cd:d6:25:63:2a FREQ: 2432, cFreq1[40:80:160] = [2432:0:0] cFreq2 = 0 Country Code = US 
11-21 00:35:53.269 D/LOWI-9.0.0.80( 1026): [LOWI-Scan] BSS 6c:cd:d6:25:63:2a (wlan0) ASSO: YES AddInfo: 0x0, TSF 1, 08:47:20.981, RSSI: -68, CPL: 127, AGE: 0,  SSID MTBF_Lab, TSFDelta: 0x0, TXRate: 0
11-21 00:35:53.269 D/LOWI-9.0.0.80( 1026): [LOWI-Scan] 
11-21 00:35:53.269 D/LOWI-9.0.0.80( 1026): [LOWI-Scan] print_bss_handler: Report Probe TSF 118040981492 as it greater than Beacon TSF 117890962225
11-21 00:35:53.269 I/LOWI-9.0.0.80( 1026): [LOWI-Scan] RSN_IE
11-21 00:35:53.269 D/LOWI-9.0.0.80( 1026): [LOWI-Scan] decode_rsn_wpa_ie: Entered
11-21 00:35:53.269 D/LOWI-9.0.0.80( 1026): [LOWIUtils] hexDump: msg(30 14 01 00 00 0f ac 04 01 00 00 0f ac 04 01 00 00 0f ac 02 )
11-21 00:35:53.269 D/LOWI-9.0.0.80( 1026): [LOWI-Scan] decode_rsn_wpa_ie: LOWI_ENCRYPTION_TYPE_WPA_PSK
11-21 00:35:53.269 D/LOWI-9.0.0.80( 1026): [LOWI-Scan] is_qcom_ie, bss_age: 14
11-21 00:35:53.269 D/LOWI-9.0.0.80( 1026): [LOWI-Scan] BSS fe:2d:5a:49:61:eb LOWI_PHY_MODE_11AC_VHT20_2G(11), Beacon Interval: 100, LOWI_ENCRYPTION_TYPE_WPA_PSK 11mcRanging: No, ANQP: Yes, LCI: No, Civic: No, capability(0x1431): ESS Privacy ShortPreamble ShortSlotTime
11-21 00:35:53.270 D/LOWI-9.0.0.80( 1026): [LOWI-Scan] BSS fe:2d:5a:49:61:eb FREQ: 2452, cFreq1[40:80:160] = [0:0:0] cFreq2 = 0 Country Code =    
11-21 00:35:53.270 D/LOWI-9.0.0.80( 1026): [LOWI-Scan] BSS fe:2d:5a:49:61:eb (wlan0) ASSO: NO AddInfo: 0x0, TSF 1, 08:47:20.981, RSSI: -96, CPL: 127, AGE: 0,  SSID Pixel_R2, TSFDelta: 0x0, TXRate: 0
11-21 00:35:53.270 D/LOWI-9.0.0.80( 1026): [LOWI-Scan] 
11-21 00:35:53.270 D/LOWI-9.0.0.80( 1026): [LOWI-Scan] print_bss_handler: Report Probe TSF 118040981529 as it greater than Beacon TSF 117789048562
11-21 00:35:53.270 I/LOWI-9.0.0.80( 1026): [LOWI-Scan] RSN_IE
11-21 00:35:53.270 D/LOWI-9.0.0.80( 1026): [LOWI-Scan] decode_rsn_wpa_ie: Entered
11-21 00:35:53.270 D/LOWI-9.0.0.80( 1026): [LOWIUtils] hexDump: msg(30 14 01 00 00 0f ac 04 01 00 00 0f ac 04 01 00 00 0f ac 02 )
11-21 00:35:53.270 D/LOWI-9.0.0.80( 1026): [LOWI-Scan] decode_rsn_wpa_ie: LOWI_ENCRYPTION_TYPE_WPA_PSK
11-21 00:35:53.270 D/LOWI-9.0.0.80( 1026): [LOWI-Scan] is_qcom_ie, bss_age: 12
11-21 00:35:53.270 D/LOWI-9.0.0.80( 1026): [LOWI-Scan] BSS c6:82:9b:4e:b3:9e LOWI_PHY_MODE_11AC_VHT20_2G(11), Beacon Interval: 100, LOWI_ENCRYPTION_TYPE_WPA_PSK 11mcRanging: No, ANQP: Yes, LCI: No, Civic: No, capability(0x1431): ESS Privacy ShortPreamble ShortSlotTime
11-21 00:35:53.271 D/LOWI-9.0.0.80( 1026): [LOWI-Scan] BSS c6:82:9b:4e:b3:9e FREQ: 2457, cFreq1[40:80:160] = [0:0:0] cFreq2 = 0 Country Code =    
11-21 00:35:53.271 D/LOWI-9.0.0.80( 1026): [LOWI-Scan] BSS c6:82:9b:4e:b3:9e (wlan0) ASSO: NO AddInfo: 0x0, TSF 1, 08:47:20.981, RSSI: -106, CPL: 127, AGE: 0,  SSID Pixel_R6, TSFDelta: 0x0, TXRate: 0
11-21 00:35:53.271 D/LOWI-9.0.0.80( 1026): [LOWI-Scan] 
11-21 00:35:53.271 D/LOWI-9.0.0.80( 1026): [LOWI-Scan] print_bss_handler: Report Probe TSF 118040981675 as it greater than Beacon TSF 117760323714
11-21 00:35:53.271 I/LOWI-9.0.0.80( 1026): [LOWI-Scan] RSN_IE
11-21 00:35:53.271 D/LOWI-9.0.0.80( 1026): [LOWI-Scan] decode_rsn_wpa_ie: Entered
11-21 00:35:53.271 D/LOWI-9.0.0.80( 1026): [LOWIUtils] hexDump: msg(30 14 01 00 00 0f ac 04 01 00 00 0f ac 04 01 00 00 0f ac 02 )
11-21 00:35:53.271 D/LOWI-9.0.0.80( 1026): [LOWI-Scan] decode_rsn_wpa_ie: LOWI_ENCRYPTION_TYPE_WPA_PSK
11-21 00:35:53.271 D/LOWI-9.0.0.80( 1026): [LOWI-Scan] is_qcom_ie, bss_age: 44
11-21 00:35:53.271 D/LOWI-9.0.0.80( 1026): [LOWI-Scan] BSS 2c:57:41:86:8a:a1 LOWI_PHY_MODE_11NG_HT20(5), Beacon Interval: 100, LOWI_ENCRYPTION_TYPE_WPA_PSK 11mcRanging: No, ANQP: No, LCI: No, Civic: No, capability(0x1411): ESS Privacy ShortSlotTime
11-21 00:35:53.272 D/LOWI-9.0.0.80( 1026): [LOWI-Scan] BSS 2c:57:41:86:8a:a1 FREQ: 2412, cFreq1[40:80:160] = [0:0:0] cFreq2 = 0 Country Code = US
11-21 00:35:53.272 D/LOWI-9.0.0.80( 1026): [LOWI-Scan] BSS 2c:57:41:86:8a:a1 (wlan0) ASSO: NO AddInfo: 0x0, TSF 1, 08:47:20.981, RSSI: -142, CPL: 3, AGE: 0,  SSID kittyhawk, TSFDelta: 0x0, TXRate: 0
11-21 00:35:53.272 D/LOWI-9.0.0.80( 1026): [LOWI-Scan] 
11-21 00:35:53.272 D/LOWI-9.0.0.80( 1026): [LOWI-Scan] print_bss_handler: Report Probe TSF 118040981591 as it greater than Beacon TSF 117440603285
11-21 00:35:53.272 I/LOWI-9.0.0.80( 1026): [LOWI-Scan] RSN_IE
11-21 00:35:53.272 D/LOWI-9.0.0.80( 1026): [LOWI-Scan] decode_rsn_wpa_ie: Entered
11-21 00:35:53.272 D/LOWI-9.0.0.80( 1026): [LOWIUtils] hexDump: msg(30 14 01 00 00 0f ac 04 01 00 00 0f ac 04 01 00 00 0f ac 02 )
11-21 00:35:53.272 D/LOWI-9.0.0.80( 1026): [LOWI-Scan] decode_rsn_wpa_ie: LOWI_ENCRYPTION_TYPE_WPA_PSK
11-21 00:35:53.272 D/LOWI-9.0.0.80( 1026): [LOWI-Scan] is_qcom_ie, bss_age: 45
11-21 00:35:53.272 D/LOWI-9.0.0.80( 1026): [LOWI-Scan] BSS 18:64:72:60:2b:40 LOWI_PHY_MODE_11NG_HT20(5), Beacon Interval: 100, LOWI_ENCRYPTION_TYPE_WPA_PSK 11mcRanging: No, ANQP: No, LCI: No, Civic: No, capability(0x0431): ESS Privacy ShortPreamble ShortSlotTime
11-21 00:35:53.273 D/LOWI-9.0.0.80( 1026): [LOWI-Scan] BSS 18:64:72:60:2b:40 FREQ: 2412, cFreq1[40:80:160] = [0:0:0] cFreq2 = 0 Country Code =    
11-21 00:35:53.273 D/LOWI-9.0.0.80( 1026): [LOWI-Scan] BSS 18:64:72:60:2b:40 (wlan0) ASSO: NO AddInfo: 0x0, TSF 1, 08:47:20.981, RSSI: -140, CPL: 127, AGE: 0,  SSID lab-t24103779, TSFDelta: 0x0, TXRate: 0
11-21 00:35:53.273 D/LOWI-9.0.0.80( 1026): [LOWI-Scan] 
11-21 00:35:53.273 D/LOWI-9.0.0.80( 1026): [LOWI-Scan] print_bss_handler: Report Probe TSF 118012341714 as it greater than Beacon TSF 117501197063
11-21 00:35:53.273 I/LOWI-9.0.0.80( 1026): [LOWI-Scan] RSN_IE
11-21 00:35:53.273 D/LOWI-9.0.0.80( 1026): [LOWI-Scan] decode_rsn_wpa_ie: Entered
11-21 00:35:53.273 D/LOWI-9.0.0.80( 1026): [LOWIUtils] hexDump: msg(30 14 01 00 00 0f ac 04 01 00 00 0f ac 04 01 00 00 0f ac 02 )
11-21 00:35:53.273 D/LOWI-9.0.0.80( 1026): [LOWI-Scan] decode_rsn_wpa_ie: LOWI_ENCRYPTION_TYPE_WPA_PSK
11-21 00:35:53.273 D/LOWI-9.0.0.80( 1026): [LOWI-Scan] is_qcom_ie, bss_age: 30
11-21 00:35:53.274 D/LOWI-9.0.0.80( 1026): [LOWI-Scan] adjust_age:AP AGE upper limit reached. Dont store
11-21 00:35:53.274 D/LOWI-9.0.0.80( 1026): [LOWI-Scan] BSS 2c:57:41:89:63:c1 LOWI_PHY_MODE_11NG_HT20(5), Beacon Interval: 100, LOWI_ENCRYPTION_TYPE_WPA_PSK 11mcRanging: No, ANQP: No, LCI: No, Civic: No, capability(0x1411): ESS Privacy ShortSlotTime
11-21 00:35:53.274 D/LOWI-9.0.0.80( 1026): [LOWI-Scan] BSS 2c:57:41:89:63:c1 FREQ: 2437, cFreq1[40:80:160] = [0:0:0] cFreq2 = 0 Country Code = US
11-21 00:35:53.274 D/LOWI-9.0.0.80( 1026): [LOWI-Scan] BSS 2c:57:41:89:63:c1 (wlan0) ASSO: NO AddInfo: 0x0, TSF 1, 08:46:52.341, RSSI: -156, CPL: 2, AGE: 28640,  SSID kittyhawk, TSFDelta: 0x0, TXRate: 0
11-21 00:35:53.274 D/LOWI-9.0.0.80( 1026): [LOWI-Scan] 
11-21 00:35:53.274 D/WificondScannerImpl( 1186): Filtering out 3 scan results.
11-21 00:35:53.274 D/LOWI-9.0.0.80( 1026): [LOWI-Scan] print_bss_handler: Report Probe TSF 118040981636 as it greater than Beacon TSF 0
11-21 00:35:53.274 I/LOWI-9.0.0.80( 1026): [LOWI-Scan] RSN_IE
11-21 00:35:53.274 D/LOWI-9.0.0.80( 1026): [LOWI-Scan] decode_rsn_wpa_ie: Entered
11-21 00:35:53.275 D/LOWI-9.0.0.80( 1026): [LOWIUtils] hexDump: msg(30 14 01 00 00 0f ac 04 01 00 00 0f ac 04 01 00 00 0f ac 02 )
11-21 00:35:53.275 D/LOWI-9.0.0.80( 1026): [LOWI-Scan] decode_rsn_wpa_ie: LOWI_ENCRYPTION_TYPE_WPA_PSK
11-21 00:35:53.275 D/LOWI-9.0.0.80( 1026): [LOWI-Scan] is_qcom_ie, bss_age: 47
11-21 00:35:53.275 D/LOWI-9.0.0.80( 1026): [LOWI-Scan] BSS 2c:57:41:88:72:e1 LOWI_PHY_MODE_11NG_HT20(5), Beacon Interval: 100, LOWI_ENCRYPTION_TYPE_WPA_PSK 11mcRanging: No, ANQP: No, LCI: No, Civic: No, capability(0x1411): ESS Privacy ShortSlotTime
11-21 00:35:53.275 D/LOWI-9.0.0.80( 1026): [LOWI-Scan] BSS 2c:57:41:88:72:e1 FREQ: 2412, cFreq1[40:80:160] = [0:0:0] cFreq2 = 0 Country Code = US
11-21 00:35:53.275 D/LOWI-9.0.0.80( 1026): [LOWI-Scan] BSS 2c:57:41:88:72:e1 (wlan0) ASSO: NO AddInfo: 0x0, TSF 1, 08:47:20.981, RSSI: -142, CPL: 3, AGE: 0,  SSID kittyhawk, TSFDelta: 0x0, TXRate: 0
11-21 00:35:53.279 D/LOWI-9.0.0.80( 1026): [LOWI-Scan] 
11-21 00:35:53.279 D/LOWI-9.0.0.80( 1026): [LOWI-Scan] print_bss_handler: Report Probe TSF 118040981695 as it greater than Beacon TSF 117912412365
11-21 00:35:53.279 I/LOWI-9.0.0.80( 1026): [LOWI-Scan] RSN_IE
11-21 00:35:53.279 D/LOWI-9.0.0.80( 1026): [LOWI-Scan] decode_rsn_wpa_ie: Entered
11-21 00:35:53.279 D/LOWI-9.0.0.80( 1026): [LOWIUtils] hexDump: msg(30 14 01 00 00 0f ac 04 01 00 00 0f ac 04 01 00 00 0f ac 02 )
11-21 00:35:53.279 D/LOWI-9.0.0.80( 1026): [LOWI-Scan] decode_rsn_wpa_ie: LOWI_ENCRYPTION_TYPE_WPA_PSK
11-21 00:35:53.279 D/LOWI-9.0.0.80( 1026): [LOWI-Scan] is_qcom_ie, bss_age: 44
11-21 00:35:53.279 D/LOWI-9.0.0.80( 1026): [LOWI-Scan] BSS 2c:57:41:86:7a:61 LOWI_PHY_MODE_11NG_HT20(5), Beacon Interval: 100, LOWI_ENCRYPTION_TYPE_WPA_PSK 11mcRanging: No, ANQP: No, LCI: No, Civic: No, capability(0x1411): ESS Privacy ShortSlotTime
11-21 00:35:53.279 D/LOWI-9.0.0.80( 1026): [LOWI-Scan] BSS 2c:57:41:86:7a:61 FREQ: 2412, cFreq1[40:80:160] = [0:0:0] cFreq2 = 0 Country Code = US
11-21 00:35:53.279 D/LOWI-9.0.0.80( 1026): [LOWI-Scan] BSS 2c:57:41:86:7a:61 (wlan0) ASSO: NO AddInfo: 0x0, TSF 1, 08:47:20.981, RSSI: -146, CPL: 3, AGE: 0,  SSID kittyhawk, TSFDelta: 0x0, TXRate: 0
11-21 00:35:53.280 D/LOWI-9.0.0.80( 1026): [LOWI-Scan] 
11-21 00:35:53.280 D/PasspointManager( 1186): ANQP entry not found for: 5e:6e:be:46:77:d7:<Pixel_R3>
11-21 00:35:53.280 D/LOWI-9.0.0.80( 1026): [LOWI-Scan] print_bss_handler: Report Probe TSF 118040981777 as it greater than Beacon TSF 118012341696
11-21 00:35:53.280 I/LOWI-9.0.0.80( 1026): [LOWI-Scan] RSN_IE
11-21 00:35:53.280 D/LOWI-9.0.0.80( 1026): [LOWI-Scan] decode_rsn_wpa_ie: Entered
11-21 00:35:53.280 D/LOWI-9.0.0.80( 1026): [LOWIUtils] hexDump: msg(30 18 01 00 00 0f ac 02 02 00 00 0f ac 02 00 0f ac 04 01 00 00 0f ac 02 )
11-21 00:35:53.280 D/LOWI-9.0.0.80( 1026): [LOWI-Scan] decode_rsn_wpa_ie: LOWI_ENCRYPTION_TYPE_WPA_PSK
11-21 00:35:53.280 D/LOWI-9.0.0.80( 1026): [LOWI-Scan] is_qcom_ie, bss_age: 25
11-21 00:35:53.280 D/LOWI-9.0.0.80( 1026): [LOWI-Scan] BSS 18:4f:32:07:46:03 LOWI_PHY_MODE_11NG_HT20(5), Beacon Interval: 100, LOWI_ENCRYPTION_TYPE_WPA_PSK 11mcRanging: No, ANQP: No, LCI: No, Civic: No, capability(0x0431): ESS Privacy ShortPreamble ShortSlotTime
11-21 00:35:53.280 D/LOWI-9.0.0.80( 1026): [LOWI-Scan] BSS 18:4f:32:07:46:03 FREQ: 2437, cFreq1[40:80:160] = [0:0:0] cFreq2 = 0 Country Code =    
11-21 00:35:53.280 D/PasspointManager( 1186): ANQP entry not found for: 12:d7:96:61:85:9f:<Pixel_R5>
11-21 00:35:53.280 D/LOWI-9.0.0.80( 1026): [LOWI-Scan] BSS 18:4f:32:07:46:03 (wlan0) ASSO: NO AddInfo: 0x0, TSF 1, 08:47:20.981, RSSI: -172, CPL: 127, AGE: 0,  SSID HP-Print-03-LaserJet Pro MFP, TSFDelta: 0x0, TXRate: 0
11-21 00:35:53.280 D/PasspointManager( 1186): ANQP entry not found for: ce:dc:12:3b:87:fd:<Pixel5_R1>
11-21 00:35:53.281 D/PasspointManager( 1186): ANQP entry not found for: fe:2d:5a:49:61:eb:<Pixel_R2>
11-21 00:35:53.281 D/LOWI-9.0.0.80( 1026): [LOWI-Scan] 
11-21 00:35:53.281 D/PasspointManager( 1186): ANQP entry not found for: c6:82:9b:4e:b3:9e:<Pixel_R6>
11-21 00:35:53.281 D/LOWI-9.0.0.80( 1026): [LOWI-Scan] print_bss_handler: Report Probe TSF 118040981737 as it greater than Beacon TSF 0
11-21 00:35:53.281 I/LOWI-9.0.0.80( 1026): [LOWI-Scan] RSN_IE
11-21 00:35:53.281 D/LOWI-9.0.0.80( 1026): [LOWI-Scan] decode_rsn_wpa_ie: Entered
11-21 00:35:53.281 D/LOWI-9.0.0.80( 1026): [LOWIUtils] hexDump: msg(30 14 01 00 00 0f ac 04 01 00 00 0f ac 04 01 00 00 0f ac 02 )
11-21 00:35:53.281 D/LOWI-9.0.0.80( 1026): [LOWI-Scan] decode_rsn_wpa_ie: LOWI_ENCRYPTION_TYPE_WPA_PSK
11-21 00:35:53.281 D/LOWI-9.0.0.80( 1026): [LOWI-Scan] is_qcom_ie, bss_age: 4
11-21 00:35:53.281 D/LOWI-9.0.0.80( 1026): [LOWI-Scan] BSS 18:64:72:60:2e:e0 LOWI_PHY_MODE_11NG_HT20(5), Beacon Interval: 100, LOWI_ENCRYPTION_TYPE_WPA_PSK 11mcRanging: No, ANQP: No, LCI: No, Civic: No, capability(0x0431): ESS Privacy ShortPreamble ShortSlotTime
11-21 00:35:53.281 D/LOWI-9.0.0.80( 1026): [LOWI-Scan] BSS 18:64:72:60:2e:e0 FREQ: 2462, cFreq1[40:80:160] = [0:0:0] cFreq2 = 0 Country Code =    
11-21 00:35:53.281 D/LOWI-9.0.0.80( 1026): [LOWI-Scan] BSS 18:64:72:60:2e:e0 (wlan0) ASSO: NO AddInfo: 0x0, TSF 1, 08:47:20.981, RSSI: -156, CPL: 127, AGE: 0,  SSID lab-t24103779, TSFDelta: 0x0, TXRate: 0
11-21 00:35:53.282 D/LOWI-9.0.0.80( 1026): [LOWI-Scan] 
11-21 00:35:53.282 D/LOWI-9.0.0.80( 1026): [LOWI-Scan] print_bss_handler: Report Probe TSF 118012341558 as it greater than Beacon TSF 117962433476
11-21 00:35:53.282 I/LOWI-9.0.0.80( 1026): [LOWI-Scan] RSN_IE
11-21 00:35:53.282 D/LOWI-9.0.0.80( 1026): [LOWI-Scan] decode_rsn_wpa_ie: Entered
11-21 00:35:53.282 D/LOWI-9.0.0.80( 1026): [LOWIUtils] hexDump: msg(30 14 01 00 00 0f ac 04 01 00 00 0f ac 04 01 00 00 0f ac 02 )
11-21 00:35:53.282 D/LOWI-9.0.0.80( 1026): [LOWI-Scan] decode_rsn_wpa_ie: LOWI_ENCRYPTION_TYPE_WPA_PSK
11-21 00:35:53.282 D/LOWI-9.0.0.80( 1026): [LOWI-Scan] is_qcom_ie, bss_age: 50
11-21 00:35:53.282 D/LOWI-9.0.0.80( 1026): [LOWI-Scan] adjust_age:AP AGE upper limit reached. Dont store
11-21 00:35:53.282 D/LOWI-9.0.0.80( 1026): [LOWI-Scan] BSS 52:b8:14:37:74:3f LOWI_PHY_MODE_11AC_VHT20_2G(11), Beacon Interval: 100, LOWI_ENCRYPTION_TYPE_WPA_PSK 11mcRanging: No, ANQP: No, LCI: No, Civic: No, capability(0x1431): ESS Privacy ShortPreamble ShortSlotTime
11-21 00:35:53.282 D/LOWI-9.0.0.80( 1026): [LOWI-Scan] BSS 52:b8:14:37:74:3f FREQ: 2417, cFreq1[40:80:160] = [0:0:0] cFreq2 = 0 Country Code =    
11-21 00:35:53.282 D/LOWI-9.0.0.80( 1026): [LOWI-Scan] BSS 52:b8:14:37:74:3f (wlan0) ASSO: NO AddInfo: 0x0, TSF 1, 08:46:52.341, RSSI: -110, CPL: 127, AGE: 28640,  SSID Pixel_8668, TSFDelta: 0x0, TXRate: 0
11-21 00:35:53.283 D/LOWI-9.0.0.80( 1026): [LOWI-Scan] 
11-21 00:35:53.283 D/LOWI-9.0.0.80( 1026): [LOWI-Scan] print_bss_handler: Report Probe TSF 118040981715 as it greater than Beacon TSF 0
11-21 00:35:53.283 I/LOWI-9.0.0.80( 1026): [LOWI-Scan] RSN_IE
11-21 00:35:53.283 D/LOWI-9.0.0.80( 1026): [LOWI-Scan] decode_rsn_wpa_ie: Entered
11-21 00:35:53.283 D/LOWI-9.0.0.80( 1026): [LOWIUtils] hexDump: msg(30 14 01 00 00 0f ac 04 01 00 00 0f ac 04 01 00 00 0f ac 02 )
11-21 00:35:53.283 D/LOWI-9.0.0.80( 1026): [LOWI-Scan] decode_rsn_wpa_ie: LOWI_ENCRYPTION_TYPE_WPA_PSK
11-21 00:35:53.283 D/LOWI-9.0.0.80( 1026): [LOWI-Scan] is_qcom_ie, bss_age: 6
11-21 00:35:53.283 D/LOWI-9.0.0.80( 1026): [LOWI-Scan] BSS 2c:57:41:86:85:21 LOWI_PHY_MODE_11NG_HT20(5), Beacon Interval: 100, LOWI_ENCRYPTION_TYPE_WPA_PSK 11mcRanging: No, ANQP: No, LCI: No, Civic: No, capability(0x1411): ESS Privacy ShortSlotTime
11-21 00:35:53.283 D/LOWI-9.0.0.80( 1026): [LOWI-Scan] BSS 2c:57:41:86:85:21 FREQ: 2462, cFreq1[40:80:160] = [0:0:0] cFreq2 = 0 Country Code = US
11-21 00:35:53.283 D/LOWI-9.0.0.80( 1026): [LOWI-Scan] BSS 2c:57:41:86:85:21 (wlan0) ASSO: NO AddInfo: 0x0, TSF 1, 08:47:20.981, RSSI: -154, CPL: 2, AGE: 0,  SSID kittyhawk, TSFDelta: 0x0, TXRate: 0
11-21 00:35:53.284 D/LOWI-9.0.0.80( 1026): [LOWI-Scan] 
11-21 00:35:53.284 D/LOWI-9.0.0.80( 1026): [LOWI-Scan] print_bss_handler: Report Probe TSF 118012341751 as it greater than Beacon TSF 0
11-21 00:35:53.284 I/LOWI-9.0.0.80( 1026): [LOWI-Scan] RSN_IE
11-21 00:35:53.284 D/LOWI-9.0.0.80( 1026): [LOWI-Scan] decode_rsn_wpa_ie: Entered
11-21 00:35:53.284 D/LOWI-9.0.0.80( 1026): [LOWIUtils] hexDump: msg(30 14 01 00 00 0f ac 04 01 00 00 0f ac 04 01 00 00 0f ac 02 )
11-21 00:35:53.284 D/LOWI-9.0.0.80( 1026): [LOWI-Scan] decode_rsn_wpa_ie: LOWI_ENCRYPTION_TYPE_WPA_PSK
11-21 00:35:53.284 D/LOWI-9.0.0.80( 1026): [LOWI-Scan] is_qcom_ie, bss_age: 19
11-21 00:35:53.284 D/LOWI-9.0.0.80( 1026): [LOWI-Scan] adjust_age:AP AGE upper limit reached. Dont store
11-21 00:35:53.284 D/LOWI-9.0.0.80( 1026): [LOWI-Scan] BSS 00:24:b1:02:cb:dc LOWI_PHY_MODE_11NG_HT20(5), Beacon Interval: 100, LOWI_ENCRYPTION_TYPE_WPA_PSK 11mcRanging: No, ANQP: No, LCI: No, Civic: No, capability(0x0431): ESS Privacy ShortPreamble ShortSlotTime
11-21 00:35:53.284 D/LOWI-9.0.0.80( 1026): [LOWI-Scan] BSS 00:24:b1:02:cb:dc FREQ: 2452, cFreq1[40:80:160] = [0:0:0] cFreq2 = 0 Country Code =    
11-21 00:35:53.284 D/LOWI-9.0.0.80( 1026): [LOWI-Scan] BSS 00:24:b1:02:cb:dc (wlan0) ASSO: NO AddInfo: 0x0, TSF 1, 08:46:52.341, RSSI: -172, CPL: 127, AGE: 28640,  SSID 0024b1000002cbdc, TSFDelta: 0x0, TXRate: 0
11-21 00:35:53.285 D/LOWI-9.0.0.80( 1026): [LOWI-Scan] 
11-21 00:35:53.285 D/LOWI-9.0.0.80( 1026): [LOWI-Scan] print_bss_handler: Report Probe TSF 118040981612 as it greater than Beacon TSF 0
11-21 00:35:53.285 I/LOWI-9.0.0.80( 1026): [LOWI-Scan] RSN_IE
11-21 00:35:53.285 D/LOWI-9.0.0.80( 1026): [LOWI-Scan] decode_rsn_wpa_ie: Entered
11-21 00:35:53.285 D/LOWI-9.0.0.80( 1026): [LOWIUtils] hexDump: msg(30 14 01 00 00 0f ac 04 01 00 00 0f ac 04 01 00 00 0f ac 02 )
11-21 00:35:53.285 D/LOWI-9.0.0.80( 1026): [LOWI-Scan] decode_rsn_wpa_ie: LOWI_ENCRYPTION_TYPE_WPA_PSK
11-21 00:35:53.285 D/LOWI-9.0.0.80( 1026): [LOWI-Scan] is_qcom_ie, bss_age: 3
11-21 00:35:53.285 D/LOWI-9.0.0.80( 1026): [LOWI-Scan] BSS 2c:57:41:86:90:a1 LOWI_PHY_MODE_11NG_HT20(5), Beacon Interval: 100, LOWI_ENCRYPTION_TYPE_WPA_PSK 11mcRanging: No, ANQP: No, LCI: No, Civic: No, capability(0x1411): ESS Privacy ShortSlotTime
11-21 00:35:53.285 D/LOWI-9.0.0.80( 1026): [LOWI-Scan] BSS 2c:57:41:86:90:a1 FREQ: 2462, cFreq1[40:80:160] = [0:0:0] cFreq2 = 0 Country Code = US
11-21 00:35:53.285 D/LOWI-9.0.0.80( 1026): [LOWI-Scan] BSS 2c:57:41:86:90:a1 (wlan0) ASSO: NO AddInfo: 0x0, TSF 1, 08:47:20.981, RSSI: -140, CPL: 2, AGE: 0,  SSID kittyhawk, TSFDelta: 0x0, TXRate: 0
11-21 00:35:53.286 D/LOWI-9.0.0.80( 1026): [LOWI-Scan] 
11-21 00:35:53.286 D/LOWI-9.0.0.80( 1026): [LOWI-Scan] print_bss_handler: Report Probe TSF 118040981757 as it greater than Beacon TSF 0
11-21 00:35:53.286 I/LOWI-9.0.0.80( 1026): [LOWI-Scan] RSN_IE
11-21 00:35:53.286 D/LOWI-9.0.0.80( 1026): [LOWI-Scan] decode_rsn_wpa_ie: Entered
11-21 00:35:53.286 D/LOWI-9.0.0.80( 1026): [LOWIUtils] hexDump: msg(30 14 01 00 00 0f ac 04 01 00 00 0f ac 04 01 00 00 0f ac 02 )
11-21 00:35:53.286 D/LOWI-9.0.0.80( 1026): [LOWI-Scan] decode_rsn_wpa_ie: LOWI_ENCRYPTION_TYPE_WPA_PSK
11-21 00:35:53.286 D/LOWI-9.0.0.80( 1026): [LOWI-Scan] is_qcom_ie, bss_age: 25
11-21 00:35:53.286 D/LOWI-9.0.0.80( 1026): [LOWI-Scan] BSS 2c:57:41:86:76:61 LOWI_PHY_MODE_11NG_HT20(5), Beacon Interval: 100, LOWI_ENCRYPTION_TYPE_WPA_PSK 11mcRanging: No, ANQP: No, LCI: No, Civic: No, capability(0x1411): ESS Privacy ShortSlotTime
11-21 00:35:53.286 D/LOWI-9.0.0.80( 1026): [LOWI-Scan] BSS 2c:57:41:86:76:61 FREQ: 2437, cFreq1[40:80:160] = [0:0:0] cFreq2 = 0 Country Code = US
11-21 00:35:53.286 D/LOWI-9.0.0.80( 1026): [LOWI-Scan] BSS 2c:57:41:86:76:61 (wlan0) ASSO: NO AddInfo: 0x0, TSF 1, 08:47:20.981, RSSI: -162, CPL: 2, AGE: 0,  SSID kittyhawk, TSFDelta: 0x0, TXRate: 0
11-21 00:35:53.286 D/LOWI-9.0.0.80( 1026): [LOWIDiagLog] Log: lowiMeasResult->request: invalid null argument
11-21 00:35:53.286 I/LOWI-9.0.0.80( 1026): [LOWI-Scan] lowi_close_record:Scan done in 117997057ms, 21 APs in scan results
11-21 00:35:53.286 D/LOWI-9.0.0.80( 1026): [LOWI-Scan] WipsScanUsingNL: passive scan cached 0, took 2506 ms, err 0
11-21 00:35:53.286 D/LOWI-9.0.0.80( 1026): [LOWI-Scan] lowi_proc_req_passive_scan_with_live_meas - No WLAN Frames to be parsed
11-21 00:35:53.286 D/LOWI-9.0.0.80( 1026): [LOWIScanResultReceiver] Send scan meas to listener
11-21 00:35:53.286 D/LOWI-9.0.0.80( 1026): [LOWIScanResultReceiver] Enter passive listening mode
11-21 00:35:53.287 D/LOWI-9.0.0.80( 1026): [LOWIWifiDriverInterface] getMeasurements - Passive listening mode
11-21 00:35:53.287 D/LOWI-9.0.0.80( 1026): [LOWI-Scan] WipsScanUsingNL:wait -1 sec for netlink message
11-21 00:35:53.287 D/LOWI-9.0.0.80( 1026): [LOWIEventReceiver] handleEvent:FROM:NA, TO:NA, REQ:NA, IREQ:NA, REQ_ID:0, RESP:NA, INFO:NA
11-21 00:35:53.287 D/LOWI-9.0.0.80( 1026): [LOWIBackgroundScanMgr] isRspForBgScanMgr: evt(LOWI_NO_EVT) - not handled
11-21 00:35:53.287 D/LOWI-9.0.0.80( 1026): [LOWIScheduler] manageMsg: NULL results or NULL request in results
11-21 00:35:53.287 D/LOWI-9.0.0.80( 1026): [LOWIController] Measurements received
11-21 00:35:53.287 D/LOWI-9.0.0.80( 1026): [LOWICacheManager] putInCache:Num of Meas to add: 21
11-21 00:35:53.288 D/LOWI-9.0.0.80( 1026): [LOWIController] processMeasurementResults: No current Request. Cache measurements
11-21 00:35:53.288 D/LOWI-9.0.0.80( 1026): [LOWIControllerExtn] sendLOWILpDiscoveryScanResponse: Not a discovery scan response
11-21 00:35:53.322 D/WifiSharingService( 2870): Sending scanResults intent with status code 0: PendingIntent{ed75aaa: android.os.BinderProxy@3567ffb}
11-21 00:35:53.328 D/CompatibilityInfo( 1186): mCompatibilityFlags - 4
11-21 00:35:53.328 D/CompatibilityInfo( 1186): applicationDensity - 320
11-21 00:35:53.328 D/CompatibilityInfo( 1186): applicationScale - 1.0
11-21 00:35:54.342 W/HWComposer(  598): Ignoring duplicate VSYNC event from HWC for display 0 (t=118042068085489)
11-21 00:35:54.410 W/HWComposer(  598): Ignoring duplicate VSYNC event from HWC for display 0 (t=118042135615073)
11-21 00:35:55.101 W/HWComposer(  598): Ignoring duplicate VSYNC event from HWC for display 0 (t=118042827201114)
11-21 00:35:55.118 W/HWComposer(  598): Ignoring duplicate VSYNC event from HWC for display 0 (t=118042844066375)
11-21 00:35:55.135 W/HWComposer(  598): Ignoring duplicate VSYNC event from HWC for display 0 (t=118042860940229)
11-21 00:35:55.701 D/UIAutomatorStub( 6483): URI: /jsonrpc/0, Method: POST, Header: {content-length=229, remote-addr=127.0.0.1, http-client-ip=127.0.0.1, host=localhost:9012, content-type=application/json, accept-encoding=identity}, params, {NanoHttpd.QUERY_STRING=null}, files: {postData={"jsonrpc": "2.0", "method": "objInfo", "id": "ba26cb3d09618226ea324cb9eb681a46", "params": [{"mask": 2097152, "childOrSibling": [], "childOrSiblingSelector": [], "resourceId": "com.facebook.wearable.system.settings:id/toggle"}]}}
11-21 00:35:55.784 D/UIAutomatorStub( 6483): URI: /jsonrpc/0, Method: POST, Header: {content-length=227, remote-addr=127.0.0.1, http-client-ip=127.0.0.1, host=localhost:9012, content-type=application/json, accept-encoding=identity}, params, {NanoHttpd.QUERY_STRING=null}, files: {postData={"jsonrpc": "2.0", "method": "click", "id": "031ef95b20b954b6d1ba817be4427ca8", "params": [{"mask": 2097152, "childOrSibling": [], "childOrSiblingSelector": [], "resourceId": "com.facebook.wearable.system.settings:id/toggle"}]}}
11-21 00:35:55.841 D/WifiSharingService( 2870): Setting Wi-Fi enabled state
11-21 00:35:55.842 I/WifiService( 1186): setWifiEnabled package=com.facebook.wearable.system.connectivity uid=1000 enable=false
11-21 00:35:55.844 D/WifiActiveModeWarden( 1186): Switching all client mode managers
11-21 00:35:55.846 D/QCNEJ/WlanStaInfoRelay( 1907): onChange for uri = content://settings/global/wifi_on
11-21 00:35:55.852 E/QMI_FW  (  915): qmi_cci_get_ref: ref count increased 2
11-21 00:35:55.852 D/WifiP2pService( 1186): Wifi enabled=false, P2P Interface availability=true
11-21 00:35:55.854 D/WifiP2pNative( 1186): Teardown P2P interface
11-21 00:35:55.854 D/BluetoothAdapterService( 1710): android.net.wifi.WIFI_STATE_CHANGED
11-21 00:35:55.856 W/ContextImpl( 1186): Calling a method in the system process without a qualified user: android.app.ContextImpl.sendBroadcastMultiplePermissions:1143 android.content.Context.sendBroadcastWithMultiplePermissions:2150 com.android.server.display.WifiDisplayAdapter.handleSendStatusChangeBroadcast:440 com.android.server.display.WifiDisplayAdapter.access$1700:63 com.android.server.display.WifiDisplayAdapter$WifiDisplayHandler.handleMessage:675 
11-21 00:35:55.857 D/WifiP2pService( 1186): Wifi enabled=false, P2P Interface availability=true
11-21 00:35:55.861 W/HWComposer(  598): Ignoring duplicate VSYNC event from HWC for display 0 (t=118043586208458)
11-21 00:35:55.862 D/WifiClientModeManager0( 1186): IMS not registered over IWLAN for subId: 1
11-21 00:35:55.862 D/WifiClientModeManager0( 1186): The target role 5
11-21 00:35:55.898 I/android_os_HwBinder( 1186): HwBinder: Starting thread pool for getting: android.hardware.wifi.supplicant@1.0::ISupplicant/default
11-21 00:35:55.901 I/wpa_supplicant( 9655): wlan0: Do not deauthenticate as part of interface deinit since WoWLAN is enabled
11-21 00:35:55.944 I/wpa_supplicant( 9655): Try to unregister vendor STA network
11-21 00:35:55.968 E/wpa_supplicant( 9655): eap_proxy: pthread_join on eap_proxy=0x4c1feac
11-21 00:35:55.968 E/wpa_supplicant( 9655): eap_proxy: session not started for client = 1
11-21 00:35:55.968 E/QMI_FW  ( 9655): qmi_cci_get_ref: ref count increased 2
11-21 00:35:55.968 E/QMI_FW  ( 9655): qmi_cci_get_ref: ref count increased 2
11-21 00:35:55.972 E/wpa_supplicant( 9655): eap_proxy: Released QMI UIM service client
11-21 00:35:55.972 E/QMI_FW  ( 9655): qmi_cci_get_ref: ref count increased 2
11-21 00:35:55.972 E/QMI_FW  ( 9655): qmi_cci_get_ref: ref count increased 2
11-21 00:35:55.972 E/wpa_supplicant( 9655): eap_proxy: Released QMI EAP service client
11-21 00:35:55.972 E/wpa_supplicant( 9655): eap_proxy: session not started for client = 2
11-21 00:35:55.972 E/QMI_FW  ( 9655): qmi_cci_get_ref: ref count increased 2
11-21 00:35:55.973 E/QMI_FW  ( 9655): qmi_cci_get_ref: ref count increased 2
11-21 00:35:55.973 E/wpa_supplicant( 9655): eap_proxy: Released QMI UIM service client
11-21 00:35:55.973 E/QMI_FW  ( 9655): qmi_cci_get_ref: ref count increased 2
11-21 00:35:55.973 E/QMI_FW  ( 9655): qmi_cci_get_ref: ref count increased 2
11-21 00:35:55.974 E/wpa_supplicant( 9655): eap_proxy: Released QMI EAP service client
11-21 00:35:55.974 I/wpa_supplicant( 9655): eap_proxy: eap_proxy Deinitialzed
11-21 00:35:56.026 I/wpa_supplicant( 9655): nl80211: deinit ifname=wlan0 disabled_11b_rates=0
11-21 00:35:56.084 D/LOWI-9.0.0.80( 1026): [LOWINetlinkSocketReceiver] unpackRTMLinkMessage: RTM_NEWLINK - ifname wlan0, flags 0x11043 ([UP][RUNNING])
11-21 00:35:56.085 D/LOWI-9.0.0.80( 1026): [LOWINetlinkSocketReceiver] processNetlinkPacket: ifname(wlan0) status(2)
11-21 00:35:56.085 D/LOWI-9.0.0.80( 1026): [LOWIController] intfStateReceived: ifname(wlan0) state(2)
11-21 00:35:56.085 D/LOWI-9.0.0.80( 1026): [LOWIEventReceiver] handleEvent:FROM:NA, TO:NA, REQ:NA, IREQ:NA, REQ_ID:0, RESP:NA, INFO:INTF-STATUS-UPDATE
11-21 00:35:56.085 D/LOWI-9.0.0.80( 1026): [LOWIEventReceiver] Info to [INTF-STATUS-UPDATE]
11-21 00:35:56.085 D/LOWI-9.0.0.80( 1026): [LOWIController] updateIntfState: WIFI enabled 2 mNlWifiStatus 2 mWifiStateEnabled 1
11-21 00:35:56.085 D/LOWI-9.0.0.80( 1026): [LOWIController] isWifiEnabled: mNlWifiStatus 2 mWifiStateEnabled 1
11-21 00:35:56.087 I/wpa_supplicant( 9655): Try to unregister vendor interface
11-21 00:35:56.102 W/system_server( 1186): Long monitor contention with owner WifiHandlerThread (1641) at boolean com.android.server.wifi.SupplicantStaIfaceHal.removeIfaceV1_1(java.lang.String)(SupplicantStaIfaceHal.java:810) waiters=0 in void com.android.server.wifi.SupplicantStaIfaceCallbackImpl.onNetworkRemoved(int) for 147ms
11-21 00:35:56.104 I/SupplicantStaIfaceHal( 1186): Terminating supplicant using HIDL
11-21 00:35:56.105 I/wpa_supplicant( 9655): p2p0: Do not deauthenticate as part of interface deinit since WoWLAN is enabled
11-21 00:35:56.154 E/wpa_supplicant( 9655): eap_proxy: pthread_join on eap_proxy=0x4c1ffa8
11-21 00:35:56.154 E/wpa_supplicant( 9655): eap_proxy: session not started for client = 1
11-21 00:35:56.154 E/QMI_FW  ( 9655): qmi_cci_get_ref: ref count increased 2
11-21 00:35:56.154 E/QMI_FW  ( 9655): qmi_cci_get_ref: ref count increased 2
11-21 00:35:56.155 E/wpa_supplicant( 9655): eap_proxy: Released QMI UIM service client
11-21 00:35:56.155 E/QMI_FW  ( 9655): qmi_cci_get_ref: ref count increased 2
11-21 00:35:56.155 E/QMI_FW  ( 9655): qmi_cci_get_ref: ref count increased 2
11-21 00:35:56.156 E/wpa_supplicant( 9655): eap_proxy: Released QMI EAP service client
11-21 00:35:56.156 E/wpa_supplicant( 9655): eap_proxy: session not started for client = 2
11-21 00:35:56.156 E/QMI_FW  ( 9655): qmi_cci_get_ref: ref count increased 2
11-21 00:35:56.156 E/QMI_FW  ( 9655): qmi_cci_get_ref: ref count increased 2
11-21 00:35:56.157 E/wpa_supplicant( 9655): eap_proxy: Released QMI UIM service client
11-21 00:35:56.157 E/QMI_FW  ( 9655): qmi_cci_get_ref: ref count increased 2
11-21 00:35:56.157 E/QMI_FW  ( 9655): qmi_cci_get_ref: ref count increased 2
11-21 00:35:56.157 E/wpa_supplicant( 9655): eap_proxy: Released QMI EAP service client
11-21 00:35:56.157 I/wpa_supplicant( 9655): eap_proxy: eap_proxy Deinitialzed
11-21 00:35:56.216 I/wpa_supplicant( 9655): nl80211: deinit ifname=p2p0 disabled_11b_rates=0
11-21 00:35:56.255 D/ConnectivityService( 1186): handleLingerComplete for [101 CELLULAR]
11-21 00:35:56.273 D/QCNEJ/WwanInfoRelay( 1907): onCapabilitiesChanged: 101 [ Transports: CELLULAR Capabilities: MMS&SUPL&FOTA&INTERNET&NOT_RESTRICTED&TRUSTED&NOT_VPN&VALIDATED&NOT_ROAMING&NOT_CONGESTED&NOT_SUSPENDED LinkUpBandwidth>=15000Kbps LinkDnBandwidth>=30000Kbps Specifier: <TelephonyNetworkSpecifier [mSubId = 1]> AdministratorUids: [] RequestorUid: -1 RequestorPackageName: null]
11-21 00:35:56.275 I/QCNEJ/WwanInfoRelay( 1907): cacheWwanInfo subId = 1 phoneId = 0 slotId = 0
11-21 00:35:56.277 D/LOWI-9.0.0.80( 1026): [LOWINetlinkSocketReceiver] unpackRTMLinkMessage: RTM_NEWLINK - ifname p2p0, flags 0x1003 ([UP])
11-21 00:35:56.297 D/LOWI-9.0.0.80( 1026): [LOWINetlinkSocketReceiver] unpackRTMLinkMessage: RTM_NEWLINK - ifname p2p0, flags 0x1002 ()
11-21 00:35:56.305 D/LOWI-9.0.0.80( 1026): [LOWINetlinkSocketReceiver] unpackRTMLinkMessage: RTM_NEWLINK - ifname p2p0, flags 0x1002 ()
11-21 00:35:56.307 I/wpa_supplicant( 9655): Try to unregister vendor p2 interface
11-21 00:35:56.308 I/WifiP2pNative( 1186): P2P interface teardown completed
11-21 00:35:56.308 D/WifiP2pNative( 1186): P2P InterfaceDestroyedListener p2p0
11-21 00:35:56.308 D/WifiP2pNative( 1186): Ignoring stale interface destroyed listener
11-21 00:35:56.308 D/WifiP2pNative( 1186): P2P InterfaceAvailableListener true
11-21 00:35:56.308 D/WifiP2pService( 1186): Wifi enabled=false, P2P Interface availability=true
11-21 00:35:56.309 I/android_os_HwBinder( 1186): HwBinder: Starting thread pool for getting: android.hardware.wifi.supplicant@1.0::ISupplicant/default
11-21 00:35:56.310 I/wpa_supplicant( 9655): Terminating...
11-21 00:35:56.311 D/LOWI-9.0.0.80( 1026): [LOWINetlinkSocketReceiver] unpackRTMLinkMessage: RTM_NEWLINK - ifname wlan0, flags 0x1003 ([UP])
11-21 00:35:56.311 D/LOWI-9.0.0.80( 1026): [LOWINetlinkSocketReceiver] processNetlinkPacket: ifname(wlan0) status(1)
11-21 00:35:56.312 D/LOWI-9.0.0.80( 1026): [LOWIController] intfStateReceived: ifname(wlan0) state(1)
11-21 00:35:56.312 D/LOWI-9.0.0.80( 1026): [LOWIEventReceiver] handleEvent:FROM:NA, TO:NA, REQ:NA, IREQ:NA, REQ_ID:0, RESP:NA, INFO:INTF-STATUS-UPDATE
11-21 00:35:56.312 D/LOWI-9.0.0.80( 1026): [LOWIEventReceiver] Info to [INTF-STATUS-UPDATE]
11-21 00:35:56.312 D/LOWI-9.0.0.80( 1026): [LOWIController] updateIntfState: WIFI enabled 1 mNlWifiStatus 2 mWifiStateEnabled 1
11-21 00:35:56.312 D/LOWI-9.0.0.80( 1026): [LOWIController] isWifiEnabled: mNlWifiStatus 1 mWifiStateEnabled 1
11-21 00:35:56.356 W/SupplicantP2pIfaceHal( 1186): ISupplicant/ISupplicantP2pIface died: cookie=0
11-21 00:35:56.356 W/SupplicantP2pIfaceHal( 1186): ISupplicant/ISupplicantP2pIface died: cookie=0
11-21 00:35:56.356 D/SupplicantStaIfaceHal( 1186): ISupplicant died: cookie=-7094762788822175570
11-21 00:35:56.357 W/SupplicantP2pIfaceHal( 1186): ISupplicantVendor/ISupplicantVendorP2PIface died: cookie=0
11-21 00:35:56.357 D/LOWI-9.0.0.80( 1026): [LOWINetlinkSocketReceiver] unpackRTMLinkMessage: RTM_NEWLINK - ifname wlan0, flags 0x1003 ([UP])
11-21 00:35:56.357 D/LOWI-9.0.0.80( 1026): [LOWINetlinkSocketReceiver] processNetlinkPacket: ifname(wlan0) status(1)
11-21 00:35:56.357 D/LOWI-9.0.0.80( 1026): [LOWIController] intfStateReceived: ifname(wlan0) state(1)
11-21 00:35:56.358 D/LOWI-9.0.0.80( 1026): [LOWIEventReceiver] handleEvent:FROM:NA, TO:NA, REQ:NA, IREQ:NA, REQ_ID:0, RESP:NA, INFO:INTF-STATUS-UPDATE
11-21 00:35:56.358 D/LOWI-9.0.0.80( 1026): [LOWIEventReceiver] Info to [INTF-STATUS-UPDATE]
