11-20 12:34:14.447 E/DatabaseUtils(25411): 	at android.content.ContentProviderNative.onTransact(ContentProviderNative.java:106)
11-20 12:34:14.447 E/DatabaseUtils(25411): 	at android.os.Binder.execTransactInternal(Binder.java:1154)
11-20 12:34:14.447 E/DatabaseUtils(25411): 	at android.os.Binder.execTransact(Binder.java:1123)
11-20 12:34:14.448 E/AccountsViewModel(26117): AccountsViewModel.flow failed: No Primary Account
11-20 12:34:14.448 E/AccountsViewModel(26117): java.lang.IllegalStateException: No Primary Account
11-20 12:34:14.448 E/AccountsViewModel(26117): 	at android.os.Parcel.createExceptionOrNull(Parcel.java:2381)
11-20 12:34:14.448 E/AccountsViewModel(26117): 	at android.os.Parcel.createException(Parcel.java:2357)
11-20 12:34:14.448 E/AccountsViewModel(26117): 	at android.os.Parcel.readException(Parcel.java:2340)
11-20 12:34:14.448 E/AccountsViewModel(26117): 	at android.database.DatabaseUtils.readExceptionFromParcel(DatabaseUtils.java:190)
11-20 12:34:14.448 E/AccountsViewModel(26117): 	at android.database.DatabaseUtils.readExceptionFromParcel(DatabaseUtils.java:142)
11-20 12:34:14.448 E/AccountsViewModel(26117): 	at android.content.ContentProviderProxy.query(ContentProviderNative.java:472)
11-20 12:34:14.448 E/AccountsViewModel(26117): 	at android.content.ContentResolver.query(ContentResolver.java:1185)
11-20 12:34:14.448 E/AccountsViewModel(26117): 	at android.content.ContentResolver.query(ContentResolver.java:1116)
11-20 12:34:14.448 E/AccountsViewModel(26117): 	at com.facebook.wearable.common.accounts.contract.WearableAccountsContractRequest.query(:51)
11-20 12:34:14.448 E/AccountsViewModel(26117): 	at kotlin.coroutines.jvm.internal.BaseContinuationImpl.invokeSuspend(:95489)
11-20 12:34:14.448 E/AccountsViewModel(26117): 	at com.facebook.wearable.common.accounts.WearableAccountsKt$fb$1.invoke(:9)
11-20 12:34:14.448 E/AccountsViewModel(26117): 	at com.facebook.wearable.common.coroutines.lazy.LazyAsync.get(:101)
11-20 12:34:14.448 E/AccountsViewModel(26117): 	at kotlin.coroutines.jvm.internal.BaseContinuationImpl.invokeSuspend(:96596)
11-20 12:34:14.448 E/AccountsViewModel(26117): 	at com.facebook.wearable.system.settings.accounts.AccountsViewModel$wearableAccountFlow$1.invoke(:11)
11-20 12:34:14.448 E/AccountsViewModel(26117): 	at kotlinx.coroutines.flow.AbstractFlow.collect$rvp0$0(:72)
11-20 12:34:14.448 E/AccountsViewModel(26117): 	at kotlin.coroutines.jvm.internal.BaseContinuationImpl.invokeSuspend(:95417)
11-20 12:34:14.448 E/AccountsViewModel(26117): 	at kotlinx.coroutines.flow.FlowKt__ShareKt$launchSharing$1$2.invoke(Unknown Source:10)
11-20 12:34:14.448 E/AccountsViewModel(26117): 	at kotlin.coroutines.jvm.internal.BaseContinuationImpl.invokeSuspend(:96715)
11-20 12:34:14.448 E/AccountsViewModel(26117): 	at kotlinx.coroutines.flow.FlowKt__MergeKt$mapLatest$1.invoke(Unknown Source:15)
11-20 12:34:14.448 E/AccountsViewModel(26117): 	at kotlin.coroutines.jvm.internal.BaseContinuationImpl.invokeSuspend(:96820)
11-20 12:34:14.448 E/AccountsViewModel(26117): 	at kotlinx.coroutines.flow.internal.ChannelFlowTransformLatest$flowCollect$3$1$2.invoke(Unknown Source:10)
11-20 12:34:14.448 E/AccountsViewModel(26117): 	at kotlinx.coroutines.CoroutineStart.invoke(:32)
11-20 12:34:14.448 E/AccountsViewModel(26117): 	at kotlinx.coroutines.BuildersKt__Builders_commonKt.launch(:15)
11-20 12:34:14.448 E/AccountsViewModel(26117): 	at kotlinx.coroutines.flow.internal.ChannelFlowTransformLatest$flowCollect$3$invokeSuspend$$inlined$collect$1.emit(:56)
11-20 12:34:14.448 E/AccountsViewModel(26117): 	at kotlinx.coroutines.flow.DistinctFlowImpl$collect$$inlined$collect$1.emit(:74)
11-20 12:34:14.448 E/AccountsViewModel(26117): 	at kotlinx.coroutines.flow.FlowKt__LimitKt$dropWhile$lambda-4$$inlined$collect$1.emit(:114)
11-20 12:34:14.448 E/AccountsViewModel(26117): 	at kotlinx.coroutines.flow.FlowKt__ChannelsKt.emitAllImpl$FlowKt__ChannelsKt(:123)
11-20 12:34:14.448 E/AccountsViewModel(26117): 	at kotlin.coroutines.jvm.internal.BaseContinuationImpl.invokeSuspend(:96917)
11-20 12:34:14.448 E/AccountsViewModel(26117): 	at kotlin.coroutines.jvm.internal.BaseContinuationImpl.resumeWith(:5)
11-20 12:34:14.448 E/AccountsViewModel(26117): 	at kotlinx.coroutines.DispatchedTask.run(:131)
11-20 12:34:14.448 E/AccountsViewModel(26117): 	at java.util.concurrent.Executors$RunnableAdapter.call(Executors.java:462)
11-20 12:34:14.448 E/AccountsViewModel(26117): 	at java.util.concurrent.FutureTask.run(FutureTask.java:266)
11-20 12:34:14.448 E/AccountsViewModel(26117): 	at com.facebook.wearable.common.executors.DelayedFutureTask.run(:22)
11-20 12:34:14.448 E/AccountsViewModel(26117): 	at java.util.concurrent.ThreadPoolExecutor.runWorker(ThreadPoolExecutor.java:1167)
11-20 12:34:14.448 E/AccountsViewModel(26117): 	at java.util.concurrent.ThreadPoolExecutor$Worker.run(ThreadPoolExecutor.java:641)
11-20 12:34:14.448 E/AccountsViewModel(26117): 	at com.facebook.wearable.common.executors.NamedThreadFactory$1.run(:7)
11-20 12:34:14.455 W/View    (26117): requestLayout() improperly called by android.view.View{d9844dd V.ED..... ......I. 0,368-474,474} during layout: running second layout pass
11-20 12:34:14.473 W/View    (26117): requestLayout() improperly called by com.facebook.wearable.common.wds.listview.WdsListView{ef11faa V.E..V... ........ 0,0-474,474} during second layout pass: posting in next frame
11-20 12:34:14.791 D/ComplicationController( 4420): Stopping complication controller.
11-20 12:34:14.799 D/ComplicationDataManagerImpl( 4420): Fetching complication data for package: com.facebook.wearable.apps.calendar, com.facebook.wearable.apps.calendar.DAY_DATE_COMPLICATION.
11-20 12:34:14.800 D/ComplicationDataManagerImpl( 4420): Fetching complication data for package: com.facebook.wearable.apps.player, com.facebook.wearable.apps.player.SHORTCUT_COMPLICATION.
11-20 12:34:14.800 D/ComplicationDataManagerImpl( 4420): Fetching complication data for package: com.facebook.wearable.apps.gallery, com.facebook.wearable.apps.gallery.SHORTCUT_COMPLICATION.
11-20 12:34:14.800 D/ComplicationDataManagerImpl( 4420): Fetching complication data for package: com.facebook.wearable.apps.heart, com.facebook.wearable.apps.heart.HEART_RATE.
11-20 12:34:14.803 I/chatty  ( 1194): uid=1000(system) Binder:1194_10 expire 3 lines
11-20 12:34:15.360 D/UIAutomatorStub(26556): URI: /jsonrpc/0, Method: POST, Header: {content-length=192, remote-addr=127.0.0.1, http-client-ip=127.0.0.1, host=localhost:9010, content-type=application/json, accept-encoding=identity}, params, {NanoHttpd.QUERY_STRING=null}, files: {postData={"jsonrpc": "2.0", "method": "waitForExists", "id": "3cdcc5ecadfc7e060bc64e613c95a35a", "params": [{"mask": 1, "childOrSibling": [], "childOrSiblingSelector": [], "text": "Notifications"}, 5]}}
11-20 12:34:15.399 D/UIAutomatorStub(26556): URI: /jsonrpc/0, Method: POST, Header: {content-length=191, remote-addr=127.0.0.1, http-client-ip=127.0.0.1, host=localhost:9010, content-type=application/json, accept-encoding=identity}, params, {NanoHttpd.QUERY_STRING=null}, files: {postData={"jsonrpc": "2.0", "method": "waitForExists", "id": "54de08a48339f7019aba34e530af1dd5", "params": [{"mask": 1, "childOrSibling": [], "childOrSiblingSelector": [], "text": "Connectivity"}, 5]}}
11-20 12:34:15.466 D/UIAutomatorStub(26556): URI: /jsonrpc/0, Method: POST, Header: {content-length=180, remote-addr=127.0.0.1, http-client-ip=127.0.0.1, host=localhost:9010, content-type=application/json, accept-encoding=identity}, params, {NanoHttpd.QUERY_STRING=null}, files: {postData={"jsonrpc": "2.0", "method": "click", "id": "b45119ee6899ab5e5c4a0465edb41c5c", "params": [{"mask": 1, "childOrSibling": [], "childOrSiblingSelector": [], "text": "Connectivity"}]}}
11-20 12:34:15.507 E/ANDR-PERF-OPTSHANDLER(  557): Unable to find the correct node storage pointers for                   resource index=16, node path=/proc/sys/kernel/sched_upmigrate
11-20 12:34:15.507 E/ANDR-PERF-RESOURCEQS(  557): Failed to reset optimization [3, 7]
11-20 12:34:15.507 E/ANDR-PERF-OPTSHANDLER(  557): Unable to find the correct node storage pointers for                   resource index=17, node path=/proc/sys/kernel/sched_downmigrate
11-20 12:34:15.507 E/ANDR-PERF-RESOURCEQS(  557): Failed to reset optimization [3, 8]
11-20 12:34:15.507 E/ANDR-PERF-OPTSHANDLER(  557): Perflock resource /sys/module/lpm_levels/parameters/bias_hyst not supported
11-20 12:34:15.507 E/ANDR-PERF-RESOURCEQS(  557): Failed to reset optimization [1, 2]
11-20 12:34:15.508 E/ANDR-PERF-OPTSHANDLER(  557): Perflock resource /proc/sys/kernel/sched_group_upmigrate not supported
11-20 12:34:15.508 E/ANDR-PERF-RESOURCEQS(  557): Failed to reset optimization [3, 21]
11-20 12:34:15.508 E/ANDR-PERF-OPTSHANDLER(  557): Perflock resource /proc/sys/kernel/sched_group_downmigrate not supported
11-20 12:34:15.508 E/ANDR-PERF-RESOURCEQS(  557): Failed to reset optimization [3, 22]
11-20 12:34:15.553 W/StatusBarClientConnection(26117): Messenger is null, ignoring message: { when=-20h46m41s817ms barrier=1 }
11-20 12:34:15.580 E/StatusBarClientConnection(26117): Service connected
11-20 12:34:15.602 W/View    (26117): requestLayout() improperly called by android.view.View{410b75b V.ED..... ......I. 0,368-474,474} during layout: running second layout pass
11-20 12:34:15.621 W/View    (26117): requestLayout() improperly called by com.facebook.wearable.common.wds.listview.WdsListView{be23a29 V.E..V... ........ 0,0-474,474} during second layout pass: posting in next frame
11-20 12:34:16.274 E/ANDR-PERF-OPTSHANDLER(  557): perf_lock_rel: failed for /proc/sys/vm/swap_ratio as previous value is not stored
11-20 12:34:16.274 E/ANDR-PERF-OPTSHANDLER(  557): perf_lock_rel: failed for /sys/class/kgsl/kgsl-3d0/min_pwrlevel as previous value is not stored
11-20 12:34:16.276 E/ANDR-PERF-RESOURCEQS(  557): Failed to reset optimization [3, 0]
11-20 12:34:16.408 E/TaskPersister( 1194): File error accessing recents directory (directory doesn't exist?).
11-20 12:34:18.585 D/UIAutomatorStub(26556): URI: /jsonrpc/0, Method: POST, Header: {content-length=183, remote-addr=127.0.0.1, http-client-ip=127.0.0.1, host=localhost:9010, content-type=application/json, accept-encoding=identity}, params, {NanoHttpd.QUERY_STRING=null}, files: {postData={"jsonrpc": "2.0", "method": "waitForExists", "id": "e0742f756e34690e56547c91a16493c5", "params": [{"mask": 1, "childOrSibling": [], "childOrSiblingSelector": [], "text": "WiFi"}, 5]}}
11-20 12:34:18.620 D/UIAutomatorStub(26556): URI: /jsonrpc/0, Method: POST, Header: {content-length=172, remote-addr=127.0.0.1, http-client-ip=127.0.0.1, host=localhost:9010, content-type=application/json, accept-encoding=identity}, params, {NanoHttpd.QUERY_STRING=null}, files: {postData={"jsonrpc": "2.0", "method": "click", "id": "a6c17f1bac31ad4266e7510e1741002f", "params": [{"mask": 1, "childOrSibling": [], "childOrSiblingSelector": [], "text": "WiFi"}]}}
11-20 12:34:18.690 W/HWComposer(  577): Ignoring duplicate VSYNC event from HWC for display 0 (t=74804953143234)
11-20 12:34:18.706 W/StatusBarClientConnection(26117): Messenger is null, ignoring message: { when=-20h46m44s969ms barrier=1 }
11-20 12:34:18.724 W/HWComposer(  577): Ignoring duplicate VSYNC event from HWC for display 0 (t=74804986898807)
11-20 12:34:18.728 D/CompatibilityInfo( 1194): mCompatibilityFlags - 4
11-20 12:34:18.729 D/CompatibilityInfo( 1194): applicationDensity - 320
11-20 12:34:18.729 D/CompatibilityInfo( 1194): applicationScale - 1.0
11-20 12:34:18.738 D/WifiConnector( 2841): Network State Changed
11-20 12:34:18.738 E/StatusBarClientConnection(26117): Service connected
11-20 12:34:18.749 W/View    (26117): requestLayout() improperly called by android.view.View{550a283 V.ED..... ......I. 0,368-474,474} during layout: running second layout pass
11-20 12:34:18.757 D/WifiSharingService( 2841): Starting Wi-Fi scan
11-20 12:34:18.757 I/WifiService( 1194): startScan uid=1000
11-20 12:34:18.768 D/WifiNative( 1194): Scan trigered from WifiNative
11-20 12:34:18.769 W/View    (26117): requestLayout() improperly called by com.facebook.wearable.common.wds.listview.WdsListView{8feab46 V.E..V... ........ 0,0-474,474} during second layout pass: posting in next frame
11-20 12:34:18.769 I/chatty  ( 1024): uid=1021(gps) lowi-server expire 68 lines
11-20 12:34:18.770 V/WifiHAL (  539): event received NL80211_CMD_TRIGGER_SCAN
11-20 12:34:18.979 E/QMI_FW  ( 1113): qmi_cci_get_ref: ref count increased 2
11-20 12:34:18.981 E/QMI_FW  ( 1113): qmi_cci_get_ref: ref count increased 2
11-20 12:34:18.994 I/WearableConnectivityManager( 4420): LTE Signal strength is: 1
11-20 12:34:18.994 I/WearableConnectivityManager( 4420): Cellular Signal strength is: 1
11-20 12:34:18.995 D/RadioLinkQualityScoreBuilder( 1975): scoreRsrp: 2scoreRsrq: 2scoreRssnr: 3
11-20 12:34:18.997 D/WirelessInsightServiceImpl( 1975): onSignalStrengthsChanged: SignalStrength = SignalStrength:{mCdma=CellSignalStrengthCdma: cdmaDbm=2147483647 cdmaEcio=2147483647 evdoDbm=2147483647 evdoEcio=2147483647 evdoSnr=2147483647 level=0,mGsm=CellSignalStrengthGsm: rssi=2147483647 ber=2147483647 mTa=2147483647 mLevel=0,mWcdma=CellSignalStrengthWcdma: ss=2147483647 ber=2147483647 rscp=2147483647 ecno=2147483647 level=0,mTdscdma=CellSignalStrengthTdscdma: rssi=2147483647 ber=2147483647 rscp=2147483647 level=0,mLte=CellSignalStrengthLte: rssi=-79 rsrp=-113 rsrq=-14 rssnr=8 cqi=2147483647 ta=2147483647 level=1 parametersUseForLevel=0,mNr=CellSignalStrengthNr:{ csiRsrp = 2147483647 csiRsrq = 2147483647 csiSinr = 2147483647 ssRsrp = 2147483647 ssRsrq = 2147483647 ssSinr = 2147483647 level = 0 parametersUseForLevel = 0 },primary=CellSignalStrengthLte}
11-20 12:34:18.998 D/WirelessInsightServiceImpl( 1975): Score: 2
11-20 12:34:18.998 D/WirelessInsightServiceImpl( 1975): notifyListeners: listeners = 0, score = 2
11-20 12:34:19.348 V/WifiHAL (  539): event received NL80211_CMD_NEW_SCAN_RESULTS
11-20 12:34:19.348 D/WifiNl80211Manager( 1194): Scan result ready event
11-20 12:34:19.348 D/WifiNative( 1194): Scan result ready event
11-20 12:34:19.353 I/LOWI-9.0.0.80( 1024): [LOWI-Scan] RSN_IE
11-20 12:34:19.353 D/LOWI-9.0.0.80( 1024): [LOWI-Scan] decode_rsn_wpa_ie: Entered
11-20 12:34:19.353 D/LOWI-9.0.0.80( 1024): [LOWIUtils] hexDump: msg(30 14 01 00 00 0f ac 04 01 00 00 0f ac 04 01 00 00 0f ac 02 )
11-20 12:34:19.353 D/LOWI-9.0.0.80( 1024): [LOWI-Scan] decode_rsn_wpa_ie: LOWI_ENCRYPTION_TYPE_WPA_PSK
11-20 12:34:19.353 D/LOWI-9.0.0.80( 1024): [LOWI-Scan] is_qcom_ie, bss_age: 3
11-20 12:34:19.353 D/LOWI-9.0.0.80( 1024): [LOWI-Scan] BSS 2c:57:41:86:94:a1 LOWI_PHY_MODE_11NG_HT20(5), Beacon Interval: 100, LOWI_ENCRYPTION_TYPE_WPA_PSK 11mcRanging: No, ANQP: No, LCI: No, Civic: No, capability(0x1411): ESS Privacy ShortSlotTime
11-20 12:34:19.353 D/LOWI-9.0.0.80( 1024): [LOWI-Scan] BSS 2c:57:41:86:94:a1 FREQ: 2462, cFreq1[40:80:160] = [0:0:0] cFreq2 = 0 Country Code = US
11-20 12:34:19.354 D/LOWI-9.0.0.80( 1024): [LOWI-Scan] BSS 2c:57:41:86:94:a1 (wlan0) ASSO: NO AddInfo: 0x0, TSF 0, 20:46:45.611, RSSI: -138, CPL: 2, AGE: 0,  SSID kittyhawk, TSFDelta: 0x0, TXRate: 0
11-20 12:34:19.354 D/LOWI-9.0.0.80( 1024): [LOWI-Scan] 
11-20 12:34:19.354 D/LOWI-9.0.0.80( 1024): [LOWI-Scan] print_bss_handler: Report Probe TSF 74805611078 as it greater than Beacon TSF 73893313762
11-20 12:34:19.354 I/LOWI-9.0.0.80( 1024): [LOWI-Scan] RSN_IE
11-20 12:34:19.354 D/LOWI-9.0.0.80( 1024): [LOWI-Scan] decode_rsn_wpa_ie: Entered
11-20 12:34:19.354 D/LOWI-9.0.0.80( 1024): [LOWIUtils] hexDump: msg(30 14 01 00 00 0f ac 04 01 00 00 0f ac 04 01 00 00 0f ac 02 )
11-20 12:34:19.354 D/LOWI-9.0.0.80( 1024): [LOWI-Scan] decode_rsn_wpa_ie: LOWI_ENCRYPTION_TYPE_WPA_PSK
11-20 12:34:19.354 D/LOWI-9.0.0.80( 1024): [LOWI-Scan] is_qcom_ie, bss_age: 3
11-20 12:34:19.354 D/LOWI-9.0.0.80( 1024): [LOWI-Scan] BSS 2c:57:41:86:90:a1 LOWI_PHY_MODE_11NG_HT20(5), Beacon Interval: 100, LOWI_ENCRYPTION_TYPE_WPA_PSK 11mcRanging: No, ANQP: No, LCI: No, Civic: No, capability(0x1411): ESS Privacy ShortSlotTime
11-20 12:34:19.354 D/LOWI-9.0.0.80( 1024): [LOWI-Scan] BSS 2c:57:41:86:90:a1 FREQ: 2462, cFreq1[40:80:160] = [0:0:0] cFreq2 = 0 Country Code = US
11-20 12:34:19.354 D/LOWI-9.0.0.80( 1024): [LOWI-Scan] BSS 2c:57:41:86:90:a1 (wlan0) ASSO: NO AddInfo: 0x0, TSF 0, 20:46:45.611, RSSI: -142, CPL: 2, AGE: 0,  SSID kittyhawk, TSFDelta: 0x0, TXRate: 0
11-20 12:34:19.354 D/LOWI-9.0.0.80( 1024): [LOWI-Scan] 
11-20 12:34:19.355 D/LOWI-9.0.0.80( 1024): [LOWI-Scan] print_bss_handler: Report Probe TSF 74805610977 as it greater than Beacon TSF 74724990871
11-20 12:34:19.355 I/LOWI-9.0.0.80( 1024): [LOWI-Scan] RSN_IE
11-20 12:34:19.355 D/LOWI-9.0.0.80( 1024): [LOWI-Scan] decode_rsn_wpa_ie: Entered
11-20 12:34:19.355 D/LOWI-9.0.0.80( 1024): [LOWIUtils] hexDump: msg(30 14 01 00 00 0f ac 04 01 00 00 0f ac 04 01 00 00 0f ac 02 )
11-20 12:34:19.355 D/LOWI-9.0.0.80( 1024): [LOWI-Scan] decode_rsn_wpa_ie: LOWI_ENCRYPTION_TYPE_WPA_PSK
11-20 12:34:19.355 D/LOWI-9.0.0.80( 1024): [LOWI-Scan] is_qcom_ie, bss_age: 46
11-20 12:34:19.355 D/LOWI-9.0.0.80( 1024): [LOWI-Scan] BSS be:9e:0e:1c:6e:7f LOWI_PHY_MODE_11AC_VHT20_2G(11), Beacon Interval: 100, LOWI_ENCRYPTION_TYPE_WPA_PSK 11mcRanging: No, ANQP: No, LCI: No, Civic: No, capability(0x1431): ESS Privacy ShortPreamble ShortSlotTime
11-20 12:34:19.355 D/LOWI-9.0.0.80( 1024): [LOWI-Scan] BSS be:9e:0e:1c:6e:7f FREQ: 2412, cFreq1[40:80:160] = [0:0:0] cFreq2 = 0 Country Code =    
11-20 12:34:19.355 D/LOWI-9.0.0.80( 1024): [LOWI-Scan] BSS be:9e:0e:1c:6e:7f (wlan0) ASSO: NO AddInfo: 0x0, TSF 0, 20:46:45.610, RSSI: -122, CPL: 127, AGE: 0,  SSID Pixel_3541, TSFDelta: 0x0, TXRate: 0
11-20 12:34:19.355 D/LOWI-9.0.0.80( 1024): [LOWI-Scan] 
11-20 12:34:19.355 D/LOWI-9.0.0.80( 1024): [LOWI-Scan] print_bss_handler: Report Probe TSF 74805610998 as it greater than Beacon TSF 74753512717
11-20 12:34:19.355 I/LOWI-9.0.0.80( 1024): [LOWI-Scan] RSN_IE
11-20 12:34:19.355 D/LOWI-9.0.0.80( 1024): [LOWI-Scan] decode_rsn_wpa_ie: Entered
11-20 12:34:19.355 D/LOWI-9.0.0.80( 1024): [LOWIUtils] hexDump: msg(30 14 01 00 00 0f ac 04 01 00 00 0f ac 04 01 00 00 0f ac 02 )
11-20 12:34:19.355 D/LOWI-9.0.0.80( 1024): [LOWI-Scan] decode_rsn_wpa_ie: LOWI_ENCRYPTION_TYPE_WPA_PSK
11-20 12:34:19.355 D/LOWI-9.0.0.80( 1024): [LOWI-Scan] is_qcom_ie, bss_age: 47
11-20 12:34:19.356 D/LOWI-9.0.0.80( 1024): [LOWI-Scan] BSS 18:64:72:60:2b:40 LOWI_PHY_MODE_11NG_HT20(5), Beacon Interval: 100, LOWI_ENCRYPTION_TYPE_WPA_PSK 11mcRanging: No, ANQP: No, LCI: No, Civic: No, capability(0x0431): ESS Privacy ShortPreamble ShortSlotTime
11-20 12:34:19.356 D/LOWI-9.0.0.80( 1024): [LOWI-Scan] BSS 18:64:72:60:2b:40 FREQ: 2412, cFreq1[40:80:160] = [0:0:0] cFreq2 = 0 Country Code =    
11-20 12:34:19.356 D/LOWI-9.0.0.80( 1024): [LOWI-Scan] BSS 18:64:72:60:2b:40 (wlan0) ASSO: NO AddInfo: 0x0, TSF 0, 20:46:45.610, RSSI: -140, CPL: 127, AGE: 0,  SSID lab-t24103779, TSFDelta: 0x0, TXRate: 0
11-20 12:34:19.356 D/LOWI-9.0.0.80( 1024): [LOWI-Scan] 
11-20 12:34:19.356 D/LOWI-9.0.0.80( 1024): [LOWI-Scan] print_bss_handler: Report Probe TSF 74776582550 as it greater than Beacon TSF 74158903406
11-20 12:34:19.356 I/LOWI-9.0.0.80( 1024): [LOWI-Scan] RSN_IE
11-20 12:34:19.356 D/LOWI-9.0.0.80( 1024): [LOWI-Scan] decode_rsn_wpa_ie: Entered
11-20 12:34:19.358 D/LOWI-9.0.0.80( 1024): [LOWIUtils] hexDump: msg(30 14 01 00 00 0f ac 04 01 00 00 0f ac 04 01 00 00 0f ac 02 )
11-20 12:34:19.358 D/LOWI-9.0.0.80( 1024): [LOWI-Scan] decode_rsn_wpa_ie: LOWI_ENCRYPTION_TYPE_WPA_PSK
11-20 12:34:19.358 D/LOWI-9.0.0.80( 1024): [LOWI-Scan] is_qcom_ie, bss_age: 2
11-20 12:34:19.358 D/LOWI-9.0.0.80( 1024): [LOWI-Scan] adjust_age:AP AGE upper limit reached. Dont store
11-20 12:34:19.358 D/LOWI-9.0.0.80( 1024): [LOWI-Scan] BSS 2c:57:41:88:72:e1 LOWI_PHY_MODE_11NG_HT20(5), Beacon Interval: 100, LOWI_ENCRYPTION_TYPE_WPA_PSK 11mcRanging: No, ANQP: No, LCI: No, Civic: No, capability(0x1411): ESS Privacy ShortSlotTime
11-20 12:34:19.358 D/LOWI-9.0.0.80( 1024): [LOWI-Scan] BSS 2c:57:41:88:72:e1 FREQ: 2412, cFreq1[40:80:160] = [0:0:0] cFreq2 = 0 Country Code = US
11-20 12:34:19.358 D/LOWI-9.0.0.80( 1024): [LOWI-Scan] BSS 2c:57:41:88:72:e1 (wlan0) ASSO: NO AddInfo: 0x0, TSF 0, 20:46:16.582, RSSI: -148, CPL: 3, AGE: 29030,  SSID kittyhawk, TSFDelta: 0x0, TXRate: 0
11-20 12:34:19.359 D/LOWI-9.0.0.80( 1024): [LOWI-Scan] 
11-20 12:34:19.359 D/LOWI-9.0.0.80( 1024): [LOWI-Scan] print_bss_handler: Report Probe TSF 74805610858 as it greater than Beacon TSF 74220005727
11-20 12:34:19.359 I/LOWI-9.0.0.80( 1024): [LOWI-Scan] RSN_IE
11-20 12:34:19.359 D/LOWI-9.0.0.80( 1024): [LOWI-Scan] decode_rsn_wpa_ie: Entered
11-20 12:34:19.359 D/LOWI-9.0.0.80( 1024): [LOWIUtils] hexDump: msg(30 14 01 00 00 0f ac 04 01 00 00 0f ac 04 01 00 00 0f ac 02 )
11-20 12:34:19.359 D/LOWI-9.0.0.80( 1024): [LOWI-Scan] decode_rsn_wpa_ie: LOWI_ENCRYPTION_TYPE_WPA_PSK
11-20 12:34:19.359 D/LOWI-9.0.0.80( 1024): [LOWI-Scan] is_qcom_ie, bss_age: 25
11-20 12:34:19.359 D/LOWI-9.0.0.80( 1024): [LOWI-Scan] BSS ce:dc:12:3b:87:fd LOWI_PHY_MODE_11AC_VHT20_2G(11), Beacon Interval: 100, LOWI_ENCRYPTION_TYPE_WPA_PSK 11mcRanging: No, ANQP: Yes, LCI: No, Civic: No, capability(0x1431): ESS Privacy ShortPreamble ShortSlotTime
11-20 12:34:19.359 D/LOWI-9.0.0.80( 1024): [LOWI-Scan] BSS ce:dc:12:3b:87:fd FREQ: 2437, cFreq1[40:80:160] = [0:0:0] cFreq2 = 0 Country Code =    
11-20 12:34:19.359 D/LOWI-9.0.0.80( 1024): [LOWI-Scan] BSS ce:dc:12:3b:87:fd (wlan0) ASSO: NO AddInfo: 0x0, TSF 0, 20:46:45.610, RSSI: -106, CPL: 127, AGE: 0,  SSID Pixel5_R1, TSFDelta: 0x0, TXRate: 0
11-20 12:34:19.360 D/LOWI-9.0.0.80( 1024): [LOWI-Scan] 
11-20 12:34:19.360 D/LOWI-9.0.0.80( 1024): [LOWI-Scan] print_bss_handler: Report beacon TSF 74805610894 as it greater than probe TSF 74776582446
11-20 12:34:19.360 I/LOWI-9.0.0.80( 1024): [LOWI-Scan] RSN_IE
11-20 12:34:19.360 D/LOWI-9.0.0.80( 1024): [LOWI-Scan] decode_rsn_wpa_ie: Entered
11-20 12:34:19.360 D/LOWI-9.0.0.80( 1024): [LOWIUtils] hexDump: msg(30 14 01 00 00 0f ac 04 01 00 00 0f ac 04 01 00 00 0f ac 02 )
11-20 12:34:19.360 D/LOWI-9.0.0.80( 1024): [LOWI-Scan] decode_rsn_wpa_ie: LOWI_ENCRYPTION_TYPE_WPA_PSK
11-20 12:34:19.360 D/LOWI-9.0.0.80( 1024): [LOWI-Scan] is_qcom_ie, bss_age: 29
11-20 12:34:19.360 D/LOWI-9.0.0.80( 1024): [LOWI-Scan] BSS fe:2d:5a:49:61:eb LOWI_PHY_MODE_11AC_VHT20_2G(11), Beacon Interval: 100, LOWI_ENCRYPTION_TYPE_WPA_PSK 11mcRanging: No, ANQP: Yes, LCI: No, Civic: No, capability(0x1431): ESS Privacy ShortPreamble ShortSlotTime
11-20 12:34:19.360 D/LOWI-9.0.0.80( 1024): [LOWI-Scan] BSS fe:2d:5a:49:61:eb FREQ: 2452, cFreq1[40:80:160] = [0:0:0] cFreq2 = 0 Country Code =    
11-20 12:34:19.360 D/LOWI-9.0.0.80( 1024): [LOWI-Scan] BSS fe:2d:5a:49:61:eb (wlan0) ASSO: NO AddInfo: 0x1, TSF 0, 20:46:45.610, RSSI: -110, CPL: 127, AGE: 0,  SSID Pixel_R2, TSFDelta: 0x0, TXRate: 0
11-20 12:34:19.361 D/LOWI-9.0.0.80( 1024): [LOWI-Scan] 
11-20 12:34:19.361 D/LOWI-9.0.0.80( 1024): [LOWI-Scan] print_bss_handler: Report Probe TSF 74805610913 as it greater than Beacon TSF 74600541483
11-20 12:34:19.361 I/LOWI-9.0.0.80( 1024): [LOWI-Scan] RSN_IE
11-20 12:34:19.361 D/LOWI-9.0.0.80( 1024): [LOWI-Scan] decode_rsn_wpa_ie: Entered
11-20 12:34:19.361 D/LOWI-9.0.0.80( 1024): [LOWIUtils] hexDump: msg(30 14 01 00 00 0f ac 04 01 00 00 0f ac 04 01 00 00 0f ac 02 )
11-20 12:34:19.361 D/LOWI-9.0.0.80( 1024): [LOWI-Scan] decode_rsn_wpa_ie: LOWI_ENCRYPTION_TYPE_WPA_PSK
11-20 12:34:19.361 D/LOWI-9.0.0.80( 1024): [LOWI-Scan] is_qcom_ie, bss_age: 41
11-20 12:34:19.361 D/LOWI-9.0.0.80( 1024): [LOWI-Scan] BSS 52:b8:14:37:74:3f LOWI_PHY_MODE_11AC_VHT20_2G(11), Beacon Interval: 100, LOWI_ENCRYPTION_TYPE_WPA_PSK 11mcRanging: No, ANQP: No, LCI: No, Civic: No, capability(0x1431): ESS Privacy ShortPreamble ShortSlotTime
11-20 12:34:19.361 D/LOWI-9.0.0.80( 1024): [LOWI-Scan] BSS 52:b8:14:37:74:3f FREQ: 2417, cFreq1[40:80:160] = [0:0:0] cFreq2 = 0 Country Code =    
11-20 12:34:19.361 D/LOWI-9.0.0.80( 1024): [LOWI-Scan] BSS 52:b8:14:37:74:3f (wlan0) ASSO: NO AddInfo: 0x0, TSF 0, 20:46:45.610, RSSI: -104, CPL: 127, AGE: 0,  SSID Pixel_8668, TSFDelta: 0x0, TXRate: 0
11-20 12:34:19.362 D/LOWI-9.0.0.80( 1024): [LOWI-Scan] 
11-20 12:34:19.362 D/LOWI-9.0.0.80( 1024): [LOWI-Scan] print_bss_handler: Report Probe TSF 74805611117 as it greater than Beacon TSF 74651683909
11-20 12:34:19.362 I/LOWI-9.0.0.80( 1024): [LOWI-Scan] RSN_IE
11-20 12:34:19.362 D/LOWI-9.0.0.80( 1024): [LOWI-Scan] decode_rsn_wpa_ie: Entered
11-20 12:34:19.362 D/LOWI-9.0.0.80( 1024): [LOWIUtils] hexDump: msg(30 14 01 00 00 0f ac 04 01 00 00 0f ac 04 01 00 00 0f ac 02 )
11-20 12:34:19.362 D/LOWI-9.0.0.80( 1024): [LOWI-Scan] decode_rsn_wpa_ie: LOWI_ENCRYPTION_TYPE_WPA_PSK
11-20 12:34:19.362 D/LOWI-9.0.0.80( 1024): [LOWI-Scan] is_qcom_ie, bss_age: 27
11-20 12:34:19.362 D/LOWI-9.0.0.80( 1024): [LOWI-Scan] BSS 2c:57:41:89:63:c1 LOWI_PHY_MODE_11NG_HT20(5), Beacon Interval: 100, LOWI_ENCRYPTION_TYPE_WPA_PSK 11mcRanging: No, ANQP: No, LCI: No, Civic: No, capability(0x1411): ESS Privacy ShortSlotTime
11-20 12:34:19.362 D/LOWI-9.0.0.80( 1024): [LOWI-Scan] BSS 2c:57:41:89:63:c1 FREQ: 2437, cFreq1[40:80:160] = [0:0:0] cFreq2 = 0 Country Code = US
11-20 12:34:19.362 D/LOWI-9.0.0.80( 1024): [LOWI-Scan] BSS 2c:57:41:89:63:c1 (wlan0) ASSO: NO AddInfo: 0x0, TSF 0, 20:46:45.611, RSSI: -158, CPL: 2, AGE: 0,  SSID kittyhawk, TSFDelta: 0x0, TXRate: 0
11-20 12:34:19.363 D/LOWI-9.0.0.80( 1024): [LOWI-Scan] 
11-20 12:34:19.363 D/LOWI-9.0.0.80( 1024): [LOWI-Scan] print_bss_handler: Report Probe TSF 74805611155 as it greater than Beacon TSF 74503973273
11-20 12:34:19.363 I/LOWI-9.0.0.80( 1024): [LOWI-Scan] RSN_IE
11-20 12:34:19.363 D/LOWI-9.0.0.80( 1024): [LOWI-Scan] decode_rsn_wpa_ie: Entered
11-20 12:34:19.363 D/LOWI-9.0.0.80( 1024): [LOWIUtils] hexDump: msg(30 14 01 00 00 0f ac 04 01 00 00 0f ac 04 01 00 00 0f ac 02 )
11-20 12:34:19.363 D/LOWI-9.0.0.80( 1024): [LOWI-Scan] decode_rsn_wpa_ie: LOWI_ENCRYPTION_TYPE_WPA_PSK
11-20 12:34:19.363 D/LOWI-9.0.0.80( 1024): [LOWI-Scan] is_qcom_ie, bss_age: 49
11-20 12:34:19.363 D/LOWI-9.0.0.80( 1024): [LOWI-Scan] BSS 2c:57:41:86:7a:61 LOWI_PHY_MODE_11NG_HT20(5), Beacon Interval: 100, LOWI_ENCRYPTION_TYPE_WPA_PSK 11mcRanging: No, ANQP: No, LCI: No, Civic: No, capability(0x1411): ESS Privacy ShortSlotTime
11-20 12:34:19.363 D/LOWI-9.0.0.80( 1024): [LOWI-Scan] BSS 2c:57:41:86:7a:61 FREQ: 2412, cFreq1[40:80:160] = [0:0:0] cFreq2 = 0 Country Code = US
11-20 12:34:19.363 D/LOWI-9.0.0.80( 1024): [LOWI-Scan] BSS 2c:57:41:86:7a:61 (wlan0) ASSO: NO AddInfo: 0x0, TSF 0, 20:46:45.611, RSSI: -156, CPL: 3, AGE: 0,  SSID kittyhawk, TSFDelta: 0x0, TXRate: 0
11-20 12:34:19.364 D/WificondScannerImpl( 1194): Filtering out 1 scan results.
11-20 12:34:19.364 D/LOWI-9.0.0.80( 1024): [LOWI-Scan] 
11-20 12:34:19.365 D/LOWI-9.0.0.80( 1024): [LOWI-Scan] print_bss_handler: Report Probe TSF 74805611176 as it greater than Beacon TSF 74651683970
11-20 12:34:19.365 I/LOWI-9.0.0.80( 1024): [LOWI-Scan] RSN_IE
11-20 12:34:19.365 D/LOWI-9.0.0.80( 1024): [LOWI-Scan] decode_rsn_wpa_ie: Entered
11-20 12:34:19.365 D/LOWI-9.0.0.80( 1024): [LOWIUtils] hexDump: msg(30 14 01 00 00 0f ac 04 01 00 00 0f ac 04 01 00 00 0f ac 02 )
11-20 12:34:19.365 D/LOWI-9.0.0.80( 1024): [LOWI-Scan] decode_rsn_wpa_ie: LOWI_ENCRYPTION_TYPE_WPA_PSK
11-20 12:34:19.365 D/LOWI-9.0.0.80( 1024): [LOWI-Scan] is_qcom_ie, bss_age: 3
11-20 12:34:19.365 D/LOWI-9.0.0.80( 1024): [LOWI-Scan] BSS 2c:57:41:86:85:21 LOWI_PHY_MODE_11NG_HT20(5), Beacon Interval: 100, LOWI_ENCRYPTION_TYPE_WPA_PSK 11mcRanging: No, ANQP: No, LCI: No, Civic: No, capability(0x1411): ESS Privacy ShortSlotTime
11-20 12:34:19.365 D/LOWI-9.0.0.80( 1024): [LOWI-Scan] BSS 2c:57:41:86:85:21 FREQ: 2462, cFreq1[40:80:160] = [0:0:0] cFreq2 = 0 Country Code = US
11-20 12:34:19.365 D/LOWI-9.0.0.80( 1024): [LOWI-Scan] BSS 2c:57:41:86:85:21 (wlan0) ASSO: NO AddInfo: 0x0, TSF 0, 20:46:45.611, RSSI: -164, CPL: 2, AGE: 0,  SSID kittyhawk, TSFDelta: 0x0, TXRate: 0
11-20 12:34:19.366 D/LOWI-9.0.0.80( 1024): [LOWI-Scan] 
11-20 12:34:19.366 D/LOWI-9.0.0.80( 1024): [LOWI-Scan] print_bss_handler: Report Probe TSF 74805611099 as it greater than Beacon TSF 0
11-20 12:34:19.366 I/LOWI-9.0.0.80( 1024): [LOWI-Scan] RSN_IE
11-20 12:34:19.366 D/LOWI-9.0.0.80( 1024): [LOWI-Scan] decode_rsn_wpa_ie: Entered
11-20 12:34:19.366 D/LOWI-9.0.0.80( 1024): [LOWIUtils] hexDump: msg(30 14 01 00 00 0f ac 04 01 00 00 0f ac 04 01 00 00 0f ac 02 )
11-20 12:34:19.366 D/LOWI-9.0.0.80( 1024): [LOWI-Scan] decode_rsn_wpa_ie: LOWI_ENCRYPTION_TYPE_WPA_PSK
11-20 12:34:19.366 D/LOWI-9.0.0.80( 1024): [LOWI-Scan] is_qcom_ie, bss_age: 49
11-20 12:34:19.366 D/LOWI-9.0.0.80( 1024): [LOWI-Scan] BSS 2c:57:41:89:53:21 LOWI_PHY_MODE_11NG_HT20(5), Beacon Interval: 100, LOWI_ENCRYPTION_TYPE_WPA_PSK 11mcRanging: No, ANQP: No, LCI: No, Civic: No, capability(0x1411): ESS Privacy ShortSlotTime
11-20 12:34:19.366 D/LOWI-9.0.0.80( 1024): [LOWI-Scan] BSS 2c:57:41:89:53:21 FREQ: 2412, cFreq1[40:80:160] = [0:0:0] cFreq2 = 0 Country Code = US
11-20 12:34:19.366 D/LOWI-9.0.0.80( 1024): [LOWI-Scan] BSS 2c:57:41:89:53:21 (wlan0) ASSO: NO AddInfo: 0x0, TSF 0, 20:46:45.611, RSSI: -160, CPL: 3, AGE: 0,  SSID kittyhawk, TSFDelta: 0x0, TXRate: 0
11-20 12:34:19.367 D/LOWI-9.0.0.80( 1024): [LOWI-Scan] 
11-20 12:34:19.367 D/LOWI-9.0.0.80( 1024): [LOWI-Scan] print_bss_handler: Report Probe TSF 74805611136 as it greater than Beacon TSF 0
11-20 12:34:19.367 I/LOWI-9.0.0.80( 1024): [LOWI-Scan] RSN_IE
11-20 12:34:19.367 D/LOWI-9.0.0.80( 1024): [LOWI-Scan] decode_rsn_wpa_ie: Entered
11-20 12:34:19.367 D/LOWI-9.0.0.80( 1024): [LOWIUtils] hexDump: msg(30 14 01 00 00 0f ac 04 01 00 00 0f ac 04 01 00 00 0f ac 02 )
11-20 12:34:19.367 D/LOWI-9.0.0.80( 1024): [LOWI-Scan] decode_rsn_wpa_ie: LOWI_ENCRYPTION_TYPE_WPA_PSK
11-20 12:34:19.367 D/LOWI-9.0.0.80( 1024): [LOWI-Scan] is_qcom_ie, bss_age: 3
11-20 12:34:19.367 D/LOWI-9.0.0.80( 1024): [LOWI-Scan] BSS 18:64:72:60:2e:e0 LOWI_PHY_MODE_11NG_HT20(5), Beacon Interval: 100, LOWI_ENCRYPTION_TYPE_WPA_PSK 11mcRanging: No, ANQP: No, LCI: No, Civic: No, capability(0x0431): ESS Privacy ShortPreamble ShortSlotTime
11-20 12:34:19.367 D/LOWI-9.0.0.80( 1024): [LOWI-Scan] BSS 18:64:72:60:2e:e0 FREQ: 2462, cFreq1[40:80:160] = [0:0:0] cFreq2 = 0 Country Code =    
11-20 12:34:19.367 D/LOWI-9.0.0.80( 1024): [LOWI-Scan] BSS 18:64:72:60:2e:e0 (wlan0) ASSO: NO AddInfo: 0x0, TSF 0, 20:46:45.611, RSSI: -158, CPL: 127, AGE: 0,  SSID lab-t24103779, TSFDelta: 0x0, TXRate: 0
11-20 12:34:19.368 D/LOWI-9.0.0.80( 1024): [LOWIDiagLog] Log: lowiMeasResult->request: invalid null argument
11-20 12:34:19.368 I/LOWI-9.0.0.80( 1024): [LOWI-Scan] lowi_close_record:Scan done in 74761851ms, 19 APs in scan results
11-20 12:34:19.368 D/LOWI-9.0.0.80( 1024): [LOWI-Scan] WipsScanUsingNL: passive scan cached 0, took 9723 ms, err 0
11-20 12:34:19.368 D/LOWI-9.0.0.80( 1024): [LOWI-Scan] lowi_proc_req_passive_scan_with_live_meas - No WLAN Frames to be parsed
11-20 12:34:19.368 D/LOWI-9.0.0.80( 1024): [LOWIScanResultReceiver] Send scan meas to listener
11-20 12:34:19.368 D/LOWI-9.0.0.80( 1024): [LOWIScanResultReceiver] Enter passive listening mode
11-20 12:34:19.368 D/LOWI-9.0.0.80( 1024): [LOWIWifiDriverInterface] getMeasurements - Passive listening mode
11-20 12:34:19.368 D/LOWI-9.0.0.80( 1024): [LOWI-Scan] WipsScanUsingNL:wait -1 sec for netlink message
11-20 12:34:19.368 D/LOWI-9.0.0.80( 1024): [LOWIEventReceiver] handleEvent:FROM:NA, TO:NA, REQ:NA, IREQ:NA, REQ_ID:0, RESP:NA, INFO:NA
11-20 12:34:19.369 D/LOWI-9.0.0.80( 1024): [LOWIBackgroundScanMgr] isRspForBgScanMgr: evt(LOWI_NO_EVT) - not handled
11-20 12:34:19.369 D/LOWI-9.0.0.80( 1024): [LOWIScheduler] manageMsg: NULL results or NULL request in results
11-20 12:34:19.369 D/LOWI-9.0.0.80( 1024): [LOWIController] Measurements received
11-20 12:34:19.369 D/LOWI-9.0.0.80( 1024): [LOWICacheManager] putInCache:Num of Meas to add: 19
11-20 12:34:19.371 D/LOWI-9.0.0.80( 1024): [LOWIController] processMeasurementResults: No current Request. Cache measurements
11-20 12:34:19.371 D/LOWI-9.0.0.80( 1024): [LOWIControllerExtn] sendLOWILpDiscoveryScanResponse: Not a discovery scan response
11-20 12:34:19.373 D/PasspointManager( 1194): ANQP entry not found for: c6:82:9b:4e:b3:9e:<Pixel_R6>
11-20 12:34:19.373 D/PasspointManager( 1194): ANQP entry not found for: 5e:6e:be:46:77:d7:<Pixel_R3>
11-20 12:34:19.373 D/PasspointManager( 1194): ANQP entry not found for: 12:d7:96:61:85:9f:<Pixel_R5>
11-20 12:34:19.373 D/PasspointManager( 1194): ANQP entry not found for: ce:dc:12:3b:87:fd:<Pixel5_R1>
11-20 12:34:19.374 D/PasspointManager( 1194): ANQP entry not found for: fe:2d:5a:49:61:eb:<Pixel_R2>
11-20 12:34:19.413 D/WifiSharingService( 2841): Sending scanResults intent with status code 0: PendingIntent{a6bfc38: android.os.BinderProxy@f0906c1}
11-20 12:34:19.419 D/CompatibilityInfo( 1194): mCompatibilityFlags - 4
11-20 12:34:19.419 D/CompatibilityInfo( 1194): applicationDensity - 320
11-20 12:34:19.419 D/CompatibilityInfo( 1194): applicationScale - 1.0
11-20 12:34:19.873 D/commandrouter( 1117): rtc_sync (1, rtc:sync): <ServiceRequest> FORWARDED (remote -> local) service client ID = 0, token ID = 40244
11-20 12:34:19.873 D/vendor.facebook.rtc_sync@1.0-service( 1129): Request req_ts=1637411659868140331 resp_ts=1637411659873510535
11-20 12:34:19.874 D/commandrouter( 1117): SocServiceHandle::onServiceMessage, SoC Service = rtc_sync, appType = 1, type = SVC_RESP, clientId = 0, token = 40244, payloadLen = 8, result = 0, payload.size() = 8
11-20 12:34:20.377 W/HWComposer(  577): Ignoring duplicate VSYNC event from HWC for display 0 (t=74806640945681)
11-20 12:34:20.428 W/HWComposer(  577): Ignoring duplicate VSYNC event from HWC for display 0 (t=74806691649119)
11-20 12:34:20.445 W/HWComposer(  577): Ignoring duplicate VSYNC event from HWC for display 0 (t=74806708421254)
11-20 12:34:20.520 D/AppStorageManager( 1194): BEFORE:: Previous Size: 887320576 Current Size: 887271424
11-20 12:34:20.520 D/AppStorageManager( 1194): AFTER:: Previous Size: 887271424 Current Size: 887271424
11-20 12:34:20.556 D/AnalyticsLogger( 1194): sent events: 13
11-20 12:34:21.188 W/HWComposer(  577): Ignoring duplicate VSYNC event from HWC for display 0 (t=74807451135212)
11-20 12:34:21.238 W/HWComposer(  577): Ignoring duplicate VSYNC event from HWC for display 0 (t=74807501724587)
11-20 12:34:21.737 D/UIAutomatorStub(26556): URI: /jsonrpc/0, Method: POST, Header: {content-length=229, remote-addr=127.0.0.1, http-client-ip=127.0.0.1, host=localhost:9010, content-type=application/json, accept-encoding=identity}, params, {NanoHttpd.QUERY_STRING=null}, files: {postData={"jsonrpc": "2.0", "method": "objInfo", "id": "2940f2faaf4e5ec8b46715902ff696d0", "params": [{"mask": 2097152, "childOrSibling": [], "childOrSiblingSelector": [], "resourceId": "com.facebook.wearable.system.settings:id/toggle"}]}}
11-20 12:34:21.837 D/UIAutomatorStub(26556): URI: /jsonrpc/0, Method: POST, Header: {content-length=227, remote-addr=127.0.0.1, http-client-ip=127.0.0.1, host=localhost:9010, content-type=application/json, accept-encoding=identity}, params, {NanoHttpd.QUERY_STRING=null}, files: {postData={"jsonrpc": "2.0", "method": "click", "id": "6e65e701842b72d0afebcb272d5bb1a6", "params": [{"mask": 2097152, "childOrSibling": [], "childOrSiblingSelector": [], "resourceId": "com.facebook.wearable.system.settings:id/toggle"}]}}
11-20 12:34:21.856 D/ConnectivityService( 1194): handleLingerComplete for [100 CELLULAR]
11-20 12:34:21.860 W/MqttClient( 2665): connection/disconnecting; reason=READ_SOCKET, operation=NETWORK_THREAD_LOOP
11-20 12:34:21.860 W/System.err( 2665): DEBUG: com.whatsapp.net.tls13.WtSocketWrapper.sendAlertAndShutdown(:86) : Sending Alert : type : WARNING description : close_notify(0) exception : 
11-20 12:34:21.862 W/System.err( 2665): ERROR: com.whatsapp.net.logging.WtLog.log$REDEX$HQcOuACUrr4(:4) : Encountered exception. Nothing much can be done here. com.whatsapp.net.alerts.WtAlertException
11-20 12:34:21.909 D/WifiSharingService( 2841): Setting Wi-Fi enabled state
11-20 12:34:21.910 I/WifiService( 1194): setWifiEnabled package=com.facebook.wearable.system.connectivity uid=1000 enable=false
11-20 12:34:21.914 D/QCNEJ/WlanStaInfoRelay( 1900): onChange for uri = content://settings/global/wifi_on
11-20 12:34:21.924 E/QMI_FW  (  927): qmi_cci_get_ref: ref count increased 2
11-20 12:34:21.931 D/QCNEJ/WwanInfoRelay( 1900): onCapabilitiesChanged: 100 [ Transports: CELLULAR Capabilities: MMS&SUPL&FOTA&INTERNET&NOT_RESTRICTED&TRUSTED&NOT_VPN&VALIDATED&NOT_ROAMING&NOT_CONGESTED&NOT_SUSPENDED LinkUpBandwidth>=15000Kbps LinkDnBandwidth>=30000Kbps Specifier: <TelephonyNetworkSpecifier [mSubId = 1]> AdministratorUids: [] RequestorUid: -1 RequestorPackageName: null]
11-20 12:34:21.935 I/QCNEJ/WwanInfoRelay( 1900): cacheWwanInfo subId = 1 phoneId = 0 slotId = 0
11-20 12:34:21.944 W/System.err( 2665): INFO: com.whatsapp.net.logging.WtLog.log$REDEX$HQcOuACUrr4(:4) : Start handshake.
11-20 12:34:21.951 D/WifiActiveModeWarden( 1194): Switching all client mode managers
11-20 12:34:21.956 D/WifiP2pService( 1194): Wifi enabled=false, P2P Interface availability=true
11-20 12:34:21.959 D/WifiP2pService( 1194): Wifi enabled=false, P2P Interface availability=true
11-20 12:34:21.959 D/WifiP2pNative( 1194): Teardown P2P interface
11-20 12:34:21.974 W/System.err( 2665): INFO: com.whatsapp.net.logging.WtLog.log$REDEX$HQcOuACUrr4(:4) : Handshake complete : session_resumed true early_data_sent false early_data_accepted false client_cert_requested false time_ms 30
11-20 12:34:21.979 I/wpa_supplicant(29291): p2p0: Do not deauthenticate as part of interface deinit since WoWLAN is enabled
11-20 12:34:21.983 D/WifiClientModeManager1( 1194): IMS not registered over IWLAN for subId: 1
11-20 12:34:21.983 D/WifiClientModeManager1( 1194): The target role 5
11-20 12:34:21.985 W/ContextImpl( 1194): Calling a method in the system process without a qualified user: android.app.ContextImpl.sendBroadcastMultiplePermissions:1143 android.content.Context.sendBroadcastWithMultiplePermissions:2150 com.android.server.display.WifiDisplayAdapter.handleSendStatusChangeBroadcast:440 com.android.server.display.WifiDisplayAdapter.access$1700:63 com.android.server.display.WifiDisplayAdapter$WifiDisplayHandler.handleMessage:675 
11-20 12:34:22.001 E/QMI_FW  ( 1113): qmi_cci_get_ref: ref count increased 2
11-20 12:34:22.001 E/QMI_FW  ( 1113): qmi_cci_get_ref: ref count increased 2
11-20 12:34:22.002 E/QMI_FW  ( 1113): qmi_cci_get_ref: ref count increased 2
11-20 12:34:22.016 E/wpa_supplicant(29291): eap_proxy: pthread_join on eap_proxy=0x709afa8
11-20 12:34:22.017 E/wpa_supplicant(29291): eap_proxy: session not started for client = 1
11-20 12:34:22.017 E/QMI_FW  (29291): qmi_cci_get_ref: ref count increased 2
11-20 12:34:22.017 E/QMI_FW  (29291): qmi_cci_get_ref: ref count increased 2
11-20 12:34:22.017 E/wpa_supplicant(29291): eap_proxy: Released QMI UIM service client
11-20 12:34:22.017 E/QMI_FW  (29291): qmi_cci_get_ref: ref count increased 2
11-20 12:34:22.017 E/QMI_FW  (29291): qmi_cci_get_ref: ref count increased 2
11-20 12:34:22.020 E/wpa_supplicant(29291): eap_proxy: Released QMI EAP service client
11-20 12:34:22.020 E/wpa_supplicant(29291): eap_proxy: session not started for client = 2
11-20 12:34:22.020 E/QMI_FW  (29291): qmi_cci_get_ref: ref count increased 2
11-20 12:34:22.020 E/QMI_FW  (29291): qmi_cci_get_ref: ref count increased 2
11-20 12:34:22.022 E/wpa_supplicant(29291): eap_proxy: Released QMI UIM service client
11-20 12:34:22.022 E/QMI_FW  (29291): qmi_cci_get_ref: ref count increased 2
11-20 12:34:22.022 E/QMI_FW  (29291): qmi_cci_get_ref: ref count increased 2
11-20 12:34:22.023 E/wpa_supplicant(29291): eap_proxy: Released QMI EAP service client
11-20 12:34:22.023 I/wpa_supplicant(29291): eap_proxy: eap_proxy Deinitialzed
11-20 12:34:22.058 I/wpa_supplicant(29291): nl80211: deinit ifname=p2p0 disabled_11b_rates=0
11-20 12:34:22.097 D/LOWI-9.0.0.80( 1024): [LOWINetlinkSocketReceiver] unpackRTMLinkMessage: RTM_NEWLINK - ifname p2p0, flags 0x1003 ([UP])
11-20 12:34:22.126 D/LOWI-9.0.0.80( 1024): [LOWINetlinkSocketReceiver] unpackRTMLinkMessage: RTM_NEWLINK - ifname p2p0, flags 0x1002 ()
11-20 12:34:22.129 D/LOWI-9.0.0.80( 1024): [LOWINetlinkSocketReceiver] unpackRTMLinkMessage: RTM_NEWLINK - ifname p2p0, flags 0x1002 ()
11-20 12:34:22.130 I/wpa_supplicant(29291): Try to unregister vendor p2 interface
11-20 12:34:22.139 I/WifiP2pNative( 1194): P2P interface teardown completed
11-20 12:34:22.139 D/WifiP2pNative( 1194): P2P InterfaceDestroyedListener p2p0
11-20 12:34:22.139 D/WifiP2pNative( 1194): Ignoring stale interface destroyed listener
11-20 12:34:22.139 D/WifiP2pNative( 1194): P2P InterfaceAvailableListener true
11-20 12:34:22.139 D/WifiP2pService( 1194): Wifi enabled=false, P2P Interface availability=true
11-20 12:34:22.141 I/android_os_HwBinder( 1194): HwBinder: Starting thread pool for getting: android.hardware.wifi.supplicant@1.0::ISupplicant/default
11-20 12:34:22.144 I/wpa_supplicant(29291): wlan0: Do not deauthenticate as part of interface deinit since WoWLAN is enabled
11-20 12:34:22.206 I/wpa_supplicant(29291): Try to unregister vendor STA network
11-20 12:34:22.216 E/wpa_supplicant(29291): eap_proxy: pthread_join on eap_proxy=0x709aeac
11-20 12:34:22.216 E/wpa_supplicant(29291): eap_proxy: session not started for client = 1
11-20 12:34:22.216 E/QMI_FW  (29291): qmi_cci_get_ref: ref count increased 2
11-20 12:34:22.216 E/QMI_FW  (29291): qmi_cci_get_ref: ref count increased 2
11-20 12:34:22.217 E/wpa_supplicant(29291): eap_proxy: Released QMI UIM service client
11-20 12:34:22.217 E/QMI_FW  (29291): qmi_cci_get_ref: ref count increased 2
11-20 12:34:22.217 E/QMI_FW  (29291): qmi_cci_get_ref: ref count increased 2
11-20 12:34:22.217 E/wpa_supplicant(29291): eap_proxy: Released QMI EAP service client
11-20 12:34:22.217 E/wpa_supplicant(29291): eap_proxy: session not started for client = 2
11-20 12:34:22.217 E/QMI_FW  (29291): qmi_cci_get_ref: ref count increased 2
11-20 12:34:22.217 E/QMI_FW  (29291): qmi_cci_get_ref: ref count increased 2
11-20 12:34:22.217 E/wpa_supplicant(29291): eap_proxy: Released QMI UIM service client
11-20 12:34:22.217 E/QMI_FW  (29291): qmi_cci_get_ref: ref count increased 2
11-20 12:34:22.217 E/QMI_FW  (29291): qmi_cci_get_ref: ref count increased 2
11-20 12:34:22.219 E/wpa_supplicant(29291): eap_proxy: Released QMI EAP service client
11-20 12:34:22.219 I/wpa_supplicant(29291): eap_proxy: eap_proxy Deinitialzed
11-20 12:34:22.268 I/wpa_supplicant(29291): nl80211: deinit ifname=wlan0 disabled_11b_rates=0
11-20 12:34:22.317 I/wpa_supplicant(29291): Try to unregister vendor interface
11-20 12:34:22.319 D/LOWI-9.0.0.80( 1024): [LOWINetlinkSocketReceiver] unpackRTMLinkMessage: RTM_NEWLINK - ifname wlan0, flags 0x11043 ([UP][RUNNING])
11-20 12:34:22.319 D/LOWI-9.0.0.80( 1024): [LOWINetlinkSocketReceiver] processNetlinkPacket: ifname(wlan0) status(2)
11-20 12:34:22.319 D/LOWI-9.0.0.80( 1024): [LOWIController] intfStateReceived: ifname(wlan0) state(2)
11-20 12:34:22.319 D/LOWI-9.0.0.80( 1024): [LOWIEventReceiver] handleEvent:FROM:NA, TO:NA, REQ:NA, IREQ:NA, REQ_ID:0, RESP:NA, INFO:INTF-STATUS-UPDATE
11-20 12:34:22.319 D/LOWI-9.0.0.80( 1024): [LOWIEventReceiver] Info to [INTF-STATUS-UPDATE]
11-20 12:34:22.319 D/LOWI-9.0.0.80( 1024): [LOWIController] updateIntfState: WIFI enabled 2 mNlWifiStatus 2 mWifiStateEnabled 1
11-20 12:34:22.319 D/LOWI-9.0.0.80( 1024): [LOWIController] isWifiEnabled: mNlWifiStatus 2 mWifiStateEnabled 1
11-20 12:34:22.320 I/SupplicantStaIfaceHal( 1194): Terminating supplicant using HIDL
11-20 12:34:22.321 I/android_os_HwBinder( 1194): HwBinder: Starting thread pool for getting: android.hardware.wifi.supplicant@1.0::ISupplicant/default
11-20 12:34:22.325 I/wpa_supplicant(29291): Terminating...
11-20 12:34:22.327 D/LOWI-9.0.0.80( 1024): [LOWINetlinkSocketReceiver] unpackRTMLinkMessage: RTM_NEWLINK - ifname wlan0, flags 0x1003 ([UP])
11-20 12:34:22.327 D/LOWI-9.0.0.80( 1024): [LOWINetlinkSocketReceiver] processNetlinkPacket: ifname(wlan0) status(1)
11-20 12:34:22.327 D/LOWI-9.0.0.80( 1024): [LOWIController] intfStateReceived: ifname(wlan0) state(1)
11-20 12:34:22.328 D/LOWI-9.0.0.80( 1024): [LOWIEventReceiver] handleEvent:FROM:NA, TO:NA, REQ:NA, IREQ:NA, REQ_ID:0, RESP:NA, INFO:INTF-STATUS-UPDATE
11-20 12:34:22.328 D/LOWI-9.0.0.80( 1024): [LOWIEventReceiver] Info to [INTF-STATUS-UPDATE]
11-20 12:34:22.328 D/LOWI-9.0.0.80( 1024): [LOWIController] updateIntfState: WIFI enabled 1 mNlWifiStatus 2 mWifiStateEnabled 1
11-20 12:34:22.328 D/LOWI-9.0.0.80( 1024): [LOWIController] isWifiEnabled: mNlWifiStatus 1 mWifiStateEnabled 1
11-20 12:34:22.367 W/SupplicantP2pIfaceHal( 1194): ISupplicant/ISupplicantP2pIface died: cookie=0
11-20 12:34:22.367 W/SupplicantP2pIfaceHal( 1194): ISupplicantVendor/ISupplicantVendorP2PIface died: cookie=0
11-20 12:34:22.367 W/SupplicantP2pIfaceHal( 1194): ISupplicant/ISupplicantP2pIface died: cookie=0
11-20 12:34:22.368 D/SupplicantStaIfaceHal( 1194): ISupplicant died: cookie=4991167386083703013
11-20 12:34:22.368 W/SupplicantP2pIfaceHal( 1194): ISupplicantVendor/ISupplicantVendorP2PIface died: cookie=0
11-20 12:34:22.373 W/SupplicantStaIfaceHal( 1194): Timed out waiting for confirmation of supplicant death
11-20 12:34:22.373 D/LOWI-9.0.0.80( 1024): [LOWINetlinkSocketReceiver] unpackRTMLinkMessage: RTM_NEWLINK - ifname wlan0, flags 0x1003 ([UP])
11-20 12:34:22.373 D/LOWI-9.0.0.80( 1024): [LOWINetlinkSocketReceiver] processNetlinkPacket: ifname(wlan0) status(1)
11-20 12:34:22.373 D/LOWI-9.0.0.80( 1024): [LOWIController] intfStateReceived: ifname(wlan0) state(1)
11-20 12:34:22.374 D/LOWI-9.0.0.80( 1024): [LOWIEventReceiver] handleEvent:FROM:NA, TO:NA, REQ:NA, IREQ:NA, REQ_ID:0, RESP:NA, INFO:INTF-STATUS-UPDATE
11-20 12:34:22.374 D/LOWI-9.0.0.80( 1024): [LOWIEventReceiver] Info to [INTF-STATUS-UPDATE]
11-20 12:34:22.374 D/LOWI-9.0.0.80( 1024): [LOWIController] updateIntfState: WIFI enabled 1 mNlWifiStatus 1 mWifiStateEnabled 1
11-20 12:34:22.374 D/LOWI-9.0.0.80( 1024): [LOWIController] isWifiEnabled: mNlWifiStatus 1 mWifiStateEnabled 1
11-20 12:34:22.376 V/WifiHAL (  539): event received NL80211_CMD_DISCONNECT
11-20 12:34:22.385 W/system_server( 1194): Long monitor contention with owner WifiHandlerThread (1636) at void com.android.server.wifi.SupplicantStaIfaceHal.terminate()(SupplicantStaIfaceHal.java:990) waiters=0 in void com.android.server.wifi.SupplicantStaIfaceCallbackImpl.onNetworkRemoved(int) for 157ms
11-20 12:34:22.386 W/SupplicantStaIfaceHal( 1194): ISupplicantVendor/ISupplicantVendorStaIface died: cookie=0
11-20 12:34:22.387 W/SupplicantStaIfaceHal( 1194): ISupplicantVendor/ISupplicantVendorStaIface died: cookie=0
11-20 12:34:22.388 E/SupplicantStaIfaceHal( 1194): Can't call getKeyMgmtCapabilities_1_3, ISupplicantStaIface is null
11-20 12:34:22.390 V/WifiHAL (  539): WifiVendorCommand 0xaad86b98 created vendor_id:0x1374 subcmd:38
11-20 12:34:22.390 V/WifiHAL (  539): Got a Wi-Fi HAL module message from Driver
11-20 12:34:22.390 V/WifiHAL (  539): Supported feature set : 19d3d
11-20 12:34:22.390 V/WifiHAL (  539): Supported feature set acquired : 19d3d
11-20 12:34:22.390 V/WifiHAL (  539): WifiVendorCommand 0xa0792370 created vendor_id:0x1374 subcmd:76
11-20 12:34:22.390 V/WifiHAL (  539): create: mVendor_id = 4980, Subcmd = 76.
11-20 12:34:22.392 V/WifiHAL (  539): WifiVendorCommand 0xaad86cc8 created vendor_id:0x1374 subcmd:38
11-20 12:34:22.393 V/WifiHAL (  539): Got a Wi-Fi HAL module message from Driver
11-20 12:34:22.393 V/WifiHAL (  539): Supported feature set : 19d3d
11-20 12:34:22.393 V/WifiHAL (  539): Supported feature set acquired : 19d3d
11-20 12:34:22.393 V/WifiHAL (  539): WifiVendorCommand 0xa0792370 created vendor_id:0x1374 subcmd:76
11-20 12:34:22.393 V/WifiHAL (  539): create: mVendor_id = 4980, Subcmd = 76.
11-20 12:34:22.402 E/SupplicantStaIfaceHal( 1194): Can't call getWpaDriverFeatureSet, ISupplicantStaIface is null
11-20 12:34:22.402 I/WifiNative( 1194): Successfully switched to scan mode on iface=Iface:{Name=wlan0,Id=1,Type=STA_SCAN}
11-20 12:34:22.403 W/SupplicantStaIfaceHal( 1194): ISupplicant died: cookie=146
11-20 12:34:22.404 D/WifiClientModeManager1( 1194): entering ScanOnlyModeState
11-20 12:34:22.405 D/WifiScanRequestProxy( 1194): Sending scan available broadcast: true
11-20 12:34:22.405 I/WifiScanningService( 1194): Received a request to enable scanning, UID = 1000
11-20 12:34:22.405 I/WifiScanningService( 1194): scanner impls already exists
11-20 12:34:22.405 E/WifiScanningService( 1194): wifi driver loaded received while already loaded
11-20 12:34:22.406 D/WifiP2pService( 1194): Wifi enabled=false, P2P Interface availability=true
11-20 12:34:22.406 I/WifiScanRequestProxy( 1194): Scanning is enabled
11-20 12:34:22.407 I/WifiScanRequestProxy( 1194): Scanning for hidden networks is disabled
11-20 12:34:22.408 D/WakeupController( 1194): start()
11-20 12:34:22.409 D/WakeupController( 1194): Setting active to true
11-20 12:34:22.420 D/WakeupLock( 1194): Lock set. Number of networks: 1
11-20 12:34:22.422 D/WifiClientModeImpl( 1194): ClientModeImpl: Leaving Connected state
11-20 12:34:22.424 D/WifiCountryCode( 1194): updateCountryCode to US
11-20 12:34:22.424 E/SupplicantStaIfaceHal( 1194): Can't call setCountryCode, ISupplicantStaIface is null
11-20 12:34:22.424 D/WifiCountryCode( 1194): Failed to set country code to: US
11-20 12:34:22.434 E/SupplicantStaIfaceHal( 1194): Can't call listNetworks, ISupplicantStaIface is null
11-20 12:34:22.435 E/SupplicantStaIfaceHal( 1194): removeAllNetworks failed, got null networks
11-20 12:34:22.435 E/WifiClientModeImpl( 1194): Failed to remove networks on exiting connect mode
11-20 12:34:22.453 E/WakeupController( 1194): Unexpected setLastDisconnectInfo when WakeupController is active!
11-20 12:34:22.454 E/WifiVendorHal( 1194): stopRssiMonitoring(l.2106) failed {.code = ERROR_NOT_AVAILABLE, .description = }
11-20 12:34:22.454 E/SupplicantStaIfaceHal( 1194): Can't call setPowerSave, ISupplicantStaIface is null
