11-20 00:03:10.695 D/ConnectivityService( 1186): NetReassign [no changes]
11-20 00:03:10.771 I/Nat464Xlat( 1186): Android Xlat is disabled
11-20 00:03:10.771 I/Nat464Xlat( 1186): Android Xlat is disabled
11-20 00:03:10.929 D/ConnectivityService( 1186): [140 WIFI] validation passed
11-20 00:03:10.929 D/ConnectivityService( 1186): NetReassign [44 : 101  140, 11 : 101  140, 63 : 101  140, 17 : 101  140, 25 : 101  140, 1 : 101  140, 649 : 101  140, 643 : 101  140, 8 : 101  140, 12 : 101  140, 14 : 101  140, 16 : 101  140, 22 : 101  140, 32 : 101  140]
11-20 00:03:10.933 E/NetlinkEvent(  462): NetlinkEvent::FindParam(): Parameter 'INTERFACE' not found
11-20 00:03:10.933 E/NetlinkEvent(  462): NetlinkEvent::FindParam(): Parameter 'STATE' not found
11-20 00:03:10.933 E/NetlinkEvent(  462): NetlinkEvent::FindParam(): Parameter 'TIME_NS' not found
11-20 00:03:10.933 E/NetlinkEvent(  462): NetlinkEvent::FindParam(): Parameter 'UID' not found
11-20 00:03:10.951 D/ConnectivityService( 1186): Switching to new default network: NetworkAgentInfo{ ni{[type: WIFI[], state: CONNECTED/CONNECTED, reason: (unspecified), extra: , failover: false, available: true, roaming: false]}  network{140}  nethandle{604701118477}  lp{{InterfaceName: wlan0 LinkAddresses: [ 192.168.1.41/24,fe80::68fd:b2ff:fea8:97f8/64 ] DnsAddresses: [ /192.168.1.1 ] Domains: null MTU: 0 ServerAddress: /192.168.1.1 TcpBufferSizes: 524288,1048576,2097152,262144,524288,1048576 Routes: [ fe80::/64 -> :: wlan0 mtu 0,192.168.1.0/24 -> 0.0.0.0 wlan0 mtu 0,0.0.0.0/0 -> 192.168.1.1 wlan0 mtu 0 ]}}  nc{[ Transports: WIFI Capabilities: NOT_METERED&INTERNET&NOT_RESTRICTED&TRUSTED&NOT_VPN&VALIDATED&NOT_ROAMING&FOREGROUND&NOT_CONGESTED&NOT_SUSPENDED LinkUpBandwidth>=62000Kbps LinkDnBandwidth>=62000Kbps SignalStrength: -32 OwnerUid: 1000 SSID: "MTBF_Lab" RequestorUid: -1 RequestorPackageName: null]}  Score{60}  everValidated{true}  lastValidated{true}  created{true} lingering{false} explicitlySelected{false} acceptUnvalidated{false} everCaptivePortalDetected{false} lastCaptivePortalDetected{false} partialConnectivity{false} acceptPartialConnectivity{false} clat{mBaseIface: null, mIface: null, mState: IDLE} }
11-20 00:03:11.064 D/ConnectivityService( 1186): Lingering [101 CELLULAR] for 30000ms
11-20 00:03:11.066 D/ConnectivityService( 1186): Sending DISCONNECTED broadcast for type 0 [101 CELLULAR] isDefaultNetwork=true
11-20 00:03:11.069 D/ConnectivityService( 1186): Sending CONNECTED broadcast for type 1 [140 WIFI] isDefaultNetwork=true
11-20 00:03:11.090 D/ConnectivityService( 1186): Setting DNS servers for network 140 to [/192.168.1.1]
11-20 00:03:11.091 D/DnsManager( 1186): sendDnsConfigurationForNetwork(140, [192.168.1.1], [], 1800, 25, 8, 64, 0, 0, , [192.168.1.1])
11-20 00:03:11.181 W/Looper  ( 1186): Slow dispatch took 105ms main h=com.android.server.job.JobSchedulerService$JobHandler c=null m=1
11-20 00:03:11.490 D/AppStorageManager( 1186): BEFORE:: Previous Size: 1035649024 Current Size: 1035403264
11-20 00:03:11.490 D/AppStorageManager( 1186): AFTER:: Previous Size: 1035403264 Current Size: 1035403264
11-20 00:03:12.413 D/commandrouter( 1006): rtc_sync (1, rtc:sync): <ServiceRequest> FORWARDED (remote -> local) service client ID = 0, token ID = 35731
11-20 00:03:12.414 D/commandrouter( 1006): SocServiceHandle::onServiceMessage, SoC Service = rtc_sync, appType = 1, type = SVC_RESP, clientId = 0, token = 35731, payloadLen = 8, result = 0, payload.size() = 8
11-20 00:03:22.407 D/commandrouter( 1006): rtc_sync (1, rtc:sync): <ServiceRequest> FORWARDED (remote -> local) service client ID = 0, token ID = 35732
11-20 00:03:22.408 D/commandrouter( 1006): SocServiceHandle::onServiceMessage, SoC Service = rtc_sync, appType = 1, type = SVC_RESP, clientId = 0, token = 35732, payloadLen = 8, result = 0, payload.size() = 8
11-20 00:03:29.294 D/AutofillManagerService( 1186): onBackKeyPressed()
11-20 00:03:30.356 I/chatty  ( 1186): uid=1000(system) android.ui identical 2 lines
11-20 00:03:31.586 D/AutofillManagerService( 1186): onBackKeyPressed()
11-20 00:03:32.163 W/ActivityManager( 1186): Invalid packageName: com.facebook.wearable.system.settings/com.facebook.wearable.system.settings.SettingsActivity
11-20 00:03:32.291 I/ActivityTaskManager( 1186): START u0 {flg=0x10000000 cmp=com.facebook.wearable.system.settings/.SettingsActivity} from uid 0
11-20 00:03:32.309 I/ActivityTaskManager( 1186): The Process com.facebook.wearable.system.settings Already Exists in BG. So sending its PID: 11360
11-20 00:03:32.309 W/ActivityTaskManager( 1186): Tried to set launchTime (0) < mLastActivityLaunchTime (29669017)
11-20 00:03:32.403 D/commandrouter( 1006): rtc_sync (1, rtc:sync): <ServiceRequest> FORWARDED (remote -> local) service client ID = 0, token ID = 35733
11-20 00:03:32.404 D/commandrouter( 1006): SocServiceHandle::onServiceMessage, SoC Service = rtc_sync, appType = 1, type = SVC_RESP, clientId = 0, token = 35733, payloadLen = 8, result = 0, payload.size() = 8
11-20 00:03:34.897 E/TaskPersister( 1186): File error accessing recents directory (directory doesn't exist?).
11-20 00:03:39.907 W/ContextImpl( 1186): Calling a method in the system process without a qualified user: android.app.ContextImpl.sendBroadcastMultiplePermissions:1143 android.content.Context.sendBroadcastWithMultiplePermissions:2150 com.android.server.display.WifiDisplayAdapter.handleSendStatusChangeBroadcast:440 com.android.server.display.WifiDisplayAdapter.access$1700:63 com.android.server.display.WifiDisplayAdapter$WifiDisplayHandler.handleMessage:675 
11-20 00:03:39.932 D/commandrouter( 1006): SocServiceHandle::onServiceMessage, SoC Service = mcu_healthcheck_1029, appType = 1, type = SVC_REQ, clientId = 0, token = 988, payloadLen = 12, result = 0, payload.size() = 12
11-20 00:03:39.936 D/commandrouter( 1006): mcu_healthcheck_1029 (1, merlot:mcu_health:control): <ServiceResponse> FORWARDED (remote -> local) CR token ID = 988, service client ID = 40, token ID = 15688, result = 0
11-20 00:03:39.937 D/mculinkhealth( 1029): isMcuReachable 1 (5 ms)
11-20 00:03:40.428 D/ConnectivityService( 1186): [140 WIFI] EVENT_NETWORK_INFO_CHANGED, going from CONNECTED to DISCONNECTED
11-20 00:03:40.428 D/ConnectivityService( 1186): [140 WIFI] disconnected, was satisfying 25
11-20 00:03:40.470 D/AnalyticsLogger( 1186): sent events: 13
11-20 00:03:40.519 I/Nat464Xlat( 1186): Android Xlat is disabled
11-20 00:03:40.519 I/Nat464Xlat( 1186): Android Xlat is disabled
11-20 00:03:40.531 D/ConnectivityService( 1186): Sending DISCONNECTED broadcast for type 1 [140 WIFI] isDefaultNetwork=true
11-20 00:03:40.534 D/ConnectivityService( 1186): NetReassign [44 : null  101, 11 : null  101, 63 : null  101, 17 : null  101, 25 : null  101, 1 : null  101, 649 : null  101, 643 : null  101, 8 : null  101, 12 : null  101, 14 : null  101, 16 : null  101, 22 : null  101, 32 : null  101]
11-20 00:03:40.536 E/NetlinkEvent(  462): NetlinkEvent::FindParam(): Parameter 'INTERFACE' not found
11-20 00:03:40.536 E/NetlinkEvent(  462): NetlinkEvent::FindParam(): Parameter 'STATE' not found
11-20 00:03:40.536 E/NetlinkEvent(  462): NetlinkEvent::FindParam(): Parameter 'TIME_NS' not found
11-20 00:03:40.536 E/NetlinkEvent(  462): NetlinkEvent::FindParam(): Parameter 'UID' not found
11-20 00:03:40.549 D/ConnectivityService( 1186): Switching to new default network: NetworkAgentInfo{ ni{[type: MOBILE[LTE], state: CONNECTED/CONNECTED, reason: (unspecified), extra: enhancedphone, failover: false, available: true, roaming: false]}  network{101}  nethandle{437197393933}  lp{{InterfaceName: rmnet_data2 LinkAddresses: [ 10.55.48.101/30,2600:381:4804:c4b6:8cdc:8f0b:afe1:ec6b/64 ] DnsAddresses: [ /172.26.38.2,/fc00:a:a::400 ] Domains: null MTU: 1430 TcpBufferSizes: 2097152,4194304,8388608,262144,524288,1048576 Routes: [ 0.0.0.0/0 -> 10.55.48.102 rmnet_data2 mtu 1430,::/0 -> fe80::9db2:334d:2872:1e0a rmnet_data2 mtu 1430,10.55.48.100/30 -> 0.0.0.0 rmnet_data2 mtu 0,2600:381:4804:c4b6::/64 -> :: rmnet_data2 mtu 0 ]}}  nc{[ Transports: CELLULAR Capabilities: MMS&SUPL&FOTA&INTERNET&NOT_RESTRICTED&TRUSTED&NOT_VPN&VALIDATED&NOT_ROAMING&FOREGROUND&NOT_CONGESTED&NOT_SUSPENDED LinkUpBandwidth>=15000Kbps LinkDnBandwidth>=30000Kbps Specifier: <TelephonyNetworkSpecifier [mSubId = 1]> AdministratorUids: [] RequestorUid: -1 RequestorPackageName: null]}  Score{50}  everValidated{true}  lastValidated{true}  created{true} lingering{true} explicitlySelected{false} acceptUnvalidated{false} everCaptivePortalDetected{false} lastCaptivePortalDetected{false} partialConnectivity{false} acceptPartialConnectivity{false} clat{mBaseIface: null, mIface: null, mState: IDLE} }
11-20 00:03:40.710 D/ConnectivityService( 1186): Unlingering [101 CELLULAR]
11-20 00:03:40.718 D/ConnectivityService( 1186): Sending CONNECTED broadcast for type 0 [101 CELLULAR] isDefaultNetwork=true
11-20 00:03:42.401 D/commandrouter( 1006): rtc_sync (1, rtc:sync): <ServiceRequest> FORWARDED (remote -> local) service client ID = 0, token ID = 35734
11-20 00:03:42.402 D/commandrouter( 1006): SocServiceHandle::onServiceMessage, SoC Service = rtc_sync, appType = 1, type = SVC_RESP, clientId = 0, token = 35734, payloadLen = 8, result = 0, payload.size() = 8
11-20 00:03:44.699 D/AutofillManagerService( 1186): onBackKeyPressed()
11-20 00:03:47.623 I/chatty  ( 1186): uid=1000(system) android.ui identical 4 lines
11-20 00:03:48.633 D/AutofillManagerService( 1186): onBackKeyPressed()
11-20 00:03:49.265 E/TaskPersister( 1186): File error accessing recents directory (directory doesn't exist?).
11-20 00:03:49.628 D/AutofillManagerService( 1186): onBackKeyPressed()
11-20 00:03:50.979 D/AutofillManagerService( 1186): onBackKeyPressed()
11-20 00:03:51.176 W/ActivityManager( 1186): Invalid packageName: com.facebook.wearable.system.settings/com.facebook.wearable.system.settings.SettingsActivity
11-20 00:03:51.284 I/ActivityTaskManager( 1186): START u0 {flg=0x10000000 cmp=com.facebook.wearable.system.settings/.SettingsActivity} from uid 0
11-20 00:03:51.308 I/ActivityTaskManager( 1186): The Process com.facebook.wearable.system.settings Already Exists in BG. So sending its PID: 11360
11-20 00:03:51.309 W/ActivityTaskManager( 1186): Tried to set launchTime (0) < mLastActivityLaunchTime (29700036)
11-20 00:03:52.394 D/commandrouter( 1006): rtc_sync (1, rtc:sync): <ServiceRequest> FORWARDED (remote -> local) service client ID = 0, token ID = 35735
11-20 00:03:52.395 D/commandrouter( 1006): SocServiceHandle::onServiceMessage, SoC Service = rtc_sync, appType = 1, type = SVC_RESP, clientId = 0, token = 35735, payloadLen = 8, result = 0, payload.size() = 8
11-20 00:03:54.932 E/TaskPersister( 1186): File error accessing recents directory (directory doesn't exist?).
11-20 00:03:57.447 W/ContextImpl( 1186): Calling a method in the system process without a qualified user: android.app.ContextImpl.sendBroadcastMultiplePermissions:1143 android.content.Context.sendBroadcastWithMultiplePermissions:2150 com.android.server.display.WifiDisplayAdapter.handleSendStatusChangeBroadcast:440 com.android.server.display.WifiDisplayAdapter.access$1700:63 com.android.server.display.WifiDisplayAdapter$WifiDisplayHandler.handleMessage:675 
11-20 00:03:58.489 W/ContextImpl( 1186): Calling a method in the system process without a qualified user: android.app.ContextImpl.sendBroadcastMultiplePermissions:1143 android.content.Context.sendBroadcastWithMultiplePermissions:2150 com.android.server.wifi.p2p.WifiP2pServiceImpl$P2pStateMachine.sendBroadcastMultiplePermissions:3209 com.android.server.wifi.p2p.WifiP2pServiceImpl$P2pStateMachine.sendP2pConnectionChangedBroadcast:3236 com.android.server.wifi.p2p.WifiP2pServiceImpl$P2pStateMachine.access$5100:768 
11-20 00:03:58.490 W/BroadcastQueue( 1186): Permission Denial: receiving Intent { act=android.net.wifi.p2p.CONNECTION_STATE_CHANGE flg=0x24000010 (has extras) } to ProcessRecord{688c834 1907:.qtidataservices/u0a88} (pid=1907, uid=10088) requires android.permission.ACCESS_FINE_LOCATION due to sender android (uid 1000)
11-20 00:03:58.496 W/ContextImpl( 1186): Calling a method in the system process without a qualified user: android.app.ContextImpl.sendBroadcastMultiplePermissions:1143 android.content.Context.sendBroadcastWithMultiplePermissions:2150 com.android.server.wifi.p2p.WifiP2pServiceImpl$P2pStateMachine.sendBroadcastMultiplePermissions:3209 com.android.server.wifi.p2p.WifiP2pServiceImpl$P2pStateMachine.sendThisDeviceChangedBroadcast:3218 com.android.server.wifi.p2p.WifiP2pServiceImpl$P2pStateMachine.updateThisDevice:3962 
11-20 00:03:58.512 W/wificond(  911): Scan is not started. Ignore abort request
11-20 00:03:58.996 D/ConnectivityService( 1186): registerNetworkAgent NetworkAgentInfo{ ni{[type: WIFI[], state: UNKNOWN/IDLE, reason: (unspecified), extra: , failover: false, available: true, roaming: false]}  network{141}  nethandle{608996085773}  lp{{InterfaceName: wlan0 LinkAddresses: [ ] DnsAddresses: [ ] Domains: null MTU: 0 Routes: [ ]}}  nc{[ Transports: WIFI Capabilities: NOT_METERED&INTERNET&NOT_RESTRICTED&TRUSTED&NOT_VPN&NOT_ROAMING&FOREGROUND&NOT_CONGESTED&NOT_SUSPENDED LinkUpBandwidth>=72000Kbps LinkDnBandwidth>=72000Kbps OwnerUid: 1000 SSID: "MTBF_Lab" RequestorUid: -1 RequestorPackageName: null]}  Score{20}  everValidated{false}  lastValidated{false}  created{false} lingering{false} explicitlySelected{false} acceptUnvalidated{false} everCaptivePortalDetected{false} lastCaptivePortalDetected{false} partialConnectivity{false} acceptPartialConnectivity{false} clat{mBaseIface: null, mIface: null, mState: IDLE} }
11-20 00:03:59.015 D/ConnectivityService( 1186): [141 WIFI] EVENT_NETWORK_INFO_CHANGED, going from UNKNOWN to UNKNOWN
11-20 00:03:59.166 D/ConnectivityService( 1186): NetReassign [no changes]
11-20 00:03:59.195 I/Nat464Xlat( 1186): Android Xlat is disabled
11-20 00:03:59.195 I/Nat464Xlat( 1186): Android Xlat is disabled
11-20 00:03:59.328 E/ConnectivityService( 1186): Exception in networkAddRouteParcel for non-gateway: android.os.ServiceSpecificException: Machine is not on the network (code 64)
11-20 00:03:59.329 E/ConnectivityService( 1186): Exception in networkAddRouteParcel for gateway: android.os.ServiceSpecificException: Machine is not on the network (code 64)
11-20 00:03:59.329 I/Nat464Xlat( 1186): Android Xlat is disabled
11-20 00:03:59.330 I/Nat464Xlat( 1186): Android Xlat is disabled
11-20 00:03:59.461 D/ConnectivityService( 1186): Setting DNS servers for network 141 to [/192.168.1.1]
11-20 00:03:59.462 I/Nat464Xlat( 1186): Android Xlat is disabled
11-20 00:03:59.462 I/Nat464Xlat( 1186): Android Xlat is disabled
11-20 00:03:59.568 D/ConnectivityService( 1186): [141 WIFI] EVENT_NETWORK_INFO_CHANGED, going from UNKNOWN to CONNECTED
11-20 00:03:59.571 D/DnsManager( 1186): sendDnsConfigurationForNetwork(141, [192.168.1.1], [], 1800, 25, 8, 64, 0, 0, , [])
11-20 00:03:59.574 W/DnsManager( 1186): updatePrivateDns(141, PrivateDnsConfig{true:/[]})
11-20 00:03:59.574 D/ConnectivityService( 1186): Setting DNS servers for network 141 to [/192.168.1.1]
11-20 00:03:59.575 D/DnsManager( 1186): sendDnsConfigurationForNetwork(141, [192.168.1.1], [], 1800, 25, 8, 64, 0, 0, , [192.168.1.1])
11-20 00:03:59.578 D/ConnectivityService( 1186): Adding iface wlan0 to network 141
11-20 00:03:59.609 D/ConnectivityService( 1186): Setting DNS servers for network 141 to [/192.168.1.1]
11-20 00:03:59.610 D/DnsManager( 1186): sendDnsConfigurationForNetwork(141, [192.168.1.1], [], 1800, 25, 8, 64, 0, 0, , [192.168.1.1])
11-20 00:03:59.615 I/Nat464Xlat( 1186): Android Xlat is disabled
11-20 00:03:59.615 I/Nat464Xlat( 1186): Android Xlat is disabled
11-20 00:03:59.673 D/ConnectivityService( 1186): NetReassign [no changes]
11-20 00:03:59.834 D/ConnectivityService( 1186): [141 WIFI] validation passed
11-20 00:03:59.835 D/ConnectivityService( 1186): NetReassign [44 : 101  141, 11 : 101  141, 63 : 101  141, 17 : 101  141, 25 : 101  141, 1 : 101  141, 649 : 101  141, 643 : 101  141, 8 : 101  141, 12 : 101  141, 14 : 101  141, 16 : 101  141, 22 : 101  141, 32 : 101  141]
11-20 00:03:59.840 E/NetlinkEvent(  462): NetlinkEvent::FindParam(): Parameter 'INTERFACE' not found
11-20 00:03:59.840 E/NetlinkEvent(  462): NetlinkEvent::FindParam(): Parameter 'STATE' not found
11-20 00:03:59.840 E/NetlinkEvent(  462): NetlinkEvent::FindParam(): Parameter 'TIME_NS' not found
11-20 00:03:59.841 E/NetlinkEvent(  462): NetlinkEvent::FindParam(): Parameter 'UID' not found
11-20 00:03:59.858 D/ConnectivityService( 1186): Switching to new default network: NetworkAgentInfo{ ni{[type: WIFI[], state: CONNECTED/CONNECTED, reason: (unspecified), extra: , failover: false, available: true, roaming: false]}  network{141}  nethandle{608996085773}  lp{{InterfaceName: wlan0 LinkAddresses: [ 192.168.1.41/24 ] DnsAddresses: [ /192.168.1.1 ] Domains: null MTU: 0 ServerAddress: /192.168.1.1 TcpBufferSizes: 524288,1048576,2097152,262144,524288,1048576 Routes: [ fe80::/64 -> :: wlan0 mtu 0,192.168.1.0/24 -> 0.0.0.0 wlan0 mtu 0,0.0.0.0/0 -> 192.168.1.1 wlan0 mtu 0 ]}}  nc{[ Transports: WIFI Capabilities: NOT_METERED&INTERNET&NOT_RESTRICTED&TRUSTED&NOT_VPN&VALIDATED&NOT_ROAMING&FOREGROUND&NOT_CONGESTED&NOT_SUSPENDED LinkUpBandwidth>=62000Kbps LinkDnBandwidth>=62000Kbps SignalStrength: -30 OwnerUid: 1000 SSID: "MTBF_Lab" RequestorUid: -1 RequestorPackageName: null]}  Score{60}  everValidated{true}  lastValidated{true}  created{true} lingering{false} explicitlySelected{false} acceptUnvalidated{false} everCaptivePortalDetected{false} lastCaptivePortalDetected{false} partialConnectivity{false} acceptPartialConnectivity{false} clat{mBaseIface: null, mIface: null, mState: IDLE} }
11-20 00:03:59.990 D/ConnectivityService( 1186): Lingering [101 CELLULAR] for 30000ms
11-20 00:03:59.992 D/ConnectivityService( 1186): Sending DISCONNECTED broadcast for type 0 [101 CELLULAR] isDefaultNetwork=true
11-20 00:03:59.996 D/ConnectivityService( 1186): Sending CONNECTED broadcast for type 1 [141 WIFI] isDefaultNetwork=true
11-20 00:04:00.041 D/ConnectivityService( 1186): Setting DNS servers for network 141 to [/192.168.1.1]
11-20 00:04:00.042 D/DnsManager( 1186): sendDnsConfigurationForNetwork(141, [192.168.1.1], [], 1800, 25, 8, 64, 0, 0, , [192.168.1.1])
11-20 00:04:00.520 I/Nat464Xlat( 1186): Android Xlat is disabled
11-20 00:04:00.520 I/Nat464Xlat( 1186): Android Xlat is disabled
11-20 00:04:02.393 D/commandrouter( 1006): rtc_sync (1, rtc:sync): <ServiceRequest> FORWARDED (remote -> local) service client ID = 0, token ID = 35736
11-20 00:04:02.394 D/commandrouter( 1006): SocServiceHandle::onServiceMessage, SoC Service = rtc_sync, appType = 1, type = SVC_RESP, clientId = 0, token = 35736, payloadLen = 8, result = 0, payload.size() = 8
11-20 00:04:06.776 D/commandrouter( 1006): SocServiceHandle::onServiceMessage, SoC Service = mcu_healthcheck_934, appType = 1, type = SVC_REQ, clientId = 0, token = 494, payloadLen = 20, result = 0, payload.size() = 20
11-20 00:04:06.781 D/commandrouter( 1006): mcu_healthcheck_934 (1, merlot:mcu_health:control): <ServiceResponse> FORWARDED (remote -> local) CR token ID = 494, service client ID = 5, token ID = 15689, result = 0
11-20 00:04:09.938 D/commandrouter( 1006): SocServiceHandle::onServiceMessage, SoC Service = mcu_healthcheck_1029, appType = 1, type = SVC_REQ, clientId = 0, token = 989, payloadLen = 12, result = 0, payload.size() = 12
11-20 00:04:09.942 D/commandrouter( 1006): mcu_healthcheck_1029 (1, merlot:mcu_health:control): <ServiceResponse> FORWARDED (remote -> local) CR token ID = 989, service client ID = 40, token ID = 15690, result = 0
11-20 00:04:09.942 D/mculinkhealth( 1029): isMcuReachable 1 (5 ms)
11-20 00:04:11.586 D/AppStorageManager( 1186): BEFORE:: Previous Size: 1035403264 Current Size: 1035091968
11-20 00:04:11.586 D/AppStorageManager( 1186): AFTER:: Previous Size: 1035091968 Current Size: 1035091968
11-20 00:04:12.396 D/commandrouter( 1006): rtc_sync (1, rtc:sync): <ServiceRequest> FORWARDED (remote -> local) service client ID = 0, token ID = 35737
11-20 00:04:12.396 D/commandrouter( 1006): SocServiceHandle::onServiceMessage, SoC Service = rtc_sync, appType = 1, type = SVC_RESP, clientId = 0, token = 35737, payloadLen = 8, result = 0, payload.size() = 8
11-20 00:04:18.713 D/AutofillManagerService( 1186): onBackKeyPressed()
11-20 00:04:19.760 I/chatty  ( 1186): uid=1000(system) android.ui identical 2 lines
11-20 00:04:20.974 D/AutofillManagerService( 1186): onBackKeyPressed()
11-20 00:04:21.148 W/ActivityManager( 1186): Invalid packageName: com.facebook.wearable.system.settings/com.facebook.wearable.system.settings.SettingsActivity
11-20 00:04:21.265 I/ActivityTaskManager( 1186): START u0 {flg=0x10000000 cmp=com.facebook.wearable.system.settings/.SettingsActivity} from uid 0
11-20 00:04:21.279 I/ActivityTaskManager( 1186): The Process com.facebook.wearable.system.settings Already Exists in BG. So sending its PID: 11360
11-20 00:04:21.280 W/ActivityTaskManager( 1186): Tried to set launchTime (0) < mLastActivityLaunchTime (29719036)
11-20 00:04:22.395 D/commandrouter( 1006): rtc_sync (1, rtc:sync): <ServiceRequest> FORWARDED (remote -> local) service client ID = 0, token ID = 35738
11-20 00:04:22.396 D/commandrouter( 1006): SocServiceHandle::onServiceMessage, SoC Service = rtc_sync, appType = 1, type = SVC_RESP, clientId = 0, token = 35738, payloadLen = 8, result = 0, payload.size() = 8
11-20 00:04:24.311 E/TaskPersister( 1186): File error accessing recents directory (directory doesn't exist?).
11-20 00:04:28.822 W/ContextImpl( 1186): Calling a method in the system process without a qualified user: android.app.ContextImpl.sendBroadcastMultiplePermissions:1143 android.content.Context.sendBroadcastWithMultiplePermissions:2150 com.android.server.display.WifiDisplayAdapter.handleSendStatusChangeBroadcast:440 com.android.server.display.WifiDisplayAdapter.access$1700:63 com.android.server.display.WifiDisplayAdapter$WifiDisplayHandler.handleMessage:675 
11-20 00:04:29.189 D/ConnectivityService( 1186): [141 WIFI] EVENT_NETWORK_INFO_CHANGED, going from CONNECTED to DISCONNECTED
11-20 00:04:29.189 D/ConnectivityService( 1186): [141 WIFI] disconnected, was satisfying 25
11-20 00:04:29.277 I/Nat464Xlat( 1186): Android Xlat is disabled
11-20 00:04:29.277 I/Nat464Xlat( 1186): Android Xlat is disabled
11-20 00:04:29.301 D/ConnectivityService( 1186): Sending DISCONNECTED broadcast for type 1 [141 WIFI] isDefaultNetwork=true
11-20 00:04:29.333 D/ConnectivityService( 1186): NetReassign [44 : null  101, 11 : null  101, 63 : null  101, 17 : null  101, 25 : null  101, 1 : null  101, 649 : null  101, 643 : null  101, 8 : null  101, 12 : null  101, 14 : null  101, 16 : null  101, 22 : null  101, 32 : null  101]
11-20 00:04:29.336 E/NetlinkEvent(  462): NetlinkEvent::FindParam(): Parameter 'INTERFACE' not found
11-20 00:04:29.337 E/NetlinkEvent(  462): NetlinkEvent::FindParam(): Parameter 'STATE' not found
11-20 00:04:29.337 E/NetlinkEvent(  462): NetlinkEvent::FindParam(): Parameter 'TIME_NS' not found
11-20 00:04:29.337 E/NetlinkEvent(  462): NetlinkEvent::FindParam(): Parameter 'UID' not found
11-20 00:04:29.344 D/ConnectivityService( 1186): requestNetwork for uid/pid:10004/3559 NetworkRequest [ TRACK_DEFAULT id=650, [ Capabilities: INTERNET&NOT_RESTRICTED&TRUSTED Uid: 10004 AdministratorUids: [] RequestorUid: 10004 RequestorPackageName: com.facebook.wearable.system.telecom] ]
11-20 00:04:29.352 D/ConnectivityService( 1186): Switching to new default network: NetworkAgentInfo{ ni{[type: MOBILE[LTE], state: CONNECTED/CONNECTED, reason: (unspecified), extra: enhancedphone, failover: false, available: true, roaming: false]}  network{101}  nethandle{437197393933}  lp{{InterfaceName: rmnet_data2 LinkAddresses: [ 10.55.48.101/30,2600:381:4804:c4b6:8cdc:8f0b:afe1:ec6b/64 ] DnsAddresses: [ /172.26.38.2,/fc00:a:a::400 ] Domains: null MTU: 1430 TcpBufferSizes: 2097152,4194304,8388608,262144,524288,1048576 Routes: [ 0.0.0.0/0 -> 10.55.48.102 rmnet_data2 mtu 1430,::/0 -> fe80::9db2:334d:2872:1e0a rmnet_data2 mtu 1430,10.55.48.100/30 -> 0.0.0.0 rmnet_data2 mtu 0,2600:381:4804:c4b6::/64 -> :: rmnet_data2 mtu 0 ]}}  nc{[ Transports: CELLULAR Capabilities: MMS&SUPL&FOTA&INTERNET&NOT_RESTRICTED&TRUSTED&NOT_VPN&VALIDATED&NOT_ROAMING&FOREGROUND&NOT_CONGESTED&NOT_SUSPENDED LinkUpBandwidth>=15000Kbps LinkDnBandwidth>=30000Kbps Specifier: <TelephonyNetworkSpecifier [mSubId = 1]> AdministratorUids: [] RequestorUid: -1 RequestorPackageName: null]}  Score{50}  everValidated{true}  lastValidated{true}  created{true} lingering{true} explicitlySelected{false} acceptUnvalidated{false} everCaptivePortalDetected{false} lastCaptivePortalDetected{false} partialConnectivity{false} acceptPartialConnectivity{false} clat{mBaseIface: null, mIface: null, mState: IDLE} }
11-20 00:04:29.443 D/ConnectivityService( 1186): Unlingering [101 CELLULAR]
11-20 00:04:29.443 D/ConnectivityService( 1186): Sending CONNECTED broadcast for type 0 [101 CELLULAR] isDefaultNetwork=true
11-20 00:04:29.533 D/ConnectivityService( 1186): NetReassign [650 : null  101]
11-20 00:04:29.877 D/ConnectivityService( 1186): releasing NetworkRequest [ TRACK_DEFAULT id=650, [ Capabilities: INTERNET&NOT_RESTRICTED&TRUSTED Uid: 10004 AdministratorUids: [] RequestorUid: 10004 RequestorPackageName: com.facebook.wearable.system.telecom] ] (release request)
11-20 00:04:32.398 D/commandrouter( 1006): rtc_sync (1, rtc:sync): <ServiceRequest> FORWARDED (remote -> local) service client ID = 0, token ID = 35739
11-20 00:04:32.399 D/commandrouter( 1006): SocServiceHandle::onServiceMessage, SoC Service = rtc_sync, appType = 1, type = SVC_RESP, clientId = 0, token = 35739, payloadLen = 8, result = 0, payload.size() = 8
11-20 00:04:33.649 D/AutofillManagerService( 1186): onBackKeyPressed()
11-20 00:04:36.624 I/chatty  ( 1186): uid=1000(system) android.ui identical 4 lines
11-20 00:04:37.618 D/AutofillManagerService( 1186): onBackKeyPressed()
11-20 00:04:38.192 E/TaskPersister( 1186): File error accessing recents directory (directory doesn't exist?).
11-20 00:04:38.632 D/AutofillManagerService( 1186): onBackKeyPressed()
11-20 00:04:39.626 D/AutofillManagerService( 1186): onBackKeyPressed()
11-20 00:04:39.944 D/commandrouter( 1006): SocServiceHandle::onServiceMessage, SoC Service = mcu_healthcheck_1029, appType = 1, type = SVC_REQ, clientId = 0, token = 990, payloadLen = 12, result = 0, payload.size() = 12
11-20 00:04:39.949 D/commandrouter( 1006): mcu_healthcheck_1029 (1, merlot:mcu_health:control): <ServiceResponse> FORWARDED (remote -> local) CR token ID = 990, service client ID = 40, token ID = 15691, result = 0
11-20 00:04:39.950 D/mculinkhealth( 1029): isMcuReachable 1 (6 ms)
11-20 00:04:40.166 W/ActivityManager( 1186): Invalid packageName: com.facebook.wearable.system.settings/com.facebook.wearable.system.settings.SettingsActivity
11-20 00:04:40.296 I/ActivityTaskManager( 1186): START u0 {flg=0x10000000 cmp=com.facebook.wearable.system.settings/.SettingsActivity} from uid 0
11-20 00:04:40.315 I/ActivityTaskManager( 1186): The Process com.facebook.wearable.system.settings Already Exists in BG. So sending its PID: 11360
11-20 00:04:40.315 W/ActivityTaskManager( 1186): Tried to set launchTime (0) < mLastActivityLaunchTime (29749007)
11-20 00:04:42.395 D/commandrouter( 1006): rtc_sync (1, rtc:sync): <ServiceRequest> FORWARDED (remote -> local) service client ID = 0, token ID = 35740
11-20 00:04:42.396 D/commandrouter( 1006): SocServiceHandle::onServiceMessage, SoC Service = rtc_sync, appType = 1, type = SVC_RESP, clientId = 0, token = 35740, payloadLen = 8, result = 0, payload.size() = 8
11-20 00:04:43.927 E/TaskPersister( 1186): File error accessing recents directory (directory doesn't exist?).
11-20 00:04:45.869 D/AnalyticsLogger( 1186): sent events: 13
11-20 00:04:47.065 W/ContextImpl( 1186): Calling a method in the system process without a qualified user: android.app.ContextImpl.sendBroadcastMultiplePermissions:1143 android.content.Context.sendBroadcastWithMultiplePermissions:2150 com.android.server.display.WifiDisplayAdapter.handleSendStatusChangeBroadcast:440 com.android.server.display.WifiDisplayAdapter.access$1700:63 com.android.server.display.WifiDisplayAdapter$WifiDisplayHandler.handleMessage:675 
11-20 00:04:48.061 W/ContextImpl( 1186): Calling a method in the system process without a qualified user: android.app.ContextImpl.sendBroadcastMultiplePermissions:1143 android.content.Context.sendBroadcastWithMultiplePermissions:2150 com.android.server.wifi.p2p.WifiP2pServiceImpl$P2pStateMachine.sendBroadcastMultiplePermissions:3209 com.android.server.wifi.p2p.WifiP2pServiceImpl$P2pStateMachine.sendP2pConnectionChangedBroadcast:3236 com.android.server.wifi.p2p.WifiP2pServiceImpl$P2pStateMachine.access$5100:768 
11-20 00:04:48.062 W/BroadcastQueue( 1186): Permission Denial: receiving Intent { act=android.net.wifi.p2p.CONNECTION_STATE_CHANGE flg=0x24000010 (has extras) } to ProcessRecord{688c834 1907:.qtidataservices/u0a88} (pid=1907, uid=10088) requires android.permission.ACCESS_FINE_LOCATION due to sender android (uid 1000)
--------- beginning of main
11-20 00:04:48.097 I/QC-NETMGR-LIB(  924): NetmgrNetdClientAddRouteToOemNetwork(): completed command
11-20 00:04:48.166 E/wpa_supplicant(19879): nl80211: Set scan default IEs failed: ret=-524 (Unknown error 524)
11-20 00:04:48.190 I/wpa_supplicant(19879): p2p0: CTRL-EVENT-AVOID-FREQ ranges=
11-20 00:04:48.192 W/wificond(  911): Scan is not started. Ignore abort request
11-20 00:04:48.199 W/ContextImpl( 1186): Calling a method in the system process without a qualified user: android.app.ContextImpl.sendBroadcastMultiplePermissions:1143 android.content.Context.sendBroadcastWithMultiplePermissions:2150 com.android.server.wifi.p2p.WifiP2pServiceImpl$P2pStateMachine.sendBroadcastMultiplePermissions:3209 com.android.server.wifi.p2p.WifiP2pServiceImpl$P2pStateMachine.sendThisDeviceChangedBroadcast:3218 com.android.server.wifi.p2p.WifiP2pServiceImpl$P2pStateMachine.updateThisDevice:3962 
11-20 00:04:48.237 I/wpa_supplicant(19879): Vendor key_mgmt: 0x142
11-20 00:04:48.240 I/wpa_supplicant(19879): Vendor Proto: 0x3
11-20 00:04:48.259 E/wpa_supplicant(19879): eap_proxy: eap_proxy_notify_config
11-20 00:04:48.267 I/wpa_supplicant(19879): wlan0: Trying to associate with SSID 'MTBF_Lab'
11-20 00:04:48.274 E/wpa_supplicant(19879): eap_proxy: eap_proxy_notify_config
11-20 00:04:48.274 E/wpa_supplicant(19879): eap_proxy: eap_proxy_allowed_method
11-20 00:04:48.279 D/BluetoothAdapterService( 1710): android.net.wifi.STATE_CHANGE
11-20 00:04:48.279 D/QCNEJ/WlanStaInfoRelay( 1907): Received action: android.net.wifi.STATE_CHANGE
11-20 00:04:48.279 D/WifiConnector( 2870): Network State Changed
11-20 00:04:48.282 D/BluetoothVendorService( 1710): setWifiState to: true
11-20 00:04:48.282 I/BluetoothVendorJni( 1710): setWifiStateNative
11-20 00:04:48.282 I/bt_btif_vendor( 1710): setWifiState :1
11-20 00:04:48.282 W/bt_btm  ( 1710): btm_cb.is_wifi_connected = 1 
11-20 00:04:48.282 W/bt_l2cap( 1710): L2CA_SetDesireRole() new:x1, disallow_switch:0
11-20 00:04:48.285 E/QMI_FW  (  915): qmi_cci_get_ref: ref count increased 2
11-20 00:04:48.288 E/QMI_FW  (  915): qmi_cci_get_ref: ref count increased 2
11-20 00:04:48.329 I/Choreographer(11360): Skipped 30 frames!  The application may be doing too much work on its main thread.
11-20 00:04:48.514 V/WifiHAL (  544): event received NL80211_CMD_CONNECT
11-20 00:04:48.517 I/wpa_supplicant(19879): wlan0: Associated with 6c:cd:d6:25:63:2a
11-20 00:04:48.517 I/wpa_supplicant(19879): wlan0: CTRL-EVENT-SUBNET-STATUS-UPDATE status=0
11-20 00:04:48.530 I/wpa_supplicant(19879): getWifiGenerationStatusInternal: generation = 4, twtSupport = false, vhtMax8SpatialStreamsSupport = false
11-20 00:04:49.460 I/wpa_supplicant(19879): wlan0: WPA: RX message 1 of 4-Way Handshake from 6c:cd:d6:25:63:2a (ver=2)
11-20 00:04:49.461 I/wpa_supplicant(19879): wlan0: WPA: Sending EAPOL-Key 2/4
11-20 00:04:49.465 D/BluetoothAdapterService( 1710): android.net.wifi.STATE_CHANGE
11-20 00:04:49.465 D/QCNEJ/WlanStaInfoRelay( 1907): Received action: android.net.wifi.STATE_CHANGE
11-20 00:04:49.466 D/WifiConnector( 2870): Network State Changed
11-20 00:04:49.468 I/wpa_supplicant(19879): wlan0: WPA: RX message 3 of 4-Way Handshake from 6c:cd:d6:25:63:2a (ver=2)
11-20 00:04:49.468 I/wpa_supplicant(19879): wlan0: WPA: Sending EAPOL-Key 4/4
11-20 00:04:49.469 D/BluetoothVendorService( 1710): setWifiState to: true
11-20 00:04:49.469 I/BluetoothVendorJni( 1710): setWifiStateNative
11-20 00:04:49.469 I/bt_btif_vendor( 1710): setWifiState :1
11-20 00:04:49.473 I/wpa_supplicant(19879): wlan0: WPA: Key negotiation completed with 6c:cd:d6:25:63:2a [PTK=CCMP GTK=CCMP]
11-20 00:04:49.473 I/wpa_supplicant(19879): wlan0: CTRL-EVENT-CONNECTED - Connection to 6c:cd:d6:25:63:2a completed [id=0 id_str=%7B%22configKey%22%3A%22%5C%22MTBF_Lab%5C%22WPA_PSK%22%2C%22creatorUid%22%3A%221000%22%7D]
11-20 00:04:49.502 D/BluetoothAdapterService( 1710): android.net.wifi.STATE_CHANGE
11-20 00:04:49.502 D/ConnectivityService( 1186): registerNetworkAgent NetworkAgentInfo{ ni{[type: WIFI[], state: UNKNOWN/IDLE, reason: (unspecified), extra: , failover: false, available: true, roaming: false]}  network{142}  nethandle{613291053069}  lp{{InterfaceName: wlan0 LinkAddresses: [ ] DnsAddresses: [ ] Domains: null MTU: 0 Routes: [ ]}}  nc{[ Transports: WIFI Capabilities: NOT_METERED&INTERNET&NOT_RESTRICTED&TRUSTED&NOT_VPN&NOT_ROAMING&FOREGROUND&NOT_CONGESTED&NOT_SUSPENDED LinkUpBandwidth>=72000Kbps LinkDnBandwidth>=72000Kbps OwnerUid: 1000 SSID: "MTBF_Lab" RequestorUid: -1 RequestorPackageName: null]}  Score{20}  everValidated{false}  lastValidated{false}  created{false} lingering{false} explicitlySelected{false} acceptUnvalidated{false} everCaptivePortalDetected{false} lastCaptivePortalDetected{false} partialConnectivity{false} acceptPartialConnectivity{false} clat{mBaseIface: null, mIface: null, mState: IDLE} }
11-20 00:04:49.502 D/QCNEJ/WlanStaInfoRelay( 1907): Received action: android.net.wifi.STATE_CHANGE
11-20 00:04:49.503 D/WifiConnector( 2870): Network State Changed
11-20 00:04:49.505 D/BluetoothVendorService( 1710): setWifiState to: true
11-20 00:04:49.505 I/BluetoothVendorJni( 1710): setWifiStateNative
11-20 00:04:49.505 I/bt_btif_vendor( 1710): setWifiState :1
11-20 00:04:49.520 D/ConnectivityService( 1186): [142 WIFI] EVENT_NETWORK_INFO_CHANGED, going from UNKNOWN to UNKNOWN
11-20 00:04:49.525 D/BluetoothAdapterService( 1710): android.net.wifi.STATE_CHANGE
11-20 00:04:49.526 D/QCNEJ/WlanStaInfoRelay( 1907): Received action: android.net.wifi.STATE_CHANGE
11-20 00:04:49.527 D/WifiConnector( 2870): Network State Changed
11-20 00:04:49.529 D/BluetoothVendorService( 1710): setWifiState to: true
11-20 00:04:49.529 I/BluetoothVendorJni( 1710): setWifiStateNative
11-20 00:04:49.529 I/bt_btif_vendor( 1710): setWifiState :1
11-20 00:04:49.554 V/WifiHAL (  544): WifiVendorCommand 0x984ec000 created vendor_id:0x1374 subcmd:83
11-20 00:04:49.555 E/WifiHAL (  544): wifi_get_packet_filter_capabilities: requestResponse() error: -3
11-20 00:04:49.555 I/WifiHAL (  544): Packet filtering is not supprted
11-20 00:04:49.669 D/WearableConnectivityManager( 2594): onWifiStrengthChange: -32
11-20 00:04:49.671 D/QCNEJ/WlanStaInfoRelay( 1907): Received action: android.net.wifi.RSSI_CHANGED
11-20 00:04:49.674 V/WifiHAL (  544): WifiVendorCommand 0x986b8148 created vendor_id:0x1374 subcmd:82
11-20 00:04:49.674 D/ConnectivityService( 1186): NetReassign [no changes]
11-20 00:04:49.675 V/WifiHAL (  544): ND offload : Enable
11-20 00:04:49.692 E/QMI_FW  (  915): qmi_cci_get_ref: ref count increased 2
11-20 00:04:49.696 E/Netd    (  462): no such netId 142
11-20 00:04:49.697 E/QMI_FW  (  915): qmi_cci_get_ref: ref count increased 2
11-20 00:04:49.697 I/Nat464Xlat( 1186): Android Xlat is disabled
11-20 00:04:49.742 W/HWComposer(  598): Ignoring duplicate VSYNC event from HWC for display 0 (t=29777467573274)
11-20 00:04:49.752 I/chatty  ( 1186): uid=1000 system_server expire 7 lines
11-20 00:04:49.784 E/QMI_FW  ( 1042): qmi_cci_get_ref: ref count increased 2
11-20 00:04:49.785 E/QMI_FW  ( 1042): qmi_cci_get_ref: ref count increased 2
11-20 00:04:49.795 I/WearableConnectivityManager( 2594): LTE Signal strength is: 2
11-20 00:04:49.795 I/WearableConnectivityManager( 2594): Cellular Signal strength is: 2
11-20 00:04:49.796 D/RadioLinkQualityScoreBuilder( 1984): scoreRsrp: 3scoreRsrq: 3scoreRssnr: 4
11-20 00:04:49.797 D/WirelessInsightServiceImpl( 1984): onSignalStrengthsChanged: SignalStrength = SignalStrength:{mCdma=CellSignalStrengthCdma: cdmaDbm=2147483647 cdmaEcio=2147483647 evdoDbm=2147483647 evdoEcio=2147483647 evdoSnr=2147483647 level=0,mGsm=CellSignalStrengthGsm: rssi=2147483647 ber=2147483647 mTa=2147483647 mLevel=0,mWcdma=CellSignalStrengthWcdma: ss=2147483647 ber=2147483647 rscp=2147483647 ecno=2147483647 level=0,mTdscdma=CellSignalStrengthTdscdma: rssi=2147483647 ber=2147483647 rscp=2147483647 level=0,mLte=CellSignalStrengthLte: rssi=-79 rsrp=-111 rsrq=-13 rssnr=11 cqi=2147483647 ta=2147483647 level=2 parametersUseForLevel=0,mNr=CellSignalStrengthNr:{ csiRsrp = 2147483647 csiRsrq = 2147483647 csiSinr = 2147483647 ssRsrp = 2147483647 ssRsrq = 2147483647 ssSinr = 2147483647 level = 0 parametersUseForLevel = 0 },primary=CellSignalStrengthLte}
11-20 00:04:49.797 D/WirelessInsightServiceImpl( 1984): Score: 3
11-20 00:04:49.797 D/WirelessInsightServiceImpl( 1984): notifyListeners: listeners = 0, score = 3
11-20 00:04:49.814 D/BluetoothAdapterService( 1710): android.net.wifi.STATE_CHANGE
11-20 00:04:49.814 E/Netd    (  462): no such netId 142
11-20 00:04:49.697 I/Nat464Xlat( 1186): Android Xlat is disabled
11-20 00:04:49.815 E/ConnectivityService( 1186): Exception in networkAddRouteParcel for non-gateway: android.os.ServiceSpecificException: Machine is not on the network (code 64)
11-20 00:04:49.816 E/ConnectivityService( 1186): Exception in networkAddRouteParcel for gateway: android.os.ServiceSpecificException: Machine is not on the network (code 64)
11-20 00:04:49.816 I/Nat464Xlat( 1186): Android Xlat is disabled
11-20 00:04:49.815 E/Netd    (  462): no such netId 142
11-20 00:04:49.817 D/WifiConnector( 2870): Network State Changed
11-20 00:04:49.817 D/BluetoothVendorService( 1710): setWifiState to: true
11-20 00:04:49.817 I/BluetoothVendorJni( 1710): setWifiStateNative
11-20 00:04:49.817 I/bt_btif_vendor( 1710): setWifiState :1
11-20 00:04:49.818 D/QCNEJ/WlanStaInfoRelay( 1907): Received action: android.net.wifi.STATE_CHANGE
11-20 00:04:49.835 D/QCNEJ/WlanStaInfoRelay( 1907): Received action: android.net.wifi.STATE_CHANGE
11-20 00:04:49.836 D/BluetoothAdapterService( 1710): android.net.wifi.STATE_CHANGE
11-20 00:04:49.837 D/WifiConnector( 2870): Network State Changed
11-20 00:04:49.842 D/BluetoothVendorService( 1710): setWifiState to: true
11-20 00:04:49.842 I/BluetoothVendorJni( 1710): setWifiStateNative
11-20 00:04:49.842 I/bt_btif_vendor( 1710): setWifiState :1
11-20 00:04:49.843 D/WifiConnector( 2870): Configured Networks Changed
11-20 00:04:49.816 I/Nat464Xlat( 1186): Android Xlat is disabled
11-20 00:04:49.869 D/ConnectivityService( 1186): Setting DNS servers for network 142 to [/192.168.1.1]
11-20 00:04:49.870 I/Nat464Xlat( 1186): Android Xlat is disabled
11-20 00:04:49.885 I/chatty  ( 1186): uid=1000(system) pool-9-thread-1 expire 3 lines
11-20 00:04:49.900 E/QMI_FW  ( 1042): qmi_cci_get_ref: ref count increased 2
11-20 00:04:49.900 E/QMI_FW  ( 1042): qmi_cci_get_ref: ref count increased 2
11-20 00:04:49.901 E/QMI_FW  ( 1042): qmi_cci_get_ref: ref count increased 2
11-20 00:04:49.921 E/QMI_FW  (  915): qmi_cci_get_ref: ref count increased 2
11-20 00:04:49.870 I/Nat464Xlat( 1186): Android Xlat is disabled
11-20 00:04:49.960 D/ConnectivityService( 1186): [142 WIFI] EVENT_NETWORK_INFO_CHANGED, going from UNKNOWN to CONNECTED
11-20 00:04:49.962 D/DnsManager( 1186): sendDnsConfigurationForNetwork(142, [192.168.1.1], [], 1800, 25, 8, 64, 0, 0, , [])
11-20 00:04:49.965 W/DnsManager( 1186): updatePrivateDns(142, PrivateDnsConfig{true:/[]})
11-20 00:04:49.966 D/ConnectivityService( 1186): Setting DNS servers for network 142 to [/192.168.1.1]
11-20 00:04:49.966 D/DnsManager( 1186): sendDnsConfigurationForNetwork(142, [192.168.1.1], [], 1800, 25, 8, 64, 0, 0, , [192.168.1.1])
11-20 00:04:49.973 D/ConnectivityService( 1186): Adding iface wlan0 to network 142
11-20 00:04:49.923 E/QMI_FW  (  915): qmi_cci_get_ref: ref count increased 2
11-20 00:04:49.977 W/resolv  (  462): Validating DnsTlsServer on netId 142
11-20 00:04:50.005 W/resolv  (  462): Validation failed
11-20 00:04:50.018 D/ConnectivityService( 1186): Setting DNS servers for network 142 to [/192.168.1.1]
11-20 00:04:50.018 D/DnsManager( 1186): sendDnsConfigurationForNetwork(142, [192.168.1.1], [], 1800, 25, 8, 64, 0, 0, , [192.168.1.1])
11-20 00:04:50.020 I/Nat464Xlat( 1186): Android Xlat is disabled
11-20 00:04:50.024 W/resolv  (  462): Validating DnsTlsServer on netId 142
11-20 00:04:50.042 W/resolv  (  462): SSL_connect ssl error =5, mark 0xf008e: Connection refused
11-20 00:04:50.043 W/resolv  (  462): Validation failed
11-20 00:04:50.020 I/Nat464Xlat( 1186): Android Xlat is disabled
11-20 00:04:50.074 D/ConnectivityService( 1186): NetReassign [no changes]
11-20 00:04:50.076 D/QCNEJ/WlanStaInfoRelay( 1907): network available: 142
11-20 00:04:50.101 D/QCNEJ/NativeHalConnector( 1907): -> SND notifyWifiAvailable(v4Connected = truev6Connected = , false, isAndroidValidated = false)
11-20 00:04:50.105 D/QCNEJ/NativeHalConnector( 1907): -> SND notifyWifiAvailable(v4Connected = truev6Connected = , false, isAndroidValidated = false)
11-20 00:04:50.145 I/chatty  ( 1186): uid=1000 system_server expire 3 lines
11-20 00:04:50.157 I/chatty  ( 1186): uid=1000 system_server expire 2 lines
11-20 00:04:50.221 I/chatty  ( 1186): uid=1000 system_server expire 1 line
11-20 00:04:50.228 D/ConnectivityService( 1186): [142 WIFI] validation passed
11-20 00:04:50.228 D/ConnectivityService( 1186): NetReassign [44 : 101  142, 11 : 101  142, 63 : 101  142, 17 : 101  142, 25 : 101  142, 1 : 101  142, 649 : 101  142, 643 : 101  142, 8 : 101  142, 12 : 101  142, 14 : 101  142, 16 : 101  142, 22 : 101  142, 32 : 101  142]
11-20 00:04:50.231 E/NetlinkEvent(  462): NetlinkEvent::FindParam(): Parameter 'INTERFACE' not found
11-20 00:04:50.231 E/NetlinkEvent(  462): NetlinkEvent::FindParam(): Parameter 'STATE' not found
11-20 00:04:50.231 E/NetlinkEvent(  462): NetlinkEvent::FindParam(): Parameter 'TIME_NS' not found
11-20 00:04:50.231 E/NetlinkEvent(  462): NetlinkEvent::FindParam(): Parameter 'UID' not found
11-20 00:04:50.248 D/ConnectivityService( 1186): Switching to new default network: NetworkAgentInfo{ ni{[type: WIFI[], state: CONNECTED/CONNECTED, reason: (unspecified), extra: , failover: false, available: true, roaming: false]}  network{142}  nethandle{613291053069}  lp{{InterfaceName: wlan0 LinkAddresses: [ 192.168.1.41/24 ] DnsAddresses: [ /192.168.1.1 ] Domains: null MTU: 0 ServerAddress: /192.168.1.1 TcpBufferSizes: 524288,1048576,2097152,262144,524288,1048576 Routes: [ fe80::/64 -> :: wlan0 mtu 0,192.168.1.0/24 -> 0.0.0.0 wlan0 mtu 0,0.0.0.0/0 -> 192.168.1.1 wlan0 mtu 0 ]}}  nc{[ Transports: WIFI Capabilities: NOT_METERED&INTERNET&NOT_RESTRICTED&TRUSTED&NOT_VPN&VALIDATED&NOT_ROAMING&FOREGROUND&NOT_CONGESTED&NOT_SUSPENDED LinkUpBandwidth>=62000Kbps LinkDnBandwidth>=62000Kbps SignalStrength: -32 OwnerUid: 1000 SSID: "MTBF_Lab" RequestorUid: -1 RequestorPackageName: null]}  Score{60}  everValidated{true}  lastValidated{true}  created{true} lingering{false} explicitlySelected{false} acceptUnvalidated{false} everCaptivePortalDetected{false} lastCaptivePortalDetected{false} partialConnectivity{false} acceptPartialConnectivity{false} clat{mBaseIface: null, mIface: null, mState: IDLE} }
11-20 00:04:50.351 I/chatty  ( 1186): uid=1000(system) NetworkTimeUpda expire 1 line
11-20 00:04:50.359 V/LigerRadioStatsReporter( 2357): onCapabilitiesChanged: Network capabilities changed
11-20 00:04:50.366 D/DeviceAuthService(13333): Network connected
11-20 00:04:50.366 D/DeviceAuthService(13333): fetchAuthTokenWrapper called
11-20 00:04:50.375 D/QCNEJ/DefaultNetworkInfoRelay( 1907): Default network available: 142
11-20 00:04:50.375 D/ConnectivityService( 1186): Lingering [101 CELLULAR] for 30000ms
11-20 00:04:50.377 D/QCNEJ/NativeHalConnector( 1907): -> SND notifyDefaultNetworkChanged(1)
11-20 00:04:50.377 D/ConnectivityService( 1186): Sending DISCONNECTED broadcast for type 0 [101 CELLULAR] isDefaultNetwork=true
11-20 00:04:50.378 D/ConnectivityService( 1186): Sending CONNECTED broadcast for type 1 [142 WIFI] isDefaultNetwork=true
11-20 00:04:50.389 E/QMI_FW  (  915): qmi_cci_get_ref: ref count increased 2
11-20 00:04:50.392 E/QMI_FW  (  915): qmi_cci_get_ref: ref count increased 2
11-20 00:04:50.392 I/chatty  ( 1186): uid=1000(system) android.fg expire 1 line
11-20 00:04:50.393 I/chatty  (  527): uid=1021(gps) Loc_hal_worker expire 1 line
11-20 00:04:50.413 D/DeviceAuthService(13333): isOculusAddressResolvable returned true
11-20 00:04:50.413 D/DeviceAuthenticator(13333): Fetching new credentials asynchronously
11-20 00:04:50.414 V/LigerRadioStatsReporter( 2357): onCapabilitiesChanged: Network capabilities changed
11-20 00:04:50.414 V/LigerRadioStatsReporter( 2357): reportAndCheckpointRadioStats
11-20 00:04:50.417 D/DeviceAuthenticator(13333): Calling DeviceAuth.authenticate()
11-20 00:04:50.418 V/LigerRadioStatsReporter( 2357): +++++++++++ RADIO STATS DUMP +++++++++++
11-20 00:04:50.418 V/LigerRadioStatsReporter( 2357): totalActiveRadioTimeMs=0
11-20 00:04:50.424 D/ConnectivityService( 1186): Setting DNS servers for network 142 to [/192.168.1.1]
11-20 00:04:50.424 D/DnsManager( 1186): sendDnsConfigurationForNetwork(142, [192.168.1.1], [], 1800, 25, 8, 64, 0, 0, , [192.168.1.1])
11-20 00:04:50.425 E/DeviceCertService(  545): This device *might* have a provisioning issue. Please run `maui provision check` to verify.
11-20 00:04:50.425 E/DeviceCertService(  545): See https://fburl.com/wiki/a9hho0p9 for more information.
11-20 00:04:50.425 E/DeviceCertService(  545): Could not access certificate file '/mnt/vendor/persist/certificates/device_identityinsecure.crt', error 2: No such file or directory
11-20 00:04:50.426 V/LigerRadioStatsReporter( 2357): totalTailRadioTimeMs=13995
11-20 00:04:50.426 V/LigerRadioStatsReporter( 2357): totalWakeupCount=0
11-20 00:04:50.426 V/LigerRadioStatsReporter( 2357): httpUpBytes=0
11-20 00:04:50.426 V/LigerRadioStatsReporter( 2357): httpDownBytes=0
11-20 00:04:50.426 V/LigerRadioStatsReporter( 2357): httpWakeupCount=0
11-20 00:04:50.426 V/LigerRadioStatsReporter( 2357): httpRequestCount=0
11-20 00:04:50.426 V/LigerRadioStatsReporter( 2357): httpActiveRadioTimeMs=0
11-20 00:04:50.426 V/LigerRadioStatsReporter( 2357): httpTailRadioTimeMs=13995
11-20 00:04:50.426 V/LigerRadioStatsReporter( 2357): reportAndCheckpointRadioStats: Tx=0
11-20 00:04:50.426 V/LigerRadioStatsReporter( 2357): reportAndCheckpointRadioStats: Rx=0
11-20 00:04:50.426 V/LigerRadioStatsReporter( 2357): reportAndCheckpointRadioStats: Uids=10027
11-20 00:04:50.426 V/LigerRadioStatsReporter( 2357): reportAndCheckpointRadioStats: Tags=null
11-20 00:04:50.429 D/QCNEJ/WlanStaInfoRelay( 1907): AndroidValidate from false to true
11-20 00:04:50.433 E/DeviceAuthenticator(13333): ERROR: java.lang.RuntimeException: devicecert returned error FILESYSTEM_ERROR
11-20 00:04:50.433 E/DeviceAuthenticator(13333): 
11-20 00:04:50.433 E/DeviceAuthenticator(13333): com.facebook.mos.sdk.devicecert.DeviceIdentityException: java.lang.RuntimeException: devicecert returned error FILESYSTEM_ERROR
11-20 00:04:50.433 E/DeviceAuthenticator(13333): 
11-20 00:04:50.438 E/QMI_FW  ( 1042): qmi_cci_get_ref: ref count increased 2
11-20 00:04:50.439 D/QCNEJ/WlanStaInfoRelay( 1907): retrieveCountryCode:Location obtained from Telephony: us
11-20 00:04:50.441 E/QMI_FW  ( 1042): qmi_cci_get_ref: ref count increased 2
11-20 00:04:50.442 D/PhoneInterfaceManager( 1984): setModemActivityInfo
11-20 00:04:50.442 D/FbSideCarManager( 1984): setModemActivityInfo
11-20 00:04:50.442 D/FbSideCarManager( 1984): setModemActivityInfo
11-20 00:04:50.443 D/WirelessInsightServiceImpl( 1984): setModemActivityInfo
11-20 00:04:50.443 D/FbSideCarManager( 1984): setModemActivityInfoInternal success
11-20 00:04:50.443 D/PhoneInterfaceManager( 1984): setModemActivityInfo: success.
11-20 00:04:50.443 D/WirelessInsightServiceImpl( 1984): notifyListeners: listeners = 0, modemActivityInfo = ModemActivityInfo{ mTimestamp=29778168 mSleepTimeMs=19013933 mIdleTimeMs=169359 mTransmitPowerInfo[]=[TransmitPower{ mTimeInMillis=24 mPowerRangeInDbm={-2147483648,0}}, TransmitPower{ mTimeInMillis=403261 mPowerRangeInDbm={0,5}}, TransmitPower{ mTimeInMillis=3586 mPowerRangeInDbm={5,15}}, TransmitPower{ mTimeInMillis=18222 mPowerRangeInDbm={15,20}}, TransmitPower{ mTimeInMillis=235757 mPowerRangeInDbm={20,2147483647}}] mRxTimeMs=9899006}
11-20 00:04:50.452 W/resolv  (  462): Validating DnsTlsServer on netId 142
11-20 00:04:50.455 E/QMI_FW  (  915): qmi_cci_get_ref: ref count increased 2
11-20 00:04:50.456 E/QMI_FW  (  915): qmi_cci_get_ref: ref count increased 2
11-20 00:04:50.463 E/QMI_FW  ( 1042): qmi_cci_get_ref: ref count increased 2
11-20 00:04:50.464 W/resolv  (  462): SSL_connect ssl error =5, mark 0xf008e: Connection refused
11-20 00:04:50.465 W/resolv  (  462): Validation failed
11-20 00:04:50.465 E/QMI_FW  ( 1042): qmi_cci_get_ref: ref count increased 2
11-20 00:04:50.490 D/WifiConnector( 2870): Configured Networks Changed
11-20 00:04:50.544 E/QMI_FW  ( 1042): qmi_cci_get_ref: ref count increased 2
11-20 00:04:50.553 E/QMI_FW  ( 1042): qmi_cci_get_ref: ref count increased 2
11-20 00:04:50.576 I/chatty  ( 1042): uid=1001(radio) DedicatedThread identical 6 lines
11-20 00:04:50.577 E/QMI_FW  ( 1042): qmi_cci_get_ref: ref count increased 2
11-20 00:04:50.584 E/QMI_FW  ( 1042): qmi_cci_get_ref: ref count increased 2
