11-21 00:35:02.359 I/chatty  ( 1042): uid=1001(radio) DedicatedThread identical 6 lines
11-21 00:35:02.362 E/QMI_FW  ( 1042): qmi_cci_get_ref: ref count increased 2
11-21 00:35:02.365 E/QMI_FW  ( 1042): qmi_cci_get_ref: ref count increased 2
11-21 00:35:02.380 I/chatty  ( 1042): uid=1001(radio) main identical 6 lines
11-21 00:35:02.381 E/QMI_FW  ( 1042): qmi_cci_get_ref: ref count increased 2
11-21 00:35:02.456 D/ServiceStateProvider( 1984): subId=1
11-21 00:35:02.461 D/CompatibilityInfo( 1186): mCompatibilityFlags - 4
11-21 00:35:02.461 D/CompatibilityInfo( 1186): applicationDensity - 320
11-21 00:35:02.461 D/CompatibilityInfo( 1186): applicationScale - 1.0
11-21 00:35:02.463 D/CellBroadcastReceiver( 7711): onReceive Intent { act=android.intent.action.SERVICE_STATE flg=0x1000010 cmp=com.android.cellbroadcastreceiver/.CellBroadcastReceiver (has extras) }
11-21 00:35:02.465 D/CompatibilityInfo( 1186): mCompatibilityFlags - 4
11-21 00:35:02.465 D/CompatibilityInfo( 1186): applicationDensity - 320
11-21 00:35:02.465 D/CompatibilityInfo( 1186): applicationScale - 1.0
11-21 00:35:02.475 D/KeyguardUpdateMonitor( 1762): received broadcast android.intent.action.SERVICE_STATE
11-21 00:35:02.475 I/Telephony( 1984): isRttCurrentlySupported -- regular acct, hasVoiceAvailability: true
11-21 00:35:02.475 I/Telephony( 1984):  isRttSupported: true
11-21 00:35:02.475 I/Telephony( 1984):  isRoaming: false
11-21 00:35:02.475 I/Telephony( 1984):  isOnWfc: false
11-21 00:35:02.476 V/KeyguardUpdateMonitor( 1762): action android.intent.action.SERVICE_STATE serviceState={mVoiceRegState=0(IN_SERVICE), mDataRegState=0(IN_SERVICE), mChannelNumber=5110, duplexMode()=1, mCellBandwidths=[], mOperatorAlphaLong=AT&T, mOperatorAlphaShort=AT&T, isManualNetworkSelection=false(automatic), getRilVoiceRadioTechnology=14(LTE), getRilDataRadioTechnology=14(LTE), mCssIndicator=supported, mNetworkId=-1, mSystemId=-1, mCdmaRoamingIndicator=-1, mCdmaDefaultRoamingIndicator=-1, mIsEmergencyOnly=false, isUsingCarrierAggregation=false, mLteEarfcnRsrpBoost=0, mNetworkRegistrationInfos=[NetworkRegistrationInfo{ domain=CS transportType=WWAN registrationState=HOME roamingType=NOT_ROAMING accessNetworkTechnology=LTE rejectCause=0 emergencyEnabled=false availableServices=[VOICE,SMS,VIDEO] cellIdentity=CellIdentityLte:{ mCi=168987921 mPci=338 mTac=35650 mEarfcn=5110 mBands=[] mBandwidth=2147483647 mMcc=310 mMnc=410 mAlphaLong=AT&T mAlphaShort=AT&T mAdditionalPlmns={} mCsgInfo=null} voiceSpecificInfo=VoiceSpecificRegistrationInfo { mCssSupported=true mRoamingIndicator=1 mSystemIsInPrl=-1 mDefaultRoamingIndicator=-1} dataSpecificInfo=null nrState=NONE rRplmn=310410}, NetworkRegistrationInfo{ domain=PS transportType=WWAN registrationState=HOME roamingType=NOT_ROAMING accessNetworkTechnology=LTE rejectCause=0 emergencyEnabled=false availableServices=[DATA] cellIdentity=CellIdentityLte:{ mCi=168987921 mPci=338 mTac=35650 mEarfcn=5110 mBands=[] mBandwidth=2147483647 mMcc=310 mMnc=410 mAlphaLong=AT&T mAlphaShort=AT&T mAdditionalPlmns={} mCsgInfo=null} voiceSpecificInfo=null dataSpecificInfo=android.telephony.DataSpecificRegistrationInfo :{ maxDataCalls = 20 isDcNrRestricted = false isNrAvailable = false isEnDcAvailable = false LteVopsSupportInfo :  mVopsSupport = 2 mEmcBearerSupport = 2 mIsUsingCarrierAggregation = false } nrState=NONE rRplmn=310410}], mNrFrequencyRange=0, mOperatorAlphaLongRaw=AT&T, mOperatorAlphaShortRaw=AT&T, mIsDataRoamingFromRegistration=false, mIsIwlanPreferred=false} subId=1
11-21 00:35:02.476 D/KeyguardUpdateMonitor( 1762): handleServiceStateChange(subId=1, serviceState={mVoiceRegState=0(IN_SERVICE), mDataRegState=0(IN_SERVICE), mChannelNumber=5110, duplexMode()=1, mCellBandwidths=[], mOperatorAlphaLong=AT&T, mOperatorAlphaShort=AT&T, isManualNetworkSelection=false(automatic), getRilVoiceRadioTechnology=14(LTE), getRilDataRadioTechnology=14(LTE), mCssIndicator=supported, mNetworkId=-1, mSystemId=-1, mCdmaRoamingIndicator=-1, mCdmaDefaultRoamingIndicator=-1, mIsEmergencyOnly=false, isUsingCarrierAggregation=false, mLteEarfcnRsrpBoost=0, mNetworkRegistrationInfos=[NetworkRegistrationInfo{ domain=CS transportType=WWAN registrationState=HOME roamingType=NOT_ROAMING accessNetworkTechnology=LTE rejectCause=0 emergencyEnabled=false availableServices=[VOICE,SMS,VIDEO] cellIdentity=CellIdentityLte:{ mCi=168987921 mPci=338 mTac=35650 mEarfcn=5110 mBands=[] mBandwidth=2147483647 mMcc=310 mMnc=410 mAlphaLong=AT&T mAlphaShort=AT&T mAdditionalPlmns={} mCsgInfo=null} voiceSpecificInfo=VoiceSpecificRegistrationInfo { mCssSupported=true mRoamingIndicator=1 mSystemIsInPrl=-1 mDefaultRoamingIndicator=-1} dataSpecificInfo=null nrState=NONE rRplmn=310410}, NetworkRegistrationInfo{ domain=PS transportType=WWAN registrationState=HOME roamingType=NOT_ROAMING accessNetworkTechnology=LTE rejectCause=0 emergencyEnabled=false availableServices=[DATA] cellIdentity=CellIdentityLte:{ mCi=168987921 mPci=338 mTac=35650 mEarfcn=5110 mBands=[] mBandwidth=2147483647 mMcc=310 mMnc=410 mAlphaLong=AT&T mAlphaShort=AT&T mAdditionalPlmns={} mCsgInfo=null} voiceSpecificInfo=null dataSpecificInfo=android.telephony.DataSpecificRegistrationInfo :{ maxDataCalls = 20 isDcNrRestricted = false isNrAvailable = false isEnDcAvailable = false LteVopsSupportInfo :  mVopsSupport = 2 mEmcBearerSupport = 2 mIsUsingCarrierAggregation = false } nrState=NONE rRplmn=310410}], mNrFrequencyRange=0, mOperatorAlphaLongRaw=AT&T, mOperatorAlphaShortRaw=AT&T, mIsDataRoamingFromRegistration=false, mIsIwlanPreferred=false}
11-21 00:35:02.596 D/UIAutomatorStub( 6483): URI: /jsonrpc/0, Method: POST, Header: {content-length=183, remote-addr=127.0.0.1, http-client-ip=127.0.0.1, host=localhost:9012, content-type=application/json, accept-encoding=identity}, params, {NanoHttpd.QUERY_STRING=null}, files: {postData={"jsonrpc": "2.0", "method": "waitForExists", "id": "c86ba25d2f1039c04f023411b2e053a4", "params": [{"mask": 1, "childOrSibling": [], "childOrSiblingSelector": [], "text": "WiFi"}, 5]}}
11-21 00:35:02.622 D/UIAutomatorStub( 6483): URI: /jsonrpc/0, Method: POST, Header: {content-length=172, remote-addr=127.0.0.1, http-client-ip=127.0.0.1, host=localhost:9012, content-type=application/json, accept-encoding=identity}, params, {NanoHttpd.QUERY_STRING=null}, files: {postData={"jsonrpc": "2.0", "method": "click", "id": "da5eab065b59296ad0d3753cce0e500f", "params": [{"mask": 1, "childOrSibling": [], "childOrSiblingSelector": [], "text": "WiFi"}]}}
11-21 00:35:02.630 I/m.android.phon( 1984): Background concurrent copying GC freed 178452(16MB) AllocSpace objects, 85(1600KB) LOS objects, 77% free, 5460KB/23MB, paused 154us total 223.115ms
11-21 00:35:02.708 W/StatusBarClientConnection(27399): Messenger is null, ignoring message: { when=-1d8h46m30s433ms barrier=1 }
11-21 00:35:02.734 D/CompatibilityInfo( 1186): mCompatibilityFlags - 4
11-21 00:35:02.734 D/CompatibilityInfo( 1186): applicationDensity - 320
11-21 00:35:02.734 D/CompatibilityInfo( 1186): applicationScale - 1.0
11-21 00:35:02.744 D/WifiConnector( 2870): Network State Changed
11-21 00:35:02.745 E/StatusBarClientConnection(27399): Service connected
11-21 00:35:02.769 W/View    (27399): requestLayout() improperly called by android.view.View{e623ca8 V.ED..... ......I. 0,368-474,474} during layout: running second layout pass
11-21 00:35:02.775 D/WifiSharingService( 2870): Starting Wi-Fi scan
11-21 00:35:02.778 I/WifiService( 1186): startScan uid=1000
11-21 00:35:02.786 W/View    (27399): requestLayout() improperly called by com.facebook.wearable.common.wds.listview.WdsListView{66d82cf V.E..V... ........ 0,0-474,474} during second layout pass: posting in next frame
11-21 00:35:02.792 D/WifiNative( 1186): Scan trigered from WifiNative
11-21 00:35:02.794 I/chatty  ( 1026): uid=1021(gps) lowi-server expire 62 lines
11-21 00:35:02.795 V/WifiHAL (  544): event received NL80211_CMD_TRIGGER_SCAN
11-21 00:35:03.386 V/WifiHAL (  544): event received NL80211_CMD_NEW_SCAN_RESULTS
11-21 00:35:03.387 D/WifiNl80211Manager( 1186): Scan result ready event
11-21 00:35:03.387 D/WifiNative( 1186): Scan result ready event
11-21 00:35:03.391 D/LOWI-9.0.0.80( 1026): [LOWI-Scan] BSS ce:dc:12:3b:87:fd LOWI_PHY_MODE_11AC_VHT20_2G(11), Beacon Interval: 100, LOWI_ENCRYPTION_TYPE_WPA_PSK 11mcRanging: No, ANQP: Yes, LCI: No, Civic: No, capability(0x1431): ESS Privacy ShortPreamble ShortSlotTime
11-21 00:35:03.391 D/LOWI-9.0.0.80( 1026): [LOWI-Scan] BSS ce:dc:12:3b:87:fd FREQ: 2437, cFreq1[40:80:160] = [0:0:0] cFreq2 = 0 Country Code =    
11-21 00:35:03.391 D/LOWI-9.0.0.80( 1026): [LOWI-Scan] BSS ce:dc:12:3b:87:fd (wlan0) ASSO: NO AddInfo: 0x1, TSF 1, 08:46:31.111, RSSI: -96, CPL: 127, AGE: 0,  SSID Pixel5_R1, TSFDelta: 0x0, TXRate: 0
11-21 00:35:03.391 D/LOWI-9.0.0.80( 1026): [LOWI-Scan]  -- associated
11-21 00:35:03.391 D/LOWI-9.0.0.80( 1026): [LOWI-Scan] 
11-21 00:35:03.391 D/LOWI-9.0.0.80( 1026): [LOWI-Scan] print_bss_handler: Report Probe TSF 117991111532 as it greater than Beacon TSF 117607402384
11-21 00:35:03.392 I/LOWI-9.0.0.80( 1026): [LOWI-Scan] RSN_IE
11-21 00:35:03.392 D/LOWI-9.0.0.80( 1026): [LOWI-Scan] decode_rsn_wpa_ie: Entered
11-21 00:35:03.392 D/LOWI-9.0.0.80( 1026): [LOWIUtils] hexDump: msg(30 14 01 00 00 0f ac 04 01 00 00 0f ac 04 01 00 00 0f ac 02 )
11-21 00:35:03.392 D/LOWI-9.0.0.80( 1026): [LOWI-Scan] decode_rsn_wpa_ie: LOWI_ENCRYPTION_TYPE_WPA_PSK
11-21 00:35:03.392 D/LOWI-9.0.0.80( 1026): [LOWI-Scan]  No Secondary channel present
11-21 00:35:03.392 D/LOWI-9.0.0.80( 1026): [LOWI-Scan] is_qcom_ie, bss_age: 32
11-21 00:35:03.392 D/LOWI-9.0.0.80( 1026): [LOWI-Scan] BSS 6c:cd:d6:25:63:2a LOWI_PHY_MODE_11NG_HT20(5), Beacon Interval: 100, LOWI_ENCRYPTION_TYPE_WPA_PSK 11mcRanging: No, ANQP: No, LCI: No, Civic: No, capability(0x0511): ESS Privacy SpectrumMgmt ShortSlotTime
11-21 00:35:03.392 D/LOWI-9.0.0.80( 1026): [LOWI-Scan] BSS 6c:cd:d6:25:63:2a FREQ: 2432, cFreq1[40:80:160] = [2432:0:0] cFreq2 = 0 Country Code = US 
11-21 00:35:03.392 D/LOWI-9.0.0.80( 1026): [LOWI-Scan] BSS 6c:cd:d6:25:63:2a (wlan0) ASSO: YES AddInfo: 0x0, TSF 1, 08:46:31.111, RSSI: -64, CPL: 127, AGE: 0,  SSID MTBF_Lab, TSFDelta: 0x0, TXRate: 0
11-21 00:35:03.392 D/LOWI-9.0.0.80( 1026): [LOWI-Scan] 
11-21 00:35:03.392 D/LOWI-9.0.0.80( 1026): [LOWI-Scan] print_bss_handler: Report Probe TSF 117991111746 as it greater than Beacon TSF 117709337742
11-21 00:35:03.393 I/LOWI-9.0.0.80( 1026): [LOWI-Scan] RSN_IE
11-21 00:35:03.393 D/LOWI-9.0.0.80( 1026): [LOWI-Scan] decode_rsn_wpa_ie: Entered
11-21 00:35:03.393 D/LOWI-9.0.0.80( 1026): [LOWIUtils] hexDump: msg(30 14 01 00 00 0f ac 04 01 00 00 0f ac 04 01 00 00 0f ac 02 )
11-21 00:35:03.393 D/LOWI-9.0.0.80( 1026): [LOWI-Scan] decode_rsn_wpa_ie: LOWI_ENCRYPTION_TYPE_WPA_PSK
11-21 00:35:03.393 D/LOWI-9.0.0.80( 1026): [LOWI-Scan] is_qcom_ie, bss_age: 3
11-21 00:35:03.393 D/LOWI-9.0.0.80( 1026): [LOWI-Scan] BSS 2c:57:41:86:90:a1 LOWI_PHY_MODE_11NG_HT20(5), Beacon Interval: 100, LOWI_ENCRYPTION_TYPE_WPA_PSK 11mcRanging: No, ANQP: No, LCI: No, Civic: No, capability(0x1411): ESS Privacy ShortSlotTime
11-21 00:35:03.393 D/LOWI-9.0.0.80( 1026): [LOWI-Scan] BSS 2c:57:41:86:90:a1 FREQ: 2462, cFreq1[40:80:160] = [0:0:0] cFreq2 = 0 Country Code = US
11-21 00:35:03.393 D/LOWI-9.0.0.80( 1026): [LOWI-Scan] BSS 2c:57:41:86:90:a1 (wlan0) ASSO: NO AddInfo: 0x0, TSF 1, 08:46:31.111, RSSI: -136, CPL: 2, AGE: 0,  SSID kittyhawk, TSFDelta: 0x0, TXRate: 0
11-21 00:35:03.393 D/LOWI-9.0.0.80( 1026): [LOWI-Scan] 
11-21 00:35:03.393 D/LOWI-9.0.0.80( 1026): [LOWI-Scan] print_bss_handler: Report Probe TSF 117991111620 as it greater than Beacon TSF 117890962225
11-21 00:35:03.393 I/LOWI-9.0.0.80( 1026): [LOWI-Scan] RSN_IE
11-21 00:35:03.393 D/LOWI-9.0.0.80( 1026): [LOWI-Scan] decode_rsn_wpa_ie: Entered
11-21 00:35:03.393 D/LOWI-9.0.0.80( 1026): [LOWIUtils] hexDump: msg(30 14 01 00 00 0f ac 04 01 00 00 0f ac 04 01 00 00 0f ac 02 )
11-21 00:35:03.393 D/LOWI-9.0.0.80( 1026): [LOWI-Scan] decode_rsn_wpa_ie: LOWI_ENCRYPTION_TYPE_WPA_PSK
11-21 00:35:03.393 D/LOWI-9.0.0.80( 1026): [LOWI-Scan] is_qcom_ie, bss_age: 16
11-21 00:35:03.393 D/LOWI-9.0.0.80( 1026): [LOWI-Scan] BSS fe:2d:5a:49:61:eb LOWI_PHY_MODE_11AC_VHT20_2G(11), Beacon Interval: 100, LOWI_ENCRYPTION_TYPE_WPA_PSK 11mcRanging: No, ANQP: Yes, LCI: No, Civic: No, capability(0x1431): ESS Privacy ShortPreamble ShortSlotTime
11-21 00:35:03.394 D/LOWI-9.0.0.80( 1026): [LOWI-Scan] BSS fe:2d:5a:49:61:eb FREQ: 2452, cFreq1[40:80:160] = [0:0:0] cFreq2 = 0 Country Code =    
11-21 00:35:03.394 D/LOWI-9.0.0.80( 1026): [LOWI-Scan] BSS fe:2d:5a:49:61:eb (wlan0) ASSO: NO AddInfo: 0x0, TSF 1, 08:46:31.111, RSSI: -92, CPL: 127, AGE: 0,  SSID Pixel_R2, TSFDelta: 0x0, TXRate: 0
11-21 00:35:03.397 D/LOWI-9.0.0.80( 1026): [LOWI-Scan] 
11-21 00:35:03.397 D/LOWI-9.0.0.80( 1026): [LOWI-Scan] print_bss_handler: Report Probe TSF 117991111657 as it greater than Beacon TSF 117789048562
11-21 00:35:03.397 I/LOWI-9.0.0.80( 1026): [LOWI-Scan] RSN_IE
11-21 00:35:03.397 D/LOWI-9.0.0.80( 1026): [LOWI-Scan] decode_rsn_wpa_ie: Entered
11-21 00:35:03.397 D/LOWI-9.0.0.80( 1026): [LOWIUtils] hexDump: msg(30 14 01 00 00 0f ac 04 01 00 00 0f ac 04 01 00 00 0f ac 02 )
11-21 00:35:03.397 D/LOWI-9.0.0.80( 1026): [LOWI-Scan] decode_rsn_wpa_ie: LOWI_ENCRYPTION_TYPE_WPA_PSK
11-21 00:35:03.397 D/LOWI-9.0.0.80( 1026): [LOWI-Scan] is_qcom_ie, bss_age: 10
11-21 00:35:03.397 D/LOWI-9.0.0.80( 1026): [LOWI-Scan] BSS c6:82:9b:4e:b3:9e LOWI_PHY_MODE_11AC_VHT20_2G(11), Beacon Interval: 100, LOWI_ENCRYPTION_TYPE_WPA_PSK 11mcRanging: No, ANQP: Yes, LCI: No, Civic: No, capability(0x1431): ESS Privacy ShortPreamble ShortSlotTime
11-21 00:35:03.397 D/LOWI-9.0.0.80( 1026): [LOWI-Scan] BSS c6:82:9b:4e:b3:9e FREQ: 2457, cFreq1[40:80:160] = [0:0:0] cFreq2 = 0 Country Code =    
11-21 00:35:03.397 D/LOWI-9.0.0.80( 1026): [LOWI-Scan] BSS c6:82:9b:4e:b3:9e (wlan0) ASSO: NO AddInfo: 0x0, TSF 1, 08:46:31.111, RSSI: -106, CPL: 127, AGE: 0,  SSID Pixel_R6, TSFDelta: 0x0, TXRate: 0
11-21 00:35:03.398 D/LOWI-9.0.0.80( 1026): [LOWI-Scan] 
11-21 00:35:03.398 D/LOWI-9.0.0.80( 1026): [LOWI-Scan] print_bss_handler: Report Probe TSF 117991111767 as it greater than Beacon TSF 117760323714
11-21 00:35:03.398 I/LOWI-9.0.0.80( 1026): [LOWI-Scan] RSN_IE
11-21 00:35:03.398 D/LOWI-9.0.0.80( 1026): [LOWI-Scan] decode_rsn_wpa_ie: Entered
11-21 00:35:03.398 D/LOWI-9.0.0.80( 1026): [LOWIUtils] hexDump: msg(30 14 01 00 00 0f ac 04 01 00 00 0f ac 04 01 00 00 0f ac 02 )
11-21 00:35:03.398 D/LOWI-9.0.0.80( 1026): [LOWI-Scan] decode_rsn_wpa_ie: LOWI_ENCRYPTION_TYPE_WPA_PSK
11-21 00:35:03.398 D/LOWI-9.0.0.80( 1026): [LOWI-Scan] is_qcom_ie, bss_age: 51
11-21 00:35:03.398 D/LOWI-9.0.0.80( 1026): [LOWI-Scan] BSS 2c:57:41:86:8a:a1 LOWI_PHY_MODE_11NG_HT20(5), Beacon Interval: 100, LOWI_ENCRYPTION_TYPE_WPA_PSK 11mcRanging: No, ANQP: No, LCI: No, Civic: No, capability(0x1411): ESS Privacy ShortSlotTime
11-21 00:35:03.398 D/LOWI-9.0.0.80( 1026): [LOWI-Scan] BSS 2c:57:41:86:8a:a1 FREQ: 2412, cFreq1[40:80:160] = [0:0:0] cFreq2 = 0 Country Code = US
11-21 00:35:03.398 D/LOWI-9.0.0.80( 1026): [LOWI-Scan] BSS 2c:57:41:86:8a:a1 (wlan0) ASSO: NO AddInfo: 0x0, TSF 1, 08:46:31.111, RSSI: -140, CPL: 3, AGE: 0,  SSID kittyhawk, TSFDelta: 0x0, TXRate: 0
11-21 00:35:03.399 D/LOWI-9.0.0.80( 1026): [LOWI-Scan] 
11-21 00:35:03.399 D/LOWI-9.0.0.80( 1026): [LOWI-Scan] print_bss_handler: Report Probe TSF 117991111706 as it greater than Beacon TSF 117440603285
11-21 00:35:03.399 I/LOWI-9.0.0.80( 1026): [LOWI-Scan] RSN_IE
11-21 00:35:03.399 D/LOWI-9.0.0.80( 1026): [LOWI-Scan] decode_rsn_wpa_ie: Entered
11-21 00:35:03.399 D/LOWI-9.0.0.80( 1026): [LOWIUtils] hexDump: msg(30 14 01 00 00 0f ac 04 01 00 00 0f ac 04 01 00 00 0f ac 02 )
11-21 00:35:03.399 D/LOWI-9.0.0.80( 1026): [LOWI-Scan] decode_rsn_wpa_ie: LOWI_ENCRYPTION_TYPE_WPA_PSK
11-21 00:35:03.399 D/LOWI-9.0.0.80( 1026): [LOWI-Scan] is_qcom_ie, bss_age: 50
11-21 00:35:03.399 D/LOWI-9.0.0.80( 1026): [LOWI-Scan] BSS 18:64:72:60:2b:40 LOWI_PHY_MODE_11NG_HT20(5), Beacon Interval: 100, LOWI_ENCRYPTION_TYPE_WPA_PSK 11mcRanging: No, ANQP: No, LCI: No, Civic: No, capability(0x0431): ESS Privacy ShortPreamble ShortSlotTime
11-21 00:35:03.399 D/LOWI-9.0.0.80( 1026): [LOWI-Scan] BSS 18:64:72:60:2b:40 FREQ: 2412, cFreq1[40:80:160] = [0:0:0] cFreq2 = 0 Country Code =    
11-21 00:35:03.399 D/LOWI-9.0.0.80( 1026): [LOWI-Scan] BSS 18:64:72:60:2b:40 (wlan0) ASSO: NO AddInfo: 0x0, TSF 1, 08:46:31.111, RSSI: -140, CPL: 127, AGE: 0,  SSID lab-t24103779, TSFDelta: 0x0, TXRate: 0
11-21 00:35:03.400 D/LOWI-9.0.0.80( 1026): [LOWI-Scan] 
11-21 00:35:03.400 D/LOWI-9.0.0.80( 1026): [LOWI-Scan] print_bss_handler: Report Probe TSF 117991111885 as it greater than Beacon TSF 117501197063
11-21 00:35:03.400 I/LOWI-9.0.0.80( 1026): [LOWI-Scan] RSN_IE
11-21 00:35:03.400 D/LOWI-9.0.0.80( 1026): [LOWI-Scan] decode_rsn_wpa_ie: Entered
11-21 00:35:03.400 D/LOWI-9.0.0.80( 1026): [LOWIUtils] hexDump: msg(30 14 01 00 00 0f ac 04 01 00 00 0f ac 04 01 00 00 0f ac 02 )
11-21 00:35:03.400 D/LOWI-9.0.0.80( 1026): [LOWI-Scan] decode_rsn_wpa_ie: LOWI_ENCRYPTION_TYPE_WPA_PSK
11-21 00:35:03.400 D/LOWI-9.0.0.80( 1026): [LOWI-Scan] is_qcom_ie, bss_age: 28
11-21 00:35:03.400 D/LOWI-9.0.0.80( 1026): [LOWI-Scan] BSS 2c:57:41:89:63:c1 LOWI_PHY_MODE_11NG_HT20(5), Beacon Interval: 100, LOWI_ENCRYPTION_TYPE_WPA_PSK 11mcRanging: No, ANQP: No, LCI: No, Civic: No, capability(0x1411): ESS Privacy ShortSlotTime
11-21 00:35:03.400 D/LOWI-9.0.0.80( 1026): [LOWI-Scan] BSS 2c:57:41:89:63:c1 FREQ: 2437, cFreq1[40:80:160] = [0:0:0] cFreq2 = 0 Country Code = US
11-21 00:35:03.401 D/LOWI-9.0.0.80( 1026): [LOWI-Scan] BSS 2c:57:41:89:63:c1 (wlan0) ASSO: NO AddInfo: 0x0, TSF 1, 08:46:31.111, RSSI: -156, CPL: 2, AGE: 0,  SSID kittyhawk, TSFDelta: 0x0, TXRate: 0
11-21 00:35:03.401 D/LOWI-9.0.0.80( 1026): [LOWI-Scan] 
11-21 00:35:03.401 D/LOWI-9.0.0.80( 1026): [LOWI-Scan] print_bss_handler: Report Probe TSF 117991111843 as it greater than Beacon TSF 0
11-21 00:35:03.401 I/LOWI-9.0.0.80( 1026): [LOWI-Scan] RSN_IE
11-21 00:35:03.401 D/LOWI-9.0.0.80( 1026): [LOWI-Scan] decode_rsn_wpa_ie: Entered
11-21 00:35:03.401 D/LOWI-9.0.0.80( 1026): [LOWIUtils] hexDump: msg(30 14 01 00 00 0f ac 04 01 00 00 0f ac 04 01 00 00 0f ac 02 )
11-21 00:35:03.401 D/LOWI-9.0.0.80( 1026): [LOWI-Scan] decode_rsn_wpa_ie: LOWI_ENCRYPTION_TYPE_WPA_PSK
11-21 00:35:03.401 D/LOWI-9.0.0.80( 1026): [LOWI-Scan] is_qcom_ie, bss_age: 51
11-21 00:35:03.402 D/LOWI-9.0.0.80( 1026): [LOWI-Scan] BSS 2c:57:41:88:72:e1 LOWI_PHY_MODE_11NG_HT20(5), Beacon Interval: 100, LOWI_ENCRYPTION_TYPE_WPA_PSK 11mcRanging: No, ANQP: No, LCI: No, Civic: No, capability(0x1411): ESS Privacy ShortSlotTime
11-21 00:35:03.402 D/LOWI-9.0.0.80( 1026): [LOWI-Scan] BSS 2c:57:41:88:72:e1 FREQ: 2412, cFreq1[40:80:160] = [0:0:0] cFreq2 = 0 Country Code = US
11-21 00:35:03.402 D/LOWI-9.0.0.80( 1026): [LOWI-Scan] BSS 2c:57:41:88:72:e1 (wlan0) ASSO: NO AddInfo: 0x0, TSF 1, 08:46:31.111, RSSI: -146, CPL: 3, AGE: 0,  SSID kittyhawk, TSFDelta: 0x0, TXRate: 0
11-21 00:35:03.402 D/WificondScannerImpl( 1186): Filtering out 2 scan results.
11-21 00:35:03.402 D/LOWI-9.0.0.80( 1026): [LOWI-Scan] 
11-21 00:35:03.402 D/LOWI-9.0.0.80( 1026): [LOWI-Scan] print_bss_handler: Report Probe TSF 117991111865 as it greater than Beacon TSF 117912412365
11-21 00:35:03.402 I/LOWI-9.0.0.80( 1026): [LOWI-Scan] RSN_IE
11-21 00:35:03.402 D/LOWI-9.0.0.80( 1026): [LOWI-Scan] decode_rsn_wpa_ie: Entered
11-21 00:35:03.402 D/LOWI-9.0.0.80( 1026): [LOWIUtils] hexDump: msg(30 14 01 00 00 0f ac 04 01 00 00 0f ac 04 01 00 00 0f ac 02 )
11-21 00:35:03.402 D/LOWI-9.0.0.80( 1026): [LOWI-Scan] decode_rsn_wpa_ie: LOWI_ENCRYPTION_TYPE_WPA_PSK
11-21 00:35:03.403 D/LOWI-9.0.0.80( 1026): [LOWI-Scan] is_qcom_ie, bss_age: 51
11-21 00:35:03.403 D/LOWI-9.0.0.80( 1026): [LOWI-Scan] BSS 2c:57:41:86:7a:61 LOWI_PHY_MODE_11NG_HT20(5), Beacon Interval: 100, LOWI_ENCRYPTION_TYPE_WPA_PSK 11mcRanging: No, ANQP: No, LCI: No, Civic: No, capability(0x1411): ESS Privacy ShortSlotTime
11-21 00:35:03.403 D/LOWI-9.0.0.80( 1026): [LOWI-Scan] BSS 2c:57:41:86:7a:61 FREQ: 2412, cFreq1[40:80:160] = [0:0:0] cFreq2 = 0 Country Code = US
11-21 00:35:03.403 D/LOWI-9.0.0.80( 1026): [LOWI-Scan] BSS 2c:57:41:86:7a:61 (wlan0) ASSO: NO AddInfo: 0x0, TSF 1, 08:46:31.111, RSSI: -142, CPL: 3, AGE: 0,  SSID kittyhawk, TSFDelta: 0x0, TXRate: 0
11-21 00:35:03.403 D/LOWI-9.0.0.80( 1026): [LOWI-Scan] 
11-21 00:35:03.403 D/LOWI-9.0.0.80( 1026): [LOWI-Scan] print_bss_handler: Report Probe TSF 117962433681 as it greater than Beacon TSF 0
11-21 00:35:03.404 I/LOWI-9.0.0.80( 1026): [LOWI-Scan] RSN_IE
11-21 00:35:03.404 D/LOWI-9.0.0.80( 1026): [LOWI-Scan] decode_rsn_wpa_ie: Entered
11-21 00:35:03.404 D/LOWI-9.0.0.80( 1026): [LOWIUtils] hexDump: msg(30 14 01 00 00 0f ac 04 01 00 00 0f ac 04 01 00 00 0f ac 02 )
11-21 00:35:03.404 D/LOWI-9.0.0.80( 1026): [LOWI-Scan] decode_rsn_wpa_ie: LOWI_ENCRYPTION_TYPE_WPA_PSK
11-21 00:35:03.404 D/LOWI-9.0.0.80( 1026): [LOWI-Scan] is_qcom_ie, bss_age: 32
11-21 00:35:03.404 D/LOWI-9.0.0.80( 1026): [LOWI-Scan] adjust_age:AP AGE upper limit reached. Dont store
11-21 00:35:03.404 D/LOWI-9.0.0.80( 1026): [LOWI-Scan] BSS 2c:57:41:86:76:61 LOWI_PHY_MODE_11NG_HT20(5), Beacon Interval: 100, LOWI_ENCRYPTION_TYPE_WPA_PSK 11mcRanging: No, ANQP: No, LCI: No, Civic: No, capability(0x1411): ESS Privacy ShortSlotTime
11-21 00:35:03.404 D/LOWI-9.0.0.80( 1026): [LOWI-Scan] BSS 2c:57:41:86:76:61 FREQ: 2437, cFreq1[40:80:160] = [0:0:0] cFreq2 = 0 Country Code = US
11-21 00:35:03.404 D/LOWI-9.0.0.80( 1026): [LOWI-Scan] BSS 2c:57:41:86:76:61 (wlan0) ASSO: NO AddInfo: 0x0, TSF 1, 08:46:02.433, RSSI: -162, CPL: 2, AGE: 28680,  SSID kittyhawk, TSFDelta: 0x0, TXRate: 0
11-21 00:35:03.405 D/LOWI-9.0.0.80( 1026): [LOWI-Scan] 
11-21 00:35:03.405 D/LOWI-9.0.0.80( 1026): [LOWI-Scan] print_bss_handler: Report Probe TSF 117991111923 as it greater than Beacon TSF 0
11-21 00:35:03.405 I/LOWI-9.0.0.80( 1026): [LOWI-Scan] RSN_IE
11-21 00:35:03.405 D/LOWI-9.0.0.80( 1026): [LOWI-Scan] decode_rsn_wpa_ie: Entered
11-21 00:35:03.405 D/LOWI-9.0.0.80( 1026): [LOWIUtils] hexDump: msg(30 18 01 00 00 0f ac 02 02 00 00 0f ac 02 00 0f ac 04 01 00 00 0f ac 02 )
11-21 00:35:03.405 D/LOWI-9.0.0.80( 1026): [LOWI-Scan] decode_rsn_wpa_ie: LOWI_ENCRYPTION_TYPE_WPA_PSK
11-21 00:35:03.405 D/LOWI-9.0.0.80( 1026): [LOWI-Scan] is_qcom_ie, bss_age: 27
11-21 00:35:03.405 D/LOWI-9.0.0.80( 1026): [LOWI-Scan] BSS 18:4f:32:07:46:03 LOWI_PHY_MODE_11NG_HT20(5), Beacon Interval: 100, LOWI_ENCRYPTION_TYPE_WPA_PSK 11mcRanging: No, ANQP: No, LCI: No, Civic: No, capability(0x0431): ESS Privacy ShortPreamble ShortSlotTime
11-21 00:35:03.405 D/LOWI-9.0.0.80( 1026): [LOWI-Scan] BSS 18:4f:32:07:46:03 FREQ: 2437, cFreq1[40:80:160] = [0:0:0] cFreq2 = 0 Country Code =    
11-21 00:35:03.405 D/LOWI-9.0.0.80( 1026): [LOWI-Scan] BSS 18:4f:32:07:46:03 (wlan0) ASSO: NO AddInfo: 0x0, TSF 1, 08:46:31.111, RSSI: -170, CPL: 127, AGE: 0,  SSID HP-Print-03-LaserJet Pro MFP, TSFDelta: 0x0, TXRate: 0
11-21 00:35:03.406 D/LOWI-9.0.0.80( 1026): [LOWI-Scan] 
11-21 00:35:03.406 D/LOWI-9.0.0.80( 1026): [LOWI-Scan] print_bss_handler: Report Probe TSF 117991111904 as it greater than Beacon TSF 0
11-21 00:35:03.406 I/LOWI-9.0.0.80( 1026): [LOWI-Scan] RSN_IE
11-21 00:35:03.406 D/LOWI-9.0.0.80( 1026): [LOWI-Scan] decode_rsn_wpa_ie: Entered
11-21 00:35:03.406 D/LOWI-9.0.0.80( 1026): [LOWIUtils] hexDump: msg(30 14 01 00 00 0f ac 04 01 00 00 0f ac 04 01 00 00 0f ac 02 )
11-21 00:35:03.406 D/LOWI-9.0.0.80( 1026): [LOWI-Scan] decode_rsn_wpa_ie: LOWI_ENCRYPTION_TYPE_WPA_PSK
11-21 00:35:03.406 D/LOWI-9.0.0.80( 1026): [LOWI-Scan] is_qcom_ie, bss_age: 5
11-21 00:35:03.406 D/LOWI-9.0.0.80( 1026): [LOWI-Scan] BSS 18:64:72:60:2e:e0 LOWI_PHY_MODE_11NG_HT20(5), Beacon Interval: 100, LOWI_ENCRYPTION_TYPE_WPA_PSK 11mcRanging: No, ANQP: No, LCI: No, Civic: No, capability(0x0431): ESS Privacy ShortPreamble ShortSlotTime
11-21 00:35:03.406 D/LOWI-9.0.0.80( 1026): [LOWI-Scan] BSS 18:64:72:60:2e:e0 FREQ: 2462, cFreq1[40:80:160] = [0:0:0] cFreq2 = 0 Country Code =    
11-21 00:35:03.406 D/LOWI-9.0.0.80( 1026): [LOWI-Scan] BSS 18:64:72:60:2e:e0 (wlan0) ASSO: NO AddInfo: 0x0, TSF 1, 08:46:31.111, RSSI: -154, CPL: 127, AGE: 0,  SSID lab-t24103779, TSFDelta: 0x0, TXRate: 0
11-21 00:35:03.407 D/LOWI-9.0.0.80( 1026): [LOWI-Scan] 
11-21 00:35:03.407 D/LOWI-9.0.0.80( 1026): [LOWI-Scan] print_bss_handler: Report Probe TSF 117991111685 as it greater than Beacon TSF 117962433476
11-21 00:35:03.407 I/LOWI-9.0.0.80( 1026): [LOWI-Scan] RSN_IE
11-21 00:35:03.407 D/LOWI-9.0.0.80( 1026): [LOWI-Scan] decode_rsn_wpa_ie: Entered
11-21 00:35:03.407 D/LOWI-9.0.0.80( 1026): [LOWIUtils] hexDump: msg(30 14 01 00 00 0f ac 04 01 00 00 0f ac 04 01 00 00 0f ac 02 )
11-21 00:35:03.407 D/LOWI-9.0.0.80( 1026): [LOWI-Scan] decode_rsn_wpa_ie: LOWI_ENCRYPTION_TYPE_WPA_PSK
11-21 00:35:03.407 D/LOWI-9.0.0.80( 1026): [LOWI-Scan] is_qcom_ie, bss_age: 46
11-21 00:35:03.407 D/LOWI-9.0.0.80( 1026): [LOWI-Scan] BSS 52:b8:14:37:74:3f LOWI_PHY_MODE_11AC_VHT20_2G(11), Beacon Interval: 100, LOWI_ENCRYPTION_TYPE_WPA_PSK 11mcRanging: No, ANQP: No, LCI: No, Civic: No, capability(0x1431): ESS Privacy ShortPreamble ShortSlotTime
11-21 00:35:03.407 D/LOWI-9.0.0.80( 1026): [LOWI-Scan] BSS 52:b8:14:37:74:3f FREQ: 2417, cFreq1[40:80:160] = [0:0:0] cFreq2 = 0 Country Code =    
11-21 00:35:03.407 D/LOWI-9.0.0.80( 1026): [LOWI-Scan] BSS 52:b8:14:37:74:3f (wlan0) ASSO: NO AddInfo: 0x0, TSF 1, 08:46:31.111, RSSI: -110, CPL: 127, AGE: 0,  SSID Pixel_8668, TSFDelta: 0x0, TXRate: 0
11-21 00:35:03.408 D/LOWI-9.0.0.80( 1026): [LOWI-Scan] 
11-21 00:35:03.408 D/LOWI-9.0.0.80( 1026): [LOWI-Scan] print_bss_handler: Report Probe TSF 117991111821 as it greater than Beacon TSF 0
11-21 00:35:03.408 I/LOWI-9.0.0.80( 1026): [LOWI-Scan] RSN_IE
11-21 00:35:03.408 D/LOWI-9.0.0.80( 1026): [LOWI-Scan] decode_rsn_wpa_ie: Entered
11-21 00:35:03.408 D/LOWI-9.0.0.80( 1026): [LOWIUtils] hexDump: msg(30 14 01 00 00 0f ac 04 01 00 00 0f ac 04 01 00 00 0f ac 02 )
11-21 00:35:03.408 D/LOWI-9.0.0.80( 1026): [LOWI-Scan] decode_rsn_wpa_ie: LOWI_ENCRYPTION_TYPE_WPA_PSK
11-21 00:35:03.408 D/LOWI-9.0.0.80( 1026): [LOWI-Scan] is_qcom_ie, bss_age: 4
11-21 00:35:03.408 D/LOWI-9.0.0.80( 1026): [LOWI-Scan] BSS 2c:57:41:86:85:21 LOWI_PHY_MODE_11NG_HT20(5), Beacon Interval: 100, LOWI_ENCRYPTION_TYPE_WPA_PSK 11mcRanging: No, ANQP: No, LCI: No, Civic: No, capability(0x1411): ESS Privacy ShortSlotTime
11-21 00:35:03.408 D/LOWI-9.0.0.80( 1026): [LOWI-Scan] BSS 2c:57:41:86:85:21 FREQ: 2462, cFreq1[40:80:160] = [0:0:0] cFreq2 = 0 Country Code = US
11-21 00:35:03.408 D/LOWI-9.0.0.80( 1026): [LOWI-Scan] BSS 2c:57:41:86:85:21 (wlan0) ASSO: NO AddInfo: 0x0, TSF 1, 08:46:31.111, RSSI: -148, CPL: 2, AGE: 0,  SSID kittyhawk, TSFDelta: 0x0, TXRate: 0
11-21 00:35:03.409 D/LOWI-9.0.0.80( 1026): [LOWI-Scan] 
11-21 00:35:03.409 D/LOWI-9.0.0.80( 1026): [LOWI-Scan] print_bss_handler: Report Probe TSF 117991111946 as it greater than Beacon TSF 0
11-21 00:35:03.409 I/LOWI-9.0.0.80( 1026): [LOWI-Scan] RSN_IE
11-21 00:35:03.409 D/LOWI-9.0.0.80( 1026): [LOWI-Scan] decode_rsn_wpa_ie: Entered
11-21 00:35:03.409 D/LOWI-9.0.0.80( 1026): [LOWIUtils] hexDump: msg(30 14 01 00 00 0f ac 04 01 00 00 0f ac 04 01 00 00 0f ac 02 )
11-21 00:35:03.409 D/LOWI-9.0.0.80( 1026): [LOWI-Scan] decode_rsn_wpa_ie: LOWI_ENCRYPTION_TYPE_WPA_PSK
11-21 00:35:03.409 D/LOWI-9.0.0.80( 1026): [LOWI-Scan] is_qcom_ie, bss_age: 4
11-21 00:35:03.409 D/LOWI-9.0.0.80( 1026): [LOWI-Scan] BSS 2c:57:41:83:fd:21 LOWI_PHY_MODE_11NG_HT20(5), Beacon Interval: 100, LOWI_ENCRYPTION_TYPE_WPA_PSK 11mcRanging: No, ANQP: No, LCI: No, Civic: No, capability(0x1411): ESS Privacy ShortSlotTime
11-21 00:35:03.409 D/LOWI-9.0.0.80( 1026): [LOWI-Scan] BSS 2c:57:41:83:fd:21 FREQ: 2462, cFreq1[40:80:160] = [0:0:0] cFreq2 = 0 Country Code = US
11-21 00:35:03.409 D/LOWI-9.0.0.80( 1026): [LOWI-Scan] BSS 2c:57:41:83:fd:21 (wlan0) ASSO: NO AddInfo: 0x0, TSF 1, 08:46:31.111, RSSI: -162, CPL: 2, AGE: 0,  SSID kittyhawk, TSFDelta: 0x0, TXRate: 0
11-21 00:35:03.410 D/LOWI-9.0.0.80( 1026): [LOWI-Scan] 
11-21 00:35:03.410 D/LOWI-9.0.0.80( 1026): [LOWI-Scan] print_bss_handler: Report Probe TSF 117991111969 as it greater than Beacon TSF 0
11-21 00:35:03.410 I/LOWI-9.0.0.80( 1026): [LOWI-Scan] RSN_IE
11-21 00:35:03.410 D/LOWI-9.0.0.80( 1026): [LOWI-Scan] decode_rsn_wpa_ie: Entered
11-21 00:35:03.410 D/LOWI-9.0.0.80( 1026): [LOWIUtils] hexDump: msg(30 14 01 00 00 0f ac 04 01 00 00 0f ac 04 01 00 00 0f ac 02 )
11-21 00:35:03.410 D/LOWI-9.0.0.80( 1026): [LOWI-Scan] decode_rsn_wpa_ie: LOWI_ENCRYPTION_TYPE_WPA_PSK
11-21 00:35:03.410 D/LOWI-9.0.0.80( 1026): [LOWI-Scan] is_qcom_ie, bss_age: 16
11-21 00:35:03.410 D/LOWI-9.0.0.80( 1026): [LOWI-Scan] BSS 00:24:b1:02:cb:dc LOWI_PHY_MODE_11NG_HT20(5), Beacon Interval: 100, LOWI_ENCRYPTION_TYPE_WPA_PSK 11mcRanging: No, ANQP: No, LCI: No, Civic: No, capability(0x0431): ESS Privacy ShortPreamble ShortSlotTime
11-21 00:35:03.410 D/LOWI-9.0.0.80( 1026): [LOWI-Scan] BSS 00:24:b1:02:cb:dc FREQ: 2452, cFreq1[40:80:160] = [0:0:0] cFreq2 = 0 Country Code =    
11-21 00:35:03.410 D/LOWI-9.0.0.80( 1026): [LOWI-Scan] BSS 00:24:b1:02:cb:dc (wlan0) ASSO: NO AddInfo: 0x0, TSF 1, 08:46:31.111, RSSI: -174, CPL: 127, AGE: 0,  SSID 0024b1000002cbdc, TSFDelta: 0x0, TXRate: 0
11-21 00:35:03.411 D/LOWI-9.0.0.80( 1026): [LOWIDiagLog] Log: lowiMeasResult->request: invalid null argument
11-21 00:35:03.411 I/LOWI-9.0.0.80( 1026): [LOWI-Scan] lowi_close_record:Scan done in 117947181ms, 22 APs in scan results
11-21 00:35:03.411 D/LOWI-9.0.0.80( 1026): [LOWI-Scan] WipsScanUsingNL: passive scan cached 0, took 9244 ms, err 0
11-21 00:35:03.411 D/LOWI-9.0.0.80( 1026): [LOWI-Scan] lowi_proc_req_passive_scan_with_live_meas - No WLAN Frames to be parsed
11-21 00:35:03.411 D/LOWI-9.0.0.80( 1026): [LOWIScanResultReceiver] Send scan meas to listener
11-21 00:35:03.411 D/LOWI-9.0.0.80( 1026): [LOWIScanResultReceiver] Enter passive listening mode
11-21 00:35:03.411 D/LOWI-9.0.0.80( 1026): [LOWIWifiDriverInterface] getMeasurements - Passive listening mode
11-21 00:35:03.411 D/LOWI-9.0.0.80( 1026): [LOWI-Scan] WipsScanUsingNL:wait -1 sec for netlink message
11-21 00:35:03.411 D/LOWI-9.0.0.80( 1026): [LOWIEventReceiver] handleEvent:FROM:NA, TO:NA, REQ:NA, IREQ:NA, REQ_ID:0, RESP:NA, INFO:NA
11-21 00:35:03.411 D/LOWI-9.0.0.80( 1026): [LOWIBackgroundScanMgr] isRspForBgScanMgr: evt(LOWI_NO_EVT) - not handled
11-21 00:35:03.411 D/LOWI-9.0.0.80( 1026): [LOWIScheduler] manageMsg: NULL results or NULL request in results
11-21 00:35:03.411 D/LOWI-9.0.0.80( 1026): [LOWIController] Measurements received
11-21 00:35:03.411 D/LOWI-9.0.0.80( 1026): [LOWICacheManager] putInCache:Num of Meas to add: 22
11-21 00:35:03.413 D/LOWI-9.0.0.80( 1026): [LOWIController] processMeasurementResults: No current Request. Cache measurements
11-21 00:35:03.413 D/LOWI-9.0.0.80( 1026): [LOWIControllerExtn] sendLOWILpDiscoveryScanResponse: Not a discovery scan response
11-21 00:35:03.414 D/PasspointManager( 1186): ANQP entry not found for: 5e:6e:be:46:77:d7:<Pixel_R3>
11-21 00:35:03.415 D/PasspointManager( 1186): ANQP entry not found for: 12:d7:96:61:85:9f:<Pixel_R5>
11-21 00:35:03.415 D/PasspointManager( 1186): ANQP entry not found for: ce:dc:12:3b:87:fd:<Pixel5_R1>
11-21 00:35:03.415 D/PasspointManager( 1186): ANQP entry not found for: fe:2d:5a:49:61:eb:<Pixel_R2>
11-21 00:35:03.416 D/PasspointManager( 1186): ANQP entry not found for: c6:82:9b:4e:b3:9e:<Pixel_R6>
11-21 00:35:03.468 D/WifiSharingService( 2870): Sending scanResults intent with status code 0: PendingIntent{9c450c6: android.os.BinderProxy@3567ffb}
11-21 00:35:03.475 D/CompatibilityInfo( 1186): mCompatibilityFlags - 4
11-21 00:35:03.475 D/CompatibilityInfo( 1186): applicationDensity - 320
11-21 00:35:03.475 D/CompatibilityInfo( 1186): applicationScale - 1.0
11-21 00:35:04.444 W/HWComposer(  598): Ignoring duplicate VSYNC event from HWC for display 0 (t=117992169807696)
11-21 00:35:05.288 W/HWComposer(  598): Ignoring duplicate VSYNC event from HWC for display 0 (t=117993013342852)
11-21 00:35:05.304 W/HWComposer(  598): Ignoring duplicate VSYNC event from HWC for display 0 (t=117993030176498)
11-21 00:35:05.338 W/HWComposer(  598): Ignoring duplicate VSYNC event from HWC for display 0 (t=117993063914050)
11-21 00:35:05.733 D/UIAutomatorStub( 6483): URI: /jsonrpc/0, Method: POST, Header: {content-length=229, remote-addr=127.0.0.1, http-client-ip=127.0.0.1, host=localhost:9012, content-type=application/json, accept-encoding=identity}, params, {NanoHttpd.QUERY_STRING=null}, files: {postData={"jsonrpc": "2.0", "method": "objInfo", "id": "bd1b7e76b78d0ca0fc33868b2f50f67e", "params": [{"mask": 2097152, "childOrSibling": [], "childOrSiblingSelector": [], "resourceId": "com.facebook.wearable.system.settings:id/toggle"}]}}
11-21 00:35:05.814 D/UIAutomatorStub( 6483): URI: /jsonrpc/0, Method: POST, Header: {content-length=227, remote-addr=127.0.0.1, http-client-ip=127.0.0.1, host=localhost:9012, content-type=application/json, accept-encoding=identity}, params, {NanoHttpd.QUERY_STRING=null}, files: {postData={"jsonrpc": "2.0", "method": "click", "id": "a31d596d49a174dfc5f53a2f76c1ff5f", "params": [{"mask": 2097152, "childOrSibling": [], "childOrSiblingSelector": [], "resourceId": "com.facebook.wearable.system.settings:id/toggle"}]}}
11-21 00:35:05.874 D/WifiSharingService( 2870): Setting Wi-Fi enabled state
11-21 00:35:05.874 I/WifiService( 1186): setWifiEnabled package=com.facebook.wearable.system.connectivity uid=1000 enable=false
11-21 00:35:05.877 D/WifiActiveModeWarden( 1186): Switching all client mode managers
11-21 00:35:05.878 D/QCNEJ/WlanStaInfoRelay( 1907): onChange for uri = content://settings/global/wifi_on
11-21 00:35:05.883 E/QMI_FW  (  915): qmi_cci_get_ref: ref count increased 2
11-21 00:35:05.886 D/BluetoothAdapterService( 1710): android.net.wifi.WIFI_STATE_CHANGED
11-21 00:35:05.886 D/WifiP2pService( 1186): Wifi enabled=false, P2P Interface availability=true
11-21 00:35:05.887 D/WifiP2pNative( 1186): Teardown P2P interface
11-21 00:35:05.888 W/ContextImpl( 1186): Calling a method in the system process without a qualified user: android.app.ContextImpl.sendBroadcastMultiplePermissions:1143 android.content.Context.sendBroadcastWithMultiplePermissions:2150 com.android.server.display.WifiDisplayAdapter.handleSendStatusChangeBroadcast:440 com.android.server.display.WifiDisplayAdapter.access$1700:63 com.android.server.display.WifiDisplayAdapter$WifiDisplayHandler.handleMessage:675 
11-21 00:35:05.890 E/QMI_FW  ( 1042): qmi_cci_get_ref: ref count increased 2
11-21 00:35:05.893 E/QMI_FW  ( 1042): qmi_cci_get_ref: ref count increased 2
11-21 00:35:05.894 D/WifiP2pService( 1186): Wifi enabled=false, P2P Interface availability=true
11-21 00:35:05.897 W/HWComposer(  598): Ignoring duplicate VSYNC event from HWC for display 0 (t=117993620621862)
11-21 00:35:05.905 I/WearableConnectivityManager(11143): LTE Signal strength is: 3
11-21 00:35:05.905 I/WearableConnectivityManager(11143): Cellular Signal strength is: 3
11-21 00:35:05.911 D/RadioLinkQualityScoreBuilder( 1984): scoreRsrp: 4scoreRsrq: 3scoreRssnr: 2
11-21 00:35:05.911 D/WirelessInsightServiceImpl( 1984): onSignalStrengthsChanged: SignalStrength = SignalStrength:{mCdma=CellSignalStrengthCdma: cdmaDbm=2147483647 cdmaEcio=2147483647 evdoDbm=2147483647 evdoEcio=2147483647 evdoSnr=2147483647 level=0,mGsm=CellSignalStrengthGsm: rssi=2147483647 ber=2147483647 mTa=2147483647 mLevel=0,mWcdma=CellSignalStrengthWcdma: ss=2147483647 ber=2147483647 rscp=2147483647 ecno=2147483647 level=0,mTdscdma=CellSignalStrengthTdscdma: rssi=2147483647 ber=2147483647 rscp=2147483647 level=0,mLte=CellSignalStrengthLte: rssi=-75 rsrp=-103 rsrq=-12 rssnr=4 cqi=2147483647 ta=2147483647 level=3 parametersUseForLevel=0,mNr=CellSignalStrengthNr:{ csiRsrp = 2147483647 csiRsrq = 2147483647 csiSinr = 2147483647 ssRsrp = 2147483647 ssRsrq = 2147483647 ssSinr = 2147483647 level = 0 parametersUseForLevel = 0 },primary=CellSignalStrengthLte}
11-21 00:35:05.911 D/WirelessInsightServiceImpl( 1984): Score: 2
11-21 00:35:05.911 D/WifiClientModeManager0( 1186): IMS not registered over IWLAN for subId: 1
11-21 00:35:05.911 D/WirelessInsightServiceImpl( 1984): notifyListeners: listeners = 0, score = 2
11-21 00:35:05.911 D/WifiClientModeManager0( 1186): The target role 5
11-21 00:35:05.917 I/android_os_HwBinder( 1186): HwBinder: Starting thread pool for getting: android.hardware.wifi.supplicant@1.0::ISupplicant/default
11-21 00:35:05.919 I/wpa_supplicant( 9507): p2p0: Do not deauthenticate as part of interface deinit since WoWLAN is enabled
11-21 00:35:05.979 E/wpa_supplicant( 9507): eap_proxy: pthread_join on eap_proxy=0xc83ffa8
11-21 00:35:05.979 E/wpa_supplicant( 9507): eap_proxy: session not started for client = 1
11-21 00:35:05.979 E/QMI_FW  ( 9507): qmi_cci_get_ref: ref count increased 2
11-21 00:35:05.979 E/QMI_FW  ( 9507): qmi_cci_get_ref: ref count increased 2
11-21 00:35:05.980 E/wpa_supplicant( 9507): eap_proxy: Released QMI UIM service client
11-21 00:35:05.980 E/QMI_FW  ( 9507): qmi_cci_get_ref: ref count increased 2
11-21 00:35:05.980 E/QMI_FW  ( 9507): qmi_cci_get_ref: ref count increased 2
11-21 00:35:05.982 E/wpa_supplicant( 9507): eap_proxy: Released QMI EAP service client
11-21 00:35:05.982 E/wpa_supplicant( 9507): eap_proxy: session not started for client = 2
11-21 00:35:05.982 E/QMI_FW  ( 9507): qmi_cci_get_ref: ref count increased 2
11-21 00:35:05.982 E/QMI_FW  ( 9507): qmi_cci_get_ref: ref count increased 2
11-21 00:35:05.985 E/wpa_supplicant( 9507): eap_proxy: Released QMI UIM service client
11-21 00:35:05.985 E/QMI_FW  ( 9507): qmi_cci_get_ref: ref count increased 2
11-21 00:35:05.985 E/QMI_FW  ( 9507): qmi_cci_get_ref: ref count increased 2
11-21 00:35:05.985 E/wpa_supplicant( 9507): eap_proxy: Released QMI EAP service client
11-21 00:35:05.985 I/wpa_supplicant( 9507): eap_proxy: eap_proxy Deinitialzed
11-21 00:35:06.041 I/wpa_supplicant( 9507): nl80211: deinit ifname=p2p0 disabled_11b_rates=0
11-21 00:35:06.085 D/LOWI-9.0.0.80( 1026): [LOWINetlinkSocketReceiver] unpackRTMLinkMessage: RTM_NEWLINK - ifname p2p0, flags 0x1003 ([UP])
11-21 00:35:06.136 D/LOWI-9.0.0.80( 1026): [LOWINetlinkSocketReceiver] unpackRTMLinkMessage: RTM_NEWLINK - ifname p2p0, flags 0x1002 ()
11-21 00:35:06.143 D/LOWI-9.0.0.80( 1026): [LOWINetlinkSocketReceiver] unpackRTMLinkMessage: RTM_NEWLINK - ifname p2p0, flags 0x1002 ()
11-21 00:35:06.152 I/wpa_supplicant( 9507): Try to unregister vendor p2 interface
11-21 00:35:06.165 I/WifiP2pNative( 1186): P2P interface teardown completed
11-21 00:35:06.165 D/WifiP2pNative( 1186): P2P InterfaceDestroyedListener p2p0
11-21 00:35:06.165 D/WifiP2pNative( 1186): Ignoring stale interface destroyed listener
11-21 00:35:06.166 D/WifiP2pNative( 1186): P2P InterfaceAvailableListener true
11-21 00:35:06.166 D/WifiP2pService( 1186): Wifi enabled=false, P2P Interface availability=true
11-21 00:35:06.168 I/wpa_supplicant( 9507): wlan0: Do not deauthenticate as part of interface deinit since WoWLAN is enabled
11-21 00:35:06.214 I/wpa_supplicant( 9507): Try to unregister vendor STA network
11-21 00:35:06.215 E/wpa_supplicant( 9507): eap_proxy: pthread_join on eap_proxy=0xc83feac
11-21 00:35:06.215 E/wpa_supplicant( 9507): eap_proxy: session not started for client = 1
11-21 00:35:06.215 E/QMI_FW  ( 9507): qmi_cci_get_ref: ref count increased 2
11-21 00:35:06.215 E/QMI_FW  ( 9507): qmi_cci_get_ref: ref count increased 2
11-21 00:35:06.217 E/wpa_supplicant( 9507): eap_proxy: Released QMI UIM service client
11-21 00:35:06.218 E/QMI_FW  ( 9507): qmi_cci_get_ref: ref count increased 2
11-21 00:35:06.218 E/QMI_FW  ( 9507): qmi_cci_get_ref: ref count increased 2
11-21 00:35:06.218 E/wpa_supplicant( 9507): eap_proxy: Released QMI EAP service client
11-21 00:35:06.218 E/wpa_supplicant( 9507): eap_proxy: session not started for client = 2
11-21 00:35:06.218 E/QMI_FW  ( 9507): qmi_cci_get_ref: ref count increased 2
11-21 00:35:06.218 E/QMI_FW  ( 9507): qmi_cci_get_ref: ref count increased 2
11-21 00:35:06.219 E/wpa_supplicant( 9507): eap_proxy: Released QMI UIM service client
11-21 00:35:06.219 E/QMI_FW  ( 9507): qmi_cci_get_ref: ref count increased 2
11-21 00:35:06.219 E/QMI_FW  ( 9507): qmi_cci_get_ref: ref count increased 2
11-21 00:35:06.220 E/wpa_supplicant( 9507): eap_proxy: Released QMI EAP service client
11-21 00:35:06.220 I/wpa_supplicant( 9507): eap_proxy: eap_proxy Deinitialzed
11-21 00:35:06.266 I/wpa_supplicant( 9507): nl80211: deinit ifname=wlan0 disabled_11b_rates=0
11-21 00:35:06.305 D/LOWI-9.0.0.80( 1026): [LOWINetlinkSocketReceiver] unpackRTMLinkMessage: RTM_NEWLINK - ifname wlan0, flags 0x11043 ([UP][RUNNING])
11-21 00:35:06.305 D/LOWI-9.0.0.80( 1026): [LOWINetlinkSocketReceiver] processNetlinkPacket: ifname(wlan0) status(2)
11-21 00:35:06.305 D/LOWI-9.0.0.80( 1026): [LOWIController] intfStateReceived: ifname(wlan0) state(2)
11-21 00:35:06.305 D/LOWI-9.0.0.80( 1026): [LOWIEventReceiver] handleEvent:FROM:NA, TO:NA, REQ:NA, IREQ:NA, REQ_ID:0, RESP:NA, INFO:INTF-STATUS-UPDATE
11-21 00:35:06.305 D/LOWI-9.0.0.80( 1026): [LOWIEventReceiver] Info to [INTF-STATUS-UPDATE]
11-21 00:35:06.305 D/LOWI-9.0.0.80( 1026): [LOWIController] updateIntfState: WIFI enabled 2 mNlWifiStatus 2 mWifiStateEnabled 1
11-21 00:35:06.305 D/LOWI-9.0.0.80( 1026): [LOWIController] isWifiEnabled: mNlWifiStatus 2 mWifiStateEnabled 1
11-21 00:35:06.307 I/wpa_supplicant( 9507): Try to unregister vendor interface
11-21 00:35:06.310 I/SupplicantStaIfaceHal( 1186): Terminating supplicant using HIDL
11-21 00:35:06.312 I/android_os_HwBinder( 1186): HwBinder: Starting thread pool for getting: android.hardware.wifi.supplicant@1.0::ISupplicant/default
11-21 00:35:06.314 I/wpa_supplicant( 9507): Terminating...
11-21 00:35:06.315 D/LOWI-9.0.0.80( 1026): [LOWINetlinkSocketReceiver] unpackRTMLinkMessage: RTM_NEWLINK - ifname wlan0, flags 0x1003 ([UP])
11-21 00:35:06.315 D/LOWI-9.0.0.80( 1026): [LOWINetlinkSocketReceiver] processNetlinkPacket: ifname(wlan0) status(1)
11-21 00:35:06.315 D/LOWI-9.0.0.80( 1026): [LOWIController] intfStateReceived: ifname(wlan0) state(1)
11-21 00:35:06.316 D/LOWI-9.0.0.80( 1026): [LOWIEventReceiver] handleEvent:FROM:NA, TO:NA, REQ:NA, IREQ:NA, REQ_ID:0, RESP:NA, INFO:INTF-STATUS-UPDATE
11-21 00:35:06.317 D/LOWI-9.0.0.80( 1026): [LOWIEventReceiver] Info to [INTF-STATUS-UPDATE]
11-21 00:35:06.317 D/LOWI-9.0.0.80( 1026): [LOWIController] updateIntfState: WIFI enabled 1 mNlWifiStatus 2 mWifiStateEnabled 1
11-21 00:35:06.317 D/LOWI-9.0.0.80( 1026): [LOWIController] isWifiEnabled: mNlWifiStatus 1 mWifiStateEnabled 1
11-21 00:35:06.358 D/ConnectivityService( 1186): handleLingerComplete for [101 CELLULAR]
11-21 00:35:06.359 D/LOWI-9.0.0.80( 1026): [LOWINetlinkSocketReceiver] unpackRTMLinkMessage: RTM_NEWLINK - ifname wlan0, flags 0x1003 ([UP])
11-21 00:35:06.359 D/LOWI-9.0.0.80( 1026): [LOWINetlinkSocketReceiver] processNetlinkPacket: ifname(wlan0) status(1)
11-21 00:35:06.359 D/LOWI-9.0.0.80( 1026): [LOWIController] intfStateReceived: ifname(wlan0) state(1)
11-21 00:35:06.359 D/LOWI-9.0.0.80( 1026): [LOWIEventReceiver] handleEvent:FROM:NA, TO:NA, REQ:NA, IREQ:NA, REQ_ID:0, RESP:NA, INFO:INTF-STATUS-UPDATE
11-21 00:35:06.359 D/LOWI-9.0.0.80( 1026): [LOWIEventReceiver] Info to [INTF-STATUS-UPDATE]
11-21 00:35:06.359 D/LOWI-9.0.0.80( 1026): [LOWIController] updateIntfState: WIFI enabled 1 mNlWifiStatus 1 mWifiStateEnabled 1
11-21 00:35:06.359 D/LOWI-9.0.0.80( 1026): [LOWIController] isWifiEnabled: mNlWifiStatus 1 mWifiStateEnabled 1
11-21 00:35:06.362 V/WifiHAL (  544): event received NL80211_CMD_DISCONNECT
11-21 00:35:06.364 W/SupplicantStaIfaceHal( 1186): Timed out waiting for confirmation of supplicant death
11-21 00:35:06.366 E/SupplicantStaIfaceHal( 1186): Can't call getKeyMgmtCapabilities_1_3, ISupplicantStaIface is null
11-21 00:35:06.369 V/WifiHAL (  544): WifiVendorCommand 0xaadf1b98 created vendor_id:0x1374 subcmd:38
11-21 00:35:06.370 V/WifiHAL (  544): Got a Wi-Fi HAL module message from Driver
11-21 00:35:06.370 V/WifiHAL (  544): Supported feature set : 19d3d
11-21 00:35:06.370 V/WifiHAL (  544): Supported feature set acquired : 19d3d
11-21 00:35:06.370 V/WifiHAL (  544): WifiVendorCommand 0x98689370 created vendor_id:0x1374 subcmd:76
11-21 00:35:06.370 V/WifiHAL (  544): create: mVendor_id = 4980, Subcmd = 76.
11-21 00:35:06.372 V/WifiHAL (  544): WifiVendorCommand 0xaadf1cc8 created vendor_id:0x1374 subcmd:38
11-21 00:35:06.373 V/WifiHAL (  544): Got a Wi-Fi HAL module message from Driver
11-21 00:35:06.373 V/WifiHAL (  544): Supported feature set : 19d3d
11-21 00:35:06.373 V/WifiHAL (  544): Supported feature set acquired : 19d3d
11-21 00:35:06.373 V/WifiHAL (  544): WifiVendorCommand 0x98689370 created vendor_id:0x1374 subcmd:76
11-21 00:35:06.373 V/WifiHAL (  544): create: mVendor_id = 4980, Subcmd = 76.
11-21 00:35:06.375 W/MqttClient( 2620): connection/disconnecting; reason=READ_SOCKET, operation=NETWORK_THREAD_LOOP
11-21 00:35:06.375 W/System.err( 2620): DEBUG: com.whatsapp.net.tls13.WtSocketWrapper.sendAlertAndShutdown(:86) : Sending Alert : type : WARNING description : close_notify(0) exception : 
11-21 00:35:06.376 W/System.err( 2620): ERROR: com.whatsapp.net.logging.WtLog.log$REDEX$HQcOuACUrr4(:4) : Encountered exception. Nothing much can be done here. com.whatsapp.net.alerts.WtAlertException
11-21 00:35:06.377 W/system_server( 1186): Long monitor contention with owner WifiHandlerThread (1641) at boolean com.android.server.wifi.SupplicantStaIfaceHal.removeIfaceV1_1(java.lang.String)(SupplicantStaIfaceHal.java:810) waiters=0 in void com.android.server.wifi.SupplicantStaIfaceCallbackImpl.onNetworkRemoved(int) for 152ms
11-21 00:35:06.378 D/QCNEJ/WwanInfoRelay( 1907): onCapabilitiesChanged: 101 [ Transports: CELLULAR Capabilities: MMS&SUPL&FOTA&INTERNET&NOT_RESTRICTED&TRUSTED&NOT_VPN&VALIDATED&NOT_ROAMING&NOT_CONGESTED&NOT_SUSPENDED LinkUpBandwidth>=15000Kbps LinkDnBandwidth>=30000Kbps Specifier: <TelephonyNetworkSpecifier [mSubId = 1]> AdministratorUids: [] RequestorUid: -1 RequestorPackageName: null]
11-21 00:35:06.385 I/QCNEJ/WwanInfoRelay( 1907): cacheWwanInfo subId = 1 phoneId = 0 slotId = 0
11-21 00:35:06.391 E/SupplicantStaIfaceHal( 1186): Can't call getWpaDriverFeatureSet, ISupplicantStaIface is null
11-21 00:35:06.391 I/WifiNative( 1186): Successfully switched to scan mode on iface=Iface:{Name=wlan0,Id=0,Type=STA_SCAN}
11-21 00:35:06.392 D/BluetoothAdapterService( 1710): Soft AP is on band: 1
11-21 00:35:06.394 D/BluetoothVendorService( 1710): getPowerBackoff 
11-21 00:35:06.394 D/BluetoothVendorService( 1710): setPowerBackoff to: false
11-21 00:35:06.394 I/BluetoothVendorJni( 1710): setPowerBackoffNative
11-21 00:35:06.394 I/bt_btif_vendor( 1710): setPowerBackOffState :0 
11-21 00:35:06.394 D/BluetoothAdapterService( 1710): android.net.wifi.WIFI_STATE_CHANGED
11-21 00:35:06.394 W/bt_btif ( 1710): bta_dm_power_back_off: power_back_off feature not supported
11-21 00:35:06.395 W/SupplicantP2pIfaceHal( 1186): ISupplicant/ISupplicantP2pIface died: cookie=0
11-21 00:35:06.395 W/SupplicantP2pIfaceHal( 1186): ISupplicantVendor/ISupplicantVendorP2PIface died: cookie=0
11-21 00:35:06.395 W/SupplicantStaIfaceHal( 1186): ISupplicantVendor/ISupplicantVendorStaIface died: cookie=0
11-21 00:35:06.395 D/SupplicantStaIfaceHal( 1186): ISupplicant died: cookie=1262467602250835881
11-21 00:35:06.395 W/SupplicantP2pIfaceHal( 1186): ISupplicant/ISupplicantP2pIface died: cookie=0
11-21 00:35:06.395 W/SupplicantP2pIfaceHal( 1186): ISupplicantVendor/ISupplicantVendorP2PIface died: cookie=0
11-21 00:35:06.396 W/SupplicantStaIfaceHal( 1186): ISupplicantVendor/ISupplicantVendorStaIface died: cookie=0
11-21 00:35:06.417 I/wificond(  911): Fail RSSI polling because wifi is not associated.
11-21 00:35:06.417 E/WifiNl80211Manager( 1186): Invalid signal poll result from wificond
11-21 00:35:06.420 D/WifiClientModeManager0( 1186): entering ScanOnlyModeState
11-21 00:35:06.420 D/WifiP2pService( 1186): Wifi enabled=false, P2P Interface availability=true
11-21 00:35:06.421 D/WifiScanRequestProxy( 1186): Sending scan available broadcast: true
11-21 00:35:06.421 I/WifiScanningService( 1186): Received a request to enable scanning, UID = 1000
11-21 00:35:06.421 I/WifiScanningService( 1186): scanner impls already exists
11-21 00:35:06.421 E/WifiScanningService( 1186): wifi driver loaded received while already loaded
11-21 00:35:06.423 I/WifiScanRequestProxy( 1186): Scanning is enabled
11-21 00:35:06.423 I/WifiScanRequestProxy( 1186): Scanning for hidden networks is disabled
11-21 00:35:06.423 D/WakeupController( 1186): start()
11-21 00:35:06.424 D/WakeupController( 1186): Setting active to true
11-21 00:35:06.431 D/WakeupLock( 1186): Lock set. Number of networks: 1
11-21 00:35:06.432 D/WifiClientModeImpl( 1186): ClientModeImpl: Leaving Connected state
11-21 00:35:06.433 D/WifiCountryCode( 1186): updateCountryCode to US
11-21 00:35:06.433 E/SupplicantStaIfaceHal( 1186): Can't call setCountryCode, ISupplicantStaIface is null
11-21 00:35:06.433 D/WifiCountryCode( 1186): Failed to set country code to: US
11-21 00:35:06.439 E/SupplicantStaIfaceHal( 1186): Can't call listNetworks, ISupplicantStaIface is null
11-21 00:35:06.439 E/SupplicantStaIfaceHal( 1186): removeAllNetworks failed, got null networks
11-21 00:35:06.439 E/WifiClientModeImpl( 1186): Failed to remove networks on exiting connect mode
11-21 00:35:06.440 E/WakeupController( 1186): Unexpected setLastDisconnectInfo when WakeupController is active!
11-21 00:35:06.441 E/WifiVendorHal( 1186): stopRssiMonitoring(l.2106) failed {.code = ERROR_NOT_AVAILABLE, .description = }
11-21 00:35:06.442 E/SupplicantStaIfaceHal( 1186): Can't call setPowerSave, ISupplicantStaIface is null
11-21 00:35:06.442 E/SupplicantStaIfaceHal( 1186): Can't call setBtCoexistenceMode, ISupplicantStaIface is null
11-21 00:35:06.442 V/WifiClientModeImpl( 1186): stopIpClient IpClientWithPreConnection: false
11-21 00:35:06.442 V/WifiClientModeImpl( 1186): java.lang.Throwable
