11-21 03:29:50.826 D/LOWI-9.0.0.80( 1024): [LOWI-Scan] BSS 2c:57:41:88:72:e1 FREQ: 2412, cFreq1[40:80:160] = [0:0:0] cFreq2 = 0 Country Code = US
11-21 03:29:50.826 D/LOWI-9.0.0.80( 1024): [LOWI-Scan] BSS 2c:57:41:88:72:e1 (wlan0) ASSO: NO AddInfo: 0x1, TSF 1, 11:42:14.978, RSSI: -146, CPL: 3, AGE: 0,  SSID kittyhawk, TSFDelta: 0x0, TXRate: 0
11-21 03:29:50.826 D/LOWI-9.0.0.80( 1024): [LOWI-Scan] 
11-21 03:29:50.826 D/LOWI-9.0.0.80( 1024): [LOWI-Scan] print_bss_handler: Report Probe TSF 128534978846 as it greater than Beacon TSF 127989024712
11-21 03:29:50.826 I/LOWI-9.0.0.80( 1024): [LOWI-Scan] RSN_IE
11-21 03:29:50.826 D/LOWI-9.0.0.80( 1024): [LOWI-Scan] decode_rsn_wpa_ie: Entered
11-21 03:29:50.826 D/LOWI-9.0.0.80( 1024): [LOWIUtils] hexDump: msg(30 14 01 00 00 0f ac 04 01 00 00 0f ac 04 01 00 00 0f ac 02 )
11-21 03:29:50.826 D/LOWI-9.0.0.80( 1024): [LOWI-Scan] decode_rsn_wpa_ie: LOWI_ENCRYPTION_TYPE_WPA_PSK
11-21 03:29:50.826 D/LOWI-9.0.0.80( 1024): [LOWI-Scan] is_qcom_ie, bss_age: 172
11-21 03:29:50.826 D/LOWI-9.0.0.80( 1024): [LOWI-Scan] BSS ce:dc:12:3b:87:fd LOWI_PHY_MODE_11AC_VHT20_2G(11), Beacon Interval: 100, LOWI_ENCRYPTION_TYPE_WPA_PSK 11mcRanging: No, ANQP: Yes, LCI: No, Civic: No, capability(0x1431): ESS Privacy ShortPreamble ShortSlotTime
11-21 03:29:50.826 D/LOWI-9.0.0.80( 1024): [LOWI-Scan] BSS ce:dc:12:3b:87:fd FREQ: 2437, cFreq1[40:80:160] = [0:0:0] cFreq2 = 0 Country Code =    
11-21 03:29:50.826 D/LOWI-9.0.0.80( 1024): [LOWI-Scan] BSS ce:dc:12:3b:87:fd (wlan0) ASSO: NO AddInfo: 0x0, TSF 1, 11:42:14.978, RSSI: -102, CPL: 127, AGE: 0,  SSID Pixel5_R1, TSFDelta: 0x0, TXRate: 0
11-21 03:29:50.827 D/LOWI-9.0.0.80( 1024): [LOWI-Scan] 
11-21 03:29:50.827 D/LOWI-9.0.0.80( 1024): [LOWI-Scan] print_bss_handler: Report Probe TSF 128534978923 as it greater than Beacon TSF 128027612472
11-21 03:29:50.827 I/LOWI-9.0.0.80( 1024): [LOWI-Scan] RSN_IE
11-21 03:29:50.827 D/LOWI-9.0.0.80( 1024): [LOWI-Scan] decode_rsn_wpa_ie: Entered
11-21 03:29:50.827 D/LOWI-9.0.0.80( 1024): [LOWIUtils] hexDump: msg(30 14 01 00 00 0f ac 04 01 00 00 0f ac 04 01 00 00 0f ac 02 )
11-21 03:29:50.827 D/LOWI-9.0.0.80( 1024): [LOWI-Scan] decode_rsn_wpa_ie: LOWI_ENCRYPTION_TYPE_WPA_PSK
11-21 03:29:50.827 D/LOWI-9.0.0.80( 1024): [LOWI-Scan] is_qcom_ie, bss_age: 194
11-21 03:29:50.827 D/LOWI-9.0.0.80( 1024): [LOWI-Scan] BSS 2c:57:41:86:8a:a1 LOWI_PHY_MODE_11NG_HT20(5), Beacon Interval: 100, LOWI_ENCRYPTION_TYPE_WPA_PSK 11mcRanging: No, ANQP: No, LCI: No, Civic: No, capability(0x1411): ESS Privacy ShortSlotTime
11-21 03:29:50.827 D/LOWI-9.0.0.80( 1024): [LOWI-Scan] BSS 2c:57:41:86:8a:a1 FREQ: 2412, cFreq1[40:80:160] = [0:0:0] cFreq2 = 0 Country Code = US
11-21 03:29:50.827 D/LOWI-9.0.0.80( 1024): [LOWI-Scan] BSS 2c:57:41:86:8a:a1 (wlan0) ASSO: NO AddInfo: 0x0, TSF 1, 11:42:14.978, RSSI: -130, CPL: 3, AGE: 0,  SSID kittyhawk, TSFDelta: 0x0, TXRate: 0
11-21 03:29:50.827 D/LOWI-9.0.0.80( 1024): [LOWI-Scan] 
11-21 03:29:50.827 D/LOWI-9.0.0.80( 1024): [LOWI-Scan] print_bss_handler: Report Probe TSF 128534978871 as it greater than Beacon TSF 128230584039
11-21 03:29:50.827 I/LOWI-9.0.0.80( 1024): [LOWI-Scan] RSN_IE
11-21 03:29:50.827 D/LOWI-9.0.0.80( 1024): [LOWI-Scan] decode_rsn_wpa_ie: Entered
11-21 03:29:50.827 D/LOWI-9.0.0.80( 1024): [LOWIUtils] hexDump: msg(30 14 01 00 00 0f ac 04 01 00 00 0f ac 04 01 00 00 0f ac 02 )
11-21 03:29:50.827 D/LOWI-9.0.0.80( 1024): [LOWI-Scan] decode_rsn_wpa_ie: LOWI_ENCRYPTION_TYPE_WPA_PSK
11-21 03:29:50.827 D/LOWI-9.0.0.80( 1024): [LOWI-Scan] is_qcom_ie, bss_age: 157
11-21 03:29:50.827 D/LOWI-9.0.0.80( 1024): [LOWI-Scan] BSS fe:2d:5a:49:61:eb LOWI_PHY_MODE_11AC_VHT20_2G(11), Beacon Interval: 100, LOWI_ENCRYPTION_TYPE_WPA_PSK 11mcRanging: No, ANQP: Yes, LCI: No, Civic: No, capability(0x1431): ESS Privacy ShortPreamble ShortSlotTime
11-21 03:29:50.827 D/LOWI-9.0.0.80( 1024): [LOWI-Scan] BSS fe:2d:5a:49:61:eb FREQ: 2452, cFreq1[40:80:160] = [0:0:0] cFreq2 = 0 Country Code =    
11-21 03:29:50.827 D/LOWI-9.0.0.80( 1024): [LOWI-Scan] BSS fe:2d:5a:49:61:eb (wlan0) ASSO: NO AddInfo: 0x0, TSF 1, 11:42:14.978, RSSI: -104, CPL: 127, AGE: 0,  SSID Pixel_R2, TSFDelta: 0x0, TXRate: 0
11-21 03:29:50.828 D/LOWI-9.0.0.80( 1024): [LOWI-Scan] 
11-21 03:29:50.828 D/LOWI-9.0.0.80( 1024): [LOWI-Scan] print_bss_handler: Report Probe TSF 128534978884 as it greater than Beacon TSF 128402871984
11-21 03:29:50.828 I/LOWI-9.0.0.80( 1024): [LOWI-Scan] RSN_IE
11-21 03:29:50.828 D/LOWI-9.0.0.80( 1024): [LOWI-Scan] decode_rsn_wpa_ie: Entered
11-21 03:29:50.828 D/LOWI-9.0.0.80( 1024): [LOWIUtils] hexDump: msg(30 14 01 00 00 0f ac 04 01 00 00 0f ac 04 01 00 00 0f ac 02 )
11-21 03:29:50.828 D/LOWI-9.0.0.80( 1024): [LOWI-Scan] decode_rsn_wpa_ie: LOWI_ENCRYPTION_TYPE_WPA_PSK
11-21 03:29:50.828 D/LOWI-9.0.0.80( 1024): [LOWI-Scan] is_qcom_ie, bss_age: 189
11-21 03:29:50.828 D/LOWI-9.0.0.80( 1024): [LOWI-Scan] BSS 52:b8:14:37:74:3f LOWI_PHY_MODE_11AC_VHT20_2G(11), Beacon Interval: 100, LOWI_ENCRYPTION_TYPE_WPA_PSK 11mcRanging: No, ANQP: No, LCI: No, Civic: No, capability(0x1431): ESS Privacy ShortPreamble ShortSlotTime
11-21 03:29:50.828 D/LOWI-9.0.0.80( 1024): [LOWI-Scan] BSS 52:b8:14:37:74:3f FREQ: 2417, cFreq1[40:80:160] = [0:0:0] cFreq2 = 0 Country Code =    
11-21 03:29:50.828 D/LOWI-9.0.0.80( 1024): [LOWI-Scan] BSS 52:b8:14:37:74:3f (wlan0) ASSO: NO AddInfo: 0x0, TSF 1, 11:42:14.978, RSSI: -104, CPL: 127, AGE: 0,  SSID Pixel_8668, TSFDelta: 0x0, TXRate: 0
11-21 03:29:50.828 D/LOWI-9.0.0.80( 1024): [LOWI-Scan] 
11-21 03:29:50.828 D/LOWI-9.0.0.80( 1024): [LOWI-Scan] print_bss_handler: Report Probe TSF 128534978942 as it greater than Beacon TSF 128380602398
11-21 03:29:50.828 I/LOWI-9.0.0.80( 1024): [LOWI-Scan] RSN_IE
11-21 03:29:50.828 D/LOWI-9.0.0.80( 1024): [LOWI-Scan] decode_rsn_wpa_ie: Entered
11-21 03:29:50.828 D/LOWI-9.0.0.80( 1024): [LOWIUtils] hexDump: msg(30 14 01 00 00 0f ac 04 01 00 00 0f ac 04 01 00 00 0f ac 02 )
11-21 03:29:50.828 D/LOWI-9.0.0.80( 1024): [LOWI-Scan] decode_rsn_wpa_ie: LOWI_ENCRYPTION_TYPE_WPA_PSK
11-21 03:29:50.828 D/LOWI-9.0.0.80( 1024): [LOWI-Scan] is_qcom_ie, bss_age: 193
11-21 03:29:50.828 D/LOWI-9.0.0.80( 1024): [LOWI-Scan] BSS be:9e:0e:1c:6e:7f LOWI_PHY_MODE_11AC_VHT20_2G(11), Beacon Interval: 100, LOWI_ENCRYPTION_TYPE_WPA_PSK 11mcRanging: No, ANQP: No, LCI: No, Civic: No, capability(0x1431): ESS Privacy ShortPreamble ShortSlotTime
11-21 03:29:50.828 D/LOWI-9.0.0.80( 1024): [LOWI-Scan] BSS be:9e:0e:1c:6e:7f FREQ: 2412, cFreq1[40:80:160] = [0:0:0] cFreq2 = 0 Country Code =    
11-21 03:29:50.828 D/LOWI-9.0.0.80( 1024): [LOWI-Scan] BSS be:9e:0e:1c:6e:7f (wlan0) ASSO: NO AddInfo: 0x0, TSF 1, 11:42:14.978, RSSI: -126, CPL: 127, AGE: 0,  SSID Pixel_3541, TSFDelta: 0x0, TXRate: 0
11-21 03:29:50.828 D/LOWI-9.0.0.80( 1024): [LOWI-Scan] 
11-21 03:29:50.829 D/LOWI-9.0.0.80( 1024): [LOWI-Scan] print_bss_handler: Report Probe TSF 128534979047 as it greater than Beacon TSF 128453983082
11-21 03:29:50.829 I/LOWI-9.0.0.80( 1024): [LOWI-Scan] RSN_IE
11-21 03:29:50.829 D/LOWI-9.0.0.80( 1024): [LOWI-Scan] decode_rsn_wpa_ie: Entered
11-21 03:29:50.832 D/LOWI-9.0.0.80( 1024): [LOWIUtils] hexDump: msg(30 14 01 00 00 0f ac 04 01 00 00 0f ac 04 01 00 00 0f ac 02 )
11-21 03:29:50.833 D/LOWI-9.0.0.80( 1024): [LOWI-Scan] decode_rsn_wpa_ie: LOWI_ENCRYPTION_TYPE_WPA_PSK
11-21 03:29:50.833 D/LOWI-9.0.0.80( 1024): [LOWI-Scan] is_qcom_ie, bss_age: 194
11-21 03:29:50.833 D/LOWI-9.0.0.80( 1024): [LOWI-Scan] BSS 2c:57:41:86:7a:61 LOWI_PHY_MODE_11NG_HT20(5), Beacon Interval: 100, LOWI_ENCRYPTION_TYPE_WPA_PSK 11mcRanging: No, ANQP: No, LCI: No, Civic: No, capability(0x1411): ESS Privacy ShortSlotTime
11-21 03:29:50.833 D/LOWI-9.0.0.80( 1024): [LOWI-Scan] BSS 2c:57:41:86:7a:61 FREQ: 2412, cFreq1[40:80:160] = [0:0:0] cFreq2 = 0 Country Code = US
11-21 03:29:50.833 D/LOWI-9.0.0.80( 1024): [LOWI-Scan] BSS 2c:57:41:86:7a:61 (wlan0) ASSO: NO AddInfo: 0x0, TSF 1, 11:42:14.979, RSSI: -154, CPL: 3, AGE: 0,  SSID kittyhawk, TSFDelta: 0x0, TXRate: 0
11-21 03:29:50.833 D/LOWI-9.0.0.80( 1024): [LOWI-Scan]  -- associated
11-21 03:29:50.833 D/LOWI-9.0.0.80( 1024): [LOWI-Scan] 
11-21 03:29:50.833 D/LOWI-9.0.0.80( 1024): [LOWI-Scan] print_bss_handler: Report Probe TSF 128534978801 as it greater than Beacon TSF 128028764128
11-21 03:29:50.833 I/LOWI-9.0.0.80( 1024): [LOWI-Scan] RSN_IE
11-21 03:29:50.833 D/LOWI-9.0.0.80( 1024): [LOWI-Scan] decode_rsn_wpa_ie: Entered
11-21 03:29:50.833 D/LOWI-9.0.0.80( 1024): [LOWIUtils] hexDump: msg(30 14 01 00 00 0f ac 04 01 00 00 0f ac 04 01 00 00 0f ac 02 )
11-21 03:29:50.833 D/LOWI-9.0.0.80( 1024): [LOWI-Scan] decode_rsn_wpa_ie: LOWI_ENCRYPTION_TYPE_WPA_PSK
11-21 03:29:50.833 D/LOWI-9.0.0.80( 1024): [LOWI-Scan]  No Secondary channel present
11-21 03:29:50.833 D/LOWI-9.0.0.80( 1024): [LOWI-Scan] is_qcom_ie, bss_age: 2
11-21 03:29:50.834 D/LOWI-9.0.0.80( 1024): [LOWI-Scan] BSS 6c:cd:d6:25:63:2a LOWI_PHY_MODE_11NG_HT20(5), Beacon Interval: 100, LOWI_ENCRYPTION_TYPE_WPA_PSK 11mcRanging: No, ANQP: No, LCI: No, Civic: No, capability(0x0511): ESS Privacy SpectrumMgmt ShortSlotTime
11-21 03:29:50.834 D/LOWI-9.0.0.80( 1024): [LOWI-Scan] BSS 6c:cd:d6:25:63:2a FREQ: 2432, cFreq1[40:80:160] = [2432:0:0] cFreq2 = 0 Country Code = US 
11-21 03:29:50.834 D/LOWI-9.0.0.80( 1024): [LOWI-Scan] BSS 6c:cd:d6:25:63:2a (wlan0) ASSO: YES AddInfo: 0x0, TSF 1, 11:42:14.978, RSSI: -86, CPL: 127, AGE: 0,  SSID MTBF_Lab, TSFDelta: 0x0, TXRate: 0
11-21 03:29:50.834 D/LOWI-9.0.0.80( 1024): [LOWI-Scan] 
11-21 03:29:50.834 D/LOWI-9.0.0.80( 1024): [LOWI-Scan] print_bss_handler: Report Probe TSF 128534979072 as it greater than Beacon TSF 127533353881
11-21 03:29:50.834 I/LOWI-9.0.0.80( 1024): [LOWI-Scan] RSN_IE
11-21 03:29:50.834 D/LOWI-9.0.0.80( 1024): [LOWI-Scan] decode_rsn_wpa_ie: Entered
11-21 03:29:50.834 D/LOWI-9.0.0.80( 1024): [LOWIUtils] hexDump: msg(30 14 01 00 00 0f ac 04 01 00 00 0f ac 04 01 00 00 0f ac 02 )
11-21 03:29:50.834 D/LOWI-9.0.0.80( 1024): [LOWI-Scan] decode_rsn_wpa_ie: LOWI_ENCRYPTION_TYPE_WPA_PSK
11-21 03:29:50.834 D/LOWI-9.0.0.80( 1024): [LOWI-Scan] is_qcom_ie, bss_age: 194
11-21 03:29:50.834 D/LOWI-9.0.0.80( 1024): [LOWI-Scan] BSS 2c:57:41:89:53:21 LOWI_PHY_MODE_11NG_HT20(5), Beacon Interval: 100, LOWI_ENCRYPTION_TYPE_WPA_PSK 11mcRanging: No, ANQP: No, LCI: No, Civic: No, capability(0x1411): ESS Privacy ShortSlotTime
11-21 03:29:50.834 D/LOWI-9.0.0.80( 1024): [LOWI-Scan] BSS 2c:57:41:89:53:21 FREQ: 2412, cFreq1[40:80:160] = [0:0:0] cFreq2 = 0 Country Code = US
11-21 03:29:50.834 D/LOWI-9.0.0.80( 1024): [LOWI-Scan] BSS 2c:57:41:89:53:21 (wlan0) ASSO: NO AddInfo: 0x0, TSF 1, 11:42:14.979, RSSI: -162, CPL: 3, AGE: 0,  SSID kittyhawk, TSFDelta: 0x0, TXRate: 0
11-21 03:29:50.834 D/LOWI-9.0.0.80( 1024): [LOWI-Scan] 
11-21 03:29:50.835 D/LOWI-9.0.0.80( 1024): [LOWI-Scan] print_bss_handler: Report Probe TSF 128534978958 as it greater than Beacon TSF 0
11-21 03:29:50.835 I/LOWI-9.0.0.80( 1024): [LOWI-Scan] RSN_IE
11-21 03:29:50.835 D/LOWI-9.0.0.80( 1024): [LOWI-Scan] decode_rsn_wpa_ie: Entered
11-21 03:29:50.835 D/LOWI-9.0.0.80( 1024): [LOWIUtils] hexDump: msg(30 14 01 00 00 0f ac 04 01 00 00 0f ac 04 01 00 00 0f ac 02 )
11-21 03:29:50.835 D/LOWI-9.0.0.80( 1024): [LOWI-Scan] decode_rsn_wpa_ie: LOWI_ENCRYPTION_TYPE_WPA_PSK
11-21 03:29:50.835 D/LOWI-9.0.0.80( 1024): [LOWI-Scan] is_qcom_ie, bss_age: 193
11-21 03:29:50.835 D/LOWI-9.0.0.80( 1024): [LOWI-Scan] BSS 18:64:72:60:2b:40 LOWI_PHY_MODE_11NG_HT20(5), Beacon Interval: 100, LOWI_ENCRYPTION_TYPE_WPA_PSK 11mcRanging: No, ANQP: No, LCI: No, Civic: No, capability(0x0431): ESS Privacy ShortPreamble ShortSlotTime
11-21 03:29:50.835 D/LOWI-9.0.0.80( 1024): [LOWI-Scan] BSS 18:64:72:60:2b:40 FREQ: 2412, cFreq1[40:80:160] = [0:0:0] cFreq2 = 0 Country Code =    
11-21 03:29:50.835 D/LOWI-9.0.0.80( 1024): [LOWI-Scan] BSS 18:64:72:60:2b:40 (wlan0) ASSO: NO AddInfo: 0x0, TSF 1, 11:42:14.978, RSSI: -140, CPL: 127, AGE: 0,  SSID lab-t24103779, TSFDelta: 0x0, TXRate: 0
11-21 03:29:50.835 D/LOWI-9.0.0.80( 1024): [LOWI-Scan] 
11-21 03:29:50.835 D/LOWI-9.0.0.80( 1024): [LOWI-Scan] print_bss_handler: Report Probe TSF 128534979018 as it greater than Beacon TSF 0
11-21 03:29:50.835 I/LOWI-9.0.0.80( 1024): [LOWI-Scan] RSN_IE
11-21 03:29:50.835 D/LOWI-9.0.0.80( 1024): [LOWI-Scan] decode_rsn_wpa_ie: Entered
11-21 03:29:50.835 D/LOWI-9.0.0.80( 1024): [LOWIUtils] hexDump: msg(30 14 01 00 00 0f ac 04 01 00 00 0f ac 04 01 00 00 0f ac 02 )
11-21 03:29:50.835 D/LOWI-9.0.0.80( 1024): [LOWI-Scan] decode_rsn_wpa_ie: LOWI_ENCRYPTION_TYPE_WPA_PSK
11-21 03:29:50.835 D/LOWI-9.0.0.80( 1024): [LOWI-Scan] is_qcom_ie, bss_age: 172
11-21 03:29:50.835 D/LOWI-9.0.0.80( 1024): [LOWI-Scan] BSS 2c:57:41:89:63:c1 LOWI_PHY_MODE_11NG_HT20(5), Beacon Interval: 100, LOWI_ENCRYPTION_TYPE_WPA_PSK 11mcRanging: No, ANQP: No, LCI: No, Civic: No, capability(0x1411): ESS Privacy ShortSlotTime
11-21 03:29:50.835 D/LOWI-9.0.0.80( 1024): [LOWI-Scan] BSS 2c:57:41:89:63:c1 FREQ: 2437, cFreq1[40:80:160] = [0:0:0] cFreq2 = 0 Country Code = US
11-21 03:29:50.835 D/LOWI-9.0.0.80( 1024): [LOWI-Scan] BSS 2c:57:41:89:63:c1 (wlan0) ASSO: NO AddInfo: 0x0, TSF 1, 11:42:14.979, RSSI: -158, CPL: 2, AGE: 0,  SSID kittyhawk, TSFDelta: 0x0, TXRate: 0
11-21 03:29:50.836 D/LOWI-9.0.0.80( 1024): [LOWI-Scan] 
11-21 03:29:50.836 D/LOWI-9.0.0.80( 1024): [LOWI-Scan] print_bss_handler: Report Probe TSF 128534979033 as it greater than Beacon TSF 0
11-21 03:29:50.836 I/LOWI-9.0.0.80( 1024): [LOWI-Scan] RSN_IE
11-21 03:29:50.836 D/LOWI-9.0.0.80( 1024): [LOWI-Scan] decode_rsn_wpa_ie: Entered
11-21 03:29:50.836 D/LOWI-9.0.0.80( 1024): [LOWIUtils] hexDump: msg(30 14 01 00 00 0f ac 04 01 00 00 0f ac 04 01 00 00 0f ac 02 )
11-21 03:29:50.836 D/LOWI-9.0.0.80( 1024): [LOWI-Scan] decode_rsn_wpa_ie: LOWI_ENCRYPTION_TYPE_WPA_PSK
11-21 03:29:50.836 D/LOWI-9.0.0.80( 1024): [LOWI-Scan] is_qcom_ie, bss_age: 148
11-21 03:29:50.836 D/LOWI-9.0.0.80( 1024): [LOWI-Scan] BSS 18:64:72:60:2e:e0 LOWI_PHY_MODE_11NG_HT20(5), Beacon Interval: 100, LOWI_ENCRYPTION_TYPE_WPA_PSK 11mcRanging: No, ANQP: No, LCI: No, Civic: No, capability(0x0431): ESS Privacy ShortPreamble ShortSlotTime
11-21 03:29:50.836 D/LOWI-9.0.0.80( 1024): [LOWI-Scan] BSS 18:64:72:60:2e:e0 FREQ: 2462, cFreq1[40:80:160] = [0:0:0] cFreq2 = 0 Country Code =    
11-21 03:29:50.836 D/LOWI-9.0.0.80( 1024): [LOWI-Scan] BSS 18:64:72:60:2e:e0 (wlan0) ASSO: NO AddInfo: 0x0, TSF 1, 11:42:14.979, RSSI: -160, CPL: 127, AGE: 0,  SSID lab-t24103779, TSFDelta: 0x0, TXRate: 0
11-21 03:29:50.836 D/LOWI-9.0.0.80( 1024): [LOWI-Scan] 
11-21 03:29:50.836 D/LOWI-9.0.0.80( 1024): [LOWI-Scan] print_bss_handler: Report Probe TSF 128534979084 as it greater than Beacon TSF 0
11-21 03:29:50.836 I/LOWI-9.0.0.80( 1024): [LOWI-Scan] RSN_IE
11-21 03:29:50.836 D/LOWI-9.0.0.80( 1024): [LOWI-Scan] decode_rsn_wpa_ie: Entered
11-21 03:29:50.836 D/LOWI-9.0.0.80( 1024): [LOWIUtils] hexDump: msg(30 14 01 00 00 0f ac 04 01 00 00 0f ac 04 01 00 00 0f ac 02 )
11-21 03:29:50.836 D/LOWI-9.0.0.80( 1024): [LOWI-Scan] decode_rsn_wpa_ie: LOWI_ENCRYPTION_TYPE_WPA_PSK
11-21 03:29:50.836 D/LOWI-9.0.0.80( 1024): [LOWI-Scan] is_qcom_ie, bss_age: 197
11-21 03:29:50.837 D/LOWI-9.0.0.80( 1024): [LOWI-Scan] BSS 2c:57:41:89:62:a1 LOWI_PHY_MODE_11NG_HT20(5), Beacon Interval: 100, LOWI_ENCRYPTION_TYPE_WPA_PSK 11mcRanging: No, ANQP: No, LCI: No, Civic: No, capability(0x1411): ESS Privacy ShortSlotTime
11-21 03:29:50.837 D/LOWI-9.0.0.80( 1024): [LOWI-Scan] BSS 2c:57:41:89:62:a1 FREQ: 2412, cFreq1[40:80:160] = [0:0:0] cFreq2 = 0 Country Code = US
11-21 03:29:50.837 D/LOWI-9.0.0.80( 1024): [LOWI-Scan] BSS 2c:57:41:89:62:a1 (wlan0) ASSO: NO AddInfo: 0x0, TSF 1, 11:42:14.979, RSSI: -164, CPL: 3, AGE: 0,  SSID kittyhawk, TSFDelta: 0x0, TXRate: 0
11-21 03:29:50.837 D/LOWI-9.0.0.80( 1024): [LOWI-Scan] 
11-21 03:29:50.837 D/LOWI-9.0.0.80( 1024): [LOWI-Scan] print_bss_handler: Report beacon TSF 128534979059 as it greater than probe TSF 128504813233
11-21 03:29:50.837 I/LOWI-9.0.0.80( 1024): [LOWI-Scan] RSN_IE
11-21 03:29:50.837 D/LOWI-9.0.0.80( 1024): [LOWI-Scan] decode_rsn_wpa_ie: Entered
11-21 03:29:50.837 D/LOWI-9.0.0.80( 1024): [LOWIUtils] hexDump: msg(30 14 01 00 00 0f ac 04 01 00 00 0f ac 04 01 00 00 0f ac 02 )
11-21 03:29:50.837 D/LOWI-9.0.0.80( 1024): [LOWI-Scan] decode_rsn_wpa_ie: LOWI_ENCRYPTION_TYPE_WPA_PSK
11-21 03:29:50.837 D/LOWI-9.0.0.80( 1024): [LOWI-Scan] is_qcom_ie, bss_age: 4
11-21 03:29:50.837 D/LOWI-9.0.0.80( 1024): [LOWI-Scan] BSS 2c:57:41:86:85:21 LOWI_PHY_MODE_11NG_HT20(5), Beacon Interval: 100, LOWI_ENCRYPTION_TYPE_WPA_PSK 11mcRanging: No, ANQP: No, LCI: No, Civic: No, capability(0x1411): ESS Privacy ShortSlotTime
11-21 03:29:50.837 D/LOWI-9.0.0.80( 1024): [LOWI-Scan] BSS 2c:57:41:86:85:21 FREQ: 2462, cFreq1[40:80:160] = [0:0:0] cFreq2 = 0 Country Code = US
11-21 03:29:50.837 D/LOWI-9.0.0.80( 1024): [LOWI-Scan] BSS 2c:57:41:86:85:21 (wlan0) ASSO: NO AddInfo: 0x1, TSF 1, 11:42:14.979, RSSI: -162, CPL: 2, AGE: 0,  SSID kittyhawk, TSFDelta: 0x0, TXRate: 0
11-21 03:29:50.838 D/LOWI-9.0.0.80( 1024): [LOWI-Scan] 
11-21 03:29:50.838 D/LOWI-9.0.0.80( 1024): [LOWI-Scan] print_bss_handler: Report Probe TSF 128534978826 as it greater than Beacon TSF 0
11-21 03:29:50.838 I/LOWI-9.0.0.80( 1024): [LOWI-Scan] RSN_IE
11-21 03:29:50.838 D/LOWI-9.0.0.80( 1024): [LOWI-Scan] decode_rsn_wpa_ie: Entered
11-21 03:29:50.838 D/LOWI-9.0.0.80( 1024): [LOWIUtils] hexDump: msg(30 14 01 00 00 0f ac 04 01 00 00 0f ac 04 01 00 00 0f ac 02 )
11-21 03:29:50.838 D/LOWI-9.0.0.80( 1024): [LOWI-Scan] decode_rsn_wpa_ie: LOWI_ENCRYPTION_TYPE_WPA_PSK
11-21 03:29:50.838 D/LOWI-9.0.0.80( 1024): [LOWI-Scan] is_qcom_ie, bss_age: 152
11-21 03:29:50.838 D/LOWI-9.0.0.80( 1024): [LOWI-Scan] BSS c6:82:9b:4e:b3:9e LOWI_PHY_MODE_11AC_VHT20_2G(11), Beacon Interval: 100, LOWI_ENCRYPTION_TYPE_WPA_PSK 11mcRanging: No, ANQP: Yes, LCI: No, Civic: No, capability(0x1431): ESS Privacy ShortPreamble ShortSlotTime
11-21 03:29:50.838 D/LOWI-9.0.0.80( 1024): [LOWI-Scan] BSS c6:82:9b:4e:b3:9e FREQ: 2457, cFreq1[40:80:160] = [0:0:0] cFreq2 = 0 Country Code =    
11-21 03:29:50.838 D/LOWI-9.0.0.80( 1024): [LOWI-Scan] BSS c6:82:9b:4e:b3:9e (wlan0) ASSO: NO AddInfo: 0x0, TSF 1, 11:42:14.978, RSSI: -88, CPL: 127, AGE: 0,  SSID Pixel_R6, TSFDelta: 0x0, TXRate: 0
11-21 03:29:50.838 D/LOWI-9.0.0.80( 1024): [LOWIDiagLog] Log: lowiMeasResult->request: invalid null argument
11-21 03:29:50.838 I/LOWI-9.0.0.80( 1024): [LOWI-Scan] lowi_close_record:Scan done in 128491219ms, 20 APs in scan results
11-21 03:29:50.838 D/LOWI-9.0.0.80( 1024): [LOWI-Scan] WipsScanUsingNL: passive scan cached 0, took 1438 ms, err 0
11-21 03:29:50.838 D/LOWI-9.0.0.80( 1024): [LOWI-Scan] lowi_proc_req_passive_scan_with_live_meas - No WLAN Frames to be parsed
11-21 03:29:50.838 D/LOWI-9.0.0.80( 1024): [LOWIScanResultReceiver] Send scan meas to listener
11-21 03:29:50.839 D/LOWI-9.0.0.80( 1024): [LOWIScanResultReceiver] Enter passive listening mode
11-21 03:29:50.839 D/LOWI-9.0.0.80( 1024): [LOWIWifiDriverInterface] getMeasurements - Passive listening mode
11-21 03:29:50.839 D/LOWI-9.0.0.80( 1024): [LOWI-Scan] WipsScanUsingNL:wait -1 sec for netlink message
11-21 03:29:50.839 D/LOWI-9.0.0.80( 1024): [LOWIEventReceiver] handleEvent:FROM:NA, TO:NA, REQ:NA, IREQ:NA, REQ_ID:0, RESP:NA, INFO:NA
11-21 03:29:50.839 D/LOWI-9.0.0.80( 1024): [LOWIBackgroundScanMgr] isRspForBgScanMgr: evt(LOWI_NO_EVT) - not handled
11-21 03:29:50.839 D/LOWI-9.0.0.80( 1024): [LOWIScheduler] manageMsg: NULL results or NULL request in results
11-21 03:29:50.839 D/LOWI-9.0.0.80( 1024): [LOWIController] Measurements received
11-21 03:29:50.839 D/LOWI-9.0.0.80( 1024): [LOWICacheManager] putInCache:Num of Meas to add: 20
11-21 03:29:50.840 D/LOWI-9.0.0.80( 1024): [LOWIController] processMeasurementResults: No current Request. Cache measurements
11-21 03:29:50.840 D/LOWI-9.0.0.80( 1024): [LOWIControllerExtn] sendLOWILpDiscoveryScanResponse: Not a discovery scan response
11-21 03:29:50.903 E/StickerBundleDatabaseWorker( 2351): Failed to fetch sticker bundles:
11-21 03:29:50.903 E/StickerBundleDatabaseWorker( 2351): kotlinx.coroutines.JobCancellationException: Job was cancelled; job=JobImpl{Cancelling}@1b2aa74
11-21 03:29:50.903 I/WM-WorkerWrapper( 2351): Work [ id=731e9e35-e8c2-49b1-b246-986e05f06ab6, tags={ com.facebook.wearable.system.selfcare.sharing.StickerBundleDatabaseWorker } ] was cancelled
11-21 03:29:50.903 I/WM-WorkerWrapper( 2351): java.util.concurrent.CancellationException: Task was cancelled.
11-21 03:29:50.903 I/WM-WorkerWrapper( 2351): 	at androidx.work.impl.utils.futures.AbstractFuture.getDoneValue(:32)
11-21 03:29:50.903 I/WM-WorkerWrapper( 2351): 	at androidx.work.impl.utils.futures.AbstractFuture.get(:268435546)
11-21 03:29:50.903 I/WM-WorkerWrapper( 2351): 	at androidx.work.impl.WorkerWrapper$2.run(:3)
11-21 03:29:50.903 I/WM-WorkerWrapper( 2351): 	at androidx.work.impl.utils.SerialExecutor$Task.run(:2)
11-21 03:29:50.903 I/WM-WorkerWrapper( 2351): 	at java.util.concurrent.ThreadPoolExecutor.runWorker(ThreadPoolExecutor.java:1167)
11-21 03:29:50.903 I/WM-WorkerWrapper( 2351): 	at java.util.concurrent.ThreadPoolExecutor$Worker.run(ThreadPoolExecutor.java:641)
11-21 03:29:50.903 I/WM-WorkerWrapper( 2351): 	at java.lang.Thread.run(Thread.java:923)
11-21 03:29:50.965 D/FacebookRepository(26000): Reading from Store [688175592090415]
11-21 03:29:50.966 D/FacebookRepository(26000): Requesting from Content Provider [688175592090415]
11-21 03:29:50.974 D/FacebookProvider(17356): Starting SSO Network Fetch for 688175592090415
11-21 03:29:50.974 I/AccountsContentProvider(17356): No Primary Account. Accounts Error [content://com.facebook.wearable.system.accounts.AccountsContentProvider/facebook/688175592090415]
11-21 03:29:50.974 E/DatabaseUtils(17356): Writing exception to parcel
11-21 03:29:50.974 E/DatabaseUtils(17356): java.lang.IllegalStateException: No Primary Account
11-21 03:29:50.974 E/DatabaseUtils(17356): 	at com.facebook.secure.content.AbstractContentProvider.doQuery(:284)
11-21 03:29:50.974 E/DatabaseUtils(17356): 	at com.facebook.secure.content.AbstractContentProvider.query(:8)
11-21 03:29:50.974 E/DatabaseUtils(17356): 	at android.content.ContentProvider.query(ContentProvider.java:1474)
11-21 03:29:50.974 E/DatabaseUtils(17356): 	at android.content.ContentProvider$Transport.query(ContentProvider.java:278)
11-21 03:29:50.974 E/DatabaseUtils(17356): 	at android.content.ContentProviderNative.onTransact(ContentProviderNative.java:106)
11-21 03:29:50.974 E/DatabaseUtils(17356): 	at android.os.Binder.execTransactInternal(Binder.java:1154)
11-21 03:29:50.974 E/DatabaseUtils(17356): 	at android.os.Binder.execTransact(Binder.java:1123)
11-21 03:29:50.976 E/UntetheredRelayCrypt(26000): untethered relay key upload failed: java.lang.IllegalStateException: No Primary Account
11-21 03:29:50.977 W/WearableUntetheredRelayCrypt(26000): Could not upload public key, will retry
11-21 03:29:50.980 I/WM-WorkerWrapper(26000): Worker result RETRY for Work [ id=4bbe0382-d659-4f73-81b2-8893eb3f5bd0, tags={ com.facebook.wearable.system.telecom.messaging.untethered.e2ee.WearableUntetheredRelayCrypt$InitialKeypairRotationWorker, com.facebook.wearable.system.telecom.messaging.untethered.e2ee.InitialKeypairRotationWorker } ]
11-21 03:29:50.985 D/ConnectivityService( 1194): releasing NetworkRequest [ TRACK_DEFAULT id=2785, [ Capabilities: INTERNET&NOT_RESTRICTED&TRUSTED Uid: 10005 AdministratorUids: [] RequestorUid: 10005 RequestorPackageName: com.facebook.wearable.system.telecom] ] (release request)
11-21 03:29:51.003 D/FacebookRepository(26000): Reading from Store [688175592090415]
11-21 03:29:51.118 E/StickerBundleDatabaseWorker( 2351): Failed to fetch sticker bundles:
11-21 03:29:51.118 E/StickerBundleDatabaseWorker( 2351): kotlinx.coroutines.JobCancellationException: Job was cancelled; job=JobImpl{Cancelling}@421d499
11-21 03:29:51.118 I/WM-WorkerWrapper( 2351): Work [ id=731e9e35-e8c2-49b1-b246-986e05f06ab6, tags={ com.facebook.wearable.system.selfcare.sharing.StickerBundleDatabaseWorker } ] was cancelled
11-21 03:29:51.118 I/WM-WorkerWrapper( 2351): java.util.concurrent.CancellationException: Task was cancelled.
11-21 03:29:51.118 I/WM-WorkerWrapper( 2351): 	at androidx.work.impl.utils.futures.AbstractFuture.getDoneValue(:32)
11-21 03:29:51.118 I/WM-WorkerWrapper( 2351): 	at androidx.work.impl.utils.futures.AbstractFuture.get(:268435546)
11-21 03:29:51.118 I/WM-WorkerWrapper( 2351): 	at androidx.work.impl.WorkerWrapper$2.run(:3)
11-21 03:29:51.118 I/WM-WorkerWrapper( 2351): 	at androidx.work.impl.utils.SerialExecutor$Task.run(:2)
11-21 03:29:51.118 I/WM-WorkerWrapper( 2351): 	at java.util.concurrent.ThreadPoolExecutor.runWorker(ThreadPoolExecutor.java:1167)
11-21 03:29:51.118 I/WM-WorkerWrapper( 2351): 	at java.util.concurrent.ThreadPoolExecutor$Worker.run(ThreadPoolExecutor.java:641)
11-21 03:29:51.118 I/WM-WorkerWrapper( 2351): 	at java.lang.Thread.run(Thread.java:923)
11-21 03:29:51.277 E/StickerBundleDatabaseWorker( 2351): Failed to fetch sticker bundles:
11-21 03:29:51.277 E/StickerBundleDatabaseWorker( 2351): kotlinx.coroutines.JobCancellationException: Job was cancelled; job=JobImpl{Cancelling}@4be476a
11-21 03:29:51.277 I/WM-WorkerWrapper( 2351): Work [ id=731e9e35-e8c2-49b1-b246-986e05f06ab6, tags={ com.facebook.wearable.system.selfcare.sharing.StickerBundleDatabaseWorker } ] was cancelled
11-21 03:29:51.277 I/WM-WorkerWrapper( 2351): java.util.concurrent.CancellationException: Task was cancelled.
11-21 03:29:51.277 I/WM-WorkerWrapper( 2351): 	at androidx.work.impl.utils.futures.AbstractFuture.getDoneValue(:32)
11-21 03:29:51.277 I/WM-WorkerWrapper( 2351): 	at androidx.work.impl.utils.futures.AbstractFuture.get(:268435546)
11-21 03:29:51.277 I/WM-WorkerWrapper( 2351): 	at androidx.work.impl.WorkerWrapper$2.run(:3)
11-21 03:29:51.277 I/WM-WorkerWrapper( 2351): 	at androidx.work.impl.utils.SerialExecutor$Task.run(:2)
11-21 03:29:51.277 I/WM-WorkerWrapper( 2351): 	at java.util.concurrent.ThreadPoolExecutor.runWorker(ThreadPoolExecutor.java:1167)
11-21 03:29:51.277 I/WM-WorkerWrapper( 2351): 	at java.util.concurrent.ThreadPoolExecutor$Worker.run(ThreadPoolExecutor.java:641)
11-21 03:29:51.277 I/WM-WorkerWrapper( 2351): 	at java.lang.Thread.run(Thread.java:923)
11-21 03:29:51.448 E/StickerBundleDatabaseWorker( 2351): Failed to fetch sticker bundles:
11-21 03:29:51.448 E/StickerBundleDatabaseWorker( 2351): kotlinx.coroutines.JobCancellationException: Job was cancelled; job=JobImpl{Cancelling}@4f17036
11-21 03:29:51.448 I/WM-WorkerWrapper( 2351): Work [ id=731e9e35-e8c2-49b1-b246-986e05f06ab6, tags={ com.facebook.wearable.system.selfcare.sharing.StickerBundleDatabaseWorker } ] was cancelled
11-21 03:29:51.448 I/WM-WorkerWrapper( 2351): java.util.concurrent.CancellationException: Task was cancelled.
11-21 03:29:51.448 I/WM-WorkerWrapper( 2351): 	at androidx.work.impl.utils.futures.AbstractFuture.getDoneValue(:32)
11-21 03:29:51.448 I/WM-WorkerWrapper( 2351): 	at androidx.work.impl.utils.futures.AbstractFuture.get(:268435546)
11-21 03:29:51.448 I/WM-WorkerWrapper( 2351): 	at androidx.work.impl.WorkerWrapper$2.run(:3)
11-21 03:29:51.448 I/WM-WorkerWrapper( 2351): 	at androidx.work.impl.utils.SerialExecutor$Task.run(:2)
11-21 03:29:51.448 I/WM-WorkerWrapper( 2351): 	at java.util.concurrent.ThreadPoolExecutor.runWorker(ThreadPoolExecutor.java:1167)
11-21 03:29:51.448 I/WM-WorkerWrapper( 2351): 	at java.util.concurrent.ThreadPoolExecutor$Worker.run(ThreadPoolExecutor.java:641)
11-21 03:29:51.448 I/WM-WorkerWrapper( 2351): 	at java.lang.Thread.run(Thread.java:923)
11-21 03:29:51.535 D/AnalyticsLogger( 1194): sent events: 13
11-21 03:29:51.601 E/StickerBundleDatabaseWorker( 2351): Failed to fetch sticker bundles:
11-21 03:29:51.601 E/StickerBundleDatabaseWorker( 2351): kotlinx.coroutines.JobCancellationException: Job was cancelled; job=JobImpl{Cancelling}@e7f9b10
11-21 03:29:51.601 I/WM-WorkerWrapper( 2351): Work [ id=731e9e35-e8c2-49b1-b246-986e05f06ab6, tags={ com.facebook.wearable.system.selfcare.sharing.StickerBundleDatabaseWorker } ] was cancelled
11-21 03:29:51.601 I/WM-WorkerWrapper( 2351): java.util.concurrent.CancellationException: Task was cancelled.
11-21 03:29:51.601 I/WM-WorkerWrapper( 2351): 	at androidx.work.impl.utils.futures.AbstractFuture.getDoneValue(:32)
11-21 03:29:51.601 I/WM-WorkerWrapper( 2351): 	at androidx.work.impl.utils.futures.AbstractFuture.get(:268435546)
11-21 03:29:51.601 I/WM-WorkerWrapper( 2351): 	at androidx.work.impl.WorkerWrapper$2.run(:3)
11-21 03:29:51.601 I/WM-WorkerWrapper( 2351): 	at androidx.work.impl.utils.SerialExecutor$Task.run(:2)
11-21 03:29:51.601 I/WM-WorkerWrapper( 2351): 	at java.util.concurrent.ThreadPoolExecutor.runWorker(ThreadPoolExecutor.java:1167)
11-21 03:29:51.601 I/WM-WorkerWrapper( 2351): 	at java.util.concurrent.ThreadPoolExecutor$Worker.run(ThreadPoolExecutor.java:641)
11-21 03:29:51.601 I/WM-WorkerWrapper( 2351): 	at java.lang.Thread.run(Thread.java:923)
11-21 03:29:51.736 D/UIAutomatorStub(26720): URI: /jsonrpc/0, Method: POST, Header: {content-length=229, remote-addr=127.0.0.1, http-client-ip=127.0.0.1, host=localhost:9010, content-type=application/json, accept-encoding=identity}, params, {NanoHttpd.QUERY_STRING=null}, files: {postData={"jsonrpc": "2.0", "method": "objInfo", "id": "3204541e7b52cacfbeaf7d231747a0c9", "params": [{"mask": 2097152, "childOrSibling": [], "childOrSiblingSelector": [], "resourceId": "com.facebook.wearable.system.settings:id/toggle"}]}}
11-21 03:29:51.919 W/ContextImpl( 1194): Calling a method in the system process without a qualified user: android.app.ContextImpl.sendBroadcastMultiplePermissions:1143 android.content.Context.sendBroadcastWithMultiplePermissions:2150 com.android.server.display.WifiDisplayAdapter.handleSendStatusChangeBroadcast:440 com.android.server.display.WifiDisplayAdapter.access$1700:63 com.android.server.display.WifiDisplayAdapter$WifiDisplayHandler.handleMessage:675 
11-21 03:29:52.125 E/wpa_supplicant( 7723): eap_proxy: Released QMI UIM service client
11-21 03:29:52.125 E/QMI_FW  ( 7723): qmi_cci_get_ref: ref count increased 2
11-21 03:29:52.125 E/QMI_FW  ( 7723): qmi_cci_get_ref: ref count increased 2
11-21 03:29:52.128 E/wpa_supplicant( 7723): eap_proxy: Released QMI EAP service client
11-21 03:29:52.128 I/wpa_supplicant( 7723): eap_proxy: eap_proxy Deinitialzed
11-21 03:29:52.161 I/wpa_supplicant( 7723): nl80211: deinit ifname=p2p0 disabled_11b_rates=0
11-21 03:29:52.200 D/LOWI-9.0.0.80( 1024): [LOWINetlinkSocketReceiver] unpackRTMLinkMessage: RTM_NEWLINK - ifname p2p0, flags 0x1003 ([UP])
11-21 03:29:52.204 D/ConnectivityService( 1194): handleLingerComplete for [100 CELLULAR]
11-21 03:29:52.224 D/LOWI-9.0.0.80( 1024): [LOWINetlinkSocketReceiver] unpackRTMLinkMessage: RTM_NEWLINK - ifname p2p0, flags 0x1002 ()
11-21 03:29:52.235 D/LOWI-9.0.0.80( 1024): [LOWINetlinkSocketReceiver] unpackRTMLinkMessage: RTM_NEWLINK - ifname p2p0, flags 0x1002 ()
11-21 03:29:52.248 I/wpa_supplicant( 7723): Try to unregister vendor p2 interface
11-21 03:29:52.251 D/QCNEJ/WwanInfoRelay( 1900): onCapabilitiesChanged: 100 [ Transports: CELLULAR Capabilities: MMS&SUPL&FOTA&INTERNET&NOT_RESTRICTED&TRUSTED&NOT_VPN&VALIDATED&NOT_ROAMING&NOT_CONGESTED&NOT_SUSPENDED LinkUpBandwidth>=15000Kbps LinkDnBandwidth>=30000Kbps Specifier: <TelephonyNetworkSpecifier [mSubId = 1]> AdministratorUids: [] RequestorUid: -1 RequestorPackageName: null]
11-21 03:29:52.253 I/WifiP2pNative( 1194): P2P interface teardown completed
11-21 03:29:52.253 D/WifiP2pNative( 1194): P2P InterfaceDestroyedListener p2p0
11-21 03:29:52.253 D/WifiP2pNative( 1194): Ignoring stale interface destroyed listener
11-21 03:29:52.253 D/WifiP2pNative( 1194): P2P InterfaceAvailableListener true
11-21 03:29:52.253 D/WifiP2pService( 1194): Wifi enabled=false, P2P Interface availability=true
11-21 03:29:52.254 I/android_os_HwBinder( 1194): HwBinder: Starting thread pool for getting: android.hardware.wifi.supplicant@1.0::ISupplicant/default
11-21 03:29:52.256 I/QCNEJ/WwanInfoRelay( 1900): cacheWwanInfo subId = 1 phoneId = 0 slotId = 0
11-21 03:29:52.264 I/wpa_supplicant( 7723): Terminating...
11-21 03:29:52.266 D/LOWI-9.0.0.80( 1024): [LOWINetlinkSocketReceiver] unpackRTMLinkMessage: RTM_NEWLINK - ifname wlan0, flags 0x1003 ([UP])
11-21 03:29:52.267 D/LOWI-9.0.0.80( 1024): [LOWINetlinkSocketReceiver] processNetlinkPacket: ifname(wlan0) status(1)
11-21 03:29:52.267 D/LOWI-9.0.0.80( 1024): [LOWIController] intfStateReceived: ifname(wlan0) state(1)
11-21 03:29:52.267 D/LOWI-9.0.0.80( 1024): [LOWIEventReceiver] handleEvent:FROM:NA, TO:NA, REQ:NA, IREQ:NA, REQ_ID:0, RESP:NA, INFO:INTF-STATUS-UPDATE
11-21 03:29:52.267 D/LOWI-9.0.0.80( 1024): [LOWIEventReceiver] Info to [INTF-STATUS-UPDATE]
11-21 03:29:52.267 D/LOWI-9.0.0.80( 1024): [LOWIController] updateIntfState: WIFI enabled 1 mNlWifiStatus 2 mWifiStateEnabled 1
11-21 03:29:52.267 D/LOWI-9.0.0.80( 1024): [LOWIController] isWifiEnabled: mNlWifiStatus 1 mWifiStateEnabled 1
11-21 03:29:52.298 W/MqttClient( 2665): connection/disconnecting; reason=READ_SOCKET, operation=NETWORK_THREAD_LOOP
11-21 03:29:52.306 W/SupplicantStaIfaceHal( 1194): Timed out waiting for confirmation of supplicant death
11-21 03:29:52.309 W/SupplicantP2pIfaceHal( 1194): ISupplicantVendor/ISupplicantVendorP2PIface died: cookie=0
11-21 03:29:52.310 W/SupplicantP2pIfaceHal( 1194): ISupplicant/ISupplicantP2pIface died: cookie=0
11-21 03:29:52.310 W/SupplicantP2pIfaceHal( 1194): ISupplicant/ISupplicantP2pIface died: cookie=0
11-21 03:29:52.310 W/SupplicantP2pIfaceHal( 1194): ISupplicantVendor/ISupplicantVendorP2PIface died: cookie=0
11-21 03:29:52.310 E/SupplicantStaIfaceHal( 1194): Can't call getKeyMgmtCapabilities_1_3, ISupplicantStaIface is null
11-21 03:29:52.311 D/SupplicantStaIfaceHal( 1194): ISupplicant died: cookie=1298821822153507501
11-21 03:29:52.311 W/SupplicantStaIfaceHal( 1194): ISupplicantVendor/ISupplicantVendorStaIface died: cookie=0
11-21 03:29:52.311 W/SupplicantStaIfaceHal( 1194): ISupplicantVendor/ISupplicantVendorStaIface died: cookie=0
11-21 03:29:52.312 D/LOWI-9.0.0.80( 1024): [LOWINetlinkSocketReceiver] unpackRTMLinkMessage: RTM_NEWLINK - ifname wlan0, flags 0x1003 ([UP])
11-21 03:29:52.312 D/LOWI-9.0.0.80( 1024): [LOWINetlinkSocketReceiver] processNetlinkPacket: ifname(wlan0) status(1)
11-21 03:29:52.312 D/LOWI-9.0.0.80( 1024): [LOWIController] intfStateReceived: ifname(wlan0) state(1)
11-21 03:29:52.312 D/LOWI-9.0.0.80( 1024): [LOWIEventReceiver] handleEvent:FROM:NA, TO:NA, REQ:NA, IREQ:NA, REQ_ID:0, RESP:NA, INFO:INTF-STATUS-UPDATE
11-21 03:29:52.312 D/LOWI-9.0.0.80( 1024): [LOWIEventReceiver] Info to [INTF-STATUS-UPDATE]
11-21 03:29:52.312 D/LOWI-9.0.0.80( 1024): [LOWIController] updateIntfState: WIFI enabled 1 mNlWifiStatus 1 mWifiStateEnabled 1
11-21 03:29:52.312 D/LOWI-9.0.0.80( 1024): [LOWIController] isWifiEnabled: mNlWifiStatus 1 mWifiStateEnabled 1
11-21 03:29:52.313 V/WifiHAL (  539): WifiVendorCommand 0xaad86b98 created vendor_id:0x1374 subcmd:38
11-21 03:29:52.313 V/WifiHAL (  539): event received NL80211_CMD_DISCONNECT
11-21 03:29:52.314 V/WifiHAL (  539): Got a Wi-Fi HAL module message from Driver
11-21 03:29:52.314 V/WifiHAL (  539): Supported feature set : 19d3d
11-21 03:29:52.314 V/WifiHAL (  539): Supported feature set acquired : 19d3d
11-21 03:29:52.314 V/WifiHAL (  539): WifiVendorCommand 0xa0792230 created vendor_id:0x1374 subcmd:76
11-21 03:29:52.314 V/WifiHAL (  539): create: mVendor_id = 4980, Subcmd = 76.
11-21 03:29:52.316 V/WifiHAL (  539): WifiVendorCommand 0xaad86cc8 created vendor_id:0x1374 subcmd:38
11-21 03:29:52.316 V/WifiHAL (  539): Got a Wi-Fi HAL module message from Driver
11-21 03:29:52.316 V/WifiHAL (  539): Supported feature set : 19d3d
11-21 03:29:52.317 V/WifiHAL (  539): Supported feature set acquired : 19d3d
11-21 03:29:52.317 V/WifiHAL (  539): WifiVendorCommand 0xa0792230 created vendor_id:0x1374 subcmd:76
11-21 03:29:52.317 V/WifiHAL (  539): create: mVendor_id = 4980, Subcmd = 76.
11-21 03:29:52.322 E/SupplicantStaIfaceHal( 1194): Can't call getWpaDriverFeatureSet, ISupplicantStaIface is null
11-21 03:29:52.322 I/WifiNative( 1194): Successfully switched to scan mode on iface=Iface:{Name=wlan0,Id=1,Type=STA_SCAN}
11-21 03:29:52.323 W/System.err( 2665): DEBUG: com.whatsapp.net.tls13.WtSocketWrapper.sendAlertAndShutdown(:86) : Sending Alert : type : WARNING description : close_notify(0) exception : 
11-21 03:29:52.324 W/System.err( 2665): ERROR: com.whatsapp.net.logging.WtLog.log$REDEX$HQcOuACUrr4(:4) : Encountered exception. Nothing much can be done here. com.whatsapp.net.alerts.WtAlertException
11-21 03:29:52.329 E/QMI_FW  ( 1113): qmi_cci_get_ref: ref count increased 2
11-21 03:29:52.329 E/QMI_FW  ( 1113): qmi_cci_get_ref: ref count increased 2
11-21 03:29:52.329 E/QMI_FW  ( 1113): qmi_cci_get_ref: ref count increased 2
11-21 03:29:52.339 I/WM-WorkerWrapper( 2351): Work [ id=731e9e35-e8c2-49b1-b246-986e05f06ab6, tags={ com.facebook.wearable.system.selfcare.sharing.StickerBundleDatabaseWorker } ] was cancelled
11-21 03:29:52.339 I/WM-WorkerWrapper( 2351): java.util.concurrent.CancellationException: Task was cancelled.
11-21 03:29:52.339 I/WM-WorkerWrapper( 2351): 	at androidx.work.impl.utils.futures.AbstractFuture.getDoneValue(:32)
11-21 03:29:52.339 I/WM-WorkerWrapper( 2351): 	at androidx.work.impl.utils.futures.AbstractFuture.get(:268435546)
11-21 03:29:52.339 I/WM-WorkerWrapper( 2351): 	at androidx.work.impl.WorkerWrapper$2.run(:3)
11-21 03:29:52.339 I/WM-WorkerWrapper( 2351): 	at androidx.work.impl.utils.SerialExecutor$Task.run(:2)
11-21 03:29:52.339 I/WM-WorkerWrapper( 2351): 	at java.util.concurrent.ThreadPoolExecutor.runWorker(ThreadPoolExecutor.java:1167)
11-21 03:29:52.339 I/WM-WorkerWrapper( 2351): 	at java.util.concurrent.ThreadPoolExecutor$Worker.run(ThreadPoolExecutor.java:641)
11-21 03:29:52.339 I/WM-WorkerWrapper( 2351): 	at java.lang.Thread.run(Thread.java:923)
11-21 03:29:52.340 E/StickerBundleDatabaseWorker( 2351): Failed to fetch sticker bundles:
11-21 03:29:52.340 E/StickerBundleDatabaseWorker( 2351): kotlinx.coroutines.JobCancellationException: Job was cancelled; job=JobImpl{Cancelling}@f13486c
11-21 03:29:52.342 I/wificond(  906): Fail RSSI polling because wifi is not associated.
11-21 03:29:52.343 E/WifiNl80211Manager( 1194): Invalid signal poll result from wificond
11-21 03:29:52.345 W/SupplicantStaIfaceHal( 1194): ISupplicant died: cookie=226
11-21 03:29:52.346 D/WifiClientModeManager1( 1194): entering ScanOnlyModeState
11-21 03:29:52.346 D/WifiScanRequestProxy( 1194): Sending scan available broadcast: true
11-21 03:29:52.346 I/WifiScanningService( 1194): Received a request to enable scanning, UID = 1000
11-21 03:29:52.346 I/WifiScanningService( 1194): scanner impls already exists
11-21 03:29:52.346 E/WifiScanningService( 1194): wifi driver loaded received while already loaded
11-21 03:29:52.348 D/WifiP2pService( 1194): Wifi enabled=false, P2P Interface availability=true
11-21 03:29:52.349 I/WifiScanRequestProxy( 1194): Scanning is enabled
11-21 03:29:52.349 I/WifiScanRequestProxy( 1194): Scanning for hidden networks is disabled
11-21 03:29:52.350 D/WakeupController( 1194): start()
11-21 03:29:52.350 D/WakeupController( 1194): Setting active to true
11-21 03:29:52.361 D/WakeupLock( 1194): Lock set. Number of networks: 1
11-21 03:29:52.363 D/WifiClientModeImpl( 1194): ClientModeImpl: Leaving Connected state
11-21 03:29:52.364 D/WifiCountryCode( 1194): updateCountryCode to US
11-21 03:29:52.366 E/SupplicantStaIfaceHal( 1194): Can't call setCountryCode, ISupplicantStaIface is null
11-21 03:29:52.366 D/WifiCountryCode( 1194): Failed to set country code to: US
11-21 03:29:52.378 E/SupplicantStaIfaceHal( 1194): Can't call listNetworks, ISupplicantStaIface is null
11-21 03:29:52.378 E/SupplicantStaIfaceHal( 1194): removeAllNetworks failed, got null networks
11-21 03:29:52.378 E/WifiClientModeImpl( 1194): Failed to remove networks on exiting connect mode
11-21 03:29:52.380 E/WakeupController( 1194): Unexpected setLastDisconnectInfo when WakeupController is active!
11-21 03:29:52.381 E/WifiVendorHal( 1194): stopRssiMonitoring(l.2106) failed {.code = ERROR_NOT_AVAILABLE, .description = }
11-21 03:29:52.381 E/SupplicantStaIfaceHal( 1194): Can't call setPowerSave, ISupplicantStaIface is null
11-21 03:29:52.381 E/SupplicantStaIfaceHal( 1194): Can't call setBtCoexistenceMode, ISupplicantStaIface is null
11-21 03:29:52.382 V/WifiClientModeImpl( 1194): stopIpClient IpClientWithPreConnection: false
11-21 03:29:52.382 V/WifiClientModeImpl( 1194): java.lang.Throwable
11-21 03:29:52.382 V/WifiClientModeImpl( 1194): 	at com.android.server.wifi.ClientModeImpl.stopIpClient(ClientModeImpl.java:1127)
11-21 03:29:52.382 V/WifiClientModeImpl( 1194): 	at com.android.server.wifi.ClientModeImpl.stopDhcpSetup(ClientModeImpl.java:1153)
11-21 03:29:52.382 V/WifiClientModeImpl( 1194): 	at com.android.server.wifi.ClientModeImpl.handleNetworkDisconnect(ClientModeImpl.java:2945)
11-21 03:29:52.382 V/WifiClientModeImpl( 1194): 	at com.android.server.wifi.ClientModeImpl.stopClientMode(ClientModeImpl.java:3889)
11-21 03:29:52.382 V/WifiClientModeImpl( 1194): 	at com.android.server.wifi.ClientModeImpl.access$4600(ClientModeImpl.java:176)
11-21 03:29:52.382 V/WifiClientModeImpl( 1194): 	at com.android.server.wifi.ClientModeImpl$ConnectModeState.exit(ClientModeImpl.java:4064)
11-21 03:29:52.382 V/WifiClientModeImpl( 1194): 	at com.android.wifi.x.com.android.internal.util.StateMachine$SmHandler.invokeExitMethods(StateMachine.java:1021)
11-21 03:29:52.382 V/WifiClientModeImpl( 1194): 	at com.android.wifi.x.com.android.internal.util.StateMachine$SmHandler.performTransitions(StateMachine.java:877)
11-21 03:29:52.382 V/WifiClientModeImpl( 1194): 	at com.android.wifi.x.com.android.internal.util.StateMachine$SmHandler.handleMessage(StateMachine.java:819)
11-21 03:29:52.382 V/WifiClientModeImpl( 1194): 	at android.os.Handler.dispatchMessage(Handler.java:106)
11-21 03:29:52.382 V/WifiClientModeImpl( 1194): 	at android.os.Looper.loop(Looper.java:223)
11-21 03:29:52.382 V/WifiClientModeImpl( 1194): 	at android.os.HandlerThread.run(HandlerThread.java:67)
11-21 03:29:52.384 D/DhcpClient( 1194): doQuit
11-21 03:29:52.385 D/ConnectivityService( 1194): [211 WIFI] EVENT_NETWORK_INFO_CHANGED, going from CONNECTED to DISCONNECTED
11-21 03:29:52.385 D/ConnectivityService( 1194): [211 WIFI] disconnected, was satisfying 26
11-21 03:29:52.386 D/WifiConnector( 2841): Network State Changed
11-21 03:29:52.386 D/QCNEJ/WlanStaInfoRelay( 1900): Received action: android.net.wifi.STATE_CHANGE
11-21 03:29:52.386 D/QCNEJ/WlanStaInfoRelay( 1900): reset CountryCodeRetriever
11-21 03:29:52.392 E/QMI_FW  (  927): qmi_cci_get_ref: ref count increased 2
11-21 03:29:52.393 E/QMI_FW  (  927): qmi_cci_get_ref: ref count increased 2
11-21 03:29:52.397 D/WifiDiags( 1194): stopLogging() iface list is {} after removing wlan0
11-21 03:29:52.399 E/QMI_FW  ( 1113): qmi_cci_get_ref: ref count increased 2
11-21 03:29:52.401 E/WifiVendorHal( 1194): resetLogHandler(l.1558) failed {.code = ERROR_NOT_AVAILABLE, .description = }
11-21 03:29:52.401 W/WifiDiags( 1194): Fail to reset log handler
11-21 03:29:52.414 D/WifiMemoryStoreImpl( 1194): Set cluster Gded792457511e862 for We4936d4057368143: SUCCESS
11-21 03:29:52.420 E/QMI_FW  ( 1113): qmi_cci_get_ref: ref count increased 2
11-21 03:29:52.433 E/QMI_FW  ( 1113): qmi_cci_get_ref: ref count increased 2
11-21 03:29:52.444 I/chatty  ( 1113): uid=1001(radio) main identical 6 lines
11-21 03:29:52.445 E/QMI_FW  ( 1113): qmi_cci_get_ref: ref count increased 2
11-21 03:29:52.447 E/QMI_FW  ( 1113): qmi_cci_get_ref: ref count increased 2
11-21 03:29:52.454 I/chatty  ( 1113): uid=1001(radio) main identical 6 lines
11-21 03:29:52.455 E/QMI_FW  ( 1113): qmi_cci_get_ref: ref count increased 2
11-21 03:29:52.467 I/GnssNetworkConnectivityHandler( 1194): Network connection lost. Available networks count: 1
11-21 03:29:52.468 I/GnssNetworkConnectivityHandler( 1194): updateNetworkState, state=CLOSED, connected=false, network=211, capabilities=[ Transports: WIFI Capabilities: NOT_METERED&INTERNET&NOT_RESTRICTED&TRUSTED&NOT_VPN&VALIDATED&NOT_ROAMING&FOREGROUND&NOT_CONGESTED&NOT_SUSPENDED LinkUpBandwidth>=67000Kbps LinkDnBandwidth>=67000Kbps SignalStrength: -35 OwnerUid: 1000 AdministratorUids: [] SSID: "MTBF_Lab" RequestorUid: -1 RequestorPackageName: null], apn: , availableNetworkCount: 1
11-21 03:29:52.469 W/LocSvc_LocIpc(  523): send:66] failed reason: No such file or directory
11-21 03:29:52.484 D/QCNEJ/WlanStaInfoRelay( 1900): network lost: 211
11-21 03:29:52.488 I/Nat464Xlat( 1194): Android Xlat is disabled
11-21 03:29:52.490 D/QCNEJ/WlanStaInfoRelay( 1900): onLost: unbind the process to WIFI
11-21 03:29:52.493 D/QCNEJ/DefaultNetworkInfoRelay( 1900): Default network lost: 211
11-21 03:29:52.488 I/Nat464Xlat( 1194): Android Xlat is disabled
11-21 03:29:52.500 D/ConnectivityService( 1194): Sending DISCONNECTED broadcast for type 1 [211 WIFI] isDefaultNetwork=true
11-21 03:29:52.500 D/DhcpClient( 1194): DHCP Packet Handler stopped
11-21 03:29:52.501 D/DhcpClient( 1194): onQuitting
11-21 03:29:52.502 D/ConnectivityService( 1194): NetReassign [8 : null → 100, 20 : null → 100, 46 : null → 100, 2784 : null → 100, 12 : null → 100, 22 : null → 100, 16 : null → 100, 1990 : null → 100, 14 : null → 100, 50 : null → 100, 18 : null → 100, 11 : null → 100, 2773 : null → 100, 1 : null → 100, 17 : null → 100]
11-21 03:29:52.524 D/DeviceAuthService( 3525): Network lost
11-21 03:29:52.546 W/HWComposer(  577): Ignoring duplicate VSYNC event from HWC for display 0 (t=128536707342580)
11-21 03:29:52.551 E/NetlinkEvent(  459): NetlinkEvent::FindParam(): Parameter 'INTERFACE' not found
11-21 03:29:52.551 E/NetlinkEvent(  459): NetlinkEvent::FindParam(): Parameter 'STATE' not found
11-21 03:29:52.551 E/NetlinkEvent(  459): NetlinkEvent::FindParam(): Parameter 'TIME_NS' not found
11-21 03:29:52.551 E/NetlinkEvent(  459): NetlinkEvent::FindParam(): Parameter 'UID' not found
11-21 03:29:52.558 D/ConnectivityService( 1194): Switching to new default network: NetworkAgentInfo{ ni{[type: MOBILE[LTE], state: CONNECTED/CONNECTED, reason: (unspecified), extra: nxtgenphone, failover: false, available: true, roaming: false]}  network{100}  nethandle{432902426637}  lp{{InterfaceName: rmnet_data2 LinkAddresses: [ 10.129.103.196/29,2600:380:c119:24f:b89a:9f3c:46c1:95af/64 ] DnsAddresses: [ /172.26.38.1,/fc00:a:a::300 ] Domains: null MTU: 1430 TcpBufferSizes: 2097152,4194304,8388608,262144,524288,1048576 Routes: [ 0.0.0.0/0 -> 10.129.103.197 rmnet_data2 mtu 1430,::/0 -> fe80::b45f:41f1:1846:969d rmnet_data2 mtu 1430,10.129.103.192/29 -> 0.0.0.0 rmnet_data2 mtu 0,2600:380:c119:24f::/64 -> :: rmnet_data2 mtu 0 ]}}  nc{[ Transports: CELLULAR Capabilities: MMS&SUPL&FOTA&INTERNET&NOT_RESTRICTED&TRUSTED&NOT_VPN&VALIDATED&NOT_ROAMING&NOT_CONGESTED&NOT_SUSPENDED LinkUpBandwidth>=15000Kbps LinkDnBandwidth>=30000Kbps Specifier: <TelephonyNetworkSpecifier [mSubId = 1]> AdministratorUids: [] RequestorUid: -1 RequestorPackageName: null]}  Score{50}  everValidated{true}  lastValidated{true}  created{true} lingering{false} explicitlySelected{false} acceptUnvalidated{false} everCaptivePortalDetected{false} lastCaptivePortalDetected{false} partialConnectivity{false} acceptPartialConnectivity{false} clat{mBaseIface: null, mIface: null, mState: IDLE} }
11-21 03:29:52.581 D/WifiMemoryStoreImpl( 1194): Set cluster Gded792457511e862 for Wded792457511e862: SUCCESS
11-21 03:29:52.587 D/CompatibilityInfo( 1194): mCompatibilityFlags - 4
11-21 03:29:52.587 D/CompatibilityInfo( 1194): applicationDensity - 320
11-21 03:29:52.587 D/CompatibilityInfo( 1194): applicationScale - 1.0
11-21 03:29:52.596 E/WifiNative( 1194): Could not get Iface object for interface null
11-21 03:29:52.596 D/WifiNetworkAgent( 1194): NetworkAgent: NetworkAgent channel lost
11-21 03:29:52.692 E/WifiNative( 1194): Could not get Iface object for interface null
11-21 03:29:52.711 D/QCNEJ/DefaultNetworkInfoRelay( 1900): Default network available: 100
11-21 03:29:52.720 D/QCNEJ/NativeHalConnector( 1900): -> SND notifyDefaultNetworkChanged(0)
11-21 03:29:52.722 V/LigerRadioStatsReporter( 2384): onCapabilitiesChanged: Network capabilities changed
11-21 03:29:52.722 V/LigerRadioStatsReporter( 2384): reportAndCheckpointRadioStats
11-21 03:29:52.723 V/LigerRadioStatsReporter( 2384): +++++++++++ RADIO STATS DUMP +++++++++++
11-21 03:29:52.723 V/LigerRadioStatsReporter( 2384): totalActiveRadioTimeMs=0
11-21 03:29:52.723 V/LigerRadioStatsReporter( 2384): totalTailRadioTimeMs=13993
11-21 03:29:52.723 V/LigerRadioStatsReporter( 2384): totalWakeupCount=0
11-21 03:29:52.724 V/LigerRadioStatsReporter( 2384): httpUpBytes=0
11-21 03:29:52.724 V/LigerRadioStatsReporter( 2384): httpDownBytes=0
11-21 03:29:52.724 V/LigerRadioStatsReporter( 2384): httpWakeupCount=0
11-21 03:29:52.724 V/LigerRadioStatsReporter( 2384): httpRequestCount=0
11-21 03:29:52.724 V/LigerRadioStatsReporter( 2384): httpActiveRadioTimeMs=0
11-21 03:29:52.724 V/LigerRadioStatsReporter( 2384): httpTailRadioTimeMs=13993
11-21 03:29:52.724 V/LigerRadioStatsReporter( 2384): reportAndCheckpointRadioStats: Tx=0
11-21 03:29:52.724 V/LigerRadioStatsReporter( 2384): reportAndCheckpointRadioStats: Rx=0
11-21 03:29:52.724 V/LigerRadioStatsReporter( 2384): reportAndCheckpointRadioStats: Uids=10028
11-21 03:29:52.724 V/LigerRadioStatsReporter( 2384): reportAndCheckpointRadioStats: Tags=null
11-21 03:29:52.727 D/NetworkTimeUpdateService( 1194): New default network 100; checking time.
11-21 03:29:52.730 D/DeviceAuthService( 3525): Network connected
11-21 03:29:52.730 D/DeviceAuthService( 3525): fetchAuthTokenWrapper called
11-21 03:29:52.752 E/QMI_FW  (  927): qmi_cci_get_ref: ref count increased 2
