11-19 17:12:23.568 D/ConnectivityService( 1196): Switching to new default network: NetworkAgentInfo{ ni{[type: MOBILE[LTE], state: CONNECTED/CONNECTED, reason: (unspecified), extra: nxtgenphone, failover: false, available: true, roaming: false]}  network{101}  nethandle{437197393933}  lp{{InterfaceName: rmnet_data2 LinkAddresses: [ 10.33.46.96/26,2600:380:c011:8926:dc33:f6e0:ed57:ed5a/64 ] DnsAddresses: [ /172.26.38.1,/fc00:a:a::300 ] Domains: null MTU: 1430 TcpBufferSizes: 2097152,4194304,8388608,262144,524288,1048576 Routes: [ 0.0.0.0/0 -> 10.33.46.97 rmnet_data2 mtu 1430,::/0 -> fe80::9861:291c:876f:a4e3 rmnet_data2 mtu 1430,10.33.46.64/26 -> 0.0.0.0 rmnet_data2 mtu 0,2600:380:c011:8926::/64 -> :: rmnet_data2 mtu 0 ]}}  nc{[ Transports: CELLULAR Capabilities: MMS&SUPL&FOTA&INTERNET&NOT_RESTRICTED&TRUSTED&NOT_VPN&VALIDATED&NOT_ROAMING&FOREGROUND&NOT_CONGESTED&NOT_SUSPENDED LinkUpBandwidth>=15000Kbps LinkDnBandwidth>=30000Kbps Specifier: <TelephonyNetworkSpecifier [mSubId = 1]> AdministratorUids: [] RequestorUid: -1 RequestorPackageName: null]}  Score{50}  everValidated{true}  lastValidated{true}  created{true} lingering{true} explicitlySelected{false} acceptUnvalidated{false} everCaptivePortalDetected{false} lastCaptivePortalDetected{false} partialConnectivity{false} acceptPartialConnectivity{false} clat{mBaseIface: null, mIface: null, mState: IDLE} }
11-19 17:12:23.597 I/DropBoxManagerService( 1196): add tag=system_app_wtf isTagEnabled=true flags=0x2
11-19 17:12:23.707 D/ConnectivityService( 1196): Unlingering [101 CELLULAR]
11-19 17:12:23.707 D/ConnectivityService( 1196): Sending CONNECTED broadcast for type 0 [101 CELLULAR] isDefaultNetwork=true
11-19 17:12:24.015 I/DropBoxManagerService( 1196): add tag=system_app_wtf_multipart isTagEnabled=true flags=0x0
11-19 17:12:27.603 D/AutofillManagerService( 1196): onBackKeyPressed()
11-19 17:12:28.084 D/commandrouter( 1123): rtc_sync (1, rtc:sync): <ServiceRequest> FORWARDED (remote -> local) service client ID = 0, token ID = 33261
11-19 17:12:28.085 D/commandrouter( 1123): SocServiceHandle::onServiceMessage, SoC Service = rtc_sync, appType = 1, type = SVC_RESP, clientId = 0, token = 33261, payloadLen = 8, result = 0, payload.size() = 8
11-19 17:12:28.144 D/AutofillManagerService( 1196): onBackKeyPressed()
11-19 17:12:30.631 I/chatty  ( 1196): uid=1000(system) android.ui identical 3 lines
11-19 17:12:31.628 D/AutofillManagerService( 1196): onBackKeyPressed()
11-19 17:12:32.160 E/TaskPersister( 1196): File error accessing recents directory (directory doesn't exist?).
11-19 17:12:32.629 D/AutofillManagerService( 1196): onBackKeyPressed()
11-19 17:12:33.116 D/commandrouter( 1123): SocServiceHandle::onServiceMessage, SoC Service = mcu_healthcheck_1127, appType = 1, type = SVC_REQ, clientId = 0, token = 164, payloadLen = 12, result = 0, payload.size() = 12
11-19 17:12:33.119 D/commandrouter( 1123): mcu_healthcheck_1127 (1, merlot:mcu_health:control): <ServiceResponse> FORWARDED (remote -> local) CR token ID = 164, service client ID = 40, token ID = 501, result = 0
11-19 17:12:33.119 D/mculinkhealth( 1127): isMcuReachable 1 (4 ms)
11-19 17:12:33.626 D/AutofillManagerService( 1196): onBackKeyPressed()
11-19 17:12:34.144 W/ActivityManager( 1196): Invalid packageName: com.facebook.wearable.system.settings/com.facebook.wearable.system.settings.SettingsActivity
11-19 17:12:34.276 I/ActivityTaskManager( 1196): START u0 {flg=0x10000000 cmp=com.facebook.wearable.system.settings/.SettingsActivity} from uid 0
11-19 17:12:34.295 I/ActivityTaskManager( 1196): The Process com.facebook.wearable.system.settings Already Exists in BG. So sending its PID: 2711
11-19 17:12:34.295 W/ActivityTaskManager( 1196): Tried to set launchTime (0) < mLastActivityLaunchTime (4965643)
11-19 17:12:38.078 D/commandrouter( 1123): rtc_sync (1, rtc:sync): <ServiceRequest> FORWARDED (remote -> local) service client ID = 0, token ID = 33262
11-19 17:12:38.078 D/commandrouter( 1123): SocServiceHandle::onServiceMessage, SoC Service = rtc_sync, appType = 1, type = SVC_RESP, clientId = 0, token = 33262, payloadLen = 8, result = 0, payload.size() = 8
11-19 17:12:38.401 E/TaskPersister( 1196): File error accessing recents directory (directory doesn't exist?).
11-19 17:12:40.301 W/ContextImpl( 1196): Calling a method in the system process without a qualified user: android.app.ContextImpl.sendBroadcastMultiplePermissions:1143 android.content.Context.sendBroadcastWithMultiplePermissions:2150 com.android.server.display.WifiDisplayAdapter.handleSendStatusChangeBroadcast:440 com.android.server.display.WifiDisplayAdapter.access$1700:63 com.android.server.display.WifiDisplayAdapter$WifiDisplayHandler.handleMessage:675 
11-19 17:12:41.291 W/ContextImpl( 1196): Calling a method in the system process without a qualified user: android.app.ContextImpl.sendBroadcastMultiplePermissions:1143 android.content.Context.sendBroadcastWithMultiplePermissions:2150 com.android.server.wifi.p2p.WifiP2pServiceImpl$P2pStateMachine.sendBroadcastMultiplePermissions:3209 com.android.server.wifi.p2p.WifiP2pServiceImpl$P2pStateMachine.sendP2pConnectionChangedBroadcast:3236 com.android.server.wifi.p2p.WifiP2pServiceImpl$P2pStateMachine.access$5100:768 
11-19 17:12:41.292 W/BroadcastQueue( 1196): Permission Denial: receiving Intent { act=android.net.wifi.p2p.CONNECTION_STATE_CHANGE flg=0x24000010 (has extras) } to ProcessRecord{2e9d247 1887:.qtidataservices/u0a89} (pid=1887, uid=10089) requires android.permission.ACCESS_FINE_LOCATION due to sender android (uid 1000)
11-19 17:12:41.298 W/ContextImpl( 1196): Calling a method in the system process without a qualified user: android.app.ContextImpl.sendBroadcastMultiplePermissions:1143 android.content.Context.sendBroadcastWithMultiplePermissions:2150 com.android.server.wifi.p2p.WifiP2pServiceImpl$P2pStateMachine.sendBroadcastMultiplePermissions:3209 com.android.server.wifi.p2p.WifiP2pServiceImpl$P2pStateMachine.sendThisDeviceChangedBroadcast:3218 com.android.server.wifi.p2p.WifiP2pServiceImpl$P2pStateMachine.updateThisDevice:3962 
11-19 17:12:41.319 W/wificond(  872): Scan is not started. Ignore abort request
11-19 17:12:41.733 D/ConnectivityService( 1196): registerNetworkAgent NetworkAgentInfo{ ni{[type: WIFI[], state: UNKNOWN/IDLE, reason: (unspecified), extra: , failover: false, available: true, roaming: false]}  network{109}  nethandle{471557132301}  lp{{InterfaceName: wlan0 LinkAddresses: [ ] DnsAddresses: [ ] Domains: null MTU: 0 Routes: [ ]}}  nc{[ Transports: WIFI Capabilities: NOT_METERED&INTERNET&NOT_RESTRICTED&TRUSTED&NOT_VPN&NOT_ROAMING&FOREGROUND&NOT_CONGESTED&NOT_SUSPENDED LinkUpBandwidth>=72000Kbps LinkDnBandwidth>=72000Kbps OwnerUid: 1000 SSID: "MTBF_Lab" RequestorUid: -1 RequestorPackageName: null]}  Score{20}  everValidated{false}  lastValidated{false}  created{false} lingering{false} explicitlySelected{false} acceptUnvalidated{false} everCaptivePortalDetected{false} lastCaptivePortalDetected{false} partialConnectivity{false} acceptPartialConnectivity{false} clat{mBaseIface: null, mIface: null, mState: IDLE} }
11-19 17:12:41.749 D/ConnectivityService( 1196): [109 WIFI] EVENT_NETWORK_INFO_CHANGED, going from UNKNOWN to UNKNOWN
11-19 17:12:41.918 D/ConnectivityService( 1196): NetReassign [no changes]
11-19 17:12:41.951 I/Nat464Xlat( 1196): Android Xlat is disabled
11-19 17:12:41.954 I/Nat464Xlat( 1196): Android Xlat is disabled
11-19 17:12:42.064 E/ConnectivityService( 1196): Exception in networkAddRouteParcel for non-gateway: android.os.ServiceSpecificException: Machine is not on the network (code 64)
11-19 17:12:42.067 E/ConnectivityService( 1196): Exception in networkAddRouteParcel for gateway: android.os.ServiceSpecificException: Machine is not on the network (code 64)
11-19 17:12:42.067 I/Nat464Xlat( 1196): Android Xlat is disabled
11-19 17:12:42.068 I/Nat464Xlat( 1196): Android Xlat is disabled
11-19 17:12:42.129 D/ConnectivityService( 1196): Setting DNS servers for network 109 to [/192.168.1.1]
11-19 17:12:42.138 I/Nat464Xlat( 1196): Android Xlat is disabled
11-19 17:12:42.138 I/Nat464Xlat( 1196): Android Xlat is disabled
11-19 17:12:42.214 D/ConnectivityService( 1196): [109 WIFI] EVENT_NETWORK_INFO_CHANGED, going from UNKNOWN to CONNECTED
11-19 17:12:42.216 D/DnsManager( 1196): sendDnsConfigurationForNetwork(109, [192.168.1.1], [], 1800, 25, 8, 64, 0, 0, , [])
11-19 17:12:42.225 W/DnsManager( 1196): updatePrivateDns(109, PrivateDnsConfig{true:/[]})
11-19 17:12:42.225 D/ConnectivityService( 1196): Setting DNS servers for network 109 to [/192.168.1.1]
11-19 17:12:42.228 D/DnsManager( 1196): sendDnsConfigurationForNetwork(109, [192.168.1.1], [], 1800, 25, 8, 64, 0, 0, , [192.168.1.1])
11-19 17:12:42.229 D/ConnectivityService( 1196): Adding iface wlan0 to network 109
11-19 17:12:42.272 D/ConnectivityService( 1196): Setting DNS servers for network 109 to [/192.168.1.1]
11-19 17:12:42.272 D/DnsManager( 1196): sendDnsConfigurationForNetwork(109, [192.168.1.1], [], 1800, 25, 8, 64, 0, 0, , [192.168.1.1])
11-19 17:12:42.274 I/Nat464Xlat( 1196): Android Xlat is disabled
11-19 17:12:42.274 I/Nat464Xlat( 1196): Android Xlat is disabled
11-19 17:12:42.322 D/ConnectivityService( 1196): NetReassign [no changes]
11-19 17:12:42.497 D/ConnectivityService( 1196): [109 WIFI] validation passed
11-19 17:12:42.497 D/ConnectivityService( 1196): NetReassign [11 : 101 → 109, 16 : 101 → 109, 66 : 101 → 109, 46 : 101 → 109, 68 : 101 → 109, 1 : 101 → 109, 63 : 101 → 109, 25 : 101 → 109, 32 : 101 → 109, 8 : 101 → 109, 17 : 101 → 109, 12 : 101 → 109, 22 : 101 → 109, 14 : 101 → 109, 67 : 101 → 109, 77 : 101 → 109]
11-19 17:12:42.502 E/NetlinkEvent(  458): NetlinkEvent::FindParam(): Parameter 'INTERFACE' not found
11-19 17:12:42.502 E/NetlinkEvent(  458): NetlinkEvent::FindParam(): Parameter 'STATE' not found
11-19 17:12:42.502 E/NetlinkEvent(  458): NetlinkEvent::FindParam(): Parameter 'TIME_NS' not found
11-19 17:12:42.502 E/NetlinkEvent(  458): NetlinkEvent::FindParam(): Parameter 'UID' not found
11-19 17:12:42.515 D/ConnectivityService( 1196): Switching to new default network: NetworkAgentInfo{ ni{[type: WIFI[], state: CONNECTED/CONNECTED, reason: (unspecified), extra: , failover: false, available: true, roaming: false]}  network{109}  nethandle{471557132301}  lp{{InterfaceName: wlan0 LinkAddresses: [ 192.168.1.40/24 ] DnsAddresses: [ /192.168.1.1 ] Domains: null MTU: 0 ServerAddress: /192.168.1.1 TcpBufferSizes: 524288,1048576,2097152,262144,524288,1048576 Routes: [ fe80::/64 -> :: wlan0 mtu 0,192.168.1.0/24 -> 0.0.0.0 wlan0 mtu 0,0.0.0.0/0 -> 192.168.1.1 wlan0 mtu 0 ]}}  nc{[ Transports: WIFI Capabilities: NOT_METERED&INTERNET&NOT_RESTRICTED&TRUSTED&NOT_VPN&VALIDATED&NOT_ROAMING&FOREGROUND&NOT_CONGESTED&NOT_SUSPENDED LinkUpBandwidth>=65000Kbps LinkDnBandwidth>=65000Kbps SignalStrength: -37 OwnerUid: 1000 SSID: "MTBF_Lab" RequestorUid: -1 RequestorPackageName: null]}  Score{60}  everValidated{true}  lastValidated{true}  created{true} lingering{false} explicitlySelected{false} acceptUnvalidated{false} everCaptivePortalDetected{false} lastCaptivePortalDetected{false} partialConnectivity{false} acceptPartialConnectivity{false} clat{mBaseIface: null, mIface: null, mState: IDLE} }
11-19 17:12:42.635 D/ConnectivityService( 1196): Lingering [101 CELLULAR] for 30000ms
11-19 17:12:42.637 D/ConnectivityService( 1196): Sending DISCONNECTED broadcast for type 0 [101 CELLULAR] isDefaultNetwork=true
11-19 17:12:42.639 D/ConnectivityService( 1196): Sending CONNECTED broadcast for type 1 [109 WIFI] isDefaultNetwork=true
11-19 17:12:42.693 D/ConnectivityService( 1196): Setting DNS servers for network 109 to [/192.168.1.1]
11-19 17:12:42.695 D/DnsManager( 1196): sendDnsConfigurationForNetwork(109, [192.168.1.1], [], 1800, 25, 8, 64, 0, 0, , [192.168.1.1])
11-19 17:12:43.166 I/Nat464Xlat( 1196): Android Xlat is disabled
11-19 17:12:43.167 I/Nat464Xlat( 1196): Android Xlat is disabled
11-19 17:12:48.070 D/commandrouter( 1123): rtc_sync (1, rtc:sync): <ServiceRequest> FORWARDED (remote -> local) service client ID = 0, token ID = 33263
11-19 17:12:48.070 D/commandrouter( 1123): SocServiceHandle::onServiceMessage, SoC Service = rtc_sync, appType = 1, type = SVC_RESP, clientId = 0, token = 33263, payloadLen = 8, result = 0, payload.size() = 8
11-19 17:12:58.067 D/commandrouter( 1123): rtc_sync (1, rtc:sync): <ServiceRequest> FORWARDED (remote -> local) service client ID = 0, token ID = 33264
11-19 17:12:58.068 D/commandrouter( 1123): SocServiceHandle::onServiceMessage, SoC Service = rtc_sync, appType = 1, type = SVC_RESP, clientId = 0, token = 33264, payloadLen = 8, result = 0, payload.size() = 8
11-19 17:13:01.142 D/commandrouter( 1123): SocServiceHandle::onServiceMessage, SoC Service = mcu_healthcheck_933, appType = 1, type = SVC_REQ, clientId = 0, token = 82, payloadLen = 20, result = 0, payload.size() = 20
11-19 17:13:01.146 D/commandrouter( 1123): mcu_healthcheck_933 (1, merlot:mcu_health:control): <ServiceResponse> FORWARDED (remote -> local) CR token ID = 82, service client ID = 5, token ID = 502, result = 0
11-19 17:13:01.682 D/AutofillManagerService( 1196): onBackKeyPressed()
11-19 17:13:02.218 I/chatty  ( 1196): uid=1000(system) android.ui identical 1 line
11-19 17:13:02.741 D/AutofillManagerService( 1196): onBackKeyPressed()
11-19 17:13:03.120 D/commandrouter( 1123): SocServiceHandle::onServiceMessage, SoC Service = mcu_healthcheck_1127, appType = 1, type = SVC_REQ, clientId = 0, token = 165, payloadLen = 12, result = 0, payload.size() = 12
11-19 17:13:03.123 D/commandrouter( 1123): mcu_healthcheck_1127 (1, merlot:mcu_health:control): <ServiceResponse> FORWARDED (remote -> local) CR token ID = 165, service client ID = 40, token ID = 503, result = 0
11-19 17:13:03.123 D/mculinkhealth( 1127): isMcuReachable 1 (3 ms)
11-19 17:13:03.999 D/AutofillManagerService( 1196): onBackKeyPressed()
11-19 17:13:04.187 W/ActivityManager( 1196): Invalid packageName: com.facebook.wearable.system.settings/com.facebook.wearable.system.settings.SettingsActivity
11-19 17:13:04.279 I/ActivityTaskManager( 1196): START u0 {flg=0x10000000 cmp=com.facebook.wearable.system.settings/.SettingsActivity} from uid 0
11-19 17:13:04.296 I/ActivityTaskManager( 1196): The Process com.facebook.wearable.system.settings Already Exists in BG. So sending its PID: 2711
11-19 17:13:04.297 W/ActivityTaskManager( 1196): Tried to set launchTime (0) < mLastActivityLaunchTime (4984656)
11-19 17:13:07.321 E/TaskPersister( 1196): File error accessing recents directory (directory doesn't exist?).
11-19 17:13:08.061 D/commandrouter( 1123): rtc_sync (1, rtc:sync): <ServiceRequest> FORWARDED (remote -> local) service client ID = 0, token ID = 33265
11-19 17:13:08.061 D/commandrouter( 1123): SocServiceHandle::onServiceMessage, SoC Service = rtc_sync, appType = 1, type = SVC_RESP, clientId = 0, token = 33265, payloadLen = 8, result = 0, payload.size() = 8
11-19 17:13:11.955 W/ContextImpl( 1196): Calling a method in the system process without a qualified user: android.app.ContextImpl.sendBroadcastMultiplePermissions:1143 android.content.Context.sendBroadcastWithMultiplePermissions:2150 com.android.server.display.WifiDisplayAdapter.handleSendStatusChangeBroadcast:440 com.android.server.display.WifiDisplayAdapter.access$1700:63 com.android.server.display.WifiDisplayAdapter$WifiDisplayHandler.handleMessage:675 
11-19 17:13:12.408 D/ConnectivityService( 1196): [109 WIFI] EVENT_NETWORK_INFO_CHANGED, going from CONNECTED to DISCONNECTED
11-19 17:13:12.408 D/ConnectivityService( 1196): [109 WIFI] disconnected, was satisfying 27
11-19 17:13:12.492 I/Nat464Xlat( 1196): Android Xlat is disabled
11-19 17:13:12.492 I/Nat464Xlat( 1196): Android Xlat is disabled
11-19 17:13:12.522 D/ConnectivityService( 1196): Sending DISCONNECTED broadcast for type 1 [109 WIFI] isDefaultNetwork=true
11-19 17:13:12.527 D/ConnectivityService( 1196): NetReassign [11 : null → 101, 16 : null → 101, 66 : null → 101, 46 : null → 101, 68 : null → 101, 1 : null → 101, 63 : null → 101, 25 : null → 101, 32 : null → 101, 8 : null → 101, 17 : null → 101, 12 : null → 101, 22 : null → 101, 14 : null → 101, 67 : null → 101, 77 : null → 101]
11-19 17:13:12.535 E/NetlinkEvent(  458): NetlinkEvent::FindParam(): Parameter 'INTERFACE' not found
11-19 17:13:12.535 E/NetlinkEvent(  458): NetlinkEvent::FindParam(): Parameter 'STATE' not found
11-19 17:13:12.535 E/NetlinkEvent(  458): NetlinkEvent::FindParam(): Parameter 'TIME_NS' not found
11-19 17:13:12.535 E/NetlinkEvent(  458): NetlinkEvent::FindParam(): Parameter 'UID' not found
11-19 17:13:12.552 D/ConnectivityService( 1196): Switching to new default network: NetworkAgentInfo{ ni{[type: MOBILE[LTE], state: CONNECTED/CONNECTED, reason: (unspecified), extra: nxtgenphone, failover: false, available: true, roaming: false]}  network{101}  nethandle{437197393933}  lp{{InterfaceName: rmnet_data2 LinkAddresses: [ 10.33.46.96/26,2600:380:c011:8926:dc33:f6e0:ed57:ed5a/64 ] DnsAddresses: [ /172.26.38.1,/fc00:a:a::300 ] Domains: null MTU: 1430 TcpBufferSizes: 2097152,4194304,8388608,262144,524288,1048576 Routes: [ 0.0.0.0/0 -> 10.33.46.97 rmnet_data2 mtu 1430,::/0 -> fe80::9861:291c:876f:a4e3 rmnet_data2 mtu 1430,10.33.46.64/26 -> 0.0.0.0 rmnet_data2 mtu 0,2600:380:c011:8926::/64 -> :: rmnet_data2 mtu 0 ]}}  nc{[ Transports: CELLULAR Capabilities: MMS&SUPL&FOTA&INTERNET&NOT_RESTRICTED&TRUSTED&NOT_VPN&VALIDATED&NOT_ROAMING&FOREGROUND&NOT_CONGESTED&NOT_SUSPENDED LinkUpBandwidth>=15000Kbps LinkDnBandwidth>=30000Kbps Specifier: <TelephonyNetworkSpecifier [mSubId = 1]> AdministratorUids: [] RequestorUid: -1 RequestorPackageName: null]}  Score{50}  everValidated{true}  lastValidated{true}  created{true} lingering{true} explicitlySelected{false} acceptUnvalidated{false} everCaptivePortalDetected{false} lastCaptivePortalDetected{false} partialConnectivity{false} acceptPartialConnectivity{false} clat{mBaseIface: null, mIface: null, mState: IDLE} }
11-19 17:13:12.727 D/ConnectivityService( 1196): Unlingering [101 CELLULAR]
11-19 17:13:12.727 D/ConnectivityService( 1196): Sending CONNECTED broadcast for type 0 [101 CELLULAR] isDefaultNetwork=true
11-19 17:13:13.838 D/AnalyticsLogger( 1196): sent events: 12
11-19 17:13:16.889 D/AutofillManagerService( 1196): onBackKeyPressed()
11-19 17:13:17.413 I/chatty  ( 1196): uid=1000(system) android.ui identical 1 line
11-19 17:13:17.937 D/AutofillManagerService( 1196): onBackKeyPressed()
11-19 17:13:18.055 D/commandrouter( 1123): rtc_sync (1, rtc:sync): <ServiceRequest> FORWARDED (remote -> local) service client ID = 0, token ID = 33266
11-19 17:13:18.055 D/commandrouter( 1123): SocServiceHandle::onServiceMessage, SoC Service = rtc_sync, appType = 1, type = SVC_RESP, clientId = 0, token = 33266, payloadLen = 8, result = 0, payload.size() = 8
11-19 17:13:19.629 D/AutofillManagerService( 1196): onBackKeyPressed()
11-19 17:13:20.400 D/AppStorageManager( 1196): BEFORE:: Previous Size: 1060921344 Current Size: 1061572608
11-19 17:13:20.400 D/AppStorageManager( 1196): AFTER:: Previous Size: 1061572608 Current Size: 1061572608
11-19 17:13:20.626 D/AutofillManagerService( 1196): onBackKeyPressed()
11-19 17:13:21.423 E/TaskPersister( 1196): File error accessing recents directory (directory doesn't exist?).
11-19 17:13:21.630 D/AutofillManagerService( 1196): onBackKeyPressed()
11-19 17:13:22.626 I/chatty  ( 1196): uid=1000(system) android.ui identical 1 line
11-19 17:13:23.625 D/AutofillManagerService( 1196): onBackKeyPressed()
11-19 17:13:24.154 W/ActivityManager( 1196): Invalid packageName: com.facebook.wearable.system.settings/com.facebook.wearable.system.settings.SettingsActivity
11-19 17:13:24.278 I/ActivityTaskManager( 1196): START u0 {flg=0x10000000 cmp=com.facebook.wearable.system.settings/.SettingsActivity} from uid 0
11-19 17:13:24.298 I/ActivityTaskManager( 1196): The Process com.facebook.wearable.system.settings Already Exists in BG. So sending its PID: 2711
11-19 17:13:24.299 W/ActivityTaskManager( 1196): Tried to set launchTime (0) < mLastActivityLaunchTime (5014657)
11-19 17:13:28.055 D/commandrouter( 1123): rtc_sync (1, rtc:sync): <ServiceRequest> FORWARDED (remote -> local) service client ID = 0, token ID = 33267
11-19 17:13:28.056 D/commandrouter( 1123): SocServiceHandle::onServiceMessage, SoC Service = rtc_sync, appType = 1, type = SVC_RESP, clientId = 0, token = 33267, payloadLen = 8, result = 0, payload.size() = 8
11-19 17:13:28.429 E/TaskPersister( 1196): File error accessing recents directory (directory doesn't exist?).
11-19 17:13:30.282 W/ContextImpl( 1196): Calling a method in the system process without a qualified user: android.app.ContextImpl.sendBroadcastMultiplePermissions:1143 android.content.Context.sendBroadcastWithMultiplePermissions:2150 com.android.server.display.WifiDisplayAdapter.handleSendStatusChangeBroadcast:440 com.android.server.display.WifiDisplayAdapter.access$1700:63 com.android.server.display.WifiDisplayAdapter$WifiDisplayHandler.handleMessage:675 
11-19 17:13:31.329 W/ContextImpl( 1196): Calling a method in the system process without a qualified user: android.app.ContextImpl.sendBroadcastMultiplePermissions:1143 android.content.Context.sendBroadcastWithMultiplePermissions:2150 com.android.server.wifi.p2p.WifiP2pServiceImpl$P2pStateMachine.sendBroadcastMultiplePermissions:3209 com.android.server.wifi.p2p.WifiP2pServiceImpl$P2pStateMachine.sendP2pConnectionChangedBroadcast:3236 com.android.server.wifi.p2p.WifiP2pServiceImpl$P2pStateMachine.access$5100:768 
11-19 17:13:31.330 W/BroadcastQueue( 1196): Permission Denial: receiving Intent { act=android.net.wifi.p2p.CONNECTION_STATE_CHANGE flg=0x24000010 (has extras) } to ProcessRecord{2e9d247 1887:.qtidataservices/u0a89} (pid=1887, uid=10089) requires android.permission.ACCESS_FINE_LOCATION due to sender android (uid 1000)
11-19 17:13:31.338 W/wificond(  872): Scan is not started. Ignore abort request
11-19 17:13:31.473 W/ContextImpl( 1196): Calling a method in the system process without a qualified user: android.app.ContextImpl.sendBroadcastMultiplePermissions:1143 android.content.Context.sendBroadcastWithMultiplePermissions:2150 com.android.server.wifi.p2p.WifiP2pServiceImpl$P2pStateMachine.sendBroadcastMultiplePermissions:3209 com.android.server.wifi.p2p.WifiP2pServiceImpl$P2pStateMachine.sendThisDeviceChangedBroadcast:3218 com.android.server.wifi.p2p.WifiP2pServiceImpl$P2pStateMachine.updateThisDevice:3962 
11-19 17:13:32.807 D/ConnectivityService( 1196): registerNetworkAgent NetworkAgentInfo{ ni{[type: WIFI[], state: UNKNOWN/IDLE, reason: (unspecified), extra: , failover: false, available: true, roaming: false]}  network{110}  nethandle{475852099597}  lp{{InterfaceName: wlan0 LinkAddresses: [ ] DnsAddresses: [ ] Domains: null MTU: 0 Routes: [ ]}}  nc{[ Transports: WIFI Capabilities: NOT_METERED&INTERNET&NOT_RESTRICTED&TRUSTED&NOT_VPN&NOT_ROAMING&FOREGROUND&NOT_CONGESTED&NOT_SUSPENDED LinkUpBandwidth>=72000Kbps LinkDnBandwidth>=72000Kbps OwnerUid: 1000 SSID: "MTBF_Lab" RequestorUid: -1 RequestorPackageName: null]}  Score{20}  everValidated{false}  lastValidated{false}  created{false} lingering{false} explicitlySelected{false} acceptUnvalidated{false} everCaptivePortalDetected{false} lastCaptivePortalDetected{false} partialConnectivity{false} acceptPartialConnectivity{false} clat{mBaseIface: null, mIface: null, mState: IDLE} }
11-19 17:13:32.834 D/ConnectivityService( 1196): [110 WIFI] EVENT_NETWORK_INFO_CHANGED, going from UNKNOWN to UNKNOWN
11-19 17:13:33.012 D/ConnectivityService( 1196): NetReassign [no changes]
11-19 17:13:33.024 I/Nat464Xlat( 1196): Android Xlat is disabled
11-19 17:13:33.024 I/Nat464Xlat( 1196): Android Xlat is disabled
11-19 17:13:33.124 D/commandrouter( 1123): SocServiceHandle::onServiceMessage, SoC Service = mcu_healthcheck_1127, appType = 1, type = SVC_REQ, clientId = 0, token = 166, payloadLen = 12, result = 0, payload.size() = 12
11-19 17:13:33.128 D/commandrouter( 1123): mcu_healthcheck_1127 (1, merlot:mcu_health:control): <ServiceResponse> FORWARDED (remote -> local) CR token ID = 166, service client ID = 40, token ID = 504, result = 0
11-19 17:13:33.129 D/mculinkhealth( 1127): isMcuReachable 1 (4 ms)
11-19 17:13:33.158 E/ConnectivityService( 1196): Exception in networkAddRouteParcel for non-gateway: android.os.ServiceSpecificException: Machine is not on the network (code 64)
11-19 17:13:33.159 E/ConnectivityService( 1196): Exception in networkAddRouteParcel for gateway: android.os.ServiceSpecificException: Machine is not on the network (code 64)
11-19 17:13:33.159 I/Nat464Xlat( 1196): Android Xlat is disabled
11-19 17:13:33.159 I/Nat464Xlat( 1196): Android Xlat is disabled
11-19 17:13:33.223 D/ConnectivityService( 1196): Setting DNS servers for network 110 to [/192.168.1.1]
11-19 17:13:33.230 I/Nat464Xlat( 1196): Android Xlat is disabled
11-19 17:13:33.230 I/Nat464Xlat( 1196): Android Xlat is disabled
11-19 17:13:33.319 D/ConnectivityService( 1196): [110 WIFI] EVENT_NETWORK_INFO_CHANGED, going from UNKNOWN to CONNECTED
11-19 17:13:33.321 D/DnsManager( 1196): sendDnsConfigurationForNetwork(110, [192.168.1.1], [], 1800, 25, 8, 64, 0, 0, , [])
11-19 17:13:33.333 W/DnsManager( 1196): updatePrivateDns(110, PrivateDnsConfig{true:/[]})
11-19 17:13:33.333 D/ConnectivityService( 1196): Setting DNS servers for network 110 to [/192.168.1.1]
11-19 17:13:33.334 D/DnsManager( 1196): sendDnsConfigurationForNetwork(110, [192.168.1.1], [], 1800, 25, 8, 64, 0, 0, , [192.168.1.1])
11-19 17:13:33.336 D/ConnectivityService( 1196): Adding iface wlan0 to network 110
11-19 17:13:33.370 D/ConnectivityService( 1196): Setting DNS servers for network 110 to [/192.168.1.1]
11-19 17:13:33.371 D/DnsManager( 1196): sendDnsConfigurationForNetwork(110, [192.168.1.1], [], 1800, 25, 8, 64, 0, 0, , [192.168.1.1])
11-19 17:13:33.373 I/Nat464Xlat( 1196): Android Xlat is disabled
11-19 17:13:33.373 I/Nat464Xlat( 1196): Android Xlat is disabled
11-19 17:13:33.462 D/ConnectivityService( 1196): NetReassign [no changes]
11-19 17:13:33.668 D/ConnectivityService( 1196): [110 WIFI] validation passed
11-19 17:13:33.669 D/ConnectivityService( 1196): NetReassign [11 : 101 → 110, 16 : 101 → 110, 66 : 101 → 110, 46 : 101 → 110, 68 : 101 → 110, 1 : 101 → 110, 63 : 101 → 110, 25 : 101 → 110, 32 : 101 → 110, 8 : 101 → 110, 17 : 101 → 110, 12 : 101 → 110, 22 : 101 → 110, 14 : 101 → 110, 67 : 101 → 110, 77 : 101 → 110]
11-19 17:13:33.674 E/NetlinkEvent(  458): NetlinkEvent::FindParam(): Parameter 'INTERFACE' not found
11-19 17:13:33.674 E/NetlinkEvent(  458): NetlinkEvent::FindParam(): Parameter 'STATE' not found
11-19 17:13:33.674 E/NetlinkEvent(  458): NetlinkEvent::FindParam(): Parameter 'TIME_NS' not found
11-19 17:13:33.674 E/NetlinkEvent(  458): NetlinkEvent::FindParam(): Parameter 'UID' not found
11-19 17:13:33.687 D/ConnectivityService( 1196): Switching to new default network: NetworkAgentInfo{ ni{[type: WIFI[], state: CONNECTED/CONNECTED, reason: (unspecified), extra: , failover: false, available: true, roaming: false]}  network{110}  nethandle{475852099597}  lp{{InterfaceName: wlan0 LinkAddresses: [ 192.168.1.40/24 ] DnsAddresses: [ /192.168.1.1 ] Domains: null MTU: 0 ServerAddress: /192.168.1.1 TcpBufferSizes: 524288,1048576,2097152,262144,524288,1048576 Routes: [ fe80::/64 -> :: wlan0 mtu 0,192.168.1.0/24 -> 0.0.0.0 wlan0 mtu 0,0.0.0.0/0 -> 192.168.1.1 wlan0 mtu 0 ]}}  nc{[ Transports: WIFI Capabilities: NOT_METERED&INTERNET&NOT_RESTRICTED&TRUSTED&NOT_VPN&VALIDATED&NOT_ROAMING&FOREGROUND&NOT_CONGESTED&NOT_SUSPENDED LinkUpBandwidth>=65000Kbps LinkDnBandwidth>=65000Kbps SignalStrength: -35 OwnerUid: 1000 SSID: "MTBF_Lab" RequestorUid: -1 RequestorPackageName: null]}  Score{60}  everValidated{true}  lastValidated{true}  created{true} lingering{false} explicitlySelected{false} acceptUnvalidated{false} everCaptivePortalDetected{false} lastCaptivePortalDetected{false} partialConnectivity{false} acceptPartialConnectivity{false} clat{mBaseIface: null, mIface: null, mState: IDLE} }
11-19 17:13:33.820 D/ConnectivityService( 1196): Lingering [101 CELLULAR] for 30000ms
11-19 17:13:33.821 D/ConnectivityService( 1196): Sending DISCONNECTED broadcast for type 0 [101 CELLULAR] isDefaultNetwork=true
11-19 17:13:33.823 D/ConnectivityService( 1196): Sending CONNECTED broadcast for type 1 [110 WIFI] isDefaultNetwork=true
11-19 17:13:33.879 D/ConnectivityService( 1196): Setting DNS servers for network 110 to [/192.168.1.1]
11-19 17:13:33.879 D/DnsManager( 1196): sendDnsConfigurationForNetwork(110, [192.168.1.1], [], 1800, 25, 8, 64, 0, 0, , [192.168.1.1])
11-19 17:13:34.615 I/Nat464Xlat( 1196): Android Xlat is disabled
11-19 17:13:34.615 I/Nat464Xlat( 1196): Android Xlat is disabled
11-19 17:13:38.049 D/commandrouter( 1123): rtc_sync (1, rtc:sync): <ServiceRequest> FORWARDED (remote -> local) service client ID = 0, token ID = 33268
11-19 17:13:38.050 D/commandrouter( 1123): SocServiceHandle::onServiceMessage, SoC Service = rtc_sync, appType = 1, type = SVC_RESP, clientId = 0, token = 33268, payloadLen = 8, result = 0, payload.size() = 8
11-19 17:13:48.045 D/commandrouter( 1123): rtc_sync (1, rtc:sync): <ServiceRequest> FORWARDED (remote -> local) service client ID = 0, token ID = 33269
11-19 17:13:48.046 D/commandrouter( 1123): SocServiceHandle::onServiceMessage, SoC Service = rtc_sync, appType = 1, type = SVC_RESP, clientId = 0, token = 33269, payloadLen = 8, result = 0, payload.size() = 8
11-19 17:13:51.655 D/AutofillManagerService( 1196): onBackKeyPressed()
11-19 17:13:52.711 I/chatty  ( 1196): uid=1000(system) android.ui identical 2 lines
11-19 17:13:53.945 D/AutofillManagerService( 1196): onBackKeyPressed()
11-19 17:13:54.143 W/ActivityManager( 1196): Invalid packageName: com.facebook.wearable.system.settings/com.facebook.wearable.system.settings.SettingsActivity
11-19 17:13:54.235 I/ActivityTaskManager( 1196): START u0 {flg=0x10000000 cmp=com.facebook.wearable.system.settings/.SettingsActivity} from uid 0
11-19 17:13:54.252 I/ActivityTaskManager( 1196): The Process com.facebook.wearable.system.settings Already Exists in BG. So sending its PID: 2711
11-19 17:13:54.252 W/ActivityTaskManager( 1196): Tried to set launchTime (0) < mLastActivityLaunchTime (5034659)
--------- beginning of main
11-19 17:13:54.741 D/CompatibilityInfo( 1196): applicationScale - 1.0
11-19 17:13:54.750 D/CompatibilityInfo( 1196): mCompatibilityFlags - 4
11-19 17:13:54.750 D/CompatibilityInfo( 1196): applicationDensity - 320
11-19 17:13:54.750 D/CompatibilityInfo( 1196): applicationScale - 1.0
11-19 17:13:54.758 D/ComplicationController( 2565): Stopping complication controller.
11-19 17:13:54.769 D/ComplicationDataManagerImpl( 2565): Fetching complication data for package: com.facebook.wearable.apps.calendar, com.facebook.wearable.apps.calendar.DAY_DATE_COMPLICATION.
11-19 17:13:54.770 D/ComplicationDataManagerImpl( 2565): Fetching complication data for package: com.facebook.wearable.apps.player, com.facebook.wearable.apps.player.SHORTCUT_COMPLICATION.
11-19 17:13:54.770 D/ComplicationDataManagerImpl( 2565): Fetching complication data for package: com.facebook.wearable.apps.gallery, com.facebook.wearable.apps.gallery.SHORTCUT_COMPLICATION.
11-19 17:13:54.770 D/ComplicationDataManagerImpl( 2565): Fetching complication data for package: com.facebook.wearable.apps.heart, com.facebook.wearable.apps.heart.HEART_RATE.
11-19 17:13:54.773 D/CompatibilityInfo( 1196): mCompatibilityFlags - 4
11-19 17:13:54.773 D/CompatibilityInfo( 1196): applicationDensity - 320
11-19 17:13:54.773 D/CompatibilityInfo( 1196): applicationScale - 1.0
11-19 17:13:54.974 D/CompatibilityInfo( 1196): mCompatibilityFlags - 4
11-19 17:13:54.974 D/CompatibilityInfo( 1196): applicationDensity - 320
11-19 17:13:54.974 D/CompatibilityInfo( 1196): applicationScale - 1.0
11-19 17:13:55.202 D/CompatibilityInfo( 1196): mCompatibilityFlags - 4
11-19 17:13:55.202 D/CompatibilityInfo( 1196): applicationDensity - 320
11-19 17:13:55.202 D/CompatibilityInfo( 1196): applicationScale - 1.0
11-19 17:13:55.333 D/UIAutomatorStub( 5833): URI: /jsonrpc/0, Method: POST, Header: {content-length=192, remote-addr=127.0.0.1, http-client-ip=127.0.0.1, host=localhost:9011, content-type=application/json, accept-encoding=identity}, params, {NanoHttpd.QUERY_STRING=null}, files: {postData={"jsonrpc": "2.0", "method": "waitForExists", "id": "e6873c6bf755baa717b0d97df8cb5966", "params": [{"mask": 1, "childOrSibling": [], "childOrSiblingSelector": [], "text": "Notifications"}, 5]}}
11-19 17:13:55.353 D/UIAutomatorStub( 5833): URI: /jsonrpc/0, Method: POST, Header: {content-length=191, remote-addr=127.0.0.1, http-client-ip=127.0.0.1, host=localhost:9011, content-type=application/json, accept-encoding=identity}, params, {NanoHttpd.QUERY_STRING=null}, files: {postData={"jsonrpc": "2.0", "method": "waitForExists", "id": "fafc8a5d8f52703b059f24b95453e21e", "params": [{"mask": 1, "childOrSibling": [], "childOrSiblingSelector": [], "text": "Connectivity"}, 5]}}
11-19 17:13:55.408 D/UIAutomatorStub( 5833): URI: /jsonrpc/0, Method: POST, Header: {content-length=180, remote-addr=127.0.0.1, http-client-ip=127.0.0.1, host=localhost:9011, content-type=application/json, accept-encoding=identity}, params, {NanoHttpd.QUERY_STRING=null}, files: {postData={"jsonrpc": "2.0", "method": "click", "id": "09dac43dd347864d030e3f3429993cee", "params": [{"mask": 1, "childOrSibling": [], "childOrSiblingSelector": [], "text": "Connectivity"}]}}
11-19 17:13:55.430 D/CompatibilityInfo( 1196): mCompatibilityFlags - 4
11-19 17:13:55.430 D/CompatibilityInfo( 1196): applicationDensity - 320
11-19 17:13:55.430 D/CompatibilityInfo( 1196): applicationScale - 1.0
11-19 17:13:55.482 W/StatusBarClientConnection( 2711): Messenger is null, ignoring message: { when=-1h24m25s841ms barrier=1 }
11-19 17:13:55.508 E/StatusBarClientConnection( 2711): Service connected
11-19 17:13:55.542 W/View    ( 2711): requestLayout() improperly called by android.view.View{1016e6d V.ED..... ......I. 0,368-474,474} during layout: running second layout pass
11-19 17:13:55.561 W/View    ( 2711): requestLayout() improperly called by com.facebook.wearable.common.wds.listview.WdsListView{89255cb V.E..V... ........ 0,0-474,474} during second layout pass: posting in next frame
11-19 17:13:55.820 D/CompatibilityInfo( 1196): mCompatibilityFlags - 4
11-19 17:13:55.820 D/CompatibilityInfo( 1196): applicationDensity - 320
11-19 17:13:55.821 D/CompatibilityInfo( 1196): applicationScale - 1.0
11-19 17:13:56.019 E/QMI_FW  ( 1117): qmi_cci_get_ref: ref count increased 2
11-19 17:13:56.020 E/QMI_FW  ( 1117): qmi_cci_get_ref: ref count increased 2
11-19 17:13:56.027 I/WearableConnectivityManager( 2565): LTE Signal strength is: 2
11-19 17:13:56.027 I/WearableConnectivityManager( 2565): Cellular Signal strength is: 2
11-19 17:13:56.028 D/RadioLinkQualityScoreBuilder( 1972): scoreRsrp: 3scoreRsrq: 3scoreRssnr: 3
11-19 17:13:56.056 D/CompatibilityInfo( 1196): mCompatibilityFlags - 4
11-19 17:13:56.056 D/CompatibilityInfo( 1196): applicationDensity - 320
11-19 17:13:56.056 D/CompatibilityInfo( 1196): applicationScale - 1.0
11-19 17:13:56.318 D/CompatibilityInfo( 1196): mCompatibilityFlags - 4
11-19 17:13:56.318 D/CompatibilityInfo( 1196): applicationDensity - 320
11-19 17:13:56.318 D/CompatibilityInfo( 1196): applicationScale - 1.0
11-19 17:13:56.629 D/CompatibilityInfo( 1196): mCompatibilityFlags - 4
11-19 17:13:56.630 D/CompatibilityInfo( 1196): applicationDensity - 320
11-19 17:13:56.630 D/CompatibilityInfo( 1196): applicationScale - 1.0
11-19 17:13:56.950 D/CompatibilityInfo( 1196): mCompatibilityFlags - 4
11-19 17:13:56.950 D/CompatibilityInfo( 1196): applicationDensity - 320
11-19 17:13:56.950 D/CompatibilityInfo( 1196): applicationScale - 1.0
11-19 17:13:57.133 W/HWComposer(  597): Ignoring duplicate VSYNC event from HWC for display 0 (t=5067492421816)
11-19 17:13:57.261 D/CompatibilityInfo( 1196): mCompatibilityFlags - 4
11-19 17:13:57.261 D/CompatibilityInfo( 1196): applicationDensity - 320
11-19 17:13:57.261 D/CompatibilityInfo( 1196): applicationScale - 1.0
11-19 17:13:57.291 E/TaskPersister( 1196): File error accessing recents directory (directory doesn't exist?).
11-19 17:13:57.591 D/CompatibilityInfo( 1196): mCompatibilityFlags - 4
11-19 17:13:57.591 D/CompatibilityInfo( 1196): applicationDensity - 320
11-19 17:13:57.591 D/CompatibilityInfo( 1196): applicationScale - 1.0
11-19 17:13:57.899 D/CompatibilityInfo( 1196): mCompatibilityFlags - 4
11-19 17:13:57.899 D/CompatibilityInfo( 1196): applicationDensity - 320
11-19 17:13:57.899 D/CompatibilityInfo( 1196): applicationScale - 1.0
11-19 17:13:58.041 W/bluelink( 1123): [System] updateSmoothedTime: too early or too late; st=5079.158, rt=5080.677
11-19 17:13:58.041 D/commandrouter( 1123): rtc_sync (1, rtc:sync): <ServiceRequest> FORWARDED (remote -> local) service client ID = 0, token ID = 33270
11-19 17:13:58.041 D/vendor.facebook.rtc_sync@1.0-service( 1149): Request req_ts=1637342038041995944 resp_ts=1637342038041766149
11-19 17:13:58.042 D/commandrouter( 1123): SocServiceHandle::onServiceMessage, SoC Service = rtc_sync, appType = 1, type = SVC_RESP, clientId = 0, token = 33270, payloadLen = 8, result = 0, payload.size() = 8
11-19 17:13:58.272 D/CompatibilityInfo( 1196): mCompatibilityFlags - 4
11-19 17:13:58.272 D/CompatibilityInfo( 1196): applicationDensity - 320
11-19 17:13:58.272 D/CompatibilityInfo( 1196): applicationScale - 1.0
11-19 17:13:58.309 E/QMI_FW  ( 1117): qmi_cci_get_ref: ref count increased 2
11-19 17:13:58.310 E/QMI_FW  ( 1117): qmi_cci_get_ref: ref count increased 2
11-19 17:13:58.310 E/QMI_FW  ( 1117): qmi_cci_get_ref: ref count increased 2
11-19 17:13:58.509 D/UIAutomatorStub( 5833): URI: /jsonrpc/0, Method: POST, Header: {content-length=183, remote-addr=127.0.0.1, http-client-ip=127.0.0.1, host=localhost:9011, content-type=application/json, accept-encoding=identity}, params, {NanoHttpd.QUERY_STRING=null}, files: {postData={"jsonrpc": "2.0", "method": "waitForExists", "id": "bd453f34d88a7c0b54409d264ab6cbd6", "params": [{"mask": 1, "childOrSibling": [], "childOrSiblingSelector": [], "text": "WiFi"}, 5]}}
11-19 17:13:58.544 D/UIAutomatorStub( 5833): URI: /jsonrpc/0, Method: POST, Header: {content-length=172, remote-addr=127.0.0.1, http-client-ip=127.0.0.1, host=localhost:9011, content-type=application/json, accept-encoding=identity}, params, {NanoHttpd.QUERY_STRING=null}, files: {postData={"jsonrpc": "2.0", "method": "click", "id": "a3b1213dba9df93d8fbdd8dd5e5c1d68", "params": [{"mask": 1, "childOrSibling": [], "childOrSiblingSelector": [], "text": "WiFi"}]}}
11-19 17:13:58.561 D/CompatibilityInfo( 1196): mCompatibilityFlags - 4
11-19 17:13:58.561 D/CompatibilityInfo( 1196): applicationDensity - 320
11-19 17:13:58.561 D/CompatibilityInfo( 1196): applicationScale - 1.0
11-19 17:13:58.590 W/HWComposer(  597): Ignoring duplicate VSYNC event from HWC for display 0 (t=5068949006971)
11-19 17:13:58.611 W/StatusBarClientConnection( 2711): Messenger is null, ignoring message: { when=-1h24m28s970ms barrier=1 }
11-19 17:13:58.634 D/CompatibilityInfo( 1196): mCompatibilityFlags - 4
11-19 17:13:58.634 D/CompatibilityInfo( 1196): applicationDensity - 320
11-19 17:13:58.634 D/CompatibilityInfo( 1196): applicationScale - 1.0
11-19 17:13:58.643 E/StatusBarClientConnection( 2711): Service connected
11-19 17:13:58.653 D/WifiConnector( 2866): Network State Changed
11-19 17:13:58.655 W/View    ( 2711): requestLayout() improperly called by android.view.View{ff98455 V.ED..... ......I. 0,368-474,474} during layout: running second layout pass
11-19 17:13:58.667 D/WifiSharingService( 2866): Starting Wi-Fi scan
11-19 17:13:58.668 I/WifiService( 1196): startScan uid=1000
11-19 17:13:58.672 W/View    ( 2711): requestLayout() improperly called by com.facebook.wearable.common.wds.listview.WdsListView{ec75a80 V.E..V... ........ 0,0-474,474} during second layout pass: posting in next frame
11-19 17:13:58.680 D/WifiNative( 1196): Scan trigered from WifiNative
11-19 17:13:58.682 I/chatty  (  995): uid=1021(gps) lowi-server expire 36 lines
11-19 17:13:58.683 V/WifiHAL (  556): event received NL80211_CMD_TRIGGER_SCAN
11-19 17:13:58.859 D/CompatibilityInfo( 1196): mCompatibilityFlags - 4
11-19 17:13:58.859 D/CompatibilityInfo( 1196): applicationDensity - 320
11-19 17:13:58.859 D/CompatibilityInfo( 1196): applicationScale - 1.0
11-19 17:13:59.085 I/chatty  ( 2334): uid=10061(com.facebook.wearable.system.selfcare) pool-3-thread-2 expire 2 lines
11-19 17:13:59.085 I/chatty  ( 2334): uid=10061(com.facebook.wearable.system.selfcare) MainTP_29 expire 1 line
11-19 17:13:59.149 D/CompatibilityInfo( 1196): mCompatibilityFlags - 4
11-19 17:13:59.149 D/CompatibilityInfo( 1196): applicationDensity - 320
11-19 17:13:59.149 D/CompatibilityInfo( 1196): applicationScale - 1.0
11-19 17:13:59.197 I/chatty  ( 2334): uid=10061(com.facebook.wearable.system.selfcare) DefaultDispatch expire 2 lines
11-19 17:13:59.201 D/WifiNl80211Manager( 1196): Scan result ready event
11-19 17:13:59.202 D/WifiNative( 1196): Scan result ready event
11-19 17:13:59.202 V/WifiHAL (  556): event received NL80211_CMD_NEW_SCAN_RESULTS
11-19 17:13:59.205 D/LOWI-9.0.0.80(  995): [LOWI-Scan] 
11-19 17:13:59.205 D/LOWI-9.0.0.80(  995): [LOWI-Scan] print_bss_handler: Report Probe TSF 5069559393 as it greater than Beacon TSF 4991313394
11-19 17:13:59.205 I/LOWI-9.0.0.80(  995): [LOWI-Scan] RSN_IE
11-19 17:13:59.206 D/LOWI-9.0.0.80(  995): [LOWI-Scan] decode_rsn_wpa_ie: Entered
11-19 17:13:59.206 D/LOWI-9.0.0.80(  995): [LOWIUtils] hexDump: msg(30 14 01 00 00 0f ac 04 01 00 00 0f ac 04 01 00 00 0f ac 02 )
11-19 17:13:59.206 D/LOWI-9.0.0.80(  995): [LOWI-Scan] decode_rsn_wpa_ie: LOWI_ENCRYPTION_TYPE_WPA_PSK
11-19 17:13:59.206 D/LOWI-9.0.0.80(  995): [LOWI-Scan] is_qcom_ie, bss_age: 39
11-19 17:13:59.206 D/LOWI-9.0.0.80(  995): [LOWI-Scan] BSS 52:b8:14:37:74:3f LOWI_PHY_MODE_11AC_VHT20_2G(11), Beacon Interval: 100, LOWI_ENCRYPTION_TYPE_WPA_PSK 11mcRanging: No, ANQP: No, LCI: No, Civic: No, capability(0x1431): ESS Privacy ShortPreamble ShortSlotTime
11-19 17:13:59.206 D/LOWI-9.0.0.80(  995): [LOWI-Scan] BSS 52:b8:14:37:74:3f FREQ: 2417, cFreq1[40:80:160] = [0:0:0] cFreq2 = 0 Country Code =    
11-19 17:13:59.206 D/LOWI-9.0.0.80(  995): [LOWI-Scan] BSS 52:b8:14:37:74:3f (wlan0) ASSO: NO AddInfo: 0x0, TSF 0, 01:24:29.559, RSSI: -112, CPL: 127, AGE: 10,  SSID Pixel_8668, TSFDelta: 0x0, TXRate: 0
11-19 17:13:59.206 D/LOWI-9.0.0.80(  995): [LOWI-Scan] 
11-19 17:13:59.206 D/LOWI-9.0.0.80(  995): [LOWI-Scan] print_bss_handler: Report Probe TSF 5069559311 as it greater than Beacon TSF 5020100402
11-19 17:13:59.206 I/LOWI-9.0.0.80(  995): [LOWI-Scan] RSN_IE
11-19 17:13:59.206 D/LOWI-9.0.0.80(  995): [LOWI-Scan] decode_rsn_wpa_ie: Entered
11-19 17:13:59.206 D/LOWI-9.0.0.80(  995): [LOWIUtils] hexDump: msg(30 14 01 00 00 0f ac 04 01 00 00 0f ac 04 01 00 00 0f ac 02 )
11-19 17:13:59.206 D/LOWI-9.0.0.80(  995): [LOWI-Scan] decode_rsn_wpa_ie: LOWI_ENCRYPTION_TYPE_WPA_PSK
11-19 17:13:59.206 D/LOWI-9.0.0.80(  995): [LOWI-Scan] is_qcom_ie, bss_age: 46
11-19 17:13:59.206 D/LOWI-9.0.0.80(  995): [LOWI-Scan] BSS 12:d7:96:61:85:9f LOWI_PHY_MODE_11AC_VHT20_2G(11), Beacon Interval: 100, LOWI_ENCRYPTION_TYPE_WPA_PSK 11mcRanging: No, ANQP: Yes, LCI: No, Civic: No, capability(0x1431): ESS Privacy ShortPreamble ShortSlotTime
11-19 17:13:59.206 D/LOWI-9.0.0.80(  995): [LOWI-Scan] BSS 12:d7:96:61:85:9f FREQ: 2412, cFreq1[40:80:160] = [0:0:0] cFreq2 = 0 Country Code =    
11-19 17:13:59.206 D/LOWI-9.0.0.80(  995): [LOWI-Scan] BSS 12:d7:96:61:85:9f (wlan0) ASSO: NO AddInfo: 0x0, TSF 0, 01:24:29.559, RSSI: -94, CPL: 127, AGE: 10,  SSID Pixel_R5, TSFDelta: 0x0, TXRate: 0
11-19 17:13:59.206 D/LOWI-9.0.0.80(  995): [LOWI-Scan] 
11-19 17:13:59.207 D/LOWI-9.0.0.80(  995): [LOWI-Scan] print_bss_handler: Report Probe TSF 5069559331 as it greater than Beacon TSF 4892451203
11-19 17:13:59.207 I/LOWI-9.0.0.80(  995): [LOWI-Scan] RSN_IE
11-19 17:13:59.207 D/LOWI-9.0.0.80(  995): [LOWI-Scan] decode_rsn_wpa_ie: Entered
11-19 17:13:59.207 D/LOWI-9.0.0.80(  995): [LOWIUtils] hexDump: msg(30 14 01 00 00 0f ac 04 01 00 00 0f ac 04 01 00 00 0f ac 02 )
11-19 17:13:59.207 D/LOWI-9.0.0.80(  995): [LOWI-Scan] decode_rsn_wpa_ie: LOWI_ENCRYPTION_TYPE_WPA_PSK
11-19 17:13:59.207 D/LOWI-9.0.0.80(  995): [LOWI-Scan] is_qcom_ie, bss_age: 3
11-19 17:13:59.207 D/LOWI-9.0.0.80(  995): [LOWI-Scan] BSS 2c:57:41:86:6c:01 LOWI_PHY_MODE_11NG_HT20(5), Beacon Interval: 100, LOWI_ENCRYPTION_TYPE_WPA_PSK 11mcRanging: No, ANQP: No, LCI: No, Civic: No, capability(0x1411): ESS Privacy ShortSlotTime
11-19 17:13:59.207 D/LOWI-9.0.0.80(  995): [LOWI-Scan] BSS 2c:57:41:86:6c:01 FREQ: 2462, cFreq1[40:80:160] = [0:0:0] cFreq2 = 0 Country Code = US
11-19 17:13:59.207 D/LOWI-9.0.0.80(  995): [LOWI-Scan] BSS 2c:57:41:86:6c:01 (wlan0) ASSO: NO AddInfo: 0x0, TSF 0, 01:24:29.559, RSSI: -108, CPL: 2, AGE: 10,  SSID kittyhawk, TSFDelta: 0x0, TXRate: 0
11-19 17:13:59.207 D/LOWI-9.0.0.80(  995): [LOWI-Scan] 
11-19 17:13:59.207 D/LOWI-9.0.0.80(  995): [LOWI-Scan] print_bss_handler: Report Probe TSF 5069559358 as it greater than Beacon TSF 4720639852
11-19 17:13:59.207 I/LOWI-9.0.0.80(  995): [LOWI-Scan] RSN_IE
11-19 17:13:59.207 D/LOWI-9.0.0.80(  995): [LOWI-Scan] decode_rsn_wpa_ie: Entered
11-19 17:13:59.207 D/LOWI-9.0.0.80(  995): [LOWIUtils] hexDump: msg(30 14 01 00 00 0f ac 04 01 00 00 0f ac 04 01 00 00 0f ac 02 )
11-19 17:13:59.207 D/LOWI-9.0.0.80(  995): [LOWI-Scan] decode_rsn_wpa_ie: LOWI_ENCRYPTION_TYPE_WPA_PSK
11-19 17:13:59.207 D/LOWI-9.0.0.80(  995): [LOWI-Scan] is_qcom_ie, bss_age: 46
11-19 17:13:59.207 D/LOWI-9.0.0.80(  995): [LOWI-Scan] BSS be:9e:0e:1c:6e:7f LOWI_PHY_MODE_11AC_VHT20_2G(11), Beacon Interval: 100, LOWI_ENCRYPTION_TYPE_WPA_PSK 11mcRanging: No, ANQP: No, LCI: No, Civic: No, capability(0x1431): ESS Privacy ShortPreamble ShortSlotTime
11-19 17:13:59.207 D/LOWI-9.0.0.80(  995): [LOWI-Scan] BSS be:9e:0e:1c:6e:7f FREQ: 2412, cFreq1[40:80:160] = [0:0:0] cFreq2 = 0 Country Code =    
11-19 17:13:59.207 D/LOWI-9.0.0.80(  995): [LOWI-Scan] BSS be:9e:0e:1c:6e:7f (wlan0) ASSO: NO AddInfo: 0x0, TSF 0, 01:24:29.559, RSSI: -120, CPL: 127, AGE: 10,  SSID Pixel_3541, TSFDelta: 0x0, TXRate: 0
11-19 17:13:59.208 D/LOWI-9.0.0.80(  995): [LOWI-Scan] 
11-19 17:13:59.208 D/LOWI-9.0.0.80(  995): [LOWI-Scan] print_bss_handler: Report beacon TSF 5069559345 as it greater than probe TSF 5041301125
11-19 17:13:59.208 I/LOWI-9.0.0.80(  995): [LOWI-Scan] RSN_IE
11-19 17:13:59.208 D/LOWI-9.0.0.80(  995): [LOWI-Scan] decode_rsn_wpa_ie: Entered
11-19 17:13:59.208 D/LOWI-9.0.0.80(  995): [LOWIUtils] hexDump: msg(30 14 01 00 00 0f ac 04 01 00 00 0f ac 04 01 00 00 0f ac 02 )
11-19 17:13:59.208 D/LOWI-9.0.0.80(  995): [LOWI-Scan] decode_rsn_wpa_ie: LOWI_ENCRYPTION_TYPE_WPA_PSK
11-19 17:13:59.208 D/LOWI-9.0.0.80(  995): [LOWI-Scan] is_qcom_ie, bss_age: 3
11-19 17:13:59.208 D/LOWI-9.0.0.80(  995): [LOWI-Scan] BSS 5e:6e:be:46:77:d7 LOWI_PHY_MODE_11AC_VHT20_2G(11), Beacon Interval: 100, LOWI_ENCRYPTION_TYPE_WPA_PSK 11mcRanging: No, ANQP: Yes, LCI: No, Civic: No, capability(0x1431): ESS Privacy ShortPreamble ShortSlotTime
11-19 17:13:59.208 D/LOWI-9.0.0.80(  995): [LOWI-Scan] BSS 5e:6e:be:46:77:d7 FREQ: 2462, cFreq1[40:80:160] = [0:0:0] cFreq2 = 0 Country Code =    
11-19 17:13:59.208 D/LOWI-9.0.0.80(  995): [LOWI-Scan] BSS 5e:6e:be:46:77:d7 (wlan0) ASSO: NO AddInfo: 0x1, TSF 0, 01:24:29.559, RSSI: -102, CPL: 127, AGE: 10,  SSID Pixel_R3, TSFDelta: 0x0, TXRate: 0
11-19 17:13:59.208 D/LOWI-9.0.0.80(  995): [LOWI-Scan] 
11-19 17:13:59.208 D/LOWI-9.0.0.80(  995): [LOWI-Scan] print_bss_handler: Report Probe TSF 5069559438 as it greater than Beacon TSF 4892451436
11-19 17:13:59.208 I/LOWI-9.0.0.80(  995): [LOWI-Scan] RSN_IE
11-19 17:13:59.208 D/LOWI-9.0.0.80(  995): [LOWI-Scan] decode_rsn_wpa_ie: Entered
11-19 17:13:59.208 D/LOWI-9.0.0.80(  995): [LOWIUtils] hexDump: msg(30 14 01 00 00 0f ac 04 01 00 00 0f ac 04 01 00 00 0f ac 02 )
11-19 17:13:59.208 D/LOWI-9.0.0.80(  995): [LOWI-Scan] decode_rsn_wpa_ie: LOWI_ENCRYPTION_TYPE_WPA_PSK
11-19 17:13:59.208 D/LOWI-9.0.0.80(  995): [LOWI-Scan] is_qcom_ie, bss_age: 47
11-19 17:13:59.208 D/LOWI-9.0.0.80(  995): [LOWI-Scan] BSS 2c:57:41:88:72:e1 LOWI_PHY_MODE_11NG_HT20(5), Beacon Interval: 100, LOWI_ENCRYPTION_TYPE_WPA_PSK 11mcRanging: No, ANQP: No, LCI: No, Civic: No, capability(0x1411): ESS Privacy ShortSlotTime
11-19 17:13:59.209 D/LOWI-9.0.0.80(  995): [LOWI-Scan] BSS 2c:57:41:88:72:e1 FREQ: 2412, cFreq1[40:80:160] = [0:0:0] cFreq2 = 0 Country Code = US
11-19 17:13:59.209 D/LOWI-9.0.0.80(  995): [LOWI-Scan] BSS 2c:57:41:88:72:e1 (wlan0) ASSO: NO AddInfo: 0x0, TSF 0, 01:24:29.559, RSSI: -144, CPL: 3, AGE: 10,  SSID kittyhawk, TSFDelta: 0x0, TXRate: 0
11-19 17:13:59.209 D/LOWI-9.0.0.80(  995): [LOWI-Scan] 
11-19 17:13:59.209 D/LOWI-9.0.0.80(  995): [LOWI-Scan] print_bss_handler: Report Probe TSF 5069559408 as it greater than Beacon TSF 4892451399
11-19 17:13:59.209 I/LOWI-9.0.0.80(  995): [LOWI-Scan] RSN_IE
11-19 17:13:59.209 D/LOWI-9.0.0.80(  995): [LOWI-Scan] decode_rsn_wpa_ie: Entered
11-19 17:13:59.209 D/LOWI-9.0.0.80(  995): [LOWIUtils] hexDump: msg(30 14 01 00 00 0f ac 04 01 00 00 0f ac 04 01 00 00 0f ac 02 )
11-19 17:13:59.209 D/LOWI-9.0.0.80(  995): [LOWI-Scan] decode_rsn_wpa_ie: LOWI_ENCRYPTION_TYPE_WPA_PSK
11-19 17:13:59.209 D/LOWI-9.0.0.80(  995): [LOWI-Scan] is_qcom_ie, bss_age: 3
11-19 17:13:59.209 D/LOWI-9.0.0.80(  995): [LOWI-Scan] BSS 2c:57:41:86:90:a1 LOWI_PHY_MODE_11NG_HT20(5), Beacon Interval: 100, LOWI_ENCRYPTION_TYPE_WPA_PSK 11mcRanging: No, ANQP: No, LCI: No, Civic: No, capability(0x1411): ESS Privacy ShortSlotTime
11-19 17:13:59.209 D/LOWI-9.0.0.80(  995): [LOWI-Scan] BSS 2c:57:41:86:90:a1 FREQ: 2462, cFreq1[40:80:160] = [0:0:0] cFreq2 = 0 Country Code = US
11-19 17:13:59.209 D/LOWI-9.0.0.80(  995): [LOWI-Scan] BSS 2c:57:41:86:90:a1 (wlan0) ASSO: NO AddInfo: 0x0, TSF 0, 01:24:29.559, RSSI: -134, CPL: 2, AGE: 10,  SSID kittyhawk, TSFDelta: 0x0, TXRate: 0
11-19 17:13:59.209 D/LOWI-9.0.0.80(  995): [LOWI-Scan] 
