11-21 08:03:46.803 D/CompatibilityInfo( 1186): applicationScale - 1.0
11-21 08:03:46.828 D/CompatibilityInfo( 1186): mCompatibilityFlags - 4
11-21 08:03:46.828 D/CompatibilityInfo( 1186): applicationDensity - 320
11-21 08:03:46.828 D/CompatibilityInfo( 1186): applicationScale - 1.0
11-21 08:03:46.902 D/UIAutomatorStub(15932): URI: /jsonrpc/0, Method: POST, Header: {content-length=102, remote-addr=127.0.0.1, http-client-ip=127.0.0.1, host=localhost:9012, content-type=application/json, accept-encoding=identity}, params, {NanoHttpd.QUERY_STRING=null}, files: {postData={"jsonrpc": "2.0", "method": "pressKey", "id": "313ab640ec79d5b686c1e7a2df80da6f", "params": ["back"]}}
11-21 08:03:47.056 E/ANDR-PERF-OPTSHANDLER(  552): perf_lock_rel: failed for /sys/class/kgsl/kgsl-3d0/min_pwrlevel as previous value is not stored
11-21 08:03:47.058 E/ANDR-PERF-RESOURCEQS(  552): Failed to reset optimization [3, 0]
11-21 08:03:47.646 D/LauncherActivity(21108): onKeyUp() called with keycode:4, event: KeyEvent { action=ACTION_UP, keyCode=KEYCODE_BACK, scanCode=0, metaState=0, flags=0x200, repeatCount=0, eventTime=144915355, downTime=144915355, deviceId=-1, source=0x101, displayId=-1 }
11-21 08:03:48.088 W/HWComposer(  598): Ignoring duplicate VSYNC event from HWC for display 0 (t=144915813941436)
11-21 08:03:46.430 I/chatty  ( 1186): uid=1000(system) android.ui identical 2 lines
11-21 08:03:47.645 D/AutofillManagerService( 1186): onBackKeyPressed()
11-21 08:03:48.172 W/ActivityManager( 1186): Invalid packageName: com.facebook.wearable.system.settings/com.facebook.wearable.system.settings.SettingsActivity
11-21 08:03:48.294 I/ActivityTaskManager( 1186): START u0 {flg=0x10000000 cmp=com.facebook.wearable.system.settings/.SettingsActivity} from uid 0
11-21 08:03:48.305 D/CompatibilityInfo( 1186): mCompatibilityFlags - 4
11-21 08:03:48.305 D/CompatibilityInfo( 1186): applicationDensity - 320
11-21 08:03:48.305 D/CompatibilityInfo( 1186): applicationScale - 1.0
11-21 08:03:48.306 D/ActivityTrigger( 1186): ActivityTrigger activityPauseTrigger 
11-21 08:03:48.310 I/ActivityTaskManager( 1186): The Process com.facebook.wearable.system.settings Already Exists in BG. So sending its PID: 10851
11-21 08:03:48.311 W/ActivityTaskManager( 1186): Tried to set launchTime (0) < mLastActivityLaunchTime (144885051)
11-21 08:03:48.312 D/CompatibilityInfo( 1186): mCompatibilityFlags - 4
11-21 08:03:48.312 D/CompatibilityInfo( 1186): applicationDensity - 320
11-21 08:03:48.312 D/CompatibilityInfo( 1186): applicationScale - 1.0
11-21 08:03:48.335 D/LauncherActivity(21108): onPause
11-21 08:03:48.369 D/CompatibilityInfo( 1186): mCompatibilityFlags - 4
11-21 08:03:48.369 D/CompatibilityInfo( 1186): applicationDensity - 320
11-21 08:03:48.369 D/CompatibilityInfo( 1186): applicationScale - 1.0
11-21 08:03:48.389 D/TetheredPhoneUtil(21108): Retrieving the tethered phone status
11-21 08:03:48.391 D/TetheredPhoneUtil(21108): Found tethered phone status: false
11-21 08:03:48.433 E/StatusBarClientConnection(10851): Service connected
11-21 08:03:48.462 W/View    (10851): requestLayout() improperly called by android.view.View{e76f64d V.ED..... ......I. 0,368-474,474} during layout: running second layout pass
11-21 08:03:48.473 D/FacebookProvider(25782): Starting SSO Network Fetch for 263529928325379
11-21 08:03:48.473 I/AccountsContentProvider(25782): No Primary Account. Accounts Error [content://com.facebook.wearable.system.accounts.AccountsContentProvider/facebook/263529928325379]
11-21 08:03:48.479 W/View    (10851): requestLayout() improperly called by com.facebook.wearable.common.wds.listview.WdsListView{e05b25a V.E..V... ........ 0,0-474,474} during second layout pass: posting in next frame
11-21 08:03:48.480 E/DatabaseUtils(25782): Writing exception to parcel
11-21 08:03:48.480 E/DatabaseUtils(25782): java.lang.IllegalStateException: No Primary Account
11-21 08:03:48.480 E/DatabaseUtils(25782): 	at com.facebook.secure.content.AbstractContentProvider.doQuery(:284)
11-21 08:03:48.480 E/DatabaseUtils(25782): 	at com.facebook.secure.content.AbstractContentProvider.query(:8)
11-21 08:03:48.480 E/DatabaseUtils(25782): 	at android.content.ContentProvider.query(ContentProvider.java:1474)
11-21 08:03:48.480 E/DatabaseUtils(25782): 	at android.content.ContentProvider$Transport.query(ContentProvider.java:278)
11-21 08:03:48.480 E/DatabaseUtils(25782): 	at android.content.ContentProviderNative.onTransact(ContentProviderNative.java:106)
11-21 08:03:48.480 E/DatabaseUtils(25782): 	at android.os.Binder.execTransactInternal(Binder.java:1154)
11-21 08:03:48.480 E/DatabaseUtils(25782): 	at android.os.Binder.execTransact(Binder.java:1123)
11-21 08:03:48.481 E/AccountsViewModel(10851): AccountsViewModel.flow failed: No Primary Account
11-21 08:03:48.481 E/AccountsViewModel(10851): java.lang.IllegalStateException: No Primary Account
11-21 08:03:48.481 E/AccountsViewModel(10851): 	at android.os.Parcel.createExceptionOrNull(Parcel.java:2381)
11-21 08:03:48.481 E/AccountsViewModel(10851): 	at android.os.Parcel.createException(Parcel.java:2357)
11-21 08:03:48.481 E/AccountsViewModel(10851): 	at android.os.Parcel.readException(Parcel.java:2340)
11-21 08:03:48.481 E/AccountsViewModel(10851): 	at android.database.DatabaseUtils.readExceptionFromParcel(DatabaseUtils.java:190)
11-21 08:03:48.481 E/AccountsViewModel(10851): 	at android.database.DatabaseUtils.readExceptionFromParcel(DatabaseUtils.java:142)
11-21 08:03:48.481 E/AccountsViewModel(10851): 	at android.content.ContentProviderProxy.query(ContentProviderNative.java:472)
11-21 08:03:48.481 E/AccountsViewModel(10851): 	at android.content.ContentResolver.query(ContentResolver.java:1185)
11-21 08:03:48.481 E/AccountsViewModel(10851): 	at android.content.ContentResolver.query(ContentResolver.java:1116)
11-21 08:03:48.481 E/AccountsViewModel(10851): 	at com.facebook.wearable.common.accounts.contract.WearableAccountsContractRequest.query(:51)
11-21 08:03:48.481 E/AccountsViewModel(10851): 	at kotlin.coroutines.jvm.internal.BaseContinuationImpl.invokeSuspend(:95489)
11-21 08:03:48.481 E/AccountsViewModel(10851): 	at com.facebook.wearable.common.accounts.WearableAccountsKt$fb$1.invoke(:9)
11-21 08:03:48.481 E/AccountsViewModel(10851): 	at com.facebook.wearable.common.coroutines.lazy.LazyAsync.get(:101)
11-21 08:03:48.481 E/AccountsViewModel(10851): 	at kotlin.coroutines.jvm.internal.BaseContinuationImpl.invokeSuspend(:96596)
11-21 08:03:48.481 E/AccountsViewModel(10851): 	at com.facebook.wearable.system.settings.accounts.AccountsViewModel$wearableAccountFlow$1.invoke(:11)
11-21 08:03:48.481 E/AccountsViewModel(10851): 	at kotlinx.coroutines.flow.AbstractFlow.collect$rvp0$0(:72)
11-21 08:03:48.481 E/AccountsViewModel(10851): 	at kotlin.coroutines.jvm.internal.BaseContinuationImpl.invokeSuspend(:95417)
11-21 08:03:48.481 E/AccountsViewModel(10851): 	at kotlinx.coroutines.flow.FlowKt__ShareKt$launchSharing$1$2.invoke(Unknown Source:10)
11-21 08:03:48.481 E/AccountsViewModel(10851): 	at kotlin.coroutines.jvm.internal.BaseContinuationImpl.invokeSuspend(:96715)
11-21 08:03:48.481 E/AccountsViewModel(10851): 	at kotlinx.coroutines.flow.FlowKt__MergeKt$mapLatest$1.invoke(Unknown Source:15)
11-21 08:03:48.481 E/AccountsViewModel(10851): 	at kotlin.coroutines.jvm.internal.BaseContinuationImpl.invokeSuspend(:96820)
11-21 08:03:48.481 E/AccountsViewModel(10851): 	at kotlinx.coroutines.flow.internal.ChannelFlowTransformLatest$flowCollect$3$1$2.invoke(Unknown Source:10)
11-21 08:03:48.481 E/AccountsViewModel(10851): 	at kotlinx.coroutines.CoroutineStart.invoke(:32)
11-21 08:03:48.481 E/AccountsViewModel(10851): 	at kotlinx.coroutines.BuildersKt__Builders_commonKt.launch(:15)
11-21 08:03:48.481 E/AccountsViewModel(10851): 	at kotlinx.coroutines.flow.internal.ChannelFlowTransformLatest$flowCollect$3$invokeSuspend$$inlined$collect$1.emit(:56)
11-21 08:03:48.481 E/AccountsViewModel(10851): 	at kotlinx.coroutines.flow.DistinctFlowImpl$collect$$inlined$collect$1.emit(:74)
11-21 08:03:48.481 E/AccountsViewModel(10851): 	at kotlinx.coroutines.flow.FlowKt__LimitKt$dropWhile$lambda-4$$inlined$collect$1.emit(:114)
11-21 08:03:48.481 E/AccountsViewModel(10851): 	at kotlinx.coroutines.flow.FlowKt__ChannelsKt.emitAllImpl$FlowKt__ChannelsKt(:123)
11-21 08:03:48.481 E/AccountsViewModel(10851): 	at kotlin.coroutines.jvm.internal.BaseContinuationImpl.invokeSuspend(:96917)
11-21 08:03:48.481 E/AccountsViewModel(10851): 	at kotlin.coroutines.jvm.internal.BaseContinuationImpl.resumeWith(:5)
11-21 08:03:48.481 E/AccountsViewModel(10851): 	at kotlinx.coroutines.DispatchedTask.run(:131)
11-21 08:03:48.481 E/AccountsViewModel(10851): 	at java.util.concurrent.Executors$RunnableAdapter.call(Executors.java:462)
11-21 08:03:48.481 E/AccountsViewModel(10851): 	at java.util.concurrent.FutureTask.run(FutureTask.java:266)
11-21 08:03:48.481 E/AccountsViewModel(10851): 	at com.facebook.wearable.common.executors.DelayedFutureTask.run(:22)
11-21 08:03:48.481 E/AccountsViewModel(10851): 	at java.util.concurrent.ThreadPoolExecutor.runWorker(ThreadPoolExecutor.java:1167)
11-21 08:03:48.481 E/AccountsViewModel(10851): 	at java.util.concurrent.ThreadPoolExecutor$Worker.run(ThreadPoolExecutor.java:641)
11-21 08:03:48.481 E/AccountsViewModel(10851): 	at com.facebook.wearable.common.executors.NamedThreadFactory$1.run(:7)
11-21 08:03:48.797 D/CompatibilityInfo( 1186): mCompatibilityFlags - 4
11-21 08:03:48.797 D/CompatibilityInfo( 1186): applicationDensity - 320
11-21 08:03:48.797 D/CompatibilityInfo( 1186): applicationScale - 1.0
11-21 08:03:48.811 D/ComplicationController(21108): Stopping complication controller.
11-21 08:03:48.816 D/ComplicationDataManagerImpl(21108): Fetching complication data for package: com.facebook.wearable.apps.calendar, com.facebook.wearable.apps.calendar.DAY_DATE_COMPLICATION.
11-21 08:03:48.816 D/ComplicationDataManagerImpl(21108): Fetching complication data for package: com.facebook.wearable.apps.player, com.facebook.wearable.apps.player.SHORTCUT_COMPLICATION.
11-21 08:03:48.817 D/ComplicationDataManagerImpl(21108): Fetching complication data for package: com.facebook.wearable.apps.gallery, com.facebook.wearable.apps.gallery.SHORTCUT_COMPLICATION.
11-21 08:03:48.817 D/ComplicationDataManagerImpl(21108): Fetching complication data for package: com.facebook.wearable.apps.heart, com.facebook.wearable.apps.heart.HEART_RATE.
11-21 08:03:48.821 D/CompatibilityInfo( 1186): mCompatibilityFlags - 4
11-21 08:03:48.821 D/CompatibilityInfo( 1186): applicationDensity - 320
11-21 08:03:48.821 D/CompatibilityInfo( 1186): applicationScale - 1.0
11-21 08:03:48.924 E/QMI_FW  ( 1042): qmi_cci_get_ref: ref count increased 2
11-21 08:03:48.926 E/QMI_FW  ( 1042): qmi_cci_get_ref: ref count increased 2
11-21 08:03:48.937 I/WearableConnectivityManager(21108): LTE Signal strength is: 2
11-21 08:03:48.937 I/WearableConnectivityManager(21108): Cellular Signal strength is: 2
11-21 08:03:48.938 D/RadioLinkQualityScoreBuilder( 1984): scoreRsrp: 3scoreRsrq: 3scoreRssnr: 4
11-21 08:03:48.938 D/WirelessInsightServiceImpl( 1984): onSignalStrengthsChanged: SignalStrength = SignalStrength:{mCdma=CellSignalStrengthCdma: cdmaDbm=2147483647 cdmaEcio=2147483647 evdoDbm=2147483647 evdoEcio=2147483647 evdoSnr=2147483647 level=0,mGsm=CellSignalStrengthGsm: rssi=2147483647 ber=2147483647 mTa=2147483647 mLevel=0,mWcdma=CellSignalStrengthWcdma: ss=2147483647 ber=2147483647 rscp=2147483647 ecno=2147483647 level=0,mTdscdma=CellSignalStrengthTdscdma: rssi=2147483647 ber=2147483647 rscp=2147483647 level=0,mLte=CellSignalStrengthLte: rssi=-79 rsrp=-111 rsrq=-13 rssnr=10 cqi=2147483647 ta=2147483647 level=2 parametersUseForLevel=0,mNr=CellSignalStrengthNr:{ csiRsrp = 2147483647 csiRsrq = 2147483647 csiSinr = 2147483647 ssRsrp = 2147483647 ssRsrq = 2147483647 ssSinr = 2147483647 level = 0 parametersUseForLevel = 0 },primary=CellSignalStrengthLte}
11-21 08:03:48.938 D/WirelessInsightServiceImpl( 1984): Score: 3
11-21 08:03:48.938 D/WirelessInsightServiceImpl( 1984): notifyListeners: listeners = 0, score = 3
11-21 08:03:49.359 D/UIAutomatorStub(15932): URI: /jsonrpc/0, Method: POST, Header: {content-length=192, remote-addr=127.0.0.1, http-client-ip=127.0.0.1, host=localhost:9012, content-type=application/json, accept-encoding=identity}, params, {NanoHttpd.QUERY_STRING=null}, files: {postData={"jsonrpc": "2.0", "method": "waitForExists", "id": "8a3297710e8a3a954dd5c641c7a24c47", "params": [{"mask": 1, "childOrSibling": [], "childOrSiblingSelector": [], "text": "Notifications"}, 5]}}
11-21 08:03:49.392 D/UIAutomatorStub(15932): URI: /jsonrpc/0, Method: POST, Header: {content-length=191, remote-addr=127.0.0.1, http-client-ip=127.0.0.1, host=localhost:9012, content-type=application/json, accept-encoding=identity}, params, {NanoHttpd.QUERY_STRING=null}, files: {postData={"jsonrpc": "2.0", "method": "waitForExists", "id": "2aac3ad9a9023988146d1fc695647a1b", "params": [{"mask": 1, "childOrSibling": [], "childOrSiblingSelector": [], "text": "Connectivity"}, 5]}}
11-21 08:03:49.458 D/UIAutomatorStub(15932): URI: /jsonrpc/0, Method: POST, Header: {content-length=180, remote-addr=127.0.0.1, http-client-ip=127.0.0.1, host=localhost:9012, content-type=application/json, accept-encoding=identity}, params, {NanoHttpd.QUERY_STRING=null}, files: {postData={"jsonrpc": "2.0", "method": "click", "id": "ee0929023bcbb5ced38b9fd3e65c0a89", "params": [{"mask": 1, "childOrSibling": [], "childOrSiblingSelector": [], "text": "Connectivity"}]}}
11-21 08:03:49.496 E/ANDR-PERF-OPTSHANDLER(  552): Unable to find the correct node storage pointers for                   resource index=16, node path=/proc/sys/kernel/sched_upmigrate
11-21 08:03:49.496 E/ANDR-PERF-RESOURCEQS(  552): Failed to reset optimization [3, 7]
11-21 08:03:49.496 E/ANDR-PERF-OPTSHANDLER(  552): Unable to find the correct node storage pointers for                   resource index=17, node path=/proc/sys/kernel/sched_downmigrate
11-21 08:03:49.496 E/ANDR-PERF-RESOURCEQS(  552): Failed to reset optimization [3, 8]
11-21 08:03:49.496 E/ANDR-PERF-OPTSHANDLER(  552): Perflock resource /sys/module/lpm_levels/parameters/bias_hyst not supported
11-21 08:03:49.496 E/ANDR-PERF-RESOURCEQS(  552): Failed to reset optimization [1, 2]
11-21 08:03:49.496 E/ANDR-PERF-OPTSHANDLER(  552): Perflock resource /proc/sys/kernel/sched_group_upmigrate not supported
11-21 08:03:49.496 E/ANDR-PERF-RESOURCEQS(  552): Failed to reset optimization [3, 21]
11-21 08:03:49.496 E/ANDR-PERF-OPTSHANDLER(  552): Perflock resource /proc/sys/kernel/sched_group_downmigrate not supported
11-21 08:03:49.496 E/ANDR-PERF-RESOURCEQS(  552): Failed to reset optimization [3, 22]
11-21 08:03:49.539 W/StatusBarClientConnection(10851): Messenger is null, ignoring message: { when=-1d16h15m17s264ms barrier=1 }
11-21 08:03:49.563 E/StatusBarClientConnection(10851): Service connected
11-21 08:03:49.591 W/View    (10851): requestLayout() improperly called by android.view.View{53b3c4b V.ED..... ......I. 0,368-474,474} during layout: running second layout pass
11-21 08:03:49.608 W/View    (10851): requestLayout() improperly called by com.facebook.wearable.common.wds.listview.WdsListView{f748699 V.E..V... ........ 0,0-474,474} during second layout pass: posting in next frame
11-21 08:03:50.302 E/ANDR-PERF-OPTSHANDLER(  552): perf_lock_rel: failed for /proc/sys/vm/swap_ratio as previous value is not stored
11-21 08:03:50.302 E/ANDR-PERF-OPTSHANDLER(  552): perf_lock_rel: failed for /sys/class/kgsl/kgsl-3d0/min_pwrlevel as previous value is not stored
11-21 08:03:50.304 E/ANDR-PERF-RESOURCEQS(  552): Failed to reset optimization [3, 0]
11-21 08:03:50.961 E/TaskPersister( 1186): File error accessing recents directory (directory doesn't exist?).
11-21 08:03:51.875 D/commandrouter( 1006): rtc_sync (1, rtc:sync): <ServiceRequest> FORWARDED (remote -> local) service client ID = 0, token ID = 47254
11-21 08:03:51.876 D/vendor.facebook.rtc_sync@1.0-service( 1145): Request req_ts=1637481831870115564 resp_ts=1637481831876152487
11-21 08:03:51.876 D/commandrouter( 1006): SocServiceHandle::onServiceMessage, SoC Service = rtc_sync, appType = 1, type = SVC_RESP, clientId = 0, token = 47254, payloadLen = 8, result = 0, payload.size() = 8
11-21 08:03:52.575 D/UIAutomatorStub(15932): URI: /jsonrpc/0, Method: POST, Header: {content-length=183, remote-addr=127.0.0.1, http-client-ip=127.0.0.1, host=localhost:9012, content-type=application/json, accept-encoding=identity}, params, {NanoHttpd.QUERY_STRING=null}, files: {postData={"jsonrpc": "2.0", "method": "waitForExists", "id": "560a17fdeba067eff33f070def48b112", "params": [{"mask": 1, "childOrSibling": [], "childOrSiblingSelector": [], "text": "WiFi"}, 5]}}
11-21 08:03:52.608 D/UIAutomatorStub(15932): URI: /jsonrpc/0, Method: POST, Header: {content-length=172, remote-addr=127.0.0.1, http-client-ip=127.0.0.1, host=localhost:9012, content-type=application/json, accept-encoding=identity}, params, {NanoHttpd.QUERY_STRING=null}, files: {postData={"jsonrpc": "2.0", "method": "click", "id": "1dc8d472b45cfa03f17d13592b022ded", "params": [{"mask": 1, "childOrSibling": [], "childOrSiblingSelector": [], "text": "WiFi"}]}}
11-21 08:03:52.677 W/HWComposer(  598): Ignoring duplicate VSYNC event from HWC for display 0 (t=144920402545444)
11-21 08:03:52.690 W/StatusBarClientConnection(10851): Messenger is null, ignoring message: { when=-1d16h15m20s415ms barrier=1 }
11-21 08:03:52.715 D/CompatibilityInfo( 1186): mCompatibilityFlags - 4
11-21 08:03:52.715 D/CompatibilityInfo( 1186): applicationDensity - 320
11-21 08:03:52.715 D/CompatibilityInfo( 1186): applicationScale - 1.0
11-21 08:03:52.724 E/StatusBarClientConnection(10851): Service connected
11-21 08:03:52.727 D/WifiConnector( 2870): Network State Changed
11-21 08:03:52.736 W/View    (10851): requestLayout() improperly called by android.view.View{f9f29e2 V.ED..... ......I. 0,368-474,474} during layout: running second layout pass
11-21 08:03:52.745 D/WifiSharingService( 2870): Starting Wi-Fi scan
11-21 08:03:52.745 I/WifiService( 1186): startScan uid=1000
11-21 08:03:52.752 W/View    (10851): requestLayout() improperly called by com.facebook.wearable.common.wds.listview.WdsListView{5e84cf6 V.E..V... ........ 0,0-474,474} during second layout pass: posting in next frame
11-21 08:03:52.757 D/WifiNative( 1186): Scan trigered from WifiNative
11-21 08:03:52.759 I/chatty  ( 1026): uid=1021(gps) lowi-server expire 97 lines
11-21 08:03:52.759 V/WifiHAL (  544): event received NL80211_CMD_TRIGGER_SCAN
11-21 08:03:53.300 D/WifiNl80211Manager( 1186): Scan result ready event
11-21 08:03:53.300 D/WifiNative( 1186): Scan result ready event
11-21 08:03:53.301 V/WifiHAL (  544): event received NL80211_CMD_NEW_SCAN_RESULTS
11-21 08:03:53.310 D/LOWI-9.0.0.80( 1026): [LOWI-Scan] print_bss_handler: Report Probe TSF 144921023027 as it greater than Beacon TSF 144842247763
11-21 08:03:53.310 I/LOWI-9.0.0.80( 1026): [LOWI-Scan] RSN_IE
11-21 08:03:53.310 D/LOWI-9.0.0.80( 1026): [LOWI-Scan] decode_rsn_wpa_ie: Entered
11-21 08:03:53.310 D/LOWI-9.0.0.80( 1026): [LOWIUtils] hexDump: msg(30 14 01 00 00 0f ac 04 01 00 00 0f ac 04 01 00 00 0f ac 02 )
11-21 08:03:53.310 D/LOWI-9.0.0.80( 1026): [LOWI-Scan] decode_rsn_wpa_ie: LOWI_ENCRYPTION_TYPE_WPA_PSK
11-21 08:03:53.310 D/LOWI-9.0.0.80( 1026): [LOWI-Scan] is_qcom_ie, bss_age: 47
11-21 08:03:53.310 D/LOWI-9.0.0.80( 1026): [LOWI-Scan] BSS 2c:57:41:86:7a:61 LOWI_PHY_MODE_11NG_HT20(5), Beacon Interval: 100, LOWI_ENCRYPTION_TYPE_WPA_PSK 11mcRanging: No, ANQP: No, LCI: No, Civic: No, capability(0x1411): ESS Privacy ShortSlotTime
11-21 08:03:53.310 D/LOWI-9.0.0.80( 1026): [LOWI-Scan] BSS 2c:57:41:86:7a:61 FREQ: 2412, cFreq1[40:80:160] = [0:0:0] cFreq2 = 0 Country Code = US
11-21 08:03:53.310 D/LOWI-9.0.0.80( 1026): [LOWI-Scan] BSS 2c:57:41:86:7a:61 (wlan0) ASSO: NO AddInfo: 0x0, TSF 1, 16:15:21.023, RSSI: -144, CPL: 3, AGE: 0,  SSID kittyhawk, TSFDelta: 0x0, TXRate: 0
11-21 08:03:53.311 D/LOWI-9.0.0.80( 1026): [LOWI-Scan] 
11-21 08:03:53.311 D/LOWI-9.0.0.80( 1026): [LOWI-Scan] print_bss_handler: Report Probe TSF 144921022949 as it greater than Beacon TSF 144090921590
11-21 08:03:53.311 I/LOWI-9.0.0.80( 1026): [LOWI-Scan] RSN_IE
11-21 08:03:53.311 D/LOWI-9.0.0.80( 1026): [LOWI-Scan] decode_rsn_wpa_ie: Entered
11-21 08:03:53.311 D/LOWI-9.0.0.80( 1026): [LOWIUtils] hexDump: msg(30 14 01 00 00 0f ac 04 01 00 00 0f ac 04 01 00 00 0f ac 02 )
11-21 08:03:53.311 D/LOWI-9.0.0.80( 1026): [LOWI-Scan] decode_rsn_wpa_ie: LOWI_ENCRYPTION_TYPE_WPA_PSK
11-21 08:03:53.311 D/LOWI-9.0.0.80( 1026): [LOWI-Scan] is_qcom_ie, bss_age: 3
11-21 08:03:53.311 D/LOWI-9.0.0.80( 1026): [LOWI-Scan] BSS 2c:57:41:86:90:a1 LOWI_PHY_MODE_11NG_HT20(5), Beacon Interval: 100, LOWI_ENCRYPTION_TYPE_WPA_PSK 11mcRanging: No, ANQP: No, LCI: No, Civic: No, capability(0x1411): ESS Privacy ShortSlotTime
11-21 08:03:53.311 D/LOWI-9.0.0.80( 1026): [LOWI-Scan] BSS 2c:57:41:86:90:a1 FREQ: 2462, cFreq1[40:80:160] = [0:0:0] cFreq2 = 0 Country Code = US
11-21 08:03:53.311 D/LOWI-9.0.0.80( 1026): [LOWI-Scan] BSS 2c:57:41:86:90:a1 (wlan0) ASSO: NO AddInfo: 0x0, TSF 1, 16:15:21.022, RSSI: -140, CPL: 2, AGE: 0,  SSID kittyhawk, TSFDelta: 0x0, TXRate: 0
11-21 08:03:53.312 D/LOWI-9.0.0.80( 1026): [LOWI-Scan] 
11-21 08:03:53.312 D/LOWI-9.0.0.80( 1026): [LOWI-Scan] print_bss_handler: Report Probe TSF 144921022886 as it greater than Beacon TSF 144842247627
11-21 08:03:53.312 I/LOWI-9.0.0.80( 1026): [LOWI-Scan] RSN_IE
11-21 08:03:53.312 D/LOWI-9.0.0.80( 1026): [LOWI-Scan] decode_rsn_wpa_ie: Entered
11-21 08:03:53.312 D/LOWI-9.0.0.80( 1026): [LOWIUtils] hexDump: msg(30 14 01 00 00 0f ac 04 01 00 00 0f ac 04 01 00 00 0f ac 02 )
11-21 08:03:53.312 D/LOWI-9.0.0.80( 1026): [LOWI-Scan] decode_rsn_wpa_ie: LOWI_ENCRYPTION_TYPE_WPA_PSK
11-21 08:03:53.312 D/LOWI-9.0.0.80( 1026): [LOWI-Scan] is_qcom_ie, bss_age: 47
11-21 08:03:53.312 D/LOWI-9.0.0.80( 1026): [LOWI-Scan] BSS be:9e:0e:1c:6e:7f LOWI_PHY_MODE_11AC_VHT20_2G(11), Beacon Interval: 100, LOWI_ENCRYPTION_TYPE_WPA_PSK 11mcRanging: No, ANQP: No, LCI: No, Civic: No, capability(0x1431): ESS Privacy ShortPreamble ShortSlotTime
11-21 08:03:53.312 D/LOWI-9.0.0.80( 1026): [LOWI-Scan] BSS be:9e:0e:1c:6e:7f FREQ: 2412, cFreq1[40:80:160] = [0:0:0] cFreq2 = 0 Country Code =    
11-21 08:03:53.312 D/LOWI-9.0.0.80( 1026): [LOWI-Scan] BSS be:9e:0e:1c:6e:7f (wlan0) ASSO: NO AddInfo: 0x0, TSF 1, 16:15:21.022, RSSI: -114, CPL: 127, AGE: 0,  SSID Pixel_3541, TSFDelta: 0x0, TXRate: 0
11-21 08:03:53.313 D/LOWI-9.0.0.80( 1026): [LOWI-Scan] 
11-21 08:03:53.313 D/LOWI-9.0.0.80( 1026): [LOWI-Scan] print_bss_handler: Report Probe TSF 144921022929 as it greater than Beacon TSF 144742415163
11-21 08:03:53.313 I/LOWI-9.0.0.80( 1026): [LOWI-Scan] RSN_IE
11-21 08:03:53.313 D/LOWI-9.0.0.80( 1026): [LOWI-Scan] decode_rsn_wpa_ie: Entered
11-21 08:03:53.313 D/LOWI-9.0.0.80( 1026): [LOWIUtils] hexDump: msg(30 14 01 00 00 0f ac 04 01 00 00 0f ac 04 01 00 00 0f ac 02 )
11-21 08:03:53.313 D/LOWI-9.0.0.80( 1026): [LOWI-Scan] decode_rsn_wpa_ie: LOWI_ENCRYPTION_TYPE_WPA_PSK
11-21 08:03:53.313 D/LOWI-9.0.0.80( 1026): [LOWI-Scan] is_qcom_ie, bss_age: 3
11-21 08:03:53.313 D/LOWI-9.0.0.80( 1026): [LOWI-Scan] BSS 18:64:72:60:2b:40 LOWI_PHY_MODE_11NG_HT20(5), Beacon Interval: 100, LOWI_ENCRYPTION_TYPE_WPA_PSK 11mcRanging: No, ANQP: No, LCI: No, Civic: No, capability(0x0431): ESS Privacy ShortPreamble ShortSlotTime
11-21 08:03:53.313 D/LOWI-9.0.0.80( 1026): [LOWI-Scan] BSS 18:64:72:60:2b:40 FREQ: 2462, cFreq1[40:80:160] = [0:0:0] cFreq2 = 0 Country Code =    
11-21 08:03:53.313 D/LOWI-9.0.0.80( 1026): [LOWI-Scan] BSS 18:64:72:60:2b:40 (wlan0) ASSO: NO AddInfo: 0x0, TSF 1, 16:15:21.022, RSSI: -138, CPL: 127, AGE: 0,  SSID lab-t24103779, TSFDelta: 0x0, TXRate: 0
11-21 08:03:53.314 D/LOWI-9.0.0.80( 1026): [LOWI-Scan] 
11-21 08:03:53.314 D/WificondScannerImpl( 1186): Filtering out 3 scan results.
11-21 08:03:53.314 D/LOWI-9.0.0.80( 1026): [LOWI-Scan] print_bss_handler: Report Probe TSF 144921022908 as it greater than Beacon TSF 144792642813
11-21 08:03:53.314 I/LOWI-9.0.0.80( 1026): [LOWI-Scan] RSN_IE
11-21 08:03:53.314 D/LOWI-9.0.0.80( 1026): [LOWI-Scan] decode_rsn_wpa_ie: Entered
11-21 08:03:53.314 D/LOWI-9.0.0.80( 1026): [LOWIUtils] hexDump: msg(30 14 01 00 00 0f ac 04 01 00 00 0f ac 04 01 00 00 0f ac 02 )
11-21 08:03:53.314 D/LOWI-9.0.0.80( 1026): [LOWI-Scan] decode_rsn_wpa_ie: LOWI_ENCRYPTION_TYPE_WPA_PSK
11-21 08:03:53.315 D/LOWI-9.0.0.80( 1026): [LOWI-Scan] is_qcom_ie, bss_age: 41
11-21 08:03:53.315 D/LOWI-9.0.0.80( 1026): [LOWI-Scan] BSS 52:b8:14:37:74:3f LOWI_PHY_MODE_11AC_VHT20_2G(11), Beacon Interval: 100, LOWI_ENCRYPTION_TYPE_WPA_PSK 11mcRanging: No, ANQP: No, LCI: No, Civic: No, capability(0x1431): ESS Privacy ShortPreamble ShortSlotTime
11-21 08:03:53.315 D/LOWI-9.0.0.80( 1026): [LOWI-Scan] BSS 52:b8:14:37:74:3f FREQ: 2417, cFreq1[40:80:160] = [0:0:0] cFreq2 = 0 Country Code =    
11-21 08:03:53.315 D/LOWI-9.0.0.80( 1026): [LOWI-Scan] BSS 52:b8:14:37:74:3f (wlan0) ASSO: NO AddInfo: 0x0, TSF 1, 16:15:21.022, RSSI: -112, CPL: 127, AGE: 0,  SSID Pixel_8668, TSFDelta: 0x0, TXRate: 0
11-21 08:03:53.315 D/LOWI-9.0.0.80( 1026): [LOWI-Scan] 
11-21 08:03:53.315 D/LOWI-9.0.0.80( 1026): [LOWI-Scan] print_bss_handler: Report Probe TSF 144921022985 as it greater than Beacon TSF 144540441203
11-21 08:03:53.315 I/LOWI-9.0.0.80( 1026): [LOWI-Scan] RSN_IE
11-21 08:03:53.315 D/LOWI-9.0.0.80( 1026): [LOWI-Scan] decode_rsn_wpa_ie: Entered
11-21 08:03:53.316 D/LOWI-9.0.0.80( 1026): [LOWIUtils] hexDump: msg(30 14 01 00 00 0f ac 04 01 00 00 0f ac 04 01 00 00 0f ac 02 )
11-21 08:03:53.316 D/LOWI-9.0.0.80( 1026): [LOWI-Scan] decode_rsn_wpa_ie: LOWI_ENCRYPTION_TYPE_WPA_PSK
11-21 08:03:53.316 D/LOWI-9.0.0.80( 1026): [LOWI-Scan] is_qcom_ie, bss_age: 3
11-21 08:03:53.316 D/LOWI-9.0.0.80( 1026): [LOWI-Scan] BSS 2c:57:41:86:94:a1 LOWI_PHY_MODE_11NG_HT20(5), Beacon Interval: 100, LOWI_ENCRYPTION_TYPE_WPA_PSK 11mcRanging: No, ANQP: No, LCI: No, Civic: No, capability(0x1411): ESS Privacy ShortSlotTime
11-21 08:03:53.316 D/LOWI-9.0.0.80( 1026): [LOWI-Scan] BSS 2c:57:41:86:94:a1 FREQ: 2462, cFreq1[40:80:160] = [0:0:0] cFreq2 = 0 Country Code = US
11-21 08:03:53.316 D/LOWI-9.0.0.80( 1026): [LOWI-Scan] BSS 2c:57:41:86:94:a1 (wlan0) ASSO: NO AddInfo: 0x0, TSF 1, 16:15:21.022, RSSI: -146, CPL: 2, AGE: 0,  SSID kittyhawk, TSFDelta: 0x0, TXRate: 0
11-21 08:03:53.316 D/LOWI-9.0.0.80( 1026): [LOWI-Scan] 
11-21 08:03:53.317 D/LOWI-9.0.0.80( 1026): [LOWI-Scan] print_bss_handler: Report Probe TSF 144921023047 as it greater than Beacon TSF 0
11-21 08:03:53.317 I/LOWI-9.0.0.80( 1026): [LOWI-Scan] RSN_IE
11-21 08:03:53.317 D/LOWI-9.0.0.80( 1026): [LOWI-Scan] decode_rsn_wpa_ie: Entered
11-21 08:03:53.317 D/LOWI-9.0.0.80( 1026): [LOWIUtils] hexDump: msg(30 14 01 00 00 0f ac 04 01 00 00 0f ac 04 01 00 00 0f ac 02 )
11-21 08:03:53.317 D/LOWI-9.0.0.80( 1026): [LOWI-Scan] decode_rsn_wpa_ie: LOWI_ENCRYPTION_TYPE_WPA_PSK
11-21 08:03:53.317 D/LOWI-9.0.0.80( 1026): [LOWI-Scan] is_qcom_ie, bss_age: 3
11-21 08:03:53.317 D/LOWI-9.0.0.80( 1026): [LOWI-Scan] BSS 2c:57:41:86:85:21 LOWI_PHY_MODE_11NG_HT20(5), Beacon Interval: 100, LOWI_ENCRYPTION_TYPE_WPA_PSK 11mcRanging: No, ANQP: No, LCI: No, Civic: No, capability(0x1411): ESS Privacy ShortSlotTime
11-21 08:03:53.317 D/LOWI-9.0.0.80( 1026): [LOWI-Scan] BSS 2c:57:41:86:85:21 FREQ: 2462, cFreq1[40:80:160] = [0:0:0] cFreq2 = 0 Country Code = US
11-21 08:03:53.317 D/LOWI-9.0.0.80( 1026): [LOWI-Scan] BSS 2c:57:41:86:85:21 (wlan0) ASSO: NO AddInfo: 0x0, TSF 1, 16:15:21.023, RSSI: -152, CPL: 2, AGE: 0,  SSID kittyhawk, TSFDelta: 0x0, TXRate: 0
11-21 08:03:53.318 D/LOWI-9.0.0.80( 1026): [LOWI-Scan] 
11-21 08:03:53.318 D/LOWI-9.0.0.80( 1026): [LOWI-Scan] print_bss_handler: Report Probe TSF 144921023067 as it greater than Beacon TSF 144871082011
11-21 08:03:53.318 I/LOWI-9.0.0.80( 1026): [LOWI-Scan] RSN_IE
11-21 08:03:53.318 D/LOWI-9.0.0.80( 1026): [LOWI-Scan] decode_rsn_wpa_ie: Entered
11-21 08:03:53.318 D/LOWI-9.0.0.80( 1026): [LOWIUtils] hexDump: msg(30 14 01 00 00 0f ac 04 01 00 00 0f ac 04 01 00 00 0f ac 02 )
11-21 08:03:53.318 D/LOWI-9.0.0.80( 1026): [LOWI-Scan] decode_rsn_wpa_ie: LOWI_ENCRYPTION_TYPE_WPA_PSK
11-21 08:03:53.318 D/LOWI-9.0.0.80( 1026): [LOWI-Scan] is_qcom_ie, bss_age: 25
11-21 08:03:53.318 D/LOWI-9.0.0.80( 1026): [LOWI-Scan] BSS 2c:57:41:86:76:61 LOWI_PHY_MODE_11NG_HT20(5), Beacon Interval: 100, LOWI_ENCRYPTION_TYPE_WPA_PSK 11mcRanging: No, ANQP: No, LCI: No, Civic: No, capability(0x1411): ESS Privacy ShortSlotTime
11-21 08:03:53.318 D/LOWI-9.0.0.80( 1026): [LOWI-Scan] BSS 2c:57:41:86:76:61 FREQ: 2437, cFreq1[40:80:160] = [0:0:0] cFreq2 = 0 Country Code = US
11-21 08:03:53.318 D/LOWI-9.0.0.80( 1026): [LOWI-Scan] BSS 2c:57:41:86:76:61 (wlan0) ASSO: NO AddInfo: 0x0, TSF 1, 16:15:21.023, RSSI: -162, CPL: 2, AGE: 0,  SSID kittyhawk, TSFDelta: 0x0, TXRate: 0
11-21 08:03:53.319 D/LOWI-9.0.0.80( 1026): [LOWI-Scan] 
11-21 08:03:53.319 D/LOWI-9.0.0.80( 1026): [LOWI-Scan] print_bss_handler: Report beacon TSF 144921023086 as it greater than probe TSF 144892463871
11-21 08:03:53.319 I/LOWI-9.0.0.80( 1026): [LOWI-Scan] RSN_IE
11-21 08:03:53.319 D/LOWI-9.0.0.80( 1026): [LOWI-Scan] decode_rsn_wpa_ie: Entered
11-21 08:03:53.319 D/LOWI-9.0.0.80( 1026): [LOWIUtils] hexDump: msg(30 14 01 00 00 0f ac 04 01 00 00 0f ac 04 01 00 00 0f ac 02 )
11-21 08:03:53.319 D/LOWI-9.0.0.80( 1026): [LOWI-Scan] decode_rsn_wpa_ie: LOWI_ENCRYPTION_TYPE_WPA_PSK
11-21 08:03:53.320 D/LOWI-9.0.0.80( 1026): [LOWI-Scan] is_qcom_ie, bss_age: 14
11-21 08:03:53.320 D/LOWI-9.0.0.80( 1026): [LOWI-Scan] BSS 00:24:b1:02:cb:dc LOWI_PHY_MODE_11NG_HT20(5), Beacon Interval: 100, LOWI_ENCRYPTION_TYPE_WPA_PSK 11mcRanging: No, ANQP: No, LCI: No, Civic: No, capability(0x0431): ESS Privacy ShortPreamble ShortSlotTime
11-21 08:03:53.320 D/LOWI-9.0.0.80( 1026): [LOWI-Scan] BSS 00:24:b1:02:cb:dc FREQ: 2452, cFreq1[40:80:160] = [0:0:0] cFreq2 = 0 Country Code =    
11-21 08:03:53.320 D/LOWI-9.0.0.80( 1026): [LOWI-Scan] BSS 00:24:b1:02:cb:dc (wlan0) ASSO: NO AddInfo: 0x1, TSF 1, 16:15:21.023, RSSI: -178, CPL: 127, AGE: 0,  SSID 0024b1000002cbdc, TSFDelta: 0x0, TXRate: 0
11-21 08:03:53.320 D/LOWI-9.0.0.80( 1026): [LOWI-Scan] 
11-21 08:03:53.321 D/LOWI-9.0.0.80( 1026): [LOWI-Scan] print_bss_handler: Report Probe TSF 144892463833 as it greater than Beacon TSF 0
11-21 08:03:53.321 I/LOWI-9.0.0.80( 1026): [LOWI-Scan] RSN_IE
11-21 08:03:53.321 D/LOWI-9.0.0.80( 1026): [LOWI-Scan] decode_rsn_wpa_ie: Entered
11-21 08:03:53.321 D/LOWI-9.0.0.80( 1026): [LOWIUtils] hexDump: msg(30 18 01 00 00 0f ac 02 02 00 00 0f ac 02 00 0f ac 04 01 00 00 0f ac 02 )
11-21 08:03:53.321 D/LOWI-9.0.0.80( 1026): [LOWI-Scan] decode_rsn_wpa_ie: LOWI_ENCRYPTION_TYPE_WPA_PSK
11-21 08:03:53.321 D/LOWI-9.0.0.80( 1026): [LOWI-Scan] is_qcom_ie, bss_age: 31
11-21 08:03:53.321 D/LOWI-9.0.0.80( 1026): [LOWI-Scan] adjust_age:AP AGE upper limit reached. Dont store
11-21 08:03:53.321 D/LOWI-9.0.0.80( 1026): [LOWI-Scan] BSS 18:4f:32:07:46:03 LOWI_PHY_MODE_11NG_HT20(5), Beacon Interval: 100, LOWI_ENCRYPTION_TYPE_WPA_PSK 11mcRanging: No, ANQP: No, LCI: No, Civic: No, capability(0x0431): ESS Privacy ShortPreamble ShortSlotTime
11-21 08:03:53.321 D/LOWI-9.0.0.80( 1026): [LOWI-Scan] BSS 18:4f:32:07:46:03 FREQ: 2437, cFreq1[40:80:160] = [0:0:0] cFreq2 = 0 Country Code =    
11-21 08:03:53.321 D/LOWI-9.0.0.80( 1026): [LOWI-Scan] BSS 18:4f:32:07:46:03 (wlan0) ASSO: NO AddInfo: 0x0, TSF 1, 16:14:52.463, RSSI: -170, CPL: 127, AGE: 28560,  SSID HP-Print-03-LaserJet Pro MFP, TSFDelta: 0x0, TXRate: 0
11-21 08:03:53.322 D/LOWI-9.0.0.80( 1026): [LOWI-Scan] 
11-21 08:03:53.322 D/LOWI-9.0.0.80( 1026): [LOWI-Scan] print_bss_handler: Report Probe TSF 144892463789 as it greater than Beacon TSF 0
11-21 08:03:53.322 I/LOWI-9.0.0.80( 1026): [LOWI-Scan] RSN_IE
11-21 08:03:53.322 D/LOWI-9.0.0.80( 1026): [LOWI-Scan] decode_rsn_wpa_ie: Entered
11-21 08:03:53.322 D/LOWI-9.0.0.80( 1026): [LOWIUtils] hexDump: msg(30 14 01 00 00 0f ac 04 01 00 00 0f ac 04 01 00 00 0f ac 02 )
11-21 08:03:53.322 D/LOWI-9.0.0.80( 1026): [LOWI-Scan] decode_rsn_wpa_ie: LOWI_ENCRYPTION_TYPE_WPA_PSK
11-21 08:03:53.322 D/LOWI-9.0.0.80( 1026): [LOWI-Scan] is_qcom_ie, bss_age: 57
11-21 08:03:53.322 D/LOWI-9.0.0.80( 1026): [LOWI-Scan] adjust_age:AP AGE upper limit reached. Dont store
11-21 08:03:53.322 D/LOWI-9.0.0.80( 1026): [LOWI-Scan] BSS 2c:57:41:89:53:21 LOWI_PHY_MODE_11NG_HT20(5), Beacon Interval: 100, LOWI_ENCRYPTION_TYPE_WPA_PSK 11mcRanging: No, ANQP: No, LCI: No, Civic: No, capability(0x1411): ESS Privacy ShortSlotTime
11-21 08:03:53.322 D/LOWI-9.0.0.80( 1026): [LOWI-Scan] BSS 2c:57:41:89:53:21 FREQ: 2412, cFreq1[40:80:160] = [0:0:0] cFreq2 = 0 Country Code = US
11-21 08:03:53.322 D/LOWI-9.0.0.80( 1026): [LOWI-Scan] BSS 2c:57:41:89:53:21 (wlan0) ASSO: NO AddInfo: 0x0, TSF 1, 16:14:52.463, RSSI: -158, CPL: 3, AGE: 28560,  SSID kittyhawk, TSFDelta: 0x0, TXRate: 0
11-21 08:03:53.323 D/LOWI-9.0.0.80( 1026): [LOWI-Scan] 
11-21 08:03:53.323 D/LOWI-9.0.0.80( 1026): [LOWI-Scan] print_bss_handler: Report Probe TSF 144892463811 as it greater than Beacon TSF 0
11-21 08:03:53.323 I/LOWI-9.0.0.80( 1026): [LOWI-Scan] RSN_IE
11-21 08:03:53.323 D/LOWI-9.0.0.80( 1026): [LOWI-Scan] decode_rsn_wpa_ie: Entered
11-21 08:03:53.323 D/LOWI-9.0.0.80( 1026): [LOWIUtils] hexDump: msg(30 14 01 00 00 0f ac 04 01 00 00 0f ac 04 01 00 00 0f ac 02 )
11-21 08:03:53.323 D/LOWI-9.0.0.80( 1026): [LOWI-Scan] decode_rsn_wpa_ie: LOWI_ENCRYPTION_TYPE_WPA_PSK
11-21 08:03:53.323 D/LOWI-9.0.0.80( 1026): [LOWI-Scan] is_qcom_ie, bss_age: 29
11-21 08:03:53.323 D/LOWI-9.0.0.80( 1026): [LOWI-Scan] adjust_age:AP AGE upper limit reached. Dont store
11-21 08:03:53.323 D/LOWI-9.0.0.80( 1026): [LOWI-Scan] BSS 2c:57:41:89:63:c1 LOWI_PHY_MODE_11NG_HT20(5), Beacon Interval: 100, LOWI_ENCRYPTION_TYPE_WPA_PSK 11mcRanging: No, ANQP: No, LCI: No, Civic: No, capability(0x1411): ESS Privacy ShortSlotTime
11-21 08:03:53.323 D/LOWI-9.0.0.80( 1026): [LOWI-Scan] BSS 2c:57:41:89:63:c1 FREQ: 2437, cFreq1[40:80:160] = [0:0:0] cFreq2 = 0 Country Code = US
11-21 08:03:53.323 D/LOWI-9.0.0.80( 1026): [LOWI-Scan] BSS 2c:57:41:89:63:c1 (wlan0) ASSO: NO AddInfo: 0x0, TSF 1, 16:14:52.463, RSSI: -160, CPL: 2, AGE: 28560,  SSID kittyhawk, TSFDelta: 0x0, TXRate: 0
11-21 08:03:53.324 D/LOWI-9.0.0.80( 1026): [LOWIDiagLog] Log: lowiMeasResult->request: invalid null argument
11-21 08:03:53.324 I/LOWI-9.0.0.80( 1026): [LOWI-Scan] lowi_close_record:Scan done in 144877094ms, 21 APs in scan results
11-21 08:03:53.324 D/LOWI-9.0.0.80( 1026): [LOWI-Scan] WipsScanUsingNL: passive scan cached 0, took 9061 ms, err 0
11-21 08:03:53.324 D/LOWI-9.0.0.80( 1026): [LOWI-Scan] lowi_proc_req_passive_scan_with_live_meas - No WLAN Frames to be parsed
11-21 08:03:53.324 D/LOWI-9.0.0.80( 1026): [LOWIScanResultReceiver] Send scan meas to listener
11-21 08:03:53.324 D/LOWI-9.0.0.80( 1026): [LOWIScanResultReceiver] Enter passive listening mode
11-21 08:03:53.324 D/LOWI-9.0.0.80( 1026): [LOWIWifiDriverInterface] getMeasurements - Passive listening mode
11-21 08:03:53.324 D/LOWI-9.0.0.80( 1026): [LOWI-Scan] WipsScanUsingNL:wait -1 sec for netlink message
11-21 08:03:53.324 D/LOWI-9.0.0.80( 1026): [LOWIEventReceiver] handleEvent:FROM:NA, TO:NA, REQ:NA, IREQ:NA, REQ_ID:0, RESP:NA, INFO:NA
11-21 08:03:53.324 D/LOWI-9.0.0.80( 1026): [LOWIBackgroundScanMgr] isRspForBgScanMgr: evt(LOWI_NO_EVT) - not handled
11-21 08:03:53.324 D/LOWI-9.0.0.80( 1026): [LOWIScheduler] manageMsg: NULL results or NULL request in results
11-21 08:03:53.324 D/LOWI-9.0.0.80( 1026): [LOWIController] Measurements received
11-21 08:03:53.324 D/LOWI-9.0.0.80( 1026): [LOWICacheManager] putInCache:Num of Meas to add: 21
11-21 08:03:53.325 D/PasspointManager( 1186): ANQP entry not found for: 5e:6e:be:46:77:d7:<Pixel_R3>
11-21 08:03:53.325 D/PasspointManager( 1186): ANQP entry not found for: 12:d7:96:61:85:9f:<Pixel_R5>
11-21 08:03:53.325 D/PasspointManager( 1186): ANQP entry not found for: ce:dc:12:3b:87:fd:<Pixel5_R1>
11-21 08:03:53.326 D/LOWI-9.0.0.80( 1026): [LOWIController] processMeasurementResults: No current Request. Cache measurements
11-21 08:03:53.326 D/LOWI-9.0.0.80( 1026): [LOWIControllerExtn] sendLOWILpDiscoveryScanResponse: Not a discovery scan response
11-21 08:03:53.326 D/PasspointManager( 1186): ANQP entry not found for: fe:2d:5a:49:61:eb:<Pixel_R2>
11-21 08:03:53.326 D/PasspointManager( 1186): ANQP entry not found for: c6:82:9b:4e:b3:9e:<Pixel_R6>
11-21 08:03:53.379 D/WifiSharingService( 2870): Sending scanResults intent with status code 0: PendingIntent{ac8949b: android.os.BinderProxy@a5e3d94}
11-21 08:03:53.385 D/CompatibilityInfo( 1186): mCompatibilityFlags - 4
11-21 08:03:53.385 D/CompatibilityInfo( 1186): applicationDensity - 320
11-21 08:03:53.385 D/CompatibilityInfo( 1186): applicationScale - 1.0
11-21 08:03:54.347 W/HWComposer(  598): Ignoring duplicate VSYNC event from HWC for display 0 (t=144922072719350)
11-21 08:03:54.398 W/HWComposer(  598): Ignoring duplicate VSYNC event from HWC for display 0 (t=144922123335548)
11-21 08:03:55.727 D/UIAutomatorStub(15932): URI: /jsonrpc/0, Method: POST, Header: {content-length=229, remote-addr=127.0.0.1, http-client-ip=127.0.0.1, host=localhost:9012, content-type=application/json, accept-encoding=identity}, params, {NanoHttpd.QUERY_STRING=null}, files: {postData={"jsonrpc": "2.0", "method": "objInfo", "id": "637b5b9e132d26e2498d3d87b4d0db92", "params": [{"mask": 2097152, "childOrSibling": [], "childOrSiblingSelector": [], "resourceId": "com.facebook.wearable.system.settings:id/toggle"}]}}
11-21 08:03:55.806 D/UIAutomatorStub(15932): URI: /jsonrpc/0, Method: POST, Header: {content-length=227, remote-addr=127.0.0.1, http-client-ip=127.0.0.1, host=localhost:9012, content-type=application/json, accept-encoding=identity}, params, {NanoHttpd.QUERY_STRING=null}, files: {postData={"jsonrpc": "2.0", "method": "click", "id": "f613b26f88704741fb5e5c8d92724e23", "params": [{"mask": 2097152, "childOrSibling": [], "childOrSiblingSelector": [], "resourceId": "com.facebook.wearable.system.settings:id/toggle"}]}}
11-21 08:03:55.864 D/WifiSharingService( 2870): Setting Wi-Fi enabled state
11-21 08:03:55.864 I/WifiService( 1186): setWifiEnabled package=com.facebook.wearable.system.connectivity uid=1000 enable=false
11-21 08:03:55.869 D/WifiActiveModeWarden( 1186): Switching all client mode managers
11-21 08:03:55.872 D/QCNEJ/WlanStaInfoRelay( 1907): onChange for uri = content://settings/global/wifi_on
11-21 08:03:55.878 D/BluetoothAdapterService( 1710): android.net.wifi.WIFI_STATE_CHANGED
11-21 08:03:55.879 D/WifiP2pService( 1186): Wifi enabled=false, P2P Interface availability=true
11-21 08:03:55.880 D/WifiP2pNative( 1186): Teardown P2P interface
11-21 08:03:55.880 D/WifiP2pService( 1186): Wifi enabled=false, P2P Interface availability=true
11-21 08:03:55.882 W/ContextImpl( 1186): Calling a method in the system process without a qualified user: android.app.ContextImpl.sendBroadcastMultiplePermissions:1143 android.content.Context.sendBroadcastWithMultiplePermissions:2150 com.android.server.display.WifiDisplayAdapter.handleSendStatusChangeBroadcast:440 com.android.server.display.WifiDisplayAdapter.access$1700:63 com.android.server.display.WifiDisplayAdapter$WifiDisplayHandler.handleMessage:675 
11-21 08:03:55.887 E/QMI_FW  (  915): qmi_cci_get_ref: ref count increased 2
11-21 08:03:55.889 D/WifiClientModeManager0( 1186): IMS not registered over IWLAN for subId: 1
11-21 08:03:55.889 D/WifiClientModeManager0( 1186): The target role 5
11-21 08:03:55.894 I/android_os_HwBinder( 1186): HwBinder: Starting thread pool for getting: android.hardware.wifi.supplicant@1.0::ISupplicant/default
11-21 08:03:55.896 I/wpa_supplicant(29518): wlan0: Do not deauthenticate as part of interface deinit since WoWLAN is enabled
11-21 08:03:55.933 W/HWComposer(  598): Ignoring duplicate VSYNC event from HWC for display 0 (t=144923658529610)
11-21 08:03:55.944 I/wpa_supplicant(29518): Try to unregister vendor STA network
11-21 08:03:55.949 E/wpa_supplicant(29518): eap_proxy: pthread_join on eap_proxy=0xd540eac
11-21 08:03:55.949 E/wpa_supplicant(29518): eap_proxy: session not started for client = 1
11-21 08:03:55.949 E/QMI_FW  (29518): qmi_cci_get_ref: ref count increased 2
11-21 08:03:55.949 E/QMI_FW  (29518): qmi_cci_get_ref: ref count increased 2
11-21 08:03:55.950 E/wpa_supplicant(29518): eap_proxy: Released QMI UIM service client
11-21 08:03:55.951 E/QMI_FW  (29518): qmi_cci_get_ref: ref count increased 2
11-21 08:03:55.952 E/QMI_FW  (29518): qmi_cci_get_ref: ref count increased 2
11-21 08:03:55.953 E/wpa_supplicant(29518): eap_proxy: Released QMI EAP service client
11-21 08:03:55.954 E/wpa_supplicant(29518): eap_proxy: session not started for client = 2
11-21 08:03:55.954 E/QMI_FW  (29518): qmi_cci_get_ref: ref count increased 2
11-21 08:03:55.954 E/QMI_FW  (29518): qmi_cci_get_ref: ref count increased 2
11-21 08:03:55.954 E/wpa_supplicant(29518): eap_proxy: Released QMI UIM service client
11-21 08:03:55.955 E/QMI_FW  (29518): qmi_cci_get_ref: ref count increased 2
11-21 08:03:55.955 E/QMI_FW  (29518): qmi_cci_get_ref: ref count increased 2
11-21 08:03:55.955 E/wpa_supplicant(29518): eap_proxy: Released QMI EAP service client
11-21 08:03:55.955 I/wpa_supplicant(29518): eap_proxy: eap_proxy Deinitialzed
11-21 08:03:56.005 I/wpa_supplicant(29518): nl80211: deinit ifname=wlan0 disabled_11b_rates=0
11-21 08:03:56.055 D/LOWI-9.0.0.80( 1026): [LOWINetlinkSocketReceiver] unpackRTMLinkMessage: RTM_NEWLINK - ifname wlan0, flags 0x11043 ([UP][RUNNING])
11-21 08:03:56.055 D/LOWI-9.0.0.80( 1026): [LOWINetlinkSocketReceiver] processNetlinkPacket: ifname(wlan0) status(2)
11-21 08:03:56.055 D/LOWI-9.0.0.80( 1026): [LOWIController] intfStateReceived: ifname(wlan0) state(2)
11-21 08:03:56.056 D/LOWI-9.0.0.80( 1026): [LOWIEventReceiver] handleEvent:FROM:NA, TO:NA, REQ:NA, IREQ:NA, REQ_ID:0, RESP:NA, INFO:INTF-STATUS-UPDATE
11-21 08:03:56.057 I/wpa_supplicant(29518): Try to unregister vendor interface
11-21 08:03:56.058 D/LOWI-9.0.0.80( 1026): [LOWIEventReceiver] Info to [INTF-STATUS-UPDATE]
11-21 08:03:56.058 D/LOWI-9.0.0.80( 1026): [LOWIController] updateIntfState: WIFI enabled 2 mNlWifiStatus 2 mWifiStateEnabled 1
11-21 08:03:56.058 D/LOWI-9.0.0.80( 1026): [LOWIController] isWifiEnabled: mNlWifiStatus 2 mWifiStateEnabled 1
11-21 08:03:56.071 I/SupplicantStaIfaceHal( 1186): Terminating supplicant using HIDL
11-21 08:03:56.075 I/android_os_HwBinder( 1186): HwBinder: Starting thread pool for getting: android.hardware.wifi.supplicant@1.0::ISupplicant/default
11-21 08:03:56.076 I/wpa_supplicant(29518): p2p0: Do not deauthenticate as part of interface deinit since WoWLAN is enabled
11-21 08:03:56.134 E/wpa_supplicant(29518): eap_proxy: pthread_join on eap_proxy=0xd540fa8
11-21 08:03:56.134 E/wpa_supplicant(29518): eap_proxy: session not started for client = 1
11-21 08:03:56.134 E/QMI_FW  (29518): qmi_cci_get_ref: ref count increased 2
11-21 08:03:56.134 E/QMI_FW  (29518): qmi_cci_get_ref: ref count increased 2
11-21 08:03:56.135 E/wpa_supplicant(29518): eap_proxy: Released QMI UIM service client
11-21 08:03:56.136 E/QMI_FW  (29518): qmi_cci_get_ref: ref count increased 2
11-21 08:03:56.136 E/QMI_FW  (29518): qmi_cci_get_ref: ref count increased 2
11-21 08:03:56.136 E/wpa_supplicant(29518): eap_proxy: Released QMI EAP service client
11-21 08:03:56.136 E/wpa_supplicant(29518): eap_proxy: session not started for client = 2
11-21 08:03:56.136 E/QMI_FW  (29518): qmi_cci_get_ref: ref count increased 2
11-21 08:03:56.136 E/QMI_FW  (29518): qmi_cci_get_ref: ref count increased 2
11-21 08:03:56.137 E/wpa_supplicant(29518): eap_proxy: Released QMI UIM service client
11-21 08:03:56.137 E/QMI_FW  (29518): qmi_cci_get_ref: ref count increased 2
11-21 08:03:56.137 E/QMI_FW  (29518): qmi_cci_get_ref: ref count increased 2
11-21 08:03:56.142 E/wpa_supplicant(29518): eap_proxy: Released QMI EAP service client
11-21 08:03:56.142 I/wpa_supplicant(29518): eap_proxy: eap_proxy Deinitialzed
11-21 08:03:56.176 I/wpa_supplicant(29518): nl80211: deinit ifname=p2p0 disabled_11b_rates=0
11-21 08:03:56.235 D/LOWI-9.0.0.80( 1026): [LOWINetlinkSocketReceiver] unpackRTMLinkMessage: RTM_NEWLINK - ifname p2p0, flags 0x1003 ([UP])
11-21 08:03:56.254 D/LOWI-9.0.0.80( 1026): [LOWINetlinkSocketReceiver] unpackRTMLinkMessage: RTM_NEWLINK - ifname p2p0, flags 0x1002 ()
11-21 08:03:56.265 D/LOWI-9.0.0.80( 1026): [LOWINetlinkSocketReceiver] unpackRTMLinkMessage: RTM_NEWLINK - ifname p2p0, flags 0x1002 ()
11-21 08:03:56.267 I/wpa_supplicant(29518): Try to unregister vendor p2 interface
11-21 08:03:56.268 I/WifiP2pNative( 1186): P2P interface teardown completed
11-21 08:03:56.268 D/WifiP2pNative( 1186): P2P InterfaceDestroyedListener p2p0
11-21 08:03:56.268 D/WifiP2pNative( 1186): Ignoring stale interface destroyed listener
11-21 08:03:56.268 D/WifiP2pNative( 1186): P2P InterfaceAvailableListener true
11-21 08:03:56.268 D/WifiP2pService( 1186): Wifi enabled=false, P2P Interface availability=true
11-21 08:03:56.274 I/wpa_supplicant(29518): Terminating...
11-21 08:03:56.276 D/LOWI-9.0.0.80( 1026): [LOWINetlinkSocketReceiver] unpackRTMLinkMessage: RTM_NEWLINK - ifname wlan0, flags 0x1003 ([UP])
11-21 08:03:56.276 D/LOWI-9.0.0.80( 1026): [LOWINetlinkSocketReceiver] processNetlinkPacket: ifname(wlan0) status(1)
11-21 08:03:56.276 D/LOWI-9.0.0.80( 1026): [LOWIController] intfStateReceived: ifname(wlan0) state(1)
11-21 08:03:56.276 D/LOWI-9.0.0.80( 1026): [LOWIEventReceiver] handleEvent:FROM:NA, TO:NA, REQ:NA, IREQ:NA, REQ_ID:0, RESP:NA, INFO:INTF-STATUS-UPDATE
11-21 08:03:56.276 D/LOWI-9.0.0.80( 1026): [LOWIEventReceiver] Info to [INTF-STATUS-UPDATE]
11-21 08:03:56.276 D/LOWI-9.0.0.80( 1026): [LOWIController] updateIntfState: WIFI enabled 1 mNlWifiStatus 2 mWifiStateEnabled 1
11-21 08:03:56.277 D/LOWI-9.0.0.80( 1026): [LOWIController] isWifiEnabled: mNlWifiStatus 1 mWifiStateEnabled 1
11-21 08:03:56.320 D/LOWI-9.0.0.80( 1026): [LOWINetlinkSocketReceiver] unpackRTMLinkMessage: RTM_NEWLINK - ifname wlan0, flags 0x1003 ([UP])
11-21 08:03:56.320 D/LOWI-9.0.0.80( 1026): [LOWINetlinkSocketReceiver] processNetlinkPacket: ifname(wlan0) status(1)
11-21 08:03:56.320 D/LOWI-9.0.0.80( 1026): [LOWIController] intfStateReceived: ifname(wlan0) state(1)
11-21 08:03:56.320 W/SupplicantP2pIfaceHal( 1186): ISupplicant/ISupplicantP2pIface died: cookie=0
11-21 08:03:56.321 D/SupplicantStaIfaceHal( 1186): ISupplicant died: cookie=-7438988353452071936
11-21 08:03:56.321 W/SupplicantP2pIfaceHal( 1186): ISupplicantVendor/ISupplicantVendorP2PIface died: cookie=0
11-21 08:03:56.321 D/LOWI-9.0.0.80( 1026): [LOWIEventReceiver] handleEvent:FROM:NA, TO:NA, REQ:NA, IREQ:NA, REQ_ID:0, RESP:NA, INFO:INTF-STATUS-UPDATE
11-21 08:03:56.321 D/LOWI-9.0.0.80( 1026): [LOWIEventReceiver] Info to [INTF-STATUS-UPDATE]
11-21 08:03:56.321 D/LOWI-9.0.0.80( 1026): [LOWIController] updateIntfState: WIFI enabled 1 mNlWifiStatus 1 mWifiStateEnabled 1
11-21 08:03:56.322 D/LOWI-9.0.0.80( 1026): [LOWIController] isWifiEnabled: mNlWifiStatus 1 mWifiStateEnabled 1
11-21 08:03:56.322 W/SupplicantStaIfaceHal( 1186): Timed out waiting for confirmation of supplicant death
11-21 08:03:56.322 W/SupplicantP2pIfaceHal( 1186): ISupplicant/ISupplicantP2pIface died: cookie=0
11-21 08:03:56.322 W/SupplicantP2pIfaceHal( 1186): ISupplicantVendor/ISupplicantVendorP2PIface died: cookie=0
11-21 08:03:56.323 V/WifiHAL (  544): event received NL80211_CMD_DISCONNECT
11-21 08:03:56.323 W/SupplicantStaIfaceHal( 1186): ISupplicantVendor/ISupplicantVendorStaIface died: cookie=0
11-21 08:03:56.324 W/SupplicantStaIfaceHal( 1186): ISupplicantVendor/ISupplicantVendorStaIface died: cookie=0
11-21 08:03:56.324 E/SupplicantStaIfaceHal( 1186): Can't call getKeyMgmtCapabilities_1_3, ISupplicantStaIface is null
11-21 08:03:56.326 V/WifiHAL (  544): WifiVendorCommand 0xaadf1b98 created vendor_id:0x1374 subcmd:38
11-21 08:03:56.326 V/WifiHAL (  544): Got a Wi-Fi HAL module message from Driver
11-21 08:03:56.326 V/WifiHAL (  544): Supported feature set : 19d3d
11-21 08:03:56.326 V/WifiHAL (  544): Supported feature set acquired : 19d3d
11-21 08:03:56.326 V/WifiHAL (  544): WifiVendorCommand 0x98689230 created vendor_id:0x1374 subcmd:76
11-21 08:03:56.326 V/WifiHAL (  544): create: mVendor_id = 4980, Subcmd = 76.
11-21 08:03:56.328 V/WifiHAL (  544): WifiVendorCommand 0xaadf1cc8 created vendor_id:0x1374 subcmd:38
11-21 08:03:56.329 V/WifiHAL (  544): Got a Wi-Fi HAL module message from Driver
11-21 08:03:56.329 V/WifiHAL (  544): Supported feature set : 19d3d
11-21 08:03:56.329 V/WifiHAL (  544): Supported feature set acquired : 19d3d
11-21 08:03:56.329 V/WifiHAL (  544): WifiVendorCommand 0x98689230 created vendor_id:0x1374 subcmd:76
11-21 08:03:56.330 V/WifiHAL (  544): create: mVendor_id = 4980, Subcmd = 76.
11-21 08:03:56.337 E/SupplicantStaIfaceHal( 1186): Can't call getWpaDriverFeatureSet, ISupplicantStaIface is null
11-21 08:03:56.337 I/WifiNative( 1186): Successfully switched to scan mode on iface=Iface:{Name=wlan0,Id=0,Type=STA_SCAN}
11-21 08:03:56.338 W/SupplicantStaIfaceHal( 1186): ISupplicant died: cookie=190
11-21 08:03:56.338 D/BluetoothAdapterService( 1710): Soft AP is on band: 1
11-21 08:03:56.339 D/WifiClientModeManager0( 1186): entering ScanOnlyModeState
11-21 08:03:56.339 D/WifiScanRequestProxy( 1186): Sending scan available broadcast: true
11-21 08:03:56.339 D/WifiP2pService( 1186): Wifi enabled=false, P2P Interface availability=true
11-21 08:03:56.339 I/WifiScanningService( 1186): Received a request to enable scanning, UID = 1000
11-21 08:03:56.339 I/WifiScanningService( 1186): scanner impls already exists
11-21 08:03:56.340 E/WifiScanningService( 1186): wifi driver loaded received while already loaded
11-21 08:03:56.340 D/BluetoothVendorService( 1710): getPowerBackoff 
11-21 08:03:56.341 D/BluetoothVendorService( 1710): setPowerBackoff to: false
11-21 08:03:56.341 I/BluetoothVendorJni( 1710): setPowerBackoffNative
11-21 08:03:56.341 I/bt_btif_vendor( 1710): setPowerBackOffState :0 
