11-20 07:00:22.015 W/ContextImpl( 1194): Calling a method in the system process without a qualified user: android.app.ContextImpl.sendBroadcastMultiplePermissions:1143 android.content.Context.sendBroadcastWithMultiplePermissions:2150 com.android.server.wifi.p2p.WifiP2pServiceImpl$P2pStateMachine.sendBroadcastMultiplePermissions:3209 com.android.server.wifi.p2p.WifiP2pServiceImpl$P2pStateMachine.sendThisDeviceChangedBroadcast:3218 com.android.server.wifi.p2p.WifiP2pServiceImpl$P2pStateMachine.updateThisDevice:3962 
11-20 07:00:22.377 D/ConnectivityService( 1194): registerNetworkAgent NetworkAgentInfo{ ni{[type: WIFI[], state: UNKNOWN/IDLE, reason: (unspecified), extra: , failover: false, available: true, roaming: false]}  network{147}  nethandle{634765889549}  lp{{InterfaceName: wlan0 LinkAddresses: [ ] DnsAddresses: [ ] Domains: null MTU: 0 Routes: [ ]}}  nc{[ Transports: WIFI Capabilities: NOT_METERED&INTERNET&NOT_RESTRICTED&TRUSTED&NOT_VPN&NOT_ROAMING&FOREGROUND&NOT_CONGESTED&NOT_SUSPENDED LinkUpBandwidth>=72000Kbps LinkDnBandwidth>=72000Kbps OwnerUid: 1000 SSID: "MTBF_Lab" RequestorUid: -1 RequestorPackageName: null]}  Score{20}  everValidated{false}  lastValidated{false}  created{false} lingering{false} explicitlySelected{false} acceptUnvalidated{false} everCaptivePortalDetected{false} lastCaptivePortalDetected{false} partialConnectivity{false} acceptPartialConnectivity{false} clat{mBaseIface: null, mIface: null, mState: IDLE} }
11-20 07:00:22.391 D/ConnectivityService( 1194): [147 WIFI] EVENT_NETWORK_INFO_CHANGED, going from UNKNOWN to UNKNOWN
11-20 07:00:22.558 D/ConnectivityService( 1194): NetReassign [no changes]
11-20 07:00:22.578 I/Nat464Xlat( 1194): Android Xlat is disabled
11-20 07:00:22.578 I/Nat464Xlat( 1194): Android Xlat is disabled
11-20 07:00:22.704 E/ConnectivityService( 1194): Exception in networkAddRouteParcel for non-gateway: android.os.ServiceSpecificException: Machine is not on the network (code 64)
11-20 07:00:22.706 E/ConnectivityService( 1194): Exception in networkAddRouteParcel for gateway: android.os.ServiceSpecificException: Machine is not on the network (code 64)
11-20 07:00:22.706 I/Nat464Xlat( 1194): Android Xlat is disabled
11-20 07:00:22.706 I/Nat464Xlat( 1194): Android Xlat is disabled
11-20 07:00:22.869 D/ConnectivityService( 1194): Setting DNS servers for network 147 to [/192.168.1.1]
11-20 07:00:22.877 I/Nat464Xlat( 1194): Android Xlat is disabled
11-20 07:00:22.877 I/Nat464Xlat( 1194): Android Xlat is disabled
11-20 07:00:22.949 D/ConnectivityService( 1194): [147 WIFI] EVENT_NETWORK_INFO_CHANGED, going from UNKNOWN to CONNECTED
11-20 07:00:22.954 D/DnsManager( 1194): sendDnsConfigurationForNetwork(147, [192.168.1.1], [], 1800, 25, 8, 64, 0, 0, , [])
11-20 07:00:22.957 W/DnsManager( 1194): updatePrivateDns(147, PrivateDnsConfig{true:/[]})
11-20 07:00:22.957 D/ConnectivityService( 1194): Setting DNS servers for network 147 to [/192.168.1.1]
11-20 07:00:22.958 D/DnsManager( 1194): sendDnsConfigurationForNetwork(147, [192.168.1.1], [], 1800, 25, 8, 64, 0, 0, , [192.168.1.1])
11-20 07:00:22.960 D/ConnectivityService( 1194): Adding iface wlan0 to network 147
11-20 07:00:22.984 D/ConnectivityService( 1194): Setting DNS servers for network 147 to [/192.168.1.1]
11-20 07:00:22.985 D/DnsManager( 1194): sendDnsConfigurationForNetwork(147, [192.168.1.1], [], 1800, 25, 8, 64, 0, 0, , [192.168.1.1])
11-20 07:00:22.987 I/Nat464Xlat( 1194): Android Xlat is disabled
11-20 07:00:22.987 I/Nat464Xlat( 1194): Android Xlat is disabled
11-20 07:00:23.051 D/ConnectivityService( 1194): NetReassign [no changes]
11-20 07:00:23.213 D/ConnectivityService( 1194): [147 WIFI] validation passed
11-20 07:00:23.214 D/ConnectivityService( 1194): NetReassign [8 : 100 → 147, 20 : 100 → 147, 46 : 100 → 147, 45 : 100 → 147, 12 : 100 → 147, 22 : 100 → 147, 16 : 100 → 147, 14 : 100 → 147, 50 : 100 → 147, 990 : 100 → 147, 18 : 100 → 147, 993 : 100 → 147, 11 : 100 → 147, 1 : 100 → 147, 17 : 100 → 147, 995 : 100 → 147]
11-20 07:00:23.220 E/NetlinkEvent(  459): NetlinkEvent::FindParam(): Parameter 'INTERFACE' not found
11-20 07:00:23.220 E/NetlinkEvent(  459): NetlinkEvent::FindParam(): Parameter 'STATE' not found
11-20 07:00:23.220 E/NetlinkEvent(  459): NetlinkEvent::FindParam(): Parameter 'TIME_NS' not found
11-20 07:00:23.220 E/NetlinkEvent(  459): NetlinkEvent::FindParam(): Parameter 'UID' not found
11-20 07:00:23.237 D/ConnectivityService( 1194): Switching to new default network: NetworkAgentInfo{ ni{[type: WIFI[], state: CONNECTED/CONNECTED, reason: (unspecified), extra: , failover: false, available: true, roaming: false]}  network{147}  nethandle{634765889549}  lp{{InterfaceName: wlan0 LinkAddresses: [ 192.168.1.39/24 ] DnsAddresses: [ /192.168.1.1 ] Domains: null MTU: 0 ServerAddress: /192.168.1.1 TcpBufferSizes: 524288,1048576,2097152,262144,524288,1048576 Routes: [ fe80::/64 -> :: wlan0 mtu 0,192.168.1.0/24 -> 0.0.0.0 wlan0 mtu 0,0.0.0.0/0 -> 192.168.1.1 wlan0 mtu 0 ]}}  nc{[ Transports: WIFI Capabilities: NOT_METERED&INTERNET&NOT_RESTRICTED&TRUSTED&NOT_VPN&VALIDATED&NOT_ROAMING&FOREGROUND&NOT_CONGESTED&NOT_SUSPENDED LinkUpBandwidth>=67000Kbps LinkDnBandwidth>=67000Kbps SignalStrength: -28 OwnerUid: 1000 SSID: "MTBF_Lab" RequestorUid: -1 RequestorPackageName: null]}  Score{60}  everValidated{true}  lastValidated{true}  created{true} lingering{false} explicitlySelected{false} acceptUnvalidated{false} everCaptivePortalDetected{false} lastCaptivePortalDetected{false} partialConnectivity{false} acceptPartialConnectivity{false} clat{mBaseIface: null, mIface: null, mState: IDLE} }
11-20 07:00:23.367 D/ConnectivityService( 1194): Lingering [100 CELLULAR] for 30000ms
11-20 07:00:23.376 D/ConnectivityService( 1194): Sending DISCONNECTED broadcast for type 0 [100 CELLULAR] isDefaultNetwork=true
11-20 07:00:23.378 D/ConnectivityService( 1194): Sending CONNECTED broadcast for type 1 [147 WIFI] isDefaultNetwork=true
11-20 07:00:23.401 D/ConnectivityService( 1194): Setting DNS servers for network 147 to [/192.168.1.1]
11-20 07:00:23.402 D/DnsManager( 1194): sendDnsConfigurationForNetwork(147, [192.168.1.1], [], 1800, 25, 8, 64, 0, 0, , [192.168.1.1])
11-20 07:00:23.822 I/Nat464Xlat( 1194): Android Xlat is disabled
11-20 07:00:23.823 I/Nat464Xlat( 1194): Android Xlat is disabled
11-20 07:00:29.871 D/commandrouter( 1117): rtc_sync (1, rtc:sync): <ServiceRequest> FORWARDED (remote -> local) service client ID = 0, token ID = 38241
11-20 07:00:29.872 D/commandrouter( 1117): SocServiceHandle::onServiceMessage, SoC Service = rtc_sync, appType = 1, type = SVC_RESP, clientId = 0, token = 38241, payloadLen = 8, result = 0, payload.size() = 8
11-20 07:00:39.867 D/commandrouter( 1117): rtc_sync (1, rtc:sync): <ServiceRequest> FORWARDED (remote -> local) service client ID = 0, token ID = 38242
11-20 07:00:39.868 D/commandrouter( 1117): SocServiceHandle::onServiceMessage, SoC Service = rtc_sync, appType = 1, type = SVC_RESP, clientId = 0, token = 38242, payloadLen = 8, result = 0, payload.size() = 8
11-20 07:00:42.322 D/AutofillManagerService( 1194): onBackKeyPressed()
11-20 07:00:43.370 I/chatty  ( 1194): uid=1000(system) android.ui identical 2 lines
11-20 07:00:44.587 D/AutofillManagerService( 1194): onBackKeyPressed()
11-20 07:00:45.156 W/ActivityManager( 1194): Invalid packageName: com.facebook.wearable.system.settings/com.facebook.wearable.system.settings.SettingsActivity
11-20 07:00:45.295 I/ActivityTaskManager( 1194): START u0 {flg=0x10000000 cmp=com.facebook.wearable.system.settings/.SettingsActivity} from uid 0
11-20 07:00:45.318 I/ActivityTaskManager( 1194): The Process com.facebook.wearable.system.settings Already Exists in BG. So sending its PID: 16444
11-20 07:00:45.319 W/ActivityTaskManager( 1194): Tried to set launchTime (0) < mLastActivityLaunchTime (54760575)
11-20 07:00:47.435 D/commandrouter( 1117): SocServiceHandle::onServiceMessage, SoC Service = mcu_healthcheck_1118, appType = 1, type = SVC_REQ, clientId = 0, token = 1824, payloadLen = 12, result = 0, payload.size() = 12
11-20 07:00:47.439 D/commandrouter( 1117): mcu_healthcheck_1118 (1, merlot:mcu_health:control): <ServiceResponse> FORWARDED (remote -> local) CR token ID = 1824, service client ID = 40, token ID = 33624, result = 0
11-20 07:00:47.439 D/mculinkhealth( 1118): isMcuReachable 1 (5 ms)
11-20 07:00:47.538 D/AppStorageManager( 1194): BEFORE:: Previous Size: 997076992 Current Size: 997097472
11-20 07:00:47.538 D/AppStorageManager( 1194): AFTER:: Previous Size: 997097472 Current Size: 997097472
11-20 07:00:47.964 E/TaskPersister( 1194): File error accessing recents directory (directory doesn't exist?).
11-20 07:00:49.862 D/commandrouter( 1117): rtc_sync (1, rtc:sync): <ServiceRequest> FORWARDED (remote -> local) service client ID = 0, token ID = 38243
11-20 07:00:49.863 D/commandrouter( 1117): SocServiceHandle::onServiceMessage, SoC Service = rtc_sync, appType = 1, type = SVC_RESP, clientId = 0, token = 38243, payloadLen = 8, result = 0, payload.size() = 8
11-20 07:00:52.929 W/ContextImpl( 1194): Calling a method in the system process without a qualified user: android.app.ContextImpl.sendBroadcastMultiplePermissions:1143 android.content.Context.sendBroadcastWithMultiplePermissions:2150 com.android.server.display.WifiDisplayAdapter.handleSendStatusChangeBroadcast:440 com.android.server.display.WifiDisplayAdapter.access$1700:63 com.android.server.display.WifiDisplayAdapter$WifiDisplayHandler.handleMessage:675 
11-20 07:00:53.214 D/ConnectivityService( 1194): handleLingerComplete for [100 CELLULAR]
11-20 07:00:53.392 I/wificond(  906): Fail RSSI polling because wifi is not associated.
11-20 07:00:53.436 D/ConnectivityService( 1194): [147 WIFI] EVENT_NETWORK_INFO_CHANGED, going from CONNECTED to DISCONNECTED
11-20 07:00:53.436 D/ConnectivityService( 1194): [147 WIFI] disconnected, was satisfying 27
11-20 07:00:53.521 I/Nat464Xlat( 1194): Android Xlat is disabled
11-20 07:00:53.521 I/Nat464Xlat( 1194): Android Xlat is disabled
11-20 07:00:53.553 D/ConnectivityService( 1194): Sending DISCONNECTED broadcast for type 1 [147 WIFI] isDefaultNetwork=true
11-20 07:00:53.560 D/ConnectivityService( 1194): NetReassign [8 : null → 100, 20 : null → 100, 46 : null → 100, 45 : null → 100, 12 : null → 100, 22 : null → 100, 16 : null → 100, 14 : null → 100, 50 : null → 100, 990 : null → 100, 18 : null → 100, 993 : null → 100, 11 : null → 100, 1 : null → 100, 17 : null → 100, 995 : null → 100]
11-20 07:00:53.569 E/NetlinkEvent(  459): NetlinkEvent::FindParam(): Parameter 'INTERFACE' not found
11-20 07:00:53.570 E/NetlinkEvent(  459): NetlinkEvent::FindParam(): Parameter 'STATE' not found
11-20 07:00:53.570 E/NetlinkEvent(  459): NetlinkEvent::FindParam(): Parameter 'TIME_NS' not found
11-20 07:00:53.570 E/NetlinkEvent(  459): NetlinkEvent::FindParam(): Parameter 'UID' not found
11-20 07:00:53.580 D/ConnectivityService( 1194): Switching to new default network: NetworkAgentInfo{ ni{[type: MOBILE[LTE], state: CONNECTED/CONNECTED, reason: (unspecified), extra: nxtgenphone, failover: false, available: true, roaming: false]}  network{100}  nethandle{432902426637}  lp{{InterfaceName: rmnet_data2 LinkAddresses: [ 10.129.103.196/29,2600:380:c119:24f:b89a:9f3c:46c1:95af/64 ] DnsAddresses: [ /172.26.38.1,/fc00:a:a::300 ] Domains: null MTU: 1430 TcpBufferSizes: 2097152,4194304,8388608,262144,524288,1048576 Routes: [ 0.0.0.0/0 -> 10.129.103.197 rmnet_data2 mtu 1430,::/0 -> fe80::b45f:41f1:1846:969d rmnet_data2 mtu 1430,10.129.103.192/29 -> 0.0.0.0 rmnet_data2 mtu 0,2600:380:c119:24f::/64 -> :: rmnet_data2 mtu 0 ]}}  nc{[ Transports: CELLULAR Capabilities: MMS&SUPL&FOTA&INTERNET&NOT_RESTRICTED&TRUSTED&NOT_VPN&VALIDATED&NOT_ROAMING&NOT_CONGESTED&NOT_SUSPENDED LinkUpBandwidth>=15000Kbps LinkDnBandwidth>=30000Kbps Specifier: <TelephonyNetworkSpecifier [mSubId = 1]> AdministratorUids: [] RequestorUid: -1 RequestorPackageName: null]}  Score{50}  everValidated{true}  lastValidated{true}  created{true} lingering{false} explicitlySelected{false} acceptUnvalidated{false} everCaptivePortalDetected{false} lastCaptivePortalDetected{false} partialConnectivity{false} acceptPartialConnectivity{false} clat{mBaseIface: null, mIface: null, mState: IDLE} }
11-20 07:00:53.743 D/ConnectivityService( 1194): Sending CONNECTED broadcast for type 0 [100 CELLULAR] isDefaultNetwork=true
11-20 07:00:57.745 D/AutofillManagerService( 1194): onBackKeyPressed()
11-20 07:00:58.274 I/chatty  ( 1194): uid=1000(system) android.ui identical 1 line
11-20 07:00:58.798 D/AutofillManagerService( 1194): onBackKeyPressed()
11-20 07:00:59.864 D/commandrouter( 1117): rtc_sync (1, rtc:sync): <ServiceRequest> FORWARDED (remote -> local) service client ID = 0, token ID = 38244
11-20 07:00:59.864 D/commandrouter( 1117): SocServiceHandle::onServiceMessage, SoC Service = rtc_sync, appType = 1, type = SVC_RESP, clientId = 0, token = 38244, payloadLen = 8, result = 0, payload.size() = 8
11-20 07:01:00.014 D/AutofillManagerService( 1194): onBackKeyPressed()
11-20 07:01:01.617 D/AutofillManagerService( 1194): onBackKeyPressed()
11-20 07:01:02.291 E/TaskPersister( 1194): File error accessing recents directory (directory doesn't exist?).
11-20 07:01:02.630 D/AutofillManagerService( 1194): onBackKeyPressed()
11-20 07:01:03.628 I/chatty  ( 1194): uid=1000(system) android.ui identical 1 line
11-20 07:01:04.627 D/AutofillManagerService( 1194): onBackKeyPressed()
11-20 07:01:05.156 W/ActivityManager( 1194): Invalid packageName: com.facebook.wearable.system.settings/com.facebook.wearable.system.settings.SettingsActivity
11-20 07:01:05.298 I/ActivityTaskManager( 1194): START u0 {flg=0x10000000 cmp=com.facebook.wearable.system.settings/.SettingsActivity} from uid 0
11-20 07:01:05.314 I/ActivityTaskManager( 1194): The Process com.facebook.wearable.system.settings Already Exists in BG. So sending its PID: 16444
11-20 07:01:05.314 W/ActivityTaskManager( 1194): Tried to set launchTime (0) < mLastActivityLaunchTime (54791584)
11-20 07:01:06.973 D/AnalyticsLogger( 1194): sent events: 13
11-20 07:01:09.459 E/TaskPersister( 1194): File error accessing recents directory (directory doesn't exist?).
11-20 07:01:09.864 D/commandrouter( 1117): rtc_sync (1, rtc:sync): <ServiceRequest> FORWARDED (remote -> local) service client ID = 0, token ID = 38245
11-20 07:01:09.865 D/commandrouter( 1117): SocServiceHandle::onServiceMessage, SoC Service = rtc_sync, appType = 1, type = SVC_RESP, clientId = 0, token = 38245, payloadLen = 8, result = 0, payload.size() = 8
11-20 07:01:10.556 D/commandrouter( 1117): SocServiceHandle::onServiceMessage, SoC Service = mcu_healthcheck_946, appType = 1, type = SVC_REQ, clientId = 0, token = 912, payloadLen = 20, result = 0, payload.size() = 20
11-20 07:01:10.560 D/commandrouter( 1117): mcu_healthcheck_946 (1, merlot:mcu_health:control): <ServiceResponse> FORWARDED (remote -> local) CR token ID = 912, service client ID = 6, token ID = 33625, result = 0
11-20 07:01:11.239 W/ContextImpl( 1194): Calling a method in the system process without a qualified user: android.app.ContextImpl.sendBroadcastMultiplePermissions:1143 android.content.Context.sendBroadcastWithMultiplePermissions:2150 com.android.server.display.WifiDisplayAdapter.handleSendStatusChangeBroadcast:440 com.android.server.display.WifiDisplayAdapter.access$1700:63 com.android.server.display.WifiDisplayAdapter$WifiDisplayHandler.handleMessage:675 
11-20 07:01:12.252 W/ContextImpl( 1194): Calling a method in the system process without a qualified user: android.app.ContextImpl.sendBroadcastMultiplePermissions:1143 android.content.Context.sendBroadcastWithMultiplePermissions:2150 com.android.server.wifi.p2p.WifiP2pServiceImpl$P2pStateMachine.sendBroadcastMultiplePermissions:3209 com.android.server.wifi.p2p.WifiP2pServiceImpl$P2pStateMachine.sendP2pConnectionChangedBroadcast:3236 com.android.server.wifi.p2p.WifiP2pServiceImpl$P2pStateMachine.access$5100:768 
11-20 07:01:12.258 W/BroadcastQueue( 1194): Permission Denial: receiving Intent { act=android.net.wifi.p2p.CONNECTION_STATE_CHANGE flg=0x24000010 (has extras) } to ProcessRecord{ba73 1900:.qtidataservices/u0a89} (pid=1900, uid=10089) requires android.permission.ACCESS_FINE_LOCATION due to sender android (uid 1000)
11-20 07:01:12.262 W/ContextImpl( 1194): Calling a method in the system process without a qualified user: android.app.ContextImpl.sendBroadcastMultiplePermissions:1143 android.content.Context.sendBroadcastWithMultiplePermissions:2150 com.android.server.wifi.p2p.WifiP2pServiceImpl$P2pStateMachine.sendBroadcastMultiplePermissions:3209 com.android.server.wifi.p2p.WifiP2pServiceImpl$P2pStateMachine.sendThisDeviceChangedBroadcast:3218 com.android.server.wifi.p2p.WifiP2pServiceImpl$P2pStateMachine.updateThisDevice:3962 
11-20 07:01:12.381 W/wificond(  906): Scan is not started. Ignore abort request
11-20 07:01:12.723 D/ConnectivityService( 1194): registerNetworkAgent NetworkAgentInfo{ ni{[type: WIFI[], state: UNKNOWN/IDLE, reason: (unspecified), extra: , failover: false, available: true, roaming: false]}  network{148}  nethandle{639060856845}  lp{{InterfaceName: wlan0 LinkAddresses: [ ] DnsAddresses: [ ] Domains: null MTU: 0 Routes: [ ]}}  nc{[ Transports: WIFI Capabilities: NOT_METERED&INTERNET&NOT_RESTRICTED&TRUSTED&NOT_VPN&NOT_ROAMING&FOREGROUND&NOT_CONGESTED&NOT_SUSPENDED LinkUpBandwidth>=72000Kbps LinkDnBandwidth>=72000Kbps OwnerUid: 1000 SSID: "MTBF_Lab" RequestorUid: -1 RequestorPackageName: null]}  Score{20}  everValidated{false}  lastValidated{false}  created{false} lingering{false} explicitlySelected{false} acceptUnvalidated{false} everCaptivePortalDetected{false} lastCaptivePortalDetected{false} partialConnectivity{false} acceptPartialConnectivity{false} clat{mBaseIface: null, mIface: null, mState: IDLE} }
11-20 07:01:12.739 D/ConnectivityService( 1194): [148 WIFI] EVENT_NETWORK_INFO_CHANGED, going from UNKNOWN to UNKNOWN
--------- beginning of main
11-20 07:01:12.777 V/WifiHAL (  539): WifiVendorCommand 0xa063a000 created vendor_id:0x1374 subcmd:83
11-20 07:01:12.778 E/WifiHAL (  539): wifi_get_packet_filter_capabilities: requestResponse() error: -3
11-20 07:01:12.778 I/WifiHAL (  539): Packet filtering is not supprted
11-20 07:01:12.890 D/QCNEJ/WlanStaInfoRelay( 1900): Received action: android.net.wifi.RSSI_CHANGED
11-20 07:01:12.890 D/WearableConnectivityManager( 2581): onWifiStrengthChange: -28
11-20 07:01:12.893 V/WifiHAL (  539): WifiVendorCommand 0xa07c1180 created vendor_id:0x1374 subcmd:82
11-20 07:01:12.893 D/ConnectivityService( 1194): NetReassign [no changes]
11-20 07:01:12.893 V/WifiHAL (  539): ND offload : Enable
11-20 07:01:12.906 I/chatty  ( 1194): uid=1000(system) WifiHandlerThre expire 9 lines
11-20 07:01:12.926 E/QMI_FW  (  927): qmi_cci_get_ref: ref count increased 2
11-20 07:01:12.927 E/QMI_FW  (  927): qmi_cci_get_ref: ref count increased 2
11-20 07:01:12.935 E/Netd    (  459): no such netId 148
11-20 07:01:12.935 I/Nat464Xlat( 1194): Android Xlat is disabled
11-20 07:01:12.987 E/QMI_FW  ( 1113): qmi_cci_get_ref: ref count increased 2
11-20 07:01:12.998 I/chatty  ( 1194): uid=1000 system_server expire 7 lines
11-20 07:01:13.065 E/Netd    (  459): no such netId 148
11-20 07:01:12.935 I/Nat464Xlat( 1194): Android Xlat is disabled
11-20 07:01:13.066 E/ConnectivityService( 1194): Exception in networkAddRouteParcel for non-gateway: android.os.ServiceSpecificException: Machine is not on the network (code 64)
11-20 07:01:13.067 E/ConnectivityService( 1194): Exception in networkAddRouteParcel for gateway: android.os.ServiceSpecificException: Machine is not on the network (code 64)
11-20 07:01:13.067 I/Nat464Xlat( 1194): Android Xlat is disabled
11-20 07:01:13.067 E/Netd    (  459): no such netId 148
11-20 07:01:13.067 D/WifiConnector( 2841): Network State Changed
11-20 07:01:13.068 D/QCNEJ/WlanStaInfoRelay( 1900): Received action: android.net.wifi.STATE_CHANGE
11-20 07:01:13.072 D/WifiConnector( 2841): Network State Changed
11-20 07:01:13.074 D/QCNEJ/WlanStaInfoRelay( 1900): Received action: android.net.wifi.STATE_CHANGE
11-20 07:01:13.088 D/WifiConnector( 2841): Configured Networks Changed
11-20 07:01:13.121 I/QImsService( 1955): ImsRadioIndication : onRegistrationChanged_1_6()
11-20 07:01:13.124 I/chatty  ( 1194): uid=1000(system) pool-9-thread-1 expire 3 lines
11-20 07:01:13.131 I/QImsService( 1955): ImsSenderRxr : [UNSL]< UNSOL_RESPONSE_IMS_NETWORK_STATE_CHANGED[SUB0]
11-20 07:01:13.145 I/QImsService( 1955): ImsServiceSubHandler : Message received: what = 2
11-20 07:01:13.148 I/QImsService( 1955): ImsServiceSub : [0] handleImsStateChanged
11-20 07:01:13.158 E/QMI_FW  (  927): qmi_cci_get_ref: ref count increased 2
11-20 07:01:13.067 I/Nat464Xlat( 1194): Android Xlat is disabled
11-20 07:01:13.178 D/ConnectivityService( 1194): Setting DNS servers for network 148 to [/192.168.1.1]
11-20 07:01:13.179 I/Nat464Xlat( 1194): Android Xlat is disabled
11-20 07:01:13.159 E/QMI_FW  (  927): qmi_cci_get_ref: ref count increased 2
11-20 07:01:13.179 I/QImsService( 1955): ImsSenderRxr : [1140]> REQUEST_QUERY_SERVICE_STATUS [SUB0]
11-20 07:01:13.202 I/QImsService( 1955): ImsServiceSub : [0] VOLTE ims registered, WFC change to Not  registered
11-20 07:01:13.208 I/QImsService( 1955): ImsServiceSub : [0] sendBroadcastForDisconnected
11-20 07:01:13.218 D/ImsRegCallbackHelper( 1975): updateRegistrationState: registration state from 2 to 2
11-20 07:01:13.221 I/QImsService( 1955): ImsRadioResponse : queryServiceStatusResponse_1_6()
11-20 07:01:13.224 D/NetworkController.MobileSignalController(1)( 1753): onRegistered imsTransportType=1
11-20 07:01:13.224 I/QImsService( 1955): Class : Num of SrvUpdates = 6
11-20 07:01:13.224 I/QImsService( 1955): Class :  networkMode = 14 status = 2 restrictCause = 0 registered = 1
11-20 07:01:13.224 I/QImsService( 1955): Class : Partially Enabled Status due to Restrict Cause
11-20 07:01:13.224 I/QImsService( 1955): Class : RTT: copySrvStatusList rtt mode = 2
11-20 07:01:13.225 I/QImsService( 1955): Class :  networkMode = 14 status = 2 restrictCause = 0 registered = 1
11-20 07:01:13.225 I/QImsService( 1955): Class : Partially Enabled Status due to Restrict Cause
11-20 07:01:13.225 I/QImsService( 1955): Class : RTT: copySrvStatusList rtt mode = 2
11-20 07:01:13.225 I/QImsService( 1955): Class :  networkMode = 14 status = 2 restrictCause = 0 registered = 1
11-20 07:01:13.225 I/QImsService( 1955): Class : Partially Enabled Status due to Restrict Cause
11-20 07:01:13.225 I/QImsService( 1955): Class : RTT: copySrvStatusList rtt mode = 2
11-20 07:01:13.225 I/QImsService( 1955): Class :  networkMode = 14 status = 2 restrictCause = 0 registered = 1
11-20 07:01:13.225 I/QImsService( 1955): Class : Partially Enabled Status due to Restrict Cause
11-20 07:01:13.225 I/QImsService( 1955): Class : RTT: copySrvStatusList rtt mode = 2
11-20 07:01:13.225 I/QImsService( 1955): Class :  networkMode = 14 status = 2 restrictCause = 0 registered = 1
11-20 07:01:13.225 I/QImsService( 1955): Class : Partially Enabled Status due to Restrict Cause
11-20 07:01:13.225 I/QImsService( 1955): Class : RTT: copySrvStatusList rtt mode = 2
11-20 07:01:13.225 I/QImsService( 1955): Class :  networkMode = 14 status = 2 restrictCause = 0 registered = 1
11-20 07:01:13.225 I/QImsService( 1955): Class : Partially Enabled Status due to Restrict Cause
11-20 07:01:13.225 I/QImsService( 1955): Class : RTT: copySrvStatusList rtt mode = 2
11-20 07:01:13.228 I/QImsService( 1955): ImsSenderRxr : [1140]< REQUEST_QUERY_SERVICE_STATUS [org.codeaurora.ims.ServiceStatus@5b39768, org.codeaurora.ims.ServiceStatus@8095781, org.codeaurora.ims.ServiceStatus@369c026, org.codeaurora.ims.ServiceStatus@ff69467, org.codeaurora.ims.ServiceStatus@bdec214, org.codeaurora.ims.ServiceStatus@c72eabd][SUB0]
11-20 07:01:13.229 I/QImsService( 1955): ImsServiceSubHandler : Message received: what = 5
11-20 07:01:13.229 I/QImsService( 1955): ImsServiceSub : [0] Received event: EVENT_GET_STATUS_UPDATE
11-20 07:01:13.229 I/QImsService( 1955): ImsServiceSub : [0] type = 5 status = 1 isValid = true
11-20 07:01:13.229 I/QImsService( 1955): ImsServiceSub : [0] Call Type 5has num updates = 1
11-20 07:01:13.229 I/QImsService( 1955): ImsServiceSub : [0] StatusForAccessTech networkMode = 14 registered = 1 status = 2 restrictCause = 0
11-20 07:01:13.229 I/QImsService( 1955): ImsServiceSub : [0] type = 0 status = 1 isValid = true
11-20 07:01:13.229 I/QImsService( 1955): ImsServiceSub : [0] Call Type 0has num updates = 1
11-20 07:01:13.229 I/QImsService( 1955): ImsServiceSub : [0] StatusForAccessTech networkMode = 14 registered = 1 status = 2 restrictCause = 0
11-20 07:01:13.229 I/QImsService( 1955): ImsServiceSub : [0] type = 3 status = 1 isValid = true
11-20 07:01:13.229 I/QImsService( 1955): ImsServiceSub : [0] Call Type 3has num updates = 1
11-20 07:01:13.229 I/QImsService( 1955): ImsServiceSub : [0] StatusForAccessTech networkMode = 14 registered = 1 status = 2 restrictCause = 0
11-20 07:01:13.229 I/QImsService( 1955): ImsServiceSub : [0] type = 1 status = 1 isValid = true
11-20 07:01:13.229 I/QImsService( 1955): ImsServiceSub : [0] Call Type 1has num updates = 1
11-20 07:01:13.229 I/QImsService( 1955): ImsServiceSub : [0] StatusForAccessTech networkMode = 14 registered = 1 status = 2 restrictCause = 0
11-20 07:01:13.229 I/QImsService( 1955): ImsServiceSub : [0] type = 2 status = 1 isValid = true
11-20 07:01:13.229 I/QImsService( 1955): ImsServiceSub : [0] Call Type 2has num updates = 1
11-20 07:01:13.229 I/QImsService( 1955): ImsServiceSub : [0] StatusForAccessTech networkMode = 14 registered = 1 status = 2 restrictCause = 0
11-20 07:01:13.229 I/QImsService( 1955): ImsServiceSub : [0] type = 25 status = 1 isValid = true
11-20 07:01:13.229 I/QImsService( 1955): ImsServiceSub : [0] Call Type 25has num updates = 1
11-20 07:01:13.229 I/QImsService( 1955): ImsServiceSub : [0] StatusForAccessTech networkMode = 14 registered = 1 status = 2 restrictCause = 0
11-20 07:01:13.230 I/QImsService( 1955): ImsServiceClassTracker : updateFeatureCapabilities video true voice true
11-20 07:01:13.230 I/QImsService( 1955): ImsServiceStateReceiver : updateHDIcon isVideo : true isVoice : true phoneId: 0 show HD Icon: false
11-20 07:01:13.232 D/NetworkController.MobileSignalController(1)( 1753): onCapabilitiesStatusChanged isVoiceCapable=true isVideoCapable=true
11-20 07:01:13.258 I/Telephony( 1975): isRttCurrentlySupported -- regular acct, hasVoiceAvailability: true
11-20 07:01:13.258 I/Telephony( 1975):  isRttSupported: true
11-20 07:01:13.258 I/Telephony( 1975):  isRoaming: false
11-20 07:01:13.258 I/Telephony( 1975):  isOnWfc: false
11-20 07:01:13.269 I/QImsService( 1955): ImsServiceStateReceiver : shallShowHDIcon config showHDIcon : false phoneId : 0
11-20 07:01:13.270 D/ImsMultiEndpointImpl( 1955): Message received: what = 2
11-20 07:01:13.270 D/ImsMultiEndpointImpl( 1955): EVENT_CAPABILITIES_CHANGED
11-20 07:01:13.271 D/ImsMultiEndpointImpl( 1955): updateCapabilities:: Video = true, Voice = true
11-20 07:01:13.272 D/ImsViceParser( 1955): getCallPullInfo mDialogIds null
11-20 07:01:13.272 I/ImsMultiEndpointImpl( 1955): Calling onImsExternalCallStateUpdate
11-20 07:01:13.273 D/MultiEndpointImplBase( 1955): ims external call state update triggered.
11-20 07:01:13.274 D/ImsExternalCallTracker( 1975): refreshExternalCallState
11-20 07:01:13.179 I/Nat464Xlat( 1194): Android Xlat is disabled
11-20 07:01:13.285 D/ConnectivityService( 1194): [148 WIFI] EVENT_NETWORK_INFO_CHANGED, going from UNKNOWN to CONNECTED
11-20 07:01:13.287 D/DnsManager( 1194): sendDnsConfigurationForNetwork(148, [192.168.1.1], [], 1800, 25, 8, 64, 0, 0, , [])
11-20 07:01:13.289 W/DnsManager( 1194): updatePrivateDns(148, PrivateDnsConfig{true:/[]})
11-20 07:01:13.289 D/ConnectivityService( 1194): Setting DNS servers for network 148 to [/192.168.1.1]
11-20 07:01:13.290 D/DnsManager( 1194): sendDnsConfigurationForNetwork(148, [192.168.1.1], [], 1800, 25, 8, 64, 0, 0, , [192.168.1.1])
11-20 07:01:13.292 D/ConnectivityService( 1194): Adding iface wlan0 to network 148
11-20 07:01:13.294 W/resolv  (  459): Validating DnsTlsServer on netId 148
11-20 07:01:13.297 W/resolv  (  459): Validation failed
11-20 07:01:13.309 D/ConnectivityService( 1194): Setting DNS servers for network 148 to [/192.168.1.1]
11-20 07:01:13.309 D/DnsManager( 1194): sendDnsConfigurationForNetwork(148, [192.168.1.1], [], 1800, 25, 8, 64, 0, 0, , [192.168.1.1])
11-20 07:01:13.311 I/Nat464Xlat( 1194): Android Xlat is disabled
11-20 07:01:13.314 W/resolv  (  459): Validating DnsTlsServer on netId 148
11-20 07:01:13.332 W/resolv  (  459): SSL_connect ssl error =5, mark 0xf0094: Connection refused
11-20 07:01:13.332 W/resolv  (  459): Validation failed
11-20 07:01:13.311 I/Nat464Xlat( 1194): Android Xlat is disabled
11-20 07:01:13.381 D/ConnectivityService( 1194): NetReassign [no changes]
11-20 07:01:13.401 D/QCNEJ/WlanStaInfoRelay( 1900): network available: 148
11-20 07:01:13.407 D/QCNEJ/NativeHalConnector( 1900): -> SND notifyWifiAvailable(v4Connected = truev6Connected = , false, isAndroidValidated = false)
11-20 07:01:13.411 D/QCNEJ/NativeHalConnector( 1900): -> SND notifyWifiAvailable(v4Connected = truev6Connected = , false, isAndroidValidated = false)
11-20 07:01:13.456 I/chatty  ( 1194): uid=1000 system_server expire 3 lines
11-20 07:01:13.462 I/chatty  ( 1194): uid=1000 system_server expire 2 lines
11-20 07:01:13.536 I/chatty  ( 1194): uid=1000 system_server expire 1 line
11-20 07:01:13.543 D/ConnectivityService( 1194): [148 WIFI] validation passed
11-20 07:01:13.543 D/ConnectivityService( 1194): NetReassign [8 : 100 → 148, 20 : 100 → 148, 46 : 100 → 148, 45 : 100 → 148, 12 : 100 → 148, 22 : 100 → 148, 16 : 100 → 148, 14 : 100 → 148, 50 : 100 → 148, 990 : 100 → 148, 18 : 100 → 148, 993 : 100 → 148, 11 : 100 → 148, 1 : 100 → 148, 17 : 100 → 148, 995 : 100 → 148]
11-20 07:01:13.550 E/NetlinkEvent(  459): NetlinkEvent::FindParam(): Parameter 'INTERFACE' not found
11-20 07:01:13.550 E/NetlinkEvent(  459): NetlinkEvent::FindParam(): Parameter 'STATE' not found
11-20 07:01:13.550 E/NetlinkEvent(  459): NetlinkEvent::FindParam(): Parameter 'TIME_NS' not found
11-20 07:01:13.550 E/NetlinkEvent(  459): NetlinkEvent::FindParam(): Parameter 'UID' not found
11-20 07:01:13.564 D/ConnectivityService( 1194): Switching to new default network: NetworkAgentInfo{ ni{[type: WIFI[], state: CONNECTED/CONNECTED, reason: (unspecified), extra: , failover: false, available: true, roaming: false]}  network{148}  nethandle{639060856845}  lp{{InterfaceName: wlan0 LinkAddresses: [ 192.168.1.39/24 ] DnsAddresses: [ /192.168.1.1 ] Domains: null MTU: 0 ServerAddress: /192.168.1.1 TcpBufferSizes: 524288,1048576,2097152,262144,524288,1048576 Routes: [ fe80::/64 -> :: wlan0 mtu 0,192.168.1.0/24 -> 0.0.0.0 wlan0 mtu 0,0.0.0.0/0 -> 192.168.1.1 wlan0 mtu 0 ]}}  nc{[ Transports: WIFI Capabilities: NOT_METERED&INTERNET&NOT_RESTRICTED&TRUSTED&NOT_VPN&VALIDATED&NOT_ROAMING&FOREGROUND&NOT_CONGESTED&NOT_SUSPENDED LinkUpBandwidth>=67000Kbps LinkDnBandwidth>=67000Kbps SignalStrength: -28 OwnerUid: 1000 SSID: "MTBF_Lab" RequestorUid: -1 RequestorPackageName: null]}  Score{60}  everValidated{true}  lastValidated{true}  created{true} lingering{false} explicitlySelected{false} acceptUnvalidated{false} everCaptivePortalDetected{false} lastCaptivePortalDetected{false} partialConnectivity{false} acceptPartialConnectivity{false} clat{mBaseIface: null, mIface: null, mState: IDLE} }
11-20 07:01:13.677 D/QCNEJ/DefaultNetworkInfoRelay( 1900): Default network available: 148
11-20 07:01:13.678 D/QCNEJ/NativeHalConnector( 1900): -> SND notifyDefaultNetworkChanged(1)
11-20 07:01:13.681 V/LigerRadioStatsReporter( 2384): onCapabilitiesChanged: Network capabilities changed
11-20 07:01:13.683 D/DeviceAuthService(22474): Network connected
11-20 07:01:13.683 D/DeviceAuthService(22474): fetchAuthTokenWrapper called
11-20 07:01:13.687 I/chatty  ( 1194): uid=1000(system) NetworkTimeUpda expire 1 line
11-20 07:01:13.690 D/ConnectivityService( 1194): Lingering [100 CELLULAR] for 30000ms
11-20 07:01:13.695 D/ConnectivityService( 1194): Sending DISCONNECTED broadcast for type 0 [100 CELLULAR] isDefaultNetwork=true
11-20 07:01:13.697 D/ConnectivityService( 1194): Sending CONNECTED broadcast for type 1 [148 WIFI] isDefaultNetwork=true
11-20 07:01:13.697 E/QMI_FW  (  927): qmi_cci_get_ref: ref count increased 2
11-20 07:01:13.699 I/chatty  ( 1194): uid=1000(system) android.fg expire 1 line
11-20 07:01:13.699 E/QMI_FW  (  927): qmi_cci_get_ref: ref count increased 2
11-20 07:01:13.701 I/chatty  (  523): uid=1021(gps) Loc_hal_worker expire 1 line
11-20 07:01:13.717 D/QCNEJ/WlanStaInfoRelay( 1900): AndroidValidate from false to true
11-20 07:01:13.727 D/QCNEJ/WlanStaInfoRelay( 1900): retrieveCountryCode:Location obtained from Telephony: us
11-20 07:01:13.730 D/ConnectivityService( 1194): Setting DNS servers for network 148 to [/192.168.1.1]
11-20 07:01:13.730 D/DeviceAuthService(22474): isOculusAddressResolvable returned true
11-20 07:01:13.731 D/DeviceAuthenticator(22474): Fetching new credentials asynchronously
11-20 07:01:13.730 D/DnsManager( 1194): sendDnsConfigurationForNetwork(148, [192.168.1.1], [], 1800, 25, 8, 64, 0, 0, , [192.168.1.1])
11-20 07:01:13.735 V/LigerRadioStatsReporter( 2384): onCapabilitiesChanged: Network capabilities changed
11-20 07:01:13.735 V/LigerRadioStatsReporter( 2384): reportAndCheckpointRadioStats
11-20 07:01:13.736 V/LigerRadioStatsReporter( 2384): +++++++++++ RADIO STATS DUMP +++++++++++
11-20 07:01:13.736 V/LigerRadioStatsReporter( 2384): totalActiveRadioTimeMs=0
11-20 07:01:13.736 V/LigerRadioStatsReporter( 2384): totalTailRadioTimeMs=13995
11-20 07:01:13.736 V/LigerRadioStatsReporter( 2384): totalWakeupCount=0
11-20 07:01:13.736 V/LigerRadioStatsReporter( 2384): httpUpBytes=0
11-20 07:01:13.736 V/LigerRadioStatsReporter( 2384): httpDownBytes=0
11-20 07:01:13.736 V/LigerRadioStatsReporter( 2384): httpWakeupCount=0
11-20 07:01:13.736 V/LigerRadioStatsReporter( 2384): httpRequestCount=0
11-20 07:01:13.736 V/LigerRadioStatsReporter( 2384): httpActiveRadioTimeMs=0
11-20 07:01:13.736 V/LigerRadioStatsReporter( 2384): httpTailRadioTimeMs=13995
11-20 07:01:13.736 V/LigerRadioStatsReporter( 2384): reportAndCheckpointRadioStats: Tx=0
11-20 07:01:13.736 V/LigerRadioStatsReporter( 2384): reportAndCheckpointRadioStats: Rx=0
11-20 07:01:13.736 V/LigerRadioStatsReporter( 2384): reportAndCheckpointRadioStats: Uids=10028
11-20 07:01:13.736 V/LigerRadioStatsReporter( 2384): reportAndCheckpointRadioStats: Tags=null
11-20 07:01:13.737 D/DeviceAuthenticator(22474): Calling DeviceAuth.authenticate()
11-20 07:01:13.740 E/DeviceCertService(  541): This device *might* have a provisioning issue. Please run `maui provision check` to verify.
11-20 07:01:13.740 E/DeviceCertService(  541): See https://fburl.com/wiki/a9hho0p9 for more information.
11-20 07:01:13.740 E/DeviceCertService(  541): Could not access certificate file '/mnt/vendor/persist/certificates/device_identityinsecure.crt', error 2: No such file or directory
11-20 07:01:13.746 W/resolv  (  459): Validating DnsTlsServer on netId 148
11-20 07:01:13.748 E/QMI_FW  (  927): qmi_cci_get_ref: ref count increased 2
11-20 07:01:13.749 E/DeviceAuthenticator(22474): ERROR: java.lang.RuntimeException: devicecert returned error FILESYSTEM_ERROR
11-20 07:01:13.749 E/DeviceAuthenticator(22474): 
11-20 07:01:13.749 E/DeviceAuthenticator(22474): com.facebook.mos.sdk.devicecert.DeviceIdentityException: java.lang.RuntimeException: devicecert returned error FILESYSTEM_ERROR
11-20 07:01:13.749 E/DeviceAuthenticator(22474): 
11-20 07:01:13.751 E/QMI_FW  (  927): qmi_cci_get_ref: ref count increased 2
11-20 07:01:13.753 D/WifiConnector( 2841): Configured Networks Changed
11-20 07:01:13.755 W/resolv  (  459): SSL_connect ssl error =5, mark 0xf0094: Connection refused
11-20 07:01:13.757 W/resolv  (  459): Validation failed
11-20 07:01:13.761 E/QMI_FW  ( 1113): qmi_cci_get_ref: ref count increased 2
11-20 07:01:13.764 E/QMI_FW  ( 1113): qmi_cci_get_ref: ref count increased 2
11-20 07:01:13.766 E/QMI_FW  ( 1113): qmi_cci_get_ref: ref count increased 2
11-20 07:01:13.768 E/QMI_FW  ( 1113): qmi_cci_get_ref: ref count increased 2
11-20 07:01:13.782 D/PhoneInterfaceManager( 1975): setModemActivityInfo
11-20 07:01:13.782 D/FbSideCarManager( 1975): setModemActivityInfo
11-20 07:01:13.782 D/FbSideCarManager( 1975): setModemActivityInfo
11-20 07:01:13.782 D/WirelessInsightServiceImpl( 1975): setModemActivityInfo
11-20 07:01:13.783 D/FbSideCarManager( 1975): setModemActivityInfoInternal success
11-20 07:01:13.783 D/PhoneInterfaceManager( 1975): setModemActivityInfo: success.
11-20 07:01:13.783 D/WirelessInsightServiceImpl( 1975): notifyListeners: listeners = 0, modemActivityInfo = ModemActivityInfo{ mTimestamp=54820033 mSleepTimeMs=34708120 mIdleTimeMs=304231 mTransmitPowerInfo[]=[TransmitPower{ mTimeInMillis=0 mPowerRangeInDbm={-2147483648,0}}, TransmitPower{ mTimeInMillis=34332 mPowerRangeInDbm={0,5}}, TransmitPower{ mTimeInMillis=523996 mPowerRangeInDbm={5,15}}, TransmitPower{ mTimeInMillis=25898 mPowerRangeInDbm={15,20}}, TransmitPower{ mTimeInMillis=825500 mPowerRangeInDbm={20,2147483647}}] mRxTimeMs=18363644}
11-20 07:01:13.784 E/QMI_FW  ( 1113): qmi_cci_get_ref: ref count increased 2
11-20 07:01:13.811 E/QMI_FW  ( 1113): qmi_cci_get_ref: ref count increased 2
11-20 07:01:13.813 E/QMI_FW  ( 1113): qmi_cci_get_ref: ref count increased 2
11-20 07:01:13.821 I/chatty  ( 1113): uid=1001(radio) main identical 5 lines
11-20 07:01:13.822 E/QMI_FW  ( 1113): qmi_cci_get_ref: ref count increased 2
11-20 07:01:13.825 E/QMI_FW  ( 1113): qmi_cci_get_ref: ref count increased 2
11-20 07:01:13.834 I/chatty  ( 1113): uid=1001(radio) main identical 6 lines
11-20 07:01:13.835 E/QMI_FW  ( 1113): qmi_cci_get_ref: ref count increased 2
11-20 07:01:13.839 E/QMI_FW  ( 1113): qmi_cci_get_ref: ref count increased 2
11-20 07:01:14.702 I/Nat464Xlat( 1194): Android Xlat is disabled
11-20 07:01:14.703 D/QCNEJ/WlanStaInfoRelay( 1900): Received action: android.net.wifi.LINK_CONFIGURATION_CHANGED
11-20 07:01:14.703 E/QCNEJ/WlanStaInfoRelay( 1900): update link properties given null lp
11-20 07:01:14.750 D/QCNEJ/NativeHalConnector( 1900): -> SND notifyWifiAvailable(v4Connected = truev6Connected = , false, isAndroidValidated = true)
11-20 07:01:14.820 W/HWComposer(  577): Ignoring duplicate VSYNC event from HWC for display 0 (t=54821083247368)
11-20 07:01:14.837 W/HWComposer(  577): Ignoring duplicate VSYNC event from HWC for display 0 (t=54821100090180)
11-20 07:01:14.854 W/HWComposer(  577): Ignoring duplicate VSYNC event from HWC for display 0 (t=54821117050128)
11-20 07:01:14.887 W/HWComposer(  577): Ignoring duplicate VSYNC event from HWC for display 0 (t=54821150853878)
11-20 07:01:15.966 D/WearableConnectivityManager( 2581): onWifiStrengthChange: -31
11-20 07:01:15.966 D/QCNEJ/WlanStaInfoRelay( 1900): Received action: android.net.wifi.RSSI_CHANGED
11-20 07:01:15.982 V/LigerRadioStatsReporter( 2384): onCapabilitiesChanged: Network capabilities changed
11-20 07:01:15.982 V/LigerRadioStatsReporter( 2384): reportAndCheckpointRadioStats
11-20 07:01:15.983 V/LigerRadioStatsReporter( 2384): +++++++++++ RADIO STATS DUMP +++++++++++
11-20 07:01:15.983 V/LigerRadioStatsReporter( 2384): totalActiveRadioTimeMs=0
11-20 07:01:15.983 V/LigerRadioStatsReporter( 2384): totalTailRadioTimeMs=13995
11-20 07:01:15.983 V/LigerRadioStatsReporter( 2384): totalWakeupCount=0
11-20 07:01:15.983 V/LigerRadioStatsReporter( 2384): httpUpBytes=0
11-20 07:01:15.983 V/LigerRadioStatsReporter( 2384): httpDownBytes=0
11-20 07:01:15.984 V/LigerRadioStatsReporter( 2384): httpWakeupCount=0
11-20 07:01:15.984 V/LigerRadioStatsReporter( 2384): httpRequestCount=0
11-20 07:01:15.984 V/LigerRadioStatsReporter( 2384): httpActiveRadioTimeMs=0
11-20 07:01:15.984 V/LigerRadioStatsReporter( 2384): httpTailRadioTimeMs=13995
11-20 07:01:15.984 V/LigerRadioStatsReporter( 2384): reportAndCheckpointRadioStats: Tx=0
11-20 07:01:15.984 V/LigerRadioStatsReporter( 2384): reportAndCheckpointRadioStats: Rx=0
11-20 07:01:15.984 V/LigerRadioStatsReporter( 2384): reportAndCheckpointRadioStats: Uids=10028
11-20 07:01:15.984 V/LigerRadioStatsReporter( 2384): reportAndCheckpointRadioStats: Tags=null
11-20 07:01:17.441 D/mcu_health_checker( 1118): Sent MCU Health Request
11-20 07:01:14.702 I/Nat464Xlat( 1194): Android Xlat is disabled
11-20 07:01:17.441 D/commandrouter( 1117): SocServiceHandle::onServiceMessage, SoC Service = mcu_healthcheck_1118, appType = 1, type = SVC_REQ, clientId = 0, token = 1825, payloadLen = 12, result = 0, payload.size() = 12
11-20 07:01:17.446 D/commandrouter( 1117): mcu_healthcheck_1118 (1, merlot:mcu_health:control): <ServiceResponse> FORWARDED (remote -> local) CR token ID = 1825, service client ID = 40, token ID = 33626, result = 0
11-20 07:01:17.447 D/mcu_health_checker( 1118): MCU Health Response: MCU_OK
11-20 07:01:17.447 D/mcu_health_checker( 1118): MCU Session 0, uptime = 54790235 ms
11-20 07:01:17.447 D/mculinkhealth( 1118): isMcuReachable 1 (6 ms)
11-20 07:01:19.319 E/QMI_FW  ( 1113): qmi_cci_get_ref: ref count increased 2
11-20 07:01:19.319 E/QMI_FW  ( 1113): qmi_cci_get_ref: ref count increased 2
11-20 07:01:19.320 E/QMI_FW  ( 1113): qmi_cci_get_ref: ref count increased 2
11-20 07:01:19.866 D/commandrouter( 1117): rtc_sync (1, rtc:sync): <ServiceRequest> FORWARDED (remote -> local) service client ID = 0, token ID = 38246
11-20 07:01:19.866 D/vendor.facebook.rtc_sync@1.0-service( 1129): Request req_ts=1637391679863027275 resp_ts=1637391679866399615
11-20 07:01:19.866 D/commandrouter( 1117): SocServiceHandle::onServiceMessage, SoC Service = rtc_sync, appType = 1, type = SVC_RESP, clientId = 0, token = 38246, payloadLen = 8, result = 0, payload.size() = 8
11-20 07:01:24.647 E/QMI_FW  ( 1113): qmi_cci_get_ref: ref count increased 2
11-20 07:01:24.649 E/QMI_FW  ( 1113): qmi_cci_get_ref: ref count increased 2
11-20 07:01:24.661 I/WearableConnectivityManager( 2581): LTE Signal strength is: 2
11-20 07:01:24.661 I/WearableConnectivityManager( 2581): Cellular Signal strength is: 2
11-20 07:01:24.662 D/RadioLinkQualityScoreBuilder( 1975): scoreRsrp: 3scoreRsrq: 3scoreRssnr: 3
11-20 07:01:28.487 E/QMI_FW  ( 1113): qmi_cci_get_ref: ref count increased 2
11-20 07:01:28.488 E/QMI_FW  ( 1113): qmi_cci_get_ref: ref count increased 2
11-20 07:01:28.499 I/WearableConnectivityManager( 2581): LTE Signal strength is: 2
11-20 07:01:28.499 I/WearableConnectivityManager( 2581): Cellular Signal strength is: 2
11-20 07:01:28.500 D/RadioLinkQualityScoreBuilder( 1975): scoreRsrp: 3scoreRsrq: 3scoreRssnr: 4
11-20 07:01:29.869 D/commandrouter( 1117): rtc_sync (1, rtc:sync): <ServiceRequest> FORWARDED (remote -> local) service client ID = 0, token ID = 38247
11-20 07:01:29.869 D/vendor.facebook.rtc_sync@1.0-service( 1129): Request req_ts=1637391689860399615 resp_ts=1637391689869609872
11-20 07:01:29.870 D/commandrouter( 1117): SocServiceHandle::onServiceMessage, SoC Service = rtc_sync, appType = 1, type = SVC_RESP, clientId = 0, token = 38247, payloadLen = 8, result = 0, payload.size() = 8
11-20 07:01:31.242 I/chatty  ( 1194): uid=1000(system) WifiScanningSer expire 2 lines
11-20 07:01:31.243 I/chatty  ( 1024): uid=1021(gps) lowi-server expire 222 lines
11-20 07:01:31.244 V/WifiHAL (  539): event received NL80211_CMD_TRIGGER_SCAN
11-20 07:01:31.399 V/WifiHAL (  539): event received NL80211_CMD_NEW_SCAN_RESULTS
11-20 07:01:31.399 I/chatty  ( 1194): uid=1000(system) Binder:1194_14 expire 2 lines
11-20 07:01:31.421 I/chatty  ( 1024): uid=1021(gps) lowi-server expire 7 lines
11-20 07:01:32.688 D/UIAutomatorStub(17968): URI: /jsonrpc/0, Method: POST, Header: {content-length=102, remote-addr=127.0.0.1, http-client-ip=127.0.0.1, host=localhost:9010, content-type=application/json, accept-encoding=identity}, params, {NanoHttpd.QUERY_STRING=null}, files: {postData={"jsonrpc": "2.0", "method": "pressKey", "id": "22e6c09220c785e2d1977e3b865b8c65", "params": ["back"]}}
11-20 07:01:32.723 D/AutofillManagerService( 1194): onBackKeyPressed()
11-20 07:01:32.758 D/UIAutomatorStub(17968): URI: /jsonrpc/0, Method: POST, Header: {content-length=102, remote-addr=127.0.0.1, http-client-ip=127.0.0.1, host=localhost:9010, content-type=application/json, accept-encoding=identity}, params, {NanoHttpd.QUERY_STRING=null}, files: {postData={"jsonrpc": "2.0", "method": "pressKey", "id": "1bd6c9346fc7d0e01a65ea243b8ab608", "params": ["back"]}}
11-20 07:01:32.854 E/QMI_FW  ( 1113): qmi_cci_get_ref: ref count increased 2
11-20 07:01:32.855 E/QMI_FW  ( 1113): qmi_cci_get_ref: ref count increased 2
11-20 07:01:32.856 E/QMI_FW  ( 1113): qmi_cci_get_ref: ref count increased 2
11-20 07:01:33.334 D/UIAutomatorStub(17968): URI: /jsonrpc/0, Method: POST, Header: {content-length=102, remote-addr=127.0.0.1, http-client-ip=127.0.0.1, host=localhost:9010, content-type=application/json, accept-encoding=identity}, params, {NanoHttpd.QUERY_STRING=null}, files: {postData={"jsonrpc": "2.0", "method": "pressKey", "id": "0115f601aedf1d7920f861e1746ddd5b", "params": ["back"]}}
11-20 07:01:33.809 I/chatty  ( 1194): uid=1000(system) Binder:1194_17 expire 4 lines
11-20 07:01:33.838 I/chatty  ( 1194): uid=1000 system_server expire 1 line
11-20 07:01:33.857 D/ComplicationController( 2581): Starting complication controller. Face Type: OdysseyWatchFace
11-20 07:01:33.858 D/ComplicationDataManagerImpl( 2581): Updating complication data for package: com.facebook.wearable.apps.heart, id: com.facebook.wearable.apps.heart.HEART_RATE
11-20 07:01:33.858 D/ComplicationDataManagerImpl( 2581): Updating complication data for package: com.facebook.wearable.apps.clock, id: com.facebook.wearable.apps.clock.SHORTCUT_COMPLICATION
11-20 07:01:33.858 D/ComplicationDataManagerImpl( 2581): Updating complication data for package: com.facebook.wearable.apps.weather, id: com.facebook.wearable.apps.weather.SHORTCUT_COMPLICATION
11-20 07:01:33.858 D/ComplicationDataManagerImpl( 2581): Updating complication data for package: com.facebook.wearable.apps.workout, id: com.facebook.wearable.apps.workout.SHORTCUT_COMPLICATION
11-20 07:01:33.858 D/ComplicationDataManagerImpl( 2581): Updating complication data for package: com.facebook.wearable.apps.calendar, id: com.facebook.wearable.apps.calendar.SHORTCUT_COMPLICATION
11-20 07:01:33.858 D/ComplicationDataManagerImpl( 2581): Updating complication data for package: com.facebook.wearable.apps.gallery, id: com.facebook.wearable.apps.gallery.SHORTCUT_COMPLICATION
11-20 07:01:33.858 D/ComplicationDataManagerImpl( 2581): Updating complication data for package: com.facebook.wearable.apps.player, id: com.facebook.wearable.apps.player.SHORTCUT_COMPLICATION
11-20 07:01:33.860 E/DayDateSystemComplicationProvider( 2581): Updating Day Date System Complication
11-20 07:01:33.860 D/ComplicationDataManagerImpl( 2581): Updating complication data for package: com.facebook.wearable.apps.calendar, id: com.facebook.wearable.apps.calendar.DAY_DATE_COMPLICATION
11-20 07:01:33.866 D/ComplicationDataManagerImpl( 2581): Fetching complication data for package: com.facebook.wearable.apps.calendar, com.facebook.wearable.apps.calendar.DAY_DATE_COMPLICATION.
11-20 07:01:33.867 D/ComplicationDataManagerImpl( 2581): Fetching complication data for package: com.facebook.wearable.apps.player, com.facebook.wearable.apps.player.SHORTCUT_COMPLICATION.
11-20 07:01:33.868 D/ComplicationDataManagerImpl( 2581): Fetching complication data for package: com.facebook.wearable.apps.gallery, com.facebook.wearable.apps.gallery.SHORTCUT_COMPLICATION.
11-20 07:01:33.869 D/ComplicationDataManagerImpl( 2581): Fetching complication data for package: com.facebook.wearable.apps.heart, com.facebook.wearable.apps.heart.HEART_RATE.
11-20 07:01:33.879 D/LauncherActivity( 2581): onResume: Intent { cat=[android.intent.category.DEFAULT] flg=0x10020000 cmp=com.facebook.wearable.system.launcher/.LauncherActivity }
11-20 07:01:33.879 D/LauncherIntentProcessor( 2581): processLauncherActivityIntent: Intent { cat=[android.intent.category.DEFAULT] flg=0x10020000 cmp=com.facebook.wearable.system.launcher/.LauncherActivity }
11-20 07:01:33.905 D/FacebookRepository( 2581): Reading from Store [250223709649332]
11-20 07:01:33.934 I/chatty  ( 1194): uid=1000(system) ActivityManager expire 9 lines
11-20 07:01:33.954 D/UIAutomatorStub(17968): URI: /jsonrpc/0, Method: POST, Header: {content-length=102, remote-addr=127.0.0.1, http-client-ip=127.0.0.1, host=localhost:9010, content-type=application/json, accept-encoding=identity}, params, {NanoHttpd.QUERY_STRING=null}, files: {postData={"jsonrpc": "2.0", "method": "pressKey", "id": "12bb4fe269cbf9ab9a12f4a0f46c2504", "params": ["back"]}}
11-20 07:01:34.424 E/ANDR-PERF-OPTSHANDLER(  557): perf_lock_rel: failed for /sys/class/kgsl/kgsl-3d0/min_pwrlevel as previous value is not stored
11-20 07:01:34.425 E/ANDR-PERF-RESOURCEQS(  557): Failed to reset optimization [3, 0]
11-20 07:01:35.023 D/LauncherActivity( 2581): onKeyUp() called with keycode:4, event: KeyEvent { action=ACTION_UP, keyCode=KEYCODE_BACK, scanCode=0, metaState=0, flags=0x200, repeatCount=0, eventTime=54841266, downTime=54841266, deviceId=-1, source=0x101, displayId=-1 }
11-20 07:01:35.108 W/HWComposer(  577): Ignoring duplicate VSYNC event from HWC for display 0 (t=54841371905589)
11-20 07:01:33.789 I/chatty  ( 1194): uid=1000(system) android.ui identical 2 lines
11-20 07:01:35.022 D/AutofillManagerService( 1194): onBackKeyPressed()
11-20 07:01:35.201 W/ActivityManager( 1194): Invalid packageName: com.facebook.wearable.system.settings/com.facebook.wearable.system.settings.SettingsActivity
11-20 07:01:35.335 I/ActivityTaskManager( 1194): START u0 {flg=0x10000000 cmp=com.facebook.wearable.system.settings/.SettingsActivity} from uid 0
11-20 07:01:35.348 I/chatty  ( 1194): uid=1000(system) Binder:1194_E expire 7 lines
11-20 07:01:35.355 I/ActivityTaskManager( 1194): The Process com.facebook.wearable.system.settings Already Exists in BG. So sending its PID: 16444
