11-21 00:30:22.105 W/ContextImpl( 1186): Calling a method in the system process without a qualified user: android.app.ContextImpl.sendBroadcastMultiplePermissions:1143 android.content.Context.sendBroadcastWithMultiplePermissions:2150 com.android.server.wifi.p2p.WifiP2pServiceImpl$P2pStateMachine.sendBroadcastMultiplePermissions:3209 com.android.server.wifi.p2p.WifiP2pServiceImpl$P2pStateMachine.sendThisDeviceChangedBroadcast:3218 com.android.server.wifi.p2p.WifiP2pServiceImpl$P2pStateMachine.updateThisDevice:3962 
--------- beginning of main
11-21 00:30:22.433 I/wpa_supplicant( 8884): wlan0: WPA: Sending EAPOL-Key 4/4
11-21 00:30:22.436 I/wpa_supplicant( 8884): wlan0: WPA: Key negotiation completed with 6c:cd:d6:25:63:2a [PTK=CCMP GTK=CCMP]
11-21 00:30:22.436 I/wpa_supplicant( 8884): wlan0: CTRL-EVENT-CONNECTED - Connection to 6c:cd:d6:25:63:2a completed [id=0 id_str=%7B%22configKey%22%3A%22%5C%22MTBF_Lab%5C%22WPA_PSK%22%2C%22creatorUid%22%3A%221000%22%7D]
11-21 00:30:22.449 D/BluetoothAdapterService( 1710): android.net.wifi.STATE_CHANGE
11-21 00:30:22.450 D/QCNEJ/WlanStaInfoRelay( 1907): Received action: android.net.wifi.STATE_CHANGE
11-21 00:30:22.451 D/BluetoothVendorService( 1710): setWifiState to: true
11-21 00:30:22.451 I/BluetoothVendorJni( 1710): setWifiStateNative
11-21 00:30:22.451 I/bt_btif_vendor( 1710): setWifiState :1
11-21 00:30:22.456 D/WifiConnector( 2870): Network State Changed
11-21 00:30:22.458 I/chatty  ( 1026): uid=1021(gps) lowi-server expire 20 lines
11-21 00:30:22.458 I/chatty  ( 1026): uid=1021(gps) lowi-server expire 3 lines
11-21 00:30:22.462 D/ConnectivityService( 1186): registerNetworkAgent NetworkAgentInfo{ ni{[type: WIFI[], state: UNKNOWN/IDLE, reason: (unspecified), extra: , failover: false, available: true, roaming: false]}  network{167}  nethandle{720665235469}  lp{{InterfaceName: wlan0 LinkAddresses: [ ] DnsAddresses: [ ] Domains: null MTU: 0 Routes: [ ]}}  nc{[ Transports: WIFI Capabilities: NOT_METERED&INTERNET&NOT_RESTRICTED&TRUSTED&NOT_VPN&NOT_ROAMING&FOREGROUND&NOT_CONGESTED&NOT_SUSPENDED LinkUpBandwidth>=72000Kbps LinkDnBandwidth>=72000Kbps OwnerUid: 1000 SSID: "MTBF_Lab" RequestorUid: -1 RequestorPackageName: null]}  Score{20}  everValidated{false}  lastValidated{false}  created{false} lingering{false} explicitlySelected{false} acceptUnvalidated{false} everCaptivePortalDetected{false} lastCaptivePortalDetected{false} partialConnectivity{false} acceptPartialConnectivity{false} clat{mBaseIface: null, mIface: null, mState: IDLE} }
11-21 00:30:22.463 D/QCNEJ/WlanStaInfoRelay( 1907): Received action: android.net.wifi.STATE_CHANGE
11-21 00:30:22.463 D/BluetoothAdapterService( 1710): android.net.wifi.STATE_CHANGE
11-21 00:30:22.465 D/WifiConnector( 2870): Network State Changed
11-21 00:30:22.466 D/BluetoothVendorService( 1710): setWifiState to: true
11-21 00:30:22.466 I/BluetoothVendorJni( 1710): setWifiStateNative
11-21 00:30:22.466 I/bt_btif_vendor( 1710): setWifiState :1
11-21 00:30:22.479 D/ConnectivityService( 1186): [167 WIFI] EVENT_NETWORK_INFO_CHANGED, going from UNKNOWN to UNKNOWN
11-21 00:30:22.484 D/BluetoothAdapterService( 1710): android.net.wifi.STATE_CHANGE
11-21 00:30:22.485 D/QCNEJ/WlanStaInfoRelay( 1907): Received action: android.net.wifi.STATE_CHANGE
11-21 00:30:22.486 D/WifiConnector( 2870): Network State Changed
11-21 00:30:22.487 D/BluetoothVendorService( 1710): setWifiState to: true
11-21 00:30:22.487 I/BluetoothVendorJni( 1710): setWifiStateNative
11-21 00:30:22.487 I/bt_btif_vendor( 1710): setWifiState :1
11-21 00:30:22.513 I/chatty  ( 1186): uid=1000(system) WifiHandlerThre expire 16 lines
11-21 00:30:22.514 V/WifiHAL (  544): WifiVendorCommand 0x984ec000 created vendor_id:0x1374 subcmd:83
11-21 00:30:22.515 E/WifiHAL (  544): wifi_get_packet_filter_capabilities: requestResponse() error: -3
11-21 00:30:22.515 I/WifiHAL (  544): Packet filtering is not supprted
11-21 00:30:22.663 D/WearableConnectivityManager(11143): onWifiStrengthChange: -33
11-21 00:30:22.664 D/QCNEJ/WlanStaInfoRelay( 1907): Received action: android.net.wifi.RSSI_CHANGED
11-21 00:30:22.667 V/WifiHAL (  544): WifiVendorCommand 0x986b8148 created vendor_id:0x1374 subcmd:82
11-21 00:30:22.667 D/ConnectivityService( 1186): NetReassign [no changes]
11-21 00:30:22.667 V/WifiHAL (  544): ND offload : Enable
11-21 00:30:22.696 E/QMI_FW  (  915): qmi_cci_get_ref: ref count increased 2
11-21 00:30:22.698 E/QMI_FW  (  915): qmi_cci_get_ref: ref count increased 2
11-21 00:30:22.699 E/Netd    (  462): no such netId 167
11-21 00:30:22.700 I/Nat464Xlat( 1186): Android Xlat is disabled
11-21 00:30:22.759 I/chatty  ( 1186): uid=1000 system_server expire 7 lines
11-21 00:30:22.835 E/Netd    (  462): no such netId 167
11-21 00:30:22.835 D/QCNEJ/WlanStaInfoRelay( 1907): Received action: android.net.wifi.STATE_CHANGE
11-21 00:30:22.700 I/Nat464Xlat( 1186): Android Xlat is disabled
11-21 00:30:22.835 E/ConnectivityService( 1186): Exception in networkAddRouteParcel for non-gateway: android.os.ServiceSpecificException: Machine is not on the network (code 64)
11-21 00:30:22.836 E/Netd    (  462): no such netId 167
11-21 00:30:22.836 D/BluetoothAdapterService( 1710): android.net.wifi.STATE_CHANGE
11-21 00:30:22.837 D/WifiConnector( 2870): Network State Changed
11-21 00:30:22.839 D/BluetoothVendorService( 1710): setWifiState to: true
11-21 00:30:22.839 I/BluetoothVendorJni( 1710): setWifiStateNative
11-21 00:30:22.839 I/bt_btif_vendor( 1710): setWifiState :1
11-21 00:30:22.840 E/ConnectivityService( 1186): Exception in networkAddRouteParcel for gateway: android.os.ServiceSpecificException: Machine is not on the network (code 64)
11-21 00:30:22.840 I/Nat464Xlat( 1186): Android Xlat is disabled
11-21 00:30:22.851 D/BluetoothAdapterService( 1710): android.net.wifi.STATE_CHANGE
11-21 00:30:22.851 D/QCNEJ/WlanStaInfoRelay( 1907): Received action: android.net.wifi.STATE_CHANGE
11-21 00:30:22.851 D/WifiConnector( 2870): Network State Changed
11-21 00:30:22.856 D/BluetoothVendorService( 1710): setWifiState to: true
11-21 00:30:22.856 I/BluetoothVendorJni( 1710): setWifiStateNative
11-21 00:30:22.856 I/bt_btif_vendor( 1710): setWifiState :1
11-21 00:30:22.858 D/WifiConnector( 2870): Configured Networks Changed
11-21 00:30:22.871 E/QMI_FW  (  915): qmi_cci_get_ref: ref count increased 2
11-21 00:30:22.872 E/QMI_FW  (  915): qmi_cci_get_ref: ref count increased 2
11-21 00:30:22.873 I/chatty  ( 1186): uid=1000(system) pool-9-thread-1 expire 3 lines
11-21 00:30:22.840 I/Nat464Xlat( 1186): Android Xlat is disabled
11-21 00:30:22.952 D/ConnectivityService( 1186): Setting DNS servers for network 167 to [/192.168.1.1]
11-21 00:30:22.953 E/QMI_FW  ( 1042): qmi_cci_get_ref: ref count increased 2
11-21 00:30:22.953 E/QMI_FW  ( 1042): qmi_cci_get_ref: ref count increased 2
11-21 00:30:22.959 E/QMI_FW  ( 1042): qmi_cci_get_ref: ref count increased 2
11-21 00:30:22.959 I/Nat464Xlat( 1186): Android Xlat is disabled
11-21 00:30:22.959 I/Nat464Xlat( 1186): Android Xlat is disabled
11-21 00:30:23.068 D/ConnectivityService( 1186): [167 WIFI] EVENT_NETWORK_INFO_CHANGED, going from UNKNOWN to CONNECTED
11-21 00:30:23.071 D/DnsManager( 1186): sendDnsConfigurationForNetwork(167, [192.168.1.1], [], 1800, 25, 8, 64, 0, 0, , [])
11-21 00:30:23.073 W/DnsManager( 1186): updatePrivateDns(167, PrivateDnsConfig{true:/[]})
11-21 00:30:23.074 D/ConnectivityService( 1186): Setting DNS servers for network 167 to [/192.168.1.1]
11-21 00:30:23.074 D/DnsManager( 1186): sendDnsConfigurationForNetwork(167, [192.168.1.1], [], 1800, 25, 8, 64, 0, 0, , [192.168.1.1])
11-21 00:30:23.077 D/ConnectivityService( 1186): Adding iface wlan0 to network 167
11-21 00:30:23.078 W/resolv  (  462): Validating DnsTlsServer on netId 167
11-21 00:30:23.091 W/resolv  (  462): Validation failed
11-21 00:30:23.102 D/ConnectivityService( 1186): Setting DNS servers for network 167 to [/192.168.1.1]
11-21 00:30:23.103 D/DnsManager( 1186): sendDnsConfigurationForNetwork(167, [192.168.1.1], [], 1800, 25, 8, 64, 0, 0, , [192.168.1.1])
11-21 00:30:23.104 W/resolv  (  462): Validating DnsTlsServer on netId 167
11-21 00:30:23.105 I/Nat464Xlat( 1186): Android Xlat is disabled
11-21 00:30:23.131 W/resolv  (  462): SSL_connect ssl error =5, mark 0xf00a7: Connection refused
11-21 00:30:23.132 W/resolv  (  462): Validation failed
11-21 00:30:23.106 I/Nat464Xlat( 1186): Android Xlat is disabled
11-21 00:30:23.171 D/ConnectivityService( 1186): NetReassign [no changes]
11-21 00:30:23.175 D/QCNEJ/WlanStaInfoRelay( 1907): network available: 167
11-21 00:30:23.193 D/QCNEJ/NativeHalConnector( 1907): -> SND notifyWifiAvailable(v4Connected = truev6Connected = , false, isAndroidValidated = false)
11-21 00:30:23.198 D/QCNEJ/NativeHalConnector( 1907): -> SND notifyWifiAvailable(v4Connected = truev6Connected = , false, isAndroidValidated = false)
11-21 00:30:23.244 I/chatty  ( 1186): uid=1000 system_server expire 3 lines
11-21 00:30:23.256 I/chatty  ( 1186): uid=1000 system_server expire 2 lines
11-21 00:30:23.361 I/chatty  ( 1186): uid=1000 system_server expire 1 line
11-21 00:30:23.363 D/ConnectivityService( 1186): [167 WIFI] validation passed
11-21 00:30:23.364 D/ConnectivityService( 1186): NetReassign [44 : 101 → 167, 1480 : 101 → 167, 11 : 101 → 167, 63 : 101 → 167, 17 : 101 → 167, 25 : 101 → 167, 1438 : 101 → 167, 1 : 101 → 167, 8 : 101 → 167, 654 : 101 → 167, 12 : 101 → 167, 14 : 101 → 167, 16 : 101 → 167, 22 : 101 → 167, 1486 : 101 → 167]
11-21 00:30:23.371 E/NetlinkEvent(  462): NetlinkEvent::FindParam(): Parameter 'INTERFACE' not found
11-21 00:30:23.371 E/NetlinkEvent(  462): NetlinkEvent::FindParam(): Parameter 'STATE' not found
11-21 00:30:23.371 E/NetlinkEvent(  462): NetlinkEvent::FindParam(): Parameter 'TIME_NS' not found
11-21 00:30:23.371 E/NetlinkEvent(  462): NetlinkEvent::FindParam(): Parameter 'UID' not found
11-21 00:30:23.386 D/ConnectivityService( 1186): Switching to new default network: NetworkAgentInfo{ ni{[type: WIFI[], state: CONNECTED/CONNECTED, reason: (unspecified), extra: , failover: false, available: true, roaming: false]}  network{167}  nethandle{720665235469}  lp{{InterfaceName: wlan0 LinkAddresses: [ 192.168.1.41/24 ] DnsAddresses: [ /192.168.1.1 ] Domains: null MTU: 0 ServerAddress: /192.168.1.1 TcpBufferSizes: 524288,1048576,2097152,262144,524288,1048576 Routes: [ fe80::/64 -> :: wlan0 mtu 0,192.168.1.0/24 -> 0.0.0.0 wlan0 mtu 0,0.0.0.0/0 -> 192.168.1.1 wlan0 mtu 0 ]}}  nc{[ Transports: WIFI Capabilities: NOT_METERED&INTERNET&NOT_RESTRICTED&TRUSTED&NOT_VPN&VALIDATED&NOT_ROAMING&FOREGROUND&NOT_CONGESTED&NOT_SUSPENDED LinkUpBandwidth>=61000Kbps LinkDnBandwidth>=61000Kbps SignalStrength: -33 OwnerUid: 1000 SSID: "MTBF_Lab" RequestorUid: -1 RequestorPackageName: null]}  Score{60}  everValidated{true}  lastValidated{true}  created{true} lingering{false} explicitlySelected{false} acceptUnvalidated{false} everCaptivePortalDetected{false} lastCaptivePortalDetected{false} partialConnectivity{false} acceptPartialConnectivity{false} clat{mBaseIface: null, mIface: null, mState: IDLE} }
11-21 00:30:23.494 D/DeviceAuthService( 6456): Network connected
11-21 00:30:23.494 D/DeviceAuthService( 6456): fetchAuthTokenWrapper called
11-21 00:30:23.497 I/chatty  ( 1186): uid=1000(system) NetworkTimeUpda expire 1 line
11-21 00:30:23.505 V/LigerRadioStatsReporter( 2357): onCapabilitiesChanged: Network capabilities changed
11-21 00:30:23.505 W/SimpleTimeDetectorStrategy( 1186): Existing suggestion found to be invalid  elapsedRealtimeMillis=117711231, timeSuggestion=TelephonyTimeSuggestion{mSlotIndex='0', mUtcTime=TimestampedValue{mReferenceTimeMillis=57092, mValue=1637365770000}, mDebugInfo=[Sending new time suggestion nitzSignal=TimestampedValue{mReferenceTimeMillis=57092, mValue=NitzData{mOriginalString=21/11/19,23:49:30-32,00, mZoneOffset=-28800000, mDstOffset=0, mCurrentTimeMillis=1637365770000, mEmulatorHostTimeZone=null}}, reason=handleNitzReceived(TimestampedValue{mReferenceTimeMillis=57092, mValue=NitzData{mOriginalString=21/11/19,23:49:30-32,00, mZoneOffset=-28800000, mDstOffset=0, mCurrentTimeMillis=1637365770000, mEmulatorHostTimeZone=null}})]}
11-21 00:30:23.515 D/QCNEJ/DefaultNetworkInfoRelay( 1907): Default network available: 167
11-21 00:30:23.516 D/ConnectivityService( 1186): Lingering [101 CELLULAR] for 30000ms
11-21 00:30:23.516 D/QCNEJ/NativeHalConnector( 1907): -> SND notifyDefaultNetworkChanged(1)
11-21 00:30:23.518 D/ConnectivityService( 1186): Sending DISCONNECTED broadcast for type 0 [101 CELLULAR] isDefaultNetwork=true
11-21 00:30:23.519 D/ConnectivityService( 1186): Sending CONNECTED broadcast for type 1 [167 WIFI] isDefaultNetwork=true
11-21 00:30:23.523 I/chatty  ( 1186): uid=1000(system) android.fg expire 1 line
11-21 00:30:23.524 I/chatty  (  527): uid=1021(gps) Loc_hal_worker expire 1 line
11-21 00:30:23.525 I/chatty  ( 1027): uid=1021(gps) LocApiMsgTask expire 2 lines
11-21 00:30:23.530 I/chatty  ( 1027): uid=1021(gps) LocApiMsgTask expire 1 line
11-21 00:30:23.542 V/LigerRadioStatsReporter( 2357): onCapabilitiesChanged: Network capabilities changed
11-21 00:30:23.542 V/LigerRadioStatsReporter( 2357): reportAndCheckpointRadioStats
11-21 00:30:23.543 V/LigerRadioStatsReporter( 2357): +++++++++++ RADIO STATS DUMP +++++++++++
11-21 00:30:23.543 V/LigerRadioStatsReporter( 2357): totalActiveRadioTimeMs=0
11-21 00:30:23.543 V/LigerRadioStatsReporter( 2357): totalTailRadioTimeMs=13994
11-21 00:30:23.543 V/LigerRadioStatsReporter( 2357): totalWakeupCount=0
11-21 00:30:23.544 V/LigerRadioStatsReporter( 2357): httpUpBytes=0
11-21 00:30:23.544 V/LigerRadioStatsReporter( 2357): httpDownBytes=0
11-21 00:30:23.544 V/LigerRadioStatsReporter( 2357): httpWakeupCount=0
11-21 00:30:23.544 V/LigerRadioStatsReporter( 2357): httpRequestCount=0
11-21 00:30:23.544 V/LigerRadioStatsReporter( 2357): httpActiveRadioTimeMs=0
11-21 00:30:23.544 V/LigerRadioStatsReporter( 2357): httpTailRadioTimeMs=13994
11-21 00:30:23.544 V/LigerRadioStatsReporter( 2357): reportAndCheckpointRadioStats: Tx=0
11-21 00:30:23.544 V/LigerRadioStatsReporter( 2357): reportAndCheckpointRadioStats: Rx=0
11-21 00:30:23.544 V/LigerRadioStatsReporter( 2357): reportAndCheckpointRadioStats: Uids=10027
11-21 00:30:23.544 V/LigerRadioStatsReporter( 2357): reportAndCheckpointRadioStats: Tags=null
11-21 00:30:23.550 E/QMI_FW  (  915): qmi_cci_get_ref: ref count increased 2
11-21 00:30:23.551 D/DeviceAuthService( 6456): isOculusAddressResolvable returned true
11-21 00:30:23.551 D/DeviceAuthenticator( 6456): Fetching new credentials asynchronously
11-21 00:30:23.554 E/QMI_FW  (  915): qmi_cci_get_ref: ref count increased 2
11-21 00:30:23.554 D/DeviceAuthenticator( 6456): Calling DeviceAuth.authenticate()
11-21 00:30:23.557 D/ConnectivityService( 1186): Setting DNS servers for network 167 to [/192.168.1.1]
11-21 00:30:23.557 E/DeviceCertService(  545): This device *might* have a provisioning issue. Please run `maui provision check` to verify.
11-21 00:30:23.557 E/DeviceCertService(  545): See https://fburl.com/wiki/a9hho0p9 for more information.
11-21 00:30:23.557 E/DeviceCertService(  545): Could not access certificate file '/mnt/vendor/persist/certificates/device_identityinsecure.crt', error 2: No such file or directory
11-21 00:30:23.557 D/DnsManager( 1186): sendDnsConfigurationForNetwork(167, [192.168.1.1], [], 1800, 25, 8, 64, 0, 0, , [192.168.1.1])
11-21 00:30:23.559 W/resolv  (  462): Validating DnsTlsServer on netId 167
11-21 00:30:23.559 E/DeviceAuthenticator( 6456): ERROR: java.lang.RuntimeException: devicecert returned error FILESYSTEM_ERROR
11-21 00:30:23.559 E/DeviceAuthenticator( 6456): 
11-21 00:30:23.559 E/DeviceAuthenticator( 6456): com.facebook.mos.sdk.devicecert.DeviceIdentityException: java.lang.RuntimeException: devicecert returned error FILESYSTEM_ERROR
11-21 00:30:23.559 E/DeviceAuthenticator( 6456): 
11-21 00:30:23.561 D/QCNEJ/WlanStaInfoRelay( 1907): AndroidValidate from false to true
11-21 00:30:23.572 D/QCNEJ/WlanStaInfoRelay( 1907): retrieveCountryCode:Location obtained from Telephony: us
11-21 00:30:23.577 W/resolv  (  462): SSL_connect ssl error =5, mark 0xf00a7: Connection refused
11-21 00:30:23.578 W/resolv  (  462): Validation failed
11-21 00:30:23.581 D/WifiConnector( 2870): Configured Networks Changed
11-21 00:30:23.589 E/QMI_FW  (  915): qmi_cci_get_ref: ref count increased 2
11-21 00:30:23.590 E/QMI_FW  (  915): qmi_cci_get_ref: ref count increased 2
11-21 00:30:23.593 E/QMI_FW  ( 1042): qmi_cci_get_ref: ref count increased 2
11-21 00:30:23.598 E/QMI_FW  ( 1042): qmi_cci_get_ref: ref count increased 2
11-21 00:30:23.600 E/QMI_FW  ( 1042): qmi_cci_get_ref: ref count increased 2
11-21 00:30:23.609 E/QMI_FW  ( 1042): qmi_cci_get_ref: ref count increased 2
11-21 00:30:23.626 D/PhoneInterfaceManager( 1984): setModemActivityInfo
11-21 00:30:23.626 D/FbSideCarManager( 1984): setModemActivityInfo
11-21 00:30:23.626 D/FbSideCarManager( 1984): setModemActivityInfo
11-21 00:30:23.626 D/WirelessInsightServiceImpl( 1984): setModemActivityInfo
11-21 00:30:23.626 D/FbSideCarManager( 1984): setModemActivityInfoInternal success
11-21 00:30:23.626 D/PhoneInterfaceManager( 1984): setModemActivityInfo: success.
11-21 00:30:23.627 D/WirelessInsightServiceImpl( 1984): notifyListeners: listeners = 0, modemActivityInfo = ModemActivityInfo{ mTimestamp=117711338 mSleepTimeMs=47680367 mIdleTimeMs=412968 mTransmitPowerInfo[]=[TransmitPower{ mTimeInMillis=604 mPowerRangeInDbm={-2147483648,0}}, TransmitPower{ mTimeInMillis=1478066 mPowerRangeInDbm={0,5}}, TransmitPower{ mTimeInMillis=717489 mPowerRangeInDbm={5,15}}, TransmitPower{ mTimeInMillis=100568 mPowerRangeInDbm={15,20}}, TransmitPower{ mTimeInMillis=1361499 mPowerRangeInDbm={20,2147483647}}] mRxTimeMs=65924788}
11-21 00:30:23.659 E/QMI_FW  ( 1042): qmi_cci_get_ref: ref count increased 2
11-21 00:30:23.667 E/QMI_FW  ( 1042): qmi_cci_get_ref: ref count increased 2
11-21 00:30:23.682 I/chatty  ( 1042): uid=1001(radio) main identical 6 lines
11-21 00:30:23.684 E/QMI_FW  ( 1042): qmi_cci_get_ref: ref count increased 2
11-21 00:30:23.696 E/QMI_FW  ( 1042): qmi_cci_get_ref: ref count increased 2
11-21 00:30:23.699 E/QMI_FW  ( 1042): qmi_cci_get_ref: ref count increased 2
11-21 00:30:23.701 E/QMI_FW  ( 1042): qmi_cci_get_ref: ref count increased 2
11-21 00:30:23.703 E/QMI_FW  ( 1042): qmi_cci_get_ref: ref count increased 2
11-21 00:30:23.703 I/Nat464Xlat( 1186): Android Xlat is disabled
11-21 00:30:23.706 D/QCNEJ/WlanStaInfoRelay( 1907): Received action: android.net.wifi.LINK_CONFIGURATION_CHANGED
11-21 00:30:23.706 E/QCNEJ/WlanStaInfoRelay( 1907): update link properties given null lp
11-21 00:30:23.707 E/QMI_FW  ( 1042): qmi_cci_get_ref: ref count increased 2
11-21 00:30:23.709 I/chatty  ( 1042): uid=1001(radio) main identical 2 lines
11-21 00:30:23.710 E/QMI_FW  ( 1042): qmi_cci_get_ref: ref count increased 2
11-21 00:30:23.712 E/QMI_FW  ( 1042): qmi_cci_get_ref: ref count increased 2
11-21 00:30:23.719 I/chatty  ( 1042): uid=1001(radio) main identical 6 lines
11-21 00:30:23.720 E/QMI_FW  ( 1042): qmi_cci_get_ref: ref count increased 2
11-21 00:30:23.723 E/QMI_FW  ( 1042): qmi_cci_get_ref: ref count increased 2
11-21 00:30:23.806 D/QCNEJ/NativeHalConnector( 1907): -> SND notifyWifiAvailable(v4Connected = truev6Connected = , false, isAndroidValidated = true)
11-21 00:30:24.577 W/HWComposer(  598): Ignoring duplicate VSYNC event from HWC for display 0 (t=117712302950303)
11-21 00:30:25.738 D/QCNEJ/WlanStaInfoRelay( 1907): Received action: android.net.wifi.RSSI_CHANGED
11-21 00:30:25.740 D/WearableConnectivityManager(11143): onWifiStrengthChange: -34
11-21 00:30:25.750 V/LigerRadioStatsReporter( 2357): onCapabilitiesChanged: Network capabilities changed
11-21 00:30:25.751 V/LigerRadioStatsReporter( 2357): reportAndCheckpointRadioStats
11-21 00:30:25.752 V/LigerRadioStatsReporter( 2357): +++++++++++ RADIO STATS DUMP +++++++++++
11-21 00:30:25.752 V/LigerRadioStatsReporter( 2357): totalActiveRadioTimeMs=0
11-21 00:30:25.752 V/LigerRadioStatsReporter( 2357): totalTailRadioTimeMs=13994
11-21 00:30:25.752 V/LigerRadioStatsReporter( 2357): totalWakeupCount=0
11-21 00:30:25.752 V/LigerRadioStatsReporter( 2357): httpUpBytes=0
11-21 00:30:25.752 V/LigerRadioStatsReporter( 2357): httpDownBytes=0
11-21 00:30:25.752 V/LigerRadioStatsReporter( 2357): httpWakeupCount=0
11-21 00:30:25.752 V/LigerRadioStatsReporter( 2357): httpRequestCount=0
11-21 00:30:25.752 V/LigerRadioStatsReporter( 2357): httpActiveRadioTimeMs=0
11-21 00:30:25.752 V/LigerRadioStatsReporter( 2357): httpTailRadioTimeMs=13994
11-21 00:30:25.752 V/LigerRadioStatsReporter( 2357): reportAndCheckpointRadioStats: Tx=0
11-21 00:30:25.752 V/LigerRadioStatsReporter( 2357): reportAndCheckpointRadioStats: Rx=0
11-21 00:30:25.752 V/LigerRadioStatsReporter( 2357): reportAndCheckpointRadioStats: Uids=10027
11-21 00:30:25.752 V/LigerRadioStatsReporter( 2357): reportAndCheckpointRadioStats: Tags=null
11-21 00:30:23.704 I/Nat464Xlat( 1186): Android Xlat is disabled
11-21 00:30:27.047 D/AppStorageManager( 1186): BEFORE:: Previous Size: 979726336 Current Size: 979578880
11-21 00:30:27.047 D/AppStorageManager( 1186): AFTER:: Previous Size: 979578880 Current Size: 979578880
11-21 00:30:27.782 D/commandrouter( 1006): rtc_sync (1, rtc:sync): <ServiceRequest> FORWARDED (remote -> local) service client ID = 0, token ID = 44534
11-21 00:30:27.783 D/vendor.facebook.rtc_sync@1.0-service( 1145): Request req_ts=1637454627786765368 resp_ts=1637454627782928542
11-21 00:30:27.783 D/commandrouter( 1006): SocServiceHandle::onServiceMessage, SoC Service = rtc_sync, appType = 1, type = SVC_RESP, clientId = 0, token = 44534, payloadLen = 8, result = 0, payload.size() = 8
11-21 00:30:29.023 E/QMI_FW  ( 1042): qmi_cci_get_ref: ref count increased 2
11-21 00:30:29.025 E/QMI_FW  ( 1042): qmi_cci_get_ref: ref count increased 2
11-21 00:30:29.036 I/WearableConnectivityManager(11143): LTE Signal strength is: 2
11-21 00:30:29.036 I/WearableConnectivityManager(11143): Cellular Signal strength is: 2
11-21 00:30:29.043 D/RadioLinkQualityScoreBuilder( 1984): scoreRsrp: 3scoreRsrq: 2scoreRssnr: 3
11-21 00:30:29.666 E/QMI_FW  ( 1042): qmi_cci_get_ref: ref count increased 2
11-21 00:30:29.667 E/QMI_FW  ( 1042): qmi_cci_get_ref: ref count increased 2
11-21 00:30:29.668 E/QMI_FW  ( 1042): qmi_cci_get_ref: ref count increased 2
11-21 00:30:34.078 E/QMI_FW  ( 1042): qmi_cci_get_ref: ref count increased 2
11-21 00:30:34.080 E/QMI_FW  ( 1042): qmi_cci_get_ref: ref count increased 2
11-21 00:30:34.092 I/WearableConnectivityManager(11143): LTE Signal strength is: 2
11-21 00:30:34.092 I/WearableConnectivityManager(11143): Cellular Signal strength is: 2
11-21 00:30:34.093 D/RadioLinkQualityScoreBuilder( 1984): scoreRsrp: 3scoreRsrq: 3scoreRssnr: 4
11-21 00:30:34.094 D/WirelessInsightServiceImpl( 1984): onSignalStrengthsChanged: SignalStrength = SignalStrength:{mCdma=CellSignalStrengthCdma: cdmaDbm=2147483647 cdmaEcio=2147483647 evdoDbm=2147483647 evdoEcio=2147483647 evdoSnr=2147483647 level=0,mGsm=CellSignalStrengthGsm: rssi=2147483647 ber=2147483647 mTa=2147483647 mLevel=0,mWcdma=CellSignalStrengthWcdma: ss=2147483647 ber=2147483647 rscp=2147483647 ecno=2147483647 level=0,mTdscdma=CellSignalStrengthTdscdma: rssi=2147483647 ber=2147483647 rscp=2147483647 level=0,mLte=CellSignalStrengthLte: rssi=-77 rsrp=-112 rsrq=-13 rssnr=11 cqi=2147483647 ta=2147483647 level=2 parametersUseForLevel=0,mNr=CellSignalStrengthNr:{ csiRsrp = 2147483647 csiRsrq = 2147483647 csiSinr = 2147483647 ssRsrp = 2147483647 ssRsrq = 2147483647 ssSinr = 2147483647 level = 0 parametersUseForLevel = 0 },primary=CellSignalStrengthLte}
11-21 00:30:34.094 D/WirelessInsightServiceImpl( 1984): Score: 3
11-21 00:30:34.094 D/WirelessInsightServiceImpl( 1984): notifyListeners: listeners = 0, score = 3
11-21 00:30:37.771 D/commandrouter( 1006): rtc_sync (1, rtc:sync): <ServiceRequest> FORWARDED (remote -> local) service client ID = 0, token ID = 44535
11-21 00:30:37.772 D/vendor.facebook.rtc_sync@1.0-service( 1145): Request req_ts=1637454637774928542 resp_ts=1637454637772134423
11-21 00:30:37.772 D/commandrouter( 1006): SocServiceHandle::onServiceMessage, SoC Service = rtc_sync, appType = 1, type = SVC_RESP, clientId = 0, token = 44535, payloadLen = 8, result = 0, payload.size() = 8
11-21 00:30:40.949 I/chatty  ( 1186): uid=1000 system_server expire 3 lines
11-21 00:30:40.955 I/chatty  ( 1186): uid=1000(system) WifiScanningSer expire 1 line
11-21 00:30:40.958 V/WifiHAL (  544): event received NL80211_CMD_TRIGGER_SCAN
11-21 00:30:41.094 V/WifiHAL (  544): event received NL80211_CMD_NEW_SCAN_RESULTS
11-21 00:30:41.094 I/chatty  ( 1026): uid=1021(gps) lowi-server expire 217 lines
11-21 00:30:41.100 I/chatty  ( 1186): uid=1000(system) Binder:1186_4 expire 1 line
11-21 00:30:41.100 D/WifiNative( 1186): Scan result ready event
11-21 00:30:41.112 D/WificondScannerImpl( 1186): Filtering out 19 scan results.
11-21 00:30:41.127 I/chatty  ( 1026): uid=1021(gps) lowi-server expire 7 lines
11-21 00:30:42.318 D/UIAutomatorStub( 6483): URI: /jsonrpc/0, Method: POST, Header: {content-length=102, remote-addr=127.0.0.1, http-client-ip=127.0.0.1, host=localhost:9012, content-type=application/json, accept-encoding=identity}, params, {NanoHttpd.QUERY_STRING=null}, files: {postData={"jsonrpc": "2.0", "method": "pressKey", "id": "7c54cd475f4d460faad7dc7c6c4f842e", "params": ["back"]}}
11-21 00:30:42.346 D/AutofillManagerService( 1186): onBackKeyPressed()
11-21 00:30:42.381 D/UIAutomatorStub( 6483): URI: /jsonrpc/0, Method: POST, Header: {content-length=102, remote-addr=127.0.0.1, http-client-ip=127.0.0.1, host=localhost:9012, content-type=application/json, accept-encoding=identity}, params, {NanoHttpd.QUERY_STRING=null}, files: {postData={"jsonrpc": "2.0", "method": "pressKey", "id": "53514bc23bb23f8835c28e9c61898dee", "params": ["back"]}}
11-21 00:30:42.413 W/HWComposer(  598): Ignoring duplicate VSYNC event from HWC for display 0 (t=117730138499723)
11-21 00:30:42.962 D/UIAutomatorStub( 6483): URI: /jsonrpc/0, Method: POST, Header: {content-length=102, remote-addr=127.0.0.1, http-client-ip=127.0.0.1, host=localhost:9012, content-type=application/json, accept-encoding=identity}, params, {NanoHttpd.QUERY_STRING=null}, files: {postData={"jsonrpc": "2.0", "method": "pressKey", "id": "6f628a7ee6338212b06eb2b63a9e3089", "params": ["back"]}}
11-21 00:30:43.419 D/ActivityTrigger( 1186): ActivityTrigger activityPauseTrigger 
11-21 00:30:43.445 E/ANDR-PERF-JNI( 1186): UXEngine Trigger - Returning null
11-21 00:30:43.468 D/ComplicationController(11143): Starting complication controller. Face Type: OdysseyWatchFace
11-21 00:30:43.469 D/ComplicationDataManagerImpl(11143): Updating complication data for package: com.facebook.wearable.apps.heart, id: com.facebook.wearable.apps.heart.HEART_RATE
11-21 00:30:43.469 D/ComplicationDataManagerImpl(11143): Updating complication data for package: com.facebook.wearable.apps.weather, id: com.facebook.wearable.apps.weather.SHORTCUT_COMPLICATION
11-21 00:30:43.469 D/ComplicationDataManagerImpl(11143): Updating complication data for package: com.facebook.wearable.apps.workout, id: com.facebook.wearable.apps.workout.SHORTCUT_COMPLICATION
11-21 00:30:43.469 D/ComplicationDataManagerImpl(11143): Updating complication data for package: com.facebook.wearable.apps.gallery, id: com.facebook.wearable.apps.gallery.SHORTCUT_COMPLICATION
11-21 00:30:43.469 D/ComplicationDataManagerImpl(11143): Updating complication data for package: com.facebook.wearable.apps.clock, id: com.facebook.wearable.apps.clock.SHORTCUT_COMPLICATION
11-21 00:30:43.469 D/ComplicationDataManagerImpl(11143): Updating complication data for package: com.facebook.wearable.apps.player, id: com.facebook.wearable.apps.player.SHORTCUT_COMPLICATION
11-21 00:30:43.469 D/ComplicationDataManagerImpl(11143): Updating complication data for package: com.facebook.wearable.apps.calendar, id: com.facebook.wearable.apps.calendar.SHORTCUT_COMPLICATION
11-21 00:30:43.471 E/DayDateSystemComplicationProvider(11143): Updating Day Date System Complication
11-21 00:30:43.471 D/ComplicationDataManagerImpl(11143): Updating complication data for package: com.facebook.wearable.apps.calendar, id: com.facebook.wearable.apps.calendar.DAY_DATE_COMPLICATION
11-21 00:30:43.476 D/ComplicationDataManagerImpl(11143): Fetching complication data for package: com.facebook.wearable.apps.calendar, com.facebook.wearable.apps.calendar.DAY_DATE_COMPLICATION.
11-21 00:30:43.477 D/ComplicationDataManagerImpl(11143): Fetching complication data for package: com.facebook.wearable.apps.player, com.facebook.wearable.apps.player.SHORTCUT_COMPLICATION.
11-21 00:30:43.477 D/ComplicationDataManagerImpl(11143): Fetching complication data for package: com.facebook.wearable.apps.gallery, com.facebook.wearable.apps.gallery.SHORTCUT_COMPLICATION.
11-21 00:30:43.478 D/ComplicationDataManagerImpl(11143): Fetching complication data for package: com.facebook.wearable.apps.heart, com.facebook.wearable.apps.heart.HEART_RATE.
11-21 00:30:43.486 D/LauncherActivity(11143): onResume: Intent { cat=[android.intent.category.HOME] flg=0x10000100 cmp=com.facebook.wearable.system.launcher/.LauncherActivity }
11-21 00:30:43.486 D/LauncherIntentProcessor(11143): processLauncherActivityIntent: Intent { cat=[android.intent.category.HOME] flg=0x10000100 cmp=com.facebook.wearable.system.launcher/.LauncherActivity }
11-21 00:30:43.494 D/TetheredPhoneUtil(11143): Retrieving the tethered phone status
11-21 00:30:43.496 D/TetheredPhoneUtil(11143): Found tethered phone status: false
11-21 00:30:43.512 D/FacebookRepository(11143): Reading from Store [250223709649332]
11-21 00:30:43.543 D/CompatibilityInfo( 1186): mCompatibilityFlags - 4
11-21 00:30:43.543 D/CompatibilityInfo( 1186): applicationDensity - 320
11-21 00:30:43.543 D/CompatibilityInfo( 1186): applicationScale - 1.0
11-21 00:30:43.552 D/CompatibilityInfo( 1186): mCompatibilityFlags - 4
11-21 00:30:43.552 D/CompatibilityInfo( 1186): applicationDensity - 320
11-21 00:30:43.552 D/CompatibilityInfo( 1186): applicationScale - 1.0
11-21 00:30:43.795 D/CompatibilityInfo( 1186): mCompatibilityFlags - 4
11-21 00:30:43.795 D/CompatibilityInfo( 1186): applicationDensity - 320
11-21 00:30:43.795 D/CompatibilityInfo( 1186): applicationScale - 1.0
11-21 00:30:43.825 D/CompatibilityInfo( 1186): mCompatibilityFlags - 4
11-21 00:30:43.825 D/CompatibilityInfo( 1186): applicationDensity - 320
11-21 00:30:43.826 D/CompatibilityInfo( 1186): applicationScale - 1.0
11-21 00:30:43.885 D/UIAutomatorStub( 6483): URI: /jsonrpc/0, Method: POST, Header: {content-length=102, remote-addr=127.0.0.1, http-client-ip=127.0.0.1, host=localhost:9012, content-type=application/json, accept-encoding=identity}, params, {NanoHttpd.QUERY_STRING=null}, files: {postData={"jsonrpc": "2.0", "method": "pressKey", "id": "b88f1a670a5182289231398abc3e658f", "params": ["back"]}}
11-21 00:30:44.038 E/ANDR-PERF-OPTSHANDLER(  552): perf_lock_rel: failed for /sys/class/kgsl/kgsl-3d0/min_pwrlevel as previous value is not stored
11-21 00:30:44.039 E/ANDR-PERF-RESOURCEQS(  552): Failed to reset optimization [3, 0]
11-21 00:30:44.620 D/LauncherActivity(11143): onKeyUp() called with keycode:4, event: KeyEvent { action=ACTION_UP, keyCode=KEYCODE_BACK, scanCode=0, metaState=0, flags=0x200, repeatCount=0, eventTime=117732327, downTime=117732327, deviceId=-1, source=0x101, displayId=-1 }
11-21 00:30:45.145 W/HWComposer(  598): Ignoring duplicate VSYNC event from HWC for display 0 (t=117732870616545)
11-21 00:30:43.403 I/chatty  ( 1186): uid=1000(system) android.ui identical 2 lines
11-21 00:30:44.619 D/AutofillManagerService( 1186): onBackKeyPressed()
11-21 00:30:45.147 W/ActivityManager( 1186): Invalid packageName: com.facebook.wearable.system.settings/com.facebook.wearable.system.settings.SettingsActivity
11-21 00:30:45.269 I/ActivityTaskManager( 1186): START u0 {flg=0x10000000 cmp=com.facebook.wearable.system.settings/.SettingsActivity} from uid 0
11-21 00:30:45.279 D/CompatibilityInfo( 1186): mCompatibilityFlags - 4
11-21 00:30:45.279 D/CompatibilityInfo( 1186): applicationDensity - 320
11-21 00:30:45.279 D/CompatibilityInfo( 1186): applicationScale - 1.0
11-21 00:30:45.280 D/ActivityTrigger( 1186): ActivityTrigger activityPauseTrigger 
11-21 00:30:45.285 I/ActivityTaskManager( 1186): The Process com.facebook.wearable.system.settings Already Exists in BG. So sending its PID: 27399
11-21 00:30:45.285 W/ActivityTaskManager( 1186): Tried to set launchTime (0) < mLastActivityLaunchTime (117702039)
11-21 00:30:45.286 D/CompatibilityInfo( 1186): mCompatibilityFlags - 4
11-21 00:30:45.286 D/CompatibilityInfo( 1186): applicationDensity - 320
11-21 00:30:45.286 D/CompatibilityInfo( 1186): applicationScale - 1.0
11-21 00:30:45.292 D/mcu_health_checker( 1029): Sent MCU Health Request
11-21 00:30:45.292 D/commandrouter( 1006): SocServiceHandle::onServiceMessage, SoC Service = mcu_healthcheck_1029, appType = 1, type = SVC_REQ, clientId = 0, token = 3921, payloadLen = 12, result = 0, payload.size() = 12
11-21 00:30:45.295 D/commandrouter( 1006): mcu_healthcheck_1029 (1, merlot:mcu_health:control): <ServiceResponse> FORWARDED (remote -> local) CR token ID = 3921, service client ID = 40, token ID = 45177, result = 0
11-21 00:30:45.296 D/mcu_health_checker( 1029): MCU Health Response: MCU_OK
11-21 00:30:45.296 D/mcu_health_checker( 1029): MCU Session 0, uptime = 117690182 ms
11-21 00:30:45.296 D/mculinkhealth( 1029): isMcuReachable 1 (4 ms)
11-21 00:30:45.314 D/LauncherActivity(11143): onPause
11-21 00:30:45.348 D/CompatibilityInfo( 1186): mCompatibilityFlags - 4
11-21 00:30:45.348 D/CompatibilityInfo( 1186): applicationDensity - 320
11-21 00:30:45.348 D/CompatibilityInfo( 1186): applicationScale - 1.0
11-21 00:30:45.360 D/TetheredPhoneUtil(11143): Retrieving the tethered phone status
11-21 00:30:45.361 D/TetheredPhoneUtil(11143): Found tethered phone status: false
11-21 00:30:45.375 D/FacebookProvider(25031): Starting SSO Network Fetch for 263529928325379
11-21 00:30:45.376 I/AccountsContentProvider(25031): No Primary Account. Accounts Error [content://com.facebook.wearable.system.accounts.AccountsContentProvider/facebook/263529928325379]
11-21 00:30:45.376 E/DatabaseUtils(25031): Writing exception to parcel
11-21 00:30:45.376 E/DatabaseUtils(25031): java.lang.IllegalStateException: No Primary Account
11-21 00:30:45.376 E/DatabaseUtils(25031): 	at com.facebook.secure.content.AbstractContentProvider.doQuery(:284)
11-21 00:30:45.376 E/DatabaseUtils(25031): 	at com.facebook.secure.content.AbstractContentProvider.query(:8)
11-21 00:30:45.376 E/DatabaseUtils(25031): 	at android.content.ContentProvider.query(ContentProvider.java:1474)
11-21 00:30:45.376 E/DatabaseUtils(25031): 	at android.content.ContentProvider$Transport.query(ContentProvider.java:278)
11-21 00:30:45.376 E/DatabaseUtils(25031): 	at android.content.ContentProviderNative.onTransact(ContentProviderNative.java:106)
11-21 00:30:45.376 E/DatabaseUtils(25031): 	at android.os.Binder.execTransactInternal(Binder.java:1154)
11-21 00:30:45.376 E/DatabaseUtils(25031): 	at android.os.Binder.execTransact(Binder.java:1123)
11-21 00:30:45.378 E/AccountsViewModel(27399): AccountsViewModel.flow failed: No Primary Account
11-21 00:30:45.378 E/AccountsViewModel(27399): java.lang.IllegalStateException: No Primary Account
11-21 00:30:45.378 E/AccountsViewModel(27399): 	at android.os.Parcel.createExceptionOrNull(Parcel.java:2381)
11-21 00:30:45.378 E/AccountsViewModel(27399): 	at android.os.Parcel.createException(Parcel.java:2357)
11-21 00:30:45.378 E/AccountsViewModel(27399): 	at android.os.Parcel.readException(Parcel.java:2340)
11-21 00:30:45.378 E/AccountsViewModel(27399): 	at android.database.DatabaseUtils.readExceptionFromParcel(DatabaseUtils.java:190)
11-21 00:30:45.378 E/AccountsViewModel(27399): 	at android.database.DatabaseUtils.readExceptionFromParcel(DatabaseUtils.java:142)
11-21 00:30:45.378 E/AccountsViewModel(27399): 	at android.content.ContentProviderProxy.query(ContentProviderNative.java:472)
11-21 00:30:45.378 E/AccountsViewModel(27399): 	at android.content.ContentResolver.query(ContentResolver.java:1185)
11-21 00:30:45.378 E/AccountsViewModel(27399): 	at android.content.ContentResolver.query(ContentResolver.java:1116)
11-21 00:30:45.378 E/AccountsViewModel(27399): 	at com.facebook.wearable.common.accounts.contract.WearableAccountsContractRequest.query(:51)
11-21 00:30:45.378 E/AccountsViewModel(27399): 	at kotlin.coroutines.jvm.internal.BaseContinuationImpl.invokeSuspend(:95489)
11-21 00:30:45.378 E/AccountsViewModel(27399): 	at com.facebook.wearable.common.accounts.WearableAccountsKt$fb$1.invoke(:9)
11-21 00:30:45.378 E/AccountsViewModel(27399): 	at com.facebook.wearable.common.coroutines.lazy.LazyAsync.get(:101)
11-21 00:30:45.378 E/AccountsViewModel(27399): 	at kotlin.coroutines.jvm.internal.BaseContinuationImpl.invokeSuspend(:96596)
11-21 00:30:45.378 E/AccountsViewModel(27399): 	at com.facebook.wearable.system.settings.accounts.AccountsViewModel$wearableAccountFlow$1.invoke(:11)
11-21 00:30:45.378 E/AccountsViewModel(27399): 	at kotlinx.coroutines.flow.AbstractFlow.collect$rvp0$0(:72)
11-21 00:30:45.378 E/AccountsViewModel(27399): 	at kotlin.coroutines.jvm.internal.BaseContinuationImpl.invokeSuspend(:95417)
11-21 00:30:45.378 E/AccountsViewModel(27399): 	at kotlinx.coroutines.flow.FlowKt__ShareKt$launchSharing$1$2.invoke(Unknown Source:10)
11-21 00:30:45.378 E/AccountsViewModel(27399): 	at kotlin.coroutines.jvm.internal.BaseContinuationImpl.invokeSuspend(:96715)
11-21 00:30:45.378 E/AccountsViewModel(27399): 	at kotlinx.coroutines.flow.FlowKt__MergeKt$mapLatest$1.invoke(Unknown Source:15)
11-21 00:30:45.378 E/AccountsViewModel(27399): 	at kotlin.coroutines.jvm.internal.BaseContinuationImpl.invokeSuspend(:96820)
11-21 00:30:45.378 E/AccountsViewModel(27399): 	at kotlinx.coroutines.flow.internal.ChannelFlowTransformLatest$flowCollect$3$1$2.invoke(Unknown Source:10)
11-21 00:30:45.378 E/AccountsViewModel(27399): 	at kotlinx.coroutines.CoroutineStart.invoke(:32)
11-21 00:30:45.378 E/AccountsViewModel(27399): 	at kotlinx.coroutines.BuildersKt__Builders_commonKt.launch(:15)
11-21 00:30:45.378 E/AccountsViewModel(27399): 	at kotlinx.coroutines.flow.internal.ChannelFlowTransformLatest$flowCollect$3$invokeSuspend$$inlined$collect$1.emit(:56)
11-21 00:30:45.378 E/AccountsViewModel(27399): 	at kotlinx.coroutines.flow.DistinctFlowImpl$collect$$inlined$collect$1.emit(:74)
11-21 00:30:45.378 E/AccountsViewModel(27399): 	at kotlinx.coroutines.flow.FlowKt__LimitKt$dropWhile$lambda-4$$inlined$collect$1.emit(:114)
11-21 00:30:45.378 E/AccountsViewModel(27399): 	at kotlinx.coroutines.flow.FlowKt__ChannelsKt.emitAllImpl$FlowKt__ChannelsKt(:123)
11-21 00:30:45.378 E/AccountsViewModel(27399): 	at kotlin.coroutines.jvm.internal.BaseContinuationImpl.invokeSuspend(:96917)
11-21 00:30:45.378 E/AccountsViewModel(27399): 	at kotlin.coroutines.jvm.internal.BaseContinuationImpl.resumeWith(:5)
11-21 00:30:45.378 E/AccountsViewModel(27399): 	at kotlinx.coroutines.DispatchedTask.run(:131)
11-21 00:30:45.378 E/AccountsViewModel(27399): 	at java.util.concurrent.Executors$RunnableAdapter.call(Executors.java:462)
11-21 00:30:45.378 E/AccountsViewModel(27399): 	at java.util.concurrent.FutureTask.run(FutureTask.java:266)
11-21 00:30:45.378 E/AccountsViewModel(27399): 	at com.facebook.wearable.common.executors.DelayedFutureTask.run(:22)
11-21 00:30:45.378 E/AccountsViewModel(27399): 	at java.util.concurrent.ThreadPoolExecutor.runWorker(ThreadPoolExecutor.java:1167)
11-21 00:30:45.378 E/AccountsViewModel(27399): 	at java.util.concurrent.ThreadPoolExecutor$Worker.run(ThreadPoolExecutor.java:641)
11-21 00:30:45.378 E/AccountsViewModel(27399): 	at com.facebook.wearable.common.executors.NamedThreadFactory$1.run(:7)
11-21 00:30:45.405 E/StatusBarClientConnection(27399): Service connected
11-21 00:30:45.433 W/View    (27399): requestLayout() improperly called by android.view.View{cfe173e V.ED..... ......I. 0,368-474,474} during layout: running second layout pass
11-21 00:30:45.451 W/View    (27399): requestLayout() improperly called by com.facebook.wearable.common.wds.listview.WdsListView{2a7d97 V.E..V... ........ 0,0-474,474} during second layout pass: posting in next frame
11-21 00:30:45.616 E/QMI_FW  ( 1042): qmi_cci_get_ref: ref count increased 2
11-21 00:30:45.618 E/QMI_FW  ( 1042): qmi_cci_get_ref: ref count increased 2
11-21 00:30:45.631 I/WearableConnectivityManager(11143): LTE Signal strength is: 2
11-21 00:30:45.631 I/WearableConnectivityManager(11143): Cellular Signal strength is: 2
11-21 00:30:45.632 D/RadioLinkQualityScoreBuilder( 1984): scoreRsrp: 3scoreRsrq: 1scoreRssnr: 4
11-21 00:30:45.633 D/WirelessInsightServiceImpl( 1984): onSignalStrengthsChanged: SignalStrength = SignalStrength:{mCdma=CellSignalStrengthCdma: cdmaDbm=2147483647 cdmaEcio=2147483647 evdoDbm=2147483647 evdoEcio=2147483647 evdoSnr=2147483647 level=0,mGsm=CellSignalStrengthGsm: rssi=2147483647 ber=2147483647 mTa=2147483647 mLevel=0,mWcdma=CellSignalStrengthWcdma: ss=2147483647 ber=2147483647 rscp=2147483647 ecno=2147483647 level=0,mTdscdma=CellSignalStrengthTdscdma: rssi=2147483647 ber=2147483647 rscp=2147483647 level=0,mLte=CellSignalStrengthLte: rssi=-75 rsrp=-112 rsrq=-16 rssnr=12 cqi=2147483647 ta=2147483647 level=2 parametersUseForLevel=0,mNr=CellSignalStrengthNr:{ csiRsrp = 2147483647 csiRsrq = 2147483647 csiSinr = 2147483647 ssRsrp = 2147483647 ssRsrq = 2147483647 ssSinr = 2147483647 level = 0 parametersUseForLevel = 0 },primary=CellSignalStrengthLte}
11-21 00:30:45.633 D/WirelessInsightServiceImpl( 1984): Score: 1
11-21 00:30:45.633 D/WirelessInsightServiceImpl( 1984): notifyListeners: listeners = 0, score = 1
11-21 00:30:45.767 D/CompatibilityInfo( 1186): mCompatibilityFlags - 4
11-21 00:30:45.767 D/CompatibilityInfo( 1186): applicationDensity - 320
11-21 00:30:45.767 D/CompatibilityInfo( 1186): applicationScale - 1.0
11-21 00:30:45.782 D/ComplicationController(11143): Stopping complication controller.
11-21 00:30:45.787 D/ComplicationDataManagerImpl(11143): Fetching complication data for package: com.facebook.wearable.apps.calendar, com.facebook.wearable.apps.calendar.DAY_DATE_COMPLICATION.
11-21 00:30:45.787 D/ComplicationDataManagerImpl(11143): Fetching complication data for package: com.facebook.wearable.apps.player, com.facebook.wearable.apps.player.SHORTCUT_COMPLICATION.
11-21 00:30:45.788 D/ComplicationDataManagerImpl(11143): Fetching complication data for package: com.facebook.wearable.apps.gallery, com.facebook.wearable.apps.gallery.SHORTCUT_COMPLICATION.
11-21 00:30:45.788 D/ComplicationDataManagerImpl(11143): Fetching complication data for package: com.facebook.wearable.apps.heart, com.facebook.wearable.apps.heart.HEART_RATE.
11-21 00:30:45.791 D/CompatibilityInfo( 1186): mCompatibilityFlags - 4
11-21 00:30:45.791 D/CompatibilityInfo( 1186): applicationDensity - 320
11-21 00:30:45.791 D/CompatibilityInfo( 1186): applicationScale - 1.0
11-21 00:30:46.347 D/UIAutomatorStub( 6483): URI: /jsonrpc/0, Method: POST, Header: {content-length=192, remote-addr=127.0.0.1, http-client-ip=127.0.0.1, host=localhost:9012, content-type=application/json, accept-encoding=identity}, params, {NanoHttpd.QUERY_STRING=null}, files: {postData={"jsonrpc": "2.0", "method": "waitForExists", "id": "4ee73cad6b5972efc7575b26fd24d7eb", "params": [{"mask": 1, "childOrSibling": [], "childOrSiblingSelector": [], "text": "Notifications"}, 5]}}
11-21 00:30:46.385 D/UIAutomatorStub( 6483): URI: /jsonrpc/0, Method: POST, Header: {content-length=191, remote-addr=127.0.0.1, http-client-ip=127.0.0.1, host=localhost:9012, content-type=application/json, accept-encoding=identity}, params, {NanoHttpd.QUERY_STRING=null}, files: {postData={"jsonrpc": "2.0", "method": "waitForExists", "id": "c0d0c5c948b939824469ada862e5abb7", "params": [{"mask": 1, "childOrSibling": [], "childOrSiblingSelector": [], "text": "Connectivity"}, 5]}}
11-21 00:30:46.452 D/UIAutomatorStub( 6483): URI: /jsonrpc/0, Method: POST, Header: {content-length=180, remote-addr=127.0.0.1, http-client-ip=127.0.0.1, host=localhost:9012, content-type=application/json, accept-encoding=identity}, params, {NanoHttpd.QUERY_STRING=null}, files: {postData={"jsonrpc": "2.0", "method": "click", "id": "85fcbd3bd35ddffcd54a7d5cf0c4cfdd", "params": [{"mask": 1, "childOrSibling": [], "childOrSiblingSelector": [], "text": "Connectivity"}]}}
11-21 00:30:46.499 E/ANDR-PERF-OPTSHANDLER(  552): Unable to find the correct node storage pointers for                   resource index=16, node path=/proc/sys/kernel/sched_upmigrate
11-21 00:30:46.499 E/ANDR-PERF-RESOURCEQS(  552): Failed to reset optimization [3, 7]
11-21 00:30:46.499 E/ANDR-PERF-OPTSHANDLER(  552): Unable to find the correct node storage pointers for                   resource index=17, node path=/proc/sys/kernel/sched_downmigrate
11-21 00:30:46.499 E/ANDR-PERF-RESOURCEQS(  552): Failed to reset optimization [3, 8]
11-21 00:30:46.499 E/ANDR-PERF-OPTSHANDLER(  552): Perflock resource /sys/module/lpm_levels/parameters/bias_hyst not supported
11-21 00:30:46.499 E/ANDR-PERF-RESOURCEQS(  552): Failed to reset optimization [1, 2]
11-21 00:30:46.499 E/ANDR-PERF-OPTSHANDLER(  552): Perflock resource /proc/sys/kernel/sched_group_upmigrate not supported
11-21 00:30:46.499 E/ANDR-PERF-RESOURCEQS(  552): Failed to reset optimization [3, 21]
11-21 00:30:46.499 E/ANDR-PERF-OPTSHANDLER(  552): Perflock resource /proc/sys/kernel/sched_group_downmigrate not supported
11-21 00:30:46.499 E/ANDR-PERF-RESOURCEQS(  552): Failed to reset optimization [3, 22]
11-21 00:30:46.541 W/StatusBarClientConnection(27399): Messenger is null, ignoring message: { when=-1d8h42m14s267ms barrier=1 }
11-21 00:30:46.544 W/HWComposer(  598): Ignoring duplicate VSYNC event from HWC for display 0 (t=117734270303003)
11-21 00:30:46.567 E/StatusBarClientConnection(27399): Service connected
11-21 00:30:46.596 W/View    (27399): requestLayout() improperly called by android.view.View{2b47c44 V.ED..... ......I. 0,368-474,474} during layout: running second layout pass
11-21 00:30:46.614 W/View    (27399): requestLayout() improperly called by com.facebook.wearable.common.wds.listview.WdsListView{ed53c5a V.E..V... ........ 0,0-474,474} during second layout pass: posting in next frame
11-21 00:30:47.276 E/ANDR-PERF-OPTSHANDLER(  552): perf_lock_rel: failed for /proc/sys/vm/swap_ratio as previous value is not stored
11-21 00:30:47.277 E/ANDR-PERF-OPTSHANDLER(  552): perf_lock_rel: failed for /sys/class/kgsl/kgsl-3d0/min_pwrlevel as previous value is not stored
11-21 00:30:47.278 E/ANDR-PERF-RESOURCEQS(  552): Failed to reset optimization [3, 0]
11-21 00:30:47.765 D/commandrouter( 1006): rtc_sync (1, rtc:sync): <ServiceRequest> FORWARDED (remote -> local) service client ID = 0, token ID = 44536
11-21 00:30:47.765 D/vendor.facebook.rtc_sync@1.0-service( 1145): Request req_ts=1637454647765134423 resp_ts=1637454647765343378
11-21 00:30:47.765 D/commandrouter( 1006): SocServiceHandle::onServiceMessage, SoC Service = rtc_sync, appType = 1, type = SVC_RESP, clientId = 0, token = 44536, payloadLen = 8, result = 0, payload.size() = 8
11-21 00:30:48.005 E/TaskPersister( 1186): File error accessing recents directory (directory doesn't exist?).
11-21 00:30:49.449 E/QMI_FW  ( 1042): qmi_cci_get_ref: ref count increased 2
11-21 00:30:49.450 E/QMI_FW  ( 1042): qmi_cci_get_ref: ref count increased 2
11-21 00:30:49.463 I/WearableConnectivityManager(11143): LTE Signal strength is: 2
11-21 00:30:49.463 I/WearableConnectivityManager(11143): Cellular Signal strength is: 2
11-21 00:30:49.464 D/RadioLinkQualityScoreBuilder( 1984): scoreRsrp: 3scoreRsrq: 2scoreRssnr: 4
11-21 00:30:49.464 D/WirelessInsightServiceImpl( 1984): onSignalStrengthsChanged: SignalStrength = SignalStrength:{mCdma=CellSignalStrengthCdma: cdmaDbm=2147483647 cdmaEcio=2147483647 evdoDbm=2147483647 evdoEcio=2147483647 evdoSnr=2147483647 level=0,mGsm=CellSignalStrengthGsm: rssi=2147483647 ber=2147483647 mTa=2147483647 mLevel=0,mWcdma=CellSignalStrengthWcdma: ss=2147483647 ber=2147483647 rscp=2147483647 ecno=2147483647 level=0,mTdscdma=CellSignalStrengthTdscdma: rssi=2147483647 ber=2147483647 rscp=2147483647 level=0,mLte=CellSignalStrengthLte: rssi=-77 rsrp=-112 rsrq=-14 rssnr=11 cqi=2147483647 ta=2147483647 level=2 parametersUseForLevel=0,mNr=CellSignalStrengthNr:{ csiRsrp = 2147483647 csiRsrq = 2147483647 csiSinr = 2147483647 ssRsrp = 2147483647 ssRsrq = 2147483647 ssSinr = 2147483647 level = 0 parametersUseForLevel = 0 },primary=CellSignalStrengthLte}
11-21 00:30:49.464 D/WirelessInsightServiceImpl( 1984): Score: 2
11-21 00:30:49.465 D/WirelessInsightServiceImpl( 1984): notifyListeners: listeners = 0, score = 2
11-21 00:30:49.573 D/UIAutomatorStub( 6483): URI: /jsonrpc/0, Method: POST, Header: {content-length=183, remote-addr=127.0.0.1, http-client-ip=127.0.0.1, host=localhost:9012, content-type=application/json, accept-encoding=identity}, params, {NanoHttpd.QUERY_STRING=null}, files: {postData={"jsonrpc": "2.0", "method": "waitForExists", "id": "85cb3c9e9cab81788ae475c79f4d2c4f", "params": [{"mask": 1, "childOrSibling": [], "childOrSiblingSelector": [], "text": "WiFi"}, 5]}}
11-21 00:30:49.607 D/UIAutomatorStub( 6483): URI: /jsonrpc/0, Method: POST, Header: {content-length=172, remote-addr=127.0.0.1, http-client-ip=127.0.0.1, host=localhost:9012, content-type=application/json, accept-encoding=identity}, params, {NanoHttpd.QUERY_STRING=null}, files: {postData={"jsonrpc": "2.0", "method": "click", "id": "d9ef70ef790ebd73fba1df7392196797", "params": [{"mask": 1, "childOrSibling": [], "childOrSiblingSelector": [], "text": "WiFi"}]}}
11-21 00:30:49.696 W/StatusBarClientConnection(27399): Messenger is null, ignoring message: { when=-1d8h42m17s422ms barrier=1 }
11-21 00:30:49.719 D/CompatibilityInfo( 1186): mCompatibilityFlags - 4
11-21 00:30:49.719 D/CompatibilityInfo( 1186): applicationDensity - 320
11-21 00:30:49.719 D/CompatibilityInfo( 1186): applicationScale - 1.0
