--------- beginning of system
11-21 03:24:59.385 D/AnalyticsLogger( 1194): sent events: 12
11-21 03:25:00.384 E/TaskPersister( 1194): File error accessing recents directory (directory doesn't exist?).
11-21 03:25:03.255 D/commandrouter( 1117): rtc_sync (1, rtc:sync): <ServiceRequest> FORWARDED (remote -> local) service client ID = 0, token ID = 45588
11-21 03:25:03.255 D/commandrouter( 1117): SocServiceHandle::onServiceMessage, SoC Service = rtc_sync, appType = 1, type = SVC_RESP, clientId = 0, token = 45588, payloadLen = 8, result = 0, payload.size() = 8
11-21 03:25:04.621 D/AutofillManagerService( 1194): onBackKeyPressed()
11-21 03:25:10.620 I/chatty  ( 1194): uid=1000(system) android.ui identical 6 lines
11-21 03:25:11.619 D/AutofillManagerService( 1194): onBackKeyPressed()
11-21 03:25:12.159 W/ActivityManager( 1194): Invalid packageName: com.facebook.wearable.system.settings/com.facebook.wearable.system.settings.SettingsActivity
11-21 03:25:12.274 I/ActivityTaskManager( 1194): START u0 {flg=0x10000000 cmp=com.facebook.wearable.system.settings/.SettingsActivity} from uid 0
11-21 03:25:12.293 I/ActivityTaskManager( 1194): The Process com.facebook.wearable.system.settings Already Exists in BG. So sending its PID: 7907
11-21 03:25:12.294 W/ActivityTaskManager( 1194): Tried to set launchTime (0) < mLastActivityLaunchTime (128223478)
11-21 03:25:13.252 D/commandrouter( 1117): rtc_sync (1, rtc:sync): <ServiceRequest> FORWARDED (remote -> local) service client ID = 0, token ID = 45589
11-21 03:25:13.253 D/commandrouter( 1117): SocServiceHandle::onServiceMessage, SoC Service = rtc_sync, appType = 1, type = SVC_RESP, clientId = 0, token = 45589, payloadLen = 8, result = 0, payload.size() = 8
11-21 03:25:16.375 E/TaskPersister( 1194): File error accessing recents directory (directory doesn't exist?).
11-21 03:25:16.967 D/commandrouter( 1117): SocServiceHandle::onServiceMessage, SoC Service = mcu_healthcheck_1118, appType = 1, type = SVC_REQ, clientId = 0, token = 4273, payloadLen = 12, result = 0, payload.size() = 12
11-21 03:25:16.972 D/commandrouter( 1117): mcu_healthcheck_1118 (1, merlot:mcu_health:control): <ServiceResponse> FORWARDED (remote -> local) CR token ID = 4273, service client ID = 40, token ID = 10650, result = 0
11-21 03:25:16.972 D/mculinkhealth( 1118): isMcuReachable 1 (5 ms)
11-21 03:25:17.938 D/AutofillManagerService( 1194): onBackKeyPressed()
11-21 03:25:18.983 I/chatty  ( 1194): uid=1000(system) android.ui identical 2 lines
11-21 03:25:19.675 D/AutofillManagerService( 1194): onBackKeyPressed()
11-21 03:25:20.160 W/ActivityManager( 1194): Invalid packageName: com.facebook.wearable.system.settings/com.facebook.wearable.system.settings.SettingsActivity
11-21 03:25:20.208 D/commandrouter( 1117): SocServiceHandle::onServiceMessage, SoC Service = mcu_healthcheck_946, appType = 1, type = SVC_REQ, clientId = 0, token = 2136, payloadLen = 20, result = 0, payload.size() = 20
11-21 03:25:20.211 D/commandrouter( 1117): mcu_healthcheck_946 (1, merlot:mcu_health:control): <ServiceResponse> FORWARDED (remote -> local) CR token ID = 2136, service client ID = 6, token ID = 10651, result = 0
11-21 03:25:20.296 I/ActivityTaskManager( 1194): START u0 {flg=0x10000000 cmp=com.facebook.wearable.system.settings/.SettingsActivity} from uid 0
11-21 03:25:20.315 I/ActivityTaskManager( 1194): The Process com.facebook.wearable.system.settings Already Exists in BG. So sending its PID: 7907
11-21 03:25:20.316 W/ActivityTaskManager( 1194): Tried to set launchTime (0) < mLastActivityLaunchTime (128256456)
11-21 03:25:23.247 D/commandrouter( 1117): rtc_sync (1, rtc:sync): <ServiceRequest> FORWARDED (remote -> local) service client ID = 0, token ID = 45590
11-21 03:25:23.248 D/commandrouter( 1117): SocServiceHandle::onServiceMessage, SoC Service = rtc_sync, appType = 1, type = SVC_RESP, clientId = 0, token = 45590, payloadLen = 8, result = 0, payload.size() = 8
11-21 03:25:23.506 E/TaskPersister( 1194): File error accessing recents directory (directory doesn't exist?).
11-21 03:25:27.121 W/ContextImpl( 1194): Calling a method in the system process without a qualified user: android.app.ContextImpl.sendBroadcastMultiplePermissions:1143 android.content.Context.sendBroadcastWithMultiplePermissions:2150 com.android.server.display.WifiDisplayAdapter.handleSendStatusChangeBroadcast:440 com.android.server.display.WifiDisplayAdapter.access$1700:63 com.android.server.display.WifiDisplayAdapter$WifiDisplayHandler.handleMessage:675 
11-21 03:25:28.092 W/ContextImpl( 1194): Calling a method in the system process without a qualified user: android.app.ContextImpl.sendBroadcastMultiplePermissions:1143 android.content.Context.sendBroadcastWithMultiplePermissions:2150 com.android.server.wifi.p2p.WifiP2pServiceImpl$P2pStateMachine.sendBroadcastMultiplePermissions:3209 com.android.server.wifi.p2p.WifiP2pServiceImpl$P2pStateMachine.sendP2pConnectionChangedBroadcast:3236 com.android.server.wifi.p2p.WifiP2pServiceImpl$P2pStateMachine.access$5100:768 
11-21 03:25:28.094 W/BroadcastQueue( 1194): Permission Denial: receiving Intent { act=android.net.wifi.p2p.CONNECTION_STATE_CHANGE flg=0x24000010 (has extras) } to ProcessRecord{ba73 1900:.qtidataservices/u0a89} (pid=1900, uid=10089) requires android.permission.ACCESS_FINE_LOCATION due to sender android (uid 1000)
11-21 03:25:28.102 W/ContextImpl( 1194): Calling a method in the system process without a qualified user: android.app.ContextImpl.sendBroadcastMultiplePermissions:1143 android.content.Context.sendBroadcastWithMultiplePermissions:2150 com.android.server.wifi.p2p.WifiP2pServiceImpl$P2pStateMachine.sendBroadcastMultiplePermissions:3209 com.android.server.wifi.p2p.WifiP2pServiceImpl$P2pStateMachine.sendThisDeviceChangedBroadcast:3218 com.android.server.wifi.p2p.WifiP2pServiceImpl$P2pStateMachine.updateThisDevice:3962 
11-21 03:25:30.999 W/ContextImpl( 1194): Calling a method in the system process without a qualified user: android.app.ContextImpl.sendBroadcastMultiplePermissions:1143 android.content.Context.sendBroadcastWithMultiplePermissions:2150 com.android.server.wifi.ClientModeImpl.broadcastWifiCredentialChanged:6170 com.android.server.wifi.ClientModeImpl.lambda$connect$0:6716 com.android.server.wifi.ClientModeImpl.lambda$connect$0$ClientModeImpl:0 
11-21 03:25:31.126 W/wificond(  906): Scan is not started. Ignore abort request
11-21 03:25:31.892 D/ConnectivityService( 1194): registerNetworkAgent NetworkAgentInfo{ ni{[type: WIFI[], state: UNKNOWN/IDLE, reason: (unspecified), extra: , failover: false, available: true, roaming: false]}  network{207}  nethandle{892463927309}  lp{{LinkAddresses: [ ] DnsAddresses: [ ] Domains: null MTU: 0 Routes: [ ]}}  nc{[ Transports: WIFI Capabilities: NOT_METERED&INTERNET&NOT_RESTRICTED&TRUSTED&NOT_VPN&NOT_ROAMING&FOREGROUND&NOT_CONGESTED&NOT_SUSPENDED LinkUpBandwidth>=72000Kbps LinkDnBandwidth>=72000Kbps OwnerUid: 1000 SSID: "MTBF_Lab" RequestorUid: -1 RequestorPackageName: null]}  Score{20}  everValidated{false}  lastValidated{false}  created{false} lingering{false} explicitlySelected{true} acceptUnvalidated{false} everCaptivePortalDetected{false} lastCaptivePortalDetected{false} partialConnectivity{false} acceptPartialConnectivity{false} clat{mBaseIface: null, mIface: null, mState: IDLE} }
11-21 03:25:31.984 D/ConnectivityService( 1194): [207 WIFI] EVENT_NETWORK_INFO_CHANGED, going from UNKNOWN to UNKNOWN
11-21 03:25:32.170 D/ConnectivityService( 1194): NetReassign [no changes]
11-21 03:25:32.215 D/ConnectivityService( 1194): Adding iface wlan0 to network 207
11-21 03:25:32.230 E/ConnectivityService( 1194): Exception adding interface: java.lang.IllegalStateException: android.os.ServiceSpecificException: Machine is not on the network (code 64)
11-21 03:25:32.236 I/Nat464Xlat( 1194): Android Xlat is disabled
11-21 03:25:32.236 I/Nat464Xlat( 1194): Android Xlat is disabled
11-21 03:25:32.992 E/ConnectivityService( 1194): Exception in networkAddRouteParcel for non-gateway: android.os.ServiceSpecificException: Machine is not on the network (code 64)
11-21 03:25:32.993 E/ConnectivityService( 1194): Exception in networkAddRouteParcel for gateway: android.os.ServiceSpecificException: Machine is not on the network (code 64)
11-21 03:25:32.993 I/Nat464Xlat( 1194): Android Xlat is disabled
11-21 03:25:32.993 I/Nat464Xlat( 1194): Android Xlat is disabled
11-21 03:25:33.054 D/ConnectivityService( 1194): Setting DNS servers for network 207 to [/192.168.1.1]
11-21 03:25:33.065 I/Nat464Xlat( 1194): Android Xlat is disabled
11-21 03:25:33.065 I/Nat464Xlat( 1194): Android Xlat is disabled
11-21 03:25:33.133 D/ConnectivityService( 1194): [207 WIFI] EVENT_NETWORK_INFO_CHANGED, going from UNKNOWN to CONNECTED
11-21 03:25:33.152 D/DnsManager( 1194): sendDnsConfigurationForNetwork(207, [192.168.1.1], [], 1800, 25, 8, 64, 0, 0, , [])
11-21 03:25:33.185 W/DnsManager( 1194): updatePrivateDns(207, PrivateDnsConfig{true:/[]})
11-21 03:25:33.185 D/ConnectivityService( 1194): Setting DNS servers for network 207 to [/192.168.1.1]
11-21 03:25:33.186 D/DnsManager( 1194): sendDnsConfigurationForNetwork(207, [192.168.1.1], [], 1800, 25, 8, 64, 0, 0, , [192.168.1.1])
11-21 03:25:33.200 D/ConnectivityService( 1194): Adding iface wlan0 to network 207
11-21 03:25:33.240 D/commandrouter( 1117): rtc_sync (1, rtc:sync): <ServiceRequest> FORWARDED (remote -> local) service client ID = 0, token ID = 45591
11-21 03:25:33.242 D/commandrouter( 1117): SocServiceHandle::onServiceMessage, SoC Service = rtc_sync, appType = 1, type = SVC_RESP, clientId = 0, token = 45591, payloadLen = 8, result = 0, payload.size() = 8
11-21 03:25:33.242 D/ConnectivityService( 1194): Setting DNS servers for network 207 to [/192.168.1.1]
11-21 03:25:33.242 D/DnsManager( 1194): sendDnsConfigurationForNetwork(207, [192.168.1.1], [], 1800, 25, 8, 64, 0, 0, , [192.168.1.1])
11-21 03:25:33.244 I/Nat464Xlat( 1194): Android Xlat is disabled
11-21 03:25:33.245 I/Nat464Xlat( 1194): Android Xlat is disabled
11-21 03:25:33.359 D/ConnectivityService( 1194): NetReassign [no changes]
11-21 03:25:33.652 D/ConnectivityService( 1194): [207 WIFI] validation passed
11-21 03:25:33.655 D/ConnectivityService( 1194): NetReassign [8 : 100 → 207, 20 : 100 → 207, 46 : 100 → 207, 12 : 100 → 207, 22 : 100 → 207, 16 : 100 → 207, 1990 : 100 → 207, 14 : 100 → 207, 50 : 100 → 207, 18 : 100 → 207, 11 : 100 → 207, 2773 : 100 → 207, 1 : 100 → 207, 17 : 100 → 207]
11-21 03:25:33.662 E/NetlinkEvent(  459): NetlinkEvent::FindParam(): Parameter 'INTERFACE' not found
11-21 03:25:33.662 E/NetlinkEvent(  459): NetlinkEvent::FindParam(): Parameter 'STATE' not found
11-21 03:25:33.662 E/NetlinkEvent(  459): NetlinkEvent::FindParam(): Parameter 'TIME_NS' not found
11-21 03:25:33.662 E/NetlinkEvent(  459): NetlinkEvent::FindParam(): Parameter 'UID' not found
11-21 03:25:33.676 D/ConnectivityService( 1194): Switching to new default network: NetworkAgentInfo{ ni{[type: WIFI[], state: CONNECTED/CONNECTED, reason: (unspecified), extra: , failover: false, available: true, roaming: false]}  network{207}  nethandle{892463927309}  lp{{InterfaceName: wlan0 LinkAddresses: [ fe80::8d6:4aff:fe32:b1ee/64,192.168.1.39/24 ] DnsAddresses: [ /192.168.1.1 ] Domains: null MTU: 0 ServerAddress: /192.168.1.1 TcpBufferSizes: 524288,1048576,2097152,262144,524288,1048576 Routes: [ fe80::/64 -> :: wlan0 mtu 0,192.168.1.0/24 -> 0.0.0.0 wlan0 mtu 0,0.0.0.0/0 -> 192.168.1.1 wlan0 mtu 0 ]}}  nc{[ Transports: WIFI Capabilities: NOT_METERED&INTERNET&NOT_RESTRICTED&TRUSTED&NOT_VPN&VALIDATED&NOT_ROAMING&FOREGROUND&NOT_CONGESTED&NOT_SUSPENDED LinkUpBandwidth>=67000Kbps LinkDnBandwidth>=67000Kbps SignalStrength: -37 OwnerUid: 1000 SSID: "MTBF_Lab" RequestorUid: -1 RequestorPackageName: null]}  Score{60}  everValidated{true}  lastValidated{true}  created{true} lingering{false} explicitlySelected{true} acceptUnvalidated{false} everCaptivePortalDetected{false} lastCaptivePortalDetected{false} partialConnectivity{false} acceptPartialConnectivity{false} clat{mBaseIface: null, mIface: null, mState: IDLE} }
11-21 03:25:33.806 W/SimpleTimeDetectorStrategy( 1194): Existing suggestion found to be invalid  elapsedRealtimeMillis=128277967, timeSuggestion=TelephonyTimeSuggestion{mSlotIndex='0', mUtcTime=TimestampedValue{mReferenceTimeMillis=2542243, mValue=1637368197000}, mDebugInfo=[Sending new time suggestion nitzSignal=TimestampedValue{mReferenceTimeMillis=2542243, mValue=NitzData{mOriginalString=21/11/20,00:29:57-32,00, mZoneOffset=-28800000, mDstOffset=0, mCurrentTimeMillis=1637368197000, mEmulatorHostTimeZone=null}}, reason=handleNitzReceived(TimestampedValue{mReferenceTimeMillis=2542243, mValue=NitzData{mOriginalString=21/11/20,00:29:57-32,00, mZoneOffset=-28800000, mDstOffset=0, mCurrentTimeMillis=1637368197000, mEmulatorHostTimeZone=null}})]}
11-21 03:25:33.868 D/ConnectivityService( 1194): Lingering [100 CELLULAR] for 30000ms
11-21 03:25:33.871 D/ConnectivityService( 1194): Sending DISCONNECTED broadcast for type 0 [100 CELLULAR] isDefaultNetwork=true
11-21 03:25:33.905 D/ConnectivityService( 1194): Sending CONNECTED broadcast for type 1 [207 WIFI] isDefaultNetwork=true
11-21 03:25:33.926 D/ConnectivityService( 1194): Setting DNS servers for network 207 to [/192.168.1.1]
11-21 03:25:33.951 D/DnsManager( 1194): sendDnsConfigurationForNetwork(207, [192.168.1.1], [], 1800, 25, 8, 64, 0, 0, , [192.168.1.1])
11-21 03:25:33.967 D/CompatibilityChangeReporter( 1194): Compat change id reported: 135634846; UID 10013; state: DISABLED
11-21 03:25:33.974 D/CompatibilityChangeReporter( 1194): Compat change id reported: 135634846; UID 10044; state: DISABLED
11-21 03:25:33.976 D/CompatibilityChangeReporter( 1194): Compat change id reported: 143937733; UID 10013; state: ENABLED
11-21 03:25:34.068 W/ActivityManager( 1194): Slow operation: 121ms so far, now at startProcess: returned from zygote!
11-21 03:25:34.069 W/ActivityManager( 1194): Slow operation: 122ms so far, now at startProcess: done updating battery stats
11-21 03:25:34.070 W/ActivityManager( 1194): Slow operation: 123ms so far, now at startProcess: building log message
11-21 03:25:34.107 I/ActivityManager( 1194): Start proc 6982:com.facebook.wearable.system.updater/u0a13 for service {com.facebook.wearable.system.updater/com.facebook.wearable.system.updater.core.scheduler.OSUpdateScheduleService}
11-21 03:25:34.108 W/ActivityManager( 1194): Slow operation: 160ms so far, now at startProcess: starting to update pids map
11-21 03:25:34.118 W/ActivityManager( 1194): Slow operation: 171ms so far, now at startProcess: done updating pids map
11-21 03:25:34.123 W/ActivityManager( 1194): Slow operation: 150ms so far, now at startProcess: asking zygote to start proc
11-21 03:25:34.123 D/CompatibilityChangeReporter( 1194): Compat change id reported: 143937733; UID 10044; state: ENABLED
11-21 03:25:34.141 W/ActivityManager( 1194): Slow operation: 168ms so far, now at startProcess: returned from zygote!
11-21 03:25:34.141 W/ActivityManager( 1194): Slow operation: 168ms so far, now at startProcess: done updating battery stats
11-21 03:25:34.141 W/ActivityManager( 1194): Slow operation: 168ms so far, now at startProcess: building log message
11-21 03:25:34.142 I/ActivityManager( 1194): Start proc 6989:com.facebook.wearable.system.appmanager/u0a44 for service {com.facebook.wearable.system.appmanager/com.facebook.aloha.app.appmanager.appmanager.connectivity.ConnectivityCheckJobSchedulerService}
11-21 03:25:34.142 W/ActivityManager( 1194): Slow operation: 168ms so far, now at startProcess: starting to update pids map
11-21 03:25:34.142 W/ActivityManager( 1194): Slow operation: 169ms so far, now at startProcess: done updating pids map
11-21 03:25:35.802 D/ConnectivityService( 1194): NetReassign [no changes]
11-21 03:25:36.623 D/ConnectivityService( 1194): requestNetwork for uid/pid:10013/6982 NetworkRequest [ TRACK_DEFAULT id=2784, [ Capabilities: INTERNET&NOT_RESTRICTED&TRUSTED Uid: 10013 AdministratorUids: [] RequestorUid: 10013 RequestorPackageName: com.facebook.wearable.system.updater] ]
11-21 03:25:36.623 D/ConnectivityService( 1194): NetReassign [2784 : null → 207]
11-21 03:25:36.971 D/JavaBinder( 1194): Here is le tags []
11-21 03:25:36.980 D/JavaBinder( 1194): Here is le tags []
11-21 03:25:40.952 D/CompatibilityChangeReporter( 1194): Compat change id reported: 135634846; UID 10018; state: DISABLED
11-21 03:25:40.952 D/CompatibilityChangeReporter( 1194): Compat change id reported: 143937733; UID 10018; state: ENABLED
11-21 03:25:40.981 I/ActivityManager( 1194): Start proc 7125:com.facebook.wearable.system.configuration/u0a18 for service {com.facebook.wearable.system.configuration/com.facebook.mobileconfigservice.service.MobileConfigService}
11-21 03:25:41.294 D/AutofillManagerService( 1194): onBackKeyPressed()
11-21 03:25:41.881 I/chatty  ( 1194): uid=1000(system) android.ui identical 1 line
11-21 03:25:42.405 D/AutofillManagerService( 1194): onBackKeyPressed()
11-21 03:25:43.238 D/commandrouter( 1117): rtc_sync (1, rtc:sync): <ServiceRequest> FORWARDED (remote -> local) service client ID = 0, token ID = 45592
11-21 03:25:43.239 D/commandrouter( 1117): SocServiceHandle::onServiceMessage, SoC Service = rtc_sync, appType = 1, type = SVC_RESP, clientId = 0, token = 45592, payloadLen = 8, result = 0, payload.size() = 8
11-21 03:25:44.620 D/AutofillManagerService( 1194): onBackKeyPressed()
11-21 03:25:45.633 I/chatty  ( 1194): uid=1000(system) android.ui identical 1 line
11-21 03:25:46.630 D/AutofillManagerService( 1194): onBackKeyPressed()
11-21 03:25:46.764 E/TaskPersister( 1194): File error accessing recents directory (directory doesn't exist?).
11-21 03:25:46.973 D/commandrouter( 1117): SocServiceHandle::onServiceMessage, SoC Service = mcu_healthcheck_1118, appType = 1, type = SVC_REQ, clientId = 0, token = 4274, payloadLen = 12, result = 0, payload.size() = 12
11-21 03:25:46.977 D/commandrouter( 1117): mcu_healthcheck_1118 (1, merlot:mcu_health:control): <ServiceResponse> FORWARDED (remote -> local) CR token ID = 4274, service client ID = 40, token ID = 10652, result = 0
11-21 03:25:46.977 D/mculinkhealth( 1118): isMcuReachable 1 (4 ms)
11-21 03:25:47.626 D/AutofillManagerService( 1194): onBackKeyPressed()
11-21 03:25:48.623 D/AutofillManagerService( 1194): onBackKeyPressed()
11-21 03:25:49.188 W/ActivityManager( 1194): Invalid packageName: com.facebook.wearable.system.settings/com.facebook.wearable.system.settings.SettingsActivity
11-21 03:25:49.309 I/ActivityTaskManager( 1194): START u0 {flg=0x10000000 cmp=com.facebook.wearable.system.settings/.SettingsActivity} from uid 0
11-21 03:25:49.340 I/ActivityTaskManager( 1194): The Process com.facebook.wearable.system.settings Already Exists in BG. So sending its PID: 7907
11-21 03:25:49.341 W/ActivityTaskManager( 1194): Tried to set launchTime (0) < mLastActivityLaunchTime (128264478)
11-21 03:25:53.236 D/commandrouter( 1117): rtc_sync (1, rtc:sync): <ServiceRequest> FORWARDED (remote -> local) service client ID = 0, token ID = 45593
11-21 03:25:53.237 D/commandrouter( 1117): SocServiceHandle::onServiceMessage, SoC Service = rtc_sync, appType = 1, type = SVC_RESP, clientId = 0, token = 45593, payloadLen = 8, result = 0, payload.size() = 8
11-21 03:25:53.471 E/TaskPersister( 1194): File error accessing recents directory (directory doesn't exist?).
11-21 03:25:53.938 D/AppStorageManager( 1194): BEFORE:: Previous Size: 746504192 Current Size: 746430464
11-21 03:25:53.939 D/AppStorageManager( 1194): AFTER:: Previous Size: 746430464 Current Size: 746430464
11-21 03:26:03.231 D/commandrouter( 1117): rtc_sync (1, rtc:sync): <ServiceRequest> FORWARDED (remote -> local) service client ID = 0, token ID = 45594
11-21 03:26:03.233 D/commandrouter( 1117): SocServiceHandle::onServiceMessage, SoC Service = rtc_sync, appType = 1, type = SVC_RESP, clientId = 0, token = 45594, payloadLen = 8, result = 0, payload.size() = 8
11-21 03:26:03.656 D/ConnectivityService( 1194): handleLingerComplete for [100 CELLULAR]
11-21 03:26:12.356 D/AnalyticsLogger( 1194): sent events: 11
11-21 03:26:13.228 D/commandrouter( 1117): rtc_sync (1, rtc:sync): <ServiceRequest> FORWARDED (remote -> local) service client ID = 0, token ID = 45595
11-21 03:26:13.229 D/commandrouter( 1117): SocServiceHandle::onServiceMessage, SoC Service = rtc_sync, appType = 1, type = SVC_RESP, clientId = 0, token = 45595, payloadLen = 8, result = 0, payload.size() = 8
11-21 03:26:16.695 D/AutofillManagerService( 1194): onBackKeyPressed()
11-21 03:26:16.978 D/commandrouter( 1117): SocServiceHandle::onServiceMessage, SoC Service = mcu_healthcheck_1118, appType = 1, type = SVC_REQ, clientId = 0, token = 4275, payloadLen = 12, result = 0, payload.size() = 12
11-21 03:26:16.982 D/commandrouter( 1117): mcu_healthcheck_1118 (1, merlot:mcu_health:control): <ServiceResponse> FORWARDED (remote -> local) CR token ID = 4275, service client ID = 40, token ID = 10653, result = 0
11-21 03:26:16.982 D/mculinkhealth( 1118): isMcuReachable 1 (4 ms)
11-21 03:26:17.233 D/AutofillManagerService( 1194): onBackKeyPressed()
--------- beginning of main
11-21 03:26:17.810 D/ActivityTrigger( 1194): ActivityTrigger activityPauseTrigger 
11-21 03:26:17.886 E/ANDR-PERF-JNI( 1194): UXEngine Trigger - Returning null
11-21 03:26:17.896 D/ComplicationController(29223): Starting complication controller. Face Type: OdysseyWatchFace
11-21 03:26:17.898 E/DayDateSystemComplicationProvider(29223): Updating Day Date System Complication
11-21 03:26:17.904 D/ComplicationDataManagerImpl(29223): Updating complication data for package: com.facebook.wearable.apps.calendar, id: com.facebook.wearable.apps.calendar.DAY_DATE_COMPLICATION
11-21 03:26:17.906 D/ComplicationDataManagerImpl(29223): Updating complication data for package: com.facebook.wearable.apps.heart, id: com.facebook.wearable.apps.heart.HEART_RATE
11-21 03:26:17.906 D/ComplicationDataManagerImpl(29223): Updating complication data for package: com.facebook.wearable.apps.calendar, id: com.facebook.wearable.apps.calendar.SHORTCUT_COMPLICATION
11-21 03:26:17.906 D/ComplicationDataManagerImpl(29223): Updating complication data for package: com.facebook.wearable.apps.clock, id: com.facebook.wearable.apps.clock.SHORTCUT_COMPLICATION
11-21 03:26:17.906 D/ComplicationDataManagerImpl(29223): Updating complication data for package: com.facebook.wearable.apps.workout, id: com.facebook.wearable.apps.workout.SHORTCUT_COMPLICATION
11-21 03:26:17.906 D/ComplicationDataManagerImpl(29223): Updating complication data for package: com.facebook.wearable.apps.player, id: com.facebook.wearable.apps.player.SHORTCUT_COMPLICATION
11-21 03:26:17.906 D/ComplicationDataManagerImpl(29223): Updating complication data for package: com.facebook.wearable.apps.weather, id: com.facebook.wearable.apps.weather.SHORTCUT_COMPLICATION
11-21 03:26:17.906 D/ComplicationDataManagerImpl(29223): Updating complication data for package: com.facebook.wearable.apps.gallery, id: com.facebook.wearable.apps.gallery.SHORTCUT_COMPLICATION
11-21 03:26:17.911 D/ComplicationDataManagerImpl(29223): Fetching complication data for package: com.facebook.wearable.apps.calendar, com.facebook.wearable.apps.calendar.DAY_DATE_COMPLICATION.
11-21 03:26:17.919 D/ComplicationDataManagerImpl(29223): Fetching complication data for package: com.facebook.wearable.apps.player, com.facebook.wearable.apps.player.SHORTCUT_COMPLICATION.
11-21 03:26:17.920 D/ComplicationDataManagerImpl(29223): Fetching complication data for package: com.facebook.wearable.apps.gallery, com.facebook.wearable.apps.gallery.SHORTCUT_COMPLICATION.
11-21 03:26:17.920 D/ComplicationDataManagerImpl(29223): Fetching complication data for package: com.facebook.wearable.apps.heart, com.facebook.wearable.apps.heart.HEART_RATE.
11-21 03:26:17.931 D/LauncherActivity(29223): onResume: Intent { cat=[android.intent.category.HOME] flg=0x10000100 cmp=com.facebook.wearable.system.launcher/.LauncherActivity }
11-21 03:26:17.931 D/LauncherIntentProcessor(29223): processLauncherActivityIntent: Intent { cat=[android.intent.category.HOME] flg=0x10000100 cmp=com.facebook.wearable.system.launcher/.LauncherActivity }
11-21 03:26:17.968 D/FacebookRepository(29223): Reading from Store [250223709649332]
11-21 03:26:18.002 D/UIAutomatorStub(26720): URI: /jsonrpc/0, Method: POST, Header: {content-length=102, remote-addr=127.0.0.1, http-client-ip=127.0.0.1, host=localhost:9010, content-type=application/json, accept-encoding=identity}, params, {NanoHttpd.QUERY_STRING=null}, files: {postData={"jsonrpc": "2.0", "method": "pressKey", "id": "767032d63c432f88bb7c5e3efb563888", "params": ["back"]}}
11-21 03:26:18.042 D/CompatibilityInfo( 1194): mCompatibilityFlags - 4
11-21 03:26:18.042 D/CompatibilityInfo( 1194): applicationDensity - 320
11-21 03:26:18.042 D/CompatibilityInfo( 1194): applicationScale - 1.0
11-21 03:26:18.043 I/ndroid.systemu( 1753): NativeAlloc concurrent copying GC freed 23148(1027KB) AllocSpace objects, 9(180KB) LOS objects, 84% free, 3275KB/21MB, paused 217us total 206.912ms
11-21 03:26:18.051 D/CompatibilityInfo( 1194): mCompatibilityFlags - 4
11-21 03:26:18.051 D/CompatibilityInfo( 1194): applicationDensity - 320
11-21 03:26:18.051 D/CompatibilityInfo( 1194): applicationScale - 1.0
11-21 03:26:18.241 D/CompatibilityInfo( 1194): mCompatibilityFlags - 4
11-21 03:26:18.241 D/CompatibilityInfo( 1194): applicationDensity - 320
11-21 03:26:18.241 D/CompatibilityInfo( 1194): applicationScale - 1.0
11-21 03:26:18.271 D/CompatibilityInfo( 1194): mCompatibilityFlags - 4
11-21 03:26:18.271 D/CompatibilityInfo( 1194): applicationDensity - 320
11-21 03:26:18.272 D/CompatibilityInfo( 1194): applicationScale - 1.0
11-21 03:26:18.451 E/ANDR-PERF-OPTSHANDLER(  557): perf_lock_rel: failed for /sys/class/kgsl/kgsl-3d0/min_pwrlevel as previous value is not stored
11-21 03:26:18.452 E/ANDR-PERF-RESOURCEQS(  557): Failed to reset optimization [3, 0]
11-21 03:26:18.533 D/LauncherActivity(29223): onKeyUp() called with keycode:4, event: KeyEvent { action=ACTION_UP, keyCode=KEYCODE_BACK, scanCode=0, metaState=0, flags=0x200, repeatCount=0, eventTime=128322673, downTime=128322673, deviceId=-1, source=0x101, displayId=-1 }
11-21 03:26:19.091 W/HWComposer(  577): Ignoring duplicate VSYNC event from HWC for display 0 (t=128323252386308)
11-21 03:26:17.752 I/chatty  ( 1194): uid=1000(system) android.ui identical 1 line
11-21 03:26:18.532 D/AutofillManagerService( 1194): onBackKeyPressed()
11-21 03:26:19.173 W/ActivityManager( 1194): Invalid packageName: com.facebook.wearable.system.settings/com.facebook.wearable.system.settings.SettingsActivity
11-21 03:26:19.176 I/cmd     ( 7216): oneway function results will be dropped but finished with status OK and parcel size 4
11-21 03:26:19.306 I/ActivityTaskManager( 1194): START u0 {flg=0x10000000 cmp=com.facebook.wearable.system.settings/.SettingsActivity} from uid 0
11-21 03:26:19.328 D/CompatibilityInfo( 1194): mCompatibilityFlags - 4
11-21 03:26:19.328 D/CompatibilityInfo( 1194): applicationDensity - 320
11-21 03:26:19.328 D/CompatibilityInfo( 1194): applicationScale - 1.0
11-21 03:26:19.330 I/chatty  ( 2351): uid=10060(com.facebook.wearable.system.selfcare) MainTP_1095 expire 4 lines
11-21 03:26:19.331 D/ActivityTrigger( 1194): ActivityTrigger activityPauseTrigger 
11-21 03:26:19.336 I/ActivityTaskManager( 1194): The Process com.facebook.wearable.system.settings Already Exists in BG. So sending its PID: 7907
11-21 03:26:19.337 W/ActivityTaskManager( 1194): Tried to set launchTime (0) < mLastActivityLaunchTime (128293503)
11-21 03:26:19.338 D/CompatibilityInfo( 1194): mCompatibilityFlags - 4
11-21 03:26:19.338 D/CompatibilityInfo( 1194): applicationDensity - 320
11-21 03:26:19.338 D/CompatibilityInfo( 1194): applicationScale - 1.0
11-21 03:26:19.364 D/LauncherActivity(29223): onPause
11-21 03:26:19.408 D/CompatibilityInfo( 1194): mCompatibilityFlags - 4
11-21 03:26:19.408 D/CompatibilityInfo( 1194): applicationDensity - 320
11-21 03:26:19.408 D/CompatibilityInfo( 1194): applicationScale - 1.0
11-21 03:26:19.596 D/FacebookProvider(17356): Starting SSO Network Fetch for 263529928325379
11-21 03:26:19.603 E/StatusBarClientConnection( 7907): Service connected
11-21 03:26:19.610 I/AccountsContentProvider(17356): No Primary Account. Accounts Error [content://com.facebook.wearable.system.accounts.AccountsContentProvider/facebook/263529928325379]
11-21 03:26:19.617 W/View    ( 7907): requestLayout() improperly called by android.view.View{6197d7e V.ED..... ......I. 0,368-474,474} during layout: running second layout pass
11-21 03:26:19.636 W/View    ( 7907): requestLayout() improperly called by com.facebook.wearable.common.wds.listview.WdsListView{c0c6ed7 V.E..V... ........ 0,0-474,474} during second layout pass: posting in next frame
11-21 03:26:19.641 E/DatabaseUtils(17356): Writing exception to parcel
11-21 03:26:19.641 E/DatabaseUtils(17356): java.lang.IllegalStateException: No Primary Account
11-21 03:26:19.641 E/DatabaseUtils(17356): 	at com.facebook.secure.content.AbstractContentProvider.doQuery(:284)
11-21 03:26:19.641 E/DatabaseUtils(17356): 	at com.facebook.secure.content.AbstractContentProvider.query(:8)
11-21 03:26:19.641 E/DatabaseUtils(17356): 	at android.content.ContentProvider.query(ContentProvider.java:1474)
11-21 03:26:19.641 E/DatabaseUtils(17356): 	at android.content.ContentProvider$Transport.query(ContentProvider.java:278)
11-21 03:26:19.641 E/DatabaseUtils(17356): 	at android.content.ContentProviderNative.onTransact(ContentProviderNative.java:106)
11-21 03:26:19.641 E/DatabaseUtils(17356): 	at android.os.Binder.execTransactInternal(Binder.java:1154)
11-21 03:26:19.641 E/DatabaseUtils(17356): 	at android.os.Binder.execTransact(Binder.java:1123)
11-21 03:26:19.648 E/AccountsViewModel( 7907): AccountsViewModel.flow failed: No Primary Account
11-21 03:26:19.648 E/AccountsViewModel( 7907): java.lang.IllegalStateException: No Primary Account
11-21 03:26:19.648 E/AccountsViewModel( 7907): 	at android.os.Parcel.createExceptionOrNull(Parcel.java:2381)
11-21 03:26:19.648 E/AccountsViewModel( 7907): 	at android.os.Parcel.createException(Parcel.java:2357)
11-21 03:26:19.648 E/AccountsViewModel( 7907): 	at android.os.Parcel.readException(Parcel.java:2340)
11-21 03:26:19.648 E/AccountsViewModel( 7907): 	at android.database.DatabaseUtils.readExceptionFromParcel(DatabaseUtils.java:190)
11-21 03:26:19.648 E/AccountsViewModel( 7907): 	at android.database.DatabaseUtils.readExceptionFromParcel(DatabaseUtils.java:142)
11-21 03:26:19.648 E/AccountsViewModel( 7907): 	at android.content.ContentProviderProxy.query(ContentProviderNative.java:472)
11-21 03:26:19.648 E/AccountsViewModel( 7907): 	at android.content.ContentResolver.query(ContentResolver.java:1185)
11-21 03:26:19.648 E/AccountsViewModel( 7907): 	at android.content.ContentResolver.query(ContentResolver.java:1116)
11-21 03:26:19.648 E/AccountsViewModel( 7907): 	at com.facebook.wearable.common.accounts.contract.WearableAccountsContractRequest.query(:51)
11-21 03:26:19.648 E/AccountsViewModel( 7907): 	at kotlin.coroutines.jvm.internal.BaseContinuationImpl.invokeSuspend(:95489)
11-21 03:26:19.648 E/AccountsViewModel( 7907): 	at com.facebook.wearable.common.accounts.WearableAccountsKt$fb$1.invoke(:9)
11-21 03:26:19.648 E/AccountsViewModel( 7907): 	at com.facebook.wearable.common.coroutines.lazy.LazyAsync.get(:101)
11-21 03:26:19.648 E/AccountsViewModel( 7907): 	at kotlin.coroutines.jvm.internal.BaseContinuationImpl.invokeSuspend(:96596)
11-21 03:26:19.648 E/AccountsViewModel( 7907): 	at com.facebook.wearable.system.settings.accounts.AccountsViewModel$wearableAccountFlow$1.invoke(:11)
11-21 03:26:19.648 E/AccountsViewModel( 7907): 	at kotlinx.coroutines.flow.AbstractFlow.collect$rvp0$0(:72)
11-21 03:26:19.648 E/AccountsViewModel( 7907): 	at kotlin.coroutines.jvm.internal.BaseContinuationImpl.invokeSuspend(:95417)
11-21 03:26:19.648 E/AccountsViewModel( 7907): 	at kotlinx.coroutines.flow.FlowKt__ShareKt$launchSharing$1$2.invoke(Unknown Source:10)
11-21 03:26:19.648 E/AccountsViewModel( 7907): 	at kotlin.coroutines.jvm.internal.BaseContinuationImpl.invokeSuspend(:96715)
11-21 03:26:19.648 E/AccountsViewModel( 7907): 	at kotlinx.coroutines.flow.FlowKt__MergeKt$mapLatest$1.invoke(Unknown Source:15)
11-21 03:26:19.648 E/AccountsViewModel( 7907): 	at kotlin.coroutines.jvm.internal.BaseContinuationImpl.invokeSuspend(:96820)
11-21 03:26:19.648 E/AccountsViewModel( 7907): 	at kotlinx.coroutines.flow.internal.ChannelFlowTransformLatest$flowCollect$3$1$2.invoke(Unknown Source:10)
11-21 03:26:19.648 E/AccountsViewModel( 7907): 	at kotlinx.coroutines.CoroutineStart.invoke(:32)
11-21 03:26:19.648 E/AccountsViewModel( 7907): 	at kotlinx.coroutines.BuildersKt__Builders_commonKt.launch(:15)
11-21 03:26:19.648 E/AccountsViewModel( 7907): 	at kotlinx.coroutines.flow.internal.ChannelFlowTransformLatest$flowCollect$3$invokeSuspend$$inlined$collect$1.emit(:56)
11-21 03:26:19.648 E/AccountsViewModel( 7907): 	at kotlinx.coroutines.flow.DistinctFlowImpl$collect$$inlined$collect$1.emit(:74)
11-21 03:26:19.648 E/AccountsViewModel( 7907): 	at kotlinx.coroutines.flow.FlowKt__LimitKt$dropWhile$lambda-4$$inlined$collect$1.emit(:114)
11-21 03:26:19.648 E/AccountsViewModel( 7907): 	at kotlinx.coroutines.flow.FlowKt__ChannelsKt.emitAllImpl$FlowKt__ChannelsKt(:123)
11-21 03:26:19.648 E/AccountsViewModel( 7907): 	at kotlin.coroutines.jvm.internal.BaseContinuationImpl.invokeSuspend(:96917)
11-21 03:26:19.648 E/AccountsViewModel( 7907): 	at kotlin.coroutines.jvm.internal.BaseContinuationImpl.resumeWith(:5)
11-21 03:26:19.648 E/AccountsViewModel( 7907): 	at kotlinx.coroutines.DispatchedTask.run(:131)
11-21 03:26:19.648 E/AccountsViewModel( 7907): 	at java.util.concurrent.Executors$RunnableAdapter.call(Executors.java:462)
11-21 03:26:19.648 E/AccountsViewModel( 7907): 	at java.util.concurrent.FutureTask.run(FutureTask.java:266)
11-21 03:26:19.648 E/AccountsViewModel( 7907): 	at com.facebook.wearable.common.executors.DelayedFutureTask.run(:22)
11-21 03:26:19.648 E/AccountsViewModel( 7907): 	at java.util.concurrent.ThreadPoolExecutor.runWorker(ThreadPoolExecutor.java:1167)
11-21 03:26:19.648 E/AccountsViewModel( 7907): 	at java.util.concurrent.ThreadPoolExecutor$Worker.run(ThreadPoolExecutor.java:641)
11-21 03:26:19.648 E/AccountsViewModel( 7907): 	at com.facebook.wearable.common.executors.NamedThreadFactory$1.run(:7)
11-21 03:26:19.847 D/CompatibilityInfo( 1194): mCompatibilityFlags - 4
11-21 03:26:19.847 D/CompatibilityInfo( 1194): applicationDensity - 320
11-21 03:26:19.847 D/CompatibilityInfo( 1194): applicationScale - 1.0
11-21 03:26:19.853 D/ComplicationController(29223): Stopping complication controller.
11-21 03:26:19.860 D/ComplicationDataManagerImpl(29223): Fetching complication data for package: com.facebook.wearable.apps.calendar, com.facebook.wearable.apps.calendar.DAY_DATE_COMPLICATION.
11-21 03:26:19.860 D/ComplicationDataManagerImpl(29223): Fetching complication data for package: com.facebook.wearable.apps.player, com.facebook.wearable.apps.player.SHORTCUT_COMPLICATION.
11-21 03:26:19.860 D/ComplicationDataManagerImpl(29223): Fetching complication data for package: com.facebook.wearable.apps.gallery, com.facebook.wearable.apps.gallery.SHORTCUT_COMPLICATION.
11-21 03:26:19.860 D/ComplicationDataManagerImpl(29223): Fetching complication data for package: com.facebook.wearable.apps.heart, com.facebook.wearable.apps.heart.HEART_RATE.
11-21 03:26:19.863 D/CompatibilityInfo( 1194): mCompatibilityFlags - 4
11-21 03:26:19.863 D/CompatibilityInfo( 1194): applicationDensity - 320
11-21 03:26:19.863 D/CompatibilityInfo( 1194): applicationScale - 1.0
11-21 03:26:19.897 I/chatty  ( 2351): uid=10060(com.facebook.wearable.system.selfcare) MainTP_1092 expire 4 lines
11-21 03:26:20.212 D/mcu_health_checker(  946): Sent MCU Health Request
11-21 03:26:20.213 D/commandrouter( 1117): SocServiceHandle::onServiceMessage, SoC Service = mcu_healthcheck_946, appType = 1, type = SVC_REQ, clientId = 0, token = 2137, payloadLen = 20, result = 0, payload.size() = 20
11-21 03:26:20.216 D/commandrouter( 1117): mcu_healthcheck_946 (1, merlot:mcu_health:control): <ServiceResponse> FORWARDED (remote -> local) CR token ID = 2137, service client ID = 6, token ID = 10654, result = 0
11-21 03:26:20.216 D/mcu_health_checker(  946): MCU Health Response: MCU_OK
11-21 03:26:20.216 D/mcu_health_checker(  946): MCU Session 0, uptime = 128289663 ms
11-21 03:26:20.216 D/mcu_health_checker(  946): mSensorErrs[0]: 0
11-21 03:26:20.216 D/mcu_health_checker(  946): mSensorErrs[1]: 0
11-21 03:26:20.216 D/mcu_health_checker(  946): mSensorErrs[2]: 0
11-21 03:26:20.393 D/UIAutomatorStub(26720): URI: /jsonrpc/0, Method: POST, Header: {content-length=192, remote-addr=127.0.0.1, http-client-ip=127.0.0.1, host=localhost:9010, content-type=application/json, accept-encoding=identity}, params, {NanoHttpd.QUERY_STRING=null}, files: {postData={"jsonrpc": "2.0", "method": "waitForExists", "id": "841f0f249091936d24f4ffc400269a43", "params": [{"mask": 1, "childOrSibling": [], "childOrSiblingSelector": [], "text": "Notifications"}, 5]}}
11-21 03:26:20.437 D/UIAutomatorStub(26720): URI: /jsonrpc/0, Method: POST, Header: {content-length=191, remote-addr=127.0.0.1, http-client-ip=127.0.0.1, host=localhost:9010, content-type=application/json, accept-encoding=identity}, params, {NanoHttpd.QUERY_STRING=null}, files: {postData={"jsonrpc": "2.0", "method": "waitForExists", "id": "8d264b624271fcfc76f07249c73e0494", "params": [{"mask": 1, "childOrSibling": [], "childOrSiblingSelector": [], "text": "Connectivity"}, 5]}}
11-21 03:26:20.496 D/UIAutomatorStub(26720): URI: /jsonrpc/0, Method: POST, Header: {content-length=180, remote-addr=127.0.0.1, http-client-ip=127.0.0.1, host=localhost:9010, content-type=application/json, accept-encoding=identity}, params, {NanoHttpd.QUERY_STRING=null}, files: {postData={"jsonrpc": "2.0", "method": "click", "id": "07e17de589f64d1445d8767f39d12b28", "params": [{"mask": 1, "childOrSibling": [], "childOrSiblingSelector": [], "text": "Connectivity"}]}}
11-21 03:26:20.534 E/ANDR-PERF-OPTSHANDLER(  557): Unable to find the correct node storage pointers for                   resource index=16, node path=/proc/sys/kernel/sched_upmigrate
11-21 03:26:20.534 E/ANDR-PERF-RESOURCEQS(  557): Failed to reset optimization [3, 7]
11-21 03:26:20.534 E/ANDR-PERF-OPTSHANDLER(  557): Unable to find the correct node storage pointers for                   resource index=17, node path=/proc/sys/kernel/sched_downmigrate
11-21 03:26:20.534 E/ANDR-PERF-RESOURCEQS(  557): Failed to reset optimization [3, 8]
11-21 03:26:20.534 E/ANDR-PERF-OPTSHANDLER(  557): Perflock resource /sys/module/lpm_levels/parameters/bias_hyst not supported
11-21 03:26:20.534 E/ANDR-PERF-RESOURCEQS(  557): Failed to reset optimization [1, 2]
11-21 03:26:20.534 E/ANDR-PERF-OPTSHANDLER(  557): Perflock resource /proc/sys/kernel/sched_group_upmigrate not supported
11-21 03:26:20.534 E/ANDR-PERF-RESOURCEQS(  557): Failed to reset optimization [3, 21]
11-21 03:26:20.534 E/ANDR-PERF-OPTSHANDLER(  557): Perflock resource /proc/sys/kernel/sched_group_downmigrate not supported
11-21 03:26:20.534 E/ANDR-PERF-RESOURCEQS(  557): Failed to reset optimization [3, 22]
11-21 03:26:20.578 W/HWComposer(  577): Ignoring duplicate VSYNC event from HWC for display 0 (t=128324739163338)
11-21 03:26:20.580 W/StatusBarClientConnection( 7907): Messenger is null, ignoring message: { when=-1d11h38m44s740ms barrier=1 }
11-21 03:26:20.596 W/HWComposer(  577): Ignoring duplicate VSYNC event from HWC for display 0 (t=128324756061515)
11-21 03:26:20.615 E/StatusBarClientConnection( 7907): Service connected
11-21 03:26:20.648 W/View    ( 7907): requestLayout() improperly called by android.view.View{4fbf484 V.ED..... ......I. 0,368-474,474} during layout: running second layout pass
11-21 03:26:20.665 W/View    ( 7907): requestLayout() improperly called by com.facebook.wearable.common.wds.listview.WdsListView{7d1f69a V.E..V... ........ 0,0-474,474} during second layout pass: posting in next frame
11-21 03:26:21.325 E/ANDR-PERF-OPTSHANDLER(  557): perf_lock_rel: failed for /proc/sys/vm/swap_ratio as previous value is not stored
11-21 03:26:21.325 E/ANDR-PERF-OPTSHANDLER(  557): perf_lock_rel: failed for /sys/class/kgsl/kgsl-3d0/min_pwrlevel as previous value is not stored
11-21 03:26:21.327 E/ANDR-PERF-RESOURCEQS(  557): Failed to reset optimization [3, 0]
11-21 03:26:21.736 E/QMI_FW  ( 1113): qmi_cci_get_ref: ref count increased 2
11-21 03:26:21.738 E/QMI_FW  ( 1113): qmi_cci_get_ref: ref count increased 2
11-21 03:26:21.738 E/QMI_FW  ( 1113): qmi_cci_get_ref: ref count increased 2
11-21 03:26:22.234 W/HWComposer(  577): Ignoring duplicate VSYNC event from HWC for display 0 (t=128326395244848)
11-21 03:26:22.255 W/HWComposer(  577): Ignoring duplicate VSYNC event from HWC for display 0 (t=128326412099431)
11-21 03:26:22.461 E/TaskPersister( 1194): File error accessing recents directory (directory doesn't exist?).
11-21 03:26:23.222 D/commandrouter( 1117): rtc_sync (1, rtc:sync): <ServiceRequest> FORWARDED (remote -> local) service client ID = 0, token ID = 45596
11-21 03:26:23.222 D/vendor.facebook.rtc_sync@1.0-service( 1129): Request req_ts=1637465183223721840 resp_ts=1637465183222887721
11-21 03:26:23.223 D/commandrouter( 1117): SocServiceHandle::onServiceMessage, SoC Service = rtc_sync, appType = 1, type = SVC_RESP, clientId = 0, token = 45596, payloadLen = 8, result = 0, payload.size() = 8
11-21 03:26:23.604 D/UIAutomatorStub(26720): URI: /jsonrpc/0, Method: POST, Header: {content-length=183, remote-addr=127.0.0.1, http-client-ip=127.0.0.1, host=localhost:9010, content-type=application/json, accept-encoding=identity}, params, {NanoHttpd.QUERY_STRING=null}, files: {postData={"jsonrpc": "2.0", "method": "waitForExists", "id": "0d159a94af4f95cf96c4b22cb6bc6fcc", "params": [{"mask": 1, "childOrSibling": [], "childOrSiblingSelector": [], "text": "WiFi"}, 5]}}
11-21 03:26:23.637 D/UIAutomatorStub(26720): URI: /jsonrpc/0, Method: POST, Header: {content-length=172, remote-addr=127.0.0.1, http-client-ip=127.0.0.1, host=localhost:9010, content-type=application/json, accept-encoding=identity}, params, {NanoHttpd.QUERY_STRING=null}, files: {postData={"jsonrpc": "2.0", "method": "click", "id": "55e77767494494b7bc66ff6e9cf402bd", "params": [{"mask": 1, "childOrSibling": [], "childOrSiblingSelector": [], "text": "WiFi"}]}}
11-21 03:26:23.713 W/StatusBarClientConnection( 7907): Messenger is null, ignoring message: { when=-1d11h38m47s874ms barrier=1 }
11-21 03:26:23.721 W/HWComposer(  577): Ignoring duplicate VSYNC event from HWC for display 0 (t=128327882233806)
11-21 03:26:23.737 D/CompatibilityInfo( 1194): mCompatibilityFlags - 4
11-21 03:26:23.737 D/CompatibilityInfo( 1194): applicationDensity - 320
11-21 03:26:23.737 D/CompatibilityInfo( 1194): applicationScale - 1.0
11-21 03:26:23.747 E/StatusBarClientConnection( 7907): Service connected
11-21 03:26:23.750 D/WifiConnector( 2841): Network State Changed
11-21 03:26:23.775 W/View    ( 7907): requestLayout() improperly called by android.view.View{bddd10c V.ED..... ......I. 0,368-474,474} during layout: running second layout pass
11-21 03:26:23.786 D/WifiSharingService( 2841): Starting Wi-Fi scan
11-21 03:26:23.787 I/WifiService( 1194): startScan uid=1000
11-21 03:26:23.792 I/chatty  ( 2351): uid=10060(com.facebook.wearable.system.selfcare) MainTP_1093 expire 1 line
11-21 03:26:23.798 W/View    ( 7907): requestLayout() improperly called by com.facebook.wearable.common.wds.listview.WdsListView{8d6103 V.E..V... ........ 0,0-474,474} during second layout pass: posting in next frame
11-21 03:26:23.805 D/WifiNative( 1194): Scan trigered from WifiNative
11-21 03:26:23.807 I/chatty  ( 1024): uid=1021(gps) lowi-server expire 37 lines
11-21 03:26:23.810 V/WifiHAL (  539): event received NL80211_CMD_TRIGGER_SCAN
11-21 03:26:23.818 I/chatty  ( 2351): uid=10060(com.facebook.wearable.system.selfcare) DefaultDispatch expire 7 lines
11-21 03:26:23.818 I/chatty  ( 2351): uid=10060(com.facebook.wearable.system.selfcare) pool-3-thread-2 expire 1 line
11-21 03:26:23.970 I/chatty  ( 2351): uid=10060(com.facebook.wearable.system.selfcare) pool-3-thread-3 expire 3 lines
11-21 03:26:24.104 I/chatty  ( 2351): uid=10060(com.facebook.wearable.system.selfcare) MainTP_1090 expire 1 line
11-21 03:26:24.270 I/chatty  ( 2351): uid=10060(com.facebook.wearable.system.selfcare) MainTP_1088 expire 1 line
11-21 03:26:24.363 D/LOWI-9.0.0.80( 1024): [LOWI-Scan] decode_rsn_wpa_ie: Entered
11-21 03:26:24.363 D/LOWI-9.0.0.80( 1024): [LOWIUtils] hexDump: msg(30 14 01 00 00 0f ac 04 01 00 00 0f ac 04 01 00 00 0f ac 02 )
11-21 03:26:24.363 D/LOWI-9.0.0.80( 1024): [LOWI-Scan] decode_rsn_wpa_ie: LOWI_ENCRYPTION_TYPE_WPA_PSK
11-21 03:26:24.363 D/LOWI-9.0.0.80( 1024): [LOWI-Scan] is_qcom_ie, bss_age: 1326
11-21 03:26:24.363 D/LOWI-9.0.0.80( 1024): [LOWI-Scan] BSS 12:d7:96:61:85:9f LOWI_PHY_MODE_11AC_VHT20_2G(11), Beacon Interval: 100, LOWI_ENCRYPTION_TYPE_WPA_PSK 11mcRanging: No, ANQP: Yes, LCI: No, Civic: No, capability(0x1431): ESS Privacy ShortPreamble ShortSlotTime
11-21 03:26:24.363 D/LOWI-9.0.0.80( 1024): [LOWI-Scan] BSS 12:d7:96:61:85:9f FREQ: 2412, cFreq1[40:80:160] = [0:0:0] cFreq2 = 0 Country Code =    
11-21 03:26:24.363 D/LOWI-9.0.0.80( 1024): [LOWI-Scan] BSS 12:d7:96:61:85:9f (wlan0) ASSO: NO AddInfo: 0x1, TSF 1, 11:38:48.520, RSSI: -104, CPL: 127, AGE: 0,  SSID Pixel_R5, TSFDelta: 0x0, TXRate: 0
11-21 03:26:24.363 D/LOWI-9.0.0.80( 1024): [LOWI-Scan] 
11-21 03:26:24.363 D/LOWI-9.0.0.80( 1024): [LOWI-Scan] print_bss_handler: Report Probe TSF 128328520639 as it greater than Beacon TSF 128230584180
11-21 03:26:24.363 I/LOWI-9.0.0.80( 1024): [LOWI-Scan] RSN_IE
11-21 03:26:24.364 D/LOWI-9.0.0.80( 1024): [LOWI-Scan] decode_rsn_wpa_ie: Entered
11-21 03:26:24.364 D/LOWI-9.0.0.80( 1024): [LOWIUtils] hexDump: msg(30 14 01 00 00 0f ac 04 01 00 00 0f ac 04 01 00 00 0f ac 02 )
11-21 03:26:24.364 D/WifiNl80211Manager( 1194): Scan result ready event
11-21 03:26:24.364 D/LOWI-9.0.0.80( 1024): [LOWI-Scan] decode_rsn_wpa_ie: LOWI_ENCRYPTION_TYPE_WPA_PSK
11-21 03:26:24.364 D/LOWI-9.0.0.80( 1024): [LOWI-Scan] is_qcom_ie, bss_age: 3
11-21 03:26:24.364 D/WifiNative( 1194): Scan result ready event
11-21 03:26:24.364 D/LOWI-9.0.0.80( 1024): [LOWI-Scan] BSS 2c:57:41:86:94:a1 LOWI_PHY_MODE_11NG_HT20(5), Beacon Interval: 100, LOWI_ENCRYPTION_TYPE_WPA_PSK 11mcRanging: No, ANQP: No, LCI: No, Civic: No, capability(0x1411): ESS Privacy ShortSlotTime
11-21 03:26:24.364 D/LOWI-9.0.0.80( 1024): [LOWI-Scan] BSS 2c:57:41:86:94:a1 FREQ: 2462, cFreq1[40:80:160] = [0:0:0] cFreq2 = 0 Country Code = US
11-21 03:26:24.364 D/LOWI-9.0.0.80( 1024): [LOWI-Scan] BSS 2c:57:41:86:94:a1 (wlan0) ASSO: NO AddInfo: 0x0, TSF 1, 11:38:48.520, RSSI: -138, CPL: 2, AGE: 0,  SSID kittyhawk, TSFDelta: 0x0, TXRate: 0
11-21 03:26:24.364 D/LOWI-9.0.0.80( 1024): [LOWI-Scan] 
11-21 03:26:24.364 D/LOWI-9.0.0.80( 1024): [LOWI-Scan] print_bss_handler: Report Probe TSF 128328520657 as it greater than Beacon TSF 128108892190
11-21 03:26:24.364 I/LOWI-9.0.0.80( 1024): [LOWI-Scan] RSN_IE
11-21 03:26:24.364 D/LOWI-9.0.0.80( 1024): [LOWI-Scan] decode_rsn_wpa_ie: Entered
11-21 03:26:24.364 D/LOWI-9.0.0.80( 1024): [LOWIUtils] hexDump: msg(30 14 01 00 00 0f ac 04 01 00 00 0f ac 04 01 00 00 0f ac 02 )
11-21 03:26:24.364 D/LOWI-9.0.0.80( 1024): [LOWI-Scan] decode_rsn_wpa_ie: LOWI_ENCRYPTION_TYPE_WPA_PSK
11-21 03:26:24.364 D/LOWI-9.0.0.80( 1024): [LOWI-Scan] is_qcom_ie, bss_age: 3
11-21 03:26:24.364 D/LOWI-9.0.0.80( 1024): [LOWI-Scan] BSS 2c:57:41:86:90:a1 LOWI_PHY_MODE_11NG_HT20(5), Beacon Interval: 100, LOWI_ENCRYPTION_TYPE_WPA_PSK 11mcRanging: No, ANQP: No, LCI: No, Civic: No, capability(0x1411): ESS Privacy ShortSlotTime
11-21 03:26:24.364 D/LOWI-9.0.0.80( 1024): [LOWI-Scan] BSS 2c:57:41:86:90:a1 FREQ: 2462, cFreq1[40:80:160] = [0:0:0] cFreq2 = 0 Country Code = US
11-21 03:26:24.365 D/LOWI-9.0.0.80( 1024): [LOWI-Scan] BSS 2c:57:41:86:90:a1 (wlan0) ASSO: NO AddInfo: 0x0, TSF 1, 11:38:48.520, RSSI: -140, CPL: 2, AGE: 0,  SSID kittyhawk, TSFDelta: 0x0, TXRate: 0
11-21 03:26:24.365 D/LOWI-9.0.0.80( 1024): [LOWI-Scan] 
11-21 03:26:24.365 D/LOWI-9.0.0.80( 1024): [LOWI-Scan] print_bss_handler: Report Probe TSF 128328520696 as it greater than Beacon TSF 128028764280
11-21 03:26:24.365 I/LOWI-9.0.0.80( 1024): [LOWI-Scan] RSN_IE
11-21 03:26:24.365 D/LOWI-9.0.0.80( 1024): [LOWI-Scan] decode_rsn_wpa_ie: Entered
11-21 03:26:24.365 D/LOWI-9.0.0.80( 1024): [LOWIUtils] hexDump: msg(30 14 01 00 00 0f ac 04 01 00 00 0f ac 04 01 00 00 0f ac 02 )
11-21 03:26:24.365 D/LOWI-9.0.0.80( 1024): [LOWI-Scan] decode_rsn_wpa_ie: LOWI_ENCRYPTION_TYPE_WPA_PSK
11-21 03:26:24.365 D/LOWI-9.0.0.80( 1024): [LOWI-Scan] is_qcom_ie, bss_age: 48
11-21 03:26:24.365 D/LOWI-9.0.0.80( 1024): [LOWI-Scan] BSS 2c:57:41:88:72:e1 LOWI_PHY_MODE_11NG_HT20(5), Beacon Interval: 100, LOWI_ENCRYPTION_TYPE_WPA_PSK 11mcRanging: No, ANQP: No, LCI: No, Civic: No, capability(0x1411): ESS Privacy ShortSlotTime
11-21 03:26:24.365 D/LOWI-9.0.0.80( 1024): [LOWI-Scan] BSS 2c:57:41:88:72:e1 FREQ: 2412, cFreq1[40:80:160] = [0:0:0] cFreq2 = 0 Country Code = US
11-21 03:26:24.365 D/LOWI-9.0.0.80( 1024): [LOWI-Scan] BSS 2c:57:41:88:72:e1 (wlan0) ASSO: NO AddInfo: 0x0, TSF 1, 11:38:48.520, RSSI: -146, CPL: 3, AGE: 0,  SSID kittyhawk, TSFDelta: 0x0, TXRate: 0
11-21 03:26:24.366 D/LOWI-9.0.0.80( 1024): [LOWI-Scan] 
11-21 03:26:24.366 D/LOWI-9.0.0.80( 1024): [LOWI-Scan] print_bss_handler: Report Probe TSF 128328520422 as it greater than Beacon TSF 127989024712
11-21 03:26:24.366 I/LOWI-9.0.0.80( 1024): [LOWI-Scan] RSN_IE
11-21 03:26:24.366 D/LOWI-9.0.0.80( 1024): [LOWI-Scan] decode_rsn_wpa_ie: Entered
11-21 03:26:24.366 D/LOWI-9.0.0.80( 1024): [LOWIUtils] hexDump: msg(30 14 01 00 00 0f ac 04 01 00 00 0f ac 04 01 00 00 0f ac 02 )
11-21 03:26:24.366 D/LOWI-9.0.0.80( 1024): [LOWI-Scan] decode_rsn_wpa_ie: LOWI_ENCRYPTION_TYPE_WPA_PSK
11-21 03:26:24.366 D/LOWI-9.0.0.80( 1024): [LOWI-Scan] is_qcom_ie, bss_age: 27
