11-19 17:17:08.347 D/LOWI-9.0.0.80( 1026): [LOWI-Scan] print_bss_handler: Report Probe TSF 5316046718 as it greater than Beacon TSF 0
11-19 17:17:08.347 I/LOWI-9.0.0.80( 1026): [LOWI-Scan] RSN_IE
11-19 17:17:08.347 D/LOWI-9.0.0.80( 1026): [LOWI-Scan] decode_rsn_wpa_ie: Entered
11-19 17:17:08.347 D/LOWI-9.0.0.80( 1026): [LOWIUtils] hexDump: msg(30 14 01 00 00 0f ac 04 01 00 00 0f ac 04 01 00 00 0f ac 02 )
11-19 17:17:08.347 D/LOWI-9.0.0.80( 1026): [LOWI-Scan] decode_rsn_wpa_ie: LOWI_ENCRYPTION_TYPE_WPA_PSK
11-19 17:17:08.347 D/LOWI-9.0.0.80( 1026): [LOWI-Scan] is_qcom_ie, bss_age: 3
11-19 17:17:08.348 D/LOWI-9.0.0.80( 1026): [LOWI-Scan] BSS 2c:57:41:86:85:21 LOWI_PHY_MODE_11NG_HT20(5), Beacon Interval: 100, LOWI_ENCRYPTION_TYPE_WPA_PSK 11mcRanging: No, ANQP: No, LCI: No, Civic: No, capability(0x1411): ESS Privacy ShortSlotTime
11-19 17:17:08.348 D/LOWI-9.0.0.80( 1026): [LOWI-Scan] BSS 2c:57:41:86:85:21 FREQ: 2462, cFreq1[40:80:160] = [0:0:0] cFreq2 = 0 Country Code = US
11-19 17:17:08.348 D/LOWI-9.0.0.80( 1026): [LOWI-Scan] BSS 2c:57:41:86:85:21 (wlan0) ASSO: NO AddInfo: 0x0, TSF 0, 01:28:36.046, RSSI: -152, CPL: 2, AGE: 0,  SSID kittyhawk, TSFDelta: 0x0, TXRate: 0
11-19 17:17:08.348 D/LOWI-9.0.0.80( 1026): [LOWI-Scan] 
11-19 17:17:08.348 D/LOWI-9.0.0.80( 1026): [LOWI-Scan] print_bss_handler: Report Probe TSF 5316046597 as it greater than Beacon TSF 0
11-19 17:17:08.348 I/LOWI-9.0.0.80( 1026): [LOWI-Scan] RSN_IE
11-19 17:17:08.348 D/LOWI-9.0.0.80( 1026): [LOWI-Scan] decode_rsn_wpa_ie: Entered
11-19 17:17:08.348 D/LOWI-9.0.0.80( 1026): [LOWIUtils] hexDump: msg(30 14 01 00 00 0f ac 04 01 00 00 0f ac 04 01 00 00 0f ac 02 )
11-19 17:17:08.348 D/LOWI-9.0.0.80( 1026): [LOWI-Scan] decode_rsn_wpa_ie: LOWI_ENCRYPTION_TYPE_WPA_PSK
11-19 17:17:08.348 D/LOWI-9.0.0.80( 1026): [LOWI-Scan] is_qcom_ie, bss_age: 49
11-19 17:17:08.349 D/LOWI-9.0.0.80( 1026): [LOWI-Scan] BSS be:9e:0e:1c:6e:7f LOWI_PHY_MODE_11AC_VHT20_2G(11), Beacon Interval: 100, LOWI_ENCRYPTION_TYPE_WPA_PSK 11mcRanging: No, ANQP: No, LCI: No, Civic: No, capability(0x1431): ESS Privacy ShortPreamble ShortSlotTime
11-19 17:17:08.349 D/LOWI-9.0.0.80( 1026): [LOWI-Scan] BSS be:9e:0e:1c:6e:7f FREQ: 2412, cFreq1[40:80:160] = [0:0:0] cFreq2 = 0 Country Code =    
11-19 17:17:08.349 D/LOWI-9.0.0.80( 1026): [LOWI-Scan] BSS be:9e:0e:1c:6e:7f (wlan0) ASSO: NO AddInfo: 0x0, TSF 0, 01:28:36.046, RSSI: -118, CPL: 127, AGE: 0,  SSID Pixel_3541, TSFDelta: 0x0, TXRate: 0
11-19 17:17:08.349 D/LOWI-9.0.0.80( 1026): [LOWI-Scan] 
11-19 17:17:08.349 D/LOWI-9.0.0.80( 1026): [LOWI-Scan] print_bss_handler: Report Probe TSF 5316046777 as it greater than Beacon TSF 0
11-19 17:17:08.349 I/LOWI-9.0.0.80( 1026): [LOWI-Scan] RSN_IE
11-19 17:17:08.349 D/LOWI-9.0.0.80( 1026): [LOWI-Scan] decode_rsn_wpa_ie: Entered
11-19 17:17:08.349 D/LOWI-9.0.0.80( 1026): [LOWIUtils] hexDump: msg(30 14 01 00 00 0f ac 04 01 00 00 0f ac 04 01 00 00 0f ac 02 )
11-19 17:17:08.349 D/LOWI-9.0.0.80( 1026): [LOWI-Scan] decode_rsn_wpa_ie: LOWI_ENCRYPTION_TYPE_WPA_PSK
11-19 17:17:08.349 D/LOWI-9.0.0.80( 1026): [LOWI-Scan] is_qcom_ie, bss_age: 16
11-19 17:17:08.349 D/LOWI-9.0.0.80( 1026): [LOWI-Scan] BSS 00:24:b1:02:cb:dc LOWI_PHY_MODE_11NG_HT20(5), Beacon Interval: 100, LOWI_ENCRYPTION_TYPE_WPA_PSK 11mcRanging: No, ANQP: No, LCI: No, Civic: No, capability(0x0431): ESS Privacy ShortPreamble ShortSlotTime
11-19 17:17:08.349 D/LOWI-9.0.0.80( 1026): [LOWI-Scan] BSS 00:24:b1:02:cb:dc FREQ: 2452, cFreq1[40:80:160] = [0:0:0] cFreq2 = 0 Country Code =    
11-19 17:17:08.349 D/LOWI-9.0.0.80( 1026): [LOWI-Scan] BSS 00:24:b1:02:cb:dc (wlan0) ASSO: NO AddInfo: 0x0, TSF 0, 01:28:36.046, RSSI: -184, CPL: 127, AGE: 0,  SSID 0024b1000002cbdc, TSFDelta: 0x0, TXRate: 0
11-19 17:17:08.350 D/LOWI-9.0.0.80( 1026): [LOWI-Scan] 
11-19 17:17:08.350 D/LOWI-9.0.0.80( 1026): [LOWI-Scan] print_bss_handler: Report Probe TSF 5316046739 as it greater than Beacon TSF 0
11-19 17:17:08.350 I/LOWI-9.0.0.80( 1026): [LOWI-Scan] RSN_IE
11-19 17:17:08.350 D/LOWI-9.0.0.80( 1026): [LOWI-Scan] decode_rsn_wpa_ie: Entered
11-19 17:17:08.350 D/LOWI-9.0.0.80( 1026): [LOWIUtils] hexDump: msg(30 14 01 00 00 0f ac 04 01 00 00 0f ac 04 01 00 00 0f ac 02 )
11-19 17:17:08.350 D/LOWI-9.0.0.80( 1026): [LOWI-Scan] decode_rsn_wpa_ie: LOWI_ENCRYPTION_TYPE_WPA_PSK
11-19 17:17:08.350 D/LOWI-9.0.0.80( 1026): [LOWI-Scan] is_qcom_ie, bss_age: 48
11-19 17:17:08.350 D/LOWI-9.0.0.80( 1026): [LOWI-Scan] BSS 2c:57:41:89:53:21 LOWI_PHY_MODE_11NG_HT20(5), Beacon Interval: 100, LOWI_ENCRYPTION_TYPE_WPA_PSK 11mcRanging: No, ANQP: No, LCI: No, Civic: No, capability(0x1411): ESS Privacy ShortSlotTime
11-19 17:17:08.350 D/LOWI-9.0.0.80( 1026): [LOWI-Scan] BSS 2c:57:41:89:53:21 FREQ: 2412, cFreq1[40:80:160] = [0:0:0] cFreq2 = 0 Country Code = US
11-19 17:17:08.350 D/LOWI-9.0.0.80( 1026): [LOWI-Scan] BSS 2c:57:41:89:53:21 (wlan0) ASSO: NO AddInfo: 0x0, TSF 0, 01:28:36.046, RSSI: -154, CPL: 3, AGE: 0,  SSID kittyhawk, TSFDelta: 0x0, TXRate: 0
11-19 17:17:08.351 D/LOWI-9.0.0.80( 1026): [LOWIDiagLog] Log: lowiMeasResult->request: invalid null argument
11-19 17:17:08.351 I/LOWI-9.0.0.80( 1026): [LOWI-Scan] lowi_close_record:Scan done in 5272121ms, 18 APs in scan results
11-19 17:17:08.351 D/LOWI-9.0.0.80( 1026): [LOWI-Scan] WipsScanUsingNL: passive scan cached 0, took 9765 ms, err 0
11-19 17:17:08.351 D/LOWI-9.0.0.80( 1026): [LOWI-Scan] lowi_proc_req_passive_scan_with_live_meas - No WLAN Frames to be parsed
11-19 17:17:08.351 D/LOWI-9.0.0.80( 1026): [LOWIScanResultReceiver] Send scan meas to listener
11-19 17:17:08.351 D/LOWI-9.0.0.80( 1026): [LOWIScanResultReceiver] Enter passive listening mode
11-19 17:17:08.351 D/LOWI-9.0.0.80( 1026): [LOWIWifiDriverInterface] getMeasurements - Passive listening mode
11-19 17:17:08.351 D/LOWI-9.0.0.80( 1026): [LOWI-Scan] WipsScanUsingNL:wait -1 sec for netlink message
11-19 17:17:08.352 D/LOWI-9.0.0.80( 1026): [LOWIEventReceiver] handleEvent:FROM:NA, TO:NA, REQ:NA, IREQ:NA, REQ_ID:0, RESP:NA, INFO:NA
11-19 17:17:08.352 D/LOWI-9.0.0.80( 1026): [LOWIBackgroundScanMgr] isRspForBgScanMgr: evt(LOWI_NO_EVT) - not handled
11-19 17:17:08.352 D/LOWI-9.0.0.80( 1026): [LOWIScheduler] manageMsg: NULL results or NULL request in results
11-19 17:17:08.353 D/LOWI-9.0.0.80( 1026): [LOWIController] Measurements received
11-19 17:17:08.353 D/LOWI-9.0.0.80( 1026): [LOWICacheManager] putInCache:Num of Meas to add: 18
11-19 17:17:08.353 D/LOWI-9.0.0.80( 1026): [LOWIController] processMeasurementResults: No current Request. Cache measurements
11-19 17:17:08.353 D/LOWI-9.0.0.80( 1026): [LOWIControllerExtn] sendLOWILpDiscoveryScanResponse: Not a discovery scan response
11-19 17:17:08.360 I/chatty  ( 2334): uid=10062(com.facebook.wearable.system.selfcare) DefaultDispatch expire 4 lines
11-19 17:17:08.367 D/PasspointManager( 1186): ANQP entry not found for: ce:dc:12:3b:87:fd:<Pixel5_R1>
11-19 17:17:08.367 D/PasspointManager( 1186): ANQP entry not found for: 12:d7:96:61:85:9f:<Pixel_R5>
11-19 17:17:08.367 D/PasspointManager( 1186): ANQP entry not found for: 5e:6e:be:46:77:d7:<Pixel_R3>
11-19 17:17:08.368 D/PasspointManager( 1186): ANQP entry not found for: c6:82:9b:4e:b3:9e:<Pixel_R6>
11-19 17:17:08.368 D/PasspointManager( 1186): ANQP entry not found for: fe:2d:5a:49:61:eb:<Pixel_R2>
11-19 17:17:08.421 D/WifiSharingService( 2870): Sending scanResults intent with status code 0: PendingIntent{ca3e337: android.os.BinderProxy@abb74bf}
11-19 17:17:08.426 D/CompatibilityInfo( 1186): mCompatibilityFlags - 4
11-19 17:17:08.426 D/CompatibilityInfo( 1186): applicationDensity - 320
11-19 17:17:08.426 D/CompatibilityInfo( 1186): applicationScale - 1.0
11-19 17:17:08.472 I/chatty  ( 2334): uid=10062(com.facebook.wearable.system.selfcare) MainTP_60 expire 1 line
11-19 17:17:08.499 I/chatty  ( 2334): uid=10062(com.facebook.wearable.system.selfcare) pool-3-thread-2 expire 2 lines
11-19 17:17:08.599 I/chatty  ( 2334): uid=10062(com.facebook.wearable.system.selfcare) MainTP_58 expire 1 line
11-19 17:17:08.629 I/chatty  ( 2334): uid=10062(com.facebook.wearable.system.selfcare) DefaultDispatch expire 2 lines
11-19 17:17:08.752 I/chatty  ( 2334): uid=10062(com.facebook.wearable.system.selfcare) MainTP_61 expire 1 line
11-19 17:17:08.791 I/chatty  ( 2334): uid=10062(com.facebook.wearable.system.selfcare) DefaultDispatch expire 4 lines
11-19 17:17:08.791 I/chatty  ( 2334): uid=10062(com.facebook.wearable.system.selfcare) pool-3-thread-1 expire 2 lines
11-19 17:17:08.917 I/chatty  ( 2334): uid=10062(com.facebook.wearable.system.selfcare) MainTP_60 expire 1 line
11-19 17:17:09.073 I/chatty  ( 2334): uid=10062(com.facebook.wearable.system.selfcare) MainTP_58 expire 1 line
11-19 17:17:09.112 E/SelfCareDataCloudSyncWorker( 2334): Failed to get access token
11-19 17:17:09.112 E/SelfCareDataCloudSyncWorker( 2334): kotlinx.coroutines.JobCancellationException: Job was cancelled; job=JobImpl{Cancelling}@2cbf13d
11-19 17:17:09.112 I/WM-WorkerWrapper( 2334): Work [ id=57f248e9-27c9-4baa-bcea-f98e3ece0d1a, tags={ com.facebook.wearable.system.selfcare.cloudsync.SelfCareDataCloudSyncWorker } ] was cancelled
11-19 17:17:09.112 I/WM-WorkerWrapper( 2334): java.util.concurrent.CancellationException: Task was cancelled.
11-19 17:17:09.112 I/WM-WorkerWrapper( 2334): 	at androidx.work.impl.utils.futures.AbstractFuture.getDoneValue(:32)
11-19 17:17:09.112 I/WM-WorkerWrapper( 2334): 	at androidx.work.impl.utils.futures.AbstractFuture.get(:268435546)
11-19 17:17:09.112 I/WM-WorkerWrapper( 2334): 	at androidx.work.impl.WorkerWrapper$2.run(:3)
11-19 17:17:09.112 I/WM-WorkerWrapper( 2334): 	at androidx.work.impl.utils.SerialExecutor$Task.run(:2)
11-19 17:17:09.112 I/WM-WorkerWrapper( 2334): 	at java.util.concurrent.ThreadPoolExecutor.runWorker(ThreadPoolExecutor.java:1167)
11-19 17:17:09.112 I/WM-WorkerWrapper( 2334): 	at java.util.concurrent.ThreadPoolExecutor$Worker.run(ThreadPoolExecutor.java:641)
11-19 17:17:09.112 I/WM-WorkerWrapper( 2334): 	at java.lang.Thread.run(Thread.java:923)
11-19 17:17:09.238 D/SettingsSDK::SyncHelper( 2334): Read setting com.facebook.wearable.sdk.selfcare:SELFCARE_SERVICE_ENABLED from persistent cache
11-19 17:17:09.238 D/FacebookRepository( 2334): Reading from Store [906581286488774]
11-19 17:17:09.271 E/SelfCareDataCloudSyncWorker( 2334): Failed to get access token
11-19 17:17:09.271 E/SelfCareDataCloudSyncWorker( 2334): kotlinx.coroutines.JobCancellationException: Job was cancelled; job=JobImpl{Cancelling}@a793a7e
11-19 17:17:09.271 I/WM-WorkerWrapper( 2334): Work [ id=57f248e9-27c9-4baa-bcea-f98e3ece0d1a, tags={ com.facebook.wearable.system.selfcare.cloudsync.SelfCareDataCloudSyncWorker } ] was cancelled
11-19 17:17:09.271 I/WM-WorkerWrapper( 2334): java.util.concurrent.CancellationException: Task was cancelled.
11-19 17:17:09.271 I/WM-WorkerWrapper( 2334): 	at androidx.work.impl.utils.futures.AbstractFuture.getDoneValue(:32)
11-19 17:17:09.271 I/WM-WorkerWrapper( 2334): 	at androidx.work.impl.utils.futures.AbstractFuture.get(:268435546)
11-19 17:17:09.271 I/WM-WorkerWrapper( 2334): 	at androidx.work.impl.WorkerWrapper$2.run(:3)
11-19 17:17:09.271 I/WM-WorkerWrapper( 2334): 	at androidx.work.impl.utils.SerialExecutor$Task.run(:2)
11-19 17:17:09.271 I/WM-WorkerWrapper( 2334): 	at java.util.concurrent.ThreadPoolExecutor.runWorker(ThreadPoolExecutor.java:1167)
11-19 17:17:09.271 I/WM-WorkerWrapper( 2334): 	at java.util.concurrent.ThreadPoolExecutor$Worker.run(ThreadPoolExecutor.java:641)
11-19 17:17:09.271 I/WM-WorkerWrapper( 2334): 	at java.lang.Thread.run(Thread.java:923)
11-19 17:17:09.357 W/HWComposer(  598): Ignoring duplicate VSYNC event from HWC for display 0 (t=5317083238439)
11-19 17:17:09.374 W/HWComposer(  598): Ignoring duplicate VSYNC event from HWC for display 0 (t=5317100118386)
11-19 17:17:09.383 D/SettingsSDK::SyncHelper( 2334): Read setting com.facebook.wearable.sdk.selfcare:SELFCARE_SERVICE_ENABLED from persistent cache
11-19 17:17:09.384 D/FacebookRepository( 2334): Reading from Store [906581286488774]
11-19 17:17:09.432 E/SelfCareDataCloudSyncWorker( 2334): Failed to get access token
11-19 17:17:09.432 E/SelfCareDataCloudSyncWorker( 2334): kotlinx.coroutines.JobCancellationException: Job was cancelled; job=JobImpl{Cancelling}@7186171
11-19 17:17:09.432 I/WM-WorkerWrapper( 2334): Work [ id=57f248e9-27c9-4baa-bcea-f98e3ece0d1a, tags={ com.facebook.wearable.system.selfcare.cloudsync.SelfCareDataCloudSyncWorker } ] was cancelled
11-19 17:17:09.432 I/WM-WorkerWrapper( 2334): java.util.concurrent.CancellationException: Task was cancelled.
11-19 17:17:09.432 I/WM-WorkerWrapper( 2334): 	at androidx.work.impl.utils.futures.AbstractFuture.getDoneValue(:32)
11-19 17:17:09.432 I/WM-WorkerWrapper( 2334): 	at androidx.work.impl.utils.futures.AbstractFuture.get(:268435546)
11-19 17:17:09.432 I/WM-WorkerWrapper( 2334): 	at androidx.work.impl.WorkerWrapper$2.run(:3)
11-19 17:17:09.432 I/WM-WorkerWrapper( 2334): 	at androidx.work.impl.utils.SerialExecutor$Task.run(:2)
11-19 17:17:09.432 I/WM-WorkerWrapper( 2334): 	at java.util.concurrent.ThreadPoolExecutor.runWorker(ThreadPoolExecutor.java:1167)
11-19 17:17:09.432 I/WM-WorkerWrapper( 2334): 	at java.util.concurrent.ThreadPoolExecutor$Worker.run(ThreadPoolExecutor.java:641)
11-19 17:17:09.432 I/WM-WorkerWrapper( 2334): 	at java.lang.Thread.run(Thread.java:923)
11-19 17:17:09.537 D/SettingsSDK::SyncHelper( 2334): Read setting com.facebook.wearable.sdk.selfcare:SELFCARE_SERVICE_ENABLED from persistent cache
11-19 17:17:09.538 D/FacebookRepository( 2334): Reading from Store [906581286488774]
11-19 17:17:09.571 E/SelfCareDataCloudSyncWorker( 2334): Failed to get access token
11-19 17:17:09.571 E/SelfCareDataCloudSyncWorker( 2334): kotlinx.coroutines.JobCancellationException: Job was cancelled; job=JobImpl{Cancelling}@20f4a73
11-19 17:17:09.571 I/WM-WorkerWrapper( 2334): Work [ id=57f248e9-27c9-4baa-bcea-f98e3ece0d1a, tags={ com.facebook.wearable.system.selfcare.cloudsync.SelfCareDataCloudSyncWorker } ] was cancelled
11-19 17:17:09.571 I/WM-WorkerWrapper( 2334): java.util.concurrent.CancellationException: Task was cancelled.
11-19 17:17:09.571 I/WM-WorkerWrapper( 2334): 	at androidx.work.impl.utils.futures.AbstractFuture.getDoneValue(:32)
11-19 17:17:09.571 I/WM-WorkerWrapper( 2334): 	at androidx.work.impl.utils.futures.AbstractFuture.get(:268435546)
11-19 17:17:09.571 I/WM-WorkerWrapper( 2334): 	at androidx.work.impl.WorkerWrapper$2.run(:3)
11-19 17:17:09.571 I/WM-WorkerWrapper( 2334): 	at androidx.work.impl.utils.SerialExecutor$Task.run(:2)
11-19 17:17:09.571 I/WM-WorkerWrapper( 2334): 	at java.util.concurrent.ThreadPoolExecutor.runWorker(ThreadPoolExecutor.java:1167)
11-19 17:17:09.571 I/WM-WorkerWrapper( 2334): 	at java.util.concurrent.ThreadPoolExecutor$Worker.run(ThreadPoolExecutor.java:641)
11-19 17:17:09.571 I/WM-WorkerWrapper( 2334): 	at java.lang.Thread.run(Thread.java:923)
11-19 17:17:09.691 D/SettingsSDK::SyncHelper( 2334): Read setting com.facebook.wearable.sdk.selfcare:SELFCARE_SERVICE_ENABLED from persistent cache
11-19 17:17:09.692 D/FacebookRepository( 2334): Reading from Store [906581286488774]
11-19 17:17:09.723 E/SelfCareDataCloudSyncWorker( 2334): Failed to get access token
11-19 17:17:09.723 E/SelfCareDataCloudSyncWorker( 2334): kotlinx.coroutines.JobCancellationException: Job was cancelled; job=JobImpl{Cancelling}@91f9b65
11-19 17:17:09.723 I/WM-WorkerWrapper( 2334): Work [ id=57f248e9-27c9-4baa-bcea-f98e3ece0d1a, tags={ com.facebook.wearable.system.selfcare.cloudsync.SelfCareDataCloudSyncWorker } ] was cancelled
11-19 17:17:09.723 I/WM-WorkerWrapper( 2334): java.util.concurrent.CancellationException: Task was cancelled.
11-19 17:17:09.723 I/WM-WorkerWrapper( 2334): 	at androidx.work.impl.utils.futures.AbstractFuture.getDoneValue(:32)
11-19 17:17:09.723 I/WM-WorkerWrapper( 2334): 	at androidx.work.impl.utils.futures.AbstractFuture.get(:268435546)
11-19 17:17:09.723 I/WM-WorkerWrapper( 2334): 	at androidx.work.impl.WorkerWrapper$2.run(:3)
11-19 17:17:09.723 I/WM-WorkerWrapper( 2334): 	at androidx.work.impl.utils.SerialExecutor$Task.run(:2)
11-19 17:17:09.723 I/WM-WorkerWrapper( 2334): 	at java.util.concurrent.ThreadPoolExecutor.runWorker(ThreadPoolExecutor.java:1167)
11-19 17:17:09.723 I/WM-WorkerWrapper( 2334): 	at java.util.concurrent.ThreadPoolExecutor$Worker.run(ThreadPoolExecutor.java:641)
11-19 17:17:09.723 I/WM-WorkerWrapper( 2334): 	at java.lang.Thread.run(Thread.java:923)
11-19 17:17:09.853 D/SettingsSDK::SyncHelper( 2334): Read setting com.facebook.wearable.sdk.selfcare:SELFCARE_SERVICE_ENABLED from persistent cache
11-19 17:17:09.853 D/FacebookRepository( 2334): Reading from Store [906581286488774]
11-19 17:17:09.883 E/SelfCareDataCloudSyncWorker( 2334): Failed to get access token
11-19 17:17:09.883 E/SelfCareDataCloudSyncWorker( 2334): kotlinx.coroutines.JobCancellationException: Job was cancelled; job=JobImpl{Cancelling}@97894c7
11-19 17:17:09.884 I/WM-WorkerWrapper( 2334): Work [ id=57f248e9-27c9-4baa-bcea-f98e3ece0d1a, tags={ com.facebook.wearable.system.selfcare.cloudsync.SelfCareDataCloudSyncWorker } ] was cancelled
11-19 17:17:09.884 I/WM-WorkerWrapper( 2334): java.util.concurrent.CancellationException: Task was cancelled.
11-19 17:17:09.884 I/WM-WorkerWrapper( 2334): 	at androidx.work.impl.utils.futures.AbstractFuture.getDoneValue(:32)
11-19 17:17:09.884 I/WM-WorkerWrapper( 2334): 	at androidx.work.impl.utils.futures.AbstractFuture.get(:268435546)
11-19 17:17:09.884 I/WM-WorkerWrapper( 2334): 	at androidx.work.impl.WorkerWrapper$2.run(:3)
11-19 17:17:09.884 I/WM-WorkerWrapper( 2334): 	at androidx.work.impl.utils.SerialExecutor$Task.run(:2)
11-19 17:17:09.884 I/WM-WorkerWrapper( 2334): 	at java.util.concurrent.ThreadPoolExecutor.runWorker(ThreadPoolExecutor.java:1167)
11-19 17:17:09.884 I/WM-WorkerWrapper( 2334): 	at java.util.concurrent.ThreadPoolExecutor$Worker.run(ThreadPoolExecutor.java:641)
11-19 17:17:09.884 I/WM-WorkerWrapper( 2334): 	at java.lang.Thread.run(Thread.java:923)
11-19 17:17:10.009 D/SettingsSDK::SyncHelper( 2334): Read setting com.facebook.wearable.sdk.selfcare:SELFCARE_SERVICE_ENABLED from persistent cache
11-19 17:17:10.009 D/FacebookRepository( 2334): Reading from Store [906581286488774]
11-19 17:17:10.043 E/SelfCareDataCloudSyncWorker( 2334): Failed to get access token
11-19 17:17:10.043 E/SelfCareDataCloudSyncWorker( 2334): kotlinx.coroutines.JobCancellationException: Job was cancelled; job=JobImpl{Cancelling}@2fb7319
11-19 17:17:10.043 I/WM-WorkerWrapper( 2334): Work [ id=57f248e9-27c9-4baa-bcea-f98e3ece0d1a, tags={ com.facebook.wearable.system.selfcare.cloudsync.SelfCareDataCloudSyncWorker } ] was cancelled
11-19 17:17:10.043 I/WM-WorkerWrapper( 2334): java.util.concurrent.CancellationException: Task was cancelled.
11-19 17:17:10.043 I/WM-WorkerWrapper( 2334): 	at androidx.work.impl.utils.futures.AbstractFuture.getDoneValue(:32)
11-19 17:17:10.043 I/WM-WorkerWrapper( 2334): 	at androidx.work.impl.utils.futures.AbstractFuture.get(:268435546)
11-19 17:17:10.043 I/WM-WorkerWrapper( 2334): 	at androidx.work.impl.WorkerWrapper$2.run(:3)
11-19 17:17:10.043 I/WM-WorkerWrapper( 2334): 	at androidx.work.impl.utils.SerialExecutor$Task.run(:2)
11-19 17:17:10.043 I/WM-WorkerWrapper( 2334): 	at java.util.concurrent.ThreadPoolExecutor.runWorker(ThreadPoolExecutor.java:1167)
11-19 17:17:10.043 I/WM-WorkerWrapper( 2334): 	at java.util.concurrent.ThreadPoolExecutor$Worker.run(ThreadPoolExecutor.java:641)
11-19 17:17:10.043 I/WM-WorkerWrapper( 2334): 	at java.lang.Thread.run(Thread.java:923)
11-19 17:17:10.179 D/SettingsSDK::SyncHelper( 2334): Read setting com.facebook.wearable.sdk.selfcare:SELFCARE_SERVICE_ENABLED from persistent cache
11-19 17:17:10.179 D/FacebookRepository( 2334): Reading from Store [906581286488774]
11-19 17:17:10.184 W/HWComposer(  598): Ignoring duplicate VSYNC event from HWC for display 0 (t=5317909792084)
11-19 17:17:10.207 E/SelfCareDataCloudSyncWorker( 2334): Failed to get access token
11-19 17:17:10.207 E/SelfCareDataCloudSyncWorker( 2334): kotlinx.coroutines.JobCancellationException: Job was cancelled; job=JobImpl{Cancelling}@1ad0bea
11-19 17:17:10.209 I/WM-WorkerWrapper( 2334): Work [ id=57f248e9-27c9-4baa-bcea-f98e3ece0d1a, tags={ com.facebook.wearable.system.selfcare.cloudsync.SelfCareDataCloudSyncWorker } ] was cancelled
11-19 17:17:10.209 I/WM-WorkerWrapper( 2334): java.util.concurrent.CancellationException: Task was cancelled.
11-19 17:17:10.209 I/WM-WorkerWrapper( 2334): 	at androidx.work.impl.utils.futures.AbstractFuture.getDoneValue(:32)
11-19 17:17:10.209 I/WM-WorkerWrapper( 2334): 	at androidx.work.impl.utils.futures.AbstractFuture.get(:268435546)
11-19 17:17:10.209 I/WM-WorkerWrapper( 2334): 	at androidx.work.impl.WorkerWrapper$2.run(:3)
11-19 17:17:10.209 I/WM-WorkerWrapper( 2334): 	at androidx.work.impl.utils.SerialExecutor$Task.run(:2)
11-19 17:17:10.209 I/WM-WorkerWrapper( 2334): 	at java.util.concurrent.ThreadPoolExecutor.runWorker(ThreadPoolExecutor.java:1167)
11-19 17:17:10.209 I/WM-WorkerWrapper( 2334): 	at java.util.concurrent.ThreadPoolExecutor$Worker.run(ThreadPoolExecutor.java:641)
11-19 17:17:10.209 I/WM-WorkerWrapper( 2334): 	at java.lang.Thread.run(Thread.java:923)
11-19 17:17:10.307 D/SettingsSDK::SyncHelper( 2334): Read setting com.facebook.wearable.sdk.selfcare:SELFCARE_SERVICE_ENABLED from persistent cache
11-19 17:17:10.307 D/FacebookRepository( 2334): Reading from Store [906581286488774]
11-19 17:17:10.336 E/SelfCareDataCloudSyncWorker( 2334): Failed to get access token
11-19 17:17:10.336 E/SelfCareDataCloudSyncWorker( 2334): kotlinx.coroutines.JobCancellationException: Job was cancelled; job=JobImpl{Cancelling}@75d7c8d
11-19 17:17:10.336 I/WM-WorkerWrapper( 2334): Work [ id=57f248e9-27c9-4baa-bcea-f98e3ece0d1a, tags={ com.facebook.wearable.system.selfcare.cloudsync.SelfCareDataCloudSyncWorker } ] was cancelled
11-19 17:17:10.336 I/WM-WorkerWrapper( 2334): java.util.concurrent.CancellationException: Task was cancelled.
11-19 17:17:10.336 I/WM-WorkerWrapper( 2334): 	at androidx.work.impl.utils.futures.AbstractFuture.getDoneValue(:32)
11-19 17:17:10.336 I/WM-WorkerWrapper( 2334): 	at androidx.work.impl.utils.futures.AbstractFuture.get(:268435546)
11-19 17:17:10.336 I/WM-WorkerWrapper( 2334): 	at androidx.work.impl.WorkerWrapper$2.run(:3)
11-19 17:17:10.336 I/WM-WorkerWrapper( 2334): 	at androidx.work.impl.utils.SerialExecutor$Task.run(:2)
11-19 17:17:10.336 I/WM-WorkerWrapper( 2334): 	at java.util.concurrent.ThreadPoolExecutor.runWorker(ThreadPoolExecutor.java:1167)
11-19 17:17:10.336 I/WM-WorkerWrapper( 2334): 	at java.util.concurrent.ThreadPoolExecutor$Worker.run(ThreadPoolExecutor.java:641)
11-19 17:17:10.336 I/WM-WorkerWrapper( 2334): 	at java.lang.Thread.run(Thread.java:923)
11-19 17:17:10.446 D/SettingsSDK::SyncHelper( 2334): Read setting com.facebook.wearable.sdk.selfcare:SELFCARE_SERVICE_ENABLED from persistent cache
11-19 17:17:10.446 D/FacebookRepository( 2334): Reading from Store [906581286488774]
11-19 17:17:10.477 E/SelfCareDataCloudSyncWorker( 2334): Failed to get access token
11-19 17:17:10.477 E/SelfCareDataCloudSyncWorker( 2334): kotlinx.coroutines.JobCancellationException: Job was cancelled; job=JobImpl{Cancelling}@18d2caf
11-19 17:17:10.477 I/WM-WorkerWrapper( 2334): Work [ id=57f248e9-27c9-4baa-bcea-f98e3ece0d1a, tags={ com.facebook.wearable.system.selfcare.cloudsync.SelfCareDataCloudSyncWorker } ] was cancelled
11-19 17:17:10.477 I/WM-WorkerWrapper( 2334): java.util.concurrent.CancellationException: Task was cancelled.
11-19 17:17:10.477 I/WM-WorkerWrapper( 2334): 	at androidx.work.impl.utils.futures.AbstractFuture.getDoneValue(:32)
11-19 17:17:10.477 I/WM-WorkerWrapper( 2334): 	at androidx.work.impl.utils.futures.AbstractFuture.get(:268435546)
11-19 17:17:10.477 I/WM-WorkerWrapper( 2334): 	at androidx.work.impl.WorkerWrapper$2.run(:3)
11-19 17:17:10.477 I/WM-WorkerWrapper( 2334): 	at androidx.work.impl.utils.SerialExecutor$Task.run(:2)
11-19 17:17:10.477 I/WM-WorkerWrapper( 2334): 	at java.util.concurrent.ThreadPoolExecutor.runWorker(ThreadPoolExecutor.java:1167)
11-19 17:17:10.477 I/WM-WorkerWrapper( 2334): 	at java.util.concurrent.ThreadPoolExecutor$Worker.run(ThreadPoolExecutor.java:641)
11-19 17:17:10.477 I/WM-WorkerWrapper( 2334): 	at java.lang.Thread.run(Thread.java:923)
11-19 17:17:10.607 D/SettingsSDK::SyncHelper( 2334): Read setting com.facebook.wearable.sdk.selfcare:SELFCARE_SERVICE_ENABLED from persistent cache
11-19 17:17:10.608 D/FacebookRepository( 2334): Reading from Store [906581286488774]
11-19 17:17:10.638 E/SelfCareDataCloudSyncWorker( 2334): Failed to get access token
11-19 17:17:10.638 E/SelfCareDataCloudSyncWorker( 2334): kotlinx.coroutines.JobCancellationException: Job was cancelled; job=JobImpl{Cancelling}@2030bc1
11-19 17:17:10.638 I/WM-WorkerWrapper( 2334): Work [ id=57f248e9-27c9-4baa-bcea-f98e3ece0d1a, tags={ com.facebook.wearable.system.selfcare.cloudsync.SelfCareDataCloudSyncWorker } ] was cancelled
11-19 17:17:10.638 I/WM-WorkerWrapper( 2334): java.util.concurrent.CancellationException: Task was cancelled.
11-19 17:17:10.638 I/WM-WorkerWrapper( 2334): 	at androidx.work.impl.utils.futures.AbstractFuture.getDoneValue(:32)
11-19 17:17:10.638 I/WM-WorkerWrapper( 2334): 	at androidx.work.impl.utils.futures.AbstractFuture.get(:268435546)
11-19 17:17:10.638 I/WM-WorkerWrapper( 2334): 	at androidx.work.impl.WorkerWrapper$2.run(:3)
11-19 17:17:10.638 I/WM-WorkerWrapper( 2334): 	at androidx.work.impl.utils.SerialExecutor$Task.run(:2)
11-19 17:17:10.638 I/WM-WorkerWrapper( 2334): 	at java.util.concurrent.ThreadPoolExecutor.runWorker(ThreadPoolExecutor.java:1167)
11-19 17:17:10.638 I/WM-WorkerWrapper( 2334): 	at java.util.concurrent.ThreadPoolExecutor$Worker.run(ThreadPoolExecutor.java:641)
11-19 17:17:10.638 I/WM-WorkerWrapper( 2334): 	at java.lang.Thread.run(Thread.java:923)
11-19 17:17:10.745 D/ConnectivityService( 1186): handleLingerComplete for [101 CELLULAR]
11-19 17:17:10.760 D/UIAutomatorStub( 5940): URI: /jsonrpc/0, Method: POST, Header: {content-length=229, remote-addr=127.0.0.1, http-client-ip=127.0.0.1, host=localhost:9012, content-type=application/json, accept-encoding=identity}, params, {NanoHttpd.QUERY_STRING=null}, files: {postData={"jsonrpc": "2.0", "method": "objInfo", "id": "caee93f38568244134673304648b1f25", "params": [{"mask": 2097152, "childOrSibling": [], "childOrSiblingSelector": [], "resourceId": "com.facebook.wearable.system.settings:id/toggle"}]}}
11-19 17:17:10.774 D/SettingsSDK::SyncHelper( 2334): Read setting com.facebook.wearable.sdk.selfcare:SELFCARE_SERVICE_ENABLED from persistent cache
11-19 17:17:10.775 D/FacebookRepository( 2334): Reading from Store [906581286488774]
11-19 17:17:10.800 D/QCNEJ/WwanInfoRelay( 1907): onCapabilitiesChanged: 101 [ Transports: CELLULAR Capabilities: MMS&SUPL&FOTA&INTERNET&NOT_RESTRICTED&TRUSTED&NOT_VPN&VALIDATED&NOT_ROAMING&NOT_CONGESTED&NOT_SUSPENDED LinkUpBandwidth>=15000Kbps LinkDnBandwidth>=30000Kbps Specifier: <TelephonyNetworkSpecifier [mSubId = 1]> AdministratorUids: [] RequestorUid: -1 RequestorPackageName: null]
11-19 17:17:10.802 I/QCNEJ/WwanInfoRelay( 1907): cacheWwanInfo subId = 1 phoneId = 0 slotId = 0
11-19 17:17:10.804 E/SelfCareDataCloudSyncWorker( 2334): Failed to get access token
11-19 17:17:10.804 E/SelfCareDataCloudSyncWorker( 2334): kotlinx.coroutines.JobCancellationException: Job was cancelled; job=JobImpl{Cancelling}@313abf2
11-19 17:17:10.805 I/WM-WorkerWrapper( 2334): Work [ id=57f248e9-27c9-4baa-bcea-f98e3ece0d1a, tags={ com.facebook.wearable.system.selfcare.cloudsync.SelfCareDataCloudSyncWorker } ] was cancelled
11-19 17:17:10.805 I/WM-WorkerWrapper( 2334): java.util.concurrent.CancellationException: Task was cancelled.
11-19 17:17:10.805 I/WM-WorkerWrapper( 2334): 	at androidx.work.impl.utils.futures.AbstractFuture.getDoneValue(:32)
11-19 17:17:10.805 I/WM-WorkerWrapper( 2334): 	at androidx.work.impl.utils.futures.AbstractFuture.get(:268435546)
11-19 17:17:10.805 I/WM-WorkerWrapper( 2334): 	at androidx.work.impl.WorkerWrapper$2.run(:3)
11-19 17:17:10.805 I/WM-WorkerWrapper( 2334): 	at androidx.work.impl.utils.SerialExecutor$Task.run(:2)
11-19 17:17:10.805 I/WM-WorkerWrapper( 2334): 	at java.util.concurrent.ThreadPoolExecutor.runWorker(ThreadPoolExecutor.java:1167)
11-19 17:17:10.805 I/WM-WorkerWrapper( 2334): 	at java.util.concurrent.ThreadPoolExecutor$Worker.run(ThreadPoolExecutor.java:641)
11-19 17:17:10.805 I/WM-WorkerWrapper( 2334): 	at java.lang.Thread.run(Thread.java:923)
11-19 17:17:10.880 D/UIAutomatorStub( 5940): URI: /jsonrpc/0, Method: POST, Header: {content-length=227, remote-addr=127.0.0.1, http-client-ip=127.0.0.1, host=localhost:9012, content-type=application/json, accept-encoding=identity}, params, {NanoHttpd.QUERY_STRING=null}, files: {postData={"jsonrpc": "2.0", "method": "click", "id": "e8ff9603c6b7fa1b67c31fb533412ecc", "params": [{"mask": 2097152, "childOrSibling": [], "childOrSiblingSelector": [], "resourceId": "com.facebook.wearable.system.settings:id/toggle"}]}}
11-19 17:17:10.922 D/WifiSharingService( 2870): Setting Wi-Fi enabled state
11-19 17:17:10.923 I/WifiService( 1186): setWifiEnabled package=com.facebook.wearable.system.connectivity uid=1000 enable=false
11-19 17:17:10.925 D/WifiActiveModeWarden( 1186): Switching all client mode managers
11-19 17:17:10.926 D/QCNEJ/WlanStaInfoRelay( 1907): onChange for uri = content://settings/global/wifi_on
11-19 17:17:10.928 D/BluetoothAdapterService( 1710): android.net.wifi.WIFI_STATE_CHANGED
11-19 17:17:10.930 D/WifiP2pService( 1186): Wifi enabled=false, P2P Interface availability=true
11-19 17:17:10.931 E/QMI_FW  (  915): qmi_cci_get_ref: ref count increased 2
11-19 17:17:10.932 D/WifiP2pNative( 1186): Teardown P2P interface
11-19 17:17:10.938 D/WifiP2pService( 1186): Wifi enabled=false, P2P Interface availability=true
11-19 17:17:10.939 W/ContextImpl( 1186): Calling a method in the system process without a qualified user: android.app.ContextImpl.sendBroadcastMultiplePermissions:1143 android.content.Context.sendBroadcastWithMultiplePermissions:2150 com.android.server.display.WifiDisplayAdapter.handleSendStatusChangeBroadcast:440 com.android.server.display.WifiDisplayAdapter.access$1700:63 com.android.server.display.WifiDisplayAdapter$WifiDisplayHandler.handleMessage:675 
11-19 17:17:10.941 D/WifiClientModeManager0( 1186): IMS not registered over IWLAN for subId: 1
11-19 17:17:10.942 D/WifiClientModeManager0( 1186): The target role 5
11-19 17:17:10.960 W/HWComposer(  598): Ignoring duplicate VSYNC event from HWC for display 0 (t=5318685746459)
11-19 17:17:10.973 I/android_os_HwBinder( 1186): HwBinder: Starting thread pool for getting: android.hardware.wifi.supplicant@1.0::ISupplicant/default
11-19 17:17:10.974 I/wpa_supplicant( 9350): p2p0: Do not deauthenticate as part of interface deinit since WoWLAN is enabled
11-19 17:17:11.039 E/wpa_supplicant( 9350): eap_proxy: pthread_join on eap_proxy=0x5919fa8
11-19 17:17:11.039 E/wpa_supplicant( 9350): eap_proxy: session not started for client = 1
11-19 17:17:11.039 E/QMI_FW  ( 9350): qmi_cci_get_ref: ref count increased 2
11-19 17:17:11.039 E/QMI_FW  ( 9350): qmi_cci_get_ref: ref count increased 2
11-19 17:17:11.041 E/wpa_supplicant( 9350): eap_proxy: Released QMI UIM service client
11-19 17:17:11.041 E/QMI_FW  ( 9350): qmi_cci_get_ref: ref count increased 2
11-19 17:17:11.041 E/QMI_FW  ( 9350): qmi_cci_get_ref: ref count increased 2
11-19 17:17:11.042 E/wpa_supplicant( 9350): eap_proxy: Released QMI EAP service client
11-19 17:17:11.042 E/wpa_supplicant( 9350): eap_proxy: session not started for client = 2
11-19 17:17:11.042 E/QMI_FW  ( 9350): qmi_cci_get_ref: ref count increased 2
11-19 17:17:11.042 E/QMI_FW  ( 9350): qmi_cci_get_ref: ref count increased 2
11-19 17:17:11.043 E/wpa_supplicant( 9350): eap_proxy: Released QMI UIM service client
11-19 17:17:11.043 E/QMI_FW  ( 9350): qmi_cci_get_ref: ref count increased 2
11-19 17:17:11.043 E/QMI_FW  ( 9350): qmi_cci_get_ref: ref count increased 2
11-19 17:17:11.043 E/wpa_supplicant( 9350): eap_proxy: Released QMI EAP service client
11-19 17:17:11.043 I/wpa_supplicant( 9350): eap_proxy: eap_proxy Deinitialzed
11-19 17:17:11.068 I/wpa_supplicant( 9350): nl80211: deinit ifname=p2p0 disabled_11b_rates=0
11-19 17:17:11.070 D/SettingsSDK::SyncHelper( 2334): Read setting com.facebook.wearable.sdk.selfcare:SELFCARE_SERVICE_ENABLED from persistent cache
11-19 17:17:11.070 D/FacebookRepository( 2334): Reading from Store [906581286488774]
11-19 17:17:11.096 E/SelfCareDataCloudSyncWorker( 2334): Failed to get access token
11-19 17:17:11.096 E/SelfCareDataCloudSyncWorker( 2334): kotlinx.coroutines.JobCancellationException: Job was cancelled; job=JobImpl{Cancelling}@9a898ec
11-19 17:17:11.096 I/WM-WorkerWrapper( 2334): Work [ id=57f248e9-27c9-4baa-bcea-f98e3ece0d1a, tags={ com.facebook.wearable.system.selfcare.cloudsync.SelfCareDataCloudSyncWorker } ] was cancelled
11-19 17:17:11.096 I/WM-WorkerWrapper( 2334): java.util.concurrent.CancellationException: Task was cancelled.
11-19 17:17:11.096 I/WM-WorkerWrapper( 2334): 	at androidx.work.impl.utils.futures.AbstractFuture.getDoneValue(:32)
11-19 17:17:11.096 I/WM-WorkerWrapper( 2334): 	at androidx.work.impl.utils.futures.AbstractFuture.get(:268435546)
11-19 17:17:11.096 I/WM-WorkerWrapper( 2334): 	at androidx.work.impl.WorkerWrapper$2.run(:3)
11-19 17:17:11.096 I/WM-WorkerWrapper( 2334): 	at androidx.work.impl.utils.SerialExecutor$Task.run(:2)
11-19 17:17:11.096 I/WM-WorkerWrapper( 2334): 	at java.util.concurrent.ThreadPoolExecutor.runWorker(ThreadPoolExecutor.java:1167)
11-19 17:17:11.096 I/WM-WorkerWrapper( 2334): 	at java.util.concurrent.ThreadPoolExecutor$Worker.run(ThreadPoolExecutor.java:641)
11-19 17:17:11.096 I/WM-WorkerWrapper( 2334): 	at java.lang.Thread.run(Thread.java:923)
11-19 17:17:11.135 D/LOWI-9.0.0.80( 1026): [LOWINetlinkSocketReceiver] unpackRTMLinkMessage: RTM_NEWLINK - ifname p2p0, flags 0x1003 ([UP])
11-19 17:17:11.156 D/commandrouter( 1006): rtc_sync (1, rtc:sync): <ServiceRequest> FORWARDED (remote -> local) service client ID = 0, token ID = 33295
11-19 17:17:11.156 D/vendor.facebook.rtc_sync@1.0-service( 1145): Request req_ts=1637342231149312359 resp_ts=1637342231156860376
11-19 17:17:11.157 D/commandrouter( 1006): SocServiceHandle::onServiceMessage, SoC Service = rtc_sync, appType = 1, type = SVC_RESP, clientId = 0, token = 33295, payloadLen = 8, result = 0, payload.size() = 8
11-19 17:17:11.180 D/LOWI-9.0.0.80( 1026): [LOWINetlinkSocketReceiver] unpackRTMLinkMessage: RTM_NEWLINK - ifname p2p0, flags 0x1002 ()
11-19 17:17:11.189 D/LOWI-9.0.0.80( 1026): [LOWINetlinkSocketReceiver] unpackRTMLinkMessage: RTM_NEWLINK - ifname p2p0, flags 0x1002 ()
11-19 17:17:11.195 I/wpa_supplicant( 9350): Try to unregister vendor p2 interface
11-19 17:17:11.202 I/WifiP2pNative( 1186): P2P interface teardown completed
11-19 17:17:11.203 D/WifiP2pNative( 1186): P2P InterfaceDestroyedListener p2p0
11-19 17:17:11.203 D/WifiP2pNative( 1186): Ignoring stale interface destroyed listener
11-19 17:17:11.203 D/WifiP2pNative( 1186): P2P InterfaceAvailableListener true
11-19 17:17:11.203 D/WifiP2pService( 1186): Wifi enabled=false, P2P Interface availability=true
11-19 17:17:11.207 I/wpa_supplicant( 9350): wlan0: Do not deauthenticate as part of interface deinit since WoWLAN is enabled
11-19 17:17:11.223 D/SettingsSDK::SyncHelper( 2334): Read setting com.facebook.wearable.sdk.selfcare:SELFCARE_SERVICE_ENABLED from persistent cache
11-19 17:17:11.224 D/FacebookRepository( 2334): Reading from Store [906581286488774]
11-19 17:17:11.244 I/wpa_supplicant( 9350): Try to unregister vendor STA network
11-19 17:17:11.252 E/wpa_supplicant( 9350): eap_proxy: pthread_join on eap_proxy=0x5919eac
11-19 17:17:11.252 E/wpa_supplicant( 9350): eap_proxy: session not started for client = 1
11-19 17:17:11.252 E/QMI_FW  ( 9350): qmi_cci_get_ref: ref count increased 2
11-19 17:17:11.252 E/QMI_FW  ( 9350): qmi_cci_get_ref: ref count increased 2
11-19 17:17:11.253 E/wpa_supplicant( 9350): eap_proxy: Released QMI UIM service client
11-19 17:17:11.253 E/QMI_FW  ( 9350): qmi_cci_get_ref: ref count increased 2
11-19 17:17:11.253 E/QMI_FW  ( 9350): qmi_cci_get_ref: ref count increased 2
11-19 17:17:11.254 E/wpa_supplicant( 9350): eap_proxy: Released QMI EAP service client
11-19 17:17:11.254 E/wpa_supplicant( 9350): eap_proxy: session not started for client = 2
11-19 17:17:11.254 E/QMI_FW  ( 9350): qmi_cci_get_ref: ref count increased 2
11-19 17:17:11.254 E/QMI_FW  ( 9350): qmi_cci_get_ref: ref count increased 2
11-19 17:17:11.255 E/wpa_supplicant( 9350): eap_proxy: Released QMI UIM service client
11-19 17:17:11.255 E/QMI_FW  ( 9350): qmi_cci_get_ref: ref count increased 2
11-19 17:17:11.255 E/QMI_FW  ( 9350): qmi_cci_get_ref: ref count increased 2
11-19 17:17:11.255 E/wpa_supplicant( 9350): eap_proxy: Released QMI EAP service client
11-19 17:17:11.255 I/wpa_supplicant( 9350): eap_proxy: eap_proxy Deinitialzed
11-19 17:17:11.267 E/SelfCareDataCloudSyncWorker( 2334): Failed to get access token
11-19 17:17:11.267 E/SelfCareDataCloudSyncWorker( 2334): kotlinx.coroutines.JobCancellationException: Job was cancelled; job=JobImpl{Cancelling}@1e40e16
11-19 17:17:11.267 I/WM-WorkerWrapper( 2334): Work [ id=57f248e9-27c9-4baa-bcea-f98e3ece0d1a, tags={ com.facebook.wearable.system.selfcare.cloudsync.SelfCareDataCloudSyncWorker } ] was cancelled
11-19 17:17:11.267 I/WM-WorkerWrapper( 2334): java.util.concurrent.CancellationException: Task was cancelled.
11-19 17:17:11.267 I/WM-WorkerWrapper( 2334): 	at androidx.work.impl.utils.futures.AbstractFuture.getDoneValue(:32)
11-19 17:17:11.267 I/WM-WorkerWrapper( 2334): 	at androidx.work.impl.utils.futures.AbstractFuture.get(:268435546)
11-19 17:17:11.267 I/WM-WorkerWrapper( 2334): 	at androidx.work.impl.WorkerWrapper$2.run(:3)
11-19 17:17:11.267 I/WM-WorkerWrapper( 2334): 	at androidx.work.impl.utils.SerialExecutor$Task.run(:2)
11-19 17:17:11.267 I/WM-WorkerWrapper( 2334): 	at java.util.concurrent.ThreadPoolExecutor.runWorker(ThreadPoolExecutor.java:1167)
11-19 17:17:11.267 I/WM-WorkerWrapper( 2334): 	at java.util.concurrent.ThreadPoolExecutor$Worker.run(ThreadPoolExecutor.java:641)
11-19 17:17:11.267 I/WM-WorkerWrapper( 2334): 	at java.lang.Thread.run(Thread.java:923)
11-19 17:17:11.315 I/wpa_supplicant( 9350): nl80211: deinit ifname=wlan0 disabled_11b_rates=0
11-19 17:17:11.365 I/wpa_supplicant( 9350): Try to unregister vendor interface
11-19 17:17:11.365 D/LOWI-9.0.0.80( 1026): [LOWINetlinkSocketReceiver] unpackRTMLinkMessage: RTM_NEWLINK - ifname wlan0, flags 0x11043 ([UP][RUNNING])
11-19 17:17:11.366 D/LOWI-9.0.0.80( 1026): [LOWINetlinkSocketReceiver] processNetlinkPacket: ifname(wlan0) status(2)
11-19 17:17:11.366 D/LOWI-9.0.0.80( 1026): [LOWIController] intfStateReceived: ifname(wlan0) state(2)
11-19 17:17:11.366 D/LOWI-9.0.0.80( 1026): [LOWIEventReceiver] handleEvent:FROM:NA, TO:NA, REQ:NA, IREQ:NA, REQ_ID:0, RESP:NA, INFO:INTF-STATUS-UPDATE
11-19 17:17:11.366 D/LOWI-9.0.0.80( 1026): [LOWIEventReceiver] Info to [INTF-STATUS-UPDATE]
11-19 17:17:11.366 D/LOWI-9.0.0.80( 1026): [LOWIController] updateIntfState: WIFI enabled 2 mNlWifiStatus 2 mWifiStateEnabled 1
11-19 17:17:11.366 D/LOWI-9.0.0.80( 1026): [LOWIController] isWifiEnabled: mNlWifiStatus 2 mWifiStateEnabled 1
11-19 17:17:11.367 W/system_server( 1186): Long monitor contention with owner WifiHandlerThread (1641) at boolean com.android.server.wifi.SupplicantStaIfaceHal.removeIfaceV1_1(java.lang.String)(SupplicantStaIfaceHal.java:810) waiters=0 in void com.android.server.wifi.SupplicantStaIfaceCallbackImpl.onNetworkRemoved(int) for 115ms
11-19 17:17:11.368 I/SupplicantStaIfaceHal( 1186): Terminating supplicant using HIDL
11-19 17:17:11.371 I/android_os_HwBinder( 1186): HwBinder: Starting thread pool for getting: android.hardware.wifi.supplicant@1.0::ISupplicant/default
11-19 17:17:11.373 I/wpa_supplicant( 9350): Terminating...
11-19 17:17:11.376 D/LOWI-9.0.0.80( 1026): [LOWINetlinkSocketReceiver] unpackRTMLinkMessage: RTM_NEWLINK - ifname wlan0, flags 0x1003 ([UP])
11-19 17:17:11.376 D/LOWI-9.0.0.80( 1026): [LOWINetlinkSocketReceiver] processNetlinkPacket: ifname(wlan0) status(1)
11-19 17:17:11.376 D/LOWI-9.0.0.80( 1026): [LOWIController] intfStateReceived: ifname(wlan0) state(1)
11-19 17:17:11.377 D/LOWI-9.0.0.80( 1026): [LOWIEventReceiver] handleEvent:FROM:NA, TO:NA, REQ:NA, IREQ:NA, REQ_ID:0, RESP:NA, INFO:INTF-STATUS-UPDATE
11-19 17:17:11.377 D/LOWI-9.0.0.80( 1026): [LOWIEventReceiver] Info to [INTF-STATUS-UPDATE]
11-19 17:17:11.377 D/LOWI-9.0.0.80( 1026): [LOWIController] updateIntfState: WIFI enabled 1 mNlWifiStatus 2 mWifiStateEnabled 1
11-19 17:17:11.377 D/LOWI-9.0.0.80( 1026): [LOWIController] isWifiEnabled: mNlWifiStatus 1 mWifiStateEnabled 1
11-19 17:17:11.385 D/SettingsSDK::SyncHelper( 2334): Read setting com.facebook.wearable.sdk.selfcare:SELFCARE_SERVICE_ENABLED from persistent cache
11-19 17:17:11.386 D/FacebookRepository( 2334): Reading from Store [906581286488774]
11-19 17:17:11.421 D/LOWI-9.0.0.80( 1026): [LOWINetlinkSocketReceiver] unpackRTMLinkMessage: RTM_NEWLINK - ifname wlan0, flags 0x1003 ([UP])
11-19 17:17:11.421 D/LOWI-9.0.0.80( 1026): [LOWINetlinkSocketReceiver] processNetlinkPacket: ifname(wlan0) status(1)
11-19 17:17:11.421 D/LOWI-9.0.0.80( 1026): [LOWIController] intfStateReceived: ifname(wlan0) state(1)
11-19 17:17:11.422 D/LOWI-9.0.0.80( 1026): [LOWIEventReceiver] handleEvent:FROM:NA, TO:NA, REQ:NA, IREQ:NA, REQ_ID:0, RESP:NA, INFO:INTF-STATUS-UPDATE
11-19 17:17:11.422 D/LOWI-9.0.0.80( 1026): [LOWIEventReceiver] Info to [INTF-STATUS-UPDATE]
11-19 17:17:11.422 D/LOWI-9.0.0.80( 1026): [LOWIController] updateIntfState: WIFI enabled 1 mNlWifiStatus 1 mWifiStateEnabled 1
11-19 17:17:11.422 D/LOWI-9.0.0.80( 1026): [LOWIController] isWifiEnabled: mNlWifiStatus 1 mWifiStateEnabled 1
11-19 17:17:11.423 W/SupplicantStaIfaceHal( 1186): Timed out waiting for confirmation of supplicant death
11-19 17:17:11.424 E/SelfCareDataCloudSyncWorker( 2334): Failed to get access token
11-19 17:17:11.424 E/SelfCareDataCloudSyncWorker( 2334): kotlinx.coroutines.JobCancellationException: Job was cancelled; job=JobImpl{Cancelling}@540cb69
11-19 17:17:11.424 E/SupplicantStaIfaceHal( 1186): Can't call getKeyMgmtCapabilities_1_3, ISupplicantStaIface is null
11-19 17:17:11.425 I/WM-WorkerWrapper( 2334): Work [ id=57f248e9-27c9-4baa-bcea-f98e3ece0d1a, tags={ com.facebook.wearable.system.selfcare.cloudsync.SelfCareDataCloudSyncWorker } ] was cancelled
11-19 17:17:11.425 I/WM-WorkerWrapper( 2334): java.util.concurrent.CancellationException: Task was cancelled.
11-19 17:17:11.425 I/WM-WorkerWrapper( 2334): 	at androidx.work.impl.utils.futures.AbstractFuture.getDoneValue(:32)
11-19 17:17:11.425 I/WM-WorkerWrapper( 2334): 	at androidx.work.impl.utils.futures.AbstractFuture.get(:268435546)
11-19 17:17:11.425 I/WM-WorkerWrapper( 2334): 	at androidx.work.impl.WorkerWrapper$2.run(:3)
11-19 17:17:11.425 I/WM-WorkerWrapper( 2334): 	at androidx.work.impl.utils.SerialExecutor$Task.run(:2)
11-19 17:17:11.425 I/WM-WorkerWrapper( 2334): 	at java.util.concurrent.ThreadPoolExecutor.runWorker(ThreadPoolExecutor.java:1167)
11-19 17:17:11.425 I/WM-WorkerWrapper( 2334): 	at java.util.concurrent.ThreadPoolExecutor$Worker.run(ThreadPoolExecutor.java:641)
11-19 17:17:11.425 I/WM-WorkerWrapper( 2334): 	at java.lang.Thread.run(Thread.java:923)
11-19 17:17:11.425 W/SupplicantP2pIfaceHal( 1186): ISupplicantVendor/ISupplicantVendorP2PIface died: cookie=0
11-19 17:17:11.425 W/SupplicantStaIfaceHal( 1186): ISupplicantVendor/ISupplicantVendorStaIface died: cookie=0
11-19 17:17:11.425 W/SupplicantP2pIfaceHal( 1186): ISupplicant/ISupplicantP2pIface died: cookie=0
11-19 17:17:11.426 W/SupplicantP2pIfaceHal( 1186): ISupplicantVendor/ISupplicantVendorP2PIface died: cookie=0
11-19 17:17:11.426 W/SupplicantP2pIfaceHal( 1186): ISupplicant/ISupplicantP2pIface died: cookie=0
11-19 17:17:11.426 D/SupplicantStaIfaceHal( 1186): ISupplicant died: cookie=5934532417612315902
11-19 17:17:11.426 V/WifiHAL (  544): event received NL80211_CMD_DISCONNECT
11-19 17:17:11.426 W/SupplicantStaIfaceHal( 1186): ISupplicantVendor/ISupplicantVendorStaIface died: cookie=0
11-19 17:17:11.427 V/WifiHAL (  544): WifiVendorCommand 0xaadf1b98 created vendor_id:0x1374 subcmd:38
11-19 17:17:11.427 V/WifiHAL (  544): Got a Wi-Fi HAL module message from Driver
11-19 17:17:11.427 V/WifiHAL (  544): Supported feature set : 19d3d
11-19 17:17:11.427 V/WifiHAL (  544): Supported feature set acquired : 19d3d
11-19 17:17:11.428 V/WifiHAL (  544): WifiVendorCommand 0x98689280 created vendor_id:0x1374 subcmd:76
11-19 17:17:11.428 V/WifiHAL (  544): create: mVendor_id = 4980, Subcmd = 76.
11-19 17:17:11.429 V/WifiHAL (  544): WifiVendorCommand 0xaadf1cc8 created vendor_id:0x1374 subcmd:38
11-19 17:17:11.430 V/WifiHAL (  544): Got a Wi-Fi HAL module message from Driver
11-19 17:17:11.431 V/WifiHAL (  544): Supported feature set : 19d3d
11-19 17:17:11.431 V/WifiHAL (  544): Supported feature set acquired : 19d3d
11-19 17:17:11.431 V/WifiHAL (  544): WifiVendorCommand 0x98689280 created vendor_id:0x1374 subcmd:76
11-19 17:17:11.431 V/WifiHAL (  544): create: mVendor_id = 4980, Subcmd = 76.
11-19 17:17:11.438 E/SupplicantStaIfaceHal( 1186): Can't call getWpaDriverFeatureSet, ISupplicantStaIface is null
11-19 17:17:11.439 I/WifiNative( 1186): Successfully switched to scan mode on iface=Iface:{Name=wlan0,Id=0,Type=STA_SCAN}
11-19 17:17:11.440 W/SupplicantStaIfaceHal( 1186): ISupplicant died: cookie=32
11-19 17:17:11.440 D/BluetoothAdapterService( 1710): Soft AP is on band: 1
11-19 17:17:11.441 D/WifiClientModeManager0( 1186): entering ScanOnlyModeState
11-19 17:17:11.441 D/BluetoothVendorService( 1710): getPowerBackoff 
11-19 17:17:11.441 D/BluetoothVendorService( 1710): setPowerBackoff to: false
11-19 17:17:11.441 D/WifiP2pService( 1186): Wifi enabled=false, P2P Interface availability=true
11-19 17:17:11.441 I/BluetoothVendorJni( 1710): setPowerBackoffNative
11-19 17:17:11.441 I/bt_btif_vendor( 1710): setPowerBackOffState :0 
11-19 17:17:11.441 W/bt_btif ( 1710): bta_dm_power_back_off: power_back_off feature not supported
11-19 17:17:11.441 D/WifiScanRequestProxy( 1186): Sending scan available broadcast: true
11-19 17:17:11.442 I/WifiScanningService( 1186): Received a request to enable scanning, UID = 1000
11-19 17:17:11.443 I/WifiScanningService( 1186): scanner impls already exists
11-19 17:17:11.443 E/WifiScanningService( 1186): wifi driver loaded received while already loaded
11-19 17:17:11.443 D/BluetoothAdapterService( 1710): android.net.wifi.WIFI_STATE_CHANGED
11-19 17:17:11.445 I/WifiScanRequestProxy( 1186): Scanning is enabled
11-19 17:17:11.445 I/WifiScanRequestProxy( 1186): Scanning for hidden networks is disabled
11-19 17:17:11.445 D/WakeupController( 1186): start()
11-19 17:17:11.446 D/WakeupController( 1186): Setting active to true
11-19 17:17:11.457 D/WakeupLock( 1186): Lock set. Number of networks: 1
11-19 17:17:11.460 D/WifiClientModeImpl( 1186): ClientModeImpl: Leaving Connected state
11-19 17:17:11.462 D/WifiCountryCode( 1186): updateCountryCode to US
11-19 17:17:11.463 E/SupplicantStaIfaceHal( 1186): Can't call setCountryCode, ISupplicantStaIface is null
11-19 17:17:11.463 D/WifiCountryCode( 1186): Failed to set country code to: US
11-19 17:17:11.475 E/SupplicantStaIfaceHal( 1186): Can't call listNetworks, ISupplicantStaIface is null
11-19 17:17:11.475 E/SupplicantStaIfaceHal( 1186): removeAllNetworks failed, got null networks
11-19 17:17:11.475 E/WifiClientModeImpl( 1186): Failed to remove networks on exiting connect mode
11-19 17:17:11.476 E/WakeupController( 1186): Unexpected setLastDisconnectInfo when WakeupController is active!
11-19 17:17:11.478 E/WifiVendorHal( 1186): stopRssiMonitoring(l.2106) failed {.code = ERROR_NOT_AVAILABLE, .description = }
11-19 17:17:11.478 E/SupplicantStaIfaceHal( 1186): Can't call setPowerSave, ISupplicantStaIface is null
11-19 17:17:11.478 E/SupplicantStaIfaceHal( 1186): Can't call setBtCoexistenceMode, ISupplicantStaIface is null
11-19 17:17:11.479 V/WifiClientModeImpl( 1186): stopIpClient IpClientWithPreConnection: false
11-19 17:17:11.479 V/WifiClientModeImpl( 1186): java.lang.Throwable
11-19 17:17:11.479 V/WifiClientModeImpl( 1186): 	at com.android.server.wifi.ClientModeImpl.stopIpClient(ClientModeImpl.java:1127)
11-19 17:17:11.479 V/WifiClientModeImpl( 1186): 	at com.android.server.wifi.ClientModeImpl.stopDhcpSetup(ClientModeImpl.java:1153)
11-19 17:17:11.479 V/WifiClientModeImpl( 1186): 	at com.android.server.wifi.ClientModeImpl.handleNetworkDisconnect(ClientModeImpl.java:2945)
11-19 17:17:11.479 V/WifiClientModeImpl( 1186): 	at com.android.server.wifi.ClientModeImpl.stopClientMode(ClientModeImpl.java:3889)
11-19 17:17:11.479 V/WifiClientModeImpl( 1186): 	at com.android.server.wifi.ClientModeImpl.access$4600(ClientModeImpl.java:176)
11-19 17:17:11.479 V/WifiClientModeImpl( 1186): 	at com.android.server.wifi.ClientModeImpl$ConnectModeState.exit(ClientModeImpl.java:4064)
11-19 17:17:11.479 V/WifiClientModeImpl( 1186): 	at com.android.wifi.x.com.android.internal.util.StateMachine$SmHandler.invokeExitMethods(StateMachine.java:1021)
11-19 17:17:11.479 V/WifiClientModeImpl( 1186): 	at com.android.wifi.x.com.android.internal.util.StateMachine$SmHandler.performTransitions(StateMachine.java:877)
11-19 17:17:11.479 V/WifiClientModeImpl( 1186): 	at com.android.wifi.x.com.android.internal.util.StateMachine$SmHandler.handleMessage(StateMachine.java:819)
11-19 17:17:11.479 V/WifiClientModeImpl( 1186): 	at android.os.Handler.dispatchMessage(Handler.java:106)
11-19 17:17:11.479 V/WifiClientModeImpl( 1186): 	at android.os.Looper.loop(Looper.java:223)
11-19 17:17:11.479 V/WifiClientModeImpl( 1186): 	at android.os.HandlerThread.run(HandlerThread.java:67)
11-19 17:17:11.480 D/DhcpClient( 1186): doQuit
11-19 17:17:11.481 D/ConnectivityService( 1186): [113 WIFI] EVENT_NETWORK_INFO_CHANGED, going from CONNECTED to DISCONNECTED
11-19 17:17:11.481 D/ConnectivityService( 1186): [113 WIFI] disconnected, was satisfying 28
