11-20 07:19:46.482 D/ConnectivityService( 1186): Switching to new default network: NetworkAgentInfo{ ni{[type: MOBILE[LTE], state: CONNECTED/CONNECTED, reason: (unspecified), extra: enhancedphone, failover: false, available: true, roaming: false]}  network{101}  nethandle{437197393933}  lp{{InterfaceName: rmnet_data2 LinkAddresses: [ 10.55.48.101/30,2600:381:4804:c4b6:8cdc:8f0b:afe1:ec6b/64 ] DnsAddresses: [ /172.26.38.2,/fc00:a:a::400 ] Domains: null MTU: 1430 TcpBufferSizes: 2097152,4194304,8388608,262144,524288,1048576 Routes: [ 0.0.0.0/0 -> 10.55.48.102 rmnet_data2 mtu 1430,::/0 -> fe80::9db2:334d:2872:1e0a rmnet_data2 mtu 1430,10.55.48.100/30 -> 0.0.0.0 rmnet_data2 mtu 0,2600:381:4804:c4b6::/64 -> :: rmnet_data2 mtu 0 ]}}  nc{[ Transports: CELLULAR Capabilities: MMS&SUPL&FOTA&INTERNET&NOT_RESTRICTED&TRUSTED&NOT_VPN&VALIDATED&NOT_ROAMING&NOT_CONGESTED&NOT_SUSPENDED LinkUpBandwidth>=15000Kbps LinkDnBandwidth>=30000Kbps Specifier: <TelephonyNetworkSpecifier [mSubId = 1]> AdministratorUids: [] RequestorUid: -1 RequestorPackageName: null]}  Score{50}  everValidated{true}  lastValidated{true}  created{true} lingering{false} explicitlySelected{false} acceptUnvalidated{false} everCaptivePortalDetected{false} lastCaptivePortalDetected{false} partialConnectivity{false} acceptPartialConnectivity{false} clat{mBaseIface: null, mIface: null, mState: IDLE} }
11-20 07:19:46.666 D/ConnectivityService( 1186): Sending CONNECTED broadcast for type 0 [101 CELLULAR] isDefaultNetwork=true
11-20 07:19:47.000 E/ActivityThread(15629): Service com.facebook.wearable.system.wifimetricsupload.WifiMetricsUploadService has leaked ServiceConnection com.facebook.wearable.sdk.mosanalyticsproxy.WearableAnalyticsProxy$AnalyticsServiceConnection@1123e9f that was originally bound here
11-20 07:19:47.000 E/ActivityThread(15629): android.app.ServiceConnectionLeaked: Service com.facebook.wearable.system.wifimetricsupload.WifiMetricsUploadService has leaked ServiceConnection com.facebook.wearable.sdk.mosanalyticsproxy.WearableAnalyticsProxy$AnalyticsServiceConnection@1123e9f that was originally bound here
11-20 07:19:47.000 E/ActivityThread(15629): 	at android.app.LoadedApk$ServiceDispatcher.<init>(LoadedApk.java:1834)
11-20 07:19:47.000 E/ActivityThread(15629): 	at android.app.LoadedApk.getServiceDispatcherCommon(LoadedApk.java:1706)
11-20 07:19:47.000 E/ActivityThread(15629): 	at android.app.LoadedApk.getServiceDispatcher(LoadedApk.java:1685)
11-20 07:19:47.000 E/ActivityThread(15629): 	at android.app.ContextImpl.bindServiceCommon(ContextImpl.java:1819)
11-20 07:19:47.000 E/ActivityThread(15629): 	at android.app.ContextImpl.bindService(ContextImpl.java:1749)
11-20 07:19:47.000 E/ActivityThread(15629): 	at android.content.ContextWrapper.bindService(ContextWrapper.java:756)
11-20 07:19:47.000 E/ActivityThread(15629): 	at com.facebook.wearable.sdk.mosanalyticsproxy.WearableAnalyticsProxy.log(WearableAnalyticsProxy.java:146)
11-20 07:19:47.000 E/ActivityThread(15629): 	at com.facebook.wearable.sdk.mosanalyticsproxy.WearableAnalyticsProxy$1.run(WearableAnalyticsProxy.java:64)
11-20 07:19:47.000 E/ActivityThread(15629): 	at java.util.concurrent.ThreadPoolExecutor.runWorker(ThreadPoolExecutor.java:1167)
11-20 07:19:47.000 E/ActivityThread(15629): 	at java.util.concurrent.ThreadPoolExecutor$Worker.run(ThreadPoolExecutor.java:641)
11-20 07:19:47.000 E/ActivityThread(15629): 	at java.lang.Thread.run(Thread.java:923)
11-20 07:19:47.002 E/ActivityThread(15629): Service com.facebook.wearable.system.wifimetricsupload.WifiMetricsUploadService has leaked ServiceConnection com.facebook.wearable.sdk.mosanalyticsproxy.WearableAnalyticsProxy$AnalyticsServiceConnection@1d34bec that was originally bound here
11-20 07:19:47.002 E/ActivityThread(15629): android.app.ServiceConnectionLeaked: Service com.facebook.wearable.system.wifimetricsupload.WifiMetricsUploadService has leaked ServiceConnection com.facebook.wearable.sdk.mosanalyticsproxy.WearableAnalyticsProxy$AnalyticsServiceConnection@1d34bec that was originally bound here
11-20 07:19:47.002 E/ActivityThread(15629): 	at android.app.LoadedApk$ServiceDispatcher.<init>(LoadedApk.java:1834)
11-20 07:19:47.002 E/ActivityThread(15629): 	at android.app.LoadedApk.getServiceDispatcherCommon(LoadedApk.java:1706)
11-20 07:19:47.002 E/ActivityThread(15629): 	at android.app.LoadedApk.getServiceDispatcher(LoadedApk.java:1685)
11-20 07:19:47.002 E/ActivityThread(15629): 	at android.app.ContextImpl.bindServiceCommon(ContextImpl.java:1819)
11-20 07:19:47.002 E/ActivityThread(15629): 	at android.app.ContextImpl.bindService(ContextImpl.java:1749)
11-20 07:19:47.002 E/ActivityThread(15629): 	at android.content.ContextWrapper.bindService(ContextWrapper.java:756)
11-20 07:19:47.002 E/ActivityThread(15629): 	at com.facebook.wearable.sdk.mosanalyticsproxy.WearableAnalyticsProxy.log(WearableAnalyticsProxy.java:146)
11-20 07:19:47.002 E/ActivityThread(15629): 	at com.facebook.wearable.sdk.mosanalyticsproxy.WearableAnalyticsProxy$1.run(WearableAnalyticsProxy.java:64)
11-20 07:19:47.002 E/ActivityThread(15629): 	at java.util.concurrent.ThreadPoolExecutor.runWorker(ThreadPoolExecutor.java:1167)
11-20 07:19:47.002 E/ActivityThread(15629): 	at java.util.concurrent.ThreadPoolExecutor$Worker.run(ThreadPoolExecutor.java:641)
11-20 07:19:47.002 E/ActivityThread(15629): 	at java.lang.Thread.run(Thread.java:923)
11-20 07:19:47.005 E/ActivityThread(15629): Service com.facebook.wearable.system.wifimetricsupload.WifiMetricsUploadService has leaked ServiceConnection com.facebook.wearable.sdk.mosanalyticsproxy.WearableAnalyticsProxy$AnalyticsServiceConnection@28a324a that was originally bound here
11-20 07:19:47.005 E/ActivityThread(15629): android.app.ServiceConnectionLeaked: Service com.facebook.wearable.system.wifimetricsupload.WifiMetricsUploadService has leaked ServiceConnection com.facebook.wearable.sdk.mosanalyticsproxy.WearableAnalyticsProxy$AnalyticsServiceConnection@28a324a that was originally bound here
11-20 07:19:47.005 E/ActivityThread(15629): 	at android.app.LoadedApk$ServiceDispatcher.<init>(LoadedApk.java:1834)
11-20 07:19:47.005 E/ActivityThread(15629): 	at android.app.LoadedApk.getServiceDispatcherCommon(LoadedApk.java:1706)
11-20 07:19:47.005 E/ActivityThread(15629): 	at android.app.LoadedApk.getServiceDispatcher(LoadedApk.java:1685)
11-20 07:19:47.005 E/ActivityThread(15629): 	at android.app.ContextImpl.bindServiceCommon(ContextImpl.java:1819)
11-20 07:19:47.005 E/ActivityThread(15629): 	at android.app.ContextImpl.bindService(ContextImpl.java:1749)
11-20 07:19:47.005 E/ActivityThread(15629): 	at android.content.ContextWrapper.bindService(ContextWrapper.java:756)
11-20 07:19:47.005 E/ActivityThread(15629): 	at com.facebook.wearable.sdk.mosanalyticsproxy.WearableAnalyticsProxy.log(WearableAnalyticsProxy.java:146)
11-20 07:19:47.005 E/ActivityThread(15629): 	at com.facebook.wearable.sdk.mosanalyticsproxy.WearableAnalyticsProxy$1.run(WearableAnalyticsProxy.java:64)
11-20 07:19:47.005 E/ActivityThread(15629): 	at java.util.concurrent.ThreadPoolExecutor.runWorker(ThreadPoolExecutor.java:1167)
11-20 07:19:47.005 E/ActivityThread(15629): 	at java.util.concurrent.ThreadPoolExecutor$Worker.run(ThreadPoolExecutor.java:641)
11-20 07:19:47.005 E/ActivityThread(15629): 	at java.lang.Thread.run(Thread.java:923)
11-20 07:19:47.008 E/ActivityThread(15629): Service com.facebook.wearable.system.wifimetricsupload.WifiMetricsUploadService has leaked ServiceConnection com.facebook.wearable.sdk.mosanalyticsproxy.WearableAnalyticsProxy$AnalyticsServiceConnection@ca16bb5 that was originally bound here
11-20 07:19:47.008 E/ActivityThread(15629): android.app.ServiceConnectionLeaked: Service com.facebook.wearable.system.wifimetricsupload.WifiMetricsUploadService has leaked ServiceConnection com.facebook.wearable.sdk.mosanalyticsproxy.WearableAnalyticsProxy$AnalyticsServiceConnection@ca16bb5 that was originally bound here
11-20 07:19:47.008 E/ActivityThread(15629): 	at android.app.LoadedApk$ServiceDispatcher.<init>(LoadedApk.java:1834)
11-20 07:19:47.008 E/ActivityThread(15629): 	at android.app.LoadedApk.getServiceDispatcherCommon(LoadedApk.java:1706)
11-20 07:19:47.008 E/ActivityThread(15629): 	at android.app.LoadedApk.getServiceDispatcher(LoadedApk.java:1685)
11-20 07:19:47.008 E/ActivityThread(15629): 	at android.app.ContextImpl.bindServiceCommon(ContextImpl.java:1819)
11-20 07:19:47.008 E/ActivityThread(15629): 	at android.app.ContextImpl.bindService(ContextImpl.java:1749)
11-20 07:19:47.008 E/ActivityThread(15629): 	at android.content.ContextWrapper.bindService(ContextWrapper.java:756)
11-20 07:19:47.008 E/ActivityThread(15629): 	at com.facebook.wearable.sdk.mosanalyticsproxy.WearableAnalyticsProxy.log(WearableAnalyticsProxy.java:146)
11-20 07:19:47.008 E/ActivityThread(15629): 	at com.facebook.wearable.sdk.mosanalyticsproxy.WearableAnalyticsProxy$1.run(WearableAnalyticsProxy.java:64)
11-20 07:19:47.008 E/ActivityThread(15629): 	at java.util.concurrent.ThreadPoolExecutor.runWorker(ThreadPoolExecutor.java:1167)
11-20 07:19:47.008 E/ActivityThread(15629): 	at java.util.concurrent.ThreadPoolExecutor$Worker.run(ThreadPoolExecutor.java:641)
11-20 07:19:47.008 E/ActivityThread(15629): 	at java.lang.Thread.run(Thread.java:923)
11-20 07:19:50.783 D/AutofillManagerService( 1186): onBackKeyPressed()
11-20 07:19:51.834 I/chatty  ( 1186): uid=1000(system) android.ui identical 2 lines
11-20 07:19:53.623 D/AutofillManagerService( 1186): onBackKeyPressed()
11-20 07:19:53.866 D/commandrouter( 1006): rtc_sync (1, rtc:sync): <ServiceRequest> FORWARDED (remote -> local) service client ID = 0, token ID = 38351
11-20 07:19:53.866 D/commandrouter( 1006): SocServiceHandle::onServiceMessage, SoC Service = rtc_sync, appType = 1, type = SVC_RESP, clientId = 0, token = 38351, payloadLen = 8, result = 0, payload.size() = 8
11-20 07:19:54.635 D/AutofillManagerService( 1186): onBackKeyPressed()
11-20 07:19:55.303 E/TaskPersister( 1186): File error accessing recents directory (directory doesn't exist?).
11-20 07:19:55.630 D/AutofillManagerService( 1186): onBackKeyPressed()
11-20 07:19:56.627 I/chatty  ( 1186): uid=1000(system) android.ui identical 1 line
11-20 07:19:57.624 D/AutofillManagerService( 1186): onBackKeyPressed()
11-20 07:19:58.171 W/ActivityManager( 1186): Invalid packageName: com.facebook.wearable.system.settings/com.facebook.wearable.system.settings.SettingsActivity
11-20 07:19:58.311 I/ActivityTaskManager( 1186): START u0 {flg=0x10000000 cmp=com.facebook.wearable.system.settings/.SettingsActivity} from uid 0
11-20 07:19:58.328 I/ActivityTaskManager( 1186): The Process com.facebook.wearable.system.settings Already Exists in BG. So sending its PID: 13351
11-20 07:19:58.328 W/ActivityTaskManager( 1186): Tried to set launchTime (0) < mLastActivityLaunchTime (55866039)
11-20 07:20:00.005 D/AppStorageManager( 1186): BEFORE:: Previous Size: 1030217728 Current Size: 1030017024
11-20 07:20:00.005 D/AppStorageManager( 1186): AFTER:: Previous Size: 1030017024 Current Size: 1030017024
11-20 07:20:00.997 D/AnalyticsLogger( 1186): sent events: 12
11-20 07:20:01.931 E/TaskPersister( 1186): File error accessing recents directory (directory doesn't exist?).
11-20 07:20:03.859 D/commandrouter( 1006): rtc_sync (1, rtc:sync): <ServiceRequest> FORWARDED (remote -> local) service client ID = 0, token ID = 38352
11-20 07:20:03.860 D/commandrouter( 1006): SocServiceHandle::onServiceMessage, SoC Service = rtc_sync, appType = 1, type = SVC_RESP, clientId = 0, token = 38352, payloadLen = 8, result = 0, payload.size() = 8
11-20 07:20:04.393 W/ContextImpl( 1186): Calling a method in the system process without a qualified user: android.app.ContextImpl.sendBroadcastMultiplePermissions:1143 android.content.Context.sendBroadcastWithMultiplePermissions:2150 com.android.server.display.WifiDisplayAdapter.handleSendStatusChangeBroadcast:440 com.android.server.display.WifiDisplayAdapter.access$1700:63 com.android.server.display.WifiDisplayAdapter$WifiDisplayHandler.handleMessage:675 
11-20 07:20:05.442 W/ContextImpl( 1186): Calling a method in the system process without a qualified user: android.app.ContextImpl.sendBroadcastMultiplePermissions:1143 android.content.Context.sendBroadcastWithMultiplePermissions:2150 com.android.server.wifi.p2p.WifiP2pServiceImpl$P2pStateMachine.sendBroadcastMultiplePermissions:3209 com.android.server.wifi.p2p.WifiP2pServiceImpl$P2pStateMachine.sendP2pConnectionChangedBroadcast:3236 com.android.server.wifi.p2p.WifiP2pServiceImpl$P2pStateMachine.access$5100:768 
11-20 07:20:05.444 W/BroadcastQueue( 1186): Permission Denial: receiving Intent { act=android.net.wifi.p2p.CONNECTION_STATE_CHANGE flg=0x24000010 (has extras) } to ProcessRecord{688c834 1907:.qtidataservices/u0a88} (pid=1907, uid=10088) requires android.permission.ACCESS_FINE_LOCATION due to sender android (uid 1000)
11-20 07:20:05.449 W/ContextImpl( 1186): Calling a method in the system process without a qualified user: android.app.ContextImpl.sendBroadcastMultiplePermissions:1143 android.content.Context.sendBroadcastWithMultiplePermissions:2150 com.android.server.wifi.p2p.WifiP2pServiceImpl$P2pStateMachine.sendBroadcastMultiplePermissions:3209 com.android.server.wifi.p2p.WifiP2pServiceImpl$P2pStateMachine.sendThisDeviceChangedBroadcast:3218 com.android.server.wifi.p2p.WifiP2pServiceImpl$P2pStateMachine.updateThisDevice:3962 
11-20 07:20:05.568 W/wificond(  911): Scan is not started. Ignore abort request
11-20 07:20:05.962 D/ConnectivityService( 1186): registerNetworkAgent NetworkAgentInfo{ ni{[type: WIFI[], state: UNKNOWN/IDLE, reason: (unspecified), extra: , failover: false, available: true, roaming: false]}  network{147}  nethandle{634765889549}  lp{{InterfaceName: wlan0 LinkAddresses: [ ] DnsAddresses: [ ] Domains: null MTU: 0 Routes: [ ]}}  nc{[ Transports: WIFI Capabilities: NOT_METERED&INTERNET&NOT_RESTRICTED&TRUSTED&NOT_VPN&NOT_ROAMING&FOREGROUND&NOT_CONGESTED&NOT_SUSPENDED LinkUpBandwidth>=72000Kbps LinkDnBandwidth>=72000Kbps OwnerUid: 1000 SSID: "MTBF_Lab" RequestorUid: -1 RequestorPackageName: null]}  Score{20}  everValidated{false}  lastValidated{false}  created{false} lingering{false} explicitlySelected{false} acceptUnvalidated{false} everCaptivePortalDetected{false} lastCaptivePortalDetected{false} partialConnectivity{false} acceptPartialConnectivity{false} clat{mBaseIface: null, mIface: null, mState: IDLE} }
11-20 07:20:05.981 D/ConnectivityService( 1186): [147 WIFI] EVENT_NETWORK_INFO_CHANGED, going from UNKNOWN to UNKNOWN
--------- beginning of main
11-20 07:20:05.989 I/bt_btif_vendor( 1710): setWifiState :1
11-20 07:20:06.011 V/WifiClientModeImpl( 1186): stopIpClient IpClientWithPreConnection: false
11-20 07:20:06.011 V/WifiClientModeImpl( 1186): java.lang.Throwable
11-20 07:20:06.011 V/WifiClientModeImpl( 1186): 	at com.android.server.wifi.ClientModeImpl.stopIpClient(ClientModeImpl.java:1127)
11-20 07:20:06.011 V/WifiClientModeImpl( 1186): 	at com.android.server.wifi.ClientModeImpl.stopDhcpSetup(ClientModeImpl.java:1153)
11-20 07:20:06.011 V/WifiClientModeImpl( 1186): 	at com.android.server.wifi.ClientModeImpl.startIpClient(ClientModeImpl.java:7079)
11-20 07:20:06.011 V/WifiClientModeImpl( 1186): 	at com.android.server.wifi.ClientModeImpl.access$7100(ClientModeImpl.java:176)
11-20 07:20:06.011 V/WifiClientModeImpl( 1186): 	at com.android.server.wifi.ClientModeImpl$ObtainingIpState.enter(ClientModeImpl.java:5462)
11-20 07:20:06.011 V/WifiClientModeImpl( 1186): 	at com.android.wifi.x.com.android.internal.util.StateMachine$SmHandler.invokeEnterMethods(StateMachine.java:1037)
11-20 07:20:06.011 V/WifiClientModeImpl( 1186): 	at com.android.wifi.x.com.android.internal.util.StateMachine$SmHandler.performTransitions(StateMachine.java:879)
11-20 07:20:06.011 V/WifiClientModeImpl( 1186): 	at com.android.wifi.x.com.android.internal.util.StateMachine$SmHandler.handleMessage(StateMachine.java:819)
11-20 07:20:06.011 V/WifiClientModeImpl( 1186): 	at android.os.Handler.dispatchMessage(Handler.java:106)
11-20 07:20:06.011 V/WifiClientModeImpl( 1186): 	at android.os.Looper.loop(Looper.java:223)
11-20 07:20:06.011 V/WifiClientModeImpl( 1186): 	at android.os.HandlerThread.run(HandlerThread.java:67)
11-20 07:20:06.012 V/WifiHAL (  544): WifiVendorCommand 0x984ec000 created vendor_id:0x1374 subcmd:83
11-20 07:20:06.013 E/WifiHAL (  544): wifi_get_packet_filter_capabilities: requestResponse() error: -3
11-20 07:20:06.013 I/WifiHAL (  544): Packet filtering is not supprted
11-20 07:20:06.132 D/QCNEJ/WlanStaInfoRelay( 1907): Received action: android.net.wifi.RSSI_CHANGED
11-20 07:20:06.133 D/WearableConnectivityManager(11143): onWifiStrengthChange: -32
11-20 07:20:06.136 V/WifiHAL (  544): WifiVendorCommand 0x986b8148 created vendor_id:0x1374 subcmd:82
11-20 07:20:06.136 D/ConnectivityService( 1186): NetReassign [no changes]
11-20 07:20:06.136 V/WifiHAL (  544): ND offload : Enable
11-20 07:20:06.146 E/WifiVendorHal( 1186): configureNeighborDiscoveryOffload(l.2193) failed {.code = ERROR_NOT_SUPPORTED, .description = }
11-20 07:20:06.153 E/QMI_FW  (  915): qmi_cci_get_ref: ref count increased 2
11-20 07:20:06.156 E/QMI_FW  (  915): qmi_cci_get_ref: ref count increased 2
11-20 07:20:06.159 E/Netd    (  462): no such netId 147
11-20 07:20:06.160 I/Nat464Xlat( 1186): Android Xlat is disabled
11-20 07:20:06.213 D/DhcpClient( 1186): l2key: W958a1754935a727 lease address: /192.168.1.41 lease expiry: 1637507955153 current time: 1637421606213
11-20 07:20:06.215 D/DhcpClient( 1186): Broadcasting DHCPREQUEST ciaddr=0.0.0.0 request=192.168.1.41 serverid=null
11-20 07:20:06.242 D/DhcpClient( 1186): Received packet: 6a:fd:b2:a8:97:f8 ACK: your new IP /192.168.1.41, netmask /255.255.255.0, gateways [/192.168.1.1] DNS servers: /192.168.1.1 , lease time 86400
11-20 07:20:06.243 D/DhcpClient( 1186): Confirmed lease: android.net.networkstack.DhcpResults@64a4e37 DHCP server /192.168.1.1 Vendor info null lease 86400 seconds Servername 
11-20 07:20:06.283 E/Netd    (  462): no such netId 147
11-20 07:20:06.283 D/BluetoothAdapterService( 1710): android.net.wifi.STATE_CHANGE
11-20 07:20:06.160 I/Nat464Xlat( 1186): Android Xlat is disabled
11-20 07:20:06.283 E/ConnectivityService( 1186): Exception in networkAddRouteParcel for non-gateway: android.os.ServiceSpecificException: Machine is not on the network (code 64)
11-20 07:20:06.284 E/Netd    (  462): no such netId 147
11-20 07:20:06.284 D/QCNEJ/WlanStaInfoRelay( 1907): Received action: android.net.wifi.STATE_CHANGE
11-20 07:20:06.285 E/ConnectivityService( 1186): Exception in networkAddRouteParcel for gateway: android.os.ServiceSpecificException: Machine is not on the network (code 64)
11-20 07:20:06.285 I/Nat464Xlat( 1186): Android Xlat is disabled
11-20 07:20:06.286 D/WifiConnector( 2870): Network State Changed
11-20 07:20:06.286 D/BluetoothVendorService( 1710): setWifiState to: true
11-20 07:20:06.286 I/BluetoothVendorJni( 1710): setWifiStateNative
11-20 07:20:06.286 I/bt_btif_vendor( 1710): setWifiState :1
11-20 07:20:06.296 D/DhcpClient( 1186): Scheduling renewal in 43199s
11-20 07:20:06.296 D/DhcpClient( 1186): Scheduling rebind in 75599s
11-20 07:20:06.296 D/DhcpClient( 1186): Scheduling expiry in 86399s
11-20 07:20:06.300 D/BluetoothAdapterService( 1710): android.net.wifi.STATE_CHANGE
11-20 07:20:06.301 D/QCNEJ/WlanStaInfoRelay( 1907): Received action: android.net.wifi.STATE_CHANGE
11-20 07:20:06.302 D/WifiConnector( 2870): Network State Changed
11-20 07:20:06.303 D/BluetoothVendorService( 1710): setWifiState to: true
11-20 07:20:06.303 I/BluetoothVendorJni( 1710): setWifiStateNative
11-20 07:20:06.303 I/bt_btif_vendor( 1710): setWifiState :1
11-20 07:20:06.309 D/WifiConnector( 2870): Configured Networks Changed
11-20 07:20:06.309 W/WifiScoreReport( 1186): Cannot start external scoring netId=147 currentNetId=147 sessionId=1476
11-20 07:20:06.325 D/WifiMemoryStoreImpl( 1186): Set cluster Ga6eb8feabe7908d4 for W958a1754935a727: SUCCESS
11-20 07:20:06.285 I/Nat464Xlat( 1186): Android Xlat is disabled
11-20 07:20:06.345 D/ConnectivityService( 1186): Setting DNS servers for network 147 to [/192.168.1.1]
11-20 07:20:06.345 I/Nat464Xlat( 1186): Android Xlat is disabled
11-20 07:20:06.359 E/QMI_FW  ( 1042): qmi_cci_get_ref: ref count increased 2
11-20 07:20:06.359 E/QMI_FW  ( 1042): qmi_cci_get_ref: ref count increased 2
11-20 07:20:06.361 E/QMI_FW  ( 1042): qmi_cci_get_ref: ref count increased 2
11-20 07:20:06.379 E/QMI_FW  (  915): qmi_cci_get_ref: ref count increased 2
11-20 07:20:06.381 E/QMI_FW  (  915): qmi_cci_get_ref: ref count increased 2
11-20 07:20:06.400 D/WifiMemoryStoreImpl( 1186): Set cluster Ga6eb8feabe7908d4 for Wa6eb8feabe7908d4: SUCCESS
11-20 07:20:06.346 I/Nat464Xlat( 1186): Android Xlat is disabled
11-20 07:20:06.431 D/ConnectivityService( 1186): [147 WIFI] EVENT_NETWORK_INFO_CHANGED, going from UNKNOWN to CONNECTED
11-20 07:20:06.435 D/DnsManager( 1186): sendDnsConfigurationForNetwork(147, [192.168.1.1], [], 1800, 25, 8, 64, 0, 0, , [])
11-20 07:20:06.437 W/DnsManager( 1186): updatePrivateDns(147, PrivateDnsConfig{true:/[]})
11-20 07:20:06.437 D/ConnectivityService( 1186): Setting DNS servers for network 147 to [/192.168.1.1]
11-20 07:20:06.437 D/DnsManager( 1186): sendDnsConfigurationForNetwork(147, [192.168.1.1], [], 1800, 25, 8, 64, 0, 0, , [192.168.1.1])
11-20 07:20:06.445 D/ConnectivityService( 1186): Adding iface wlan0 to network 147
11-20 07:20:06.450 W/resolv  (  462): Validating DnsTlsServer on netId 147
11-20 07:20:06.465 W/resolv  (  462): Validation failed
11-20 07:20:06.472 D/ConnectivityService( 1186): Setting DNS servers for network 147 to [/192.168.1.1]
11-20 07:20:06.473 D/DnsManager( 1186): sendDnsConfigurationForNetwork(147, [192.168.1.1], [], 1800, 25, 8, 64, 0, 0, , [192.168.1.1])
11-20 07:20:06.475 I/Nat464Xlat( 1186): Android Xlat is disabled
11-20 07:20:06.482 W/resolv  (  462): Validating DnsTlsServer on netId 147
11-20 07:20:06.475 I/Nat464Xlat( 1186): Android Xlat is disabled
11-20 07:20:06.535 D/ConnectivityService( 1186): NetReassign [no changes]
11-20 07:20:06.535 D/WifiClientModeImpl( 1186): Received signal strength thresholds: []
11-20 07:20:06.537 E/WifiVendorHal( 1186): stopRssiMonitoring(l.2106) failed {.code = ERROR_NOT_AVAILABLE, .description = }
11-20 07:20:06.538 D/QCNEJ/WlanStaInfoRelay( 1907): network available: 147
11-20 07:20:06.548 W/resolv  (  462): SSL_connect ssl error =5, mark 0xf0093: Connection refused
11-20 07:20:06.548 D/QCNEJ/NativeHalConnector( 1907): -> SND notifyWifiAvailable(v4Connected = truev6Connected = , false, isAndroidValidated = false)
11-20 07:20:06.549 W/resolv  (  462): Validation failed
11-20 07:20:06.554 D/QCNEJ/NativeHalConnector( 1907): -> SND notifyWifiAvailable(v4Connected = truev6Connected = , false, isAndroidValidated = false)
11-20 07:20:06.607 D/NetworkMonitor/147( 1186): PROBE_DNS connectivitycheck.gstatic.com 46ms OK 142.250.191.67
11-20 07:20:06.610 W/System  ( 1186): ClassLoader referenced unknown path: /system/framework/tcmclient.jar
11-20 07:20:06.612 D/NetworkMonitor/147( 1186): PROBE_DNS www.google.com 42ms OK 142.250.191.68
11-20 07:20:06.650 D/NetworkMonitor/147( 1186): PROBE_HTTP http://connectivitycheck.gstatic.com/generate_204 time=34ms ret=204 request={Connection=[close], User-Agent=[Mozilla/5.0 (X11; Linux x86_64) AppleWebKit/537.36 (KHTML, like Gecko) Chrome/60.0.3112.32 Safari/537.36]} headers={null=[HTTP/1.1 204 No Content], Connection=[close], Content-Length=[0], Date=[Sat, 20 Nov 2021 15:20:08 GMT], X-Android-Received-Millis=[1637421606649], X-Android-Response-Source=[NETWORK 204], X-Android-Selected-Protocol=[http/1.1], X-Android-Sent-Millis=[1637421606638]}
11-20 07:20:06.678 D/NetworkMonitor/147( 1186): PROBE_HTTPS https://www.google.com/generate_204 time=62ms ret=204 request={Connection=[close], User-Agent=[Mozilla/5.0 (X11; Linux x86_64) AppleWebKit/537.36 (KHTML, like Gecko) Chrome/60.0.3112.32 Safari/537.36]} headers={null=[HTTP/1.1 204 No Content], Alt-Svc=[h3=":443"; ma=2592000,h3-29=":443"; ma=2592000,h3-Q050=":443"; ma=2592000,h3-Q046=":443"; ma=2592000,h3-Q043=":443"; ma=2592000,quic=":443"; ma=2592000; v="46,43"], Connection=[close], Content-Length=[0], Date=[Sat, 20 Nov 2021 15:20:08 GMT], X-Android-Received-Millis=[1637421606676], X-Android-Response-Source=[NETWORK 204], X-Android-Selected-Protocol=[http/1.1], X-Android-Sent-Millis=[1637421606658]}
11-20 07:20:06.680 D/NetworkMonitor/147( 1186): isCaptivePortal: isSuccessful()=true isPortal()=false RedirectUrl=null isPartialConnectivity()=false Time=121ms
11-20 07:20:06.683 D/ConnectivityService( 1186): [147 WIFI] validation passed
11-20 07:20:06.683 D/ConnectivityService( 1186): NetReassign [44 : 101 → 147, 1191 : 101 → 147, 11 : 101 → 147, 63 : 101 → 147, 17 : 101 → 147, 25 : 101 → 147, 1 : 101 → 147, 1196 : 101 → 147, 8 : 101 → 147, 654 : 101 → 147, 12 : 101 → 147, 14 : 101 → 147, 16 : 101 → 147, 22 : 101 → 147]
11-20 07:20:06.687 E/NetlinkEvent(  462): NetlinkEvent::FindParam(): Parameter 'INTERFACE' not found
11-20 07:20:06.687 E/NetlinkEvent(  462): NetlinkEvent::FindParam(): Parameter 'STATE' not found
11-20 07:20:06.687 E/NetlinkEvent(  462): NetlinkEvent::FindParam(): Parameter 'TIME_NS' not found
11-20 07:20:06.688 E/NetlinkEvent(  462): NetlinkEvent::FindParam(): Parameter 'UID' not found
11-20 07:20:06.698 D/ConnectivityService( 1186): Switching to new default network: NetworkAgentInfo{ ni{[type: WIFI[], state: CONNECTED/CONNECTED, reason: (unspecified), extra: , failover: false, available: true, roaming: false]}  network{147}  nethandle{634765889549}  lp{{InterfaceName: wlan0 LinkAddresses: [ 192.168.1.41/24 ] DnsAddresses: [ /192.168.1.1 ] Domains: null MTU: 0 ServerAddress: /192.168.1.1 TcpBufferSizes: 524288,1048576,2097152,262144,524288,1048576 Routes: [ fe80::/64 -> :: wlan0 mtu 0,192.168.1.0/24 -> 0.0.0.0 wlan0 mtu 0,0.0.0.0/0 -> 192.168.1.1 wlan0 mtu 0 ]}}  nc{[ Transports: WIFI Capabilities: NOT_METERED&INTERNET&NOT_RESTRICTED&TRUSTED&NOT_VPN&VALIDATED&NOT_ROAMING&FOREGROUND&NOT_CONGESTED&NOT_SUSPENDED LinkUpBandwidth>=60000Kbps LinkDnBandwidth>=60000Kbps SignalStrength: -32 OwnerUid: 1000 SSID: "MTBF_Lab" RequestorUid: -1 RequestorPackageName: null]}  Score{60}  everValidated{true}  lastValidated{true}  created{true} lingering{false} explicitlySelected{false} acceptUnvalidated{false} everCaptivePortalDetected{false} lastCaptivePortalDetected{false} partialConnectivity{false} acceptPartialConnectivity{false} clat{mBaseIface: null, mIface: null, mState: IDLE} }
11-20 07:20:06.786 D/DeviceAuthService(28013): Network connected
11-20 07:20:06.786 D/DeviceAuthService(28013): fetchAuthTokenWrapper called
11-20 07:20:06.788 D/NetworkTimeUpdateService( 1186): New default network 147; checking time.
11-20 07:20:06.790 V/LigerRadioStatsReporter( 2357): onCapabilitiesChanged: Network capabilities changed
11-20 07:20:06.806 D/ConnectivityService( 1186): Lingering [101 CELLULAR] for 30000ms
11-20 07:20:06.806 D/QCNEJ/DefaultNetworkInfoRelay( 1907): Default network available: 147
11-20 07:20:06.807 D/ConnectivityService( 1186): Sending DISCONNECTED broadcast for type 0 [101 CELLULAR] isDefaultNetwork=true
11-20 07:20:06.808 D/QCNEJ/NativeHalConnector( 1907): -> SND notifyDefaultNetworkChanged(1)
11-20 07:20:06.809 D/ConnectivityService( 1186): Sending CONNECTED broadcast for type 1 [147 WIFI] isDefaultNetwork=true
11-20 07:20:06.827 I/GnssNetworkConnectivityHandler( 1186): updateNetworkState, state=CLOSED, connected=true, network=147, capabilities=[ Transports: WIFI Capabilities: NOT_METERED&INTERNET&NOT_RESTRICTED&TRUSTED&NOT_VPN&VALIDATED&NOT_ROAMING&FOREGROUND&NOT_CONGESTED&NOT_SUSPENDED LinkUpBandwidth>=60000Kbps LinkDnBandwidth>=60000Kbps SignalStrength: -32 OwnerUid: 1000 AdministratorUids: [] SSID: "MTBF_Lab" RequestorUid: -1 RequestorPackageName: null], apn: , availableNetworkCount: 2
11-20 07:20:06.830 I/chatty  (  527): uid=1021(gps) Loc_hal_worker expire 1 line
11-20 07:20:06.832 V/LigerRadioStatsReporter( 2357): onCapabilitiesChanged: Network capabilities changed
11-20 07:20:06.832 V/LigerRadioStatsReporter( 2357): reportAndCheckpointRadioStats
11-20 07:20:06.836 V/LigerRadioStatsReporter( 2357): +++++++++++ RADIO STATS DUMP +++++++++++
11-20 07:20:06.836 V/LigerRadioStatsReporter( 2357): totalActiveRadioTimeMs=0
11-20 07:20:06.836 V/LigerRadioStatsReporter( 2357): totalTailRadioTimeMs=13993
11-20 07:20:06.836 V/LigerRadioStatsReporter( 2357): totalWakeupCount=0
11-20 07:20:06.836 V/LigerRadioStatsReporter( 2357): httpUpBytes=0
11-20 07:20:06.836 V/LigerRadioStatsReporter( 2357): httpDownBytes=0
11-20 07:20:06.836 V/LigerRadioStatsReporter( 2357): httpWakeupCount=0
11-20 07:20:06.836 V/LigerRadioStatsReporter( 2357): httpRequestCount=0
11-20 07:20:06.836 V/LigerRadioStatsReporter( 2357): httpActiveRadioTimeMs=0
11-20 07:20:06.836 V/LigerRadioStatsReporter( 2357): httpTailRadioTimeMs=13993
11-20 07:20:06.836 V/LigerRadioStatsReporter( 2357): reportAndCheckpointRadioStats: Tx=0
11-20 07:20:06.836 V/LigerRadioStatsReporter( 2357): reportAndCheckpointRadioStats: Rx=0
11-20 07:20:06.836 V/LigerRadioStatsReporter( 2357): reportAndCheckpointRadioStats: Uids=10027
11-20 07:20:06.836 V/LigerRadioStatsReporter( 2357): reportAndCheckpointRadioStats: Tags=null
11-20 07:20:06.844 D/DeviceAuthService(28013): isOculusAddressResolvable returned true
11-20 07:20:06.844 D/DeviceAuthenticator(28013): Fetching new credentials asynchronously
11-20 07:20:06.845 D/ConnectivityService( 1186): Setting DNS servers for network 147 to [/192.168.1.1]
11-20 07:20:06.846 D/DnsManager( 1186): sendDnsConfigurationForNetwork(147, [192.168.1.1], [], 1800, 25, 8, 64, 0, 0, , [192.168.1.1])
11-20 07:20:06.853 D/DeviceAuthenticator(28013): Calling DeviceAuth.authenticate()
11-20 07:20:06.857 E/DeviceCertService(  545): This device *might* have a provisioning issue. Please run `maui provision check` to verify.
11-20 07:20:06.857 E/DeviceCertService(  545): See https://fburl.com/wiki/a9hho0p9 for more information.
11-20 07:20:06.857 E/DeviceCertService(  545): Could not access certificate file '/mnt/vendor/persist/certificates/device_identityinsecure.crt', error 2: No such file or directory
11-20 07:20:06.857 D/QCNEJ/WlanStaInfoRelay( 1907): AndroidValidate from false to true
11-20 07:20:06.857 E/DeviceAuthenticator(28013): ERROR: java.lang.RuntimeException: devicecert returned error FILESYSTEM_ERROR
11-20 07:20:06.857 E/DeviceAuthenticator(28013): 
11-20 07:20:06.857 E/DeviceAuthenticator(28013): com.facebook.mos.sdk.devicecert.DeviceIdentityException: java.lang.RuntimeException: devicecert returned error FILESYSTEM_ERROR
11-20 07:20:06.857 E/DeviceAuthenticator(28013): 
11-20 07:20:06.872 D/QCNEJ/WlanStaInfoRelay( 1907): retrieveCountryCode:Location obtained from Telephony: us
11-20 07:20:06.876 W/resolv  (  462): Validating DnsTlsServer on netId 147
11-20 07:20:06.877 D/WifiConnector( 2870): Configured Networks Changed
11-20 07:20:06.880 W/resolv  (  462): SSL_connect ssl error =5, mark 0xf0093: Connection refused
11-20 07:20:06.881 W/resolv  (  462): Validation failed
11-20 07:20:06.887 I/WifiClientModeImpl( 1186): Default Gateway MAC address of 6c:cd:d6:25:63:2a from routes is : 6c:cd:d6:25:63:2a
11-20 07:20:07.284 E/QMI_FW  (  915): qmi_cci_get_ref: ref count increased 2
11-20 07:20:07.303 I/chatty  (  915): uid=1000(system) /system/vendor/bin/cnd identical 2 lines
11-20 07:20:07.306 E/QMI_FW  (  915): qmi_cci_get_ref: ref count increased 2
11-20 07:20:07.313 E/QMI_FW  ( 1042): qmi_cci_get_ref: ref count increased 2
11-20 07:20:07.316 E/QMI_FW  ( 1042): qmi_cci_get_ref: ref count increased 2
11-20 07:20:07.339 E/QMI_FW  ( 1042): qmi_cci_get_ref: ref count increased 2
11-20 07:20:07.361 I/chatty  ( 1042): uid=1001(radio) main identical 2 lines
11-20 07:20:07.367 E/QMI_FW  ( 1042): qmi_cci_get_ref: ref count increased 2
11-20 07:20:07.371 I/chatty  ( 1186): uid=1000(system) WifiHandlerThre expire 10 lines
11-20 07:20:07.371 E/QMI_FW  ( 1042): qmi_cci_get_ref: ref count increased 2
11-20 07:20:07.373 E/QMI_FW  ( 1042): qmi_cci_get_ref: ref count increased 2
11-20 07:20:07.374 E/QMI_FW  ( 1042): qmi_cci_get_ref: ref count increased 2
11-20 07:20:07.376 E/QMI_FW  ( 1042): qmi_cci_get_ref: ref count increased 2
11-20 07:20:07.376 E/QMI_FW  ( 1042): qmi_cci_get_ref: ref count increased 2
11-20 07:20:07.378 E/QMI_FW  ( 1042): qmi_cci_get_ref: ref count increased 2
11-20 07:20:07.379 E/QMI_FW  ( 1042): qmi_cci_get_ref: ref count increased 2
11-20 07:20:07.380 D/PhoneInterfaceManager( 1984): setModemActivityInfo
11-20 07:20:07.380 D/FbSideCarManager( 1984): setModemActivityInfo
11-20 07:20:07.380 D/FbSideCarManager( 1984): setModemActivityInfo
11-20 07:20:07.380 D/WirelessInsightServiceImpl( 1984): setModemActivityInfo
11-20 07:20:07.380 D/FbSideCarManager( 1984): setModemActivityInfoInternal success
11-20 07:20:07.380 D/PhoneInterfaceManager( 1984): setModemActivityInfo: success.
11-20 07:20:07.380 D/WirelessInsightServiceImpl( 1984): notifyListeners: listeners = 0, modemActivityInfo = ModemActivityInfo{ mTimestamp=55895103 mSleepTimeMs=34623772 mIdleTimeMs=300197 mTransmitPowerInfo[]=[TransmitPower{ mTimeInMillis=27 mPowerRangeInDbm={-2147483648,0}}, TransmitPower{ mTimeInMillis=771896 mPowerRangeInDbm={0,5}}, TransmitPower{ mTimeInMillis=6653 mPowerRangeInDbm={5,15}}, TransmitPower{ mTimeInMillis=36523 mPowerRangeInDbm={15,20}}, TransmitPower{ mTimeInMillis=494171 mPowerRangeInDbm={20,2147483647}}] mRxTimeMs=19626849}
11-20 07:20:07.381 E/QMI_FW  ( 1042): qmi_cci_get_ref: ref count increased 2
11-20 07:20:07.386 I/chatty  ( 1186): uid=1000(system) pool-9-thread-1 expire 1 line
11-20 07:20:07.388 E/QMI_FW  ( 1042): qmi_cci_get_ref: ref count increased 2
11-20 07:20:07.402 I/chatty  ( 1042): uid=1001(radio) main identical 5 lines
11-20 07:20:07.403 E/QMI_FW  ( 1042): qmi_cci_get_ref: ref count increased 2
11-20 07:20:07.411 E/QMI_FW  ( 1042): qmi_cci_get_ref: ref count increased 2
11-20 07:20:07.816 I/chatty  ( 1186): uid=1000(system) HeapTaskDaemon expire 1 line
11-20 07:20:07.960 I/Nat464Xlat( 1186): Android Xlat is disabled
11-20 07:20:07.961 D/QCNEJ/WlanStaInfoRelay( 1907): Received action: android.net.wifi.LINK_CONFIGURATION_CHANGED
11-20 07:20:07.961 E/QCNEJ/WlanStaInfoRelay( 1907): update link properties given null lp
11-20 07:20:08.029 D/QCNEJ/NativeHalConnector( 1907): -> SND notifyWifiAvailable(v4Connected = truev6Connected = , false, isAndroidValidated = true)
11-20 07:20:09.030 D/mcu_health_checker(  934): Sent MCU Health Request
11-20 07:20:07.960 I/Nat464Xlat( 1186): Android Xlat is disabled
11-20 07:20:09.030 D/commandrouter( 1006): SocServiceHandle::onServiceMessage, SoC Service = mcu_healthcheck_934, appType = 1, type = SVC_REQ, clientId = 0, token = 930, payloadLen = 20, result = 0, payload.size() = 20
11-20 07:20:09.034 D/commandrouter( 1006): mcu_healthcheck_934 (1, merlot:mcu_health:control): <ServiceResponse> FORWARDED (remote -> local) CR token ID = 930, service client ID = 5, token ID = 32263, result = 0
11-20 07:20:09.034 D/mcu_health_checker(  934): MCU Health Response: MCU_OK
11-20 07:20:09.034 D/mcu_health_checker(  934): MCU Session 0, uptime = 55857823 ms
11-20 07:20:09.034 D/mcu_health_checker(  934): mSensorErrs[0]: 0
11-20 07:20:09.034 D/mcu_health_checker(  934): mSensorErrs[1]: 0
11-20 07:20:09.035 D/mcu_health_checker(  934): mSensorErrs[2]: 0
11-20 07:20:09.209 D/QCNEJ/WlanStaInfoRelay( 1907): Received action: android.net.wifi.RSSI_CHANGED
11-20 07:20:09.209 D/WearableConnectivityManager(11143): onWifiStrengthChange: -33
11-20 07:20:09.218 V/LigerRadioStatsReporter( 2357): onCapabilitiesChanged: Network capabilities changed
11-20 07:20:09.218 V/LigerRadioStatsReporter( 2357): reportAndCheckpointRadioStats
11-20 07:20:09.219 V/LigerRadioStatsReporter( 2357): +++++++++++ RADIO STATS DUMP +++++++++++
11-20 07:20:09.219 V/LigerRadioStatsReporter( 2357): totalActiveRadioTimeMs=0
11-20 07:20:09.219 V/LigerRadioStatsReporter( 2357): totalTailRadioTimeMs=13993
11-20 07:20:09.219 V/LigerRadioStatsReporter( 2357): totalWakeupCount=0
11-20 07:20:09.220 V/LigerRadioStatsReporter( 2357): httpUpBytes=0
11-20 07:20:09.220 V/LigerRadioStatsReporter( 2357): httpDownBytes=0
11-20 07:20:09.220 V/LigerRadioStatsReporter( 2357): httpWakeupCount=0
11-20 07:20:09.220 V/LigerRadioStatsReporter( 2357): httpRequestCount=0
11-20 07:20:09.220 V/LigerRadioStatsReporter( 2357): httpActiveRadioTimeMs=0
11-20 07:20:09.220 V/LigerRadioStatsReporter( 2357): httpTailRadioTimeMs=13993
11-20 07:20:09.220 V/LigerRadioStatsReporter( 2357): reportAndCheckpointRadioStats: Tx=0
11-20 07:20:09.220 V/LigerRadioStatsReporter( 2357): reportAndCheckpointRadioStats: Rx=0
11-20 07:20:09.220 V/LigerRadioStatsReporter( 2357): reportAndCheckpointRadioStats: Uids=10027
11-20 07:20:09.220 V/LigerRadioStatsReporter( 2357): reportAndCheckpointRadioStats: Tags=null
11-20 07:20:09.457 E/QMI_FW  ( 1042): qmi_cci_get_ref: ref count increased 2
11-20 07:20:09.459 E/QMI_FW  ( 1042): qmi_cci_get_ref: ref count increased 2
11-20 07:20:09.473 I/WearableConnectivityManager(11143): LTE Signal strength is: 2
11-20 07:20:09.474 I/WearableConnectivityManager(11143): Cellular Signal strength is: 2
11-20 07:20:09.474 D/RadioLinkQualityScoreBuilder( 1984): scoreRsrp: 3scoreRsrq: 2scoreRssnr: 3
11-20 07:20:09.474 D/WirelessInsightServiceImpl( 1984): onSignalStrengthsChanged: SignalStrength = SignalStrength:{mCdma=CellSignalStrengthCdma: cdmaDbm=2147483647 cdmaEcio=2147483647 evdoDbm=2147483647 evdoEcio=2147483647 evdoSnr=2147483647 level=0,mGsm=CellSignalStrengthGsm: rssi=2147483647 ber=2147483647 mTa=2147483647 mLevel=0,mWcdma=CellSignalStrengthWcdma: ss=2147483647 ber=2147483647 rscp=2147483647 ecno=2147483647 level=0,mTdscdma=CellSignalStrengthTdscdma: rssi=2147483647 ber=2147483647 rscp=2147483647 level=0,mLte=CellSignalStrengthLte: rssi=-77 rsrp=-111 rsrq=-15 rssnr=9 cqi=2147483647 ta=2147483647 level=2 parametersUseForLevel=0,mNr=CellSignalStrengthNr:{ csiRsrp = 2147483647 csiRsrq = 2147483647 csiSinr = 2147483647 ssRsrp = 2147483647 ssRsrq = 2147483647 ssSinr = 2147483647 level = 0 parametersUseForLevel = 0 },primary=CellSignalStrengthLte}
11-20 07:20:09.474 D/WirelessInsightServiceImpl( 1984): Score: 2
11-20 07:20:09.474 D/WirelessInsightServiceImpl( 1984): notifyListeners: listeners = 0, score = 2
11-20 07:20:12.716 E/QMI_FW  ( 1042): qmi_cci_get_ref: ref count increased 2
11-20 07:20:12.716 E/QMI_FW  ( 1042): qmi_cci_get_ref: ref count increased 2
11-20 07:20:12.717 E/QMI_FW  ( 1042): qmi_cci_get_ref: ref count increased 2
11-20 07:20:13.862 D/commandrouter( 1006): rtc_sync (1, rtc:sync): <ServiceRequest> FORWARDED (remote -> local) service client ID = 0, token ID = 38353
11-20 07:20:13.862 D/vendor.facebook.rtc_sync@1.0-service( 1145): Request req_ts=1637392813857526032 resp_ts=1637392813862516549
11-20 07:20:13.863 D/commandrouter( 1006): SocServiceHandle::onServiceMessage, SoC Service = rtc_sync, appType = 1, type = SVC_RESP, clientId = 0, token = 38353, payloadLen = 8, result = 0, payload.size() = 8
11-20 07:20:14.044 I/vendor.rmt_storage(  621): rmt_storage_connect_cb: clnt_h=0x5f conn_h=0x9ea89030
11-20 07:20:14.044 I/vendor.rmt_storage(  621): rmt_storage_rw_iovec_cb: /boot/modem_fs1: req_h=0x5f msg_id=3: R/W request received (wr_count 87)
11-20 07:20:14.044 I/vendor.rmt_storage(  621): wakelock acquired: 1, error no: 11
11-20 07:20:14.044 I/vendor.rmt_storage(  621): rmt_storage_client_thread: /boot/modem_fs1: Unblock worker thread (th_id: -1644879424)
11-20 07:20:14.131 I/vendor.rmt_storage(  621): rmt_storage_client_thread: /boot/modem_fs1: req_h=0x5f msg_id=3: Bytes written = 1572864, wr_count 87
11-20 07:20:14.131 I/vendor.rmt_storage(  621): rmt_storage_client_thread: /boot/modem_fs1: req_h=0x5f msg_id=3: Send response: res=0 err=0, wr_count 87
11-20 07:20:14.131 I/vendor.rmt_storage(  621): rmt_storage_client_thread: /boot/modem_fs1: About to block rmt_storage client thread (th_id: -1644879424) wakelock released: 1, error no: 22
11-20 07:20:14.131 I/vendor.rmt_storage(  621): 
11-20 07:20:14.138 I/vendor.rmt_storage(  621): rmt_storage_disconnect_cb: clnt_h=0x5f conn_h=0x9ea89030
11-20 07:20:15.303 D/mcu_health_checker( 1029): Sent MCU Health Request
11-20 07:20:15.303 D/commandrouter( 1006): SocServiceHandle::onServiceMessage, SoC Service = mcu_healthcheck_1029, appType = 1, type = SVC_REQ, clientId = 0, token = 1861, payloadLen = 12, result = 0, payload.size() = 12
11-20 07:20:15.306 D/commandrouter( 1006): mcu_healthcheck_1029 (1, merlot:mcu_health:control): <ServiceResponse> FORWARDED (remote -> local) CR token ID = 1861, service client ID = 40, token ID = 32264, result = 0
11-20 07:20:15.306 D/mcu_health_checker( 1029): MCU Health Response: MCU_OK
11-20 07:20:15.306 D/mcu_health_checker( 1029): MCU Session 0, uptime = 55864097 ms
11-20 07:20:15.306 D/mculinkhealth( 1029): isMcuReachable 1 (3 ms)
11-20 07:20:21.670 E/QMI_FW  ( 1042): qmi_cci_get_ref: ref count increased 2
11-20 07:20:21.671 E/QMI_FW  ( 1042): qmi_cci_get_ref: ref count increased 2
11-20 07:20:21.683 I/WearableConnectivityManager(11143): LTE Signal strength is: 2
11-20 07:20:21.683 I/WearableConnectivityManager(11143): Cellular Signal strength is: 2
11-20 07:20:21.685 D/RadioLinkQualityScoreBuilder( 1984): scoreRsrp: 3scoreRsrq: 3scoreRssnr: 4
11-20 07:20:21.685 D/WirelessInsightServiceImpl( 1984): onSignalStrengthsChanged: SignalStrength = SignalStrength:{mCdma=CellSignalStrengthCdma: cdmaDbm=2147483647 cdmaEcio=2147483647 evdoDbm=2147483647 evdoEcio=2147483647 evdoSnr=2147483647 level=0,mGsm=CellSignalStrengthGsm: rssi=2147483647 ber=2147483647 mTa=2147483647 mLevel=0,mWcdma=CellSignalStrengthWcdma: ss=2147483647 ber=2147483647 rscp=2147483647 ecno=2147483647 level=0,mTdscdma=CellSignalStrengthTdscdma: rssi=2147483647 ber=2147483647 rscp=2147483647 level=0,mLte=CellSignalStrengthLte: rssi=-79 rsrp=-111 rsrq=-13 rssnr=11 cqi=2147483647 ta=2147483647 level=2 parametersUseForLevel=0,mNr=CellSignalStrengthNr:{ csiRsrp = 2147483647 csiRsrq = 2147483647 csiSinr = 2147483647 ssRsrp = 2147483647 ssRsrq = 2147483647 ssSinr = 2147483647 level = 0 parametersUseForLevel = 0 },primary=CellSignalStrengthLte}
11-20 07:20:21.685 D/WirelessInsightServiceImpl( 1984): Score: 3
11-20 07:20:21.685 D/WirelessInsightServiceImpl( 1984): notifyListeners: listeners = 0, score = 3
11-20 07:20:23.859 D/commandrouter( 1006): rtc_sync (1, rtc:sync): <ServiceRequest> FORWARDED (remote -> local) service client ID = 0, token ID = 38354
11-20 07:20:23.859 D/vendor.facebook.rtc_sync@1.0-service( 1145): Request req_ts=1637392823856516549 resp_ts=1637392823859479930
11-20 07:20:23.859 D/commandrouter( 1006): SocServiceHandle::onServiceMessage, SoC Service = rtc_sync, appType = 1, type = SVC_RESP, clientId = 0, token = 38354, payloadLen = 8, result = 0, payload.size() = 8
11-20 07:20:24.395 I/chatty  ( 1186): uid=1000(system) WifiScanningSer expire 2 lines
11-20 07:20:24.397 I/chatty  ( 1026): uid=1021(gps) lowi-server expire 178 lines
11-20 07:20:24.397 V/WifiHAL (  544): event received NL80211_CMD_TRIGGER_SCAN
11-20 07:20:24.567 I/chatty  ( 1186): uid=1000(system) Binder:1186_B expire 10 lines
11-20 07:20:24.575 V/WifiHAL (  544): event received NL80211_CMD_NEW_SCAN_RESULTS
11-20 07:20:24.580 I/chatty  ( 1026): uid=1021(gps) lowi-server expire 7 lines
11-20 07:20:25.761 D/UIAutomatorStub(19450): URI: /jsonrpc/0, Method: POST, Header: {content-length=102, remote-addr=127.0.0.1, http-client-ip=127.0.0.1, host=localhost:9012, content-type=application/json, accept-encoding=identity}, params, {NanoHttpd.QUERY_STRING=null}, files: {postData={"jsonrpc": "2.0", "method": "pressKey", "id": "557c3fa81e803e863abe0534689f6c05", "params": ["back"]}}
11-20 07:20:25.794 D/AutofillManagerService( 1186): onBackKeyPressed()
11-20 07:20:25.834 W/HWComposer(  598): Ignoring duplicate VSYNC event from HWC for display 0 (t=55913559826065)
11-20 07:20:25.834 D/UIAutomatorStub(19450): URI: /jsonrpc/0, Method: POST, Header: {content-length=102, remote-addr=127.0.0.1, http-client-ip=127.0.0.1, host=localhost:9012, content-type=application/json, accept-encoding=identity}, params, {NanoHttpd.QUERY_STRING=null}, files: {postData={"jsonrpc": "2.0", "method": "pressKey", "id": "2e2b124a3ff2e2f921ed6c3c1137507a", "params": ["back"]}}
11-20 07:20:25.868 W/HWComposer(  598): Ignoring duplicate VSYNC event from HWC for display 0 (t=55913593651429)
11-20 07:20:26.372 D/UIAutomatorStub(19450): URI: /jsonrpc/0, Method: POST, Header: {content-length=102, remote-addr=127.0.0.1, http-client-ip=127.0.0.1, host=localhost:9012, content-type=application/json, accept-encoding=identity}, params, {NanoHttpd.QUERY_STRING=null}, files: {postData={"jsonrpc": "2.0", "method": "pressKey", "id": "016da42fe64c13536f485c1892ac266b", "params": ["back"]}}
11-20 07:20:26.884 I/chatty  ( 1186): uid=1000 system_server expire 1 line
11-20 07:20:26.906 D/ComplicationController(11143): Starting complication controller. Face Type: OdysseyWatchFace
11-20 07:20:26.907 D/ComplicationDataManagerImpl(11143): Updating complication data for package: com.facebook.wearable.apps.heart, id: com.facebook.wearable.apps.heart.HEART_RATE
11-20 07:20:26.907 D/ComplicationDataManagerImpl(11143): Updating complication data for package: com.facebook.wearable.apps.weather, id: com.facebook.wearable.apps.weather.SHORTCUT_COMPLICATION
11-20 07:20:26.907 D/ComplicationDataManagerImpl(11143): Updating complication data for package: com.facebook.wearable.apps.workout, id: com.facebook.wearable.apps.workout.SHORTCUT_COMPLICATION
11-20 07:20:26.907 D/ComplicationDataManagerImpl(11143): Updating complication data for package: com.facebook.wearable.apps.gallery, id: com.facebook.wearable.apps.gallery.SHORTCUT_COMPLICATION
11-20 07:20:26.907 D/ComplicationDataManagerImpl(11143): Updating complication data for package: com.facebook.wearable.apps.clock, id: com.facebook.wearable.apps.clock.SHORTCUT_COMPLICATION
11-20 07:20:26.907 D/ComplicationDataManagerImpl(11143): Updating complication data for package: com.facebook.wearable.apps.player, id: com.facebook.wearable.apps.player.SHORTCUT_COMPLICATION
11-20 07:20:26.907 D/ComplicationDataManagerImpl(11143): Updating complication data for package: com.facebook.wearable.apps.calendar, id: com.facebook.wearable.apps.calendar.SHORTCUT_COMPLICATION
11-20 07:20:26.909 E/DayDateSystemComplicationProvider(11143): Updating Day Date System Complication
11-20 07:20:26.909 D/ComplicationDataManagerImpl(11143): Updating complication data for package: com.facebook.wearable.apps.calendar, id: com.facebook.wearable.apps.calendar.DAY_DATE_COMPLICATION
11-20 07:20:26.913 D/ComplicationDataManagerImpl(11143): Fetching complication data for package: com.facebook.wearable.apps.calendar, com.facebook.wearable.apps.calendar.DAY_DATE_COMPLICATION.
11-20 07:20:26.914 D/ComplicationDataManagerImpl(11143): Fetching complication data for package: com.facebook.wearable.apps.player, com.facebook.wearable.apps.player.SHORTCUT_COMPLICATION.
11-20 07:20:26.914 D/ComplicationDataManagerImpl(11143): Fetching complication data for package: com.facebook.wearable.apps.gallery, com.facebook.wearable.apps.gallery.SHORTCUT_COMPLICATION.
11-20 07:20:26.915 D/ComplicationDataManagerImpl(11143): Fetching complication data for package: com.facebook.wearable.apps.heart, com.facebook.wearable.apps.heart.HEART_RATE.
11-20 07:20:26.923 D/LauncherActivity(11143): onResume: Intent { cat=[android.intent.category.HOME] flg=0x10000100 cmp=com.facebook.wearable.system.launcher/.LauncherActivity }
11-20 07:20:26.924 D/LauncherIntentProcessor(11143): processLauncherActivityIntent: Intent { cat=[android.intent.category.HOME] flg=0x10000100 cmp=com.facebook.wearable.system.launcher/.LauncherActivity }
11-20 07:20:26.934 D/TetheredPhoneUtil(11143): Retrieving the tethered phone status
11-20 07:20:26.935 D/TetheredPhoneUtil(11143): Found tethered phone status: false
11-20 07:20:26.947 D/FacebookRepository(11143): Reading from Store [250223709649332]
11-20 07:20:26.977 I/chatty  ( 1186): uid=1000(system) ActivityManager expire 12 lines
11-20 07:20:27.046 I/chatty  ( 1186): uid=1000(system) Binder:1186_1F expire 3 lines
11-20 07:20:27.267 I/chatty  ( 1186): uid=1000(system) Binder:1186_D expire 3 lines
11-20 07:20:27.302 D/UIAutomatorStub(19450): URI: /jsonrpc/0, Method: POST, Header: {content-length=102, remote-addr=127.0.0.1, http-client-ip=127.0.0.1, host=localhost:9012, content-type=application/json, accept-encoding=identity}, params, {NanoHttpd.QUERY_STRING=null}, files: {postData={"jsonrpc": "2.0", "method": "pressKey", "id": "6c6841b1a9eae8952ea37c4aefbfd70d", "params": ["back"]}}
11-20 07:20:27.476 E/ANDR-PERF-OPTSHANDLER(  552): perf_lock_rel: failed for /sys/class/kgsl/kgsl-3d0/min_pwrlevel as previous value is not stored
11-20 07:20:27.477 E/ANDR-PERF-RESOURCEQS(  552): Failed to reset optimization [3, 0]
11-20 07:20:28.147 W/HWComposer(  598): Ignoring duplicate VSYNC event from HWC for display 0 (t=55915873100022)
11-20 07:20:28.633 D/LauncherActivity(11143): onKeyUp() called with keycode:4, event: KeyEvent { action=ACTION_UP, keyCode=KEYCODE_BACK, scanCode=0, metaState=0, flags=0x200, repeatCount=0, eventTime=55916328, downTime=55916328, deviceId=-1, source=0x101, displayId=-1 }
11-20 07:20:26.844 I/chatty  ( 1186): uid=1000(system) android.ui identical 2 lines
11-20 07:20:28.631 D/AutofillManagerService( 1186): onBackKeyPressed()
11-20 07:20:29.156 W/ActivityManager( 1186): Invalid packageName: com.facebook.wearable.system.settings/com.facebook.wearable.system.settings.SettingsActivity
11-20 07:20:29.159 I/cmd     (31079): oneway function results will be dropped but finished with status OK and parcel size 4
11-20 07:20:29.290 I/ActivityTaskManager( 1186): START u0 {flg=0x10000000 cmp=com.facebook.wearable.system.settings/.SettingsActivity} from uid 0
11-20 07:20:29.312 I/ActivityTaskManager( 1186): The Process com.facebook.wearable.system.settings Already Exists in BG. So sending its PID: 13351
