11-21 15:17:52.504 E/SupplicantStaIfaceHal( 1186): Can't call getKeyMgmtCapabilities_1_3, ISupplicantStaIface is null
11-21 15:17:52.505 V/WifiHAL (  544): event received NL80211_CMD_DISCONNECT
11-21 15:17:52.506 V/WifiHAL (  544): WifiVendorCommand 0xaadf1b98 created vendor_id:0x1374 subcmd:38
11-21 15:17:52.507 V/WifiHAL (  544): Got a Wi-Fi HAL module message from Driver
11-21 15:17:52.507 V/WifiHAL (  544): Supported feature set : 19d3d
11-21 15:17:52.507 V/WifiHAL (  544): Supported feature set acquired : 19d3d
11-21 15:17:52.507 V/WifiHAL (  544): WifiVendorCommand 0x986892d0 created vendor_id:0x1374 subcmd:76
11-21 15:17:52.507 V/WifiHAL (  544): create: mVendor_id = 4980, Subcmd = 76.
11-21 15:17:52.509 V/WifiHAL (  544): WifiVendorCommand 0xaadf1cc8 created vendor_id:0x1374 subcmd:38
11-21 15:17:52.510 V/WifiHAL (  544): Got a Wi-Fi HAL module message from Driver
11-21 15:17:52.510 V/WifiHAL (  544): Supported feature set : 19d3d
11-21 15:17:52.510 V/WifiHAL (  544): Supported feature set acquired : 19d3d
11-21 15:17:52.510 V/WifiHAL (  544): WifiVendorCommand 0x986892d0 created vendor_id:0x1374 subcmd:76
11-21 15:17:52.510 V/WifiHAL (  544): create: mVendor_id = 4980, Subcmd = 76.
11-21 15:17:52.517 E/StickerBundleDatabaseWorker( 2334): Failed to fetch sticker bundles:
11-21 15:17:52.517 E/StickerBundleDatabaseWorker( 2334): kotlinx.coroutines.JobCancellationException: Job was cancelled; job=JobImpl{Cancelling}@966af14
11-21 15:17:52.517 I/WM-WorkerWrapper( 2334): Work [ id=e596069b-4a6f-495d-b19d-a8669de7ea86, tags={ com.facebook.wearable.system.selfcare.sharing.StickerBundleDatabaseWorker } ] was cancelled
11-21 15:17:52.517 I/WM-WorkerWrapper( 2334): java.util.concurrent.CancellationException: Task was cancelled.
11-21 15:17:52.517 I/WM-WorkerWrapper( 2334): 	at androidx.work.impl.utils.futures.AbstractFuture.getDoneValue(:32)
11-21 15:17:52.517 I/WM-WorkerWrapper( 2334): 	at androidx.work.impl.utils.futures.AbstractFuture.get(:268435546)
11-21 15:17:52.517 I/WM-WorkerWrapper( 2334): 	at androidx.work.impl.WorkerWrapper$2.run(:3)
11-21 15:17:52.517 I/WM-WorkerWrapper( 2334): 	at androidx.work.impl.utils.SerialExecutor$Task.run(:2)
11-21 15:17:52.517 I/WM-WorkerWrapper( 2334): 	at java.util.concurrent.ThreadPoolExecutor.runWorker(ThreadPoolExecutor.java:1167)
11-21 15:17:52.517 I/WM-WorkerWrapper( 2334): 	at java.util.concurrent.ThreadPoolExecutor$Worker.run(ThreadPoolExecutor.java:641)
11-21 15:17:52.517 I/WM-WorkerWrapper( 2334): 	at java.lang.Thread.run(Thread.java:923)
11-21 15:17:52.517 E/SupplicantStaIfaceHal( 1186): Can't call getWpaDriverFeatureSet, ISupplicantStaIface is null
11-21 15:17:52.518 I/WifiNative( 1186): Successfully switched to scan mode on iface=Iface:{Name=wlan0,Id=0,Type=STA_SCAN}
11-21 15:17:52.518 D/SettingsSDK::SyncHelper( 2334): Read setting com.facebook.wearable.sdk.selfcare:SELFCARE_SERVICE_ENABLED from persistent cache
11-21 15:17:52.518 D/FacebookRepository( 2334): Reading from Store [906581286488774]
11-21 15:17:52.518 D/BluetoothAdapterService( 1710): Soft AP is on band: 1
11-21 15:17:52.519 D/WifiClientModeManager0( 1186): entering ScanOnlyModeState
11-21 15:17:52.519 D/WifiScanRequestProxy( 1186): Sending scan available broadcast: true
11-21 15:17:52.520 D/WifiP2pService( 1186): Wifi enabled=false, P2P Interface availability=true
11-21 15:17:52.520 I/WifiScanningService( 1186): Received a request to enable scanning, UID = 1000
11-21 15:17:52.520 D/BluetoothVendorService( 1710): getPowerBackoff 
11-21 15:17:52.520 I/WifiScanningService( 1186): scanner impls already exists
11-21 15:17:52.521 D/BluetoothVendorService( 1710): setPowerBackoff to: false
11-21 15:17:52.521 I/BluetoothVendorJni( 1710): setPowerBackoffNative
11-21 15:17:52.521 I/bt_btif_vendor( 1710): setPowerBackOffState :0 
11-21 15:17:52.521 E/WifiScanningService( 1186): wifi driver loaded received while already loaded
11-21 15:17:52.521 I/WifiScanRequestProxy( 1186): Scanning is enabled
11-21 15:17:52.521 I/WifiScanRequestProxy( 1186): Scanning for hidden networks is disabled
11-21 15:17:52.521 W/bt_btif ( 1710): bta_dm_power_back_off: power_back_off feature not supported
11-21 15:17:52.522 D/BluetoothAdapterService( 1710): android.net.wifi.WIFI_STATE_CHANGED
11-21 15:17:52.523 D/WakeupController( 1186): start()
11-21 15:17:52.523 D/WakeupController( 1186): Setting active to true
11-21 15:17:52.525 W/SupplicantP2pIfaceHal( 1186): ISupplicantVendor/ISupplicantVendorP2PIface died: cookie=0
11-21 15:17:52.525 W/SupplicantStaIfaceHal( 1186): ISupplicantVendor/ISupplicantVendorStaIface died: cookie=0
11-21 15:17:52.525 W/SupplicantStaIfaceHal( 1186): ISupplicantVendor/ISupplicantVendorStaIface died: cookie=0
11-21 15:17:52.525 W/SupplicantP2pIfaceHal( 1186): ISupplicant/ISupplicantP2pIface died: cookie=0
11-21 15:17:52.525 W/SupplicantP2pIfaceHal( 1186): ISupplicantVendor/ISupplicantVendorP2PIface died: cookie=0
11-21 15:17:52.526 W/SupplicantP2pIfaceHal( 1186): ISupplicant/ISupplicantP2pIface died: cookie=0
11-21 15:17:52.526 D/SupplicantStaIfaceHal( 1186): ISupplicant died: cookie=-8959489901416613703
11-21 15:17:52.534 D/WakeupLock( 1186): Lock set. Number of networks: 1
11-21 15:17:52.536 D/WifiClientModeImpl( 1186): ClientModeImpl: Leaving Connected state
11-21 15:17:52.538 D/WifiCountryCode( 1186): updateCountryCode to US
11-21 15:17:52.539 E/SupplicantStaIfaceHal( 1186): Can't call setCountryCode, ISupplicantStaIface is null
11-21 15:17:52.539 D/WifiCountryCode( 1186): Failed to set country code to: US
11-21 15:17:52.546 E/SupplicantStaIfaceHal( 1186): Can't call listNetworks, ISupplicantStaIface is null
11-21 15:17:52.546 E/SupplicantStaIfaceHal( 1186): removeAllNetworks failed, got null networks
11-21 15:17:52.546 E/WifiClientModeImpl( 1186): Failed to remove networks on exiting connect mode
11-21 15:17:52.550 E/WakeupController( 1186): Unexpected setLastDisconnectInfo when WakeupController is active!
11-21 15:17:52.552 E/WifiVendorHal( 1186): stopRssiMonitoring(l.2106) failed {.code = ERROR_NOT_AVAILABLE, .description = }
11-21 15:17:52.552 E/SupplicantStaIfaceHal( 1186): Can't call setPowerSave, ISupplicantStaIface is null
11-21 15:17:52.552 E/SupplicantStaIfaceHal( 1186): Can't call setBtCoexistenceMode, ISupplicantStaIface is null
11-21 15:17:52.552 V/WifiClientModeImpl( 1186): stopIpClient IpClientWithPreConnection: false
11-21 15:17:52.552 V/WifiClientModeImpl( 1186): java.lang.Throwable
11-21 15:17:52.552 V/WifiClientModeImpl( 1186): 	at com.android.server.wifi.ClientModeImpl.stopIpClient(ClientModeImpl.java:1127)
11-21 15:17:52.552 V/WifiClientModeImpl( 1186): 	at com.android.server.wifi.ClientModeImpl.stopDhcpSetup(ClientModeImpl.java:1153)
11-21 15:17:52.552 V/WifiClientModeImpl( 1186): 	at com.android.server.wifi.ClientModeImpl.handleNetworkDisconnect(ClientModeImpl.java:2945)
11-21 15:17:52.552 V/WifiClientModeImpl( 1186): 	at com.android.server.wifi.ClientModeImpl.stopClientMode(ClientModeImpl.java:3889)
11-21 15:17:52.552 V/WifiClientModeImpl( 1186): 	at com.android.server.wifi.ClientModeImpl.access$4600(ClientModeImpl.java:176)
11-21 15:17:52.552 V/WifiClientModeImpl( 1186): 	at com.android.server.wifi.ClientModeImpl$ConnectModeState.exit(ClientModeImpl.java:4064)
11-21 15:17:52.552 V/WifiClientModeImpl( 1186): 	at com.android.wifi.x.com.android.internal.util.StateMachine$SmHandler.invokeExitMethods(StateMachine.java:1021)
11-21 15:17:52.552 V/WifiClientModeImpl( 1186): 	at com.android.wifi.x.com.android.internal.util.StateMachine$SmHandler.performTransitions(StateMachine.java:877)
11-21 15:17:52.552 V/WifiClientModeImpl( 1186): 	at com.android.wifi.x.com.android.internal.util.StateMachine$SmHandler.handleMessage(StateMachine.java:819)
11-21 15:17:52.552 V/WifiClientModeImpl( 1186): 	at android.os.Handler.dispatchMessage(Handler.java:106)
11-21 15:17:52.552 V/WifiClientModeImpl( 1186): 	at android.os.Looper.loop(Looper.java:223)
11-21 15:17:52.552 V/WifiClientModeImpl( 1186): 	at android.os.HandlerThread.run(HandlerThread.java:67)
11-21 15:17:52.554 D/DhcpClient( 1186): doQuit
11-21 15:17:52.556 D/QCNEJ/WlanStaInfoRelay( 1907): Received action: android.net.wifi.STATE_CHANGE
11-21 15:17:52.557 D/WifiConnector( 2870): Network State Changed
11-21 15:17:52.557 D/ConnectivityService( 1186): [226 WIFI] EVENT_NETWORK_INFO_CHANGED, going from CONNECTED to DISCONNECTED
11-21 15:17:52.557 D/ConnectivityService( 1186): [226 WIFI] disconnected, was satisfying 27
11-21 15:17:52.558 D/QCNEJ/WlanStaInfoRelay( 1907): reset CountryCodeRetriever
11-21 15:17:52.561 D/WifiDiags( 1186): stopLogging() iface list is {} after removing wlan0
11-21 15:17:52.562 E/QMI_FW  (  915): qmi_cci_get_ref: ref count increased 2
11-21 15:17:52.562 E/WifiVendorHal( 1186): resetLogHandler(l.1558) failed {.code = ERROR_NOT_AVAILABLE, .description = }
11-21 15:17:52.562 W/WifiDiags( 1186): Fail to reset log handler
11-21 15:17:52.565 E/QMI_FW  (  915): qmi_cci_get_ref: ref count increased 2
11-21 15:17:52.570 E/QMI_FW  ( 1042): qmi_cci_get_ref: ref count increased 2
11-21 15:17:52.584 E/QMI_FW  ( 1042): qmi_cci_get_ref: ref count increased 2
11-21 15:17:52.585 D/WifiMemoryStoreImpl( 1186): Set cluster Ga6eb8feabe7908d4 for W958a1754935a727: SUCCESS
11-21 15:17:52.591 E/QMI_FW  ( 1042): qmi_cci_get_ref: ref count increased 2
11-21 15:17:52.597 I/chatty  ( 1042): uid=1001(radio) main identical 6 lines
11-21 15:17:52.598 E/QMI_FW  ( 1042): qmi_cci_get_ref: ref count increased 2
11-21 15:17:52.601 E/QMI_FW  ( 1042): qmi_cci_get_ref: ref count increased 2
11-21 15:17:52.618 I/chatty  ( 1042): uid=1001(radio) main identical 6 lines
11-21 15:17:52.619 E/QMI_FW  ( 1042): qmi_cci_get_ref: ref count increased 2
11-21 15:17:52.645 I/GnssNetworkConnectivityHandler( 1186): Network connection lost. Available networks count: 1
11-21 15:17:52.645 I/GnssNetworkConnectivityHandler( 1186): updateNetworkState, state=CLOSED, connected=false, network=226, capabilities=[ Transports: WIFI Capabilities: NOT_METERED&INTERNET&NOT_RESTRICTED&TRUSTED&NOT_VPN&VALIDATED&NOT_ROAMING&FOREGROUND&NOT_CONGESTED&NOT_SUSPENDED LinkUpBandwidth>=62000Kbps LinkDnBandwidth>=62000Kbps SignalStrength: -33 OwnerUid: 1000 AdministratorUids: [] SSID: "MTBF_Lab" RequestorUid: -1 RequestorPackageName: null], apn: , availableNetworkCount: 1
11-21 15:17:52.649 W/LocSvc_LocIpc(  527): send:66] failed reason: No such file or directory
11-21 15:17:52.650 I/Nat464Xlat( 1186): Android Xlat is disabled
11-21 15:17:52.651 D/DeviceAuthService( 7777): Network lost
11-21 15:17:52.655 D/QCNEJ/DefaultNetworkInfoRelay( 1907): Default network lost: 226
11-21 15:17:52.658 D/QCNEJ/WlanStaInfoRelay( 1907): network lost: 226
11-21 15:17:52.658 D/QCNEJ/WlanStaInfoRelay( 1907): onLost: unbind the process to WIFI
11-21 15:17:52.650 I/Nat464Xlat( 1186): Android Xlat is disabled
11-21 15:17:52.698 D/ConnectivityService( 1186): Sending DISCONNECTED broadcast for type 1 [226 WIFI] isDefaultNetwork=true
11-21 15:17:52.705 D/ConnectivityService( 1186): NetReassign [44 : null  101, 11 : null  101, 63 : null  101, 2885 : null  101, 2235 : null  101, 2877 : null  101, 17 : null  101, 25 : null  101, 1438 : null  101, 1 : null  101, 2887 : null  101, 8 : null  101, 12 : null  101, 14 : null  101, 16 : null  101, 22 : null  101]
11-21 15:17:52.706 E/NetlinkEvent(  462): NetlinkEvent::FindParam(): Parameter 'INTERFACE' not found
11-21 15:17:52.707 E/NetlinkEvent(  462): NetlinkEvent::FindParam(): Parameter 'STATE' not found
11-21 15:17:52.707 E/NetlinkEvent(  462): NetlinkEvent::FindParam(): Parameter 'TIME_NS' not found
11-21 15:17:52.707 E/NetlinkEvent(  462): NetlinkEvent::FindParam(): Parameter 'UID' not found
11-21 15:17:52.722 D/ConnectivityService( 1186): Switching to new default network: NetworkAgentInfo{ ni{[type: MOBILE[LTE], state: CONNECTED/CONNECTED, reason: (unspecified), extra: enhancedphone, failover: false, available: true, roaming: false]}  network{101}  nethandle{437197393933}  lp{{InterfaceName: rmnet_data2 LinkAddresses: [ 10.55.48.101/30,2600:381:4804:c4b6:8cdc:8f0b:afe1:ec6b/64 ] DnsAddresses: [ /172.26.38.2,/fc00:a:a::400 ] Domains: null MTU: 1430 TcpBufferSizes: 2097152,4194304,8388608,262144,524288,1048576 Routes: [ 0.0.0.0/0 -> 10.55.48.102 rmnet_data2 mtu 1430,::/0 -> fe80::9db2:334d:2872:1e0a rmnet_data2 mtu 1430,10.55.48.100/30 -> 0.0.0.0 rmnet_data2 mtu 0,2600:381:4804:c4b6::/64 -> :: rmnet_data2 mtu 0 ]}}  nc{[ Transports: CELLULAR Capabilities: MMS&SUPL&FOTA&INTERNET&NOT_RESTRICTED&TRUSTED&NOT_VPN&VALIDATED&NOT_ROAMING&FOREGROUND&NOT_CONGESTED&NOT_SUSPENDED LinkUpBandwidth>=15000Kbps LinkDnBandwidth>=30000Kbps Specifier: <TelephonyNetworkSpecifier [mSubId = 1]> AdministratorUids: [] RequestorUid: -1 RequestorPackageName: null]}  Score{50}  everValidated{true}  lastValidated{true}  created{true} lingering{true} explicitlySelected{false} acceptUnvalidated{false} everCaptivePortalDetected{false} lastCaptivePortalDetected{false} partialConnectivity{false} acceptPartialConnectivity{false} clat{mBaseIface: null, mIface: null, mState: IDLE} }
11-21 15:17:52.754 D/DhcpClient( 1186): DHCP Packet Handler stopped
11-21 15:17:52.754 D/DhcpClient( 1186): onQuitting
11-21 15:17:52.770 D/WifiMemoryStoreImpl( 1186): Set cluster Ga6eb8feabe7908d4 for Wa6eb8feabe7908d4: SUCCESS
11-21 15:17:52.781 E/WifiNative( 1186): Could not get Iface object for interface null
11-21 15:17:52.781 W/SupplicantStaIfaceHal( 1186): ISupplicant died: cookie=240
11-21 15:17:52.782 D/WifiNetworkAgent( 1186): NetworkAgent: NetworkAgent channel lost
11-21 15:17:52.782 D/BluetoothAdapterService( 1710): Soft AP is on band: 1
11-21 15:17:52.783 D/BluetoothVendorService( 1710): getPowerBackoff 
11-21 15:17:52.783 D/BluetoothAdapterService( 1710): android.net.wifi.WIFI_STATE_CHANGED
11-21 15:17:52.788 D/BluetoothAdapterService( 1710): Soft AP is on band: 1
11-21 15:17:52.789 D/BluetoothVendorService( 1710): getPowerBackoff 
11-21 15:17:52.789 D/BluetoothAdapterService( 1710): android.net.wifi.STATE_CHANGE
11-21 15:17:52.790 D/BluetoothVendorService( 1710): setWifiState to: false
11-21 15:17:52.790 I/BluetoothVendorJni( 1710): setWifiStateNative
11-21 15:17:52.790 I/bt_btif_vendor( 1710): setWifiState :0
11-21 15:17:52.790 W/bt_btm  ( 1710): btm_cb.is_wifi_connected = 0 
11-21 15:17:52.851 E/WifiNative( 1186): Could not get Iface object for interface null
11-21 15:17:52.856 D/NetworkTimeUpdateService( 1186): New default network 101; checking time.
11-21 15:17:52.865 V/LigerRadioStatsReporter( 2357): onCapabilitiesChanged: Network capabilities changed
11-21 15:17:52.865 V/LigerRadioStatsReporter( 2357): reportAndCheckpointRadioStats
11-21 15:17:52.870 V/LigerRadioStatsReporter( 2357): +++++++++++ RADIO STATS DUMP +++++++++++
11-21 15:17:52.871 D/DeviceAuthService( 7777): Network connected
11-21 15:17:52.871 D/DeviceAuthService( 7777): fetchAuthTokenWrapper called
11-21 15:17:52.872 V/LigerRadioStatsReporter( 2357): totalActiveRadioTimeMs=0
11-21 15:17:52.872 V/LigerRadioStatsReporter( 2357): totalTailRadioTimeMs=13994
11-21 15:17:52.872 V/LigerRadioStatsReporter( 2357): totalWakeupCount=0
11-21 15:17:52.872 V/LigerRadioStatsReporter( 2357): httpUpBytes=0
11-21 15:17:52.872 V/LigerRadioStatsReporter( 2357): httpDownBytes=0
11-21 15:17:52.872 V/LigerRadioStatsReporter( 2357): httpWakeupCount=0
11-21 15:17:52.873 V/LigerRadioStatsReporter( 2357): httpRequestCount=0
11-21 15:17:52.873 V/LigerRadioStatsReporter( 2357): httpActiveRadioTimeMs=0
11-21 15:17:52.873 V/LigerRadioStatsReporter( 2357): httpTailRadioTimeMs=13994
11-21 15:17:52.874 V/LigerRadioStatsReporter( 2357): reportAndCheckpointRadioStats: Tx=0
11-21 15:17:52.874 V/LigerRadioStatsReporter( 2357): reportAndCheckpointRadioStats: Rx=0
11-21 15:17:52.874 V/LigerRadioStatsReporter( 2357): reportAndCheckpointRadioStats: Uids=10027
11-21 15:17:52.877 V/LigerRadioStatsReporter( 2357): reportAndCheckpointRadioStats: Tags=null
11-21 15:17:52.877 D/ConnectivityService( 1186): Unlingering [101 CELLULAR]
11-21 15:17:52.878 D/ConnectivityService( 1186): Sending CONNECTED broadcast for type 0 [101 CELLULAR] isDefaultNetwork=true
11-21 15:17:52.878 D/QCNEJ/DefaultNetworkInfoRelay( 1907): Default network available: 101
11-21 15:17:52.879 D/QCNEJ/NativeHalConnector( 1907): -> SND notifyDefaultNetworkChanged(0)
11-21 15:17:52.881 E/QMI_FW  (  915): qmi_cci_get_ref: ref count increased 2
11-21 15:17:52.887 W/SimpleTimeDetectorStrategy( 1186): Existing suggestion found to be invalid  elapsedRealtimeMillis=170960613, timeSuggestion=TelephonyTimeSuggestion{mSlotIndex='0', mUtcTime=TimestampedValue{mReferenceTimeMillis=57092, mValue=1637365770000}, mDebugInfo=[Sending new time suggestion nitzSignal=TimestampedValue{mReferenceTimeMillis=57092, mValue=NitzData{mOriginalString=21/11/19,23:49:30-32,00, mZoneOffset=-28800000, mDstOffset=0, mCurrentTimeMillis=1637365770000, mEmulatorHostTimeZone=null}}, reason=handleNitzReceived(TimestampedValue{mReferenceTimeMillis=57092, mValue=NitzData{mOriginalString=21/11/19,23:49:30-32,00, mZoneOffset=-28800000, mDstOffset=0, mCurrentTimeMillis=1637365770000, mEmulatorHostTimeZone=null}})]}
11-21 15:17:52.884 E/QMI_FW  (  915): qmi_cci_get_ref: ref count increased 2
11-21 15:17:52.908 I/WM-WorkerWrapper( 2334): Work [ id=57f248e9-27c9-4baa-bcea-f98e3ece0d1a, tags={ com.facebook.wearable.system.selfcare.cloudsync.SelfCareDataCloudSyncWorker } ] was cancelled
11-21 15:17:52.908 I/WM-WorkerWrapper( 2334): java.util.concurrent.CancellationException: Task was cancelled.
11-21 15:17:52.908 I/WM-WorkerWrapper( 2334): 	at androidx.work.impl.utils.futures.AbstractFuture.getDoneValue(:32)
11-21 15:17:52.908 I/WM-WorkerWrapper( 2334): 	at androidx.work.impl.utils.futures.AbstractFuture.get(:268435546)
11-21 15:17:52.908 I/WM-WorkerWrapper( 2334): 	at androidx.work.impl.WorkerWrapper$2.run(:3)
11-21 15:17:52.908 I/WM-WorkerWrapper( 2334): 	at androidx.work.impl.utils.SerialExecutor$Task.run(:2)
11-21 15:17:52.908 I/WM-WorkerWrapper( 2334): 	at java.util.concurrent.ThreadPoolExecutor.runWorker(ThreadPoolExecutor.java:1167)
11-21 15:17:52.908 I/WM-WorkerWrapper( 2334): 	at java.util.concurrent.ThreadPoolExecutor$Worker.run(ThreadPoolExecutor.java:641)
11-21 15:17:52.908 I/WM-WorkerWrapper( 2334): 	at java.lang.Thread.run(Thread.java:923)
11-21 15:17:52.908 E/SelfCareDataCloudSyncWorker( 2334): Failed to get access token
11-21 15:17:52.908 E/SelfCareDataCloudSyncWorker( 2334): kotlinx.coroutines.JobCancellationException: Job was cancelled; job=JobImpl{Cancelling}@620ccac
11-21 15:17:53.022 E/QMI_FW  ( 1042): qmi_cci_get_ref: ref count increased 2
11-21 15:17:53.022 E/QMI_FW  ( 1042): qmi_cci_get_ref: ref count increased 2
11-21 15:17:53.023 E/QMI_FW  ( 1042): qmi_cci_get_ref: ref count increased 2
11-21 15:17:53.041 D/CompatibilityInfo( 1186): mCompatibilityFlags - 4
11-21 15:17:53.041 D/CompatibilityInfo( 1186): applicationDensity - 320
11-21 15:17:53.041 D/CompatibilityInfo( 1186): applicationScale - 1.0
11-21 15:17:53.106 E/StickerBundleDatabaseWorker( 2334): Failed to fetch sticker bundles:
11-21 15:17:53.106 E/StickerBundleDatabaseWorker( 2334): kotlinx.coroutines.JobCancellationException: Job was cancelled; job=JobImpl{Cancelling}@937bbf1
11-21 15:17:53.106 I/WM-WorkerWrapper( 2334): Work [ id=e596069b-4a6f-495d-b19d-a8669de7ea86, tags={ com.facebook.wearable.system.selfcare.sharing.StickerBundleDatabaseWorker } ] was cancelled
11-21 15:17:53.106 I/WM-WorkerWrapper( 2334): java.util.concurrent.CancellationException: Task was cancelled.
11-21 15:17:53.106 I/WM-WorkerWrapper( 2334): 	at androidx.work.impl.utils.futures.AbstractFuture.getDoneValue(:32)
11-21 15:17:53.106 I/WM-WorkerWrapper( 2334): 	at androidx.work.impl.utils.futures.AbstractFuture.get(:268435546)
11-21 15:17:53.106 I/WM-WorkerWrapper( 2334): 	at androidx.work.impl.WorkerWrapper$2.run(:3)
11-21 15:17:53.106 I/WM-WorkerWrapper( 2334): 	at androidx.work.impl.utils.SerialExecutor$Task.run(:2)
11-21 15:17:53.106 I/WM-WorkerWrapper( 2334): 	at java.util.concurrent.ThreadPoolExecutor.runWorker(ThreadPoolExecutor.java:1167)
11-21 15:17:53.106 I/WM-WorkerWrapper( 2334): 	at java.util.concurrent.ThreadPoolExecutor$Worker.run(ThreadPoolExecutor.java:641)
11-21 15:17:53.106 I/WM-WorkerWrapper( 2334): 	at java.lang.Thread.run(Thread.java:923)
11-21 15:17:53.180 D/CompatibilityInfo( 1186): mCompatibilityFlags - 4
11-21 15:17:53.180 D/CompatibilityInfo( 1186): applicationDensity - 320
11-21 15:17:53.180 D/CompatibilityInfo( 1186): applicationScale - 1.0
11-21 15:17:53.335 D/commandrouter( 1006): rtc_sync (1, rtc:sync): <ServiceRequest> FORWARDED (remote -> local) service client ID = 0, token ID = 49858
11-21 15:17:53.335 D/vendor.facebook.rtc_sync@1.0-service( 1145): Request req_ts=1637507873341695526 resp_ts=1637507873335398490
11-21 15:17:53.335 D/commandrouter( 1006): SocServiceHandle::onServiceMessage, SoC Service = rtc_sync, appType = 1, type = SVC_RESP, clientId = 0, token = 49858, payloadLen = 8, result = 0, payload.size() = 8
11-21 15:17:53.359 D/SettingsSDK::SyncHelper( 2334): Read setting com.facebook.wearable.sdk.selfcare:SELFCARE_SERVICE_ENABLED from persistent cache
11-21 15:17:53.359 D/FacebookRepository( 2334): Reading from Store [906581286488774]
11-21 15:17:53.371 D/DeviceAuthService( 7777): isOculusAddressResolvable returned true
11-21 15:17:53.371 D/DeviceAuthenticator( 7777): Fetching new credentials asynchronously
11-21 15:17:53.372 D/DeviceAuthenticator( 7777): Calling DeviceAuth.authenticate()
11-21 15:17:53.377 E/DeviceCertService(  545): This device *might* have a provisioning issue. Please run `maui provision check` to verify.
11-21 15:17:53.377 E/DeviceCertService(  545): See https://fburl.com/wiki/a9hho0p9 for more information.
11-21 15:17:53.377 E/DeviceCertService(  545): Could not access certificate file '/mnt/vendor/persist/certificates/device_identityinsecure.crt', error 2: No such file or directory
11-21 15:17:53.378 E/DeviceAuthenticator( 7777): ERROR: java.lang.RuntimeException: devicecert returned error FILESYSTEM_ERROR
11-21 15:17:53.378 E/DeviceAuthenticator( 7777): 
11-21 15:17:53.378 E/DeviceAuthenticator( 7777): com.facebook.mos.sdk.devicecert.DeviceIdentityException: java.lang.RuntimeException: devicecert returned error FILESYSTEM_ERROR
11-21 15:17:53.378 E/DeviceAuthenticator( 7777): 
11-21 15:17:53.395 W/System.err( 2620): INFO: com.whatsapp.net.logging.WtLog.log$REDEX$HQcOuACUrr4(:4) : Start handshake.
