11-21 03:28:53.453 E/AccountsViewModel( 7907): 	at kotlin.coroutines.jvm.internal.BaseContinuationImpl.invokeSuspend(:96917)
11-21 03:28:53.453 E/AccountsViewModel( 7907): 	at kotlin.coroutines.jvm.internal.BaseContinuationImpl.resumeWith(:5)
11-21 03:28:53.453 E/AccountsViewModel( 7907): 	at kotlinx.coroutines.DispatchedTask.run(:131)
11-21 03:28:53.453 E/AccountsViewModel( 7907): 	at java.util.concurrent.Executors$RunnableAdapter.call(Executors.java:462)
11-21 03:28:53.453 E/AccountsViewModel( 7907): 	at java.util.concurrent.FutureTask.run(FutureTask.java:266)
11-21 03:28:53.453 E/AccountsViewModel( 7907): 	at com.facebook.wearable.common.executors.DelayedFutureTask.run(:22)
11-21 03:28:53.453 E/AccountsViewModel( 7907): 	at java.util.concurrent.ThreadPoolExecutor.runWorker(ThreadPoolExecutor.java:1167)
11-21 03:28:53.453 E/AccountsViewModel( 7907): 	at java.util.concurrent.ThreadPoolExecutor$Worker.run(ThreadPoolExecutor.java:641)
11-21 03:28:53.453 E/AccountsViewModel( 7907): 	at com.facebook.wearable.common.executors.NamedThreadFactory$1.run(:7)
11-21 03:28:53.489 E/StatusBarClientConnection( 7907): Service connected
11-21 03:28:53.536 W/View    ( 7907): requestLayout() improperly called by android.view.View{fe3d64c V.ED..... ......I. 0,368-474,474} during layout: running second layout pass
11-21 03:28:53.553 W/View    ( 7907): requestLayout() improperly called by com.facebook.wearable.common.wds.listview.WdsListView{6fec313 V.E..V... ........ 0,0-474,474} during second layout pass: posting in next frame
11-21 03:28:53.838 D/CompatibilityInfo( 1194): mCompatibilityFlags - 4
11-21 03:28:53.838 D/CompatibilityInfo( 1194): applicationDensity - 320
11-21 03:28:53.839 D/CompatibilityInfo( 1194): applicationScale - 1.0
11-21 03:28:53.856 D/ComplicationController(29223): Stopping complication controller.
11-21 03:28:53.864 D/ComplicationDataManagerImpl(29223): Fetching complication data for package: com.facebook.wearable.apps.calendar, com.facebook.wearable.apps.calendar.DAY_DATE_COMPLICATION.
11-21 03:28:53.865 D/ComplicationDataManagerImpl(29223): Fetching complication data for package: com.facebook.wearable.apps.player, com.facebook.wearable.apps.player.SHORTCUT_COMPLICATION.
11-21 03:28:53.865 D/ComplicationDataManagerImpl(29223): Fetching complication data for package: com.facebook.wearable.apps.gallery, com.facebook.wearable.apps.gallery.SHORTCUT_COMPLICATION.
11-21 03:28:53.866 D/ComplicationDataManagerImpl(29223): Fetching complication data for package: com.facebook.wearable.apps.heart, com.facebook.wearable.apps.heart.HEART_RATE.
11-21 03:28:53.869 D/CompatibilityInfo( 1194): mCompatibilityFlags - 4
11-21 03:28:53.869 D/CompatibilityInfo( 1194): applicationDensity - 320
11-21 03:28:53.869 D/CompatibilityInfo( 1194): applicationScale - 1.0
11-21 03:28:54.143 D/AppStorageManager( 1194): BEFORE:: Previous Size: 746143744 Current Size: 746016768
11-21 03:28:54.143 D/AppStorageManager( 1194): AFTER:: Previous Size: 746016768 Current Size: 746016768
11-21 03:28:54.365 D/UIAutomatorStub(26720): URI: /jsonrpc/0, Method: POST, Header: {content-length=192, remote-addr=127.0.0.1, http-client-ip=127.0.0.1, host=localhost:9010, content-type=application/json, accept-encoding=identity}, params, {NanoHttpd.QUERY_STRING=null}, files: {postData={"jsonrpc": "2.0", "method": "waitForExists", "id": "79dccedf54c2e0e148545935646f678f", "params": [{"mask": 1, "childOrSibling": [], "childOrSiblingSelector": [], "text": "Notifications"}, 5]}}
11-21 03:28:54.394 D/UIAutomatorStub(26720): URI: /jsonrpc/0, Method: POST, Header: {content-length=191, remote-addr=127.0.0.1, http-client-ip=127.0.0.1, host=localhost:9010, content-type=application/json, accept-encoding=identity}, params, {NanoHttpd.QUERY_STRING=null}, files: {postData={"jsonrpc": "2.0", "method": "waitForExists", "id": "3f9e3d95bbc715b647de946613d360a1", "params": [{"mask": 1, "childOrSibling": [], "childOrSiblingSelector": [], "text": "Connectivity"}, 5]}}
11-21 03:28:54.460 D/UIAutomatorStub(26720): URI: /jsonrpc/0, Method: POST, Header: {content-length=180, remote-addr=127.0.0.1, http-client-ip=127.0.0.1, host=localhost:9010, content-type=application/json, accept-encoding=identity}, params, {NanoHttpd.QUERY_STRING=null}, files: {postData={"jsonrpc": "2.0", "method": "click", "id": "7ac147d14e227a09d31920dfacf14557", "params": [{"mask": 1, "childOrSibling": [], "childOrSiblingSelector": [], "text": "Connectivity"}]}}
11-21 03:28:54.505 E/ANDR-PERF-OPTSHANDLER(  557): Unable to find the correct node storage pointers for                   resource index=16, node path=/proc/sys/kernel/sched_upmigrate
11-21 03:28:54.505 E/ANDR-PERF-RESOURCEQS(  557): Failed to reset optimization [3, 7]
11-21 03:28:54.505 E/ANDR-PERF-OPTSHANDLER(  557): Unable to find the correct node storage pointers for                   resource index=17, node path=/proc/sys/kernel/sched_downmigrate
11-21 03:28:54.505 E/ANDR-PERF-RESOURCEQS(  557): Failed to reset optimization [3, 8]
11-21 03:28:54.505 E/ANDR-PERF-OPTSHANDLER(  557): Perflock resource /sys/module/lpm_levels/parameters/bias_hyst not supported
11-21 03:28:54.505 E/ANDR-PERF-RESOURCEQS(  557): Failed to reset optimization [1, 2]
11-21 03:28:54.505 E/ANDR-PERF-OPTSHANDLER(  557): Perflock resource /proc/sys/kernel/sched_group_upmigrate not supported
11-21 03:28:54.505 E/ANDR-PERF-RESOURCEQS(  557): Failed to reset optimization [3, 21]
11-21 03:28:54.505 E/ANDR-PERF-OPTSHANDLER(  557): Perflock resource /proc/sys/kernel/sched_group_downmigrate not supported
11-21 03:28:54.505 E/ANDR-PERF-RESOURCEQS(  557): Failed to reset optimization [3, 22]
11-21 03:28:54.546 W/StatusBarClientConnection( 7907): Messenger is null, ignoring message: { when=-1d11h41m18s707ms barrier=1 }
11-21 03:28:54.572 E/StatusBarClientConnection( 7907): Service connected
11-21 03:28:54.600 W/View    ( 7907): requestLayout() improperly called by android.view.View{1bc8cc2 V.ED..... ......I. 0,368-474,474} during layout: running second layout pass
11-21 03:28:54.618 W/View    ( 7907): requestLayout() improperly called by com.facebook.wearable.common.wds.listview.WdsListView{96b84c8 V.E..V... ........ 0,0-474,474} during second layout pass: posting in next frame
11-21 03:28:55.319 E/ANDR-PERF-OPTSHANDLER(  557): perf_lock_rel: failed for /proc/sys/vm/swap_ratio as previous value is not stored
11-21 03:28:55.319 E/ANDR-PERF-OPTSHANDLER(  557): perf_lock_rel: failed for /sys/class/kgsl/kgsl-3d0/min_pwrlevel as previous value is not stored
11-21 03:28:55.321 E/ANDR-PERF-RESOURCEQS(  557): Failed to reset optimization [3, 0]
11-21 03:28:56.032 E/TaskPersister( 1194): File error accessing recents directory (directory doesn't exist?).
11-21 03:28:56.220 W/HWComposer(  577): Ignoring duplicate VSYNC event from HWC for display 0 (t=128480380902550)
11-21 03:28:56.254 W/HWComposer(  577): Ignoring duplicate VSYNC event from HWC for display 0 (t=128480414734737)
11-21 03:28:56.288 W/HWComposer(  577): Ignoring duplicate VSYNC event from HWC for display 0 (t=128480448475206)
11-21 03:28:57.571 D/UIAutomatorStub(26720): URI: /jsonrpc/0, Method: POST, Header: {content-length=183, remote-addr=127.0.0.1, http-client-ip=127.0.0.1, host=localhost:9010, content-type=application/json, accept-encoding=identity}, params, {NanoHttpd.QUERY_STRING=null}, files: {postData={"jsonrpc": "2.0", "method": "waitForExists", "id": "f6e8496f4a404b63d888cb8c8734ad10", "params": [{"mask": 1, "childOrSibling": [], "childOrSiblingSelector": [], "text": "WiFi"}, 5]}}
11-21 03:28:57.600 D/UIAutomatorStub(26720): URI: /jsonrpc/0, Method: POST, Header: {content-length=172, remote-addr=127.0.0.1, http-client-ip=127.0.0.1, host=localhost:9010, content-type=application/json, accept-encoding=identity}, params, {NanoHttpd.QUERY_STRING=null}, files: {postData={"jsonrpc": "2.0", "method": "click", "id": "ba4ef2f6585c1403bfe7fe2cd164b5a9", "params": [{"mask": 1, "childOrSibling": [], "childOrSiblingSelector": [], "text": "WiFi"}]}}
11-21 03:28:57.686 W/StatusBarClientConnection( 7907): Messenger is null, ignoring message: { when=-1d11h41m21s846ms barrier=1 }
11-21 03:28:57.716 D/CompatibilityInfo( 1194): mCompatibilityFlags - 4
11-21 03:28:57.716 D/CompatibilityInfo( 1194): applicationDensity - 320
11-21 03:28:57.716 D/CompatibilityInfo( 1194): applicationScale - 1.0
11-21 03:28:57.719 E/StatusBarClientConnection( 7907): Service connected
11-21 03:28:57.734 D/WifiConnector( 2841): Network State Changed
11-21 03:28:57.735 W/View    ( 7907): requestLayout() improperly called by android.view.View{17716f5 V.ED..... ......I. 0,368-474,474} during layout: running second layout pass
11-21 03:28:57.749 D/WifiSharingService( 2841): Starting Wi-Fi scan
11-21 03:28:57.750 I/WifiService( 1194): startScan uid=1000
11-21 03:28:57.750 W/View    ( 7907): requestLayout() improperly called by com.facebook.wearable.common.wds.listview.WdsListView{fb79159 V.E..V... ........ 0,0-474,474} during second layout pass: posting in next frame
11-21 03:28:57.758 D/WifiNative( 1194): Scan trigered from WifiNative
11-21 03:28:57.761 V/WifiHAL (  539): event received NL80211_CMD_TRIGGER_SCAN
11-21 03:28:58.331 V/WifiHAL (  539): event received NL80211_CMD_NEW_SCAN_RESULTS
11-21 03:28:58.331 D/WifiNl80211Manager( 1194): Scan result ready event
11-21 03:28:58.331 D/WifiNative( 1194): Scan result ready event
11-21 03:28:58.339 D/LOWI-9.0.0.80( 1024): [LOWI-Scan] BSS ce:dc:12:3b:87:fd LOWI_PHY_MODE_11AC_VHT20_2G(11), Beacon Interval: 100, LOWI_ENCRYPTION_TYPE_WPA_PSK 11mcRanging: No, ANQP: Yes, LCI: No, Civic: No, capability(0x1431): ESS Privacy ShortPreamble ShortSlotTime
11-21 03:28:58.339 D/LOWI-9.0.0.80( 1024): [LOWI-Scan] BSS ce:dc:12:3b:87:fd FREQ: 2437, cFreq1[40:80:160] = [0:0:0] cFreq2 = 0 Country Code =    
11-21 03:28:58.339 D/LOWI-9.0.0.80( 1024): [LOWI-Scan] BSS ce:dc:12:3b:87:fd (wlan0) ASSO: NO AddInfo: 0x0, TSF 1, 11:41:22.491, RSSI: -102, CPL: 127, AGE: 0,  SSID Pixel5_R1, TSFDelta: 0x0, TXRate: 0
11-21 03:28:58.340 D/LOWI-9.0.0.80( 1024): [LOWI-Scan] 
11-21 03:28:58.340 D/LOWI-9.0.0.80( 1024): [LOWI-Scan] print_bss_handler: Report Probe TSF 128482491281 as it greater than Beacon TSF 128027612472
11-21 03:28:58.340 I/LOWI-9.0.0.80( 1024): [LOWI-Scan] RSN_IE
11-21 03:28:58.340 D/LOWI-9.0.0.80( 1024): [LOWI-Scan] decode_rsn_wpa_ie: Entered
11-21 03:28:58.340 D/LOWI-9.0.0.80( 1024): [LOWIUtils] hexDump: msg(30 14 01 00 00 0f ac 04 01 00 00 0f ac 04 01 00 00 0f ac 02 )
11-21 03:28:58.340 D/LOWI-9.0.0.80( 1024): [LOWI-Scan] decode_rsn_wpa_ie: LOWI_ENCRYPTION_TYPE_WPA_PSK
11-21 03:28:58.340 D/LOWI-9.0.0.80( 1024): [LOWI-Scan] is_qcom_ie, bss_age: 48
11-21 03:28:58.340 D/LOWI-9.0.0.80( 1024): [LOWI-Scan] BSS 2c:57:41:86:8a:a1 LOWI_PHY_MODE_11NG_HT20(5), Beacon Interval: 100, LOWI_ENCRYPTION_TYPE_WPA_PSK 11mcRanging: No, ANQP: No, LCI: No, Civic: No, capability(0x1411): ESS Privacy ShortSlotTime
11-21 03:28:58.340 D/LOWI-9.0.0.80( 1024): [LOWI-Scan] BSS 2c:57:41:86:8a:a1 FREQ: 2412, cFreq1[40:80:160] = [0:0:0] cFreq2 = 0 Country Code = US
11-21 03:28:58.340 D/LOWI-9.0.0.80( 1024): [LOWI-Scan] BSS 2c:57:41:86:8a:a1 (wlan0) ASSO: NO AddInfo: 0x0, TSF 1, 11:41:22.491, RSSI: -130, CPL: 3, AGE: 0,  SSID kittyhawk, TSFDelta: 0x0, TXRate: 0
11-21 03:28:58.341 D/LOWI-9.0.0.80( 1024): [LOWI-Scan] 
11-21 03:28:58.341 D/LOWI-9.0.0.80( 1024): [LOWI-Scan] print_bss_handler: Report Probe TSF 128482491201 as it greater than Beacon TSF 128230584039
11-21 03:28:58.341 I/LOWI-9.0.0.80( 1024): [LOWI-Scan] RSN_IE
11-21 03:28:58.341 D/LOWI-9.0.0.80( 1024): [LOWI-Scan] decode_rsn_wpa_ie: Entered
11-21 03:28:58.341 D/LOWI-9.0.0.80( 1024): [LOWIUtils] hexDump: msg(30 14 01 00 00 0f ac 04 01 00 00 0f ac 04 01 00 00 0f ac 02 )
11-21 03:28:58.341 D/LOWI-9.0.0.80( 1024): [LOWI-Scan] decode_rsn_wpa_ie: LOWI_ENCRYPTION_TYPE_WPA_PSK
11-21 03:28:58.341 D/LOWI-9.0.0.80( 1024): [LOWI-Scan] is_qcom_ie, bss_age: 13
11-21 03:28:58.341 D/LOWI-9.0.0.80( 1024): [LOWI-Scan] BSS fe:2d:5a:49:61:eb LOWI_PHY_MODE_11AC_VHT20_2G(11), Beacon Interval: 100, LOWI_ENCRYPTION_TYPE_WPA_PSK 11mcRanging: No, ANQP: Yes, LCI: No, Civic: No, capability(0x1431): ESS Privacy ShortPreamble ShortSlotTime
11-21 03:28:58.341 D/LOWI-9.0.0.80( 1024): [LOWI-Scan] BSS fe:2d:5a:49:61:eb FREQ: 2452, cFreq1[40:80:160] = [0:0:0] cFreq2 = 0 Country Code =    
11-21 03:28:58.341 D/LOWI-9.0.0.80( 1024): [LOWI-Scan] BSS fe:2d:5a:49:61:eb (wlan0) ASSO: NO AddInfo: 0x0, TSF 1, 11:41:22.491, RSSI: -106, CPL: 127, AGE: 0,  SSID Pixel_R2, TSFDelta: 0x0, TXRate: 0
11-21 03:28:58.342 D/LOWI-9.0.0.80( 1024): [LOWI-Scan] 
11-21 03:28:58.342 D/LOWI-9.0.0.80( 1024): [LOWI-Scan] print_bss_handler: Report Probe TSF 128482491222 as it greater than Beacon TSF 128402871984
11-21 03:28:58.342 I/LOWI-9.0.0.80( 1024): [LOWI-Scan] RSN_IE
11-21 03:28:58.342 D/LOWI-9.0.0.80( 1024): [LOWI-Scan] decode_rsn_wpa_ie: Entered
11-21 03:28:58.342 D/LOWI-9.0.0.80( 1024): [LOWIUtils] hexDump: msg(30 14 01 00 00 0f ac 04 01 00 00 0f ac 04 01 00 00 0f ac 02 )
11-21 03:28:58.342 D/LOWI-9.0.0.80( 1024): [LOWI-Scan] decode_rsn_wpa_ie: LOWI_ENCRYPTION_TYPE_WPA_PSK
11-21 03:28:58.342 D/LOWI-9.0.0.80( 1024): [LOWI-Scan] is_qcom_ie, bss_age: 43
11-21 03:28:58.342 D/LOWI-9.0.0.80( 1024): [LOWI-Scan] BSS 52:b8:14:37:74:3f LOWI_PHY_MODE_11AC_VHT20_2G(11), Beacon Interval: 100, LOWI_ENCRYPTION_TYPE_WPA_PSK 11mcRanging: No, ANQP: No, LCI: No, Civic: No, capability(0x1431): ESS Privacy ShortPreamble ShortSlotTime
11-21 03:28:58.342 D/LOWI-9.0.0.80( 1024): [LOWI-Scan] BSS 52:b8:14:37:74:3f FREQ: 2417, cFreq1[40:80:160] = [0:0:0] cFreq2 = 0 Country Code =    
11-21 03:28:58.343 D/LOWI-9.0.0.80( 1024): [LOWI-Scan] BSS 52:b8:14:37:74:3f (wlan0) ASSO: NO AddInfo: 0x0, TSF 1, 11:41:22.491, RSSI: -104, CPL: 127, AGE: 0,  SSID Pixel_8668, TSFDelta: 0x0, TXRate: 0
11-21 03:28:58.343 D/LOWI-9.0.0.80( 1024): [LOWI-Scan] 
11-21 03:28:58.343 D/LOWI-9.0.0.80( 1024): [LOWI-Scan] print_bss_handler: Report Probe TSF 128482491300 as it greater than Beacon TSF 128380602398
11-21 03:28:58.343 I/LOWI-9.0.0.80( 1024): [LOWI-Scan] RSN_IE
11-21 03:28:58.343 D/LOWI-9.0.0.80( 1024): [LOWI-Scan] decode_rsn_wpa_ie: Entered
11-21 03:28:58.343 D/LOWI-9.0.0.80( 1024): [LOWIUtils] hexDump: msg(30 14 01 00 00 0f ac 04 01 00 00 0f ac 04 01 00 00 0f ac 02 )
11-21 03:28:58.343 D/LOWI-9.0.0.80( 1024): [LOWI-Scan] decode_rsn_wpa_ie: LOWI_ENCRYPTION_TYPE_WPA_PSK
11-21 03:28:58.343 D/LOWI-9.0.0.80( 1024): [LOWI-Scan] is_qcom_ie, bss_age: 48
11-21 03:28:58.344 D/LOWI-9.0.0.80( 1024): [LOWI-Scan] BSS be:9e:0e:1c:6e:7f LOWI_PHY_MODE_11AC_VHT20_2G(11), Beacon Interval: 100, LOWI_ENCRYPTION_TYPE_WPA_PSK 11mcRanging: No, ANQP: No, LCI: No, Civic: No, capability(0x1431): ESS Privacy ShortPreamble ShortSlotTime
11-21 03:28:58.344 D/LOWI-9.0.0.80( 1024): [LOWI-Scan] BSS be:9e:0e:1c:6e:7f FREQ: 2412, cFreq1[40:80:160] = [0:0:0] cFreq2 = 0 Country Code =    
11-21 03:28:58.344 D/LOWI-9.0.0.80( 1024): [LOWI-Scan] BSS be:9e:0e:1c:6e:7f (wlan0) ASSO: NO AddInfo: 0x0, TSF 1, 11:41:22.491, RSSI: -126, CPL: 127, AGE: 0,  SSID Pixel_3541, TSFDelta: 0x0, TXRate: 0
11-21 03:28:58.344 D/LOWI-9.0.0.80( 1024): [LOWI-Scan] 
11-21 03:28:58.345 D/LOWI-9.0.0.80( 1024): [LOWI-Scan] print_bss_handler: Report Probe TSF 128482491463 as it greater than Beacon TSF 128453983082
11-21 03:28:58.345 I/LOWI-9.0.0.80( 1024): [LOWI-Scan] RSN_IE
11-21 03:28:58.345 D/LOWI-9.0.0.80( 1024): [LOWI-Scan] decode_rsn_wpa_ie: Entered
11-21 03:28:58.345 D/LOWI-9.0.0.80( 1024): [LOWIUtils] hexDump: msg(30 14 01 00 00 0f ac 04 01 00 00 0f ac 04 01 00 00 0f ac 02 )
11-21 03:28:58.345 D/LOWI-9.0.0.80( 1024): [LOWI-Scan] decode_rsn_wpa_ie: LOWI_ENCRYPTION_TYPE_WPA_PSK
11-21 03:28:58.345 D/LOWI-9.0.0.80( 1024): [LOWI-Scan] is_qcom_ie, bss_age: 48
11-21 03:28:58.345 D/LOWI-9.0.0.80( 1024): [LOWI-Scan] BSS 2c:57:41:86:7a:61 LOWI_PHY_MODE_11NG_HT20(5), Beacon Interval: 100, LOWI_ENCRYPTION_TYPE_WPA_PSK 11mcRanging: No, ANQP: No, LCI: No, Civic: No, capability(0x1411): ESS Privacy ShortSlotTime
11-21 03:28:58.345 D/LOWI-9.0.0.80( 1024): [LOWI-Scan] BSS 2c:57:41:86:7a:61 FREQ: 2412, cFreq1[40:80:160] = [0:0:0] cFreq2 = 0 Country Code = US
11-21 03:28:58.345 D/LOWI-9.0.0.80( 1024): [LOWI-Scan] BSS 2c:57:41:86:7a:61 (wlan0) ASSO: NO AddInfo: 0x0, TSF 1, 11:41:22.491, RSSI: -154, CPL: 3, AGE: 0,  SSID kittyhawk, TSFDelta: 0x0, TXRate: 0
11-21 03:28:58.346 D/LOWI-9.0.0.80( 1024): [LOWI-Scan]  -- associated
11-21 03:28:58.346 D/LOWI-9.0.0.80( 1024): [LOWI-Scan] 
11-21 03:28:58.346 D/LOWI-9.0.0.80( 1024): [LOWI-Scan] print_bss_handler: Report Probe TSF 128482491116 as it greater than Beacon TSF 128028764128
11-21 03:28:58.346 I/LOWI-9.0.0.80( 1024): [LOWI-Scan] RSN_IE
11-21 03:28:58.346 D/LOWI-9.0.0.80( 1024): [LOWI-Scan] decode_rsn_wpa_ie: Entered
11-21 03:28:58.346 D/LOWI-9.0.0.80( 1024): [LOWIUtils] hexDump: msg(30 14 01 00 00 0f ac 04 01 00 00 0f ac 04 01 00 00 0f ac 02 )
11-21 03:28:58.346 D/LOWI-9.0.0.80( 1024): [LOWI-Scan] decode_rsn_wpa_ie: LOWI_ENCRYPTION_TYPE_WPA_PSK
11-21 03:28:58.346 D/LOWI-9.0.0.80( 1024): [LOWI-Scan]  No Secondary channel present
11-21 03:28:58.346 D/LOWI-9.0.0.80( 1024): [LOWI-Scan] is_qcom_ie, bss_age: 31
11-21 03:28:58.346 D/LOWI-9.0.0.80( 1024): [LOWI-Scan] BSS 6c:cd:d6:25:63:2a LOWI_PHY_MODE_11NG_HT20(5), Beacon Interval: 100, LOWI_ENCRYPTION_TYPE_WPA_PSK 11mcRanging: No, ANQP: No, LCI: No, Civic: No, capability(0x0511): ESS Privacy SpectrumMgmt ShortSlotTime
11-21 03:28:58.346 D/LOWI-9.0.0.80( 1024): [LOWI-Scan] BSS 6c:cd:d6:25:63:2a FREQ: 2432, cFreq1[40:80:160] = [2432:0:0] cFreq2 = 0 Country Code = US 
11-21 03:28:58.346 D/LOWI-9.0.0.80( 1024): [LOWI-Scan] BSS 6c:cd:d6:25:63:2a (wlan0) ASSO: YES AddInfo: 0x0, TSF 1, 11:41:22.491, RSSI: -86, CPL: 127, AGE: 0,  SSID MTBF_Lab, TSFDelta: 0x0, TXRate: 0
11-21 03:28:58.356 D/PasspointManager( 1194): ANQP entry not found for: 5e:6e:be:46:77:d7:<Pixel_R3>
11-21 03:28:58.356 D/PasspointManager( 1194): ANQP entry not found for: 12:d7:96:61:85:9f:<Pixel_R5>
11-21 03:28:58.356 D/PasspointManager( 1194): ANQP entry not found for: ce:dc:12:3b:87:fd:<Pixel5_R1>
11-21 03:28:58.356 D/PasspointManager( 1194): ANQP entry not found for: fe:2d:5a:49:61:eb:<Pixel_R2>
11-21 03:28:58.357 D/PasspointManager( 1194): ANQP entry not found for: c6:82:9b:4e:b3:9e:<Pixel_R6>
11-21 03:28:58.358 D/LOWI-9.0.0.80( 1024): [LOWI-Scan] 
11-21 03:28:58.358 D/LOWI-9.0.0.80( 1024): [LOWI-Scan] print_bss_handler: Report Probe TSF 128482491507 as it greater than Beacon TSF 127533353881
11-21 03:28:58.358 I/LOWI-9.0.0.80( 1024): [LOWI-Scan] RSN_IE
11-21 03:28:58.358 D/LOWI-9.0.0.80( 1024): [LOWI-Scan] decode_rsn_wpa_ie: Entered
11-21 03:28:58.358 D/LOWI-9.0.0.80( 1024): [LOWIUtils] hexDump: msg(30 14 01 00 00 0f ac 04 01 00 00 0f ac 04 01 00 00 0f ac 02 )
11-21 03:28:58.358 D/LOWI-9.0.0.80( 1024): [LOWI-Scan] decode_rsn_wpa_ie: LOWI_ENCRYPTION_TYPE_WPA_PSK
11-21 03:28:58.358 D/LOWI-9.0.0.80( 1024): [LOWI-Scan] is_qcom_ie, bss_age: 48
11-21 03:28:58.358 D/LOWI-9.0.0.80( 1024): [LOWI-Scan] BSS 2c:57:41:89:53:21 LOWI_PHY_MODE_11NG_HT20(5), Beacon Interval: 100, LOWI_ENCRYPTION_TYPE_WPA_PSK 11mcRanging: No, ANQP: No, LCI: No, Civic: No, capability(0x1411): ESS Privacy ShortSlotTime
11-21 03:28:58.358 D/LOWI-9.0.0.80( 1024): [LOWI-Scan] BSS 2c:57:41:89:53:21 FREQ: 2412, cFreq1[40:80:160] = [0:0:0] cFreq2 = 0 Country Code = US
11-21 03:28:58.358 D/LOWI-9.0.0.80( 1024): [LOWI-Scan] BSS 2c:57:41:89:53:21 (wlan0) ASSO: NO AddInfo: 0x0, TSF 1, 11:41:22.491, RSSI: -162, CPL: 3, AGE: 0,  SSID kittyhawk, TSFDelta: 0x0, TXRate: 0
11-21 03:28:58.359 D/LOWI-9.0.0.80( 1024): [LOWI-Scan] 
11-21 03:28:58.359 D/LOWI-9.0.0.80( 1024): [LOWI-Scan] print_bss_handler: Report Probe TSF 128482491340 as it greater than Beacon TSF 0
11-21 03:28:58.359 I/LOWI-9.0.0.80( 1024): [LOWI-Scan] RSN_IE
11-21 03:28:58.359 D/LOWI-9.0.0.80( 1024): [LOWI-Scan] decode_rsn_wpa_ie: Entered
11-21 03:28:58.359 D/LOWI-9.0.0.80( 1024): [LOWIUtils] hexDump: msg(30 14 01 00 00 0f ac 04 01 00 00 0f ac 04 01 00 00 0f ac 02 )
11-21 03:28:58.359 D/LOWI-9.0.0.80( 1024): [LOWI-Scan] decode_rsn_wpa_ie: LOWI_ENCRYPTION_TYPE_WPA_PSK
11-21 03:28:58.359 D/LOWI-9.0.0.80( 1024): [LOWI-Scan] is_qcom_ie, bss_age: 48
11-21 03:28:58.359 D/LOWI-9.0.0.80( 1024): [LOWI-Scan] BSS 18:64:72:60:2b:40 LOWI_PHY_MODE_11NG_HT20(5), Beacon Interval: 100, LOWI_ENCRYPTION_TYPE_WPA_PSK 11mcRanging: No, ANQP: No, LCI: No, Civic: No, capability(0x0431): ESS Privacy ShortPreamble ShortSlotTime
11-21 03:28:58.359 D/LOWI-9.0.0.80( 1024): [LOWI-Scan] BSS 18:64:72:60:2b:40 FREQ: 2412, cFreq1[40:80:160] = [0:0:0] cFreq2 = 0 Country Code =    
11-21 03:28:58.359 D/LOWI-9.0.0.80( 1024): [LOWI-Scan] BSS 18:64:72:60:2b:40 (wlan0) ASSO: NO AddInfo: 0x0, TSF 1, 11:41:22.491, RSSI: -142, CPL: 127, AGE: 0,  SSID lab-t24103779, TSFDelta: 0x0, TXRate: 0
11-21 03:28:58.361 D/LOWI-9.0.0.80( 1024): [LOWI-Scan] 
11-21 03:28:58.361 D/LOWI-9.0.0.80( 1024): [LOWI-Scan] print_bss_handler: Report Probe TSF 128482491423 as it greater than Beacon TSF 0
11-21 03:28:58.361 I/LOWI-9.0.0.80( 1024): [LOWI-Scan] RSN_IE
11-21 03:28:58.361 D/LOWI-9.0.0.80( 1024): [LOWI-Scan] decode_rsn_wpa_ie: Entered
11-21 03:28:58.361 D/LOWI-9.0.0.80( 1024): [LOWIUtils] hexDump: msg(30 14 01 00 00 0f ac 04 01 00 00 0f ac 04 01 00 00 0f ac 02 )
11-21 03:28:58.361 D/LOWI-9.0.0.80( 1024): [LOWI-Scan] decode_rsn_wpa_ie: LOWI_ENCRYPTION_TYPE_WPA_PSK
11-21 03:28:58.362 D/LOWI-9.0.0.80( 1024): [LOWI-Scan] is_qcom_ie, bss_age: 27
11-21 03:28:58.362 D/LOWI-9.0.0.80( 1024): [LOWI-Scan] BSS 2c:57:41:89:63:c1 LOWI_PHY_MODE_11NG_HT20(5), Beacon Interval: 100, LOWI_ENCRYPTION_TYPE_WPA_PSK 11mcRanging: No, ANQP: No, LCI: No, Civic: No, capability(0x1411): ESS Privacy ShortSlotTime
11-21 03:28:58.362 D/LOWI-9.0.0.80( 1024): [LOWI-Scan] BSS 2c:57:41:89:63:c1 FREQ: 2437, cFreq1[40:80:160] = [0:0:0] cFreq2 = 0 Country Code = US
11-21 03:28:58.362 D/LOWI-9.0.0.80( 1024): [LOWI-Scan] BSS 2c:57:41:89:63:c1 (wlan0) ASSO: NO AddInfo: 0x0, TSF 1, 11:41:22.491, RSSI: -158, CPL: 2, AGE: 0,  SSID kittyhawk, TSFDelta: 0x0, TXRate: 0
11-21 03:28:58.362 D/LOWI-9.0.0.80( 1024): [LOWI-Scan] 
11-21 03:28:58.362 D/LOWI-9.0.0.80( 1024): [LOWI-Scan] print_bss_handler: Report Probe TSF 128482491442 as it greater than Beacon TSF 0
11-21 03:28:58.362 I/LOWI-9.0.0.80( 1024): [LOWI-Scan] RSN_IE
11-21 03:28:58.362 D/LOWI-9.0.0.80( 1024): [LOWI-Scan] decode_rsn_wpa_ie: Entered
11-21 03:28:58.362 D/LOWI-9.0.0.80( 1024): [LOWIUtils] hexDump: msg(30 14 01 00 00 0f ac 04 01 00 00 0f ac 04 01 00 00 0f ac 02 )
11-21 03:28:58.362 D/LOWI-9.0.0.80( 1024): [LOWI-Scan] decode_rsn_wpa_ie: LOWI_ENCRYPTION_TYPE_WPA_PSK
11-21 03:28:58.362 D/LOWI-9.0.0.80( 1024): [LOWI-Scan] is_qcom_ie, bss_age: 3
11-21 03:28:58.362 D/LOWI-9.0.0.80( 1024): [LOWI-Scan] BSS 18:64:72:60:2e:e0 LOWI_PHY_MODE_11NG_HT20(5), Beacon Interval: 100, LOWI_ENCRYPTION_TYPE_WPA_PSK 11mcRanging: No, ANQP: No, LCI: No, Civic: No, capability(0x0431): ESS Privacy ShortPreamble ShortSlotTime
11-21 03:28:58.362 D/LOWI-9.0.0.80( 1024): [LOWI-Scan] BSS 18:64:72:60:2e:e0 FREQ: 2462, cFreq1[40:80:160] = [0:0:0] cFreq2 = 0 Country Code =    
11-21 03:28:58.362 D/LOWI-9.0.0.80( 1024): [LOWI-Scan] BSS 18:64:72:60:2e:e0 (wlan0) ASSO: NO AddInfo: 0x0, TSF 1, 11:41:22.491, RSSI: -158, CPL: 127, AGE: 0,  SSID lab-t24103779, TSFDelta: 0x0, TXRate: 0
11-21 03:28:58.403 D/LOWI-9.0.0.80( 1024): [LOWI-Scan] 
11-21 03:28:58.403 D/LOWI-9.0.0.80( 1024): [LOWI-Scan] print_bss_handler: Report Probe TSF 128482491549 as it greater than Beacon TSF 0
11-21 03:28:58.403 I/LOWI-9.0.0.80( 1024): [LOWI-Scan] RSN_IE
11-21 03:28:58.403 D/LOWI-9.0.0.80( 1024): [LOWI-Scan] decode_rsn_wpa_ie: Entered
11-21 03:28:58.403 D/LOWI-9.0.0.80( 1024): [LOWIUtils] hexDump: msg(30 14 01 00 00 0f ac 04 01 00 00 0f ac 04 01 00 00 0f ac 02 )
11-21 03:28:58.403 D/LOWI-9.0.0.80( 1024): [LOWI-Scan] decode_rsn_wpa_ie: LOWI_ENCRYPTION_TYPE_WPA_PSK
11-21 03:28:58.403 D/LOWI-9.0.0.80( 1024): [LOWI-Scan] is_qcom_ie, bss_age: 48
11-21 03:28:58.403 D/LOWI-9.0.0.80( 1024): [LOWI-Scan] BSS 2c:57:41:89:62:a1 LOWI_PHY_MODE_11NG_HT20(5), Beacon Interval: 100, LOWI_ENCRYPTION_TYPE_WPA_PSK 11mcRanging: No, ANQP: No, LCI: No, Civic: No, capability(0x1411): ESS Privacy ShortSlotTime
11-21 03:28:58.403 D/LOWI-9.0.0.80( 1024): [LOWI-Scan] BSS 2c:57:41:89:62:a1 FREQ: 2412, cFreq1[40:80:160] = [0:0:0] cFreq2 = 0 Country Code = US
11-21 03:28:58.403 D/LOWI-9.0.0.80( 1024): [LOWI-Scan] BSS 2c:57:41:89:62:a1 (wlan0) ASSO: NO AddInfo: 0x0, TSF 1, 11:41:22.491, RSSI: -166, CPL: 3, AGE: 10,  SSID kittyhawk, TSFDelta: 0x0, TXRate: 0
11-21 03:28:58.404 D/LOWI-9.0.0.80( 1024): [LOWI-Scan] 
11-21 03:28:58.404 D/LOWI-9.0.0.80( 1024): [LOWI-Scan] print_bss_handler: Report Probe TSF 128482491484 as it greater than Beacon TSF 0
11-21 03:28:58.404 I/LOWI-9.0.0.80( 1024): [LOWI-Scan] RSN_IE
11-21 03:28:58.404 D/LOWI-9.0.0.80( 1024): [LOWI-Scan] decode_rsn_wpa_ie: Entered
11-21 03:28:58.404 D/LOWI-9.0.0.80( 1024): [LOWIUtils] hexDump: msg(30 14 01 00 00 0f ac 04 01 00 00 0f ac 04 01 00 00 0f ac 02 )
11-21 03:28:58.404 D/LOWI-9.0.0.80( 1024): [LOWI-Scan] decode_rsn_wpa_ie: LOWI_ENCRYPTION_TYPE_WPA_PSK
11-21 03:28:58.404 D/LOWI-9.0.0.80( 1024): [LOWI-Scan] is_qcom_ie, bss_age: 3
11-21 03:28:58.404 D/LOWI-9.0.0.80( 1024): [LOWI-Scan] BSS 2c:57:41:86:85:21 LOWI_PHY_MODE_11NG_HT20(5), Beacon Interval: 100, LOWI_ENCRYPTION_TYPE_WPA_PSK 11mcRanging: No, ANQP: No, LCI: No, Civic: No, capability(0x1411): ESS Privacy ShortSlotTime
11-21 03:28:58.404 D/LOWI-9.0.0.80( 1024): [LOWI-Scan] BSS 2c:57:41:86:85:21 FREQ: 2462, cFreq1[40:80:160] = [0:0:0] cFreq2 = 0 Country Code = US
11-21 03:28:58.404 D/LOWI-9.0.0.80( 1024): [LOWI-Scan] BSS 2c:57:41:86:85:21 (wlan0) ASSO: NO AddInfo: 0x0, TSF 1, 11:41:22.491, RSSI: -162, CPL: 2, AGE: 10,  SSID kittyhawk, TSFDelta: 0x0, TXRate: 0
11-21 03:28:58.405 D/LOWI-9.0.0.80( 1024): [LOWI-Scan] 
11-21 03:28:58.405 D/LOWI-9.0.0.80( 1024): [LOWI-Scan] print_bss_handler: Report Probe TSF 128482491146 as it greater than Beacon TSF 0
11-21 03:28:58.405 I/LOWI-9.0.0.80( 1024): [LOWI-Scan] RSN_IE
11-21 03:28:58.405 D/LOWI-9.0.0.80( 1024): [LOWI-Scan] decode_rsn_wpa_ie: Entered
11-21 03:28:58.405 D/LOWI-9.0.0.80( 1024): [LOWIUtils] hexDump: msg(30 14 01 00 00 0f ac 04 01 00 00 0f ac 04 01 00 00 0f ac 02 )
11-21 03:28:58.405 D/LOWI-9.0.0.80( 1024): [LOWI-Scan] decode_rsn_wpa_ie: LOWI_ENCRYPTION_TYPE_WPA_PSK
11-21 03:28:58.405 D/LOWI-9.0.0.80( 1024): [LOWI-Scan] is_qcom_ie, bss_age: 7
11-21 03:28:58.405 D/LOWI-9.0.0.80( 1024): [LOWI-Scan] BSS c6:82:9b:4e:b3:9e LOWI_PHY_MODE_11AC_VHT20_2G(11), Beacon Interval: 100, LOWI_ENCRYPTION_TYPE_WPA_PSK 11mcRanging: No, ANQP: Yes, LCI: No, Civic: No, capability(0x1431): ESS Privacy ShortPreamble ShortSlotTime
11-21 03:28:58.405 D/LOWI-9.0.0.80( 1024): [LOWI-Scan] BSS c6:82:9b:4e:b3:9e FREQ: 2457, cFreq1[40:80:160] = [0:0:0] cFreq2 = 0 Country Code =    
11-21 03:28:58.405 D/LOWI-9.0.0.80( 1024): [LOWI-Scan] BSS c6:82:9b:4e:b3:9e (wlan0) ASSO: NO AddInfo: 0x0, TSF 1, 11:41:22.491, RSSI: -88, CPL: 127, AGE: 10,  SSID Pixel_R6, TSFDelta: 0x0, TXRate: 0
11-21 03:28:58.406 D/LOWI-9.0.0.80( 1024): [LOWI-Scan] 
11-21 03:28:58.406 D/LOWI-9.0.0.80( 1024): [LOWI-Scan] print_bss_handler: Report Probe TSF 128482491526 as it greater than Beacon TSF 0
11-21 03:28:58.406 I/LOWI-9.0.0.80( 1024): [LOWI-Scan] RSN_IE
11-21 03:28:58.406 D/LOWI-9.0.0.80( 1024): [LOWI-Scan] decode_rsn_wpa_ie: Entered
11-21 03:28:58.406 D/LOWI-9.0.0.80( 1024): [LOWIUtils] hexDump: msg(30 14 01 00 00 0f ac 04 01 00 00 0f ac 04 01 00 00 0f ac 02 )
11-21 03:28:58.406 D/LOWI-9.0.0.80( 1024): [LOWI-Scan] decode_rsn_wpa_ie: LOWI_ENCRYPTION_TYPE_WPA_PSK
11-21 03:28:58.406 D/LOWI-9.0.0.80( 1024): [LOWI-Scan] is_qcom_ie, bss_age: 5
11-21 03:28:58.406 D/LOWI-9.0.0.80( 1024): [LOWI-Scan] BSS 2c:57:41:83:fd:21 LOWI_PHY_MODE_11NG_HT20(5), Beacon Interval: 100, LOWI_ENCRYPTION_TYPE_WPA_PSK 11mcRanging: No, ANQP: No, LCI: No, Civic: No, capability(0x1411): ESS Privacy ShortSlotTime
11-21 03:28:58.406 D/LOWI-9.0.0.80( 1024): [LOWI-Scan] BSS 2c:57:41:83:fd:21 FREQ: 2462, cFreq1[40:80:160] = [0:0:0] cFreq2 = 0 Country Code = US
11-21 03:28:58.406 D/LOWI-9.0.0.80( 1024): [LOWI-Scan] BSS 2c:57:41:83:fd:21 (wlan0) ASSO: NO AddInfo: 0x0, TSF 1, 11:41:22.491, RSSI: -166, CPL: 2, AGE: 10,  SSID kittyhawk, TSFDelta: 0x0, TXRate: 0
11-21 03:28:58.407 D/LOWI-9.0.0.80( 1024): [LOWIDiagLog] Log: lowiMeasResult->request: invalid null argument
11-21 03:28:58.407 I/LOWI-9.0.0.80( 1024): [LOWI-Scan] lowi_close_record:Scan done in 128438787ms, 21 APs in scan results
11-21 03:28:58.407 D/LOWI-9.0.0.80( 1024): [LOWI-Scan] WipsScanUsingNL: passive scan cached 0, took 9094 ms, err 0
11-21 03:28:58.407 D/LOWI-9.0.0.80( 1024): [LOWI-Scan] lowi_proc_req_passive_scan_with_live_meas - No WLAN Frames to be parsed
11-21 03:28:58.407 D/LOWI-9.0.0.80( 1024): [LOWIScanResultReceiver] Send scan meas to listener
11-21 03:28:58.407 D/LOWI-9.0.0.80( 1024): [LOWIScanResultReceiver] Enter passive listening mode
11-21 03:28:58.407 D/LOWI-9.0.0.80( 1024): [LOWIWifiDriverInterface] getMeasurements - Passive listening mode
11-21 03:28:58.407 D/LOWI-9.0.0.80( 1024): [LOWI-Scan] WipsScanUsingNL:wait -1 sec for netlink message
11-21 03:28:58.412 D/WifiSharingService( 2841): Sending scanResults intent with status code 0: PendingIntent{6d77d4a: android.os.BinderProxy@f5764bf}
11-21 03:28:58.413 D/LOWI-9.0.0.80( 1024): [LOWIEventReceiver] handleEvent:FROM:NA, TO:NA, REQ:NA, IREQ:NA, REQ_ID:0, RESP:NA, INFO:NA
11-21 03:28:58.413 D/LOWI-9.0.0.80( 1024): [LOWIBackgroundScanMgr] isRspForBgScanMgr: evt(LOWI_NO_EVT) - not handled
11-21 03:28:58.413 D/LOWI-9.0.0.80( 1024): [LOWIScheduler] manageMsg: NULL results or NULL request in results
11-21 03:28:58.413 D/LOWI-9.0.0.80( 1024): [LOWIController] Measurements received
11-21 03:28:58.413 D/LOWI-9.0.0.80( 1024): [LOWICacheManager] putInCache:Num of Meas to add: 21
11-21 03:28:58.414 D/LOWI-9.0.0.80( 1024): [LOWIController] processMeasurementResults: No current Request. Cache measurements
11-21 03:28:58.414 D/LOWI-9.0.0.80( 1024): [LOWIControllerExtn] sendLOWILpDiscoveryScanResponse: Not a discovery scan response
11-21 03:28:58.422 D/CompatibilityInfo( 1194): mCompatibilityFlags - 4
11-21 03:28:58.422 D/CompatibilityInfo( 1194): applicationDensity - 320
11-21 03:28:58.422 D/CompatibilityInfo( 1194): applicationScale - 1.0
11-21 03:28:59.380 W/HWComposer(  577): Ignoring duplicate VSYNC event from HWC for display 0 (t=128483540744892)
11-21 03:28:59.397 W/HWComposer(  577): Ignoring duplicate VSYNC event from HWC for display 0 (t=128483557669163)
11-21 03:28:59.431 W/HWComposer(  577): Ignoring duplicate VSYNC event from HWC for display 0 (t=128483591445986)
11-21 03:29:00.004 D/KeyguardUpdateMonitor( 1753): received broadcast android.intent.action.TIME_TICK
11-21 03:29:00.004 D/KeyguardUpdateMonitor( 1753): handleTimeUpdate
11-21 03:29:00.242 W/HWComposer(  577): Ignoring duplicate VSYNC event from HWC for display 0 (t=128484402527652)
11-21 03:29:00.717 D/UIAutomatorStub(26720): URI: /jsonrpc/0, Method: POST, Header: {content-length=229, remote-addr=127.0.0.1, http-client-ip=127.0.0.1, host=localhost:9010, content-type=application/json, accept-encoding=identity}, params, {NanoHttpd.QUERY_STRING=null}, files: {postData={"jsonrpc": "2.0", "method": "objInfo", "id": "ad614a8e6f22ff8fc015a9dd4bb5d9a4", "params": [{"mask": 2097152, "childOrSibling": [], "childOrSiblingSelector": [], "resourceId": "com.facebook.wearable.system.settings:id/toggle"}]}}
11-21 03:29:00.795 D/UIAutomatorStub(26720): URI: /jsonrpc/0, Method: POST, Header: {content-length=227, remote-addr=127.0.0.1, http-client-ip=127.0.0.1, host=localhost:9010, content-type=application/json, accept-encoding=identity}, params, {NanoHttpd.QUERY_STRING=null}, files: {postData={"jsonrpc": "2.0", "method": "click", "id": "2158208ca570386c0c1e2fa5cb44c912", "params": [{"mask": 2097152, "childOrSibling": [], "childOrSiblingSelector": [], "resourceId": "com.facebook.wearable.system.settings:id/toggle"}]}}
11-21 03:29:00.847 D/WifiSharingService( 2841): Setting Wi-Fi enabled state
11-21 03:29:00.848 I/WifiService( 1194): setWifiEnabled package=com.facebook.wearable.system.connectivity uid=1000 enable=false
11-21 03:29:00.854 D/QCNEJ/WlanStaInfoRelay( 1900): onChange for uri = content://settings/global/wifi_on
11-21 03:29:00.854 D/WifiActiveModeWarden( 1194): Switching all client mode managers
11-21 03:29:00.858 E/QMI_FW  (  927): qmi_cci_get_ref: ref count increased 2
11-21 03:29:00.859 D/WifiP2pService( 1194): Wifi enabled=false, P2P Interface availability=true
11-21 03:29:00.860 D/WifiP2pNative( 1194): Teardown P2P interface
11-21 03:29:00.864 W/ContextImpl( 1194): Calling a method in the system process without a qualified user: android.app.ContextImpl.sendBroadcastMultiplePermissions:1143 android.content.Context.sendBroadcastWithMultiplePermissions:2150 com.android.server.display.WifiDisplayAdapter.handleSendStatusChangeBroadcast:440 com.android.server.display.WifiDisplayAdapter.access$1700:63 com.android.server.display.WifiDisplayAdapter$WifiDisplayHandler.handleMessage:675 
11-21 03:29:00.867 D/WifiP2pService( 1194): Wifi enabled=false, P2P Interface availability=true
11-21 03:29:00.870 D/WifiClientModeManager1( 1194): IMS not registered over IWLAN for subId: 1
11-21 03:29:00.870 D/WifiClientModeManager1( 1194): The target role 5
11-21 03:29:00.874 I/android_os_HwBinder( 1194): HwBinder: Starting thread pool for getting: android.hardware.wifi.supplicant@1.0::ISupplicant/default
11-21 03:29:00.877 I/wpa_supplicant( 7600): wlan0: Do not deauthenticate as part of interface deinit since WoWLAN is enabled
11-21 03:29:00.900 W/HWComposer(  577): Ignoring duplicate VSYNC event from HWC for display 0 (t=128485061427131)
11-21 03:29:00.930 I/wpa_supplicant( 7600): Try to unregister vendor STA network
11-21 03:29:00.930 E/wpa_supplicant( 7600): eap_proxy: pthread_join on eap_proxy=0x650deac
11-21 03:29:00.930 E/wpa_supplicant( 7600): eap_proxy: session not started for client = 1
11-21 03:29:00.930 E/QMI_FW  ( 7600): qmi_cci_get_ref: ref count increased 2
11-21 03:29:00.930 E/QMI_FW  ( 7600): qmi_cci_get_ref: ref count increased 2
11-21 03:29:00.931 E/wpa_supplicant( 7600): eap_proxy: Released QMI UIM service client
11-21 03:29:00.931 E/QMI_FW  ( 7600): qmi_cci_get_ref: ref count increased 2
11-21 03:29:00.931 E/QMI_FW  ( 7600): qmi_cci_get_ref: ref count increased 2
11-21 03:29:00.932 E/wpa_supplicant( 7600): eap_proxy: Released QMI EAP service client
11-21 03:29:00.932 E/wpa_supplicant( 7600): eap_proxy: session not started for client = 2
11-21 03:29:00.932 E/QMI_FW  ( 7600): qmi_cci_get_ref: ref count increased 2
11-21 03:29:00.932 E/QMI_FW  ( 7600): qmi_cci_get_ref: ref count increased 2
11-21 03:29:00.932 E/wpa_supplicant( 7600): eap_proxy: Released QMI UIM service client
11-21 03:29:00.933 E/QMI_FW  ( 7600): qmi_cci_get_ref: ref count increased 2
11-21 03:29:00.933 E/QMI_FW  ( 7600): qmi_cci_get_ref: ref count increased 2
11-21 03:29:00.933 E/wpa_supplicant( 7600): eap_proxy: Released QMI EAP service client
11-21 03:29:00.934 I/wpa_supplicant( 7600): eap_proxy: eap_proxy Deinitialzed
11-21 03:29:00.980 I/wpa_supplicant( 7600): nl80211: deinit ifname=wlan0 disabled_11b_rates=0
11-21 03:29:01.010 I/wpa_supplicant( 7600): Try to unregister vendor interface
11-21 03:29:01.012 D/LOWI-9.0.0.80( 1024): [LOWINetlinkSocketReceiver] unpackRTMLinkMessage: RTM_NEWLINK - ifname wlan0, flags 0x11043 ([UP][RUNNING])
11-21 03:29:01.012 D/LOWI-9.0.0.80( 1024): [LOWINetlinkSocketReceiver] processNetlinkPacket: ifname(wlan0) status(2)
11-21 03:29:01.012 D/LOWI-9.0.0.80( 1024): [LOWIController] intfStateReceived: ifname(wlan0) state(2)
11-21 03:29:01.012 D/LOWI-9.0.0.80( 1024): [LOWIEventReceiver] handleEvent:FROM:NA, TO:NA, REQ:NA, IREQ:NA, REQ_ID:0, RESP:NA, INFO:INTF-STATUS-UPDATE
11-21 03:29:01.012 D/LOWI-9.0.0.80( 1024): [LOWIEventReceiver] Info to [INTF-STATUS-UPDATE]
11-21 03:29:01.012 D/LOWI-9.0.0.80( 1024): [LOWIController] updateIntfState: WIFI enabled 2 mNlWifiStatus 2 mWifiStateEnabled 1
11-21 03:29:01.012 D/LOWI-9.0.0.80( 1024): [LOWIController] isWifiEnabled: mNlWifiStatus 2 mWifiStateEnabled 1
11-21 03:29:01.018 I/SupplicantStaIfaceHal( 1194): Terminating supplicant using HIDL
11-21 03:29:01.020 I/wpa_supplicant( 7600): p2p0: Do not deauthenticate as part of interface deinit since WoWLAN is enabled
11-21 03:29:01.059 E/wpa_supplicant( 7600): eap_proxy: pthread_join on eap_proxy=0x650dfa8
11-21 03:29:01.059 E/wpa_supplicant( 7600): eap_proxy: session not started for client = 1
11-21 03:29:01.059 E/QMI_FW  ( 7600): qmi_cci_get_ref: ref count increased 2
11-21 03:29:01.059 E/QMI_FW  ( 7600): qmi_cci_get_ref: ref count increased 2
11-21 03:29:01.062 E/wpa_supplicant( 7600): eap_proxy: Released QMI UIM service client
11-21 03:29:01.062 E/QMI_FW  ( 7600): qmi_cci_get_ref: ref count increased 2
11-21 03:29:01.062 E/QMI_FW  ( 7600): qmi_cci_get_ref: ref count increased 2
11-21 03:29:01.064 E/wpa_supplicant( 7600): eap_proxy: Released QMI EAP service client
11-21 03:29:01.064 E/wpa_supplicant( 7600): eap_proxy: session not started for client = 2
11-21 03:29:01.064 E/QMI_FW  ( 7600): qmi_cci_get_ref: ref count increased 2
11-21 03:29:01.064 E/QMI_FW  ( 7600): qmi_cci_get_ref: ref count increased 2
11-21 03:29:01.065 E/wpa_supplicant( 7600): eap_proxy: Released QMI UIM service client
11-21 03:29:01.065 E/QMI_FW  ( 7600): qmi_cci_get_ref: ref count increased 2
11-21 03:29:01.065 E/QMI_FW  ( 7600): qmi_cci_get_ref: ref count increased 2
11-21 03:29:01.066 E/wpa_supplicant( 7600): eap_proxy: Released QMI EAP service client
11-21 03:29:01.066 I/wpa_supplicant( 7600): eap_proxy: eap_proxy Deinitialzed
11-21 03:29:01.101 I/wpa_supplicant( 7600): nl80211: deinit ifname=p2p0 disabled_11b_rates=0
11-21 03:29:01.140 D/LOWI-9.0.0.80( 1024): [LOWINetlinkSocketReceiver] unpackRTMLinkMessage: RTM_NEWLINK - ifname p2p0, flags 0x1003 ([UP])
11-21 03:29:01.159 D/LOWI-9.0.0.80( 1024): [LOWINetlinkSocketReceiver] unpackRTMLinkMessage: RTM_NEWLINK - ifname p2p0, flags 0x1002 ()
11-21 03:29:01.172 D/LOWI-9.0.0.80( 1024): [LOWINetlinkSocketReceiver] unpackRTMLinkMessage: RTM_NEWLINK - ifname p2p0, flags 0x1002 ()
11-21 03:29:01.179 I/wpa_supplicant( 7600): Try to unregister vendor p2 interface
11-21 03:29:01.180 I/WifiP2pNative( 1194): P2P interface teardown completed
11-21 03:29:01.181 D/WifiP2pNative( 1194): P2P InterfaceDestroyedListener p2p0
11-21 03:29:01.181 D/WifiP2pNative( 1194): Ignoring stale interface destroyed listener
11-21 03:29:01.181 D/WifiP2pNative( 1194): P2P InterfaceAvailableListener true
11-21 03:29:01.181 D/WifiP2pService( 1194): Wifi enabled=false, P2P Interface availability=true
11-21 03:29:01.183 I/android_os_HwBinder( 1194): HwBinder: Starting thread pool for getting: android.hardware.wifi.supplicant@1.0::ISupplicant/default
11-21 03:29:01.186 I/wpa_supplicant( 7600): Terminating...
11-21 03:29:01.190 D/LOWI-9.0.0.80( 1024): [LOWINetlinkSocketReceiver] unpackRTMLinkMessage: RTM_NEWLINK - ifname wlan0, flags 0x1003 ([UP])
11-21 03:29:01.191 D/LOWI-9.0.0.80( 1024): [LOWINetlinkSocketReceiver] processNetlinkPacket: ifname(wlan0) status(1)
11-21 03:29:01.191 D/LOWI-9.0.0.80( 1024): [LOWIController] intfStateReceived: ifname(wlan0) state(1)
11-21 03:29:01.191 D/LOWI-9.0.0.80( 1024): [LOWIEventReceiver] handleEvent:FROM:NA, TO:NA, REQ:NA, IREQ:NA, REQ_ID:0, RESP:NA, INFO:INTF-STATUS-UPDATE
11-21 03:29:01.191 D/LOWI-9.0.0.80( 1024): [LOWIEventReceiver] Info to [INTF-STATUS-UPDATE]
11-21 03:29:01.192 D/LOWI-9.0.0.80( 1024): [LOWIController] updateIntfState: WIFI enabled 1 mNlWifiStatus 2 mWifiStateEnabled 1
11-21 03:29:01.193 D/LOWI-9.0.0.80( 1024): [LOWIController] isWifiEnabled: mNlWifiStatus 1 mWifiStateEnabled 1
11-21 03:29:01.229 W/SupplicantP2pIfaceHal( 1194): ISupplicant/ISupplicantP2pIface died: cookie=0
11-21 03:29:01.230 W/SupplicantP2pIfaceHal( 1194): ISupplicantVendor/ISupplicantVendorP2PIface died: cookie=0
11-21 03:29:01.230 D/SupplicantStaIfaceHal( 1194): ISupplicant died: cookie=-8326215549758977349
11-21 03:29:01.230 W/SupplicantP2pIfaceHal( 1194): ISupplicant/ISupplicantP2pIface died: cookie=0
11-21 03:29:01.231 W/SupplicantP2pIfaceHal( 1194): ISupplicantVendor/ISupplicantVendorP2PIface died: cookie=0
11-21 03:29:01.233 D/LOWI-9.0.0.80( 1024): [LOWINetlinkSocketReceiver] unpackRTMLinkMessage: RTM_NEWLINK - ifname wlan0, flags 0x1003 ([UP])
11-21 03:29:01.233 D/LOWI-9.0.0.80( 1024): [LOWINetlinkSocketReceiver] processNetlinkPacket: ifname(wlan0) status(1)
11-21 03:29:01.233 D/LOWI-9.0.0.80( 1024): [LOWIController] intfStateReceived: ifname(wlan0) state(1)
11-21 03:29:01.233 D/LOWI-9.0.0.80( 1024): [LOWIEventReceiver] handleEvent:FROM:NA, TO:NA, REQ:NA, IREQ:NA, REQ_ID:0, RESP:NA, INFO:INTF-STATUS-UPDATE
11-21 03:29:01.233 D/LOWI-9.0.0.80( 1024): [LOWIEventReceiver] Info to [INTF-STATUS-UPDATE]
11-21 03:29:01.233 D/LOWI-9.0.0.80( 1024): [LOWIController] updateIntfState: WIFI enabled 1 mNlWifiStatus 1 mWifiStateEnabled 1
11-21 03:29:01.233 D/LOWI-9.0.0.80( 1024): [LOWIController] isWifiEnabled: mNlWifiStatus 1 mWifiStateEnabled 1
11-21 03:29:01.234 W/SupplicantStaIfaceHal( 1194): Timed out waiting for confirmation of supplicant death
11-21 03:29:01.234 V/WifiHAL (  539): event received NL80211_CMD_DISCONNECT
11-21 03:29:01.234 W/SupplicantStaIfaceHal( 1194): ISupplicantVendor/ISupplicantVendorStaIface died: cookie=0
11-21 03:29:01.235 W/SupplicantStaIfaceHal( 1194): ISupplicantVendor/ISupplicantVendorStaIface died: cookie=0
11-21 03:29:01.236 E/SupplicantStaIfaceHal( 1194): Can't call getKeyMgmtCapabilities_1_3, ISupplicantStaIface is null
11-21 03:29:01.238 V/WifiHAL (  539): WifiVendorCommand 0xaad86b98 created vendor_id:0x1374 subcmd:38
11-21 03:29:01.239 V/WifiHAL (  539): Got a Wi-Fi HAL module message from Driver
11-21 03:29:01.239 V/WifiHAL (  539): Supported feature set : 19d3d
11-21 03:29:01.239 V/WifiHAL (  539): Supported feature set acquired : 19d3d
11-21 03:29:01.239 V/WifiHAL (  539): WifiVendorCommand 0xa0792140 created vendor_id:0x1374 subcmd:76
11-21 03:29:01.239 V/WifiHAL (  539): create: mVendor_id = 4980, Subcmd = 76.
11-21 03:29:01.241 V/WifiHAL (  539): WifiVendorCommand 0xaad86cc8 created vendor_id:0x1374 subcmd:38
11-21 03:29:01.242 V/WifiHAL (  539): Got a Wi-Fi HAL module message from Driver
11-21 03:29:01.242 V/WifiHAL (  539): Supported feature set : 19d3d
11-21 03:29:01.242 V/WifiHAL (  539): Supported feature set acquired : 19d3d
11-21 03:29:01.242 V/WifiHAL (  539): WifiVendorCommand 0xa0792140 created vendor_id:0x1374 subcmd:76
11-21 03:29:01.242 V/WifiHAL (  539): create: mVendor_id = 4980, Subcmd = 76.
11-21 03:29:01.249 E/SupplicantStaIfaceHal( 1194): Can't call getWpaDriverFeatureSet, ISupplicantStaIface is null
11-21 03:29:01.249 I/WifiNative( 1194): Successfully switched to scan mode on iface=Iface:{Name=wlan0,Id=1,Type=STA_SCAN}
11-21 03:29:01.250 W/SupplicantStaIfaceHal( 1194): ISupplicant died: cookie=225
11-21 03:29:01.251 D/WifiClientModeManager1( 1194): entering ScanOnlyModeState
11-21 03:29:01.251 D/WifiScanRequestProxy( 1194): Sending scan available broadcast: true
11-21 03:29:01.251 D/WifiP2pService( 1194): Wifi enabled=false, P2P Interface availability=true
11-21 03:29:01.251 I/WifiScanningService( 1194): Received a request to enable scanning, UID = 1000
11-21 03:29:01.251 I/WifiScanningService( 1194): scanner impls already exists
11-21 03:29:01.252 E/WifiScanningService( 1194): wifi driver loaded received while already loaded
11-21 03:29:01.253 I/WifiScanRequestProxy( 1194): Scanning is enabled
11-21 03:29:01.253 I/WifiScanRequestProxy( 1194): Scanning for hidden networks is disabled
11-21 03:29:01.254 D/WakeupController( 1194): start()
11-21 03:29:01.254 D/WakeupController( 1194): Setting active to true
11-21 03:29:01.264 D/WakeupLock( 1194): Lock set. Number of networks: 1
11-21 03:29:01.266 D/WifiClientModeImpl( 1194): ClientModeImpl: Leaving Connected state
11-21 03:29:01.267 D/WifiCountryCode( 1194): updateCountryCode to US
11-21 03:29:01.268 E/SupplicantStaIfaceHal( 1194): Can't call setCountryCode, ISupplicantStaIface is null
11-21 03:29:01.268 D/WifiCountryCode( 1194): Failed to set country code to: US
11-21 03:29:01.276 E/SupplicantStaIfaceHal( 1194): Can't call listNetworks, ISupplicantStaIface is null
11-21 03:29:01.277 E/SupplicantStaIfaceHal( 1194): removeAllNetworks failed, got null networks
11-21 03:29:01.277 E/WifiClientModeImpl( 1194): Failed to remove networks on exiting connect mode
11-21 03:29:01.278 E/WakeupController( 1194): Unexpected setLastDisconnectInfo when WakeupController is active!
11-21 03:29:01.280 E/WifiVendorHal( 1194): stopRssiMonitoring(l.2106) failed {.code = ERROR_NOT_AVAILABLE, .description = }
11-21 03:29:01.280 E/SupplicantStaIfaceHal( 1194): Can't call setPowerSave, ISupplicantStaIface is null
11-21 03:29:01.280 E/SupplicantStaIfaceHal( 1194): Can't call setBtCoexistenceMode, ISupplicantStaIface is null
11-21 03:29:01.281 V/WifiClientModeImpl( 1194): stopIpClient IpClientWithPreConnection: false
11-21 03:29:01.281 V/WifiClientModeImpl( 1194): java.lang.Throwable
11-21 03:29:01.281 V/WifiClientModeImpl( 1194): 	at com.android.server.wifi.ClientModeImpl.stopIpClient(ClientModeImpl.java:1127)
11-21 03:29:01.281 V/WifiClientModeImpl( 1194): 	at com.android.server.wifi.ClientModeImpl.stopDhcpSetup(ClientModeImpl.java:1153)
11-21 03:29:01.281 V/WifiClientModeImpl( 1194): 	at com.android.server.wifi.ClientModeImpl.handleNetworkDisconnect(ClientModeImpl.java:2945)
11-21 03:29:01.281 V/WifiClientModeImpl( 1194): 	at com.android.server.wifi.ClientModeImpl.stopClientMode(ClientModeImpl.java:3889)
11-21 03:29:01.281 V/WifiClientModeImpl( 1194): 	at com.android.server.wifi.ClientModeImpl.access$4600(ClientModeImpl.java:176)
11-21 03:29:01.281 V/WifiClientModeImpl( 1194): 	at com.android.server.wifi.ClientModeImpl$ConnectModeState.exit(ClientModeImpl.java:4064)
11-21 03:29:01.281 V/WifiClientModeImpl( 1194): 	at com.android.wifi.x.com.android.internal.util.StateMachine$SmHandler.invokeExitMethods(StateMachine.java:1021)
11-21 03:29:01.281 V/WifiClientModeImpl( 1194): 	at com.android.wifi.x.com.android.internal.util.StateMachine$SmHandler.performTransitions(StateMachine.java:877)
11-21 03:29:01.281 V/WifiClientModeImpl( 1194): 	at com.android.wifi.x.com.android.internal.util.StateMachine$SmHandler.handleMessage(StateMachine.java:819)
11-21 03:29:01.281 V/WifiClientModeImpl( 1194): 	at android.os.Handler.dispatchMessage(Handler.java:106)
11-21 03:29:01.281 V/WifiClientModeImpl( 1194): 	at android.os.Looper.loop(Looper.java:223)
11-21 03:29:01.281 V/WifiClientModeImpl( 1194): 	at android.os.HandlerThread.run(HandlerThread.java:67)
11-21 03:29:01.282 D/DhcpClient( 1194): doQuit
11-21 03:29:01.283 D/ConnectivityService( 1194): [210 WIFI] EVENT_NETWORK_INFO_CHANGED, going from CONNECTED to DISCONNECTED
11-21 03:29:01.283 D/ConnectivityService( 1194): [210 WIFI] disconnected, was satisfying 26
11-21 03:29:01.284 D/QCNEJ/WlanStaInfoRelay( 1900): Received action: android.net.wifi.STATE_CHANGE
11-21 03:29:01.284 D/QCNEJ/WlanStaInfoRelay( 1900): reset CountryCodeRetriever
11-21 03:29:01.284 D/WifiDiags( 1194): stopLogging() iface list is {} after removing wlan0
11-21 03:29:01.286 E/WifiVendorHal( 1194): resetLogHandler(l.1558) failed {.code = ERROR_NOT_AVAILABLE, .description = }
11-21 03:29:01.286 W/WifiDiags( 1194): Fail to reset log handler
11-21 03:29:01.286 D/WifiConnector( 2841): Network State Changed
11-21 03:29:01.289 E/QMI_FW  (  927): qmi_cci_get_ref: ref count increased 2
11-21 03:29:01.292 E/QMI_FW  (  927): qmi_cci_get_ref: ref count increased 2
11-21 03:29:01.298 E/QMI_FW  ( 1113): qmi_cci_get_ref: ref count increased 2
11-21 03:29:01.300 D/WifiMemoryStoreImpl( 1194): Set cluster Gded792457511e862 for We4936d4057368143: SUCCESS
11-21 03:29:01.313 E/QMI_FW  ( 1113): qmi_cci_get_ref: ref count increased 2
11-21 03:29:01.322 E/QMI_FW  ( 1113): qmi_cci_get_ref: ref count increased 2
11-21 03:29:01.330 I/chatty  ( 1113): uid=1001(radio) main identical 6 lines
11-21 03:29:01.331 E/QMI_FW  ( 1113): qmi_cci_get_ref: ref count increased 2
11-21 03:29:01.333 E/QMI_FW  ( 1113): qmi_cci_get_ref: ref count increased 2
11-21 03:29:01.356 I/chatty  ( 1113): uid=1001(radio) main identical 6 lines
11-21 03:29:01.362 E/QMI_FW  ( 1113): qmi_cci_get_ref: ref count increased 2
11-21 03:29:01.363 D/WifiMemoryStoreImpl( 1194): Set cluster Gded792457511e862 for Wded792457511e862: SUCCESS
11-21 03:29:01.366 I/GnssNetworkConnectivityHandler( 1194): Network connection lost. Available networks count: 1
11-21 03:29:01.366 I/GnssNetworkConnectivityHandler( 1194): updateNetworkState, state=CLOSED, connected=false, network=210, capabilities=[ Transports: WIFI Capabilities: NOT_METERED&INTERNET&NOT_RESTRICTED&TRUSTED&NOT_VPN&VALIDATED&NOT_ROAMING&FOREGROUND&NOT_CONGESTED&NOT_SUSPENDED LinkUpBandwidth>=67000Kbps LinkDnBandwidth>=67000Kbps SignalStrength: -37 OwnerUid: 1000 AdministratorUids: [] SSID: "MTBF_Lab" RequestorUid: -1 RequestorPackageName: null], apn: , availableNetworkCount: 1
11-21 03:29:01.368 W/LocSvc_LocIpc(  523): send:66] failed reason: No such file or directory
11-21 03:29:01.389 D/DhcpClient( 1194): DHCP Packet Handler stopped
11-21 03:29:01.390 D/DhcpClient( 1194): onQuitting
11-21 03:29:01.390 D/QCNEJ/DefaultNetworkInfoRelay( 1900): Default network lost: 210
11-21 03:29:01.392 D/DeviceAuthService( 3525): Network lost
11-21 03:29:01.393 I/Nat464Xlat( 1194): Android Xlat is disabled
11-21 03:29:01.402 D/QCNEJ/NativeHalConnector( 1900): -> SND notifyDefaultNetworkChanged(1)
11-21 03:29:01.402 D/QCNEJ/WlanStaInfoRelay( 1900): network lost: 210
11-21 03:29:01.403 D/QCNEJ/WlanStaInfoRelay( 1900): onLost: unbind the process to WIFI
11-21 03:29:01.393 I/Nat464Xlat( 1194): Android Xlat is disabled
11-21 03:29:01.418 D/ConnectivityService( 1194): Sending DISCONNECTED broadcast for type 1 [210 WIFI] isDefaultNetwork=true
