11-19 17:20:50.488 I/Nat464Xlat( 1194): Android Xlat is disabled
11-19 17:20:50.488 I/Nat464Xlat( 1194): Android Xlat is disabled
11-19 17:20:50.535 D/ConnectivityService( 1194): Sending DISCONNECTED broadcast for type 1 [119 WIFI] isDefaultNetwork=true
11-19 17:20:50.540 D/ConnectivityService( 1194): NetReassign [8 : null  100, 20 : null  100, 46 : null  100, 52 : null  100, 45 : null  100, 54 : null  100, 12 : null  100, 22 : null  100, 16 : null  100, 49 : null  100, 14 : null  100, 50 : null  100, 18 : null  100, 53 : null  100, 78 : null  100, 11 : null  100, 1 : null  100, 69 : null  100, 17 : null  100]
11-19 17:20:50.550 E/NetlinkEvent(  459): NetlinkEvent::FindParam(): Parameter 'INTERFACE' not found
11-19 17:20:50.550 E/NetlinkEvent(  459): NetlinkEvent::FindParam(): Parameter 'STATE' not found
11-19 17:20:50.550 E/NetlinkEvent(  459): NetlinkEvent::FindParam(): Parameter 'TIME_NS' not found
11-19 17:20:50.550 E/NetlinkEvent(  459): NetlinkEvent::FindParam(): Parameter 'UID' not found
11-19 17:20:50.562 D/ConnectivityService( 1194): Switching to new default network: NetworkAgentInfo{ ni{[type: MOBILE[LTE], state: CONNECTED/CONNECTED, reason: (unspecified), extra: nxtgenphone, failover: false, available: true, roaming: false]}  network{100}  nethandle{432902426637}  lp{{InterfaceName: rmnet_data2 LinkAddresses: [ 10.129.103.196/29,2600:380:c119:24f:b89a:9f3c:46c1:95af/64 ] DnsAddresses: [ /172.26.38.1,/fc00:a:a::300 ] Domains: null MTU: 1430 TcpBufferSizes: 2097152,4194304,8388608,262144,524288,1048576 Routes: [ 0.0.0.0/0 -> 10.129.103.197 rmnet_data2 mtu 1430,::/0 -> fe80::b45f:41f1:1846:969d rmnet_data2 mtu 1430,10.129.103.192/29 -> 0.0.0.0 rmnet_data2 mtu 0,2600:380:c119:24f::/64 -> :: rmnet_data2 mtu 0 ]}}  nc{[ Transports: CELLULAR Capabilities: MMS&SUPL&FOTA&INTERNET&NOT_RESTRICTED&TRUSTED&NOT_VPN&VALIDATED&NOT_ROAMING&NOT_CONGESTED&NOT_SUSPENDED LinkUpBandwidth>=15000Kbps LinkDnBandwidth>=30000Kbps Specifier: <TelephonyNetworkSpecifier [mSubId = 1]> AdministratorUids: [] RequestorUid: -1 RequestorPackageName: null]}  Score{50}  everValidated{true}  lastValidated{true}  created{true} lingering{false} explicitlySelected{false} acceptUnvalidated{false} everCaptivePortalDetected{false} lastCaptivePortalDetected{false} partialConnectivity{false} acceptPartialConnectivity{false} clat{mBaseIface: null, mIface: null, mState: IDLE} }
11-19 17:20:50.597 D/AnalyticsLogger( 1194): sent events: 14
11-19 17:20:50.624 I/DropBoxManagerService( 1194): add tag=system_app_wtf isTagEnabled=true flags=0x2
11-19 17:20:50.688 D/ConnectivityService( 1194): Sending CONNECTED broadcast for type 0 [100 CELLULAR] isDefaultNetwork=true
11-19 17:20:51.048 I/DropBoxManagerService( 1194): add tag=system_app_wtf_multipart isTagEnabled=true flags=0x0
11-19 17:20:52.171 D/commandrouter( 1117): rtc_sync (1, rtc:sync): <ServiceRequest> FORWARDED (remote -> local) service client ID = 0, token ID = 33323
11-19 17:20:52.172 D/commandrouter( 1117): SocServiceHandle::onServiceMessage, SoC Service = rtc_sync, appType = 1, type = SVC_RESP, clientId = 0, token = 33323, payloadLen = 8, result = 0, payload.size() = 8
11-19 17:20:54.713 D/AutofillManagerService( 1194): onBackKeyPressed()
11-19 17:20:56.998 I/chatty  ( 1194): uid=1000(system) android.ui identical 3 lines
11-19 17:20:57.629 D/AutofillManagerService( 1194): onBackKeyPressed()
11-19 17:20:59.241 E/TaskPersister( 1194): File error accessing recents directory (directory doesn't exist?).
11-19 17:20:59.616 D/AutofillManagerService( 1194): onBackKeyPressed()
11-19 17:21:00.727 I/chatty  ( 1194): uid=1000(system) android.ui identical 1 line
11-19 17:21:01.625 D/AutofillManagerService( 1194): onBackKeyPressed()
11-19 17:21:02.133 W/ActivityManager( 1194): Invalid packageName: com.facebook.wearable.system.settings/com.facebook.wearable.system.settings.SettingsActivity
11-19 17:21:02.168 D/commandrouter( 1117): rtc_sync (1, rtc:sync): <ServiceRequest> FORWARDED (remote -> local) service client ID = 0, token ID = 33324
11-19 17:21:02.168 D/commandrouter( 1117): SocServiceHandle::onServiceMessage, SoC Service = rtc_sync, appType = 1, type = SVC_RESP, clientId = 0, token = 33324, payloadLen = 8, result = 0, payload.size() = 8
11-19 17:21:02.251 I/ActivityTaskManager( 1194): START u0 {flg=0x10000000 cmp=com.facebook.wearable.system.settings/.SettingsActivity} from uid 0
11-19 17:21:02.268 I/ActivityTaskManager( 1194): The Process com.facebook.wearable.system.settings Already Exists in BG. So sending its PID: 2752
11-19 17:21:02.269 W/ActivityTaskManager( 1194): Tried to set launchTime (0) < mLastActivityLaunchTime (5588562)
11-19 17:21:05.816 D/commandrouter( 1117): SocServiceHandle::onServiceMessage, SoC Service = mcu_healthcheck_946, appType = 1, type = SVC_REQ, clientId = 0, token = 92, payloadLen = 20, result = 0, payload.size() = 20
11-19 17:21:05.819 D/commandrouter( 1117): mcu_healthcheck_946 (1, merlot:mcu_health:control): <ServiceResponse> FORWARDED (remote -> local) CR token ID = 92, service client ID = 6, token ID = 616, result = 0
11-19 17:21:06.366 E/TaskPersister( 1194): File error accessing recents directory (directory doesn't exist?).
11-19 17:21:07.221 D/commandrouter( 1117): SocServiceHandle::onServiceMessage, SoC Service = mcu_healthcheck_1118, appType = 1, type = SVC_REQ, clientId = 0, token = 185, payloadLen = 12, result = 0, payload.size() = 12
11-19 17:21:07.224 D/commandrouter( 1117): mcu_healthcheck_1118 (1, merlot:mcu_health:control): <ServiceResponse> FORWARDED (remote -> local) CR token ID = 185, service client ID = 40, token ID = 617, result = 0
11-19 17:21:07.224 D/mculinkhealth( 1118): isMcuReachable 1 (4 ms)
11-19 17:21:08.312 W/ContextImpl( 1194): Calling a method in the system process without a qualified user: android.app.ContextImpl.sendBroadcastMultiplePermissions:1143 android.content.Context.sendBroadcastWithMultiplePermissions:2150 com.android.server.display.WifiDisplayAdapter.handleSendStatusChangeBroadcast:440 com.android.server.display.WifiDisplayAdapter.access$1700:63 com.android.server.display.WifiDisplayAdapter$WifiDisplayHandler.handleMessage:675 
11-19 17:21:09.299 W/ContextImpl( 1194): Calling a method in the system process without a qualified user: android.app.ContextImpl.sendBroadcastMultiplePermissions:1143 android.content.Context.sendBroadcastWithMultiplePermissions:2150 com.android.server.wifi.p2p.WifiP2pServiceImpl$P2pStateMachine.sendBroadcastMultiplePermissions:3209 com.android.server.wifi.p2p.WifiP2pServiceImpl$P2pStateMachine.sendP2pConnectionChangedBroadcast:3236 com.android.server.wifi.p2p.WifiP2pServiceImpl$P2pStateMachine.access$5100:768 
11-19 17:21:09.300 W/BroadcastQueue( 1194): Permission Denial: receiving Intent { act=android.net.wifi.p2p.CONNECTION_STATE_CHANGE flg=0x24000010 (has extras) } to ProcessRecord{ba73 1900:.qtidataservices/u0a89} (pid=1900, uid=10089) requires android.permission.ACCESS_FINE_LOCATION due to sender android (uid 1000)
11-19 17:21:09.305 W/ContextImpl( 1194): Calling a method in the system process without a qualified user: android.app.ContextImpl.sendBroadcastMultiplePermissions:1143 android.content.Context.sendBroadcastWithMultiplePermissions:2150 com.android.server.wifi.p2p.WifiP2pServiceImpl$P2pStateMachine.sendBroadcastMultiplePermissions:3209 com.android.server.wifi.p2p.WifiP2pServiceImpl$P2pStateMachine.sendThisDeviceChangedBroadcast:3218 com.android.server.wifi.p2p.WifiP2pServiceImpl$P2pStateMachine.updateThisDevice:3962 
11-19 17:21:09.421 W/wificond(  906): Scan is not started. Ignore abort request
11-19 17:21:09.760 D/ConnectivityService( 1194): registerNetworkAgent NetworkAgentInfo{ ni{[type: WIFI[], state: UNKNOWN/IDLE, reason: (unspecified), extra: , failover: false, available: true, roaming: false]}  network{120}  nethandle{518801772557}  lp{{InterfaceName: wlan0 LinkAddresses: [ ] DnsAddresses: [ ] Domains: null MTU: 0 Routes: [ ]}}  nc{[ Transports: WIFI Capabilities: NOT_METERED&INTERNET&NOT_RESTRICTED&TRUSTED&NOT_VPN&NOT_ROAMING&FOREGROUND&NOT_CONGESTED&NOT_SUSPENDED LinkUpBandwidth>=72000Kbps LinkDnBandwidth>=72000Kbps OwnerUid: 1000 SSID: "MTBF_Lab" RequestorUid: -1 RequestorPackageName: null]}  Score{20}  everValidated{false}  lastValidated{false}  created{false} lingering{false} explicitlySelected{false} acceptUnvalidated{false} everCaptivePortalDetected{false} lastCaptivePortalDetected{false} partialConnectivity{false} acceptPartialConnectivity{false} clat{mBaseIface: null, mIface: null, mState: IDLE} }
11-19 17:21:09.775 D/ConnectivityService( 1194): [120 WIFI] EVENT_NETWORK_INFO_CHANGED, going from UNKNOWN to UNKNOWN
11-19 17:21:09.930 D/ConnectivityService( 1194): NetReassign [no changes]
11-19 17:21:09.978 I/Nat464Xlat( 1194): Android Xlat is disabled
11-19 17:21:09.978 I/Nat464Xlat( 1194): Android Xlat is disabled
11-19 17:21:10.092 E/ConnectivityService( 1194): Exception in networkAddRouteParcel for non-gateway: android.os.ServiceSpecificException: Machine is not on the network (code 64)
11-19 17:21:10.094 E/ConnectivityService( 1194): Exception in networkAddRouteParcel for gateway: android.os.ServiceSpecificException: Machine is not on the network (code 64)
11-19 17:21:10.094 I/Nat464Xlat( 1194): Android Xlat is disabled
11-19 17:21:10.094 I/Nat464Xlat( 1194): Android Xlat is disabled
11-19 17:21:10.152 D/ConnectivityService( 1194): Setting DNS servers for network 120 to [/192.168.1.1]
11-19 17:21:10.153 I/Nat464Xlat( 1194): Android Xlat is disabled
11-19 17:21:10.153 I/Nat464Xlat( 1194): Android Xlat is disabled
11-19 17:21:10.221 D/ConnectivityService( 1194): [120 WIFI] EVENT_NETWORK_INFO_CHANGED, going from UNKNOWN to CONNECTED
11-19 17:21:10.223 D/DnsManager( 1194): sendDnsConfigurationForNetwork(120, [192.168.1.1], [], 1800, 25, 8, 64, 0, 0, , [])
11-19 17:21:10.227 W/DnsManager( 1194): updatePrivateDns(120, PrivateDnsConfig{true:/[]})
11-19 17:21:10.228 D/ConnectivityService( 1194): Setting DNS servers for network 120 to [/192.168.1.1]
11-19 17:21:10.228 D/DnsManager( 1194): sendDnsConfigurationForNetwork(120, [192.168.1.1], [], 1800, 25, 8, 64, 0, 0, , [192.168.1.1])
11-19 17:21:10.234 D/ConnectivityService( 1194): Adding iface wlan0 to network 120
11-19 17:21:10.301 D/ConnectivityService( 1194): Setting DNS servers for network 120 to [/192.168.1.1]
11-19 17:21:10.301 D/DnsManager( 1194): sendDnsConfigurationForNetwork(120, [192.168.1.1], [], 1800, 25, 8, 64, 0, 0, , [192.168.1.1])
11-19 17:21:10.307 I/Nat464Xlat( 1194): Android Xlat is disabled
11-19 17:21:10.307 I/Nat464Xlat( 1194): Android Xlat is disabled
11-19 17:21:10.355 D/ConnectivityService( 1194): NetReassign [no changes]
11-19 17:21:10.528 D/ConnectivityService( 1194): [120 WIFI] validation passed
11-19 17:21:10.529 D/ConnectivityService( 1194): NetReassign [8 : 100  120, 20 : 100  120, 46 : 100  120, 52 : 100  120, 45 : 100  120, 54 : 100  120, 12 : 100  120, 22 : 100  120, 16 : 100  120, 49 : 100  120, 14 : 100  120, 50 : 100  120, 18 : 100  120, 53 : 100  120, 78 : 100  120, 11 : 100  120, 1 : 100  120, 69 : 100  120, 17 : 100  120]
11-19 17:21:10.534 E/NetlinkEvent(  459): NetlinkEvent::FindParam(): Parameter 'INTERFACE' not found
11-19 17:21:10.534 E/NetlinkEvent(  459): NetlinkEvent::FindParam(): Parameter 'STATE' not found
11-19 17:21:10.534 E/NetlinkEvent(  459): NetlinkEvent::FindParam(): Parameter 'TIME_NS' not found
11-19 17:21:10.534 E/NetlinkEvent(  459): NetlinkEvent::FindParam(): Parameter 'UID' not found
11-19 17:21:10.549 D/ConnectivityService( 1194): Switching to new default network: NetworkAgentInfo{ ni{[type: WIFI[], state: CONNECTED/CONNECTED, reason: (unspecified), extra: , failover: false, available: true, roaming: false]}  network{120}  nethandle{518801772557}  lp{{InterfaceName: wlan0 LinkAddresses: [ 192.168.1.39/24 ] DnsAddresses: [ /192.168.1.1 ] Domains: null MTU: 0 ServerAddress: /192.168.1.1 TcpBufferSizes: 524288,1048576,2097152,262144,524288,1048576 Routes: [ fe80::/64 -> :: wlan0 mtu 0,192.168.1.0/24 -> 0.0.0.0 wlan0 mtu 0,0.0.0.0/0 -> 192.168.1.1 wlan0 mtu 0 ]}}  nc{[ Transports: WIFI Capabilities: NOT_METERED&INTERNET&NOT_RESTRICTED&TRUSTED&NOT_VPN&VALIDATED&NOT_ROAMING&FOREGROUND&NOT_CONGESTED&NOT_SUSPENDED LinkUpBandwidth>=70000Kbps LinkDnBandwidth>=70000Kbps SignalStrength: -35 OwnerUid: 1000 SSID: "MTBF_Lab" RequestorUid: -1 RequestorPackageName: null]}  Score{60}  everValidated{true}  lastValidated{true}  created{true} lingering{false} explicitlySelected{false} acceptUnvalidated{false} everCaptivePortalDetected{false} lastCaptivePortalDetected{false} partialConnectivity{false} acceptPartialConnectivity{false} clat{mBaseIface: null, mIface: null, mState: IDLE} }
11-19 17:21:10.680 D/ConnectivityService( 1194): Lingering [100 CELLULAR] for 30000ms
11-19 17:21:10.682 D/ConnectivityService( 1194): Sending DISCONNECTED broadcast for type 0 [100 CELLULAR] isDefaultNetwork=true
11-19 17:21:10.684 D/ConnectivityService( 1194): Sending CONNECTED broadcast for type 1 [120 WIFI] isDefaultNetwork=true
11-19 17:21:10.717 D/ConnectivityService( 1194): Setting DNS servers for network 120 to [/192.168.1.1]
11-19 17:21:10.718 D/DnsManager( 1194): sendDnsConfigurationForNetwork(120, [192.168.1.1], [], 1800, 25, 8, 64, 0, 0, , [192.168.1.1])
11-19 17:21:11.662 I/Nat464Xlat( 1194): Android Xlat is disabled
11-19 17:21:11.662 I/Nat464Xlat( 1194): Android Xlat is disabled
11-19 17:21:12.164 D/commandrouter( 1117): rtc_sync (1, rtc:sync): <ServiceRequest> FORWARDED (remote -> local) service client ID = 0, token ID = 33325
11-19 17:21:12.164 D/commandrouter( 1117): SocServiceHandle::onServiceMessage, SoC Service = rtc_sync, appType = 1, type = SVC_RESP, clientId = 0, token = 33325, payloadLen = 8, result = 0, payload.size() = 8
11-19 17:21:22.157 D/commandrouter( 1117): rtc_sync (1, rtc:sync): <ServiceRequest> FORWARDED (remote -> local) service client ID = 0, token ID = 33326
11-19 17:21:22.157 D/commandrouter( 1117): SocServiceHandle::onServiceMessage, SoC Service = rtc_sync, appType = 1, type = SVC_RESP, clientId = 0, token = 33326, payloadLen = 8, result = 0, payload.size() = 8
11-19 17:21:25.050 D/AppStorageManager( 1194): BEFORE:: Previous Size: 1060483072 Current Size: 1060077568
11-19 17:21:25.050 D/AppStorageManager( 1194): AFTER:: Previous Size: 1060077568 Current Size: 1060077568
11-19 17:21:29.749 D/AutofillManagerService( 1194): onBackKeyPressed()
11-19 17:21:30.281 I/chatty  ( 1194): uid=1000(system) android.ui identical 1 line
11-19 17:21:30.817 D/AutofillManagerService( 1194): onBackKeyPressed()
11-19 17:21:32.145 D/commandrouter( 1117): rtc_sync (1, rtc:sync): <ServiceRequest> FORWARDED (remote -> local) service client ID = 0, token ID = 33327
11-19 17:21:32.145 D/commandrouter( 1117): SocServiceHandle::onServiceMessage, SoC Service = rtc_sync, appType = 1, type = SVC_RESP, clientId = 0, token = 33327, payloadLen = 8, result = 0, payload.size() = 8
11-19 17:21:32.618 D/AutofillManagerService( 1194): onBackKeyPressed()
11-19 17:21:33.137 W/ActivityManager( 1194): Invalid packageName: com.facebook.wearable.system.settings/com.facebook.wearable.system.settings.SettingsActivity
11-19 17:21:33.264 I/ActivityTaskManager( 1194): START u0 {flg=0x10000000 cmp=com.facebook.wearable.system.settings/.SettingsActivity} from uid 0
11-19 17:21:33.282 I/ActivityTaskManager( 1194): The Process com.facebook.wearable.system.settings Already Exists in BG. So sending its PID: 2752
11-19 17:21:33.283 W/ActivityTaskManager( 1194): Tried to set launchTime (0) < mLastActivityLaunchTime (5608533)
11-19 17:21:35.366 E/TaskPersister( 1194): File error accessing recents directory (directory doesn't exist?).
11-19 17:21:37.225 D/commandrouter( 1117): SocServiceHandle::onServiceMessage, SoC Service = mcu_healthcheck_1118, appType = 1, type = SVC_REQ, clientId = 0, token = 186, payloadLen = 12, result = 0, payload.size() = 12
11-19 17:21:37.228 D/commandrouter( 1117): mcu_healthcheck_1118 (1, merlot:mcu_health:control): <ServiceResponse> FORWARDED (remote -> local) CR token ID = 186, service client ID = 40, token ID = 618, result = 0
11-19 17:21:37.229 D/mculinkhealth( 1118): isMcuReachable 1 (3 ms)
11-19 17:21:40.529 D/ConnectivityService( 1194): handleLingerComplete for [100 CELLULAR]
11-19 17:21:40.840 W/ContextImpl( 1194): Calling a method in the system process without a qualified user: android.app.ContextImpl.sendBroadcastMultiplePermissions:1143 android.content.Context.sendBroadcastWithMultiplePermissions:2150 com.android.server.display.WifiDisplayAdapter.handleSendStatusChangeBroadcast:440 com.android.server.display.WifiDisplayAdapter.access$1700:63 com.android.server.display.WifiDisplayAdapter$WifiDisplayHandler.handleMessage:675 
11-19 17:21:41.387 D/ConnectivityService( 1194): [120 WIFI] EVENT_NETWORK_INFO_CHANGED, going from CONNECTED to DISCONNECTED
11-19 17:21:41.387 D/ConnectivityService( 1194): [120 WIFI] disconnected, was satisfying 30
11-19 17:21:41.509 I/Nat464Xlat( 1194): Android Xlat is disabled
11-19 17:21:41.509 I/Nat464Xlat( 1194): Android Xlat is disabled
11-19 17:21:41.538 D/ConnectivityService( 1194): Sending DISCONNECTED broadcast for type 1 [120 WIFI] isDefaultNetwork=true
11-19 17:21:41.540 D/ConnectivityService( 1194): NetReassign [8 : null  100, 20 : null  100, 46 : null  100, 52 : null  100, 45 : null  100, 54 : null  100, 12 : null  100, 22 : null  100, 16 : null  100, 49 : null  100, 14 : null  100, 50 : null  100, 18 : null  100, 53 : null  100, 78 : null  100, 11 : null  100, 1 : null  100, 69 : null  100, 17 : null  100]
11-19 17:21:41.549 E/NetlinkEvent(  459): NetlinkEvent::FindParam(): Parameter 'INTERFACE' not found
11-19 17:21:41.549 E/NetlinkEvent(  459): NetlinkEvent::FindParam(): Parameter 'STATE' not found
11-19 17:21:41.549 E/NetlinkEvent(  459): NetlinkEvent::FindParam(): Parameter 'TIME_NS' not found
11-19 17:21:41.549 E/NetlinkEvent(  459): NetlinkEvent::FindParam(): Parameter 'UID' not found
11-19 17:21:41.561 D/ConnectivityService( 1194): Switching to new default network: NetworkAgentInfo{ ni{[type: MOBILE[LTE], state: CONNECTED/CONNECTED, reason: (unspecified), extra: nxtgenphone, failover: false, available: true, roaming: false]}  network{100}  nethandle{432902426637}  lp{{InterfaceName: rmnet_data2 LinkAddresses: [ 10.129.103.196/29,2600:380:c119:24f:b89a:9f3c:46c1:95af/64 ] DnsAddresses: [ /172.26.38.1,/fc00:a:a::300 ] Domains: null MTU: 1430 TcpBufferSizes: 2097152,4194304,8388608,262144,524288,1048576 Routes: [ 0.0.0.0/0 -> 10.129.103.197 rmnet_data2 mtu 1430,::/0 -> fe80::b45f:41f1:1846:969d rmnet_data2 mtu 1430,10.129.103.192/29 -> 0.0.0.0 rmnet_data2 mtu 0,2600:380:c119:24f::/64 -> :: rmnet_data2 mtu 0 ]}}  nc{[ Transports: CELLULAR Capabilities: MMS&SUPL&FOTA&INTERNET&NOT_RESTRICTED&TRUSTED&NOT_VPN&VALIDATED&NOT_ROAMING&NOT_CONGESTED&NOT_SUSPENDED LinkUpBandwidth>=15000Kbps LinkDnBandwidth>=30000Kbps Specifier: <TelephonyNetworkSpecifier [mSubId = 1]> AdministratorUids: [] RequestorUid: -1 RequestorPackageName: null]}  Score{50}  everValidated{true}  lastValidated{true}  created{true} lingering{false} explicitlySelected{false} acceptUnvalidated{false} everCaptivePortalDetected{false} lastCaptivePortalDetected{false} partialConnectivity{false} acceptPartialConnectivity{false} clat{mBaseIface: null, mIface: null, mState: IDLE} }
11-19 17:21:41.745 D/ConnectivityService( 1194): Sending CONNECTED broadcast for type 0 [100 CELLULAR] isDefaultNetwork=true
11-19 17:21:42.133 D/commandrouter( 1117): rtc_sync (1, rtc:sync): <ServiceRequest> FORWARDED (remote -> local) service client ID = 0, token ID = 33328
11-19 17:21:42.133 D/commandrouter( 1117): SocServiceHandle::onServiceMessage, SoC Service = rtc_sync, appType = 1, type = SVC_RESP, clientId = 0, token = 33328, payloadLen = 8, result = 0, payload.size() = 8
11-19 17:21:45.621 D/AutofillManagerService( 1194): onBackKeyPressed()
11-19 17:21:48.630 I/chatty  ( 1194): uid=1000(system) android.ui identical 4 lines
11-19 17:21:49.624 D/AutofillManagerService( 1194): onBackKeyPressed()
11-19 17:21:50.149 E/TaskPersister( 1194): File error accessing recents directory (directory doesn't exist?).
11-19 17:21:50.623 D/AutofillManagerService( 1194): onBackKeyPressed()
11-19 17:21:51.618 D/AutofillManagerService( 1194): onBackKeyPressed()
11-19 17:21:52.122 D/commandrouter( 1117): rtc_sync (1, rtc:sync): <ServiceRequest> FORWARDED (remote -> local) service client ID = 0, token ID = 33329
11-19 17:21:52.123 D/commandrouter( 1117): SocServiceHandle::onServiceMessage, SoC Service = rtc_sync, appType = 1, type = SVC_RESP, clientId = 0, token = 33329, payloadLen = 8, result = 0, payload.size() = 8
11-19 17:21:52.152 W/ActivityManager( 1194): Invalid packageName: com.facebook.wearable.system.settings/com.facebook.wearable.system.settings.SettingsActivity
11-19 17:21:52.278 I/ActivityTaskManager( 1194): START u0 {flg=0x10000000 cmp=com.facebook.wearable.system.settings/.SettingsActivity} from uid 0
11-19 17:21:52.295 I/ActivityTaskManager( 1194): The Process com.facebook.wearable.system.settings Already Exists in BG. So sending its PID: 2752
11-19 17:21:52.295 W/ActivityTaskManager( 1194): Tried to set launchTime (0) < mLastActivityLaunchTime (5639547)
11-19 17:21:55.863 D/AnalyticsLogger( 1194): sent events: 12
11-19 17:21:56.537 E/TaskPersister( 1194): File error accessing recents directory (directory doesn't exist?).
11-19 17:21:58.162 W/ContextImpl( 1194): Calling a method in the system process without a qualified user: android.app.ContextImpl.sendBroadcastMultiplePermissions:1143 android.content.Context.sendBroadcastWithMultiplePermissions:2150 com.android.server.display.WifiDisplayAdapter.handleSendStatusChangeBroadcast:440 com.android.server.display.WifiDisplayAdapter.access$1700:63 com.android.server.display.WifiDisplayAdapter$WifiDisplayHandler.handleMessage:675 
11-19 17:21:59.167 W/wificond(  906): Scan is not started. Ignore abort request
11-19 17:21:59.168 W/ContextImpl( 1194): Calling a method in the system process without a qualified user: android.app.ContextImpl.sendBroadcastMultiplePermissions:1143 android.content.Context.sendBroadcastWithMultiplePermissions:2150 com.android.server.wifi.p2p.WifiP2pServiceImpl$P2pStateMachine.sendBroadcastMultiplePermissions:3209 com.android.server.wifi.p2p.WifiP2pServiceImpl$P2pStateMachine.sendP2pConnectionChangedBroadcast:3236 com.android.server.wifi.p2p.WifiP2pServiceImpl$P2pStateMachine.access$5100:768 
11-19 17:21:59.170 W/BroadcastQueue( 1194): Permission Denial: receiving Intent { act=android.net.wifi.p2p.CONNECTION_STATE_CHANGE flg=0x24000010 (has extras) } to ProcessRecord{ba73 1900:.qtidataservices/u0a89} (pid=1900, uid=10089) requires android.permission.ACCESS_FINE_LOCATION due to sender android (uid 1000)
11-19 17:21:59.269 W/ContextImpl( 1194): Calling a method in the system process without a qualified user: android.app.ContextImpl.sendBroadcastMultiplePermissions:1143 android.content.Context.sendBroadcastWithMultiplePermissions:2150 com.android.server.wifi.p2p.WifiP2pServiceImpl$P2pStateMachine.sendBroadcastMultiplePermissions:3209 com.android.server.wifi.p2p.WifiP2pServiceImpl$P2pStateMachine.sendThisDeviceChangedBroadcast:3218 com.android.server.wifi.p2p.WifiP2pServiceImpl$P2pStateMachine.updateThisDevice:3962 
--------- beginning of main
11-19 17:21:59.349 E/QMI_FW  (  927): qmi_cci_get_ref: ref count increased 2
11-19 17:21:59.352 E/QMI_FW  (  927): qmi_cci_get_ref: ref count increased 2
11-19 17:21:59.355 E/QMI_FW  ( 1113): qmi_cci_get_ref: ref count increased 2
11-19 17:21:59.357 E/QMI_FW  ( 1113): qmi_cci_get_ref: ref count increased 2
11-19 17:21:59.369 I/WearableConnectivityManager( 2581): LTE Signal strength is: 1
11-19 17:21:59.370 I/WearableConnectivityManager( 2581): Cellular Signal strength is: 1
11-19 17:21:59.370 D/RadioLinkQualityScoreBuilder( 1975): scoreRsrp: 2scoreRsrq: 3scoreRssnr: 4
11-19 17:21:59.403 I/Choreographer( 2752): Skipped 30 frames!  The application may be doing too much work on its main thread.
11-19 17:21:59.556 I/chatty  ( 1024): uid=1021(gps) lowi-server expire 15 lines
11-19 17:21:59.573 I/wpa_supplicant(10683): wlan0: Associated with 6c:cd:d6:25:63:2a
11-19 17:21:59.573 I/wpa_supplicant(10683): wlan0: CTRL-EVENT-SUBNET-STATUS-UPDATE status=0
11-19 17:21:59.574 I/wpa_supplicant(10683): wlan0: WPA: RX message 1 of 4-Way Handshake from 6c:cd:d6:25:63:2a (ver=2)
11-19 17:21:59.575 I/wpa_supplicant(10683): wlan0: WPA: Sending EAPOL-Key 2/4
11-19 17:21:59.575 V/WifiHAL (  539): event received NL80211_CMD_CONNECT
11-19 17:21:59.582 I/wpa_supplicant(10683): getWifiGenerationStatusInternal: generation = 4, twtSupport = false, vhtMax8SpatialStreamsSupport = false
11-19 17:21:59.586 I/wpa_supplicant(10683): wlan0: WPA: RX message 3 of 4-Way Handshake from 6c:cd:d6:25:63:2a (ver=2)
11-19 17:21:59.586 I/wpa_supplicant(10683): wlan0: WPA: Sending EAPOL-Key 4/4
11-19 17:21:59.590 I/wpa_supplicant(10683): wlan0: WPA: Key negotiation completed with 6c:cd:d6:25:63:2a [PTK=CCMP GTK=CCMP]
11-19 17:21:59.590 I/wpa_supplicant(10683): wlan0: CTRL-EVENT-CONNECTED - Connection to 6c:cd:d6:25:63:2a completed [id=0 id_str=%7B%22configKey%22%3A%22%5C%22MTBF_Lab%5C%22WPA_PSK%22%2C%22creatorUid%22%3A%221000%22%7D]
11-19 17:21:59.592 D/QCNEJ/WlanStaInfoRelay( 1900): Received action: android.net.wifi.STATE_CHANGE
11-19 17:21:59.592 D/WifiConnector( 2841): Network State Changed
11-19 17:21:59.609 D/ConnectivityService( 1194): registerNetworkAgent NetworkAgentInfo{ ni{[type: WIFI[], state: UNKNOWN/IDLE, reason: (unspecified), extra: , failover: false, available: true, roaming: false]}  network{121}  nethandle{523096739853}  lp{{InterfaceName: wlan0 LinkAddresses: [ ] DnsAddresses: [ ] Domains: null MTU: 0 Routes: [ ]}}  nc{[ Transports: WIFI Capabilities: NOT_METERED&INTERNET&NOT_RESTRICTED&TRUSTED&NOT_VPN&NOT_ROAMING&FOREGROUND&NOT_CONGESTED&NOT_SUSPENDED LinkUpBandwidth>=72000Kbps LinkDnBandwidth>=72000Kbps OwnerUid: 1000 SSID: "MTBF_Lab" RequestorUid: -1 RequestorPackageName: null]}  Score{20}  everValidated{false}  lastValidated{false}  created{false} lingering{false} explicitlySelected{false} acceptUnvalidated{false} everCaptivePortalDetected{false} lastCaptivePortalDetected{false} partialConnectivity{false} acceptPartialConnectivity{false} clat{mBaseIface: null, mIface: null, mState: IDLE} }
11-19 17:21:59.609 D/QCNEJ/WlanStaInfoRelay( 1900): Received action: android.net.wifi.STATE_CHANGE
11-19 17:21:59.609 D/WifiConnector( 2841): Network State Changed
11-19 17:21:59.611 I/chatty  ( 1024): uid=1021(gps) lowi-server expire 67 lines
11-19 17:21:59.612 I/chatty  ( 1024): uid=1021(gps) lowi-server expire 3 lines
11-19 17:21:59.628 D/ConnectivityService( 1194): [121 WIFI] EVENT_NETWORK_INFO_CHANGED, going from UNKNOWN to UNKNOWN
11-19 17:21:59.633 D/QCNEJ/WlanStaInfoRelay( 1900): Received action: android.net.wifi.STATE_CHANGE
11-19 17:21:59.633 D/WifiConnector( 2841): Network State Changed
11-19 17:21:59.660 V/WifiClientModeImpl( 1194): stopIpClient IpClientWithPreConnection: false
11-19 17:21:59.660 V/WifiClientModeImpl( 1194): java.lang.Throwable
11-19 17:21:59.660 V/WifiClientModeImpl( 1194): 	at com.android.server.wifi.ClientModeImpl.stopIpClient(ClientModeImpl.java:1127)
11-19 17:21:59.660 V/WifiClientModeImpl( 1194): 	at com.android.server.wifi.ClientModeImpl.stopDhcpSetup(ClientModeImpl.java:1153)
11-19 17:21:59.660 V/WifiClientModeImpl( 1194): 	at com.android.server.wifi.ClientModeImpl.startIpClient(ClientModeImpl.java:7079)
11-19 17:21:59.660 V/WifiClientModeImpl( 1194): 	at com.android.server.wifi.ClientModeImpl.access$7100(ClientModeImpl.java:176)
11-19 17:21:59.660 V/WifiClientModeImpl( 1194): 	at com.android.server.wifi.ClientModeImpl$ObtainingIpState.enter(ClientModeImpl.java:5462)
11-19 17:21:59.660 V/WifiClientModeImpl( 1194): 	at com.android.wifi.x.com.android.internal.util.StateMachine$SmHandler.invokeEnterMethods(StateMachine.java:1037)
11-19 17:21:59.660 V/WifiClientModeImpl( 1194): 	at com.android.wifi.x.com.android.internal.util.StateMachine$SmHandler.performTransitions(StateMachine.java:879)
11-19 17:21:59.660 V/WifiClientModeImpl( 1194): 	at com.android.wifi.x.com.android.internal.util.StateMachine$SmHandler.handleMessage(StateMachine.java:819)
11-19 17:21:59.660 V/WifiClientModeImpl( 1194): 	at android.os.Handler.dispatchMessage(Handler.java:106)
11-19 17:21:59.660 V/WifiClientModeImpl( 1194): 	at android.os.Looper.loop(Looper.java:223)
11-19 17:21:59.660 V/WifiClientModeImpl( 1194): 	at android.os.HandlerThread.run(HandlerThread.java:67)
11-19 17:21:59.662 V/WifiHAL (  539): WifiVendorCommand 0xa063a000 created vendor_id:0x1374 subcmd:83
11-19 17:21:59.662 E/WifiHAL (  539): wifi_get_packet_filter_capabilities: requestResponse() error: -3
11-19 17:21:59.663 I/WifiHAL (  539): Packet filtering is not supprted
11-19 17:21:59.787 D/WearableConnectivityManager( 2581): onWifiStrengthChange: -34
11-19 17:21:59.788 D/QCNEJ/WlanStaInfoRelay( 1900): Received action: android.net.wifi.RSSI_CHANGED
11-19 17:21:59.791 V/WifiHAL (  539): WifiVendorCommand 0xa07c1180 created vendor_id:0x1374 subcmd:82
11-19 17:21:59.791 V/WifiHAL (  539): ND offload : Enable
11-19 17:21:59.791 D/ConnectivityService( 1194): NetReassign [no changes]
11-19 17:21:59.801 E/WifiVendorHal( 1194): configureNeighborDiscoveryOffload(l.2193) failed {.code = ERROR_NOT_SUPPORTED, .description = }
11-19 17:21:59.821 E/QMI_FW  (  927): qmi_cci_get_ref: ref count increased 2
11-19 17:21:59.823 E/QMI_FW  (  927): qmi_cci_get_ref: ref count increased 2
11-19 17:21:59.828 E/Netd    (  459): no such netId 121
11-19 17:21:59.829 I/Nat464Xlat( 1194): Android Xlat is disabled
11-19 17:21:59.884 D/DhcpClient( 1194): l2key: We4936d4057368143 lease address: /192.168.1.39 lease expiry: 1637457670060 current time: 1637371319884
11-19 17:21:59.886 D/DhcpClient( 1194): Broadcasting DHCPREQUEST ciaddr=0.0.0.0 request=192.168.1.39 serverid=null
11-19 17:21:59.897 D/DhcpClient( 1194): Received packet: 0a:d6:4a:32:b1:ee ACK: your new IP /192.168.1.39, netmask /255.255.255.0, gateways [/192.168.1.1] DNS servers: /192.168.1.1 , lease time 86400
11-19 17:21:59.898 D/DhcpClient( 1194): Confirmed lease: android.net.networkstack.DhcpResults@1c00609 DHCP server /192.168.1.1 Vendor info null lease 86400 seconds Servername 
11-19 17:21:59.937 E/Netd    (  459): no such netId 121
11-19 17:21:59.829 I/Nat464Xlat( 1194): Android Xlat is disabled
11-19 17:21:59.938 E/ConnectivityService( 1194): Exception in networkAddRouteParcel for non-gateway: android.os.ServiceSpecificException: Machine is not on the network (code 64)
11-19 17:21:59.938 D/QCNEJ/WlanStaInfoRelay( 1900): Received action: android.net.wifi.STATE_CHANGE
11-19 17:21:59.939 D/WifiConnector( 2841): Network State Changed
11-19 17:21:59.939 E/Netd    (  459): no such netId 121
11-19 17:21:59.939 D/DhcpClient( 1194): Scheduling renewal in 43199s
11-19 17:21:59.940 D/DhcpClient( 1194): Scheduling rebind in 75599s
11-19 17:21:59.940 D/DhcpClient( 1194): Scheduling expiry in 86399s
11-19 17:21:59.942 E/ConnectivityService( 1194): Exception in networkAddRouteParcel for gateway: android.os.ServiceSpecificException: Machine is not on the network (code 64)
11-19 17:21:59.942 I/Nat464Xlat( 1194): Android Xlat is disabled
11-19 17:21:59.960 D/WifiConnector( 2841): Network State Changed
11-19 17:21:59.960 D/QCNEJ/WlanStaInfoRelay( 1900): Received action: android.net.wifi.STATE_CHANGE
11-19 17:21:59.964 D/WifiConnector( 2841): Configured Networks Changed
11-19 17:21:59.967 W/WifiScoreReport( 1194): Cannot start external scoring netId=121 currentNetId=121 sessionId=1215
11-19 17:21:59.992 D/WifiMemoryStoreImpl( 1194): Set cluster Gded792457511e862 for We4936d4057368143: SUCCESS
11-19 17:21:59.993 E/QMI_FW  (  927): qmi_cci_get_ref: ref count increased 2
11-19 17:21:59.995 E/QMI_FW  (  927): qmi_cci_get_ref: ref count increased 2
11-19 17:21:59.998 E/QMI_FW  ( 1113): qmi_cci_get_ref: ref count increased 2
11-19 17:21:59.999 E/QMI_FW  ( 1113): qmi_cci_get_ref: ref count increased 2
11-19 17:22:00.000 E/QMI_FW  ( 1113): qmi_cci_get_ref: ref count increased 2
11-19 17:22:00.008 D/KeyguardUpdateMonitor( 1753): received broadcast android.intent.action.TIME_TICK
11-19 17:22:00.008 D/KeyguardUpdateMonitor( 1753): handleTimeUpdate
11-19 17:21:59.942 I/Nat464Xlat( 1194): Android Xlat is disabled
11-19 17:22:00.013 D/ConnectivityService( 1194): Setting DNS servers for network 121 to [/192.168.1.1]
11-19 17:22:00.014 D/KeyguardUpdateMonitor( 1753): received broadcast android.intent.action.TIME_TICK
11-19 17:22:00.014 D/KeyguardUpdateMonitor( 1753): handleTimeUpdate
11-19 17:22:00.015 I/Nat464Xlat( 1194): Android Xlat is disabled
11-19 17:22:00.015 I/Nat464Xlat( 1194): Android Xlat is disabled
11-19 17:22:00.086 D/ConnectivityService( 1194): [121 WIFI] EVENT_NETWORK_INFO_CHANGED, going from UNKNOWN to CONNECTED
11-19 17:22:00.089 D/DnsManager( 1194): sendDnsConfigurationForNetwork(121, [192.168.1.1], [], 1800, 25, 8, 64, 0, 0, , [])
11-19 17:22:00.089 D/WifiMemoryStoreImpl( 1194): Set cluster Gded792457511e862 for Wded792457511e862: SUCCESS
11-19 17:22:00.098 W/DnsManager( 1194): updatePrivateDns(121, PrivateDnsConfig{true:/[]})
11-19 17:22:00.098 D/ConnectivityService( 1194): Setting DNS servers for network 121 to [/192.168.1.1]
11-19 17:22:00.099 D/DnsManager( 1194): sendDnsConfigurationForNetwork(121, [192.168.1.1], [], 1800, 25, 8, 64, 0, 0, , [192.168.1.1])
11-19 17:22:00.100 W/resolv  (  459): Validating DnsTlsServer on netId 121
11-19 17:22:00.101 D/ConnectivityService( 1194): Adding iface wlan0 to network 121
11-19 17:22:00.118 W/resolv  (  459): Validation failed
11-19 17:22:00.145 D/ConnectivityService( 1194): Setting DNS servers for network 121 to [/192.168.1.1]
11-19 17:22:00.145 D/DnsManager( 1194): sendDnsConfigurationForNetwork(121, [192.168.1.1], [], 1800, 25, 8, 64, 0, 0, , [192.168.1.1])
11-19 17:22:00.147 I/Nat464Xlat( 1194): Android Xlat is disabled
11-19 17:22:00.151 W/resolv  (  459): Validating DnsTlsServer on netId 121
11-19 17:22:00.171 W/resolv  (  459): SSL_connect ssl error =5, mark 0xf0079: Connection refused
11-19 17:22:00.172 W/resolv  (  459): Validation failed
11-19 17:22:00.147 I/Nat464Xlat( 1194): Android Xlat is disabled
11-19 17:22:00.213 D/ConnectivityService( 1194): NetReassign [no changes]
11-19 17:22:00.213 D/WifiClientModeImpl( 1194): Received signal strength thresholds: []
11-19 17:22:00.214 E/WifiVendorHal( 1194): stopRssiMonitoring(l.2106) failed {.code = ERROR_NOT_AVAILABLE, .description = }
11-19 17:22:00.240 D/QCNEJ/WlanStaInfoRelay( 1900): network available: 121
11-19 17:22:00.248 D/QCNEJ/NativeHalConnector( 1900): -> SND notifyWifiAvailable(v4Connected = truev6Connected = , false, isAndroidValidated = false)
11-19 17:22:00.266 D/QCNEJ/NativeHalConnector( 1900): -> SND notifyWifiAvailable(v4Connected = truev6Connected = , false, isAndroidValidated = false)
11-19 17:22:00.290 D/NetworkMonitor/121( 1194): PROBE_DNS www.google.com 27ms OK 142.250.191.68
11-19 17:22:00.291 W/System  ( 1194): ClassLoader referenced unknown path: /system/framework/tcmclient.jar
11-19 17:22:00.298 D/NetworkMonitor/121( 1194): PROBE_DNS connectivitycheck.gstatic.com 38ms OK 142.250.191.67
11-19 17:22:00.327 D/NetworkMonitor/121( 1194): PROBE_HTTP http://connectivitycheck.gstatic.com/generate_204 time=26ms ret=204 request={Connection=[close], User-Agent=[Mozilla/5.0 (X11; Linux x86_64) AppleWebKit/537.36 (KHTML, like Gecko) Chrome/60.0.3112.32 Safari/537.36]} headers={null=[HTTP/1.1 204 No Content], Connection=[close], Content-Length=[0], Date=[Sat, 20 Nov 2021 01:22:02 GMT], X-Android-Received-Millis=[1637371320326], X-Android-Response-Source=[NETWORK 204], X-Android-Selected-Protocol=[http/1.1], X-Android-Sent-Millis=[1637371320314]}
11-19 17:22:00.372 D/NetworkMonitor/121( 1194): PROBE_HTTPS https://www.google.com/generate_204 time=76ms ret=204 request={Connection=[close], User-Agent=[Mozilla/5.0 (X11; Linux x86_64) AppleWebKit/537.36 (KHTML, like Gecko) Chrome/60.0.3112.32 Safari/537.36]} headers={null=[HTTP/1.1 204 No Content], Alt-Svc=[h3=":443"; ma=2592000,h3-29=":443"; ma=2592000,h3-Q050=":443"; ma=2592000,h3-Q046=":443"; ma=2592000,h3-Q043=":443"; ma=2592000,quic=":443"; ma=2592000; v="46,43"], Connection=[close], Content-Length=[0], Date=[Sat, 20 Nov 2021 01:22:02 GMT], X-Android-Received-Millis=[1637371320370], X-Android-Response-Source=[NETWORK 204], X-Android-Selected-Protocol=[http/1.1], X-Android-Sent-Millis=[1637371320349]}
11-19 17:22:00.374 D/NetworkMonitor/121( 1194): isCaptivePortal: isSuccessful()=true isPortal()=false RedirectUrl=null isPartialConnectivity()=false Time=144ms
11-19 17:22:00.376 D/ConnectivityService( 1194): [121 WIFI] validation passed
11-19 17:22:00.377 D/ConnectivityService( 1194): NetReassign [8 : 100  121, 20 : 100  121, 46 : 100  121, 52 : 100  121, 45 : 100  121, 54 : 100  121, 12 : 100  121, 22 : 100  121, 16 : 100  121, 49 : 100  121, 14 : 100  121, 50 : 100  121, 18 : 100  121, 53 : 100  121, 78 : 100  121, 11 : 100  121, 1 : 100  121, 69 : 100  121, 17 : 100  121]
11-19 17:22:00.383 E/NetlinkEvent(  459): NetlinkEvent::FindParam(): Parameter 'INTERFACE' not found
11-19 17:22:00.383 E/NetlinkEvent(  459): NetlinkEvent::FindParam(): Parameter 'STATE' not found
11-19 17:22:00.384 E/NetlinkEvent(  459): NetlinkEvent::FindParam(): Parameter 'TIME_NS' not found
11-19 17:22:00.384 E/NetlinkEvent(  459): NetlinkEvent::FindParam(): Parameter 'UID' not found
11-19 17:22:00.401 D/ConnectivityService( 1194): Switching to new default network: NetworkAgentInfo{ ni{[type: WIFI[], state: CONNECTED/CONNECTED, reason: (unspecified), extra: , failover: false, available: true, roaming: false]}  network{121}  nethandle{523096739853}  lp{{InterfaceName: wlan0 LinkAddresses: [ 192.168.1.39/24 ] DnsAddresses: [ /192.168.1.1 ] Domains: null MTU: 0 ServerAddress: /192.168.1.1 TcpBufferSizes: 524288,1048576,2097152,262144,524288,1048576 Routes: [ fe80::/64 -> :: wlan0 mtu 0,192.168.1.0/24 -> 0.0.0.0 wlan0 mtu 0,0.0.0.0/0 -> 192.168.1.1 wlan0 mtu 0 ]}}  nc{[ Transports: WIFI Capabilities: NOT_METERED&INTERNET&NOT_RESTRICTED&TRUSTED&NOT_VPN&VALIDATED&NOT_ROAMING&FOREGROUND&NOT_CONGESTED&NOT_SUSPENDED LinkUpBandwidth>=70000Kbps LinkDnBandwidth>=70000Kbps SignalStrength: -34 OwnerUid: 1000 SSID: "MTBF_Lab" RequestorUid: -1 RequestorPackageName: null]}  Score{60}  everValidated{true}  lastValidated{true}  created{true} lingering{false} explicitlySelected{false} acceptUnvalidated{false} everCaptivePortalDetected{false} lastCaptivePortalDetected{false} partialConnectivity{false} acceptPartialConnectivity{false} clat{mBaseIface: null, mIface: null, mState: IDLE} }
11-19 17:22:00.514 D/NetworkManager( 5883): ConnectivityManager.NetworkCallback#onCapabilitiesChanged()
11-19 17:22:00.514 D/NetworkManager( 5883): connected: true
11-19 17:22:00.522 D/QCNEJ/DefaultNetworkInfoRelay( 1900): Default network available: 121
11-19 17:22:00.524 D/NetworkManager( 5921): ConnectivityManager.NetworkCallback#onCapabilitiesChanged()
11-19 17:22:00.524 D/NetworkManager( 5921): connected: true
11-19 17:22:00.525 D/DeviceAuthService( 5799): Network connected
11-19 17:22:00.525 D/DeviceAuthService( 5799): fetchAuthTokenWrapper called
11-19 17:22:00.529 D/QCNEJ/NativeHalConnector( 1900): -> SND notifyDefaultNetworkChanged(1)
11-19 17:22:00.530 V/LigerRadioStatsReporter( 2384): onCapabilitiesChanged: Network capabilities changed
11-19 17:22:00.534 D/NetworkTimeUpdateService( 1194): New default network 121; checking time.
11-19 17:22:00.537 D/ConnectivityService( 1194): Lingering [100 CELLULAR] for 30000ms
11-19 17:22:00.538 D/ConnectivityService( 1194): Sending DISCONNECTED broadcast for type 0 [100 CELLULAR] isDefaultNetwork=true
11-19 17:22:00.541 D/ConnectivityService( 1194): Sending CONNECTED broadcast for type 1 [121 WIFI] isDefaultNetwork=true
11-19 17:22:00.548 I/GnssNetworkConnectivityHandler( 1194): updateNetworkState, state=CLOSED, connected=true, network=121, capabilities=[ Transports: WIFI Capabilities: NOT_METERED&INTERNET&NOT_RESTRICTED&TRUSTED&NOT_VPN&VALIDATED&NOT_ROAMING&FOREGROUND&NOT_CONGESTED&NOT_SUSPENDED LinkUpBandwidth>=70000Kbps LinkDnBandwidth>=70000Kbps SignalStrength: -34 OwnerUid: 1000 AdministratorUids: [] SSID: "MTBF_Lab" RequestorUid: -1 RequestorPackageName: null], apn: , availableNetworkCount: 2
11-19 17:22:00.549 I/chatty  (  523): uid=1021(gps) Loc_hal_worker expire 1 line
11-19 17:22:00.561 V/LigerRadioStatsReporter( 5921): onCapabilitiesChanged: Network capabilities changed
11-19 17:22:00.566 E/QMI_FW  (  927): qmi_cci_get_ref: ref count increased 2
11-19 17:22:00.569 E/QMI_FW  (  927): qmi_cci_get_ref: ref count increased 2
11-19 17:22:00.576 D/QCNEJ/WlanStaInfoRelay( 1900): AndroidValidate from false to true
11-19 17:22:00.580 V/LigerRadioStatsReporter( 2384): onCapabilitiesChanged: Network capabilities changed
11-19 17:22:00.580 D/NetworkManager( 5883): ConnectivityManager.NetworkCallback#onCapabilitiesChanged()
11-19 17:22:00.580 D/NetworkManager( 5883): connected: true
11-19 17:22:00.581 D/NetworkManager( 5921): ConnectivityManager.NetworkCallback#onCapabilitiesChanged()
11-19 17:22:00.581 D/NetworkManager( 5921): connected: true
11-19 17:22:00.582 V/LigerRadioStatsReporter( 5921): onCapabilitiesChanged: Network capabilities changed
11-19 17:22:00.582 V/LigerRadioStatsReporter( 5921): reportAndCheckpointRadioStats
11-19 17:22:00.582 V/LigerRadioStatsReporter( 2384): reportAndCheckpointRadioStats
11-19 17:22:00.584 V/LigerRadioStatsReporter( 2384): +++++++++++ RADIO STATS DUMP +++++++++++
11-19 17:22:00.584 V/LigerRadioStatsReporter( 2384): totalActiveRadioTimeMs=0
11-19 17:22:00.584 V/LigerRadioStatsReporter( 2384): totalTailRadioTimeMs=13995
11-19 17:22:00.584 V/LigerRadioStatsReporter( 2384): totalWakeupCount=0
11-19 17:22:00.584 V/LigerRadioStatsReporter( 2384): httpUpBytes=0
11-19 17:22:00.584 V/LigerRadioStatsReporter( 2384): httpDownBytes=0
11-19 17:22:00.584 V/LigerRadioStatsReporter( 2384): httpWakeupCount=0
11-19 17:22:00.584 V/LigerRadioStatsReporter( 2384): httpRequestCount=0
11-19 17:22:00.584 V/LigerRadioStatsReporter( 2384): httpActiveRadioTimeMs=0
11-19 17:22:00.584 V/LigerRadioStatsReporter( 2384): httpTailRadioTimeMs=13995
11-19 17:22:00.584 V/LigerRadioStatsReporter( 2384): reportAndCheckpointRadioStats: Tx=0
11-19 17:22:00.584 V/LigerRadioStatsReporter( 2384): reportAndCheckpointRadioStats: Rx=0
11-19 17:22:00.584 V/LigerRadioStatsReporter( 2384): reportAndCheckpointRadioStats: Uids=10028
11-19 17:22:00.584 V/LigerRadioStatsReporter( 2384): reportAndCheckpointRadioStats: Tags=null
11-19 17:22:00.587 D/QCNEJ/WlanStaInfoRelay( 1900): retrieveCountryCode:Location obtained from Telephony: us
11-19 17:22:00.595 D/ConnectivityService( 1194): Setting DNS servers for network 121 to [/192.168.1.1]
11-19 17:22:00.598 D/DnsManager( 1194): sendDnsConfigurationForNetwork(121, [192.168.1.1], [], 1800, 25, 8, 64, 0, 0, , [192.168.1.1])
11-19 17:22:00.602 E/QMI_FW  (  927): qmi_cci_get_ref: ref count increased 2
11-19 17:22:00.604 E/QMI_FW  (  927): qmi_cci_get_ref: ref count increased 2
11-19 17:22:00.605 D/DeviceAuthService( 5799): isOculusAddressResolvable returned true
11-19 17:22:00.605 D/DeviceAuthenticator( 5799): Fetching new credentials asynchronously
11-19 17:22:00.609 D/DeviceAuthenticator( 5799): Calling DeviceAuth.authenticate()
11-19 17:22:00.612 E/DeviceCertService(  541): This device *might* have a provisioning issue. Please run `maui provision check` to verify.
11-19 17:22:00.612 E/DeviceCertService(  541): See https://fburl.com/wiki/a9hho0p9 for more information.
11-19 17:22:00.612 E/DeviceCertService(  541): Could not access certificate file '/mnt/vendor/persist/certificates/device_identityinsecure.crt', error 2: No such file or directory
11-19 17:22:00.613 E/QMI_FW  ( 1113): qmi_cci_get_ref: ref count increased 2
11-19 17:22:00.615 E/QMI_FW  ( 1113): qmi_cci_get_ref: ref count increased 2
11-19 17:22:00.616 E/DeviceAuthenticator( 5799): ERROR: java.lang.RuntimeException: devicecert returned error FILESYSTEM_ERROR
11-19 17:22:00.616 E/DeviceAuthenticator( 5799): 
11-19 17:22:00.616 E/DeviceAuthenticator( 5799): com.facebook.mos.sdk.devicecert.DeviceIdentityException: java.lang.RuntimeException: devicecert returned error FILESYSTEM_ERROR
11-19 17:22:00.616 E/DeviceAuthenticator( 5799): 
11-19 17:22:00.636 E/QMI_FW  ( 1113): qmi_cci_get_ref: ref count increased 2
11-19 17:22:00.653 W/resolv  (  459): Validating DnsTlsServer on netId 121
11-19 17:22:00.655 E/QMI_FW  ( 1113): qmi_cci_get_ref: ref count increased 2
11-19 17:22:00.657 W/resolv  (  459): SSL_connect ssl error =5, mark 0xf0079: Connection refused
11-19 17:22:00.658 W/resolv  (  459): Validation failed
11-19 17:22:00.658 E/QMI_FW  ( 1113): qmi_cci_get_ref: ref count increased 2
11-19 17:22:00.659 D/WifiConnector( 2841): Configured Networks Changed
11-19 17:22:00.672 E/QMI_FW  ( 1113): qmi_cci_get_ref: ref count increased 2
11-19 17:22:00.674 I/WifiClientModeImpl( 1194): Default Gateway MAC address of 6c:cd:d6:25:63:2a from routes is : 6c:cd:d6:25:63:2a
11-19 17:22:00.682 D/PhoneInterfaceManager( 1975): setModemActivityInfo
11-19 17:22:00.682 D/FbSideCarManager( 1975): setModemActivityInfo
11-19 17:22:00.682 D/FbSideCarManager( 1975): setModemActivityInfo
11-19 17:22:00.682 D/WirelessInsightServiceImpl( 1975): setModemActivityInfo
11-19 17:22:00.683 D/FbSideCarManager( 1975): setModemActivityInfoInternal success
11-19 17:22:00.683 D/PhoneInterfaceManager( 1975): setModemActivityInfo: success.
11-19 17:22:00.683 D/WirelessInsightServiceImpl( 1975): notifyListeners: listeners = 0, modemActivityInfo = ModemActivityInfo{ mTimestamp=5666945 mSleepTimeMs=5039550 mIdleTimeMs=43561 mTransmitPowerInfo[]=[TransmitPower{ mTimeInMillis=0 mPowerRangeInDbm={-2147483648,0}}, TransmitPower{ mTimeInMillis=992 mPowerRangeInDbm={0,5}}, TransmitPower{ mTimeInMillis=8211 mPowerRangeInDbm={5,15}}, TransmitPower{ mTimeInMillis=68 mPowerRangeInDbm={15,20}}, TransmitPower{ mTimeInMillis=11435 mPowerRangeInDbm={20,2147483647}}] mRxTimeMs=528789}
11-19 17:22:00.700 E/QMI_FW  ( 1113): qmi_cci_get_ref: ref count increased 2
11-19 17:22:00.712 I/chatty  ( 1113): uid=1001(radio) main identical 5 lines
11-19 17:22:00.716 E/QMI_FW  ( 1113): qmi_cci_get_ref: ref count increased 2
11-19 17:22:00.719 E/QMI_FW  ( 1113): qmi_cci_get_ref: ref count increased 2
11-19 17:22:00.724 I/chatty  ( 1113): uid=1001(radio) main identical 4 lines
11-19 17:22:00.728 E/QMI_FW  ( 1113): qmi_cci_get_ref: ref count increased 2
11-19 17:22:00.728 D/WifiConfigStore( 1194): Writing to stores completed in 47 ms.
11-19 17:22:00.730 E/QMI_FW  ( 1113): qmi_cci_get_ref: ref count increased 2
11-19 17:22:00.738 E/QMI_FW  ( 1113): qmi_cci_get_ref: ref count increased 2
11-19 17:22:00.739 D/WifiMemoryStoreImpl( 1194): Set cluster Gded792457511e862 for We4936d4057368143: SUCCESS
11-19 17:22:00.739 E/WifiClientModeImpl( 1194): getScanResults scanRes.BSSID = 6c:cd:d6:25:63:2a
11-19 17:22:00.740 I/WifiClientModeImpl( 1194): Current network: "MTBF_Lab"WPA_PSK
11-19 17:22:00.743 I/SupplicantStaIfaceHal( 1194): cleared linked networks
11-19 17:22:00.745 I/Nat464Xlat( 1194): Android Xlat is disabled
11-19 17:22:00.751 D/QCNEJ/WlanStaInfoRelay( 1900): Received action: android.net.wifi.LINK_CONFIGURATION_CHANGED
11-19 17:22:00.751 E/QCNEJ/WlanStaInfoRelay( 1900): update link properties given null lp
11-19 17:22:00.756 V/LigerRadioStatsReporter( 5921): +++++++++++ RADIO STATS DUMP +++++++++++
11-19 17:22:00.757 V/LigerRadioStatsReporter( 5921): totalActiveRadioTimeMs=0
11-19 17:22:00.757 V/LigerRadioStatsReporter( 5921): totalTailRadioTimeMs=13999
11-19 17:22:00.778 V/LigerRadioStatsReporter( 5921): totalWakeupCount=0
11-19 17:22:00.778 V/LigerRadioStatsReporter( 5921): httpUpBytes=0
11-19 17:22:00.778 V/LigerRadioStatsReporter( 5921): httpDownBytes=0
11-19 17:22:00.778 V/LigerRadioStatsReporter( 5921): httpWakeupCount=0
11-19 17:22:00.778 V/LigerRadioStatsReporter( 5921): httpRequestCount=0
11-19 17:22:00.778 V/LigerRadioStatsReporter( 5921): httpActiveRadioTimeMs=0
11-19 17:22:00.778 V/LigerRadioStatsReporter( 5921): httpTailRadioTimeMs=13999
11-19 17:22:00.784 V/LigerRadioStatsReporter( 5921): reportAndCheckpointRadioStats: Tx=0
11-19 17:22:00.784 V/LigerRadioStatsReporter( 5921): reportAndCheckpointRadioStats: Rx=0
11-19 17:22:00.784 V/LigerRadioStatsReporter( 5921): reportAndCheckpointRadioStats: Uids=10068
11-19 17:22:00.784 V/LigerRadioStatsReporter( 5921): reportAndCheckpointRadioStats: Tags=null
11-19 17:22:00.879 D/QCNEJ/NativeHalConnector( 1900): -> SND notifyWifiAvailable(v4Connected = truev6Connected = , false, isAndroidValidated = true)
11-19 17:22:01.721 W/HWComposer(  577): Ignoring duplicate VSYNC event from HWC for display 0 (t=5667984932889)
11-19 17:22:00.745 I/Nat464Xlat( 1194): Android Xlat is disabled
11-19 17:22:02.113 D/commandrouter( 1117): rtc_sync (1, rtc:sync): <ServiceRequest> FORWARDED (remote -> local) service client ID = 0, token ID = 33330
11-19 17:22:02.114 D/vendor.facebook.rtc_sync@1.0-service( 1129): Request req_ts=1637342522117739517 resp_ts=1637342522114229930
11-19 17:22:02.114 D/commandrouter( 1117): SocServiceHandle::onServiceMessage, SoC Service = rtc_sync, appType = 1, type = SVC_RESP, clientId = 0, token = 33330, payloadLen = 8, result = 0, payload.size() = 8
11-19 17:22:02.442 E/QMI_FW  ( 1113): qmi_cci_get_ref: ref count increased 2
11-19 17:22:02.444 E/QMI_FW  ( 1113): qmi_cci_get_ref: ref count increased 2
11-19 17:22:02.454 I/WearableConnectivityManager( 2581): LTE Signal strength is: 1
11-19 17:22:02.454 I/WearableConnectivityManager( 2581): Cellular Signal strength is: 1
11-19 17:22:02.455 D/RadioLinkQualityScoreBuilder( 1975): scoreRsrp: 2scoreRsrq: 2scoreRssnr: 2
11-19 17:22:02.865 D/WearableConnectivityManager( 2581): onWifiStrengthChange: -38
11-19 17:22:02.866 D/QCNEJ/WlanStaInfoRelay( 1900): Received action: android.net.wifi.RSSI_CHANGED
11-19 17:22:02.879 V/LigerRadioStatsReporter( 2384): onCapabilitiesChanged: Network capabilities changed
