11-20 07:23:10.137 E/wpa_supplicant(31411): eap_proxy: Released QMI UIM service client
11-20 07:23:10.137 E/QMI_FW  (31411): qmi_cci_get_ref: ref count increased 2
11-20 07:23:10.137 E/QMI_FW  (31411): qmi_cci_get_ref: ref count increased 2
11-20 07:23:10.140 E/wpa_supplicant(31411): eap_proxy: Released QMI EAP service client
11-20 07:23:10.140 E/wpa_supplicant(31411): eap_proxy: session not started for client = 2
11-20 07:23:10.140 E/QMI_FW  (31411): qmi_cci_get_ref: ref count increased 2
11-20 07:23:10.140 E/QMI_FW  (31411): qmi_cci_get_ref: ref count increased 2
11-20 07:23:10.143 E/wpa_supplicant(31411): eap_proxy: Released QMI UIM service client
11-20 07:23:10.143 E/QMI_FW  (31411): qmi_cci_get_ref: ref count increased 2
11-20 07:23:10.143 E/QMI_FW  (31411): qmi_cci_get_ref: ref count increased 2
11-20 07:23:10.144 E/wpa_supplicant(31411): eap_proxy: Released QMI EAP service client
11-20 07:23:10.144 I/wpa_supplicant(31411): eap_proxy: eap_proxy Deinitialzed
11-20 07:23:10.195 I/wpa_supplicant(31411): nl80211: deinit ifname=p2p0 disabled_11b_rates=0
11-20 07:23:10.225 D/LOWI-9.0.0.80( 1026): [LOWINetlinkSocketReceiver] unpackRTMLinkMessage: RTM_NEWLINK - ifname p2p0, flags 0x1003 ([UP])
11-20 07:23:10.254 D/LOWI-9.0.0.80( 1026): [LOWINetlinkSocketReceiver] unpackRTMLinkMessage: RTM_NEWLINK - ifname p2p0, flags 0x1002 ()
11-20 07:23:10.255 D/LOWI-9.0.0.80( 1026): [LOWINetlinkSocketReceiver] unpackRTMLinkMessage: RTM_NEWLINK - ifname p2p0, flags 0x1002 ()
11-20 07:23:10.264 I/wpa_supplicant(31411): Try to unregister vendor p2 interface
11-20 07:23:10.265 I/WifiP2pNative( 1186): P2P interface teardown completed
11-20 07:23:10.266 D/WifiP2pNative( 1186): P2P InterfaceDestroyedListener p2p0
11-20 07:23:10.266 D/WifiP2pNative( 1186): Ignoring stale interface destroyed listener
11-20 07:23:10.266 D/WifiP2pNative( 1186): P2P InterfaceAvailableListener true
11-20 07:23:10.266 D/WifiP2pService( 1186): Wifi enabled=false, P2P Interface availability=true
11-20 07:23:10.267 I/android_os_HwBinder( 1186): HwBinder: Starting thread pool for getting: android.hardware.wifi.supplicant@1.0::ISupplicant/default
11-20 07:23:10.273 I/wpa_supplicant(31411): Terminating...
11-20 07:23:10.275 D/LOWI-9.0.0.80( 1026): [LOWINetlinkSocketReceiver] unpackRTMLinkMessage: RTM_NEWLINK - ifname wlan0, flags 0x1003 ([UP])
11-20 07:23:10.275 D/LOWI-9.0.0.80( 1026): [LOWINetlinkSocketReceiver] processNetlinkPacket: ifname(wlan0) status(1)
11-20 07:23:10.275 D/LOWI-9.0.0.80( 1026): [LOWIController] intfStateReceived: ifname(wlan0) state(1)
11-20 07:23:10.275 D/LOWI-9.0.0.80( 1026): [LOWIEventReceiver] handleEvent:FROM:NA, TO:NA, REQ:NA, IREQ:NA, REQ_ID:0, RESP:NA, INFO:INTF-STATUS-UPDATE
11-20 07:23:10.275 D/LOWI-9.0.0.80( 1026): [LOWIEventReceiver] Info to [INTF-STATUS-UPDATE]
11-20 07:23:10.276 D/LOWI-9.0.0.80( 1026): [LOWIController] updateIntfState: WIFI enabled 1 mNlWifiStatus 2 mWifiStateEnabled 1
11-20 07:23:10.276 D/LOWI-9.0.0.80( 1026): [LOWIController] isWifiEnabled: mNlWifiStatus 1 mWifiStateEnabled 1
11-20 07:23:10.319 D/LOWI-9.0.0.80( 1026): [LOWINetlinkSocketReceiver] unpackRTMLinkMessage: RTM_NEWLINK - ifname wlan0, flags 0x1003 ([UP])
11-20 07:23:10.319 W/SupplicantStaIfaceHal( 1186): Timed out waiting for confirmation of supplicant death
11-20 07:23:10.319 D/LOWI-9.0.0.80( 1026): [LOWINetlinkSocketReceiver] processNetlinkPacket: ifname(wlan0) status(1)
11-20 07:23:10.319 D/LOWI-9.0.0.80( 1026): [LOWIController] intfStateReceived: ifname(wlan0) state(1)
11-20 07:23:10.321 E/SupplicantStaIfaceHal( 1186): Can't call getKeyMgmtCapabilities_1_3, ISupplicantStaIface is null
11-20 07:23:10.321 D/LOWI-9.0.0.80( 1026): [LOWIEventReceiver] handleEvent:FROM:NA, TO:NA, REQ:NA, IREQ:NA, REQ_ID:0, RESP:NA, INFO:INTF-STATUS-UPDATE
11-20 07:23:10.321 D/LOWI-9.0.0.80( 1026): [LOWIEventReceiver] Info to [INTF-STATUS-UPDATE]
11-20 07:23:10.321 D/LOWI-9.0.0.80( 1026): [LOWIController] updateIntfState: WIFI enabled 1 mNlWifiStatus 1 mWifiStateEnabled 1
11-20 07:23:10.321 D/LOWI-9.0.0.80( 1026): [LOWIController] isWifiEnabled: mNlWifiStatus 1 mWifiStateEnabled 1
11-20 07:23:10.321 W/SupplicantP2pIfaceHal( 1186): ISupplicant/ISupplicantP2pIface died: cookie=0
11-20 07:23:10.321 W/SupplicantP2pIfaceHal( 1186): ISupplicantVendor/ISupplicantVendorP2PIface died: cookie=0
11-20 07:23:10.322 W/SupplicantStaIfaceHal( 1186): ISupplicantVendor/ISupplicantVendorStaIface died: cookie=0
11-20 07:23:10.322 W/SupplicantStaIfaceHal( 1186): ISupplicantVendor/ISupplicantVendorStaIface died: cookie=0
11-20 07:23:10.322 W/SupplicantP2pIfaceHal( 1186): ISupplicant/ISupplicantP2pIface died: cookie=0
11-20 07:23:10.322 W/SupplicantP2pIfaceHal( 1186): ISupplicantVendor/ISupplicantVendorP2PIface died: cookie=0
11-20 07:23:10.322 D/SupplicantStaIfaceHal( 1186): ISupplicant died: cookie=-7403311457800774003
11-20 07:23:10.322 V/WifiHAL (  544): WifiVendorCommand 0xaadf1b98 created vendor_id:0x1374 subcmd:38
11-20 07:23:10.323 V/WifiHAL (  544): event received NL80211_CMD_DISCONNECT
11-20 07:23:10.323 V/WifiHAL (  544): Got a Wi-Fi HAL module message from Driver
11-20 07:23:10.323 V/WifiHAL (  544): Supported feature set : 19d3d
11-20 07:23:10.323 V/WifiHAL (  544): Supported feature set acquired : 19d3d
11-20 07:23:10.323 V/WifiHAL (  544): WifiVendorCommand 0x986892d0 created vendor_id:0x1374 subcmd:76
11-20 07:23:10.323 V/WifiHAL (  544): create: mVendor_id = 4980, Subcmd = 76.
11-20 07:23:10.325 V/WifiHAL (  544): WifiVendorCommand 0xaadf1cc8 created vendor_id:0x1374 subcmd:38
11-20 07:23:10.326 V/WifiHAL (  544): Got a Wi-Fi HAL module message from Driver
11-20 07:23:10.326 V/WifiHAL (  544): Supported feature set : 19d3d
11-20 07:23:10.326 V/WifiHAL (  544): Supported feature set acquired : 19d3d
11-20 07:23:10.326 V/WifiHAL (  544): WifiVendorCommand 0x986892d0 created vendor_id:0x1374 subcmd:76
11-20 07:23:10.326 V/WifiHAL (  544): create: mVendor_id = 4980, Subcmd = 76.
11-20 07:23:10.335 E/SupplicantStaIfaceHal( 1186): Can't call getWpaDriverFeatureSet, ISupplicantStaIface is null
11-20 07:23:10.335 I/WifiNative( 1186): Successfully switched to scan mode on iface=Iface:{Name=wlan0,Id=0,Type=STA_SCAN}
11-20 07:23:10.336 W/SupplicantStaIfaceHal( 1186): ISupplicant died: cookie=107
11-20 07:23:10.336 D/BluetoothAdapterService( 1710): Soft AP is on band: 1
11-20 07:23:10.336 D/WifiClientModeManager0( 1186): entering ScanOnlyModeState
11-20 07:23:10.337 D/WifiScanRequestProxy( 1186): Sending scan available broadcast: true
11-20 07:23:10.337 D/BluetoothVendorService( 1710): getPowerBackoff 
11-20 07:23:10.337 D/BluetoothVendorService( 1710): setPowerBackoff to: false
11-20 07:23:10.337 D/WifiP2pService( 1186): Wifi enabled=false, P2P Interface availability=true
11-20 07:23:10.337 I/BluetoothVendorJni( 1710): setPowerBackoffNative
11-20 07:23:10.337 I/bt_btif_vendor( 1710): setPowerBackOffState :0 
11-20 07:23:10.337 W/bt_btif ( 1710): bta_dm_power_back_off: power_back_off feature not supported
11-20 07:23:10.338 D/BluetoothAdapterService( 1710): android.net.wifi.WIFI_STATE_CHANGED
11-20 07:23:10.338 I/WifiScanningService( 1186): Received a request to enable scanning, UID = 1000
11-20 07:23:10.339 I/WifiScanningService( 1186): scanner impls already exists
11-20 07:23:10.339 E/WifiScanningService( 1186): wifi driver loaded received while already loaded
11-20 07:23:10.340 I/WifiScanRequestProxy( 1186): Scanning is enabled
11-20 07:23:10.340 I/WifiScanRequestProxy( 1186): Scanning for hidden networks is disabled
11-20 07:23:10.340 D/WakeupController( 1186): start()
11-20 07:23:10.341 D/WakeupController( 1186): Setting active to true
11-20 07:23:10.350 D/WakeupLock( 1186): Lock set. Number of networks: 1
11-20 07:23:10.352 D/WifiClientModeImpl( 1186): ClientModeImpl: Leaving Connected state
11-20 07:23:10.354 D/WifiCountryCode( 1186): updateCountryCode to US
11-20 07:23:10.355 E/SupplicantStaIfaceHal( 1186): Can't call setCountryCode, ISupplicantStaIface is null
11-20 07:23:10.355 D/WifiCountryCode( 1186): Failed to set country code to: US
11-20 07:23:10.366 E/SupplicantStaIfaceHal( 1186): Can't call listNetworks, ISupplicantStaIface is null
11-20 07:23:10.366 E/SupplicantStaIfaceHal( 1186): removeAllNetworks failed, got null networks
11-20 07:23:10.366 E/WifiClientModeImpl( 1186): Failed to remove networks on exiting connect mode
11-20 07:23:10.368 E/WakeupController( 1186): Unexpected setLastDisconnectInfo when WakeupController is active!
11-20 07:23:10.369 E/WifiVendorHal( 1186): stopRssiMonitoring(l.2106) failed {.code = ERROR_NOT_AVAILABLE, .description = }
11-20 07:23:10.369 E/SupplicantStaIfaceHal( 1186): Can't call setPowerSave, ISupplicantStaIface is null
11-20 07:23:10.369 E/SupplicantStaIfaceHal( 1186): Can't call setBtCoexistenceMode, ISupplicantStaIface is null
11-20 07:23:10.370 V/WifiClientModeImpl( 1186): stopIpClient IpClientWithPreConnection: false
11-20 07:23:10.370 V/WifiClientModeImpl( 1186): java.lang.Throwable
11-20 07:23:10.370 V/WifiClientModeImpl( 1186): 	at com.android.server.wifi.ClientModeImpl.stopIpClient(ClientModeImpl.java:1127)
11-20 07:23:10.370 V/WifiClientModeImpl( 1186): 	at com.android.server.wifi.ClientModeImpl.stopDhcpSetup(ClientModeImpl.java:1153)
11-20 07:23:10.370 V/WifiClientModeImpl( 1186): 	at com.android.server.wifi.ClientModeImpl.handleNetworkDisconnect(ClientModeImpl.java:2945)
11-20 07:23:10.370 V/WifiClientModeImpl( 1186): 	at com.android.server.wifi.ClientModeImpl.stopClientMode(ClientModeImpl.java:3889)
11-20 07:23:10.370 V/WifiClientModeImpl( 1186): 	at com.android.server.wifi.ClientModeImpl.access$4600(ClientModeImpl.java:176)
11-20 07:23:10.370 V/WifiClientModeImpl( 1186): 	at com.android.server.wifi.ClientModeImpl$ConnectModeState.exit(ClientModeImpl.java:4064)
11-20 07:23:10.370 V/WifiClientModeImpl( 1186): 	at com.android.wifi.x.com.android.internal.util.StateMachine$SmHandler.invokeExitMethods(StateMachine.java:1021)
11-20 07:23:10.370 V/WifiClientModeImpl( 1186): 	at com.android.wifi.x.com.android.internal.util.StateMachine$SmHandler.performTransitions(StateMachine.java:877)
11-20 07:23:10.370 V/WifiClientModeImpl( 1186): 	at com.android.wifi.x.com.android.internal.util.StateMachine$SmHandler.handleMessage(StateMachine.java:819)
11-20 07:23:10.370 V/WifiClientModeImpl( 1186): 	at android.os.Handler.dispatchMessage(Handler.java:106)
11-20 07:23:10.370 V/WifiClientModeImpl( 1186): 	at android.os.Looper.loop(Looper.java:223)
11-20 07:23:10.370 V/WifiClientModeImpl( 1186): 	at android.os.HandlerThread.run(HandlerThread.java:67)
11-20 07:23:10.371 D/DhcpClient( 1186): doQuit
11-20 07:23:10.372 D/ConnectivityService( 1186): [150 WIFI] EVENT_NETWORK_INFO_CHANGED, going from CONNECTED to DISCONNECTED
11-20 07:23:10.372 D/ConnectivityService( 1186): [150 WIFI] disconnected, was satisfying 25
11-20 07:23:10.374 D/WifiConnector( 2870): Network State Changed
11-20 07:23:10.375 D/QCNEJ/WlanStaInfoRelay( 1907): Received action: android.net.wifi.STATE_CHANGE
11-20 07:23:10.375 D/QCNEJ/WlanStaInfoRelay( 1907): reset CountryCodeRetriever
11-20 07:23:10.376 D/WifiDiags( 1186): stopLogging() iface list is {} after removing wlan0
11-20 07:23:10.378 E/WifiVendorHal( 1186): resetLogHandler(l.1558) failed {.code = ERROR_NOT_AVAILABLE, .description = }
11-20 07:23:10.378 W/WifiDiags( 1186): Fail to reset log handler
11-20 07:23:10.379 E/QMI_FW  (  915): qmi_cci_get_ref: ref count increased 2
11-20 07:23:10.381 E/QMI_FW  (  915): qmi_cci_get_ref: ref count increased 2
11-20 07:23:10.384 E/QMI_FW  ( 1042): qmi_cci_get_ref: ref count increased 2
11-20 07:23:10.385 E/QMI_FW  ( 1042): qmi_cci_get_ref: ref count increased 2
11-20 07:23:10.387 E/QMI_FW  ( 1042): qmi_cci_get_ref: ref count increased 2
11-20 07:23:10.396 D/WifiMemoryStoreImpl( 1186): Set cluster Ga6eb8feabe7908d4 for W958a1754935a727: SUCCESS
11-20 07:23:10.397 I/WearableConnectivityManager(11143): LTE Signal strength is: 2
11-20 07:23:10.397 I/WearableConnectivityManager(11143): Cellular Signal strength is: 2
11-20 07:23:10.403 D/RadioLinkQualityScoreBuilder( 1984): scoreRsrp: 3scoreRsrq: 3scoreRssnr: 4
11-20 07:23:10.403 D/WirelessInsightServiceImpl( 1984): onSignalStrengthsChanged: SignalStrength = SignalStrength:{mCdma=CellSignalStrengthCdma: cdmaDbm=2147483647 cdmaEcio=2147483647 evdoDbm=2147483647 evdoEcio=2147483647 evdoSnr=2147483647 level=0,mGsm=CellSignalStrengthGsm: rssi=2147483647 ber=2147483647 mTa=2147483647 mLevel=0,mWcdma=CellSignalStrengthWcdma: ss=2147483647 ber=2147483647 rscp=2147483647 ecno=2147483647 level=0,mTdscdma=CellSignalStrengthTdscdma: rssi=2147483647 ber=2147483647 rscp=2147483647 level=0,mLte=CellSignalStrengthLte: rssi=-77 rsrp=-111 rsrq=-13 rssnr=11 cqi=2147483647 ta=2147483647 level=2 parametersUseForLevel=0,mNr=CellSignalStrengthNr:{ csiRsrp = 2147483647 csiRsrq = 2147483647 csiSinr = 2147483647 ssRsrp = 2147483647 ssRsrq = 2147483647 ssSinr = 2147483647 level = 0 parametersUseForLevel = 0 },primary=CellSignalStrengthLte}
11-20 07:23:10.403 D/WirelessInsightServiceImpl( 1984): Score: 3
11-20 07:23:10.403 D/WirelessInsightServiceImpl( 1984): notifyListeners: listeners = 0, score = 3
11-20 07:23:10.406 E/QMI_FW  ( 1042): qmi_cci_get_ref: ref count increased 2
11-20 07:23:10.413 E/QMI_FW  ( 1042): qmi_cci_get_ref: ref count increased 2
11-20 07:23:10.418 I/chatty  ( 1042): uid=1001(radio) main identical 6 lines
11-20 07:23:10.419 E/QMI_FW  ( 1042): qmi_cci_get_ref: ref count increased 2
11-20 07:23:10.421 E/QMI_FW  ( 1042): qmi_cci_get_ref: ref count increased 2
11-20 07:23:10.444 I/chatty  ( 1042): uid=1001(radio) main identical 6 lines
11-20 07:23:10.445 E/QMI_FW  ( 1042): qmi_cci_get_ref: ref count increased 2
11-20 07:23:10.457 D/WifiMemoryStoreImpl( 1186): Set cluster Ga6eb8feabe7908d4 for Wa6eb8feabe7908d4: SUCCESS
11-20 07:23:10.464 D/DhcpClient( 1186): DHCP Packet Handler stopped
11-20 07:23:10.465 D/DhcpClient( 1186): onQuitting
11-20 07:23:10.466 I/GnssNetworkConnectivityHandler( 1186): Network connection lost. Available networks count: 1
11-20 07:23:10.466 I/GnssNetworkConnectivityHandler( 1186): updateNetworkState, state=CLOSED, connected=false, network=150, capabilities=[ Transports: WIFI Capabilities: NOT_METERED&INTERNET&NOT_RESTRICTED&TRUSTED&NOT_VPN&VALIDATED&NOT_ROAMING&FOREGROUND&NOT_CONGESTED&NOT_SUSPENDED LinkUpBandwidth>=60000Kbps LinkDnBandwidth>=60000Kbps SignalStrength: -32 OwnerUid: 1000 AdministratorUids: [] SSID: "MTBF_Lab" RequestorUid: -1 RequestorPackageName: null], apn: , availableNetworkCount: 1
11-20 07:23:10.468 W/LocSvc_LocIpc(  527): send:66] failed reason: No such file or directory
11-20 07:23:10.468 D/QCNEJ/DefaultNetworkInfoRelay( 1907): Default network lost: 150
11-20 07:23:10.469 D/QCNEJ/NativeHalConnector( 1907): -> SND notifyDefaultNetworkChanged(1)
11-20 07:23:10.470 D/QCNEJ/WlanStaInfoRelay( 1907): network lost: 150
11-20 07:23:10.471 D/DeviceAuthService(28013): Network lost
11-20 07:23:10.472 D/QCNEJ/WlanStaInfoRelay( 1907): onLost: unbind the process to WIFI
11-20 07:23:10.473 I/Nat464Xlat( 1186): Android Xlat is disabled
11-20 07:23:10.497 E/WifiNative( 1186): Could not get Iface object for interface null
11-20 07:23:10.498 D/WifiNetworkAgent( 1186): NetworkAgent: NetworkAgent channel lost
11-20 07:23:10.498 D/BluetoothAdapterService( 1710): Soft AP is on band: 1
11-20 07:23:10.501 D/BluetoothVendorService( 1710): getPowerBackoff 
11-20 07:23:10.501 D/BluetoothAdapterService( 1710): android.net.wifi.WIFI_STATE_CHANGED
11-20 07:23:10.519 D/BluetoothAdapterService( 1710): Soft AP is on band: 1
11-20 07:23:10.520 D/BluetoothVendorService( 1710): getPowerBackoff 
11-20 07:23:10.521 D/BluetoothAdapterService( 1710): android.net.wifi.STATE_CHANGE
11-20 07:23:10.521 D/BluetoothVendorService( 1710): setWifiState to: false
11-20 07:23:10.521 I/BluetoothVendorJni( 1710): setWifiStateNative
11-20 07:23:10.521 I/bt_btif_vendor( 1710): setWifiState :0
11-20 07:23:10.521 W/bt_btm  ( 1710): btm_cb.is_wifi_connected = 0 
11-20 07:23:10.473 I/Nat464Xlat( 1186): Android Xlat is disabled
11-20 07:23:10.528 D/ConnectivityService( 1186): Sending DISCONNECTED broadcast for type 1 [150 WIFI] isDefaultNetwork=true
11-20 07:23:10.530 D/ConnectivityService( 1186): NetReassign [44 : null → 101, 1191 : null → 101, 11 : null → 101, 63 : null → 101, 17 : null → 101, 25 : null → 101, 1 : null → 101, 1196 : null → 101, 8 : null → 101, 654 : null → 101, 12 : null → 101, 14 : null → 101, 16 : null → 101, 22 : null → 101]
11-20 07:23:10.533 E/NetlinkEvent(  462): NetlinkEvent::FindParam(): Parameter 'INTERFACE' not found
11-20 07:23:10.533 E/NetlinkEvent(  462): NetlinkEvent::FindParam(): Parameter 'STATE' not found
11-20 07:23:10.533 E/NetlinkEvent(  462): NetlinkEvent::FindParam(): Parameter 'TIME_NS' not found
11-20 07:23:10.533 E/NetlinkEvent(  462): NetlinkEvent::FindParam(): Parameter 'UID' not found
11-20 07:23:10.538 W/HWComposer(  598): Ignoring duplicate VSYNC event from HWC for display 0 (t=56078263063606)
11-20 07:23:10.548 W/MqttClient( 2620): connection/disconnecting; reason=NETWORK_LOST, operation=DISCONNECT
11-20 07:23:10.548 W/System.err( 2620): DEBUG: com.whatsapp.net.tls13.WtSocketWrapper.sendAlertAndShutdown(:86) : Sending Alert : type : WARNING description : close_notify(0) exception : 
11-20 07:23:10.548 D/ConnectivityService( 1186): Switching to new default network: NetworkAgentInfo{ ni{[type: MOBILE[LTE], state: CONNECTED/CONNECTED, reason: (unspecified), extra: enhancedphone, failover: false, available: true, roaming: false]}  network{101}  nethandle{437197393933}  lp{{InterfaceName: rmnet_data2 LinkAddresses: [ 10.55.48.101/30,2600:381:4804:c4b6:8cdc:8f0b:afe1:ec6b/64 ] DnsAddresses: [ /172.26.38.2,/fc00:a:a::400 ] Domains: null MTU: 1430 TcpBufferSizes: 2097152,4194304,8388608,262144,524288,1048576 Routes: [ 0.0.0.0/0 -> 10.55.48.102 rmnet_data2 mtu 1430,::/0 -> fe80::9db2:334d:2872:1e0a rmnet_data2 mtu 1430,10.55.48.100/30 -> 0.0.0.0 rmnet_data2 mtu 0,2600:381:4804:c4b6::/64 -> :: rmnet_data2 mtu 0 ]}}  nc{[ Transports: CELLULAR Capabilities: MMS&SUPL&FOTA&INTERNET&NOT_RESTRICTED&TRUSTED&NOT_VPN&VALIDATED&NOT_ROAMING&FOREGROUND&NOT_CONGESTED&NOT_SUSPENDED LinkUpBandwidth>=15000Kbps LinkDnBandwidth>=30000Kbps Specifier: <TelephonyNetworkSpecifier [mSubId = 1]> AdministratorUids: [] RequestorUid: -1 RequestorPackageName: null]}  Score{50}  everValidated{true}  lastValidated{true}  created{true} lingering{true} explicitlySelected{false} acceptUnvalidated{false} everCaptivePortalDetected{false} lastCaptivePortalDetected{false} partialConnectivity{false} acceptPartialConnectivity{false} clat{mBaseIface: null, mIface: null, mState: IDLE} }
11-20 07:23:10.581 E/SelfCareDataCloudSyncWorker( 2334): Failed to get access token
11-20 07:23:10.581 E/SelfCareDataCloudSyncWorker( 2334): kotlinx.coroutines.JobCancellationException: Job was cancelled; job=JobImpl{Cancelling}@ab7b0ee
11-20 07:23:10.581 I/WM-WorkerWrapper( 2334): Work [ id=57f248e9-27c9-4baa-bcea-f98e3ece0d1a, tags={ com.facebook.wearable.system.selfcare.cloudsync.SelfCareDataCloudSyncWorker } ] was cancelled
11-20 07:23:10.581 I/WM-WorkerWrapper( 2334): java.util.concurrent.CancellationException: Task was cancelled.
11-20 07:23:10.581 I/WM-WorkerWrapper( 2334): 	at androidx.work.impl.utils.futures.AbstractFuture.getDoneValue(:32)
11-20 07:23:10.581 I/WM-WorkerWrapper( 2334): 	at androidx.work.impl.utils.futures.AbstractFuture.get(:268435546)
11-20 07:23:10.581 I/WM-WorkerWrapper( 2334): 	at androidx.work.impl.WorkerWrapper$2.run(:3)
11-20 07:23:10.581 I/WM-WorkerWrapper( 2334): 	at androidx.work.impl.utils.SerialExecutor$Task.run(:2)
11-20 07:23:10.581 I/WM-WorkerWrapper( 2334): 	at java.util.concurrent.ThreadPoolExecutor.runWorker(ThreadPoolExecutor.java:1167)
11-20 07:23:10.581 I/WM-WorkerWrapper( 2334): 	at java.util.concurrent.ThreadPoolExecutor$Worker.run(ThreadPoolExecutor.java:641)
11-20 07:23:10.581 I/WM-WorkerWrapper( 2334): 	at java.lang.Thread.run(Thread.java:923)
11-20 07:23:10.594 E/WifiNative( 1186): Could not get Iface object for interface null
11-20 07:23:10.638 D/DeviceAuthService(28013): Network connected
11-20 07:23:10.638 D/DeviceAuthService(28013): fetchAuthTokenWrapper called
11-20 07:23:10.639 D/NetworkTimeUpdateService( 1186): New default network 101; checking time.
11-20 07:23:10.646 V/LigerRadioStatsReporter( 2357): onCapabilitiesChanged: Network capabilities changed
11-20 07:23:10.647 V/LigerRadioStatsReporter( 2357): reportAndCheckpointRadioStats
11-20 07:23:10.649 V/LigerRadioStatsReporter( 2357): +++++++++++ RADIO STATS DUMP +++++++++++
11-20 07:23:10.649 V/LigerRadioStatsReporter( 2357): totalActiveRadioTimeMs=0
11-20 07:23:10.649 V/LigerRadioStatsReporter( 2357): totalTailRadioTimeMs=13993
11-20 07:23:10.649 V/LigerRadioStatsReporter( 2357): totalWakeupCount=0
11-20 07:23:10.649 V/LigerRadioStatsReporter( 2357): httpUpBytes=0
11-20 07:23:10.649 V/LigerRadioStatsReporter( 2357): httpDownBytes=0
11-20 07:23:10.649 V/LigerRadioStatsReporter( 2357): httpWakeupCount=0
11-20 07:23:10.649 V/LigerRadioStatsReporter( 2357): httpRequestCount=0
11-20 07:23:10.649 V/LigerRadioStatsReporter( 2357): httpActiveRadioTimeMs=0
11-20 07:23:10.649 V/LigerRadioStatsReporter( 2357): httpTailRadioTimeMs=13993
11-20 07:23:10.649 V/LigerRadioStatsReporter( 2357): reportAndCheckpointRadioStats: Tx=0
11-20 07:23:10.650 V/LigerRadioStatsReporter( 2357): reportAndCheckpointRadioStats: Rx=0
11-20 07:23:10.659 D/QCNEJ/DefaultNetworkInfoRelay( 1907): Default network available: 101
11-20 07:23:10.650 V/LigerRadioStatsReporter( 2357): reportAndCheckpointRadioStats: Uids=10027
11-20 07:23:10.663 V/LigerRadioStatsReporter( 2357): reportAndCheckpointRadioStats: Tags=null
11-20 07:23:10.669 D/QCNEJ/NativeHalConnector( 1907): -> SND notifyDefaultNetworkChanged(0)
11-20 07:23:10.670 D/DeviceAuthService(28013): isOculusAddressResolvable returned true
11-20 07:23:10.670 D/DeviceAuthenticator(28013): Fetching new credentials asynchronously
11-20 07:23:10.672 D/DeviceAuthenticator(28013): Calling DeviceAuth.authenticate()
11-20 07:23:10.673 E/QMI_FW  (  915): qmi_cci_get_ref: ref count increased 2
11-20 07:23:10.673 D/ConnectivityService( 1186): Unlingering [101 CELLULAR]
11-20 07:23:10.673 E/QMI_FW  ( 1042): qmi_cci_get_ref: ref count increased 2
11-20 07:23:10.676 E/QMI_FW  (  915): qmi_cci_get_ref: ref count increased 2
11-20 07:23:10.682 E/DeviceCertService(  545): This device *might* have a provisioning issue. Please run `maui provision check` to verify.
11-20 07:23:10.682 E/DeviceCertService(  545): See https://fburl.com/wiki/a9hho0p9 for more information.
11-20 07:23:10.682 E/DeviceCertService(  545): Could not access certificate file '/mnt/vendor/persist/certificates/device_identityinsecure.crt', error 2: No such file or directory
11-20 07:23:10.683 E/DeviceAuthenticator(28013): ERROR: java.lang.RuntimeException: devicecert returned error FILESYSTEM_ERROR
11-20 07:23:10.683 E/DeviceAuthenticator(28013): 
11-20 07:23:10.683 E/DeviceAuthenticator(28013): com.facebook.mos.sdk.devicecert.DeviceIdentityException: java.lang.RuntimeException: devicecert returned error FILESYSTEM_ERROR
11-20 07:23:10.683 E/DeviceAuthenticator(28013): 
11-20 07:23:10.685 E/QMI_FW  ( 1042): qmi_cci_get_ref: ref count increased 2
11-20 07:23:10.686 E/QMI_FW  ( 1042): qmi_cci_get_ref: ref count increased 2
11-20 07:23:10.686 D/ConnectivityService( 1186): Sending CONNECTED broadcast for type 0 [101 CELLULAR] isDefaultNetwork=true
11-20 07:23:10.752 W/System.err( 2620): INFO: com.whatsapp.net.logging.WtLog.log$REDEX$HQcOuACUrr4(:4) : Start handshake.
11-20 07:23:10.768 D/CompatibilityInfo( 1186): mCompatibilityFlags - 4
11-20 07:23:10.768 D/CompatibilityInfo( 1186): applicationDensity - 320
11-20 07:23:10.768 D/CompatibilityInfo( 1186): applicationScale - 1.0
11-20 07:23:10.816 D/SettingsSDK::SyncHelper( 2334): Read setting com.facebook.wearable.sdk.selfcare:SELFCARE_SERVICE_ENABLED from persistent cache
11-20 07:23:10.816 D/FacebookRepository( 2334): Reading from Store [906581286488774]
11-20 07:23:10.841 W/System.err( 2620): INFO: com.whatsapp.net.logging.WtLog.log$REDEX$HQcOuACUrr4(:4) : Handshake complete : session_resumed true early_data_sent false early_data_accepted false client_cert_requested false time_ms 89
