11-20 12:30:57.613 E/QMI_FW  (  927): qmi_cci_get_ref: ref count increased 2
11-20 12:30:57.616 E/QMI_FW  (  927): qmi_cci_get_ref: ref count increased 2
11-20 12:30:57.620 V/LigerRadioStatsReporter( 2384): onCapabilitiesChanged: Network capabilities changed
11-20 12:30:57.620 V/LigerRadioStatsReporter( 2384): reportAndCheckpointRadioStats
11-20 12:30:57.622 V/LigerRadioStatsReporter( 2384): +++++++++++ RADIO STATS DUMP +++++++++++
11-20 12:30:57.623 V/LigerRadioStatsReporter( 2384): totalActiveRadioTimeMs=0
11-20 12:30:57.623 V/LigerRadioStatsReporter( 2384): totalTailRadioTimeMs=13995
11-20 12:30:57.623 V/LigerRadioStatsReporter( 2384): totalWakeupCount=0
11-20 12:30:57.623 V/LigerRadioStatsReporter( 2384): httpUpBytes=0
11-20 12:30:57.623 V/LigerRadioStatsReporter( 2384): httpDownBytes=0
11-20 12:30:57.623 V/LigerRadioStatsReporter( 2384): httpWakeupCount=0
11-20 12:30:57.623 V/LigerRadioStatsReporter( 2384): httpRequestCount=0
11-20 12:30:57.623 V/LigerRadioStatsReporter( 2384): httpActiveRadioTimeMs=0
11-20 12:30:57.623 V/LigerRadioStatsReporter( 2384): httpTailRadioTimeMs=13995
11-20 12:30:57.623 V/LigerRadioStatsReporter( 2384): reportAndCheckpointRadioStats: Tx=0
11-20 12:30:57.623 V/LigerRadioStatsReporter( 2384): reportAndCheckpointRadioStats: Rx=0
11-20 12:30:57.623 V/LigerRadioStatsReporter( 2384): reportAndCheckpointRadioStats: Uids=10028
11-20 12:30:57.623 V/LigerRadioStatsReporter( 2384): reportAndCheckpointRadioStats: Tags=null
11-20 12:30:57.629 D/DeviceAuthService(24214): Network connected
11-20 12:30:57.629 D/DeviceAuthService(24214): fetchAuthTokenWrapper called
11-20 12:30:57.631 D/NetworkTimeUpdateService( 1194): New default network 100; checking time.
11-20 12:30:57.659 D/QCNEJ/WwanInfoRelay( 1900): onCapabilitiesChanged: 100 [ Transports: CELLULAR Capabilities: MMS&SUPL&FOTA&INTERNET&NOT_RESTRICTED&TRUSTED&NOT_VPN&VALIDATED&NOT_ROAMING&FOREGROUND&NOT_CONGESTED&NOT_SUSPENDED LinkUpBandwidth>=15000Kbps LinkDnBandwidth>=30000Kbps Specifier: <TelephonyNetworkSpecifier [mSubId = 1]> AdministratorUids: [] RequestorUid: -1 RequestorPackageName: null]
11-20 12:30:57.660 D/ConnectivityService( 1194): Sending CONNECTED broadcast for type 0 [100 CELLULAR] isDefaultNetwork=true
11-20 12:30:57.660 I/QCNEJ/WwanInfoRelay( 1900): cacheWwanInfo subId = 1 phoneId = 0 slotId = 0
11-20 12:30:57.680 E/WifiNative( 1194): Could not get Iface object for interface null
11-20 12:30:57.699 V/LigerRadioStatsReporter( 2384): onCapabilitiesChanged: Network capabilities changed
11-20 12:30:57.740 D/CompatibilityInfo( 1194): mCompatibilityFlags - 4
11-20 12:30:57.741 D/CompatibilityInfo( 1194): applicationDensity - 320
11-20 12:30:57.741 D/CompatibilityInfo( 1194): applicationScale - 1.0
11-20 12:30:57.805 E/SelfCareDataCloudSyncWorker( 2351): Failed to get access token
11-20 12:30:57.805 E/SelfCareDataCloudSyncWorker( 2351): kotlinx.coroutines.JobCancellationException: Job was cancelled; job=JobImpl{Cancelling}@fe6c89b
11-20 12:30:57.805 I/WM-WorkerWrapper( 2351): Work [ id=41176d4d-428f-4560-a8c8-961a1631ba8f, tags={ com.facebook.wearable.system.selfcare.cloudsync.SelfCareDataCloudSyncWorker } ] was cancelled
11-20 12:30:57.805 I/WM-WorkerWrapper( 2351): java.util.concurrent.CancellationException: Task was cancelled.
11-20 12:30:57.805 I/WM-WorkerWrapper( 2351): 	at androidx.work.impl.utils.futures.AbstractFuture.getDoneValue(:32)
11-20 12:30:57.805 I/WM-WorkerWrapper( 2351): 	at androidx.work.impl.utils.futures.AbstractFuture.get(:268435546)
11-20 12:30:57.805 I/WM-WorkerWrapper( 2351): 	at androidx.work.impl.WorkerWrapper$2.run(:3)
11-20 12:30:57.805 I/WM-WorkerWrapper( 2351): 	at androidx.work.impl.utils.SerialExecutor$Task.run(:2)
11-20 12:30:57.805 I/WM-WorkerWrapper( 2351): 	at java.util.concurrent.ThreadPoolExecutor.runWorker(ThreadPoolExecutor.java:1167)
11-20 12:30:57.805 I/WM-WorkerWrapper( 2351): 	at java.util.concurrent.ThreadPoolExecutor$Worker.run(ThreadPoolExecutor.java:641)
11-20 12:30:57.805 I/WM-WorkerWrapper( 2351): 	at java.lang.Thread.run(Thread.java:923)
11-20 12:30:57.808 E/QMI_FW  ( 1113): qmi_cci_get_ref: ref count increased 2
11-20 12:30:57.809 E/QMI_FW  ( 1113): qmi_cci_get_ref: ref count increased 2
11-20 12:30:57.809 E/QMI_FW  ( 1113): qmi_cci_get_ref: ref count increased 2
11-20 12:30:57.867 W/System.err( 2665): INFO: com.whatsapp.net.logging.WtLog.log$REDEX$HQcOuACUrr4(:4) : Start handshake.
11-20 12:30:57.928 D/SettingsSDK::SyncHelper( 2351): Read setting com.facebook.wearable.sdk.selfcare:SELFCARE_SERVICE_ENABLED from persistent cache
11-20 12:30:57.929 D/FacebookRepository( 2351): Reading from Store [906581286488774]
11-20 12:30:57.930 D/DeviceAuthService(24214): isOculusAddressResolvable returned true
11-20 12:30:57.930 D/DeviceAuthenticator(24214): Fetching new credentials asynchronously
11-20 12:30:57.931 D/DeviceAuthenticator(24214): Calling DeviceAuth.authenticate()
11-20 12:30:57.936 E/DeviceCertService(  541): This device *might* have a provisioning issue. Please run `maui provision check` to verify.
11-20 12:30:57.936 E/DeviceCertService(  541): See https://fburl.com/wiki/a9hho0p9 for more information.
11-20 12:30:57.937 E/DeviceCertService(  541): Could not access certificate file '/mnt/vendor/persist/certificates/device_identityinsecure.crt', error 2: No such file or directory
11-20 12:30:57.937 E/DeviceAuthenticator(24214): ERROR: java.lang.RuntimeException: devicecert returned error FILESYSTEM_ERROR
11-20 12:30:57.937 E/DeviceAuthenticator(24214): 
11-20 12:30:57.937 E/DeviceAuthenticator(24214): com.facebook.mos.sdk.devicecert.DeviceIdentityException: java.lang.RuntimeException: devicecert returned error FILESYSTEM_ERROR
11-20 12:30:57.937 E/DeviceAuthenticator(24214): 
11-20 12:30:57.950 W/System.err( 2665): INFO: com.whatsapp.net.logging.WtLog.log$REDEX$HQcOuACUrr4(:4) : Handshake complete : session_resumed true early_data_sent false early_data_accepted false client_cert_requested false time_ms 83
11-20 12:30:57.971 E/SelfCareDataCloudSyncWorker( 2351): Failed to get access token
11-20 12:30:57.971 E/SelfCareDataCloudSyncWorker( 2351): kotlinx.coroutines.JobCancellationException: Job was cancelled; job=JobImpl{Cancelling}@2508f02
11-20 12:30:57.971 I/WM-WorkerWrapper( 2351): Work [ id=41176d4d-428f-4560-a8c8-961a1631ba8f, tags={ com.facebook.wearable.system.selfcare.cloudsync.SelfCareDataCloudSyncWorker } ] was cancelled
11-20 12:30:57.971 I/WM-WorkerWrapper( 2351): java.util.concurrent.CancellationException: Task was cancelled.
11-20 12:30:57.971 I/WM-WorkerWrapper( 2351): 	at androidx.work.impl.utils.futures.AbstractFuture.getDoneValue(:32)
11-20 12:30:57.971 I/WM-WorkerWrapper( 2351): 	at androidx.work.impl.utils.futures.AbstractFuture.get(:268435546)
11-20 12:30:57.971 I/WM-WorkerWrapper( 2351): 	at androidx.work.impl.WorkerWrapper$2.run(:3)
11-20 12:30:57.971 I/WM-WorkerWrapper( 2351): 	at androidx.work.impl.utils.SerialExecutor$Task.run(:2)
11-20 12:30:57.971 I/WM-WorkerWrapper( 2351): 	at java.util.concurrent.ThreadPoolExecutor.runWorker(ThreadPoolExecutor.java:1167)
11-20 12:30:57.971 I/WM-WorkerWrapper( 2351): 	at java.util.concurrent.ThreadPoolExecutor$Worker.run(ThreadPoolExecutor.java:641)
11-20 12:30:57.971 I/WM-WorkerWrapper( 2351): 	at java.lang.Thread.run(Thread.java:923)
11-20 12:30:58.112 D/SettingsSDK::SyncHelper( 2351): Read setting com.facebook.wearable.sdk.selfcare:SELFCARE_SERVICE_ENABLED from persistent cache
11-20 12:30:58.117 D/FacebookRepository( 2351): Reading from Store [906581286488774]
11-20 12:30:58.144 E/SelfCareDataCloudSyncWorker( 2351): Failed to get access token
11-20 12:30:58.144 E/SelfCareDataCloudSyncWorker( 2351): kotlinx.coroutines.JobCancellationException: Job was cancelled; job=JobImpl{Cancelling}@ecbe37c
11-20 12:30:58.144 I/WM-WorkerWrapper( 2351): Work [ id=41176d4d-428f-4560-a8c8-961a1631ba8f, tags={ com.facebook.wearable.system.selfcare.cloudsync.SelfCareDataCloudSyncWorker } ] was cancelled
11-20 12:30:58.144 I/WM-WorkerWrapper( 2351): java.util.concurrent.CancellationException: Task was cancelled.
11-20 12:30:58.144 I/WM-WorkerWrapper( 2351): 	at androidx.work.impl.utils.futures.AbstractFuture.getDoneValue(:32)
11-20 12:30:58.144 I/WM-WorkerWrapper( 2351): 	at androidx.work.impl.utils.futures.AbstractFuture.get(:268435546)
11-20 12:30:58.144 I/WM-WorkerWrapper( 2351): 	at androidx.work.impl.WorkerWrapper$2.run(:3)
11-20 12:30:58.144 I/WM-WorkerWrapper( 2351): 	at androidx.work.impl.utils.SerialExecutor$Task.run(:2)
11-20 12:30:58.144 I/WM-WorkerWrapper( 2351): 	at java.util.concurrent.ThreadPoolExecutor.runWorker(ThreadPoolExecutor.java:1167)
11-20 12:30:58.144 I/WM-WorkerWrapper( 2351): 	at java.util.concurrent.ThreadPoolExecutor$Worker.run(ThreadPoolExecutor.java:641)
11-20 12:30:58.144 I/WM-WorkerWrapper( 2351): 	at java.lang.Thread.run(Thread.java:923)
