--------- beginning of system
11-21 03:25:03.255 D/commandrouter( 1117): rtc_sync (1, rtc:sync): <ServiceRequest> FORWARDED (remote -> local) service client ID = 0, token ID = 45588
11-21 03:25:03.255 D/commandrouter( 1117): SocServiceHandle::onServiceMessage, SoC Service = rtc_sync, appType = 1, type = SVC_RESP, clientId = 0, token = 45588, payloadLen = 8, result = 0, payload.size() = 8
11-21 03:25:04.621 I/chatty  ( 1194): uid=1000(system) android.ui expire 12 lines
11-21 03:25:12.159 I/chatty  ( 1194): uid=1000(system) Binder:1194_1A expire 4 lines
11-21 03:25:12.274 I/chatty  ( 1194): uid=1000(system) Binder:1194_1B expire 3 lines
11-21 03:25:13.252 D/commandrouter( 1117): rtc_sync (1, rtc:sync): <ServiceRequest> FORWARDED (remote -> local) service client ID = 0, token ID = 45589
11-21 03:25:13.253 D/commandrouter( 1117): SocServiceHandle::onServiceMessage, SoC Service = rtc_sync, appType = 1, type = SVC_RESP, clientId = 0, token = 45589, payloadLen = 8, result = 0, payload.size() = 8
11-21 03:25:16.375 I/chatty  ( 1194): uid=1000(system) LazyTaskWriterT expire 2 lines
11-21 03:25:16.967 D/commandrouter( 1117): SocServiceHandle::onServiceMessage, SoC Service = mcu_healthcheck_1118, appType = 1, type = SVC_REQ, clientId = 0, token = 4273, payloadLen = 12, result = 0, payload.size() = 12
11-21 03:25:16.972 D/commandrouter( 1117): mcu_healthcheck_1118 (1, merlot:mcu_health:control): <ServiceResponse> FORWARDED (remote -> local) CR token ID = 4273, service client ID = 40, token ID = 10650, result = 0
11-21 03:25:16.972 D/mculinkhealth( 1118): isMcuReachable 1 (5 ms)
11-21 03:25:20.160 I/chatty  ( 1194): uid=1000(system) Binder:1194_18 expire 1 line
11-21 03:25:20.208 D/commandrouter( 1117): SocServiceHandle::onServiceMessage, SoC Service = mcu_healthcheck_946, appType = 1, type = SVC_REQ, clientId = 0, token = 2136, payloadLen = 20, result = 0, payload.size() = 20
11-21 03:25:20.211 D/commandrouter( 1117): mcu_healthcheck_946 (1, merlot:mcu_health:control): <ServiceResponse> FORWARDED (remote -> local) CR token ID = 2136, service client ID = 6, token ID = 10651, result = 0
11-21 03:25:23.247 D/commandrouter( 1117): rtc_sync (1, rtc:sync): <ServiceRequest> FORWARDED (remote -> local) service client ID = 0, token ID = 45590
11-21 03:25:23.248 D/commandrouter( 1117): SocServiceHandle::onServiceMessage, SoC Service = rtc_sync, appType = 1, type = SVC_RESP, clientId = 0, token = 45590, payloadLen = 8, result = 0, payload.size() = 8
11-21 03:25:27.121 I/chatty  ( 1194): uid=1000(system) android.display expire 1 line
11-21 03:25:28.092 I/chatty  ( 1194): uid=1000(system) WifiP2pService expire 2 lines
11-21 03:25:28.094 I/chatty  ( 1194): uid=1000(system) ActivityManager expire 1 line
11-21 03:25:30.999 I/chatty  ( 1194): uid=1000(system) WifiHandlerThre expire 2 lines
11-21 03:25:31.126 W/wificond(  906): Scan is not started. Ignore abort request
11-21 03:25:31.984 I/chatty  ( 1194): uid=1000(system) ConnectivitySer expire 34 lines
11-21 03:25:33.240 D/commandrouter( 1117): rtc_sync (1, rtc:sync): <ServiceRequest> FORWARDED (remote -> local) service client ID = 0, token ID = 45591
11-21 03:25:33.242 D/commandrouter( 1117): SocServiceHandle::onServiceMessage, SoC Service = rtc_sync, appType = 1, type = SVC_RESP, clientId = 0, token = 45591, payloadLen = 8, result = 0, payload.size() = 8
11-21 03:25:33.662 E/NetlinkEvent(  459): NetlinkEvent::FindParam(): Parameter 'INTERFACE' not found
11-21 03:25:33.662 E/NetlinkEvent(  459): NetlinkEvent::FindParam(): Parameter 'STATE' not found
11-21 03:25:33.662 E/NetlinkEvent(  459): NetlinkEvent::FindParam(): Parameter 'TIME_NS' not found
11-21 03:25:33.662 E/NetlinkEvent(  459): NetlinkEvent::FindParam(): Parameter 'UID' not found
11-21 03:25:33.806 I/chatty  ( 1194): uid=1000(system) android.fg expire 1 line
11-21 03:25:33.967 I/chatty  ( 1194): uid=1000 system_server expire 2 lines
11-21 03:25:33.976 I/chatty  ( 1194): uid=1000(system) ActivityManager expire 17 lines
11-21 03:25:36.623 I/chatty  ( 1194): uid=1000(system) Binder:1194_5 expire 3 lines
11-21 03:25:40.952 I/chatty  ( 1194): uid=1000(system) Binder:1194_14 expire 1 line
11-21 03:25:41.294 I/chatty  ( 1194): uid=1000(system) android.ui expire 7 lines
11-21 03:25:43.238 D/commandrouter( 1117): rtc_sync (1, rtc:sync): <ServiceRequest> FORWARDED (remote -> local) service client ID = 0, token ID = 45592
11-21 03:25:43.239 D/commandrouter( 1117): SocServiceHandle::onServiceMessage, SoC Service = rtc_sync, appType = 1, type = SVC_RESP, clientId = 0, token = 45592, payloadLen = 8, result = 0, payload.size() = 8
11-21 03:25:46.764 I/chatty  ( 1194): uid=1000(system) LazyTaskWriterT expire 5 lines
11-21 03:25:46.973 D/commandrouter( 1117): SocServiceHandle::onServiceMessage, SoC Service = mcu_healthcheck_1118, appType = 1, type = SVC_REQ, clientId = 0, token = 4274, payloadLen = 12, result = 0, payload.size() = 12
11-21 03:25:46.977 D/commandrouter( 1117): mcu_healthcheck_1118 (1, merlot:mcu_health:control): <ServiceResponse> FORWARDED (remote -> local) CR token ID = 4274, service client ID = 40, token ID = 10652, result = 0
11-21 03:25:46.977 D/mculinkhealth( 1118): isMcuReachable 1 (4 ms)
11-21 03:25:48.623 I/chatty  ( 1194): uid=1000(system) android.ui expire 13 lines
11-21 03:25:49.188 I/chatty  ( 1194): uid=1000(system) Binder:1194_17 expire 4 lines
11-21 03:25:53.236 D/commandrouter( 1117): rtc_sync (1, rtc:sync): <ServiceRequest> FORWARDED (remote -> local) service client ID = 0, token ID = 45593
11-21 03:25:53.237 D/commandrouter( 1117): SocServiceHandle::onServiceMessage, SoC Service = rtc_sync, appType = 1, type = SVC_RESP, clientId = 0, token = 45593, payloadLen = 8, result = 0, payload.size() = 8
11-21 03:25:53.938 I/chatty  ( 1194): uid=1000(system) DeviceStorageMo expire 2 lines
11-21 03:26:03.231 D/commandrouter( 1117): rtc_sync (1, rtc:sync): <ServiceRequest> FORWARDED (remote -> local) service client ID = 0, token ID = 45594
11-21 03:26:03.233 D/commandrouter( 1117): SocServiceHandle::onServiceMessage, SoC Service = rtc_sync, appType = 1, type = SVC_RESP, clientId = 0, token = 45594, payloadLen = 8, result = 0, payload.size() = 8
11-21 03:26:03.656 I/chatty  ( 1194): uid=1000(system) ConnectivitySer expire 9 lines
11-21 03:26:12.356 I/chatty  ( 1194): uid=1000 system_server expire 1 line
11-21 03:26:13.228 D/commandrouter( 1117): rtc_sync (1, rtc:sync): <ServiceRequest> FORWARDED (remote -> local) service client ID = 0, token ID = 45595
11-21 03:26:13.229 D/commandrouter( 1117): SocServiceHandle::onServiceMessage, SoC Service = rtc_sync, appType = 1, type = SVC_RESP, clientId = 0, token = 45595, payloadLen = 8, result = 0, payload.size() = 8
11-21 03:26:16.978 D/commandrouter( 1117): SocServiceHandle::onServiceMessage, SoC Service = mcu_healthcheck_1118, appType = 1, type = SVC_REQ, clientId = 0, token = 4275, payloadLen = 12, result = 0, payload.size() = 12
11-21 03:26:16.982 D/commandrouter( 1117): mcu_healthcheck_1118 (1, merlot:mcu_health:control): <ServiceResponse> FORWARDED (remote -> local) CR token ID = 4275, service client ID = 40, token ID = 10653, result = 0
11-21 03:26:16.982 D/mculinkhealth( 1118): isMcuReachable 1 (4 ms)
11-21 03:26:19.173 I/chatty  ( 1194): uid=1000(system) Binder:1194_14 expire 4 lines
11-21 03:26:20.213 D/commandrouter( 1117): SocServiceHandle::onServiceMessage, SoC Service = mcu_healthcheck_946, appType = 1, type = SVC_REQ, clientId = 0, token = 2137, payloadLen = 20, result = 0, payload.size() = 20
11-21 03:26:20.216 D/commandrouter( 1117): mcu_healthcheck_946 (1, merlot:mcu_health:control): <ServiceResponse> FORWARDED (remote -> local) CR token ID = 2137, service client ID = 6, token ID = 10654, result = 0
11-21 03:26:23.222 D/commandrouter( 1117): rtc_sync (1, rtc:sync): <ServiceRequest> FORWARDED (remote -> local) service client ID = 0, token ID = 45596
11-21 03:26:23.223 D/commandrouter( 1117): SocServiceHandle::onServiceMessage, SoC Service = rtc_sync, appType = 1, type = SVC_RESP, clientId = 0, token = 45596, payloadLen = 8, result = 0, payload.size() = 8
11-21 03:26:27.110 I/chatty  ( 1194): uid=1000(system) android.display expire 2 lines
11-21 03:26:27.611 I/wificond(  906): Fail RSSI polling because wifi is not associated.
11-21 03:26:28.983 E/NetlinkEvent(  459): NetlinkEvent::FindParam(): Parameter 'INTERFACE' not found
11-21 03:26:28.983 E/NetlinkEvent(  459): NetlinkEvent::FindParam(): Parameter 'STATE' not found
11-21 03:26:28.983 E/NetlinkEvent(  459): NetlinkEvent::FindParam(): Parameter 'TIME_NS' not found
11-21 03:26:28.983 E/NetlinkEvent(  459): NetlinkEvent::FindParam(): Parameter 'UID' not found
11-21 03:26:29.604 I/chatty  ( 1194): uid=1000(system) android.fg expire 1 line
11-21 03:26:33.213 D/commandrouter( 1117): rtc_sync (1, rtc:sync): <ServiceRequest> FORWARDED (remote -> local) service client ID = 0, token ID = 45597
11-21 03:26:33.214 D/commandrouter( 1117): SocServiceHandle::onServiceMessage, SoC Service = rtc_sync, appType = 1, type = SVC_RESP, clientId = 0, token = 45597, payloadLen = 8, result = 0, payload.size() = 8
11-21 03:26:40.163 I/chatty  ( 1194): uid=1000(system) Binder:1194_11 expire 4 lines
11-21 03:26:43.208 D/commandrouter( 1117): rtc_sync (1, rtc:sync): <ServiceRequest> FORWARDED (remote -> local) service client ID = 0, token ID = 45598
11-21 03:26:43.209 D/commandrouter( 1117): SocServiceHandle::onServiceMessage, SoC Service = rtc_sync, appType = 1, type = SVC_RESP, clientId = 0, token = 45598, payloadLen = 8, result = 0, payload.size() = 8
11-21 03:26:46.983 D/commandrouter( 1117): SocServiceHandle::onServiceMessage, SoC Service = mcu_healthcheck_1118, appType = 1, type = SVC_REQ, clientId = 0, token = 4276, payloadLen = 12, result = 0, payload.size() = 12
11-21 03:26:46.987 D/commandrouter( 1117): mcu_healthcheck_1118 (1, merlot:mcu_health:control): <ServiceResponse> FORWARDED (remote -> local) CR token ID = 4276, service client ID = 40, token ID = 10655, result = 0
11-21 03:26:46.987 D/mculinkhealth( 1118): isMcuReachable 1 (4 ms)
11-21 03:26:48.205 I/chatty  ( 1194): uid=1000(system) WifiP2pService expire 1 line
11-21 03:26:48.206 I/chatty  ( 1194): uid=1000(system) ActivityManager expire 1 line
11-21 03:26:48.330 W/wificond(  906): Scan is not started. Ignore abort request
11-21 03:26:48.334 I/chatty  ( 1194): uid=1000(system) WifiP2pService expire 1 line
11-21 03:26:48.738 I/chatty  ( 1194): uid=1000(system) WifiHandlerThre expire 1 line
11-21 03:26:48.821 I/chatty  ( 1194): uid=1000(system) ConnectivitySer expire 32 lines
11-21 03:26:49.835 E/NetlinkEvent(  459): NetlinkEvent::FindParam(): Parameter 'INTERFACE' not found
11-21 03:26:49.835 E/NetlinkEvent(  459): NetlinkEvent::FindParam(): Parameter 'STATE' not found
11-21 03:26:49.835 E/NetlinkEvent(  459): NetlinkEvent::FindParam(): Parameter 'TIME_NS' not found
11-21 03:26:49.835 E/NetlinkEvent(  459): NetlinkEvent::FindParam(): Parameter 'UID' not found
11-21 03:26:49.966 I/chatty  ( 1194): uid=1000(system) android.fg expire 2 lines
11-21 03:26:53.202 D/commandrouter( 1117): rtc_sync (1, rtc:sync): <ServiceRequest> FORWARDED (remote -> local) service client ID = 0, token ID = 45599
11-21 03:26:53.203 D/commandrouter( 1117): SocServiceHandle::onServiceMessage, SoC Service = rtc_sync, appType = 1, type = SVC_RESP, clientId = 0, token = 45599, payloadLen = 8, result = 0, payload.size() = 8
11-21 03:26:54.014 I/chatty  ( 1194): uid=1000(system) DeviceStorageMo expire 2 lines
11-21 03:27:03.194 D/commandrouter( 1117): rtc_sync (1, rtc:sync): <ServiceRequest> FORWARDED (remote -> local) service client ID = 0, token ID = 45600
11-21 03:27:03.194 D/commandrouter( 1117): SocServiceHandle::onServiceMessage, SoC Service = rtc_sync, appType = 1, type = SVC_RESP, clientId = 0, token = 45600, payloadLen = 8, result = 0, payload.size() = 8
11-21 03:27:08.378 I/chatty  ( 1194): uid=1000(system) android.ui expire 4 lines
11-21 03:27:11.196 I/chatty  ( 1194): uid=1000(system) Binder:1194_14 expire 1 line
11-21 03:27:11.339 I/chatty  ( 1194): uid=1000(system) Binder:1194_5 expire 3 lines
11-21 03:27:13.184 D/commandrouter( 1117): rtc_sync (1, rtc:sync): <ServiceRequest> FORWARDED (remote -> local) service client ID = 0, token ID = 45601
11-21 03:27:13.185 D/commandrouter( 1117): SocServiceHandle::onServiceMessage, SoC Service = rtc_sync, appType = 1, type = SVC_RESP, clientId = 0, token = 45601, payloadLen = 8, result = 0, payload.size() = 8
11-21 03:27:14.174 I/chatty  ( 1194): uid=1000(system) LazyTaskWriterT expire 3 lines
11-21 03:27:16.987 D/commandrouter( 1117): SocServiceHandle::onServiceMessage, SoC Service = mcu_healthcheck_1118, appType = 1, type = SVC_REQ, clientId = 0, token = 4277, payloadLen = 12, result = 0, payload.size() = 12
11-21 03:27:16.991 D/commandrouter( 1117): mcu_healthcheck_1118 (1, merlot:mcu_health:control): <ServiceResponse> FORWARDED (remote -> local) CR token ID = 4277, service client ID = 40, token ID = 10656, result = 0
11-21 03:27:16.991 D/mculinkhealth( 1118): isMcuReachable 1 (4 ms)
11-21 03:27:17.935 I/chatty  ( 1194): uid=1000 system_server expire 1 line
11-21 03:27:19.232 I/chatty  ( 1194): uid=1000(system) android.display expire 2 lines
11-21 03:27:19.674 I/wificond(  906): Fail RSSI polling because wifi is not associated.
11-21 03:27:19.754 I/chatty  ( 1194): uid=1000(system) ConnectivitySer expire 21 lines
11-21 03:27:19.960 E/NetlinkEvent(  459): NetlinkEvent::FindParam(): Parameter 'INTERFACE' not found
11-21 03:27:19.960 E/NetlinkEvent(  459): NetlinkEvent::FindParam(): Parameter 'STATE' not found
11-21 03:27:19.960 E/NetlinkEvent(  459): NetlinkEvent::FindParam(): Parameter 'TIME_NS' not found
11-21 03:27:19.960 E/NetlinkEvent(  459): NetlinkEvent::FindParam(): Parameter 'UID' not found
11-21 03:27:20.145 I/chatty  ( 1194): uid=1000(system) android.fg expire 1 line
11-21 03:27:20.218 D/commandrouter( 1117): SocServiceHandle::onServiceMessage, SoC Service = mcu_healthcheck_946, appType = 1, type = SVC_REQ, clientId = 0, token = 2138, payloadLen = 20, result = 0, payload.size() = 20
11-21 03:27:20.221 D/commandrouter( 1117): mcu_healthcheck_946 (1, merlot:mcu_health:control): <ServiceResponse> FORWARDED (remote -> local) CR token ID = 2138, service client ID = 6, token ID = 10657, result = 0
11-21 03:27:23.171 D/commandrouter( 1117): rtc_sync (1, rtc:sync): <ServiceRequest> FORWARDED (remote -> local) service client ID = 0, token ID = 45602
11-21 03:27:23.172 D/commandrouter( 1117): SocServiceHandle::onServiceMessage, SoC Service = rtc_sync, appType = 1, type = SVC_RESP, clientId = 0, token = 45602, payloadLen = 8, result = 0, payload.size() = 8
11-21 03:27:24.081 I/chatty  ( 1194): uid=1000(system) android.ui expire 8 lines
11-21 03:27:31.153 I/chatty  ( 1194): uid=1000(system) Binder:1194_B expire 1 line
11-21 03:27:31.277 I/chatty  ( 1194): uid=1000(system) Binder:1194_C expire 3 lines
11-21 03:27:33.158 D/commandrouter( 1117): rtc_sync (1, rtc:sync): <ServiceRequest> FORWARDED (remote -> local) service client ID = 0, token ID = 45603
11-21 03:27:33.159 D/commandrouter( 1117): SocServiceHandle::onServiceMessage, SoC Service = rtc_sync, appType = 1, type = SVC_RESP, clientId = 0, token = 45603, payloadLen = 8, result = 0, payload.size() = 8
11-21 03:27:39.065 I/chatty  ( 1194): uid=1000(system) WifiP2pService expire 2 lines
11-21 03:27:39.067 I/chatty  ( 1194): uid=1000(system) ActivityManager expire 1 line
11-21 03:27:39.135 W/wificond(  906): Scan is not started. Ignore abort request
11-21 03:27:39.518 I/chatty  ( 1194): uid=1000(system) WifiHandlerThre expire 1 line
11-21 03:27:40.219 I/chatty  ( 1194): uid=1000(system) ConnectivitySer expire 20 lines
11-21 03:27:40.662 E/NetlinkEvent(  459): NetlinkEvent::FindParam(): Parameter 'INTERFACE' not found
11-21 03:27:40.662 E/NetlinkEvent(  459): NetlinkEvent::FindParam(): Parameter 'STATE' not found
11-21 03:27:40.663 E/NetlinkEvent(  459): NetlinkEvent::FindParam(): Parameter 'TIME_NS' not found
11-21 03:27:40.663 E/NetlinkEvent(  459): NetlinkEvent::FindParam(): Parameter 'UID' not found
11-21 03:27:40.785 I/chatty  ( 1194): uid=1000(system) android.fg expire 3 lines
11-21 03:27:43.164 D/commandrouter( 1117): rtc_sync (1, rtc:sync): <ServiceRequest> FORWARDED (remote -> local) service client ID = 0, token ID = 45604
11-21 03:27:43.165 D/commandrouter( 1117): SocServiceHandle::onServiceMessage, SoC Service = rtc_sync, appType = 1, type = SVC_RESP, clientId = 0, token = 45604, payloadLen = 8, result = 0, payload.size() = 8
11-21 03:27:45.203 I/chatty  ( 1194): uid=1000 system_server expire 2 lines
11-21 03:27:45.467 I/chatty  ( 1194): uid=1000(system) ActivityManager expire 1 line
11-21 03:27:45.467 I/chatty  ( 1194): uid=1000(system) ActivityManager expire 3 lines
11-21 03:27:46.992 D/commandrouter( 1117): SocServiceHandle::onServiceMessage, SoC Service = mcu_healthcheck_1118, appType = 1, type = SVC_REQ, clientId = 0, token = 4278, payloadLen = 12, result = 0, payload.size() = 12
11-21 03:27:46.996 D/commandrouter( 1117): mcu_healthcheck_1118 (1, merlot:mcu_health:control): <ServiceResponse> FORWARDED (remote -> local) CR token ID = 4278, service client ID = 40, token ID = 10658, result = 0
11-21 03:27:46.996 D/mculinkhealth( 1118): isMcuReachable 1 (4 ms)
11-21 03:27:53.147 D/commandrouter( 1117): rtc_sync (1, rtc:sync): <ServiceRequest> FORWARDED (remote -> local) service client ID = 0, token ID = 45605
11-21 03:27:53.148 D/commandrouter( 1117): SocServiceHandle::onServiceMessage, SoC Service = rtc_sync, appType = 1, type = SVC_RESP, clientId = 0, token = 45605, payloadLen = 8, result = 0, payload.size() = 8
11-21 03:27:54.041 I/chatty  ( 1194): uid=1000(system) DeviceStorageMo expire 2 lines
11-21 03:27:59.367 I/chatty  ( 1194): uid=1000(system) android.ui expire 4 lines
11-21 03:28:02.186 I/chatty  ( 1194): uid=1000(system) Binder:1194_7 expire 4 lines
11-21 03:28:03.153 D/commandrouter( 1117): rtc_sync (1, rtc:sync): <ServiceRequest> FORWARDED (remote -> local) service client ID = 0, token ID = 45606
11-21 03:28:03.154 D/commandrouter( 1117): SocServiceHandle::onServiceMessage, SoC Service = rtc_sync, appType = 1, type = SVC_RESP, clientId = 0, token = 45606, payloadLen = 8, result = 0, payload.size() = 8
11-21 03:28:05.302 I/chatty  ( 1194): uid=1000(system) LazyTaskWriterT expire 1 line
11-21 03:28:10.102 I/chatty  ( 1194): uid=1000(system) android.display expire 1 line
11-21 03:28:10.548 I/wificond(  906): Fail RSSI polling because wifi is not associated.
11-21 03:28:10.654 I/chatty  ( 1194): uid=1000(system) ConnectivitySer expire 33 lines
11-21 03:28:10.977 E/NetlinkEvent(  459): NetlinkEvent::FindParam(): Parameter 'INTERFACE' not found
11-21 03:28:10.977 E/NetlinkEvent(  459): NetlinkEvent::FindParam(): Parameter 'STATE' not found
11-21 03:28:10.977 E/NetlinkEvent(  459): NetlinkEvent::FindParam(): Parameter 'TIME_NS' not found
11-21 03:28:10.977 E/NetlinkEvent(  459): NetlinkEvent::FindParam(): Parameter 'UID' not found
11-21 03:28:13.164 D/commandrouter( 1117): rtc_sync (1, rtc:sync): <ServiceRequest> FORWARDED (remote -> local) service client ID = 0, token ID = 45607
11-21 03:28:13.165 D/commandrouter( 1117): SocServiceHandle::onServiceMessage, SoC Service = rtc_sync, appType = 1, type = SVC_RESP, clientId = 0, token = 45607, payloadLen = 8, result = 0, payload.size() = 8
11-21 03:28:14.875 I/chatty  ( 1194): uid=1000(system) android.ui expire 8 lines
11-21 03:28:16.997 D/commandrouter( 1117): SocServiceHandle::onServiceMessage, SoC Service = mcu_healthcheck_1118, appType = 1, type = SVC_REQ, clientId = 0, token = 4279, payloadLen = 12, result = 0, payload.size() = 12
11-21 03:28:17.001 D/commandrouter( 1117): mcu_healthcheck_1118 (1, merlot:mcu_health:control): <ServiceResponse> FORWARDED (remote -> local) CR token ID = 4279, service client ID = 40, token ID = 10659, result = 0
11-21 03:28:17.002 D/mculinkhealth( 1118): isMcuReachable 1 (5 ms)
11-21 03:28:19.460 I/chatty  ( 1194): uid=1000(system) LazyTaskWriterT expire 2 lines
11-21 03:28:20.223 D/commandrouter( 1117): SocServiceHandle::onServiceMessage, SoC Service = mcu_healthcheck_946, appType = 1, type = SVC_REQ, clientId = 0, token = 2139, payloadLen = 20, result = 0, payload.size() = 20
11-21 03:28:20.227 D/commandrouter( 1117): mcu_healthcheck_946 (1, merlot:mcu_health:control): <ServiceResponse> FORWARDED (remote -> local) CR token ID = 2139, service client ID = 6, token ID = 10660, result = 0
11-21 03:28:22.168 I/chatty  ( 1194): uid=1000(system) Binder:1194_F expire 4 lines
11-21 03:28:23.169 D/commandrouter( 1117): rtc_sync (1, rtc:sync): <ServiceRequest> FORWARDED (remote -> local) service client ID = 0, token ID = 45608
11-21 03:28:23.170 D/commandrouter( 1117): SocServiceHandle::onServiceMessage, SoC Service = rtc_sync, appType = 1, type = SVC_RESP, clientId = 0, token = 45608, payloadLen = 8, result = 0, payload.size() = 8
11-21 03:28:25.207 I/chatty  ( 1194): uid=1000 system_server expire 1 line
11-21 03:28:29.169 I/chatty  ( 1194): uid=1000(system) android.display expire 1 line
11-21 03:28:30.212 I/chatty  ( 1194): uid=1000(system) WifiP2pService expire 2 lines
11-21 03:28:30.214 I/chatty  ( 1194): uid=1000(system) ActivityManager expire 1 line
11-21 03:28:30.326 W/wificond(  906): Scan is not started. Ignore abort request
11-21 03:28:30.741 I/chatty  ( 1194): uid=1000(system) WifiHandlerThre expire 1 line
11-21 03:28:31.791 E/NetlinkEvent(  459): NetlinkEvent::FindParam(): Parameter 'INTERFACE' not found
11-21 03:28:31.791 E/NetlinkEvent(  459): NetlinkEvent::FindParam(): Parameter 'STATE' not found
11-21 03:28:31.791 E/NetlinkEvent(  459): NetlinkEvent::FindParam(): Parameter 'TIME_NS' not found
11-21 03:28:31.791 E/NetlinkEvent(  459): NetlinkEvent::FindParam(): Parameter 'UID' not found
11-21 03:28:31.824 I/chatty  ( 1194): uid=1000(system) ConnectivitySer expire 14 lines
11-21 03:28:31.955 I/chatty  ( 1194): uid=1000(system) android.fg expire 2 lines
11-21 03:28:33.174 D/commandrouter( 1117): rtc_sync (1, rtc:sync): <ServiceRequest> FORWARDED (remote -> local) service client ID = 0, token ID = 45609
11-21 03:28:33.175 D/commandrouter( 1117): SocServiceHandle::onServiceMessage, SoC Service = rtc_sync, appType = 1, type = SVC_RESP, clientId = 0, token = 45609, payloadLen = 8, result = 0, payload.size() = 8
11-21 03:28:43.184 D/commandrouter( 1117): rtc_sync (1, rtc:sync): <ServiceRequest> FORWARDED (remote -> local) service client ID = 0, token ID = 45610
11-21 03:28:43.185 D/commandrouter( 1117): SocServiceHandle::onServiceMessage, SoC Service = rtc_sync, appType = 1, type = SVC_RESP, clientId = 0, token = 45610, payloadLen = 8, result = 0, payload.size() = 8
11-21 03:28:46.599 I/chatty  ( 1194): uid=1000(system) android.bg expire 1 line
11-21 03:28:47.003 D/commandrouter( 1117): SocServiceHandle::onServiceMessage, SoC Service = mcu_healthcheck_1118, appType = 1, type = SVC_REQ, clientId = 0, token = 4280, payloadLen = 12, result = 0, payload.size() = 12
11-21 03:28:47.008 D/commandrouter( 1117): mcu_healthcheck_1118 (1, merlot:mcu_health:control): <ServiceResponse> FORWARDED (remote -> local) CR token ID = 4280, service client ID = 40, token ID = 10661, result = 0
11-21 03:28:47.008 D/mculinkhealth( 1118): isMcuReachable 1 (5 ms)
11-21 03:28:50.359 I/chatty  ( 1194): uid=1000(system) android.ui expire 12 lines
11-21 03:28:53.174 I/chatty  ( 1194): uid=1000(system) Binder:1194_15 expire 4 lines
11-21 03:28:53.178 D/commandrouter( 1117): rtc_sync (1, rtc:sync): <ServiceRequest> FORWARDED (remote -> local) service client ID = 0, token ID = 45611
11-21 03:28:53.179 D/commandrouter( 1117): SocServiceHandle::onServiceMessage, SoC Service = rtc_sync, appType = 1, type = SVC_RESP, clientId = 0, token = 45611, payloadLen = 8, result = 0, payload.size() = 8
11-21 03:28:53.400 I/chatty  ( 1194): uid=1000(system) ActivityManager expire 4 lines
11-21 03:28:54.143 I/chatty  ( 1194): uid=1000(system) DeviceStorageMo expire 2 lines
11-21 03:28:56.032 I/chatty  ( 1194): uid=1000(system) LazyTaskWriterT expire 2 lines
11-21 03:29:00.864 I/chatty  ( 1194): uid=1000(system) android.display expire 1 line
11-21 03:29:01.422 E/NetlinkEvent(  459): NetlinkEvent::FindParam(): Parameter 'INTERFACE' not found
11-21 03:29:01.422 E/NetlinkEvent(  459): NetlinkEvent::FindParam(): Parameter 'STATE' not found
11-21 03:29:01.422 E/NetlinkEvent(  459): NetlinkEvent::FindParam(): Parameter 'TIME_NS' not found
11-21 03:29:01.422 E/NetlinkEvent(  459): NetlinkEvent::FindParam(): Parameter 'UID' not found
11-21 03:29:01.443 I/chatty  ( 1194): uid=1000(system) ConnectivitySer expire 3 lines
11-21 03:29:03.189 D/commandrouter( 1117): rtc_sync (1, rtc:sync): <ServiceRequest> FORWARDED (remote -> local) service client ID = 0, token ID = 45612
11-21 03:29:03.190 D/commandrouter( 1117): SocServiceHandle::onServiceMessage, SoC Service = rtc_sync, appType = 1, type = SVC_RESP, clientId = 0, token = 45612, payloadLen = 8, result = 0, payload.size() = 8
11-21 03:29:13.153 D/commandrouter( 1117): rtc_sync (1, rtc:sync): <ServiceRequest> FORWARDED (remote -> local) service client ID = 0, token ID = 45613
11-21 03:29:13.153 D/commandrouter( 1117): SocServiceHandle::onServiceMessage, SoC Service = rtc_sync, appType = 1, type = SVC_RESP, clientId = 0, token = 45613, payloadLen = 8, result = 0, payload.size() = 8
11-21 03:29:13.170 I/chatty  ( 1194): uid=1000(system) Binder:1194_13 expire 4 lines
11-21 03:29:17.009 D/commandrouter( 1117): SocServiceHandle::onServiceMessage, SoC Service = mcu_healthcheck_1118, appType = 1, type = SVC_REQ, clientId = 0, token = 4281, payloadLen = 12, result = 0, payload.size() = 12
11-21 03:29:17.013 D/commandrouter( 1117): mcu_healthcheck_1118 (1, merlot:mcu_health:control): <ServiceResponse> FORWARDED (remote -> local) CR token ID = 4281, service client ID = 40, token ID = 10662, result = 0
11-21 03:29:17.013 D/mculinkhealth( 1118): isMcuReachable 1 (4 ms)
11-21 03:29:17.460 I/chatty  ( 1194): uid=1000(system) LazyTaskWriterT expire 1 line
11-21 03:29:19.973 I/chatty  ( 1194): uid=1000(system) android.display expire 1 line
11-21 03:29:20.229 D/commandrouter( 1117): SocServiceHandle::onServiceMessage, SoC Service = mcu_healthcheck_946, appType = 1, type = SVC_REQ, clientId = 0, token = 2140, payloadLen = 20, result = 0, payload.size() = 20
11-21 03:29:20.233 D/commandrouter( 1117): mcu_healthcheck_946 (1, merlot:mcu_health:control): <ServiceResponse> FORWARDED (remote -> local) CR token ID = 2140, service client ID = 6, token ID = 10663, result = 0
11-21 03:29:21.015 I/chatty  ( 1194): uid=1000(system) WifiP2pService expire 2 lines
11-21 03:29:21.016 I/chatty  ( 1194): uid=1000(system) ActivityManager expire 1 line
11-21 03:29:21.083 W/wificond(  906): Scan is not started. Ignore abort request
11-21 03:29:21.389 I/chatty  ( 1194): uid=1000(system) WifiHandlerThre expire 1 line
11-21 03:29:21.406 I/chatty  ( 1194): uid=1000(system) ConnectivitySer expire 32 lines
11-21 03:29:22.209 E/NetlinkEvent(  459): NetlinkEvent::FindParam(): Parameter 'INTERFACE' not found
11-21 03:29:22.209 E/NetlinkEvent(  459): NetlinkEvent::FindParam(): Parameter 'STATE' not found
11-21 03:29:22.209 E/NetlinkEvent(  459): NetlinkEvent::FindParam(): Parameter 'TIME_NS' not found
11-21 03:29:22.209 E/NetlinkEvent(  459): NetlinkEvent::FindParam(): Parameter 'UID' not found
11-21 03:29:22.396 I/chatty  ( 1194): uid=1000(system) android.fg expire 1 line
11-21 03:29:23.142 D/commandrouter( 1117): rtc_sync (1, rtc:sync): <ServiceRequest> FORWARDED (remote -> local) service client ID = 0, token ID = 45614
11-21 03:29:23.143 D/commandrouter( 1117): SocServiceHandle::onServiceMessage, SoC Service = rtc_sync, appType = 1, type = SVC_RESP, clientId = 0, token = 45614, payloadLen = 8, result = 0, payload.size() = 8
11-21 03:29:33.126 D/commandrouter( 1117): rtc_sync (1, rtc:sync): <ServiceRequest> FORWARDED (remote -> local) service client ID = 0, token ID = 45615
11-21 03:29:33.127 D/commandrouter( 1117): SocServiceHandle::onServiceMessage, SoC Service = rtc_sync, appType = 1, type = SVC_RESP, clientId = 0, token = 45615, payloadLen = 8, result = 0, payload.size() = 8
11-21 03:29:41.358 I/chatty  ( 1194): uid=1000(system) android.ui expire 4 lines
11-21 03:29:43.113 D/commandrouter( 1117): rtc_sync (1, rtc:sync): <ServiceRequest> FORWARDED (remote -> local) service client ID = 0, token ID = 45616
11-21 03:29:43.114 D/commandrouter( 1117): SocServiceHandle::onServiceMessage, SoC Service = rtc_sync, appType = 1, type = SVC_RESP, clientId = 0, token = 45616, payloadLen = 8, result = 0, payload.size() = 8
11-21 03:29:44.166 I/chatty  ( 1194): uid=1000(system) Binder:1194_8 expire 4 lines
11-21 03:29:46.999 I/chatty  ( 1194): uid=1000(system) LazyTaskWriterT expire 3 lines
11-21 03:29:47.014 D/commandrouter( 1117): SocServiceHandle::onServiceMessage, SoC Service = mcu_healthcheck_1118, appType = 1, type = SVC_REQ, clientId = 0, token = 4282, payloadLen = 12, result = 0, payload.size() = 12
11-21 03:29:47.017 D/commandrouter( 1117): mcu_healthcheck_1118 (1, merlot:mcu_health:control): <ServiceResponse> FORWARDED (remote -> local) CR token ID = 4282, service client ID = 40, token ID = 10664, result = 0
11-21 03:29:47.017 D/mculinkhealth( 1118): isMcuReachable 1 (3 ms)
11-21 03:29:50.812 I/chatty  ( 1194): uid=1000(system) Binder:1194_1A expire 1 line
11-21 03:29:50.813 I/chatty  ( 1194): uid=1000(system) ConnectivitySer expire 11 lines
11-21 03:29:51.535 I/chatty  ( 1194): uid=1000 system_server expire 1 line
11-21 03:29:51.919 I/chatty  ( 1194): uid=1000(system) android.display expire 2 lines
11-21 03:29:52.342 I/wificond(  906): Fail RSSI polling because wifi is not associated.
11-21 03:29:52.551 E/NetlinkEvent(  459): NetlinkEvent::FindParam(): Parameter 'INTERFACE' not found
11-21 03:29:52.551 E/NetlinkEvent(  459): NetlinkEvent::FindParam(): Parameter 'STATE' not found
11-21 03:29:52.551 E/NetlinkEvent(  459): NetlinkEvent::FindParam(): Parameter 'TIME_NS' not found
11-21 03:29:52.551 E/NetlinkEvent(  459): NetlinkEvent::FindParam(): Parameter 'UID' not found
11-21 03:29:52.762 I/chatty  ( 1194): uid=1000(system) android.fg expire 1 line
11-21 03:29:53.105 D/commandrouter( 1117): rtc_sync (1, rtc:sync): <ServiceRequest> FORWARDED (remote -> local) service client ID = 0, token ID = 45617
11-21 03:29:53.106 D/commandrouter( 1117): SocServiceHandle::onServiceMessage, SoC Service = rtc_sync, appType = 1, type = SVC_RESP, clientId = 0, token = 45617, payloadLen = 8, result = 0, payload.size() = 8
11-21 03:29:54.179 I/chatty  ( 1194): uid=1000(system) DeviceStorageMo expire 2 lines
11-21 03:29:56.263 D/commandrouter( 1117): SocServiceHandle::onServiceMessage, SoC Service = mcu_healthcheck_1194, appType = 1, type = SVC_REQ, clientId = 0, token = 217, payloadLen = 12, result = 0, payload.size() = 12
11-21 03:29:56.266 D/commandrouter( 1117): mcu_healthcheck_1194 (1, merlot:mcu_health:control): <ServiceResponse> FORWARDED (remote -> local) CR token ID = 217, service client ID = 39, token ID = 10665, result = 0
11-21 03:29:56.268 I/chatty  ( 1194): uid=1000 system_server expire 1 line
11-21 03:29:56.367 I/chatty  ( 1194): uid=1000 system_server expire 1 line
11-21 03:29:57.121 I/chatty  ( 1194): uid=1000(system) android.ui expire 8 lines
11-21 03:30:03.113 D/commandrouter( 1117): rtc_sync (1, rtc:sync): <ServiceRequest> FORWARDED (remote -> local) service client ID = 0, token ID = 45618
11-21 03:30:03.114 D/commandrouter( 1117): SocServiceHandle::onServiceMessage, SoC Service = rtc_sync, appType = 1, type = SVC_RESP, clientId = 0, token = 45618, payloadLen = 8, result = 0, payload.size() = 8
11-21 03:30:04.176 I/chatty  ( 1194): uid=1000(system) Binder:1194_7 expire 1 line
11-21 03:30:04.318 I/chatty  ( 1194): uid=1000(system) Binder:1194_17 expire 3 lines
11-21 03:30:12.588 I/chatty  ( 1194): uid=1000(system) WifiP2pService expire 2 lines
11-21 03:30:12.589 I/chatty  ( 1194): uid=1000(system) ActivityManager expire 1 line
11-21 03:30:12.685 W/wificond(  906): Scan is not started. Ignore abort request
11-21 03:30:13.061 I/chatty  ( 1194): uid=1000(system) WifiHandlerThre expire 1 line
11-21 03:30:13.117 D/commandrouter( 1117): rtc_sync (1, rtc:sync): <ServiceRequest> FORWARDED (remote -> local) service client ID = 0, token ID = 45619
11-21 03:30:13.118 D/commandrouter( 1117): SocServiceHandle::onServiceMessage, SoC Service = rtc_sync, appType = 1, type = SVC_RESP, clientId = 0, token = 45619, payloadLen = 8, result = 0, payload.size() = 8
11-21 03:30:13.159 I/chatty  ( 1194): uid=1000(system) ConnectivitySer expire 32 lines
11-21 03:30:14.173 E/NetlinkEvent(  459): NetlinkEvent::FindParam(): Parameter 'INTERFACE' not found
11-21 03:30:14.173 E/NetlinkEvent(  459): NetlinkEvent::FindParam(): Parameter 'STATE' not found
11-21 03:30:14.173 E/NetlinkEvent(  459): NetlinkEvent::FindParam(): Parameter 'TIME_NS' not found
11-21 03:30:14.173 E/NetlinkEvent(  459): NetlinkEvent::FindParam(): Parameter 'UID' not found
11-21 03:30:14.351 I/chatty  ( 1194): uid=1000(system) android.fg expire 2 lines
11-21 03:30:17.018 D/commandrouter( 1117): SocServiceHandle::onServiceMessage, SoC Service = mcu_healthcheck_1118, appType = 1, type = SVC_REQ, clientId = 0, token = 4283, payloadLen = 12, result = 0, payload.size() = 12
11-21 03:30:17.022 D/commandrouter( 1117): mcu_healthcheck_1118 (1, merlot:mcu_health:control): <ServiceResponse> FORWARDED (remote -> local) CR token ID = 4283, service client ID = 40, token ID = 10666, result = 0
11-21 03:30:17.022 D/mculinkhealth( 1118): isMcuReachable 1 (4 ms)
11-21 03:30:20.234 D/commandrouter( 1117): SocServiceHandle::onServiceMessage, SoC Service = mcu_healthcheck_946, appType = 1, type = SVC_REQ, clientId = 0, token = 2141, payloadLen = 20, result = 0, payload.size() = 20
11-21 03:30:20.237 D/commandrouter( 1117): mcu_healthcheck_946 (1, merlot:mcu_health:control): <ServiceResponse> FORWARDED (remote -> local) CR token ID = 2141, service client ID = 6, token ID = 10667, result = 0
11-21 03:30:23.120 D/commandrouter( 1117): rtc_sync (1, rtc:sync): <ServiceRequest> FORWARDED (remote -> local) service client ID = 0, token ID = 45620
11-21 03:30:23.121 D/commandrouter( 1117): SocServiceHandle::onServiceMessage, SoC Service = rtc_sync, appType = 1, type = SVC_RESP, clientId = 0, token = 45620, payloadLen = 8, result = 0, payload.size() = 8
11-21 03:30:32.478 I/chatty  ( 1194): uid=1000(system) android.ui expire 4 lines
11-21 03:30:33.134 D/commandrouter( 1117): rtc_sync (1, rtc:sync): <ServiceRequest> FORWARDED (remote -> local) service client ID = 0, token ID = 45621
11-21 03:30:33.135 D/commandrouter( 1117): SocServiceHandle::onServiceMessage, SoC Service = rtc_sync, appType = 1, type = SVC_RESP, clientId = 0, token = 45621, payloadLen = 8, result = 0, payload.size() = 8
11-21 03:30:36.239 I/chatty  ( 1194): uid=1000(system) Binder:1194_19 expire 1 line
11-21 03:30:36.372 I/chatty  ( 1194): uid=1000(system) Binder:1194_D expire 3 lines
11-21 03:30:39.091 I/chatty  ( 1194): uid=1000(system) LazyTaskWriterT expire 1 line
11-21 03:30:43.125 D/commandrouter( 1117): rtc_sync (1, rtc:sync): <ServiceRequest> FORWARDED (remote -> local) service client ID = 0, token ID = 45622
11-21 03:30:43.126 D/commandrouter( 1117): SocServiceHandle::onServiceMessage, SoC Service = rtc_sync, appType = 1, type = SVC_RESP, clientId = 0, token = 45622, payloadLen = 8, result = 0, payload.size() = 8
11-21 03:30:44.177 I/chatty  ( 1194): uid=1000(system) ConnectivitySer expire 9 lines
11-21 03:30:44.380 I/chatty  ( 1194): uid=1000(system) android.display expire 2 lines
11-21 03:30:45.636 E/NetlinkEvent(  459): NetlinkEvent::FindParam(): Parameter 'INTERFACE' not found
11-21 03:30:45.636 E/NetlinkEvent(  459): NetlinkEvent::FindParam(): Parameter 'STATE' not found
11-21 03:30:45.636 E/NetlinkEvent(  459): NetlinkEvent::FindParam(): Parameter 'TIME_NS' not found
11-21 03:30:45.636 E/NetlinkEvent(  459): NetlinkEvent::FindParam(): Parameter 'UID' not found
11-21 03:30:47.024 D/commandrouter( 1117): SocServiceHandle::onServiceMessage, SoC Service = mcu_healthcheck_1118, appType = 1, type = SVC_REQ, clientId = 0, token = 4284, payloadLen = 12, result = 0, payload.size() = 12
11-21 03:30:47.029 D/commandrouter( 1117): mcu_healthcheck_1118 (1, merlot:mcu_health:control): <ServiceResponse> FORWARDED (remote -> local) CR token ID = 4284, service client ID = 40, token ID = 10668, result = 0
11-21 03:30:47.030 D/mculinkhealth( 1118): isMcuReachable 1 (5 ms)
11-21 03:30:49.712 I/chatty  ( 1194): uid=1000(system) android.ui expire 8 lines
11-21 03:30:53.123 D/commandrouter( 1117): rtc_sync (1, rtc:sync): <ServiceRequest> FORWARDED (remote -> local) service client ID = 0, token ID = 45623
11-21 03:30:53.124 D/commandrouter( 1117): SocServiceHandle::onServiceMessage, SoC Service = rtc_sync, appType = 1, type = SVC_RESP, clientId = 0, token = 45623, payloadLen = 8, result = 0, payload.size() = 8
11-21 03:30:54.288 I/chatty  ( 1194): uid=1000(system) DeviceStorageMo expire 2 lines
11-21 03:30:54.652 I/chatty  ( 1194): uid=1000(system) LazyTaskWriterT expire 2 lines
11-21 03:30:57.174 I/chatty  ( 1194): uid=1000(system) Binder:1194_1A expire 1 line
11-21 03:30:57.304 I/chatty  ( 1194): uid=1000 system_server expire 1 line
11-21 03:30:57.322 I/chatty  ( 1194): uid=1000(system) Binder:1194_F expire 3 lines
11-21 03:31:03.126 D/commandrouter( 1117): rtc_sync (1, rtc:sync): <ServiceRequest> FORWARDED (remote -> local) service client ID = 0, token ID = 45624
11-21 03:31:03.126 D/commandrouter( 1117): SocServiceHandle::onServiceMessage, SoC Service = rtc_sync, appType = 1, type = SVC_RESP, clientId = 0, token = 45624, payloadLen = 8, result = 0, payload.size() = 8
11-21 03:31:05.206 I/chatty  ( 1194): uid=1000(system) WifiP2pService expire 2 lines
11-21 03:31:05.208 I/chatty  ( 1194): uid=1000(system) ActivityManager expire 1 line
11-21 03:31:05.317 W/wificond(  906): Scan is not started. Ignore abort request
11-21 03:31:05.717 I/chatty  ( 1194): uid=1000(system) WifiHandlerThre expire 1 line
11-21 03:31:05.761 I/chatty  ( 1194): uid=1000(system) ConnectivitySer expire 25 lines
11-21 03:31:06.648 E/NetlinkEvent(  459): NetlinkEvent::FindParam(): Parameter 'INTERFACE' not found
11-21 03:31:06.648 E/NetlinkEvent(  459): NetlinkEvent::FindParam(): Parameter 'STATE' not found
11-21 03:31:06.648 E/NetlinkEvent(  459): NetlinkEvent::FindParam(): Parameter 'TIME_NS' not found
11-21 03:31:06.648 E/NetlinkEvent(  459): NetlinkEvent::FindParam(): Parameter 'UID' not found
11-21 03:31:06.798 W/SimpleTimeDetectorStrategy( 1194): Existing suggestion found to be invalid  elapsedRealtimeMillis=128610958, timeSuggestion=TelephonyTimeSuggestion{mSlotIndex='0', mUtcTime=TimestampedValue{mReferenceTimeMillis=2542243, mValue=1637368197000}, mDebugInfo=[Sending new time suggestion nitzSignal=TimestampedValue{mReferenceTimeMillis=2542243, mValue=NitzData{mOriginalString=21/11/20,00:29:57-32,00, mZoneOffset=-28800000, mDstOffset=0, mCurrentTimeMillis=1637368197000, mEmulatorHostTimeZone=null}}, reason=handleNitzReceived(TimestampedValue{mReferenceTimeMillis=2542243, mValue=NitzData{mOriginalString=21/11/20,00:29:57-32,00, mZoneOffset=-28800000, mDstOffset=0, mCurrentTimeMillis=1637368197000, mEmulatorHostTimeZone=null}})]}
11-21 03:31:06.819 D/ConnectivityService( 1194): Lingering [100 CELLULAR] for 30000ms
11-21 03:31:06.821 D/ConnectivityService( 1194): Sending DISCONNECTED broadcast for type 0 [100 CELLULAR] isDefaultNetwork=true
11-21 03:31:06.824 D/ConnectivityService( 1194): Sending CONNECTED broadcast for type 1 [213 WIFI] isDefaultNetwork=true
11-21 03:31:06.897 D/ConnectivityService( 1194): Setting DNS servers for network 213 to [/192.168.1.1]
11-21 03:31:06.904 D/DnsManager( 1194): sendDnsConfigurationForNetwork(213, [192.168.1.1], [], 1800, 25, 8, 64, 0, 0, , [192.168.1.1])
11-21 03:31:06.915 I/Nat464Xlat( 1194): Android Xlat is disabled
11-21 03:31:06.915 I/Nat464Xlat( 1194): Android Xlat is disabled
11-21 03:31:13.128 D/commandrouter( 1117): rtc_sync (1, rtc:sync): <ServiceRequest> FORWARDED (remote -> local) service client ID = 0, token ID = 45625
11-21 03:31:13.129 D/commandrouter( 1117): SocServiceHandle::onServiceMessage, SoC Service = rtc_sync, appType = 1, type = SVC_RESP, clientId = 0, token = 45625, payloadLen = 8, result = 0, payload.size() = 8
11-21 03:31:17.031 D/commandrouter( 1117): SocServiceHandle::onServiceMessage, SoC Service = mcu_healthcheck_1118, appType = 1, type = SVC_REQ, clientId = 0, token = 4285, payloadLen = 12, result = 0, payload.size() = 12
11-21 03:31:17.037 D/commandrouter( 1117): mcu_healthcheck_1118 (1, merlot:mcu_health:control): <ServiceResponse> FORWARDED (remote -> local) CR token ID = 4285, service client ID = 40, token ID = 10669, result = 0
11-21 03:31:17.037 D/mculinkhealth( 1118): isMcuReachable 1 (6 ms)
11-21 03:31:19.781 D/ConnectivityService( 1194): requestNetwork for uid/pid:10005/26000 NetworkRequest [ TRACK_DEFAULT id=2786, [ Capabilities: INTERNET&NOT_RESTRICTED&TRUSTED Uid: 10005 AdministratorUids: [] RequestorUid: 10005 RequestorPackageName: com.facebook.wearable.system.telecom] ]
11-21 03:31:19.782 D/ConnectivityService( 1194): NetReassign [2786 : null → 213]
11-21 03:31:19.967 D/ConnectivityService( 1194): releasing NetworkRequest [ TRACK_DEFAULT id=2786, [ Capabilities: INTERNET&NOT_RESTRICTED&TRUSTED Uid: 10005 AdministratorUids: [] RequestorUid: 10005 RequestorPackageName: com.facebook.wearable.system.telecom] ] (release request)
11-21 03:31:20.239 D/commandrouter( 1117): SocServiceHandle::onServiceMessage, SoC Service = mcu_healthcheck_946, appType = 1, type = SVC_REQ, clientId = 0, token = 2142, payloadLen = 20, result = 0, payload.size() = 20
11-21 03:31:20.243 D/commandrouter( 1117): mcu_healthcheck_946 (1, merlot:mcu_health:control): <ServiceResponse> FORWARDED (remote -> local) CR token ID = 2142, service client ID = 6, token ID = 10670, result = 0
11-21 03:31:23.129 D/commandrouter( 1117): rtc_sync (1, rtc:sync): <ServiceRequest> FORWARDED (remote -> local) service client ID = 0, token ID = 45626
11-21 03:31:23.130 D/commandrouter( 1117): SocServiceHandle::onServiceMessage, SoC Service = rtc_sync, appType = 1, type = SVC_RESP, clientId = 0, token = 45626, payloadLen = 8, result = 0, payload.size() = 8
11-21 03:31:25.386 D/AutofillManagerService( 1194): onBackKeyPressed()
11-21 03:31:26.451 I/chatty  ( 1194): uid=1000(system) android.ui identical 2 lines
11-21 03:31:27.617 D/AutofillManagerService( 1194): onBackKeyPressed()
11-21 03:31:28.187 W/ActivityManager( 1194): Invalid packageName: com.facebook.wearable.system.settings/com.facebook.wearable.system.settings.SettingsActivity
11-21 03:31:28.320 I/ActivityTaskManager( 1194): START u0 {flg=0x10000000 cmp=com.facebook.wearable.system.settings/.SettingsActivity} from uid 0
11-21 03:31:28.337 I/ActivityTaskManager( 1194): The Process com.facebook.wearable.system.settings Already Exists in BG. So sending its PID: 7907
11-21 03:31:28.338 W/ActivityTaskManager( 1194): Tried to set launchTime (0) < mLastActivityLaunchTime (128601514)
11-21 03:31:31.051 E/TaskPersister( 1194): File error accessing recents directory (directory doesn't exist?).
11-21 03:31:33.129 D/commandrouter( 1117): rtc_sync (1, rtc:sync): <ServiceRequest> FORWARDED (remote -> local) service client ID = 0, token ID = 45627
11-21 03:31:33.131 D/commandrouter( 1117): SocServiceHandle::onServiceMessage, SoC Service = rtc_sync, appType = 1, type = SVC_RESP, clientId = 0, token = 45627, payloadLen = 8, result = 0, payload.size() = 8
11-21 03:31:35.964 W/ContextImpl( 1194): Calling a method in the system process without a qualified user: android.app.ContextImpl.sendBroadcastMultiplePermissions:1143 android.content.Context.sendBroadcastWithMultiplePermissions:2150 com.android.server.display.WifiDisplayAdapter.handleSendStatusChangeBroadcast:440 com.android.server.display.WifiDisplayAdapter.access$1700:63 com.android.server.display.WifiDisplayAdapter$WifiDisplayHandler.handleMessage:675 
11-21 03:31:36.443 D/ConnectivityService( 1194): [213 WIFI] EVENT_NETWORK_INFO_CHANGED, going from CONNECTED to DISCONNECTED
11-21 03:31:36.443 D/ConnectivityService( 1194): [213 WIFI] disconnected, was satisfying 26
11-21 03:31:36.517 I/Nat464Xlat( 1194): Android Xlat is disabled
11-21 03:31:36.517 I/Nat464Xlat( 1194): Android Xlat is disabled
11-21 03:31:36.532 D/ConnectivityService( 1194): Sending DISCONNECTED broadcast for type 1 [213 WIFI] isDefaultNetwork=true
11-21 03:31:36.550 D/ConnectivityService( 1194): NetReassign [8 : null → 100, 20 : null → 100, 46 : null → 100, 2784 : null → 100, 12 : null → 100, 22 : null → 100, 16 : null → 100, 1990 : null → 100, 14 : null → 100, 50 : null → 100, 18 : null → 100, 11 : null → 100, 2773 : null → 100, 1 : null → 100, 17 : null → 100]
11-21 03:31:36.552 E/NetlinkEvent(  459): NetlinkEvent::FindParam(): Parameter 'INTERFACE' not found
11-21 03:31:36.552 E/NetlinkEvent(  459): NetlinkEvent::FindParam(): Parameter 'STATE' not found
11-21 03:31:36.553 E/NetlinkEvent(  459): NetlinkEvent::FindParam(): Parameter 'TIME_NS' not found
11-21 03:31:36.553 E/NetlinkEvent(  459): NetlinkEvent::FindParam(): Parameter 'UID' not found
11-21 03:31:36.565 D/ConnectivityService( 1194): Switching to new default network: NetworkAgentInfo{ ni{[type: MOBILE[LTE], state: CONNECTED/CONNECTED, reason: (unspecified), extra: nxtgenphone, failover: false, available: true, roaming: false]}  network{100}  nethandle{432902426637}  lp{{InterfaceName: rmnet_data2 LinkAddresses: [ 10.129.103.196/29,2600:380:c119:24f:b89a:9f3c:46c1:95af/64 ] DnsAddresses: [ /172.26.38.1,/fc00:a:a::300 ] Domains: null MTU: 1430 TcpBufferSizes: 2097152,4194304,8388608,262144,524288,1048576 Routes: [ 0.0.0.0/0 -> 10.129.103.197 rmnet_data2 mtu 1430,::/0 -> fe80::b45f:41f1:1846:969d rmnet_data2 mtu 1430,10.129.103.192/29 -> 0.0.0.0 rmnet_data2 mtu 0,2600:380:c119:24f::/64 -> :: rmnet_data2 mtu 0 ]}}  nc{[ Transports: CELLULAR Capabilities: MMS&SUPL&FOTA&INTERNET&NOT_RESTRICTED&TRUSTED&NOT_VPN&VALIDATED&NOT_ROAMING&FOREGROUND&NOT_CONGESTED&NOT_SUSPENDED LinkUpBandwidth>=15000Kbps LinkDnBandwidth>=30000Kbps Specifier: <TelephonyNetworkSpecifier [mSubId = 1]> AdministratorUids: [] RequestorUid: -1 RequestorPackageName: null]}  Score{50}  everValidated{true}  lastValidated{true}  created{true} lingering{true} explicitlySelected{false} acceptUnvalidated{false} everCaptivePortalDetected{false} lastCaptivePortalDetected{false} partialConnectivity{false} acceptPartialConnectivity{false} clat{mBaseIface: null, mIface: null, mState: IDLE} }
11-21 03:31:36.692 D/ConnectivityService( 1194): Unlingering [100 CELLULAR]
11-21 03:31:36.692 D/ConnectivityService( 1194): Sending CONNECTED broadcast for type 0 [100 CELLULAR] isDefaultNetwork=true
11-21 03:31:36.703 W/SimpleTimeDetectorStrategy( 1194): Existing suggestion found to be invalid  elapsedRealtimeMillis=128640864, timeSuggestion=TelephonyTimeSuggestion{mSlotIndex='0', mUtcTime=TimestampedValue{mReferenceTimeMillis=2542243, mValue=1637368197000}, mDebugInfo=[Sending new time suggestion nitzSignal=TimestampedValue{mReferenceTimeMillis=2542243, mValue=NitzData{mOriginalString=21/11/20,00:29:57-32,00, mZoneOffset=-28800000, mDstOffset=0, mCurrentTimeMillis=1637368197000, mEmulatorHostTimeZone=null}}, reason=handleNitzReceived(TimestampedValue{mReferenceTimeMillis=2542243, mValue=NitzData{mOriginalString=21/11/20,00:29:57-32,00, mZoneOffset=-28800000, mDstOffset=0, mCurrentTimeMillis=1637368197000, mEmulatorHostTimeZone=null}})]}
11-21 03:31:40.836 D/AutofillManagerService( 1194): onBackKeyPressed()
11-21 03:31:41.371 I/chatty  ( 1194): uid=1000(system) android.ui identical 1 line
11-21 03:31:41.893 D/AutofillManagerService( 1194): onBackKeyPressed()
11-21 03:31:43.133 D/commandrouter( 1117): rtc_sync (1, rtc:sync): <ServiceRequest> FORWARDED (remote -> local) service client ID = 0, token ID = 45628
11-21 03:31:43.134 D/commandrouter( 1117): SocServiceHandle::onServiceMessage, SoC Service = rtc_sync, appType = 1, type = SVC_RESP, clientId = 0, token = 45628, payloadLen = 8, result = 0, payload.size() = 8
11-21 03:31:43.424 D/ConnectivityService( 1194): requestNetwork for uid/pid:10005/26000 NetworkRequest [ TRACK_DEFAULT id=2787, [ Capabilities: INTERNET&NOT_RESTRICTED&TRUSTED Uid: 10005 AdministratorUids: [] RequestorUid: 10005 RequestorPackageName: com.facebook.wearable.system.telecom] ]
11-21 03:31:43.425 D/ConnectivityService( 1194): NetReassign [2787 : null → 100]
11-21 03:31:43.590 D/ConnectivityService( 1194): releasing NetworkRequest [ TRACK_DEFAULT id=2787, [ Capabilities: INTERNET&NOT_RESTRICTED&TRUSTED Uid: 10005 AdministratorUids: [] RequestorUid: 10005 RequestorPackageName: com.facebook.wearable.system.telecom] ] (release request)
11-21 03:31:43.614 D/AutofillManagerService( 1194): onBackKeyPressed()
11-21 03:31:44.627 D/AutofillManagerService( 1194): onBackKeyPressed()
11-21 03:31:45.389 E/TaskPersister( 1194): File error accessing recents directory (directory doesn't exist?).
11-21 03:31:46.009 D/AutofillManagerService( 1194): onBackKeyPressed()
11-21 03:31:46.621 D/AutofillManagerService( 1194): onBackKeyPressed()
11-21 03:31:47.039 D/commandrouter( 1117): SocServiceHandle::onServiceMessage, SoC Service = mcu_healthcheck_1118, appType = 1, type = SVC_REQ, clientId = 0, token = 4286, payloadLen = 12, result = 0, payload.size() = 12
11-21 03:31:47.043 D/commandrouter( 1117): mcu_healthcheck_1118 (1, merlot:mcu_health:control): <ServiceResponse> FORWARDED (remote -> local) CR token ID = 4286, service client ID = 40, token ID = 10671, result = 0
11-21 03:31:47.043 D/mculinkhealth( 1118): isMcuReachable 1 (5 ms)
11-21 03:31:47.619 D/AutofillManagerService( 1194): onBackKeyPressed()
11-21 03:31:48.164 W/ActivityManager( 1194): Invalid packageName: com.facebook.wearable.system.settings/com.facebook.wearable.system.settings.SettingsActivity
11-21 03:31:48.301 I/ActivityTaskManager( 1194): START u0 {flg=0x10000000 cmp=com.facebook.wearable.system.settings/.SettingsActivity} from uid 0
