11-19 17:11:34.468 E/QMI_FW  ( 1117): qmi_cci_get_ref: ref count increased 2
11-19 17:11:34.474 I/chatty  ( 1117): uid=1001(radio) main identical 6 lines
11-19 17:11:34.475 E/QMI_FW  ( 1117): qmi_cci_get_ref: ref count increased 2
11-19 17:11:34.501 I/GnssNetworkConnectivityHandler( 1196): Network connection lost. Available networks count: 1
11-19 17:11:34.502 I/GnssNetworkConnectivityHandler( 1196): updateNetworkState, state=CLOSED, connected=false, network=107, capabilities=[ Transports: WIFI Capabilities: NOT_METERED&INTERNET&NOT_RESTRICTED&TRUSTED&NOT_VPN&VALIDATED&NOT_ROAMING&FOREGROUND&NOT_CONGESTED&NOT_SUSPENDED LinkUpBandwidth>=65000Kbps LinkDnBandwidth>=65000Kbps SignalStrength: -36 OwnerUid: 1000 AdministratorUids: [] SSID: "MTBF_Lab" RequestorUid: -1 RequestorPackageName: null], apn: , availableNetworkCount: 1
11-19 17:11:34.503 D/QCNEJ/DefaultNetworkInfoRelay( 1887): Default network lost: 107
11-19 17:11:34.503 W/LocSvc_LocIpc(  526): send:66] failed reason: No such file or directory
11-19 17:11:34.507 D/QCNEJ/NativeHalConnector( 1887): -> SND notifyDefaultNetworkChanged(1)
11-19 17:11:34.507 D/QCNEJ/WlanStaInfoRelay( 1887): network lost: 107
11-19 17:11:34.508 D/QCNEJ/WlanStaInfoRelay( 1887): onLost: unbind the process to WIFI
11-19 17:11:34.512 I/Nat464Xlat( 1196): Android Xlat is disabled
11-19 17:11:34.531 D/DhcpClient( 1196): DHCP Packet Handler stopped
11-19 17:11:34.532 D/DhcpClient( 1196): onQuitting
11-19 17:11:34.512 I/Nat464Xlat( 1196): Android Xlat is disabled
11-19 17:11:34.533 D/ConnectivityService( 1196): Sending DISCONNECTED broadcast for type 1 [107 WIFI] isDefaultNetwork=true
11-19 17:11:34.535 D/ConnectivityService( 1196): NetReassign [11 : null → 101, 16 : null → 101, 66 : null → 101, 46 : null → 101, 68 : null → 101, 1 : null → 101, 63 : null → 101, 25 : null → 101, 32 : null → 101, 8 : null → 101, 17 : null → 101, 12 : null → 101, 22 : null → 101, 14 : null → 101, 67 : null → 101, 77 : null → 101]
11-19 17:11:34.538 D/NetworkManager( 5313): ConnectivityManager.NetworkCallback#onLost()
11-19 17:11:34.541 D/NetworkManager( 5353): ConnectivityManager.NetworkCallback#onLost()
11-19 17:11:34.542 W/MqttClient( 2595): connection/disconnecting; reason=READ_SOCKET, operation=NETWORK_THREAD_LOOP
11-19 17:11:34.543 W/System.err( 2595): DEBUG: com.whatsapp.net.tls13.WtSocketWrapper.sendAlertAndShutdown(:86) : Sending Alert : type : WARNING description : close_notify(0) exception : 
11-19 17:11:34.543 W/System.err( 2595): ERROR: com.whatsapp.net.logging.WtLog.log$REDEX$HQcOuACUrr4(:4) : Encountered exception. Nothing much can be done here. com.whatsapp.net.alerts.WtAlertException
11-19 17:11:34.551 E/NetlinkEvent(  458): NetlinkEvent::FindParam(): Parameter 'INTERFACE' not found
11-19 17:11:34.552 E/NetlinkEvent(  458): NetlinkEvent::FindParam(): Parameter 'STATE' not found
11-19 17:11:34.552 E/NetlinkEvent(  458): NetlinkEvent::FindParam(): Parameter 'TIME_NS' not found
11-19 17:11:34.552 E/NetlinkEvent(  458): NetlinkEvent::FindParam(): Parameter 'UID' not found
11-19 17:11:34.566 D/ConnectivityService( 1196): Switching to new default network: NetworkAgentInfo{ ni{[type: MOBILE[LTE], state: CONNECTED/CONNECTED, reason: (unspecified), extra: nxtgenphone, failover: false, available: true, roaming: false]}  network{101}  nethandle{437197393933}  lp{{InterfaceName: rmnet_data2 LinkAddresses: [ 10.33.46.96/26,2600:380:c011:8926:dc33:f6e0:ed57:ed5a/64 ] DnsAddresses: [ /172.26.38.1,/fc00:a:a::300 ] Domains: null MTU: 1430 TcpBufferSizes: 2097152,4194304,8388608,262144,524288,1048576 Routes: [ 0.0.0.0/0 -> 10.33.46.97 rmnet_data2 mtu 1430,::/0 -> fe80::9861:291c:876f:a4e3 rmnet_data2 mtu 1430,10.33.46.64/26 -> 0.0.0.0 rmnet_data2 mtu 0,2600:380:c011:8926::/64 -> :: rmnet_data2 mtu 0 ]}}  nc{[ Transports: CELLULAR Capabilities: MMS&SUPL&FOTA&INTERNET&NOT_RESTRICTED&TRUSTED&NOT_VPN&VALIDATED&NOT_ROAMING&NOT_CONGESTED&NOT_SUSPENDED LinkUpBandwidth>=15000Kbps LinkDnBandwidth>=30000Kbps Specifier: <TelephonyNetworkSpecifier [mSubId = 1]> AdministratorUids: [] RequestorUid: -1 RequestorPackageName: null]}  Score{50}  everValidated{true}  lastValidated{true}  created{true} lingering{false} explicitlySelected{false} acceptUnvalidated{false} everCaptivePortalDetected{false} lastCaptivePortalDetected{false} partialConnectivity{false} acceptPartialConnectivity{false} clat{mBaseIface: null, mIface: null, mState: IDLE} }
11-19 17:11:34.579 W/HWComposer(  597): Ignoring duplicate VSYNC event from HWC for display 0 (t=4924938646714)
11-19 17:11:34.584 E/WifiNative( 1196): Could not get Iface object for interface null
11-19 17:11:34.584 D/WifiNetworkAgent( 1196): NetworkAgent: NetworkAgent channel lost
11-19 17:11:34.587 D/BluetoothAdapterService( 1699): Soft AP is on band: 1
11-19 17:11:34.589 D/BluetoothVendorService( 1699): getPowerBackoff 
11-19 17:11:34.589 D/BluetoothAdapterService( 1699): android.net.wifi.WIFI_STATE_CHANGED
11-19 17:11:34.590 D/CompatibilityInfo( 1196): mCompatibilityFlags - 4
11-19 17:11:34.590 D/CompatibilityInfo( 1196): applicationDensity - 320
11-19 17:11:34.590 D/CompatibilityInfo( 1196): applicationScale - 1.0
11-19 17:11:34.591 D/WifiMemoryStoreImpl( 1196): Set cluster Gfe4af43281bde698 for Wfe4af43281bde698: SUCCESS
11-19 17:11:34.604 D/BluetoothAdapterService( 1699): Soft AP is on band: 1
11-19 17:11:34.605 D/BluetoothVendorService( 1699): getPowerBackoff 
11-19 17:11:34.605 D/BluetoothAdapterService( 1699): android.net.wifi.STATE_CHANGE
11-19 17:11:34.606 D/BluetoothVendorService( 1699): setWifiState to: false
11-19 17:11:34.606 I/BluetoothVendorJni( 1699): setWifiStateNative
11-19 17:11:34.606 I/bt_btif_vendor( 1699): setWifiState :0
11-19 17:11:34.607 W/bt_btm  ( 1699): btm_cb.is_wifi_connected = 0 
11-19 17:11:34.613 W/HWComposer(  597): Ignoring duplicate VSYNC event from HWC for display 0 (t=4924972514787)
11-19 17:11:34.630 W/HWComposer(  597): Ignoring duplicate VSYNC event from HWC for display 0 (t=4924989448953)
11-19 17:11:34.658 E/WifiNative( 1196): Could not get Iface object for interface null
11-19 17:11:34.660 D/NetworkTimeUpdateService( 1196): New default network 101; checking time.
11-19 17:11:34.672 D/NetworkManager( 5313): ConnectivityManager.NetworkCallback#onCapabilitiesChanged()
11-19 17:11:34.672 D/NetworkManager( 5313): connected: true
11-19 17:11:34.673 D/MediaBrowserClient( 5313): checkCredentialsAndInitPinPairing()
11-19 17:11:34.683 D/NetworkManager( 5353): ConnectivityManager.NetworkCallback#onCapabilitiesChanged()
11-19 17:11:34.683 D/NetworkManager( 5353): connected: true
11-19 17:11:34.684 W/MediaBrowserClient( 5313): Tried to send custom action CHECK_CREDENTIALS_VALID_ACTION but client was not connected
11-19 17:11:34.689 V/LigerRadioStatsReporter( 2348): onCapabilitiesChanged: Network capabilities changed
11-19 17:11:34.689 V/LigerRadioStatsReporter( 2348): reportAndCheckpointRadioStats
11-19 17:11:34.690 V/LigerRadioStatsReporter( 2348): +++++++++++ RADIO STATS DUMP +++++++++++
11-19 17:11:34.691 V/LigerRadioStatsReporter( 2348): totalActiveRadioTimeMs=0
11-19 17:11:34.691 V/LigerRadioStatsReporter( 2348): totalTailRadioTimeMs=13991
11-19 17:11:34.691 V/LigerRadioStatsReporter( 2348): totalWakeupCount=0
11-19 17:11:34.691 V/LigerRadioStatsReporter( 2348): httpUpBytes=0
11-19 17:11:34.691 V/LigerRadioStatsReporter( 2348): httpDownBytes=0
11-19 17:11:34.691 V/LigerRadioStatsReporter( 2348): httpWakeupCount=0
11-19 17:11:34.691 V/LigerRadioStatsReporter( 2348): httpRequestCount=0
11-19 17:11:34.691 V/LigerRadioStatsReporter( 2348): httpActiveRadioTimeMs=0
11-19 17:11:34.691 V/LigerRadioStatsReporter( 2348): httpTailRadioTimeMs=13991
11-19 17:11:34.691 V/LigerRadioStatsReporter( 2348): reportAndCheckpointRadioStats: Tx=0
11-19 17:11:34.691 V/LigerRadioStatsReporter( 2348): reportAndCheckpointRadioStats: Rx=0
11-19 17:11:34.691 V/LigerRadioStatsReporter( 2348): reportAndCheckpointRadioStats: Uids=10027
11-19 17:11:34.691 V/LigerRadioStatsReporter( 2348): reportAndCheckpointRadioStats: Tags=null
11-19 17:11:34.705 D/QCNEJ/DefaultNetworkInfoRelay( 1887): Default network available: 101
11-19 17:11:34.706 D/QCNEJ/NativeHalConnector( 1887): -> SND notifyDefaultNetworkChanged(0)
11-19 17:11:34.711 E/QMI_FW  (  883): qmi_cci_get_ref: ref count increased 2
11-19 17:11:34.713 E/QMI_FW  (  883): qmi_cci_get_ref: ref count increased 2
11-19 17:11:34.713 V/LigerRadioStatsReporter( 5353): onCapabilitiesChanged: Network capabilities changed
11-19 17:11:34.714 V/LigerRadioStatsReporter( 5353): reportAndCheckpointRadioStats
11-19 17:11:34.737 D/QCNEJ/WwanInfoRelay( 1887): onCapabilitiesChanged: 101 [ Transports: CELLULAR Capabilities: MMS&SUPL&FOTA&INTERNET&NOT_RESTRICTED&TRUSTED&NOT_VPN&VALIDATED&NOT_ROAMING&FOREGROUND&NOT_CONGESTED&NOT_SUSPENDED LinkUpBandwidth>=15000Kbps LinkDnBandwidth>=30000Kbps Specifier: <TelephonyNetworkSpecifier [mSubId = 1]> AdministratorUids: [] RequestorUid: -1 RequestorPackageName: null]
11-19 17:11:34.740 V/LigerRadioStatsReporter( 2348): onCapabilitiesChanged: Network capabilities changed
11-19 17:11:34.741 D/NetworkManager( 5313): ConnectivityManager.NetworkCallback#onCapabilitiesChanged()
11-19 17:11:34.741 I/QCNEJ/WwanInfoRelay( 1887): cacheWwanInfo subId = 1 phoneId = 0 slotId = 0
11-19 17:11:34.741 D/NetworkManager( 5313): connected: true
11-19 17:11:34.757 D/ConnectivityService( 1196): Sending CONNECTED broadcast for type 0 [101 CELLULAR] isDefaultNetwork=true
11-19 17:11:34.800 E/SelfCareDataCloudSyncWorker( 2334): Failed to get access token
11-19 17:11:34.800 E/SelfCareDataCloudSyncWorker( 2334): kotlinx.coroutines.JobCancellationException: Job was cancelled; job=JobImpl{Cancelling}@1b41ed4
11-19 17:11:34.800 I/WM-WorkerWrapper( 2334): Work [ id=cf79165d-7ab0-4916-9c30-d911d399386b, tags={ com.facebook.wearable.system.selfcare.cloudsync.SelfCareDataCloudSyncWorker } ] was cancelled
11-19 17:11:34.800 I/WM-WorkerWrapper( 2334): java.util.concurrent.CancellationException: Task was cancelled.
11-19 17:11:34.800 I/WM-WorkerWrapper( 2334): 	at androidx.work.impl.utils.futures.AbstractFuture.getDoneValue(:32)
11-19 17:11:34.800 I/WM-WorkerWrapper( 2334): 	at androidx.work.impl.utils.futures.AbstractFuture.get(:268435546)
11-19 17:11:34.800 I/WM-WorkerWrapper( 2334): 	at androidx.work.impl.WorkerWrapper$2.run(:3)
11-19 17:11:34.800 I/WM-WorkerWrapper( 2334): 	at androidx.work.impl.utils.SerialExecutor$Task.run(:2)
11-19 17:11:34.800 I/WM-WorkerWrapper( 2334): 	at java.util.concurrent.ThreadPoolExecutor.runWorker(ThreadPoolExecutor.java:1167)
11-19 17:11:34.800 I/WM-WorkerWrapper( 2334): 	at java.util.concurrent.ThreadPoolExecutor$Worker.run(ThreadPoolExecutor.java:641)
11-19 17:11:34.800 I/WM-WorkerWrapper( 2334): 	at java.lang.Thread.run(Thread.java:923)
11-19 17:11:34.801 V/LigerRadioStatsReporter( 5353): +++++++++++ RADIO STATS DUMP +++++++++++
11-19 17:11:34.801 V/LigerRadioStatsReporter( 5353): totalActiveRadioTimeMs=0
11-19 17:11:34.801 V/LigerRadioStatsReporter( 5353): totalTailRadioTimeMs=13998
11-19 17:11:34.801 V/LigerRadioStatsReporter( 5353): totalWakeupCount=0
11-19 17:11:34.801 V/LigerRadioStatsReporter( 5353): httpUpBytes=0
11-19 17:11:34.801 V/LigerRadioStatsReporter( 5353): httpDownBytes=0
11-19 17:11:34.801 V/LigerRadioStatsReporter( 5353): httpWakeupCount=0
11-19 17:11:34.801 V/LigerRadioStatsReporter( 5353): httpRequestCount=0
11-19 17:11:34.801 V/LigerRadioStatsReporter( 5353): httpActiveRadioTimeMs=0
11-19 17:11:34.801 V/LigerRadioStatsReporter( 5353): httpTailRadioTimeMs=13998
11-19 17:11:34.802 V/LigerRadioStatsReporter( 5353): reportAndCheckpointRadioStats: Tx=0
11-19 17:11:34.804 V/LigerRadioStatsReporter( 5353): reportAndCheckpointRadioStats: Rx=0
11-19 17:11:34.804 V/LigerRadioStatsReporter( 5353): reportAndCheckpointRadioStats: Uids=10068
11-19 17:11:34.805 V/LigerRadioStatsReporter( 5353): reportAndCheckpointRadioStats: Tags=null
11-19 17:11:34.806 V/LigerRadioStatsReporter( 5353): onCapabilitiesChanged: Network capabilities changed
11-19 17:11:34.808 D/NetworkManager( 5353): ConnectivityManager.NetworkCallback#onCapabilitiesChanged()
11-19 17:11:34.808 D/NetworkManager( 5353): connected: true
11-19 17:11:34.871 W/System.err( 2595): INFO: com.whatsapp.net.logging.WtLog.log$REDEX$HQcOuACUrr4(:4) : Start handshake.
11-19 17:11:34.958 D/SettingsSDK::SyncHelper( 2334): Read setting com.facebook.wearable.sdk.selfcare:SELFCARE_SERVICE_ENABLED from persistent cache
11-19 17:11:34.960 D/FacebookRepository( 2334): Reading from Store [906581286488774]
11-19 17:11:34.966 W/System.err( 2595): INFO: com.whatsapp.net.logging.WtLog.log$REDEX$HQcOuACUrr4(:4) : Handshake complete : session_resumed true early_data_sent false early_data_accepted false client_cert_requested false time_ms 94
11-19 17:11:35.009 E/StickerBundleDatabaseWorker( 2334): Failed to fetch sticker bundles:
11-19 17:11:35.009 E/StickerBundleDatabaseWorker( 2334): kotlinx.coroutines.JobCancellationException: Job was cancelled; job=JobImpl{Cancelling}@a56aa35
11-19 17:11:35.009 I/WM-WorkerWrapper( 2334): Work [ id=e130a2b8-40dd-4560-92fb-3ba7a92b1257, tags={ com.facebook.wearable.system.selfcare.sharing.StickerBundleDatabaseWorker } ] was cancelled
11-19 17:11:35.009 I/WM-WorkerWrapper( 2334): java.util.concurrent.CancellationException: Task was cancelled.
11-19 17:11:35.009 I/WM-WorkerWrapper( 2334): 	at androidx.work.impl.utils.futures.AbstractFuture.getDoneValue(:32)
11-19 17:11:35.009 I/WM-WorkerWrapper( 2334): 	at androidx.work.impl.utils.futures.AbstractFuture.get(:268435546)
11-19 17:11:35.009 I/WM-WorkerWrapper( 2334): 	at androidx.work.impl.WorkerWrapper$2.run(:3)
11-19 17:11:35.009 I/WM-WorkerWrapper( 2334): 	at androidx.work.impl.utils.SerialExecutor$Task.run(:2)
11-19 17:11:35.009 I/WM-WorkerWrapper( 2334): 	at java.util.concurrent.ThreadPoolExecutor.runWorker(ThreadPoolExecutor.java:1167)
11-19 17:11:35.009 I/WM-WorkerWrapper( 2334): 	at java.util.concurrent.ThreadPoolExecutor$Worker.run(ThreadPoolExecutor.java:641)
11-19 17:11:35.009 I/WM-WorkerWrapper( 2334): 	at java.lang.Thread.run(Thread.java:923)
11-19 17:11:35.085 D/CompatibilityInfo( 1196): mCompatibilityFlags - 4
11-19 17:11:35.085 D/CompatibilityInfo( 1196): applicationDensity - 320
11-19 17:11:35.085 D/CompatibilityInfo( 1196): applicationScale - 1.0
11-19 17:11:35.169 E/SelfCareDataCloudSyncWorker( 2334): Failed to get access token
11-19 17:11:35.169 E/SelfCareDataCloudSyncWorker( 2334): kotlinx.coroutines.JobCancellationException: Job was cancelled; job=JobImpl{Cancelling}@72a6b58
11-19 17:11:35.169 I/WM-WorkerWrapper( 2334): Work [ id=cf79165d-7ab0-4916-9c30-d911d399386b, tags={ com.facebook.wearable.system.selfcare.cloudsync.SelfCareDataCloudSyncWorker } ] was cancelled
11-19 17:11:35.169 I/WM-WorkerWrapper( 2334): java.util.concurrent.CancellationException: Task was cancelled.
11-19 17:11:35.169 I/WM-WorkerWrapper( 2334): 	at androidx.work.impl.utils.futures.AbstractFuture.getDoneValue(:32)
11-19 17:11:35.169 I/WM-WorkerWrapper( 2334): 	at androidx.work.impl.utils.futures.AbstractFuture.get(:268435546)
11-19 17:11:35.169 I/WM-WorkerWrapper( 2334): 	at androidx.work.impl.WorkerWrapper$2.run(:3)
11-19 17:11:35.169 I/WM-WorkerWrapper( 2334): 	at androidx.work.impl.utils.SerialExecutor$Task.run(:2)
11-19 17:11:35.169 I/WM-WorkerWrapper( 2334): 	at java.util.concurrent.ThreadPoolExecutor.runWorker(ThreadPoolExecutor.java:1167)
11-19 17:11:35.169 I/WM-WorkerWrapper( 2334): 	at java.util.concurrent.ThreadPoolExecutor$Worker.run(ThreadPoolExecutor.java:641)
11-19 17:11:35.169 I/WM-WorkerWrapper( 2334): 	at java.lang.Thread.run(Thread.java:923)
