11-20 00:02:50.479 V/WifiClientModeImpl( 1186): 	at com.android.server.wifi.ClientModeImpl.access$4600(ClientModeImpl.java:176)
11-20 00:02:50.479 V/WifiClientModeImpl( 1186): 	at com.android.server.wifi.ClientModeImpl$ConnectModeState.exit(ClientModeImpl.java:4064)
11-20 00:02:50.479 V/WifiClientModeImpl( 1186): 	at com.android.wifi.x.com.android.internal.util.StateMachine$SmHandler.invokeExitMethods(StateMachine.java:1021)
11-20 00:02:50.479 V/WifiClientModeImpl( 1186): 	at com.android.wifi.x.com.android.internal.util.StateMachine$SmHandler.performTransitions(StateMachine.java:877)
11-20 00:02:50.479 V/WifiClientModeImpl( 1186): 	at com.android.wifi.x.com.android.internal.util.StateMachine$SmHandler.handleMessage(StateMachine.java:819)
11-20 00:02:50.479 V/WifiClientModeImpl( 1186): 	at android.os.Handler.dispatchMessage(Handler.java:106)
11-20 00:02:50.479 V/WifiClientModeImpl( 1186): 	at android.os.Looper.loop(Looper.java:223)
11-20 00:02:50.479 V/WifiClientModeImpl( 1186): 	at android.os.HandlerThread.run(HandlerThread.java:67)
11-20 00:02:50.481 D/DhcpClient( 1186): doQuit
11-20 00:02:50.482 D/ConnectivityService( 1186): [139 WIFI] EVENT_NETWORK_INFO_CHANGED, going from CONNECTED to DISCONNECTED
11-20 00:02:50.482 D/ConnectivityService( 1186): [139 WIFI] disconnected, was satisfying 25
11-20 00:02:50.483 D/WifiConnector( 2870): Network State Changed
11-20 00:02:50.484 D/QCNEJ/WlanStaInfoRelay( 1907): Received action: android.net.wifi.STATE_CHANGE
11-20 00:02:50.485 D/QCNEJ/WlanStaInfoRelay( 1907): reset CountryCodeRetriever
11-20 00:02:50.487 D/WifiDiags( 1186): stopLogging() iface list is {} after removing wlan0
11-20 00:02:50.488 E/QMI_FW  (  915): qmi_cci_get_ref: ref count increased 2
11-20 00:02:50.488 E/WifiVendorHal( 1186): resetLogHandler(l.1558) failed {.code = ERROR_NOT_AVAILABLE, .description = }
11-20 00:02:50.488 W/WifiDiags( 1186): Fail to reset log handler
11-20 00:02:50.491 E/QMI_FW  (  915): qmi_cci_get_ref: ref count increased 2
11-20 00:02:50.498 E/QMI_FW  ( 1042): qmi_cci_get_ref: ref count increased 2
11-20 00:02:50.510 D/WifiMemoryStoreImpl( 1186): Set cluster Ga6eb8feabe7908d4 for W958a1754935a727: SUCCESS
11-20 00:02:50.516 E/QMI_FW  ( 1042): qmi_cci_get_ref: ref count increased 2
11-20 00:02:50.524 E/QMI_FW  ( 1042): qmi_cci_get_ref: ref count increased 2
11-20 00:02:50.531 I/chatty  ( 1042): uid=1001(radio) main identical 6 lines
11-20 00:02:50.531 E/QMI_FW  ( 1042): qmi_cci_get_ref: ref count increased 2
11-20 00:02:50.533 E/QMI_FW  ( 1042): qmi_cci_get_ref: ref count increased 2
11-20 00:02:50.535 E/QMI_FW  ( 1042): qmi_cci_get_ref: ref count increased 2
11-20 00:02:50.539 E/StickerBundleDatabaseWorker( 2334): Failed to fetch sticker bundles:
11-20 00:02:50.539 E/StickerBundleDatabaseWorker( 2334): kotlinx.coroutines.JobCancellationException: Job was cancelled; job=JobImpl{Cancelling}@44a9474
11-20 00:02:50.539 I/WM-WorkerWrapper( 2334): Work [ id=e596069b-4a6f-495d-b19d-a8669de7ea86, tags={ com.facebook.wearable.system.selfcare.sharing.StickerBundleDatabaseWorker } ] was cancelled
11-20 00:02:50.539 I/WM-WorkerWrapper( 2334): java.util.concurrent.CancellationException: Task was cancelled.
11-20 00:02:50.539 I/WM-WorkerWrapper( 2334): 	at androidx.work.impl.utils.futures.AbstractFuture.getDoneValue(:32)
11-20 00:02:50.539 I/WM-WorkerWrapper( 2334): 	at androidx.work.impl.utils.futures.AbstractFuture.get(:268435546)
11-20 00:02:50.539 I/WM-WorkerWrapper( 2334): 	at androidx.work.impl.WorkerWrapper$2.run(:3)
11-20 00:02:50.539 I/WM-WorkerWrapper( 2334): 	at androidx.work.impl.utils.SerialExecutor$Task.run(:2)
11-20 00:02:50.539 I/WM-WorkerWrapper( 2334): 	at java.util.concurrent.ThreadPoolExecutor.runWorker(ThreadPoolExecutor.java:1167)
11-20 00:02:50.539 I/WM-WorkerWrapper( 2334): 	at java.util.concurrent.ThreadPoolExecutor$Worker.run(ThreadPoolExecutor.java:641)
11-20 00:02:50.539 I/WM-WorkerWrapper( 2334): 	at java.lang.Thread.run(Thread.java:923)
11-20 00:02:50.539 E/QMI_FW  ( 1042): qmi_cci_get_ref: ref count increased 2
11-20 00:02:50.547 I/chatty  ( 1042): uid=1001(radio) main identical 4 lines
11-20 00:02:50.552 E/QMI_FW  ( 1042): qmi_cci_get_ref: ref count increased 2
11-20 00:02:50.569 D/QCNEJ/DefaultNetworkInfoRelay( 1907): Default network lost: 139
11-20 00:02:50.567 I/GnssNetworkConnectivityHandler( 1186): Network connection lost. Available networks count: 1
11-20 00:02:50.569 I/GnssNetworkConnectivityHandler( 1186): updateNetworkState, state=CLOSED, connected=false, network=139, capabilities=[ Transports: WIFI Capabilities: NOT_METERED&INTERNET&NOT_RESTRICTED&TRUSTED&NOT_VPN&VALIDATED&NOT_ROAMING&FOREGROUND&NOT_CONGESTED&NOT_SUSPENDED LinkUpBandwidth>=62000Kbps LinkDnBandwidth>=62000Kbps SignalStrength: -31 OwnerUid: 1000 AdministratorUids: [] SSID: "MTBF_Lab" RequestorUid: -1 RequestorPackageName: null], apn: , availableNetworkCount: 1
11-20 00:02:50.570 W/LocSvc_LocIpc(  527): send:66] failed reason: No such file or directory
11-20 00:02:50.573 I/Nat464Xlat( 1186): Android Xlat is disabled
11-20 00:02:50.574 D/DeviceAuthService(13333): Network lost
11-20 00:02:50.575 D/DhcpClient( 1186): DHCP Packet Handler stopped
11-20 00:02:50.575 D/DhcpClient( 1186): onQuitting
11-20 00:02:50.586 D/QCNEJ/NativeHalConnector( 1907): -> SND notifyDefaultNetworkChanged(1)
11-20 00:02:50.587 D/QCNEJ/WlanStaInfoRelay( 1907): network lost: 139
11-20 00:02:50.589 D/QCNEJ/WlanStaInfoRelay( 1907): onLost: unbind the process to WIFI
11-20 00:02:50.596 W/MqttClient( 2620): connection/disconnecting; reason=READ_SOCKET, operation=NETWORK_THREAD_LOOP
11-20 00:02:50.602 W/System.err( 2620): DEBUG: com.whatsapp.net.tls13.WtSocketWrapper.sendAlertAndShutdown(:86) : Sending Alert : type : WARNING description : close_notify(0) exception : 
11-20 00:02:50.618 W/System.err( 2620): ERROR: com.whatsapp.net.logging.WtLog.log$REDEX$HQcOuACUrr4(:4) : Encountered exception. Nothing much can be done here. com.whatsapp.net.alerts.WtAlertException
11-20 00:02:50.621 D/BluetoothAdapterService( 1710): Soft AP is on band: 1
11-20 00:02:50.622 D/BluetoothVendorService( 1710): getPowerBackoff 
11-20 00:02:50.622 D/BluetoothAdapterService( 1710): android.net.wifi.WIFI_STATE_CHANGED
11-20 00:02:50.629 E/WifiNative( 1186): Could not get Iface object for interface null
11-20 00:02:50.632 D/WifiNetworkAgent( 1186): NetworkAgent: NetworkAgent channel lost
11-20 00:02:50.637 D/BluetoothAdapterService( 1710): Soft AP is on band: 1
11-20 00:02:50.638 D/BluetoothVendorService( 1710): getPowerBackoff 
11-20 00:02:50.638 D/BluetoothAdapterService( 1710): android.net.wifi.STATE_CHANGE
11-20 00:02:50.638 D/BluetoothVendorService( 1710): setWifiState to: false
11-20 00:02:50.638 I/BluetoothVendorJni( 1710): setWifiStateNative
11-20 00:02:50.638 I/bt_btif_vendor( 1710): setWifiState :0
11-20 00:02:50.639 W/bt_btm  ( 1710): btm_cb.is_wifi_connected = 0 
11-20 00:02:50.573 I/Nat464Xlat( 1186): Android Xlat is disabled
11-20 00:02:50.639 D/ConnectivityService( 1186): Sending DISCONNECTED broadcast for type 1 [139 WIFI] isDefaultNetwork=true
11-20 00:02:50.640 D/WifiMemoryStoreImpl( 1186): Set cluster Ga6eb8feabe7908d4 for Wa6eb8feabe7908d4: SUCCESS
11-20 00:02:50.642 W/HWComposer(  598): Ignoring duplicate VSYNC event from HWC for display 0 (t=29658367847070)
11-20 00:02:50.650 D/ConnectivityService( 1186): NetReassign [44 : null → 101, 11 : null → 101, 63 : null → 101, 17 : null → 101, 25 : null → 101, 1 : null → 101, 649 : null → 101, 643 : null → 101, 8 : null → 101, 12 : null → 101, 14 : null → 101, 16 : null → 101, 22 : null → 101, 32 : null → 101]
11-20 00:02:50.659 E/NetlinkEvent(  462): NetlinkEvent::FindParam(): Parameter 'INTERFACE' not found
11-20 00:02:50.660 E/NetlinkEvent(  462): NetlinkEvent::FindParam(): Parameter 'STATE' not found
11-20 00:02:50.660 E/NetlinkEvent(  462): NetlinkEvent::FindParam(): Parameter 'TIME_NS' not found
11-20 00:02:50.660 E/NetlinkEvent(  462): NetlinkEvent::FindParam(): Parameter 'UID' not found
11-20 00:02:50.673 D/ConnectivityService( 1186): Switching to new default network: NetworkAgentInfo{ ni{[type: MOBILE[LTE], state: CONNECTED/CONNECTED, reason: (unspecified), extra: enhancedphone, failover: false, available: true, roaming: false]}  network{101}  nethandle{437197393933}  lp{{InterfaceName: rmnet_data2 LinkAddresses: [ 10.55.48.101/30,2600:381:4804:c4b6:8cdc:8f0b:afe1:ec6b/64 ] DnsAddresses: [ /172.26.38.2,/fc00:a:a::400 ] Domains: null MTU: 1430 TcpBufferSizes: 2097152,4194304,8388608,262144,524288,1048576 Routes: [ 0.0.0.0/0 -> 10.55.48.102 rmnet_data2 mtu 1430,::/0 -> fe80::9db2:334d:2872:1e0a rmnet_data2 mtu 1430,10.55.48.100/30 -> 0.0.0.0 rmnet_data2 mtu 0,2600:381:4804:c4b6::/64 -> :: rmnet_data2 mtu 0 ]}}  nc{[ Transports: CELLULAR Capabilities: MMS&SUPL&FOTA&INTERNET&NOT_RESTRICTED&TRUSTED&NOT_VPN&VALIDATED&NOT_ROAMING&NOT_CONGESTED&NOT_SUSPENDED LinkUpBandwidth>=15000Kbps LinkDnBandwidth>=30000Kbps Specifier: <TelephonyNetworkSpecifier [mSubId = 1]> AdministratorUids: [] RequestorUid: -1 RequestorPackageName: null]}  Score{50}  everValidated{true}  lastValidated{true}  created{true} lingering{false} explicitlySelected{false} acceptUnvalidated{false} everCaptivePortalDetected{false} lastCaptivePortalDetected{false} partialConnectivity{false} acceptPartialConnectivity{false} clat{mBaseIface: null, mIface: null, mState: IDLE} }
11-20 00:02:50.765 E/WifiNative( 1186): Could not get Iface object for interface null
11-20 00:02:50.769 D/NetworkTimeUpdateService( 1186): New default network 101; checking time.
11-20 00:02:50.781 V/LigerRadioStatsReporter( 2357): onCapabilitiesChanged: Network capabilities changed
11-20 00:02:50.781 V/LigerRadioStatsReporter( 2357): reportAndCheckpointRadioStats
11-20 00:02:50.782 V/LigerRadioStatsReporter( 2357): +++++++++++ RADIO STATS DUMP +++++++++++
11-20 00:02:50.782 V/LigerRadioStatsReporter( 2357): totalActiveRadioTimeMs=0
11-20 00:02:50.782 V/LigerRadioStatsReporter( 2357): totalTailRadioTimeMs=13995
11-20 00:02:50.782 V/LigerRadioStatsReporter( 2357): totalWakeupCount=0
11-20 00:02:50.782 V/LigerRadioStatsReporter( 2357): httpUpBytes=0
11-20 00:02:50.782 V/LigerRadioStatsReporter( 2357): httpDownBytes=0
11-20 00:02:50.783 V/LigerRadioStatsReporter( 2357): httpWakeupCount=0
11-20 00:02:50.783 V/LigerRadioStatsReporter( 2357): httpRequestCount=0
11-20 00:02:50.783 V/LigerRadioStatsReporter( 2357): httpActiveRadioTimeMs=0
11-20 00:02:50.783 V/LigerRadioStatsReporter( 2357): httpTailRadioTimeMs=13995
11-20 00:02:50.783 V/LigerRadioStatsReporter( 2357): reportAndCheckpointRadioStats: Tx=0
11-20 00:02:50.784 V/LigerRadioStatsReporter( 2357): reportAndCheckpointRadioStats: Rx=0
11-20 00:02:50.784 V/LigerRadioStatsReporter( 2357): reportAndCheckpointRadioStats: Uids=10027
11-20 00:02:50.784 V/LigerRadioStatsReporter( 2357): reportAndCheckpointRadioStats: Tags=null
11-20 00:02:50.786 D/CompatibilityInfo( 1186): mCompatibilityFlags - 4
11-20 00:02:50.786 D/CompatibilityInfo( 1186): applicationDensity - 320
11-20 00:02:50.786 D/CompatibilityInfo( 1186): applicationScale - 1.0
11-20 00:02:50.805 D/DeviceAuthService(13333): Network connected
11-20 00:02:50.805 D/DeviceAuthService(13333): fetchAuthTokenWrapper called
11-20 00:02:50.805 D/QCNEJ/DefaultNetworkInfoRelay( 1907): Default network available: 101
11-20 00:02:50.806 D/QCNEJ/NativeHalConnector( 1907): -> SND notifyDefaultNetworkChanged(0)
11-20 00:02:50.807 E/QMI_FW  (  915): qmi_cci_get_ref: ref count increased 2
11-20 00:02:50.822 D/ConnectivityService( 1186): Sending CONNECTED broadcast for type 0 [101 CELLULAR] isDefaultNetwork=true
11-20 00:02:50.811 E/QMI_FW  (  915): qmi_cci_get_ref: ref count increased 2
11-20 00:02:50.823 V/LigerRadioStatsReporter( 2357): onCapabilitiesChanged: Network capabilities changed
11-20 00:02:50.822 D/QCNEJ/WwanInfoRelay( 1907): onCapabilitiesChanged: 101 [ Transports: CELLULAR Capabilities: MMS&SUPL&FOTA&INTERNET&NOT_RESTRICTED&TRUSTED&NOT_VPN&VALIDATED&NOT_ROAMING&FOREGROUND&NOT_CONGESTED&NOT_SUSPENDED LinkUpBandwidth>=15000Kbps LinkDnBandwidth>=30000Kbps Specifier: <TelephonyNetworkSpecifier [mSubId = 1]> AdministratorUids: [] RequestorUid: -1 RequestorPackageName: null]
11-20 00:02:50.833 D/DeviceAuthService(13333): isOculusAddressResolvable returned true
11-20 00:02:50.833 D/DeviceAuthenticator(13333): Fetching new credentials asynchronously
11-20 00:02:50.838 I/QCNEJ/WwanInfoRelay( 1907): cacheWwanInfo subId = 1 phoneId = 0 slotId = 0
11-20 00:02:50.838 D/DeviceAuthenticator(13333): Calling DeviceAuth.authenticate()
11-20 00:02:50.853 E/DeviceCertService(  545): This device *might* have a provisioning issue. Please run `maui provision check` to verify.
11-20 00:02:50.853 E/DeviceCertService(  545): See https://fburl.com/wiki/a9hho0p9 for more information.
11-20 00:02:50.853 E/DeviceCertService(  545): Could not access certificate file '/mnt/vendor/persist/certificates/device_identityinsecure.crt', error 2: No such file or directory
11-20 00:02:50.854 E/DeviceAuthenticator(13333): ERROR: java.lang.RuntimeException: devicecert returned error FILESYSTEM_ERROR
11-20 00:02:50.854 E/DeviceAuthenticator(13333): 
11-20 00:02:50.854 E/DeviceAuthenticator(13333): com.facebook.mos.sdk.devicecert.DeviceIdentityException: java.lang.RuntimeException: devicecert returned error FILESYSTEM_ERROR
11-20 00:02:50.854 E/DeviceAuthenticator(13333): 
11-20 00:02:50.891 I/system_server( 1186): Background young concurrent copying GC freed 511869(21MB) AllocSpace objects, 71(2492KB) LOS objects, 43% free, 30MB/53MB, paused 1.411ms total 339.947ms
11-20 00:02:51.002 E/SelfCareDataCloudSyncWorker( 2334): Failed to get access token
11-20 00:02:51.002 E/SelfCareDataCloudSyncWorker( 2334): kotlinx.coroutines.JobCancellationException: Job was cancelled; job=JobImpl{Cancelling}@a47e53f
11-20 00:02:51.002 I/WM-WorkerWrapper( 2334): Work [ id=57f248e9-27c9-4baa-bcea-f98e3ece0d1a, tags={ com.facebook.wearable.system.selfcare.cloudsync.SelfCareDataCloudSyncWorker } ] was cancelled
11-20 00:02:51.002 I/WM-WorkerWrapper( 2334): java.util.concurrent.CancellationException: Task was cancelled.
11-20 00:02:51.002 I/WM-WorkerWrapper( 2334): 	at androidx.work.impl.utils.futures.AbstractFuture.getDoneValue(:32)
11-20 00:02:51.002 I/WM-WorkerWrapper( 2334): 	at androidx.work.impl.utils.futures.AbstractFuture.get(:268435546)
11-20 00:02:51.002 I/WM-WorkerWrapper( 2334): 	at androidx.work.impl.WorkerWrapper$2.run(:3)
11-20 00:02:51.002 I/WM-WorkerWrapper( 2334): 	at androidx.work.impl.utils.SerialExecutor$Task.run(:2)
11-20 00:02:51.002 I/WM-WorkerWrapper( 2334): 	at java.util.concurrent.ThreadPoolExecutor.runWorker(ThreadPoolExecutor.java:1167)
11-20 00:02:51.002 I/WM-WorkerWrapper( 2334): 	at java.util.concurrent.ThreadPoolExecutor$Worker.run(ThreadPoolExecutor.java:641)
11-20 00:02:51.002 I/WM-WorkerWrapper( 2334): 	at java.lang.Thread.run(Thread.java:923)
11-20 00:02:51.072 D/CompatibilityInfo( 1186): mCompatibilityFlags - 4
11-20 00:02:51.072 D/CompatibilityInfo( 1186): applicationDensity - 320
11-20 00:02:51.072 D/CompatibilityInfo( 1186): applicationScale - 1.0
11-20 00:02:51.111 E/StickerBundleDatabaseWorker( 2334): Failed to fetch sticker bundles:
11-20 00:02:51.111 E/StickerBundleDatabaseWorker( 2334): kotlinx.coroutines.JobCancellationException: Job was cancelled; job=JobImpl{Cancelling}@197fd1
11-20 00:02:51.111 I/WM-WorkerWrapper( 2334): Work [ id=e596069b-4a6f-495d-b19d-a8669de7ea86, tags={ com.facebook.wearable.system.selfcare.sharing.StickerBundleDatabaseWorker } ] was cancelled
11-20 00:02:51.111 I/WM-WorkerWrapper( 2334): java.util.concurrent.CancellationException: Task was cancelled.
11-20 00:02:51.111 I/WM-WorkerWrapper( 2334): 	at androidx.work.impl.utils.futures.AbstractFuture.getDoneValue(:32)
11-20 00:02:51.111 I/WM-WorkerWrapper( 2334): 	at androidx.work.impl.utils.futures.AbstractFuture.get(:268435546)
11-20 00:02:51.111 I/WM-WorkerWrapper( 2334): 	at androidx.work.impl.WorkerWrapper$2.run(:3)
11-20 00:02:51.111 I/WM-WorkerWrapper( 2334): 	at androidx.work.impl.utils.SerialExecutor$Task.run(:2)
11-20 00:02:51.111 I/WM-WorkerWrapper( 2334): 	at java.util.concurrent.ThreadPoolExecutor.runWorker(ThreadPoolExecutor.java:1167)
11-20 00:02:51.111 I/WM-WorkerWrapper( 2334): 	at java.util.concurrent.ThreadPoolExecutor$Worker.run(ThreadPoolExecutor.java:641)
11-20 00:02:51.111 I/WM-WorkerWrapper( 2334): 	at java.lang.Thread.run(Thread.java:923)
11-20 00:02:51.209 D/SettingsSDK::SyncHelper( 2334): Read setting com.facebook.wearable.sdk.selfcare:SELFCARE_SERVICE_ENABLED from persistent cache
11-20 00:02:51.209 D/FacebookRepository( 2334): Reading from Store [906581286488774]
