11-21 00:30:00.327 D/LOWI-9.0.0.80( 1026): [LOWIController] Measurements received
11-21 00:30:00.327 D/LOWI-9.0.0.80( 1026): [LOWICacheManager] putInCache:Num of Meas to add: 22
11-21 00:30:00.328 D/LOWI-9.0.0.80( 1026): [LOWIController] processMeasurementResults: No current Request. Cache measurements
11-21 00:30:00.328 D/LOWI-9.0.0.80( 1026): [LOWIControllerExtn] sendLOWILpDiscoveryScanResponse: Not a discovery scan response
11-21 00:30:00.380 D/WifiSharingService( 2870): Sending scanResults intent with status code 0: PendingIntent{e6c672e: android.os.BinderProxy@3567ffb}
11-21 00:30:00.387 D/CompatibilityInfo( 1186): mCompatibilityFlags - 4
11-21 00:30:00.387 D/CompatibilityInfo( 1186): applicationDensity - 320
11-21 00:30:00.387 D/CompatibilityInfo( 1186): applicationScale - 1.0
11-21 00:30:02.289 W/HWComposer(  598): Ignoring duplicate VSYNC event from HWC for display 0 (t=117690014594686)
11-21 00:30:02.306 W/HWComposer(  598): Ignoring duplicate VSYNC event from HWC for display 0 (t=117690031445780)
11-21 00:30:02.715 D/UIAutomatorStub( 6483): URI: /jsonrpc/0, Method: POST, Header: {content-length=229, remote-addr=127.0.0.1, http-client-ip=127.0.0.1, host=localhost:9012, content-type=application/json, accept-encoding=identity}, params, {NanoHttpd.QUERY_STRING=null}, files: {postData={"jsonrpc": "2.0", "method": "objInfo", "id": "044f57df17974bbaa54db23ead9f8990", "params": [{"mask": 2097152, "childOrSibling": [], "childOrSiblingSelector": [], "resourceId": "com.facebook.wearable.system.settings:id/toggle"}]}}
11-21 00:30:02.802 D/UIAutomatorStub( 6483): URI: /jsonrpc/0, Method: POST, Header: {content-length=227, remote-addr=127.0.0.1, http-client-ip=127.0.0.1, host=localhost:9012, content-type=application/json, accept-encoding=identity}, params, {NanoHttpd.QUERY_STRING=null}, files: {postData={"jsonrpc": "2.0", "method": "click", "id": "bf3f382cc062b94e3ffe72bb6574bdf2", "params": [{"mask": 2097152, "childOrSibling": [], "childOrSiblingSelector": [], "resourceId": "com.facebook.wearable.system.settings:id/toggle"}]}}
11-21 00:30:02.861 D/WifiSharingService( 2870): Setting Wi-Fi enabled state
11-21 00:30:02.862 I/WifiService( 1186): setWifiEnabled package=com.facebook.wearable.system.connectivity uid=1000 enable=false
11-21 00:30:02.871 D/QCNEJ/WlanStaInfoRelay( 1907): onChange for uri = content://settings/global/wifi_on
11-21 00:30:02.871 D/WifiActiveModeWarden( 1186): Switching all client mode managers
11-21 00:30:02.876 E/QMI_FW  (  915): qmi_cci_get_ref: ref count increased 2
11-21 00:30:02.877 D/BluetoothAdapterService( 1710): android.net.wifi.WIFI_STATE_CHANGED
11-21 00:30:02.879 D/WifiP2pService( 1186): Wifi enabled=false, P2P Interface availability=true
11-21 00:30:02.880 D/WifiP2pService( 1186): Wifi enabled=false, P2P Interface availability=true
11-21 00:30:02.880 D/WifiP2pNative( 1186): Teardown P2P interface
11-21 00:30:02.894 D/WifiClientModeManager0( 1186): IMS not registered over IWLAN for subId: 1
11-21 00:30:02.894 D/WifiClientModeManager0( 1186): The target role 5
11-21 00:30:02.909 W/ContextImpl( 1186): Calling a method in the system process without a qualified user: android.app.ContextImpl.sendBroadcastMultiplePermissions:1143 android.content.Context.sendBroadcastWithMultiplePermissions:2150 com.android.server.display.WifiDisplayAdapter.handleSendStatusChangeBroadcast:440 com.android.server.display.WifiDisplayAdapter.access$1700:63 com.android.server.display.WifiDisplayAdapter$WifiDisplayHandler.handleMessage:675 
11-21 00:30:02.912 I/android_os_HwBinder( 1186): HwBinder: Starting thread pool for getting: android.hardware.wifi.supplicant@1.0::ISupplicant/default
11-21 00:30:02.916 I/wpa_supplicant( 8761): p2p0: Do not deauthenticate as part of interface deinit since WoWLAN is enabled
11-21 00:30:02.954 E/wpa_supplicant( 8761): eap_proxy: pthread_join on eap_proxy=0xae7ffa8
11-21 00:30:02.954 E/wpa_supplicant( 8761): eap_proxy: session not started for client = 1
11-21 00:30:02.955 E/QMI_FW  ( 8761): qmi_cci_get_ref: ref count increased 2
11-21 00:30:02.955 E/QMI_FW  ( 8761): qmi_cci_get_ref: ref count increased 2
11-21 00:30:02.955 E/wpa_supplicant( 8761): eap_proxy: Released QMI UIM service client
11-21 00:30:02.955 E/QMI_FW  ( 8761): qmi_cci_get_ref: ref count increased 2
11-21 00:30:02.955 E/QMI_FW  ( 8761): qmi_cci_get_ref: ref count increased 2
11-21 00:30:02.956 E/wpa_supplicant( 8761): eap_proxy: Released QMI EAP service client
11-21 00:30:02.956 E/wpa_supplicant( 8761): eap_proxy: session not started for client = 2
11-21 00:30:02.956 E/QMI_FW  ( 8761): qmi_cci_get_ref: ref count increased 2
11-21 00:30:02.956 E/QMI_FW  ( 8761): qmi_cci_get_ref: ref count increased 2
11-21 00:30:02.958 E/wpa_supplicant( 8761): eap_proxy: Released QMI UIM service client
11-21 00:30:02.958 E/QMI_FW  ( 8761): qmi_cci_get_ref: ref count increased 2
11-21 00:30:02.958 E/QMI_FW  ( 8761): qmi_cci_get_ref: ref count increased 2
11-21 00:30:02.959 E/wpa_supplicant( 8761): eap_proxy: Released QMI EAP service client
11-21 00:30:02.959 I/wpa_supplicant( 8761): eap_proxy: eap_proxy Deinitialzed
11-21 00:30:02.987 I/wpa_supplicant( 8761): nl80211: deinit ifname=p2p0 disabled_11b_rates=0
11-21 00:30:03.024 D/LOWI-9.0.0.80( 1026): [LOWINetlinkSocketReceiver] unpackRTMLinkMessage: RTM_NEWLINK - ifname p2p0, flags 0x1003 ([UP])
11-21 00:30:03.073 D/LOWI-9.0.0.80( 1026): [LOWINetlinkSocketReceiver] unpackRTMLinkMessage: RTM_NEWLINK - ifname p2p0, flags 0x1002 ()
11-21 00:30:03.087 D/LOWI-9.0.0.80( 1026): [LOWINetlinkSocketReceiver] unpackRTMLinkMessage: RTM_NEWLINK - ifname p2p0, flags 0x1002 ()
11-21 00:30:03.097 I/wpa_supplicant( 8761): Try to unregister vendor p2 interface
11-21 00:30:03.105 I/WifiP2pNative( 1186): P2P interface teardown completed
11-21 00:30:03.105 D/WifiP2pNative( 1186): P2P InterfaceDestroyedListener p2p0
11-21 00:30:03.106 D/WifiP2pNative( 1186): Ignoring stale interface destroyed listener
11-21 00:30:03.106 D/WifiP2pNative( 1186): P2P InterfaceAvailableListener true
11-21 00:30:03.106 D/WifiP2pService( 1186): Wifi enabled=false, P2P Interface availability=true
11-21 00:30:03.108 I/wpa_supplicant( 8761): wlan0: Do not deauthenticate as part of interface deinit since WoWLAN is enabled
11-21 00:30:03.154 I/wpa_supplicant( 8761): Try to unregister vendor STA network
11-21 00:30:03.155 E/wpa_supplicant( 8761): eap_proxy: pthread_join on eap_proxy=0xae7feac
11-21 00:30:03.155 E/wpa_supplicant( 8761): eap_proxy: session not started for client = 1
11-21 00:30:03.155 E/QMI_FW  ( 8761): qmi_cci_get_ref: ref count increased 2
11-21 00:30:03.155 E/QMI_FW  ( 8761): qmi_cci_get_ref: ref count increased 2
11-21 00:30:03.155 E/wpa_supplicant( 8761): eap_proxy: Released QMI UIM service client
11-21 00:30:03.155 E/QMI_FW  ( 8761): qmi_cci_get_ref: ref count increased 2
11-21 00:30:03.155 E/QMI_FW  ( 8761): qmi_cci_get_ref: ref count increased 2
11-21 00:30:03.156 E/wpa_supplicant( 8761): eap_proxy: Released QMI EAP service client
11-21 00:30:03.156 E/wpa_supplicant( 8761): eap_proxy: session not started for client = 2
11-21 00:30:03.156 E/QMI_FW  ( 8761): qmi_cci_get_ref: ref count increased 2
11-21 00:30:03.156 E/QMI_FW  ( 8761): qmi_cci_get_ref: ref count increased 2
11-21 00:30:03.156 E/wpa_supplicant( 8761): eap_proxy: Released QMI UIM service client
11-21 00:30:03.156 E/QMI_FW  ( 8761): qmi_cci_get_ref: ref count increased 2
11-21 00:30:03.156 E/QMI_FW  ( 8761): qmi_cci_get_ref: ref count increased 2
11-21 00:30:03.159 E/wpa_supplicant( 8761): eap_proxy: Released QMI EAP service client
11-21 00:30:03.159 I/wpa_supplicant( 8761): eap_proxy: eap_proxy Deinitialzed
11-21 00:30:03.206 I/wpa_supplicant( 8761): nl80211: deinit ifname=wlan0 disabled_11b_rates=0
11-21 00:30:03.255 D/LOWI-9.0.0.80( 1026): [LOWINetlinkSocketReceiver] unpackRTMLinkMessage: RTM_NEWLINK - ifname wlan0, flags 0x11043 ([UP][RUNNING])
11-21 00:30:03.255 D/LOWI-9.0.0.80( 1026): [LOWINetlinkSocketReceiver] processNetlinkPacket: ifname(wlan0) status(2)
11-21 00:30:03.255 D/LOWI-9.0.0.80( 1026): [LOWIController] intfStateReceived: ifname(wlan0) state(2)
11-21 00:30:03.255 D/LOWI-9.0.0.80( 1026): [LOWIEventReceiver] handleEvent:FROM:NA, TO:NA, REQ:NA, IREQ:NA, REQ_ID:0, RESP:NA, INFO:INTF-STATUS-UPDATE
11-21 00:30:03.255 D/LOWI-9.0.0.80( 1026): [LOWIEventReceiver] Info to [INTF-STATUS-UPDATE]
11-21 00:30:03.255 D/LOWI-9.0.0.80( 1026): [LOWIController] updateIntfState: WIFI enabled 2 mNlWifiStatus 2 mWifiStateEnabled 1
11-21 00:30:03.255 D/LOWI-9.0.0.80( 1026): [LOWIController] isWifiEnabled: mNlWifiStatus 2 mWifiStateEnabled 1
11-21 00:30:03.258 I/wpa_supplicant( 8761): Try to unregister vendor interface
11-21 00:30:03.260 I/SupplicantStaIfaceHal( 1186): Terminating supplicant using HIDL
11-21 00:30:03.262 I/android_os_HwBinder( 1186): HwBinder: Starting thread pool for getting: android.hardware.wifi.supplicant@1.0::ISupplicant/default
11-21 00:30:03.267 I/wpa_supplicant( 8761): Terminating...
11-21 00:30:03.270 D/LOWI-9.0.0.80( 1026): [LOWINetlinkSocketReceiver] unpackRTMLinkMessage: RTM_NEWLINK - ifname wlan0, flags 0x1003 ([UP])
11-21 00:30:03.270 D/LOWI-9.0.0.80( 1026): [LOWINetlinkSocketReceiver] processNetlinkPacket: ifname(wlan0) status(1)
11-21 00:30:03.270 D/LOWI-9.0.0.80( 1026): [LOWIController] intfStateReceived: ifname(wlan0) state(1)
11-21 00:30:03.270 D/LOWI-9.0.0.80( 1026): [LOWIEventReceiver] handleEvent:FROM:NA, TO:NA, REQ:NA, IREQ:NA, REQ_ID:0, RESP:NA, INFO:INTF-STATUS-UPDATE
11-21 00:30:03.270 D/LOWI-9.0.0.80( 1026): [LOWIEventReceiver] Info to [INTF-STATUS-UPDATE]
11-21 00:30:03.270 D/LOWI-9.0.0.80( 1026): [LOWIController] updateIntfState: WIFI enabled 1 mNlWifiStatus 2 mWifiStateEnabled 1
11-21 00:30:03.270 D/LOWI-9.0.0.80( 1026): [LOWIController] isWifiEnabled: mNlWifiStatus 1 mWifiStateEnabled 1
11-21 00:30:03.316 W/SupplicantStaIfaceHal( 1186): Timed out waiting for confirmation of supplicant death
11-21 00:30:03.317 E/SupplicantStaIfaceHal( 1186): Can't call getKeyMgmtCapabilities_1_3, ISupplicantStaIface is null
11-21 00:30:03.317 D/LOWI-9.0.0.80( 1026): [LOWINetlinkSocketReceiver] unpackRTMLinkMessage: RTM_NEWLINK - ifname wlan0, flags 0x1003 ([UP])
11-21 00:30:03.317 D/LOWI-9.0.0.80( 1026): [LOWINetlinkSocketReceiver] processNetlinkPacket: ifname(wlan0) status(1)
11-21 00:30:03.317 D/LOWI-9.0.0.80( 1026): [LOWIController] intfStateReceived: ifname(wlan0) state(1)
11-21 00:30:03.318 D/LOWI-9.0.0.80( 1026): [LOWIEventReceiver] handleEvent:FROM:NA, TO:NA, REQ:NA, IREQ:NA, REQ_ID:0, RESP:NA, INFO:INTF-STATUS-UPDATE
11-21 00:30:03.318 D/LOWI-9.0.0.80( 1026): [LOWIEventReceiver] Info to [INTF-STATUS-UPDATE]
11-21 00:30:03.318 D/LOWI-9.0.0.80( 1026): [LOWIController] updateIntfState: WIFI enabled 1 mNlWifiStatus 1 mWifiStateEnabled 1
11-21 00:30:03.318 D/LOWI-9.0.0.80( 1026): [LOWIController] isWifiEnabled: mNlWifiStatus 1 mWifiStateEnabled 1
11-21 00:30:03.319 V/WifiHAL (  544): event received NL80211_CMD_DISCONNECT
11-21 00:30:03.319 V/WifiHAL (  544): WifiVendorCommand 0xaadf1b98 created vendor_id:0x1374 subcmd:38
11-21 00:30:03.320 V/WifiHAL (  544): Got a Wi-Fi HAL module message from Driver
11-21 00:30:03.321 V/WifiHAL (  544): Supported feature set : 19d3d
11-21 00:30:03.321 V/WifiHAL (  544): Supported feature set acquired : 19d3d
11-21 00:30:03.321 V/WifiHAL (  544): WifiVendorCommand 0x986892d0 created vendor_id:0x1374 subcmd:76
11-21 00:30:03.321 V/WifiHAL (  544): create: mVendor_id = 4980, Subcmd = 76.
11-21 00:30:03.322 V/WifiHAL (  544): WifiVendorCommand 0xaadf1cc8 created vendor_id:0x1374 subcmd:38
11-21 00:30:03.323 V/WifiHAL (  544): Got a Wi-Fi HAL module message from Driver
11-21 00:30:03.323 V/WifiHAL (  544): Supported feature set : 19d3d
11-21 00:30:03.324 V/WifiHAL (  544): Supported feature set acquired : 19d3d
11-21 00:30:03.324 V/WifiHAL (  544): WifiVendorCommand 0x986892d0 created vendor_id:0x1374 subcmd:76
11-21 00:30:03.324 V/WifiHAL (  544): create: mVendor_id = 4980, Subcmd = 76.
11-21 00:30:03.324 W/SupplicantP2pIfaceHal( 1186): ISupplicant/ISupplicantP2pIface died: cookie=0
11-21 00:30:03.325 W/SupplicantP2pIfaceHal( 1186): ISupplicantVendor/ISupplicantVendorP2PIface died: cookie=0
11-21 00:30:03.325 W/SupplicantStaIfaceHal( 1186): ISupplicantVendor/ISupplicantVendorStaIface died: cookie=0
11-21 00:30:03.325 W/SupplicantP2pIfaceHal( 1186): ISupplicant/ISupplicantP2pIface died: cookie=0
11-21 00:30:03.325 W/SupplicantP2pIfaceHal( 1186): ISupplicantVendor/ISupplicantVendorP2PIface died: cookie=0
11-21 00:30:03.325 W/SupplicantStaIfaceHal( 1186): ISupplicantVendor/ISupplicantVendorStaIface died: cookie=0
11-21 00:30:03.325 D/SupplicantStaIfaceHal( 1186): ISupplicant died: cookie=-4066111420044534538
11-21 00:30:03.331 E/SupplicantStaIfaceHal( 1186): Can't call getWpaDriverFeatureSet, ISupplicantStaIface is null
11-21 00:30:03.331 I/WifiNative( 1186): Successfully switched to scan mode on iface=Iface:{Name=wlan0,Id=0,Type=STA_SCAN}
11-21 00:30:03.332 W/SupplicantStaIfaceHal( 1186): ISupplicant died: cookie=142
11-21 00:30:03.333 D/BluetoothAdapterService( 1710): Soft AP is on band: 1
11-21 00:30:03.333 D/WifiClientModeManager0( 1186): entering ScanOnlyModeState
11-21 00:30:03.333 D/WifiScanRequestProxy( 1186): Sending scan available broadcast: true
11-21 00:30:03.334 D/BluetoothVendorService( 1710): getPowerBackoff 
11-21 00:30:03.334 D/BluetoothVendorService( 1710): setPowerBackoff to: false
11-21 00:30:03.334 I/BluetoothVendorJni( 1710): setPowerBackoffNative
11-21 00:30:03.334 I/bt_btif_vendor( 1710): setPowerBackOffState :0 
11-21 00:30:03.334 D/BluetoothAdapterService( 1710): android.net.wifi.WIFI_STATE_CHANGED
11-21 00:30:03.334 W/bt_btif ( 1710): bta_dm_power_back_off: power_back_off feature not supported
11-21 00:30:03.335 D/WifiP2pService( 1186): Wifi enabled=false, P2P Interface availability=true
11-21 00:30:03.335 I/WifiScanningService( 1186): Received a request to enable scanning, UID = 1000
11-21 00:30:03.336 I/WifiScanRequestProxy( 1186): Scanning is enabled
11-21 00:30:03.336 I/WifiScanRequestProxy( 1186): Scanning for hidden networks is disabled
11-21 00:30:03.336 D/WakeupController( 1186): start()
11-21 00:30:03.337 I/WifiScanningService( 1186): scanner impls already exists
11-21 00:30:03.337 E/WifiScanningService( 1186): wifi driver loaded received while already loaded
11-21 00:30:03.337 D/WakeupController( 1186): Setting active to true
11-21 00:30:03.350 D/WakeupLock( 1186): Lock set. Number of networks: 1
11-21 00:30:03.352 D/WifiClientModeImpl( 1186): ClientModeImpl: Leaving Connected state
11-21 00:30:03.354 D/WifiCountryCode( 1186): updateCountryCode to US
11-21 00:30:03.356 E/SupplicantStaIfaceHal( 1186): Can't call setCountryCode, ISupplicantStaIface is null
11-21 00:30:03.356 D/WifiCountryCode( 1186): Failed to set country code to: US
11-21 00:30:03.367 E/SupplicantStaIfaceHal( 1186): Can't call listNetworks, ISupplicantStaIface is null
11-21 00:30:03.367 E/SupplicantStaIfaceHal( 1186): removeAllNetworks failed, got null networks
11-21 00:30:03.367 E/WifiClientModeImpl( 1186): Failed to remove networks on exiting connect mode
11-21 00:30:03.372 E/WakeupController( 1186): Unexpected setLastDisconnectInfo when WakeupController is active!
11-21 00:30:03.374 E/WifiVendorHal( 1186): stopRssiMonitoring(l.2106) failed {.code = ERROR_NOT_AVAILABLE, .description = }
11-21 00:30:03.374 E/SupplicantStaIfaceHal( 1186): Can't call setPowerSave, ISupplicantStaIface is null
11-21 00:30:03.374 E/SupplicantStaIfaceHal( 1186): Can't call setBtCoexistenceMode, ISupplicantStaIface is null
11-21 00:30:03.375 V/WifiClientModeImpl( 1186): stopIpClient IpClientWithPreConnection: false
11-21 00:30:03.375 V/WifiClientModeImpl( 1186): java.lang.Throwable
11-21 00:30:03.375 V/WifiClientModeImpl( 1186): 	at com.android.server.wifi.ClientModeImpl.stopIpClient(ClientModeImpl.java:1127)
11-21 00:30:03.375 V/WifiClientModeImpl( 1186): 	at com.android.server.wifi.ClientModeImpl.stopDhcpSetup(ClientModeImpl.java:1153)
11-21 00:30:03.375 V/WifiClientModeImpl( 1186): 	at com.android.server.wifi.ClientModeImpl.handleNetworkDisconnect(ClientModeImpl.java:2945)
11-21 00:30:03.375 V/WifiClientModeImpl( 1186): 	at com.android.server.wifi.ClientModeImpl.stopClientMode(ClientModeImpl.java:3889)
11-21 00:30:03.375 V/WifiClientModeImpl( 1186): 	at com.android.server.wifi.ClientModeImpl.access$4600(ClientModeImpl.java:176)
11-21 00:30:03.375 V/WifiClientModeImpl( 1186): 	at com.android.server.wifi.ClientModeImpl$ConnectModeState.exit(ClientModeImpl.java:4064)
11-21 00:30:03.375 V/WifiClientModeImpl( 1186): 	at com.android.wifi.x.com.android.internal.util.StateMachine$SmHandler.invokeExitMethods(StateMachine.java:1021)
11-21 00:30:03.375 V/WifiClientModeImpl( 1186): 	at com.android.wifi.x.com.android.internal.util.StateMachine$SmHandler.performTransitions(StateMachine.java:877)
11-21 00:30:03.375 V/WifiClientModeImpl( 1186): 	at com.android.wifi.x.com.android.internal.util.StateMachine$SmHandler.handleMessage(StateMachine.java:819)
11-21 00:30:03.375 V/WifiClientModeImpl( 1186): 	at android.os.Handler.dispatchMessage(Handler.java:106)
11-21 00:30:03.375 V/WifiClientModeImpl( 1186): 	at android.os.Looper.loop(Looper.java:223)
11-21 00:30:03.375 V/WifiClientModeImpl( 1186): 	at android.os.HandlerThread.run(HandlerThread.java:67)
11-21 00:30:03.376 D/DhcpClient( 1186): doQuit
11-21 00:30:03.379 D/ConnectivityService( 1186): [166 WIFI] EVENT_NETWORK_INFO_CHANGED, going from CONNECTED to DISCONNECTED
11-21 00:30:03.379 D/ConnectivityService( 1186): [166 WIFI] disconnected, was satisfying 26
11-21 00:30:03.379 D/QCNEJ/WlanStaInfoRelay( 1907): Received action: android.net.wifi.STATE_CHANGE
11-21 00:30:03.379 D/QCNEJ/WlanStaInfoRelay( 1907): reset CountryCodeRetriever
11-21 00:30:03.380 D/WifiConnector( 2870): Network State Changed
11-21 00:30:03.383 E/QMI_FW  (  915): qmi_cci_get_ref: ref count increased 2
11-21 00:30:03.385 E/QMI_FW  (  915): qmi_cci_get_ref: ref count increased 2
11-21 00:30:03.387 D/WifiDiags( 1186): stopLogging() iface list is {} after removing wlan0
11-21 00:30:03.389 E/WifiVendorHal( 1186): resetLogHandler(l.1558) failed {.code = ERROR_NOT_AVAILABLE, .description = }
11-21 00:30:03.389 W/WifiDiags( 1186): Fail to reset log handler
11-21 00:30:03.392 E/QMI_FW  ( 1042): qmi_cci_get_ref: ref count increased 2
11-21 00:30:03.395 D/WifiMemoryStoreImpl( 1186): Set cluster Ga6eb8feabe7908d4 for W958a1754935a727: SUCCESS
11-21 00:30:03.409 E/QMI_FW  ( 1042): qmi_cci_get_ref: ref count increased 2
11-21 00:30:03.416 E/QMI_FW  ( 1042): qmi_cci_get_ref: ref count increased 2
11-21 00:30:03.428 I/chatty  ( 1042): uid=1001(radio) main identical 6 lines
11-21 00:30:03.430 E/QMI_FW  ( 1042): qmi_cci_get_ref: ref count increased 2
11-21 00:30:03.432 E/QMI_FW  ( 1042): qmi_cci_get_ref: ref count increased 2
11-21 00:30:03.450 I/chatty  ( 1042): uid=1001(radio) main identical 5 lines
11-21 00:30:03.455 E/QMI_FW  ( 1042): qmi_cci_get_ref: ref count increased 2
11-21 00:30:03.457 I/GnssNetworkConnectivityHandler( 1186): Network connection lost. Available networks count: 1
11-21 00:30:03.457 I/GnssNetworkConnectivityHandler( 1186): updateNetworkState, state=CLOSED, connected=false, network=166, capabilities=[ Transports: WIFI Capabilities: NOT_METERED&INTERNET&NOT_RESTRICTED&TRUSTED&NOT_VPN&VALIDATED&NOT_ROAMING&FOREGROUND&NOT_CONGESTED&NOT_SUSPENDED LinkUpBandwidth>=60000Kbps LinkDnBandwidth>=60000Kbps SignalStrength: -32 OwnerUid: 1000 AdministratorUids: [] SSID: "MTBF_Lab" RequestorUid: -1 RequestorPackageName: null], apn: , availableNetworkCount: 1
11-21 00:30:03.459 E/QMI_FW  ( 1042): qmi_cci_get_ref: ref count increased 2
11-21 00:30:03.459 W/LocSvc_LocIpc(  527): send:66] failed reason: No such file or directory
11-21 00:30:03.462 D/QCNEJ/DefaultNetworkInfoRelay( 1907): Default network lost: 166
11-21 00:30:03.463 D/WifiMemoryStoreImpl( 1186): Set cluster Ga6eb8feabe7908d4 for Wa6eb8feabe7908d4: SUCCESS
11-21 00:30:03.463 D/QCNEJ/NativeHalConnector( 1907): -> SND notifyDefaultNetworkChanged(1)
11-21 00:30:03.464 D/QCNEJ/WlanStaInfoRelay( 1907): network lost: 166
11-21 00:30:03.471 D/DeviceAuthService( 6456): Network lost
11-21 00:30:03.472 I/Nat464Xlat( 1186): Android Xlat is disabled
11-21 00:30:03.478 D/QCNEJ/WlanStaInfoRelay( 1907): onLost: unbind the process to WIFI
11-21 00:30:03.472 I/Nat464Xlat( 1186): Android Xlat is disabled
11-21 00:30:03.502 D/ConnectivityService( 1186): Sending DISCONNECTED broadcast for type 1 [166 WIFI] isDefaultNetwork=true
11-21 00:30:03.514 D/DhcpClient( 1186): DHCP Packet Handler stopped
11-21 00:30:03.514 D/ConnectivityService( 1186): NetReassign [44 : null → 101, 1480 : null → 101, 11 : null → 101, 63 : null → 101, 17 : null → 101, 25 : null → 101, 1438 : null → 101, 1 : null → 101, 8 : null → 101, 654 : null → 101, 12 : null → 101, 14 : null → 101, 16 : null → 101, 22 : null → 101, 1486 : null → 101]
11-21 00:30:03.515 D/DhcpClient( 1186): onQuitting
11-21 00:30:03.530 E/NetlinkEvent(  462): NetlinkEvent::FindParam(): Parameter 'INTERFACE' not found
11-21 00:30:03.530 E/NetlinkEvent(  462): NetlinkEvent::FindParam(): Parameter 'STATE' not found
11-21 00:30:03.530 E/NetlinkEvent(  462): NetlinkEvent::FindParam(): Parameter 'TIME_NS' not found
11-21 00:30:03.530 E/NetlinkEvent(  462): NetlinkEvent::FindParam(): Parameter 'UID' not found
11-21 00:30:03.558 D/ConnectivityService( 1186): Switching to new default network: NetworkAgentInfo{ ni{[type: MOBILE[LTE], state: CONNECTED/CONNECTED, reason: (unspecified), extra: enhancedphone, failover: false, available: true, roaming: false]}  network{101}  nethandle{437197393933}  lp{{InterfaceName: rmnet_data2 LinkAddresses: [ 10.55.48.101/30,2600:381:4804:c4b6:8cdc:8f0b:afe1:ec6b/64 ] DnsAddresses: [ /172.26.38.2,/fc00:a:a::400 ] Domains: null MTU: 1430 TcpBufferSizes: 2097152,4194304,8388608,262144,524288,1048576 Routes: [ 0.0.0.0/0 -> 10.55.48.102 rmnet_data2 mtu 1430,::/0 -> fe80::9db2:334d:2872:1e0a rmnet_data2 mtu 1430,10.55.48.100/30 -> 0.0.0.0 rmnet_data2 mtu 0,2600:381:4804:c4b6::/64 -> :: rmnet_data2 mtu 0 ]}}  nc{[ Transports: CELLULAR Capabilities: MMS&SUPL&FOTA&INTERNET&NOT_RESTRICTED&TRUSTED&NOT_VPN&VALIDATED&NOT_ROAMING&FOREGROUND&NOT_CONGESTED&NOT_SUSPENDED LinkUpBandwidth>=15000Kbps LinkDnBandwidth>=30000Kbps Specifier: <TelephonyNetworkSpecifier [mSubId = 1]> AdministratorUids: [] RequestorUid: -1 RequestorPackageName: null]}  Score{50}  everValidated{true}  lastValidated{true}  created{true} lingering{true} explicitlySelected{false} acceptUnvalidated{false} everCaptivePortalDetected{false} lastCaptivePortalDetected{false} partialConnectivity{false} acceptPartialConnectivity{false} clat{mBaseIface: null, mIface: null, mState: IDLE} }
11-21 00:30:03.585 D/BluetoothAdapterService( 1710): Soft AP is on band: 1
11-21 00:30:03.586 D/BluetoothVendorService( 1710): getPowerBackoff 
11-21 00:30:03.586 D/BluetoothAdapterService( 1710): android.net.wifi.WIFI_STATE_CHANGED
11-21 00:30:03.588 E/WifiNative( 1186): Could not get Iface object for interface null
11-21 00:30:03.590 D/WifiNetworkAgent( 1186): NetworkAgent: NetworkAgent channel lost
11-21 00:30:03.595 D/BluetoothAdapterService( 1710): Soft AP is on band: 1
11-21 00:30:03.596 D/BluetoothVendorService( 1710): getPowerBackoff 
11-21 00:30:03.596 D/BluetoothAdapterService( 1710): android.net.wifi.STATE_CHANGE
11-21 00:30:03.596 D/BluetoothVendorService( 1710): setWifiState to: false
11-21 00:30:03.596 I/BluetoothVendorJni( 1710): setWifiStateNative
11-21 00:30:03.596 I/bt_btif_vendor( 1710): setWifiState :0
11-21 00:30:03.597 W/bt_btm  ( 1710): btm_cb.is_wifi_connected = 0 
11-21 00:30:03.620 E/StickerBundleDatabaseWorker( 2334): Failed to fetch sticker bundles:
11-21 00:30:03.620 E/StickerBundleDatabaseWorker( 2334): kotlinx.coroutines.JobCancellationException: Job was cancelled; job=JobImpl{Cancelling}@18a89dc
11-21 00:30:03.632 I/WM-WorkerWrapper( 2334): Work [ id=e596069b-4a6f-495d-b19d-a8669de7ea86, tags={ com.facebook.wearable.system.selfcare.sharing.StickerBundleDatabaseWorker } ] was cancelled
11-21 00:30:03.632 I/WM-WorkerWrapper( 2334): java.util.concurrent.CancellationException: Task was cancelled.
11-21 00:30:03.632 I/WM-WorkerWrapper( 2334): 	at androidx.work.impl.utils.futures.AbstractFuture.getDoneValue(:32)
11-21 00:30:03.632 I/WM-WorkerWrapper( 2334): 	at androidx.work.impl.utils.futures.AbstractFuture.get(:268435546)
11-21 00:30:03.632 I/WM-WorkerWrapper( 2334): 	at androidx.work.impl.WorkerWrapper$2.run(:3)
11-21 00:30:03.632 I/WM-WorkerWrapper( 2334): 	at androidx.work.impl.utils.SerialExecutor$Task.run(:2)
11-21 00:30:03.632 I/WM-WorkerWrapper( 2334): 	at java.util.concurrent.ThreadPoolExecutor.runWorker(ThreadPoolExecutor.java:1167)
11-21 00:30:03.632 I/WM-WorkerWrapper( 2334): 	at java.util.concurrent.ThreadPoolExecutor$Worker.run(ThreadPoolExecutor.java:641)
11-21 00:30:03.632 I/WM-WorkerWrapper( 2334): 	at java.lang.Thread.run(Thread.java:923)
11-21 00:30:03.655 E/WifiNative( 1186): Could not get Iface object for interface null
11-21 00:30:03.665 D/NetworkTimeUpdateService( 1186): New default network 101; checking time.
11-21 00:30:03.665 D/DeviceAuthService( 6456): Network connected
11-21 00:30:03.665 D/DeviceAuthService( 6456): fetchAuthTokenWrapper called
11-21 00:30:03.667 V/LigerRadioStatsReporter( 2357): onCapabilitiesChanged: Network capabilities changed
11-21 00:30:03.667 V/LigerRadioStatsReporter( 2357): reportAndCheckpointRadioStats
11-21 00:30:03.668 V/LigerRadioStatsReporter( 2357): +++++++++++ RADIO STATS DUMP +++++++++++
11-21 00:30:03.668 V/LigerRadioStatsReporter( 2357): totalActiveRadioTimeMs=0
11-21 00:30:03.668 V/LigerRadioStatsReporter( 2357): totalTailRadioTimeMs=13994
11-21 00:30:03.668 V/LigerRadioStatsReporter( 2357): totalWakeupCount=0
11-21 00:30:03.668 V/LigerRadioStatsReporter( 2357): httpUpBytes=0
11-21 00:30:03.668 V/LigerRadioStatsReporter( 2357): httpDownBytes=0
11-21 00:30:03.668 V/LigerRadioStatsReporter( 2357): httpWakeupCount=0
11-21 00:30:03.668 V/LigerRadioStatsReporter( 2357): httpRequestCount=0
11-21 00:30:03.668 V/LigerRadioStatsReporter( 2357): httpActiveRadioTimeMs=0
11-21 00:30:03.668 V/LigerRadioStatsReporter( 2357): httpTailRadioTimeMs=13994
11-21 00:30:03.668 V/LigerRadioStatsReporter( 2357): reportAndCheckpointRadioStats: Tx=0
11-21 00:30:03.668 V/LigerRadioStatsReporter( 2357): reportAndCheckpointRadioStats: Rx=0
11-21 00:30:03.669 V/LigerRadioStatsReporter( 2357): reportAndCheckpointRadioStats: Uids=10027
11-21 00:30:03.669 V/LigerRadioStatsReporter( 2357): reportAndCheckpointRadioStats: Tags=null
11-21 00:30:03.670 W/SimpleTimeDetectorStrategy( 1186): Existing suggestion found to be invalid  elapsedRealtimeMillis=117691396, timeSuggestion=TelephonyTimeSuggestion{mSlotIndex='0', mUtcTime=TimestampedValue{mReferenceTimeMillis=57092, mValue=1637365770000}, mDebugInfo=[Sending new time suggestion nitzSignal=TimestampedValue{mReferenceTimeMillis=57092, mValue=NitzData{mOriginalString=21/11/19,23:49:30-32,00, mZoneOffset=-28800000, mDstOffset=0, mCurrentTimeMillis=1637365770000, mEmulatorHostTimeZone=null}}, reason=handleNitzReceived(TimestampedValue{mReferenceTimeMillis=57092, mValue=NitzData{mOriginalString=21/11/19,23:49:30-32,00, mZoneOffset=-28800000, mDstOffset=0, mCurrentTimeMillis=1637365770000, mEmulatorHostTimeZone=null}})]}
11-21 00:30:03.688 D/DeviceAuthService( 6456): isOculusAddressResolvable returned true
11-21 00:30:03.688 D/DeviceAuthenticator( 6456): Fetching new credentials asynchronously
11-21 00:30:03.690 D/DeviceAuthenticator( 6456): Calling DeviceAuth.authenticate()
11-21 00:30:03.691 D/QCNEJ/DefaultNetworkInfoRelay( 1907): Default network available: 101
11-21 00:30:03.692 D/QCNEJ/NativeHalConnector( 1907): -> SND notifyDefaultNetworkChanged(0)
11-21 00:30:03.694 E/QMI_FW  (  915): qmi_cci_get_ref: ref count increased 2
11-21 00:30:03.694 D/ConnectivityService( 1186): Unlingering [101 CELLULAR]
11-21 00:30:03.695 D/ConnectivityService( 1186): Sending CONNECTED broadcast for type 0 [101 CELLULAR] isDefaultNetwork=true
11-21 00:30:03.698 E/QMI_FW  (  915): qmi_cci_get_ref: ref count increased 2
11-21 00:30:03.701 E/DeviceCertService(  545): This device *might* have a provisioning issue. Please run `maui provision check` to verify.
11-21 00:30:03.701 E/DeviceCertService(  545): See https://fburl.com/wiki/a9hho0p9 for more information.
11-21 00:30:03.701 E/DeviceCertService(  545): Could not access certificate file '/mnt/vendor/persist/certificates/device_identityinsecure.crt', error 2: No such file or directory
11-21 00:30:03.702 E/DeviceAuthenticator( 6456): ERROR: java.lang.RuntimeException: devicecert returned error FILESYSTEM_ERROR
11-21 00:30:03.702 E/DeviceAuthenticator( 6456): 
11-21 00:30:03.702 E/DeviceAuthenticator( 6456): com.facebook.mos.sdk.devicecert.DeviceIdentityException: java.lang.RuntimeException: devicecert returned error FILESYSTEM_ERROR
11-21 00:30:03.702 E/DeviceAuthenticator( 6456): 
11-21 00:30:03.827 D/CompatibilityInfo( 1186): mCompatibilityFlags - 4
11-21 00:30:03.827 D/CompatibilityInfo( 1186): applicationDensity - 320
11-21 00:30:03.827 D/CompatibilityInfo( 1186): applicationScale - 1.0
11-21 00:30:03.871 E/SelfCareDataCloudSyncWorker( 2334): Failed to get access token
11-21 00:30:03.871 E/SelfCareDataCloudSyncWorker( 2334): kotlinx.coroutines.JobCancellationException: Job was cancelled; job=JobImpl{Cancelling}@ba1306b
11-21 00:30:03.872 I/WM-WorkerWrapper( 2334): Work [ id=57f248e9-27c9-4baa-bcea-f98e3ece0d1a, tags={ com.facebook.wearable.system.selfcare.cloudsync.SelfCareDataCloudSyncWorker } ] was cancelled
11-21 00:30:03.872 I/WM-WorkerWrapper( 2334): java.util.concurrent.CancellationException: Task was cancelled.
11-21 00:30:03.872 I/WM-WorkerWrapper( 2334): 	at androidx.work.impl.utils.futures.AbstractFuture.getDoneValue(:32)
11-21 00:30:03.872 I/WM-WorkerWrapper( 2334): 	at androidx.work.impl.utils.futures.AbstractFuture.get(:268435546)
11-21 00:30:03.872 I/WM-WorkerWrapper( 2334): 	at androidx.work.impl.WorkerWrapper$2.run(:3)
11-21 00:30:03.872 I/WM-WorkerWrapper( 2334): 	at androidx.work.impl.utils.SerialExecutor$Task.run(:2)
11-21 00:30:03.872 I/WM-WorkerWrapper( 2334): 	at java.util.concurrent.ThreadPoolExecutor.runWorker(ThreadPoolExecutor.java:1167)
11-21 00:30:03.872 I/WM-WorkerWrapper( 2334): 	at java.util.concurrent.ThreadPoolExecutor$Worker.run(ThreadPoolExecutor.java:641)
11-21 00:30:03.872 I/WM-WorkerWrapper( 2334): 	at java.lang.Thread.run(Thread.java:923)
11-21 00:30:04.166 D/SettingsSDK::SyncHelper( 2334): Read setting com.facebook.wearable.sdk.selfcare:SELFCARE_SERVICE_ENABLED from persistent cache
11-21 00:30:04.167 D/FacebookRepository( 2334): Reading from Store [906581286488774]
11-21 00:30:04.248 I/system_server( 1186): Background young concurrent copying GC freed 409825(16MB) AllocSpace objects, 205(6836KB) LOS objects, 31% free, 49MB/72MB, paused 249us total 423.330ms
