11-21 00:34:13.342 D/LOWI-9.0.0.80( 1026): [LOWIDiagLog] Log: lowiMeasResult->request: invalid null argument
11-21 00:34:13.342 I/LOWI-9.0.0.80( 1026): [LOWI-Scan] lowi_close_record:Scan done in 117897113ms, 22 APs in scan results
11-21 00:34:13.342 D/LOWI-9.0.0.80( 1026): [LOWI-Scan] WipsScanUsingNL: passive scan cached 0, took 9128 ms, err 0
11-21 00:34:13.342 D/LOWI-9.0.0.80( 1026): [LOWI-Scan] lowi_proc_req_passive_scan_with_live_meas - No WLAN Frames to be parsed
11-21 00:34:13.342 D/LOWI-9.0.0.80( 1026): [LOWIScanResultReceiver] Send scan meas to listener
11-21 00:34:13.342 D/LOWI-9.0.0.80( 1026): [LOWIScanResultReceiver] Enter passive listening mode
11-21 00:34:13.342 D/LOWI-9.0.0.80( 1026): [LOWIWifiDriverInterface] getMeasurements - Passive listening mode
11-21 00:34:13.343 D/LOWI-9.0.0.80( 1026): [LOWIEventReceiver] handleEvent:FROM:NA, TO:NA, REQ:NA, IREQ:NA, REQ_ID:0, RESP:NA, INFO:NA
11-21 00:34:13.343 D/LOWI-9.0.0.80( 1026): [LOWIBackgroundScanMgr] isRspForBgScanMgr: evt(LOWI_NO_EVT) - not handled
11-21 00:34:13.343 D/LOWI-9.0.0.80( 1026): [LOWIScheduler] manageMsg: NULL results or NULL request in results
11-21 00:34:13.343 D/LOWI-9.0.0.80( 1026): [LOWIController] Measurements received
11-21 00:34:13.343 D/LOWI-9.0.0.80( 1026): [LOWICacheManager] putInCache:Num of Meas to add: 22
11-21 00:34:13.343 D/LOWI-9.0.0.80( 1026): [LOWIController] processMeasurementResults: No current Request. Cache measurements
11-21 00:34:13.343 D/LOWI-9.0.0.80( 1026): [LOWIControllerExtn] sendLOWILpDiscoveryScanResponse: Not a discovery scan response
11-21 00:34:13.344 D/LOWI-9.0.0.80( 1026): [LOWI-Scan] WipsScanUsingNL:wait -1 sec for netlink message
11-21 00:34:13.377 D/CompatibilityInfo( 1186): mCompatibilityFlags - 4
11-21 00:34:13.377 D/CompatibilityInfo( 1186): applicationDensity - 320
11-21 00:34:13.377 D/CompatibilityInfo( 1186): applicationScale - 1.0
11-21 00:34:13.387 D/WifiSharingService( 2870): Sending scanResults intent with status code 0: PendingIntent{1359da2: android.os.BinderProxy@3567ffb}
11-21 00:34:13.393 D/CompatibilityInfo( 1186): mCompatibilityFlags - 4
11-21 00:34:13.393 D/CompatibilityInfo( 1186): applicationDensity - 320
11-21 00:34:13.393 D/CompatibilityInfo( 1186): applicationScale - 1.0
11-21 00:34:13.452 I/chatty  ( 2334): uid=10062(com.facebook.wearable.system.selfcare) DefaultDispatch expire 2 lines
11-21 00:34:13.453 I/chatty  ( 2334): uid=10062(com.facebook.wearable.system.selfcare) pool-3-thread-1 expire 2 lines
11-21 00:34:13.567 I/chatty  ( 2334): uid=10062(com.facebook.wearable.system.selfcare) MainTP_1169 expire 1 line
11-21 00:34:13.629 I/chatty  ( 2334): uid=10062(com.facebook.wearable.system.selfcare) MainTP_1168 expire 1 line
11-21 00:34:13.709 D/CompatibilityInfo( 1186): mCompatibilityFlags - 4
11-21 00:34:13.709 D/CompatibilityInfo( 1186): applicationDensity - 320
11-21 00:34:13.709 D/CompatibilityInfo( 1186): applicationScale - 1.0
11-21 00:34:13.763 I/chatty  ( 2334): uid=10062(com.facebook.wearable.system.selfcare) DefaultDispatch expire 1 line
11-21 00:34:13.763 I/WM-WorkerWrapper( 2334): Work [ id=57f248e9-27c9-4baa-bcea-f98e3ece0d1a, tags={ com.facebook.wearable.system.selfcare.cloudsync.SelfCareDataCloudSyncWorker } ] was cancelled
11-21 00:34:13.763 I/WM-WorkerWrapper( 2334): java.util.concurrent.CancellationException: Task was cancelled.
11-21 00:34:13.763 I/WM-WorkerWrapper( 2334): 	at androidx.work.impl.utils.futures.AbstractFuture.getDoneValue(:32)
11-21 00:34:13.763 I/WM-WorkerWrapper( 2334): 	at androidx.work.impl.utils.futures.AbstractFuture.get(:268435546)
11-21 00:34:13.763 I/WM-WorkerWrapper( 2334): 	at androidx.work.impl.WorkerWrapper$2.run(:3)
11-21 00:34:13.763 I/WM-WorkerWrapper( 2334): 	at androidx.work.impl.utils.SerialExecutor$Task.run(:2)
11-21 00:34:13.763 I/WM-WorkerWrapper( 2334): 	at java.util.concurrent.ThreadPoolExecutor.runWorker(ThreadPoolExecutor.java:1167)
11-21 00:34:13.763 I/WM-WorkerWrapper( 2334): 	at java.util.concurrent.ThreadPoolExecutor$Worker.run(ThreadPoolExecutor.java:641)
11-21 00:34:13.763 I/WM-WorkerWrapper( 2334): 	at java.lang.Thread.run(Thread.java:923)
11-21 00:34:13.873 D/SettingsSDK::SyncHelper( 2334): Read setting com.facebook.wearable.sdk.selfcare:SELFCARE_SERVICE_ENABLED from persistent cache
11-21 00:34:13.874 D/FacebookRepository( 2334): Reading from Store [906581286488774]
11-21 00:34:13.938 E/StickerBundleDatabaseWorker( 2334): Failed to fetch sticker bundles:
11-21 00:34:13.938 E/StickerBundleDatabaseWorker( 2334): kotlinx.coroutines.JobCancellationException: Job was cancelled; job=JobImpl{Cancelling}@d00ba27
11-21 00:34:13.939 I/WM-WorkerWrapper( 2334): Work [ id=e596069b-4a6f-495d-b19d-a8669de7ea86, tags={ com.facebook.wearable.system.selfcare.sharing.StickerBundleDatabaseWorker } ] was cancelled
11-21 00:34:13.939 I/WM-WorkerWrapper( 2334): java.util.concurrent.CancellationException: Task was cancelled.
11-21 00:34:13.939 I/WM-WorkerWrapper( 2334): 	at androidx.work.impl.utils.futures.AbstractFuture.getDoneValue(:32)
11-21 00:34:13.939 I/WM-WorkerWrapper( 2334): 	at androidx.work.impl.utils.futures.AbstractFuture.get(:268435546)
11-21 00:34:13.939 I/WM-WorkerWrapper( 2334): 	at androidx.work.impl.WorkerWrapper$2.run(:3)
11-21 00:34:13.939 I/WM-WorkerWrapper( 2334): 	at androidx.work.impl.utils.SerialExecutor$Task.run(:2)
11-21 00:34:13.939 I/WM-WorkerWrapper( 2334): 	at java.util.concurrent.ThreadPoolExecutor.runWorker(ThreadPoolExecutor.java:1167)
11-21 00:34:13.939 I/WM-WorkerWrapper( 2334): 	at java.util.concurrent.ThreadPoolExecutor$Worker.run(ThreadPoolExecutor.java:641)
11-21 00:34:13.939 I/WM-WorkerWrapper( 2334): 	at java.lang.Thread.run(Thread.java:923)
11-21 00:34:14.020 D/CompatibilityInfo( 1186): mCompatibilityFlags - 4
11-21 00:34:14.020 D/CompatibilityInfo( 1186): applicationDensity - 320
11-21 00:34:14.020 D/CompatibilityInfo( 1186): applicationScale - 1.0
11-21 00:34:14.078 E/SelfCareDataCloudSyncWorker( 2334): Failed to get access token
11-21 00:34:14.078 E/SelfCareDataCloudSyncWorker( 2334): kotlinx.coroutines.JobCancellationException: Job was cancelled; job=JobImpl{Cancelling}@6476972
11-21 00:34:14.078 I/WM-WorkerWrapper( 2334): Work [ id=57f248e9-27c9-4baa-bcea-f98e3ece0d1a, tags={ com.facebook.wearable.system.selfcare.cloudsync.SelfCareDataCloudSyncWorker } ] was cancelled
11-21 00:34:14.078 I/WM-WorkerWrapper( 2334): java.util.concurrent.CancellationException: Task was cancelled.
11-21 00:34:14.078 I/WM-WorkerWrapper( 2334): 	at androidx.work.impl.utils.futures.AbstractFuture.getDoneValue(:32)
11-21 00:34:14.078 I/WM-WorkerWrapper( 2334): 	at androidx.work.impl.utils.futures.AbstractFuture.get(:268435546)
11-21 00:34:14.078 I/WM-WorkerWrapper( 2334): 	at androidx.work.impl.WorkerWrapper$2.run(:3)
11-21 00:34:14.078 I/WM-WorkerWrapper( 2334): 	at androidx.work.impl.utils.SerialExecutor$Task.run(:2)
11-21 00:34:14.078 I/WM-WorkerWrapper( 2334): 	at java.util.concurrent.ThreadPoolExecutor.runWorker(ThreadPoolExecutor.java:1167)
11-21 00:34:14.078 I/WM-WorkerWrapper( 2334): 	at java.util.concurrent.ThreadPoolExecutor$Worker.run(ThreadPoolExecutor.java:641)
11-21 00:34:14.078 I/WM-WorkerWrapper( 2334): 	at java.lang.Thread.run(Thread.java:923)
11-21 00:34:14.197 D/SettingsSDK::SyncHelper( 2334): Read setting com.facebook.wearable.sdk.selfcare:SELFCARE_SERVICE_ENABLED from persistent cache
11-21 00:34:14.198 D/FacebookRepository( 2334): Reading from Store [906581286488774]
11-21 00:34:14.271 E/StickerBundleDatabaseWorker( 2334): Failed to fetch sticker bundles:
11-21 00:34:14.271 E/StickerBundleDatabaseWorker( 2334): kotlinx.coroutines.JobCancellationException: Job was cancelled; job=JobImpl{Cancelling}@c41c158
11-21 00:34:14.271 I/WM-WorkerWrapper( 2334): Work [ id=e596069b-4a6f-495d-b19d-a8669de7ea86, tags={ com.facebook.wearable.system.selfcare.sharing.StickerBundleDatabaseWorker } ] was cancelled
11-21 00:34:14.271 I/WM-WorkerWrapper( 2334): java.util.concurrent.CancellationException: Task was cancelled.
11-21 00:34:14.271 I/WM-WorkerWrapper( 2334): 	at androidx.work.impl.utils.futures.AbstractFuture.getDoneValue(:32)
11-21 00:34:14.271 I/WM-WorkerWrapper( 2334): 	at androidx.work.impl.utils.futures.AbstractFuture.get(:268435546)
11-21 00:34:14.271 I/WM-WorkerWrapper( 2334): 	at androidx.work.impl.WorkerWrapper$2.run(:3)
11-21 00:34:14.271 I/WM-WorkerWrapper( 2334): 	at androidx.work.impl.utils.SerialExecutor$Task.run(:2)
11-21 00:34:14.271 I/WM-WorkerWrapper( 2334): 	at java.util.concurrent.ThreadPoolExecutor.runWorker(ThreadPoolExecutor.java:1167)
11-21 00:34:14.271 I/WM-WorkerWrapper( 2334): 	at java.util.concurrent.ThreadPoolExecutor$Worker.run(ThreadPoolExecutor.java:641)
11-21 00:34:14.271 I/WM-WorkerWrapper( 2334): 	at java.lang.Thread.run(Thread.java:923)
11-21 00:34:14.366 D/CompatibilityInfo( 1186): mCompatibilityFlags - 4
11-21 00:34:14.366 D/CompatibilityInfo( 1186): applicationDensity - 320
11-21 00:34:14.366 D/CompatibilityInfo( 1186): applicationScale - 1.0
11-21 00:34:14.418 E/SelfCareDataCloudSyncWorker( 2334): Failed to get access token
11-21 00:34:14.418 E/SelfCareDataCloudSyncWorker( 2334): kotlinx.coroutines.JobCancellationException: Job was cancelled; job=JobImpl{Cancelling}@dbd9b04
11-21 00:34:14.419 I/WM-WorkerWrapper( 2334): Work [ id=57f248e9-27c9-4baa-bcea-f98e3ece0d1a, tags={ com.facebook.wearable.system.selfcare.cloudsync.SelfCareDataCloudSyncWorker } ] was cancelled
11-21 00:34:14.419 I/WM-WorkerWrapper( 2334): java.util.concurrent.CancellationException: Task was cancelled.
11-21 00:34:14.419 I/WM-WorkerWrapper( 2334): 	at androidx.work.impl.utils.futures.AbstractFuture.getDoneValue(:32)
11-21 00:34:14.419 I/WM-WorkerWrapper( 2334): 	at androidx.work.impl.utils.futures.AbstractFuture.get(:268435546)
11-21 00:34:14.419 I/WM-WorkerWrapper( 2334): 	at androidx.work.impl.WorkerWrapper$2.run(:3)
11-21 00:34:14.419 I/WM-WorkerWrapper( 2334): 	at androidx.work.impl.utils.SerialExecutor$Task.run(:2)
11-21 00:34:14.419 I/WM-WorkerWrapper( 2334): 	at java.util.concurrent.ThreadPoolExecutor.runWorker(ThreadPoolExecutor.java:1167)
11-21 00:34:14.419 I/WM-WorkerWrapper( 2334): 	at java.util.concurrent.ThreadPoolExecutor$Worker.run(ThreadPoolExecutor.java:641)
11-21 00:34:14.419 I/WM-WorkerWrapper( 2334): 	at java.lang.Thread.run(Thread.java:923)
11-21 00:34:14.529 D/SettingsSDK::SyncHelper( 2334): Read setting com.facebook.wearable.sdk.selfcare:SELFCARE_SERVICE_ENABLED from persistent cache
11-21 00:34:14.530 D/FacebookRepository( 2334): Reading from Store [906581286488774]
11-21 00:34:14.604 E/StickerBundleDatabaseWorker( 2334): Failed to fetch sticker bundles:
11-21 00:34:14.604 E/StickerBundleDatabaseWorker( 2334): kotlinx.coroutines.JobCancellationException: Job was cancelled; job=JobImpl{Cancelling}@bf8c8a5
11-21 00:34:14.605 I/WM-WorkerWrapper( 2334): Work [ id=e596069b-4a6f-495d-b19d-a8669de7ea86, tags={ com.facebook.wearable.system.selfcare.sharing.StickerBundleDatabaseWorker } ] was cancelled
11-21 00:34:14.605 I/WM-WorkerWrapper( 2334): java.util.concurrent.CancellationException: Task was cancelled.
11-21 00:34:14.605 I/WM-WorkerWrapper( 2334): 	at androidx.work.impl.utils.futures.AbstractFuture.getDoneValue(:32)
11-21 00:34:14.605 I/WM-WorkerWrapper( 2334): 	at androidx.work.impl.utils.futures.AbstractFuture.get(:268435546)
11-21 00:34:14.605 I/WM-WorkerWrapper( 2334): 	at androidx.work.impl.WorkerWrapper$2.run(:3)
11-21 00:34:14.605 I/WM-WorkerWrapper( 2334): 	at androidx.work.impl.utils.SerialExecutor$Task.run(:2)
11-21 00:34:14.605 I/WM-WorkerWrapper( 2334): 	at java.util.concurrent.ThreadPoolExecutor.runWorker(ThreadPoolExecutor.java:1167)
11-21 00:34:14.605 I/WM-WorkerWrapper( 2334): 	at java.util.concurrent.ThreadPoolExecutor$Worker.run(ThreadPoolExecutor.java:641)
11-21 00:34:14.605 I/WM-WorkerWrapper( 2334): 	at java.lang.Thread.run(Thread.java:923)
11-21 00:34:14.675 D/CompatibilityInfo( 1186): mCompatibilityFlags - 4
11-21 00:34:14.675 D/CompatibilityInfo( 1186): applicationDensity - 320
11-21 00:34:14.675 D/CompatibilityInfo( 1186): applicationScale - 1.0
11-21 00:34:14.731 E/SelfCareDataCloudSyncWorker( 2334): Failed to get access token
11-21 00:34:14.731 E/SelfCareDataCloudSyncWorker( 2334): kotlinx.coroutines.JobCancellationException: Job was cancelled; job=JobImpl{Cancelling}@9d43088
11-21 00:34:14.731 I/WM-WorkerWrapper( 2334): Work [ id=57f248e9-27c9-4baa-bcea-f98e3ece0d1a, tags={ com.facebook.wearable.system.selfcare.cloudsync.SelfCareDataCloudSyncWorker } ] was cancelled
11-21 00:34:14.731 I/WM-WorkerWrapper( 2334): java.util.concurrent.CancellationException: Task was cancelled.
11-21 00:34:14.731 I/WM-WorkerWrapper( 2334): 	at androidx.work.impl.utils.futures.AbstractFuture.getDoneValue(:32)
11-21 00:34:14.731 I/WM-WorkerWrapper( 2334): 	at androidx.work.impl.utils.futures.AbstractFuture.get(:268435546)
11-21 00:34:14.731 I/WM-WorkerWrapper( 2334): 	at androidx.work.impl.WorkerWrapper$2.run(:3)
11-21 00:34:14.731 I/WM-WorkerWrapper( 2334): 	at androidx.work.impl.utils.SerialExecutor$Task.run(:2)
11-21 00:34:14.731 I/WM-WorkerWrapper( 2334): 	at java.util.concurrent.ThreadPoolExecutor.runWorker(ThreadPoolExecutor.java:1167)
11-21 00:34:14.731 I/WM-WorkerWrapper( 2334): 	at java.util.concurrent.ThreadPoolExecutor$Worker.run(ThreadPoolExecutor.java:641)
11-21 00:34:14.731 I/WM-WorkerWrapper( 2334): 	at java.lang.Thread.run(Thread.java:923)
11-21 00:34:14.849 D/SettingsSDK::SyncHelper( 2334): Read setting com.facebook.wearable.sdk.selfcare:SELFCARE_SERVICE_ENABLED from persistent cache
11-21 00:34:14.850 D/FacebookRepository( 2334): Reading from Store [906581286488774]
11-21 00:34:14.901 E/StickerBundleDatabaseWorker( 2334): Failed to fetch sticker bundles:
11-21 00:34:14.901 E/StickerBundleDatabaseWorker( 2334): kotlinx.coroutines.JobCancellationException: Job was cancelled; job=JobImpl{Cancelling}@41a601e
11-21 00:34:14.901 I/WM-WorkerWrapper( 2334): Work [ id=e596069b-4a6f-495d-b19d-a8669de7ea86, tags={ com.facebook.wearable.system.selfcare.sharing.StickerBundleDatabaseWorker } ] was cancelled
11-21 00:34:14.901 I/WM-WorkerWrapper( 2334): java.util.concurrent.CancellationException: Task was cancelled.
11-21 00:34:14.901 I/WM-WorkerWrapper( 2334): 	at androidx.work.impl.utils.futures.AbstractFuture.getDoneValue(:32)
11-21 00:34:14.901 I/WM-WorkerWrapper( 2334): 	at androidx.work.impl.utils.futures.AbstractFuture.get(:268435546)
11-21 00:34:14.901 I/WM-WorkerWrapper( 2334): 	at androidx.work.impl.WorkerWrapper$2.run(:3)
11-21 00:34:14.901 I/WM-WorkerWrapper( 2334): 	at androidx.work.impl.utils.SerialExecutor$Task.run(:2)
11-21 00:34:14.901 I/WM-WorkerWrapper( 2334): 	at java.util.concurrent.ThreadPoolExecutor.runWorker(ThreadPoolExecutor.java:1167)
11-21 00:34:14.901 I/WM-WorkerWrapper( 2334): 	at java.util.concurrent.ThreadPoolExecutor$Worker.run(ThreadPoolExecutor.java:641)
11-21 00:34:14.901 I/WM-WorkerWrapper( 2334): 	at java.lang.Thread.run(Thread.java:923)
11-21 00:34:14.968 D/CompatibilityInfo( 1186): mCompatibilityFlags - 4
11-21 00:34:14.968 D/CompatibilityInfo( 1186): applicationDensity - 320
11-21 00:34:14.968 D/CompatibilityInfo( 1186): applicationScale - 1.0
11-21 00:34:15.064 E/SelfCareDataCloudSyncWorker( 2334): Failed to get access token
11-21 00:34:15.064 E/SelfCareDataCloudSyncWorker( 2334): kotlinx.coroutines.JobCancellationException: Job was cancelled; job=JobImpl{Cancelling}@ae62515
11-21 00:34:15.064 I/WM-WorkerWrapper( 2334): Work [ id=57f248e9-27c9-4baa-bcea-f98e3ece0d1a, tags={ com.facebook.wearable.system.selfcare.cloudsync.SelfCareDataCloudSyncWorker } ] was cancelled
11-21 00:34:15.064 I/WM-WorkerWrapper( 2334): java.util.concurrent.CancellationException: Task was cancelled.
11-21 00:34:15.064 I/WM-WorkerWrapper( 2334): 	at androidx.work.impl.utils.futures.AbstractFuture.getDoneValue(:32)
11-21 00:34:15.064 I/WM-WorkerWrapper( 2334): 	at androidx.work.impl.utils.futures.AbstractFuture.get(:268435546)
11-21 00:34:15.064 I/WM-WorkerWrapper( 2334): 	at androidx.work.impl.WorkerWrapper$2.run(:3)
11-21 00:34:15.064 I/WM-WorkerWrapper( 2334): 	at androidx.work.impl.utils.SerialExecutor$Task.run(:2)
11-21 00:34:15.064 I/WM-WorkerWrapper( 2334): 	at java.util.concurrent.ThreadPoolExecutor.runWorker(ThreadPoolExecutor.java:1167)
11-21 00:34:15.064 I/WM-WorkerWrapper( 2334): 	at java.util.concurrent.ThreadPoolExecutor$Worker.run(ThreadPoolExecutor.java:641)
11-21 00:34:15.064 I/WM-WorkerWrapper( 2334): 	at java.lang.Thread.run(Thread.java:923)
11-21 00:34:15.189 D/SettingsSDK::SyncHelper( 2334): Read setting com.facebook.wearable.sdk.selfcare:SELFCARE_SERVICE_ENABLED from persistent cache
11-21 00:34:15.191 D/FacebookRepository( 2334): Reading from Store [906581286488774]
11-21 00:34:15.244 E/StickerBundleDatabaseWorker( 2334): Failed to fetch sticker bundles:
11-21 00:34:15.244 E/StickerBundleDatabaseWorker( 2334): kotlinx.coroutines.JobCancellationException: Job was cancelled; job=JobImpl{Cancelling}@ee0593
11-21 00:34:15.244 I/WM-WorkerWrapper( 2334): Work [ id=e596069b-4a6f-495d-b19d-a8669de7ea86, tags={ com.facebook.wearable.system.selfcare.sharing.StickerBundleDatabaseWorker } ] was cancelled
11-21 00:34:15.244 I/WM-WorkerWrapper( 2334): java.util.concurrent.CancellationException: Task was cancelled.
11-21 00:34:15.244 I/WM-WorkerWrapper( 2334): 	at androidx.work.impl.utils.futures.AbstractFuture.getDoneValue(:32)
11-21 00:34:15.244 I/WM-WorkerWrapper( 2334): 	at androidx.work.impl.utils.futures.AbstractFuture.get(:268435546)
11-21 00:34:15.244 I/WM-WorkerWrapper( 2334): 	at androidx.work.impl.WorkerWrapper$2.run(:3)
11-21 00:34:15.244 I/WM-WorkerWrapper( 2334): 	at androidx.work.impl.utils.SerialExecutor$Task.run(:2)
11-21 00:34:15.244 I/WM-WorkerWrapper( 2334): 	at java.util.concurrent.ThreadPoolExecutor.runWorker(ThreadPoolExecutor.java:1167)
11-21 00:34:15.244 I/WM-WorkerWrapper( 2334): 	at java.util.concurrent.ThreadPoolExecutor$Worker.run(ThreadPoolExecutor.java:641)
11-21 00:34:15.244 I/WM-WorkerWrapper( 2334): 	at java.lang.Thread.run(Thread.java:923)
11-21 00:34:15.316 D/CompatibilityInfo( 1186): mCompatibilityFlags - 4
11-21 00:34:15.316 D/CompatibilityInfo( 1186): applicationDensity - 320
11-21 00:34:15.316 D/CompatibilityInfo( 1186): applicationScale - 1.0
11-21 00:34:15.326 D/mcu_health_checker( 1029): Sent MCU Health Request
11-21 00:34:15.327 D/commandrouter( 1006): SocServiceHandle::onServiceMessage, SoC Service = mcu_healthcheck_1029, appType = 1, type = SVC_REQ, clientId = 0, token = 3928, payloadLen = 12, result = 0, payload.size() = 12
11-21 00:34:15.332 D/commandrouter( 1006): mcu_healthcheck_1029 (1, merlot:mcu_health:control): <ServiceResponse> FORWARDED (remote -> local) CR token ID = 3928, service client ID = 40, token ID = 45187, result = 0
11-21 00:34:15.332 D/mcu_health_checker( 1029): MCU Health Response: MCU_OK
11-21 00:34:15.332 D/mcu_health_checker( 1029): MCU Session 0, uptime = 117900256 ms
11-21 00:34:15.332 D/mculinkhealth( 1029): isMcuReachable 1 (7 ms)
11-21 00:34:15.368 E/SelfCareDataCloudSyncWorker( 2334): Failed to get access token
11-21 00:34:15.368 E/SelfCareDataCloudSyncWorker( 2334): kotlinx.coroutines.JobCancellationException: Job was cancelled; job=JobImpl{Cancelling}@42d0cce
11-21 00:34:15.368 I/WM-WorkerWrapper( 2334): Work [ id=57f248e9-27c9-4baa-bcea-f98e3ece0d1a, tags={ com.facebook.wearable.system.selfcare.cloudsync.SelfCareDataCloudSyncWorker } ] was cancelled
11-21 00:34:15.368 I/WM-WorkerWrapper( 2334): java.util.concurrent.CancellationException: Task was cancelled.
11-21 00:34:15.368 I/WM-WorkerWrapper( 2334): 	at androidx.work.impl.utils.futures.AbstractFuture.getDoneValue(:32)
11-21 00:34:15.368 I/WM-WorkerWrapper( 2334): 	at androidx.work.impl.utils.futures.AbstractFuture.get(:268435546)
11-21 00:34:15.368 I/WM-WorkerWrapper( 2334): 	at androidx.work.impl.WorkerWrapper$2.run(:3)
11-21 00:34:15.368 I/WM-WorkerWrapper( 2334): 	at androidx.work.impl.utils.SerialExecutor$Task.run(:2)
11-21 00:34:15.368 I/WM-WorkerWrapper( 2334): 	at java.util.concurrent.ThreadPoolExecutor.runWorker(ThreadPoolExecutor.java:1167)
11-21 00:34:15.368 I/WM-WorkerWrapper( 2334): 	at java.util.concurrent.ThreadPoolExecutor$Worker.run(ThreadPoolExecutor.java:641)
11-21 00:34:15.368 I/WM-WorkerWrapper( 2334): 	at java.lang.Thread.run(Thread.java:923)
11-21 00:34:15.484 D/SettingsSDK::SyncHelper( 2334): Read setting com.facebook.wearable.sdk.selfcare:SELFCARE_SERVICE_ENABLED from persistent cache
11-21 00:34:15.484 D/FacebookRepository( 2334): Reading from Store [906581286488774]
11-21 00:34:15.546 E/StickerBundleDatabaseWorker( 2334): Failed to fetch sticker bundles:
11-21 00:34:15.546 E/StickerBundleDatabaseWorker( 2334): kotlinx.coroutines.JobCancellationException: Job was cancelled; job=JobImpl{Cancelling}@31f594
11-21 00:34:15.546 I/WM-WorkerWrapper( 2334): Work [ id=e596069b-4a6f-495d-b19d-a8669de7ea86, tags={ com.facebook.wearable.system.selfcare.sharing.StickerBundleDatabaseWorker } ] was cancelled
11-21 00:34:15.546 I/WM-WorkerWrapper( 2334): java.util.concurrent.CancellationException: Task was cancelled.
11-21 00:34:15.546 I/WM-WorkerWrapper( 2334): 	at androidx.work.impl.utils.futures.AbstractFuture.getDoneValue(:32)
11-21 00:34:15.546 I/WM-WorkerWrapper( 2334): 	at androidx.work.impl.utils.futures.AbstractFuture.get(:268435546)
11-21 00:34:15.546 I/WM-WorkerWrapper( 2334): 	at androidx.work.impl.WorkerWrapper$2.run(:3)
11-21 00:34:15.546 I/WM-WorkerWrapper( 2334): 	at androidx.work.impl.utils.SerialExecutor$Task.run(:2)
11-21 00:34:15.546 I/WM-WorkerWrapper( 2334): 	at java.util.concurrent.ThreadPoolExecutor.runWorker(ThreadPoolExecutor.java:1167)
11-21 00:34:15.546 I/WM-WorkerWrapper( 2334): 	at java.util.concurrent.ThreadPoolExecutor$Worker.run(ThreadPoolExecutor.java:641)
11-21 00:34:15.546 I/WM-WorkerWrapper( 2334): 	at java.lang.Thread.run(Thread.java:923)
11-21 00:34:15.626 D/CompatibilityInfo( 1186): mCompatibilityFlags - 4
11-21 00:34:15.626 D/CompatibilityInfo( 1186): applicationDensity - 320
11-21 00:34:15.627 D/CompatibilityInfo( 1186): applicationScale - 1.0
11-21 00:34:15.683 E/SelfCareDataCloudSyncWorker( 2334): Failed to get access token
11-21 00:34:15.683 E/SelfCareDataCloudSyncWorker( 2334): kotlinx.coroutines.JobCancellationException: Job was cancelled; job=JobImpl{Cancelling}@3f37983
11-21 00:34:15.683 I/WM-WorkerWrapper( 2334): Work [ id=57f248e9-27c9-4baa-bcea-f98e3ece0d1a, tags={ com.facebook.wearable.system.selfcare.cloudsync.SelfCareDataCloudSyncWorker } ] was cancelled
11-21 00:34:15.683 I/WM-WorkerWrapper( 2334): java.util.concurrent.CancellationException: Task was cancelled.
11-21 00:34:15.683 I/WM-WorkerWrapper( 2334): 	at androidx.work.impl.utils.futures.AbstractFuture.getDoneValue(:32)
11-21 00:34:15.683 I/WM-WorkerWrapper( 2334): 	at androidx.work.impl.utils.futures.AbstractFuture.get(:268435546)
11-21 00:34:15.683 I/WM-WorkerWrapper( 2334): 	at androidx.work.impl.WorkerWrapper$2.run(:3)
11-21 00:34:15.683 I/WM-WorkerWrapper( 2334): 	at androidx.work.impl.utils.SerialExecutor$Task.run(:2)
11-21 00:34:15.683 I/WM-WorkerWrapper( 2334): 	at java.util.concurrent.ThreadPoolExecutor.runWorker(ThreadPoolExecutor.java:1167)
11-21 00:34:15.683 I/WM-WorkerWrapper( 2334): 	at java.util.concurrent.ThreadPoolExecutor$Worker.run(ThreadPoolExecutor.java:641)
11-21 00:34:15.683 I/WM-WorkerWrapper( 2334): 	at java.lang.Thread.run(Thread.java:923)
11-21 00:34:15.704 D/UIAutomatorStub( 6483): URI: /jsonrpc/0, Method: POST, Header: {content-length=229, remote-addr=127.0.0.1, http-client-ip=127.0.0.1, host=localhost:9012, content-type=application/json, accept-encoding=identity}, params, {NanoHttpd.QUERY_STRING=null}, files: {postData={"jsonrpc": "2.0", "method": "objInfo", "id": "6e9e1bc12b921ca28f960dbc07bfa9e6", "params": [{"mask": 2097152, "childOrSibling": [], "childOrSiblingSelector": [], "resourceId": "com.facebook.wearable.system.settings:id/toggle"}]}}
11-21 00:34:15.786 D/UIAutomatorStub( 6483): URI: /jsonrpc/0, Method: POST, Header: {content-length=227, remote-addr=127.0.0.1, http-client-ip=127.0.0.1, host=localhost:9012, content-type=application/json, accept-encoding=identity}, params, {NanoHttpd.QUERY_STRING=null}, files: {postData={"jsonrpc": "2.0", "method": "click", "id": "6dffb3c7d9062b9ffde5b50ab8d03853", "params": [{"mask": 2097152, "childOrSibling": [], "childOrSiblingSelector": [], "resourceId": "com.facebook.wearable.system.settings:id/toggle"}]}}
11-21 00:34:15.801 D/SettingsSDK::SyncHelper( 2334): Read setting com.facebook.wearable.sdk.selfcare:SELFCARE_SERVICE_ENABLED from persistent cache
11-21 00:34:15.802 D/FacebookRepository( 2334): Reading from Store [906581286488774]
11-21 00:34:15.841 D/WifiSharingService( 2870): Setting Wi-Fi enabled state
11-21 00:34:15.842 I/WifiService( 1186): setWifiEnabled package=com.facebook.wearable.system.connectivity uid=1000 enable=false
11-21 00:34:15.846 D/QCNEJ/WlanStaInfoRelay( 1907): onChange for uri = content://settings/global/wifi_on
11-21 00:34:15.846 D/WifiActiveModeWarden( 1186): Switching all client mode managers
11-21 00:34:15.850 E/QMI_FW  (  915): qmi_cci_get_ref: ref count increased 2
11-21 00:34:15.871 D/BluetoothAdapterService( 1710): android.net.wifi.WIFI_STATE_CHANGED
11-21 00:34:15.885 E/StickerBundleDatabaseWorker( 2334): Failed to fetch sticker bundles:
11-21 00:34:15.885 E/StickerBundleDatabaseWorker( 2334): kotlinx.coroutines.JobCancellationException: Job was cancelled; job=JobImpl{Cancelling}@c189871
11-21 00:34:15.885 D/WifiClientModeManager0( 1186): IMS not registered over IWLAN for subId: 1
11-21 00:34:15.885 D/WifiClientModeManager0( 1186): The target role 5
11-21 00:34:15.885 I/WM-WorkerWrapper( 2334): Work [ id=e596069b-4a6f-495d-b19d-a8669de7ea86, tags={ com.facebook.wearable.system.selfcare.sharing.StickerBundleDatabaseWorker } ] was cancelled
11-21 00:34:15.885 I/WM-WorkerWrapper( 2334): java.util.concurrent.CancellationException: Task was cancelled.
11-21 00:34:15.885 I/WM-WorkerWrapper( 2334): 	at androidx.work.impl.utils.futures.AbstractFuture.getDoneValue(:32)
11-21 00:34:15.885 I/WM-WorkerWrapper( 2334): 	at androidx.work.impl.utils.futures.AbstractFuture.get(:268435546)
11-21 00:34:15.885 I/WM-WorkerWrapper( 2334): 	at androidx.work.impl.WorkerWrapper$2.run(:3)
11-21 00:34:15.885 I/WM-WorkerWrapper( 2334): 	at androidx.work.impl.utils.SerialExecutor$Task.run(:2)
11-21 00:34:15.885 I/WM-WorkerWrapper( 2334): 	at java.util.concurrent.ThreadPoolExecutor.runWorker(ThreadPoolExecutor.java:1167)
11-21 00:34:15.885 I/WM-WorkerWrapper( 2334): 	at java.util.concurrent.ThreadPoolExecutor$Worker.run(ThreadPoolExecutor.java:641)
11-21 00:34:15.885 I/WM-WorkerWrapper( 2334): 	at java.lang.Thread.run(Thread.java:923)
11-21 00:34:15.888 D/mcu_health_checker(  934): Sent MCU Health Request
11-21 00:34:15.888 D/commandrouter( 1006): SocServiceHandle::onServiceMessage, SoC Service = mcu_healthcheck_934, appType = 1, type = SVC_REQ, clientId = 0, token = 1964, payloadLen = 20, result = 0, payload.size() = 20
11-21 00:34:15.889 I/android_os_HwBinder( 1186): HwBinder: Starting thread pool for getting: android.hardware.wifi.supplicant@1.0::ISupplicant/default
11-21 00:34:15.891 D/commandrouter( 1006): mcu_healthcheck_934 (1, merlot:mcu_health:control): <ServiceResponse> FORWARDED (remote -> local) CR token ID = 1964, service client ID = 5, token ID = 45188, result = 0
11-21 00:34:15.891 D/mcu_health_checker(  934): MCU Health Response: MCU_OK
11-21 00:34:15.891 D/mcu_health_checker(  934): MCU Session 0, uptime = 117900816 ms
11-21 00:34:15.892 D/mcu_health_checker(  934): mSensorErrs[0]: 0
11-21 00:34:15.892 D/mcu_health_checker(  934): mSensorErrs[1]: 0
11-21 00:34:15.892 D/mcu_health_checker(  934): mSensorErrs[2]: 0
11-21 00:34:15.892 I/wpa_supplicant( 9385): wlan0: Do not deauthenticate as part of interface deinit since WoWLAN is enabled
11-21 00:34:15.896 D/WifiP2pService( 1186): Wifi enabled=false, P2P Interface availability=true
11-21 00:34:15.896 D/WifiP2pService( 1186): Wifi enabled=false, P2P Interface availability=true
11-21 00:34:15.897 D/WifiP2pNative( 1186): Teardown P2P interface
11-21 00:34:15.898 W/ContextImpl( 1186): Calling a method in the system process without a qualified user: android.app.ContextImpl.sendBroadcastMultiplePermissions:1143 android.content.Context.sendBroadcastWithMultiplePermissions:2150 com.android.server.display.WifiDisplayAdapter.handleSendStatusChangeBroadcast:440 com.android.server.display.WifiDisplayAdapter.access$1700:63 com.android.server.display.WifiDisplayAdapter$WifiDisplayHandler.handleMessage:675 
11-21 00:34:15.913 W/HWComposer(  598): Ignoring duplicate VSYNC event from HWC for display 0 (t=117943638883287)
11-21 00:34:15.934 I/wpa_supplicant( 9385): Try to unregister vendor STA network
11-21 00:34:15.934 E/wpa_supplicant( 9385): eap_proxy: pthread_join on eap_proxy=0x230deac
11-21 00:34:15.935 E/wpa_supplicant( 9385): eap_proxy: session not started for client = 1
11-21 00:34:15.935 E/QMI_FW  ( 9385): qmi_cci_get_ref: ref count increased 2
11-21 00:34:15.935 E/QMI_FW  ( 9385): qmi_cci_get_ref: ref count increased 2
11-21 00:34:15.935 E/wpa_supplicant( 9385): eap_proxy: Released QMI UIM service client
11-21 00:34:15.935 E/QMI_FW  ( 9385): qmi_cci_get_ref: ref count increased 2
11-21 00:34:15.935 E/QMI_FW  ( 9385): qmi_cci_get_ref: ref count increased 2
11-21 00:34:15.936 E/wpa_supplicant( 9385): eap_proxy: Released QMI EAP service client
11-21 00:34:15.936 E/wpa_supplicant( 9385): eap_proxy: session not started for client = 2
11-21 00:34:15.936 E/QMI_FW  ( 9385): qmi_cci_get_ref: ref count increased 2
11-21 00:34:15.936 E/QMI_FW  ( 9385): qmi_cci_get_ref: ref count increased 2
11-21 00:34:15.938 E/wpa_supplicant( 9385): eap_proxy: Released QMI UIM service client
11-21 00:34:15.938 E/QMI_FW  ( 9385): qmi_cci_get_ref: ref count increased 2
11-21 00:34:15.938 E/QMI_FW  ( 9385): qmi_cci_get_ref: ref count increased 2
11-21 00:34:15.939 E/wpa_supplicant( 9385): eap_proxy: Released QMI EAP service client
11-21 00:34:15.939 I/wpa_supplicant( 9385): eap_proxy: eap_proxy Deinitialzed
11-21 00:34:15.957 D/CompatibilityInfo( 1186): mCompatibilityFlags - 4
11-21 00:34:15.957 D/CompatibilityInfo( 1186): applicationDensity - 320
11-21 00:34:15.957 D/CompatibilityInfo( 1186): applicationScale - 1.0
11-21 00:34:15.995 I/wpa_supplicant( 9385): nl80211: deinit ifname=wlan0 disabled_11b_rates=0
11-21 00:34:16.005 E/SelfCareDataCloudSyncWorker( 2334): Failed to get access token
11-21 00:34:16.005 E/SelfCareDataCloudSyncWorker( 2334): kotlinx.coroutines.JobCancellationException: Job was cancelled; job=JobImpl{Cancelling}@84d4aad
11-21 00:34:16.006 I/WM-WorkerWrapper( 2334): Work [ id=57f248e9-27c9-4baa-bcea-f98e3ece0d1a, tags={ com.facebook.wearable.system.selfcare.cloudsync.SelfCareDataCloudSyncWorker } ] was cancelled
11-21 00:34:16.006 I/WM-WorkerWrapper( 2334): java.util.concurrent.CancellationException: Task was cancelled.
11-21 00:34:16.006 I/WM-WorkerWrapper( 2334): 	at androidx.work.impl.utils.futures.AbstractFuture.getDoneValue(:32)
11-21 00:34:16.006 I/WM-WorkerWrapper( 2334): 	at androidx.work.impl.utils.futures.AbstractFuture.get(:268435546)
11-21 00:34:16.006 I/WM-WorkerWrapper( 2334): 	at androidx.work.impl.WorkerWrapper$2.run(:3)
11-21 00:34:16.006 I/WM-WorkerWrapper( 2334): 	at androidx.work.impl.utils.SerialExecutor$Task.run(:2)
11-21 00:34:16.006 I/WM-WorkerWrapper( 2334): 	at java.util.concurrent.ThreadPoolExecutor.runWorker(ThreadPoolExecutor.java:1167)
11-21 00:34:16.006 I/WM-WorkerWrapper( 2334): 	at java.util.concurrent.ThreadPoolExecutor$Worker.run(ThreadPoolExecutor.java:641)
11-21 00:34:16.006 I/WM-WorkerWrapper( 2334): 	at java.lang.Thread.run(Thread.java:923)
11-21 00:34:16.045 I/wpa_supplicant( 9385): Try to unregister vendor interface
11-21 00:34:16.046 D/LOWI-9.0.0.80( 1026): [LOWINetlinkSocketReceiver] unpackRTMLinkMessage: RTM_NEWLINK - ifname wlan0, flags 0x11043 ([UP][RUNNING])
11-21 00:34:16.046 D/LOWI-9.0.0.80( 1026): [LOWINetlinkSocketReceiver] processNetlinkPacket: ifname(wlan0) status(2)
11-21 00:34:16.046 D/LOWI-9.0.0.80( 1026): [LOWIController] intfStateReceived: ifname(wlan0) state(2)
11-21 00:34:16.046 D/LOWI-9.0.0.80( 1026): [LOWIEventReceiver] handleEvent:FROM:NA, TO:NA, REQ:NA, IREQ:NA, REQ_ID:0, RESP:NA, INFO:INTF-STATUS-UPDATE
11-21 00:34:16.046 D/LOWI-9.0.0.80( 1026): [LOWIEventReceiver] Info to [INTF-STATUS-UPDATE]
11-21 00:34:16.047 D/LOWI-9.0.0.80( 1026): [LOWIController] updateIntfState: WIFI enabled 2 mNlWifiStatus 2 mWifiStateEnabled 1
11-21 00:34:16.047 D/LOWI-9.0.0.80( 1026): [LOWIController] isWifiEnabled: mNlWifiStatus 2 mWifiStateEnabled 1
11-21 00:34:16.055 I/SupplicantStaIfaceHal( 1186): Terminating supplicant using HIDL
11-21 00:34:16.056 I/wpa_supplicant( 9385): p2p0: Do not deauthenticate as part of interface deinit since WoWLAN is enabled
11-21 00:34:16.114 E/wpa_supplicant( 9385): eap_proxy: pthread_join on eap_proxy=0x230dfa8
11-21 00:34:16.114 E/wpa_supplicant( 9385): eap_proxy: session not started for client = 1
11-21 00:34:16.115 E/QMI_FW  ( 9385): qmi_cci_get_ref: ref count increased 2
11-21 00:34:16.115 E/QMI_FW  ( 9385): qmi_cci_get_ref: ref count increased 2
11-21 00:34:16.115 E/wpa_supplicant( 9385): eap_proxy: Released QMI UIM service client
11-21 00:34:16.115 E/QMI_FW  ( 9385): qmi_cci_get_ref: ref count increased 2
11-21 00:34:16.115 E/QMI_FW  ( 9385): qmi_cci_get_ref: ref count increased 2
11-21 00:34:16.116 E/wpa_supplicant( 9385): eap_proxy: Released QMI EAP service client
11-21 00:34:16.116 E/wpa_supplicant( 9385): eap_proxy: session not started for client = 2
11-21 00:34:16.116 E/QMI_FW  ( 9385): qmi_cci_get_ref: ref count increased 2
11-21 00:34:16.116 E/QMI_FW  ( 9385): qmi_cci_get_ref: ref count increased 2
11-21 00:34:16.116 E/wpa_supplicant( 9385): eap_proxy: Released QMI UIM service client
11-21 00:34:16.117 E/QMI_FW  ( 9385): qmi_cci_get_ref: ref count increased 2
11-21 00:34:16.117 E/QMI_FW  ( 9385): qmi_cci_get_ref: ref count increased 2
11-21 00:34:16.119 E/wpa_supplicant( 9385): eap_proxy: Released QMI EAP service client
11-21 00:34:16.120 I/wpa_supplicant( 9385): eap_proxy: eap_proxy Deinitialzed
11-21 00:34:16.131 D/SettingsSDK::SyncHelper( 2334): Read setting com.facebook.wearable.sdk.selfcare:SELFCARE_SERVICE_ENABLED from persistent cache
11-21 00:34:16.131 D/FacebookRepository( 2334): Reading from Store [906581286488774]
11-21 00:34:16.176 I/wpa_supplicant( 9385): nl80211: deinit ifname=p2p0 disabled_11b_rates=0
11-21 00:34:16.195 E/StickerBundleDatabaseWorker( 2334): Failed to fetch sticker bundles:
11-21 00:34:16.195 E/StickerBundleDatabaseWorker( 2334): kotlinx.coroutines.JobCancellationException: Job was cancelled; job=JobImpl{Cancelling}@2999b3a
11-21 00:34:16.195 I/WM-WorkerWrapper( 2334): Work [ id=e596069b-4a6f-495d-b19d-a8669de7ea86, tags={ com.facebook.wearable.system.selfcare.sharing.StickerBundleDatabaseWorker } ] was cancelled
11-21 00:34:16.195 I/WM-WorkerWrapper( 2334): java.util.concurrent.CancellationException: Task was cancelled.
11-21 00:34:16.195 I/WM-WorkerWrapper( 2334): 	at androidx.work.impl.utils.futures.AbstractFuture.getDoneValue(:32)
11-21 00:34:16.195 I/WM-WorkerWrapper( 2334): 	at androidx.work.impl.utils.futures.AbstractFuture.get(:268435546)
11-21 00:34:16.195 I/WM-WorkerWrapper( 2334): 	at androidx.work.impl.WorkerWrapper$2.run(:3)
11-21 00:34:16.195 I/WM-WorkerWrapper( 2334): 	at androidx.work.impl.utils.SerialExecutor$Task.run(:2)
11-21 00:34:16.195 I/WM-WorkerWrapper( 2334): 	at java.util.concurrent.ThreadPoolExecutor.runWorker(ThreadPoolExecutor.java:1167)
11-21 00:34:16.195 I/WM-WorkerWrapper( 2334): 	at java.util.concurrent.ThreadPoolExecutor$Worker.run(ThreadPoolExecutor.java:641)
11-21 00:34:16.195 I/WM-WorkerWrapper( 2334): 	at java.lang.Thread.run(Thread.java:923)
11-21 00:34:16.215 D/LOWI-9.0.0.80( 1026): [LOWINetlinkSocketReceiver] unpackRTMLinkMessage: RTM_NEWLINK - ifname p2p0, flags 0x1003 ([UP])
11-21 00:34:16.244 D/LOWI-9.0.0.80( 1026): [LOWINetlinkSocketReceiver] unpackRTMLinkMessage: RTM_NEWLINK - ifname p2p0, flags 0x1002 ()
11-21 00:34:16.247 D/LOWI-9.0.0.80( 1026): [LOWINetlinkSocketReceiver] unpackRTMLinkMessage: RTM_NEWLINK - ifname p2p0, flags 0x1002 ()
11-21 00:34:16.257 I/wpa_supplicant( 9385): Try to unregister vendor p2 interface
11-21 00:34:16.258 I/WifiP2pNative( 1186): P2P interface teardown completed
11-21 00:34:16.258 D/WifiP2pNative( 1186): P2P InterfaceDestroyedListener p2p0
11-21 00:34:16.258 D/WifiP2pNative( 1186): Ignoring stale interface destroyed listener
11-21 00:34:16.259 D/WifiP2pNative( 1186): P2P InterfaceAvailableListener true
11-21 00:34:16.259 D/WifiP2pService( 1186): Wifi enabled=false, P2P Interface availability=true
11-21 00:34:16.260 I/android_os_HwBinder( 1186): HwBinder: Starting thread pool for getting: android.hardware.wifi.supplicant@1.0::ISupplicant/default
11-21 00:34:16.263 I/wpa_supplicant( 9385): Terminating...
11-21 00:34:16.265 D/LOWI-9.0.0.80( 1026): [LOWINetlinkSocketReceiver] unpackRTMLinkMessage: RTM_NEWLINK - ifname wlan0, flags 0x1003 ([UP])
11-21 00:34:16.265 D/LOWI-9.0.0.80( 1026): [LOWINetlinkSocketReceiver] processNetlinkPacket: ifname(wlan0) status(1)
11-21 00:34:16.265 D/LOWI-9.0.0.80( 1026): [LOWIController] intfStateReceived: ifname(wlan0) state(1)
11-21 00:34:16.265 D/LOWI-9.0.0.80( 1026): [LOWIEventReceiver] handleEvent:FROM:NA, TO:NA, REQ:NA, IREQ:NA, REQ_ID:0, RESP:NA, INFO:INTF-STATUS-UPDATE
11-21 00:34:16.265 D/LOWI-9.0.0.80( 1026): [LOWIEventReceiver] Info to [INTF-STATUS-UPDATE]
11-21 00:34:16.265 D/LOWI-9.0.0.80( 1026): [LOWIController] updateIntfState: WIFI enabled 1 mNlWifiStatus 2 mWifiStateEnabled 1
11-21 00:34:16.265 D/LOWI-9.0.0.80( 1026): [LOWIController] isWifiEnabled: mNlWifiStatus 1 mWifiStateEnabled 1
11-21 00:34:16.288 D/CompatibilityInfo( 1186): mCompatibilityFlags - 4
11-21 00:34:16.288 D/CompatibilityInfo( 1186): applicationDensity - 320
11-21 00:34:16.288 D/CompatibilityInfo( 1186): applicationScale - 1.0
11-21 00:34:16.308 W/SupplicantP2pIfaceHal( 1186): ISupplicant/ISupplicantP2pIface died: cookie=0
11-21 00:34:16.308 W/SupplicantP2pIfaceHal( 1186): ISupplicant/ISupplicantP2pIface died: cookie=0
11-21 00:34:16.308 D/SupplicantStaIfaceHal( 1186): ISupplicant died: cookie=-7704416497790851651
11-21 00:34:16.308 W/SupplicantP2pIfaceHal( 1186): ISupplicantVendor/ISupplicantVendorP2PIface died: cookie=0
11-21 00:34:16.309 D/LOWI-9.0.0.80( 1026): [LOWINetlinkSocketReceiver] unpackRTMLinkMessage: RTM_NEWLINK - ifname wlan0, flags 0x1003 ([UP])
11-21 00:34:16.309 D/LOWI-9.0.0.80( 1026): [LOWINetlinkSocketReceiver] processNetlinkPacket: ifname(wlan0) status(1)
11-21 00:34:16.309 D/LOWI-9.0.0.80( 1026): [LOWIController] intfStateReceived: ifname(wlan0) state(1)
11-21 00:34:16.309 D/LOWI-9.0.0.80( 1026): [LOWIEventReceiver] handleEvent:FROM:NA, TO:NA, REQ:NA, IREQ:NA, REQ_ID:0, RESP:NA, INFO:INTF-STATUS-UPDATE
11-21 00:34:16.309 D/LOWI-9.0.0.80( 1026): [LOWIEventReceiver] Info to [INTF-STATUS-UPDATE]
11-21 00:34:16.309 D/LOWI-9.0.0.80( 1026): [LOWIController] updateIntfState: WIFI enabled 1 mNlWifiStatus 1 mWifiStateEnabled 1
11-21 00:34:16.309 D/LOWI-9.0.0.80( 1026): [LOWIController] isWifiEnabled: mNlWifiStatus 1 mWifiStateEnabled 1
11-21 00:34:16.311 V/WifiHAL (  544): event received NL80211_CMD_DISCONNECT
11-21 00:34:16.311 W/SupplicantStaIfaceHal( 1186): Timed out waiting for confirmation of supplicant death
11-21 00:34:16.312 W/SupplicantStaIfaceHal( 1186): ISupplicantVendor/ISupplicantVendorStaIface died: cookie=0
11-21 00:34:16.312 W/SupplicantStaIfaceHal( 1186): ISupplicantVendor/ISupplicantVendorStaIface died: cookie=0
11-21 00:34:16.312 W/SupplicantP2pIfaceHal( 1186): ISupplicantVendor/ISupplicantVendorP2PIface died: cookie=0
11-21 00:34:16.313 E/SupplicantStaIfaceHal( 1186): Can't call getKeyMgmtCapabilities_1_3, ISupplicantStaIface is null
11-21 00:34:16.314 V/WifiHAL (  544): WifiVendorCommand 0xaadf1b98 created vendor_id:0x1374 subcmd:38
11-21 00:34:16.315 V/WifiHAL (  544): Got a Wi-Fi HAL module message from Driver
11-21 00:34:16.315 V/WifiHAL (  544): Supported feature set : 19d3d
11-21 00:34:16.315 V/WifiHAL (  544): Supported feature set acquired : 19d3d
11-21 00:34:16.315 V/WifiHAL (  544): WifiVendorCommand 0x98689320 created vendor_id:0x1374 subcmd:76
11-21 00:34:16.315 V/WifiHAL (  544): create: mVendor_id = 4980, Subcmd = 76.
11-21 00:34:16.317 V/WifiHAL (  544): WifiVendorCommand 0xaadf1cc8 created vendor_id:0x1374 subcmd:38
11-21 00:34:16.318 V/WifiHAL (  544): Got a Wi-Fi HAL module message from Driver
11-21 00:34:16.318 V/WifiHAL (  544): Supported feature set : 19d3d
11-21 00:34:16.318 V/WifiHAL (  544): Supported feature set acquired : 19d3d
11-21 00:34:16.318 V/WifiHAL (  544): WifiVendorCommand 0x98689320 created vendor_id:0x1374 subcmd:76
11-21 00:34:16.318 V/WifiHAL (  544): create: mVendor_id = 4980, Subcmd = 76.
11-21 00:34:16.324 E/SupplicantStaIfaceHal( 1186): Can't call getWpaDriverFeatureSet, ISupplicantStaIface is null
11-21 00:34:16.324 I/WifiNative( 1186): Successfully switched to scan mode on iface=Iface:{Name=wlan0,Id=0,Type=STA_SCAN}
11-21 00:34:16.325 W/SupplicantStaIfaceHal( 1186): ISupplicant died: cookie=147
11-21 00:34:16.325 D/BluetoothAdapterService( 1710): Soft AP is on band: 1
11-21 00:34:16.326 D/WifiClientModeManager0( 1186): entering ScanOnlyModeState
11-21 00:34:16.326 D/WifiP2pService( 1186): Wifi enabled=false, P2P Interface availability=true
11-21 00:34:16.326 D/BluetoothVendorService( 1710): getPowerBackoff 
11-21 00:34:16.326 D/BluetoothVendorService( 1710): setPowerBackoff to: false
11-21 00:34:16.326 I/BluetoothVendorJni( 1710): setPowerBackoffNative
11-21 00:34:16.326 I/bt_btif_vendor( 1710): setPowerBackOffState :0 
11-21 00:34:16.327 D/WifiScanRequestProxy( 1186): Sending scan available broadcast: true
11-21 00:34:16.327 W/bt_btif ( 1710): bta_dm_power_back_off: power_back_off feature not supported
11-21 00:34:16.327 I/WifiScanningService( 1186): Received a request to enable scanning, UID = 1000
11-21 00:34:16.327 I/WifiScanningService( 1186): scanner impls already exists
11-21 00:34:16.327 E/WifiScanningService( 1186): wifi driver loaded received while already loaded
11-21 00:34:16.328 D/BluetoothAdapterService( 1710): android.net.wifi.WIFI_STATE_CHANGED
11-21 00:34:16.329 I/WifiScanRequestProxy( 1186): Scanning is enabled
11-21 00:34:16.329 I/WifiScanRequestProxy( 1186): Scanning for hidden networks is disabled
11-21 00:34:16.329 D/WakeupController( 1186): start()
11-21 00:34:16.330 D/WakeupController( 1186): Setting active to true
11-21 00:34:16.337 D/WakeupLock( 1186): Lock set. Number of networks: 1
11-21 00:34:16.339 E/SelfCareDataCloudSyncWorker( 2334): Failed to get access token
11-21 00:34:16.339 E/SelfCareDataCloudSyncWorker( 2334): kotlinx.coroutines.JobCancellationException: Job was cancelled; job=JobImpl{Cancelling}@d66e3c7
11-21 00:34:16.339 I/WM-WorkerWrapper( 2334): Work [ id=57f248e9-27c9-4baa-bcea-f98e3ece0d1a, tags={ com.facebook.wearable.system.selfcare.cloudsync.SelfCareDataCloudSyncWorker } ] was cancelled
11-21 00:34:16.339 I/WM-WorkerWrapper( 2334): java.util.concurrent.CancellationException: Task was cancelled.
11-21 00:34:16.339 I/WM-WorkerWrapper( 2334): 	at androidx.work.impl.utils.futures.AbstractFuture.getDoneValue(:32)
11-21 00:34:16.339 I/WM-WorkerWrapper( 2334): 	at androidx.work.impl.utils.futures.AbstractFuture.get(:268435546)
11-21 00:34:16.339 I/WM-WorkerWrapper( 2334): 	at androidx.work.impl.WorkerWrapper$2.run(:3)
11-21 00:34:16.339 I/WM-WorkerWrapper( 2334): 	at androidx.work.impl.utils.SerialExecutor$Task.run(:2)
11-21 00:34:16.339 I/WM-WorkerWrapper( 2334): 	at java.util.concurrent.ThreadPoolExecutor.runWorker(ThreadPoolExecutor.java:1167)
11-21 00:34:16.339 I/WM-WorkerWrapper( 2334): 	at java.util.concurrent.ThreadPoolExecutor$Worker.run(ThreadPoolExecutor.java:641)
11-21 00:34:16.339 I/WM-WorkerWrapper( 2334): 	at java.lang.Thread.run(Thread.java:923)
11-21 00:34:16.339 D/WifiClientModeImpl( 1186): ClientModeImpl: Leaving Connected state
11-21 00:34:16.341 D/WifiCountryCode( 1186): updateCountryCode to US
11-21 00:34:16.341 E/SupplicantStaIfaceHal( 1186): Can't call setCountryCode, ISupplicantStaIface is null
11-21 00:34:16.341 D/WifiCountryCode( 1186): Failed to set country code to: US
11-21 00:34:16.349 E/SupplicantStaIfaceHal( 1186): Can't call listNetworks, ISupplicantStaIface is null
11-21 00:34:16.349 E/SupplicantStaIfaceHal( 1186): removeAllNetworks failed, got null networks
11-21 00:34:16.349 E/WifiClientModeImpl( 1186): Failed to remove networks on exiting connect mode
11-21 00:34:16.353 E/WakeupController( 1186): Unexpected setLastDisconnectInfo when WakeupController is active!
11-21 00:34:16.354 E/WifiVendorHal( 1186): stopRssiMonitoring(l.2106) failed {.code = ERROR_NOT_AVAILABLE, .description = }
11-21 00:34:16.355 E/SupplicantStaIfaceHal( 1186): Can't call setPowerSave, ISupplicantStaIface is null
11-21 00:34:16.355 E/SupplicantStaIfaceHal( 1186): Can't call setBtCoexistenceMode, ISupplicantStaIface is null
11-21 00:34:16.355 V/WifiClientModeImpl( 1186): stopIpClient IpClientWithPreConnection: false
11-21 00:34:16.355 V/WifiClientModeImpl( 1186): java.lang.Throwable
11-21 00:34:16.355 V/WifiClientModeImpl( 1186): 	at com.android.server.wifi.ClientModeImpl.stopIpClient(ClientModeImpl.java:1127)
11-21 00:34:16.355 V/WifiClientModeImpl( 1186): 	at com.android.server.wifi.ClientModeImpl.stopDhcpSetup(ClientModeImpl.java:1153)
11-21 00:34:16.355 V/WifiClientModeImpl( 1186): 	at com.android.server.wifi.ClientModeImpl.handleNetworkDisconnect(ClientModeImpl.java:2945)
11-21 00:34:16.355 V/WifiClientModeImpl( 1186): 	at com.android.server.wifi.ClientModeImpl.stopClientMode(ClientModeImpl.java:3889)
11-21 00:34:16.355 V/WifiClientModeImpl( 1186): 	at com.android.server.wifi.ClientModeImpl.access$4600(ClientModeImpl.java:176)
11-21 00:34:16.355 V/WifiClientModeImpl( 1186): 	at com.android.server.wifi.ClientModeImpl$ConnectModeState.exit(ClientModeImpl.java:4064)
11-21 00:34:16.355 V/WifiClientModeImpl( 1186): 	at com.android.wifi.x.com.android.internal.util.StateMachine$SmHandler.invokeExitMethods(StateMachine.java:1021)
11-21 00:34:16.355 V/WifiClientModeImpl( 1186): 	at com.android.wifi.x.com.android.internal.util.StateMachine$SmHandler.performTransitions(StateMachine.java:877)
11-21 00:34:16.355 V/WifiClientModeImpl( 1186): 	at com.android.wifi.x.com.android.internal.util.StateMachine$SmHandler.handleMessage(StateMachine.java:819)
11-21 00:34:16.355 V/WifiClientModeImpl( 1186): 	at android.os.Handler.dispatchMessage(Handler.java:106)
11-21 00:34:16.355 V/WifiClientModeImpl( 1186): 	at android.os.Looper.loop(Looper.java:223)
11-21 00:34:16.355 V/WifiClientModeImpl( 1186): 	at android.os.HandlerThread.run(HandlerThread.java:67)
11-21 00:34:16.356 D/DhcpClient( 1186): doQuit
11-21 00:34:16.358 D/QCNEJ/WlanStaInfoRelay( 1907): Received action: android.net.wifi.STATE_CHANGE
11-21 00:34:16.358 D/QCNEJ/WlanStaInfoRelay( 1907): reset CountryCodeRetriever
11-21 00:34:16.358 D/WifiConnector( 2870): Network State Changed
11-21 00:34:16.359 D/ConnectivityService( 1186): [171 WIFI] EVENT_NETWORK_INFO_CHANGED, going from CONNECTED to DISCONNECTED
11-21 00:34:16.359 D/ConnectivityService( 1186): [171 WIFI] disconnected, was satisfying 26
11-21 00:34:16.360 E/QMI_FW  (  915): qmi_cci_get_ref: ref count increased 2
11-21 00:34:16.363 D/WifiDiags( 1186): stopLogging() iface list is {} after removing wlan0
11-21 00:34:16.363 E/QMI_FW  (  915): qmi_cci_get_ref: ref count increased 2
11-21 00:34:16.365 E/WifiVendorHal( 1186): resetLogHandler(l.1558) failed {.code = ERROR_NOT_AVAILABLE, .description = }
11-21 00:34:16.365 W/WifiDiags( 1186): Fail to reset log handler
11-21 00:34:16.368 E/QMI_FW  ( 1042): qmi_cci_get_ref: ref count increased 2
11-21 00:34:16.373 D/WifiMemoryStoreImpl( 1186): Set cluster Ga6eb8feabe7908d4 for W958a1754935a727: SUCCESS
11-21 00:34:16.382 E/QMI_FW  ( 1042): qmi_cci_get_ref: ref count increased 2
11-21 00:34:16.391 E/QMI_FW  ( 1042): qmi_cci_get_ref: ref count increased 2
11-21 00:34:16.397 I/chatty  ( 1042): uid=1001(radio) main identical 6 lines
11-21 00:34:16.398 E/QMI_FW  ( 1042): qmi_cci_get_ref: ref count increased 2
11-21 00:34:16.399 E/QMI_FW  ( 1042): qmi_cci_get_ref: ref count increased 2
11-21 00:34:16.414 I/chatty  ( 1042): uid=1001(radio) main identical 6 lines
11-21 00:34:16.418 E/QMI_FW  ( 1042): qmi_cci_get_ref: ref count increased 2
11-21 00:34:16.441 I/GnssNetworkConnectivityHandler( 1186): Network connection lost. Available networks count: 1
11-21 00:34:16.442 I/GnssNetworkConnectivityHandler( 1186): updateNetworkState, state=CLOSED, connected=false, network=171, capabilities=[ Transports: WIFI Capabilities: NOT_METERED&INTERNET&NOT_RESTRICTED&TRUSTED&NOT_VPN&VALIDATED&NOT_ROAMING&FOREGROUND&NOT_CONGESTED&NOT_SUSPENDED LinkUpBandwidth>=61000Kbps LinkDnBandwidth>=61000Kbps SignalStrength: -32 OwnerUid: 1000 AdministratorUids: [] SSID: "MTBF_Lab" RequestorUid: -1 RequestorPackageName: null], apn: , availableNetworkCount: 1
11-21 00:34:16.445 W/LocSvc_LocIpc(  527): send:66] failed reason: No such file or directory
11-21 00:34:16.446 D/DeviceAuthService( 6456): Network lost
11-21 00:34:16.448 D/QCNEJ/DefaultNetworkInfoRelay( 1907): Default network lost: 171
11-21 00:34:16.453 D/QCNEJ/NativeHalConnector( 1907): -> SND notifyDefaultNetworkChanged(1)
11-21 00:34:16.455 D/QCNEJ/WlanStaInfoRelay( 1907): network lost: 171
11-21 00:34:16.455 D/WifiMemoryStoreImpl( 1186): Set cluster Ga6eb8feabe7908d4 for Wa6eb8feabe7908d4: SUCCESS
11-21 00:34:16.459 D/QCNEJ/WlanStaInfoRelay( 1907): onLost: unbind the process to WIFI
11-21 00:34:16.459 I/Nat464Xlat( 1186): Android Xlat is disabled
11-21 00:34:16.474 D/DhcpClient( 1186): DHCP Packet Handler stopped
11-21 00:34:16.474 D/DhcpClient( 1186): onQuitting
11-21 00:34:16.459 I/Nat464Xlat( 1186): Android Xlat is disabled
11-21 00:34:16.499 D/ConnectivityService( 1186): Sending DISCONNECTED broadcast for type 1 [171 WIFI] isDefaultNetwork=true
