11-20 07:30:23.799 D/commandrouter( 1006): SocServiceHandle::onServiceMessage, SoC Service = rtc_sync, appType = 1, type = SVC_RESP, clientId = 0, token = 38414, payloadLen = 8, result = 0, payload.size() = 8
11-20 07:30:33.790 D/commandrouter( 1006): rtc_sync (1, rtc:sync): <ServiceRequest> FORWARDED (remote -> local) service client ID = 0, token ID = 38415
11-20 07:30:33.791 D/commandrouter( 1006): SocServiceHandle::onServiceMessage, SoC Service = rtc_sync, appType = 1, type = SVC_RESP, clientId = 0, token = 38415, payloadLen = 8, result = 0, payload.size() = 8
11-20 07:30:37.322 I/chatty  ( 1186): uid=1000(system) android.ui expire 4 lines
11-20 07:30:40.177 I/chatty  ( 1186): uid=1000(system) Binder:1186_1A expire 4 lines
11-20 07:30:42.929 I/chatty  ( 1186): uid=1000(system) LazyTaskWriterT expire 1 line
11-20 07:30:43.778 D/commandrouter( 1006): rtc_sync (1, rtc:sync): <ServiceRequest> FORWARDED (remote -> local) service client ID = 0, token ID = 38416
11-20 07:30:43.779 D/commandrouter( 1006): SocServiceHandle::onServiceMessage, SoC Service = rtc_sync, appType = 1, type = SVC_RESP, clientId = 0, token = 38416, payloadLen = 8, result = 0, payload.size() = 8
11-20 07:30:45.429 D/commandrouter( 1006): SocServiceHandle::onServiceMessage, SoC Service = mcu_healthcheck_1029, appType = 1, type = SVC_REQ, clientId = 0, token = 1882, payloadLen = 12, result = 0, payload.size() = 12
11-20 07:30:45.433 D/commandrouter( 1006): mcu_healthcheck_1029 (1, merlot:mcu_health:control): <ServiceResponse> FORWARDED (remote -> local) CR token ID = 1882, service client ID = 40, token ID = 32296, result = 0
11-20 07:30:45.433 D/mculinkhealth( 1029): isMcuReachable 1 (3 ms)
11-20 07:30:47.905 I/chatty  ( 1186): uid=1000(system) android.display expire 1 line
11-20 07:30:48.325 I/chatty  ( 1186): uid=1000(system) ConnectivitySer expire 9 lines
11-20 07:30:48.538 E/NetlinkEvent(  462): NetlinkEvent::FindParam(): Parameter 'INTERFACE' not found
11-20 07:30:48.538 E/NetlinkEvent(  462): NetlinkEvent::FindParam(): Parameter 'STATE' not found
11-20 07:30:48.538 E/NetlinkEvent(  462): NetlinkEvent::FindParam(): Parameter 'TIME_NS' not found
11-20 07:30:48.538 E/NetlinkEvent(  462): NetlinkEvent::FindParam(): Parameter 'UID' not found
11-20 07:30:52.948 I/chatty  ( 1186): uid=1000(system) android.ui expire 5 lines
11-20 07:30:53.769 D/commandrouter( 1006): rtc_sync (1, rtc:sync): <ServiceRequest> FORWARDED (remote -> local) service client ID = 0, token ID = 38417
11-20 07:30:53.770 D/commandrouter( 1006): SocServiceHandle::onServiceMessage, SoC Service = rtc_sync, appType = 1, type = SVC_RESP, clientId = 0, token = 38417, payloadLen = 8, result = 0, payload.size() = 8
11-20 07:30:57.487 I/chatty  ( 1186): uid=1000(system) LazyTaskWriterT expire 1 line
11-20 07:30:59.632 I/chatty  ( 1186): uid=1000(system) android.ui expire 3 lines
11-20 07:31:01.046 I/chatty  ( 1186): uid=1000(system) DeviceStorageMo expire 2 lines
11-20 07:31:01.165 I/chatty  ( 1186): uid=1000(system) Binder:1186_B expire 4 lines
11-20 07:31:03.775 D/commandrouter( 1006): rtc_sync (1, rtc:sync): <ServiceRequest> FORWARDED (remote -> local) service client ID = 0, token ID = 38418
11-20 07:31:03.776 D/commandrouter( 1006): SocServiceHandle::onServiceMessage, SoC Service = rtc_sync, appType = 1, type = SVC_RESP, clientId = 0, token = 38418, payloadLen = 8, result = 0, payload.size() = 8
11-20 07:31:05.473 I/chatty  ( 1186): uid=1000(system) LazyTaskWriterT expire 1 line
11-20 07:31:07.440 I/chatty  ( 1186): uid=1000(system) android.display expire 1 line
11-20 07:31:08.467 I/chatty  ( 1186): uid=1000(system) WifiP2pService expire 2 lines
11-20 07:31:08.469 I/chatty  ( 1186): uid=1000(system) ActivityManager expire 1 line
11-20 07:31:08.472 W/wificond(  911): Scan is not started. Ignore abort request
11-20 07:31:08.923 I/chatty  ( 1186): uid=1000(system) WifiHandlerThre expire 1 line
11-20 07:31:08.943 I/chatty  ( 1186): uid=1000(system) ConnectivitySer expire 32 lines
11-20 07:31:09.091 D/commandrouter( 1006): SocServiceHandle::onServiceMessage, SoC Service = mcu_healthcheck_934, appType = 1, type = SVC_REQ, clientId = 0, token = 941, payloadLen = 20, result = 0, payload.size() = 20
11-20 07:31:09.096 D/commandrouter( 1006): mcu_healthcheck_934 (1, merlot:mcu_health:control): <ServiceResponse> FORWARDED (remote -> local) CR token ID = 941, service client ID = 5, token ID = 32297, result = 0
11-20 07:31:09.692 E/NetlinkEvent(  462): NetlinkEvent::FindParam(): Parameter 'INTERFACE' not found
11-20 07:31:09.693 E/NetlinkEvent(  462): NetlinkEvent::FindParam(): Parameter 'STATE' not found
11-20 07:31:09.693 E/NetlinkEvent(  462): NetlinkEvent::FindParam(): Parameter 'TIME_NS' not found
11-20 07:31:09.693 E/NetlinkEvent(  462): NetlinkEvent::FindParam(): Parameter 'UID' not found
11-20 07:31:13.783 D/commandrouter( 1006): rtc_sync (1, rtc:sync): <ServiceRequest> FORWARDED (remote -> local) service client ID = 0, token ID = 38419
11-20 07:31:13.784 D/commandrouter( 1006): SocServiceHandle::onServiceMessage, SoC Service = rtc_sync, appType = 1, type = SVC_RESP, clientId = 0, token = 38419, payloadLen = 8, result = 0, payload.size() = 8
11-20 07:31:15.434 D/commandrouter( 1006): SocServiceHandle::onServiceMessage, SoC Service = mcu_healthcheck_1029, appType = 1, type = SVC_REQ, clientId = 0, token = 1883, payloadLen = 12, result = 0, payload.size() = 12
11-20 07:31:15.439 D/commandrouter( 1006): mcu_healthcheck_1029 (1, merlot:mcu_health:control): <ServiceResponse> FORWARDED (remote -> local) CR token ID = 1883, service client ID = 40, token ID = 32298, result = 0
11-20 07:31:15.439 D/mculinkhealth( 1029): isMcuReachable 1 (5 ms)
11-20 07:31:23.787 D/commandrouter( 1006): rtc_sync (1, rtc:sync): <ServiceRequest> FORWARDED (remote -> local) service client ID = 0, token ID = 38420
11-20 07:31:23.788 D/commandrouter( 1006): SocServiceHandle::onServiceMessage, SoC Service = rtc_sync, appType = 1, type = SVC_RESP, clientId = 0, token = 38420, payloadLen = 8, result = 0, payload.size() = 8
11-20 07:31:28.759 I/chatty  ( 1186): uid=1000(system) android.ui expire 4 lines
11-20 07:31:32.172 I/chatty  ( 1186): uid=1000(system) Binder:1186_7 expire 4 lines
11-20 07:31:33.794 D/commandrouter( 1006): rtc_sync (1, rtc:sync): <ServiceRequest> FORWARDED (remote -> local) service client ID = 0, token ID = 38421
11-20 07:31:33.795 D/commandrouter( 1006): SocServiceHandle::onServiceMessage, SoC Service = rtc_sync, appType = 1, type = SVC_RESP, clientId = 0, token = 38421, payloadLen = 8, result = 0, payload.size() = 8
11-20 07:31:34.367 I/chatty  ( 1186): uid=1000(system) LazyTaskWriterT expire 1 line
11-20 07:31:38.477 I/chatty  ( 1186): uid=1000(system) AsyncTask #3048 expire 1 line
11-20 07:31:39.688 D/ConnectivityService( 1186): handleLingerComplete for [101 CELLULAR]
11-20 07:31:40.018 W/ContextImpl( 1186): Calling a method in the system process without a qualified user: android.app.ContextImpl.sendBroadcastMultiplePermissions:1143 android.content.Context.sendBroadcastWithMultiplePermissions:2150 com.android.server.display.WifiDisplayAdapter.handleSendStatusChangeBroadcast:440 com.android.server.display.WifiDisplayAdapter.access$1700:63 com.android.server.display.WifiDisplayAdapter$WifiDisplayHandler.handleMessage:675 
11-20 07:31:40.506 D/ConnectivityService( 1186): [160 WIFI] EVENT_NETWORK_INFO_CHANGED, going from CONNECTED to DISCONNECTED
11-20 07:31:40.506 D/ConnectivityService( 1186): [160 WIFI] disconnected, was satisfying 25
11-20 07:31:40.591 I/Nat464Xlat( 1186): Android Xlat is disabled
11-20 07:31:40.591 I/Nat464Xlat( 1186): Android Xlat is disabled
11-20 07:31:40.602 D/ConnectivityService( 1186): Sending DISCONNECTED broadcast for type 1 [160 WIFI] isDefaultNetwork=true
11-20 07:31:40.603 D/ConnectivityService( 1186): NetReassign [44 : null  101, 1191 : null  101, 11 : null  101, 63 : null  101, 17 : null  101, 25 : null  101, 1 : null  101, 1196 : null  101, 8 : null  101, 654 : null  101, 12 : null  101, 14 : null  101, 16 : null  101, 22 : null  101]
11-20 07:31:40.608 E/NetlinkEvent(  462): NetlinkEvent::FindParam(): Parameter 'INTERFACE' not found
11-20 07:31:40.608 E/NetlinkEvent(  462): NetlinkEvent::FindParam(): Parameter 'STATE' not found
11-20 07:31:40.608 E/NetlinkEvent(  462): NetlinkEvent::FindParam(): Parameter 'TIME_NS' not found
11-20 07:31:40.608 E/NetlinkEvent(  462): NetlinkEvent::FindParam(): Parameter 'UID' not found
11-20 07:31:40.617 D/ConnectivityService( 1186): Switching to new default network: NetworkAgentInfo{ ni{[type: MOBILE[LTE], state: CONNECTED/CONNECTED, reason: (unspecified), extra: enhancedphone, failover: false, available: true, roaming: false]}  network{101}  nethandle{437197393933}  lp{{InterfaceName: rmnet_data2 LinkAddresses: [ 10.55.48.101/30,2600:381:4804:c4b6:8cdc:8f0b:afe1:ec6b/64 ] DnsAddresses: [ /172.26.38.2,/fc00:a:a::400 ] Domains: null MTU: 1430 TcpBufferSizes: 2097152,4194304,8388608,262144,524288,1048576 Routes: [ 0.0.0.0/0 -> 10.55.48.102 rmnet_data2 mtu 1430,::/0 -> fe80::9db2:334d:2872:1e0a rmnet_data2 mtu 1430,10.55.48.100/30 -> 0.0.0.0 rmnet_data2 mtu 0,2600:381:4804:c4b6::/64 -> :: rmnet_data2 mtu 0 ]}}  nc{[ Transports: CELLULAR Capabilities: MMS&SUPL&FOTA&INTERNET&NOT_RESTRICTED&TRUSTED&NOT_VPN&VALIDATED&NOT_ROAMING&NOT_CONGESTED&NOT_SUSPENDED LinkUpBandwidth>=15000Kbps LinkDnBandwidth>=30000Kbps Specifier: <TelephonyNetworkSpecifier [mSubId = 1]> AdministratorUids: [] RequestorUid: -1 RequestorPackageName: null]}  Score{50}  everValidated{true}  lastValidated{true}  created{true} lingering{false} explicitlySelected{false} acceptUnvalidated{false} everCaptivePortalDetected{false} lastCaptivePortalDetected{false} partialConnectivity{false} acceptPartialConnectivity{false} clat{mBaseIface: null, mIface: null, mState: IDLE} }
11-20 07:31:40.790 D/ConnectivityService( 1186): Sending CONNECTED broadcast for type 0 [101 CELLULAR] isDefaultNetwork=true
11-20 07:31:43.805 D/commandrouter( 1006): rtc_sync (1, rtc:sync): <ServiceRequest> FORWARDED (remote -> local) service client ID = 0, token ID = 38422
11-20 07:31:43.806 D/commandrouter( 1006): SocServiceHandle::onServiceMessage, SoC Service = rtc_sync, appType = 1, type = SVC_RESP, clientId = 0, token = 38422, payloadLen = 8, result = 0, payload.size() = 8
11-20 07:31:45.008 D/AutofillManagerService( 1186): onBackKeyPressed()
11-20 07:31:45.440 D/commandrouter( 1006): SocServiceHandle::onServiceMessage, SoC Service = mcu_healthcheck_1029, appType = 1, type = SVC_REQ, clientId = 0, token = 1884, payloadLen = 12, result = 0, payload.size() = 12
11-20 07:31:45.444 D/commandrouter( 1006): mcu_healthcheck_1029 (1, merlot:mcu_health:control): <ServiceResponse> FORWARDED (remote -> local) CR token ID = 1884, service client ID = 40, token ID = 32299, result = 0
11-20 07:31:45.445 D/mculinkhealth( 1029): isMcuReachable 1 (4 ms)
11-20 07:31:45.533 D/AutofillManagerService( 1186): onBackKeyPressed()
11-20 07:31:47.626 I/chatty  ( 1186): uid=1000(system) android.ui identical 2 lines
11-20 07:31:48.619 D/AutofillManagerService( 1186): onBackKeyPressed()
11-20 07:31:49.554 E/TaskPersister( 1186): File error accessing recents directory (directory doesn't exist?).
11-20 07:31:49.630 D/AutofillManagerService( 1186): onBackKeyPressed()
11-20 07:31:50.630 I/chatty  ( 1186): uid=1000(system) android.ui identical 1 line
11-20 07:31:51.625 D/AutofillManagerService( 1186): onBackKeyPressed()
11-20 07:31:52.168 W/ActivityManager( 1186): Invalid packageName: com.facebook.wearable.system.settings/com.facebook.wearable.system.settings.SettingsActivity
11-20 07:31:52.275 I/ActivityTaskManager( 1186): START u0 {flg=0x10000000 cmp=com.facebook.wearable.system.settings/.SettingsActivity} from uid 0
11-20 07:31:52.292 I/ActivityTaskManager( 1186): The Process com.facebook.wearable.system.settings Already Exists in BG. So sending its PID: 13351
11-20 07:31:52.292 W/ActivityTaskManager( 1186): Tried to set launchTime (0) < mLastActivityLaunchTime (56580048)
11-20 07:31:53.810 D/commandrouter( 1006): rtc_sync (1, rtc:sync): <ServiceRequest> FORWARDED (remote -> local) service client ID = 0, token ID = 38423
11-20 07:31:53.811 D/commandrouter( 1006): SocServiceHandle::onServiceMessage, SoC Service = rtc_sync, appType = 1, type = SVC_RESP, clientId = 0, token = 38423, payloadLen = 8, result = 0, payload.size() = 8
11-20 07:31:55.908 E/TaskPersister( 1186): File error accessing recents directory (directory doesn't exist?).
11-20 07:31:58.237 W/ContextImpl( 1186): Calling a method in the system process without a qualified user: android.app.ContextImpl.sendBroadcastMultiplePermissions:1143 android.content.Context.sendBroadcastWithMultiplePermissions:2150 com.android.server.display.WifiDisplayAdapter.handleSendStatusChangeBroadcast:440 com.android.server.display.WifiDisplayAdapter.access$1700:63 com.android.server.display.WifiDisplayAdapter$WifiDisplayHandler.handleMessage:675 
11-20 07:31:59.289 W/ContextImpl( 1186): Calling a method in the system process without a qualified user: android.app.ContextImpl.sendBroadcastMultiplePermissions:1143 android.content.Context.sendBroadcastWithMultiplePermissions:2150 com.android.server.wifi.p2p.WifiP2pServiceImpl$P2pStateMachine.sendBroadcastMultiplePermissions:3209 com.android.server.wifi.p2p.WifiP2pServiceImpl$P2pStateMachine.sendP2pConnectionChangedBroadcast:3236 com.android.server.wifi.p2p.WifiP2pServiceImpl$P2pStateMachine.access$5100:768 
11-20 07:31:59.299 W/BroadcastQueue( 1186): Permission Denial: receiving Intent { act=android.net.wifi.p2p.CONNECTION_STATE_CHANGE flg=0x24000010 (has extras) } to ProcessRecord{688c834 1907:.qtidataservices/u0a88} (pid=1907, uid=10088) requires android.permission.ACCESS_FINE_LOCATION due to sender android (uid 1000)
11-20 07:31:59.301 W/wificond(  911): Scan is not started. Ignore abort request
11-20 07:31:59.387 W/ContextImpl( 1186): Calling a method in the system process without a qualified user: android.app.ContextImpl.sendBroadcastMultiplePermissions:1143 android.content.Context.sendBroadcastWithMultiplePermissions:2150 com.android.server.wifi.p2p.WifiP2pServiceImpl$P2pStateMachine.sendBroadcastMultiplePermissions:3209 com.android.server.wifi.p2p.WifiP2pServiceImpl$P2pStateMachine.sendThisDeviceChangedBroadcast:3218 com.android.server.wifi.p2p.WifiP2pServiceImpl$P2pStateMachine.updateThisDevice:3962 
11-20 07:31:59.754 D/ConnectivityService( 1186): registerNetworkAgent NetworkAgentInfo{ ni{[type: WIFI[], state: UNKNOWN/IDLE, reason: (unspecified), extra: , failover: false, available: true, roaming: false]}  network{161}  nethandle{694895431693}  lp{{InterfaceName: wlan0 LinkAddresses: [ ] DnsAddresses: [ ] Domains: null MTU: 0 Routes: [ ]}}  nc{[ Transports: WIFI Capabilities: NOT_METERED&INTERNET&NOT_RESTRICTED&TRUSTED&NOT_VPN&NOT_ROAMING&FOREGROUND&NOT_CONGESTED&NOT_SUSPENDED LinkUpBandwidth>=72000Kbps LinkDnBandwidth>=72000Kbps OwnerUid: 1000 SSID: "MTBF_Lab" RequestorUid: -1 RequestorPackageName: null]}  Score{20}  everValidated{false}  lastValidated{false}  created{false} lingering{false} explicitlySelected{false} acceptUnvalidated{false} everCaptivePortalDetected{false} lastCaptivePortalDetected{false} partialConnectivity{false} acceptPartialConnectivity{false} clat{mBaseIface: null, mIface: null, mState: IDLE} }
11-20 07:31:59.774 D/ConnectivityService( 1186): [161 WIFI] EVENT_NETWORK_INFO_CHANGED, going from UNKNOWN to UNKNOWN
11-20 07:31:59.934 D/ConnectivityService( 1186): NetReassign [no changes]
11-20 07:31:59.959 I/Nat464Xlat( 1186): Android Xlat is disabled
11-20 07:31:59.959 I/Nat464Xlat( 1186): Android Xlat is disabled
11-20 07:32:00.260 E/ConnectivityService( 1186): Exception in networkAddRouteParcel for non-gateway: android.os.ServiceSpecificException: Machine is not on the network (code 64)
11-20 07:32:00.263 E/ConnectivityService( 1186): Exception in networkAddRouteParcel for gateway: android.os.ServiceSpecificException: Machine is not on the network (code 64)
11-20 07:32:00.263 I/Nat464Xlat( 1186): Android Xlat is disabled
11-20 07:32:00.263 I/Nat464Xlat( 1186): Android Xlat is disabled
11-20 07:32:00.391 D/ConnectivityService( 1186): Setting DNS servers for network 161 to [/192.168.1.1]
11-20 07:32:00.392 I/Nat464Xlat( 1186): Android Xlat is disabled
11-20 07:32:00.392 I/Nat464Xlat( 1186): Android Xlat is disabled
11-20 07:32:00.503 D/ConnectivityService( 1186): [161 WIFI] EVENT_NETWORK_INFO_CHANGED, going from UNKNOWN to CONNECTED
11-20 07:32:00.507 D/DnsManager( 1186): sendDnsConfigurationForNetwork(161, [192.168.1.1], [], 1800, 25, 8, 64, 0, 0, , [])
11-20 07:32:00.509 W/DnsManager( 1186): updatePrivateDns(161, PrivateDnsConfig{true:/[]})
11-20 07:32:00.509 D/ConnectivityService( 1186): Setting DNS servers for network 161 to [/192.168.1.1]
11-20 07:32:00.510 D/DnsManager( 1186): sendDnsConfigurationForNetwork(161, [192.168.1.1], [], 1800, 25, 8, 64, 0, 0, , [192.168.1.1])
11-20 07:32:00.512 D/ConnectivityService( 1186): Adding iface wlan0 to network 161
11-20 07:32:00.527 D/ConnectivityService( 1186): Setting DNS servers for network 161 to [/192.168.1.1]
11-20 07:32:00.527 D/DnsManager( 1186): sendDnsConfigurationForNetwork(161, [192.168.1.1], [], 1800, 25, 8, 64, 0, 0, , [192.168.1.1])
11-20 07:32:00.530 I/Nat464Xlat( 1186): Android Xlat is disabled
11-20 07:32:00.530 I/Nat464Xlat( 1186): Android Xlat is disabled
11-20 07:32:00.604 D/ConnectivityService( 1186): NetReassign [no changes]
11-20 07:32:00.792 D/ConnectivityService( 1186): [161 WIFI] validation passed
11-20 07:32:00.793 D/ConnectivityService( 1186): NetReassign [44 : 101  161, 1191 : 101  161, 11 : 101  161, 63 : 101  161, 17 : 101  161, 25 : 101  161, 1 : 101  161, 1196 : 101  161, 8 : 101  161, 654 : 101  161, 12 : 101  161, 14 : 101  161, 16 : 101  161, 22 : 101  161]
11-20 07:32:00.799 E/NetlinkEvent(  462): NetlinkEvent::FindParam(): Parameter 'INTERFACE' not found
11-20 07:32:00.799 E/NetlinkEvent(  462): NetlinkEvent::FindParam(): Parameter 'STATE' not found
11-20 07:32:00.799 E/NetlinkEvent(  462): NetlinkEvent::FindParam(): Parameter 'TIME_NS' not found
11-20 07:32:00.799 E/NetlinkEvent(  462): NetlinkEvent::FindParam(): Parameter 'UID' not found
11-20 07:32:00.816 D/ConnectivityService( 1186): Switching to new default network: NetworkAgentInfo{ ni{[type: WIFI[], state: CONNECTED/CONNECTED, reason: (unspecified), extra: , failover: false, available: true, roaming: false]}  network{161}  nethandle{694895431693}  lp{{InterfaceName: wlan0 LinkAddresses: [ 192.168.1.41/24 ] DnsAddresses: [ /192.168.1.1 ] Domains: null MTU: 0 ServerAddress: /192.168.1.1 TcpBufferSizes: 524288,1048576,2097152,262144,524288,1048576 Routes: [ fe80::/64 -> :: wlan0 mtu 0,192.168.1.0/24 -> 0.0.0.0 wlan0 mtu 0,0.0.0.0/0 -> 192.168.1.1 wlan0 mtu 0 ]}}  nc{[ Transports: WIFI Capabilities: NOT_METERED&INTERNET&NOT_RESTRICTED&TRUSTED&NOT_VPN&VALIDATED&NOT_ROAMING&FOREGROUND&NOT_CONGESTED&NOT_SUSPENDED LinkUpBandwidth>=61000Kbps LinkDnBandwidth>=61000Kbps SignalStrength: -31 OwnerUid: 1000 SSID: "MTBF_Lab" RequestorUid: -1 RequestorPackageName: null]}  Score{60}  everValidated{true}  lastValidated{true}  created{true} lingering{false} explicitlySelected{false} acceptUnvalidated{false} everCaptivePortalDetected{false} lastCaptivePortalDetected{false} partialConnectivity{false} acceptPartialConnectivity{false} clat{mBaseIface: null, mIface: null, mState: IDLE} }
11-20 07:32:00.958 D/ConnectivityService( 1186): Lingering [101 CELLULAR] for 30000ms
11-20 07:32:00.960 D/ConnectivityService( 1186): Sending DISCONNECTED broadcast for type 0 [101 CELLULAR] isDefaultNetwork=true
11-20 07:32:00.962 D/ConnectivityService( 1186): Sending CONNECTED broadcast for type 1 [161 WIFI] isDefaultNetwork=true
11-20 07:32:00.991 D/ConnectivityService( 1186): Setting DNS servers for network 161 to [/192.168.1.1]
11-20 07:32:00.992 D/DnsManager( 1186): sendDnsConfigurationForNetwork(161, [192.168.1.1], [], 1800, 25, 8, 64, 0, 0, , [192.168.1.1])
11-20 07:32:01.145 D/AppStorageManager( 1186): BEFORE:: Previous Size: 1029320704 Current Size: 1029459968
11-20 07:32:01.145 D/AppStorageManager( 1186): AFTER:: Previous Size: 1029459968 Current Size: 1029459968
11-20 07:32:01.239 I/Nat464Xlat( 1186): Android Xlat is disabled
11-20 07:32:01.239 I/Nat464Xlat( 1186): Android Xlat is disabled
11-20 07:32:03.813 D/commandrouter( 1006): rtc_sync (1, rtc:sync): <ServiceRequest> FORWARDED (remote -> local) service client ID = 0, token ID = 38424
11-20 07:32:03.814 D/commandrouter( 1006): SocServiceHandle::onServiceMessage, SoC Service = rtc_sync, appType = 1, type = SVC_RESP, clientId = 0, token = 38424, payloadLen = 8, result = 0, payload.size() = 8
11-20 07:32:09.097 D/commandrouter( 1006): SocServiceHandle::onServiceMessage, SoC Service = mcu_healthcheck_934, appType = 1, type = SVC_REQ, clientId = 0, token = 942, payloadLen = 20, result = 0, payload.size() = 20
11-20 07:32:09.102 D/commandrouter( 1006): mcu_healthcheck_934 (1, merlot:mcu_health:control): <ServiceResponse> FORWARDED (remote -> local) CR token ID = 942, service client ID = 5, token ID = 32300, result = 0
11-20 07:32:13.807 D/commandrouter( 1006): rtc_sync (1, rtc:sync): <ServiceRequest> FORWARDED (remote -> local) service client ID = 0, token ID = 38425
11-20 07:32:13.808 D/commandrouter( 1006): SocServiceHandle::onServiceMessage, SoC Service = rtc_sync, appType = 1, type = SVC_RESP, clientId = 0, token = 38425, payloadLen = 8, result = 0, payload.size() = 8
11-20 07:32:15.446 D/commandrouter( 1006): SocServiceHandle::onServiceMessage, SoC Service = mcu_healthcheck_1029, appType = 1, type = SVC_REQ, clientId = 0, token = 1885, payloadLen = 12, result = 0, payload.size() = 12
11-20 07:32:15.452 D/commandrouter( 1006): mcu_healthcheck_1029 (1, merlot:mcu_health:control): <ServiceResponse> FORWARDED (remote -> local) CR token ID = 1885, service client ID = 40, token ID = 32301, result = 0
11-20 07:32:15.452 D/mculinkhealth( 1029): isMcuReachable 1 (6 ms)
11-20 07:32:19.675 D/AutofillManagerService( 1186): onBackKeyPressed()
11-20 07:32:20.747 I/chatty  ( 1186): uid=1000(system) android.ui identical 2 lines
11-20 07:32:21.958 D/AutofillManagerService( 1186): onBackKeyPressed()
11-20 07:32:23.129 W/ActivityManager( 1186): Invalid packageName: com.facebook.wearable.system.settings/com.facebook.wearable.system.settings.SettingsActivity
11-20 07:32:23.271 I/ActivityTaskManager( 1186): START u0 {flg=0x10000000 cmp=com.facebook.wearable.system.settings/.SettingsActivity} from uid 0
11-20 07:32:23.292 I/ActivityTaskManager( 1186): The Process com.facebook.wearable.system.settings Already Exists in BG. So sending its PID: 13351
11-20 07:32:23.293 W/ActivityTaskManager( 1186): Tried to set launchTime (0) < mLastActivityLaunchTime (56600019)
11-20 07:32:23.805 D/commandrouter( 1006): rtc_sync (1, rtc:sync): <ServiceRequest> FORWARDED (remote -> local) service client ID = 0, token ID = 38426
11-20 07:32:23.806 D/commandrouter( 1006): SocServiceHandle::onServiceMessage, SoC Service = rtc_sync, appType = 1, type = SVC_RESP, clientId = 0, token = 38426, payloadLen = 8, result = 0, payload.size() = 8
11-20 07:32:25.296 E/TaskPersister( 1186): File error accessing recents directory (directory doesn't exist?).
11-20 07:32:30.793 D/ConnectivityService( 1186): handleLingerComplete for [101 CELLULAR]
11-20 07:32:30.917 W/ContextImpl( 1186): Calling a method in the system process without a qualified user: android.app.ContextImpl.sendBroadcastMultiplePermissions:1143 android.content.Context.sendBroadcastWithMultiplePermissions:2150 com.android.server.display.WifiDisplayAdapter.handleSendStatusChangeBroadcast:440 com.android.server.display.WifiDisplayAdapter.access$1700:63 com.android.server.display.WifiDisplayAdapter$WifiDisplayHandler.handleMessage:675 
11-20 07:32:31.326 D/ConnectivityService( 1186): [161 WIFI] EVENT_NETWORK_INFO_CHANGED, going from CONNECTED to DISCONNECTED
11-20 07:32:31.326 D/ConnectivityService( 1186): [161 WIFI] disconnected, was satisfying 25
11-20 07:32:31.421 I/Nat464Xlat( 1186): Android Xlat is disabled
11-20 07:32:31.421 I/Nat464Xlat( 1186): Android Xlat is disabled
11-20 07:32:31.436 D/ConnectivityService( 1186): Sending DISCONNECTED broadcast for type 1 [161 WIFI] isDefaultNetwork=true
11-20 07:32:31.440 D/ConnectivityService( 1186): NetReassign [44 : null  101, 1191 : null  101, 11 : null  101, 63 : null  101, 17 : null  101, 25 : null  101, 1 : null  101, 1196 : null  101, 8 : null  101, 654 : null  101, 12 : null  101, 14 : null  101, 16 : null  101, 22 : null  101]
11-20 07:32:31.444 E/NetlinkEvent(  462): NetlinkEvent::FindParam(): Parameter 'INTERFACE' not found
11-20 07:32:31.444 E/NetlinkEvent(  462): NetlinkEvent::FindParam(): Parameter 'STATE' not found
11-20 07:32:31.444 E/NetlinkEvent(  462): NetlinkEvent::FindParam(): Parameter 'TIME_NS' not found
11-20 07:32:31.444 E/NetlinkEvent(  462): NetlinkEvent::FindParam(): Parameter 'UID' not found
11-20 07:32:31.449 D/ConnectivityService( 1186): Switching to new default network: NetworkAgentInfo{ ni{[type: MOBILE[LTE], state: CONNECTED/CONNECTED, reason: (unspecified), extra: enhancedphone, failover: false, available: true, roaming: false]}  network{101}  nethandle{437197393933}  lp{{InterfaceName: rmnet_data2 LinkAddresses: [ 10.55.48.101/30,2600:381:4804:c4b6:8cdc:8f0b:afe1:ec6b/64 ] DnsAddresses: [ /172.26.38.2,/fc00:a:a::400 ] Domains: null MTU: 1430 TcpBufferSizes: 2097152,4194304,8388608,262144,524288,1048576 Routes: [ 0.0.0.0/0 -> 10.55.48.102 rmnet_data2 mtu 1430,::/0 -> fe80::9db2:334d:2872:1e0a rmnet_data2 mtu 1430,10.55.48.100/30 -> 0.0.0.0 rmnet_data2 mtu 0,2600:381:4804:c4b6::/64 -> :: rmnet_data2 mtu 0 ]}}  nc{[ Transports: CELLULAR Capabilities: MMS&SUPL&FOTA&INTERNET&NOT_RESTRICTED&TRUSTED&NOT_VPN&VALIDATED&NOT_ROAMING&NOT_CONGESTED&NOT_SUSPENDED LinkUpBandwidth>=15000Kbps LinkDnBandwidth>=30000Kbps Specifier: <TelephonyNetworkSpecifier [mSubId = 1]> AdministratorUids: [] RequestorUid: -1 RequestorPackageName: null]}  Score{50}  everValidated{true}  lastValidated{true}  created{true} lingering{false} explicitlySelected{false} acceptUnvalidated{false} everCaptivePortalDetected{false} lastCaptivePortalDetected{false} partialConnectivity{false} acceptPartialConnectivity{false} clat{mBaseIface: null, mIface: null, mState: IDLE} }
11-20 07:32:31.627 D/ConnectivityService( 1186): Sending CONNECTED broadcast for type 0 [101 CELLULAR] isDefaultNetwork=true
11-20 07:32:33.804 D/commandrouter( 1006): rtc_sync (1, rtc:sync): <ServiceRequest> FORWARDED (remote -> local) service client ID = 0, token ID = 38427
11-20 07:32:33.805 D/commandrouter( 1006): SocServiceHandle::onServiceMessage, SoC Service = rtc_sync, appType = 1, type = SVC_RESP, clientId = 0, token = 38427, payloadLen = 8, result = 0, payload.size() = 8
11-20 07:32:35.909 D/AutofillManagerService( 1186): onBackKeyPressed()
11-20 07:32:38.629 I/chatty  ( 1186): uid=1000(system) android.ui identical 3 lines
11-20 07:32:39.624 D/AutofillManagerService( 1186): onBackKeyPressed()
11-20 07:32:40.446 E/TaskPersister( 1186): File error accessing recents directory (directory doesn't exist?).
11-20 07:32:40.618 D/AutofillManagerService( 1186): onBackKeyPressed()
11-20 07:32:41.632 I/chatty  ( 1186): uid=1000(system) android.ui identical 1 line
11-20 07:32:42.625 D/AutofillManagerService( 1186): onBackKeyPressed()
11-20 07:32:43.172 W/ActivityManager( 1186): Invalid packageName: com.facebook.wearable.system.settings/com.facebook.wearable.system.settings.SettingsActivity
11-20 07:32:43.314 I/ActivityTaskManager( 1186): START u0 {flg=0x10000000 cmp=com.facebook.wearable.system.settings/.SettingsActivity} from uid 0
11-20 07:32:43.330 I/ActivityTaskManager( 1186): The Process com.facebook.wearable.system.settings Already Exists in BG. So sending its PID: 13351
11-20 07:32:43.331 W/ActivityTaskManager( 1186): Tried to set launchTime (0) < mLastActivityLaunchTime (56631019)
11-20 07:32:43.793 D/commandrouter( 1006): rtc_sync (1, rtc:sync): <ServiceRequest> FORWARDED (remote -> local) service client ID = 0, token ID = 38428
11-20 07:32:43.794 D/commandrouter( 1006): SocServiceHandle::onServiceMessage, SoC Service = rtc_sync, appType = 1, type = SVC_RESP, clientId = 0, token = 38428, payloadLen = 8, result = 0, payload.size() = 8
11-20 07:32:45.453 D/commandrouter( 1006): SocServiceHandle::onServiceMessage, SoC Service = mcu_healthcheck_1029, appType = 1, type = SVC_REQ, clientId = 0, token = 1886, payloadLen = 12, result = 0, payload.size() = 12
11-20 07:32:45.459 D/commandrouter( 1006): mcu_healthcheck_1029 (1, merlot:mcu_health:control): <ServiceResponse> FORWARDED (remote -> local) CR token ID = 1886, service client ID = 40, token ID = 32302, result = 0
11-20 07:32:45.459 D/mculinkhealth( 1029): isMcuReachable 1 (6 ms)
11-20 07:32:46.150 D/AnalyticsLogger( 1186): sent events: 13
11-20 07:32:46.928 E/TaskPersister( 1186): File error accessing recents directory (directory doesn't exist?).
11-20 07:32:49.971 W/ContextImpl( 1186): Calling a method in the system process without a qualified user: android.app.ContextImpl.sendBroadcastMultiplePermissions:1143 android.content.Context.sendBroadcastWithMultiplePermissions:2150 com.android.server.display.WifiDisplayAdapter.handleSendStatusChangeBroadcast:440 com.android.server.display.WifiDisplayAdapter.access$1700:63 com.android.server.display.WifiDisplayAdapter$WifiDisplayHandler.handleMessage:675 
11-20 07:32:50.995 W/ContextImpl( 1186): Calling a method in the system process without a qualified user: android.app.ContextImpl.sendBroadcastMultiplePermissions:1143 android.content.Context.sendBroadcastWithMultiplePermissions:2150 com.android.server.wifi.p2p.WifiP2pServiceImpl$P2pStateMachine.sendBroadcastMultiplePermissions:3209 com.android.server.wifi.p2p.WifiP2pServiceImpl$P2pStateMachine.sendP2pConnectionChangedBroadcast:3236 com.android.server.wifi.p2p.WifiP2pServiceImpl$P2pStateMachine.access$5100:768 
11-20 07:32:50.996 W/BroadcastQueue( 1186): Permission Denial: receiving Intent { act=android.net.wifi.p2p.CONNECTION_STATE_CHANGE flg=0x24000010 (has extras) } to ProcessRecord{688c834 1907:.qtidataservices/u0a88} (pid=1907, uid=10088) requires android.permission.ACCESS_FINE_LOCATION due to sender android (uid 1000)
11-20 07:32:51.003 W/wificond(  911): Scan is not started. Ignore abort request
11-20 07:32:51.086 W/ContextImpl( 1186): Calling a method in the system process without a qualified user: android.app.ContextImpl.sendBroadcastMultiplePermissions:1143 android.content.Context.sendBroadcastWithMultiplePermissions:2150 com.android.server.wifi.p2p.WifiP2pServiceImpl$P2pStateMachine.sendBroadcastMultiplePermissions:3209 com.android.server.wifi.p2p.WifiP2pServiceImpl$P2pStateMachine.sendThisDeviceChangedBroadcast:3218 com.android.server.wifi.p2p.WifiP2pServiceImpl$P2pStateMachine.updateThisDevice:3962 
--------- beginning of main
11-20 07:32:51.165 D/BluetoothVendorService( 1710): setWifiState to: true
11-20 07:32:51.165 I/BluetoothVendorJni( 1710): setWifiStateNative
11-20 07:32:51.165 I/bt_btif_vendor( 1710): setWifiState :1
11-20 07:32:51.165 W/bt_btm  ( 1710): btm_cb.is_wifi_connected = 1 
11-20 07:32:51.165 W/bt_l2cap( 1710): L2CA_SetDesireRole() new:x1, disallow_switch:0
11-20 07:32:51.169 E/QMI_FW  (  915): qmi_cci_get_ref: ref count increased 2
11-20 07:32:51.172 E/QMI_FW  (  915): qmi_cci_get_ref: ref count increased 2
11-20 07:32:51.398 I/chatty  ( 1026): uid=1021(gps) lowi-server expire 15 lines
11-20 07:32:51.407 V/WifiHAL (  544): event received NL80211_CMD_CONNECT
11-20 07:32:51.414 I/wpa_supplicant(  645): wlan0: Associated with 6c:cd:d6:25:63:2a
11-20 07:32:51.414 I/wpa_supplicant(  645): wlan0: CTRL-EVENT-SUBNET-STATUS-UPDATE status=0
11-20 07:32:51.416 I/wpa_supplicant(  645): wlan0: WPA: RX message 1 of 4-Way Handshake from 6c:cd:d6:25:63:2a (ver=2)
11-20 07:32:51.416 I/wpa_supplicant(  645): wlan0: WPA: Sending EAPOL-Key 2/4
11-20 07:32:51.424 I/wpa_supplicant(  645): getWifiGenerationStatusInternal: generation = 4, twtSupport = false, vhtMax8SpatialStreamsSupport = false
11-20 07:32:51.427 I/wpa_supplicant(  645): wlan0: WPA: RX message 3 of 4-Way Handshake from 6c:cd:d6:25:63:2a (ver=2)
11-20 07:32:51.427 I/wpa_supplicant(  645): wlan0: WPA: Sending EAPOL-Key 4/4
11-20 07:32:51.432 I/wpa_supplicant(  645): wlan0: WPA: Key negotiation completed with 6c:cd:d6:25:63:2a [PTK=CCMP GTK=CCMP]
11-20 07:32:51.432 I/wpa_supplicant(  645): wlan0: CTRL-EVENT-CONNECTED - Connection to 6c:cd:d6:25:63:2a completed [id=0 id_str=%7B%22configKey%22%3A%22%5C%22MTBF_Lab%5C%22WPA_PSK%22%2C%22creatorUid%22%3A%221000%22%7D]
11-20 07:32:51.436 D/QCNEJ/WlanStaInfoRelay( 1907): Received action: android.net.wifi.STATE_CHANGE
11-20 07:32:51.436 D/BluetoothAdapterService( 1710): android.net.wifi.STATE_CHANGE
11-20 07:32:51.436 D/WifiConnector( 2870): Network State Changed
11-20 07:32:51.442 D/BluetoothVendorService( 1710): setWifiState to: true
11-20 07:32:51.442 I/BluetoothVendorJni( 1710): setWifiStateNative
11-20 07:32:51.442 I/bt_btif_vendor( 1710): setWifiState :1
11-20 07:32:51.458 D/ConnectivityService( 1186): registerNetworkAgent NetworkAgentInfo{ ni{[type: WIFI[], state: UNKNOWN/IDLE, reason: (unspecified), extra: , failover: false, available: true, roaming: false]}  network{162}  nethandle{699190398989}  lp{{InterfaceName: wlan0 LinkAddresses: [ ] DnsAddresses: [ ] Domains: null MTU: 0 Routes: [ ]}}  nc{[ Transports: WIFI Capabilities: NOT_METERED&INTERNET&NOT_RESTRICTED&TRUSTED&NOT_VPN&NOT_ROAMING&FOREGROUND&NOT_CONGESTED&NOT_SUSPENDED LinkUpBandwidth>=72000Kbps LinkDnBandwidth>=72000Kbps OwnerUid: 1000 SSID: "MTBF_Lab" RequestorUid: -1 RequestorPackageName: null]}  Score{20}  everValidated{false}  lastValidated{false}  created{false} lingering{false} explicitlySelected{false} acceptUnvalidated{false} everCaptivePortalDetected{false} lastCaptivePortalDetected{false} partialConnectivity{false} acceptPartialConnectivity{false} clat{mBaseIface: null, mIface: null, mState: IDLE} }
11-20 07:32:51.459 D/BluetoothAdapterService( 1710): android.net.wifi.STATE_CHANGE
11-20 07:32:51.459 D/WifiConnector( 2870): Network State Changed
11-20 07:32:51.460 D/QCNEJ/WlanStaInfoRelay( 1907): Received action: android.net.wifi.STATE_CHANGE
11-20 07:32:51.462 D/BluetoothVendorService( 1710): setWifiState to: true
11-20 07:32:51.462 I/BluetoothVendorJni( 1710): setWifiStateNative
11-20 07:32:51.462 I/bt_btif_vendor( 1710): setWifiState :1
11-20 07:32:51.475 D/ConnectivityService( 1186): [162 WIFI] EVENT_NETWORK_INFO_CHANGED, going from UNKNOWN to UNKNOWN
11-20 07:32:51.478 D/BluetoothAdapterService( 1710): android.net.wifi.STATE_CHANGE
11-20 07:32:51.479 D/QCNEJ/WlanStaInfoRelay( 1907): Received action: android.net.wifi.STATE_CHANGE
11-20 07:32:51.480 D/WifiConnector( 2870): Network State Changed
11-20 07:32:51.481 D/BluetoothVendorService( 1710): setWifiState to: true
11-20 07:32:51.481 I/BluetoothVendorJni( 1710): setWifiStateNative
11-20 07:32:51.481 I/bt_btif_vendor( 1710): setWifiState :1
11-20 07:32:51.506 V/WifiClientModeImpl( 1186): stopIpClient IpClientWithPreConnection: false
11-20 07:32:51.506 V/WifiClientModeImpl( 1186): java.lang.Throwable
11-20 07:32:51.506 V/WifiClientModeImpl( 1186): 	at com.android.server.wifi.ClientModeImpl.stopIpClient(ClientModeImpl.java:1127)
11-20 07:32:51.506 V/WifiClientModeImpl( 1186): 	at com.android.server.wifi.ClientModeImpl.stopDhcpSetup(ClientModeImpl.java:1153)
11-20 07:32:51.506 V/WifiClientModeImpl( 1186): 	at com.android.server.wifi.ClientModeImpl.startIpClient(ClientModeImpl.java:7079)
11-20 07:32:51.506 V/WifiClientModeImpl( 1186): 	at com.android.server.wifi.ClientModeImpl.access$7100(ClientModeImpl.java:176)
11-20 07:32:51.506 V/WifiClientModeImpl( 1186): 	at com.android.server.wifi.ClientModeImpl$ObtainingIpState.enter(ClientModeImpl.java:5462)
11-20 07:32:51.506 V/WifiClientModeImpl( 1186): 	at com.android.wifi.x.com.android.internal.util.StateMachine$SmHandler.invokeEnterMethods(StateMachine.java:1037)
11-20 07:32:51.506 V/WifiClientModeImpl( 1186): 	at com.android.wifi.x.com.android.internal.util.StateMachine$SmHandler.performTransitions(StateMachine.java:879)
11-20 07:32:51.506 V/WifiClientModeImpl( 1186): 	at com.android.wifi.x.com.android.internal.util.StateMachine$SmHandler.handleMessage(StateMachine.java:819)
11-20 07:32:51.506 V/WifiClientModeImpl( 1186): 	at android.os.Handler.dispatchMessage(Handler.java:106)
11-20 07:32:51.506 V/WifiClientModeImpl( 1186): 	at android.os.Looper.loop(Looper.java:223)
11-20 07:32:51.506 V/WifiClientModeImpl( 1186): 	at android.os.HandlerThread.run(HandlerThread.java:67)
11-20 07:32:51.508 V/WifiHAL (  544): WifiVendorCommand 0x984ec000 created vendor_id:0x1374 subcmd:83
11-20 07:32:51.508 E/WifiHAL (  544): wifi_get_packet_filter_capabilities: requestResponse() error: -3
11-20 07:32:51.508 I/WifiHAL (  544): Packet filtering is not supprted
11-20 07:32:51.624 D/QCNEJ/WlanStaInfoRelay( 1907): Received action: android.net.wifi.RSSI_CHANGED
11-20 07:32:51.626 D/WearableConnectivityManager(11143): onWifiStrengthChange: -32
11-20 07:32:51.628 V/WifiHAL (  544): WifiVendorCommand 0x986b8148 created vendor_id:0x1374 subcmd:82
11-20 07:32:51.628 D/ConnectivityService( 1186): NetReassign [no changes]
11-20 07:32:51.628 V/WifiHAL (  544): ND offload : Enable
11-20 07:32:51.644 E/WifiVendorHal( 1186): configureNeighborDiscoveryOffload(l.2193) failed {.code = ERROR_NOT_SUPPORTED, .description = }
11-20 07:32:51.647 E/QMI_FW  (  915): qmi_cci_get_ref: ref count increased 2
11-20 07:32:51.650 E/QMI_FW  (  915): qmi_cci_get_ref: ref count increased 2
11-20 07:32:51.650 E/Netd    (  462): no such netId 162
11-20 07:32:51.652 I/Nat464Xlat( 1186): Android Xlat is disabled
11-20 07:32:51.711 D/DhcpClient( 1186): l2key: W958a1754935a727 lease address: /192.168.1.41 lease expiry: 1637508720228 current time: 1637422371711
11-20 07:32:51.713 D/DhcpClient( 1186): Broadcasting DHCPREQUEST ciaddr=0.0.0.0 request=192.168.1.41 serverid=null
11-20 07:32:51.742 D/DhcpClient( 1186): Received packet: 6a:fd:b2:a8:97:f8 ACK: your new IP /192.168.1.41, netmask /255.255.255.0, gateways [/192.168.1.1] DNS servers: /192.168.1.1 , lease time 86400
11-20 07:32:51.743 D/DhcpClient( 1186): Confirmed lease: android.net.networkstack.DhcpResults@f57279b DHCP server /192.168.1.1 Vendor info null lease 86400 seconds Servername 
11-20 07:32:51.776 D/BluetoothAdapterService( 1710): android.net.wifi.STATE_CHANGE
11-20 07:32:51.777 D/QCNEJ/WlanStaInfoRelay( 1907): Received action: android.net.wifi.STATE_CHANGE
11-20 07:32:51.777 D/WifiConnector( 2870): Network State Changed
11-20 07:32:51.778 E/Netd    (  462): no such netId 162
11-20 07:32:51.652 I/Nat464Xlat( 1186): Android Xlat is disabled
11-20 07:32:51.779 E/ConnectivityService( 1186): Exception in networkAddRouteParcel for non-gateway: android.os.ServiceSpecificException: Machine is not on the network (code 64)
11-20 07:32:51.780 E/Netd    (  462): no such netId 162
11-20 07:32:51.780 D/BluetoothVendorService( 1710): setWifiState to: true
11-20 07:32:51.780 I/BluetoothVendorJni( 1710): setWifiStateNative
11-20 07:32:51.780 I/bt_btif_vendor( 1710): setWifiState :1
11-20 07:32:51.781 E/ConnectivityService( 1186): Exception in networkAddRouteParcel for gateway: android.os.ServiceSpecificException: Machine is not on the network (code 64)
11-20 07:32:51.781 I/Nat464Xlat( 1186): Android Xlat is disabled
11-20 07:32:51.787 D/DhcpClient( 1186): Scheduling renewal in 43199s
11-20 07:32:51.787 D/DhcpClient( 1186): Scheduling rebind in 75599s
11-20 07:32:51.787 D/DhcpClient( 1186): Scheduling expiry in 86399s
11-20 07:32:51.793 D/QCNEJ/WlanStaInfoRelay( 1907): Received action: android.net.wifi.STATE_CHANGE
11-20 07:32:51.795 D/BluetoothAdapterService( 1710): android.net.wifi.STATE_CHANGE
11-20 07:32:51.796 D/WifiConnector( 2870): Network State Changed
11-20 07:32:51.801 D/BluetoothVendorService( 1710): setWifiState to: true
11-20 07:32:51.801 I/BluetoothVendorJni( 1710): setWifiStateNative
11-20 07:32:51.801 I/bt_btif_vendor( 1710): setWifiState :1
11-20 07:32:51.801 D/WifiConnector( 2870): Configured Networks Changed
11-20 07:32:51.803 W/WifiScoreReport( 1186): Cannot start external scoring netId=162 currentNetId=162 sessionId=1629
11-20 07:32:51.815 D/WifiMemoryStoreImpl( 1186): Set cluster Ga6eb8feabe7908d4 for W958a1754935a727: SUCCESS
11-20 07:32:51.873 D/WifiMemoryStoreImpl( 1186): Set cluster Ga6eb8feabe7908d4 for Wa6eb8feabe7908d4: SUCCESS
11-20 07:32:51.895 E/QMI_FW  (  915): qmi_cci_get_ref: ref count increased 2
11-20 07:32:51.897 E/QMI_FW  (  915): qmi_cci_get_ref: ref count increased 2
11-20 07:32:51.917 E/QMI_FW  ( 1042): qmi_cci_get_ref: ref count increased 2
11-20 07:32:51.917 E/QMI_FW  ( 1042): qmi_cci_get_ref: ref count increased 2
11-20 07:32:51.923 E/QMI_FW  ( 1042): qmi_cci_get_ref: ref count increased 2
11-20 07:32:51.781 I/Nat464Xlat( 1186): Android Xlat is disabled
11-20 07:32:51.927 D/ConnectivityService( 1186): Setting DNS servers for network 162 to [/192.168.1.1]
11-20 07:32:51.943 I/Nat464Xlat( 1186): Android Xlat is disabled
11-20 07:32:51.943 I/Nat464Xlat( 1186): Android Xlat is disabled
11-20 07:32:52.058 D/ConnectivityService( 1186): [162 WIFI] EVENT_NETWORK_INFO_CHANGED, going from UNKNOWN to CONNECTED
11-20 07:32:52.061 D/DnsManager( 1186): sendDnsConfigurationForNetwork(162, [192.168.1.1], [], 1800, 25, 8, 64, 0, 0, , [])
11-20 07:32:52.063 W/DnsManager( 1186): updatePrivateDns(162, PrivateDnsConfig{true:/[]})
11-20 07:32:52.066 D/ConnectivityService( 1186): Setting DNS servers for network 162 to [/192.168.1.1]
11-20 07:32:52.067 D/DnsManager( 1186): sendDnsConfigurationForNetwork(162, [192.168.1.1], [], 1800, 25, 8, 64, 0, 0, , [192.168.1.1])
11-20 07:32:52.067 W/system_server( 1186): Long monitor contention with owner ConnectivityServiceThread (1645) at void com.android.server.net.NetworkStatsService.updateIfaces(android.net.Network[], android.net.NetworkState[], java.lang.String)(NetworkStatsService.java:1241) waiters=0 in void com.android.server.net.NetworkStatsService.advisePersistThreshold(long) for 110ms
11-20 07:32:52.070 D/ConnectivityService( 1186): Adding iface wlan0 to network 162
11-20 07:32:52.080 W/resolv  (  462): Validating DnsTlsServer on netId 162
11-20 07:32:52.083 W/resolv  (  462): Validation failed
11-20 07:32:52.088 D/ConnectivityService( 1186): Setting DNS servers for network 162 to [/192.168.1.1]
11-20 07:32:52.089 D/DnsManager( 1186): sendDnsConfigurationForNetwork(162, [192.168.1.1], [], 1800, 25, 8, 64, 0, 0, , [192.168.1.1])
11-20 07:32:52.091 I/Nat464Xlat( 1186): Android Xlat is disabled
11-20 07:32:52.096 W/resolv  (  462): Validating DnsTlsServer on netId 162
11-20 07:32:52.113 W/resolv  (  462): SSL_connect ssl error =5, mark 0xf00a2: Connection refused
11-20 07:32:52.114 W/resolv  (  462): Validation failed
11-20 07:32:52.091 I/Nat464Xlat( 1186): Android Xlat is disabled
11-20 07:32:52.163 D/ConnectivityService( 1186): NetReassign [no changes]
11-20 07:32:52.163 D/WifiClientModeImpl( 1186): Received signal strength thresholds: []
11-20 07:32:52.165 E/WifiVendorHal( 1186): stopRssiMonitoring(l.2106) failed {.code = ERROR_NOT_AVAILABLE, .description = }
11-20 07:32:52.170 D/QCNEJ/WlanStaInfoRelay( 1907): network available: 162
11-20 07:32:52.179 D/QCNEJ/NativeHalConnector( 1907): -> SND notifyWifiAvailable(v4Connected = truev6Connected = , false, isAndroidValidated = false)
11-20 07:32:52.184 D/QCNEJ/NativeHalConnector( 1907): -> SND notifyWifiAvailable(v4Connected = truev6Connected = , false, isAndroidValidated = false)
11-20 07:32:52.229 D/NetworkMonitor/162( 1186): PROBE_DNS connectivitycheck.gstatic.com 52ms OK 142.250.191.67
11-20 07:32:52.231 W/System  ( 1186): ClassLoader referenced unknown path: /system/framework/tcmclient.jar
11-20 07:32:52.236 D/NetworkMonitor/162( 1186): PROBE_DNS www.google.com 57ms OK 142.250.191.68
11-20 07:32:52.303 D/NetworkMonitor/162( 1186): PROBE_HTTP http://connectivitycheck.gstatic.com/generate_204 time=62ms ret=204 request={Connection=[close], User-Agent=[Mozilla/5.0 (X11; Linux x86_64) AppleWebKit/537.36 (KHTML, like Gecko) Chrome/60.0.3112.32 Safari/537.36]} headers={null=[HTTP/1.1 204 No Content], Connection=[close], Content-Length=[0], Date=[Sat, 20 Nov 2021 15:32:53 GMT], X-Android-Received-Millis=[1637422372302], X-Android-Response-Source=[NETWORK 204], X-Android-Selected-Protocol=[http/1.1], X-Android-Sent-Millis=[1637422372264]}
11-20 07:32:52.331 D/NetworkMonitor/162( 1186): PROBE_HTTPS https://www.google.com/generate_204 time=87ms ret=204 request={Connection=[close], User-Agent=[Mozilla/5.0 (X11; Linux x86_64) AppleWebKit/537.36 (KHTML, like Gecko) Chrome/60.0.3112.32 Safari/537.36]} headers={null=[HTTP/1.1 204 No Content], Alt-Svc=[h3=":443"; ma=2592000,h3-29=":443"; ma=2592000,h3-Q050=":443"; ma=2592000,h3-Q046=":443"; ma=2592000,h3-Q043=":443"; ma=2592000,quic=":443"; ma=2592000; v="46,43"], Connection=[close], Content-Length=[0], Date=[Sat, 20 Nov 2021 15:32:53 GMT], X-Android-Received-Millis=[1637422372329], X-Android-Response-Source=[NETWORK 204], X-Android-Selected-Protocol=[http/1.1], X-Android-Sent-Millis=[1637422372307]}
11-20 07:32:52.332 D/NetworkMonitor/162( 1186): isCaptivePortal: isSuccessful()=true isPortal()=false RedirectUrl=null isPartialConnectivity()=false Time=158ms
11-20 07:32:52.337 D/ConnectivityService( 1186): [162 WIFI] validation passed
11-20 07:32:52.338 D/ConnectivityService( 1186): NetReassign [44 : 101  162, 1191 : 101  162, 11 : 101  162, 63 : 101  162, 17 : 101  162, 25 : 101  162, 1 : 101  162, 1196 : 101  162, 8 : 101  162, 654 : 101  162, 12 : 101  162, 14 : 101  162, 16 : 101  162, 22 : 101  162]
11-20 07:32:52.344 E/NetlinkEvent(  462): NetlinkEvent::FindParam(): Parameter 'INTERFACE' not found
11-20 07:32:52.344 E/NetlinkEvent(  462): NetlinkEvent::FindParam(): Parameter 'STATE' not found
11-20 07:32:52.344 E/NetlinkEvent(  462): NetlinkEvent::FindParam(): Parameter 'TIME_NS' not found
11-20 07:32:52.344 E/NetlinkEvent(  462): NetlinkEvent::FindParam(): Parameter 'UID' not found
11-20 07:32:52.362 D/ConnectivityService( 1186): Switching to new default network: NetworkAgentInfo{ ni{[type: WIFI[], state: CONNECTED/CONNECTED, reason: (unspecified), extra: , failover: false, available: true, roaming: false]}  network{162}  nethandle{699190398989}  lp{{InterfaceName: wlan0 LinkAddresses: [ 192.168.1.41/24 ] DnsAddresses: [ /192.168.1.1 ] Domains: null MTU: 0 ServerAddress: /192.168.1.1 TcpBufferSizes: 524288,1048576,2097152,262144,524288,1048576 Routes: [ fe80::/64 -> :: wlan0 mtu 0,192.168.1.0/24 -> 0.0.0.0 wlan0 mtu 0,0.0.0.0/0 -> 192.168.1.1 wlan0 mtu 0 ]}}  nc{[ Transports: WIFI Capabilities: NOT_METERED&INTERNET&NOT_RESTRICTED&TRUSTED&NOT_VPN&VALIDATED&NOT_ROAMING&FOREGROUND&NOT_CONGESTED&NOT_SUSPENDED LinkUpBandwidth>=61000Kbps LinkDnBandwidth>=61000Kbps SignalStrength: -32 OwnerUid: 1000 SSID: "MTBF_Lab" RequestorUid: -1 RequestorPackageName: null]}  Score{60}  everValidated{true}  lastValidated{true}  created{true} lingering{false} explicitlySelected{false} acceptUnvalidated{false} everCaptivePortalDetected{false} lastCaptivePortalDetected{false} partialConnectivity{false} acceptPartialConnectivity{false} clat{mBaseIface: null, mIface: null, mState: IDLE} }
11-20 07:32:52.446 D/QCNEJ/WlanStaInfoRelay( 1907): Received action: android.net.wifi.LINK_CONFIGURATION_CHANGED
11-20 07:32:52.446 E/QCNEJ/WlanStaInfoRelay( 1907): update link properties given null lp
11-20 07:32:52.493 D/DeviceAuthService(28013): Network connected
11-20 07:32:52.493 D/DeviceAuthService(28013): fetchAuthTokenWrapper called
11-20 07:32:52.496 D/NetworkTimeUpdateService( 1186): New default network 162; checking time.
11-20 07:32:52.498 V/LigerRadioStatsReporter( 2357): onCapabilitiesChanged: Network capabilities changed
11-20 07:32:52.508 D/ConnectivityService( 1186): Lingering [101 CELLULAR] for 30000ms
11-20 07:32:52.509 D/QCNEJ/DefaultNetworkInfoRelay( 1907): Default network available: 162
11-20 07:32:52.510 D/ConnectivityService( 1186): Sending DISCONNECTED broadcast for type 0 [101 CELLULAR] isDefaultNetwork=true
11-20 07:32:52.510 D/QCNEJ/NativeHalConnector( 1907): -> SND notifyDefaultNetworkChanged(1)
11-20 07:32:52.512 D/ConnectivityService( 1186): Sending CONNECTED broadcast for type 1 [162 WIFI] isDefaultNetwork=true
11-20 07:32:52.516 I/GnssNetworkConnectivityHandler( 1186): updateNetworkState, state=CLOSED, connected=true, network=162, capabilities=[ Transports: WIFI Capabilities: NOT_METERED&INTERNET&NOT_RESTRICTED&TRUSTED&NOT_VPN&VALIDATED&NOT_ROAMING&FOREGROUND&NOT_CONGESTED&NOT_SUSPENDED LinkUpBandwidth>=61000Kbps LinkDnBandwidth>=61000Kbps SignalStrength: -32 OwnerUid: 1000 AdministratorUids: [] SSID: "MTBF_Lab" RequestorUid: -1 RequestorPackageName: null], apn: , availableNetworkCount: 2
11-20 07:32:52.518 I/chatty  (  527): uid=1021(gps) Loc_hal_worker expire 1 line
11-20 07:32:52.523 E/QMI_FW  (  915): qmi_cci_get_ref: ref count increased 2
11-20 07:32:52.526 E/QMI_FW  (  915): qmi_cci_get_ref: ref count increased 2
11-20 07:32:52.533 D/QCNEJ/WlanStaInfoRelay( 1907): AndroidValidate from false to true
11-20 07:32:52.536 D/QCNEJ/WlanStaInfoRelay( 1907): retrieveCountryCode:Location obtained from Telephony: us
11-20 07:32:52.538 V/LigerRadioStatsReporter( 2357): onCapabilitiesChanged: Network capabilities changed
11-20 07:32:52.538 V/LigerRadioStatsReporter( 2357): reportAndCheckpointRadioStats
11-20 07:32:52.542 V/LigerRadioStatsReporter( 2357): +++++++++++ RADIO STATS DUMP +++++++++++
11-20 07:32:52.543 V/LigerRadioStatsReporter( 2357): totalActiveRadioTimeMs=0
11-20 07:32:52.543 V/LigerRadioStatsReporter( 2357): totalTailRadioTimeMs=13993
11-20 07:32:52.543 V/LigerRadioStatsReporter( 2357): totalWakeupCount=0
11-20 07:32:52.543 V/LigerRadioStatsReporter( 2357): httpUpBytes=0
11-20 07:32:52.543 V/LigerRadioStatsReporter( 2357): httpDownBytes=0
11-20 07:32:52.543 V/LigerRadioStatsReporter( 2357): httpWakeupCount=0
