11-20 07:19:43.325 D/LOWI-9.0.0.80( 1026): [LOWI-Scan] decode_rsn_wpa_ie: Entered
11-20 07:19:43.325 D/LOWI-9.0.0.80( 1026): [LOWIUtils] hexDump: msg(30 14 01 00 00 0f ac 04 01 00 00 0f ac 04 01 00 00 0f ac 02 )
11-20 07:19:43.325 D/LOWI-9.0.0.80( 1026): [LOWI-Scan] decode_rsn_wpa_ie: LOWI_ENCRYPTION_TYPE_WPA_PSK
11-20 07:19:43.325 D/LOWI-9.0.0.80( 1026): [LOWI-Scan] is_qcom_ie, bss_age: 52
11-20 07:19:43.325 D/LOWI-9.0.0.80( 1026): [LOWI-Scan] BSS 18:64:72:60:2b:40 LOWI_PHY_MODE_11NG_HT20(5), Beacon Interval: 100, LOWI_ENCRYPTION_TYPE_WPA_PSK 11mcRanging: No, ANQP: No, LCI: No, Civic: No, capability(0x0431): ESS Privacy ShortPreamble ShortSlotTime
11-20 07:19:43.325 D/LOWI-9.0.0.80( 1026): [LOWI-Scan] BSS 18:64:72:60:2b:40 FREQ: 2412, cFreq1[40:80:160] = [0:0:0] cFreq2 = 0 Country Code =    
11-20 07:19:43.325 D/LOWI-9.0.0.80( 1026): [LOWI-Scan] BSS 18:64:72:60:2b:40 (wlan0) ASSO: NO AddInfo: 0x0, TSF 0, 15:31:11.022, RSSI: -140, CPL: 127, AGE: 0,  SSID lab-t24103779, TSFDelta: 0x0, TXRate: 0
11-20 07:19:43.326 D/LOWI-9.0.0.80( 1026): [LOWI-Scan] 
11-20 07:19:43.326 D/LOWI-9.0.0.80( 1026): [LOWI-Scan] print_bss_handler: Report Probe TSF 55871022980 as it greater than Beacon TSF 55077795020
11-20 07:19:43.326 I/LOWI-9.0.0.80( 1026): [LOWI-Scan] RSN_IE
11-20 07:19:43.326 D/LOWI-9.0.0.80( 1026): [LOWI-Scan] decode_rsn_wpa_ie: Entered
11-20 07:19:43.326 D/LOWI-9.0.0.80( 1026): [LOWIUtils] hexDump: msg(30 14 01 00 00 0f ac 04 01 00 00 0f ac 04 01 00 00 0f ac 02 )
11-20 07:19:43.326 D/LOWI-9.0.0.80( 1026): [LOWI-Scan] decode_rsn_wpa_ie: LOWI_ENCRYPTION_TYPE_WPA_PSK
11-20 07:19:43.326 D/LOWI-9.0.0.80( 1026): [LOWI-Scan] is_qcom_ie, bss_age: 3
11-20 07:19:43.326 D/LOWI-9.0.0.80( 1026): [LOWI-Scan] BSS 2c:57:41:86:90:a1 LOWI_PHY_MODE_11NG_HT20(5), Beacon Interval: 100, LOWI_ENCRYPTION_TYPE_WPA_PSK 11mcRanging: No, ANQP: No, LCI: No, Civic: No, capability(0x1411): ESS Privacy ShortSlotTime
11-20 07:19:43.326 D/LOWI-9.0.0.80( 1026): [LOWI-Scan] BSS 2c:57:41:86:90:a1 FREQ: 2462, cFreq1[40:80:160] = [0:0:0] cFreq2 = 0 Country Code = US
11-20 07:19:43.326 D/LOWI-9.0.0.80( 1026): [LOWI-Scan] BSS 2c:57:41:86:90:a1 (wlan0) ASSO: NO AddInfo: 0x0, TSF 0, 15:31:11.022, RSSI: -140, CPL: 2, AGE: 0,  SSID kittyhawk, TSFDelta: 0x0, TXRate: 0
11-20 07:19:43.327 D/LOWI-9.0.0.80( 1026): [LOWI-Scan] 
11-20 07:19:43.327 D/LOWI-9.0.0.80( 1026): [LOWI-Scan] print_bss_handler: Report Probe TSF 55871023065 as it greater than Beacon TSF 55320073905
11-20 07:19:43.327 I/LOWI-9.0.0.80( 1026): [LOWI-Scan] RSN_IE
11-20 07:19:43.327 D/LOWI-9.0.0.80( 1026): [LOWI-Scan] decode_rsn_wpa_ie: Entered
11-20 07:19:43.327 D/LOWI-9.0.0.80( 1026): [LOWIUtils] hexDump: msg(30 14 01 00 00 0f ac 04 01 00 00 0f ac 04 01 00 00 0f ac 02 )
11-20 07:19:43.327 D/LOWI-9.0.0.80( 1026): [LOWI-Scan] decode_rsn_wpa_ie: LOWI_ENCRYPTION_TYPE_WPA_PSK
11-20 07:19:43.327 D/LOWI-9.0.0.80( 1026): [LOWI-Scan] is_qcom_ie, bss_age: 3
11-20 07:19:43.327 D/LOWI-9.0.0.80( 1026): [LOWI-Scan] BSS 2c:57:41:86:85:21 LOWI_PHY_MODE_11NG_HT20(5), Beacon Interval: 100, LOWI_ENCRYPTION_TYPE_WPA_PSK 11mcRanging: No, ANQP: No, LCI: No, Civic: No, capability(0x1411): ESS Privacy ShortSlotTime
11-20 07:19:43.327 D/LOWI-9.0.0.80( 1026): [LOWI-Scan] BSS 2c:57:41:86:85:21 FREQ: 2462, cFreq1[40:80:160] = [0:0:0] cFreq2 = 0 Country Code = US
11-20 07:19:43.327 D/LOWI-9.0.0.80( 1026): [LOWI-Scan] BSS 2c:57:41:86:85:21 (wlan0) ASSO: NO AddInfo: 0x0, TSF 0, 15:31:11.023, RSSI: -154, CPL: 2, AGE: 0,  SSID kittyhawk, TSFDelta: 0x0, TXRate: 0
11-20 07:19:43.328 D/LOWI-9.0.0.80( 1026): [LOWI-Scan] 
11-20 07:19:43.328 D/LOWI-9.0.0.80( 1026): [LOWI-Scan] print_bss_handler: Report Probe TSF 55871022921 as it greater than Beacon TSF 55437123496
11-20 07:19:43.328 I/LOWI-9.0.0.80( 1026): [LOWI-Scan] RSN_IE
11-20 07:19:43.328 D/LOWI-9.0.0.80( 1026): [LOWI-Scan] decode_rsn_wpa_ie: Entered
11-20 07:19:43.328 D/LOWI-9.0.0.80( 1026): [LOWIUtils] hexDump: msg(30 14 01 00 00 0f ac 04 01 00 00 0f ac 04 01 00 00 0f ac 02 )
11-20 07:19:43.328 D/LOWI-9.0.0.80( 1026): [LOWI-Scan] decode_rsn_wpa_ie: LOWI_ENCRYPTION_TYPE_WPA_PSK
11-20 07:19:43.328 D/LOWI-9.0.0.80( 1026): [LOWI-Scan] is_qcom_ie, bss_age: 45
11-20 07:19:43.328 D/LOWI-9.0.0.80( 1026): [LOWI-Scan] BSS 52:b8:14:37:74:3f LOWI_PHY_MODE_11AC_VHT20_2G(11), Beacon Interval: 100, LOWI_ENCRYPTION_TYPE_WPA_PSK 11mcRanging: No, ANQP: No, LCI: No, Civic: No, capability(0x1431): ESS Privacy ShortPreamble ShortSlotTime
11-20 07:19:43.328 D/LOWI-9.0.0.80( 1026): [LOWI-Scan] BSS 52:b8:14:37:74:3f FREQ: 2417, cFreq1[40:80:160] = [0:0:0] cFreq2 = 0 Country Code =    
11-20 07:19:43.328 D/LOWI-9.0.0.80( 1026): [LOWI-Scan] BSS 52:b8:14:37:74:3f (wlan0) ASSO: NO AddInfo: 0x0, TSF 0, 15:31:11.022, RSSI: -120, CPL: 127, AGE: 0,  SSID Pixel_8668, TSFDelta: 0x0, TXRate: 0
11-20 07:19:43.328 D/LOWI-9.0.0.80( 1026): [LOWI-Scan] 
11-20 07:19:43.328 D/LOWI-9.0.0.80( 1026): [LOWI-Scan] print_bss_handler: Report Probe TSF 55871023106 as it greater than Beacon TSF 0
11-20 07:19:43.329 I/LOWI-9.0.0.80( 1026): [LOWI-Scan] RSN_IE
11-20 07:19:43.329 D/LOWI-9.0.0.80( 1026): [LOWI-Scan] decode_rsn_wpa_ie: Entered
11-20 07:19:43.329 D/LOWI-9.0.0.80( 1026): [LOWIUtils] hexDump: msg(30 14 01 00 00 0f ac 04 01 00 00 0f ac 04 01 00 00 0f ac 02 )
11-20 07:19:43.329 D/LOWI-9.0.0.80( 1026): [LOWI-Scan] decode_rsn_wpa_ie: LOWI_ENCRYPTION_TYPE_WPA_PSK
11-20 07:19:43.329 D/LOWI-9.0.0.80( 1026): [LOWI-Scan] is_qcom_ie, bss_age: 7
11-20 07:19:43.329 D/LOWI-9.0.0.80( 1026): [LOWI-Scan] BSS 18:64:72:60:2e:e0 LOWI_PHY_MODE_11NG_HT20(5), Beacon Interval: 100, LOWI_ENCRYPTION_TYPE_WPA_PSK 11mcRanging: No, ANQP: No, LCI: No, Civic: No, capability(0x0431): ESS Privacy ShortPreamble ShortSlotTime
11-20 07:19:43.329 D/LOWI-9.0.0.80( 1026): [LOWI-Scan] BSS 18:64:72:60:2e:e0 FREQ: 2462, cFreq1[40:80:160] = [0:0:0] cFreq2 = 0 Country Code =    
11-20 07:19:43.329 D/LOWI-9.0.0.80( 1026): [LOWI-Scan] BSS 18:64:72:60:2e:e0 (wlan0) ASSO: NO AddInfo: 0x0, TSF 0, 15:31:11.023, RSSI: -162, CPL: 127, AGE: 0,  SSID lab-t24103779, TSFDelta: 0x0, TXRate: 0
11-20 07:19:43.331 D/LOWI-9.0.0.80( 1026): [LOWI-Scan] 
11-20 07:19:43.331 D/LOWI-9.0.0.80( 1026): [LOWI-Scan] print_bss_handler: Report Probe TSF 55871023127 as it greater than Beacon TSF 0
11-20 07:19:43.331 I/LOWI-9.0.0.80( 1026): [LOWI-Scan] RSN_IE
11-20 07:19:43.331 D/LOWI-9.0.0.80( 1026): [LOWI-Scan] decode_rsn_wpa_ie: Entered
11-20 07:19:43.331 D/LOWI-9.0.0.80( 1026): [LOWIUtils] hexDump: msg(30 18 01 00 00 0f ac 02 02 00 00 0f ac 02 00 0f ac 04 01 00 00 0f ac 02 )
11-20 07:19:43.331 D/LOWI-9.0.0.80( 1026): [LOWI-Scan] decode_rsn_wpa_ie: LOWI_ENCRYPTION_TYPE_WPA_PSK
11-20 07:19:43.331 D/LOWI-9.0.0.80( 1026): [LOWI-Scan] is_qcom_ie, bss_age: 31
11-20 07:19:43.331 D/LOWI-9.0.0.80( 1026): [LOWI-Scan] BSS 18:4f:32:07:46:03 LOWI_PHY_MODE_11NG_HT20(5), Beacon Interval: 100, LOWI_ENCRYPTION_TYPE_WPA_PSK 11mcRanging: No, ANQP: No, LCI: No, Civic: No, capability(0x0431): ESS Privacy ShortPreamble ShortSlotTime
11-20 07:19:43.331 D/LOWI-9.0.0.80( 1026): [LOWI-Scan] BSS 18:4f:32:07:46:03 FREQ: 2437, cFreq1[40:80:160] = [0:0:0] cFreq2 = 0 Country Code =    
11-20 07:19:43.331 D/LOWI-9.0.0.80( 1026): [LOWI-Scan] BSS 18:4f:32:07:46:03 (wlan0) ASSO: NO AddInfo: 0x0, TSF 0, 15:31:11.023, RSSI: -172, CPL: 127, AGE: 0,  SSID HP-Print-03-LaserJet Pro MFP, TSFDelta: 0x0, TXRate: 0
11-20 07:19:43.331 D/LOWI-9.0.0.80( 1026): [LOWIDiagLog] Log: lowiMeasResult->request: invalid null argument
11-20 07:19:43.331 I/LOWI-9.0.0.80( 1026): [LOWI-Scan] lowi_close_record:Scan done in 55827102ms, 19 APs in scan results
11-20 07:19:43.331 D/LOWI-9.0.0.80( 1026): [LOWI-Scan] WipsScanUsingNL: passive scan cached 0, took 9827 ms, err 0
11-20 07:19:43.331 D/LOWI-9.0.0.80( 1026): [LOWI-Scan] lowi_proc_req_passive_scan_with_live_meas - No WLAN Frames to be parsed
11-20 07:19:43.332 D/LOWI-9.0.0.80( 1026): [LOWIScanResultReceiver] Send scan meas to listener
11-20 07:19:43.332 D/LOWI-9.0.0.80( 1026): [LOWIScanResultReceiver] Enter passive listening mode
11-20 07:19:43.332 D/LOWI-9.0.0.80( 1026): [LOWIWifiDriverInterface] getMeasurements - Passive listening mode
11-20 07:19:43.332 D/LOWI-9.0.0.80( 1026): [LOWI-Scan] WipsScanUsingNL:wait -1 sec for netlink message
11-20 07:19:43.332 D/LOWI-9.0.0.80( 1026): [LOWIEventReceiver] handleEvent:FROM:NA, TO:NA, REQ:NA, IREQ:NA, REQ_ID:0, RESP:NA, INFO:NA
11-20 07:19:43.332 D/LOWI-9.0.0.80( 1026): [LOWIBackgroundScanMgr] isRspForBgScanMgr: evt(LOWI_NO_EVT) - not handled
11-20 07:19:43.332 D/LOWI-9.0.0.80( 1026): [LOWIScheduler] manageMsg: NULL results or NULL request in results
11-20 07:19:43.332 D/LOWI-9.0.0.80( 1026): [LOWIController] Measurements received
11-20 07:19:43.332 D/LOWI-9.0.0.80( 1026): [LOWICacheManager] putInCache:Num of Meas to add: 19
11-20 07:19:43.333 D/LOWI-9.0.0.80( 1026): [LOWIController] processMeasurementResults: No current Request. Cache measurements
11-20 07:19:43.333 D/LOWI-9.0.0.80( 1026): [LOWIControllerExtn] sendLOWILpDiscoveryScanResponse: Not a discovery scan response
11-20 07:19:43.366 D/WifiSharingService( 2870): Sending scanResults intent with status code 0: PendingIntent{a430651: android.os.BinderProxy@3fc662e}
11-20 07:19:43.370 D/CompatibilityInfo( 1186): mCompatibilityFlags - 4
11-20 07:19:43.370 D/CompatibilityInfo( 1186): applicationDensity - 320
11-20 07:19:43.370 D/CompatibilityInfo( 1186): applicationScale - 1.0
11-20 07:19:43.858 D/commandrouter( 1006): rtc_sync (1, rtc:sync): <ServiceRequest> FORWARDED (remote -> local) service client ID = 0, token ID = 38350
11-20 07:19:43.859 D/vendor.facebook.rtc_sync@1.0-service( 1145): Request req_ts=1637392783847169220 resp_ts=1637392783859089217
11-20 07:19:43.859 D/commandrouter( 1006): SocServiceHandle::onServiceMessage, SoC Service = rtc_sync, appType = 1, type = SVC_RESP, clientId = 0, token = 38350, payloadLen = 8, result = 0, payload.size() = 8
11-20 07:19:44.356 W/HWComposer(  598): Ignoring duplicate VSYNC event from HWC for display 0 (t=55872082038632)
11-20 07:19:45.201 W/HWComposer(  598): Ignoring duplicate VSYNC event from HWC for display 0 (t=55872926282434)
11-20 07:19:45.217 W/HWComposer(  598): Ignoring duplicate VSYNC event from HWC for display 0 (t=55872943165611)
11-20 07:19:45.296 D/mcu_health_checker( 1029): Sent MCU Health Request
11-20 07:19:45.296 D/commandrouter( 1006): SocServiceHandle::onServiceMessage, SoC Service = mcu_healthcheck_1029, appType = 1, type = SVC_REQ, clientId = 0, token = 1860, payloadLen = 12, result = 0, payload.size() = 12
11-20 07:19:45.301 D/commandrouter( 1006): mcu_healthcheck_1029 (1, merlot:mcu_health:control): <ServiceResponse> FORWARDED (remote -> local) CR token ID = 1860, service client ID = 40, token ID = 32262, result = 0
11-20 07:19:45.301 D/mcu_health_checker( 1029): MCU Health Response: MCU_OK
11-20 07:19:45.301 D/mcu_health_checker( 1029): MCU Session 0, uptime = 55834092 ms
11-20 07:19:45.301 D/mculinkhealth( 1029): isMcuReachable 1 (5 ms)
11-20 07:19:45.682 D/UIAutomatorStub(19450): URI: /jsonrpc/0, Method: POST, Header: {content-length=229, remote-addr=127.0.0.1, http-client-ip=127.0.0.1, host=localhost:9012, content-type=application/json, accept-encoding=identity}, params, {NanoHttpd.QUERY_STRING=null}, files: {postData={"jsonrpc": "2.0", "method": "objInfo", "id": "55a45d26acb42b455e21cafe4f1a8960", "params": [{"mask": 2097152, "childOrSibling": [], "childOrSiblingSelector": [], "resourceId": "com.facebook.wearable.system.settings:id/toggle"}]}}
11-20 07:19:45.731 D/ConnectivityService( 1186): handleLingerComplete for [101 CELLULAR]
11-20 07:19:45.734 W/MqttClient( 2620): connection/disconnecting; reason=READ_SOCKET, operation=NETWORK_THREAD_LOOP
11-20 07:19:45.735 W/System.err( 2620): DEBUG: com.whatsapp.net.tls13.WtSocketWrapper.sendAlertAndShutdown(:86) : Sending Alert : type : WARNING description : close_notify(0) exception : 
11-20 07:19:45.736 W/System.err( 2620): ERROR: com.whatsapp.net.logging.WtLog.log$REDEX$HQcOuACUrr4(:4) : Encountered exception. Nothing much can be done here. com.whatsapp.net.alerts.WtAlertException
11-20 07:19:45.748 D/QCNEJ/WwanInfoRelay( 1907): onCapabilitiesChanged: 101 [ Transports: CELLULAR Capabilities: MMS&SUPL&FOTA&INTERNET&NOT_RESTRICTED&TRUSTED&NOT_VPN&VALIDATED&NOT_ROAMING&NOT_CONGESTED&NOT_SUSPENDED LinkUpBandwidth>=15000Kbps LinkDnBandwidth>=30000Kbps Specifier: <TelephonyNetworkSpecifier [mSubId = 1]> AdministratorUids: [] RequestorUid: -1 RequestorPackageName: null]
11-20 07:19:45.749 I/QCNEJ/WwanInfoRelay( 1907): cacheWwanInfo subId = 1 phoneId = 0 slotId = 0
11-20 07:19:45.788 D/UIAutomatorStub(19450): URI: /jsonrpc/0, Method: POST, Header: {content-length=227, remote-addr=127.0.0.1, http-client-ip=127.0.0.1, host=localhost:9012, content-type=application/json, accept-encoding=identity}, params, {NanoHttpd.QUERY_STRING=null}, files: {postData={"jsonrpc": "2.0", "method": "click", "id": "5f5dc45346de67293c1791dcb59944dd", "params": [{"mask": 2097152, "childOrSibling": [], "childOrSiblingSelector": [], "resourceId": "com.facebook.wearable.system.settings:id/toggle"}]}}
11-20 07:19:45.795 W/System.err( 2620): INFO: com.whatsapp.net.logging.WtLog.log$REDEX$HQcOuACUrr4(:4) : Start handshake.
11-20 07:19:45.820 W/System.err( 2620): INFO: com.whatsapp.net.logging.WtLog.log$REDEX$HQcOuACUrr4(:4) : Handshake complete : session_resumed true early_data_sent false early_data_accepted false client_cert_requested false time_ms 25
11-20 07:19:45.842 D/WifiSharingService( 2870): Setting Wi-Fi enabled state
11-20 07:19:45.843 I/WifiService( 1186): setWifiEnabled package=com.facebook.wearable.system.connectivity uid=1000 enable=false
11-20 07:19:45.848 D/WifiActiveModeWarden( 1186): Switching all client mode managers
11-20 07:19:45.848 D/QCNEJ/WlanStaInfoRelay( 1907): onChange for uri = content://settings/global/wifi_on
11-20 07:19:45.852 D/BluetoothAdapterService( 1710): android.net.wifi.WIFI_STATE_CHANGED
11-20 07:19:45.856 D/WifiP2pService( 1186): Wifi enabled=false, P2P Interface availability=true
11-20 07:19:45.856 D/WifiP2pService( 1186): Wifi enabled=false, P2P Interface availability=true
11-20 07:19:45.856 E/QMI_FW  (  915): qmi_cci_get_ref: ref count increased 2
11-20 07:19:45.857 D/WifiP2pNative( 1186): Teardown P2P interface
11-20 07:19:45.859 E/QMI_FW  ( 1042): qmi_cci_get_ref: ref count increased 2
11-20 07:19:45.860 W/ContextImpl( 1186): Calling a method in the system process without a qualified user: android.app.ContextImpl.sendBroadcastMultiplePermissions:1143 android.content.Context.sendBroadcastWithMultiplePermissions:2150 com.android.server.display.WifiDisplayAdapter.handleSendStatusChangeBroadcast:440 com.android.server.display.WifiDisplayAdapter.access$1700:63 com.android.server.display.WifiDisplayAdapter$WifiDisplayHandler.handleMessage:675 
11-20 07:19:45.860 E/QMI_FW  ( 1042): qmi_cci_get_ref: ref count increased 2
11-20 07:19:45.861 E/QMI_FW  ( 1042): qmi_cci_get_ref: ref count increased 2
11-20 07:19:45.868 D/WifiClientModeManager0( 1186): IMS not registered over IWLAN for subId: 1
11-20 07:19:45.868 D/WifiClientModeManager0( 1186): The target role 5
11-20 07:19:45.893 W/HWComposer(  598): Ignoring duplicate VSYNC event from HWC for display 0 (t=55873618484986)
11-20 07:19:45.904 I/android_os_HwBinder( 1186): HwBinder: Starting thread pool for getting: android.hardware.wifi.supplicant@1.0::ISupplicant/default
11-20 07:19:45.914 I/wpa_supplicant(30895): wlan0: Do not deauthenticate as part of interface deinit since WoWLAN is enabled
11-20 07:19:45.954 I/wpa_supplicant(30895): Try to unregister vendor STA network
11-20 07:19:45.980 E/wpa_supplicant(30895): eap_proxy: pthread_join on eap_proxy=0xa416eac
11-20 07:19:45.981 E/wpa_supplicant(30895): eap_proxy: session not started for client = 1
11-20 07:19:45.981 E/QMI_FW  (30895): qmi_cci_get_ref: ref count increased 2
11-20 07:19:45.981 E/QMI_FW  (30895): qmi_cci_get_ref: ref count increased 2
11-20 07:19:45.984 E/wpa_supplicant(30895): eap_proxy: Released QMI UIM service client
11-20 07:19:45.984 E/QMI_FW  (30895): qmi_cci_get_ref: ref count increased 2
11-20 07:19:45.984 E/QMI_FW  (30895): qmi_cci_get_ref: ref count increased 2
11-20 07:19:45.986 E/wpa_supplicant(30895): eap_proxy: Released QMI EAP service client
11-20 07:19:45.986 E/wpa_supplicant(30895): eap_proxy: session not started for client = 2
11-20 07:19:45.986 E/QMI_FW  (30895): qmi_cci_get_ref: ref count increased 2
11-20 07:19:45.986 E/QMI_FW  (30895): qmi_cci_get_ref: ref count increased 2
11-20 07:19:45.987 E/wpa_supplicant(30895): eap_proxy: Released QMI UIM service client
11-20 07:19:45.987 E/QMI_FW  (30895): qmi_cci_get_ref: ref count increased 2
11-20 07:19:45.987 E/QMI_FW  (30895): qmi_cci_get_ref: ref count increased 2
11-20 07:19:45.989 E/wpa_supplicant(30895): eap_proxy: Released QMI EAP service client
11-20 07:19:45.989 I/wpa_supplicant(30895): eap_proxy: eap_proxy Deinitialzed
11-20 07:19:46.033 I/wpa_supplicant(30895): nl80211: deinit ifname=wlan0 disabled_11b_rates=0
11-20 07:19:46.055 D/LOWI-9.0.0.80( 1026): [LOWINetlinkSocketReceiver] unpackRTMLinkMessage: RTM_NEWLINK - ifname wlan0, flags 0x11043 ([UP][RUNNING])
11-20 07:19:46.055 D/LOWI-9.0.0.80( 1026): [LOWINetlinkSocketReceiver] processNetlinkPacket: ifname(wlan0) status(2)
11-20 07:19:46.055 D/LOWI-9.0.0.80( 1026): [LOWIController] intfStateReceived: ifname(wlan0) state(2)
11-20 07:19:46.055 D/LOWI-9.0.0.80( 1026): [LOWIEventReceiver] handleEvent:FROM:NA, TO:NA, REQ:NA, IREQ:NA, REQ_ID:0, RESP:NA, INFO:INTF-STATUS-UPDATE
11-20 07:19:46.055 D/LOWI-9.0.0.80( 1026): [LOWIEventReceiver] Info to [INTF-STATUS-UPDATE]
11-20 07:19:46.055 D/LOWI-9.0.0.80( 1026): [LOWIController] updateIntfState: WIFI enabled 2 mNlWifiStatus 2 mWifiStateEnabled 1
11-20 07:19:46.055 D/LOWI-9.0.0.80( 1026): [LOWIController] isWifiEnabled: mNlWifiStatus 2 mWifiStateEnabled 1
11-20 07:19:46.057 I/wpa_supplicant(30895): Try to unregister vendor interface
11-20 07:19:46.068 I/SupplicantStaIfaceHal( 1186): Terminating supplicant using HIDL
11-20 07:19:46.068 I/wpa_supplicant(30895): p2p0: Do not deauthenticate as part of interface deinit since WoWLAN is enabled
11-20 07:19:46.125 E/wpa_supplicant(30895): eap_proxy: pthread_join on eap_proxy=0xa416fa8
11-20 07:19:46.125 E/wpa_supplicant(30895): eap_proxy: session not started for client = 1
11-20 07:19:46.125 E/QMI_FW  (30895): qmi_cci_get_ref: ref count increased 2
11-20 07:19:46.125 E/QMI_FW  (30895): qmi_cci_get_ref: ref count increased 2
11-20 07:19:46.127 E/wpa_supplicant(30895): eap_proxy: Released QMI UIM service client
11-20 07:19:46.127 E/QMI_FW  (30895): qmi_cci_get_ref: ref count increased 2
11-20 07:19:46.127 E/QMI_FW  (30895): qmi_cci_get_ref: ref count increased 2
11-20 07:19:46.127 E/wpa_supplicant(30895): eap_proxy: Released QMI EAP service client
11-20 07:19:46.127 E/wpa_supplicant(30895): eap_proxy: session not started for client = 2
11-20 07:19:46.127 E/QMI_FW  (30895): qmi_cci_get_ref: ref count increased 2
11-20 07:19:46.127 E/QMI_FW  (30895): qmi_cci_get_ref: ref count increased 2
11-20 07:19:46.128 E/wpa_supplicant(30895): eap_proxy: Released QMI UIM service client
11-20 07:19:46.128 E/QMI_FW  (30895): qmi_cci_get_ref: ref count increased 2
11-20 07:19:46.128 E/QMI_FW  (30895): qmi_cci_get_ref: ref count increased 2
11-20 07:19:46.129 E/wpa_supplicant(30895): eap_proxy: Released QMI EAP service client
11-20 07:19:46.129 I/wpa_supplicant(30895): eap_proxy: eap_proxy Deinitialzed
11-20 07:19:46.176 I/wpa_supplicant(30895): nl80211: deinit ifname=p2p0 disabled_11b_rates=0
11-20 07:19:46.205 D/LOWI-9.0.0.80( 1026): [LOWINetlinkSocketReceiver] unpackRTMLinkMessage: RTM_NEWLINK - ifname p2p0, flags 0x1003 ([UP])
11-20 07:19:46.229 D/LOWI-9.0.0.80( 1026): [LOWINetlinkSocketReceiver] unpackRTMLinkMessage: RTM_NEWLINK - ifname p2p0, flags 0x1002 ()
11-20 07:19:46.235 D/LOWI-9.0.0.80( 1026): [LOWINetlinkSocketReceiver] unpackRTMLinkMessage: RTM_NEWLINK - ifname p2p0, flags 0x1002 ()
11-20 07:19:46.238 I/wpa_supplicant(30895): Try to unregister vendor p2 interface
11-20 07:19:46.239 I/WifiP2pNative( 1186): P2P interface teardown completed
11-20 07:19:46.239 I/android_os_HwBinder( 1186): HwBinder: Starting thread pool for getting: android.hardware.wifi.supplicant@1.0::ISupplicant/default
11-20 07:19:46.240 D/WifiP2pNative( 1186): P2P InterfaceDestroyedListener p2p0
11-20 07:19:46.240 D/WifiP2pNative( 1186): Ignoring stale interface destroyed listener
11-20 07:19:46.240 D/WifiP2pNative( 1186): P2P InterfaceAvailableListener true
11-20 07:19:46.240 D/WifiP2pService( 1186): Wifi enabled=false, P2P Interface availability=true
11-20 07:19:46.242 I/wpa_supplicant(30895): Terminating...
11-20 07:19:46.243 D/LOWI-9.0.0.80( 1026): [LOWINetlinkSocketReceiver] unpackRTMLinkMessage: RTM_NEWLINK - ifname wlan0, flags 0x1003 ([UP])
11-20 07:19:46.243 D/LOWI-9.0.0.80( 1026): [LOWINetlinkSocketReceiver] processNetlinkPacket: ifname(wlan0) status(1)
11-20 07:19:46.243 D/LOWI-9.0.0.80( 1026): [LOWIController] intfStateReceived: ifname(wlan0) state(1)
11-20 07:19:46.244 D/LOWI-9.0.0.80( 1026): [LOWIEventReceiver] handleEvent:FROM:NA, TO:NA, REQ:NA, IREQ:NA, REQ_ID:0, RESP:NA, INFO:INTF-STATUS-UPDATE
11-20 07:19:46.244 D/LOWI-9.0.0.80( 1026): [LOWIEventReceiver] Info to [INTF-STATUS-UPDATE]
11-20 07:19:46.244 D/LOWI-9.0.0.80( 1026): [LOWIController] updateIntfState: WIFI enabled 1 mNlWifiStatus 2 mWifiStateEnabled 1
11-20 07:19:46.244 D/LOWI-9.0.0.80( 1026): [LOWIController] isWifiEnabled: mNlWifiStatus 1 mWifiStateEnabled 1
11-20 07:19:46.285 W/SupplicantP2pIfaceHal( 1186): ISupplicant/ISupplicantP2pIface died: cookie=0
11-20 07:19:46.285 W/SupplicantP2pIfaceHal( 1186): ISupplicant/ISupplicantP2pIface died: cookie=0
11-20 07:19:46.285 W/SupplicantP2pIfaceHal( 1186): ISupplicantVendor/ISupplicantVendorP2PIface died: cookie=0
11-20 07:19:46.285 D/SupplicantStaIfaceHal( 1186): ISupplicant died: cookie=951194130551151371
11-20 07:19:46.287 D/LOWI-9.0.0.80( 1026): [LOWINetlinkSocketReceiver] unpackRTMLinkMessage: RTM_NEWLINK - ifname wlan0, flags 0x1003 ([UP])
11-20 07:19:46.287 D/LOWI-9.0.0.80( 1026): [LOWINetlinkSocketReceiver] processNetlinkPacket: ifname(wlan0) status(1)
11-20 07:19:46.287 D/LOWI-9.0.0.80( 1026): [LOWIController] intfStateReceived: ifname(wlan0) state(1)
11-20 07:19:46.288 D/LOWI-9.0.0.80( 1026): [LOWIEventReceiver] handleEvent:FROM:NA, TO:NA, REQ:NA, IREQ:NA, REQ_ID:0, RESP:NA, INFO:INTF-STATUS-UPDATE
11-20 07:19:46.288 D/LOWI-9.0.0.80( 1026): [LOWIEventReceiver] Info to [INTF-STATUS-UPDATE]
11-20 07:19:46.288 D/LOWI-9.0.0.80( 1026): [LOWIController] updateIntfState: WIFI enabled 1 mNlWifiStatus 1 mWifiStateEnabled 1
11-20 07:19:46.288 D/LOWI-9.0.0.80( 1026): [LOWIController] isWifiEnabled: mNlWifiStatus 1 mWifiStateEnabled 1
11-20 07:19:46.290 V/WifiHAL (  544): event received NL80211_CMD_DISCONNECT
11-20 07:19:46.292 W/SupplicantStaIfaceHal( 1186): Timed out waiting for confirmation of supplicant death
11-20 07:19:46.293 E/SupplicantStaIfaceHal( 1186): Can't call getKeyMgmtCapabilities_1_3, ISupplicantStaIface is null
11-20 07:19:46.293 W/SupplicantStaIfaceHal( 1186): ISupplicantVendor/ISupplicantVendorStaIface died: cookie=0
11-20 07:19:46.295 V/WifiHAL (  544): WifiVendorCommand 0xaadf1b98 created vendor_id:0x1374 subcmd:38
11-20 07:19:46.295 W/system_server( 1186): Long monitor contention with owner WifiHandlerThread (1641) at void com.android.server.wifi.SupplicantStaIfaceHal.terminate()(SupplicantStaIfaceHal.java:990) waiters=0 in void com.android.server.wifi.SupplicantStaIfaceCallbackImpl.onNetworkRemoved(int) for 332ms
11-20 07:19:46.295 V/WifiHAL (  544): Got a Wi-Fi HAL module message from Driver
11-20 07:19:46.296 V/WifiHAL (  544): Supported feature set : 19d3d
11-20 07:19:46.297 V/WifiHAL (  544): Supported feature set acquired : 19d3d
11-20 07:19:46.297 V/WifiHAL (  544): WifiVendorCommand 0x986892d0 created vendor_id:0x1374 subcmd:76
11-20 07:19:46.297 V/WifiHAL (  544): create: mVendor_id = 4980, Subcmd = 76.
11-20 07:19:46.297 W/SupplicantStaIfaceHal( 1186): ISupplicantVendor/ISupplicantVendorStaIface died: cookie=0
11-20 07:19:46.297 W/SupplicantP2pIfaceHal( 1186): ISupplicantVendor/ISupplicantVendorP2PIface died: cookie=0
11-20 07:19:46.298 V/WifiHAL (  544): WifiVendorCommand 0xaadf1cc8 created vendor_id:0x1374 subcmd:38
11-20 07:19:46.299 V/WifiHAL (  544): Got a Wi-Fi HAL module message from Driver
11-20 07:19:46.299 V/WifiHAL (  544): Supported feature set : 19d3d
11-20 07:19:46.299 V/WifiHAL (  544): Supported feature set acquired : 19d3d
11-20 07:19:46.300 V/WifiHAL (  544): WifiVendorCommand 0x986892d0 created vendor_id:0x1374 subcmd:76
11-20 07:19:46.300 V/WifiHAL (  544): create: mVendor_id = 4980, Subcmd = 76.
11-20 07:19:46.307 E/SupplicantStaIfaceHal( 1186): Can't call getWpaDriverFeatureSet, ISupplicantStaIface is null
11-20 07:19:46.308 I/WifiNative( 1186): Successfully switched to scan mode on iface=Iface:{Name=wlan0,Id=0,Type=STA_SCAN}
11-20 07:19:46.309 W/SupplicantStaIfaceHal( 1186): ISupplicant died: cookie=103
11-20 07:19:46.309 D/BluetoothAdapterService( 1710): Soft AP is on band: 1
11-20 07:19:46.310 D/WifiClientModeManager0( 1186): entering ScanOnlyModeState
11-20 07:19:46.310 D/WifiP2pService( 1186): Wifi enabled=false, P2P Interface availability=true
11-20 07:19:46.310 D/BluetoothVendorService( 1710): getPowerBackoff 
11-20 07:19:46.310 D/BluetoothVendorService( 1710): setPowerBackoff to: false
11-20 07:19:46.310 I/BluetoothVendorJni( 1710): setPowerBackoffNative
11-20 07:19:46.311 I/bt_btif_vendor( 1710): setPowerBackOffState :0 
11-20 07:19:46.311 W/bt_btif ( 1710): bta_dm_power_back_off: power_back_off feature not supported
11-20 07:19:46.311 D/BluetoothAdapterService( 1710): android.net.wifi.WIFI_STATE_CHANGED
11-20 07:19:46.313 D/WifiScanRequestProxy( 1186): Sending scan available broadcast: true
11-20 07:19:46.313 I/WifiScanningService( 1186): Received a request to enable scanning, UID = 1000
11-20 07:19:46.313 I/WifiScanningService( 1186): scanner impls already exists
11-20 07:19:46.313 E/WifiScanningService( 1186): wifi driver loaded received while already loaded
11-20 07:19:46.314 I/WifiScanRequestProxy( 1186): Scanning is enabled
11-20 07:19:46.314 I/WifiScanRequestProxy( 1186): Scanning for hidden networks is disabled
11-20 07:19:46.315 D/WakeupController( 1186): start()
11-20 07:19:46.316 D/WakeupController( 1186): Setting active to true
11-20 07:19:46.324 D/WakeupLock( 1186): Lock set. Number of networks: 1
11-20 07:19:46.326 D/WifiClientModeImpl( 1186): ClientModeImpl: Leaving Connected state
11-20 07:19:46.327 D/WifiCountryCode( 1186): updateCountryCode to US
11-20 07:19:46.328 E/SupplicantStaIfaceHal( 1186): Can't call setCountryCode, ISupplicantStaIface is null
11-20 07:19:46.328 D/WifiCountryCode( 1186): Failed to set country code to: US
11-20 07:19:46.336 E/SupplicantStaIfaceHal( 1186): Can't call listNetworks, ISupplicantStaIface is null
11-20 07:19:46.336 E/SupplicantStaIfaceHal( 1186): removeAllNetworks failed, got null networks
11-20 07:19:46.337 E/WifiClientModeImpl( 1186): Failed to remove networks on exiting connect mode
11-20 07:19:46.338 E/WakeupController( 1186): Unexpected setLastDisconnectInfo when WakeupController is active!
11-20 07:19:46.339 E/WifiVendorHal( 1186): stopRssiMonitoring(l.2106) failed {.code = ERROR_NOT_AVAILABLE, .description = }
11-20 07:19:46.339 E/SupplicantStaIfaceHal( 1186): Can't call setPowerSave, ISupplicantStaIface is null
11-20 07:19:46.340 E/SupplicantStaIfaceHal( 1186): Can't call setBtCoexistenceMode, ISupplicantStaIface is null
11-20 07:19:46.340 V/WifiClientModeImpl( 1186): stopIpClient IpClientWithPreConnection: false
11-20 07:19:46.340 V/WifiClientModeImpl( 1186): java.lang.Throwable
11-20 07:19:46.340 V/WifiClientModeImpl( 1186): 	at com.android.server.wifi.ClientModeImpl.stopIpClient(ClientModeImpl.java:1127)
11-20 07:19:46.340 V/WifiClientModeImpl( 1186): 	at com.android.server.wifi.ClientModeImpl.stopDhcpSetup(ClientModeImpl.java:1153)
11-20 07:19:46.340 V/WifiClientModeImpl( 1186): 	at com.android.server.wifi.ClientModeImpl.handleNetworkDisconnect(ClientModeImpl.java:2945)
11-20 07:19:46.340 V/WifiClientModeImpl( 1186): 	at com.android.server.wifi.ClientModeImpl.stopClientMode(ClientModeImpl.java:3889)
11-20 07:19:46.340 V/WifiClientModeImpl( 1186): 	at com.android.server.wifi.ClientModeImpl.access$4600(ClientModeImpl.java:176)
11-20 07:19:46.340 V/WifiClientModeImpl( 1186): 	at com.android.server.wifi.ClientModeImpl$ConnectModeState.exit(ClientModeImpl.java:4064)
11-20 07:19:46.340 V/WifiClientModeImpl( 1186): 	at com.android.wifi.x.com.android.internal.util.StateMachine$SmHandler.invokeExitMethods(StateMachine.java:1021)
11-20 07:19:46.340 V/WifiClientModeImpl( 1186): 	at com.android.wifi.x.com.android.internal.util.StateMachine$SmHandler.performTransitions(StateMachine.java:877)
11-20 07:19:46.340 V/WifiClientModeImpl( 1186): 	at com.android.wifi.x.com.android.internal.util.StateMachine$SmHandler.handleMessage(StateMachine.java:819)
11-20 07:19:46.340 V/WifiClientModeImpl( 1186): 	at android.os.Handler.dispatchMessage(Handler.java:106)
11-20 07:19:46.340 V/WifiClientModeImpl( 1186): 	at android.os.Looper.loop(Looper.java:223)
11-20 07:19:46.340 V/WifiClientModeImpl( 1186): 	at android.os.HandlerThread.run(HandlerThread.java:67)
11-20 07:19:46.342 D/ConnectivityService( 1186): [146 WIFI] EVENT_NETWORK_INFO_CHANGED, going from CONNECTED to DISCONNECTED
11-20 07:19:46.343 D/ConnectivityService( 1186): [146 WIFI] disconnected, was satisfying 25
11-20 07:19:46.344 D/QCNEJ/WlanStaInfoRelay( 1907): Received action: android.net.wifi.STATE_CHANGE
11-20 07:19:46.345 D/QCNEJ/WlanStaInfoRelay( 1907): reset CountryCodeRetriever
11-20 07:19:46.345 D/DhcpClient( 1186): doQuit
11-20 07:19:46.345 D/WifiConnector( 2870): Network State Changed
11-20 07:19:46.346 D/WifiDiags( 1186): stopLogging() iface list is {} after removing wlan0
11-20 07:19:46.348 E/WifiVendorHal( 1186): resetLogHandler(l.1558) failed {.code = ERROR_NOT_AVAILABLE, .description = }
11-20 07:19:46.348 W/WifiDiags( 1186): Fail to reset log handler
11-20 07:19:46.349 E/QMI_FW  (  915): qmi_cci_get_ref: ref count increased 2
11-20 07:19:46.351 E/QMI_FW  (  915): qmi_cci_get_ref: ref count increased 2
11-20 07:19:46.358 E/QMI_FW  ( 1042): qmi_cci_get_ref: ref count increased 2
11-20 07:19:46.373 E/QMI_FW  ( 1042): qmi_cci_get_ref: ref count increased 2
11-20 07:19:46.381 E/QMI_FW  ( 1042): qmi_cci_get_ref: ref count increased 2
11-20 07:19:46.388 I/chatty  ( 1042): uid=1001(radio) main identical 6 lines
11-20 07:19:46.389 E/QMI_FW  ( 1042): qmi_cci_get_ref: ref count increased 2
11-20 07:19:46.391 E/QMI_FW  ( 1042): qmi_cci_get_ref: ref count increased 2
11-20 07:19:46.397 I/chatty  ( 1042): uid=1001(radio) main identical 2 lines
11-20 07:19:46.399 E/QMI_FW  ( 1042): qmi_cci_get_ref: ref count increased 2
11-20 07:19:46.403 I/GnssNetworkConnectivityHandler( 1186): Network connection lost. Available networks count: 1
11-20 07:19:46.403 I/GnssNetworkConnectivityHandler( 1186): updateNetworkState, state=CLOSED, connected=false, network=146, capabilities=[ Transports: WIFI Capabilities: NOT_METERED&INTERNET&NOT_RESTRICTED&TRUSTED&NOT_VPN&VALIDATED&NOT_ROAMING&FOREGROUND&NOT_CONGESTED&NOT_SUSPENDED LinkUpBandwidth>=60000Kbps LinkDnBandwidth>=60000Kbps SignalStrength: -31 OwnerUid: 1000 AdministratorUids: [] SSID: "MTBF_Lab" RequestorUid: -1 RequestorPackageName: null], apn: , availableNetworkCount: 1
11-20 07:19:46.404 E/QMI_FW  ( 1042): qmi_cci_get_ref: ref count increased 2
11-20 07:19:46.405 W/LocSvc_LocIpc(  527): send:66] failed reason: No such file or directory
11-20 07:19:46.407 E/QMI_FW  ( 1042): qmi_cci_get_ref: ref count increased 2
11-20 07:19:46.415 E/QMI_FW  ( 1042): qmi_cci_get_ref: ref count increased 2
11-20 07:19:46.417 D/QCNEJ/DefaultNetworkInfoRelay( 1907): Default network lost: 146
11-20 07:19:46.418 E/QMI_FW  ( 1042): qmi_cci_get_ref: ref count increased 2
11-20 07:19:46.420 I/Nat464Xlat( 1186): Android Xlat is disabled
11-20 07:19:46.420 D/DeviceAuthService(28013): Network lost
11-20 07:19:46.422 D/QCNEJ/NativeHalConnector( 1907): -> SND notifyDefaultNetworkChanged(1)
11-20 07:19:46.422 D/QCNEJ/WlanStaInfoRelay( 1907): network lost: 146
11-20 07:19:46.425 D/QCNEJ/WlanStaInfoRelay( 1907): onLost: unbind the process to WIFI
11-20 07:19:46.420 I/Nat464Xlat( 1186): Android Xlat is disabled
11-20 07:19:46.441 D/ConnectivityService( 1186): Sending DISCONNECTED broadcast for type 1 [146 WIFI] isDefaultNetwork=true
11-20 07:19:46.449 D/ConnectivityService( 1186): NetReassign [44 : null → 101, 1191 : null → 101, 11 : null → 101, 63 : null → 101, 17 : null → 101, 25 : null → 101, 1 : null → 101, 1196 : null → 101, 8 : null → 101, 654 : null → 101, 12 : null → 101, 14 : null → 101, 16 : null → 101, 22 : null → 101]
11-20 07:19:46.455 E/NetlinkEvent(  462): NetlinkEvent::FindParam(): Parameter 'INTERFACE' not found
11-20 07:19:46.455 E/NetlinkEvent(  462): NetlinkEvent::FindParam(): Parameter 'STATE' not found
11-20 07:19:46.455 E/NetlinkEvent(  462): NetlinkEvent::FindParam(): Parameter 'TIME_NS' not found
11-20 07:19:46.455 E/NetlinkEvent(  462): NetlinkEvent::FindParam(): Parameter 'UID' not found
11-20 07:19:46.457 D/DhcpClient( 1186): DHCP Packet Handler stopped
11-20 07:19:46.459 D/DhcpClient( 1186): onQuitting
11-20 07:19:46.465 W/MqttClient( 2620): connection/disconnecting; reason=NETWORK_LOST, operation=DISCONNECT
11-20 07:19:46.465 W/MqttClient( 2620): connection/disconnecting; reason=READ_SOCKET, operation=NETWORK_THREAD_LOOP
11-20 07:19:46.466 W/System.err( 2620): DEBUG: com.whatsapp.net.tls13.WtSocketWrapper.sendAlertAndShutdown(:86) : Sending Alert : type : WARNING description : close_notify(0) exception : 
11-20 07:19:46.466 W/System.err( 2620): ERROR: com.whatsapp.net.logging.WtLog.log$REDEX$HQcOuACUrr4(:4) : Encountered exception. Nothing much can be done here. com.whatsapp.net.alerts.WtAlertException
11-20 07:19:46.482 D/ConnectivityService( 1186): Switching to new default network: NetworkAgentInfo{ ni{[type: MOBILE[LTE], state: CONNECTED/CONNECTED, reason: (unspecified), extra: enhancedphone, failover: false, available: true, roaming: false]}  network{101}  nethandle{437197393933}  lp{{InterfaceName: rmnet_data2 LinkAddresses: [ 10.55.48.101/30,2600:381:4804:c4b6:8cdc:8f0b:afe1:ec6b/64 ] DnsAddresses: [ /172.26.38.2,/fc00:a:a::400 ] Domains: null MTU: 1430 TcpBufferSizes: 2097152,4194304,8388608,262144,524288,1048576 Routes: [ 0.0.0.0/0 -> 10.55.48.102 rmnet_data2 mtu 1430,::/0 -> fe80::9db2:334d:2872:1e0a rmnet_data2 mtu 1430,10.55.48.100/30 -> 0.0.0.0 rmnet_data2 mtu 0,2600:381:4804:c4b6::/64 -> :: rmnet_data2 mtu 0 ]}}  nc{[ Transports: CELLULAR Capabilities: MMS&SUPL&FOTA&INTERNET&NOT_RESTRICTED&TRUSTED&NOT_VPN&VALIDATED&NOT_ROAMING&NOT_CONGESTED&NOT_SUSPENDED LinkUpBandwidth>=15000Kbps LinkDnBandwidth>=30000Kbps Specifier: <TelephonyNetworkSpecifier [mSubId = 1]> AdministratorUids: [] RequestorUid: -1 RequestorPackageName: null]}  Score{50}  everValidated{true}  lastValidated{true}  created{true} lingering{false} explicitlySelected{false} acceptUnvalidated{false} everCaptivePortalDetected{false} lastCaptivePortalDetected{false} partialConnectivity{false} acceptPartialConnectivity{false} clat{mBaseIface: null, mIface: null, mState: IDLE} }
11-20 07:19:46.499 E/WifiNative( 1186): Could not get Iface object for interface null
11-20 07:19:46.499 D/WifiNetworkAgent( 1186): NetworkAgent: NetworkAgent channel lost
11-20 07:19:46.500 D/BluetoothAdapterService( 1710): Soft AP is on band: 1
11-20 07:19:46.503 D/BluetoothVendorService( 1710): getPowerBackoff 
11-20 07:19:46.504 D/BluetoothAdapterService( 1710): android.net.wifi.WIFI_STATE_CHANGED
11-20 07:19:46.519 D/BluetoothAdapterService( 1710): Soft AP is on band: 1
11-20 07:19:46.528 D/BluetoothVendorService( 1710): getPowerBackoff 
11-20 07:19:46.528 D/BluetoothAdapterService( 1710): android.net.wifi.STATE_CHANGE
11-20 07:19:46.531 D/BluetoothVendorService( 1710): setWifiState to: false
11-20 07:19:46.531 I/BluetoothVendorJni( 1710): setWifiStateNative
11-20 07:19:46.531 I/bt_btif_vendor( 1710): setWifiState :0
11-20 07:19:46.531 W/bt_btm  ( 1710): btm_cb.is_wifi_connected = 0 
11-20 07:19:46.532 D/WifiMemoryStoreImpl( 1186): Set cluster Ga6eb8feabe7908d4 for W958a1754935a727: SUCCESS
11-20 07:19:46.555 W/HWComposer(  598): Ignoring duplicate VSYNC event from HWC for display 0 (t=55874277052173)
11-20 07:19:46.592 I/WM-WorkerWrapper( 2334): Work [ id=e596069b-4a6f-495d-b19d-a8669de7ea86, tags={ com.facebook.wearable.system.selfcare.sharing.StickerBundleDatabaseWorker } ] was cancelled
11-20 07:19:46.592 I/WM-WorkerWrapper( 2334): java.util.concurrent.CancellationException: Task was cancelled.
11-20 07:19:46.592 I/WM-WorkerWrapper( 2334): 	at androidx.work.impl.utils.futures.AbstractFuture.getDoneValue(:32)
11-20 07:19:46.592 I/WM-WorkerWrapper( 2334): 	at androidx.work.impl.utils.futures.AbstractFuture.get(:268435546)
11-20 07:19:46.592 I/WM-WorkerWrapper( 2334): 	at androidx.work.impl.WorkerWrapper$2.run(:3)
11-20 07:19:46.592 I/WM-WorkerWrapper( 2334): 	at androidx.work.impl.utils.SerialExecutor$Task.run(:2)
11-20 07:19:46.592 I/WM-WorkerWrapper( 2334): 	at java.util.concurrent.ThreadPoolExecutor.runWorker(ThreadPoolExecutor.java:1167)
11-20 07:19:46.592 I/WM-WorkerWrapper( 2334): 	at java.util.concurrent.ThreadPoolExecutor$Worker.run(ThreadPoolExecutor.java:641)
11-20 07:19:46.592 I/WM-WorkerWrapper( 2334): 	at java.lang.Thread.run(Thread.java:923)
11-20 07:19:46.597 E/StickerBundleDatabaseWorker( 2334): Failed to fetch sticker bundles:
11-20 07:19:46.597 E/StickerBundleDatabaseWorker( 2334): kotlinx.coroutines.JobCancellationException: Job was cancelled; job=JobImpl{Cancelling}@632aba7
11-20 07:19:46.599 E/WifiNative( 1186): Could not get Iface object for interface null
11-20 07:19:46.603 D/NetworkTimeUpdateService( 1186): New default network 101; checking time.
11-20 07:19:46.606 D/DeviceAuthService(28013): Network connected
11-20 07:19:46.606 D/DeviceAuthService(28013): fetchAuthTokenWrapper called
11-20 07:19:46.610 V/LigerRadioStatsReporter( 2357): onCapabilitiesChanged: Network capabilities changed
11-20 07:19:46.610 V/LigerRadioStatsReporter( 2357): reportAndCheckpointRadioStats
11-20 07:19:46.611 V/LigerRadioStatsReporter( 2357): +++++++++++ RADIO STATS DUMP +++++++++++
11-20 07:19:46.611 V/LigerRadioStatsReporter( 2357): totalActiveRadioTimeMs=0
11-20 07:19:46.611 V/LigerRadioStatsReporter( 2357): totalTailRadioTimeMs=13993
11-20 07:19:46.611 V/LigerRadioStatsReporter( 2357): totalWakeupCount=0
11-20 07:19:46.611 V/LigerRadioStatsReporter( 2357): httpUpBytes=0
11-20 07:19:46.611 V/LigerRadioStatsReporter( 2357): httpDownBytes=0
11-20 07:19:46.611 V/LigerRadioStatsReporter( 2357): httpWakeupCount=0
11-20 07:19:46.611 V/LigerRadioStatsReporter( 2357): httpRequestCount=0
11-20 07:19:46.611 V/LigerRadioStatsReporter( 2357): httpActiveRadioTimeMs=0
11-20 07:19:46.611 V/LigerRadioStatsReporter( 2357): httpTailRadioTimeMs=13993
11-20 07:19:46.611 V/LigerRadioStatsReporter( 2357): reportAndCheckpointRadioStats: Tx=0
11-20 07:19:46.611 V/LigerRadioStatsReporter( 2357): reportAndCheckpointRadioStats: Rx=0
11-20 07:19:46.611 V/LigerRadioStatsReporter( 2357): reportAndCheckpointRadioStats: Uids=10027
11-20 07:19:46.611 V/LigerRadioStatsReporter( 2357): reportAndCheckpointRadioStats: Tags=null
11-20 07:19:46.628 D/QCNEJ/DefaultNetworkInfoRelay( 1907): Default network available: 101
11-20 07:19:46.629 D/QCNEJ/NativeHalConnector( 1907): -> SND notifyDefaultNetworkChanged(0)
11-20 07:19:46.631 E/QMI_FW  (  915): qmi_cci_get_ref: ref count increased 2
11-20 07:19:46.634 E/QMI_FW  (  915): qmi_cci_get_ref: ref count increased 2
11-20 07:19:46.635 E/DeviceAuthenticator(28013): Failed to resolve oculus.com
11-20 07:19:46.635 D/DeviceAuthService(28013): isOculusAddressResolvable returned false
11-20 07:19:46.635 D/DeviceAuthService(28013): network is still available, run handler
11-20 07:19:46.665 V/LigerRadioStatsReporter( 2357): onCapabilitiesChanged: Network capabilities changed
11-20 07:19:46.666 D/ConnectivityService( 1186): Sending CONNECTED broadcast for type 0 [101 CELLULAR] isDefaultNetwork=true
11-20 07:19:46.669 D/QCNEJ/WwanInfoRelay( 1907): onCapabilitiesChanged: 101 [ Transports: CELLULAR Capabilities: MMS&SUPL&FOTA&INTERNET&NOT_RESTRICTED&TRUSTED&NOT_VPN&VALIDATED&NOT_ROAMING&FOREGROUND&NOT_CONGESTED&NOT_SUSPENDED LinkUpBandwidth>=15000Kbps LinkDnBandwidth>=30000Kbps Specifier: <TelephonyNetworkSpecifier [mSubId = 1]> AdministratorUids: [] RequestorUid: -1 RequestorPackageName: null]
11-20 07:19:46.682 I/QCNEJ/WwanInfoRelay( 1907): cacheWwanInfo subId = 1 phoneId = 0 slotId = 0
11-20 07:19:46.696 D/WifiMemoryStoreImpl( 1186): Set cluster Ga6eb8feabe7908d4 for Wa6eb8feabe7908d4: SUCCESS
11-20 07:19:46.779 D/CompatibilityInfo( 1186): mCompatibilityFlags - 4
11-20 07:19:46.779 D/CompatibilityInfo( 1186): applicationDensity - 320
11-20 07:19:46.779 D/CompatibilityInfo( 1186): applicationScale - 1.0
11-20 07:19:46.787 I/m.android.phon( 1984): Background young concurrent copying GC freed 149392(16MB) AllocSpace objects, 76(1408KB) LOS objects, 75% free, 5860KB/23MB, paused 2.092ms total 287.760ms
11-20 07:19:46.810 W/System.err( 2620): INFO: com.whatsapp.net.logging.WtLog.log$REDEX$HQcOuACUrr4(:4) : Start handshake.
11-20 07:19:46.814 E/SelfCareDataCloudSyncWorker( 2334): Failed to get access token
11-20 07:19:46.814 E/SelfCareDataCloudSyncWorker( 2334): kotlinx.coroutines.JobCancellationException: Job was cancelled; job=JobImpl{Cancelling}@ad45b43
11-20 07:19:46.814 I/WM-WorkerWrapper( 2334): Work [ id=57f248e9-27c9-4baa-bcea-f98e3ece0d1a, tags={ com.facebook.wearable.system.selfcare.cloudsync.SelfCareDataCloudSyncWorker } ] was cancelled
11-20 07:19:46.814 I/WM-WorkerWrapper( 2334): java.util.concurrent.CancellationException: Task was cancelled.
11-20 07:19:46.814 I/WM-WorkerWrapper( 2334): 	at androidx.work.impl.utils.futures.AbstractFuture.getDoneValue(:32)
11-20 07:19:46.814 I/WM-WorkerWrapper( 2334): 	at androidx.work.impl.utils.futures.AbstractFuture.get(:268435546)
11-20 07:19:46.814 I/WM-WorkerWrapper( 2334): 	at androidx.work.impl.WorkerWrapper$2.run(:3)
11-20 07:19:46.814 I/WM-WorkerWrapper( 2334): 	at androidx.work.impl.utils.SerialExecutor$Task.run(:2)
11-20 07:19:46.814 I/WM-WorkerWrapper( 2334): 	at java.util.concurrent.ThreadPoolExecutor.runWorker(ThreadPoolExecutor.java:1167)
11-20 07:19:46.814 I/WM-WorkerWrapper( 2334): 	at java.util.concurrent.ThreadPoolExecutor$Worker.run(ThreadPoolExecutor.java:641)
11-20 07:19:46.814 I/WM-WorkerWrapper( 2334): 	at java.lang.Thread.run(Thread.java:923)
11-20 07:19:46.865 D/CompatibilityInfo( 1186): mCompatibilityFlags - 4
11-20 07:19:46.865 D/CompatibilityInfo( 1186): applicationDensity - 320
11-20 07:19:46.865 D/CompatibilityInfo( 1186): applicationScale - 1.0
11-20 07:19:46.911 E/WifiHealthMonitor( 1186):  Hit PackageManager exception
11-20 07:19:46.911 E/WifiHealthMonitor( 1186): android.content.pm.PackageManager$NameNotFoundException: No module info for package: com.android.wifi
11-20 07:19:46.911 E/WifiHealthMonitor( 1186): 	at android.app.ApplicationPackageManager.getModuleInfo(ApplicationPackageManager.java:1010)
11-20 07:19:46.911 E/WifiHealthMonitor( 1186): 	at com.android.server.wifi.WifiHealthMonitor.getWifiStackVersion(WifiHealthMonitor.java:336)
11-20 07:19:46.911 E/WifiHealthMonitor( 1186): 	at com.android.server.wifi.WifiMetrics.consolidateProto(WifiMetrics.java:4535)
11-20 07:19:46.911 E/WifiHealthMonitor( 1186): 	at com.android.server.wifi.WifiMetrics.dump(WifiMetrics.java:3217)
11-20 07:19:46.911 E/WifiHealthMonitor( 1186): 	at com.android.server.wifi.WifiServiceImpl.dump(WifiServiceImpl.java:3490)
11-20 07:19:46.911 E/WifiHealthMonitor( 1186): 	at android.os.Binder.doDump(Binder.java:866)
11-20 07:19:46.911 E/WifiHealthMonitor( 1186): 	at android.os.Binder.dump(Binder.java:856)
11-20 07:19:46.911 E/WifiHealthMonitor( 1186): 	at android.os.Binder.onTransact(Binder.java:792)
11-20 07:19:46.911 E/WifiHealthMonitor( 1186): 	at android.net.wifi.IWifiManager$Stub.onTransact(IWifiManager.java:2153)
11-20 07:19:46.911 E/WifiHealthMonitor( 1186): 	at android.os.Binder.execTransactInternal(Binder.java:1154)
11-20 07:19:46.911 E/WifiHealthMonitor( 1186): 	at android.os.Binder.execTransact(Binder.java:1123)
11-20 07:19:46.925 I/WifiMetricsUploadService(15629): size: 4475
11-20 07:19:47.000 E/ActivityThread(15629): Service com.facebook.wearable.system.wifimetricsupload.WifiMetricsUploadService has leaked ServiceConnection com.facebook.wearable.sdk.mosanalyticsproxy.WearableAnalyticsProxy$AnalyticsServiceConnection@1123e9f that was originally bound here
11-20 07:19:47.000 E/ActivityThread(15629): android.app.ServiceConnectionLeaked: Service com.facebook.wearable.system.wifimetricsupload.WifiMetricsUploadService has leaked ServiceConnection com.facebook.wearable.sdk.mosanalyticsproxy.WearableAnalyticsProxy$AnalyticsServiceConnection@1123e9f that was originally bound here
11-20 07:19:47.000 E/ActivityThread(15629): 	at android.app.LoadedApk$ServiceDispatcher.<init>(LoadedApk.java:1834)
11-20 07:19:47.000 E/ActivityThread(15629): 	at android.app.LoadedApk.getServiceDispatcherCommon(LoadedApk.java:1706)
11-20 07:19:47.000 E/ActivityThread(15629): 	at android.app.LoadedApk.getServiceDispatcher(LoadedApk.java:1685)
11-20 07:19:47.000 E/ActivityThread(15629): 	at android.app.ContextImpl.bindServiceCommon(ContextImpl.java:1819)
11-20 07:19:47.000 E/ActivityThread(15629): 	at android.app.ContextImpl.bindService(ContextImpl.java:1749)
11-20 07:19:47.000 E/ActivityThread(15629): 	at android.content.ContextWrapper.bindService(ContextWrapper.java:756)
11-20 07:19:47.000 E/ActivityThread(15629): 	at com.facebook.wearable.sdk.mosanalyticsproxy.WearableAnalyticsProxy.log(WearableAnalyticsProxy.java:146)
11-20 07:19:47.000 E/ActivityThread(15629): 	at com.facebook.wearable.sdk.mosanalyticsproxy.WearableAnalyticsProxy$1.run(WearableAnalyticsProxy.java:64)
11-20 07:19:47.000 E/ActivityThread(15629): 	at java.util.concurrent.ThreadPoolExecutor.runWorker(ThreadPoolExecutor.java:1167)
11-20 07:19:47.000 E/ActivityThread(15629): 	at java.util.concurrent.ThreadPoolExecutor$Worker.run(ThreadPoolExecutor.java:641)
11-20 07:19:47.000 E/ActivityThread(15629): 	at java.lang.Thread.run(Thread.java:923)
11-20 07:19:47.002 E/ActivityThread(15629): Service com.facebook.wearable.system.wifimetricsupload.WifiMetricsUploadService has leaked ServiceConnection com.facebook.wearable.sdk.mosanalyticsproxy.WearableAnalyticsProxy$AnalyticsServiceConnection@1d34bec that was originally bound here
11-20 07:19:47.002 E/ActivityThread(15629): android.app.ServiceConnectionLeaked: Service com.facebook.wearable.system.wifimetricsupload.WifiMetricsUploadService has leaked ServiceConnection com.facebook.wearable.sdk.mosanalyticsproxy.WearableAnalyticsProxy$AnalyticsServiceConnection@1d34bec that was originally bound here
11-20 07:19:47.002 E/ActivityThread(15629): 	at android.app.LoadedApk$ServiceDispatcher.<init>(LoadedApk.java:1834)
11-20 07:19:47.002 E/ActivityThread(15629): 	at android.app.LoadedApk.getServiceDispatcherCommon(LoadedApk.java:1706)
11-20 07:19:47.002 E/ActivityThread(15629): 	at android.app.LoadedApk.getServiceDispatcher(LoadedApk.java:1685)
11-20 07:19:47.002 E/ActivityThread(15629): 	at android.app.ContextImpl.bindServiceCommon(ContextImpl.java:1819)
11-20 07:19:47.002 E/ActivityThread(15629): 	at android.app.ContextImpl.bindService(ContextImpl.java:1749)
11-20 07:19:47.002 E/ActivityThread(15629): 	at android.content.ContextWrapper.bindService(ContextWrapper.java:756)
11-20 07:19:47.002 E/ActivityThread(15629): 	at com.facebook.wearable.sdk.mosanalyticsproxy.WearableAnalyticsProxy.log(WearableAnalyticsProxy.java:146)
11-20 07:19:47.002 E/ActivityThread(15629): 	at com.facebook.wearable.sdk.mosanalyticsproxy.WearableAnalyticsProxy$1.run(WearableAnalyticsProxy.java:64)
11-20 07:19:47.002 E/ActivityThread(15629): 	at java.util.concurrent.ThreadPoolExecutor.runWorker(ThreadPoolExecutor.java:1167)
11-20 07:19:47.002 E/ActivityThread(15629): 	at java.util.concurrent.ThreadPoolExecutor$Worker.run(ThreadPoolExecutor.java:641)
11-20 07:19:47.002 E/ActivityThread(15629): 	at java.lang.Thread.run(Thread.java:923)
11-20 07:19:47.005 E/ActivityThread(15629): Service com.facebook.wearable.system.wifimetricsupload.WifiMetricsUploadService has leaked ServiceConnection com.facebook.wearable.sdk.mosanalyticsproxy.WearableAnalyticsProxy$AnalyticsServiceConnection@28a324a that was originally bound here
11-20 07:19:47.005 E/ActivityThread(15629): android.app.ServiceConnectionLeaked: Service com.facebook.wearable.system.wifimetricsupload.WifiMetricsUploadService has leaked ServiceConnection com.facebook.wearable.sdk.mosanalyticsproxy.WearableAnalyticsProxy$AnalyticsServiceConnection@28a324a that was originally bound here
11-20 07:19:47.005 E/ActivityThread(15629): 	at android.app.LoadedApk$ServiceDispatcher.<init>(LoadedApk.java:1834)
11-20 07:19:47.005 E/ActivityThread(15629): 	at android.app.LoadedApk.getServiceDispatcherCommon(LoadedApk.java:1706)
11-20 07:19:47.005 E/ActivityThread(15629): 	at android.app.LoadedApk.getServiceDispatcher(LoadedApk.java:1685)
11-20 07:19:47.005 E/ActivityThread(15629): 	at android.app.ContextImpl.bindServiceCommon(ContextImpl.java:1819)
11-20 07:19:47.005 E/ActivityThread(15629): 	at android.app.ContextImpl.bindService(ContextImpl.java:1749)
11-20 07:19:47.005 E/ActivityThread(15629): 	at android.content.ContextWrapper.bindService(ContextWrapper.java:756)
11-20 07:19:47.005 E/ActivityThread(15629): 	at com.facebook.wearable.sdk.mosanalyticsproxy.WearableAnalyticsProxy.log(WearableAnalyticsProxy.java:146)
11-20 07:19:47.005 E/ActivityThread(15629): 	at com.facebook.wearable.sdk.mosanalyticsproxy.WearableAnalyticsProxy$1.run(WearableAnalyticsProxy.java:64)
11-20 07:19:47.005 E/ActivityThread(15629): 	at java.util.concurrent.ThreadPoolExecutor.runWorker(ThreadPoolExecutor.java:1167)
