11-21 03:27:19.242 E/SelfCareDataCloudSyncWorker( 2351): Failed to get access token
11-21 03:27:19.242 E/SelfCareDataCloudSyncWorker( 2351): kotlinx.coroutines.JobCancellationException: Job was cancelled; job=JobImpl{Cancelling}@c3e8d03
11-21 03:27:19.242 I/WM-WorkerWrapper( 2351): Work [ id=41176d4d-428f-4560-a8c8-961a1631ba8f, tags={ com.facebook.wearable.system.selfcare.cloudsync.SelfCareDataCloudSyncWorker } ] was cancelled
11-21 03:27:19.242 I/WM-WorkerWrapper( 2351): java.util.concurrent.CancellationException: Task was cancelled.
11-21 03:27:19.242 I/WM-WorkerWrapper( 2351): 	at androidx.work.impl.utils.futures.AbstractFuture.getDoneValue(:32)
11-21 03:27:19.242 I/WM-WorkerWrapper( 2351): 	at androidx.work.impl.utils.futures.AbstractFuture.get(:268435546)
11-21 03:27:19.242 I/WM-WorkerWrapper( 2351): 	at androidx.work.impl.WorkerWrapper$2.run(:3)
11-21 03:27:19.242 I/WM-WorkerWrapper( 2351): 	at androidx.work.impl.utils.SerialExecutor$Task.run(:2)
11-21 03:27:19.242 I/WM-WorkerWrapper( 2351): 	at java.util.concurrent.ThreadPoolExecutor.runWorker(ThreadPoolExecutor.java:1167)
11-21 03:27:19.242 I/WM-WorkerWrapper( 2351): 	at java.util.concurrent.ThreadPoolExecutor$Worker.run(ThreadPoolExecutor.java:641)
11-21 03:27:19.242 I/WM-WorkerWrapper( 2351): 	at java.lang.Thread.run(Thread.java:923)
11-21 03:27:19.279 I/wpa_supplicant( 7294): Try to unregister vendor STA network
11-21 03:27:19.280 E/wpa_supplicant( 7294): eap_proxy: pthread_join on eap_proxy=0xbba9eac
11-21 03:27:19.285 E/wpa_supplicant( 7294): eap_proxy: session not started for client = 1
11-21 03:27:19.285 E/QMI_FW  ( 7294): qmi_cci_get_ref: ref count increased 2
11-21 03:27:19.285 E/QMI_FW  ( 7294): qmi_cci_get_ref: ref count increased 2
11-21 03:27:19.285 E/wpa_supplicant( 7294): eap_proxy: Released QMI UIM service client
11-21 03:27:19.285 E/QMI_FW  ( 7294): qmi_cci_get_ref: ref count increased 2
11-21 03:27:19.286 E/QMI_FW  ( 7294): qmi_cci_get_ref: ref count increased 2
11-21 03:27:19.286 E/wpa_supplicant( 7294): eap_proxy: Released QMI EAP service client
11-21 03:27:19.286 E/wpa_supplicant( 7294): eap_proxy: session not started for client = 2
11-21 03:27:19.286 E/QMI_FW  ( 7294): qmi_cci_get_ref: ref count increased 2
11-21 03:27:19.286 E/QMI_FW  ( 7294): qmi_cci_get_ref: ref count increased 2
11-21 03:27:19.287 E/wpa_supplicant( 7294): eap_proxy: Released QMI UIM service client
11-21 03:27:19.288 E/QMI_FW  ( 7294): qmi_cci_get_ref: ref count increased 2
11-21 03:27:19.288 E/QMI_FW  ( 7294): qmi_cci_get_ref: ref count increased 2
11-21 03:27:19.290 E/wpa_supplicant( 7294): eap_proxy: Released QMI EAP service client
11-21 03:27:19.290 I/wpa_supplicant( 7294): eap_proxy: eap_proxy Deinitialzed
11-21 03:27:19.351 I/wpa_supplicant( 7294): nl80211: deinit ifname=wlan0 disabled_11b_rates=0
11-21 03:27:19.363 D/SettingsSDK::SyncHelper( 2351): Read setting com.facebook.wearable.sdk.selfcare:SELFCARE_SERVICE_ENABLED from persistent cache
11-21 03:27:19.366 D/FacebookRepository( 2351): Reading from Store [906581286488774]
11-21 03:27:19.393 I/WM-WorkerWrapper( 2351): Work [ id=41176d4d-428f-4560-a8c8-961a1631ba8f, tags={ com.facebook.wearable.system.selfcare.cloudsync.SelfCareDataCloudSyncWorker } ] was cancelled
11-21 03:27:19.393 I/WM-WorkerWrapper( 2351): java.util.concurrent.CancellationException: Task was cancelled.
11-21 03:27:19.393 I/WM-WorkerWrapper( 2351): 	at androidx.work.impl.utils.futures.AbstractFuture.getDoneValue(:32)
11-21 03:27:19.393 I/WM-WorkerWrapper( 2351): 	at androidx.work.impl.utils.futures.AbstractFuture.get(:268435546)
11-21 03:27:19.393 I/WM-WorkerWrapper( 2351): 	at androidx.work.impl.WorkerWrapper$2.run(:3)
11-21 03:27:19.393 I/WM-WorkerWrapper( 2351): 	at androidx.work.impl.utils.SerialExecutor$Task.run(:2)
11-21 03:27:19.393 I/WM-WorkerWrapper( 2351): 	at java.util.concurrent.ThreadPoolExecutor.runWorker(ThreadPoolExecutor.java:1167)
11-21 03:27:19.393 I/WM-WorkerWrapper( 2351): 	at java.util.concurrent.ThreadPoolExecutor$Worker.run(ThreadPoolExecutor.java:641)
11-21 03:27:19.393 I/WM-WorkerWrapper( 2351): 	at java.lang.Thread.run(Thread.java:923)
11-21 03:27:19.397 E/SelfCareDataCloudSyncWorker( 2351): Failed to get access token
11-21 03:27:19.397 E/SelfCareDataCloudSyncWorker( 2351): kotlinx.coroutines.JobCancellationException: Job was cancelled; job=JobImpl{Cancelling}@4764975
11-21 03:27:19.400 I/wpa_supplicant( 7294): Try to unregister vendor interface
11-21 03:27:19.402 D/LOWI-9.0.0.80( 1024): [LOWINetlinkSocketReceiver] unpackRTMLinkMessage: RTM_NEWLINK - ifname wlan0, flags 0x11043 ([UP][RUNNING])
11-21 03:27:19.402 D/LOWI-9.0.0.80( 1024): [LOWINetlinkSocketReceiver] processNetlinkPacket: ifname(wlan0) status(2)
11-21 03:27:19.402 D/LOWI-9.0.0.80( 1024): [LOWIController] intfStateReceived: ifname(wlan0) state(2)
11-21 03:27:19.402 D/LOWI-9.0.0.80( 1024): [LOWIEventReceiver] handleEvent:FROM:NA, TO:NA, REQ:NA, IREQ:NA, REQ_ID:0, RESP:NA, INFO:INTF-STATUS-UPDATE
11-21 03:27:19.402 D/LOWI-9.0.0.80( 1024): [LOWIEventReceiver] Info to [INTF-STATUS-UPDATE]
11-21 03:27:19.402 D/LOWI-9.0.0.80( 1024): [LOWIController] updateIntfState: WIFI enabled 2 mNlWifiStatus 2 mWifiStateEnabled 1
11-21 03:27:19.402 D/LOWI-9.0.0.80( 1024): [LOWIController] isWifiEnabled: mNlWifiStatus 2 mWifiStateEnabled 1
11-21 03:27:19.407 I/wpa_supplicant( 7294): p2p0: Do not deauthenticate as part of interface deinit since WoWLAN is enabled
11-21 03:27:19.408 I/SupplicantStaIfaceHal( 1194): Terminating supplicant using HIDL
11-21 03:27:19.459 E/wpa_supplicant( 7294): eap_proxy: pthread_join on eap_proxy=0xbba9fa8
11-21 03:27:19.459 E/wpa_supplicant( 7294): eap_proxy: session not started for client = 1
11-21 03:27:19.459 E/QMI_FW  ( 7294): qmi_cci_get_ref: ref count increased 2
11-21 03:27:19.459 E/QMI_FW  ( 7294): qmi_cci_get_ref: ref count increased 2
11-21 03:27:19.460 E/wpa_supplicant( 7294): eap_proxy: Released QMI UIM service client
11-21 03:27:19.460 E/QMI_FW  ( 7294): qmi_cci_get_ref: ref count increased 2
11-21 03:27:19.460 E/QMI_FW  ( 7294): qmi_cci_get_ref: ref count increased 2
11-21 03:27:19.461 E/wpa_supplicant( 7294): eap_proxy: Released QMI EAP service client
11-21 03:27:19.461 E/wpa_supplicant( 7294): eap_proxy: session not started for client = 2
11-21 03:27:19.461 E/QMI_FW  ( 7294): qmi_cci_get_ref: ref count increased 2
11-21 03:27:19.461 E/QMI_FW  ( 7294): qmi_cci_get_ref: ref count increased 2
11-21 03:27:19.462 E/wpa_supplicant( 7294): eap_proxy: Released QMI UIM service client
11-21 03:27:19.462 E/QMI_FW  ( 7294): qmi_cci_get_ref: ref count increased 2
11-21 03:27:19.462 E/QMI_FW  ( 7294): qmi_cci_get_ref: ref count increased 2
11-21 03:27:19.462 E/wpa_supplicant( 7294): eap_proxy: Released QMI EAP service client
11-21 03:27:19.463 I/wpa_supplicant( 7294): eap_proxy: eap_proxy Deinitialzed
11-21 03:27:19.510 I/wpa_supplicant( 7294): nl80211: deinit ifname=p2p0 disabled_11b_rates=0
11-21 03:27:19.524 D/SettingsSDK::SyncHelper( 2351): Read setting com.facebook.wearable.sdk.selfcare:SELFCARE_SERVICE_ENABLED from persistent cache
11-21 03:27:19.525 D/FacebookRepository( 2351): Reading from Store [906581286488774]
11-21 03:27:19.550 D/LOWI-9.0.0.80( 1024): [LOWINetlinkSocketReceiver] unpackRTMLinkMessage: RTM_NEWLINK - ifname p2p0, flags 0x1003 ([UP])
11-21 03:27:19.561 E/SelfCareDataCloudSyncWorker( 2351): Failed to get access token
11-21 03:27:19.561 E/SelfCareDataCloudSyncWorker( 2351): kotlinx.coroutines.JobCancellationException: Job was cancelled; job=JobImpl{Cancelling}@c17ffd6
11-21 03:27:19.561 I/WM-WorkerWrapper( 2351): Work [ id=41176d4d-428f-4560-a8c8-961a1631ba8f, tags={ com.facebook.wearable.system.selfcare.cloudsync.SelfCareDataCloudSyncWorker } ] was cancelled
11-21 03:27:19.561 I/WM-WorkerWrapper( 2351): java.util.concurrent.CancellationException: Task was cancelled.
11-21 03:27:19.561 I/WM-WorkerWrapper( 2351): 	at androidx.work.impl.utils.futures.AbstractFuture.getDoneValue(:32)
11-21 03:27:19.561 I/WM-WorkerWrapper( 2351): 	at androidx.work.impl.utils.futures.AbstractFuture.get(:268435546)
11-21 03:27:19.561 I/WM-WorkerWrapper( 2351): 	at androidx.work.impl.WorkerWrapper$2.run(:3)
11-21 03:27:19.561 I/WM-WorkerWrapper( 2351): 	at androidx.work.impl.utils.SerialExecutor$Task.run(:2)
11-21 03:27:19.561 I/WM-WorkerWrapper( 2351): 	at java.util.concurrent.ThreadPoolExecutor.runWorker(ThreadPoolExecutor.java:1167)
11-21 03:27:19.561 I/WM-WorkerWrapper( 2351): 	at java.util.concurrent.ThreadPoolExecutor$Worker.run(ThreadPoolExecutor.java:641)
11-21 03:27:19.561 I/WM-WorkerWrapper( 2351): 	at java.lang.Thread.run(Thread.java:923)
11-21 03:27:19.569 D/LOWI-9.0.0.80( 1024): [LOWINetlinkSocketReceiver] unpackRTMLinkMessage: RTM_NEWLINK - ifname p2p0, flags 0x1002 ()
11-21 03:27:19.577 D/LOWI-9.0.0.80( 1024): [LOWINetlinkSocketReceiver] unpackRTMLinkMessage: RTM_NEWLINK - ifname p2p0, flags 0x1002 ()
11-21 03:27:19.583 I/wpa_supplicant( 7294): Try to unregister vendor p2 interface
11-21 03:27:19.584 I/WifiP2pNative( 1194): P2P interface teardown completed
11-21 03:27:19.585 I/android_os_HwBinder( 1194): HwBinder: Starting thread pool for getting: android.hardware.wifi.supplicant@1.0::ISupplicant/default
11-21 03:27:19.587 D/WifiP2pNative( 1194): P2P InterfaceDestroyedListener p2p0
11-21 03:27:19.587 D/WifiP2pNative( 1194): Ignoring stale interface destroyed listener
11-21 03:27:19.587 D/WifiP2pNative( 1194): P2P InterfaceAvailableListener true
11-21 03:27:19.587 D/WifiP2pService( 1194): Wifi enabled=false, P2P Interface availability=true
11-21 03:27:19.589 I/wpa_supplicant( 7294): Terminating...
11-21 03:27:19.591 D/LOWI-9.0.0.80( 1024): [LOWINetlinkSocketReceiver] unpackRTMLinkMessage: RTM_NEWLINK - ifname wlan0, flags 0x1003 ([UP])
11-21 03:27:19.591 D/LOWI-9.0.0.80( 1024): [LOWINetlinkSocketReceiver] processNetlinkPacket: ifname(wlan0) status(1)
11-21 03:27:19.591 D/LOWI-9.0.0.80( 1024): [LOWIController] intfStateReceived: ifname(wlan0) state(1)
11-21 03:27:19.591 D/LOWI-9.0.0.80( 1024): [LOWIEventReceiver] handleEvent:FROM:NA, TO:NA, REQ:NA, IREQ:NA, REQ_ID:0, RESP:NA, INFO:INTF-STATUS-UPDATE
11-21 03:27:19.591 D/LOWI-9.0.0.80( 1024): [LOWIEventReceiver] Info to [INTF-STATUS-UPDATE]
11-21 03:27:19.591 D/LOWI-9.0.0.80( 1024): [LOWIController] updateIntfState: WIFI enabled 1 mNlWifiStatus 2 mWifiStateEnabled 1
11-21 03:27:19.591 D/LOWI-9.0.0.80( 1024): [LOWIController] isWifiEnabled: mNlWifiStatus 1 mWifiStateEnabled 1
11-21 03:27:19.634 D/LOWI-9.0.0.80( 1024): [LOWINetlinkSocketReceiver] unpackRTMLinkMessage: RTM_NEWLINK - ifname wlan0, flags 0x1003 ([UP])
11-21 03:27:19.634 D/LOWI-9.0.0.80( 1024): [LOWINetlinkSocketReceiver] processNetlinkPacket: ifname(wlan0) status(1)
11-21 03:27:19.634 D/LOWI-9.0.0.80( 1024): [LOWIController] intfStateReceived: ifname(wlan0) state(1)
11-21 03:27:19.635 D/LOWI-9.0.0.80( 1024): [LOWIEventReceiver] handleEvent:FROM:NA, TO:NA, REQ:NA, IREQ:NA, REQ_ID:0, RESP:NA, INFO:INTF-STATUS-UPDATE
11-21 03:27:19.635 D/LOWI-9.0.0.80( 1024): [LOWIEventReceiver] Info to [INTF-STATUS-UPDATE]
11-21 03:27:19.635 D/LOWI-9.0.0.80( 1024): [LOWIController] updateIntfState: WIFI enabled 1 mNlWifiStatus 1 mWifiStateEnabled 1
11-21 03:27:19.635 D/LOWI-9.0.0.80( 1024): [LOWIController] isWifiEnabled: mNlWifiStatus 1 mWifiStateEnabled 1
11-21 03:27:19.636 V/WifiHAL (  539): event received NL80211_CMD_DISCONNECT
11-21 03:27:19.637 W/SupplicantStaIfaceHal( 1194): Timed out waiting for confirmation of supplicant death
11-21 03:27:19.642 W/system_server( 1194): Long monitor contention with owner WifiHandlerThread (1636) at boolean com.android.server.wifi.SupplicantStaIfaceHal.removeIfaceV1_1(java.lang.String)(SupplicantStaIfaceHal.java:810) waiters=0 in void com.android.server.wifi.SupplicantStaIfaceCallbackImpl.onNetworkRemoved(int) for 357ms
11-21 03:27:19.645 E/SupplicantStaIfaceHal( 1194): Can't call getKeyMgmtCapabilities_1_3, ISupplicantStaIface is null
11-21 03:27:19.646 V/WifiHAL (  539): WifiVendorCommand 0xaad86b98 created vendor_id:0x1374 subcmd:38
11-21 03:27:19.647 V/WifiHAL (  539): Got a Wi-Fi HAL module message from Driver
11-21 03:27:19.647 V/WifiHAL (  539): Supported feature set : 19d3d
11-21 03:27:19.647 V/WifiHAL (  539): Supported feature set acquired : 19d3d
11-21 03:27:19.647 V/WifiHAL (  539): WifiVendorCommand 0xa0792230 created vendor_id:0x1374 subcmd:76
11-21 03:27:19.647 V/WifiHAL (  539): create: mVendor_id = 4980, Subcmd = 76.
11-21 03:27:19.648 V/WifiHAL (  539): WifiVendorCommand 0xaad86cc8 created vendor_id:0x1374 subcmd:38
11-21 03:27:19.648 V/WifiHAL (  539): Got a Wi-Fi HAL module message from Driver
11-21 03:27:19.648 V/WifiHAL (  539): Supported feature set : 19d3d
11-21 03:27:19.648 V/WifiHAL (  539): Supported feature set acquired : 19d3d
11-21 03:27:19.649 V/WifiHAL (  539): WifiVendorCommand 0xa0792230 created vendor_id:0x1374 subcmd:76
11-21 03:27:19.649 V/WifiHAL (  539): create: mVendor_id = 4980, Subcmd = 76.
11-21 03:27:19.656 E/SupplicantStaIfaceHal( 1194): Can't call getWpaDriverFeatureSet, ISupplicantStaIface is null
11-21 03:27:19.656 I/WifiNative( 1194): Successfully switched to scan mode on iface=Iface:{Name=wlan0,Id=1,Type=STA_SCAN}
11-21 03:27:19.659 W/SupplicantP2pIfaceHal( 1194): ISupplicantVendor/ISupplicantVendorP2PIface died: cookie=0
11-21 03:27:19.659 W/SupplicantStaIfaceHal( 1194): ISupplicantVendor/ISupplicantVendorStaIface died: cookie=0
11-21 03:27:19.659 W/SupplicantP2pIfaceHal( 1194): ISupplicant/ISupplicantP2pIface died: cookie=0
11-21 03:27:19.659 W/SupplicantStaIfaceHal( 1194): ISupplicantVendor/ISupplicantVendorStaIface died: cookie=0
11-21 03:27:19.659 W/SupplicantP2pIfaceHal( 1194): ISupplicant/ISupplicantP2pIface died: cookie=0
11-21 03:27:19.659 W/SupplicantP2pIfaceHal( 1194): ISupplicantVendor/ISupplicantVendorP2PIface died: cookie=0
11-21 03:27:19.660 D/SupplicantStaIfaceHal( 1194): ISupplicant died: cookie=-2783172779254239758
11-21 03:27:19.674 I/wificond(  906): Fail RSSI polling because wifi is not associated.
11-21 03:27:19.675 E/WifiNl80211Manager( 1194): Invalid signal poll result from wificond
11-21 03:27:19.677 D/WifiClientModeManager1( 1194): entering ScanOnlyModeState
11-21 03:27:19.677 D/WifiScanRequestProxy( 1194): Sending scan available broadcast: true
11-21 03:27:19.677 D/WifiP2pService( 1194): Wifi enabled=false, P2P Interface availability=true
11-21 03:27:19.678 I/WifiScanningService( 1194): Received a request to enable scanning, UID = 1000
11-21 03:27:19.678 I/WifiScanningService( 1194): scanner impls already exists
11-21 03:27:19.678 E/WifiScanningService( 1194): wifi driver loaded received while already loaded
11-21 03:27:19.678 I/WifiScanRequestProxy( 1194): Scanning is enabled
11-21 03:27:19.678 I/WifiScanRequestProxy( 1194): Scanning for hidden networks is disabled
11-21 03:27:19.680 D/WakeupController( 1194): start()
11-21 03:27:19.681 D/WakeupController( 1194): Setting active to true
11-21 03:27:19.694 D/WakeupLock( 1194): Lock set. Number of networks: 1
11-21 03:27:19.696 D/WifiClientModeImpl( 1194): ClientModeImpl: Leaving Connected state
11-21 03:27:19.712 D/SettingsSDK::SyncHelper( 2351): Read setting com.facebook.wearable.sdk.selfcare:SELFCARE_SERVICE_ENABLED from persistent cache
11-21 03:27:19.713 D/FacebookRepository( 2351): Reading from Store [906581286488774]
11-21 03:27:19.714 D/WifiCountryCode( 1194): updateCountryCode to US
11-21 03:27:19.716 E/SupplicantStaIfaceHal( 1194): Can't call setCountryCode, ISupplicantStaIface is null
11-21 03:27:19.716 D/WifiCountryCode( 1194): Failed to set country code to: US
11-21 03:27:19.725 E/SupplicantStaIfaceHal( 1194): Can't call listNetworks, ISupplicantStaIface is null
11-21 03:27:19.726 E/SupplicantStaIfaceHal( 1194): removeAllNetworks failed, got null networks
11-21 03:27:19.726 E/WifiClientModeImpl( 1194): Failed to remove networks on exiting connect mode
11-21 03:27:19.739 E/WakeupController( 1194): Unexpected setLastDisconnectInfo when WakeupController is active!
11-21 03:27:19.742 E/WifiVendorHal( 1194): stopRssiMonitoring(l.2106) failed {.code = ERROR_NOT_AVAILABLE, .description = }
11-21 03:27:19.742 E/SupplicantStaIfaceHal( 1194): Can't call setPowerSave, ISupplicantStaIface is null
11-21 03:27:19.743 E/SupplicantStaIfaceHal( 1194): Can't call setBtCoexistenceMode, ISupplicantStaIface is null
11-21 03:27:19.744 E/SelfCareDataCloudSyncWorker( 2351): Failed to get access token
11-21 03:27:19.744 E/SelfCareDataCloudSyncWorker( 2351): kotlinx.coroutines.JobCancellationException: Job was cancelled; job=JobImpl{Cancelling}@c65c429
11-21 03:27:19.744 I/WM-WorkerWrapper( 2351): Work [ id=41176d4d-428f-4560-a8c8-961a1631ba8f, tags={ com.facebook.wearable.system.selfcare.cloudsync.SelfCareDataCloudSyncWorker } ] was cancelled
11-21 03:27:19.744 I/WM-WorkerWrapper( 2351): java.util.concurrent.CancellationException: Task was cancelled.
11-21 03:27:19.744 I/WM-WorkerWrapper( 2351): 	at androidx.work.impl.utils.futures.AbstractFuture.getDoneValue(:32)
11-21 03:27:19.744 I/WM-WorkerWrapper( 2351): 	at androidx.work.impl.utils.futures.AbstractFuture.get(:268435546)
11-21 03:27:19.744 I/WM-WorkerWrapper( 2351): 	at androidx.work.impl.WorkerWrapper$2.run(:3)
11-21 03:27:19.744 I/WM-WorkerWrapper( 2351): 	at androidx.work.impl.utils.SerialExecutor$Task.run(:2)
11-21 03:27:19.744 I/WM-WorkerWrapper( 2351): 	at java.util.concurrent.ThreadPoolExecutor.runWorker(ThreadPoolExecutor.java:1167)
11-21 03:27:19.744 I/WM-WorkerWrapper( 2351): 	at java.util.concurrent.ThreadPoolExecutor$Worker.run(ThreadPoolExecutor.java:641)
11-21 03:27:19.744 I/WM-WorkerWrapper( 2351): 	at java.lang.Thread.run(Thread.java:923)
11-21 03:27:19.744 V/WifiClientModeImpl( 1194): stopIpClient IpClientWithPreConnection: false
11-21 03:27:19.744 V/WifiClientModeImpl( 1194): java.lang.Throwable
11-21 03:27:19.744 V/WifiClientModeImpl( 1194): 	at com.android.server.wifi.ClientModeImpl.stopIpClient(ClientModeImpl.java:1127)
11-21 03:27:19.744 V/WifiClientModeImpl( 1194): 	at com.android.server.wifi.ClientModeImpl.stopDhcpSetup(ClientModeImpl.java:1153)
11-21 03:27:19.744 V/WifiClientModeImpl( 1194): 	at com.android.server.wifi.ClientModeImpl.handleNetworkDisconnect(ClientModeImpl.java:2945)
11-21 03:27:19.744 V/WifiClientModeImpl( 1194): 	at com.android.server.wifi.ClientModeImpl.stopClientMode(ClientModeImpl.java:3889)
11-21 03:27:19.744 V/WifiClientModeImpl( 1194): 	at com.android.server.wifi.ClientModeImpl.access$4600(ClientModeImpl.java:176)
11-21 03:27:19.744 V/WifiClientModeImpl( 1194): 	at com.android.server.wifi.ClientModeImpl$ConnectModeState.exit(ClientModeImpl.java:4064)
11-21 03:27:19.744 V/WifiClientModeImpl( 1194): 	at com.android.wifi.x.com.android.internal.util.StateMachine$SmHandler.invokeExitMethods(StateMachine.java:1021)
11-21 03:27:19.744 V/WifiClientModeImpl( 1194): 	at com.android.wifi.x.com.android.internal.util.StateMachine$SmHandler.performTransitions(StateMachine.java:877)
11-21 03:27:19.744 V/WifiClientModeImpl( 1194): 	at com.android.wifi.x.com.android.internal.util.StateMachine$SmHandler.handleMessage(StateMachine.java:819)
11-21 03:27:19.744 V/WifiClientModeImpl( 1194): 	at android.os.Handler.dispatchMessage(Handler.java:106)
11-21 03:27:19.744 V/WifiClientModeImpl( 1194): 	at android.os.Looper.loop(Looper.java:223)
11-21 03:27:19.744 V/WifiClientModeImpl( 1194): 	at android.os.HandlerThread.run(HandlerThread.java:67)
11-21 03:27:19.748 D/DhcpClient( 1194): doQuit
11-21 03:27:19.749 D/QCNEJ/WlanStaInfoRelay( 1900): Received action: android.net.wifi.STATE_CHANGE
11-21 03:27:19.750 D/QCNEJ/WlanStaInfoRelay( 1900): reset CountryCodeRetriever
11-21 03:27:19.751 D/WifiConnector( 2841): Network State Changed
11-21 03:27:19.753 E/QMI_FW  (  927): qmi_cci_get_ref: ref count increased 2
11-21 03:27:19.754 D/ConnectivityService( 1194): [208 WIFI] EVENT_NETWORK_INFO_CHANGED, going from CONNECTED to DISCONNECTED
11-21 03:27:19.754 D/ConnectivityService( 1194): [208 WIFI] disconnected, was satisfying 26
11-21 03:27:19.757 E/QMI_FW  (  927): qmi_cci_get_ref: ref count increased 2
11-21 03:27:19.758 D/WifiDiags( 1194): stopLogging() iface list is {} after removing wlan0
11-21 03:27:19.761 E/QMI_FW  ( 1113): qmi_cci_get_ref: ref count increased 2
11-21 03:27:19.763 E/WifiVendorHal( 1194): resetLogHandler(l.1558) failed {.code = ERROR_NOT_AVAILABLE, .description = }
11-21 03:27:19.763 W/WifiDiags( 1194): Fail to reset log handler
11-21 03:27:19.776 E/QMI_FW  ( 1113): qmi_cci_get_ref: ref count increased 2
11-21 03:27:19.778 D/WifiMemoryStoreImpl( 1194): Set cluster Gded792457511e862 for We4936d4057368143: SUCCESS
11-21 03:27:19.786 E/QMI_FW  ( 1113): qmi_cci_get_ref: ref count increased 2
11-21 03:27:19.796 I/chatty  ( 1113): uid=1001(radio) main identical 6 lines
11-21 03:27:19.797 E/QMI_FW  ( 1113): qmi_cci_get_ref: ref count increased 2
11-21 03:27:19.800 E/QMI_FW  ( 1113): qmi_cci_get_ref: ref count increased 2
11-21 03:27:19.819 I/chatty  ( 1113): uid=1001(radio) main identical 5 lines
11-21 03:27:19.823 E/QMI_FW  ( 1113): qmi_cci_get_ref: ref count increased 2
11-21 03:27:19.826 I/GnssNetworkConnectivityHandler( 1194): Network connection lost. Available networks count: 1
11-21 03:27:19.827 I/GnssNetworkConnectivityHandler( 1194): updateNetworkState, state=CLOSED, connected=false, network=208, capabilities=[ Transports: WIFI Capabilities: NOT_METERED&INTERNET&NOT_RESTRICTED&TRUSTED&NOT_VPN&VALIDATED&NOT_ROAMING&FOREGROUND&NOT_CONGESTED&NOT_SUSPENDED LinkUpBandwidth>=67000Kbps LinkDnBandwidth>=67000Kbps SignalStrength: -36 OwnerUid: 1000 AdministratorUids: [] SSID: "MTBF_Lab" RequestorUid: -1 RequestorPackageName: null], apn: , availableNetworkCount: 1
11-21 03:27:19.827 E/QMI_FW  ( 1113): qmi_cci_get_ref: ref count increased 2
11-21 03:27:19.838 W/LocSvc_LocIpc(  523): send:66] failed reason: No such file or directory
11-21 03:27:19.849 D/QCNEJ/DefaultNetworkInfoRelay( 1900): Default network lost: 208
11-21 03:27:19.855 I/Nat464Xlat( 1194): Android Xlat is disabled
11-21 03:27:19.856 D/QCNEJ/NativeHalConnector( 1900): -> SND notifyDefaultNetworkChanged(1)
11-21 03:27:19.856 D/QCNEJ/WlanStaInfoRelay( 1900): network lost: 208
11-21 03:27:19.859 D/DeviceAuthService( 3525): Network lost
11-21 03:27:19.869 D/QCNEJ/WlanStaInfoRelay( 1900): onLost: unbind the process to WIFI
11-21 03:27:19.879 D/WifiMemoryStoreImpl( 1194): Set cluster Gded792457511e862 for Wded792457511e862: SUCCESS
11-21 03:27:19.855 I/Nat464Xlat( 1194): Android Xlat is disabled
11-21 03:27:19.919 D/ConnectivityService( 1194): Sending DISCONNECTED broadcast for type 1 [208 WIFI] isDefaultNetwork=true
11-21 03:27:19.957 D/ConnectivityService( 1194): NetReassign [8 : null → 100, 20 : null → 100, 46 : null → 100, 2784 : null → 100, 12 : null → 100, 22 : null → 100, 16 : null → 100, 1990 : null → 100, 14 : null → 100, 50 : null → 100, 18 : null → 100, 11 : null → 100, 2773 : null → 100, 1 : null → 100, 17 : null → 100]
11-21 03:27:19.960 E/NetlinkEvent(  459): NetlinkEvent::FindParam(): Parameter 'INTERFACE' not found
11-21 03:27:19.960 E/NetlinkEvent(  459): NetlinkEvent::FindParam(): Parameter 'STATE' not found
11-21 03:27:19.960 E/NetlinkEvent(  459): NetlinkEvent::FindParam(): Parameter 'TIME_NS' not found
11-21 03:27:19.960 E/NetlinkEvent(  459): NetlinkEvent::FindParam(): Parameter 'UID' not found
11-21 03:27:19.975 D/DhcpClient( 1194): DHCP Packet Handler stopped
11-21 03:27:19.976 D/DhcpClient( 1194): onQuitting
11-21 03:27:19.981 D/ConnectivityService( 1194): Switching to new default network: NetworkAgentInfo{ ni{[type: MOBILE[LTE], state: CONNECTED/CONNECTED, reason: (unspecified), extra: nxtgenphone, failover: false, available: true, roaming: false]}  network{100}  nethandle{432902426637}  lp{{InterfaceName: rmnet_data2 LinkAddresses: [ 10.129.103.196/29,2600:380:c119:24f:b89a:9f3c:46c1:95af/64 ] DnsAddresses: [ /172.26.38.1,/fc00:a:a::300 ] Domains: null MTU: 1430 TcpBufferSizes: 2097152,4194304,8388608,262144,524288,1048576 Routes: [ 0.0.0.0/0 -> 10.129.103.197 rmnet_data2 mtu 1430,::/0 -> fe80::b45f:41f1:1846:969d rmnet_data2 mtu 1430,10.129.103.192/29 -> 0.0.0.0 rmnet_data2 mtu 0,2600:380:c119:24f::/64 -> :: rmnet_data2 mtu 0 ]}}  nc{[ Transports: CELLULAR Capabilities: MMS&SUPL&FOTA&INTERNET&NOT_RESTRICTED&TRUSTED&NOT_VPN&VALIDATED&NOT_ROAMING&FOREGROUND&NOT_CONGESTED&NOT_SUSPENDED LinkUpBandwidth>=15000Kbps LinkDnBandwidth>=30000Kbps Specifier: <TelephonyNetworkSpecifier [mSubId = 1]> AdministratorUids: [] RequestorUid: -1 RequestorPackageName: null]}  Score{50}  everValidated{true}  lastValidated{true}  created{true} lingering{true} explicitlySelected{false} acceptUnvalidated{false} everCaptivePortalDetected{false} lastCaptivePortalDetected{false} partialConnectivity{false} acceptPartialConnectivity{false} clat{mBaseIface: null, mIface: null, mState: IDLE} }
11-21 03:27:19.989 W/HWComposer(  577): Ignoring duplicate VSYNC event from HWC for display 0 (t=128384146571649)
11-21 03:27:19.991 W/MqttClient( 2665): connection/disconnecting; reason=NETWORK_LOST, operation=DISCONNECT
11-21 03:27:20.006 W/System.err( 2665): DEBUG: com.whatsapp.net.tls13.WtSocketWrapper.sendAlertAndShutdown(:86) : Sending Alert : type : WARNING description : close_notify(0) exception : 
11-21 03:27:20.072 D/SettingsSDK::SyncHelper( 2351): Read setting com.facebook.wearable.sdk.selfcare:SELFCARE_SERVICE_ENABLED from persistent cache
11-21 03:27:20.075 W/SupplicantStaIfaceHal( 1194): ISupplicant died: cookie=223
11-21 03:27:20.079 E/WifiNative( 1194): Could not get Iface object for interface null
11-21 03:27:20.079 D/WifiNetworkAgent( 1194): NetworkAgent: NetworkAgent channel lost
11-21 03:27:20.094 D/FacebookRepository( 2351): Reading from Store [906581286488774]
11-21 03:27:20.106 D/QCNEJ/DefaultNetworkInfoRelay( 1900): Default network available: 100
11-21 03:27:20.108 D/QCNEJ/NativeHalConnector( 1900): -> SND notifyDefaultNetworkChanged(0)
11-21 03:27:20.113 E/QMI_FW  (  927): qmi_cci_get_ref: ref count increased 2
11-21 03:27:20.114 E/QMI_FW  (  927): qmi_cci_get_ref: ref count increased 2
11-21 03:27:20.116 V/LigerRadioStatsReporter( 2384): onCapabilitiesChanged: Network capabilities changed
11-21 03:27:20.116 V/LigerRadioStatsReporter( 2384): reportAndCheckpointRadioStats
11-21 03:27:20.119 V/LigerRadioStatsReporter( 2384): +++++++++++ RADIO STATS DUMP +++++++++++
11-21 03:27:20.119 V/LigerRadioStatsReporter( 2384): totalActiveRadioTimeMs=0
11-21 03:27:20.119 V/LigerRadioStatsReporter( 2384): totalTailRadioTimeMs=13993
11-21 03:27:20.119 V/LigerRadioStatsReporter( 2384): totalWakeupCount=0
11-21 03:27:20.119 V/LigerRadioStatsReporter( 2384): httpUpBytes=0
11-21 03:27:20.119 V/LigerRadioStatsReporter( 2384): httpDownBytes=0
11-21 03:27:20.120 V/LigerRadioStatsReporter( 2384): httpWakeupCount=0
11-21 03:27:20.120 V/LigerRadioStatsReporter( 2384): httpRequestCount=0
11-21 03:27:20.120 V/LigerRadioStatsReporter( 2384): httpActiveRadioTimeMs=0
11-21 03:27:20.120 V/LigerRadioStatsReporter( 2384): httpTailRadioTimeMs=13993
11-21 03:27:20.120 V/LigerRadioStatsReporter( 2384): reportAndCheckpointRadioStats: Tx=0
11-21 03:27:20.120 V/LigerRadioStatsReporter( 2384): reportAndCheckpointRadioStats: Rx=0
11-21 03:27:20.120 V/LigerRadioStatsReporter( 2384): reportAndCheckpointRadioStats: Uids=10028
11-21 03:27:20.120 V/LigerRadioStatsReporter( 2384): reportAndCheckpointRadioStats: Tags=null
11-21 03:27:20.124 D/NetworkTimeUpdateService( 1194): New default network 100; checking time.
11-21 03:27:20.128 D/DeviceAuthService( 3525): Network connected
11-21 03:27:20.128 D/DeviceAuthService( 3525): fetchAuthTokenWrapper called
11-21 03:27:20.130 D/ConnectivityService( 1194): Unlingering [100 CELLULAR]
11-21 03:27:20.130 D/ConnectivityService( 1194): Sending CONNECTED broadcast for type 0 [100 CELLULAR] isDefaultNetwork=true
11-21 03:27:20.145 W/SimpleTimeDetectorStrategy( 1194): Existing suggestion found to be invalid  elapsedRealtimeMillis=128384305, timeSuggestion=TelephonyTimeSuggestion{mSlotIndex='0', mUtcTime=TimestampedValue{mReferenceTimeMillis=2542243, mValue=1637368197000}, mDebugInfo=[Sending new time suggestion nitzSignal=TimestampedValue{mReferenceTimeMillis=2542243, mValue=NitzData{mOriginalString=21/11/20,00:29:57-32,00, mZoneOffset=-28800000, mDstOffset=0, mCurrentTimeMillis=1637368197000, mEmulatorHostTimeZone=null}}, reason=handleNitzReceived(TimestampedValue{mReferenceTimeMillis=2542243, mValue=NitzData{mOriginalString=21/11/20,00:29:57-32,00, mZoneOffset=-28800000, mDstOffset=0, mCurrentTimeMillis=1637368197000, mEmulatorHostTimeZone=null}})]}
11-21 03:27:20.154 E/QMI_FW  ( 1113): qmi_cci_get_ref: ref count increased 2
11-21 03:27:20.154 E/QMI_FW  ( 1113): qmi_cci_get_ref: ref count increased 2
11-21 03:27:20.155 E/QMI_FW  ( 1113): qmi_cci_get_ref: ref count increased 2
11-21 03:27:20.161 D/DeviceAuthService( 3525): isOculusAddressResolvable returned true
11-21 03:27:20.161 D/DeviceAuthenticator( 3525): Fetching new credentials asynchronously
11-21 03:27:20.163 D/DeviceAuthenticator( 3525): Calling DeviceAuth.authenticate()
11-21 03:27:20.168 E/DeviceCertService(  541): This device *might* have a provisioning issue. Please run `maui provision check` to verify.
11-21 03:27:20.168 E/DeviceCertService(  541): See https://fburl.com/wiki/a9hho0p9 for more information.
11-21 03:27:20.168 E/DeviceCertService(  541): Could not access certificate file '/mnt/vendor/persist/certificates/device_identityinsecure.crt', error 2: No such file or directory
11-21 03:27:20.169 E/DeviceAuthenticator( 3525): ERROR: java.lang.RuntimeException: devicecert returned error FILESYSTEM_ERROR
11-21 03:27:20.169 E/DeviceAuthenticator( 3525): 
11-21 03:27:20.169 E/DeviceAuthenticator( 3525): com.facebook.mos.sdk.devicecert.DeviceIdentityException: java.lang.RuntimeException: devicecert returned error FILESYSTEM_ERROR
11-21 03:27:20.169 E/DeviceAuthenticator( 3525): 
11-21 03:27:20.195 I/system_server( 1194): Background young concurrent copying GC freed 476685(20MB) AllocSpace objects, 50(1480KB) LOS objects, 21% free, 77MB/97MB, paused 333us total 500.899ms
11-21 03:27:20.217 D/mcu_health_checker(  946): Sent MCU Health Request
11-21 03:27:20.218 D/commandrouter( 1117): SocServiceHandle::onServiceMessage, SoC Service = mcu_healthcheck_946, appType = 1, type = SVC_REQ, clientId = 0, token = 2138, payloadLen = 20, result = 0, payload.size() = 20
11-21 03:27:20.221 D/commandrouter( 1117): mcu_healthcheck_946 (1, merlot:mcu_health:control): <ServiceResponse> FORWARDED (remote -> local) CR token ID = 2138, service client ID = 6, token ID = 10657, result = 0
11-21 03:27:20.222 D/mcu_health_checker(  946): MCU Health Response: MCU_OK
11-21 03:27:20.222 D/mcu_health_checker(  946): MCU Session 0, uptime = 128349719 ms
11-21 03:27:20.222 D/mcu_health_checker(  946): mSensorErrs[0]: 0
11-21 03:27:20.222 D/mcu_health_checker(  946): mSensorErrs[1]: 0
11-21 03:27:20.222 D/mcu_health_checker(  946): mSensorErrs[2]: 0
11-21 03:27:20.232 W/System.err( 2665): INFO: com.whatsapp.net.logging.WtLog.log$REDEX$HQcOuACUrr4(:4) : Start handshake.
11-21 03:27:20.286 E/SelfCareDataCloudSyncWorker( 2351): Failed to get access token
11-21 03:27:20.286 E/SelfCareDataCloudSyncWorker( 2351): kotlinx.coroutines.JobCancellationException: Job was cancelled; job=JobImpl{Cancelling}@ac082c8
11-21 03:27:20.286 I/WM-WorkerWrapper( 2351): Work [ id=41176d4d-428f-4560-a8c8-961a1631ba8f, tags={ com.facebook.wearable.system.selfcare.cloudsync.SelfCareDataCloudSyncWorker } ] was cancelled
11-21 03:27:20.286 I/WM-WorkerWrapper( 2351): java.util.concurrent.CancellationException: Task was cancelled.
11-21 03:27:20.286 I/WM-WorkerWrapper( 2351): 	at androidx.work.impl.utils.futures.AbstractFuture.getDoneValue(:32)
11-21 03:27:20.286 I/WM-WorkerWrapper( 2351): 	at androidx.work.impl.utils.futures.AbstractFuture.get(:268435546)
11-21 03:27:20.286 I/WM-WorkerWrapper( 2351): 	at androidx.work.impl.WorkerWrapper$2.run(:3)
11-21 03:27:20.286 I/WM-WorkerWrapper( 2351): 	at androidx.work.impl.utils.SerialExecutor$Task.run(:2)
11-21 03:27:20.286 I/WM-WorkerWrapper( 2351): 	at java.util.concurrent.ThreadPoolExecutor.runWorker(ThreadPoolExecutor.java:1167)
11-21 03:27:20.286 I/WM-WorkerWrapper( 2351): 	at java.util.concurrent.ThreadPoolExecutor$Worker.run(ThreadPoolExecutor.java:641)
11-21 03:27:20.286 I/WM-WorkerWrapper( 2351): 	at java.lang.Thread.run(Thread.java:923)
11-21 03:27:20.305 E/WifiNative( 1194): Could not get Iface object for interface null
11-21 03:27:20.320 W/System.err( 2665): INFO: com.whatsapp.net.logging.WtLog.log$REDEX$HQcOuACUrr4(:4) : Handshake complete : session_resumed true early_data_sent false early_data_accepted false client_cert_requested false time_ms 88
11-21 03:27:20.396 D/CompatibilityInfo( 1194): mCompatibilityFlags - 4
11-21 03:27:20.396 D/CompatibilityInfo( 1194): applicationDensity - 320
11-21 03:27:20.396 D/CompatibilityInfo( 1194): applicationScale - 1.0
11-21 03:27:20.453 I/WM-WorkerWrapper( 2351): Work [ id=731e9e35-e8c2-49b1-b246-986e05f06ab6, tags={ com.facebook.wearable.system.selfcare.sharing.StickerBundleDatabaseWorker } ] was cancelled
11-21 03:27:20.453 I/WM-WorkerWrapper( 2351): java.util.concurrent.CancellationException: Task was cancelled.
11-21 03:27:20.453 I/WM-WorkerWrapper( 2351): 	at androidx.work.impl.utils.futures.AbstractFuture.getDoneValue(:32)
11-21 03:27:20.453 I/WM-WorkerWrapper( 2351): 	at androidx.work.impl.utils.futures.AbstractFuture.get(:268435546)
11-21 03:27:20.453 I/WM-WorkerWrapper( 2351): 	at androidx.work.impl.WorkerWrapper$2.run(:3)
11-21 03:27:20.453 I/WM-WorkerWrapper( 2351): 	at androidx.work.impl.utils.SerialExecutor$Task.run(:2)
11-21 03:27:20.453 I/WM-WorkerWrapper( 2351): 	at java.util.concurrent.ThreadPoolExecutor.runWorker(ThreadPoolExecutor.java:1167)
11-21 03:27:20.453 I/WM-WorkerWrapper( 2351): 	at java.util.concurrent.ThreadPoolExecutor$Worker.run(ThreadPoolExecutor.java:641)
11-21 03:27:20.453 I/WM-WorkerWrapper( 2351): 	at java.lang.Thread.run(Thread.java:923)
