11-20 00:23:19.357 D/ConnectivityService( 1194): registerNetworkAgent NetworkAgentInfo{ ni{[type: WIFI[], state: UNKNOWN/IDLE, reason: (unspecified), extra: , failover: false, available: true, roaming: false]}  network{126}  nethandle{544571576333}  lp{{InterfaceName: wlan0 LinkAddresses: [ ] DnsAddresses: [ ] Domains: null MTU: 0 Routes: [ ]}}  nc{[ Transports: WIFI Capabilities: NOT_METERED&INTERNET&NOT_RESTRICTED&TRUSTED&NOT_VPN&NOT_ROAMING&FOREGROUND&NOT_CONGESTED&NOT_SUSPENDED LinkUpBandwidth>=72000Kbps LinkDnBandwidth>=72000Kbps OwnerUid: 1000 SSID: "MTBF_Lab" RequestorUid: -1 RequestorPackageName: null]}  Score{20}  everValidated{false}  lastValidated{false}  created{false} lingering{false} explicitlySelected{false} acceptUnvalidated{false} everCaptivePortalDetected{false} lastCaptivePortalDetected{false} partialConnectivity{false} acceptPartialConnectivity{false} clat{mBaseIface: null, mIface: null, mState: IDLE} }
11-20 00:23:19.375 D/ConnectivityService( 1194): [126 WIFI] EVENT_NETWORK_INFO_CHANGED, going from UNKNOWN to UNKNOWN
11-20 00:23:19.527 D/ConnectivityService( 1194): NetReassign [no changes]
11-20 00:23:19.559 I/Nat464Xlat( 1194): Android Xlat is disabled
11-20 00:23:19.559 I/Nat464Xlat( 1194): Android Xlat is disabled
11-20 00:23:19.686 E/ConnectivityService( 1194): Exception in networkAddRouteParcel for non-gateway: android.os.ServiceSpecificException: Machine is not on the network (code 64)
11-20 00:23:19.688 E/ConnectivityService( 1194): Exception in networkAddRouteParcel for gateway: android.os.ServiceSpecificException: Machine is not on the network (code 64)
11-20 00:23:19.688 I/Nat464Xlat( 1194): Android Xlat is disabled
11-20 00:23:19.688 I/Nat464Xlat( 1194): Android Xlat is disabled
11-20 00:23:19.752 D/ConnectivityService( 1194): Setting DNS servers for network 126 to [/192.168.1.1]
11-20 00:23:19.753 I/Nat464Xlat( 1194): Android Xlat is disabled
11-20 00:23:19.753 I/Nat464Xlat( 1194): Android Xlat is disabled
11-20 00:23:19.849 D/ConnectivityService( 1194): [126 WIFI] EVENT_NETWORK_INFO_CHANGED, going from UNKNOWN to CONNECTED
11-20 00:23:19.851 D/DnsManager( 1194): sendDnsConfigurationForNetwork(126, [192.168.1.1], [], 1800, 25, 8, 64, 0, 0, , [])
11-20 00:23:19.853 W/DnsManager( 1194): updatePrivateDns(126, PrivateDnsConfig{true:/[]})
11-20 00:23:19.853 D/ConnectivityService( 1194): Setting DNS servers for network 126 to [/192.168.1.1]
11-20 00:23:19.853 D/DnsManager( 1194): sendDnsConfigurationForNetwork(126, [192.168.1.1], [], 1800, 25, 8, 64, 0, 0, , [192.168.1.1])
11-20 00:23:19.855 D/ConnectivityService( 1194): Adding iface wlan0 to network 126
11-20 00:23:19.885 D/ConnectivityService( 1194): Setting DNS servers for network 126 to [/192.168.1.1]
11-20 00:23:19.886 D/DnsManager( 1194): sendDnsConfigurationForNetwork(126, [192.168.1.1], [], 1800, 25, 8, 64, 0, 0, , [192.168.1.1])
11-20 00:23:19.889 I/Nat464Xlat( 1194): Android Xlat is disabled
11-20 00:23:19.889 I/Nat464Xlat( 1194): Android Xlat is disabled
11-20 00:23:19.961 D/ConnectivityService( 1194): NetReassign [no changes]
11-20 00:23:20.121 D/ConnectivityService( 1194): [126 WIFI] validation passed
11-20 00:23:20.122 D/ConnectivityService( 1194): NetReassign [8 : 100 → 126, 20 : 100 → 126, 46 : 100 → 126, 45 : 100 → 126, 626 : 100 → 126, 12 : 100 → 126, 22 : 100 → 126, 16 : 100 → 126, 603 : 100 → 126, 14 : 100 → 126, 50 : 100 → 126, 18 : 100 → 126, 11 : 100 → 126, 629 : 100 → 126, 1 : 100 → 126, 17 : 100 → 126]
11-20 00:23:20.128 E/NetlinkEvent(  459): NetlinkEvent::FindParam(): Parameter 'INTERFACE' not found
11-20 00:23:20.128 E/NetlinkEvent(  459): NetlinkEvent::FindParam(): Parameter 'STATE' not found
11-20 00:23:20.128 E/NetlinkEvent(  459): NetlinkEvent::FindParam(): Parameter 'TIME_NS' not found
11-20 00:23:20.128 E/NetlinkEvent(  459): NetlinkEvent::FindParam(): Parameter 'UID' not found
11-20 00:23:20.145 D/ConnectivityService( 1194): Switching to new default network: NetworkAgentInfo{ ni{[type: WIFI[], state: CONNECTED/CONNECTED, reason: (unspecified), extra: , failover: false, available: true, roaming: false]}  network{126}  nethandle{544571576333}  lp{{InterfaceName: wlan0 LinkAddresses: [ 192.168.1.39/24 ] DnsAddresses: [ /192.168.1.1 ] Domains: null MTU: 0 ServerAddress: /192.168.1.1 TcpBufferSizes: 524288,1048576,2097152,262144,524288,1048576 Routes: [ fe80::/64 -> :: wlan0 mtu 0,192.168.1.0/24 -> 0.0.0.0 wlan0 mtu 0,0.0.0.0/0 -> 192.168.1.1 wlan0 mtu 0 ]}}  nc{[ Transports: WIFI Capabilities: NOT_METERED&INTERNET&NOT_RESTRICTED&TRUSTED&NOT_VPN&VALIDATED&NOT_ROAMING&FOREGROUND&NOT_CONGESTED&NOT_SUSPENDED LinkUpBandwidth>=68000Kbps LinkDnBandwidth>=68000Kbps SignalStrength: -30 OwnerUid: 1000 SSID: "MTBF_Lab" RequestorUid: -1 RequestorPackageName: null]}  Score{60}  everValidated{true}  lastValidated{true}  created{true} lingering{false} explicitlySelected{false} acceptUnvalidated{false} everCaptivePortalDetected{false} lastCaptivePortalDetected{false} partialConnectivity{false} acceptPartialConnectivity{false} clat{mBaseIface: null, mIface: null, mState: IDLE} }
11-20 00:23:20.272 D/ConnectivityService( 1194): Lingering [100 CELLULAR] for 30000ms
11-20 00:23:20.277 D/ConnectivityService( 1194): Sending DISCONNECTED broadcast for type 0 [100 CELLULAR] isDefaultNetwork=true
11-20 00:23:20.279 D/ConnectivityService( 1194): Sending CONNECTED broadcast for type 1 [126 WIFI] isDefaultNetwork=true
11-20 00:23:20.316 D/ConnectivityService( 1194): Setting DNS servers for network 126 to [/192.168.1.1]
11-20 00:23:20.317 D/DnsManager( 1194): sendDnsConfigurationForNetwork(126, [192.168.1.1], [], 1800, 25, 8, 64, 0, 0, , [192.168.1.1])
11-20 00:23:20.433 I/Nat464Xlat( 1194): Android Xlat is disabled
11-20 00:23:20.433 I/Nat464Xlat( 1194): Android Xlat is disabled
11-20 00:23:21.244 D/commandrouter( 1117): rtc_sync (1, rtc:sync): <ServiceRequest> FORWARDED (remote -> local) service client ID = 0, token ID = 35858
11-20 00:23:21.245 D/commandrouter( 1117): SocServiceHandle::onServiceMessage, SoC Service = rtc_sync, appType = 1, type = SVC_RESP, clientId = 0, token = 35858, payloadLen = 8, result = 0, payload.size() = 8
11-20 00:23:31.240 D/commandrouter( 1117): rtc_sync (1, rtc:sync): <ServiceRequest> FORWARDED (remote -> local) service client ID = 0, token ID = 35859
11-20 00:23:31.241 D/commandrouter( 1117): SocServiceHandle::onServiceMessage, SoC Service = rtc_sync, appType = 1, type = SVC_RESP, clientId = 0, token = 35859, payloadLen = 8, result = 0, payload.size() = 8
11-20 00:23:38.291 D/AutofillManagerService( 1194): onBackKeyPressed()
11-20 00:23:39.353 I/chatty  ( 1194): uid=1000(system) android.ui identical 2 lines
11-20 00:23:40.568 D/AutofillManagerService( 1194): onBackKeyPressed()
11-20 00:23:41.132 W/ActivityManager( 1194): Invalid packageName: com.facebook.wearable.system.settings/com.facebook.wearable.system.settings.SettingsActivity
11-20 00:23:41.230 D/commandrouter( 1117): rtc_sync (1, rtc:sync): <ServiceRequest> FORWARDED (remote -> local) service client ID = 0, token ID = 35860
11-20 00:23:41.230 D/commandrouter( 1117): SocServiceHandle::onServiceMessage, SoC Service = rtc_sync, appType = 1, type = SVC_RESP, clientId = 0, token = 35860, payloadLen = 8, result = 0, payload.size() = 8
11-20 00:23:41.258 I/ActivityTaskManager( 1194): START u0 {flg=0x10000000 cmp=com.facebook.wearable.system.settings/.SettingsActivity} from uid 0
11-20 00:23:41.274 I/ActivityTaskManager( 1194): The Process com.facebook.wearable.system.settings Already Exists in BG. So sending its PID: 3038
11-20 00:23:41.274 W/ActivityTaskManager( 1194): Tried to set launchTime (0) < mLastActivityLaunchTime (30936547)
11-20 00:23:42.318 D/commandrouter( 1117): SocServiceHandle::onServiceMessage, SoC Service = mcu_healthcheck_1118, appType = 1, type = SVC_REQ, clientId = 0, token = 1030, payloadLen = 12, result = 0, payload.size() = 12
11-20 00:23:42.321 D/commandrouter( 1117): mcu_healthcheck_1118 (1, merlot:mcu_health:control): <ServiceResponse> FORWARDED (remote -> local) CR token ID = 1030, service client ID = 40, token ID = 17886, result = 0
11-20 00:23:42.321 D/mculinkhealth( 1118): isMcuReachable 1 (4 ms)
11-20 00:23:43.928 E/TaskPersister( 1194): File error accessing recents directory (directory doesn't exist?).
11-20 00:23:48.816 W/ContextImpl( 1194): Calling a method in the system process without a qualified user: android.app.ContextImpl.sendBroadcastMultiplePermissions:1143 android.content.Context.sendBroadcastWithMultiplePermissions:2150 com.android.server.display.WifiDisplayAdapter.handleSendStatusChangeBroadcast:440 com.android.server.display.WifiDisplayAdapter.access$1700:63 com.android.server.display.WifiDisplayAdapter$WifiDisplayHandler.handleMessage:675 
11-20 00:23:49.234 D/ConnectivityService( 1194): [126 WIFI] EVENT_NETWORK_INFO_CHANGED, going from CONNECTED to DISCONNECTED
11-20 00:23:49.236 D/ConnectivityService( 1194): [126 WIFI] disconnected, was satisfying 27
11-20 00:23:49.321 I/Nat464Xlat( 1194): Android Xlat is disabled
11-20 00:23:49.321 I/Nat464Xlat( 1194): Android Xlat is disabled
11-20 00:23:49.333 D/ConnectivityService( 1194): Sending DISCONNECTED broadcast for type 1 [126 WIFI] isDefaultNetwork=true
11-20 00:23:49.356 D/ConnectivityService( 1194): NetReassign [8 : null → 100, 20 : null → 100, 46 : null → 100, 45 : null → 100, 626 : null → 100, 12 : null → 100, 22 : null → 100, 16 : null → 100, 603 : null → 100, 14 : null → 100, 50 : null → 100, 18 : null → 100, 11 : null → 100, 629 : null → 100, 1 : null → 100, 17 : null → 100]
11-20 00:23:49.360 E/NetlinkEvent(  459): NetlinkEvent::FindParam(): Parameter 'INTERFACE' not found
11-20 00:23:49.361 E/NetlinkEvent(  459): NetlinkEvent::FindParam(): Parameter 'STATE' not found
11-20 00:23:49.361 E/NetlinkEvent(  459): NetlinkEvent::FindParam(): Parameter 'TIME_NS' not found
11-20 00:23:49.361 E/NetlinkEvent(  459): NetlinkEvent::FindParam(): Parameter 'UID' not found
11-20 00:23:49.377 D/ConnectivityService( 1194): Switching to new default network: NetworkAgentInfo{ ni{[type: MOBILE[LTE], state: CONNECTED/CONNECTED, reason: (unspecified), extra: nxtgenphone, failover: false, available: true, roaming: false]}  network{100}  nethandle{432902426637}  lp{{InterfaceName: rmnet_data2 LinkAddresses: [ 10.129.103.196/29,2600:380:c119:24f:b89a:9f3c:46c1:95af/64 ] DnsAddresses: [ /172.26.38.1,/fc00:a:a::300 ] Domains: null MTU: 1430 TcpBufferSizes: 2097152,4194304,8388608,262144,524288,1048576 Routes: [ 0.0.0.0/0 -> 10.129.103.197 rmnet_data2 mtu 1430,::/0 -> fe80::b45f:41f1:1846:969d rmnet_data2 mtu 1430,10.129.103.192/29 -> 0.0.0.0 rmnet_data2 mtu 0,2600:380:c119:24f::/64 -> :: rmnet_data2 mtu 0 ]}}  nc{[ Transports: CELLULAR Capabilities: MMS&SUPL&FOTA&INTERNET&NOT_RESTRICTED&TRUSTED&NOT_VPN&VALIDATED&NOT_ROAMING&FOREGROUND&NOT_CONGESTED&NOT_SUSPENDED LinkUpBandwidth>=15000Kbps LinkDnBandwidth>=30000Kbps Specifier: <TelephonyNetworkSpecifier [mSubId = 1]> AdministratorUids: [] RequestorUid: -1 RequestorPackageName: null]}  Score{50}  everValidated{true}  lastValidated{true}  created{true} lingering{true} explicitlySelected{false} acceptUnvalidated{false} everCaptivePortalDetected{false} lastCaptivePortalDetected{false} partialConnectivity{false} acceptPartialConnectivity{false} clat{mBaseIface: null, mIface: null, mState: IDLE} }
11-20 00:23:49.552 D/ConnectivityService( 1194): Unlingering [100 CELLULAR]
11-20 00:23:49.554 D/ConnectivityService( 1194): Sending CONNECTED broadcast for type 0 [100 CELLULAR] isDefaultNetwork=true
11-20 00:23:51.219 D/commandrouter( 1117): rtc_sync (1, rtc:sync): <ServiceRequest> FORWARDED (remote -> local) service client ID = 0, token ID = 35861
11-20 00:23:51.219 D/commandrouter( 1117): SocServiceHandle::onServiceMessage, SoC Service = rtc_sync, appType = 1, type = SVC_RESP, clientId = 0, token = 35861, payloadLen = 8, result = 0, payload.size() = 8
11-20 00:23:53.667 D/AutofillManagerService( 1194): onBackKeyPressed()
11-20 00:23:56.635 I/chatty  ( 1194): uid=1000(system) android.ui identical 4 lines
11-20 00:23:57.632 D/AutofillManagerService( 1194): onBackKeyPressed()
11-20 00:23:58.204 E/TaskPersister( 1194): File error accessing recents directory (directory doesn't exist?).
11-20 00:23:58.627 D/AutofillManagerService( 1194): onBackKeyPressed()
11-20 00:23:59.619 D/AutofillManagerService( 1194): onBackKeyPressed()
11-20 00:24:00.153 W/ActivityManager( 1194): Invalid packageName: com.facebook.wearable.system.settings/com.facebook.wearable.system.settings.SettingsActivity
11-20 00:24:00.264 I/ActivityTaskManager( 1194): START u0 {flg=0x10000000 cmp=com.facebook.wearable.system.settings/.SettingsActivity} from uid 0
11-20 00:24:00.283 I/ActivityTaskManager( 1194): The Process com.facebook.wearable.system.settings Already Exists in BG. So sending its PID: 3038
11-20 00:24:00.284 W/ActivityTaskManager( 1194): Tried to set launchTime (0) < mLastActivityLaunchTime (30967538)
11-20 00:24:01.206 D/commandrouter( 1117): rtc_sync (1, rtc:sync): <ServiceRequest> FORWARDED (remote -> local) service client ID = 0, token ID = 35862
11-20 00:24:01.206 D/commandrouter( 1117): SocServiceHandle::onServiceMessage, SoC Service = rtc_sync, appType = 1, type = SVC_RESP, clientId = 0, token = 35862, payloadLen = 8, result = 0, payload.size() = 8
11-20 00:24:03.879 E/TaskPersister( 1194): File error accessing recents directory (directory doesn't exist?).
11-20 00:24:06.399 W/ContextImpl( 1194): Calling a method in the system process without a qualified user: android.app.ContextImpl.sendBroadcastMultiplePermissions:1143 android.content.Context.sendBroadcastWithMultiplePermissions:2150 com.android.server.display.WifiDisplayAdapter.handleSendStatusChangeBroadcast:440 com.android.server.display.WifiDisplayAdapter.access$1700:63 com.android.server.display.WifiDisplayAdapter$WifiDisplayHandler.handleMessage:675 
11-20 00:24:07.393 W/ContextImpl( 1194): Calling a method in the system process without a qualified user: android.app.ContextImpl.sendBroadcastMultiplePermissions:1143 android.content.Context.sendBroadcastWithMultiplePermissions:2150 com.android.server.wifi.p2p.WifiP2pServiceImpl$P2pStateMachine.sendBroadcastMultiplePermissions:3209 com.android.server.wifi.p2p.WifiP2pServiceImpl$P2pStateMachine.sendP2pConnectionChangedBroadcast:3236 com.android.server.wifi.p2p.WifiP2pServiceImpl$P2pStateMachine.access$5100:768 
11-20 00:24:07.395 W/BroadcastQueue( 1194): Permission Denial: receiving Intent { act=android.net.wifi.p2p.CONNECTION_STATE_CHANGE flg=0x24000010 (has extras) } to ProcessRecord{ba73 1900:.qtidataservices/u0a89} (pid=1900, uid=10089) requires android.permission.ACCESS_FINE_LOCATION due to sender android (uid 1000)
11-20 00:24:07.402 W/ContextImpl( 1194): Calling a method in the system process without a qualified user: android.app.ContextImpl.sendBroadcastMultiplePermissions:1143 android.content.Context.sendBroadcastWithMultiplePermissions:2150 com.android.server.wifi.p2p.WifiP2pServiceImpl$P2pStateMachine.sendBroadcastMultiplePermissions:3209 com.android.server.wifi.p2p.WifiP2pServiceImpl$P2pStateMachine.sendThisDeviceChangedBroadcast:3218 com.android.server.wifi.p2p.WifiP2pServiceImpl$P2pStateMachine.updateThisDevice:3962 
11-20 00:24:07.500 W/wificond(  906): Scan is not started. Ignore abort request
11-20 00:24:07.877 D/ConnectivityService( 1194): registerNetworkAgent NetworkAgentInfo{ ni{[type: WIFI[], state: UNKNOWN/IDLE, reason: (unspecified), extra: , failover: false, available: true, roaming: false]}  network{127}  nethandle{548866543629}  lp{{InterfaceName: wlan0 LinkAddresses: [ ] DnsAddresses: [ ] Domains: null MTU: 0 Routes: [ ]}}  nc{[ Transports: WIFI Capabilities: NOT_METERED&INTERNET&NOT_RESTRICTED&TRUSTED&NOT_VPN&NOT_ROAMING&FOREGROUND&NOT_CONGESTED&NOT_SUSPENDED LinkUpBandwidth>=72000Kbps LinkDnBandwidth>=72000Kbps OwnerUid: 1000 SSID: "MTBF_Lab" RequestorUid: -1 RequestorPackageName: null]}  Score{20}  everValidated{false}  lastValidated{false}  created{false} lingering{false} explicitlySelected{false} acceptUnvalidated{false} everCaptivePortalDetected{false} lastCaptivePortalDetected{false} partialConnectivity{false} acceptPartialConnectivity{false} clat{mBaseIface: null, mIface: null, mState: IDLE} }
11-20 00:24:07.894 D/ConnectivityService( 1194): [127 WIFI] EVENT_NETWORK_INFO_CHANGED, going from UNKNOWN to UNKNOWN
11-20 00:24:08.009 D/ConnectivityService( 1194): NetReassign [no changes]
11-20 00:24:08.025 I/Nat464Xlat( 1194): Android Xlat is disabled
11-20 00:24:08.026 I/Nat464Xlat( 1194): Android Xlat is disabled
11-20 00:24:08.129 D/commandrouter( 1117): SocServiceHandle::onServiceMessage, SoC Service = mcu_healthcheck_946, appType = 1, type = SVC_REQ, clientId = 0, token = 515, payloadLen = 20, result = 0, payload.size() = 20
11-20 00:24:08.133 D/commandrouter( 1117): mcu_healthcheck_946 (1, merlot:mcu_health:control): <ServiceResponse> FORWARDED (remote -> local) CR token ID = 515, service client ID = 6, token ID = 17887, result = 0
11-20 00:24:08.151 E/ConnectivityService( 1194): Exception in networkAddRouteParcel for non-gateway: android.os.ServiceSpecificException: Machine is not on the network (code 64)
11-20 00:24:08.151 E/ConnectivityService( 1194): Exception in networkAddRouteParcel for gateway: android.os.ServiceSpecificException: Machine is not on the network (code 64)
11-20 00:24:08.152 I/Nat464Xlat( 1194): Android Xlat is disabled
11-20 00:24:08.152 I/Nat464Xlat( 1194): Android Xlat is disabled
11-20 00:24:08.294 D/ConnectivityService( 1194): Setting DNS servers for network 127 to [/192.168.1.1]
11-20 00:24:08.295 I/Nat464Xlat( 1194): Android Xlat is disabled
11-20 00:24:08.295 I/Nat464Xlat( 1194): Android Xlat is disabled
11-20 00:24:08.386 D/ConnectivityService( 1194): [127 WIFI] EVENT_NETWORK_INFO_CHANGED, going from UNKNOWN to CONNECTED
11-20 00:24:08.388 D/DnsManager( 1194): sendDnsConfigurationForNetwork(127, [192.168.1.1], [], 1800, 25, 8, 64, 0, 0, , [])
11-20 00:24:08.391 W/DnsManager( 1194): updatePrivateDns(127, PrivateDnsConfig{true:/[]})
11-20 00:24:08.391 D/ConnectivityService( 1194): Setting DNS servers for network 127 to [/192.168.1.1]
11-20 00:24:08.392 D/DnsManager( 1194): sendDnsConfigurationForNetwork(127, [192.168.1.1], [], 1800, 25, 8, 64, 0, 0, , [192.168.1.1])
11-20 00:24:08.398 D/ConnectivityService( 1194): Adding iface wlan0 to network 127
11-20 00:24:08.410 D/ConnectivityService( 1194): Setting DNS servers for network 127 to [/192.168.1.1]
11-20 00:24:08.411 D/DnsManager( 1194): sendDnsConfigurationForNetwork(127, [192.168.1.1], [], 1800, 25, 8, 64, 0, 0, , [192.168.1.1])
11-20 00:24:08.412 I/Nat464Xlat( 1194): Android Xlat is disabled
11-20 00:24:08.413 I/Nat464Xlat( 1194): Android Xlat is disabled
11-20 00:24:08.497 D/ConnectivityService( 1194): NetReassign [no changes]
11-20 00:24:08.677 D/ConnectivityService( 1194): [127 WIFI] validation passed
11-20 00:24:08.677 D/ConnectivityService( 1194): NetReassign [8 : 100 → 127, 20 : 100 → 127, 46 : 100 → 127, 45 : 100 → 127, 626 : 100 → 127, 12 : 100 → 127, 22 : 100 → 127, 16 : 100 → 127, 603 : 100 → 127, 14 : 100 → 127, 50 : 100 → 127, 18 : 100 → 127, 11 : 100 → 127, 629 : 100 → 127, 1 : 100 → 127, 17 : 100 → 127]
11-20 00:24:08.680 E/NetlinkEvent(  459): NetlinkEvent::FindParam(): Parameter 'INTERFACE' not found
11-20 00:24:08.681 E/NetlinkEvent(  459): NetlinkEvent::FindParam(): Parameter 'STATE' not found
11-20 00:24:08.681 E/NetlinkEvent(  459): NetlinkEvent::FindParam(): Parameter 'TIME_NS' not found
11-20 00:24:08.681 E/NetlinkEvent(  459): NetlinkEvent::FindParam(): Parameter 'UID' not found
11-20 00:24:08.714 D/ConnectivityService( 1194): Switching to new default network: NetworkAgentInfo{ ni{[type: WIFI[], state: CONNECTED/CONNECTED, reason: (unspecified), extra: , failover: false, available: true, roaming: false]}  network{127}  nethandle{548866543629}  lp{{InterfaceName: wlan0 LinkAddresses: [ 192.168.1.39/24 ] DnsAddresses: [ /192.168.1.1 ] Domains: null MTU: 0 ServerAddress: /192.168.1.1 TcpBufferSizes: 524288,1048576,2097152,262144,524288,1048576 Routes: [ fe80::/64 -> :: wlan0 mtu 0,192.168.1.0/24 -> 0.0.0.0 wlan0 mtu 0,0.0.0.0/0 -> 192.168.1.1 wlan0 mtu 0 ]}}  nc{[ Transports: WIFI Capabilities: NOT_METERED&INTERNET&NOT_RESTRICTED&TRUSTED&NOT_VPN&VALIDATED&NOT_ROAMING&FOREGROUND&NOT_CONGESTED&NOT_SUSPENDED LinkUpBandwidth>=68000Kbps LinkDnBandwidth>=68000Kbps SignalStrength: -30 OwnerUid: 1000 SSID: "MTBF_Lab" RequestorUid: -1 RequestorPackageName: null]}  Score{60}  everValidated{true}  lastValidated{true}  created{true} lingering{false} explicitlySelected{false} acceptUnvalidated{false} everCaptivePortalDetected{false} lastCaptivePortalDetected{false} partialConnectivity{false} acceptPartialConnectivity{false} clat{mBaseIface: null, mIface: null, mState: IDLE} }
11-20 00:24:08.843 D/AppStorageManager( 1194): BEFORE:: Previous Size: 1047404544 Current Size: 1047760896
11-20 00:24:08.844 D/AppStorageManager( 1194): AFTER:: Previous Size: 1047760896 Current Size: 1047760896
11-20 00:24:08.850 D/ConnectivityService( 1194): Lingering [100 CELLULAR] for 30000ms
11-20 00:24:08.852 D/ConnectivityService( 1194): Sending DISCONNECTED broadcast for type 0 [100 CELLULAR] isDefaultNetwork=true
11-20 00:24:08.853 D/ConnectivityService( 1194): Sending CONNECTED broadcast for type 1 [127 WIFI] isDefaultNetwork=true
11-20 00:24:08.898 D/ConnectivityService( 1194): Setting DNS servers for network 127 to [/192.168.1.1]
11-20 00:24:08.899 D/DnsManager( 1194): sendDnsConfigurationForNetwork(127, [192.168.1.1], [], 1800, 25, 8, 64, 0, 0, , [192.168.1.1])
11-20 00:24:09.262 I/Nat464Xlat( 1194): Android Xlat is disabled
11-20 00:24:09.262 I/Nat464Xlat( 1194): Android Xlat is disabled
11-20 00:24:11.192 D/commandrouter( 1117): rtc_sync (1, rtc:sync): <ServiceRequest> FORWARDED (remote -> local) service client ID = 0, token ID = 35863
11-20 00:24:11.193 D/commandrouter( 1117): SocServiceHandle::onServiceMessage, SoC Service = rtc_sync, appType = 1, type = SVC_RESP, clientId = 0, token = 35863, payloadLen = 8, result = 0, payload.size() = 8
11-20 00:24:12.322 D/commandrouter( 1117): SocServiceHandle::onServiceMessage, SoC Service = mcu_healthcheck_1118, appType = 1, type = SVC_REQ, clientId = 0, token = 1031, payloadLen = 12, result = 0, payload.size() = 12
11-20 00:24:12.325 D/commandrouter( 1117): mcu_healthcheck_1118 (1, merlot:mcu_health:control): <ServiceResponse> FORWARDED (remote -> local) CR token ID = 1031, service client ID = 40, token ID = 17888, result = 0
11-20 00:24:12.326 D/mculinkhealth( 1118): isMcuReachable 1 (4 ms)
11-20 00:24:21.180 D/commandrouter( 1117): rtc_sync (1, rtc:sync): <ServiceRequest> FORWARDED (remote -> local) service client ID = 0, token ID = 35864
11-20 00:24:21.181 D/commandrouter( 1117): SocServiceHandle::onServiceMessage, SoC Service = rtc_sync, appType = 1, type = SVC_RESP, clientId = 0, token = 35864, payloadLen = 8, result = 0, payload.size() = 8
11-20 00:24:27.666 D/AutofillManagerService( 1194): onBackKeyPressed()
11-20 00:24:28.721 I/chatty  ( 1194): uid=1000(system) android.ui identical 2 lines
11-20 00:24:29.954 D/AutofillManagerService( 1194): onBackKeyPressed()
11-20 00:24:30.157 W/ActivityManager( 1194): Invalid packageName: com.facebook.wearable.system.settings/com.facebook.wearable.system.settings.SettingsActivity
11-20 00:24:30.276 I/ActivityTaskManager( 1194): START u0 {flg=0x10000000 cmp=com.facebook.wearable.system.settings/.SettingsActivity} from uid 0
--------- beginning of main
11-20 00:24:30.288 D/CompatibilityInfo( 1194): applicationScale - 1.0
11-20 00:24:30.290 D/ActivityTrigger( 1194): ActivityTrigger activityPauseTrigger 
11-20 00:24:30.293 I/ActivityTaskManager( 1194): The Process com.facebook.wearable.system.settings Already Exists in BG. So sending its PID: 3038
11-20 00:24:30.294 W/ActivityTaskManager( 1194): Tried to set launchTime (0) < mLastActivityLaunchTime (30986549)
11-20 00:24:30.295 D/CompatibilityInfo( 1194): mCompatibilityFlags - 4
11-20 00:24:30.295 D/CompatibilityInfo( 1194): applicationDensity - 320
11-20 00:24:30.295 D/CompatibilityInfo( 1194): applicationScale - 1.0
11-20 00:24:30.315 I/cmd     (20731): oneway function results will be dropped but finished with status OK and parcel size 4
11-20 00:24:30.389 D/LauncherActivity( 2581): onPause
11-20 00:24:30.397 D/CompatibilityInfo( 1194): mCompatibilityFlags - 4
11-20 00:24:30.397 D/CompatibilityInfo( 1194): applicationDensity - 320
11-20 00:24:30.397 D/CompatibilityInfo( 1194): applicationScale - 1.0
11-20 00:24:30.442 E/StatusBarClientConnection( 3038): Service connected
11-20 00:24:30.458 D/FacebookProvider(31424): Starting SSO Network Fetch for 263529928325379
11-20 00:24:30.460 I/AccountsContentProvider(31424): No Primary Account. Accounts Error [content://com.facebook.wearable.system.accounts.AccountsContentProvider/facebook/263529928325379]
11-20 00:24:30.470 E/DatabaseUtils(31424): Writing exception to parcel
11-20 00:24:30.470 E/DatabaseUtils(31424): java.lang.IllegalStateException: No Primary Account
11-20 00:24:30.470 E/DatabaseUtils(31424): 	at com.facebook.secure.content.AbstractContentProvider.doQuery(:284)
11-20 00:24:30.470 E/DatabaseUtils(31424): 	at com.facebook.secure.content.AbstractContentProvider.query(:8)
11-20 00:24:30.470 E/DatabaseUtils(31424): 	at android.content.ContentProvider.query(ContentProvider.java:1474)
11-20 00:24:30.470 E/DatabaseUtils(31424): 	at android.content.ContentProvider$Transport.query(ContentProvider.java:278)
11-20 00:24:30.470 E/DatabaseUtils(31424): 	at android.content.ContentProviderNative.onTransact(ContentProviderNative.java:106)
11-20 00:24:30.470 E/DatabaseUtils(31424): 	at android.os.Binder.execTransactInternal(Binder.java:1154)
11-20 00:24:30.470 E/DatabaseUtils(31424): 	at android.os.Binder.execTransact(Binder.java:1123)
11-20 00:24:30.472 E/AccountsViewModel( 3038): AccountsViewModel.flow failed: No Primary Account
11-20 00:24:30.472 E/AccountsViewModel( 3038): java.lang.IllegalStateException: No Primary Account
11-20 00:24:30.472 E/AccountsViewModel( 3038): 	at android.os.Parcel.createExceptionOrNull(Parcel.java:2381)
11-20 00:24:30.472 E/AccountsViewModel( 3038): 	at android.os.Parcel.createException(Parcel.java:2357)
11-20 00:24:30.472 E/AccountsViewModel( 3038): 	at android.os.Parcel.readException(Parcel.java:2340)
11-20 00:24:30.472 E/AccountsViewModel( 3038): 	at android.database.DatabaseUtils.readExceptionFromParcel(DatabaseUtils.java:190)
11-20 00:24:30.472 E/AccountsViewModel( 3038): 	at android.database.DatabaseUtils.readExceptionFromParcel(DatabaseUtils.java:142)
11-20 00:24:30.472 E/AccountsViewModel( 3038): 	at android.content.ContentProviderProxy.query(ContentProviderNative.java:472)
11-20 00:24:30.472 E/AccountsViewModel( 3038): 	at android.content.ContentResolver.query(ContentResolver.java:1185)
11-20 00:24:30.472 E/AccountsViewModel( 3038): 	at android.content.ContentResolver.query(ContentResolver.java:1116)
11-20 00:24:30.472 E/AccountsViewModel( 3038): 	at com.facebook.wearable.common.accounts.contract.WearableAccountsContractRequest.query(:51)
11-20 00:24:30.472 E/AccountsViewModel( 3038): 	at kotlin.coroutines.jvm.internal.BaseContinuationImpl.invokeSuspend(:95489)
11-20 00:24:30.472 E/AccountsViewModel( 3038): 	at com.facebook.wearable.common.accounts.WearableAccountsKt$fb$1.invoke(:9)
11-20 00:24:30.472 E/AccountsViewModel( 3038): 	at com.facebook.wearable.common.coroutines.lazy.LazyAsync.get(:101)
11-20 00:24:30.472 E/AccountsViewModel( 3038): 	at kotlin.coroutines.jvm.internal.BaseContinuationImpl.invokeSuspend(:96596)
11-20 00:24:30.472 E/AccountsViewModel( 3038): 	at com.facebook.wearable.system.settings.accounts.AccountsViewModel$wearableAccountFlow$1.invoke(:11)
11-20 00:24:30.472 E/AccountsViewModel( 3038): 	at kotlinx.coroutines.flow.AbstractFlow.collect$rvp0$0(:72)
11-20 00:24:30.472 E/AccountsViewModel( 3038): 	at kotlin.coroutines.jvm.internal.BaseContinuationImpl.invokeSuspend(:95417)
11-20 00:24:30.472 E/AccountsViewModel( 3038): 	at kotlinx.coroutines.flow.FlowKt__ShareKt$launchSharing$1$2.invoke(Unknown Source:10)
11-20 00:24:30.472 E/AccountsViewModel( 3038): 	at kotlin.coroutines.jvm.internal.BaseContinuationImpl.invokeSuspend(:96715)
11-20 00:24:30.472 E/AccountsViewModel( 3038): 	at kotlinx.coroutines.flow.FlowKt__MergeKt$mapLatest$1.invoke(Unknown Source:15)
11-20 00:24:30.472 E/AccountsViewModel( 3038): 	at kotlin.coroutines.jvm.internal.BaseContinuationImpl.invokeSuspend(:96820)
11-20 00:24:30.472 E/AccountsViewModel( 3038): 	at kotlinx.coroutines.flow.internal.ChannelFlowTransformLatest$flowCollect$3$1$2.invoke(Unknown Source:10)
11-20 00:24:30.472 E/AccountsViewModel( 3038): 	at kotlinx.coroutines.CoroutineStart.invoke(:32)
11-20 00:24:30.472 E/AccountsViewModel( 3038): 	at kotlinx.coroutines.BuildersKt__Builders_commonKt.launch(:15)
11-20 00:24:30.472 E/AccountsViewModel( 3038): 	at kotlinx.coroutines.flow.internal.ChannelFlowTransformLatest$flowCollect$3$invokeSuspend$$inlined$collect$1.emit(:56)
11-20 00:24:30.472 E/AccountsViewModel( 3038): 	at kotlinx.coroutines.flow.DistinctFlowImpl$collect$$inlined$collect$1.emit(:74)
11-20 00:24:30.472 E/AccountsViewModel( 3038): 	at kotlinx.coroutines.flow.FlowKt__LimitKt$dropWhile$lambda-4$$inlined$collect$1.emit(:114)
11-20 00:24:30.472 E/AccountsViewModel( 3038): 	at kotlinx.coroutines.flow.FlowKt__ChannelsKt.emitAllImpl$FlowKt__ChannelsKt(:123)
11-20 00:24:30.472 E/AccountsViewModel( 3038): 	at kotlin.coroutines.jvm.internal.BaseContinuationImpl.invokeSuspend(:96917)
11-20 00:24:30.472 E/AccountsViewModel( 3038): 	at kotlin.coroutines.jvm.internal.BaseContinuationImpl.resumeWith(:5)
11-20 00:24:30.472 E/AccountsViewModel( 3038): 	at kotlinx.coroutines.DispatchedTask.run(:131)
11-20 00:24:30.472 E/AccountsViewModel( 3038): 	at java.util.concurrent.Executors$RunnableAdapter.call(Executors.java:462)
11-20 00:24:30.472 E/AccountsViewModel( 3038): 	at java.util.concurrent.FutureTask.run(FutureTask.java:266)
11-20 00:24:30.472 E/AccountsViewModel( 3038): 	at com.facebook.wearable.common.executors.DelayedFutureTask.run(:22)
11-20 00:24:30.472 E/AccountsViewModel( 3038): 	at java.util.concurrent.ThreadPoolExecutor.runWorker(ThreadPoolExecutor.java:1167)
11-20 00:24:30.472 E/AccountsViewModel( 3038): 	at java.util.concurrent.ThreadPoolExecutor$Worker.run(ThreadPoolExecutor.java:641)
11-20 00:24:30.472 E/AccountsViewModel( 3038): 	at com.facebook.wearable.common.executors.NamedThreadFactory$1.run(:7)
11-20 00:24:30.484 W/View    ( 3038): requestLayout() improperly called by android.view.View{4020927 V.ED..... ......I. 0,368-474,474} during layout: running second layout pass
11-20 00:24:30.501 W/View    ( 3038): requestLayout() improperly called by com.facebook.wearable.common.wds.listview.WdsListView{b146d6c V.E..V... ........ 0,0-474,474} during second layout pass: posting in next frame
11-20 00:24:30.763 D/CompatibilityInfo( 1194): mCompatibilityFlags - 4
11-20 00:24:30.764 D/CompatibilityInfo( 1194): applicationDensity - 320
11-20 00:24:30.764 D/CompatibilityInfo( 1194): applicationScale - 1.0
11-20 00:24:30.781 D/ComplicationController( 2581): Stopping complication controller.
11-20 00:24:30.786 D/ComplicationDataManagerImpl( 2581): Fetching complication data for package: com.facebook.wearable.apps.calendar, com.facebook.wearable.apps.calendar.DAY_DATE_COMPLICATION.
11-20 00:24:30.787 D/ComplicationDataManagerImpl( 2581): Fetching complication data for package: com.facebook.wearable.apps.player, com.facebook.wearable.apps.player.SHORTCUT_COMPLICATION.
11-20 00:24:30.787 D/ComplicationDataManagerImpl( 2581): Fetching complication data for package: com.facebook.wearable.apps.gallery, com.facebook.wearable.apps.gallery.SHORTCUT_COMPLICATION.
11-20 00:24:30.787 D/ComplicationDataManagerImpl( 2581): Fetching complication data for package: com.facebook.wearable.apps.heart, com.facebook.wearable.apps.heart.HEART_RATE.
11-20 00:24:30.790 D/CompatibilityInfo( 1194): mCompatibilityFlags - 4
11-20 00:24:30.790 D/CompatibilityInfo( 1194): applicationDensity - 320
11-20 00:24:30.790 D/CompatibilityInfo( 1194): applicationScale - 1.0
11-20 00:24:31.169 D/commandrouter( 1117): rtc_sync (1, rtc:sync): <ServiceRequest> FORWARDED (remote -> local) service client ID = 0, token ID = 35865
11-20 00:24:31.170 D/vendor.facebook.rtc_sync@1.0-service( 1129): Request req_ts=1637367871176763285 resp_ts=1637367871170170104
11-20 00:24:31.170 D/commandrouter( 1117): SocServiceHandle::onServiceMessage, SoC Service = rtc_sync, appType = 1, type = SVC_RESP, clientId = 0, token = 35865, payloadLen = 8, result = 0, payload.size() = 8
11-20 00:24:31.346 D/UIAutomatorStub( 6249): URI: /jsonrpc/0, Method: POST, Header: {content-length=192, remote-addr=127.0.0.1, http-client-ip=127.0.0.1, host=localhost:9010, content-type=application/json, accept-encoding=identity}, params, {NanoHttpd.QUERY_STRING=null}, files: {postData={"jsonrpc": "2.0", "method": "waitForExists", "id": "8b69e694869ecc4e188e6429ff4638c0", "params": [{"mask": 1, "childOrSibling": [], "childOrSiblingSelector": [], "text": "Notifications"}, 5]}}
11-20 00:24:31.374 D/UIAutomatorStub( 6249): URI: /jsonrpc/0, Method: POST, Header: {content-length=191, remote-addr=127.0.0.1, http-client-ip=127.0.0.1, host=localhost:9010, content-type=application/json, accept-encoding=identity}, params, {NanoHttpd.QUERY_STRING=null}, files: {postData={"jsonrpc": "2.0", "method": "waitForExists", "id": "7fc4119ae8f548064cb44864cdc08143", "params": [{"mask": 1, "childOrSibling": [], "childOrSiblingSelector": [], "text": "Connectivity"}, 5]}}
11-20 00:24:31.426 D/UIAutomatorStub( 6249): URI: /jsonrpc/0, Method: POST, Header: {content-length=180, remote-addr=127.0.0.1, http-client-ip=127.0.0.1, host=localhost:9010, content-type=application/json, accept-encoding=identity}, params, {NanoHttpd.QUERY_STRING=null}, files: {postData={"jsonrpc": "2.0", "method": "click", "id": "2a23090d292c9f334484f90e3943ecad", "params": [{"mask": 1, "childOrSibling": [], "childOrSiblingSelector": [], "text": "Connectivity"}]}}
11-20 00:24:31.468 E/ANDR-PERF-OPTSHANDLER(  557): Unable to find the correct node storage pointers for                   resource index=16, node path=/proc/sys/kernel/sched_upmigrate
11-20 00:24:31.468 E/ANDR-PERF-RESOURCEQS(  557): Failed to reset optimization [3, 7]
11-20 00:24:31.468 E/ANDR-PERF-OPTSHANDLER(  557): Unable to find the correct node storage pointers for                   resource index=17, node path=/proc/sys/kernel/sched_downmigrate
11-20 00:24:31.469 E/ANDR-PERF-RESOURCEQS(  557): Failed to reset optimization [3, 8]
11-20 00:24:31.469 E/ANDR-PERF-OPTSHANDLER(  557): Perflock resource /sys/module/lpm_levels/parameters/bias_hyst not supported
11-20 00:24:31.469 E/ANDR-PERF-RESOURCEQS(  557): Failed to reset optimization [1, 2]
11-20 00:24:31.469 E/ANDR-PERF-OPTSHANDLER(  557): Perflock resource /proc/sys/kernel/sched_group_upmigrate not supported
11-20 00:24:31.469 E/ANDR-PERF-RESOURCEQS(  557): Failed to reset optimization [3, 21]
11-20 00:24:31.469 E/ANDR-PERF-OPTSHANDLER(  557): Perflock resource /proc/sys/kernel/sched_group_downmigrate not supported
11-20 00:24:31.469 E/ANDR-PERF-RESOURCEQS(  557): Failed to reset optimization [3, 22]
11-20 00:24:31.511 W/HWComposer(  577): Ignoring duplicate VSYNC event from HWC for display 0 (t=31017774279104)
11-20 00:24:31.513 W/StatusBarClientConnection( 3038): Messenger is null, ignoring message: { when=-8h36m57s776ms barrier=1 }
11-20 00:24:31.542 E/StatusBarClientConnection( 3038): Service connected
11-20 00:24:31.564 W/View    ( 3038): requestLayout() improperly called by android.view.View{6a418f5 V.ED..... ......I. 0,368-474,474} during layout: running second layout pass
11-20 00:24:31.581 W/View    ( 3038): requestLayout() improperly called by com.facebook.wearable.common.wds.listview.WdsListView{46e8493 V.E..V... ........ 0,0-474,474} during second layout pass: posting in next frame
11-20 00:24:32.284 E/ANDR-PERF-OPTSHANDLER(  557): perf_lock_rel: failed for /proc/sys/vm/swap_ratio as previous value is not stored
11-20 00:24:32.284 E/ANDR-PERF-OPTSHANDLER(  557): perf_lock_rel: failed for /sys/class/kgsl/kgsl-3d0/min_pwrlevel as previous value is not stored
11-20 00:24:32.286 E/ANDR-PERF-RESOURCEQS(  557): Failed to reset optimization [3, 0]
11-20 00:24:33.270 E/TaskPersister( 1194): File error accessing recents directory (directory doesn't exist?).
11-20 00:24:34.064 D/CompatibilityInfo( 1194): mCompatibilityFlags - 4
11-20 00:24:34.064 D/CompatibilityInfo( 1194): applicationDensity - 320
11-20 00:24:34.064 D/CompatibilityInfo( 1194): applicationScale - 1.0
11-20 00:24:34.338 E/QMI_FW  ( 1113): qmi_cci_get_ref: ref count increased 2
11-20 00:24:34.338 E/QMI_FW  ( 1113): qmi_cci_get_ref: ref count increased 2
11-20 00:24:34.338 E/QMI_FW  ( 1113): qmi_cci_get_ref: ref count increased 2
11-20 00:24:34.538 D/UIAutomatorStub( 6249): URI: /jsonrpc/0, Method: POST, Header: {content-length=183, remote-addr=127.0.0.1, http-client-ip=127.0.0.1, host=localhost:9010, content-type=application/json, accept-encoding=identity}, params, {NanoHttpd.QUERY_STRING=null}, files: {postData={"jsonrpc": "2.0", "method": "waitForExists", "id": "f767409ac33d2b46ec40cb7bdd6eec84", "params": [{"mask": 1, "childOrSibling": [], "childOrSiblingSelector": [], "text": "WiFi"}, 5]}}
11-20 00:24:34.556 D/UIAutomatorStub( 6249): URI: /jsonrpc/0, Method: POST, Header: {content-length=172, remote-addr=127.0.0.1, http-client-ip=127.0.0.1, host=localhost:9010, content-type=application/json, accept-encoding=identity}, params, {NanoHttpd.QUERY_STRING=null}, files: {postData={"jsonrpc": "2.0", "method": "click", "id": "d37b51c70e49bd020e87970afdc53c48", "params": [{"mask": 1, "childOrSibling": [], "childOrSiblingSelector": [], "text": "WiFi"}]}}
11-20 00:24:34.635 W/StatusBarClientConnection( 3038): Messenger is null, ignoring message: { when=-8h37m0s898ms barrier=1 }
11-20 00:24:34.667 D/CompatibilityInfo( 1194): mCompatibilityFlags - 4
11-20 00:24:34.667 D/CompatibilityInfo( 1194): applicationDensity - 320
11-20 00:24:34.667 D/CompatibilityInfo( 1194): applicationScale - 1.0
11-20 00:24:34.673 E/StatusBarClientConnection( 3038): Service connected
11-20 00:24:34.687 W/View    ( 3038): requestLayout() improperly called by android.view.View{c32b1b4 V.ED..... ......I. 0,368-474,474} during layout: running second layout pass
11-20 00:24:34.701 D/WifiConnector( 2841): Network State Changed
11-20 00:24:34.705 W/View    ( 3038): requestLayout() improperly called by com.facebook.wearable.common.wds.listview.WdsListView{cebdaa8 V.E..V... ........ 0,0-474,474} during second layout pass: posting in next frame
11-20 00:24:34.710 D/WifiSharingService( 2841): Starting Wi-Fi scan
11-20 00:24:34.711 I/WifiService( 1194): startScan uid=1000
11-20 00:24:34.724 D/WifiNative( 1194): Scan trigered from WifiNative
11-20 00:24:34.726 V/WifiHAL (  539): event received NL80211_CMD_TRIGGER_SCAN
11-20 00:24:35.099 I/chatty  ( 2351): uid=10060(com.facebook.wearable.system.selfcare) DefaultDispatch expire 2 lines
11-20 00:24:35.099 I/chatty  ( 2351): uid=10060(com.facebook.wearable.system.selfcare) MainTP_216 expire 1 line
11-20 00:24:35.269 I/chatty  ( 2351): uid=10060(com.facebook.wearable.system.selfcare) DefaultDispatch expire 1 line
11-20 00:24:35.270 I/chatty  ( 2351): uid=10060(com.facebook.wearable.system.selfcare) MainTP_211 expire 1 line
11-20 00:24:35.298 I/chatty  ( 1024): uid=1021(gps) lowi-server expire 47 lines
11-20 00:24:35.298 V/WifiHAL (  539): event received NL80211_CMD_NEW_SCAN_RESULTS
11-20 00:24:35.299 D/WifiNl80211Manager( 1194): Scan result ready event
11-20 00:24:35.299 D/WifiNative( 1194): Scan result ready event
11-20 00:24:35.304 D/LOWI-9.0.0.80( 1024): [LOWI-Scan] decode_rsn_wpa_ie: Entered
11-20 00:24:35.304 D/LOWI-9.0.0.80( 1024): [LOWIUtils] hexDump: msg(30 14 01 00 00 0f ac 04 01 00 00 0f ac 04 01 00 00 0f ac 02 )
11-20 00:24:35.304 D/LOWI-9.0.0.80( 1024): [LOWI-Scan] decode_rsn_wpa_ie: LOWI_ENCRYPTION_TYPE_WPA_PSK
11-20 00:24:35.304 D/LOWI-9.0.0.80( 1024): [LOWI-Scan] is_qcom_ie, bss_age: 3
11-20 00:24:35.305 D/LOWI-9.0.0.80( 1024): [LOWI-Scan] BSS 2c:57:41:86:94:a1 LOWI_PHY_MODE_11NG_HT20(5), Beacon Interval: 100, LOWI_ENCRYPTION_TYPE_WPA_PSK 11mcRanging: No, ANQP: No, LCI: No, Civic: No, capability(0x1411): ESS Privacy ShortSlotTime
11-20 00:24:35.305 D/LOWI-9.0.0.80( 1024): [LOWI-Scan] BSS 2c:57:41:86:94:a1 FREQ: 2462, cFreq1[40:80:160] = [0:0:0] cFreq2 = 0 Country Code = US
11-20 00:24:35.305 D/LOWI-9.0.0.80( 1024): [LOWI-Scan] BSS 2c:57:41:86:94:a1 (wlan0) ASSO: NO AddInfo: 0x0, TSF 0, 08:37:01.561, RSSI: -138, CPL: 2, AGE: 0,  SSID kittyhawk, TSFDelta: 0x0, TXRate: 0
11-20 00:24:35.305 D/LOWI-9.0.0.80( 1024): [LOWI-Scan] 
11-20 00:24:35.305 D/LOWI-9.0.0.80( 1024): [LOWI-Scan] print_bss_handler: Report Probe TSF 31021561798 as it greater than Beacon TSF 30893923620
11-20 00:24:35.305 I/LOWI-9.0.0.80( 1024): [LOWI-Scan] RSN_IE
11-20 00:24:35.305 D/LOWI-9.0.0.80( 1024): [LOWI-Scan] decode_rsn_wpa_ie: Entered
11-20 00:24:35.305 D/LOWI-9.0.0.80( 1024): [LOWIUtils] hexDump: msg(30 14 01 00 00 0f ac 04 01 00 00 0f ac 04 01 00 00 0f ac 02 )
11-20 00:24:35.305 D/LOWI-9.0.0.80( 1024): [LOWI-Scan] decode_rsn_wpa_ie: LOWI_ENCRYPTION_TYPE_WPA_PSK
11-20 00:24:35.305 D/LOWI-9.0.0.80( 1024): [LOWI-Scan] is_qcom_ie, bss_age: 6
11-20 00:24:35.305 D/LOWI-9.0.0.80( 1024): [LOWI-Scan] BSS 2c:57:41:86:90:a1 LOWI_PHY_MODE_11NG_HT20(5), Beacon Interval: 100, LOWI_ENCRYPTION_TYPE_WPA_PSK 11mcRanging: No, ANQP: No, LCI: No, Civic: No, capability(0x1411): ESS Privacy ShortSlotTime
11-20 00:24:35.305 D/LOWI-9.0.0.80( 1024): [LOWI-Scan] BSS 2c:57:41:86:90:a1 FREQ: 2462, cFreq1[40:80:160] = [0:0:0] cFreq2 = 0 Country Code = US
11-20 00:24:35.305 D/LOWI-9.0.0.80( 1024): [LOWI-Scan] BSS 2c:57:41:86:90:a1 (wlan0) ASSO: NO AddInfo: 0x0, TSF 0, 08:37:01.561, RSSI: -140, CPL: 2, AGE: 0,  SSID kittyhawk, TSFDelta: 0x0, TXRate: 0
11-20 00:24:35.306 D/LOWI-9.0.0.80( 1024): [LOWI-Scan] 
11-20 00:24:35.306 D/LOWI-9.0.0.80( 1024): [LOWI-Scan] print_bss_handler: Report Probe TSF 31021561610 as it greater than Beacon TSF 30767802270
11-20 00:24:35.306 I/LOWI-9.0.0.80( 1024): [LOWI-Scan] RSN_IE
11-20 00:24:35.306 D/LOWI-9.0.0.80( 1024): [LOWI-Scan] decode_rsn_wpa_ie: Entered
11-20 00:24:35.306 D/LOWI-9.0.0.80( 1024): [LOWIUtils] hexDump: msg(30 14 01 00 00 0f ac 04 01 00 00 0f ac 04 01 00 00 0f ac 02 )
11-20 00:24:35.306 D/LOWI-9.0.0.80( 1024): [LOWI-Scan] decode_rsn_wpa_ie: LOWI_ENCRYPTION_TYPE_WPA_PSK
11-20 00:24:35.306 D/LOWI-9.0.0.80( 1024): [LOWI-Scan] is_qcom_ie, bss_age: 28
11-20 00:24:35.306 D/LOWI-9.0.0.80( 1024): [LOWI-Scan] BSS ce:dc:12:3b:87:fd LOWI_PHY_MODE_11AC_VHT20_2G(11), Beacon Interval: 100, LOWI_ENCRYPTION_TYPE_WPA_PSK 11mcRanging: No, ANQP: Yes, LCI: No, Civic: No, capability(0x1431): ESS Privacy ShortPreamble ShortSlotTime
11-20 00:24:35.306 D/LOWI-9.0.0.80( 1024): [LOWI-Scan] BSS ce:dc:12:3b:87:fd FREQ: 2437, cFreq1[40:80:160] = [0:0:0] cFreq2 = 0 Country Code =    
11-20 00:24:35.306 D/LOWI-9.0.0.80( 1024): [LOWI-Scan] BSS ce:dc:12:3b:87:fd (wlan0) ASSO: NO AddInfo: 0x0, TSF 0, 08:37:01.561, RSSI: -108, CPL: 127, AGE: 0,  SSID Pixel5_R1, TSFDelta: 0x0, TXRate: 0
11-20 00:24:35.311 D/LOWI-9.0.0.80( 1024): [LOWI-Scan] 
11-20 00:24:35.311 D/LOWI-9.0.0.80( 1024): [LOWI-Scan] print_bss_handler: Report Probe TSF 31021561881 as it greater than Beacon TSF 30706763423
11-20 00:24:35.311 I/LOWI-9.0.0.80( 1024): [LOWI-Scan] RSN_IE
11-20 00:24:35.311 D/LOWI-9.0.0.80( 1024): [LOWI-Scan] decode_rsn_wpa_ie: Entered
11-20 00:24:35.311 D/LOWI-9.0.0.80( 1024): [LOWIUtils] hexDump: msg(30 14 01 00 00 0f ac 04 01 00 00 0f ac 04 01 00 00 0f ac 02 )
11-20 00:24:35.311 D/LOWI-9.0.0.80( 1024): [LOWI-Scan] decode_rsn_wpa_ie: LOWI_ENCRYPTION_TYPE_WPA_PSK
11-20 00:24:35.311 D/LOWI-9.0.0.80( 1024): [LOWI-Scan] is_qcom_ie, bss_age: 28
11-20 00:24:35.312 D/LOWI-9.0.0.80( 1024): [LOWI-Scan] BSS 2c:57:41:89:63:c1 LOWI_PHY_MODE_11NG_HT20(5), Beacon Interval: 100, LOWI_ENCRYPTION_TYPE_WPA_PSK 11mcRanging: No, ANQP: No, LCI: No, Civic: No, capability(0x1411): ESS Privacy ShortSlotTime
11-20 00:24:35.312 D/LOWI-9.0.0.80( 1024): [LOWI-Scan] BSS 2c:57:41:89:63:c1 FREQ: 2437, cFreq1[40:80:160] = [0:0:0] cFreq2 = 0 Country Code = US
11-20 00:24:35.312 D/LOWI-9.0.0.80( 1024): [LOWI-Scan] BSS 2c:57:41:89:63:c1 (wlan0) ASSO: NO AddInfo: 0x0, TSF 0, 08:37:01.561, RSSI: -160, CPL: 2, AGE: 0,  SSID kittyhawk, TSFDelta: 0x0, TXRate: 0
11-20 00:24:35.312 D/LOWI-9.0.0.80( 1024): [LOWI-Scan] 
11-20 00:24:35.312 D/LOWI-9.0.0.80( 1024): [LOWI-Scan] print_bss_handler: Report Probe TSF 31021561750 as it greater than Beacon TSF 30893923543
11-20 00:24:35.312 I/LOWI-9.0.0.80( 1024): [LOWI-Scan] RSN_IE
11-20 00:24:35.312 D/LOWI-9.0.0.80( 1024): [LOWI-Scan] decode_rsn_wpa_ie: Entered
11-20 00:24:35.312 D/LOWI-9.0.0.80( 1024): [LOWIUtils] hexDump: msg(30 14 01 00 00 0f ac 04 01 00 00 0f ac 04 01 00 00 0f ac 02 )
11-20 00:24:35.312 D/LOWI-9.0.0.80( 1024): [LOWI-Scan] decode_rsn_wpa_ie: LOWI_ENCRYPTION_TYPE_WPA_PSK
11-20 00:24:35.312 D/LOWI-9.0.0.80( 1024): [LOWI-Scan] is_qcom_ie, bss_age: 14
11-20 00:24:35.312 D/LOWI-9.0.0.80( 1024): [LOWI-Scan] BSS fe:2d:5a:49:61:eb LOWI_PHY_MODE_11AC_VHT20_2G(11), Beacon Interval: 100, LOWI_ENCRYPTION_TYPE_WPA_PSK 11mcRanging: No, ANQP: Yes, LCI: No, Civic: No, capability(0x1431): ESS Privacy ShortPreamble ShortSlotTime
11-20 00:24:35.312 D/LOWI-9.0.0.80( 1024): [LOWI-Scan] BSS fe:2d:5a:49:61:eb FREQ: 2452, cFreq1[40:80:160] = [0:0:0] cFreq2 = 0 Country Code =    
11-20 00:24:35.313 D/LOWI-9.0.0.80( 1024): [LOWI-Scan] BSS fe:2d:5a:49:61:eb (wlan0) ASSO: NO AddInfo: 0x0, TSF 0, 08:37:01.561, RSSI: -112, CPL: 127, AGE: 0,  SSID Pixel_R2, TSFDelta: 0x0, TXRate: 0
11-20 00:24:35.313 D/LOWI-9.0.0.80( 1024): [LOWI-Scan] 
11-20 00:24:35.313 D/LOWI-9.0.0.80( 1024): [LOWI-Scan] print_bss_handler: Report Probe TSF 31021561637 as it greater than Beacon TSF 30606306271
11-20 00:24:35.313 I/LOWI-9.0.0.80( 1024): [LOWI-Scan] RSN_IE
11-20 00:24:35.313 D/LOWI-9.0.0.80( 1024): [LOWI-Scan] decode_rsn_wpa_ie: Entered
11-20 00:24:35.313 D/LOWI-9.0.0.80( 1024): [LOWIUtils] hexDump: msg(30 14 01 00 00 0f ac 04 01 00 00 0f ac 04 01 00 00 0f ac 02 )
11-20 00:24:35.313 D/LOWI-9.0.0.80( 1024): [LOWI-Scan] decode_rsn_wpa_ie: LOWI_ENCRYPTION_TYPE_WPA_PSK
11-20 00:24:35.313 D/LOWI-9.0.0.80( 1024): [LOWI-Scan] is_qcom_ie, bss_age: 50
11-20 00:24:35.313 D/LOWI-9.0.0.80( 1024): [LOWI-Scan] BSS 12:d7:96:61:85:9f LOWI_PHY_MODE_11AC_VHT20_2G(11), Beacon Interval: 100, LOWI_ENCRYPTION_TYPE_WPA_PSK 11mcRanging: No, ANQP: Yes, LCI: No, Civic: No, capability(0x1431): ESS Privacy ShortPreamble ShortSlotTime
11-20 00:24:35.313 D/LOWI-9.0.0.80( 1024): [LOWI-Scan] BSS 12:d7:96:61:85:9f FREQ: 2412, cFreq1[40:80:160] = [0:0:0] cFreq2 = 0 Country Code =    
11-20 00:24:35.314 D/LOWI-9.0.0.80( 1024): [LOWI-Scan] BSS 12:d7:96:61:85:9f (wlan0) ASSO: NO AddInfo: 0x0, TSF 0, 08:37:01.561, RSSI: -110, CPL: 127, AGE: 0,  SSID Pixel_R5, TSFDelta: 0x0, TXRate: 0
11-20 00:24:35.314 D/LOWI-9.0.0.80( 1024): [LOWI-Scan] 
11-20 00:24:35.314 D/LOWI-9.0.0.80( 1024): [LOWI-Scan] print_bss_handler: Report Probe TSF 31021561766 as it greater than Beacon TSF 30943773212
11-20 00:24:35.314 I/LOWI-9.0.0.80( 1024): [LOWI-Scan] RSN_IE
11-20 00:24:35.314 D/LOWI-9.0.0.80( 1024): [LOWI-Scan] decode_rsn_wpa_ie: Entered
11-20 00:24:35.314 D/LOWI-9.0.0.80( 1024): [LOWIUtils] hexDump: msg(30 14 01 00 00 0f ac 04 01 00 00 0f ac 04 01 00 00 0f ac 02 )
11-20 00:24:35.314 D/LOWI-9.0.0.80( 1024): [LOWI-Scan] decode_rsn_wpa_ie: LOWI_ENCRYPTION_TYPE_WPA_PSK
11-20 00:24:35.314 D/LOWI-9.0.0.80( 1024): [LOWI-Scan] is_qcom_ie, bss_age: 50
11-20 00:24:35.314 D/LOWI-9.0.0.80( 1024): [LOWI-Scan] BSS 2c:57:41:86:8a:a1 LOWI_PHY_MODE_11NG_HT20(5), Beacon Interval: 100, LOWI_ENCRYPTION_TYPE_WPA_PSK 11mcRanging: No, ANQP: No, LCI: No, Civic: No, capability(0x1411): ESS Privacy ShortSlotTime
11-20 00:24:35.314 D/LOWI-9.0.0.80( 1024): [LOWI-Scan] BSS 2c:57:41:86:8a:a1 FREQ: 2412, cFreq1[40:80:160] = [0:0:0] cFreq2 = 0 Country Code = US
11-20 00:24:35.314 D/LOWI-9.0.0.80( 1024): [LOWI-Scan] BSS 2c:57:41:86:8a:a1 (wlan0) ASSO: NO AddInfo: 0x0, TSF 0, 08:37:01.561, RSSI: -130, CPL: 3, AGE: 0,  SSID kittyhawk, TSFDelta: 0x0, TXRate: 0
11-20 00:24:35.315 D/LOWI-9.0.0.80( 1024): [LOWI-Scan] 
11-20 00:24:35.315 D/LOWI-9.0.0.80( 1024): [LOWI-Scan] print_bss_handler: Report Probe TSF 31021561828 as it greater than Beacon TSF 30893923686
11-20 00:24:35.315 I/LOWI-9.0.0.80( 1024): [LOWI-Scan] RSN_IE
11-20 00:24:35.315 D/LOWI-9.0.0.80( 1024): [LOWI-Scan] decode_rsn_wpa_ie: Entered
11-20 00:24:35.315 D/LOWI-9.0.0.80( 1024): [LOWIUtils] hexDump: msg(30 14 01 00 00 0f ac 04 01 00 00 0f ac 04 01 00 00 0f ac 02 )
11-20 00:24:35.315 D/LOWI-9.0.0.80( 1024): [LOWI-Scan] decode_rsn_wpa_ie: LOWI_ENCRYPTION_TYPE_WPA_PSK
11-20 00:24:35.315 D/LOWI-9.0.0.80( 1024): [LOWI-Scan] is_qcom_ie, bss_age: 50
11-20 00:24:35.315 D/LOWI-9.0.0.80( 1024): [LOWI-Scan] BSS 2c:57:41:88:72:e1 LOWI_PHY_MODE_11NG_HT20(5), Beacon Interval: 100, LOWI_ENCRYPTION_TYPE_WPA_PSK 11mcRanging: No, ANQP: No, LCI: No, Civic: No, capability(0x1411): ESS Privacy ShortSlotTime
11-20 00:24:35.315 D/LOWI-9.0.0.80( 1024): [LOWI-Scan] BSS 2c:57:41:88:72:e1 FREQ: 2412, cFreq1[40:80:160] = [0:0:0] cFreq2 = 0 Country Code = US
11-20 00:24:35.315 D/LOWI-9.0.0.80( 1024): [LOWI-Scan] BSS 2c:57:41:88:72:e1 (wlan0) ASSO: NO AddInfo: 0x0, TSF 0, 08:37:01.561, RSSI: -148, CPL: 3, AGE: 0,  SSID kittyhawk, TSFDelta: 0x0, TXRate: 0
11-20 00:24:35.316 D/LOWI-9.0.0.80( 1024): [LOWI-Scan] 
11-20 00:24:35.316 D/LOWI-9.0.0.80( 1024): [LOWI-Scan] print_bss_handler: Report Probe TSF 31021561814 as it greater than Beacon TSF 30893923583
11-20 00:24:35.316 I/LOWI-9.0.0.80( 1024): [LOWI-Scan] RSN_IE
11-20 00:24:35.316 D/LOWI-9.0.0.80( 1024): [LOWI-Scan] decode_rsn_wpa_ie: Entered
11-20 00:24:35.316 D/LOWI-9.0.0.80( 1024): [LOWIUtils] hexDump: msg(30 14 01 00 00 0f ac 04 01 00 00 0f ac 04 01 00 00 0f ac 02 )
