11-20 07:30:40.832 D/ComplicationDataManagerImpl(11143): Fetching complication data for package: com.facebook.wearable.apps.calendar, com.facebook.wearable.apps.calendar.DAY_DATE_COMPLICATION.
11-20 07:30:40.832 D/ComplicationDataManagerImpl(11143): Fetching complication data for package: com.facebook.wearable.apps.player, com.facebook.wearable.apps.player.SHORTCUT_COMPLICATION.
11-20 07:30:40.832 D/ComplicationDataManagerImpl(11143): Fetching complication data for package: com.facebook.wearable.apps.gallery, com.facebook.wearable.apps.gallery.SHORTCUT_COMPLICATION.
11-20 07:30:40.833 D/ComplicationDataManagerImpl(11143): Fetching complication data for package: com.facebook.wearable.apps.heart, com.facebook.wearable.apps.heart.HEART_RATE.
11-20 07:30:40.837 D/CompatibilityInfo( 1186): mCompatibilityFlags - 4
11-20 07:30:40.837 D/CompatibilityInfo( 1186): applicationDensity - 320
11-20 07:30:40.837 D/CompatibilityInfo( 1186): applicationScale - 1.0
11-20 07:30:41.373 D/UIAutomatorStub(19450): URI: /jsonrpc/0, Method: POST, Header: {content-length=192, remote-addr=127.0.0.1, http-client-ip=127.0.0.1, host=localhost:9012, content-type=application/json, accept-encoding=identity}, params, {NanoHttpd.QUERY_STRING=null}, files: {postData={"jsonrpc": "2.0", "method": "waitForExists", "id": "f261a802a521505d380c79c6b2e2fa82", "params": [{"mask": 1, "childOrSibling": [], "childOrSiblingSelector": [], "text": "Notifications"}, 5]}}
11-20 07:30:41.412 D/UIAutomatorStub(19450): URI: /jsonrpc/0, Method: POST, Header: {content-length=191, remote-addr=127.0.0.1, http-client-ip=127.0.0.1, host=localhost:9012, content-type=application/json, accept-encoding=identity}, params, {NanoHttpd.QUERY_STRING=null}, files: {postData={"jsonrpc": "2.0", "method": "waitForExists", "id": "76ce376b197a28f6550cc5cba410953a", "params": [{"mask": 1, "childOrSibling": [], "childOrSiblingSelector": [], "text": "Connectivity"}, 5]}}
11-20 07:30:41.416 I/chatty  ( 2334): uid=10062(com.facebook.wearable.system.selfcare) pool-3-thread-1 expire 15 lines
11-20 07:30:41.476 D/UIAutomatorStub(19450): URI: /jsonrpc/0, Method: POST, Header: {content-length=180, remote-addr=127.0.0.1, http-client-ip=127.0.0.1, host=localhost:9012, content-type=application/json, accept-encoding=identity}, params, {NanoHttpd.QUERY_STRING=null}, files: {postData={"jsonrpc": "2.0", "method": "click", "id": "b5fccdd64d4c89fd0233fe4ceaa91905", "params": [{"mask": 1, "childOrSibling": [], "childOrSiblingSelector": [], "text": "Connectivity"}]}}
11-20 07:30:41.521 E/ANDR-PERF-OPTSHANDLER(  552): Unable to find the correct node storage pointers for                   resource index=16, node path=/proc/sys/kernel/sched_upmigrate
11-20 07:30:41.521 E/ANDR-PERF-RESOURCEQS(  552): Failed to reset optimization [3, 7]
11-20 07:30:41.521 E/ANDR-PERF-OPTSHANDLER(  552): Unable to find the correct node storage pointers for                   resource index=17, node path=/proc/sys/kernel/sched_downmigrate
11-20 07:30:41.521 E/ANDR-PERF-RESOURCEQS(  552): Failed to reset optimization [3, 8]
11-20 07:30:41.521 E/ANDR-PERF-OPTSHANDLER(  552): Perflock resource /sys/module/lpm_levels/parameters/bias_hyst not supported
11-20 07:30:41.521 E/ANDR-PERF-RESOURCEQS(  552): Failed to reset optimization [1, 2]
11-20 07:30:41.521 E/ANDR-PERF-OPTSHANDLER(  552): Perflock resource /proc/sys/kernel/sched_group_upmigrate not supported
11-20 07:30:41.521 E/ANDR-PERF-RESOURCEQS(  552): Failed to reset optimization [3, 21]
11-20 07:30:41.521 E/ANDR-PERF-OPTSHANDLER(  552): Perflock resource /proc/sys/kernel/sched_group_downmigrate not supported
11-20 07:30:41.521 E/ANDR-PERF-RESOURCEQS(  552): Failed to reset optimization [3, 22]
11-20 07:30:41.561 W/StatusBarClientConnection(13351): Messenger is null, ignoring message: { when=-15h42m9s287ms barrier=1 }
11-20 07:30:41.596 E/StatusBarClientConnection(13351): Service connected
11-20 07:30:41.616 W/HWComposer(  598): Ignoring duplicate VSYNC event from HWC for display 0 (t=56529342286976)
11-20 07:30:41.636 W/View    (13351): requestLayout() improperly called by android.view.View{f4374d7 V.ED..... ......I. 0,368-474,474} during layout: running second layout pass
11-20 07:30:41.653 W/View    (13351): requestLayout() improperly called by com.facebook.wearable.common.wds.listview.WdsListView{9c14b85 V.E..V... ........ 0,0-474,474} during second layout pass: posting in next frame
11-20 07:30:42.306 E/ANDR-PERF-OPTSHANDLER(  552): perf_lock_rel: failed for /proc/sys/vm/swap_ratio as previous value is not stored
11-20 07:30:42.306 E/ANDR-PERF-OPTSHANDLER(  552): perf_lock_rel: failed for /sys/class/kgsl/kgsl-3d0/min_pwrlevel as previous value is not stored
11-20 07:30:42.308 E/ANDR-PERF-RESOURCEQS(  552): Failed to reset optimization [3, 0]
11-20 07:30:42.522 I/chatty  ( 2334): uid=10062(com.facebook.wearable.system.selfcare) MainTP_400 expire 7 lines
11-20 07:30:42.929 E/TaskPersister( 1186): File error accessing recents directory (directory doesn't exist?).
11-20 07:30:43.219 W/HWComposer(  598): Ignoring duplicate VSYNC event from HWC for display 0 (t=56530945415985)
11-20 07:30:43.236 W/HWComposer(  598): Ignoring duplicate VSYNC event from HWC for display 0 (t=56530962292287)
11-20 07:30:43.497 I/chatty  ( 2334): uid=10062(com.facebook.wearable.system.selfcare) MainTP_399 expire 4 lines
11-20 07:30:43.528 I/chatty  ( 2334): uid=10062(com.facebook.wearable.system.selfcare) DefaultDispatch expire 23 lines
11-20 07:30:43.528 I/chatty  ( 2334): uid=10062(com.facebook.wearable.system.selfcare) pool-3-thread-2 expire 1 line
11-20 07:30:43.669 I/chatty  ( 2334): uid=10062(com.facebook.wearable.system.selfcare) MainTP_397 expire 4 lines
11-20 07:30:43.698 I/chatty  ( 2334): uid=10062(com.facebook.wearable.system.selfcare) pool-3-thread-3 expire 7 lines
11-20 07:30:43.778 D/commandrouter( 1006): rtc_sync (1, rtc:sync): <ServiceRequest> FORWARDED (remote -> local) service client ID = 0, token ID = 38416
11-20 07:30:43.778 D/vendor.facebook.rtc_sync@1.0-service( 1145): Request req_ts=1637393443784502041 resp_ts=1637393443778806413
11-20 07:30:43.779 D/commandrouter( 1006): SocServiceHandle::onServiceMessage, SoC Service = rtc_sync, appType = 1, type = SVC_RESP, clientId = 0, token = 38416, payloadLen = 8, result = 0, payload.size() = 8
11-20 07:30:44.590 D/UIAutomatorStub(19450): URI: /jsonrpc/0, Method: POST, Header: {content-length=183, remote-addr=127.0.0.1, http-client-ip=127.0.0.1, host=localhost:9012, content-type=application/json, accept-encoding=identity}, params, {NanoHttpd.QUERY_STRING=null}, files: {postData={"jsonrpc": "2.0", "method": "waitForExists", "id": "b18f20af6a0389f9b076467286a627ab", "params": [{"mask": 1, "childOrSibling": [], "childOrSiblingSelector": [], "text": "WiFi"}, 5]}}
11-20 07:30:44.624 D/UIAutomatorStub(19450): URI: /jsonrpc/0, Method: POST, Header: {content-length=172, remote-addr=127.0.0.1, http-client-ip=127.0.0.1, host=localhost:9012, content-type=application/json, accept-encoding=identity}, params, {NanoHttpd.QUERY_STRING=null}, files: {postData={"jsonrpc": "2.0", "method": "click", "id": "10be2efb263cbf646050c49e2f8d90d5", "params": [{"mask": 1, "childOrSibling": [], "childOrSiblingSelector": [], "text": "WiFi"}]}}
11-20 07:30:44.718 W/StatusBarClientConnection(13351): Messenger is null, ignoring message: { when=-15h42m12s444ms barrier=1 }
11-20 07:30:44.754 E/StatusBarClientConnection(13351): Service connected
11-20 07:30:44.757 D/CompatibilityInfo( 1186): mCompatibilityFlags - 4
11-20 07:30:44.757 D/CompatibilityInfo( 1186): applicationDensity - 320
11-20 07:30:44.757 D/CompatibilityInfo( 1186): applicationScale - 1.0
11-20 07:30:44.768 W/View    (13351): requestLayout() improperly called by android.view.View{1524820 V.ED..... ......I. 0,368-474,474} during layout: running second layout pass
11-20 07:30:44.769 D/WifiConnector( 2870): Network State Changed
11-20 07:30:44.785 W/View    (13351): requestLayout() improperly called by com.facebook.wearable.common.wds.listview.WdsListView{bc27cf2 V.E..V... ........ 0,0-474,474} during second layout pass: posting in next frame
11-20 07:30:44.787 D/WifiSharingService( 2870): Starting Wi-Fi scan
11-20 07:30:44.796 I/WifiService( 1186): startScan uid=1000
11-20 07:30:44.806 D/WifiNative( 1186): Scan trigered from WifiNative
11-20 07:30:44.809 I/chatty  ( 1026): uid=1021(gps) lowi-server expire 53 lines
11-20 07:30:44.810 V/WifiHAL (  544): event received NL80211_CMD_TRIGGER_SCAN
11-20 07:30:45.327 V/WifiHAL (  544): event received NL80211_CMD_NEW_SCAN_RESULTS
11-20 07:30:45.327 D/WifiNl80211Manager( 1186): Scan result ready event
11-20 07:30:45.327 D/WifiNative( 1186): Scan result ready event
11-20 07:30:45.336 D/LOWI-9.0.0.80( 1026): [LOWI-Scan] BSS c6:82:9b:4e:b3:9e (wlan0) ASSO: NO AddInfo: 0x0, TSF 0, 15:42:13.051, RSSI: -100, CPL: 127, AGE: 0,  SSID Pixel_R6, TSFDelta: 0x0, TXRate: 0
11-20 07:30:45.337 D/LOWI-9.0.0.80( 1026): [LOWI-Scan] 
11-20 07:30:45.337 D/LOWI-9.0.0.80( 1026): [LOWI-Scan] print_bss_handler: Report Probe TSF 56533051984 as it greater than Beacon TSF 56380084652
11-20 07:30:45.337 I/LOWI-9.0.0.80( 1026): [LOWI-Scan] RSN_IE
11-20 07:30:45.337 D/LOWI-9.0.0.80( 1026): [LOWI-Scan] decode_rsn_wpa_ie: Entered
11-20 07:30:45.337 D/LOWI-9.0.0.80( 1026): [LOWIUtils] hexDump: msg(30 14 01 00 00 0f ac 04 01 00 00 0f ac 04 01 00 00 0f ac 02 )
11-20 07:30:45.337 D/LOWI-9.0.0.80( 1026): [LOWI-Scan] decode_rsn_wpa_ie: LOWI_ENCRYPTION_TYPE_WPA_PSK
11-20 07:30:45.337 D/LOWI-9.0.0.80( 1026): [LOWI-Scan] is_qcom_ie, bss_age: 45
11-20 07:30:45.337 D/LOWI-9.0.0.80( 1026): [LOWI-Scan] BSS be:9e:0e:1c:6e:7f LOWI_PHY_MODE_11AC_VHT20_2G(11), Beacon Interval: 100, LOWI_ENCRYPTION_TYPE_WPA_PSK 11mcRanging: No, ANQP: No, LCI: No, Civic: No, capability(0x1431): ESS Privacy ShortPreamble ShortSlotTime
11-20 07:30:45.337 D/LOWI-9.0.0.80( 1026): [LOWI-Scan] BSS be:9e:0e:1c:6e:7f FREQ: 2412, cFreq1[40:80:160] = [0:0:0] cFreq2 = 0 Country Code =    
11-20 07:30:45.337 D/LOWI-9.0.0.80( 1026): [LOWI-Scan] BSS be:9e:0e:1c:6e:7f (wlan0) ASSO: NO AddInfo: 0x0, TSF 0, 15:42:13.051, RSSI: -112, CPL: 127, AGE: 0,  SSID Pixel_3541, TSFDelta: 0x0, TXRate: 0
11-20 07:30:45.338 D/LOWI-9.0.0.80( 1026): [LOWI-Scan]  -- associated
11-20 07:30:45.338 D/LOWI-9.0.0.80( 1026): [LOWI-Scan] 
11-20 07:30:45.338 D/LOWI-9.0.0.80( 1026): [LOWI-Scan] print_bss_handler: Report Probe TSF 56533051831 as it greater than Beacon TSF 56024073295
11-20 07:30:45.338 I/LOWI-9.0.0.80( 1026): [LOWI-Scan] RSN_IE
11-20 07:30:45.338 D/LOWI-9.0.0.80( 1026): [LOWI-Scan] decode_rsn_wpa_ie: Entered
11-20 07:30:45.338 D/LOWI-9.0.0.80( 1026): [LOWIUtils] hexDump: msg(30 14 01 00 00 0f ac 04 01 00 00 0f ac 04 01 00 00 0f ac 02 )
11-20 07:30:45.338 D/LOWI-9.0.0.80( 1026): [LOWI-Scan] decode_rsn_wpa_ie: LOWI_ENCRYPTION_TYPE_WPA_PSK
11-20 07:30:45.338 D/LOWI-9.0.0.80( 1026): [LOWI-Scan]  No Secondary channel present
11-20 07:30:45.338 D/LOWI-9.0.0.80( 1026): [LOWI-Scan] is_qcom_ie, bss_age: 29
11-20 07:30:45.338 D/LOWI-9.0.0.80( 1026): [LOWI-Scan] BSS 6c:cd:d6:25:63:2a LOWI_PHY_MODE_11NG_HT20(5), Beacon Interval: 100, LOWI_ENCRYPTION_TYPE_WPA_PSK 11mcRanging: No, ANQP: No, LCI: No, Civic: No, capability(0x0511): ESS Privacy SpectrumMgmt ShortSlotTime
11-20 07:30:45.338 D/LOWI-9.0.0.80( 1026): [LOWI-Scan] BSS 6c:cd:d6:25:63:2a FREQ: 2432, cFreq1[40:80:160] = [2432:0:0] cFreq2 = 0 Country Code = US 
11-20 07:30:45.339 D/LOWI-9.0.0.80( 1026): [LOWI-Scan] BSS 6c:cd:d6:25:63:2a (wlan0) ASSO: YES AddInfo: 0x0, TSF 0, 15:42:13.051, RSSI: -70, CPL: 127, AGE: 0,  SSID MTBF_Lab, TSFDelta: 0x0, TXRate: 0
11-20 07:30:45.340 D/LOWI-9.0.0.80( 1026): [LOWI-Scan] 
11-20 07:30:45.340 D/LOWI-9.0.0.80( 1026): [LOWI-Scan] print_bss_handler: Report Probe TSF 56533052079 as it greater than Beacon TSF 55994852218
11-20 07:30:45.340 D/WificondScannerImpl( 1186): Filtering out 5 scan results.
11-20 07:30:45.340 I/LOWI-9.0.0.80( 1026): [LOWI-Scan] RSN_IE
11-20 07:30:45.340 D/LOWI-9.0.0.80( 1026): [LOWI-Scan] decode_rsn_wpa_ie: Entered
11-20 07:30:45.340 D/LOWI-9.0.0.80( 1026): [LOWIUtils] hexDump: msg(30 14 01 00 00 0f ac 04 01 00 00 0f ac 04 01 00 00 0f ac 02 )
11-20 07:30:45.340 D/LOWI-9.0.0.80( 1026): [LOWI-Scan] decode_rsn_wpa_ie: LOWI_ENCRYPTION_TYPE_WPA_PSK
11-20 07:30:45.340 D/LOWI-9.0.0.80( 1026): [LOWI-Scan] is_qcom_ie, bss_age: 46
11-20 07:30:45.340 D/LOWI-9.0.0.80( 1026): [LOWI-Scan] BSS 2c:57:41:88:72:e1 LOWI_PHY_MODE_11NG_HT20(5), Beacon Interval: 100, LOWI_ENCRYPTION_TYPE_WPA_PSK 11mcRanging: No, ANQP: No, LCI: No, Civic: No, capability(0x1411): ESS Privacy ShortSlotTime
11-20 07:30:45.340 D/LOWI-9.0.0.80( 1026): [LOWI-Scan] BSS 2c:57:41:88:72:e1 FREQ: 2412, cFreq1[40:80:160] = [0:0:0] cFreq2 = 0 Country Code = US
11-20 07:30:45.340 D/LOWI-9.0.0.80( 1026): [LOWI-Scan] BSS 2c:57:41:88:72:e1 (wlan0) ASSO: NO AddInfo: 0x0, TSF 0, 15:42:13.052, RSSI: -140, CPL: 3, AGE: 0,  SSID kittyhawk, TSFDelta: 0x0, TXRate: 0
11-20 07:30:45.341 D/LOWI-9.0.0.80( 1026): [LOWI-Scan] 
11-20 07:30:45.341 D/LOWI-9.0.0.80( 1026): [LOWI-Scan] print_bss_handler: Report beacon TSF 56533052215 as it greater than probe TSF 56504384172
11-20 07:30:45.341 I/LOWI-9.0.0.80( 1026): [LOWI-Scan] RSN_IE
11-20 07:30:45.341 D/LOWI-9.0.0.80( 1026): [LOWI-Scan] decode_rsn_wpa_ie: Entered
11-20 07:30:45.341 D/LOWI-9.0.0.80( 1026): [LOWIUtils] hexDump: msg(30 14 01 00 00 0f ac 04 01 00 00 0f ac 04 01 00 00 0f ac 02 )
11-20 07:30:45.341 D/LOWI-9.0.0.80( 1026): [LOWI-Scan] decode_rsn_wpa_ie: LOWI_ENCRYPTION_TYPE_WPA_PSK
11-20 07:30:45.341 D/LOWI-9.0.0.80( 1026): [LOWI-Scan] is_qcom_ie, bss_age: 55
11-20 07:30:45.341 D/LOWI-9.0.0.80( 1026): [LOWI-Scan] BSS 2c:57:41:86:7a:61 LOWI_PHY_MODE_11NG_HT20(5), Beacon Interval: 100, LOWI_ENCRYPTION_TYPE_WPA_PSK 11mcRanging: No, ANQP: No, LCI: No, Civic: No, capability(0x1411): ESS Privacy ShortSlotTime
11-20 07:30:45.341 D/LOWI-9.0.0.80( 1026): [LOWI-Scan] BSS 2c:57:41:86:7a:61 FREQ: 2412, cFreq1[40:80:160] = [0:0:0] cFreq2 = 0 Country Code = US
11-20 07:30:45.341 D/LOWI-9.0.0.80( 1026): [LOWI-Scan] BSS 2c:57:41:86:7a:61 (wlan0) ASSO: NO AddInfo: 0x1, TSF 0, 15:42:13.052, RSSI: -146, CPL: 3, AGE: 0,  SSID kittyhawk, TSFDelta: 0x0, TXRate: 0
11-20 07:30:45.344 D/LOWI-9.0.0.80( 1026): [LOWI-Scan] 
11-20 07:30:45.344 D/LOWI-9.0.0.80( 1026): [LOWI-Scan] print_bss_handler: Report Probe TSF 56533051885 as it greater than Beacon TSF 56504383957
11-20 07:30:45.344 I/LOWI-9.0.0.80( 1026): [LOWI-Scan] RSN_IE
11-20 07:30:45.344 D/LOWI-9.0.0.80( 1026): [LOWI-Scan] decode_rsn_wpa_ie: Entered
11-20 07:30:45.344 D/LOWI-9.0.0.80( 1026): [LOWIUtils] hexDump: msg(30 14 01 00 00 0f ac 04 01 00 00 0f ac 04 01 00 00 0f ac 02 )
11-20 07:30:45.347 D/PasspointManager( 1186): ANQP entry not found for: 12:d7:96:61:85:9f:<Pixel_R5>
11-20 07:30:45.348 D/PasspointManager( 1186): ANQP entry not found for: 5e:6e:be:46:77:d7:<Pixel_R3>
11-20 07:30:45.348 D/PasspointManager( 1186): ANQP entry not found for: fe:2d:5a:49:61:eb:<Pixel_R2>
11-20 07:30:45.348 D/PasspointManager( 1186): ANQP entry not found for: c6:82:9b:4e:b3:9e:<Pixel_R6>
11-20 07:30:45.349 D/PasspointManager( 1186): ANQP entry not found for: ce:dc:12:3b:87:fd:<Pixel5_R1>
11-20 07:30:45.344 D/LOWI-9.0.0.80( 1026): [LOWI-Scan] decode_rsn_wpa_ie: LOWI_ENCRYPTION_TYPE_WPA_PSK
11-20 07:30:45.350 D/LOWI-9.0.0.80( 1026): [LOWI-Scan] is_qcom_ie, bss_age: 25
11-20 07:30:45.350 D/LOWI-9.0.0.80( 1026): [LOWI-Scan] BSS ce:dc:12:3b:87:fd LOWI_PHY_MODE_11AC_VHT20_2G(11), Beacon Interval: 100, LOWI_ENCRYPTION_TYPE_WPA_PSK 11mcRanging: No, ANQP: Yes, LCI: No, Civic: No, capability(0x1431): ESS Privacy ShortPreamble ShortSlotTime
11-20 07:30:45.350 D/LOWI-9.0.0.80( 1026): [LOWI-Scan] BSS ce:dc:12:3b:87:fd FREQ: 2437, cFreq1[40:80:160] = [0:0:0] cFreq2 = 0 Country Code =    
11-20 07:30:45.350 D/LOWI-9.0.0.80( 1026): [LOWI-Scan] BSS ce:dc:12:3b:87:fd (wlan0) ASSO: NO AddInfo: 0x0, TSF 0, 15:42:13.051, RSSI: -100, CPL: 127, AGE: 0,  SSID Pixel5_R1, TSFDelta: 0x0, TXRate: 0
11-20 07:30:45.352 D/LOWI-9.0.0.80( 1026): [LOWI-Scan] 
11-20 07:30:45.352 D/LOWI-9.0.0.80( 1026): [LOWI-Scan] print_bss_handler: Report Probe TSF 56533052194 as it greater than Beacon TSF 55537671898
11-20 07:30:45.352 I/LOWI-9.0.0.80( 1026): [LOWI-Scan] RSN_IE
11-20 07:30:45.352 D/LOWI-9.0.0.80( 1026): [LOWI-Scan] decode_rsn_wpa_ie: Entered
11-20 07:30:45.352 D/LOWI-9.0.0.80( 1026): [LOWIUtils] hexDump: msg(30 14 01 00 00 0f ac 04 01 00 00 0f ac 04 01 00 00 0f ac 02 )
11-20 07:30:45.352 D/LOWI-9.0.0.80( 1026): [LOWI-Scan] decode_rsn_wpa_ie: LOWI_ENCRYPTION_TYPE_WPA_PSK
11-20 07:30:45.352 D/LOWI-9.0.0.80( 1026): [LOWI-Scan] is_qcom_ie, bss_age: 44
11-20 07:30:45.352 D/LOWI-9.0.0.80( 1026): [LOWI-Scan] BSS 2c:57:41:86:8a:a1 LOWI_PHY_MODE_11NG_HT20(5), Beacon Interval: 100, LOWI_ENCRYPTION_TYPE_WPA_PSK 11mcRanging: No, ANQP: No, LCI: No, Civic: No, capability(0x1411): ESS Privacy ShortSlotTime
11-20 07:30:45.352 D/LOWI-9.0.0.80( 1026): [LOWI-Scan] BSS 2c:57:41:86:8a:a1 FREQ: 2412, cFreq1[40:80:160] = [0:0:0] cFreq2 = 0 Country Code = US
11-20 07:30:45.352 D/LOWI-9.0.0.80( 1026): [LOWI-Scan] BSS 2c:57:41:86:8a:a1 (wlan0) ASSO: NO AddInfo: 0x0, TSF 0, 15:42:13.052, RSSI: -144, CPL: 3, AGE: 0,  SSID kittyhawk, TSFDelta: 0x0, TXRate: 0
11-20 07:30:45.354 D/LOWI-9.0.0.80( 1026): [LOWI-Scan] 
11-20 07:30:45.354 D/LOWI-9.0.0.80( 1026): [LOWI-Scan] print_bss_handler: Report Probe TSF 56533052236 as it greater than Beacon TSF 55635882250
11-20 07:30:45.354 I/LOWI-9.0.0.80( 1026): [LOWI-Scan] RSN_IE
11-20 07:30:45.354 D/LOWI-9.0.0.80( 1026): [LOWI-Scan] decode_rsn_wpa_ie: Entered
11-20 07:30:45.354 D/LOWI-9.0.0.80( 1026): [LOWIUtils] hexDump: msg(30 14 01 00 00 0f ac 04 01 00 00 0f ac 04 01 00 00 0f ac 02 )
11-20 07:30:45.354 D/LOWI-9.0.0.80( 1026): [LOWI-Scan] decode_rsn_wpa_ie: LOWI_ENCRYPTION_TYPE_WPA_PSK
11-20 07:30:45.354 D/LOWI-9.0.0.80( 1026): [LOWI-Scan] is_qcom_ie, bss_age: 44
11-20 07:30:45.354 D/LOWI-9.0.0.80( 1026): [LOWI-Scan] BSS 2c:57:41:89:53:21 LOWI_PHY_MODE_11NG_HT20(5), Beacon Interval: 100, LOWI_ENCRYPTION_TYPE_WPA_PSK 11mcRanging: No, ANQP: No, LCI: No, Civic: No, capability(0x1411): ESS Privacy ShortSlotTime
11-20 07:30:45.354 D/LOWI-9.0.0.80( 1026): [LOWI-Scan] BSS 2c:57:41:89:53:21 FREQ: 2412, cFreq1[40:80:160] = [0:0:0] cFreq2 = 0 Country Code = US
11-20 07:30:45.354 D/LOWI-9.0.0.80( 1026): [LOWI-Scan] BSS 2c:57:41:89:53:21 (wlan0) ASSO: NO AddInfo: 0x0, TSF 0, 15:42:13.052, RSSI: -152, CPL: 3, AGE: 0,  SSID kittyhawk, TSFDelta: 0x0, TXRate: 0
11-20 07:30:45.355 D/LOWI-9.0.0.80( 1026): [LOWI-Scan] 
11-20 07:30:45.355 D/LOWI-9.0.0.80( 1026): [LOWI-Scan] print_bss_handler: Report Probe TSF 56533052172 as it greater than Beacon TSF 56380084749
11-20 07:30:45.355 I/LOWI-9.0.0.80( 1026): [LOWI-Scan] RSN_IE
11-20 07:30:45.355 D/LOWI-9.0.0.80( 1026): [LOWI-Scan] decode_rsn_wpa_ie: Entered
11-20 07:30:45.355 D/LOWI-9.0.0.80( 1026): [LOWIUtils] hexDump: msg(30 14 01 00 00 0f ac 04 01 00 00 0f ac 04 01 00 00 0f ac 02 )
11-20 07:30:45.355 D/LOWI-9.0.0.80( 1026): [LOWI-Scan] decode_rsn_wpa_ie: LOWI_ENCRYPTION_TYPE_WPA_PSK
11-20 07:30:45.355 D/LOWI-9.0.0.80( 1026): [LOWI-Scan] is_qcom_ie, bss_age: 4
11-20 07:30:45.355 D/LOWI-9.0.0.80( 1026): [LOWI-Scan] BSS 2c:57:41:86:94:a1 LOWI_PHY_MODE_11NG_HT20(5), Beacon Interval: 100, LOWI_ENCRYPTION_TYPE_WPA_PSK 11mcRanging: No, ANQP: No, LCI: No, Civic: No, capability(0x1411): ESS Privacy ShortSlotTime
11-20 07:30:45.355 D/LOWI-9.0.0.80( 1026): [LOWI-Scan] BSS 2c:57:41:86:94:a1 FREQ: 2462, cFreq1[40:80:160] = [0:0:0] cFreq2 = 0 Country Code = US
11-20 07:30:45.355 D/LOWI-9.0.0.80( 1026): [LOWI-Scan] BSS 2c:57:41:86:94:a1 (wlan0) ASSO: NO AddInfo: 0x0, TSF 0, 15:42:13.052, RSSI: -148, CPL: 2, AGE: 0,  SSID kittyhawk, TSFDelta: 0x0, TXRate: 0
11-20 07:30:45.355 D/LOWI-9.0.0.80( 1026): [LOWI-Scan] 
11-20 07:30:45.356 D/LOWI-9.0.0.80( 1026): [LOWI-Scan] print_bss_handler: Report Probe TSF 56533052005 as it greater than Beacon TSF 55922142033
11-20 07:30:45.356 I/LOWI-9.0.0.80( 1026): [LOWI-Scan] RSN_IE
11-20 07:30:45.356 D/LOWI-9.0.0.80( 1026): [LOWI-Scan] decode_rsn_wpa_ie: Entered
11-20 07:30:45.356 D/LOWI-9.0.0.80( 1026): [LOWIUtils] hexDump: msg(30 14 01 00 00 0f ac 04 01 00 00 0f ac 04 01 00 00 0f ac 02 )
11-20 07:30:45.356 D/LOWI-9.0.0.80( 1026): [LOWI-Scan] decode_rsn_wpa_ie: LOWI_ENCRYPTION_TYPE_WPA_PSK
11-20 07:30:45.356 D/LOWI-9.0.0.80( 1026): [LOWI-Scan] is_qcom_ie, bss_age: 40
11-20 07:30:45.356 D/LOWI-9.0.0.80( 1026): [LOWI-Scan] BSS 52:b8:14:37:74:3f LOWI_PHY_MODE_11AC_VHT20_2G(11), Beacon Interval: 100, LOWI_ENCRYPTION_TYPE_WPA_PSK 11mcRanging: No, ANQP: No, LCI: No, Civic: No, capability(0x1431): ESS Privacy ShortPreamble ShortSlotTime
11-20 07:30:45.356 D/LOWI-9.0.0.80( 1026): [LOWI-Scan] BSS 52:b8:14:37:74:3f FREQ: 2417, cFreq1[40:80:160] = [0:0:0] cFreq2 = 0 Country Code =    
11-20 07:30:45.356 D/LOWI-9.0.0.80( 1026): [LOWI-Scan] BSS 52:b8:14:37:74:3f (wlan0) ASSO: NO AddInfo: 0x0, TSF 0, 15:42:13.052, RSSI: -116, CPL: 127, AGE: 0,  SSID Pixel_8668, TSFDelta: 0x0, TXRate: 0
11-20 07:30:45.356 D/LOWI-9.0.0.80( 1026): [LOWI-Scan] 
11-20 07:30:45.356 D/LOWI-9.0.0.80( 1026): [LOWI-Scan] print_bss_handler: Report Probe TSF 56504384072 as it greater than Beacon TSF 0
11-20 07:30:45.356 I/LOWI-9.0.0.80( 1026): [LOWI-Scan] RSN_IE
11-20 07:30:45.356 D/LOWI-9.0.0.80( 1026): [LOWI-Scan] decode_rsn_wpa_ie: Entered
11-20 07:30:45.356 D/LOWI-9.0.0.80( 1026): [LOWIUtils] hexDump: msg(30 14 01 00 00 0f ac 04 01 00 00 0f ac 04 01 00 00 0f ac 02 )
11-20 07:30:45.356 D/LOWI-9.0.0.80( 1026): [LOWI-Scan] decode_rsn_wpa_ie: LOWI_ENCRYPTION_TYPE_WPA_PSK
11-20 07:30:45.356 D/LOWI-9.0.0.80( 1026): [LOWI-Scan] is_qcom_ie, bss_age: 57
11-20 07:30:45.356 D/LOWI-9.0.0.80( 1026): [LOWI-Scan] adjust_age:AP AGE upper limit reached. Dont store
11-20 07:30:45.356 D/LOWI-9.0.0.80( 1026): [LOWI-Scan] BSS 18:64:72:60:2b:40 LOWI_PHY_MODE_11NG_HT20(5), Beacon Interval: 100, LOWI_ENCRYPTION_TYPE_WPA_PSK 11mcRanging: No, ANQP: No, LCI: No, Civic: No, capability(0x0431): ESS Privacy ShortPreamble ShortSlotTime
11-20 07:30:45.356 D/LOWI-9.0.0.80( 1026): [LOWI-Scan] BSS 18:64:72:60:2b:40 FREQ: 2412, cFreq1[40:80:160] = [0:0:0] cFreq2 = 0 Country Code =    
11-20 07:30:45.356 D/LOWI-9.0.0.80( 1026): [LOWI-Scan] BSS 18:64:72:60:2b:40 (wlan0) ASSO: NO AddInfo: 0x0, TSF 0, 15:41:44.384, RSSI: -140, CPL: 127, AGE: 28670,  SSID lab-t24103779, TSFDelta: 0x0, TXRate: 0
11-20 07:30:45.357 D/LOWI-9.0.0.80( 1026): [LOWI-Scan] 
11-20 07:30:45.357 D/LOWI-9.0.0.80( 1026): [LOWI-Scan] print_bss_handler: Report Probe TSF 56533052098 as it greater than Beacon TSF 56482007236
11-20 07:30:45.357 I/LOWI-9.0.0.80( 1026): [LOWI-Scan] RSN_IE
11-20 07:30:45.357 D/LOWI-9.0.0.80( 1026): [LOWI-Scan] decode_rsn_wpa_ie: Entered
11-20 07:30:45.357 D/LOWI-9.0.0.80( 1026): [LOWIUtils] hexDump: msg(30 14 01 00 00 0f ac 04 01 00 00 0f ac 04 01 00 00 0f ac 02 )
11-20 07:30:45.357 D/LOWI-9.0.0.80( 1026): [LOWI-Scan] decode_rsn_wpa_ie: LOWI_ENCRYPTION_TYPE_WPA_PSK
11-20 07:30:45.357 D/LOWI-9.0.0.80( 1026): [LOWI-Scan] is_qcom_ie, bss_age: 4
11-20 07:30:45.357 D/LOWI-9.0.0.80( 1026): [LOWI-Scan] BSS 2c:57:41:86:90:a1 LOWI_PHY_MODE_11NG_HT20(5), Beacon Interval: 100, LOWI_ENCRYPTION_TYPE_WPA_PSK 11mcRanging: No, ANQP: No, LCI: No, Civic: No, capability(0x1411): ESS Privacy ShortSlotTime
11-20 07:30:45.357 D/LOWI-9.0.0.80( 1026): [LOWI-Scan] BSS 2c:57:41:86:90:a1 FREQ: 2462, cFreq1[40:80:160] = [0:0:0] cFreq2 = 0 Country Code = US
11-20 07:30:45.357 D/LOWI-9.0.0.80( 1026): [LOWI-Scan] BSS 2c:57:41:86:90:a1 (wlan0) ASSO: NO AddInfo: 0x0, TSF 0, 15:42:13.052, RSSI: -140, CPL: 2, AGE: 0,  SSID kittyhawk, TSFDelta: 0x0, TXRate: 0
11-20 07:30:45.358 D/LOWI-9.0.0.80( 1026): [LOWI-Scan] 
11-20 07:30:45.358 D/LOWI-9.0.0.80( 1026): [LOWI-Scan] print_bss_handler: Report Probe TSF 56504384231 as it greater than Beacon TSF 56453443521
11-20 07:30:45.358 I/LOWI-9.0.0.80( 1026): [LOWI-Scan] RSN_IE
11-20 07:30:45.358 D/LOWI-9.0.0.80( 1026): [LOWI-Scan] decode_rsn_wpa_ie: Entered
11-20 07:30:45.358 D/LOWI-9.0.0.80( 1026): [LOWIUtils] hexDump: msg(30 18 01 00 00 0f ac 02 02 00 00 0f ac 02 00 0f ac 04 01 00 00 0f ac 02 )
11-20 07:30:45.358 D/LOWI-9.0.0.80( 1026): [LOWI-Scan] decode_rsn_wpa_ie: LOWI_ENCRYPTION_TYPE_WPA_PSK
11-20 07:30:45.358 D/LOWI-9.0.0.80( 1026): [LOWI-Scan] is_qcom_ie, bss_age: 31
11-20 07:30:45.358 D/LOWI-9.0.0.80( 1026): [LOWI-Scan] adjust_age:AP AGE upper limit reached. Dont store
11-20 07:30:45.358 D/LOWI-9.0.0.80( 1026): [LOWI-Scan] BSS 18:4f:32:07:46:03 LOWI_PHY_MODE_11NG_HT20(5), Beacon Interval: 100, LOWI_ENCRYPTION_TYPE_WPA_PSK 11mcRanging: No, ANQP: No, LCI: No, Civic: No, capability(0x0431): ESS Privacy ShortPreamble ShortSlotTime
11-20 07:30:45.358 D/LOWI-9.0.0.80( 1026): [LOWI-Scan] BSS 18:4f:32:07:46:03 FREQ: 2437, cFreq1[40:80:160] = [0:0:0] cFreq2 = 0 Country Code =    
11-20 07:30:45.358 D/LOWI-9.0.0.80( 1026): [LOWI-Scan] BSS 18:4f:32:07:46:03 (wlan0) ASSO: NO AddInfo: 0x0, TSF 0, 15:41:44.384, RSSI: -164, CPL: 127, AGE: 28670,  SSID HP-Print-03-LaserJet Pro MFP, TSFDelta: 0x0, TXRate: 0
11-20 07:30:45.359 D/LOWI-9.0.0.80( 1026): [LOWI-Scan] 
11-20 07:30:45.359 D/LOWI-9.0.0.80( 1026): [LOWI-Scan] print_bss_handler: Report Probe TSF 56504384192 as it greater than Beacon TSF 0
11-20 07:30:45.359 I/LOWI-9.0.0.80( 1026): [LOWI-Scan] RSN_IE
11-20 07:30:45.359 D/LOWI-9.0.0.80( 1026): [LOWI-Scan] decode_rsn_wpa_ie: Entered
11-20 07:30:45.359 D/LOWI-9.0.0.80( 1026): [LOWIUtils] hexDump: msg(30 14 01 00 00 0f ac 04 01 00 00 0f ac 04 01 00 00 0f ac 02 )
11-20 07:30:45.359 D/LOWI-9.0.0.80( 1026): [LOWI-Scan] decode_rsn_wpa_ie: LOWI_ENCRYPTION_TYPE_WPA_PSK
11-20 07:30:45.359 D/LOWI-9.0.0.80( 1026): [LOWI-Scan] is_qcom_ie, bss_age: 2
11-20 07:30:45.359 D/LOWI-9.0.0.80( 1026): [LOWI-Scan] adjust_age:AP AGE upper limit reached. Dont store
11-20 07:30:45.359 D/LOWI-9.0.0.80( 1026): [LOWI-Scan] BSS 2c:57:41:86:85:21 LOWI_PHY_MODE_11NG_HT20(5), Beacon Interval: 100, LOWI_ENCRYPTION_TYPE_WPA_PSK 11mcRanging: No, ANQP: No, LCI: No, Civic: No, capability(0x1411): ESS Privacy ShortSlotTime
11-20 07:30:45.359 D/LOWI-9.0.0.80( 1026): [LOWI-Scan] BSS 2c:57:41:86:85:21 FREQ: 2462, cFreq1[40:80:160] = [0:0:0] cFreq2 = 0 Country Code = US
11-20 07:30:45.359 D/LOWI-9.0.0.80( 1026): [LOWI-Scan] BSS 2c:57:41:86:85:21 (wlan0) ASSO: NO AddInfo: 0x0, TSF 0, 15:41:44.384, RSSI: -154, CPL: 2, AGE: 28670,  SSID kittyhawk, TSFDelta: 0x0, TXRate: 0
11-20 07:30:45.359 D/LOWI-9.0.0.80( 1026): [LOWI-Scan] 
11-20 07:30:45.359 D/LOWI-9.0.0.80( 1026): [LOWI-Scan] print_bss_handler: Report Probe TSF 56504384275 as it greater than Beacon TSF 0
11-20 07:30:45.359 I/LOWI-9.0.0.80( 1026): [LOWI-Scan] RSN_IE
11-20 07:30:45.359 D/LOWI-9.0.0.80( 1026): [LOWI-Scan] decode_rsn_wpa_ie: Entered
11-20 07:30:45.360 D/LOWI-9.0.0.80( 1026): [LOWIUtils] hexDump: msg(30 14 01 00 00 0f ac 04 01 00 00 0f ac 04 01 00 00 0f ac 02 )
11-20 07:30:45.360 D/LOWI-9.0.0.80( 1026): [LOWI-Scan] decode_rsn_wpa_ie: LOWI_ENCRYPTION_TYPE_WPA_PSK
11-20 07:30:45.360 D/LOWI-9.0.0.80( 1026): [LOWI-Scan] is_qcom_ie, bss_age: 33
11-20 07:30:45.360 D/LOWI-9.0.0.80( 1026): [LOWI-Scan] adjust_age:AP AGE upper limit reached. Dont store
11-20 07:30:45.360 D/LOWI-9.0.0.80( 1026): [LOWI-Scan] BSS 2c:57:41:86:76:61 LOWI_PHY_MODE_11NG_HT20(5), Beacon Interval: 100, LOWI_ENCRYPTION_TYPE_WPA_PSK 11mcRanging: No, ANQP: No, LCI: No, Civic: No, capability(0x1411): ESS Privacy ShortSlotTime
11-20 07:30:45.360 D/LOWI-9.0.0.80( 1026): [LOWI-Scan] BSS 2c:57:41:86:76:61 FREQ: 2437, cFreq1[40:80:160] = [0:0:0] cFreq2 = 0 Country Code = US
11-20 07:30:45.360 D/LOWI-9.0.0.80( 1026): [LOWI-Scan] BSS 2c:57:41:86:76:61 (wlan0) ASSO: NO AddInfo: 0x0, TSF 0, 15:41:44.384, RSSI: -164, CPL: 2, AGE: 28670,  SSID kittyhawk, TSFDelta: 0x0, TXRate: 0
11-20 07:30:45.360 D/LOWI-9.0.0.80( 1026): [LOWI-Scan] 
11-20 07:30:45.360 D/LOWI-9.0.0.80( 1026): [LOWI-Scan] print_bss_handler: Report Probe TSF 56504384253 as it greater than Beacon TSF 0
11-20 07:30:45.360 I/LOWI-9.0.0.80( 1026): [LOWI-Scan] RSN_IE
11-20 07:30:45.360 D/LOWI-9.0.0.80( 1026): [LOWI-Scan] decode_rsn_wpa_ie: Entered
11-20 07:30:45.360 D/LOWI-9.0.0.80( 1026): [LOWIUtils] hexDump: msg(30 14 01 00 00 0f ac 04 01 00 00 0f ac 04 01 00 00 0f ac 02 )
11-20 07:30:45.360 D/LOWI-9.0.0.80( 1026): [LOWI-Scan] decode_rsn_wpa_ie: LOWI_ENCRYPTION_TYPE_WPA_PSK
11-20 07:30:45.360 D/LOWI-9.0.0.80( 1026): [LOWI-Scan] is_qcom_ie, bss_age: 5
11-20 07:30:45.360 D/LOWI-9.0.0.80( 1026): [LOWI-Scan] adjust_age:AP AGE upper limit reached. Dont store
11-20 07:30:45.360 D/LOWI-9.0.0.80( 1026): [LOWI-Scan] BSS 18:64:72:60:2e:e0 LOWI_PHY_MODE_11NG_HT20(5), Beacon Interval: 100, LOWI_ENCRYPTION_TYPE_WPA_PSK 11mcRanging: No, ANQP: No, LCI: No, Civic: No, capability(0x0431): ESS Privacy ShortPreamble ShortSlotTime
11-20 07:30:45.360 D/LOWI-9.0.0.80( 1026): [LOWI-Scan] BSS 18:64:72:60:2e:e0 FREQ: 2462, cFreq1[40:80:160] = [0:0:0] cFreq2 = 0 Country Code =    
11-20 07:30:45.360 D/LOWI-9.0.0.80( 1026): [LOWI-Scan] BSS 18:64:72:60:2e:e0 (wlan0) ASSO: NO AddInfo: 0x0, TSF 0, 15:41:44.384, RSSI: -162, CPL: 127, AGE: 28670,  SSID lab-t24103779, TSFDelta: 0x0, TXRate: 0
11-20 07:30:45.361 D/LOWI-9.0.0.80( 1026): [LOWIDiagLog] Log: lowiMeasResult->request: invalid null argument
11-20 07:30:45.361 I/LOWI-9.0.0.80( 1026): [LOWI-Scan] lowi_close_record:Scan done in 56489131ms, 20 APs in scan results
11-20 07:30:45.361 D/LOWI-9.0.0.80( 1026): [LOWI-Scan] WipsScanUsingNL: passive scan cached 0, took 9242 ms, err 0
11-20 07:30:45.361 D/LOWI-9.0.0.80( 1026): [LOWI-Scan] lowi_proc_req_passive_scan_with_live_meas - No WLAN Frames to be parsed
11-20 07:30:45.361 D/LOWI-9.0.0.80( 1026): [LOWIScanResultReceiver] Send scan meas to listener
11-20 07:30:45.361 D/LOWI-9.0.0.80( 1026): [LOWIScanResultReceiver] Enter passive listening mode
11-20 07:30:45.361 D/LOWI-9.0.0.80( 1026): [LOWIWifiDriverInterface] getMeasurements - Passive listening mode
11-20 07:30:45.361 D/LOWI-9.0.0.80( 1026): [LOWIEventReceiver] handleEvent:FROM:NA, TO:NA, REQ:NA, IREQ:NA, REQ_ID:0, RESP:NA, INFO:NA
11-20 07:30:45.361 D/LOWI-9.0.0.80( 1026): [LOWIBackgroundScanMgr] isRspForBgScanMgr: evt(LOWI_NO_EVT) - not handled
11-20 07:30:45.361 D/LOWI-9.0.0.80( 1026): [LOWIScheduler] manageMsg: NULL results or NULL request in results
11-20 07:30:45.361 D/LOWI-9.0.0.80( 1026): [LOWIController] Measurements received
11-20 07:30:45.361 D/LOWI-9.0.0.80( 1026): [LOWICacheManager] putInCache:Num of Meas to add: 20
11-20 07:30:45.361 D/LOWI-9.0.0.80( 1026): [LOWI-Scan] WipsScanUsingNL:wait -1 sec for netlink message
11-20 07:30:45.362 D/LOWI-9.0.0.80( 1026): [LOWIController] processMeasurementResults: No current Request. Cache measurements
11-20 07:30:45.362 D/LOWI-9.0.0.80( 1026): [LOWIControllerExtn] sendLOWILpDiscoveryScanResponse: Not a discovery scan response
11-20 07:30:45.375 I/chatty  ( 2334): uid=10062(com.facebook.wearable.system.selfcare) DefaultDispatch expire 2 lines
11-20 07:30:45.376 I/chatty  ( 2334): uid=10062(com.facebook.wearable.system.selfcare) MainTP_399 expire 1 line
11-20 07:30:45.402 D/WifiSharingService( 2870): Sending scanResults intent with status code 0: PendingIntent{507c235: android.os.BinderProxy@3fc662e}
11-20 07:30:45.406 D/CompatibilityInfo( 1186): mCompatibilityFlags - 4
11-20 07:30:45.406 D/CompatibilityInfo( 1186): applicationDensity - 320
11-20 07:30:45.406 D/CompatibilityInfo( 1186): applicationScale - 1.0
11-20 07:30:45.413 I/chatty  ( 2334): uid=10062(com.facebook.wearable.system.selfcare) pool-3-thread-1 expire 1 line
11-20 07:30:45.429 D/mcu_health_checker( 1029): Sent MCU Health Request
11-20 07:30:45.429 D/commandrouter( 1006): SocServiceHandle::onServiceMessage, SoC Service = mcu_healthcheck_1029, appType = 1, type = SVC_REQ, clientId = 0, token = 1882, payloadLen = 12, result = 0, payload.size() = 12
11-20 07:30:45.433 D/commandrouter( 1006): mcu_healthcheck_1029 (1, merlot:mcu_health:control): <ServiceResponse> FORWARDED (remote -> local) CR token ID = 1882, service client ID = 40, token ID = 32296, result = 0
11-20 07:30:45.433 D/mcu_health_checker( 1029): MCU Health Response: MCU_OK
11-20 07:30:45.433 D/mcu_health_checker( 1029): MCU Session 0, uptime = 56494305 ms
11-20 07:30:45.433 D/mculinkhealth( 1029): isMcuReachable 1 (3 ms)
11-20 07:30:45.530 D/SettingsSDK::SyncHelper( 2334): Read setting com.facebook.wearable.sdk.selfcare:SELFCARE_SERVICE_ENABLED from persistent cache
11-20 07:30:45.531 D/FacebookRepository( 2334): Reading from Store [906581286488774]
11-20 07:30:45.561 E/SelfCareDataCloudSyncWorker( 2334): Failed to get access token
11-20 07:30:45.561 E/SelfCareDataCloudSyncWorker( 2334): kotlinx.coroutines.JobCancellationException: Job was cancelled; job=JobImpl{Cancelling}@fee0357
11-20 07:30:45.561 I/WM-WorkerWrapper( 2334): Work [ id=57f248e9-27c9-4baa-bcea-f98e3ece0d1a, tags={ com.facebook.wearable.system.selfcare.cloudsync.SelfCareDataCloudSyncWorker } ] was cancelled
11-20 07:30:45.561 I/WM-WorkerWrapper( 2334): java.util.concurrent.CancellationException: Task was cancelled.
11-20 07:30:45.561 I/WM-WorkerWrapper( 2334): 	at androidx.work.impl.utils.futures.AbstractFuture.getDoneValue(:32)
11-20 07:30:45.561 I/WM-WorkerWrapper( 2334): 	at androidx.work.impl.utils.futures.AbstractFuture.get(:268435546)
11-20 07:30:45.561 I/WM-WorkerWrapper( 2334): 	at androidx.work.impl.WorkerWrapper$2.run(:3)
11-20 07:30:45.561 I/WM-WorkerWrapper( 2334): 	at androidx.work.impl.utils.SerialExecutor$Task.run(:2)
11-20 07:30:45.561 I/WM-WorkerWrapper( 2334): 	at java.util.concurrent.ThreadPoolExecutor.runWorker(ThreadPoolExecutor.java:1167)
11-20 07:30:45.561 I/WM-WorkerWrapper( 2334): 	at java.util.concurrent.ThreadPoolExecutor$Worker.run(ThreadPoolExecutor.java:641)
11-20 07:30:45.561 I/WM-WorkerWrapper( 2334): 	at java.lang.Thread.run(Thread.java:923)
11-20 07:30:45.672 D/SettingsSDK::SyncHelper( 2334): Read setting com.facebook.wearable.sdk.selfcare:SELFCARE_SERVICE_ENABLED from persistent cache
11-20 07:30:45.672 D/FacebookRepository( 2334): Reading from Store [906581286488774]
11-20 07:30:45.714 E/SelfCareDataCloudSyncWorker( 2334): Failed to get access token
11-20 07:30:45.714 E/SelfCareDataCloudSyncWorker( 2334): kotlinx.coroutines.JobCancellationException: Job was cancelled; job=JobImpl{Cancelling}@786ed29
11-20 07:30:45.714 I/WM-WorkerWrapper( 2334): Work [ id=57f248e9-27c9-4baa-bcea-f98e3ece0d1a, tags={ com.facebook.wearable.system.selfcare.cloudsync.SelfCareDataCloudSyncWorker } ] was cancelled
11-20 07:30:45.714 I/WM-WorkerWrapper( 2334): java.util.concurrent.CancellationException: Task was cancelled.
11-20 07:30:45.714 I/WM-WorkerWrapper( 2334): 	at androidx.work.impl.utils.futures.AbstractFuture.getDoneValue(:32)
11-20 07:30:45.714 I/WM-WorkerWrapper( 2334): 	at androidx.work.impl.utils.futures.AbstractFuture.get(:268435546)
11-20 07:30:45.714 I/WM-WorkerWrapper( 2334): 	at androidx.work.impl.WorkerWrapper$2.run(:3)
11-20 07:30:45.714 I/WM-WorkerWrapper( 2334): 	at androidx.work.impl.utils.SerialExecutor$Task.run(:2)
11-20 07:30:45.714 I/WM-WorkerWrapper( 2334): 	at java.util.concurrent.ThreadPoolExecutor.runWorker(ThreadPoolExecutor.java:1167)
11-20 07:30:45.714 I/WM-WorkerWrapper( 2334): 	at java.util.concurrent.ThreadPoolExecutor$Worker.run(ThreadPoolExecutor.java:641)
11-20 07:30:45.714 I/WM-WorkerWrapper( 2334): 	at java.lang.Thread.run(Thread.java:923)
11-20 07:30:45.833 D/SettingsSDK::SyncHelper( 2334): Read setting com.facebook.wearable.sdk.selfcare:SELFCARE_SERVICE_ENABLED from persistent cache
11-20 07:30:45.834 D/FacebookRepository( 2334): Reading from Store [906581286488774]
11-20 07:30:45.871 E/SelfCareDataCloudSyncWorker( 2334): Failed to get access token
11-20 07:30:45.871 E/SelfCareDataCloudSyncWorker( 2334): kotlinx.coroutines.JobCancellationException: Job was cancelled; job=JobImpl{Cancelling}@930b86b
11-20 07:30:45.871 I/WM-WorkerWrapper( 2334): Work [ id=57f248e9-27c9-4baa-bcea-f98e3ece0d1a, tags={ com.facebook.wearable.system.selfcare.cloudsync.SelfCareDataCloudSyncWorker } ] was cancelled
11-20 07:30:45.871 I/WM-WorkerWrapper( 2334): java.util.concurrent.CancellationException: Task was cancelled.
11-20 07:30:45.871 I/WM-WorkerWrapper( 2334): 	at androidx.work.impl.utils.futures.AbstractFuture.getDoneValue(:32)
11-20 07:30:45.871 I/WM-WorkerWrapper( 2334): 	at androidx.work.impl.utils.futures.AbstractFuture.get(:268435546)
11-20 07:30:45.871 I/WM-WorkerWrapper( 2334): 	at androidx.work.impl.WorkerWrapper$2.run(:3)
11-20 07:30:45.871 I/WM-WorkerWrapper( 2334): 	at androidx.work.impl.utils.SerialExecutor$Task.run(:2)
11-20 07:30:45.871 I/WM-WorkerWrapper( 2334): 	at java.util.concurrent.ThreadPoolExecutor.runWorker(ThreadPoolExecutor.java:1167)
11-20 07:30:45.871 I/WM-WorkerWrapper( 2334): 	at java.util.concurrent.ThreadPoolExecutor$Worker.run(ThreadPoolExecutor.java:641)
11-20 07:30:45.871 I/WM-WorkerWrapper( 2334): 	at java.lang.Thread.run(Thread.java:923)
11-20 07:30:45.995 D/SettingsSDK::SyncHelper( 2334): Read setting com.facebook.wearable.sdk.selfcare:SELFCARE_SERVICE_ENABLED from persistent cache
11-20 07:30:45.995 D/FacebookRepository( 2334): Reading from Store [906581286488774]
11-20 07:30:46.037 E/SelfCareDataCloudSyncWorker( 2334): Failed to get access token
11-20 07:30:46.037 E/SelfCareDataCloudSyncWorker( 2334): kotlinx.coroutines.JobCancellationException: Job was cancelled; job=JobImpl{Cancelling}@e22d99d
11-20 07:30:46.037 I/WM-WorkerWrapper( 2334): Work [ id=57f248e9-27c9-4baa-bcea-f98e3ece0d1a, tags={ com.facebook.wearable.system.selfcare.cloudsync.SelfCareDataCloudSyncWorker } ] was cancelled
11-20 07:30:46.037 I/WM-WorkerWrapper( 2334): java.util.concurrent.CancellationException: Task was cancelled.
11-20 07:30:46.037 I/WM-WorkerWrapper( 2334): 	at androidx.work.impl.utils.futures.AbstractFuture.getDoneValue(:32)
11-20 07:30:46.037 I/WM-WorkerWrapper( 2334): 	at androidx.work.impl.utils.futures.AbstractFuture.get(:268435546)
11-20 07:30:46.037 I/WM-WorkerWrapper( 2334): 	at androidx.work.impl.WorkerWrapper$2.run(:3)
11-20 07:30:46.037 I/WM-WorkerWrapper( 2334): 	at androidx.work.impl.utils.SerialExecutor$Task.run(:2)
11-20 07:30:46.037 I/WM-WorkerWrapper( 2334): 	at java.util.concurrent.ThreadPoolExecutor.runWorker(ThreadPoolExecutor.java:1167)
11-20 07:30:46.037 I/WM-WorkerWrapper( 2334): 	at java.util.concurrent.ThreadPoolExecutor$Worker.run(ThreadPoolExecutor.java:641)
11-20 07:30:46.037 I/WM-WorkerWrapper( 2334): 	at java.lang.Thread.run(Thread.java:923)
11-20 07:30:46.165 D/SettingsSDK::SyncHelper( 2334): Read setting com.facebook.wearable.sdk.selfcare:SELFCARE_SERVICE_ENABLED from persistent cache
11-20 07:30:46.166 D/FacebookRepository( 2334): Reading from Store [906581286488774]
11-20 07:30:46.203 E/SelfCareDataCloudSyncWorker( 2334): Failed to get access token
11-20 07:30:46.203 E/SelfCareDataCloudSyncWorker( 2334): kotlinx.coroutines.JobCancellationException: Job was cancelled; job=JobImpl{Cancelling}@3e9995e
11-20 07:30:46.203 I/WM-WorkerWrapper( 2334): Work [ id=57f248e9-27c9-4baa-bcea-f98e3ece0d1a, tags={ com.facebook.wearable.system.selfcare.cloudsync.SelfCareDataCloudSyncWorker } ] was cancelled
11-20 07:30:46.203 I/WM-WorkerWrapper( 2334): java.util.concurrent.CancellationException: Task was cancelled.
11-20 07:30:46.203 I/WM-WorkerWrapper( 2334): 	at androidx.work.impl.utils.futures.AbstractFuture.getDoneValue(:32)
11-20 07:30:46.203 I/WM-WorkerWrapper( 2334): 	at androidx.work.impl.utils.futures.AbstractFuture.get(:268435546)
11-20 07:30:46.203 I/WM-WorkerWrapper( 2334): 	at androidx.work.impl.WorkerWrapper$2.run(:3)
11-20 07:30:46.203 I/WM-WorkerWrapper( 2334): 	at androidx.work.impl.utils.SerialExecutor$Task.run(:2)
11-20 07:30:46.203 I/WM-WorkerWrapper( 2334): 	at java.util.concurrent.ThreadPoolExecutor.runWorker(ThreadPoolExecutor.java:1167)
11-20 07:30:46.203 I/WM-WorkerWrapper( 2334): 	at java.util.concurrent.ThreadPoolExecutor$Worker.run(ThreadPoolExecutor.java:641)
11-20 07:30:46.203 I/WM-WorkerWrapper( 2334): 	at java.lang.Thread.run(Thread.java:923)
11-20 07:30:46.341 D/SettingsSDK::SyncHelper( 2334): Read setting com.facebook.wearable.sdk.selfcare:SELFCARE_SERVICE_ENABLED from persistent cache
11-20 07:30:46.341 D/FacebookRepository( 2334): Reading from Store [906581286488774]
11-20 07:30:46.377 I/WM-WorkerWrapper( 2334): Work [ id=57f248e9-27c9-4baa-bcea-f98e3ece0d1a, tags={ com.facebook.wearable.system.selfcare.cloudsync.SelfCareDataCloudSyncWorker } ] was cancelled
11-20 07:30:46.377 I/WM-WorkerWrapper( 2334): java.util.concurrent.CancellationException: Task was cancelled.
11-20 07:30:46.377 I/WM-WorkerWrapper( 2334): 	at androidx.work.impl.utils.futures.AbstractFuture.getDoneValue(:32)
11-20 07:30:46.377 I/WM-WorkerWrapper( 2334): 	at androidx.work.impl.utils.futures.AbstractFuture.get(:268435546)
11-20 07:30:46.377 I/WM-WorkerWrapper( 2334): 	at androidx.work.impl.WorkerWrapper$2.run(:3)
11-20 07:30:46.377 I/WM-WorkerWrapper( 2334): 	at androidx.work.impl.utils.SerialExecutor$Task.run(:2)
11-20 07:30:46.377 I/WM-WorkerWrapper( 2334): 	at java.util.concurrent.ThreadPoolExecutor.runWorker(ThreadPoolExecutor.java:1167)
11-20 07:30:46.377 I/WM-WorkerWrapper( 2334): 	at java.util.concurrent.ThreadPoolExecutor$Worker.run(ThreadPoolExecutor.java:641)
11-20 07:30:46.377 I/WM-WorkerWrapper( 2334): 	at java.lang.Thread.run(Thread.java:923)
11-20 07:30:46.377 E/SelfCareDataCloudSyncWorker( 2334): Failed to get access token
11-20 07:30:46.377 E/SelfCareDataCloudSyncWorker( 2334): kotlinx.coroutines.JobCancellationException: Job was cancelled; job=JobImpl{Cancelling}@96cdbd1
11-20 07:30:46.503 D/SettingsSDK::SyncHelper( 2334): Read setting com.facebook.wearable.sdk.selfcare:SELFCARE_SERVICE_ENABLED from persistent cache
11-20 07:30:46.504 D/FacebookRepository( 2334): Reading from Store [906581286488774]
11-20 07:30:46.543 E/SelfCareDataCloudSyncWorker( 2334): Failed to get access token
11-20 07:30:46.543 E/SelfCareDataCloudSyncWorker( 2334): kotlinx.coroutines.JobCancellationException: Job was cancelled; job=JobImpl{Cancelling}@3debfc2
11-20 07:30:46.544 I/WM-WorkerWrapper( 2334): Work [ id=57f248e9-27c9-4baa-bcea-f98e3ece0d1a, tags={ com.facebook.wearable.system.selfcare.cloudsync.SelfCareDataCloudSyncWorker } ] was cancelled
11-20 07:30:46.544 I/WM-WorkerWrapper( 2334): java.util.concurrent.CancellationException: Task was cancelled.
11-20 07:30:46.544 I/WM-WorkerWrapper( 2334): 	at androidx.work.impl.utils.futures.AbstractFuture.getDoneValue(:32)
11-20 07:30:46.544 I/WM-WorkerWrapper( 2334): 	at androidx.work.impl.utils.futures.AbstractFuture.get(:268435546)
11-20 07:30:46.544 I/WM-WorkerWrapper( 2334): 	at androidx.work.impl.WorkerWrapper$2.run(:3)
11-20 07:30:46.544 I/WM-WorkerWrapper( 2334): 	at androidx.work.impl.utils.SerialExecutor$Task.run(:2)
11-20 07:30:46.544 I/WM-WorkerWrapper( 2334): 	at java.util.concurrent.ThreadPoolExecutor.runWorker(ThreadPoolExecutor.java:1167)
11-20 07:30:46.544 I/WM-WorkerWrapper( 2334): 	at java.util.concurrent.ThreadPoolExecutor$Worker.run(ThreadPoolExecutor.java:641)
11-20 07:30:46.544 I/WM-WorkerWrapper( 2334): 	at java.lang.Thread.run(Thread.java:923)
11-20 07:30:46.641 D/SettingsSDK::SyncHelper( 2334): Read setting com.facebook.wearable.sdk.selfcare:SELFCARE_SERVICE_ENABLED from persistent cache
11-20 07:30:46.641 D/FacebookRepository( 2334): Reading from Store [906581286488774]
11-20 07:30:46.670 E/SelfCareDataCloudSyncWorker( 2334): Failed to get access token
11-20 07:30:46.670 E/SelfCareDataCloudSyncWorker( 2334): kotlinx.coroutines.JobCancellationException: Job was cancelled; job=JobImpl{Cancelling}@35d07c5
11-20 07:30:46.670 I/WM-WorkerWrapper( 2334): Work [ id=57f248e9-27c9-4baa-bcea-f98e3ece0d1a, tags={ com.facebook.wearable.system.selfcare.cloudsync.SelfCareDataCloudSyncWorker } ] was cancelled
11-20 07:30:46.670 I/WM-WorkerWrapper( 2334): java.util.concurrent.CancellationException: Task was cancelled.
11-20 07:30:46.670 I/WM-WorkerWrapper( 2334): 	at androidx.work.impl.utils.futures.AbstractFuture.getDoneValue(:32)
11-20 07:30:46.670 I/WM-WorkerWrapper( 2334): 	at androidx.work.impl.utils.futures.AbstractFuture.get(:268435546)
11-20 07:30:46.670 I/WM-WorkerWrapper( 2334): 	at androidx.work.impl.WorkerWrapper$2.run(:3)
11-20 07:30:46.670 I/WM-WorkerWrapper( 2334): 	at androidx.work.impl.utils.SerialExecutor$Task.run(:2)
11-20 07:30:46.670 I/WM-WorkerWrapper( 2334): 	at java.util.concurrent.ThreadPoolExecutor.runWorker(ThreadPoolExecutor.java:1167)
11-20 07:30:46.670 I/WM-WorkerWrapper( 2334): 	at java.util.concurrent.ThreadPoolExecutor$Worker.run(ThreadPoolExecutor.java:641)
11-20 07:30:46.670 I/WM-WorkerWrapper( 2334): 	at java.lang.Thread.run(Thread.java:923)
11-20 07:30:46.768 D/SettingsSDK::SyncHelper( 2334): Read setting com.facebook.wearable.sdk.selfcare:SELFCARE_SERVICE_ENABLED from persistent cache
11-20 07:30:46.769 D/FacebookRepository( 2334): Reading from Store [906581286488774]
11-20 07:30:46.801 E/SelfCareDataCloudSyncWorker( 2334): Failed to get access token
11-20 07:30:46.801 E/SelfCareDataCloudSyncWorker( 2334): kotlinx.coroutines.JobCancellationException: Job was cancelled; job=JobImpl{Cancelling}@18b9e27
11-20 07:30:46.801 I/WM-WorkerWrapper( 2334): Work [ id=57f248e9-27c9-4baa-bcea-f98e3ece0d1a, tags={ com.facebook.wearable.system.selfcare.cloudsync.SelfCareDataCloudSyncWorker } ] was cancelled
11-20 07:30:46.801 I/WM-WorkerWrapper( 2334): java.util.concurrent.CancellationException: Task was cancelled.
11-20 07:30:46.801 I/WM-WorkerWrapper( 2334): 	at androidx.work.impl.utils.futures.AbstractFuture.getDoneValue(:32)
11-20 07:30:46.801 I/WM-WorkerWrapper( 2334): 	at androidx.work.impl.utils.futures.AbstractFuture.get(:268435546)
11-20 07:30:46.801 I/WM-WorkerWrapper( 2334): 	at androidx.work.impl.WorkerWrapper$2.run(:3)
11-20 07:30:46.801 I/WM-WorkerWrapper( 2334): 	at androidx.work.impl.utils.SerialExecutor$Task.run(:2)
11-20 07:30:46.801 I/WM-WorkerWrapper( 2334): 	at java.util.concurrent.ThreadPoolExecutor.runWorker(ThreadPoolExecutor.java:1167)
11-20 07:30:46.801 I/WM-WorkerWrapper( 2334): 	at java.util.concurrent.ThreadPoolExecutor$Worker.run(ThreadPoolExecutor.java:641)
11-20 07:30:46.801 I/WM-WorkerWrapper( 2334): 	at java.lang.Thread.run(Thread.java:923)
11-20 07:30:46.919 D/SettingsSDK::SyncHelper( 2334): Read setting com.facebook.wearable.sdk.selfcare:SELFCARE_SERVICE_ENABLED from persistent cache
11-20 07:30:46.919 D/FacebookRepository( 2334): Reading from Store [906581286488774]
11-20 07:30:46.950 E/SelfCareDataCloudSyncWorker( 2334): Failed to get access token
11-20 07:30:46.950 E/SelfCareDataCloudSyncWorker( 2334): kotlinx.coroutines.JobCancellationException: Job was cancelled; job=JobImpl{Cancelling}@42f3179
11-20 07:30:46.950 I/WM-WorkerWrapper( 2334): Work [ id=57f248e9-27c9-4baa-bcea-f98e3ece0d1a, tags={ com.facebook.wearable.system.selfcare.cloudsync.SelfCareDataCloudSyncWorker } ] was cancelled
11-20 07:30:46.950 I/WM-WorkerWrapper( 2334): java.util.concurrent.CancellationException: Task was cancelled.
11-20 07:30:46.950 I/WM-WorkerWrapper( 2334): 	at androidx.work.impl.utils.futures.AbstractFuture.getDoneValue(:32)
11-20 07:30:46.950 I/WM-WorkerWrapper( 2334): 	at androidx.work.impl.utils.futures.AbstractFuture.get(:268435546)
11-20 07:30:46.950 I/WM-WorkerWrapper( 2334): 	at androidx.work.impl.WorkerWrapper$2.run(:3)
11-20 07:30:46.950 I/WM-WorkerWrapper( 2334): 	at androidx.work.impl.utils.SerialExecutor$Task.run(:2)
11-20 07:30:46.950 I/WM-WorkerWrapper( 2334): 	at java.util.concurrent.ThreadPoolExecutor.runWorker(ThreadPoolExecutor.java:1167)
11-20 07:30:46.950 I/WM-WorkerWrapper( 2334): 	at java.util.concurrent.ThreadPoolExecutor$Worker.run(ThreadPoolExecutor.java:641)
11-20 07:30:46.950 I/WM-WorkerWrapper( 2334): 	at java.lang.Thread.run(Thread.java:923)
11-20 07:30:47.071 D/SettingsSDK::SyncHelper( 2334): Read setting com.facebook.wearable.sdk.selfcare:SELFCARE_SERVICE_ENABLED from persistent cache
11-20 07:30:47.072 D/FacebookRepository( 2334): Reading from Store [906581286488774]
11-20 07:30:47.112 E/SelfCareDataCloudSyncWorker( 2334): Failed to get access token
11-20 07:30:47.112 E/SelfCareDataCloudSyncWorker( 2334): kotlinx.coroutines.JobCancellationException: Job was cancelled; job=JobImpl{Cancelling}@2ec68ca
11-20 07:30:47.112 I/WM-WorkerWrapper( 2334): Work [ id=57f248e9-27c9-4baa-bcea-f98e3ece0d1a, tags={ com.facebook.wearable.system.selfcare.cloudsync.SelfCareDataCloudSyncWorker } ] was cancelled
11-20 07:30:47.112 I/WM-WorkerWrapper( 2334): java.util.concurrent.CancellationException: Task was cancelled.
11-20 07:30:47.112 I/WM-WorkerWrapper( 2334): 	at androidx.work.impl.utils.futures.AbstractFuture.getDoneValue(:32)
11-20 07:30:47.112 I/WM-WorkerWrapper( 2334): 	at androidx.work.impl.utils.futures.AbstractFuture.get(:268435546)
11-20 07:30:47.112 I/WM-WorkerWrapper( 2334): 	at androidx.work.impl.WorkerWrapper$2.run(:3)
11-20 07:30:47.112 I/WM-WorkerWrapper( 2334): 	at androidx.work.impl.utils.SerialExecutor$Task.run(:2)
11-20 07:30:47.112 I/WM-WorkerWrapper( 2334): 	at java.util.concurrent.ThreadPoolExecutor.runWorker(ThreadPoolExecutor.java:1167)
11-20 07:30:47.112 I/WM-WorkerWrapper( 2334): 	at java.util.concurrent.ThreadPoolExecutor$Worker.run(ThreadPoolExecutor.java:641)
11-20 07:30:47.112 I/WM-WorkerWrapper( 2334): 	at java.lang.Thread.run(Thread.java:923)
11-20 07:30:47.243 D/SettingsSDK::SyncHelper( 2334): Read setting com.facebook.wearable.sdk.selfcare:SELFCARE_SERVICE_ENABLED from persistent cache
11-20 07:30:47.244 D/FacebookRepository( 2334): Reading from Store [906581286488774]
11-20 07:30:47.278 E/SelfCareDataCloudSyncWorker( 2334): Failed to get access token
11-20 07:30:47.278 E/SelfCareDataCloudSyncWorker( 2334): kotlinx.coroutines.JobCancellationException: Job was cancelled; job=JobImpl{Cancelling}@316eced
11-20 07:30:47.279 I/WM-WorkerWrapper( 2334): Work [ id=57f248e9-27c9-4baa-bcea-f98e3ece0d1a, tags={ com.facebook.wearable.system.selfcare.cloudsync.SelfCareDataCloudSyncWorker } ] was cancelled
11-20 07:30:47.279 I/WM-WorkerWrapper( 2334): java.util.concurrent.CancellationException: Task was cancelled.
