11-19 17:10:46.495 D/ConnectivityService( 1194): Switching to new default network: NetworkAgentInfo{ ni{[type: MOBILE[LTE], state: CONNECTED/CONNECTED, reason: (unspecified), extra: nxtgenphone, failover: false, available: true, roaming: false]}  network{100}  nethandle{432902426637}  lp{{InterfaceName: rmnet_data2 LinkAddresses: [ 10.129.103.196/29,2600:380:c119:24f:b89a:9f3c:46c1:95af/64 ] DnsAddresses: [ /172.26.38.1,/fc00:a:a::300 ] Domains: null MTU: 1430 TcpBufferSizes: 2097152,4194304,8388608,262144,524288,1048576 Routes: [ 0.0.0.0/0 -> 10.129.103.197 rmnet_data2 mtu 1430,::/0 -> fe80::b45f:41f1:1846:969d rmnet_data2 mtu 1430,10.129.103.192/29 -> 0.0.0.0 rmnet_data2 mtu 0,2600:380:c119:24f::/64 -> :: rmnet_data2 mtu 0 ]}}  nc{[ Transports: CELLULAR Capabilities: MMS&SUPL&FOTA&INTERNET&NOT_RESTRICTED&TRUSTED&NOT_VPN&VALIDATED&NOT_ROAMING&NOT_CONGESTED&NOT_SUSPENDED LinkUpBandwidth>=15000Kbps LinkDnBandwidth>=30000Kbps Specifier: <TelephonyNetworkSpecifier [mSubId = 1]> AdministratorUids: [] RequestorUid: -1 RequestorPackageName: null]}  Score{50}  everValidated{true}  lastValidated{true}  created{true} lingering{false} explicitlySelected{false} acceptUnvalidated{false} everCaptivePortalDetected{false} lastCaptivePortalDetected{false} partialConnectivity{false} acceptPartialConnectivity{false} clat{mBaseIface: null, mIface: null, mState: IDLE} }
11-19 17:10:46.747 D/ConnectivityService( 1194): Sending CONNECTED broadcast for type 0 [100 CELLULAR] isDefaultNetwork=true
11-19 17:10:50.753 D/AutofillManagerService( 1194): onBackKeyPressed()
11-19 17:10:51.286 I/chatty  ( 1194): uid=1000(system) android.ui identical 1 line
11-19 17:10:51.808 D/AutofillManagerService( 1194): onBackKeyPressed()
11-19 17:10:52.275 D/commandrouter( 1117): rtc_sync (1, rtc:sync): <ServiceRequest> FORWARDED (remote -> local) service client ID = 0, token ID = 33263
11-19 17:10:52.275 D/commandrouter( 1117): SocServiceHandle::onServiceMessage, SoC Service = rtc_sync, appType = 1, type = SVC_RESP, clientId = 0, token = 33263, payloadLen = 8, result = 0, payload.size() = 8
11-19 17:10:53.717 D/AutofillManagerService( 1194): onBackKeyPressed()
11-19 17:10:54.629 D/AutofillManagerService( 1194): onBackKeyPressed()
11-19 17:10:54.970 D/AnalyticsLogger( 1194): sent events: 11
11-19 17:10:55.291 E/TaskPersister( 1194): File error accessing recents directory (directory doesn't exist?).
11-19 17:10:55.623 D/AutofillManagerService( 1194): onBackKeyPressed()
11-19 17:10:56.622 I/chatty  ( 1194): uid=1000(system) android.ui identical 1 line
11-19 17:10:57.632 D/AutofillManagerService( 1194): onBackKeyPressed()
11-19 17:10:58.142 W/ActivityManager( 1194): Invalid packageName: com.facebook.wearable.system.settings/com.facebook.wearable.system.settings.SettingsActivity
11-19 17:10:58.250 I/ActivityTaskManager( 1194): START u0 {flg=0x10000000 cmp=com.facebook.wearable.system.settings/.SettingsActivity} from uid 0
11-19 17:10:58.269 I/ActivityTaskManager( 1194): The Process com.facebook.wearable.system.settings Already Exists in BG. So sending its PID: 2752
11-19 17:10:58.270 W/ActivityTaskManager( 1194): Tried to set launchTime (0) < mLastActivityLaunchTime (4984531)
11-19 17:11:01.854 E/TaskPersister( 1194): File error accessing recents directory (directory doesn't exist?).
11-19 17:11:02.272 D/commandrouter( 1117): rtc_sync (1, rtc:sync): <ServiceRequest> FORWARDED (remote -> local) service client ID = 0, token ID = 33264
11-19 17:11:02.273 D/commandrouter( 1117): SocServiceHandle::onServiceMessage, SoC Service = rtc_sync, appType = 1, type = SVC_RESP, clientId = 0, token = 33264, payloadLen = 8, result = 0, payload.size() = 8
11-19 17:11:05.014 W/ContextImpl( 1194): Calling a method in the system process without a qualified user: android.app.ContextImpl.sendBroadcastMultiplePermissions:1143 android.content.Context.sendBroadcastWithMultiplePermissions:2150 com.android.server.display.WifiDisplayAdapter.handleSendStatusChangeBroadcast:440 com.android.server.display.WifiDisplayAdapter.access$1700:63 com.android.server.display.WifiDisplayAdapter$WifiDisplayHandler.handleMessage:675 
11-19 17:11:05.760 D/commandrouter( 1117): SocServiceHandle::onServiceMessage, SoC Service = mcu_healthcheck_946, appType = 1, type = SVC_REQ, clientId = 0, token = 82, payloadLen = 20, result = 0, payload.size() = 20
11-19 17:11:05.766 D/commandrouter( 1117): mcu_healthcheck_946 (1, merlot:mcu_health:control): <ServiceResponse> FORWARDED (remote -> local) CR token ID = 82, service client ID = 6, token ID = 585, result = 0
11-19 17:11:06.075 W/ContextImpl( 1194): Calling a method in the system process without a qualified user: android.app.ContextImpl.sendBroadcastMultiplePermissions:1143 android.content.Context.sendBroadcastWithMultiplePermissions:2150 com.android.server.wifi.p2p.WifiP2pServiceImpl$P2pStateMachine.sendBroadcastMultiplePermissions:3209 com.android.server.wifi.p2p.WifiP2pServiceImpl$P2pStateMachine.sendP2pConnectionChangedBroadcast:3236 com.android.server.wifi.p2p.WifiP2pServiceImpl$P2pStateMachine.access$5100:768 
11-19 17:11:06.078 W/BroadcastQueue( 1194): Permission Denial: receiving Intent { act=android.net.wifi.p2p.CONNECTION_STATE_CHANGE flg=0x24000010 (has extras) } to ProcessRecord{ba73 1900:.qtidataservices/u0a89} (pid=1900, uid=10089) requires android.permission.ACCESS_FINE_LOCATION due to sender android (uid 1000)
11-19 17:11:06.082 W/ContextImpl( 1194): Calling a method in the system process without a qualified user: android.app.ContextImpl.sendBroadcastMultiplePermissions:1143 android.content.Context.sendBroadcastWithMultiplePermissions:2150 com.android.server.wifi.p2p.WifiP2pServiceImpl$P2pStateMachine.sendBroadcastMultiplePermissions:3209 com.android.server.wifi.p2p.WifiP2pServiceImpl$P2pStateMachine.sendThisDeviceChangedBroadcast:3218 com.android.server.wifi.p2p.WifiP2pServiceImpl$P2pStateMachine.updateThisDevice:3962 
11-19 17:11:06.111 W/wificond(  906): Scan is not started. Ignore abort request
11-19 17:11:06.536 D/ConnectivityService( 1194): registerNetworkAgent NetworkAgentInfo{ ni{[type: WIFI[], state: UNKNOWN/IDLE, reason: (unspecified), extra: , failover: false, available: true, roaming: false]}  network{108}  nethandle{467262165005}  lp{{InterfaceName: wlan0 LinkAddresses: [ ] DnsAddresses: [ ] Domains: null MTU: 0 Routes: [ ]}}  nc{[ Transports: WIFI Capabilities: NOT_METERED&INTERNET&NOT_RESTRICTED&TRUSTED&NOT_VPN&NOT_ROAMING&FOREGROUND&NOT_CONGESTED&NOT_SUSPENDED LinkUpBandwidth>=72000Kbps LinkDnBandwidth>=72000Kbps OwnerUid: 1000 SSID: "MTBF_Lab" RequestorUid: -1 RequestorPackageName: null]}  Score{20}  everValidated{false}  lastValidated{false}  created{false} lingering{false} explicitlySelected{false} acceptUnvalidated{false} everCaptivePortalDetected{false} lastCaptivePortalDetected{false} partialConnectivity{false} acceptPartialConnectivity{false} clat{mBaseIface: null, mIface: null, mState: IDLE} }
11-19 17:11:06.552 D/ConnectivityService( 1194): [108 WIFI] EVENT_NETWORK_INFO_CHANGED, going from UNKNOWN to UNKNOWN
11-19 17:11:06.700 D/ConnectivityService( 1194): NetReassign [no changes]
11-19 17:11:06.743 I/Nat464Xlat( 1194): Android Xlat is disabled
11-19 17:11:06.743 I/Nat464Xlat( 1194): Android Xlat is disabled
11-19 17:11:06.858 E/ConnectivityService( 1194): Exception in networkAddRouteParcel for non-gateway: android.os.ServiceSpecificException: Machine is not on the network (code 64)
11-19 17:11:06.859 E/ConnectivityService( 1194): Exception in networkAddRouteParcel for gateway: android.os.ServiceSpecificException: Machine is not on the network (code 64)
11-19 17:11:06.859 I/Nat464Xlat( 1194): Android Xlat is disabled
11-19 17:11:06.859 I/Nat464Xlat( 1194): Android Xlat is disabled
11-19 17:11:07.005 D/ConnectivityService( 1194): Setting DNS servers for network 108 to [/192.168.1.1]
11-19 17:11:07.005 I/Nat464Xlat( 1194): Android Xlat is disabled
11-19 17:11:07.005 I/Nat464Xlat( 1194): Android Xlat is disabled
11-19 17:11:07.059 D/commandrouter( 1117): SocServiceHandle::onServiceMessage, SoC Service = mcu_healthcheck_1118, appType = 1, type = SVC_REQ, clientId = 0, token = 165, payloadLen = 12, result = 0, payload.size() = 12
11-19 17:11:07.062 D/commandrouter( 1117): mcu_healthcheck_1118 (1, merlot:mcu_health:control): <ServiceResponse> FORWARDED (remote -> local) CR token ID = 165, service client ID = 40, token ID = 586, result = 0
11-19 17:11:07.063 D/mculinkhealth( 1118): isMcuReachable 1 (3 ms)
11-19 17:11:07.097 D/ConnectivityService( 1194): [108 WIFI] EVENT_NETWORK_INFO_CHANGED, going from UNKNOWN to CONNECTED
11-19 17:11:07.099 D/DnsManager( 1194): sendDnsConfigurationForNetwork(108, [192.168.1.1], [], 1800, 25, 8, 64, 0, 0, , [])
11-19 17:11:07.101 W/DnsManager( 1194): updatePrivateDns(108, PrivateDnsConfig{true:/[]})
11-19 17:11:07.101 D/ConnectivityService( 1194): Setting DNS servers for network 108 to [/192.168.1.1]
11-19 17:11:07.102 D/DnsManager( 1194): sendDnsConfigurationForNetwork(108, [192.168.1.1], [], 1800, 25, 8, 64, 0, 0, , [192.168.1.1])
11-19 17:11:07.105 D/ConnectivityService( 1194): Adding iface wlan0 to network 108
11-19 17:11:07.123 D/ConnectivityService( 1194): Setting DNS servers for network 108 to [/192.168.1.1]
11-19 17:11:07.123 D/DnsManager( 1194): sendDnsConfigurationForNetwork(108, [192.168.1.1], [], 1800, 25, 8, 64, 0, 0, , [192.168.1.1])
11-19 17:11:07.125 I/Nat464Xlat( 1194): Android Xlat is disabled
11-19 17:11:07.125 I/Nat464Xlat( 1194): Android Xlat is disabled
11-19 17:11:07.180 D/ConnectivityService( 1194): NetReassign [no changes]
11-19 17:11:07.373 D/ConnectivityService( 1194): [108 WIFI] validation passed
11-19 17:11:07.374 D/ConnectivityService( 1194): NetReassign [8 : 100 → 108, 20 : 100 → 108, 46 : 100 → 108, 52 : 100 → 108, 45 : 100 → 108, 54 : 100 → 108, 12 : 100 → 108, 22 : 100 → 108, 16 : 100 → 108, 49 : 100 → 108, 14 : 100 → 108, 50 : 100 → 108, 18 : 100 → 108, 53 : 100 → 108, 78 : 100 → 108, 11 : 100 → 108, 1 : 100 → 108, 69 : 100 → 108, 17 : 100 → 108]
11-19 17:11:07.377 E/NetlinkEvent(  459): NetlinkEvent::FindParam(): Parameter 'INTERFACE' not found
11-19 17:11:07.377 E/NetlinkEvent(  459): NetlinkEvent::FindParam(): Parameter 'STATE' not found
11-19 17:11:07.377 E/NetlinkEvent(  459): NetlinkEvent::FindParam(): Parameter 'TIME_NS' not found
11-19 17:11:07.377 E/NetlinkEvent(  459): NetlinkEvent::FindParam(): Parameter 'UID' not found
11-19 17:11:07.393 D/ConnectivityService( 1194): Switching to new default network: NetworkAgentInfo{ ni{[type: WIFI[], state: CONNECTED/CONNECTED, reason: (unspecified), extra: , failover: false, available: true, roaming: false]}  network{108}  nethandle{467262165005}  lp{{InterfaceName: wlan0 LinkAddresses: [ 192.168.1.39/24 ] DnsAddresses: [ /192.168.1.1 ] Domains: null MTU: 0 ServerAddress: /192.168.1.1 TcpBufferSizes: 524288,1048576,2097152,262144,524288,1048576 Routes: [ fe80::/64 -> :: wlan0 mtu 0,192.168.1.0/24 -> 0.0.0.0 wlan0 mtu 0,0.0.0.0/0 -> 192.168.1.1 wlan0 mtu 0 ]}}  nc{[ Transports: WIFI Capabilities: NOT_METERED&INTERNET&NOT_RESTRICTED&TRUSTED&NOT_VPN&VALIDATED&NOT_ROAMING&FOREGROUND&NOT_CONGESTED&NOT_SUSPENDED LinkUpBandwidth>=70000Kbps LinkDnBandwidth>=70000Kbps SignalStrength: -32 OwnerUid: 1000 SSID: "MTBF_Lab" RequestorUid: -1 RequestorPackageName: null]}  Score{60}  everValidated{true}  lastValidated{true}  created{true} lingering{false} explicitlySelected{false} acceptUnvalidated{false} everCaptivePortalDetected{false} lastCaptivePortalDetected{false} partialConnectivity{false} acceptPartialConnectivity{false} clat{mBaseIface: null, mIface: null, mState: IDLE} }
11-19 17:11:07.528 D/ConnectivityService( 1194): Lingering [100 CELLULAR] for 30000ms
11-19 17:11:07.530 D/ConnectivityService( 1194): Sending DISCONNECTED broadcast for type 0 [100 CELLULAR] isDefaultNetwork=true
11-19 17:11:07.537 D/ConnectivityService( 1194): Sending CONNECTED broadcast for type 1 [108 WIFI] isDefaultNetwork=true
11-19 17:11:07.581 D/ConnectivityService( 1194): Setting DNS servers for network 108 to [/192.168.1.1]
11-19 17:11:07.582 D/DnsManager( 1194): sendDnsConfigurationForNetwork(108, [192.168.1.1], [], 1800, 25, 8, 64, 0, 0, , [192.168.1.1])
11-19 17:11:07.821 I/Nat464Xlat( 1194): Android Xlat is disabled
11-19 17:11:07.821 I/Nat464Xlat( 1194): Android Xlat is disabled
11-19 17:11:12.270 D/commandrouter( 1117): rtc_sync (1, rtc:sync): <ServiceRequest> FORWARDED (remote -> local) service client ID = 0, token ID = 33265
11-19 17:11:12.271 D/commandrouter( 1117): SocServiceHandle::onServiceMessage, SoC Service = rtc_sync, appType = 1, type = SVC_RESP, clientId = 0, token = 33265, payloadLen = 8, result = 0, payload.size() = 8
11-19 17:11:22.270 D/commandrouter( 1117): rtc_sync (1, rtc:sync): <ServiceRequest> FORWARDED (remote -> local) service client ID = 0, token ID = 33266
11-19 17:11:22.271 D/commandrouter( 1117): SocServiceHandle::onServiceMessage, SoC Service = rtc_sync, appType = 1, type = SVC_RESP, clientId = 0, token = 33266, payloadLen = 8, result = 0, payload.size() = 8
11-19 17:11:24.348 D/AppStorageManager( 1194): BEFORE:: Previous Size: 1061097472 Current Size: 1060982784
11-19 17:11:24.348 D/AppStorageManager( 1194): AFTER:: Previous Size: 1060982784 Current Size: 1060982784
11-19 17:11:26.317 D/AutofillManagerService( 1194): onBackKeyPressed()
11-19 17:11:27.378 I/chatty  ( 1194): uid=1000(system) android.ui identical 2 lines
11-19 17:11:28.629 D/AutofillManagerService( 1194): onBackKeyPressed()
11-19 17:11:29.151 W/ActivityManager( 1194): Invalid packageName: com.facebook.wearable.system.settings/com.facebook.wearable.system.settings.SettingsActivity
11-19 17:11:29.272 I/ActivityTaskManager( 1194): START u0 {flg=0x10000000 cmp=com.facebook.wearable.system.settings/.SettingsActivity} from uid 0
11-19 17:11:29.291 I/ActivityTaskManager( 1194): The Process com.facebook.wearable.system.settings Already Exists in BG. So sending its PID: 2752
11-19 17:11:29.292 W/ActivityTaskManager( 1194): Tried to set launchTime (0) < mLastActivityLaunchTime (5004535)
11-19 17:11:31.962 E/TaskPersister( 1194): File error accessing recents directory (directory doesn't exist?).
11-19 17:11:32.271 D/commandrouter( 1117): rtc_sync (1, rtc:sync): <ServiceRequest> FORWARDED (remote -> local) service client ID = 0, token ID = 33267
11-19 17:11:32.272 D/commandrouter( 1117): SocServiceHandle::onServiceMessage, SoC Service = rtc_sync, appType = 1, type = SVC_RESP, clientId = 0, token = 33267, payloadLen = 8, result = 0, payload.size() = 8
11-19 17:11:36.869 W/ContextImpl( 1194): Calling a method in the system process without a qualified user: android.app.ContextImpl.sendBroadcastMultiplePermissions:1143 android.content.Context.sendBroadcastWithMultiplePermissions:2150 com.android.server.display.WifiDisplayAdapter.handleSendStatusChangeBroadcast:440 com.android.server.display.WifiDisplayAdapter.access$1700:63 com.android.server.display.WifiDisplayAdapter$WifiDisplayHandler.handleMessage:675 
11-19 17:11:37.064 D/commandrouter( 1117): SocServiceHandle::onServiceMessage, SoC Service = mcu_healthcheck_1118, appType = 1, type = SVC_REQ, clientId = 0, token = 166, payloadLen = 12, result = 0, payload.size() = 12
11-19 17:11:37.067 D/commandrouter( 1117): mcu_healthcheck_1118 (1, merlot:mcu_health:control): <ServiceResponse> FORWARDED (remote -> local) CR token ID = 166, service client ID = 40, token ID = 587, result = 0
11-19 17:11:37.067 D/mculinkhealth( 1118): isMcuReachable 1 (3 ms)
11-19 17:11:37.346 D/ConnectivityService( 1194): [108 WIFI] EVENT_NETWORK_INFO_CHANGED, going from CONNECTED to DISCONNECTED
11-19 17:11:37.346 D/ConnectivityService( 1194): [108 WIFI] disconnected, was satisfying 30
11-19 17:11:37.444 I/Nat464Xlat( 1194): Android Xlat is disabled
11-19 17:11:37.444 I/Nat464Xlat( 1194): Android Xlat is disabled
11-19 17:11:37.481 D/ConnectivityService( 1194): Sending DISCONNECTED broadcast for type 1 [108 WIFI] isDefaultNetwork=true
11-19 17:11:37.493 D/ConnectivityService( 1194): NetReassign [8 : null → 100, 20 : null → 100, 46 : null → 100, 52 : null → 100, 45 : null → 100, 54 : null → 100, 12 : null → 100, 22 : null → 100, 16 : null → 100, 49 : null → 100, 14 : null → 100, 50 : null → 100, 18 : null → 100, 53 : null → 100, 78 : null → 100, 11 : null → 100, 1 : null → 100, 69 : null → 100, 17 : null → 100]
11-19 17:11:37.502 E/NetlinkEvent(  459): NetlinkEvent::FindParam(): Parameter 'INTERFACE' not found
11-19 17:11:37.502 E/NetlinkEvent(  459): NetlinkEvent::FindParam(): Parameter 'STATE' not found
11-19 17:11:37.502 E/NetlinkEvent(  459): NetlinkEvent::FindParam(): Parameter 'TIME_NS' not found
11-19 17:11:37.502 E/NetlinkEvent(  459): NetlinkEvent::FindParam(): Parameter 'UID' not found
11-19 17:11:37.551 D/ConnectivityService( 1194): Switching to new default network: NetworkAgentInfo{ ni{[type: MOBILE[LTE], state: CONNECTED/CONNECTED, reason: (unspecified), extra: nxtgenphone, failover: false, available: true, roaming: false]}  network{100}  nethandle{432902426637}  lp{{InterfaceName: rmnet_data2 LinkAddresses: [ 10.129.103.196/29,2600:380:c119:24f:b89a:9f3c:46c1:95af/64 ] DnsAddresses: [ /172.26.38.1,/fc00:a:a::300 ] Domains: null MTU: 1430 TcpBufferSizes: 2097152,4194304,8388608,262144,524288,1048576 Routes: [ 0.0.0.0/0 -> 10.129.103.197 rmnet_data2 mtu 1430,::/0 -> fe80::b45f:41f1:1846:969d rmnet_data2 mtu 1430,10.129.103.192/29 -> 0.0.0.0 rmnet_data2 mtu 0,2600:380:c119:24f::/64 -> :: rmnet_data2 mtu 0 ]}}  nc{[ Transports: CELLULAR Capabilities: MMS&SUPL&FOTA&INTERNET&NOT_RESTRICTED&TRUSTED&NOT_VPN&VALIDATED&NOT_ROAMING&FOREGROUND&NOT_CONGESTED&NOT_SUSPENDED LinkUpBandwidth>=15000Kbps LinkDnBandwidth>=30000Kbps Specifier: <TelephonyNetworkSpecifier [mSubId = 1]> AdministratorUids: [] RequestorUid: -1 RequestorPackageName: null]}  Score{50}  everValidated{true}  lastValidated{true}  created{true} lingering{true} explicitlySelected{false} acceptUnvalidated{false} everCaptivePortalDetected{false} lastCaptivePortalDetected{false} partialConnectivity{false} acceptPartialConnectivity{false} clat{mBaseIface: null, mIface: null, mState: IDLE} }
11-19 17:11:37.730 D/ConnectivityService( 1194): Unlingering [100 CELLULAR]
11-19 17:11:37.730 D/ConnectivityService( 1194): Sending CONNECTED broadcast for type 0 [100 CELLULAR] isDefaultNetwork=true
11-19 17:11:41.824 D/AutofillManagerService( 1194): onBackKeyPressed()
11-19 17:11:42.272 D/commandrouter( 1117): rtc_sync (1, rtc:sync): <ServiceRequest> FORWARDED (remote -> local) service client ID = 0, token ID = 33268
11-19 17:11:42.273 D/commandrouter( 1117): SocServiceHandle::onServiceMessage, SoC Service = rtc_sync, appType = 1, type = SVC_RESP, clientId = 0, token = 33268, payloadLen = 8, result = 0, payload.size() = 8
11-19 17:11:42.352 D/AutofillManagerService( 1194): onBackKeyPressed()
11-19 17:11:44.635 I/chatty  ( 1194): uid=1000(system) android.ui identical 2 lines
11-19 17:11:45.625 D/AutofillManagerService( 1194): onBackKeyPressed()
11-19 17:11:46.386 E/TaskPersister( 1194): File error accessing recents directory (directory doesn't exist?).
11-19 17:11:46.623 D/AutofillManagerService( 1194): onBackKeyPressed()
11-19 17:11:47.617 I/chatty  ( 1194): uid=1000(system) android.ui identical 1 line
11-19 17:11:48.636 D/AutofillManagerService( 1194): onBackKeyPressed()
11-19 17:11:49.150 W/ActivityManager( 1194): Invalid packageName: com.facebook.wearable.system.settings/com.facebook.wearable.system.settings.SettingsActivity
11-19 17:11:49.272 I/ActivityTaskManager( 1194): START u0 {flg=0x10000000 cmp=com.facebook.wearable.system.settings/.SettingsActivity} from uid 0
11-19 17:11:49.291 I/ActivityTaskManager( 1194): The Process com.facebook.wearable.system.settings Already Exists in BG. So sending its PID: 2752
11-19 17:11:49.292 W/ActivityTaskManager( 1194): Tried to set launchTime (0) < mLastActivityLaunchTime (5035557)
11-19 17:11:52.269 D/commandrouter( 1117): rtc_sync (1, rtc:sync): <ServiceRequest> FORWARDED (remote -> local) service client ID = 0, token ID = 33269
11-19 17:11:52.269 D/commandrouter( 1117): SocServiceHandle::onServiceMessage, SoC Service = rtc_sync, appType = 1, type = SVC_RESP, clientId = 0, token = 33269, payloadLen = 8, result = 0, payload.size() = 8
11-19 17:11:53.434 E/TaskPersister( 1194): File error accessing recents directory (directory doesn't exist?).
11-19 17:11:55.330 W/ContextImpl( 1194): Calling a method in the system process without a qualified user: android.app.ContextImpl.sendBroadcastMultiplePermissions:1143 android.content.Context.sendBroadcastWithMultiplePermissions:2150 com.android.server.display.WifiDisplayAdapter.handleSendStatusChangeBroadcast:440 com.android.server.display.WifiDisplayAdapter.access$1700:63 com.android.server.display.WifiDisplayAdapter$WifiDisplayHandler.handleMessage:675 
11-19 17:11:56.275 W/ContextImpl( 1194): Calling a method in the system process without a qualified user: android.app.ContextImpl.sendBroadcastMultiplePermissions:1143 android.content.Context.sendBroadcastWithMultiplePermissions:2150 com.android.server.wifi.p2p.WifiP2pServiceImpl$P2pStateMachine.sendBroadcastMultiplePermissions:3209 com.android.server.wifi.p2p.WifiP2pServiceImpl$P2pStateMachine.sendP2pConnectionChangedBroadcast:3236 com.android.server.wifi.p2p.WifiP2pServiceImpl$P2pStateMachine.access$5100:768 
11-19 17:11:56.278 W/BroadcastQueue( 1194): Permission Denial: receiving Intent { act=android.net.wifi.p2p.CONNECTION_STATE_CHANGE flg=0x24000010 (has extras) } to ProcessRecord{ba73 1900:.qtidataservices/u0a89} (pid=1900, uid=10089) requires android.permission.ACCESS_FINE_LOCATION due to sender android (uid 1000)
11-19 17:11:56.282 W/ContextImpl( 1194): Calling a method in the system process without a qualified user: android.app.ContextImpl.sendBroadcastMultiplePermissions:1143 android.content.Context.sendBroadcastWithMultiplePermissions:2150 com.android.server.wifi.p2p.WifiP2pServiceImpl$P2pStateMachine.sendBroadcastMultiplePermissions:3209 com.android.server.wifi.p2p.WifiP2pServiceImpl$P2pStateMachine.sendThisDeviceChangedBroadcast:3218 com.android.server.wifi.p2p.WifiP2pServiceImpl$P2pStateMachine.updateThisDevice:3962 
11-19 17:11:56.310 W/wificond(  906): Scan is not started. Ignore abort request
11-19 17:11:56.769 D/ConnectivityService( 1194): registerNetworkAgent NetworkAgentInfo{ ni{[type: WIFI[], state: UNKNOWN/IDLE, reason: (unspecified), extra: , failover: false, available: true, roaming: false]}  network{109}  nethandle{471557132301}  lp{{InterfaceName: wlan0 LinkAddresses: [ ] DnsAddresses: [ ] Domains: null MTU: 0 Routes: [ ]}}  nc{[ Transports: WIFI Capabilities: NOT_METERED&INTERNET&NOT_RESTRICTED&TRUSTED&NOT_VPN&NOT_ROAMING&FOREGROUND&NOT_CONGESTED&NOT_SUSPENDED LinkUpBandwidth>=72000Kbps LinkDnBandwidth>=72000Kbps OwnerUid: 1000 SSID: "MTBF_Lab" RequestorUid: -1 RequestorPackageName: null]}  Score{20}  everValidated{false}  lastValidated{false}  created{false} lingering{false} explicitlySelected{false} acceptUnvalidated{false} everCaptivePortalDetected{false} lastCaptivePortalDetected{false} partialConnectivity{false} acceptPartialConnectivity{false} clat{mBaseIface: null, mIface: null, mState: IDLE} }
11-19 17:11:56.785 D/ConnectivityService( 1194): [109 WIFI] EVENT_NETWORK_INFO_CHANGED, going from UNKNOWN to UNKNOWN
11-19 17:11:56.933 D/ConnectivityService( 1194): NetReassign [no changes]
11-19 17:11:56.981 I/Nat464Xlat( 1194): Android Xlat is disabled
11-19 17:11:56.981 I/Nat464Xlat( 1194): Android Xlat is disabled
11-19 17:11:57.096 E/ConnectivityService( 1194): Exception in networkAddRouteParcel for non-gateway: android.os.ServiceSpecificException: Machine is not on the network (code 64)
11-19 17:11:57.097 E/ConnectivityService( 1194): Exception in networkAddRouteParcel for gateway: android.os.ServiceSpecificException: Machine is not on the network (code 64)
11-19 17:11:57.097 I/Nat464Xlat( 1194): Android Xlat is disabled
11-19 17:11:57.097 I/Nat464Xlat( 1194): Android Xlat is disabled
11-19 17:11:57.162 D/ConnectivityService( 1194): Setting DNS servers for network 109 to [/192.168.1.1]
11-19 17:11:57.163 I/Nat464Xlat( 1194): Android Xlat is disabled
11-19 17:11:57.163 I/Nat464Xlat( 1194): Android Xlat is disabled
11-19 17:11:57.236 D/ConnectivityService( 1194): [109 WIFI] EVENT_NETWORK_INFO_CHANGED, going from UNKNOWN to CONNECTED
11-19 17:11:57.240 D/DnsManager( 1194): sendDnsConfigurationForNetwork(109, [192.168.1.1], [], 1800, 25, 8, 64, 0, 0, , [])
11-19 17:11:57.242 W/DnsManager( 1194): updatePrivateDns(109, PrivateDnsConfig{true:/[]})
11-19 17:11:57.242 D/ConnectivityService( 1194): Setting DNS servers for network 109 to [/192.168.1.1]
11-19 17:11:57.242 D/DnsManager( 1194): sendDnsConfigurationForNetwork(109, [192.168.1.1], [], 1800, 25, 8, 64, 0, 0, , [192.168.1.1])
11-19 17:11:57.261 D/ConnectivityService( 1194): Adding iface wlan0 to network 109
11-19 17:11:57.286 D/ConnectivityService( 1194): Setting DNS servers for network 109 to [/192.168.1.1]
11-19 17:11:57.287 D/DnsManager( 1194): sendDnsConfigurationForNetwork(109, [192.168.1.1], [], 1800, 25, 8, 64, 0, 0, , [192.168.1.1])
11-19 17:11:57.289 I/Nat464Xlat( 1194): Android Xlat is disabled
11-19 17:11:57.289 I/Nat464Xlat( 1194): Android Xlat is disabled
11-19 17:11:57.345 D/ConnectivityService( 1194): NetReassign [no changes]
11-19 17:11:57.516 D/ConnectivityService( 1194): [109 WIFI] validation passed
11-19 17:11:57.516 D/ConnectivityService( 1194): NetReassign [8 : 100 → 109, 20 : 100 → 109, 46 : 100 → 109, 52 : 100 → 109, 45 : 100 → 109, 54 : 100 → 109, 12 : 100 → 109, 22 : 100 → 109, 16 : 100 → 109, 49 : 100 → 109, 14 : 100 → 109, 50 : 100 → 109, 18 : 100 → 109, 53 : 100 → 109, 78 : 100 → 109, 11 : 100 → 109, 1 : 100 → 109, 69 : 100 → 109, 17 : 100 → 109]
11-19 17:11:57.521 E/NetlinkEvent(  459): NetlinkEvent::FindParam(): Parameter 'INTERFACE' not found
11-19 17:11:57.521 E/NetlinkEvent(  459): NetlinkEvent::FindParam(): Parameter 'STATE' not found
11-19 17:11:57.521 E/NetlinkEvent(  459): NetlinkEvent::FindParam(): Parameter 'TIME_NS' not found
11-19 17:11:57.521 E/NetlinkEvent(  459): NetlinkEvent::FindParam(): Parameter 'UID' not found
11-19 17:11:57.538 D/ConnectivityService( 1194): Switching to new default network: NetworkAgentInfo{ ni{[type: WIFI[], state: CONNECTED/CONNECTED, reason: (unspecified), extra: , failover: false, available: true, roaming: false]}  network{109}  nethandle{471557132301}  lp{{InterfaceName: wlan0 LinkAddresses: [ 192.168.1.39/24 ] DnsAddresses: [ /192.168.1.1 ] Domains: null MTU: 0 ServerAddress: /192.168.1.1 TcpBufferSizes: 524288,1048576,2097152,262144,524288,1048576 Routes: [ fe80::/64 -> :: wlan0 mtu 0,192.168.1.0/24 -> 0.0.0.0 wlan0 mtu 0,0.0.0.0/0 -> 192.168.1.1 wlan0 mtu 0 ]}}  nc{[ Transports: WIFI Capabilities: NOT_METERED&INTERNET&NOT_RESTRICTED&TRUSTED&NOT_VPN&VALIDATED&NOT_ROAMING&FOREGROUND&NOT_CONGESTED&NOT_SUSPENDED LinkUpBandwidth>=70000Kbps LinkDnBandwidth>=70000Kbps SignalStrength: -35 OwnerUid: 1000 SSID: "MTBF_Lab" RequestorUid: -1 RequestorPackageName: null]}  Score{60}  everValidated{true}  lastValidated{true}  created{true} lingering{false} explicitlySelected{false} acceptUnvalidated{false} everCaptivePortalDetected{false} lastCaptivePortalDetected{false} partialConnectivity{false} acceptPartialConnectivity{false} clat{mBaseIface: null, mIface: null, mState: IDLE} }
11-19 17:11:57.662 D/ConnectivityService( 1194): Lingering [100 CELLULAR] for 30000ms
11-19 17:11:57.663 D/ConnectivityService( 1194): Sending DISCONNECTED broadcast for type 0 [100 CELLULAR] isDefaultNetwork=true
11-19 17:11:57.666 D/ConnectivityService( 1194): Sending CONNECTED broadcast for type 1 [109 WIFI] isDefaultNetwork=true
11-19 17:11:57.746 D/ConnectivityService( 1194): Setting DNS servers for network 109 to [/192.168.1.1]
11-19 17:11:57.747 D/DnsManager( 1194): sendDnsConfigurationForNetwork(109, [192.168.1.1], [], 1800, 25, 8, 64, 0, 0, , [192.168.1.1])
11-19 17:11:58.063 I/Nat464Xlat( 1194): Android Xlat is disabled
11-19 17:11:58.063 I/Nat464Xlat( 1194): Android Xlat is disabled
11-19 17:11:58.321 D/AnalyticsLogger( 1194): sent events: 11
11-19 17:12:02.266 D/commandrouter( 1117): rtc_sync (1, rtc:sync): <ServiceRequest> FORWARDED (remote -> local) service client ID = 0, token ID = 33270
11-19 17:12:02.267 D/commandrouter( 1117): SocServiceHandle::onServiceMessage, SoC Service = rtc_sync, appType = 1, type = SVC_RESP, clientId = 0, token = 33270, payloadLen = 8, result = 0, payload.size() = 8
11-19 17:12:05.767 D/commandrouter( 1117): SocServiceHandle::onServiceMessage, SoC Service = mcu_healthcheck_946, appType = 1, type = SVC_REQ, clientId = 0, token = 83, payloadLen = 20, result = 0, payload.size() = 20
11-19 17:12:05.770 D/commandrouter( 1117): mcu_healthcheck_946 (1, merlot:mcu_health:control): <ServiceResponse> FORWARDED (remote -> local) CR token ID = 83, service client ID = 6, token ID = 588, result = 0
11-19 17:12:07.068 D/commandrouter( 1117): SocServiceHandle::onServiceMessage, SoC Service = mcu_healthcheck_1118, appType = 1, type = SVC_REQ, clientId = 0, token = 167, payloadLen = 12, result = 0, payload.size() = 12
11-19 17:12:07.071 D/commandrouter( 1117): mcu_healthcheck_1118 (1, merlot:mcu_health:control): <ServiceResponse> FORWARDED (remote -> local) CR token ID = 167, service client ID = 40, token ID = 589, result = 0
11-19 17:12:07.073 D/mculinkhealth( 1118): isMcuReachable 1 (4 ms)
11-19 17:12:12.266 D/commandrouter( 1117): rtc_sync (1, rtc:sync): <ServiceRequest> FORWARDED (remote -> local) service client ID = 0, token ID = 33271
11-19 17:12:12.266 D/commandrouter( 1117): SocServiceHandle::onServiceMessage, SoC Service = rtc_sync, appType = 1, type = SVC_RESP, clientId = 0, token = 33271, payloadLen = 8, result = 0, payload.size() = 8
11-19 17:12:16.717 D/AutofillManagerService( 1194): onBackKeyPressed()
11-19 17:12:17.768 I/chatty  ( 1194): uid=1000(system) android.ui identical 2 lines
11-19 17:12:19.620 D/AutofillManagerService( 1194): onBackKeyPressed()
11-19 17:12:20.145 W/ActivityManager( 1194): Invalid packageName: com.facebook.wearable.system.settings/com.facebook.wearable.system.settings.SettingsActivity
11-19 17:12:20.259 I/ActivityTaskManager( 1194): START u0 {flg=0x10000000 cmp=com.facebook.wearable.system.settings/.SettingsActivity} from uid 0
11-19 17:12:20.278 I/ActivityTaskManager( 1194): The Process com.facebook.wearable.system.settings Already Exists in BG. So sending its PID: 2752
11-19 17:12:20.279 W/ActivityTaskManager( 1194): Tried to set launchTime (0) < mLastActivityLaunchTime (5055556)
--------- beginning of main
11-19 17:12:20.367 D/CompatibilityInfo( 1194): applicationScale - 1.0
11-19 17:12:20.382 D/FacebookProvider( 2721): Starting SSO Network Fetch for 263529928325379
11-19 17:12:20.383 I/AccountsContentProvider( 2721): No Primary Account. Accounts Error [content://com.facebook.wearable.system.accounts.AccountsContentProvider/facebook/263529928325379]
11-19 17:12:20.383 E/DatabaseUtils( 2721): Writing exception to parcel
11-19 17:12:20.383 E/DatabaseUtils( 2721): java.lang.IllegalStateException: No Primary Account
11-19 17:12:20.383 E/DatabaseUtils( 2721): 	at com.facebook.secure.content.AbstractContentProvider.doQuery(:284)
11-19 17:12:20.383 E/DatabaseUtils( 2721): 	at com.facebook.secure.content.AbstractContentProvider.query(:8)
11-19 17:12:20.383 E/DatabaseUtils( 2721): 	at android.content.ContentProvider.query(ContentProvider.java:1474)
11-19 17:12:20.383 E/DatabaseUtils( 2721): 	at android.content.ContentProvider$Transport.query(ContentProvider.java:278)
11-19 17:12:20.383 E/DatabaseUtils( 2721): 	at android.content.ContentProviderNative.onTransact(ContentProviderNative.java:106)
11-19 17:12:20.383 E/DatabaseUtils( 2721): 	at android.os.Binder.execTransactInternal(Binder.java:1154)
11-19 17:12:20.383 E/DatabaseUtils( 2721): 	at android.os.Binder.execTransact(Binder.java:1123)
11-19 17:12:20.391 E/AccountsViewModel( 2752): AccountsViewModel.flow failed: No Primary Account
11-19 17:12:20.391 E/AccountsViewModel( 2752): java.lang.IllegalStateException: No Primary Account
11-19 17:12:20.391 E/AccountsViewModel( 2752): 	at android.os.Parcel.createExceptionOrNull(Parcel.java:2381)
11-19 17:12:20.391 E/AccountsViewModel( 2752): 	at android.os.Parcel.createException(Parcel.java:2357)
11-19 17:12:20.391 E/AccountsViewModel( 2752): 	at android.os.Parcel.readException(Parcel.java:2340)
11-19 17:12:20.391 E/AccountsViewModel( 2752): 	at android.database.DatabaseUtils.readExceptionFromParcel(DatabaseUtils.java:190)
11-19 17:12:20.391 E/AccountsViewModel( 2752): 	at android.database.DatabaseUtils.readExceptionFromParcel(DatabaseUtils.java:142)
11-19 17:12:20.391 E/AccountsViewModel( 2752): 	at android.content.ContentProviderProxy.query(ContentProviderNative.java:472)
11-19 17:12:20.391 E/AccountsViewModel( 2752): 	at android.content.ContentResolver.query(ContentResolver.java:1185)
11-19 17:12:20.391 E/AccountsViewModel( 2752): 	at android.content.ContentResolver.query(ContentResolver.java:1116)
11-19 17:12:20.391 E/AccountsViewModel( 2752): 	at com.facebook.wearable.common.accounts.contract.WearableAccountsContractRequest.query(:51)
11-19 17:12:20.391 E/AccountsViewModel( 2752): 	at kotlin.coroutines.jvm.internal.BaseContinuationImpl.invokeSuspend(:95489)
11-19 17:12:20.391 E/AccountsViewModel( 2752): 	at com.facebook.wearable.common.accounts.WearableAccountsKt$fb$1.invoke(:9)
11-19 17:12:20.391 E/AccountsViewModel( 2752): 	at com.facebook.wearable.common.coroutines.lazy.LazyAsync.get(:101)
11-19 17:12:20.391 E/AccountsViewModel( 2752): 	at kotlin.coroutines.jvm.internal.BaseContinuationImpl.invokeSuspend(:96596)
11-19 17:12:20.391 E/AccountsViewModel( 2752): 	at com.facebook.wearable.system.settings.accounts.AccountsViewModel$wearableAccountFlow$1.invoke(:11)
11-19 17:12:20.391 E/AccountsViewModel( 2752): 	at kotlinx.coroutines.flow.AbstractFlow.collect$rvp0$0(:72)
11-19 17:12:20.391 E/AccountsViewModel( 2752): 	at kotlin.coroutines.jvm.internal.BaseContinuationImpl.invokeSuspend(:95417)
11-19 17:12:20.391 E/AccountsViewModel( 2752): 	at kotlinx.coroutines.flow.FlowKt__ShareKt$launchSharing$1$2.invoke(Unknown Source:10)
11-19 17:12:20.391 E/AccountsViewModel( 2752): 	at kotlin.coroutines.jvm.internal.BaseContinuationImpl.invokeSuspend(:96715)
11-19 17:12:20.391 E/AccountsViewModel( 2752): 	at kotlinx.coroutines.flow.FlowKt__MergeKt$mapLatest$1.invoke(Unknown Source:15)
11-19 17:12:20.391 E/AccountsViewModel( 2752): 	at kotlin.coroutines.jvm.internal.BaseContinuationImpl.invokeSuspend(:96820)
11-19 17:12:20.391 E/AccountsViewModel( 2752): 	at kotlinx.coroutines.flow.internal.ChannelFlowTransformLatest$flowCollect$3$1$2.invoke(Unknown Source:10)
11-19 17:12:20.391 E/AccountsViewModel( 2752): 	at kotlinx.coroutines.CoroutineStart.invoke(:32)
11-19 17:12:20.391 E/AccountsViewModel( 2752): 	at kotlinx.coroutines.BuildersKt__Builders_commonKt.launch(:15)
11-19 17:12:20.391 E/AccountsViewModel( 2752): 	at kotlinx.coroutines.flow.internal.ChannelFlowTransformLatest$flowCollect$3$invokeSuspend$$inlined$collect$1.emit(:56)
11-19 17:12:20.391 E/AccountsViewModel( 2752): 	at kotlinx.coroutines.flow.DistinctFlowImpl$collect$$inlined$collect$1.emit(:74)
11-19 17:12:20.391 E/AccountsViewModel( 2752): 	at kotlinx.coroutines.flow.FlowKt__LimitKt$dropWhile$lambda-4$$inlined$collect$1.emit(:114)
11-19 17:12:20.391 E/AccountsViewModel( 2752): 	at kotlinx.coroutines.flow.FlowKt__ChannelsKt.emitAllImpl$FlowKt__ChannelsKt(:123)
11-19 17:12:20.391 E/AccountsViewModel( 2752): 	at kotlin.coroutines.jvm.internal.BaseContinuationImpl.invokeSuspend(:96917)
11-19 17:12:20.391 E/AccountsViewModel( 2752): 	at kotlin.coroutines.jvm.internal.BaseContinuationImpl.resumeWith(:5)
11-19 17:12:20.391 E/AccountsViewModel( 2752): 	at kotlinx.coroutines.DispatchedTask.run(:131)
11-19 17:12:20.391 E/AccountsViewModel( 2752): 	at java.util.concurrent.Executors$RunnableAdapter.call(Executors.java:462)
11-19 17:12:20.391 E/AccountsViewModel( 2752): 	at java.util.concurrent.FutureTask.run(FutureTask.java:266)
11-19 17:12:20.391 E/AccountsViewModel( 2752): 	at com.facebook.wearable.common.executors.DelayedFutureTask.run(:22)
11-19 17:12:20.391 E/AccountsViewModel( 2752): 	at java.util.concurrent.ThreadPoolExecutor.runWorker(ThreadPoolExecutor.java:1167)
11-19 17:12:20.391 E/AccountsViewModel( 2752): 	at java.util.concurrent.ThreadPoolExecutor$Worker.run(ThreadPoolExecutor.java:641)
11-19 17:12:20.391 E/AccountsViewModel( 2752): 	at com.facebook.wearable.common.executors.NamedThreadFactory$1.run(:7)
11-19 17:12:20.424 E/StatusBarClientConnection( 2752): Service connected
11-19 17:12:20.456 W/View    ( 2752): requestLayout() improperly called by android.view.View{38a2e V.ED..... ......I. 0,368-474,474} during layout: running second layout pass
11-19 17:12:20.477 W/View    ( 2752): requestLayout() improperly called by com.facebook.wearable.common.wds.listview.WdsListView{ccdb91d V.E..V... ........ 0,0-474,474} during second layout pass: posting in next frame
11-19 17:12:20.684 D/CompatibilityInfo( 1194): mCompatibilityFlags - 4
11-19 17:12:20.684 D/CompatibilityInfo( 1194): applicationDensity - 320
11-19 17:12:20.684 D/CompatibilityInfo( 1194): applicationScale - 1.0
11-19 17:12:20.772 D/CompatibilityInfo( 1194): mCompatibilityFlags - 4
11-19 17:12:20.772 D/CompatibilityInfo( 1194): applicationDensity - 320
11-19 17:12:20.772 D/CompatibilityInfo( 1194): applicationScale - 1.0
11-19 17:12:20.793 D/ComplicationController( 2581): Stopping complication controller.
11-19 17:12:20.798 D/ComplicationDataManagerImpl( 2581): Fetching complication data for package: com.facebook.wearable.apps.calendar, com.facebook.wearable.apps.calendar.DAY_DATE_COMPLICATION.
11-19 17:12:20.799 D/ComplicationDataManagerImpl( 2581): Fetching complication data for package: com.facebook.wearable.apps.player, com.facebook.wearable.apps.player.SHORTCUT_COMPLICATION.
11-19 17:12:20.799 D/ComplicationDataManagerImpl( 2581): Fetching complication data for package: com.facebook.wearable.apps.gallery, com.facebook.wearable.apps.gallery.SHORTCUT_COMPLICATION.
11-19 17:12:20.800 D/ComplicationDataManagerImpl( 2581): Fetching complication data for package: com.facebook.wearable.apps.heart, com.facebook.wearable.apps.heart.HEART_RATE.
11-19 17:12:20.803 D/CompatibilityInfo( 1194): mCompatibilityFlags - 4
11-19 17:12:20.803 D/CompatibilityInfo( 1194): applicationDensity - 320
11-19 17:12:20.803 D/CompatibilityInfo( 1194): applicationScale - 1.0
11-19 17:12:20.960 D/CompatibilityInfo( 1194): mCompatibilityFlags - 4
11-19 17:12:20.960 D/CompatibilityInfo( 1194): applicationDensity - 320
11-19 17:12:20.960 D/CompatibilityInfo( 1194): applicationScale - 1.0
11-19 17:12:21.224 D/CompatibilityInfo( 1194): mCompatibilityFlags - 4
11-19 17:12:21.224 D/CompatibilityInfo( 1194): applicationDensity - 320
11-19 17:12:21.224 D/CompatibilityInfo( 1194): applicationScale - 1.0
11-19 17:12:21.306 I/system_server( 1194): Background young concurrent copying GC freed 289579(11MB) AllocSpace objects, 27(700KB) LOS objects, 38% free, 20MB/33MB, paused 309us total 119.613ms
11-19 17:12:21.325 D/UIAutomatorStub( 6249): URI: /jsonrpc/0, Method: POST, Header: {content-length=192, remote-addr=127.0.0.1, http-client-ip=127.0.0.1, host=localhost:9010, content-type=application/json, accept-encoding=identity}, params, {NanoHttpd.QUERY_STRING=null}, files: {postData={"jsonrpc": "2.0", "method": "waitForExists", "id": "995ca1ffbc054f223a59f11ad896e47c", "params": [{"mask": 1, "childOrSibling": [], "childOrSiblingSelector": [], "text": "Notifications"}, 5]}}
11-19 17:12:21.343 D/UIAutomatorStub( 6249): URI: /jsonrpc/0, Method: POST, Header: {content-length=191, remote-addr=127.0.0.1, http-client-ip=127.0.0.1, host=localhost:9010, content-type=application/json, accept-encoding=identity}, params, {NanoHttpd.QUERY_STRING=null}, files: {postData={"jsonrpc": "2.0", "method": "waitForExists", "id": "c6faf3fadfe11a2126be69761f9b6d54", "params": [{"mask": 1, "childOrSibling": [], "childOrSiblingSelector": [], "text": "Connectivity"}, 5]}}
11-19 17:12:21.394 D/UIAutomatorStub( 6249): URI: /jsonrpc/0, Method: POST, Header: {content-length=180, remote-addr=127.0.0.1, http-client-ip=127.0.0.1, host=localhost:9010, content-type=application/json, accept-encoding=identity}, params, {NanoHttpd.QUERY_STRING=null}, files: {postData={"jsonrpc": "2.0", "method": "click", "id": "f95fa08e9bf4dd950b4ddb5f78090d8a", "params": [{"mask": 1, "childOrSibling": [], "childOrSiblingSelector": [], "text": "Connectivity"}]}}
11-19 17:12:21.458 W/StatusBarClientConnection( 2752): Messenger is null, ignoring message: { when=-1h24m47s722ms barrier=1 }
11-19 17:12:21.484 E/StatusBarClientConnection( 2752): Service connected
11-19 17:12:21.519 W/View    ( 2752): requestLayout() improperly called by android.view.View{3b30eb4 V.ED..... ......I. 0,368-474,474} during layout: running second layout pass
11-19 17:12:21.531 D/CompatibilityInfo( 1194): mCompatibilityFlags - 4
11-19 17:12:21.531 D/CompatibilityInfo( 1194): applicationDensity - 320
11-19 17:12:21.531 D/CompatibilityInfo( 1194): applicationScale - 1.0
11-19 17:12:21.537 W/View    ( 2752): requestLayout() improperly called by com.facebook.wearable.common.wds.listview.WdsListView{49d024a V.E..V... ........ 0,0-474,474} during second layout pass: posting in next frame
11-19 17:12:21.827 D/CompatibilityInfo( 1194): mCompatibilityFlags - 4
11-19 17:12:21.827 D/CompatibilityInfo( 1194): applicationDensity - 320
11-19 17:12:21.828 D/CompatibilityInfo( 1194): applicationScale - 1.0
11-19 17:12:22.111 D/CompatibilityInfo( 1194): mCompatibilityFlags - 4
11-19 17:12:22.111 D/CompatibilityInfo( 1194): applicationDensity - 320
11-19 17:12:22.111 D/CompatibilityInfo( 1194): applicationScale - 1.0
11-19 17:12:22.261 D/commandrouter( 1117): rtc_sync (1, rtc:sync): <ServiceRequest> FORWARDED (remote -> local) service client ID = 0, token ID = 33272
11-19 17:12:22.261 D/vendor.facebook.rtc_sync@1.0-service( 1129): Request req_ts=1637341942263361561 resp_ts=1637341942261557859
11-19 17:12:22.261 D/commandrouter( 1117): SocServiceHandle::onServiceMessage, SoC Service = rtc_sync, appType = 1, type = SVC_RESP, clientId = 0, token = 33272, payloadLen = 8, result = 0, payload.size() = 8
11-19 17:12:22.397 E/TaskPersister( 1194): File error accessing recents directory (directory doesn't exist?).
11-19 17:12:22.423 D/CompatibilityInfo( 1194): mCompatibilityFlags - 4
11-19 17:12:22.423 D/CompatibilityInfo( 1194): applicationDensity - 320
11-19 17:12:22.423 D/CompatibilityInfo( 1194): applicationScale - 1.0
11-19 17:12:22.812 D/CompatibilityInfo( 1194): mCompatibilityFlags - 4
11-19 17:12:22.812 D/CompatibilityInfo( 1194): applicationDensity - 320
11-19 17:12:22.813 D/CompatibilityInfo( 1194): applicationScale - 1.0
11-19 17:12:22.869 I/chatty  ( 2351): uid=10060(com.facebook.wearable.system.selfcare) pool-3-thread-1 expire 4 lines
11-19 17:12:23.002 I/chatty  ( 2351): uid=10060(com.facebook.wearable.system.selfcare) DefaultDispatch expire 3 lines
11-19 17:12:23.003 I/chatty  ( 2351): uid=10060(com.facebook.wearable.system.selfcare) MainTP_61 expire 1 line
11-19 17:12:23.072 E/QMI_FW  ( 1113): qmi_cci_get_ref: ref count increased 2
11-19 17:12:23.077 E/QMI_FW  ( 1113): qmi_cci_get_ref: ref count increased 2
11-19 17:12:23.088 I/WearableConnectivityManager( 2581): LTE Signal strength is: 1
11-19 17:12:23.088 I/WearableConnectivityManager( 2581): Cellular Signal strength is: 1
11-19 17:12:23.089 D/RadioLinkQualityScoreBuilder( 1975): scoreRsrp: 2scoreRsrq: 3scoreRssnr: 3
11-19 17:12:23.098 E/QMI_FW  ( 1113): qmi_cci_get_ref: ref count increased 2
11-19 17:12:23.099 E/QMI_FW  ( 1113): qmi_cci_get_ref: ref count increased 2
11-19 17:12:23.100 E/QMI_FW  ( 1113): qmi_cci_get_ref: ref count increased 2
11-19 17:12:23.116 I/chatty  ( 2351): uid=10060(com.facebook.wearable.system.selfcare) MainTP_65 expire 2 lines
11-19 17:12:23.173 W/HWComposer(  577): Ignoring duplicate VSYNC event from HWC for display 0 (t=5089436422328)
11-19 17:12:23.205 D/CompatibilityInfo( 1194): mCompatibilityFlags - 4
11-19 17:12:23.205 D/CompatibilityInfo( 1194): applicationDensity - 320
11-19 17:12:23.205 D/CompatibilityInfo( 1194): applicationScale - 1.0
11-19 17:12:23.400 I/chatty  ( 2351): uid=10060(com.facebook.wearable.system.selfcare) MainTP_58 expire 1 line
11-19 17:12:23.591 D/CompatibilityInfo( 1194): mCompatibilityFlags - 4
11-19 17:12:23.591 D/CompatibilityInfo( 1194): applicationDensity - 320
11-19 17:12:23.591 D/CompatibilityInfo( 1194): applicationScale - 1.0
11-19 17:12:23.651 I/chatty  ( 2351): uid=10060(com.facebook.wearable.system.selfcare) DefaultDispatch expire 1 line
11-19 17:12:23.651 I/chatty  ( 2351): uid=10060(com.facebook.wearable.system.selfcare) pool-3-thread-1 expire 1 line
11-19 17:12:23.781 I/chatty  ( 2351): uid=10060(com.facebook.wearable.system.selfcare) DefaultDispatch expire 1 line
11-19 17:12:23.782 I/chatty  ( 2351): uid=10060(com.facebook.wearable.system.selfcare) MainTP_64 expire 1 line
11-19 17:12:23.882 I/chatty  ( 2351): uid=10060(com.facebook.wearable.system.selfcare) MainTP_65 expire 1 line
11-19 17:12:23.882 I/chatty  ( 2351): uid=10060(com.facebook.wearable.system.selfcare) pool-3-thread-1 expire 1 line
11-19 17:12:23.968 D/CompatibilityInfo( 1194): mCompatibilityFlags - 4
11-19 17:12:23.968 D/CompatibilityInfo( 1194): applicationDensity - 320
11-19 17:12:23.968 D/CompatibilityInfo( 1194): applicationScale - 1.0
11-19 17:12:24.027 I/chatty  ( 2351): uid=10060(com.facebook.wearable.system.selfcare) DefaultDispatch expire 2 lines
11-19 17:12:24.027 I/chatty  ( 2351): uid=10060(com.facebook.wearable.system.selfcare) pool-3-thread-1 expire 2 lines
11-19 17:12:24.164 I/chatty  ( 2351): uid=10060(com.facebook.wearable.system.selfcare) MainTP_61 expire 1 line
11-19 17:12:24.264 I/chatty  ( 2351): uid=10060(com.facebook.wearable.system.selfcare) MainTP_65 expire 1 line
11-19 17:12:24.350 D/CompatibilityInfo( 1194): mCompatibilityFlags - 4
11-19 17:12:24.350 D/CompatibilityInfo( 1194): applicationDensity - 320
11-19 17:12:24.350 D/CompatibilityInfo( 1194): applicationScale - 1.0
11-19 17:12:24.403 I/chatty  ( 2351): uid=10060(com.facebook.wearable.system.selfcare) DefaultDispatch expire 2 lines
11-19 17:12:24.404 I/chatty  ( 2351): uid=10060(com.facebook.wearable.system.selfcare) pool-3-thread-1 expire 1 line
11-19 17:12:24.425 D/AppStorageManager( 1194): BEFORE:: Previous Size: 1060982784 Current Size: 1060818944
11-19 17:12:24.425 D/AppStorageManager( 1194): AFTER:: Previous Size: 1060818944 Current Size: 1060818944
11-19 17:12:24.483 D/UIAutomatorStub( 6249): URI: /jsonrpc/0, Method: POST, Header: {content-length=183, remote-addr=127.0.0.1, http-client-ip=127.0.0.1, host=localhost:9010, content-type=application/json, accept-encoding=identity}, params, {NanoHttpd.QUERY_STRING=null}, files: {postData={"jsonrpc": "2.0", "method": "waitForExists", "id": "e88ad70dd060e567d7fd2274104a8616", "params": [{"mask": 1, "childOrSibling": [], "childOrSiblingSelector": [], "text": "WiFi"}, 5]}}
11-19 17:12:24.511 D/UIAutomatorStub( 6249): URI: /jsonrpc/0, Method: POST, Header: {content-length=172, remote-addr=127.0.0.1, http-client-ip=127.0.0.1, host=localhost:9010, content-type=application/json, accept-encoding=identity}, params, {NanoHttpd.QUERY_STRING=null}, files: {postData={"jsonrpc": "2.0", "method": "click", "id": "600f7eeb0dd00d69d940009c9272dac1", "params": [{"mask": 1, "childOrSibling": [], "childOrSiblingSelector": [], "text": "WiFi"}]}}
11-19 17:12:24.555 I/chatty  ( 2351): uid=10060(com.facebook.wearable.system.selfcare) MainTP_58 expire 1 line
11-19 17:12:24.605 W/StatusBarClientConnection( 2752): Messenger is null, ignoring message: { when=-1h24m50s868ms barrier=1 }
11-19 17:12:24.634 D/CompatibilityInfo( 1194): mCompatibilityFlags - 4
11-19 17:12:24.634 D/CompatibilityInfo( 1194): applicationDensity - 320
11-19 17:12:24.634 D/CompatibilityInfo( 1194): applicationScale - 1.0
11-19 17:12:24.645 E/StatusBarClientConnection( 2752): Service connected
11-19 17:12:24.645 D/WifiConnector( 2841): Network State Changed
11-19 17:12:24.658 W/View    ( 2752): requestLayout() improperly called by android.view.View{3ee1010 V.ED..... ......I. 0,368-474,474} during layout: running second layout pass
11-19 17:12:24.667 D/WifiSharingService( 2841): Starting Wi-Fi scan
11-19 17:12:24.668 I/WifiService( 1194): startScan uid=1000
11-19 17:12:24.674 W/View    ( 2752): requestLayout() improperly called by com.facebook.wearable.common.wds.listview.WdsListView{38db8f3 V.E..V... ........ 0,0-474,474} during second layout pass: posting in next frame
11-19 17:12:24.681 D/WifiNative( 1194): Scan trigered from WifiNative
11-19 17:12:24.683 I/chatty  ( 1024): uid=1021(gps) lowi-server expire 100 lines
11-19 17:12:24.684 V/WifiHAL (  539): event received NL80211_CMD_TRIGGER_SCAN
11-19 17:12:24.793 I/chatty  ( 2351): uid=10060(com.facebook.wearable.system.selfcare) MainTP_65 expire 2 lines
11-19 17:12:24.793 I/chatty  ( 2351): uid=10060(com.facebook.wearable.system.selfcare) pool-3-thread-1 expire 3 lines
11-19 17:12:24.893 D/CompatibilityInfo( 1194): mCompatibilityFlags - 4
11-19 17:12:24.893 D/CompatibilityInfo( 1194): applicationDensity - 320
11-19 17:12:24.893 D/CompatibilityInfo( 1194): applicationScale - 1.0
11-19 17:12:24.948 I/chatty  ( 2351): uid=10060(com.facebook.wearable.system.selfcare) DefaultDispatch expire 2 lines
11-19 17:12:25.082 I/chatty  ( 2351): uid=10060(com.facebook.wearable.system.selfcare) MainTP_64 expire 1 line
11-19 17:12:25.216 V/WifiHAL (  539): event received NL80211_CMD_NEW_SCAN_RESULTS
11-19 17:12:25.218 D/WifiNl80211Manager( 1194): Scan result ready event
11-19 17:12:25.218 D/WifiNative( 1194): Scan result ready event
11-19 17:12:25.231 D/LOWI-9.0.0.80( 1024): [LOWI-Scan] decode_rsn_wpa_ie: Entered
11-19 17:12:25.231 D/LOWI-9.0.0.80( 1024): [LOWIUtils] hexDump: msg(30 14 01 00 00 0f ac 04 01 00 00 0f ac 04 01 00 00 0f ac 02 )
