--------- beginning of system
11-20 07:16:40.812 E/TaskPersister( 1186): File error accessing recents directory (directory doesn't exist?).
11-20 07:16:43.860 D/commandrouter( 1006): rtc_sync (1, rtc:sync): <ServiceRequest> FORWARDED (remote -> local) service client ID = 0, token ID = 38332
11-20 07:16:43.860 D/commandrouter( 1006): SocServiceHandle::onServiceMessage, SoC Service = rtc_sync, appType = 1, type = SVC_RESP, clientId = 0, token = 38332, payloadLen = 8, result = 0, payload.size() = 8
11-20 07:16:45.265 D/commandrouter( 1006): SocServiceHandle::onServiceMessage, SoC Service = mcu_healthcheck_1029, appType = 1, type = SVC_REQ, clientId = 0, token = 1854, payloadLen = 12, result = 0, payload.size() = 12
11-20 07:16:45.269 D/commandrouter( 1006): mcu_healthcheck_1029 (1, merlot:mcu_health:control): <ServiceResponse> FORWARDED (remote -> local) CR token ID = 1854, service client ID = 40, token ID = 32253, result = 0
11-20 07:16:45.269 D/mculinkhealth( 1029): isMcuReachable 1 (4 ms)
11-20 07:16:45.629 D/AutofillManagerService( 1186): onBackKeyPressed()
11-20 07:16:51.623 I/chatty  ( 1186): uid=1000(system) android.ui identical 6 lines
11-20 07:16:52.619 D/AutofillManagerService( 1186): onBackKeyPressed()
11-20 07:16:53.155 W/ActivityManager( 1186): Invalid packageName: com.facebook.wearable.system.settings/com.facebook.wearable.system.settings.SettingsActivity
11-20 07:16:53.286 I/ActivityTaskManager( 1186): START u0 {flg=0x10000000 cmp=com.facebook.wearable.system.settings/.SettingsActivity} from uid 0
11-20 07:16:53.306 I/ActivityTaskManager( 1186): The Process com.facebook.wearable.system.settings Already Exists in BG. So sending its PID: 13351
11-20 07:16:53.307 W/ActivityTaskManager( 1186): Tried to set launchTime (0) < mLastActivityLaunchTime (55668013)
11-20 07:16:53.860 D/commandrouter( 1006): rtc_sync (1, rtc:sync): <ServiceRequest> FORWARDED (remote -> local) service client ID = 0, token ID = 38333
11-20 07:16:53.861 D/commandrouter( 1006): SocServiceHandle::onServiceMessage, SoC Service = rtc_sync, appType = 1, type = SVC_RESP, clientId = 0, token = 38333, payloadLen = 8, result = 0, payload.size() = 8
11-20 07:16:57.412 E/TaskPersister( 1186): File error accessing recents directory (directory doesn't exist?).
11-20 07:16:57.809 D/AutofillManagerService( 1186): onBackKeyPressed()
11-20 07:16:58.444 I/chatty  ( 1186): uid=1000(system) android.ui identical 1 line
11-20 07:16:58.967 D/AutofillManagerService( 1186): onBackKeyPressed()
11-20 07:16:59.658 D/AppStorageManager( 1186): BEFORE:: Previous Size: 1029484544 Current Size: 1029369856
11-20 07:16:59.659 D/AppStorageManager( 1186): AFTER:: Previous Size: 1029369856 Current Size: 1029369856
11-20 07:16:59.715 D/AutofillManagerService( 1186): onBackKeyPressed()
11-20 07:17:00.189 W/ActivityManager( 1186): Invalid packageName: com.facebook.wearable.system.settings/com.facebook.wearable.system.settings.SettingsActivity
11-20 07:17:00.317 I/ActivityTaskManager( 1186): START u0 {flg=0x10000000 cmp=com.facebook.wearable.system.settings/.SettingsActivity} from uid 0
11-20 07:17:00.335 I/ActivityTaskManager( 1186): The Process com.facebook.wearable.system.settings Already Exists in BG. So sending its PID: 13351
11-20 07:17:00.336 W/ActivityTaskManager( 1186): Tried to set launchTime (0) < mLastActivityLaunchTime (55701033)
11-20 07:17:03.527 E/TaskPersister( 1186): File error accessing recents directory (directory doesn't exist?).
11-20 07:17:03.858 D/commandrouter( 1006): rtc_sync (1, rtc:sync): <ServiceRequest> FORWARDED (remote -> local) service client ID = 0, token ID = 38334
11-20 07:17:03.859 D/commandrouter( 1006): SocServiceHandle::onServiceMessage, SoC Service = rtc_sync, appType = 1, type = SVC_RESP, clientId = 0, token = 38334, payloadLen = 8, result = 0, payload.size() = 8
11-20 07:17:06.629 W/ContextImpl( 1186): Calling a method in the system process without a qualified user: android.app.ContextImpl.sendBroadcastMultiplePermissions:1143 android.content.Context.sendBroadcastWithMultiplePermissions:2150 com.android.server.display.WifiDisplayAdapter.handleSendStatusChangeBroadcast:440 com.android.server.display.WifiDisplayAdapter.access$1700:63 com.android.server.display.WifiDisplayAdapter$WifiDisplayHandler.handleMessage:675 
11-20 07:17:07.621 W/ContextImpl( 1186): Calling a method in the system process without a qualified user: android.app.ContextImpl.sendBroadcastMultiplePermissions:1143 android.content.Context.sendBroadcastWithMultiplePermissions:2150 com.android.server.wifi.p2p.WifiP2pServiceImpl$P2pStateMachine.sendBroadcastMultiplePermissions:3209 com.android.server.wifi.p2p.WifiP2pServiceImpl$P2pStateMachine.sendP2pConnectionChangedBroadcast:3236 com.android.server.wifi.p2p.WifiP2pServiceImpl$P2pStateMachine.access$5100:768 
11-20 07:17:07.622 W/BroadcastQueue( 1186): Permission Denial: receiving Intent { act=android.net.wifi.p2p.CONNECTION_STATE_CHANGE flg=0x24000010 (has extras) } to ProcessRecord{688c834 1907:.qtidataservices/u0a88} (pid=1907, uid=10088) requires android.permission.ACCESS_FINE_LOCATION due to sender android (uid 1000)
11-20 07:17:07.629 W/ContextImpl( 1186): Calling a method in the system process without a qualified user: android.app.ContextImpl.sendBroadcastMultiplePermissions:1143 android.content.Context.sendBroadcastWithMultiplePermissions:2150 com.android.server.wifi.p2p.WifiP2pServiceImpl$P2pStateMachine.sendBroadcastMultiplePermissions:3209 com.android.server.wifi.p2p.WifiP2pServiceImpl$P2pStateMachine.sendThisDeviceChangedBroadcast:3218 com.android.server.wifi.p2p.WifiP2pServiceImpl$P2pStateMachine.updateThisDevice:3962 
11-20 07:17:09.014 D/commandrouter( 1006): SocServiceHandle::onServiceMessage, SoC Service = mcu_healthcheck_934, appType = 1, type = SVC_REQ, clientId = 0, token = 927, payloadLen = 20, result = 0, payload.size() = 20
11-20 07:17:09.017 D/commandrouter( 1006): mcu_healthcheck_934 (1, merlot:mcu_health:control): <ServiceResponse> FORWARDED (remote -> local) CR token ID = 927, service client ID = 5, token ID = 32254, result = 0
11-20 07:17:09.665 W/ContextImpl( 1186): Calling a method in the system process without a qualified user: android.app.ContextImpl.sendBroadcastMultiplePermissions:1143 android.content.Context.sendBroadcastWithMultiplePermissions:2150 com.android.server.wifi.ClientModeImpl.broadcastWifiCredentialChanged:6170 com.android.server.wifi.ClientModeImpl.lambda$connect$0:6716 com.android.server.wifi.ClientModeImpl.lambda$connect$0$ClientModeImpl:0 
11-20 07:17:09.894 W/wificond(  911): Scan is not started. Ignore abort request
11-20 07:17:10.519 D/ConnectivityService( 1186): registerNetworkAgent NetworkAgentInfo{ ni{[type: WIFI[], state: UNKNOWN/IDLE, reason: (unspecified), extra: , failover: false, available: true, roaming: false]}  network{144}  nethandle{621880987661}  lp{{LinkAddresses: [ ] DnsAddresses: [ ] Domains: null MTU: 0 Routes: [ ]}}  nc{[ Transports: WIFI Capabilities: NOT_METERED&INTERNET&NOT_RESTRICTED&TRUSTED&NOT_VPN&NOT_ROAMING&FOREGROUND&NOT_CONGESTED&NOT_SUSPENDED LinkUpBandwidth>=72000Kbps LinkDnBandwidth>=72000Kbps OwnerUid: 1000 SSID: "MTBF_Lab" RequestorUid: -1 RequestorPackageName: null]}  Score{20}  everValidated{false}  lastValidated{false}  created{false} lingering{false} explicitlySelected{true} acceptUnvalidated{false} everCaptivePortalDetected{false} lastCaptivePortalDetected{false} partialConnectivity{false} acceptPartialConnectivity{false} clat{mBaseIface: null, mIface: null, mState: IDLE} }
11-20 07:17:10.627 D/ConnectivityService( 1186): [144 WIFI] EVENT_NETWORK_INFO_CHANGED, going from UNKNOWN to UNKNOWN
11-20 07:17:10.832 D/ConnectivityService( 1186): NetReassign [no changes]
11-20 07:17:10.845 D/ConnectivityService( 1186): Adding iface wlan0 to network 144
11-20 07:17:10.874 E/ConnectivityService( 1186): Exception adding interface: java.lang.IllegalStateException: android.os.ServiceSpecificException: Machine is not on the network (code 64)
11-20 07:17:10.883 I/Nat464Xlat( 1186): Android Xlat is disabled
11-20 07:17:10.884 I/Nat464Xlat( 1186): Android Xlat is disabled
11-20 07:17:11.534 E/ConnectivityService( 1186): Exception in networkAddRouteParcel for non-gateway: android.os.ServiceSpecificException: Machine is not on the network (code 64)
11-20 07:17:11.535 E/ConnectivityService( 1186): Exception in networkAddRouteParcel for gateway: android.os.ServiceSpecificException: Machine is not on the network (code 64)
11-20 07:17:11.535 I/Nat464Xlat( 1186): Android Xlat is disabled
11-20 07:17:11.535 I/Nat464Xlat( 1186): Android Xlat is disabled
11-20 07:17:11.634 D/ConnectivityService( 1186): Setting DNS servers for network 144 to [/192.168.1.1]
11-20 07:17:11.655 I/Nat464Xlat( 1186): Android Xlat is disabled
11-20 07:17:11.655 I/Nat464Xlat( 1186): Android Xlat is disabled
11-20 07:17:11.777 D/ConnectivityService( 1186): [144 WIFI] EVENT_NETWORK_INFO_CHANGED, going from UNKNOWN to CONNECTED
11-20 07:17:11.805 D/DnsManager( 1186): sendDnsConfigurationForNetwork(144, [192.168.1.1], [], 1800, 25, 8, 64, 0, 0, , [])
11-20 07:17:11.821 W/DnsManager( 1186): updatePrivateDns(144, PrivateDnsConfig{true:/[]})
11-20 07:17:11.821 D/ConnectivityService( 1186): Setting DNS servers for network 144 to [/192.168.1.1]
11-20 07:17:11.823 D/DnsManager( 1186): sendDnsConfigurationForNetwork(144, [192.168.1.1], [], 1800, 25, 8, 64, 0, 0, , [192.168.1.1])
11-20 07:17:11.826 D/ConnectivityService( 1186): Adding iface wlan0 to network 144
11-20 07:17:11.869 D/ConnectivityService( 1186): Setting DNS servers for network 144 to [/192.168.1.1]
11-20 07:17:11.869 D/DnsManager( 1186): sendDnsConfigurationForNetwork(144, [192.168.1.1], [], 1800, 25, 8, 64, 0, 0, , [192.168.1.1])
11-20 07:17:11.872 I/Nat464Xlat( 1186): Android Xlat is disabled
11-20 07:17:11.872 I/Nat464Xlat( 1186): Android Xlat is disabled
11-20 07:17:11.968 D/ConnectivityService( 1186): NetReassign [no changes]
11-20 07:17:12.312 D/ConnectivityService( 1186): [144 WIFI] validation passed
11-20 07:17:12.313 D/ConnectivityService( 1186): NetReassign [44 : 101 → 144, 1191 : 101 → 144, 11 : 101 → 144, 63 : 101 → 144, 17 : 101 → 144, 25 : 101 → 144, 1 : 101 → 144, 8 : 101 → 144, 654 : 101 → 144, 12 : 101 → 144, 14 : 101 → 144, 16 : 101 → 144, 22 : 101 → 144]
11-20 07:17:12.322 E/NetlinkEvent(  462): NetlinkEvent::FindParam(): Parameter 'INTERFACE' not found
11-20 07:17:12.322 E/NetlinkEvent(  462): NetlinkEvent::FindParam(): Parameter 'STATE' not found
11-20 07:17:12.322 E/NetlinkEvent(  462): NetlinkEvent::FindParam(): Parameter 'TIME_NS' not found
11-20 07:17:12.322 E/NetlinkEvent(  462): NetlinkEvent::FindParam(): Parameter 'UID' not found
11-20 07:17:12.353 D/ConnectivityService( 1186): Switching to new default network: NetworkAgentInfo{ ni{[type: WIFI[], state: CONNECTED/CONNECTED, reason: (unspecified), extra: , failover: false, available: true, roaming: false]}  network{144}  nethandle{621880987661}  lp{{InterfaceName: wlan0 LinkAddresses: [ fe80::68fd:b2ff:fea8:97f8/64,192.168.1.41/24 ] DnsAddresses: [ /192.168.1.1 ] Domains: null MTU: 0 ServerAddress: /192.168.1.1 TcpBufferSizes: 524288,1048576,2097152,262144,524288,1048576 Routes: [ fe80::/64 -> :: wlan0 mtu 0,192.168.1.0/24 -> 0.0.0.0 wlan0 mtu 0,0.0.0.0/0 -> 192.168.1.1 wlan0 mtu 0 ]}}  nc{[ Transports: WIFI Capabilities: NOT_METERED&INTERNET&NOT_RESTRICTED&TRUSTED&NOT_VPN&VALIDATED&NOT_ROAMING&FOREGROUND&NOT_CONGESTED&NOT_SUSPENDED LinkUpBandwidth>=60000Kbps LinkDnBandwidth>=60000Kbps SignalStrength: -32 OwnerUid: 1000 SSID: "MTBF_Lab" RequestorUid: -1 RequestorPackageName: null]}  Score{60}  everValidated{true}  lastValidated{true}  created{true} lingering{false} explicitlySelected{true} acceptUnvalidated{false} everCaptivePortalDetected{false} lastCaptivePortalDetected{false} partialConnectivity{false} acceptPartialConnectivity{false} clat{mBaseIface: null, mIface: null, mState: IDLE} }
11-20 07:17:12.554 D/ConnectivityService( 1186): Lingering [101 CELLULAR] for 30000ms
11-20 07:17:12.555 D/ConnectivityService( 1186): Sending DISCONNECTED broadcast for type 0 [101 CELLULAR] isDefaultNetwork=true
11-20 07:17:12.563 D/ConnectivityService( 1186): Sending CONNECTED broadcast for type 1 [144 WIFI] isDefaultNetwork=true
11-20 07:17:12.586 D/ConnectivityService( 1186): Setting DNS servers for network 144 to [/192.168.1.1]
11-20 07:17:12.604 D/DnsManager( 1186): sendDnsConfigurationForNetwork(144, [192.168.1.1], [], 1800, 25, 8, 64, 0, 0, , [192.168.1.1])
11-20 07:17:12.990 D/CompatibilityChangeReporter( 1186): Compat change id reported: 135634846; UID 10013; state: DISABLED
11-20 07:17:12.991 W/Looper  ( 1186): Slow dispatch took 121ms main h=com.android.server.job.JobSchedulerService$JobHandler c=null m=3
11-20 07:17:12.991 D/CompatibilityChangeReporter( 1186): Compat change id reported: 143937733; UID 10013; state: ENABLED
11-20 07:17:13.052 W/ActivityManager( 1186): Slow operation: 91ms so far, now at startProcess: returned from zygote!
11-20 07:17:13.052 W/ActivityManager( 1186): Slow operation: 91ms so far, now at startProcess: done updating battery stats
11-20 07:17:13.103 W/ActivityManager( 1186): Slow operation: 142ms so far, now at startProcess: building log message
11-20 07:17:13.114 I/ActivityManager( 1186): Start proc 30562:com.facebook.wearable.system.updater/u0a13 for service {com.facebook.wearable.system.updater/com.facebook.wearable.system.updater.core.scheduler.OSUpdateScheduleService}
11-20 07:17:13.114 W/ActivityManager( 1186): Slow operation: 153ms so far, now at startProcess: starting to update pids map
11-20 07:17:13.127 W/ActivityManager( 1186): Slow operation: 166ms so far, now at startProcess: done updating pids map
11-20 07:17:13.868 D/commandrouter( 1006): rtc_sync (1, rtc:sync): <ServiceRequest> FORWARDED (remote -> local) service client ID = 0, token ID = 38335
11-20 07:17:13.868 D/commandrouter( 1006): SocServiceHandle::onServiceMessage, SoC Service = rtc_sync, appType = 1, type = SVC_RESP, clientId = 0, token = 38335, payloadLen = 8, result = 0, payload.size() = 8
11-20 07:17:14.547 D/ConnectivityService( 1186): NetReassign [no changes]
11-20 07:17:15.181 D/ConnectivityService( 1186): requestNetwork for uid/pid:10013/30562 NetworkRequest [ TRACK_DEFAULT id=1196, [ Capabilities: INTERNET&NOT_RESTRICTED&TRUSTED Uid: 10013 AdministratorUids: [] RequestorUid: 10013 RequestorPackageName: com.facebook.wearable.system.updater] ]
11-20 07:17:15.181 D/ConnectivityService( 1186): NetReassign [1196 : null → 144]
11-20 07:17:15.270 D/commandrouter( 1006): SocServiceHandle::onServiceMessage, SoC Service = mcu_healthcheck_1029, appType = 1, type = SVC_REQ, clientId = 0, token = 1855, payloadLen = 12, result = 0, payload.size() = 12
11-20 07:17:15.274 D/commandrouter( 1006): mcu_healthcheck_1029 (1, merlot:mcu_health:control): <ServiceResponse> FORWARDED (remote -> local) CR token ID = 1855, service client ID = 40, token ID = 32255, result = 0
11-20 07:17:15.275 D/mculinkhealth( 1029): isMcuReachable 1 (5 ms)
11-20 07:17:15.490 D/JavaBinder( 1186): Here is le tags []
11-20 07:17:15.511 D/JavaBinder( 1186): Here is le tags []
11-20 07:17:19.871 D/AutofillManagerService( 1186): onBackKeyPressed()
11-20 07:17:22.682 I/chatty  ( 1186): uid=1000(system) android.ui identical 3 lines
11-20 07:17:23.621 D/AutofillManagerService( 1186): onBackKeyPressed()
11-20 07:17:23.854 D/commandrouter( 1006): rtc_sync (1, rtc:sync): <ServiceRequest> FORWARDED (remote -> local) service client ID = 0, token ID = 38336
11-20 07:17:23.855 D/commandrouter( 1006): SocServiceHandle::onServiceMessage, SoC Service = rtc_sync, appType = 1, type = SVC_RESP, clientId = 0, token = 38336, payloadLen = 8, result = 0, payload.size() = 8
11-20 07:17:24.619 D/AutofillManagerService( 1186): onBackKeyPressed()
11-20 07:17:24.827 E/TaskPersister( 1186): File error accessing recents directory (directory doesn't exist?).
11-20 07:17:25.633 D/AutofillManagerService( 1186): onBackKeyPressed()
11-20 07:17:26.731 D/AutofillManagerService( 1186): onBackKeyPressed()
11-20 07:17:27.184 W/ActivityManager( 1186): Invalid packageName: com.facebook.wearable.system.settings/com.facebook.wearable.system.settings.SettingsActivity
11-20 07:17:27.316 I/ActivityTaskManager( 1186): START u0 {flg=0x10000000 cmp=com.facebook.wearable.system.settings/.SettingsActivity} from uid 0
11-20 07:17:27.353 I/ActivityTaskManager( 1186): The Process com.facebook.wearable.system.settings Already Exists in BG. So sending its PID: 13351
11-20 07:17:27.353 W/ActivityTaskManager( 1186): Tried to set launchTime (0) < mLastActivityLaunchTime (55708063)
11-20 07:17:30.926 E/TaskPersister( 1186): File error accessing recents directory (directory doesn't exist?).
11-20 07:17:33.852 D/commandrouter( 1006): rtc_sync (1, rtc:sync): <ServiceRequest> FORWARDED (remote -> local) service client ID = 0, token ID = 38337
11-20 07:17:33.853 D/commandrouter( 1006): SocServiceHandle::onServiceMessage, SoC Service = rtc_sync, appType = 1, type = SVC_RESP, clientId = 0, token = 38337, payloadLen = 8, result = 0, payload.size() = 8
11-20 07:17:42.321 D/ConnectivityService( 1186): handleLingerComplete for [101 CELLULAR]
11-20 07:17:42.497 D/AnalyticsLogger( 1186): sent events: 11
11-20 07:17:43.849 D/commandrouter( 1006): rtc_sync (1, rtc:sync): <ServiceRequest> FORWARDED (remote -> local) service client ID = 0, token ID = 38338
11-20 07:17:43.850 D/commandrouter( 1006): SocServiceHandle::onServiceMessage, SoC Service = rtc_sync, appType = 1, type = SVC_RESP, clientId = 0, token = 38338, payloadLen = 8, result = 0, payload.size() = 8
11-20 07:17:45.275 D/commandrouter( 1006): SocServiceHandle::onServiceMessage, SoC Service = mcu_healthcheck_1029, appType = 1, type = SVC_REQ, clientId = 0, token = 1856, payloadLen = 12, result = 0, payload.size() = 12
11-20 07:17:45.278 D/commandrouter( 1006): mcu_healthcheck_1029 (1, merlot:mcu_health:control): <ServiceResponse> FORWARDED (remote -> local) CR token ID = 1856, service client ID = 40, token ID = 32256, result = 0
11-20 07:17:45.279 D/mculinkhealth( 1029): isMcuReachable 1 (3 ms)
11-20 07:17:53.852 D/commandrouter( 1006): rtc_sync (1, rtc:sync): <ServiceRequest> FORWARDED (remote -> local) service client ID = 0, token ID = 38339
11-20 07:17:53.852 D/commandrouter( 1006): SocServiceHandle::onServiceMessage, SoC Service = rtc_sync, appType = 1, type = SVC_RESP, clientId = 0, token = 38339, payloadLen = 8, result = 0, payload.size() = 8
11-20 07:17:54.623 D/AutofillManagerService( 1186): onBackKeyPressed()
11-20 07:17:55.694 I/chatty  ( 1186): uid=1000(system) android.ui identical 2 lines
11-20 07:17:56.621 D/AutofillManagerService( 1186): onBackKeyPressed()
11-20 07:17:57.181 W/ActivityManager( 1186): Invalid packageName: com.facebook.wearable.system.settings/com.facebook.wearable.system.settings.SettingsActivity
11-20 07:17:57.313 I/ActivityTaskManager( 1186): START u0 {flg=0x10000000 cmp=com.facebook.wearable.system.settings/.SettingsActivity} from uid 0
11-20 07:17:57.332 I/ActivityTaskManager( 1186): The Process com.facebook.wearable.system.settings Already Exists in BG. So sending its PID: 13351
11-20 07:17:57.333 W/ActivityTaskManager( 1186): Tried to set launchTime (0) < mLastActivityLaunchTime (55735080)
11-20 07:17:59.794 D/AppStorageManager( 1186): BEFORE:: Previous Size: 1029369856 Current Size: 1030193152
11-20 07:17:59.794 D/AppStorageManager( 1186): AFTER:: Previous Size: 1030193152 Current Size: 1030193152
11-20 07:18:00.393 E/TaskPersister( 1186): File error accessing recents directory (directory doesn't exist?).
11-20 07:18:03.850 D/commandrouter( 1006): rtc_sync (1, rtc:sync): <ServiceRequest> FORWARDED (remote -> local) service client ID = 0, token ID = 38340
11-20 07:18:03.850 D/commandrouter( 1006): SocServiceHandle::onServiceMessage, SoC Service = rtc_sync, appType = 1, type = SVC_RESP, clientId = 0, token = 38340, payloadLen = 8, result = 0, payload.size() = 8
11-20 07:18:05.088 W/ContextImpl( 1186): Calling a method in the system process without a qualified user: android.app.ContextImpl.sendBroadcastMultiplePermissions:1143 android.content.Context.sendBroadcastWithMultiplePermissions:2150 com.android.server.display.WifiDisplayAdapter.handleSendStatusChangeBroadcast:440 com.android.server.display.WifiDisplayAdapter.access$1700:63 com.android.server.display.WifiDisplayAdapter$WifiDisplayHandler.handleMessage:675 
11-20 07:18:05.857 D/ConnectivityService( 1186): [144 WIFI] EVENT_NETWORK_INFO_CHANGED, going from CONNECTED to DISCONNECTED
11-20 07:18:05.857 D/ConnectivityService( 1186): [144 WIFI] disconnected, was satisfying 25
11-20 07:18:06.262 I/Nat464Xlat( 1186): Android Xlat is disabled
11-20 07:18:06.262 I/Nat464Xlat( 1186): Android Xlat is disabled
11-20 07:18:06.388 D/ConnectivityService( 1186): Sending DISCONNECTED broadcast for type 1 [144 WIFI] isDefaultNetwork=true
11-20 07:18:06.446 D/ConnectivityService( 1186): NetReassign [44 : null → 101, 1191 : null → 101, 11 : null → 101, 63 : null → 101, 17 : null → 101, 25 : null → 101, 1 : null → 101, 1196 : null → 101, 8 : null → 101, 654 : null → 101, 12 : null → 101, 14 : null → 101, 16 : null → 101, 22 : null → 101]
11-20 07:18:06.461 D/ConnectivityService( 1186): Switching to new default network: NetworkAgentInfo{ ni{[type: MOBILE[LTE], state: CONNECTED/CONNECTED, reason: (unspecified), extra: enhancedphone, failover: false, available: true, roaming: false]}  network{101}  nethandle{437197393933}  lp{{InterfaceName: rmnet_data2 LinkAddresses: [ 10.55.48.101/30,2600:381:4804:c4b6:8cdc:8f0b:afe1:ec6b/64 ] DnsAddresses: [ /172.26.38.2,/fc00:a:a::400 ] Domains: null MTU: 1430 TcpBufferSizes: 2097152,4194304,8388608,262144,524288,1048576 Routes: [ 0.0.0.0/0 -> 10.55.48.102 rmnet_data2 mtu 1430,::/0 -> fe80::9db2:334d:2872:1e0a rmnet_data2 mtu 1430,10.55.48.100/30 -> 0.0.0.0 rmnet_data2 mtu 0,2600:381:4804:c4b6::/64 -> :: rmnet_data2 mtu 0 ]}}  nc{[ Transports: CELLULAR Capabilities: MMS&SUPL&FOTA&INTERNET&NOT_RESTRICTED&TRUSTED&NOT_VPN&VALIDATED&NOT_ROAMING&NOT_CONGESTED&NOT_SUSPENDED LinkUpBandwidth>=15000Kbps LinkDnBandwidth>=30000Kbps Specifier: <TelephonyNetworkSpecifier [mSubId = 1]> AdministratorUids: [] RequestorUid: -1 RequestorPackageName: null]}  Score{50}  everValidated{true}  lastValidated{true}  created{true} lingering{false} explicitlySelected{false} acceptUnvalidated{false} everCaptivePortalDetected{false} lastCaptivePortalDetected{false} partialConnectivity{false} acceptPartialConnectivity{false} clat{mBaseIface: null, mIface: null, mState: IDLE} }
11-20 07:18:06.476 E/NetlinkEvent(  462): NetlinkEvent::FindParam(): Parameter 'INTERFACE' not found
11-20 07:18:06.476 E/NetlinkEvent(  462): NetlinkEvent::FindParam(): Parameter 'STATE' not found
11-20 07:18:06.478 E/NetlinkEvent(  462): NetlinkEvent::FindParam(): Parameter 'TIME_NS' not found
11-20 07:18:06.478 E/NetlinkEvent(  462): NetlinkEvent::FindParam(): Parameter 'UID' not found
11-20 07:18:06.576 W/Looper  ( 1186): Slow dispatch took 116ms android.fg h=android.os.Handler c=com.android.server.-$$Lambda$NetworkManagementService$YKgmK-4MuJjN-VLuMBhmJy1eWj4@de8f8aa m=0
11-20 07:18:06.708 D/ConnectivityService( 1186): Sending CONNECTED broadcast for type 0 [101 CELLULAR] isDefaultNetwork=true
11-20 07:18:06.840 W/Looper  ( 1186): Slow dispatch took 100ms main h=android.app.ActivityThread$H c=android.app.-$$Lambda$LoadedApk$ReceiverDispatcher$Args$_BumDX2UKsnxLVrE6UJsJZkotuA@6c54413 m=0
11-20 07:18:09.018 D/commandrouter( 1006): SocServiceHandle::onServiceMessage, SoC Service = mcu_healthcheck_934, appType = 1, type = SVC_REQ, clientId = 0, token = 928, payloadLen = 20, result = 0, payload.size() = 20
11-20 07:18:09.023 D/commandrouter( 1006): mcu_healthcheck_934 (1, merlot:mcu_health:control): <ServiceResponse> FORWARDED (remote -> local) CR token ID = 928, service client ID = 5, token ID = 32257, result = 0
11-20 07:18:10.293 D/AutofillManagerService( 1186): onBackKeyPressed()
11-20 07:18:12.733 I/chatty  ( 1186): uid=1000(system) android.ui identical 3 lines
11-20 07:18:13.629 D/AutofillManagerService( 1186): onBackKeyPressed()
11-20 07:18:13.847 D/commandrouter( 1006): rtc_sync (1, rtc:sync): <ServiceRequest> FORWARDED (remote -> local) service client ID = 0, token ID = 38341
11-20 07:18:13.848 D/commandrouter( 1006): SocServiceHandle::onServiceMessage, SoC Service = rtc_sync, appType = 1, type = SVC_RESP, clientId = 0, token = 38341, payloadLen = 8, result = 0, payload.size() = 8
11-20 07:18:14.624 D/AutofillManagerService( 1186): onBackKeyPressed()
11-20 07:18:15.049 E/TaskPersister( 1186): File error accessing recents directory (directory doesn't exist?).
11-20 07:18:15.281 D/commandrouter( 1006): SocServiceHandle::onServiceMessage, SoC Service = mcu_healthcheck_1029, appType = 1, type = SVC_REQ, clientId = 0, token = 1857, payloadLen = 12, result = 0, payload.size() = 12
11-20 07:18:15.284 D/commandrouter( 1006): mcu_healthcheck_1029 (1, merlot:mcu_health:control): <ServiceResponse> FORWARDED (remote -> local) CR token ID = 1857, service client ID = 40, token ID = 32258, result = 0
11-20 07:18:15.285 D/mculinkhealth( 1029): isMcuReachable 1 (4 ms)
11-20 07:18:15.621 D/AutofillManagerService( 1186): onBackKeyPressed()
11-20 07:18:16.636 D/AutofillManagerService( 1186): onBackKeyPressed()
11-20 07:18:17.167 W/ActivityManager( 1186): Invalid packageName: com.facebook.wearable.system.settings/com.facebook.wearable.system.settings.SettingsActivity
11-20 07:18:17.293 I/ActivityTaskManager( 1186): START u0 {flg=0x10000000 cmp=com.facebook.wearable.system.settings/.SettingsActivity} from uid 0
11-20 07:18:17.309 I/ActivityTaskManager( 1186): The Process com.facebook.wearable.system.settings Already Exists in BG. So sending its PID: 13351
11-20 07:18:17.310 W/ActivityTaskManager( 1186): Tried to set launchTime (0) < mLastActivityLaunchTime (55765060)
11-20 07:18:20.933 E/TaskPersister( 1186): File error accessing recents directory (directory doesn't exist?).
11-20 07:18:23.388 W/ContextImpl( 1186): Calling a method in the system process without a qualified user: android.app.ContextImpl.sendBroadcastMultiplePermissions:1143 android.content.Context.sendBroadcastWithMultiplePermissions:2150 com.android.server.display.WifiDisplayAdapter.handleSendStatusChangeBroadcast:440 com.android.server.display.WifiDisplayAdapter.access$1700:63 com.android.server.display.WifiDisplayAdapter$WifiDisplayHandler.handleMessage:675 
11-20 07:18:23.839 D/commandrouter( 1006): rtc_sync (1, rtc:sync): <ServiceRequest> FORWARDED (remote -> local) service client ID = 0, token ID = 38342
11-20 07:18:23.840 D/commandrouter( 1006): SocServiceHandle::onServiceMessage, SoC Service = rtc_sync, appType = 1, type = SVC_RESP, clientId = 0, token = 38342, payloadLen = 8, result = 0, payload.size() = 8
11-20 07:18:24.502 W/ContextImpl( 1186): Calling a method in the system process without a qualified user: android.app.ContextImpl.sendBroadcastMultiplePermissions:1143 android.content.Context.sendBroadcastWithMultiplePermissions:2150 com.android.server.wifi.p2p.WifiP2pServiceImpl$P2pStateMachine.sendBroadcastMultiplePermissions:3209 com.android.server.wifi.p2p.WifiP2pServiceImpl$P2pStateMachine.sendP2pConnectionChangedBroadcast:3236 com.android.server.wifi.p2p.WifiP2pServiceImpl$P2pStateMachine.access$5100:768 
11-20 07:18:24.509 W/BroadcastQueue( 1186): Permission Denial: receiving Intent { act=android.net.wifi.p2p.CONNECTION_STATE_CHANGE flg=0x24000010 (has extras) } to ProcessRecord{688c834 1907:.qtidataservices/u0a88} (pid=1907, uid=10088) requires android.permission.ACCESS_FINE_LOCATION due to sender android (uid 1000)
11-20 07:18:24.591 W/wificond(  911): Scan is not started. Ignore abort request
11-20 07:18:24.600 W/ContextImpl( 1186): Calling a method in the system process without a qualified user: android.app.ContextImpl.sendBroadcastMultiplePermissions:1143 android.content.Context.sendBroadcastWithMultiplePermissions:2150 com.android.server.wifi.p2p.WifiP2pServiceImpl$P2pStateMachine.sendBroadcastMultiplePermissions:3209 com.android.server.wifi.p2p.WifiP2pServiceImpl$P2pStateMachine.sendThisDeviceChangedBroadcast:3218 com.android.server.wifi.p2p.WifiP2pServiceImpl$P2pStateMachine.updateThisDevice:3962 
11-20 07:18:25.019 D/ConnectivityService( 1186): registerNetworkAgent NetworkAgentInfo{ ni{[type: WIFI[], state: UNKNOWN/IDLE, reason: (unspecified), extra: , failover: false, available: true, roaming: false]}  network{145}  nethandle{626175954957}  lp{{InterfaceName: wlan0 LinkAddresses: [ ] DnsAddresses: [ ] Domains: null MTU: 0 Routes: [ ]}}  nc{[ Transports: WIFI Capabilities: NOT_METERED&INTERNET&NOT_RESTRICTED&TRUSTED&NOT_VPN&NOT_ROAMING&FOREGROUND&NOT_CONGESTED&NOT_SUSPENDED LinkUpBandwidth>=72000Kbps LinkDnBandwidth>=72000Kbps OwnerUid: 1000 SSID: "MTBF_Lab" RequestorUid: -1 RequestorPackageName: null]}  Score{20}  everValidated{false}  lastValidated{false}  created{false} lingering{false} explicitlySelected{false} acceptUnvalidated{false} everCaptivePortalDetected{false} lastCaptivePortalDetected{false} partialConnectivity{false} acceptPartialConnectivity{false} clat{mBaseIface: null, mIface: null, mState: IDLE} }
11-20 07:18:25.062 D/ConnectivityService( 1186): [145 WIFI] EVENT_NETWORK_INFO_CHANGED, going from UNKNOWN to UNKNOWN
11-20 07:18:25.226 D/ConnectivityService( 1186): NetReassign [no changes]
11-20 07:18:25.250 I/Nat464Xlat( 1186): Android Xlat is disabled
11-20 07:18:25.250 I/Nat464Xlat( 1186): Android Xlat is disabled
11-20 07:18:25.378 E/ConnectivityService( 1186): Exception in networkAddRouteParcel for non-gateway: android.os.ServiceSpecificException: Machine is not on the network (code 64)
11-20 07:18:25.379 E/ConnectivityService( 1186): Exception in networkAddRouteParcel for gateway: android.os.ServiceSpecificException: Machine is not on the network (code 64)
11-20 07:18:25.380 I/Nat464Xlat( 1186): Android Xlat is disabled
11-20 07:18:25.380 I/Nat464Xlat( 1186): Android Xlat is disabled
11-20 07:18:25.515 D/ConnectivityService( 1186): Setting DNS servers for network 145 to [/192.168.1.1]
11-20 07:18:25.528 I/Nat464Xlat( 1186): Android Xlat is disabled
11-20 07:18:25.529 I/Nat464Xlat( 1186): Android Xlat is disabled
11-20 07:18:25.597 D/ConnectivityService( 1186): [145 WIFI] EVENT_NETWORK_INFO_CHANGED, going from UNKNOWN to CONNECTED
11-20 07:18:25.602 D/DnsManager( 1186): sendDnsConfigurationForNetwork(145, [192.168.1.1], [], 1800, 25, 8, 64, 0, 0, , [])
11-20 07:18:25.615 W/DnsManager( 1186): updatePrivateDns(145, PrivateDnsConfig{true:/[]})
11-20 07:18:25.615 D/ConnectivityService( 1186): Setting DNS servers for network 145 to [/192.168.1.1]
11-20 07:18:25.616 D/DnsManager( 1186): sendDnsConfigurationForNetwork(145, [192.168.1.1], [], 1800, 25, 8, 64, 0, 0, , [192.168.1.1])
11-20 07:18:25.618 D/ConnectivityService( 1186): Adding iface wlan0 to network 145
11-20 07:18:25.647 D/ConnectivityService( 1186): Setting DNS servers for network 145 to [/192.168.1.1]
11-20 07:18:25.647 D/DnsManager( 1186): sendDnsConfigurationForNetwork(145, [192.168.1.1], [], 1800, 25, 8, 64, 0, 0, , [192.168.1.1])
11-20 07:18:25.649 I/Nat464Xlat( 1186): Android Xlat is disabled
11-20 07:18:25.650 I/Nat464Xlat( 1186): Android Xlat is disabled
11-20 07:18:25.701 D/ConnectivityService( 1186): NetReassign [no changes]
11-20 07:18:26.010 D/ConnectivityService( 1186): [145 WIFI] validation passed
11-20 07:18:26.010 D/ConnectivityService( 1186): NetReassign [44 : 101 → 145, 1191 : 101 → 145, 11 : 101 → 145, 63 : 101 → 145, 17 : 101 → 145, 25 : 101 → 145, 1 : 101 → 145, 1196 : 101 → 145, 8 : 101 → 145, 654 : 101 → 145, 12 : 101 → 145, 14 : 101 → 145, 16 : 101 → 145, 22 : 101 → 145]
11-20 07:18:26.015 E/NetlinkEvent(  462): NetlinkEvent::FindParam(): Parameter 'INTERFACE' not found
11-20 07:18:26.015 E/NetlinkEvent(  462): NetlinkEvent::FindParam(): Parameter 'STATE' not found
11-20 07:18:26.015 E/NetlinkEvent(  462): NetlinkEvent::FindParam(): Parameter 'TIME_NS' not found
11-20 07:18:26.015 E/NetlinkEvent(  462): NetlinkEvent::FindParam(): Parameter 'UID' not found
11-20 07:18:26.048 D/ConnectivityService( 1186): Switching to new default network: NetworkAgentInfo{ ni{[type: WIFI[], state: CONNECTED/CONNECTED, reason: (unspecified), extra: , failover: false, available: true, roaming: false]}  network{145}  nethandle{626175954957}  lp{{InterfaceName: wlan0 LinkAddresses: [ 192.168.1.41/24 ] DnsAddresses: [ /192.168.1.1 ] Domains: null MTU: 0 ServerAddress: /192.168.1.1 TcpBufferSizes: 524288,1048576,2097152,262144,524288,1048576 Routes: [ fe80::/64 -> :: wlan0 mtu 0,192.168.1.0/24 -> 0.0.0.0 wlan0 mtu 0,0.0.0.0/0 -> 192.168.1.1 wlan0 mtu 0 ]}}  nc{[ Transports: WIFI Capabilities: NOT_METERED&INTERNET&NOT_RESTRICTED&TRUSTED&NOT_VPN&VALIDATED&NOT_ROAMING&FOREGROUND&NOT_CONGESTED&NOT_SUSPENDED LinkUpBandwidth>=60000Kbps LinkDnBandwidth>=60000Kbps SignalStrength: -32 OwnerUid: 1000 SSID: "MTBF_Lab" RequestorUid: -1 RequestorPackageName: null]}  Score{60}  everValidated{true}  lastValidated{true}  created{true} lingering{false} explicitlySelected{false} acceptUnvalidated{false} everCaptivePortalDetected{false} lastCaptivePortalDetected{false} partialConnectivity{false} acceptPartialConnectivity{false} clat{mBaseIface: null, mIface: null, mState: IDLE} }
11-20 07:18:26.195 D/ConnectivityService( 1186): Lingering [101 CELLULAR] for 30000ms
11-20 07:18:26.197 D/ConnectivityService( 1186): Sending DISCONNECTED broadcast for type 0 [101 CELLULAR] isDefaultNetwork=true
11-20 07:18:26.198 D/ConnectivityService( 1186): Sending CONNECTED broadcast for type 1 [145 WIFI] isDefaultNetwork=true
--------- beginning of main
11-20 07:18:26.241 V/LigerRadioStatsReporter( 2357): reportAndCheckpointRadioStats: Tags=null
11-20 07:18:26.241 D/ConnectivityService( 1186): Setting DNS servers for network 145 to [/192.168.1.1]
11-20 07:18:26.241 D/DnsManager( 1186): sendDnsConfigurationForNetwork(145, [192.168.1.1], [], 1800, 25, 8, 64, 0, 0, , [192.168.1.1])
11-20 07:18:26.253 E/QMI_FW  ( 1042): qmi_cci_get_ref: ref count increased 2
11-20 07:18:26.254 W/resolv  (  462): Validating DnsTlsServer on netId 145
11-20 07:18:26.257 E/QMI_FW  ( 1042): qmi_cci_get_ref: ref count increased 2
11-20 07:18:26.258 D/PhoneInterfaceManager( 1984): setModemActivityInfo
11-20 07:18:26.258 D/FbSideCarManager( 1984): setModemActivityInfo
11-20 07:18:26.258 D/FbSideCarManager( 1984): setModemActivityInfo
11-20 07:18:26.259 D/WirelessInsightServiceImpl( 1984): setModemActivityInfo
11-20 07:18:26.259 D/FbSideCarManager( 1984): setModemActivityInfoInternal success
11-20 07:18:26.259 D/PhoneInterfaceManager( 1984): setModemActivityInfo: success.
11-20 07:18:26.259 D/WirelessInsightServiceImpl( 1984): notifyListeners: listeners = 0, modemActivityInfo = ModemActivityInfo{ mTimestamp=55789959 mSleepTimeMs=34535646 mIdleTimeMs=298593 mTransmitPowerInfo[]=[TransmitPower{ mTimeInMillis=27 mPowerRangeInDbm={-2147483648,0}}, TransmitPower{ mTimeInMillis=771397 mPowerRangeInDbm={0,5}}, TransmitPower{ mTimeInMillis=6641 mPowerRangeInDbm={5,15}}, TransmitPower{ mTimeInMillis=36519 mPowerRangeInDbm={15,20}}, TransmitPower{ mTimeInMillis=493929 mPowerRangeInDbm={20,2147483647}}] mRxTimeMs=19612192}
11-20 07:18:26.259 W/resolv  (  462): SSL_connect ssl error =5, mark 0xf0091: Connection refused
11-20 07:18:26.262 W/resolv  (  462): Validation failed
11-20 07:18:26.270 D/QCNEJ/WlanStaInfoRelay( 1907): retrieveCountryCode:Location obtained from Telephony: us
11-20 07:18:26.275 I/Nat464Xlat( 1186): Android Xlat is disabled
11-20 07:18:26.280 D/WifiConnector( 2870): Configured Networks Changed
11-20 07:18:26.281 E/QMI_FW  (  915): qmi_cci_get_ref: ref count increased 2
11-20 07:18:26.283 E/QMI_FW  (  915): qmi_cci_get_ref: ref count increased 2
11-20 07:18:26.291 E/QMI_FW  ( 1042): qmi_cci_get_ref: ref count increased 2
11-20 07:18:26.293 E/QMI_FW  ( 1042): qmi_cci_get_ref: ref count increased 2
11-20 07:18:26.312 I/WifiClientModeImpl( 1186): Default Gateway MAC address of 6c:cd:d6:25:63:2a from routes is : 6c:cd:d6:25:63:2a
11-20 07:18:26.339 E/QMI_FW  ( 1042): qmi_cci_get_ref: ref count increased 2
11-20 07:18:26.352 E/QMI_FW  ( 1042): qmi_cci_get_ref: ref count increased 2
11-20 07:18:26.360 I/chatty  ( 1042): uid=1001(radio) main identical 6 lines
11-20 07:18:26.361 E/QMI_FW  ( 1042): qmi_cci_get_ref: ref count increased 2
11-20 07:18:26.364 E/QMI_FW  ( 1042): qmi_cci_get_ref: ref count increased 2
11-20 07:18:26.369 I/chatty  ( 1042): uid=1001(radio) main identical 4 lines
11-20 07:18:26.370 E/QMI_FW  ( 1042): qmi_cci_get_ref: ref count increased 2
11-20 07:18:26.371 D/WifiMemoryStoreImpl( 1186): Set cluster Ga6eb8feabe7908d4 for W958a1754935a727: SUCCESS
11-20 07:18:26.374 E/QMI_FW  ( 1042): qmi_cci_get_ref: ref count increased 2
11-20 07:18:26.378 E/QMI_FW  ( 1042): qmi_cci_get_ref: ref count increased 2
11-20 07:18:26.392 D/WifiConfigStore( 1186): Writing to stores completed in 74 ms.
11-20 07:18:26.412 E/WifiClientModeImpl( 1186): getScanResults scanRes.BSSID = 12:d7:96:61:85:9f
11-20 07:18:26.412 E/WifiClientModeImpl( 1186): getScanResults scanRes.BSSID = 5e:6e:be:46:77:d7
11-20 07:18:26.412 E/WifiClientModeImpl( 1186): getScanResults scanRes.BSSID = 2c:57:41:86:6c:01
11-20 07:18:26.412 E/WifiClientModeImpl( 1186): getScanResults scanRes.BSSID = fe:2d:5a:49:61:eb
11-20 07:18:26.412 E/WifiClientModeImpl( 1186): getScanResults scanRes.BSSID = c6:82:9b:4e:b3:9e
11-20 07:18:26.412 E/WifiClientModeImpl( 1186): getScanResults scanRes.BSSID = be:9e:0e:1c:6e:7f
11-20 07:18:26.412 E/WifiClientModeImpl( 1186): getScanResults scanRes.BSSID = 6c:cd:d6:25:63:2a
11-20 07:18:26.412 I/WifiClientModeImpl( 1186): Current network: "MTBF_Lab"WPA_PSK
11-20 07:18:26.414 D/QCNEJ/NativeHalConnector( 1907): -> SND notifyWifiAvailable(v4Connected = truev6Connected = , false, isAndroidValidated = true)
11-20 07:18:26.414 I/SupplicantStaIfaceHal( 1186): cleared linked networks
11-20 07:18:28.301 D/QCNEJ/WlanStaInfoRelay( 1907): Received action: android.net.wifi.RSSI_CHANGED
11-20 07:18:28.301 D/WearableConnectivityManager(11143): onWifiStrengthChange: -33
11-20 07:18:28.309 V/LigerRadioStatsReporter( 2357): onCapabilitiesChanged: Network capabilities changed
11-20 07:18:28.309 V/LigerRadioStatsReporter( 2357): reportAndCheckpointRadioStats
11-20 07:18:28.310 V/LigerRadioStatsReporter( 2357): +++++++++++ RADIO STATS DUMP +++++++++++
11-20 07:18:28.310 V/LigerRadioStatsReporter( 2357): totalActiveRadioTimeMs=0
11-20 07:18:28.310 V/LigerRadioStatsReporter( 2357): totalTailRadioTimeMs=13993
11-20 07:18:28.310 V/LigerRadioStatsReporter( 2357): totalWakeupCount=0
11-20 07:18:28.310 V/LigerRadioStatsReporter( 2357): httpUpBytes=0
11-20 07:18:28.310 V/LigerRadioStatsReporter( 2357): httpDownBytes=0
11-20 07:18:28.310 V/LigerRadioStatsReporter( 2357): httpWakeupCount=0
11-20 07:18:28.310 V/LigerRadioStatsReporter( 2357): httpRequestCount=0
11-20 07:18:28.311 V/LigerRadioStatsReporter( 2357): httpActiveRadioTimeMs=0
11-20 07:18:28.311 V/LigerRadioStatsReporter( 2357): httpTailRadioTimeMs=13993
11-20 07:18:28.311 V/LigerRadioStatsReporter( 2357): reportAndCheckpointRadioStats: Tx=0
11-20 07:18:28.311 V/LigerRadioStatsReporter( 2357): reportAndCheckpointRadioStats: Rx=0
11-20 07:18:28.311 V/LigerRadioStatsReporter( 2357): reportAndCheckpointRadioStats: Uids=10027
11-20 07:18:28.311 V/LigerRadioStatsReporter( 2357): reportAndCheckpointRadioStats: Tags=null
11-20 07:18:32.677 E/QMI_FW  ( 1042): qmi_cci_get_ref: ref count increased 2
11-20 07:18:32.681 E/QMI_FW  ( 1042): qmi_cci_get_ref: ref count increased 2
11-20 07:18:32.682 D/PhoneInterfaceManager( 1984): setModemActivityInfo
11-20 07:18:32.682 D/FbSideCarManager( 1984): setModemActivityInfo
11-20 07:18:32.682 D/FbSideCarManager( 1984): setModemActivityInfo
11-20 07:18:32.682 D/WirelessInsightServiceImpl( 1984): setModemActivityInfo
11-20 07:18:32.682 D/FbSideCarManager( 1984): setModemActivityInfoInternal success
11-20 07:18:32.682 D/PhoneInterfaceManager( 1984): setModemActivityInfo: success.
11-20 07:18:32.683 D/WirelessInsightServiceImpl( 1984): notifyListeners: listeners = 0, modemActivityInfo = ModemActivityInfo{ mTimestamp=55800407 mSleepTimeMs=34543680 mIdleTimeMs=298805 mTransmitPowerInfo[]=[TransmitPower{ mTimeInMillis=27 mPowerRangeInDbm={-2147483648,0}}, TransmitPower{ mTimeInMillis=771445 mPowerRangeInDbm={0,5}}, TransmitPower{ mTimeInMillis=6641 mPowerRangeInDbm={5,15}}, TransmitPower{ mTimeInMillis=36519 mPowerRangeInDbm={15,20}}, TransmitPower{ mTimeInMillis=493951 mPowerRangeInDbm={20,2147483647}}] mRxTimeMs=19614325}
11-20 07:18:32.785 I/hwservicemanager(  360): getTransport: Cannot find entry android.hardware.power.stats@1.0::IPowerStats/default in either framework or device manifest.
11-20 07:18:32.788 I/hwservicemanager(  360): getTransport: Cannot find entry android.hardware.power@1.0::IPower/default in either framework or device manifest.
11-20 07:18:32.792 E/BatteryStatsService( 1186): Unable to load Power Hal or power.stats HAL
11-20 07:18:26.275 I/Nat464Xlat( 1186): Android Xlat is disabled
11-20 07:18:32.799 D/WearableBatteryStatsProvider( 1186): ------ BEGIN Bluetooth power supplementing ------
11-20 07:18:33.837 D/commandrouter( 1006): rtc_sync (1, rtc:sync): <ServiceRequest> FORWARDED (remote -> local) service client ID = 0, token ID = 38343
11-20 07:18:33.837 D/vendor.facebook.rtc_sync@1.0-service( 1145): Request req_ts=1637392713836037997 resp_ts=1637392713837410806
11-20 07:18:33.837 D/commandrouter( 1006): SocServiceHandle::onServiceMessage, SoC Service = rtc_sync, appType = 1, type = SVC_RESP, clientId = 0, token = 38343, payloadLen = 8, result = 0, payload.size() = 8
11-20 07:18:36.003 I/vendor.rmt_storage(  621): rmt_storage_connect_cb: clnt_h=0x5e conn_h=0x9ea89030
11-20 07:18:36.003 I/vendor.rmt_storage(  621): rmt_storage_rw_iovec_cb: /boot/modem_fs2: req_h=0x5e msg_id=3: R/W request received (wr_count 86)
11-20 07:18:36.003 I/vendor.rmt_storage(  621): wakelock acquired: 1, error no: 11
11-20 07:18:36.003 I/vendor.rmt_storage(  621): rmt_storage_client_thread: /boot/modem_fs2: Unblock worker thread (th_id: -1645932096)
11-20 07:18:36.090 I/vendor.rmt_storage(  621): rmt_storage_client_thread: /boot/modem_fs2: req_h=0x5e msg_id=3: Bytes written = 1572864, wr_count 86
11-20 07:18:36.090 I/vendor.rmt_storage(  621): rmt_storage_client_thread: /boot/modem_fs2: req_h=0x5e msg_id=3: Send response: res=0 err=0, wr_count 86
11-20 07:18:36.090 I/vendor.rmt_storage(  621): rmt_storage_client_thread: /boot/modem_fs2: About to block rmt_storage client thread (th_id: -1645932096) wakelock released: 1, error no: 0
11-20 07:18:36.090 I/vendor.rmt_storage(  621): 
11-20 07:18:36.094 I/vendor.rmt_storage(  621): rmt_storage_disconnect_cb: clnt_h=0x5e conn_h=0x9ea89030
11-20 07:18:36.325 E/QMI_FW  ( 1042): qmi_cci_get_ref: ref count increased 2
11-20 07:18:36.326 E/QMI_FW  ( 1042): qmi_cci_get_ref: ref count increased 2
11-20 07:18:36.326 E/QMI_FW  ( 1042): qmi_cci_get_ref: ref count increased 2
11-20 07:18:43.118 E/QMI_FW  (  924): qmi_cci_get_ref: ref count increased 2
11-20 07:18:43.119 E/QMI_FW  (  924): qmi_cci_get_ref: ref count increased 2
11-20 07:18:43.292 E/QMI_FW  ( 1042): qmi_cci_get_ref: ref count increased 2
11-20 07:18:43.293 E/QMI_FW  ( 1042): qmi_cci_get_ref: ref count increased 2
11-20 07:18:43.293 E/QMI_FW  ( 1042): qmi_cci_get_ref: ref count increased 2
11-20 07:18:43.434 D/CompatibilityInfo( 1186): mCompatibilityFlags - 4
11-20 07:18:43.434 D/CompatibilityInfo( 1186): applicationDensity - 320
11-20 07:18:43.434 D/CompatibilityInfo( 1186): applicationScale - 1.0
11-20 07:18:43.436 D/WifiNative( 1186): Scan trigered from WifiNative
11-20 07:18:43.438 I/chatty  ( 1026): uid=1021(gps) lowi-server expire 222 lines
11-20 07:18:43.438 V/WifiHAL (  544): event received NL80211_CMD_TRIGGER_SCAN
11-20 07:18:43.561 V/WifiHAL (  544): event received NL80211_CMD_NEW_SCAN_RESULTS
11-20 07:18:43.575 D/WifiNl80211Manager( 1186): Scan result ready event
11-20 07:18:43.575 D/WifiNative( 1186): Scan result ready event
11-20 07:18:43.580 I/chatty  ( 1026): uid=1021(gps) lowi-server expire 7 lines
11-20 07:18:43.587 D/WificondScannerImpl( 1186): Filtering out 18 scan results.
11-20 07:18:43.742 E/QMI_FW  ( 1042): qmi_cci_get_ref: ref count increased 2
11-20 07:18:43.834 D/commandrouter( 1006): rtc_sync (1, rtc:sync): <ServiceRequest> FORWARDED (remote -> local) service client ID = 0, token ID = 38344
11-20 07:18:43.834 D/vendor.facebook.rtc_sync@1.0-service( 1145): Request req_ts=1637392723830410806 resp_ts=1637392723834633719
11-20 07:18:43.835 D/commandrouter( 1006): SocServiceHandle::onServiceMessage, SoC Service = rtc_sync, appType = 1, type = SVC_RESP, clientId = 0, token = 38344, payloadLen = 8, result = 0, payload.size() = 8
11-20 07:18:43.837 I/QImsService( 1961): ImsRadioIndication : onRegistrationChanged_1_6()
11-20 07:18:43.841 I/QImsService( 1961): ImsSenderRxr : [UNSL]< UNSOL_RESPONSE_IMS_NETWORK_STATE_CHANGED[SUB0]
11-20 07:18:43.852 I/QImsService( 1961): ImsServiceSubHandler : Message received: what = 2
11-20 07:18:43.853 I/QImsService( 1961): ImsServiceSub : [0] handleImsStateChanged
11-20 07:18:43.858 I/QImsService( 1961): ImsSenderRxr : [1231]> REQUEST_QUERY_SERVICE_STATUS [SUB0]
11-20 07:18:43.866 I/QImsService( 1961): ImsServiceSub : [0] VOLTE ims registered, WFC change to Not  registered
11-20 07:18:43.872 I/QImsService( 1961): ImsServiceSub : [0] sendBroadcastForDisconnected
11-20 07:18:43.880 I/QImsService( 1961): ImsRadioResponse : queryServiceStatusResponse_1_6()
11-20 07:18:43.881 D/NetworkController.MobileSignalController(1)( 1762): onRegistered imsTransportType=1
11-20 07:18:43.881 I/QImsService( 1961): Class : Num of SrvUpdates = 6
11-20 07:18:43.882 I/QImsService( 1961): Class :  networkMode = 14 status = 2 restrictCause = 0 registered = 1
11-20 07:18:43.882 I/QImsService( 1961): Class : Partially Enabled Status due to Restrict Cause
11-20 07:18:43.882 I/QImsService( 1961): Class : RTT: copySrvStatusList rtt mode = 2
11-20 07:18:43.882 I/QImsService( 1961): Class :  networkMode = 14 status = 2 restrictCause = 0 registered = 1
11-20 07:18:43.882 I/QImsService( 1961): Class : Partially Enabled Status due to Restrict Cause
11-20 07:18:43.882 I/QImsService( 1961): Class : RTT: copySrvStatusList rtt mode = 2
11-20 07:18:43.882 D/ImsRegCallbackHelper( 1984): updateRegistrationState: registration state from 2 to 2
11-20 07:18:43.882 I/QImsService( 1961): Class :  networkMode = 14 status = 2 restrictCause = 0 registered = 1
11-20 07:18:43.882 I/QImsService( 1961): Class : Partially Enabled Status due to Restrict Cause
11-20 07:18:43.882 I/QImsService( 1961): Class : RTT: copySrvStatusList rtt mode = 2
11-20 07:18:43.882 I/QImsService( 1961): Class :  networkMode = 14 status = 2 restrictCause = 0 registered = 1
11-20 07:18:43.882 I/QImsService( 1961): Class : Partially Enabled Status due to Restrict Cause
11-20 07:18:43.882 I/QImsService( 1961): Class : RTT: copySrvStatusList rtt mode = 2
11-20 07:18:43.882 I/QImsService( 1961): Class :  networkMode = 14 status = 2 restrictCause = 0 registered = 1
11-20 07:18:43.882 I/QImsService( 1961): Class : Partially Enabled Status due to Restrict Cause
11-20 07:18:43.882 I/QImsService( 1961): Class : RTT: copySrvStatusList rtt mode = 2
11-20 07:18:43.882 I/QImsService( 1961): Class :  networkMode = 14 status = 2 restrictCause = 0 registered = 1
11-20 07:18:43.882 I/QImsService( 1961): Class : Partially Enabled Status due to Restrict Cause
11-20 07:18:43.882 I/QImsService( 1961): Class : RTT: copySrvStatusList rtt mode = 2
11-20 07:18:43.885 I/QImsService( 1961): ImsSenderRxr : [1231]< REQUEST_QUERY_SERVICE_STATUS [org.codeaurora.ims.ServiceStatus@3b98fdd, org.codeaurora.ims.ServiceStatus@1c5c752, org.codeaurora.ims.ServiceStatus@f5d0a23, org.codeaurora.ims.ServiceStatus@dc62b20, org.codeaurora.ims.ServiceStatus@9444cd9, org.codeaurora.ims.ServiceStatus@a55069e][SUB0]
11-20 07:18:43.885 I/QImsService( 1961): ImsServiceSubHandler : Message received: what = 5
11-20 07:18:43.885 I/QImsService( 1961): ImsServiceSub : [0] Received event: EVENT_GET_STATUS_UPDATE
11-20 07:18:43.885 I/QImsService( 1961): ImsServiceSub : [0] type = 5 status = 1 isValid = true
11-20 07:18:43.886 I/QImsService( 1961): ImsServiceSub : [0] Call Type 5has num updates = 1
11-20 07:18:43.886 I/QImsService( 1961): ImsServiceSub : [0] StatusForAccessTech networkMode = 14 registered = 1 status = 2 restrictCause = 0
11-20 07:18:43.886 I/QImsService( 1961): ImsServiceSub : [0] type = 0 status = 1 isValid = true
11-20 07:18:43.886 I/QImsService( 1961): ImsServiceSub : [0] Call Type 0has num updates = 1
11-20 07:18:43.886 I/QImsService( 1961): ImsServiceSub : [0] StatusForAccessTech networkMode = 14 registered = 1 status = 2 restrictCause = 0
11-20 07:18:43.886 I/QImsService( 1961): ImsServiceSub : [0] type = 3 status = 1 isValid = true
11-20 07:18:43.886 I/QImsService( 1961): ImsServiceSub : [0] Call Type 3has num updates = 1
11-20 07:18:43.886 I/QImsService( 1961): ImsServiceSub : [0] StatusForAccessTech networkMode = 14 registered = 1 status = 2 restrictCause = 0
11-20 07:18:43.886 I/QImsService( 1961): ImsServiceSub : [0] type = 1 status = 1 isValid = true
11-20 07:18:43.886 I/QImsService( 1961): ImsServiceSub : [0] Call Type 1has num updates = 1
11-20 07:18:43.886 I/QImsService( 1961): ImsServiceSub : [0] StatusForAccessTech networkMode = 14 registered = 1 status = 2 restrictCause = 0
11-20 07:18:43.886 I/QImsService( 1961): ImsServiceSub : [0] type = 2 status = 1 isValid = true
11-20 07:18:43.886 I/QImsService( 1961): ImsServiceSub : [0] Call Type 2has num updates = 1
11-20 07:18:43.886 I/QImsService( 1961): ImsServiceSub : [0] StatusForAccessTech networkMode = 14 registered = 1 status = 2 restrictCause = 0
11-20 07:18:43.886 I/QImsService( 1961): ImsServiceSub : [0] type = 25 status = 1 isValid = true
11-20 07:18:43.886 I/QImsService( 1961): ImsServiceSub : [0] Call Type 25has num updates = 1
