11-21 15:08:49.716 D/ConnectivityService( 1186): [216 WIFI] EVENT_NETWORK_INFO_CHANGED, going from UNKNOWN to UNKNOWN
11-21 15:08:49.855 D/ConnectivityService( 1186): NetReassign [no changes]
11-21 15:08:49.904 I/Nat464Xlat( 1186): Android Xlat is disabled
11-21 15:08:49.904 I/Nat464Xlat( 1186): Android Xlat is disabled
11-21 15:08:50.072 E/ConnectivityService( 1186): Exception in networkAddRouteParcel for non-gateway: android.os.ServiceSpecificException: Machine is not on the network (code 64)
11-21 15:08:50.073 E/ConnectivityService( 1186): Exception in networkAddRouteParcel for gateway: android.os.ServiceSpecificException: Machine is not on the network (code 64)
11-21 15:08:50.073 I/Nat464Xlat( 1186): Android Xlat is disabled
11-21 15:08:50.073 I/Nat464Xlat( 1186): Android Xlat is disabled
11-21 15:08:50.130 D/ConnectivityService( 1186): Setting DNS servers for network 216 to [/192.168.1.1]
11-21 15:08:50.134 I/Nat464Xlat( 1186): Android Xlat is disabled
11-21 15:08:50.134 I/Nat464Xlat( 1186): Android Xlat is disabled
11-21 15:08:50.229 D/ConnectivityService( 1186): [216 WIFI] EVENT_NETWORK_INFO_CHANGED, going from UNKNOWN to CONNECTED
11-21 15:08:50.236 D/DnsManager( 1186): sendDnsConfigurationForNetwork(216, [192.168.1.1], [], 1800, 25, 8, 64, 0, 0, , [])
11-21 15:08:50.260 W/DnsManager( 1186): updatePrivateDns(216, PrivateDnsConfig{true:/[]})
11-21 15:08:50.262 D/ConnectivityService( 1186): Setting DNS servers for network 216 to [/192.168.1.1]
11-21 15:08:50.262 D/DnsManager( 1186): sendDnsConfigurationForNetwork(216, [192.168.1.1], [], 1800, 25, 8, 64, 0, 0, , [192.168.1.1])
11-21 15:08:50.264 D/ConnectivityService( 1186): Adding iface wlan0 to network 216
11-21 15:08:50.304 D/ConnectivityService( 1186): Setting DNS servers for network 216 to [/192.168.1.1]
11-21 15:08:50.305 D/DnsManager( 1186): sendDnsConfigurationForNetwork(216, [192.168.1.1], [], 1800, 25, 8, 64, 0, 0, , [192.168.1.1])
11-21 15:08:50.307 I/Nat464Xlat( 1186): Android Xlat is disabled
11-21 15:08:50.307 I/Nat464Xlat( 1186): Android Xlat is disabled
11-21 15:08:50.370 D/ConnectivityService( 1186): NetReassign [no changes]
11-21 15:08:50.673 D/ConnectivityService( 1186): [216 WIFI] validation passed
11-21 15:08:50.674 D/ConnectivityService( 1186): NetReassign [44 : 101 → 216, 11 : 101 → 216, 63 : 101 → 216, 2885 : 101 → 216, 2235 : 101 → 216, 2877 : 101 → 216, 17 : 101 → 216, 25 : 101 → 216, 1438 : 101 → 216, 1 : 101 → 216, 2887 : 101 → 216, 8 : 101 → 216, 12 : 101 → 216, 14 : 101 → 216, 16 : 101 → 216, 22 : 101 → 216]
11-21 15:08:50.677 E/NetlinkEvent(  462): NetlinkEvent::FindParam(): Parameter 'INTERFACE' not found
11-21 15:08:50.677 E/NetlinkEvent(  462): NetlinkEvent::FindParam(): Parameter 'STATE' not found
11-21 15:08:50.677 E/NetlinkEvent(  462): NetlinkEvent::FindParam(): Parameter 'TIME_NS' not found
11-21 15:08:50.677 E/NetlinkEvent(  462): NetlinkEvent::FindParam(): Parameter 'UID' not found
11-21 15:08:50.695 D/ConnectivityService( 1186): Switching to new default network: NetworkAgentInfo{ ni{[type: WIFI[], state: CONNECTED/CONNECTED, reason: (unspecified), extra: , failover: false, available: true, roaming: false]}  network{216}  nethandle{931118632973}  lp{{InterfaceName: wlan0 LinkAddresses: [ 192.168.1.41/24 ] DnsAddresses: [ /192.168.1.1 ] Domains: null MTU: 0 ServerAddress: /192.168.1.1 TcpBufferSizes: 524288,1048576,2097152,262144,524288,1048576 Routes: [ fe80::/64 -> :: wlan0 mtu 0,192.168.1.0/24 -> 0.0.0.0 wlan0 mtu 0,0.0.0.0/0 -> 192.168.1.1 wlan0 mtu 0 ]}}  nc{[ Transports: WIFI Capabilities: NOT_METERED&INTERNET&NOT_RESTRICTED&TRUSTED&NOT_VPN&VALIDATED&NOT_ROAMING&FOREGROUND&NOT_CONGESTED&NOT_SUSPENDED LinkUpBandwidth>=61000Kbps LinkDnBandwidth>=61000Kbps SignalStrength: -34 OwnerUid: 1000 SSID: "MTBF_Lab" RequestorUid: -1 RequestorPackageName: null]}  Score{60}  everValidated{true}  lastValidated{true}  created{true} lingering{false} explicitlySelected{false} acceptUnvalidated{false} everCaptivePortalDetected{false} lastCaptivePortalDetected{false} partialConnectivity{false} acceptPartialConnectivity{false} clat{mBaseIface: null, mIface: null, mState: IDLE} }
11-21 15:08:50.796 W/SimpleTimeDetectorStrategy( 1186): Existing suggestion found to be invalid  elapsedRealtimeMillis=170418522, timeSuggestion=TelephonyTimeSuggestion{mSlotIndex='0', mUtcTime=TimestampedValue{mReferenceTimeMillis=57092, mValue=1637365770000}, mDebugInfo=[Sending new time suggestion nitzSignal=TimestampedValue{mReferenceTimeMillis=57092, mValue=NitzData{mOriginalString=21/11/19,23:49:30-32,00, mZoneOffset=-28800000, mDstOffset=0, mCurrentTimeMillis=1637365770000, mEmulatorHostTimeZone=null}}, reason=handleNitzReceived(TimestampedValue{mReferenceTimeMillis=57092, mValue=NitzData{mOriginalString=21/11/19,23:49:30-32,00, mZoneOffset=-28800000, mDstOffset=0, mCurrentTimeMillis=1637365770000, mEmulatorHostTimeZone=null}})]}
11-21 15:08:50.862 D/ConnectivityService( 1186): Lingering [101 CELLULAR] for 30000ms
11-21 15:08:50.864 D/ConnectivityService( 1186): Sending DISCONNECTED broadcast for type 0 [101 CELLULAR] isDefaultNetwork=true
11-21 15:08:50.866 D/ConnectivityService( 1186): Sending CONNECTED broadcast for type 1 [216 WIFI] isDefaultNetwork=true
11-21 15:08:50.911 D/ConnectivityService( 1186): Setting DNS servers for network 216 to [/192.168.1.1]
11-21 15:08:50.911 D/DnsManager( 1186): sendDnsConfigurationForNetwork(216, [192.168.1.1], [], 1800, 25, 8, 64, 0, 0, , [192.168.1.1])
11-21 15:08:50.935 I/Nat464Xlat( 1186): Android Xlat is disabled
11-21 15:08:50.936 I/Nat464Xlat( 1186): Android Xlat is disabled
11-21 15:08:53.401 D/commandrouter( 1006): rtc_sync (1, rtc:sync): <ServiceRequest> FORWARDED (remote -> local) service client ID = 0, token ID = 49804
11-21 15:08:53.401 D/commandrouter( 1006): SocServiceHandle::onServiceMessage, SoC Service = rtc_sync, appType = 1, type = SVC_RESP, clientId = 0, token = 49804, payloadLen = 8, result = 0, payload.size() = 8
11-21 15:09:00.372 D/commandrouter( 1006): SocServiceHandle::onServiceMessage, SoC Service = mcu_healthcheck_1029, appType = 1, type = SVC_REQ, clientId = 0, token = 5678, payloadLen = 12, result = 0, payload.size() = 12
11-21 15:09:00.376 D/commandrouter( 1006): mcu_healthcheck_1029 (1, merlot:mcu_health:control): <ServiceResponse> FORWARDED (remote -> local) CR token ID = 5678, service client ID = 40, token ID = 10853, result = 0
11-21 15:09:00.376 D/mculinkhealth( 1029): isMcuReachable 1 (4 ms)
11-21 15:09:01.274 D/AppStorageManager( 1186): BEFORE:: Previous Size: 883896320 Current Size: 884875264
11-21 15:09:01.274 D/AppStorageManager( 1186): AFTER:: Previous Size: 884875264 Current Size: 884875264
11-21 15:09:03.391 D/commandrouter( 1006): rtc_sync (1, rtc:sync): <ServiceRequest> FORWARDED (remote -> local) service client ID = 0, token ID = 49805
11-21 15:09:03.391 D/commandrouter( 1006): SocServiceHandle::onServiceMessage, SoC Service = rtc_sync, appType = 1, type = SVC_RESP, clientId = 0, token = 49805, payloadLen = 8, result = 0, payload.size() = 8
11-21 15:09:09.393 D/AutofillManagerService( 1186): onBackKeyPressed()
11-21 15:09:10.457 I/chatty  ( 1186): uid=1000(system) android.ui identical 2 lines
11-21 15:09:11.721 D/AutofillManagerService( 1186): onBackKeyPressed()
11-21 15:09:12.206 W/ActivityManager( 1186): Invalid packageName: com.facebook.wearable.system.settings/com.facebook.wearable.system.settings.SettingsActivity
11-21 15:09:12.335 I/ActivityTaskManager( 1186): START u0 {flg=0x10000000 cmp=com.facebook.wearable.system.settings/.SettingsActivity} from uid 0
11-21 15:09:12.355 I/ActivityTaskManager( 1186): The Process com.facebook.wearable.system.settings Already Exists in BG. So sending its PID: 4763
11-21 15:09:12.356 W/ActivityTaskManager( 1186): Tried to set launchTime (0) < mLastActivityLaunchTime (170409045)
11-21 15:09:13.386 D/commandrouter( 1006): rtc_sync (1, rtc:sync): <ServiceRequest> FORWARDED (remote -> local) service client ID = 0, token ID = 49806
11-21 15:09:13.386 D/commandrouter( 1006): SocServiceHandle::onServiceMessage, SoC Service = rtc_sync, appType = 1, type = SVC_RESP, clientId = 0, token = 49806, payloadLen = 8, result = 0, payload.size() = 8
11-21 15:09:15.254 E/TaskPersister( 1186): File error accessing recents directory (directory doesn't exist?).
11-21 15:09:20.105 W/ContextImpl( 1186): Calling a method in the system process without a qualified user: android.app.ContextImpl.sendBroadcastMultiplePermissions:1143 android.content.Context.sendBroadcastWithMultiplePermissions:2150 com.android.server.display.WifiDisplayAdapter.handleSendStatusChangeBroadcast:440 com.android.server.display.WifiDisplayAdapter.access$1700:63 com.android.server.display.WifiDisplayAdapter$WifiDisplayHandler.handleMessage:675 
11-21 15:09:20.558 I/wificond(  911): Fail RSSI polling because wifi is not associated.
11-21 15:09:20.679 D/ConnectivityService( 1186): handleLingerComplete for [101 CELLULAR]
11-21 15:09:20.789 D/ConnectivityService( 1186): [216 WIFI] EVENT_NETWORK_INFO_CHANGED, going from CONNECTED to DISCONNECTED
11-21 15:09:20.789 D/ConnectivityService( 1186): [216 WIFI] disconnected, was satisfying 27
11-21 15:09:20.981 I/Nat464Xlat( 1186): Android Xlat is disabled
11-21 15:09:20.981 I/Nat464Xlat( 1186): Android Xlat is disabled
11-21 15:09:21.003 D/ConnectivityService( 1186): Sending DISCONNECTED broadcast for type 1 [216 WIFI] isDefaultNetwork=true
11-21 15:09:21.097 D/ConnectivityService( 1186): NetReassign [44 : null → 101, 11 : null → 101, 63 : null → 101, 2885 : null → 101, 2235 : null → 101, 2877 : null → 101, 17 : null → 101, 25 : null → 101, 1438 : null → 101, 1 : null → 101, 2887 : null → 101, 8 : null → 101, 12 : null → 101, 14 : null → 101, 16 : null → 101, 22 : null → 101]
11-21 15:09:21.114 E/NetlinkEvent(  462): NetlinkEvent::FindParam(): Parameter 'INTERFACE' not found
11-21 15:09:21.114 E/NetlinkEvent(  462): NetlinkEvent::FindParam(): Parameter 'STATE' not found
11-21 15:09:21.115 E/NetlinkEvent(  462): NetlinkEvent::FindParam(): Parameter 'TIME_NS' not found
11-21 15:09:21.115 E/NetlinkEvent(  462): NetlinkEvent::FindParam(): Parameter 'UID' not found
11-21 15:09:21.118 D/commandrouter( 1006): SocServiceHandle::onServiceMessage, SoC Service = mcu_healthcheck_934, appType = 1, type = SVC_REQ, clientId = 0, token = 2839, payloadLen = 20, result = 0, payload.size() = 20
11-21 15:09:21.122 D/commandrouter( 1006): mcu_healthcheck_934 (1, merlot:mcu_health:control): <ServiceResponse> FORWARDED (remote -> local) CR token ID = 2839, service client ID = 5, token ID = 10854, result = 0
11-21 15:09:21.132 W/Looper  ( 1186): Slow dispatch took 133ms android.fg h=android.os.Handler c=com.android.server.-$$Lambda$NetworkManagementService$15DusjG2gzn5UASV-lMS3BUUn9c@73a3899 m=0
11-21 15:09:21.136 D/ConnectivityService( 1186): Switching to new default network: NetworkAgentInfo{ ni{[type: MOBILE[LTE], state: CONNECTED/CONNECTED, reason: (unspecified), extra: enhancedphone, failover: false, available: true, roaming: false]}  network{101}  nethandle{437197393933}  lp{{InterfaceName: rmnet_data2 LinkAddresses: [ 10.55.48.101/30,2600:381:4804:c4b6:8cdc:8f0b:afe1:ec6b/64 ] DnsAddresses: [ /172.26.38.2,/fc00:a:a::400 ] Domains: null MTU: 1430 TcpBufferSizes: 2097152,4194304,8388608,262144,524288,1048576 Routes: [ 0.0.0.0/0 -> 10.55.48.102 rmnet_data2 mtu 1430,::/0 -> fe80::9db2:334d:2872:1e0a rmnet_data2 mtu 1430,10.55.48.100/30 -> 0.0.0.0 rmnet_data2 mtu 0,2600:381:4804:c4b6::/64 -> :: rmnet_data2 mtu 0 ]}}  nc{[ Transports: CELLULAR Capabilities: MMS&SUPL&FOTA&INTERNET&NOT_RESTRICTED&TRUSTED&NOT_VPN&VALIDATED&NOT_ROAMING&NOT_CONGESTED&NOT_SUSPENDED LinkUpBandwidth>=15000Kbps LinkDnBandwidth>=30000Kbps Specifier: <TelephonyNetworkSpecifier [mSubId = 1]> AdministratorUids: [] RequestorUid: -1 RequestorPackageName: null]}  Score{50}  everValidated{true}  lastValidated{true}  created{true} lingering{false} explicitlySelected{false} acceptUnvalidated{false} everCaptivePortalDetected{false} lastCaptivePortalDetected{false} partialConnectivity{false} acceptPartialConnectivity{false} clat{mBaseIface: null, mIface: null, mState: IDLE} }
11-21 15:09:21.350 D/ConnectivityService( 1186): Sending CONNECTED broadcast for type 0 [101 CELLULAR] isDefaultNetwork=true
11-21 15:09:21.365 W/SimpleTimeDetectorStrategy( 1186): Existing suggestion found to be invalid  elapsedRealtimeMillis=170449091, timeSuggestion=TelephonyTimeSuggestion{mSlotIndex='0', mUtcTime=TimestampedValue{mReferenceTimeMillis=57092, mValue=1637365770000}, mDebugInfo=[Sending new time suggestion nitzSignal=TimestampedValue{mReferenceTimeMillis=57092, mValue=NitzData{mOriginalString=21/11/19,23:49:30-32,00, mZoneOffset=-28800000, mDstOffset=0, mCurrentTimeMillis=1637365770000, mEmulatorHostTimeZone=null}}, reason=handleNitzReceived(TimestampedValue{mReferenceTimeMillis=57092, mValue=NitzData{mOriginalString=21/11/19,23:49:30-32,00, mZoneOffset=-28800000, mDstOffset=0, mCurrentTimeMillis=1637365770000, mEmulatorHostTimeZone=null}})]}
11-21 15:09:23.370 D/commandrouter( 1006): rtc_sync (1, rtc:sync): <ServiceRequest> FORWARDED (remote -> local) service client ID = 0, token ID = 49807
11-21 15:09:23.371 D/commandrouter( 1006): SocServiceHandle::onServiceMessage, SoC Service = rtc_sync, appType = 1, type = SVC_RESP, clientId = 0, token = 49807, payloadLen = 8, result = 0, payload.size() = 8
11-21 15:09:25.090 D/AutofillManagerService( 1186): onBackKeyPressed()
11-21 15:09:28.625 I/chatty  ( 1186): uid=1000(system) android.ui identical 4 lines
11-21 15:09:29.624 D/AutofillManagerService( 1186): onBackKeyPressed()
11-21 15:09:29.697 E/TaskPersister( 1186): File error accessing recents directory (directory doesn't exist?).
11-21 15:09:30.377 D/commandrouter( 1006): SocServiceHandle::onServiceMessage, SoC Service = mcu_healthcheck_1029, appType = 1, type = SVC_REQ, clientId = 0, token = 5679, payloadLen = 12, result = 0, payload.size() = 12
11-21 15:09:30.380 D/commandrouter( 1006): mcu_healthcheck_1029 (1, merlot:mcu_health:control): <ServiceResponse> FORWARDED (remote -> local) CR token ID = 5679, service client ID = 40, token ID = 10855, result = 0
11-21 15:09:30.381 D/mculinkhealth( 1029): isMcuReachable 1 (4 ms)
11-21 15:09:30.620 D/AutofillManagerService( 1186): onBackKeyPressed()
11-21 15:09:31.616 D/ConnectivityService( 1186): requestNetwork for uid/pid:10004/32374 NetworkRequest [ TRACK_DEFAULT id=2895, [ Capabilities: INTERNET&NOT_RESTRICTED&TRUSTED Uid: 10004 AdministratorUids: [] RequestorUid: 10004 RequestorPackageName: com.facebook.wearable.system.telecom] ]
11-21 15:09:31.617 D/ConnectivityService( 1186): NetReassign [2895 : null → 101]
11-21 15:09:31.638 D/AutofillManagerService( 1186): onBackKeyPressed()
11-21 15:09:31.863 D/ConnectivityService( 1186): releasing NetworkRequest [ TRACK_DEFAULT id=2895, [ Capabilities: INTERNET&NOT_RESTRICTED&TRUSTED Uid: 10004 AdministratorUids: [] RequestorUid: 10004 RequestorPackageName: com.facebook.wearable.system.telecom] ] (release request)
11-21 15:09:32.848 W/ActivityManager( 1186): Invalid packageName: com.facebook.wearable.system.settings/com.facebook.wearable.system.settings.SettingsActivity
11-21 15:09:32.980 I/ActivityTaskManager( 1186): START u0 {flg=0x10000000 cmp=com.facebook.wearable.system.settings/.SettingsActivity} from uid 0
11-21 15:09:33.002 I/ActivityTaskManager( 1186): The Process com.facebook.wearable.system.settings Already Exists in BG. So sending its PID: 4763
11-21 15:09:33.003 W/ActivityTaskManager( 1186): Tried to set launchTime (0) < mLastActivityLaunchTime (170440083)
11-21 15:09:33.361 D/commandrouter( 1006): rtc_sync (1, rtc:sync): <ServiceRequest> FORWARDED (remote -> local) service client ID = 0, token ID = 49808
11-21 15:09:33.362 D/commandrouter( 1006): SocServiceHandle::onServiceMessage, SoC Service = rtc_sync, appType = 1, type = SVC_RESP, clientId = 0, token = 49808, payloadLen = 8, result = 0, payload.size() = 8
11-21 15:09:36.582 E/TaskPersister( 1186): File error accessing recents directory (directory doesn't exist?).
11-21 15:09:40.008 W/ContextImpl( 1186): Calling a method in the system process without a qualified user: android.app.ContextImpl.sendBroadcastMultiplePermissions:1143 android.content.Context.sendBroadcastWithMultiplePermissions:2150 com.android.server.display.WifiDisplayAdapter.handleSendStatusChangeBroadcast:440 com.android.server.display.WifiDisplayAdapter.access$1700:63 com.android.server.display.WifiDisplayAdapter$WifiDisplayHandler.handleMessage:675 
11-21 15:09:41.005 W/ContextImpl( 1186): Calling a method in the system process without a qualified user: android.app.ContextImpl.sendBroadcastMultiplePermissions:1143 android.content.Context.sendBroadcastWithMultiplePermissions:2150 com.android.server.wifi.p2p.WifiP2pServiceImpl$P2pStateMachine.sendBroadcastMultiplePermissions:3209 com.android.server.wifi.p2p.WifiP2pServiceImpl$P2pStateMachine.sendP2pConnectionChangedBroadcast:3236 com.android.server.wifi.p2p.WifiP2pServiceImpl$P2pStateMachine.access$5100:768 
11-21 15:09:41.007 W/BroadcastQueue( 1186): Permission Denial: receiving Intent { act=android.net.wifi.p2p.CONNECTION_STATE_CHANGE flg=0x24000010 (has extras) } to ProcessRecord{688c834 1907:.qtidataservices/u0a88} (pid=1907, uid=10088) requires android.permission.ACCESS_FINE_LOCATION due to sender android (uid 1000)
11-21 15:09:41.032 W/ContextImpl( 1186): Calling a method in the system process without a qualified user: android.app.ContextImpl.sendBroadcastMultiplePermissions:1143 android.content.Context.sendBroadcastWithMultiplePermissions:2150 com.android.server.wifi.p2p.WifiP2pServiceImpl$P2pStateMachine.sendBroadcastMultiplePermissions:3209 com.android.server.wifi.p2p.WifiP2pServiceImpl$P2pStateMachine.sendThisDeviceChangedBroadcast:3218 com.android.server.wifi.p2p.WifiP2pServiceImpl$P2pStateMachine.updateThisDevice:3962 
11-21 15:09:41.180 W/wificond(  911): Scan is not started. Ignore abort request
11-21 15:09:41.573 D/ConnectivityService( 1186): registerNetworkAgent NetworkAgentInfo{ ni{[type: WIFI[], state: UNKNOWN/IDLE, reason: (unspecified), extra: , failover: false, available: true, roaming: false]}  network{217}  nethandle{935413600269}  lp{{InterfaceName: wlan0 LinkAddresses: [ ] DnsAddresses: [ ] Domains: null MTU: 0 Routes: [ ]}}  nc{[ Transports: WIFI Capabilities: NOT_METERED&INTERNET&NOT_RESTRICTED&TRUSTED&NOT_VPN&NOT_ROAMING&FOREGROUND&NOT_CONGESTED&NOT_SUSPENDED LinkUpBandwidth>=72000Kbps LinkDnBandwidth>=72000Kbps OwnerUid: 1000 SSID: "MTBF_Lab" RequestorUid: -1 RequestorPackageName: null]}  Score{20}  everValidated{false}  lastValidated{false}  created{false} lingering{false} explicitlySelected{false} acceptUnvalidated{false} everCaptivePortalDetected{false} lastCaptivePortalDetected{false} partialConnectivity{false} acceptPartialConnectivity{false} clat{mBaseIface: null, mIface: null, mState: IDLE} }
11-21 15:09:41.660 D/ConnectivityService( 1186): [217 WIFI] EVENT_NETWORK_INFO_CHANGED, going from UNKNOWN to UNKNOWN
11-21 15:09:41.825 D/ConnectivityService( 1186): NetReassign [no changes]
11-21 15:09:41.870 I/Nat464Xlat( 1186): Android Xlat is disabled
11-21 15:09:41.870 I/Nat464Xlat( 1186): Android Xlat is disabled
11-21 15:09:42.089 E/ConnectivityService( 1186): Exception in networkAddRouteParcel for non-gateway: android.os.ServiceSpecificException: Machine is not on the network (code 64)
11-21 15:09:42.091 E/ConnectivityService( 1186): Exception in networkAddRouteParcel for gateway: android.os.ServiceSpecificException: Machine is not on the network (code 64)
11-21 15:09:42.091 I/Nat464Xlat( 1186): Android Xlat is disabled
11-21 15:09:42.091 I/Nat464Xlat( 1186): Android Xlat is disabled
11-21 15:09:42.224 D/ConnectivityService( 1186): Setting DNS servers for network 217 to [/192.168.1.1]
11-21 15:09:42.228 I/Nat464Xlat( 1186): Android Xlat is disabled
11-21 15:09:42.228 I/Nat464Xlat( 1186): Android Xlat is disabled
11-21 15:09:42.337 D/ConnectivityService( 1186): [217 WIFI] EVENT_NETWORK_INFO_CHANGED, going from UNKNOWN to CONNECTED
11-21 15:09:42.349 D/DnsManager( 1186): sendDnsConfigurationForNetwork(217, [192.168.1.1], [], 1800, 25, 8, 64, 0, 0, , [])
11-21 15:09:42.373 W/DnsManager( 1186): updatePrivateDns(217, PrivateDnsConfig{true:/[]})
11-21 15:09:42.374 D/ConnectivityService( 1186): Setting DNS servers for network 217 to [/192.168.1.1]
11-21 15:09:42.374 D/DnsManager( 1186): sendDnsConfigurationForNetwork(217, [192.168.1.1], [], 1800, 25, 8, 64, 0, 0, , [192.168.1.1])
11-21 15:09:42.376 D/ConnectivityService( 1186): Adding iface wlan0 to network 217
11-21 15:09:42.403 D/ConnectivityService( 1186): Setting DNS servers for network 217 to [/192.168.1.1]
11-21 15:09:42.403 D/DnsManager( 1186): sendDnsConfigurationForNetwork(217, [192.168.1.1], [], 1800, 25, 8, 64, 0, 0, , [192.168.1.1])
11-21 15:09:42.405 I/Nat464Xlat( 1186): Android Xlat is disabled
11-21 15:09:42.405 I/Nat464Xlat( 1186): Android Xlat is disabled
11-21 15:09:42.463 D/ConnectivityService( 1186): NetReassign [no changes]
11-21 15:09:42.778 D/ConnectivityService( 1186): [217 WIFI] validation passed
11-21 15:09:42.778 D/ConnectivityService( 1186): NetReassign [44 : 101 → 217, 11 : 101 → 217, 63 : 101 → 217, 2885 : 101 → 217, 2235 : 101 → 217, 2877 : 101 → 217, 17 : 101 → 217, 25 : 101 → 217, 1438 : 101 → 217, 1 : 101 → 217, 2887 : 101 → 217, 8 : 101 → 217, 12 : 101 → 217, 14 : 101 → 217, 16 : 101 → 217, 22 : 101 → 217]
11-21 15:09:42.784 E/NetlinkEvent(  462): NetlinkEvent::FindParam(): Parameter 'INTERFACE' not found
11-21 15:09:42.784 E/NetlinkEvent(  462): NetlinkEvent::FindParam(): Parameter 'STATE' not found
11-21 15:09:42.784 E/NetlinkEvent(  462): NetlinkEvent::FindParam(): Parameter 'TIME_NS' not found
11-21 15:09:42.784 E/NetlinkEvent(  462): NetlinkEvent::FindParam(): Parameter 'UID' not found
11-21 15:09:42.805 D/ConnectivityService( 1186): Switching to new default network: NetworkAgentInfo{ ni{[type: WIFI[], state: CONNECTED/CONNECTED, reason: (unspecified), extra: , failover: false, available: true, roaming: false]}  network{217}  nethandle{935413600269}  lp{{InterfaceName: wlan0 LinkAddresses: [ 192.168.1.41/24 ] DnsAddresses: [ /192.168.1.1 ] Domains: null MTU: 0 ServerAddress: /192.168.1.1 TcpBufferSizes: 524288,1048576,2097152,262144,524288,1048576 Routes: [ fe80::/64 -> :: wlan0 mtu 0,192.168.1.0/24 -> 0.0.0.0 wlan0 mtu 0,0.0.0.0/0 -> 192.168.1.1 wlan0 mtu 0 ]}}  nc{[ Transports: WIFI Capabilities: NOT_METERED&INTERNET&NOT_RESTRICTED&TRUSTED&NOT_VPN&VALIDATED&NOT_ROAMING&FOREGROUND&NOT_CONGESTED&NOT_SUSPENDED LinkUpBandwidth>=61000Kbps LinkDnBandwidth>=61000Kbps SignalStrength: -34 OwnerUid: 1000 SSID: "MTBF_Lab" RequestorUid: -1 RequestorPackageName: null]}  Score{60}  everValidated{true}  lastValidated{true}  created{true} lingering{false} explicitlySelected{false} acceptUnvalidated{false} everCaptivePortalDetected{false} lastCaptivePortalDetected{false} partialConnectivity{false} acceptPartialConnectivity{false} clat{mBaseIface: null, mIface: null, mState: IDLE} }
11-21 15:09:42.920 W/SimpleTimeDetectorStrategy( 1186): Existing suggestion found to be invalid  elapsedRealtimeMillis=170470646, timeSuggestion=TelephonyTimeSuggestion{mSlotIndex='0', mUtcTime=TimestampedValue{mReferenceTimeMillis=57092, mValue=1637365770000}, mDebugInfo=[Sending new time suggestion nitzSignal=TimestampedValue{mReferenceTimeMillis=57092, mValue=NitzData{mOriginalString=21/11/19,23:49:30-32,00, mZoneOffset=-28800000, mDstOffset=0, mCurrentTimeMillis=1637365770000, mEmulatorHostTimeZone=null}}, reason=handleNitzReceived(TimestampedValue{mReferenceTimeMillis=57092, mValue=NitzData{mOriginalString=21/11/19,23:49:30-32,00, mZoneOffset=-28800000, mDstOffset=0, mCurrentTimeMillis=1637365770000, mEmulatorHostTimeZone=null}})]}
11-21 15:09:42.962 D/ConnectivityService( 1186): Lingering [101 CELLULAR] for 30000ms
11-21 15:09:42.964 D/ConnectivityService( 1186): Sending DISCONNECTED broadcast for type 0 [101 CELLULAR] isDefaultNetwork=true
11-21 15:09:42.966 D/ConnectivityService( 1186): Sending CONNECTED broadcast for type 1 [217 WIFI] isDefaultNetwork=true
11-21 15:09:43.016 D/ConnectivityService( 1186): Setting DNS servers for network 217 to [/192.168.1.1]
11-21 15:09:43.016 D/DnsManager( 1186): sendDnsConfigurationForNetwork(217, [192.168.1.1], [], 1800, 25, 8, 64, 0, 0, , [192.168.1.1])
11-21 15:09:43.360 D/commandrouter( 1006): rtc_sync (1, rtc:sync): <ServiceRequest> FORWARDED (remote -> local) service client ID = 0, token ID = 49809
11-21 15:09:43.360 D/commandrouter( 1006): SocServiceHandle::onServiceMessage, SoC Service = rtc_sync, appType = 1, type = SVC_RESP, clientId = 0, token = 49809, payloadLen = 8, result = 0, payload.size() = 8
11-21 15:09:43.479 I/Nat464Xlat( 1186): Android Xlat is disabled
11-21 15:09:43.480 I/Nat464Xlat( 1186): Android Xlat is disabled
11-21 15:09:49.649 I/UsageStatsService( 1186): User[0] Flushing usage stats to disk
11-21 15:09:53.363 D/commandrouter( 1006): rtc_sync (1, rtc:sync): <ServiceRequest> FORWARDED (remote -> local) service client ID = 0, token ID = 49810
11-21 15:09:53.364 D/commandrouter( 1006): SocServiceHandle::onServiceMessage, SoC Service = rtc_sync, appType = 1, type = SVC_RESP, clientId = 0, token = 49810, payloadLen = 8, result = 0, payload.size() = 8
11-21 15:10:00.382 D/commandrouter( 1006): SocServiceHandle::onServiceMessage, SoC Service = mcu_healthcheck_1029, appType = 1, type = SVC_REQ, clientId = 0, token = 5680, payloadLen = 12, result = 0, payload.size() = 12
11-21 15:10:00.385 D/commandrouter( 1006): mcu_healthcheck_1029 (1, merlot:mcu_health:control): <ServiceResponse> FORWARDED (remote -> local) CR token ID = 5680, service client ID = 40, token ID = 10856, result = 0
11-21 15:10:00.385 D/mculinkhealth( 1029): isMcuReachable 1 (4 ms)
11-21 15:10:01.239 D/AutofillManagerService( 1186): onBackKeyPressed()
11-21 15:10:01.400 D/AppStorageManager( 1186): BEFORE:: Previous Size: 884875264 Current Size: 884850688
11-21 15:10:01.400 D/AppStorageManager( 1186): AFTER:: Previous Size: 884850688 Current Size: 884850688
11-21 15:10:01.795 D/AutofillManagerService( 1186): onBackKeyPressed()
11-21 15:10:02.352 D/AutofillManagerService( 1186): onBackKeyPressed()
11-21 15:10:03.367 D/commandrouter( 1006): rtc_sync (1, rtc:sync): <ServiceRequest> FORWARDED (remote -> local) service client ID = 0, token ID = 49811
11-21 15:10:03.367 D/commandrouter( 1006): SocServiceHandle::onServiceMessage, SoC Service = rtc_sync, appType = 1, type = SVC_RESP, clientId = 0, token = 49811, payloadLen = 8, result = 0, payload.size() = 8
11-21 15:10:03.853 D/AutofillManagerService( 1186): onBackKeyPressed()
11-21 15:10:04.208 W/ActivityManager( 1186): Invalid packageName: com.facebook.wearable.system.settings/com.facebook.wearable.system.settings.SettingsActivity
11-21 15:10:04.339 I/ActivityTaskManager( 1186): START u0 {flg=0x10000000 cmp=com.facebook.wearable.system.settings/.SettingsActivity} from uid 0
11-21 15:10:04.359 I/ActivityTaskManager( 1186): The Process com.facebook.wearable.system.settings Already Exists in BG. So sending its PID: 4763
11-21 15:10:04.360 W/ActivityTaskManager( 1186): Tried to set launchTime (0) < mLastActivityLaunchTime (170460730)
11-21 15:10:07.310 E/TaskPersister( 1186): File error accessing recents directory (directory doesn't exist?).
--------- beginning of main
11-21 15:10:08.753 W/StatusBarClientConnection( 4763): Messenger is null, ignoring message: { when=-1d23h21m36s479ms barrier=1 }
11-21 15:10:08.754 W/HWComposer(  598): Ignoring duplicate VSYNC event from HWC for display 0 (t=170496479171730)
11-21 15:10:08.755 I/chatty  ( 2334): uid=10062(com.facebook.wearable.system.selfcare) MainTP_1656 expire 1 line
11-21 15:10:08.801 I/chatty  ( 2334): uid=10062(com.facebook.wearable.system.selfcare) DefaultDispatch expire 8 lines
11-21 15:10:08.822 D/CompatibilityInfo( 1186): mCompatibilityFlags - 4
11-21 15:10:08.822 D/CompatibilityInfo( 1186): applicationDensity - 320
11-21 15:10:08.822 D/CompatibilityInfo( 1186): applicationScale - 1.0
11-21 15:10:08.836 E/StatusBarClientConnection( 4763): Service connected
11-21 15:10:08.842 D/WifiConnector( 2870): Network State Changed
11-21 15:10:09.444 D/LOWI-9.0.0.80( 1026): [LOWI-Scan] print_bss_handler: Report Probe TSF 170497164910 as it greater than Beacon TSF 170160823760
11-21 15:10:09.444 I/LOWI-9.0.0.80( 1026): [LOWI-Scan] RSN_IE
11-21 15:10:09.444 D/LOWI-9.0.0.80( 1026): [LOWI-Scan] decode_rsn_wpa_ie: Entered
11-21 15:10:09.444 D/LOWI-9.0.0.80( 1026): [LOWIUtils] hexDump: msg(30 14 01 00 00 0f ac 04 01 00 00 0f ac 04 01 00 00 0f ac 02 )
11-21 15:10:09.444 D/LOWI-9.0.0.80( 1026): [LOWI-Scan] decode_rsn_wpa_ie: LOWI_ENCRYPTION_TYPE_WPA_PSK
11-21 15:10:09.444 D/LOWI-9.0.0.80( 1026): [LOWI-Scan] is_qcom_ie, bss_age: 47
11-21 15:10:09.444 D/LOWI-9.0.0.80( 1026): [LOWI-Scan] BSS 2c:57:41:88:72:e1 LOWI_PHY_MODE_11NG_HT20(5), Beacon Interval: 100, LOWI_ENCRYPTION_TYPE_WPA_PSK 11mcRanging: No, ANQP: No, LCI: No, Civic: No, capability(0x1411): ESS Privacy ShortSlotTime
11-21 15:10:09.444 D/LOWI-9.0.0.80( 1026): [LOWI-Scan] BSS 2c:57:41:88:72:e1 FREQ: 2412, cFreq1[40:80:160] = [0:0:0] cFreq2 = 0 Country Code = US
11-21 15:10:09.444 D/LOWI-9.0.0.80( 1026): [LOWI-Scan] BSS 2c:57:41:88:72:e1 (wlan0) ASSO: NO AddInfo: 0x0, TSF 1, 23:21:37.164, RSSI: -144, CPL: 3, AGE: 0,  SSID kittyhawk, TSFDelta: 0x0, TXRate: 0
11-21 15:10:09.445 D/LOWI-9.0.0.80( 1026): [LOWI-Scan] 
11-21 15:10:09.445 D/LOWI-9.0.0.80( 1026): [LOWI-Scan] print_bss_handler: Report Probe TSF 170497164896 as it greater than Beacon TSF 169808873297
11-21 15:10:09.445 I/LOWI-9.0.0.80( 1026): [LOWI-Scan] RSN_IE
11-21 15:10:09.445 D/LOWI-9.0.0.80( 1026): [LOWI-Scan] decode_rsn_wpa_ie: Entered
11-21 15:10:09.445 D/LOWI-9.0.0.80( 1026): [LOWIUtils] hexDump: msg(30 14 01 00 00 0f ac 04 01 00 00 0f ac 04 01 00 00 0f ac 02 )
11-21 15:10:09.445 D/LOWI-9.0.0.80( 1026): [LOWI-Scan] decode_rsn_wpa_ie: LOWI_ENCRYPTION_TYPE_WPA_PSK
11-21 15:10:09.445 D/LOWI-9.0.0.80( 1026): [LOWI-Scan] is_qcom_ie, bss_age: 3
11-21 15:10:09.445 D/LOWI-9.0.0.80( 1026): [LOWI-Scan] BSS 2c:57:41:86:6c:01 LOWI_PHY_MODE_11NG_HT20(5), Beacon Interval: 100, LOWI_ENCRYPTION_TYPE_WPA_PSK 11mcRanging: No, ANQP: No, LCI: No, Civic: No, capability(0x1411): ESS Privacy ShortSlotTime
11-21 15:10:09.445 D/LOWI-9.0.0.80( 1026): [LOWI-Scan] BSS 2c:57:41:86:6c:01 FREQ: 2462, cFreq1[40:80:160] = [0:0:0] cFreq2 = 0 Country Code = US
11-21 15:10:09.445 D/LOWI-9.0.0.80( 1026): [LOWI-Scan] BSS 2c:57:41:86:6c:01 (wlan0) ASSO: NO AddInfo: 0x0, TSF 1, 23:21:37.164, RSSI: -116, CPL: 2, AGE: 0,  SSID kittyhawk, TSFDelta: 0x0, TXRate: 0
11-21 15:10:09.445 D/LOWI-9.0.0.80( 1026): [LOWI-Scan] 
11-21 15:10:09.445 D/LOWI-9.0.0.80( 1026): [LOWI-Scan] print_bss_handler: Report Probe TSF 170497164937 as it greater than Beacon TSF 170468378084
11-21 15:10:09.445 I/LOWI-9.0.0.80( 1026): [LOWI-Scan] RSN_IE
11-21 15:10:09.445 D/LOWI-9.0.0.80( 1026): [LOWI-Scan] decode_rsn_wpa_ie: Entered
11-21 15:10:09.445 D/LOWI-9.0.0.80( 1026): [LOWIUtils] hexDump: msg(30 14 01 00 00 0f ac 04 01 00 00 0f ac 04 01 00 00 0f ac 02 )
11-21 15:10:09.445 D/LOWI-9.0.0.80( 1026): [LOWI-Scan] decode_rsn_wpa_ie: LOWI_ENCRYPTION_TYPE_WPA_PSK
11-21 15:10:09.446 D/LOWI-9.0.0.80( 1026): [LOWI-Scan] is_qcom_ie, bss_age: 46
11-21 15:10:09.446 D/LOWI-9.0.0.80( 1026): [LOWI-Scan] BSS 2c:57:41:86:7a:61 LOWI_PHY_MODE_11NG_HT20(5), Beacon Interval: 100, LOWI_ENCRYPTION_TYPE_WPA_PSK 11mcRanging: No, ANQP: No, LCI: No, Civic: No, capability(0x1411): ESS Privacy ShortSlotTime
11-21 15:10:09.446 D/LOWI-9.0.0.80( 1026): [LOWI-Scan] BSS 2c:57:41:86:7a:61 FREQ: 2412, cFreq1[40:80:160] = [0:0:0] cFreq2 = 0 Country Code = US
11-21 15:10:09.446 D/LOWI-9.0.0.80( 1026): [LOWI-Scan] BSS 2c:57:41:86:7a:61 (wlan0) ASSO: NO AddInfo: 0x0, TSF 1, 23:21:37.164, RSSI: -146, CPL: 3, AGE: 0,  SSID kittyhawk, TSFDelta: 0x0, TXRate: 0
11-21 15:10:09.446 D/LOWI-9.0.0.80( 1026): [LOWI-Scan] 
11-21 15:10:09.446 D/LOWI-9.0.0.80( 1026): [LOWI-Scan] print_bss_handler: Report Probe TSF 170497164855 as it greater than Beacon TSF 170468377809
11-21 15:10:09.446 I/LOWI-9.0.0.80( 1026): [LOWI-Scan] RSN_IE
11-21 15:10:09.446 D/LOWI-9.0.0.80( 1026): [LOWI-Scan] decode_rsn_wpa_ie: Entered
11-21 15:10:09.446 D/LOWI-9.0.0.80( 1026): [LOWIUtils] hexDump: msg(30 14 01 00 00 0f ac 04 01 00 00 0f ac 04 01 00 00 0f ac 02 )
11-21 15:10:09.446 D/LOWI-9.0.0.80( 1026): [LOWI-Scan] decode_rsn_wpa_ie: LOWI_ENCRYPTION_TYPE_WPA_PSK
11-21 15:10:09.446 D/LOWI-9.0.0.80( 1026): [LOWI-Scan] is_qcom_ie, bss_age: 9
11-21 15:10:09.446 D/LOWI-9.0.0.80( 1026): [LOWI-Scan] BSS c6:82:9b:4e:b3:9e LOWI_PHY_MODE_11AC_VHT20_2G(11), Beacon Interval: 100, LOWI_ENCRYPTION_TYPE_WPA_PSK 11mcRanging: No, ANQP: Yes, LCI: No, Civic: No, capability(0x1431): ESS Privacy ShortPreamble ShortSlotTime
11-21 15:10:09.446 D/LOWI-9.0.0.80( 1026): [LOWI-Scan] BSS c6:82:9b:4e:b3:9e FREQ: 2457, cFreq1[40:80:160] = [0:0:0] cFreq2 = 0 Country Code =    
11-21 15:10:09.446 D/LOWI-9.0.0.80( 1026): [LOWI-Scan] BSS c6:82:9b:4e:b3:9e (wlan0) ASSO: NO AddInfo: 0x0, TSF 1, 23:21:37.164, RSSI: -104, CPL: 127, AGE: 0,  SSID Pixel_R6, TSFDelta: 0x0, TXRate: 0
11-21 15:10:09.447 D/LOWI-9.0.0.80( 1026): [LOWI-Scan] 
11-21 15:10:09.447 D/LOWI-9.0.0.80( 1026): [LOWI-Scan] print_bss_handler: Report Probe TSF 170497164868 as it greater than Beacon TSF 170240462534
11-21 15:10:09.447 I/LOWI-9.0.0.80( 1026): [LOWI-Scan] RSN_IE
11-21 15:10:09.447 D/LOWI-9.0.0.80( 1026): [LOWI-Scan] decode_rsn_wpa_ie: Entered
11-21 15:10:09.447 D/LOWI-9.0.0.80( 1026): [LOWIUtils] hexDump: msg(30 14 01 00 00 0f ac 04 01 00 00 0f ac 04 01 00 00 0f ac 02 )
11-21 15:10:09.447 D/LOWI-9.0.0.80( 1026): [LOWI-Scan] decode_rsn_wpa_ie: LOWI_ENCRYPTION_TYPE_WPA_PSK
11-21 15:10:09.447 D/LOWI-9.0.0.80( 1026): [LOWI-Scan] is_qcom_ie, bss_age: 27
11-21 15:10:09.447 D/LOWI-9.0.0.80( 1026): [LOWI-Scan] BSS ce:dc:12:3b:87:fd LOWI_PHY_MODE_11AC_VHT20_2G(11), Beacon Interval: 100, LOWI_ENCRYPTION_TYPE_WPA_PSK 11mcRanging: No, ANQP: Yes, LCI: No, Civic: No, capability(0x1431): ESS Privacy ShortPreamble ShortSlotTime
11-21 15:10:09.447 D/LOWI-9.0.0.80( 1026): [LOWI-Scan] BSS ce:dc:12:3b:87:fd FREQ: 2437, cFreq1[40:80:160] = [0:0:0] cFreq2 = 0 Country Code =    
11-21 15:10:09.447 D/LOWI-9.0.0.80( 1026): [LOWI-Scan] BSS ce:dc:12:3b:87:fd (wlan0) ASSO: NO AddInfo: 0x0, TSF 1, 23:21:37.164, RSSI: -102, CPL: 127, AGE: 0,  SSID Pixel5_R1, TSFDelta: 0x0, TXRate: 0
11-21 15:10:09.447 D/LOWI-9.0.0.80( 1026): [LOWI-Scan] 
11-21 15:10:09.448 D/LOWI-9.0.0.80( 1026): [LOWI-Scan] print_bss_handler: Report Probe TSF 170468378005 as it greater than Beacon TSF 170445200736
11-21 15:10:09.448 I/LOWI-9.0.0.80( 1026): [LOWI-Scan] RSN_IE
11-21 15:10:09.448 D/LOWI-9.0.0.80( 1026): [LOWI-Scan] decode_rsn_wpa_ie: Entered
11-21 15:10:09.448 D/LOWI-9.0.0.80( 1026): [LOWIUtils] hexDump: msg(30 14 01 00 00 0f ac 04 01 00 00 0f ac 04 01 00 00 0f ac 02 )
11-21 15:10:09.448 D/LOWI-9.0.0.80( 1026): [LOWI-Scan] decode_rsn_wpa_ie: LOWI_ENCRYPTION_TYPE_WPA_PSK
11-21 15:10:09.448 D/LOWI-9.0.0.80( 1026): [LOWI-Scan] is_qcom_ie, bss_age: 3
11-21 15:10:09.448 D/LOWI-9.0.0.80( 1026): [LOWI-Scan] adjust_age:AP AGE upper limit reached. Dont store
11-21 15:10:09.448 D/LOWI-9.0.0.80( 1026): [LOWI-Scan] BSS 2c:57:41:86:90:a1 LOWI_PHY_MODE_11NG_HT20(5), Beacon Interval: 100, LOWI_ENCRYPTION_TYPE_WPA_PSK 11mcRanging: No, ANQP: No, LCI: No, Civic: No, capability(0x1411): ESS Privacy ShortSlotTime
11-21 15:10:09.448 D/LOWI-9.0.0.80( 1026): [LOWI-Scan] BSS 2c:57:41:86:90:a1 FREQ: 2462, cFreq1[40:80:160] = [0:0:0] cFreq2 = 0 Country Code = US
11-21 15:10:09.448 D/LOWI-9.0.0.80( 1026): [LOWI-Scan] BSS 2c:57:41:86:90:a1 (wlan0) ASSO: NO AddInfo: 0x0, TSF 1, 23:21:08.378, RSSI: -140, CPL: 2, AGE: 28790,  SSID kittyhawk, TSFDelta: 0x0, TXRate: 0
11-21 15:10:09.448 D/LOWI-9.0.0.80( 1026): [LOWI-Scan] 
11-21 15:10:09.448 D/LOWI-9.0.0.80( 1026): [LOWI-Scan] print_bss_handler: Report Probe TSF 170497164881 as it greater than Beacon TSF 170262031628
11-21 15:10:09.448 I/LOWI-9.0.0.80( 1026): [LOWI-Scan] RSN_IE
11-21 15:10:09.448 D/LOWI-9.0.0.80( 1026): [LOWI-Scan] decode_rsn_wpa_ie: Entered
11-21 15:10:09.448 D/LOWI-9.0.0.80( 1026): [LOWIUtils] hexDump: msg(30 14 01 00 00 0f ac 04 01 00 00 0f ac 04 01 00 00 0f ac 02 )
11-21 15:10:09.449 D/LOWI-9.0.0.80( 1026): [LOWI-Scan] decode_rsn_wpa_ie: LOWI_ENCRYPTION_TYPE_WPA_PSK
11-21 15:10:09.449 D/LOWI-9.0.0.80( 1026): [LOWI-Scan] is_qcom_ie, bss_age: 42
11-21 15:10:09.449 D/LOWI-9.0.0.80( 1026): [LOWI-Scan] BSS 52:b8:14:37:74:3f LOWI_PHY_MODE_11AC_VHT20_2G(11), Beacon Interval: 100, LOWI_ENCRYPTION_TYPE_WPA_PSK 11mcRanging: No, ANQP: No, LCI: No, Civic: No, capability(0x1431): ESS Privacy ShortPreamble ShortSlotTime
11-21 15:10:09.449 D/LOWI-9.0.0.80( 1026): [LOWI-Scan] BSS 52:b8:14:37:74:3f FREQ: 2417, cFreq1[40:80:160] = [0:0:0] cFreq2 = 0 Country Code =    
11-21 15:10:09.449 D/LOWI-9.0.0.80( 1026): [LOWI-Scan] BSS 52:b8:14:37:74:3f (wlan0) ASSO: NO AddInfo: 0x0, TSF 1, 23:21:37.164, RSSI: -108, CPL: 127, AGE: 0,  SSID Pixel_8668, TSFDelta: 0x0, TXRate: 0
11-21 15:10:09.449 D/LOWI-9.0.0.80( 1026): [LOWI-Scan] 
11-21 15:10:09.449 D/LOWI-9.0.0.80( 1026): [LOWI-Scan] print_bss_handler: Report Probe TSF 170468377851 as it greater than Beacon TSF 170445200671
11-21 15:10:09.449 I/LOWI-9.0.0.80( 1026): [LOWI-Scan] RSN_IE
11-21 15:10:09.449 D/LOWI-9.0.0.80( 1026): [LOWI-Scan] decode_rsn_wpa_ie: Entered
11-21 15:10:09.449 D/LOWI-9.0.0.80( 1026): [LOWIUtils] hexDump: msg(30 14 01 00 00 0f ac 04 01 00 00 0f ac 04 01 00 00 0f ac 02 )
11-21 15:10:09.449 D/LOWI-9.0.0.80( 1026): [LOWI-Scan] decode_rsn_wpa_ie: LOWI_ENCRYPTION_TYPE_WPA_PSK
11-21 15:10:09.449 D/LOWI-9.0.0.80( 1026): [LOWI-Scan] is_qcom_ie, bss_age: 57
11-21 15:10:09.449 D/LOWI-9.0.0.80( 1026): [LOWI-Scan] adjust_age:AP AGE upper limit reached. Dont store
11-21 15:10:09.450 D/LOWI-9.0.0.80( 1026): [LOWI-Scan] BSS be:9e:0e:1c:6e:7f LOWI_PHY_MODE_11AC_VHT20_2G(11), Beacon Interval: 100, LOWI_ENCRYPTION_TYPE_WPA_PSK 11mcRanging: No, ANQP: No, LCI: No, Civic: No, capability(0x1431): ESS Privacy ShortPreamble ShortSlotTime
11-21 15:10:09.450 D/LOWI-9.0.0.80( 1026): [LOWI-Scan] BSS be:9e:0e:1c:6e:7f FREQ: 2412, cFreq1[40:80:160] = [0:0:0] cFreq2 = 0 Country Code =    
11-21 15:10:09.450 D/LOWI-9.0.0.80( 1026): [LOWI-Scan] BSS be:9e:0e:1c:6e:7f (wlan0) ASSO: NO AddInfo: 0x0, TSF 1, 23:21:08.377, RSSI: -106, CPL: 127, AGE: 28790,  SSID Pixel_3541, TSFDelta: 0x0, TXRate: 0
11-21 15:10:09.450 D/LOWI-9.0.0.80( 1026): [LOWI-Scan] 
11-21 15:10:09.450 D/LOWI-9.0.0.80( 1026): [LOWI-Scan] print_bss_handler: Report Probe TSF 170468378102 as it greater than Beacon TSF 170240462631
11-21 15:10:09.450 I/LOWI-9.0.0.80( 1026): [LOWI-Scan] RSN_IE
11-21 15:10:09.450 D/LOWI-9.0.0.80( 1026): [LOWI-Scan] decode_rsn_wpa_ie: Entered
11-21 15:10:09.450 D/LOWI-9.0.0.80( 1026): [LOWIUtils] hexDump: msg(30 14 01 00 00 0f ac 04 01 00 00 0f ac 04 01 00 00 0f ac 02 )
11-21 15:10:09.450 D/LOWI-9.0.0.80( 1026): [LOWI-Scan] decode_rsn_wpa_ie: LOWI_ENCRYPTION_TYPE_WPA_PSK
11-21 15:10:09.450 D/LOWI-9.0.0.80( 1026): [LOWI-Scan] is_qcom_ie, bss_age: 3
11-21 15:10:09.450 D/LOWI-9.0.0.80( 1026): [LOWI-Scan] adjust_age:AP AGE upper limit reached. Dont store
11-21 15:10:09.450 D/LOWI-9.0.0.80( 1026): [LOWI-Scan] BSS 2c:57:41:86:85:21 LOWI_PHY_MODE_11NG_HT20(5), Beacon Interval: 100, LOWI_ENCRYPTION_TYPE_WPA_PSK 11mcRanging: No, ANQP: No, LCI: No, Civic: No, capability(0x1411): ESS Privacy ShortSlotTime
11-21 15:10:09.450 D/LOWI-9.0.0.80( 1026): [LOWI-Scan] BSS 2c:57:41:86:85:21 FREQ: 2462, cFreq1[40:80:160] = [0:0:0] cFreq2 = 0 Country Code = US
11-21 15:10:09.450 D/LOWI-9.0.0.80( 1026): [LOWI-Scan] BSS 2c:57:41:86:85:21 (wlan0) ASSO: NO AddInfo: 0x0, TSF 1, 23:21:08.378, RSSI: -152, CPL: 2, AGE: 28790,  SSID kittyhawk, TSFDelta: 0x0, TXRate: 0
11-21 15:10:09.451 D/LOWI-9.0.0.80( 1026): [LOWI-Scan] 
11-21 15:10:09.451 D/LOWI-9.0.0.80( 1026): [LOWI-Scan] print_bss_handler: Report Probe TSF 170468377918 as it greater than Beacon TSF 0
11-21 15:10:09.451 I/LOWI-9.0.0.80( 1026): [LOWI-Scan] RSN_IE
11-21 15:10:09.451 D/LOWI-9.0.0.80( 1026): [LOWI-Scan] decode_rsn_wpa_ie: Entered
11-21 15:10:09.451 D/LOWI-9.0.0.80( 1026): [LOWIUtils] hexDump: msg(30 14 01 00 00 0f ac 04 01 00 00 0f ac 04 01 00 00 0f ac 02 )
11-21 15:10:09.451 D/LOWI-9.0.0.80( 1026): [LOWI-Scan] decode_rsn_wpa_ie: LOWI_ENCRYPTION_TYPE_WPA_PSK
11-21 15:10:09.451 D/LOWI-9.0.0.80( 1026): [LOWI-Scan] is_qcom_ie, bss_age: 2
11-21 15:10:09.451 D/LOWI-9.0.0.80( 1026): [LOWI-Scan] adjust_age:AP AGE upper limit reached. Dont store
11-21 15:10:09.451 D/LOWI-9.0.0.80( 1026): [LOWI-Scan] BSS 18:64:72:60:2b:40 LOWI_PHY_MODE_11NG_HT20(5), Beacon Interval: 100, LOWI_ENCRYPTION_TYPE_WPA_PSK 11mcRanging: No, ANQP: No, LCI: No, Civic: No, capability(0x0431): ESS Privacy ShortPreamble ShortSlotTime
11-21 15:10:09.451 D/LOWI-9.0.0.80( 1026): [LOWI-Scan] BSS 18:64:72:60:2b:40 FREQ: 2462, cFreq1[40:80:160] = [0:0:0] cFreq2 = 0 Country Code =    
11-21 15:10:09.451 D/LOWI-9.0.0.80( 1026): [LOWI-Scan] BSS 18:64:72:60:2b:40 (wlan0) ASSO: NO AddInfo: 0x0, TSF 1, 23:21:08.377, RSSI: -138, CPL: 127, AGE: 28790,  SSID lab-t24103779, TSFDelta: 0x0, TXRate: 0
11-21 15:10:09.451 D/LOWI-9.0.0.80( 1026): [LOWI-Scan] 
11-21 15:10:09.451 D/LOWI-9.0.0.80( 1026): [LOWI-Scan] print_bss_handler: Report Probe TSF 170497165000 as it greater than Beacon TSF 170416451774
11-21 15:10:09.451 I/LOWI-9.0.0.80( 1026): [LOWI-Scan] RSN_IE
11-21 15:10:09.451 D/LOWI-9.0.0.80( 1026): [LOWI-Scan] decode_rsn_wpa_ie: Entered
11-21 15:10:09.451 D/LOWI-9.0.0.80( 1026): [LOWIUtils] hexDump: msg(30 14 01 00 00 0f ac 04 01 00 00 0f ac 04 01 00 00 0f ac 02 )
11-21 15:10:09.451 D/LOWI-9.0.0.80( 1026): [LOWI-Scan] decode_rsn_wpa_ie: LOWI_ENCRYPTION_TYPE_WPA_PSK
11-21 15:10:09.451 D/LOWI-9.0.0.80( 1026): [LOWI-Scan] is_qcom_ie, bss_age: 14
11-21 15:10:09.452 D/LOWI-9.0.0.80( 1026): [LOWI-Scan] BSS 00:24:b1:02:cb:dc LOWI_PHY_MODE_11NG_HT20(5), Beacon Interval: 100, LOWI_ENCRYPTION_TYPE_WPA_PSK 11mcRanging: No, ANQP: No, LCI: No, Civic: No, capability(0x0431): ESS Privacy ShortPreamble ShortSlotTime
11-21 15:10:09.452 D/LOWI-9.0.0.80( 1026): [LOWI-Scan] BSS 00:24:b1:02:cb:dc FREQ: 2452, cFreq1[40:80:160] = [0:0:0] cFreq2 = 0 Country Code =    
11-21 15:10:09.452 D/LOWI-9.0.0.80( 1026): [LOWI-Scan] BSS 00:24:b1:02:cb:dc (wlan0) ASSO: NO AddInfo: 0x0, TSF 1, 23:21:37.165, RSSI: -176, CPL: 127, AGE: 0,  SSID 0024b1000002cbdc, TSFDelta: 0x0, TXRate: 0
11-21 15:10:09.452 D/LOWI-9.0.0.80( 1026): [LOWI-Scan] 
11-21 15:10:09.452 D/LOWI-9.0.0.80( 1026): [LOWI-Scan] print_bss_handler: Report beacon TSF 170497164950 as it greater than probe TSF 170497164950
11-21 15:10:09.452 I/LOWI-9.0.0.80( 1026): [LOWI-Scan] RSN_IE
11-21 15:10:09.452 D/LOWI-9.0.0.80( 1026): [LOWI-Scan] decode_rsn_wpa_ie: Entered
11-21 15:10:09.452 D/LOWI-9.0.0.80( 1026): [LOWIUtils] hexDump: msg(30 18 01 00 00 0f ac 02 02 00 00 0f ac 02 00 0f ac 04 01 00 00 0f ac 02 )
11-21 15:10:09.452 D/LOWI-9.0.0.80( 1026): [LOWI-Scan] decode_rsn_wpa_ie: LOWI_ENCRYPTION_TYPE_WPA_PSK
11-21 15:10:09.452 D/LOWI-9.0.0.80( 1026): [LOWI-Scan] is_qcom_ie, bss_age: 25
11-21 15:10:09.452 D/LOWI-9.0.0.80( 1026): [LOWI-Scan] BSS 18:4f:32:07:46:03 LOWI_PHY_MODE_11NG_HT20(5), Beacon Interval: 100, LOWI_ENCRYPTION_TYPE_WPA_PSK 11mcRanging: No, ANQP: No, LCI: No, Civic: No, capability(0x0431): ESS Privacy ShortPreamble ShortSlotTime
11-21 15:10:09.452 D/LOWI-9.0.0.80( 1026): [LOWI-Scan] BSS 18:4f:32:07:46:03 FREQ: 2437, cFreq1[40:80:160] = [0:0:0] cFreq2 = 0 Country Code =    
11-21 15:10:09.452 D/LOWI-9.0.0.80( 1026): [LOWI-Scan] BSS 18:4f:32:07:46:03 (wlan0) ASSO: NO AddInfo: 0x1, TSF 1, 23:21:37.164, RSSI: -170, CPL: 127, AGE: 0,  SSID HP-Print-03-LaserJet Pro MFP, TSFDelta: 0x0, TXRate: 0
11-21 15:10:09.452 D/WificondScannerImpl( 1186): Filtering out 5 scan results.
11-21 15:10:09.453 D/LOWI-9.0.0.80( 1026): [LOWI-Scan] 
11-21 15:10:09.453 D/LOWI-9.0.0.80( 1026): [LOWI-Scan] print_bss_handler: Report beacon TSF 170497164967 as it greater than probe TSF 170497164967
11-21 15:10:09.453 I/LOWI-9.0.0.80( 1026): [LOWI-Scan] RSN_IE
11-21 15:10:09.453 D/LOWI-9.0.0.80( 1026): [LOWI-Scan] decode_rsn_wpa_ie: Entered
11-21 15:10:09.453 D/LOWI-9.0.0.80( 1026): [LOWIUtils] hexDump: msg(30 14 01 00 00 0f ac 04 01 00 00 0f ac 04 01 00 00 0f ac 02 )
11-21 15:10:09.453 D/LOWI-9.0.0.80( 1026): [LOWI-Scan] decode_rsn_wpa_ie: LOWI_ENCRYPTION_TYPE_WPA_PSK
11-21 15:10:09.453 D/LOWI-9.0.0.80( 1026): [LOWI-Scan] is_qcom_ie, bss_age: 6
11-21 15:10:09.453 D/LOWI-9.0.0.80( 1026): [LOWI-Scan] BSS 2c:57:41:83:fd:21 LOWI_PHY_MODE_11NG_HT20(5), Beacon Interval: 100, LOWI_ENCRYPTION_TYPE_WPA_PSK 11mcRanging: No, ANQP: No, LCI: No, Civic: No, capability(0x1411): ESS Privacy ShortSlotTime
11-21 15:10:09.453 D/LOWI-9.0.0.80( 1026): [LOWI-Scan] BSS 2c:57:41:83:fd:21 FREQ: 2462, cFreq1[40:80:160] = [0:0:0] cFreq2 = 0 Country Code = US
11-21 15:10:09.453 D/LOWI-9.0.0.80( 1026): [LOWI-Scan] BSS 2c:57:41:83:fd:21 (wlan0) ASSO: NO AddInfo: 0x1, TSF 1, 23:21:37.164, RSSI: -162, CPL: 2, AGE: 0,  SSID kittyhawk, TSFDelta: 0x0, TXRate: 0
11-21 15:10:09.453 D/LOWI-9.0.0.80( 1026): [LOWI-Scan] 
11-21 15:10:09.453 D/LOWI-9.0.0.80( 1026): [LOWI-Scan] print_bss_handler: Report Probe TSF 170497164984 as it greater than Beacon TSF 0
11-21 15:10:09.453 I/LOWI-9.0.0.80( 1026): [LOWI-Scan] RSN_IE
11-21 15:10:09.453 D/LOWI-9.0.0.80( 1026): [LOWI-Scan] decode_rsn_wpa_ie: Entered
11-21 15:10:09.453 D/LOWI-9.0.0.80( 1026): [LOWIUtils] hexDump: msg(30 14 01 00 00 0f ac 04 01 00 00 0f ac 04 01 00 00 0f ac 02 )
11-21 15:10:09.453 D/LOWI-9.0.0.80( 1026): [LOWI-Scan] decode_rsn_wpa_ie: LOWI_ENCRYPTION_TYPE_WPA_PSK
11-21 15:10:09.453 D/LOWI-9.0.0.80( 1026): [LOWI-Scan] is_qcom_ie, bss_age: 25
11-21 15:10:09.453 D/LOWI-9.0.0.80( 1026): [LOWI-Scan] BSS 2c:57:41:86:76:61 LOWI_PHY_MODE_11NG_HT20(5), Beacon Interval: 100, LOWI_ENCRYPTION_TYPE_WPA_PSK 11mcRanging: No, ANQP: No, LCI: No, Civic: No, capability(0x1411): ESS Privacy ShortSlotTime
11-21 15:10:09.453 D/LOWI-9.0.0.80( 1026): [LOWI-Scan] BSS 2c:57:41:86:76:61 FREQ: 2437, cFreq1[40:80:160] = [0:0:0] cFreq2 = 0 Country Code = US
11-21 15:10:09.453 D/LOWI-9.0.0.80( 1026): [LOWI-Scan] BSS 2c:57:41:86:76:61 (wlan0) ASSO: NO AddInfo: 0x0, TSF 1, 23:21:37.164, RSSI: -162, CPL: 2, AGE: 0,  SSID kittyhawk, TSFDelta: 0x0, TXRate: 0
11-21 15:10:09.455 D/LOWI-9.0.0.80( 1026): [LOWIDiagLog] Log: lowiMeasResult->request: invalid null argument
11-21 15:10:09.455 I/LOWI-9.0.0.80( 1026): [LOWI-Scan] lowi_close_record:Scan done in 170453226ms, 20 APs in scan results
11-21 15:10:09.455 D/LOWI-9.0.0.80( 1026): [LOWI-Scan] WipsScanUsingNL: passive scan cached 0, took 9312 ms, err 0
11-21 15:10:09.455 D/LOWI-9.0.0.80( 1026): [LOWI-Scan] lowi_proc_req_passive_scan_with_live_meas - No WLAN Frames to be parsed
11-21 15:10:09.455 D/LOWI-9.0.0.80( 1026): [LOWIScanResultReceiver] Send scan meas to listener
11-21 15:10:09.455 D/LOWI-9.0.0.80( 1026): [LOWIScanResultReceiver] Enter passive listening mode
11-21 15:10:09.456 D/LOWI-9.0.0.80( 1026): [LOWIWifiDriverInterface] getMeasurements - Passive listening mode
11-21 15:10:09.456 D/LOWI-9.0.0.80( 1026): [LOWI-Scan] WipsScanUsingNL:wait -1 sec for netlink message
11-21 15:10:09.457 D/LOWI-9.0.0.80( 1026): [LOWIEventReceiver] handleEvent:FROM:NA, TO:NA, REQ:NA, IREQ:NA, REQ_ID:0, RESP:NA, INFO:NA
11-21 15:10:09.457 D/LOWI-9.0.0.80( 1026): [LOWIBackgroundScanMgr] isRspForBgScanMgr: evt(LOWI_NO_EVT) - not handled
11-21 15:10:09.457 D/LOWI-9.0.0.80( 1026): [LOWIScheduler] manageMsg: NULL results or NULL request in results
11-21 15:10:09.457 D/LOWI-9.0.0.80( 1026): [LOWIController] Measurements received
11-21 15:10:09.457 D/LOWI-9.0.0.80( 1026): [LOWICacheManager] putInCache:Num of Meas to add: 20
11-21 15:10:09.459 D/LOWI-9.0.0.80( 1026): [LOWIController] processMeasurementResults: No current Request. Cache measurements
11-21 15:10:09.459 D/LOWI-9.0.0.80( 1026): [LOWIControllerExtn] sendLOWILpDiscoveryScanResponse: Not a discovery scan response
11-21 15:10:09.466 D/PasspointManager( 1186): ANQP entry not found for: 5e:6e:be:46:77:d7:<Pixel_R3>
11-21 15:10:09.466 D/PasspointManager( 1186): ANQP entry not found for: 12:d7:96:61:85:9f:<Pixel_R5>
11-21 15:10:09.466 D/PasspointManager( 1186): ANQP entry not found for: fe:2d:5a:49:61:eb:<Pixel_R2>
11-21 15:10:09.467 D/PasspointManager( 1186): ANQP entry not found for: c6:82:9b:4e:b3:9e:<Pixel_R6>
11-21 15:10:09.467 D/PasspointManager( 1186): ANQP entry not found for: ce:dc:12:3b:87:fd:<Pixel5_R1>
11-21 15:10:09.517 D/WifiSharingService( 2870): Sending scanResults intent with status code 0: PendingIntent{982d638: android.os.BinderProxy@f61e3c9}
11-21 15:10:09.522 D/CompatibilityInfo( 1186): mCompatibilityFlags - 4
11-21 15:10:09.523 D/CompatibilityInfo( 1186): applicationDensity - 320
11-21 15:10:09.523 D/CompatibilityInfo( 1186): applicationScale - 1.0
11-21 15:10:09.558 I/chatty  ( 2334): uid=10062(com.facebook.wearable.system.selfcare) MainTP_1655 expire 1 line
11-21 15:10:09.587 I/chatty  ( 2334): uid=10062(com.facebook.wearable.system.selfcare) pool-3-thread-1 expire 1 line
11-21 15:10:09.706 I/chatty  ( 2334): uid=10062(com.facebook.wearable.system.selfcare) DefaultDispatch expire 1 line
11-21 15:10:09.707 I/chatty  ( 2334): uid=10062(com.facebook.wearable.system.selfcare) MainTP_1656 expire 1 line
11-21 15:10:09.742 E/SelfCareDataCloudSyncWorker( 2334): Failed to get access token
11-21 15:10:09.742 E/SelfCareDataCloudSyncWorker( 2334): kotlinx.coroutines.JobCancellationException: Job was cancelled; job=JobImpl{Cancelling}@be5ef14
11-21 15:10:09.742 I/WM-WorkerWrapper( 2334): Work [ id=57f248e9-27c9-4baa-bcea-f98e3ece0d1a, tags={ com.facebook.wearable.system.selfcare.cloudsync.SelfCareDataCloudSyncWorker } ] was cancelled
11-21 15:10:09.742 I/WM-WorkerWrapper( 2334): java.util.concurrent.CancellationException: Task was cancelled.
11-21 15:10:09.742 I/WM-WorkerWrapper( 2334): 	at androidx.work.impl.utils.futures.AbstractFuture.getDoneValue(:32)
