--------- beginning of system
11-20 00:19:53.432 D/AnalyticsLogger( 1194): sent events: 15
11-20 00:19:53.624 D/AutofillManagerService( 1194): onBackKeyPressed()
11-20 00:19:53.785 D/commandrouter( 1117): SocServiceHandle::onServiceMessage, SoC Service = mcu_healthcheck_1194, appType = 1, type = SVC_REQ, clientId = 0, token = 54, payloadLen = 12, result = 0, payload.size() = 12
11-20 00:19:53.788 D/commandrouter( 1117): mcu_healthcheck_1194 (1, merlot:mcu_health:control): <ServiceResponse> FORWARDED (remote -> local) CR token ID = 54, service client ID = 39, token ID = 17874, result = 0
11-20 00:19:53.789 D/McuReachableCollector( 1194): call isMcuReachable, result true
11-20 00:19:53.848 D/RadioActivityCollector( 1194): Logging RadioActivity data: fields={radio_bluetooth_tx_time_unplugged=0, radio_wifi_sleep_time_unplugged=547770, radio_bluetooth_idle_time_unplugged=0, radio_wifi_tx_time_unplugged=0, radio_bluetooth_energy_used_unplugged=0, radio_bluetooth_rx_time_unplugged=0, radio_wifi_rx_time_unplugged=0, radio_bluetooth_sleep_time_unplugged=599949, radio_wifi_idle_time_unplugged=52188, radio_wifi_energy_used_unplugged=0}, pid=null, uid=null, pids=null, uids=null
11-20 00:19:54.770 D/AnalyticsLogger( 1194): sent events: 83
11-20 00:19:55.074 E/TaskPersister( 1194): File error accessing recents directory (directory doesn't exist?).
11-20 00:19:58.633 D/AutofillManagerService( 1194): onBackKeyPressed()
11-20 00:19:59.630 I/chatty  ( 1194): uid=1000(system) android.ui identical 1 line
11-20 00:20:00.725 D/AutofillManagerService( 1194): onBackKeyPressed()
11-20 00:20:01.278 D/commandrouter( 1117): rtc_sync (1, rtc:sync): <ServiceRequest> FORWARDED (remote -> local) service client ID = 0, token ID = 35838
11-20 00:20:01.279 D/commandrouter( 1117): SocServiceHandle::onServiceMessage, SoC Service = rtc_sync, appType = 1, type = SVC_RESP, clientId = 0, token = 35838, payloadLen = 8, result = 0, payload.size() = 8
11-20 00:20:01.620 D/AutofillManagerService( 1194): onBackKeyPressed()
11-20 00:20:04.624 I/chatty  ( 1194): uid=1000(system) android.ui identical 3 lines
11-20 00:20:05.619 D/AutofillManagerService( 1194): onBackKeyPressed()
11-20 00:20:06.155 W/ActivityManager( 1194): Invalid packageName: com.facebook.wearable.system.settings/com.facebook.wearable.system.settings.SettingsActivity
11-20 00:20:06.284 I/ActivityTaskManager( 1194): START u0 {flg=0x10000000 cmp=com.facebook.wearable.system.settings/.SettingsActivity} from uid 0
11-20 00:20:06.305 I/ActivityTaskManager( 1194): The Process com.facebook.wearable.system.settings Already Exists in BG. So sending its PID: 3038
11-20 00:20:06.305 W/ActivityTaskManager( 1194): Tried to set launchTime (0) < mLastActivityLaunchTime (30720600)
11-20 00:20:08.106 D/commandrouter( 1117): SocServiceHandle::onServiceMessage, SoC Service = mcu_healthcheck_946, appType = 1, type = SVC_REQ, clientId = 0, token = 511, payloadLen = 20, result = 0, payload.size() = 20
11-20 00:20:08.109 D/commandrouter( 1117): mcu_healthcheck_946 (1, merlot:mcu_health:control): <ServiceResponse> FORWARDED (remote -> local) CR token ID = 511, service client ID = 6, token ID = 17875, result = 0
11-20 00:20:08.518 D/AppStorageManager( 1194): BEFORE:: Previous Size: 1047740416 Current Size: 1047527424
11-20 00:20:08.518 D/AppStorageManager( 1194): AFTER:: Previous Size: 1047527424 Current Size: 1047527424
11-20 00:20:10.408 E/TaskPersister( 1194): File error accessing recents directory (directory doesn't exist?).
11-20 00:20:11.274 D/commandrouter( 1117): rtc_sync (1, rtc:sync): <ServiceRequest> FORWARDED (remote -> local) service client ID = 0, token ID = 35839
11-20 00:20:11.275 D/commandrouter( 1117): SocServiceHandle::onServiceMessage, SoC Service = rtc_sync, appType = 1, type = SVC_RESP, clientId = 0, token = 35839, payloadLen = 8, result = 0, payload.size() = 8
11-20 00:20:11.328 D/AutofillManagerService( 1194): onBackKeyPressed()
11-20 00:20:11.851 D/AutofillManagerService( 1194): onBackKeyPressed()
11-20 00:20:12.278 D/commandrouter( 1117): SocServiceHandle::onServiceMessage, SoC Service = mcu_healthcheck_1118, appType = 1, type = SVC_REQ, clientId = 0, token = 1023, payloadLen = 12, result = 0, payload.size() = 12
11-20 00:20:12.282 D/commandrouter( 1117): mcu_healthcheck_1118 (1, merlot:mcu_health:control): <ServiceResponse> FORWARDED (remote -> local) CR token ID = 1023, service client ID = 40, token ID = 17876, result = 0
11-20 00:20:12.283 D/mculinkhealth( 1118): isMcuReachable 1 (4 ms)
11-20 00:20:12.375 D/AutofillManagerService( 1194): onBackKeyPressed()
11-20 00:20:13.623 D/AutofillManagerService( 1194): onBackKeyPressed()
11-20 00:20:14.154 W/ActivityManager( 1194): Invalid packageName: com.facebook.wearable.system.settings/com.facebook.wearable.system.settings.SettingsActivity
11-20 00:20:14.277 I/ActivityTaskManager( 1194): START u0 {flg=0x10000000 cmp=com.facebook.wearable.system.settings/.SettingsActivity} from uid 0
11-20 00:20:14.293 I/ActivityTaskManager( 1194): The Process com.facebook.wearable.system.settings Already Exists in BG. So sending its PID: 3038
11-20 00:20:14.294 W/ActivityTaskManager( 1194): Tried to set launchTime (0) < mLastActivityLaunchTime (30752570)
11-20 00:20:16.979 E/TaskPersister( 1194): File error accessing recents directory (directory doesn't exist?).
11-20 00:20:20.867 W/ContextImpl( 1194): Calling a method in the system process without a qualified user: android.app.ContextImpl.sendBroadcastMultiplePermissions:1143 android.content.Context.sendBroadcastWithMultiplePermissions:2150 com.android.server.display.WifiDisplayAdapter.handleSendStatusChangeBroadcast:440 com.android.server.display.WifiDisplayAdapter.access$1700:63 com.android.server.display.WifiDisplayAdapter$WifiDisplayHandler.handleMessage:675 
11-20 00:20:21.275 D/commandrouter( 1117): rtc_sync (1, rtc:sync): <ServiceRequest> FORWARDED (remote -> local) service client ID = 0, token ID = 35840
11-20 00:20:21.275 D/commandrouter( 1117): SocServiceHandle::onServiceMessage, SoC Service = rtc_sync, appType = 1, type = SVC_RESP, clientId = 0, token = 35840, payloadLen = 8, result = 0, payload.size() = 8
11-20 00:20:21.862 W/ContextImpl( 1194): Calling a method in the system process without a qualified user: android.app.ContextImpl.sendBroadcastMultiplePermissions:1143 android.content.Context.sendBroadcastWithMultiplePermissions:2150 com.android.server.wifi.p2p.WifiP2pServiceImpl$P2pStateMachine.sendBroadcastMultiplePermissions:3209 com.android.server.wifi.p2p.WifiP2pServiceImpl$P2pStateMachine.sendP2pConnectionChangedBroadcast:3236 com.android.server.wifi.p2p.WifiP2pServiceImpl$P2pStateMachine.access$5100:768 
11-20 00:20:21.863 W/BroadcastQueue( 1194): Permission Denial: receiving Intent { act=android.net.wifi.p2p.CONNECTION_STATE_CHANGE flg=0x24000010 (has extras) } to ProcessRecord{ba73 1900:.qtidataservices/u0a89} (pid=1900, uid=10089) requires android.permission.ACCESS_FINE_LOCATION due to sender android (uid 1000)
11-20 00:20:21.867 W/ContextImpl( 1194): Calling a method in the system process without a qualified user: android.app.ContextImpl.sendBroadcastMultiplePermissions:1143 android.content.Context.sendBroadcastWithMultiplePermissions:2150 com.android.server.wifi.p2p.WifiP2pServiceImpl$P2pStateMachine.sendBroadcastMultiplePermissions:3209 com.android.server.wifi.p2p.WifiP2pServiceImpl$P2pStateMachine.sendThisDeviceChangedBroadcast:3218 com.android.server.wifi.p2p.WifiP2pServiceImpl$P2pStateMachine.updateThisDevice:3962 
11-20 00:20:23.478 W/ContextImpl( 1194): Calling a method in the system process without a qualified user: android.app.ContextImpl.sendBroadcastMultiplePermissions:1143 android.content.Context.sendBroadcastWithMultiplePermissions:2150 com.android.server.wifi.ClientModeImpl.broadcastWifiCredentialChanged:6170 com.android.server.wifi.ClientModeImpl.lambda$connect$0:6716 com.android.server.wifi.ClientModeImpl.lambda$connect$0$ClientModeImpl:0 
11-20 00:20:23.620 W/wificond(  906): Scan is not started. Ignore abort request
11-20 00:20:24.270 D/ConnectivityService( 1194): registerNetworkAgent NetworkAgentInfo{ ni{[type: WIFI[], state: UNKNOWN/IDLE, reason: (unspecified), extra: , failover: false, available: true, roaming: false]}  network{123}  nethandle{531686674445}  lp{{LinkAddresses: [ ] DnsAddresses: [ ] Domains: null MTU: 0 Routes: [ ]}}  nc{[ Transports: WIFI Capabilities: NOT_METERED&INTERNET&NOT_RESTRICTED&TRUSTED&NOT_VPN&NOT_ROAMING&FOREGROUND&NOT_CONGESTED&NOT_SUSPENDED LinkUpBandwidth>=72000Kbps LinkDnBandwidth>=72000Kbps OwnerUid: 1000 SSID: "MTBF_Lab" RequestorUid: -1 RequestorPackageName: null]}  Score{20}  everValidated{false}  lastValidated{false}  created{false} lingering{false} explicitlySelected{true} acceptUnvalidated{false} everCaptivePortalDetected{false} lastCaptivePortalDetected{false} partialConnectivity{false} acceptPartialConnectivity{false} clat{mBaseIface: null, mIface: null, mState: IDLE} }
11-20 00:20:24.314 D/ConnectivityService( 1194): [123 WIFI] EVENT_NETWORK_INFO_CHANGED, going from UNKNOWN to UNKNOWN
11-20 00:20:24.502 D/ConnectivityService( 1194): NetReassign [no changes]
11-20 00:20:24.520 D/ConnectivityService( 1194): Adding iface wlan0 to network 123
11-20 00:20:24.540 E/ConnectivityService( 1194): Exception adding interface: java.lang.IllegalStateException: android.os.ServiceSpecificException: Machine is not on the network (code 64)
11-20 00:20:24.547 I/Nat464Xlat( 1194): Android Xlat is disabled
11-20 00:20:24.547 I/Nat464Xlat( 1194): Android Xlat is disabled
11-20 00:20:25.206 E/ConnectivityService( 1194): Exception in networkAddRouteParcel for non-gateway: android.os.ServiceSpecificException: Machine is not on the network (code 64)
11-20 00:20:25.208 E/ConnectivityService( 1194): Exception in networkAddRouteParcel for gateway: android.os.ServiceSpecificException: Machine is not on the network (code 64)
11-20 00:20:25.208 I/Nat464Xlat( 1194): Android Xlat is disabled
11-20 00:20:25.208 I/Nat464Xlat( 1194): Android Xlat is disabled
11-20 00:20:25.281 D/ConnectivityService( 1194): Setting DNS servers for network 123 to [/192.168.1.1]
11-20 00:20:25.291 I/Nat464Xlat( 1194): Android Xlat is disabled
11-20 00:20:25.291 I/Nat464Xlat( 1194): Android Xlat is disabled
11-20 00:20:25.377 D/ConnectivityService( 1194): [123 WIFI] EVENT_NETWORK_INFO_CHANGED, going from UNKNOWN to CONNECTED
11-20 00:20:25.394 D/DnsManager( 1194): sendDnsConfigurationForNetwork(123, [192.168.1.1], [], 1800, 25, 8, 64, 0, 0, , [])
11-20 00:20:25.407 W/DnsManager( 1194): updatePrivateDns(123, PrivateDnsConfig{true:/[]})
11-20 00:20:25.407 D/ConnectivityService( 1194): Setting DNS servers for network 123 to [/192.168.1.1]
11-20 00:20:25.408 D/DnsManager( 1194): sendDnsConfigurationForNetwork(123, [192.168.1.1], [], 1800, 25, 8, 64, 0, 0, , [192.168.1.1])
11-20 00:20:25.410 D/ConnectivityService( 1194): Adding iface wlan0 to network 123
11-20 00:20:25.436 D/ConnectivityService( 1194): Setting DNS servers for network 123 to [/192.168.1.1]
11-20 00:20:25.437 D/DnsManager( 1194): sendDnsConfigurationForNetwork(123, [192.168.1.1], [], 1800, 25, 8, 64, 0, 0, , [192.168.1.1])
11-20 00:20:25.439 I/Nat464Xlat( 1194): Android Xlat is disabled
11-20 00:20:25.439 I/Nat464Xlat( 1194): Android Xlat is disabled
11-20 00:20:25.520 D/ConnectivityService( 1194): NetReassign [no changes]
11-20 00:20:25.741 D/ConnectivityService( 1194): [123 WIFI] validation passed
11-20 00:20:25.741 D/ConnectivityService( 1194): NetReassign [8 : 100 → 123, 20 : 100 → 123, 46 : 100 → 123, 45 : 100 → 123, 626 : 100 → 123, 12 : 100 → 123, 22 : 100 → 123, 16 : 100 → 123, 603 : 100 → 123, 14 : 100 → 123, 50 : 100 → 123, 18 : 100 → 123, 11 : 100 → 123, 1 : 100 → 123, 17 : 100 → 123]
11-20 00:20:25.750 E/NetlinkEvent(  459): NetlinkEvent::FindParam(): Parameter 'INTERFACE' not found
11-20 00:20:25.750 E/NetlinkEvent(  459): NetlinkEvent::FindParam(): Parameter 'STATE' not found
11-20 00:20:25.750 E/NetlinkEvent(  459): NetlinkEvent::FindParam(): Parameter 'TIME_NS' not found
11-20 00:20:25.750 E/NetlinkEvent(  459): NetlinkEvent::FindParam(): Parameter 'UID' not found
11-20 00:20:25.777 D/ConnectivityService( 1194): Switching to new default network: NetworkAgentInfo{ ni{[type: WIFI[], state: CONNECTED/CONNECTED, reason: (unspecified), extra: , failover: false, available: true, roaming: false]}  network{123}  nethandle{531686674445}  lp{{InterfaceName: wlan0 LinkAddresses: [ fe80::8d6:4aff:fe32:b1ee/64,192.168.1.39/24 ] DnsAddresses: [ /192.168.1.1 ] Domains: null MTU: 0 ServerAddress: /192.168.1.1 TcpBufferSizes: 524288,1048576,2097152,262144,524288,1048576 Routes: [ fe80::/64 -> :: wlan0 mtu 0,192.168.1.0/24 -> 0.0.0.0 wlan0 mtu 0,0.0.0.0/0 -> 192.168.1.1 wlan0 mtu 0 ]}}  nc{[ Transports: WIFI Capabilities: NOT_METERED&INTERNET&NOT_RESTRICTED&TRUSTED&NOT_VPN&VALIDATED&NOT_ROAMING&FOREGROUND&NOT_CONGESTED&NOT_SUSPENDED LinkUpBandwidth>=68000Kbps LinkDnBandwidth>=68000Kbps SignalStrength: -30 OwnerUid: 1000 SSID: "MTBF_Lab" RequestorUid: -1 RequestorPackageName: null]}  Score{60}  everValidated{true}  lastValidated{true}  created{true} lingering{false} explicitlySelected{true} acceptUnvalidated{false} everCaptivePortalDetected{false} lastCaptivePortalDetected{false} partialConnectivity{false} acceptPartialConnectivity{false} clat{mBaseIface: null, mIface: null, mState: IDLE} }
11-20 00:20:25.909 D/ConnectivityService( 1194): Lingering [100 CELLULAR] for 30000ms
11-20 00:20:25.913 D/ConnectivityService( 1194): Sending DISCONNECTED broadcast for type 0 [100 CELLULAR] isDefaultNetwork=true
11-20 00:20:25.918 D/ConnectivityService( 1194): Sending CONNECTED broadcast for type 1 [123 WIFI] isDefaultNetwork=true
11-20 00:20:25.965 D/ConnectivityService( 1194): Setting DNS servers for network 123 to [/192.168.1.1]
11-20 00:20:25.973 D/DnsManager( 1194): sendDnsConfigurationForNetwork(123, [192.168.1.1], [], 1800, 25, 8, 64, 0, 0, , [192.168.1.1])
11-20 00:20:25.975 D/CompatibilityChangeReporter( 1194): Compat change id reported: 135634846; UID 10013; state: DISABLED
11-20 00:20:25.983 D/CompatibilityChangeReporter( 1194): Compat change id reported: 143937733; UID 10013; state: ENABLED
11-20 00:20:26.130 W/Looper  ( 1194): Slow dispatch took 197ms main h=com.android.server.job.JobSchedulerService$JobHandler c=null m=1
11-20 00:20:26.163 W/Looper  ( 1194): Slow dispatch took 183ms android.fg h=android.os.Handler c=com.android.server.timedetector.-$$Lambda$TimeDetectorService$nU2ruOeSUWWPVvB4A7i7qaumT4s@c5bf845 m=0
11-20 00:20:26.163 W/Looper  ( 1194): Slow delivery took 251ms android.fg h=android.net.ConnectivityManager$CallbackHandler c=null m=524291
11-20 00:20:26.177 W/Looper  ( 1194): Drained
11-20 00:20:26.202 W/ActivityManager( 1194): Slow operation: 246ms so far, now at startProcess: returned from zygote!
11-20 00:20:26.202 W/ActivityManager( 1194): Slow operation: 246ms so far, now at startProcess: done updating battery stats
11-20 00:20:26.208 W/ActivityManager( 1194): Slow operation: 252ms so far, now at startProcess: building log message
11-20 00:20:26.208 I/ActivityManager( 1194): Start proc 20098:com.facebook.wearable.system.updater/u0a13 for service {com.facebook.wearable.system.updater/com.facebook.wearable.system.updater.core.scheduler.OSUpdateScheduleService}
11-20 00:20:26.208 W/ActivityManager( 1194): Slow operation: 252ms so far, now at startProcess: starting to update pids map
11-20 00:20:26.268 W/ActivityManager( 1194): Slow operation: 313ms so far, now at startProcess: done updating pids map
11-20 00:20:27.189 D/ConnectivityService( 1194): NetReassign [no changes]
11-20 00:20:27.688 D/ConnectivityService( 1194): requestNetwork for uid/pid:10013/20098 NetworkRequest [ TRACK_DEFAULT id=629, [ Capabilities: INTERNET&NOT_RESTRICTED&TRUSTED Uid: 10013 AdministratorUids: [] RequestorUid: 10013 RequestorPackageName: com.facebook.wearable.system.updater] ]
11-20 00:20:27.688 D/ConnectivityService( 1194): NetReassign [629 : null → 123]
11-20 00:20:28.179 D/JavaBinder( 1194): Here is le tags []
11-20 00:20:28.212 D/JavaBinder( 1194): Here is le tags []
11-20 00:20:31.276 D/commandrouter( 1117): rtc_sync (1, rtc:sync): <ServiceRequest> FORWARDED (remote -> local) service client ID = 0, token ID = 35841
11-20 00:20:31.277 D/commandrouter( 1117): SocServiceHandle::onServiceMessage, SoC Service = rtc_sync, appType = 1, type = SVC_RESP, clientId = 0, token = 35841, payloadLen = 8, result = 0, payload.size() = 8
11-20 00:20:33.741 D/AutofillManagerService( 1194): onBackKeyPressed()
11-20 00:20:36.632 I/chatty  ( 1194): uid=1000(system) android.ui identical 3 lines
11-20 00:20:37.625 D/AutofillManagerService( 1194): onBackKeyPressed()
11-20 00:20:38.494 E/TaskPersister( 1194): File error accessing recents directory (directory doesn't exist?).
11-20 00:20:38.623 D/AutofillManagerService( 1194): onBackKeyPressed()
11-20 00:20:39.618 I/chatty  ( 1194): uid=1000(system) android.ui identical 1 line
11-20 00:20:40.615 D/AutofillManagerService( 1194): onBackKeyPressed()
11-20 00:20:41.161 W/ActivityManager( 1194): Invalid packageName: com.facebook.wearable.system.settings/com.facebook.wearable.system.settings.SettingsActivity
11-20 00:20:41.272 D/commandrouter( 1117): rtc_sync (1, rtc:sync): <ServiceRequest> FORWARDED (remote -> local) service client ID = 0, token ID = 35842
11-20 00:20:41.272 D/commandrouter( 1117): SocServiceHandle::onServiceMessage, SoC Service = rtc_sync, appType = 1, type = SVC_RESP, clientId = 0, token = 35842, payloadLen = 8, result = 0, payload.size() = 8
11-20 00:20:41.281 I/ActivityTaskManager( 1194): START u0 {flg=0x10000000 cmp=com.facebook.wearable.system.settings/.SettingsActivity} from uid 0
11-20 00:20:41.296 I/ActivityTaskManager( 1194): The Process com.facebook.wearable.system.settings Already Exists in BG. So sending its PID: 3038
11-20 00:20:41.297 W/ActivityTaskManager( 1194): Tried to set launchTime (0) < mLastActivityLaunchTime (30760558)
11-20 00:20:42.285 D/commandrouter( 1117): SocServiceHandle::onServiceMessage, SoC Service = mcu_healthcheck_1118, appType = 1, type = SVC_REQ, clientId = 0, token = 1024, payloadLen = 12, result = 0, payload.size() = 12
11-20 00:20:42.288 D/commandrouter( 1117): mcu_healthcheck_1118 (1, merlot:mcu_health:control): <ServiceResponse> FORWARDED (remote -> local) CR token ID = 1024, service client ID = 40, token ID = 17877, result = 0
11-20 00:20:42.289 D/mculinkhealth( 1118): isMcuReachable 1 (4 ms)
11-20 00:20:44.874 E/TaskPersister( 1194): File error accessing recents directory (directory doesn't exist?).
11-20 00:20:51.274 D/commandrouter( 1117): rtc_sync (1, rtc:sync): <ServiceRequest> FORWARDED (remote -> local) service client ID = 0, token ID = 35843
11-20 00:20:51.275 D/commandrouter( 1117): SocServiceHandle::onServiceMessage, SoC Service = rtc_sync, appType = 1, type = SVC_RESP, clientId = 0, token = 35843, payloadLen = 8, result = 0, payload.size() = 8
11-20 00:20:55.791 D/ConnectivityService( 1194): handleLingerComplete for [100 CELLULAR]
11-20 00:21:01.275 D/commandrouter( 1117): rtc_sync (1, rtc:sync): <ServiceRequest> FORWARDED (remote -> local) service client ID = 0, token ID = 35844
11-20 00:21:01.276 D/commandrouter( 1117): SocServiceHandle::onServiceMessage, SoC Service = rtc_sync, appType = 1, type = SVC_RESP, clientId = 0, token = 35844, payloadLen = 8, result = 0, payload.size() = 8
11-20 00:21:06.418 D/AnalyticsLogger( 1194): sent events: 10
11-20 00:21:08.110 D/commandrouter( 1117): SocServiceHandle::onServiceMessage, SoC Service = mcu_healthcheck_946, appType = 1, type = SVC_REQ, clientId = 0, token = 512, payloadLen = 20, result = 0, payload.size() = 20
11-20 00:21:08.116 D/commandrouter( 1117): mcu_healthcheck_946 (1, merlot:mcu_health:control): <ServiceResponse> FORWARDED (remote -> local) CR token ID = 512, service client ID = 6, token ID = 17878, result = 0
11-20 00:21:08.626 D/AppStorageManager( 1194): BEFORE:: Previous Size: 1047527424 Current Size: 1047699456
11-20 00:21:08.627 D/AppStorageManager( 1194): AFTER:: Previous Size: 1047699456 Current Size: 1047699456
11-20 00:21:09.248 D/AutofillManagerService( 1194): onBackKeyPressed()
11-20 00:21:10.302 I/chatty  ( 1194): uid=1000(system) android.ui identical 2 lines
11-20 00:21:10.976 D/AutofillManagerService( 1194): onBackKeyPressed()
11-20 00:21:11.160 W/ActivityManager( 1194): Invalid packageName: com.facebook.wearable.system.settings/com.facebook.wearable.system.settings.SettingsActivity
11-20 00:21:11.269 D/commandrouter( 1117): rtc_sync (1, rtc:sync): <ServiceRequest> FORWARDED (remote -> local) service client ID = 0, token ID = 35845
11-20 00:21:11.269 D/commandrouter( 1117): SocServiceHandle::onServiceMessage, SoC Service = rtc_sync, appType = 1, type = SVC_RESP, clientId = 0, token = 35845, payloadLen = 8, result = 0, payload.size() = 8
11-20 00:21:11.275 I/ActivityTaskManager( 1194): START u0 {flg=0x10000000 cmp=com.facebook.wearable.system.settings/.SettingsActivity} from uid 0
11-20 00:21:11.298 I/ActivityTaskManager( 1194): The Process com.facebook.wearable.system.settings Already Exists in BG. So sending its PID: 3038
11-20 00:21:11.298 W/ActivityTaskManager( 1194): Tried to set launchTime (0) < mLastActivityLaunchTime (30787562)
11-20 00:21:12.290 D/commandrouter( 1117): SocServiceHandle::onServiceMessage, SoC Service = mcu_healthcheck_1118, appType = 1, type = SVC_REQ, clientId = 0, token = 1025, payloadLen = 12, result = 0, payload.size() = 12
11-20 00:21:12.294 D/commandrouter( 1117): mcu_healthcheck_1118 (1, merlot:mcu_health:control): <ServiceResponse> FORWARDED (remote -> local) CR token ID = 1025, service client ID = 40, token ID = 17879, result = 0
11-20 00:21:12.295 D/mculinkhealth( 1118): isMcuReachable 1 (5 ms)
11-20 00:21:14.868 E/TaskPersister( 1194): File error accessing recents directory (directory doesn't exist?).
11-20 00:21:18.844 W/ContextImpl( 1194): Calling a method in the system process without a qualified user: android.app.ContextImpl.sendBroadcastMultiplePermissions:1143 android.content.Context.sendBroadcastWithMultiplePermissions:2150 com.android.server.display.WifiDisplayAdapter.handleSendStatusChangeBroadcast:440 com.android.server.display.WifiDisplayAdapter.access$1700:63 com.android.server.display.WifiDisplayAdapter$WifiDisplayHandler.handleMessage:675 
11-20 00:21:19.424 D/ConnectivityService( 1194): [123 WIFI] EVENT_NETWORK_INFO_CHANGED, going from CONNECTED to DISCONNECTED
11-20 00:21:19.425 D/ConnectivityService( 1194): [123 WIFI] disconnected, was satisfying 27
11-20 00:21:19.501 I/Nat464Xlat( 1194): Android Xlat is disabled
11-20 00:21:19.501 I/Nat464Xlat( 1194): Android Xlat is disabled
11-20 00:21:19.552 D/ConnectivityService( 1194): Sending DISCONNECTED broadcast for type 1 [123 WIFI] isDefaultNetwork=true
11-20 00:21:19.560 D/ConnectivityService( 1194): NetReassign [8 : null → 100, 20 : null → 100, 46 : null → 100, 45 : null → 100, 626 : null → 100, 12 : null → 100, 22 : null → 100, 16 : null → 100, 603 : null → 100, 14 : null → 100, 50 : null → 100, 18 : null → 100, 11 : null → 100, 629 : null → 100, 1 : null → 100, 17 : null → 100]
11-20 00:21:19.567 E/NetlinkEvent(  459): NetlinkEvent::FindParam(): Parameter 'INTERFACE' not found
11-20 00:21:19.567 E/NetlinkEvent(  459): NetlinkEvent::FindParam(): Parameter 'STATE' not found
11-20 00:21:19.567 E/NetlinkEvent(  459): NetlinkEvent::FindParam(): Parameter 'TIME_NS' not found
11-20 00:21:19.567 E/NetlinkEvent(  459): NetlinkEvent::FindParam(): Parameter 'UID' not found
11-20 00:21:19.596 D/ConnectivityService( 1194): Switching to new default network: NetworkAgentInfo{ ni{[type: MOBILE[LTE], state: CONNECTED/CONNECTED, reason: (unspecified), extra: nxtgenphone, failover: false, available: true, roaming: false]}  network{100}  nethandle{432902426637}  lp{{InterfaceName: rmnet_data2 LinkAddresses: [ 10.129.103.196/29,2600:380:c119:24f:b89a:9f3c:46c1:95af/64 ] DnsAddresses: [ /172.26.38.1,/fc00:a:a::300 ] Domains: null MTU: 1430 TcpBufferSizes: 2097152,4194304,8388608,262144,524288,1048576 Routes: [ 0.0.0.0/0 -> 10.129.103.197 rmnet_data2 mtu 1430,::/0 -> fe80::b45f:41f1:1846:969d rmnet_data2 mtu 1430,10.129.103.192/29 -> 0.0.0.0 rmnet_data2 mtu 0,2600:380:c119:24f::/64 -> :: rmnet_data2 mtu 0 ]}}  nc{[ Transports: CELLULAR Capabilities: MMS&SUPL&FOTA&INTERNET&NOT_RESTRICTED&TRUSTED&NOT_VPN&VALIDATED&NOT_ROAMING&NOT_CONGESTED&NOT_SUSPENDED LinkUpBandwidth>=15000Kbps LinkDnBandwidth>=30000Kbps Specifier: <TelephonyNetworkSpecifier [mSubId = 1]> AdministratorUids: [] RequestorUid: -1 RequestorPackageName: null]}  Score{50}  everValidated{true}  lastValidated{true}  created{true} lingering{false} explicitlySelected{false} acceptUnvalidated{false} everCaptivePortalDetected{false} lastCaptivePortalDetected{false} partialConnectivity{false} acceptPartialConnectivity{false} clat{mBaseIface: null, mIface: null, mState: IDLE} }
11-20 00:21:19.833 D/ConnectivityService( 1194): Sending CONNECTED broadcast for type 0 [100 CELLULAR] isDefaultNetwork=true
11-20 00:21:19.913 W/Looper  ( 1194): Slow dispatch took 109ms android.fg h=android.os.Handler c=com.android.server.timedetector.-$$Lambda$TimeDetectorService$nU2ruOeSUWWPVvB4A7i7qaumT4s@9044094 m=0
11-20 00:21:21.272 D/commandrouter( 1117): rtc_sync (1, rtc:sync): <ServiceRequest> FORWARDED (remote -> local) service client ID = 0, token ID = 35846
11-20 00:21:21.273 D/commandrouter( 1117): SocServiceHandle::onServiceMessage, SoC Service = rtc_sync, appType = 1, type = SVC_RESP, clientId = 0, token = 35846, payloadLen = 8, result = 0, payload.size() = 8
11-20 00:21:23.613 D/AutofillManagerService( 1194): onBackKeyPressed()
11-20 00:21:26.624 I/chatty  ( 1194): uid=1000(system) android.ui identical 4 lines
11-20 00:21:27.631 D/AutofillManagerService( 1194): onBackKeyPressed()
11-20 00:21:28.159 E/TaskPersister( 1194): File error accessing recents directory (directory doesn't exist?).
11-20 00:21:28.631 D/AutofillManagerService( 1194): onBackKeyPressed()
11-20 00:21:29.627 D/AutofillManagerService( 1194): onBackKeyPressed()
11-20 00:21:30.152 W/ActivityManager( 1194): Invalid packageName: com.facebook.wearable.system.settings/com.facebook.wearable.system.settings.SettingsActivity
11-20 00:21:30.278 I/ActivityTaskManager( 1194): START u0 {flg=0x10000000 cmp=com.facebook.wearable.system.settings/.SettingsActivity} from uid 0
11-20 00:21:30.293 I/ActivityTaskManager( 1194): The Process com.facebook.wearable.system.settings Already Exists in BG. So sending its PID: 3038
11-20 00:21:30.294 W/ActivityTaskManager( 1194): Tried to set launchTime (0) < mLastActivityLaunchTime (30817563)
11-20 00:21:31.262 D/commandrouter( 1117): rtc_sync (1, rtc:sync): <ServiceRequest> FORWARDED (remote -> local) service client ID = 0, token ID = 35847
11-20 00:21:31.263 D/commandrouter( 1117): SocServiceHandle::onServiceMessage, SoC Service = rtc_sync, appType = 1, type = SVC_RESP, clientId = 0, token = 35847, payloadLen = 8, result = 0, payload.size() = 8
11-20 00:21:33.840 E/TaskPersister( 1194): File error accessing recents directory (directory doesn't exist?).
11-20 00:21:37.071 W/ContextImpl( 1194): Calling a method in the system process without a qualified user: android.app.ContextImpl.sendBroadcastMultiplePermissions:1143 android.content.Context.sendBroadcastWithMultiplePermissions:2150 com.android.server.display.WifiDisplayAdapter.handleSendStatusChangeBroadcast:440 com.android.server.display.WifiDisplayAdapter.access$1700:63 com.android.server.display.WifiDisplayAdapter$WifiDisplayHandler.handleMessage:675 
11-20 00:21:38.107 W/ContextImpl( 1194): Calling a method in the system process without a qualified user: android.app.ContextImpl.sendBroadcastMultiplePermissions:1143 android.content.Context.sendBroadcastWithMultiplePermissions:2150 com.android.server.wifi.p2p.WifiP2pServiceImpl$P2pStateMachine.sendBroadcastMultiplePermissions:3209 com.android.server.wifi.p2p.WifiP2pServiceImpl$P2pStateMachine.sendP2pConnectionChangedBroadcast:3236 com.android.server.wifi.p2p.WifiP2pServiceImpl$P2pStateMachine.access$5100:768 
11-20 00:21:38.109 W/BroadcastQueue( 1194): Permission Denial: receiving Intent { act=android.net.wifi.p2p.CONNECTION_STATE_CHANGE flg=0x24000010 (has extras) } to ProcessRecord{ba73 1900:.qtidataservices/u0a89} (pid=1900, uid=10089) requires android.permission.ACCESS_FINE_LOCATION due to sender android (uid 1000)
11-20 00:21:38.192 W/wificond(  906): Scan is not started. Ignore abort request
11-20 00:21:38.198 W/ContextImpl( 1194): Calling a method in the system process without a qualified user: android.app.ContextImpl.sendBroadcastMultiplePermissions:1143 android.content.Context.sendBroadcastWithMultiplePermissions:2150 com.android.server.wifi.p2p.WifiP2pServiceImpl$P2pStateMachine.sendBroadcastMultiplePermissions:3209 com.android.server.wifi.p2p.WifiP2pServiceImpl$P2pStateMachine.sendThisDeviceChangedBroadcast:3218 com.android.server.wifi.p2p.WifiP2pServiceImpl$P2pStateMachine.updateThisDevice:3962 
11-20 00:21:38.568 D/ConnectivityService( 1194): registerNetworkAgent NetworkAgentInfo{ ni{[type: WIFI[], state: UNKNOWN/IDLE, reason: (unspecified), extra: , failover: false, available: true, roaming: false]}  network{124}  nethandle{535981641741}  lp{{InterfaceName: wlan0 LinkAddresses: [ ] DnsAddresses: [ ] Domains: null MTU: 0 Routes: [ ]}}  nc{[ Transports: WIFI Capabilities: NOT_METERED&INTERNET&NOT_RESTRICTED&TRUSTED&NOT_VPN&NOT_ROAMING&FOREGROUND&NOT_CONGESTED&NOT_SUSPENDED LinkUpBandwidth>=72000Kbps LinkDnBandwidth>=72000Kbps OwnerUid: 1000 SSID: "MTBF_Lab" RequestorUid: -1 RequestorPackageName: null]}  Score{20}  everValidated{false}  lastValidated{false}  created{false} lingering{false} explicitlySelected{false} acceptUnvalidated{false} everCaptivePortalDetected{false} lastCaptivePortalDetected{false} partialConnectivity{false} acceptPartialConnectivity{false} clat{mBaseIface: null, mIface: null, mState: IDLE} }
11-20 00:21:38.595 D/ConnectivityService( 1194): [124 WIFI] EVENT_NETWORK_INFO_CHANGED, going from UNKNOWN to UNKNOWN
11-20 00:21:38.759 D/ConnectivityService( 1194): NetReassign [no changes]
11-20 00:21:38.780 I/Nat464Xlat( 1194): Android Xlat is disabled
11-20 00:21:38.780 I/Nat464Xlat( 1194): Android Xlat is disabled
11-20 00:21:38.906 E/ConnectivityService( 1194): Exception in networkAddRouteParcel for non-gateway: android.os.ServiceSpecificException: Machine is not on the network (code 64)
11-20 00:21:38.907 E/ConnectivityService( 1194): Exception in networkAddRouteParcel for gateway: android.os.ServiceSpecificException: Machine is not on the network (code 64)
11-20 00:21:38.907 I/Nat464Xlat( 1194): Android Xlat is disabled
11-20 00:21:38.907 I/Nat464Xlat( 1194): Android Xlat is disabled
11-20 00:21:39.055 D/ConnectivityService( 1194): Setting DNS servers for network 124 to [/192.168.1.1]
11-20 00:21:39.057 I/Nat464Xlat( 1194): Android Xlat is disabled
11-20 00:21:39.057 I/Nat464Xlat( 1194): Android Xlat is disabled
11-20 00:21:39.151 D/ConnectivityService( 1194): [124 WIFI] EVENT_NETWORK_INFO_CHANGED, going from UNKNOWN to CONNECTED
11-20 00:21:39.158 D/DnsManager( 1194): sendDnsConfigurationForNetwork(124, [192.168.1.1], [], 1800, 25, 8, 64, 0, 0, , [])
11-20 00:21:39.162 W/DnsManager( 1194): updatePrivateDns(124, PrivateDnsConfig{true:/[]})
11-20 00:21:39.162 D/ConnectivityService( 1194): Setting DNS servers for network 124 to [/192.168.1.1]
11-20 00:21:39.163 D/DnsManager( 1194): sendDnsConfigurationForNetwork(124, [192.168.1.1], [], 1800, 25, 8, 64, 0, 0, , [192.168.1.1])
11-20 00:21:39.165 D/ConnectivityService( 1194): Adding iface wlan0 to network 124
11-20 00:21:39.189 D/ConnectivityService( 1194): Setting DNS servers for network 124 to [/192.168.1.1]
11-20 00:21:39.190 D/DnsManager( 1194): sendDnsConfigurationForNetwork(124, [192.168.1.1], [], 1800, 25, 8, 64, 0, 0, , [192.168.1.1])
11-20 00:21:39.192 I/Nat464Xlat( 1194): Android Xlat is disabled
11-20 00:21:39.192 I/Nat464Xlat( 1194): Android Xlat is disabled
11-20 00:21:39.251 D/ConnectivityService( 1194): NetReassign [no changes]
11-20 00:21:39.463 D/ConnectivityService( 1194): [124 WIFI] validation passed
11-20 00:21:39.464 D/ConnectivityService( 1194): NetReassign [8 : 100 → 124, 20 : 100 → 124, 46 : 100 → 124, 45 : 100 → 124, 626 : 100 → 124, 12 : 100 → 124, 22 : 100 → 124, 16 : 100 → 124, 603 : 100 → 124, 14 : 100 → 124, 50 : 100 → 124, 18 : 100 → 124, 11 : 100 → 124, 629 : 100 → 124, 1 : 100 → 124, 17 : 100 → 124]
11-20 00:21:39.471 E/NetlinkEvent(  459): NetlinkEvent::FindParam(): Parameter 'INTERFACE' not found
11-20 00:21:39.471 E/NetlinkEvent(  459): NetlinkEvent::FindParam(): Parameter 'STATE' not found
11-20 00:21:39.471 E/NetlinkEvent(  459): NetlinkEvent::FindParam(): Parameter 'TIME_NS' not found
11-20 00:21:39.471 E/NetlinkEvent(  459): NetlinkEvent::FindParam(): Parameter 'UID' not found
11-20 00:21:39.486 D/ConnectivityService( 1194): Switching to new default network: NetworkAgentInfo{ ni{[type: WIFI[], state: CONNECTED/CONNECTED, reason: (unspecified), extra: , failover: false, available: true, roaming: false]}  network{124}  nethandle{535981641741}  lp{{InterfaceName: wlan0 LinkAddresses: [ 192.168.1.39/24 ] DnsAddresses: [ /192.168.1.1 ] Domains: null MTU: 0 ServerAddress: /192.168.1.1 TcpBufferSizes: 524288,1048576,2097152,262144,524288,1048576 Routes: [ fe80::/64 -> :: wlan0 mtu 0,192.168.1.0/24 -> 0.0.0.0 wlan0 mtu 0,0.0.0.0/0 -> 192.168.1.1 wlan0 mtu 0 ]}}  nc{[ Transports: WIFI Capabilities: NOT_METERED&INTERNET&NOT_RESTRICTED&TRUSTED&NOT_VPN&VALIDATED&NOT_ROAMING&FOREGROUND&NOT_CONGESTED&NOT_SUSPENDED LinkUpBandwidth>=68000Kbps LinkDnBandwidth>=68000Kbps SignalStrength: -29 OwnerUid: 1000 SSID: "MTBF_Lab" RequestorUid: -1 RequestorPackageName: null]}  Score{60}  everValidated{true}  lastValidated{true}  created{true} lingering{false} explicitlySelected{false} acceptUnvalidated{false} everCaptivePortalDetected{false} lastCaptivePortalDetected{false} partialConnectivity{false} acceptPartialConnectivity{false} clat{mBaseIface: null, mIface: null, mState: IDLE} }
11-20 00:21:39.625 D/ConnectivityService( 1194): Lingering [100 CELLULAR] for 30000ms
11-20 00:21:39.627 D/ConnectivityService( 1194): Sending DISCONNECTED broadcast for type 0 [100 CELLULAR] isDefaultNetwork=true
11-20 00:21:39.629 D/ConnectivityService( 1194): Sending CONNECTED broadcast for type 1 [124 WIFI] isDefaultNetwork=true
11-20 00:21:39.658 D/ConnectivityService( 1194): Setting DNS servers for network 124 to [/192.168.1.1]
11-20 00:21:39.659 D/DnsManager( 1194): sendDnsConfigurationForNetwork(124, [192.168.1.1], [], 1800, 25, 8, 64, 0, 0, , [192.168.1.1])
11-20 00:21:39.983 I/Nat464Xlat( 1194): Android Xlat is disabled
11-20 00:21:39.983 I/Nat464Xlat( 1194): Android Xlat is disabled
11-20 00:21:41.256 D/commandrouter( 1117): rtc_sync (1, rtc:sync): <ServiceRequest> FORWARDED (remote -> local) service client ID = 0, token ID = 35848
11-20 00:21:41.257 D/commandrouter( 1117): SocServiceHandle::onServiceMessage, SoC Service = rtc_sync, appType = 1, type = SVC_RESP, clientId = 0, token = 35848, payloadLen = 8, result = 0, payload.size() = 8
11-20 00:21:42.297 D/commandrouter( 1117): SocServiceHandle::onServiceMessage, SoC Service = mcu_healthcheck_1118, appType = 1, type = SVC_REQ, clientId = 0, token = 1026, payloadLen = 12, result = 0, payload.size() = 12
11-20 00:21:42.301 D/commandrouter( 1117): mcu_healthcheck_1118 (1, merlot:mcu_health:control): <ServiceResponse> FORWARDED (remote -> local) CR token ID = 1026, service client ID = 40, token ID = 17880, result = 0
11-20 00:21:42.301 D/mculinkhealth( 1118): isMcuReachable 1 (5 ms)
11-20 00:21:51.253 D/commandrouter( 1117): rtc_sync (1, rtc:sync): <ServiceRequest> FORWARDED (remote -> local) service client ID = 0, token ID = 35849
11-20 00:21:51.254 D/commandrouter( 1117): SocServiceHandle::onServiceMessage, SoC Service = rtc_sync, appType = 1, type = SVC_RESP, clientId = 0, token = 35849, payloadLen = 8, result = 0, payload.size() = 8
11-20 00:21:58.241 D/AutofillManagerService( 1194): onBackKeyPressed()
11-20 00:21:59.300 I/chatty  ( 1194): uid=1000(system) android.ui identical 2 lines
11-20 00:22:00.719 D/AutofillManagerService( 1194): onBackKeyPressed()
11-20 00:22:01.159 W/ActivityManager( 1194): Invalid packageName: com.facebook.wearable.system.settings/com.facebook.wearable.system.settings.SettingsActivity
11-20 00:22:01.253 D/commandrouter( 1117): rtc_sync (1, rtc:sync): <ServiceRequest> FORWARDED (remote -> local) service client ID = 0, token ID = 35850
11-20 00:22:01.254 D/commandrouter( 1117): SocServiceHandle::onServiceMessage, SoC Service = rtc_sync, appType = 1, type = SVC_RESP, clientId = 0, token = 35850, payloadLen = 8, result = 0, payload.size() = 8
11-20 00:22:01.297 I/ActivityTaskManager( 1194): START u0 {flg=0x10000000 cmp=com.facebook.wearable.system.settings/.SettingsActivity} from uid 0
11-20 00:22:01.315 I/ActivityTaskManager( 1194): The Process com.facebook.wearable.system.settings Already Exists in BG. So sending its PID: 3038
11-20 00:22:01.316 W/ActivityTaskManager( 1194): Tried to set launchTime (0) < mLastActivityLaunchTime (30836558)
11-20 00:22:03.859 E/TaskPersister( 1194): File error accessing recents directory (directory doesn't exist?).
11-20 00:22:08.118 D/commandrouter( 1117): SocServiceHandle::onServiceMessage, SoC Service = mcu_healthcheck_946, appType = 1, type = SVC_REQ, clientId = 0, token = 513, payloadLen = 20, result = 0, payload.size() = 20
11-20 00:22:08.123 D/commandrouter( 1117): mcu_healthcheck_946 (1, merlot:mcu_health:control): <ServiceResponse> FORWARDED (remote -> local) CR token ID = 513, service client ID = 6, token ID = 17881, result = 0
11-20 00:22:08.698 D/AppStorageManager( 1194): BEFORE:: Previous Size: 1047699456 Current Size: 1047691264
11-20 00:22:08.698 D/AppStorageManager( 1194): AFTER:: Previous Size: 1047691264 Current Size: 1047691264
11-20 00:22:08.911 W/ContextImpl( 1194): Calling a method in the system process without a qualified user: android.app.ContextImpl.sendBroadcastMultiplePermissions:1143 android.content.Context.sendBroadcastWithMultiplePermissions:2150 com.android.server.display.WifiDisplayAdapter.handleSendStatusChangeBroadcast:440 com.android.server.display.WifiDisplayAdapter.access$1700:63 com.android.server.display.WifiDisplayAdapter$WifiDisplayHandler.handleMessage:675 
11-20 00:22:09.453 D/ConnectivityService( 1194): [124 WIFI] EVENT_NETWORK_INFO_CHANGED, going from CONNECTED to DISCONNECTED
11-20 00:22:09.453 D/ConnectivityService( 1194): [124 WIFI] disconnected, was satisfying 27
11-20 00:22:09.555 I/Nat464Xlat( 1194): Android Xlat is disabled
11-20 00:22:09.555 I/Nat464Xlat( 1194): Android Xlat is disabled
11-20 00:22:09.566 D/ConnectivityService( 1194): Sending DISCONNECTED broadcast for type 1 [124 WIFI] isDefaultNetwork=true
11-20 00:22:09.569 D/ConnectivityService( 1194): NetReassign [8 : null → 100, 20 : null → 100, 46 : null → 100, 45 : null → 100, 626 : null → 100, 12 : null → 100, 22 : null → 100, 16 : null → 100, 603 : null → 100, 14 : null → 100, 50 : null → 100, 18 : null → 100, 11 : null → 100, 629 : null → 100, 1 : null → 100, 17 : null → 100]
11-20 00:22:09.573 E/NetlinkEvent(  459): NetlinkEvent::FindParam(): Parameter 'INTERFACE' not found
11-20 00:22:09.574 E/NetlinkEvent(  459): NetlinkEvent::FindParam(): Parameter 'STATE' not found
11-20 00:22:09.574 E/NetlinkEvent(  459): NetlinkEvent::FindParam(): Parameter 'TIME_NS' not found
11-20 00:22:09.574 E/NetlinkEvent(  459): NetlinkEvent::FindParam(): Parameter 'UID' not found
11-20 00:22:09.585 D/ConnectivityService( 1194): Switching to new default network: NetworkAgentInfo{ ni{[type: MOBILE[LTE], state: CONNECTED/CONNECTED, reason: (unspecified), extra: nxtgenphone, failover: false, available: true, roaming: false]}  network{100}  nethandle{432902426637}  lp{{InterfaceName: rmnet_data2 LinkAddresses: [ 10.129.103.196/29,2600:380:c119:24f:b89a:9f3c:46c1:95af/64 ] DnsAddresses: [ /172.26.38.1,/fc00:a:a::300 ] Domains: null MTU: 1430 TcpBufferSizes: 2097152,4194304,8388608,262144,524288,1048576 Routes: [ 0.0.0.0/0 -> 10.129.103.197 rmnet_data2 mtu 1430,::/0 -> fe80::b45f:41f1:1846:969d rmnet_data2 mtu 1430,10.129.103.192/29 -> 0.0.0.0 rmnet_data2 mtu 0,2600:380:c119:24f::/64 -> :: rmnet_data2 mtu 0 ]}}  nc{[ Transports: CELLULAR Capabilities: MMS&SUPL&FOTA&INTERNET&NOT_RESTRICTED&TRUSTED&NOT_VPN&VALIDATED&NOT_ROAMING&FOREGROUND&NOT_CONGESTED&NOT_SUSPENDED LinkUpBandwidth>=15000Kbps LinkDnBandwidth>=30000Kbps Specifier: <TelephonyNetworkSpecifier [mSubId = 1]> AdministratorUids: [] RequestorUid: -1 RequestorPackageName: null]}  Score{50}  everValidated{true}  lastValidated{true}  created{true} lingering{true} explicitlySelected{false} acceptUnvalidated{false} everCaptivePortalDetected{false} lastCaptivePortalDetected{false} partialConnectivity{false} acceptPartialConnectivity{false} clat{mBaseIface: null, mIface: null, mState: IDLE} }
11-20 00:22:09.721 D/ConnectivityService( 1194): Unlingering [100 CELLULAR]
11-20 00:22:09.722 D/ConnectivityService( 1194): Sending CONNECTED broadcast for type 0 [100 CELLULAR] isDefaultNetwork=true
11-20 00:22:10.412 D/AnalyticsLogger( 1194): sent events: 13
11-20 00:22:11.254 D/commandrouter( 1117): rtc_sync (1, rtc:sync): <ServiceRequest> FORWARDED (remote -> local) service client ID = 0, token ID = 35851
11-20 00:22:11.254 D/commandrouter( 1117): SocServiceHandle::onServiceMessage, SoC Service = rtc_sync, appType = 1, type = SVC_RESP, clientId = 0, token = 35851, payloadLen = 8, result = 0, payload.size() = 8
11-20 00:22:12.303 D/commandrouter( 1117): SocServiceHandle::onServiceMessage, SoC Service = mcu_healthcheck_1118, appType = 1, type = SVC_REQ, clientId = 0, token = 1027, payloadLen = 12, result = 0, payload.size() = 12
11-20 00:22:12.307 D/commandrouter( 1117): mcu_healthcheck_1118 (1, merlot:mcu_health:control): <ServiceResponse> FORWARDED (remote -> local) CR token ID = 1027, service client ID = 40, token ID = 17882, result = 0
11-20 00:22:12.307 D/mculinkhealth( 1118): isMcuReachable 1 (4 ms)
11-20 00:22:13.667 D/AutofillManagerService( 1194): onBackKeyPressed()
11-20 00:22:16.635 I/chatty  ( 1194): uid=1000(system) android.ui identical 4 lines
11-20 00:22:17.629 D/AutofillManagerService( 1194): onBackKeyPressed()
11-20 00:22:18.245 E/TaskPersister( 1194): File error accessing recents directory (directory doesn't exist?).
11-20 00:22:18.626 D/AutofillManagerService( 1194): onBackKeyPressed()
11-20 00:22:19.619 D/AutofillManagerService( 1194): onBackKeyPressed()
11-20 00:22:20.157 W/ActivityManager( 1194): Invalid packageName: com.facebook.wearable.system.settings/com.facebook.wearable.system.settings.SettingsActivity
11-20 00:22:20.288 I/ActivityTaskManager( 1194): START u0 {flg=0x10000000 cmp=com.facebook.wearable.system.settings/.SettingsActivity} from uid 0
11-20 00:22:20.311 I/ActivityTaskManager( 1194): The Process com.facebook.wearable.system.settings Already Exists in BG. So sending its PID: 3038
11-20 00:22:20.312 W/ActivityTaskManager( 1194): Tried to set launchTime (0) < mLastActivityLaunchTime (30867581)
11-20 00:22:21.252 D/commandrouter( 1117): rtc_sync (1, rtc:sync): <ServiceRequest> FORWARDED (remote -> local) service client ID = 0, token ID = 35852
11-20 00:22:21.253 D/commandrouter( 1117): SocServiceHandle::onServiceMessage, SoC Service = rtc_sync, appType = 1, type = SVC_RESP, clientId = 0, token = 35852, payloadLen = 8, result = 0, payload.size() = 8
11-20 00:22:24.502 E/TaskPersister( 1194): File error accessing recents directory (directory doesn't exist?).
11-20 00:22:26.984 W/ContextImpl( 1194): Calling a method in the system process without a qualified user: android.app.ContextImpl.sendBroadcastMultiplePermissions:1143 android.content.Context.sendBroadcastWithMultiplePermissions:2150 com.android.server.display.WifiDisplayAdapter.handleSendStatusChangeBroadcast:440 com.android.server.display.WifiDisplayAdapter.access$1700:63 com.android.server.display.WifiDisplayAdapter$WifiDisplayHandler.handleMessage:675 
11-20 00:22:27.995 W/ContextImpl( 1194): Calling a method in the system process without a qualified user: android.app.ContextImpl.sendBroadcastMultiplePermissions:1143 android.content.Context.sendBroadcastWithMultiplePermissions:2150 com.android.server.wifi.p2p.WifiP2pServiceImpl$P2pStateMachine.sendBroadcastMultiplePermissions:3209 com.android.server.wifi.p2p.WifiP2pServiceImpl$P2pStateMachine.sendP2pConnectionChangedBroadcast:3236 com.android.server.wifi.p2p.WifiP2pServiceImpl$P2pStateMachine.access$5100:768 
11-20 00:22:27.998 W/BroadcastQueue( 1194): Permission Denial: receiving Intent { act=android.net.wifi.p2p.CONNECTION_STATE_CHANGE flg=0x24000010 (has extras) } to ProcessRecord{ba73 1900:.qtidataservices/u0a89} (pid=1900, uid=10089) requires android.permission.ACCESS_FINE_LOCATION due to sender android (uid 1000)
11-20 00:22:28.004 W/ContextImpl( 1194): Calling a method in the system process without a qualified user: android.app.ContextImpl.sendBroadcastMultiplePermissions:1143 android.content.Context.sendBroadcastWithMultiplePermissions:2150 com.android.server.wifi.p2p.WifiP2pServiceImpl$P2pStateMachine.sendBroadcastMultiplePermissions:3209 com.android.server.wifi.p2p.WifiP2pServiceImpl$P2pStateMachine.sendThisDeviceChangedBroadcast:3218 com.android.server.wifi.p2p.WifiP2pServiceImpl$P2pStateMachine.updateThisDevice:3962 
11-20 00:22:28.022 W/wificond(  906): Scan is not started. Ignore abort request
11-20 00:22:28.451 D/ConnectivityService( 1194): registerNetworkAgent NetworkAgentInfo{ ni{[type: WIFI[], state: UNKNOWN/IDLE, reason: (unspecified), extra: , failover: false, available: true, roaming: false]}  network{125}  nethandle{540276609037}  lp{{InterfaceName: wlan0 LinkAddresses: [ ] DnsAddresses: [ ] Domains: null MTU: 0 Routes: [ ]}}  nc{[ Transports: WIFI Capabilities: NOT_METERED&INTERNET&NOT_RESTRICTED&TRUSTED&NOT_VPN&NOT_ROAMING&FOREGROUND&NOT_CONGESTED&NOT_SUSPENDED LinkUpBandwidth>=72000Kbps LinkDnBandwidth>=72000Kbps OwnerUid: 1000 SSID: "MTBF_Lab" RequestorUid: -1 RequestorPackageName: null]}  Score{20}  everValidated{false}  lastValidated{false}  created{false} lingering{false} explicitlySelected{false} acceptUnvalidated{false} everCaptivePortalDetected{false} lastCaptivePortalDetected{false} partialConnectivity{false} acceptPartialConnectivity{false} clat{mBaseIface: null, mIface: null, mState: IDLE} }
11-20 00:22:28.468 D/ConnectivityService( 1194): [125 WIFI] EVENT_NETWORK_INFO_CHANGED, going from UNKNOWN to UNKNOWN
11-20 00:22:28.597 D/ConnectivityService( 1194): NetReassign [no changes]
11-20 00:22:28.621 I/Nat464Xlat( 1194): Android Xlat is disabled
11-20 00:22:28.622 I/Nat464Xlat( 1194): Android Xlat is disabled
11-20 00:22:28.745 E/ConnectivityService( 1194): Exception in networkAddRouteParcel for non-gateway: android.os.ServiceSpecificException: Machine is not on the network (code 64)
11-20 00:22:28.746 E/ConnectivityService( 1194): Exception in networkAddRouteParcel for gateway: android.os.ServiceSpecificException: Machine is not on the network (code 64)
11-20 00:22:28.746 I/Nat464Xlat( 1194): Android Xlat is disabled
11-20 00:22:28.746 I/Nat464Xlat( 1194): Android Xlat is disabled
11-20 00:22:28.872 D/ConnectivityService( 1194): Setting DNS servers for network 125 to [/192.168.1.1]
11-20 00:22:28.873 I/Nat464Xlat( 1194): Android Xlat is disabled
11-20 00:22:28.873 I/Nat464Xlat( 1194): Android Xlat is disabled
11-20 00:22:28.965 D/ConnectivityService( 1194): [125 WIFI] EVENT_NETWORK_INFO_CHANGED, going from UNKNOWN to CONNECTED
11-20 00:22:28.977 D/DnsManager( 1194): sendDnsConfigurationForNetwork(125, [192.168.1.1], [], 1800, 25, 8, 64, 0, 0, , [])
11-20 00:22:28.978 W/DnsManager( 1194): updatePrivateDns(125, PrivateDnsConfig{true:/[]})
11-20 00:22:28.979 D/ConnectivityService( 1194): Setting DNS servers for network 125 to [/192.168.1.1]
11-20 00:22:28.979 D/DnsManager( 1194): sendDnsConfigurationForNetwork(125, [192.168.1.1], [], 1800, 25, 8, 64, 0, 0, , [192.168.1.1])
11-20 00:22:28.981 D/ConnectivityService( 1194): Adding iface wlan0 to network 125
11-20 00:22:28.991 D/ConnectivityService( 1194): Setting DNS servers for network 125 to [/192.168.1.1]
11-20 00:22:28.991 D/DnsManager( 1194): sendDnsConfigurationForNetwork(125, [192.168.1.1], [], 1800, 25, 8, 64, 0, 0, , [192.168.1.1])
11-20 00:22:28.993 I/Nat464Xlat( 1194): Android Xlat is disabled
11-20 00:22:28.993 I/Nat464Xlat( 1194): Android Xlat is disabled
11-20 00:22:29.051 D/ConnectivityService( 1194): NetReassign [no changes]
11-20 00:22:29.232 D/ConnectivityService( 1194): [125 WIFI] validation passed
11-20 00:22:29.233 D/ConnectivityService( 1194): NetReassign [8 : 100 → 125, 20 : 100 → 125, 46 : 100 → 125, 45 : 100 → 125, 626 : 100 → 125, 12 : 100 → 125, 22 : 100 → 125, 16 : 100 → 125, 603 : 100 → 125, 14 : 100 → 125, 50 : 100 → 125, 18 : 100 → 125, 11 : 100 → 125, 629 : 100 → 125, 1 : 100 → 125, 17 : 100 → 125]
11-20 00:22:29.236 E/NetlinkEvent(  459): NetlinkEvent::FindParam(): Parameter 'INTERFACE' not found
11-20 00:22:29.240 E/NetlinkEvent(  459): NetlinkEvent::FindParam(): Parameter 'STATE' not found
11-20 00:22:29.240 E/NetlinkEvent(  459): NetlinkEvent::FindParam(): Parameter 'TIME_NS' not found
11-20 00:22:29.240 E/NetlinkEvent(  459): NetlinkEvent::FindParam(): Parameter 'UID' not found
