11-19 17:08:32.816 E/ConnectivityService( 1196): Exception in networkAddRouteParcel for gateway: android.os.ServiceSpecificException: Machine is not on the network (code 64)
11-19 17:08:32.816 I/Nat464Xlat( 1196): Android Xlat is disabled
11-19 17:08:32.816 I/Nat464Xlat( 1196): Android Xlat is disabled
11-19 17:08:32.880 D/ConnectivityService( 1196): Setting DNS servers for network 104 to [/192.168.1.1]
11-19 17:08:32.881 I/Nat464Xlat( 1196): Android Xlat is disabled
11-19 17:08:32.881 I/Nat464Xlat( 1196): Android Xlat is disabled
11-19 17:08:32.953 D/ConnectivityService( 1196): [104 WIFI] EVENT_NETWORK_INFO_CHANGED, going from UNKNOWN to CONNECTED
11-19 17:08:32.955 D/DnsManager( 1196): sendDnsConfigurationForNetwork(104, [192.168.1.1], [], 1800, 25, 8, 64, 0, 0, , [])
11-19 17:08:32.957 W/DnsManager( 1196): updatePrivateDns(104, PrivateDnsConfig{true:/[]})
11-19 17:08:32.958 D/ConnectivityService( 1196): Setting DNS servers for network 104 to [/192.168.1.1]
11-19 17:08:32.958 D/DnsManager( 1196): sendDnsConfigurationForNetwork(104, [192.168.1.1], [], 1800, 25, 8, 64, 0, 0, , [192.168.1.1])
11-19 17:08:32.961 D/ConnectivityService( 1196): Adding iface wlan0 to network 104
11-19 17:08:33.021 D/ConnectivityService( 1196): Setting DNS servers for network 104 to [/192.168.1.1]
11-19 17:08:33.022 D/DnsManager( 1196): sendDnsConfigurationForNetwork(104, [192.168.1.1], [], 1800, 25, 8, 64, 0, 0, , [192.168.1.1])
11-19 17:08:33.023 I/Nat464Xlat( 1196): Android Xlat is disabled
11-19 17:08:33.024 I/Nat464Xlat( 1196): Android Xlat is disabled
11-19 17:08:33.073 D/commandrouter( 1123): SocServiceHandle::onServiceMessage, SoC Service = mcu_healthcheck_1127, appType = 1, type = SVC_REQ, clientId = 0, token = 156, payloadLen = 12, result = 0, payload.size() = 12
11-19 17:08:33.076 D/commandrouter( 1123): mcu_healthcheck_1127 (1, merlot:mcu_health:control): <ServiceResponse> FORWARDED (remote -> local) CR token ID = 156, service client ID = 40, token ID = 488, result = 0
11-19 17:08:33.077 D/mculinkhealth( 1127): isMcuReachable 1 (4 ms)
11-19 17:08:33.084 D/ConnectivityService( 1196): NetReassign [no changes]
11-19 17:08:33.298 D/ConnectivityService( 1196): [104 WIFI] validation passed
11-19 17:08:33.299 D/ConnectivityService( 1196): NetReassign [11 : 101 → 104, 16 : 101 → 104, 66 : 101 → 104, 46 : 101 → 104, 68 : 101 → 104, 1 : 101 → 104, 63 : 101 → 104, 25 : 101 → 104, 32 : 101 → 104, 8 : 101 → 104, 17 : 101 → 104, 12 : 101 → 104, 22 : 101 → 104, 14 : 101 → 104, 67 : 101 → 104, 77 : 101 → 104]
11-19 17:08:33.305 E/NetlinkEvent(  458): NetlinkEvent::FindParam(): Parameter 'INTERFACE' not found
11-19 17:08:33.305 E/NetlinkEvent(  458): NetlinkEvent::FindParam(): Parameter 'STATE' not found
11-19 17:08:33.306 E/NetlinkEvent(  458): NetlinkEvent::FindParam(): Parameter 'TIME_NS' not found
11-19 17:08:33.306 E/NetlinkEvent(  458): NetlinkEvent::FindParam(): Parameter 'UID' not found
11-19 17:08:33.322 D/ConnectivityService( 1196): Switching to new default network: NetworkAgentInfo{ ni{[type: WIFI[], state: CONNECTED/CONNECTED, reason: (unspecified), extra: , failover: false, available: true, roaming: false]}  network{104}  nethandle{450082295821}  lp{{InterfaceName: wlan0 LinkAddresses: [ 192.168.1.40/24 ] DnsAddresses: [ /192.168.1.1 ] Domains: null MTU: 0 ServerAddress: /192.168.1.1 TcpBufferSizes: 524288,1048576,2097152,262144,524288,1048576 Routes: [ fe80::/64 -> :: wlan0 mtu 0,192.168.1.0/24 -> 0.0.0.0 wlan0 mtu 0,0.0.0.0/0 -> 192.168.1.1 wlan0 mtu 0 ]}}  nc{[ Transports: WIFI Capabilities: NOT_METERED&INTERNET&NOT_RESTRICTED&TRUSTED&NOT_VPN&VALIDATED&NOT_ROAMING&FOREGROUND&NOT_CONGESTED&NOT_SUSPENDED LinkUpBandwidth>=63000Kbps LinkDnBandwidth>=63000Kbps SignalStrength: -36 OwnerUid: 1000 SSID: "MTBF_Lab" RequestorUid: -1 RequestorPackageName: null]}  Score{60}  everValidated{true}  lastValidated{true}  created{true} lingering{false} explicitlySelected{false} acceptUnvalidated{false} everCaptivePortalDetected{false} lastCaptivePortalDetected{false} partialConnectivity{false} acceptPartialConnectivity{false} clat{mBaseIface: null, mIface: null, mState: IDLE} }
11-19 17:08:33.462 D/ConnectivityService( 1196): Lingering [101 CELLULAR] for 30000ms
11-19 17:08:33.464 D/ConnectivityService( 1196): Sending DISCONNECTED broadcast for type 0 [101 CELLULAR] isDefaultNetwork=true
11-19 17:08:33.466 D/ConnectivityService( 1196): Sending CONNECTED broadcast for type 1 [104 WIFI] isDefaultNetwork=true
11-19 17:08:33.498 D/ConnectivityService( 1196): Setting DNS servers for network 104 to [/192.168.1.1]
11-19 17:08:33.498 D/DnsManager( 1196): sendDnsConfigurationForNetwork(104, [192.168.1.1], [], 1800, 25, 8, 64, 0, 0, , [192.168.1.1])
11-19 17:08:34.449 I/Nat464Xlat( 1196): Android Xlat is disabled
11-19 17:08:34.449 I/Nat464Xlat( 1196): Android Xlat is disabled
11-19 17:08:38.177 D/commandrouter( 1123): rtc_sync (1, rtc:sync): <ServiceRequest> FORWARDED (remote -> local) service client ID = 0, token ID = 33238
11-19 17:08:38.177 D/commandrouter( 1123): SocServiceHandle::onServiceMessage, SoC Service = rtc_sync, appType = 1, type = SVC_RESP, clientId = 0, token = 33238, payloadLen = 8, result = 0, payload.size() = 8
11-19 17:08:48.184 D/commandrouter( 1123): rtc_sync (1, rtc:sync): <ServiceRequest> FORWARDED (remote -> local) service client ID = 0, token ID = 33239
11-19 17:08:48.185 D/commandrouter( 1123): SocServiceHandle::onServiceMessage, SoC Service = rtc_sync, appType = 1, type = SVC_RESP, clientId = 0, token = 33239, payloadLen = 8, result = 0, payload.size() = 8
11-19 17:08:52.354 D/AutofillManagerService( 1196): onBackKeyPressed()
11-19 17:08:53.412 I/chatty  ( 1196): uid=1000(system) android.ui identical 2 lines
11-19 17:08:54.633 D/AutofillManagerService( 1196): onBackKeyPressed()
11-19 17:08:55.180 W/ActivityManager( 1196): Invalid packageName: com.facebook.wearable.system.settings/com.facebook.wearable.system.settings.SettingsActivity
11-19 17:08:55.293 I/ActivityTaskManager( 1196): START u0 {flg=0x10000000 cmp=com.facebook.wearable.system.settings/.SettingsActivity} from uid 0
11-19 17:08:55.311 I/ActivityTaskManager( 1196): The Process com.facebook.wearable.system.settings Already Exists in BG. So sending its PID: 2711
11-19 17:08:55.312 W/ActivityTaskManager( 1196): Tried to set launchTime (0) < mLastActivityLaunchTime (4734652)
11-19 17:08:58.120 E/TaskPersister( 1196): File error accessing recents directory (directory doesn't exist?).
11-19 17:08:58.201 D/commandrouter( 1123): rtc_sync (1, rtc:sync): <ServiceRequest> FORWARDED (remote -> local) service client ID = 0, token ID = 33240
11-19 17:08:58.201 D/commandrouter( 1123): SocServiceHandle::onServiceMessage, SoC Service = rtc_sync, appType = 1, type = SVC_RESP, clientId = 0, token = 33240, payloadLen = 8, result = 0, payload.size() = 8
11-19 17:09:01.122 D/commandrouter( 1123): SocServiceHandle::onServiceMessage, SoC Service = mcu_healthcheck_933, appType = 1, type = SVC_REQ, clientId = 0, token = 78, payloadLen = 20, result = 0, payload.size() = 20
11-19 17:09:01.126 D/commandrouter( 1123): mcu_healthcheck_933 (1, merlot:mcu_health:control): <ServiceResponse> FORWARDED (remote -> local) CR token ID = 78, service client ID = 5, token ID = 489, result = 0
11-19 17:09:02.918 W/ContextImpl( 1196): Calling a method in the system process without a qualified user: android.app.ContextImpl.sendBroadcastMultiplePermissions:1143 android.content.Context.sendBroadcastWithMultiplePermissions:2150 com.android.server.display.WifiDisplayAdapter.handleSendStatusChangeBroadcast:440 com.android.server.display.WifiDisplayAdapter.access$1700:63 com.android.server.display.WifiDisplayAdapter$WifiDisplayHandler.handleMessage:675 
11-19 17:09:03.078 D/commandrouter( 1123): SocServiceHandle::onServiceMessage, SoC Service = mcu_healthcheck_1127, appType = 1, type = SVC_REQ, clientId = 0, token = 157, payloadLen = 12, result = 0, payload.size() = 12
11-19 17:09:03.082 D/commandrouter( 1123): mcu_healthcheck_1127 (1, merlot:mcu_health:control): <ServiceResponse> FORWARDED (remote -> local) CR token ID = 157, service client ID = 40, token ID = 490, result = 0
11-19 17:09:03.082 D/mculinkhealth( 1127): isMcuReachable 1 (5 ms)
11-19 17:09:03.299 D/ConnectivityService( 1196): handleLingerComplete for [101 CELLULAR]
11-19 17:09:03.395 I/wificond(  872): Fail RSSI polling because wifi is not associated.
11-19 17:09:03.478 D/ConnectivityService( 1196): [104 WIFI] EVENT_NETWORK_INFO_CHANGED, going from CONNECTED to DISCONNECTED
11-19 17:09:03.478 D/ConnectivityService( 1196): [104 WIFI] disconnected, was satisfying 27
11-19 17:09:03.586 I/Nat464Xlat( 1196): Android Xlat is disabled
11-19 17:09:03.586 I/Nat464Xlat( 1196): Android Xlat is disabled
11-19 17:09:03.616 D/ConnectivityService( 1196): Sending DISCONNECTED broadcast for type 1 [104 WIFI] isDefaultNetwork=true
11-19 17:09:03.635 D/ConnectivityService( 1196): NetReassign [11 : null → 101, 16 : null → 101, 66 : null → 101, 46 : null → 101, 68 : null → 101, 1 : null → 101, 63 : null → 101, 25 : null → 101, 32 : null → 101, 8 : null → 101, 17 : null → 101, 12 : null → 101, 22 : null → 101, 14 : null → 101, 67 : null → 101, 77 : null → 101]
11-19 17:09:03.652 E/NetlinkEvent(  458): NetlinkEvent::FindParam(): Parameter 'INTERFACE' not found
11-19 17:09:03.652 E/NetlinkEvent(  458): NetlinkEvent::FindParam(): Parameter 'STATE' not found
11-19 17:09:03.652 E/NetlinkEvent(  458): NetlinkEvent::FindParam(): Parameter 'TIME_NS' not found
11-19 17:09:03.652 E/NetlinkEvent(  458): NetlinkEvent::FindParam(): Parameter 'UID' not found
11-19 17:09:03.666 D/ConnectivityService( 1196): Switching to new default network: NetworkAgentInfo{ ni{[type: MOBILE[LTE], state: CONNECTED/CONNECTED, reason: (unspecified), extra: nxtgenphone, failover: false, available: true, roaming: false]}  network{101}  nethandle{437197393933}  lp{{InterfaceName: rmnet_data2 LinkAddresses: [ 10.33.46.96/26,2600:380:c011:8926:dc33:f6e0:ed57:ed5a/64 ] DnsAddresses: [ /172.26.38.1,/fc00:a:a::300 ] Domains: null MTU: 1430 TcpBufferSizes: 2097152,4194304,8388608,262144,524288,1048576 Routes: [ 0.0.0.0/0 -> 10.33.46.97 rmnet_data2 mtu 1430,::/0 -> fe80::9861:291c:876f:a4e3 rmnet_data2 mtu 1430,10.33.46.64/26 -> 0.0.0.0 rmnet_data2 mtu 0,2600:380:c011:8926::/64 -> :: rmnet_data2 mtu 0 ]}}  nc{[ Transports: CELLULAR Capabilities: MMS&SUPL&FOTA&INTERNET&NOT_RESTRICTED&TRUSTED&NOT_VPN&VALIDATED&NOT_ROAMING&NOT_CONGESTED&NOT_SUSPENDED LinkUpBandwidth>=15000Kbps LinkDnBandwidth>=30000Kbps Specifier: <TelephonyNetworkSpecifier [mSubId = 1]> AdministratorUids: [] RequestorUid: -1 RequestorPackageName: null]}  Score{50}  everValidated{true}  lastValidated{true}  created{true} lingering{false} explicitlySelected{false} acceptUnvalidated{false} everCaptivePortalDetected{false} lastCaptivePortalDetected{false} partialConnectivity{false} acceptPartialConnectivity{false} clat{mBaseIface: null, mIface: null, mState: IDLE} }
11-19 17:09:03.837 D/ConnectivityService( 1196): Sending CONNECTED broadcast for type 0 [101 CELLULAR] isDefaultNetwork=true
11-19 17:09:07.595 D/AutofillManagerService( 1196): onBackKeyPressed()
11-19 17:09:08.129 D/AutofillManagerService( 1196): onBackKeyPressed()
11-19 17:09:08.184 D/commandrouter( 1123): rtc_sync (1, rtc:sync): <ServiceRequest> FORWARDED (remote -> local) service client ID = 0, token ID = 33241
11-19 17:09:08.184 D/commandrouter( 1123): SocServiceHandle::onServiceMessage, SoC Service = rtc_sync, appType = 1, type = SVC_RESP, clientId = 0, token = 33241, payloadLen = 8, result = 0, payload.size() = 8
11-19 17:09:08.656 D/AutofillManagerService( 1196): onBackKeyPressed()
11-19 17:09:10.619 I/chatty  ( 1196): uid=1000(system) android.ui identical 2 lines
11-19 17:09:11.634 D/AutofillManagerService( 1196): onBackKeyPressed()
11-19 17:09:12.130 E/TaskPersister( 1196): File error accessing recents directory (directory doesn't exist?).
11-19 17:09:12.633 D/AutofillManagerService( 1196): onBackKeyPressed()
11-19 17:09:13.631 D/AutofillManagerService( 1196): onBackKeyPressed()
11-19 17:09:14.152 W/ActivityManager( 1196): Invalid packageName: com.facebook.wearable.system.settings/com.facebook.wearable.system.settings.SettingsActivity
11-19 17:09:14.278 I/ActivityTaskManager( 1196): START u0 {flg=0x10000000 cmp=com.facebook.wearable.system.settings/.SettingsActivity} from uid 0
11-19 17:09:14.297 I/ActivityTaskManager( 1196): The Process com.facebook.wearable.system.settings Already Exists in BG. So sending its PID: 2711
11-19 17:09:14.297 W/ActivityTaskManager( 1196): Tried to set launchTime (0) < mLastActivityLaunchTime (4765672)
11-19 17:09:18.182 D/commandrouter( 1123): rtc_sync (1, rtc:sync): <ServiceRequest> FORWARDED (remote -> local) service client ID = 0, token ID = 33242
11-19 17:09:18.183 D/commandrouter( 1123): SocServiceHandle::onServiceMessage, SoC Service = rtc_sync, appType = 1, type = SVC_RESP, clientId = 0, token = 33242, payloadLen = 8, result = 0, payload.size() = 8
11-19 17:09:18.429 E/TaskPersister( 1196): File error accessing recents directory (directory doesn't exist?).
11-19 17:09:18.712 D/AnalyticsLogger( 1196): sent events: 12
11-19 17:09:20.024 D/AppStorageManager( 1196): BEFORE:: Previous Size: 1061257216 Current Size: 1061564416
11-19 17:09:20.024 D/AppStorageManager( 1196): AFTER:: Previous Size: 1061564416 Current Size: 1061564416
11-19 17:09:20.925 W/ContextImpl( 1196): Calling a method in the system process without a qualified user: android.app.ContextImpl.sendBroadcastMultiplePermissions:1143 android.content.Context.sendBroadcastWithMultiplePermissions:2150 com.android.server.display.WifiDisplayAdapter.handleSendStatusChangeBroadcast:440 com.android.server.display.WifiDisplayAdapter.access$1700:63 com.android.server.display.WifiDisplayAdapter$WifiDisplayHandler.handleMessage:675 
11-19 17:09:21.952 W/ContextImpl( 1196): Calling a method in the system process without a qualified user: android.app.ContextImpl.sendBroadcastMultiplePermissions:1143 android.content.Context.sendBroadcastWithMultiplePermissions:2150 com.android.server.wifi.p2p.WifiP2pServiceImpl$P2pStateMachine.sendBroadcastMultiplePermissions:3209 com.android.server.wifi.p2p.WifiP2pServiceImpl$P2pStateMachine.sendP2pConnectionChangedBroadcast:3236 com.android.server.wifi.p2p.WifiP2pServiceImpl$P2pStateMachine.access$5100:768 
11-19 17:09:21.959 W/BroadcastQueue( 1196): Permission Denial: receiving Intent { act=android.net.wifi.p2p.CONNECTION_STATE_CHANGE flg=0x24000010 (has extras) } to ProcessRecord{2e9d247 1887:.qtidataservices/u0a89} (pid=1887, uid=10089) requires android.permission.ACCESS_FINE_LOCATION due to sender android (uid 1000)
11-19 17:09:21.962 W/wificond(  872): Scan is not started. Ignore abort request
--------- beginning of main
11-19 17:09:21.979 I/QC-NETMGR-LIB(  901): NetmgrNetdClientAddRouteToOemNetwork(): Looking for Netd service
11-19 17:09:21.979 I/QC-NETMGR-LIB(  901): NetmgrNetdClientAddRouteToOemNetwork(): starting command
11-19 17:09:21.979 I/QC-NETMGR-LIB(  901): addRouteToOemNetwork(): Attempting addRouteToOemNetwork
11-19 17:09:21.980 I/QC-NETMGR-LIB(  901): NetmgrNetdClientAddRouteToOemNetwork(): completed command
11-19 17:09:21.984 I/chatty  (  995): uid=1021(gps) lowi-server expire 8 lines
11-19 17:09:21.984 I/chatty  (  995): uid=1021(gps) lowi-server expire 17 lines
11-19 17:09:22.012 E/wpa_supplicant( 8214): nl80211: Set scan default IEs failed: ret=-524 (Unknown error 524)
11-19 17:09:22.015 I/chatty  ( 1196): uid=1000(system) WifiHandlerThre expire 14 lines
11-19 17:09:22.023 W/ContextImpl( 1196): Calling a method in the system process without a qualified user: android.app.ContextImpl.sendBroadcastMultiplePermissions:1143 android.content.Context.sendBroadcastWithMultiplePermissions:2150 com.android.server.wifi.p2p.WifiP2pServiceImpl$P2pStateMachine.sendBroadcastMultiplePermissions:3209 com.android.server.wifi.p2p.WifiP2pServiceImpl$P2pStateMachine.sendThisDeviceChangedBroadcast:3218 com.android.server.wifi.p2p.WifiP2pServiceImpl$P2pStateMachine.updateThisDevice:3962 
11-19 17:09:22.048 I/chatty  ( 1196): uid=1000(system) WifiP2pService expire 2 lines
11-19 17:09:22.055 I/wpa_supplicant( 8214): Vendor key_mgmt: 0x142
11-19 17:09:22.058 I/wpa_supplicant( 8214): Vendor Proto: 0x3
11-19 17:09:22.075 E/wpa_supplicant( 8214): eap_proxy: eap_proxy_notify_config
11-19 17:09:22.082 I/wpa_supplicant( 8214): wlan0: Trying to associate with SSID 'MTBF_Lab'
11-19 17:09:22.087 E/wpa_supplicant( 8214): eap_proxy: eap_proxy_notify_config
11-19 17:09:22.087 E/wpa_supplicant( 8214): eap_proxy: eap_proxy_allowed_method
11-19 17:09:22.091 D/BluetoothAdapterService( 1699): android.net.wifi.STATE_CHANGE
11-19 17:09:22.092 D/WifiConnector( 2866): Network State Changed
11-19 17:09:22.092 D/QCNEJ/WlanStaInfoRelay( 1887): Received action: android.net.wifi.STATE_CHANGE
11-19 17:09:22.096 D/BluetoothVendorService( 1699): setWifiState to: true
11-19 17:09:22.096 I/BluetoothVendorJni( 1699): setWifiStateNative
11-19 17:09:22.096 I/bt_btif_vendor( 1699): setWifiState :1
11-19 17:09:22.096 W/bt_btm  ( 1699): btm_cb.is_wifi_connected = 1 
11-19 17:09:22.096 W/bt_l2cap( 1699): L2CA_SetDesireRole() new:x1, disallow_switch:0
11-19 17:09:22.099 E/QMI_FW  (  883): qmi_cci_get_ref: ref count increased 2
11-19 17:09:22.102 E/QMI_FW  (  883): qmi_cci_get_ref: ref count increased 2
11-19 17:09:22.309 I/chatty  (  995): uid=1021(gps) lowi-server expire 15 lines
11-19 17:09:22.309 I/chatty  (  995): uid=1021(gps) lowi-server expire 27 lines
11-19 17:09:22.326 I/wpa_supplicant( 8214): wlan0: Associated with 6c:cd:d6:25:63:2a
11-19 17:09:22.327 I/wpa_supplicant( 8214): wlan0: CTRL-EVENT-SUBNET-STATUS-UPDATE status=0
11-19 17:09:22.328 I/wpa_supplicant( 8214): wlan0: WPA: RX message 1 of 4-Way Handshake from 6c:cd:d6:25:63:2a (ver=2)
11-19 17:09:22.328 V/WifiHAL (  556): event received NL80211_CMD_CONNECT
11-19 17:09:22.329 I/wpa_supplicant( 8214): wlan0: WPA: Sending EAPOL-Key 2/4
11-19 17:09:22.335 I/wpa_supplicant( 8214): getWifiGenerationStatusInternal: generation = 4, twtSupport = false, vhtMax8SpatialStreamsSupport = false
11-19 17:09:22.335 I/wpa_supplicant( 8214): wlan0: WPA: RX message 3 of 4-Way Handshake from 6c:cd:d6:25:63:2a (ver=2)
11-19 17:09:22.336 I/wpa_supplicant( 8214): wlan0: WPA: Sending EAPOL-Key 4/4
11-19 17:09:22.343 I/wpa_supplicant( 8214): wlan0: WPA: Key negotiation completed with 6c:cd:d6:25:63:2a [PTK=CCMP GTK=CCMP]
11-19 17:09:22.343 I/wpa_supplicant( 8214): wlan0: CTRL-EVENT-CONNECTED - Connection to 6c:cd:d6:25:63:2a completed [id=0 id_str=%7B%22configKey%22%3A%22%5C%22MTBF_Lab%5C%22WPA_PSK%22%2C%22creatorUid%22%3A%221000%22%7D]
11-19 17:09:22.352 D/BluetoothAdapterService( 1699): android.net.wifi.STATE_CHANGE
11-19 17:09:22.353 D/QCNEJ/WlanStaInfoRelay( 1887): Received action: android.net.wifi.STATE_CHANGE
11-19 17:09:22.354 D/WifiConnector( 2866): Network State Changed
11-19 17:09:22.356 D/BluetoothVendorService( 1699): setWifiState to: true
11-19 17:09:22.356 I/BluetoothVendorJni( 1699): setWifiStateNative
11-19 17:09:22.356 I/bt_btif_vendor( 1699): setWifiState :1
11-19 17:09:22.365 D/ConnectivityService( 1196): registerNetworkAgent NetworkAgentInfo{ ni{[type: WIFI[], state: UNKNOWN/IDLE, reason: (unspecified), extra: , failover: false, available: true, roaming: false]}  network{105}  nethandle{454377263117}  lp{{InterfaceName: wlan0 LinkAddresses: [ ] DnsAddresses: [ ] Domains: null MTU: 0 Routes: [ ]}}  nc{[ Transports: WIFI Capabilities: NOT_METERED&INTERNET&NOT_RESTRICTED&TRUSTED&NOT_VPN&NOT_ROAMING&FOREGROUND&NOT_CONGESTED&NOT_SUSPENDED LinkUpBandwidth>=72000Kbps LinkDnBandwidth>=72000Kbps OwnerUid: 1000 SSID: "MTBF_Lab" RequestorUid: -1 RequestorPackageName: null]}  Score{20}  everValidated{false}  lastValidated{false}  created{false} lingering{false} explicitlySelected{false} acceptUnvalidated{false} everCaptivePortalDetected{false} lastCaptivePortalDetected{false} partialConnectivity{false} acceptPartialConnectivity{false} clat{mBaseIface: null, mIface: null, mState: IDLE} }
11-19 17:09:22.365 D/BluetoothAdapterService( 1699): android.net.wifi.STATE_CHANGE
11-19 17:09:22.366 D/WifiConnector( 2866): Network State Changed
11-19 17:09:22.368 D/QCNEJ/WlanStaInfoRelay( 1887): Received action: android.net.wifi.STATE_CHANGE
11-19 17:09:22.369 D/BluetoothVendorService( 1699): setWifiState to: true
11-19 17:09:22.369 I/BluetoothVendorJni( 1699): setWifiStateNative
11-19 17:09:22.369 I/bt_btif_vendor( 1699): setWifiState :1
11-19 17:09:22.394 D/ConnectivityService( 1196): [105 WIFI] EVENT_NETWORK_INFO_CHANGED, going from UNKNOWN to UNKNOWN
11-19 17:09:22.397 D/BluetoothAdapterService( 1699): android.net.wifi.STATE_CHANGE
11-19 17:09:22.398 D/QCNEJ/WlanStaInfoRelay( 1887): Received action: android.net.wifi.STATE_CHANGE
11-19 17:09:22.401 D/WifiConnector( 2866): Network State Changed
11-19 17:09:22.403 D/BluetoothVendorService( 1699): setWifiState to: true
11-19 17:09:22.403 I/BluetoothVendorJni( 1699): setWifiStateNative
11-19 17:09:22.403 I/bt_btif_vendor( 1699): setWifiState :1
11-19 17:09:22.437 V/WifiHAL (  556): WifiVendorCommand 0x9daa3000 created vendor_id:0x1374 subcmd:83
11-19 17:09:22.438 E/WifiHAL (  556): wifi_get_packet_filter_capabilities: requestResponse() error: -3
11-19 17:09:22.438 I/WifiHAL (  556): Packet filtering is not supprted
11-19 17:09:22.525 D/WearableConnectivityManager( 2565): onWifiStrengthChange: -35
11-19 17:09:22.525 D/QCNEJ/WlanStaInfoRelay( 1887): Received action: android.net.wifi.RSSI_CHANGED
11-19 17:09:22.530 D/ConnectivityService( 1196): NetReassign [no changes]
11-19 17:09:22.533 V/WifiHAL (  556): WifiVendorCommand 0x9dc6f148 created vendor_id:0x1374 subcmd:82
11-19 17:09:22.533 V/WifiHAL (  556): ND offload : Enable
11-19 17:09:22.537 E/QMI_FW  (  883): qmi_cci_get_ref: ref count increased 2
11-19 17:09:22.540 E/QMI_FW  (  883): qmi_cci_get_ref: ref count increased 2
11-19 17:09:22.553 E/Netd    (  458): no such netId 105
11-19 17:09:22.554 I/Nat464Xlat( 1196): Android Xlat is disabled
11-19 17:09:22.607 I/chatty  ( 1196): uid=1000 system_server expire 7 lines
11-19 17:09:22.804 E/Netd    (  458): no such netId 105
11-19 17:09:22.804 D/BluetoothAdapterService( 1699): android.net.wifi.STATE_CHANGE
11-19 17:09:22.554 I/Nat464Xlat( 1196): Android Xlat is disabled
11-19 17:09:22.804 E/ConnectivityService( 1196): Exception in networkAddRouteParcel for non-gateway: android.os.ServiceSpecificException: Machine is not on the network (code 64)
11-19 17:09:22.805 E/Netd    (  458): no such netId 105
11-19 17:09:22.805 D/QCNEJ/WlanStaInfoRelay( 1887): Received action: android.net.wifi.STATE_CHANGE
11-19 17:09:22.806 D/WifiConnector( 2866): Network State Changed
11-19 17:09:22.806 E/ConnectivityService( 1196): Exception in networkAddRouteParcel for gateway: android.os.ServiceSpecificException: Machine is not on the network (code 64)
11-19 17:09:22.807 I/Nat464Xlat( 1196): Android Xlat is disabled
11-19 17:09:22.808 D/BluetoothVendorService( 1699): setWifiState to: true
11-19 17:09:22.808 I/BluetoothVendorJni( 1699): setWifiStateNative
11-19 17:09:22.808 I/bt_btif_vendor( 1699): setWifiState :1
11-19 17:09:22.837 D/BluetoothAdapterService( 1699): android.net.wifi.STATE_CHANGE
11-19 17:09:22.837 D/WifiConnector( 2866): Network State Changed
11-19 17:09:22.839 D/QCNEJ/WlanStaInfoRelay( 1887): Received action: android.net.wifi.STATE_CHANGE
11-19 17:09:22.840 D/BluetoothVendorService( 1699): setWifiState to: true
11-19 17:09:22.840 I/BluetoothVendorJni( 1699): setWifiStateNative
11-19 17:09:22.840 I/bt_btif_vendor( 1699): setWifiState :1
11-19 17:09:22.841 D/WifiConnector( 2866): Configured Networks Changed
11-19 17:09:22.866 I/chatty  ( 1196): uid=1000(system) pool-9-thread-1 expire 2 lines
11-19 17:09:22.807 I/Nat464Xlat( 1196): Android Xlat is disabled
11-19 17:09:22.891 D/ConnectivityService( 1196): Setting DNS servers for network 105 to [/192.168.1.1]
11-19 17:09:22.892 I/Nat464Xlat( 1196): Android Xlat is disabled
11-19 17:09:22.911 E/QMI_FW  (  883): qmi_cci_get_ref: ref count increased 2
11-19 17:09:22.912 E/QMI_FW  (  883): qmi_cci_get_ref: ref count increased 2
11-19 17:09:22.913 E/QMI_FW  ( 1117): qmi_cci_get_ref: ref count increased 2
11-19 17:09:22.913 E/QMI_FW  ( 1117): qmi_cci_get_ref: ref count increased 2
11-19 17:09:22.916 E/QMI_FW  ( 1117): qmi_cci_get_ref: ref count increased 2
11-19 17:09:22.893 I/Nat464Xlat( 1196): Android Xlat is disabled
11-19 17:09:22.981 D/ConnectivityService( 1196): [105 WIFI] EVENT_NETWORK_INFO_CHANGED, going from UNKNOWN to CONNECTED
11-19 17:09:22.983 D/DnsManager( 1196): sendDnsConfigurationForNetwork(105, [192.168.1.1], [], 1800, 25, 8, 64, 0, 0, , [])
11-19 17:09:23.000 W/DnsManager( 1196): updatePrivateDns(105, PrivateDnsConfig{true:/[]})
11-19 17:09:23.000 D/ConnectivityService( 1196): Setting DNS servers for network 105 to [/192.168.1.1]
11-19 17:09:23.001 D/DnsManager( 1196): sendDnsConfigurationForNetwork(105, [192.168.1.1], [], 1800, 25, 8, 64, 0, 0, , [192.168.1.1])
11-19 17:09:23.002 D/ConnectivityService( 1196): Adding iface wlan0 to network 105
11-19 17:09:23.008 W/resolv  (  458): Validating DnsTlsServer on netId 105
11-19 17:09:23.022 W/resolv  (  458): Validation failed
11-19 17:09:23.029 D/ConnectivityService( 1196): Setting DNS servers for network 105 to [/192.168.1.1]
11-19 17:09:23.030 D/DnsManager( 1196): sendDnsConfigurationForNetwork(105, [192.168.1.1], [], 1800, 25, 8, 64, 0, 0, , [192.168.1.1])
11-19 17:09:23.031 W/resolv  (  458): Validating DnsTlsServer on netId 105
11-19 17:09:23.032 I/Nat464Xlat( 1196): Android Xlat is disabled
11-19 17:09:23.050 W/resolv  (  458): SSL_connect ssl error =5, mark 0xf0069: Connection refused
11-19 17:09:23.051 W/resolv  (  458): Validation failed
11-19 17:09:23.032 I/Nat464Xlat( 1196): Android Xlat is disabled
11-19 17:09:23.093 D/ConnectivityService( 1196): NetReassign [no changes]
11-19 17:09:23.097 D/QCNEJ/WlanStaInfoRelay( 1887): network available: 105
11-19 17:09:23.109 D/QCNEJ/NativeHalConnector( 1887): -> SND notifyWifiAvailable(v4Connected = truev6Connected = , false, isAndroidValidated = false)
11-19 17:09:23.129 D/QCNEJ/NativeHalConnector( 1887): -> SND notifyWifiAvailable(v4Connected = truev6Connected = , false, isAndroidValidated = false)
11-19 17:09:23.157 I/chatty  ( 1196): uid=1000 system_server expire 3 lines
11-19 17:09:23.168 I/chatty  ( 1196): uid=1000 system_server expire 2 lines
11-19 17:09:23.175 W/bluelink( 1123): [System] updateSmoothedTime: too early or too late; st=4803.755, rt=4805.841
11-19 17:09:23.240 I/chatty  ( 1196): uid=1000 system_server expire 1 line
11-19 17:09:23.243 D/ConnectivityService( 1196): [105 WIFI] validation passed
11-19 17:09:23.244 D/ConnectivityService( 1196): NetReassign [11 : 101 → 105, 16 : 101 → 105, 66 : 101 → 105, 46 : 101 → 105, 68 : 101 → 105, 1 : 101 → 105, 63 : 101 → 105, 25 : 101 → 105, 32 : 101 → 105, 8 : 101 → 105, 17 : 101 → 105, 12 : 101 → 105, 22 : 101 → 105, 14 : 101 → 105, 67 : 101 → 105, 77 : 101 → 105]
11-19 17:09:23.247 E/NetlinkEvent(  458): NetlinkEvent::FindParam(): Parameter 'INTERFACE' not found
11-19 17:09:23.247 E/NetlinkEvent(  458): NetlinkEvent::FindParam(): Parameter 'STATE' not found
11-19 17:09:23.247 E/NetlinkEvent(  458): NetlinkEvent::FindParam(): Parameter 'TIME_NS' not found
11-19 17:09:23.247 E/NetlinkEvent(  458): NetlinkEvent::FindParam(): Parameter 'UID' not found
11-19 17:09:23.269 D/ConnectivityService( 1196): Switching to new default network: NetworkAgentInfo{ ni{[type: WIFI[], state: CONNECTED/CONNECTED, reason: (unspecified), extra: , failover: false, available: true, roaming: false]}  network{105}  nethandle{454377263117}  lp{{InterfaceName: wlan0 LinkAddresses: [ 192.168.1.40/24 ] DnsAddresses: [ /192.168.1.1 ] Domains: null MTU: 0 ServerAddress: /192.168.1.1 TcpBufferSizes: 524288,1048576,2097152,262144,524288,1048576 Routes: [ fe80::/64 -> :: wlan0 mtu 0,192.168.1.0/24 -> 0.0.0.0 wlan0 mtu 0,0.0.0.0/0 -> 192.168.1.1 wlan0 mtu 0 ]}}  nc{[ Transports: WIFI Capabilities: NOT_METERED&INTERNET&NOT_RESTRICTED&TRUSTED&NOT_VPN&VALIDATED&NOT_ROAMING&FOREGROUND&NOT_CONGESTED&NOT_SUSPENDED LinkUpBandwidth>=64000Kbps LinkDnBandwidth>=64000Kbps SignalStrength: -35 OwnerUid: 1000 SSID: "MTBF_Lab" RequestorUid: -1 RequestorPackageName: null]}  Score{60}  everValidated{true}  lastValidated{true}  created{true} lingering{false} explicitlySelected{false} acceptUnvalidated{false} everCaptivePortalDetected{false} lastCaptivePortalDetected{false} partialConnectivity{false} acceptPartialConnectivity{false} clat{mBaseIface: null, mIface: null, mState: IDLE} }
11-19 17:09:23.372 I/chatty  ( 1196): uid=1000(system) NetworkTimeUpda expire 1 line
11-19 17:09:23.383 D/NetworkManager( 5313): ConnectivityManager.NetworkCallback#onCapabilitiesChanged()
11-19 17:09:23.383 D/NetworkManager( 5313): connected: true
11-19 17:09:23.386 D/NetworkManager( 5353): ConnectivityManager.NetworkCallback#onCapabilitiesChanged()
11-19 17:09:23.386 D/NetworkManager( 5353): connected: true
11-19 17:09:23.394 V/LigerRadioStatsReporter( 2348): onCapabilitiesChanged: Network capabilities changed
11-19 17:09:23.401 D/QCNEJ/DefaultNetworkInfoRelay( 1887): Default network available: 105
11-19 17:09:23.403 D/QCNEJ/NativeHalConnector( 1887): -> SND notifyDefaultNetworkChanged(1)
11-19 17:09:23.403 V/LigerRadioStatsReporter( 5353): onCapabilitiesChanged: Network capabilities changed
11-19 17:09:23.404 D/ConnectivityService( 1196): Lingering [101 CELLULAR] for 30000ms
11-19 17:09:23.406 D/ConnectivityService( 1196): Sending DISCONNECTED broadcast for type 0 [101 CELLULAR] isDefaultNetwork=true
11-19 17:09:23.408 D/ConnectivityService( 1196): Sending CONNECTED broadcast for type 1 [105 WIFI] isDefaultNetwork=true
11-19 17:09:23.418 E/QMI_FW  (  883): qmi_cci_get_ref: ref count increased 2
11-19 17:09:23.419 E/QMI_FW  (  883): qmi_cci_get_ref: ref count increased 2
11-19 17:09:23.425 I/chatty  ( 1196): uid=1000(system) android.fg expire 1 line
11-19 17:09:23.427 I/chatty  (  526): uid=1021(gps) Loc_hal_worker expire 1 line
11-19 17:09:23.445 V/LigerRadioStatsReporter( 2348): onCapabilitiesChanged: Network capabilities changed
11-19 17:09:23.445 V/LigerRadioStatsReporter( 2348): reportAndCheckpointRadioStats
11-19 17:09:23.446 V/LigerRadioStatsReporter( 2348): +++++++++++ RADIO STATS DUMP +++++++++++
11-19 17:09:23.446 V/LigerRadioStatsReporter( 2348): totalActiveRadioTimeMs=0
11-19 17:09:23.446 V/LigerRadioStatsReporter( 2348): totalTailRadioTimeMs=13991
11-19 17:09:23.446 V/LigerRadioStatsReporter( 2348): totalWakeupCount=0
11-19 17:09:23.446 V/LigerRadioStatsReporter( 2348): httpUpBytes=0
11-19 17:09:23.446 V/LigerRadioStatsReporter( 2348): httpDownBytes=0
11-19 17:09:23.446 V/LigerRadioStatsReporter( 2348): httpWakeupCount=0
11-19 17:09:23.446 V/LigerRadioStatsReporter( 2348): httpRequestCount=0
11-19 17:09:23.446 V/LigerRadioStatsReporter( 2348): httpActiveRadioTimeMs=0
11-19 17:09:23.446 V/LigerRadioStatsReporter( 2348): httpTailRadioTimeMs=13991
11-19 17:09:23.446 V/LigerRadioStatsReporter( 2348): reportAndCheckpointRadioStats: Tx=0
11-19 17:09:23.446 V/LigerRadioStatsReporter( 2348): reportAndCheckpointRadioStats: Rx=0
11-19 17:09:23.446 V/LigerRadioStatsReporter( 2348): reportAndCheckpointRadioStats: Uids=10027
11-19 17:09:23.446 V/LigerRadioStatsReporter( 2348): reportAndCheckpointRadioStats: Tags=null
11-19 17:09:23.449 D/NetworkManager( 5313): ConnectivityManager.NetworkCallback#onCapabilitiesChanged()
11-19 17:09:23.449 D/NetworkManager( 5313): connected: true
11-19 17:09:23.450 V/LigerRadioStatsReporter( 5353): onCapabilitiesChanged: Network capabilities changed
11-19 17:09:23.450 V/LigerRadioStatsReporter( 5353): reportAndCheckpointRadioStats
11-19 17:09:23.451 V/LigerRadioStatsReporter( 5353): +++++++++++ RADIO STATS DUMP +++++++++++
11-19 17:09:23.451 V/LigerRadioStatsReporter( 5353): totalActiveRadioTimeMs=0
11-19 17:09:23.451 V/LigerRadioStatsReporter( 5353): totalTailRadioTimeMs=13998
11-19 17:09:23.451 V/LigerRadioStatsReporter( 5353): totalWakeupCount=0
11-19 17:09:23.451 V/LigerRadioStatsReporter( 5353): httpUpBytes=0
11-19 17:09:23.451 V/LigerRadioStatsReporter( 5353): httpDownBytes=0
11-19 17:09:23.451 V/LigerRadioStatsReporter( 5353): httpWakeupCount=0
11-19 17:09:23.451 V/LigerRadioStatsReporter( 5353): httpRequestCount=0
11-19 17:09:23.451 V/LigerRadioStatsReporter( 5353): httpActiveRadioTimeMs=0
11-19 17:09:23.451 V/LigerRadioStatsReporter( 5353): httpTailRadioTimeMs=13998
11-19 17:09:23.451 V/LigerRadioStatsReporter( 5353): reportAndCheckpointRadioStats: Tx=0
11-19 17:09:23.451 V/LigerRadioStatsReporter( 5353): reportAndCheckpointRadioStats: Rx=0
11-19 17:09:23.451 V/LigerRadioStatsReporter( 5353): reportAndCheckpointRadioStats: Uids=10068
11-19 17:09:23.451 D/QCNEJ/WlanStaInfoRelay( 1887): AndroidValidate from false to true
11-19 17:09:23.451 V/LigerRadioStatsReporter( 5353): reportAndCheckpointRadioStats: Tags=null
11-19 17:09:23.453 D/NetworkManager( 5353): ConnectivityManager.NetworkCallback#onCapabilitiesChanged()
11-19 17:09:23.453 D/NetworkManager( 5353): connected: true
11-19 17:09:23.454 D/QCNEJ/WlanStaInfoRelay( 1887): retrieveCountryCode:Location obtained from Telephony: us
11-19 17:09:23.467 D/ConnectivityService( 1196): Setting DNS servers for network 105 to [/192.168.1.1]
11-19 17:09:23.468 D/DnsManager( 1196): sendDnsConfigurationForNetwork(105, [192.168.1.1], [], 1800, 25, 8, 64, 0, 0, , [192.168.1.1])
11-19 17:09:23.469 E/QMI_FW  (  883): qmi_cci_get_ref: ref count increased 2
11-19 17:09:23.470 W/resolv  (  458): Validating DnsTlsServer on netId 105
11-19 17:09:23.471 E/QMI_FW  (  883): qmi_cci_get_ref: ref count increased 2
11-19 17:09:23.478 E/QMI_FW  ( 1117): qmi_cci_get_ref: ref count increased 2
11-19 17:09:23.481 E/QMI_FW  ( 1117): qmi_cci_get_ref: ref count increased 2
11-19 17:09:23.489 E/QMI_FW  ( 1117): qmi_cci_get_ref: ref count increased 2
11-19 17:09:23.496 E/QMI_FW  ( 1117): qmi_cci_get_ref: ref count increased 2
11-19 17:09:23.501 W/resolv  (  458): SSL_connect ssl error =5, mark 0xf0069: Connection refused
11-19 17:09:23.502 W/resolv  (  458): Validation failed
11-19 17:09:23.505 D/PhoneInterfaceManager( 1972): setModemActivityInfo
11-19 17:09:23.505 D/FbSideCarManager( 1972): setModemActivityInfo
11-19 17:09:23.505 D/FbSideCarManager( 1972): setModemActivityInfo
11-19 17:09:23.505 D/WirelessInsightServiceImpl( 1972): setModemActivityInfo
11-19 17:09:23.505 D/FbSideCarManager( 1972): setModemActivityInfoInternal success
11-19 17:09:23.505 D/PhoneInterfaceManager( 1972): setModemActivityInfo: success.
11-19 17:09:23.505 D/WirelessInsightServiceImpl( 1972): notifyListeners: listeners = 0, modemActivityInfo = ModemActivityInfo{ mTimestamp=4793856 mSleepTimeMs=4402504 mIdleTimeMs=31319 mTransmitPowerInfo[]=[TransmitPower{ mTimeInMillis=0 mPowerRangeInDbm={-2147483648,0}}, TransmitPower{ mTimeInMillis=11065 mPowerRangeInDbm={0,5}}, TransmitPower{ mTimeInMillis=379 mPowerRangeInDbm={5,15}}, TransmitPower{ mTimeInMillis=127 mPowerRangeInDbm={15,20}}, TransmitPower{ mTimeInMillis=10689 mPowerRangeInDbm={20,2147483647}}] mRxTimeMs=302123}
11-19 17:09:23.513 D/WifiConnector( 2866): Configured Networks Changed
11-19 17:09:23.517 E/QMI_FW  ( 1117): qmi_cci_get_ref: ref count increased 2
11-19 17:09:23.526 E/QMI_FW  ( 1117): qmi_cci_get_ref: ref count increased 2
11-19 17:09:23.529 E/QMI_FW  ( 1117): qmi_cci_get_ref: ref count increased 2
11-19 17:09:23.534 E/QMI_FW  ( 1117): qmi_cci_get_ref: ref count increased 2
11-19 17:09:23.539 I/chatty  ( 1117): uid=1001(radio) DedicatedThread identical 4 lines
11-19 17:09:23.540 E/QMI_FW  ( 1117): qmi_cci_get_ref: ref count increased 2
11-19 17:09:23.542 E/QMI_FW  ( 1117): qmi_cci_get_ref: ref count increased 2
11-19 17:09:23.569 I/chatty  ( 1117): uid=1001(radio) main identical 6 lines
11-19 17:09:23.574 E/QMI_FW  ( 1117): qmi_cci_get_ref: ref count increased 2
11-19 17:09:23.579 E/QMI_FW  ( 1117): qmi_cci_get_ref: ref count increased 2
11-19 17:09:23.608 I/chatty  ( 1117): uid=1001(radio) main identical 6 lines
11-19 17:09:23.609 E/QMI_FW  ( 1117): qmi_cci_get_ref: ref count increased 2
11-19 17:09:23.647 D/WifiConfigStore( 1196): Writing to stores completed in 114 ms.
11-19 17:09:23.653 E/WifiClientModeImpl( 1196): getScanResults scanRes.BSSID = 6c:cd:d6:25:63:2a
11-19 17:09:23.653 I/WifiClientModeImpl( 1196): Current network: "MTBF_Lab"WPA_PSK
11-19 17:09:23.657 D/WifiMemoryStoreImpl( 1196): Set cluster Gfe4af43281bde698 for W99e54c066bbdcc1c: SUCCESS
11-19 17:09:23.668 I/SupplicantStaIfaceHal( 1196): cleared linked networks
11-19 17:09:23.669 I/Nat464Xlat( 1196): Android Xlat is disabled
11-19 17:09:23.670 D/QCNEJ/WlanStaInfoRelay( 1887): Received action: android.net.wifi.LINK_CONFIGURATION_CHANGED
11-19 17:09:23.670 E/QCNEJ/WlanStaInfoRelay( 1887): update link properties given null lp
11-19 17:09:23.725 D/QCNEJ/NativeHalConnector( 1887): -> SND notifyWifiAvailable(v4Connected = truev6Connected = , false, isAndroidValidated = true)
11-19 17:09:24.624 W/HWComposer(  597): Ignoring duplicate VSYNC event from HWC for display 0 (t=4794983647441)
11-19 17:09:25.604 D/WearableConnectivityManager( 2565): onWifiStrengthChange: -37
11-19 17:09:25.604 D/QCNEJ/WlanStaInfoRelay( 1887): Received action: android.net.wifi.RSSI_CHANGED
11-19 17:09:25.613 V/LigerRadioStatsReporter( 2348): onCapabilitiesChanged: Network capabilities changed
11-19 17:09:25.614 V/LigerRadioStatsReporter( 2348): reportAndCheckpointRadioStats
11-19 17:09:25.614 D/NetworkManager( 5313): ConnectivityManager.NetworkCallback#onCapabilitiesChanged()
11-19 17:09:25.614 D/NetworkManager( 5313): connected: true
11-19 17:09:25.615 V/LigerRadioStatsReporter( 5353): onCapabilitiesChanged: Network capabilities changed
11-19 17:09:25.615 V/LigerRadioStatsReporter( 5353): reportAndCheckpointRadioStats
11-19 17:09:25.616 V/LigerRadioStatsReporter( 2348): +++++++++++ RADIO STATS DUMP +++++++++++
11-19 17:09:25.616 V/LigerRadioStatsReporter( 2348): totalActiveRadioTimeMs=0
11-19 17:09:25.616 V/LigerRadioStatsReporter( 2348): totalTailRadioTimeMs=13991
11-19 17:09:25.616 V/LigerRadioStatsReporter( 2348): totalWakeupCount=0
11-19 17:09:25.616 V/LigerRadioStatsReporter( 2348): httpUpBytes=0
11-19 17:09:25.616 V/LigerRadioStatsReporter( 2348): httpDownBytes=0
11-19 17:09:25.616 V/LigerRadioStatsReporter( 2348): httpWakeupCount=0
11-19 17:09:25.616 V/LigerRadioStatsReporter( 2348): httpRequestCount=0
11-19 17:09:25.616 V/LigerRadioStatsReporter( 2348): httpActiveRadioTimeMs=0
11-19 17:09:25.617 V/LigerRadioStatsReporter( 2348): httpTailRadioTimeMs=13991
11-19 17:09:25.617 V/LigerRadioStatsReporter( 2348): reportAndCheckpointRadioStats: Tx=0
11-19 17:09:25.617 V/LigerRadioStatsReporter( 2348): reportAndCheckpointRadioStats: Rx=0
11-19 17:09:25.617 V/LigerRadioStatsReporter( 2348): reportAndCheckpointRadioStats: Uids=10027
11-19 17:09:25.617 V/LigerRadioStatsReporter( 2348): reportAndCheckpointRadioStats: Tags=null
11-19 17:09:25.617 V/LigerRadioStatsReporter( 5353): +++++++++++ RADIO STATS DUMP +++++++++++
11-19 17:09:25.618 V/LigerRadioStatsReporter( 5353): totalActiveRadioTimeMs=0
11-19 17:09:25.618 V/LigerRadioStatsReporter( 5353): totalTailRadioTimeMs=13998
11-19 17:09:25.618 V/LigerRadioStatsReporter( 5353): totalWakeupCount=0
11-19 17:09:25.618 V/LigerRadioStatsReporter( 5353): httpUpBytes=0
11-19 17:09:25.618 V/LigerRadioStatsReporter( 5353): httpDownBytes=0
11-19 17:09:25.618 V/LigerRadioStatsReporter( 5353): httpWakeupCount=0
11-19 17:09:25.618 V/LigerRadioStatsReporter( 5353): httpRequestCount=0
11-19 17:09:25.618 V/LigerRadioStatsReporter( 5353): httpActiveRadioTimeMs=0
11-19 17:09:25.618 V/LigerRadioStatsReporter( 5353): httpTailRadioTimeMs=13998
11-19 17:09:25.619 V/LigerRadioStatsReporter( 5353): reportAndCheckpointRadioStats: Tx=0
11-19 17:09:25.619 V/LigerRadioStatsReporter( 5353): reportAndCheckpointRadioStats: Rx=0
11-19 17:09:25.619 V/LigerRadioStatsReporter( 5353): reportAndCheckpointRadioStats: Uids=10068
11-19 17:09:25.619 V/LigerRadioStatsReporter( 5353): reportAndCheckpointRadioStats: Tags=null
11-19 17:09:25.624 D/NetworkManager( 5353): ConnectivityManager.NetworkCallback#onCapabilitiesChanged()
11-19 17:09:25.625 D/NetworkManager( 5353): connected: true
11-19 17:09:28.174 W/bluelink( 1123): [System] updateSmoothedTime: too early or too late; st=4808.762, rt=4810.839
11-19 17:09:23.669 I/Nat464Xlat( 1196): Android Xlat is disabled
11-19 17:09:28.175 D/commandrouter( 1123): rtc_sync (1, rtc:sync): <ServiceRequest> FORWARDED (remote -> local) service client ID = 0, token ID = 33243
11-19 17:09:28.175 D/vendor.facebook.rtc_sync@1.0-service( 1149): Request req_ts=1637341768174945578 resp_ts=1637341768175209741
11-19 17:09:28.175 D/commandrouter( 1123): SocServiceHandle::onServiceMessage, SoC Service = rtc_sync, appType = 1, type = SVC_RESP, clientId = 0, token = 33243, payloadLen = 8, result = 0, payload.size() = 8
11-19 17:09:29.549 E/QMI_FW  ( 1117): qmi_cci_get_ref: ref count increased 2
11-19 17:09:29.550 E/QMI_FW  ( 1117): qmi_cci_get_ref: ref count increased 2
11-19 17:09:29.551 E/QMI_FW  ( 1117): qmi_cci_get_ref: ref count increased 2
11-19 17:09:29.622 I/vendor.rmt_storage(  602): rmt_storage_connect_cb: clnt_h=0x15 conn_h=0x938b3020
11-19 17:09:29.623 I/vendor.rmt_storage(  602): rmt_storage_rw_iovec_cb: /boot/modem_fs1: req_h=0x15 msg_id=3: R/W request received (wr_count 13)
11-19 17:09:29.623 I/vendor.rmt_storage(  602): wakelock acquired: 1, error no: 11
11-19 17:09:29.623 I/vendor.rmt_storage(  602): rmt_storage_client_thread: /boot/modem_fs1: Unblock worker thread (th_id: -1831599680)
11-19 17:09:29.708 I/vendor.rmt_storage(  602): rmt_storage_client_thread: /boot/modem_fs1: req_h=0x15 msg_id=3: Bytes written = 1572864, wr_count 13
11-19 17:09:29.708 I/vendor.rmt_storage(  602): rmt_storage_client_thread: /boot/modem_fs1: req_h=0x15 msg_id=3: Send response: res=0 err=0, wr_count 13
11-19 17:09:29.708 I/vendor.rmt_storage(  602): rmt_storage_client_thread: /boot/modem_fs1: About to block rmt_storage client thread (th_id: -1831599680) wakelock released: 1, error no: 22
11-19 17:09:29.708 I/vendor.rmt_storage(  602): 
11-19 17:09:29.711 I/vendor.rmt_storage(  602): rmt_storage_disconnect_cb: clnt_h=0x15 conn_h=0x938b3020
11-19 17:09:33.084 D/mcu_health_checker( 1127): Sent MCU Health Request
11-19 17:09:33.084 D/commandrouter( 1123): SocServiceHandle::onServiceMessage, SoC Service = mcu_healthcheck_1127, appType = 1, type = SVC_REQ, clientId = 0, token = 158, payloadLen = 12, result = 0, payload.size() = 12
11-19 17:09:33.089 D/commandrouter( 1123): mcu_healthcheck_1127 (1, merlot:mcu_health:control): <ServiceResponse> FORWARDED (remote -> local) CR token ID = 158, service client ID = 40, token ID = 491, result = 0
11-19 17:09:33.090 D/mcu_health_checker( 1127): MCU Health Response: MCU_OK
11-19 17:09:33.090 D/mcu_health_checker( 1127): MCU Session 0, uptime = 4767557 ms
11-19 17:09:33.090 D/mculinkhealth( 1127): isMcuReachable 1 (6 ms)
11-19 17:09:33.174 W/bluelink( 1123): [System] updateSmoothedTime: too early or too late; st=4813.769, rt=4815.838
11-19 17:09:38.174 W/bluelink( 1123): [System] updateSmoothedTime: too early or too late; st=4818.776, rt=4820.838
11-19 17:09:38.174 D/commandrouter( 1123): rtc_sync (1, rtc:sync): <ServiceRequest> FORWARDED (remote -> local) service client ID = 0, token ID = 33244
11-19 17:09:38.175 D/vendor.facebook.rtc_sync@1.0-service( 1149): Request req_ts=1637341778170209741 resp_ts=1637341778175174685
11-19 17:09:38.175 D/commandrouter( 1123): SocServiceHandle::onServiceMessage, SoC Service = rtc_sync, appType = 1, type = SVC_RESP, clientId = 0, token = 33244, payloadLen = 8, result = 0, payload.size() = 8
11-19 17:09:39.405 I/bt_stack( 1699): [INFO:btm_ble_bgconn.cc(420)] Already connection initiated (or) No Pending connections(or) Resources of lcb are exhausted
11-19 17:09:41.002 D/WifiNative( 1196): Scan trigered from WifiNative
11-19 17:09:41.004 I/chatty  (  995): uid=1021(gps) lowi-server expire 189 lines
11-19 17:09:41.006 V/WifiHAL (  556): event received NL80211_CMD_TRIGGER_SCAN
11-19 17:09:41.124 V/WifiHAL (  556): event received NL80211_CMD_NEW_SCAN_RESULTS
11-19 17:09:41.125 D/WifiNl80211Manager( 1196): Scan result ready event
11-19 17:09:41.125 D/WifiNative( 1196): Scan result ready event
11-19 17:09:41.140 D/WificondScannerImpl( 1196): Filtering out 15 scan results.
11-19 17:09:41.141 I/chatty  (  995): uid=1021(gps) lowi-server expire 7 lines
11-19 17:09:42.309 D/UIAutomatorStub( 5833): URI: /jsonrpc/0, Method: POST, Header: {content-length=102, remote-addr=127.0.0.1, http-client-ip=127.0.0.1, host=localhost:9011, content-type=application/json, accept-encoding=identity}, params, {NanoHttpd.QUERY_STRING=null}, files: {postData={"jsonrpc": "2.0", "method": "pressKey", "id": "ccc1fdc5cbe0b1bb6d96c8148b356444", "params": ["back"]}}
11-19 17:09:42.343 D/AutofillManagerService( 1196): onBackKeyPressed()
11-19 17:09:42.351 W/HWComposer(  597): Ignoring duplicate VSYNC event from HWC for display 0 (t=4812709947017)
11-19 17:09:42.383 D/UIAutomatorStub( 5833): URI: /jsonrpc/0, Method: POST, Header: {content-length=102, remote-addr=127.0.0.1, http-client-ip=127.0.0.1, host=localhost:9011, content-type=application/json, accept-encoding=identity}, params, {NanoHttpd.QUERY_STRING=null}, files: {postData={"jsonrpc": "2.0", "method": "pressKey", "id": "c14c470af15cb37955f87ca5caa6c71a", "params": ["back"]}}
11-19 17:09:42.402 W/HWComposer(  597): Ignoring duplicate VSYNC event from HWC for display 0 (t=4812760748996)
11-19 17:09:42.938 D/UIAutomatorStub( 5833): URI: /jsonrpc/0, Method: POST, Header: {content-length=102, remote-addr=127.0.0.1, http-client-ip=127.0.0.1, host=localhost:9011, content-type=application/json, accept-encoding=identity}, params, {NanoHttpd.QUERY_STRING=null}, files: {postData={"jsonrpc": "2.0", "method": "pressKey", "id": "d7704a9c06a83caed2dce321c7de9c15", "params": ["back"]}}
11-19 17:09:43.170 W/bluelink( 1123): [System] updateSmoothedTime: too early or too late; st=4823.784, rt=4825.834
11-19 17:09:43.412 D/ActivityTrigger( 1196): ActivityTrigger activityPauseTrigger 
11-19 17:09:43.445 E/ANDR-PERF-JNI( 1196): UXEngine Trigger - Returning null
11-19 17:09:43.458 D/ComplicationController( 2565): Starting complication controller. Face Type: OdysseyWatchFace
11-19 17:09:43.458 D/ComplicationDataManagerImpl( 2565): Updating complication data for package: com.facebook.wearable.apps.workout, id: com.facebook.wearable.apps.workout.SHORTCUT_COMPLICATION
11-19 17:09:43.458 D/ComplicationDataManagerImpl( 2565): Updating complication data for package: com.facebook.wearable.apps.gallery, id: com.facebook.wearable.apps.gallery.SHORTCUT_COMPLICATION
11-19 17:09:43.458 D/ComplicationDataManagerImpl( 2565): Updating complication data for package: com.facebook.wearable.apps.calendar, id: com.facebook.wearable.apps.calendar.SHORTCUT_COMPLICATION
11-19 17:09:43.458 D/ComplicationDataManagerImpl( 2565): Updating complication data for package: com.facebook.wearable.apps.weather, id: com.facebook.wearable.apps.weather.SHORTCUT_COMPLICATION
11-19 17:09:43.458 D/ComplicationDataManagerImpl( 2565): Updating complication data for package: com.facebook.wearable.apps.clock, id: com.facebook.wearable.apps.clock.SHORTCUT_COMPLICATION
11-19 17:09:43.458 D/ComplicationDataManagerImpl( 2565): Updating complication data for package: com.facebook.wearable.apps.player, id: com.facebook.wearable.apps.player.SHORTCUT_COMPLICATION
11-19 17:09:43.458 D/ComplicationDataManagerImpl( 2565): Updating complication data for package: com.facebook.wearable.apps.heart, id: com.facebook.wearable.apps.heart.HEART_RATE
11-19 17:09:43.461 E/DayDateSystemComplicationProvider( 2565): Updating Day Date System Complication
11-19 17:09:43.461 D/ComplicationDataManagerImpl( 2565): Updating complication data for package: com.facebook.wearable.apps.calendar, id: com.facebook.wearable.apps.calendar.DAY_DATE_COMPLICATION
11-19 17:09:43.474 D/ComplicationDataManagerImpl( 2565): Fetching complication data for package: com.facebook.wearable.apps.calendar, com.facebook.wearable.apps.calendar.DAY_DATE_COMPLICATION.
11-19 17:09:43.474 D/ComplicationDataManagerImpl( 2565): Fetching complication data for package: com.facebook.wearable.apps.player, com.facebook.wearable.apps.player.SHORTCUT_COMPLICATION.
11-19 17:09:43.475 D/ComplicationDataManagerImpl( 2565): Fetching complication data for package: com.facebook.wearable.apps.gallery, com.facebook.wearable.apps.gallery.SHORTCUT_COMPLICATION.
11-19 17:09:43.475 D/ComplicationDataManagerImpl( 2565): Fetching complication data for package: com.facebook.wearable.apps.heart, com.facebook.wearable.apps.heart.HEART_RATE.
11-19 17:09:43.485 D/LauncherActivity( 2565): onResume: Intent { cat=[android.intent.category.DEFAULT] flg=0x10020000 cmp=com.facebook.wearable.system.launcher/.LauncherActivity }
11-19 17:09:43.485 D/LauncherIntentProcessor( 2565): processLauncherActivityIntent: Intent { cat=[android.intent.category.DEFAULT] flg=0x10020000 cmp=com.facebook.wearable.system.launcher/.LauncherActivity }
11-19 17:09:43.493 D/TetheredPhoneUtil( 2565): Retrieving the tethered phone status
11-19 17:09:43.494 D/TetheredPhoneUtil( 2565): Found tethered phone status: false
11-19 17:09:43.509 D/FacebookRepository( 2565): Reading from Store [250223709649332]
11-19 17:09:43.541 D/CompatibilityInfo( 1196): mCompatibilityFlags - 4
11-19 17:09:43.541 D/CompatibilityInfo( 1196): applicationDensity - 320
11-19 17:09:43.541 D/CompatibilityInfo( 1196): applicationScale - 1.0
11-19 17:09:43.613 D/CompatibilityInfo( 1196): mCompatibilityFlags - 4
11-19 17:09:43.613 D/CompatibilityInfo( 1196): applicationDensity - 320
11-19 17:09:43.613 D/CompatibilityInfo( 1196): applicationScale - 1.0
11-19 17:09:43.788 D/CompatibilityInfo( 1196): mCompatibilityFlags - 4
11-19 17:09:43.788 D/CompatibilityInfo( 1196): applicationDensity - 320
11-19 17:09:43.788 D/CompatibilityInfo( 1196): applicationScale - 1.0
