11-20 00:30:42.156 W/ActivityManager( 1194): Invalid packageName: com.facebook.wearable.system.settings/com.facebook.wearable.system.settings.SettingsActivity
11-20 00:30:42.277 I/ActivityTaskManager( 1194): START u0 {flg=0x10000000 cmp=com.facebook.wearable.system.settings/.SettingsActivity} from uid 0
11-20 00:30:42.295 I/ActivityTaskManager( 1194): The Process com.facebook.wearable.system.settings Already Exists in BG. So sending its PID: 3038
11-20 00:30:42.295 W/ActivityTaskManager( 1194): Tried to set launchTime (0) < mLastActivityLaunchTime (31369585)
11-20 00:30:42.415 D/commandrouter( 1117): SocServiceHandle::onServiceMessage, SoC Service = mcu_healthcheck_1118, appType = 1, type = SVC_REQ, clientId = 0, token = 1044, payloadLen = 12, result = 0, payload.size() = 12
11-20 00:30:42.418 D/commandrouter( 1117): mcu_healthcheck_1118 (1, merlot:mcu_health:control): <ServiceResponse> FORWARDED (remote -> local) CR token ID = 1044, service client ID = 40, token ID = 17908, result = 0
11-20 00:30:42.418 D/mculinkhealth( 1118): isMcuReachable 1 (4 ms)
11-20 00:30:45.888 E/TaskPersister( 1194): File error accessing recents directory (directory doesn't exist?).
11-20 00:30:46.698 D/AnalyticsLogger( 1194): sent events: 13
11-20 00:30:48.935 W/ContextImpl( 1194): Calling a method in the system process without a qualified user: android.app.ContextImpl.sendBroadcastMultiplePermissions:1143 android.content.Context.sendBroadcastWithMultiplePermissions:2150 com.android.server.display.WifiDisplayAdapter.handleSendStatusChangeBroadcast:440 com.android.server.display.WifiDisplayAdapter.access$1700:63 com.android.server.display.WifiDisplayAdapter$WifiDisplayHandler.handleMessage:675 
11-20 00:30:49.968 W/ContextImpl( 1194): Calling a method in the system process without a qualified user: android.app.ContextImpl.sendBroadcastMultiplePermissions:1143 android.content.Context.sendBroadcastWithMultiplePermissions:2150 com.android.server.wifi.p2p.WifiP2pServiceImpl$P2pStateMachine.sendBroadcastMultiplePermissions:3209 com.android.server.wifi.p2p.WifiP2pServiceImpl$P2pStateMachine.sendP2pConnectionChangedBroadcast:3236 com.android.server.wifi.p2p.WifiP2pServiceImpl$P2pStateMachine.access$5100:768 
11-20 00:30:49.969 W/BroadcastQueue( 1194): Permission Denial: receiving Intent { act=android.net.wifi.p2p.CONNECTION_STATE_CHANGE flg=0x24000010 (has extras) } to ProcessRecord{ba73 1900:.qtidataservices/u0a89} (pid=1900, uid=10089) requires android.permission.ACCESS_FINE_LOCATION due to sender android (uid 1000)
11-20 00:30:49.973 W/ContextImpl( 1194): Calling a method in the system process without a qualified user: android.app.ContextImpl.sendBroadcastMultiplePermissions:1143 android.content.Context.sendBroadcastWithMultiplePermissions:2150 com.android.server.wifi.p2p.WifiP2pServiceImpl$P2pStateMachine.sendBroadcastMultiplePermissions:3209 com.android.server.wifi.p2p.WifiP2pServiceImpl$P2pStateMachine.sendThisDeviceChangedBroadcast:3218 com.android.server.wifi.p2p.WifiP2pServiceImpl$P2pStateMachine.updateThisDevice:3962 
11-20 00:30:50.071 W/wificond(  906): Scan is not started. Ignore abort request
11-20 00:30:50.422 D/ConnectivityService( 1194): registerNetworkAgent NetworkAgentInfo{ ni{[type: WIFI[], state: UNKNOWN/IDLE, reason: (unspecified), extra: , failover: false, available: true, roaming: false]}  network{135}  nethandle{583226281997}  lp{{InterfaceName: wlan0 LinkAddresses: [ ] DnsAddresses: [ ] Domains: null MTU: 0 Routes: [ ]}}  nc{[ Transports: WIFI Capabilities: NOT_METERED&INTERNET&NOT_RESTRICTED&TRUSTED&NOT_VPN&NOT_ROAMING&FOREGROUND&NOT_CONGESTED&NOT_SUSPENDED LinkUpBandwidth>=72000Kbps LinkDnBandwidth>=72000Kbps OwnerUid: 1000 SSID: "MTBF_Lab" RequestorUid: -1 RequestorPackageName: null]}  Score{20}  everValidated{false}  lastValidated{false}  created{false} lingering{false} explicitlySelected{false} acceptUnvalidated{false} everCaptivePortalDetected{false} lastCaptivePortalDetected{false} partialConnectivity{false} acceptPartialConnectivity{false} clat{mBaseIface: null, mIface: null, mState: IDLE} }
11-20 00:30:50.438 D/ConnectivityService( 1194): [135 WIFI] EVENT_NETWORK_INFO_CHANGED, going from UNKNOWN to UNKNOWN
11-20 00:30:50.572 D/ConnectivityService( 1194): NetReassign [no changes]
11-20 00:30:50.607 I/Nat464Xlat( 1194): Android Xlat is disabled
11-20 00:30:50.607 I/Nat464Xlat( 1194): Android Xlat is disabled
11-20 00:30:50.731 E/ConnectivityService( 1194): Exception in networkAddRouteParcel for non-gateway: android.os.ServiceSpecificException: Machine is not on the network (code 64)
11-20 00:30:50.734 E/ConnectivityService( 1194): Exception in networkAddRouteParcel for gateway: android.os.ServiceSpecificException: Machine is not on the network (code 64)
11-20 00:30:50.734 I/Nat464Xlat( 1194): Android Xlat is disabled
11-20 00:30:50.734 I/Nat464Xlat( 1194): Android Xlat is disabled
11-20 00:30:50.864 D/ConnectivityService( 1194): Setting DNS servers for network 135 to [/192.168.1.1]
11-20 00:30:50.865 I/Nat464Xlat( 1194): Android Xlat is disabled
11-20 00:30:50.865 I/Nat464Xlat( 1194): Android Xlat is disabled
11-20 00:30:50.965 D/ConnectivityService( 1194): [135 WIFI] EVENT_NETWORK_INFO_CHANGED, going from UNKNOWN to CONNECTED
11-20 00:30:50.968 D/DnsManager( 1194): sendDnsConfigurationForNetwork(135, [192.168.1.1], [], 1800, 25, 8, 64, 0, 0, , [])
11-20 00:30:50.970 W/DnsManager( 1194): updatePrivateDns(135, PrivateDnsConfig{true:/[]})
11-20 00:30:50.970 D/ConnectivityService( 1194): Setting DNS servers for network 135 to [/192.168.1.1]
11-20 00:30:50.971 D/DnsManager( 1194): sendDnsConfigurationForNetwork(135, [192.168.1.1], [], 1800, 25, 8, 64, 0, 0, , [192.168.1.1])
11-20 00:30:50.973 D/ConnectivityService( 1194): Adding iface wlan0 to network 135
11-20 00:30:50.993 D/ConnectivityService( 1194): Setting DNS servers for network 135 to [/192.168.1.1]
11-20 00:30:50.993 D/DnsManager( 1194): sendDnsConfigurationForNetwork(135, [192.168.1.1], [], 1800, 25, 8, 64, 0, 0, , [192.168.1.1])
11-20 00:30:50.995 I/Nat464Xlat( 1194): Android Xlat is disabled
11-20 00:30:50.995 I/Nat464Xlat( 1194): Android Xlat is disabled
11-20 00:30:51.069 D/commandrouter( 1117): rtc_sync (1, rtc:sync): <ServiceRequest> FORWARDED (remote -> local) service client ID = 0, token ID = 35903
11-20 00:30:51.070 D/commandrouter( 1117): SocServiceHandle::onServiceMessage, SoC Service = rtc_sync, appType = 1, type = SVC_RESP, clientId = 0, token = 35903, payloadLen = 8, result = 0, payload.size() = 8
11-20 00:30:51.073 D/ConnectivityService( 1194): NetReassign [no changes]
11-20 00:30:51.225 D/ConnectivityService( 1194): [135 WIFI] validation passed
11-20 00:30:51.226 D/ConnectivityService( 1194): NetReassign [8 : 100 → 135, 20 : 100 → 135, 46 : 100 → 135, 45 : 100 → 135, 626 : 100 → 135, 12 : 100 → 135, 22 : 100 → 135, 16 : 100 → 135, 603 : 100 → 135, 14 : 100 → 135, 50 : 100 → 135, 18 : 100 → 135, 11 : 100 → 135, 629 : 100 → 135, 1 : 100 → 135, 17 : 100 → 135]
11-20 00:30:51.231 E/NetlinkEvent(  459): NetlinkEvent::FindParam(): Parameter 'INTERFACE' not found
11-20 00:30:51.231 E/NetlinkEvent(  459): NetlinkEvent::FindParam(): Parameter 'STATE' not found
11-20 00:30:51.231 E/NetlinkEvent(  459): NetlinkEvent::FindParam(): Parameter 'TIME_NS' not found
11-20 00:30:51.231 E/NetlinkEvent(  459): NetlinkEvent::FindParam(): Parameter 'UID' not found
11-20 00:30:51.244 D/ConnectivityService( 1194): Switching to new default network: NetworkAgentInfo{ ni{[type: WIFI[], state: CONNECTED/CONNECTED, reason: (unspecified), extra: , failover: false, available: true, roaming: false]}  network{135}  nethandle{583226281997}  lp{{InterfaceName: wlan0 LinkAddresses: [ 192.168.1.39/24 ] DnsAddresses: [ /192.168.1.1 ] Domains: null MTU: 0 ServerAddress: /192.168.1.1 TcpBufferSizes: 524288,1048576,2097152,262144,524288,1048576 Routes: [ fe80::/64 -> :: wlan0 mtu 0,192.168.1.0/24 -> 0.0.0.0 wlan0 mtu 0,0.0.0.0/0 -> 192.168.1.1 wlan0 mtu 0 ]}}  nc{[ Transports: WIFI Capabilities: NOT_METERED&INTERNET&NOT_RESTRICTED&TRUSTED&NOT_VPN&VALIDATED&NOT_ROAMING&FOREGROUND&NOT_CONGESTED&NOT_SUSPENDED LinkUpBandwidth>=68000Kbps LinkDnBandwidth>=68000Kbps SignalStrength: -28 OwnerUid: 1000 SSID: "MTBF_Lab" RequestorUid: -1 RequestorPackageName: null]}  Score{60}  everValidated{true}  lastValidated{true}  created{true} lingering{false} explicitlySelected{false} acceptUnvalidated{false} everCaptivePortalDetected{false} lastCaptivePortalDetected{false} partialConnectivity{false} acceptPartialConnectivity{false} clat{mBaseIface: null, mIface: null, mState: IDLE} }
11-20 00:30:51.367 D/ConnectivityService( 1194): Lingering [100 CELLULAR] for 30000ms
11-20 00:30:51.369 D/ConnectivityService( 1194): Sending DISCONNECTED broadcast for type 0 [100 CELLULAR] isDefaultNetwork=true
11-20 00:30:51.371 D/ConnectivityService( 1194): Sending CONNECTED broadcast for type 1 [135 WIFI] isDefaultNetwork=true
11-20 00:30:51.402 D/ConnectivityService( 1194): Setting DNS servers for network 135 to [/192.168.1.1]
11-20 00:30:51.402 D/DnsManager( 1194): sendDnsConfigurationForNetwork(135, [192.168.1.1], [], 1800, 25, 8, 64, 0, 0, , [192.168.1.1])
11-20 00:30:52.062 I/Nat464Xlat( 1194): Android Xlat is disabled
11-20 00:30:52.062 I/Nat464Xlat( 1194): Android Xlat is disabled
11-20 00:31:01.062 D/commandrouter( 1117): rtc_sync (1, rtc:sync): <ServiceRequest> FORWARDED (remote -> local) service client ID = 0, token ID = 35904
11-20 00:31:01.062 D/commandrouter( 1117): SocServiceHandle::onServiceMessage, SoC Service = rtc_sync, appType = 1, type = SVC_RESP, clientId = 0, token = 35904, payloadLen = 8, result = 0, payload.size() = 8
11-20 00:31:08.168 D/commandrouter( 1117): SocServiceHandle::onServiceMessage, SoC Service = mcu_healthcheck_946, appType = 1, type = SVC_REQ, clientId = 0, token = 522, payloadLen = 20, result = 0, payload.size() = 20
11-20 00:31:08.172 D/commandrouter( 1117): mcu_healthcheck_946 (1, merlot:mcu_health:control): <ServiceResponse> FORWARDED (remote -> local) CR token ID = 522, service client ID = 6, token ID = 17909, result = 0
11-20 00:31:09.410 D/AppStorageManager( 1194): BEFORE:: Previous Size: 1047457792 Current Size: 1047842816
11-20 00:31:09.410 D/AppStorageManager( 1194): AFTER:: Previous Size: 1047842816 Current Size: 1047842816
11-20 00:31:10.316 D/AutofillManagerService( 1194): onBackKeyPressed()
11-20 00:31:10.848 D/AutofillManagerService( 1194): onBackKeyPressed()
11-20 00:31:11.059 D/commandrouter( 1117): rtc_sync (1, rtc:sync): <ServiceRequest> FORWARDED (remote -> local) service client ID = 0, token ID = 35905
11-20 00:31:11.060 D/commandrouter( 1117): SocServiceHandle::onServiceMessage, SoC Service = rtc_sync, appType = 1, type = SVC_RESP, clientId = 0, token = 35905, payloadLen = 8, result = 0, payload.size() = 8
11-20 00:31:11.373 D/AutofillManagerService( 1194): onBackKeyPressed()
11-20 00:31:12.419 D/commandrouter( 1117): SocServiceHandle::onServiceMessage, SoC Service = mcu_healthcheck_1118, appType = 1, type = SVC_REQ, clientId = 0, token = 1045, payloadLen = 12, result = 0, payload.size() = 12
11-20 00:31:12.422 D/commandrouter( 1117): mcu_healthcheck_1118 (1, merlot:mcu_health:control): <ServiceResponse> FORWARDED (remote -> local) CR token ID = 1045, service client ID = 40, token ID = 17910, result = 0
11-20 00:31:12.423 D/mculinkhealth( 1118): isMcuReachable 1 (4 ms)
11-20 00:31:12.582 D/AutofillManagerService( 1194): onBackKeyPressed()
11-20 00:31:13.130 W/ActivityManager( 1194): Invalid packageName: com.facebook.wearable.system.settings/com.facebook.wearable.system.settings.SettingsActivity
11-20 00:31:13.232 I/ActivityTaskManager( 1194): START u0 {flg=0x10000000 cmp=com.facebook.wearable.system.settings/.SettingsActivity} from uid 0
11-20 00:31:13.251 I/ActivityTaskManager( 1194): The Process com.facebook.wearable.system.settings Already Exists in BG. So sending its PID: 3038
11-20 00:31:13.251 W/ActivityTaskManager( 1194): Tried to set launchTime (0) < mLastActivityLaunchTime (31388560)
11-20 00:31:15.922 E/TaskPersister( 1194): File error accessing recents directory (directory doesn't exist?).
11-20 00:31:20.832 W/ContextImpl( 1194): Calling a method in the system process without a qualified user: android.app.ContextImpl.sendBroadcastMultiplePermissions:1143 android.content.Context.sendBroadcastWithMultiplePermissions:2150 com.android.server.display.WifiDisplayAdapter.handleSendStatusChangeBroadcast:440 com.android.server.display.WifiDisplayAdapter.access$1700:63 com.android.server.display.WifiDisplayAdapter$WifiDisplayHandler.handleMessage:675 
11-20 00:31:21.051 D/commandrouter( 1117): rtc_sync (1, rtc:sync): <ServiceRequest> FORWARDED (remote -> local) service client ID = 0, token ID = 35906
11-20 00:31:21.051 D/commandrouter( 1117): SocServiceHandle::onServiceMessage, SoC Service = rtc_sync, appType = 1, type = SVC_RESP, clientId = 0, token = 35906, payloadLen = 8, result = 0, payload.size() = 8
11-20 00:31:21.226 D/ConnectivityService( 1194): handleLingerComplete for [100 CELLULAR]
11-20 00:31:21.346 I/wificond(  906): Fail RSSI polling because wifi is not associated.
11-20 00:31:21.404 D/ConnectivityService( 1194): [135 WIFI] EVENT_NETWORK_INFO_CHANGED, going from CONNECTED to DISCONNECTED
11-20 00:31:21.404 D/ConnectivityService( 1194): [135 WIFI] disconnected, was satisfying 27
11-20 00:31:21.487 I/Nat464Xlat( 1194): Android Xlat is disabled
11-20 00:31:21.487 I/Nat464Xlat( 1194): Android Xlat is disabled
11-20 00:31:21.500 D/ConnectivityService( 1194): Sending DISCONNECTED broadcast for type 1 [135 WIFI] isDefaultNetwork=true
11-20 00:31:21.552 D/ConnectivityService( 1194): NetReassign [8 : null → 100, 20 : null → 100, 46 : null → 100, 45 : null → 100, 626 : null → 100, 12 : null → 100, 22 : null → 100, 16 : null → 100, 603 : null → 100, 14 : null → 100, 50 : null → 100, 18 : null → 100, 11 : null → 100, 629 : null → 100, 1 : null → 100, 17 : null → 100]
11-20 00:31:21.597 E/NetlinkEvent(  459): NetlinkEvent::FindParam(): Parameter 'INTERFACE' not found
11-20 00:31:21.597 E/NetlinkEvent(  459): NetlinkEvent::FindParam(): Parameter 'STATE' not found
11-20 00:31:21.597 E/NetlinkEvent(  459): NetlinkEvent::FindParam(): Parameter 'TIME_NS' not found
11-20 00:31:21.597 E/NetlinkEvent(  459): NetlinkEvent::FindParam(): Parameter 'UID' not found
11-20 00:31:21.609 D/ConnectivityService( 1194): Switching to new default network: NetworkAgentInfo{ ni{[type: MOBILE[LTE], state: CONNECTED/CONNECTED, reason: (unspecified), extra: nxtgenphone, failover: false, available: true, roaming: false]}  network{100}  nethandle{432902426637}  lp{{InterfaceName: rmnet_data2 LinkAddresses: [ 10.129.103.196/29,2600:380:c119:24f:b89a:9f3c:46c1:95af/64 ] DnsAddresses: [ /172.26.38.1,/fc00:a:a::300 ] Domains: null MTU: 1430 TcpBufferSizes: 2097152,4194304,8388608,262144,524288,1048576 Routes: [ 0.0.0.0/0 -> 10.129.103.197 rmnet_data2 mtu 1430,::/0 -> fe80::b45f:41f1:1846:969d rmnet_data2 mtu 1430,10.129.103.192/29 -> 0.0.0.0 rmnet_data2 mtu 0,2600:380:c119:24f::/64 -> :: rmnet_data2 mtu 0 ]}}  nc{[ Transports: CELLULAR Capabilities: MMS&SUPL&FOTA&INTERNET&NOT_RESTRICTED&TRUSTED&NOT_VPN&VALIDATED&NOT_ROAMING&NOT_CONGESTED&NOT_SUSPENDED LinkUpBandwidth>=15000Kbps LinkDnBandwidth>=30000Kbps Specifier: <TelephonyNetworkSpecifier [mSubId = 1]> AdministratorUids: [] RequestorUid: -1 RequestorPackageName: null]}  Score{50}  everValidated{true}  lastValidated{true}  created{true} lingering{false} explicitlySelected{false} acceptUnvalidated{false} everCaptivePortalDetected{false} lastCaptivePortalDetected{false} partialConnectivity{false} acceptPartialConnectivity{false} clat{mBaseIface: null, mIface: null, mState: IDLE} }
11-20 00:31:21.782 D/ConnectivityService( 1194): Sending CONNECTED broadcast for type 0 [100 CELLULAR] isDefaultNetwork=true
11-20 00:31:25.615 D/AutofillManagerService( 1194): onBackKeyPressed()
11-20 00:31:28.623 I/chatty  ( 1194): uid=1000(system) android.ui identical 4 lines
11-20 00:31:29.617 D/AutofillManagerService( 1194): onBackKeyPressed()
11-20 00:31:30.157 E/TaskPersister( 1194): File error accessing recents directory (directory doesn't exist?).
11-20 00:31:30.630 D/AutofillManagerService( 1194): onBackKeyPressed()
11-20 00:31:31.042 D/commandrouter( 1117): rtc_sync (1, rtc:sync): <ServiceRequest> FORWARDED (remote -> local) service client ID = 0, token ID = 35907
11-20 00:31:31.042 D/commandrouter( 1117): SocServiceHandle::onServiceMessage, SoC Service = rtc_sync, appType = 1, type = SVC_RESP, clientId = 0, token = 35907, payloadLen = 8, result = 0, payload.size() = 8
11-20 00:31:31.627 D/AutofillManagerService( 1194): onBackKeyPressed()
11-20 00:31:32.147 W/ActivityManager( 1194): Invalid packageName: com.facebook.wearable.system.settings/com.facebook.wearable.system.settings.SettingsActivity
11-20 00:31:32.270 I/ActivityTaskManager( 1194): START u0 {flg=0x10000000 cmp=com.facebook.wearable.system.settings/.SettingsActivity} from uid 0
11-20 00:31:32.287 I/ActivityTaskManager( 1194): The Process com.facebook.wearable.system.settings Already Exists in BG. So sending its PID: 3038
11-20 00:31:32.288 W/ActivityTaskManager( 1194): Tried to set launchTime (0) < mLastActivityLaunchTime (31419516)
11-20 00:31:36.398 E/TaskPersister( 1194): File error accessing recents directory (directory doesn't exist?).
11-20 00:31:38.260 W/ContextImpl( 1194): Calling a method in the system process without a qualified user: android.app.ContextImpl.sendBroadcastMultiplePermissions:1143 android.content.Context.sendBroadcastWithMultiplePermissions:2150 com.android.server.display.WifiDisplayAdapter.handleSendStatusChangeBroadcast:440 com.android.server.display.WifiDisplayAdapter.access$1700:63 com.android.server.display.WifiDisplayAdapter$WifiDisplayHandler.handleMessage:675 
11-20 00:31:39.281 W/ContextImpl( 1194): Calling a method in the system process without a qualified user: android.app.ContextImpl.sendBroadcastMultiplePermissions:1143 android.content.Context.sendBroadcastWithMultiplePermissions:2150 com.android.server.wifi.p2p.WifiP2pServiceImpl$P2pStateMachine.sendBroadcastMultiplePermissions:3209 com.android.server.wifi.p2p.WifiP2pServiceImpl$P2pStateMachine.sendP2pConnectionChangedBroadcast:3236 com.android.server.wifi.p2p.WifiP2pServiceImpl$P2pStateMachine.access$5100:768 
11-20 00:31:39.287 W/BroadcastQueue( 1194): Permission Denial: receiving Intent { act=android.net.wifi.p2p.CONNECTION_STATE_CHANGE flg=0x24000010 (has extras) } to ProcessRecord{ba73 1900:.qtidataservices/u0a89} (pid=1900, uid=10089) requires android.permission.ACCESS_FINE_LOCATION due to sender android (uid 1000)
11-20 00:31:39.294 W/wificond(  906): Scan is not started. Ignore abort request
11-20 00:31:39.399 W/ContextImpl( 1194): Calling a method in the system process without a qualified user: android.app.ContextImpl.sendBroadcastMultiplePermissions:1143 android.content.Context.sendBroadcastWithMultiplePermissions:2150 com.android.server.wifi.p2p.WifiP2pServiceImpl$P2pStateMachine.sendBroadcastMultiplePermissions:3209 com.android.server.wifi.p2p.WifiP2pServiceImpl$P2pStateMachine.sendThisDeviceChangedBroadcast:3218 com.android.server.wifi.p2p.WifiP2pServiceImpl$P2pStateMachine.updateThisDevice:3962 
11-20 00:31:39.759 D/ConnectivityService( 1194): registerNetworkAgent NetworkAgentInfo{ ni{[type: WIFI[], state: UNKNOWN/IDLE, reason: (unspecified), extra: , failover: false, available: true, roaming: false]}  network{136}  nethandle{587521249293}  lp{{InterfaceName: wlan0 LinkAddresses: [ ] DnsAddresses: [ ] Domains: null MTU: 0 Routes: [ ]}}  nc{[ Transports: WIFI Capabilities: NOT_METERED&INTERNET&NOT_RESTRICTED&TRUSTED&NOT_VPN&NOT_ROAMING&FOREGROUND&NOT_CONGESTED&NOT_SUSPENDED LinkUpBandwidth>=72000Kbps LinkDnBandwidth>=72000Kbps OwnerUid: 1000 SSID: "MTBF_Lab" RequestorUid: -1 RequestorPackageName: null]}  Score{20}  everValidated{false}  lastValidated{false}  created{false} lingering{false} explicitlySelected{false} acceptUnvalidated{false} everCaptivePortalDetected{false} lastCaptivePortalDetected{false} partialConnectivity{false} acceptPartialConnectivity{false} clat{mBaseIface: null, mIface: null, mState: IDLE} }
11-20 00:31:39.778 D/ConnectivityService( 1194): [136 WIFI] EVENT_NETWORK_INFO_CHANGED, going from UNKNOWN to UNKNOWN
11-20 00:31:39.908 D/ConnectivityService( 1194): NetReassign [no changes]
11-20 00:31:39.930 I/Nat464Xlat( 1194): Android Xlat is disabled
11-20 00:31:39.930 I/Nat464Xlat( 1194): Android Xlat is disabled
11-20 00:31:40.048 E/ConnectivityService( 1194): Exception in networkAddRouteParcel for non-gateway: android.os.ServiceSpecificException: Machine is not on the network (code 64)
11-20 00:31:40.049 E/ConnectivityService( 1194): Exception in networkAddRouteParcel for gateway: android.os.ServiceSpecificException: Machine is not on the network (code 64)
11-20 00:31:40.049 I/Nat464Xlat( 1194): Android Xlat is disabled
11-20 00:31:40.049 I/Nat464Xlat( 1194): Android Xlat is disabled
11-20 00:31:40.119 D/ConnectivityService( 1194): Setting DNS servers for network 136 to [/192.168.1.1]
11-20 00:31:40.120 I/Nat464Xlat( 1194): Android Xlat is disabled
11-20 00:31:40.120 I/Nat464Xlat( 1194): Android Xlat is disabled
11-20 00:31:40.187 D/ConnectivityService( 1194): [136 WIFI] EVENT_NETWORK_INFO_CHANGED, going from UNKNOWN to CONNECTED
11-20 00:31:40.189 D/DnsManager( 1194): sendDnsConfigurationForNetwork(136, [192.168.1.1], [], 1800, 25, 8, 64, 0, 0, , [])
11-20 00:31:40.191 W/DnsManager( 1194): updatePrivateDns(136, PrivateDnsConfig{true:/[]})
11-20 00:31:40.191 D/ConnectivityService( 1194): Setting DNS servers for network 136 to [/192.168.1.1]
11-20 00:31:40.192 D/DnsManager( 1194): sendDnsConfigurationForNetwork(136, [192.168.1.1], [], 1800, 25, 8, 64, 0, 0, , [192.168.1.1])
11-20 00:31:40.198 D/ConnectivityService( 1194): Adding iface wlan0 to network 136
11-20 00:31:40.250 D/ConnectivityService( 1194): Setting DNS servers for network 136 to [/192.168.1.1]
11-20 00:31:40.251 D/DnsManager( 1194): sendDnsConfigurationForNetwork(136, [192.168.1.1], [], 1800, 25, 8, 64, 0, 0, , [192.168.1.1])
11-20 00:31:40.252 I/Nat464Xlat( 1194): Android Xlat is disabled
11-20 00:31:40.253 I/Nat464Xlat( 1194): Android Xlat is disabled
11-20 00:31:40.307 D/ConnectivityService( 1194): NetReassign [no changes]
11-20 00:31:40.488 D/ConnectivityService( 1194): [136 WIFI] validation passed
11-20 00:31:40.489 D/ConnectivityService( 1194): NetReassign [8 : 100 → 136, 20 : 100 → 136, 46 : 100 → 136, 45 : 100 → 136, 626 : 100 → 136, 12 : 100 → 136, 22 : 100 → 136, 16 : 100 → 136, 603 : 100 → 136, 14 : 100 → 136, 50 : 100 → 136, 18 : 100 → 136, 11 : 100 → 136, 629 : 100 → 136, 1 : 100 → 136, 17 : 100 → 136]
11-20 00:31:40.493 E/NetlinkEvent(  459): NetlinkEvent::FindParam(): Parameter 'INTERFACE' not found
11-20 00:31:40.493 E/NetlinkEvent(  459): NetlinkEvent::FindParam(): Parameter 'STATE' not found
11-20 00:31:40.493 E/NetlinkEvent(  459): NetlinkEvent::FindParam(): Parameter 'TIME_NS' not found
11-20 00:31:40.493 E/NetlinkEvent(  459): NetlinkEvent::FindParam(): Parameter 'UID' not found
11-20 00:31:40.513 D/ConnectivityService( 1194): Switching to new default network: NetworkAgentInfo{ ni{[type: WIFI[], state: CONNECTED/CONNECTED, reason: (unspecified), extra: , failover: false, available: true, roaming: false]}  network{136}  nethandle{587521249293}  lp{{InterfaceName: wlan0 LinkAddresses: [ 192.168.1.39/24 ] DnsAddresses: [ /192.168.1.1 ] Domains: null MTU: 0 ServerAddress: /192.168.1.1 TcpBufferSizes: 524288,1048576,2097152,262144,524288,1048576 Routes: [ fe80::/64 -> :: wlan0 mtu 0,192.168.1.0/24 -> 0.0.0.0 wlan0 mtu 0,0.0.0.0/0 -> 192.168.1.1 wlan0 mtu 0 ]}}  nc{[ Transports: WIFI Capabilities: NOT_METERED&INTERNET&NOT_RESTRICTED&TRUSTED&NOT_VPN&VALIDATED&NOT_ROAMING&FOREGROUND&NOT_CONGESTED&NOT_SUSPENDED LinkUpBandwidth>=68000Kbps LinkDnBandwidth>=68000Kbps SignalStrength: -29 OwnerUid: 1000 SSID: "MTBF_Lab" RequestorUid: -1 RequestorPackageName: null]}  Score{60}  everValidated{true}  lastValidated{true}  created{true} lingering{false} explicitlySelected{false} acceptUnvalidated{false} everCaptivePortalDetected{false} lastCaptivePortalDetected{false} partialConnectivity{false} acceptPartialConnectivity{false} clat{mBaseIface: null, mIface: null, mState: IDLE} }
11-20 00:31:40.645 D/ConnectivityService( 1194): Lingering [100 CELLULAR] for 30000ms
11-20 00:31:40.648 D/ConnectivityService( 1194): Sending DISCONNECTED broadcast for type 0 [100 CELLULAR] isDefaultNetwork=true
11-20 00:31:40.650 D/ConnectivityService( 1194): Sending CONNECTED broadcast for type 1 [136 WIFI] isDefaultNetwork=true
11-20 00:31:40.699 D/ConnectivityService( 1194): Setting DNS servers for network 136 to [/192.168.1.1]
11-20 00:31:40.700 D/DnsManager( 1194): sendDnsConfigurationForNetwork(136, [192.168.1.1], [], 1800, 25, 8, 64, 0, 0, , [192.168.1.1])
11-20 00:31:40.827 W/Looper  ( 1194): Slow dispatch took 160ms main h=com.android.server.job.JobSchedulerService$JobHandler c=null m=1
11-20 00:31:40.920 I/Nat464Xlat( 1194): Android Xlat is disabled
11-20 00:31:40.920 I/Nat464Xlat( 1194): Android Xlat is disabled
11-20 00:31:41.039 D/commandrouter( 1117): rtc_sync (1, rtc:sync): <ServiceRequest> FORWARDED (remote -> local) service client ID = 0, token ID = 35908
11-20 00:31:41.040 D/commandrouter( 1117): SocServiceHandle::onServiceMessage, SoC Service = rtc_sync, appType = 1, type = SVC_RESP, clientId = 0, token = 35908, payloadLen = 8, result = 0, payload.size() = 8
11-20 00:31:42.423 D/commandrouter( 1117): SocServiceHandle::onServiceMessage, SoC Service = mcu_healthcheck_1118, appType = 1, type = SVC_REQ, clientId = 0, token = 1046, payloadLen = 12, result = 0, payload.size() = 12
11-20 00:31:42.427 D/commandrouter( 1117): mcu_healthcheck_1118 (1, merlot:mcu_health:control): <ServiceResponse> FORWARDED (remote -> local) CR token ID = 1046, service client ID = 40, token ID = 17911, result = 0
11-20 00:31:42.427 D/mculinkhealth( 1118): isMcuReachable 1 (4 ms)
11-20 00:31:51.044 D/commandrouter( 1117): rtc_sync (1, rtc:sync): <ServiceRequest> FORWARDED (remote -> local) service client ID = 0, token ID = 35909
11-20 00:31:51.045 D/commandrouter( 1117): SocServiceHandle::onServiceMessage, SoC Service = rtc_sync, appType = 1, type = SVC_RESP, clientId = 0, token = 35909, payloadLen = 8, result = 0, payload.size() = 8
11-20 00:31:59.685 D/AutofillManagerService( 1194): onBackKeyPressed()
11-20 00:32:00.687 D/AutofillManagerService( 1194): onBackKeyPressed()
11-20 00:32:01.044 D/commandrouter( 1117): rtc_sync (1, rtc:sync): <ServiceRequest> FORWARDED (remote -> local) service client ID = 0, token ID = 35910
11-20 00:32:01.045 D/commandrouter( 1117): SocServiceHandle::onServiceMessage, SoC Service = rtc_sync, appType = 1, type = SVC_RESP, clientId = 0, token = 35910, payloadLen = 8, result = 0, payload.size() = 8
11-20 00:32:01.209 D/AutofillManagerService( 1194): onBackKeyPressed()
11-20 00:32:02.541 D/AutofillManagerService( 1194): onBackKeyPressed()
11-20 00:32:03.168 W/ActivityManager( 1194): Invalid packageName: com.facebook.wearable.system.settings/com.facebook.wearable.system.settings.SettingsActivity
11-20 00:32:03.292 I/ActivityTaskManager( 1194): START u0 {flg=0x10000000 cmp=com.facebook.wearable.system.settings/.SettingsActivity} from uid 0
--------- beginning of main
11-20 00:32:03.305 D/ActivityTrigger( 1194): ActivityTrigger activityPauseTrigger 
11-20 00:32:03.310 I/ActivityTaskManager( 1194): The Process com.facebook.wearable.system.settings Already Exists in BG. So sending its PID: 3038
11-20 00:32:03.310 W/ActivityTaskManager( 1194): Tried to set launchTime (0) < mLastActivityLaunchTime (31438552)
11-20 00:32:03.312 D/CompatibilityInfo( 1194): mCompatibilityFlags - 4
11-20 00:32:03.312 D/CompatibilityInfo( 1194): applicationDensity - 320
11-20 00:32:03.312 D/CompatibilityInfo( 1194): applicationScale - 1.0
11-20 00:32:03.337 D/LauncherActivity( 2581): onPause
11-20 00:32:03.340 I/cmd     (21857): oneway function results will be dropped but finished with status OK and parcel size 4
11-20 00:32:03.368 D/CompatibilityInfo( 1194): mCompatibilityFlags - 4
11-20 00:32:03.368 D/CompatibilityInfo( 1194): applicationDensity - 320
11-20 00:32:03.368 D/CompatibilityInfo( 1194): applicationScale - 1.0
11-20 00:32:03.437 D/FacebookProvider(31424): Starting SSO Network Fetch for 263529928325379
11-20 00:32:03.438 I/AccountsContentProvider(31424): No Primary Account. Accounts Error [content://com.facebook.wearable.system.accounts.AccountsContentProvider/facebook/263529928325379]
11-20 00:32:03.438 E/DatabaseUtils(31424): Writing exception to parcel
11-20 00:32:03.438 E/DatabaseUtils(31424): java.lang.IllegalStateException: No Primary Account
11-20 00:32:03.438 E/DatabaseUtils(31424): 	at com.facebook.secure.content.AbstractContentProvider.doQuery(:284)
11-20 00:32:03.438 E/DatabaseUtils(31424): 	at com.facebook.secure.content.AbstractContentProvider.query(:8)
11-20 00:32:03.438 E/DatabaseUtils(31424): 	at android.content.ContentProvider.query(ContentProvider.java:1474)
11-20 00:32:03.438 E/DatabaseUtils(31424): 	at android.content.ContentProvider$Transport.query(ContentProvider.java:278)
11-20 00:32:03.438 E/DatabaseUtils(31424): 	at android.content.ContentProviderNative.onTransact(ContentProviderNative.java:106)
11-20 00:32:03.438 E/DatabaseUtils(31424): 	at android.os.Binder.execTransactInternal(Binder.java:1154)
11-20 00:32:03.438 E/DatabaseUtils(31424): 	at android.os.Binder.execTransact(Binder.java:1123)
11-20 00:32:03.440 E/AccountsViewModel( 3038): AccountsViewModel.flow failed: No Primary Account
11-20 00:32:03.440 E/AccountsViewModel( 3038): java.lang.IllegalStateException: No Primary Account
11-20 00:32:03.440 E/AccountsViewModel( 3038): 	at android.os.Parcel.createExceptionOrNull(Parcel.java:2381)
11-20 00:32:03.440 E/AccountsViewModel( 3038): 	at android.os.Parcel.createException(Parcel.java:2357)
11-20 00:32:03.440 E/AccountsViewModel( 3038): 	at android.os.Parcel.readException(Parcel.java:2340)
11-20 00:32:03.440 E/AccountsViewModel( 3038): 	at android.database.DatabaseUtils.readExceptionFromParcel(DatabaseUtils.java:190)
11-20 00:32:03.440 E/AccountsViewModel( 3038): 	at android.database.DatabaseUtils.readExceptionFromParcel(DatabaseUtils.java:142)
11-20 00:32:03.440 E/AccountsViewModel( 3038): 	at android.content.ContentProviderProxy.query(ContentProviderNative.java:472)
11-20 00:32:03.440 E/AccountsViewModel( 3038): 	at android.content.ContentResolver.query(ContentResolver.java:1185)
11-20 00:32:03.440 E/AccountsViewModel( 3038): 	at android.content.ContentResolver.query(ContentResolver.java:1116)
11-20 00:32:03.440 E/AccountsViewModel( 3038): 	at com.facebook.wearable.common.accounts.contract.WearableAccountsContractRequest.query(:51)
11-20 00:32:03.440 E/AccountsViewModel( 3038): 	at kotlin.coroutines.jvm.internal.BaseContinuationImpl.invokeSuspend(:95489)
11-20 00:32:03.440 E/AccountsViewModel( 3038): 	at com.facebook.wearable.common.accounts.WearableAccountsKt$fb$1.invoke(:9)
11-20 00:32:03.440 E/AccountsViewModel( 3038): 	at com.facebook.wearable.common.coroutines.lazy.LazyAsync.get(:101)
11-20 00:32:03.440 E/AccountsViewModel( 3038): 	at kotlin.coroutines.jvm.internal.BaseContinuationImpl.invokeSuspend(:96596)
11-20 00:32:03.440 E/AccountsViewModel( 3038): 	at com.facebook.wearable.system.settings.accounts.AccountsViewModel$wearableAccountFlow$1.invoke(:11)
11-20 00:32:03.440 E/AccountsViewModel( 3038): 	at kotlinx.coroutines.flow.AbstractFlow.collect$rvp0$0(:72)
11-20 00:32:03.440 E/AccountsViewModel( 3038): 	at kotlin.coroutines.jvm.internal.BaseContinuationImpl.invokeSuspend(:95417)
11-20 00:32:03.440 E/AccountsViewModel( 3038): 	at kotlinx.coroutines.flow.FlowKt__ShareKt$launchSharing$1$2.invoke(Unknown Source:10)
11-20 00:32:03.440 E/AccountsViewModel( 3038): 	at kotlin.coroutines.jvm.internal.BaseContinuationImpl.invokeSuspend(:96715)
11-20 00:32:03.440 E/AccountsViewModel( 3038): 	at kotlinx.coroutines.flow.FlowKt__MergeKt$mapLatest$1.invoke(Unknown Source:15)
11-20 00:32:03.440 E/AccountsViewModel( 3038): 	at kotlin.coroutines.jvm.internal.BaseContinuationImpl.invokeSuspend(:96820)
11-20 00:32:03.440 E/AccountsViewModel( 3038): 	at kotlinx.coroutines.flow.internal.ChannelFlowTransformLatest$flowCollect$3$1$2.invoke(Unknown Source:10)
11-20 00:32:03.440 E/AccountsViewModel( 3038): 	at kotlinx.coroutines.CoroutineStart.invoke(:32)
11-20 00:32:03.440 E/AccountsViewModel( 3038): 	at kotlinx.coroutines.BuildersKt__Builders_commonKt.launch(:15)
11-20 00:32:03.440 E/AccountsViewModel( 3038): 	at kotlinx.coroutines.flow.internal.ChannelFlowTransformLatest$flowCollect$3$invokeSuspend$$inlined$collect$1.emit(:56)
11-20 00:32:03.440 E/AccountsViewModel( 3038): 	at kotlinx.coroutines.flow.DistinctFlowImpl$collect$$inlined$collect$1.emit(:74)
11-20 00:32:03.440 E/AccountsViewModel( 3038): 	at kotlinx.coroutines.flow.FlowKt__LimitKt$dropWhile$lambda-4$$inlined$collect$1.emit(:114)
11-20 00:32:03.440 E/AccountsViewModel( 3038): 	at kotlinx.coroutines.flow.FlowKt__ChannelsKt.emitAllImpl$FlowKt__ChannelsKt(:123)
11-20 00:32:03.440 E/AccountsViewModel( 3038): 	at kotlin.coroutines.jvm.internal.BaseContinuationImpl.invokeSuspend(:96917)
11-20 00:32:03.440 E/AccountsViewModel( 3038): 	at kotlin.coroutines.jvm.internal.BaseContinuationImpl.resumeWith(:5)
11-20 00:32:03.440 E/AccountsViewModel( 3038): 	at kotlinx.coroutines.DispatchedTask.run(:131)
11-20 00:32:03.440 E/AccountsViewModel( 3038): 	at java.util.concurrent.Executors$RunnableAdapter.call(Executors.java:462)
11-20 00:32:03.440 E/AccountsViewModel( 3038): 	at java.util.concurrent.FutureTask.run(FutureTask.java:266)
11-20 00:32:03.440 E/AccountsViewModel( 3038): 	at com.facebook.wearable.common.executors.DelayedFutureTask.run(:22)
11-20 00:32:03.440 E/AccountsViewModel( 3038): 	at java.util.concurrent.ThreadPoolExecutor.runWorker(ThreadPoolExecutor.java:1167)
11-20 00:32:03.440 E/AccountsViewModel( 3038): 	at java.util.concurrent.ThreadPoolExecutor$Worker.run(ThreadPoolExecutor.java:641)
11-20 00:32:03.440 E/AccountsViewModel( 3038): 	at com.facebook.wearable.common.executors.NamedThreadFactory$1.run(:7)
11-20 00:32:03.457 E/StatusBarClientConnection( 3038): Service connected
11-20 00:32:03.477 W/View    ( 3038): requestLayout() improperly called by android.view.View{6ffe67d V.ED..... ......I. 0,368-474,474} during layout: running second layout pass
11-20 00:32:03.495 W/View    ( 3038): requestLayout() improperly called by com.facebook.wearable.common.wds.listview.WdsListView{1ecb4ca V.E..V... ........ 0,0-474,474} during second layout pass: posting in next frame
11-20 00:32:03.621 D/CompatibilityInfo( 1194): mCompatibilityFlags - 4
11-20 00:32:03.621 D/CompatibilityInfo( 1194): applicationDensity - 320
11-20 00:32:03.621 D/CompatibilityInfo( 1194): applicationScale - 1.0
11-20 00:32:03.795 D/CompatibilityInfo( 1194): mCompatibilityFlags - 4
11-20 00:32:03.795 D/CompatibilityInfo( 1194): applicationDensity - 320
11-20 00:32:03.795 D/CompatibilityInfo( 1194): applicationScale - 1.0
11-20 00:32:03.811 D/ComplicationController( 2581): Stopping complication controller.
11-20 00:32:03.830 D/ComplicationDataManagerImpl( 2581): Fetching complication data for package: com.facebook.wearable.apps.calendar, com.facebook.wearable.apps.calendar.DAY_DATE_COMPLICATION.
11-20 00:32:03.830 D/ComplicationDataManagerImpl( 2581): Fetching complication data for package: com.facebook.wearable.apps.player, com.facebook.wearable.apps.player.SHORTCUT_COMPLICATION.
11-20 00:32:03.830 D/ComplicationDataManagerImpl( 2581): Fetching complication data for package: com.facebook.wearable.apps.gallery, com.facebook.wearable.apps.gallery.SHORTCUT_COMPLICATION.
11-20 00:32:03.830 D/ComplicationDataManagerImpl( 2581): Fetching complication data for package: com.facebook.wearable.apps.heart, com.facebook.wearable.apps.heart.HEART_RATE.
11-20 00:32:03.834 D/CompatibilityInfo( 1194): mCompatibilityFlags - 4
11-20 00:32:03.834 D/CompatibilityInfo( 1194): applicationDensity - 320
11-20 00:32:03.834 D/CompatibilityInfo( 1194): applicationScale - 1.0
11-20 00:32:03.930 D/CompatibilityInfo( 1194): mCompatibilityFlags - 4
11-20 00:32:03.930 D/CompatibilityInfo( 1194): applicationDensity - 320
11-20 00:32:03.930 D/CompatibilityInfo( 1194): applicationScale - 1.0
11-20 00:32:04.370 D/UIAutomatorStub( 6249): URI: /jsonrpc/0, Method: POST, Header: {content-length=192, remote-addr=127.0.0.1, http-client-ip=127.0.0.1, host=localhost:9010, content-type=application/json, accept-encoding=identity}, params, {NanoHttpd.QUERY_STRING=null}, files: {postData={"jsonrpc": "2.0", "method": "waitForExists", "id": "66daffae4c9d33210f8c47c51ceff63a", "params": [{"mask": 1, "childOrSibling": [], "childOrSiblingSelector": [], "text": "Notifications"}, 5]}}
11-20 00:32:04.389 D/UIAutomatorStub( 6249): URI: /jsonrpc/0, Method: POST, Header: {content-length=191, remote-addr=127.0.0.1, http-client-ip=127.0.0.1, host=localhost:9010, content-type=application/json, accept-encoding=identity}, params, {NanoHttpd.QUERY_STRING=null}, files: {postData={"jsonrpc": "2.0", "method": "waitForExists", "id": "c25c24523b1a2dcc3630f07ef49481fe", "params": [{"mask": 1, "childOrSibling": [], "childOrSiblingSelector": [], "text": "Connectivity"}, 5]}}
11-20 00:32:04.538 D/UIAutomatorStub( 6249): URI: /jsonrpc/0, Method: POST, Header: {content-length=180, remote-addr=127.0.0.1, http-client-ip=127.0.0.1, host=localhost:9010, content-type=application/json, accept-encoding=identity}, params, {NanoHttpd.QUERY_STRING=null}, files: {postData={"jsonrpc": "2.0", "method": "click", "id": "6825a5a1413a121b29db7c8a3f3e3aeb", "params": [{"mask": 1, "childOrSibling": [], "childOrSiblingSelector": [], "text": "Connectivity"}]}}
11-20 00:32:04.561 E/ANDR-PERF-OPTSHANDLER(  557): Unable to find the correct node storage pointers for                   resource index=16, node path=/proc/sys/kernel/sched_upmigrate
11-20 00:32:04.561 E/ANDR-PERF-RESOURCEQS(  557): Failed to reset optimization [3, 7]
11-20 00:32:04.561 E/ANDR-PERF-OPTSHANDLER(  557): Unable to find the correct node storage pointers for                   resource index=17, node path=/proc/sys/kernel/sched_downmigrate
11-20 00:32:04.561 E/ANDR-PERF-RESOURCEQS(  557): Failed to reset optimization [3, 8]
11-20 00:32:04.561 E/ANDR-PERF-OPTSHANDLER(  557): Perflock resource /sys/module/lpm_levels/parameters/bias_hyst not supported
11-20 00:32:04.561 E/ANDR-PERF-RESOURCEQS(  557): Failed to reset optimization [1, 2]
11-20 00:32:04.561 E/ANDR-PERF-OPTSHANDLER(  557): Perflock resource /proc/sys/kernel/sched_group_upmigrate not supported
11-20 00:32:04.561 E/ANDR-PERF-RESOURCEQS(  557): Failed to reset optimization [3, 21]
11-20 00:32:04.561 E/ANDR-PERF-OPTSHANDLER(  557): Perflock resource /proc/sys/kernel/sched_group_downmigrate not supported
11-20 00:32:04.561 E/ANDR-PERF-RESOURCEQS(  557): Failed to reset optimization [3, 22]
11-20 00:32:04.592 W/StatusBarClientConnection( 3038): Messenger is null, ignoring message: { when=-8h44m30s856ms barrier=1 }
11-20 00:32:04.615 E/StatusBarClientConnection( 3038): Service connected
11-20 00:32:04.641 W/View    ( 3038): requestLayout() improperly called by android.view.View{f0e95fb V.ED..... ......I. 0,368-474,474} during layout: running second layout pass
11-20 00:32:04.658 W/View    ( 3038): requestLayout() improperly called by com.facebook.wearable.common.wds.listview.WdsListView{86acdc9 V.E..V... ........ 0,0-474,474} during second layout pass: posting in next frame
11-20 00:32:04.673 W/HWComposer(  577): Ignoring duplicate VSYNC event from HWC for display 0 (t=31470936671483)
11-20 00:32:04.883 D/CompatibilityInfo( 1194): mCompatibilityFlags - 4
11-20 00:32:04.883 D/CompatibilityInfo( 1194): applicationDensity - 320
11-20 00:32:04.883 D/CompatibilityInfo( 1194): applicationScale - 1.0
11-20 00:32:05.200 D/CompatibilityInfo( 1194): mCompatibilityFlags - 4
11-20 00:32:05.200 D/CompatibilityInfo( 1194): applicationDensity - 320
11-20 00:32:05.200 D/CompatibilityInfo( 1194): applicationScale - 1.0
11-20 00:32:05.300 E/ANDR-PERF-OPTSHANDLER(  557): perf_lock_rel: failed for /proc/sys/vm/swap_ratio as previous value is not stored
11-20 00:32:05.300 E/ANDR-PERF-OPTSHANDLER(  557): perf_lock_rel: failed for /sys/class/kgsl/kgsl-3d0/min_pwrlevel as previous value is not stored
11-20 00:32:05.302 E/ANDR-PERF-RESOURCEQS(  557): Failed to reset optimization [3, 0]
11-20 00:32:05.509 D/CompatibilityInfo( 1194): mCompatibilityFlags - 4
11-20 00:32:05.509 D/CompatibilityInfo( 1194): applicationDensity - 320
11-20 00:32:05.509 D/CompatibilityInfo( 1194): applicationScale - 1.0
11-20 00:32:05.792 E/TaskPersister( 1194): File error accessing recents directory (directory doesn't exist?).
11-20 00:32:05.833 D/CompatibilityInfo( 1194): mCompatibilityFlags - 4
11-20 00:32:05.833 D/CompatibilityInfo( 1194): applicationDensity - 320
11-20 00:32:05.833 D/CompatibilityInfo( 1194): applicationScale - 1.0
11-20 00:32:06.151 D/CompatibilityInfo( 1194): mCompatibilityFlags - 4
11-20 00:32:06.152 D/CompatibilityInfo( 1194): applicationDensity - 320
11-20 00:32:06.152 D/CompatibilityInfo( 1194): applicationScale - 1.0
11-20 00:32:06.169 I/chatty  ( 2351): uid=10060(com.facebook.wearable.system.selfcare) HeapTaskDaemon expire 1 line
11-20 00:32:06.471 D/CompatibilityInfo( 1194): mCompatibilityFlags - 4
11-20 00:32:06.471 D/CompatibilityInfo( 1194): applicationDensity - 320
11-20 00:32:06.471 D/CompatibilityInfo( 1194): applicationScale - 1.0
11-20 00:32:06.807 D/CompatibilityInfo( 1194): mCompatibilityFlags - 4
11-20 00:32:06.807 D/CompatibilityInfo( 1194): applicationDensity - 320
11-20 00:32:06.807 D/CompatibilityInfo( 1194): applicationScale - 1.0
11-20 00:32:07.139 D/CompatibilityInfo( 1194): mCompatibilityFlags - 4
11-20 00:32:07.139 D/CompatibilityInfo( 1194): applicationDensity - 320
11-20 00:32:07.139 D/CompatibilityInfo( 1194): applicationScale - 1.0
11-20 00:32:07.483 D/CompatibilityInfo( 1194): mCompatibilityFlags - 4
11-20 00:32:07.483 D/CompatibilityInfo( 1194): applicationDensity - 320
11-20 00:32:07.484 D/CompatibilityInfo( 1194): applicationScale - 1.0
11-20 00:32:07.547 I/chatty  ( 2351): uid=10060(com.facebook.wearable.system.selfcare) MainTP_217 expire 2 lines
11-20 00:32:07.547 I/chatty  ( 2351): uid=10060(com.facebook.wearable.system.selfcare) pool-3-thread-2 expire 3 lines
11-20 00:32:07.548 I/chatty  ( 2351): uid=10060(com.facebook.wearable.system.selfcare) DefaultDispatch expire 2 lines
11-20 00:32:07.548 I/chatty  ( 2351): uid=10060(com.facebook.wearable.system.selfcare) MainTP_222 expire 2 lines
11-20 00:32:07.633 D/UIAutomatorStub( 6249): URI: /jsonrpc/0, Method: POST, Header: {content-length=183, remote-addr=127.0.0.1, http-client-ip=127.0.0.1, host=localhost:9010, content-type=application/json, accept-encoding=identity}, params, {NanoHttpd.QUERY_STRING=null}, files: {postData={"jsonrpc": "2.0", "method": "waitForExists", "id": "4c48891ebe871bd6ca75ce5370e1369f", "params": [{"mask": 1, "childOrSibling": [], "childOrSiblingSelector": [], "text": "WiFi"}, 5]}}
11-20 00:32:07.659 D/UIAutomatorStub( 6249): URI: /jsonrpc/0, Method: POST, Header: {content-length=172, remote-addr=127.0.0.1, http-client-ip=127.0.0.1, host=localhost:9010, content-type=application/json, accept-encoding=identity}, params, {NanoHttpd.QUERY_STRING=null}, files: {postData={"jsonrpc": "2.0", "method": "click", "id": "fffb52639c5670df132dc740d7911c43", "params": [{"mask": 1, "childOrSibling": [], "childOrSiblingSelector": [], "text": "WiFi"}]}}
11-20 00:32:07.729 W/HWComposer(  577): Ignoring duplicate VSYNC event from HWC for display 0 (t=31473992707680)
11-20 00:32:07.744 W/StatusBarClientConnection( 3038): Messenger is null, ignoring message: { when=-8h44m34s8ms barrier=1 }
11-20 00:32:07.746 W/HWComposer(  577): Ignoring duplicate VSYNC event from HWC for display 0 (t=31474009579920)
11-20 00:32:07.751 I/chatty  ( 2351): uid=10060(com.facebook.wearable.system.selfcare) DefaultDispatch expire 4 lines
11-20 00:32:07.767 D/CompatibilityInfo( 1194): mCompatibilityFlags - 4
11-20 00:32:07.767 D/CompatibilityInfo( 1194): applicationDensity - 320
11-20 00:32:07.767 D/CompatibilityInfo( 1194): applicationScale - 1.0
11-20 00:32:07.775 E/StatusBarClientConnection( 3038): Service connected
11-20 00:32:07.777 D/WifiConnector( 2841): Network State Changed
11-20 00:32:07.791 W/View    ( 3038): requestLayout() improperly called by android.view.View{59d3d23 V.ED..... ......I. 0,368-474,474} during layout: running second layout pass
11-20 00:32:07.801 D/WifiSharingService( 2841): Starting Wi-Fi scan
11-20 00:32:07.802 I/WifiService( 1194): startScan uid=1000
11-20 00:32:07.805 W/View    ( 3038): requestLayout() improperly called by com.facebook.wearable.common.wds.listview.WdsListView{f58aa66 V.E..V... ........ 0,0-474,474} during second layout pass: posting in next frame
11-20 00:32:07.811 D/WifiNative( 1194): Scan trigered from WifiNative
11-20 00:32:07.813 I/chatty  ( 1024): uid=1021(gps) lowi-server expire 66 lines
11-20 00:32:07.814 V/WifiHAL (  539): event received NL80211_CMD_TRIGGER_SCAN
11-20 00:32:07.835 D/CompatibilityInfo( 1194): mCompatibilityFlags - 4
11-20 00:32:07.835 D/CompatibilityInfo( 1194): applicationDensity - 320
11-20 00:32:07.835 D/CompatibilityInfo( 1194): applicationScale - 1.0
11-20 00:32:07.887 I/chatty  ( 2351): uid=10060(com.facebook.wearable.system.selfcare) MainTP_221 expire 1 line
11-20 00:32:07.888 I/chatty  ( 2351): uid=10060(com.facebook.wearable.system.selfcare) MainTP_219 expire 1 line
11-20 00:32:08.051 I/chatty  ( 2351): uid=10060(com.facebook.wearable.system.selfcare) pool-3-thread-3 expire 3 lines
11-20 00:32:08.145 D/CompatibilityInfo( 1194): mCompatibilityFlags - 4
11-20 00:32:08.145 D/CompatibilityInfo( 1194): applicationDensity - 320
11-20 00:32:08.145 D/CompatibilityInfo( 1194): applicationScale - 1.0
11-20 00:32:08.172 D/mcu_health_checker(  946): Sent MCU Health Request
11-20 00:32:08.173 D/commandrouter( 1117): SocServiceHandle::onServiceMessage, SoC Service = mcu_healthcheck_946, appType = 1, type = SVC_REQ, clientId = 0, token = 523, payloadLen = 20, result = 0, payload.size() = 20
11-20 00:32:08.177 D/commandrouter( 1117): mcu_healthcheck_946 (1, merlot:mcu_health:control): <ServiceResponse> FORWARDED (remote -> local) CR token ID = 523, service client ID = 6, token ID = 17912, result = 0
11-20 00:32:08.177 D/mcu_health_checker(  946): MCU Health Response: MCU_OK
11-20 00:32:08.177 D/mcu_health_checker(  946): MCU Session 0, uptime = 31439784 ms
11-20 00:32:08.177 D/mcu_health_checker(  946): mSensorErrs[0]: 0
11-20 00:32:08.178 D/mcu_health_checker(  946): mSensorErrs[1]: 0
11-20 00:32:08.178 D/mcu_health_checker(  946): mSensorErrs[2]: 0
11-20 00:32:08.386 D/WifiNl80211Manager( 1194): Scan result ready event
11-20 00:32:08.387 D/WifiNative( 1194): Scan result ready event
11-20 00:32:08.394 V/WifiHAL (  539): event received NL80211_CMD_NEW_SCAN_RESULTS
11-20 00:32:08.395 D/WificondScannerImpl( 1194): Filtering out 3 scan results.
11-20 00:32:08.398 D/LOWI-9.0.0.80( 1024): [LOWI-Scan] 
11-20 00:32:08.398 D/LOWI-9.0.0.80( 1024): [LOWI-Scan] print_bss_handler: Report beacon TSF 31474649354 as it greater than probe TSF 31445181299
11-20 00:32:08.398 I/LOWI-9.0.0.80( 1024): [LOWI-Scan] RSN_IE
11-20 00:32:08.398 D/LOWI-9.0.0.80( 1024): [LOWI-Scan] decode_rsn_wpa_ie: Entered
11-20 00:32:08.398 D/LOWI-9.0.0.80( 1024): [LOWIUtils] hexDump: msg(30 14 01 00 00 0f ac 04 01 00 00 0f ac 04 01 00 00 0f ac 02 )
11-20 00:32:08.398 D/LOWI-9.0.0.80( 1024): [LOWI-Scan] decode_rsn_wpa_ie: LOWI_ENCRYPTION_TYPE_WPA_PSK
11-20 00:32:08.398 D/LOWI-9.0.0.80( 1024): [LOWI-Scan] is_qcom_ie, bss_age: 30
11-20 00:32:08.398 D/LOWI-9.0.0.80( 1024): [LOWI-Scan] BSS ce:dc:12:3b:87:fd LOWI_PHY_MODE_11AC_VHT20_2G(11), Beacon Interval: 100, LOWI_ENCRYPTION_TYPE_WPA_PSK 11mcRanging: No, ANQP: Yes, LCI: No, Civic: No, capability(0x1431): ESS Privacy ShortPreamble ShortSlotTime
11-20 00:32:08.398 D/LOWI-9.0.0.80( 1024): [LOWI-Scan] BSS ce:dc:12:3b:87:fd FREQ: 2437, cFreq1[40:80:160] = [0:0:0] cFreq2 = 0 Country Code =    
11-20 00:32:08.398 D/LOWI-9.0.0.80( 1024): [LOWI-Scan] BSS ce:dc:12:3b:87:fd (wlan0) ASSO: NO AddInfo: 0x1, TSF 0, 08:44:34.649, RSSI: -108, CPL: 127, AGE: 10,  SSID Pixel5_R1, TSFDelta: 0x0, TXRate: 0
11-20 00:32:08.399 D/LOWI-9.0.0.80( 1024): [LOWI-Scan] 
11-20 00:32:08.399 D/LOWI-9.0.0.80( 1024): [LOWI-Scan] print_bss_handler: Report beacon TSF 31474649424 as it greater than probe TSF 31445181395
11-20 00:32:08.399 I/LOWI-9.0.0.80( 1024): [LOWI-Scan] RSN_IE
11-20 00:32:08.399 D/LOWI-9.0.0.80( 1024): [LOWI-Scan] decode_rsn_wpa_ie: Entered
11-20 00:32:08.399 D/LOWI-9.0.0.80( 1024): [LOWIUtils] hexDump: msg(30 14 01 00 00 0f ac 04 01 00 00 0f ac 04 01 00 00 0f ac 02 )
11-20 00:32:08.399 D/LOWI-9.0.0.80( 1024): [LOWI-Scan] decode_rsn_wpa_ie: LOWI_ENCRYPTION_TYPE_WPA_PSK
11-20 00:32:08.399 D/LOWI-9.0.0.80( 1024): [LOWI-Scan] is_qcom_ie, bss_age: 15
11-20 00:32:08.400 D/LOWI-9.0.0.80( 1024): [LOWI-Scan] BSS fe:2d:5a:49:61:eb LOWI_PHY_MODE_11AC_VHT20_2G(11), Beacon Interval: 100, LOWI_ENCRYPTION_TYPE_WPA_PSK 11mcRanging: No, ANQP: Yes, LCI: No, Civic: No, capability(0x1431): ESS Privacy ShortPreamble ShortSlotTime
11-20 00:32:08.400 D/LOWI-9.0.0.80( 1024): [LOWI-Scan] BSS fe:2d:5a:49:61:eb FREQ: 2452, cFreq1[40:80:160] = [0:0:0] cFreq2 = 0 Country Code =    
11-20 00:32:08.400 D/LOWI-9.0.0.80( 1024): [LOWI-Scan] BSS fe:2d:5a:49:61:eb (wlan0) ASSO: NO AddInfo: 0x1, TSF 0, 08:44:34.649, RSSI: -112, CPL: 127, AGE: 10,  SSID Pixel_R2, TSFDelta: 0x0, TXRate: 0
11-20 00:32:08.400 D/LOWI-9.0.0.80( 1024): [LOWI-Scan] 
11-20 00:32:08.400 D/LOWI-9.0.0.80( 1024): [LOWI-Scan] print_bss_handler: Report Probe TSF 31474649437 as it greater than Beacon TSF 31273582838
11-20 00:32:08.400 I/LOWI-9.0.0.80( 1024): [LOWI-Scan] RSN_IE
11-20 00:32:08.400 D/LOWI-9.0.0.80( 1024): [LOWI-Scan] decode_rsn_wpa_ie: Entered
