11-19 17:11:31.318 D/LOWI-9.0.0.80(  995): [LOWI-Scan] decode_rsn_wpa_ie: LOWI_ENCRYPTION_TYPE_WPA_PSK
11-19 17:11:31.318 D/LOWI-9.0.0.80(  995): [LOWI-Scan] is_qcom_ie, bss_age: 15
11-19 17:11:31.318 D/LOWI-9.0.0.80(  995): [LOWI-Scan] adjust_age:AP AGE upper limit reached. Dont store
11-19 17:11:31.318 D/LOWI-9.0.0.80(  995): [LOWI-Scan] BSS 00:24:b1:02:cb:dc LOWI_PHY_MODE_11NG_HT20(5), Beacon Interval: 100, LOWI_ENCRYPTION_TYPE_WPA_PSK 11mcRanging: No, ANQP: No, LCI: No, Civic: No, capability(0x0431): ESS Privacy ShortPreamble ShortSlotTime
11-19 17:11:31.318 D/LOWI-9.0.0.80(  995): [LOWI-Scan] BSS 00:24:b1:02:cb:dc FREQ: 2452, cFreq1[40:80:160] = [0:0:0] cFreq2 = 0 Country Code =    
11-19 17:11:31.318 D/LOWI-9.0.0.80(  995): [LOWI-Scan] BSS 00:24:b1:02:cb:dc (wlan0) ASSO: NO AddInfo: 0x0, TSF 0, 01:21:32.451, RSSI: -178, CPL: 127, AGE: 29200,  SSID 0024b1000002cbdc, TSFDelta: 0x0, TXRate: 0
11-19 17:11:31.318 D/LOWI-9.0.0.80(  995): [LOWIDiagLog] Log: lowiMeasResult->request: invalid null argument
11-19 17:11:31.318 I/LOWI-9.0.0.80(  995): [LOWI-Scan] lowi_close_record:Scan done in 4877418ms, 17 APs in scan results
11-19 17:11:31.318 D/LOWI-9.0.0.80(  995): [LOWI-Scan] WipsScanUsingNL: passive scan cached 0, took 9707 ms, err 0
11-19 17:11:31.318 D/LOWI-9.0.0.80(  995): [LOWI-Scan] lowi_proc_req_passive_scan_with_live_meas - No WLAN Frames to be parsed
11-19 17:11:31.318 D/LOWI-9.0.0.80(  995): [LOWIScanResultReceiver] Send scan meas to listener
11-19 17:11:31.318 D/LOWI-9.0.0.80(  995): [LOWIScanResultReceiver] Enter passive listening mode
11-19 17:11:31.318 D/LOWI-9.0.0.80(  995): [LOWIWifiDriverInterface] getMeasurements - Passive listening mode
11-19 17:11:31.318 D/LOWI-9.0.0.80(  995): [LOWI-Scan] WipsScanUsingNL:wait -1 sec for netlink message
11-19 17:11:31.319 D/LOWI-9.0.0.80(  995): [LOWIEventReceiver] handleEvent:FROM:NA, TO:NA, REQ:NA, IREQ:NA, REQ_ID:0, RESP:NA, INFO:NA
11-19 17:11:31.319 D/LOWI-9.0.0.80(  995): [LOWIBackgroundScanMgr] isRspForBgScanMgr: evt(LOWI_NO_EVT) - not handled
11-19 17:11:31.319 D/LOWI-9.0.0.80(  995): [LOWIScheduler] manageMsg: NULL results or NULL request in results
11-19 17:11:31.319 D/LOWI-9.0.0.80(  995): [LOWIController] Measurements received
11-19 17:11:31.319 D/LOWI-9.0.0.80(  995): [LOWICacheManager] putInCache:Num of Meas to add: 17
11-19 17:11:31.320 D/LOWI-9.0.0.80(  995): [LOWIController] processMeasurementResults: No current Request. Cache measurements
11-19 17:11:31.320 D/LOWI-9.0.0.80(  995): [LOWIControllerExtn] sendLOWILpDiscoveryScanResponse: Not a discovery scan response
11-19 17:11:31.339 I/chatty  ( 2334): uid=10061(com.facebook.wearable.system.selfcare) MainTP_29 expire 1 line
11-19 17:11:31.339 I/chatty  ( 2334): uid=10061(com.facebook.wearable.system.selfcare) pool-3-thread-3 expire 2 lines
11-19 17:11:31.356 D/WifiSharingService( 2866): Sending scanResults intent with status code 0: PendingIntent{f63819: android.os.BinderProxy@656d359}
11-19 17:11:31.360 D/CompatibilityInfo( 1196): mCompatibilityFlags - 4
11-19 17:11:31.360 D/CompatibilityInfo( 1196): applicationDensity - 320
11-19 17:11:31.360 D/CompatibilityInfo( 1196): applicationScale - 1.0
11-19 17:11:31.421 D/CompatibilityInfo( 1196): mCompatibilityFlags - 4
11-19 17:11:31.421 D/CompatibilityInfo( 1196): applicationDensity - 320
11-19 17:11:31.421 D/CompatibilityInfo( 1196): applicationScale - 1.0
11-19 17:11:31.485 I/chatty  ( 2334): uid=10061(com.facebook.wearable.system.selfcare) DefaultDispatch expire 2 lines
11-19 17:11:31.611 I/chatty  ( 2334): uid=10061(com.facebook.wearable.system.selfcare) MainTP_33 expire 1 line
11-19 17:11:31.670 I/WM-WorkerWrapper( 2334): Work [ id=e130a2b8-40dd-4560-92fb-3ba7a92b1257, tags={ com.facebook.wearable.system.selfcare.sharing.StickerBundleDatabaseWorker } ] was cancelled
11-19 17:11:31.670 I/WM-WorkerWrapper( 2334): java.util.concurrent.CancellationException: Task was cancelled.
11-19 17:11:31.670 I/WM-WorkerWrapper( 2334): 	at androidx.work.impl.utils.futures.AbstractFuture.getDoneValue(:32)
11-19 17:11:31.670 I/WM-WorkerWrapper( 2334): 	at androidx.work.impl.utils.futures.AbstractFuture.get(:268435546)
11-19 17:11:31.670 I/WM-WorkerWrapper( 2334): 	at androidx.work.impl.WorkerWrapper$2.run(:3)
11-19 17:11:31.670 I/WM-WorkerWrapper( 2334): 	at androidx.work.impl.utils.SerialExecutor$Task.run(:2)
11-19 17:11:31.670 I/WM-WorkerWrapper( 2334): 	at java.util.concurrent.ThreadPoolExecutor.runWorker(ThreadPoolExecutor.java:1167)
11-19 17:11:31.670 I/WM-WorkerWrapper( 2334): 	at java.util.concurrent.ThreadPoolExecutor$Worker.run(ThreadPoolExecutor.java:641)
11-19 17:11:31.670 I/WM-WorkerWrapper( 2334): 	at java.lang.Thread.run(Thread.java:923)
11-19 17:11:31.674 E/StickerBundleDatabaseWorker( 2334): Failed to fetch sticker bundles:
11-19 17:11:31.674 E/StickerBundleDatabaseWorker( 2334): kotlinx.coroutines.JobCancellationException: Job was cancelled; job=JobImpl{Cancelling}@5fe53f0
11-19 17:11:31.751 D/CompatibilityInfo( 1196): mCompatibilityFlags - 4
11-19 17:11:31.751 D/CompatibilityInfo( 1196): applicationDensity - 320
11-19 17:11:31.751 D/CompatibilityInfo( 1196): applicationScale - 1.0
11-19 17:11:31.806 E/SelfCareDataCloudSyncWorker( 2334): Failed to get access token
11-19 17:11:31.806 E/SelfCareDataCloudSyncWorker( 2334): kotlinx.coroutines.JobCancellationException: Job was cancelled; job=JobImpl{Cancelling}@f8cbf1c
11-19 17:11:31.806 I/WM-WorkerWrapper( 2334): Work [ id=cf79165d-7ab0-4916-9c30-d911d399386b, tags={ com.facebook.wearable.system.selfcare.cloudsync.SelfCareDataCloudSyncWorker } ] was cancelled
11-19 17:11:31.806 I/WM-WorkerWrapper( 2334): java.util.concurrent.CancellationException: Task was cancelled.
11-19 17:11:31.806 I/WM-WorkerWrapper( 2334): 	at androidx.work.impl.utils.futures.AbstractFuture.getDoneValue(:32)
11-19 17:11:31.806 I/WM-WorkerWrapper( 2334): 	at androidx.work.impl.utils.futures.AbstractFuture.get(:268435546)
11-19 17:11:31.806 I/WM-WorkerWrapper( 2334): 	at androidx.work.impl.WorkerWrapper$2.run(:3)
11-19 17:11:31.806 I/WM-WorkerWrapper( 2334): 	at androidx.work.impl.utils.SerialExecutor$Task.run(:2)
11-19 17:11:31.806 I/WM-WorkerWrapper( 2334): 	at java.util.concurrent.ThreadPoolExecutor.runWorker(ThreadPoolExecutor.java:1167)
11-19 17:11:31.806 I/WM-WorkerWrapper( 2334): 	at java.util.concurrent.ThreadPoolExecutor$Worker.run(ThreadPoolExecutor.java:641)
11-19 17:11:31.806 I/WM-WorkerWrapper( 2334): 	at java.lang.Thread.run(Thread.java:923)
11-19 17:11:31.928 D/SettingsSDK::SyncHelper( 2334): Read setting com.facebook.wearable.sdk.selfcare:SELFCARE_SERVICE_ENABLED from persistent cache
11-19 17:11:31.928 D/FacebookRepository( 2334): Reading from Store [906581286488774]
11-19 17:11:31.991 E/StickerBundleDatabaseWorker( 2334): Failed to fetch sticker bundles:
11-19 17:11:31.991 E/StickerBundleDatabaseWorker( 2334): kotlinx.coroutines.JobCancellationException: Job was cancelled; job=JobImpl{Cancelling}@e0b05dd
11-19 17:11:31.991 I/WM-WorkerWrapper( 2334): Work [ id=e130a2b8-40dd-4560-92fb-3ba7a92b1257, tags={ com.facebook.wearable.system.selfcare.sharing.StickerBundleDatabaseWorker } ] was cancelled
11-19 17:11:31.991 I/WM-WorkerWrapper( 2334): java.util.concurrent.CancellationException: Task was cancelled.
11-19 17:11:31.991 I/WM-WorkerWrapper( 2334): 	at androidx.work.impl.utils.futures.AbstractFuture.getDoneValue(:32)
11-19 17:11:31.991 I/WM-WorkerWrapper( 2334): 	at androidx.work.impl.utils.futures.AbstractFuture.get(:268435546)
11-19 17:11:31.991 I/WM-WorkerWrapper( 2334): 	at androidx.work.impl.WorkerWrapper$2.run(:3)
11-19 17:11:31.991 I/WM-WorkerWrapper( 2334): 	at androidx.work.impl.utils.SerialExecutor$Task.run(:2)
11-19 17:11:31.991 I/WM-WorkerWrapper( 2334): 	at java.util.concurrent.ThreadPoolExecutor.runWorker(ThreadPoolExecutor.java:1167)
11-19 17:11:31.991 I/WM-WorkerWrapper( 2334): 	at java.util.concurrent.ThreadPoolExecutor$Worker.run(ThreadPoolExecutor.java:641)
11-19 17:11:31.991 I/WM-WorkerWrapper( 2334): 	at java.lang.Thread.run(Thread.java:923)
11-19 17:11:32.069 D/CompatibilityInfo( 1196): mCompatibilityFlags - 4
11-19 17:11:32.069 D/CompatibilityInfo( 1196): applicationDensity - 320
11-19 17:11:32.069 D/CompatibilityInfo( 1196): applicationScale - 1.0
11-19 17:11:32.126 E/SelfCareDataCloudSyncWorker( 2334): Failed to get access token
11-19 17:11:32.126 E/SelfCareDataCloudSyncWorker( 2334): kotlinx.coroutines.JobCancellationException: Job was cancelled; job=JobImpl{Cancelling}@eee249e
11-19 17:11:32.126 I/WM-WorkerWrapper( 2334): Work [ id=cf79165d-7ab0-4916-9c30-d911d399386b, tags={ com.facebook.wearable.system.selfcare.cloudsync.SelfCareDataCloudSyncWorker } ] was cancelled
11-19 17:11:32.126 I/WM-WorkerWrapper( 2334): java.util.concurrent.CancellationException: Task was cancelled.
11-19 17:11:32.126 I/WM-WorkerWrapper( 2334): 	at androidx.work.impl.utils.futures.AbstractFuture.getDoneValue(:32)
11-19 17:11:32.126 I/WM-WorkerWrapper( 2334): 	at androidx.work.impl.utils.futures.AbstractFuture.get(:268435546)
11-19 17:11:32.126 I/WM-WorkerWrapper( 2334): 	at androidx.work.impl.WorkerWrapper$2.run(:3)
11-19 17:11:32.126 I/WM-WorkerWrapper( 2334): 	at androidx.work.impl.utils.SerialExecutor$Task.run(:2)
11-19 17:11:32.126 I/WM-WorkerWrapper( 2334): 	at java.util.concurrent.ThreadPoolExecutor.runWorker(ThreadPoolExecutor.java:1167)
11-19 17:11:32.126 I/WM-WorkerWrapper( 2334): 	at java.util.concurrent.ThreadPoolExecutor$Worker.run(ThreadPoolExecutor.java:641)
11-19 17:11:32.126 I/WM-WorkerWrapper( 2334): 	at java.lang.Thread.run(Thread.java:923)
11-19 17:11:32.254 D/SettingsSDK::SyncHelper( 2334): Read setting com.facebook.wearable.sdk.selfcare:SELFCARE_SERVICE_ENABLED from persistent cache
11-19 17:11:32.254 D/FacebookRepository( 2334): Reading from Store [906581286488774]
11-19 17:11:32.322 E/StickerBundleDatabaseWorker( 2334): Failed to fetch sticker bundles:
11-19 17:11:32.322 E/StickerBundleDatabaseWorker( 2334): kotlinx.coroutines.JobCancellationException: Job was cancelled; job=JobImpl{Cancelling}@a1c2976
11-19 17:11:32.322 I/WM-WorkerWrapper( 2334): Work [ id=e130a2b8-40dd-4560-92fb-3ba7a92b1257, tags={ com.facebook.wearable.system.selfcare.sharing.StickerBundleDatabaseWorker } ] was cancelled
11-19 17:11:32.322 I/WM-WorkerWrapper( 2334): java.util.concurrent.CancellationException: Task was cancelled.
11-19 17:11:32.322 I/WM-WorkerWrapper( 2334): 	at androidx.work.impl.utils.futures.AbstractFuture.getDoneValue(:32)
11-19 17:11:32.322 I/WM-WorkerWrapper( 2334): 	at androidx.work.impl.utils.futures.AbstractFuture.get(:268435546)
11-19 17:11:32.322 I/WM-WorkerWrapper( 2334): 	at androidx.work.impl.WorkerWrapper$2.run(:3)
11-19 17:11:32.322 I/WM-WorkerWrapper( 2334): 	at androidx.work.impl.utils.SerialExecutor$Task.run(:2)
11-19 17:11:32.322 I/WM-WorkerWrapper( 2334): 	at java.util.concurrent.ThreadPoolExecutor.runWorker(ThreadPoolExecutor.java:1167)
11-19 17:11:32.322 I/WM-WorkerWrapper( 2334): 	at java.util.concurrent.ThreadPoolExecutor$Worker.run(ThreadPoolExecutor.java:641)
11-19 17:11:32.322 I/WM-WorkerWrapper( 2334): 	at java.lang.Thread.run(Thread.java:923)
11-19 17:11:32.362 W/HWComposer(  597): Ignoring duplicate VSYNC event from HWC for display 0 (t=4922720408277)
11-19 17:11:32.398 D/CompatibilityInfo( 1196): mCompatibilityFlags - 4
11-19 17:11:32.398 D/CompatibilityInfo( 1196): applicationDensity - 320
11-19 17:11:32.398 D/CompatibilityInfo( 1196): applicationScale - 1.0
11-19 17:11:32.451 E/SelfCareDataCloudSyncWorker( 2334): Failed to get access token
11-19 17:11:32.451 E/SelfCareDataCloudSyncWorker( 2334): kotlinx.coroutines.JobCancellationException: Job was cancelled; job=JobImpl{Cancelling}@9fe204d
11-19 17:11:32.451 I/WM-WorkerWrapper( 2334): Work [ id=cf79165d-7ab0-4916-9c30-d911d399386b, tags={ com.facebook.wearable.system.selfcare.cloudsync.SelfCareDataCloudSyncWorker } ] was cancelled
11-19 17:11:32.451 I/WM-WorkerWrapper( 2334): java.util.concurrent.CancellationException: Task was cancelled.
11-19 17:11:32.451 I/WM-WorkerWrapper( 2334): 	at androidx.work.impl.utils.futures.AbstractFuture.getDoneValue(:32)
11-19 17:11:32.451 I/WM-WorkerWrapper( 2334): 	at androidx.work.impl.utils.futures.AbstractFuture.get(:268435546)
11-19 17:11:32.451 I/WM-WorkerWrapper( 2334): 	at androidx.work.impl.WorkerWrapper$2.run(:3)
11-19 17:11:32.451 I/WM-WorkerWrapper( 2334): 	at androidx.work.impl.utils.SerialExecutor$Task.run(:2)
11-19 17:11:32.451 I/WM-WorkerWrapper( 2334): 	at java.util.concurrent.ThreadPoolExecutor.runWorker(ThreadPoolExecutor.java:1167)
11-19 17:11:32.451 I/WM-WorkerWrapper( 2334): 	at java.util.concurrent.ThreadPoolExecutor$Worker.run(ThreadPoolExecutor.java:641)
11-19 17:11:32.451 I/WM-WorkerWrapper( 2334): 	at java.lang.Thread.run(Thread.java:923)
11-19 17:11:32.577 D/SettingsSDK::SyncHelper( 2334): Read setting com.facebook.wearable.sdk.selfcare:SELFCARE_SERVICE_ENABLED from persistent cache
11-19 17:11:32.577 D/FacebookRepository( 2334): Reading from Store [906581286488774]
11-19 17:11:32.634 E/StickerBundleDatabaseWorker( 2334): Failed to fetch sticker bundles:
11-19 17:11:32.634 E/StickerBundleDatabaseWorker( 2334): kotlinx.coroutines.JobCancellationException: Job was cancelled; job=JobImpl{Cancelling}@522068b
11-19 17:11:32.634 I/WM-WorkerWrapper( 2334): Work [ id=e130a2b8-40dd-4560-92fb-3ba7a92b1257, tags={ com.facebook.wearable.system.selfcare.sharing.StickerBundleDatabaseWorker } ] was cancelled
11-19 17:11:32.634 I/WM-WorkerWrapper( 2334): java.util.concurrent.CancellationException: Task was cancelled.
11-19 17:11:32.634 I/WM-WorkerWrapper( 2334): 	at androidx.work.impl.utils.futures.AbstractFuture.getDoneValue(:32)
11-19 17:11:32.634 I/WM-WorkerWrapper( 2334): 	at androidx.work.impl.utils.futures.AbstractFuture.get(:268435546)
11-19 17:11:32.634 I/WM-WorkerWrapper( 2334): 	at androidx.work.impl.WorkerWrapper$2.run(:3)
11-19 17:11:32.634 I/WM-WorkerWrapper( 2334): 	at androidx.work.impl.utils.SerialExecutor$Task.run(:2)
11-19 17:11:32.634 I/WM-WorkerWrapper( 2334): 	at java.util.concurrent.ThreadPoolExecutor.runWorker(ThreadPoolExecutor.java:1167)
11-19 17:11:32.634 I/WM-WorkerWrapper( 2334): 	at java.util.concurrent.ThreadPoolExecutor$Worker.run(ThreadPoolExecutor.java:641)
11-19 17:11:32.634 I/WM-WorkerWrapper( 2334): 	at java.lang.Thread.run(Thread.java:923)
11-19 17:11:32.714 D/CompatibilityInfo( 1196): mCompatibilityFlags - 4
11-19 17:11:32.714 D/CompatibilityInfo( 1196): applicationDensity - 320
11-19 17:11:32.714 D/CompatibilityInfo( 1196): applicationScale - 1.0
11-19 17:11:32.769 E/SelfCareDataCloudSyncWorker( 2334): Failed to get access token
11-19 17:11:32.769 E/SelfCareDataCloudSyncWorker( 2334): kotlinx.coroutines.JobCancellationException: Job was cancelled; job=JobImpl{Cancelling}@288067
11-19 17:11:32.769 I/WM-WorkerWrapper( 2334): Work [ id=cf79165d-7ab0-4916-9c30-d911d399386b, tags={ com.facebook.wearable.system.selfcare.cloudsync.SelfCareDataCloudSyncWorker } ] was cancelled
11-19 17:11:32.769 I/WM-WorkerWrapper( 2334): java.util.concurrent.CancellationException: Task was cancelled.
11-19 17:11:32.769 I/WM-WorkerWrapper( 2334): 	at androidx.work.impl.utils.futures.AbstractFuture.getDoneValue(:32)
11-19 17:11:32.769 I/WM-WorkerWrapper( 2334): 	at androidx.work.impl.utils.futures.AbstractFuture.get(:268435546)
11-19 17:11:32.769 I/WM-WorkerWrapper( 2334): 	at androidx.work.impl.WorkerWrapper$2.run(:3)
11-19 17:11:32.769 I/WM-WorkerWrapper( 2334): 	at androidx.work.impl.utils.SerialExecutor$Task.run(:2)
11-19 17:11:32.769 I/WM-WorkerWrapper( 2334): 	at java.util.concurrent.ThreadPoolExecutor.runWorker(ThreadPoolExecutor.java:1167)
11-19 17:11:32.769 I/WM-WorkerWrapper( 2334): 	at java.util.concurrent.ThreadPoolExecutor$Worker.run(ThreadPoolExecutor.java:641)
11-19 17:11:32.769 I/WM-WorkerWrapper( 2334): 	at java.lang.Thread.run(Thread.java:923)
11-19 17:11:32.898 D/SettingsSDK::SyncHelper( 2334): Read setting com.facebook.wearable.sdk.selfcare:SELFCARE_SERVICE_ENABLED from persistent cache
11-19 17:11:32.898 D/FacebookRepository( 2334): Reading from Store [906581286488774]
11-19 17:11:32.958 E/StickerBundleDatabaseWorker( 2334): Failed to fetch sticker bundles:
11-19 17:11:32.958 E/StickerBundleDatabaseWorker( 2334): kotlinx.coroutines.JobCancellationException: Job was cancelled; job=JobImpl{Cancelling}@e853bac
11-19 17:11:32.959 I/WM-WorkerWrapper( 2334): Work [ id=e130a2b8-40dd-4560-92fb-3ba7a92b1257, tags={ com.facebook.wearable.system.selfcare.sharing.StickerBundleDatabaseWorker } ] was cancelled
11-19 17:11:32.959 I/WM-WorkerWrapper( 2334): java.util.concurrent.CancellationException: Task was cancelled.
11-19 17:11:32.959 I/WM-WorkerWrapper( 2334): 	at androidx.work.impl.utils.futures.AbstractFuture.getDoneValue(:32)
11-19 17:11:32.959 I/WM-WorkerWrapper( 2334): 	at androidx.work.impl.utils.futures.AbstractFuture.get(:268435546)
11-19 17:11:32.959 I/WM-WorkerWrapper( 2334): 	at androidx.work.impl.WorkerWrapper$2.run(:3)
11-19 17:11:32.959 I/WM-WorkerWrapper( 2334): 	at androidx.work.impl.utils.SerialExecutor$Task.run(:2)
11-19 17:11:32.959 I/WM-WorkerWrapper( 2334): 	at java.util.concurrent.ThreadPoolExecutor.runWorker(ThreadPoolExecutor.java:1167)
11-19 17:11:32.959 I/WM-WorkerWrapper( 2334): 	at java.util.concurrent.ThreadPoolExecutor$Worker.run(ThreadPoolExecutor.java:641)
11-19 17:11:32.959 I/WM-WorkerWrapper( 2334): 	at java.lang.Thread.run(Thread.java:923)
11-19 17:11:33.039 D/CompatibilityInfo( 1196): mCompatibilityFlags - 4
11-19 17:11:33.039 D/CompatibilityInfo( 1196): applicationDensity - 320
11-19 17:11:33.039 D/CompatibilityInfo( 1196): applicationScale - 1.0
11-19 17:11:33.093 I/WM-WorkerWrapper( 2334): Work [ id=cf79165d-7ab0-4916-9c30-d911d399386b, tags={ com.facebook.wearable.system.selfcare.cloudsync.SelfCareDataCloudSyncWorker } ] was cancelled
11-19 17:11:33.093 I/WM-WorkerWrapper( 2334): java.util.concurrent.CancellationException: Task was cancelled.
11-19 17:11:33.093 I/WM-WorkerWrapper( 2334): 	at androidx.work.impl.utils.futures.AbstractFuture.getDoneValue(:32)
11-19 17:11:33.093 I/WM-WorkerWrapper( 2334): 	at androidx.work.impl.utils.futures.AbstractFuture.get(:268435546)
11-19 17:11:33.093 I/WM-WorkerWrapper( 2334): 	at androidx.work.impl.WorkerWrapper$2.run(:3)
11-19 17:11:33.093 I/WM-WorkerWrapper( 2334): 	at androidx.work.impl.utils.SerialExecutor$Task.run(:2)
11-19 17:11:33.093 I/WM-WorkerWrapper( 2334): 	at java.util.concurrent.ThreadPoolExecutor.runWorker(ThreadPoolExecutor.java:1167)
11-19 17:11:33.093 I/WM-WorkerWrapper( 2334): 	at java.util.concurrent.ThreadPoolExecutor$Worker.run(ThreadPoolExecutor.java:641)
11-19 17:11:33.093 I/WM-WorkerWrapper( 2334): 	at java.lang.Thread.run(Thread.java:923)
11-19 17:11:33.093 E/SelfCareDataCloudSyncWorker( 2334): Failed to get access token
11-19 17:11:33.093 E/SelfCareDataCloudSyncWorker( 2334): kotlinx.coroutines.JobCancellationException: Job was cancelled; job=JobImpl{Cancelling}@75e2ef1
11-19 17:11:33.107 D/mcu_health_checker( 1127): Sent MCU Health Request
11-19 17:11:33.107 D/commandrouter( 1123): SocServiceHandle::onServiceMessage, SoC Service = mcu_healthcheck_1127, appType = 1, type = SVC_REQ, clientId = 0, token = 162, payloadLen = 12, result = 0, payload.size() = 12
11-19 17:11:33.110 D/commandrouter( 1123): mcu_healthcheck_1127 (1, merlot:mcu_health:control): <ServiceResponse> FORWARDED (remote -> local) CR token ID = 162, service client ID = 40, token ID = 498, result = 0
11-19 17:11:33.111 D/mcu_health_checker( 1127): MCU Health Response: MCU_OK
11-19 17:11:33.111 D/mcu_health_checker( 1127): MCU Session 0, uptime = 4887633 ms
11-19 17:11:33.111 D/mculinkhealth( 1127): isMcuReachable 1 (4 ms)
11-19 17:11:33.121 W/bluelink( 1123): [System] updateSmoothedTime: too early or too late; st=4933.942, rt=4935.772
11-19 17:11:33.210 D/SettingsSDK::SyncHelper( 2334): Read setting com.facebook.wearable.sdk.selfcare:SELFCARE_SERVICE_ENABLED from persistent cache
11-19 17:11:33.212 D/FacebookRepository( 2334): Reading from Store [906581286488774]
11-19 17:11:33.266 E/StickerBundleDatabaseWorker( 2334): Failed to fetch sticker bundles:
11-19 17:11:33.266 E/StickerBundleDatabaseWorker( 2334): kotlinx.coroutines.JobCancellationException: Job was cancelled; job=JobImpl{Cancelling}@32cb29
11-19 17:11:33.266 I/WM-WorkerWrapper( 2334): Work [ id=e130a2b8-40dd-4560-92fb-3ba7a92b1257, tags={ com.facebook.wearable.system.selfcare.sharing.StickerBundleDatabaseWorker } ] was cancelled
11-19 17:11:33.266 I/WM-WorkerWrapper( 2334): java.util.concurrent.CancellationException: Task was cancelled.
11-19 17:11:33.266 I/WM-WorkerWrapper( 2334): 	at androidx.work.impl.utils.futures.AbstractFuture.getDoneValue(:32)
11-19 17:11:33.266 I/WM-WorkerWrapper( 2334): 	at androidx.work.impl.utils.futures.AbstractFuture.get(:268435546)
11-19 17:11:33.266 I/WM-WorkerWrapper( 2334): 	at androidx.work.impl.WorkerWrapper$2.run(:3)
11-19 17:11:33.266 I/WM-WorkerWrapper( 2334): 	at androidx.work.impl.utils.SerialExecutor$Task.run(:2)
11-19 17:11:33.266 I/WM-WorkerWrapper( 2334): 	at java.util.concurrent.ThreadPoolExecutor.runWorker(ThreadPoolExecutor.java:1167)
11-19 17:11:33.266 I/WM-WorkerWrapper( 2334): 	at java.util.concurrent.ThreadPoolExecutor$Worker.run(ThreadPoolExecutor.java:641)
11-19 17:11:33.266 I/WM-WorkerWrapper( 2334): 	at java.lang.Thread.run(Thread.java:923)
11-19 17:11:33.356 D/CompatibilityInfo( 1196): mCompatibilityFlags - 4
11-19 17:11:33.356 D/CompatibilityInfo( 1196): applicationDensity - 320
11-19 17:11:33.356 D/CompatibilityInfo( 1196): applicationScale - 1.0
11-19 17:11:33.405 E/SelfCareDataCloudSyncWorker( 2334): Failed to get access token
11-19 17:11:33.405 E/SelfCareDataCloudSyncWorker( 2334): kotlinx.coroutines.JobCancellationException: Job was cancelled; job=JobImpl{Cancelling}@d83f0e5
11-19 17:11:33.406 I/WM-WorkerWrapper( 2334): Work [ id=cf79165d-7ab0-4916-9c30-d911d399386b, tags={ com.facebook.wearable.system.selfcare.cloudsync.SelfCareDataCloudSyncWorker } ] was cancelled
11-19 17:11:33.406 I/WM-WorkerWrapper( 2334): java.util.concurrent.CancellationException: Task was cancelled.
11-19 17:11:33.406 I/WM-WorkerWrapper( 2334): 	at androidx.work.impl.utils.futures.AbstractFuture.getDoneValue(:32)
11-19 17:11:33.406 I/WM-WorkerWrapper( 2334): 	at androidx.work.impl.utils.futures.AbstractFuture.get(:268435546)
11-19 17:11:33.406 I/WM-WorkerWrapper( 2334): 	at androidx.work.impl.WorkerWrapper$2.run(:3)
11-19 17:11:33.406 I/WM-WorkerWrapper( 2334): 	at androidx.work.impl.utils.SerialExecutor$Task.run(:2)
11-19 17:11:33.406 I/WM-WorkerWrapper( 2334): 	at java.util.concurrent.ThreadPoolExecutor.runWorker(ThreadPoolExecutor.java:1167)
11-19 17:11:33.406 I/WM-WorkerWrapper( 2334): 	at java.util.concurrent.ThreadPoolExecutor$Worker.run(ThreadPoolExecutor.java:641)
11-19 17:11:33.406 I/WM-WorkerWrapper( 2334): 	at java.lang.Thread.run(Thread.java:923)
11-19 17:11:33.530 D/SettingsSDK::SyncHelper( 2334): Read setting com.facebook.wearable.sdk.selfcare:SELFCARE_SERVICE_ENABLED from persistent cache
11-19 17:11:33.531 D/FacebookRepository( 2334): Reading from Store [906581286488774]
11-19 17:11:33.590 E/StickerBundleDatabaseWorker( 2334): Failed to fetch sticker bundles:
11-19 17:11:33.590 E/StickerBundleDatabaseWorker( 2334): kotlinx.coroutines.JobCancellationException: Job was cancelled; job=JobImpl{Cancelling}@4cd5412
11-19 17:11:33.590 I/WM-WorkerWrapper( 2334): Work [ id=e130a2b8-40dd-4560-92fb-3ba7a92b1257, tags={ com.facebook.wearable.system.selfcare.sharing.StickerBundleDatabaseWorker } ] was cancelled
11-19 17:11:33.590 I/WM-WorkerWrapper( 2334): java.util.concurrent.CancellationException: Task was cancelled.
11-19 17:11:33.590 I/WM-WorkerWrapper( 2334): 	at androidx.work.impl.utils.futures.AbstractFuture.getDoneValue(:32)
11-19 17:11:33.590 I/WM-WorkerWrapper( 2334): 	at androidx.work.impl.utils.futures.AbstractFuture.get(:268435546)
11-19 17:11:33.590 I/WM-WorkerWrapper( 2334): 	at androidx.work.impl.WorkerWrapper$2.run(:3)
11-19 17:11:33.590 I/WM-WorkerWrapper( 2334): 	at androidx.work.impl.utils.SerialExecutor$Task.run(:2)
11-19 17:11:33.590 I/WM-WorkerWrapper( 2334): 	at java.util.concurrent.ThreadPoolExecutor.runWorker(ThreadPoolExecutor.java:1167)
11-19 17:11:33.590 I/WM-WorkerWrapper( 2334): 	at java.util.concurrent.ThreadPoolExecutor$Worker.run(ThreadPoolExecutor.java:641)
11-19 17:11:33.590 I/WM-WorkerWrapper( 2334): 	at java.lang.Thread.run(Thread.java:923)
11-19 17:11:33.673 D/CompatibilityInfo( 1196): mCompatibilityFlags - 4
11-19 17:11:33.673 D/CompatibilityInfo( 1196): applicationDensity - 320
11-19 17:11:33.673 D/CompatibilityInfo( 1196): applicationScale - 1.0
11-19 17:11:33.676 D/UIAutomatorStub( 5833): URI: /jsonrpc/0, Method: POST, Header: {content-length=229, remote-addr=127.0.0.1, http-client-ip=127.0.0.1, host=localhost:9011, content-type=application/json, accept-encoding=identity}, params, {NanoHttpd.QUERY_STRING=null}, files: {postData={"jsonrpc": "2.0", "method": "objInfo", "id": "e4c7ea7b9b097978a22a617e609e453a", "params": [{"mask": 2097152, "childOrSibling": [], "childOrSiblingSelector": [], "resourceId": "com.facebook.wearable.system.settings:id/toggle"}]}}
11-19 17:11:33.733 E/SelfCareDataCloudSyncWorker( 2334): Failed to get access token
11-19 17:11:33.733 E/SelfCareDataCloudSyncWorker( 2334): kotlinx.coroutines.JobCancellationException: Job was cancelled; job=JobImpl{Cancelling}@2b7d099
11-19 17:11:33.733 I/WM-WorkerWrapper( 2334): Work [ id=cf79165d-7ab0-4916-9c30-d911d399386b, tags={ com.facebook.wearable.system.selfcare.cloudsync.SelfCareDataCloudSyncWorker } ] was cancelled
11-19 17:11:33.733 I/WM-WorkerWrapper( 2334): java.util.concurrent.CancellationException: Task was cancelled.
11-19 17:11:33.733 I/WM-WorkerWrapper( 2334): 	at androidx.work.impl.utils.futures.AbstractFuture.getDoneValue(:32)
11-19 17:11:33.733 I/WM-WorkerWrapper( 2334): 	at androidx.work.impl.utils.futures.AbstractFuture.get(:268435546)
11-19 17:11:33.733 I/WM-WorkerWrapper( 2334): 	at androidx.work.impl.WorkerWrapper$2.run(:3)
11-19 17:11:33.733 I/WM-WorkerWrapper( 2334): 	at androidx.work.impl.utils.SerialExecutor$Task.run(:2)
11-19 17:11:33.733 I/WM-WorkerWrapper( 2334): 	at java.util.concurrent.ThreadPoolExecutor.runWorker(ThreadPoolExecutor.java:1167)
11-19 17:11:33.733 I/WM-WorkerWrapper( 2334): 	at java.util.concurrent.ThreadPoolExecutor$Worker.run(ThreadPoolExecutor.java:641)
11-19 17:11:33.733 I/WM-WorkerWrapper( 2334): 	at java.lang.Thread.run(Thread.java:923)
11-19 17:11:33.767 D/UIAutomatorStub( 5833): URI: /jsonrpc/0, Method: POST, Header: {content-length=227, remote-addr=127.0.0.1, http-client-ip=127.0.0.1, host=localhost:9011, content-type=application/json, accept-encoding=identity}, params, {NanoHttpd.QUERY_STRING=null}, files: {postData={"jsonrpc": "2.0", "method": "click", "id": "fb8c2437986791a785580160bb76e2cb", "params": [{"mask": 2097152, "childOrSibling": [], "childOrSiblingSelector": [], "resourceId": "com.facebook.wearable.system.settings:id/toggle"}]}}
11-19 17:11:33.772 D/ConnectivityService( 1196): handleLingerComplete for [101 CELLULAR]
11-19 17:11:33.774 W/MqttClient( 2595): connection/disconnecting; reason=READ_SOCKET, operation=NETWORK_THREAD_LOOP
11-19 17:11:33.775 W/System.err( 2595): DEBUG: com.whatsapp.net.tls13.WtSocketWrapper.sendAlertAndShutdown(:86) : Sending Alert : type : WARNING description : close_notify(0) exception : 
11-19 17:11:33.776 W/System.err( 2595): ERROR: com.whatsapp.net.logging.WtLog.log$REDEX$HQcOuACUrr4(:4) : Encountered exception. Nothing much can be done here. com.whatsapp.net.alerts.WtAlertException
11-19 17:11:33.805 D/QCNEJ/WwanInfoRelay( 1887): onCapabilitiesChanged: 101 [ Transports: CELLULAR Capabilities: MMS&SUPL&FOTA&INTERNET&NOT_RESTRICTED&TRUSTED&NOT_VPN&VALIDATED&NOT_ROAMING&NOT_CONGESTED&NOT_SUSPENDED LinkUpBandwidth>=15000Kbps LinkDnBandwidth>=30000Kbps Specifier: <TelephonyNetworkSpecifier [mSubId = 1]> AdministratorUids: [] RequestorUid: -1 RequestorPackageName: null]
11-19 17:11:33.806 I/QCNEJ/WwanInfoRelay( 1887): cacheWwanInfo subId = 1 phoneId = 0 slotId = 0
11-19 17:11:33.829 W/System.err( 2595): INFO: com.whatsapp.net.logging.WtLog.log$REDEX$HQcOuACUrr4(:4) : Start handshake.
11-19 17:11:33.834 D/WifiSharingService( 2866): Setting Wi-Fi enabled state
11-19 17:11:33.840 I/WifiService( 1196): setWifiEnabled package=com.facebook.wearable.system.connectivity uid=1000 enable=false
11-19 17:11:33.843 D/WifiActiveModeWarden( 1196): Switching all client mode managers
11-19 17:11:33.844 D/QCNEJ/WlanStaInfoRelay( 1887): onChange for uri = content://settings/global/wifi_on
11-19 17:11:33.853 D/BluetoothAdapterService( 1699): android.net.wifi.WIFI_STATE_CHANGED
11-19 17:11:33.855 E/QMI_FW  (  883): qmi_cci_get_ref: ref count increased 2
11-19 17:11:33.863 D/WifiP2pService( 1196): Wifi enabled=false, P2P Interface availability=true
11-19 17:11:33.864 D/WifiP2pNative( 1196): Teardown P2P interface
11-19 17:11:33.866 W/ContextImpl( 1196): Calling a method in the system process without a qualified user: android.app.ContextImpl.sendBroadcastMultiplePermissions:1143 android.content.Context.sendBroadcastWithMultiplePermissions:2150 com.android.server.display.WifiDisplayAdapter.handleSendStatusChangeBroadcast:440 com.android.server.display.WifiDisplayAdapter.access$1700:63 com.android.server.display.WifiDisplayAdapter$WifiDisplayHandler.handleMessage:675 
11-19 17:11:33.868 D/WifiP2pService( 1196): Wifi enabled=false, P2P Interface availability=true
11-19 17:11:33.878 W/System.err( 2595): INFO: com.whatsapp.net.logging.WtLog.log$REDEX$HQcOuACUrr4(:4) : Handshake complete : session_resumed true early_data_sent false early_data_accepted false client_cert_requested false time_ms 48
11-19 17:11:33.895 D/WifiClientModeManager0( 1196): IMS not registered over IWLAN for subId: 1
11-19 17:11:33.895 D/WifiClientModeManager0( 1196): The target role 5
11-19 17:11:33.904 E/QMI_FW  ( 1117): qmi_cci_get_ref: ref count increased 2
11-19 17:11:33.904 E/QMI_FW  ( 1117): qmi_cci_get_ref: ref count increased 2
11-19 17:11:33.906 I/android_os_HwBinder( 1196): HwBinder: Starting thread pool for getting: android.hardware.wifi.supplicant@1.0::ISupplicant/default
11-19 17:11:33.906 E/QMI_FW  ( 1117): qmi_cci_get_ref: ref count increased 2
11-19 17:11:33.912 I/wpa_supplicant( 8471): wlan0: Do not deauthenticate as part of interface deinit since WoWLAN is enabled
11-19 17:11:33.931 D/SettingsSDK::SyncHelper( 2334): Read setting com.facebook.wearable.sdk.selfcare:SELFCARE_SERVICE_ENABLED from persistent cache
11-19 17:11:33.935 D/FacebookRepository( 2334): Reading from Store [906581286488774]
11-19 17:11:33.980 I/wpa_supplicant( 8471): Try to unregister vendor STA network
11-19 17:11:33.993 E/wpa_supplicant( 8471): eap_proxy: pthread_join on eap_proxy=0x6cb4eac
11-19 17:11:33.994 E/wpa_supplicant( 8471): eap_proxy: session not started for client = 1
11-19 17:11:33.994 E/QMI_FW  ( 8471): qmi_cci_get_ref: ref count increased 2
11-19 17:11:33.994 E/QMI_FW  ( 8471): qmi_cci_get_ref: ref count increased 2
11-19 17:11:33.997 E/wpa_supplicant( 8471): eap_proxy: Released QMI UIM service client
11-19 17:11:33.997 E/QMI_FW  ( 8471): qmi_cci_get_ref: ref count increased 2
11-19 17:11:33.997 E/QMI_FW  ( 8471): qmi_cci_get_ref: ref count increased 2
11-19 17:11:33.997 E/wpa_supplicant( 8471): eap_proxy: Released QMI EAP service client
11-19 17:11:33.998 E/wpa_supplicant( 8471): eap_proxy: session not started for client = 2
11-19 17:11:33.998 E/QMI_FW  ( 8471): qmi_cci_get_ref: ref count increased 2
11-19 17:11:33.998 E/QMI_FW  ( 8471): qmi_cci_get_ref: ref count increased 2
11-19 17:11:33.999 E/wpa_supplicant( 8471): eap_proxy: Released QMI UIM service client
11-19 17:11:33.999 E/QMI_FW  ( 8471): qmi_cci_get_ref: ref count increased 2
11-19 17:11:33.999 E/QMI_FW  ( 8471): qmi_cci_get_ref: ref count increased 2
11-19 17:11:34.000 E/wpa_supplicant( 8471): eap_proxy: Released QMI EAP service client
11-19 17:11:34.000 I/wpa_supplicant( 8471): eap_proxy: eap_proxy Deinitialzed
11-19 17:11:34.015 E/StickerBundleDatabaseWorker( 2334): Failed to fetch sticker bundles:
11-19 17:11:34.015 E/StickerBundleDatabaseWorker( 2334): kotlinx.coroutines.JobCancellationException: Job was cancelled; job=JobImpl{Cancelling}@b8d4737
11-19 17:11:34.015 I/WM-WorkerWrapper( 2334): Work [ id=e130a2b8-40dd-4560-92fb-3ba7a92b1257, tags={ com.facebook.wearable.system.selfcare.sharing.StickerBundleDatabaseWorker } ] was cancelled
11-19 17:11:34.015 I/WM-WorkerWrapper( 2334): java.util.concurrent.CancellationException: Task was cancelled.
11-19 17:11:34.015 I/WM-WorkerWrapper( 2334): 	at androidx.work.impl.utils.futures.AbstractFuture.getDoneValue(:32)
11-19 17:11:34.015 I/WM-WorkerWrapper( 2334): 	at androidx.work.impl.utils.futures.AbstractFuture.get(:268435546)
11-19 17:11:34.015 I/WM-WorkerWrapper( 2334): 	at androidx.work.impl.WorkerWrapper$2.run(:3)
11-19 17:11:34.015 I/WM-WorkerWrapper( 2334): 	at androidx.work.impl.utils.SerialExecutor$Task.run(:2)
11-19 17:11:34.015 I/WM-WorkerWrapper( 2334): 	at java.util.concurrent.ThreadPoolExecutor.runWorker(ThreadPoolExecutor.java:1167)
11-19 17:11:34.015 I/WM-WorkerWrapper( 2334): 	at java.util.concurrent.ThreadPoolExecutor$Worker.run(ThreadPoolExecutor.java:641)
11-19 17:11:34.015 I/WM-WorkerWrapper( 2334): 	at java.lang.Thread.run(Thread.java:923)
11-19 17:11:34.031 I/wpa_supplicant( 8471): nl80211: deinit ifname=wlan0 disabled_11b_rates=0
11-19 17:11:34.091 I/wpa_supplicant( 8471): Try to unregister vendor interface
11-19 17:11:34.092 D/LOWI-9.0.0.80(  995): [LOWINetlinkSocketReceiver] unpackRTMLinkMessage: RTM_NEWLINK - ifname wlan0, flags 0x11043 ([UP][RUNNING])
11-19 17:11:34.092 D/LOWI-9.0.0.80(  995): [LOWINetlinkSocketReceiver] processNetlinkPacket: ifname(wlan0) status(2)
11-19 17:11:34.092 D/LOWI-9.0.0.80(  995): [LOWIController] intfStateReceived: ifname(wlan0) state(2)
11-19 17:11:34.093 D/LOWI-9.0.0.80(  995): [LOWIEventReceiver] handleEvent:FROM:NA, TO:NA, REQ:NA, IREQ:NA, REQ_ID:0, RESP:NA, INFO:INTF-STATUS-UPDATE
11-19 17:11:34.093 D/LOWI-9.0.0.80(  995): [LOWIEventReceiver] Info to [INTF-STATUS-UPDATE]
11-19 17:11:34.093 D/LOWI-9.0.0.80(  995): [LOWIController] updateIntfState: WIFI enabled 2 mNlWifiStatus 2 mWifiStateEnabled 1
11-19 17:11:34.093 D/LOWI-9.0.0.80(  995): [LOWIController] isWifiEnabled: mNlWifiStatus 2 mWifiStateEnabled 1
11-19 17:11:34.097 D/CompatibilityInfo( 1196): mCompatibilityFlags - 4
11-19 17:11:34.097 D/CompatibilityInfo( 1196): applicationDensity - 320
11-19 17:11:34.097 D/CompatibilityInfo( 1196): applicationScale - 1.0
11-19 17:11:34.101 I/SupplicantStaIfaceHal( 1196): Terminating supplicant using HIDL
11-19 17:11:34.101 I/wpa_supplicant( 8471): p2p0: Do not deauthenticate as part of interface deinit since WoWLAN is enabled
11-19 17:11:34.170 E/wpa_supplicant( 8471): eap_proxy: pthread_join on eap_proxy=0x6cb4fa8
11-19 17:11:34.171 E/wpa_supplicant( 8471): eap_proxy: session not started for client = 1
11-19 17:11:34.171 E/QMI_FW  ( 8471): qmi_cci_get_ref: ref count increased 2
11-19 17:11:34.171 E/QMI_FW  ( 8471): qmi_cci_get_ref: ref count increased 2
11-19 17:11:34.171 E/wpa_supplicant( 8471): eap_proxy: Released QMI UIM service client
11-19 17:11:34.171 E/QMI_FW  ( 8471): qmi_cci_get_ref: ref count increased 2
11-19 17:11:34.171 E/QMI_FW  ( 8471): qmi_cci_get_ref: ref count increased 2
11-19 17:11:34.172 E/wpa_supplicant( 8471): eap_proxy: Released QMI EAP service client
11-19 17:11:34.172 E/wpa_supplicant( 8471): eap_proxy: session not started for client = 2
11-19 17:11:34.172 E/QMI_FW  ( 8471): qmi_cci_get_ref: ref count increased 2
11-19 17:11:34.172 E/QMI_FW  ( 8471): qmi_cci_get_ref: ref count increased 2
11-19 17:11:34.173 E/wpa_supplicant( 8471): eap_proxy: Released QMI UIM service client
11-19 17:11:34.173 E/QMI_FW  ( 8471): qmi_cci_get_ref: ref count increased 2
11-19 17:11:34.173 E/QMI_FW  ( 8471): qmi_cci_get_ref: ref count increased 2
11-19 17:11:34.173 E/wpa_supplicant( 8471): eap_proxy: Released QMI EAP service client
11-19 17:11:34.173 I/wpa_supplicant( 8471): eap_proxy: eap_proxy Deinitialzed
11-19 17:11:34.193 I/WM-WorkerWrapper( 2334): Work [ id=cf79165d-7ab0-4916-9c30-d911d399386b, tags={ com.facebook.wearable.system.selfcare.cloudsync.SelfCareDataCloudSyncWorker } ] was cancelled
11-19 17:11:34.193 I/WM-WorkerWrapper( 2334): java.util.concurrent.CancellationException: Task was cancelled.
11-19 17:11:34.193 I/WM-WorkerWrapper( 2334): 	at androidx.work.impl.utils.futures.AbstractFuture.getDoneValue(:32)
11-19 17:11:34.193 I/WM-WorkerWrapper( 2334): 	at androidx.work.impl.utils.futures.AbstractFuture.get(:268435546)
11-19 17:11:34.193 I/WM-WorkerWrapper( 2334): 	at androidx.work.impl.WorkerWrapper$2.run(:3)
11-19 17:11:34.193 I/WM-WorkerWrapper( 2334): 	at androidx.work.impl.utils.SerialExecutor$Task.run(:2)
11-19 17:11:34.193 I/WM-WorkerWrapper( 2334): 	at java.util.concurrent.ThreadPoolExecutor.runWorker(ThreadPoolExecutor.java:1167)
11-19 17:11:34.193 I/WM-WorkerWrapper( 2334): 	at java.util.concurrent.ThreadPoolExecutor$Worker.run(ThreadPoolExecutor.java:641)
11-19 17:11:34.193 I/WM-WorkerWrapper( 2334): 	at java.lang.Thread.run(Thread.java:923)
11-19 17:11:34.193 E/SelfCareDataCloudSyncWorker( 2334): Failed to get access token
11-19 17:11:34.193 E/SelfCareDataCloudSyncWorker( 2334): kotlinx.coroutines.JobCancellationException: Job was cancelled; job=JobImpl{Cancelling}@f30710
11-19 17:11:34.212 I/wpa_supplicant( 8471): nl80211: deinit ifname=p2p0 disabled_11b_rates=0
11-19 17:11:34.261 D/LOWI-9.0.0.80(  995): [LOWINetlinkSocketReceiver] unpackRTMLinkMessage: RTM_NEWLINK - ifname p2p0, flags 0x1003 ([UP])
11-19 17:11:34.288 D/LOWI-9.0.0.80(  995): [LOWINetlinkSocketReceiver] unpackRTMLinkMessage: RTM_NEWLINK - ifname p2p0, flags 0x1002 ()
11-19 17:11:34.289 D/LOWI-9.0.0.80(  995): [LOWINetlinkSocketReceiver] unpackRTMLinkMessage: RTM_NEWLINK - ifname p2p0, flags 0x1002 ()
11-19 17:11:34.293 I/wpa_supplicant( 8471): Try to unregister vendor p2 interface
11-19 17:11:34.295 I/WifiP2pNative( 1196): P2P interface teardown completed
11-19 17:11:34.295 D/WifiP2pNative( 1196): P2P InterfaceDestroyedListener p2p0
11-19 17:11:34.295 D/WifiP2pNative( 1196): Ignoring stale interface destroyed listener
11-19 17:11:34.295 D/WifiP2pNative( 1196): P2P InterfaceAvailableListener true
11-19 17:11:34.295 D/WifiP2pService( 1196): Wifi enabled=false, P2P Interface availability=true
11-19 17:11:34.297 I/android_os_HwBinder( 1196): HwBinder: Starting thread pool for getting: android.hardware.wifi.supplicant@1.0::ISupplicant/default
11-19 17:11:34.299 I/wpa_supplicant( 8471): Terminating...
11-19 17:11:34.300 D/LOWI-9.0.0.80(  995): [LOWINetlinkSocketReceiver] unpackRTMLinkMessage: RTM_NEWLINK - ifname wlan0, flags 0x1003 ([UP])
11-19 17:11:34.300 D/LOWI-9.0.0.80(  995): [LOWINetlinkSocketReceiver] processNetlinkPacket: ifname(wlan0) status(1)
11-19 17:11:34.300 D/LOWI-9.0.0.80(  995): [LOWIController] intfStateReceived: ifname(wlan0) state(1)
11-19 17:11:34.301 D/LOWI-9.0.0.80(  995): [LOWIEventReceiver] handleEvent:FROM:NA, TO:NA, REQ:NA, IREQ:NA, REQ_ID:0, RESP:NA, INFO:INTF-STATUS-UPDATE
11-19 17:11:34.301 D/LOWI-9.0.0.80(  995): [LOWIEventReceiver] Info to [INTF-STATUS-UPDATE]
11-19 17:11:34.301 D/LOWI-9.0.0.80(  995): [LOWIController] updateIntfState: WIFI enabled 1 mNlWifiStatus 2 mWifiStateEnabled 1
11-19 17:11:34.301 D/LOWI-9.0.0.80(  995): [LOWIController] isWifiEnabled: mNlWifiStatus 1 mWifiStateEnabled 1
11-19 17:11:34.336 D/SettingsSDK::SyncHelper( 2334): Read setting com.facebook.wearable.sdk.selfcare:SELFCARE_SERVICE_ENABLED from persistent cache
11-19 17:11:34.337 D/FacebookRepository( 2334): Reading from Store [906581286488774]
11-19 17:11:34.349 W/SupplicantStaIfaceHal( 1196): Timed out waiting for confirmation of supplicant death
11-19 17:11:34.350 W/SupplicantP2pIfaceHal( 1196): ISupplicant/ISupplicantP2pIface died: cookie=0
11-19 17:11:34.350 D/SupplicantStaIfaceHal( 1196): ISupplicant died: cookie=4590011774354938617
11-19 17:11:34.351 W/SupplicantP2pIfaceHal( 1196): ISupplicantVendor/ISupplicantVendorP2PIface died: cookie=0
11-19 17:11:34.351 W/SupplicantP2pIfaceHal( 1196): ISupplicant/ISupplicantP2pIface died: cookie=0
11-19 17:11:34.351 D/LOWI-9.0.0.80(  995): [LOWINetlinkSocketReceiver] unpackRTMLinkMessage: RTM_NEWLINK - ifname wlan0, flags 0x1003 ([UP])
11-19 17:11:34.351 D/LOWI-9.0.0.80(  995): [LOWINetlinkSocketReceiver] processNetlinkPacket: ifname(wlan0) status(1)
11-19 17:11:34.352 D/LOWI-9.0.0.80(  995): [LOWIController] intfStateReceived: ifname(wlan0) state(1)
11-19 17:11:34.351 W/SupplicantP2pIfaceHal( 1196): ISupplicantVendor/ISupplicantVendorP2PIface died: cookie=0
11-19 17:11:34.352 D/LOWI-9.0.0.80(  995): [LOWIEventReceiver] handleEvent:FROM:NA, TO:NA, REQ:NA, IREQ:NA, REQ_ID:0, RESP:NA, INFO:INTF-STATUS-UPDATE
11-19 17:11:34.352 D/LOWI-9.0.0.80(  995): [LOWIEventReceiver] Info to [INTF-STATUS-UPDATE]
11-19 17:11:34.352 D/LOWI-9.0.0.80(  995): [LOWIController] updateIntfState: WIFI enabled 1 mNlWifiStatus 1 mWifiStateEnabled 1
11-19 17:11:34.352 D/LOWI-9.0.0.80(  995): [LOWIController] isWifiEnabled: mNlWifiStatus 1 mWifiStateEnabled 1
11-19 17:11:34.352 E/SupplicantStaIfaceHal( 1196): Can't call getKeyMgmtCapabilities_1_3, ISupplicantStaIface is null
11-19 17:11:34.353 W/SupplicantStaIfaceHal( 1196): ISupplicantVendor/ISupplicantVendorStaIface died: cookie=0
11-19 17:11:34.354 W/SupplicantStaIfaceHal( 1196): ISupplicantVendor/ISupplicantVendorStaIface died: cookie=0
11-19 17:11:34.354 V/WifiHAL (  556): event received NL80211_CMD_DISCONNECT
11-19 17:11:34.356 V/WifiHAL (  556): WifiVendorCommand 0xaac36b98 created vendor_id:0x1374 subcmd:38
11-19 17:11:34.356 V/WifiHAL (  556): Got a Wi-Fi HAL module message from Driver
11-19 17:11:34.356 V/WifiHAL (  556): Supported feature set : 19d3d
11-19 17:11:34.356 V/WifiHAL (  556): Supported feature set acquired : 19d3d
11-19 17:11:34.357 V/WifiHAL (  556): WifiVendorCommand 0x9dc40320 created vendor_id:0x1374 subcmd:76
11-19 17:11:34.357 V/WifiHAL (  556): create: mVendor_id = 4980, Subcmd = 76.
11-19 17:11:34.358 V/WifiHAL (  556): WifiVendorCommand 0xaac36cc8 created vendor_id:0x1374 subcmd:38
11-19 17:11:34.359 V/WifiHAL (  556): Got a Wi-Fi HAL module message from Driver
11-19 17:11:34.359 V/WifiHAL (  556): Supported feature set : 19d3d
11-19 17:11:34.360 V/WifiHAL (  556): Supported feature set acquired : 19d3d
11-19 17:11:34.360 V/WifiHAL (  556): WifiVendorCommand 0x9dc40320 created vendor_id:0x1374 subcmd:76
11-19 17:11:34.360 V/WifiHAL (  556): create: mVendor_id = 4980, Subcmd = 76.
11-19 17:11:34.367 E/SupplicantStaIfaceHal( 1196): Can't call getWpaDriverFeatureSet, ISupplicantStaIface is null
11-19 17:11:34.367 I/WifiNative( 1196): Successfully switched to scan mode on iface=Iface:{Name=wlan0,Id=0,Type=STA_SCAN}
11-19 17:11:34.368 W/SupplicantStaIfaceHal( 1196): ISupplicant died: cookie=26
11-19 17:11:34.368 D/BluetoothAdapterService( 1699): Soft AP is on band: 1
11-19 17:11:34.369 D/WifiClientModeManager0( 1196): entering ScanOnlyModeState
11-19 17:11:34.370 D/WifiP2pService( 1196): Wifi enabled=false, P2P Interface availability=true
11-19 17:11:34.370 D/BluetoothVendorService( 1699): getPowerBackoff 
11-19 17:11:34.370 D/WifiScanRequestProxy( 1196): Sending scan available broadcast: true
11-19 17:11:34.371 D/BluetoothVendorService( 1699): setPowerBackoff to: false
11-19 17:11:34.371 I/BluetoothVendorJni( 1699): setPowerBackoffNative
11-19 17:11:34.371 I/bt_btif_vendor( 1699): setPowerBackOffState :0 
11-19 17:11:34.371 D/BluetoothAdapterService( 1699): android.net.wifi.WIFI_STATE_CHANGED
11-19 17:11:34.371 W/bt_btif ( 1699): bta_dm_power_back_off: power_back_off feature not supported
11-19 17:11:34.372 I/WifiScanningService( 1196): Received a request to enable scanning, UID = 1000
11-19 17:11:34.373 I/WifiScanRequestProxy( 1196): Scanning is enabled
11-19 17:11:34.373 I/WifiScanRequestProxy( 1196): Scanning for hidden networks is disabled
11-19 17:11:34.373 I/WifiScanningService( 1196): scanner impls already exists
11-19 17:11:34.373 E/WifiScanningService( 1196): wifi driver loaded received while already loaded
11-19 17:11:34.373 D/WakeupController( 1196): start()
11-19 17:11:34.375 D/WakeupController( 1196): Setting active to true
11-19 17:11:34.389 D/WakeupLock( 1196): Lock set. Number of networks: 1
11-19 17:11:34.393 D/WifiClientModeImpl( 1196): ClientModeImpl: Leaving Connected state
11-19 17:11:34.394 D/WifiCountryCode( 1196): updateCountryCode to US
11-19 17:11:34.395 E/SupplicantStaIfaceHal( 1196): Can't call setCountryCode, ISupplicantStaIface is null
11-19 17:11:34.395 D/WifiCountryCode( 1196): Failed to set country code to: US
11-19 17:11:34.408 E/SupplicantStaIfaceHal( 1196): Can't call listNetworks, ISupplicantStaIface is null
11-19 17:11:34.408 E/SupplicantStaIfaceHal( 1196): removeAllNetworks failed, got null networks
11-19 17:11:34.408 E/WifiClientModeImpl( 1196): Failed to remove networks on exiting connect mode
11-19 17:11:34.409 E/WakeupController( 1196): Unexpected setLastDisconnectInfo when WakeupController is active!
11-19 17:11:34.411 E/WifiVendorHal( 1196): stopRssiMonitoring(l.2106) failed {.code = ERROR_NOT_AVAILABLE, .description = }
11-19 17:11:34.411 E/SupplicantStaIfaceHal( 1196): Can't call setPowerSave, ISupplicantStaIface is null
11-19 17:11:34.411 E/SupplicantStaIfaceHal( 1196): Can't call setBtCoexistenceMode, ISupplicantStaIface is null
11-19 17:11:34.411 V/WifiClientModeImpl( 1196): stopIpClient IpClientWithPreConnection: false
11-19 17:11:34.411 V/WifiClientModeImpl( 1196): java.lang.Throwable
11-19 17:11:34.411 V/WifiClientModeImpl( 1196): 	at com.android.server.wifi.ClientModeImpl.stopIpClient(ClientModeImpl.java:1127)
11-19 17:11:34.411 V/WifiClientModeImpl( 1196): 	at com.android.server.wifi.ClientModeImpl.stopDhcpSetup(ClientModeImpl.java:1153)
11-19 17:11:34.411 V/WifiClientModeImpl( 1196): 	at com.android.server.wifi.ClientModeImpl.handleNetworkDisconnect(ClientModeImpl.java:2945)
11-19 17:11:34.411 V/WifiClientModeImpl( 1196): 	at com.android.server.wifi.ClientModeImpl.stopClientMode(ClientModeImpl.java:3889)
11-19 17:11:34.411 V/WifiClientModeImpl( 1196): 	at com.android.server.wifi.ClientModeImpl.access$4600(ClientModeImpl.java:176)
11-19 17:11:34.411 V/WifiClientModeImpl( 1196): 	at com.android.server.wifi.ClientModeImpl$ConnectModeState.exit(ClientModeImpl.java:4064)
11-19 17:11:34.411 V/WifiClientModeImpl( 1196): 	at com.android.wifi.x.com.android.internal.util.StateMachine$SmHandler.invokeExitMethods(StateMachine.java:1021)
11-19 17:11:34.411 V/WifiClientModeImpl( 1196): 	at com.android.wifi.x.com.android.internal.util.StateMachine$SmHandler.performTransitions(StateMachine.java:877)
11-19 17:11:34.411 V/WifiClientModeImpl( 1196): 	at com.android.wifi.x.com.android.internal.util.StateMachine$SmHandler.handleMessage(StateMachine.java:819)
11-19 17:11:34.411 V/WifiClientModeImpl( 1196): 	at android.os.Handler.dispatchMessage(Handler.java:106)
11-19 17:11:34.411 V/WifiClientModeImpl( 1196): 	at android.os.Looper.loop(Looper.java:223)
11-19 17:11:34.411 V/WifiClientModeImpl( 1196): 	at android.os.HandlerThread.run(HandlerThread.java:67)
11-19 17:11:34.412 D/DhcpClient( 1196): doQuit
11-19 17:11:34.415 D/QCNEJ/WlanStaInfoRelay( 1887): Received action: android.net.wifi.STATE_CHANGE
11-19 17:11:34.415 D/ConnectivityService( 1196): [107 WIFI] EVENT_NETWORK_INFO_CHANGED, going from CONNECTED to DISCONNECTED
11-19 17:11:34.415 D/QCNEJ/WlanStaInfoRelay( 1887): reset CountryCodeRetriever
11-19 17:11:34.415 D/ConnectivityService( 1196): [107 WIFI] disconnected, was satisfying 27
11-19 17:11:34.416 D/WifiConnector( 2866): Network State Changed
11-19 17:11:34.416 D/WifiDiags( 1196): stopLogging() iface list is {} after removing wlan0
11-19 17:11:34.418 E/WifiVendorHal( 1196): resetLogHandler(l.1558) failed {.code = ERROR_NOT_AVAILABLE, .description = }
11-19 17:11:34.418 W/WifiDiags( 1196): Fail to reset log handler
11-19 17:11:34.419 E/QMI_FW  (  883): qmi_cci_get_ref: ref count increased 2
11-19 17:11:34.421 E/QMI_FW  (  883): qmi_cci_get_ref: ref count increased 2
11-19 17:11:34.424 E/StickerBundleDatabaseWorker( 2334): Failed to fetch sticker bundles:
11-19 17:11:34.424 E/StickerBundleDatabaseWorker( 2334): kotlinx.coroutines.JobCancellationException: Job was cancelled; job=JobImpl{Cancelling}@868a828
11-19 17:11:34.424 I/WM-WorkerWrapper( 2334): Work [ id=e130a2b8-40dd-4560-92fb-3ba7a92b1257, tags={ com.facebook.wearable.system.selfcare.sharing.StickerBundleDatabaseWorker } ] was cancelled
11-19 17:11:34.424 I/WM-WorkerWrapper( 2334): java.util.concurrent.CancellationException: Task was cancelled.
11-19 17:11:34.424 I/WM-WorkerWrapper( 2334): 	at androidx.work.impl.utils.futures.AbstractFuture.getDoneValue(:32)
11-19 17:11:34.424 I/WM-WorkerWrapper( 2334): 	at androidx.work.impl.utils.futures.AbstractFuture.get(:268435546)
11-19 17:11:34.424 I/WM-WorkerWrapper( 2334): 	at androidx.work.impl.WorkerWrapper$2.run(:3)
11-19 17:11:34.424 I/WM-WorkerWrapper( 2334): 	at androidx.work.impl.utils.SerialExecutor$Task.run(:2)
11-19 17:11:34.424 I/WM-WorkerWrapper( 2334): 	at java.util.concurrent.ThreadPoolExecutor.runWorker(ThreadPoolExecutor.java:1167)
11-19 17:11:34.424 I/WM-WorkerWrapper( 2334): 	at java.util.concurrent.ThreadPoolExecutor$Worker.run(ThreadPoolExecutor.java:641)
11-19 17:11:34.424 I/WM-WorkerWrapper( 2334): 	at java.lang.Thread.run(Thread.java:923)
11-19 17:11:34.427 E/QMI_FW  ( 1117): qmi_cci_get_ref: ref count increased 2
11-19 17:11:34.444 E/QMI_FW  ( 1117): qmi_cci_get_ref: ref count increased 2
11-19 17:11:34.452 E/QMI_FW  ( 1117): qmi_cci_get_ref: ref count increased 2
11-19 17:11:34.459 I/chatty  ( 1117): uid=1001(radio) main identical 5 lines
11-19 17:11:34.460 E/QMI_FW  ( 1117): qmi_cci_get_ref: ref count increased 2
11-19 17:11:34.462 D/WifiMemoryStoreImpl( 1196): Set cluster Gfe4af43281bde698 for W99e54c066bbdcc1c: SUCCESS
11-19 17:11:34.464 E/QMI_FW  ( 1117): qmi_cci_get_ref: ref count increased 2
