11-20 12:35:13.557 I/GnssNetworkConnectivityHandler( 1194): updateNetworkState, state=CLOSED, connected=false, network=170, capabilities=[ Transports: WIFI Capabilities: NOT_METERED&INTERNET&NOT_RESTRICTED&TRUSTED&NOT_VPN&VALIDATED&NOT_ROAMING&FOREGROUND&NOT_CONGESTED&NOT_SUSPENDED LinkUpBandwidth>=67000Kbps LinkDnBandwidth>=67000Kbps SignalStrength: -37 OwnerUid: 1000 AdministratorUids: [] SSID: "MTBF_Lab" RequestorUid: -1 RequestorPackageName: null], apn: , availableNetworkCount: 1
11-20 12:35:13.560 W/LocSvc_LocIpc(  523): send:66] failed reason: No such file or directory
11-20 12:35:13.562 D/QCNEJ/WlanStaInfoRelay( 1900): network lost: 170
11-20 12:35:13.565 E/QMI_FW  ( 1113): qmi_cci_get_ref: ref count increased 2
11-20 12:35:13.566 D/QCNEJ/WlanStaInfoRelay( 1900): onLost: unbind the process to WIFI
11-20 12:35:13.567 D/QCNEJ/DefaultNetworkInfoRelay( 1900): Default network lost: 170
11-20 12:35:13.567 D/DeviceAuthService(24214): Network lost
11-20 12:35:13.568 D/QCNEJ/NativeHalConnector( 1900): -> SND notifyDefaultNetworkChanged(1)
11-20 12:35:13.570 E/QMI_FW  ( 1113): qmi_cci_get_ref: ref count increased 2
11-20 12:35:13.581 I/Nat464Xlat( 1194): Android Xlat is disabled
11-20 12:35:13.580 I/chatty  ( 1113): uid=1001(radio) main identical 3 lines
11-20 12:35:13.583 E/QMI_FW  ( 1113): qmi_cci_get_ref: ref count increased 2
11-20 12:35:13.589 D/DhcpClient( 1194): DHCP Packet Handler stopped
11-20 12:35:13.590 D/DhcpClient( 1194): onQuitting
11-20 12:35:13.581 I/Nat464Xlat( 1194): Android Xlat is disabled
11-20 12:35:13.591 D/ConnectivityService( 1194): Sending DISCONNECTED broadcast for type 1 [170 WIFI] isDefaultNetwork=true
11-20 12:35:13.601 W/MqttClient( 2665): connection/disconnecting; reason=READ_SOCKET, operation=NETWORK_THREAD_LOOP
11-20 12:35:13.601 W/System.err( 2665): DEBUG: com.whatsapp.net.tls13.WtSocketWrapper.sendAlertAndShutdown(:86) : Sending Alert : type : WARNING description : close_notify(0) exception : 
11-20 12:35:13.602 W/System.err( 2665): ERROR: com.whatsapp.net.logging.WtLog.log$REDEX$HQcOuACUrr4(:4) : Encountered exception. Nothing much can be done here. com.whatsapp.net.alerts.WtAlertException
11-20 12:35:13.607 D/ConnectivityService( 1194): NetReassign [8 : null → 100, 20 : null → 100, 46 : null → 100, 45 : null → 100, 1299 : null → 100, 12 : null → 100, 22 : null → 100, 16 : null → 100, 14 : null → 100, 50 : null → 100, 18 : null → 100, 1222 : null → 100, 11 : null → 100, 1 : null → 100, 17 : null → 100]
11-20 12:35:13.621 E/NetlinkEvent(  459): NetlinkEvent::FindParam(): Parameter 'INTERFACE' not found
11-20 12:35:13.621 E/NetlinkEvent(  459): NetlinkEvent::FindParam(): Parameter 'STATE' not found
11-20 12:35:13.621 E/NetlinkEvent(  459): NetlinkEvent::FindParam(): Parameter 'TIME_NS' not found
11-20 12:35:13.621 E/NetlinkEvent(  459): NetlinkEvent::FindParam(): Parameter 'UID' not found
11-20 12:35:13.625 W/HWComposer(  577): Ignoring duplicate VSYNC event from HWC for display 0 (t=74859888495713)
11-20 12:35:13.634 E/WifiNative( 1194): Could not get Iface object for interface null
11-20 12:35:13.634 D/WifiNetworkAgent( 1194): NetworkAgent: NetworkAgent channel lost
11-20 12:35:13.659 W/HWComposer(  577): Ignoring duplicate VSYNC event from HWC for display 0 (t=74859922268421)
11-20 12:35:13.669 D/ConnectivityService( 1194): Switching to new default network: NetworkAgentInfo{ ni{[type: MOBILE[LTE], state: CONNECTED/CONNECTED, reason: (unspecified), extra: nxtgenphone, failover: false, available: true, roaming: false]}  network{100}  nethandle{432902426637}  lp{{InterfaceName: rmnet_data2 LinkAddresses: [ 10.129.103.196/29,2600:380:c119:24f:b89a:9f3c:46c1:95af/64 ] DnsAddresses: [ /172.26.38.1,/fc00:a:a::300 ] Domains: null MTU: 1430 TcpBufferSizes: 2097152,4194304,8388608,262144,524288,1048576 Routes: [ 0.0.0.0/0 -> 10.129.103.197 rmnet_data2 mtu 1430,::/0 -> fe80::b45f:41f1:1846:969d rmnet_data2 mtu 1430,10.129.103.192/29 -> 0.0.0.0 rmnet_data2 mtu 0,2600:380:c119:24f::/64 -> :: rmnet_data2 mtu 0 ]}}  nc{[ Transports: CELLULAR Capabilities: MMS&SUPL&FOTA&INTERNET&NOT_RESTRICTED&TRUSTED&NOT_VPN&VALIDATED&NOT_ROAMING&NOT_CONGESTED&NOT_SUSPENDED LinkUpBandwidth>=15000Kbps LinkDnBandwidth>=30000Kbps Specifier: <TelephonyNetworkSpecifier [mSubId = 1]> AdministratorUids: [] RequestorUid: -1 RequestorPackageName: null]}  Score{50}  everValidated{true}  lastValidated{true}  created{true} lingering{false} explicitlySelected{false} acceptUnvalidated{false} everCaptivePortalDetected{false} lastCaptivePortalDetected{false} partialConnectivity{false} acceptPartialConnectivity{false} clat{mBaseIface: null, mIface: null, mState: IDLE} }
11-20 12:35:13.676 D/WifiMemoryStoreImpl( 1194): Set cluster Gded792457511e862 for Wded792457511e862: SUCCESS
11-20 12:35:13.700 I/system.selfcar( 2351): Background young concurrent copying GC freed 356114(16MB) AllocSpace objects, 0(0B) LOS objects, 71% free, 6780KB/22MB, paused 1.057ms total 160.179ms
11-20 12:35:13.733 E/WifiNative( 1194): Could not get Iface object for interface null
11-20 12:35:13.735 E/StickerBundleDatabaseWorker( 2351): Failed to fetch sticker bundles:
11-20 12:35:13.735 E/StickerBundleDatabaseWorker( 2351): kotlinx.coroutines.JobCancellationException: Job was cancelled; job=JobImpl{Cancelling}@c1195be
11-20 12:35:13.736 I/WM-WorkerWrapper( 2351): Work [ id=731e9e35-e8c2-49b1-b246-986e05f06ab6, tags={ com.facebook.wearable.system.selfcare.sharing.StickerBundleDatabaseWorker } ] was cancelled
11-20 12:35:13.736 I/WM-WorkerWrapper( 2351): java.util.concurrent.CancellationException: Task was cancelled.
11-20 12:35:13.736 I/WM-WorkerWrapper( 2351): 	at androidx.work.impl.utils.futures.AbstractFuture.getDoneValue(:32)
11-20 12:35:13.736 I/WM-WorkerWrapper( 2351): 	at androidx.work.impl.utils.futures.AbstractFuture.get(:268435546)
11-20 12:35:13.736 I/WM-WorkerWrapper( 2351): 	at androidx.work.impl.WorkerWrapper$2.run(:3)
11-20 12:35:13.736 I/WM-WorkerWrapper( 2351): 	at androidx.work.impl.utils.SerialExecutor$Task.run(:2)
11-20 12:35:13.736 I/WM-WorkerWrapper( 2351): 	at java.util.concurrent.ThreadPoolExecutor.runWorker(ThreadPoolExecutor.java:1167)
11-20 12:35:13.736 I/WM-WorkerWrapper( 2351): 	at java.util.concurrent.ThreadPoolExecutor$Worker.run(ThreadPoolExecutor.java:641)
11-20 12:35:13.736 I/WM-WorkerWrapper( 2351): 	at java.lang.Thread.run(Thread.java:923)
11-20 12:35:13.813 D/QCNEJ/DefaultNetworkInfoRelay( 1900): Default network available: 100
11-20 12:35:13.814 D/QCNEJ/NativeHalConnector( 1900): -> SND notifyDefaultNetworkChanged(0)
11-20 12:35:13.819 D/DeviceAuthService(24214): Network connected
11-20 12:35:13.819 D/DeviceAuthService(24214): fetchAuthTokenWrapper called
11-20 12:35:13.819 D/NetworkTimeUpdateService( 1194): New default network 100; checking time.
11-20 12:35:13.819 E/QMI_FW  (  927): qmi_cci_get_ref: ref count increased 2
11-20 12:35:13.825 E/QMI_FW  (  927): qmi_cci_get_ref: ref count increased 2
11-20 12:35:13.825 V/LigerRadioStatsReporter( 2384): onCapabilitiesChanged: Network capabilities changed
11-20 12:35:13.826 V/LigerRadioStatsReporter( 2384): reportAndCheckpointRadioStats
11-20 12:35:13.827 V/LigerRadioStatsReporter( 2384): +++++++++++ RADIO STATS DUMP +++++++++++
11-20 12:35:13.827 V/LigerRadioStatsReporter( 2384): totalActiveRadioTimeMs=0
11-20 12:35:13.827 V/LigerRadioStatsReporter( 2384): totalTailRadioTimeMs=13995
11-20 12:35:13.827 V/LigerRadioStatsReporter( 2384): totalWakeupCount=0
11-20 12:35:13.827 V/LigerRadioStatsReporter( 2384): httpUpBytes=0
11-20 12:35:13.827 V/LigerRadioStatsReporter( 2384): httpDownBytes=0
11-20 12:35:13.827 V/LigerRadioStatsReporter( 2384): httpWakeupCount=0
11-20 12:35:13.827 V/LigerRadioStatsReporter( 2384): httpRequestCount=0
11-20 12:35:13.827 V/LigerRadioStatsReporter( 2384): httpActiveRadioTimeMs=0
11-20 12:35:13.827 V/LigerRadioStatsReporter( 2384): httpTailRadioTimeMs=13995
11-20 12:35:13.827 V/LigerRadioStatsReporter( 2384): reportAndCheckpointRadioStats: Tx=0
11-20 12:35:13.827 V/LigerRadioStatsReporter( 2384): reportAndCheckpointRadioStats: Rx=0
11-20 12:35:13.827 V/LigerRadioStatsReporter( 2384): reportAndCheckpointRadioStats: Uids=10028
11-20 12:35:13.827 V/LigerRadioStatsReporter( 2384): reportAndCheckpointRadioStats: Tags=null
11-20 12:35:13.848 D/QCNEJ/WwanInfoRelay( 1900): onCapabilitiesChanged: 100 [ Transports: CELLULAR Capabilities: MMS&SUPL&FOTA&INTERNET&NOT_RESTRICTED&TRUSTED&NOT_VPN&VALIDATED&NOT_ROAMING&FOREGROUND&NOT_CONGESTED&NOT_SUSPENDED LinkUpBandwidth>=15000Kbps LinkDnBandwidth>=30000Kbps Specifier: <TelephonyNetworkSpecifier [mSubId = 1]> AdministratorUids: [] RequestorUid: -1 RequestorPackageName: null]
11-20 12:35:13.850 I/QCNEJ/WwanInfoRelay( 1900): cacheWwanInfo subId = 1 phoneId = 0 slotId = 0
11-20 12:35:13.853 V/LigerRadioStatsReporter( 2384): onCapabilitiesChanged: Network capabilities changed
11-20 12:35:13.856 D/ConnectivityService( 1194): Sending CONNECTED broadcast for type 0 [100 CELLULAR] isDefaultNetwork=true
11-20 12:35:13.871 D/DeviceAuthService(24214): isOculusAddressResolvable returned true
11-20 12:35:13.871 D/DeviceAuthenticator(24214): Fetching new credentials asynchronously
11-20 12:35:13.873 D/DeviceAuthenticator(24214): Calling DeviceAuth.authenticate()
11-20 12:35:13.882 E/DeviceCertService(  541): This device *might* have a provisioning issue. Please run `maui provision check` to verify.
11-20 12:35:13.882 E/DeviceCertService(  541): See https://fburl.com/wiki/a9hho0p9 for more information.
11-20 12:35:13.882 E/DeviceCertService(  541): Could not access certificate file '/mnt/vendor/persist/certificates/device_identityinsecure.crt', error 2: No such file or directory
11-20 12:35:13.883 E/DeviceAuthenticator(24214): ERROR: java.lang.RuntimeException: devicecert returned error FILESYSTEM_ERROR
11-20 12:35:13.883 E/DeviceAuthenticator(24214): 
11-20 12:35:13.883 E/DeviceAuthenticator(24214): com.facebook.mos.sdk.devicecert.DeviceIdentityException: java.lang.RuntimeException: devicecert returned error FILESYSTEM_ERROR
11-20 12:35:13.883 E/DeviceAuthenticator(24214): 
11-20 12:35:13.909 D/CompatibilityInfo( 1194): mCompatibilityFlags - 4
11-20 12:35:13.909 D/CompatibilityInfo( 1194): applicationDensity - 320
11-20 12:35:13.909 D/CompatibilityInfo( 1194): applicationScale - 1.0
11-20 12:35:14.008 E/SelfCareDataCloudSyncWorker( 2351): Failed to get access token
11-20 12:35:14.008 E/SelfCareDataCloudSyncWorker( 2351): kotlinx.coroutines.JobCancellationException: Job was cancelled; job=JobImpl{Cancelling}@676b53b
11-20 12:35:14.008 I/WM-WorkerWrapper( 2351): Work [ id=41176d4d-428f-4560-a8c8-961a1631ba8f, tags={ com.facebook.wearable.system.selfcare.cloudsync.SelfCareDataCloudSyncWorker } ] was cancelled
11-20 12:35:14.008 I/WM-WorkerWrapper( 2351): java.util.concurrent.CancellationException: Task was cancelled.
11-20 12:35:14.008 I/WM-WorkerWrapper( 2351): 	at androidx.work.impl.utils.futures.AbstractFuture.getDoneValue(:32)
11-20 12:35:14.008 I/WM-WorkerWrapper( 2351): 	at androidx.work.impl.utils.futures.AbstractFuture.get(:268435546)
11-20 12:35:14.008 I/WM-WorkerWrapper( 2351): 	at androidx.work.impl.WorkerWrapper$2.run(:3)
11-20 12:35:14.008 I/WM-WorkerWrapper( 2351): 	at androidx.work.impl.utils.SerialExecutor$Task.run(:2)
11-20 12:35:14.008 I/WM-WorkerWrapper( 2351): 	at java.util.concurrent.ThreadPoolExecutor.runWorker(ThreadPoolExecutor.java:1167)
11-20 12:35:14.008 I/WM-WorkerWrapper( 2351): 	at java.util.concurrent.ThreadPoolExecutor$Worker.run(ThreadPoolExecutor.java:641)
11-20 12:35:14.008 I/WM-WorkerWrapper( 2351): 	at java.lang.Thread.run(Thread.java:923)
11-20 12:35:14.076 D/CompatibilityInfo( 1194): mCompatibilityFlags - 4
11-20 12:35:14.076 D/CompatibilityInfo( 1194): applicationDensity - 320
11-20 12:35:14.076 D/CompatibilityInfo( 1194): applicationScale - 1.0
11-20 12:35:14.131 W/System.err( 2665): INFO: com.whatsapp.net.logging.WtLog.log$REDEX$HQcOuACUrr4(:4) : Start handshake.
11-20 12:35:14.229 D/SettingsSDK::SyncHelper( 2351): Read setting com.facebook.wearable.sdk.selfcare:SELFCARE_SERVICE_ENABLED from persistent cache
11-20 12:35:14.230 D/FacebookRepository( 2351): Reading from Store [906581286488774]
11-20 12:35:14.240 W/System.err( 2665): INFO: com.whatsapp.net.logging.WtLog.log$REDEX$HQcOuACUrr4(:4) : Handshake complete : session_resumed true early_data_sent false early_data_accepted false client_cert_requested false time_ms 103
