11-19 17:09:08.833 D/ConnectivityService( 1186): Setting DNS servers for network 104 to [/192.168.1.1]
11-19 17:09:08.834 D/DnsManager( 1186): sendDnsConfigurationForNetwork(104, [192.168.1.1], [], 1800, 25, 8, 64, 0, 0, , [192.168.1.1])
11-19 17:09:08.835 I/Nat464Xlat( 1186): Android Xlat is disabled
11-19 17:09:08.835 I/Nat464Xlat( 1186): Android Xlat is disabled
11-19 17:09:08.908 D/ConnectivityService( 1186): NetReassign [no changes]
11-19 17:09:09.093 D/ConnectivityService( 1186): [104 WIFI] validation passed
11-19 17:09:09.094 D/ConnectivityService( 1186): NetReassign [66 : 101 → 104, 44 : 101 → 104, 64 : 101 → 104, 11 : 101 → 104, 63 : 101 → 104, 17 : 101 → 104, 25 : 101 → 104, 1 : 101 → 104, 65 : 101 → 104, 8 : 101 → 104, 12 : 101 → 104, 14 : 101 → 104, 16 : 101 → 104, 22 : 101 → 104, 78 : 101 → 104, 31 : 101 → 104, 32 : 101 → 104]
11-19 17:09:09.097 E/NetlinkEvent(  462): NetlinkEvent::FindParam(): Parameter 'INTERFACE' not found
11-19 17:09:09.097 E/NetlinkEvent(  462): NetlinkEvent::FindParam(): Parameter 'STATE' not found
11-19 17:09:09.097 E/NetlinkEvent(  462): NetlinkEvent::FindParam(): Parameter 'TIME_NS' not found
11-19 17:09:09.097 E/NetlinkEvent(  462): NetlinkEvent::FindParam(): Parameter 'UID' not found
11-19 17:09:09.119 D/ConnectivityService( 1186): Switching to new default network: NetworkAgentInfo{ ni{[type: WIFI[], state: CONNECTED/CONNECTED, reason: (unspecified), extra: , failover: false, available: true, roaming: false]}  network{104}  nethandle{450082295821}  lp{{InterfaceName: wlan0 LinkAddresses: [ 192.168.1.41/24 ] DnsAddresses: [ /192.168.1.1 ] Domains: null MTU: 0 ServerAddress: /192.168.1.1 TcpBufferSizes: 524288,1048576,2097152,262144,524288,1048576 Routes: [ fe80::/64 -> :: wlan0 mtu 0,192.168.1.0/24 -> 0.0.0.0 wlan0 mtu 0,0.0.0.0/0 -> 192.168.1.1 wlan0 mtu 0 ]}}  nc{[ Transports: WIFI Capabilities: NOT_METERED&INTERNET&NOT_RESTRICTED&TRUSTED&NOT_VPN&VALIDATED&NOT_ROAMING&FOREGROUND&NOT_CONGESTED&NOT_SUSPENDED LinkUpBandwidth>=64000Kbps LinkDnBandwidth>=64000Kbps SignalStrength: -35 OwnerUid: 1000 SSID: "MTBF_Lab" RequestorUid: -1 RequestorPackageName: null]}  Score{60}  everValidated{true}  lastValidated{true}  created{true} lingering{false} explicitlySelected{false} acceptUnvalidated{false} everCaptivePortalDetected{false} lastCaptivePortalDetected{false} partialConnectivity{false} acceptPartialConnectivity{false} clat{mBaseIface: null, mIface: null, mState: IDLE} }
11-19 17:09:09.257 D/ConnectivityService( 1186): Lingering [101 CELLULAR] for 30000ms
11-19 17:09:09.259 D/ConnectivityService( 1186): Sending DISCONNECTED broadcast for type 0 [101 CELLULAR] isDefaultNetwork=true
11-19 17:09:09.261 D/ConnectivityService( 1186): Sending CONNECTED broadcast for type 1 [104 WIFI] isDefaultNetwork=true
11-19 17:09:09.283 D/ConnectivityService( 1186): Setting DNS servers for network 104 to [/192.168.1.1]
11-19 17:09:09.284 D/DnsManager( 1186): sendDnsConfigurationForNetwork(104, [192.168.1.1], [], 1800, 25, 8, 64, 0, 0, , [192.168.1.1])
11-19 17:09:10.040 I/Nat464Xlat( 1186): Android Xlat is disabled
11-19 17:09:10.041 I/Nat464Xlat( 1186): Android Xlat is disabled
11-19 17:09:11.257 D/commandrouter( 1006): rtc_sync (1, rtc:sync): <ServiceRequest> FORWARDED (remote -> local) service client ID = 0, token ID = 33247
11-19 17:09:11.258 D/commandrouter( 1006): SocServiceHandle::onServiceMessage, SoC Service = rtc_sync, appType = 1, type = SVC_RESP, clientId = 0, token = 33247, payloadLen = 8, result = 0, payload.size() = 8
11-19 17:09:14.305 I/UsageStatsService( 1186): User[0] Flushing usage stats to disk
11-19 17:09:21.255 D/commandrouter( 1006): rtc_sync (1, rtc:sync): <ServiceRequest> FORWARDED (remote -> local) service client ID = 0, token ID = 33248
11-19 17:09:21.255 D/commandrouter( 1006): SocServiceHandle::onServiceMessage, SoC Service = rtc_sync, appType = 1, type = SVC_RESP, clientId = 0, token = 33248, payloadLen = 8, result = 0, payload.size() = 8
11-19 17:09:22.617 D/AppStorageManager( 1186): BEFORE:: Previous Size: 1062531072 Current Size: 1062289408
11-19 17:09:22.617 D/AppStorageManager( 1186): AFTER:: Previous Size: 1062289408 Current Size: 1062289408
11-19 17:09:28.208 D/AutofillManagerService( 1186): onBackKeyPressed()
11-19 17:09:29.267 I/chatty  ( 1186): uid=1000(system) android.ui identical 2 lines
11-19 17:09:30.584 D/AutofillManagerService( 1186): onBackKeyPressed()
11-19 17:09:31.171 W/ActivityManager( 1186): Invalid packageName: com.facebook.wearable.system.settings/com.facebook.wearable.system.settings.SettingsActivity
11-19 17:09:31.250 D/commandrouter( 1006): rtc_sync (1, rtc:sync): <ServiceRequest> FORWARDED (remote -> local) service client ID = 0, token ID = 33249
11-19 17:09:31.251 D/commandrouter( 1006): SocServiceHandle::onServiceMessage, SoC Service = rtc_sync, appType = 1, type = SVC_RESP, clientId = 0, token = 33249, payloadLen = 8, result = 0, payload.size() = 8
11-19 17:09:31.292 I/ActivityTaskManager( 1186): START u0 {flg=0x10000000 cmp=com.facebook.wearable.system.settings/.SettingsActivity} from uid 0
11-19 17:09:31.308 I/ActivityTaskManager( 1186): The Process com.facebook.wearable.system.settings Already Exists in BG. So sending its PID: 2711
11-19 17:09:31.308 W/ActivityTaskManager( 1186): Tried to set launchTime (0) < mLastActivityLaunchTime (4828008)
11-19 17:09:33.831 E/TaskPersister( 1186): File error accessing recents directory (directory doesn't exist?).
11-19 17:09:35.060 D/commandrouter( 1006): SocServiceHandle::onServiceMessage, SoC Service = mcu_healthcheck_1029, appType = 1, type = SVC_REQ, clientId = 0, token = 160, payloadLen = 12, result = 0, payload.size() = 12
11-19 17:09:35.064 D/commandrouter( 1006): mcu_healthcheck_1029 (1, merlot:mcu_health:control): <ServiceResponse> FORWARDED (remote -> local) CR token ID = 160, service client ID = 40, token ID = 500, result = 0
11-19 17:09:35.064 D/mculinkhealth( 1029): isMcuReachable 1 (5 ms)
11-19 17:09:38.848 W/ContextImpl( 1186): Calling a method in the system process without a qualified user: android.app.ContextImpl.sendBroadcastMultiplePermissions:1143 android.content.Context.sendBroadcastWithMultiplePermissions:2150 com.android.server.display.WifiDisplayAdapter.handleSendStatusChangeBroadcast:440 com.android.server.display.WifiDisplayAdapter.access$1700:63 com.android.server.display.WifiDisplayAdapter$WifiDisplayHandler.handleMessage:675 
11-19 17:09:39.094 D/ConnectivityService( 1186): handleLingerComplete for [101 CELLULAR]
11-19 17:09:39.327 I/wificond(  911): Fail RSSI polling because wifi is not associated.
11-19 17:09:39.388 D/ConnectivityService( 1186): [104 WIFI] EVENT_NETWORK_INFO_CHANGED, going from CONNECTED to DISCONNECTED
11-19 17:09:39.388 D/ConnectivityService( 1186): [104 WIFI] disconnected, was satisfying 28
11-19 17:09:39.509 I/Nat464Xlat( 1186): Android Xlat is disabled
11-19 17:09:39.509 I/Nat464Xlat( 1186): Android Xlat is disabled
11-19 17:09:39.586 D/ConnectivityService( 1186): Sending DISCONNECTED broadcast for type 1 [104 WIFI] isDefaultNetwork=true
11-19 17:09:39.607 D/ConnectivityService( 1186): NetReassign [66 : null → 101, 44 : null → 101, 64 : null → 101, 11 : null → 101, 63 : null → 101, 17 : null → 101, 25 : null → 101, 1 : null → 101, 65 : null → 101, 8 : null → 101, 12 : null → 101, 14 : null → 101, 16 : null → 101, 22 : null → 101, 78 : null → 101, 31 : null → 101, 32 : null → 101]
11-19 17:09:39.616 E/NetlinkEvent(  462): NetlinkEvent::FindParam(): Parameter 'INTERFACE' not found
11-19 17:09:39.616 E/NetlinkEvent(  462): NetlinkEvent::FindParam(): Parameter 'STATE' not found
11-19 17:09:39.616 E/NetlinkEvent(  462): NetlinkEvent::FindParam(): Parameter 'TIME_NS' not found
11-19 17:09:39.616 E/NetlinkEvent(  462): NetlinkEvent::FindParam(): Parameter 'UID' not found
11-19 17:09:39.636 D/ConnectivityService( 1186): Switching to new default network: NetworkAgentInfo{ ni{[type: MOBILE[LTE], state: CONNECTED/CONNECTED, reason: (unspecified), extra: enhancedphone, failover: false, available: true, roaming: false]}  network{101}  nethandle{437197393933}  lp{{InterfaceName: rmnet_data2 LinkAddresses: [ 10.55.48.101/30,2600:381:4804:c4b6:8cdc:8f0b:afe1:ec6b/64 ] DnsAddresses: [ /172.26.38.2,/fc00:a:a::400 ] Domains: null MTU: 1430 TcpBufferSizes: 2097152,4194304,8388608,262144,524288,1048576 Routes: [ 0.0.0.0/0 -> 10.55.48.102 rmnet_data2 mtu 1430,::/0 -> fe80::9db2:334d:2872:1e0a rmnet_data2 mtu 1430,10.55.48.100/30 -> 0.0.0.0 rmnet_data2 mtu 0,2600:381:4804:c4b6::/64 -> :: rmnet_data2 mtu 0 ]}}  nc{[ Transports: CELLULAR Capabilities: MMS&SUPL&FOTA&INTERNET&NOT_RESTRICTED&TRUSTED&NOT_VPN&VALIDATED&NOT_ROAMING&NOT_CONGESTED&NOT_SUSPENDED LinkUpBandwidth>=15000Kbps LinkDnBandwidth>=30000Kbps Specifier: <TelephonyNetworkSpecifier [mSubId = 1]> AdministratorUids: [] RequestorUid: -1 RequestorPackageName: null]}  Score{50}  everValidated{true}  lastValidated{true}  created{true} lingering{false} explicitlySelected{false} acceptUnvalidated{false} everCaptivePortalDetected{false} lastCaptivePortalDetected{false} partialConnectivity{false} acceptPartialConnectivity{false} clat{mBaseIface: null, mIface: null, mState: IDLE} }
11-19 17:09:39.804 D/ConnectivityService( 1186): Sending CONNECTED broadcast for type 0 [101 CELLULAR] isDefaultNetwork=true
11-19 17:09:41.242 D/commandrouter( 1006): rtc_sync (1, rtc:sync): <ServiceRequest> FORWARDED (remote -> local) service client ID = 0, token ID = 33250
11-19 17:09:41.243 D/commandrouter( 1006): SocServiceHandle::onServiceMessage, SoC Service = rtc_sync, appType = 1, type = SVC_RESP, clientId = 0, token = 33250, payloadLen = 8, result = 0, payload.size() = 8
11-19 17:09:43.788 D/AutofillManagerService( 1186): onBackKeyPressed()
11-19 17:09:46.623 I/chatty  ( 1186): uid=1000(system) android.ui identical 3 lines
11-19 17:09:47.632 D/AutofillManagerService( 1186): onBackKeyPressed()
11-19 17:09:48.311 E/TaskPersister( 1186): File error accessing recents directory (directory doesn't exist?).
11-19 17:09:48.733 D/AutofillManagerService( 1186): onBackKeyPressed()
11-19 17:09:49.623 I/chatty  ( 1186): uid=1000(system) android.ui identical 1 line
11-19 17:09:50.618 D/AutofillManagerService( 1186): onBackKeyPressed()
11-19 17:09:51.162 W/ActivityManager( 1186): Invalid packageName: com.facebook.wearable.system.settings/com.facebook.wearable.system.settings.SettingsActivity
11-19 17:09:51.235 D/commandrouter( 1006): rtc_sync (1, rtc:sync): <ServiceRequest> FORWARDED (remote -> local) service client ID = 0, token ID = 33251
11-19 17:09:51.235 D/commandrouter( 1006): SocServiceHandle::onServiceMessage, SoC Service = rtc_sync, appType = 1, type = SVC_RESP, clientId = 0, token = 33251, payloadLen = 8, result = 0, payload.size() = 8
11-19 17:09:51.294 I/ActivityTaskManager( 1186): START u0 {flg=0x10000000 cmp=com.facebook.wearable.system.settings/.SettingsActivity} from uid 0
11-19 17:09:51.312 I/ActivityTaskManager( 1186): The Process com.facebook.wearable.system.settings Already Exists in BG. So sending its PID: 2711
11-19 17:09:51.313 W/ActivityTaskManager( 1186): Tried to set launchTime (0) < mLastActivityLaunchTime (4859035)
11-19 17:09:53.956 D/AnalyticsLogger( 1186): sent events: 13
11-19 17:09:55.426 E/TaskPersister( 1186): File error accessing recents directory (directory doesn't exist?).
11-19 17:09:57.989 W/ContextImpl( 1186): Calling a method in the system process without a qualified user: android.app.ContextImpl.sendBroadcastMultiplePermissions:1143 android.content.Context.sendBroadcastWithMultiplePermissions:2150 com.android.server.display.WifiDisplayAdapter.handleSendStatusChangeBroadcast:440 com.android.server.display.WifiDisplayAdapter.access$1700:63 com.android.server.display.WifiDisplayAdapter$WifiDisplayHandler.handleMessage:675 
11-19 17:09:59.012 W/ContextImpl( 1186): Calling a method in the system process without a qualified user: android.app.ContextImpl.sendBroadcastMultiplePermissions:1143 android.content.Context.sendBroadcastWithMultiplePermissions:2150 com.android.server.wifi.p2p.WifiP2pServiceImpl$P2pStateMachine.sendBroadcastMultiplePermissions:3209 com.android.server.wifi.p2p.WifiP2pServiceImpl$P2pStateMachine.sendP2pConnectionChangedBroadcast:3236 com.android.server.wifi.p2p.WifiP2pServiceImpl$P2pStateMachine.access$5100:768 
11-19 17:09:59.015 W/wificond(  911): Scan is not started. Ignore abort request
11-19 17:09:59.021 W/BroadcastQueue( 1186): Permission Denial: receiving Intent { act=android.net.wifi.p2p.CONNECTION_STATE_CHANGE flg=0x24000010 (has extras) } to ProcessRecord{688c834 1907:.qtidataservices/u0a88} (pid=1907, uid=10088) requires android.permission.ACCESS_FINE_LOCATION due to sender android (uid 1000)
11-19 17:09:59.137 W/ContextImpl( 1186): Calling a method in the system process without a qualified user: android.app.ContextImpl.sendBroadcastMultiplePermissions:1143 android.content.Context.sendBroadcastWithMultiplePermissions:2150 com.android.server.wifi.p2p.WifiP2pServiceImpl$P2pStateMachine.sendBroadcastMultiplePermissions:3209 com.android.server.wifi.p2p.WifiP2pServiceImpl$P2pStateMachine.sendThisDeviceChangedBroadcast:3218 com.android.server.wifi.p2p.WifiP2pServiceImpl$P2pStateMachine.updateThisDevice:3962 
11-19 17:09:59.503 D/ConnectivityService( 1186): registerNetworkAgent NetworkAgentInfo{ ni{[type: WIFI[], state: UNKNOWN/IDLE, reason: (unspecified), extra: , failover: false, available: true, roaming: false]}  network{105}  nethandle{454377263117}  lp{{InterfaceName: wlan0 LinkAddresses: [ ] DnsAddresses: [ ] Domains: null MTU: 0 Routes: [ ]}}  nc{[ Transports: WIFI Capabilities: NOT_METERED&INTERNET&NOT_RESTRICTED&TRUSTED&NOT_VPN&NOT_ROAMING&FOREGROUND&NOT_CONGESTED&NOT_SUSPENDED LinkUpBandwidth>=72000Kbps LinkDnBandwidth>=72000Kbps OwnerUid: 1000 SSID: "MTBF_Lab" RequestorUid: -1 RequestorPackageName: null]}  Score{20}  everValidated{false}  lastValidated{false}  created{false} lingering{false} explicitlySelected{false} acceptUnvalidated{false} everCaptivePortalDetected{false} lastCaptivePortalDetected{false} partialConnectivity{false} acceptPartialConnectivity{false} clat{mBaseIface: null, mIface: null, mState: IDLE} }
11-19 17:09:59.524 D/ConnectivityService( 1186): [105 WIFI] EVENT_NETWORK_INFO_CHANGED, going from UNKNOWN to UNKNOWN
11-19 17:09:59.651 D/ConnectivityService( 1186): NetReassign [no changes]
11-19 17:09:59.681 I/Nat464Xlat( 1186): Android Xlat is disabled
11-19 17:09:59.681 I/Nat464Xlat( 1186): Android Xlat is disabled
11-19 17:09:59.812 E/ConnectivityService( 1186): Exception in networkAddRouteParcel for non-gateway: android.os.ServiceSpecificException: Machine is not on the network (code 64)
11-19 17:09:59.813 E/ConnectivityService( 1186): Exception in networkAddRouteParcel for gateway: android.os.ServiceSpecificException: Machine is not on the network (code 64)
11-19 17:09:59.814 I/Nat464Xlat( 1186): Android Xlat is disabled
11-19 17:09:59.814 I/Nat464Xlat( 1186): Android Xlat is disabled
11-19 17:09:59.902 D/ConnectivityService( 1186): Setting DNS servers for network 105 to [/192.168.1.1]
11-19 17:09:59.904 I/Nat464Xlat( 1186): Android Xlat is disabled
11-19 17:09:59.904 I/Nat464Xlat( 1186): Android Xlat is disabled
11-19 17:09:59.978 D/ConnectivityService( 1186): [105 WIFI] EVENT_NETWORK_INFO_CHANGED, going from UNKNOWN to CONNECTED
11-19 17:09:59.980 D/DnsManager( 1186): sendDnsConfigurationForNetwork(105, [192.168.1.1], [], 1800, 25, 8, 64, 0, 0, , [])
11-19 17:09:59.982 W/DnsManager( 1186): updatePrivateDns(105, PrivateDnsConfig{true:/[]})
11-19 17:09:59.985 D/ConnectivityService( 1186): Setting DNS servers for network 105 to [/192.168.1.1]
11-19 17:09:59.986 D/DnsManager( 1186): sendDnsConfigurationForNetwork(105, [192.168.1.1], [], 1800, 25, 8, 64, 0, 0, , [192.168.1.1])
11-19 17:09:59.987 D/ConnectivityService( 1186): Adding iface wlan0 to network 105
11-19 17:10:00.032 D/ConnectivityService( 1186): Setting DNS servers for network 105 to [/192.168.1.1]
11-19 17:10:00.032 D/DnsManager( 1186): sendDnsConfigurationForNetwork(105, [192.168.1.1], [], 1800, 25, 8, 64, 0, 0, , [192.168.1.1])
11-19 17:10:00.034 I/Nat464Xlat( 1186): Android Xlat is disabled
11-19 17:10:00.034 I/Nat464Xlat( 1186): Android Xlat is disabled
11-19 17:10:00.115 D/ConnectivityService( 1186): NetReassign [no changes]
11-19 17:10:00.298 D/ConnectivityService( 1186): [105 WIFI] validation passed
11-19 17:10:00.299 D/ConnectivityService( 1186): NetReassign [66 : 101 → 105, 44 : 101 → 105, 64 : 101 → 105, 11 : 101 → 105, 63 : 101 → 105, 17 : 101 → 105, 25 : 101 → 105, 1 : 101 → 105, 65 : 101 → 105, 8 : 101 → 105, 12 : 101 → 105, 14 : 101 → 105, 16 : 101 → 105, 22 : 101 → 105, 78 : 101 → 105, 31 : 101 → 105, 32 : 101 → 105]
11-19 17:10:00.303 E/NetlinkEvent(  462): NetlinkEvent::FindParam(): Parameter 'INTERFACE' not found
11-19 17:10:00.303 E/NetlinkEvent(  462): NetlinkEvent::FindParam(): Parameter 'STATE' not found
11-19 17:10:00.303 E/NetlinkEvent(  462): NetlinkEvent::FindParam(): Parameter 'TIME_NS' not found
11-19 17:10:00.303 E/NetlinkEvent(  462): NetlinkEvent::FindParam(): Parameter 'UID' not found
11-19 17:10:00.318 D/ConnectivityService( 1186): Switching to new default network: NetworkAgentInfo{ ni{[type: WIFI[], state: CONNECTED/CONNECTED, reason: (unspecified), extra: , failover: false, available: true, roaming: false]}  network{105}  nethandle{454377263117}  lp{{InterfaceName: wlan0 LinkAddresses: [ 192.168.1.41/24 ] DnsAddresses: [ /192.168.1.1 ] Domains: null MTU: 0 ServerAddress: /192.168.1.1 TcpBufferSizes: 524288,1048576,2097152,262144,524288,1048576 Routes: [ fe80::/64 -> :: wlan0 mtu 0,192.168.1.0/24 -> 0.0.0.0 wlan0 mtu 0,0.0.0.0/0 -> 192.168.1.1 wlan0 mtu 0 ]}}  nc{[ Transports: WIFI Capabilities: NOT_METERED&INTERNET&NOT_RESTRICTED&TRUSTED&NOT_VPN&VALIDATED&NOT_ROAMING&FOREGROUND&NOT_CONGESTED&NOT_SUSPENDED LinkUpBandwidth>=65000Kbps LinkDnBandwidth>=65000Kbps SignalStrength: -34 OwnerUid: 1000 SSID: "MTBF_Lab" RequestorUid: -1 RequestorPackageName: null]}  Score{60}  everValidated{true}  lastValidated{true}  created{true} lingering{false} explicitlySelected{false} acceptUnvalidated{false} everCaptivePortalDetected{false} lastCaptivePortalDetected{false} partialConnectivity{false} acceptPartialConnectivity{false} clat{mBaseIface: null, mIface: null, mState: IDLE} }
11-19 17:10:00.442 D/ConnectivityService( 1186): Lingering [101 CELLULAR] for 30000ms
11-19 17:10:00.448 D/ConnectivityService( 1186): Sending DISCONNECTED broadcast for type 0 [101 CELLULAR] isDefaultNetwork=true
11-19 17:10:00.449 D/ConnectivityService( 1186): Sending CONNECTED broadcast for type 1 [105 WIFI] isDefaultNetwork=true
11-19 17:10:00.495 D/ConnectivityService( 1186): Setting DNS servers for network 105 to [/192.168.1.1]
11-19 17:10:00.496 D/DnsManager( 1186): sendDnsConfigurationForNetwork(105, [192.168.1.1], [], 1800, 25, 8, 64, 0, 0, , [192.168.1.1])
11-19 17:10:00.920 I/Nat464Xlat( 1186): Android Xlat is disabled
11-19 17:10:00.920 I/Nat464Xlat( 1186): Android Xlat is disabled
11-19 17:10:01.228 D/commandrouter( 1006): rtc_sync (1, rtc:sync): <ServiceRequest> FORWARDED (remote -> local) service client ID = 0, token ID = 33252
11-19 17:10:01.229 D/commandrouter( 1006): SocServiceHandle::onServiceMessage, SoC Service = rtc_sync, appType = 1, type = SVC_RESP, clientId = 0, token = 33252, payloadLen = 8, result = 0, payload.size() = 8
11-19 17:10:04.136 D/commandrouter( 1006): SocServiceHandle::onServiceMessage, SoC Service = mcu_healthcheck_934, appType = 1, type = SVC_REQ, clientId = 0, token = 80, payloadLen = 20, result = 0, payload.size() = 20
11-19 17:10:04.139 D/commandrouter( 1006): mcu_healthcheck_934 (1, merlot:mcu_health:control): <ServiceResponse> FORWARDED (remote -> local) CR token ID = 80, service client ID = 5, token ID = 501, result = 0
11-19 17:10:05.065 D/commandrouter( 1006): SocServiceHandle::onServiceMessage, SoC Service = mcu_healthcheck_1029, appType = 1, type = SVC_REQ, clientId = 0, token = 161, payloadLen = 12, result = 0, payload.size() = 12
11-19 17:10:05.069 D/commandrouter( 1006): mcu_healthcheck_1029 (1, merlot:mcu_health:control): <ServiceResponse> FORWARDED (remote -> local) CR token ID = 161, service client ID = 40, token ID = 502, result = 0
11-19 17:10:05.069 D/mculinkhealth( 1029): isMcuReachable 1 (4 ms)
11-19 17:10:11.223 D/commandrouter( 1006): rtc_sync (1, rtc:sync): <ServiceRequest> FORWARDED (remote -> local) service client ID = 0, token ID = 33253
11-19 17:10:11.223 D/commandrouter( 1006): SocServiceHandle::onServiceMessage, SoC Service = rtc_sync, appType = 1, type = SVC_RESP, clientId = 0, token = 33253, payloadLen = 8, result = 0, payload.size() = 8
11-19 17:10:19.353 D/AutofillManagerService( 1186): onBackKeyPressed()
11-19 17:10:19.881 I/chatty  ( 1186): uid=1000(system) android.ui identical 1 line
11-19 17:10:20.405 D/AutofillManagerService( 1186): onBackKeyPressed()
11-19 17:10:21.220 D/commandrouter( 1006): rtc_sync (1, rtc:sync): <ServiceRequest> FORWARDED (remote -> local) service client ID = 0, token ID = 33254
11-19 17:10:21.221 D/commandrouter( 1006): SocServiceHandle::onServiceMessage, SoC Service = rtc_sync, appType = 1, type = SVC_RESP, clientId = 0, token = 33254, payloadLen = 8, result = 0, payload.size() = 8
11-19 17:10:21.636 D/AutofillManagerService( 1186): onBackKeyPressed()
11-19 17:10:22.170 W/ActivityManager( 1186): Invalid packageName: com.facebook.wearable.system.settings/com.facebook.wearable.system.settings.SettingsActivity
11-19 17:10:22.300 I/ActivityTaskManager( 1186): START u0 {flg=0x10000000 cmp=com.facebook.wearable.system.settings/.SettingsActivity} from uid 0
11-19 17:10:22.317 I/ActivityTaskManager( 1186): The Process com.facebook.wearable.system.settings Already Exists in BG. So sending its PID: 2711
11-19 17:10:22.317 W/ActivityTaskManager( 1186): Tried to set launchTime (0) < mLastActivityLaunchTime (4879039)
11-19 17:10:22.715 D/AppStorageManager( 1186): BEFORE:: Previous Size: 1062289408 Current Size: 1063559168
11-19 17:10:22.715 D/AppStorageManager( 1186): AFTER:: Previous Size: 1063559168 Current Size: 1063559168
--------- beginning of main
11-19 17:10:22.827 D/ComplicationDataManagerImpl( 2594): Fetching complication data for package: com.facebook.wearable.apps.heart, com.facebook.wearable.apps.heart.HEART_RATE.
11-19 17:10:22.830 D/CompatibilityInfo( 1186): mCompatibilityFlags - 4
11-19 17:10:22.830 D/CompatibilityInfo( 1186): applicationDensity - 320
11-19 17:10:22.830 D/CompatibilityInfo( 1186): applicationScale - 1.0
11-19 17:10:23.374 D/UIAutomatorStub( 5940): URI: /jsonrpc/0, Method: POST, Header: {content-length=192, remote-addr=127.0.0.1, http-client-ip=127.0.0.1, host=localhost:9012, content-type=application/json, accept-encoding=identity}, params, {NanoHttpd.QUERY_STRING=null}, files: {postData={"jsonrpc": "2.0", "method": "waitForExists", "id": "bb5d3c9d6d98c9a0e534c4e8202278b5", "params": [{"mask": 1, "childOrSibling": [], "childOrSiblingSelector": [], "text": "Notifications"}, 5]}}
11-19 17:10:23.395 D/UIAutomatorStub( 5940): URI: /jsonrpc/0, Method: POST, Header: {content-length=191, remote-addr=127.0.0.1, http-client-ip=127.0.0.1, host=localhost:9012, content-type=application/json, accept-encoding=identity}, params, {NanoHttpd.QUERY_STRING=null}, files: {postData={"jsonrpc": "2.0", "method": "waitForExists", "id": "168c6697049c31fa782ce65d8789afba", "params": [{"mask": 1, "childOrSibling": [], "childOrSiblingSelector": [], "text": "Connectivity"}, 5]}}
11-19 17:10:23.449 D/UIAutomatorStub( 5940): URI: /jsonrpc/0, Method: POST, Header: {content-length=180, remote-addr=127.0.0.1, http-client-ip=127.0.0.1, host=localhost:9012, content-type=application/json, accept-encoding=identity}, params, {NanoHttpd.QUERY_STRING=null}, files: {postData={"jsonrpc": "2.0", "method": "click", "id": "30963a911e42348eff742f725ad0fde5", "params": [{"mask": 1, "childOrSibling": [], "childOrSiblingSelector": [], "text": "Connectivity"}]}}
11-19 17:10:23.516 W/StatusBarClientConnection( 2711): Messenger is null, ignoring message: { when=-1h21m51s242ms barrier=1 }
11-19 17:10:23.541 E/StatusBarClientConnection( 2711): Service connected
11-19 17:10:23.563 W/View    ( 2711): requestLayout() improperly called by android.view.View{334f48 V.ED..... ......I. 0,368-474,474} during layout: running second layout pass
11-19 17:10:23.581 W/View    ( 2711): requestLayout() improperly called by com.facebook.wearable.common.wds.listview.WdsListView{be73f7e V.E..V... ........ 0,0-474,474} during second layout pass: posting in next frame
11-19 17:10:24.961 E/TaskPersister( 1186): File error accessing recents directory (directory doesn't exist?).
11-19 17:10:25.164 W/HWComposer(  598): Ignoring duplicate VSYNC event from HWC for display 0 (t=4912890327551)
11-19 17:10:26.192 I/system_server( 1186): Background young concurrent copying GC freed 382775(16MB) AllocSpace objects, 36(944KB) LOS objects, 51% free, 16MB/33MB, paused 638us total 115.714ms
11-19 17:10:26.566 D/UIAutomatorStub( 5940): URI: /jsonrpc/0, Method: POST, Header: {content-length=183, remote-addr=127.0.0.1, http-client-ip=127.0.0.1, host=localhost:9012, content-type=application/json, accept-encoding=identity}, params, {NanoHttpd.QUERY_STRING=null}, files: {postData={"jsonrpc": "2.0", "method": "waitForExists", "id": "629c418c07f17ba349d6615f1076323d", "params": [{"mask": 1, "childOrSibling": [], "childOrSiblingSelector": [], "text": "WiFi"}, 5]}}
11-19 17:10:26.598 D/UIAutomatorStub( 5940): URI: /jsonrpc/0, Method: POST, Header: {content-length=172, remote-addr=127.0.0.1, http-client-ip=127.0.0.1, host=localhost:9012, content-type=application/json, accept-encoding=identity}, params, {NanoHttpd.QUERY_STRING=null}, files: {postData={"jsonrpc": "2.0", "method": "click", "id": "6214c643d676d06010e8266b231730ba", "params": [{"mask": 1, "childOrSibling": [], "childOrSiblingSelector": [], "text": "WiFi"}]}}
11-19 17:10:26.676 W/StatusBarClientConnection( 2711): Messenger is null, ignoring message: { when=-1h21m54s402ms barrier=1 }
11-19 17:10:26.683 W/HWComposer(  598): Ignoring duplicate VSYNC event from HWC for display 0 (t=4914408411821)
11-19 17:10:26.702 D/CompatibilityInfo( 1186): mCompatibilityFlags - 4
11-19 17:10:26.702 D/CompatibilityInfo( 1186): applicationDensity - 320
11-19 17:10:26.702 D/CompatibilityInfo( 1186): applicationScale - 1.0
11-19 17:10:26.711 E/StatusBarClientConnection( 2711): Service connected
11-19 17:10:26.720 D/WifiConnector( 2870): Network State Changed
11-19 17:10:26.728 W/View    ( 2711): requestLayout() improperly called by android.view.View{d4a8713 V.ED..... ......I. 0,368-474,474} during layout: running second layout pass
11-19 17:10:26.739 D/WifiSharingService( 2870): Starting Wi-Fi scan
11-19 17:10:26.740 I/WifiService( 1186): startScan uid=1000
11-19 17:10:26.743 W/View    ( 2711): requestLayout() improperly called by com.facebook.wearable.common.wds.listview.WdsListView{ff32497 V.E..V... ........ 0,0-474,474} during second layout pass: posting in next frame
11-19 17:10:26.753 D/WifiNative( 1186): Scan trigered from WifiNative
11-19 17:10:26.754 I/chatty  ( 1026): uid=1021(gps) lowi-server expire 39 lines
11-19 17:10:26.757 V/WifiHAL (  544): event received NL80211_CMD_TRIGGER_SCAN
11-19 17:10:27.276 V/WifiHAL (  544): event received NL80211_CMD_NEW_SCAN_RESULTS
11-19 17:10:27.277 D/WifiNl80211Manager( 1186): Scan result ready event
11-19 17:10:27.277 D/WifiNative( 1186): Scan result ready event
11-19 17:10:27.281 I/LOWI-9.0.0.80( 1026): [LOWI-Scan] RSN_IE
11-19 17:10:27.281 D/LOWI-9.0.0.80( 1026): [LOWI-Scan] decode_rsn_wpa_ie: Entered
11-19 17:10:27.281 D/LOWI-9.0.0.80( 1026): [LOWIUtils] hexDump: msg(30 14 01 00 00 0f ac 04 01 00 00 0f ac 04 01 00 00 0f ac 02 )
11-19 17:10:27.281 D/LOWI-9.0.0.80( 1026): [LOWI-Scan] decode_rsn_wpa_ie: LOWI_ENCRYPTION_TYPE_WPA_PSK
11-19 17:10:27.281 D/LOWI-9.0.0.80( 1026): [LOWI-Scan] is_qcom_ie, bss_age: 3
11-19 17:10:27.281 D/LOWI-9.0.0.80( 1026): [LOWI-Scan] BSS 5e:6e:be:46:77:d7 LOWI_PHY_MODE_11AC_VHT20_2G(11), Beacon Interval: 100, LOWI_ENCRYPTION_TYPE_WPA_PSK 11mcRanging: No, ANQP: Yes, LCI: No, Civic: No, capability(0x1431): ESS Privacy ShortPreamble ShortSlotTime
11-19 17:10:27.281 D/LOWI-9.0.0.80( 1026): [LOWI-Scan] BSS 5e:6e:be:46:77:d7 FREQ: 2462, cFreq1[40:80:160] = [0:0:0] cFreq2 = 0 Country Code =    
11-19 17:10:27.281 D/LOWI-9.0.0.80( 1026): [LOWI-Scan] BSS 5e:6e:be:46:77:d7 (wlan0) ASSO: NO AddInfo: 0x0, TSF 0, 01:21:55.001, RSSI: -90, CPL: 127, AGE: 0,  SSID Pixel_R3, TSFDelta: 0x0, TXRate: 0
11-19 17:10:27.282 D/LOWI-9.0.0.80( 1026): [LOWI-Scan] 
11-19 17:10:27.282 D/LOWI-9.0.0.80( 1026): [LOWI-Scan] print_bss_handler: Report Probe TSF 4915001126 as it greater than Beacon TSF 4582733952
11-19 17:10:27.282 I/LOWI-9.0.0.80( 1026): [LOWI-Scan] RSN_IE
11-19 17:10:27.282 D/LOWI-9.0.0.80( 1026): [LOWI-Scan] decode_rsn_wpa_ie: Entered
11-19 17:10:27.282 D/LOWI-9.0.0.80( 1026): [LOWIUtils] hexDump: msg(30 14 01 00 00 0f ac 04 01 00 00 0f ac 04 01 00 00 0f ac 02 )
11-19 17:10:27.282 D/LOWI-9.0.0.80( 1026): [LOWI-Scan] decode_rsn_wpa_ie: LOWI_ENCRYPTION_TYPE_WPA_PSK
11-19 17:10:27.282 D/LOWI-9.0.0.80( 1026): [LOWI-Scan] is_qcom_ie, bss_age: 3
11-19 17:10:27.282 D/LOWI-9.0.0.80( 1026): [LOWI-Scan] BSS 2c:57:41:86:6c:01 LOWI_PHY_MODE_11NG_HT20(5), Beacon Interval: 100, LOWI_ENCRYPTION_TYPE_WPA_PSK 11mcRanging: No, ANQP: No, LCI: No, Civic: No, capability(0x1411): ESS Privacy ShortSlotTime
11-19 17:10:27.282 D/LOWI-9.0.0.80( 1026): [LOWI-Scan] BSS 2c:57:41:86:6c:01 FREQ: 2462, cFreq1[40:80:160] = [0:0:0] cFreq2 = 0 Country Code = US
11-19 17:10:27.282 D/LOWI-9.0.0.80( 1026): [LOWI-Scan] BSS 2c:57:41:86:6c:01 (wlan0) ASSO: NO AddInfo: 0x0, TSF 0, 01:21:55.001, RSSI: -114, CPL: 2, AGE: 0,  SSID kittyhawk, TSFDelta: 0x0, TXRate: 0
11-19 17:10:27.283 D/LOWI-9.0.0.80( 1026): [LOWI-Scan] 
11-19 17:10:27.283 D/LOWI-9.0.0.80( 1026): [LOWI-Scan] print_bss_handler: Report Probe TSF 4915001112 as it greater than Beacon TSF 4835212309
11-19 17:10:27.283 I/LOWI-9.0.0.80( 1026): [LOWI-Scan] RSN_IE
11-19 17:10:27.283 D/LOWI-9.0.0.80( 1026): [LOWI-Scan] decode_rsn_wpa_ie: Entered
11-19 17:10:27.283 D/LOWI-9.0.0.80( 1026): [LOWIUtils] hexDump: msg(30 14 01 00 00 0f ac 04 01 00 00 0f ac 04 01 00 00 0f ac 02 )
11-19 17:10:27.283 D/LOWI-9.0.0.80( 1026): [LOWI-Scan] decode_rsn_wpa_ie: LOWI_ENCRYPTION_TYPE_WPA_PSK
11-19 17:10:27.283 D/LOWI-9.0.0.80( 1026): [LOWI-Scan] is_qcom_ie, bss_age: 9
11-19 17:10:27.283 D/LOWI-9.0.0.80( 1026): [LOWI-Scan] BSS c6:82:9b:4e:b3:9e LOWI_PHY_MODE_11AC_VHT20_2G(11), Beacon Interval: 100, LOWI_ENCRYPTION_TYPE_WPA_PSK 11mcRanging: No, ANQP: Yes, LCI: No, Civic: No, capability(0x1431): ESS Privacy ShortPreamble ShortSlotTime
11-19 17:10:27.283 D/LOWI-9.0.0.80( 1026): [LOWI-Scan] BSS c6:82:9b:4e:b3:9e FREQ: 2457, cFreq1[40:80:160] = [0:0:0] cFreq2 = 0 Country Code =    
11-19 17:10:27.283 D/LOWI-9.0.0.80( 1026): [LOWI-Scan] BSS c6:82:9b:4e:b3:9e (wlan0) ASSO: NO AddInfo: 0x0, TSF 0, 01:21:55.001, RSSI: -102, CPL: 127, AGE: 0,  SSID Pixel_R6, TSFDelta: 0x0, TXRate: 0
11-19 17:10:27.283 D/LOWI-9.0.0.80( 1026): [LOWI-Scan] 
11-19 17:10:27.283 D/LOWI-9.0.0.80( 1026): [LOWI-Scan] print_bss_handler: Report Probe TSF 4915001182 as it greater than Beacon TSF 4784274373
11-19 17:10:27.283 I/LOWI-9.0.0.80( 1026): [LOWI-Scan] RSN_IE
11-19 17:10:27.283 D/LOWI-9.0.0.80( 1026): [LOWI-Scan] decode_rsn_wpa_ie: Entered
11-19 17:10:27.283 D/LOWI-9.0.0.80( 1026): [LOWIUtils] hexDump: msg(30 14 01 00 00 0f ac 04 01 00 00 0f ac 04 01 00 00 0f ac 02 )
11-19 17:10:27.284 D/LOWI-9.0.0.80( 1026): [LOWI-Scan] decode_rsn_wpa_ie: LOWI_ENCRYPTION_TYPE_WPA_PSK
11-19 17:10:27.284 D/LOWI-9.0.0.80( 1026): [LOWI-Scan] is_qcom_ie, bss_age: 45
11-19 17:10:27.284 D/LOWI-9.0.0.80( 1026): [LOWI-Scan] BSS 2c:57:41:88:72:e1 LOWI_PHY_MODE_11NG_HT20(5), Beacon Interval: 100, LOWI_ENCRYPTION_TYPE_WPA_PSK 11mcRanging: No, ANQP: No, LCI: No, Civic: No, capability(0x1411): ESS Privacy ShortSlotTime
11-19 17:10:27.284 D/LOWI-9.0.0.80( 1026): [LOWI-Scan] BSS 2c:57:41:88:72:e1 FREQ: 2412, cFreq1[40:80:160] = [0:0:0] cFreq2 = 0 Country Code = US
11-19 17:10:27.284 D/LOWI-9.0.0.80( 1026): [LOWI-Scan] BSS 2c:57:41:88:72:e1 (wlan0) ASSO: NO AddInfo: 0x0, TSF 0, 01:21:55.001, RSSI: -142, CPL: 3, AGE: 0,  SSID kittyhawk, TSFDelta: 0x0, TXRate: 0
11-19 17:10:27.284 D/LOWI-9.0.0.80( 1026): [LOWI-Scan] 
11-19 17:10:27.284 D/LOWI-9.0.0.80( 1026): [LOWI-Scan] print_bss_handler: Report Probe TSF 4915001197 as it greater than Beacon TSF 4744849840
11-19 17:10:27.284 I/LOWI-9.0.0.80( 1026): [LOWI-Scan] RSN_IE
11-19 17:10:27.284 D/LOWI-9.0.0.80( 1026): [LOWI-Scan] decode_rsn_wpa_ie: Entered
11-19 17:10:27.284 D/LOWI-9.0.0.80( 1026): [LOWIUtils] hexDump: msg(30 14 01 00 00 0f ac 04 01 00 00 0f ac 04 01 00 00 0f ac 02 )
11-19 17:10:27.284 D/LOWI-9.0.0.80( 1026): [LOWI-Scan] decode_rsn_wpa_ie: LOWI_ENCRYPTION_TYPE_WPA_PSK
11-19 17:10:27.285 D/LOWI-9.0.0.80( 1026): [LOWI-Scan] is_qcom_ie, bss_age: 5
11-19 17:10:27.285 D/LOWI-9.0.0.80( 1026): [LOWI-Scan] BSS 2c:57:41:86:94:a1 LOWI_PHY_MODE_11NG_HT20(5), Beacon Interval: 100, LOWI_ENCRYPTION_TYPE_WPA_PSK 11mcRanging: No, ANQP: No, LCI: No, Civic: No, capability(0x1411): ESS Privacy ShortSlotTime
11-19 17:10:27.285 D/LOWI-9.0.0.80( 1026): [LOWI-Scan] BSS 2c:57:41:86:94:a1 FREQ: 2462, cFreq1[40:80:160] = [0:0:0] cFreq2 = 0 Country Code = US
11-19 17:10:27.285 D/LOWI-9.0.0.80( 1026): [LOWI-Scan] BSS 2c:57:41:86:94:a1 (wlan0) ASSO: NO AddInfo: 0x0, TSF 0, 01:21:55.001, RSSI: -150, CPL: 2, AGE: 0,  SSID kittyhawk, TSFDelta: 0x0, TXRate: 0
11-19 17:10:27.285 D/LOWI-9.0.0.80( 1026): [LOWI-Scan] 
11-19 17:10:27.285 D/LOWI-9.0.0.80( 1026): [LOWI-Scan] print_bss_handler: Report Probe TSF 4915001214 as it greater than Beacon TSF 4582734067
11-19 17:10:27.285 I/LOWI-9.0.0.80( 1026): [LOWI-Scan] RSN_IE
11-19 17:10:27.285 D/LOWI-9.0.0.80( 1026): [LOWI-Scan] decode_rsn_wpa_ie: Entered
11-19 17:10:27.285 D/LOWI-9.0.0.80( 1026): [LOWIUtils] hexDump: msg(30 14 01 00 00 0f ac 04 01 00 00 0f ac 04 01 00 00 0f ac 02 )
11-19 17:10:27.285 D/LOWI-9.0.0.80( 1026): [LOWI-Scan] decode_rsn_wpa_ie: LOWI_ENCRYPTION_TYPE_WPA_PSK
11-19 17:10:27.285 D/LOWI-9.0.0.80( 1026): [LOWI-Scan] is_qcom_ie, bss_age: 4
11-19 17:10:27.285 D/LOWI-9.0.0.80( 1026): [LOWI-Scan] BSS 2c:57:41:86:90:a1 LOWI_PHY_MODE_11NG_HT20(5), Beacon Interval: 100, LOWI_ENCRYPTION_TYPE_WPA_PSK 11mcRanging: No, ANQP: No, LCI: No, Civic: No, capability(0x1411): ESS Privacy ShortSlotTime
11-19 17:10:27.285 D/LOWI-9.0.0.80( 1026): [LOWI-Scan] BSS 2c:57:41:86:90:a1 FREQ: 2462, cFreq1[40:80:160] = [0:0:0] cFreq2 = 0 Country Code = US
11-19 17:10:27.286 D/LOWI-9.0.0.80( 1026): [LOWI-Scan] BSS 2c:57:41:86:90:a1 (wlan0) ASSO: NO AddInfo: 0x0, TSF 0, 01:21:55.001, RSSI: -144, CPL: 2, AGE: 0,  SSID kittyhawk, TSFDelta: 0x0, TXRate: 0
11-19 17:10:27.286 D/LOWI-9.0.0.80( 1026): [LOWI-Scan] 
11-19 17:10:27.286 D/LOWI-9.0.0.80( 1026): [LOWI-Scan] print_bss_handler: Report Probe TSF 4915001246 as it greater than Beacon TSF 4760991565
11-19 17:10:27.286 I/LOWI-9.0.0.80( 1026): [LOWI-Scan] RSN_IE
11-19 17:10:27.286 D/LOWI-9.0.0.80( 1026): [LOWI-Scan] decode_rsn_wpa_ie: Entered
11-19 17:10:27.286 D/LOWI-9.0.0.80( 1026): [LOWIUtils] hexDump: msg(30 14 01 00 00 0f ac 04 01 00 00 0f ac 04 01 00 00 0f ac 02 )
11-19 17:10:27.286 D/LOWI-9.0.0.80( 1026): [LOWI-Scan] decode_rsn_wpa_ie: LOWI_ENCRYPTION_TYPE_WPA_PSK
11-19 17:10:27.286 D/LOWI-9.0.0.80( 1026): [LOWI-Scan] is_qcom_ie, bss_age: 44
11-19 17:10:27.286 D/LOWI-9.0.0.80( 1026): [LOWI-Scan] BSS 2c:57:41:86:7a:61 LOWI_PHY_MODE_11NG_HT20(5), Beacon Interval: 100, LOWI_ENCRYPTION_TYPE_WPA_PSK 11mcRanging: No, ANQP: No, LCI: No, Civic: No, capability(0x1411): ESS Privacy ShortSlotTime
11-19 17:10:27.286 D/LOWI-9.0.0.80( 1026): [LOWI-Scan] BSS 2c:57:41:86:7a:61 FREQ: 2412, cFreq1[40:80:160] = [0:0:0] cFreq2 = 0 Country Code = US
11-19 17:10:27.286 D/LOWI-9.0.0.80( 1026): [LOWI-Scan] BSS 2c:57:41:86:7a:61 (wlan0) ASSO: NO AddInfo: 0x0, TSF 0, 01:21:55.001, RSSI: -150, CPL: 3, AGE: 0,  SSID kittyhawk, TSFDelta: 0x0, TXRate: 0
11-19 17:10:27.287 D/LOWI-9.0.0.80( 1026): [LOWI-Scan] 
11-19 17:10:27.287 D/LOWI-9.0.0.80( 1026): [LOWI-Scan] print_bss_handler: Report Probe TSF 4915001098 as it greater than Beacon TSF 4864002280
11-19 17:10:27.287 I/LOWI-9.0.0.80( 1026): [LOWI-Scan] RSN_IE
11-19 17:10:27.287 D/LOWI-9.0.0.80( 1026): [LOWI-Scan] decode_rsn_wpa_ie: Entered
11-19 17:10:27.287 D/LOWI-9.0.0.80( 1026): [LOWIUtils] hexDump: msg(30 14 01 00 00 0f ac 04 01 00 00 0f ac 04 01 00 00 0f ac 02 )
11-19 17:10:27.287 D/LOWI-9.0.0.80( 1026): [LOWI-Scan] decode_rsn_wpa_ie: LOWI_ENCRYPTION_TYPE_WPA_PSK
11-19 17:10:27.287 D/LOWI-9.0.0.80( 1026): [LOWI-Scan] is_qcom_ie, bss_age: 15
11-19 17:10:27.287 D/LOWI-9.0.0.80( 1026): [LOWI-Scan] BSS fe:2d:5a:49:61:eb LOWI_PHY_MODE_11AC_VHT20_2G(11), Beacon Interval: 100, LOWI_ENCRYPTION_TYPE_WPA_PSK 11mcRanging: No, ANQP: Yes, LCI: No, Civic: No, capability(0x1431): ESS Privacy ShortPreamble ShortSlotTime
11-19 17:10:27.287 D/LOWI-9.0.0.80( 1026): [LOWI-Scan] BSS fe:2d:5a:49:61:eb FREQ: 2452, cFreq1[40:80:160] = [0:0:0] cFreq2 = 0 Country Code =    
11-19 17:10:27.287 D/LOWI-9.0.0.80( 1026): [LOWI-Scan] BSS fe:2d:5a:49:61:eb (wlan0) ASSO: NO AddInfo: 0x0, TSF 0, 01:21:55.001, RSSI: -96, CPL: 127, AGE: 0,  SSID Pixel_R2, TSFDelta: 0x0, TXRate: 0
11-19 17:10:27.288 D/LOWI-9.0.0.80( 1026): [LOWI-Scan] 
11-19 17:10:27.288 D/LOWI-9.0.0.80( 1026): [LOWI-Scan] print_bss_handler: Report Probe TSF 4915001231 as it greater than Beacon TSF 4644255373
11-19 17:10:27.288 I/LOWI-9.0.0.80( 1026): [LOWI-Scan] RSN_IE
11-19 17:10:27.288 D/LOWI-9.0.0.80( 1026): [LOWI-Scan] decode_rsn_wpa_ie: Entered
11-19 17:10:27.289 D/LOWI-9.0.0.80( 1026): [LOWIUtils] hexDump: msg(30 14 01 00 00 0f ac 04 01 00 00 0f ac 04 01 00 00 0f ac 02 )
11-19 17:10:27.289 D/LOWI-9.0.0.80( 1026): [LOWI-Scan] decode_rsn_wpa_ie: LOWI_ENCRYPTION_TYPE_WPA_PSK
11-19 17:10:27.289 D/LOWI-9.0.0.80( 1026): [LOWI-Scan] is_qcom_ie, bss_age: 45
11-19 17:10:27.289 D/LOWI-9.0.0.80( 1026): [LOWI-Scan] BSS 2c:57:41:86:8a:a1 LOWI_PHY_MODE_11NG_HT20(5), Beacon Interval: 100, LOWI_ENCRYPTION_TYPE_WPA_PSK 11mcRanging: No, ANQP: No, LCI: No, Civic: No, capability(0x1411): ESS Privacy ShortSlotTime
11-19 17:10:27.289 D/WificondScannerImpl( 1186): Filtering out 1 scan results.
11-19 17:10:27.289 D/LOWI-9.0.0.80( 1026): [LOWI-Scan] BSS 2c:57:41:86:8a:a1 FREQ: 2412, cFreq1[40:80:160] = [0:0:0] cFreq2 = 0 Country Code = US
11-19 17:10:27.289 D/LOWI-9.0.0.80( 1026): [LOWI-Scan] BSS 2c:57:41:86:8a:a1 (wlan0) ASSO: NO AddInfo: 0x0, TSF 0, 01:21:55.001, RSSI: -142, CPL: 3, AGE: 0,  SSID kittyhawk, TSFDelta: 0x0, TXRate: 0
11-19 17:10:27.289 D/LOWI-9.0.0.80( 1026): [LOWI-Scan] 
11-19 17:10:27.289 D/LOWI-9.0.0.80( 1026): [LOWI-Scan] print_bss_handler: Report Probe TSF 4915001167 as it greater than Beacon TSF 4623323986
11-19 17:10:27.289 I/LOWI-9.0.0.80( 1026): [LOWI-Scan] RSN_IE
11-19 17:10:27.289 D/LOWI-9.0.0.80( 1026): [LOWI-Scan] decode_rsn_wpa_ie: Entered
11-19 17:10:27.289 D/LOWI-9.0.0.80( 1026): [LOWIUtils] hexDump: msg(30 14 01 00 00 0f ac 04 01 00 00 0f ac 04 01 00 00 0f ac 02 )
11-19 17:10:27.289 D/LOWI-9.0.0.80( 1026): [LOWI-Scan] decode_rsn_wpa_ie: LOWI_ENCRYPTION_TYPE_WPA_PSK
11-19 17:10:27.290 D/LOWI-9.0.0.80( 1026): [LOWI-Scan] is_qcom_ie, bss_age: 45
11-19 17:10:27.290 D/LOWI-9.0.0.80( 1026): [LOWI-Scan] BSS 18:64:72:60:2b:40 LOWI_PHY_MODE_11NG_HT20(5), Beacon Interval: 100, LOWI_ENCRYPTION_TYPE_WPA_PSK 11mcRanging: No, ANQP: No, LCI: No, Civic: No, capability(0x0431): ESS Privacy ShortPreamble ShortSlotTime
11-19 17:10:27.290 D/LOWI-9.0.0.80( 1026): [LOWI-Scan] BSS 18:64:72:60:2b:40 FREQ: 2412, cFreq1[40:80:160] = [0:0:0] cFreq2 = 0 Country Code =    
11-19 17:10:27.290 D/LOWI-9.0.0.80( 1026): [LOWI-Scan] BSS 18:64:72:60:2b:40 (wlan0) ASSO: NO AddInfo: 0x0, TSF 0, 01:21:55.001, RSSI: -140, CPL: 127, AGE: 0,  SSID lab-t24103779, TSFDelta: 0x0, TXRate: 0
11-19 17:10:27.290 D/LOWI-9.0.0.80( 1026): [LOWI-Scan] 
11-19 17:10:27.290 D/LOWI-9.0.0.80( 1026): [LOWI-Scan] print_bss_handler: Report Probe TSF 4915001260 as it greater than Beacon TSF 4864002445
11-19 17:10:27.290 I/LOWI-9.0.0.80( 1026): [LOWI-Scan] RSN_IE
11-19 17:10:27.290 D/LOWI-9.0.0.80( 1026): [LOWI-Scan] decode_rsn_wpa_ie: Entered
11-19 17:10:27.290 D/LOWI-9.0.0.80( 1026): [LOWIUtils] hexDump: msg(30 14 01 00 00 0f ac 04 01 00 00 0f ac 04 01 00 00 0f ac 02 )
11-19 17:10:27.290 D/LOWI-9.0.0.80( 1026): [LOWI-Scan] decode_rsn_wpa_ie: LOWI_ENCRYPTION_TYPE_WPA_PSK
11-19 17:10:27.290 D/LOWI-9.0.0.80( 1026): [LOWI-Scan] is_qcom_ie, bss_age: 4
11-19 17:10:27.290 D/LOWI-9.0.0.80( 1026): [LOWI-Scan] BSS 2c:57:41:86:85:21 LOWI_PHY_MODE_11NG_HT20(5), Beacon Interval: 100, LOWI_ENCRYPTION_TYPE_WPA_PSK 11mcRanging: No, ANQP: No, LCI: No, Civic: No, capability(0x1411): ESS Privacy ShortSlotTime
11-19 17:10:27.290 D/LOWI-9.0.0.80( 1026): [LOWI-Scan] BSS 2c:57:41:86:85:21 FREQ: 2462, cFreq1[40:80:160] = [0:0:0] cFreq2 = 0 Country Code = US
11-19 17:10:27.291 D/LOWI-9.0.0.80( 1026): [LOWI-Scan] BSS 2c:57:41:86:85:21 (wlan0) ASSO: NO AddInfo: 0x0, TSF 0, 01:21:55.001, RSSI: -152, CPL: 2, AGE: 0,  SSID kittyhawk, TSFDelta: 0x0, TXRate: 0
11-19 17:10:27.291 D/LOWI-9.0.0.80( 1026): [LOWI-Scan] 
11-19 17:10:27.291 D/LOWI-9.0.0.80( 1026): [LOWI-Scan] print_bss_handler: Report beacon TSF 4915001140 as it greater than probe TSF 4886392611
11-19 17:10:27.291 I/LOWI-9.0.0.80( 1026): [LOWI-Scan] RSN_IE
11-19 17:10:27.291 D/LOWI-9.0.0.80( 1026): [LOWI-Scan] decode_rsn_wpa_ie: Entered
11-19 17:10:27.291 D/LOWI-9.0.0.80( 1026): [LOWIUtils] hexDump: msg(30 14 01 00 00 0f ac 04 01 00 00 0f ac 04 01 00 00 0f ac 02 )
11-19 17:10:27.297 D/LOWI-9.0.0.80( 1026): [LOWI-Scan] decode_rsn_wpa_ie: LOWI_ENCRYPTION_TYPE_WPA_PSK
11-19 17:10:27.297 D/LOWI-9.0.0.80( 1026): [LOWI-Scan] is_qcom_ie, bss_age: 57
11-19 17:10:27.298 D/LOWI-9.0.0.80( 1026): [LOWI-Scan] BSS be:9e:0e:1c:6e:7f LOWI_PHY_MODE_11AC_VHT20_2G(11), Beacon Interval: 100, LOWI_ENCRYPTION_TYPE_WPA_PSK 11mcRanging: No, ANQP: No, LCI: No, Civic: No, capability(0x1431): ESS Privacy ShortPreamble ShortSlotTime
11-19 17:10:27.298 D/LOWI-9.0.0.80( 1026): [LOWI-Scan] BSS be:9e:0e:1c:6e:7f FREQ: 2412, cFreq1[40:80:160] = [0:0:0] cFreq2 = 0 Country Code =    
11-19 17:10:27.298 D/LOWI-9.0.0.80( 1026): [LOWI-Scan] BSS be:9e:0e:1c:6e:7f (wlan0) ASSO: NO AddInfo: 0x1, TSF 0, 01:21:55.001, RSSI: -114, CPL: 127, AGE: 0,  SSID Pixel_3541, TSFDelta: 0x0, TXRate: 0
11-19 17:10:27.298 D/LOWI-9.0.0.80( 1026): [LOWI-Scan] 
11-19 17:10:27.298 D/LOWI-9.0.0.80( 1026): [LOWI-Scan] print_bss_handler: Report Probe TSF 4915001154 as it greater than Beacon TSF 4886392629
11-19 17:10:27.298 I/LOWI-9.0.0.80( 1026): [LOWI-Scan] RSN_IE
11-19 17:10:27.298 D/LOWI-9.0.0.80( 1026): [LOWI-Scan] decode_rsn_wpa_ie: Entered
11-19 17:10:27.298 D/LOWI-9.0.0.80( 1026): [LOWIUtils] hexDump: msg(30 14 01 00 00 0f ac 04 01 00 00 0f ac 04 01 00 00 0f ac 02 )
11-19 17:10:27.298 D/LOWI-9.0.0.80( 1026): [LOWI-Scan] decode_rsn_wpa_ie: LOWI_ENCRYPTION_TYPE_WPA_PSK
11-19 17:10:27.299 D/LOWI-9.0.0.80( 1026): [LOWI-Scan] is_qcom_ie, bss_age: 40
11-19 17:10:27.299 D/LOWI-9.0.0.80( 1026): [LOWI-Scan] BSS 52:b8:14:37:74:3f LOWI_PHY_MODE_11AC_VHT20_2G(11), Beacon Interval: 100, LOWI_ENCRYPTION_TYPE_WPA_PSK 11mcRanging: No, ANQP: No, LCI: No, Civic: No, capability(0x1431): ESS Privacy ShortPreamble ShortSlotTime
11-19 17:10:27.299 D/LOWI-9.0.0.80( 1026): [LOWI-Scan] BSS 52:b8:14:37:74:3f FREQ: 2417, cFreq1[40:80:160] = [0:0:0] cFreq2 = 0 Country Code =    
11-19 17:10:27.299 D/LOWI-9.0.0.80( 1026): [LOWI-Scan] BSS 52:b8:14:37:74:3f (wlan0) ASSO: NO AddInfo: 0x0, TSF 0, 01:21:55.001, RSSI: -114, CPL: 127, AGE: 0,  SSID Pixel_8668, TSFDelta: 0x0, TXRate: 0
11-19 17:10:27.299 D/LOWI-9.0.0.80( 1026): [LOWI-Scan] 
11-19 17:10:27.299 D/LOWI-9.0.0.80( 1026): [LOWI-Scan] print_bss_handler: Report Probe TSF 4915001274 as it greater than Beacon TSF 4760991605
11-19 17:10:27.299 I/LOWI-9.0.0.80( 1026): [LOWI-Scan] RSN_IE
11-19 17:10:27.299 D/LOWI-9.0.0.80( 1026): [LOWI-Scan] decode_rsn_wpa_ie: Entered
11-19 17:10:27.299 D/LOWI-9.0.0.80( 1026): [LOWIUtils] hexDump: msg(30 14 01 00 00 0f ac 04 01 00 00 0f ac 04 01 00 00 0f ac 02 )
11-19 17:10:27.299 D/LOWI-9.0.0.80( 1026): [LOWI-Scan] decode_rsn_wpa_ie: LOWI_ENCRYPTION_TYPE_WPA_PSK
11-19 17:10:27.299 D/LOWI-9.0.0.80( 1026): [LOWI-Scan] is_qcom_ie, bss_age: 45
11-19 17:10:27.299 D/LOWI-9.0.0.80( 1026): [LOWI-Scan] BSS 2c:57:41:89:53:21 LOWI_PHY_MODE_11NG_HT20(5), Beacon Interval: 100, LOWI_ENCRYPTION_TYPE_WPA_PSK 11mcRanging: No, ANQP: No, LCI: No, Civic: No, capability(0x1411): ESS Privacy ShortSlotTime
11-19 17:10:27.299 D/LOWI-9.0.0.80( 1026): [LOWI-Scan] BSS 2c:57:41:89:53:21 FREQ: 2412, cFreq1[40:80:160] = [0:0:0] cFreq2 = 0 Country Code = US
11-19 17:10:27.299 D/LOWI-9.0.0.80( 1026): [LOWI-Scan] BSS 2c:57:41:89:53:21 (wlan0) ASSO: NO AddInfo: 0x0, TSF 0, 01:21:55.001, RSSI: -154, CPL: 3, AGE: 0,  SSID kittyhawk, TSFDelta: 0x0, TXRate: 0
11-19 17:10:27.300 D/LOWI-9.0.0.80( 1026): [LOWIDiagLog] Log: lowiMeasResult->request: invalid null argument
11-19 17:10:27.300 I/LOWI-9.0.0.80( 1026): [LOWI-Scan] lowi_close_record:Scan done in 4871070ms, 17 APs in scan results
11-19 17:10:27.300 D/LOWI-9.0.0.80( 1026): [LOWI-Scan] WipsScanUsingNL: passive scan cached 0, took 9150 ms, err 0
11-19 17:10:27.300 D/LOWI-9.0.0.80( 1026): [LOWI-Scan] lowi_proc_req_passive_scan_with_live_meas - No WLAN Frames to be parsed
11-19 17:10:27.300 D/PasspointManager( 1186): ANQP entry not found for: 12:d7:96:61:85:9f:<Pixel_R5>
11-19 17:10:27.300 D/LOWI-9.0.0.80( 1026): [LOWIScanResultReceiver] Send scan meas to listener
11-19 17:10:27.300 D/LOWI-9.0.0.80( 1026): [LOWIScanResultReceiver] Enter passive listening mode
11-19 17:10:27.300 D/LOWI-9.0.0.80( 1026): [LOWIWifiDriverInterface] getMeasurements - Passive listening mode
11-19 17:10:27.300 D/LOWI-9.0.0.80( 1026): [LOWI-Scan] WipsScanUsingNL:wait -1 sec for netlink message
11-19 17:10:27.300 D/LOWI-9.0.0.80( 1026): [LOWIEventReceiver] handleEvent:FROM:NA, TO:NA, REQ:NA, IREQ:NA, REQ_ID:0, RESP:NA, INFO:NA
11-19 17:10:27.300 D/LOWI-9.0.0.80( 1026): [LOWIBackgroundScanMgr] isRspForBgScanMgr: evt(LOWI_NO_EVT) - not handled
11-19 17:10:27.300 D/LOWI-9.0.0.80( 1026): [LOWIScheduler] manageMsg: NULL results or NULL request in results
11-19 17:10:27.300 D/PasspointManager( 1186): ANQP entry not found for: 5e:6e:be:46:77:d7:<Pixel_R3>
11-19 17:10:27.300 D/LOWI-9.0.0.80( 1026): [LOWIController] Measurements received
11-19 17:10:27.300 D/LOWI-9.0.0.80( 1026): [LOWICacheManager] putInCache:Num of Meas to add: 17
11-19 17:10:27.300 D/PasspointManager( 1186): ANQP entry not found for: c6:82:9b:4e:b3:9e:<Pixel_R6>
11-19 17:10:27.301 D/LOWI-9.0.0.80( 1026): [LOWIController] processMeasurementResults: No current Request. Cache measurements
11-19 17:10:27.301 D/PasspointManager( 1186): ANQP entry not found for: fe:2d:5a:49:61:eb:<Pixel_R2>
11-19 17:10:27.301 D/LOWI-9.0.0.80( 1026): [LOWIControllerExtn] sendLOWILpDiscoveryScanResponse: Not a discovery scan response
11-19 17:10:27.317 I/chatty  ( 2334): uid=10062(com.facebook.wearable.system.selfcare) DefaultDispatch expire 1 line
11-19 17:10:27.317 I/chatty  ( 2334): uid=10062(com.facebook.wearable.system.selfcare) MainTP_50 expire 1 line
11-19 17:10:27.352 I/chatty  ( 2334): uid=10062(com.facebook.wearable.system.selfcare) DefaultDispatch expire 2 lines
11-19 17:10:27.352 I/chatty  ( 2334): uid=10062(com.facebook.wearable.system.selfcare) pool-3-thread-1 expire 1 line
11-19 17:10:27.361 D/WifiSharingService( 2870): Sending scanResults intent with status code 0: PendingIntent{c285197: android.os.BinderProxy@abb74bf}
11-19 17:10:27.365 D/CompatibilityInfo( 1186): mCompatibilityFlags - 4
11-19 17:10:27.365 D/CompatibilityInfo( 1186): applicationDensity - 320
11-19 17:10:27.365 D/CompatibilityInfo( 1186): applicationScale - 1.0
11-19 17:10:27.471 I/chatty  ( 2334): uid=10062(com.facebook.wearable.system.selfcare) MainTP_49 expire 1 line
11-19 17:10:27.509 I/chatty  ( 2334): uid=10062(com.facebook.wearable.system.selfcare) DefaultDispatch expire 1 line
11-19 17:10:27.509 I/chatty  ( 2334): uid=10062(com.facebook.wearable.system.selfcare) pool-3-thread-2 expire 1 line
11-19 17:10:27.629 I/chatty  ( 2334): uid=10062(com.facebook.wearable.system.selfcare) DefaultDispatch expire 2 lines
11-19 17:10:27.631 I/chatty  ( 2334): uid=10062(com.facebook.wearable.system.selfcare) MainTP_53 expire 1 line
11-19 17:10:27.657 I/chatty  ( 2334): uid=10062(com.facebook.wearable.system.selfcare) pool-3-thread-2 expire 1 line
11-19 17:10:27.775 I/chatty  ( 2334): uid=10062(com.facebook.wearable.system.selfcare) DefaultDispatch expire 1 line
11-19 17:10:27.776 I/chatty  ( 2334): uid=10062(com.facebook.wearable.system.selfcare) MainTP_50 expire 1 line
11-19 17:10:27.822 E/SelfCareDataCloudSyncWorker( 2334): Failed to get access token
11-19 17:10:27.822 E/SelfCareDataCloudSyncWorker( 2334): kotlinx.coroutines.JobCancellationException: Job was cancelled; job=JobImpl{Cancelling}@8e4bd30
11-19 17:10:27.822 I/WM-WorkerWrapper( 2334): Work [ id=57f248e9-27c9-4baa-bcea-f98e3ece0d1a, tags={ com.facebook.wearable.system.selfcare.cloudsync.SelfCareDataCloudSyncWorker } ] was cancelled
11-19 17:10:27.822 I/WM-WorkerWrapper( 2334): java.util.concurrent.CancellationException: Task was cancelled.
11-19 17:10:27.822 I/WM-WorkerWrapper( 2334): 	at androidx.work.impl.utils.futures.AbstractFuture.getDoneValue(:32)
11-19 17:10:27.822 I/WM-WorkerWrapper( 2334): 	at androidx.work.impl.utils.futures.AbstractFuture.get(:268435546)
11-19 17:10:27.822 I/WM-WorkerWrapper( 2334): 	at androidx.work.impl.WorkerWrapper$2.run(:3)
11-19 17:10:27.822 I/WM-WorkerWrapper( 2334): 	at androidx.work.impl.utils.SerialExecutor$Task.run(:2)
11-19 17:10:27.822 I/WM-WorkerWrapper( 2334): 	at java.util.concurrent.ThreadPoolExecutor.runWorker(ThreadPoolExecutor.java:1167)
11-19 17:10:27.822 I/WM-WorkerWrapper( 2334): 	at java.util.concurrent.ThreadPoolExecutor$Worker.run(ThreadPoolExecutor.java:641)
