11-20 07:23:30.573 D/ConnectivityService( 1186): Sending CONNECTED broadcast for type 1 [151 WIFI] isDefaultNetwork=true
11-20 07:23:30.623 D/ConnectivityService( 1186): Setting DNS servers for network 151 to [/192.168.1.1]
11-20 07:23:30.623 D/DnsManager( 1186): sendDnsConfigurationForNetwork(151, [192.168.1.1], [], 1800, 25, 8, 64, 0, 0, , [192.168.1.1])
11-20 07:23:31.160 I/Nat464Xlat( 1186): Android Xlat is disabled
11-20 07:23:31.160 I/Nat464Xlat( 1186): Android Xlat is disabled
11-20 07:23:33.769 D/commandrouter( 1006): rtc_sync (1, rtc:sync): <ServiceRequest> FORWARDED (remote -> local) service client ID = 0, token ID = 38373
11-20 07:23:33.770 D/commandrouter( 1006): SocServiceHandle::onServiceMessage, SoC Service = rtc_sync, appType = 1, type = SVC_RESP, clientId = 0, token = 38373, payloadLen = 8, result = 0, payload.size() = 8
11-20 07:23:43.774 D/commandrouter( 1006): rtc_sync (1, rtc:sync): <ServiceRequest> FORWARDED (remote -> local) service client ID = 0, token ID = 38374
11-20 07:23:43.774 D/commandrouter( 1006): SocServiceHandle::onServiceMessage, SoC Service = rtc_sync, appType = 1, type = SVC_RESP, clientId = 0, token = 38374, payloadLen = 8, result = 0, payload.size() = 8
11-20 07:23:45.343 D/commandrouter( 1006): SocServiceHandle::onServiceMessage, SoC Service = mcu_healthcheck_1029, appType = 1, type = SVC_REQ, clientId = 0, token = 1868, payloadLen = 12, result = 0, payload.size() = 12
11-20 07:23:45.348 D/commandrouter( 1006): mcu_healthcheck_1029 (1, merlot:mcu_health:control): <ServiceResponse> FORWARDED (remote -> local) CR token ID = 1868, service client ID = 40, token ID = 32274, result = 0
11-20 07:23:45.349 D/mculinkhealth( 1029): isMcuReachable 1 (6 ms)
11-20 07:23:49.376 D/AutofillManagerService( 1186): onBackKeyPressed()
11-20 07:23:50.440 I/chatty  ( 1186): uid=1000(system) android.ui identical 2 lines
11-20 07:23:51.623 D/AutofillManagerService( 1186): onBackKeyPressed()
11-20 07:23:52.152 W/ActivityManager( 1186): Invalid packageName: com.facebook.wearable.system.settings/com.facebook.wearable.system.settings.SettingsActivity
11-20 07:23:52.295 I/ActivityTaskManager( 1186): START u0 {flg=0x10000000 cmp=com.facebook.wearable.system.settings/.SettingsActivity} from uid 0
11-20 07:23:52.315 I/ActivityTaskManager( 1186): The Process com.facebook.wearable.system.settings Already Exists in BG. So sending its PID: 13351
11-20 07:23:52.315 W/ActivityTaskManager( 1186): Tried to set launchTime (0) < mLastActivityLaunchTime (56089047)
11-20 07:23:53.782 D/commandrouter( 1006): rtc_sync (1, rtc:sync): <ServiceRequest> FORWARDED (remote -> local) service client ID = 0, token ID = 38375
11-20 07:23:53.783 D/commandrouter( 1006): SocServiceHandle::onServiceMessage, SoC Service = rtc_sync, appType = 1, type = SVC_RESP, clientId = 0, token = 38375, payloadLen = 8, result = 0, payload.size() = 8
11-20 07:23:54.985 E/TaskPersister( 1186): File error accessing recents directory (directory doesn't exist?).
11-20 07:23:59.890 W/ContextImpl( 1186): Calling a method in the system process without a qualified user: android.app.ContextImpl.sendBroadcastMultiplePermissions:1143 android.content.Context.sendBroadcastWithMultiplePermissions:2150 com.android.server.display.WifiDisplayAdapter.handleSendStatusChangeBroadcast:440 com.android.server.display.WifiDisplayAdapter.access$1700:63 com.android.server.display.WifiDisplayAdapter$WifiDisplayHandler.handleMessage:675 
11-20 07:23:59.962 D/AnalyticsLogger( 1186): sent events: 14
11-20 07:24:00.395 D/ConnectivityService( 1186): [151 WIFI] EVENT_NETWORK_INFO_CHANGED, going from CONNECTED to DISCONNECTED
11-20 07:24:00.395 D/ConnectivityService( 1186): [151 WIFI] disconnected, was satisfying 25
11-20 07:24:00.411 D/AppStorageManager( 1186): BEFORE:: Previous Size: 1030062080 Current Size: 1029885952
11-20 07:24:00.411 D/AppStorageManager( 1186): AFTER:: Previous Size: 1029885952 Current Size: 1029885952
11-20 07:24:00.506 I/Nat464Xlat( 1186): Android Xlat is disabled
11-20 07:24:00.506 I/Nat464Xlat( 1186): Android Xlat is disabled
11-20 07:24:00.523 D/ConnectivityService( 1186): Sending DISCONNECTED broadcast for type 1 [151 WIFI] isDefaultNetwork=true
11-20 07:24:00.526 D/ConnectivityService( 1186): NetReassign [44 : null → 101, 1191 : null → 101, 11 : null → 101, 63 : null → 101, 17 : null → 101, 25 : null → 101, 1 : null → 101, 1196 : null → 101, 8 : null → 101, 654 : null → 101, 12 : null → 101, 14 : null → 101, 16 : null → 101, 22 : null → 101]
11-20 07:24:00.530 E/NetlinkEvent(  462): NetlinkEvent::FindParam(): Parameter 'INTERFACE' not found
11-20 07:24:00.530 E/NetlinkEvent(  462): NetlinkEvent::FindParam(): Parameter 'STATE' not found
11-20 07:24:00.530 E/NetlinkEvent(  462): NetlinkEvent::FindParam(): Parameter 'TIME_NS' not found
11-20 07:24:00.530 E/NetlinkEvent(  462): NetlinkEvent::FindParam(): Parameter 'UID' not found
11-20 07:24:00.547 D/ConnectivityService( 1186): Switching to new default network: NetworkAgentInfo{ ni{[type: MOBILE[LTE], state: CONNECTED/CONNECTED, reason: (unspecified), extra: enhancedphone, failover: false, available: true, roaming: false]}  network{101}  nethandle{437197393933}  lp{{InterfaceName: rmnet_data2 LinkAddresses: [ 10.55.48.101/30,2600:381:4804:c4b6:8cdc:8f0b:afe1:ec6b/64 ] DnsAddresses: [ /172.26.38.2,/fc00:a:a::400 ] Domains: null MTU: 1430 TcpBufferSizes: 2097152,4194304,8388608,262144,524288,1048576 Routes: [ 0.0.0.0/0 -> 10.55.48.102 rmnet_data2 mtu 1430,::/0 -> fe80::9db2:334d:2872:1e0a rmnet_data2 mtu 1430,10.55.48.100/30 -> 0.0.0.0 rmnet_data2 mtu 0,2600:381:4804:c4b6::/64 -> :: rmnet_data2 mtu 0 ]}}  nc{[ Transports: CELLULAR Capabilities: MMS&SUPL&FOTA&INTERNET&NOT_RESTRICTED&TRUSTED&NOT_VPN&VALIDATED&NOT_ROAMING&FOREGROUND&NOT_CONGESTED&NOT_SUSPENDED LinkUpBandwidth>=15000Kbps LinkDnBandwidth>=30000Kbps Specifier: <TelephonyNetworkSpecifier [mSubId = 1]> AdministratorUids: [] RequestorUid: -1 RequestorPackageName: null]}  Score{50}  everValidated{true}  lastValidated{true}  created{true} lingering{true} explicitlySelected{false} acceptUnvalidated{false} everCaptivePortalDetected{false} lastCaptivePortalDetected{false} partialConnectivity{false} acceptPartialConnectivity{false} clat{mBaseIface: null, mIface: null, mState: IDLE} }
11-20 07:24:00.731 D/ConnectivityService( 1186): Unlingering [101 CELLULAR]
11-20 07:24:00.731 D/ConnectivityService( 1186): Sending CONNECTED broadcast for type 0 [101 CELLULAR] isDefaultNetwork=true
11-20 07:24:03.779 D/commandrouter( 1006): rtc_sync (1, rtc:sync): <ServiceRequest> FORWARDED (remote -> local) service client ID = 0, token ID = 38376
11-20 07:24:03.780 D/commandrouter( 1006): SocServiceHandle::onServiceMessage, SoC Service = rtc_sync, appType = 1, type = SVC_RESP, clientId = 0, token = 38376, payloadLen = 8, result = 0, payload.size() = 8
11-20 07:24:04.887 D/AutofillManagerService( 1186): onBackKeyPressed()
11-20 07:24:07.625 I/chatty  ( 1186): uid=1000(system) android.ui identical 3 lines
11-20 07:24:08.619 D/AutofillManagerService( 1186): onBackKeyPressed()
11-20 07:24:09.051 D/commandrouter( 1006): SocServiceHandle::onServiceMessage, SoC Service = mcu_healthcheck_934, appType = 1, type = SVC_REQ, clientId = 0, token = 934, payloadLen = 20, result = 0, payload.size() = 20
11-20 07:24:09.055 D/commandrouter( 1006): mcu_healthcheck_934 (1, merlot:mcu_health:control): <ServiceResponse> FORWARDED (remote -> local) CR token ID = 934, service client ID = 5, token ID = 32275, result = 0
11-20 07:24:09.414 E/TaskPersister( 1186): File error accessing recents directory (directory doesn't exist?).
11-20 07:24:09.635 D/AutofillManagerService( 1186): onBackKeyPressed()
11-20 07:24:10.631 I/chatty  ( 1186): uid=1000(system) android.ui identical 1 line
11-20 07:24:11.625 D/AutofillManagerService( 1186): onBackKeyPressed()
11-20 07:24:12.162 W/ActivityManager( 1186): Invalid packageName: com.facebook.wearable.system.settings/com.facebook.wearable.system.settings.SettingsActivity
11-20 07:24:12.295 I/ActivityTaskManager( 1186): START u0 {flg=0x10000000 cmp=com.facebook.wearable.system.settings/.SettingsActivity} from uid 0
11-20 07:24:12.311 I/ActivityTaskManager( 1186): The Process com.facebook.wearable.system.settings Already Exists in BG. So sending its PID: 13351
11-20 07:24:12.312 W/ActivityTaskManager( 1186): Tried to set launchTime (0) < mLastActivityLaunchTime (56120042)
11-20 07:24:13.778 D/commandrouter( 1006): rtc_sync (1, rtc:sync): <ServiceRequest> FORWARDED (remote -> local) service client ID = 0, token ID = 38377
11-20 07:24:13.779 D/commandrouter( 1006): SocServiceHandle::onServiceMessage, SoC Service = rtc_sync, appType = 1, type = SVC_RESP, clientId = 0, token = 38377, payloadLen = 8, result = 0, payload.size() = 8
11-20 07:24:15.350 D/commandrouter( 1006): SocServiceHandle::onServiceMessage, SoC Service = mcu_healthcheck_1029, appType = 1, type = SVC_REQ, clientId = 0, token = 1869, payloadLen = 12, result = 0, payload.size() = 12
11-20 07:24:15.353 D/commandrouter( 1006): mcu_healthcheck_1029 (1, merlot:mcu_health:control): <ServiceResponse> FORWARDED (remote -> local) CR token ID = 1869, service client ID = 40, token ID = 32276, result = 0
11-20 07:24:15.354 D/mculinkhealth( 1029): isMcuReachable 1 (4 ms)
11-20 07:24:15.899 E/TaskPersister( 1186): File error accessing recents directory (directory doesn't exist?).
11-20 07:24:18.999 W/ContextImpl( 1186): Calling a method in the system process without a qualified user: android.app.ContextImpl.sendBroadcastMultiplePermissions:1143 android.content.Context.sendBroadcastWithMultiplePermissions:2150 com.android.server.display.WifiDisplayAdapter.handleSendStatusChangeBroadcast:440 com.android.server.display.WifiDisplayAdapter.access$1700:63 com.android.server.display.WifiDisplayAdapter$WifiDisplayHandler.handleMessage:675 
11-20 07:24:19.978 W/ContextImpl( 1186): Calling a method in the system process without a qualified user: android.app.ContextImpl.sendBroadcastMultiplePermissions:1143 android.content.Context.sendBroadcastWithMultiplePermissions:2150 com.android.server.wifi.p2p.WifiP2pServiceImpl$P2pStateMachine.sendBroadcastMultiplePermissions:3209 com.android.server.wifi.p2p.WifiP2pServiceImpl$P2pStateMachine.sendP2pConnectionChangedBroadcast:3236 com.android.server.wifi.p2p.WifiP2pServiceImpl$P2pStateMachine.access$5100:768 
11-20 07:24:19.979 W/BroadcastQueue( 1186): Permission Denial: receiving Intent { act=android.net.wifi.p2p.CONNECTION_STATE_CHANGE flg=0x24000010 (has extras) } to ProcessRecord{688c834 1907:.qtidataservices/u0a88} (pid=1907, uid=10088) requires android.permission.ACCESS_FINE_LOCATION due to sender android (uid 1000)
11-20 07:24:20.112 W/wificond(  911): Scan is not started. Ignore abort request
11-20 07:24:20.118 W/ContextImpl( 1186): Calling a method in the system process without a qualified user: android.app.ContextImpl.sendBroadcastMultiplePermissions:1143 android.content.Context.sendBroadcastWithMultiplePermissions:2150 com.android.server.wifi.p2p.WifiP2pServiceImpl$P2pStateMachine.sendBroadcastMultiplePermissions:3209 com.android.server.wifi.p2p.WifiP2pServiceImpl$P2pStateMachine.sendThisDeviceChangedBroadcast:3218 com.android.server.wifi.p2p.WifiP2pServiceImpl$P2pStateMachine.updateThisDevice:3962 
11-20 07:24:20.481 D/ConnectivityService( 1186): registerNetworkAgent NetworkAgentInfo{ ni{[type: WIFI[], state: UNKNOWN/IDLE, reason: (unspecified), extra: , failover: false, available: true, roaming: false]}  network{152}  nethandle{656240726029}  lp{{InterfaceName: wlan0 LinkAddresses: [ ] DnsAddresses: [ ] Domains: null MTU: 0 Routes: [ ]}}  nc{[ Transports: WIFI Capabilities: NOT_METERED&INTERNET&NOT_RESTRICTED&TRUSTED&NOT_VPN&NOT_ROAMING&FOREGROUND&NOT_CONGESTED&NOT_SUSPENDED LinkUpBandwidth>=72000Kbps LinkDnBandwidth>=72000Kbps OwnerUid: 1000 SSID: "MTBF_Lab" RequestorUid: -1 RequestorPackageName: null]}  Score{20}  everValidated{false}  lastValidated{false}  created{false} lingering{false} explicitlySelected{false} acceptUnvalidated{false} everCaptivePortalDetected{false} lastCaptivePortalDetected{false} partialConnectivity{false} acceptPartialConnectivity{false} clat{mBaseIface: null, mIface: null, mState: IDLE} }
11-20 07:24:20.498 D/ConnectivityService( 1186): [152 WIFI] EVENT_NETWORK_INFO_CHANGED, going from UNKNOWN to UNKNOWN
11-20 07:24:20.651 D/ConnectivityService( 1186): NetReassign [no changes]
11-20 07:24:20.686 I/Nat464Xlat( 1186): Android Xlat is disabled
11-20 07:24:20.686 I/Nat464Xlat( 1186): Android Xlat is disabled
11-20 07:24:20.808 E/ConnectivityService( 1186): Exception in networkAddRouteParcel for non-gateway: android.os.ServiceSpecificException: Machine is not on the network (code 64)
11-20 07:24:20.809 E/ConnectivityService( 1186): Exception in networkAddRouteParcel for gateway: android.os.ServiceSpecificException: Machine is not on the network (code 64)
11-20 07:24:20.809 I/Nat464Xlat( 1186): Android Xlat is disabled
11-20 07:24:20.809 I/Nat464Xlat( 1186): Android Xlat is disabled
11-20 07:24:20.878 D/ConnectivityService( 1186): Setting DNS servers for network 152 to [/192.168.1.1]
11-20 07:24:20.879 I/Nat464Xlat( 1186): Android Xlat is disabled
11-20 07:24:20.879 I/Nat464Xlat( 1186): Android Xlat is disabled
11-20 07:24:20.964 D/ConnectivityService( 1186): [152 WIFI] EVENT_NETWORK_INFO_CHANGED, going from UNKNOWN to CONNECTED
11-20 07:24:20.966 D/DnsManager( 1186): sendDnsConfigurationForNetwork(152, [192.168.1.1], [], 1800, 25, 8, 64, 0, 0, , [])
11-20 07:24:20.968 W/DnsManager( 1186): updatePrivateDns(152, PrivateDnsConfig{true:/[]})
11-20 07:24:20.969 D/ConnectivityService( 1186): Setting DNS servers for network 152 to [/192.168.1.1]
11-20 07:24:20.969 D/DnsManager( 1186): sendDnsConfigurationForNetwork(152, [192.168.1.1], [], 1800, 25, 8, 64, 0, 0, , [192.168.1.1])
11-20 07:24:20.971 D/ConnectivityService( 1186): Adding iface wlan0 to network 152
11-20 07:24:21.002 D/ConnectivityService( 1186): Setting DNS servers for network 152 to [/192.168.1.1]
11-20 07:24:21.003 D/DnsManager( 1186): sendDnsConfigurationForNetwork(152, [192.168.1.1], [], 1800, 25, 8, 64, 0, 0, , [192.168.1.1])
11-20 07:24:21.009 I/Nat464Xlat( 1186): Android Xlat is disabled
11-20 07:24:21.009 I/Nat464Xlat( 1186): Android Xlat is disabled
11-20 07:24:21.066 D/ConnectivityService( 1186): NetReassign [no changes]
11-20 07:24:21.268 D/ConnectivityService( 1186): [152 WIFI] validation passed
11-20 07:24:21.269 D/ConnectivityService( 1186): NetReassign [44 : 101 → 152, 1191 : 101 → 152, 11 : 101 → 152, 63 : 101 → 152, 17 : 101 → 152, 25 : 101 → 152, 1 : 101 → 152, 1196 : 101 → 152, 8 : 101 → 152, 654 : 101 → 152, 12 : 101 → 152, 14 : 101 → 152, 16 : 101 → 152, 22 : 101 → 152]
11-20 07:24:21.271 E/NetlinkEvent(  462): NetlinkEvent::FindParam(): Parameter 'INTERFACE' not found
11-20 07:24:21.272 E/NetlinkEvent(  462): NetlinkEvent::FindParam(): Parameter 'STATE' not found
11-20 07:24:21.272 E/NetlinkEvent(  462): NetlinkEvent::FindParam(): Parameter 'TIME_NS' not found
11-20 07:24:21.272 E/NetlinkEvent(  462): NetlinkEvent::FindParam(): Parameter 'UID' not found
11-20 07:24:21.292 D/ConnectivityService( 1186): Switching to new default network: NetworkAgentInfo{ ni{[type: WIFI[], state: CONNECTED/CONNECTED, reason: (unspecified), extra: , failover: false, available: true, roaming: false]}  network{152}  nethandle{656240726029}  lp{{InterfaceName: wlan0 LinkAddresses: [ 192.168.1.41/24 ] DnsAddresses: [ /192.168.1.1 ] Domains: null MTU: 0 ServerAddress: /192.168.1.1 TcpBufferSizes: 524288,1048576,2097152,262144,524288,1048576 Routes: [ fe80::/64 -> :: wlan0 mtu 0,192.168.1.0/24 -> 0.0.0.0 wlan0 mtu 0,0.0.0.0/0 -> 192.168.1.1 wlan0 mtu 0 ]}}  nc{[ Transports: WIFI Capabilities: NOT_METERED&INTERNET&NOT_RESTRICTED&TRUSTED&NOT_VPN&VALIDATED&NOT_ROAMING&FOREGROUND&NOT_CONGESTED&NOT_SUSPENDED LinkUpBandwidth>=60000Kbps LinkDnBandwidth>=60000Kbps SignalStrength: -32 OwnerUid: 1000 SSID: "MTBF_Lab" RequestorUid: -1 RequestorPackageName: null]}  Score{60}  everValidated{true}  lastValidated{true}  created{true} lingering{false} explicitlySelected{false} acceptUnvalidated{false} everCaptivePortalDetected{false} lastCaptivePortalDetected{false} partialConnectivity{false} acceptPartialConnectivity{false} clat{mBaseIface: null, mIface: null, mState: IDLE} }
11-20 07:24:21.424 D/ConnectivityService( 1186): Lingering [101 CELLULAR] for 30000ms
11-20 07:24:21.426 D/ConnectivityService( 1186): Sending DISCONNECTED broadcast for type 0 [101 CELLULAR] isDefaultNetwork=true
11-20 07:24:21.428 D/ConnectivityService( 1186): Sending CONNECTED broadcast for type 1 [152 WIFI] isDefaultNetwork=true
11-20 07:24:21.450 D/ConnectivityService( 1186): Setting DNS servers for network 152 to [/192.168.1.1]
11-20 07:24:21.451 D/DnsManager( 1186): sendDnsConfigurationForNetwork(152, [192.168.1.1], [], 1800, 25, 8, 64, 0, 0, , [192.168.1.1])
11-20 07:24:21.880 I/Nat464Xlat( 1186): Android Xlat is disabled
11-20 07:24:21.880 I/Nat464Xlat( 1186): Android Xlat is disabled
11-20 07:24:23.779 D/commandrouter( 1006): rtc_sync (1, rtc:sync): <ServiceRequest> FORWARDED (remote -> local) service client ID = 0, token ID = 38378
11-20 07:24:23.779 D/commandrouter( 1006): SocServiceHandle::onServiceMessage, SoC Service = rtc_sync, appType = 1, type = SVC_RESP, clientId = 0, token = 38378, payloadLen = 8, result = 0, payload.size() = 8
11-20 07:24:33.776 D/commandrouter( 1006): rtc_sync (1, rtc:sync): <ServiceRequest> FORWARDED (remote -> local) service client ID = 0, token ID = 38379
11-20 07:24:33.776 D/commandrouter( 1006): SocServiceHandle::onServiceMessage, SoC Service = rtc_sync, appType = 1, type = SVC_RESP, clientId = 0, token = 38379, payloadLen = 8, result = 0, payload.size() = 8
11-20 07:24:40.392 D/AutofillManagerService( 1186): onBackKeyPressed()
11-20 07:24:41.452 I/chatty  ( 1186): uid=1000(system) android.ui identical 2 lines
11-20 07:24:42.633 D/AutofillManagerService( 1186): onBackKeyPressed()
11-20 07:24:43.152 W/ActivityManager( 1186): Invalid packageName: com.facebook.wearable.system.settings/com.facebook.wearable.system.settings.SettingsActivity
11-20 07:24:43.259 I/ActivityTaskManager( 1186): START u0 {flg=0x10000000 cmp=com.facebook.wearable.system.settings/.SettingsActivity} from uid 0
11-20 07:24:43.275 I/ActivityTaskManager( 1186): The Process com.facebook.wearable.system.settings Already Exists in BG. So sending its PID: 13351
11-20 07:24:43.275 W/ActivityTaskManager( 1186): Tried to set launchTime (0) < mLastActivityLaunchTime (56140039)
11-20 07:24:43.769 D/commandrouter( 1006): rtc_sync (1, rtc:sync): <ServiceRequest> FORWARDED (remote -> local) service client ID = 0, token ID = 38380
11-20 07:24:43.769 D/commandrouter( 1006): SocServiceHandle::onServiceMessage, SoC Service = rtc_sync, appType = 1, type = SVC_RESP, clientId = 0, token = 38380, payloadLen = 8, result = 0, payload.size() = 8
11-20 07:24:45.355 D/commandrouter( 1006): SocServiceHandle::onServiceMessage, SoC Service = mcu_healthcheck_1029, appType = 1, type = SVC_REQ, clientId = 0, token = 1870, payloadLen = 12, result = 0, payload.size() = 12
11-20 07:24:45.358 D/commandrouter( 1006): mcu_healthcheck_1029 (1, merlot:mcu_health:control): <ServiceResponse> FORWARDED (remote -> local) CR token ID = 1870, service client ID = 40, token ID = 32277, result = 0
11-20 07:24:45.359 D/mculinkhealth( 1029): isMcuReachable 1 (4 ms)
11-20 07:24:46.013 E/TaskPersister( 1186): File error accessing recents directory (directory doesn't exist?).
11-20 07:24:50.872 W/ContextImpl( 1186): Calling a method in the system process without a qualified user: android.app.ContextImpl.sendBroadcastMultiplePermissions:1143 android.content.Context.sendBroadcastWithMultiplePermissions:2150 com.android.server.display.WifiDisplayAdapter.handleSendStatusChangeBroadcast:440 com.android.server.display.WifiDisplayAdapter.access$1700:63 com.android.server.display.WifiDisplayAdapter$WifiDisplayHandler.handleMessage:675 
11-20 07:24:51.269 D/ConnectivityService( 1186): handleLingerComplete for [101 CELLULAR]
11-20 07:24:51.358 I/wificond(  911): Fail RSSI polling because wifi is not associated.
11-20 07:24:51.401 D/ConnectivityService( 1186): [152 WIFI] EVENT_NETWORK_INFO_CHANGED, going from CONNECTED to DISCONNECTED
11-20 07:24:51.401 D/ConnectivityService( 1186): [152 WIFI] disconnected, was satisfying 25
11-20 07:24:51.479 I/Nat464Xlat( 1186): Android Xlat is disabled
11-20 07:24:51.479 I/Nat464Xlat( 1186): Android Xlat is disabled
11-20 07:24:51.507 D/ConnectivityService( 1186): Sending DISCONNECTED broadcast for type 1 [152 WIFI] isDefaultNetwork=true
11-20 07:24:51.510 D/ConnectivityService( 1186): NetReassign [44 : null → 101, 1191 : null → 101, 11 : null → 101, 63 : null → 101, 17 : null → 101, 25 : null → 101, 1 : null → 101, 1196 : null → 101, 8 : null → 101, 654 : null → 101, 12 : null → 101, 14 : null → 101, 16 : null → 101, 22 : null → 101]
11-20 07:24:51.534 E/NetlinkEvent(  462): NetlinkEvent::FindParam(): Parameter 'INTERFACE' not found
11-20 07:24:51.534 E/NetlinkEvent(  462): NetlinkEvent::FindParam(): Parameter 'STATE' not found
11-20 07:24:51.534 E/NetlinkEvent(  462): NetlinkEvent::FindParam(): Parameter 'TIME_NS' not found
11-20 07:24:51.534 E/NetlinkEvent(  462): NetlinkEvent::FindParam(): Parameter 'UID' not found
11-20 07:24:51.546 D/ConnectivityService( 1186): Switching to new default network: NetworkAgentInfo{ ni{[type: MOBILE[LTE], state: CONNECTED/CONNECTED, reason: (unspecified), extra: enhancedphone, failover: false, available: true, roaming: false]}  network{101}  nethandle{437197393933}  lp{{InterfaceName: rmnet_data2 LinkAddresses: [ 10.55.48.101/30,2600:381:4804:c4b6:8cdc:8f0b:afe1:ec6b/64 ] DnsAddresses: [ /172.26.38.2,/fc00:a:a::400 ] Domains: null MTU: 1430 TcpBufferSizes: 2097152,4194304,8388608,262144,524288,1048576 Routes: [ 0.0.0.0/0 -> 10.55.48.102 rmnet_data2 mtu 1430,::/0 -> fe80::9db2:334d:2872:1e0a rmnet_data2 mtu 1430,10.55.48.100/30 -> 0.0.0.0 rmnet_data2 mtu 0,2600:381:4804:c4b6::/64 -> :: rmnet_data2 mtu 0 ]}}  nc{[ Transports: CELLULAR Capabilities: MMS&SUPL&FOTA&INTERNET&NOT_RESTRICTED&TRUSTED&NOT_VPN&VALIDATED&NOT_ROAMING&NOT_CONGESTED&NOT_SUSPENDED LinkUpBandwidth>=15000Kbps LinkDnBandwidth>=30000Kbps Specifier: <TelephonyNetworkSpecifier [mSubId = 1]> AdministratorUids: [] RequestorUid: -1 RequestorPackageName: null]}  Score{50}  everValidated{true}  lastValidated{true}  created{true} lingering{false} explicitlySelected{false} acceptUnvalidated{false} everCaptivePortalDetected{false} lastCaptivePortalDetected{false} partialConnectivity{false} acceptPartialConnectivity{false} clat{mBaseIface: null, mIface: null, mState: IDLE} }
11-20 07:24:51.690 D/ConnectivityService( 1186): Sending CONNECTED broadcast for type 0 [101 CELLULAR] isDefaultNetwork=true
11-20 07:24:53.765 D/commandrouter( 1006): rtc_sync (1, rtc:sync): <ServiceRequest> FORWARDED (remote -> local) service client ID = 0, token ID = 38381
11-20 07:24:53.766 D/commandrouter( 1006): SocServiceHandle::onServiceMessage, SoC Service = rtc_sync, appType = 1, type = SVC_RESP, clientId = 0, token = 38381, payloadLen = 8, result = 0, payload.size() = 8
11-20 07:24:55.778 D/AutofillManagerService( 1186): onBackKeyPressed()
11-20 07:24:58.616 I/chatty  ( 1186): uid=1000(system) android.ui identical 3 lines
11-20 07:24:59.630 D/AutofillManagerService( 1186): onBackKeyPressed()
11-20 07:25:00.393 E/TaskPersister( 1186): File error accessing recents directory (directory doesn't exist?).
11-20 07:25:00.476 D/AppStorageManager( 1186): BEFORE:: Previous Size: 1029885952 Current Size: 1029799936
11-20 07:25:00.476 D/AppStorageManager( 1186): AFTER:: Previous Size: 1029799936 Current Size: 1029799936
11-20 07:25:00.725 D/AutofillManagerService( 1186): onBackKeyPressed()
11-20 07:25:01.621 I/chatty  ( 1186): uid=1000(system) android.ui identical 1 line
11-20 07:25:02.633 D/AutofillManagerService( 1186): onBackKeyPressed()
11-20 07:25:03.173 W/ActivityManager( 1186): Invalid packageName: com.facebook.wearable.system.settings/com.facebook.wearable.system.settings.SettingsActivity
11-20 07:25:03.295 I/ActivityTaskManager( 1186): START u0 {flg=0x10000000 cmp=com.facebook.wearable.system.settings/.SettingsActivity} from uid 0
11-20 07:25:03.315 I/ActivityTaskManager( 1186): The Process com.facebook.wearable.system.settings Already Exists in BG. So sending its PID: 13351
11-20 07:25:03.316 W/ActivityTaskManager( 1186): Tried to set launchTime (0) < mLastActivityLaunchTime (56171002)
11-20 07:25:03.763 D/commandrouter( 1006): rtc_sync (1, rtc:sync): <ServiceRequest> FORWARDED (remote -> local) service client ID = 0, token ID = 38382
11-20 07:25:03.764 D/commandrouter( 1006): SocServiceHandle::onServiceMessage, SoC Service = rtc_sync, appType = 1, type = SVC_RESP, clientId = 0, token = 38382, payloadLen = 8, result = 0, payload.size() = 8
11-20 07:25:06.055 D/AnalyticsLogger( 1186): sent events: 13
11-20 07:25:06.916 E/TaskPersister( 1186): File error accessing recents directory (directory doesn't exist?).
11-20 07:25:09.056 D/commandrouter( 1006): SocServiceHandle::onServiceMessage, SoC Service = mcu_healthcheck_934, appType = 1, type = SVC_REQ, clientId = 0, token = 935, payloadLen = 20, result = 0, payload.size() = 20
11-20 07:25:09.059 D/commandrouter( 1006): mcu_healthcheck_934 (1, merlot:mcu_health:control): <ServiceResponse> FORWARDED (remote -> local) CR token ID = 935, service client ID = 5, token ID = 32278, result = 0
11-20 07:25:09.933 W/ContextImpl( 1186): Calling a method in the system process without a qualified user: android.app.ContextImpl.sendBroadcastMultiplePermissions:1143 android.content.Context.sendBroadcastWithMultiplePermissions:2150 com.android.server.display.WifiDisplayAdapter.handleSendStatusChangeBroadcast:440 com.android.server.display.WifiDisplayAdapter.access$1700:63 com.android.server.display.WifiDisplayAdapter$WifiDisplayHandler.handleMessage:675 
11-20 07:25:10.961 W/ContextImpl( 1186): Calling a method in the system process without a qualified user: android.app.ContextImpl.sendBroadcastMultiplePermissions:1143 android.content.Context.sendBroadcastWithMultiplePermissions:2150 com.android.server.wifi.p2p.WifiP2pServiceImpl$P2pStateMachine.sendBroadcastMultiplePermissions:3209 com.android.server.wifi.p2p.WifiP2pServiceImpl$P2pStateMachine.sendP2pConnectionChangedBroadcast:3236 com.android.server.wifi.p2p.WifiP2pServiceImpl$P2pStateMachine.access$5100:768 
11-20 07:25:10.962 W/BroadcastQueue( 1186): Permission Denial: receiving Intent { act=android.net.wifi.p2p.CONNECTION_STATE_CHANGE flg=0x24000010 (has extras) } to ProcessRecord{688c834 1907:.qtidataservices/u0a88} (pid=1907, uid=10088) requires android.permission.ACCESS_FINE_LOCATION due to sender android (uid 1000)
11-20 07:25:10.971 W/ContextImpl( 1186): Calling a method in the system process without a qualified user: android.app.ContextImpl.sendBroadcastMultiplePermissions:1143 android.content.Context.sendBroadcastWithMultiplePermissions:2150 com.android.server.wifi.p2p.WifiP2pServiceImpl$P2pStateMachine.sendBroadcastMultiplePermissions:3209 com.android.server.wifi.p2p.WifiP2pServiceImpl$P2pStateMachine.sendThisDeviceChangedBroadcast:3218 com.android.server.wifi.p2p.WifiP2pServiceImpl$P2pStateMachine.updateThisDevice:3962 
11-20 07:25:10.989 W/wificond(  911): Scan is not started. Ignore abort request
11-20 07:25:11.450 D/ConnectivityService( 1186): registerNetworkAgent NetworkAgentInfo{ ni{[type: WIFI[], state: UNKNOWN/IDLE, reason: (unspecified), extra: , failover: false, available: true, roaming: false]}  network{153}  nethandle{660535693325}  lp{{InterfaceName: wlan0 LinkAddresses: [ ] DnsAddresses: [ ] Domains: null MTU: 0 Routes: [ ]}}  nc{[ Transports: WIFI Capabilities: NOT_METERED&INTERNET&NOT_RESTRICTED&TRUSTED&NOT_VPN&NOT_ROAMING&FOREGROUND&NOT_CONGESTED&NOT_SUSPENDED LinkUpBandwidth>=72000Kbps LinkDnBandwidth>=72000Kbps OwnerUid: 1000 SSID: "MTBF_Lab" RequestorUid: -1 RequestorPackageName: null]}  Score{20}  everValidated{false}  lastValidated{false}  created{false} lingering{false} explicitlySelected{false} acceptUnvalidated{false} everCaptivePortalDetected{false} lastCaptivePortalDetected{false} partialConnectivity{false} acceptPartialConnectivity{false} clat{mBaseIface: null, mIface: null, mState: IDLE} }
--------- beginning of main
11-20 07:25:11.458 D/BluetoothVendorService( 1710): setWifiState to: true
11-20 07:25:11.458 I/BluetoothVendorJni( 1710): setWifiStateNative
11-20 07:25:11.458 I/bt_btif_vendor( 1710): setWifiState :1
11-20 07:25:11.466 D/ConnectivityService( 1186): [153 WIFI] EVENT_NETWORK_INFO_CHANGED, going from UNKNOWN to UNKNOWN
11-20 07:25:11.472 D/BluetoothAdapterService( 1710): android.net.wifi.STATE_CHANGE
11-20 07:25:11.473 D/QCNEJ/WlanStaInfoRelay( 1907): Received action: android.net.wifi.STATE_CHANGE
11-20 07:25:11.473 D/WifiConnector( 2870): Network State Changed
11-20 07:25:11.476 D/BluetoothVendorService( 1710): setWifiState to: true
11-20 07:25:11.476 I/BluetoothVendorJni( 1710): setWifiStateNative
11-20 07:25:11.476 I/bt_btif_vendor( 1710): setWifiState :1
11-20 07:25:11.499 I/chatty  ( 1186): uid=1000(system) WifiHandlerThre expire 1 line
11-20 07:25:11.500 V/WifiHAL (  544): WifiVendorCommand 0x984ec000 created vendor_id:0x1374 subcmd:83
11-20 07:25:11.501 E/WifiHAL (  544): wifi_get_packet_filter_capabilities: requestResponse() error: -3
11-20 07:25:11.501 I/WifiHAL (  544): Packet filtering is not supprted
11-20 07:25:11.612 D/QCNEJ/WlanStaInfoRelay( 1907): Received action: android.net.wifi.RSSI_CHANGED
11-20 07:25:11.613 D/WearableConnectivityManager(11143): onWifiStrengthChange: -31
11-20 07:25:11.616 D/ConnectivityService( 1186): NetReassign [no changes]
11-20 07:25:11.619 V/WifiHAL (  544): WifiVendorCommand 0x986b8148 created vendor_id:0x1374 subcmd:82
11-20 07:25:11.620 V/WifiHAL (  544): ND offload : Enable
11-20 07:25:11.626 E/WifiVendorHal( 1186): configureNeighborDiscoveryOffload(l.2193) failed {.code = ERROR_NOT_SUPPORTED, .description = }
11-20 07:25:11.647 E/QMI_FW  (  915): qmi_cci_get_ref: ref count increased 2
11-20 07:25:11.650 E/QMI_FW  (  915): qmi_cci_get_ref: ref count increased 2
11-20 07:25:11.658 E/Netd    (  462): no such netId 153
11-20 07:25:11.659 I/Nat464Xlat( 1186): Android Xlat is disabled
11-20 07:25:11.714 D/DhcpClient( 1186): l2key: W958a1754935a727 lease address: /192.168.1.41 lease expiry: 1637508260772 current time: 1637421911714
11-20 07:25:11.716 D/DhcpClient( 1186): Broadcasting DHCPREQUEST ciaddr=0.0.0.0 request=192.168.1.41 serverid=null
11-20 07:25:11.739 D/DhcpClient( 1186): Received packet: 6a:fd:b2:a8:97:f8 ACK: your new IP /192.168.1.41, netmask /255.255.255.0, gateways [/192.168.1.1] DNS servers: /192.168.1.1 , lease time 86400
11-20 07:25:11.740 D/DhcpClient( 1186): Confirmed lease: android.net.networkstack.DhcpResults@2fb7559 DHCP server /192.168.1.1 Vendor info null lease 86400 seconds Servername 
11-20 07:25:11.768 E/Netd    (  462): no such netId 153
11-20 07:25:11.768 D/BluetoothAdapterService( 1710): android.net.wifi.STATE_CHANGE
11-20 07:25:11.770 D/WifiConnector( 2870): Network State Changed
11-20 07:25:11.770 D/QCNEJ/WlanStaInfoRelay( 1907): Received action: android.net.wifi.STATE_CHANGE
11-20 07:25:11.772 D/BluetoothVendorService( 1710): setWifiState to: true
11-20 07:25:11.772 I/BluetoothVendorJni( 1710): setWifiStateNative
11-20 07:25:11.772 I/bt_btif_vendor( 1710): setWifiState :1
11-20 07:25:11.659 I/Nat464Xlat( 1186): Android Xlat is disabled
11-20 07:25:11.773 E/ConnectivityService( 1186): Exception in networkAddRouteParcel for non-gateway: android.os.ServiceSpecificException: Machine is not on the network (code 64)
11-20 07:25:11.773 E/Netd    (  462): no such netId 153
11-20 07:25:11.774 E/ConnectivityService( 1186): Exception in networkAddRouteParcel for gateway: android.os.ServiceSpecificException: Machine is not on the network (code 64)
11-20 07:25:11.774 I/Nat464Xlat( 1186): Android Xlat is disabled
11-20 07:25:11.777 D/DhcpClient( 1186): Scheduling renewal in 43199s
11-20 07:25:11.777 D/DhcpClient( 1186): Scheduling rebind in 75599s
11-20 07:25:11.777 D/DhcpClient( 1186): Scheduling expiry in 86399s
11-20 07:25:11.783 D/QCNEJ/WlanStaInfoRelay( 1907): Received action: android.net.wifi.STATE_CHANGE
11-20 07:25:11.784 D/BluetoothAdapterService( 1710): android.net.wifi.STATE_CHANGE
11-20 07:25:11.786 D/WifiConnector( 2870): Network State Changed
11-20 07:25:11.788 D/BluetoothVendorService( 1710): setWifiState to: true
11-20 07:25:11.789 I/BluetoothVendorJni( 1710): setWifiStateNative
11-20 07:25:11.789 I/bt_btif_vendor( 1710): setWifiState :1
11-20 07:25:11.795 D/WifiConnector( 2870): Configured Networks Changed
11-20 07:25:11.797 W/WifiScoreReport( 1186): Cannot start external scoring netId=153 currentNetId=153 sessionId=1539
11-20 07:25:11.801 D/WifiMemoryStoreImpl( 1186): Set cluster Ga6eb8feabe7908d4 for W958a1754935a727: SUCCESS
11-20 07:25:11.775 I/Nat464Xlat( 1186): Android Xlat is disabled
11-20 07:25:11.837 D/ConnectivityService( 1186): Setting DNS servers for network 153 to [/192.168.1.1]
11-20 07:25:11.838 I/Nat464Xlat( 1186): Android Xlat is disabled
11-20 07:25:11.857 D/WifiMemoryStoreImpl( 1186): Set cluster Ga6eb8feabe7908d4 for Wa6eb8feabe7908d4: SUCCESS
11-20 07:25:11.866 E/QMI_FW  ( 1042): qmi_cci_get_ref: ref count increased 2
11-20 07:25:11.866 E/QMI_FW  ( 1042): qmi_cci_get_ref: ref count increased 2
11-20 07:25:11.867 E/QMI_FW  ( 1042): qmi_cci_get_ref: ref count increased 2
11-20 07:25:11.876 E/QMI_FW  (  915): qmi_cci_get_ref: ref count increased 2
11-20 07:25:11.838 I/Nat464Xlat( 1186): Android Xlat is disabled
11-20 07:25:11.913 D/ConnectivityService( 1186): [153 WIFI] EVENT_NETWORK_INFO_CHANGED, going from UNKNOWN to CONNECTED
11-20 07:25:11.915 D/DnsManager( 1186): sendDnsConfigurationForNetwork(153, [192.168.1.1], [], 1800, 25, 8, 64, 0, 0, , [])
11-20 07:25:11.916 W/DnsManager( 1186): updatePrivateDns(153, PrivateDnsConfig{true:/[]})
11-20 07:25:11.916 D/ConnectivityService( 1186): Setting DNS servers for network 153 to [/192.168.1.1]
11-20 07:25:11.917 D/DnsManager( 1186): sendDnsConfigurationForNetwork(153, [192.168.1.1], [], 1800, 25, 8, 64, 0, 0, , [192.168.1.1])
11-20 07:25:11.919 D/ConnectivityService( 1186): Adding iface wlan0 to network 153
11-20 07:25:11.877 E/QMI_FW  (  915): qmi_cci_get_ref: ref count increased 2
11-20 07:25:11.938 W/resolv  (  462): Validating DnsTlsServer on netId 153
11-20 07:25:11.946 W/resolv  (  462): Validation failed
11-20 07:25:11.952 D/ConnectivityService( 1186): Setting DNS servers for network 153 to [/192.168.1.1]
11-20 07:25:11.953 D/DnsManager( 1186): sendDnsConfigurationForNetwork(153, [192.168.1.1], [], 1800, 25, 8, 64, 0, 0, , [192.168.1.1])
11-20 07:25:11.954 W/resolv  (  462): Validating DnsTlsServer on netId 153
11-20 07:25:11.957 I/Nat464Xlat( 1186): Android Xlat is disabled
11-20 07:25:11.972 W/resolv  (  462): SSL_connect ssl error =5, mark 0xf0099: Connection refused
11-20 07:25:11.972 W/resolv  (  462): Validation failed
11-20 07:25:11.958 I/Nat464Xlat( 1186): Android Xlat is disabled
11-20 07:25:12.029 D/ConnectivityService( 1186): NetReassign [no changes]
11-20 07:25:12.029 D/WifiClientModeImpl( 1186): Received signal strength thresholds: []
11-20 07:25:12.030 E/WifiVendorHal( 1186): stopRssiMonitoring(l.2106) failed {.code = ERROR_NOT_AVAILABLE, .description = }
11-20 07:25:12.033 D/QCNEJ/WlanStaInfoRelay( 1907): network available: 153
11-20 07:25:12.051 D/QCNEJ/NativeHalConnector( 1907): -> SND notifyWifiAvailable(v4Connected = truev6Connected = , false, isAndroidValidated = false)
11-20 07:25:12.068 D/QCNEJ/NativeHalConnector( 1907): -> SND notifyWifiAvailable(v4Connected = truev6Connected = , false, isAndroidValidated = false)
11-20 07:25:12.100 D/NetworkMonitor/153( 1186): PROBE_DNS connectivitycheck.gstatic.com 31ms OK 142.250.191.67
11-20 07:25:12.102 W/System  ( 1186): ClassLoader referenced unknown path: /system/framework/tcmclient.jar
11-20 07:25:12.121 D/NetworkMonitor/153( 1186): PROBE_DNS www.google.com 51ms OK 142.250.191.68
11-20 07:25:12.134 D/NetworkMonitor/153( 1186): PROBE_HTTP http://connectivitycheck.gstatic.com/generate_204 time=28ms ret=204 request={Connection=[close], User-Agent=[Mozilla/5.0 (X11; Linux x86_64) AppleWebKit/537.36 (KHTML, like Gecko) Chrome/60.0.3112.32 Safari/537.36]} headers={null=[HTTP/1.1 204 No Content], Connection=[close], Content-Length=[0], Date=[Sat, 20 Nov 2021 15:25:13 GMT], X-Android-Received-Millis=[1637421912133], X-Android-Response-Source=[NETWORK 204], X-Android-Selected-Protocol=[http/1.1], X-Android-Sent-Millis=[1637421912124]}
11-20 07:25:12.191 D/NetworkMonitor/153( 1186): PROBE_HTTPS https://www.google.com/generate_204 time=68ms ret=204 request={Connection=[close], User-Agent=[Mozilla/5.0 (X11; Linux x86_64) AppleWebKit/537.36 (KHTML, like Gecko) Chrome/60.0.3112.32 Safari/537.36]} headers={null=[HTTP/1.1 204 No Content], Alt-Svc=[h3=":443"; ma=2592000,h3-29=":443"; ma=2592000,h3-Q050=":443"; ma=2592000,h3-Q046=":443"; ma=2592000,h3-Q043=":443"; ma=2592000,quic=":443"; ma=2592000; v="46,43"], Connection=[close], Content-Length=[0], Date=[Sat, 20 Nov 2021 15:25:13 GMT], X-Android-Received-Millis=[1637421912189], X-Android-Response-Source=[NETWORK 204], X-Android-Selected-Protocol=[http/1.1], X-Android-Sent-Millis=[1637421912168]}
11-20 07:25:12.195 D/NetworkMonitor/153( 1186): isCaptivePortal: isSuccessful()=true isPortal()=false RedirectUrl=null isPartialConnectivity()=false Time=147ms
11-20 07:25:12.198 D/ConnectivityService( 1186): [153 WIFI] validation passed
11-20 07:25:12.199 D/ConnectivityService( 1186): NetReassign [44 : 101 → 153, 1191 : 101 → 153, 11 : 101 → 153, 63 : 101 → 153, 17 : 101 → 153, 25 : 101 → 153, 1 : 101 → 153, 1196 : 101 → 153, 8 : 101 → 153, 654 : 101 → 153, 12 : 101 → 153, 14 : 101 → 153, 16 : 101 → 153, 22 : 101 → 153]
11-20 07:25:12.205 E/NetlinkEvent(  462): NetlinkEvent::FindParam(): Parameter 'INTERFACE' not found
11-20 07:25:12.206 E/NetlinkEvent(  462): NetlinkEvent::FindParam(): Parameter 'STATE' not found
11-20 07:25:12.206 E/NetlinkEvent(  462): NetlinkEvent::FindParam(): Parameter 'TIME_NS' not found
11-20 07:25:12.206 E/NetlinkEvent(  462): NetlinkEvent::FindParam(): Parameter 'UID' not found
11-20 07:25:12.221 D/ConnectivityService( 1186): Switching to new default network: NetworkAgentInfo{ ni{[type: WIFI[], state: CONNECTED/CONNECTED, reason: (unspecified), extra: , failover: false, available: true, roaming: false]}  network{153}  nethandle{660535693325}  lp{{InterfaceName: wlan0 LinkAddresses: [ 192.168.1.41/24 ] DnsAddresses: [ /192.168.1.1 ] Domains: null MTU: 0 ServerAddress: /192.168.1.1 TcpBufferSizes: 524288,1048576,2097152,262144,524288,1048576 Routes: [ fe80::/64 -> :: wlan0 mtu 0,192.168.1.0/24 -> 0.0.0.0 wlan0 mtu 0,0.0.0.0/0 -> 192.168.1.1 wlan0 mtu 0 ]}}  nc{[ Transports: WIFI Capabilities: NOT_METERED&INTERNET&NOT_RESTRICTED&TRUSTED&NOT_VPN&VALIDATED&NOT_ROAMING&FOREGROUND&NOT_CONGESTED&NOT_SUSPENDED LinkUpBandwidth>=61000Kbps LinkDnBandwidth>=61000Kbps SignalStrength: -31 OwnerUid: 1000 SSID: "MTBF_Lab" RequestorUid: -1 RequestorPackageName: null]}  Score{60}  everValidated{true}  lastValidated{true}  created{true} lingering{false} explicitlySelected{false} acceptUnvalidated{false} everCaptivePortalDetected{false} lastCaptivePortalDetected{false} partialConnectivity{false} acceptPartialConnectivity{false} clat{mBaseIface: null, mIface: null, mState: IDLE} }
11-20 07:25:12.334 D/DeviceAuthService(28013): Network connected
11-20 07:25:12.334 D/DeviceAuthService(28013): fetchAuthTokenWrapper called
11-20 07:25:12.337 D/NetworkTimeUpdateService( 1186): New default network 153; checking time.
11-20 07:25:12.339 V/LigerRadioStatsReporter( 2357): onCapabilitiesChanged: Network capabilities changed
11-20 07:25:12.354 D/ConnectivityService( 1186): Lingering [101 CELLULAR] for 30000ms
11-20 07:25:12.356 D/QCNEJ/DefaultNetworkInfoRelay( 1907): Default network available: 153
11-20 07:25:12.356 D/ConnectivityService( 1186): Sending DISCONNECTED broadcast for type 0 [101 CELLULAR] isDefaultNetwork=true
11-20 07:25:12.357 D/QCNEJ/NativeHalConnector( 1907): -> SND notifyDefaultNetworkChanged(1)
11-20 07:25:12.358 D/ConnectivityService( 1186): Sending CONNECTED broadcast for type 1 [153 WIFI] isDefaultNetwork=true
11-20 07:25:12.373 E/QMI_FW  (  915): qmi_cci_get_ref: ref count increased 2
11-20 07:25:12.376 E/QMI_FW  (  915): qmi_cci_get_ref: ref count increased 2
11-20 07:25:12.385 I/GnssNetworkConnectivityHandler( 1186): updateNetworkState, state=CLOSED, connected=true, network=153, capabilities=[ Transports: WIFI Capabilities: NOT_METERED&INTERNET&NOT_RESTRICTED&TRUSTED&NOT_VPN&VALIDATED&NOT_ROAMING&FOREGROUND&NOT_CONGESTED&NOT_SUSPENDED LinkUpBandwidth>=61000Kbps LinkDnBandwidth>=61000Kbps SignalStrength: -31 OwnerUid: 1000 AdministratorUids: [] SSID: "MTBF_Lab" RequestorUid: -1 RequestorPackageName: null], apn: , availableNetworkCount: 2
11-20 07:25:12.386 I/chatty  (  527): uid=1021(gps) Loc_hal_worker expire 1 line
11-20 07:25:12.388 D/QCNEJ/WlanStaInfoRelay( 1907): AndroidValidate from false to true
11-20 07:25:12.389 V/LigerRadioStatsReporter( 2357): onCapabilitiesChanged: Network capabilities changed
11-20 07:25:12.389 V/LigerRadioStatsReporter( 2357): reportAndCheckpointRadioStats
11-20 07:25:12.390 V/LigerRadioStatsReporter( 2357): +++++++++++ RADIO STATS DUMP +++++++++++
11-20 07:25:12.390 V/LigerRadioStatsReporter( 2357): totalActiveRadioTimeMs=0
11-20 07:25:12.390 V/LigerRadioStatsReporter( 2357): totalTailRadioTimeMs=13993
11-20 07:25:12.390 V/LigerRadioStatsReporter( 2357): totalWakeupCount=0
11-20 07:25:12.390 V/LigerRadioStatsReporter( 2357): httpUpBytes=0
11-20 07:25:12.390 V/LigerRadioStatsReporter( 2357): httpDownBytes=0
11-20 07:25:12.390 V/LigerRadioStatsReporter( 2357): httpWakeupCount=0
11-20 07:25:12.390 V/LigerRadioStatsReporter( 2357): httpRequestCount=0
11-20 07:25:12.390 V/LigerRadioStatsReporter( 2357): httpActiveRadioTimeMs=0
11-20 07:25:12.390 V/LigerRadioStatsReporter( 2357): httpTailRadioTimeMs=13993
11-20 07:25:12.390 V/LigerRadioStatsReporter( 2357): reportAndCheckpointRadioStats: Tx=0
11-20 07:25:12.390 V/LigerRadioStatsReporter( 2357): reportAndCheckpointRadioStats: Rx=0
11-20 07:25:12.390 V/LigerRadioStatsReporter( 2357): reportAndCheckpointRadioStats: Uids=10027
11-20 07:25:12.390 V/LigerRadioStatsReporter( 2357): reportAndCheckpointRadioStats: Tags=null
11-20 07:25:12.399 D/QCNEJ/WlanStaInfoRelay( 1907): retrieveCountryCode:Location obtained from Telephony: us
11-20 07:25:12.409 D/ConnectivityService( 1186): Setting DNS servers for network 153 to [/192.168.1.1]
11-20 07:25:12.409 E/QMI_FW  (  915): qmi_cci_get_ref: ref count increased 2
11-20 07:25:12.409 D/DnsManager( 1186): sendDnsConfigurationForNetwork(153, [192.168.1.1], [], 1800, 25, 8, 64, 0, 0, , [192.168.1.1])
11-20 07:25:12.412 E/QMI_FW  (  915): qmi_cci_get_ref: ref count increased 2
11-20 07:25:12.417 W/resolv  (  462): Validating DnsTlsServer on netId 153
11-20 07:25:12.420 E/QMI_FW  ( 1042): qmi_cci_get_ref: ref count increased 2
11-20 07:25:12.421 E/QMI_FW  ( 1042): qmi_cci_get_ref: ref count increased 2
11-20 07:25:12.452 D/WifiConnector( 2870): Configured Networks Changed
11-20 07:25:12.454 E/QMI_FW  ( 1042): qmi_cci_get_ref: ref count increased 2
11-20 07:25:12.457 D/DeviceAuthService(28013): isOculusAddressResolvable returned true
11-20 07:25:12.457 D/DeviceAuthenticator(28013): Fetching new credentials asynchronously
11-20 07:25:12.459 I/WifiClientModeImpl( 1186): Default Gateway MAC address of 6c:cd:d6:25:63:2a from routes is : 6c:cd:d6:25:63:2a
11-20 07:25:12.465 D/DeviceAuthenticator(28013): Calling DeviceAuth.authenticate()
11-20 07:25:12.469 E/DeviceCertService(  545): This device *might* have a provisioning issue. Please run `maui provision check` to verify.
11-20 07:25:12.469 E/DeviceCertService(  545): See https://fburl.com/wiki/a9hho0p9 for more information.
11-20 07:25:12.469 E/DeviceCertService(  545): Could not access certificate file '/mnt/vendor/persist/certificates/device_identityinsecure.crt', error 2: No such file or directory
11-20 07:25:12.469 E/DeviceAuthenticator(28013): ERROR: java.lang.RuntimeException: devicecert returned error FILESYSTEM_ERROR
11-20 07:25:12.469 E/DeviceAuthenticator(28013): 
11-20 07:25:12.469 E/DeviceAuthenticator(28013): com.facebook.mos.sdk.devicecert.DeviceIdentityException: java.lang.RuntimeException: devicecert returned error FILESYSTEM_ERROR
11-20 07:25:12.469 E/DeviceAuthenticator(28013): 
11-20 07:25:12.489 E/QMI_FW  ( 1042): qmi_cci_get_ref: ref count increased 2
11-20 07:25:12.491 W/resolv  (  462): SSL_connect ssl error =5, mark 0xf0099: Connection refused
11-20 07:25:12.491 W/resolv  (  462): Validation failed
11-20 07:25:12.494 E/QMI_FW  ( 1042): qmi_cci_get_ref: ref count increased 2
11-20 07:25:12.496 D/WifiMemoryStoreImpl( 1186): Set cluster Ga6eb8feabe7908d4 for W958a1754935a727: SUCCESS
11-20 07:25:12.503 E/QMI_FW  ( 1042): qmi_cci_get_ref: ref count increased 2
11-20 07:25:12.503 E/QMI_FW  ( 1042): qmi_cci_get_ref: ref count increased 2
11-20 07:25:12.504 E/QMI_FW  ( 1042): qmi_cci_get_ref: ref count increased 2
11-20 07:25:12.505 E/QMI_FW  ( 1042): qmi_cci_get_ref: ref count increased 2
11-20 07:25:12.506 D/PhoneInterfaceManager( 1984): setModemActivityInfo
11-20 07:25:12.506 D/FbSideCarManager( 1984): setModemActivityInfo
11-20 07:25:12.506 D/FbSideCarManager( 1984): setModemActivityInfo
11-20 07:25:12.507 D/WirelessInsightServiceImpl( 1984): setModemActivityInfo
11-20 07:25:12.507 D/FbSideCarManager( 1984): setModemActivityInfoInternal success
11-20 07:25:12.507 D/PhoneInterfaceManager( 1984): setModemActivityInfo: success.
11-20 07:25:12.507 D/WirelessInsightServiceImpl( 1984): notifyListeners: listeners = 0, modemActivityInfo = ModemActivityInfo{ mTimestamp=56200232 mSleepTimeMs=34896429 mIdleTimeMs=303357 mTransmitPowerInfo[]=[TransmitPower{ mTimeInMillis=27 mPowerRangeInDbm={-2147483648,0}}, TransmitPower{ mTimeInMillis=772808 mPowerRangeInDbm={0,5}}, TransmitPower{ mTimeInMillis=6653 mPowerRangeInDbm={5,15}}, TransmitPower{ mTimeInMillis=36526 mPowerRangeInDbm={15,20}}, TransmitPower{ mTimeInMillis=494561 mPowerRangeInDbm={20,2147483647}}] mRxTimeMs=19654857}
11-20 07:25:12.508 E/QMI_FW  ( 1042): qmi_cci_get_ref: ref count increased 2
11-20 07:25:12.510 I/chatty  ( 1042): uid=1001(radio) DedicatedThread identical 2 lines
11-20 07:25:12.511 E/QMI_FW  ( 1042): qmi_cci_get_ref: ref count increased 2
11-20 07:25:12.522 E/QMI_FW  ( 1042): qmi_cci_get_ref: ref count increased 2
11-20 07:25:12.531 E/QMI_FW  ( 1042): qmi_cci_get_ref: ref count increased 2
11-20 07:25:12.533 D/WifiConfigStore( 1186): Writing to stores completed in 45 ms.
11-20 07:25:12.534 E/QMI_FW  ( 1042): qmi_cci_get_ref: ref count increased 2
11-20 07:25:12.539 I/chatty  ( 1042): uid=1001(radio) main identical 2 lines
11-20 07:25:12.541 E/QMI_FW  ( 1042): qmi_cci_get_ref: ref count increased 2
11-20 07:25:12.543 E/WifiClientModeImpl( 1186): getScanResults scanRes.BSSID = 12:d7:96:61:85:9f
11-20 07:25:12.543 E/WifiClientModeImpl( 1186): getScanResults scanRes.BSSID = 5e:6e:be:46:77:d7
11-20 07:25:12.543 E/WifiClientModeImpl( 1186): getScanResults scanRes.BSSID = 2c:57:41:86:6c:01
11-20 07:25:12.543 E/WifiClientModeImpl( 1186): getScanResults scanRes.BSSID = fe:2d:5a:49:61:eb
11-20 07:25:12.543 E/WifiClientModeImpl( 1186): getScanResults scanRes.BSSID = c6:82:9b:4e:b3:9e
11-20 07:25:12.543 E/WifiClientModeImpl( 1186): getScanResults scanRes.BSSID = be:9e:0e:1c:6e:7f
11-20 07:25:12.543 E/WifiClientModeImpl( 1186): getScanResults scanRes.BSSID = 6c:cd:d6:25:63:2a
11-20 07:25:12.544 I/WifiClientModeImpl( 1186): Current network: "MTBF_Lab"WPA_PSK
11-20 07:25:12.544 E/QMI_FW  ( 1042): qmi_cci_get_ref: ref count increased 2
11-20 07:25:12.548 E/QMI_FW  ( 1042): qmi_cci_get_ref: ref count increased 2
11-20 07:25:12.569 I/SupplicantStaIfaceHal( 1186): cleared linked networks
11-20 07:25:12.669 I/system_server( 1186): Background young concurrent copying GC freed 344849(13MB) AllocSpace objects, 158(5272KB) LOS objects, 27% free, 47MB/65MB, paused 335us total 306.490ms
11-20 07:25:12.917 E/QMI_FW  ( 1042): qmi_cci_get_ref: ref count increased 2
11-20 07:25:12.919 E/QMI_FW  ( 1042): qmi_cci_get_ref: ref count increased 2
11-20 07:25:12.933 I/WearableConnectivityManager(11143): LTE Signal strength is: 2
11-20 07:25:12.933 I/WearableConnectivityManager(11143): Cellular Signal strength is: 2
11-20 07:25:12.933 D/RadioLinkQualityScoreBuilder( 1984): scoreRsrp: 3scoreRsrq: 2scoreRssnr: 4
11-20 07:25:12.933 D/WirelessInsightServiceImpl( 1984): onSignalStrengthsChanged: SignalStrength = SignalStrength:{mCdma=CellSignalStrengthCdma: cdmaDbm=2147483647 cdmaEcio=2147483647 evdoDbm=2147483647 evdoEcio=2147483647 evdoSnr=2147483647 level=0,mGsm=CellSignalStrengthGsm: rssi=2147483647 ber=2147483647 mTa=2147483647 mLevel=0,mWcdma=CellSignalStrengthWcdma: ss=2147483647 ber=2147483647 rscp=2147483647 ecno=2147483647 level=0,mTdscdma=CellSignalStrengthTdscdma: rssi=2147483647 ber=2147483647 rscp=2147483647 level=0,mLte=CellSignalStrengthLte: rssi=-79 rsrp=-111 rsrq=-14 rssnr=12 cqi=2147483647 ta=2147483647 level=2 parametersUseForLevel=0,mNr=CellSignalStrengthNr:{ csiRsrp = 2147483647 csiRsrq = 2147483647 csiSinr = 2147483647 ssRsrp = 2147483647 ssRsrq = 2147483647 ssSinr = 2147483647 level = 0 parametersUseForLevel = 0 },primary=CellSignalStrengthLte}
11-20 07:25:12.933 D/WirelessInsightServiceImpl( 1984): Score: 2
11-20 07:25:12.933 D/WirelessInsightServiceImpl( 1984): notifyListeners: listeners = 0, score = 2
11-20 07:25:13.079 I/Nat464Xlat( 1186): Android Xlat is disabled
11-20 07:25:13.081 D/QCNEJ/WlanStaInfoRelay( 1907): Received action: android.net.wifi.LINK_CONFIGURATION_CHANGED
11-20 07:25:13.081 E/QCNEJ/WlanStaInfoRelay( 1907): update link properties given null lp
