11-20 00:01:06.432 D/LOWI-9.0.0.80( 1026): [LOWI-Scan] decode_rsn_wpa_ie: LOWI_ENCRYPTION_TYPE_WPA_PSK
11-20 00:01:06.432 D/LOWI-9.0.0.80( 1026): [LOWI-Scan] is_qcom_ie, bss_age: 47
11-20 00:01:06.432 D/LOWI-9.0.0.80( 1026): [LOWI-Scan] BSS 2c:57:41:86:7a:61 LOWI_PHY_MODE_11NG_HT20(5), Beacon Interval: 100, LOWI_ENCRYPTION_TYPE_WPA_PSK 11mcRanging: No, ANQP: No, LCI: No, Civic: No, capability(0x1411): ESS Privacy ShortSlotTime
11-20 00:01:06.432 D/LOWI-9.0.0.80( 1026): [LOWI-Scan] BSS 2c:57:41:86:7a:61 FREQ: 2412, cFreq1[40:80:160] = [0:0:0] cFreq2 = 0 Country Code = US
11-20 00:01:06.432 D/LOWI-9.0.0.80( 1026): [LOWI-Scan] BSS 2c:57:41:86:7a:61 (wlan0) ASSO: NO AddInfo: 0x0, TSF 0, 08:12:34.150, RSSI: -146, CPL: 3, AGE: 0,  SSID kittyhawk, TSFDelta: 0x0, TXRate: 0
11-20 00:01:06.442 D/WificondScannerImpl( 1186): Filtering out 1 scan results.
11-20 00:01:06.444 D/LOWI-9.0.0.80( 1026): [LOWI-Scan] 
11-20 00:01:06.444 D/LOWI-9.0.0.80( 1026): [LOWI-Scan] print_bss_handler: Report Probe TSF 29554150281 as it greater than Beacon TSF 29475594130
11-20 00:01:06.444 I/LOWI-9.0.0.80( 1026): [LOWI-Scan] RSN_IE
11-20 00:01:06.444 D/LOWI-9.0.0.80( 1026): [LOWI-Scan] decode_rsn_wpa_ie: Entered
11-20 00:01:06.444 D/LOWI-9.0.0.80( 1026): [LOWIUtils] hexDump: msg(30 14 01 00 00 0f ac 04 01 00 00 0f ac 04 01 00 00 0f ac 02 )
11-20 00:01:06.444 D/LOWI-9.0.0.80( 1026): [LOWI-Scan] decode_rsn_wpa_ie: LOWI_ENCRYPTION_TYPE_WPA_PSK
11-20 00:01:06.444 D/LOWI-9.0.0.80( 1026): [LOWI-Scan] is_qcom_ie, bss_age: 24
11-20 00:01:06.444 D/LOWI-9.0.0.80( 1026): [LOWI-Scan] BSS ce:dc:12:3b:87:fd LOWI_PHY_MODE_11AC_VHT20_2G(11), Beacon Interval: 100, LOWI_ENCRYPTION_TYPE_WPA_PSK 11mcRanging: No, ANQP: Yes, LCI: No, Civic: No, capability(0x1431): ESS Privacy ShortPreamble ShortSlotTime
11-20 00:01:06.444 D/LOWI-9.0.0.80( 1026): [LOWI-Scan] BSS ce:dc:12:3b:87:fd FREQ: 2437, cFreq1[40:80:160] = [0:0:0] cFreq2 = 0 Country Code =    
11-20 00:01:06.444 D/LOWI-9.0.0.80( 1026): [LOWI-Scan] BSS ce:dc:12:3b:87:fd (wlan0) ASSO: NO AddInfo: 0x0, TSF 0, 08:12:34.150, RSSI: -102, CPL: 127, AGE: 0,  SSID Pixel5_R1, TSFDelta: 0x0, TXRate: 0
11-20 00:01:06.445 D/LOWI-9.0.0.80( 1026): [LOWI-Scan] 
11-20 00:01:06.445 D/LOWI-9.0.0.80( 1026): [LOWI-Scan] print_bss_handler: Report Probe TSF 29554150396 as it greater than Beacon TSF 29524893607
11-20 00:01:06.445 I/LOWI-9.0.0.80( 1026): [LOWI-Scan] RSN_IE
11-20 00:01:06.445 D/LOWI-9.0.0.80( 1026): [LOWI-Scan] decode_rsn_wpa_ie: Entered
11-20 00:01:06.445 D/LOWI-9.0.0.80( 1026): [LOWIUtils] hexDump: msg(30 14 01 00 00 0f ac 04 01 00 00 0f ac 04 01 00 00 0f ac 02 )
11-20 00:01:06.445 D/LOWI-9.0.0.80( 1026): [LOWI-Scan] decode_rsn_wpa_ie: LOWI_ENCRYPTION_TYPE_WPA_PSK
11-20 00:01:06.445 D/LOWI-9.0.0.80( 1026): [LOWI-Scan] is_qcom_ie, bss_age: 2
11-20 00:01:06.445 D/LOWI-9.0.0.80( 1026): [LOWI-Scan] BSS 2c:57:41:86:94:a1 LOWI_PHY_MODE_11NG_HT20(5), Beacon Interval: 100, LOWI_ENCRYPTION_TYPE_WPA_PSK 11mcRanging: No, ANQP: No, LCI: No, Civic: No, capability(0x1411): ESS Privacy ShortSlotTime
11-20 00:01:06.445 D/LOWI-9.0.0.80( 1026): [LOWI-Scan] BSS 2c:57:41:86:94:a1 FREQ: 2462, cFreq1[40:80:160] = [0:0:0] cFreq2 = 0 Country Code = US
11-20 00:01:06.446 D/LOWI-9.0.0.80( 1026): [LOWI-Scan] BSS 2c:57:41:86:94:a1 (wlan0) ASSO: NO AddInfo: 0x0, TSF 0, 08:12:34.150, RSSI: -148, CPL: 2, AGE: 0,  SSID kittyhawk, TSFDelta: 0x0, TXRate: 0
11-20 00:01:06.446 D/LOWI-9.0.0.80( 1026): [LOWI-Scan] 
11-20 00:01:06.446 D/LOWI-9.0.0.80( 1026): [LOWI-Scan] print_bss_handler: Report Probe TSF 29554150415 as it greater than Beacon TSF 29256240889
11-20 00:01:06.446 I/LOWI-9.0.0.80( 1026): [LOWI-Scan] RSN_IE
11-20 00:01:06.446 D/LOWI-9.0.0.80( 1026): [LOWI-Scan] decode_rsn_wpa_ie: Entered
11-20 00:01:06.446 D/LOWI-9.0.0.80( 1026): [LOWIUtils] hexDump: msg(30 14 01 00 00 0f ac 04 01 00 00 0f ac 04 01 00 00 0f ac 02 )
11-20 00:01:06.446 D/LOWI-9.0.0.80( 1026): [LOWI-Scan] decode_rsn_wpa_ie: LOWI_ENCRYPTION_TYPE_WPA_PSK
11-20 00:01:06.446 D/LOWI-9.0.0.80( 1026): [LOWI-Scan] is_qcom_ie, bss_age: 3
11-20 00:01:06.446 D/LOWI-9.0.0.80( 1026): [LOWI-Scan] BSS 2c:57:41:86:90:a1 LOWI_PHY_MODE_11NG_HT20(5), Beacon Interval: 100, LOWI_ENCRYPTION_TYPE_WPA_PSK 11mcRanging: No, ANQP: No, LCI: No, Civic: No, capability(0x1411): ESS Privacy ShortSlotTime
11-20 00:01:06.447 D/LOWI-9.0.0.80( 1026): [LOWI-Scan] BSS 2c:57:41:86:90:a1 FREQ: 2462, cFreq1[40:80:160] = [0:0:0] cFreq2 = 0 Country Code = US
11-20 00:01:06.447 D/LOWI-9.0.0.80( 1026): [LOWI-Scan] BSS 2c:57:41:86:90:a1 (wlan0) ASSO: NO AddInfo: 0x0, TSF 0, 08:12:34.150, RSSI: -142, CPL: 2, AGE: 0,  SSID kittyhawk, TSFDelta: 0x0, TXRate: 0
11-20 00:01:06.447 D/LOWI-9.0.0.80( 1026): [LOWI-Scan] 
11-20 00:01:06.447 D/LOWI-9.0.0.80( 1026): [LOWI-Scan] print_bss_handler: Report Probe TSF 29554150358 as it greater than Beacon TSF 29455052195
11-20 00:01:06.447 I/LOWI-9.0.0.80( 1026): [LOWI-Scan] RSN_IE
11-20 00:01:06.447 D/LOWI-9.0.0.80( 1026): [LOWI-Scan] decode_rsn_wpa_ie: Entered
11-20 00:01:06.447 D/LOWI-9.0.0.80( 1026): [LOWIUtils] hexDump: msg(30 14 01 00 00 0f ac 04 01 00 00 0f ac 04 01 00 00 0f ac 02 )
11-20 00:01:06.447 D/LOWI-9.0.0.80( 1026): [LOWI-Scan] decode_rsn_wpa_ie: LOWI_ENCRYPTION_TYPE_WPA_PSK
11-20 00:01:06.448 D/LOWI-9.0.0.80( 1026): [LOWI-Scan] is_qcom_ie, bss_age: 45
11-20 00:01:06.448 D/LOWI-9.0.0.80( 1026): [LOWI-Scan] BSS 18:64:72:60:2b:40 LOWI_PHY_MODE_11NG_HT20(5), Beacon Interval: 100, LOWI_ENCRYPTION_TYPE_WPA_PSK 11mcRanging: No, ANQP: No, LCI: No, Civic: No, capability(0x0431): ESS Privacy ShortPreamble ShortSlotTime
11-20 00:01:06.448 D/LOWI-9.0.0.80( 1026): [LOWI-Scan] BSS 18:64:72:60:2b:40 FREQ: 2412, cFreq1[40:80:160] = [0:0:0] cFreq2 = 0 Country Code =    
11-20 00:01:06.448 D/LOWI-9.0.0.80( 1026): [LOWI-Scan] BSS 18:64:72:60:2b:40 (wlan0) ASSO: NO AddInfo: 0x0, TSF 0, 08:12:34.150, RSSI: -140, CPL: 127, AGE: 0,  SSID lab-t24103779, TSFDelta: 0x0, TXRate: 0
11-20 00:01:06.448 D/LOWI-9.0.0.80( 1026): [LOWI-Scan] 
11-20 00:01:06.448 D/LOWI-9.0.0.80( 1026): [LOWI-Scan] print_bss_handler: Report Probe TSF 29554150516 as it greater than Beacon TSF 29475594357
11-20 00:01:06.448 I/LOWI-9.0.0.80( 1026): [LOWI-Scan] RSN_IE
11-20 00:01:06.449 D/LOWI-9.0.0.80( 1026): [LOWI-Scan] decode_rsn_wpa_ie: Entered
11-20 00:01:06.449 D/LOWI-9.0.0.80( 1026): [LOWIUtils] hexDump: msg(30 14 01 00 00 0f ac 04 01 00 00 0f ac 04 01 00 00 0f ac 02 )
11-20 00:01:06.449 D/LOWI-9.0.0.80( 1026): [LOWI-Scan] decode_rsn_wpa_ie: LOWI_ENCRYPTION_TYPE_WPA_PSK
11-20 00:01:06.449 D/LOWI-9.0.0.80( 1026): [LOWI-Scan] is_qcom_ie, bss_age: 44
11-20 00:01:06.449 D/LOWI-9.0.0.80( 1026): [LOWI-Scan] BSS 2c:57:41:89:53:21 LOWI_PHY_MODE_11NG_HT20(5), Beacon Interval: 100, LOWI_ENCRYPTION_TYPE_WPA_PSK 11mcRanging: No, ANQP: No, LCI: No, Civic: No, capability(0x1411): ESS Privacy ShortSlotTime
11-20 00:01:06.449 D/LOWI-9.0.0.80( 1026): [LOWI-Scan] BSS 2c:57:41:89:53:21 FREQ: 2412, cFreq1[40:80:160] = [0:0:0] cFreq2 = 0 Country Code = US
11-20 00:01:06.449 D/LOWI-9.0.0.80( 1026): [LOWI-Scan] BSS 2c:57:41:89:53:21 (wlan0) ASSO: NO AddInfo: 0x0, TSF 0, 08:12:34.150, RSSI: -152, CPL: 3, AGE: 0,  SSID kittyhawk, TSFDelta: 0x0, TXRate: 0
11-20 00:01:06.450 D/LOWI-9.0.0.80( 1026): [LOWI-Scan] 
11-20 00:01:06.450 D/LOWI-9.0.0.80( 1026): [LOWI-Scan] print_bss_handler: Report Probe TSF 29554150341 as it greater than Beacon TSF 29377452141
11-20 00:01:06.450 I/LOWI-9.0.0.80( 1026): [LOWI-Scan] RSN_IE
11-20 00:01:06.450 D/LOWI-9.0.0.80( 1026): [LOWI-Scan] decode_rsn_wpa_ie: Entered
11-20 00:01:06.450 D/LOWI-9.0.0.80( 1026): [LOWIUtils] hexDump: msg(30 14 01 00 00 0f ac 04 01 00 00 0f ac 04 01 00 00 0f ac 02 )
11-20 00:01:06.450 D/LOWI-9.0.0.80( 1026): [LOWI-Scan] decode_rsn_wpa_ie: LOWI_ENCRYPTION_TYPE_WPA_PSK
11-20 00:01:06.450 D/LOWI-9.0.0.80( 1026): [LOWI-Scan] is_qcom_ie, bss_age: 42
11-20 00:01:06.450 D/LOWI-9.0.0.80( 1026): [LOWI-Scan] BSS 52:b8:14:37:74:3f LOWI_PHY_MODE_11AC_VHT20_2G(11), Beacon Interval: 100, LOWI_ENCRYPTION_TYPE_WPA_PSK 11mcRanging: No, ANQP: No, LCI: No, Civic: No, capability(0x1431): ESS Privacy ShortPreamble ShortSlotTime
11-20 00:01:06.450 D/LOWI-9.0.0.80( 1026): [LOWI-Scan] BSS 52:b8:14:37:74:3f FREQ: 2417, cFreq1[40:80:160] = [0:0:0] cFreq2 = 0 Country Code =    
11-20 00:01:06.450 D/LOWI-9.0.0.80( 1026): [LOWI-Scan] BSS 52:b8:14:37:74:3f (wlan0) ASSO: NO AddInfo: 0x0, TSF 0, 08:12:34.150, RSSI: -114, CPL: 127, AGE: 0,  SSID Pixel_8668, TSFDelta: 0x0, TXRate: 0
11-20 00:01:06.451 D/LOWI-9.0.0.80( 1026): [LOWI-Scan] 
11-20 00:01:06.451 D/LOWI-9.0.0.80( 1026): [LOWI-Scan] print_bss_handler: Report Probe TSF 29554150497 as it greater than Beacon TSF 29455052250
11-20 00:01:06.451 I/LOWI-9.0.0.80( 1026): [LOWI-Scan] RSN_IE
11-20 00:01:06.451 D/LOWI-9.0.0.80( 1026): [LOWI-Scan] decode_rsn_wpa_ie: Entered
11-20 00:01:06.451 D/LOWI-9.0.0.80( 1026): [LOWIUtils] hexDump: msg(30 14 01 00 00 0f ac 04 01 00 00 0f ac 04 01 00 00 0f ac 02 )
11-20 00:01:06.451 D/LOWI-9.0.0.80( 1026): [LOWI-Scan] decode_rsn_wpa_ie: LOWI_ENCRYPTION_TYPE_WPA_PSK
11-20 00:01:06.451 D/LOWI-9.0.0.80( 1026): [LOWI-Scan] is_qcom_ie, bss_age: 2
11-20 00:01:06.451 D/LOWI-9.0.0.80( 1026): [LOWI-Scan] BSS 2c:57:41:86:85:21 LOWI_PHY_MODE_11NG_HT20(5), Beacon Interval: 100, LOWI_ENCRYPTION_TYPE_WPA_PSK 11mcRanging: No, ANQP: No, LCI: No, Civic: No, capability(0x1411): ESS Privacy ShortSlotTime
11-20 00:01:06.451 D/LOWI-9.0.0.80( 1026): [LOWI-Scan] BSS 2c:57:41:86:85:21 FREQ: 2462, cFreq1[40:80:160] = [0:0:0] cFreq2 = 0 Country Code = US
11-20 00:01:06.451 D/LOWI-9.0.0.80( 1026): [LOWI-Scan] BSS 2c:57:41:86:85:21 (wlan0) ASSO: NO AddInfo: 0x0, TSF 0, 08:12:34.150, RSSI: -154, CPL: 2, AGE: 0,  SSID kittyhawk, TSFDelta: 0x0, TXRate: 0
11-20 00:01:06.452 D/LOWI-9.0.0.80( 1026): [LOWI-Scan] 
11-20 00:01:06.452 D/LOWI-9.0.0.80( 1026): [LOWI-Scan] print_bss_handler: Report Probe TSF 29524893739 as it greater than Beacon TSF 0
11-20 00:01:06.452 I/LOWI-9.0.0.80( 1026): [LOWI-Scan] RSN_IE
11-20 00:01:06.452 D/LOWI-9.0.0.80( 1026): [LOWI-Scan] decode_rsn_wpa_ie: Entered
11-20 00:01:06.452 D/LOWI-9.0.0.80( 1026): [LOWIUtils] hexDump: msg(30 14 01 00 00 0f ac 04 01 00 00 0f ac 04 01 00 00 0f ac 02 )
11-20 00:01:06.452 D/LOWI-9.0.0.80( 1026): [LOWI-Scan] decode_rsn_wpa_ie: LOWI_ENCRYPTION_TYPE_WPA_PSK
11-20 00:01:06.452 D/LOWI-9.0.0.80( 1026): [LOWI-Scan] is_qcom_ie, bss_age: 31
11-20 00:01:06.452 D/LOWI-9.0.0.80( 1026): [LOWI-Scan] adjust_age:AP AGE upper limit reached. Dont store
11-20 00:01:06.452 D/LOWI-9.0.0.80( 1026): [LOWI-Scan] BSS 2c:57:41:86:76:61 LOWI_PHY_MODE_11NG_HT20(5), Beacon Interval: 100, LOWI_ENCRYPTION_TYPE_WPA_PSK 11mcRanging: No, ANQP: No, LCI: No, Civic: No, capability(0x1411): ESS Privacy ShortSlotTime
11-20 00:01:06.452 D/LOWI-9.0.0.80( 1026): [LOWI-Scan] BSS 2c:57:41:86:76:61 FREQ: 2437, cFreq1[40:80:160] = [0:0:0] cFreq2 = 0 Country Code = US
11-20 00:01:06.452 D/LOWI-9.0.0.80( 1026): [LOWI-Scan] BSS 2c:57:41:86:76:61 (wlan0) ASSO: NO AddInfo: 0x0, TSF 0, 08:12:04.893, RSSI: -164, CPL: 2, AGE: 29260,  SSID kittyhawk, TSFDelta: 0x0, TXRate: 0
11-20 00:01:06.453 D/LOWI-9.0.0.80( 1026): [LOWI-Scan] 
11-20 00:01:06.453 D/LOWI-9.0.0.80( 1026): [LOWI-Scan] print_bss_handler: Report Probe TSF 29554150537 as it greater than Beacon TSF 0
11-20 00:01:06.453 I/LOWI-9.0.0.80( 1026): [LOWI-Scan] RSN_IE
11-20 00:01:06.453 D/LOWI-9.0.0.80( 1026): [LOWI-Scan] decode_rsn_wpa_ie: Entered
11-20 00:01:06.453 D/LOWI-9.0.0.80( 1026): [LOWIUtils] hexDump: msg(30 18 01 00 00 0f ac 02 02 00 00 0f ac 02 00 0f ac 04 01 00 00 0f ac 02 )
11-20 00:01:06.453 D/LOWI-9.0.0.80( 1026): [LOWI-Scan] decode_rsn_wpa_ie: LOWI_ENCRYPTION_TYPE_WPA_PSK
11-20 00:01:06.453 D/LOWI-9.0.0.80( 1026): [LOWI-Scan] is_qcom_ie, bss_age: 26
11-20 00:01:06.453 D/LOWI-9.0.0.80( 1026): [LOWI-Scan] BSS 18:4f:32:07:46:03 LOWI_PHY_MODE_11NG_HT20(5), Beacon Interval: 100, LOWI_ENCRYPTION_TYPE_WPA_PSK 11mcRanging: No, ANQP: No, LCI: No, Civic: No, capability(0x0431): ESS Privacy ShortPreamble ShortSlotTime
11-20 00:01:06.453 D/LOWI-9.0.0.80( 1026): [LOWI-Scan] BSS 18:4f:32:07:46:03 FREQ: 2437, cFreq1[40:80:160] = [0:0:0] cFreq2 = 0 Country Code =    
11-20 00:01:06.453 D/LOWI-9.0.0.80( 1026): [LOWI-Scan] BSS 18:4f:32:07:46:03 (wlan0) ASSO: NO AddInfo: 0x0, TSF 0, 08:12:34.150, RSSI: -174, CPL: 127, AGE: 0,  SSID HP-Print-03-LaserJet Pro MFP, TSFDelta: 0x0, TXRate: 0
11-20 00:01:06.454 D/LOWI-9.0.0.80( 1026): [LOWIDiagLog] Log: lowiMeasResult->request: invalid null argument
11-20 00:01:06.454 I/LOWI-9.0.0.80( 1026): [LOWI-Scan] lowi_close_record:Scan done in 29510224ms, 19 APs in scan results
11-20 00:01:06.454 D/LOWI-9.0.0.80( 1026): [LOWI-Scan] WipsScanUsingNL: passive scan cached 0, took 9801 ms, err 0
11-20 00:01:06.454 D/LOWI-9.0.0.80( 1026): [LOWI-Scan] lowi_proc_req_passive_scan_with_live_meas - No WLAN Frames to be parsed
11-20 00:01:06.454 D/LOWI-9.0.0.80( 1026): [LOWIScanResultReceiver] Send scan meas to listener
11-20 00:01:06.454 D/LOWI-9.0.0.80( 1026): [LOWIScanResultReceiver] Enter passive listening mode
11-20 00:01:06.454 D/LOWI-9.0.0.80( 1026): [LOWIWifiDriverInterface] getMeasurements - Passive listening mode
11-20 00:01:06.454 D/LOWI-9.0.0.80( 1026): [LOWI-Scan] WipsScanUsingNL:wait -1 sec for netlink message
11-20 00:01:06.454 D/LOWI-9.0.0.80( 1026): [LOWIEventReceiver] handleEvent:FROM:NA, TO:NA, REQ:NA, IREQ:NA, REQ_ID:0, RESP:NA, INFO:NA
11-20 00:01:06.454 D/LOWI-9.0.0.80( 1026): [LOWIBackgroundScanMgr] isRspForBgScanMgr: evt(LOWI_NO_EVT) - not handled
11-20 00:01:06.454 D/LOWI-9.0.0.80( 1026): [LOWIScheduler] manageMsg: NULL results or NULL request in results
11-20 00:01:06.454 D/LOWI-9.0.0.80( 1026): [LOWIController] Measurements received
11-20 00:01:06.455 D/LOWI-9.0.0.80( 1026): [LOWICacheManager] putInCache:Num of Meas to add: 19
11-20 00:01:06.455 D/LOWI-9.0.0.80( 1026): [LOWIController] processMeasurementResults: No current Request. Cache measurements
11-20 00:01:06.456 D/LOWI-9.0.0.80( 1026): [LOWIControllerExtn] sendLOWILpDiscoveryScanResponse: Not a discovery scan response
11-20 00:01:06.465 D/PasspointManager( 1186): ANQP entry not found for: 12:d7:96:61:85:9f:<Pixel_R5>
11-20 00:01:06.465 D/PasspointManager( 1186): ANQP entry not found for: 5e:6e:be:46:77:d7:<Pixel_R3>
11-20 00:01:06.466 D/PasspointManager( 1186): ANQP entry not found for: fe:2d:5a:49:61:eb:<Pixel_R2>
11-20 00:01:06.466 D/PasspointManager( 1186): ANQP entry not found for: c6:82:9b:4e:b3:9e:<Pixel_R6>
11-20 00:01:06.466 D/PasspointManager( 1186): ANQP entry not found for: ce:dc:12:3b:87:fd:<Pixel5_R1>
11-20 00:01:06.520 D/WifiSharingService( 2870): Sending scanResults intent with status code 0: PendingIntent{79e266c: android.os.BinderProxy@a59371d}
11-20 00:01:06.527 D/CompatibilityInfo( 1186): mCompatibilityFlags - 4
11-20 00:01:06.527 D/CompatibilityInfo( 1186): applicationDensity - 320
11-20 00:01:06.527 D/CompatibilityInfo( 1186): applicationScale - 1.0
11-20 00:01:06.553 D/FacebookRepository( 2334): Reading from Store [906581286488774]
11-20 00:01:06.583 I/WM-WorkerWrapper( 2334): Work [ id=57f248e9-27c9-4baa-bcea-f98e3ece0d1a, tags={ com.facebook.wearable.system.selfcare.cloudsync.SelfCareDataCloudSyncWorker } ] was cancelled
11-20 00:01:06.583 I/WM-WorkerWrapper( 2334): java.util.concurrent.CancellationException: Task was cancelled.
11-20 00:01:06.583 I/WM-WorkerWrapper( 2334): 	at androidx.work.impl.utils.futures.AbstractFuture.getDoneValue(:32)
11-20 00:01:06.583 I/WM-WorkerWrapper( 2334): 	at androidx.work.impl.utils.futures.AbstractFuture.get(:268435546)
11-20 00:01:06.583 I/WM-WorkerWrapper( 2334): 	at androidx.work.impl.WorkerWrapper$2.run(:3)
11-20 00:01:06.583 I/WM-WorkerWrapper( 2334): 	at androidx.work.impl.utils.SerialExecutor$Task.run(:2)
11-20 00:01:06.583 I/WM-WorkerWrapper( 2334): 	at java.util.concurrent.ThreadPoolExecutor.runWorker(ThreadPoolExecutor.java:1167)
11-20 00:01:06.583 I/WM-WorkerWrapper( 2334): 	at java.util.concurrent.ThreadPoolExecutor$Worker.run(ThreadPoolExecutor.java:641)
11-20 00:01:06.583 I/WM-WorkerWrapper( 2334): 	at java.lang.Thread.run(Thread.java:923)
11-20 00:01:06.587 E/SelfCareDataCloudSyncWorker( 2334): Failed to get access token
11-20 00:01:06.587 E/SelfCareDataCloudSyncWorker( 2334): kotlinx.coroutines.JobCancellationException: Job was cancelled; job=JobImpl{Cancelling}@49eb582
11-20 00:01:06.701 D/SettingsSDK::SyncHelper( 2334): Read setting com.facebook.wearable.sdk.selfcare:SELFCARE_SERVICE_ENABLED from persistent cache
11-20 00:01:06.701 D/FacebookRepository( 2334): Reading from Store [906581286488774]
11-20 00:01:06.733 E/SelfCareDataCloudSyncWorker( 2334): Failed to get access token
11-20 00:01:06.733 E/SelfCareDataCloudSyncWorker( 2334): kotlinx.coroutines.JobCancellationException: Job was cancelled; job=JobImpl{Cancelling}@1e4d5fc
11-20 00:01:06.734 I/WM-WorkerWrapper( 2334): Work [ id=57f248e9-27c9-4baa-bcea-f98e3ece0d1a, tags={ com.facebook.wearable.system.selfcare.cloudsync.SelfCareDataCloudSyncWorker } ] was cancelled
11-20 00:01:06.734 I/WM-WorkerWrapper( 2334): java.util.concurrent.CancellationException: Task was cancelled.
11-20 00:01:06.734 I/WM-WorkerWrapper( 2334): 	at androidx.work.impl.utils.futures.AbstractFuture.getDoneValue(:32)
11-20 00:01:06.734 I/WM-WorkerWrapper( 2334): 	at androidx.work.impl.utils.futures.AbstractFuture.get(:268435546)
11-20 00:01:06.734 I/WM-WorkerWrapper( 2334): 	at androidx.work.impl.WorkerWrapper$2.run(:3)
11-20 00:01:06.734 I/WM-WorkerWrapper( 2334): 	at androidx.work.impl.utils.SerialExecutor$Task.run(:2)
11-20 00:01:06.734 I/WM-WorkerWrapper( 2334): 	at java.util.concurrent.ThreadPoolExecutor.runWorker(ThreadPoolExecutor.java:1167)
11-20 00:01:06.734 I/WM-WorkerWrapper( 2334): 	at java.util.concurrent.ThreadPoolExecutor$Worker.run(ThreadPoolExecutor.java:641)
11-20 00:01:06.734 I/WM-WorkerWrapper( 2334): 	at java.lang.Thread.run(Thread.java:923)
11-20 00:01:06.759 D/mcu_health_checker(  934): Sent MCU Health Request
11-20 00:01:06.760 D/commandrouter( 1006): SocServiceHandle::onServiceMessage, SoC Service = mcu_healthcheck_934, appType = 1, type = SVC_REQ, clientId = 0, token = 491, payloadLen = 20, result = 0, payload.size() = 20
11-20 00:01:06.763 D/commandrouter( 1006): mcu_healthcheck_934 (1, merlot:mcu_health:control): <ServiceResponse> FORWARDED (remote -> local) CR token ID = 491, service client ID = 5, token ID = 15680, result = 0
11-20 00:01:06.764 D/mcu_health_checker(  934): MCU Health Response: MCU_OK
11-20 00:01:06.764 D/mcu_health_checker(  934): MCU Session 0, uptime = 29516946 ms
11-20 00:01:06.764 D/mcu_health_checker(  934): mSensorErrs[0]: 0
11-20 00:01:06.765 D/mcu_health_checker(  934): mSensorErrs[1]: 0
11-20 00:01:06.765 D/mcu_health_checker(  934): mSensorErrs[2]: 0
11-20 00:01:06.869 D/SettingsSDK::SyncHelper( 2334): Read setting com.facebook.wearable.sdk.selfcare:SELFCARE_SERVICE_ENABLED from persistent cache
11-20 00:01:06.869 D/FacebookRepository( 2334): Reading from Store [906581286488774]
11-20 00:01:06.897 E/SelfCareDataCloudSyncWorker( 2334): Failed to get access token
11-20 00:01:06.897 E/SelfCareDataCloudSyncWorker( 2334): kotlinx.coroutines.JobCancellationException: Job was cancelled; job=JobImpl{Cancelling}@6fbe2a6
11-20 00:01:06.897 I/WM-WorkerWrapper( 2334): Work [ id=57f248e9-27c9-4baa-bcea-f98e3ece0d1a, tags={ com.facebook.wearable.system.selfcare.cloudsync.SelfCareDataCloudSyncWorker } ] was cancelled
11-20 00:01:06.897 I/WM-WorkerWrapper( 2334): java.util.concurrent.CancellationException: Task was cancelled.
11-20 00:01:06.897 I/WM-WorkerWrapper( 2334): 	at androidx.work.impl.utils.futures.AbstractFuture.getDoneValue(:32)
11-20 00:01:06.897 I/WM-WorkerWrapper( 2334): 	at androidx.work.impl.utils.futures.AbstractFuture.get(:268435546)
11-20 00:01:06.897 I/WM-WorkerWrapper( 2334): 	at androidx.work.impl.WorkerWrapper$2.run(:3)
11-20 00:01:06.897 I/WM-WorkerWrapper( 2334): 	at androidx.work.impl.utils.SerialExecutor$Task.run(:2)
11-20 00:01:06.897 I/WM-WorkerWrapper( 2334): 	at java.util.concurrent.ThreadPoolExecutor.runWorker(ThreadPoolExecutor.java:1167)
11-20 00:01:06.897 I/WM-WorkerWrapper( 2334): 	at java.util.concurrent.ThreadPoolExecutor$Worker.run(ThreadPoolExecutor.java:641)
11-20 00:01:06.897 I/WM-WorkerWrapper( 2334): 	at java.lang.Thread.run(Thread.java:923)
11-20 00:01:07.029 D/SettingsSDK::SyncHelper( 2334): Read setting com.facebook.wearable.sdk.selfcare:SELFCARE_SERVICE_ENABLED from persistent cache
11-20 00:01:07.030 D/FacebookRepository( 2334): Reading from Store [906581286488774]
11-20 00:01:07.067 E/SelfCareDataCloudSyncWorker( 2334): Failed to get access token
11-20 00:01:07.067 E/SelfCareDataCloudSyncWorker( 2334): kotlinx.coroutines.JobCancellationException: Job was cancelled; job=JobImpl{Cancelling}@fccfa00
11-20 00:01:07.067 I/WM-WorkerWrapper( 2334): Work [ id=57f248e9-27c9-4baa-bcea-f98e3ece0d1a, tags={ com.facebook.wearable.system.selfcare.cloudsync.SelfCareDataCloudSyncWorker } ] was cancelled
11-20 00:01:07.067 I/WM-WorkerWrapper( 2334): java.util.concurrent.CancellationException: Task was cancelled.
11-20 00:01:07.067 I/WM-WorkerWrapper( 2334): 	at androidx.work.impl.utils.futures.AbstractFuture.getDoneValue(:32)
11-20 00:01:07.067 I/WM-WorkerWrapper( 2334): 	at androidx.work.impl.utils.futures.AbstractFuture.get(:268435546)
11-20 00:01:07.067 I/WM-WorkerWrapper( 2334): 	at androidx.work.impl.WorkerWrapper$2.run(:3)
11-20 00:01:07.067 I/WM-WorkerWrapper( 2334): 	at androidx.work.impl.utils.SerialExecutor$Task.run(:2)
11-20 00:01:07.067 I/WM-WorkerWrapper( 2334): 	at java.util.concurrent.ThreadPoolExecutor.runWorker(ThreadPoolExecutor.java:1167)
11-20 00:01:07.067 I/WM-WorkerWrapper( 2334): 	at java.util.concurrent.ThreadPoolExecutor$Worker.run(ThreadPoolExecutor.java:641)
11-20 00:01:07.067 I/WM-WorkerWrapper( 2334): 	at java.lang.Thread.run(Thread.java:923)
11-20 00:01:07.187 D/SettingsSDK::SyncHelper( 2334): Read setting com.facebook.wearable.sdk.selfcare:SELFCARE_SERVICE_ENABLED from persistent cache
11-20 00:01:07.187 D/FacebookRepository( 2334): Reading from Store [906581286488774]
11-20 00:01:07.220 E/SelfCareDataCloudSyncWorker( 2334): Failed to get access token
11-20 00:01:07.220 E/SelfCareDataCloudSyncWorker( 2334): kotlinx.coroutines.JobCancellationException: Job was cancelled; job=JobImpl{Cancelling}@174468a
11-20 00:01:07.220 I/WM-WorkerWrapper( 2334): Work [ id=57f248e9-27c9-4baa-bcea-f98e3ece0d1a, tags={ com.facebook.wearable.system.selfcare.cloudsync.SelfCareDataCloudSyncWorker } ] was cancelled
11-20 00:01:07.220 I/WM-WorkerWrapper( 2334): java.util.concurrent.CancellationException: Task was cancelled.
11-20 00:01:07.220 I/WM-WorkerWrapper( 2334): 	at androidx.work.impl.utils.futures.AbstractFuture.getDoneValue(:32)
11-20 00:01:07.220 I/WM-WorkerWrapper( 2334): 	at androidx.work.impl.utils.futures.AbstractFuture.get(:268435546)
11-20 00:01:07.220 I/WM-WorkerWrapper( 2334): 	at androidx.work.impl.WorkerWrapper$2.run(:3)
11-20 00:01:07.220 I/WM-WorkerWrapper( 2334): 	at androidx.work.impl.utils.SerialExecutor$Task.run(:2)
11-20 00:01:07.220 I/WM-WorkerWrapper( 2334): 	at java.util.concurrent.ThreadPoolExecutor.runWorker(ThreadPoolExecutor.java:1167)
11-20 00:01:07.220 I/WM-WorkerWrapper( 2334): 	at java.util.concurrent.ThreadPoolExecutor$Worker.run(ThreadPoolExecutor.java:641)
11-20 00:01:07.220 I/WM-WorkerWrapper( 2334): 	at java.lang.Thread.run(Thread.java:923)
11-20 00:01:07.348 D/SettingsSDK::SyncHelper( 2334): Read setting com.facebook.wearable.sdk.selfcare:SELFCARE_SERVICE_ENABLED from persistent cache
11-20 00:01:07.349 D/FacebookRepository( 2334): Reading from Store [906581286488774]
11-20 00:01:07.383 E/SelfCareDataCloudSyncWorker( 2334): Failed to get access token
11-20 00:01:07.383 E/SelfCareDataCloudSyncWorker( 2334): kotlinx.coroutines.JobCancellationException: Job was cancelled; job=JobImpl{Cancelling}@cc89ec4
11-20 00:01:07.383 I/WM-WorkerWrapper( 2334): Work [ id=57f248e9-27c9-4baa-bcea-f98e3ece0d1a, tags={ com.facebook.wearable.system.selfcare.cloudsync.SelfCareDataCloudSyncWorker } ] was cancelled
11-20 00:01:07.383 I/WM-WorkerWrapper( 2334): java.util.concurrent.CancellationException: Task was cancelled.
11-20 00:01:07.383 I/WM-WorkerWrapper( 2334): 	at androidx.work.impl.utils.futures.AbstractFuture.getDoneValue(:32)
11-20 00:01:07.383 I/WM-WorkerWrapper( 2334): 	at androidx.work.impl.utils.futures.AbstractFuture.get(:268435546)
11-20 00:01:07.383 I/WM-WorkerWrapper( 2334): 	at androidx.work.impl.WorkerWrapper$2.run(:3)
11-20 00:01:07.383 I/WM-WorkerWrapper( 2334): 	at androidx.work.impl.utils.SerialExecutor$Task.run(:2)
11-20 00:01:07.383 I/WM-WorkerWrapper( 2334): 	at java.util.concurrent.ThreadPoolExecutor.runWorker(ThreadPoolExecutor.java:1167)
11-20 00:01:07.383 I/WM-WorkerWrapper( 2334): 	at java.util.concurrent.ThreadPoolExecutor$Worker.run(ThreadPoolExecutor.java:641)
11-20 00:01:07.383 I/WM-WorkerWrapper( 2334): 	at java.lang.Thread.run(Thread.java:923)
11-20 00:01:07.507 D/SettingsSDK::SyncHelper( 2334): Read setting com.facebook.wearable.sdk.selfcare:SELFCARE_SERVICE_ENABLED from persistent cache
11-20 00:01:07.507 D/FacebookRepository( 2334): Reading from Store [906581286488774]
11-20 00:01:07.543 E/SelfCareDataCloudSyncWorker( 2334): Failed to get access token
11-20 00:01:07.543 E/SelfCareDataCloudSyncWorker( 2334): kotlinx.coroutines.JobCancellationException: Job was cancelled; job=JobImpl{Cancelling}@ba6252e
11-20 00:01:07.543 I/WM-WorkerWrapper( 2334): Work [ id=57f248e9-27c9-4baa-bcea-f98e3ece0d1a, tags={ com.facebook.wearable.system.selfcare.cloudsync.SelfCareDataCloudSyncWorker } ] was cancelled
11-20 00:01:07.543 I/WM-WorkerWrapper( 2334): java.util.concurrent.CancellationException: Task was cancelled.
11-20 00:01:07.543 I/WM-WorkerWrapper( 2334): 	at androidx.work.impl.utils.futures.AbstractFuture.getDoneValue(:32)
11-20 00:01:07.543 I/WM-WorkerWrapper( 2334): 	at androidx.work.impl.utils.futures.AbstractFuture.get(:268435546)
11-20 00:01:07.543 I/WM-WorkerWrapper( 2334): 	at androidx.work.impl.WorkerWrapper$2.run(:3)
11-20 00:01:07.543 I/WM-WorkerWrapper( 2334): 	at androidx.work.impl.utils.SerialExecutor$Task.run(:2)
11-20 00:01:07.543 I/WM-WorkerWrapper( 2334): 	at java.util.concurrent.ThreadPoolExecutor.runWorker(ThreadPoolExecutor.java:1167)
11-20 00:01:07.543 I/WM-WorkerWrapper( 2334): 	at java.util.concurrent.ThreadPoolExecutor$Worker.run(ThreadPoolExecutor.java:641)
11-20 00:01:07.543 I/WM-WorkerWrapper( 2334): 	at java.lang.Thread.run(Thread.java:923)
11-20 00:01:08.264 D/SettingsSDK::SyncHelper( 2334): Read setting com.facebook.wearable.sdk.selfcare:SELFCARE_SERVICE_ENABLED from persistent cache
11-20 00:01:08.265 D/FacebookRepository( 2334): Reading from Store [906581286488774]
11-20 00:01:08.383 E/SelfCareDataCloudSyncWorker( 2334): Failed to get access token
11-20 00:01:08.383 E/SelfCareDataCloudSyncWorker( 2334): kotlinx.coroutines.JobCancellationException: Job was cancelled; job=JobImpl{Cancelling}@ae3e848
11-20 00:01:08.383 I/WM-WorkerWrapper( 2334): Work [ id=57f248e9-27c9-4baa-bcea-f98e3ece0d1a, tags={ com.facebook.wearable.system.selfcare.cloudsync.SelfCareDataCloudSyncWorker } ] was cancelled
11-20 00:01:08.383 I/WM-WorkerWrapper( 2334): java.util.concurrent.CancellationException: Task was cancelled.
11-20 00:01:08.383 I/WM-WorkerWrapper( 2334): 	at androidx.work.impl.utils.futures.AbstractFuture.getDoneValue(:32)
11-20 00:01:08.383 I/WM-WorkerWrapper( 2334): 	at androidx.work.impl.utils.futures.AbstractFuture.get(:268435546)
11-20 00:01:08.383 I/WM-WorkerWrapper( 2334): 	at androidx.work.impl.WorkerWrapper$2.run(:3)
11-20 00:01:08.383 I/WM-WorkerWrapper( 2334): 	at androidx.work.impl.utils.SerialExecutor$Task.run(:2)
11-20 00:01:08.383 I/WM-WorkerWrapper( 2334): 	at java.util.concurrent.ThreadPoolExecutor.runWorker(ThreadPoolExecutor.java:1167)
11-20 00:01:08.383 I/WM-WorkerWrapper( 2334): 	at java.util.concurrent.ThreadPoolExecutor$Worker.run(ThreadPoolExecutor.java:641)
11-20 00:01:08.383 I/WM-WorkerWrapper( 2334): 	at java.lang.Thread.run(Thread.java:923)
11-20 00:01:08.490 D/SettingsSDK::SyncHelper( 2334): Read setting com.facebook.wearable.sdk.selfcare:SELFCARE_SERVICE_ENABLED from persistent cache
11-20 00:01:08.491 D/FacebookRepository( 2334): Reading from Store [906581286488774]
11-20 00:01:08.522 E/SelfCareDataCloudSyncWorker( 2334): Failed to get access token
11-20 00:01:08.522 E/SelfCareDataCloudSyncWorker( 2334): kotlinx.coroutines.JobCancellationException: Job was cancelled; job=JobImpl{Cancelling}@c95301d
11-20 00:01:08.522 I/WM-WorkerWrapper( 2334): Work [ id=57f248e9-27c9-4baa-bcea-f98e3ece0d1a, tags={ com.facebook.wearable.system.selfcare.cloudsync.SelfCareDataCloudSyncWorker } ] was cancelled
11-20 00:01:08.522 I/WM-WorkerWrapper( 2334): java.util.concurrent.CancellationException: Task was cancelled.
11-20 00:01:08.522 I/WM-WorkerWrapper( 2334): 	at androidx.work.impl.utils.futures.AbstractFuture.getDoneValue(:32)
11-20 00:01:08.522 I/WM-WorkerWrapper( 2334): 	at androidx.work.impl.utils.futures.AbstractFuture.get(:268435546)
11-20 00:01:08.522 I/WM-WorkerWrapper( 2334): 	at androidx.work.impl.WorkerWrapper$2.run(:3)
11-20 00:01:08.522 I/WM-WorkerWrapper( 2334): 	at androidx.work.impl.utils.SerialExecutor$Task.run(:2)
11-20 00:01:08.522 I/WM-WorkerWrapper( 2334): 	at java.util.concurrent.ThreadPoolExecutor.runWorker(ThreadPoolExecutor.java:1167)
11-20 00:01:08.522 I/WM-WorkerWrapper( 2334): 	at java.util.concurrent.ThreadPoolExecutor$Worker.run(ThreadPoolExecutor.java:641)
11-20 00:01:08.522 I/WM-WorkerWrapper( 2334): 	at java.lang.Thread.run(Thread.java:923)
11-20 00:01:08.649 D/SettingsSDK::SyncHelper( 2334): Read setting com.facebook.wearable.sdk.selfcare:SELFCARE_SERVICE_ENABLED from persistent cache
11-20 00:01:08.649 D/FacebookRepository( 2334): Reading from Store [906581286488774]
11-20 00:01:08.682 E/SelfCareDataCloudSyncWorker( 2334): Failed to get access token
11-20 00:01:08.682 E/SelfCareDataCloudSyncWorker( 2334): kotlinx.coroutines.JobCancellationException: Job was cancelled; job=JobImpl{Cancelling}@131ba8c
11-20 00:01:08.682 I/WM-WorkerWrapper( 2334): Work [ id=57f248e9-27c9-4baa-bcea-f98e3ece0d1a, tags={ com.facebook.wearable.system.selfcare.cloudsync.SelfCareDataCloudSyncWorker } ] was cancelled
11-20 00:01:08.682 I/WM-WorkerWrapper( 2334): java.util.concurrent.CancellationException: Task was cancelled.
11-20 00:01:08.682 I/WM-WorkerWrapper( 2334): 	at androidx.work.impl.utils.futures.AbstractFuture.getDoneValue(:32)
11-20 00:01:08.682 I/WM-WorkerWrapper( 2334): 	at androidx.work.impl.utils.futures.AbstractFuture.get(:268435546)
11-20 00:01:08.682 I/WM-WorkerWrapper( 2334): 	at androidx.work.impl.WorkerWrapper$2.run(:3)
11-20 00:01:08.682 I/WM-WorkerWrapper( 2334): 	at androidx.work.impl.utils.SerialExecutor$Task.run(:2)
11-20 00:01:08.682 I/WM-WorkerWrapper( 2334): 	at java.util.concurrent.ThreadPoolExecutor.runWorker(ThreadPoolExecutor.java:1167)
11-20 00:01:08.682 I/WM-WorkerWrapper( 2334): 	at java.util.concurrent.ThreadPoolExecutor$Worker.run(ThreadPoolExecutor.java:641)
11-20 00:01:08.682 I/WM-WorkerWrapper( 2334): 	at java.lang.Thread.run(Thread.java:923)
11-20 00:01:08.771 D/UIAutomatorStub(29800): URI: /jsonrpc/0, Method: POST, Header: {content-length=229, remote-addr=127.0.0.1, http-client-ip=127.0.0.1, host=localhost:9012, content-type=application/json, accept-encoding=identity}, params, {NanoHttpd.QUERY_STRING=null}, files: {postData={"jsonrpc": "2.0", "method": "objInfo", "id": "d6d373a4519409bb1e66715e24eaca04", "params": [{"mask": 2097152, "childOrSibling": [], "childOrSiblingSelector": [], "resourceId": "com.facebook.wearable.system.settings:id/toggle"}]}}
11-20 00:01:08.816 D/SettingsSDK::SyncHelper( 2334): Read setting com.facebook.wearable.sdk.selfcare:SELFCARE_SERVICE_ENABLED from persistent cache
11-20 00:01:08.816 D/FacebookRepository( 2334): Reading from Store [906581286488774]
11-20 00:01:08.848 E/SelfCareDataCloudSyncWorker( 2334): Failed to get access token
11-20 00:01:08.848 E/SelfCareDataCloudSyncWorker( 2334): kotlinx.coroutines.JobCancellationException: Job was cancelled; job=JobImpl{Cancelling}@9076a51
11-20 00:01:08.848 I/WM-WorkerWrapper( 2334): Work [ id=57f248e9-27c9-4baa-bcea-f98e3ece0d1a, tags={ com.facebook.wearable.system.selfcare.cloudsync.SelfCareDataCloudSyncWorker } ] was cancelled
11-20 00:01:08.848 I/WM-WorkerWrapper( 2334): java.util.concurrent.CancellationException: Task was cancelled.
11-20 00:01:08.848 I/WM-WorkerWrapper( 2334): 	at androidx.work.impl.utils.futures.AbstractFuture.getDoneValue(:32)
11-20 00:01:08.848 I/WM-WorkerWrapper( 2334): 	at androidx.work.impl.utils.futures.AbstractFuture.get(:268435546)
11-20 00:01:08.848 I/WM-WorkerWrapper( 2334): 	at androidx.work.impl.WorkerWrapper$2.run(:3)
11-20 00:01:08.848 I/WM-WorkerWrapper( 2334): 	at androidx.work.impl.utils.SerialExecutor$Task.run(:2)
11-20 00:01:08.848 I/WM-WorkerWrapper( 2334): 	at java.util.concurrent.ThreadPoolExecutor.runWorker(ThreadPoolExecutor.java:1167)
11-20 00:01:08.848 I/WM-WorkerWrapper( 2334): 	at java.util.concurrent.ThreadPoolExecutor$Worker.run(ThreadPoolExecutor.java:641)
11-20 00:01:08.848 I/WM-WorkerWrapper( 2334): 	at java.lang.Thread.run(Thread.java:923)
11-20 00:01:08.874 D/UIAutomatorStub(29800): URI: /jsonrpc/0, Method: POST, Header: {content-length=227, remote-addr=127.0.0.1, http-client-ip=127.0.0.1, host=localhost:9012, content-type=application/json, accept-encoding=identity}, params, {NanoHttpd.QUERY_STRING=null}, files: {postData={"jsonrpc": "2.0", "method": "click", "id": "3ce1d3e410a0a08025a2e4d089edddec", "params": [{"mask": 2097152, "childOrSibling": [], "childOrSiblingSelector": [], "resourceId": "com.facebook.wearable.system.settings:id/toggle"}]}}
11-20 00:01:08.904 D/ConnectivityService( 1186): handleLingerComplete for [101 CELLULAR]
11-20 00:01:08.940 D/WifiSharingService( 2870): Setting Wi-Fi enabled state
11-20 00:01:08.941 I/WifiService( 1186): setWifiEnabled package=com.facebook.wearable.system.connectivity uid=1000 enable=false
11-20 00:01:08.945 D/QCNEJ/WlanStaInfoRelay( 1907): onChange for uri = content://settings/global/wifi_on
11-20 00:01:08.951 E/QMI_FW  (  915): qmi_cci_get_ref: ref count increased 2
11-20 00:01:08.961 W/MqttClient( 2620): connection/disconnecting; reason=READ_SOCKET, operation=NETWORK_THREAD_LOOP
11-20 00:01:08.965 D/WifiActiveModeWarden( 1186): Switching all client mode managers
11-20 00:01:08.970 D/QCNEJ/WwanInfoRelay( 1907): onCapabilitiesChanged: 101 [ Transports: CELLULAR Capabilities: MMS&SUPL&FOTA&INTERNET&NOT_RESTRICTED&TRUSTED&NOT_VPN&VALIDATED&NOT_ROAMING&NOT_CONGESTED&NOT_SUSPENDED LinkUpBandwidth>=15000Kbps LinkDnBandwidth>=30000Kbps Specifier: <TelephonyNetworkSpecifier [mSubId = 1]> AdministratorUids: [] RequestorUid: -1 RequestorPackageName: null]
11-20 00:01:08.974 D/BluetoothAdapterService( 1710): android.net.wifi.WIFI_STATE_CHANGED
11-20 00:01:08.977 D/WifiP2pService( 1186): Wifi enabled=false, P2P Interface availability=true
11-20 00:01:08.977 D/WifiP2pNative( 1186): Teardown P2P interface
11-20 00:01:08.977 D/WifiP2pService( 1186): Wifi enabled=false, P2P Interface availability=true
11-20 00:01:08.978 I/QCNEJ/WwanInfoRelay( 1907): cacheWwanInfo subId = 1 phoneId = 0 slotId = 0
11-20 00:01:08.981 W/HWComposer(  598): Ignoring duplicate VSYNC event from HWC for display 0 (t=29556706387369)
11-20 00:01:08.983 D/WifiClientModeManager0( 1186): IMS not registered over IWLAN for subId: 1
11-20 00:01:08.983 D/WifiClientModeManager0( 1186): The target role 5
11-20 00:01:08.988 W/System.err( 2620): DEBUG: com.whatsapp.net.tls13.WtSocketWrapper.sendAlertAndShutdown(:86) : Sending Alert : type : WARNING description : close_notify(0) exception : 
11-20 00:01:08.993 W/System.err( 2620): ERROR: com.whatsapp.net.logging.WtLog.log$REDEX$HQcOuACUrr4(:4) : Encountered exception. Nothing much can be done here. com.whatsapp.net.alerts.WtAlertException
11-20 00:01:08.998 I/android_os_HwBinder( 1186): HwBinder: Starting thread pool for getting: android.hardware.wifi.supplicant@1.0::ISupplicant/default
11-20 00:01:09.002 I/wpa_supplicant(19263): wlan0: Do not deauthenticate as part of interface deinit since WoWLAN is enabled
11-20 00:01:09.005 W/ContextImpl( 1186): Calling a method in the system process without a qualified user: android.app.ContextImpl.sendBroadcastMultiplePermissions:1143 android.content.Context.sendBroadcastWithMultiplePermissions:2150 com.android.server.display.WifiDisplayAdapter.handleSendStatusChangeBroadcast:440 com.android.server.display.WifiDisplayAdapter.access$1700:63 com.android.server.display.WifiDisplayAdapter$WifiDisplayHandler.handleMessage:675 
11-20 00:01:09.027 D/SettingsSDK::SyncHelper( 2334): Read setting com.facebook.wearable.sdk.selfcare:SELFCARE_SERVICE_ENABLED from persistent cache
11-20 00:01:09.027 D/FacebookRepository( 2334): Reading from Store [906581286488774]
11-20 00:01:09.039 E/QMI_FW  ( 1042): qmi_cci_get_ref: ref count increased 2
11-20 00:01:09.043 E/QMI_FW  ( 1042): qmi_cci_get_ref: ref count increased 2
11-20 00:01:09.043 E/QMI_FW  ( 1042): qmi_cci_get_ref: ref count increased 2
11-20 00:01:09.044 I/wpa_supplicant(19263): Try to unregister vendor STA network
11-20 00:01:09.051 E/wpa_supplicant(19263): eap_proxy: pthread_join on eap_proxy=0x7775eac
11-20 00:01:09.055 E/wpa_supplicant(19263): eap_proxy: session not started for client = 1
11-20 00:01:09.055 E/QMI_FW  (19263): qmi_cci_get_ref: ref count increased 2
11-20 00:01:09.055 E/QMI_FW  (19263): qmi_cci_get_ref: ref count increased 2
11-20 00:01:09.057 E/wpa_supplicant(19263): eap_proxy: Released QMI UIM service client
11-20 00:01:09.057 E/QMI_FW  (19263): qmi_cci_get_ref: ref count increased 2
11-20 00:01:09.057 E/QMI_FW  (19263): qmi_cci_get_ref: ref count increased 2
11-20 00:01:09.057 E/wpa_supplicant(19263): eap_proxy: Released QMI EAP service client
11-20 00:01:09.057 E/wpa_supplicant(19263): eap_proxy: session not started for client = 2
11-20 00:01:09.057 E/QMI_FW  (19263): qmi_cci_get_ref: ref count increased 2
11-20 00:01:09.057 E/QMI_FW  (19263): qmi_cci_get_ref: ref count increased 2
11-20 00:01:09.058 E/wpa_supplicant(19263): eap_proxy: Released QMI UIM service client
11-20 00:01:09.058 E/QMI_FW  (19263): qmi_cci_get_ref: ref count increased 2
11-20 00:01:09.058 E/QMI_FW  (19263): qmi_cci_get_ref: ref count increased 2
11-20 00:01:09.059 E/wpa_supplicant(19263): eap_proxy: Released QMI EAP service client
11-20 00:01:09.059 I/wpa_supplicant(19263): eap_proxy: eap_proxy Deinitialzed
11-20 00:01:09.075 E/SelfCareDataCloudSyncWorker( 2334): Failed to get access token
11-20 00:01:09.075 E/SelfCareDataCloudSyncWorker( 2334): kotlinx.coroutines.JobCancellationException: Job was cancelled; job=JobImpl{Cancelling}@130c53
11-20 00:01:09.075 I/WM-WorkerWrapper( 2334): Work [ id=57f248e9-27c9-4baa-bcea-f98e3ece0d1a, tags={ com.facebook.wearable.system.selfcare.cloudsync.SelfCareDataCloudSyncWorker } ] was cancelled
11-20 00:01:09.075 I/WM-WorkerWrapper( 2334): java.util.concurrent.CancellationException: Task was cancelled.
11-20 00:01:09.075 I/WM-WorkerWrapper( 2334): 	at androidx.work.impl.utils.futures.AbstractFuture.getDoneValue(:32)
11-20 00:01:09.075 I/WM-WorkerWrapper( 2334): 	at androidx.work.impl.utils.futures.AbstractFuture.get(:268435546)
11-20 00:01:09.075 I/WM-WorkerWrapper( 2334): 	at androidx.work.impl.WorkerWrapper$2.run(:3)
11-20 00:01:09.075 I/WM-WorkerWrapper( 2334): 	at androidx.work.impl.utils.SerialExecutor$Task.run(:2)
11-20 00:01:09.075 I/WM-WorkerWrapper( 2334): 	at java.util.concurrent.ThreadPoolExecutor.runWorker(ThreadPoolExecutor.java:1167)
11-20 00:01:09.075 I/WM-WorkerWrapper( 2334): 	at java.util.concurrent.ThreadPoolExecutor$Worker.run(ThreadPoolExecutor.java:641)
11-20 00:01:09.075 I/WM-WorkerWrapper( 2334): 	at java.lang.Thread.run(Thread.java:923)
11-20 00:01:09.123 I/wpa_supplicant(19263): nl80211: deinit ifname=wlan0 disabled_11b_rates=0
11-20 00:01:09.155 I/wpa_supplicant(19263): Try to unregister vendor interface
11-20 00:01:09.156 D/LOWI-9.0.0.80( 1026): [LOWINetlinkSocketReceiver] unpackRTMLinkMessage: RTM_NEWLINK - ifname wlan0, flags 0x11043 ([UP][RUNNING])
11-20 00:01:09.156 D/LOWI-9.0.0.80( 1026): [LOWINetlinkSocketReceiver] processNetlinkPacket: ifname(wlan0) status(2)
11-20 00:01:09.156 D/LOWI-9.0.0.80( 1026): [LOWIController] intfStateReceived: ifname(wlan0) state(2)
11-20 00:01:09.157 D/LOWI-9.0.0.80( 1026): [LOWIEventReceiver] handleEvent:FROM:NA, TO:NA, REQ:NA, IREQ:NA, REQ_ID:0, RESP:NA, INFO:INTF-STATUS-UPDATE
11-20 00:01:09.157 D/LOWI-9.0.0.80( 1026): [LOWIEventReceiver] Info to [INTF-STATUS-UPDATE]
11-20 00:01:09.157 D/LOWI-9.0.0.80( 1026): [LOWIController] updateIntfState: WIFI enabled 2 mNlWifiStatus 2 mWifiStateEnabled 1
11-20 00:01:09.157 D/LOWI-9.0.0.80( 1026): [LOWIController] isWifiEnabled: mNlWifiStatus 2 mWifiStateEnabled 1
11-20 00:01:09.163 I/SupplicantStaIfaceHal( 1186): Terminating supplicant using HIDL
11-20 00:01:09.164 I/wpa_supplicant(19263): p2p0: Do not deauthenticate as part of interface deinit since WoWLAN is enabled
11-20 00:01:09.204 D/SettingsSDK::SyncHelper( 2334): Read setting com.facebook.wearable.sdk.selfcare:SELFCARE_SERVICE_ENABLED from persistent cache
11-20 00:01:09.205 D/FacebookRepository( 2334): Reading from Store [906581286488774]
11-20 00:01:09.215 E/wpa_supplicant(19263): eap_proxy: pthread_join on eap_proxy=0x7775fa8
11-20 00:01:09.215 E/wpa_supplicant(19263): eap_proxy: session not started for client = 1
11-20 00:01:09.215 E/QMI_FW  (19263): qmi_cci_get_ref: ref count increased 2
11-20 00:01:09.215 E/QMI_FW  (19263): qmi_cci_get_ref: ref count increased 2
11-20 00:01:09.218 E/wpa_supplicant(19263): eap_proxy: Released QMI UIM service client
11-20 00:01:09.218 E/QMI_FW  (19263): qmi_cci_get_ref: ref count increased 2
11-20 00:01:09.218 E/QMI_FW  (19263): qmi_cci_get_ref: ref count increased 2
11-20 00:01:09.220 E/wpa_supplicant(19263): eap_proxy: Released QMI EAP service client
11-20 00:01:09.221 E/wpa_supplicant(19263): eap_proxy: session not started for client = 2
11-20 00:01:09.221 E/QMI_FW  (19263): qmi_cci_get_ref: ref count increased 2
11-20 00:01:09.221 E/QMI_FW  (19263): qmi_cci_get_ref: ref count increased 2
11-20 00:01:09.221 E/wpa_supplicant(19263): eap_proxy: Released QMI UIM service client
11-20 00:01:09.222 E/QMI_FW  (19263): qmi_cci_get_ref: ref count increased 2
11-20 00:01:09.222 E/QMI_FW  (19263): qmi_cci_get_ref: ref count increased 2
11-20 00:01:09.227 E/wpa_supplicant(19263): eap_proxy: Released QMI EAP service client
11-20 00:01:09.227 I/wpa_supplicant(19263): eap_proxy: eap_proxy Deinitialzed
11-20 00:01:09.240 E/SelfCareDataCloudSyncWorker( 2334): Failed to get access token
11-20 00:01:09.240 E/SelfCareDataCloudSyncWorker( 2334): kotlinx.coroutines.JobCancellationException: Job was cancelled; job=JobImpl{Cancelling}@e2a4e45
11-20 00:01:09.241 I/WM-WorkerWrapper( 2334): Work [ id=57f248e9-27c9-4baa-bcea-f98e3ece0d1a, tags={ com.facebook.wearable.system.selfcare.cloudsync.SelfCareDataCloudSyncWorker } ] was cancelled
11-20 00:01:09.241 I/WM-WorkerWrapper( 2334): java.util.concurrent.CancellationException: Task was cancelled.
11-20 00:01:09.241 I/WM-WorkerWrapper( 2334): 	at androidx.work.impl.utils.futures.AbstractFuture.getDoneValue(:32)
11-20 00:01:09.241 I/WM-WorkerWrapper( 2334): 	at androidx.work.impl.utils.futures.AbstractFuture.get(:268435546)
11-20 00:01:09.241 I/WM-WorkerWrapper( 2334): 	at androidx.work.impl.WorkerWrapper$2.run(:3)
11-20 00:01:09.241 I/WM-WorkerWrapper( 2334): 	at androidx.work.impl.utils.SerialExecutor$Task.run(:2)
11-20 00:01:09.241 I/WM-WorkerWrapper( 2334): 	at java.util.concurrent.ThreadPoolExecutor.runWorker(ThreadPoolExecutor.java:1167)
11-20 00:01:09.241 I/WM-WorkerWrapper( 2334): 	at java.util.concurrent.ThreadPoolExecutor$Worker.run(ThreadPoolExecutor.java:641)
11-20 00:01:09.241 I/WM-WorkerWrapper( 2334): 	at java.lang.Thread.run(Thread.java:923)
11-20 00:01:09.286 I/wpa_supplicant(19263): nl80211: deinit ifname=p2p0 disabled_11b_rates=0
11-20 00:01:09.345 D/LOWI-9.0.0.80( 1026): [LOWINetlinkSocketReceiver] unpackRTMLinkMessage: RTM_NEWLINK - ifname p2p0, flags 0x1003 ([UP])
11-20 00:01:09.364 D/LOWI-9.0.0.80( 1026): [LOWINetlinkSocketReceiver] unpackRTMLinkMessage: RTM_NEWLINK - ifname p2p0, flags 0x1002 ()
11-20 00:01:09.372 D/LOWI-9.0.0.80( 1026): [LOWINetlinkSocketReceiver] unpackRTMLinkMessage: RTM_NEWLINK - ifname p2p0, flags 0x1002 ()
11-20 00:01:09.382 I/wpa_supplicant(19263): Try to unregister vendor p2 interface
11-20 00:01:09.385 I/WifiP2pNative( 1186): P2P interface teardown completed
11-20 00:01:09.385 D/WifiP2pNative( 1186): P2P InterfaceDestroyedListener p2p0
11-20 00:01:09.386 D/WifiP2pNative( 1186): Ignoring stale interface destroyed listener
11-20 00:01:09.386 D/WifiP2pNative( 1186): P2P InterfaceAvailableListener true
11-20 00:01:09.386 D/WifiP2pService( 1186): Wifi enabled=false, P2P Interface availability=true
11-20 00:01:09.387 I/android_os_HwBinder( 1186): HwBinder: Starting thread pool for getting: android.hardware.wifi.supplicant@1.0::ISupplicant/default
11-20 00:01:09.389 D/SettingsSDK::SyncHelper( 2334): Read setting com.facebook.wearable.sdk.selfcare:SELFCARE_SERVICE_ENABLED from persistent cache
11-20 00:01:09.390 D/FacebookRepository( 2334): Reading from Store [906581286488774]
11-20 00:01:09.391 I/wpa_supplicant(19263): Terminating...
11-20 00:01:09.405 D/LOWI-9.0.0.80( 1026): [LOWINetlinkSocketReceiver] unpackRTMLinkMessage: RTM_NEWLINK - ifname wlan0, flags 0x1003 ([UP])
11-20 00:01:09.405 D/LOWI-9.0.0.80( 1026): [LOWINetlinkSocketReceiver] processNetlinkPacket: ifname(wlan0) status(1)
11-20 00:01:09.405 D/LOWI-9.0.0.80( 1026): [LOWIController] intfStateReceived: ifname(wlan0) state(1)
11-20 00:01:09.405 D/LOWI-9.0.0.80( 1026): [LOWIEventReceiver] handleEvent:FROM:NA, TO:NA, REQ:NA, IREQ:NA, REQ_ID:0, RESP:NA, INFO:INTF-STATUS-UPDATE
11-20 00:01:09.405 D/LOWI-9.0.0.80( 1026): [LOWIEventReceiver] Info to [INTF-STATUS-UPDATE]
11-20 00:01:09.405 D/LOWI-9.0.0.80( 1026): [LOWIController] updateIntfState: WIFI enabled 1 mNlWifiStatus 2 mWifiStateEnabled 1
11-20 00:01:09.405 D/LOWI-9.0.0.80( 1026): [LOWIController] isWifiEnabled: mNlWifiStatus 1 mWifiStateEnabled 1
11-20 00:01:09.439 W/SupplicantStaIfaceHal( 1186): Timed out waiting for confirmation of supplicant death
11-20 00:01:09.445 E/SupplicantStaIfaceHal( 1186): Can't call getKeyMgmtCapabilities_1_3, ISupplicantStaIface is null
11-20 00:01:09.446 V/WifiHAL (  544): WifiVendorCommand 0xaadf1b98 created vendor_id:0x1374 subcmd:38
11-20 00:01:09.447 V/WifiHAL (  544): Got a Wi-Fi HAL module message from Driver
11-20 00:01:09.447 V/WifiHAL (  544): Supported feature set : 1993d
11-20 00:01:09.447 V/WifiHAL (  544): Supported feature set acquired : 1993d
11-20 00:01:09.447 V/WifiHAL (  544): WifiVendorCommand 0x986893c0 created vendor_id:0x1374 subcmd:76
11-20 00:01:09.447 V/WifiHAL (  544): create: mVendor_id = 4980, Subcmd = 76.
11-20 00:01:09.448 V/WifiHAL (  544): WifiVendorCommand 0xaadf1cc8 created vendor_id:0x1374 subcmd:38
11-20 00:01:09.448 D/LOWI-9.0.0.80( 1026): [LOWINetlinkSocketReceiver] unpackRTMLinkMessage: RTM_NEWLINK - ifname wlan0, flags 0x1003 ([UP])
11-20 00:01:09.448 D/LOWI-9.0.0.80( 1026): [LOWINetlinkSocketReceiver] processNetlinkPacket: ifname(wlan0) status(1)
11-20 00:01:09.448 D/LOWI-9.0.0.80( 1026): [LOWIController] intfStateReceived: ifname(wlan0) state(1)
11-20 00:01:09.448 D/LOWI-9.0.0.80( 1026): [LOWIEventReceiver] handleEvent:FROM:NA, TO:NA, REQ:NA, IREQ:NA, REQ_ID:0, RESP:NA, INFO:INTF-STATUS-UPDATE
11-20 00:01:09.448 D/LOWI-9.0.0.80( 1026): [LOWIEventReceiver] Info to [INTF-STATUS-UPDATE]
11-20 00:01:09.448 D/LOWI-9.0.0.80( 1026): [LOWIController] updateIntfState: WIFI enabled 1 mNlWifiStatus 1 mWifiStateEnabled 1
11-20 00:01:09.448 D/LOWI-9.0.0.80( 1026): [LOWIController] isWifiEnabled: mNlWifiStatus 1 mWifiStateEnabled 1
11-20 00:01:09.450 V/WifiHAL (  544): Got a Wi-Fi HAL module message from Driver
11-20 00:01:09.450 V/WifiHAL (  544): Supported feature set : 1993d
11-20 00:01:09.450 V/WifiHAL (  544): event received NL80211_CMD_DISCONNECT
11-20 00:01:09.450 V/WifiHAL (  544): Supported feature set acquired : 1993d
11-20 00:01:09.450 V/WifiHAL (  544): WifiVendorCommand 0x986893c0 created vendor_id:0x1374 subcmd:76
11-20 00:01:09.450 V/WifiHAL (  544): create: mVendor_id = 4980, Subcmd = 76.
11-20 00:01:09.455 E/SupplicantStaIfaceHal( 1186): Can't call getWpaDriverFeatureSet, ISupplicantStaIface is null
11-20 00:01:09.455 I/WifiNative( 1186): Successfully switched to scan mode on iface=Iface:{Name=wlan0,Id=0,Type=STA_SCAN}
11-20 00:01:09.456 D/BluetoothAdapterService( 1710): Soft AP is on band: 1
11-20 00:01:09.457 D/WifiClientModeManager0( 1186): entering ScanOnlyModeState
11-20 00:01:09.457 D/BluetoothVendorService( 1710): getPowerBackoff 
11-20 00:01:09.457 D/BluetoothVendorService( 1710): setPowerBackoff to: false
11-20 00:01:09.457 D/WifiScanRequestProxy( 1186): Sending scan available broadcast: true
11-20 00:01:09.457 I/BluetoothVendorJni( 1710): setPowerBackoffNative
11-20 00:01:09.457 I/bt_btif_vendor( 1710): setPowerBackOffState :0 
11-20 00:01:09.458 I/WifiScanningService( 1186): Received a request to enable scanning, UID = 1000
11-20 00:01:09.458 W/bt_btif ( 1710): bta_dm_power_back_off: power_back_off feature not supported
11-20 00:01:09.458 D/BluetoothAdapterService( 1710): android.net.wifi.WIFI_STATE_CHANGED
11-20 00:01:09.458 I/WifiScanningService( 1186): scanner impls already exists
11-20 00:01:09.458 E/WifiScanningService( 1186): wifi driver loaded received while already loaded
11-20 00:01:09.459 I/WifiScanRequestProxy( 1186): Scanning is enabled
11-20 00:01:09.459 I/WifiScanRequestProxy( 1186): Scanning for hidden networks is disabled
11-20 00:01:09.459 D/WifiP2pService( 1186): Wifi enabled=false, P2P Interface availability=true
11-20 00:01:09.459 D/WakeupController( 1186): start()
11-20 00:01:09.460 D/WakeupController( 1186): Setting active to true
11-20 00:01:09.464 E/SelfCareDataCloudSyncWorker( 2334): Failed to get access token
