--------- beginning of system
11-20 12:29:29.346 D/AutofillManagerService( 1194): onBackKeyPressed()
11-20 12:29:29.988 D/commandrouter( 1117): rtc_sync (1, rtc:sync): <ServiceRequest> FORWARDED (remote -> local) service client ID = 0, token ID = 40215
11-20 12:29:29.989 D/commandrouter( 1117): SocServiceHandle::onServiceMessage, SoC Service = rtc_sync, appType = 1, type = SVC_RESP, clientId = 0, token = 40215, payloadLen = 8, result = 0, payload.size() = 8
11-20 12:29:30.626 D/AutofillManagerService( 1194): onBackKeyPressed()
11-20 12:29:32.164 E/TaskPersister( 1194): File error accessing recents directory (directory doesn't exist?).
11-20 12:29:35.622 D/AutofillManagerService( 1194): onBackKeyPressed()
11-20 12:29:38.624 I/chatty  ( 1194): uid=1000(system) android.ui identical 3 lines
11-20 12:29:39.619 D/AutofillManagerService( 1194): onBackKeyPressed()
11-20 12:29:39.980 D/commandrouter( 1117): rtc_sync (1, rtc:sync): <ServiceRequest> FORWARDED (remote -> local) service client ID = 0, token ID = 40216
11-20 12:29:39.981 D/commandrouter( 1117): SocServiceHandle::onServiceMessage, SoC Service = rtc_sync, appType = 1, type = SVC_RESP, clientId = 0, token = 40216, payloadLen = 8, result = 0, payload.size() = 8
11-20 12:29:40.631 D/AutofillManagerService( 1194): onBackKeyPressed()
11-20 12:29:41.627 I/chatty  ( 1194): uid=1000(system) android.ui identical 1 line
11-20 12:29:42.620 D/AutofillManagerService( 1194): onBackKeyPressed()
11-20 12:29:42.660 D/commandrouter( 1117): SocServiceHandle::onServiceMessage, SoC Service = mcu_healthcheck_1118, appType = 1, type = SVC_REQ, clientId = 0, token = 2482, payloadLen = 12, result = 0, payload.size() = 12
11-20 12:29:42.664 D/commandrouter( 1117): mcu_healthcheck_1118 (1, merlot:mcu_health:control): <ServiceResponse> FORWARDED (remote -> local) CR token ID = 2482, service client ID = 40, token ID = 44699, result = 0
11-20 12:29:42.664 D/mculinkhealth( 1118): isMcuReachable 1 (4 ms)
11-20 12:29:43.159 W/ActivityManager( 1194): Invalid packageName: com.facebook.wearable.system.settings/com.facebook.wearable.system.settings.SettingsActivity
11-20 12:29:43.268 I/ActivityTaskManager( 1194): START u0 {flg=0x10000000 cmp=com.facebook.wearable.system.settings/.SettingsActivity} from uid 0
11-20 12:29:43.288 I/ActivityTaskManager( 1194): The Process com.facebook.wearable.system.settings Already Exists in BG. So sending its PID: 26117
11-20 12:29:43.289 W/ActivityTaskManager( 1194): Tried to set launchTime (0) < mLastActivityLaunchTime (74497558)
11-20 12:29:47.438 E/TaskPersister( 1194): File error accessing recents directory (directory doesn't exist?).
11-20 12:29:49.014 D/AutofillManagerService( 1194): onBackKeyPressed()
11-20 12:29:49.540 D/AutofillManagerService( 1194): onBackKeyPressed()
11-20 12:29:49.970 D/commandrouter( 1117): rtc_sync (1, rtc:sync): <ServiceRequest> FORWARDED (remote -> local) service client ID = 0, token ID = 40217
11-20 12:29:49.970 D/commandrouter( 1117): SocServiceHandle::onServiceMessage, SoC Service = rtc_sync, appType = 1, type = SVC_RESP, clientId = 0, token = 40217, payloadLen = 8, result = 0, payload.size() = 8
11-20 12:29:50.061 D/AutofillManagerService( 1194): onBackKeyPressed()
11-20 12:29:50.735 D/AutofillManagerService( 1194): onBackKeyPressed()
11-20 12:29:51.149 W/ActivityManager( 1194): Invalid packageName: com.facebook.wearable.system.settings/com.facebook.wearable.system.settings.SettingsActivity
11-20 12:29:51.268 I/ActivityTaskManager( 1194): START u0 {flg=0x10000000 cmp=com.facebook.wearable.system.settings/.SettingsActivity} from uid 0
11-20 12:29:51.287 I/ActivityTaskManager( 1194): The Process com.facebook.wearable.system.settings Already Exists in BG. So sending its PID: 26117
11-20 12:29:51.288 W/ActivityTaskManager( 1194): Tried to set launchTime (0) < mLastActivityLaunchTime (74529554)
11-20 12:29:53.926 D/commandrouter( 1117): SocServiceHandle::onServiceMessage, SoC Service = mcu_healthcheck_1194, appType = 1, type = SVC_REQ, clientId = 0, token = 127, payloadLen = 12, result = 0, payload.size() = 12
11-20 12:29:53.929 D/commandrouter( 1117): mcu_healthcheck_1194 (1, merlot:mcu_health:control): <ServiceResponse> FORWARDED (remote -> local) CR token ID = 127, service client ID = 39, token ID = 44700, result = 0
11-20 12:29:53.936 D/McuReachableCollector( 1194): call isMcuReachable, result true
11-20 12:29:53.995 D/RadioActivityCollector( 1194): Logging RadioActivity data: fields={radio_bluetooth_tx_time_unplugged=0, radio_wifi_sleep_time_unplugged=599972, radio_bluetooth_idle_time_unplugged=0, radio_wifi_tx_time_unplugged=0, radio_bluetooth_energy_used_unplugged=0, radio_bluetooth_rx_time_unplugged=0, radio_wifi_rx_time_unplugged=0, radio_bluetooth_sleep_time_unplugged=599975, radio_wifi_idle_time_unplugged=0, radio_wifi_energy_used_unplugged=0}, pid=null, uid=null, pids=null, uids=null
11-20 12:29:54.634 E/TaskPersister( 1194): File error accessing recents directory (directory doesn't exist?).
11-20 12:29:58.057 W/ContextImpl( 1194): Calling a method in the system process without a qualified user: android.app.ContextImpl.sendBroadcastMultiplePermissions:1143 android.content.Context.sendBroadcastWithMultiplePermissions:2150 com.android.server.display.WifiDisplayAdapter.handleSendStatusChangeBroadcast:440 com.android.server.display.WifiDisplayAdapter.access$1700:63 com.android.server.display.WifiDisplayAdapter$WifiDisplayHandler.handleMessage:675 
11-20 12:29:59.058 W/ContextImpl( 1194): Calling a method in the system process without a qualified user: android.app.ContextImpl.sendBroadcastMultiplePermissions:1143 android.content.Context.sendBroadcastWithMultiplePermissions:2150 com.android.server.wifi.p2p.WifiP2pServiceImpl$P2pStateMachine.sendBroadcastMultiplePermissions:3209 com.android.server.wifi.p2p.WifiP2pServiceImpl$P2pStateMachine.sendP2pConnectionChangedBroadcast:3236 com.android.server.wifi.p2p.WifiP2pServiceImpl$P2pStateMachine.access$5100:768 
11-20 12:29:59.060 W/BroadcastQueue( 1194): Permission Denial: receiving Intent { act=android.net.wifi.p2p.CONNECTION_STATE_CHANGE flg=0x24000010 (has extras) } to ProcessRecord{ba73 1900:.qtidataservices/u0a89} (pid=1900, uid=10089) requires android.permission.ACCESS_FINE_LOCATION due to sender android (uid 1000)
11-20 12:29:59.069 W/ContextImpl( 1194): Calling a method in the system process without a qualified user: android.app.ContextImpl.sendBroadcastMultiplePermissions:1143 android.content.Context.sendBroadcastWithMultiplePermissions:2150 com.android.server.wifi.p2p.WifiP2pServiceImpl$P2pStateMachine.sendBroadcastMultiplePermissions:3209 com.android.server.wifi.p2p.WifiP2pServiceImpl$P2pStateMachine.sendThisDeviceChangedBroadcast:3218 com.android.server.wifi.p2p.WifiP2pServiceImpl$P2pStateMachine.updateThisDevice:3962 
11-20 12:29:59.961 D/commandrouter( 1117): rtc_sync (1, rtc:sync): <ServiceRequest> FORWARDED (remote -> local) service client ID = 0, token ID = 40218
11-20 12:29:59.962 D/commandrouter( 1117): SocServiceHandle::onServiceMessage, SoC Service = rtc_sync, appType = 1, type = SVC_RESP, clientId = 0, token = 40218, payloadLen = 8, result = 0, payload.size() = 8
11-20 12:30:01.575 W/ContextImpl( 1194): Calling a method in the system process without a qualified user: android.app.ContextImpl.sendBroadcastMultiplePermissions:1143 android.content.Context.sendBroadcastWithMultiplePermissions:2150 com.android.server.wifi.ClientModeImpl.broadcastWifiCredentialChanged:6170 com.android.server.wifi.ClientModeImpl.lambda$connect$0:6716 com.android.server.wifi.ClientModeImpl.lambda$connect$0$ClientModeImpl:0 
11-20 12:30:01.802 W/wificond(  906): Scan is not started. Ignore abort request
11-20 12:30:02.395 D/ConnectivityService( 1194): registerNetworkAgent NetworkAgentInfo{ ni{[type: WIFI[], state: UNKNOWN/IDLE, reason: (unspecified), extra: , failover: false, available: true, roaming: false]}  network{165}  nethandle{712075300877}  lp{{LinkAddresses: [ ] DnsAddresses: [ ] Domains: null MTU: 0 Routes: [ ]}}  nc{[ Transports: WIFI Capabilities: NOT_METERED&INTERNET&NOT_RESTRICTED&TRUSTED&NOT_VPN&NOT_ROAMING&FOREGROUND&NOT_CONGESTED&NOT_SUSPENDED LinkUpBandwidth>=72000Kbps LinkDnBandwidth>=72000Kbps OwnerUid: 1000 SSID: "MTBF_Lab" RequestorUid: -1 RequestorPackageName: null]}  Score{20}  everValidated{false}  lastValidated{false}  created{false} lingering{false} explicitlySelected{true} acceptUnvalidated{false} everCaptivePortalDetected{false} lastCaptivePortalDetected{false} partialConnectivity{false} acceptPartialConnectivity{false} clat{mBaseIface: null, mIface: null, mState: IDLE} }
11-20 12:30:02.480 D/ConnectivityService( 1194): [165 WIFI] EVENT_NETWORK_INFO_CHANGED, going from UNKNOWN to UNKNOWN
11-20 12:30:02.650 D/ConnectivityService( 1194): NetReassign [no changes]
11-20 12:30:02.700 D/ConnectivityService( 1194): Adding iface wlan0 to network 165
11-20 12:30:02.709 E/ConnectivityService( 1194): Exception adding interface: java.lang.IllegalStateException: android.os.ServiceSpecificException: Machine is not on the network (code 64)
11-20 12:30:02.715 I/Nat464Xlat( 1194): Android Xlat is disabled
11-20 12:30:02.715 I/Nat464Xlat( 1194): Android Xlat is disabled
11-20 12:30:03.408 E/ConnectivityService( 1194): Exception in networkAddRouteParcel for non-gateway: android.os.ServiceSpecificException: Machine is not on the network (code 64)
11-20 12:30:03.410 E/ConnectivityService( 1194): Exception in networkAddRouteParcel for gateway: android.os.ServiceSpecificException: Machine is not on the network (code 64)
11-20 12:30:03.410 I/Nat464Xlat( 1194): Android Xlat is disabled
11-20 12:30:03.410 I/Nat464Xlat( 1194): Android Xlat is disabled
11-20 12:30:03.526 D/ConnectivityService( 1194): Setting DNS servers for network 165 to [/192.168.1.1]
11-20 12:30:03.540 I/Nat464Xlat( 1194): Android Xlat is disabled
11-20 12:30:03.540 I/Nat464Xlat( 1194): Android Xlat is disabled
11-20 12:30:03.685 D/ConnectivityService( 1194): [165 WIFI] EVENT_NETWORK_INFO_CHANGED, going from UNKNOWN to CONNECTED
11-20 12:30:03.710 D/DnsManager( 1194): sendDnsConfigurationForNetwork(165, [192.168.1.1], [], 1800, 25, 8, 64, 0, 0, , [])
11-20 12:30:03.720 W/DnsManager( 1194): updatePrivateDns(165, PrivateDnsConfig{true:/[]})
11-20 12:30:03.720 D/ConnectivityService( 1194): Setting DNS servers for network 165 to [/192.168.1.1]
11-20 12:30:03.721 D/DnsManager( 1194): sendDnsConfigurationForNetwork(165, [192.168.1.1], [], 1800, 25, 8, 64, 0, 0, , [192.168.1.1])
11-20 12:30:03.724 D/ConnectivityService( 1194): Adding iface wlan0 to network 165
11-20 12:30:03.757 D/ConnectivityService( 1194): Setting DNS servers for network 165 to [/192.168.1.1]
11-20 12:30:03.758 D/DnsManager( 1194): sendDnsConfigurationForNetwork(165, [192.168.1.1], [], 1800, 25, 8, 64, 0, 0, , [192.168.1.1])
11-20 12:30:03.760 I/Nat464Xlat( 1194): Android Xlat is disabled
11-20 12:30:03.760 I/Nat464Xlat( 1194): Android Xlat is disabled
11-20 12:30:03.822 D/ConnectivityService( 1194): NetReassign [no changes]
11-20 12:30:04.085 D/ConnectivityService( 1194): [165 WIFI] validation passed
11-20 12:30:04.086 D/ConnectivityService( 1194): NetReassign [8 : 100 → 165, 20 : 100 → 165, 46 : 100 → 165, 45 : 100 → 165, 12 : 100 → 165, 22 : 100 → 165, 16 : 100 → 165, 14 : 100 → 165, 50 : 100 → 165, 18 : 100 → 165, 1222 : 100 → 165, 11 : 100 → 165, 1 : 100 → 165, 17 : 100 → 165]
11-20 12:30:04.092 E/NetlinkEvent(  459): NetlinkEvent::FindParam(): Parameter 'INTERFACE' not found
11-20 12:30:04.092 E/NetlinkEvent(  459): NetlinkEvent::FindParam(): Parameter 'STATE' not found
11-20 12:30:04.096 E/NetlinkEvent(  459): NetlinkEvent::FindParam(): Parameter 'TIME_NS' not found
11-20 12:30:04.096 E/NetlinkEvent(  459): NetlinkEvent::FindParam(): Parameter 'UID' not found
11-20 12:30:04.109 D/ConnectivityService( 1194): Switching to new default network: NetworkAgentInfo{ ni{[type: WIFI[], state: CONNECTED/CONNECTED, reason: (unspecified), extra: , failover: false, available: true, roaming: false]}  network{165}  nethandle{712075300877}  lp{{InterfaceName: wlan0 LinkAddresses: [ fe80::8d6:4aff:fe32:b1ee/64,192.168.1.39/24 ] DnsAddresses: [ /192.168.1.1 ] Domains: null MTU: 0 ServerAddress: /192.168.1.1 TcpBufferSizes: 524288,1048576,2097152,262144,524288,1048576 Routes: [ fe80::/64 -> :: wlan0 mtu 0,192.168.1.0/24 -> 0.0.0.0 wlan0 mtu 0,0.0.0.0/0 -> 192.168.1.1 wlan0 mtu 0 ]}}  nc{[ Transports: WIFI Capabilities: NOT_METERED&INTERNET&NOT_RESTRICTED&TRUSTED&NOT_VPN&VALIDATED&NOT_ROAMING&FOREGROUND&NOT_CONGESTED&NOT_SUSPENDED LinkUpBandwidth>=67000Kbps LinkDnBandwidth>=67000Kbps SignalStrength: -38 OwnerUid: 1000 SSID: "MTBF_Lab" RequestorUid: -1 RequestorPackageName: null]}  Score{60}  everValidated{true}  lastValidated{true}  created{true} lingering{false} explicitlySelected{true} acceptUnvalidated{false} everCaptivePortalDetected{false} lastCaptivePortalDetected{false} partialConnectivity{false} acceptPartialConnectivity{false} clat{mBaseIface: null, mIface: null, mState: IDLE} }
11-20 12:30:04.272 D/ConnectivityService( 1194): Lingering [100 CELLULAR] for 30000ms
11-20 12:30:04.274 D/ConnectivityService( 1194): Sending DISCONNECTED broadcast for type 0 [100 CELLULAR] isDefaultNetwork=true
11-20 12:30:04.279 D/ConnectivityService( 1194): Sending CONNECTED broadcast for type 1 [165 WIFI] isDefaultNetwork=true
11-20 12:30:04.318 D/ConnectivityService( 1194): Setting DNS servers for network 165 to [/192.168.1.1]
11-20 12:30:04.319 D/DnsManager( 1194): sendDnsConfigurationForNetwork(165, [192.168.1.1], [], 1800, 25, 8, 64, 0, 0, , [192.168.1.1])
11-20 12:30:04.420 W/Looper  ( 1194): Slow dispatch took 105ms android.fg h=android.net.ConnectivityManager$CallbackHandler c=null m=524290
11-20 12:30:09.961 D/commandrouter( 1117): rtc_sync (1, rtc:sync): <ServiceRequest> FORWARDED (remote -> local) service client ID = 0, token ID = 40219
11-20 12:30:09.962 D/commandrouter( 1117): SocServiceHandle::onServiceMessage, SoC Service = rtc_sync, appType = 1, type = SVC_RESP, clientId = 0, token = 40219, payloadLen = 8, result = 0, payload.size() = 8
11-20 12:30:11.738 D/AutofillManagerService( 1194): onBackKeyPressed()
11-20 12:30:12.299 D/AutofillManagerService( 1194): onBackKeyPressed()
11-20 12:30:12.666 D/commandrouter( 1117): SocServiceHandle::onServiceMessage, SoC Service = mcu_healthcheck_1118, appType = 1, type = SVC_REQ, clientId = 0, token = 2483, payloadLen = 12, result = 0, payload.size() = 12
11-20 12:30:12.672 D/commandrouter( 1117): mcu_healthcheck_1118 (1, merlot:mcu_health:control): <ServiceResponse> FORWARDED (remote -> local) CR token ID = 2483, service client ID = 40, token ID = 44701, result = 0
11-20 12:30:12.673 D/mculinkhealth( 1118): isMcuReachable 1 (6 ms)
11-20 12:30:12.765 D/commandrouter( 1117): SocServiceHandle::onServiceMessage, SoC Service = mcu_healthcheck_946, appType = 1, type = SVC_REQ, clientId = 0, token = 1241, payloadLen = 20, result = 0, payload.size() = 20
11-20 12:30:12.769 D/commandrouter( 1117): mcu_healthcheck_946 (1, merlot:mcu_health:control): <ServiceResponse> FORWARDED (remote -> local) CR token ID = 1241, service client ID = 6, token ID = 44702, result = 0
11-20 12:30:12.821 D/AutofillManagerService( 1194): onBackKeyPressed()
11-20 12:30:14.628 I/chatty  ( 1194): uid=1000(system) android.ui identical 1 line
11-20 12:30:15.620 D/AutofillManagerService( 1194): onBackKeyPressed()
11-20 12:30:16.578 E/TaskPersister( 1194): File error accessing recents directory (directory doesn't exist?).
11-20 12:30:16.632 D/AutofillManagerService( 1194): onBackKeyPressed()
11-20 12:30:17.627 I/chatty  ( 1194): uid=1000(system) android.ui identical 1 line
11-20 12:30:18.628 D/AutofillManagerService( 1194): onBackKeyPressed()
11-20 12:30:19.139 W/ActivityManager( 1194): Invalid packageName: com.facebook.wearable.system.settings/com.facebook.wearable.system.settings.SettingsActivity
11-20 12:30:19.260 I/ActivityTaskManager( 1194): START u0 {flg=0x10000000 cmp=com.facebook.wearable.system.settings/.SettingsActivity} from uid 0
11-20 12:30:19.284 I/ActivityTaskManager( 1194): The Process com.facebook.wearable.system.settings Already Exists in BG. So sending its PID: 26117
11-20 12:30:19.285 W/ActivityTaskManager( 1194): Tried to set launchTime (0) < mLastActivityLaunchTime (74537553)
--------- beginning of main
11-20 12:30:19.297 I/cmd     (28770): oneway function results will be dropped but finished with status OK and parcel size 4
11-20 12:30:19.313 D/LauncherActivity( 4420): onPause
11-20 12:30:19.350 I/chatty  ( 1194): uid=1000(system) ActivityManager expire 6 lines
11-20 12:30:19.483 D/FacebookProvider(25411): Starting SSO Network Fetch for 263529928325379
11-20 12:30:19.484 I/AccountsContentProvider(25411): No Primary Account. Accounts Error [content://com.facebook.wearable.system.accounts.AccountsContentProvider/facebook/263529928325379]
11-20 12:30:19.485 E/StatusBarClientConnection(26117): Service connected
11-20 12:30:19.492 E/DatabaseUtils(25411): Writing exception to parcel
11-20 12:30:19.492 E/DatabaseUtils(25411): java.lang.IllegalStateException: No Primary Account
11-20 12:30:19.492 E/DatabaseUtils(25411): 	at com.facebook.secure.content.AbstractContentProvider.doQuery(:284)
11-20 12:30:19.492 E/DatabaseUtils(25411): 	at com.facebook.secure.content.AbstractContentProvider.query(:8)
11-20 12:30:19.492 E/DatabaseUtils(25411): 	at android.content.ContentProvider.query(ContentProvider.java:1474)
11-20 12:30:19.492 E/DatabaseUtils(25411): 	at android.content.ContentProvider$Transport.query(ContentProvider.java:278)
11-20 12:30:19.492 E/DatabaseUtils(25411): 	at android.content.ContentProviderNative.onTransact(ContentProviderNative.java:106)
11-20 12:30:19.492 E/DatabaseUtils(25411): 	at android.os.Binder.execTransactInternal(Binder.java:1154)
11-20 12:30:19.492 E/DatabaseUtils(25411): 	at android.os.Binder.execTransact(Binder.java:1123)
11-20 12:30:19.506 E/AccountsViewModel(26117): AccountsViewModel.flow failed: No Primary Account
11-20 12:30:19.506 E/AccountsViewModel(26117): java.lang.IllegalStateException: No Primary Account
11-20 12:30:19.506 E/AccountsViewModel(26117): 	at android.os.Parcel.createExceptionOrNull(Parcel.java:2381)
11-20 12:30:19.506 E/AccountsViewModel(26117): 	at android.os.Parcel.createException(Parcel.java:2357)
11-20 12:30:19.506 E/AccountsViewModel(26117): 	at android.os.Parcel.readException(Parcel.java:2340)
11-20 12:30:19.506 E/AccountsViewModel(26117): 	at android.database.DatabaseUtils.readExceptionFromParcel(DatabaseUtils.java:190)
11-20 12:30:19.506 E/AccountsViewModel(26117): 	at android.database.DatabaseUtils.readExceptionFromParcel(DatabaseUtils.java:142)
11-20 12:30:19.506 E/AccountsViewModel(26117): 	at android.content.ContentProviderProxy.query(ContentProviderNative.java:472)
11-20 12:30:19.506 E/AccountsViewModel(26117): 	at android.content.ContentResolver.query(ContentResolver.java:1185)
11-20 12:30:19.506 E/AccountsViewModel(26117): 	at android.content.ContentResolver.query(ContentResolver.java:1116)
11-20 12:30:19.506 E/AccountsViewModel(26117): 	at com.facebook.wearable.common.accounts.contract.WearableAccountsContractRequest.query(:51)
11-20 12:30:19.506 E/AccountsViewModel(26117): 	at kotlin.coroutines.jvm.internal.BaseContinuationImpl.invokeSuspend(:95489)
11-20 12:30:19.506 E/AccountsViewModel(26117): 	at com.facebook.wearable.common.accounts.WearableAccountsKt$fb$1.invoke(:9)
11-20 12:30:19.506 E/AccountsViewModel(26117): 	at com.facebook.wearable.common.coroutines.lazy.LazyAsync.get(:101)
11-20 12:30:19.506 E/AccountsViewModel(26117): 	at kotlin.coroutines.jvm.internal.BaseContinuationImpl.invokeSuspend(:96596)
11-20 12:30:19.506 E/AccountsViewModel(26117): 	at com.facebook.wearable.system.settings.accounts.AccountsViewModel$wearableAccountFlow$1.invoke(:11)
11-20 12:30:19.506 E/AccountsViewModel(26117): 	at kotlinx.coroutines.flow.AbstractFlow.collect$rvp0$0(:72)
11-20 12:30:19.506 E/AccountsViewModel(26117): 	at kotlin.coroutines.jvm.internal.BaseContinuationImpl.invokeSuspend(:95417)
11-20 12:30:19.506 E/AccountsViewModel(26117): 	at kotlinx.coroutines.flow.FlowKt__ShareKt$launchSharing$1$2.invoke(Unknown Source:10)
11-20 12:30:19.506 E/AccountsViewModel(26117): 	at kotlin.coroutines.jvm.internal.BaseContinuationImpl.invokeSuspend(:96715)
11-20 12:30:19.506 E/AccountsViewModel(26117): 	at kotlinx.coroutines.flow.FlowKt__MergeKt$mapLatest$1.invoke(Unknown Source:15)
11-20 12:30:19.506 E/AccountsViewModel(26117): 	at kotlin.coroutines.jvm.internal.BaseContinuationImpl.invokeSuspend(:96820)
11-20 12:30:19.506 E/AccountsViewModel(26117): 	at kotlinx.coroutines.flow.internal.ChannelFlowTransformLatest$flowCollect$3$1$2.invoke(Unknown Source:10)
11-20 12:30:19.506 E/AccountsViewModel(26117): 	at kotlinx.coroutines.CoroutineStart.invoke(:32)
11-20 12:30:19.506 E/AccountsViewModel(26117): 	at kotlinx.coroutines.BuildersKt__Builders_commonKt.launch(:15)
11-20 12:30:19.506 E/AccountsViewModel(26117): 	at kotlinx.coroutines.flow.internal.ChannelFlowTransformLatest$flowCollect$3$invokeSuspend$$inlined$collect$1.emit(:56)
11-20 12:30:19.506 E/AccountsViewModel(26117): 	at kotlinx.coroutines.flow.DistinctFlowImpl$collect$$inlined$collect$1.emit(:74)
11-20 12:30:19.506 E/AccountsViewModel(26117): 	at kotlinx.coroutines.flow.FlowKt__LimitKt$dropWhile$lambda-4$$inlined$collect$1.emit(:114)
11-20 12:30:19.506 E/AccountsViewModel(26117): 	at kotlinx.coroutines.flow.FlowKt__ChannelsKt.emitAllImpl$FlowKt__ChannelsKt(:123)
11-20 12:30:19.506 E/AccountsViewModel(26117): 	at kotlin.coroutines.jvm.internal.BaseContinuationImpl.invokeSuspend(:96917)
11-20 12:30:19.506 E/AccountsViewModel(26117): 	at kotlin.coroutines.jvm.internal.BaseContinuationImpl.resumeWith(:5)
11-20 12:30:19.506 E/AccountsViewModel(26117): 	at kotlinx.coroutines.DispatchedTask.run(:131)
11-20 12:30:19.506 E/AccountsViewModel(26117): 	at java.util.concurrent.Executors$RunnableAdapter.call(Executors.java:462)
11-20 12:30:19.506 E/AccountsViewModel(26117): 	at java.util.concurrent.FutureTask.run(FutureTask.java:266)
11-20 12:30:19.506 E/AccountsViewModel(26117): 	at com.facebook.wearable.common.executors.DelayedFutureTask.run(:22)
11-20 12:30:19.506 E/AccountsViewModel(26117): 	at java.util.concurrent.ThreadPoolExecutor.runWorker(ThreadPoolExecutor.java:1167)
11-20 12:30:19.506 E/AccountsViewModel(26117): 	at java.util.concurrent.ThreadPoolExecutor$Worker.run(ThreadPoolExecutor.java:641)
11-20 12:30:19.506 E/AccountsViewModel(26117): 	at com.facebook.wearable.common.executors.NamedThreadFactory$1.run(:7)
11-20 12:30:19.508 W/View    (26117): requestLayout() improperly called by android.view.View{69779a5 V.ED..... ......I. 0,368-474,474} during layout: running second layout pass
11-20 12:30:19.530 W/View    (26117): requestLayout() improperly called by com.facebook.wearable.common.wds.listview.WdsListView{fa126a3 V.E..V... ........ 0,0-474,474} during second layout pass: posting in next frame
11-20 12:30:19.792 D/ComplicationController( 4420): Stopping complication controller.
11-20 12:30:19.800 D/ComplicationDataManagerImpl( 4420): Fetching complication data for package: com.facebook.wearable.apps.calendar, com.facebook.wearable.apps.calendar.DAY_DATE_COMPLICATION.
11-20 12:30:19.800 D/ComplicationDataManagerImpl( 4420): Fetching complication data for package: com.facebook.wearable.apps.player, com.facebook.wearable.apps.player.SHORTCUT_COMPLICATION.
11-20 12:30:19.800 D/ComplicationDataManagerImpl( 4420): Fetching complication data for package: com.facebook.wearable.apps.gallery, com.facebook.wearable.apps.gallery.SHORTCUT_COMPLICATION.
11-20 12:30:19.800 D/ComplicationDataManagerImpl( 4420): Fetching complication data for package: com.facebook.wearable.apps.heart, com.facebook.wearable.apps.heart.HEART_RATE.
11-20 12:30:19.802 I/chatty  ( 1194): uid=1000(system) Binder:1194_19 expire 8 lines
11-20 12:30:19.965 D/commandrouter( 1117): rtc_sync (1, rtc:sync): <ServiceRequest> FORWARDED (remote -> local) service client ID = 0, token ID = 40220
11-20 12:30:19.965 D/vendor.facebook.rtc_sync@1.0-service( 1129): Request req_ts=1637411419955495162 resp_ts=1637411419965366512
11-20 12:30:19.965 D/commandrouter( 1117): SocServiceHandle::onServiceMessage, SoC Service = rtc_sync, appType = 1, type = SVC_RESP, clientId = 0, token = 40220, payloadLen = 8, result = 0, payload.size() = 8
11-20 12:30:20.120 D/AppStorageManager( 1194): BEFORE:: Previous Size: 887275520 Current Size: 887103488
11-20 12:30:20.120 D/AppStorageManager( 1194): AFTER:: Previous Size: 887103488 Current Size: 887103488
11-20 12:30:20.335 D/UIAutomatorStub(26556): URI: /jsonrpc/0, Method: POST, Header: {content-length=192, remote-addr=127.0.0.1, http-client-ip=127.0.0.1, host=localhost:9010, content-type=application/json, accept-encoding=identity}, params, {NanoHttpd.QUERY_STRING=null}, files: {postData={"jsonrpc": "2.0", "method": "waitForExists", "id": "3377728022ee2187d6fc993f99de4fa4", "params": [{"mask": 1, "childOrSibling": [], "childOrSiblingSelector": [], "text": "Notifications"}, 5]}}
11-20 12:30:20.369 D/UIAutomatorStub(26556): URI: /jsonrpc/0, Method: POST, Header: {content-length=191, remote-addr=127.0.0.1, http-client-ip=127.0.0.1, host=localhost:9010, content-type=application/json, accept-encoding=identity}, params, {NanoHttpd.QUERY_STRING=null}, files: {postData={"jsonrpc": "2.0", "method": "waitForExists", "id": "7f60328b240d2a9d437f4288d7ddf53e", "params": [{"mask": 1, "childOrSibling": [], "childOrSiblingSelector": [], "text": "Connectivity"}, 5]}}
11-20 12:30:20.445 D/UIAutomatorStub(26556): URI: /jsonrpc/0, Method: POST, Header: {content-length=180, remote-addr=127.0.0.1, http-client-ip=127.0.0.1, host=localhost:9010, content-type=application/json, accept-encoding=identity}, params, {NanoHttpd.QUERY_STRING=null}, files: {postData={"jsonrpc": "2.0", "method": "click", "id": "1f2a15b513b73affd1ec514bfa22d40c", "params": [{"mask": 1, "childOrSibling": [], "childOrSiblingSelector": [], "text": "Connectivity"}]}}
11-20 12:30:20.490 E/ANDR-PERF-OPTSHANDLER(  557): Unable to find the correct node storage pointers for                   resource index=16, node path=/proc/sys/kernel/sched_upmigrate
11-20 12:30:20.490 E/ANDR-PERF-RESOURCEQS(  557): Failed to reset optimization [3, 7]
11-20 12:30:20.490 E/ANDR-PERF-OPTSHANDLER(  557): Unable to find the correct node storage pointers for                   resource index=17, node path=/proc/sys/kernel/sched_downmigrate
11-20 12:30:20.490 E/ANDR-PERF-RESOURCEQS(  557): Failed to reset optimization [3, 8]
11-20 12:30:20.490 E/ANDR-PERF-OPTSHANDLER(  557): Perflock resource /sys/module/lpm_levels/parameters/bias_hyst not supported
11-20 12:30:20.490 E/ANDR-PERF-RESOURCEQS(  557): Failed to reset optimization [1, 2]
11-20 12:30:20.490 E/ANDR-PERF-OPTSHANDLER(  557): Perflock resource /proc/sys/kernel/sched_group_upmigrate not supported
11-20 12:30:20.490 E/ANDR-PERF-RESOURCEQS(  557): Failed to reset optimization [3, 21]
11-20 12:30:20.490 E/ANDR-PERF-OPTSHANDLER(  557): Perflock resource /proc/sys/kernel/sched_group_downmigrate not supported
11-20 12:30:20.490 E/ANDR-PERF-RESOURCEQS(  557): Failed to reset optimization [3, 22]
11-20 12:30:20.538 W/StatusBarClientConnection(26117): Messenger is null, ignoring message: { when=-20h42m46s801ms barrier=1 }
11-20 12:30:20.552 W/HWComposer(  577): Ignoring duplicate VSYNC event from HWC for display 0 (t=74566815553950)
11-20 12:30:20.568 E/StatusBarClientConnection(26117): Service connected
11-20 12:30:20.604 W/View    (26117): requestLayout() improperly called by android.view.View{a1c0ca8 V.ED..... ......I. 0,368-474,474} during layout: running second layout pass
11-20 12:30:20.623 W/View    (26117): requestLayout() improperly called by com.facebook.wearable.common.wds.listview.WdsListView{ca227de V.E..V... ........ 0,0-474,474} during second layout pass: posting in next frame
11-20 12:30:20.910 E/QMI_FW  ( 1113): qmi_cci_get_ref: ref count increased 2
11-20 12:30:20.912 E/QMI_FW  ( 1113): qmi_cci_get_ref: ref count increased 2
11-20 12:30:20.923 I/WearableConnectivityManager( 4420): LTE Signal strength is: 1
11-20 12:30:20.923 I/WearableConnectivityManager( 4420): Cellular Signal strength is: 1
11-20 12:30:20.924 D/RadioLinkQualityScoreBuilder( 1975): scoreRsrp: 2scoreRsrq: 2scoreRssnr: 3
11-20 12:30:20.924 D/WirelessInsightServiceImpl( 1975): onSignalStrengthsChanged: SignalStrength = SignalStrength:{mCdma=CellSignalStrengthCdma: cdmaDbm=2147483647 cdmaEcio=2147483647 evdoDbm=2147483647 evdoEcio=2147483647 evdoSnr=2147483647 level=0,mGsm=CellSignalStrengthGsm: rssi=2147483647 ber=2147483647 mTa=2147483647 mLevel=0,mWcdma=CellSignalStrengthWcdma: ss=2147483647 ber=2147483647 rscp=2147483647 ecno=2147483647 level=0,mTdscdma=CellSignalStrengthTdscdma: rssi=2147483647 ber=2147483647 rscp=2147483647 level=0,mLte=CellSignalStrengthLte: rssi=-79 rsrp=-113 rsrq=-15 rssnr=8 cqi=2147483647 ta=2147483647 level=1 parametersUseForLevel=0,mNr=CellSignalStrengthNr:{ csiRsrp = 2147483647 csiRsrq = 2147483647 csiSinr = 2147483647 ssRsrp = 2147483647 ssRsrq = 2147483647 ssSinr = 2147483647 level = 0 parametersUseForLevel = 0 },primary=CellSignalStrengthLte}
11-20 12:30:20.924 D/WirelessInsightServiceImpl( 1975): Score: 2
11-20 12:30:20.924 D/WirelessInsightServiceImpl( 1975): notifyListeners: listeners = 0, score = 2
11-20 12:30:21.275 E/ANDR-PERF-OPTSHANDLER(  557): perf_lock_rel: failed for /proc/sys/vm/swap_ratio as previous value is not stored
11-20 12:30:21.275 E/ANDR-PERF-OPTSHANDLER(  557): perf_lock_rel: failed for /sys/class/kgsl/kgsl-3d0/min_pwrlevel as previous value is not stored
11-20 12:30:21.276 E/ANDR-PERF-RESOURCEQS(  557): Failed to reset optimization [3, 0]
11-20 12:30:22.206 W/HWComposer(  577): Ignoring duplicate VSYNC event from HWC for display 0 (t=74568469282751)
11-20 12:30:22.223 W/HWComposer(  577): Ignoring duplicate VSYNC event from HWC for display 0 (t=74568486161397)
11-20 12:30:22.239 W/HWComposer(  577): Ignoring duplicate VSYNC event from HWC for display 0 (t=74568503026606)
11-20 12:30:22.257 W/HWComposer(  577): Ignoring duplicate VSYNC event from HWC for display 0 (t=74568519929314)
11-20 12:30:23.437 E/TaskPersister( 1194): File error accessing recents directory (directory doesn't exist?).
11-20 12:30:23.562 D/UIAutomatorStub(26556): URI: /jsonrpc/0, Method: POST, Header: {content-length=183, remote-addr=127.0.0.1, http-client-ip=127.0.0.1, host=localhost:9010, content-type=application/json, accept-encoding=identity}, params, {NanoHttpd.QUERY_STRING=null}, files: {postData={"jsonrpc": "2.0", "method": "waitForExists", "id": "dfee55a15d0500124e7ee31e2a70372b", "params": [{"mask": 1, "childOrSibling": [], "childOrSiblingSelector": [], "text": "WiFi"}, 5]}}
11-20 12:30:23.600 D/UIAutomatorStub(26556): URI: /jsonrpc/0, Method: POST, Header: {content-length=172, remote-addr=127.0.0.1, http-client-ip=127.0.0.1, host=localhost:9010, content-type=application/json, accept-encoding=identity}, params, {NanoHttpd.QUERY_STRING=null}, files: {postData={"jsonrpc": "2.0", "method": "click", "id": "3eaf4dff2f839e286fea08a78ade04ad", "params": [{"mask": 1, "childOrSibling": [], "childOrSiblingSelector": [], "text": "WiFi"}]}}
11-20 12:30:23.690 W/HWComposer(  577): Ignoring duplicate VSYNC event from HWC for display 0 (t=74569953872282)
11-20 12:30:23.701 W/StatusBarClientConnection(26117): Messenger is null, ignoring message: { when=-20h42m49s964ms barrier=1 }
11-20 12:30:23.725 D/UIAutomatorStub(26556): URI: /jsonrpc/0, Method: POST, Header: {content-length=238, remote-addr=127.0.0.1, http-client-ip=127.0.0.1, host=localhost:9010, content-type=application/json, accept-encoding=identity}, params, {NanoHttpd.QUERY_STRING=null}, files: {postData={"jsonrpc": "2.0", "method": "waitForExists", "id": "30007924b644ab6f39f76b0e7612fa5c", "params": [{"mask": 2097152, "childOrSibling": [], "childOrSiblingSelector": [], "resourceId": "com.facebook.wearable.system.settings:id/toggle"}, 0]}}
11-20 12:30:23.761 D/WifiConnector( 2841): Network State Changed
11-20 12:30:23.761 E/StatusBarClientConnection(26117): Service connected
11-20 12:30:23.774 W/View    (26117): requestLayout() improperly called by android.view.View{ec6f2a4 V.ED..... ......I. 0,368-474,474} during layout: running second layout pass
11-20 12:30:23.782 D/WifiSharingService( 2841): Starting Wi-Fi scan
11-20 12:30:23.782 I/chatty  ( 1194): uid=1000(system) Binder:1194_1E expire 1 line
11-20 12:30:23.788 W/View    (26117): requestLayout() improperly called by com.facebook.wearable.common.wds.listview.WdsListView{b563580 V.E..V... ........ 0,0-474,474} during second layout pass: posting in next frame
11-20 12:30:23.792 I/chatty  ( 1194): uid=1000(system) WifiScanningSer expire 1 line
11-20 12:30:23.794 I/chatty  ( 1024): uid=1021(gps) lowi-server expire 205 lines
11-20 12:30:23.794 V/WifiHAL (  539): event received NL80211_CMD_TRIGGER_SCAN
11-20 12:30:23.836 D/UIAutomatorStub(26556): URI: /jsonrpc/0, Method: POST, Header: {content-length=229, remote-addr=127.0.0.1, http-client-ip=127.0.0.1, host=localhost:9010, content-type=application/json, accept-encoding=identity}, params, {NanoHttpd.QUERY_STRING=null}, files: {postData={"jsonrpc": "2.0", "method": "objInfo", "id": "0b1de9a72e38ec184f88eb7e0c3a7213", "params": [{"mask": 2097152, "childOrSibling": [], "childOrSiblingSelector": [], "resourceId": "com.facebook.wearable.system.settings:id/toggle"}]}}
11-20 12:30:24.410 V/WifiHAL (  539): event received NL80211_CMD_NEW_SCAN_RESULTS
11-20 12:30:24.426 D/WificondScannerImpl( 1194): Filtering out 1 scan results.
11-20 12:30:24.437 I/chatty  ( 1024): uid=1021(gps) lowi-server expire 7 lines
11-20 12:30:24.442 D/PasspointManager( 1194): ANQP entry not found for: c6:82:9b:4e:b3:9e:<Pixel_R6>
11-20 12:30:24.442 D/PasspointManager( 1194): ANQP entry not found for: 5e:6e:be:46:77:d7:<Pixel_R3>
11-20 12:30:24.443 D/PasspointManager( 1194): ANQP entry not found for: 12:d7:96:61:85:9f:<Pixel_R5>
11-20 12:30:24.443 D/PasspointManager( 1194): ANQP entry not found for: ce:dc:12:3b:87:fd:<Pixel5_R1>
11-20 12:30:24.443 D/PasspointManager( 1194): ANQP entry not found for: fe:2d:5a:49:61:eb:<Pixel_R2>
11-20 12:30:24.497 D/WifiSharingService( 2841): Sending scanResults intent with status code 0: PendingIntent{feb168e: android.os.BinderProxy@f0906c1}
11-20 12:30:24.506 D/CompatibilityInfo( 1194): mCompatibilityFlags - 4
11-20 12:30:24.506 D/CompatibilityInfo( 1194): applicationDensity - 320
11-20 12:30:24.507 D/CompatibilityInfo( 1194): applicationScale - 1.0
11-20 12:30:25.412 W/HWComposer(  577): Ignoring duplicate VSYNC event from HWC for display 0 (t=74571675209365)
11-20 12:30:26.323 W/HWComposer(  577): Ignoring duplicate VSYNC event from HWC for display 0 (t=74572586402177)
11-20 12:30:26.357 W/HWComposer(  577): Ignoring duplicate VSYNC event from HWC for display 0 (t=74572620134781)
11-20 12:30:26.391 W/HWComposer(  577): Ignoring duplicate VSYNC event from HWC for display 0 (t=74572653906812)
11-20 12:30:28.758 D/AnalyticsLogger( 1194): sent events: 15
11-20 12:30:29.965 D/commandrouter( 1117): rtc_sync (1, rtc:sync): <ServiceRequest> FORWARDED (remote -> local) service client ID = 0, token ID = 40221
11-20 12:30:29.966 D/vendor.facebook.rtc_sync@1.0-service( 1129): Request req_ts=1637411429958366512 resp_ts=1637411429966105987
11-20 12:30:29.966 D/commandrouter( 1117): SocServiceHandle::onServiceMessage, SoC Service = rtc_sync, appType = 1, type = SVC_RESP, clientId = 0, token = 40221, payloadLen = 8, result = 0, payload.size() = 8
11-20 12:30:34.086 D/ConnectivityService( 1194): handleLingerComplete for [100 CELLULAR]
11-20 12:30:34.112 D/QCNEJ/WwanInfoRelay( 1900): onCapabilitiesChanged: 100 [ Transports: CELLULAR Capabilities: MMS&SUPL&FOTA&INTERNET&NOT_RESTRICTED&TRUSTED&NOT_VPN&VALIDATED&NOT_ROAMING&NOT_CONGESTED&NOT_SUSPENDED LinkUpBandwidth>=15000Kbps LinkDnBandwidth>=30000Kbps Specifier: <TelephonyNetworkSpecifier [mSubId = 1]> AdministratorUids: [] RequestorUid: -1 RequestorPackageName: null]
11-20 12:30:34.113 W/MqttClient( 2665): connection/disconnecting; reason=READ_SOCKET, operation=NETWORK_THREAD_LOOP
11-20 12:30:34.114 I/QCNEJ/WwanInfoRelay( 1900): cacheWwanInfo subId = 1 phoneId = 0 slotId = 0
11-20 12:30:34.127 W/System.err( 2665): DEBUG: com.whatsapp.net.tls13.WtSocketWrapper.sendAlertAndShutdown(:86) : Sending Alert : type : WARNING description : close_notify(0) exception : 
11-20 12:30:34.130 W/System.err( 2665): ERROR: com.whatsapp.net.logging.WtLog.log$REDEX$HQcOuACUrr4(:4) : Encountered exception. Nothing much can be done here. com.whatsapp.net.alerts.WtAlertException
11-20 12:30:34.206 W/System.err( 2665): INFO: com.whatsapp.net.logging.WtLog.log$REDEX$HQcOuACUrr4(:4) : Start handshake.
11-20 12:30:34.229 E/QMI_FW  ( 1113): qmi_cci_get_ref: ref count increased 2
11-20 12:30:34.229 E/QMI_FW  ( 1113): qmi_cci_get_ref: ref count increased 2
11-20 12:30:34.229 E/QMI_FW  ( 1113): qmi_cci_get_ref: ref count increased 2
11-20 12:30:34.260 W/System.err( 2665): INFO: com.whatsapp.net.logging.WtLog.log$REDEX$HQcOuACUrr4(:4) : Handshake complete : session_resumed true early_data_sent false early_data_accepted false client_cert_requested false time_ms 54
11-20 12:30:38.058 D/WifiNative( 1194): Scan trigered from WifiNative
11-20 12:30:38.060 I/chatty  ( 1024): uid=1021(gps) lowi-server expire 194 lines
11-20 12:30:38.061 V/WifiHAL (  539): event received NL80211_CMD_TRIGGER_SCAN
11-20 12:30:38.191 V/WifiHAL (  539): event received NL80211_CMD_NEW_SCAN_RESULTS
11-20 12:30:38.192 D/WifiNl80211Manager( 1194): Scan result ready event
11-20 12:30:38.192 D/WifiNative( 1194): Scan result ready event
11-20 12:30:38.211 I/chatty  ( 1024): uid=1021(gps) lowi-server expire 7 lines
11-20 12:30:39.966 D/commandrouter( 1117): rtc_sync (1, rtc:sync): <ServiceRequest> FORWARDED (remote -> local) service client ID = 0, token ID = 40222
11-20 12:30:39.966 D/vendor.facebook.rtc_sync@1.0-service( 1129): Request req_ts=1637411439959105987 resp_ts=1637411439966365984
11-20 12:30:39.966 D/commandrouter( 1117): SocServiceHandle::onServiceMessage, SoC Service = rtc_sync, appType = 1, type = SVC_RESP, clientId = 0, token = 40222, payloadLen = 8, result = 0, payload.size() = 8
11-20 12:30:40.517 E/QMI_FW  ( 1113): qmi_cci_get_ref: ref count increased 2
11-20 12:30:40.517 E/QMI_FW  ( 1113): qmi_cci_get_ref: ref count increased 2
11-20 12:30:40.518 E/QMI_FW  ( 1113): qmi_cci_get_ref: ref count increased 2
11-20 12:30:42.673 D/mcu_health_checker( 1118): Sent MCU Health Request
11-20 12:30:42.674 D/commandrouter( 1117): SocServiceHandle::onServiceMessage, SoC Service = mcu_healthcheck_1118, appType = 1, type = SVC_REQ, clientId = 0, token = 2484, payloadLen = 12, result = 0, payload.size() = 12
11-20 12:30:42.678 D/commandrouter( 1117): mcu_healthcheck_1118 (1, merlot:mcu_health:control): <ServiceResponse> FORWARDED (remote -> local) CR token ID = 2484, service client ID = 40, token ID = 44703, result = 0
11-20 12:30:42.679 D/mcu_health_checker( 1118): MCU Health Response: MCU_OK
11-20 12:30:42.679 D/mcu_health_checker( 1118): MCU Session 0, uptime = 74555372 ms
11-20 12:30:42.679 D/mculinkhealth( 1118): isMcuReachable 1 (5 ms)
11-20 12:30:43.017 I/system_server( 1194): Background young concurrent copying GC freed 321111(13MB) AllocSpace objects, 277(7620KB) LOS objects, 27% free, 54MB/76MB, paused 342us total 454.028ms
11-20 12:30:46.577 D/UIAutomatorStub(26556): URI: /jsonrpc/0, Method: POST, Header: {content-length=102, remote-addr=127.0.0.1, http-client-ip=127.0.0.1, host=localhost:9010, content-type=application/json, accept-encoding=identity}, params, {NanoHttpd.QUERY_STRING=null}, files: {postData={"jsonrpc": "2.0", "method": "pressKey", "id": "7b48ea7de66d2351eb2375fd404f3ac0", "params": ["back"]}}
11-20 12:30:46.606 D/AutofillManagerService( 1194): onBackKeyPressed()
11-20 12:30:46.649 D/UIAutomatorStub(26556): URI: /jsonrpc/0, Method: POST, Header: {content-length=102, remote-addr=127.0.0.1, http-client-ip=127.0.0.1, host=localhost:9010, content-type=application/json, accept-encoding=identity}, params, {NanoHttpd.QUERY_STRING=null}, files: {postData={"jsonrpc": "2.0", "method": "pressKey", "id": "e58b64d3ff935e647554b838b8fd6bfe", "params": ["back"]}}
11-20 12:30:46.668 W/HWComposer(  577): Ignoring duplicate VSYNC event from HWC for display 0 (t=74592931048367)
11-20 12:30:47.204 D/UIAutomatorStub(26556): URI: /jsonrpc/0, Method: POST, Header: {content-length=102, remote-addr=127.0.0.1, http-client-ip=127.0.0.1, host=localhost:9010, content-type=application/json, accept-encoding=identity}, params, {NanoHttpd.QUERY_STRING=null}, files: {postData={"jsonrpc": "2.0", "method": "pressKey", "id": "34e8af20b92081207be14a26822a3e12", "params": ["back"]}}
11-20 12:30:47.684 D/ActivityTrigger( 1194): ActivityTrigger activityPauseTrigger 
11-20 12:30:47.705 E/ANDR-PERF-JNI( 1194): UXEngine Trigger - Returning null
11-20 12:30:47.727 D/ComplicationController( 4420): Starting complication controller. Face Type: OdysseyWatchFace
11-20 12:30:47.727 D/ComplicationDataManagerImpl( 4420): Updating complication data for package: com.facebook.wearable.apps.gallery, id: com.facebook.wearable.apps.gallery.SHORTCUT_COMPLICATION
11-20 12:30:47.727 D/ComplicationDataManagerImpl( 4420): Updating complication data for package: com.facebook.wearable.apps.workout, id: com.facebook.wearable.apps.workout.SHORTCUT_COMPLICATION
11-20 12:30:47.727 D/ComplicationDataManagerImpl( 4420): Updating complication data for package: com.facebook.wearable.apps.weather, id: com.facebook.wearable.apps.weather.SHORTCUT_COMPLICATION
11-20 12:30:47.727 D/ComplicationDataManagerImpl( 4420): Updating complication data for package: com.facebook.wearable.apps.player, id: com.facebook.wearable.apps.player.SHORTCUT_COMPLICATION
11-20 12:30:47.727 D/ComplicationDataManagerImpl( 4420): Updating complication data for package: com.facebook.wearable.apps.clock, id: com.facebook.wearable.apps.clock.SHORTCUT_COMPLICATION
11-20 12:30:47.727 D/ComplicationDataManagerImpl( 4420): Updating complication data for package: com.facebook.wearable.apps.calendar, id: com.facebook.wearable.apps.calendar.SHORTCUT_COMPLICATION
11-20 12:30:47.728 D/ComplicationDataManagerImpl( 4420): Updating complication data for package: com.facebook.wearable.apps.heart, id: com.facebook.wearable.apps.heart.HEART_RATE
11-20 12:30:47.729 E/DayDateSystemComplicationProvider( 4420): Updating Day Date System Complication
11-20 12:30:47.729 D/ComplicationDataManagerImpl( 4420): Updating complication data for package: com.facebook.wearable.apps.calendar, id: com.facebook.wearable.apps.calendar.DAY_DATE_COMPLICATION
11-20 12:30:47.739 D/ComplicationDataManagerImpl( 4420): Fetching complication data for package: com.facebook.wearable.apps.calendar, com.facebook.wearable.apps.calendar.DAY_DATE_COMPLICATION.
11-20 12:30:47.740 D/ComplicationDataManagerImpl( 4420): Fetching complication data for package: com.facebook.wearable.apps.player, com.facebook.wearable.apps.player.SHORTCUT_COMPLICATION.
11-20 12:30:47.740 D/ComplicationDataManagerImpl( 4420): Fetching complication data for package: com.facebook.wearable.apps.gallery, com.facebook.wearable.apps.gallery.SHORTCUT_COMPLICATION.
11-20 12:30:47.741 D/ComplicationDataManagerImpl( 4420): Fetching complication data for package: com.facebook.wearable.apps.heart, com.facebook.wearable.apps.heart.HEART_RATE.
11-20 12:30:47.748 D/LauncherActivity( 4420): onResume: Intent { cat=[android.intent.category.HOME] flg=0x10000100 cmp=com.facebook.wearable.system.launcher/.LauncherActivity }
11-20 12:30:47.748 D/LauncherIntentProcessor( 4420): processLauncherActivityIntent: Intent { cat=[android.intent.category.HOME] flg=0x10000100 cmp=com.facebook.wearable.system.launcher/.LauncherActivity }
11-20 12:30:47.774 D/FacebookRepository( 4420): Reading from Store [250223709649332]
11-20 12:30:47.795 D/CompatibilityInfo( 1194): mCompatibilityFlags - 4
11-20 12:30:47.795 D/CompatibilityInfo( 1194): applicationDensity - 320
11-20 12:30:47.795 D/CompatibilityInfo( 1194): applicationScale - 1.0
11-20 12:30:47.808 D/CompatibilityInfo( 1194): mCompatibilityFlags - 4
11-20 12:30:47.808 D/CompatibilityInfo( 1194): applicationDensity - 320
11-20 12:30:47.808 D/CompatibilityInfo( 1194): applicationScale - 1.0
11-20 12:30:47.813 D/UIAutomatorStub(26556): URI: /jsonrpc/0, Method: POST, Header: {content-length=102, remote-addr=127.0.0.1, http-client-ip=127.0.0.1, host=localhost:9010, content-type=application/json, accept-encoding=identity}, params, {NanoHttpd.QUERY_STRING=null}, files: {postData={"jsonrpc": "2.0", "method": "pressKey", "id": "920e62162049d52c94af70abf82b8847", "params": ["back"]}}
11-20 12:30:48.051 D/CompatibilityInfo( 1194): mCompatibilityFlags - 4
11-20 12:30:48.051 D/CompatibilityInfo( 1194): applicationDensity - 320
11-20 12:30:48.051 D/CompatibilityInfo( 1194): applicationScale - 1.0
11-20 12:30:48.077 D/CompatibilityInfo( 1194): mCompatibilityFlags - 4
11-20 12:30:48.077 D/CompatibilityInfo( 1194): applicationDensity - 320
11-20 12:30:48.077 D/CompatibilityInfo( 1194): applicationScale - 1.0
11-20 12:30:48.299 E/ANDR-PERF-OPTSHANDLER(  557): perf_lock_rel: failed for /sys/class/kgsl/kgsl-3d0/min_pwrlevel as previous value is not stored
11-20 12:30:48.299 E/ANDR-PERF-RESOURCEQS(  557): Failed to reset optimization [3, 0]
11-20 12:30:48.623 D/LauncherActivity( 4420): onKeyUp() called with keycode:4, event: KeyEvent { action=ACTION_UP, keyCode=KEYCODE_BACK, scanCode=0, metaState=0, flags=0x200, repeatCount=0, eventTime=74594866, downTime=74594866, deviceId=-1, source=0x101, displayId=-1 }
11-20 12:30:49.081 W/HWComposer(  577): Ignoring duplicate VSYNC event from HWC for display 0 (t=74595343824512)
11-20 12:30:49.114 W/HWComposer(  577): Ignoring duplicate VSYNC event from HWC for display 0 (t=74595377581908)
11-20 12:30:47.661 I/chatty  ( 1194): uid=1000(system) android.ui identical 2 lines
11-20 12:30:48.622 D/AutofillManagerService( 1194): onBackKeyPressed()
11-20 12:30:49.146 W/ActivityManager( 1194): Invalid packageName: com.facebook.wearable.system.settings/com.facebook.wearable.system.settings.SettingsActivity
11-20 12:30:49.148 W/HWComposer(  577): Ignoring duplicate VSYNC event from HWC for display 0 (t=74595411326647)
11-20 12:30:49.149 I/cmd     (28794): oneway function results will be dropped but finished with status OK and parcel size 4
11-20 12:30:49.165 W/HWComposer(  577): Ignoring duplicate VSYNC event from HWC for display 0 (t=74595428203522)
11-20 12:30:49.275 I/ActivityTaskManager( 1194): START u0 {flg=0x10000000 cmp=com.facebook.wearable.system.settings/.SettingsActivity} from uid 0
11-20 12:30:49.286 D/CompatibilityInfo( 1194): mCompatibilityFlags - 4
11-20 12:30:49.286 D/CompatibilityInfo( 1194): applicationDensity - 320
11-20 12:30:49.286 D/CompatibilityInfo( 1194): applicationScale - 1.0
11-20 12:30:49.288 D/ActivityTrigger( 1194): ActivityTrigger activityPauseTrigger 
11-20 12:30:49.292 I/ActivityTaskManager( 1194): The Process com.facebook.wearable.system.settings Already Exists in BG. So sending its PID: 26117
11-20 12:30:49.292 W/ActivityTaskManager( 1194): Tried to set launchTime (0) < mLastActivityLaunchTime (74565550)
11-20 12:30:49.293 D/CompatibilityInfo( 1194): mCompatibilityFlags - 4
11-20 12:30:49.293 D/CompatibilityInfo( 1194): applicationDensity - 320
11-20 12:30:49.293 D/CompatibilityInfo( 1194): applicationScale - 1.0
11-20 12:30:49.318 D/LauncherActivity( 4420): onPause
11-20 12:30:49.378 D/CompatibilityInfo( 1194): mCompatibilityFlags - 4
11-20 12:30:49.378 D/CompatibilityInfo( 1194): applicationDensity - 320
11-20 12:30:49.378 D/CompatibilityInfo( 1194): applicationScale - 1.0
11-20 12:30:49.407 E/StatusBarClientConnection(26117): Service connected
11-20 12:30:49.437 W/View    (26117): requestLayout() improperly called by android.view.View{caef2fe V.ED..... ......I. 0,368-474,474} during layout: running second layout pass
11-20 12:30:49.449 D/FacebookProvider(25411): Starting SSO Network Fetch for 263529928325379
11-20 12:30:49.450 I/AccountsContentProvider(25411): No Primary Account. Accounts Error [content://com.facebook.wearable.system.accounts.AccountsContentProvider/facebook/263529928325379]
11-20 12:30:49.455 W/View    (26117): requestLayout() improperly called by com.facebook.wearable.common.wds.listview.WdsListView{69890f3 V.E..V... ........ 0,0-474,474} during second layout pass: posting in next frame
11-20 12:30:49.457 E/DatabaseUtils(25411): Writing exception to parcel
11-20 12:30:49.457 E/DatabaseUtils(25411): java.lang.IllegalStateException: No Primary Account
11-20 12:30:49.457 E/DatabaseUtils(25411): 	at com.facebook.secure.content.AbstractContentProvider.doQuery(:284)
11-20 12:30:49.457 E/DatabaseUtils(25411): 	at com.facebook.secure.content.AbstractContentProvider.query(:8)
11-20 12:30:49.457 E/DatabaseUtils(25411): 	at android.content.ContentProvider.query(ContentProvider.java:1474)
11-20 12:30:49.457 E/DatabaseUtils(25411): 	at android.content.ContentProvider$Transport.query(ContentProvider.java:278)
11-20 12:30:49.457 E/DatabaseUtils(25411): 	at android.content.ContentProviderNative.onTransact(ContentProviderNative.java:106)
11-20 12:30:49.457 E/DatabaseUtils(25411): 	at android.os.Binder.execTransactInternal(Binder.java:1154)
11-20 12:30:49.457 E/DatabaseUtils(25411): 	at android.os.Binder.execTransact(Binder.java:1123)
11-20 12:30:49.459 E/AccountsViewModel(26117): AccountsViewModel.flow failed: No Primary Account
11-20 12:30:49.459 E/AccountsViewModel(26117): java.lang.IllegalStateException: No Primary Account
11-20 12:30:49.459 E/AccountsViewModel(26117): 	at android.os.Parcel.createExceptionOrNull(Parcel.java:2381)
11-20 12:30:49.459 E/AccountsViewModel(26117): 	at android.os.Parcel.createException(Parcel.java:2357)
11-20 12:30:49.459 E/AccountsViewModel(26117): 	at android.os.Parcel.readException(Parcel.java:2340)
11-20 12:30:49.459 E/AccountsViewModel(26117): 	at android.database.DatabaseUtils.readExceptionFromParcel(DatabaseUtils.java:190)
