11-20 07:11:29.825 D/vendor.facebook.rtc_sync@1.0-service( 1129): Request req_ts=1637392289808893136 resp_ts=1637392289825179070
11-20 07:11:29.825 D/commandrouter( 1117): SocServiceHandle::onServiceMessage, SoC Service = rtc_sync, appType = 1, type = SVC_RESP, clientId = 0, token = 38307, payloadLen = 8, result = 0, payload.size() = 8
11-20 07:11:29.950 W/HWComposer(  577): Ignoring duplicate VSYNC event from HWC for display 0 (t=55436213301456)
11-20 07:11:31.073 D/QCNEJ/WlanStaInfoRelay( 1900): Received action: android.net.wifi.RSSI_CHANGED
11-20 07:11:31.075 D/WearableConnectivityManager( 2581): onWifiStrengthChange: -32
11-20 07:11:31.084 V/LigerRadioStatsReporter( 2384): onCapabilitiesChanged: Network capabilities changed
11-20 07:11:31.084 V/LigerRadioStatsReporter( 2384): reportAndCheckpointRadioStats
11-20 07:11:31.085 V/LigerRadioStatsReporter( 2384): +++++++++++ RADIO STATS DUMP +++++++++++
11-20 07:11:31.085 V/LigerRadioStatsReporter( 2384): totalActiveRadioTimeMs=0
11-20 07:11:31.086 V/LigerRadioStatsReporter( 2384): totalTailRadioTimeMs=13995
11-20 07:11:31.086 V/LigerRadioStatsReporter( 2384): totalWakeupCount=0
11-20 07:11:31.086 V/LigerRadioStatsReporter( 2384): httpUpBytes=0
11-20 07:11:31.086 V/LigerRadioStatsReporter( 2384): httpDownBytes=0
11-20 07:11:31.086 V/LigerRadioStatsReporter( 2384): httpWakeupCount=0
11-20 07:11:31.086 V/LigerRadioStatsReporter( 2384): httpRequestCount=0
11-20 07:11:31.086 V/LigerRadioStatsReporter( 2384): httpActiveRadioTimeMs=0
11-20 07:11:31.086 V/LigerRadioStatsReporter( 2384): httpTailRadioTimeMs=13995
11-20 07:11:31.087 V/LigerRadioStatsReporter( 2384): reportAndCheckpointRadioStats: Tx=0
11-20 07:11:31.087 V/LigerRadioStatsReporter( 2384): reportAndCheckpointRadioStats: Rx=0
11-20 07:11:31.087 V/LigerRadioStatsReporter( 2384): reportAndCheckpointRadioStats: Uids=10028
11-20 07:11:31.087 V/LigerRadioStatsReporter( 2384): reportAndCheckpointRadioStats: Tags=null
11-20 07:11:34.382 E/QMI_FW  ( 1113): qmi_cci_get_ref: ref count increased 2
11-20 07:11:34.383 E/QMI_FW  ( 1113): qmi_cci_get_ref: ref count increased 2
11-20 07:11:34.383 E/QMI_FW  ( 1113): qmi_cci_get_ref: ref count increased 2
11-20 07:11:39.039 E/QMI_FW  ( 1113): qmi_cci_get_ref: ref count increased 2
11-20 07:11:39.040 E/QMI_FW  ( 1113): qmi_cci_get_ref: ref count increased 2
11-20 07:11:39.052 I/WearableConnectivityManager( 2581): LTE Signal strength is: 2
11-20 07:11:39.052 I/WearableConnectivityManager( 2581): Cellular Signal strength is: 2
11-20 07:11:39.053 D/RadioLinkQualityScoreBuilder( 1975): scoreRsrp: 3scoreRsrq: 1scoreRssnr: 1
11-20 07:11:39.054 D/WirelessInsightServiceImpl( 1975): onSignalStrengthsChanged: SignalStrength = SignalStrength:{mCdma=CellSignalStrengthCdma: cdmaDbm=2147483647 cdmaEcio=2147483647 evdoDbm=2147483647 evdoEcio=2147483647 evdoSnr=2147483647 level=0,mGsm=CellSignalStrengthGsm: rssi=2147483647 ber=2147483647 mTa=2147483647 mLevel=0,mWcdma=CellSignalStrengthWcdma: ss=2147483647 ber=2147483647 rscp=2147483647 ecno=2147483647 level=0,mTdscdma=CellSignalStrengthTdscdma: rssi=2147483647 ber=2147483647 rscp=2147483647 level=0,mLte=CellSignalStrengthLte: rssi=-75 rsrp=-111 rsrq=-17 rssnr=-2 cqi=2147483647 ta=2147483647 level=2 parametersUseForLevel=0,mNr=CellSignalStrengthNr:{ csiRsrp = 2147483647 csiRsrq = 2147483647 csiSinr = 2147483647 ssRsrp = 2147483647 ssRsrq = 2147483647 ssSinr = 2147483647 level = 0 parametersUseForLevel = 0 },primary=CellSignalStrengthLte}
11-20 07:11:39.054 D/WirelessInsightServiceImpl( 1975): Score: 1
11-20 07:11:39.054 D/WirelessInsightServiceImpl( 1975): notifyListeners: listeners = 0, score = 1
11-20 07:11:39.821 D/commandrouter( 1117): rtc_sync (1, rtc:sync): <ServiceRequest> FORWARDED (remote -> local) service client ID = 0, token ID = 38308
11-20 07:11:39.821 D/vendor.facebook.rtc_sync@1.0-service( 1129): Request req_ts=1637392299811179070 resp_ts=1637392299821230368
11-20 07:11:39.821 D/commandrouter( 1117): SocServiceHandle::onServiceMessage, SoC Service = rtc_sync, appType = 1, type = SVC_RESP, clientId = 0, token = 38308, payloadLen = 8, result = 0, payload.size() = 8
11-20 07:11:42.890 E/QMI_FW  ( 1113): qmi_cci_get_ref: ref count increased 2
11-20 07:11:42.891 E/QMI_FW  ( 1113): qmi_cci_get_ref: ref count increased 2
11-20 07:11:42.901 I/WearableConnectivityManager( 2581): LTE Signal strength is: 2
11-20 07:11:42.901 I/WearableConnectivityManager( 2581): Cellular Signal strength is: 2
11-20 07:11:42.902 D/RadioLinkQualityScoreBuilder( 1975): scoreRsrp: 3scoreRsrq: 3scoreRssnr: 3
11-20 07:11:42.903 D/WirelessInsightServiceImpl( 1975): onSignalStrengthsChanged: SignalStrength = SignalStrength:{mCdma=CellSignalStrengthCdma: cdmaDbm=2147483647 cdmaEcio=2147483647 evdoDbm=2147483647 evdoEcio=2147483647 evdoSnr=2147483647 level=0,mGsm=CellSignalStrengthGsm: rssi=2147483647 ber=2147483647 mTa=2147483647 mLevel=0,mWcdma=CellSignalStrengthWcdma: ss=2147483647 ber=2147483647 rscp=2147483647 ecno=2147483647 level=0,mTdscdma=CellSignalStrengthTdscdma: rssi=2147483647 ber=2147483647 rscp=2147483647 level=0,mLte=CellSignalStrengthLte: rssi=-79 rsrp=-111 rsrq=-12 rssnr=7 cqi=2147483647 ta=2147483647 level=2 parametersUseForLevel=0,mNr=CellSignalStrengthNr:{ csiRsrp = 2147483647 csiRsrq = 2147483647 csiSinr = 2147483647 ssRsrp = 2147483647 ssRsrq = 2147483647 ssSinr = 2147483647 level = 0 parametersUseForLevel = 0 },primary=CellSignalStrengthLte}
11-20 07:11:42.903 D/WirelessInsightServiceImpl( 1975): Score: 3
11-20 07:11:42.903 D/WirelessInsightServiceImpl( 1975): notifyListeners: listeners = 0, score = 3
11-20 07:11:46.299 I/chatty  ( 1194): uid=1000(system) WifiScanningSer expire 2 lines
11-20 07:11:46.300 I/chatty  ( 1024): uid=1021(gps) lowi-server expire 211 lines
11-20 07:11:46.301 V/WifiHAL (  539): event received NL80211_CMD_TRIGGER_SCAN
11-20 07:11:46.464 I/chatty  ( 1194): uid=1000(system) Binder:1194_2 expire 9 lines
11-20 07:11:46.469 V/WifiHAL (  539): event received NL80211_CMD_NEW_SCAN_RESULTS
11-20 07:11:46.730 E/QMI_FW  ( 1113): qmi_cci_get_ref: ref count increased 2
11-20 07:11:46.732 E/QMI_FW  ( 1113): qmi_cci_get_ref: ref count increased 2
11-20 07:11:46.743 I/WearableConnectivityManager( 2581): LTE Signal strength is: 2
11-20 07:11:46.744 I/WearableConnectivityManager( 2581): Cellular Signal strength is: 2
11-20 07:11:46.746 D/RadioLinkQualityScoreBuilder( 1975): scoreRsrp: 3scoreRsrq: 3scoreRssnr: 2
11-20 07:11:46.746 D/WirelessInsightServiceImpl( 1975): onSignalStrengthsChanged: SignalStrength = SignalStrength:{mCdma=CellSignalStrengthCdma: cdmaDbm=2147483647 cdmaEcio=2147483647 evdoDbm=2147483647 evdoEcio=2147483647 evdoSnr=2147483647 level=0,mGsm=CellSignalStrengthGsm: rssi=2147483647 ber=2147483647 mTa=2147483647 mLevel=0,mWcdma=CellSignalStrengthWcdma: ss=2147483647 ber=2147483647 rscp=2147483647 ecno=2147483647 level=0,mTdscdma=CellSignalStrengthTdscdma: rssi=2147483647 ber=2147483647 rscp=2147483647 level=0,mLte=CellSignalStrengthLte: rssi=-79 rsrp=-111 rsrq=-13 rssnr=2 cqi=2147483647 ta=2147483647 level=2 parametersUseForLevel=0,mNr=CellSignalStrengthNr:{ csiRsrp = 2147483647 csiRsrq = 2147483647 csiSinr = 2147483647 ssRsrp = 2147483647 ssRsrq = 2147483647 ssSinr = 2147483647 level = 0 parametersUseForLevel = 0 },primary=CellSignalStrengthLte}
11-20 07:11:46.746 D/WirelessInsightServiceImpl( 1975): Score: 2
11-20 07:11:46.746 D/WirelessInsightServiceImpl( 1975): notifyListeners: listeners = 0, score = 2
11-20 07:11:47.569 D/mcu_health_checker( 1118): Sent MCU Health Request
11-20 07:11:47.569 D/commandrouter( 1117): SocServiceHandle::onServiceMessage, SoC Service = mcu_healthcheck_1118, appType = 1, type = SVC_REQ, clientId = 0, token = 1846, payloadLen = 12, result = 0, payload.size() = 12
11-20 07:11:47.574 D/commandrouter( 1117): mcu_healthcheck_1118 (1, merlot:mcu_health:control): <ServiceResponse> FORWARDED (remote -> local) CR token ID = 1846, service client ID = 40, token ID = 33658, result = 0
11-20 07:11:47.574 D/mcu_health_checker( 1118): MCU Health Response: MCU_OK
11-20 07:11:47.574 D/mcu_health_checker( 1118): MCU Session 0, uptime = 55420405 ms
11-20 07:11:47.574 D/mculinkhealth( 1118): isMcuReachable 1 (5 ms)
11-20 07:11:47.678 D/UIAutomatorStub(17968): URI: /jsonrpc/0, Method: POST, Header: {content-length=102, remote-addr=127.0.0.1, http-client-ip=127.0.0.1, host=localhost:9010, content-type=application/json, accept-encoding=identity}, params, {NanoHttpd.QUERY_STRING=null}, files: {postData={"jsonrpc": "2.0", "method": "pressKey", "id": "64b1e532d7d7e4e4ff9917c5a67002be", "params": ["back"]}}
11-20 07:11:47.701 D/AutofillManagerService( 1194): onBackKeyPressed()
11-20 07:11:47.741 D/UIAutomatorStub(17968): URI: /jsonrpc/0, Method: POST, Header: {content-length=102, remote-addr=127.0.0.1, http-client-ip=127.0.0.1, host=localhost:9010, content-type=application/json, accept-encoding=identity}, params, {NanoHttpd.QUERY_STRING=null}, files: {postData={"jsonrpc": "2.0", "method": "pressKey", "id": "dbb6741fdce94db8edf0bf46afca8ddb", "params": ["back"]}}
11-20 07:11:47.760 W/HWComposer(  577): Ignoring duplicate VSYNC event from HWC for display 0 (t=55454023162647)
11-20 07:11:48.315 D/UIAutomatorStub(17968): URI: /jsonrpc/0, Method: POST, Header: {content-length=102, remote-addr=127.0.0.1, http-client-ip=127.0.0.1, host=localhost:9010, content-type=application/json, accept-encoding=identity}, params, {NanoHttpd.QUERY_STRING=null}, files: {postData={"jsonrpc": "2.0", "method": "pressKey", "id": "2589852b233bfab445fe057988e0d86c", "params": ["back"]}}
11-20 07:11:48.228 D/AutofillManagerService( 1194): onBackKeyPressed()
11-20 07:11:48.525 D/AppStorageManager( 1194): BEFORE:: Previous Size: 997314560 Current Size: 997179392
11-20 07:11:48.525 D/AppStorageManager( 1194): AFTER:: Previous Size: 997179392 Current Size: 997179392
11-20 07:11:48.752 D/AutofillManagerService( 1194): onBackKeyPressed()
11-20 07:11:48.770 I/chatty  ( 1194): uid=1000(system) Binder:1194_5 expire 1 line
11-20 07:11:48.807 I/chatty  ( 1194): uid=1000 system_server expire 1 line
11-20 07:11:48.821 D/ComplicationController( 2581): Starting complication controller. Face Type: OdysseyWatchFace
11-20 07:11:48.822 D/ComplicationDataManagerImpl( 2581): Updating complication data for package: com.facebook.wearable.apps.heart, id: com.facebook.wearable.apps.heart.HEART_RATE
11-20 07:11:48.822 D/ComplicationDataManagerImpl( 2581): Updating complication data for package: com.facebook.wearable.apps.clock, id: com.facebook.wearable.apps.clock.SHORTCUT_COMPLICATION
11-20 07:11:48.822 D/ComplicationDataManagerImpl( 2581): Updating complication data for package: com.facebook.wearable.apps.weather, id: com.facebook.wearable.apps.weather.SHORTCUT_COMPLICATION
11-20 07:11:48.822 D/ComplicationDataManagerImpl( 2581): Updating complication data for package: com.facebook.wearable.apps.workout, id: com.facebook.wearable.apps.workout.SHORTCUT_COMPLICATION
11-20 07:11:48.822 D/ComplicationDataManagerImpl( 2581): Updating complication data for package: com.facebook.wearable.apps.calendar, id: com.facebook.wearable.apps.calendar.SHORTCUT_COMPLICATION
11-20 07:11:48.822 D/ComplicationDataManagerImpl( 2581): Updating complication data for package: com.facebook.wearable.apps.gallery, id: com.facebook.wearable.apps.gallery.SHORTCUT_COMPLICATION
11-20 07:11:48.822 D/ComplicationDataManagerImpl( 2581): Updating complication data for package: com.facebook.wearable.apps.player, id: com.facebook.wearable.apps.player.SHORTCUT_COMPLICATION
11-20 07:11:48.837 E/DayDateSystemComplicationProvider( 2581): Updating Day Date System Complication
11-20 07:11:48.837 D/ComplicationDataManagerImpl( 2581): Updating complication data for package: com.facebook.wearable.apps.calendar, id: com.facebook.wearable.apps.calendar.DAY_DATE_COMPLICATION
11-20 07:11:48.847 D/ComplicationDataManagerImpl( 2581): Fetching complication data for package: com.facebook.wearable.apps.calendar, com.facebook.wearable.apps.calendar.DAY_DATE_COMPLICATION.
11-20 07:11:48.848 D/ComplicationDataManagerImpl( 2581): Fetching complication data for package: com.facebook.wearable.apps.player, com.facebook.wearable.apps.player.SHORTCUT_COMPLICATION.
11-20 07:11:48.848 D/ComplicationDataManagerImpl( 2581): Fetching complication data for package: com.facebook.wearable.apps.gallery, com.facebook.wearable.apps.gallery.SHORTCUT_COMPLICATION.
11-20 07:11:48.849 D/ComplicationDataManagerImpl( 2581): Fetching complication data for package: com.facebook.wearable.apps.heart, com.facebook.wearable.apps.heart.HEART_RATE.
11-20 07:11:48.855 D/LauncherActivity( 2581): onResume: Intent { cat=[android.intent.category.DEFAULT] flg=0x10020000 cmp=com.facebook.wearable.system.launcher/.LauncherActivity }
11-20 07:11:48.856 D/LauncherIntentProcessor( 2581): processLauncherActivityIntent: Intent { cat=[android.intent.category.DEFAULT] flg=0x10020000 cmp=com.facebook.wearable.system.launcher/.LauncherActivity }
11-20 07:11:48.880 D/FacebookRepository( 2581): Reading from Store [250223709649332]
11-20 07:11:48.906 I/chatty  ( 1194): uid=1000(system) ActivityManager expire 12 lines
11-20 07:11:48.919 I/chatty  ( 1194): uid=1000(system) Binder:1194_17 expire 3 lines
11-20 07:11:48.924 D/UIAutomatorStub(17968): URI: /jsonrpc/0, Method: POST, Header: {content-length=102, remote-addr=127.0.0.1, http-client-ip=127.0.0.1, host=localhost:9010, content-type=application/json, accept-encoding=identity}, params, {NanoHttpd.QUERY_STRING=null}, files: {postData={"jsonrpc": "2.0", "method": "pressKey", "id": "2c7df9fb9437f48963c1133c818bb6a5", "params": ["back"]}}
11-20 07:11:49.397 E/ANDR-PERF-OPTSHANDLER(  557): perf_lock_rel: failed for /sys/class/kgsl/kgsl-3d0/min_pwrlevel as previous value is not stored
11-20 07:11:49.398 E/ANDR-PERF-RESOURCEQS(  557): Failed to reset optimization [3, 0]
11-20 07:11:49.827 D/commandrouter( 1117): rtc_sync (1, rtc:sync): <ServiceRequest> FORWARDED (remote -> local) service client ID = 0, token ID = 38309
11-20 07:11:49.827 D/vendor.facebook.rtc_sync@1.0-service( 1129): Request req_ts=1637392309811230368 resp_ts=1637392309827382344
11-20 07:11:49.827 D/commandrouter( 1117): SocServiceHandle::onServiceMessage, SoC Service = rtc_sync, appType = 1, type = SVC_RESP, clientId = 0, token = 38309, payloadLen = 8, result = 0, payload.size() = 8
11-20 07:11:49.984 D/AutofillManagerService( 1194): onBackKeyPressed()
11-20 07:11:49.985 D/LauncherActivity( 2581): onKeyUp() called with keycode:4, event: KeyEvent { action=ACTION_UP, keyCode=KEYCODE_BACK, scanCode=0, metaState=0, flags=0x200, repeatCount=0, eventTime=55456231, downTime=55456231, deviceId=-1, source=0x101, displayId=-1 }
11-20 07:11:50.153 W/ActivityManager( 1194): Invalid packageName: com.facebook.wearable.system.settings/com.facebook.wearable.system.settings.SettingsActivity
11-20 07:11:50.277 I/ActivityTaskManager( 1194): START u0 {flg=0x10000000 cmp=com.facebook.wearable.system.settings/.SettingsActivity} from uid 0
11-20 07:11:50.297 I/ActivityTaskManager( 1194): The Process com.facebook.wearable.system.settings Already Exists in BG. So sending its PID: 16444
11-20 07:11:50.297 W/ActivityTaskManager( 1194): Tried to set launchTime (0) < mLastActivityLaunchTime (55426555)
11-20 07:11:50.325 D/LauncherActivity( 2581): onPause
11-20 07:11:50.373 D/FacebookProvider(13915): Starting SSO Network Fetch for 263529928325379
11-20 07:11:50.374 I/AccountsContentProvider(13915): No Primary Account. Accounts Error [content://com.facebook.wearable.system.accounts.AccountsContentProvider/facebook/263529928325379]
11-20 07:11:50.374 E/DatabaseUtils(13915): Writing exception to parcel
11-20 07:11:50.374 E/DatabaseUtils(13915): java.lang.IllegalStateException: No Primary Account
11-20 07:11:50.374 E/DatabaseUtils(13915): 	at com.facebook.secure.content.AbstractContentProvider.doQuery(:284)
11-20 07:11:50.374 E/DatabaseUtils(13915): 	at com.facebook.secure.content.AbstractContentProvider.query(:8)
11-20 07:11:50.374 E/DatabaseUtils(13915): 	at android.content.ContentProvider.query(ContentProvider.java:1474)
11-20 07:11:50.374 E/DatabaseUtils(13915): 	at android.content.ContentProvider$Transport.query(ContentProvider.java:278)
11-20 07:11:50.374 E/DatabaseUtils(13915): 	at android.content.ContentProviderNative.onTransact(ContentProviderNative.java:106)
11-20 07:11:50.374 E/DatabaseUtils(13915): 	at android.os.Binder.execTransactInternal(Binder.java:1154)
11-20 07:11:50.374 E/DatabaseUtils(13915): 	at android.os.Binder.execTransact(Binder.java:1123)
11-20 07:11:50.377 E/AccountsViewModel(16444): AccountsViewModel.flow failed: No Primary Account
11-20 07:11:50.377 E/AccountsViewModel(16444): java.lang.IllegalStateException: No Primary Account
11-20 07:11:50.377 E/AccountsViewModel(16444): 	at android.os.Parcel.createExceptionOrNull(Parcel.java:2381)
11-20 07:11:50.377 E/AccountsViewModel(16444): 	at android.os.Parcel.createException(Parcel.java:2357)
11-20 07:11:50.377 E/AccountsViewModel(16444): 	at android.os.Parcel.readException(Parcel.java:2340)
11-20 07:11:50.377 E/AccountsViewModel(16444): 	at android.database.DatabaseUtils.readExceptionFromParcel(DatabaseUtils.java:190)
11-20 07:11:50.377 E/AccountsViewModel(16444): 	at android.database.DatabaseUtils.readExceptionFromParcel(DatabaseUtils.java:142)
11-20 07:11:50.377 E/AccountsViewModel(16444): 	at android.content.ContentProviderProxy.query(ContentProviderNative.java:472)
11-20 07:11:50.377 E/AccountsViewModel(16444): 	at android.content.ContentResolver.query(ContentResolver.java:1185)
11-20 07:11:50.377 E/AccountsViewModel(16444): 	at android.content.ContentResolver.query(ContentResolver.java:1116)
11-20 07:11:50.377 E/AccountsViewModel(16444): 	at com.facebook.wearable.common.accounts.contract.WearableAccountsContractRequest.query(:51)
11-20 07:11:50.377 E/AccountsViewModel(16444): 	at kotlin.coroutines.jvm.internal.BaseContinuationImpl.invokeSuspend(:95489)
11-20 07:11:50.377 E/AccountsViewModel(16444): 	at com.facebook.wearable.common.accounts.WearableAccountsKt$fb$1.invoke(:9)
11-20 07:11:50.377 E/AccountsViewModel(16444): 	at com.facebook.wearable.common.coroutines.lazy.LazyAsync.get(:101)
11-20 07:11:50.377 E/AccountsViewModel(16444): 	at kotlin.coroutines.jvm.internal.BaseContinuationImpl.invokeSuspend(:96596)
11-20 07:11:50.377 E/AccountsViewModel(16444): 	at com.facebook.wearable.system.settings.accounts.AccountsViewModel$wearableAccountFlow$1.invoke(:11)
11-20 07:11:50.377 E/AccountsViewModel(16444): 	at kotlinx.coroutines.flow.AbstractFlow.collect$rvp0$0(:72)
11-20 07:11:50.377 E/AccountsViewModel(16444): 	at kotlin.coroutines.jvm.internal.BaseContinuationImpl.invokeSuspend(:95417)
11-20 07:11:50.377 E/AccountsViewModel(16444): 	at kotlinx.coroutines.flow.FlowKt__ShareKt$launchSharing$1$2.invoke(Unknown Source:10)
11-20 07:11:50.377 E/AccountsViewModel(16444): 	at kotlin.coroutines.jvm.internal.BaseContinuationImpl.invokeSuspend(:96715)
11-20 07:11:50.377 E/AccountsViewModel(16444): 	at kotlinx.coroutines.flow.FlowKt__MergeKt$mapLatest$1.invoke(Unknown Source:15)
11-20 07:11:50.377 E/AccountsViewModel(16444): 	at kotlin.coroutines.jvm.internal.BaseContinuationImpl.invokeSuspend(:96820)
11-20 07:11:50.377 E/AccountsViewModel(16444): 	at kotlinx.coroutines.flow.internal.ChannelFlowTransformLatest$flowCollect$3$1$2.invoke(Unknown Source:10)
11-20 07:11:50.377 E/AccountsViewModel(16444): 	at kotlinx.coroutines.CoroutineStart.invoke(:32)
11-20 07:11:50.377 E/AccountsViewModel(16444): 	at kotlinx.coroutines.BuildersKt__Builders_commonKt.launch(:15)
11-20 07:11:50.377 E/AccountsViewModel(16444): 	at kotlinx.coroutines.flow.internal.ChannelFlowTransformLatest$flowCollect$3$invokeSuspend$$inlined$collect$1.emit(:56)
11-20 07:11:50.377 E/AccountsViewModel(16444): 	at kotlinx.coroutines.flow.DistinctFlowImpl$collect$$inlined$collect$1.emit(:74)
11-20 07:11:50.377 E/AccountsViewModel(16444): 	at kotlinx.coroutines.flow.FlowKt__LimitKt$dropWhile$lambda-4$$inlined$collect$1.emit(:114)
11-20 07:11:50.377 E/AccountsViewModel(16444): 	at kotlinx.coroutines.flow.FlowKt__ChannelsKt.emitAllImpl$FlowKt__ChannelsKt(:123)
11-20 07:11:50.377 E/AccountsViewModel(16444): 	at kotlin.coroutines.jvm.internal.BaseContinuationImpl.invokeSuspend(:96917)
11-20 07:11:50.377 E/AccountsViewModel(16444): 	at kotlin.coroutines.jvm.internal.BaseContinuationImpl.resumeWith(:5)
11-20 07:11:50.377 E/AccountsViewModel(16444): 	at kotlinx.coroutines.DispatchedTask.run(:131)
11-20 07:11:50.377 E/AccountsViewModel(16444): 	at java.util.concurrent.Executors$RunnableAdapter.call(Executors.java:462)
11-20 07:11:50.377 E/AccountsViewModel(16444): 	at java.util.concurrent.FutureTask.run(FutureTask.java:266)
11-20 07:11:50.377 E/AccountsViewModel(16444): 	at com.facebook.wearable.common.executors.DelayedFutureTask.run(:22)
11-20 07:11:50.377 E/AccountsViewModel(16444): 	at java.util.concurrent.ThreadPoolExecutor.runWorker(ThreadPoolExecutor.java:1167)
11-20 07:11:50.377 E/AccountsViewModel(16444): 	at java.util.concurrent.ThreadPoolExecutor$Worker.run(ThreadPoolExecutor.java:641)
11-20 07:11:50.377 E/AccountsViewModel(16444): 	at com.facebook.wearable.common.executors.NamedThreadFactory$1.run(:7)
11-20 07:11:50.407 E/StatusBarClientConnection(16444): Service connected
11-20 07:11:50.448 W/View    (16444): requestLayout() improperly called by android.view.View{19d3363 V.ED..... ......I. 0,368-474,474} during layout: running second layout pass
11-20 07:11:50.465 W/View    (16444): requestLayout() improperly called by com.facebook.wearable.common.wds.listview.WdsListView{8387db6 V.E..V... ........ 0,0-474,474} during second layout pass: posting in next frame
11-20 07:11:50.563 E/QMI_FW  ( 1113): qmi_cci_get_ref: ref count increased 2
11-20 07:11:50.565 E/QMI_FW  ( 1113): qmi_cci_get_ref: ref count increased 2
11-20 07:11:50.579 I/WearableConnectivityManager( 2581): LTE Signal strength is: 2
11-20 07:11:50.579 I/WearableConnectivityManager( 2581): Cellular Signal strength is: 2
11-20 07:11:50.580 D/RadioLinkQualityScoreBuilder( 1975): scoreRsrp: 3scoreRsrq: 3scoreRssnr: 3
11-20 07:11:50.580 D/WirelessInsightServiceImpl( 1975): onSignalStrengthsChanged: SignalStrength = SignalStrength:{mCdma=CellSignalStrengthCdma: cdmaDbm=2147483647 cdmaEcio=2147483647 evdoDbm=2147483647 evdoEcio=2147483647 evdoSnr=2147483647 level=0,mGsm=CellSignalStrengthGsm: rssi=2147483647 ber=2147483647 mTa=2147483647 mLevel=0,mWcdma=CellSignalStrengthWcdma: ss=2147483647 ber=2147483647 rscp=2147483647 ecno=2147483647 level=0,mTdscdma=CellSignalStrengthTdscdma: rssi=2147483647 ber=2147483647 rscp=2147483647 level=0,mLte=CellSignalStrengthLte: rssi=-79 rsrp=-111 rsrq=-13 rssnr=9 cqi=2147483647 ta=2147483647 level=2 parametersUseForLevel=0,mNr=CellSignalStrengthNr:{ csiRsrp = 2147483647 csiRsrq = 2147483647 csiSinr = 2147483647 ssRsrp = 2147483647 ssRsrq = 2147483647 ssSinr = 2147483647 level = 0 parametersUseForLevel = 0 },primary=CellSignalStrengthLte}
11-20 07:11:50.580 D/WirelessInsightServiceImpl( 1975): Score: 3
11-20 07:11:50.581 D/WirelessInsightServiceImpl( 1975): notifyListeners: listeners = 0, score = 3
11-20 07:11:50.797 D/CompatibilityInfo( 1194): mCompatibilityFlags - 4
11-20 07:11:50.797 D/CompatibilityInfo( 1194): applicationDensity - 320
11-20 07:11:50.797 D/CompatibilityInfo( 1194): applicationScale - 1.0
11-20 07:11:50.815 D/ComplicationController( 2581): Stopping complication controller.
11-20 07:11:50.822 D/ComplicationDataManagerImpl( 2581): Fetching complication data for package: com.facebook.wearable.apps.calendar, com.facebook.wearable.apps.calendar.DAY_DATE_COMPLICATION.
11-20 07:11:50.822 D/ComplicationDataManagerImpl( 2581): Fetching complication data for package: com.facebook.wearable.apps.player, com.facebook.wearable.apps.player.SHORTCUT_COMPLICATION.
11-20 07:11:50.823 D/ComplicationDataManagerImpl( 2581): Fetching complication data for package: com.facebook.wearable.apps.gallery, com.facebook.wearable.apps.gallery.SHORTCUT_COMPLICATION.
11-20 07:11:50.824 D/ComplicationDataManagerImpl( 2581): Fetching complication data for package: com.facebook.wearable.apps.heart, com.facebook.wearable.apps.heart.HEART_RATE.
11-20 07:11:50.828 D/CompatibilityInfo( 1194): mCompatibilityFlags - 4
11-20 07:11:50.828 D/CompatibilityInfo( 1194): applicationDensity - 320
11-20 07:11:50.828 D/CompatibilityInfo( 1194): applicationScale - 1.0
11-20 07:11:51.360 D/UIAutomatorStub(17968): URI: /jsonrpc/0, Method: POST, Header: {content-length=192, remote-addr=127.0.0.1, http-client-ip=127.0.0.1, host=localhost:9010, content-type=application/json, accept-encoding=identity}, params, {NanoHttpd.QUERY_STRING=null}, files: {postData={"jsonrpc": "2.0", "method": "waitForExists", "id": "039aaa9c9f7033819820e73358606d86", "params": [{"mask": 1, "childOrSibling": [], "childOrSiblingSelector": [], "text": "Notifications"}, 5]}}
11-20 07:11:51.396 D/UIAutomatorStub(17968): URI: /jsonrpc/0, Method: POST, Header: {content-length=191, remote-addr=127.0.0.1, http-client-ip=127.0.0.1, host=localhost:9010, content-type=application/json, accept-encoding=identity}, params, {NanoHttpd.QUERY_STRING=null}, files: {postData={"jsonrpc": "2.0", "method": "waitForExists", "id": "05cb4241845e2af31adeebfc85ee61c1", "params": [{"mask": 1, "childOrSibling": [], "childOrSiblingSelector": [], "text": "Connectivity"}, 5]}}
11-20 07:11:51.456 D/UIAutomatorStub(17968): URI: /jsonrpc/0, Method: POST, Header: {content-length=180, remote-addr=127.0.0.1, http-client-ip=127.0.0.1, host=localhost:9010, content-type=application/json, accept-encoding=identity}, params, {NanoHttpd.QUERY_STRING=null}, files: {postData={"jsonrpc": "2.0", "method": "click", "id": "0988c9779f7a09278b2bca03f1613781", "params": [{"mask": 1, "childOrSibling": [], "childOrSiblingSelector": [], "text": "Connectivity"}]}}
11-20 07:11:51.498 E/ANDR-PERF-OPTSHANDLER(  557): Unable to find the correct node storage pointers for                   resource index=16, node path=/proc/sys/kernel/sched_upmigrate
11-20 07:11:51.498 E/ANDR-PERF-RESOURCEQS(  557): Failed to reset optimization [3, 7]
11-20 07:11:51.498 E/ANDR-PERF-OPTSHANDLER(  557): Unable to find the correct node storage pointers for                   resource index=17, node path=/proc/sys/kernel/sched_downmigrate
11-20 07:11:51.499 E/ANDR-PERF-RESOURCEQS(  557): Failed to reset optimization [3, 8]
11-20 07:11:51.499 E/ANDR-PERF-OPTSHANDLER(  557): Perflock resource /sys/module/lpm_levels/parameters/bias_hyst not supported
11-20 07:11:51.499 E/ANDR-PERF-RESOURCEQS(  557): Failed to reset optimization [1, 2]
11-20 07:11:51.499 E/ANDR-PERF-OPTSHANDLER(  557): Perflock resource /proc/sys/kernel/sched_group_upmigrate not supported
11-20 07:11:51.499 E/ANDR-PERF-RESOURCEQS(  557): Failed to reset optimization [3, 21]
11-20 07:11:51.499 E/ANDR-PERF-OPTSHANDLER(  557): Perflock resource /proc/sys/kernel/sched_group_downmigrate not supported
11-20 07:11:51.499 E/ANDR-PERF-RESOURCEQS(  557): Failed to reset optimization [3, 22]
11-20 07:11:51.541 W/StatusBarClientConnection(16444): Messenger is null, ignoring message: { when=-15h24m17s804ms barrier=1 }
11-20 07:11:51.567 E/StatusBarClientConnection(16444): Service connected
11-20 07:11:51.594 W/View    (16444): requestLayout() improperly called by android.view.View{83d3711 V.ED..... ......I. 0,368-474,474} during layout: running second layout pass
11-20 07:11:51.612 W/View    (16444): requestLayout() improperly called by com.facebook.wearable.common.wds.listview.WdsListView{dcebb8f V.E..V... ........ 0,0-474,474} during second layout pass: posting in next frame
11-20 07:11:52.286 E/ANDR-PERF-OPTSHANDLER(  557): perf_lock_rel: failed for /proc/sys/vm/swap_ratio as previous value is not stored
11-20 07:11:52.286 E/ANDR-PERF-OPTSHANDLER(  557): perf_lock_rel: failed for /sys/class/kgsl/kgsl-3d0/min_pwrlevel as previous value is not stored
11-20 07:11:52.288 E/ANDR-PERF-RESOURCEQS(  557): Failed to reset optimization [3, 0]
11-20 07:11:53.214 W/HWComposer(  577): Ignoring duplicate VSYNC event from HWC for display 0 (t=55459477211812)
11-20 07:11:53.308 E/TaskPersister( 1194): File error accessing recents directory (directory doesn't exist?).
11-20 07:11:54.570 D/UIAutomatorStub(17968): URI: /jsonrpc/0, Method: POST, Header: {content-length=183, remote-addr=127.0.0.1, http-client-ip=127.0.0.1, host=localhost:9010, content-type=application/json, accept-encoding=identity}, params, {NanoHttpd.QUERY_STRING=null}, files: {postData={"jsonrpc": "2.0", "method": "waitForExists", "id": "ac92d83b72b23d0e9075a763a24f1873", "params": [{"mask": 1, "childOrSibling": [], "childOrSiblingSelector": [], "text": "WiFi"}, 5]}}
11-20 07:11:54.603 D/UIAutomatorStub(17968): URI: /jsonrpc/0, Method: POST, Header: {content-length=172, remote-addr=127.0.0.1, http-client-ip=127.0.0.1, host=localhost:9010, content-type=application/json, accept-encoding=identity}, params, {NanoHttpd.QUERY_STRING=null}, files: {postData={"jsonrpc": "2.0", "method": "click", "id": "99584b14f457527ea9ff813ece99106c", "params": [{"mask": 1, "childOrSibling": [], "childOrSiblingSelector": [], "text": "WiFi"}]}}
11-20 07:11:54.682 W/HWComposer(  577): Ignoring duplicate VSYNC event from HWC for display 0 (t=55460946028530)
11-20 07:11:54.700 W/StatusBarClientConnection(16444): Messenger is null, ignoring message: { when=-15h24m20s963ms barrier=1 }
11-20 07:11:54.730 E/StatusBarClientConnection(16444): Service connected
11-20 07:11:54.733 D/CompatibilityInfo( 1194): mCompatibilityFlags - 4
11-20 07:11:54.733 D/CompatibilityInfo( 1194): applicationDensity - 320
11-20 07:11:54.733 D/CompatibilityInfo( 1194): applicationScale - 1.0
11-20 07:11:54.745 W/View    (16444): requestLayout() improperly called by android.view.View{99b8340 V.ED..... ......I. 0,368-474,474} during layout: running second layout pass
11-20 07:11:54.748 D/WifiConnector( 2841): Network State Changed
11-20 07:11:54.760 W/View    (16444): requestLayout() improperly called by com.facebook.wearable.common.wds.listview.WdsListView{db11574 V.E..V... ........ 0,0-474,474} during second layout pass: posting in next frame
11-20 07:11:54.762 D/WifiSharingService( 2841): Starting Wi-Fi scan
11-20 07:11:54.763 I/WifiService( 1194): startScan uid=1000
11-20 07:11:54.773 D/WifiNative( 1194): Scan trigered from WifiNative
11-20 07:11:54.774 I/chatty  ( 1024): uid=1021(gps) lowi-server expire 68 lines
11-20 07:11:54.775 V/WifiHAL (  539): event received NL80211_CMD_TRIGGER_SCAN
11-20 07:11:55.337 V/WifiHAL (  539): event received NL80211_CMD_NEW_SCAN_RESULTS
11-20 07:11:55.338 D/WifiNl80211Manager( 1194): Scan result ready event
11-20 07:11:55.338 D/WifiNative( 1194): Scan result ready event
11-20 07:11:55.342 I/LOWI-9.0.0.80( 1024): [LOWI-Scan] RSN_IE
11-20 07:11:55.342 D/LOWI-9.0.0.80( 1024): [LOWI-Scan] decode_rsn_wpa_ie: Entered
11-20 07:11:55.342 D/LOWI-9.0.0.80( 1024): [LOWIUtils] hexDump: msg(30 14 01 00 00 0f ac 04 01 00 00 0f ac 04 01 00 00 0f ac 02 )
11-20 07:11:55.342 D/LOWI-9.0.0.80( 1024): [LOWI-Scan] decode_rsn_wpa_ie: LOWI_ENCRYPTION_TYPE_WPA_PSK
11-20 07:11:55.342 D/LOWI-9.0.0.80( 1024): [LOWI-Scan] is_qcom_ie, bss_age: 49
11-20 07:11:55.342 D/LOWI-9.0.0.80( 1024): [LOWI-Scan] BSS be:9e:0e:1c:6e:7f LOWI_PHY_MODE_11AC_VHT20_2G(11), Beacon Interval: 100, LOWI_ENCRYPTION_TYPE_WPA_PSK 11mcRanging: No, ANQP: No, LCI: No, Civic: No, capability(0x1431): ESS Privacy ShortPreamble ShortSlotTime
11-20 07:11:55.342 D/LOWI-9.0.0.80( 1024): [LOWI-Scan] BSS be:9e:0e:1c:6e:7f FREQ: 2412, cFreq1[40:80:160] = [0:0:0] cFreq2 = 0 Country Code =    
11-20 07:11:55.342 D/LOWI-9.0.0.80( 1024): [LOWI-Scan] BSS be:9e:0e:1c:6e:7f (wlan0) ASSO: NO AddInfo: 0x0, TSF 0, 15:24:21.600, RSSI: -122, CPL: 127, AGE: 0,  SSID Pixel_3541, TSFDelta: 0x0, TXRate: 0
11-20 07:11:55.343 D/LOWI-9.0.0.80( 1024): [LOWI-Scan] 
11-20 07:11:55.343 D/LOWI-9.0.0.80( 1024): [LOWI-Scan] print_bss_handler: Report Probe TSF 55461600225 as it greater than Beacon TSF 54846601669
11-20 07:11:55.343 I/LOWI-9.0.0.80( 1024): [LOWI-Scan] RSN_IE
11-20 07:11:55.343 D/LOWI-9.0.0.80( 1024): [LOWI-Scan] decode_rsn_wpa_ie: Entered
11-20 07:11:55.343 D/LOWI-9.0.0.80( 1024): [LOWIUtils] hexDump: msg(30 14 01 00 00 0f ac 04 01 00 00 0f ac 04 01 00 00 0f ac 02 )
11-20 07:11:55.343 D/LOWI-9.0.0.80( 1024): [LOWI-Scan] decode_rsn_wpa_ie: LOWI_ENCRYPTION_TYPE_WPA_PSK
11-20 07:11:55.343 D/LOWI-9.0.0.80( 1024): [LOWI-Scan] is_qcom_ie, bss_age: 14
11-20 07:11:55.343 D/LOWI-9.0.0.80( 1024): [LOWI-Scan] BSS fe:2d:5a:49:61:eb LOWI_PHY_MODE_11AC_VHT20_2G(11), Beacon Interval: 100, LOWI_ENCRYPTION_TYPE_WPA_PSK 11mcRanging: No, ANQP: Yes, LCI: No, Civic: No, capability(0x1431): ESS Privacy ShortPreamble ShortSlotTime
11-20 07:11:55.343 D/LOWI-9.0.0.80( 1024): [LOWI-Scan] BSS fe:2d:5a:49:61:eb FREQ: 2452, cFreq1[40:80:160] = [0:0:0] cFreq2 = 0 Country Code =    
11-20 07:11:55.343 D/LOWI-9.0.0.80( 1024): [LOWI-Scan] BSS fe:2d:5a:49:61:eb (wlan0) ASSO: NO AddInfo: 0x0, TSF 0, 15:24:21.600, RSSI: -110, CPL: 127, AGE: 0,  SSID Pixel_R2, TSFDelta: 0x0, TXRate: 0
11-20 07:11:55.343 D/LOWI-9.0.0.80( 1024): [LOWI-Scan] 
11-20 07:11:55.343 D/LOWI-9.0.0.80( 1024): [LOWI-Scan] print_bss_handler: Report Probe TSF 55461600337 as it greater than Beacon TSF 55411552379
11-20 07:11:55.343 I/LOWI-9.0.0.80( 1024): [LOWI-Scan] RSN_IE
11-20 07:11:55.343 D/LOWI-9.0.0.80( 1024): [LOWI-Scan] decode_rsn_wpa_ie: Entered
11-20 07:11:55.343 D/LOWI-9.0.0.80( 1024): [LOWIUtils] hexDump: msg(30 14 01 00 00 0f ac 04 01 00 00 0f ac 04 01 00 00 0f ac 02 )
11-20 07:11:55.344 D/LOWI-9.0.0.80( 1024): [LOWI-Scan] decode_rsn_wpa_ie: LOWI_ENCRYPTION_TYPE_WPA_PSK
11-20 07:11:55.344 D/LOWI-9.0.0.80( 1024): [LOWI-Scan] is_qcom_ie, bss_age: 4
11-20 07:11:55.344 D/LOWI-9.0.0.80( 1024): [LOWI-Scan] BSS 2c:57:41:86:94:a1 LOWI_PHY_MODE_11NG_HT20(5), Beacon Interval: 100, LOWI_ENCRYPTION_TYPE_WPA_PSK 11mcRanging: No, ANQP: No, LCI: No, Civic: No, capability(0x1411): ESS Privacy ShortSlotTime
11-20 07:11:55.344 D/LOWI-9.0.0.80( 1024): [LOWI-Scan] BSS 2c:57:41:86:94:a1 FREQ: 2462, cFreq1[40:80:160] = [0:0:0] cFreq2 = 0 Country Code = US
11-20 07:11:55.344 D/LOWI-9.0.0.80( 1024): [LOWI-Scan] BSS 2c:57:41:86:94:a1 (wlan0) ASSO: NO AddInfo: 0x0, TSF 0, 15:24:21.600, RSSI: -138, CPL: 2, AGE: 0,  SSID kittyhawk, TSFDelta: 0x0, TXRate: 0
11-20 07:11:55.344 D/LOWI-9.0.0.80( 1024): [LOWI-Scan] 
11-20 07:11:55.344 D/LOWI-9.0.0.80( 1024): [LOWI-Scan] print_bss_handler: Report Probe TSF 55461600360 as it greater than Beacon TSF 55258513834
11-20 07:11:55.344 I/LOWI-9.0.0.80( 1024): [LOWI-Scan] RSN_IE
11-20 07:11:55.344 D/LOWI-9.0.0.80( 1024): [LOWI-Scan] decode_rsn_wpa_ie: Entered
11-20 07:11:55.344 D/LOWI-9.0.0.80( 1024): [LOWIUtils] hexDump: msg(30 14 01 00 00 0f ac 04 01 00 00 0f ac 04 01 00 00 0f ac 02 )
11-20 07:11:55.344 D/LOWI-9.0.0.80( 1024): [LOWI-Scan] decode_rsn_wpa_ie: LOWI_ENCRYPTION_TYPE_WPA_PSK
11-20 07:11:55.344 D/LOWI-9.0.0.80( 1024): [LOWI-Scan] is_qcom_ie, bss_age: 4
11-20 07:11:55.344 D/LOWI-9.0.0.80( 1024): [LOWI-Scan] BSS 2c:57:41:86:90:a1 LOWI_PHY_MODE_11NG_HT20(5), Beacon Interval: 100, LOWI_ENCRYPTION_TYPE_WPA_PSK 11mcRanging: No, ANQP: No, LCI: No, Civic: No, capability(0x1411): ESS Privacy ShortSlotTime
11-20 07:11:55.344 D/LOWI-9.0.0.80( 1024): [LOWI-Scan] BSS 2c:57:41:86:90:a1 FREQ: 2462, cFreq1[40:80:160] = [0:0:0] cFreq2 = 0 Country Code = US
11-20 07:11:55.345 D/LOWI-9.0.0.80( 1024): [LOWI-Scan] BSS 2c:57:41:86:90:a1 (wlan0) ASSO: NO AddInfo: 0x0, TSF 0, 15:24:21.600, RSSI: -140, CPL: 2, AGE: 0,  SSID kittyhawk, TSFDelta: 0x0, TXRate: 0
11-20 07:11:55.345 D/LOWI-9.0.0.80( 1024): [LOWI-Scan] 
11-20 07:11:55.345 D/LOWI-9.0.0.80( 1024): [LOWI-Scan] print_bss_handler: Report Probe TSF 55461600417 as it greater than Beacon TSF 54818193482
11-20 07:11:55.345 I/LOWI-9.0.0.80( 1024): [LOWI-Scan] RSN_IE
11-20 07:11:55.345 D/LOWI-9.0.0.80( 1024): [LOWI-Scan] decode_rsn_wpa_ie: Entered
11-20 07:11:55.345 D/LOWI-9.0.0.80( 1024): [LOWIUtils] hexDump: msg(30 14 01 00 00 0f ac 04 01 00 00 0f ac 04 01 00 00 0f ac 02 )
11-20 07:11:55.345 D/LOWI-9.0.0.80( 1024): [LOWI-Scan] decode_rsn_wpa_ie: LOWI_ENCRYPTION_TYPE_WPA_PSK
11-20 07:11:55.345 D/LOWI-9.0.0.80( 1024): [LOWI-Scan] is_qcom_ie, bss_age: 49
11-20 07:11:55.345 D/LOWI-9.0.0.80( 1024): [LOWI-Scan] BSS 2c:57:41:88:72:e1 LOWI_PHY_MODE_11NG_HT20(5), Beacon Interval: 100, LOWI_ENCRYPTION_TYPE_WPA_PSK 11mcRanging: No, ANQP: No, LCI: No, Civic: No, capability(0x1411): ESS Privacy ShortSlotTime
11-20 07:11:55.345 D/LOWI-9.0.0.80( 1024): [LOWI-Scan] BSS 2c:57:41:88:72:e1 FREQ: 2412, cFreq1[40:80:160] = [0:0:0] cFreq2 = 0 Country Code = US
11-20 07:11:55.345 D/LOWI-9.0.0.80( 1024): [LOWI-Scan] BSS 2c:57:41:88:72:e1 (wlan0) ASSO: NO AddInfo: 0x0, TSF 0, 15:24:21.600, RSSI: -150, CPL: 3, AGE: 0,  SSID kittyhawk, TSFDelta: 0x0, TXRate: 0
11-20 07:11:55.346 D/LOWI-9.0.0.80( 1024): [LOWI-Scan] 
11-20 07:11:55.346 D/LOWI-9.0.0.80( 1024): [LOWI-Scan] print_bss_handler: Report Probe TSF 55461600477 as it greater than Beacon TSF 55411552520
11-20 07:11:55.346 I/LOWI-9.0.0.80( 1024): [LOWI-Scan] RSN_IE
11-20 07:11:55.346 D/LOWI-9.0.0.80( 1024): [LOWI-Scan] decode_rsn_wpa_ie: Entered
11-20 07:11:55.346 D/LOWI-9.0.0.80( 1024): [LOWIUtils] hexDump: msg(30 14 01 00 00 0f ac 04 01 00 00 0f ac 04 01 00 00 0f ac 02 )
11-20 07:11:55.346 D/LOWI-9.0.0.80( 1024): [LOWI-Scan] decode_rsn_wpa_ie: LOWI_ENCRYPTION_TYPE_WPA_PSK
11-20 07:11:55.346 D/LOWI-9.0.0.80( 1024): [LOWI-Scan] is_qcom_ie, bss_age: 25
11-20 07:11:55.346 D/LOWI-9.0.0.80( 1024): [LOWI-Scan] BSS 2c:57:41:89:63:c1 LOWI_PHY_MODE_11NG_HT20(5), Beacon Interval: 100, LOWI_ENCRYPTION_TYPE_WPA_PSK 11mcRanging: No, ANQP: No, LCI: No, Civic: No, capability(0x1411): ESS Privacy ShortSlotTime
11-20 07:11:55.346 D/LOWI-9.0.0.80( 1024): [LOWI-Scan] BSS 2c:57:41:89:63:c1 FREQ: 2437, cFreq1[40:80:160] = [0:0:0] cFreq2 = 0 Country Code = US
11-20 07:11:55.357 D/LOWI-9.0.0.80( 1024): [LOWI-Scan] BSS 2c:57:41:89:63:c1 (wlan0) ASSO: NO AddInfo: 0x0, TSF 0, 15:24:21.600, RSSI: -160, CPL: 2, AGE: 0,  SSID kittyhawk, TSFDelta: 0x0, TXRate: 0
11-20 07:11:55.357 D/LOWI-9.0.0.80( 1024): [LOWI-Scan] 
11-20 07:11:55.358 D/LOWI-9.0.0.80( 1024): [LOWI-Scan] print_bss_handler: Report Probe TSF 55461600207 as it greater than Beacon TSF 55382281876
11-20 07:11:55.358 I/LOWI-9.0.0.80( 1024): [LOWI-Scan] RSN_IE
11-20 07:11:55.358 D/LOWI-9.0.0.80( 1024): [LOWI-Scan] decode_rsn_wpa_ie: Entered
11-20 07:11:55.358 D/LOWI-9.0.0.80( 1024): [LOWIUtils] hexDump: msg(30 14 01 00 00 0f ac 04 01 00 00 0f ac 04 01 00 00 0f ac 02 )
11-20 07:11:55.358 D/LOWI-9.0.0.80( 1024): [LOWI-Scan] decode_rsn_wpa_ie: LOWI_ENCRYPTION_TYPE_WPA_PSK
11-20 07:11:55.358 D/LOWI-9.0.0.80( 1024): [LOWI-Scan] is_qcom_ie, bss_age: 24
11-20 07:11:55.358 D/LOWI-9.0.0.80( 1024): [LOWI-Scan] BSS ce:dc:12:3b:87:fd LOWI_PHY_MODE_11AC_VHT20_2G(11), Beacon Interval: 100, LOWI_ENCRYPTION_TYPE_WPA_PSK 11mcRanging: No, ANQP: Yes, LCI: No, Civic: No, capability(0x1431): ESS Privacy ShortPreamble ShortSlotTime
11-20 07:11:55.358 D/LOWI-9.0.0.80( 1024): [LOWI-Scan] BSS ce:dc:12:3b:87:fd FREQ: 2437, cFreq1[40:80:160] = [0:0:0] cFreq2 = 0 Country Code =    
11-20 07:11:55.358 D/LOWI-9.0.0.80( 1024): [LOWI-Scan] BSS ce:dc:12:3b:87:fd (wlan0) ASSO: NO AddInfo: 0x0, TSF 0, 15:24:21.600, RSSI: -106, CPL: 127, AGE: 0,  SSID Pixel5_R1, TSFDelta: 0x0, TXRate: 0
11-20 07:11:55.359 D/LOWI-9.0.0.80( 1024): [LOWI-Scan] 
11-20 07:11:55.359 D/LOWI-9.0.0.80( 1024): [LOWI-Scan] print_bss_handler: Report Probe TSF 55461600438 as it greater than Beacon TSF 0
11-20 07:11:55.359 I/LOWI-9.0.0.80( 1024): [LOWI-Scan] RSN_IE
11-20 07:11:55.359 D/LOWI-9.0.0.80( 1024): [LOWI-Scan] decode_rsn_wpa_ie: Entered
11-20 07:11:55.359 D/LOWI-9.0.0.80( 1024): [LOWIUtils] hexDump: msg(30 14 01 00 00 0f ac 04 01 00 00 0f ac 04 01 00 00 0f ac 02 )
11-20 07:11:55.359 D/LOWI-9.0.0.80( 1024): [LOWI-Scan] decode_rsn_wpa_ie: LOWI_ENCRYPTION_TYPE_WPA_PSK
11-20 07:11:55.359 D/LOWI-9.0.0.80( 1024): [LOWI-Scan] is_qcom_ie, bss_age: 4
11-20 07:11:55.359 D/LOWI-9.0.0.80( 1024): [LOWI-Scan] BSS 2c:57:41:86:85:21 LOWI_PHY_MODE_11NG_HT20(5), Beacon Interval: 100, LOWI_ENCRYPTION_TYPE_WPA_PSK 11mcRanging: No, ANQP: No, LCI: No, Civic: No, capability(0x1411): ESS Privacy ShortSlotTime
11-20 07:11:55.359 D/LOWI-9.0.0.80( 1024): [LOWI-Scan] BSS 2c:57:41:86:85:21 FREQ: 2462, cFreq1[40:80:160] = [0:0:0] cFreq2 = 0 Country Code = US
11-20 07:11:55.359 D/LOWI-9.0.0.80( 1024): [LOWI-Scan] BSS 2c:57:41:86:85:21 (wlan0) ASSO: NO AddInfo: 0x0, TSF 0, 15:24:21.600, RSSI: -160, CPL: 2, AGE: 0,  SSID kittyhawk, TSFDelta: 0x0, TXRate: 0
11-20 07:11:55.359 D/PasspointManager( 1194): ANQP entry not found for: c6:82:9b:4e:b3:9e:<Pixel_R6>
11-20 07:11:55.360 D/LOWI-9.0.0.80( 1024): [LOWI-Scan] 
11-20 07:11:55.360 D/PasspointManager( 1194): ANQP entry not found for: 5e:6e:be:46:77:d7:<Pixel_R3>
11-20 07:11:55.360 D/LOWI-9.0.0.80( 1024): [LOWI-Scan] print_bss_handler: Report Probe TSF 55461600247 as it greater than Beacon TSF 0
11-20 07:11:55.360 I/LOWI-9.0.0.80( 1024): [LOWI-Scan] RSN_IE
11-20 07:11:55.360 D/LOWI-9.0.0.80( 1024): [LOWI-Scan] decode_rsn_wpa_ie: Entered
11-20 07:11:55.360 D/LOWI-9.0.0.80( 1024): [LOWIUtils] hexDump: msg(30 14 01 00 00 0f ac 04 01 00 00 0f ac 04 01 00 00 0f ac 02 )
11-20 07:11:55.360 D/LOWI-9.0.0.80( 1024): [LOWI-Scan] decode_rsn_wpa_ie: LOWI_ENCRYPTION_TYPE_WPA_PSK
11-20 07:11:55.360 D/PasspointManager( 1194): ANQP entry not found for: 12:d7:96:61:85:9f:<Pixel_R5>
11-20 07:11:55.360 D/LOWI-9.0.0.80( 1024): [LOWI-Scan] is_qcom_ie, bss_age: 43
11-20 07:11:55.360 D/LOWI-9.0.0.80( 1024): [LOWI-Scan] BSS 52:b8:14:37:74:3f LOWI_PHY_MODE_11AC_VHT20_2G(11), Beacon Interval: 100, LOWI_ENCRYPTION_TYPE_WPA_PSK 11mcRanging: No, ANQP: No, LCI: No, Civic: No, capability(0x1431): ESS Privacy ShortPreamble ShortSlotTime
11-20 07:11:55.360 D/LOWI-9.0.0.80( 1024): [LOWI-Scan] BSS 52:b8:14:37:74:3f FREQ: 2417, cFreq1[40:80:160] = [0:0:0] cFreq2 = 0 Country Code =    
11-20 07:11:55.360 D/LOWI-9.0.0.80( 1024): [LOWI-Scan] BSS 52:b8:14:37:74:3f (wlan0) ASSO: NO AddInfo: 0x0, TSF 0, 15:24:21.600, RSSI: -102, CPL: 127, AGE: 0,  SSID Pixel_8668, TSFDelta: 0x0, TXRate: 0
11-20 07:11:55.360 D/PasspointManager( 1194): ANQP entry not found for: fe:2d:5a:49:61:eb:<Pixel_R2>
11-20 07:11:55.360 D/PasspointManager( 1194): ANQP entry not found for: ce:dc:12:3b:87:fd:<Pixel5_R1>
11-20 07:11:55.361 D/LOWI-9.0.0.80( 1024): [LOWI-Scan] 
11-20 07:11:55.361 D/LOWI-9.0.0.80( 1024): [LOWI-Scan] print_bss_handler: Report beacon TSF 55461600399 as it greater than probe TSF 55411552433
11-20 07:11:55.361 I/LOWI-9.0.0.80( 1024): [LOWI-Scan] RSN_IE
11-20 07:11:55.361 D/LOWI-9.0.0.80( 1024): [LOWI-Scan] decode_rsn_wpa_ie: Entered
11-20 07:11:55.361 D/LOWI-9.0.0.80( 1024): [LOWIUtils] hexDump: msg(30 14 01 00 00 0f ac 04 01 00 00 0f ac 04 01 00 00 0f ac 02 )
11-20 07:11:55.361 D/LOWI-9.0.0.80( 1024): [LOWI-Scan] decode_rsn_wpa_ie: LOWI_ENCRYPTION_TYPE_WPA_PSK
11-20 07:11:55.361 D/LOWI-9.0.0.80( 1024): [LOWI-Scan] is_qcom_ie, bss_age: 49
11-20 07:11:55.361 D/LOWI-9.0.0.80( 1024): [LOWI-Scan] BSS 18:64:72:60:2b:40 LOWI_PHY_MODE_11NG_HT20(5), Beacon Interval: 100, LOWI_ENCRYPTION_TYPE_WPA_PSK 11mcRanging: No, ANQP: No, LCI: No, Civic: No, capability(0x0431): ESS Privacy ShortPreamble ShortSlotTime
11-20 07:11:55.361 D/LOWI-9.0.0.80( 1024): [LOWI-Scan] BSS 18:64:72:60:2b:40 FREQ: 2412, cFreq1[40:80:160] = [0:0:0] cFreq2 = 0 Country Code =    
11-20 07:11:55.361 D/LOWI-9.0.0.80( 1024): [LOWI-Scan] BSS 18:64:72:60:2b:40 (wlan0) ASSO: NO AddInfo: 0x1, TSF 0, 15:24:21.600, RSSI: -142, CPL: 127, AGE: 0,  SSID lab-t24103779, TSFDelta: 0x0, TXRate: 0
11-20 07:11:55.361 D/LOWI-9.0.0.80( 1024): [LOWI-Scan] 
11-20 07:11:55.362 D/LOWI-9.0.0.80( 1024): [LOWI-Scan] print_bss_handler: Report beacon TSF 55461600459 as it greater than probe TSF 55411552494
11-20 07:11:55.362 I/LOWI-9.0.0.80( 1024): [LOWI-Scan] RSN_IE
11-20 07:11:55.362 D/LOWI-9.0.0.80( 1024): [LOWI-Scan] decode_rsn_wpa_ie: Entered
11-20 07:11:55.362 D/LOWI-9.0.0.80( 1024): [LOWIUtils] hexDump: msg(30 14 01 00 00 0f ac 04 01 00 00 0f ac 04 01 00 00 0f ac 02 )
11-20 07:11:55.362 D/LOWI-9.0.0.80( 1024): [LOWI-Scan] decode_rsn_wpa_ie: LOWI_ENCRYPTION_TYPE_WPA_PSK
11-20 07:11:55.362 D/LOWI-9.0.0.80( 1024): [LOWI-Scan] is_qcom_ie, bss_age: 48
11-20 07:11:55.362 D/LOWI-9.0.0.80( 1024): [LOWI-Scan] BSS 2c:57:41:89:53:21 LOWI_PHY_MODE_11NG_HT20(5), Beacon Interval: 100, LOWI_ENCRYPTION_TYPE_WPA_PSK 11mcRanging: No, ANQP: No, LCI: No, Civic: No, capability(0x1411): ESS Privacy ShortSlotTime
11-20 07:11:55.362 D/LOWI-9.0.0.80( 1024): [LOWI-Scan] BSS 2c:57:41:89:53:21 FREQ: 2412, cFreq1[40:80:160] = [0:0:0] cFreq2 = 0 Country Code = US
11-20 07:11:55.362 D/LOWI-9.0.0.80( 1024): [LOWI-Scan] BSS 2c:57:41:89:53:21 (wlan0) ASSO: NO AddInfo: 0x1, TSF 0, 15:24:21.600, RSSI: -158, CPL: 3, AGE: 0,  SSID kittyhawk, TSFDelta: 0x0, TXRate: 0
11-20 07:11:55.362 D/LOWI-9.0.0.80( 1024): [LOWI-Scan] 
11-20 07:11:55.362 D/LOWI-9.0.0.80( 1024): [LOWI-Scan] print_bss_handler: Report Probe TSF 55461600495 as it greater than Beacon TSF 0
11-20 07:11:55.363 I/LOWI-9.0.0.80( 1024): [LOWI-Scan] RSN_IE
11-20 07:11:55.363 D/LOWI-9.0.0.80( 1024): [LOWI-Scan] decode_rsn_wpa_ie: Entered
11-20 07:11:55.363 D/LOWI-9.0.0.80( 1024): [LOWIUtils] hexDump: msg(30 14 01 00 00 0f ac 04 01 00 00 0f ac 04 01 00 00 0f ac 02 )
11-20 07:11:55.363 D/LOWI-9.0.0.80( 1024): [LOWI-Scan] decode_rsn_wpa_ie: LOWI_ENCRYPTION_TYPE_WPA_PSK
11-20 07:11:55.363 D/LOWI-9.0.0.80( 1024): [LOWI-Scan] is_qcom_ie, bss_age: 49
11-20 07:11:55.363 D/LOWI-9.0.0.80( 1024): [LOWI-Scan] BSS 2c:57:41:86:7a:61 LOWI_PHY_MODE_11NG_HT20(5), Beacon Interval: 100, LOWI_ENCRYPTION_TYPE_WPA_PSK 11mcRanging: No, ANQP: No, LCI: No, Civic: No, capability(0x1411): ESS Privacy ShortSlotTime
11-20 07:11:55.363 D/LOWI-9.0.0.80( 1024): [LOWI-Scan] BSS 2c:57:41:86:7a:61 FREQ: 2412, cFreq1[40:80:160] = [0:0:0] cFreq2 = 0 Country Code = US
11-20 07:11:55.363 D/LOWI-9.0.0.80( 1024): [LOWI-Scan] BSS 2c:57:41:86:7a:61 (wlan0) ASSO: NO AddInfo: 0x0, TSF 0, 15:24:21.600, RSSI: -156, CPL: 3, AGE: 0,  SSID kittyhawk, TSFDelta: 0x0, TXRate: 0
11-20 07:11:55.363 D/LOWI-9.0.0.80( 1024): [LOWIDiagLog] Log: lowiMeasResult->request: invalid null argument
11-20 07:11:55.363 I/LOWI-9.0.0.80( 1024): [LOWI-Scan] lowi_close_record:Scan done in 55417846ms, 18 APs in scan results
11-20 07:11:55.363 D/LOWI-9.0.0.80( 1024): [LOWI-Scan] WipsScanUsingNL: passive scan cached 0, took 8880 ms, err 0
11-20 07:11:55.363 D/LOWI-9.0.0.80( 1024): [LOWI-Scan] lowi_proc_req_passive_scan_with_live_meas - No WLAN Frames to be parsed
11-20 07:11:55.363 D/LOWI-9.0.0.80( 1024): [LOWIScanResultReceiver] Send scan meas to listener
11-20 07:11:55.363 D/LOWI-9.0.0.80( 1024): [LOWIScanResultReceiver] Enter passive listening mode
11-20 07:11:55.363 D/LOWI-9.0.0.80( 1024): [LOWIWifiDriverInterface] getMeasurements - Passive listening mode
11-20 07:11:55.364 D/LOWI-9.0.0.80( 1024): [LOWI-Scan] WipsScanUsingNL:wait -1 sec for netlink message
11-20 07:11:55.364 D/LOWI-9.0.0.80( 1024): [LOWIEventReceiver] handleEvent:FROM:NA, TO:NA, REQ:NA, IREQ:NA, REQ_ID:0, RESP:NA, INFO:NA
11-20 07:11:55.364 D/LOWI-9.0.0.80( 1024): [LOWIBackgroundScanMgr] isRspForBgScanMgr: evt(LOWI_NO_EVT) - not handled
11-20 07:11:55.364 D/LOWI-9.0.0.80( 1024): [LOWIScheduler] manageMsg: NULL results or NULL request in results
11-20 07:11:55.364 D/LOWI-9.0.0.80( 1024): [LOWIController] Measurements received
11-20 07:11:55.364 D/LOWI-9.0.0.80( 1024): [LOWICacheManager] putInCache:Num of Meas to add: 18
11-20 07:11:55.365 D/LOWI-9.0.0.80( 1024): [LOWIController] processMeasurementResults: No current Request. Cache measurements
11-20 07:11:55.365 D/LOWI-9.0.0.80( 1024): [LOWIControllerExtn] sendLOWILpDiscoveryScanResponse: Not a discovery scan response
11-20 07:11:55.411 D/WifiSharingService( 2841): Sending scanResults intent with status code 0: PendingIntent{b36cedf: android.os.BinderProxy@cb629ec}
11-20 07:11:55.417 D/CompatibilityInfo( 1194): mCompatibilityFlags - 4
11-20 07:11:55.417 D/CompatibilityInfo( 1194): applicationDensity - 320
11-20 07:11:55.418 D/CompatibilityInfo( 1194): applicationScale - 1.0
11-20 07:11:56.422 W/HWComposer(  577): Ignoring duplicate VSYNC event from HWC for display 0 (t=55462685400977)
11-20 07:11:57.745 D/UIAutomatorStub(17968): URI: /jsonrpc/0, Method: POST, Header: {content-length=229, remote-addr=127.0.0.1, http-client-ip=127.0.0.1, host=localhost:9010, content-type=application/json, accept-encoding=identity}, params, {NanoHttpd.QUERY_STRING=null}, files: {postData={"jsonrpc": "2.0", "method": "objInfo", "id": "c47da3294108665afffb512b0ec6e5ae", "params": [{"mask": 2097152, "childOrSibling": [], "childOrSiblingSelector": [], "resourceId": "com.facebook.wearable.system.settings:id/toggle"}]}}
11-20 07:11:57.833 D/UIAutomatorStub(17968): URI: /jsonrpc/0, Method: POST, Header: {content-length=227, remote-addr=127.0.0.1, http-client-ip=127.0.0.1, host=localhost:9010, content-type=application/json, accept-encoding=identity}, params, {NanoHttpd.QUERY_STRING=null}, files: {postData={"jsonrpc": "2.0", "method": "click", "id": "198c2b20978ba508a80fd36d593c510f", "params": [{"mask": 2097152, "childOrSibling": [], "childOrSiblingSelector": [], "resourceId": "com.facebook.wearable.system.settings:id/toggle"}]}}
11-20 07:11:57.890 D/WifiSharingService( 2841): Setting Wi-Fi enabled state
11-20 07:11:57.891 I/WifiService( 1194): setWifiEnabled package=com.facebook.wearable.system.connectivity uid=1000 enable=false
11-20 07:11:57.893 D/WifiActiveModeWarden( 1194): Switching all client mode managers
11-20 07:11:57.893 D/QCNEJ/WlanStaInfoRelay( 1900): onChange for uri = content://settings/global/wifi_on
11-20 07:11:57.896 D/WifiP2pService( 1194): Wifi enabled=false, P2P Interface availability=true
11-20 07:11:57.897 D/WifiP2pNative( 1194): Teardown P2P interface
11-20 07:11:57.901 E/QMI_FW  (  927): qmi_cci_get_ref: ref count increased 2
11-20 07:11:57.901 D/WifiP2pService( 1194): Wifi enabled=false, P2P Interface availability=true
