--------- beginning of system
11-19 17:06:31.289 D/commandrouter( 1006): rtc_sync (1, rtc:sync): <ServiceRequest> FORWARDED (remote -> local) service client ID = 0, token ID = 33231
11-19 17:06:31.289 D/commandrouter( 1006): SocServiceHandle::onServiceMessage, SoC Service = rtc_sync, appType = 1, type = SVC_RESP, clientId = 0, token = 33231, payloadLen = 8, result = 0, payload.size() = 8
11-19 17:06:34.632 I/chatty  ( 1186): uid=1000(system) android.ui expire 12 lines
11-19 17:06:34.995 I/chatty  ( 1006): uid=1000(system) HwBinder:1006_F expire 1 line
11-19 17:06:34.999 I/chatty  ( 1006): uid=1000(system) /vendor/bin/commandrouter expire 3 lines
11-19 17:06:34.999 D/mculinkhealth( 1029): isMcuReachable 1 (4 ms)
11-19 17:06:41.284 I/chatty  ( 1006): uid=1000(system) HwBinder:1006_2 expire 3 lines
11-19 17:06:42.153 I/chatty  ( 1186): uid=1000(system) Binder:1186_5 expire 4 lines
11-19 17:06:46.437 I/chatty  ( 1186): uid=1000(system) LazyTaskWriterT expire 2 lines
11-19 17:06:50.164 I/chatty  ( 1186): uid=1000(system) Binder:1186_4 expire 4 lines
11-19 17:06:56.977 I/chatty  ( 1186): uid=1000(system) android.display expire 1 line
11-19 17:06:57.951 I/chatty  ( 1186): uid=1000(system) WifiP2pService expire 2 lines
11-19 17:06:57.953 I/chatty  ( 1186): uid=1000(system) ActivityManager expire 1 line
11-19 17:07:00.794 I/chatty  ( 1186): uid=1000(system) WifiHandlerThre expire 2 lines
11-19 17:07:01.059 W/wificond(  911): Scan is not started. Ignore abort request
11-19 17:07:01.265 I/chatty  ( 1006): uid=1000(system) /vendor/bin/commandrouter expire 3 lines
11-19 17:07:01.807 I/chatty  ( 1186): uid=1000(system) ConnectivitySer expire 34 lines
11-19 17:07:03.574 E/NetlinkEvent(  462): NetlinkEvent::FindParam(): Parameter 'INTERFACE' not found
11-19 17:07:03.574 E/NetlinkEvent(  462): NetlinkEvent::FindParam(): Parameter 'STATE' not found
11-19 17:07:03.574 E/NetlinkEvent(  462): NetlinkEvent::FindParam(): Parameter 'TIME_NS' not found
11-19 17:07:03.574 E/NetlinkEvent(  462): NetlinkEvent::FindParam(): Parameter 'UID' not found
11-19 17:07:03.949 I/chatty  ( 1186): uid=1000 system_server expire 1 line
11-19 17:07:03.950 I/chatty  ( 1186): uid=1000(system) ActivityManager expire 7 lines
11-19 17:07:04.013 I/chatty  ( 1186): uid=1000(system) android.fg expire 1 line
11-19 17:07:04.118 I/chatty  ( 1006): uid=1000(system) HwBinder:1006_1 expire 1 line
11-19 17:07:05.000 I/chatty  ( 1006): uid=1000(system) HwBinder:1006_F expire 1 line
11-19 17:07:05.033 D/mculinkhealth( 1029): isMcuReachable 1 (33 ms)
11-19 17:07:05.665 I/chatty  ( 1186): uid=1000(system) Binder:1186_1B expire 3 lines
11-19 17:07:05.911 I/chatty  ( 1186): uid=1000(system) Binder:1186_B expire 3 lines
11-19 17:07:11.015 I/chatty  ( 1186): uid=1000(system) android.ui expire 12 lines
11-19 17:07:11.256 D/commandrouter( 1006): rtc_sync (1, rtc:sync): <ServiceRequest> FORWARDED (remote -> local) service client ID = 0, token ID = 33235
11-19 17:07:11.256 D/commandrouter( 1006): SocServiceHandle::onServiceMessage, SoC Service = rtc_sync, appType = 1, type = SVC_RESP, clientId = 0, token = 33235, payloadLen = 8, result = 0, payload.size() = 8
11-19 17:07:15.919 I/chatty  ( 1186): uid=1000(system) LazyTaskWriterT expire 2 lines
11-19 17:07:18.181 I/chatty  ( 1186): uid=1000(system) Binder:1186_4 expire 4 lines
11-19 17:07:21.257 D/commandrouter( 1006): rtc_sync (1, rtc:sync): <ServiceRequest> FORWARDED (remote -> local) service client ID = 0, token ID = 33236
11-19 17:07:21.258 D/commandrouter( 1006): SocServiceHandle::onServiceMessage, SoC Service = rtc_sync, appType = 1, type = SVC_RESP, clientId = 0, token = 33236, payloadLen = 8, result = 0, payload.size() = 8
11-19 17:07:22.440 I/chatty  ( 1186): uid=1000(system) DeviceStorageMo expire 2 lines
11-19 17:07:31.255 D/commandrouter( 1006): rtc_sync (1, rtc:sync): <ServiceRequest> FORWARDED (remote -> local) service client ID = 0, token ID = 33237
11-19 17:07:31.255 D/commandrouter( 1006): SocServiceHandle::onServiceMessage, SoC Service = rtc_sync, appType = 1, type = SVC_RESP, clientId = 0, token = 33237, payloadLen = 8, result = 0, payload.size() = 8
11-19 17:07:33.576 I/chatty  ( 1186): uid=1000(system) ConnectivitySer expire 1 line
11-19 17:07:35.035 D/commandrouter( 1006): SocServiceHandle::onServiceMessage, SoC Service = mcu_healthcheck_1029, appType = 1, type = SVC_REQ, clientId = 0, token = 156, payloadLen = 12, result = 0, payload.size() = 12
11-19 17:07:35.041 D/commandrouter( 1006): mcu_healthcheck_1029 (1, merlot:mcu_health:control): <ServiceResponse> FORWARDED (remote -> local) CR token ID = 156, service client ID = 40, token ID = 493, result = 0
11-19 17:07:35.041 D/mculinkhealth( 1029): isMcuReachable 1 (6 ms)
11-19 17:07:41.263 D/commandrouter( 1006): rtc_sync (1, rtc:sync): <ServiceRequest> FORWARDED (remote -> local) service client ID = 0, token ID = 33238
11-19 17:07:41.264 D/commandrouter( 1006): SocServiceHandle::onServiceMessage, SoC Service = rtc_sync, appType = 1, type = SVC_RESP, clientId = 0, token = 33238, payloadLen = 8, result = 0, payload.size() = 8
11-19 17:07:42.437 I/chatty  ( 1186): uid=1000 system_server expire 1 line
11-19 17:07:48.351 I/chatty  ( 1186): uid=1000(system) Binder:1186_B expire 2 lines
11-19 17:07:51.261 D/commandrouter( 1006): rtc_sync (1, rtc:sync): <ServiceRequest> FORWARDED (remote -> local) service client ID = 0, token ID = 33239
11-19 17:07:51.262 D/commandrouter( 1006): SocServiceHandle::onServiceMessage, SoC Service = rtc_sync, appType = 1, type = SVC_RESP, clientId = 0, token = 33239, payloadLen = 8, result = 0, payload.size() = 8
11-19 17:07:51.390 I/chatty  ( 1186): uid=1000(system) LazyTaskWriterT expire 3 lines
11-19 17:07:55.993 I/chatty  ( 1186): uid=1000(system) android.display expire 2 lines
11-19 17:07:56.639 I/chatty  ( 1186): uid=1000(system) ConnectivitySer expire 18 lines
11-19 17:07:56.789 E/NetlinkEvent(  462): NetlinkEvent::FindParam(): Parameter 'INTERFACE' not found
11-19 17:07:56.789 E/NetlinkEvent(  462): NetlinkEvent::FindParam(): Parameter 'STATE' not found
11-19 17:07:56.789 E/NetlinkEvent(  462): NetlinkEvent::FindParam(): Parameter 'TIME_NS' not found
11-19 17:07:56.789 E/NetlinkEvent(  462): NetlinkEvent::FindParam(): Parameter 'UID' not found
11-19 17:07:56.910 I/chatty  ( 1186): uid=1000 system_server expire 5 lines
11-19 17:07:57.776 I/chatty  ( 1186): uid=1000(system) android.fg expire 1 line
11-19 17:07:58.074 I/McuTransferService( 2005): Request with notification:indicator:update_request type was scheduled to sent to notification:indicator:update
11-19 17:07:58.083 I/McuTransferService( 2005): Request with notification:indicator:update_request type was sent to notification:indicator:update
11-19 17:07:58.083 D/commandrouter( 1006): SocServiceHandle::onServiceMessage, SoC Service = v, appType = 2, type = SVC_REQ, clientId = 0, token = 1, payloadLen = 20, result = 0, payload.size() = 20
11-19 17:07:58.087 D/commandrouter( 1006): v (2, notification:indicator:update): <ServiceResponse> FORWARDED (remote -> local) CR token ID = 1, service client ID = 33, token ID = 494, result = 105
11-19 17:07:58.088 D/McuTransferService( 2005): get response for request notification:indicator:update_request, response type notification:indicator:update_response
11-19 17:07:58.098 D/McuTransferService( 2005): Sent response data back for request notification:indicator:update_request
11-19 17:07:58.098 D/McuTransferService( 2005): done processing response
11-19 17:08:01.260 D/commandrouter( 1006): rtc_sync (1, rtc:sync): <ServiceRequest> FORWARDED (remote -> local) service client ID = 0, token ID = 33240
11-19 17:08:01.261 D/commandrouter( 1006): SocServiceHandle::onServiceMessage, SoC Service = rtc_sync, appType = 1, type = SVC_RESP, clientId = 0, token = 33240, payloadLen = 8, result = 0, payload.size() = 8
11-19 17:08:01.816 I/chatty  ( 1186): uid=1000(system) android.ui expire 8 lines
11-19 17:08:04.125 D/commandrouter( 1006): SocServiceHandle::onServiceMessage, SoC Service = mcu_healthcheck_934, appType = 1, type = SVC_REQ, clientId = 0, token = 78, payloadLen = 20, result = 0, payload.size() = 20
11-19 17:08:04.128 D/commandrouter( 1006): mcu_healthcheck_934 (1, merlot:mcu_health:control): <ServiceResponse> FORWARDED (remote -> local) CR token ID = 78, service client ID = 5, token ID = 495, result = 0
11-19 17:08:05.042 D/commandrouter( 1006): SocServiceHandle::onServiceMessage, SoC Service = mcu_healthcheck_1029, appType = 1, type = SVC_REQ, clientId = 0, token = 157, payloadLen = 12, result = 0, payload.size() = 12
11-19 17:08:05.045 D/commandrouter( 1006): mcu_healthcheck_1029 (1, merlot:mcu_health:control): <ServiceResponse> FORWARDED (remote -> local) CR token ID = 157, service client ID = 40, token ID = 496, result = 0
11-19 17:08:05.046 D/mculinkhealth( 1029): isMcuReachable 1 (4 ms)
11-19 17:08:09.175 I/chatty  ( 1186): uid=1000(system) Binder:1186_10 expire 4 lines
11-19 17:08:11.255 D/commandrouter( 1006): rtc_sync (1, rtc:sync): <ServiceRequest> FORWARDED (remote -> local) service client ID = 0, token ID = 33241
11-19 17:08:11.255 D/commandrouter( 1006): SocServiceHandle::onServiceMessage, SoC Service = rtc_sync, appType = 1, type = SVC_RESP, clientId = 0, token = 33241, payloadLen = 8, result = 0, payload.size() = 8
11-19 17:08:16.938 I/chatty  ( 1186): uid=1000(system) WifiP2pService expire 2 lines
11-19 17:08:16.939 I/chatty  ( 1186): uid=1000(system) ActivityManager expire 1 line
11-19 17:08:17.039 W/wificond(  911): Scan is not started. Ignore abort request
11-19 17:08:17.425 I/chatty  ( 1186): uid=1000(system) WifiHandlerThre expire 1 line
11-19 17:08:17.919 I/chatty  ( 1186): uid=1000(system) ConnectivitySer expire 22 lines
11-19 17:08:18.339 E/NetlinkEvent(  462): NetlinkEvent::FindParam(): Parameter 'INTERFACE' not found
11-19 17:08:18.339 E/NetlinkEvent(  462): NetlinkEvent::FindParam(): Parameter 'STATE' not found
11-19 17:08:18.339 E/NetlinkEvent(  462): NetlinkEvent::FindParam(): Parameter 'TIME_NS' not found
11-19 17:08:18.339 E/NetlinkEvent(  462): NetlinkEvent::FindParam(): Parameter 'UID' not found
11-19 17:08:21.254 D/commandrouter( 1006): rtc_sync (1, rtc:sync): <ServiceRequest> FORWARDED (remote -> local) service client ID = 0, token ID = 33242
11-19 17:08:21.255 D/commandrouter( 1006): SocServiceHandle::onServiceMessage, SoC Service = rtc_sync, appType = 1, type = SVC_RESP, clientId = 0, token = 33242, payloadLen = 8, result = 0, payload.size() = 8
11-19 17:08:22.514 I/chatty  ( 1186): uid=1000(system) DeviceStorageMo expire 2 lines
11-19 17:08:31.257 D/commandrouter( 1006): rtc_sync (1, rtc:sync): <ServiceRequest> FORWARDED (remote -> local) service client ID = 0, token ID = 33243
11-19 17:08:31.258 D/commandrouter( 1006): SocServiceHandle::onServiceMessage, SoC Service = rtc_sync, appType = 1, type = SVC_RESP, clientId = 0, token = 33243, payloadLen = 8, result = 0, payload.size() = 8
11-19 17:08:35.048 D/commandrouter( 1006): SocServiceHandle::onServiceMessage, SoC Service = mcu_healthcheck_1029, appType = 1, type = SVC_REQ, clientId = 0, token = 158, payloadLen = 12, result = 0, payload.size() = 12
11-19 17:08:35.052 D/commandrouter( 1006): mcu_healthcheck_1029 (1, merlot:mcu_health:control): <ServiceResponse> FORWARDED (remote -> local) CR token ID = 158, service client ID = 40, token ID = 497, result = 0
11-19 17:08:35.052 D/mculinkhealth( 1029): isMcuReachable 1 (5 ms)
11-19 17:08:37.327 I/chatty  ( 1186): uid=1000(system) android.ui expire 7 lines
11-19 17:08:40.156 I/chatty  ( 1186): uid=1000(system) Binder:1186_4 expire 4 lines
11-19 17:08:41.257 D/commandrouter( 1006): rtc_sync (1, rtc:sync): <ServiceRequest> FORWARDED (remote -> local) service client ID = 0, token ID = 33244
11-19 17:08:41.257 D/commandrouter( 1006): SocServiceHandle::onServiceMessage, SoC Service = rtc_sync, appType = 1, type = SVC_RESP, clientId = 0, token = 33244, payloadLen = 8, result = 0, payload.size() = 8
11-19 17:08:42.956 I/chatty  ( 1186): uid=1000(system) LazyTaskWriterT expire 1 line
11-19 17:08:46.941 I/chatty  ( 1186): uid=1000 system_server expire 1 line
11-19 17:08:47.923 I/chatty  ( 1186): uid=1000(system) android.display expire 1 line
11-19 17:08:48.334 I/chatty  ( 1186): uid=1000(system) ConnectivitySer expire 9 lines
11-19 17:08:48.413 I/wificond(  911): Fail RSSI polling because wifi is not associated.
11-19 17:08:48.634 E/NetlinkEvent(  462): NetlinkEvent::FindParam(): Parameter 'INTERFACE' not found
11-19 17:08:48.634 E/NetlinkEvent(  462): NetlinkEvent::FindParam(): Parameter 'STATE' not found
11-19 17:08:48.634 E/NetlinkEvent(  462): NetlinkEvent::FindParam(): Parameter 'TIME_NS' not found
11-19 17:08:48.634 E/NetlinkEvent(  462): NetlinkEvent::FindParam(): Parameter 'UID' not found
11-19 17:08:51.258 D/commandrouter( 1006): rtc_sync (1, rtc:sync): <ServiceRequest> FORWARDED (remote -> local) service client ID = 0, token ID = 33245
11-19 17:08:51.259 D/commandrouter( 1006): SocServiceHandle::onServiceMessage, SoC Service = rtc_sync, appType = 1, type = SVC_RESP, clientId = 0, token = 33245, payloadLen = 8, result = 0, payload.size() = 8
11-19 17:08:53.925 I/chatty  ( 1186): uid=1000(system) android.io expire 8 lines
11-19 17:08:55.054 I/chatty  ( 1186): uid=1000(system) android.ui expire 5 lines
11-19 17:08:57.324 I/chatty  ( 1186): uid=1000(system) LazyTaskWriterT expire 2 lines
11-19 17:09:00.147 I/chatty  ( 1186): uid=1000(system) Binder:1186_16 expire 4 lines
11-19 17:09:01.255 D/commandrouter( 1006): rtc_sync (1, rtc:sync): <ServiceRequest> FORWARDED (remote -> local) service client ID = 0, token ID = 33246
11-19 17:09:01.256 D/commandrouter( 1006): SocServiceHandle::onServiceMessage, SoC Service = rtc_sync, appType = 1, type = SVC_RESP, clientId = 0, token = 33246, payloadLen = 8, result = 0, payload.size() = 8
11-19 17:09:04.131 D/commandrouter( 1006): SocServiceHandle::onServiceMessage, SoC Service = mcu_healthcheck_934, appType = 1, type = SVC_REQ, clientId = 0, token = 79, payloadLen = 20, result = 0, payload.size() = 20
11-19 17:09:04.135 D/commandrouter( 1006): mcu_healthcheck_934 (1, merlot:mcu_health:control): <ServiceResponse> FORWARDED (remote -> local) CR token ID = 79, service client ID = 5, token ID = 498, result = 0
11-19 17:09:05.053 D/commandrouter( 1006): SocServiceHandle::onServiceMessage, SoC Service = mcu_healthcheck_1029, appType = 1, type = SVC_REQ, clientId = 0, token = 159, payloadLen = 12, result = 0, payload.size() = 12
11-19 17:09:05.057 D/commandrouter( 1006): mcu_healthcheck_1029 (1, merlot:mcu_health:control): <ServiceResponse> FORWARDED (remote -> local) CR token ID = 159, service client ID = 40, token ID = 499, result = 0
11-19 17:09:05.058 D/mculinkhealth( 1029): isMcuReachable 1 (5 ms)
11-19 17:09:06.823 I/chatty  ( 1186): uid=1000(system) android.display expire 1 line
11-19 17:09:07.815 I/chatty  ( 1186): uid=1000(system) WifiP2pService expire 2 lines
11-19 17:09:07.816 I/chatty  ( 1186): uid=1000(system) ActivityManager expire 1 line
11-19 17:09:07.838 W/wificond(  911): Scan is not started. Ignore abort request
11-19 17:09:08.311 I/chatty  ( 1186): uid=1000(system) WifiHandlerThre expire 1 line
11-19 17:09:08.330 I/chatty  ( 1186): uid=1000(system) ConnectivitySer expire 32 lines
11-19 17:09:09.097 E/NetlinkEvent(  462): NetlinkEvent::FindParam(): Parameter 'INTERFACE' not found
11-19 17:09:09.097 E/NetlinkEvent(  462): NetlinkEvent::FindParam(): Parameter 'STATE' not found
11-19 17:09:09.097 E/NetlinkEvent(  462): NetlinkEvent::FindParam(): Parameter 'TIME_NS' not found
11-19 17:09:09.097 E/NetlinkEvent(  462): NetlinkEvent::FindParam(): Parameter 'UID' not found
11-19 17:09:11.257 D/commandrouter( 1006): rtc_sync (1, rtc:sync): <ServiceRequest> FORWARDED (remote -> local) service client ID = 0, token ID = 33247
11-19 17:09:11.258 D/commandrouter( 1006): SocServiceHandle::onServiceMessage, SoC Service = rtc_sync, appType = 1, type = SVC_RESP, clientId = 0, token = 33247, payloadLen = 8, result = 0, payload.size() = 8
11-19 17:09:14.305 I/chatty  ( 1186): uid=1000(system) android.bg expire 1 line
11-19 17:09:21.255 D/commandrouter( 1006): rtc_sync (1, rtc:sync): <ServiceRequest> FORWARDED (remote -> local) service client ID = 0, token ID = 33248
11-19 17:09:21.255 D/commandrouter( 1006): SocServiceHandle::onServiceMessage, SoC Service = rtc_sync, appType = 1, type = SVC_RESP, clientId = 0, token = 33248, payloadLen = 8, result = 0, payload.size() = 8
11-19 17:09:22.617 I/chatty  ( 1186): uid=1000(system) DeviceStorageMo expire 2 lines
11-19 17:09:28.208 I/chatty  ( 1186): uid=1000(system) android.ui expire 12 lines
11-19 17:09:31.171 I/chatty  ( 1186): uid=1000(system) Binder:1186_1B expire 4 lines
11-19 17:09:31.250 D/commandrouter( 1006): rtc_sync (1, rtc:sync): <ServiceRequest> FORWARDED (remote -> local) service client ID = 0, token ID = 33249
11-19 17:09:31.251 D/commandrouter( 1006): SocServiceHandle::onServiceMessage, SoC Service = rtc_sync, appType = 1, type = SVC_RESP, clientId = 0, token = 33249, payloadLen = 8, result = 0, payload.size() = 8
11-19 17:09:33.831 I/chatty  ( 1186): uid=1000(system) LazyTaskWriterT expire 3 lines
11-19 17:09:35.060 D/commandrouter( 1006): SocServiceHandle::onServiceMessage, SoC Service = mcu_healthcheck_1029, appType = 1, type = SVC_REQ, clientId = 0, token = 160, payloadLen = 12, result = 0, payload.size() = 12
11-19 17:09:35.064 D/commandrouter( 1006): mcu_healthcheck_1029 (1, merlot:mcu_health:control): <ServiceResponse> FORWARDED (remote -> local) CR token ID = 160, service client ID = 40, token ID = 500, result = 0
11-19 17:09:35.064 D/mculinkhealth( 1029): isMcuReachable 1 (5 ms)
11-19 17:09:38.848 I/chatty  ( 1186): uid=1000(system) android.display expire 2 lines
11-19 17:09:39.094 I/chatty  ( 1186): uid=1000(system) ConnectivitySer expire 15 lines
11-19 17:09:39.327 I/wificond(  911): Fail RSSI polling because wifi is not associated.
11-19 17:09:39.616 E/NetlinkEvent(  462): NetlinkEvent::FindParam(): Parameter 'INTERFACE' not found
11-19 17:09:39.616 E/NetlinkEvent(  462): NetlinkEvent::FindParam(): Parameter 'STATE' not found
11-19 17:09:39.616 E/NetlinkEvent(  462): NetlinkEvent::FindParam(): Parameter 'TIME_NS' not found
11-19 17:09:39.616 E/NetlinkEvent(  462): NetlinkEvent::FindParam(): Parameter 'UID' not found
11-19 17:09:41.242 D/commandrouter( 1006): rtc_sync (1, rtc:sync): <ServiceRequest> FORWARDED (remote -> local) service client ID = 0, token ID = 33250
11-19 17:09:41.243 D/commandrouter( 1006): SocServiceHandle::onServiceMessage, SoC Service = rtc_sync, appType = 1, type = SVC_RESP, clientId = 0, token = 33250, payloadLen = 8, result = 0, payload.size() = 8
11-19 17:09:51.162 I/chatty  ( 1186): uid=1000(system) Binder:1186_B expire 4 lines
11-19 17:09:51.235 D/commandrouter( 1006): rtc_sync (1, rtc:sync): <ServiceRequest> FORWARDED (remote -> local) service client ID = 0, token ID = 33251
11-19 17:09:51.235 D/commandrouter( 1006): SocServiceHandle::onServiceMessage, SoC Service = rtc_sync, appType = 1, type = SVC_RESP, clientId = 0, token = 33251, payloadLen = 8, result = 0, payload.size() = 8
11-19 17:09:53.956 I/chatty  ( 1186): uid=1000 system_server expire 1 line
11-19 17:09:59.012 I/chatty  ( 1186): uid=1000(system) WifiP2pService expire 2 lines
11-19 17:09:59.015 W/wificond(  911): Scan is not started. Ignore abort request
11-19 17:09:59.021 I/chatty  ( 1186): uid=1000(system) ActivityManager expire 1 line
11-19 17:09:59.503 I/chatty  ( 1186): uid=1000(system) WifiHandlerThre expire 1 line
11-19 17:09:59.814 I/chatty  ( 1186): uid=1000(system) ConnectivitySer expire 26 lines
11-19 17:10:00.303 E/NetlinkEvent(  462): NetlinkEvent::FindParam(): Parameter 'INTERFACE' not found
11-19 17:10:00.303 E/NetlinkEvent(  462): NetlinkEvent::FindParam(): Parameter 'STATE' not found
11-19 17:10:00.303 E/NetlinkEvent(  462): NetlinkEvent::FindParam(): Parameter 'TIME_NS' not found
11-19 17:10:00.303 E/NetlinkEvent(  462): NetlinkEvent::FindParam(): Parameter 'UID' not found
11-19 17:10:01.228 D/commandrouter( 1006): rtc_sync (1, rtc:sync): <ServiceRequest> FORWARDED (remote -> local) service client ID = 0, token ID = 33252
11-19 17:10:01.229 D/commandrouter( 1006): SocServiceHandle::onServiceMessage, SoC Service = rtc_sync, appType = 1, type = SVC_RESP, clientId = 0, token = 33252, payloadLen = 8, result = 0, payload.size() = 8
11-19 17:10:04.136 D/commandrouter( 1006): SocServiceHandle::onServiceMessage, SoC Service = mcu_healthcheck_934, appType = 1, type = SVC_REQ, clientId = 0, token = 80, payloadLen = 20, result = 0, payload.size() = 20
11-19 17:10:04.139 D/commandrouter( 1006): mcu_healthcheck_934 (1, merlot:mcu_health:control): <ServiceResponse> FORWARDED (remote -> local) CR token ID = 80, service client ID = 5, token ID = 501, result = 0
11-19 17:10:05.065 D/commandrouter( 1006): SocServiceHandle::onServiceMessage, SoC Service = mcu_healthcheck_1029, appType = 1, type = SVC_REQ, clientId = 0, token = 161, payloadLen = 12, result = 0, payload.size() = 12
11-19 17:10:05.069 D/commandrouter( 1006): mcu_healthcheck_1029 (1, merlot:mcu_health:control): <ServiceResponse> FORWARDED (remote -> local) CR token ID = 161, service client ID = 40, token ID = 502, result = 0
11-19 17:10:05.069 D/mculinkhealth( 1029): isMcuReachable 1 (4 ms)
11-19 17:10:11.223 D/commandrouter( 1006): rtc_sync (1, rtc:sync): <ServiceRequest> FORWARDED (remote -> local) service client ID = 0, token ID = 33253
11-19 17:10:11.223 D/commandrouter( 1006): SocServiceHandle::onServiceMessage, SoC Service = rtc_sync, appType = 1, type = SVC_RESP, clientId = 0, token = 33253, payloadLen = 8, result = 0, payload.size() = 8
11-19 17:10:19.353 I/chatty  ( 1186): uid=1000(system) android.ui expire 9 lines
11-19 17:10:21.220 D/commandrouter( 1006): rtc_sync (1, rtc:sync): <ServiceRequest> FORWARDED (remote -> local) service client ID = 0, token ID = 33254
11-19 17:10:21.221 D/commandrouter( 1006): SocServiceHandle::onServiceMessage, SoC Service = rtc_sync, appType = 1, type = SVC_RESP, clientId = 0, token = 33254, payloadLen = 8, result = 0, payload.size() = 8
11-19 17:10:22.170 I/chatty  ( 1186): uid=1000(system) Binder:1186_8 expire 4 lines
11-19 17:10:22.715 I/chatty  ( 1186): uid=1000(system) DeviceStorageMo expire 2 lines
11-19 17:10:24.961 I/chatty  ( 1186): uid=1000(system) LazyTaskWriterT expire 1 line
11-19 17:10:29.886 I/chatty  ( 1186): uid=1000(system) android.display expire 1 line
11-19 17:10:30.299 I/chatty  ( 1186): uid=1000(system) ConnectivitySer expire 33 lines
11-19 17:10:30.377 I/wificond(  911): Fail RSSI polling because wifi is not associated.
11-19 17:10:30.570 E/NetlinkEvent(  462): NetlinkEvent::FindParam(): Parameter 'INTERFACE' not found
11-19 17:10:30.571 E/NetlinkEvent(  462): NetlinkEvent::FindParam(): Parameter 'STATE' not found
11-19 17:10:30.571 E/NetlinkEvent(  462): NetlinkEvent::FindParam(): Parameter 'TIME_NS' not found
11-19 17:10:30.571 E/NetlinkEvent(  462): NetlinkEvent::FindParam(): Parameter 'UID' not found
11-19 17:10:31.231 D/commandrouter( 1006): rtc_sync (1, rtc:sync): <ServiceRequest> FORWARDED (remote -> local) service client ID = 0, token ID = 33255
11-19 17:10:31.232 D/commandrouter( 1006): SocServiceHandle::onServiceMessage, SoC Service = rtc_sync, appType = 1, type = SVC_RESP, clientId = 0, token = 33255, payloadLen = 8, result = 0, payload.size() = 8
11-19 17:10:35.071 D/commandrouter( 1006): SocServiceHandle::onServiceMessage, SoC Service = mcu_healthcheck_1029, appType = 1, type = SVC_REQ, clientId = 0, token = 162, payloadLen = 12, result = 0, payload.size() = 12
11-19 17:10:35.074 D/commandrouter( 1006): mcu_healthcheck_1029 (1, merlot:mcu_health:control): <ServiceResponse> FORWARDED (remote -> local) CR token ID = 162, service client ID = 40, token ID = 503, result = 0
11-19 17:10:35.075 D/mculinkhealth( 1029): isMcuReachable 1 (4 ms)
11-19 17:10:39.316 I/chatty  ( 1186): uid=1000(system) LazyTaskWriterT expire 2 lines
11-19 17:10:39.617 I/chatty  ( 1186): uid=1000(system) android.ui expire 4 lines
11-19 17:10:41.209 D/commandrouter( 1006): rtc_sync (1, rtc:sync): <ServiceRequest> FORWARDED (remote -> local) service client ID = 0, token ID = 33256
11-19 17:10:41.210 D/commandrouter( 1006): SocServiceHandle::onServiceMessage, SoC Service = rtc_sync, appType = 1, type = SVC_RESP, clientId = 0, token = 33256, payloadLen = 8, result = 0, payload.size() = 8
11-19 17:10:42.148 I/chatty  ( 1186): uid=1000(system) Binder:1186_1A expire 1 line
11-19 17:10:42.278 I/chatty  ( 1186): uid=1000(system) Binder:1186_15 expire 3 lines
11-19 17:10:48.892 I/chatty  ( 1186): uid=1000(system) android.display expire 1 line
11-19 17:10:49.899 I/chatty  ( 1186): uid=1000(system) WifiP2pService expire 2 lines
11-19 17:10:49.901 I/chatty  ( 1186): uid=1000(system) ActivityManager expire 1 line
11-19 17:10:49.904 W/wificond(  911): Scan is not started. Ignore abort request
11-19 17:10:50.376 I/chatty  ( 1186): uid=1000(system) WifiHandlerThre expire 1 line
11-19 17:10:51.187 E/NetlinkEvent(  462): NetlinkEvent::FindParam(): Parameter 'INTERFACE' not found
11-19 17:10:51.187 E/NetlinkEvent(  462): NetlinkEvent::FindParam(): Parameter 'STATE' not found
11-19 17:10:51.187 E/NetlinkEvent(  462): NetlinkEvent::FindParam(): Parameter 'TIME_NS' not found
11-19 17:10:51.187 E/NetlinkEvent(  462): NetlinkEvent::FindParam(): Parameter 'UID' not found
11-19 17:10:51.199 D/commandrouter( 1006): rtc_sync (1, rtc:sync): <ServiceRequest> FORWARDED (remote -> local) service client ID = 0, token ID = 33257
11-19 17:10:51.200 D/commandrouter( 1006): SocServiceHandle::onServiceMessage, SoC Service = rtc_sync, appType = 1, type = SVC_RESP, clientId = 0, token = 33257, payloadLen = 8, result = 0, payload.size() = 8
11-19 17:10:51.203 I/chatty  ( 1186): uid=1000(system) ConnectivitySer expire 15 lines
11-19 17:11:01.192 D/commandrouter( 1006): rtc_sync (1, rtc:sync): <ServiceRequest> FORWARDED (remote -> local) service client ID = 0, token ID = 33258
11-19 17:11:01.193 D/commandrouter( 1006): SocServiceHandle::onServiceMessage, SoC Service = rtc_sync, appType = 1, type = SVC_RESP, clientId = 0, token = 33258, payloadLen = 8, result = 0, payload.size() = 8
11-19 17:11:04.140 D/commandrouter( 1006): SocServiceHandle::onServiceMessage, SoC Service = mcu_healthcheck_934, appType = 1, type = SVC_REQ, clientId = 0, token = 81, payloadLen = 20, result = 0, payload.size() = 20
11-19 17:11:04.143 D/commandrouter( 1006): mcu_healthcheck_934 (1, merlot:mcu_health:control): <ServiceResponse> FORWARDED (remote -> local) CR token ID = 81, service client ID = 5, token ID = 504, result = 0
11-19 17:11:05.076 D/commandrouter( 1006): SocServiceHandle::onServiceMessage, SoC Service = mcu_healthcheck_1029, appType = 1, type = SVC_REQ, clientId = 0, token = 163, payloadLen = 12, result = 0, payload.size() = 12
11-19 17:11:05.079 D/commandrouter( 1006): mcu_healthcheck_1029 (1, merlot:mcu_health:control): <ServiceResponse> FORWARDED (remote -> local) CR token ID = 163, service client ID = 40, token ID = 505, result = 0
11-19 17:11:05.080 D/mculinkhealth( 1029): isMcuReachable 1 (4 ms)
11-19 17:11:10.837 I/chatty  ( 1186): uid=1000(system) android.ui expire 11 lines
11-19 17:11:11.185 D/commandrouter( 1006): rtc_sync (1, rtc:sync): <ServiceRequest> FORWARDED (remote -> local) service client ID = 0, token ID = 33259
11-19 17:11:11.187 D/commandrouter( 1006): SocServiceHandle::onServiceMessage, SoC Service = rtc_sync, appType = 1, type = SVC_RESP, clientId = 0, token = 33259, payloadLen = 8, result = 0, payload.size() = 8
11-19 17:11:13.189 I/chatty  ( 1186): uid=1000(system) Binder:1186_5 expire 4 lines
11-19 17:11:15.937 I/chatty  ( 1186): uid=1000(system) LazyTaskWriterT expire 3 lines
11-19 17:11:20.565 I/chatty  ( 1186): uid=1000 system_server expire 1 line
11-19 17:11:20.913 I/chatty  ( 1186): uid=1000(system) android.display expire 2 lines
11-19 17:11:21.177 D/commandrouter( 1006): rtc_sync (1, rtc:sync): <ServiceRequest> FORWARDED (remote -> local) service client ID = 0, token ID = 33260
11-19 17:11:21.178 D/commandrouter( 1006): SocServiceHandle::onServiceMessage, SoC Service = rtc_sync, appType = 1, type = SVC_RESP, clientId = 0, token = 33260, payloadLen = 8, result = 0, payload.size() = 8
11-19 17:11:21.378 I/wificond(  911): Fail RSSI polling because wifi is not associated.
11-19 17:11:21.558 E/NetlinkEvent(  462): NetlinkEvent::FindParam(): Parameter 'INTERFACE' not found
11-19 17:11:21.558 E/NetlinkEvent(  462): NetlinkEvent::FindParam(): Parameter 'STATE' not found
11-19 17:11:21.558 E/NetlinkEvent(  462): NetlinkEvent::FindParam(): Parameter 'TIME_NS' not found
11-19 17:11:21.558 E/NetlinkEvent(  462): NetlinkEvent::FindParam(): Parameter 'UID' not found
11-19 17:11:21.578 I/chatty  ( 1186): uid=1000(system) ConnectivitySer expire 11 lines
11-19 17:11:22.816 I/chatty  ( 1186): uid=1000(system) DeviceStorageMo expire 2 lines
11-19 17:11:31.175 D/commandrouter( 1006): rtc_sync (1, rtc:sync): <ServiceRequest> FORWARDED (remote -> local) service client ID = 0, token ID = 33261
11-19 17:11:31.175 D/commandrouter( 1006): SocServiceHandle::onServiceMessage, SoC Service = rtc_sync, appType = 1, type = SVC_RESP, clientId = 0, token = 33261, payloadLen = 8, result = 0, payload.size() = 8
11-19 17:11:33.167 I/chatty  ( 1186): uid=1000(system) Binder:1186_E expire 4 lines
11-19 17:11:35.080 D/commandrouter( 1006): SocServiceHandle::onServiceMessage, SoC Service = mcu_healthcheck_1029, appType = 1, type = SVC_REQ, clientId = 0, token = 164, payloadLen = 12, result = 0, payload.size() = 12
11-19 17:11:35.084 D/commandrouter( 1006): mcu_healthcheck_1029 (1, merlot:mcu_health:control): <ServiceResponse> FORWARDED (remote -> local) CR token ID = 164, service client ID = 40, token ID = 506, result = 0
11-19 17:11:35.085 D/mculinkhealth( 1029): isMcuReachable 1 (4 ms)
11-19 17:11:40.385 I/chatty  ( 1186): uid=1000(system) WifiP2pService expire 2 lines
11-19 17:11:40.387 I/chatty  ( 1186): uid=1000(system) ActivityManager expire 1 line
11-19 17:11:40.387 W/wificond(  911): Scan is not started. Ignore abort request
11-19 17:11:40.852 I/chatty  ( 1186): uid=1000(system) WifiHandlerThre expire 1 line
11-19 17:11:41.163 D/commandrouter( 1006): rtc_sync (1, rtc:sync): <ServiceRequest> FORWARDED (remote -> local) service client ID = 0, token ID = 33262
11-19 17:11:41.168 D/commandrouter( 1006): SocServiceHandle::onServiceMessage, SoC Service = rtc_sync, appType = 1, type = SVC_RESP, clientId = 0, token = 33262, payloadLen = 8, result = 0, payload.size() = 8
11-19 17:11:41.281 I/chatty  ( 1186): uid=1000(system) ConnectivitySer expire 23 lines
11-19 17:11:41.862 E/NetlinkEvent(  462): NetlinkEvent::FindParam(): Parameter 'INTERFACE' not found
11-19 17:11:41.862 E/NetlinkEvent(  462): NetlinkEvent::FindParam(): Parameter 'STATE' not found
11-19 17:11:41.862 E/NetlinkEvent(  462): NetlinkEvent::FindParam(): Parameter 'TIME_NS' not found
11-19 17:11:41.862 E/NetlinkEvent(  462): NetlinkEvent::FindParam(): Parameter 'UID' not found
11-19 17:11:51.156 D/commandrouter( 1006): rtc_sync (1, rtc:sync): <ServiceRequest> FORWARDED (remote -> local) service client ID = 0, token ID = 33263
11-19 17:11:51.157 D/commandrouter( 1006): SocServiceHandle::onServiceMessage, SoC Service = rtc_sync, appType = 1, type = SVC_RESP, clientId = 0, token = 33263, payloadLen = 8, result = 0, payload.size() = 8
11-19 17:12:00.692 I/chatty  ( 1186): uid=1000(system) android.ui expire 11 lines
11-19 17:12:01.150 D/commandrouter( 1006): rtc_sync (1, rtc:sync): <ServiceRequest> FORWARDED (remote -> local) service client ID = 0, token ID = 33264
11-19 17:12:01.151 D/commandrouter( 1006): SocServiceHandle::onServiceMessage, SoC Service = rtc_sync, appType = 1, type = SVC_RESP, clientId = 0, token = 33264, payloadLen = 8, result = 0, payload.size() = 8
11-19 17:12:03.157 I/chatty  ( 1186): uid=1000(system) Binder:1186_6 expire 4 lines
11-19 17:12:04.145 D/commandrouter( 1006): SocServiceHandle::onServiceMessage, SoC Service = mcu_healthcheck_934, appType = 1, type = SVC_REQ, clientId = 0, token = 82, payloadLen = 20, result = 0, payload.size() = 20
11-19 17:12:04.147 D/commandrouter( 1006): mcu_healthcheck_934 (1, merlot:mcu_health:control): <ServiceResponse> FORWARDED (remote -> local) CR token ID = 82, service client ID = 5, token ID = 507, result = 0
11-19 17:12:05.085 D/commandrouter( 1006): SocServiceHandle::onServiceMessage, SoC Service = mcu_healthcheck_1029, appType = 1, type = SVC_REQ, clientId = 0, token = 165, payloadLen = 12, result = 0, payload.size() = 12
11-19 17:12:05.088 D/commandrouter( 1006): mcu_healthcheck_1029 (1, merlot:mcu_health:control): <ServiceResponse> FORWARDED (remote -> local) CR token ID = 165, service client ID = 40, token ID = 508, result = 0
11-19 17:12:05.088 D/mculinkhealth( 1029): isMcuReachable 1 (3 ms)
11-19 17:12:06.263 I/chatty  ( 1186): uid=1000(system) LazyTaskWriterT expire 2 lines
11-19 17:12:10.814 I/chatty  ( 1186): uid=1000(system) android.display expire 1 line
11-19 17:12:11.145 D/commandrouter( 1006): rtc_sync (1, rtc:sync): <ServiceRequest> FORWARDED (remote -> local) service client ID = 0, token ID = 33265
11-19 17:12:11.146 D/commandrouter( 1006): SocServiceHandle::onServiceMessage, SoC Service = rtc_sync, appType = 1, type = SVC_RESP, clientId = 0, token = 33265, payloadLen = 8, result = 0, payload.size() = 8
11-19 17:12:11.332 I/chatty  ( 1186): uid=1000(system) ConnectivitySer expire 9 lines
11-19 17:12:11.474 E/NetlinkEvent(  462): NetlinkEvent::FindParam(): Parameter 'INTERFACE' not found
11-19 17:12:11.474 E/NetlinkEvent(  462): NetlinkEvent::FindParam(): Parameter 'STATE' not found
11-19 17:12:11.474 E/NetlinkEvent(  462): NetlinkEvent::FindParam(): Parameter 'TIME_NS' not found
11-19 17:12:11.474 E/NetlinkEvent(  462): NetlinkEvent::FindParam(): Parameter 'UID' not found
11-19 17:12:21.144 D/commandrouter( 1006): rtc_sync (1, rtc:sync): <ServiceRequest> FORWARDED (remote -> local) service client ID = 0, token ID = 33266
11-19 17:12:21.145 D/commandrouter( 1006): SocServiceHandle::onServiceMessage, SoC Service = rtc_sync, appType = 1, type = SVC_RESP, clientId = 0, token = 33266, payloadLen = 8, result = 0, payload.size() = 8
11-19 17:12:21.624 I/chatty  ( 1186): uid=1000(system) android.ui expire 1 line
11-19 17:12:22.174 I/chatty  ( 1186): uid=1000(system) Binder:1186_D expire 4 lines
11-19 17:12:22.914 I/chatty  ( 1186): uid=1000(system) DeviceStorageMo expire 2 lines
11-19 17:12:26.475 I/chatty  ( 1186): uid=1000(system) LazyTaskWriterT expire 1 line
11-19 17:12:26.922 I/chatty  ( 1186): uid=1000 system_server expire 1 line
11-19 17:12:28.202 I/chatty  ( 1186): uid=1000(system) android.display expire 1 line
11-19 17:12:29.195 I/chatty  ( 1186): uid=1000(system) WifiP2pService expire 2 lines
11-19 17:12:29.197 I/chatty  ( 1186): uid=1000(system) ActivityManager expire 1 line
11-19 17:12:29.234 W/wificond(  911): Scan is not started. Ignore abort request
11-19 17:12:29.687 I/chatty  ( 1186): uid=1000(system) WifiHandlerThre expire 1 line
11-19 17:12:29.707 I/chatty  ( 1186): uid=1000(system) ConnectivitySer expire 32 lines
11-19 17:12:30.501 E/NetlinkEvent(  462): NetlinkEvent::FindParam(): Parameter 'INTERFACE' not found
11-19 17:12:30.501 E/NetlinkEvent(  462): NetlinkEvent::FindParam(): Parameter 'STATE' not found
11-19 17:12:30.501 E/NetlinkEvent(  462): NetlinkEvent::FindParam(): Parameter 'TIME_NS' not found
11-19 17:12:30.501 E/NetlinkEvent(  462): NetlinkEvent::FindParam(): Parameter 'UID' not found
11-19 17:12:31.145 D/commandrouter( 1006): rtc_sync (1, rtc:sync): <ServiceRequest> FORWARDED (remote -> local) service client ID = 0, token ID = 33267
11-19 17:12:31.146 D/commandrouter( 1006): SocServiceHandle::onServiceMessage, SoC Service = rtc_sync, appType = 1, type = SVC_RESP, clientId = 0, token = 33267, payloadLen = 8, result = 0, payload.size() = 8
11-19 17:12:35.090 D/commandrouter( 1006): SocServiceHandle::onServiceMessage, SoC Service = mcu_healthcheck_1029, appType = 1, type = SVC_REQ, clientId = 0, token = 166, payloadLen = 12, result = 0, payload.size() = 12
11-19 17:12:35.094 D/commandrouter( 1006): mcu_healthcheck_1029 (1, merlot:mcu_health:control): <ServiceResponse> FORWARDED (remote -> local) CR token ID = 166, service client ID = 40, token ID = 509, result = 0
11-19 17:12:35.094 D/mculinkhealth( 1029): isMcuReachable 1 (5 ms)
11-19 17:12:41.152 D/commandrouter( 1006): rtc_sync (1, rtc:sync): <ServiceRequest> FORWARDED (remote -> local) service client ID = 0, token ID = 33268
11-19 17:12:41.153 D/commandrouter( 1006): SocServiceHandle::onServiceMessage, SoC Service = rtc_sync, appType = 1, type = SVC_RESP, clientId = 0, token = 33268, payloadLen = 8, result = 0, payload.size() = 8
11-19 17:12:49.704 I/chatty  ( 1186): uid=1000(system) android.ui expire 12 lines
11-19 17:12:51.151 D/commandrouter( 1006): rtc_sync (1, rtc:sync): <ServiceRequest> FORWARDED (remote -> local) service client ID = 0, token ID = 33269
11-19 17:12:51.153 D/commandrouter( 1006): SocServiceHandle::onServiceMessage, SoC Service = rtc_sync, appType = 1, type = SVC_RESP, clientId = 0, token = 33269, payloadLen = 8, result = 0, payload.size() = 8
11-19 17:12:52.191 I/chatty  ( 1186): uid=1000(system) Binder:1186_1B expire 4 lines
11-19 17:12:55.311 I/chatty  ( 1186): uid=1000(system) LazyTaskWriterT expire 3 lines
11-19 17:12:59.905 I/chatty  ( 1186): uid=1000(system) android.display expire 2 lines
11-19 17:13:00.352 I/chatty  ( 1186): uid=1000(system) ConnectivitySer expire 9 lines
11-19 17:13:00.456 E/NetlinkEvent(  462): NetlinkEvent::FindParam(): Parameter 'INTERFACE' not found
11-19 17:13:00.456 E/NetlinkEvent(  462): NetlinkEvent::FindParam(): Parameter 'STATE' not found
11-19 17:13:00.456 E/NetlinkEvent(  462): NetlinkEvent::FindParam(): Parameter 'TIME_NS' not found
11-19 17:13:00.456 E/NetlinkEvent(  462): NetlinkEvent::FindParam(): Parameter 'UID' not found
11-19 17:13:01.151 D/commandrouter( 1006): rtc_sync (1, rtc:sync): <ServiceRequest> FORWARDED (remote -> local) service client ID = 0, token ID = 33270
11-19 17:13:01.151 D/commandrouter( 1006): SocServiceHandle::onServiceMessage, SoC Service = rtc_sync, appType = 1, type = SVC_RESP, clientId = 0, token = 33270, payloadLen = 8, result = 0, payload.size() = 8
11-19 17:13:04.149 D/commandrouter( 1006): SocServiceHandle::onServiceMessage, SoC Service = mcu_healthcheck_934, appType = 1, type = SVC_REQ, clientId = 0, token = 83, payloadLen = 20, result = 0, payload.size() = 20
11-19 17:13:04.153 D/commandrouter( 1006): mcu_healthcheck_934 (1, merlot:mcu_health:control): <ServiceResponse> FORWARDED (remote -> local) CR token ID = 83, service client ID = 5, token ID = 510, result = 0
11-19 17:13:05.095 D/commandrouter( 1006): SocServiceHandle::onServiceMessage, SoC Service = mcu_healthcheck_1029, appType = 1, type = SVC_REQ, clientId = 0, token = 167, payloadLen = 12, result = 0, payload.size() = 12
11-19 17:13:05.099 D/commandrouter( 1006): mcu_healthcheck_1029 (1, merlot:mcu_health:control): <ServiceResponse> FORWARDED (remote -> local) CR token ID = 167, service client ID = 40, token ID = 511, result = 0
11-19 17:13:05.100 D/mculinkhealth( 1029): isMcuReachable 1 (4 ms)
11-19 17:13:11.142 I/chatty  ( 1186): uid=1000(system) Binder:1186_5 expire 1 line
11-19 17:13:11.150 D/commandrouter( 1006): rtc_sync (1, rtc:sync): <ServiceRequest> FORWARDED (remote -> local) service client ID = 0, token ID = 33271
11-19 17:13:11.150 D/commandrouter( 1006): SocServiceHandle::onServiceMessage, SoC Service = rtc_sync, appType = 1, type = SVC_RESP, clientId = 0, token = 33271, payloadLen = 8, result = 0, payload.size() = 8
11-19 17:13:11.236 I/chatty  ( 1186): uid=1000(system) Binder:1186_E expire 3 lines
11-19 17:13:18.245 I/chatty  ( 1186): uid=1000(system) WifiP2pService expire 2 lines
11-19 17:13:18.246 W/wificond(  911): Scan is not started. Ignore abort request
11-19 17:13:18.247 I/chatty  ( 1186): uid=1000(system) ActivityManager expire 1 line
11-19 17:13:18.733 I/chatty  ( 1186): uid=1000(system) WifiHandlerThre expire 1 line
11-19 17:13:18.750 I/chatty  ( 1186): uid=1000(system) ConnectivitySer expire 3 lines
11-19 17:13:18.943 I/Nat464Xlat( 1186): Android Xlat is disabled
11-19 17:13:19.062 E/ConnectivityService( 1186): Exception in networkAddRouteParcel for non-gateway: android.os.ServiceSpecificException: Machine is not on the network (code 64)
11-19 17:13:19.063 E/ConnectivityService( 1186): Exception in networkAddRouteParcel for gateway: android.os.ServiceSpecificException: Machine is not on the network (code 64)
11-19 17:13:19.064 I/Nat464Xlat( 1186): Android Xlat is disabled
11-19 17:13:19.064 I/Nat464Xlat( 1186): Android Xlat is disabled
11-19 17:13:19.139 D/ConnectivityService( 1186): Setting DNS servers for network 109 to [/192.168.1.1]
11-19 17:13:19.140 I/Nat464Xlat( 1186): Android Xlat is disabled
11-19 17:13:19.140 I/Nat464Xlat( 1186): Android Xlat is disabled
11-19 17:13:19.224 D/ConnectivityService( 1186): [109 WIFI] EVENT_NETWORK_INFO_CHANGED, going from UNKNOWN to CONNECTED
11-19 17:13:19.227 D/DnsManager( 1186): sendDnsConfigurationForNetwork(109, [192.168.1.1], [], 1800, 25, 8, 64, 0, 0, , [])
11-19 17:13:19.231 W/DnsManager( 1186): updatePrivateDns(109, PrivateDnsConfig{true:/[]})
11-19 17:13:19.231 D/ConnectivityService( 1186): Setting DNS servers for network 109 to [/192.168.1.1]
11-19 17:13:19.232 D/DnsManager( 1186): sendDnsConfigurationForNetwork(109, [192.168.1.1], [], 1800, 25, 8, 64, 0, 0, , [192.168.1.1])
11-19 17:13:19.233 D/ConnectivityService( 1186): Adding iface wlan0 to network 109
11-19 17:13:19.284 D/ConnectivityService( 1186): Setting DNS servers for network 109 to [/192.168.1.1]
11-19 17:13:19.285 D/DnsManager( 1186): sendDnsConfigurationForNetwork(109, [192.168.1.1], [], 1800, 25, 8, 64, 0, 0, , [192.168.1.1])
11-19 17:13:19.286 I/Nat464Xlat( 1186): Android Xlat is disabled
11-19 17:13:19.287 I/Nat464Xlat( 1186): Android Xlat is disabled
11-19 17:13:19.359 D/ConnectivityService( 1186): NetReassign [no changes]
11-19 17:13:19.558 D/ConnectivityService( 1186): [109 WIFI] validation passed
11-19 17:13:19.559 D/ConnectivityService( 1186): NetReassign [66 : 101 → 109, 44 : 101 → 109, 64 : 101 → 109, 11 : 101 → 109, 63 : 101 → 109, 17 : 101 → 109, 25 : 101 → 109, 1 : 101 → 109, 65 : 101 → 109, 8 : 101 → 109, 12 : 101 → 109, 14 : 101 → 109, 16 : 101 → 109, 22 : 101 → 109, 78 : 101 → 109, 31 : 101 → 109, 32 : 101 → 109]
11-19 17:13:19.565 E/NetlinkEvent(  462): NetlinkEvent::FindParam(): Parameter 'INTERFACE' not found
11-19 17:13:19.565 E/NetlinkEvent(  462): NetlinkEvent::FindParam(): Parameter 'STATE' not found
11-19 17:13:19.565 E/NetlinkEvent(  462): NetlinkEvent::FindParam(): Parameter 'TIME_NS' not found
11-19 17:13:19.565 E/NetlinkEvent(  462): NetlinkEvent::FindParam(): Parameter 'UID' not found
11-19 17:13:19.576 D/ConnectivityService( 1186): Switching to new default network: NetworkAgentInfo{ ni{[type: WIFI[], state: CONNECTED/CONNECTED, reason: (unspecified), extra: , failover: false, available: true, roaming: false]}  network{109}  nethandle{471557132301}  lp{{InterfaceName: wlan0 LinkAddresses: [ 192.168.1.41/24 ] DnsAddresses: [ /192.168.1.1 ] Domains: null MTU: 0 ServerAddress: /192.168.1.1 TcpBufferSizes: 524288,1048576,2097152,262144,524288,1048576 Routes: [ fe80::/64 -> :: wlan0 mtu 0,192.168.1.0/24 -> 0.0.0.0 wlan0 mtu 0,0.0.0.0/0 -> 192.168.1.1 wlan0 mtu 0 ]}}  nc{[ Transports: WIFI Capabilities: NOT_METERED&INTERNET&NOT_RESTRICTED&TRUSTED&NOT_VPN&VALIDATED&NOT_ROAMING&FOREGROUND&NOT_CONGESTED&NOT_SUSPENDED LinkUpBandwidth>=65000Kbps LinkDnBandwidth>=65000Kbps SignalStrength: -35 OwnerUid: 1000 SSID: "MTBF_Lab" RequestorUid: -1 RequestorPackageName: null]}  Score{60}  everValidated{true}  lastValidated{true}  created{true} lingering{false} explicitlySelected{false} acceptUnvalidated{false} everCaptivePortalDetected{false} lastCaptivePortalDetected{false} partialConnectivity{false} acceptPartialConnectivity{false} clat{mBaseIface: null, mIface: null, mState: IDLE} }
11-19 17:13:19.702 D/ConnectivityService( 1186): Lingering [101 CELLULAR] for 30000ms
11-19 17:13:19.704 D/ConnectivityService( 1186): Sending DISCONNECTED broadcast for type 0 [101 CELLULAR] isDefaultNetwork=true
11-19 17:13:19.706 D/ConnectivityService( 1186): Sending CONNECTED broadcast for type 1 [109 WIFI] isDefaultNetwork=true
11-19 17:13:19.752 D/ConnectivityService( 1186): Setting DNS servers for network 109 to [/192.168.1.1]
11-19 17:13:19.758 D/DnsManager( 1186): sendDnsConfigurationForNetwork(109, [192.168.1.1], [], 1800, 25, 8, 64, 0, 0, , [192.168.1.1])
11-19 17:13:20.279 I/Nat464Xlat( 1186): Android Xlat is disabled
11-19 17:13:20.279 I/Nat464Xlat( 1186): Android Xlat is disabled
11-19 17:13:21.148 D/commandrouter( 1006): rtc_sync (1, rtc:sync): <ServiceRequest> FORWARDED (remote -> local) service client ID = 0, token ID = 33272
11-19 17:13:21.148 D/commandrouter( 1006): SocServiceHandle::onServiceMessage, SoC Service = rtc_sync, appType = 1, type = SVC_RESP, clientId = 0, token = 33272, payloadLen = 8, result = 0, payload.size() = 8
11-19 17:13:22.946 D/AppStorageManager( 1186): BEFORE:: Previous Size: 1063407616 Current Size: 1063272448
11-19 17:13:22.946 D/AppStorageManager( 1186): AFTER:: Previous Size: 1063272448 Current Size: 1063272448
11-19 17:13:31.148 D/commandrouter( 1006): rtc_sync (1, rtc:sync): <ServiceRequest> FORWARDED (remote -> local) service client ID = 0, token ID = 33273
11-19 17:13:31.148 D/commandrouter( 1006): SocServiceHandle::onServiceMessage, SoC Service = rtc_sync, appType = 1, type = SVC_RESP, clientId = 0, token = 33273, payloadLen = 8, result = 0, payload.size() = 8
11-19 17:13:35.101 D/commandrouter( 1006): SocServiceHandle::onServiceMessage, SoC Service = mcu_healthcheck_1029, appType = 1, type = SVC_REQ, clientId = 0, token = 168, payloadLen = 12, result = 0, payload.size() = 12
11-19 17:13:35.105 D/commandrouter( 1006): mcu_healthcheck_1029 (1, merlot:mcu_health:control): <ServiceResponse> FORWARDED (remote -> local) CR token ID = 168, service client ID = 40, token ID = 512, result = 0
11-19 17:13:35.106 D/mculinkhealth( 1029): isMcuReachable 1 (5 ms)
11-19 17:13:38.641 D/AutofillManagerService( 1186): onBackKeyPressed()
11-19 17:13:39.696 I/chatty  ( 1186): uid=1000(system) android.ui identical 2 lines
11-19 17:13:40.907 D/AutofillManagerService( 1186): onBackKeyPressed()
11-19 17:13:41.151 D/commandrouter( 1006): rtc_sync (1, rtc:sync): <ServiceRequest> FORWARDED (remote -> local) service client ID = 0, token ID = 33274
11-19 17:13:41.151 D/commandrouter( 1006): SocServiceHandle::onServiceMessage, SoC Service = rtc_sync, appType = 1, type = SVC_RESP, clientId = 0, token = 33274, payloadLen = 8, result = 0, payload.size() = 8
11-19 17:13:41.165 W/ActivityManager( 1186): Invalid packageName: com.facebook.wearable.system.settings/com.facebook.wearable.system.settings.SettingsActivity
11-19 17:13:41.283 I/ActivityTaskManager( 1186): START u0 {flg=0x10000000 cmp=com.facebook.wearable.system.settings/.SettingsActivity} from uid 0
11-19 17:13:41.299 I/ActivityTaskManager( 1186): The Process com.facebook.wearable.system.settings Already Exists in BG. So sending its PID: 2711
11-19 17:13:41.299 W/ActivityTaskManager( 1186): Tried to set launchTime (0) < mLastActivityLaunchTime (5078981)
11-19 17:13:44.275 E/TaskPersister( 1186): File error accessing recents directory (directory doesn't exist?).
11-19 17:13:48.840 W/ContextImpl( 1186): Calling a method in the system process without a qualified user: android.app.ContextImpl.sendBroadcastMultiplePermissions:1143 android.content.Context.sendBroadcastWithMultiplePermissions:2150 com.android.server.display.WifiDisplayAdapter.handleSendStatusChangeBroadcast:440 com.android.server.display.WifiDisplayAdapter.access$1700:63 com.android.server.display.WifiDisplayAdapter$WifiDisplayHandler.handleMessage:675 
11-19 17:13:49.351 D/ConnectivityService( 1186): [109 WIFI] EVENT_NETWORK_INFO_CHANGED, going from CONNECTED to DISCONNECTED
11-19 17:13:49.351 D/ConnectivityService( 1186): [109 WIFI] disconnected, was satisfying 28
11-19 17:13:49.441 I/Nat464Xlat( 1186): Android Xlat is disabled
11-19 17:13:49.441 I/Nat464Xlat( 1186): Android Xlat is disabled
11-19 17:13:49.453 D/ConnectivityService( 1186): Sending DISCONNECTED broadcast for type 1 [109 WIFI] isDefaultNetwork=true
11-19 17:13:49.474 D/ConnectivityService( 1186): NetReassign [66 : null → 101, 44 : null → 101, 64 : null → 101, 11 : null → 101, 63 : null → 101, 17 : null → 101, 25 : null → 101, 1 : null → 101, 65 : null → 101, 8 : null → 101, 12 : null → 101, 14 : null → 101, 16 : null → 101, 22 : null → 101, 78 : null → 101, 31 : null → 101, 32 : null → 101]
11-19 17:13:49.480 E/NetlinkEvent(  462): NetlinkEvent::FindParam(): Parameter 'INTERFACE' not found
11-19 17:13:49.480 E/NetlinkEvent(  462): NetlinkEvent::FindParam(): Parameter 'STATE' not found
11-19 17:13:49.480 E/NetlinkEvent(  462): NetlinkEvent::FindParam(): Parameter 'TIME_NS' not found
11-19 17:13:49.480 E/NetlinkEvent(  462): NetlinkEvent::FindParam(): Parameter 'UID' not found
