11-20 07:24:21.269 D/ConnectivityService( 1186): NetReassign [44 : 101  152, 1191 : 101  152, 11 : 101  152, 63 : 101  152, 17 : 101  152, 25 : 101  152, 1 : 101  152, 1196 : 101  152, 8 : 101  152, 654 : 101  152, 12 : 101  152, 14 : 101  152, 16 : 101  152, 22 : 101  152]
11-20 07:24:21.271 E/NetlinkEvent(  462): NetlinkEvent::FindParam(): Parameter 'INTERFACE' not found
11-20 07:24:21.272 E/NetlinkEvent(  462): NetlinkEvent::FindParam(): Parameter 'STATE' not found
11-20 07:24:21.272 E/NetlinkEvent(  462): NetlinkEvent::FindParam(): Parameter 'TIME_NS' not found
11-20 07:24:21.272 E/NetlinkEvent(  462): NetlinkEvent::FindParam(): Parameter 'UID' not found
11-20 07:24:21.292 D/ConnectivityService( 1186): Switching to new default network: NetworkAgentInfo{ ni{[type: WIFI[], state: CONNECTED/CONNECTED, reason: (unspecified), extra: , failover: false, available: true, roaming: false]}  network{152}  nethandle{656240726029}  lp{{InterfaceName: wlan0 LinkAddresses: [ 192.168.1.41/24 ] DnsAddresses: [ /192.168.1.1 ] Domains: null MTU: 0 ServerAddress: /192.168.1.1 TcpBufferSizes: 524288,1048576,2097152,262144,524288,1048576 Routes: [ fe80::/64 -> :: wlan0 mtu 0,192.168.1.0/24 -> 0.0.0.0 wlan0 mtu 0,0.0.0.0/0 -> 192.168.1.1 wlan0 mtu 0 ]}}  nc{[ Transports: WIFI Capabilities: NOT_METERED&INTERNET&NOT_RESTRICTED&TRUSTED&NOT_VPN&VALIDATED&NOT_ROAMING&FOREGROUND&NOT_CONGESTED&NOT_SUSPENDED LinkUpBandwidth>=60000Kbps LinkDnBandwidth>=60000Kbps SignalStrength: -32 OwnerUid: 1000 SSID: "MTBF_Lab" RequestorUid: -1 RequestorPackageName: null]}  Score{60}  everValidated{true}  lastValidated{true}  created{true} lingering{false} explicitlySelected{false} acceptUnvalidated{false} everCaptivePortalDetected{false} lastCaptivePortalDetected{false} partialConnectivity{false} acceptPartialConnectivity{false} clat{mBaseIface: null, mIface: null, mState: IDLE} }
11-20 07:24:21.424 D/ConnectivityService( 1186): Lingering [101 CELLULAR] for 30000ms
11-20 07:24:21.426 D/ConnectivityService( 1186): Sending DISCONNECTED broadcast for type 0 [101 CELLULAR] isDefaultNetwork=true
11-20 07:24:21.428 D/ConnectivityService( 1186): Sending CONNECTED broadcast for type 1 [152 WIFI] isDefaultNetwork=true
11-20 07:24:21.450 D/ConnectivityService( 1186): Setting DNS servers for network 152 to [/192.168.1.1]
11-20 07:24:21.451 D/DnsManager( 1186): sendDnsConfigurationForNetwork(152, [192.168.1.1], [], 1800, 25, 8, 64, 0, 0, , [192.168.1.1])
11-20 07:24:21.880 I/Nat464Xlat( 1186): Android Xlat is disabled
11-20 07:24:21.880 I/Nat464Xlat( 1186): Android Xlat is disabled
11-20 07:24:23.779 D/commandrouter( 1006): rtc_sync (1, rtc:sync): <ServiceRequest> FORWARDED (remote -> local) service client ID = 0, token ID = 38378
11-20 07:24:23.779 D/commandrouter( 1006): SocServiceHandle::onServiceMessage, SoC Service = rtc_sync, appType = 1, type = SVC_RESP, clientId = 0, token = 38378, payloadLen = 8, result = 0, payload.size() = 8
11-20 07:24:33.776 D/commandrouter( 1006): rtc_sync (1, rtc:sync): <ServiceRequest> FORWARDED (remote -> local) service client ID = 0, token ID = 38379
11-20 07:24:33.776 D/commandrouter( 1006): SocServiceHandle::onServiceMessage, SoC Service = rtc_sync, appType = 1, type = SVC_RESP, clientId = 0, token = 38379, payloadLen = 8, result = 0, payload.size() = 8
11-20 07:24:40.392 D/AutofillManagerService( 1186): onBackKeyPressed()
11-20 07:24:41.452 I/chatty  ( 1186): uid=1000(system) android.ui identical 2 lines
11-20 07:24:42.633 D/AutofillManagerService( 1186): onBackKeyPressed()
11-20 07:24:43.152 W/ActivityManager( 1186): Invalid packageName: com.facebook.wearable.system.settings/com.facebook.wearable.system.settings.SettingsActivity
11-20 07:24:43.259 I/ActivityTaskManager( 1186): START u0 {flg=0x10000000 cmp=com.facebook.wearable.system.settings/.SettingsActivity} from uid 0
11-20 07:24:43.275 I/ActivityTaskManager( 1186): The Process com.facebook.wearable.system.settings Already Exists in BG. So sending its PID: 13351
11-20 07:24:43.275 W/ActivityTaskManager( 1186): Tried to set launchTime (0) < mLastActivityLaunchTime (56140039)
11-20 07:24:43.769 D/commandrouter( 1006): rtc_sync (1, rtc:sync): <ServiceRequest> FORWARDED (remote -> local) service client ID = 0, token ID = 38380
11-20 07:24:43.769 D/commandrouter( 1006): SocServiceHandle::onServiceMessage, SoC Service = rtc_sync, appType = 1, type = SVC_RESP, clientId = 0, token = 38380, payloadLen = 8, result = 0, payload.size() = 8
11-20 07:24:45.355 D/commandrouter( 1006): SocServiceHandle::onServiceMessage, SoC Service = mcu_healthcheck_1029, appType = 1, type = SVC_REQ, clientId = 0, token = 1870, payloadLen = 12, result = 0, payload.size() = 12
11-20 07:24:45.358 D/commandrouter( 1006): mcu_healthcheck_1029 (1, merlot:mcu_health:control): <ServiceResponse> FORWARDED (remote -> local) CR token ID = 1870, service client ID = 40, token ID = 32277, result = 0
11-20 07:24:45.359 D/mculinkhealth( 1029): isMcuReachable 1 (4 ms)
11-20 07:24:46.013 E/TaskPersister( 1186): File error accessing recents directory (directory doesn't exist?).
11-20 07:24:50.872 W/ContextImpl( 1186): Calling a method in the system process without a qualified user: android.app.ContextImpl.sendBroadcastMultiplePermissions:1143 android.content.Context.sendBroadcastWithMultiplePermissions:2150 com.android.server.display.WifiDisplayAdapter.handleSendStatusChangeBroadcast:440 com.android.server.display.WifiDisplayAdapter.access$1700:63 com.android.server.display.WifiDisplayAdapter$WifiDisplayHandler.handleMessage:675 
11-20 07:24:51.269 D/ConnectivityService( 1186): handleLingerComplete for [101 CELLULAR]
11-20 07:24:51.358 I/wificond(  911): Fail RSSI polling because wifi is not associated.
11-20 07:24:51.401 D/ConnectivityService( 1186): [152 WIFI] EVENT_NETWORK_INFO_CHANGED, going from CONNECTED to DISCONNECTED
11-20 07:24:51.401 D/ConnectivityService( 1186): [152 WIFI] disconnected, was satisfying 25
11-20 07:24:51.479 I/Nat464Xlat( 1186): Android Xlat is disabled
11-20 07:24:51.479 I/Nat464Xlat( 1186): Android Xlat is disabled
11-20 07:24:51.507 D/ConnectivityService( 1186): Sending DISCONNECTED broadcast for type 1 [152 WIFI] isDefaultNetwork=true
11-20 07:24:51.510 D/ConnectivityService( 1186): NetReassign [44 : null  101, 1191 : null  101, 11 : null  101, 63 : null  101, 17 : null  101, 25 : null  101, 1 : null  101, 1196 : null  101, 8 : null  101, 654 : null  101, 12 : null  101, 14 : null  101, 16 : null  101, 22 : null  101]
11-20 07:24:51.534 E/NetlinkEvent(  462): NetlinkEvent::FindParam(): Parameter 'INTERFACE' not found
11-20 07:24:51.534 E/NetlinkEvent(  462): NetlinkEvent::FindParam(): Parameter 'STATE' not found
11-20 07:24:51.534 E/NetlinkEvent(  462): NetlinkEvent::FindParam(): Parameter 'TIME_NS' not found
11-20 07:24:51.534 E/NetlinkEvent(  462): NetlinkEvent::FindParam(): Parameter 'UID' not found
11-20 07:24:51.546 D/ConnectivityService( 1186): Switching to new default network: NetworkAgentInfo{ ni{[type: MOBILE[LTE], state: CONNECTED/CONNECTED, reason: (unspecified), extra: enhancedphone, failover: false, available: true, roaming: false]}  network{101}  nethandle{437197393933}  lp{{InterfaceName: rmnet_data2 LinkAddresses: [ 10.55.48.101/30,2600:381:4804:c4b6:8cdc:8f0b:afe1:ec6b/64 ] DnsAddresses: [ /172.26.38.2,/fc00:a:a::400 ] Domains: null MTU: 1430 TcpBufferSizes: 2097152,4194304,8388608,262144,524288,1048576 Routes: [ 0.0.0.0/0 -> 10.55.48.102 rmnet_data2 mtu 1430,::/0 -> fe80::9db2:334d:2872:1e0a rmnet_data2 mtu 1430,10.55.48.100/30 -> 0.0.0.0 rmnet_data2 mtu 0,2600:381:4804:c4b6::/64 -> :: rmnet_data2 mtu 0 ]}}  nc{[ Transports: CELLULAR Capabilities: MMS&SUPL&FOTA&INTERNET&NOT_RESTRICTED&TRUSTED&NOT_VPN&VALIDATED&NOT_ROAMING&NOT_CONGESTED&NOT_SUSPENDED LinkUpBandwidth>=15000Kbps LinkDnBandwidth>=30000Kbps Specifier: <TelephonyNetworkSpecifier [mSubId = 1]> AdministratorUids: [] RequestorUid: -1 RequestorPackageName: null]}  Score{50}  everValidated{true}  lastValidated{true}  created{true} lingering{false} explicitlySelected{false} acceptUnvalidated{false} everCaptivePortalDetected{false} lastCaptivePortalDetected{false} partialConnectivity{false} acceptPartialConnectivity{false} clat{mBaseIface: null, mIface: null, mState: IDLE} }
11-20 07:24:51.690 D/ConnectivityService( 1186): Sending CONNECTED broadcast for type 0 [101 CELLULAR] isDefaultNetwork=true
11-20 07:24:53.765 D/commandrouter( 1006): rtc_sync (1, rtc:sync): <ServiceRequest> FORWARDED (remote -> local) service client ID = 0, token ID = 38381
11-20 07:24:53.766 D/commandrouter( 1006): SocServiceHandle::onServiceMessage, SoC Service = rtc_sync, appType = 1, type = SVC_RESP, clientId = 0, token = 38381, payloadLen = 8, result = 0, payload.size() = 8
11-20 07:24:55.778 D/AutofillManagerService( 1186): onBackKeyPressed()
11-20 07:24:58.616 I/chatty  ( 1186): uid=1000(system) android.ui identical 3 lines
11-20 07:24:59.630 D/AutofillManagerService( 1186): onBackKeyPressed()
11-20 07:25:00.393 E/TaskPersister( 1186): File error accessing recents directory (directory doesn't exist?).
11-20 07:25:00.476 D/AppStorageManager( 1186): BEFORE:: Previous Size: 1029885952 Current Size: 1029799936
11-20 07:25:00.476 D/AppStorageManager( 1186): AFTER:: Previous Size: 1029799936 Current Size: 1029799936
11-20 07:25:00.725 D/AutofillManagerService( 1186): onBackKeyPressed()
11-20 07:25:01.621 I/chatty  ( 1186): uid=1000(system) android.ui identical 1 line
11-20 07:25:02.633 D/AutofillManagerService( 1186): onBackKeyPressed()
11-20 07:25:03.173 W/ActivityManager( 1186): Invalid packageName: com.facebook.wearable.system.settings/com.facebook.wearable.system.settings.SettingsActivity
11-20 07:25:03.295 I/ActivityTaskManager( 1186): START u0 {flg=0x10000000 cmp=com.facebook.wearable.system.settings/.SettingsActivity} from uid 0
11-20 07:25:03.315 I/ActivityTaskManager( 1186): The Process com.facebook.wearable.system.settings Already Exists in BG. So sending its PID: 13351
11-20 07:25:03.316 W/ActivityTaskManager( 1186): Tried to set launchTime (0) < mLastActivityLaunchTime (56171002)
11-20 07:25:03.763 D/commandrouter( 1006): rtc_sync (1, rtc:sync): <ServiceRequest> FORWARDED (remote -> local) service client ID = 0, token ID = 38382
11-20 07:25:03.764 D/commandrouter( 1006): SocServiceHandle::onServiceMessage, SoC Service = rtc_sync, appType = 1, type = SVC_RESP, clientId = 0, token = 38382, payloadLen = 8, result = 0, payload.size() = 8
11-20 07:25:06.055 D/AnalyticsLogger( 1186): sent events: 13
11-20 07:25:06.916 E/TaskPersister( 1186): File error accessing recents directory (directory doesn't exist?).
11-20 07:25:09.056 D/commandrouter( 1006): SocServiceHandle::onServiceMessage, SoC Service = mcu_healthcheck_934, appType = 1, type = SVC_REQ, clientId = 0, token = 935, payloadLen = 20, result = 0, payload.size() = 20
11-20 07:25:09.059 D/commandrouter( 1006): mcu_healthcheck_934 (1, merlot:mcu_health:control): <ServiceResponse> FORWARDED (remote -> local) CR token ID = 935, service client ID = 5, token ID = 32278, result = 0
11-20 07:25:09.933 W/ContextImpl( 1186): Calling a method in the system process without a qualified user: android.app.ContextImpl.sendBroadcastMultiplePermissions:1143 android.content.Context.sendBroadcastWithMultiplePermissions:2150 com.android.server.display.WifiDisplayAdapter.handleSendStatusChangeBroadcast:440 com.android.server.display.WifiDisplayAdapter.access$1700:63 com.android.server.display.WifiDisplayAdapter$WifiDisplayHandler.handleMessage:675 
11-20 07:25:10.961 W/ContextImpl( 1186): Calling a method in the system process without a qualified user: android.app.ContextImpl.sendBroadcastMultiplePermissions:1143 android.content.Context.sendBroadcastWithMultiplePermissions:2150 com.android.server.wifi.p2p.WifiP2pServiceImpl$P2pStateMachine.sendBroadcastMultiplePermissions:3209 com.android.server.wifi.p2p.WifiP2pServiceImpl$P2pStateMachine.sendP2pConnectionChangedBroadcast:3236 com.android.server.wifi.p2p.WifiP2pServiceImpl$P2pStateMachine.access$5100:768 
11-20 07:25:10.962 W/BroadcastQueue( 1186): Permission Denial: receiving Intent { act=android.net.wifi.p2p.CONNECTION_STATE_CHANGE flg=0x24000010 (has extras) } to ProcessRecord{688c834 1907:.qtidataservices/u0a88} (pid=1907, uid=10088) requires android.permission.ACCESS_FINE_LOCATION due to sender android (uid 1000)
11-20 07:25:10.971 W/ContextImpl( 1186): Calling a method in the system process without a qualified user: android.app.ContextImpl.sendBroadcastMultiplePermissions:1143 android.content.Context.sendBroadcastWithMultiplePermissions:2150 com.android.server.wifi.p2p.WifiP2pServiceImpl$P2pStateMachine.sendBroadcastMultiplePermissions:3209 com.android.server.wifi.p2p.WifiP2pServiceImpl$P2pStateMachine.sendThisDeviceChangedBroadcast:3218 com.android.server.wifi.p2p.WifiP2pServiceImpl$P2pStateMachine.updateThisDevice:3962 
11-20 07:25:10.989 W/wificond(  911): Scan is not started. Ignore abort request
11-20 07:25:11.450 D/ConnectivityService( 1186): registerNetworkAgent NetworkAgentInfo{ ni{[type: WIFI[], state: UNKNOWN/IDLE, reason: (unspecified), extra: , failover: false, available: true, roaming: false]}  network{153}  nethandle{660535693325}  lp{{InterfaceName: wlan0 LinkAddresses: [ ] DnsAddresses: [ ] Domains: null MTU: 0 Routes: [ ]}}  nc{[ Transports: WIFI Capabilities: NOT_METERED&INTERNET&NOT_RESTRICTED&TRUSTED&NOT_VPN&NOT_ROAMING&FOREGROUND&NOT_CONGESTED&NOT_SUSPENDED LinkUpBandwidth>=72000Kbps LinkDnBandwidth>=72000Kbps OwnerUid: 1000 SSID: "MTBF_Lab" RequestorUid: -1 RequestorPackageName: null]}  Score{20}  everValidated{false}  lastValidated{false}  created{false} lingering{false} explicitlySelected{false} acceptUnvalidated{false} everCaptivePortalDetected{false} lastCaptivePortalDetected{false} partialConnectivity{false} acceptPartialConnectivity{false} clat{mBaseIface: null, mIface: null, mState: IDLE} }
11-20 07:25:11.466 D/ConnectivityService( 1186): [153 WIFI] EVENT_NETWORK_INFO_CHANGED, going from UNKNOWN to UNKNOWN
11-20 07:25:11.616 D/ConnectivityService( 1186): NetReassign [no changes]
11-20 07:25:11.659 I/Nat464Xlat( 1186): Android Xlat is disabled
11-20 07:25:11.659 I/Nat464Xlat( 1186): Android Xlat is disabled
11-20 07:25:11.773 E/ConnectivityService( 1186): Exception in networkAddRouteParcel for non-gateway: android.os.ServiceSpecificException: Machine is not on the network (code 64)
11-20 07:25:11.774 E/ConnectivityService( 1186): Exception in networkAddRouteParcel for gateway: android.os.ServiceSpecificException: Machine is not on the network (code 64)
11-20 07:25:11.774 I/Nat464Xlat( 1186): Android Xlat is disabled
11-20 07:25:11.775 I/Nat464Xlat( 1186): Android Xlat is disabled
11-20 07:25:11.837 D/ConnectivityService( 1186): Setting DNS servers for network 153 to [/192.168.1.1]
11-20 07:25:11.838 I/Nat464Xlat( 1186): Android Xlat is disabled
11-20 07:25:11.838 I/Nat464Xlat( 1186): Android Xlat is disabled
11-20 07:25:11.913 D/ConnectivityService( 1186): [153 WIFI] EVENT_NETWORK_INFO_CHANGED, going from UNKNOWN to CONNECTED
11-20 07:25:11.915 D/DnsManager( 1186): sendDnsConfigurationForNetwork(153, [192.168.1.1], [], 1800, 25, 8, 64, 0, 0, , [])
11-20 07:25:11.916 W/DnsManager( 1186): updatePrivateDns(153, PrivateDnsConfig{true:/[]})
11-20 07:25:11.916 D/ConnectivityService( 1186): Setting DNS servers for network 153 to [/192.168.1.1]
11-20 07:25:11.917 D/DnsManager( 1186): sendDnsConfigurationForNetwork(153, [192.168.1.1], [], 1800, 25, 8, 64, 0, 0, , [192.168.1.1])
11-20 07:25:11.919 D/ConnectivityService( 1186): Adding iface wlan0 to network 153
11-20 07:25:11.952 D/ConnectivityService( 1186): Setting DNS servers for network 153 to [/192.168.1.1]
11-20 07:25:11.953 D/DnsManager( 1186): sendDnsConfigurationForNetwork(153, [192.168.1.1], [], 1800, 25, 8, 64, 0, 0, , [192.168.1.1])
11-20 07:25:11.957 I/Nat464Xlat( 1186): Android Xlat is disabled
11-20 07:25:11.958 I/Nat464Xlat( 1186): Android Xlat is disabled
11-20 07:25:12.029 D/ConnectivityService( 1186): NetReassign [no changes]
11-20 07:25:12.198 D/ConnectivityService( 1186): [153 WIFI] validation passed
11-20 07:25:12.199 D/ConnectivityService( 1186): NetReassign [44 : 101  153, 1191 : 101  153, 11 : 101  153, 63 : 101  153, 17 : 101  153, 25 : 101  153, 1 : 101  153, 1196 : 101  153, 8 : 101  153, 654 : 101  153, 12 : 101  153, 14 : 101  153, 16 : 101  153, 22 : 101  153]
11-20 07:25:12.205 E/NetlinkEvent(  462): NetlinkEvent::FindParam(): Parameter 'INTERFACE' not found
11-20 07:25:12.206 E/NetlinkEvent(  462): NetlinkEvent::FindParam(): Parameter 'STATE' not found
11-20 07:25:12.206 E/NetlinkEvent(  462): NetlinkEvent::FindParam(): Parameter 'TIME_NS' not found
11-20 07:25:12.206 E/NetlinkEvent(  462): NetlinkEvent::FindParam(): Parameter 'UID' not found
11-20 07:25:12.221 D/ConnectivityService( 1186): Switching to new default network: NetworkAgentInfo{ ni{[type: WIFI[], state: CONNECTED/CONNECTED, reason: (unspecified), extra: , failover: false, available: true, roaming: false]}  network{153}  nethandle{660535693325}  lp{{InterfaceName: wlan0 LinkAddresses: [ 192.168.1.41/24 ] DnsAddresses: [ /192.168.1.1 ] Domains: null MTU: 0 ServerAddress: /192.168.1.1 TcpBufferSizes: 524288,1048576,2097152,262144,524288,1048576 Routes: [ fe80::/64 -> :: wlan0 mtu 0,192.168.1.0/24 -> 0.0.0.0 wlan0 mtu 0,0.0.0.0/0 -> 192.168.1.1 wlan0 mtu 0 ]}}  nc{[ Transports: WIFI Capabilities: NOT_METERED&INTERNET&NOT_RESTRICTED&TRUSTED&NOT_VPN&VALIDATED&NOT_ROAMING&FOREGROUND&NOT_CONGESTED&NOT_SUSPENDED LinkUpBandwidth>=61000Kbps LinkDnBandwidth>=61000Kbps SignalStrength: -31 OwnerUid: 1000 SSID: "MTBF_Lab" RequestorUid: -1 RequestorPackageName: null]}  Score{60}  everValidated{true}  lastValidated{true}  created{true} lingering{false} explicitlySelected{false} acceptUnvalidated{false} everCaptivePortalDetected{false} lastCaptivePortalDetected{false} partialConnectivity{false} acceptPartialConnectivity{false} clat{mBaseIface: null, mIface: null, mState: IDLE} }
11-20 07:25:12.354 D/ConnectivityService( 1186): Lingering [101 CELLULAR] for 30000ms
11-20 07:25:12.356 D/ConnectivityService( 1186): Sending DISCONNECTED broadcast for type 0 [101 CELLULAR] isDefaultNetwork=true
11-20 07:25:12.358 D/ConnectivityService( 1186): Sending CONNECTED broadcast for type 1 [153 WIFI] isDefaultNetwork=true
11-20 07:25:12.409 D/ConnectivityService( 1186): Setting DNS servers for network 153 to [/192.168.1.1]
11-20 07:25:12.409 D/DnsManager( 1186): sendDnsConfigurationForNetwork(153, [192.168.1.1], [], 1800, 25, 8, 64, 0, 0, , [192.168.1.1])
11-20 07:25:13.079 I/Nat464Xlat( 1186): Android Xlat is disabled
11-20 07:25:13.080 I/Nat464Xlat( 1186): Android Xlat is disabled
11-20 07:25:13.764 D/commandrouter( 1006): rtc_sync (1, rtc:sync): <ServiceRequest> FORWARDED (remote -> local) service client ID = 0, token ID = 38383
11-20 07:25:13.765 D/commandrouter( 1006): SocServiceHandle::onServiceMessage, SoC Service = rtc_sync, appType = 1, type = SVC_RESP, clientId = 0, token = 38383, payloadLen = 8, result = 0, payload.size() = 8
11-20 07:25:15.360 D/commandrouter( 1006): SocServiceHandle::onServiceMessage, SoC Service = mcu_healthcheck_1029, appType = 1, type = SVC_REQ, clientId = 0, token = 1871, payloadLen = 12, result = 0, payload.size() = 12
11-20 07:25:15.366 D/commandrouter( 1006): mcu_healthcheck_1029 (1, merlot:mcu_health:control): <ServiceResponse> FORWARDED (remote -> local) CR token ID = 1871, service client ID = 40, token ID = 32279, result = 0
11-20 07:25:15.366 D/mculinkhealth( 1029): isMcuReachable 1 (6 ms)
11-20 07:25:23.765 D/commandrouter( 1006): rtc_sync (1, rtc:sync): <ServiceRequest> FORWARDED (remote -> local) service client ID = 0, token ID = 38384
11-20 07:25:23.766 D/commandrouter( 1006): SocServiceHandle::onServiceMessage, SoC Service = rtc_sync, appType = 1, type = SVC_RESP, clientId = 0, token = 38384, payloadLen = 8, result = 0, payload.size() = 8
11-20 07:25:31.407 D/AutofillManagerService( 1186): onBackKeyPressed()
11-20 07:25:32.456 I/chatty  ( 1186): uid=1000(system) android.ui identical 2 lines
11-20 07:25:33.636 D/AutofillManagerService( 1186): onBackKeyPressed()
11-20 07:25:33.763 D/commandrouter( 1006): rtc_sync (1, rtc:sync): <ServiceRequest> FORWARDED (remote -> local) service client ID = 0, token ID = 38385
11-20 07:25:33.764 D/commandrouter( 1006): SocServiceHandle::onServiceMessage, SoC Service = rtc_sync, appType = 1, type = SVC_RESP, clientId = 0, token = 38385, payloadLen = 8, result = 0, payload.size() = 8
11-20 07:25:34.156 W/ActivityManager( 1186): Invalid packageName: com.facebook.wearable.system.settings/com.facebook.wearable.system.settings.SettingsActivity
11-20 07:25:34.295 I/ActivityTaskManager( 1186): START u0 {flg=0x10000000 cmp=com.facebook.wearable.system.settings/.SettingsActivity} from uid 0
11-20 07:25:34.313 I/ActivityTaskManager( 1186): The Process com.facebook.wearable.system.settings Already Exists in BG. So sending its PID: 13351
11-20 07:25:34.314 W/ActivityTaskManager( 1186): Tried to set launchTime (0) < mLastActivityLaunchTime (56191044)
11-20 07:25:34.413 I/DropBoxManagerService( 1186): add tag=system_server_strictmode isTagEnabled=true flags=0x2
11-20 07:25:34.515 I/chatty  ( 1186): uid=1000(system) android.io identical 8 lines
11-20 07:25:34.526 I/DropBoxManagerService( 1186): add tag=system_server_strictmode isTagEnabled=true flags=0x2
11-20 07:25:37.037 E/TaskPersister( 1186): File error accessing recents directory (directory doesn't exist?).
11-20 07:25:41.890 W/ContextImpl( 1186): Calling a method in the system process without a qualified user: android.app.ContextImpl.sendBroadcastMultiplePermissions:1143 android.content.Context.sendBroadcastWithMultiplePermissions:2150 com.android.server.display.WifiDisplayAdapter.handleSendStatusChangeBroadcast:440 com.android.server.display.WifiDisplayAdapter.access$1700:63 com.android.server.display.WifiDisplayAdapter$WifiDisplayHandler.handleMessage:675 
11-20 07:25:42.199 D/ConnectivityService( 1186): handleLingerComplete for [101 CELLULAR]
11-20 07:25:42.326 D/commandrouter( 1006): SocServiceHandle::onServiceMessage, SoC Service = mcu_healthcheck_1186, appType = 1, type = SVC_REQ, clientId = 0, token = 98, payloadLen = 12, result = 0, payload.size() = 12
11-20 07:25:42.329 D/commandrouter( 1006): mcu_healthcheck_1186 (1, merlot:mcu_health:control): <ServiceResponse> FORWARDED (remote -> local) CR token ID = 98, service client ID = 39, token ID = 32280, result = 0
11-20 07:25:42.330 D/McuReachableCollector( 1186): call isMcuReachable, result true
11-20 07:25:42.398 I/wificond(  911): Fail RSSI polling because wifi is not associated.
11-20 07:25:42.430 D/ConnectivityService( 1186): [153 WIFI] EVENT_NETWORK_INFO_CHANGED, going from CONNECTED to DISCONNECTED
11-20 07:25:42.430 D/ConnectivityService( 1186): [153 WIFI] disconnected, was satisfying 25
11-20 07:25:42.521 I/Nat464Xlat( 1186): Android Xlat is disabled
11-20 07:25:42.521 I/Nat464Xlat( 1186): Android Xlat is disabled
11-20 07:25:42.543 D/ConnectivityService( 1186): Sending DISCONNECTED broadcast for type 1 [153 WIFI] isDefaultNetwork=true
11-20 07:25:42.549 D/ConnectivityService( 1186): NetReassign [44 : null  101, 1191 : null  101, 11 : null  101, 63 : null  101, 17 : null  101, 25 : null  101, 1 : null  101, 1196 : null  101, 8 : null  101, 654 : null  101, 12 : null  101, 14 : null  101, 16 : null  101, 22 : null  101]
11-20 07:25:42.552 E/NetlinkEvent(  462): NetlinkEvent::FindParam(): Parameter 'INTERFACE' not found
11-20 07:25:42.552 E/NetlinkEvent(  462): NetlinkEvent::FindParam(): Parameter 'STATE' not found
11-20 07:25:42.552 E/NetlinkEvent(  462): NetlinkEvent::FindParam(): Parameter 'TIME_NS' not found
11-20 07:25:42.552 E/NetlinkEvent(  462): NetlinkEvent::FindParam(): Parameter 'UID' not found
11-20 07:25:42.565 D/ConnectivityService( 1186): Switching to new default network: NetworkAgentInfo{ ni{[type: MOBILE[LTE], state: CONNECTED/CONNECTED, reason: (unspecified), extra: enhancedphone, failover: false, available: true, roaming: false]}  network{101}  nethandle{437197393933}  lp{{InterfaceName: rmnet_data2 LinkAddresses: [ 10.55.48.101/30,2600:381:4804:c4b6:8cdc:8f0b:afe1:ec6b/64 ] DnsAddresses: [ /172.26.38.2,/fc00:a:a::400 ] Domains: null MTU: 1430 TcpBufferSizes: 2097152,4194304,8388608,262144,524288,1048576 Routes: [ 0.0.0.0/0 -> 10.55.48.102 rmnet_data2 mtu 1430,::/0 -> fe80::9db2:334d:2872:1e0a rmnet_data2 mtu 1430,10.55.48.100/30 -> 0.0.0.0 rmnet_data2 mtu 0,2600:381:4804:c4b6::/64 -> :: rmnet_data2 mtu 0 ]}}  nc{[ Transports: CELLULAR Capabilities: MMS&SUPL&FOTA&INTERNET&NOT_RESTRICTED&TRUSTED&NOT_VPN&VALIDATED&NOT_ROAMING&NOT_CONGESTED&NOT_SUSPENDED LinkUpBandwidth>=15000Kbps LinkDnBandwidth>=30000Kbps Specifier: <TelephonyNetworkSpecifier [mSubId = 1]> AdministratorUids: [] RequestorUid: -1 RequestorPackageName: null]}  Score{50}  everValidated{true}  lastValidated{true}  created{true} lingering{false} explicitlySelected{false} acceptUnvalidated{false} everCaptivePortalDetected{false} lastCaptivePortalDetected{false} partialConnectivity{false} acceptPartialConnectivity{false} clat{mBaseIface: null, mIface: null, mState: IDLE} }
11-20 07:25:42.804 D/ConnectivityService( 1186): Sending CONNECTED broadcast for type 0 [101 CELLULAR] isDefaultNetwork=true
11-20 07:25:42.848 D/WearableBatteryStatsProvider( 1186): ------ BEGIN Bluetooth power supplementing ------
11-20 07:25:42.863 D/RadioActivityCollector( 1186): Logging RadioActivity data: fields={radio_bluetooth_tx_time_unplugged=10709, radio_wifi_sleep_time_unplugged=501422, radio_bluetooth_idle_time_unplugged=12716, radio_wifi_tx_time_unplugged=0, radio_bluetooth_energy_used_unplugged=788206, radio_bluetooth_rx_time_unplugged=22472, radio_wifi_rx_time_unplugged=0, radio_bluetooth_sleep_time_unplugged=554226, radio_wifi_idle_time_unplugged=98709, radio_wifi_energy_used_unplugged=0}, pid=null, uid=null, pids=null, uids=null
11-20 07:25:43.760 D/commandrouter( 1006): rtc_sync (1, rtc:sync): <ServiceRequest> FORWARDED (remote -> local) service client ID = 0, token ID = 38386
11-20 07:25:43.761 D/commandrouter( 1006): SocServiceHandle::onServiceMessage, SoC Service = rtc_sync, appType = 1, type = SVC_RESP, clientId = 0, token = 38386, payloadLen = 8, result = 0, payload.size() = 8
11-20 07:25:45.368 D/commandrouter( 1006): SocServiceHandle::onServiceMessage, SoC Service = mcu_healthcheck_1029, appType = 1, type = SVC_REQ, clientId = 0, token = 1872, payloadLen = 12, result = 0, payload.size() = 12
11-20 07:25:45.373 D/commandrouter( 1006): mcu_healthcheck_1029 (1, merlot:mcu_health:control): <ServiceResponse> FORWARDED (remote -> local) CR token ID = 1872, service client ID = 40, token ID = 32281, result = 0
11-20 07:25:45.374 D/mculinkhealth( 1029): isMcuReachable 1 (6 ms)
11-20 07:25:46.932 D/AutofillManagerService( 1186): onBackKeyPressed()
11-20 07:25:49.637 I/chatty  ( 1186): uid=1000(system) android.ui identical 3 lines
11-20 07:25:50.630 D/AutofillManagerService( 1186): onBackKeyPressed()
11-20 07:25:51.472 E/TaskPersister( 1186): File error accessing recents directory (directory doesn't exist?).
11-20 07:25:51.626 D/AutofillManagerService( 1186): onBackKeyPressed()
11-20 07:25:52.623 I/chatty  ( 1186): uid=1000(system) android.ui identical 1 line
11-20 07:25:53.616 D/AutofillManagerService( 1186): onBackKeyPressed()
11-20 07:25:53.757 D/commandrouter( 1006): rtc_sync (1, rtc:sync): <ServiceRequest> FORWARDED (remote -> local) service client ID = 0, token ID = 38387
11-20 07:25:53.758 D/commandrouter( 1006): SocServiceHandle::onServiceMessage, SoC Service = rtc_sync, appType = 1, type = SVC_RESP, clientId = 0, token = 38387, payloadLen = 8, result = 0, payload.size() = 8
11-20 07:25:54.174 W/ActivityManager( 1186): Invalid packageName: com.facebook.wearable.system.settings/com.facebook.wearable.system.settings.SettingsActivity
11-20 07:25:54.315 I/ActivityTaskManager( 1186): START u0 {flg=0x10000000 cmp=com.facebook.wearable.system.settings/.SettingsActivity} from uid 0
11-20 07:25:54.331 I/ActivityTaskManager( 1186): The Process com.facebook.wearable.system.settings Already Exists in BG. So sending its PID: 13351
11-20 07:25:54.331 W/ActivityTaskManager( 1186): Tried to set launchTime (0) < mLastActivityLaunchTime (56222041)
11-20 07:25:57.955 E/TaskPersister( 1186): File error accessing recents directory (directory doesn't exist?).
11-20 07:26:00.584 D/AppStorageManager( 1186): BEFORE:: Previous Size: 1029799936 Current Size: 1029795840
11-20 07:26:00.584 D/AppStorageManager( 1186): AFTER:: Previous Size: 1029795840 Current Size: 1029795840
11-20 07:26:01.678 W/ContextImpl( 1186): Calling a method in the system process without a qualified user: android.app.ContextImpl.sendBroadcastMultiplePermissions:1143 android.content.Context.sendBroadcastWithMultiplePermissions:2150 com.android.server.display.WifiDisplayAdapter.handleSendStatusChangeBroadcast:440 com.android.server.display.WifiDisplayAdapter.access$1700:63 com.android.server.display.WifiDisplayAdapter$WifiDisplayHandler.handleMessage:675 
11-20 07:26:02.729 W/ContextImpl( 1186): Calling a method in the system process without a qualified user: android.app.ContextImpl.sendBroadcastMultiplePermissions:1143 android.content.Context.sendBroadcastWithMultiplePermissions:2150 com.android.server.wifi.p2p.WifiP2pServiceImpl$P2pStateMachine.sendBroadcastMultiplePermissions:3209 com.android.server.wifi.p2p.WifiP2pServiceImpl$P2pStateMachine.sendP2pConnectionChangedBroadcast:3236 com.android.server.wifi.p2p.WifiP2pServiceImpl$P2pStateMachine.access$5100:768 
11-20 07:26:02.731 W/BroadcastQueue( 1186): Permission Denial: receiving Intent { act=android.net.wifi.p2p.CONNECTION_STATE_CHANGE flg=0x24000010 (has extras) } to ProcessRecord{688c834 1907:.qtidataservices/u0a88} (pid=1907, uid=10088) requires android.permission.ACCESS_FINE_LOCATION due to sender android (uid 1000)
11-20 07:26:02.736 W/ContextImpl( 1186): Calling a method in the system process without a qualified user: android.app.ContextImpl.sendBroadcastMultiplePermissions:1143 android.content.Context.sendBroadcastWithMultiplePermissions:2150 com.android.server.wifi.p2p.WifiP2pServiceImpl$P2pStateMachine.sendBroadcastMultiplePermissions:3209 com.android.server.wifi.p2p.WifiP2pServiceImpl$P2pStateMachine.sendThisDeviceChangedBroadcast:3218 com.android.server.wifi.p2p.WifiP2pServiceImpl$P2pStateMachine.updateThisDevice:3962 
11-20 07:26:02.774 W/wificond(  911): Scan is not started. Ignore abort request
--------- beginning of main
11-20 07:26:02.956 W/HWComposer(  598): Ignoring duplicate VSYNC event from HWC for display 0 (t=56250681587030)
11-20 07:26:02.973 W/HWComposer(  598): Ignoring duplicate VSYNC event from HWC for display 0 (t=56250698410051)
11-20 07:26:03.007 W/HWComposer(  598): Ignoring duplicate VSYNC event from HWC for display 0 (t=56250732217186)
11-20 07:26:03.072 I/chatty  ( 1026): uid=1021(gps) lowi-server expire 13 lines
11-20 07:26:03.073 I/chatty  ( 1026): uid=1021(gps) lowi-server expire 27 lines
11-20 07:26:03.089 V/WifiHAL (  544): event received NL80211_CMD_CONNECT
11-20 07:26:03.091 I/wpa_supplicant(31928): wlan0: Associated with 6c:cd:d6:25:63:2a
11-20 07:26:03.091 I/wpa_supplicant(31928): wlan0: CTRL-EVENT-SUBNET-STATUS-UPDATE status=0
11-20 07:26:03.093 I/wpa_supplicant(31928): wlan0: WPA: RX message 1 of 4-Way Handshake from 6c:cd:d6:25:63:2a (ver=2)
11-20 07:26:03.093 I/wpa_supplicant(31928): wlan0: WPA: Sending EAPOL-Key 2/4
11-20 07:26:03.099 I/wpa_supplicant(31928): getWifiGenerationStatusInternal: generation = 4, twtSupport = false, vhtMax8SpatialStreamsSupport = false
11-20 07:26:03.102 I/wpa_supplicant(31928): wlan0: WPA: RX message 3 of 4-Way Handshake from 6c:cd:d6:25:63:2a (ver=2)
11-20 07:26:03.102 I/wpa_supplicant(31928): wlan0: WPA: Sending EAPOL-Key 4/4
11-20 07:26:03.106 I/wpa_supplicant(31928): wlan0: WPA: Key negotiation completed with 6c:cd:d6:25:63:2a [PTK=CCMP GTK=CCMP]
11-20 07:26:03.106 I/wpa_supplicant(31928): wlan0: CTRL-EVENT-CONNECTED - Connection to 6c:cd:d6:25:63:2a completed [id=0 id_str=%7B%22configKey%22%3A%22%5C%22MTBF_Lab%5C%22WPA_PSK%22%2C%22creatorUid%22%3A%221000%22%7D]
11-20 07:26:03.109 I/chatty  ( 1026): uid=1021(gps) lowi-server expire 13 lines
11-20 07:26:03.109 D/WifiConnector( 2870): Network State Changed
11-20 07:26:03.111 D/QCNEJ/WlanStaInfoRelay( 1907): Received action: android.net.wifi.STATE_CHANGE
11-20 07:26:03.112 D/BluetoothAdapterService( 1710): android.net.wifi.STATE_CHANGE
11-20 07:26:03.116 D/BluetoothVendorService( 1710): setWifiState to: true
11-20 07:26:03.116 I/BluetoothVendorJni( 1710): setWifiStateNative
11-20 07:26:03.116 I/bt_btif_vendor( 1710): setWifiState :1
11-20 07:26:03.137 D/BluetoothAdapterService( 1710): android.net.wifi.STATE_CHANGE
11-20 07:26:03.137 D/ConnectivityService( 1186): registerNetworkAgent NetworkAgentInfo{ ni{[type: WIFI[], state: UNKNOWN/IDLE, reason: (unspecified), extra: , failover: false, available: true, roaming: false]}  network{154}  nethandle{664830660621}  lp{{InterfaceName: wlan0 LinkAddresses: [ ] DnsAddresses: [ ] Domains: null MTU: 0 Routes: [ ]}}  nc{[ Transports: WIFI Capabilities: NOT_METERED&INTERNET&NOT_RESTRICTED&TRUSTED&NOT_VPN&NOT_ROAMING&FOREGROUND&NOT_CONGESTED&NOT_SUSPENDED LinkUpBandwidth>=72000Kbps LinkDnBandwidth>=72000Kbps OwnerUid: 1000 SSID: "MTBF_Lab" RequestorUid: -1 RequestorPackageName: null]}  Score{20}  everValidated{false}  lastValidated{false}  created{false} lingering{false} explicitlySelected{false} acceptUnvalidated{false} everCaptivePortalDetected{false} lastCaptivePortalDetected{false} partialConnectivity{false} acceptPartialConnectivity{false} clat{mBaseIface: null, mIface: null, mState: IDLE} }
11-20 07:26:03.138 D/QCNEJ/WlanStaInfoRelay( 1907): Received action: android.net.wifi.STATE_CHANGE
11-20 07:26:03.138 D/WifiConnector( 2870): Network State Changed
11-20 07:26:03.140 D/BluetoothVendorService( 1710): setWifiState to: true
11-20 07:26:03.140 I/BluetoothVendorJni( 1710): setWifiStateNative
11-20 07:26:03.140 I/bt_btif_vendor( 1710): setWifiState :1
11-20 07:26:03.156 D/ConnectivityService( 1186): [154 WIFI] EVENT_NETWORK_INFO_CHANGED, going from UNKNOWN to UNKNOWN
11-20 07:26:03.162 D/BluetoothAdapterService( 1710): android.net.wifi.STATE_CHANGE
11-20 07:26:03.164 D/QCNEJ/WlanStaInfoRelay( 1907): Received action: android.net.wifi.STATE_CHANGE
11-20 07:26:03.165 D/BluetoothVendorService( 1710): setWifiState to: true
11-20 07:26:03.165 I/BluetoothVendorJni( 1710): setWifiStateNative
11-20 07:26:03.165 I/bt_btif_vendor( 1710): setWifiState :1
11-20 07:26:03.166 D/WifiConnector( 2870): Network State Changed
11-20 07:26:03.200 I/chatty  ( 1186): uid=1000(system) WifiHandlerThre expire 16 lines
11-20 07:26:03.201 V/WifiHAL (  544): WifiVendorCommand 0x984ec000 created vendor_id:0x1374 subcmd:83
11-20 07:26:03.201 E/WifiHAL (  544): wifi_get_packet_filter_capabilities: requestResponse() error: -3
11-20 07:26:03.201 I/WifiHAL (  544): Packet filtering is not supprted
11-20 07:26:03.274 D/QCNEJ/WlanStaInfoRelay( 1907): Received action: android.net.wifi.RSSI_CHANGED
11-20 07:26:03.274 D/WearableConnectivityManager(11143): onWifiStrengthChange: -32
11-20 07:26:03.281 V/WifiHAL (  544): WifiVendorCommand 0x986b8148 created vendor_id:0x1374 subcmd:82
11-20 07:26:03.281 D/ConnectivityService( 1186): NetReassign [no changes]
11-20 07:26:03.281 V/WifiHAL (  544): ND offload : Enable
11-20 07:26:03.293 E/QMI_FW  (  915): qmi_cci_get_ref: ref count increased 2
11-20 07:26:03.296 E/QMI_FW  (  915): qmi_cci_get_ref: ref count increased 2
11-20 07:26:03.303 E/Netd    (  462): no such netId 154
11-20 07:26:03.304 I/Nat464Xlat( 1186): Android Xlat is disabled
11-20 07:26:03.361 I/chatty  ( 1186): uid=1000 system_server expire 7 lines
11-20 07:26:03.424 D/BluetoothAdapterService( 1710): android.net.wifi.STATE_CHANGE
11-20 07:26:03.424 E/Netd    (  462): no such netId 154
11-20 07:26:03.426 D/QCNEJ/WlanStaInfoRelay( 1907): Received action: android.net.wifi.STATE_CHANGE
11-20 07:26:03.426 D/WifiConnector( 2870): Network State Changed
11-20 07:26:03.426 D/BluetoothVendorService( 1710): setWifiState to: true
11-20 07:26:03.426 I/BluetoothVendorJni( 1710): setWifiStateNative
11-20 07:26:03.426 I/bt_btif_vendor( 1710): setWifiState :1
11-20 07:26:03.304 I/Nat464Xlat( 1186): Android Xlat is disabled
11-20 07:26:03.430 E/ConnectivityService( 1186): Exception in networkAddRouteParcel for non-gateway: android.os.ServiceSpecificException: Machine is not on the network (code 64)
11-20 07:26:03.430 E/Netd    (  462): no such netId 154
11-20 07:26:03.431 E/ConnectivityService( 1186): Exception in networkAddRouteParcel for gateway: android.os.ServiceSpecificException: Machine is not on the network (code 64)
11-20 07:26:03.431 I/Nat464Xlat( 1186): Android Xlat is disabled
11-20 07:26:03.440 D/BluetoothAdapterService( 1710): android.net.wifi.STATE_CHANGE
11-20 07:26:03.441 D/QCNEJ/WlanStaInfoRelay( 1907): Received action: android.net.wifi.STATE_CHANGE
11-20 07:26:03.442 D/WifiConnector( 2870): Network State Changed
11-20 07:26:03.443 D/BluetoothVendorService( 1710): setWifiState to: true
11-20 07:26:03.443 I/BluetoothVendorJni( 1710): setWifiStateNative
11-20 07:26:03.443 I/bt_btif_vendor( 1710): setWifiState :1
11-20 07:26:03.446 D/WifiConnector( 2870): Configured Networks Changed
11-20 07:26:03.460 I/chatty  ( 1186): uid=1000(system) pool-9-thread-1 expire 3 lines
11-20 07:26:03.475 E/QMI_FW  (  915): qmi_cci_get_ref: ref count increased 2
11-20 07:26:03.476 E/QMI_FW  (  915): qmi_cci_get_ref: ref count increased 2
11-20 07:26:03.431 I/Nat464Xlat( 1186): Android Xlat is disabled
11-20 07:26:03.555 D/ConnectivityService( 1186): Setting DNS servers for network 154 to [/192.168.1.1]
11-20 07:26:03.558 I/Nat464Xlat( 1186): Android Xlat is disabled
11-20 07:26:03.585 E/QMI_FW  ( 1042): qmi_cci_get_ref: ref count increased 2
11-20 07:26:03.585 E/QMI_FW  ( 1042): qmi_cci_get_ref: ref count increased 2
11-20 07:26:03.585 E/QMI_FW  ( 1042): qmi_cci_get_ref: ref count increased 2
11-20 07:26:03.558 I/Nat464Xlat( 1186): Android Xlat is disabled
11-20 07:26:03.708 D/ConnectivityService( 1186): [154 WIFI] EVENT_NETWORK_INFO_CHANGED, going from UNKNOWN to CONNECTED
11-20 07:26:03.711 D/DnsManager( 1186): sendDnsConfigurationForNetwork(154, [192.168.1.1], [], 1800, 25, 8, 64, 0, 0, , [])
11-20 07:26:03.715 W/DnsManager( 1186): updatePrivateDns(154, PrivateDnsConfig{true:/[]})
11-20 07:26:03.715 D/ConnectivityService( 1186): Setting DNS servers for network 154 to [/192.168.1.1]
11-20 07:26:03.715 D/DnsManager( 1186): sendDnsConfigurationForNetwork(154, [192.168.1.1], [], 1800, 25, 8, 64, 0, 0, , [192.168.1.1])
11-20 07:26:03.718 D/ConnectivityService( 1186): Adding iface wlan0 to network 154
11-20 07:26:03.724 W/resolv  (  462): Validating DnsTlsServer on netId 154
11-20 07:26:03.730 W/resolv  (  462): Validation failed
11-20 07:26:03.746 D/ConnectivityService( 1186): Setting DNS servers for network 154 to [/192.168.1.1]
11-20 07:26:03.747 D/DnsManager( 1186): sendDnsConfigurationForNetwork(154, [192.168.1.1], [], 1800, 25, 8, 64, 0, 0, , [192.168.1.1])
11-20 07:26:03.748 W/resolv  (  462): Validating DnsTlsServer on netId 154
11-20 07:26:03.749 I/Nat464Xlat( 1186): Android Xlat is disabled
11-20 07:26:03.761 W/resolv  (  462): SSL_connect ssl error =5, mark 0xf009a: Connection refused
11-20 07:26:03.749 I/Nat464Xlat( 1186): Android Xlat is disabled
11-20 07:26:03.761 D/commandrouter( 1006): rtc_sync (1, rtc:sync): <ServiceRequest> FORWARDED (remote -> local) service client ID = 0, token ID = 38388
11-20 07:26:03.761 D/vendor.facebook.rtc_sync@1.0-service( 1145): Request req_ts=1637393163753894544 resp_ts=1637393163761578759
11-20 07:26:03.761 W/resolv  (  462): Validation failed
11-20 07:26:03.762 D/commandrouter( 1006): SocServiceHandle::onServiceMessage, SoC Service = rtc_sync, appType = 1, type = SVC_RESP, clientId = 0, token = 38388, payloadLen = 8, result = 0, payload.size() = 8
11-20 07:26:03.831 D/ConnectivityService( 1186): NetReassign [no changes]
11-20 07:26:03.839 D/QCNEJ/WlanStaInfoRelay( 1907): network available: 154
11-20 07:26:03.849 D/QCNEJ/NativeHalConnector( 1907): -> SND notifyWifiAvailable(v4Connected = truev6Connected = , false, isAndroidValidated = false)
11-20 07:26:03.854 D/QCNEJ/NativeHalConnector( 1907): -> SND notifyWifiAvailable(v4Connected = truev6Connected = , false, isAndroidValidated = false)
11-20 07:26:03.901 I/chatty  ( 1186): uid=1000 system_server expire 3 lines
11-20 07:26:03.907 I/chatty  ( 1186): uid=1000 system_server expire 2 lines
11-20 07:26:03.980 I/chatty  ( 1186): uid=1000 system_server expire 1 line
11-20 07:26:03.982 D/ConnectivityService( 1186): [154 WIFI] validation passed
11-20 07:26:03.983 D/ConnectivityService( 1186): NetReassign [44 : 101  154, 1191 : 101  154, 11 : 101  154, 63 : 101  154, 17 : 101  154, 25 : 101  154, 1 : 101  154, 1196 : 101  154, 8 : 101  154, 654 : 101  154, 12 : 101  154, 14 : 101  154, 16 : 101  154, 22 : 101  154]
11-20 07:26:03.986 E/NetlinkEvent(  462): NetlinkEvent::FindParam(): Parameter 'INTERFACE' not found
11-20 07:26:03.986 E/NetlinkEvent(  462): NetlinkEvent::FindParam(): Parameter 'STATE' not found
11-20 07:26:03.986 E/NetlinkEvent(  462): NetlinkEvent::FindParam(): Parameter 'TIME_NS' not found
11-20 07:26:03.986 E/NetlinkEvent(  462): NetlinkEvent::FindParam(): Parameter 'UID' not found
11-20 07:26:04.008 D/ConnectivityService( 1186): Switching to new default network: NetworkAgentInfo{ ni{[type: WIFI[], state: CONNECTED/CONNECTED, reason: (unspecified), extra: , failover: false, available: true, roaming: false]}  network{154}  nethandle{664830660621}  lp{{InterfaceName: wlan0 LinkAddresses: [ 192.168.1.41/24 ] DnsAddresses: [ /192.168.1.1 ] Domains: null MTU: 0 ServerAddress: /192.168.1.1 TcpBufferSizes: 524288,1048576,2097152,262144,524288,1048576 Routes: [ fe80::/64 -> :: wlan0 mtu 0,192.168.1.0/24 -> 0.0.0.0 wlan0 mtu 0,0.0.0.0/0 -> 192.168.1.1 wlan0 mtu 0 ]}}  nc{[ Transports: WIFI Capabilities: NOT_METERED&INTERNET&NOT_RESTRICTED&TRUSTED&NOT_VPN&VALIDATED&NOT_ROAMING&FOREGROUND&NOT_CONGESTED&NOT_SUSPENDED LinkUpBandwidth>=61000Kbps LinkDnBandwidth>=61000Kbps SignalStrength: -32 OwnerUid: 1000 SSID: "MTBF_Lab" RequestorUid: -1 RequestorPackageName: null]}  Score{60}  everValidated{true}  lastValidated{true}  created{true} lingering{false} explicitlySelected{false} acceptUnvalidated{false} everCaptivePortalDetected{false} lastCaptivePortalDetected{false} partialConnectivity{false} acceptPartialConnectivity{false} clat{mBaseIface: null, mIface: null, mState: IDLE} }
11-20 07:26:04.143 I/chatty  ( 1186): uid=1000(system) NetworkTimeUpda expire 1 line
11-20 07:26:04.146 V/LigerRadioStatsReporter( 2357): onCapabilitiesChanged: Network capabilities changed
11-20 07:26:04.147 D/DeviceAuthService(28013): Network connected
11-20 07:26:04.147 D/DeviceAuthService(28013): fetchAuthTokenWrapper called
11-20 07:26:04.155 D/ConnectivityService( 1186): Lingering [101 CELLULAR] for 30000ms
11-20 07:26:04.155 D/QCNEJ/DefaultNetworkInfoRelay( 1907): Default network available: 154
11-20 07:26:04.157 D/QCNEJ/NativeHalConnector( 1907): -> SND notifyDefaultNetworkChanged(1)
11-20 07:26:04.159 D/ConnectivityService( 1186): Sending DISCONNECTED broadcast for type 0 [101 CELLULAR] isDefaultNetwork=true
11-20 07:26:04.161 D/ConnectivityService( 1186): Sending CONNECTED broadcast for type 1 [154 WIFI] isDefaultNetwork=true
11-20 07:26:04.163 I/chatty  ( 1186): uid=1000(system) android.fg expire 1 line
11-20 07:26:04.165 I/chatty  (  527): uid=1021(gps) Loc_hal_worker expire 1 line
11-20 07:26:04.172 E/QMI_FW  (  915): qmi_cci_get_ref: ref count increased 2
11-20 07:26:04.173 V/LigerRadioStatsReporter( 2357): onCapabilitiesChanged: Network capabilities changed
11-20 07:26:04.174 V/LigerRadioStatsReporter( 2357): reportAndCheckpointRadioStats
11-20 07:26:04.174 E/QMI_FW  (  915): qmi_cci_get_ref: ref count increased 2
11-20 07:26:04.178 D/QCNEJ/WlanStaInfoRelay( 1907): AndroidValidate from false to true
11-20 07:26:04.180 V/LigerRadioStatsReporter( 2357): +++++++++++ RADIO STATS DUMP +++++++++++
11-20 07:26:04.180 V/LigerRadioStatsReporter( 2357): totalActiveRadioTimeMs=0
11-20 07:26:04.180 V/LigerRadioStatsReporter( 2357): totalTailRadioTimeMs=13993
11-20 07:26:04.180 V/LigerRadioStatsReporter( 2357): totalWakeupCount=0
11-20 07:26:04.180 V/LigerRadioStatsReporter( 2357): httpUpBytes=0
11-20 07:26:04.180 V/LigerRadioStatsReporter( 2357): httpDownBytes=0
11-20 07:26:04.180 V/LigerRadioStatsReporter( 2357): httpWakeupCount=0
11-20 07:26:04.181 V/LigerRadioStatsReporter( 2357): httpRequestCount=0
11-20 07:26:04.181 V/LigerRadioStatsReporter( 2357): httpActiveRadioTimeMs=0
11-20 07:26:04.181 V/LigerRadioStatsReporter( 2357): httpTailRadioTimeMs=13993
11-20 07:26:04.181 V/LigerRadioStatsReporter( 2357): reportAndCheckpointRadioStats: Tx=0
11-20 07:26:04.181 V/LigerRadioStatsReporter( 2357): reportAndCheckpointRadioStats: Rx=0
11-20 07:26:04.181 V/LigerRadioStatsReporter( 2357): reportAndCheckpointRadioStats: Uids=10027
11-20 07:26:04.181 V/LigerRadioStatsReporter( 2357): reportAndCheckpointRadioStats: Tags=null
11-20 07:26:04.181 D/ConnectivityService( 1186): Setting DNS servers for network 154 to [/192.168.1.1]
11-20 07:26:04.182 D/DnsManager( 1186): sendDnsConfigurationForNetwork(154, [192.168.1.1], [], 1800, 25, 8, 64, 0, 0, , [192.168.1.1])
11-20 07:26:04.184 W/resolv  (  462): Validating DnsTlsServer on netId 154
11-20 07:26:04.185 D/DeviceAuthService(28013): isOculusAddressResolvable returned true
11-20 07:26:04.185 D/DeviceAuthenticator(28013): Fetching new credentials asynchronously
11-20 07:26:04.187 D/QCNEJ/WlanStaInfoRelay( 1907): retrieveCountryCode:Location obtained from Telephony: us
11-20 07:26:04.192 D/DeviceAuthenticator(28013): Calling DeviceAuth.authenticate()
11-20 07:26:04.196 E/DeviceCertService(  545): This device *might* have a provisioning issue. Please run `maui provision check` to verify.
11-20 07:26:04.196 E/DeviceCertService(  545): See https://fburl.com/wiki/a9hho0p9 for more information.
11-20 07:26:04.196 E/DeviceCertService(  545): Could not access certificate file '/mnt/vendor/persist/certificates/device_identityinsecure.crt', error 2: No such file or directory
11-20 07:26:04.197 E/DeviceAuthenticator(28013): ERROR: java.lang.RuntimeException: devicecert returned error FILESYSTEM_ERROR
11-20 07:26:04.197 E/DeviceAuthenticator(28013): 
11-20 07:26:04.197 E/DeviceAuthenticator(28013): com.facebook.mos.sdk.devicecert.DeviceIdentityException: java.lang.RuntimeException: devicecert returned error FILESYSTEM_ERROR
11-20 07:26:04.197 E/DeviceAuthenticator(28013): 
11-20 07:26:04.199 W/resolv  (  462): SSL_connect ssl error =5, mark 0xf009a: Connection refused
11-20 07:26:04.200 W/resolv  (  462): Validation failed
11-20 07:26:04.204 E/QMI_FW  (  915): qmi_cci_get_ref: ref count increased 2
11-20 07:26:04.205 E/QMI_FW  (  915): qmi_cci_get_ref: ref count increased 2
11-20 07:26:04.213 E/QMI_FW  ( 1042): qmi_cci_get_ref: ref count increased 2
11-20 07:26:04.215 E/QMI_FW  ( 1042): qmi_cci_get_ref: ref count increased 2
11-20 07:26:04.218 D/WifiConnector( 2870): Configured Networks Changed
11-20 07:26:04.219 E/QMI_FW  ( 1042): qmi_cci_get_ref: ref count increased 2
11-20 07:26:04.233 E/QMI_FW  ( 1042): qmi_cci_get_ref: ref count increased 2
11-20 07:26:04.249 E/QMI_FW  ( 1042): qmi_cci_get_ref: ref count increased 2
11-20 07:26:04.251 D/PhoneInterfaceManager( 1984): setModemActivityInfo
11-20 07:26:04.251 D/FbSideCarManager( 1984): setModemActivityInfo
11-20 07:26:04.251 D/FbSideCarManager( 1984): setModemActivityInfo
11-20 07:26:04.251 D/WirelessInsightServiceImpl( 1984): setModemActivityInfo
11-20 07:26:04.251 D/FbSideCarManager( 1984): setModemActivityInfoInternal success
11-20 07:26:04.251 D/PhoneInterfaceManager( 1984): setModemActivityInfo: success.
11-20 07:26:04.251 D/WirelessInsightServiceImpl( 1984): notifyListeners: listeners = 0, modemActivityInfo = ModemActivityInfo{ mTimestamp=56251960 mSleepTimeMs=34944229 mIdleTimeMs=304084 mTransmitPowerInfo[]=[TransmitPower{ mTimeInMillis=27 mPowerRangeInDbm={-2147483648,0}}, TransmitPower{ mTimeInMillis=772858 mPowerRangeInDbm={0,5}}, TransmitPower{ mTimeInMillis=6653 mPowerRangeInDbm={5,15}}, TransmitPower{ mTimeInMillis=36526 mPowerRangeInDbm={15,20}}, TransmitPower{ mTimeInMillis=494596 mPowerRangeInDbm={20,2147483647}}] mRxTimeMs=19657955}
11-20 07:26:04.283 E/QMI_FW  ( 1042): qmi_cci_get_ref: ref count increased 2
11-20 07:26:04.288 E/QMI_FW  ( 1042): qmi_cci_get_ref: ref count increased 2
11-20 07:26:04.294 E/QMI_FW  ( 1042): qmi_cci_get_ref: ref count increased 2
11-20 07:26:04.305 E/QMI_FW  ( 1042): qmi_cci_get_ref: ref count increased 2
11-20 07:26:04.314 I/chatty  ( 1042): uid=1001(radio) main identical 3 lines
11-20 07:26:04.315 E/QMI_FW  ( 1042): qmi_cci_get_ref: ref count increased 2
11-20 07:26:04.320 E/QMI_FW  ( 1042): qmi_cci_get_ref: ref count increased 2
11-20 07:26:04.328 E/QMI_FW  ( 1042): qmi_cci_get_ref: ref count increased 2
11-20 07:26:04.438 I/Nat464Xlat( 1186): Android Xlat is disabled
11-20 07:26:04.344 I/chatty  ( 1042): uid=1001(radio) main identical 6 lines
11-20 07:26:04.349 E/QMI_FW  ( 1042): qmi_cci_get_ref: ref count increased 2
11-20 07:26:04.440 D/QCNEJ/WlanStaInfoRelay( 1907): Received action: android.net.wifi.LINK_CONFIGURATION_CHANGED
11-20 07:26:04.440 E/QCNEJ/WlanStaInfoRelay( 1907): update link properties given null lp
11-20 07:26:04.500 D/QCNEJ/NativeHalConnector( 1907): -> SND notifyWifiAvailable(v4Connected = truev6Connected = , false, isAndroidValidated = true)
11-20 07:26:04.858 I/chatty  ( 1186): uid=1000(system) HeapTaskDaemon expire 1 line
11-20 07:26:06.352 D/WearableConnectivityManager(11143): onWifiStrengthChange: -34
11-20 07:26:06.355 D/QCNEJ/WlanStaInfoRelay( 1907): Received action: android.net.wifi.RSSI_CHANGED
11-20 07:26:06.362 V/LigerRadioStatsReporter( 2357): onCapabilitiesChanged: Network capabilities changed
