11-19 23:52:53.485 D/ConnectivityService( 1186): Switching to new default network: NetworkAgentInfo{ ni{[type: MOBILE[LTE], state: CONNECTED/CONNECTED, reason: (unspecified), extra: enhancedphone, failover: false, available: true, roaming: false]}  network{101}  nethandle{437197393933}  lp{{InterfaceName: rmnet_data2 LinkAddresses: [ 10.55.48.101/30,2600:381:4804:c4b6:8cdc:8f0b:afe1:ec6b/64 ] DnsAddresses: [ /172.26.38.2,/fc00:a:a::400 ] Domains: null MTU: 1430 TcpBufferSizes: 2097152,4194304,8388608,262144,524288,1048576 Routes: [ 0.0.0.0/0 -> 10.55.48.102 rmnet_data2 mtu 1430,::/0 -> fe80::9db2:334d:2872:1e0a rmnet_data2 mtu 1430,10.55.48.100/30 -> 0.0.0.0 rmnet_data2 mtu 0,2600:381:4804:c4b6::/64 -> :: rmnet_data2 mtu 0 ]}}  nc{[ Transports: CELLULAR Capabilities: MMS&SUPL&FOTA&INTERNET&NOT_RESTRICTED&TRUSTED&NOT_VPN&VALIDATED&NOT_ROAMING&FOREGROUND&NOT_CONGESTED&NOT_SUSPENDED LinkUpBandwidth>=15000Kbps LinkDnBandwidth>=30000Kbps Specifier: <TelephonyNetworkSpecifier [mSubId = 1]> AdministratorUids: [] RequestorUid: -1 RequestorPackageName: null]}  Score{50}  everValidated{true}  lastValidated{true}  created{true} lingering{true} explicitlySelected{false} acceptUnvalidated{false} everCaptivePortalDetected{false} lastCaptivePortalDetected{false} partialConnectivity{false} acceptPartialConnectivity{false} clat{mBaseIface: null, mIface: null, mState: IDLE} }
11-19 23:52:53.595 D/ConnectivityService( 1186): Unlingering [101 CELLULAR]
11-19 23:52:53.595 D/ConnectivityService( 1186): Sending CONNECTED broadcast for type 0 [101 CELLULAR] isDefaultNetwork=true
11-19 23:52:57.434 D/AutofillManagerService( 1186): onBackKeyPressed()
11-19 23:53:00.731 I/chatty  ( 1186): uid=1000(system) android.ui identical 4 lines
11-19 23:53:01.625 D/AutofillManagerService( 1186): onBackKeyPressed()
11-19 23:53:01.971 E/TaskPersister( 1186): File error accessing recents directory (directory doesn't exist?).
11-19 23:53:02.557 D/commandrouter( 1006): rtc_sync (1, rtc:sync): <ServiceRequest> FORWARDED (remote -> local) service client ID = 0, token ID = 35670
11-19 23:53:02.557 D/commandrouter( 1006): SocServiceHandle::onServiceMessage, SoC Service = rtc_sync, appType = 1, type = SVC_RESP, clientId = 0, token = 35670, payloadLen = 8, result = 0, payload.size() = 8
11-19 23:53:02.622 D/AutofillManagerService( 1186): onBackKeyPressed()
11-19 23:53:03.629 D/AutofillManagerService( 1186): onBackKeyPressed()
11-19 23:53:04.150 W/ActivityManager( 1186): Invalid packageName: com.facebook.wearable.system.settings/com.facebook.wearable.system.settings.SettingsActivity
11-19 23:53:04.271 I/ActivityTaskManager( 1186): START u0 {flg=0x10000000 cmp=com.facebook.wearable.system.settings/.SettingsActivity} from uid 0
11-19 23:53:04.294 I/ActivityTaskManager( 1186): The Process com.facebook.wearable.system.settings Already Exists in BG. So sending its PID: 11360
11-19 23:53:04.295 W/ActivityTaskManager( 1186): Tried to set launchTime (0) < mLastActivityLaunchTime (29053013)
11-19 23:53:06.716 D/commandrouter( 1006): SocServiceHandle::onServiceMessage, SoC Service = mcu_healthcheck_934, appType = 1, type = SVC_REQ, clientId = 0, token = 483, payloadLen = 20, result = 0, payload.size() = 20
11-19 23:53:06.720 D/commandrouter( 1006): mcu_healthcheck_934 (1, merlot:mcu_health:control): <ServiceResponse> FORWARDED (remote -> local) CR token ID = 483, service client ID = 5, token ID = 15655, result = 0
11-19 23:53:07.926 E/TaskPersister( 1186): File error accessing recents directory (directory doesn't exist?).
11-19 23:53:09.815 D/commandrouter( 1006): SocServiceHandle::onServiceMessage, SoC Service = mcu_healthcheck_1029, appType = 1, type = SVC_REQ, clientId = 0, token = 967, payloadLen = 12, result = 0, payload.size() = 12
11-19 23:53:09.819 D/commandrouter( 1006): mcu_healthcheck_1029 (1, merlot:mcu_health:control): <ServiceResponse> FORWARDED (remote -> local) CR token ID = 967, service client ID = 40, token ID = 15656, result = 0
11-19 23:53:09.820 D/mculinkhealth( 1029): isMcuReachable 1 (5 ms)
11-19 23:53:10.273 W/ContextImpl( 1186): Calling a method in the system process without a qualified user: android.app.ContextImpl.sendBroadcastMultiplePermissions:1143 android.content.Context.sendBroadcastWithMultiplePermissions:2150 com.android.server.display.WifiDisplayAdapter.handleSendStatusChangeBroadcast:440 com.android.server.display.WifiDisplayAdapter.access$1700:63 com.android.server.display.WifiDisplayAdapter$WifiDisplayHandler.handleMessage:675 
11-19 23:53:10.738 D/AppStorageManager( 1186): BEFORE:: Previous Size: 1035165696 Current Size: 1035087872
11-19 23:53:10.738 D/AppStorageManager( 1186): AFTER:: Previous Size: 1035087872 Current Size: 1035087872
11-19 23:53:11.263 W/ContextImpl( 1186): Calling a method in the system process without a qualified user: android.app.ContextImpl.sendBroadcastMultiplePermissions:1143 android.content.Context.sendBroadcastWithMultiplePermissions:2150 com.android.server.wifi.p2p.WifiP2pServiceImpl$P2pStateMachine.sendBroadcastMultiplePermissions:3209 com.android.server.wifi.p2p.WifiP2pServiceImpl$P2pStateMachine.sendP2pConnectionChangedBroadcast:3236 com.android.server.wifi.p2p.WifiP2pServiceImpl$P2pStateMachine.access$5100:768 
11-19 23:53:11.265 W/BroadcastQueue( 1186): Permission Denial: receiving Intent { act=android.net.wifi.p2p.CONNECTION_STATE_CHANGE flg=0x24000010 (has extras) } to ProcessRecord{688c834 1907:.qtidataservices/u0a88} (pid=1907, uid=10088) requires android.permission.ACCESS_FINE_LOCATION due to sender android (uid 1000)
11-19 23:53:11.279 W/wificond(  911): Scan is not started. Ignore abort request
11-19 23:53:11.357 W/ContextImpl( 1186): Calling a method in the system process without a qualified user: android.app.ContextImpl.sendBroadcastMultiplePermissions:1143 android.content.Context.sendBroadcastWithMultiplePermissions:2150 com.android.server.wifi.p2p.WifiP2pServiceImpl$P2pStateMachine.sendBroadcastMultiplePermissions:3209 com.android.server.wifi.p2p.WifiP2pServiceImpl$P2pStateMachine.sendThisDeviceChangedBroadcast:3218 com.android.server.wifi.p2p.WifiP2pServiceImpl$P2pStateMachine.updateThisDevice:3962 
11-19 23:53:11.726 D/ConnectivityService( 1186): registerNetworkAgent NetworkAgentInfo{ ni{[type: WIFI[], state: UNKNOWN/IDLE, reason: (unspecified), extra: , failover: false, available: true, roaming: false]}  network{128}  nethandle{553161510925}  lp{{InterfaceName: wlan0 LinkAddresses: [ ] DnsAddresses: [ ] Domains: null MTU: 0 Routes: [ ]}}  nc{[ Transports: WIFI Capabilities: NOT_METERED&INTERNET&NOT_RESTRICTED&TRUSTED&NOT_VPN&NOT_ROAMING&FOREGROUND&NOT_CONGESTED&NOT_SUSPENDED LinkUpBandwidth>=72000Kbps LinkDnBandwidth>=72000Kbps OwnerUid: 1000 SSID: "MTBF_Lab" RequestorUid: -1 RequestorPackageName: null]}  Score{20}  everValidated{false}  lastValidated{false}  created{false} lingering{false} explicitlySelected{false} acceptUnvalidated{false} everCaptivePortalDetected{false} lastCaptivePortalDetected{false} partialConnectivity{false} acceptPartialConnectivity{false} clat{mBaseIface: null, mIface: null, mState: IDLE} }
11-19 23:53:11.742 D/ConnectivityService( 1186): [128 WIFI] EVENT_NETWORK_INFO_CHANGED, going from UNKNOWN to UNKNOWN
11-19 23:53:11.907 D/ConnectivityService( 1186): NetReassign [no changes]
11-19 23:53:11.935 I/Nat464Xlat( 1186): Android Xlat is disabled
11-19 23:53:11.935 I/Nat464Xlat( 1186): Android Xlat is disabled
11-19 23:53:12.055 E/ConnectivityService( 1186): Exception in networkAddRouteParcel for non-gateway: android.os.ServiceSpecificException: Machine is not on the network (code 64)
11-19 23:53:12.056 E/ConnectivityService( 1186): Exception in networkAddRouteParcel for gateway: android.os.ServiceSpecificException: Machine is not on the network (code 64)
11-19 23:53:12.056 I/Nat464Xlat( 1186): Android Xlat is disabled
11-19 23:53:12.057 I/Nat464Xlat( 1186): Android Xlat is disabled
11-19 23:53:12.123 D/ConnectivityService( 1186): Setting DNS servers for network 128 to [/192.168.1.1]
11-19 23:53:12.123 I/Nat464Xlat( 1186): Android Xlat is disabled
11-19 23:53:12.124 I/Nat464Xlat( 1186): Android Xlat is disabled
11-19 23:53:12.199 D/ConnectivityService( 1186): [128 WIFI] EVENT_NETWORK_INFO_CHANGED, going from UNKNOWN to CONNECTED
11-19 23:53:12.203 D/DnsManager( 1186): sendDnsConfigurationForNetwork(128, [192.168.1.1], [], 1800, 25, 8, 64, 0, 0, , [])
11-19 23:53:12.214 W/DnsManager( 1186): updatePrivateDns(128, PrivateDnsConfig{true:/[]})
11-19 23:53:12.215 D/ConnectivityService( 1186): Setting DNS servers for network 128 to [/192.168.1.1]
11-19 23:53:12.215 D/DnsManager( 1186): sendDnsConfigurationForNetwork(128, [192.168.1.1], [], 1800, 25, 8, 64, 0, 0, , [192.168.1.1])
11-19 23:53:12.217 D/ConnectivityService( 1186): Adding iface wlan0 to network 128
11-19 23:53:12.277 D/ConnectivityService( 1186): Setting DNS servers for network 128 to [/192.168.1.1]
11-19 23:53:12.278 D/DnsManager( 1186): sendDnsConfigurationForNetwork(128, [192.168.1.1], [], 1800, 25, 8, 64, 0, 0, , [192.168.1.1])
11-19 23:53:12.280 I/Nat464Xlat( 1186): Android Xlat is disabled
11-19 23:53:12.280 I/Nat464Xlat( 1186): Android Xlat is disabled
11-19 23:53:12.359 D/ConnectivityService( 1186): NetReassign [no changes]
11-19 23:53:12.532 D/ConnectivityService( 1186): [128 WIFI] validation passed
11-19 23:53:12.532 D/ConnectivityService( 1186): NetReassign [44 : 101 → 128, 11 : 101 → 128, 63 : 101 → 128, 17 : 101 → 128, 25 : 101 → 128, 1 : 101 → 128, 649 : 101 → 128, 643 : 101 → 128, 8 : 101 → 128, 12 : 101 → 128, 14 : 101 → 128, 16 : 101 → 128, 22 : 101 → 128, 32 : 101 → 128]
11-19 23:53:12.541 E/NetlinkEvent(  462): NetlinkEvent::FindParam(): Parameter 'INTERFACE' not found
11-19 23:53:12.541 E/NetlinkEvent(  462): NetlinkEvent::FindParam(): Parameter 'STATE' not found
11-19 23:53:12.541 E/NetlinkEvent(  462): NetlinkEvent::FindParam(): Parameter 'TIME_NS' not found
11-19 23:53:12.541 E/NetlinkEvent(  462): NetlinkEvent::FindParam(): Parameter 'UID' not found
11-19 23:53:12.553 D/commandrouter( 1006): rtc_sync (1, rtc:sync): <ServiceRequest> FORWARDED (remote -> local) service client ID = 0, token ID = 35671
11-19 23:53:12.555 D/commandrouter( 1006): SocServiceHandle::onServiceMessage, SoC Service = rtc_sync, appType = 1, type = SVC_RESP, clientId = 0, token = 35671, payloadLen = 8, result = 0, payload.size() = 8
11-19 23:53:12.570 D/ConnectivityService( 1186): Switching to new default network: NetworkAgentInfo{ ni{[type: WIFI[], state: CONNECTED/CONNECTED, reason: (unspecified), extra: , failover: false, available: true, roaming: false]}  network{128}  nethandle{553161510925}  lp{{InterfaceName: wlan0 LinkAddresses: [ 192.168.1.41/24 ] DnsAddresses: [ /192.168.1.1 ] Domains: null MTU: 0 ServerAddress: /192.168.1.1 TcpBufferSizes: 524288,1048576,2097152,262144,524288,1048576 Routes: [ fe80::/64 -> :: wlan0 mtu 0,192.168.1.0/24 -> 0.0.0.0 wlan0 mtu 0,0.0.0.0/0 -> 192.168.1.1 wlan0 mtu 0 ]}}  nc{[ Transports: WIFI Capabilities: NOT_METERED&INTERNET&NOT_RESTRICTED&TRUSTED&NOT_VPN&VALIDATED&NOT_ROAMING&FOREGROUND&NOT_CONGESTED&NOT_SUSPENDED LinkUpBandwidth>=62000Kbps LinkDnBandwidth>=62000Kbps SignalStrength: -32 OwnerUid: 1000 SSID: "MTBF_Lab" RequestorUid: -1 RequestorPackageName: null]}  Score{60}  everValidated{true}  lastValidated{true}  created{true} lingering{false} explicitlySelected{false} acceptUnvalidated{false} everCaptivePortalDetected{false} lastCaptivePortalDetected{false} partialConnectivity{false} acceptPartialConnectivity{false} clat{mBaseIface: null, mIface: null, mState: IDLE} }
11-19 23:53:12.700 D/ConnectivityService( 1186): Lingering [101 CELLULAR] for 30000ms
11-19 23:53:12.702 D/ConnectivityService( 1186): Sending DISCONNECTED broadcast for type 0 [101 CELLULAR] isDefaultNetwork=true
11-19 23:53:12.704 D/ConnectivityService( 1186): Sending CONNECTED broadcast for type 1 [128 WIFI] isDefaultNetwork=true
11-19 23:53:12.743 D/ConnectivityService( 1186): Setting DNS servers for network 128 to [/192.168.1.1]
11-19 23:53:12.744 D/DnsManager( 1186): sendDnsConfigurationForNetwork(128, [192.168.1.1], [], 1800, 25, 8, 64, 0, 0, , [192.168.1.1])
11-19 23:53:13.560 I/Nat464Xlat( 1186): Android Xlat is disabled
11-19 23:53:13.561 I/Nat464Xlat( 1186): Android Xlat is disabled
11-19 23:53:22.559 D/commandrouter( 1006): rtc_sync (1, rtc:sync): <ServiceRequest> FORWARDED (remote -> local) service client ID = 0, token ID = 35672
11-19 23:53:22.559 D/commandrouter( 1006): SocServiceHandle::onServiceMessage, SoC Service = rtc_sync, appType = 1, type = SVC_RESP, clientId = 0, token = 35672, payloadLen = 8, result = 0, payload.size() = 8
11-19 23:53:31.686 D/AutofillManagerService( 1186): onBackKeyPressed()
11-19 23:53:32.213 D/AutofillManagerService( 1186): onBackKeyPressed()
11-19 23:53:32.558 D/commandrouter( 1006): rtc_sync (1, rtc:sync): <ServiceRequest> FORWARDED (remote -> local) service client ID = 0, token ID = 35673
11-19 23:53:32.560 D/commandrouter( 1006): SocServiceHandle::onServiceMessage, SoC Service = rtc_sync, appType = 1, type = SVC_RESP, clientId = 0, token = 35673, payloadLen = 8, result = 0, payload.size() = 8
11-19 23:53:32.739 D/AutofillManagerService( 1186): onBackKeyPressed()
11-19 23:53:34.004 D/AutofillManagerService( 1186): onBackKeyPressed()
11-19 23:53:34.148 W/ActivityManager( 1186): Invalid packageName: com.facebook.wearable.system.settings/com.facebook.wearable.system.settings.SettingsActivity
11-19 23:53:34.246 I/ActivityTaskManager( 1186): START u0 {flg=0x10000000 cmp=com.facebook.wearable.system.settings/.SettingsActivity} from uid 0
11-19 23:53:34.263 I/ActivityTaskManager( 1186): The Process com.facebook.wearable.system.settings Already Exists in BG. So sending its PID: 11360
11-19 23:53:34.264 W/ActivityTaskManager( 1186): Tried to set launchTime (0) < mLastActivityLaunchTime (29072022)
11-19 23:53:37.348 E/TaskPersister( 1186): File error accessing recents directory (directory doesn't exist?).
11-19 23:53:39.821 D/commandrouter( 1006): SocServiceHandle::onServiceMessage, SoC Service = mcu_healthcheck_1029, appType = 1, type = SVC_REQ, clientId = 0, token = 968, payloadLen = 12, result = 0, payload.size() = 12
11-19 23:53:39.826 D/commandrouter( 1006): mcu_healthcheck_1029 (1, merlot:mcu_health:control): <ServiceResponse> FORWARDED (remote -> local) CR token ID = 968, service client ID = 40, token ID = 15657, result = 0
11-19 23:53:39.826 D/mculinkhealth( 1029): isMcuReachable 1 (5 ms)
11-19 23:53:41.863 W/ContextImpl( 1186): Calling a method in the system process without a qualified user: android.app.ContextImpl.sendBroadcastMultiplePermissions:1143 android.content.Context.sendBroadcastWithMultiplePermissions:2150 com.android.server.display.WifiDisplayAdapter.handleSendStatusChangeBroadcast:440 com.android.server.display.WifiDisplayAdapter.access$1700:63 com.android.server.display.WifiDisplayAdapter$WifiDisplayHandler.handleMessage:675 
11-19 23:53:42.314 D/ConnectivityService( 1186): [128 WIFI] EVENT_NETWORK_INFO_CHANGED, going from CONNECTED to DISCONNECTED
11-19 23:53:42.314 D/ConnectivityService( 1186): [128 WIFI] disconnected, was satisfying 25
11-19 23:53:42.400 I/Nat464Xlat( 1186): Android Xlat is disabled
11-19 23:53:42.400 I/Nat464Xlat( 1186): Android Xlat is disabled
11-19 23:53:42.444 D/ConnectivityService( 1186): Sending DISCONNECTED broadcast for type 1 [128 WIFI] isDefaultNetwork=true
11-19 23:53:42.446 D/ConnectivityService( 1186): NetReassign [44 : null → 101, 11 : null → 101, 63 : null → 101, 17 : null → 101, 25 : null → 101, 1 : null → 101, 649 : null → 101, 643 : null → 101, 8 : null → 101, 12 : null → 101, 14 : null → 101, 16 : null → 101, 22 : null → 101, 32 : null → 101]
11-19 23:53:42.450 E/NetlinkEvent(  462): NetlinkEvent::FindParam(): Parameter 'INTERFACE' not found
11-19 23:53:42.450 E/NetlinkEvent(  462): NetlinkEvent::FindParam(): Parameter 'STATE' not found
11-19 23:53:42.450 E/NetlinkEvent(  462): NetlinkEvent::FindParam(): Parameter 'TIME_NS' not found
11-19 23:53:42.450 E/NetlinkEvent(  462): NetlinkEvent::FindParam(): Parameter 'UID' not found
11-19 23:53:42.479 D/ConnectivityService( 1186): Switching to new default network: NetworkAgentInfo{ ni{[type: MOBILE[LTE], state: CONNECTED/CONNECTED, reason: (unspecified), extra: enhancedphone, failover: false, available: true, roaming: false]}  network{101}  nethandle{437197393933}  lp{{InterfaceName: rmnet_data2 LinkAddresses: [ 10.55.48.101/30,2600:381:4804:c4b6:8cdc:8f0b:afe1:ec6b/64 ] DnsAddresses: [ /172.26.38.2,/fc00:a:a::400 ] Domains: null MTU: 1430 TcpBufferSizes: 2097152,4194304,8388608,262144,524288,1048576 Routes: [ 0.0.0.0/0 -> 10.55.48.102 rmnet_data2 mtu 1430,::/0 -> fe80::9db2:334d:2872:1e0a rmnet_data2 mtu 1430,10.55.48.100/30 -> 0.0.0.0 rmnet_data2 mtu 0,2600:381:4804:c4b6::/64 -> :: rmnet_data2 mtu 0 ]}}  nc{[ Transports: CELLULAR Capabilities: MMS&SUPL&FOTA&INTERNET&NOT_RESTRICTED&TRUSTED&NOT_VPN&VALIDATED&NOT_ROAMING&FOREGROUND&NOT_CONGESTED&NOT_SUSPENDED LinkUpBandwidth>=15000Kbps LinkDnBandwidth>=30000Kbps Specifier: <TelephonyNetworkSpecifier [mSubId = 1]> AdministratorUids: [] RequestorUid: -1 RequestorPackageName: null]}  Score{50}  everValidated{true}  lastValidated{true}  created{true} lingering{true} explicitlySelected{false} acceptUnvalidated{false} everCaptivePortalDetected{false} lastCaptivePortalDetected{false} partialConnectivity{false} acceptPartialConnectivity{false} clat{mBaseIface: null, mIface: null, mState: IDLE} }
11-19 23:53:42.552 D/commandrouter( 1006): rtc_sync (1, rtc:sync): <ServiceRequest> FORWARDED (remote -> local) service client ID = 0, token ID = 35674
11-19 23:53:42.553 D/commandrouter( 1006): SocServiceHandle::onServiceMessage, SoC Service = rtc_sync, appType = 1, type = SVC_RESP, clientId = 0, token = 35674, payloadLen = 8, result = 0, payload.size() = 8
11-19 23:53:42.637 D/ConnectivityService( 1186): Unlingering [101 CELLULAR]
11-19 23:53:42.638 D/ConnectivityService( 1186): Sending CONNECTED broadcast for type 0 [101 CELLULAR] isDefaultNetwork=true
11-19 23:53:43.906 D/AnalyticsLogger( 1186): sent events: 12
11-19 23:53:46.629 D/AutofillManagerService( 1186): onBackKeyPressed()
11-19 23:53:49.620 I/chatty  ( 1186): uid=1000(system) android.ui identical 4 lines
11-19 23:53:50.630 D/AutofillManagerService( 1186): onBackKeyPressed()
11-19 23:53:51.155 E/TaskPersister( 1186): File error accessing recents directory (directory doesn't exist?).
11-19 23:53:51.625 D/AutofillManagerService( 1186): onBackKeyPressed()
11-19 23:53:52.557 D/commandrouter( 1006): rtc_sync (1, rtc:sync): <ServiceRequest> FORWARDED (remote -> local) service client ID = 0, token ID = 35675
11-19 23:53:52.558 D/commandrouter( 1006): SocServiceHandle::onServiceMessage, SoC Service = rtc_sync, appType = 1, type = SVC_RESP, clientId = 0, token = 35675, payloadLen = 8, result = 0, payload.size() = 8
11-19 23:53:52.620 D/AutofillManagerService( 1186): onBackKeyPressed()
11-19 23:53:53.175 W/ActivityManager( 1186): Invalid packageName: com.facebook.wearable.system.settings/com.facebook.wearable.system.settings.SettingsActivity
11-19 23:53:53.305 I/ActivityTaskManager( 1186): START u0 {flg=0x10000000 cmp=com.facebook.wearable.system.settings/.SettingsActivity} from uid 0
11-19 23:53:53.324 I/ActivityTaskManager( 1186): The Process com.facebook.wearable.system.settings Already Exists in BG. So sending its PID: 11360
11-19 23:53:53.325 W/ActivityTaskManager( 1186): Tried to set launchTime (0) < mLastActivityLaunchTime (29101991)
11-19 23:53:57.482 E/TaskPersister( 1186): File error accessing recents directory (directory doesn't exist?).
11-19 23:53:59.427 W/ContextImpl( 1186): Calling a method in the system process without a qualified user: android.app.ContextImpl.sendBroadcastMultiplePermissions:1143 android.content.Context.sendBroadcastWithMultiplePermissions:2150 com.android.server.display.WifiDisplayAdapter.handleSendStatusChangeBroadcast:440 com.android.server.display.WifiDisplayAdapter.access$1700:63 com.android.server.display.WifiDisplayAdapter$WifiDisplayHandler.handleMessage:675 
11-19 23:54:00.465 W/ContextImpl( 1186): Calling a method in the system process without a qualified user: android.app.ContextImpl.sendBroadcastMultiplePermissions:1143 android.content.Context.sendBroadcastWithMultiplePermissions:2150 com.android.server.wifi.p2p.WifiP2pServiceImpl$P2pStateMachine.sendBroadcastMultiplePermissions:3209 com.android.server.wifi.p2p.WifiP2pServiceImpl$P2pStateMachine.sendP2pConnectionChangedBroadcast:3236 com.android.server.wifi.p2p.WifiP2pServiceImpl$P2pStateMachine.access$5100:768 
11-19 23:54:00.466 W/BroadcastQueue( 1186): Permission Denial: receiving Intent { act=android.net.wifi.p2p.CONNECTION_STATE_CHANGE flg=0x24000010 (has extras) } to ProcessRecord{688c834 1907:.qtidataservices/u0a88} (pid=1907, uid=10088) requires android.permission.ACCESS_FINE_LOCATION due to sender android (uid 1000)
11-19 23:54:00.582 W/wificond(  911): Scan is not started. Ignore abort request
11-19 23:54:00.588 W/ContextImpl( 1186): Calling a method in the system process without a qualified user: android.app.ContextImpl.sendBroadcastMultiplePermissions:1143 android.content.Context.sendBroadcastWithMultiplePermissions:2150 com.android.server.wifi.p2p.WifiP2pServiceImpl$P2pStateMachine.sendBroadcastMultiplePermissions:3209 com.android.server.wifi.p2p.WifiP2pServiceImpl$P2pStateMachine.sendThisDeviceChangedBroadcast:3218 com.android.server.wifi.p2p.WifiP2pServiceImpl$P2pStateMachine.updateThisDevice:3962 
--------- beginning of main
11-19 23:54:00.914 I/wpa_supplicant(18259): getWifiGenerationStatusInternal: generation = 4, twtSupport = false, vhtMax8SpatialStreamsSupport = false
11-19 23:54:00.921 I/wpa_supplicant(18259): wlan0: WPA: RX message 3 of 4-Way Handshake from 6c:cd:d6:25:63:2a (ver=2)
11-19 23:54:00.921 I/wpa_supplicant(18259): wlan0: WPA: Sending EAPOL-Key 4/4
11-19 23:54:00.925 D/BluetoothAdapterService( 1710): android.net.wifi.STATE_CHANGE
11-19 23:54:00.926 D/QCNEJ/WlanStaInfoRelay( 1907): Received action: android.net.wifi.STATE_CHANGE
11-19 23:54:00.927 I/wpa_supplicant(18259): wlan0: WPA: Key negotiation completed with 6c:cd:d6:25:63:2a [PTK=CCMP GTK=CCMP]
11-19 23:54:00.927 D/WifiConnector( 2870): Network State Changed
11-19 23:54:00.927 I/wpa_supplicant(18259): wlan0: CTRL-EVENT-CONNECTED - Connection to 6c:cd:d6:25:63:2a completed [id=0 id_str=%7B%22configKey%22%3A%22%5C%22MTBF_Lab%5C%22WPA_PSK%22%2C%22creatorUid%22%3A%221000%22%7D]
11-19 23:54:00.927 D/BluetoothVendorService( 1710): setWifiState to: true
11-19 23:54:00.927 I/BluetoothVendorJni( 1710): setWifiStateNative
11-19 23:54:00.928 I/bt_btif_vendor( 1710): setWifiState :1
11-19 23:54:00.928 I/chatty  ( 1026): uid=1021(gps) lowi-server expire 13 lines
11-19 23:54:00.951 D/ConnectivityService( 1186): registerNetworkAgent NetworkAgentInfo{ ni{[type: WIFI[], state: UNKNOWN/IDLE, reason: (unspecified), extra: , failover: false, available: true, roaming: false]}  network{129}  nethandle{557456478221}  lp{{InterfaceName: wlan0 LinkAddresses: [ ] DnsAddresses: [ ] Domains: null MTU: 0 Routes: [ ]}}  nc{[ Transports: WIFI Capabilities: NOT_METERED&INTERNET&NOT_RESTRICTED&TRUSTED&NOT_VPN&NOT_ROAMING&FOREGROUND&NOT_CONGESTED&NOT_SUSPENDED LinkUpBandwidth>=72000Kbps LinkDnBandwidth>=72000Kbps OwnerUid: 1000 SSID: "MTBF_Lab" RequestorUid: -1 RequestorPackageName: null]}  Score{20}  everValidated{false}  lastValidated{false}  created{false} lingering{false} explicitlySelected{false} acceptUnvalidated{false} everCaptivePortalDetected{false} lastCaptivePortalDetected{false} partialConnectivity{false} acceptPartialConnectivity{false} clat{mBaseIface: null, mIface: null, mState: IDLE} }
11-19 23:54:00.952 D/WifiConnector( 2870): Network State Changed
11-19 23:54:00.953 D/BluetoothAdapterService( 1710): android.net.wifi.STATE_CHANGE
11-19 23:54:00.954 D/QCNEJ/WlanStaInfoRelay( 1907): Received action: android.net.wifi.STATE_CHANGE
11-19 23:54:00.961 D/BluetoothVendorService( 1710): setWifiState to: true
11-19 23:54:00.961 I/BluetoothVendorJni( 1710): setWifiStateNative
11-19 23:54:00.961 I/bt_btif_vendor( 1710): setWifiState :1
11-19 23:54:00.979 D/ConnectivityService( 1186): [129 WIFI] EVENT_NETWORK_INFO_CHANGED, going from UNKNOWN to UNKNOWN
11-19 23:54:00.995 D/WifiConnector( 2870): Network State Changed
11-19 23:54:00.995 D/BluetoothAdapterService( 1710): android.net.wifi.STATE_CHANGE
11-19 23:54:00.998 D/BluetoothVendorService( 1710): setWifiState to: true
11-19 23:54:00.998 I/BluetoothVendorJni( 1710): setWifiStateNative
11-19 23:54:00.998 I/bt_btif_vendor( 1710): setWifiState :1
11-19 23:54:00.998 D/QCNEJ/WlanStaInfoRelay( 1907): Received action: android.net.wifi.STATE_CHANGE
11-19 23:54:01.020 V/WifiClientModeImpl( 1186): stopIpClient IpClientWithPreConnection: false
11-19 23:54:01.020 V/WifiClientModeImpl( 1186): java.lang.Throwable
11-19 23:54:01.020 V/WifiClientModeImpl( 1186): 	at com.android.server.wifi.ClientModeImpl.stopIpClient(ClientModeImpl.java:1127)
11-19 23:54:01.020 V/WifiClientModeImpl( 1186): 	at com.android.server.wifi.ClientModeImpl.stopDhcpSetup(ClientModeImpl.java:1153)
11-19 23:54:01.020 V/WifiClientModeImpl( 1186): 	at com.android.server.wifi.ClientModeImpl.startIpClient(ClientModeImpl.java:7079)
11-19 23:54:01.020 V/WifiClientModeImpl( 1186): 	at com.android.server.wifi.ClientModeImpl.access$7100(ClientModeImpl.java:176)
11-19 23:54:01.020 V/WifiClientModeImpl( 1186): 	at com.android.server.wifi.ClientModeImpl$ObtainingIpState.enter(ClientModeImpl.java:5462)
11-19 23:54:01.020 V/WifiClientModeImpl( 1186): 	at com.android.wifi.x.com.android.internal.util.StateMachine$SmHandler.invokeEnterMethods(StateMachine.java:1037)
11-19 23:54:01.020 V/WifiClientModeImpl( 1186): 	at com.android.wifi.x.com.android.internal.util.StateMachine$SmHandler.performTransitions(StateMachine.java:879)
11-19 23:54:01.020 V/WifiClientModeImpl( 1186): 	at com.android.wifi.x.com.android.internal.util.StateMachine$SmHandler.handleMessage(StateMachine.java:819)
11-19 23:54:01.020 V/WifiClientModeImpl( 1186): 	at android.os.Handler.dispatchMessage(Handler.java:106)
11-19 23:54:01.020 V/WifiClientModeImpl( 1186): 	at android.os.Looper.loop(Looper.java:223)
11-19 23:54:01.020 V/WifiClientModeImpl( 1186): 	at android.os.HandlerThread.run(HandlerThread.java:67)
11-19 23:54:01.023 V/WifiHAL (  544): WifiVendorCommand 0x984ec000 created vendor_id:0x1374 subcmd:83
11-19 23:54:01.023 E/WifiHAL (  544): wifi_get_packet_filter_capabilities: requestResponse() error: -3
11-19 23:54:01.023 I/WifiHAL (  544): Packet filtering is not supprted
11-19 23:54:01.134 D/WearableConnectivityManager( 2594): onWifiStrengthChange: -32
11-19 23:54:01.137 D/QCNEJ/WlanStaInfoRelay( 1907): Received action: android.net.wifi.RSSI_CHANGED
11-19 23:54:01.138 D/ConnectivityService( 1186): NetReassign [no changes]
11-19 23:54:01.140 V/WifiHAL (  544): WifiVendorCommand 0x986b8148 created vendor_id:0x1374 subcmd:82
11-19 23:54:01.140 V/WifiHAL (  544): ND offload : Enable
11-19 23:54:01.156 E/WifiVendorHal( 1186): configureNeighborDiscoveryOffload(l.2193) failed {.code = ERROR_NOT_SUPPORTED, .description = }
11-19 23:54:01.164 E/QMI_FW  (  915): qmi_cci_get_ref: ref count increased 2
11-19 23:54:01.167 E/Netd    (  462): no such netId 129
11-19 23:54:01.167 E/QMI_FW  (  915): qmi_cci_get_ref: ref count increased 2
11-19 23:54:01.167 I/Nat464Xlat( 1186): Android Xlat is disabled
11-19 23:54:01.234 D/DhcpClient( 1186): l2key: W958a1754935a727 lease address: /192.168.1.41 lease expiry: 1637481192021 current time: 1637394841234
11-19 23:54:01.236 D/DhcpClient( 1186): Broadcasting DHCPREQUEST ciaddr=0.0.0.0 request=192.168.1.41 serverid=null
11-19 23:54:01.271 D/DhcpClient( 1186): Received packet: 6a:fd:b2:a8:97:f8 ACK: your new IP /192.168.1.41, netmask /255.255.255.0, gateways [/192.168.1.1] DNS servers: /192.168.1.1 , lease time 86400
11-19 23:54:01.272 D/DhcpClient( 1186): Confirmed lease: android.net.networkstack.DhcpResults@ebe5e15 DHCP server /192.168.1.1 Vendor info null lease 86400 seconds Servername 
11-19 23:54:01.307 E/Netd    (  462): no such netId 129
11-19 23:54:01.307 D/BluetoothAdapterService( 1710): android.net.wifi.STATE_CHANGE
11-19 23:54:01.167 I/Nat464Xlat( 1186): Android Xlat is disabled
11-19 23:54:01.308 E/ConnectivityService( 1186): Exception in networkAddRouteParcel for non-gateway: android.os.ServiceSpecificException: Machine is not on the network (code 64)
11-19 23:54:01.308 D/QCNEJ/WlanStaInfoRelay( 1907): Received action: android.net.wifi.STATE_CHANGE
11-19 23:54:01.309 D/WifiConnector( 2870): Network State Changed
11-19 23:54:01.309 E/Netd    (  462): no such netId 129
11-19 23:54:01.310 E/ConnectivityService( 1186): Exception in networkAddRouteParcel for gateway: android.os.ServiceSpecificException: Machine is not on the network (code 64)
11-19 23:54:01.310 I/Nat464Xlat( 1186): Android Xlat is disabled
11-19 23:54:01.311 D/BluetoothVendorService( 1710): setWifiState to: true
11-19 23:54:01.311 I/BluetoothVendorJni( 1710): setWifiStateNative
11-19 23:54:01.311 I/bt_btif_vendor( 1710): setWifiState :1
11-19 23:54:01.319 D/DhcpClient( 1186): Scheduling renewal in 43199s
11-19 23:54:01.319 D/DhcpClient( 1186): Scheduling rebind in 75599s
11-19 23:54:01.319 D/DhcpClient( 1186): Scheduling expiry in 86399s
11-19 23:54:01.329 D/BluetoothAdapterService( 1710): android.net.wifi.STATE_CHANGE
11-19 23:54:01.329 D/QCNEJ/WlanStaInfoRelay( 1907): Received action: android.net.wifi.STATE_CHANGE
11-19 23:54:01.331 D/WifiConnector( 2870): Network State Changed
11-19 23:54:01.335 D/BluetoothVendorService( 1710): setWifiState to: true
11-19 23:54:01.335 I/BluetoothVendorJni( 1710): setWifiStateNative
11-19 23:54:01.335 I/bt_btif_vendor( 1710): setWifiState :1
11-19 23:54:01.337 D/WifiConnector( 2870): Configured Networks Changed
11-19 23:54:01.340 W/WifiScoreReport( 1186): Cannot start external scoring netId=129 currentNetId=129 sessionId=1296
11-19 23:54:01.363 D/WifiMemoryStoreImpl( 1186): Set cluster Ga6eb8feabe7908d4 for W958a1754935a727: SUCCESS
11-19 23:54:01.368 E/QMI_FW  (  915): qmi_cci_get_ref: ref count increased 2
11-19 23:54:01.310 I/Nat464Xlat( 1186): Android Xlat is disabled
11-19 23:54:01.383 D/ConnectivityService( 1186): Setting DNS servers for network 129 to [/192.168.1.1]
11-19 23:54:01.384 I/Nat464Xlat( 1186): Android Xlat is disabled
11-19 23:54:01.369 E/QMI_FW  (  915): qmi_cci_get_ref: ref count increased 2
11-19 23:54:01.400 E/QMI_FW  ( 1042): qmi_cci_get_ref: ref count increased 2
11-19 23:54:01.401 E/QMI_FW  ( 1042): qmi_cci_get_ref: ref count increased 2
11-19 23:54:01.405 E/QMI_FW  ( 1042): qmi_cci_get_ref: ref count increased 2
11-19 23:54:01.428 D/WifiMemoryStoreImpl( 1186): Set cluster Ga6eb8feabe7908d4 for Wa6eb8feabe7908d4: SUCCESS
11-19 23:54:01.384 I/Nat464Xlat( 1186): Android Xlat is disabled
11-19 23:54:01.460 D/ConnectivityService( 1186): [129 WIFI] EVENT_NETWORK_INFO_CHANGED, going from UNKNOWN to CONNECTED
11-19 23:54:01.462 D/DnsManager( 1186): sendDnsConfigurationForNetwork(129, [192.168.1.1], [], 1800, 25, 8, 64, 0, 0, , [])
11-19 23:54:01.463 W/DnsManager( 1186): updatePrivateDns(129, PrivateDnsConfig{true:/[]})
11-19 23:54:01.463 D/ConnectivityService( 1186): Setting DNS servers for network 129 to [/192.168.1.1]
11-19 23:54:01.464 D/DnsManager( 1186): sendDnsConfigurationForNetwork(129, [192.168.1.1], [], 1800, 25, 8, 64, 0, 0, , [192.168.1.1])
11-19 23:54:01.466 D/ConnectivityService( 1186): Adding iface wlan0 to network 129
11-19 23:54:01.467 W/resolv  (  462): Validating DnsTlsServer on netId 129
11-19 23:54:01.501 W/resolv  (  462): Validation failed
11-19 23:54:01.520 D/ConnectivityService( 1186): Setting DNS servers for network 129 to [/192.168.1.1]
11-19 23:54:01.520 D/DnsManager( 1186): sendDnsConfigurationForNetwork(129, [192.168.1.1], [], 1800, 25, 8, 64, 0, 0, , [192.168.1.1])
11-19 23:54:01.521 W/resolv  (  462): Validating DnsTlsServer on netId 129
11-19 23:54:01.523 I/Nat464Xlat( 1186): Android Xlat is disabled
11-19 23:54:01.540 W/resolv  (  462): SSL_connect ssl error =5, mark 0xf0081: Connection refused
11-19 23:54:01.541 W/resolv  (  462): Validation failed
11-19 23:54:01.523 I/Nat464Xlat( 1186): Android Xlat is disabled
11-19 23:54:01.573 D/ConnectivityService( 1186): NetReassign [no changes]
11-19 23:54:01.574 D/WifiClientModeImpl( 1186): Received signal strength thresholds: []
11-19 23:54:01.575 E/WifiVendorHal( 1186): stopRssiMonitoring(l.2106) failed {.code = ERROR_NOT_AVAILABLE, .description = }
11-19 23:54:01.577 D/QCNEJ/WlanStaInfoRelay( 1907): network available: 129
11-19 23:54:01.598 D/QCNEJ/NativeHalConnector( 1907): -> SND notifyWifiAvailable(v4Connected = truev6Connected = , false, isAndroidValidated = false)
11-19 23:54:01.603 D/QCNEJ/NativeHalConnector( 1907): -> SND notifyWifiAvailable(v4Connected = truev6Connected = , false, isAndroidValidated = false)
11-19 23:54:01.629 D/NetworkMonitor/129( 1186): PROBE_DNS www.google.com 38ms OK 142.250.191.68
11-19 23:54:01.631 W/System  ( 1186): ClassLoader referenced unknown path: /system/framework/tcmclient.jar
11-19 23:54:01.639 D/NetworkMonitor/129( 1186): PROBE_DNS connectivitycheck.gstatic.com 25ms OK 142.250.191.67
11-19 23:54:01.672 D/NetworkMonitor/129( 1186): PROBE_HTTP http://connectivitycheck.gstatic.com/generate_204 time=31ms ret=204 request={Connection=[close], User-Agent=[Mozilla/5.0 (X11; Linux x86_64) AppleWebKit/537.36 (KHTML, like Gecko) Chrome/60.0.3112.32 Safari/537.36]} headers={null=[HTTP/1.1 204 No Content], Connection=[close], Content-Length=[0], Date=[Sat, 20 Nov 2021 07:54:03 GMT], X-Android-Received-Millis=[1637394841671], X-Android-Response-Source=[NETWORK 204], X-Android-Selected-Protocol=[http/1.1], X-Android-Sent-Millis=[1637394841662]}
11-19 23:54:01.732 D/NetworkMonitor/129( 1186): PROBE_HTTPS https://www.google.com/generate_204 time=95ms ret=204 request={Connection=[close], User-Agent=[Mozilla/5.0 (X11; Linux x86_64) AppleWebKit/537.36 (KHTML, like Gecko) Chrome/60.0.3112.32 Safari/537.36]} headers={null=[HTTP/1.1 204 No Content], Alt-Svc=[h3=":443"; ma=2592000,h3-29=":443"; ma=2592000,h3-Q050=":443"; ma=2592000,h3-Q046=":443"; ma=2592000,h3-Q043=":443"; ma=2592000,quic=":443"; ma=2592000; v="46,43"], Connection=[close], Content-Length=[0], Date=[Sat, 20 Nov 2021 07:54:03 GMT], X-Android-Received-Millis=[1637394841728], X-Android-Response-Source=[NETWORK 204], X-Android-Selected-Protocol=[http/1.1], X-Android-Sent-Millis=[1637394841683]}
11-19 23:54:01.734 D/NetworkMonitor/129( 1186): isCaptivePortal: isSuccessful()=true isPortal()=false RedirectUrl=null isPartialConnectivity()=false Time=146ms
11-19 23:54:01.737 D/ConnectivityService( 1186): [129 WIFI] validation passed
11-19 23:54:01.738 D/ConnectivityService( 1186): NetReassign [44 : 101 → 129, 11 : 101 → 129, 63 : 101 → 129, 17 : 101 → 129, 25 : 101 → 129, 1 : 101 → 129, 649 : 101 → 129, 643 : 101 → 129, 8 : 101 → 129, 12 : 101 → 129, 14 : 101 → 129, 16 : 101 → 129, 22 : 101 → 129, 32 : 101 → 129]
11-19 23:54:01.744 E/NetlinkEvent(  462): NetlinkEvent::FindParam(): Parameter 'INTERFACE' not found
11-19 23:54:01.744 E/NetlinkEvent(  462): NetlinkEvent::FindParam(): Parameter 'STATE' not found
11-19 23:54:01.744 E/NetlinkEvent(  462): NetlinkEvent::FindParam(): Parameter 'TIME_NS' not found
11-19 23:54:01.744 E/NetlinkEvent(  462): NetlinkEvent::FindParam(): Parameter 'UID' not found
11-19 23:54:01.761 D/ConnectivityService( 1186): Switching to new default network: NetworkAgentInfo{ ni{[type: WIFI[], state: CONNECTED/CONNECTED, reason: (unspecified), extra: , failover: false, available: true, roaming: false]}  network{129}  nethandle{557456478221}  lp{{InterfaceName: wlan0 LinkAddresses: [ 192.168.1.41/24 ] DnsAddresses: [ /192.168.1.1 ] Domains: null MTU: 0 ServerAddress: /192.168.1.1 TcpBufferSizes: 524288,1048576,2097152,262144,524288,1048576 Routes: [ fe80::/64 -> :: wlan0 mtu 0,192.168.1.0/24 -> 0.0.0.0 wlan0 mtu 0,0.0.0.0/0 -> 192.168.1.1 wlan0 mtu 0 ]}}  nc{[ Transports: WIFI Capabilities: NOT_METERED&INTERNET&NOT_RESTRICTED&TRUSTED&NOT_VPN&VALIDATED&NOT_ROAMING&FOREGROUND&NOT_CONGESTED&NOT_SUSPENDED LinkUpBandwidth>=62000Kbps LinkDnBandwidth>=62000Kbps SignalStrength: -32 OwnerUid: 1000 SSID: "MTBF_Lab" RequestorUid: -1 RequestorPackageName: null]}  Score{60}  everValidated{true}  lastValidated{true}  created{true} lingering{false} explicitlySelected{false} acceptUnvalidated{false} everCaptivePortalDetected{false} lastCaptivePortalDetected{false} partialConnectivity{false} acceptPartialConnectivity{false} clat{mBaseIface: null, mIface: null, mState: IDLE} }
11-19 23:54:01.875 D/NetworkTimeUpdateService( 1186): New default network 129; checking time.
11-19 23:54:01.876 V/LigerRadioStatsReporter( 2357): onCapabilitiesChanged: Network capabilities changed
11-19 23:54:01.891 D/DeviceAuthService(13333): Network connected
11-19 23:54:01.892 D/DeviceAuthService(13333): fetchAuthTokenWrapper called
11-19 23:54:01.896 D/QCNEJ/DefaultNetworkInfoRelay( 1907): Default network available: 129
11-19 23:54:01.896 D/ConnectivityService( 1186): Lingering [101 CELLULAR] for 30000ms
11-19 23:54:01.898 D/QCNEJ/NativeHalConnector( 1907): -> SND notifyDefaultNetworkChanged(1)
11-19 23:54:01.898 D/ConnectivityService( 1186): Sending DISCONNECTED broadcast for type 0 [101 CELLULAR] isDefaultNetwork=true
11-19 23:54:01.900 D/ConnectivityService( 1186): Sending CONNECTED broadcast for type 1 [129 WIFI] isDefaultNetwork=true
11-19 23:54:01.912 I/GnssNetworkConnectivityHandler( 1186): updateNetworkState, state=CLOSED, connected=true, network=129, capabilities=[ Transports: WIFI Capabilities: NOT_METERED&INTERNET&NOT_RESTRICTED&TRUSTED&NOT_VPN&VALIDATED&NOT_ROAMING&FOREGROUND&NOT_CONGESTED&NOT_SUSPENDED LinkUpBandwidth>=62000Kbps LinkDnBandwidth>=62000Kbps SignalStrength: -32 OwnerUid: 1000 AdministratorUids: [] SSID: "MTBF_Lab" RequestorUid: -1 RequestorPackageName: null], apn: , availableNetworkCount: 2
11-19 23:54:01.912 E/QMI_FW  (  915): qmi_cci_get_ref: ref count increased 2
11-19 23:54:01.915 I/chatty  (  527): uid=1021(gps) Loc_hal_worker expire 1 line
11-19 23:54:01.917 E/QMI_FW  (  915): qmi_cci_get_ref: ref count increased 2
11-19 23:54:01.921 V/LigerRadioStatsReporter( 2357): onCapabilitiesChanged: Network capabilities changed
11-19 23:54:01.921 V/LigerRadioStatsReporter( 2357): reportAndCheckpointRadioStats
11-19 23:54:01.922 V/LigerRadioStatsReporter( 2357): +++++++++++ RADIO STATS DUMP +++++++++++
11-19 23:54:01.922 V/LigerRadioStatsReporter( 2357): totalActiveRadioTimeMs=0
11-19 23:54:01.922 V/LigerRadioStatsReporter( 2357): totalTailRadioTimeMs=13995
11-19 23:54:01.922 V/LigerRadioStatsReporter( 2357): totalWakeupCount=0
11-19 23:54:01.922 V/LigerRadioStatsReporter( 2357): httpUpBytes=0
11-19 23:54:01.922 V/LigerRadioStatsReporter( 2357): httpDownBytes=0
11-19 23:54:01.922 V/LigerRadioStatsReporter( 2357): httpWakeupCount=0
11-19 23:54:01.922 V/LigerRadioStatsReporter( 2357): httpRequestCount=0
11-19 23:54:01.922 V/LigerRadioStatsReporter( 2357): httpActiveRadioTimeMs=0
11-19 23:54:01.922 V/LigerRadioStatsReporter( 2357): httpTailRadioTimeMs=13995
11-19 23:54:01.922 V/LigerRadioStatsReporter( 2357): reportAndCheckpointRadioStats: Tx=0
11-19 23:54:01.922 V/LigerRadioStatsReporter( 2357): reportAndCheckpointRadioStats: Rx=0
11-19 23:54:01.922 V/LigerRadioStatsReporter( 2357): reportAndCheckpointRadioStats: Uids=10027
11-19 23:54:01.923 V/LigerRadioStatsReporter( 2357): reportAndCheckpointRadioStats: Tags=null
11-19 23:54:01.923 D/QCNEJ/WlanStaInfoRelay( 1907): AndroidValidate from false to true
11-19 23:54:01.929 D/ConnectivityService( 1186): Setting DNS servers for network 129 to [/192.168.1.1]
11-19 23:54:01.931 D/DnsManager( 1186): sendDnsConfigurationForNetwork(129, [192.168.1.1], [], 1800, 25, 8, 64, 0, 0, , [192.168.1.1])
11-19 23:54:01.934 D/QCNEJ/WlanStaInfoRelay( 1907): retrieveCountryCode:Location obtained from Telephony: us
11-19 23:54:01.941 W/resolv  (  462): Validating DnsTlsServer on netId 129
11-19 23:54:01.958 E/QMI_FW  (  915): qmi_cci_get_ref: ref count increased 2
11-19 23:54:01.961 E/QMI_FW  (  915): qmi_cci_get_ref: ref count increased 2
11-19 23:54:01.964 D/WifiConnector( 2870): Configured Networks Changed
11-19 23:54:01.967 D/DeviceAuthService(13333): isOculusAddressResolvable returned true
11-19 23:54:01.967 D/DeviceAuthenticator(13333): Fetching new credentials asynchronously
11-19 23:54:01.969 D/DeviceAuthenticator(13333): Calling DeviceAuth.authenticate()
11-19 23:54:01.970 E/QMI_FW  ( 1042): qmi_cci_get_ref: ref count increased 2
11-19 23:54:01.970 E/QMI_FW  ( 1042): qmi_cci_get_ref: ref count increased 2
11-19 23:54:01.972 E/DeviceCertService(  545): This device *might* have a provisioning issue. Please run `maui provision check` to verify.
11-19 23:54:01.972 E/DeviceCertService(  545): See https://fburl.com/wiki/a9hho0p9 for more information.
11-19 23:54:01.972 E/DeviceCertService(  545): Could not access certificate file '/mnt/vendor/persist/certificates/device_identityinsecure.crt', error 2: No such file or directory
11-19 23:54:01.973 E/DeviceAuthenticator(13333): ERROR: java.lang.RuntimeException: devicecert returned error FILESYSTEM_ERROR
11-19 23:54:01.973 E/DeviceAuthenticator(13333): 
11-19 23:54:01.973 E/DeviceAuthenticator(13333): com.facebook.mos.sdk.devicecert.DeviceIdentityException: java.lang.RuntimeException: devicecert returned error FILESYSTEM_ERROR
11-19 23:54:01.973 E/DeviceAuthenticator(13333): 
11-19 23:54:01.974 I/WifiClientModeImpl( 1186): Default Gateway MAC address of 6c:cd:d6:25:63:2a from routes is : 6c:cd:d6:25:63:2a
11-19 23:54:01.991 W/resolv  (  462): SSL_connect ssl error =5, mark 0xf0081: Connection refused
11-19 23:54:01.992 W/resolv  (  462): Validation failed
11-19 23:54:02.000 D/WifiConfigStore( 1186): Writing to stores completed in 21 ms.
11-19 23:54:02.009 E/QMI_FW  ( 1042): qmi_cci_get_ref: ref count increased 2
11-19 23:54:02.012 D/WifiMemoryStoreImpl( 1186): Set cluster Ga6eb8feabe7908d4 for W958a1754935a727: SUCCESS
11-19 23:54:02.023 E/QMI_FW  ( 1042): qmi_cci_get_ref: ref count increased 2
11-19 23:54:02.025 E/WifiClientModeImpl( 1186): getScanResults scanRes.BSSID = 12:d7:96:61:85:9f
11-19 23:54:02.025 E/WifiClientModeImpl( 1186): getScanResults scanRes.BSSID = 5e:6e:be:46:77:d7
11-19 23:54:02.026 E/WifiClientModeImpl( 1186): getScanResults scanRes.BSSID = 2c:57:41:86:6c:01
11-19 23:54:02.026 E/WifiClientModeImpl( 1186): getScanResults scanRes.BSSID = fe:2d:5a:49:61:eb
11-19 23:54:02.026 E/WifiClientModeImpl( 1186): getScanResults scanRes.BSSID = 2c:57:41:86:8a:a1
11-19 23:54:02.026 E/WifiClientModeImpl( 1186): getScanResults scanRes.BSSID = c6:82:9b:4e:b3:9e
11-19 23:54:02.026 E/WifiClientModeImpl( 1186): getScanResults scanRes.BSSID = 6c:cd:d6:25:63:2a
11-19 23:54:02.026 E/QMI_FW  ( 1042): qmi_cci_get_ref: ref count increased 2
11-19 23:54:02.026 I/WifiClientModeImpl( 1186): Current network: "MTBF_Lab"WPA_PSK
11-19 23:54:02.027 E/QMI_FW  ( 1042): qmi_cci_get_ref: ref count increased 2
11-19 23:54:02.028 D/PhoneInterfaceManager( 1984): setModemActivityInfo
11-19 23:54:02.028 D/FbSideCarManager( 1984): setModemActivityInfo
11-19 23:54:02.028 D/FbSideCarManager( 1984): setModemActivityInfo
11-19 23:54:02.029 D/WirelessInsightServiceImpl( 1984): setModemActivityInfo
11-19 23:54:02.029 D/FbSideCarManager( 1984): setModemActivityInfoInternal success
11-19 23:54:02.029 D/PhoneInterfaceManager( 1984): setModemActivityInfo: success.
11-19 23:54:02.029 D/WirelessInsightServiceImpl( 1984): notifyListeners: listeners = 0, modemActivityInfo = ModemActivityInfo{ mTimestamp=29129753 mSleepTimeMs=18456620 mIdleTimeMs=162852 mTransmitPowerInfo[]=[TransmitPower{ mTimeInMillis=24 mPowerRangeInDbm={-2147483648,0}}, TransmitPower{ mTimeInMillis=400492 mPowerRangeInDbm={0,5}}, TransmitPower{ mTimeInMillis=3527 mPowerRangeInDbm={5,15}}, TransmitPower{ mTimeInMillis=18198 mPowerRangeInDbm={15,20}}, TransmitPower{ mTimeInMillis=233189 mPowerRangeInDbm={20,2147483647}}] mRxTimeMs=9819832}
11-19 23:54:02.032 I/SupplicantStaIfaceHal( 1186): cleared linked networks
11-19 23:54:02.038 E/QMI_FW  ( 1042): qmi_cci_get_ref: ref count increased 2
11-19 23:54:02.047 I/chatty  ( 1042): uid=1001(radio) main identical 5 lines
11-19 23:54:02.048 E/QMI_FW  ( 1042): qmi_cci_get_ref: ref count increased 2
11-19 23:54:02.055 E/QMI_FW  ( 1042): qmi_cci_get_ref: ref count increased 2
11-19 23:54:02.558 D/commandrouter( 1006): rtc_sync (1, rtc:sync): <ServiceRequest> FORWARDED (remote -> local) service client ID = 0, token ID = 35676
11-19 23:54:02.078 I/chatty  ( 1042): uid=1001(radio) main identical 6 lines
11-19 23:54:02.082 E/QMI_FW  ( 1042): qmi_cci_get_ref: ref count increased 2
11-19 23:54:02.558 D/vendor.facebook.rtc_sync@1.0-service( 1145): Request req_ts=1637366042550093484 resp_ts=1637366042558514834
11-19 23:54:02.558 D/commandrouter( 1006): SocServiceHandle::onServiceMessage, SoC Service = rtc_sync, appType = 1, type = SVC_RESP, clientId = 0, token = 35676, payloadLen = 8, result = 0, payload.size() = 8
11-19 23:54:02.681 I/Nat464Xlat( 1186): Android Xlat is disabled
11-19 23:54:02.682 D/QCNEJ/WlanStaInfoRelay( 1907): Received action: android.net.wifi.LINK_CONFIGURATION_CHANGED
11-19 23:54:02.682 E/QCNEJ/WlanStaInfoRelay( 1907): update link properties given null lp
11-19 23:54:02.766 D/QCNEJ/NativeHalConnector( 1907): -> SND notifyWifiAvailable(v4Connected = truev6Connected = , false, isAndroidValidated = true)
11-19 23:54:04.206 D/WearableConnectivityManager( 2594): onWifiStrengthChange: -33
11-19 23:54:04.207 D/QCNEJ/WlanStaInfoRelay( 1907): Received action: android.net.wifi.RSSI_CHANGED
11-19 23:54:04.218 V/LigerRadioStatsReporter( 2357): onCapabilitiesChanged: Network capabilities changed
11-19 23:54:04.218 V/LigerRadioStatsReporter( 2357): reportAndCheckpointRadioStats
11-19 23:54:04.219 V/LigerRadioStatsReporter( 2357): +++++++++++ RADIO STATS DUMP +++++++++++
11-19 23:54:04.219 V/LigerRadioStatsReporter( 2357): totalActiveRadioTimeMs=0
11-19 23:54:04.219 V/LigerRadioStatsReporter( 2357): totalTailRadioTimeMs=13995
11-19 23:54:04.219 V/LigerRadioStatsReporter( 2357): totalWakeupCount=0
11-19 23:54:04.219 V/LigerRadioStatsReporter( 2357): httpUpBytes=0
11-19 23:54:04.219 V/LigerRadioStatsReporter( 2357): httpDownBytes=0
11-19 23:54:04.219 V/LigerRadioStatsReporter( 2357): httpWakeupCount=0
11-19 23:54:04.219 V/LigerRadioStatsReporter( 2357): httpRequestCount=0
11-19 23:54:04.219 V/LigerRadioStatsReporter( 2357): httpActiveRadioTimeMs=0
11-19 23:54:04.219 V/LigerRadioStatsReporter( 2357): httpTailRadioTimeMs=13995
11-19 23:54:04.219 V/LigerRadioStatsReporter( 2357): reportAndCheckpointRadioStats: Tx=0
11-19 23:54:04.219 V/LigerRadioStatsReporter( 2357): reportAndCheckpointRadioStats: Rx=0
11-19 23:54:04.219 V/LigerRadioStatsReporter( 2357): reportAndCheckpointRadioStats: Uids=10027
11-19 23:54:04.219 V/LigerRadioStatsReporter( 2357): reportAndCheckpointRadioStats: Tags=null
11-19 23:54:06.722 D/mcu_health_checker(  934): Sent MCU Health Request
11-19 23:54:02.681 I/Nat464Xlat( 1186): Android Xlat is disabled
11-19 23:54:06.722 D/commandrouter( 1006): SocServiceHandle::onServiceMessage, SoC Service = mcu_healthcheck_934, appType = 1, type = SVC_REQ, clientId = 0, token = 484, payloadLen = 20, result = 0, payload.size() = 20
11-19 23:54:06.726 D/commandrouter( 1006): mcu_healthcheck_934 (1, merlot:mcu_health:control): <ServiceResponse> FORWARDED (remote -> local) CR token ID = 484, service client ID = 5, token ID = 15658, result = 0
11-19 23:54:06.726 D/mcu_health_checker(  934): MCU Health Response: MCU_OK
11-19 23:54:06.726 D/mcu_health_checker(  934): MCU Session 0, uptime = 29096817 ms
11-19 23:54:06.726 D/mcu_health_checker(  934): mSensorErrs[0]: 0
11-19 23:54:06.726 D/mcu_health_checker(  934): mSensorErrs[1]: 0
11-19 23:54:06.726 D/mcu_health_checker(  934): mSensorErrs[2]: 0
11-19 23:54:07.842 E/QMI_FW  ( 1042): qmi_cci_get_ref: ref count increased 2
11-19 23:54:07.843 E/QMI_FW  ( 1042): qmi_cci_get_ref: ref count increased 2
11-19 23:54:07.843 E/QMI_FW  ( 1042): qmi_cci_get_ref: ref count increased 2
11-19 23:54:09.827 D/mcu_health_checker( 1029): Sent MCU Health Request
11-19 23:54:09.828 D/commandrouter( 1006): SocServiceHandle::onServiceMessage, SoC Service = mcu_healthcheck_1029, appType = 1, type = SVC_REQ, clientId = 0, token = 969, payloadLen = 12, result = 0, payload.size() = 12
11-19 23:54:09.832 D/commandrouter( 1006): mcu_healthcheck_1029 (1, merlot:mcu_health:control): <ServiceResponse> FORWARDED (remote -> local) CR token ID = 969, service client ID = 40, token ID = 15659, result = 0
11-19 23:54:09.833 D/mcu_health_checker( 1029): MCU Health Response: MCU_OK
11-19 23:54:09.833 D/mcu_health_checker( 1029): MCU Session 0, uptime = 29099922 ms
11-19 23:54:09.833 D/mculinkhealth( 1029): isMcuReachable 1 (5 ms)
11-19 23:54:10.749 D/AppStorageManager( 1186): BEFORE:: Previous Size: 1035087872 Current Size: 1034895360
11-19 23:54:10.749 D/AppStorageManager( 1186): AFTER:: Previous Size: 1034895360 Current Size: 1034895360
11-19 23:54:11.515 I/mcucapture( 1400): 29100593 [info   ] {gst }: 0 WRIST_TILT, 0 WRIST_DOWN gestures were triggered since last update
11-19 23:54:12.563 D/commandrouter( 1006): rtc_sync (1, rtc:sync): <ServiceRequest> FORWARDED (remote -> local) service client ID = 0, token ID = 35677
11-19 23:54:12.563 D/vendor.facebook.rtc_sync@1.0-service( 1145): Request req_ts=1637366052549514834 resp_ts=1637366052563234101
11-19 23:54:12.563 D/commandrouter( 1006): SocServiceHandle::onServiceMessage, SoC Service = rtc_sync, appType = 1, type = SVC_RESP, clientId = 0, token = 35677, payloadLen = 8, result = 0, payload.size() = 8
11-19 23:54:13.068 E/QMI_FW  ( 1042): qmi_cci_get_ref: ref count increased 2
11-19 23:54:13.069 E/QMI_FW  ( 1042): qmi_cci_get_ref: ref count increased 2
11-19 23:54:13.080 I/WearableConnectivityManager( 2594): LTE Signal strength is: 2
11-19 23:54:13.080 I/WearableConnectivityManager( 2594): Cellular Signal strength is: 2
