11-19 17:15:11.147 D/vendor.facebook.rtc_sync@1.0-service( 1145): Request req_ts=1637342111142151571 resp_ts=1637342111147697036
11-19 17:15:11.148 D/commandrouter( 1006): SocServiceHandle::onServiceMessage, SoC Service = rtc_sync, appType = 1, type = SVC_RESP, clientId = 0, token = 33283, payloadLen = 8, result = 0, payload.size() = 8
11-19 17:15:17.713 I/chatty  ( 1186): uid=1000(system) WifiScanningSer expire 3 lines
11-19 17:15:17.716 I/chatty  ( 1026): uid=1021(gps) lowi-server expire 300 lines
11-19 17:15:17.717 V/WifiHAL (  544): event received NL80211_CMD_TRIGGER_SCAN
11-19 17:15:17.864 V/WifiHAL (  544): event received NL80211_CMD_NEW_SCAN_RESULTS
11-19 17:15:17.865 I/chatty  ( 1186): uid=1000(system) Binder:1186_E expire 3 lines
11-19 17:15:17.881 I/chatty  ( 1026): uid=1021(gps) lowi-server expire 7 lines
11-19 17:15:18.302 D/ConnectivityService( 1186): requestNetwork for uid/pid:10004/3559 NetworkRequest [ TRACK_DEFAULT id=80, [ Capabilities: INTERNET&NOT_RESTRICTED&TRUSTED Uid: 10004 AdministratorUids: [] RequestorUid: 10004 RequestorPackageName: com.facebook.wearable.system.telecom] ]
11-19 17:15:18.303 D/ConnectivityService( 1186): NetReassign [80 : null → 111]
11-19 17:15:18.308 D/PhoneSwitcherNetworkRequstListener( 1984): got request NetworkRequest [ TRACK_DEFAULT id=80, [ Capabilities: INTERNET&NOT_RESTRICTED&TRUSTED Uid: 10004 AdministratorUids: [] RequestorUid: 10004 RequestorPackageName: com.facebook.wearable.system.telecom] ] with score 60 and providerId 1
11-19 17:15:18.342 D/FacebookRepository( 3559): Reading from Store [688175592090415]
11-19 17:15:18.342 D/FacebookRepository( 3559): Requesting from Content Provider [688175592090415]
11-19 17:15:18.350 D/FacebookProvider( 2753): Starting SSO Network Fetch for 688175592090415
11-19 17:15:18.350 I/AccountsContentProvider( 2753): No Primary Account. Accounts Error [content://com.facebook.wearable.system.accounts.AccountsContentProvider/facebook/688175592090415]
11-19 17:15:18.351 E/DatabaseUtils( 2753): Writing exception to parcel
11-19 17:15:18.351 E/DatabaseUtils( 2753): java.lang.IllegalStateException: No Primary Account
11-19 17:15:18.351 E/DatabaseUtils( 2753): 	at com.facebook.secure.content.AbstractContentProvider.doQuery(:284)
11-19 17:15:18.351 E/DatabaseUtils( 2753): 	at com.facebook.secure.content.AbstractContentProvider.query(:8)
11-19 17:15:18.351 E/DatabaseUtils( 2753): 	at android.content.ContentProvider.query(ContentProvider.java:1474)
11-19 17:15:18.351 E/DatabaseUtils( 2753): 	at android.content.ContentProvider$Transport.query(ContentProvider.java:278)
11-19 17:15:18.351 E/DatabaseUtils( 2753): 	at android.content.ContentProviderNative.onTransact(ContentProviderNative.java:106)
11-19 17:15:18.351 E/DatabaseUtils( 2753): 	at android.os.Binder.execTransactInternal(Binder.java:1154)
11-19 17:15:18.351 E/DatabaseUtils( 2753): 	at android.os.Binder.execTransact(Binder.java:1123)
11-19 17:15:18.352 E/UntetheredRelayCrypt( 3559): untethered relay key upload failed: java.lang.IllegalStateException: No Primary Account
11-19 17:15:18.353 W/WearableUntetheredRelayCrypt( 3559): Could not upload public key, will retry
11-19 17:15:18.355 I/WM-WorkerWrapper( 3559): Worker result RETRY for Work [ id=7d7664fd-bce7-4215-a0e1-777872d66999, tags={ com.facebook.wearable.system.telecom.messaging.untethered.e2ee.WearableUntetheredRelayCrypt$InitialKeypairRotationWorker, com.facebook.wearable.system.telecom.messaging.untethered.e2ee.InitialKeypairRotationWorker } ]
11-19 17:15:18.355 D/FacebookRepository( 3559): Reading from Store [688175592090415]
11-19 17:15:18.359 D/ConnectivityService( 1186): releasing NetworkRequest [ TRACK_DEFAULT id=80, [ Capabilities: INTERNET&NOT_RESTRICTED&TRUSTED Uid: 10004 AdministratorUids: [] RequestorUid: 10004 RequestorPackageName: com.facebook.wearable.system.telecom] ] (release request)
11-19 17:15:19.211 D/UIAutomatorStub( 5940): URI: /jsonrpc/0, Method: POST, Header: {content-length=102, remote-addr=127.0.0.1, http-client-ip=127.0.0.1, host=localhost:9012, content-type=application/json, accept-encoding=identity}, params, {NanoHttpd.QUERY_STRING=null}, files: {postData={"jsonrpc": "2.0", "method": "pressKey", "id": "5c878369cd91ab82c6335a563ebb91c2", "params": ["back"]}}
11-19 17:15:19.236 D/AutofillManagerService( 1186): onBackKeyPressed()
11-19 17:15:19.272 D/UIAutomatorStub( 5940): URI: /jsonrpc/0, Method: POST, Header: {content-length=102, remote-addr=127.0.0.1, http-client-ip=127.0.0.1, host=localhost:9012, content-type=application/json, accept-encoding=identity}, params, {NanoHttpd.QUERY_STRING=null}, files: {postData={"jsonrpc": "2.0", "method": "pressKey", "id": "661e829ebbe0d1bc45dce9c7cf82993c", "params": ["back"]}}
11-19 17:15:19.729 I/vendor.rmt_storage(  621): rmt_storage_connect_cb: clnt_h=0x18 conn_h=0x9ea89030
11-19 17:15:19.729 I/vendor.rmt_storage(  621): rmt_storage_rw_iovec_cb: /boot/modem_fs2: req_h=0x18 msg_id=3: R/W request received (wr_count 16)
11-19 17:15:19.729 I/vendor.rmt_storage(  621): wakelock acquired: 1, error no: 11
11-19 17:15:19.729 I/vendor.rmt_storage(  621): rmt_storage_client_thread: /boot/modem_fs2: Unblock worker thread (th_id: -1645932096)
11-19 17:15:19.810 I/vendor.rmt_storage(  621): rmt_storage_client_thread: /boot/modem_fs2: req_h=0x18 msg_id=3: Bytes written = 1572864, wr_count 16
11-19 17:15:19.810 I/vendor.rmt_storage(  621): rmt_storage_client_thread: /boot/modem_fs2: req_h=0x18 msg_id=3: Send response: res=0 err=0, wr_count 16
11-19 17:15:19.810 I/vendor.rmt_storage(  621): rmt_storage_client_thread: /boot/modem_fs2: About to block rmt_storage client thread (th_id: -1645932096) wakelock released: 1, error no: 0
11-19 17:15:19.810 I/vendor.rmt_storage(  621): 
11-19 17:15:19.813 I/vendor.rmt_storage(  621): rmt_storage_disconnect_cb: clnt_h=0x18 conn_h=0x9ea89030
11-19 17:15:19.821 D/UIAutomatorStub( 5940): URI: /jsonrpc/0, Method: POST, Header: {content-length=102, remote-addr=127.0.0.1, http-client-ip=127.0.0.1, host=localhost:9012, content-type=application/json, accept-encoding=identity}, params, {NanoHttpd.QUERY_STRING=null}, files: {postData={"jsonrpc": "2.0", "method": "pressKey", "id": "18d2a5466c2d970705ee489f31ab98b5", "params": ["back"]}}
11-19 17:15:20.338 I/chatty  ( 1186): uid=1000 system_server expire 1 line
11-19 17:15:20.350 D/ComplicationController( 2594): Starting complication controller. Face Type: OdysseyWatchFace
11-19 17:15:20.368 E/DayDateSystemComplicationProvider( 2594): Updating Day Date System Complication
11-19 17:15:20.368 D/ComplicationDataManagerImpl( 2594): Updating complication data for package: com.facebook.wearable.apps.calendar, id: com.facebook.wearable.apps.calendar.DAY_DATE_COMPLICATION
11-19 17:15:20.369 D/ComplicationDataManagerImpl( 2594): Updating complication data for package: com.facebook.wearable.apps.workout, id: com.facebook.wearable.apps.workout.SHORTCUT_COMPLICATION
11-19 17:15:20.369 D/ComplicationDataManagerImpl( 2594): Updating complication data for package: com.facebook.wearable.apps.clock, id: com.facebook.wearable.apps.clock.SHORTCUT_COMPLICATION
11-19 17:15:20.369 D/ComplicationDataManagerImpl( 2594): Updating complication data for package: com.facebook.wearable.apps.player, id: com.facebook.wearable.apps.player.SHORTCUT_COMPLICATION
11-19 17:15:20.369 D/ComplicationDataManagerImpl( 2594): Updating complication data for package: com.facebook.wearable.apps.weather, id: com.facebook.wearable.apps.weather.SHORTCUT_COMPLICATION
11-19 17:15:20.369 D/ComplicationDataManagerImpl( 2594): Updating complication data for package: com.facebook.wearable.apps.gallery, id: com.facebook.wearable.apps.gallery.SHORTCUT_COMPLICATION
11-19 17:15:20.369 D/ComplicationDataManagerImpl( 2594): Updating complication data for package: com.facebook.wearable.apps.calendar, id: com.facebook.wearable.apps.calendar.SHORTCUT_COMPLICATION
11-19 17:15:20.369 D/ComplicationDataManagerImpl( 2594): Updating complication data for package: com.facebook.wearable.apps.heart, id: com.facebook.wearable.apps.heart.HEART_RATE
11-19 17:15:20.373 D/ComplicationDataManagerImpl( 2594): Fetching complication data for package: com.facebook.wearable.apps.calendar, com.facebook.wearable.apps.calendar.DAY_DATE_COMPLICATION.
11-19 17:15:20.374 D/ComplicationDataManagerImpl( 2594): Fetching complication data for package: com.facebook.wearable.apps.player, com.facebook.wearable.apps.player.SHORTCUT_COMPLICATION.
11-19 17:15:20.374 D/ComplicationDataManagerImpl( 2594): Fetching complication data for package: com.facebook.wearable.apps.gallery, com.facebook.wearable.apps.gallery.SHORTCUT_COMPLICATION.
11-19 17:15:20.375 D/ComplicationDataManagerImpl( 2594): Fetching complication data for package: com.facebook.wearable.apps.heart, com.facebook.wearable.apps.heart.HEART_RATE.
11-19 17:15:20.384 D/LauncherActivity( 2594): onResume: Intent { cat=[android.intent.category.DEFAULT] flg=0x10020000 cmp=com.facebook.wearable.system.launcher/.LauncherActivity }
11-19 17:15:20.385 D/LauncherIntentProcessor( 2594): processLauncherActivityIntent: Intent { cat=[android.intent.category.DEFAULT] flg=0x10020000 cmp=com.facebook.wearable.system.launcher/.LauncherActivity }
11-19 17:15:20.393 D/TetheredPhoneUtil( 2594): Retrieving the tethered phone status
11-19 17:15:20.395 D/TetheredPhoneUtil( 2594): Found tethered phone status: false
11-19 17:15:20.407 D/FacebookRepository( 2594): Reading from Store [250223709649332]
11-19 17:15:20.428 I/chatty  ( 1186): uid=1000(system) ActivityManager expire 16 lines
11-19 17:15:20.496 I/chatty  ( 1186): uid=1000(system) Binder:1186_1A expire 10 lines
11-19 17:15:20.761 D/UIAutomatorStub( 5940): URI: /jsonrpc/0, Method: POST, Header: {content-length=102, remote-addr=127.0.0.1, http-client-ip=127.0.0.1, host=localhost:9012, content-type=application/json, accept-encoding=identity}, params, {NanoHttpd.QUERY_STRING=null}, files: {postData={"jsonrpc": "2.0", "method": "pressKey", "id": "a84e3469881dce4dabc5ad260e3ab0e2", "params": ["back"]}}
11-19 17:15:19.767 I/chatty  ( 1186): uid=1000(system) android.ui identical 1 line
11-19 17:15:20.293 D/AutofillManagerService( 1186): onBackKeyPressed()
11-19 17:15:21.144 D/commandrouter( 1006): rtc_sync (1, rtc:sync): <ServiceRequest> FORWARDED (remote -> local) service client ID = 0, token ID = 33284
11-19 17:15:21.144 D/vendor.facebook.rtc_sync@1.0-service( 1145): Request req_ts=1637342121138697036 resp_ts=1637342121144727241
11-19 17:15:21.145 D/commandrouter( 1006): SocServiceHandle::onServiceMessage, SoC Service = rtc_sync, appType = 1, type = SVC_RESP, clientId = 0, token = 33284, payloadLen = 8, result = 0, payload.size() = 8
11-19 17:15:21.539 D/AutofillManagerService( 1186): onBackKeyPressed()
11-19 17:15:21.541 D/LauncherActivity( 2594): onKeyUp() called with keycode:4, event: KeyEvent { action=ACTION_UP, keyCode=KEYCODE_BACK, scanCode=0, metaState=0, flags=0x200, repeatCount=0, eventTime=5209238, downTime=5209238, deviceId=-1, source=0x101, displayId=-1 }
11-19 17:15:22.173 W/ActivityManager( 1186): Invalid packageName: com.facebook.wearable.system.settings/com.facebook.wearable.system.settings.SettingsActivity
11-19 17:15:22.286 I/ActivityTaskManager( 1186): START u0 {flg=0x10000000 cmp=com.facebook.wearable.system.settings/.SettingsActivity} from uid 0
11-19 17:15:22.291 E/ANDR-PERF-OPTSHANDLER(  552): Perflock resource /proc/sys/kernel/sched_group_downmigrate not supported
11-19 17:15:22.291 E/ANDR-PERF-RESOURCEQS(  552): Failed to apply optimization [3, 22]
11-19 17:15:22.291 E/ANDR-PERF-OPTSHANDLER(  552): Perflock resource /proc/sys/kernel/sched_group_upmigrate not supported
11-19 17:15:22.291 E/ANDR-PERF-RESOURCEQS(  552): Failed to apply optimization [3, 21]
11-19 17:15:22.291 E/ANDR-PERF-OPTSHANDLER(  552): Perflock resource /sys/module/lpm_levels/parameters/bias_hyst not supported
11-19 17:15:22.291 E/ANDR-PERF-RESOURCEQS(  552): Failed to apply optimization [1, 2]
11-19 17:15:22.291 E/ANDR-PERF-OPTSHANDLER(  552): Failed to read /proc/sys/kernel/sched_downmigrate
11-19 17:15:22.291 E/ANDR-PERF-RESOURCEQS(  552): Failed to apply optimization [3, 8]
11-19 17:15:22.291 E/ANDR-PERF-OPTSHANDLER(  552): Failed to read /proc/sys/kernel/sched_upmigrate
11-19 17:15:22.291 E/ANDR-PERF-RESOURCEQS(  552): Failed to apply optimization [3, 7]
11-19 17:15:22.304 I/ActivityTaskManager( 1186): The Process com.facebook.wearable.system.settings Already Exists in BG. So sending its PID: 2711
11-19 17:15:22.304 W/ActivityTaskManager( 1186): Tried to set launchTime (0) < mLastActivityLaunchTime (5179006)
11-19 17:15:22.322 D/LauncherActivity( 2594): onPause
11-19 17:15:22.362 D/FacebookProvider( 2753): Starting SSO Network Fetch for 263529928325379
11-19 17:15:22.363 I/AccountsContentProvider( 2753): No Primary Account. Accounts Error [content://com.facebook.wearable.system.accounts.AccountsContentProvider/facebook/263529928325379]
11-19 17:15:22.364 E/DatabaseUtils( 2753): Writing exception to parcel
11-19 17:15:22.364 E/DatabaseUtils( 2753): java.lang.IllegalStateException: No Primary Account
11-19 17:15:22.364 E/DatabaseUtils( 2753): 	at com.facebook.secure.content.AbstractContentProvider.doQuery(:284)
11-19 17:15:22.364 E/DatabaseUtils( 2753): 	at com.facebook.secure.content.AbstractContentProvider.query(:8)
11-19 17:15:22.364 E/DatabaseUtils( 2753): 	at android.content.ContentProvider.query(ContentProvider.java:1474)
11-19 17:15:22.364 E/DatabaseUtils( 2753): 	at android.content.ContentProvider$Transport.query(ContentProvider.java:278)
11-19 17:15:22.364 E/DatabaseUtils( 2753): 	at android.content.ContentProviderNative.onTransact(ContentProviderNative.java:106)
11-19 17:15:22.364 E/DatabaseUtils( 2753): 	at android.os.Binder.execTransactInternal(Binder.java:1154)
11-19 17:15:22.364 E/DatabaseUtils( 2753): 	at android.os.Binder.execTransact(Binder.java:1123)
11-19 17:15:22.366 E/AccountsViewModel( 2711): AccountsViewModel.flow failed: No Primary Account
11-19 17:15:22.366 E/AccountsViewModel( 2711): java.lang.IllegalStateException: No Primary Account
11-19 17:15:22.366 E/AccountsViewModel( 2711): 	at android.os.Parcel.createExceptionOrNull(Parcel.java:2381)
11-19 17:15:22.366 E/AccountsViewModel( 2711): 	at android.os.Parcel.createException(Parcel.java:2357)
11-19 17:15:22.366 E/AccountsViewModel( 2711): 	at android.os.Parcel.readException(Parcel.java:2340)
11-19 17:15:22.366 E/AccountsViewModel( 2711): 	at android.database.DatabaseUtils.readExceptionFromParcel(DatabaseUtils.java:190)
11-19 17:15:22.366 E/AccountsViewModel( 2711): 	at android.database.DatabaseUtils.readExceptionFromParcel(DatabaseUtils.java:142)
11-19 17:15:22.366 E/AccountsViewModel( 2711): 	at android.content.ContentProviderProxy.query(ContentProviderNative.java:472)
11-19 17:15:22.366 E/AccountsViewModel( 2711): 	at android.content.ContentResolver.query(ContentResolver.java:1185)
11-19 17:15:22.366 E/AccountsViewModel( 2711): 	at android.content.ContentResolver.query(ContentResolver.java:1116)
11-19 17:15:22.366 E/AccountsViewModel( 2711): 	at com.facebook.wearable.common.accounts.contract.WearableAccountsContractRequest.query(:51)
11-19 17:15:22.366 E/AccountsViewModel( 2711): 	at kotlin.coroutines.jvm.internal.BaseContinuationImpl.invokeSuspend(:95489)
11-19 17:15:22.366 E/AccountsViewModel( 2711): 	at com.facebook.wearable.common.accounts.WearableAccountsKt$fb$1.invoke(:9)
11-19 17:15:22.366 E/AccountsViewModel( 2711): 	at com.facebook.wearable.common.coroutines.lazy.LazyAsync.get(:101)
11-19 17:15:22.366 E/AccountsViewModel( 2711): 	at kotlin.coroutines.jvm.internal.BaseContinuationImpl.invokeSuspend(:96596)
11-19 17:15:22.366 E/AccountsViewModel( 2711): 	at com.facebook.wearable.system.settings.accounts.AccountsViewModel$wearableAccountFlow$1.invoke(:11)
11-19 17:15:22.366 E/AccountsViewModel( 2711): 	at kotlinx.coroutines.flow.AbstractFlow.collect$rvp0$0(:72)
11-19 17:15:22.366 E/AccountsViewModel( 2711): 	at kotlin.coroutines.jvm.internal.BaseContinuationImpl.invokeSuspend(:95417)
11-19 17:15:22.366 E/AccountsViewModel( 2711): 	at kotlinx.coroutines.flow.FlowKt__ShareKt$launchSharing$1$2.invoke(Unknown Source:10)
11-19 17:15:22.366 E/AccountsViewModel( 2711): 	at kotlin.coroutines.jvm.internal.BaseContinuationImpl.invokeSuspend(:96715)
11-19 17:15:22.366 E/AccountsViewModel( 2711): 	at kotlinx.coroutines.flow.FlowKt__MergeKt$mapLatest$1.invoke(Unknown Source:15)
11-19 17:15:22.366 E/AccountsViewModel( 2711): 	at kotlin.coroutines.jvm.internal.BaseContinuationImpl.invokeSuspend(:96820)
11-19 17:15:22.366 E/AccountsViewModel( 2711): 	at kotlinx.coroutines.flow.internal.ChannelFlowTransformLatest$flowCollect$3$1$2.invoke(Unknown Source:10)
11-19 17:15:22.366 E/AccountsViewModel( 2711): 	at kotlinx.coroutines.CoroutineStart.invoke(:32)
11-19 17:15:22.366 E/AccountsViewModel( 2711): 	at kotlinx.coroutines.BuildersKt__Builders_commonKt.launch(:15)
11-19 17:15:22.366 E/AccountsViewModel( 2711): 	at kotlinx.coroutines.flow.internal.ChannelFlowTransformLatest$flowCollect$3$invokeSuspend$$inlined$collect$1.emit(:56)
11-19 17:15:22.366 E/AccountsViewModel( 2711): 	at kotlinx.coroutines.flow.DistinctFlowImpl$collect$$inlined$collect$1.emit(:74)
11-19 17:15:22.366 E/AccountsViewModel( 2711): 	at kotlinx.coroutines.flow.FlowKt__LimitKt$dropWhile$lambda-4$$inlined$collect$1.emit(:114)
11-19 17:15:22.366 E/AccountsViewModel( 2711): 	at kotlinx.coroutines.flow.FlowKt__ChannelsKt.emitAllImpl$FlowKt__ChannelsKt(:123)
11-19 17:15:22.366 E/AccountsViewModel( 2711): 	at kotlin.coroutines.jvm.internal.BaseContinuationImpl.invokeSuspend(:96917)
11-19 17:15:22.366 E/AccountsViewModel( 2711): 	at kotlin.coroutines.jvm.internal.BaseContinuationImpl.resumeWith(:5)
11-19 17:15:22.366 E/AccountsViewModel( 2711): 	at kotlinx.coroutines.DispatchedTask.run(:131)
11-19 17:15:22.366 E/AccountsViewModel( 2711): 	at java.util.concurrent.Executors$RunnableAdapter.call(Executors.java:462)
11-19 17:15:22.366 E/AccountsViewModel( 2711): 	at java.util.concurrent.FutureTask.run(FutureTask.java:266)
11-19 17:15:22.366 E/AccountsViewModel( 2711): 	at com.facebook.wearable.common.executors.DelayedFutureTask.run(:22)
11-19 17:15:22.366 E/AccountsViewModel( 2711): 	at java.util.concurrent.ThreadPoolExecutor.runWorker(ThreadPoolExecutor.java:1167)
11-19 17:15:22.366 E/AccountsViewModel( 2711): 	at java.util.concurrent.ThreadPoolExecutor$Worker.run(ThreadPoolExecutor.java:641)
11-19 17:15:22.366 E/AccountsViewModel( 2711): 	at com.facebook.wearable.common.executors.NamedThreadFactory$1.run(:7)
11-19 17:15:22.387 D/TetheredPhoneUtil( 2594): Retrieving the tethered phone status
11-19 17:15:22.392 D/TetheredPhoneUtil( 2594): Found tethered phone status: false
11-19 17:15:22.429 E/StatusBarClientConnection( 2711): Service connected
11-19 17:15:22.456 W/View    ( 2711): requestLayout() improperly called by android.view.View{839da7c V.ED..... ......I. 0,368-474,474} during layout: running second layout pass
11-19 17:15:22.475 W/View    ( 2711): requestLayout() improperly called by com.facebook.wearable.common.wds.listview.WdsListView{f3009bd V.E..V... ........ 0,0-474,474} during second layout pass: posting in next frame
11-19 17:15:22.819 D/ComplicationController( 2594): Stopping complication controller.
11-19 17:15:22.823 D/ComplicationDataManagerImpl( 2594): Fetching complication data for package: com.facebook.wearable.apps.calendar, com.facebook.wearable.apps.calendar.DAY_DATE_COMPLICATION.
11-19 17:15:22.824 D/ComplicationDataManagerImpl( 2594): Fetching complication data for package: com.facebook.wearable.apps.player, com.facebook.wearable.apps.player.SHORTCUT_COMPLICATION.
11-19 17:15:22.824 D/ComplicationDataManagerImpl( 2594): Fetching complication data for package: com.facebook.wearable.apps.gallery, com.facebook.wearable.apps.gallery.SHORTCUT_COMPLICATION.
11-19 17:15:22.824 D/ComplicationDataManagerImpl( 2594): Fetching complication data for package: com.facebook.wearable.apps.heart, com.facebook.wearable.apps.heart.HEART_RATE.
11-19 17:15:22.828 I/chatty  ( 1186): uid=1000(system) Binder:1186_8 expire 9 lines
11-19 17:15:23.115 D/AppStorageManager( 1186): BEFORE:: Previous Size: 1063034880 Current Size: 1063309312
11-19 17:15:23.115 D/AppStorageManager( 1186): AFTER:: Previous Size: 1063309312 Current Size: 1063309312
11-19 17:15:23.369 D/UIAutomatorStub( 5940): URI: /jsonrpc/0, Method: POST, Header: {content-length=192, remote-addr=127.0.0.1, http-client-ip=127.0.0.1, host=localhost:9012, content-type=application/json, accept-encoding=identity}, params, {NanoHttpd.QUERY_STRING=null}, files: {postData={"jsonrpc": "2.0", "method": "waitForExists", "id": "a1b8da041ff4c5867dcafe41c3bf3871", "params": [{"mask": 1, "childOrSibling": [], "childOrSiblingSelector": [], "text": "Notifications"}, 5]}}
11-19 17:15:23.384 D/UIAutomatorStub( 5940): URI: /jsonrpc/0, Method: POST, Header: {content-length=191, remote-addr=127.0.0.1, http-client-ip=127.0.0.1, host=localhost:9012, content-type=application/json, accept-encoding=identity}, params, {NanoHttpd.QUERY_STRING=null}, files: {postData={"jsonrpc": "2.0", "method": "waitForExists", "id": "e1b375599a65a2d4fb2c970b7c2bef8a", "params": [{"mask": 1, "childOrSibling": [], "childOrSiblingSelector": [], "text": "Connectivity"}, 5]}}
11-19 17:15:23.431 D/UIAutomatorStub( 5940): URI: /jsonrpc/0, Method: POST, Header: {content-length=180, remote-addr=127.0.0.1, http-client-ip=127.0.0.1, host=localhost:9012, content-type=application/json, accept-encoding=identity}, params, {NanoHttpd.QUERY_STRING=null}, files: {postData={"jsonrpc": "2.0", "method": "click", "id": "7308936ca4c96ef5dc8b7147e2d73904", "params": [{"mask": 1, "childOrSibling": [], "childOrSiblingSelector": [], "text": "Connectivity"}]}}
11-19 17:15:23.486 W/StatusBarClientConnection( 2711): Messenger is null, ignoring message: { when=-1h26m51s211ms barrier=1 }
11-19 17:15:23.510 E/StatusBarClientConnection( 2711): Service connected
11-19 17:15:23.535 W/View    ( 2711): requestLayout() improperly called by android.view.View{bf3ddd4 V.ED..... ......I. 0,368-474,474} during layout: running second layout pass
11-19 17:15:23.553 W/View    ( 2711): requestLayout() improperly called by com.facebook.wearable.common.wds.listview.WdsListView{9730a6a V.E..V... ........ 0,0-474,474} during second layout pass: posting in next frame
11-19 17:15:24.883 E/TaskPersister( 1186): File error accessing recents directory (directory doesn't exist?).
11-19 17:15:26.531 D/UIAutomatorStub( 5940): URI: /jsonrpc/0, Method: POST, Header: {content-length=183, remote-addr=127.0.0.1, http-client-ip=127.0.0.1, host=localhost:9012, content-type=application/json, accept-encoding=identity}, params, {NanoHttpd.QUERY_STRING=null}, files: {postData={"jsonrpc": "2.0", "method": "waitForExists", "id": "27ba8db263b86bd4a495fb59a1a69a59", "params": [{"mask": 1, "childOrSibling": [], "childOrSiblingSelector": [], "text": "WiFi"}, 5]}}
11-19 17:15:26.555 D/UIAutomatorStub( 5940): URI: /jsonrpc/0, Method: POST, Header: {content-length=172, remote-addr=127.0.0.1, http-client-ip=127.0.0.1, host=localhost:9012, content-type=application/json, accept-encoding=identity}, params, {NanoHttpd.QUERY_STRING=null}, files: {postData={"jsonrpc": "2.0", "method": "click", "id": "1d2e4386bb285d51e28a29c94bda072e", "params": [{"mask": 1, "childOrSibling": [], "childOrSiblingSelector": [], "text": "WiFi"}]}}
11-19 17:15:26.635 W/StatusBarClientConnection( 2711): Messenger is null, ignoring message: { when=-1h26m54s361ms barrier=1 }
11-19 17:15:26.668 E/StatusBarClientConnection( 2711): Service connected
11-19 17:15:26.677 D/WifiConnector( 2870): Network State Changed
11-19 17:15:26.681 W/View    ( 2711): requestLayout() improperly called by android.view.View{d8b76cf V.ED..... ......I. 0,368-474,474} during layout: running second layout pass
11-19 17:15:26.691 D/WifiSharingService( 2870): Starting Wi-Fi scan
11-19 17:15:26.696 W/View    ( 2711): requestLayout() improperly called by com.facebook.wearable.common.wds.listview.WdsListView{258a293 V.E..V... ........ 0,0-474,474} during second layout pass: posting in next frame
11-19 17:15:26.705 V/WifiHAL (  544): event received NL80211_CMD_TRIGGER_SCAN
11-19 17:15:27.286 V/WifiHAL (  544): event received NL80211_CMD_NEW_SCAN_RESULTS
11-19 17:15:27.294 D/LOWI-9.0.0.80( 1026): [LOWI-Scan] decode_rsn_wpa_ie: LOWI_ENCRYPTION_TYPE_WPA_PSK
11-19 17:15:27.294 D/LOWI-9.0.0.80( 1026): [LOWI-Scan] is_qcom_ie, bss_age: 50
11-19 17:15:27.294 D/LOWI-9.0.0.80( 1026): [LOWI-Scan] BSS 2c:57:41:86:8a:a1 LOWI_PHY_MODE_11NG_HT20(5), Beacon Interval: 100, LOWI_ENCRYPTION_TYPE_WPA_PSK 11mcRanging: No, ANQP: No, LCI: No, Civic: No, capability(0x1411): ESS Privacy ShortSlotTime
11-19 17:15:27.294 D/LOWI-9.0.0.80( 1026): [LOWI-Scan] BSS 2c:57:41:86:8a:a1 FREQ: 2412, cFreq1[40:80:160] = [0:0:0] cFreq2 = 0 Country Code = US
11-19 17:15:27.294 D/LOWI-9.0.0.80( 1026): [LOWI-Scan] BSS 2c:57:41:86:8a:a1 (wlan0) ASSO: NO AddInfo: 0x0, TSF 0, 01:26:55.011, RSSI: -144, CPL: 3, AGE: 0,  SSID kittyhawk, TSFDelta: 0x0, TXRate: 0
11-19 17:15:27.298 D/LOWI-9.0.0.80( 1026): [LOWI-Scan] 
11-19 17:15:27.298 D/LOWI-9.0.0.80( 1026): [LOWI-Scan] print_bss_handler: Report beacon TSF 5215011781 as it greater than probe TSF 5186101225
11-19 17:15:27.298 I/LOWI-9.0.0.80( 1026): [LOWI-Scan] RSN_IE
11-19 17:15:27.298 D/LOWI-9.0.0.80( 1026): [LOWI-Scan] decode_rsn_wpa_ie: Entered
11-19 17:15:27.298 D/LOWI-9.0.0.80( 1026): [LOWIUtils] hexDump: msg(30 14 01 00 00 0f ac 04 01 00 00 0f ac 04 01 00 00 0f ac 02 )
11-19 17:15:27.298 D/LOWI-9.0.0.80( 1026): [LOWI-Scan] decode_rsn_wpa_ie: LOWI_ENCRYPTION_TYPE_WPA_PSK
11-19 17:15:27.298 D/LOWI-9.0.0.80( 1026): [LOWI-Scan] is_qcom_ie, bss_age: 57
11-19 17:15:27.298 D/LOWI-9.0.0.80( 1026): [LOWI-Scan] BSS 18:64:72:60:2b:40 LOWI_PHY_MODE_11NG_HT20(5), Beacon Interval: 100, LOWI_ENCRYPTION_TYPE_WPA_PSK 11mcRanging: No, ANQP: No, LCI: No, Civic: No, capability(0x0431): ESS Privacy ShortPreamble ShortSlotTime
11-19 17:15:27.298 D/LOWI-9.0.0.80( 1026): [LOWI-Scan] BSS 18:64:72:60:2b:40 FREQ: 2412, cFreq1[40:80:160] = [0:0:0] cFreq2 = 0 Country Code =    
11-19 17:15:27.298 D/LOWI-9.0.0.80( 1026): [LOWI-Scan] BSS 18:64:72:60:2b:40 (wlan0) ASSO: NO AddInfo: 0x1, TSF 0, 01:26:55.011, RSSI: -140, CPL: 127, AGE: 0,  SSID lab-t24103779, TSFDelta: 0x0, TXRate: 0
11-19 17:15:27.299 D/LOWI-9.0.0.80( 1026): [LOWI-Scan] 
11-19 17:15:27.299 D/LOWI-9.0.0.80( 1026): [LOWI-Scan] print_bss_handler: Report Probe TSF 5215011708 as it greater than Beacon TSF 5015981223
11-19 17:15:27.299 I/LOWI-9.0.0.80( 1026): [LOWI-Scan] RSN_IE
11-19 17:15:27.299 D/LOWI-9.0.0.80( 1026): [LOWI-Scan] decode_rsn_wpa_ie: Entered
11-19 17:15:27.299 D/LOWI-9.0.0.80( 1026): [LOWIUtils] hexDump: msg(30 14 01 00 00 0f ac 04 01 00 00 0f ac 04 01 00 00 0f ac 02 )
11-19 17:15:27.299 D/LOWI-9.0.0.80( 1026): [LOWI-Scan] decode_rsn_wpa_ie: LOWI_ENCRYPTION_TYPE_WPA_PSK
11-19 17:15:27.299 D/LOWI-9.0.0.80( 1026): [LOWI-Scan] is_qcom_ie, bss_age: 43
11-19 17:15:27.299 D/LOWI-9.0.0.80( 1026): [LOWI-Scan] BSS 52:b8:14:37:74:3f LOWI_PHY_MODE_11AC_VHT20_2G(11), Beacon Interval: 100, LOWI_ENCRYPTION_TYPE_WPA_PSK 11mcRanging: No, ANQP: No, LCI: No, Civic: No, capability(0x1431): ESS Privacy ShortPreamble ShortSlotTime
11-19 17:15:27.300 D/LOWI-9.0.0.80( 1026): [LOWI-Scan] BSS 52:b8:14:37:74:3f FREQ: 2417, cFreq1[40:80:160] = [0:0:0] cFreq2 = 0 Country Code =    
11-19 17:15:27.300 D/LOWI-9.0.0.80( 1026): [LOWI-Scan] BSS 52:b8:14:37:74:3f (wlan0) ASSO: NO AddInfo: 0x0, TSF 0, 01:26:55.011, RSSI: -112, CPL: 127, AGE: 0,  SSID Pixel_8668, TSFDelta: 0x0, TXRate: 0
11-19 17:15:27.301 D/LOWI-9.0.0.80( 1026): [LOWI-Scan] 
11-19 17:15:27.301 D/LOWI-9.0.0.80( 1026): [LOWI-Scan] print_bss_handler: Report Probe TSF 5215011915 as it greater than Beacon TSF 5136333452
11-19 17:15:27.301 I/LOWI-9.0.0.80( 1026): [LOWI-Scan] RSN_IE
11-19 17:15:27.301 D/LOWI-9.0.0.80( 1026): [LOWI-Scan] decode_rsn_wpa_ie: Entered
11-19 17:15:27.301 D/LOWI-9.0.0.80( 1026): [LOWIUtils] hexDump: msg(30 14 01 00 00 0f ac 04 01 00 00 0f ac 04 01 00 00 0f ac 02 )
11-19 17:15:27.301 D/LOWI-9.0.0.80( 1026): [LOWI-Scan] decode_rsn_wpa_ie: LOWI_ENCRYPTION_TYPE_WPA_PSK
11-19 17:15:27.301 D/LOWI-9.0.0.80( 1026): [LOWI-Scan] is_qcom_ie, bss_age: 51
11-19 17:15:27.301 D/LOWI-9.0.0.80( 1026): [LOWI-Scan] BSS 2c:57:41:89:53:21 LOWI_PHY_MODE_11NG_HT20(5), Beacon Interval: 100, LOWI_ENCRYPTION_TYPE_WPA_PSK 11mcRanging: No, ANQP: No, LCI: No, Civic: No, capability(0x1411): ESS Privacy ShortSlotTime
11-19 17:15:27.301 D/LOWI-9.0.0.80( 1026): [LOWI-Scan] BSS 2c:57:41:89:53:21 FREQ: 2412, cFreq1[40:80:160] = [0:0:0] cFreq2 = 0 Country Code = US
11-19 17:15:27.301 D/LOWI-9.0.0.80( 1026): [LOWI-Scan] BSS 2c:57:41:89:53:21 (wlan0) ASSO: NO AddInfo: 0x0, TSF 0, 01:26:55.011, RSSI: -154, CPL: 3, AGE: 0,  SSID kittyhawk, TSFDelta: 0x0, TXRate: 0
11-19 17:15:27.302 D/LOWI-9.0.0.80( 1026): [LOWI-Scan] 
11-19 17:15:27.302 D/LOWI-9.0.0.80( 1026): [LOWI-Scan] print_bss_handler: Report Probe TSF 5215011876 as it greater than Beacon TSF 0
11-19 17:15:27.302 I/LOWI-9.0.0.80( 1026): [LOWI-Scan] RSN_IE
11-19 17:15:27.302 D/LOWI-9.0.0.80( 1026): [LOWI-Scan] decode_rsn_wpa_ie: Entered
11-19 17:15:27.302 D/LOWI-9.0.0.80( 1026): [LOWIUtils] hexDump: msg(30 14 01 00 00 0f ac 04 01 00 00 0f ac 04 01 00 00 0f ac 02 )
11-19 17:15:27.302 D/LOWI-9.0.0.80( 1026): [LOWI-Scan] decode_rsn_wpa_ie: LOWI_ENCRYPTION_TYPE_WPA_PSK
11-19 17:15:27.302 D/LOWI-9.0.0.80( 1026): [LOWI-Scan] is_qcom_ie, bss_age: 49
11-19 17:15:27.302 D/LOWI-9.0.0.80( 1026): [LOWI-Scan] BSS 2c:57:41:86:7a:61 LOWI_PHY_MODE_11NG_HT20(5), Beacon Interval: 100, LOWI_ENCRYPTION_TYPE_WPA_PSK 11mcRanging: No, ANQP: No, LCI: No, Civic: No, capability(0x1411): ESS Privacy ShortSlotTime
11-19 17:15:27.302 D/LOWI-9.0.0.80( 1026): [LOWI-Scan] BSS 2c:57:41:86:7a:61 FREQ: 2412, cFreq1[40:80:160] = [0:0:0] cFreq2 = 0 Country Code = US
11-19 17:15:27.302 D/LOWI-9.0.0.80( 1026): [LOWI-Scan] BSS 2c:57:41:86:7a:61 (wlan0) ASSO: NO AddInfo: 0x0, TSF 0, 01:26:55.011, RSSI: -150, CPL: 3, AGE: 0,  SSID kittyhawk, TSFDelta: 0x0, TXRate: 0
11-19 17:15:27.303 D/LOWI-9.0.0.80( 1026): [LOWI-Scan] 
11-19 17:15:27.303 D/LOWI-9.0.0.80( 1026): [LOWI-Scan] print_bss_handler: Report Probe TSF 5215011894 as it greater than Beacon TSF 0
11-19 17:15:27.303 I/LOWI-9.0.0.80( 1026): [LOWI-Scan] RSN_IE
11-19 17:15:27.303 D/LOWI-9.0.0.80( 1026): [LOWI-Scan] decode_rsn_wpa_ie: Entered
11-19 17:15:27.303 D/LOWI-9.0.0.80( 1026): [LOWIUtils] hexDump: msg(30 14 01 00 00 0f ac 04 01 00 00 0f ac 04 01 00 00 0f ac 02 )
11-19 17:15:27.303 D/LOWI-9.0.0.80( 1026): [LOWI-Scan] decode_rsn_wpa_ie: LOWI_ENCRYPTION_TYPE_WPA_PSK
11-19 17:15:27.303 D/LOWI-9.0.0.80( 1026): [LOWI-Scan] is_qcom_ie, bss_age: 4
11-19 17:15:27.303 D/LOWI-9.0.0.80( 1026): [LOWI-Scan] BSS 2c:57:41:86:85:21 LOWI_PHY_MODE_11NG_HT20(5), Beacon Interval: 100, LOWI_ENCRYPTION_TYPE_WPA_PSK 11mcRanging: No, ANQP: No, LCI: No, Civic: No, capability(0x1411): ESS Privacy ShortSlotTime
11-19 17:15:27.303 D/LOWI-9.0.0.80( 1026): [LOWI-Scan] BSS 2c:57:41:86:85:21 FREQ: 2462, cFreq1[40:80:160] = [0:0:0] cFreq2 = 0 Country Code = US
11-19 17:15:27.303 D/LOWI-9.0.0.80( 1026): [LOWI-Scan] BSS 2c:57:41:86:85:21 (wlan0) ASSO: NO AddInfo: 0x0, TSF 0, 01:26:55.011, RSSI: -152, CPL: 2, AGE: 0,  SSID kittyhawk, TSFDelta: 0x0, TXRate: 0
11-19 17:15:27.304 D/LOWI-9.0.0.80( 1026): [LOWI-Scan] 
11-19 17:15:27.304 D/LOWI-9.0.0.80( 1026): [LOWI-Scan] print_bss_handler: Report Probe TSF 5215011760 as it greater than Beacon TSF 0
11-19 17:15:27.304 I/LOWI-9.0.0.80( 1026): [LOWI-Scan] RSN_IE
11-19 17:15:27.304 D/LOWI-9.0.0.80( 1026): [LOWI-Scan] decode_rsn_wpa_ie: Entered
11-19 17:15:27.304 D/LOWI-9.0.0.80( 1026): [LOWIUtils] hexDump: msg(30 14 01 00 00 0f ac 04 01 00 00 0f ac 04 01 00 00 0f ac 02 )
11-19 17:15:27.304 D/LOWI-9.0.0.80( 1026): [LOWI-Scan] decode_rsn_wpa_ie: LOWI_ENCRYPTION_TYPE_WPA_PSK
11-19 17:15:27.307 D/LOWI-9.0.0.80( 1026): [LOWI-Scan] is_qcom_ie, bss_age: 50
11-19 17:15:27.307 D/LOWI-9.0.0.80( 1026): [LOWI-Scan] BSS be:9e:0e:1c:6e:7f LOWI_PHY_MODE_11AC_VHT20_2G(11), Beacon Interval: 100, LOWI_ENCRYPTION_TYPE_WPA_PSK 11mcRanging: No, ANQP: No, LCI: No, Civic: No, capability(0x1431): ESS Privacy ShortPreamble ShortSlotTime
11-19 17:15:27.307 D/LOWI-9.0.0.80( 1026): [LOWI-Scan] BSS be:9e:0e:1c:6e:7f FREQ: 2412, cFreq1[40:80:160] = [0:0:0] cFreq2 = 0 Country Code =    
11-19 17:15:27.307 D/LOWI-9.0.0.80( 1026): [LOWI-Scan] BSS be:9e:0e:1c:6e:7f (wlan0) ASSO: NO AddInfo: 0x0, TSF 0, 01:26:55.011, RSSI: -130, CPL: 127, AGE: 0,  SSID Pixel_3541, TSFDelta: 0x0, TXRate: 0
11-19 17:15:27.307 D/LOWI-9.0.0.80( 1026): [LOWIDiagLog] Log: lowiMeasResult->request: invalid null argument
11-19 17:15:27.307 I/LOWI-9.0.0.80( 1026): [LOWI-Scan] lowi_close_record:Scan done in 5171077ms, 17 APs in scan results
11-19 17:15:27.307 D/LOWI-9.0.0.80( 1026): [LOWI-Scan] WipsScanUsingNL: passive scan cached 0, took 9426 ms, err 0
11-19 17:15:27.307 D/LOWI-9.0.0.80( 1026): [LOWI-Scan] lowi_proc_req_passive_scan_with_live_meas - No WLAN Frames to be parsed
11-19 17:15:27.307 D/LOWI-9.0.0.80( 1026): [LOWIScanResultReceiver] Send scan meas to listener
11-19 17:15:27.307 D/LOWI-9.0.0.80( 1026): [LOWIScanResultReceiver] Enter passive listening mode
11-19 17:15:27.307 D/LOWI-9.0.0.80( 1026): [LOWIWifiDriverInterface] getMeasurements - Passive listening mode
11-19 17:15:27.308 D/LOWI-9.0.0.80( 1026): [LOWI-Scan] WipsScanUsingNL:wait -1 sec for netlink message
11-19 17:15:27.308 D/LOWI-9.0.0.80( 1026): [LOWIEventReceiver] handleEvent:FROM:NA, TO:NA, REQ:NA, IREQ:NA, REQ_ID:0, RESP:NA, INFO:NA
11-19 17:15:27.308 D/LOWI-9.0.0.80( 1026): [LOWIBackgroundScanMgr] isRspForBgScanMgr: evt(LOWI_NO_EVT) - not handled
11-19 17:15:27.308 D/LOWI-9.0.0.80( 1026): [LOWIScheduler] manageMsg: NULL results or NULL request in results
11-19 17:15:27.308 D/LOWI-9.0.0.80( 1026): [LOWIController] Measurements received
11-19 17:15:27.308 D/LOWI-9.0.0.80( 1026): [LOWICacheManager] putInCache:Num of Meas to add: 17
11-19 17:15:27.309 D/LOWI-9.0.0.80( 1026): [LOWIController] processMeasurementResults: No current Request. Cache measurements
11-19 17:15:27.309 D/LOWI-9.0.0.80( 1026): [LOWIControllerExtn] sendLOWILpDiscoveryScanResponse: Not a discovery scan response
11-19 17:15:27.346 E/QMI_FW  ( 1042): qmi_cci_get_ref: ref count increased 2
11-19 17:15:27.347 E/QMI_FW  ( 1042): qmi_cci_get_ref: ref count increased 2
11-19 17:15:27.358 I/WearableConnectivityManager( 2594): LTE Signal strength is: 2
11-19 17:15:27.358 I/WearableConnectivityManager( 2594): Cellular Signal strength is: 2
11-19 17:15:27.359 D/RadioLinkQualityScoreBuilder( 1984): scoreRsrp: 3scoreRsrq: 1scoreRssnr: 3
11-19 17:15:27.359 D/WirelessInsightServiceImpl( 1984): onSignalStrengthsChanged: SignalStrength = SignalStrength:{mCdma=CellSignalStrengthCdma: cdmaDbm=2147483647 cdmaEcio=2147483647 evdoDbm=2147483647 evdoEcio=2147483647 evdoSnr=2147483647 level=0,mGsm=CellSignalStrengthGsm: rssi=2147483647 ber=2147483647 mTa=2147483647 mLevel=0,mWcdma=CellSignalStrengthWcdma: ss=2147483647 ber=2147483647 rscp=2147483647 ecno=2147483647 level=0,mTdscdma=CellSignalStrengthTdscdma: rssi=2147483647 ber=2147483647 rscp=2147483647 level=0,mLte=CellSignalStrengthLte: rssi=-73 rsrp=-111 rsrq=-17 rssnr=8 cqi=2147483647 ta=2147483647 level=2 parametersUseForLevel=0,mNr=CellSignalStrengthNr:{ csiRsrp = 2147483647 csiRsrq = 2147483647 csiSinr = 2147483647 ssRsrp = 2147483647 ssRsrq = 2147483647 ssSinr = 2147483647 level = 0 parametersUseForLevel = 0 },primary=CellSignalStrengthLte}
11-19 17:15:27.359 D/WirelessInsightServiceImpl( 1984): Score: 1
11-19 17:15:27.359 D/WirelessInsightServiceImpl( 1984): notifyListeners: listeners = 0, score = 1
11-19 17:15:27.380 D/WifiSharingService( 2870): Sending scanResults intent with status code 0: PendingIntent{86a304f: android.os.BinderProxy@abb74bf}
11-19 17:15:27.387 I/chatty  ( 1186): uid=1000(system) ActivityManager expire 2 lines
11-19 17:15:28.290 W/HWComposer(  598): Ignoring duplicate VSYNC event from HWC for display 0 (t=5216016263060)
11-19 17:15:28.341 W/HWComposer(  598): Ignoring duplicate VSYNC event from HWC for display 0 (t=5216066862956)
11-19 17:15:28.375 W/HWComposer(  598): Ignoring duplicate VSYNC event from HWC for display 0 (t=5216100604154)
11-19 17:15:29.168 W/HWComposer(  598): Ignoring duplicate VSYNC event from HWC for display 0 (t=5216893427904)
11-19 17:15:29.669 D/UIAutomatorStub( 5940): URI: /jsonrpc/0, Method: POST, Header: {content-length=229, remote-addr=127.0.0.1, http-client-ip=127.0.0.1, host=localhost:9012, content-type=application/json, accept-encoding=identity}, params, {NanoHttpd.QUERY_STRING=null}, files: {postData={"jsonrpc": "2.0", "method": "objInfo", "id": "e0c6baa6d19bc2a75dc98342bc24c0ce", "params": [{"mask": 2097152, "childOrSibling": [], "childOrSiblingSelector": [], "resourceId": "com.facebook.wearable.system.settings:id/toggle"}]}}
11-19 17:15:29.744 D/UIAutomatorStub( 5940): URI: /jsonrpc/0, Method: POST, Header: {content-length=227, remote-addr=127.0.0.1, http-client-ip=127.0.0.1, host=localhost:9012, content-type=application/json, accept-encoding=identity}, params, {NanoHttpd.QUERY_STRING=null}, files: {postData={"jsonrpc": "2.0", "method": "click", "id": "8dc6d651dc432dc011f125af971fab21", "params": [{"mask": 2097152, "childOrSibling": [], "childOrSiblingSelector": [], "resourceId": "com.facebook.wearable.system.settings:id/toggle"}]}}
11-19 17:15:29.805 D/WifiSharingService( 2870): Setting Wi-Fi enabled state
11-19 17:15:29.806 I/WifiService( 1186): setWifiEnabled package=com.facebook.wearable.system.connectivity uid=1000 enable=false
11-19 17:15:29.808 D/WifiActiveModeWarden( 1186): Switching all client mode managers
11-19 17:15:29.810 D/QCNEJ/WlanStaInfoRelay( 1907): onChange for uri = content://settings/global/wifi_on
11-19 17:15:29.815 E/QMI_FW  (  915): qmi_cci_get_ref: ref count increased 2
11-19 17:15:29.818 D/BluetoothAdapterService( 1710): android.net.wifi.WIFI_STATE_CHANGED
11-19 17:15:29.822 D/WifiP2pService( 1186): Wifi enabled=false, P2P Interface availability=true
11-19 17:15:29.823 D/WifiP2pNative( 1186): Teardown P2P interface
11-19 17:15:29.829 D/WifiClientModeManager0( 1186): IMS not registered over IWLAN for subId: 1
11-19 17:15:29.829 D/WifiClientModeManager0( 1186): The target role 5
11-19 17:15:29.832 D/WifiP2pService( 1186): Wifi enabled=false, P2P Interface availability=true
11-19 17:15:29.834 W/ContextImpl( 1186): Calling a method in the system process without a qualified user: android.app.ContextImpl.sendBroadcastMultiplePermissions:1143 android.content.Context.sendBroadcastWithMultiplePermissions:2150 com.android.server.display.WifiDisplayAdapter.handleSendStatusChangeBroadcast:440 com.android.server.display.WifiDisplayAdapter.access$1700:63 com.android.server.display.WifiDisplayAdapter$WifiDisplayHandler.handleMessage:675 
11-19 17:15:29.865 I/android_os_HwBinder( 1186): HwBinder: Starting thread pool for getting: android.hardware.wifi.supplicant@1.0::ISupplicant/default
11-19 17:15:29.886 I/wpa_supplicant( 9095): wlan0: Do not deauthenticate as part of interface deinit since WoWLAN is enabled
11-19 17:15:29.934 I/wpa_supplicant( 9095): Try to unregister vendor STA network
11-19 17:15:29.954 E/wpa_supplicant( 9095): eap_proxy: pthread_join on eap_proxy=0x1059eac
11-19 17:15:29.954 E/wpa_supplicant( 9095): eap_proxy: session not started for client = 1
11-19 17:15:29.954 E/QMI_FW  ( 9095): qmi_cci_get_ref: ref count increased 2
11-19 17:15:29.954 E/QMI_FW  ( 9095): qmi_cci_get_ref: ref count increased 2
11-19 17:15:29.956 E/wpa_supplicant( 9095): eap_proxy: Released QMI UIM service client
11-19 17:15:29.956 E/QMI_FW  ( 9095): qmi_cci_get_ref: ref count increased 2
11-19 17:15:29.956 E/QMI_FW  ( 9095): qmi_cci_get_ref: ref count increased 2
11-19 17:15:29.957 E/wpa_supplicant( 9095): eap_proxy: Released QMI EAP service client
11-19 17:15:29.958 E/wpa_supplicant( 9095): eap_proxy: session not started for client = 2
11-19 17:15:29.958 E/QMI_FW  ( 9095): qmi_cci_get_ref: ref count increased 2
11-19 17:15:29.958 E/QMI_FW  ( 9095): qmi_cci_get_ref: ref count increased 2
11-19 17:15:29.958 E/wpa_supplicant( 9095): eap_proxy: Released QMI UIM service client
11-19 17:15:29.958 E/QMI_FW  ( 9095): qmi_cci_get_ref: ref count increased 2
11-19 17:15:29.958 E/QMI_FW  ( 9095): qmi_cci_get_ref: ref count increased 2
11-19 17:15:29.958 E/wpa_supplicant( 9095): eap_proxy: Released QMI EAP service client
11-19 17:15:29.958 I/wpa_supplicant( 9095): eap_proxy: eap_proxy Deinitialzed
11-19 17:15:30.005 I/wpa_supplicant( 9095): nl80211: deinit ifname=wlan0 disabled_11b_rates=0
11-19 17:15:30.039 D/ConnectivityService( 1186): handleLingerComplete for [101 CELLULAR]
11-19 17:15:30.042 W/MqttClient( 2620): connection/disconnecting; reason=READ_SOCKET, operation=NETWORK_THREAD_LOOP
11-19 17:15:30.042 W/System.err( 2620): DEBUG: com.whatsapp.net.tls13.WtSocketWrapper.sendAlertAndShutdown(:86) : Sending Alert : type : WARNING description : close_notify(0) exception : 
11-19 17:15:30.044 W/System.err( 2620): ERROR: com.whatsapp.net.logging.WtLog.log$REDEX$HQcOuACUrr4(:4) : Encountered exception. Nothing much can be done here. com.whatsapp.net.alerts.WtAlertException
11-19 17:15:30.045 D/LOWI-9.0.0.80( 1026): [LOWINetlinkSocketReceiver] unpackRTMLinkMessage: RTM_NEWLINK - ifname wlan0, flags 0x11043 ([UP][RUNNING])
11-19 17:15:30.045 D/LOWI-9.0.0.80( 1026): [LOWINetlinkSocketReceiver] processNetlinkPacket: ifname(wlan0) status(2)
11-19 17:15:30.045 D/LOWI-9.0.0.80( 1026): [LOWIController] intfStateReceived: ifname(wlan0) state(2)
11-19 17:15:30.045 D/LOWI-9.0.0.80( 1026): [LOWIEventReceiver] handleEvent:FROM:NA, TO:NA, REQ:NA, IREQ:NA, REQ_ID:0, RESP:NA, INFO:INTF-STATUS-UPDATE
11-19 17:15:30.045 D/LOWI-9.0.0.80( 1026): [LOWIEventReceiver] Info to [INTF-STATUS-UPDATE]
11-19 17:15:30.045 D/LOWI-9.0.0.80( 1026): [LOWIController] updateIntfState: WIFI enabled 2 mNlWifiStatus 2 mWifiStateEnabled 1
11-19 17:15:30.045 D/LOWI-9.0.0.80( 1026): [LOWIController] isWifiEnabled: mNlWifiStatus 2 mWifiStateEnabled 1
11-19 17:15:30.050 I/wpa_supplicant( 9095): Try to unregister vendor interface
11-19 17:15:30.073 D/QCNEJ/WwanInfoRelay( 1907): onCapabilitiesChanged: 101 [ Transports: CELLULAR Capabilities: MMS&SUPL&FOTA&INTERNET&NOT_RESTRICTED&TRUSTED&NOT_VPN&VALIDATED&NOT_ROAMING&NOT_CONGESTED&NOT_SUSPENDED LinkUpBandwidth>=15000Kbps LinkDnBandwidth>=30000Kbps Specifier: <TelephonyNetworkSpecifier [mSubId = 1]> AdministratorUids: [] RequestorUid: -1 RequestorPackageName: null]
11-19 17:15:30.075 I/QCNEJ/WwanInfoRelay( 1907): cacheWwanInfo subId = 1 phoneId = 0 slotId = 0
11-19 17:15:30.089 W/system_server( 1186): Long monitor contention with owner WifiHandlerThread (1641) at boolean com.android.server.wifi.SupplicantStaIfaceHal.removeIfaceV1_1(java.lang.String)(SupplicantStaIfaceHal.java:810) waiters=0 in void com.android.server.wifi.SupplicantStaIfaceCallbackImpl.onNetworkRemoved(int) for 150ms
11-19 17:15:30.090 I/wpa_supplicant( 9095): p2p0: Do not deauthenticate as part of interface deinit since WoWLAN is enabled
11-19 17:15:30.091 I/SupplicantStaIfaceHal( 1186): Terminating supplicant using HIDL
11-19 17:15:30.125 W/System.err( 2620): INFO: com.whatsapp.net.logging.WtLog.log$REDEX$HQcOuACUrr4(:4) : Start handshake.
11-19 17:15:30.134 E/wpa_supplicant( 9095): eap_proxy: pthread_join on eap_proxy=0x1059fa8
11-19 17:15:30.134 E/wpa_supplicant( 9095): eap_proxy: session not started for client = 1
11-19 17:15:30.134 E/QMI_FW  ( 9095): qmi_cci_get_ref: ref count increased 2
11-19 17:15:30.134 E/QMI_FW  ( 9095): qmi_cci_get_ref: ref count increased 2
11-19 17:15:30.135 E/wpa_supplicant( 9095): eap_proxy: Released QMI UIM service client
11-19 17:15:30.135 E/QMI_FW  ( 9095): qmi_cci_get_ref: ref count increased 2
11-19 17:15:30.135 E/QMI_FW  ( 9095): qmi_cci_get_ref: ref count increased 2
11-19 17:15:30.136 E/wpa_supplicant( 9095): eap_proxy: Released QMI EAP service client
11-19 17:15:30.136 E/wpa_supplicant( 9095): eap_proxy: session not started for client = 2
11-19 17:15:30.136 E/QMI_FW  ( 9095): qmi_cci_get_ref: ref count increased 2
11-19 17:15:30.137 E/QMI_FW  ( 9095): qmi_cci_get_ref: ref count increased 2
11-19 17:15:30.137 E/wpa_supplicant( 9095): eap_proxy: Released QMI UIM service client
11-19 17:15:30.137 E/QMI_FW  ( 9095): qmi_cci_get_ref: ref count increased 2
11-19 17:15:30.137 E/QMI_FW  ( 9095): qmi_cci_get_ref: ref count increased 2
11-19 17:15:30.139 E/wpa_supplicant( 9095): eap_proxy: Released QMI EAP service client
11-19 17:15:30.139 I/wpa_supplicant( 9095): eap_proxy: eap_proxy Deinitialzed
11-19 17:15:30.152 W/System.err( 2620): INFO: com.whatsapp.net.logging.WtLog.log$REDEX$HQcOuACUrr4(:4) : Handshake complete : session_resumed true early_data_sent false early_data_accepted false client_cert_requested false time_ms 27
11-19 17:15:30.173 E/QMI_FW  ( 1042): qmi_cci_get_ref: ref count increased 2
11-19 17:15:30.173 E/QMI_FW  ( 1042): qmi_cci_get_ref: ref count increased 2
11-19 17:15:30.173 E/QMI_FW  ( 1042): qmi_cci_get_ref: ref count increased 2
11-19 17:15:30.185 I/wpa_supplicant( 9095): nl80211: deinit ifname=p2p0 disabled_11b_rates=0
11-19 17:15:30.246 D/LOWI-9.0.0.80( 1026): [LOWINetlinkSocketReceiver] unpackRTMLinkMessage: RTM_NEWLINK - ifname p2p0, flags 0x1003 ([UP])
11-19 17:15:30.274 D/LOWI-9.0.0.80( 1026): [LOWINetlinkSocketReceiver] unpackRTMLinkMessage: RTM_NEWLINK - ifname p2p0, flags 0x1002 ()
11-19 17:15:30.289 D/LOWI-9.0.0.80( 1026): [LOWINetlinkSocketReceiver] unpackRTMLinkMessage: RTM_NEWLINK - ifname p2p0, flags 0x1002 ()
11-19 17:15:30.292 I/wpa_supplicant( 9095): Try to unregister vendor p2 interface
11-19 17:15:30.293 I/WifiP2pNative( 1186): P2P interface teardown completed
11-19 17:15:30.293 D/WifiP2pNative( 1186): P2P InterfaceDestroyedListener p2p0
11-19 17:15:30.293 D/WifiP2pNative( 1186): Ignoring stale interface destroyed listener
11-19 17:15:30.293 D/WifiP2pNative( 1186): P2P InterfaceAvailableListener true
11-19 17:15:30.294 D/WifiP2pService( 1186): Wifi enabled=false, P2P Interface availability=true
11-19 17:15:30.295 I/android_os_HwBinder( 1186): HwBinder: Starting thread pool for getting: android.hardware.wifi.supplicant@1.0::ISupplicant/default
11-19 17:15:30.297 I/wpa_supplicant( 9095): Terminating...
11-19 17:15:30.299 D/LOWI-9.0.0.80( 1026): [LOWINetlinkSocketReceiver] unpackRTMLinkMessage: RTM_NEWLINK - ifname wlan0, flags 0x1003 ([UP])
11-19 17:15:30.299 D/LOWI-9.0.0.80( 1026): [LOWINetlinkSocketReceiver] processNetlinkPacket: ifname(wlan0) status(1)
11-19 17:15:30.299 D/LOWI-9.0.0.80( 1026): [LOWIController] intfStateReceived: ifname(wlan0) state(1)
11-19 17:15:30.300 D/LOWI-9.0.0.80( 1026): [LOWIEventReceiver] handleEvent:FROM:NA, TO:NA, REQ:NA, IREQ:NA, REQ_ID:0, RESP:NA, INFO:INTF-STATUS-UPDATE
11-19 17:15:30.300 D/LOWI-9.0.0.80( 1026): [LOWIEventReceiver] Info to [INTF-STATUS-UPDATE]
11-19 17:15:30.300 D/LOWI-9.0.0.80( 1026): [LOWIController] updateIntfState: WIFI enabled 1 mNlWifiStatus 2 mWifiStateEnabled 1
11-19 17:15:30.300 D/LOWI-9.0.0.80( 1026): [LOWIController] isWifiEnabled: mNlWifiStatus 1 mWifiStateEnabled 1
11-19 17:15:30.341 D/LOWI-9.0.0.80( 1026): [LOWINetlinkSocketReceiver] unpackRTMLinkMessage: RTM_NEWLINK - ifname wlan0, flags 0x1003 ([UP])
11-19 17:15:30.341 D/LOWI-9.0.0.80( 1026): [LOWINetlinkSocketReceiver] processNetlinkPacket: ifname(wlan0) status(1)
11-19 17:15:30.341 D/LOWI-9.0.0.80( 1026): [LOWIController] intfStateReceived: ifname(wlan0) state(1)
11-19 17:15:30.341 D/LOWI-9.0.0.80( 1026): [LOWIEventReceiver] handleEvent:FROM:NA, TO:NA, REQ:NA, IREQ:NA, REQ_ID:0, RESP:NA, INFO:INTF-STATUS-UPDATE
11-19 17:15:30.341 D/LOWI-9.0.0.80( 1026): [LOWIEventReceiver] Info to [INTF-STATUS-UPDATE]
11-19 17:15:30.341 D/LOWI-9.0.0.80( 1026): [LOWIController] updateIntfState: WIFI enabled 1 mNlWifiStatus 1 mWifiStateEnabled 1
11-19 17:15:30.342 D/LOWI-9.0.0.80( 1026): [LOWIController] isWifiEnabled: mNlWifiStatus 1 mWifiStateEnabled 1
11-19 17:15:30.343 V/WifiHAL (  544): event received NL80211_CMD_DISCONNECT
11-19 17:15:30.345 W/SupplicantP2pIfaceHal( 1186): ISupplicant/ISupplicantP2pIface died: cookie=0
11-19 17:15:30.345 W/SupplicantP2pIfaceHal( 1186): ISupplicantVendor/ISupplicantVendorP2PIface died: cookie=0
11-19 17:15:30.345 D/SupplicantStaIfaceHal( 1186): ISupplicant died: cookie=6706784114571512872
11-19 17:15:30.345 W/SupplicantP2pIfaceHal( 1186): ISupplicant/ISupplicantP2pIface died: cookie=0
11-19 17:15:30.347 W/SupplicantStaIfaceHal( 1186): Timed out waiting for confirmation of supplicant death
11-19 17:15:30.347 W/SupplicantStaIfaceHal( 1186): ISupplicantVendor/ISupplicantVendorStaIface died: cookie=0
11-19 17:15:30.347 W/SupplicantP2pIfaceHal( 1186): ISupplicantVendor/ISupplicantVendorP2PIface died: cookie=0
11-19 17:15:30.347 W/SupplicantStaIfaceHal( 1186): ISupplicantVendor/ISupplicantVendorStaIface died: cookie=0
11-19 17:15:30.348 E/SupplicantStaIfaceHal( 1186): Can't call getKeyMgmtCapabilities_1_3, ISupplicantStaIface is null
11-19 17:15:30.350 V/WifiHAL (  544): WifiVendorCommand 0xaadf1b98 created vendor_id:0x1374 subcmd:38
11-19 17:15:30.350 V/WifiHAL (  544): Got a Wi-Fi HAL module message from Driver
11-19 17:15:30.350 V/WifiHAL (  544): Supported feature set : 19d3d
11-19 17:15:30.350 V/WifiHAL (  544): Supported feature set acquired : 19d3d
11-19 17:15:30.350 V/WifiHAL (  544): WifiVendorCommand 0x98689460 created vendor_id:0x1374 subcmd:76
11-19 17:15:30.350 V/WifiHAL (  544): create: mVendor_id = 4980, Subcmd = 76.
11-19 17:15:30.351 V/WifiHAL (  544): WifiVendorCommand 0xaadf1cc8 created vendor_id:0x1374 subcmd:38
11-19 17:15:30.352 V/WifiHAL (  544): Got a Wi-Fi HAL module message from Driver
11-19 17:15:30.352 V/WifiHAL (  544): Supported feature set : 19d3d
11-19 17:15:30.352 V/WifiHAL (  544): Supported feature set acquired : 19d3d
11-19 17:15:30.352 V/WifiHAL (  544): WifiVendorCommand 0x98689460 created vendor_id:0x1374 subcmd:76
11-19 17:15:30.352 V/WifiHAL (  544): create: mVendor_id = 4980, Subcmd = 76.
