11-21 08:03:26.609 D/ConnectivityService( 1186): Sending DISCONNECTED broadcast for type 0 [101 CELLULAR] isDefaultNetwork=true
11-21 08:03:26.611 D/ConnectivityService( 1186): Sending CONNECTED broadcast for type 1 [195 WIFI] isDefaultNetwork=true
11-21 08:03:26.638 D/ConnectivityService( 1186): Setting DNS servers for network 195 to [/192.168.1.1]
11-21 08:03:26.639 D/DnsManager( 1186): sendDnsConfigurationForNetwork(195, [192.168.1.1], [], 1800, 25, 8, 64, 0, 0, , [192.168.1.1])
11-21 08:03:27.080 I/Nat464Xlat( 1186): Android Xlat is disabled
11-21 08:03:27.080 I/Nat464Xlat( 1186): Android Xlat is disabled
11-21 08:03:31.876 D/commandrouter( 1006): rtc_sync (1, rtc:sync): <ServiceRequest> FORWARDED (remote -> local) service client ID = 0, token ID = 47252
11-21 08:03:31.877 D/commandrouter( 1006): SocServiceHandle::onServiceMessage, SoC Service = rtc_sync, appType = 1, type = SVC_RESP, clientId = 0, token = 47252, payloadLen = 8, result = 0, payload.size() = 8
11-21 08:03:41.690 D/commandrouter( 1006): SocServiceHandle::onServiceMessage, SoC Service = mcu_healthcheck_1029, appType = 1, type = SVC_REQ, clientId = 0, token = 4827, payloadLen = 12, result = 0, payload.size() = 12
11-21 08:03:41.695 D/commandrouter( 1006): mcu_healthcheck_1029 (1, merlot:mcu_health:control): <ServiceResponse> FORWARDED (remote -> local) CR token ID = 4827, service client ID = 40, token ID = 62021, result = 0
11-21 08:03:41.695 D/mculinkhealth( 1029): isMcuReachable 1 (6 ms)
11-21 08:03:41.874 D/commandrouter( 1006): rtc_sync (1, rtc:sync): <ServiceRequest> FORWARDED (remote -> local) service client ID = 0, token ID = 47253
11-21 08:03:41.875 D/commandrouter( 1006): SocServiceHandle::onServiceMessage, SoC Service = rtc_sync, appType = 1, type = SVC_RESP, clientId = 0, token = 47253, payloadLen = 8, result = 0, payload.size() = 8
11-21 08:03:45.378 D/AutofillManagerService( 1186): onBackKeyPressed()
11-21 08:03:46.430 I/chatty  ( 1186): uid=1000(system) android.ui identical 2 lines
11-21 08:03:47.645 D/AutofillManagerService( 1186): onBackKeyPressed()
11-21 08:03:48.172 W/ActivityManager( 1186): Invalid packageName: com.facebook.wearable.system.settings/com.facebook.wearable.system.settings.SettingsActivity
11-21 08:03:48.294 I/ActivityTaskManager( 1186): START u0 {flg=0x10000000 cmp=com.facebook.wearable.system.settings/.SettingsActivity} from uid 0
11-21 08:03:48.310 I/ActivityTaskManager( 1186): The Process com.facebook.wearable.system.settings Already Exists in BG. So sending its PID: 10851
11-21 08:03:48.311 W/ActivityTaskManager( 1186): Tried to set launchTime (0) < mLastActivityLaunchTime (144885051)
11-21 08:03:50.961 E/TaskPersister( 1186): File error accessing recents directory (directory doesn't exist?).
11-21 08:03:51.875 D/commandrouter( 1006): rtc_sync (1, rtc:sync): <ServiceRequest> FORWARDED (remote -> local) service client ID = 0, token ID = 47254
11-21 08:03:51.876 D/commandrouter( 1006): SocServiceHandle::onServiceMessage, SoC Service = rtc_sync, appType = 1, type = SVC_RESP, clientId = 0, token = 47254, payloadLen = 8, result = 0, payload.size() = 8
11-21 08:03:55.882 W/ContextImpl( 1186): Calling a method in the system process without a qualified user: android.app.ContextImpl.sendBroadcastMultiplePermissions:1143 android.content.Context.sendBroadcastWithMultiplePermissions:2150 com.android.server.display.WifiDisplayAdapter.handleSendStatusChangeBroadcast:440 com.android.server.display.WifiDisplayAdapter.access$1700:63 com.android.server.display.WifiDisplayAdapter$WifiDisplayHandler.handleMessage:675 
11-21 08:03:56.376 D/ConnectivityService( 1186): [195 WIFI] EVENT_NETWORK_INFO_CHANGED, going from CONNECTED to DISCONNECTED
11-21 08:03:56.376 D/ConnectivityService( 1186): [195 WIFI] disconnected, was satisfying 26
11-21 08:03:56.464 I/Nat464Xlat( 1186): Android Xlat is disabled
11-21 08:03:56.464 I/Nat464Xlat( 1186): Android Xlat is disabled
11-21 08:03:56.496 D/ConnectivityService( 1186): Sending DISCONNECTED broadcast for type 1 [195 WIFI] isDefaultNetwork=true
11-21 08:03:56.499 D/ConnectivityService( 1186): NetReassign [44 : null  101, 11 : null  101, 63 : null  101, 17 : null  101, 25 : null  101, 2222 : null  101, 1438 : null  101, 1 : null  101, 8 : null  101, 2214 : null  101, 12 : null  101, 14 : null  101, 16 : null  101, 22 : null  101, 1515 : null  101]
11-21 08:03:56.501 E/NetlinkEvent(  462): NetlinkEvent::FindParam(): Parameter 'INTERFACE' not found
11-21 08:03:56.501 E/NetlinkEvent(  462): NetlinkEvent::FindParam(): Parameter 'STATE' not found
11-21 08:03:56.502 E/NetlinkEvent(  462): NetlinkEvent::FindParam(): Parameter 'TIME_NS' not found
11-21 08:03:56.502 E/NetlinkEvent(  462): NetlinkEvent::FindParam(): Parameter 'UID' not found
11-21 08:03:56.515 D/ConnectivityService( 1186): Switching to new default network: NetworkAgentInfo{ ni{[type: MOBILE[LTE], state: CONNECTED/CONNECTED, reason: (unspecified), extra: enhancedphone, failover: false, available: true, roaming: false]}  network{101}  nethandle{437197393933}  lp{{InterfaceName: rmnet_data2 LinkAddresses: [ 10.55.48.101/30,2600:381:4804:c4b6:8cdc:8f0b:afe1:ec6b/64 ] DnsAddresses: [ /172.26.38.2,/fc00:a:a::400 ] Domains: null MTU: 1430 TcpBufferSizes: 2097152,4194304,8388608,262144,524288,1048576 Routes: [ 0.0.0.0/0 -> 10.55.48.102 rmnet_data2 mtu 1430,::/0 -> fe80::9db2:334d:2872:1e0a rmnet_data2 mtu 1430,10.55.48.100/30 -> 0.0.0.0 rmnet_data2 mtu 0,2600:381:4804:c4b6::/64 -> :: rmnet_data2 mtu 0 ]}}  nc{[ Transports: CELLULAR Capabilities: MMS&SUPL&FOTA&INTERNET&NOT_RESTRICTED&TRUSTED&NOT_VPN&VALIDATED&NOT_ROAMING&FOREGROUND&NOT_CONGESTED&NOT_SUSPENDED LinkUpBandwidth>=15000Kbps LinkDnBandwidth>=30000Kbps Specifier: <TelephonyNetworkSpecifier [mSubId = 1]> AdministratorUids: [] RequestorUid: -1 RequestorPackageName: null]}  Score{50}  everValidated{true}  lastValidated{true}  created{true} lingering{true} explicitlySelected{false} acceptUnvalidated{false} everCaptivePortalDetected{false} lastCaptivePortalDetected{false} partialConnectivity{false} acceptPartialConnectivity{false} clat{mBaseIface: null, mIface: null, mState: IDLE} }
11-21 08:03:56.543 D/AnalyticsLogger( 1186): sent events: 12
11-21 08:03:56.659 W/SimpleTimeDetectorStrategy( 1186): Existing suggestion found to be invalid  elapsedRealtimeMillis=144924385, timeSuggestion=TelephonyTimeSuggestion{mSlotIndex='0', mUtcTime=TimestampedValue{mReferenceTimeMillis=57092, mValue=1637365770000}, mDebugInfo=[Sending new time suggestion nitzSignal=TimestampedValue{mReferenceTimeMillis=57092, mValue=NitzData{mOriginalString=21/11/19,23:49:30-32,00, mZoneOffset=-28800000, mDstOffset=0, mCurrentTimeMillis=1637365770000, mEmulatorHostTimeZone=null}}, reason=handleNitzReceived(TimestampedValue{mReferenceTimeMillis=57092, mValue=NitzData{mOriginalString=21/11/19,23:49:30-32,00, mZoneOffset=-28800000, mDstOffset=0, mCurrentTimeMillis=1637365770000, mEmulatorHostTimeZone=null}})]}
11-21 08:03:56.683 D/ConnectivityService( 1186): Unlingering [101 CELLULAR]
11-21 08:03:56.684 D/ConnectivityService( 1186): Sending CONNECTED broadcast for type 0 [101 CELLULAR] isDefaultNetwork=true
11-21 08:04:00.735 D/AutofillManagerService( 1186): onBackKeyPressed()
11-21 08:04:01.262 I/chatty  ( 1186): uid=1000(system) android.ui identical 1 line
11-21 08:04:01.783 D/AutofillManagerService( 1186): onBackKeyPressed()
11-21 08:04:01.871 D/commandrouter( 1006): rtc_sync (1, rtc:sync): <ServiceRequest> FORWARDED (remote -> local) service client ID = 0, token ID = 47255
11-21 08:04:01.871 D/commandrouter( 1006): SocServiceHandle::onServiceMessage, SoC Service = rtc_sync, appType = 1, type = SVC_RESP, clientId = 0, token = 47255, payloadLen = 8, result = 0, payload.size() = 8
11-21 08:04:03.029 D/AutofillManagerService( 1186): onBackKeyPressed()
11-21 08:04:04.631 D/AutofillManagerService( 1186): onBackKeyPressed()
11-21 08:04:05.297 E/TaskPersister( 1186): File error accessing recents directory (directory doesn't exist?).
11-21 08:04:05.711 D/AutofillManagerService( 1186): onBackKeyPressed()
11-21 08:04:06.624 I/chatty  ( 1186): uid=1000(system) android.ui identical 1 line
11-21 08:04:07.618 D/AutofillManagerService( 1186): onBackKeyPressed()
11-21 08:04:08.144 W/ActivityManager( 1186): Invalid packageName: com.facebook.wearable.system.settings/com.facebook.wearable.system.settings.SettingsActivity
11-21 08:04:08.256 I/ActivityTaskManager( 1186): START u0 {flg=0x10000000 cmp=com.facebook.wearable.system.settings/.SettingsActivity} from uid 0
11-21 08:04:08.275 I/ActivityTaskManager( 1186): The Process com.facebook.wearable.system.settings Already Exists in BG. So sending its PID: 10851
11-21 08:04:08.276 W/ActivityTaskManager( 1186): Tried to set launchTime (0) < mLastActivityLaunchTime (144916038)
11-21 08:04:11.696 D/commandrouter( 1006): SocServiceHandle::onServiceMessage, SoC Service = mcu_healthcheck_1029, appType = 1, type = SVC_REQ, clientId = 0, token = 4828, payloadLen = 12, result = 0, payload.size() = 12
11-21 08:04:11.700 D/commandrouter( 1006): mcu_healthcheck_1029 (1, merlot:mcu_health:control): <ServiceResponse> FORWARDED (remote -> local) CR token ID = 4828, service client ID = 40, token ID = 62022, result = 0
11-21 08:04:11.700 D/mculinkhealth( 1029): isMcuReachable 1 (4 ms)
11-21 08:04:11.869 D/commandrouter( 1006): rtc_sync (1, rtc:sync): <ServiceRequest> FORWARDED (remote -> local) service client ID = 0, token ID = 47256
11-21 08:04:11.870 D/commandrouter( 1006): SocServiceHandle::onServiceMessage, SoC Service = rtc_sync, appType = 1, type = SVC_RESP, clientId = 0, token = 47256, payloadLen = 8, result = 0, payload.size() = 8
11-21 08:04:12.415 E/TaskPersister( 1186): File error accessing recents directory (directory doesn't exist?).
11-21 08:04:15.012 W/ContextImpl( 1186): Calling a method in the system process without a qualified user: android.app.ContextImpl.sendBroadcastMultiplePermissions:1143 android.content.Context.sendBroadcastWithMultiplePermissions:2150 com.android.server.display.WifiDisplayAdapter.handleSendStatusChangeBroadcast:440 com.android.server.display.WifiDisplayAdapter.access$1700:63 com.android.server.display.WifiDisplayAdapter$WifiDisplayHandler.handleMessage:675 
11-21 08:04:15.992 W/ContextImpl( 1186): Calling a method in the system process without a qualified user: android.app.ContextImpl.sendBroadcastMultiplePermissions:1143 android.content.Context.sendBroadcastWithMultiplePermissions:2150 com.android.server.wifi.p2p.WifiP2pServiceImpl$P2pStateMachine.sendBroadcastMultiplePermissions:3209 com.android.server.wifi.p2p.WifiP2pServiceImpl$P2pStateMachine.sendP2pConnectionChangedBroadcast:3236 com.android.server.wifi.p2p.WifiP2pServiceImpl$P2pStateMachine.access$5100:768 
11-21 08:04:15.994 W/BroadcastQueue( 1186): Permission Denial: receiving Intent { act=android.net.wifi.p2p.CONNECTION_STATE_CHANGE flg=0x24000010 (has extras) } to ProcessRecord{688c834 1907:.qtidataservices/u0a88} (pid=1907, uid=10088) requires android.permission.ACCESS_FINE_LOCATION due to sender android (uid 1000)
11-21 08:04:15.997 W/ContextImpl( 1186): Calling a method in the system process without a qualified user: android.app.ContextImpl.sendBroadcastMultiplePermissions:1143 android.content.Context.sendBroadcastWithMultiplePermissions:2150 com.android.server.wifi.p2p.WifiP2pServiceImpl$P2pStateMachine.sendBroadcastMultiplePermissions:3209 com.android.server.wifi.p2p.WifiP2pServiceImpl$P2pStateMachine.sendThisDeviceChangedBroadcast:3218 com.android.server.wifi.p2p.WifiP2pServiceImpl$P2pStateMachine.updateThisDevice:3962 
11-21 08:04:16.011 W/wificond(  911): Scan is not started. Ignore abort request
11-21 08:04:16.483 D/ConnectivityService( 1186): registerNetworkAgent NetworkAgentInfo{ ni{[type: WIFI[], state: UNKNOWN/IDLE, reason: (unspecified), extra: , failover: false, available: true, roaming: false]}  network{196}  nethandle{845219287053}  lp{{InterfaceName: wlan0 LinkAddresses: [ ] DnsAddresses: [ ] Domains: null MTU: 0 Routes: [ ]}}  nc{[ Transports: WIFI Capabilities: NOT_METERED&INTERNET&NOT_RESTRICTED&TRUSTED&NOT_VPN&NOT_ROAMING&FOREGROUND&NOT_CONGESTED&NOT_SUSPENDED LinkUpBandwidth>=72000Kbps LinkDnBandwidth>=72000Kbps OwnerUid: 1000 SSID: "MTBF_Lab" RequestorUid: -1 RequestorPackageName: null]}  Score{20}  everValidated{false}  lastValidated{false}  created{false} lingering{false} explicitlySelected{false} acceptUnvalidated{false} everCaptivePortalDetected{false} lastCaptivePortalDetected{false} partialConnectivity{false} acceptPartialConnectivity{false} clat{mBaseIface: null, mIface: null, mState: IDLE} }
11-21 08:04:16.509 D/ConnectivityService( 1186): [196 WIFI] EVENT_NETWORK_INFO_CHANGED, going from UNKNOWN to UNKNOWN
11-21 08:04:16.619 D/AppStorageManager( 1186): BEFORE:: Previous Size: 980578304 Current Size: 980926464
11-21 08:04:16.620 D/AppStorageManager( 1186): AFTER:: Previous Size: 980926464 Current Size: 980926464
11-21 08:04:16.652 D/ConnectivityService( 1186): NetReassign [no changes]
11-21 08:04:16.678 I/Nat464Xlat( 1186): Android Xlat is disabled
11-21 08:04:16.678 I/Nat464Xlat( 1186): Android Xlat is disabled
11-21 08:04:16.810 E/ConnectivityService( 1186): Exception in networkAddRouteParcel for non-gateway: android.os.ServiceSpecificException: Machine is not on the network (code 64)
11-21 08:04:16.811 E/ConnectivityService( 1186): Exception in networkAddRouteParcel for gateway: android.os.ServiceSpecificException: Machine is not on the network (code 64)
11-21 08:04:16.811 I/Nat464Xlat( 1186): Android Xlat is disabled
11-21 08:04:16.811 I/Nat464Xlat( 1186): Android Xlat is disabled
11-21 08:04:16.870 D/ConnectivityService( 1186): Setting DNS servers for network 196 to [/192.168.1.1]
11-21 08:04:16.872 I/Nat464Xlat( 1186): Android Xlat is disabled
11-21 08:04:16.872 I/Nat464Xlat( 1186): Android Xlat is disabled
11-21 08:04:16.962 D/ConnectivityService( 1186): [196 WIFI] EVENT_NETWORK_INFO_CHANGED, going from UNKNOWN to CONNECTED
11-21 08:04:16.965 D/DnsManager( 1186): sendDnsConfigurationForNetwork(196, [192.168.1.1], [], 1800, 25, 8, 64, 0, 0, , [])
11-21 08:04:16.971 W/DnsManager( 1186): updatePrivateDns(196, PrivateDnsConfig{true:/[]})
11-21 08:04:16.971 D/ConnectivityService( 1186): Setting DNS servers for network 196 to [/192.168.1.1]
11-21 08:04:16.972 D/DnsManager( 1186): sendDnsConfigurationForNetwork(196, [192.168.1.1], [], 1800, 25, 8, 64, 0, 0, , [192.168.1.1])
11-21 08:04:16.974 D/ConnectivityService( 1186): Adding iface wlan0 to network 196
11-21 08:04:17.046 D/ConnectivityService( 1186): Setting DNS servers for network 196 to [/192.168.1.1]
11-21 08:04:17.046 D/DnsManager( 1186): sendDnsConfigurationForNetwork(196, [192.168.1.1], [], 1800, 25, 8, 64, 0, 0, , [192.168.1.1])
11-21 08:04:17.048 I/Nat464Xlat( 1186): Android Xlat is disabled
11-21 08:04:17.048 I/Nat464Xlat( 1186): Android Xlat is disabled
11-21 08:04:17.131 D/ConnectivityService( 1186): NetReassign [no changes]
11-21 08:04:17.371 D/ConnectivityService( 1186): [196 WIFI] validation passed
11-21 08:04:17.371 D/ConnectivityService( 1186): NetReassign [44 : 101  196, 11 : 101  196, 63 : 101  196, 17 : 101  196, 25 : 101  196, 2222 : 101  196, 1438 : 101  196, 1 : 101  196, 8 : 101  196, 2214 : 101  196, 12 : 101  196, 14 : 101  196, 16 : 101  196, 22 : 101  196, 1515 : 101  196]
11-21 08:04:17.375 E/NetlinkEvent(  462): NetlinkEvent::FindParam(): Parameter 'INTERFACE' not found
11-21 08:04:17.375 E/NetlinkEvent(  462): NetlinkEvent::FindParam(): Parameter 'STATE' not found
11-21 08:04:17.375 E/NetlinkEvent(  462): NetlinkEvent::FindParam(): Parameter 'TIME_NS' not found
11-21 08:04:17.375 E/NetlinkEvent(  462): NetlinkEvent::FindParam(): Parameter 'UID' not found
11-21 08:04:17.410 D/ConnectivityService( 1186): Switching to new default network: NetworkAgentInfo{ ni{[type: WIFI[], state: CONNECTED/CONNECTED, reason: (unspecified), extra: , failover: false, available: true, roaming: false]}  network{196}  nethandle{845219287053}  lp{{InterfaceName: wlan0 LinkAddresses: [ 192.168.1.41/24 ] DnsAddresses: [ /192.168.1.1 ] Domains: null MTU: 0 ServerAddress: /192.168.1.1 TcpBufferSizes: 524288,1048576,2097152,262144,524288,1048576 Routes: [ fe80::/64 -> :: wlan0 mtu 0,192.168.1.0/24 -> 0.0.0.0 wlan0 mtu 0,0.0.0.0/0 -> 192.168.1.1 wlan0 mtu 0 ]}}  nc{[ Transports: WIFI Capabilities: NOT_METERED&INTERNET&NOT_RESTRICTED&TRUSTED&NOT_VPN&VALIDATED&NOT_ROAMING&FOREGROUND&NOT_CONGESTED&NOT_SUSPENDED LinkUpBandwidth>=62000Kbps LinkDnBandwidth>=62000Kbps SignalStrength: -30 OwnerUid: 1000 SSID: "MTBF_Lab" RequestorUid: -1 RequestorPackageName: null]}  Score{60}  everValidated{true}  lastValidated{true}  created{true} lingering{false} explicitlySelected{false} acceptUnvalidated{false} everCaptivePortalDetected{false} lastCaptivePortalDetected{false} partialConnectivity{false} acceptPartialConnectivity{false} clat{mBaseIface: null, mIface: null, mState: IDLE} }
11-21 08:04:17.506 W/SimpleTimeDetectorStrategy( 1186): Existing suggestion found to be invalid  elapsedRealtimeMillis=144945232, timeSuggestion=TelephonyTimeSuggestion{mSlotIndex='0', mUtcTime=TimestampedValue{mReferenceTimeMillis=57092, mValue=1637365770000}, mDebugInfo=[Sending new time suggestion nitzSignal=TimestampedValue{mReferenceTimeMillis=57092, mValue=NitzData{mOriginalString=21/11/19,23:49:30-32,00, mZoneOffset=-28800000, mDstOffset=0, mCurrentTimeMillis=1637365770000, mEmulatorHostTimeZone=null}}, reason=handleNitzReceived(TimestampedValue{mReferenceTimeMillis=57092, mValue=NitzData{mOriginalString=21/11/19,23:49:30-32,00, mZoneOffset=-28800000, mDstOffset=0, mCurrentTimeMillis=1637365770000, mEmulatorHostTimeZone=null}})]}
11-21 08:04:17.543 D/ConnectivityService( 1186): Lingering [101 CELLULAR] for 30000ms
11-21 08:04:17.545 D/ConnectivityService( 1186): Sending DISCONNECTED broadcast for type 0 [101 CELLULAR] isDefaultNetwork=true
11-21 08:04:17.547 D/ConnectivityService( 1186): Sending CONNECTED broadcast for type 1 [196 WIFI] isDefaultNetwork=true
11-21 08:04:17.582 D/ConnectivityService( 1186): Setting DNS servers for network 196 to [/192.168.1.1]
11-21 08:04:17.583 D/DnsManager( 1186): sendDnsConfigurationForNetwork(196, [192.168.1.1], [], 1800, 25, 8, 64, 0, 0, , [192.168.1.1])
11-21 08:04:17.961 I/Nat464Xlat( 1186): Android Xlat is disabled
11-21 08:04:17.961 I/Nat464Xlat( 1186): Android Xlat is disabled
11-21 08:04:18.510 D/commandrouter( 1006): SocServiceHandle::onServiceMessage, SoC Service = mcu_healthcheck_934, appType = 1, type = SVC_REQ, clientId = 0, token = 2414, payloadLen = 20, result = 0, payload.size() = 20
11-21 08:04:18.514 D/commandrouter( 1006): mcu_healthcheck_934 (1, merlot:mcu_health:control): <ServiceResponse> FORWARDED (remote -> local) CR token ID = 2414, service client ID = 5, token ID = 62023, result = 0
11-21 08:04:21.871 D/commandrouter( 1006): rtc_sync (1, rtc:sync): <ServiceRequest> FORWARDED (remote -> local) service client ID = 0, token ID = 47257
11-21 08:04:21.872 D/commandrouter( 1006): SocServiceHandle::onServiceMessage, SoC Service = rtc_sync, appType = 1, type = SVC_RESP, clientId = 0, token = 47257, payloadLen = 8, result = 0, payload.size() = 8
11-21 08:04:24.926 D/ConnectivityService( 1186): requestNetwork for uid/pid:10004/17409 NetworkRequest [ TRACK_DEFAULT id=2227, [ Capabilities: INTERNET&NOT_RESTRICTED&TRUSTED Uid: 10004 AdministratorUids: [] RequestorUid: 10004 RequestorPackageName: com.facebook.wearable.system.telecom] ]
11-21 08:04:24.926 D/ConnectivityService( 1186): NetReassign [2227 : null  196]
11-21 08:04:25.045 D/ConnectivityService( 1186): releasing NetworkRequest [ TRACK_DEFAULT id=2227, [ Capabilities: INTERNET&NOT_RESTRICTED&TRUSTED Uid: 10004 AdministratorUids: [] RequestorUid: 10004 RequestorPackageName: com.facebook.wearable.system.telecom] ] (release request)
11-21 08:04:31.863 D/commandrouter( 1006): rtc_sync (1, rtc:sync): <ServiceRequest> FORWARDED (remote -> local) service client ID = 0, token ID = 47258
11-21 08:04:31.864 D/commandrouter( 1006): SocServiceHandle::onServiceMessage, SoC Service = rtc_sync, appType = 1, type = SVC_RESP, clientId = 0, token = 47258, payloadLen = 8, result = 0, payload.size() = 8
11-21 08:04:36.341 D/AutofillManagerService( 1186): onBackKeyPressed()
11-21 08:04:37.548 I/chatty  ( 1186): uid=1000(system) android.ui identical 2 lines
11-21 08:04:38.733 D/AutofillManagerService( 1186): onBackKeyPressed()
11-21 08:04:39.162 W/ActivityManager( 1186): Invalid packageName: com.facebook.wearable.system.settings/com.facebook.wearable.system.settings.SettingsActivity
11-21 08:04:39.242 I/ActivityTaskManager( 1186): START u0 {flg=0x10000000 cmp=com.facebook.wearable.system.settings/.SettingsActivity} from uid 0
11-21 08:04:39.259 I/ActivityTaskManager( 1186): The Process com.facebook.wearable.system.settings Already Exists in BG. So sending its PID: 10851
11-21 08:04:39.259 W/ActivityTaskManager( 1186): Tried to set launchTime (0) < mLastActivityLaunchTime (144936003)
11-21 08:04:41.701 D/commandrouter( 1006): SocServiceHandle::onServiceMessage, SoC Service = mcu_healthcheck_1029, appType = 1, type = SVC_REQ, clientId = 0, token = 4829, payloadLen = 12, result = 0, payload.size() = 12
11-21 08:04:41.704 D/commandrouter( 1006): mcu_healthcheck_1029 (1, merlot:mcu_health:control): <ServiceResponse> FORWARDED (remote -> local) CR token ID = 4829, service client ID = 40, token ID = 62024, result = 0
11-21 08:04:41.705 D/mculinkhealth( 1029): isMcuReachable 1 (4 ms)
11-21 08:04:41.858 D/commandrouter( 1006): rtc_sync (1, rtc:sync): <ServiceRequest> FORWARDED (remote -> local) service client ID = 0, token ID = 47259
11-21 08:04:41.859 D/commandrouter( 1006): SocServiceHandle::onServiceMessage, SoC Service = rtc_sync, appType = 1, type = SVC_RESP, clientId = 0, token = 47259, payloadLen = 8, result = 0, payload.size() = 8
11-21 08:04:42.117 E/TaskPersister( 1186): File error accessing recents directory (directory doesn't exist?).
11-21 08:04:46.864 W/ContextImpl( 1186): Calling a method in the system process without a qualified user: android.app.ContextImpl.sendBroadcastMultiplePermissions:1143 android.content.Context.sendBroadcastWithMultiplePermissions:2150 com.android.server.display.WifiDisplayAdapter.handleSendStatusChangeBroadcast:440 com.android.server.display.WifiDisplayAdapter.access$1700:63 com.android.server.display.WifiDisplayAdapter$WifiDisplayHandler.handleMessage:675 
11-21 08:04:47.371 D/ConnectivityService( 1186): handleLingerComplete for [101 CELLULAR]
11-21 08:04:47.400 D/ConnectivityService( 1186): [196 WIFI] EVENT_NETWORK_INFO_CHANGED, going from CONNECTED to DISCONNECTED
11-21 08:04:47.401 D/ConnectivityService( 1186): [196 WIFI] disconnected, was satisfying 26
11-21 08:04:47.529 I/Nat464Xlat( 1186): Android Xlat is disabled
11-21 08:04:47.529 I/Nat464Xlat( 1186): Android Xlat is disabled
11-21 08:04:47.559 D/ConnectivityService( 1186): Sending DISCONNECTED broadcast for type 1 [196 WIFI] isDefaultNetwork=true
11-21 08:04:47.561 D/ConnectivityService( 1186): NetReassign [44 : null  101, 11 : null  101, 63 : null  101, 17 : null  101, 25 : null  101, 2222 : null  101, 1438 : null  101, 1 : null  101, 8 : null  101, 2214 : null  101, 12 : null  101, 14 : null  101, 16 : null  101, 22 : null  101, 1515 : null  101]
11-21 08:04:47.573 E/NetlinkEvent(  462): NetlinkEvent::FindParam(): Parameter 'INTERFACE' not found
11-21 08:04:47.573 E/NetlinkEvent(  462): NetlinkEvent::FindParam(): Parameter 'STATE' not found
11-21 08:04:47.573 E/NetlinkEvent(  462): NetlinkEvent::FindParam(): Parameter 'TIME_NS' not found
11-21 08:04:47.573 E/NetlinkEvent(  462): NetlinkEvent::FindParam(): Parameter 'UID' not found
11-21 08:04:47.588 D/ConnectivityService( 1186): Switching to new default network: NetworkAgentInfo{ ni{[type: MOBILE[LTE], state: CONNECTED/CONNECTED, reason: (unspecified), extra: enhancedphone, failover: false, available: true, roaming: false]}  network{101}  nethandle{437197393933}  lp{{InterfaceName: rmnet_data2 LinkAddresses: [ 10.55.48.101/30,2600:381:4804:c4b6:8cdc:8f0b:afe1:ec6b/64 ] DnsAddresses: [ /172.26.38.2,/fc00:a:a::400 ] Domains: null MTU: 1430 TcpBufferSizes: 2097152,4194304,8388608,262144,524288,1048576 Routes: [ 0.0.0.0/0 -> 10.55.48.102 rmnet_data2 mtu 1430,::/0 -> fe80::9db2:334d:2872:1e0a rmnet_data2 mtu 1430,10.55.48.100/30 -> 0.0.0.0 rmnet_data2 mtu 0,2600:381:4804:c4b6::/64 -> :: rmnet_data2 mtu 0 ]}}  nc{[ Transports: CELLULAR Capabilities: MMS&SUPL&FOTA&INTERNET&NOT_RESTRICTED&TRUSTED&NOT_VPN&VALIDATED&NOT_ROAMING&NOT_CONGESTED&NOT_SUSPENDED LinkUpBandwidth>=15000Kbps LinkDnBandwidth>=30000Kbps Specifier: <TelephonyNetworkSpecifier [mSubId = 1]> AdministratorUids: [] RequestorUid: -1 RequestorPackageName: null]}  Score{50}  everValidated{true}  lastValidated{true}  created{true} lingering{false} explicitlySelected{false} acceptUnvalidated{false} everCaptivePortalDetected{false} lastCaptivePortalDetected{false} partialConnectivity{false} acceptPartialConnectivity{false} clat{mBaseIface: null, mIface: null, mState: IDLE} }
11-21 08:04:47.766 W/SimpleTimeDetectorStrategy( 1186): Existing suggestion found to be invalid  elapsedRealtimeMillis=144975492, timeSuggestion=TelephonyTimeSuggestion{mSlotIndex='0', mUtcTime=TimestampedValue{mReferenceTimeMillis=57092, mValue=1637365770000}, mDebugInfo=[Sending new time suggestion nitzSignal=TimestampedValue{mReferenceTimeMillis=57092, mValue=NitzData{mOriginalString=21/11/19,23:49:30-32,00, mZoneOffset=-28800000, mDstOffset=0, mCurrentTimeMillis=1637365770000, mEmulatorHostTimeZone=null}}, reason=handleNitzReceived(TimestampedValue{mReferenceTimeMillis=57092, mValue=NitzData{mOriginalString=21/11/19,23:49:30-32,00, mZoneOffset=-28800000, mDstOffset=0, mCurrentTimeMillis=1637365770000, mEmulatorHostTimeZone=null}})]}
11-21 08:04:47.845 D/ConnectivityService( 1186): Sending CONNECTED broadcast for type 0 [101 CELLULAR] isDefaultNetwork=true
11-21 08:04:51.621 D/AutofillManagerService( 1186): onBackKeyPressed()
11-21 08:04:51.852 D/commandrouter( 1006): rtc_sync (1, rtc:sync): <ServiceRequest> FORWARDED (remote -> local) service client ID = 0, token ID = 47260
11-21 08:04:51.853 D/commandrouter( 1006): SocServiceHandle::onServiceMessage, SoC Service = rtc_sync, appType = 1, type = SVC_RESP, clientId = 0, token = 47260, payloadLen = 8, result = 0, payload.size() = 8
11-21 08:04:52.147 D/AutofillManagerService( 1186): onBackKeyPressed()
11-21 08:04:54.626 I/chatty  ( 1186): uid=1000(system) android.ui identical 3 lines
11-21 08:04:55.623 D/AutofillManagerService( 1186): onBackKeyPressed()
11-21 08:04:56.166 E/TaskPersister( 1186): File error accessing recents directory (directory doesn't exist?).
11-21 08:04:56.616 D/AutofillManagerService( 1186): onBackKeyPressed()
11-21 08:04:57.628 D/AutofillManagerService( 1186): onBackKeyPressed()
11-21 08:04:58.142 W/ActivityManager( 1186): Invalid packageName: com.facebook.wearable.system.settings/com.facebook.wearable.system.settings.SettingsActivity
11-21 08:04:58.275 I/ActivityTaskManager( 1186): START u0 {flg=0x10000000 cmp=com.facebook.wearable.system.settings/.SettingsActivity} from uid 0
11-21 08:04:58.292 I/ActivityTaskManager( 1186): The Process com.facebook.wearable.system.settings Already Exists in BG. So sending its PID: 10851
11-21 08:04:58.293 W/ActivityTaskManager( 1186): Tried to set launchTime (0) < mLastActivityLaunchTime (144966986)
11-21 08:05:01.846 D/commandrouter( 1006): rtc_sync (1, rtc:sync): <ServiceRequest> FORWARDED (remote -> local) service client ID = 0, token ID = 47261
11-21 08:05:01.847 D/commandrouter( 1006): SocServiceHandle::onServiceMessage, SoC Service = rtc_sync, appType = 1, type = SVC_RESP, clientId = 0, token = 47261, payloadLen = 8, result = 0, payload.size() = 8
11-21 08:05:01.887 E/TaskPersister( 1186): File error accessing recents directory (directory doesn't exist?).
11-21 08:05:01.903 D/AnalyticsLogger( 1186): sent events: 14
11-21 08:05:05.113 W/ContextImpl( 1186): Calling a method in the system process without a qualified user: android.app.ContextImpl.sendBroadcastMultiplePermissions:1143 android.content.Context.sendBroadcastWithMultiplePermissions:2150 com.android.server.display.WifiDisplayAdapter.handleSendStatusChangeBroadcast:440 com.android.server.display.WifiDisplayAdapter.access$1700:63 com.android.server.display.WifiDisplayAdapter$WifiDisplayHandler.handleMessage:675 
11-21 08:05:06.133 W/ContextImpl( 1186): Calling a method in the system process without a qualified user: android.app.ContextImpl.sendBroadcastMultiplePermissions:1143 android.content.Context.sendBroadcastWithMultiplePermissions:2150 com.android.server.wifi.p2p.WifiP2pServiceImpl$P2pStateMachine.sendBroadcastMultiplePermissions:3209 com.android.server.wifi.p2p.WifiP2pServiceImpl$P2pStateMachine.sendP2pConnectionChangedBroadcast:3236 com.android.server.wifi.p2p.WifiP2pServiceImpl$P2pStateMachine.access$5100:768 
11-21 08:05:06.134 W/BroadcastQueue( 1186): Permission Denial: receiving Intent { act=android.net.wifi.p2p.CONNECTION_STATE_CHANGE flg=0x24000010 (has extras) } to ProcessRecord{688c834 1907:.qtidataservices/u0a88} (pid=1907, uid=10088) requires android.permission.ACCESS_FINE_LOCATION due to sender android (uid 1000)
11-21 08:05:06.140 W/ContextImpl( 1186): Calling a method in the system process without a qualified user: android.app.ContextImpl.sendBroadcastMultiplePermissions:1143 android.content.Context.sendBroadcastWithMultiplePermissions:2150 com.android.server.wifi.p2p.WifiP2pServiceImpl$P2pStateMachine.sendBroadcastMultiplePermissions:3209 com.android.server.wifi.p2p.WifiP2pServiceImpl$P2pStateMachine.sendThisDeviceChangedBroadcast:3218 com.android.server.wifi.p2p.WifiP2pServiceImpl$P2pStateMachine.updateThisDevice:3962 
11-21 08:05:06.239 W/wificond(  911): Scan is not started. Ignore abort request
11-21 08:05:06.616 D/ConnectivityService( 1186): registerNetworkAgent NetworkAgentInfo{ ni{[type: WIFI[], state: UNKNOWN/IDLE, reason: (unspecified), extra: , failover: false, available: true, roaming: false]}  network{197}  nethandle{849514254349}  lp{{InterfaceName: wlan0 LinkAddresses: [ ] DnsAddresses: [ ] Domains: null MTU: 0 Routes: [ ]}}  nc{[ Transports: WIFI Capabilities: NOT_METERED&INTERNET&NOT_RESTRICTED&TRUSTED&NOT_VPN&NOT_ROAMING&FOREGROUND&NOT_CONGESTED&NOT_SUSPENDED LinkUpBandwidth>=72000Kbps LinkDnBandwidth>=72000Kbps OwnerUid: 1000 SSID: "MTBF_Lab" RequestorUid: -1 RequestorPackageName: null]}  Score{20}  everValidated{false}  lastValidated{false}  created{false} lingering{false} explicitlySelected{false} acceptUnvalidated{false} everCaptivePortalDetected{false} lastCaptivePortalDetected{false} partialConnectivity{false} acceptPartialConnectivity{false} clat{mBaseIface: null, mIface: null, mState: IDLE} }
11-21 08:05:06.666 D/ConnectivityService( 1186): [197 WIFI] EVENT_NETWORK_INFO_CHANGED, going from UNKNOWN to UNKNOWN
11-21 08:05:06.835 D/ConnectivityService( 1186): NetReassign [no changes]
11-21 08:05:06.885 I/Nat464Xlat( 1186): Android Xlat is disabled
11-21 08:05:06.885 I/Nat464Xlat( 1186): Android Xlat is disabled
11-21 08:05:07.010 E/ConnectivityService( 1186): Exception in networkAddRouteParcel for non-gateway: android.os.ServiceSpecificException: Machine is not on the network (code 64)
11-21 08:05:07.014 E/ConnectivityService( 1186): Exception in networkAddRouteParcel for gateway: android.os.ServiceSpecificException: Machine is not on the network (code 64)
11-21 08:05:07.014 I/Nat464Xlat( 1186): Android Xlat is disabled
11-21 08:05:07.014 I/Nat464Xlat( 1186): Android Xlat is disabled
11-21 08:05:07.155 D/ConnectivityService( 1186): Setting DNS servers for network 197 to [/192.168.1.1]
11-21 08:05:07.157 I/Nat464Xlat( 1186): Android Xlat is disabled
11-21 08:05:07.157 I/Nat464Xlat( 1186): Android Xlat is disabled
11-21 08:05:07.287 D/ConnectivityService( 1186): [197 WIFI] EVENT_NETWORK_INFO_CHANGED, going from UNKNOWN to CONNECTED
11-21 08:05:07.292 D/DnsManager( 1186): sendDnsConfigurationForNetwork(197, [192.168.1.1], [], 1800, 25, 8, 64, 0, 0, , [])
11-21 08:05:07.297 W/DnsManager( 1186): updatePrivateDns(197, PrivateDnsConfig{true:/[]})
11-21 08:05:07.297 D/ConnectivityService( 1186): Setting DNS servers for network 197 to [/192.168.1.1]
11-21 08:05:07.298 D/DnsManager( 1186): sendDnsConfigurationForNetwork(197, [192.168.1.1], [], 1800, 25, 8, 64, 0, 0, , [192.168.1.1])
11-21 08:05:07.300 D/ConnectivityService( 1186): Adding iface wlan0 to network 197
11-21 08:05:07.343 D/ConnectivityService( 1186): Setting DNS servers for network 197 to [/192.168.1.1]
11-21 08:05:07.343 D/DnsManager( 1186): sendDnsConfigurationForNetwork(197, [192.168.1.1], [], 1800, 25, 8, 64, 0, 0, , [192.168.1.1])
11-21 08:05:07.347 I/Nat464Xlat( 1186): Android Xlat is disabled
11-21 08:05:07.348 I/Nat464Xlat( 1186): Android Xlat is disabled
11-21 08:05:07.422 D/ConnectivityService( 1186): NetReassign [no changes]
11-21 08:05:07.725 D/ConnectivityService( 1186): [197 WIFI] validation passed
11-21 08:05:07.729 D/ConnectivityService( 1186): NetReassign [44 : 101  197, 11 : 101  197, 63 : 101  197, 17 : 101  197, 25 : 101  197, 2222 : 101  197, 1438 : 101  197, 1 : 101  197, 8 : 101  197, 2214 : 101  197, 12 : 101  197, 14 : 101  197, 16 : 101  197, 22 : 101  197, 1515 : 101  197]
11-21 08:05:07.734 E/NetlinkEvent(  462): NetlinkEvent::FindParam(): Parameter 'INTERFACE' not found
11-21 08:05:07.734 E/NetlinkEvent(  462): NetlinkEvent::FindParam(): Parameter 'STATE' not found
11-21 08:05:07.734 E/NetlinkEvent(  462): NetlinkEvent::FindParam(): Parameter 'TIME_NS' not found
11-21 08:05:07.734 E/NetlinkEvent(  462): NetlinkEvent::FindParam(): Parameter 'UID' not found
11-21 08:05:07.754 D/ConnectivityService( 1186): Switching to new default network: NetworkAgentInfo{ ni{[type: WIFI[], state: CONNECTED/CONNECTED, reason: (unspecified), extra: , failover: false, available: true, roaming: false]}  network{197}  nethandle{849514254349}  lp{{InterfaceName: wlan0 LinkAddresses: [ 192.168.1.41/24 ] DnsAddresses: [ /192.168.1.1 ] Domains: null MTU: 0 ServerAddress: /192.168.1.1 TcpBufferSizes: 524288,1048576,2097152,262144,524288,1048576 Routes: [ fe80::/64 -> :: wlan0 mtu 0,192.168.1.0/24 -> 0.0.0.0 wlan0 mtu 0,0.0.0.0/0 -> 192.168.1.1 wlan0 mtu 0 ]}}  nc{[ Transports: WIFI Capabilities: NOT_METERED&INTERNET&NOT_RESTRICTED&TRUSTED&NOT_VPN&VALIDATED&NOT_ROAMING&FOREGROUND&NOT_CONGESTED&NOT_SUSPENDED LinkUpBandwidth>=62000Kbps LinkDnBandwidth>=62000Kbps SignalStrength: -32 OwnerUid: 1000 SSID: "MTBF_Lab" RequestorUid: -1 RequestorPackageName: null]}  Score{60}  everValidated{true}  lastValidated{true}  created{true} lingering{false} explicitlySelected{false} acceptUnvalidated{false} everCaptivePortalDetected{false} lastCaptivePortalDetected{false} partialConnectivity{false} acceptPartialConnectivity{false} clat{mBaseIface: null, mIface: null, mState: IDLE} }
11-21 08:05:07.854 W/SimpleTimeDetectorStrategy( 1186): Existing suggestion found to be invalid  elapsedRealtimeMillis=144995579, timeSuggestion=TelephonyTimeSuggestion{mSlotIndex='0', mUtcTime=TimestampedValue{mReferenceTimeMillis=57092, mValue=1637365770000}, mDebugInfo=[Sending new time suggestion nitzSignal=TimestampedValue{mReferenceTimeMillis=57092, mValue=NitzData{mOriginalString=21/11/19,23:49:30-32,00, mZoneOffset=-28800000, mDstOffset=0, mCurrentTimeMillis=1637365770000, mEmulatorHostTimeZone=null}}, reason=handleNitzReceived(TimestampedValue{mReferenceTimeMillis=57092, mValue=NitzData{mOriginalString=21/11/19,23:49:30-32,00, mZoneOffset=-28800000, mDstOffset=0, mCurrentTimeMillis=1637365770000, mEmulatorHostTimeZone=null}})]}
11-21 08:05:07.904 D/ConnectivityService( 1186): Lingering [101 CELLULAR] for 30000ms
11-21 08:05:07.906 D/ConnectivityService( 1186): Sending DISCONNECTED broadcast for type 0 [101 CELLULAR] isDefaultNetwork=true
11-21 08:05:07.908 D/ConnectivityService( 1186): Sending CONNECTED broadcast for type 1 [197 WIFI] isDefaultNetwork=true
11-21 08:05:07.929 D/ConnectivityService( 1186): Setting DNS servers for network 197 to [/192.168.1.1]
11-21 08:05:07.930 D/DnsManager( 1186): sendDnsConfigurationForNetwork(197, [192.168.1.1], [], 1800, 25, 8, 64, 0, 0, , [192.168.1.1])
11-21 08:05:08.598 I/Nat464Xlat( 1186): Android Xlat is disabled
11-21 08:05:08.598 I/Nat464Xlat( 1186): Android Xlat is disabled
11-21 08:05:11.706 D/commandrouter( 1006): SocServiceHandle::onServiceMessage, SoC Service = mcu_healthcheck_1029, appType = 1, type = SVC_REQ, clientId = 0, token = 4830, payloadLen = 12, result = 0, payload.size() = 12
11-21 08:05:11.710 D/commandrouter( 1006): mcu_healthcheck_1029 (1, merlot:mcu_health:control): <ServiceResponse> FORWARDED (remote -> local) CR token ID = 4830, service client ID = 40, token ID = 62025, result = 0
11-21 08:05:11.710 D/mculinkhealth( 1029): isMcuReachable 1 (4 ms)
11-21 08:05:11.840 D/commandrouter( 1006): rtc_sync (1, rtc:sync): <ServiceRequest> FORWARDED (remote -> local) service client ID = 0, token ID = 47262
11-21 08:05:11.841 D/commandrouter( 1006): SocServiceHandle::onServiceMessage, SoC Service = rtc_sync, appType = 1, type = SVC_RESP, clientId = 0, token = 47262, payloadLen = 8, result = 0, payload.size() = 8
11-21 08:05:16.665 D/AppStorageManager( 1186): BEFORE:: Previous Size: 980926464 Current Size: 980594688
11-21 08:05:16.665 D/AppStorageManager( 1186): AFTER:: Previous Size: 980594688 Current Size: 980594688
11-21 08:05:18.515 D/commandrouter( 1006): SocServiceHandle::onServiceMessage, SoC Service = mcu_healthcheck_934, appType = 1, type = SVC_REQ, clientId = 0, token = 2415, payloadLen = 20, result = 0, payload.size() = 20
11-21 08:05:18.518 D/commandrouter( 1006): mcu_healthcheck_934 (1, merlot:mcu_health:control): <ServiceResponse> FORWARDED (remote -> local) CR token ID = 2415, service client ID = 5, token ID = 62026, result = 0
11-21 08:05:21.846 D/commandrouter( 1006): rtc_sync (1, rtc:sync): <ServiceRequest> FORWARDED (remote -> local) service client ID = 0, token ID = 47263
11-21 08:05:21.847 D/commandrouter( 1006): SocServiceHandle::onServiceMessage, SoC Service = rtc_sync, appType = 1, type = SVC_RESP, clientId = 0, token = 47263, payloadLen = 8, result = 0, payload.size() = 8
11-21 08:05:26.329 D/AutofillManagerService( 1186): onBackKeyPressed()
11-21 08:05:27.390 I/chatty  ( 1186): uid=1000(system) android.ui identical 2 lines
11-21 08:05:28.624 D/AutofillManagerService( 1186): onBackKeyPressed()
11-21 08:05:29.207 W/ActivityManager( 1186): Invalid packageName: com.facebook.wearable.system.settings/com.facebook.wearable.system.settings.SettingsActivity
11-21 08:05:29.331 I/ActivityTaskManager( 1186): START u0 {flg=0x10000000 cmp=com.facebook.wearable.system.settings/.SettingsActivity} from uid 0
11-21 08:05:29.352 I/ActivityTaskManager( 1186): The Process com.facebook.wearable.system.settings Already Exists in BG. So sending its PID: 10851
11-21 08:05:29.352 W/ActivityTaskManager( 1186): Tried to set launchTime (0) < mLastActivityLaunchTime (144986021)
11-21 08:05:31.847 D/commandrouter( 1006): rtc_sync (1, rtc:sync): <ServiceRequest> FORWARDED (remote -> local) service client ID = 0, token ID = 47264
11-21 08:05:31.848 D/commandrouter( 1006): SocServiceHandle::onServiceMessage, SoC Service = rtc_sync, appType = 1, type = SVC_RESP, clientId = 0, token = 47264, payloadLen = 8, result = 0, payload.size() = 8
11-21 08:05:32.061 E/TaskPersister( 1186): File error accessing recents directory (directory doesn't exist?).
--------- beginning of main
11-21 08:05:33.453 V/WifiHAL (  544): event received NL80211_CMD_NEW_SCAN_RESULTS
11-21 08:05:33.453 I/chatty  ( 1026): uid=1021(gps) lowi-server expire 236 lines
11-21 08:05:33.454 D/WifiNl80211Manager( 1186): Scan result ready event
11-21 08:05:33.454 D/WifiNative( 1186): Scan result ready event
11-21 08:05:33.477 D/WificondScannerImpl( 1186): Filtering out 19 scan results.
11-21 08:05:33.480 I/chatty  ( 1026): uid=1021(gps) lowi-server expire 7 lines
11-21 08:05:33.506 I/chatty  ( 2334): uid=10062(com.facebook.wearable.system.selfcare) DefaultDispatch expire 2 lines
11-21 08:05:33.506 I/chatty  ( 2334): uid=10062(com.facebook.wearable.system.selfcare) MainTP_1416 expire 1 line
11-21 08:05:33.560 I/chatty  ( 2334): uid=10062(com.facebook.wearable.system.selfcare) MainTP_1415 expire 1 line
11-21 08:05:33.560 I/chatty  ( 2334): uid=10062(com.facebook.wearable.system.selfcare) pool-3-thread-3 expire 2 lines
11-21 08:05:33.620 D/UIAutomatorStub(15932): URI: /jsonrpc/0, Method: POST, Header: {content-length=183, remote-addr=127.0.0.1, http-client-ip=127.0.0.1, host=localhost:9012, content-type=application/json, accept-encoding=identity}, params, {NanoHttpd.QUERY_STRING=null}, files: {postData={"jsonrpc": "2.0", "method": "waitForExists", "id": "411b44f6f0805b4d2fd15a207a79bdf9", "params": [{"mask": 1, "childOrSibling": [], "childOrSiblingSelector": [], "text": "WiFi"}, 5]}}
11-21 08:05:33.654 D/CompatibilityInfo( 1186): mCompatibilityFlags - 4
11-21 08:05:33.654 D/CompatibilityInfo( 1186): applicationDensity - 320
11-21 08:05:33.654 D/CompatibilityInfo( 1186): applicationScale - 1.0
11-21 08:05:33.663 D/UIAutomatorStub(15932): URI: /jsonrpc/0, Method: POST, Header: {content-length=172, remote-addr=127.0.0.1, http-client-ip=127.0.0.1, host=localhost:9012, content-type=application/json, accept-encoding=identity}, params, {NanoHttpd.QUERY_STRING=null}, files: {postData={"jsonrpc": "2.0", "method": "click", "id": "a1aabf7d5a2a31b1a5f6a0316785b224", "params": [{"mask": 1, "childOrSibling": [], "childOrSiblingSelector": [], "text": "WiFi"}]}}
11-21 08:05:33.755 W/HWComposer(  598): Ignoring duplicate VSYNC event from HWC for display 0 (t=145021480387854)
11-21 08:05:33.770 W/StatusBarClientConnection(10851): Messenger is null, ignoring message: { when=-1d16h17m1s496ms barrier=1 }
11-21 08:05:33.804 D/CompatibilityInfo( 1186): mCompatibilityFlags - 4
11-21 08:05:33.804 D/CompatibilityInfo( 1186): applicationDensity - 320
11-21 08:05:33.804 D/CompatibilityInfo( 1186): applicationScale - 1.0
11-21 08:05:33.810 E/StatusBarClientConnection(10851): Service connected
11-21 08:05:33.819 D/WifiConnector( 2870): Network State Changed
11-21 08:05:33.828 W/View    (10851): requestLayout() improperly called by android.view.View{e9fc318 V.ED..... ......I. 0,368-474,474} during layout: running second layout pass
11-21 08:05:33.840 D/WifiSharingService( 2870): Starting Wi-Fi scan
11-21 08:05:33.843 I/WifiService( 1186): startScan uid=1000
11-21 08:05:33.844 W/View    (10851): requestLayout() improperly called by com.facebook.wearable.common.wds.listview.WdsListView{6327bcc V.E..V... ........ 0,0-474,474} during second layout pass: posting in next frame
11-21 08:05:33.854 D/WifiNative( 1186): Scan trigered from WifiNative
11-21 08:05:33.856 V/WifiHAL (  544): event received NL80211_CMD_TRIGGER_SCAN
11-21 08:05:33.863 I/chatty  ( 2334): uid=10062(com.facebook.wearable.system.selfcare) DefaultDispatch expire 1 line
11-21 08:05:33.863 I/chatty  ( 2334): uid=10062(com.facebook.wearable.system.selfcare) MainTP_1417 expire 1 line
11-21 08:05:33.921 I/chatty  ( 2334): uid=10062(com.facebook.wearable.system.selfcare) MainTP_1411 expire 1 line
11-21 08:05:33.921 I/chatty  ( 2334): uid=10062(com.facebook.wearable.system.selfcare) pool-3-thread-2 expire 1 line
11-21 08:05:33.985 D/CompatibilityInfo( 1186): mCompatibilityFlags - 4
11-21 08:05:33.985 D/CompatibilityInfo( 1186): applicationDensity - 320
11-21 08:05:33.985 D/CompatibilityInfo( 1186): applicationScale - 1.0
11-21 08:05:34.036 I/chatty  ( 2334): uid=10062(com.facebook.wearable.system.selfcare) DefaultDispatch expire 2 lines
11-21 08:05:34.036 I/chatty  ( 2334): uid=10062(com.facebook.wearable.system.selfcare) pool-3-thread-3 expire 1 line
11-21 08:05:34.165 I/chatty  ( 2334): uid=10062(com.facebook.wearable.system.selfcare) MainTP_1415 expire 1 line
11-21 08:05:34.224 I/chatty  ( 2334): uid=10062(com.facebook.wearable.system.selfcare) MainTP_1416 expire 1 line
11-21 08:05:34.224 I/chatty  ( 2334): uid=10062(com.facebook.wearable.system.selfcare) pool-3-thread-2 expire 2 lines
11-21 08:05:34.293 D/CompatibilityInfo( 1186): mCompatibilityFlags - 4
11-21 08:05:34.293 D/CompatibilityInfo( 1186): applicationDensity - 320
11-21 08:05:34.293 D/CompatibilityInfo( 1186): applicationScale - 1.0
11-21 08:05:34.356 V/WifiHAL (  544): event received NL80211_CMD_NEW_SCAN_RESULTS
11-21 08:05:34.357 D/WifiNl80211Manager( 1186): Scan result ready event
11-21 08:05:34.357 D/WifiNative( 1186): Scan result ready event
11-21 08:05:34.357 I/chatty  ( 1026): uid=1021(gps) lowi-server expire 40 lines
11-21 08:05:34.360 D/LOWI-9.0.0.80( 1026): [LOWI-Scan] 
11-21 08:05:34.360 D/LOWI-9.0.0.80( 1026): [LOWI-Scan] print_bss_handler: Report Probe TSF 145022082194 as it greater than Beacon TSF 144721002389
11-21 08:05:34.360 I/LOWI-9.0.0.80( 1026): [LOWI-Scan] RSN_IE
11-21 08:05:34.360 D/LOWI-9.0.0.80( 1026): [LOWI-Scan] decode_rsn_wpa_ie: Entered
11-21 08:05:34.360 D/LOWI-9.0.0.80( 1026): [LOWIUtils] hexDump: msg(30 14 01 00 00 0f ac 04 01 00 00 0f ac 04 01 00 00 0f ac 02 )
11-21 08:05:34.360 D/LOWI-9.0.0.80( 1026): [LOWI-Scan] decode_rsn_wpa_ie: LOWI_ENCRYPTION_TYPE_WPA_PSK
11-21 08:05:34.360 D/LOWI-9.0.0.80( 1026): [LOWI-Scan] is_qcom_ie, bss_age: 13
11-21 08:05:34.360 D/LOWI-9.0.0.80( 1026): [LOWI-Scan] BSS fe:2d:5a:49:61:eb LOWI_PHY_MODE_11AC_VHT20_2G(11), Beacon Interval: 100, LOWI_ENCRYPTION_TYPE_WPA_PSK 11mcRanging: No, ANQP: Yes, LCI: No, Civic: No, capability(0x1431): ESS Privacy ShortPreamble ShortSlotTime
11-21 08:05:34.360 D/LOWI-9.0.0.80( 1026): [LOWI-Scan] BSS fe:2d:5a:49:61:eb FREQ: 2452, cFreq1[40:80:160] = [0:0:0] cFreq2 = 0 Country Code =    
11-21 08:05:34.360 D/LOWI-9.0.0.80( 1026): [LOWI-Scan] BSS fe:2d:5a:49:61:eb (wlan0) ASSO: NO AddInfo: 0x0, TSF 1, 16:17:02.082, RSSI: -98, CPL: 127, AGE: 0,  SSID Pixel_R2, TSFDelta: 0x0, TXRate: 0
11-21 08:05:34.360 D/LOWI-9.0.0.80( 1026): [LOWI-Scan] 
11-21 08:05:34.360 D/LOWI-9.0.0.80( 1026): [LOWI-Scan] print_bss_handler: Report beacon TSF 145022082220 as it greater than probe TSF 144993494001
11-21 08:05:34.360 I/LOWI-9.0.0.80( 1026): [LOWI-Scan] RSN_IE
11-21 08:05:34.360 D/LOWI-9.0.0.80( 1026): [LOWI-Scan] decode_rsn_wpa_ie: Entered
11-21 08:05:34.360 D/LOWI-9.0.0.80( 1026): [LOWIUtils] hexDump: msg(30 14 01 00 00 0f ac 04 01 00 00 0f ac 04 01 00 00 0f ac 02 )
11-21 08:05:34.360 D/LOWI-9.0.0.80( 1026): [LOWI-Scan] decode_rsn_wpa_ie: LOWI_ENCRYPTION_TYPE_WPA_PSK
11-21 08:05:34.360 D/LOWI-9.0.0.80( 1026): [LOWI-Scan] is_qcom_ie, bss_age: 10
11-21 08:05:34.360 D/LOWI-9.0.0.80( 1026): [LOWI-Scan] BSS c6:82:9b:4e:b3:9e LOWI_PHY_MODE_11AC_VHT20_2G(11), Beacon Interval: 100, LOWI_ENCRYPTION_TYPE_WPA_PSK 11mcRanging: No, ANQP: Yes, LCI: No, Civic: No, capability(0x1431): ESS Privacy ShortPreamble ShortSlotTime
11-21 08:05:34.361 D/LOWI-9.0.0.80( 1026): [LOWI-Scan] BSS c6:82:9b:4e:b3:9e FREQ: 2457, cFreq1[40:80:160] = [0:0:0] cFreq2 = 0 Country Code =    
11-21 08:05:34.361 D/LOWI-9.0.0.80( 1026): [LOWI-Scan] BSS c6:82:9b:4e:b3:9e (wlan0) ASSO: NO AddInfo: 0x1, TSF 1, 16:17:02.082, RSSI: -106, CPL: 127, AGE: 0,  SSID Pixel_R6, TSFDelta: 0x0, TXRate: 0
11-21 08:05:34.361 D/LOWI-9.0.0.80( 1026): [LOWI-Scan] 
11-21 08:05:34.361 D/LOWI-9.0.0.80( 1026): [LOWI-Scan] print_bss_handler: Report Probe TSF 145022082316 as it greater than Beacon TSF 144921023006
11-21 08:05:34.361 I/LOWI-9.0.0.80( 1026): [LOWI-Scan] RSN_IE
11-21 08:05:34.361 D/LOWI-9.0.0.80( 1026): [LOWI-Scan] decode_rsn_wpa_ie: Entered
11-21 08:05:34.361 D/LOWI-9.0.0.80( 1026): [LOWIUtils] hexDump: msg(30 14 01 00 00 0f ac 04 01 00 00 0f ac 04 01 00 00 0f ac 02 )
11-21 08:05:34.361 D/LOWI-9.0.0.80( 1026): [LOWI-Scan] decode_rsn_wpa_ie: LOWI_ENCRYPTION_TYPE_WPA_PSK
11-21 08:05:34.361 D/LOWI-9.0.0.80( 1026): [LOWI-Scan] is_qcom_ie, bss_age: 43
11-21 08:05:34.361 D/LOWI-9.0.0.80( 1026): [LOWI-Scan] BSS 2c:57:41:86:8a:a1 LOWI_PHY_MODE_11NG_HT20(5), Beacon Interval: 100, LOWI_ENCRYPTION_TYPE_WPA_PSK 11mcRanging: No, ANQP: No, LCI: No, Civic: No, capability(0x1411): ESS Privacy ShortSlotTime
11-21 08:05:34.361 D/LOWI-9.0.0.80( 1026): [LOWI-Scan] BSS 2c:57:41:86:8a:a1 FREQ: 2412, cFreq1[40:80:160] = [0:0:0] cFreq2 = 0 Country Code = US
11-21 08:05:34.361 D/LOWI-9.0.0.80( 1026): [LOWI-Scan] BSS 2c:57:41:86:8a:a1 (wlan0) ASSO: NO AddInfo: 0x0, TSF 1, 16:17:02.082, RSSI: -142, CPL: 3, AGE: 0,  SSID kittyhawk, TSFDelta: 0x0, TXRate: 0
11-21 08:05:34.361 D/LOWI-9.0.0.80( 1026): [LOWI-Scan] 
11-21 08:05:34.361 D/LOWI-9.0.0.80( 1026): [LOWI-Scan] print_bss_handler: Report Probe TSF 145022082288 as it greater than Beacon TSF 144871081866
11-21 08:05:34.361 I/LOWI-9.0.0.80( 1026): [LOWI-Scan] RSN_IE
11-21 08:05:34.361 D/LOWI-9.0.0.80( 1026): [LOWI-Scan] decode_rsn_wpa_ie: Entered
11-21 08:05:34.361 D/LOWI-9.0.0.80( 1026): [LOWIUtils] hexDump: msg(30 14 01 00 00 0f ac 04 01 00 00 0f ac 04 01 00 00 0f ac 02 )
11-21 08:05:34.361 D/LOWI-9.0.0.80( 1026): [LOWI-Scan] decode_rsn_wpa_ie: LOWI_ENCRYPTION_TYPE_WPA_PSK
11-21 08:05:34.361 D/LOWI-9.0.0.80( 1026): [LOWI-Scan] is_qcom_ie, bss_age: 43
11-21 08:05:34.362 D/LOWI-9.0.0.80( 1026): [LOWI-Scan] BSS 2c:57:41:88:72:e1 LOWI_PHY_MODE_11NG_HT20(5), Beacon Interval: 100, LOWI_ENCRYPTION_TYPE_WPA_PSK 11mcRanging: No, ANQP: No, LCI: No, Civic: No, capability(0x1411): ESS Privacy ShortSlotTime
11-21 08:05:34.362 D/LOWI-9.0.0.80( 1026): [LOWI-Scan] BSS 2c:57:41:88:72:e1 FREQ: 2412, cFreq1[40:80:160] = [0:0:0] cFreq2 = 0 Country Code = US
11-21 08:05:34.362 D/LOWI-9.0.0.80( 1026): [LOWI-Scan] BSS 2c:57:41:88:72:e1 (wlan0) ASSO: NO AddInfo: 0x0, TSF 1, 16:17:02.082, RSSI: -142, CPL: 3, AGE: 0,  SSID kittyhawk, TSFDelta: 0x0, TXRate: 0
11-21 08:05:34.362 D/LOWI-9.0.0.80( 1026): [LOWI-Scan] 
11-21 08:05:34.362 D/LOWI-9.0.0.80( 1026): [LOWI-Scan] print_bss_handler: Report Probe TSF 145022082234 as it greater than Beacon TSF 144943390714
11-21 08:05:34.362 I/LOWI-9.0.0.80( 1026): [LOWI-Scan] RSN_IE
11-21 08:05:34.362 D/LOWI-9.0.0.80( 1026): [LOWI-Scan] decode_rsn_wpa_ie: Entered
