11-20 00:29:11.257 D/ConnectivityService( 1194): Switching to new default network: NetworkAgentInfo{ ni{[type: WIFI[], state: CONNECTED/CONNECTED, reason: (unspecified), extra: , failover: false, available: true, roaming: false]}  network{133}  nethandle{574636347405}  lp{{InterfaceName: wlan0 LinkAddresses: [ 192.168.1.39/24 ] DnsAddresses: [ /192.168.1.1 ] Domains: null MTU: 0 ServerAddress: /192.168.1.1 TcpBufferSizes: 524288,1048576,2097152,262144,524288,1048576 Routes: [ fe80::/64 -> :: wlan0 mtu 0,192.168.1.0/24 -> 0.0.0.0 wlan0 mtu 0,0.0.0.0/0 -> 192.168.1.1 wlan0 mtu 0 ]}}  nc{[ Transports: WIFI Capabilities: NOT_METERED&INTERNET&NOT_RESTRICTED&TRUSTED&NOT_VPN&VALIDATED&NOT_ROAMING&FOREGROUND&NOT_CONGESTED&NOT_SUSPENDED LinkUpBandwidth>=68000Kbps LinkDnBandwidth>=68000Kbps SignalStrength: -30 OwnerUid: 1000 SSID: "MTBF_Lab" RequestorUid: -1 RequestorPackageName: null]}  Score{60}  everValidated{true}  lastValidated{true}  created{true} lingering{false} explicitlySelected{false} acceptUnvalidated{false} everCaptivePortalDetected{false} lastCaptivePortalDetected{false} partialConnectivity{false} acceptPartialConnectivity{false} clat{mBaseIface: null, mIface: null, mState: IDLE} }
11-20 00:29:11.385 D/ConnectivityService( 1194): Lingering [100 CELLULAR] for 30000ms
11-20 00:29:11.387 D/ConnectivityService( 1194): Sending DISCONNECTED broadcast for type 0 [100 CELLULAR] isDefaultNetwork=true
11-20 00:29:11.388 D/ConnectivityService( 1194): Sending CONNECTED broadcast for type 1 [133 WIFI] isDefaultNetwork=true
11-20 00:29:11.457 D/ConnectivityService( 1194): Setting DNS servers for network 133 to [/192.168.1.1]
11-20 00:29:11.467 D/DnsManager( 1194): sendDnsConfigurationForNetwork(133, [192.168.1.1], [], 1800, 25, 8, 64, 0, 0, , [192.168.1.1])
11-20 00:29:11.752 I/Nat464Xlat( 1194): Android Xlat is disabled
11-20 00:29:11.752 I/Nat464Xlat( 1194): Android Xlat is disabled
11-20 00:29:12.399 D/commandrouter( 1117): SocServiceHandle::onServiceMessage, SoC Service = mcu_healthcheck_1118, appType = 1, type = SVC_REQ, clientId = 0, token = 1041, payloadLen = 12, result = 0, payload.size() = 12
11-20 00:29:12.402 D/commandrouter( 1117): mcu_healthcheck_1118 (1, merlot:mcu_health:control): <ServiceResponse> FORWARDED (remote -> local) CR token ID = 1041, service client ID = 40, token ID = 17903, result = 0
11-20 00:29:12.402 D/mculinkhealth( 1118): isMcuReachable 1 (3 ms)
11-20 00:29:21.072 D/commandrouter( 1117): rtc_sync (1, rtc:sync): <ServiceRequest> FORWARDED (remote -> local) service client ID = 0, token ID = 35894
11-20 00:29:21.072 D/commandrouter( 1117): SocServiceHandle::onServiceMessage, SoC Service = rtc_sync, appType = 1, type = SVC_RESP, clientId = 0, token = 35894, payloadLen = 8, result = 0, payload.size() = 8
11-20 00:29:30.254 D/AutofillManagerService( 1194): onBackKeyPressed()
11-20 00:29:30.781 D/AutofillManagerService( 1194): onBackKeyPressed()
11-20 00:29:31.069 D/commandrouter( 1117): rtc_sync (1, rtc:sync): <ServiceRequest> FORWARDED (remote -> local) service client ID = 0, token ID = 35895
11-20 00:29:31.070 D/commandrouter( 1117): SocServiceHandle::onServiceMessage, SoC Service = rtc_sync, appType = 1, type = SVC_RESP, clientId = 0, token = 35895, payloadLen = 8, result = 0, payload.size() = 8
11-20 00:29:31.307 D/AutofillManagerService( 1194): onBackKeyPressed()
11-20 00:29:32.518 D/AutofillManagerService( 1194): onBackKeyPressed()
11-20 00:29:33.145 W/ActivityManager( 1194): Invalid packageName: com.facebook.wearable.system.settings/com.facebook.wearable.system.settings.SettingsActivity
11-20 00:29:33.248 I/ActivityTaskManager( 1194): START u0 {flg=0x10000000 cmp=com.facebook.wearable.system.settings/.SettingsActivity} from uid 0
11-20 00:29:33.265 I/ActivityTaskManager( 1194): The Process com.facebook.wearable.system.settings Already Exists in BG. So sending its PID: 3038
11-20 00:29:33.265 W/ActivityTaskManager( 1194): Tried to set launchTime (0) < mLastActivityLaunchTime (31288572)
11-20 00:29:36.020 E/TaskPersister( 1194): File error accessing recents directory (directory doesn't exist?).
11-20 00:29:40.393 D/AnalyticsLogger( 1194): sent events: 14
11-20 00:29:40.807 W/ContextImpl( 1194): Calling a method in the system process without a qualified user: android.app.ContextImpl.sendBroadcastMultiplePermissions:1143 android.content.Context.sendBroadcastWithMultiplePermissions:2150 com.android.server.display.WifiDisplayAdapter.handleSendStatusChangeBroadcast:440 com.android.server.display.WifiDisplayAdapter.access$1700:63 com.android.server.display.WifiDisplayAdapter$WifiDisplayHandler.handleMessage:675 
11-20 00:29:41.069 D/commandrouter( 1117): rtc_sync (1, rtc:sync): <ServiceRequest> FORWARDED (remote -> local) service client ID = 0, token ID = 35896
11-20 00:29:41.070 D/commandrouter( 1117): SocServiceHandle::onServiceMessage, SoC Service = rtc_sync, appType = 1, type = SVC_RESP, clientId = 0, token = 35896, payloadLen = 8, result = 0, payload.size() = 8
11-20 00:29:41.205 D/ConnectivityService( 1194): [133 WIFI] EVENT_NETWORK_INFO_CHANGED, going from CONNECTED to DISCONNECTED
11-20 00:29:41.205 D/ConnectivityService( 1194): [133 WIFI] disconnected, was satisfying 27
11-20 00:29:41.279 I/Nat464Xlat( 1194): Android Xlat is disabled
11-20 00:29:41.279 I/Nat464Xlat( 1194): Android Xlat is disabled
11-20 00:29:41.333 D/ConnectivityService( 1194): Sending DISCONNECTED broadcast for type 1 [133 WIFI] isDefaultNetwork=true
11-20 00:29:41.336 D/ConnectivityService( 1194): NetReassign [8 : null → 100, 20 : null → 100, 46 : null → 100, 45 : null → 100, 626 : null → 100, 12 : null → 100, 22 : null → 100, 16 : null → 100, 603 : null → 100, 14 : null → 100, 50 : null → 100, 18 : null → 100, 11 : null → 100, 629 : null → 100, 1 : null → 100, 17 : null → 100]
11-20 00:29:41.338 E/NetlinkEvent(  459): NetlinkEvent::FindParam(): Parameter 'INTERFACE' not found
11-20 00:29:41.338 E/NetlinkEvent(  459): NetlinkEvent::FindParam(): Parameter 'STATE' not found
11-20 00:29:41.338 E/NetlinkEvent(  459): NetlinkEvent::FindParam(): Parameter 'TIME_NS' not found
11-20 00:29:41.338 E/NetlinkEvent(  459): NetlinkEvent::FindParam(): Parameter 'UID' not found
11-20 00:29:41.364 D/ConnectivityService( 1194): Switching to new default network: NetworkAgentInfo{ ni{[type: MOBILE[LTE], state: CONNECTED/CONNECTED, reason: (unspecified), extra: nxtgenphone, failover: false, available: true, roaming: false]}  network{100}  nethandle{432902426637}  lp{{InterfaceName: rmnet_data2 LinkAddresses: [ 10.129.103.196/29,2600:380:c119:24f:b89a:9f3c:46c1:95af/64 ] DnsAddresses: [ /172.26.38.1,/fc00:a:a::300 ] Domains: null MTU: 1430 TcpBufferSizes: 2097152,4194304,8388608,262144,524288,1048576 Routes: [ 0.0.0.0/0 -> 10.129.103.197 rmnet_data2 mtu 1430,::/0 -> fe80::b45f:41f1:1846:969d rmnet_data2 mtu 1430,10.129.103.192/29 -> 0.0.0.0 rmnet_data2 mtu 0,2600:380:c119:24f::/64 -> :: rmnet_data2 mtu 0 ]}}  nc{[ Transports: CELLULAR Capabilities: MMS&SUPL&FOTA&INTERNET&NOT_RESTRICTED&TRUSTED&NOT_VPN&VALIDATED&NOT_ROAMING&FOREGROUND&NOT_CONGESTED&NOT_SUSPENDED LinkUpBandwidth>=15000Kbps LinkDnBandwidth>=30000Kbps Specifier: <TelephonyNetworkSpecifier [mSubId = 1]> AdministratorUids: [] RequestorUid: -1 RequestorPackageName: null]}  Score{50}  everValidated{true}  lastValidated{true}  created{true} lingering{true} explicitlySelected{false} acceptUnvalidated{false} everCaptivePortalDetected{false} lastCaptivePortalDetected{false} partialConnectivity{false} acceptPartialConnectivity{false} clat{mBaseIface: null, mIface: null, mState: IDLE} }
11-20 00:29:41.502 D/ConnectivityService( 1194): Unlingering [100 CELLULAR]
11-20 00:29:41.502 D/ConnectivityService( 1194): Sending CONNECTED broadcast for type 0 [100 CELLULAR] isDefaultNetwork=true
11-20 00:29:42.404 D/commandrouter( 1117): SocServiceHandle::onServiceMessage, SoC Service = mcu_healthcheck_1118, appType = 1, type = SVC_REQ, clientId = 0, token = 1042, payloadLen = 12, result = 0, payload.size() = 12
11-20 00:29:42.407 D/commandrouter( 1117): mcu_healthcheck_1118 (1, merlot:mcu_health:control): <ServiceResponse> FORWARDED (remote -> local) CR token ID = 1042, service client ID = 40, token ID = 17904, result = 0
11-20 00:29:42.407 D/mculinkhealth( 1118): isMcuReachable 1 (4 ms)
11-20 00:29:45.539 D/AutofillManagerService( 1194): onBackKeyPressed()
11-20 00:29:48.627 I/chatty  ( 1194): uid=1000(system) android.ui identical 4 lines
11-20 00:29:49.622 D/AutofillManagerService( 1194): onBackKeyPressed()
11-20 00:29:50.090 E/TaskPersister( 1194): File error accessing recents directory (directory doesn't exist?).
11-20 00:29:50.634 D/AutofillManagerService( 1194): onBackKeyPressed()
11-20 00:29:51.095 D/commandrouter( 1117): rtc_sync (1, rtc:sync): <ServiceRequest> FORWARDED (remote -> local) service client ID = 0, token ID = 35897
11-20 00:29:51.096 D/commandrouter( 1117): SocServiceHandle::onServiceMessage, SoC Service = rtc_sync, appType = 1, type = SVC_RESP, clientId = 0, token = 35897, payloadLen = 8, result = 0, payload.size() = 8
11-20 00:29:51.633 D/AutofillManagerService( 1194): onBackKeyPressed()
11-20 00:29:52.135 W/ActivityManager( 1194): Invalid packageName: com.facebook.wearable.system.settings/com.facebook.wearable.system.settings.SettingsActivity
11-20 00:29:52.272 I/ActivityTaskManager( 1194): START u0 {flg=0x10000000 cmp=com.facebook.wearable.system.settings/.SettingsActivity} from uid 0
11-20 00:29:52.292 I/ActivityTaskManager( 1194): The Process com.facebook.wearable.system.settings Already Exists in BG. So sending its PID: 3038
11-20 00:29:52.292 W/ActivityTaskManager( 1194): Tried to set launchTime (0) < mLastActivityLaunchTime (31319529)
11-20 00:29:53.774 D/commandrouter( 1117): SocServiceHandle::onServiceMessage, SoC Service = mcu_healthcheck_1194, appType = 1, type = SVC_REQ, clientId = 0, token = 55, payloadLen = 12, result = 0, payload.size() = 12
11-20 00:29:53.778 D/commandrouter( 1117): mcu_healthcheck_1194 (1, merlot:mcu_health:control): <ServiceResponse> FORWARDED (remote -> local) CR token ID = 55, service client ID = 39, token ID = 17905, result = 0
11-20 00:29:53.788 D/McuReachableCollector( 1194): call isMcuReachable, result true
11-20 00:29:53.860 D/RadioActivityCollector( 1194): Logging RadioActivity data: fields={radio_bluetooth_tx_time_unplugged=0, radio_wifi_sleep_time_unplugged=498179, radio_bluetooth_idle_time_unplugged=0, radio_wifi_tx_time_unplugged=0, radio_bluetooth_energy_used_unplugged=0, radio_bluetooth_rx_time_unplugged=0, radio_wifi_rx_time_unplugged=0, radio_bluetooth_sleep_time_unplugged=600012, radio_wifi_idle_time_unplugged=101834, radio_wifi_energy_used_unplugged=0}, pid=null, uid=null, pids=null, uids=null
11-20 00:29:56.404 E/TaskPersister( 1194): File error accessing recents directory (directory doesn't exist?).
11-20 00:29:58.866 W/ContextImpl( 1194): Calling a method in the system process without a qualified user: android.app.ContextImpl.sendBroadcastMultiplePermissions:1143 android.content.Context.sendBroadcastWithMultiplePermissions:2150 com.android.server.display.WifiDisplayAdapter.handleSendStatusChangeBroadcast:440 com.android.server.display.WifiDisplayAdapter.access$1700:63 com.android.server.display.WifiDisplayAdapter$WifiDisplayHandler.handleMessage:675 
11-20 00:29:59.856 W/ContextImpl( 1194): Calling a method in the system process without a qualified user: android.app.ContextImpl.sendBroadcastMultiplePermissions:1143 android.content.Context.sendBroadcastWithMultiplePermissions:2150 com.android.server.wifi.p2p.WifiP2pServiceImpl$P2pStateMachine.sendBroadcastMultiplePermissions:3209 com.android.server.wifi.p2p.WifiP2pServiceImpl$P2pStateMachine.sendP2pConnectionChangedBroadcast:3236 com.android.server.wifi.p2p.WifiP2pServiceImpl$P2pStateMachine.access$5100:768 
11-20 00:29:59.857 W/BroadcastQueue( 1194): Permission Denial: receiving Intent { act=android.net.wifi.p2p.CONNECTION_STATE_CHANGE flg=0x24000010 (has extras) } to ProcessRecord{ba73 1900:.qtidataservices/u0a89} (pid=1900, uid=10089) requires android.permission.ACCESS_FINE_LOCATION due to sender android (uid 1000)
11-20 00:29:59.865 W/ContextImpl( 1194): Calling a method in the system process without a qualified user: android.app.ContextImpl.sendBroadcastMultiplePermissions:1143 android.content.Context.sendBroadcastWithMultiplePermissions:2150 com.android.server.wifi.p2p.WifiP2pServiceImpl$P2pStateMachine.sendBroadcastMultiplePermissions:3209 com.android.server.wifi.p2p.WifiP2pServiceImpl$P2pStateMachine.sendThisDeviceChangedBroadcast:3218 com.android.server.wifi.p2p.WifiP2pServiceImpl$P2pStateMachine.updateThisDevice:3962 
11-20 00:29:59.883 W/wificond(  906): Scan is not started. Ignore abort request
11-20 00:30:01.077 D/commandrouter( 1117): rtc_sync (1, rtc:sync): <ServiceRequest> FORWARDED (remote -> local) service client ID = 0, token ID = 35898
11-20 00:30:01.078 D/commandrouter( 1117): SocServiceHandle::onServiceMessage, SoC Service = rtc_sync, appType = 1, type = SVC_RESP, clientId = 0, token = 35898, payloadLen = 8, result = 0, payload.size() = 8
11-20 00:30:01.244 D/ConnectivityService( 1194): registerNetworkAgent NetworkAgentInfo{ ni{[type: WIFI[], state: UNKNOWN/IDLE, reason: (unspecified), extra: , failover: false, available: true, roaming: false]}  network{134}  nethandle{578931314701}  lp{{InterfaceName: wlan0 LinkAddresses: [ ] DnsAddresses: [ ] Domains: null MTU: 0 Routes: [ ]}}  nc{[ Transports: WIFI Capabilities: NOT_METERED&INTERNET&NOT_RESTRICTED&TRUSTED&NOT_VPN&NOT_ROAMING&FOREGROUND&NOT_CONGESTED&NOT_SUSPENDED LinkUpBandwidth>=72000Kbps LinkDnBandwidth>=72000Kbps OwnerUid: 1000 SSID: "MTBF_Lab" RequestorUid: -1 RequestorPackageName: null]}  Score{20}  everValidated{false}  lastValidated{false}  created{false} lingering{false} explicitlySelected{false} acceptUnvalidated{false} everCaptivePortalDetected{false} lastCaptivePortalDetected{false} partialConnectivity{false} acceptPartialConnectivity{false} clat{mBaseIface: null, mIface: null, mState: IDLE} }
11-20 00:30:01.260 D/ConnectivityService( 1194): [134 WIFI] EVENT_NETWORK_INFO_CHANGED, going from UNKNOWN to UNKNOWN
11-20 00:30:01.411 D/ConnectivityService( 1194): NetReassign [no changes]
11-20 00:30:01.432 I/Nat464Xlat( 1194): Android Xlat is disabled
11-20 00:30:01.432 I/Nat464Xlat( 1194): Android Xlat is disabled
11-20 00:30:01.550 E/ConnectivityService( 1194): Exception in networkAddRouteParcel for non-gateway: android.os.ServiceSpecificException: Machine is not on the network (code 64)
11-20 00:30:01.551 E/ConnectivityService( 1194): Exception in networkAddRouteParcel for gateway: android.os.ServiceSpecificException: Machine is not on the network (code 64)
11-20 00:30:01.551 I/Nat464Xlat( 1194): Android Xlat is disabled
11-20 00:30:01.551 I/Nat464Xlat( 1194): Android Xlat is disabled
11-20 00:30:01.615 D/ConnectivityService( 1194): Setting DNS servers for network 134 to [/192.168.1.1]
11-20 00:30:01.616 I/Nat464Xlat( 1194): Android Xlat is disabled
11-20 00:30:01.616 I/Nat464Xlat( 1194): Android Xlat is disabled
11-20 00:30:01.703 D/ConnectivityService( 1194): [134 WIFI] EVENT_NETWORK_INFO_CHANGED, going from UNKNOWN to CONNECTED
11-20 00:30:01.706 D/DnsManager( 1194): sendDnsConfigurationForNetwork(134, [192.168.1.1], [], 1800, 25, 8, 64, 0, 0, , [])
11-20 00:30:01.713 W/DnsManager( 1194): updatePrivateDns(134, PrivateDnsConfig{true:/[]})
11-20 00:30:01.713 D/ConnectivityService( 1194): Setting DNS servers for network 134 to [/192.168.1.1]
11-20 00:30:01.714 D/DnsManager( 1194): sendDnsConfigurationForNetwork(134, [192.168.1.1], [], 1800, 25, 8, 64, 0, 0, , [192.168.1.1])
11-20 00:30:01.716 D/ConnectivityService( 1194): Adding iface wlan0 to network 134
11-20 00:30:01.757 D/ConnectivityService( 1194): Setting DNS servers for network 134 to [/192.168.1.1]
11-20 00:30:01.758 D/DnsManager( 1194): sendDnsConfigurationForNetwork(134, [192.168.1.1], [], 1800, 25, 8, 64, 0, 0, , [192.168.1.1])
11-20 00:30:01.760 I/Nat464Xlat( 1194): Android Xlat is disabled
11-20 00:30:01.760 I/Nat464Xlat( 1194): Android Xlat is disabled
11-20 00:30:01.811 D/ConnectivityService( 1194): NetReassign [no changes]
11-20 00:30:01.977 D/ConnectivityService( 1194): [134 WIFI] validation passed
11-20 00:30:01.978 D/ConnectivityService( 1194): NetReassign [8 : 100 → 134, 20 : 100 → 134, 46 : 100 → 134, 45 : 100 → 134, 626 : 100 → 134, 12 : 100 → 134, 22 : 100 → 134, 16 : 100 → 134, 603 : 100 → 134, 14 : 100 → 134, 50 : 100 → 134, 18 : 100 → 134, 11 : 100 → 134, 629 : 100 → 134, 1 : 100 → 134, 17 : 100 → 134]
11-20 00:30:01.984 E/NetlinkEvent(  459): NetlinkEvent::FindParam(): Parameter 'INTERFACE' not found
11-20 00:30:01.985 E/NetlinkEvent(  459): NetlinkEvent::FindParam(): Parameter 'STATE' not found
11-20 00:30:01.985 E/NetlinkEvent(  459): NetlinkEvent::FindParam(): Parameter 'TIME_NS' not found
11-20 00:30:01.985 E/NetlinkEvent(  459): NetlinkEvent::FindParam(): Parameter 'UID' not found
11-20 00:30:02.002 D/ConnectivityService( 1194): Switching to new default network: NetworkAgentInfo{ ni{[type: WIFI[], state: CONNECTED/CONNECTED, reason: (unspecified), extra: , failover: false, available: true, roaming: false]}  network{134}  nethandle{578931314701}  lp{{InterfaceName: wlan0 LinkAddresses: [ 192.168.1.39/24 ] DnsAddresses: [ /192.168.1.1 ] Domains: null MTU: 0 ServerAddress: /192.168.1.1 TcpBufferSizes: 524288,1048576,2097152,262144,524288,1048576 Routes: [ fe80::/64 -> :: wlan0 mtu 0,192.168.1.0/24 -> 0.0.0.0 wlan0 mtu 0,0.0.0.0/0 -> 192.168.1.1 wlan0 mtu 0 ]}}  nc{[ Transports: WIFI Capabilities: NOT_METERED&INTERNET&NOT_RESTRICTED&TRUSTED&NOT_VPN&VALIDATED&NOT_ROAMING&FOREGROUND&NOT_CONGESTED&NOT_SUSPENDED LinkUpBandwidth>=68000Kbps LinkDnBandwidth>=68000Kbps SignalStrength: -30 OwnerUid: 1000 SSID: "MTBF_Lab" RequestorUid: -1 RequestorPackageName: null]}  Score{60}  everValidated{true}  lastValidated{true}  created{true} lingering{false} explicitlySelected{false} acceptUnvalidated{false} everCaptivePortalDetected{false} lastCaptivePortalDetected{false} partialConnectivity{false} acceptPartialConnectivity{false} clat{mBaseIface: null, mIface: null, mState: IDLE} }
11-20 00:30:02.149 D/ConnectivityService( 1194): Lingering [100 CELLULAR] for 30000ms
11-20 00:30:02.151 D/ConnectivityService( 1194): Sending DISCONNECTED broadcast for type 0 [100 CELLULAR] isDefaultNetwork=true
11-20 00:30:02.152 D/ConnectivityService( 1194): Sending CONNECTED broadcast for type 1 [134 WIFI] isDefaultNetwork=true
11-20 00:30:02.222 D/ConnectivityService( 1194): Setting DNS servers for network 134 to [/192.168.1.1]
11-20 00:30:02.223 D/DnsManager( 1194): sendDnsConfigurationForNetwork(134, [192.168.1.1], [], 1800, 25, 8, 64, 0, 0, , [192.168.1.1])
11-20 00:30:02.463 I/Nat464Xlat( 1194): Android Xlat is disabled
11-20 00:30:02.463 I/Nat464Xlat( 1194): Android Xlat is disabled
11-20 00:30:08.161 D/commandrouter( 1117): SocServiceHandle::onServiceMessage, SoC Service = mcu_healthcheck_946, appType = 1, type = SVC_REQ, clientId = 0, token = 521, payloadLen = 20, result = 0, payload.size() = 20
11-20 00:30:08.166 D/commandrouter( 1117): mcu_healthcheck_946 (1, merlot:mcu_health:control): <ServiceResponse> FORWARDED (remote -> local) CR token ID = 521, service client ID = 6, token ID = 17906, result = 0
11-20 00:30:09.380 D/AppStorageManager( 1194): BEFORE:: Previous Size: 1047629824 Current Size: 1047457792
11-20 00:30:09.380 D/AppStorageManager( 1194): AFTER:: Previous Size: 1047457792 Current Size: 1047457792
11-20 00:30:11.075 D/commandrouter( 1117): rtc_sync (1, rtc:sync): <ServiceRequest> FORWARDED (remote -> local) service client ID = 0, token ID = 35899
11-20 00:30:11.076 D/commandrouter( 1117): SocServiceHandle::onServiceMessage, SoC Service = rtc_sync, appType = 1, type = SVC_RESP, clientId = 0, token = 35899, payloadLen = 8, result = 0, payload.size() = 8
11-20 00:30:12.409 D/commandrouter( 1117): SocServiceHandle::onServiceMessage, SoC Service = mcu_healthcheck_1118, appType = 1, type = SVC_REQ, clientId = 0, token = 1043, payloadLen = 12, result = 0, payload.size() = 12
11-20 00:30:12.413 D/commandrouter( 1117): mcu_healthcheck_1118 (1, merlot:mcu_health:control): <ServiceResponse> FORWARDED (remote -> local) CR token ID = 1043, service client ID = 40, token ID = 17907, result = 0
11-20 00:30:12.414 D/mculinkhealth( 1118): isMcuReachable 1 (5 ms)
11-20 00:30:20.241 D/AutofillManagerService( 1194): onBackKeyPressed()
11-20 00:30:20.773 D/AutofillManagerService( 1194): onBackKeyPressed()
11-20 00:30:21.078 D/commandrouter( 1117): rtc_sync (1, rtc:sync): <ServiceRequest> FORWARDED (remote -> local) service client ID = 0, token ID = 35900
11-20 00:30:21.079 D/commandrouter( 1117): SocServiceHandle::onServiceMessage, SoC Service = rtc_sync, appType = 1, type = SVC_RESP, clientId = 0, token = 35900, payloadLen = 8, result = 0, payload.size() = 8
11-20 00:30:21.296 D/AutofillManagerService( 1194): onBackKeyPressed()
11-20 00:30:22.545 D/AutofillManagerService( 1194): onBackKeyPressed()
11-20 00:30:23.173 W/ActivityManager( 1194): Invalid packageName: com.facebook.wearable.system.settings/com.facebook.wearable.system.settings.SettingsActivity
11-20 00:30:23.299 I/ActivityTaskManager( 1194): START u0 {flg=0x10000000 cmp=com.facebook.wearable.system.settings/.SettingsActivity} from uid 0
11-20 00:30:23.320 I/ActivityTaskManager( 1194): The Process com.facebook.wearable.system.settings Already Exists in BG. So sending its PID: 3038
11-20 00:30:23.320 W/ActivityTaskManager( 1194): Tried to set launchTime (0) < mLastActivityLaunchTime (31338557)
11-20 00:30:25.911 E/TaskPersister( 1194): File error accessing recents directory (directory doesn't exist?).
11-20 00:30:30.820 W/ContextImpl( 1194): Calling a method in the system process without a qualified user: android.app.ContextImpl.sendBroadcastMultiplePermissions:1143 android.content.Context.sendBroadcastWithMultiplePermissions:2150 com.android.server.display.WifiDisplayAdapter.handleSendStatusChangeBroadcast:440 com.android.server.display.WifiDisplayAdapter.access$1700:63 com.android.server.display.WifiDisplayAdapter$WifiDisplayHandler.handleMessage:675 
11-20 00:30:31.078 D/commandrouter( 1117): rtc_sync (1, rtc:sync): <ServiceRequest> FORWARDED (remote -> local) service client ID = 0, token ID = 35901
11-20 00:30:31.078 D/commandrouter( 1117): SocServiceHandle::onServiceMessage, SoC Service = rtc_sync, appType = 1, type = SVC_RESP, clientId = 0, token = 35901, payloadLen = 8, result = 0, payload.size() = 8
11-20 00:30:31.352 D/ConnectivityService( 1194): [134 WIFI] EVENT_NETWORK_INFO_CHANGED, going from CONNECTED to DISCONNECTED
11-20 00:30:31.352 D/ConnectivityService( 1194): [134 WIFI] disconnected, was satisfying 27
11-20 00:30:31.413 I/Nat464Xlat( 1194): Android Xlat is disabled
11-20 00:30:31.413 I/Nat464Xlat( 1194): Android Xlat is disabled
11-20 00:30:31.462 D/ConnectivityService( 1194): Sending DISCONNECTED broadcast for type 1 [134 WIFI] isDefaultNetwork=true
11-20 00:30:31.477 D/ConnectivityService( 1194): NetReassign [8 : null → 100, 20 : null → 100, 46 : null → 100, 45 : null → 100, 626 : null → 100, 12 : null → 100, 22 : null → 100, 16 : null → 100, 603 : null → 100, 14 : null → 100, 50 : null → 100, 18 : null → 100, 11 : null → 100, 629 : null → 100, 1 : null → 100, 17 : null → 100]
11-20 00:30:31.481 E/NetlinkEvent(  459): NetlinkEvent::FindParam(): Parameter 'INTERFACE' not found
11-20 00:30:31.481 E/NetlinkEvent(  459): NetlinkEvent::FindParam(): Parameter 'STATE' not found
11-20 00:30:31.481 E/NetlinkEvent(  459): NetlinkEvent::FindParam(): Parameter 'TIME_NS' not found
11-20 00:30:31.481 E/NetlinkEvent(  459): NetlinkEvent::FindParam(): Parameter 'UID' not found
11-20 00:30:31.494 D/ConnectivityService( 1194): Switching to new default network: NetworkAgentInfo{ ni{[type: MOBILE[LTE], state: CONNECTED/CONNECTED, reason: (unspecified), extra: nxtgenphone, failover: false, available: true, roaming: false]}  network{100}  nethandle{432902426637}  lp{{InterfaceName: rmnet_data2 LinkAddresses: [ 10.129.103.196/29,2600:380:c119:24f:b89a:9f3c:46c1:95af/64 ] DnsAddresses: [ /172.26.38.1,/fc00:a:a::300 ] Domains: null MTU: 1430 TcpBufferSizes: 2097152,4194304,8388608,262144,524288,1048576 Routes: [ 0.0.0.0/0 -> 10.129.103.197 rmnet_data2 mtu 1430,::/0 -> fe80::b45f:41f1:1846:969d rmnet_data2 mtu 1430,10.129.103.192/29 -> 0.0.0.0 rmnet_data2 mtu 0,2600:380:c119:24f::/64 -> :: rmnet_data2 mtu 0 ]}}  nc{[ Transports: CELLULAR Capabilities: MMS&SUPL&FOTA&INTERNET&NOT_RESTRICTED&TRUSTED&NOT_VPN&VALIDATED&NOT_ROAMING&FOREGROUND&NOT_CONGESTED&NOT_SUSPENDED LinkUpBandwidth>=15000Kbps LinkDnBandwidth>=30000Kbps Specifier: <TelephonyNetworkSpecifier [mSubId = 1]> AdministratorUids: [] RequestorUid: -1 RequestorPackageName: null]}  Score{50}  everValidated{true}  lastValidated{true}  created{true} lingering{true} explicitlySelected{false} acceptUnvalidated{false} everCaptivePortalDetected{false} lastCaptivePortalDetected{false} partialConnectivity{false} acceptPartialConnectivity{false} clat{mBaseIface: null, mIface: null, mState: IDLE} }
11-20 00:30:31.657 D/ConnectivityService( 1194): Unlingering [100 CELLULAR]
11-20 00:30:31.657 D/ConnectivityService( 1194): Sending CONNECTED broadcast for type 0 [100 CELLULAR] isDefaultNetwork=true
11-20 00:30:35.557 D/AutofillManagerService( 1194): onBackKeyPressed()
11-20 00:30:38.617 I/chatty  ( 1194): uid=1000(system) android.ui identical 4 lines
11-20 00:30:39.628 D/AutofillManagerService( 1194): onBackKeyPressed()
11-20 00:30:40.079 E/TaskPersister( 1194): File error accessing recents directory (directory doesn't exist?).
11-20 00:30:40.625 D/AutofillManagerService( 1194): onBackKeyPressed()
11-20 00:30:41.076 D/commandrouter( 1117): rtc_sync (1, rtc:sync): <ServiceRequest> FORWARDED (remote -> local) service client ID = 0, token ID = 35902
11-20 00:30:41.076 D/commandrouter( 1117): SocServiceHandle::onServiceMessage, SoC Service = rtc_sync, appType = 1, type = SVC_RESP, clientId = 0, token = 35902, payloadLen = 8, result = 0, payload.size() = 8
11-20 00:30:41.620 D/AutofillManagerService( 1194): onBackKeyPressed()
11-20 00:30:42.156 W/ActivityManager( 1194): Invalid packageName: com.facebook.wearable.system.settings/com.facebook.wearable.system.settings.SettingsActivity
11-20 00:30:42.277 I/ActivityTaskManager( 1194): START u0 {flg=0x10000000 cmp=com.facebook.wearable.system.settings/.SettingsActivity} from uid 0
11-20 00:30:42.295 I/ActivityTaskManager( 1194): The Process com.facebook.wearable.system.settings Already Exists in BG. So sending its PID: 3038
11-20 00:30:42.295 W/ActivityTaskManager( 1194): Tried to set launchTime (0) < mLastActivityLaunchTime (31369585)
11-20 00:30:42.415 D/commandrouter( 1117): SocServiceHandle::onServiceMessage, SoC Service = mcu_healthcheck_1118, appType = 1, type = SVC_REQ, clientId = 0, token = 1044, payloadLen = 12, result = 0, payload.size() = 12
11-20 00:30:42.418 D/commandrouter( 1117): mcu_healthcheck_1118 (1, merlot:mcu_health:control): <ServiceResponse> FORWARDED (remote -> local) CR token ID = 1044, service client ID = 40, token ID = 17908, result = 0
11-20 00:30:42.418 D/mculinkhealth( 1118): isMcuReachable 1 (4 ms)
11-20 00:30:45.888 E/TaskPersister( 1194): File error accessing recents directory (directory doesn't exist?).
11-20 00:30:46.698 D/AnalyticsLogger( 1194): sent events: 13
11-20 00:30:48.935 W/ContextImpl( 1194): Calling a method in the system process without a qualified user: android.app.ContextImpl.sendBroadcastMultiplePermissions:1143 android.content.Context.sendBroadcastWithMultiplePermissions:2150 com.android.server.display.WifiDisplayAdapter.handleSendStatusChangeBroadcast:440 com.android.server.display.WifiDisplayAdapter.access$1700:63 com.android.server.display.WifiDisplayAdapter$WifiDisplayHandler.handleMessage:675 
11-20 00:30:49.968 W/ContextImpl( 1194): Calling a method in the system process without a qualified user: android.app.ContextImpl.sendBroadcastMultiplePermissions:1143 android.content.Context.sendBroadcastWithMultiplePermissions:2150 com.android.server.wifi.p2p.WifiP2pServiceImpl$P2pStateMachine.sendBroadcastMultiplePermissions:3209 com.android.server.wifi.p2p.WifiP2pServiceImpl$P2pStateMachine.sendP2pConnectionChangedBroadcast:3236 com.android.server.wifi.p2p.WifiP2pServiceImpl$P2pStateMachine.access$5100:768 
11-20 00:30:49.969 W/BroadcastQueue( 1194): Permission Denial: receiving Intent { act=android.net.wifi.p2p.CONNECTION_STATE_CHANGE flg=0x24000010 (has extras) } to ProcessRecord{ba73 1900:.qtidataservices/u0a89} (pid=1900, uid=10089) requires android.permission.ACCESS_FINE_LOCATION due to sender android (uid 1000)
11-20 00:30:49.973 W/ContextImpl( 1194): Calling a method in the system process without a qualified user: android.app.ContextImpl.sendBroadcastMultiplePermissions:1143 android.content.Context.sendBroadcastWithMultiplePermissions:2150 com.android.server.wifi.p2p.WifiP2pServiceImpl$P2pStateMachine.sendBroadcastMultiplePermissions:3209 com.android.server.wifi.p2p.WifiP2pServiceImpl$P2pStateMachine.sendThisDeviceChangedBroadcast:3218 com.android.server.wifi.p2p.WifiP2pServiceImpl$P2pStateMachine.updateThisDevice:3962 
11-20 00:30:50.071 W/wificond(  906): Scan is not started. Ignore abort request
11-20 00:30:50.422 D/ConnectivityService( 1194): registerNetworkAgent NetworkAgentInfo{ ni{[type: WIFI[], state: UNKNOWN/IDLE, reason: (unspecified), extra: , failover: false, available: true, roaming: false]}  network{135}  nethandle{583226281997}  lp{{InterfaceName: wlan0 LinkAddresses: [ ] DnsAddresses: [ ] Domains: null MTU: 0 Routes: [ ]}}  nc{[ Transports: WIFI Capabilities: NOT_METERED&INTERNET&NOT_RESTRICTED&TRUSTED&NOT_VPN&NOT_ROAMING&FOREGROUND&NOT_CONGESTED&NOT_SUSPENDED LinkUpBandwidth>=72000Kbps LinkDnBandwidth>=72000Kbps OwnerUid: 1000 SSID: "MTBF_Lab" RequestorUid: -1 RequestorPackageName: null]}  Score{20}  everValidated{false}  lastValidated{false}  created{false} lingering{false} explicitlySelected{false} acceptUnvalidated{false} everCaptivePortalDetected{false} lastCaptivePortalDetected{false} partialConnectivity{false} acceptPartialConnectivity{false} clat{mBaseIface: null, mIface: null, mState: IDLE} }
11-20 00:30:50.438 D/ConnectivityService( 1194): [135 WIFI] EVENT_NETWORK_INFO_CHANGED, going from UNKNOWN to UNKNOWN
11-20 00:30:50.572 D/ConnectivityService( 1194): NetReassign [no changes]
11-20 00:30:50.607 I/Nat464Xlat( 1194): Android Xlat is disabled
11-20 00:30:50.607 I/Nat464Xlat( 1194): Android Xlat is disabled
11-20 00:30:50.731 E/ConnectivityService( 1194): Exception in networkAddRouteParcel for non-gateway: android.os.ServiceSpecificException: Machine is not on the network (code 64)
11-20 00:30:50.734 E/ConnectivityService( 1194): Exception in networkAddRouteParcel for gateway: android.os.ServiceSpecificException: Machine is not on the network (code 64)
11-20 00:30:50.734 I/Nat464Xlat( 1194): Android Xlat is disabled
11-20 00:30:50.734 I/Nat464Xlat( 1194): Android Xlat is disabled
11-20 00:30:50.864 D/ConnectivityService( 1194): Setting DNS servers for network 135 to [/192.168.1.1]
11-20 00:30:50.865 I/Nat464Xlat( 1194): Android Xlat is disabled
11-20 00:30:50.865 I/Nat464Xlat( 1194): Android Xlat is disabled
11-20 00:30:50.965 D/ConnectivityService( 1194): [135 WIFI] EVENT_NETWORK_INFO_CHANGED, going from UNKNOWN to CONNECTED
11-20 00:30:50.968 D/DnsManager( 1194): sendDnsConfigurationForNetwork(135, [192.168.1.1], [], 1800, 25, 8, 64, 0, 0, , [])
11-20 00:30:50.970 W/DnsManager( 1194): updatePrivateDns(135, PrivateDnsConfig{true:/[]})
11-20 00:30:50.970 D/ConnectivityService( 1194): Setting DNS servers for network 135 to [/192.168.1.1]
11-20 00:30:50.971 D/DnsManager( 1194): sendDnsConfigurationForNetwork(135, [192.168.1.1], [], 1800, 25, 8, 64, 0, 0, , [192.168.1.1])
11-20 00:30:50.973 D/ConnectivityService( 1194): Adding iface wlan0 to network 135
11-20 00:30:50.993 D/ConnectivityService( 1194): Setting DNS servers for network 135 to [/192.168.1.1]
11-20 00:30:50.993 D/DnsManager( 1194): sendDnsConfigurationForNetwork(135, [192.168.1.1], [], 1800, 25, 8, 64, 0, 0, , [192.168.1.1])
11-20 00:30:50.995 I/Nat464Xlat( 1194): Android Xlat is disabled
11-20 00:30:50.995 I/Nat464Xlat( 1194): Android Xlat is disabled
11-20 00:30:51.069 D/commandrouter( 1117): rtc_sync (1, rtc:sync): <ServiceRequest> FORWARDED (remote -> local) service client ID = 0, token ID = 35903
11-20 00:30:51.070 D/commandrouter( 1117): SocServiceHandle::onServiceMessage, SoC Service = rtc_sync, appType = 1, type = SVC_RESP, clientId = 0, token = 35903, payloadLen = 8, result = 0, payload.size() = 8
11-20 00:30:51.073 D/ConnectivityService( 1194): NetReassign [no changes]
11-20 00:30:51.225 D/ConnectivityService( 1194): [135 WIFI] validation passed
11-20 00:30:51.226 D/ConnectivityService( 1194): NetReassign [8 : 100 → 135, 20 : 100 → 135, 46 : 100 → 135, 45 : 100 → 135, 626 : 100 → 135, 12 : 100 → 135, 22 : 100 → 135, 16 : 100 → 135, 603 : 100 → 135, 14 : 100 → 135, 50 : 100 → 135, 18 : 100 → 135, 11 : 100 → 135, 629 : 100 → 135, 1 : 100 → 135, 17 : 100 → 135]
11-20 00:30:51.231 E/NetlinkEvent(  459): NetlinkEvent::FindParam(): Parameter 'INTERFACE' not found
11-20 00:30:51.231 E/NetlinkEvent(  459): NetlinkEvent::FindParam(): Parameter 'STATE' not found
11-20 00:30:51.231 E/NetlinkEvent(  459): NetlinkEvent::FindParam(): Parameter 'TIME_NS' not found
11-20 00:30:51.231 E/NetlinkEvent(  459): NetlinkEvent::FindParam(): Parameter 'UID' not found
11-20 00:30:51.244 D/ConnectivityService( 1194): Switching to new default network: NetworkAgentInfo{ ni{[type: WIFI[], state: CONNECTED/CONNECTED, reason: (unspecified), extra: , failover: false, available: true, roaming: false]}  network{135}  nethandle{583226281997}  lp{{InterfaceName: wlan0 LinkAddresses: [ 192.168.1.39/24 ] DnsAddresses: [ /192.168.1.1 ] Domains: null MTU: 0 ServerAddress: /192.168.1.1 TcpBufferSizes: 524288,1048576,2097152,262144,524288,1048576 Routes: [ fe80::/64 -> :: wlan0 mtu 0,192.168.1.0/24 -> 0.0.0.0 wlan0 mtu 0,0.0.0.0/0 -> 192.168.1.1 wlan0 mtu 0 ]}}  nc{[ Transports: WIFI Capabilities: NOT_METERED&INTERNET&NOT_RESTRICTED&TRUSTED&NOT_VPN&VALIDATED&NOT_ROAMING&FOREGROUND&NOT_CONGESTED&NOT_SUSPENDED LinkUpBandwidth>=68000Kbps LinkDnBandwidth>=68000Kbps SignalStrength: -28 OwnerUid: 1000 SSID: "MTBF_Lab" RequestorUid: -1 RequestorPackageName: null]}  Score{60}  everValidated{true}  lastValidated{true}  created{true} lingering{false} explicitlySelected{false} acceptUnvalidated{false} everCaptivePortalDetected{false} lastCaptivePortalDetected{false} partialConnectivity{false} acceptPartialConnectivity{false} clat{mBaseIface: null, mIface: null, mState: IDLE} }
11-20 00:30:51.367 D/ConnectivityService( 1194): Lingering [100 CELLULAR] for 30000ms
11-20 00:30:51.369 D/ConnectivityService( 1194): Sending DISCONNECTED broadcast for type 0 [100 CELLULAR] isDefaultNetwork=true
11-20 00:30:51.371 D/ConnectivityService( 1194): Sending CONNECTED broadcast for type 1 [135 WIFI] isDefaultNetwork=true
11-20 00:30:51.402 D/ConnectivityService( 1194): Setting DNS servers for network 135 to [/192.168.1.1]
11-20 00:30:51.402 D/DnsManager( 1194): sendDnsConfigurationForNetwork(135, [192.168.1.1], [], 1800, 25, 8, 64, 0, 0, , [192.168.1.1])
11-20 00:30:52.062 I/Nat464Xlat( 1194): Android Xlat is disabled
11-20 00:30:52.062 I/Nat464Xlat( 1194): Android Xlat is disabled
11-20 00:31:01.062 D/commandrouter( 1117): rtc_sync (1, rtc:sync): <ServiceRequest> FORWARDED (remote -> local) service client ID = 0, token ID = 35904
11-20 00:31:01.062 D/commandrouter( 1117): SocServiceHandle::onServiceMessage, SoC Service = rtc_sync, appType = 1, type = SVC_RESP, clientId = 0, token = 35904, payloadLen = 8, result = 0, payload.size() = 8
11-20 00:31:08.168 D/commandrouter( 1117): SocServiceHandle::onServiceMessage, SoC Service = mcu_healthcheck_946, appType = 1, type = SVC_REQ, clientId = 0, token = 522, payloadLen = 20, result = 0, payload.size() = 20
11-20 00:31:08.172 D/commandrouter( 1117): mcu_healthcheck_946 (1, merlot:mcu_health:control): <ServiceResponse> FORWARDED (remote -> local) CR token ID = 522, service client ID = 6, token ID = 17909, result = 0
11-20 00:31:09.410 D/AppStorageManager( 1194): BEFORE:: Previous Size: 1047457792 Current Size: 1047842816
11-20 00:31:09.410 D/AppStorageManager( 1194): AFTER:: Previous Size: 1047842816 Current Size: 1047842816
11-20 00:31:10.316 D/AutofillManagerService( 1194): onBackKeyPressed()
11-20 00:31:10.848 D/AutofillManagerService( 1194): onBackKeyPressed()
11-20 00:31:11.059 D/commandrouter( 1117): rtc_sync (1, rtc:sync): <ServiceRequest> FORWARDED (remote -> local) service client ID = 0, token ID = 35905
11-20 00:31:11.060 D/commandrouter( 1117): SocServiceHandle::onServiceMessage, SoC Service = rtc_sync, appType = 1, type = SVC_RESP, clientId = 0, token = 35905, payloadLen = 8, result = 0, payload.size() = 8
11-20 00:31:11.373 D/AutofillManagerService( 1194): onBackKeyPressed()
--------- beginning of main
11-20 00:31:11.525 D/UIAutomatorStub( 6249): URI: /jsonrpc/0, Method: POST, Header: {content-length=102, remote-addr=127.0.0.1, http-client-ip=127.0.0.1, host=localhost:9010, content-type=application/json, accept-encoding=identity}, params, {NanoHttpd.QUERY_STRING=null}, files: {postData={"jsonrpc": "2.0", "method": "pressKey", "id": "1000659c19a11d381c3ce67e96cf8d68", "params": ["back"]}}
11-20 00:31:11.758 D/CompatibilityInfo( 1194): mCompatibilityFlags - 4
11-20 00:31:11.758 D/CompatibilityInfo( 1194): applicationDensity - 320
11-20 00:31:11.758 D/CompatibilityInfo( 1194): applicationScale - 1.0
11-20 00:31:11.777 D/CompatibilityInfo( 1194): mCompatibilityFlags - 4
11-20 00:31:11.778 D/CompatibilityInfo( 1194): applicationDensity - 320
11-20 00:31:11.778 D/CompatibilityInfo( 1194): applicationScale - 1.0
11-20 00:31:12.003 E/ANDR-PERF-OPTSHANDLER(  557): perf_lock_rel: failed for /sys/class/kgsl/kgsl-3d0/min_pwrlevel as previous value is not stored
11-20 00:31:12.004 E/ANDR-PERF-RESOURCEQS(  557): Failed to reset optimization [3, 0]
11-20 00:31:12.419 D/mcu_health_checker( 1118): Sent MCU Health Request
11-20 00:31:12.419 D/commandrouter( 1117): SocServiceHandle::onServiceMessage, SoC Service = mcu_healthcheck_1118, appType = 1, type = SVC_REQ, clientId = 0, token = 1045, payloadLen = 12, result = 0, payload.size() = 12
11-20 00:31:12.422 D/commandrouter( 1117): mcu_healthcheck_1118 (1, merlot:mcu_health:control): <ServiceResponse> FORWARDED (remote -> local) CR token ID = 1045, service client ID = 40, token ID = 17910, result = 0
11-20 00:31:12.423 D/mcu_health_checker( 1118): MCU Health Response: MCU_OK
11-20 00:31:12.423 D/mcu_health_checker( 1118): MCU Session 0, uptime = 31384015 ms
11-20 00:31:12.423 D/mculinkhealth( 1118): isMcuReachable 1 (4 ms)
11-20 00:31:12.582 D/AutofillManagerService( 1194): onBackKeyPressed()
11-20 00:31:12.584 D/LauncherActivity( 2581): onKeyUp() called with keycode:4, event: KeyEvent { action=ACTION_UP, keyCode=KEYCODE_BACK, scanCode=0, metaState=0, flags=0x200, repeatCount=0, eventTime=31418829, downTime=31418829, deviceId=-1, source=0x101, displayId=-1 }
11-20 00:31:13.111 W/HWComposer(  577): Ignoring duplicate VSYNC event from HWC for display 0 (t=31419374151764)
11-20 00:31:13.130 W/ActivityManager( 1194): Invalid packageName: com.facebook.wearable.system.settings/com.facebook.wearable.system.settings.SettingsActivity
11-20 00:31:13.232 I/ActivityTaskManager( 1194): START u0 {flg=0x10000000 cmp=com.facebook.wearable.system.settings/.SettingsActivity} from uid 0
11-20 00:31:13.244 D/CompatibilityInfo( 1194): mCompatibilityFlags - 4
11-20 00:31:13.244 D/CompatibilityInfo( 1194): applicationDensity - 320
11-20 00:31:13.244 D/CompatibilityInfo( 1194): applicationScale - 1.0
11-20 00:31:13.246 D/ActivityTrigger( 1194): ActivityTrigger activityPauseTrigger 
11-20 00:31:13.251 I/ActivityTaskManager( 1194): The Process com.facebook.wearable.system.settings Already Exists in BG. So sending its PID: 3038
11-20 00:31:13.251 W/ActivityTaskManager( 1194): Tried to set launchTime (0) < mLastActivityLaunchTime (31388560)
11-20 00:31:13.253 D/CompatibilityInfo( 1194): mCompatibilityFlags - 4
11-20 00:31:13.253 D/CompatibilityInfo( 1194): applicationDensity - 320
11-20 00:31:13.253 D/CompatibilityInfo( 1194): applicationScale - 1.0
11-20 00:31:13.278 D/LauncherActivity( 2581): onPause
11-20 00:31:13.326 D/FacebookProvider(31424): Starting SSO Network Fetch for 263529928325379
11-20 00:31:13.326 D/CompatibilityInfo( 1194): mCompatibilityFlags - 4
11-20 00:31:13.326 D/CompatibilityInfo( 1194): applicationDensity - 320
11-20 00:31:13.326 D/CompatibilityInfo( 1194): applicationScale - 1.0
11-20 00:31:13.326 I/AccountsContentProvider(31424): No Primary Account. Accounts Error [content://com.facebook.wearable.system.accounts.AccountsContentProvider/facebook/263529928325379]
11-20 00:31:13.326 E/DatabaseUtils(31424): Writing exception to parcel
11-20 00:31:13.326 E/DatabaseUtils(31424): java.lang.IllegalStateException: No Primary Account
11-20 00:31:13.326 E/DatabaseUtils(31424): 	at com.facebook.secure.content.AbstractContentProvider.doQuery(:284)
11-20 00:31:13.326 E/DatabaseUtils(31424): 	at com.facebook.secure.content.AbstractContentProvider.query(:8)
11-20 00:31:13.326 E/DatabaseUtils(31424): 	at android.content.ContentProvider.query(ContentProvider.java:1474)
11-20 00:31:13.326 E/DatabaseUtils(31424): 	at android.content.ContentProvider$Transport.query(ContentProvider.java:278)
11-20 00:31:13.326 E/DatabaseUtils(31424): 	at android.content.ContentProviderNative.onTransact(ContentProviderNative.java:106)
11-20 00:31:13.326 E/DatabaseUtils(31424): 	at android.os.Binder.execTransactInternal(Binder.java:1154)
11-20 00:31:13.326 E/DatabaseUtils(31424): 	at android.os.Binder.execTransact(Binder.java:1123)
11-20 00:31:13.328 E/AccountsViewModel( 3038): AccountsViewModel.flow failed: No Primary Account
11-20 00:31:13.328 E/AccountsViewModel( 3038): java.lang.IllegalStateException: No Primary Account
11-20 00:31:13.328 E/AccountsViewModel( 3038): 	at android.os.Parcel.createExceptionOrNull(Parcel.java:2381)
11-20 00:31:13.328 E/AccountsViewModel( 3038): 	at android.os.Parcel.createException(Parcel.java:2357)
11-20 00:31:13.328 E/AccountsViewModel( 3038): 	at android.os.Parcel.readException(Parcel.java:2340)
11-20 00:31:13.328 E/AccountsViewModel( 3038): 	at android.database.DatabaseUtils.readExceptionFromParcel(DatabaseUtils.java:190)
11-20 00:31:13.328 E/AccountsViewModel( 3038): 	at android.database.DatabaseUtils.readExceptionFromParcel(DatabaseUtils.java:142)
11-20 00:31:13.328 E/AccountsViewModel( 3038): 	at android.content.ContentProviderProxy.query(ContentProviderNative.java:472)
11-20 00:31:13.328 E/AccountsViewModel( 3038): 	at android.content.ContentResolver.query(ContentResolver.java:1185)
11-20 00:31:13.328 E/AccountsViewModel( 3038): 	at android.content.ContentResolver.query(ContentResolver.java:1116)
11-20 00:31:13.328 E/AccountsViewModel( 3038): 	at com.facebook.wearable.common.accounts.contract.WearableAccountsContractRequest.query(:51)
11-20 00:31:13.328 E/AccountsViewModel( 3038): 	at kotlin.coroutines.jvm.internal.BaseContinuationImpl.invokeSuspend(:95489)
11-20 00:31:13.328 E/AccountsViewModel( 3038): 	at com.facebook.wearable.common.accounts.WearableAccountsKt$fb$1.invoke(:9)
11-20 00:31:13.328 E/AccountsViewModel( 3038): 	at com.facebook.wearable.common.coroutines.lazy.LazyAsync.get(:101)
11-20 00:31:13.328 E/AccountsViewModel( 3038): 	at kotlin.coroutines.jvm.internal.BaseContinuationImpl.invokeSuspend(:96596)
11-20 00:31:13.328 E/AccountsViewModel( 3038): 	at com.facebook.wearable.system.settings.accounts.AccountsViewModel$wearableAccountFlow$1.invoke(:11)
11-20 00:31:13.328 E/AccountsViewModel( 3038): 	at kotlinx.coroutines.flow.AbstractFlow.collect$rvp0$0(:72)
11-20 00:31:13.328 E/AccountsViewModel( 3038): 	at kotlin.coroutines.jvm.internal.BaseContinuationImpl.invokeSuspend(:95417)
11-20 00:31:13.328 E/AccountsViewModel( 3038): 	at kotlinx.coroutines.flow.FlowKt__ShareKt$launchSharing$1$2.invoke(Unknown Source:10)
11-20 00:31:13.328 E/AccountsViewModel( 3038): 	at kotlin.coroutines.jvm.internal.BaseContinuationImpl.invokeSuspend(:96715)
11-20 00:31:13.328 E/AccountsViewModel( 3038): 	at kotlinx.coroutines.flow.FlowKt__MergeKt$mapLatest$1.invoke(Unknown Source:15)
11-20 00:31:13.328 E/AccountsViewModel( 3038): 	at kotlin.coroutines.jvm.internal.BaseContinuationImpl.invokeSuspend(:96820)
11-20 00:31:13.328 E/AccountsViewModel( 3038): 	at kotlinx.coroutines.flow.internal.ChannelFlowTransformLatest$flowCollect$3$1$2.invoke(Unknown Source:10)
11-20 00:31:13.328 E/AccountsViewModel( 3038): 	at kotlinx.coroutines.CoroutineStart.invoke(:32)
11-20 00:31:13.328 E/AccountsViewModel( 3038): 	at kotlinx.coroutines.BuildersKt__Builders_commonKt.launch(:15)
11-20 00:31:13.328 E/AccountsViewModel( 3038): 	at kotlinx.coroutines.flow.internal.ChannelFlowTransformLatest$flowCollect$3$invokeSuspend$$inlined$collect$1.emit(:56)
11-20 00:31:13.328 E/AccountsViewModel( 3038): 	at kotlinx.coroutines.flow.DistinctFlowImpl$collect$$inlined$collect$1.emit(:74)
11-20 00:31:13.328 E/AccountsViewModel( 3038): 	at kotlinx.coroutines.flow.FlowKt__LimitKt$dropWhile$lambda-4$$inlined$collect$1.emit(:114)
11-20 00:31:13.328 E/AccountsViewModel( 3038): 	at kotlinx.coroutines.flow.FlowKt__ChannelsKt.emitAllImpl$FlowKt__ChannelsKt(:123)
11-20 00:31:13.328 E/AccountsViewModel( 3038): 	at kotlin.coroutines.jvm.internal.BaseContinuationImpl.invokeSuspend(:96917)
11-20 00:31:13.328 E/AccountsViewModel( 3038): 	at kotlin.coroutines.jvm.internal.BaseContinuationImpl.resumeWith(:5)
11-20 00:31:13.328 E/AccountsViewModel( 3038): 	at kotlinx.coroutines.DispatchedTask.run(:131)
11-20 00:31:13.328 E/AccountsViewModel( 3038): 	at java.util.concurrent.Executors$RunnableAdapter.call(Executors.java:462)
11-20 00:31:13.328 E/AccountsViewModel( 3038): 	at java.util.concurrent.FutureTask.run(FutureTask.java:266)
11-20 00:31:13.328 E/AccountsViewModel( 3038): 	at com.facebook.wearable.common.executors.DelayedFutureTask.run(:22)
11-20 00:31:13.328 E/AccountsViewModel( 3038): 	at java.util.concurrent.ThreadPoolExecutor.runWorker(ThreadPoolExecutor.java:1167)
11-20 00:31:13.328 E/AccountsViewModel( 3038): 	at java.util.concurrent.ThreadPoolExecutor$Worker.run(ThreadPoolExecutor.java:641)
11-20 00:31:13.328 E/AccountsViewModel( 3038): 	at com.facebook.wearable.common.executors.NamedThreadFactory$1.run(:7)
11-20 00:31:13.375 E/StatusBarClientConnection( 3038): Service connected
11-20 00:31:13.400 W/View    ( 3038): requestLayout() improperly called by android.view.View{cb1bed8 V.ED..... ......I. 0,368-474,474} during layout: running second layout pass
11-20 00:31:13.420 W/View    ( 3038): requestLayout() improperly called by com.facebook.wearable.common.wds.listview.WdsListView{9abe18f V.E..V... ........ 0,0-474,474} during second layout pass: posting in next frame
11-20 00:31:13.747 D/CompatibilityInfo( 1194): mCompatibilityFlags - 4
11-20 00:31:13.747 D/CompatibilityInfo( 1194): applicationDensity - 320
11-20 00:31:13.747 D/CompatibilityInfo( 1194): applicationScale - 1.0
11-20 00:31:13.751 D/ComplicationController( 2581): Stopping complication controller.
11-20 00:31:13.760 D/ComplicationDataManagerImpl( 2581): Fetching complication data for package: com.facebook.wearable.apps.calendar, com.facebook.wearable.apps.calendar.DAY_DATE_COMPLICATION.
11-20 00:31:13.760 D/ComplicationDataManagerImpl( 2581): Fetching complication data for package: com.facebook.wearable.apps.player, com.facebook.wearable.apps.player.SHORTCUT_COMPLICATION.
11-20 00:31:13.760 D/ComplicationDataManagerImpl( 2581): Fetching complication data for package: com.facebook.wearable.apps.gallery, com.facebook.wearable.apps.gallery.SHORTCUT_COMPLICATION.
11-20 00:31:13.760 D/ComplicationDataManagerImpl( 2581): Fetching complication data for package: com.facebook.wearable.apps.heart, com.facebook.wearable.apps.heart.HEART_RATE.
11-20 00:31:13.763 D/CompatibilityInfo( 1194): mCompatibilityFlags - 4
11-20 00:31:13.763 D/CompatibilityInfo( 1194): applicationDensity - 320
11-20 00:31:13.763 D/CompatibilityInfo( 1194): applicationScale - 1.0
11-20 00:31:14.303 D/UIAutomatorStub( 6249): URI: /jsonrpc/0, Method: POST, Header: {content-length=192, remote-addr=127.0.0.1, http-client-ip=127.0.0.1, host=localhost:9010, content-type=application/json, accept-encoding=identity}, params, {NanoHttpd.QUERY_STRING=null}, files: {postData={"jsonrpc": "2.0", "method": "waitForExists", "id": "4fedddcc17adcccb07d480c6b7921498", "params": [{"mask": 1, "childOrSibling": [], "childOrSiblingSelector": [], "text": "Notifications"}, 5]}}
11-20 00:31:14.342 D/UIAutomatorStub( 6249): URI: /jsonrpc/0, Method: POST, Header: {content-length=191, remote-addr=127.0.0.1, http-client-ip=127.0.0.1, host=localhost:9010, content-type=application/json, accept-encoding=identity}, params, {NanoHttpd.QUERY_STRING=null}, files: {postData={"jsonrpc": "2.0", "method": "waitForExists", "id": "5891e3e73e81b5c4f4c5d3d8341148e2", "params": [{"mask": 1, "childOrSibling": [], "childOrSiblingSelector": [], "text": "Connectivity"}, 5]}}
11-20 00:31:14.394 D/UIAutomatorStub( 6249): URI: /jsonrpc/0, Method: POST, Header: {content-length=180, remote-addr=127.0.0.1, http-client-ip=127.0.0.1, host=localhost:9010, content-type=application/json, accept-encoding=identity}, params, {NanoHttpd.QUERY_STRING=null}, files: {postData={"jsonrpc": "2.0", "method": "click", "id": "0f4cf943ae4d0308b87270752a2950ea", "params": [{"mask": 1, "childOrSibling": [], "childOrSiblingSelector": [], "text": "Connectivity"}]}}
11-20 00:31:14.434 E/ANDR-PERF-OPTSHANDLER(  557): Unable to find the correct node storage pointers for                   resource index=16, node path=/proc/sys/kernel/sched_upmigrate
11-20 00:31:14.434 E/ANDR-PERF-RESOURCEQS(  557): Failed to reset optimization [3, 7]
