11-20 07:22:43.161 D/WearableConnectivityManager(11143): onWifiStrengthChange: -33
11-20 07:22:43.167 V/LigerRadioStatsReporter( 2357): onCapabilitiesChanged: Network capabilities changed
11-20 07:22:43.167 V/LigerRadioStatsReporter( 2357): reportAndCheckpointRadioStats
11-20 07:22:43.168 V/LigerRadioStatsReporter( 2357): +++++++++++ RADIO STATS DUMP +++++++++++
11-20 07:22:43.168 V/LigerRadioStatsReporter( 2357): totalActiveRadioTimeMs=0
11-20 07:22:43.168 V/LigerRadioStatsReporter( 2357): totalTailRadioTimeMs=13993
11-20 07:22:43.168 V/LigerRadioStatsReporter( 2357): totalWakeupCount=0
11-20 07:22:43.168 V/LigerRadioStatsReporter( 2357): httpUpBytes=0
11-20 07:22:43.168 V/LigerRadioStatsReporter( 2357): httpDownBytes=0
11-20 07:22:43.168 V/LigerRadioStatsReporter( 2357): httpWakeupCount=0
11-20 07:22:43.168 V/LigerRadioStatsReporter( 2357): httpRequestCount=0
11-20 07:22:43.168 V/LigerRadioStatsReporter( 2357): httpActiveRadioTimeMs=0
11-20 07:22:43.168 V/LigerRadioStatsReporter( 2357): httpTailRadioTimeMs=13993
11-20 07:22:43.169 V/LigerRadioStatsReporter( 2357): reportAndCheckpointRadioStats: Tx=0
11-20 07:22:43.169 V/LigerRadioStatsReporter( 2357): reportAndCheckpointRadioStats: Rx=0
11-20 07:22:43.169 V/LigerRadioStatsReporter( 2357): reportAndCheckpointRadioStats: Uids=10027
11-20 07:22:43.169 V/LigerRadioStatsReporter( 2357): reportAndCheckpointRadioStats: Tags=null
11-20 07:22:41.400 I/Nat464Xlat( 1186): Android Xlat is disabled
11-20 07:22:43.753 D/commandrouter( 1006): rtc_sync (1, rtc:sync): <ServiceRequest> FORWARDED (remote -> local) service client ID = 0, token ID = 38368
11-20 07:22:43.754 D/vendor.facebook.rtc_sync@1.0-service( 1145): Request req_ts=1637392963752263423 resp_ts=1637392963754198992
11-20 07:22:43.754 D/commandrouter( 1006): SocServiceHandle::onServiceMessage, SoC Service = rtc_sync, appType = 1, type = SVC_RESP, clientId = 0, token = 38368, payloadLen = 8, result = 0, payload.size() = 8
11-20 07:22:45.332 D/mcu_health_checker( 1029): Sent MCU Health Request
11-20 07:22:45.332 D/commandrouter( 1006): SocServiceHandle::onServiceMessage, SoC Service = mcu_healthcheck_1029, appType = 1, type = SVC_REQ, clientId = 0, token = 1866, payloadLen = 12, result = 0, payload.size() = 12
11-20 07:22:45.335 D/commandrouter( 1006): mcu_healthcheck_1029 (1, merlot:mcu_health:control): <ServiceResponse> FORWARDED (remote -> local) CR token ID = 1866, service client ID = 40, token ID = 32271, result = 0
11-20 07:22:45.336 D/mcu_health_checker( 1029): MCU Health Response: MCU_OK
11-20 07:22:45.336 D/mcu_health_checker( 1029): MCU Session 0, uptime = 56014236 ms
11-20 07:22:45.336 D/mculinkhealth( 1029): isMcuReachable 1 (4 ms)
11-20 07:22:45.470 I/chatty  ( 1186): uid=1000(system) HeapTaskDaemon expire 1 line
11-20 07:22:46.455 E/QMI_FW  ( 1042): qmi_cci_get_ref: ref count increased 2
11-20 07:22:46.456 E/QMI_FW  ( 1042): qmi_cci_get_ref: ref count increased 2
11-20 07:22:46.456 E/QMI_FW  ( 1042): qmi_cci_get_ref: ref count increased 2
11-20 07:22:53.746 D/commandrouter( 1006): rtc_sync (1, rtc:sync): <ServiceRequest> FORWARDED (remote -> local) service client ID = 0, token ID = 38369
11-20 07:22:53.746 D/vendor.facebook.rtc_sync@1.0-service( 1145): Request req_ts=1637392973743198992 resp_ts=1637392973746760082
11-20 07:22:53.747 D/commandrouter( 1006): SocServiceHandle::onServiceMessage, SoC Service = rtc_sync, appType = 1, type = SVC_RESP, clientId = 0, token = 38369, payloadLen = 8, result = 0, payload.size() = 8
11-20 07:22:57.395 I/chatty  ( 1186): uid=1000 system_server expire 3 lines
11-20 07:22:57.395 I/chatty  ( 1186): uid=1000(system) WifiScanningSer expire 4 lines
11-20 07:22:57.396 I/chatty  ( 1026): uid=1021(gps) lowi-server expire 268 lines
11-20 07:22:57.398 V/WifiHAL (  544): event received NL80211_CMD_TRIGGER_SCAN
11-20 07:22:57.503 V/WifiHAL (  544): event received NL80211_CMD_NEW_SCAN_RESULTS
11-20 07:22:57.503 I/chatty  ( 1186): uid=1000(system) Binder:1186_D expire 5 lines
11-20 07:22:57.517 I/chatty  ( 1026): uid=1021(gps) lowi-server expire 7 lines
11-20 07:22:58.766 D/UIAutomatorStub(19450): URI: /jsonrpc/0, Method: POST, Header: {content-length=102, remote-addr=127.0.0.1, http-client-ip=127.0.0.1, host=localhost:9012, content-type=application/json, accept-encoding=identity}, params, {NanoHttpd.QUERY_STRING=null}, files: {postData={"jsonrpc": "2.0", "method": "pressKey", "id": "9303a6d039d1381baeed949d85ecabd4", "params": ["back"]}}
11-20 07:22:58.793 D/AutofillManagerService( 1186): onBackKeyPressed()
11-20 07:22:58.831 D/UIAutomatorStub(19450): URI: /jsonrpc/0, Method: POST, Header: {content-length=102, remote-addr=127.0.0.1, http-client-ip=127.0.0.1, host=localhost:9012, content-type=application/json, accept-encoding=identity}, params, {NanoHttpd.QUERY_STRING=null}, files: {postData={"jsonrpc": "2.0", "method": "pressKey", "id": "774cfae60f6637b7afcdac79d871a863", "params": ["back"]}}
11-20 07:22:58.855 W/HWComposer(  598): Ignoring duplicate VSYNC event from HWC for display 0 (t=56066580865329)
11-20 07:22:58.872 W/HWComposer(  598): Ignoring duplicate VSYNC event from HWC for display 0 (t=56066597798558)
11-20 07:22:59.392 D/UIAutomatorStub(19450): URI: /jsonrpc/0, Method: POST, Header: {content-length=102, remote-addr=127.0.0.1, http-client-ip=127.0.0.1, host=localhost:9012, content-type=application/json, accept-encoding=identity}, params, {NanoHttpd.QUERY_STRING=null}, files: {postData={"jsonrpc": "2.0", "method": "pressKey", "id": "9223d8ea152ca4b9b57029b185d58702", "params": ["back"]}}
11-20 07:22:59.865 I/chatty  ( 1186): uid=1000(system) Binder:1186_1A expire 1 line
11-20 07:22:59.887 I/chatty  ( 1186): uid=1000 system_server expire 1 line
11-20 07:22:59.901 D/ComplicationController(11143): Starting complication controller. Face Type: OdysseyWatchFace
11-20 07:22:59.902 D/ComplicationDataManagerImpl(11143): Updating complication data for package: com.facebook.wearable.apps.heart, id: com.facebook.wearable.apps.heart.HEART_RATE
11-20 07:22:59.902 D/ComplicationDataManagerImpl(11143): Updating complication data for package: com.facebook.wearable.apps.weather, id: com.facebook.wearable.apps.weather.SHORTCUT_COMPLICATION
11-20 07:22:59.902 D/ComplicationDataManagerImpl(11143): Updating complication data for package: com.facebook.wearable.apps.workout, id: com.facebook.wearable.apps.workout.SHORTCUT_COMPLICATION
11-20 07:22:59.902 D/ComplicationDataManagerImpl(11143): Updating complication data for package: com.facebook.wearable.apps.gallery, id: com.facebook.wearable.apps.gallery.SHORTCUT_COMPLICATION
11-20 07:22:59.902 D/ComplicationDataManagerImpl(11143): Updating complication data for package: com.facebook.wearable.apps.clock, id: com.facebook.wearable.apps.clock.SHORTCUT_COMPLICATION
11-20 07:22:59.902 D/ComplicationDataManagerImpl(11143): Updating complication data for package: com.facebook.wearable.apps.player, id: com.facebook.wearable.apps.player.SHORTCUT_COMPLICATION
11-20 07:22:59.902 D/ComplicationDataManagerImpl(11143): Updating complication data for package: com.facebook.wearable.apps.calendar, id: com.facebook.wearable.apps.calendar.SHORTCUT_COMPLICATION
11-20 07:22:59.912 E/DayDateSystemComplicationProvider(11143): Updating Day Date System Complication
11-20 07:22:59.912 D/ComplicationDataManagerImpl(11143): Updating complication data for package: com.facebook.wearable.apps.calendar, id: com.facebook.wearable.apps.calendar.DAY_DATE_COMPLICATION
11-20 07:22:59.918 D/ComplicationDataManagerImpl(11143): Fetching complication data for package: com.facebook.wearable.apps.calendar, com.facebook.wearable.apps.calendar.DAY_DATE_COMPLICATION.
11-20 07:22:59.918 D/ComplicationDataManagerImpl(11143): Fetching complication data for package: com.facebook.wearable.apps.player, com.facebook.wearable.apps.player.SHORTCUT_COMPLICATION.
11-20 07:22:59.919 D/ComplicationDataManagerImpl(11143): Fetching complication data for package: com.facebook.wearable.apps.gallery, com.facebook.wearable.apps.gallery.SHORTCUT_COMPLICATION.
11-20 07:22:59.919 D/ComplicationDataManagerImpl(11143): Fetching complication data for package: com.facebook.wearable.apps.heart, com.facebook.wearable.apps.heart.HEART_RATE.
11-20 07:22:59.927 D/LauncherActivity(11143): onResume: Intent { cat=[android.intent.category.HOME] flg=0x10000100 cmp=com.facebook.wearable.system.launcher/.LauncherActivity }
11-20 07:22:59.928 D/LauncherIntentProcessor(11143): processLauncherActivityIntent: Intent { cat=[android.intent.category.HOME] flg=0x10000100 cmp=com.facebook.wearable.system.launcher/.LauncherActivity }
11-20 07:22:59.935 D/TetheredPhoneUtil(11143): Retrieving the tethered phone status
11-20 07:22:59.940 D/TetheredPhoneUtil(11143): Found tethered phone status: false
11-20 07:22:59.948 D/FacebookRepository(11143): Reading from Store [250223709649332]
11-20 07:22:59.978 I/chatty  ( 1186): uid=1000(system) ActivityManager expire 15 lines
11-20 07:22:59.995 I/chatty  ( 1186): uid=1000(system) Binder:1186_F expire 3 lines
11-20 07:23:00.004 D/KeyguardUpdateMonitor( 1762): received broadcast android.intent.action.TIME_TICK
11-20 07:23:00.004 D/KeyguardUpdateMonitor( 1762): handleTimeUpdate
11-20 07:23:00.247 I/chatty  ( 1186): uid=1000(system) Binder:1186_3 expire 10 lines
11-20 07:23:00.302 D/UIAutomatorStub(19450): URI: /jsonrpc/0, Method: POST, Header: {content-length=102, remote-addr=127.0.0.1, http-client-ip=127.0.0.1, host=localhost:9012, content-type=application/json, accept-encoding=identity}, params, {NanoHttpd.QUERY_STRING=null}, files: {postData={"jsonrpc": "2.0", "method": "pressKey", "id": "317185adda57fd89e03e280ba2217ee6", "params": ["back"]}}
11-20 07:22:59.323 I/chatty  ( 1186): uid=1000(system) android.ui identical 1 line
11-20 07:22:59.848 D/AutofillManagerService( 1186): onBackKeyPressed()
11-20 07:23:00.305 D/AppStorageManager( 1186): BEFORE:: Previous Size: 1029963776 Current Size: 1030062080
11-20 07:23:00.306 D/AppStorageManager( 1186): AFTER:: Previous Size: 1030062080 Current Size: 1030062080
11-20 07:23:00.481 E/ANDR-PERF-OPTSHANDLER(  552): perf_lock_rel: failed for /sys/class/kgsl/kgsl-3d0/min_pwrlevel as previous value is not stored
11-20 07:23:00.482 E/ANDR-PERF-RESOURCEQS(  552): Failed to reset optimization [3, 0]
11-20 07:23:01.101 W/HWComposer(  598): Ignoring duplicate VSYNC event from HWC for display 0 (t=56068826366422)
11-20 07:23:01.620 D/AutofillManagerService( 1186): onBackKeyPressed()
11-20 07:23:01.622 D/LauncherActivity(11143): onKeyUp() called with keycode:4, event: KeyEvent { action=ACTION_UP, keyCode=KEYCODE_BACK, scanCode=0, metaState=0, flags=0x200, repeatCount=0, eventTime=56069330, downTime=56069330, deviceId=-1, source=0x101, displayId=-1 }
11-20 07:23:02.147 W/HWComposer(  598): Ignoring duplicate VSYNC event from HWC for display 0 (t=56069872933192)
11-20 07:23:02.164 W/ActivityManager( 1186): Invalid packageName: com.facebook.wearable.system.settings/com.facebook.wearable.system.settings.SettingsActivity
11-20 07:23:02.306 I/ActivityTaskManager( 1186): START u0 {flg=0x10000000 cmp=com.facebook.wearable.system.settings/.SettingsActivity} from uid 0
11-20 07:23:02.324 I/ActivityTaskManager( 1186): The Process com.facebook.wearable.system.settings Already Exists in BG. So sending its PID: 13351
11-20 07:23:02.325 W/ActivityTaskManager( 1186): Tried to set launchTime (0) < mLastActivityLaunchTime (56039041)
11-20 07:23:02.336 I/cmd     (31470): oneway function results will be dropped but finished with status OK and parcel size 4
11-20 07:23:02.349 D/LauncherActivity(11143): onPause
11-20 07:23:02.395 D/TetheredPhoneUtil(11143): Retrieving the tethered phone status
11-20 07:23:02.399 D/TetheredPhoneUtil(11143): Found tethered phone status: false
11-20 07:23:02.444 E/StatusBarClientConnection(13351): Service connected
11-20 07:23:02.476 D/FacebookProvider(10250): Starting SSO Network Fetch for 263529928325379
11-20 07:23:02.478 I/AccountsContentProvider(10250): No Primary Account. Accounts Error [content://com.facebook.wearable.system.accounts.AccountsContentProvider/facebook/263529928325379]
11-20 07:23:02.485 E/DatabaseUtils(10250): Writing exception to parcel
11-20 07:23:02.485 E/DatabaseUtils(10250): java.lang.IllegalStateException: No Primary Account
11-20 07:23:02.485 E/DatabaseUtils(10250): 	at com.facebook.secure.content.AbstractContentProvider.doQuery(:284)
11-20 07:23:02.485 E/DatabaseUtils(10250): 	at com.facebook.secure.content.AbstractContentProvider.query(:8)
11-20 07:23:02.485 E/DatabaseUtils(10250): 	at android.content.ContentProvider.query(ContentProvider.java:1474)
11-20 07:23:02.485 E/DatabaseUtils(10250): 	at android.content.ContentProvider$Transport.query(ContentProvider.java:278)
11-20 07:23:02.485 E/DatabaseUtils(10250): 	at android.content.ContentProviderNative.onTransact(ContentProviderNative.java:106)
11-20 07:23:02.485 E/DatabaseUtils(10250): 	at android.os.Binder.execTransactInternal(Binder.java:1154)
11-20 07:23:02.485 E/DatabaseUtils(10250): 	at android.os.Binder.execTransact(Binder.java:1123)
11-20 07:23:02.487 W/View    (13351): requestLayout() improperly called by android.view.View{d2f7509 V.ED..... ......I. 0,368-474,474} during layout: running second layout pass
11-20 07:23:02.487 E/AccountsViewModel(13351): AccountsViewModel.flow failed: No Primary Account
11-20 07:23:02.487 E/AccountsViewModel(13351): java.lang.IllegalStateException: No Primary Account
11-20 07:23:02.487 E/AccountsViewModel(13351): 	at android.os.Parcel.createExceptionOrNull(Parcel.java:2381)
11-20 07:23:02.487 E/AccountsViewModel(13351): 	at android.os.Parcel.createException(Parcel.java:2357)
11-20 07:23:02.487 E/AccountsViewModel(13351): 	at android.os.Parcel.readException(Parcel.java:2340)
11-20 07:23:02.487 E/AccountsViewModel(13351): 	at android.database.DatabaseUtils.readExceptionFromParcel(DatabaseUtils.java:190)
11-20 07:23:02.487 E/AccountsViewModel(13351): 	at android.database.DatabaseUtils.readExceptionFromParcel(DatabaseUtils.java:142)
11-20 07:23:02.487 E/AccountsViewModel(13351): 	at android.content.ContentProviderProxy.query(ContentProviderNative.java:472)
11-20 07:23:02.487 E/AccountsViewModel(13351): 	at android.content.ContentResolver.query(ContentResolver.java:1185)
11-20 07:23:02.487 E/AccountsViewModel(13351): 	at android.content.ContentResolver.query(ContentResolver.java:1116)
11-20 07:23:02.487 E/AccountsViewModel(13351): 	at com.facebook.wearable.common.accounts.contract.WearableAccountsContractRequest.query(:51)
11-20 07:23:02.487 E/AccountsViewModel(13351): 	at kotlin.coroutines.jvm.internal.BaseContinuationImpl.invokeSuspend(:95489)
11-20 07:23:02.487 E/AccountsViewModel(13351): 	at com.facebook.wearable.common.accounts.WearableAccountsKt$fb$1.invoke(:9)
11-20 07:23:02.487 E/AccountsViewModel(13351): 	at com.facebook.wearable.common.coroutines.lazy.LazyAsync.get(:101)
11-20 07:23:02.487 E/AccountsViewModel(13351): 	at kotlin.coroutines.jvm.internal.BaseContinuationImpl.invokeSuspend(:96596)
11-20 07:23:02.487 E/AccountsViewModel(13351): 	at com.facebook.wearable.system.settings.accounts.AccountsViewModel$wearableAccountFlow$1.invoke(:11)
11-20 07:23:02.487 E/AccountsViewModel(13351): 	at kotlinx.coroutines.flow.AbstractFlow.collect$rvp0$0(:72)
11-20 07:23:02.487 E/AccountsViewModel(13351): 	at kotlin.coroutines.jvm.internal.BaseContinuationImpl.invokeSuspend(:95417)
11-20 07:23:02.487 E/AccountsViewModel(13351): 	at kotlinx.coroutines.flow.FlowKt__ShareKt$launchSharing$1$2.invoke(Unknown Source:10)
11-20 07:23:02.487 E/AccountsViewModel(13351): 	at kotlin.coroutines.jvm.internal.BaseContinuationImpl.invokeSuspend(:96715)
11-20 07:23:02.487 E/AccountsViewModel(13351): 	at kotlinx.coroutines.flow.FlowKt__MergeKt$mapLatest$1.invoke(Unknown Source:15)
11-20 07:23:02.487 E/AccountsViewModel(13351): 	at kotlin.coroutines.jvm.internal.BaseContinuationImpl.invokeSuspend(:96820)
11-20 07:23:02.487 E/AccountsViewModel(13351): 	at kotlinx.coroutines.flow.internal.ChannelFlowTransformLatest$flowCollect$3$1$2.invoke(Unknown Source:10)
11-20 07:23:02.487 E/AccountsViewModel(13351): 	at kotlinx.coroutines.CoroutineStart.invoke(:32)
11-20 07:23:02.487 E/AccountsViewModel(13351): 	at kotlinx.coroutines.BuildersKt__Builders_commonKt.launch(:15)
11-20 07:23:02.487 E/AccountsViewModel(13351): 	at kotlinx.coroutines.flow.internal.ChannelFlowTransformLatest$flowCollect$3$invokeSuspend$$inlined$collect$1.emit(:56)
11-20 07:23:02.487 E/AccountsViewModel(13351): 	at kotlinx.coroutines.flow.DistinctFlowImpl$collect$$inlined$collect$1.emit(:74)
11-20 07:23:02.487 E/AccountsViewModel(13351): 	at kotlinx.coroutines.flow.FlowKt__LimitKt$dropWhile$lambda-4$$inlined$collect$1.emit(:114)
11-20 07:23:02.487 E/AccountsViewModel(13351): 	at kotlinx.coroutines.flow.FlowKt__ChannelsKt.emitAllImpl$FlowKt__ChannelsKt(:123)
11-20 07:23:02.487 E/AccountsViewModel(13351): 	at kotlin.coroutines.jvm.internal.BaseContinuationImpl.invokeSuspend(:96917)
11-20 07:23:02.487 E/AccountsViewModel(13351): 	at kotlin.coroutines.jvm.internal.BaseContinuationImpl.resumeWith(:5)
11-20 07:23:02.487 E/AccountsViewModel(13351): 	at kotlinx.coroutines.DispatchedTask.run(:131)
11-20 07:23:02.487 E/AccountsViewModel(13351): 	at java.util.concurrent.Executors$RunnableAdapter.call(Executors.java:462)
11-20 07:23:02.487 E/AccountsViewModel(13351): 	at java.util.concurrent.FutureTask.run(FutureTask.java:266)
11-20 07:23:02.487 E/AccountsViewModel(13351): 	at com.facebook.wearable.common.executors.DelayedFutureTask.run(:22)
11-20 07:23:02.487 E/AccountsViewModel(13351): 	at java.util.concurrent.ThreadPoolExecutor.runWorker(ThreadPoolExecutor.java:1167)
11-20 07:23:02.487 E/AccountsViewModel(13351): 	at java.util.concurrent.ThreadPoolExecutor$Worker.run(ThreadPoolExecutor.java:641)
11-20 07:23:02.487 E/AccountsViewModel(13351): 	at com.facebook.wearable.common.executors.NamedThreadFactory$1.run(:7)
11-20 07:23:02.504 W/View    (13351): requestLayout() improperly called by com.facebook.wearable.common.wds.listview.WdsListView{46925e6 V.E..V... ........ 0,0-474,474} during second layout pass: posting in next frame
11-20 07:23:02.819 D/ComplicationController(11143): Stopping complication controller.
11-20 07:23:02.824 D/ComplicationDataManagerImpl(11143): Fetching complication data for package: com.facebook.wearable.apps.calendar, com.facebook.wearable.apps.calendar.DAY_DATE_COMPLICATION.
11-20 07:23:02.825 D/ComplicationDataManagerImpl(11143): Fetching complication data for package: com.facebook.wearable.apps.player, com.facebook.wearable.apps.player.SHORTCUT_COMPLICATION.
11-20 07:23:02.827 D/ComplicationDataManagerImpl(11143): Fetching complication data for package: com.facebook.wearable.apps.gallery, com.facebook.wearable.apps.gallery.SHORTCUT_COMPLICATION.
11-20 07:23:02.828 D/ComplicationDataManagerImpl(11143): Fetching complication data for package: com.facebook.wearable.apps.heart, com.facebook.wearable.apps.heart.HEART_RATE.
11-20 07:23:03.373 D/UIAutomatorStub(19450): URI: /jsonrpc/0, Method: POST, Header: {content-length=192, remote-addr=127.0.0.1, http-client-ip=127.0.0.1, host=localhost:9012, content-type=application/json, accept-encoding=identity}, params, {NanoHttpd.QUERY_STRING=null}, files: {postData={"jsonrpc": "2.0", "method": "waitForExists", "id": "ce940e83eeb9d6c4a3128891c8d8297e", "params": [{"mask": 1, "childOrSibling": [], "childOrSiblingSelector": [], "text": "Notifications"}, 5]}}
11-20 07:23:03.408 D/UIAutomatorStub(19450): URI: /jsonrpc/0, Method: POST, Header: {content-length=191, remote-addr=127.0.0.1, http-client-ip=127.0.0.1, host=localhost:9012, content-type=application/json, accept-encoding=identity}, params, {NanoHttpd.QUERY_STRING=null}, files: {postData={"jsonrpc": "2.0", "method": "waitForExists", "id": "f5ea7de8d23369fa75194f82e62d8b24", "params": [{"mask": 1, "childOrSibling": [], "childOrSiblingSelector": [], "text": "Connectivity"}, 5]}}
11-20 07:23:03.466 D/UIAutomatorStub(19450): URI: /jsonrpc/0, Method: POST, Header: {content-length=180, remote-addr=127.0.0.1, http-client-ip=127.0.0.1, host=localhost:9012, content-type=application/json, accept-encoding=identity}, params, {NanoHttpd.QUERY_STRING=null}, files: {postData={"jsonrpc": "2.0", "method": "click", "id": "2154f7d59351b05c00bf3f02807dc654", "params": [{"mask": 1, "childOrSibling": [], "childOrSiblingSelector": [], "text": "Connectivity"}]}}
11-20 07:23:03.504 E/ANDR-PERF-OPTSHANDLER(  552): Unable to find the correct node storage pointers for                   resource index=16, node path=/proc/sys/kernel/sched_upmigrate
11-20 07:23:03.504 E/ANDR-PERF-RESOURCEQS(  552): Failed to reset optimization [3, 7]
11-20 07:23:03.504 E/ANDR-PERF-OPTSHANDLER(  552): Unable to find the correct node storage pointers for                   resource index=17, node path=/proc/sys/kernel/sched_downmigrate
11-20 07:23:03.504 E/ANDR-PERF-RESOURCEQS(  552): Failed to reset optimization [3, 8]
11-20 07:23:03.504 E/ANDR-PERF-OPTSHANDLER(  552): Perflock resource /sys/module/lpm_levels/parameters/bias_hyst not supported
11-20 07:23:03.505 E/ANDR-PERF-RESOURCEQS(  552): Failed to reset optimization [1, 2]
11-20 07:23:03.505 E/ANDR-PERF-OPTSHANDLER(  552): Perflock resource /proc/sys/kernel/sched_group_upmigrate not supported
11-20 07:23:03.505 E/ANDR-PERF-RESOURCEQS(  552): Failed to reset optimization [3, 21]
11-20 07:23:03.505 E/ANDR-PERF-OPTSHANDLER(  552): Perflock resource /proc/sys/kernel/sched_group_downmigrate not supported
11-20 07:23:03.505 E/ANDR-PERF-RESOURCEQS(  552): Failed to reset optimization [3, 22]
11-20 07:23:03.542 W/StatusBarClientConnection(13351): Messenger is null, ignoring message: { when=-15h34m31s268ms barrier=1 }
11-20 07:23:03.565 W/HWComposer(  598): Ignoring duplicate VSYNC event from HWC for display 0 (t=56071290999754)
11-20 07:23:03.567 E/StatusBarClientConnection(13351): Service connected
11-20 07:23:03.600 W/View    (13351): requestLayout() improperly called by android.view.View{aba12e7 V.ED..... ......I. 0,368-474,474} during layout: running second layout pass
11-20 07:23:03.616 W/HWComposer(  598): Ignoring duplicate VSYNC event from HWC for display 0 (t=56071341675796)
11-20 07:23:03.618 W/View    (13351): requestLayout() improperly called by com.facebook.wearable.common.wds.listview.WdsListView{a8b3a15 V.E..V... ........ 0,0-474,474} during second layout pass: posting in next frame
11-20 07:23:03.747 D/commandrouter( 1006): rtc_sync (1, rtc:sync): <ServiceRequest> FORWARDED (remote -> local) service client ID = 0, token ID = 38370
11-20 07:23:03.748 D/vendor.facebook.rtc_sync@1.0-service( 1145): Request req_ts=1637392983740760082 resp_ts=1637392983748152369
11-20 07:23:03.748 D/commandrouter( 1006): SocServiceHandle::onServiceMessage, SoC Service = rtc_sync, appType = 1, type = SVC_RESP, clientId = 0, token = 38370, payloadLen = 8, result = 0, payload.size() = 8
11-20 07:23:04.315 E/ANDR-PERF-OPTSHANDLER(  552): perf_lock_rel: failed for /proc/sys/vm/swap_ratio as previous value is not stored
11-20 07:23:04.315 E/ANDR-PERF-OPTSHANDLER(  552): perf_lock_rel: failed for /sys/class/kgsl/kgsl-3d0/min_pwrlevel as previous value is not stored
11-20 07:23:04.316 E/ANDR-PERF-RESOURCEQS(  552): Failed to reset optimization [3, 0]
11-20 07:23:04.409 E/TaskPersister( 1186): File error accessing recents directory (directory doesn't exist?).
11-20 07:23:05.203 W/HWComposer(  598): Ignoring duplicate VSYNC event from HWC for display 0 (t=56072928593087)
11-20 07:23:05.237 W/HWComposer(  598): Ignoring duplicate VSYNC event from HWC for display 0 (t=56072962314493)
11-20 07:23:06.562 D/UIAutomatorStub(19450): URI: /jsonrpc/0, Method: POST, Header: {content-length=183, remote-addr=127.0.0.1, http-client-ip=127.0.0.1, host=localhost:9012, content-type=application/json, accept-encoding=identity}, params, {NanoHttpd.QUERY_STRING=null}, files: {postData={"jsonrpc": "2.0", "method": "waitForExists", "id": "341b8d84739eac14560bd2d238272faf", "params": [{"mask": 1, "childOrSibling": [], "childOrSiblingSelector": [], "text": "WiFi"}, 5]}}
11-20 07:23:06.596 D/UIAutomatorStub(19450): URI: /jsonrpc/0, Method: POST, Header: {content-length=172, remote-addr=127.0.0.1, http-client-ip=127.0.0.1, host=localhost:9012, content-type=application/json, accept-encoding=identity}, params, {NanoHttpd.QUERY_STRING=null}, files: {postData={"jsonrpc": "2.0", "method": "click", "id": "831d04f0188838c3ddcf6582d7ac90eb", "params": [{"mask": 1, "childOrSibling": [], "childOrSiblingSelector": [], "text": "WiFi"}]}}
11-20 07:23:06.686 W/StatusBarClientConnection(13351): Messenger is null, ignoring message: { when=-15h34m34s412ms barrier=1 }
11-20 07:23:06.712 I/chatty  ( 1186): uid=1000(system) Binder:1186_1E expire 3 lines
11-20 07:23:06.722 E/StatusBarClientConnection(13351): Service connected
11-20 07:23:06.722 D/WifiConnector( 2870): Network State Changed
11-20 07:23:06.731 W/View    (13351): requestLayout() improperly called by android.view.View{8a9aa8f V.ED..... ......I. 0,368-474,474} during layout: running second layout pass
11-20 07:23:06.737 D/WifiSharingService( 2870): Starting Wi-Fi scan
11-20 07:23:06.738 I/chatty  ( 1186): uid=1000(system) Binder:1186_10 expire 3 lines
11-20 07:23:06.747 W/View    (13351): requestLayout() improperly called by com.facebook.wearable.common.wds.listview.WdsListView{93da42 V.E..V... ........ 0,0-474,474} during second layout pass: posting in next frame
11-20 07:23:06.753 V/WifiHAL (  544): event received NL80211_CMD_TRIGGER_SCAN
11-20 07:23:06.783 E/QMI_FW  ( 1042): qmi_cci_get_ref: ref count increased 2
11-20 07:23:06.785 E/QMI_FW  ( 1042): qmi_cci_get_ref: ref count increased 2
11-20 07:23:06.800 I/WearableConnectivityManager(11143): LTE Signal strength is: 2
11-20 07:23:06.800 I/WearableConnectivityManager(11143): Cellular Signal strength is: 2
11-20 07:23:06.800 D/RadioLinkQualityScoreBuilder( 1984): scoreRsrp: 3scoreRsrq: 1scoreRssnr: 4
11-20 07:23:06.801 D/WirelessInsightServiceImpl( 1984): onSignalStrengthsChanged: SignalStrength = SignalStrength:{mCdma=CellSignalStrengthCdma: cdmaDbm=2147483647 cdmaEcio=2147483647 evdoDbm=2147483647 evdoEcio=2147483647 evdoSnr=2147483647 level=0,mGsm=CellSignalStrengthGsm: rssi=2147483647 ber=2147483647 mTa=2147483647 mLevel=0,mWcdma=CellSignalStrengthWcdma: ss=2147483647 ber=2147483647 rscp=2147483647 ecno=2147483647 level=0,mTdscdma=CellSignalStrengthTdscdma: rssi=2147483647 ber=2147483647 rscp=2147483647 level=0,mLte=CellSignalStrengthLte: rssi=-75 rsrp=-111 rsrq=-16 rssnr=11 cqi=2147483647 ta=2147483647 level=2 parametersUseForLevel=0,mNr=CellSignalStrengthNr:{ csiRsrp = 2147483647 csiRsrq = 2147483647 csiSinr = 2147483647 ssRsrp = 2147483647 ssRsrq = 2147483647 ssSinr = 2147483647 level = 0 parametersUseForLevel = 0 },primary=CellSignalStrengthLte}
11-20 07:23:06.801 D/WirelessInsightServiceImpl( 1984): Score: 1
11-20 07:23:06.801 D/WirelessInsightServiceImpl( 1984): notifyListeners: listeners = 0, score = 1
11-20 07:23:07.260 V/WifiHAL (  544): event received NL80211_CMD_NEW_SCAN_RESULTS
11-20 07:23:07.272 D/LOWI-9.0.0.80( 1026): [LOWI-Scan] decode_rsn_wpa_ie: Entered
11-20 07:23:07.272 D/LOWI-9.0.0.80( 1026): [LOWIUtils] hexDump: msg(30 14 01 00 00 0f ac 04 01 00 00 0f ac 04 01 00 00 0f ac 02 )
11-20 07:23:07.272 D/LOWI-9.0.0.80( 1026): [LOWI-Scan] decode_rsn_wpa_ie: LOWI_ENCRYPTION_TYPE_WPA_PSK
11-20 07:23:07.272 D/LOWI-9.0.0.80( 1026): [LOWI-Scan] is_qcom_ie, bss_age: 43
11-20 07:23:07.272 D/LOWI-9.0.0.80( 1026): [LOWI-Scan] BSS 2c:57:41:88:72:e1 LOWI_PHY_MODE_11NG_HT20(5), Beacon Interval: 100, LOWI_ENCRYPTION_TYPE_WPA_PSK 11mcRanging: No, ANQP: No, LCI: No, Civic: No, capability(0x1411): ESS Privacy ShortSlotTime
11-20 07:23:07.272 D/LOWI-9.0.0.80( 1026): [LOWI-Scan] BSS 2c:57:41:88:72:e1 FREQ: 2412, cFreq1[40:80:160] = [0:0:0] cFreq2 = 0 Country Code = US
11-20 07:23:07.272 D/LOWI-9.0.0.80( 1026): [LOWI-Scan] BSS 2c:57:41:88:72:e1 (wlan0) ASSO: NO AddInfo: 0x0, TSF 0, 15:34:34.985, RSSI: -140, CPL: 3, AGE: 0,  SSID kittyhawk, TSFDelta: 0x0, TXRate: 0
11-20 07:23:07.273 D/LOWI-9.0.0.80( 1026): [LOWI-Scan] 
11-20 07:23:07.273 D/LOWI-9.0.0.80( 1026): [LOWI-Scan] print_bss_handler: Report Probe TSF 56074985195 as it greater than Beacon TSF 55841733839
11-20 07:23:07.273 I/LOWI-9.0.0.80( 1026): [LOWI-Scan] RSN_IE
11-20 07:23:07.273 D/LOWI-9.0.0.80( 1026): [LOWI-Scan] decode_rsn_wpa_ie: Entered
11-20 07:23:07.273 D/LOWI-9.0.0.80( 1026): [LOWIUtils] hexDump: msg(30 14 01 00 00 0f ac 04 01 00 00 0f ac 04 01 00 00 0f ac 02 )
11-20 07:23:07.273 D/LOWI-9.0.0.80( 1026): [LOWI-Scan] decode_rsn_wpa_ie: LOWI_ENCRYPTION_TYPE_WPA_PSK
11-20 07:23:07.273 D/LOWI-9.0.0.80( 1026): [LOWI-Scan] is_qcom_ie, bss_age: 43
11-20 07:23:07.273 D/LOWI-9.0.0.80( 1026): [LOWI-Scan] BSS 2c:57:41:86:7a:61 LOWI_PHY_MODE_11NG_HT20(5), Beacon Interval: 100, LOWI_ENCRYPTION_TYPE_WPA_PSK 11mcRanging: No, ANQP: No, LCI: No, Civic: No, capability(0x1411): ESS Privacy ShortSlotTime
11-20 07:23:07.273 D/LOWI-9.0.0.80( 1026): [LOWI-Scan] BSS 2c:57:41:86:7a:61 FREQ: 2412, cFreq1[40:80:160] = [0:0:0] cFreq2 = 0 Country Code = US
11-20 07:23:07.273 D/LOWI-9.0.0.80( 1026): [LOWI-Scan] BSS 2c:57:41:86:7a:61 (wlan0) ASSO: NO AddInfo: 0x0, TSF 0, 15:34:34.985, RSSI: -146, CPL: 3, AGE: 0,  SSID kittyhawk, TSFDelta: 0x0, TXRate: 0
11-20 07:23:07.274 D/LOWI-9.0.0.80( 1026): [LOWI-Scan] 
11-20 07:23:07.274 D/LOWI-9.0.0.80( 1026): [LOWI-Scan] print_bss_handler: Report Probe TSF 56045792689 as it greater than Beacon TSF 55791781856
11-20 07:23:07.274 I/LOWI-9.0.0.80( 1026): [LOWI-Scan] RSN_IE
11-20 07:23:07.274 D/LOWI-9.0.0.80( 1026): [LOWI-Scan] decode_rsn_wpa_ie: Entered
11-20 07:23:07.274 D/LOWI-9.0.0.80( 1026): [LOWIUtils] hexDump: msg(30 14 01 00 00 0f ac 04 01 00 00 0f ac 04 01 00 00 0f ac 02 )
11-20 07:23:07.274 D/LOWI-9.0.0.80( 1026): [LOWI-Scan] decode_rsn_wpa_ie: LOWI_ENCRYPTION_TYPE_WPA_PSK
11-20 07:23:07.274 D/LOWI-9.0.0.80( 1026): [LOWI-Scan] is_qcom_ie, bss_age: 30
11-20 07:23:07.274 D/LOWI-9.0.0.80( 1026): [LOWI-Scan] adjust_age:AP AGE upper limit reached. Dont store
11-20 07:23:07.274 D/LOWI-9.0.0.80( 1026): [LOWI-Scan] BSS ce:dc:12:3b:87:fd LOWI_PHY_MODE_11AC_VHT20_2G(11), Beacon Interval: 100, LOWI_ENCRYPTION_TYPE_WPA_PSK 11mcRanging: No, ANQP: Yes, LCI: No, Civic: No, capability(0x1431): ESS Privacy ShortPreamble ShortSlotTime
11-20 07:23:07.274 D/LOWI-9.0.0.80( 1026): [LOWI-Scan] BSS ce:dc:12:3b:87:fd FREQ: 2437, cFreq1[40:80:160] = [0:0:0] cFreq2 = 0 Country Code =    
11-20 07:23:07.274 D/LOWI-9.0.0.80( 1026): [LOWI-Scan] BSS ce:dc:12:3b:87:fd (wlan0) ASSO: NO AddInfo: 0x0, TSF 0, 15:34:05.792, RSSI: -100, CPL: 127, AGE: 29190,  SSID Pixel5_R1, TSFDelta: 0x0, TXRate: 0
11-20 07:23:07.275 D/LOWI-9.0.0.80( 1026): [LOWI-Scan] 
11-20 07:23:07.275 D/LOWI-9.0.0.80( 1026): [LOWI-Scan] print_bss_handler: Report Probe TSF 56074985177 as it greater than Beacon TSF 55537671898
11-20 07:23:07.275 I/LOWI-9.0.0.80( 1026): [LOWI-Scan] RSN_IE
11-20 07:23:07.275 D/LOWI-9.0.0.80( 1026): [LOWI-Scan] decode_rsn_wpa_ie: Entered
11-20 07:23:07.275 D/LOWI-9.0.0.80( 1026): [LOWIUtils] hexDump: msg(30 14 01 00 00 0f ac 04 01 00 00 0f ac 04 01 00 00 0f ac 02 )
11-20 07:23:07.275 D/LOWI-9.0.0.80( 1026): [LOWI-Scan] decode_rsn_wpa_ie: LOWI_ENCRYPTION_TYPE_WPA_PSK
11-20 07:23:07.275 D/LOWI-9.0.0.80( 1026): [LOWI-Scan] is_qcom_ie, bss_age: 43
11-20 07:23:07.275 D/LOWI-9.0.0.80( 1026): [LOWI-Scan] BSS 2c:57:41:86:8a:a1 LOWI_PHY_MODE_11NG_HT20(5), Beacon Interval: 100, LOWI_ENCRYPTION_TYPE_WPA_PSK 11mcRanging: No, ANQP: No, LCI: No, Civic: No, capability(0x1411): ESS Privacy ShortSlotTime
11-20 07:23:07.275 D/LOWI-9.0.0.80( 1026): [LOWI-Scan] BSS 2c:57:41:86:8a:a1 FREQ: 2412, cFreq1[40:80:160] = [0:0:0] cFreq2 = 0 Country Code = US
11-20 07:23:07.276 D/LOWI-9.0.0.80( 1026): [LOWI-Scan] BSS 2c:57:41:86:8a:a1 (wlan0) ASSO: NO AddInfo: 0x0, TSF 0, 15:34:34.985, RSSI: -144, CPL: 3, AGE: 0,  SSID kittyhawk, TSFDelta: 0x0, TXRate: 0
11-20 07:23:07.276 D/LOWI-9.0.0.80( 1026): [LOWI-Scan] 
11-20 07:23:07.276 D/LOWI-9.0.0.80( 1026): [LOWI-Scan] print_bss_handler: Report Probe TSF 56074985239 as it greater than Beacon TSF 55635882250
11-20 07:23:07.276 I/LOWI-9.0.0.80( 1026): [LOWI-Scan] RSN_IE
11-20 07:23:07.276 D/LOWI-9.0.0.80( 1026): [LOWI-Scan] decode_rsn_wpa_ie: Entered
11-20 07:23:07.276 D/LOWI-9.0.0.80( 1026): [LOWIUtils] hexDump: msg(30 14 01 00 00 0f ac 04 01 00 00 0f ac 04 01 00 00 0f ac 02 )
11-20 07:23:07.276 D/LOWI-9.0.0.80( 1026): [LOWI-Scan] decode_rsn_wpa_ie: LOWI_ENCRYPTION_TYPE_WPA_PSK
11-20 07:23:07.276 D/LOWI-9.0.0.80( 1026): [LOWI-Scan] is_qcom_ie, bss_age: 43
11-20 07:23:07.277 D/LOWI-9.0.0.80( 1026): [LOWI-Scan] BSS 2c:57:41:89:53:21 LOWI_PHY_MODE_11NG_HT20(5), Beacon Interval: 100, LOWI_ENCRYPTION_TYPE_WPA_PSK 11mcRanging: No, ANQP: No, LCI: No, Civic: No, capability(0x1411): ESS Privacy ShortSlotTime
11-20 07:23:07.277 D/LOWI-9.0.0.80( 1026): [LOWI-Scan] BSS 2c:57:41:89:53:21 FREQ: 2412, cFreq1[40:80:160] = [0:0:0] cFreq2 = 0 Country Code = US
11-20 07:23:07.277 D/LOWI-9.0.0.80( 1026): [LOWI-Scan] BSS 2c:57:41:89:53:21 (wlan0) ASSO: NO AddInfo: 0x0, TSF 0, 15:34:34.985, RSSI: -152, CPL: 3, AGE: 0,  SSID kittyhawk, TSFDelta: 0x0, TXRate: 0
11-20 07:23:07.278 D/LOWI-9.0.0.80( 1026): [LOWI-Scan] 
11-20 07:23:07.278 D/LOWI-9.0.0.80( 1026): [LOWI-Scan] print_bss_handler: Report Probe TSF 56074985133 as it greater than Beacon TSF 55399792830
11-20 07:23:07.278 I/LOWI-9.0.0.80( 1026): [LOWI-Scan] RSN_IE
11-20 07:23:07.278 D/LOWI-9.0.0.80( 1026): [LOWI-Scan] decode_rsn_wpa_ie: Entered
11-20 07:23:07.278 D/LOWI-9.0.0.80( 1026): [LOWIUtils] hexDump: msg(30 14 01 00 00 0f ac 04 01 00 00 0f ac 04 01 00 00 0f ac 02 )
11-20 07:23:07.278 D/LOWI-9.0.0.80( 1026): [LOWI-Scan] decode_rsn_wpa_ie: LOWI_ENCRYPTION_TYPE_WPA_PSK
11-20 07:23:07.278 D/LOWI-9.0.0.80( 1026): [LOWI-Scan] is_qcom_ie, bss_age: 3
11-20 07:23:07.278 D/LOWI-9.0.0.80( 1026): [LOWI-Scan] BSS 2c:57:41:86:94:a1 LOWI_PHY_MODE_11NG_HT20(5), Beacon Interval: 100, LOWI_ENCRYPTION_TYPE_WPA_PSK 11mcRanging: No, ANQP: No, LCI: No, Civic: No, capability(0x1411): ESS Privacy ShortSlotTime
11-20 07:23:07.278 D/LOWI-9.0.0.80( 1026): [LOWI-Scan] BSS 2c:57:41:86:94:a1 FREQ: 2462, cFreq1[40:80:160] = [0:0:0] cFreq2 = 0 Country Code = US
11-20 07:23:07.278 D/LOWI-9.0.0.80( 1026): [LOWI-Scan] BSS 2c:57:41:86:94:a1 (wlan0) ASSO: NO AddInfo: 0x0, TSF 0, 15:34:34.985, RSSI: -148, CPL: 2, AGE: 0,  SSID kittyhawk, TSFDelta: 0x0, TXRate: 0
11-20 07:23:07.279 D/LOWI-9.0.0.80( 1026): [LOWI-Scan] 
11-20 07:23:07.279 D/LOWI-9.0.0.80( 1026): [LOWI-Scan] print_bss_handler: Report Probe TSF 56074985077 as it greater than Beacon TSF 55922142033
11-20 07:23:07.279 I/LOWI-9.0.0.80( 1026): [LOWI-Scan] RSN_IE
11-20 07:23:07.279 D/LOWI-9.0.0.80( 1026): [LOWI-Scan] decode_rsn_wpa_ie: Entered
11-20 07:23:07.279 D/LOWI-9.0.0.80( 1026): [LOWIUtils] hexDump: msg(30 14 01 00 00 0f ac 04 01 00 00 0f ac 04 01 00 00 0f ac 02 )
11-20 07:23:07.279 D/LOWI-9.0.0.80( 1026): [LOWI-Scan] decode_rsn_wpa_ie: LOWI_ENCRYPTION_TYPE_WPA_PSK
11-20 07:23:07.279 D/LOWI-9.0.0.80( 1026): [LOWI-Scan] is_qcom_ie, bss_age: 38
11-20 07:23:07.279 D/LOWI-9.0.0.80( 1026): [LOWI-Scan] BSS 52:b8:14:37:74:3f LOWI_PHY_MODE_11AC_VHT20_2G(11), Beacon Interval: 100, LOWI_ENCRYPTION_TYPE_WPA_PSK 11mcRanging: No, ANQP: No, LCI: No, Civic: No, capability(0x1431): ESS Privacy ShortPreamble ShortSlotTime
11-20 07:23:07.279 D/LOWI-9.0.0.80( 1026): [LOWI-Scan] BSS 52:b8:14:37:74:3f FREQ: 2417, cFreq1[40:80:160] = [0:0:0] cFreq2 = 0 Country Code =    
11-20 07:23:07.279 D/LOWI-9.0.0.80( 1026): [LOWI-Scan] BSS 52:b8:14:37:74:3f (wlan0) ASSO: NO AddInfo: 0x0, TSF 0, 15:34:34.985, RSSI: -118, CPL: 127, AGE: 0,  SSID Pixel_8668, TSFDelta: 0x0, TXRate: 0
11-20 07:23:07.280 D/LOWI-9.0.0.80( 1026): [LOWI-Scan] 
11-20 07:23:07.280 D/LOWI-9.0.0.80( 1026): [LOWI-Scan] print_bss_handler: Report Probe TSF 56074985097 as it greater than Beacon TSF 0
11-20 07:23:07.280 I/LOWI-9.0.0.80( 1026): [LOWI-Scan] RSN_IE
11-20 07:23:07.280 D/LOWI-9.0.0.80( 1026): [LOWI-Scan] decode_rsn_wpa_ie: Entered
11-20 07:23:07.280 D/LOWI-9.0.0.80( 1026): [LOWIUtils] hexDump: msg(30 14 01 00 00 0f ac 04 01 00 00 0f ac 04 01 00 00 0f ac 02 )
11-20 07:23:07.280 D/LOWI-9.0.0.80( 1026): [LOWI-Scan] decode_rsn_wpa_ie: LOWI_ENCRYPTION_TYPE_WPA_PSK
11-20 07:23:07.280 D/LOWI-9.0.0.80( 1026): [LOWI-Scan] is_qcom_ie, bss_age: 44
11-20 07:23:07.280 D/LOWI-9.0.0.80( 1026): [LOWI-Scan] BSS 18:64:72:60:2b:40 LOWI_PHY_MODE_11NG_HT20(5), Beacon Interval: 100, LOWI_ENCRYPTION_TYPE_WPA_PSK 11mcRanging: No, ANQP: No, LCI: No, Civic: No, capability(0x0431): ESS Privacy ShortPreamble ShortSlotTime
11-20 07:23:07.280 D/LOWI-9.0.0.80( 1026): [LOWI-Scan] BSS 18:64:72:60:2b:40 FREQ: 2412, cFreq1[40:80:160] = [0:0:0] cFreq2 = 0 Country Code =    
11-20 07:23:07.280 D/LOWI-9.0.0.80( 1026): [LOWI-Scan] BSS 18:64:72:60:2b:40 (wlan0) ASSO: NO AddInfo: 0x0, TSF 0, 15:34:34.985, RSSI: -140, CPL: 127, AGE: 0,  SSID lab-t24103779, TSFDelta: 0x0, TXRate: 0
11-20 07:23:07.282 D/LOWI-9.0.0.80( 1026): [LOWI-Scan] 
11-20 07:23:07.282 D/LOWI-9.0.0.80( 1026): [LOWI-Scan] print_bss_handler: Report Probe TSF 56074985262 as it greater than Beacon TSF 56045792950
11-20 07:23:07.282 I/LOWI-9.0.0.80( 1026): [LOWI-Scan] RSN_IE
11-20 07:23:07.282 D/LOWI-9.0.0.80( 1026): [LOWI-Scan] decode_rsn_wpa_ie: Entered
11-20 07:23:07.282 D/LOWI-9.0.0.80( 1026): [LOWIUtils] hexDump: msg(30 14 01 00 00 0f ac 04 01 00 00 0f ac 04 01 00 00 0f ac 02 )
11-20 07:23:07.282 D/LOWI-9.0.0.80( 1026): [LOWI-Scan] decode_rsn_wpa_ie: LOWI_ENCRYPTION_TYPE_WPA_PSK
11-20 07:23:07.282 D/LOWI-9.0.0.80( 1026): [LOWI-Scan] is_qcom_ie, bss_age: 6
11-20 07:23:07.282 D/LOWI-9.0.0.80( 1026): [LOWI-Scan] BSS 18:64:72:60:2e:e0 LOWI_PHY_MODE_11NG_HT20(5), Beacon Interval: 100, LOWI_ENCRYPTION_TYPE_WPA_PSK 11mcRanging: No, ANQP: No, LCI: No, Civic: No, capability(0x0431): ESS Privacy ShortPreamble ShortSlotTime
11-20 07:23:07.282 D/LOWI-9.0.0.80( 1026): [LOWI-Scan] BSS 18:64:72:60:2e:e0 FREQ: 2462, cFreq1[40:80:160] = [0:0:0] cFreq2 = 0 Country Code =    
11-20 07:23:07.282 D/LOWI-9.0.0.80( 1026): [LOWI-Scan] BSS 18:64:72:60:2e:e0 (wlan0) ASSO: NO AddInfo: 0x0, TSF 0, 15:34:34.985, RSSI: -162, CPL: 127, AGE: 0,  SSID lab-t24103779, TSFDelta: 0x0, TXRate: 0
11-20 07:23:07.283 D/LOWI-9.0.0.80( 1026): [LOWI-Scan] 
11-20 07:23:07.283 D/LOWI-9.0.0.80( 1026): [LOWI-Scan] print_bss_handler: Report Probe TSF 56074985155 as it greater than Beacon TSF 0
11-20 07:23:07.283 I/LOWI-9.0.0.80( 1026): [LOWI-Scan] RSN_IE
11-20 07:23:07.283 D/LOWI-9.0.0.80( 1026): [LOWI-Scan] decode_rsn_wpa_ie: Entered
11-20 07:23:07.283 D/LOWI-9.0.0.80( 1026): [LOWIUtils] hexDump: msg(30 14 01 00 00 0f ac 04 01 00 00 0f ac 04 01 00 00 0f ac 02 )
11-20 07:23:07.283 D/LOWI-9.0.0.80( 1026): [LOWI-Scan] decode_rsn_wpa_ie: LOWI_ENCRYPTION_TYPE_WPA_PSK
11-20 07:23:07.283 D/LOWI-9.0.0.80( 1026): [LOWI-Scan] is_qcom_ie, bss_age: 3
11-20 07:23:07.283 D/LOWI-9.0.0.80( 1026): [LOWI-Scan] BSS 2c:57:41:86:90:a1 LOWI_PHY_MODE_11NG_HT20(5), Beacon Interval: 100, LOWI_ENCRYPTION_TYPE_WPA_PSK 11mcRanging: No, ANQP: No, LCI: No, Civic: No, capability(0x1411): ESS Privacy ShortSlotTime
11-20 07:23:07.283 D/LOWI-9.0.0.80( 1026): [LOWI-Scan] BSS 2c:57:41:86:90:a1 FREQ: 2462, cFreq1[40:80:160] = [0:0:0] cFreq2 = 0 Country Code = US
11-20 07:23:07.283 D/LOWI-9.0.0.80( 1026): [LOWI-Scan] BSS 2c:57:41:86:90:a1 (wlan0) ASSO: NO AddInfo: 0x0, TSF 0, 15:34:34.985, RSSI: -142, CPL: 2, AGE: 0,  SSID kittyhawk, TSFDelta: 0x0, TXRate: 0
11-20 07:23:07.284 D/LOWI-9.0.0.80( 1026): [LOWI-Scan] 
11-20 07:23:07.284 D/LOWI-9.0.0.80( 1026): [LOWI-Scan] print_bss_handler: Report Probe TSF 56074985215 as it greater than Beacon TSF 0
11-20 07:23:07.284 I/LOWI-9.0.0.80( 1026): [LOWI-Scan] RSN_IE
11-20 07:23:07.284 D/LOWI-9.0.0.80( 1026): [LOWI-Scan] decode_rsn_wpa_ie: Entered
11-20 07:23:07.284 D/LOWI-9.0.0.80( 1026): [LOWIUtils] hexDump: msg(30 14 01 00 00 0f ac 04 01 00 00 0f ac 04 01 00 00 0f ac 02 )
11-20 07:23:07.284 D/LOWI-9.0.0.80( 1026): [LOWI-Scan] decode_rsn_wpa_ie: LOWI_ENCRYPTION_TYPE_WPA_PSK
11-20 07:23:07.284 D/LOWI-9.0.0.80( 1026): [LOWI-Scan] is_qcom_ie, bss_age: 3
11-20 07:23:07.284 D/LOWI-9.0.0.80( 1026): [LOWI-Scan] BSS 2c:57:41:86:85:21 LOWI_PHY_MODE_11NG_HT20(5), Beacon Interval: 100, LOWI_ENCRYPTION_TYPE_WPA_PSK 11mcRanging: No, ANQP: No, LCI: No, Civic: No, capability(0x1411): ESS Privacy ShortSlotTime
11-20 07:23:07.284 D/LOWI-9.0.0.80( 1026): [LOWI-Scan] BSS 2c:57:41:86:85:21 FREQ: 2462, cFreq1[40:80:160] = [0:0:0] cFreq2 = 0 Country Code = US
11-20 07:23:07.284 D/LOWI-9.0.0.80( 1026): [LOWI-Scan] BSS 2c:57:41:86:85:21 (wlan0) ASSO: NO AddInfo: 0x0, TSF 0, 15:34:34.985, RSSI: -154, CPL: 2, AGE: 0,  SSID kittyhawk, TSFDelta: 0x0, TXRate: 0
11-20 07:23:07.285 D/LOWI-9.0.0.80( 1026): [LOWIDiagLog] Log: lowiMeasResult->request: invalid null argument
11-20 07:23:07.285 I/LOWI-9.0.0.80( 1026): [LOWI-Scan] lowi_close_record:Scan done in 56031055ms, 18 APs in scan results
11-20 07:23:07.285 D/LOWI-9.0.0.80( 1026): [LOWI-Scan] WipsScanUsingNL: passive scan cached 0, took 9768 ms, err 0
11-20 07:23:07.285 D/LOWI-9.0.0.80( 1026): [LOWI-Scan] lowi_proc_req_passive_scan_with_live_meas - No WLAN Frames to be parsed
11-20 07:23:07.285 D/LOWI-9.0.0.80( 1026): [LOWIScanResultReceiver] Send scan meas to listener
11-20 07:23:07.285 D/LOWI-9.0.0.80( 1026): [LOWIScanResultReceiver] Enter passive listening mode
11-20 07:23:07.285 D/LOWI-9.0.0.80( 1026): [LOWIWifiDriverInterface] getMeasurements - Passive listening mode
11-20 07:23:07.285 D/LOWI-9.0.0.80( 1026): [LOWI-Scan] WipsScanUsingNL:wait -1 sec for netlink message
11-20 07:23:07.286 D/LOWI-9.0.0.80( 1026): [LOWIEventReceiver] handleEvent:FROM:NA, TO:NA, REQ:NA, IREQ:NA, REQ_ID:0, RESP:NA, INFO:NA
11-20 07:23:07.286 D/LOWI-9.0.0.80( 1026): [LOWIBackgroundScanMgr] isRspForBgScanMgr: evt(LOWI_NO_EVT) - not handled
11-20 07:23:07.286 D/LOWI-9.0.0.80( 1026): [LOWIScheduler] manageMsg: NULL results or NULL request in results
11-20 07:23:07.286 D/LOWI-9.0.0.80( 1026): [LOWIController] Measurements received
11-20 07:23:07.286 D/LOWI-9.0.0.80( 1026): [LOWICacheManager] putInCache:Num of Meas to add: 18
11-20 07:23:07.287 D/LOWI-9.0.0.80( 1026): [LOWIController] processMeasurementResults: No current Request. Cache measurements
11-20 07:23:07.287 D/LOWI-9.0.0.80( 1026): [LOWIControllerExtn] sendLOWILpDiscoveryScanResponse: Not a discovery scan response
11-20 07:23:07.291 I/chatty  ( 1186): uid=1000(system) WifiHandlerThre expire 4 lines
11-20 07:23:07.341 D/WifiSharingService( 2870): Sending scanResults intent with status code 0: PendingIntent{46098a1: android.os.BinderProxy@3fc662e}
11-20 07:23:08.343 W/HWComposer(  598): Ignoring duplicate VSYNC event from HWC for display 0 (t=56076068495221)
11-20 07:23:08.427 W/HWComposer(  598): Ignoring duplicate VSYNC event from HWC for display 0 (t=56076152882513)
11-20 07:23:09.045 D/mcu_health_checker(  934): Sent MCU Health Request
11-20 07:23:09.045 D/commandrouter( 1006): SocServiceHandle::onServiceMessage, SoC Service = mcu_healthcheck_934, appType = 1, type = SVC_REQ, clientId = 0, token = 933, payloadLen = 20, result = 0, payload.size() = 20
11-20 07:23:09.050 D/commandrouter( 1006): mcu_healthcheck_934 (1, merlot:mcu_health:control): <ServiceResponse> FORWARDED (remote -> local) CR token ID = 933, service client ID = 5, token ID = 32272, result = 0
11-20 07:23:09.050 D/mcu_health_checker(  934): MCU Health Response: MCU_OK
11-20 07:23:09.050 D/mcu_health_checker(  934): MCU Session 0, uptime = 56037948 ms
11-20 07:23:09.050 D/mcu_health_checker(  934): mSensorErrs[0]: 0
11-20 07:23:09.050 D/mcu_health_checker(  934): mSensorErrs[1]: 0
11-20 07:23:09.050 D/mcu_health_checker(  934): mSensorErrs[2]: 0
11-20 07:23:09.102 W/HWComposer(  598): Ignoring duplicate VSYNC event from HWC for display 0 (t=56076828176263)
11-20 07:23:09.119 W/HWComposer(  598): Ignoring duplicate VSYNC event from HWC for display 0 (t=56076845068606)
11-20 07:23:09.136 W/HWComposer(  598): Ignoring duplicate VSYNC event from HWC for display 0 (t=56076861931315)
11-20 07:23:09.170 W/HWComposer(  598): Ignoring duplicate VSYNC event from HWC for display 0 (t=56076895722096)
11-20 07:23:09.716 D/UIAutomatorStub(19450): URI: /jsonrpc/0, Method: POST, Header: {content-length=229, remote-addr=127.0.0.1, http-client-ip=127.0.0.1, host=localhost:9012, content-type=application/json, accept-encoding=identity}, params, {NanoHttpd.QUERY_STRING=null}, files: {postData={"jsonrpc": "2.0", "method": "objInfo", "id": "100c371a823cabcf5d4677bc77eeb1ac", "params": [{"mask": 2097152, "childOrSibling": [], "childOrSiblingSelector": [], "resourceId": "com.facebook.wearable.system.settings:id/toggle"}]}}
11-20 07:23:09.808 D/UIAutomatorStub(19450): URI: /jsonrpc/0, Method: POST, Header: {content-length=227, remote-addr=127.0.0.1, http-client-ip=127.0.0.1, host=localhost:9012, content-type=application/json, accept-encoding=identity}, params, {NanoHttpd.QUERY_STRING=null}, files: {postData={"jsonrpc": "2.0", "method": "click", "id": "4170ef583aad574b46d7a10a03a39c91", "params": [{"mask": 2097152, "childOrSibling": [], "childOrSiblingSelector": [], "resourceId": "com.facebook.wearable.system.settings:id/toggle"}]}}
11-20 07:23:09.878 D/WifiSharingService( 2870): Setting Wi-Fi enabled state
11-20 07:23:09.879 I/WifiService( 1186): setWifiEnabled package=com.facebook.wearable.system.connectivity uid=1000 enable=false
11-20 07:23:09.882 D/WifiActiveModeWarden( 1186): Switching all client mode managers
11-20 07:23:09.884 D/WifiP2pService( 1186): Wifi enabled=false, P2P Interface availability=true
11-20 07:23:09.885 D/WifiP2pNative( 1186): Teardown P2P interface
11-20 07:23:09.886 D/BluetoothAdapterService( 1710): android.net.wifi.WIFI_STATE_CHANGED
11-20 07:23:09.892 D/WifiClientModeManager0( 1186): IMS not registered over IWLAN for subId: 1
11-20 07:23:09.892 D/WifiClientModeManager0( 1186): The target role 5
11-20 07:23:09.892 D/QCNEJ/WlanStaInfoRelay( 1907): onChange for uri = content://settings/global/wifi_on
11-20 07:23:09.893 D/WifiP2pService( 1186): Wifi enabled=false, P2P Interface availability=true
11-20 07:23:09.902 E/QMI_FW  (  915): qmi_cci_get_ref: ref count increased 2
11-20 07:23:09.902 I/android_os_HwBinder( 1186): HwBinder: Starting thread pool for getting: android.hardware.wifi.supplicant@1.0::ISupplicant/default
11-20 07:23:09.904 W/ContextImpl( 1186): Calling a method in the system process without a qualified user: android.app.ContextImpl.sendBroadcastMultiplePermissions:1143 android.content.Context.sendBroadcastWithMultiplePermissions:2150 com.android.server.display.WifiDisplayAdapter.handleSendStatusChangeBroadcast:440 com.android.server.display.WifiDisplayAdapter.access$1700:63 com.android.server.display.WifiDisplayAdapter$WifiDisplayHandler.handleMessage:675 
11-20 07:23:09.905 I/wpa_supplicant(31411): wlan0: Do not deauthenticate as part of interface deinit since WoWLAN is enabled
11-20 07:23:09.929 W/HWComposer(  598): Ignoring duplicate VSYNC event from HWC for display 0 (t=56077655294804)
11-20 07:23:09.964 I/wpa_supplicant(31411): Try to unregister vendor STA network
11-20 07:23:09.978 E/wpa_supplicant(31411): eap_proxy: pthread_join on eap_proxy=0x5256eac
11-20 07:23:09.978 E/wpa_supplicant(31411): eap_proxy: session not started for client = 1
11-20 07:23:09.978 E/QMI_FW  (31411): qmi_cci_get_ref: ref count increased 2
11-20 07:23:09.978 E/QMI_FW  (31411): qmi_cci_get_ref: ref count increased 2
11-20 07:23:09.978 E/wpa_supplicant(31411): eap_proxy: Released QMI UIM service client
11-20 07:23:09.978 E/QMI_FW  (31411): qmi_cci_get_ref: ref count increased 2
11-20 07:23:09.978 E/QMI_FW  (31411): qmi_cci_get_ref: ref count increased 2
11-20 07:23:09.979 E/wpa_supplicant(31411): eap_proxy: Released QMI EAP service client
11-20 07:23:09.979 E/wpa_supplicant(31411): eap_proxy: session not started for client = 2
11-20 07:23:09.979 E/QMI_FW  (31411): qmi_cci_get_ref: ref count increased 2
11-20 07:23:09.979 E/QMI_FW  (31411): qmi_cci_get_ref: ref count increased 2
11-20 07:23:09.980 E/wpa_supplicant(31411): eap_proxy: Released QMI UIM service client
11-20 07:23:09.980 E/QMI_FW  (31411): qmi_cci_get_ref: ref count increased 2
11-20 07:23:09.980 E/QMI_FW  (31411): qmi_cci_get_ref: ref count increased 2
11-20 07:23:09.980 E/wpa_supplicant(31411): eap_proxy: Released QMI EAP service client
11-20 07:23:09.980 I/wpa_supplicant(31411): eap_proxy: eap_proxy Deinitialzed
11-20 07:23:10.026 I/wpa_supplicant(31411): nl80211: deinit ifname=wlan0 disabled_11b_rates=0
11-20 07:23:10.065 I/wpa_supplicant(31411): Try to unregister vendor interface
11-20 07:23:10.066 D/LOWI-9.0.0.80( 1026): [LOWINetlinkSocketReceiver] unpackRTMLinkMessage: RTM_NEWLINK - ifname wlan0, flags 0x11043 ([UP][RUNNING])
11-20 07:23:10.066 D/LOWI-9.0.0.80( 1026): [LOWINetlinkSocketReceiver] processNetlinkPacket: ifname(wlan0) status(2)
11-20 07:23:10.066 D/LOWI-9.0.0.80( 1026): [LOWIController] intfStateReceived: ifname(wlan0) state(2)
11-20 07:23:10.066 D/LOWI-9.0.0.80( 1026): [LOWIEventReceiver] handleEvent:FROM:NA, TO:NA, REQ:NA, IREQ:NA, REQ_ID:0, RESP:NA, INFO:INTF-STATUS-UPDATE
11-20 07:23:10.066 D/LOWI-9.0.0.80( 1026): [LOWIEventReceiver] Info to [INTF-STATUS-UPDATE]
11-20 07:23:10.066 D/LOWI-9.0.0.80( 1026): [LOWIController] updateIntfState: WIFI enabled 2 mNlWifiStatus 2 mWifiStateEnabled 1
11-20 07:23:10.066 D/LOWI-9.0.0.80( 1026): [LOWIController] isWifiEnabled: mNlWifiStatus 2 mWifiStateEnabled 1
11-20 07:23:10.077 I/SupplicantStaIfaceHal( 1186): Terminating supplicant using HIDL
11-20 07:23:10.079 I/wpa_supplicant(31411): p2p0: Do not deauthenticate as part of interface deinit since WoWLAN is enabled
11-20 07:23:10.134 E/wpa_supplicant(31411): eap_proxy: pthread_join on eap_proxy=0x5256fa8
11-20 07:23:10.134 E/wpa_supplicant(31411): eap_proxy: session not started for client = 1
11-20 07:23:10.134 E/QMI_FW  (31411): qmi_cci_get_ref: ref count increased 2
11-20 07:23:10.134 E/QMI_FW  (31411): qmi_cci_get_ref: ref count increased 2
