--------- beginning of system
11-21 07:55:02.096 D/commandrouter( 1006): rtc_sync (1, rtc:sync): <ServiceRequest> FORWARDED (remote -> local) service client ID = 0, token ID = 47201
11-21 07:55:02.097 D/commandrouter( 1006): SocServiceHandle::onServiceMessage, SoC Service = rtc_sync, appType = 1, type = SVC_RESP, clientId = 0, token = 47201, payloadLen = 8, result = 0, payload.size() = 8
11-21 07:55:02.633 I/chatty  ( 1186): uid=1000(system) android.ui expire 10 lines
11-21 07:55:08.150 I/chatty  ( 1186): uid=1000(system) Binder:1186_1A expire 4 lines
11-21 07:55:11.594 I/chatty  ( 1006): uid=1000(system) HwBinder:1006_F expire 10 lines
11-21 07:55:11.598 I/chatty  ( 1006): uid=1000(system) /vendor/bin/commandrouter expire 11 lines
11-21 07:55:11.598 D/mculinkhealth( 1029): isMcuReachable 1 (4 ms)
11-21 07:55:12.090 I/chatty  ( 1006): uid=1000(system) HwBinder:1006_2 expire 13 lines
11-21 07:55:12.427 I/chatty  ( 1186): uid=1000(system) LazyTaskWriterT expire 10 lines
11-21 07:55:15.886 I/chatty  ( 1186): uid=1000(system) DeviceStorageMo expire 10 lines
11-21 07:55:16.149 I/chatty  ( 1186): uid=1000(system) Binder:1186_20 expire 4 lines
11-21 07:55:16.329 I/chatty  ( 1186): uid=1000 system_server expire 1 line
11-21 07:55:18.420 I/chatty  ( 1006): uid=1000(system) HwBinder:1006_1 expire 9 lines
11-21 07:55:23.041 I/chatty  ( 1186): uid=1000(system) android.display expire 11 lines
11-21 07:55:24.037 I/chatty  ( 1186): uid=1000(system) WifiP2pService expire 10 lines
11-21 07:55:24.040 I/chatty  ( 1186): uid=1000(system) ActivityManager expire 10 lines
11-21 07:55:25.995 I/chatty  ( 1186): uid=1000(system) WifiHandlerThre expire 10 lines
11-21 07:55:26.227 W/wificond(  911): Scan is not started. Ignore abort request
11-21 07:55:26.933 I/chatty  ( 1186): uid=1000(system) ConnectivitySer expire 34 lines
11-21 07:55:28.582 E/NetlinkEvent(  462): NetlinkEvent::FindParam(): Parameter 'INTERFACE' not found
11-21 07:55:28.583 E/NetlinkEvent(  462): NetlinkEvent::FindParam(): Parameter 'STATE' not found
11-21 07:55:28.583 E/NetlinkEvent(  462): NetlinkEvent::FindParam(): Parameter 'TIME_NS' not found
11-21 07:55:28.583 E/NetlinkEvent(  462): NetlinkEvent::FindParam(): Parameter 'UID' not found
11-21 07:55:28.697 I/chatty  ( 1186): uid=1000(system) android.fg expire 11 lines
11-21 07:55:28.875 I/chatty  ( 1186): uid=1000 system_server expire 4 lines
11-21 07:55:28.876 I/chatty  ( 1186): uid=1000(system) ActivityManager expire 7 lines
11-21 07:55:31.095 I/chatty  ( 1186): uid=1000(system) Binder:1186_C expire 10 lines
11-21 07:55:31.362 I/chatty  ( 1186): uid=1000(system) Binder:1186_D expire 8 lines
11-21 07:55:36.225 I/chatty  ( 1186): uid=1000(system) android.ui expire 10 lines
11-21 07:55:41.604 D/mculinkhealth( 1029): isMcuReachable 1 (5 ms)
11-21 07:55:42.665 I/chatty  ( 1006): uid=1000(system) HwBinder:1006_F expire 1 line
11-21 07:55:42.670 I/chatty  ( 1186): uid=1000 system_server expire 1 line
11-21 07:55:42.962 I/chatty  ( 1186): uid=1000(system) batterystats-wo expire 2 lines
11-21 07:55:43.058 I/chatty  ( 1186): uid=1000 system_server expire 1 line
11-21 07:55:43.312 I/chatty  ( 1186): uid=1000(system) Binder:1186_5 expire 3 lines
11-21 07:55:58.583 I/chatty  ( 1186): uid=1000(system) ConnectivitySer expire 19 lines
11-21 07:56:11.608 D/mculinkhealth( 1029): isMcuReachable 1 (4 ms)
11-21 07:56:12.107 I/chatty  ( 1006): uid=1000(system) /vendor/bin/commandrouter expire 12 lines
11-21 07:56:12.549 I/chatty  ( 1186): uid=1000(system) android.ui expire 10 lines
11-21 07:56:14.278 I/chatty  ( 1186): uid=1000(system) Binder:1186_15 expire 3 lines
11-21 07:56:16.381 I/chatty  ( 1186): uid=1000 system_server expire 1 line
11-21 07:56:22.623 I/wificond(  911): Fail RSSI polling because wifi is not associated.
11-21 07:56:23.207 E/NetlinkEvent(  462): NetlinkEvent::FindParam(): Parameter 'INTERFACE' not found
11-21 07:56:23.207 E/NetlinkEvent(  462): NetlinkEvent::FindParam(): Parameter 'STATE' not found
11-21 07:56:23.207 E/NetlinkEvent(  462): NetlinkEvent::FindParam(): Parameter 'TIME_NS' not found
11-21 07:56:23.207 E/NetlinkEvent(  462): NetlinkEvent::FindParam(): Parameter 'UID' not found
11-21 07:56:41.614 D/mculinkhealth( 1029): isMcuReachable 1 (4 ms)
11-21 07:56:41.700 W/wificond(  911): Scan is not started. Ignore abort request
11-21 07:56:42.659 I/chatty  ( 1186): uid=1000(system) ConnectivitySer expire 22 lines
11-21 07:56:43.197 E/NetlinkEvent(  462): NetlinkEvent::FindParam(): Parameter 'INTERFACE' not found
11-21 07:56:43.197 E/NetlinkEvent(  462): NetlinkEvent::FindParam(): Parameter 'STATE' not found
11-21 07:56:43.197 E/NetlinkEvent(  462): NetlinkEvent::FindParam(): Parameter 'TIME_NS' not found
11-21 07:56:43.197 E/NetlinkEvent(  462): NetlinkEvent::FindParam(): Parameter 'UID' not found
11-21 07:57:01.848 I/chatty  ( 1186): uid=1000(system) android.ui expire 12 lines
11-21 07:57:05.159 I/chatty  ( 1186): uid=1000(system) Binder:1186_11 expire 4 lines
11-21 07:57:11.620 D/mculinkhealth( 1029): isMcuReachable 1 (5 ms)
11-21 07:57:13.189 I/chatty  ( 1186): uid=1000(system) ConnectivitySer expire 31 lines
11-21 07:57:13.373 I/wificond(  911): Fail RSSI polling because wifi is not associated.
11-21 07:57:13.591 E/NetlinkEvent(  462): NetlinkEvent::FindParam(): Parameter 'INTERFACE' not found
11-21 07:57:13.591 E/NetlinkEvent(  462): NetlinkEvent::FindParam(): Parameter 'STATE' not found
11-21 07:57:13.591 E/NetlinkEvent(  462): NetlinkEvent::FindParam(): Parameter 'TIME_NS' not found
11-21 07:57:13.591 E/NetlinkEvent(  462): NetlinkEvent::FindParam(): Parameter 'UID' not found
11-21 07:57:22.055 I/chatty  ( 1006): uid=1000(system) HwBinder:1006_2 expire 10 lines
11-21 07:57:25.153 I/chatty  ( 1186): uid=1000(system) Binder:1186_8 expire 10 lines
11-21 07:57:28.633 I/chatty  ( 1186): uid=1000 system_server expire 3 lines
11-21 07:57:32.058 I/chatty  ( 1006): uid=1000(system) /vendor/bin/commandrouter expire 13 lines
11-21 07:57:33.190 W/wificond(  911): Scan is not started. Ignore abort request
11-21 07:57:34.874 I/chatty  ( 1186): uid=1000(system) ConnectivitySer expire 10 lines
11-21 07:57:34.878 E/NetlinkEvent(  462): NetlinkEvent::FindParam(): Parameter 'INTERFACE' not found
11-21 07:57:34.878 E/NetlinkEvent(  462): NetlinkEvent::FindParam(): Parameter 'STATE' not found
11-21 07:57:34.878 E/NetlinkEvent(  462): NetlinkEvent::FindParam(): Parameter 'TIME_NS' not found
11-21 07:57:34.878 E/NetlinkEvent(  462): NetlinkEvent::FindParam(): Parameter 'UID' not found
11-21 07:57:41.624 D/mculinkhealth( 1029): isMcuReachable 1 (4 ms)
11-21 07:57:53.214 I/chatty  ( 1186): uid=1000(system) android.ui expire 12 lines
11-21 07:57:58.817 I/chatty  ( 1186): uid=1000(system) LazyTaskWriterT expire 12 lines
11-21 07:58:04.460 I/wificond(  911): Fail RSSI polling because wifi is not associated.
11-21 07:58:04.513 I/chatty  ( 1186): uid=1000(system) ConnectivitySer expire 41 lines
11-21 07:58:04.610 E/NetlinkEvent(  462): NetlinkEvent::FindParam(): Parameter 'INTERFACE' not found
11-21 07:58:04.610 E/NetlinkEvent(  462): NetlinkEvent::FindParam(): Parameter 'STATE' not found
11-21 07:58:04.610 E/NetlinkEvent(  462): NetlinkEvent::FindParam(): Parameter 'TIME_NS' not found
11-21 07:58:04.610 E/NetlinkEvent(  462): NetlinkEvent::FindParam(): Parameter 'UID' not found
11-21 07:58:11.631 D/mculinkhealth( 1029): isMcuReachable 1 (5 ms)
11-21 07:58:16.169 I/chatty  ( 1186): uid=1000(system) Binder:1186_F expire 10 lines
11-21 07:58:16.290 I/chatty  ( 1186): uid=1000(system) Binder:1186_1E expire 11 lines
11-21 07:58:24.203 W/wificond(  911): Scan is not started. Ignore abort request
11-21 07:58:25.512 E/NetlinkEvent(  462): NetlinkEvent::FindParam(): Parameter 'INTERFACE' not found
11-21 07:58:25.512 E/NetlinkEvent(  462): NetlinkEvent::FindParam(): Parameter 'STATE' not found
11-21 07:58:25.512 E/NetlinkEvent(  462): NetlinkEvent::FindParam(): Parameter 'TIME_NS' not found
11-21 07:58:25.512 E/NetlinkEvent(  462): NetlinkEvent::FindParam(): Parameter 'UID' not found
11-21 07:58:41.636 D/mculinkhealth( 1029): isMcuReachable 1 (4 ms)
11-21 07:58:44.434 I/chatty  ( 1186): uid=1000(system) android.ui expire 12 lines
11-21 07:58:49.112 I/chatty  ( 1186): uid=1000(system) ConnectivitySer expire 11 lines
11-21 07:58:54.406 I/chatty  ( 1186): uid=1000 system_server expire 1 line
11-21 07:58:55.595 E/NetlinkEvent(  462): NetlinkEvent::FindParam(): Parameter 'INTERFACE' not found
11-21 07:58:55.595 E/NetlinkEvent(  462): NetlinkEvent::FindParam(): Parameter 'STATE' not found
11-21 07:58:55.595 E/NetlinkEvent(  462): NetlinkEvent::FindParam(): Parameter 'TIME_NS' not found
11-21 07:58:55.595 E/NetlinkEvent(  462): NetlinkEvent::FindParam(): Parameter 'UID' not found
11-21 07:59:02.012 I/chatty  ( 1006): uid=1000(system) /vendor/bin/commandrouter expire 10 lines
11-21 07:59:02.012 I/chatty  ( 1006): uid=1000(system) HwBinder:1006_2 expire 10 lines
11-21 07:59:11.642 D/mculinkhealth( 1029): isMcuReachable 1 (5 ms)
11-21 07:59:14.182 W/wificond(  911): Scan is not started. Ignore abort request
11-21 07:59:15.550 I/chatty  ( 1186): uid=1000(system) ConnectivitySer expire 32 lines
11-21 07:59:16.444 E/NetlinkEvent(  462): NetlinkEvent::FindParam(): Parameter 'INTERFACE' not found
11-21 07:59:16.444 E/NetlinkEvent(  462): NetlinkEvent::FindParam(): Parameter 'STATE' not found
11-21 07:59:16.444 E/NetlinkEvent(  462): NetlinkEvent::FindParam(): Parameter 'TIME_NS' not found
11-21 07:59:16.444 E/NetlinkEvent(  462): NetlinkEvent::FindParam(): Parameter 'UID' not found
11-21 07:59:34.371 I/chatty  ( 1186): uid=1000(system) android.ui expire 12 lines
11-21 07:59:41.649 D/mculinkhealth( 1029): isMcuReachable 1 (6 ms)
11-21 07:59:45.355 I/chatty  ( 1186): uid=1000(system) ConnectivitySer expire 33 lines
11-21 07:59:45.460 E/NetlinkEvent(  462): NetlinkEvent::FindParam(): Parameter 'INTERFACE' not found
11-21 07:59:45.460 E/NetlinkEvent(  462): NetlinkEvent::FindParam(): Parameter 'STATE' not found
11-21 07:59:45.460 E/NetlinkEvent(  462): NetlinkEvent::FindParam(): Parameter 'TIME_NS' not found
11-21 07:59:45.460 E/NetlinkEvent(  462): NetlinkEvent::FindParam(): Parameter 'UID' not found
11-21 07:59:57.154 I/chatty  ( 1186): uid=1000(system) Binder:1186_16 expire 8 lines
11-21 08:00:04.925 I/chatty  ( 1186): uid=1000(system) WifiP2pService expire 10 lines
11-21 08:00:04.935 W/wificond(  911): Scan is not started. Ignore abort request
11-21 08:00:06.306 E/NetlinkEvent(  462): NetlinkEvent::FindParam(): Parameter 'INTERFACE' not found
11-21 08:00:06.306 E/NetlinkEvent(  462): NetlinkEvent::FindParam(): Parameter 'STATE' not found
11-21 08:00:06.306 E/NetlinkEvent(  462): NetlinkEvent::FindParam(): Parameter 'TIME_NS' not found
11-21 08:00:06.307 E/NetlinkEvent(  462): NetlinkEvent::FindParam(): Parameter 'UID' not found
11-21 08:00:06.341 I/chatty  ( 1186): uid=1000(system) ConnectivitySer expire 17 lines
11-21 08:00:06.452 I/chatty  ( 1186): uid=1000(system) android.fg expire 10 lines
11-21 08:00:11.650 I/chatty  ( 1006): uid=1000(system) HwBinder:1006_F expire 8 lines
11-21 08:00:11.654 I/chatty  ( 1006): uid=1000(system) /vendor/bin/commandrouter expire 13 lines
11-21 08:00:11.655 D/mculinkhealth( 1029): isMcuReachable 1 (5 ms)
11-21 08:00:16.331 I/chatty  ( 1186): uid=1000(system) DeviceStorageMo expire 10 lines
11-21 08:00:19.829 I/chatty  ( 1186): uid=1000(system) NetworkMonitor/ expire 1 line
11-21 08:00:25.282 I/chatty  ( 1186): uid=1000(system) android.ui expire 12 lines
11-21 08:00:28.146 I/chatty  ( 1186): uid=1000(system) Binder:1186_A expire 13 lines
11-21 08:00:35.864 I/chatty  ( 1186): uid=1000(system) android.display expire 10 lines
11-21 08:00:36.425 I/wificond(  911): Fail RSSI polling because wifi is not associated.
11-21 08:00:36.568 E/NetlinkEvent(  462): NetlinkEvent::FindParam(): Parameter 'INTERFACE' not found
11-21 08:00:36.568 E/NetlinkEvent(  462): NetlinkEvent::FindParam(): Parameter 'STATE' not found
11-21 08:00:36.568 E/NetlinkEvent(  462): NetlinkEvent::FindParam(): Parameter 'TIME_NS' not found
11-21 08:00:36.568 E/NetlinkEvent(  462): NetlinkEvent::FindParam(): Parameter 'UID' not found
11-21 08:00:36.586 I/chatty  ( 1186): uid=1000(system) ConnectivitySer expire 37 lines
11-21 08:00:41.663 D/mculinkhealth( 1029): isMcuReachable 1 (6 ms)
11-21 08:00:41.950 I/chatty  ( 1006): uid=1000(system) HwBinder:1006_2 expire 10 lines
11-21 08:00:44.630 I/chatty  ( 1186): uid=1000(system) Binder:1186_17 expire 1 line
11-21 08:00:47.148 I/chatty  ( 1186): uid=1000(system) Binder:1186_1D expire 8 lines
11-21 08:00:55.077 W/wificond(  911): Scan is not started. Ignore abort request
11-21 08:00:56.435 E/NetlinkEvent(  462): NetlinkEvent::FindParam(): Parameter 'INTERFACE' not found
11-21 08:00:56.435 E/NetlinkEvent(  462): NetlinkEvent::FindParam(): Parameter 'STATE' not found
11-21 08:00:56.435 E/NetlinkEvent(  462): NetlinkEvent::FindParam(): Parameter 'TIME_NS' not found
11-21 08:00:56.435 E/NetlinkEvent(  462): NetlinkEvent::FindParam(): Parameter 'UID' not found
11-21 08:01:11.668 D/mculinkhealth( 1029): isMcuReachable 1 (4 ms)
11-21 08:01:15.299 I/chatty  ( 1186): uid=1000(system) android.ui expire 12 lines
11-21 08:01:20.935 I/chatty  ( 1186): uid=1000(system) LazyTaskWriterT expire 10 lines
11-21 08:01:26.333 I/chatty  ( 1186): uid=1000(system) ConnectivitySer expire 16 lines
11-21 08:01:26.420 E/NetlinkEvent(  462): NetlinkEvent::FindParam(): Parameter 'INTERFACE' not found
11-21 08:01:26.420 E/NetlinkEvent(  462): NetlinkEvent::FindParam(): Parameter 'STATE' not found
11-21 08:01:26.420 E/NetlinkEvent(  462): NetlinkEvent::FindParam(): Parameter 'TIME_NS' not found
11-21 08:01:26.420 E/NetlinkEvent(  462): NetlinkEvent::FindParam(): Parameter 'UID' not found
11-21 08:01:31.936 I/chatty  ( 1006): uid=1000(system) /vendor/bin/commandrouter expire 13 lines
11-21 08:01:37.153 I/chatty  ( 1186): uid=1000(system) Binder:1186_1C expire 11 lines
11-21 08:01:41.672 D/mculinkhealth( 1029): isMcuReachable 1 (3 ms)
11-21 08:01:45.492 W/wificond(  911): Scan is not started. Ignore abort request
11-21 08:01:46.260 I/chatty  ( 1186): uid=1000(system) ConnectivitySer expire 25 lines
11-21 08:01:46.774 E/NetlinkEvent(  462): NetlinkEvent::FindParam(): Parameter 'INTERFACE' not found
11-21 08:01:46.774 E/NetlinkEvent(  462): NetlinkEvent::FindParam(): Parameter 'STATE' not found
11-21 08:01:46.774 E/NetlinkEvent(  462): NetlinkEvent::FindParam(): Parameter 'TIME_NS' not found
11-21 08:01:46.774 E/NetlinkEvent(  462): NetlinkEvent::FindParam(): Parameter 'UID' not found
11-21 08:02:05.371 I/chatty  ( 1186): uid=1000(system) android.ui expire 12 lines
11-21 08:02:08.209 I/chatty  ( 1186): uid=1000(system) Binder:1186_F expire 4 lines
11-21 08:02:11.677 D/mculinkhealth( 1029): isMcuReachable 1 (4 ms)
11-21 08:02:16.452 I/chatty  ( 1186): uid=1000(system) ConnectivitySer expire 16 lines
11-21 08:02:16.731 E/NetlinkEvent(  462): NetlinkEvent::FindParam(): Parameter 'INTERFACE' not found
11-21 08:02:16.731 E/NetlinkEvent(  462): NetlinkEvent::FindParam(): Parameter 'STATE' not found
11-21 08:02:16.731 E/NetlinkEvent(  462): NetlinkEvent::FindParam(): Parameter 'TIME_NS' not found
11-21 08:02:16.731 E/NetlinkEvent(  462): NetlinkEvent::FindParam(): Parameter 'UID' not found
11-21 08:02:21.902 I/chatty  ( 1006): uid=1000(system) HwBinder:1006_2 expire 10 lines
11-21 08:02:27.150 I/chatty  ( 1186): uid=1000(system) Binder:1186_1F expire 8 lines
11-21 08:02:31.898 I/chatty  ( 1186): uid=1000 system_server expire 2 lines
11-21 08:02:34.922 W/wificond(  911): Scan is not started. Ignore abort request
11-21 08:02:35.682 I/chatty  ( 1186): uid=1000(system) ConnectivitySer expire 28 lines
11-21 08:02:36.163 E/NetlinkEvent(  462): NetlinkEvent::FindParam(): Parameter 'INTERFACE' not found
11-21 08:02:36.163 E/NetlinkEvent(  462): NetlinkEvent::FindParam(): Parameter 'STATE' not found
11-21 08:02:36.163 E/NetlinkEvent(  462): NetlinkEvent::FindParam(): Parameter 'TIME_NS' not found
11-21 08:02:36.164 E/NetlinkEvent(  462): NetlinkEvent::FindParam(): Parameter 'UID' not found
11-21 08:02:41.684 D/mculinkhealth( 1029): isMcuReachable 1 (5 ms)
11-21 08:02:55.318 I/chatty  ( 1186): uid=1000(system) android.ui expire 12 lines
11-21 08:02:59.562 I/chatty  ( 1186): uid=1000(system) Binder:1186_7 expire 5 lines
11-21 08:03:01.889 I/chatty  ( 1006): uid=1000(system) /vendor/bin/commandrouter expire 10 lines
11-21 08:03:06.452 I/wificond(  911): Fail RSSI polling because wifi is not associated.
11-21 08:03:06.485 I/chatty  ( 1186): uid=1000(system) ConnectivitySer expire 32 lines
11-21 08:03:06.590 E/NetlinkEvent(  462): NetlinkEvent::FindParam(): Parameter 'INTERFACE' not found
11-21 08:03:06.590 E/NetlinkEvent(  462): NetlinkEvent::FindParam(): Parameter 'STATE' not found
11-21 08:03:06.590 E/NetlinkEvent(  462): NetlinkEvent::FindParam(): Parameter 'TIME_NS' not found
11-21 08:03:06.590 E/NetlinkEvent(  462): NetlinkEvent::FindParam(): Parameter 'UID' not found
11-21 08:03:11.689 D/mculinkhealth( 1029): isMcuReachable 1 (4 ms)
11-21 08:03:25.102 W/wificond(  911): Scan is not started. Ignore abort request
11-21 08:03:25.591 I/chatty  ( 1186): uid=1000(system) WifiHandlerThre expire 8 lines
11-21 08:03:26.449 E/NetlinkEvent(  462): NetlinkEvent::FindParam(): Parameter 'INTERFACE' not found
11-21 08:03:26.449 E/NetlinkEvent(  462): NetlinkEvent::FindParam(): Parameter 'STATE' not found
11-21 08:03:26.449 E/NetlinkEvent(  462): NetlinkEvent::FindParam(): Parameter 'TIME_NS' not found
11-21 08:03:26.449 E/NetlinkEvent(  462): NetlinkEvent::FindParam(): Parameter 'UID' not found
11-21 08:03:26.465 I/chatty  ( 1186): uid=1000(system) ConnectivitySer expire 17 lines
11-21 08:03:41.695 D/mculinkhealth( 1029): isMcuReachable 1 (6 ms)
11-21 08:03:45.378 I/chatty  ( 1186): uid=1000(system) android.ui expire 12 lines
11-21 08:03:56.501 E/NetlinkEvent(  462): NetlinkEvent::FindParam(): Parameter 'INTERFACE' not found
11-21 08:03:56.501 E/NetlinkEvent(  462): NetlinkEvent::FindParam(): Parameter 'STATE' not found
11-21 08:03:56.502 E/NetlinkEvent(  462): NetlinkEvent::FindParam(): Parameter 'TIME_NS' not found
11-21 08:03:56.502 E/NetlinkEvent(  462): NetlinkEvent::FindParam(): Parameter 'UID' not found
11-21 08:04:01.871 D/commandrouter( 1006): SocServiceHandle::onServiceMessage, SoC Service = rtc_sync, appType = 1, type = SVC_RESP, clientId = 0, token = 47255, payloadLen = 8, result = 0, payload.size() = 8
11-21 08:04:05.297 I/chatty  ( 1186): uid=1000(system) LazyTaskWriterT expire 10 lines
11-21 08:04:08.144 I/chatty  ( 1186): uid=1000(system) Binder:1186_C expire 4 lines
11-21 08:04:11.696 D/commandrouter( 1006): SocServiceHandle::onServiceMessage, SoC Service = mcu_healthcheck_1029, appType = 1, type = SVC_REQ, clientId = 0, token = 4828, payloadLen = 12, result = 0, payload.size() = 12
11-21 08:04:11.700 D/commandrouter( 1006): mcu_healthcheck_1029 (1, merlot:mcu_health:control): <ServiceResponse> FORWARDED (remote -> local) CR token ID = 4828, service client ID = 40, token ID = 62022, result = 0
11-21 08:04:11.700 D/mculinkhealth( 1029): isMcuReachable 1 (4 ms)
11-21 08:04:11.869 D/commandrouter( 1006): rtc_sync (1, rtc:sync): <ServiceRequest> FORWARDED (remote -> local) service client ID = 0, token ID = 47256
11-21 08:04:11.870 D/commandrouter( 1006): SocServiceHandle::onServiceMessage, SoC Service = rtc_sync, appType = 1, type = SVC_RESP, clientId = 0, token = 47256, payloadLen = 8, result = 0, payload.size() = 8
11-21 08:04:15.992 I/chatty  ( 1186): uid=1000(system) WifiP2pService expire 10 lines
11-21 08:04:15.994 I/chatty  ( 1186): uid=1000(system) ActivityManager expire 7 lines
11-21 08:04:16.011 W/wificond(  911): Scan is not started. Ignore abort request
11-21 08:04:16.509 I/chatty  ( 1186): uid=1000(system) ConnectivitySer expire 41 lines
11-21 08:04:17.375 E/NetlinkEvent(  462): NetlinkEvent::FindParam(): Parameter 'INTERFACE' not found
11-21 08:04:17.375 E/NetlinkEvent(  462): NetlinkEvent::FindParam(): Parameter 'STATE' not found
11-21 08:04:17.375 E/NetlinkEvent(  462): NetlinkEvent::FindParam(): Parameter 'TIME_NS' not found
11-21 08:04:17.375 E/NetlinkEvent(  462): NetlinkEvent::FindParam(): Parameter 'UID' not found
11-21 08:04:17.506 I/chatty  ( 1186): uid=1000(system) android.fg expire 10 lines
11-21 08:04:18.510 D/commandrouter( 1006): SocServiceHandle::onServiceMessage, SoC Service = mcu_healthcheck_934, appType = 1, type = SVC_REQ, clientId = 0, token = 2414, payloadLen = 20, result = 0, payload.size() = 20
11-21 08:04:18.514 D/commandrouter( 1006): mcu_healthcheck_934 (1, merlot:mcu_health:control): <ServiceResponse> FORWARDED (remote -> local) CR token ID = 2414, service client ID = 5, token ID = 62023, result = 0
11-21 08:04:21.871 D/commandrouter( 1006): rtc_sync (1, rtc:sync): <ServiceRequest> FORWARDED (remote -> local) service client ID = 0, token ID = 47257
11-21 08:04:21.872 D/commandrouter( 1006): SocServiceHandle::onServiceMessage, SoC Service = rtc_sync, appType = 1, type = SVC_RESP, clientId = 0, token = 47257, payloadLen = 8, result = 0, payload.size() = 8
11-21 08:04:31.863 D/commandrouter( 1006): rtc_sync (1, rtc:sync): <ServiceRequest> FORWARDED (remote -> local) service client ID = 0, token ID = 47258
11-21 08:04:31.864 D/commandrouter( 1006): SocServiceHandle::onServiceMessage, SoC Service = rtc_sync, appType = 1, type = SVC_RESP, clientId = 0, token = 47258, payloadLen = 8, result = 0, payload.size() = 8
11-21 08:04:36.341 I/chatty  ( 1186): uid=1000(system) android.ui expire 11 lines
11-21 08:04:41.701 D/commandrouter( 1006): SocServiceHandle::onServiceMessage, SoC Service = mcu_healthcheck_1029, appType = 1, type = SVC_REQ, clientId = 0, token = 4829, payloadLen = 12, result = 0, payload.size() = 12
11-21 08:04:41.704 D/commandrouter( 1006): mcu_healthcheck_1029 (1, merlot:mcu_health:control): <ServiceResponse> FORWARDED (remote -> local) CR token ID = 4829, service client ID = 40, token ID = 62024, result = 0
11-21 08:04:41.705 D/mculinkhealth( 1029): isMcuReachable 1 (4 ms)
11-21 08:04:41.858 D/commandrouter( 1006): rtc_sync (1, rtc:sync): <ServiceRequest> FORWARDED (remote -> local) service client ID = 0, token ID = 47259
11-21 08:04:41.859 D/commandrouter( 1006): SocServiceHandle::onServiceMessage, SoC Service = rtc_sync, appType = 1, type = SVC_RESP, clientId = 0, token = 47259, payloadLen = 8, result = 0, payload.size() = 8
11-21 08:04:46.864 I/chatty  ( 1186): uid=1000(system) android.display expire 10 lines
11-21 08:04:47.573 E/NetlinkEvent(  462): NetlinkEvent::FindParam(): Parameter 'INTERFACE' not found
11-21 08:04:47.573 E/NetlinkEvent(  462): NetlinkEvent::FindParam(): Parameter 'STATE' not found
11-21 08:04:47.573 E/NetlinkEvent(  462): NetlinkEvent::FindParam(): Parameter 'TIME_NS' not found
11-21 08:04:47.573 E/NetlinkEvent(  462): NetlinkEvent::FindParam(): Parameter 'UID' not found
11-21 08:04:47.588 I/chatty  ( 1186): uid=1000(system) ConnectivitySer expire 28 lines
11-21 08:04:51.852 D/commandrouter( 1006): rtc_sync (1, rtc:sync): <ServiceRequest> FORWARDED (remote -> local) service client ID = 0, token ID = 47260
11-21 08:04:51.853 D/commandrouter( 1006): SocServiceHandle::onServiceMessage, SoC Service = rtc_sync, appType = 1, type = SVC_RESP, clientId = 0, token = 47260, payloadLen = 8, result = 0, payload.size() = 8
11-21 08:04:57.628 I/chatty  ( 1186): uid=1000(system) android.ui expire 13 lines
11-21 08:05:01.846 D/commandrouter( 1006): rtc_sync (1, rtc:sync): <ServiceRequest> FORWARDED (remote -> local) service client ID = 0, token ID = 47261
11-21 08:05:01.847 D/commandrouter( 1006): SocServiceHandle::onServiceMessage, SoC Service = rtc_sync, appType = 1, type = SVC_RESP, clientId = 0, token = 47261, payloadLen = 8, result = 0, payload.size() = 8
11-21 08:05:01.903 I/chatty  ( 1186): uid=1000 system_server expire 1 line
11-21 08:05:06.239 W/wificond(  911): Scan is not started. Ignore abort request
11-21 08:05:07.734 E/NetlinkEvent(  462): NetlinkEvent::FindParam(): Parameter 'INTERFACE' not found
11-21 08:05:07.734 E/NetlinkEvent(  462): NetlinkEvent::FindParam(): Parameter 'STATE' not found
11-21 08:05:07.734 E/NetlinkEvent(  462): NetlinkEvent::FindParam(): Parameter 'TIME_NS' not found
11-21 08:05:07.734 E/NetlinkEvent(  462): NetlinkEvent::FindParam(): Parameter 'UID' not found
11-21 08:05:07.906 I/chatty  ( 1186): uid=1000(system) ConnectivitySer expire 12 lines
11-21 08:05:11.706 D/commandrouter( 1006): SocServiceHandle::onServiceMessage, SoC Service = mcu_healthcheck_1029, appType = 1, type = SVC_REQ, clientId = 0, token = 4830, payloadLen = 12, result = 0, payload.size() = 12
11-21 08:05:11.710 D/commandrouter( 1006): mcu_healthcheck_1029 (1, merlot:mcu_health:control): <ServiceResponse> FORWARDED (remote -> local) CR token ID = 4830, service client ID = 40, token ID = 62025, result = 0
11-21 08:05:11.710 D/mculinkhealth( 1029): isMcuReachable 1 (4 ms)
11-21 08:05:11.840 D/commandrouter( 1006): rtc_sync (1, rtc:sync): <ServiceRequest> FORWARDED (remote -> local) service client ID = 0, token ID = 47262
11-21 08:05:11.841 D/commandrouter( 1006): SocServiceHandle::onServiceMessage, SoC Service = rtc_sync, appType = 1, type = SVC_RESP, clientId = 0, token = 47262, payloadLen = 8, result = 0, payload.size() = 8
11-21 08:05:16.665 I/chatty  ( 1186): uid=1000(system) DeviceStorageMo expire 10 lines
11-21 08:05:18.515 D/commandrouter( 1006): SocServiceHandle::onServiceMessage, SoC Service = mcu_healthcheck_934, appType = 1, type = SVC_REQ, clientId = 0, token = 2415, payloadLen = 20, result = 0, payload.size() = 20
11-21 08:05:18.518 D/commandrouter( 1006): mcu_healthcheck_934 (1, merlot:mcu_health:control): <ServiceResponse> FORWARDED (remote -> local) CR token ID = 2415, service client ID = 5, token ID = 62026, result = 0
11-21 08:05:21.846 D/commandrouter( 1006): rtc_sync (1, rtc:sync): <ServiceRequest> FORWARDED (remote -> local) service client ID = 0, token ID = 47263
11-21 08:05:21.847 D/commandrouter( 1006): SocServiceHandle::onServiceMessage, SoC Service = rtc_sync, appType = 1, type = SVC_RESP, clientId = 0, token = 47263, payloadLen = 8, result = 0, payload.size() = 8
11-21 08:05:29.331 I/chatty  ( 1186): uid=1000(system) Binder:1186_12 expire 11 lines
11-21 08:05:31.847 D/commandrouter( 1006): rtc_sync (1, rtc:sync): <ServiceRequest> FORWARDED (remote -> local) service client ID = 0, token ID = 47264
11-21 08:05:31.848 D/commandrouter( 1006): SocServiceHandle::onServiceMessage, SoC Service = rtc_sync, appType = 1, type = SVC_RESP, clientId = 0, token = 47264, payloadLen = 8, result = 0, payload.size() = 8
11-21 08:05:37.559 E/NetlinkEvent(  462): NetlinkEvent::FindParam(): Parameter 'INTERFACE' not found
11-21 08:05:37.560 E/NetlinkEvent(  462): NetlinkEvent::FindParam(): Parameter 'STATE' not found
11-21 08:05:37.560 E/NetlinkEvent(  462): NetlinkEvent::FindParam(): Parameter 'TIME_NS' not found
11-21 08:05:37.560 E/NetlinkEvent(  462): NetlinkEvent::FindParam(): Parameter 'UID' not found
11-21 08:05:37.570 I/chatty  ( 1186): uid=1000(system) ConnectivitySer expire 28 lines
11-21 08:05:41.711 D/commandrouter( 1006): SocServiceHandle::onServiceMessage, SoC Service = mcu_healthcheck_1029, appType = 1, type = SVC_REQ, clientId = 0, token = 4831, payloadLen = 12, result = 0, payload.size() = 12
11-21 08:05:41.714 D/commandrouter( 1006): mcu_healthcheck_1029 (1, merlot:mcu_health:control): <ServiceResponse> FORWARDED (remote -> local) CR token ID = 4831, service client ID = 40, token ID = 62027, result = 0
11-21 08:05:41.715 D/mculinkhealth( 1029): isMcuReachable 1 (4 ms)
11-21 08:05:41.851 D/commandrouter( 1006): rtc_sync (1, rtc:sync): <ServiceRequest> FORWARDED (remote -> local) service client ID = 0, token ID = 47265
11-21 08:05:41.851 D/commandrouter( 1006): SocServiceHandle::onServiceMessage, SoC Service = rtc_sync, appType = 1, type = SVC_RESP, clientId = 0, token = 47265, payloadLen = 8, result = 0, payload.size() = 8
11-21 08:05:42.646 D/commandrouter( 1006): SocServiceHandle::onServiceMessage, SoC Service = mcu_healthcheck_1186, appType = 1, type = SVC_REQ, clientId = 0, token = 246, payloadLen = 12, result = 0, payload.size() = 12
11-21 08:05:42.650 D/commandrouter( 1006): mcu_healthcheck_1186 (1, merlot:mcu_health:control): <ServiceResponse> FORWARDED (remote -> local) CR token ID = 246, service client ID = 39, token ID = 62028, result = 0
11-21 08:05:42.651 I/chatty  ( 1186): uid=1000 system_server expire 1 line
11-21 08:05:42.804 I/chatty  ( 1186): uid=1000(system) android.bg expire 2 lines
11-21 08:05:51.866 D/commandrouter( 1006): rtc_sync (1, rtc:sync): <ServiceRequest> FORWARDED (remote -> local) service client ID = 0, token ID = 47266
11-21 08:05:51.866 D/commandrouter( 1006): SocServiceHandle::onServiceMessage, SoC Service = rtc_sync, appType = 1, type = SVC_RESP, clientId = 0, token = 47266, payloadLen = 8, result = 0, payload.size() = 8
11-21 08:05:56.604 W/wificond(  911): Scan is not started. Ignore abort request
11-21 08:05:58.998 E/NetlinkEvent(  462): NetlinkEvent::FindParam(): Parameter 'INTERFACE' not found
11-21 08:05:58.998 E/NetlinkEvent(  462): NetlinkEvent::FindParam(): Parameter 'STATE' not found
11-21 08:05:58.998 E/NetlinkEvent(  462): NetlinkEvent::FindParam(): Parameter 'TIME_NS' not found
11-21 08:05:58.998 E/NetlinkEvent(  462): NetlinkEvent::FindParam(): Parameter 'UID' not found
11-21 08:05:59.199 I/chatty  ( 1186): uid=1000(system) ConnectivitySer expire 16 lines
11-21 08:06:01.857 D/commandrouter( 1006): rtc_sync (1, rtc:sync): <ServiceRequest> FORWARDED (remote -> local) service client ID = 0, token ID = 47267
11-21 08:06:01.858 D/commandrouter( 1006): SocServiceHandle::onServiceMessage, SoC Service = rtc_sync, appType = 1, type = SVC_RESP, clientId = 0, token = 47267, payloadLen = 8, result = 0, payload.size() = 8
11-21 08:06:11.715 D/commandrouter( 1006): SocServiceHandle::onServiceMessage, SoC Service = mcu_healthcheck_1029, appType = 1, type = SVC_REQ, clientId = 0, token = 4832, payloadLen = 12, result = 0, payload.size() = 12
11-21 08:06:11.719 D/commandrouter( 1006): mcu_healthcheck_1029 (1, merlot:mcu_health:control): <ServiceResponse> FORWARDED (remote -> local) CR token ID = 4832, service client ID = 40, token ID = 62029, result = 0
11-21 08:06:11.719 D/mculinkhealth( 1029): isMcuReachable 1 (4 ms)
11-21 08:06:11.857 D/commandrouter( 1006): rtc_sync (1, rtc:sync): <ServiceRequest> FORWARDED (remote -> local) service client ID = 0, token ID = 47268
11-21 08:06:11.858 D/commandrouter( 1006): SocServiceHandle::onServiceMessage, SoC Service = rtc_sync, appType = 1, type = SVC_RESP, clientId = 0, token = 47268, payloadLen = 8, result = 0, payload.size() = 8
11-21 08:06:16.831 I/chatty  ( 1186): uid=1000(system) android.ui expire 12 lines
11-21 08:06:18.520 D/commandrouter( 1006): SocServiceHandle::onServiceMessage, SoC Service = mcu_healthcheck_934, appType = 1, type = SVC_REQ, clientId = 0, token = 2416, payloadLen = 20, result = 0, payload.size() = 20
11-21 08:06:18.523 D/commandrouter( 1006): mcu_healthcheck_934 (1, merlot:mcu_health:control): <ServiceResponse> FORWARDED (remote -> local) CR token ID = 2416, service client ID = 5, token ID = 62030, result = 0
11-21 08:06:20.187 I/chatty  ( 1186): uid=1000(system) Binder:1186_1E expire 4 lines
11-21 08:06:21.851 D/commandrouter( 1006): rtc_sync (1, rtc:sync): <ServiceRequest> FORWARDED (remote -> local) service client ID = 0, token ID = 47269
11-21 08:06:21.852 D/commandrouter( 1006): SocServiceHandle::onServiceMessage, SoC Service = rtc_sync, appType = 1, type = SVC_RESP, clientId = 0, token = 47269, payloadLen = 8, result = 0, payload.size() = 8
11-21 08:06:27.540 I/chatty  ( 1186): uid=1000 system_server expire 1 line
11-21 08:06:28.771 E/NetlinkEvent(  462): NetlinkEvent::FindParam(): Parameter 'INTERFACE' not found
11-21 08:06:28.771 E/NetlinkEvent(  462): NetlinkEvent::FindParam(): Parameter 'STATE' not found
11-21 08:06:28.771 E/NetlinkEvent(  462): NetlinkEvent::FindParam(): Parameter 'TIME_NS' not found
11-21 08:06:28.771 E/NetlinkEvent(  462): NetlinkEvent::FindParam(): Parameter 'UID' not found
11-21 08:06:31.842 D/commandrouter( 1006): rtc_sync (1, rtc:sync): <ServiceRequest> FORWARDED (remote -> local) service client ID = 0, token ID = 47270
11-21 08:06:31.843 D/commandrouter( 1006): SocServiceHandle::onServiceMessage, SoC Service = rtc_sync, appType = 1, type = SVC_RESP, clientId = 0, token = 47270, payloadLen = 8, result = 0, payload.size() = 8
11-21 08:06:41.720 D/commandrouter( 1006): SocServiceHandle::onServiceMessage, SoC Service = mcu_healthcheck_1029, appType = 1, type = SVC_REQ, clientId = 0, token = 4833, payloadLen = 12, result = 0, payload.size() = 12
11-21 08:06:41.724 D/commandrouter( 1006): mcu_healthcheck_1029 (1, merlot:mcu_health:control): <ServiceResponse> FORWARDED (remote -> local) CR token ID = 4833, service client ID = 40, token ID = 62031, result = 0
11-21 08:06:41.724 D/mculinkhealth( 1029): isMcuReachable 1 (4 ms)
11-21 08:06:41.831 D/commandrouter( 1006): rtc_sync (1, rtc:sync): <ServiceRequest> FORWARDED (remote -> local) service client ID = 0, token ID = 47271
11-21 08:06:41.832 D/commandrouter( 1006): SocServiceHandle::onServiceMessage, SoC Service = rtc_sync, appType = 1, type = SVC_RESP, clientId = 0, token = 47271, payloadLen = 8, result = 0, payload.size() = 8
11-21 08:06:43.903 I/chatty  ( 1186): uid=1000(system) LazyTaskWriterT expire 10 lines
11-21 08:06:48.171 W/wificond(  911): Scan is not started. Ignore abort request
11-21 08:06:48.621 I/chatty  ( 1186): uid=1000(system) ConnectivitySer expire 32 lines
11-21 08:06:49.380 E/NetlinkEvent(  462): NetlinkEvent::FindParam(): Parameter 'INTERFACE' not found
11-21 08:06:49.380 E/NetlinkEvent(  462): NetlinkEvent::FindParam(): Parameter 'STATE' not found
11-21 08:06:49.380 E/NetlinkEvent(  462): NetlinkEvent::FindParam(): Parameter 'TIME_NS' not found
11-21 08:06:49.380 E/NetlinkEvent(  462): NetlinkEvent::FindParam(): Parameter 'UID' not found
11-21 08:06:51.829 D/commandrouter( 1006): rtc_sync (1, rtc:sync): <ServiceRequest> FORWARDED (remote -> local) service client ID = 0, token ID = 47272
11-21 08:06:51.829 D/commandrouter( 1006): SocServiceHandle::onServiceMessage, SoC Service = rtc_sync, appType = 1, type = SVC_RESP, clientId = 0, token = 47272, payloadLen = 8, result = 0, payload.size() = 8
11-21 08:07:01.827 D/commandrouter( 1006): rtc_sync (1, rtc:sync): <ServiceRequest> FORWARDED (remote -> local) service client ID = 0, token ID = 47273
11-21 08:07:01.827 D/commandrouter( 1006): SocServiceHandle::onServiceMessage, SoC Service = rtc_sync, appType = 1, type = SVC_RESP, clientId = 0, token = 47273, payloadLen = 8, result = 0, payload.size() = 8
11-21 08:07:08.332 I/chatty  ( 1186): uid=1000(system) android.ui expire 12 lines
11-21 08:07:11.725 D/commandrouter( 1006): SocServiceHandle::onServiceMessage, SoC Service = mcu_healthcheck_1029, appType = 1, type = SVC_REQ, clientId = 0, token = 4834, payloadLen = 12, result = 0, payload.size() = 12
11-21 08:07:11.730 D/commandrouter( 1006): mcu_healthcheck_1029 (1, merlot:mcu_health:control): <ServiceResponse> FORWARDED (remote -> local) CR token ID = 4834, service client ID = 40, token ID = 62032, result = 0
11-21 08:07:11.730 D/mculinkhealth( 1029): isMcuReachable 1 (5 ms)
11-21 08:07:11.821 D/commandrouter( 1006): rtc_sync (1, rtc:sync): <ServiceRequest> FORWARDED (remote -> local) service client ID = 0, token ID = 47274
11-21 08:07:11.822 D/commandrouter( 1006): SocServiceHandle::onServiceMessage, SoC Service = rtc_sync, appType = 1, type = SVC_RESP, clientId = 0, token = 47274, payloadLen = 8, result = 0, payload.size() = 8
11-21 08:07:18.524 D/commandrouter( 1006): SocServiceHandle::onServiceMessage, SoC Service = mcu_healthcheck_934, appType = 1, type = SVC_REQ, clientId = 0, token = 2417, payloadLen = 20, result = 0, payload.size() = 20
11-21 08:07:18.528 D/commandrouter( 1006): mcu_healthcheck_934 (1, merlot:mcu_health:control): <ServiceResponse> FORWARDED (remote -> local) CR token ID = 2417, service client ID = 5, token ID = 62033, result = 0
11-21 08:07:19.373 I/chatty  ( 1186): uid=1000(system) ConnectivitySer expire 41 lines
11-21 08:07:19.545 E/NetlinkEvent(  462): NetlinkEvent::FindParam(): Parameter 'INTERFACE' not found
11-21 08:07:19.545 E/NetlinkEvent(  462): NetlinkEvent::FindParam(): Parameter 'STATE' not found
11-21 08:07:19.545 E/NetlinkEvent(  462): NetlinkEvent::FindParam(): Parameter 'TIME_NS' not found
11-21 08:07:19.546 E/NetlinkEvent(  462): NetlinkEvent::FindParam(): Parameter 'UID' not found
11-21 08:07:21.824 D/commandrouter( 1006): rtc_sync (1, rtc:sync): <ServiceRequest> FORWARDED (remote -> local) service client ID = 0, token ID = 47275
11-21 08:07:21.824 D/commandrouter( 1006): SocServiceHandle::onServiceMessage, SoC Service = rtc_sync, appType = 1, type = SVC_RESP, clientId = 0, token = 47275, payloadLen = 8, result = 0, payload.size() = 8
11-21 08:07:31.827 D/commandrouter( 1006): rtc_sync (1, rtc:sync): <ServiceRequest> FORWARDED (remote -> local) service client ID = 0, token ID = 47276
11-21 08:07:31.827 D/commandrouter( 1006): SocServiceHandle::onServiceMessage, SoC Service = rtc_sync, appType = 1, type = SVC_RESP, clientId = 0, token = 47276, payloadLen = 8, result = 0, payload.size() = 8
11-21 08:07:34.060 I/chatty  ( 1186): uid=1000 system_server expire 1 line
11-21 08:07:39.493 W/wificond(  911): Scan is not started. Ignore abort request
11-21 08:07:40.876 E/NetlinkEvent(  462): NetlinkEvent::FindParam(): Parameter 'INTERFACE' not found
11-21 08:07:40.877 E/NetlinkEvent(  462): NetlinkEvent::FindParam(): Parameter 'STATE' not found
11-21 08:07:40.877 E/NetlinkEvent(  462): NetlinkEvent::FindParam(): Parameter 'TIME_NS' not found
11-21 08:07:40.877 E/NetlinkEvent(  462): NetlinkEvent::FindParam(): Parameter 'UID' not found
11-21 08:07:41.731 D/commandrouter( 1006): SocServiceHandle::onServiceMessage, SoC Service = mcu_healthcheck_1029, appType = 1, type = SVC_REQ, clientId = 0, token = 4835, payloadLen = 12, result = 0, payload.size() = 12
11-21 08:07:41.735 D/commandrouter( 1006): mcu_healthcheck_1029 (1, merlot:mcu_health:control): <ServiceResponse> FORWARDED (remote -> local) CR token ID = 4835, service client ID = 40, token ID = 62034, result = 0
11-21 08:07:41.735 D/mculinkhealth( 1029): isMcuReachable 1 (4 ms)
11-21 08:07:41.842 D/commandrouter( 1006): rtc_sync (1, rtc:sync): <ServiceRequest> FORWARDED (remote -> local) service client ID = 0, token ID = 47277
11-21 08:07:41.843 D/commandrouter( 1006): SocServiceHandle::onServiceMessage, SoC Service = rtc_sync, appType = 1, type = SVC_RESP, clientId = 0, token = 47277, payloadLen = 8, result = 0, payload.size() = 8
11-21 08:07:51.830 D/commandrouter( 1006): rtc_sync (1, rtc:sync): <ServiceRequest> FORWARDED (remote -> local) service client ID = 0, token ID = 47278
11-21 08:07:51.830 D/commandrouter( 1006): SocServiceHandle::onServiceMessage, SoC Service = rtc_sync, appType = 1, type = SVC_RESP, clientId = 0, token = 47278, payloadLen = 8, result = 0, payload.size() = 8
11-21 08:07:59.651 I/chatty  ( 1186): uid=1000(system) android.ui expire 12 lines
11-21 08:08:01.828 D/commandrouter( 1006): rtc_sync (1, rtc:sync): <ServiceRequest> FORWARDED (remote -> local) service client ID = 0, token ID = 47279
11-21 08:08:01.829 D/commandrouter( 1006): SocServiceHandle::onServiceMessage, SoC Service = rtc_sync, appType = 1, type = SVC_RESP, clientId = 0, token = 47279, payloadLen = 8, result = 0, payload.size() = 8
11-21 08:08:10.872 I/chatty  ( 1186): uid=1000(system) ConnectivitySer expire 35 lines
11-21 08:08:11.590 E/NetlinkEvent(  462): NetlinkEvent::FindParam(): Parameter 'INTERFACE' not found
11-21 08:08:11.590 E/NetlinkEvent(  462): NetlinkEvent::FindParam(): Parameter 'STATE' not found
11-21 08:08:11.590 E/NetlinkEvent(  462): NetlinkEvent::FindParam(): Parameter 'TIME_NS' not found
11-21 08:08:11.590 E/NetlinkEvent(  462): NetlinkEvent::FindParam(): Parameter 'UID' not found
11-21 08:08:11.736 D/commandrouter( 1006): SocServiceHandle::onServiceMessage, SoC Service = mcu_healthcheck_1029, appType = 1, type = SVC_REQ, clientId = 0, token = 4836, payloadLen = 12, result = 0, payload.size() = 12
11-21 08:08:11.740 D/commandrouter( 1006): mcu_healthcheck_1029 (1, merlot:mcu_health:control): <ServiceResponse> FORWARDED (remote -> local) CR token ID = 4836, service client ID = 40, token ID = 62035, result = 0
11-21 08:08:11.741 D/mculinkhealth( 1029): isMcuReachable 1 (5 ms)
11-21 08:08:11.828 D/commandrouter( 1006): rtc_sync (1, rtc:sync): <ServiceRequest> FORWARDED (remote -> local) service client ID = 0, token ID = 47280
11-21 08:08:11.829 D/commandrouter( 1006): SocServiceHandle::onServiceMessage, SoC Service = rtc_sync, appType = 1, type = SVC_RESP, clientId = 0, token = 47280, payloadLen = 8, result = 0, payload.size() = 8
11-21 08:08:18.529 D/commandrouter( 1006): SocServiceHandle::onServiceMessage, SoC Service = mcu_healthcheck_934, appType = 1, type = SVC_REQ, clientId = 0, token = 2418, payloadLen = 20, result = 0, payload.size() = 20
11-21 08:08:18.533 D/commandrouter( 1006): mcu_healthcheck_934 (1, merlot:mcu_health:control): <ServiceResponse> FORWARDED (remote -> local) CR token ID = 2418, service client ID = 5, token ID = 62036, result = 0
11-21 08:08:21.832 D/commandrouter( 1006): rtc_sync (1, rtc:sync): <ServiceRequest> FORWARDED (remote -> local) service client ID = 0, token ID = 47281
11-21 08:08:21.832 D/commandrouter( 1006): SocServiceHandle::onServiceMessage, SoC Service = rtc_sync, appType = 1, type = SVC_RESP, clientId = 0, token = 47281, payloadLen = 8, result = 0, payload.size() = 8
11-21 08:08:23.150 I/chatty  ( 1186): uid=1000(system) Binder:1186_2 expire 4 lines
11-21 08:08:30.431 I/chatty  ( 1186): uid=1000(system) WifiP2pService expire 4 lines
11-21 08:08:30.570 W/wificond(  911): Scan is not started. Ignore abort request
11-21 08:08:31.818 E/NetlinkEvent(  462): NetlinkEvent::FindParam(): Parameter 'INTERFACE' not found
11-21 08:08:31.818 E/NetlinkEvent(  462): NetlinkEvent::FindParam(): Parameter 'STATE' not found
11-21 08:08:31.819 E/NetlinkEvent(  462): NetlinkEvent::FindParam(): Parameter 'TIME_NS' not found
11-21 08:08:31.819 E/NetlinkEvent(  462): NetlinkEvent::FindParam(): Parameter 'UID' not found
11-21 08:08:31.835 D/commandrouter( 1006): rtc_sync (1, rtc:sync): <ServiceRequest> FORWARDED (remote -> local) service client ID = 0, token ID = 47282
11-21 08:08:31.836 D/commandrouter( 1006): SocServiceHandle::onServiceMessage, SoC Service = rtc_sync, appType = 1, type = SVC_RESP, clientId = 0, token = 47282, payloadLen = 8, result = 0, payload.size() = 8
11-21 08:08:31.961 I/chatty  ( 1186): uid=1000(system) android.fg expire 3 lines
11-21 08:08:31.984 I/chatty  ( 1186): uid=1000(system) ConnectivitySer expire 13 lines
11-21 08:08:41.741 D/commandrouter( 1006): SocServiceHandle::onServiceMessage, SoC Service = mcu_healthcheck_1029, appType = 1, type = SVC_REQ, clientId = 0, token = 4837, payloadLen = 12, result = 0, payload.size() = 12
11-21 08:08:41.744 D/commandrouter( 1006): mcu_healthcheck_1029 (1, merlot:mcu_health:control): <ServiceResponse> FORWARDED (remote -> local) CR token ID = 4837, service client ID = 40, token ID = 62037, result = 0
11-21 08:08:41.745 D/mculinkhealth( 1029): isMcuReachable 1 (3 ms)
11-21 08:08:41.841 D/commandrouter( 1006): rtc_sync (1, rtc:sync): <ServiceRequest> FORWARDED (remote -> local) service client ID = 0, token ID = 47283
11-21 08:08:41.842 D/commandrouter( 1006): SocServiceHandle::onServiceMessage, SoC Service = rtc_sync, appType = 1, type = SVC_RESP, clientId = 0, token = 47283, payloadLen = 8, result = 0, payload.size() = 8
11-21 08:08:50.809 I/chatty  ( 1186): uid=1000(system) android.ui expire 12 lines
11-21 08:08:51.847 D/commandrouter( 1006): rtc_sync (1, rtc:sync): <ServiceRequest> FORWARDED (remote -> local) service client ID = 0, token ID = 47284
11-21 08:08:51.847 D/commandrouter( 1006): SocServiceHandle::onServiceMessage, SoC Service = rtc_sync, appType = 1, type = SVC_RESP, clientId = 0, token = 47284, payloadLen = 8, result = 0, payload.size() = 8
11-21 08:08:54.180 I/chatty  ( 1186): uid=1000(system) Binder:1186_18 expire 4 lines
11-21 08:09:01.330 I/chatty  ( 1186): uid=1000 system_server expire 1 line
11-21 08:09:01.852 D/commandrouter( 1006): rtc_sync (1, rtc:sync): <ServiceRequest> FORWARDED (remote -> local) service client ID = 0, token ID = 47285
11-21 08:09:01.853 D/commandrouter( 1006): SocServiceHandle::onServiceMessage, SoC Service = rtc_sync, appType = 1, type = SVC_RESP, clientId = 0, token = 47285, payloadLen = 8, result = 0, payload.size() = 8
11-21 08:09:01.973 I/chatty  ( 1186): uid=1000(system) android.display expire 3 lines
11-21 08:09:02.489 E/NetlinkEvent(  462): NetlinkEvent::FindParam(): Parameter 'INTERFACE' not found
11-21 08:09:02.489 E/NetlinkEvent(  462): NetlinkEvent::FindParam(): Parameter 'STATE' not found
11-21 08:09:02.489 E/NetlinkEvent(  462): NetlinkEvent::FindParam(): Parameter 'TIME_NS' not found
11-21 08:09:02.489 E/NetlinkEvent(  462): NetlinkEvent::FindParam(): Parameter 'UID' not found
11-21 08:09:02.501 I/chatty  ( 1186): uid=1000(system) ConnectivitySer expire 34 lines
11-21 08:09:11.746 D/commandrouter( 1006): SocServiceHandle::onServiceMessage, SoC Service = mcu_healthcheck_1029, appType = 1, type = SVC_REQ, clientId = 0, token = 4838, payloadLen = 12, result = 0, payload.size() = 12
11-21 08:09:11.750 D/commandrouter( 1006): mcu_healthcheck_1029 (1, merlot:mcu_health:control): <ServiceResponse> FORWARDED (remote -> local) CR token ID = 4838, service client ID = 40, token ID = 62038, result = 0
11-21 08:09:11.751 D/mculinkhealth( 1029): isMcuReachable 1 (5 ms)
11-21 08:09:11.852 D/commandrouter( 1006): rtc_sync (1, rtc:sync): <ServiceRequest> FORWARDED (remote -> local) service client ID = 0, token ID = 47286
11-21 08:09:11.853 D/commandrouter( 1006): SocServiceHandle::onServiceMessage, SoC Service = rtc_sync, appType = 1, type = SVC_RESP, clientId = 0, token = 47286, payloadLen = 8, result = 0, payload.size() = 8
11-21 08:09:18.534 D/commandrouter( 1006): SocServiceHandle::onServiceMessage, SoC Service = mcu_healthcheck_934, appType = 1, type = SVC_REQ, clientId = 0, token = 2419, payloadLen = 20, result = 0, payload.size() = 20
11-21 08:09:18.537 D/commandrouter( 1006): mcu_healthcheck_934 (1, merlot:mcu_health:control): <ServiceResponse> FORWARDED (remote -> local) CR token ID = 2419, service client ID = 5, token ID = 62039, result = 0
11-21 08:09:21.859 D/commandrouter( 1006): rtc_sync (1, rtc:sync): <ServiceRequest> FORWARDED (remote -> local) service client ID = 0, token ID = 47287
11-21 08:09:21.860 D/commandrouter( 1006): SocServiceHandle::onServiceMessage, SoC Service = rtc_sync, appType = 1, type = SVC_RESP, clientId = 0, token = 47287, payloadLen = 8, result = 0, payload.size() = 8
11-21 08:09:21.955 W/wificond(  911): Scan aborted
11-21 08:09:22.204 W/wificond(  911): Scan is not started. Ignore abort request
11-21 08:09:23.584 E/NetlinkEvent(  462): NetlinkEvent::FindParam(): Parameter 'INTERFACE' not found
11-21 08:09:23.584 E/NetlinkEvent(  462): NetlinkEvent::FindParam(): Parameter 'STATE' not found
11-21 08:09:23.584 E/NetlinkEvent(  462): NetlinkEvent::FindParam(): Parameter 'TIME_NS' not found
11-21 08:09:23.584 E/NetlinkEvent(  462): NetlinkEvent::FindParam(): Parameter 'UID' not found
11-21 08:09:31.863 D/commandrouter( 1006): rtc_sync (1, rtc:sync): <ServiceRequest> FORWARDED (remote -> local) service client ID = 0, token ID = 47288
11-21 08:09:31.864 D/commandrouter( 1006): SocServiceHandle::onServiceMessage, SoC Service = rtc_sync, appType = 1, type = SVC_RESP, clientId = 0, token = 47288, payloadLen = 8, result = 0, payload.size() = 8
11-21 08:09:41.751 D/commandrouter( 1006): SocServiceHandle::onServiceMessage, SoC Service = mcu_healthcheck_1029, appType = 1, type = SVC_REQ, clientId = 0, token = 4839, payloadLen = 12, result = 0, payload.size() = 12
11-21 08:09:41.755 D/commandrouter( 1006): mcu_healthcheck_1029 (1, merlot:mcu_health:control): <ServiceResponse> FORWARDED (remote -> local) CR token ID = 4839, service client ID = 40, token ID = 62040, result = 0
11-21 08:09:41.755 D/mculinkhealth( 1029): isMcuReachable 1 (4 ms)
11-21 08:09:41.865 D/commandrouter( 1006): rtc_sync (1, rtc:sync): <ServiceRequest> FORWARDED (remote -> local) service client ID = 0, token ID = 47289
11-21 08:09:41.866 D/commandrouter( 1006): SocServiceHandle::onServiceMessage, SoC Service = rtc_sync, appType = 1, type = SVC_RESP, clientId = 0, token = 47289, payloadLen = 8, result = 0, payload.size() = 8
11-21 08:09:42.332 I/chatty  ( 1186): uid=1000(system) android.ui expire 4 lines
11-21 08:09:48.035 I/chatty  ( 1186): uid=1000(system) LazyTaskWriterT expire 1 line
11-21 08:09:51.866 D/commandrouter( 1006): rtc_sync (1, rtc:sync): <ServiceRequest> FORWARDED (remote -> local) service client ID = 0, token ID = 47290
11-21 08:09:51.867 D/commandrouter( 1006): SocServiceHandle::onServiceMessage, SoC Service = rtc_sync, appType = 1, type = SVC_RESP, clientId = 0, token = 47290, payloadLen = 8, result = 0, payload.size() = 8
11-21 08:09:53.457 D/ConnectivityService( 1186): [202 WIFI] EVENT_NETWORK_INFO_CHANGED, going from CONNECTED to DISCONNECTED
11-21 08:09:53.458 D/ConnectivityService( 1186): [202 WIFI] disconnected, was satisfying 26
11-21 08:09:53.559 I/Nat464Xlat( 1186): Android Xlat is disabled
11-21 08:09:53.559 I/Nat464Xlat( 1186): Android Xlat is disabled
11-21 08:09:53.581 D/ConnectivityService( 1186): Sending DISCONNECTED broadcast for type 1 [202 WIFI] isDefaultNetwork=true
11-21 08:09:53.583 D/ConnectivityService( 1186): NetReassign [44 : null → 101, 11 : null → 101, 63 : null → 101, 17 : null → 101, 25 : null → 101, 2222 : null → 101, 1438 : null → 101, 1 : null → 101, 8 : null → 101, 2214 : null → 101, 12 : null → 101, 14 : null → 101, 16 : null → 101, 22 : null → 101, 1515 : null → 101]
11-21 08:09:53.594 E/NetlinkEvent(  462): NetlinkEvent::FindParam(): Parameter 'INTERFACE' not found
