11-20 20:10:30.569 V/LigerRadioStatsReporter( 2384): reportAndCheckpointRadioStats: Tx=0
11-20 20:10:30.569 V/LigerRadioStatsReporter( 2384): reportAndCheckpointRadioStats: Rx=0
11-20 20:10:30.569 V/LigerRadioStatsReporter( 2384): reportAndCheckpointRadioStats: Uids=10028
11-20 20:10:30.570 V/LigerRadioStatsReporter( 2384): reportAndCheckpointRadioStats: Tags=null
11-20 20:10:28.803 I/Nat464Xlat( 1194): Android Xlat is disabled
11-20 20:10:32.312 D/commandrouter( 1117): rtc_sync (1, rtc:sync): <ServiceRequest> FORWARDED (remote -> local) service client ID = 0, token ID = 42981
11-20 20:10:32.312 D/vendor.facebook.rtc_sync@1.0-service( 1129): Request req_ts=1637439032296653795 resp_ts=1637439032312806499
11-20 20:10:32.313 D/commandrouter( 1117): SocServiceHandle::onServiceMessage, SoC Service = rtc_sync, appType = 1, type = SVC_RESP, clientId = 0, token = 42981, payloadLen = 8, result = 0, payload.size() = 8
11-20 20:10:34.272 E/QMI_FW  ( 1113): qmi_cci_get_ref: ref count increased 2
11-20 20:10:34.273 E/QMI_FW  ( 1113): qmi_cci_get_ref: ref count increased 2
11-20 20:10:34.273 E/QMI_FW  ( 1113): qmi_cci_get_ref: ref count increased 2
11-20 20:10:41.400 D/mcu_health_checker( 1118): Sent MCU Health Request
11-20 20:10:41.400 D/commandrouter( 1117): SocServiceHandle::onServiceMessage, SoC Service = mcu_healthcheck_1118, appType = 1, type = SVC_REQ, clientId = 0, token = 3404, payloadLen = 12, result = 0, payload.size() = 12
11-20 20:10:41.405 D/commandrouter( 1117): mcu_healthcheck_1118 (1, merlot:mcu_health:control): <ServiceResponse> FORWARDED (remote -> local) CR token ID = 3404, service client ID = 40, token ID = 60800, result = 0
11-20 20:10:41.406 D/mcu_health_checker( 1118): MCU Health Response: MCU_OK
11-20 20:10:41.406 D/mcu_health_checker( 1118): MCU Session 0, uptime = 102151771 ms
11-20 20:10:41.406 D/mculinkhealth( 1118): isMcuReachable 1 (6 ms)
11-20 20:10:42.298 D/commandrouter( 1117): rtc_sync (1, rtc:sync): <ServiceRequest> FORWARDED (remote -> local) service client ID = 0, token ID = 42982
11-20 20:10:42.299 D/vendor.facebook.rtc_sync@1.0-service( 1129): Request req_ts=1637439042304806499 resp_ts=1637439042299251704
11-20 20:10:42.299 D/commandrouter( 1117): SocServiceHandle::onServiceMessage, SoC Service = rtc_sync, appType = 1, type = SVC_RESP, clientId = 0, token = 42982, payloadLen = 8, result = 0, payload.size() = 8
11-20 20:10:43.320 I/mcucapture( 1353): 102152677 [warning] {tsyn}: timesync: bad fit err=5029684 loc=102152666970316.046875 rem=102188438598632 send=102152672000000 r~
11-20 20:10:44.022 E/QMI_FW  ( 1113): qmi_cci_get_ref: ref count increased 2
11-20 20:10:44.023 E/QMI_FW  ( 1113): qmi_cci_get_ref: ref count increased 2
11-20 20:10:44.037 I/WearableConnectivityManager( 5465): LTE Signal strength is: 1
11-20 20:10:44.037 I/WearableConnectivityManager( 5465): Cellular Signal strength is: 1
11-20 20:10:44.038 D/RadioLinkQualityScoreBuilder( 1975): scoreRsrp: 2scoreRsrq: 3scoreRssnr: 3
11-20 20:10:45.957 I/chatty  ( 1194): uid=1000(system) WifiScanningSer expire 2 lines
11-20 20:10:45.958 I/chatty  ( 1024): uid=1021(gps) lowi-server expire 200 lines
11-20 20:10:45.959 V/WifiHAL (  539): event received NL80211_CMD_TRIGGER_SCAN
11-20 20:10:46.070 V/WifiHAL (  539): event received NL80211_CMD_NEW_SCAN_RESULTS
11-20 20:10:46.073 I/chatty  ( 1194): uid=1000(system) Binder:1194_20 expire 2 lines
11-20 20:10:46.093 I/chatty  ( 1024): uid=1021(gps) lowi-server expire 7 lines
11-20 20:10:47.278 D/UIAutomatorStub(26720): URI: /jsonrpc/0, Method: POST, Header: {content-length=102, remote-addr=127.0.0.1, http-client-ip=127.0.0.1, host=localhost:9010, content-type=application/json, accept-encoding=identity}, params, {NanoHttpd.QUERY_STRING=null}, files: {postData={"jsonrpc": "2.0", "method": "pressKey", "id": "73896ac742a5fb3973b7a98a9b7c0d7b", "params": ["back"]}}
11-20 20:10:47.305 D/AutofillManagerService( 1194): onBackKeyPressed()
11-20 20:10:47.342 D/UIAutomatorStub(26720): URI: /jsonrpc/0, Method: POST, Header: {content-length=102, remote-addr=127.0.0.1, http-client-ip=127.0.0.1, host=localhost:9010, content-type=application/json, accept-encoding=identity}, params, {NanoHttpd.QUERY_STRING=null}, files: {postData={"jsonrpc": "2.0", "method": "pressKey", "id": "afe355239706a5c6ba8f4e2d317f40eb", "params": ["back"]}}
11-20 20:10:47.870 E/QMI_FW  ( 1113): qmi_cci_get_ref: ref count increased 2
11-20 20:10:47.871 E/QMI_FW  ( 1113): qmi_cci_get_ref: ref count increased 2
11-20 20:10:47.882 I/WearableConnectivityManager( 5465): LTE Signal strength is: 1
11-20 20:10:47.883 I/WearableConnectivityManager( 5465): Cellular Signal strength is: 1
11-20 20:10:47.883 D/RadioLinkQualityScoreBuilder( 1975): scoreRsrp: 2scoreRsrq: 1scoreRssnr: 1
11-20 20:10:47.883 D/WirelessInsightServiceImpl( 1975): onSignalStrengthsChanged: SignalStrength = SignalStrength:{mCdma=CellSignalStrengthCdma: cdmaDbm=2147483647 cdmaEcio=2147483647 evdoDbm=2147483647 evdoEcio=2147483647 evdoSnr=2147483647 level=0,mGsm=CellSignalStrengthGsm: rssi=2147483647 ber=2147483647 mTa=2147483647 mLevel=0,mWcdma=CellSignalStrengthWcdma: ss=2147483647 ber=2147483647 rscp=2147483647 ecno=2147483647 level=0,mTdscdma=CellSignalStrengthTdscdma: rssi=2147483647 ber=2147483647 rscp=2147483647 level=0,mLte=CellSignalStrengthLte: rssi=-77 rsrp=-113 rsrq=-16 rssnr=-2 cqi=2147483647 ta=2147483647 level=1 parametersUseForLevel=0,mNr=CellSignalStrengthNr:{ csiRsrp = 2147483647 csiRsrq = 2147483647 csiSinr = 2147483647 ssRsrp = 2147483647 ssRsrq = 2147483647 ssSinr = 2147483647 level = 0 parametersUseForLevel = 0 },primary=CellSignalStrengthLte}
11-20 20:10:47.883 D/WirelessInsightServiceImpl( 1975): Score: 1
11-20 20:10:47.883 D/WirelessInsightServiceImpl( 1975): notifyListeners: listeners = 0, score = 1
11-20 20:10:47.917 D/UIAutomatorStub(26720): URI: /jsonrpc/0, Method: POST, Header: {content-length=102, remote-addr=127.0.0.1, http-client-ip=127.0.0.1, host=localhost:9010, content-type=application/json, accept-encoding=identity}, params, {NanoHttpd.QUERY_STRING=null}, files: {postData={"jsonrpc": "2.0", "method": "pressKey", "id": "9423c5afd0078c734606e08fa00282fb", "params": ["back"]}}
11-20 20:10:48.369 I/chatty  ( 1194): uid=1000(system) Binder:1194_E expire 1 line
11-20 20:10:48.400 I/chatty  ( 1194): uid=1000 system_server expire 1 line
11-20 20:10:48.407 D/ComplicationController( 5465): Starting complication controller. Face Type: OdysseyWatchFace
11-20 20:10:48.408 D/ComplicationDataManagerImpl( 5465): Updating complication data for package: com.facebook.wearable.apps.heart, id: com.facebook.wearable.apps.heart.HEART_RATE
11-20 20:10:48.408 D/ComplicationDataManagerImpl( 5465): Updating complication data for package: com.facebook.wearable.apps.calendar, id: com.facebook.wearable.apps.calendar.SHORTCUT_COMPLICATION
11-20 20:10:48.408 D/ComplicationDataManagerImpl( 5465): Updating complication data for package: com.facebook.wearable.apps.clock, id: com.facebook.wearable.apps.clock.SHORTCUT_COMPLICATION
11-20 20:10:48.408 D/ComplicationDataManagerImpl( 5465): Updating complication data for package: com.facebook.wearable.apps.weather, id: com.facebook.wearable.apps.weather.SHORTCUT_COMPLICATION
11-20 20:10:48.408 D/ComplicationDataManagerImpl( 5465): Updating complication data for package: com.facebook.wearable.apps.gallery, id: com.facebook.wearable.apps.gallery.SHORTCUT_COMPLICATION
11-20 20:10:48.408 D/ComplicationDataManagerImpl( 5465): Updating complication data for package: com.facebook.wearable.apps.workout, id: com.facebook.wearable.apps.workout.SHORTCUT_COMPLICATION
11-20 20:10:48.408 D/ComplicationDataManagerImpl( 5465): Updating complication data for package: com.facebook.wearable.apps.player, id: com.facebook.wearable.apps.player.SHORTCUT_COMPLICATION
11-20 20:10:48.425 E/DayDateSystemComplicationProvider( 5465): Updating Day Date System Complication
11-20 20:10:48.425 D/ComplicationDataManagerImpl( 5465): Updating complication data for package: com.facebook.wearable.apps.calendar, id: com.facebook.wearable.apps.calendar.DAY_DATE_COMPLICATION
11-20 20:10:48.432 D/ComplicationDataManagerImpl( 5465): Fetching complication data for package: com.facebook.wearable.apps.calendar, com.facebook.wearable.apps.calendar.DAY_DATE_COMPLICATION.
11-20 20:10:48.432 D/ComplicationDataManagerImpl( 5465): Fetching complication data for package: com.facebook.wearable.apps.player, com.facebook.wearable.apps.player.SHORTCUT_COMPLICATION.
11-20 20:10:48.433 D/ComplicationDataManagerImpl( 5465): Fetching complication data for package: com.facebook.wearable.apps.gallery, com.facebook.wearable.apps.gallery.SHORTCUT_COMPLICATION.
11-20 20:10:48.433 D/ComplicationDataManagerImpl( 5465): Fetching complication data for package: com.facebook.wearable.apps.heart, com.facebook.wearable.apps.heart.HEART_RATE.
11-20 20:10:48.441 D/LauncherActivity( 5465): onResume: Intent { cat=[android.intent.category.HOME] flg=0x10000100 cmp=com.facebook.wearable.system.launcher/.LauncherActivity }
11-20 20:10:48.442 D/LauncherIntentProcessor( 5465): processLauncherActivityIntent: Intent { cat=[android.intent.category.HOME] flg=0x10000100 cmp=com.facebook.wearable.system.launcher/.LauncherActivity }
11-20 20:10:48.470 D/FacebookRepository( 5465): Reading from Store [250223709649332]
11-20 20:10:48.518 I/chatty  ( 1194): uid=1000(system) ActivityManager expire 12 lines
11-20 20:10:48.540 I/chatty  ( 1194): uid=1000(system) Binder:1194_F expire 3 lines
11-20 20:10:48.817 I/system.launche( 5465): Background young concurrent copying GC freed 339095(15MB) AllocSpace objects, 0(0B) LOS objects, 54% free, 13MB/28MB, paused 257us total 363.190ms
11-20 20:10:48.817 W/system.launche( 5465): Reducing the number of considered missed Gc histogram windows from 114 to 100
11-20 20:10:48.823 I/chatty  ( 1194): uid=1000(system) Binder:1194_10 expire 3 lines
11-20 20:10:48.845 D/UIAutomatorStub(26720): URI: /jsonrpc/0, Method: POST, Header: {content-length=102, remote-addr=127.0.0.1, http-client-ip=127.0.0.1, host=localhost:9010, content-type=application/json, accept-encoding=identity}, params, {NanoHttpd.QUERY_STRING=null}, files: {postData={"jsonrpc": "2.0", "method": "pressKey", "id": "ed1701080a36874e46d96e9f9ca62613", "params": ["back"]}}
11-20 20:10:48.989 E/ANDR-PERF-OPTSHANDLER(  557): perf_lock_rel: failed for /sys/class/kgsl/kgsl-3d0/min_pwrlevel as previous value is not stored
11-20 20:10:48.990 E/ANDR-PERF-RESOURCEQS(  557): Failed to reset optimization [3, 0]
11-20 20:10:49.572 D/LauncherActivity( 5465): onKeyUp() called with keycode:4, event: KeyEvent { action=ACTION_UP, keyCode=KEYCODE_BACK, scanCode=0, metaState=0, flags=0x200, repeatCount=0, eventTime=102193715, downTime=102193715, deviceId=-1, source=0x101, displayId=-1 }
11-20 20:10:49.591 W/HWComposer(  577): Ignoring duplicate VSYNC event from HWC for display 0 (t=102193752369661)
11-20 20:10:48.352 I/chatty  ( 1194): uid=1000(system) android.ui identical 2 lines
11-20 20:10:49.571 D/AutofillManagerService( 1194): onBackKeyPressed()
11-20 20:10:50.159 W/ActivityManager( 1194): Invalid packageName: com.facebook.wearable.system.settings/com.facebook.wearable.system.settings.SettingsActivity
11-20 20:10:50.287 I/ActivityTaskManager( 1194): START u0 {flg=0x10000000 cmp=com.facebook.wearable.system.settings/.SettingsActivity} from uid 0
11-20 20:10:50.297 I/chatty  ( 1194): uid=1000(system) Binder:1194_2 expire 7 lines
11-20 20:10:50.304 I/ActivityTaskManager( 1194): The Process com.facebook.wearable.system.settings Already Exists in BG. So sending its PID: 25374
11-20 20:10:50.305 W/ActivityTaskManager( 1194): Tried to set launchTime (0) < mLastActivityLaunchTime (102163429)
11-20 20:10:50.316 I/cmd     (18041): oneway function results will be dropped but finished with status OK and parcel size 4
11-20 20:10:50.336 D/LauncherActivity( 5465): onPause
11-20 20:10:50.395 D/FacebookProvider(13269): Starting SSO Network Fetch for 263529928325379
11-20 20:10:50.395 I/AccountsContentProvider(13269): No Primary Account. Accounts Error [content://com.facebook.wearable.system.accounts.AccountsContentProvider/facebook/263529928325379]
11-20 20:10:50.395 E/DatabaseUtils(13269): Writing exception to parcel
11-20 20:10:50.395 E/DatabaseUtils(13269): java.lang.IllegalStateException: No Primary Account
11-20 20:10:50.395 E/DatabaseUtils(13269): 	at com.facebook.secure.content.AbstractContentProvider.doQuery(:284)
11-20 20:10:50.395 E/DatabaseUtils(13269): 	at com.facebook.secure.content.AbstractContentProvider.query(:8)
11-20 20:10:50.395 E/DatabaseUtils(13269): 	at android.content.ContentProvider.query(ContentProvider.java:1474)
11-20 20:10:50.395 E/DatabaseUtils(13269): 	at android.content.ContentProvider$Transport.query(ContentProvider.java:278)
11-20 20:10:50.395 E/DatabaseUtils(13269): 	at android.content.ContentProviderNative.onTransact(ContentProviderNative.java:106)
11-20 20:10:50.395 E/DatabaseUtils(13269): 	at android.os.Binder.execTransactInternal(Binder.java:1154)
11-20 20:10:50.395 E/DatabaseUtils(13269): 	at android.os.Binder.execTransact(Binder.java:1123)
11-20 20:10:50.397 E/AccountsViewModel(25374): AccountsViewModel.flow failed: No Primary Account
11-20 20:10:50.397 E/AccountsViewModel(25374): java.lang.IllegalStateException: No Primary Account
11-20 20:10:50.397 E/AccountsViewModel(25374): 	at android.os.Parcel.createExceptionOrNull(Parcel.java:2381)
11-20 20:10:50.397 E/AccountsViewModel(25374): 	at android.os.Parcel.createException(Parcel.java:2357)
11-20 20:10:50.397 E/AccountsViewModel(25374): 	at android.os.Parcel.readException(Parcel.java:2340)
11-20 20:10:50.397 E/AccountsViewModel(25374): 	at android.database.DatabaseUtils.readExceptionFromParcel(DatabaseUtils.java:190)
11-20 20:10:50.397 E/AccountsViewModel(25374): 	at android.database.DatabaseUtils.readExceptionFromParcel(DatabaseUtils.java:142)
11-20 20:10:50.397 E/AccountsViewModel(25374): 	at android.content.ContentProviderProxy.query(ContentProviderNative.java:472)
11-20 20:10:50.397 E/AccountsViewModel(25374): 	at android.content.ContentResolver.query(ContentResolver.java:1185)
11-20 20:10:50.397 E/AccountsViewModel(25374): 	at android.content.ContentResolver.query(ContentResolver.java:1116)
11-20 20:10:50.397 E/AccountsViewModel(25374): 	at com.facebook.wearable.common.accounts.contract.WearableAccountsContractRequest.query(:51)
11-20 20:10:50.397 E/AccountsViewModel(25374): 	at kotlin.coroutines.jvm.internal.BaseContinuationImpl.invokeSuspend(:95489)
11-20 20:10:50.397 E/AccountsViewModel(25374): 	at com.facebook.wearable.common.accounts.WearableAccountsKt$fb$1.invoke(:9)
11-20 20:10:50.397 E/AccountsViewModel(25374): 	at com.facebook.wearable.common.coroutines.lazy.LazyAsync.get(:101)
11-20 20:10:50.397 E/AccountsViewModel(25374): 	at kotlin.coroutines.jvm.internal.BaseContinuationImpl.invokeSuspend(:96596)
11-20 20:10:50.397 E/AccountsViewModel(25374): 	at com.facebook.wearable.system.settings.accounts.AccountsViewModel$wearableAccountFlow$1.invoke(:11)
11-20 20:10:50.397 E/AccountsViewModel(25374): 	at kotlinx.coroutines.flow.AbstractFlow.collect$rvp0$0(:72)
11-20 20:10:50.397 E/AccountsViewModel(25374): 	at kotlin.coroutines.jvm.internal.BaseContinuationImpl.invokeSuspend(:95417)
11-20 20:10:50.397 E/AccountsViewModel(25374): 	at kotlinx.coroutines.flow.FlowKt__ShareKt$launchSharing$1$2.invoke(Unknown Source:10)
11-20 20:10:50.397 E/AccountsViewModel(25374): 	at kotlin.coroutines.jvm.internal.BaseContinuationImpl.invokeSuspend(:96715)
11-20 20:10:50.397 E/AccountsViewModel(25374): 	at kotlinx.coroutines.flow.FlowKt__MergeKt$mapLatest$1.invoke(Unknown Source:15)
11-20 20:10:50.397 E/AccountsViewModel(25374): 	at kotlin.coroutines.jvm.internal.BaseContinuationImpl.invokeSuspend(:96820)
11-20 20:10:50.397 E/AccountsViewModel(25374): 	at kotlinx.coroutines.flow.internal.ChannelFlowTransformLatest$flowCollect$3$1$2.invoke(Unknown Source:10)
11-20 20:10:50.397 E/AccountsViewModel(25374): 	at kotlinx.coroutines.CoroutineStart.invoke(:32)
11-20 20:10:50.397 E/AccountsViewModel(25374): 	at kotlinx.coroutines.BuildersKt__Builders_commonKt.launch(:15)
11-20 20:10:50.397 E/AccountsViewModel(25374): 	at kotlinx.coroutines.flow.internal.ChannelFlowTransformLatest$flowCollect$3$invokeSuspend$$inlined$collect$1.emit(:56)
11-20 20:10:50.397 E/AccountsViewModel(25374): 	at kotlinx.coroutines.flow.DistinctFlowImpl$collect$$inlined$collect$1.emit(:74)
11-20 20:10:50.397 E/AccountsViewModel(25374): 	at kotlinx.coroutines.flow.FlowKt__LimitKt$dropWhile$lambda-4$$inlined$collect$1.emit(:114)
11-20 20:10:50.397 E/AccountsViewModel(25374): 	at kotlinx.coroutines.flow.FlowKt__ChannelsKt.emitAllImpl$FlowKt__ChannelsKt(:123)
11-20 20:10:50.397 E/AccountsViewModel(25374): 	at kotlin.coroutines.jvm.internal.BaseContinuationImpl.invokeSuspend(:96917)
11-20 20:10:50.397 E/AccountsViewModel(25374): 	at kotlin.coroutines.jvm.internal.BaseContinuationImpl.resumeWith(:5)
11-20 20:10:50.397 E/AccountsViewModel(25374): 	at kotlinx.coroutines.DispatchedTask.run(:131)
11-20 20:10:50.397 E/AccountsViewModel(25374): 	at java.util.concurrent.Executors$RunnableAdapter.call(Executors.java:462)
11-20 20:10:50.397 E/AccountsViewModel(25374): 	at java.util.concurrent.FutureTask.run(FutureTask.java:266)
11-20 20:10:50.397 E/AccountsViewModel(25374): 	at com.facebook.wearable.common.executors.DelayedFutureTask.run(:22)
11-20 20:10:50.397 E/AccountsViewModel(25374): 	at java.util.concurrent.ThreadPoolExecutor.runWorker(ThreadPoolExecutor.java:1167)
11-20 20:10:50.397 E/AccountsViewModel(25374): 	at java.util.concurrent.ThreadPoolExecutor$Worker.run(ThreadPoolExecutor.java:641)
11-20 20:10:50.397 E/AccountsViewModel(25374): 	at com.facebook.wearable.common.executors.NamedThreadFactory$1.run(:7)
11-20 20:10:50.430 E/StatusBarClientConnection(25374): Service connected
11-20 20:10:50.471 W/View    (25374): requestLayout() improperly called by android.view.View{c687cfe V.ED..... ......I. 0,368-474,474} during layout: running second layout pass
11-20 20:10:50.490 W/View    (25374): requestLayout() improperly called by com.facebook.wearable.common.wds.listview.WdsListView{fecb82d V.E..V... ........ 0,0-474,474} during second layout pass: posting in next frame
11-20 20:10:50.825 D/ComplicationController( 5465): Stopping complication controller.
11-20 20:10:50.833 D/ComplicationDataManagerImpl( 5465): Fetching complication data for package: com.facebook.wearable.apps.calendar, com.facebook.wearable.apps.calendar.DAY_DATE_COMPLICATION.
11-20 20:10:50.834 D/ComplicationDataManagerImpl( 5465): Fetching complication data for package: com.facebook.wearable.apps.player, com.facebook.wearable.apps.player.SHORTCUT_COMPLICATION.
11-20 20:10:50.834 D/ComplicationDataManagerImpl( 5465): Fetching complication data for package: com.facebook.wearable.apps.gallery, com.facebook.wearable.apps.gallery.SHORTCUT_COMPLICATION.
11-20 20:10:50.834 D/ComplicationDataManagerImpl( 5465): Fetching complication data for package: com.facebook.wearable.apps.heart, com.facebook.wearable.apps.heart.HEART_RATE.
11-20 20:10:50.837 I/chatty  ( 1194): uid=1000(system) Binder:1194_12 expire 1 line
11-20 20:10:50.837 D/CompatibilityInfo( 1194): applicationDensity - 320
11-20 20:10:50.837 D/CompatibilityInfo( 1194): applicationScale - 1.0
11-20 20:10:51.355 D/UIAutomatorStub(26720): URI: /jsonrpc/0, Method: POST, Header: {content-length=192, remote-addr=127.0.0.1, http-client-ip=127.0.0.1, host=localhost:9010, content-type=application/json, accept-encoding=identity}, params, {NanoHttpd.QUERY_STRING=null}, files: {postData={"jsonrpc": "2.0", "method": "waitForExists", "id": "966143fd34723f58738277559b14b714", "params": [{"mask": 1, "childOrSibling": [], "childOrSiblingSelector": [], "text": "Notifications"}, 5]}}
11-20 20:10:51.379 D/UIAutomatorStub(26720): URI: /jsonrpc/0, Method: POST, Header: {content-length=191, remote-addr=127.0.0.1, http-client-ip=127.0.0.1, host=localhost:9010, content-type=application/json, accept-encoding=identity}, params, {NanoHttpd.QUERY_STRING=null}, files: {postData={"jsonrpc": "2.0", "method": "waitForExists", "id": "5b5bcc8791e37950c458b96999e8e44f", "params": [{"mask": 1, "childOrSibling": [], "childOrSiblingSelector": [], "text": "Connectivity"}, 5]}}
11-20 20:10:51.440 D/UIAutomatorStub(26720): URI: /jsonrpc/0, Method: POST, Header: {content-length=180, remote-addr=127.0.0.1, http-client-ip=127.0.0.1, host=localhost:9010, content-type=application/json, accept-encoding=identity}, params, {NanoHttpd.QUERY_STRING=null}, files: {postData={"jsonrpc": "2.0", "method": "click", "id": "10f595a6e4d01726f04b1c017ca5c726", "params": [{"mask": 1, "childOrSibling": [], "childOrSiblingSelector": [], "text": "Connectivity"}]}}
11-20 20:10:51.473 E/ANDR-PERF-OPTSHANDLER(  557): Unable to find the correct node storage pointers for                   resource index=16, node path=/proc/sys/kernel/sched_upmigrate
11-20 20:10:51.473 E/ANDR-PERF-RESOURCEQS(  557): Failed to reset optimization [3, 7]
11-20 20:10:51.473 E/ANDR-PERF-OPTSHANDLER(  557): Unable to find the correct node storage pointers for                   resource index=17, node path=/proc/sys/kernel/sched_downmigrate
11-20 20:10:51.473 E/ANDR-PERF-RESOURCEQS(  557): Failed to reset optimization [3, 8]
11-20 20:10:51.473 E/ANDR-PERF-OPTSHANDLER(  557): Perflock resource /sys/module/lpm_levels/parameters/bias_hyst not supported
11-20 20:10:51.473 E/ANDR-PERF-RESOURCEQS(  557): Failed to reset optimization [1, 2]
11-20 20:10:51.473 E/ANDR-PERF-OPTSHANDLER(  557): Perflock resource /proc/sys/kernel/sched_group_upmigrate not supported
11-20 20:10:51.473 E/ANDR-PERF-RESOURCEQS(  557): Failed to reset optimization [3, 21]
11-20 20:10:51.473 E/ANDR-PERF-OPTSHANDLER(  557): Perflock resource /proc/sys/kernel/sched_group_downmigrate not supported
11-20 20:10:51.473 E/ANDR-PERF-RESOURCEQS(  557): Failed to reset optimization [3, 22]
11-20 20:10:51.500 W/HWComposer(  577): Ignoring duplicate VSYNC event from HWC for display 0 (t=102195660353826)
11-20 20:10:51.512 W/StatusBarClientConnection(25374): Messenger is null, ignoring message: { when=-1d4h23m15s673ms barrier=1 }
11-20 20:10:51.541 E/StatusBarClientConnection(25374): Service connected
11-20 20:10:51.568 W/View    (25374): requestLayout() improperly called by android.view.View{4fb3004 V.ED..... ......I. 0,368-474,474} during layout: running second layout pass
11-20 20:10:51.587 W/View    (25374): requestLayout() improperly called by com.facebook.wearable.common.wds.listview.WdsListView{7600e1a V.E..V... ........ 0,0-474,474} during second layout pass: posting in next frame
11-20 20:10:52.282 D/commandrouter( 1117): rtc_sync (1, rtc:sync): <ServiceRequest> FORWARDED (remote -> local) service client ID = 0, token ID = 42983
11-20 20:10:52.282 D/vendor.facebook.rtc_sync@1.0-service( 1129): Request req_ts=1637439052292251704 resp_ts=1637439052282481544
11-20 20:10:52.283 D/commandrouter( 1117): SocServiceHandle::onServiceMessage, SoC Service = rtc_sync, appType = 1, type = SVC_RESP, clientId = 0, token = 42983, payloadLen = 8, result = 0, payload.size() = 8
11-20 20:10:52.296 E/ANDR-PERF-OPTSHANDLER(  557): perf_lock_rel: failed for /proc/sys/vm/swap_ratio as previous value is not stored
11-20 20:10:52.296 E/ANDR-PERF-OPTSHANDLER(  557): perf_lock_rel: failed for /sys/class/kgsl/kgsl-3d0/min_pwrlevel as previous value is not stored
11-20 20:10:52.299 E/ANDR-PERF-RESOURCEQS(  557): Failed to reset optimization [3, 0]
11-20 20:10:52.957 E/TaskPersister( 1194): File error accessing recents directory (directory doesn't exist?).
11-20 20:10:54.527 D/UIAutomatorStub(26720): URI: /jsonrpc/0, Method: POST, Header: {content-length=183, remote-addr=127.0.0.1, http-client-ip=127.0.0.1, host=localhost:9010, content-type=application/json, accept-encoding=identity}, params, {NanoHttpd.QUERY_STRING=null}, files: {postData={"jsonrpc": "2.0", "method": "waitForExists", "id": "1fe5fc1ed652f94356205ab8dcd9bbc2", "params": [{"mask": 1, "childOrSibling": [], "childOrSiblingSelector": [], "text": "WiFi"}, 5]}}
11-20 20:10:54.553 D/UIAutomatorStub(26720): URI: /jsonrpc/0, Method: POST, Header: {content-length=172, remote-addr=127.0.0.1, http-client-ip=127.0.0.1, host=localhost:9010, content-type=application/json, accept-encoding=identity}, params, {NanoHttpd.QUERY_STRING=null}, files: {postData={"jsonrpc": "2.0", "method": "click", "id": "7330f71d16f50874b897b5483d0be0fb", "params": [{"mask": 1, "childOrSibling": [], "childOrSiblingSelector": [], "text": "WiFi"}]}}
11-20 20:10:54.637 W/StatusBarClientConnection(25374): Messenger is null, ignoring message: { when=-1d4h23m18s798ms barrier=1 }
11-20 20:10:54.661 D/CompatibilityInfo( 1194): mCompatibilityFlags - 4
11-20 20:10:54.661 D/CompatibilityInfo( 1194): applicationDensity - 320
11-20 20:10:54.662 D/CompatibilityInfo( 1194): applicationScale - 1.0
11-20 20:10:54.671 E/StatusBarClientConnection(25374): Service connected
11-20 20:10:54.673 D/WifiConnector( 2841): Network State Changed
11-20 20:10:54.685 W/View    (25374): requestLayout() improperly called by android.view.View{8b25c8c V.ED..... ......I. 0,368-474,474} during layout: running second layout pass
11-20 20:10:54.692 D/WifiSharingService( 2841): Starting Wi-Fi scan
11-20 20:10:54.693 I/WifiService( 1194): startScan uid=1000
11-20 20:10:54.700 W/View    (25374): requestLayout() improperly called by com.facebook.wearable.common.wds.listview.WdsListView{8f29283 V.E..V... ........ 0,0-474,474} during second layout pass: posting in next frame
11-20 20:10:54.704 D/WifiNative( 1194): Scan trigered from WifiNative
11-20 20:10:54.706 I/chatty  ( 1024): uid=1021(gps) lowi-server expire 68 lines
11-20 20:10:54.706 V/WifiHAL (  539): event received NL80211_CMD_TRIGGER_SCAN
11-20 20:10:55.254 D/WifiNl80211Manager( 1194): Scan result ready event
11-20 20:10:55.254 D/WifiNative( 1194): Scan result ready event
11-20 20:10:55.258 I/LOWI-9.0.0.80( 1024): [LOWI-Scan] RSN_IE
11-20 20:10:55.258 D/LOWI-9.0.0.80( 1024): [LOWI-Scan] decode_rsn_wpa_ie: Entered
11-20 20:10:55.258 D/LOWI-9.0.0.80( 1024): [LOWIUtils] hexDump: msg(30 14 01 00 00 0f ac 04 01 00 00 0f ac 04 01 00 00 0f ac 02 )
11-20 20:10:55.258 D/LOWI-9.0.0.80( 1024): [LOWI-Scan] decode_rsn_wpa_ie: LOWI_ENCRYPTION_TYPE_WPA_PSK
11-20 20:10:55.258 D/LOWI-9.0.0.80( 1024): [LOWI-Scan] is_qcom_ie, bss_age: 4
11-20 20:10:55.258 D/LOWI-9.0.0.80( 1024): [LOWI-Scan] BSS 2c:57:41:86:90:a1 LOWI_PHY_MODE_11NG_HT20(5), Beacon Interval: 100, LOWI_ENCRYPTION_TYPE_WPA_PSK 11mcRanging: No, ANQP: No, LCI: No, Civic: No, capability(0x1411): ESS Privacy ShortSlotTime
11-20 20:10:55.259 D/LOWI-9.0.0.80( 1024): [LOWI-Scan] BSS 2c:57:41:86:90:a1 FREQ: 2462, cFreq1[40:80:160] = [0:0:0] cFreq2 = 0 Country Code = US
11-20 20:10:55.259 D/LOWI-9.0.0.80( 1024): [LOWI-Scan] BSS 2c:57:41:86:90:a1 (wlan0) ASSO: NO AddInfo: 0x0, TSF 1, 04:23:19.413, RSSI: -142, CPL: 2, AGE: 0,  SSID kittyhawk, TSFDelta: 0x0, TXRate: 0
11-20 20:10:55.264 V/WifiHAL (  539): event received NL80211_CMD_NEW_SCAN_RESULTS
11-20 20:10:55.270 D/LOWI-9.0.0.80( 1024): [LOWI-Scan] 
11-20 20:10:55.270 D/LOWI-9.0.0.80( 1024): [LOWI-Scan] print_bss_handler: Report Probe TSF 102199413642 as it greater than Beacon TSF 101697472143
11-20 20:10:55.270 I/LOWI-9.0.0.80( 1024): [LOWI-Scan] RSN_IE
11-20 20:10:55.270 D/LOWI-9.0.0.80( 1024): [LOWI-Scan] decode_rsn_wpa_ie: Entered
11-20 20:10:55.270 D/LOWI-9.0.0.80( 1024): [LOWIUtils] hexDump: msg(30 14 01 00 00 0f ac 04 01 00 00 0f ac 04 01 00 00 0f ac 02 )
11-20 20:10:55.270 D/LOWI-9.0.0.80( 1024): [LOWI-Scan] decode_rsn_wpa_ie: LOWI_ENCRYPTION_TYPE_WPA_PSK
11-20 20:10:55.270 D/LOWI-9.0.0.80( 1024): [LOWI-Scan] is_qcom_ie, bss_age: 47
11-20 20:10:55.270 D/LOWI-9.0.0.80( 1024): [LOWI-Scan] BSS 2c:57:41:88:72:e1 LOWI_PHY_MODE_11NG_HT20(5), Beacon Interval: 100, LOWI_ENCRYPTION_TYPE_WPA_PSK 11mcRanging: No, ANQP: No, LCI: No, Civic: No, capability(0x1411): ESS Privacy ShortSlotTime
11-20 20:10:55.270 D/LOWI-9.0.0.80( 1024): [LOWI-Scan] BSS 2c:57:41:88:72:e1 FREQ: 2412, cFreq1[40:80:160] = [0:0:0] cFreq2 = 0 Country Code = US
11-20 20:10:55.270 D/LOWI-9.0.0.80( 1024): [LOWI-Scan] BSS 2c:57:41:88:72:e1 (wlan0) ASSO: NO AddInfo: 0x0, TSF 1, 04:23:19.413, RSSI: -148, CPL: 3, AGE: 0,  SSID kittyhawk, TSFDelta: 0x0, TXRate: 0
11-20 20:10:55.271 D/LOWI-9.0.0.80( 1024): [LOWI-Scan] 
11-20 20:10:55.271 D/LOWI-9.0.0.80( 1024): [LOWI-Scan] print_bss_handler: Report Probe TSF 102199413441 as it greater than Beacon TSF 102021753298
11-20 20:10:55.271 I/LOWI-9.0.0.80( 1024): [LOWI-Scan] RSN_IE
11-20 20:10:55.271 D/LOWI-9.0.0.80( 1024): [LOWI-Scan] decode_rsn_wpa_ie: Entered
11-20 20:10:55.271 D/LOWI-9.0.0.80( 1024): [LOWIUtils] hexDump: msg(30 14 01 00 00 0f ac 04 01 00 00 0f ac 04 01 00 00 0f ac 02 )
11-20 20:10:55.271 D/LOWI-9.0.0.80( 1024): [LOWI-Scan] decode_rsn_wpa_ie: LOWI_ENCRYPTION_TYPE_WPA_PSK
11-20 20:10:55.271 D/LOWI-9.0.0.80( 1024): [LOWI-Scan] is_qcom_ie, bss_age: 25
11-20 20:10:55.271 D/LOWI-9.0.0.80( 1024): [LOWI-Scan] BSS ce:dc:12:3b:87:fd LOWI_PHY_MODE_11AC_VHT20_2G(11), Beacon Interval: 100, LOWI_ENCRYPTION_TYPE_WPA_PSK 11mcRanging: No, ANQP: Yes, LCI: No, Civic: No, capability(0x1431): ESS Privacy ShortPreamble ShortSlotTime
11-20 20:10:55.271 D/LOWI-9.0.0.80( 1024): [LOWI-Scan] BSS ce:dc:12:3b:87:fd FREQ: 2437, cFreq1[40:80:160] = [0:0:0] cFreq2 = 0 Country Code =    
11-20 20:10:55.271 D/LOWI-9.0.0.80( 1024): [LOWI-Scan] BSS ce:dc:12:3b:87:fd (wlan0) ASSO: NO AddInfo: 0x0, TSF 1, 04:23:19.413, RSSI: -108, CPL: 127, AGE: 0,  SSID Pixel5_R1, TSFDelta: 0x0, TXRate: 0
11-20 20:10:55.272 D/LOWI-9.0.0.80( 1024): [LOWI-Scan] 
11-20 20:10:55.272 D/LOWI-9.0.0.80( 1024): [LOWI-Scan] print_bss_handler: Report Probe TSF 102199413601 as it greater than Beacon TSF 102000509916
11-20 20:10:55.272 I/LOWI-9.0.0.80( 1024): [LOWI-Scan] RSN_IE
11-20 20:10:55.272 D/LOWI-9.0.0.80( 1024): [LOWI-Scan] decode_rsn_wpa_ie: Entered
11-20 20:10:55.272 D/LOWI-9.0.0.80( 1024): [LOWIUtils] hexDump: msg(30 14 01 00 00 0f ac 04 01 00 00 0f ac 04 01 00 00 0f ac 02 )
11-20 20:10:55.272 D/LOWI-9.0.0.80( 1024): [LOWI-Scan] decode_rsn_wpa_ie: LOWI_ENCRYPTION_TYPE_WPA_PSK
11-20 20:10:55.272 D/LOWI-9.0.0.80( 1024): [LOWI-Scan] is_qcom_ie, bss_age: 47
11-20 20:10:55.272 D/LOWI-9.0.0.80( 1024): [LOWI-Scan] BSS 2c:57:41:86:8a:a1 LOWI_PHY_MODE_11NG_HT20(5), Beacon Interval: 100, LOWI_ENCRYPTION_TYPE_WPA_PSK 11mcRanging: No, ANQP: No, LCI: No, Civic: No, capability(0x1411): ESS Privacy ShortSlotTime
11-20 20:10:55.272 D/LOWI-9.0.0.80( 1024): [LOWI-Scan] BSS 2c:57:41:86:8a:a1 FREQ: 2412, cFreq1[40:80:160] = [0:0:0] cFreq2 = 0 Country Code = US
11-20 20:10:55.272 D/LOWI-9.0.0.80( 1024): [LOWI-Scan] BSS 2c:57:41:86:8a:a1 (wlan0) ASSO: NO AddInfo: 0x0, TSF 1, 04:23:19.413, RSSI: -132, CPL: 3, AGE: 0,  SSID kittyhawk, TSFDelta: 0x0, TXRate: 0
11-20 20:10:55.273 D/LOWI-9.0.0.80( 1024): [LOWI-Scan] 
11-20 20:10:55.273 D/PasspointManager( 1194): ANQP entry not found for: c6:82:9b:4e:b3:9e:<Pixel_R6>
11-20 20:10:55.273 D/LOWI-9.0.0.80( 1024): [LOWI-Scan] print_bss_handler: Report Probe TSF 102199413688 as it greater than Beacon TSF 101899432765
11-20 20:10:55.273 I/LOWI-9.0.0.80( 1024): [LOWI-Scan] RSN_IE
11-20 20:10:55.273 D/LOWI-9.0.0.80( 1024): [LOWI-Scan] decode_rsn_wpa_ie: Entered
11-20 20:10:55.273 D/LOWI-9.0.0.80( 1024): [LOWIUtils] hexDump: msg(30 14 01 00 00 0f ac 04 01 00 00 0f ac 04 01 00 00 0f ac 02 )
11-20 20:10:55.273 D/PasspointManager( 1194): ANQP entry not found for: 5e:6e:be:46:77:d7:<Pixel_R3>
11-20 20:10:55.273 D/LOWI-9.0.0.80( 1024): [LOWI-Scan] decode_rsn_wpa_ie: LOWI_ENCRYPTION_TYPE_WPA_PSK
11-20 20:10:55.273 D/LOWI-9.0.0.80( 1024): [LOWI-Scan] is_qcom_ie, bss_age: 28
11-20 20:10:55.273 D/LOWI-9.0.0.80( 1024): [LOWI-Scan] BSS 2c:57:41:89:63:c1 LOWI_PHY_MODE_11NG_HT20(5), Beacon Interval: 100, LOWI_ENCRYPTION_TYPE_WPA_PSK 11mcRanging: No, ANQP: No, LCI: No, Civic: No, capability(0x1411): ESS Privacy ShortSlotTime
11-20 20:10:55.273 D/LOWI-9.0.0.80( 1024): [LOWI-Scan] BSS 2c:57:41:89:63:c1 FREQ: 2437, cFreq1[40:80:160] = [0:0:0] cFreq2 = 0 Country Code = US
11-20 20:10:55.273 D/PasspointManager( 1194): ANQP entry not found for: 12:d7:96:61:85:9f:<Pixel_R5>
11-20 20:10:55.273 D/LOWI-9.0.0.80( 1024): [LOWI-Scan] BSS 2c:57:41:89:63:c1 (wlan0) ASSO: NO AddInfo: 0x0, TSF 1, 04:23:19.413, RSSI: -158, CPL: 2, AGE: 0,  SSID kittyhawk, TSFDelta: 0x0, TXRate: 0
11-20 20:10:55.274 D/PasspointManager( 1194): ANQP entry not found for: ce:dc:12:3b:87:fd:<Pixel5_R1>
11-20 20:10:55.274 D/PasspointManager( 1194): ANQP entry not found for: fe:2d:5a:49:61:eb:<Pixel_R2>
11-20 20:10:55.274 D/LOWI-9.0.0.80( 1024): [LOWI-Scan] 
11-20 20:10:55.274 D/LOWI-9.0.0.80( 1024): [LOWI-Scan] print_bss_handler: Report Probe TSF 102199413541 as it greater than Beacon TSF 101871233541
11-20 20:10:55.274 I/LOWI-9.0.0.80( 1024): [LOWI-Scan] RSN_IE
11-20 20:10:55.274 D/LOWI-9.0.0.80( 1024): [LOWI-Scan] decode_rsn_wpa_ie: Entered
11-20 20:10:55.274 D/LOWI-9.0.0.80( 1024): [LOWIUtils] hexDump: msg(30 14 01 00 00 0f ac 04 01 00 00 0f ac 04 01 00 00 0f ac 02 )
11-20 20:10:55.274 D/LOWI-9.0.0.80( 1024): [LOWI-Scan] decode_rsn_wpa_ie: LOWI_ENCRYPTION_TYPE_WPA_PSK
11-20 20:10:55.274 D/LOWI-9.0.0.80( 1024): [LOWI-Scan] is_qcom_ie, bss_age: 12
11-20 20:10:55.274 D/LOWI-9.0.0.80( 1024): [LOWI-Scan] BSS fe:2d:5a:49:61:eb LOWI_PHY_MODE_11AC_VHT20_2G(11), Beacon Interval: 100, LOWI_ENCRYPTION_TYPE_WPA_PSK 11mcRanging: No, ANQP: Yes, LCI: No, Civic: No, capability(0x1431): ESS Privacy ShortPreamble ShortSlotTime
11-20 20:10:55.274 D/LOWI-9.0.0.80( 1024): [LOWI-Scan] BSS fe:2d:5a:49:61:eb FREQ: 2452, cFreq1[40:80:160] = [0:0:0] cFreq2 = 0 Country Code =    
11-20 20:10:55.275 D/LOWI-9.0.0.80( 1024): [LOWI-Scan] BSS fe:2d:5a:49:61:eb (wlan0) ASSO: NO AddInfo: 0x0, TSF 1, 04:23:19.413, RSSI: -116, CPL: 127, AGE: 0,  SSID Pixel_R2, TSFDelta: 0x0, TXRate: 0
11-20 20:10:55.275 D/LOWI-9.0.0.80( 1024): [LOWI-Scan] 
11-20 20:10:55.275 D/LOWI-9.0.0.80( 1024): [LOWI-Scan] print_bss_handler: Report Probe TSF 102199413481 as it greater than Beacon TSF 102120113520
11-20 20:10:55.275 I/LOWI-9.0.0.80( 1024): [LOWI-Scan] RSN_IE
11-20 20:10:55.275 D/LOWI-9.0.0.80( 1024): [LOWI-Scan] decode_rsn_wpa_ie: Entered
11-20 20:10:55.275 D/LOWI-9.0.0.80( 1024): [LOWIUtils] hexDump: msg(30 14 01 00 00 0f ac 04 01 00 00 0f ac 04 01 00 00 0f ac 02 )
11-20 20:10:55.275 D/LOWI-9.0.0.80( 1024): [LOWI-Scan] decode_rsn_wpa_ie: LOWI_ENCRYPTION_TYPE_WPA_PSK
11-20 20:10:55.275 D/LOWI-9.0.0.80( 1024): [LOWI-Scan] is_qcom_ie, bss_age: 42
11-20 20:10:55.275 D/LOWI-9.0.0.80( 1024): [LOWI-Scan] BSS 52:b8:14:37:74:3f LOWI_PHY_MODE_11AC_VHT20_2G(11), Beacon Interval: 100, LOWI_ENCRYPTION_TYPE_WPA_PSK 11mcRanging: No, ANQP: No, LCI: No, Civic: No, capability(0x1431): ESS Privacy ShortPreamble ShortSlotTime
11-20 20:10:55.275 D/LOWI-9.0.0.80( 1024): [LOWI-Scan] BSS 52:b8:14:37:74:3f FREQ: 2417, cFreq1[40:80:160] = [0:0:0] cFreq2 = 0 Country Code =    
11-20 20:10:55.276 D/LOWI-9.0.0.80( 1024): [LOWI-Scan] BSS 52:b8:14:37:74:3f (wlan0) ASSO: NO AddInfo: 0x0, TSF 1, 04:23:19.413, RSSI: -108, CPL: 127, AGE: 0,  SSID Pixel_8668, TSFDelta: 0x0, TXRate: 0
11-20 20:10:55.276 D/LOWI-9.0.0.80( 1024): [LOWI-Scan] 
11-20 20:10:55.276 D/LOWI-9.0.0.80( 1024): [LOWI-Scan] print_bss_handler: Report Probe TSF 102199413727 as it greater than Beacon TSF 101798480496
11-20 20:10:55.276 I/LOWI-9.0.0.80( 1024): [LOWI-Scan] RSN_IE
11-20 20:10:55.276 D/LOWI-9.0.0.80( 1024): [LOWI-Scan] decode_rsn_wpa_ie: Entered
11-20 20:10:55.276 D/LOWI-9.0.0.80( 1024): [LOWIUtils] hexDump: msg(30 14 01 00 00 0f ac 04 01 00 00 0f ac 04 01 00 00 0f ac 02 )
11-20 20:10:55.276 D/LOWI-9.0.0.80( 1024): [LOWI-Scan] decode_rsn_wpa_ie: LOWI_ENCRYPTION_TYPE_WPA_PSK
11-20 20:10:55.276 D/LOWI-9.0.0.80( 1024): [LOWI-Scan] is_qcom_ie, bss_age: 47
11-20 20:10:55.276 D/LOWI-9.0.0.80( 1024): [LOWI-Scan] BSS 2c:57:41:86:7a:61 LOWI_PHY_MODE_11NG_HT20(5), Beacon Interval: 100, LOWI_ENCRYPTION_TYPE_WPA_PSK 11mcRanging: No, ANQP: No, LCI: No, Civic: No, capability(0x1411): ESS Privacy ShortSlotTime
11-20 20:10:55.276 D/LOWI-9.0.0.80( 1024): [LOWI-Scan] BSS 2c:57:41:86:7a:61 FREQ: 2412, cFreq1[40:80:160] = [0:0:0] cFreq2 = 0 Country Code = US
11-20 20:10:55.277 D/LOWI-9.0.0.80( 1024): [LOWI-Scan] BSS 2c:57:41:86:7a:61 (wlan0) ASSO: NO AddInfo: 0x0, TSF 1, 04:23:19.413, RSSI: -158, CPL: 3, AGE: 0,  SSID kittyhawk, TSFDelta: 0x0, TXRate: 0
11-20 20:10:55.277 D/LOWI-9.0.0.80( 1024): [LOWI-Scan] 
11-20 20:10:55.277 D/LOWI-9.0.0.80( 1024): [LOWI-Scan] print_bss_handler: Report Probe TSF 102199413622 as it greater than Beacon TSF 102071263049
11-20 20:10:55.277 I/LOWI-9.0.0.80( 1024): [LOWI-Scan] RSN_IE
11-20 20:10:55.277 D/LOWI-9.0.0.80( 1024): [LOWI-Scan] decode_rsn_wpa_ie: Entered
11-20 20:10:55.277 D/LOWI-9.0.0.80( 1024): [LOWIUtils] hexDump: msg(30 14 01 00 00 0f ac 04 01 00 00 0f ac 04 01 00 00 0f ac 02 )
11-20 20:10:55.277 D/LOWI-9.0.0.80( 1024): [LOWI-Scan] decode_rsn_wpa_ie: LOWI_ENCRYPTION_TYPE_WPA_PSK
11-20 20:10:55.277 D/LOWI-9.0.0.80( 1024): [LOWI-Scan] is_qcom_ie, bss_age: 47
11-20 20:10:55.277 D/LOWI-9.0.0.80( 1024): [LOWI-Scan] BSS be:9e:0e:1c:6e:7f LOWI_PHY_MODE_11AC_VHT20_2G(11), Beacon Interval: 100, LOWI_ENCRYPTION_TYPE_WPA_PSK 11mcRanging: No, ANQP: No, LCI: No, Civic: No, capability(0x1431): ESS Privacy ShortPreamble ShortSlotTime
11-20 20:10:55.277 D/LOWI-9.0.0.80( 1024): [LOWI-Scan] BSS be:9e:0e:1c:6e:7f FREQ: 2412, cFreq1[40:80:160] = [0:0:0] cFreq2 = 0 Country Code =    
11-20 20:10:55.277 D/LOWI-9.0.0.80( 1024): [LOWI-Scan] BSS be:9e:0e:1c:6e:7f (wlan0) ASSO: NO AddInfo: 0x0, TSF 1, 04:23:19.413, RSSI: -134, CPL: 127, AGE: 0,  SSID Pixel_3541, TSFDelta: 0x0, TXRate: 0
11-20 20:10:55.278 D/LOWI-9.0.0.80( 1024): [LOWI-Scan] 
11-20 20:10:55.278 D/LOWI-9.0.0.80( 1024): [LOWI-Scan] print_bss_handler: Report Probe TSF 102199413562 as it greater than Beacon TSF 102148640822
11-20 20:10:55.278 I/LOWI-9.0.0.80( 1024): [LOWI-Scan] RSN_IE
11-20 20:10:55.278 D/LOWI-9.0.0.80( 1024): [LOWI-Scan] decode_rsn_wpa_ie: Entered
11-20 20:10:55.278 D/LOWI-9.0.0.80( 1024): [LOWIUtils] hexDump: msg(30 14 01 00 00 0f ac 04 01 00 00 0f ac 04 01 00 00 0f ac 02 )
11-20 20:10:55.278 D/LOWI-9.0.0.80( 1024): [LOWI-Scan] decode_rsn_wpa_ie: LOWI_ENCRYPTION_TYPE_WPA_PSK
11-20 20:10:55.278 D/LOWI-9.0.0.80( 1024): [LOWI-Scan] is_qcom_ie, bss_age: 48
11-20 20:10:55.278 D/LOWI-9.0.0.80( 1024): [LOWI-Scan] BSS 18:64:72:60:2b:40 LOWI_PHY_MODE_11NG_HT20(5), Beacon Interval: 100, LOWI_ENCRYPTION_TYPE_WPA_PSK 11mcRanging: No, ANQP: No, LCI: No, Civic: No, capability(0x0431): ESS Privacy ShortPreamble ShortSlotTime
11-20 20:10:55.278 D/LOWI-9.0.0.80( 1024): [LOWI-Scan] BSS 18:64:72:60:2b:40 FREQ: 2412, cFreq1[40:80:160] = [0:0:0] cFreq2 = 0 Country Code =    
11-20 20:10:55.278 D/LOWI-9.0.0.80( 1024): [LOWI-Scan] BSS 18:64:72:60:2b:40 (wlan0) ASSO: NO AddInfo: 0x0, TSF 1, 04:23:19.413, RSSI: -140, CPL: 127, AGE: 0,  SSID lab-t24103779, TSFDelta: 0x0, TXRate: 0
11-20 20:10:55.279 D/LOWI-9.0.0.80( 1024): [LOWI-Scan] 
11-20 20:10:55.279 D/LOWI-9.0.0.80( 1024): [LOWI-Scan] print_bss_handler: Report Probe TSF 102199413766 as it greater than Beacon TSF 0
11-20 20:10:55.279 I/LOWI-9.0.0.80( 1024): [LOWI-Scan] RSN_IE
11-20 20:10:55.279 D/LOWI-9.0.0.80( 1024): [LOWI-Scan] decode_rsn_wpa_ie: Entered
11-20 20:10:55.279 D/LOWI-9.0.0.80( 1024): [LOWIUtils] hexDump: msg(30 14 01 00 00 0f ac 04 01 00 00 0f ac 04 01 00 00 0f ac 02 )
11-20 20:10:55.279 D/LOWI-9.0.0.80( 1024): [LOWI-Scan] decode_rsn_wpa_ie: LOWI_ENCRYPTION_TYPE_WPA_PSK
11-20 20:10:55.279 D/LOWI-9.0.0.80( 1024): [LOWI-Scan] is_qcom_ie, bss_age: 48
11-20 20:10:55.279 D/LOWI-9.0.0.80( 1024): [LOWI-Scan] BSS 2c:57:41:89:53:21 LOWI_PHY_MODE_11NG_HT20(5), Beacon Interval: 100, LOWI_ENCRYPTION_TYPE_WPA_PSK 11mcRanging: No, ANQP: No, LCI: No, Civic: No, capability(0x1411): ESS Privacy ShortSlotTime
11-20 20:10:55.279 D/LOWI-9.0.0.80( 1024): [LOWI-Scan] BSS 2c:57:41:89:53:21 FREQ: 2412, cFreq1[40:80:160] = [0:0:0] cFreq2 = 0 Country Code = US
11-20 20:10:55.279 D/LOWI-9.0.0.80( 1024): [LOWI-Scan] BSS 2c:57:41:89:53:21 (wlan0) ASSO: NO AddInfo: 0x0, TSF 1, 04:23:19.413, RSSI: -164, CPL: 3, AGE: 0,  SSID kittyhawk, TSFDelta: 0x0, TXRate: 0
11-20 20:10:55.280 D/LOWI-9.0.0.80( 1024): [LOWI-Scan] 
11-20 20:10:55.280 D/LOWI-9.0.0.80( 1024): [LOWI-Scan] print_bss_handler: Report beacon TSF 102199413707 as it greater than probe TSF 102199413707
11-20 20:10:55.280 I/LOWI-9.0.0.80( 1024): [LOWI-Scan] RSN_IE
11-20 20:10:55.280 D/LOWI-9.0.0.80( 1024): [LOWI-Scan] decode_rsn_wpa_ie: Entered
11-20 20:10:55.280 D/LOWI-9.0.0.80( 1024): [LOWIUtils] hexDump: msg(30 14 01 00 00 0f ac 04 01 00 00 0f ac 04 01 00 00 0f ac 02 )
11-20 20:10:55.280 D/LOWI-9.0.0.80( 1024): [LOWI-Scan] decode_rsn_wpa_ie: LOWI_ENCRYPTION_TYPE_WPA_PSK
11-20 20:10:55.280 D/LOWI-9.0.0.80( 1024): [LOWI-Scan] is_qcom_ie, bss_age: 4
11-20 20:10:55.280 D/LOWI-9.0.0.80( 1024): [LOWI-Scan] BSS 18:64:72:60:2e:e0 LOWI_PHY_MODE_11NG_HT20(5), Beacon Interval: 100, LOWI_ENCRYPTION_TYPE_WPA_PSK 11mcRanging: No, ANQP: No, LCI: No, Civic: No, capability(0x0431): ESS Privacy ShortPreamble ShortSlotTime
11-20 20:10:55.280 D/LOWI-9.0.0.80( 1024): [LOWI-Scan] BSS 18:64:72:60:2e:e0 FREQ: 2462, cFreq1[40:80:160] = [0:0:0] cFreq2 = 0 Country Code =    
11-20 20:10:55.280 D/LOWI-9.0.0.80( 1024): [LOWI-Scan] BSS 18:64:72:60:2e:e0 (wlan0) ASSO: NO AddInfo: 0x1, TSF 1, 04:23:19.413, RSSI: -160, CPL: 127, AGE: 0,  SSID lab-t24103779, TSFDelta: 0x0, TXRate: 0
11-20 20:10:55.281 D/LOWI-9.0.0.80( 1024): [LOWI-Scan] 
11-20 20:10:55.281 D/LOWI-9.0.0.80( 1024): [LOWI-Scan] print_bss_handler: Report Probe TSF 102199413745 as it greater than Beacon TSF 0
11-20 20:10:55.281 I/LOWI-9.0.0.80( 1024): [LOWI-Scan] RSN_IE
11-20 20:10:55.281 D/LOWI-9.0.0.80( 1024): [LOWI-Scan] decode_rsn_wpa_ie: Entered
11-20 20:10:55.281 D/LOWI-9.0.0.80( 1024): [LOWIUtils] hexDump: msg(30 14 01 00 00 0f ac 04 01 00 00 0f ac 04 01 00 00 0f ac 02 )
11-20 20:10:55.281 D/LOWI-9.0.0.80( 1024): [LOWI-Scan] decode_rsn_wpa_ie: LOWI_ENCRYPTION_TYPE_WPA_PSK
11-20 20:10:55.281 D/LOWI-9.0.0.80( 1024): [LOWI-Scan] is_qcom_ie, bss_age: 6
11-20 20:10:55.281 D/LOWI-9.0.0.80( 1024): [LOWI-Scan] BSS 2c:57:41:86:85:21 LOWI_PHY_MODE_11NG_HT20(5), Beacon Interval: 100, LOWI_ENCRYPTION_TYPE_WPA_PSK 11mcRanging: No, ANQP: No, LCI: No, Civic: No, capability(0x1411): ESS Privacy ShortSlotTime
11-20 20:10:55.281 D/LOWI-9.0.0.80( 1024): [LOWI-Scan] BSS 2c:57:41:86:85:21 FREQ: 2462, cFreq1[40:80:160] = [0:0:0] cFreq2 = 0 Country Code = US
11-20 20:10:55.281 D/LOWI-9.0.0.80( 1024): [LOWI-Scan] BSS 2c:57:41:86:85:21 (wlan0) ASSO: NO AddInfo: 0x0, TSF 1, 04:23:19.413, RSSI: -162, CPL: 2, AGE: 0,  SSID kittyhawk, TSFDelta: 0x0, TXRate: 0
11-20 20:10:55.281 D/LOWI-9.0.0.80( 1024): [LOWIDiagLog] Log: lowiMeasResult->request: invalid null argument
11-20 20:10:55.281 I/LOWI-9.0.0.80( 1024): [LOWI-Scan] lowi_close_record:Scan done in 102155662ms, 19 APs in scan results
11-20 20:10:55.281 D/LOWI-9.0.0.80( 1024): [LOWI-Scan] WipsScanUsingNL: passive scan cached 0, took 9188 ms, err 0
11-20 20:10:55.281 D/LOWI-9.0.0.80( 1024): [LOWI-Scan] lowi_proc_req_passive_scan_with_live_meas - No WLAN Frames to be parsed
11-20 20:10:55.281 D/LOWI-9.0.0.80( 1024): [LOWIScanResultReceiver] Send scan meas to listener
11-20 20:10:55.281 D/LOWI-9.0.0.80( 1024): [LOWIScanResultReceiver] Enter passive listening mode
11-20 20:10:55.282 D/LOWI-9.0.0.80( 1024): [LOWIWifiDriverInterface] getMeasurements - Passive listening mode
11-20 20:10:55.282 D/LOWI-9.0.0.80( 1024): [LOWI-Scan] WipsScanUsingNL:wait -1 sec for netlink message
11-20 20:10:55.282 D/LOWI-9.0.0.80( 1024): [LOWIEventReceiver] handleEvent:FROM:NA, TO:NA, REQ:NA, IREQ:NA, REQ_ID:0, RESP:NA, INFO:NA
11-20 20:10:55.282 D/LOWI-9.0.0.80( 1024): [LOWIBackgroundScanMgr] isRspForBgScanMgr: evt(LOWI_NO_EVT) - not handled
11-20 20:10:55.282 D/LOWI-9.0.0.80( 1024): [LOWIScheduler] manageMsg: NULL results or NULL request in results
11-20 20:10:55.282 D/LOWI-9.0.0.80( 1024): [LOWIController] Measurements received
11-20 20:10:55.282 D/LOWI-9.0.0.80( 1024): [LOWICacheManager] putInCache:Num of Meas to add: 19
11-20 20:10:55.283 D/LOWI-9.0.0.80( 1024): [LOWIController] processMeasurementResults: No current Request. Cache measurements
11-20 20:10:55.283 D/LOWI-9.0.0.80( 1024): [LOWIControllerExtn] sendLOWILpDiscoveryScanResponse: Not a discovery scan response
11-20 20:10:55.322 D/WifiSharingService( 2841): Sending scanResults intent with status code 0: PendingIntent{d3ca8a5: android.os.BinderProxy@9c53342}
11-20 20:10:55.328 D/CompatibilityInfo( 1194): mCompatibilityFlags - 4
11-20 20:10:55.328 D/CompatibilityInfo( 1194): applicationDensity - 320
11-20 20:10:55.328 D/CompatibilityInfo( 1194): applicationScale - 1.0
11-20 20:10:55.550 E/QMI_FW  ( 1113): qmi_cci_get_ref: ref count increased 2
11-20 20:10:55.551 E/QMI_FW  ( 1113): qmi_cci_get_ref: ref count increased 2
11-20 20:10:55.567 I/WearableConnectivityManager( 5465): LTE Signal strength is: 1
11-20 20:10:55.567 I/WearableConnectivityManager( 5465): Cellular Signal strength is: 1
11-20 20:10:55.567 D/RadioLinkQualityScoreBuilder( 1975): scoreRsrp: 2scoreRsrq: 3scoreRssnr: 3
11-20 20:10:55.568 D/WirelessInsightServiceImpl( 1975): onSignalStrengthsChanged: SignalStrength = SignalStrength:{mCdma=CellSignalStrengthCdma: cdmaDbm=2147483647 cdmaEcio=2147483647 evdoDbm=2147483647 evdoEcio=2147483647 evdoSnr=2147483647 level=0,mGsm=CellSignalStrengthGsm: rssi=2147483647 ber=2147483647 mTa=2147483647 mLevel=0,mWcdma=CellSignalStrengthWcdma: ss=2147483647 ber=2147483647 rscp=2147483647 ecno=2147483647 level=0,mTdscdma=CellSignalStrengthTdscdma: rssi=2147483647 ber=2147483647 rscp=2147483647 level=0,mLte=CellSignalStrengthLte: rssi=-81 rsrp=-114 rsrq=-13 rssnr=8 cqi=2147483647 ta=2147483647 level=1 parametersUseForLevel=0,mNr=CellSignalStrengthNr:{ csiRsrp = 2147483647 csiRsrq = 2147483647 csiSinr = 2147483647 ssRsrp = 2147483647 ssRsrq = 2147483647 ssSinr = 2147483647 level = 0 parametersUseForLevel = 0 },primary=CellSignalStrengthLte}
11-20 20:10:55.568 D/WirelessInsightServiceImpl( 1975): Score: 2
11-20 20:10:55.568 D/WirelessInsightServiceImpl( 1975): notifyListeners: listeners = 0, score = 2
11-20 20:10:56.312 W/HWComposer(  577): Ignoring duplicate VSYNC event from HWC for display 0 (t=102200473182158)
11-20 20:10:57.222 D/AnalyticsLogger( 1194): sent events: 14
11-20 20:10:57.665 D/UIAutomatorStub(26720): URI: /jsonrpc/0, Method: POST, Header: {content-length=229, remote-addr=127.0.0.1, http-client-ip=127.0.0.1, host=localhost:9010, content-type=application/json, accept-encoding=identity}, params, {NanoHttpd.QUERY_STRING=null}, files: {postData={"jsonrpc": "2.0", "method": "objInfo", "id": "82e70896f500675be09119d22e3cc84d", "params": [{"mask": 2097152, "childOrSibling": [], "childOrSiblingSelector": [], "resourceId": "com.facebook.wearable.system.settings:id/toggle"}]}}
11-20 20:10:57.744 D/UIAutomatorStub(26720): URI: /jsonrpc/0, Method: POST, Header: {content-length=227, remote-addr=127.0.0.1, http-client-ip=127.0.0.1, host=localhost:9010, content-type=application/json, accept-encoding=identity}, params, {NanoHttpd.QUERY_STRING=null}, files: {postData={"jsonrpc": "2.0", "method": "click", "id": "598bf368640560108fac007a2a4d7c58", "params": [{"mask": 2097152, "childOrSibling": [], "childOrSiblingSelector": [], "resourceId": "com.facebook.wearable.system.settings:id/toggle"}]}}
11-20 20:10:57.796 D/WifiSharingService( 2841): Setting Wi-Fi enabled state
11-20 20:10:57.796 I/WifiService( 1194): setWifiEnabled package=com.facebook.wearable.system.connectivity uid=1000 enable=false
11-20 20:10:57.800 D/WifiActiveModeWarden( 1194): Switching all client mode managers
11-20 20:10:57.804 D/QCNEJ/WlanStaInfoRelay( 1900): onChange for uri = content://settings/global/wifi_on
11-20 20:10:57.810 D/WifiP2pService( 1194): Wifi enabled=false, P2P Interface availability=true
11-20 20:10:57.811 E/QMI_FW  (  927): qmi_cci_get_ref: ref count increased 2
11-20 20:10:57.822 D/WifiP2pService( 1194): Wifi enabled=false, P2P Interface availability=true
11-20 20:10:57.823 W/ContextImpl( 1194): Calling a method in the system process without a qualified user: android.app.ContextImpl.sendBroadcastMultiplePermissions:1143 android.content.Context.sendBroadcastWithMultiplePermissions:2150 com.android.server.display.WifiDisplayAdapter.handleSendStatusChangeBroadcast:440 com.android.server.display.WifiDisplayAdapter.access$1700:63 com.android.server.display.WifiDisplayAdapter$WifiDisplayHandler.handleMessage:675 
11-20 20:10:57.823 D/WifiP2pNative( 1194): Teardown P2P interface
11-20 20:10:57.839 D/WifiClientModeManager1( 1194): IMS not registered over IWLAN for subId: 1
11-20 20:10:57.840 D/WifiClientModeManager1( 1194): The target role 5
11-20 20:10:57.865 I/android_os_HwBinder( 1194): HwBinder: Starting thread pool for getting: android.hardware.wifi.supplicant@1.0::ISupplicant/default
11-20 20:10:57.882 I/wpa_supplicant(17977): wlan0: Do not deauthenticate as part of interface deinit since WoWLAN is enabled
11-20 20:10:57.961 I/wpa_supplicant(17977): Try to unregister vendor STA network
11-20 20:10:57.981 E/wpa_supplicant(17977): eap_proxy: pthread_join on eap_proxy=0xacefeac
11-20 20:10:57.981 E/wpa_supplicant(17977): eap_proxy: session not started for client = 1
11-20 20:10:57.981 E/QMI_FW  (17977): qmi_cci_get_ref: ref count increased 2
11-20 20:10:57.981 E/QMI_FW  (17977): qmi_cci_get_ref: ref count increased 2
11-20 20:10:57.984 E/wpa_supplicant(17977): eap_proxy: Released QMI UIM service client
11-20 20:10:57.984 E/QMI_FW  (17977): qmi_cci_get_ref: ref count increased 2
11-20 20:10:57.984 E/QMI_FW  (17977): qmi_cci_get_ref: ref count increased 2
11-20 20:10:57.987 E/wpa_supplicant(17977): eap_proxy: Released QMI EAP service client
11-20 20:10:57.987 E/wpa_supplicant(17977): eap_proxy: session not started for client = 2
11-20 20:10:57.987 E/QMI_FW  (17977): qmi_cci_get_ref: ref count increased 2
11-20 20:10:57.987 E/QMI_FW  (17977): qmi_cci_get_ref: ref count increased 2
