11-21 08:10:44.564 E/NetlinkEvent(  462): NetlinkEvent::FindParam(): Parameter 'STATE' not found
11-21 08:10:44.564 E/NetlinkEvent(  462): NetlinkEvent::FindParam(): Parameter 'TIME_NS' not found
11-21 08:10:44.564 E/NetlinkEvent(  462): NetlinkEvent::FindParam(): Parameter 'UID' not found
11-21 08:10:44.756 D/ConnectivityService( 1186): Sending CONNECTED broadcast for type 0 [101 CELLULAR] isDefaultNetwork=true
11-21 08:10:48.796 D/AutofillManagerService( 1186): onBackKeyPressed()
11-21 08:10:49.851 I/chatty  ( 1186): uid=1000(system) android.ui identical 2 lines
11-21 08:10:51.620 D/AutofillManagerService( 1186): onBackKeyPressed()
11-21 08:10:51.857 D/commandrouter( 1006): rtc_sync (1, rtc:sync): <ServiceRequest> FORWARDED (remote -> local) service client ID = 0, token ID = 47296
11-21 08:10:51.858 D/commandrouter( 1006): SocServiceHandle::onServiceMessage, SoC Service = rtc_sync, appType = 1, type = SVC_RESP, clientId = 0, token = 47296, payloadLen = 8, result = 0, payload.size() = 8
11-21 08:10:52.631 D/AutofillManagerService( 1186): onBackKeyPressed()
11-21 08:10:53.454 E/TaskPersister( 1186): File error accessing recents directory (directory doesn't exist?).
11-21 08:10:53.627 D/AutofillManagerService( 1186): onBackKeyPressed()
11-21 08:10:54.621 I/chatty  ( 1186): uid=1000(system) android.ui identical 1 line
11-21 08:10:55.633 D/AutofillManagerService( 1186): onBackKeyPressed()
11-21 08:10:56.151 W/ActivityManager( 1186): Invalid packageName: com.facebook.wearable.system.settings/com.facebook.wearable.system.settings.SettingsActivity
11-21 08:10:56.273 I/ActivityTaskManager( 1186): START u0 {flg=0x10000000 cmp=com.facebook.wearable.system.settings/.SettingsActivity} from uid 0
11-21 08:10:56.291 I/ActivityTaskManager( 1186): The Process com.facebook.wearable.system.settings Already Exists in BG. So sending its PID: 10851
11-21 08:10:56.292 W/ActivityTaskManager( 1186): Tried to set launchTime (0) < mLastActivityLaunchTime (145324039)
11-21 08:10:59.874 E/TaskPersister( 1186): File error accessing recents directory (directory doesn't exist?).
11-21 08:11:01.855 D/commandrouter( 1006): rtc_sync (1, rtc:sync): <ServiceRequest> FORWARDED (remote -> local) service client ID = 0, token ID = 47297
11-21 08:11:01.855 D/commandrouter( 1006): SocServiceHandle::onServiceMessage, SoC Service = rtc_sync, appType = 1, type = SVC_RESP, clientId = 0, token = 47297, payloadLen = 8, result = 0, payload.size() = 8
11-21 08:11:02.898 W/ContextImpl( 1186): Calling a method in the system process without a qualified user: android.app.ContextImpl.sendBroadcastMultiplePermissions:1143 android.content.Context.sendBroadcastWithMultiplePermissions:2150 com.android.server.display.WifiDisplayAdapter.handleSendStatusChangeBroadcast:440 com.android.server.display.WifiDisplayAdapter.access$1700:63 com.android.server.display.WifiDisplayAdapter$WifiDisplayHandler.handleMessage:675 
11-21 08:11:03.960 W/ContextImpl( 1186): Calling a method in the system process without a qualified user: android.app.ContextImpl.sendBroadcastMultiplePermissions:1143 android.content.Context.sendBroadcastWithMultiplePermissions:2150 com.android.server.wifi.p2p.WifiP2pServiceImpl$P2pStateMachine.sendBroadcastMultiplePermissions:3209 com.android.server.wifi.p2p.WifiP2pServiceImpl$P2pStateMachine.sendP2pConnectionChangedBroadcast:3236 com.android.server.wifi.p2p.WifiP2pServiceImpl$P2pStateMachine.access$5100:768 
11-21 08:11:03.960 W/wificond(  911): Scan is not started. Ignore abort request
11-21 08:11:03.962 W/BroadcastQueue( 1186): Permission Denial: receiving Intent { act=android.net.wifi.p2p.CONNECTION_STATE_CHANGE flg=0x24000010 (has extras) } to ProcessRecord{688c834 1907:.qtidataservices/u0a88} (pid=1907, uid=10088) requires android.permission.ACCESS_FINE_LOCATION due to sender android (uid 1000)
11-21 08:11:04.056 W/ContextImpl( 1186): Calling a method in the system process without a qualified user: android.app.ContextImpl.sendBroadcastMultiplePermissions:1143 android.content.Context.sendBroadcastWithMultiplePermissions:2150 com.android.server.wifi.p2p.WifiP2pServiceImpl$P2pStateMachine.sendBroadcastMultiplePermissions:3209 com.android.server.wifi.p2p.WifiP2pServiceImpl$P2pStateMachine.sendThisDeviceChangedBroadcast:3218 com.android.server.wifi.p2p.WifiP2pServiceImpl$P2pStateMachine.updateThisDevice:3962 
11-21 08:11:04.418 D/ConnectivityService( 1186): registerNetworkAgent NetworkAgentInfo{ ni{[type: WIFI[], state: UNKNOWN/IDLE, reason: (unspecified), extra: , failover: false, available: true, roaming: false]}  network{204}  nethandle{879579025421}  lp{{InterfaceName: wlan0 LinkAddresses: [ ] DnsAddresses: [ ] Domains: null MTU: 0 Routes: [ ]}}  nc{[ Transports: WIFI Capabilities: NOT_METERED&INTERNET&NOT_RESTRICTED&TRUSTED&NOT_VPN&NOT_ROAMING&FOREGROUND&NOT_CONGESTED&NOT_SUSPENDED LinkUpBandwidth>=72000Kbps LinkDnBandwidth>=72000Kbps OwnerUid: 1000 SSID: "MTBF_Lab" RequestorUid: -1 RequestorPackageName: null]}  Score{20}  everValidated{false}  lastValidated{false}  created{false} lingering{false} explicitlySelected{false} acceptUnvalidated{false} everCaptivePortalDetected{false} lastCaptivePortalDetected{false} partialConnectivity{false} acceptPartialConnectivity{false} clat{mBaseIface: null, mIface: null, mState: IDLE} }
11-21 08:11:04.438 D/ConnectivityService( 1186): [204 WIFI] EVENT_NETWORK_INFO_CHANGED, going from UNKNOWN to UNKNOWN
11-21 08:11:04.584 D/ConnectivityService( 1186): NetReassign [no changes]
11-21 08:11:04.625 I/Nat464Xlat( 1186): Android Xlat is disabled
11-21 08:11:04.625 I/Nat464Xlat( 1186): Android Xlat is disabled
11-21 08:11:04.752 E/ConnectivityService( 1186): Exception in networkAddRouteParcel for non-gateway: android.os.ServiceSpecificException: Machine is not on the network (code 64)
11-21 08:11:04.753 E/ConnectivityService( 1186): Exception in networkAddRouteParcel for gateway: android.os.ServiceSpecificException: Machine is not on the network (code 64)
11-21 08:11:04.753 I/Nat464Xlat( 1186): Android Xlat is disabled
11-21 08:11:04.753 I/Nat464Xlat( 1186): Android Xlat is disabled
11-21 08:11:04.810 D/ConnectivityService( 1186): Setting DNS servers for network 204 to [/192.168.1.1]
11-21 08:11:04.811 I/Nat464Xlat( 1186): Android Xlat is disabled
11-21 08:11:04.811 I/Nat464Xlat( 1186): Android Xlat is disabled
11-21 08:11:04.897 D/ConnectivityService( 1186): [204 WIFI] EVENT_NETWORK_INFO_CHANGED, going from UNKNOWN to CONNECTED
11-21 08:11:04.900 D/DnsManager( 1186): sendDnsConfigurationForNetwork(204, [192.168.1.1], [], 1800, 25, 8, 64, 0, 0, , [])
11-21 08:11:04.902 W/DnsManager( 1186): updatePrivateDns(204, PrivateDnsConfig{true:/[]})
11-21 08:11:04.902 D/ConnectivityService( 1186): Setting DNS servers for network 204 to [/192.168.1.1]
11-21 08:11:04.903 D/DnsManager( 1186): sendDnsConfigurationForNetwork(204, [192.168.1.1], [], 1800, 25, 8, 64, 0, 0, , [192.168.1.1])
11-21 08:11:04.905 D/ConnectivityService( 1186): Adding iface wlan0 to network 204
11-21 08:11:04.948 D/ConnectivityService( 1186): Setting DNS servers for network 204 to [/192.168.1.1]
11-21 08:11:04.949 D/DnsManager( 1186): sendDnsConfigurationForNetwork(204, [192.168.1.1], [], 1800, 25, 8, 64, 0, 0, , [192.168.1.1])
11-21 08:11:04.955 I/Nat464Xlat( 1186): Android Xlat is disabled
11-21 08:11:04.955 I/Nat464Xlat( 1186): Android Xlat is disabled
11-21 08:11:05.030 D/ConnectivityService( 1186): NetReassign [no changes]
11-21 08:11:05.193 D/ConnectivityService( 1186): [204 WIFI] validation passed
11-21 08:11:05.193 D/ConnectivityService( 1186): NetReassign [44 : 101  204, 11 : 101  204, 63 : 101  204, 17 : 101  204, 25 : 101  204, 2222 : 101  204, 1438 : 101  204, 1 : 101  204, 8 : 101  204, 2214 : 101  204, 12 : 101  204, 14 : 101  204, 16 : 101  204, 22 : 101  204, 1515 : 101  204]
11-21 08:11:05.197 E/NetlinkEvent(  462): NetlinkEvent::FindParam(): Parameter 'INTERFACE' not found
11-21 08:11:05.197 E/NetlinkEvent(  462): NetlinkEvent::FindParam(): Parameter 'STATE' not found
11-21 08:11:05.197 E/NetlinkEvent(  462): NetlinkEvent::FindParam(): Parameter 'TIME_NS' not found
11-21 08:11:05.197 E/NetlinkEvent(  462): NetlinkEvent::FindParam(): Parameter 'UID' not found
11-21 08:11:05.217 D/ConnectivityService( 1186): Switching to new default network: NetworkAgentInfo{ ni{[type: WIFI[], state: CONNECTED/CONNECTED, reason: (unspecified), extra: , failover: false, available: true, roaming: false]}  network{204}  nethandle{879579025421}  lp{{InterfaceName: wlan0 LinkAddresses: [ 192.168.1.41/24 ] DnsAddresses: [ /192.168.1.1 ] Domains: null MTU: 0 ServerAddress: /192.168.1.1 TcpBufferSizes: 524288,1048576,2097152,262144,524288,1048576 Routes: [ fe80::/64 -> :: wlan0 mtu 0,192.168.1.0/24 -> 0.0.0.0 wlan0 mtu 0,0.0.0.0/0 -> 192.168.1.1 wlan0 mtu 0 ]}}  nc{[ Transports: WIFI Capabilities: NOT_METERED&INTERNET&NOT_RESTRICTED&TRUSTED&NOT_VPN&VALIDATED&NOT_ROAMING&FOREGROUND&NOT_CONGESTED&NOT_SUSPENDED LinkUpBandwidth>=62000Kbps LinkDnBandwidth>=62000Kbps SignalStrength: -32 OwnerUid: 1000 SSID: "MTBF_Lab" RequestorUid: -1 RequestorPackageName: null]}  Score{60}  everValidated{true}  lastValidated{true}  created{true} lingering{false} explicitlySelected{false} acceptUnvalidated{false} everCaptivePortalDetected{false} lastCaptivePortalDetected{false} partialConnectivity{false} acceptPartialConnectivity{false} clat{mBaseIface: null, mIface: null, mState: IDLE} }
11-21 08:11:05.343 W/SimpleTimeDetectorStrategy( 1186): Existing suggestion found to be invalid  elapsedRealtimeMillis=145353069, timeSuggestion=TelephonyTimeSuggestion{mSlotIndex='0', mUtcTime=TimestampedValue{mReferenceTimeMillis=57092, mValue=1637365770000}, mDebugInfo=[Sending new time suggestion nitzSignal=TimestampedValue{mReferenceTimeMillis=57092, mValue=NitzData{mOriginalString=21/11/19,23:49:30-32,00, mZoneOffset=-28800000, mDstOffset=0, mCurrentTimeMillis=1637365770000, mEmulatorHostTimeZone=null}}, reason=handleNitzReceived(TimestampedValue{mReferenceTimeMillis=57092, mValue=NitzData{mOriginalString=21/11/19,23:49:30-32,00, mZoneOffset=-28800000, mDstOffset=0, mCurrentTimeMillis=1637365770000, mEmulatorHostTimeZone=null}})]}
11-21 08:11:05.353 D/ConnectivityService( 1186): Lingering [101 CELLULAR] for 30000ms
11-21 08:11:05.355 D/ConnectivityService( 1186): Sending DISCONNECTED broadcast for type 0 [101 CELLULAR] isDefaultNetwork=true
11-21 08:11:05.357 D/ConnectivityService( 1186): Sending CONNECTED broadcast for type 1 [204 WIFI] isDefaultNetwork=true
11-21 08:11:05.379 D/ConnectivityService( 1186): Setting DNS servers for network 204 to [/192.168.1.1]
11-21 08:11:05.379 D/DnsManager( 1186): sendDnsConfigurationForNetwork(204, [192.168.1.1], [], 1800, 25, 8, 64, 0, 0, , [192.168.1.1])
11-21 08:11:05.581 I/Nat464Xlat( 1186): Android Xlat is disabled
11-21 08:11:05.582 I/Nat464Xlat( 1186): Android Xlat is disabled
11-21 08:11:11.767 D/commandrouter( 1006): SocServiceHandle::onServiceMessage, SoC Service = mcu_healthcheck_1029, appType = 1, type = SVC_REQ, clientId = 0, token = 4842, payloadLen = 12, result = 0, payload.size() = 12
11-21 08:11:11.772 D/commandrouter( 1006): mcu_healthcheck_1029 (1, merlot:mcu_health:control): <ServiceResponse> FORWARDED (remote -> local) CR token ID = 4842, service client ID = 40, token ID = 62044, result = 0
11-21 08:11:11.773 D/mculinkhealth( 1029): isMcuReachable 1 (6 ms)
11-21 08:11:11.855 D/commandrouter( 1006): rtc_sync (1, rtc:sync): <ServiceRequest> FORWARDED (remote -> local) service client ID = 0, token ID = 47298
11-21 08:11:11.856 D/commandrouter( 1006): SocServiceHandle::onServiceMessage, SoC Service = rtc_sync, appType = 1, type = SVC_RESP, clientId = 0, token = 47298, payloadLen = 8, result = 0, payload.size() = 8
11-21 08:11:17.166 D/AppStorageManager( 1186): BEFORE:: Previous Size: 980021248 Current Size: 980209664
11-21 08:11:17.166 D/AppStorageManager( 1186): AFTER:: Previous Size: 980209664 Current Size: 980209664
11-21 08:11:18.546 D/commandrouter( 1006): SocServiceHandle::onServiceMessage, SoC Service = mcu_healthcheck_934, appType = 1, type = SVC_REQ, clientId = 0, token = 2421, payloadLen = 20, result = 0, payload.size() = 20
11-21 08:11:18.551 D/commandrouter( 1006): mcu_healthcheck_934 (1, merlot:mcu_health:control): <ServiceResponse> FORWARDED (remote -> local) CR token ID = 2421, service client ID = 5, token ID = 62045, result = 0
11-21 08:11:21.851 D/commandrouter( 1006): rtc_sync (1, rtc:sync): <ServiceRequest> FORWARDED (remote -> local) service client ID = 0, token ID = 47299
11-21 08:11:21.852 D/commandrouter( 1006): SocServiceHandle::onServiceMessage, SoC Service = rtc_sync, appType = 1, type = SVC_RESP, clientId = 0, token = 47299, payloadLen = 8, result = 0, payload.size() = 8
11-21 08:11:24.337 D/AutofillManagerService( 1186): onBackKeyPressed()
11-21 08:11:25.393 I/chatty  ( 1186): uid=1000(system) android.ui identical 2 lines
11-21 08:11:26.608 D/AutofillManagerService( 1186): onBackKeyPressed()
11-21 08:11:27.170 W/ActivityManager( 1186): Invalid packageName: com.facebook.wearable.system.settings/com.facebook.wearable.system.settings.SettingsActivity
11-21 08:11:27.286 I/ActivityTaskManager( 1186): START u0 {flg=0x10000000 cmp=com.facebook.wearable.system.settings/.SettingsActivity} from uid 0
11-21 08:11:27.303 I/ActivityTaskManager( 1186): The Process com.facebook.wearable.system.settings Already Exists in BG. So sending its PID: 10851
11-21 08:11:27.304 W/ActivityTaskManager( 1186): Tried to set launchTime (0) < mLastActivityLaunchTime (145344019)
11-21 08:11:29.940 E/TaskPersister( 1186): File error accessing recents directory (directory doesn't exist?).
11-21 08:11:31.845 D/commandrouter( 1006): rtc_sync (1, rtc:sync): <ServiceRequest> FORWARDED (remote -> local) service client ID = 0, token ID = 47300
11-21 08:11:31.845 D/commandrouter( 1006): SocServiceHandle::onServiceMessage, SoC Service = rtc_sync, appType = 1, type = SVC_RESP, clientId = 0, token = 47300, payloadLen = 8, result = 0, payload.size() = 8
11-21 08:11:34.520 D/AnalyticsLogger( 1186): sent events: 13
11-21 08:11:34.912 W/ContextImpl( 1186): Calling a method in the system process without a qualified user: android.app.ContextImpl.sendBroadcastMultiplePermissions:1143 android.content.Context.sendBroadcastWithMultiplePermissions:2150 com.android.server.display.WifiDisplayAdapter.handleSendStatusChangeBroadcast:440 com.android.server.display.WifiDisplayAdapter.access$1700:63 com.android.server.display.WifiDisplayAdapter$WifiDisplayHandler.handleMessage:675 
11-21 08:11:35.194 D/ConnectivityService( 1186): handleLingerComplete for [101 CELLULAR]
11-21 08:11:35.331 I/wificond(  911): Fail RSSI polling because wifi is not associated.
11-21 08:11:35.370 D/ConnectivityService( 1186): [204 WIFI] EVENT_NETWORK_INFO_CHANGED, going from CONNECTED to DISCONNECTED
11-21 08:11:35.371 D/ConnectivityService( 1186): [204 WIFI] disconnected, was satisfying 26
11-21 08:11:35.457 I/Nat464Xlat( 1186): Android Xlat is disabled
11-21 08:11:35.457 I/Nat464Xlat( 1186): Android Xlat is disabled
11-21 08:11:35.502 D/ConnectivityService( 1186): Sending DISCONNECTED broadcast for type 1 [204 WIFI] isDefaultNetwork=true
11-21 08:11:35.510 D/ConnectivityService( 1186): NetReassign [44 : null  101, 11 : null  101, 63 : null  101, 17 : null  101, 25 : null  101, 2222 : null  101, 1438 : null  101, 1 : null  101, 8 : null  101, 2214 : null  101, 12 : null  101, 14 : null  101, 16 : null  101, 22 : null  101, 1515 : null  101]
11-21 08:11:35.513 E/NetlinkEvent(  462): NetlinkEvent::FindParam(): Parameter 'INTERFACE' not found
11-21 08:11:35.513 E/NetlinkEvent(  462): NetlinkEvent::FindParam(): Parameter 'STATE' not found
11-21 08:11:35.513 E/NetlinkEvent(  462): NetlinkEvent::FindParam(): Parameter 'TIME_NS' not found
11-21 08:11:35.513 E/NetlinkEvent(  462): NetlinkEvent::FindParam(): Parameter 'UID' not found
11-21 08:11:35.526 D/ConnectivityService( 1186): Switching to new default network: NetworkAgentInfo{ ni{[type: MOBILE[LTE], state: CONNECTED/CONNECTED, reason: (unspecified), extra: enhancedphone, failover: false, available: true, roaming: false]}  network{101}  nethandle{437197393933}  lp{{InterfaceName: rmnet_data2 LinkAddresses: [ 10.55.48.101/30,2600:381:4804:c4b6:8cdc:8f0b:afe1:ec6b/64 ] DnsAddresses: [ /172.26.38.2,/fc00:a:a::400 ] Domains: null MTU: 1430 TcpBufferSizes: 2097152,4194304,8388608,262144,524288,1048576 Routes: [ 0.0.0.0/0 -> 10.55.48.102 rmnet_data2 mtu 1430,::/0 -> fe80::9db2:334d:2872:1e0a rmnet_data2 mtu 1430,10.55.48.100/30 -> 0.0.0.0 rmnet_data2 mtu 0,2600:381:4804:c4b6::/64 -> :: rmnet_data2 mtu 0 ]}}  nc{[ Transports: CELLULAR Capabilities: MMS&SUPL&FOTA&INTERNET&NOT_RESTRICTED&TRUSTED&NOT_VPN&VALIDATED&NOT_ROAMING&NOT_CONGESTED&NOT_SUSPENDED LinkUpBandwidth>=15000Kbps LinkDnBandwidth>=30000Kbps Specifier: <TelephonyNetworkSpecifier [mSubId = 1]> AdministratorUids: [] RequestorUid: -1 RequestorPackageName: null]}  Score{50}  everValidated{true}  lastValidated{true}  created{true} lingering{false} explicitlySelected{false} acceptUnvalidated{false} everCaptivePortalDetected{false} lastCaptivePortalDetected{false} partialConnectivity{false} acceptPartialConnectivity{false} clat{mBaseIface: null, mIface: null, mState: IDLE} }
11-21 08:11:35.655 W/SimpleTimeDetectorStrategy( 1186): Existing suggestion found to be invalid  elapsedRealtimeMillis=145383381, timeSuggestion=TelephonyTimeSuggestion{mSlotIndex='0', mUtcTime=TimestampedValue{mReferenceTimeMillis=57092, mValue=1637365770000}, mDebugInfo=[Sending new time suggestion nitzSignal=TimestampedValue{mReferenceTimeMillis=57092, mValue=NitzData{mOriginalString=21/11/19,23:49:30-32,00, mZoneOffset=-28800000, mDstOffset=0, mCurrentTimeMillis=1637365770000, mEmulatorHostTimeZone=null}}, reason=handleNitzReceived(TimestampedValue{mReferenceTimeMillis=57092, mValue=NitzData{mOriginalString=21/11/19,23:49:30-32,00, mZoneOffset=-28800000, mDstOffset=0, mCurrentTimeMillis=1637365770000, mEmulatorHostTimeZone=null}})]}
11-21 08:11:35.699 D/ConnectivityService( 1186): Sending CONNECTED broadcast for type 0 [101 CELLULAR] isDefaultNetwork=true
11-21 08:11:39.747 D/AutofillManagerService( 1186): onBackKeyPressed()
11-21 08:11:40.275 I/chatty  ( 1186): uid=1000(system) android.ui identical 1 line
11-21 08:11:40.799 D/AutofillManagerService( 1186): onBackKeyPressed()
11-21 08:11:41.774 D/commandrouter( 1006): SocServiceHandle::onServiceMessage, SoC Service = mcu_healthcheck_1029, appType = 1, type = SVC_REQ, clientId = 0, token = 4843, payloadLen = 12, result = 0, payload.size() = 12
11-21 08:11:41.778 D/commandrouter( 1006): mcu_healthcheck_1029 (1, merlot:mcu_health:control): <ServiceResponse> FORWARDED (remote -> local) CR token ID = 4843, service client ID = 40, token ID = 62046, result = 0
11-21 08:11:41.778 D/mculinkhealth( 1029): isMcuReachable 1 (4 ms)
11-21 08:11:41.840 D/commandrouter( 1006): rtc_sync (1, rtc:sync): <ServiceRequest> FORWARDED (remote -> local) service client ID = 0, token ID = 47301
11-21 08:11:41.841 D/commandrouter( 1006): SocServiceHandle::onServiceMessage, SoC Service = rtc_sync, appType = 1, type = SVC_RESP, clientId = 0, token = 47301, payloadLen = 8, result = 0, payload.size() = 8
11-21 08:11:42.619 D/AutofillManagerService( 1186): onBackKeyPressed()
11-21 08:11:43.630 D/AutofillManagerService( 1186): onBackKeyPressed()
11-21 08:11:44.311 E/TaskPersister( 1186): File error accessing recents directory (directory doesn't exist?).
11-21 08:11:44.626 D/AutofillManagerService( 1186): onBackKeyPressed()
11-21 08:11:45.622 I/chatty  ( 1186): uid=1000(system) android.ui identical 1 line
11-21 08:11:46.633 D/AutofillManagerService( 1186): onBackKeyPressed()
11-21 08:11:47.155 W/ActivityManager( 1186): Invalid packageName: com.facebook.wearable.system.settings/com.facebook.wearable.system.settings.SettingsActivity
11-21 08:11:47.291 I/ActivityTaskManager( 1186): START u0 {flg=0x10000000 cmp=com.facebook.wearable.system.settings/.SettingsActivity} from uid 0
11-21 08:11:47.312 I/ActivityTaskManager( 1186): The Process com.facebook.wearable.system.settings Already Exists in BG. So sending its PID: 10851
11-21 08:11:47.313 W/ActivityTaskManager( 1186): Tried to set launchTime (0) < mLastActivityLaunchTime (145375031)
11-21 08:11:51.480 E/TaskPersister( 1186): File error accessing recents directory (directory doesn't exist?).
11-21 08:11:51.838 D/commandrouter( 1006): rtc_sync (1, rtc:sync): <ServiceRequest> FORWARDED (remote -> local) service client ID = 0, token ID = 47302
11-21 08:11:51.840 D/commandrouter( 1006): SocServiceHandle::onServiceMessage, SoC Service = rtc_sync, appType = 1, type = SVC_RESP, clientId = 0, token = 47302, payloadLen = 8, result = 0, payload.size() = 8
11-21 08:11:53.418 W/ContextImpl( 1186): Calling a method in the system process without a qualified user: android.app.ContextImpl.sendBroadcastMultiplePermissions:1143 android.content.Context.sendBroadcastWithMultiplePermissions:2150 com.android.server.display.WifiDisplayAdapter.handleSendStatusChangeBroadcast:440 com.android.server.display.WifiDisplayAdapter.access$1700:63 com.android.server.display.WifiDisplayAdapter$WifiDisplayHandler.handleMessage:675 
11-21 08:11:54.414 W/ContextImpl( 1186): Calling a method in the system process without a qualified user: android.app.ContextImpl.sendBroadcastMultiplePermissions:1143 android.content.Context.sendBroadcastWithMultiplePermissions:2150 com.android.server.wifi.p2p.WifiP2pServiceImpl$P2pStateMachine.sendBroadcastMultiplePermissions:3209 com.android.server.wifi.p2p.WifiP2pServiceImpl$P2pStateMachine.sendP2pConnectionChangedBroadcast:3236 com.android.server.wifi.p2p.WifiP2pServiceImpl$P2pStateMachine.access$5100:768 
11-21 08:11:54.426 W/BroadcastQueue( 1186): Permission Denial: receiving Intent { act=android.net.wifi.p2p.CONNECTION_STATE_CHANGE flg=0x24000010 (has extras) } to ProcessRecord{688c834 1907:.qtidataservices/u0a88} (pid=1907, uid=10088) requires android.permission.ACCESS_FINE_LOCATION due to sender android (uid 1000)
--------- beginning of main
11-21 08:11:54.426 I/wpa_supplicant(30783): p2p0: CTRL-EVENT-AVOID-FREQ ranges=
11-21 08:11:54.427 I/chatty  ( 1186): uid=1000(system) WifiHandlerThre expire 23 lines
11-21 08:11:54.431 W/wificond(  911): Scan is not started. Ignore abort request
11-21 08:11:54.434 I/chatty  ( 1026): uid=1021(gps) lowi-server expire 8 lines
11-21 08:11:54.435 I/chatty  ( 1026): uid=1021(gps) lowi-server expire 17 lines
11-21 08:11:54.435 I/QC-NETMGR-LIB(  924): NetmgrNetdClientRemoveInterfaceFromOemNetwork(): completed command
11-21 08:11:54.437 I/QC-NETMGR-LIB(  924): NetmgrNetdClientAddInterfaceToOemNetwork(): Looking for Netd service
11-21 08:11:54.437 I/QC-NETMGR-LIB(  924): NetmgrNetdClientAddInterfaceToOemNetwork(): starting command
11-21 08:11:54.437 I/QC-NETMGR-LIB(  924): addInterfaceToOemNetwork(): Attempting addInterfaceToOemNetwork
11-21 08:11:54.459 I/QC-NETMGR-LIB(  924): NetmgrNetdClientAddInterfaceToOemNetwork(): completed command
11-21 08:11:54.459 I/QC-NETMGR-LIB(  924): NetmgrNetdClientAddRouteToOemNetwork(): Looking for Netd service
11-21 08:11:54.459 I/QC-NETMGR-LIB(  924): NetmgrNetdClientAddRouteToOemNetwork(): starting command
11-21 08:11:54.459 I/QC-NETMGR-LIB(  924): addRouteToOemNetwork(): Attempting addRouteToOemNetwork
11-21 08:11:54.460 I/QC-NETMGR-LIB(  924): NetmgrNetdClientAddRouteToOemNetwork(): completed command
11-21 08:11:54.460 I/QC-NETMGR-LIB(  924): NetmgrNetdClientSetForwardingBetweenInterfaces(): Looking for Netd service
11-21 08:11:54.460 I/QC-NETMGR-LIB(  924): NetmgrNetdClientSetForwardingBetweenInterfaces(): starting command
11-21 08:11:54.460 I/QC-NETMGR-LIB(  924): setForwardingBetweenInterfaces() r_rmnet_data0 wlan0: Attempting setForwardingBetweenInterfaces
11-21 08:11:54.461 I/QC-NETMGR-LIB(  924): NetmgrNetdClientSetForwardingBetweenInterfaces(): completed command
11-21 08:11:54.461 I/QC-NETMGR-LIB(  924): NetmgrNetdClientSetForwardingBetweenInterfaces(): Looking for Netd service
11-21 08:11:54.461 I/QC-NETMGR-LIB(  924): NetmgrNetdClientSetForwardingBetweenInterfaces(): starting command
11-21 08:11:54.461 I/QC-NETMGR-LIB(  924): setForwardingBetweenInterfaces() r_rmnet_data0 dummy0: Attempting setForwardingBetweenInterfaces
11-21 08:11:54.462 I/QC-NETMGR-LIB(  924): NetmgrNetdClientSetForwardingBetweenInterfaces(): completed command
11-21 08:11:54.462 I/QC-NETMGR-LIB(  924): NetmgrNetdClientAddRouteToOemNetwork(): Looking for Netd service
11-21 08:11:54.462 I/QC-NETMGR-LIB(  924): NetmgrNetdClientAddRouteToOemNetwork(): starting command
11-21 08:11:54.462 I/QC-NETMGR-LIB(  924): addRouteToOemNetwork(): Attempting addRouteToOemNetwork
11-21 08:11:54.463 I/QC-NETMGR-LIB(  924): NetmgrNetdClientAddRouteToOemNetwork(): completed command
11-21 08:11:54.505 E/wpa_supplicant(30783): nl80211: Set scan default IEs failed: ret=-524 (Unknown error 524)
11-21 08:11:54.515 W/ContextImpl( 1186): Calling a method in the system process without a qualified user: android.app.ContextImpl.sendBroadcastMultiplePermissions:1143 android.content.Context.sendBroadcastWithMultiplePermissions:2150 com.android.server.wifi.p2p.WifiP2pServiceImpl$P2pStateMachine.sendBroadcastMultiplePermissions:3209 com.android.server.wifi.p2p.WifiP2pServiceImpl$P2pStateMachine.sendThisDeviceChangedBroadcast:3218 com.android.server.wifi.p2p.WifiP2pServiceImpl$P2pStateMachine.updateThisDevice:3962 
11-21 08:11:54.539 I/chatty  ( 1186): uid=1000(system) WifiP2pService expire 2 lines
11-21 08:11:54.543 I/wpa_supplicant(30783): Vendor key_mgmt: 0x142
11-21 08:11:54.546 I/wpa_supplicant(30783): Vendor Proto: 0x3
11-21 08:11:54.566 E/wpa_supplicant(30783): eap_proxy: eap_proxy_notify_config
11-21 08:11:54.573 I/wpa_supplicant(30783): wlan0: Trying to associate with SSID 'MTBF_Lab'
11-21 08:11:54.579 E/wpa_supplicant(30783): eap_proxy: eap_proxy_notify_config
11-21 08:11:54.579 E/wpa_supplicant(30783): eap_proxy: eap_proxy_allowed_method
11-21 08:11:54.584 D/QCNEJ/WlanStaInfoRelay( 1907): Received action: android.net.wifi.STATE_CHANGE
11-21 08:11:54.584 D/BluetoothAdapterService( 1710): android.net.wifi.STATE_CHANGE
11-21 08:11:54.585 D/WifiConnector( 2870): Network State Changed
11-21 08:11:54.588 D/BluetoothVendorService( 1710): setWifiState to: true
11-21 08:11:54.588 I/BluetoothVendorJni( 1710): setWifiStateNative
11-21 08:11:54.588 I/bt_btif_vendor( 1710): setWifiState :1
11-21 08:11:54.588 W/bt_btm  ( 1710): btm_cb.is_wifi_connected = 1 
11-21 08:11:54.588 W/bt_l2cap( 1710): L2CA_SetDesireRole() new:x1, disallow_switch:0
11-21 08:11:54.592 E/QMI_FW  (  915): qmi_cci_get_ref: ref count increased 2
11-21 08:11:54.595 E/QMI_FW  (  915): qmi_cci_get_ref: ref count increased 2
11-21 08:11:54.650 I/Choreographer(10851): Skipped 30 frames!  The application may be doing too much work on its main thread.
11-21 08:11:54.755 W/HWComposer(  598): Ignoring duplicate VSYNC event from HWC for display 0 (t=145402480384740)
11-21 08:11:54.821 I/chatty  ( 1026): uid=1021(gps) lowi-server expire 4 lines
11-21 08:11:54.821 I/chatty  ( 1026): uid=1021(gps) lowi-server expire 15 lines
11-21 08:11:54.825 I/wpa_supplicant(30783): wlan0: Associated with 6c:cd:d6:25:63:2a
11-21 08:11:54.826 I/wpa_supplicant(30783): wlan0: CTRL-EVENT-SUBNET-STATUS-UPDATE status=0
11-21 08:11:54.827 I/wpa_supplicant(30783): wlan0: WPA: RX message 1 of 4-Way Handshake from 6c:cd:d6:25:63:2a (ver=2)
11-21 08:11:54.828 I/wpa_supplicant(30783): wlan0: WPA: Sending EAPOL-Key 2/4
11-21 08:11:54.829 V/WifiHAL (  544): event received NL80211_CMD_CONNECT
11-21 08:11:54.834 I/wpa_supplicant(30783): getWifiGenerationStatusInternal: generation = 4, twtSupport = false, vhtMax8SpatialStreamsSupport = false
11-21 08:11:54.835 I/wpa_supplicant(30783): wlan0: WPA: RX message 3 of 4-Way Handshake from 6c:cd:d6:25:63:2a (ver=2)
11-21 08:11:54.835 I/wpa_supplicant(30783): wlan0: WPA: Sending EAPOL-Key 4/4
11-21 08:11:54.839 I/wpa_supplicant(30783): wlan0: WPA: Key negotiation completed with 6c:cd:d6:25:63:2a [PTK=CCMP GTK=CCMP]
11-21 08:11:54.839 I/wpa_supplicant(30783): wlan0: CTRL-EVENT-CONNECTED - Connection to 6c:cd:d6:25:63:2a completed [id=0 id_str=%7B%22configKey%22%3A%22%5C%22MTBF_Lab%5C%22WPA_PSK%22%2C%22creatorUid%22%3A%221000%22%7D]
11-21 08:11:54.847 D/BluetoothAdapterService( 1710): android.net.wifi.STATE_CHANGE
11-21 08:11:54.847 D/QCNEJ/WlanStaInfoRelay( 1907): Received action: android.net.wifi.STATE_CHANGE
11-21 08:11:54.849 D/BluetoothVendorService( 1710): setWifiState to: true
11-21 08:11:54.849 I/BluetoothVendorJni( 1710): setWifiStateNative
11-21 08:11:54.849 I/bt_btif_vendor( 1710): setWifiState :1
11-21 08:11:54.852 D/WifiConnector( 2870): Network State Changed
11-21 08:11:54.872 D/ConnectivityService( 1186): registerNetworkAgent NetworkAgentInfo{ ni{[type: WIFI[], state: UNKNOWN/IDLE, reason: (unspecified), extra: , failover: false, available: true, roaming: false]}  network{205}  nethandle{883873992717}  lp{{InterfaceName: wlan0 LinkAddresses: [ ] DnsAddresses: [ ] Domains: null MTU: 0 Routes: [ ]}}  nc{[ Transports: WIFI Capabilities: NOT_METERED&INTERNET&NOT_RESTRICTED&TRUSTED&NOT_VPN&NOT_ROAMING&FOREGROUND&NOT_CONGESTED&NOT_SUSPENDED LinkUpBandwidth>=72000Kbps LinkDnBandwidth>=72000Kbps OwnerUid: 1000 SSID: "MTBF_Lab" RequestorUid: -1 RequestorPackageName: null]}  Score{20}  everValidated{false}  lastValidated{false}  created{false} lingering{false} explicitlySelected{false} acceptUnvalidated{false} everCaptivePortalDetected{false} lastCaptivePortalDetected{false} partialConnectivity{false} acceptPartialConnectivity{false} clat{mBaseIface: null, mIface: null, mState: IDLE} }
11-21 08:11:54.873 D/WifiConnector( 2870): Network State Changed
11-21 08:11:54.875 D/BluetoothAdapterService( 1710): android.net.wifi.STATE_CHANGE
11-21 08:11:54.873 D/QCNEJ/WlanStaInfoRelay( 1907): Received action: android.net.wifi.STATE_CHANGE
11-21 08:11:54.880 D/BluetoothVendorService( 1710): setWifiState to: true
11-21 08:11:54.880 I/BluetoothVendorJni( 1710): setWifiStateNative
11-21 08:11:54.880 I/bt_btif_vendor( 1710): setWifiState :1
11-21 08:11:54.892 D/ConnectivityService( 1186): [205 WIFI] EVENT_NETWORK_INFO_CHANGED, going from UNKNOWN to UNKNOWN
11-21 08:11:54.898 D/QCNEJ/WlanStaInfoRelay( 1907): Received action: android.net.wifi.STATE_CHANGE
11-21 08:11:54.899 D/BluetoothAdapterService( 1710): android.net.wifi.STATE_CHANGE
11-21 08:11:54.899 D/WifiConnector( 2870): Network State Changed
11-21 08:11:54.901 D/BluetoothVendorService( 1710): setWifiState to: true
11-21 08:11:54.901 I/BluetoothVendorJni( 1710): setWifiStateNative
11-21 08:11:54.901 I/bt_btif_vendor( 1710): setWifiState :1
11-21 08:11:54.926 V/WifiHAL (  544): WifiVendorCommand 0x984ec000 created vendor_id:0x1374 subcmd:83
11-21 08:11:54.927 E/WifiHAL (  544): wifi_get_packet_filter_capabilities: requestResponse() error: -3
11-21 08:11:54.927 I/WifiHAL (  544): Packet filtering is not supprted
11-21 08:11:55.025 D/WearableConnectivityManager(21108): onWifiStrengthChange: -30
11-21 08:11:55.026 V/WifiHAL (  544): WifiVendorCommand 0x986b8148 created vendor_id:0x1374 subcmd:82
11-21 08:11:55.026 D/ConnectivityService( 1186): NetReassign [no changes]
11-21 08:11:55.026 V/WifiHAL (  544): ND offload : Enable
11-21 08:11:55.027 D/QCNEJ/WlanStaInfoRelay( 1907): Received action: android.net.wifi.RSSI_CHANGED
11-21 08:11:55.057 E/QMI_FW  (  915): qmi_cci_get_ref: ref count increased 2
11-21 08:11:55.060 E/QMI_FW  (  915): qmi_cci_get_ref: ref count increased 2
11-21 08:11:55.067 E/Netd    (  462): no such netId 205
11-21 08:11:55.068 I/Nat464Xlat( 1186): Android Xlat is disabled
11-21 08:11:55.130 I/chatty  ( 1186): uid=1000 system_server expire 7 lines
11-21 08:11:55.193 E/Netd    (  462): no such netId 205
11-21 08:11:55.194 D/BluetoothAdapterService( 1710): android.net.wifi.STATE_CHANGE
11-21 08:11:55.195 D/QCNEJ/WlanStaInfoRelay( 1907): Received action: android.net.wifi.STATE_CHANGE
11-21 08:11:55.195 D/WifiConnector( 2870): Network State Changed
11-21 08:11:55.198 D/BluetoothVendorService( 1710): setWifiState to: true
11-21 08:11:55.198 I/BluetoothVendorJni( 1710): setWifiStateNative
11-21 08:11:55.198 I/bt_btif_vendor( 1710): setWifiState :1
11-21 08:11:55.068 I/Nat464Xlat( 1186): Android Xlat is disabled
11-21 08:11:55.198 E/ConnectivityService( 1186): Exception in networkAddRouteParcel for non-gateway: android.os.ServiceSpecificException: Machine is not on the network (code 64)
11-21 08:11:55.199 E/Netd    (  462): no such netId 205
11-21 08:11:55.199 E/ConnectivityService( 1186): Exception in networkAddRouteParcel for gateway: android.os.ServiceSpecificException: Machine is not on the network (code 64)
11-21 08:11:55.199 I/Nat464Xlat( 1186): Android Xlat is disabled
11-21 08:11:55.205 D/QCNEJ/WlanStaInfoRelay( 1907): Received action: android.net.wifi.STATE_CHANGE
11-21 08:11:55.207 D/BluetoothAdapterService( 1710): android.net.wifi.STATE_CHANGE
11-21 08:11:55.208 D/WifiConnector( 2870): Network State Changed
11-21 08:11:55.210 D/BluetoothVendorService( 1710): setWifiState to: true
11-21 08:11:55.210 I/BluetoothVendorJni( 1710): setWifiStateNative
11-21 08:11:55.210 I/bt_btif_vendor( 1710): setWifiState :1
11-21 08:11:55.210 D/WifiConnector( 2870): Configured Networks Changed
11-21 08:11:55.233 I/chatty  ( 1186): uid=1000(system) pool-9-thread-1 expire 3 lines
11-21 08:11:55.287 E/QMI_FW  (  915): qmi_cci_get_ref: ref count increased 2
11-21 08:11:55.288 E/QMI_FW  (  915): qmi_cci_get_ref: ref count increased 2
11-21 08:11:55.311 E/QMI_FW  ( 1042): qmi_cci_get_ref: ref count increased 2
11-21 08:11:55.312 E/QMI_FW  ( 1042): qmi_cci_get_ref: ref count increased 2
11-21 08:11:55.312 E/QMI_FW  ( 1042): qmi_cci_get_ref: ref count increased 2
11-21 08:11:55.199 I/Nat464Xlat( 1186): Android Xlat is disabled
11-21 08:11:55.351 D/ConnectivityService( 1186): Setting DNS servers for network 205 to [/192.168.1.1]
11-21 08:11:55.352 I/Nat464Xlat( 1186): Android Xlat is disabled
11-21 08:11:55.352 I/Nat464Xlat( 1186): Android Xlat is disabled
11-21 08:11:55.450 D/ConnectivityService( 1186): [205 WIFI] EVENT_NETWORK_INFO_CHANGED, going from UNKNOWN to CONNECTED
11-21 08:11:55.453 D/DnsManager( 1186): sendDnsConfigurationForNetwork(205, [192.168.1.1], [], 1800, 25, 8, 64, 0, 0, , [])
11-21 08:11:55.456 W/DnsManager( 1186): updatePrivateDns(205, PrivateDnsConfig{true:/[]})
11-21 08:11:55.456 D/ConnectivityService( 1186): Setting DNS servers for network 205 to [/192.168.1.1]
11-21 08:11:55.457 D/DnsManager( 1186): sendDnsConfigurationForNetwork(205, [192.168.1.1], [], 1800, 25, 8, 64, 0, 0, , [192.168.1.1])
11-21 08:11:55.459 D/ConnectivityService( 1186): Adding iface wlan0 to network 205
11-21 08:11:55.460 W/resolv  (  462): Validating DnsTlsServer on netId 205
11-21 08:11:55.462 W/resolv  (  462): Validation failed
11-21 08:11:55.481 D/ConnectivityService( 1186): Setting DNS servers for network 205 to [/192.168.1.1]
11-21 08:11:55.482 D/DnsManager( 1186): sendDnsConfigurationForNetwork(205, [192.168.1.1], [], 1800, 25, 8, 64, 0, 0, , [192.168.1.1])
11-21 08:11:55.484 I/Nat464Xlat( 1186): Android Xlat is disabled
11-21 08:11:55.487 W/resolv  (  462): Validating DnsTlsServer on netId 205
11-21 08:11:55.484 I/Nat464Xlat( 1186): Android Xlat is disabled
11-21 08:11:55.535 D/ConnectivityService( 1186): NetReassign [no changes]
11-21 08:11:55.542 D/QCNEJ/WlanStaInfoRelay( 1907): network available: 205
11-21 08:11:55.547 W/resolv  (  462): SSL_connect ssl error =5, mark 0xf00cd: Connection refused
11-21 08:11:55.548 W/resolv  (  462): Validation failed
11-21 08:11:55.556 D/QCNEJ/NativeHalConnector( 1907): -> SND notifyWifiAvailable(v4Connected = truev6Connected = , false, isAndroidValidated = false)
11-21 08:11:55.559 D/QCNEJ/NativeHalConnector( 1907): -> SND notifyWifiAvailable(v4Connected = truev6Connected = , false, isAndroidValidated = false)
11-21 08:11:55.595 I/chatty  ( 1186): uid=1000 system_server expire 3 lines
11-21 08:11:55.602 I/chatty  ( 1186): uid=1000 system_server expire 2 lines
11-21 08:11:55.704 I/chatty  ( 1186): uid=1000 system_server expire 1 line
11-21 08:11:55.705 D/ConnectivityService( 1186): [205 WIFI] validation passed
11-21 08:11:55.706 D/ConnectivityService( 1186): NetReassign [44 : 101  205, 11 : 101  205, 63 : 101  205, 17 : 101  205, 25 : 101  205, 2222 : 101  205, 1438 : 101  205, 1 : 101  205, 8 : 101  205, 2214 : 101  205, 12 : 101  205, 14 : 101  205, 16 : 101  205, 22 : 101  205, 1515 : 101  205]
11-21 08:11:55.712 E/NetlinkEvent(  462): NetlinkEvent::FindParam(): Parameter 'INTERFACE' not found
11-21 08:11:55.713 E/NetlinkEvent(  462): NetlinkEvent::FindParam(): Parameter 'STATE' not found
11-21 08:11:55.713 E/NetlinkEvent(  462): NetlinkEvent::FindParam(): Parameter 'TIME_NS' not found
11-21 08:11:55.713 E/NetlinkEvent(  462): NetlinkEvent::FindParam(): Parameter 'UID' not found
11-21 08:11:55.727 D/ConnectivityService( 1186): Switching to new default network: NetworkAgentInfo{ ni{[type: WIFI[], state: CONNECTED/CONNECTED, reason: (unspecified), extra: , failover: false, available: true, roaming: false]}  network{205}  nethandle{883873992717}  lp{{InterfaceName: wlan0 LinkAddresses: [ 192.168.1.41/24 ] DnsAddresses: [ /192.168.1.1 ] Domains: null MTU: 0 ServerAddress: /192.168.1.1 TcpBufferSizes: 524288,1048576,2097152,262144,524288,1048576 Routes: [ fe80::/64 -> :: wlan0 mtu 0,192.168.1.0/24 -> 0.0.0.0 wlan0 mtu 0,0.0.0.0/0 -> 192.168.1.1 wlan0 mtu 0 ]}}  nc{[ Transports: WIFI Capabilities: NOT_METERED&INTERNET&NOT_RESTRICTED&TRUSTED&NOT_VPN&VALIDATED&NOT_ROAMING&FOREGROUND&NOT_CONGESTED&NOT_SUSPENDED LinkUpBandwidth>=62000Kbps LinkDnBandwidth>=62000Kbps SignalStrength: -30 OwnerUid: 1000 SSID: "MTBF_Lab" RequestorUid: -1 RequestorPackageName: null]}  Score{60}  everValidated{true}  lastValidated{true}  created{true} lingering{false} explicitlySelected{false} acceptUnvalidated{false} everCaptivePortalDetected{false} lastCaptivePortalDetected{false} partialConnectivity{false} acceptPartialConnectivity{false} clat{mBaseIface: null, mIface: null, mState: IDLE} }
11-21 08:11:55.829 I/chatty  ( 1186): uid=1000(system) NetworkTimeUpda expire 1 line
11-21 08:11:55.831 V/LigerRadioStatsReporter( 2357): onCapabilitiesChanged: Network capabilities changed
11-21 08:11:55.832 W/SimpleTimeDetectorStrategy( 1186): Existing suggestion found to be invalid  elapsedRealtimeMillis=145403558, timeSuggestion=TelephonyTimeSuggestion{mSlotIndex='0', mUtcTime=TimestampedValue{mReferenceTimeMillis=57092, mValue=1637365770000}, mDebugInfo=[Sending new time suggestion nitzSignal=TimestampedValue{mReferenceTimeMillis=57092, mValue=NitzData{mOriginalString=21/11/19,23:49:30-32,00, mZoneOffset=-28800000, mDstOffset=0, mCurrentTimeMillis=1637365770000, mEmulatorHostTimeZone=null}}, reason=handleNitzReceived(TimestampedValue{mReferenceTimeMillis=57092, mValue=NitzData{mOriginalString=21/11/19,23:49:30-32,00, mZoneOffset=-28800000, mDstOffset=0, mCurrentTimeMillis=1637365770000, mEmulatorHostTimeZone=null}})]}
11-21 08:11:55.847 D/DeviceAuthService(24158): Network connected
11-21 08:11:55.847 D/DeviceAuthService(24158): fetchAuthTokenWrapper called
11-21 08:11:55.851 D/QCNEJ/DefaultNetworkInfoRelay( 1907): Default network available: 205
11-21 08:11:55.852 D/ConnectivityService( 1186): Lingering [101 CELLULAR] for 30000ms
11-21 08:11:55.852 D/QCNEJ/NativeHalConnector( 1907): -> SND notifyDefaultNetworkChanged(1)
11-21 08:11:55.854 D/ConnectivityService( 1186): Sending DISCONNECTED broadcast for type 0 [101 CELLULAR] isDefaultNetwork=true
11-21 08:11:55.856 D/ConnectivityService( 1186): Sending CONNECTED broadcast for type 1 [205 WIFI] isDefaultNetwork=true
11-21 08:11:55.864 I/chatty  ( 1186): uid=1000(system) android.fg expire 1 line
11-21 08:11:55.866 I/chatty  (  527): uid=1021(gps) Loc_hal_worker expire 1 line
11-21 08:11:55.875 V/LigerRadioStatsReporter( 2357): onCapabilitiesChanged: Network capabilities changed
11-21 08:11:55.875 V/LigerRadioStatsReporter( 2357): reportAndCheckpointRadioStats
11-21 08:11:55.879 V/LigerRadioStatsReporter( 2357): +++++++++++ RADIO STATS DUMP +++++++++++
11-21 08:11:55.879 V/LigerRadioStatsReporter( 2357): totalActiveRadioTimeMs=0
11-21 08:11:55.879 V/LigerRadioStatsReporter( 2357): totalTailRadioTimeMs=13994
11-21 08:11:55.879 V/LigerRadioStatsReporter( 2357): totalWakeupCount=0
11-21 08:11:55.879 V/LigerRadioStatsReporter( 2357): httpUpBytes=0
11-21 08:11:55.879 V/LigerRadioStatsReporter( 2357): httpDownBytes=0
11-21 08:11:55.879 V/LigerRadioStatsReporter( 2357): httpWakeupCount=0
11-21 08:11:55.879 V/LigerRadioStatsReporter( 2357): httpRequestCount=0
11-21 08:11:55.879 V/LigerRadioStatsReporter( 2357): httpActiveRadioTimeMs=0
11-21 08:11:55.879 V/LigerRadioStatsReporter( 2357): httpTailRadioTimeMs=13994
11-21 08:11:55.879 V/LigerRadioStatsReporter( 2357): reportAndCheckpointRadioStats: Tx=0
11-21 08:11:55.879 V/LigerRadioStatsReporter( 2357): reportAndCheckpointRadioStats: Rx=0
11-21 08:11:55.879 V/LigerRadioStatsReporter( 2357): reportAndCheckpointRadioStats: Uids=10027
11-21 08:11:55.879 V/LigerRadioStatsReporter( 2357): reportAndCheckpointRadioStats: Tags=null
11-21 08:11:55.882 I/chatty  ( 1027): uid=1021(gps) LocApiMsgTask expire 2 lines
11-21 08:11:55.886 D/QCNEJ/WlanStaInfoRelay( 1907): AndroidValidate from false to true
11-21 08:11:55.888 I/chatty  ( 1027): uid=1021(gps) LocApiMsgTask expire 1 line
11-21 08:11:55.888 E/QMI_FW  (  915): qmi_cci_get_ref: ref count increased 2
11-21 08:11:55.891 D/ConnectivityService( 1186): Setting DNS servers for network 205 to [/192.168.1.1]
11-21 08:11:55.889 E/QMI_FW  (  915): qmi_cci_get_ref: ref count increased 2
11-21 08:11:55.892 D/QCNEJ/WlanStaInfoRelay( 1907): retrieveCountryCode:Location obtained from Telephony: us
11-21 08:11:55.892 D/DnsManager( 1186): sendDnsConfigurationForNetwork(205, [192.168.1.1], [], 1800, 25, 8, 64, 0, 0, , [192.168.1.1])
11-21 08:11:55.893 W/resolv  (  462): Validating DnsTlsServer on netId 205
11-21 08:11:55.908 D/DeviceAuthService(24158): isOculusAddressResolvable returned true
11-21 08:11:55.908 D/DeviceAuthenticator(24158): Fetching new credentials asynchronously
11-21 08:11:55.910 E/QMI_FW  (  915): qmi_cci_get_ref: ref count increased 2
11-21 08:11:55.911 W/resolv  (  462): SSL_connect ssl error =5, mark 0xf00cd: Connection refused
11-21 08:11:55.911 W/resolv  (  462): Validation failed
11-21 08:11:55.911 E/QMI_FW  (  915): qmi_cci_get_ref: ref count increased 2
11-21 08:11:55.912 D/DeviceAuthenticator(24158): Calling DeviceAuth.authenticate()
11-21 08:11:55.915 E/DeviceCertService(  545): This device *might* have a provisioning issue. Please run `maui provision check` to verify.
11-21 08:11:55.915 E/DeviceCertService(  545): See https://fburl.com/wiki/a9hho0p9 for more information.
11-21 08:11:55.915 E/DeviceCertService(  545): Could not access certificate file '/mnt/vendor/persist/certificates/device_identityinsecure.crt', error 2: No such file or directory
11-21 08:11:55.915 D/WifiConnector( 2870): Configured Networks Changed
11-21 08:11:55.916 E/DeviceAuthenticator(24158): ERROR: java.lang.RuntimeException: devicecert returned error FILESYSTEM_ERROR
11-21 08:11:55.916 E/DeviceAuthenticator(24158): 
11-21 08:11:55.916 E/DeviceAuthenticator(24158): com.facebook.mos.sdk.devicecert.DeviceIdentityException: java.lang.RuntimeException: devicecert returned error FILESYSTEM_ERROR
11-21 08:11:55.916 E/DeviceAuthenticator(24158): 
11-21 08:11:55.922 E/QMI_FW  ( 1042): qmi_cci_get_ref: ref count increased 2
11-21 08:11:55.922 E/QMI_FW  ( 1042): qmi_cci_get_ref: ref count increased 2
11-21 08:11:55.950 E/QMI_FW  ( 1042): qmi_cci_get_ref: ref count increased 2
11-21 08:11:55.963 E/QMI_FW  ( 1042): qmi_cci_get_ref: ref count increased 2
11-21 08:11:55.967 E/QMI_FW  ( 1042): qmi_cci_get_ref: ref count increased 2
11-21 08:11:55.969 E/QMI_FW  ( 1042): qmi_cci_get_ref: ref count increased 2
11-21 08:11:55.970 E/QMI_FW  ( 1042): qmi_cci_get_ref: ref count increased 2
11-21 08:11:55.975 D/PhoneInterfaceManager( 1984): setModemActivityInfo
11-21 08:11:55.975 D/FbSideCarManager( 1984): setModemActivityInfo
11-21 08:11:55.975 D/FbSideCarManager( 1984): setModemActivityInfo
11-21 08:11:55.975 D/WirelessInsightServiceImpl( 1984): setModemActivityInfo
11-21 08:11:55.975 D/FbSideCarManager( 1984): setModemActivityInfoInternal success
11-21 08:11:55.975 D/PhoneInterfaceManager( 1984): setModemActivityInfo: success.
11-21 08:11:55.975 D/WirelessInsightServiceImpl( 1984): notifyListeners: listeners = 0, modemActivityInfo = ModemActivityInfo{ mTimestamp=145398897 mSleepTimeMs=63874322 mIdleTimeMs=581486 mTransmitPowerInfo[]=[TransmitPower{ mTimeInMillis=606 mPowerRangeInDbm={-2147483648,0}}, TransmitPower{ mTimeInMillis=1898703 mPowerRangeInDbm={0,5}}, TransmitPower{ mTimeInMillis=738568 mPowerRangeInDbm={5,15}}, TransmitPower{ mTimeInMillis=133250 mPowerRangeInDbm={15,20}}, TransmitPower{ mTimeInMillis=1622038 mPowerRangeInDbm={20,2147483647}}] mRxTimeMs=76514953}
11-21 08:11:55.978 E/QMI_FW  ( 1042): qmi_cci_get_ref: ref count increased 2
11-21 08:11:55.980 E/QMI_FW  ( 1042): qmi_cci_get_ref: ref count increased 2
11-21 08:11:55.981 E/QMI_FW  ( 1042): qmi_cci_get_ref: ref count increased 2
11-21 08:11:55.984 E/QMI_FW  ( 1042): qmi_cci_get_ref: ref count increased 2
11-21 08:11:55.985 I/Nat464Xlat( 1186): Android Xlat is disabled
11-21 08:11:55.985 D/QCNEJ/WlanStaInfoRelay( 1907): Received action: android.net.wifi.LINK_CONFIGURATION_CHANGED
11-21 08:11:55.985 E/QCNEJ/WlanStaInfoRelay( 1907): update link properties given null lp
11-21 08:11:55.985 E/QMI_FW  ( 1042): qmi_cci_get_ref: ref count increased 2
11-21 08:11:55.987 E/QMI_FW  ( 1042): qmi_cci_get_ref: ref count increased 2
11-21 08:11:55.996 E/QMI_FW  ( 1042): qmi_cci_get_ref: ref count increased 2
11-21 08:11:56.008 I/chatty  ( 1042): uid=1001(radio) main identical 6 lines
11-21 08:11:56.009 E/QMI_FW  ( 1042): qmi_cci_get_ref: ref count increased 2
11-21 08:11:56.012 E/QMI_FW  ( 1042): qmi_cci_get_ref: ref count increased 2
11-21 08:11:56.127 D/QCNEJ/NativeHalConnector( 1907): -> SND notifyWifiAvailable(v4Connected = truev6Connected = , false, isAndroidValidated = true)
11-21 08:11:56.965 W/HWComposer(  598): Ignoring duplicate VSYNC event from HWC for display 0 (t=145404691017187)
11-21 08:11:56.982 W/HWComposer(  598): Ignoring duplicate VSYNC event from HWC for display 0 (t=145404707891249)
11-21 08:11:58.095 D/QCNEJ/WlanStaInfoRelay( 1907): Received action: android.net.wifi.RSSI_CHANGED
11-21 08:11:58.096 D/WearableConnectivityManager(21108): onWifiStrengthChange: -34
11-21 08:11:58.104 V/LigerRadioStatsReporter( 2357): onCapabilitiesChanged: Network capabilities changed
11-21 08:11:58.104 V/LigerRadioStatsReporter( 2357): reportAndCheckpointRadioStats
11-21 08:11:58.105 V/LigerRadioStatsReporter( 2357): +++++++++++ RADIO STATS DUMP +++++++++++
11-21 08:11:58.105 V/LigerRadioStatsReporter( 2357): totalActiveRadioTimeMs=0
11-21 08:11:58.105 V/LigerRadioStatsReporter( 2357): totalTailRadioTimeMs=13994
11-21 08:11:58.105 V/LigerRadioStatsReporter( 2357): totalWakeupCount=0
11-21 08:11:58.105 V/LigerRadioStatsReporter( 2357): httpUpBytes=0
11-21 08:11:58.105 V/LigerRadioStatsReporter( 2357): httpDownBytes=0
11-21 08:11:58.105 V/LigerRadioStatsReporter( 2357): httpWakeupCount=0
11-21 08:11:58.105 V/LigerRadioStatsReporter( 2357): httpRequestCount=0
11-21 08:11:58.105 V/LigerRadioStatsReporter( 2357): httpActiveRadioTimeMs=0
11-21 08:11:58.105 V/LigerRadioStatsReporter( 2357): httpTailRadioTimeMs=13994
11-21 08:11:58.105 V/LigerRadioStatsReporter( 2357): reportAndCheckpointRadioStats: Tx=0
11-21 08:11:58.105 V/LigerRadioStatsReporter( 2357): reportAndCheckpointRadioStats: Rx=0
11-21 08:11:58.106 V/LigerRadioStatsReporter( 2357): reportAndCheckpointRadioStats: Uids=10027
11-21 08:11:58.106 V/LigerRadioStatsReporter( 2357): reportAndCheckpointRadioStats: Tags=null
11-21 08:12:00.002 D/KeyguardUpdateMonitor( 1762): received broadcast android.intent.action.TIME_TICK
11-21 08:12:00.003 D/KeyguardUpdateMonitor( 1762): handleTimeUpdate
11-21 08:12:00.086 W/HWComposer(  598): Ignoring duplicate VSYNC event from HWC for display 0 (t=145407812170779)
11-21 08:11:55.985 I/Nat464Xlat( 1186): Android Xlat is disabled
11-21 08:12:01.831 D/commandrouter( 1006): rtc_sync (1, rtc:sync): <ServiceRequest> FORWARDED (remote -> local) service client ID = 0, token ID = 47303
11-21 08:12:01.832 D/vendor.facebook.rtc_sync@1.0-service( 1145): Request req_ts=1637482321833148346 resp_ts=1637482321832269748
11-21 08:12:01.832 D/commandrouter( 1006): SocServiceHandle::onServiceMessage, SoC Service = rtc_sync, appType = 1, type = SVC_RESP, clientId = 0, token = 47303, payloadLen = 8, result = 0, payload.size() = 8
11-21 08:12:02.060 E/QMI_FW  ( 1042): qmi_cci_get_ref: ref count increased 2
11-21 08:12:02.061 E/QMI_FW  ( 1042): qmi_cci_get_ref: ref count increased 2
11-21 08:12:02.062 E/QMI_FW  ( 1042): qmi_cci_get_ref: ref count increased 2
11-21 08:12:11.779 D/mcu_health_checker( 1029): Sent MCU Health Request
11-21 08:12:11.780 D/commandrouter( 1006): SocServiceHandle::onServiceMessage, SoC Service = mcu_healthcheck_1029, appType = 1, type = SVC_REQ, clientId = 0, token = 4844, payloadLen = 12, result = 0, payload.size() = 12
11-21 08:12:11.785 D/commandrouter( 1006): mcu_healthcheck_1029 (1, merlot:mcu_health:control): <ServiceResponse> FORWARDED (remote -> local) CR token ID = 4844, service client ID = 40, token ID = 62047, result = 0
11-21 08:12:11.786 D/mcu_health_checker( 1029): MCU Health Response: MCU_OK
11-21 08:12:11.786 D/mcu_health_checker( 1029): MCU Session 0, uptime = 145372613 ms
11-21 08:12:11.786 D/mculinkhealth( 1029): isMcuReachable 1 (6 ms)
11-21 08:12:11.827 D/commandrouter( 1006): rtc_sync (1, rtc:sync): <ServiceRequest> FORWARDED (remote -> local) service client ID = 0, token ID = 47304
11-21 08:12:11.828 D/vendor.facebook.rtc_sync@1.0-service( 1145): Request req_ts=1637482331826269748 resp_ts=1637482331828146567
