11-20 07:18:02.341 D/LOWI-9.0.0.80( 1026): [LOWI-Scan] decode_rsn_wpa_ie: LOWI_ENCRYPTION_TYPE_WPA_PSK
11-20 07:18:02.341 D/LOWI-9.0.0.80( 1026): [LOWI-Scan] is_qcom_ie, bss_age: 47
11-20 07:18:02.341 D/LOWI-9.0.0.80( 1026): [LOWI-Scan] BSS 18:64:72:60:2b:40 LOWI_PHY_MODE_11NG_HT20(5), Beacon Interval: 100, LOWI_ENCRYPTION_TYPE_WPA_PSK 11mcRanging: No, ANQP: No, LCI: No, Civic: No, capability(0x0431): ESS Privacy ShortPreamble ShortSlotTime
11-20 07:18:02.341 D/LOWI-9.0.0.80( 1026): [LOWI-Scan] BSS 18:64:72:60:2b:40 FREQ: 2412, cFreq1[40:80:160] = [0:0:0] cFreq2 = 0 Country Code =    
11-20 07:18:02.341 D/LOWI-9.0.0.80( 1026): [LOWI-Scan] BSS 18:64:72:60:2b:40 (wlan0) ASSO: NO AddInfo: 0x0, TSF 0, 15:29:30.049, RSSI: -140, CPL: 127, AGE: 10,  SSID lab-t24103779, TSFDelta: 0x0, TXRate: 0
11-20 07:18:02.342 D/LOWI-9.0.0.80( 1026): [LOWI-Scan] 
11-20 07:18:02.342 D/LOWI-9.0.0.80( 1026): [LOWI-Scan] print_bss_handler: Report Probe TSF 55770049211 as it greater than Beacon TSF 55077795020
11-20 07:18:02.342 I/LOWI-9.0.0.80( 1026): [LOWI-Scan] RSN_IE
11-20 07:18:02.342 D/LOWI-9.0.0.80( 1026): [LOWI-Scan] decode_rsn_wpa_ie: Entered
11-20 07:18:02.342 D/LOWI-9.0.0.80( 1026): [LOWIUtils] hexDump: msg(30 14 01 00 00 0f ac 04 01 00 00 0f ac 04 01 00 00 0f ac 02 )
11-20 07:18:02.342 D/LOWI-9.0.0.80( 1026): [LOWI-Scan] decode_rsn_wpa_ie: LOWI_ENCRYPTION_TYPE_WPA_PSK
11-20 07:18:02.342 D/LOWI-9.0.0.80( 1026): [LOWI-Scan] is_qcom_ie, bss_age: 4
11-20 07:18:02.342 D/LOWI-9.0.0.80( 1026): [LOWI-Scan] BSS 2c:57:41:86:90:a1 LOWI_PHY_MODE_11NG_HT20(5), Beacon Interval: 100, LOWI_ENCRYPTION_TYPE_WPA_PSK 11mcRanging: No, ANQP: No, LCI: No, Civic: No, capability(0x1411): ESS Privacy ShortSlotTime
11-20 07:18:02.342 D/LOWI-9.0.0.80( 1026): [LOWI-Scan] BSS 2c:57:41:86:90:a1 FREQ: 2462, cFreq1[40:80:160] = [0:0:0] cFreq2 = 0 Country Code = US
11-20 07:18:02.342 D/LOWI-9.0.0.80( 1026): [LOWI-Scan] BSS 2c:57:41:86:90:a1 (wlan0) ASSO: NO AddInfo: 0x0, TSF 0, 15:29:30.049, RSSI: -140, CPL: 2, AGE: 10,  SSID kittyhawk, TSFDelta: 0x0, TXRate: 0
11-20 07:18:02.343 D/LOWI-9.0.0.80( 1026): [LOWI-Scan] 
11-20 07:18:02.343 D/LOWI-9.0.0.80( 1026): [LOWI-Scan] print_bss_handler: Report Probe TSF 55770049309 as it greater than Beacon TSF 55320073905
11-20 07:18:02.343 I/LOWI-9.0.0.80( 1026): [LOWI-Scan] RSN_IE
11-20 07:18:02.343 D/LOWI-9.0.0.80( 1026): [LOWI-Scan] decode_rsn_wpa_ie: Entered
11-20 07:18:02.343 D/LOWI-9.0.0.80( 1026): [LOWIUtils] hexDump: msg(30 14 01 00 00 0f ac 04 01 00 00 0f ac 04 01 00 00 0f ac 02 )
11-20 07:18:02.343 D/LOWI-9.0.0.80( 1026): [LOWI-Scan] decode_rsn_wpa_ie: LOWI_ENCRYPTION_TYPE_WPA_PSK
11-20 07:18:02.343 D/LOWI-9.0.0.80( 1026): [LOWI-Scan] is_qcom_ie, bss_age: 2997
11-20 07:18:02.343 D/LOWI-9.0.0.80( 1026): [LOWI-Scan] BSS 2c:57:41:86:85:21 LOWI_PHY_MODE_11NG_HT20(5), Beacon Interval: 100, LOWI_ENCRYPTION_TYPE_WPA_PSK 11mcRanging: No, ANQP: No, LCI: No, Civic: No, capability(0x1411): ESS Privacy ShortSlotTime
11-20 07:18:02.343 D/LOWI-9.0.0.80( 1026): [LOWI-Scan] BSS 2c:57:41:86:85:21 FREQ: 2462, cFreq1[40:80:160] = [0:0:0] cFreq2 = 0 Country Code = US
11-20 07:18:02.343 D/LOWI-9.0.0.80( 1026): [LOWI-Scan] BSS 2c:57:41:86:85:21 (wlan0) ASSO: NO AddInfo: 0x0, TSF 0, 15:29:30.049, RSSI: -154, CPL: 2, AGE: 10,  SSID kittyhawk, TSFDelta: 0x0, TXRate: 0
11-20 07:18:02.344 D/LOWI-9.0.0.80( 1026): [LOWI-Scan] 
11-20 07:18:02.344 D/LOWI-9.0.0.80( 1026): [LOWI-Scan] print_bss_handler: Report Probe TSF 55770049149 as it greater than Beacon TSF 55437123496
11-20 07:18:02.344 I/LOWI-9.0.0.80( 1026): [LOWI-Scan] RSN_IE
11-20 07:18:02.344 D/LOWI-9.0.0.80( 1026): [LOWI-Scan] decode_rsn_wpa_ie: Entered
11-20 07:18:02.344 D/LOWI-9.0.0.80( 1026): [LOWIUtils] hexDump: msg(30 14 01 00 00 0f ac 04 01 00 00 0f ac 04 01 00 00 0f ac 02 )
11-20 07:18:02.344 D/LOWI-9.0.0.80( 1026): [LOWI-Scan] decode_rsn_wpa_ie: LOWI_ENCRYPTION_TYPE_WPA_PSK
11-20 07:18:02.344 D/LOWI-9.0.0.80( 1026): [LOWI-Scan] is_qcom_ie, bss_age: 40
11-20 07:18:02.344 D/LOWI-9.0.0.80( 1026): [LOWI-Scan] BSS 52:b8:14:37:74:3f LOWI_PHY_MODE_11AC_VHT20_2G(11), Beacon Interval: 100, LOWI_ENCRYPTION_TYPE_WPA_PSK 11mcRanging: No, ANQP: No, LCI: No, Civic: No, capability(0x1431): ESS Privacy ShortPreamble ShortSlotTime
11-20 07:18:02.344 D/LOWI-9.0.0.80( 1026): [LOWI-Scan] BSS 52:b8:14:37:74:3f FREQ: 2417, cFreq1[40:80:160] = [0:0:0] cFreq2 = 0 Country Code =    
11-20 07:18:02.345 D/LOWI-9.0.0.80( 1026): [LOWI-Scan] BSS 52:b8:14:37:74:3f (wlan0) ASSO: NO AddInfo: 0x0, TSF 0, 15:29:30.049, RSSI: -114, CPL: 127, AGE: 10,  SSID Pixel_8668, TSFDelta: 0x0, TXRate: 0
11-20 07:18:02.345 D/LOWI-9.0.0.80( 1026): [LOWIDiagLog] Log: lowiMeasResult->request: invalid null argument
11-20 07:18:02.345 I/LOWI-9.0.0.80( 1026): [LOWI-Scan] lowi_close_record:Scan done in 55726115ms, 17 APs in scan results
11-20 07:18:02.345 D/LOWI-9.0.0.80( 1026): [LOWI-Scan] WipsScanUsingNL: passive scan cached 0, took 15592 ms, err 0
11-20 07:18:02.345 D/LOWI-9.0.0.80( 1026): [LOWI-Scan] lowi_proc_req_passive_scan_with_live_meas - No WLAN Frames to be parsed
11-20 07:18:02.345 D/LOWI-9.0.0.80( 1026): [LOWIScanResultReceiver] Send scan meas to listener
11-20 07:18:02.345 D/LOWI-9.0.0.80( 1026): [LOWIScanResultReceiver] Enter passive listening mode
11-20 07:18:02.345 D/LOWI-9.0.0.80( 1026): [LOWIWifiDriverInterface] getMeasurements - Passive listening mode
11-20 07:18:02.345 D/LOWI-9.0.0.80( 1026): [LOWI-Scan] WipsScanUsingNL:wait -1 sec for netlink message
11-20 07:18:02.346 D/LOWI-9.0.0.80( 1026): [LOWIEventReceiver] handleEvent:FROM:NA, TO:NA, REQ:NA, IREQ:NA, REQ_ID:0, RESP:NA, INFO:NA
11-20 07:18:02.346 D/LOWI-9.0.0.80( 1026): [LOWIBackgroundScanMgr] isRspForBgScanMgr: evt(LOWI_NO_EVT) - not handled
11-20 07:18:02.346 D/LOWI-9.0.0.80( 1026): [LOWIScheduler] manageMsg: NULL results or NULL request in results
11-20 07:18:02.346 D/LOWI-9.0.0.80( 1026): [LOWIController] Measurements received
11-20 07:18:02.346 D/LOWI-9.0.0.80( 1026): [LOWICacheManager] putInCache:Num of Meas to add: 17
11-20 07:18:02.347 D/LOWI-9.0.0.80( 1026): [LOWIController] processMeasurementResults: No current Request. Cache measurements
11-20 07:18:02.347 D/LOWI-9.0.0.80( 1026): [LOWIControllerExtn] sendLOWILpDiscoveryScanResponse: Not a discovery scan response
11-20 07:18:02.366 D/PasspointManager( 1186): ANQP entry not found for: 12:d7:96:61:85:9f:<Pixel_R5>
11-20 07:18:02.367 D/PasspointManager( 1186): ANQP entry not found for: 5e:6e:be:46:77:d7:<Pixel_R3>
11-20 07:18:02.367 D/PasspointManager( 1186): ANQP entry not found for: fe:2d:5a:49:61:eb:<Pixel_R2>
11-20 07:18:02.367 D/PasspointManager( 1186): ANQP entry not found for: c6:82:9b:4e:b3:9e:<Pixel_R6>
11-20 07:18:02.368 D/PasspointManager( 1186): ANQP entry not found for: ce:dc:12:3b:87:fd:<Pixel5_R1>
11-20 07:18:02.376 I/chatty  ( 2334): uid=10062(com.facebook.wearable.system.selfcare) DefaultDispatch expire 2 lines
11-20 07:18:02.425 D/WifiSharingService( 2870): Sending scanResults intent with status code 0: PendingIntent{438a7a9: android.os.BinderProxy@3fc662e}
11-20 07:18:02.429 D/CompatibilityInfo( 1186): mCompatibilityFlags - 4
11-20 07:18:02.429 D/CompatibilityInfo( 1186): applicationDensity - 320
11-20 07:18:02.430 D/CompatibilityInfo( 1186): applicationScale - 1.0
11-20 07:18:02.499 I/chatty  ( 2334): uid=10062(com.facebook.wearable.system.selfcare) MainTP_382 expire 1 line
11-20 07:18:02.533 I/chatty  ( 2334): uid=10062(com.facebook.wearable.system.selfcare) DefaultDispatch expire 1 line
11-20 07:18:02.533 I/chatty  ( 2334): uid=10062(com.facebook.wearable.system.selfcare) pool-3-thread-3 expire 2 lines
11-20 07:18:02.663 I/chatty  ( 2334): uid=10062(com.facebook.wearable.system.selfcare) DefaultDispatch expire 6 lines
11-20 07:18:02.663 I/chatty  ( 2334): uid=10062(com.facebook.wearable.system.selfcare) MainTP_374 expire 1 line
11-20 07:18:02.815 I/chatty  ( 2334): uid=10062(com.facebook.wearable.system.selfcare) MainTP_378 expire 1 line
11-20 07:18:02.846 I/chatty  ( 2334): uid=10062(com.facebook.wearable.system.selfcare) pool-3-thread-2 expire 1 line
11-20 07:18:02.990 I/chatty  ( 2334): uid=10062(com.facebook.wearable.system.selfcare) MainTP_382 expire 1 line
11-20 07:18:03.024 I/chatty  ( 2334): uid=10062(com.facebook.wearable.system.selfcare) pool-3-thread-2 expire 1 line
11-20 07:18:03.143 D/SettingsSDK::SyncHelper( 2334): Read setting com.facebook.wearable.sdk.selfcare:SELFCARE_SERVICE_ENABLED from persistent cache
11-20 07:18:03.144 D/FacebookRepository( 2334): Reading from Store [906581286488774]
11-20 07:18:03.173 E/SelfCareDataCloudSyncWorker( 2334): Failed to get access token
11-20 07:18:03.173 E/SelfCareDataCloudSyncWorker( 2334): kotlinx.coroutines.JobCancellationException: Job was cancelled; job=JobImpl{Cancelling}@5722dc2
11-20 07:18:03.173 I/WM-WorkerWrapper( 2334): Work [ id=57f248e9-27c9-4baa-bcea-f98e3ece0d1a, tags={ com.facebook.wearable.system.selfcare.cloudsync.SelfCareDataCloudSyncWorker } ] was cancelled
11-20 07:18:03.173 I/WM-WorkerWrapper( 2334): java.util.concurrent.CancellationException: Task was cancelled.
11-20 07:18:03.173 I/WM-WorkerWrapper( 2334): 	at androidx.work.impl.utils.futures.AbstractFuture.getDoneValue(:32)
11-20 07:18:03.173 I/WM-WorkerWrapper( 2334): 	at androidx.work.impl.utils.futures.AbstractFuture.get(:268435546)
11-20 07:18:03.173 I/WM-WorkerWrapper( 2334): 	at androidx.work.impl.WorkerWrapper$2.run(:3)
11-20 07:18:03.173 I/WM-WorkerWrapper( 2334): 	at androidx.work.impl.utils.SerialExecutor$Task.run(:2)
11-20 07:18:03.173 I/WM-WorkerWrapper( 2334): 	at java.util.concurrent.ThreadPoolExecutor.runWorker(ThreadPoolExecutor.java:1167)
11-20 07:18:03.173 I/WM-WorkerWrapper( 2334): 	at java.util.concurrent.ThreadPoolExecutor$Worker.run(ThreadPoolExecutor.java:641)
11-20 07:18:03.173 I/WM-WorkerWrapper( 2334): 	at java.lang.Thread.run(Thread.java:923)
11-20 07:18:03.301 D/SettingsSDK::SyncHelper( 2334): Read setting com.facebook.wearable.sdk.selfcare:SELFCARE_SERVICE_ENABLED from persistent cache
11-20 07:18:03.302 D/FacebookRepository( 2334): Reading from Store [906581286488774]
11-20 07:18:03.333 E/SelfCareDataCloudSyncWorker( 2334): Failed to get access token
11-20 07:18:03.333 E/SelfCareDataCloudSyncWorker( 2334): kotlinx.coroutines.JobCancellationException: Job was cancelled; job=JobImpl{Cancelling}@4728c3c
11-20 07:18:03.333 I/WM-WorkerWrapper( 2334): Work [ id=57f248e9-27c9-4baa-bcea-f98e3ece0d1a, tags={ com.facebook.wearable.system.selfcare.cloudsync.SelfCareDataCloudSyncWorker } ] was cancelled
11-20 07:18:03.333 I/WM-WorkerWrapper( 2334): java.util.concurrent.CancellationException: Task was cancelled.
11-20 07:18:03.333 I/WM-WorkerWrapper( 2334): 	at androidx.work.impl.utils.futures.AbstractFuture.getDoneValue(:32)
11-20 07:18:03.333 I/WM-WorkerWrapper( 2334): 	at androidx.work.impl.utils.futures.AbstractFuture.get(:268435546)
11-20 07:18:03.333 I/WM-WorkerWrapper( 2334): 	at androidx.work.impl.WorkerWrapper$2.run(:3)
11-20 07:18:03.333 I/WM-WorkerWrapper( 2334): 	at androidx.work.impl.utils.SerialExecutor$Task.run(:2)
11-20 07:18:03.333 I/WM-WorkerWrapper( 2334): 	at java.util.concurrent.ThreadPoolExecutor.runWorker(ThreadPoolExecutor.java:1167)
11-20 07:18:03.333 I/WM-WorkerWrapper( 2334): 	at java.util.concurrent.ThreadPoolExecutor$Worker.run(ThreadPoolExecutor.java:641)
11-20 07:18:03.333 I/WM-WorkerWrapper( 2334): 	at java.lang.Thread.run(Thread.java:923)
11-20 07:18:03.445 D/SettingsSDK::SyncHelper( 2334): Read setting com.facebook.wearable.sdk.selfcare:SELFCARE_SERVICE_ENABLED from persistent cache
11-20 07:18:03.446 D/FacebookRepository( 2334): Reading from Store [906581286488774]
11-20 07:18:03.484 E/SelfCareDataCloudSyncWorker( 2334): Failed to get access token
11-20 07:18:03.484 E/SelfCareDataCloudSyncWorker( 2334): kotlinx.coroutines.JobCancellationException: Job was cancelled; job=JobImpl{Cancelling}@ac1e6e6
11-20 07:18:03.484 I/WM-WorkerWrapper( 2334): Work [ id=57f248e9-27c9-4baa-bcea-f98e3ece0d1a, tags={ com.facebook.wearable.system.selfcare.cloudsync.SelfCareDataCloudSyncWorker } ] was cancelled
11-20 07:18:03.484 I/WM-WorkerWrapper( 2334): java.util.concurrent.CancellationException: Task was cancelled.
11-20 07:18:03.484 I/WM-WorkerWrapper( 2334): 	at androidx.work.impl.utils.futures.AbstractFuture.getDoneValue(:32)
11-20 07:18:03.484 I/WM-WorkerWrapper( 2334): 	at androidx.work.impl.utils.futures.AbstractFuture.get(:268435546)
11-20 07:18:03.484 I/WM-WorkerWrapper( 2334): 	at androidx.work.impl.WorkerWrapper$2.run(:3)
11-20 07:18:03.484 I/WM-WorkerWrapper( 2334): 	at androidx.work.impl.utils.SerialExecutor$Task.run(:2)
11-20 07:18:03.484 I/WM-WorkerWrapper( 2334): 	at java.util.concurrent.ThreadPoolExecutor.runWorker(ThreadPoolExecutor.java:1167)
11-20 07:18:03.484 I/WM-WorkerWrapper( 2334): 	at java.util.concurrent.ThreadPoolExecutor$Worker.run(ThreadPoolExecutor.java:641)
11-20 07:18:03.484 I/WM-WorkerWrapper( 2334): 	at java.lang.Thread.run(Thread.java:923)
11-20 07:18:03.612 D/SettingsSDK::SyncHelper( 2334): Read setting com.facebook.wearable.sdk.selfcare:SELFCARE_SERVICE_ENABLED from persistent cache
11-20 07:18:03.613 D/FacebookRepository( 2334): Reading from Store [906581286488774]
11-20 07:18:03.646 E/SelfCareDataCloudSyncWorker( 2334): Failed to get access token
11-20 07:18:03.646 E/SelfCareDataCloudSyncWorker( 2334): kotlinx.coroutines.JobCancellationException: Job was cancelled; job=JobImpl{Cancelling}@dd8dc40
11-20 07:18:03.646 I/WM-WorkerWrapper( 2334): Work [ id=57f248e9-27c9-4baa-bcea-f98e3ece0d1a, tags={ com.facebook.wearable.system.selfcare.cloudsync.SelfCareDataCloudSyncWorker } ] was cancelled
11-20 07:18:03.646 I/WM-WorkerWrapper( 2334): java.util.concurrent.CancellationException: Task was cancelled.
11-20 07:18:03.646 I/WM-WorkerWrapper( 2334): 	at androidx.work.impl.utils.futures.AbstractFuture.getDoneValue(:32)
11-20 07:18:03.646 I/WM-WorkerWrapper( 2334): 	at androidx.work.impl.utils.futures.AbstractFuture.get(:268435546)
11-20 07:18:03.646 I/WM-WorkerWrapper( 2334): 	at androidx.work.impl.WorkerWrapper$2.run(:3)
11-20 07:18:03.646 I/WM-WorkerWrapper( 2334): 	at androidx.work.impl.utils.SerialExecutor$Task.run(:2)
11-20 07:18:03.646 I/WM-WorkerWrapper( 2334): 	at java.util.concurrent.ThreadPoolExecutor.runWorker(ThreadPoolExecutor.java:1167)
11-20 07:18:03.646 I/WM-WorkerWrapper( 2334): 	at java.util.concurrent.ThreadPoolExecutor$Worker.run(ThreadPoolExecutor.java:641)
11-20 07:18:03.646 I/WM-WorkerWrapper( 2334): 	at java.lang.Thread.run(Thread.java:923)
11-20 07:18:03.759 D/SettingsSDK::SyncHelper( 2334): Read setting com.facebook.wearable.sdk.selfcare:SELFCARE_SERVICE_ENABLED from persistent cache
11-20 07:18:03.760 D/FacebookRepository( 2334): Reading from Store [906581286488774]
11-20 07:18:03.795 E/SelfCareDataCloudSyncWorker( 2334): Failed to get access token
11-20 07:18:03.795 E/SelfCareDataCloudSyncWorker( 2334): kotlinx.coroutines.JobCancellationException: Job was cancelled; job=JobImpl{Cancelling}@3e716ca
11-20 07:18:03.795 I/WM-WorkerWrapper( 2334): Work [ id=57f248e9-27c9-4baa-bcea-f98e3ece0d1a, tags={ com.facebook.wearable.system.selfcare.cloudsync.SelfCareDataCloudSyncWorker } ] was cancelled
11-20 07:18:03.795 I/WM-WorkerWrapper( 2334): java.util.concurrent.CancellationException: Task was cancelled.
11-20 07:18:03.795 I/WM-WorkerWrapper( 2334): 	at androidx.work.impl.utils.futures.AbstractFuture.getDoneValue(:32)
11-20 07:18:03.795 I/WM-WorkerWrapper( 2334): 	at androidx.work.impl.utils.futures.AbstractFuture.get(:268435546)
11-20 07:18:03.795 I/WM-WorkerWrapper( 2334): 	at androidx.work.impl.WorkerWrapper$2.run(:3)
11-20 07:18:03.795 I/WM-WorkerWrapper( 2334): 	at androidx.work.impl.utils.SerialExecutor$Task.run(:2)
11-20 07:18:03.795 I/WM-WorkerWrapper( 2334): 	at java.util.concurrent.ThreadPoolExecutor.runWorker(ThreadPoolExecutor.java:1167)
11-20 07:18:03.795 I/WM-WorkerWrapper( 2334): 	at java.util.concurrent.ThreadPoolExecutor$Worker.run(ThreadPoolExecutor.java:641)
11-20 07:18:03.795 I/WM-WorkerWrapper( 2334): 	at java.lang.Thread.run(Thread.java:923)
11-20 07:18:03.850 D/commandrouter( 1006): rtc_sync (1, rtc:sync): <ServiceRequest> FORWARDED (remote -> local) service client ID = 0, token ID = 38340
11-20 07:18:03.850 D/vendor.facebook.rtc_sync@1.0-service( 1145): Request req_ts=1637392683846572800 resp_ts=1637392683850245244
11-20 07:18:03.850 D/commandrouter( 1006): SocServiceHandle::onServiceMessage, SoC Service = rtc_sync, appType = 1, type = SVC_RESP, clientId = 0, token = 38340, payloadLen = 8, result = 0, payload.size() = 8
11-20 07:18:03.911 D/SettingsSDK::SyncHelper( 2334): Read setting com.facebook.wearable.sdk.selfcare:SELFCARE_SERVICE_ENABLED from persistent cache
11-20 07:18:03.912 D/FacebookRepository( 2334): Reading from Store [906581286488774]
11-20 07:18:03.944 E/SelfCareDataCloudSyncWorker( 2334): Failed to get access token
11-20 07:18:03.944 E/SelfCareDataCloudSyncWorker( 2334): kotlinx.coroutines.JobCancellationException: Job was cancelled; job=JobImpl{Cancelling}@a3aed04
11-20 07:18:03.944 I/WM-WorkerWrapper( 2334): Work [ id=57f248e9-27c9-4baa-bcea-f98e3ece0d1a, tags={ com.facebook.wearable.system.selfcare.cloudsync.SelfCareDataCloudSyncWorker } ] was cancelled
11-20 07:18:03.944 I/WM-WorkerWrapper( 2334): java.util.concurrent.CancellationException: Task was cancelled.
11-20 07:18:03.944 I/WM-WorkerWrapper( 2334): 	at androidx.work.impl.utils.futures.AbstractFuture.getDoneValue(:32)
11-20 07:18:03.944 I/WM-WorkerWrapper( 2334): 	at androidx.work.impl.utils.futures.AbstractFuture.get(:268435546)
11-20 07:18:03.944 I/WM-WorkerWrapper( 2334): 	at androidx.work.impl.WorkerWrapper$2.run(:3)
11-20 07:18:03.944 I/WM-WorkerWrapper( 2334): 	at androidx.work.impl.utils.SerialExecutor$Task.run(:2)
11-20 07:18:03.944 I/WM-WorkerWrapper( 2334): 	at java.util.concurrent.ThreadPoolExecutor.runWorker(ThreadPoolExecutor.java:1167)
11-20 07:18:03.944 I/WM-WorkerWrapper( 2334): 	at java.util.concurrent.ThreadPoolExecutor$Worker.run(ThreadPoolExecutor.java:641)
11-20 07:18:03.944 I/WM-WorkerWrapper( 2334): 	at java.lang.Thread.run(Thread.java:923)
11-20 07:18:04.071 D/SettingsSDK::SyncHelper( 2334): Read setting com.facebook.wearable.sdk.selfcare:SELFCARE_SERVICE_ENABLED from persistent cache
11-20 07:18:04.072 D/FacebookRepository( 2334): Reading from Store [906581286488774]
11-20 07:18:04.105 E/SelfCareDataCloudSyncWorker( 2334): Failed to get access token
11-20 07:18:04.105 E/SelfCareDataCloudSyncWorker( 2334): kotlinx.coroutines.JobCancellationException: Job was cancelled; job=JobImpl{Cancelling}@76c016e
11-20 07:18:04.105 I/WM-WorkerWrapper( 2334): Work [ id=57f248e9-27c9-4baa-bcea-f98e3ece0d1a, tags={ com.facebook.wearable.system.selfcare.cloudsync.SelfCareDataCloudSyncWorker } ] was cancelled
11-20 07:18:04.105 I/WM-WorkerWrapper( 2334): java.util.concurrent.CancellationException: Task was cancelled.
11-20 07:18:04.105 I/WM-WorkerWrapper( 2334): 	at androidx.work.impl.utils.futures.AbstractFuture.getDoneValue(:32)
11-20 07:18:04.105 I/WM-WorkerWrapper( 2334): 	at androidx.work.impl.utils.futures.AbstractFuture.get(:268435546)
11-20 07:18:04.105 I/WM-WorkerWrapper( 2334): 	at androidx.work.impl.WorkerWrapper$2.run(:3)
11-20 07:18:04.105 I/WM-WorkerWrapper( 2334): 	at androidx.work.impl.utils.SerialExecutor$Task.run(:2)
11-20 07:18:04.105 I/WM-WorkerWrapper( 2334): 	at java.util.concurrent.ThreadPoolExecutor.runWorker(ThreadPoolExecutor.java:1167)
11-20 07:18:04.105 I/WM-WorkerWrapper( 2334): 	at java.util.concurrent.ThreadPoolExecutor$Worker.run(ThreadPoolExecutor.java:641)
11-20 07:18:04.105 I/WM-WorkerWrapper( 2334): 	at java.lang.Thread.run(Thread.java:923)
11-20 07:18:04.243 D/SettingsSDK::SyncHelper( 2334): Read setting com.facebook.wearable.sdk.selfcare:SELFCARE_SERVICE_ENABLED from persistent cache
11-20 07:18:04.244 D/FacebookRepository( 2334): Reading from Store [906581286488774]
11-20 07:18:04.277 I/WM-WorkerWrapper( 2334): Work [ id=57f248e9-27c9-4baa-bcea-f98e3ece0d1a, tags={ com.facebook.wearable.system.selfcare.cloudsync.SelfCareDataCloudSyncWorker } ] was cancelled
11-20 07:18:04.277 I/WM-WorkerWrapper( 2334): java.util.concurrent.CancellationException: Task was cancelled.
11-20 07:18:04.277 I/WM-WorkerWrapper( 2334): 	at androidx.work.impl.utils.futures.AbstractFuture.getDoneValue(:32)
11-20 07:18:04.277 I/WM-WorkerWrapper( 2334): 	at androidx.work.impl.utils.futures.AbstractFuture.get(:268435546)
11-20 07:18:04.277 I/WM-WorkerWrapper( 2334): 	at androidx.work.impl.WorkerWrapper$2.run(:3)
11-20 07:18:04.277 I/WM-WorkerWrapper( 2334): 	at androidx.work.impl.utils.SerialExecutor$Task.run(:2)
11-20 07:18:04.277 I/WM-WorkerWrapper( 2334): 	at java.util.concurrent.ThreadPoolExecutor.runWorker(ThreadPoolExecutor.java:1167)
11-20 07:18:04.277 I/WM-WorkerWrapper( 2334): 	at java.util.concurrent.ThreadPoolExecutor$Worker.run(ThreadPoolExecutor.java:641)
11-20 07:18:04.277 I/WM-WorkerWrapper( 2334): 	at java.lang.Thread.run(Thread.java:923)
11-20 07:18:04.278 E/SelfCareDataCloudSyncWorker( 2334): Failed to get access token
11-20 07:18:04.278 E/SelfCareDataCloudSyncWorker( 2334): kotlinx.coroutines.JobCancellationException: Job was cancelled; job=JobImpl{Cancelling}@330e288
11-20 07:18:04.387 D/SettingsSDK::SyncHelper( 2334): Read setting com.facebook.wearable.sdk.selfcare:SELFCARE_SERVICE_ENABLED from persistent cache
11-20 07:18:04.388 D/FacebookRepository( 2334): Reading from Store [906581286488774]
11-20 07:18:04.419 E/SelfCareDataCloudSyncWorker( 2334): Failed to get access token
11-20 07:18:04.419 E/SelfCareDataCloudSyncWorker( 2334): kotlinx.coroutines.JobCancellationException: Job was cancelled; job=JobImpl{Cancelling}@e87aad2
11-20 07:18:04.419 I/WM-WorkerWrapper( 2334): Work [ id=57f248e9-27c9-4baa-bcea-f98e3ece0d1a, tags={ com.facebook.wearable.system.selfcare.cloudsync.SelfCareDataCloudSyncWorker } ] was cancelled
11-20 07:18:04.419 I/WM-WorkerWrapper( 2334): java.util.concurrent.CancellationException: Task was cancelled.
11-20 07:18:04.419 I/WM-WorkerWrapper( 2334): 	at androidx.work.impl.utils.futures.AbstractFuture.getDoneValue(:32)
11-20 07:18:04.419 I/WM-WorkerWrapper( 2334): 	at androidx.work.impl.utils.futures.AbstractFuture.get(:268435546)
11-20 07:18:04.419 I/WM-WorkerWrapper( 2334): 	at androidx.work.impl.WorkerWrapper$2.run(:3)
11-20 07:18:04.419 I/WM-WorkerWrapper( 2334): 	at androidx.work.impl.utils.SerialExecutor$Task.run(:2)
11-20 07:18:04.419 I/WM-WorkerWrapper( 2334): 	at java.util.concurrent.ThreadPoolExecutor.runWorker(ThreadPoolExecutor.java:1167)
11-20 07:18:04.419 I/WM-WorkerWrapper( 2334): 	at java.util.concurrent.ThreadPoolExecutor$Worker.run(ThreadPoolExecutor.java:641)
11-20 07:18:04.419 I/WM-WorkerWrapper( 2334): 	at java.lang.Thread.run(Thread.java:923)
11-20 07:18:04.515 D/SettingsSDK::SyncHelper( 2334): Read setting com.facebook.wearable.sdk.selfcare:SELFCARE_SERVICE_ENABLED from persistent cache
11-20 07:18:04.516 D/FacebookRepository( 2334): Reading from Store [906581286488774]
11-20 07:18:04.561 E/SelfCareDataCloudSyncWorker( 2334): Failed to get access token
11-20 07:18:04.561 E/SelfCareDataCloudSyncWorker( 2334): kotlinx.coroutines.JobCancellationException: Job was cancelled; job=JobImpl{Cancelling}@199a0cc
11-20 07:18:04.561 I/WM-WorkerWrapper( 2334): Work [ id=57f248e9-27c9-4baa-bcea-f98e3ece0d1a, tags={ com.facebook.wearable.system.selfcare.cloudsync.SelfCareDataCloudSyncWorker } ] was cancelled
11-20 07:18:04.561 I/WM-WorkerWrapper( 2334): java.util.concurrent.CancellationException: Task was cancelled.
11-20 07:18:04.561 I/WM-WorkerWrapper( 2334): 	at androidx.work.impl.utils.futures.AbstractFuture.getDoneValue(:32)
11-20 07:18:04.561 I/WM-WorkerWrapper( 2334): 	at androidx.work.impl.utils.futures.AbstractFuture.get(:268435546)
11-20 07:18:04.561 I/WM-WorkerWrapper( 2334): 	at androidx.work.impl.WorkerWrapper$2.run(:3)
11-20 07:18:04.561 I/WM-WorkerWrapper( 2334): 	at androidx.work.impl.utils.SerialExecutor$Task.run(:2)
11-20 07:18:04.561 I/WM-WorkerWrapper( 2334): 	at java.util.concurrent.ThreadPoolExecutor.runWorker(ThreadPoolExecutor.java:1167)
11-20 07:18:04.561 I/WM-WorkerWrapper( 2334): 	at java.util.concurrent.ThreadPoolExecutor$Worker.run(ThreadPoolExecutor.java:641)
11-20 07:18:04.561 I/WM-WorkerWrapper( 2334): 	at java.lang.Thread.run(Thread.java:923)
11-20 07:18:04.685 D/SettingsSDK::SyncHelper( 2334): Read setting com.facebook.wearable.sdk.selfcare:SELFCARE_SERVICE_ENABLED from persistent cache
11-20 07:18:04.686 D/FacebookRepository( 2334): Reading from Store [906581286488774]
11-20 07:18:04.717 E/SelfCareDataCloudSyncWorker( 2334): Failed to get access token
11-20 07:18:04.717 E/SelfCareDataCloudSyncWorker( 2334): kotlinx.coroutines.JobCancellationException: Job was cancelled; job=JobImpl{Cancelling}@981d6f6
11-20 07:18:04.717 I/WM-WorkerWrapper( 2334): Work [ id=57f248e9-27c9-4baa-bcea-f98e3ece0d1a, tags={ com.facebook.wearable.system.selfcare.cloudsync.SelfCareDataCloudSyncWorker } ] was cancelled
11-20 07:18:04.717 I/WM-WorkerWrapper( 2334): java.util.concurrent.CancellationException: Task was cancelled.
11-20 07:18:04.717 I/WM-WorkerWrapper( 2334): 	at androidx.work.impl.utils.futures.AbstractFuture.getDoneValue(:32)
11-20 07:18:04.717 I/WM-WorkerWrapper( 2334): 	at androidx.work.impl.utils.futures.AbstractFuture.get(:268435546)
11-20 07:18:04.717 I/WM-WorkerWrapper( 2334): 	at androidx.work.impl.WorkerWrapper$2.run(:3)
11-20 07:18:04.717 I/WM-WorkerWrapper( 2334): 	at androidx.work.impl.utils.SerialExecutor$Task.run(:2)
11-20 07:18:04.717 I/WM-WorkerWrapper( 2334): 	at java.util.concurrent.ThreadPoolExecutor.runWorker(ThreadPoolExecutor.java:1167)
11-20 07:18:04.717 I/WM-WorkerWrapper( 2334): 	at java.util.concurrent.ThreadPoolExecutor$Worker.run(ThreadPoolExecutor.java:641)
11-20 07:18:04.717 I/WM-WorkerWrapper( 2334): 	at java.lang.Thread.run(Thread.java:923)
11-20 07:18:04.733 D/UIAutomatorStub(19450): URI: /jsonrpc/0, Method: POST, Header: {content-length=229, remote-addr=127.0.0.1, http-client-ip=127.0.0.1, host=localhost:9012, content-type=application/json, accept-encoding=identity}, params, {NanoHttpd.QUERY_STRING=null}, files: {postData={"jsonrpc": "2.0", "method": "objInfo", "id": "5166963e8d8c2033ce2e62eda21adf82", "params": [{"mask": 2097152, "childOrSibling": [], "childOrSiblingSelector": [], "resourceId": "com.facebook.wearable.system.settings:id/toggle"}]}}
11-20 07:18:04.836 D/UIAutomatorStub(19450): URI: /jsonrpc/0, Method: POST, Header: {content-length=227, remote-addr=127.0.0.1, http-client-ip=127.0.0.1, host=localhost:9012, content-type=application/json, accept-encoding=identity}, params, {NanoHttpd.QUERY_STRING=null}, files: {postData={"jsonrpc": "2.0", "method": "click", "id": "871475381081ad918f881a7f0be2ceb3", "params": [{"mask": 2097152, "childOrSibling": [], "childOrSiblingSelector": [], "resourceId": "com.facebook.wearable.system.settings:id/toggle"}]}}
11-20 07:18:04.855 D/SettingsSDK::SyncHelper( 2334): Read setting com.facebook.wearable.sdk.selfcare:SELFCARE_SERVICE_ENABLED from persistent cache
11-20 07:18:04.856 D/FacebookRepository( 2334): Reading from Store [906581286488774]
11-20 07:18:04.885 E/SelfCareDataCloudSyncWorker( 2334): Failed to get access token
11-20 07:18:04.885 E/SelfCareDataCloudSyncWorker( 2334): kotlinx.coroutines.JobCancellationException: Job was cancelled; job=JobImpl{Cancelling}@8c5ff93
11-20 07:18:04.885 I/WM-WorkerWrapper( 2334): Work [ id=57f248e9-27c9-4baa-bcea-f98e3ece0d1a, tags={ com.facebook.wearable.system.selfcare.cloudsync.SelfCareDataCloudSyncWorker } ] was cancelled
11-20 07:18:04.885 I/WM-WorkerWrapper( 2334): java.util.concurrent.CancellationException: Task was cancelled.
11-20 07:18:04.885 I/WM-WorkerWrapper( 2334): 	at androidx.work.impl.utils.futures.AbstractFuture.getDoneValue(:32)
11-20 07:18:04.885 I/WM-WorkerWrapper( 2334): 	at androidx.work.impl.utils.futures.AbstractFuture.get(:268435546)
11-20 07:18:04.885 I/WM-WorkerWrapper( 2334): 	at androidx.work.impl.WorkerWrapper$2.run(:3)
11-20 07:18:04.885 I/WM-WorkerWrapper( 2334): 	at androidx.work.impl.utils.SerialExecutor$Task.run(:2)
11-20 07:18:04.885 I/WM-WorkerWrapper( 2334): 	at java.util.concurrent.ThreadPoolExecutor.runWorker(ThreadPoolExecutor.java:1167)
11-20 07:18:04.885 I/WM-WorkerWrapper( 2334): 	at java.util.concurrent.ThreadPoolExecutor$Worker.run(ThreadPoolExecutor.java:641)
11-20 07:18:04.885 I/WM-WorkerWrapper( 2334): 	at java.lang.Thread.run(Thread.java:923)
11-20 07:18:04.907 D/WifiSharingService( 2870): Setting Wi-Fi enabled state
11-20 07:18:04.909 I/WifiService( 1186): setWifiEnabled package=com.facebook.wearable.system.connectivity uid=1000 enable=false
11-20 07:18:04.918 W/HWComposer(  598): Ignoring duplicate VSYNC event from HWC for display 0 (t=55772644125181)
11-20 07:18:04.924 D/QCNEJ/WlanStaInfoRelay( 1907): onChange for uri = content://settings/global/wifi_on
11-20 07:18:04.935 E/QMI_FW  (  915): qmi_cci_get_ref: ref count increased 2
11-20 07:18:04.957 D/WifiActiveModeWarden( 1186): Switching all client mode managers
11-20 07:18:04.967 D/WifiP2pService( 1186): Wifi enabled=false, P2P Interface availability=true
11-20 07:18:04.968 D/BluetoothAdapterService( 1710): android.net.wifi.WIFI_STATE_CHANGED
11-20 07:18:04.974 D/WifiP2pService( 1186): Wifi enabled=false, P2P Interface availability=true
11-20 07:18:04.980 D/WifiP2pNative( 1186): Teardown P2P interface
11-20 07:18:05.024 D/WifiClientModeManager0( 1186): IMS not registered over IWLAN for subId: 1
11-20 07:18:05.024 D/WifiClientModeManager0( 1186): The target role 5
11-20 07:18:05.050 I/android_os_HwBinder( 1186): HwBinder: Starting thread pool for getting: android.hardware.wifi.supplicant@1.0::ISupplicant/default
11-20 07:18:05.081 I/wpa_supplicant(30506): p2p0: Do not deauthenticate as part of interface deinit since WoWLAN is enabled
11-20 07:18:05.087 D/SettingsSDK::SyncHelper( 2334): Read setting com.facebook.wearable.sdk.selfcare:SELFCARE_SERVICE_ENABLED from persistent cache
11-20 07:18:05.088 D/FacebookRepository( 2334): Reading from Store [906581286488774]
11-20 07:18:05.088 W/ContextImpl( 1186): Calling a method in the system process without a qualified user: android.app.ContextImpl.sendBroadcastMultiplePermissions:1143 android.content.Context.sendBroadcastWithMultiplePermissions:2150 com.android.server.display.WifiDisplayAdapter.handleSendStatusChangeBroadcast:440 com.android.server.display.WifiDisplayAdapter.access$1700:63 com.android.server.display.WifiDisplayAdapter$WifiDisplayHandler.handleMessage:675 
11-20 07:18:05.119 E/SelfCareDataCloudSyncWorker( 2334): Failed to get access token
11-20 07:18:05.119 E/SelfCareDataCloudSyncWorker( 2334): kotlinx.coroutines.JobCancellationException: Job was cancelled; job=JobImpl{Cancelling}@6d709da
11-20 07:18:05.119 I/WM-WorkerWrapper( 2334): Work [ id=57f248e9-27c9-4baa-bcea-f98e3ece0d1a, tags={ com.facebook.wearable.system.selfcare.cloudsync.SelfCareDataCloudSyncWorker } ] was cancelled
11-20 07:18:05.119 I/WM-WorkerWrapper( 2334): java.util.concurrent.CancellationException: Task was cancelled.
11-20 07:18:05.119 I/WM-WorkerWrapper( 2334): 	at androidx.work.impl.utils.futures.AbstractFuture.getDoneValue(:32)
11-20 07:18:05.119 I/WM-WorkerWrapper( 2334): 	at androidx.work.impl.utils.futures.AbstractFuture.get(:268435546)
11-20 07:18:05.119 I/WM-WorkerWrapper( 2334): 	at androidx.work.impl.WorkerWrapper$2.run(:3)
11-20 07:18:05.119 I/WM-WorkerWrapper( 2334): 	at androidx.work.impl.utils.SerialExecutor$Task.run(:2)
11-20 07:18:05.119 I/WM-WorkerWrapper( 2334): 	at java.util.concurrent.ThreadPoolExecutor.runWorker(ThreadPoolExecutor.java:1167)
11-20 07:18:05.119 I/WM-WorkerWrapper( 2334): 	at java.util.concurrent.ThreadPoolExecutor$Worker.run(ThreadPoolExecutor.java:641)
11-20 07:18:05.119 I/WM-WorkerWrapper( 2334): 	at java.lang.Thread.run(Thread.java:923)
11-20 07:18:05.161 E/wpa_supplicant(30506): eap_proxy: pthread_join on eap_proxy=0x909afa8
11-20 07:18:05.162 E/wpa_supplicant(30506): eap_proxy: session not started for client = 1
11-20 07:18:05.162 E/QMI_FW  (30506): qmi_cci_get_ref: ref count increased 2
11-20 07:18:05.162 E/QMI_FW  (30506): qmi_cci_get_ref: ref count increased 2
11-20 07:18:05.163 E/wpa_supplicant(30506): eap_proxy: Released QMI UIM service client
11-20 07:18:05.163 E/QMI_FW  (30506): qmi_cci_get_ref: ref count increased 2
11-20 07:18:05.163 E/QMI_FW  (30506): qmi_cci_get_ref: ref count increased 2
11-20 07:18:05.163 E/wpa_supplicant(30506): eap_proxy: Released QMI EAP service client
11-20 07:18:05.163 E/wpa_supplicant(30506): eap_proxy: session not started for client = 2
11-20 07:18:05.163 E/QMI_FW  (30506): qmi_cci_get_ref: ref count increased 2
11-20 07:18:05.163 E/QMI_FW  (30506): qmi_cci_get_ref: ref count increased 2
11-20 07:18:05.166 E/wpa_supplicant(30506): eap_proxy: Released QMI UIM service client
11-20 07:18:05.166 E/QMI_FW  (30506): qmi_cci_get_ref: ref count increased 2
11-20 07:18:05.166 E/QMI_FW  (30506): qmi_cci_get_ref: ref count increased 2
11-20 07:18:05.167 E/wpa_supplicant(30506): eap_proxy: Released QMI EAP service client
11-20 07:18:05.168 I/wpa_supplicant(30506): eap_proxy: eap_proxy Deinitialzed
11-20 07:18:05.238 I/wpa_supplicant(30506): nl80211: deinit ifname=p2p0 disabled_11b_rates=0
11-20 07:18:05.243 D/SettingsSDK::SyncHelper( 2334): Read setting com.facebook.wearable.sdk.selfcare:SELFCARE_SERVICE_ENABLED from persistent cache
11-20 07:18:05.244 D/FacebookRepository( 2334): Reading from Store [906581286488774]
11-20 07:18:05.272 E/SelfCareDataCloudSyncWorker( 2334): Failed to get access token
11-20 07:18:05.272 E/SelfCareDataCloudSyncWorker( 2334): kotlinx.coroutines.JobCancellationException: Job was cancelled; job=JobImpl{Cancelling}@2f8c794
11-20 07:18:05.272 I/WM-WorkerWrapper( 2334): Work [ id=57f248e9-27c9-4baa-bcea-f98e3ece0d1a, tags={ com.facebook.wearable.system.selfcare.cloudsync.SelfCareDataCloudSyncWorker } ] was cancelled
11-20 07:18:05.272 I/WM-WorkerWrapper( 2334): java.util.concurrent.CancellationException: Task was cancelled.
11-20 07:18:05.272 I/WM-WorkerWrapper( 2334): 	at androidx.work.impl.utils.futures.AbstractFuture.getDoneValue(:32)
11-20 07:18:05.272 I/WM-WorkerWrapper( 2334): 	at androidx.work.impl.utils.futures.AbstractFuture.get(:268435546)
11-20 07:18:05.272 I/WM-WorkerWrapper( 2334): 	at androidx.work.impl.WorkerWrapper$2.run(:3)
11-20 07:18:05.272 I/WM-WorkerWrapper( 2334): 	at androidx.work.impl.utils.SerialExecutor$Task.run(:2)
11-20 07:18:05.272 I/WM-WorkerWrapper( 2334): 	at java.util.concurrent.ThreadPoolExecutor.runWorker(ThreadPoolExecutor.java:1167)
11-20 07:18:05.272 I/WM-WorkerWrapper( 2334): 	at java.util.concurrent.ThreadPoolExecutor$Worker.run(ThreadPoolExecutor.java:641)
11-20 07:18:05.272 I/WM-WorkerWrapper( 2334): 	at java.lang.Thread.run(Thread.java:923)
11-20 07:18:05.285 D/LOWI-9.0.0.80( 1026): [LOWINetlinkSocketReceiver] unpackRTMLinkMessage: RTM_NEWLINK - ifname p2p0, flags 0x1003 ([UP])
11-20 07:18:05.331 D/LOWI-9.0.0.80( 1026): [LOWINetlinkSocketReceiver] unpackRTMLinkMessage: RTM_NEWLINK - ifname p2p0, flags 0x1002 ()
11-20 07:18:05.332 D/LOWI-9.0.0.80( 1026): [LOWINetlinkSocketReceiver] unpackRTMLinkMessage: RTM_NEWLINK - ifname p2p0, flags 0x1002 ()
11-20 07:18:05.339 I/wpa_supplicant(30506): Try to unregister vendor p2 interface
11-20 07:18:05.356 I/wpa_supplicant(30506): wlan0: Do not deauthenticate as part of interface deinit since WoWLAN is enabled
11-20 07:18:05.357 I/WifiP2pNative( 1186): P2P interface teardown completed
11-20 07:18:05.358 D/WifiP2pNative( 1186): P2P InterfaceDestroyedListener p2p0
11-20 07:18:05.359 D/WifiP2pNative( 1186): Ignoring stale interface destroyed listener
11-20 07:18:05.359 D/WifiP2pNative( 1186): P2P InterfaceAvailableListener true
11-20 07:18:05.359 D/WifiP2pService( 1186): Wifi enabled=false, P2P Interface availability=true
11-20 07:18:05.401 D/SettingsSDK::SyncHelper( 2334): Read setting com.facebook.wearable.sdk.selfcare:SELFCARE_SERVICE_ENABLED from persistent cache
11-20 07:18:05.401 D/FacebookRepository( 2334): Reading from Store [906581286488774]
11-20 07:18:05.404 I/wpa_supplicant(30506): Try to unregister vendor STA network
11-20 07:18:05.416 E/wpa_supplicant(30506): eap_proxy: pthread_join on eap_proxy=0x909aeac
11-20 07:18:05.416 E/wpa_supplicant(30506): eap_proxy: session not started for client = 1
11-20 07:18:05.416 E/QMI_FW  (30506): qmi_cci_get_ref: ref count increased 2
11-20 07:18:05.417 E/QMI_FW  (30506): qmi_cci_get_ref: ref count increased 2
11-20 07:18:05.418 E/wpa_supplicant(30506): eap_proxy: Released QMI UIM service client
11-20 07:18:05.418 E/QMI_FW  (30506): qmi_cci_get_ref: ref count increased 2
11-20 07:18:05.418 E/QMI_FW  (30506): qmi_cci_get_ref: ref count increased 2
11-20 07:18:05.420 E/wpa_supplicant(30506): eap_proxy: Released QMI EAP service client
11-20 07:18:05.420 E/wpa_supplicant(30506): eap_proxy: session not started for client = 2
11-20 07:18:05.420 E/QMI_FW  (30506): qmi_cci_get_ref: ref count increased 2
11-20 07:18:05.420 E/QMI_FW  (30506): qmi_cci_get_ref: ref count increased 2
11-20 07:18:05.422 E/wpa_supplicant(30506): eap_proxy: Released QMI UIM service client
11-20 07:18:05.422 E/QMI_FW  (30506): qmi_cci_get_ref: ref count increased 2
11-20 07:18:05.422 E/QMI_FW  (30506): qmi_cci_get_ref: ref count increased 2
11-20 07:18:05.424 E/wpa_supplicant(30506): eap_proxy: Released QMI EAP service client
11-20 07:18:05.424 I/wpa_supplicant(30506): eap_proxy: eap_proxy Deinitialzed
11-20 07:18:05.438 E/SelfCareDataCloudSyncWorker( 2334): Failed to get access token
11-20 07:18:05.438 E/SelfCareDataCloudSyncWorker( 2334): kotlinx.coroutines.JobCancellationException: Job was cancelled; job=JobImpl{Cancelling}@11c877e
11-20 07:18:05.439 I/WM-WorkerWrapper( 2334): Work [ id=57f248e9-27c9-4baa-bcea-f98e3ece0d1a, tags={ com.facebook.wearable.system.selfcare.cloudsync.SelfCareDataCloudSyncWorker } ] was cancelled
11-20 07:18:05.439 I/WM-WorkerWrapper( 2334): java.util.concurrent.CancellationException: Task was cancelled.
11-20 07:18:05.439 I/WM-WorkerWrapper( 2334): 	at androidx.work.impl.utils.futures.AbstractFuture.getDoneValue(:32)
11-20 07:18:05.439 I/WM-WorkerWrapper( 2334): 	at androidx.work.impl.utils.futures.AbstractFuture.get(:268435546)
11-20 07:18:05.439 I/WM-WorkerWrapper( 2334): 	at androidx.work.impl.WorkerWrapper$2.run(:3)
11-20 07:18:05.439 I/WM-WorkerWrapper( 2334): 	at androidx.work.impl.utils.SerialExecutor$Task.run(:2)
11-20 07:18:05.439 I/WM-WorkerWrapper( 2334): 	at java.util.concurrent.ThreadPoolExecutor.runWorker(ThreadPoolExecutor.java:1167)
11-20 07:18:05.439 I/WM-WorkerWrapper( 2334): 	at java.util.concurrent.ThreadPoolExecutor$Worker.run(ThreadPoolExecutor.java:641)
11-20 07:18:05.439 I/WM-WorkerWrapper( 2334): 	at java.lang.Thread.run(Thread.java:923)
11-20 07:18:05.475 I/wpa_supplicant(30506): nl80211: deinit ifname=wlan0 disabled_11b_rates=0
11-20 07:18:05.504 D/LOWI-9.0.0.80( 1026): [LOWINetlinkSocketReceiver] unpackRTMLinkMessage: RTM_NEWLINK - ifname wlan0, flags 0x11043 ([UP][RUNNING])
11-20 07:18:05.505 D/LOWI-9.0.0.80( 1026): [LOWINetlinkSocketReceiver] processNetlinkPacket: ifname(wlan0) status(2)
11-20 07:18:05.505 D/LOWI-9.0.0.80( 1026): [LOWIController] intfStateReceived: ifname(wlan0) state(2)
11-20 07:18:05.505 D/LOWI-9.0.0.80( 1026): [LOWIEventReceiver] handleEvent:FROM:NA, TO:NA, REQ:NA, IREQ:NA, REQ_ID:0, RESP:NA, INFO:INTF-STATUS-UPDATE
11-20 07:18:05.505 D/LOWI-9.0.0.80( 1026): [LOWIEventReceiver] Info to [INTF-STATUS-UPDATE]
11-20 07:18:05.505 D/LOWI-9.0.0.80( 1026): [LOWIController] updateIntfState: WIFI enabled 2 mNlWifiStatus 2 mWifiStateEnabled 1
11-20 07:18:05.505 D/LOWI-9.0.0.80( 1026): [LOWIController] isWifiEnabled: mNlWifiStatus 2 mWifiStateEnabled 1
11-20 07:18:05.507 I/wpa_supplicant(30506): Try to unregister vendor interface
11-20 07:18:05.515 I/SupplicantStaIfaceHal( 1186): Terminating supplicant using HIDL
11-20 07:18:05.519 I/android_os_HwBinder( 1186): HwBinder: Starting thread pool for getting: android.hardware.wifi.supplicant@1.0::ISupplicant/default
11-20 07:18:05.521 I/wpa_supplicant(30506): Terminating...
11-20 07:18:05.522 D/LOWI-9.0.0.80( 1026): [LOWINetlinkSocketReceiver] unpackRTMLinkMessage: RTM_NEWLINK - ifname wlan0, flags 0x1003 ([UP])
11-20 07:18:05.522 D/LOWI-9.0.0.80( 1026): [LOWINetlinkSocketReceiver] processNetlinkPacket: ifname(wlan0) status(1)
11-20 07:18:05.522 D/LOWI-9.0.0.80( 1026): [LOWIController] intfStateReceived: ifname(wlan0) state(1)
11-20 07:18:05.523 D/LOWI-9.0.0.80( 1026): [LOWIEventReceiver] handleEvent:FROM:NA, TO:NA, REQ:NA, IREQ:NA, REQ_ID:0, RESP:NA, INFO:INTF-STATUS-UPDATE
11-20 07:18:05.523 D/LOWI-9.0.0.80( 1026): [LOWIEventReceiver] Info to [INTF-STATUS-UPDATE]
11-20 07:18:05.523 D/LOWI-9.0.0.80( 1026): [LOWIController] updateIntfState: WIFI enabled 1 mNlWifiStatus 2 mWifiStateEnabled 1
11-20 07:18:05.523 D/LOWI-9.0.0.80( 1026): [LOWIController] isWifiEnabled: mNlWifiStatus 1 mWifiStateEnabled 1
11-20 07:18:05.565 D/LOWI-9.0.0.80( 1026): [LOWINetlinkSocketReceiver] unpackRTMLinkMessage: RTM_NEWLINK - ifname wlan0, flags 0x1003 ([UP])
11-20 07:18:05.566 D/LOWI-9.0.0.80( 1026): [LOWINetlinkSocketReceiver] processNetlinkPacket: ifname(wlan0) status(1)
11-20 07:18:05.566 D/LOWI-9.0.0.80( 1026): [LOWIController] intfStateReceived: ifname(wlan0) state(1)
11-20 07:18:05.566 D/LOWI-9.0.0.80( 1026): [LOWIEventReceiver] handleEvent:FROM:NA, TO:NA, REQ:NA, IREQ:NA, REQ_ID:0, RESP:NA, INFO:INTF-STATUS-UPDATE
11-20 07:18:05.566 D/LOWI-9.0.0.80( 1026): [LOWIEventReceiver] Info to [INTF-STATUS-UPDATE]
11-20 07:18:05.567 D/LOWI-9.0.0.80( 1026): [LOWIController] updateIntfState: WIFI enabled 1 mNlWifiStatus 1 mWifiStateEnabled 1
11-20 07:18:05.567 D/LOWI-9.0.0.80( 1026): [LOWIController] isWifiEnabled: mNlWifiStatus 1 mWifiStateEnabled 1
11-20 07:18:05.568 V/WifiHAL (  544): event received NL80211_CMD_DISCONNECT
11-20 07:18:05.576 W/SupplicantP2pIfaceHal( 1186): ISupplicantVendor/ISupplicantVendorP2PIface died: cookie=0
11-20 07:18:05.576 W/SupplicantP2pIfaceHal( 1186): ISupplicant/ISupplicantP2pIface died: cookie=0
11-20 07:18:05.576 W/SupplicantP2pIfaceHal( 1186): ISupplicant/ISupplicantP2pIface died: cookie=0
11-20 07:18:05.576 D/SupplicantStaIfaceHal( 1186): ISupplicant died: cookie=-739004246788472300
11-20 07:18:05.577 W/SupplicantStaIfaceHal( 1186): Timed out waiting for confirmation of supplicant death
11-20 07:18:05.577 W/SupplicantStaIfaceHal( 1186): ISupplicantVendor/ISupplicantVendorStaIface died: cookie=0
11-20 07:18:05.577 W/SupplicantP2pIfaceHal( 1186): ISupplicantVendor/ISupplicantVendorP2PIface died: cookie=0
11-20 07:18:05.577 W/SupplicantStaIfaceHal( 1186): ISupplicantVendor/ISupplicantVendorStaIface died: cookie=0
11-20 07:18:05.580 D/SettingsSDK::SyncHelper( 2334): Read setting com.facebook.wearable.sdk.selfcare:SELFCARE_SERVICE_ENABLED from persistent cache
11-20 07:18:05.581 D/FacebookRepository( 2334): Reading from Store [906581286488774]
11-20 07:18:05.582 E/SupplicantStaIfaceHal( 1186): Can't call getKeyMgmtCapabilities_1_3, ISupplicantStaIface is null
11-20 07:18:05.595 V/WifiHAL (  544): WifiVendorCommand 0xaadf1b98 created vendor_id:0x1374 subcmd:38
11-20 07:18:05.596 V/WifiHAL (  544): Got a Wi-Fi HAL module message from Driver
11-20 07:18:05.596 V/WifiHAL (  544): Supported feature set : 19d3d
11-20 07:18:05.596 V/WifiHAL (  544): Supported feature set acquired : 19d3d
11-20 07:18:05.596 V/WifiHAL (  544): WifiVendorCommand 0x98689230 created vendor_id:0x1374 subcmd:76
11-20 07:18:05.596 V/WifiHAL (  544): create: mVendor_id = 4980, Subcmd = 76.
11-20 07:18:05.613 V/WifiHAL (  544): WifiVendorCommand 0xaadf1cc8 created vendor_id:0x1374 subcmd:38
11-20 07:18:05.614 V/WifiHAL (  544): Got a Wi-Fi HAL module message from Driver
11-20 07:18:05.614 V/WifiHAL (  544): Supported feature set : 19d3d
11-20 07:18:05.614 V/WifiHAL (  544): Supported feature set acquired : 19d3d
11-20 07:18:05.614 V/WifiHAL (  544): WifiVendorCommand 0x98689230 created vendor_id:0x1374 subcmd:76
11-20 07:18:05.614 V/WifiHAL (  544): create: mVendor_id = 4980, Subcmd = 76.
11-20 07:18:05.622 E/SupplicantStaIfaceHal( 1186): Can't call getWpaDriverFeatureSet, ISupplicantStaIface is null
11-20 07:18:05.622 I/WifiNative( 1186): Successfully switched to scan mode on iface=Iface:{Name=wlan0,Id=0,Type=STA_SCAN}
11-20 07:18:05.624 D/BluetoothAdapterService( 1710): Soft AP is on band: 1
11-20 07:18:05.627 D/BluetoothVendorService( 1710): getPowerBackoff 
11-20 07:18:05.627 D/BluetoothVendorService( 1710): setPowerBackoff to: false
11-20 07:18:05.628 W/SupplicantStaIfaceHal( 1186): ISupplicant died: cookie=101
11-20 07:18:05.629 D/WifiClientModeManager0( 1186): entering ScanOnlyModeState
11-20 07:18:05.630 I/WifiScanningService( 1186): Received a request to enable scanning, UID = 1000
11-20 07:18:05.631 D/WifiP2pService( 1186): Wifi enabled=false, P2P Interface availability=true
11-20 07:18:05.632 D/WifiScanRequestProxy( 1186): Sending scan available broadcast: true
11-20 07:18:05.632 I/WifiScanningService( 1186): scanner impls already exists
11-20 07:18:05.633 I/BluetoothVendorJni( 1710): setPowerBackoffNative
11-20 07:18:05.635 E/WifiScanningService( 1186): wifi driver loaded received while already loaded
11-20 07:18:05.636 E/SelfCareDataCloudSyncWorker( 2334): Failed to get access token
11-20 07:18:05.636 E/SelfCareDataCloudSyncWorker( 2334): kotlinx.coroutines.JobCancellationException: Job was cancelled; job=JobImpl{Cancelling}@7d04ffb
11-20 07:18:05.636 I/bt_btif_vendor( 1710): setPowerBackOffState :0 
11-20 07:18:05.636 D/BluetoothAdapterService( 1710): android.net.wifi.WIFI_STATE_CHANGED
11-20 07:18:05.636 W/bt_btif ( 1710): bta_dm_power_back_off: power_back_off feature not supported
11-20 07:18:05.637 I/WM-WorkerWrapper( 2334): Work [ id=57f248e9-27c9-4baa-bcea-f98e3ece0d1a, tags={ com.facebook.wearable.system.selfcare.cloudsync.SelfCareDataCloudSyncWorker } ] was cancelled
11-20 07:18:05.637 I/WM-WorkerWrapper( 2334): java.util.concurrent.CancellationException: Task was cancelled.
11-20 07:18:05.637 I/WM-WorkerWrapper( 2334): 	at androidx.work.impl.utils.futures.AbstractFuture.getDoneValue(:32)
11-20 07:18:05.637 I/WM-WorkerWrapper( 2334): 	at androidx.work.impl.utils.futures.AbstractFuture.get(:268435546)
11-20 07:18:05.637 I/WM-WorkerWrapper( 2334): 	at androidx.work.impl.WorkerWrapper$2.run(:3)
11-20 07:18:05.637 I/WM-WorkerWrapper( 2334): 	at androidx.work.impl.utils.SerialExecutor$Task.run(:2)
11-20 07:18:05.637 I/WM-WorkerWrapper( 2334): 	at java.util.concurrent.ThreadPoolExecutor.runWorker(ThreadPoolExecutor.java:1167)
11-20 07:18:05.637 I/WM-WorkerWrapper( 2334): 	at java.util.concurrent.ThreadPoolExecutor$Worker.run(ThreadPoolExecutor.java:641)
11-20 07:18:05.637 I/WM-WorkerWrapper( 2334): 	at java.lang.Thread.run(Thread.java:923)
11-20 07:18:05.640 I/WifiScanRequestProxy( 1186): Scanning is enabled
11-20 07:18:05.640 I/WifiScanRequestProxy( 1186): Scanning for hidden networks is disabled
11-20 07:18:05.644 D/WakeupController( 1186): start()
11-20 07:18:05.655 D/WakeupController( 1186): Setting active to true
11-20 07:18:05.692 D/WakeupLock( 1186): Lock set. Number of networks: 1
11-20 07:18:05.696 D/WifiClientModeImpl( 1186): ClientModeImpl: Leaving Connected state
11-20 07:18:05.701 D/WifiCountryCode( 1186): updateCountryCode to US
11-20 07:18:05.705 E/SupplicantStaIfaceHal( 1186): Can't call setCountryCode, ISupplicantStaIface is null
11-20 07:18:05.705 D/WifiCountryCode( 1186): Failed to set country code to: US
11-20 07:18:05.753 D/SettingsSDK::SyncHelper( 2334): Read setting com.facebook.wearable.sdk.selfcare:SELFCARE_SERVICE_ENABLED from persistent cache
11-20 07:18:05.754 D/FacebookRepository( 2334): Reading from Store [906581286488774]
11-20 07:18:05.755 E/SupplicantStaIfaceHal( 1186): Can't call listNetworks, ISupplicantStaIface is null
11-20 07:18:05.755 E/SupplicantStaIfaceHal( 1186): removeAllNetworks failed, got null networks
11-20 07:18:05.755 E/WifiClientModeImpl( 1186): Failed to remove networks on exiting connect mode
11-20 07:18:05.791 E/WakeupController( 1186): Unexpected setLastDisconnectInfo when WakeupController is active!
11-20 07:18:05.799 E/SelfCareDataCloudSyncWorker( 2334): Failed to get access token
11-20 07:18:05.799 E/SelfCareDataCloudSyncWorker( 2334): kotlinx.coroutines.JobCancellationException: Job was cancelled; job=JobImpl{Cancelling}@39f34ad
11-20 07:18:05.799 I/WM-WorkerWrapper( 2334): Work [ id=57f248e9-27c9-4baa-bcea-f98e3ece0d1a, tags={ com.facebook.wearable.system.selfcare.cloudsync.SelfCareDataCloudSyncWorker } ] was cancelled
11-20 07:18:05.799 I/WM-WorkerWrapper( 2334): java.util.concurrent.CancellationException: Task was cancelled.
11-20 07:18:05.799 I/WM-WorkerWrapper( 2334): 	at androidx.work.impl.utils.futures.AbstractFuture.getDoneValue(:32)
11-20 07:18:05.799 I/WM-WorkerWrapper( 2334): 	at androidx.work.impl.utils.futures.AbstractFuture.get(:268435546)
11-20 07:18:05.799 I/WM-WorkerWrapper( 2334): 	at androidx.work.impl.WorkerWrapper$2.run(:3)
11-20 07:18:05.799 I/WM-WorkerWrapper( 2334): 	at androidx.work.impl.utils.SerialExecutor$Task.run(:2)
11-20 07:18:05.799 I/WM-WorkerWrapper( 2334): 	at java.util.concurrent.ThreadPoolExecutor.runWorker(ThreadPoolExecutor.java:1167)
11-20 07:18:05.799 I/WM-WorkerWrapper( 2334): 	at java.util.concurrent.ThreadPoolExecutor$Worker.run(ThreadPoolExecutor.java:641)
11-20 07:18:05.799 I/WM-WorkerWrapper( 2334): 	at java.lang.Thread.run(Thread.java:923)
11-20 07:18:05.807 E/WifiVendorHal( 1186): stopRssiMonitoring(l.2106) failed {.code = ERROR_NOT_AVAILABLE, .description = }
11-20 07:18:05.807 E/SupplicantStaIfaceHal( 1186): Can't call setPowerSave, ISupplicantStaIface is null
11-20 07:18:05.809 E/SupplicantStaIfaceHal( 1186): Can't call setBtCoexistenceMode, ISupplicantStaIface is null
11-20 07:18:05.812 V/WifiClientModeImpl( 1186): stopIpClient IpClientWithPreConnection: false
11-20 07:18:05.812 V/WifiClientModeImpl( 1186): java.lang.Throwable
11-20 07:18:05.812 V/WifiClientModeImpl( 1186): 	at com.android.server.wifi.ClientModeImpl.stopIpClient(ClientModeImpl.java:1127)
