11-20 07:04:18.467 D/ConnectivityService( 1194): Switching to new default network: NetworkAgentInfo{ ni{[type: MOBILE[LTE], state: CONNECTED/CONNECTED, reason: (unspecified), extra: nxtgenphone, failover: false, available: true, roaming: false]}  network{100}  nethandle{432902426637}  lp{{InterfaceName: rmnet_data2 LinkAddresses: [ 10.129.103.196/29,2600:380:c119:24f:b89a:9f3c:46c1:95af/64 ] DnsAddresses: [ /172.26.38.1,/fc00:a:a::300 ] Domains: null MTU: 1430 TcpBufferSizes: 2097152,4194304,8388608,262144,524288,1048576 Routes: [ 0.0.0.0/0 -> 10.129.103.197 rmnet_data2 mtu 1430,::/0 -> fe80::b45f:41f1:1846:969d rmnet_data2 mtu 1430,10.129.103.192/29 -> 0.0.0.0 rmnet_data2 mtu 0,2600:380:c119:24f::/64 -> :: rmnet_data2 mtu 0 ]}}  nc{[ Transports: CELLULAR Capabilities: MMS&SUPL&FOTA&INTERNET&NOT_RESTRICTED&TRUSTED&NOT_VPN&VALIDATED&NOT_ROAMING&FOREGROUND&NOT_CONGESTED&NOT_SUSPENDED LinkUpBandwidth>=15000Kbps LinkDnBandwidth>=30000Kbps Specifier: <TelephonyNetworkSpecifier [mSubId = 1]> AdministratorUids: [] RequestorUid: -1 RequestorPackageName: null]}  Score{50}  everValidated{true}  lastValidated{true}  created{true} lingering{true} explicitlySelected{false} acceptUnvalidated{false} everCaptivePortalDetected{false} lastCaptivePortalDetected{false} partialConnectivity{false} acceptPartialConnectivity{false} clat{mBaseIface: null, mIface: null, mState: IDLE} }
11-20 07:04:18.601 D/ConnectivityService( 1194): Unlingering [100 CELLULAR]
11-20 07:04:18.602 D/ConnectivityService( 1194): Sending CONNECTED broadcast for type 0 [100 CELLULAR] isDefaultNetwork=true
11-20 07:04:19.870 D/commandrouter( 1117): rtc_sync (1, rtc:sync): <ServiceRequest> FORWARDED (remote -> local) service client ID = 0, token ID = 38264
11-20 07:04:19.871 D/commandrouter( 1117): SocServiceHandle::onServiceMessage, SoC Service = rtc_sync, appType = 1, type = SVC_RESP, clientId = 0, token = 38264, payloadLen = 8, result = 0, payload.size() = 8
11-20 07:04:22.913 D/AutofillManagerService( 1194): onBackKeyPressed()
11-20 07:04:25.203 I/chatty  ( 1194): uid=1000(system) android.ui identical 3 lines
11-20 07:04:26.630 D/AutofillManagerService( 1194): onBackKeyPressed()
11-20 07:04:27.469 E/TaskPersister( 1194): File error accessing recents directory (directory doesn't exist?).
11-20 07:04:27.943 D/AutofillManagerService( 1194): onBackKeyPressed()
11-20 07:04:28.619 I/chatty  ( 1194): uid=1000(system) android.ui identical 1 line
11-20 07:04:29.631 D/AutofillManagerService( 1194): onBackKeyPressed()
11-20 07:04:29.873 D/commandrouter( 1117): rtc_sync (1, rtc:sync): <ServiceRequest> FORWARDED (remote -> local) service client ID = 0, token ID = 38265
11-20 07:04:29.874 D/commandrouter( 1117): SocServiceHandle::onServiceMessage, SoC Service = rtc_sync, appType = 1, type = SVC_RESP, clientId = 0, token = 38265, payloadLen = 8, result = 0, payload.size() = 8
11-20 07:04:30.153 W/ActivityManager( 1194): Invalid packageName: com.facebook.wearable.system.settings/com.facebook.wearable.system.settings.SettingsActivity
11-20 07:04:30.243 I/ActivityTaskManager( 1194): START u0 {flg=0x10000000 cmp=com.facebook.wearable.system.settings/.SettingsActivity} from uid 0
11-20 07:04:30.260 I/ActivityTaskManager( 1194): The Process com.facebook.wearable.system.settings Already Exists in BG. So sending its PID: 16444
11-20 07:04:30.260 W/ActivityTaskManager( 1194): Tried to set launchTime (0) < mLastActivityLaunchTime (54996557)
11-20 07:04:33.848 E/TaskPersister( 1194): File error accessing recents directory (directory doesn't exist?).
11-20 07:04:36.859 W/ContextImpl( 1194): Calling a method in the system process without a qualified user: android.app.ContextImpl.sendBroadcastMultiplePermissions:1143 android.content.Context.sendBroadcastWithMultiplePermissions:2150 com.android.server.display.WifiDisplayAdapter.handleSendStatusChangeBroadcast:440 com.android.server.display.WifiDisplayAdapter.access$1700:63 com.android.server.display.WifiDisplayAdapter$WifiDisplayHandler.handleMessage:675 
11-20 07:04:37.887 W/ContextImpl( 1194): Calling a method in the system process without a qualified user: android.app.ContextImpl.sendBroadcastMultiplePermissions:1143 android.content.Context.sendBroadcastWithMultiplePermissions:2150 com.android.server.wifi.p2p.WifiP2pServiceImpl$P2pStateMachine.sendBroadcastMultiplePermissions:3209 com.android.server.wifi.p2p.WifiP2pServiceImpl$P2pStateMachine.sendP2pConnectionChangedBroadcast:3236 com.android.server.wifi.p2p.WifiP2pServiceImpl$P2pStateMachine.access$5100:768 
11-20 07:04:37.888 W/BroadcastQueue( 1194): Permission Denial: receiving Intent { act=android.net.wifi.p2p.CONNECTION_STATE_CHANGE flg=0x24000010 (has extras) } to ProcessRecord{ba73 1900:.qtidataservices/u0a89} (pid=1900, uid=10089) requires android.permission.ACCESS_FINE_LOCATION due to sender android (uid 1000)
11-20 07:04:37.893 W/wificond(  906): Scan is not started. Ignore abort request
11-20 07:04:37.936 W/ContextImpl( 1194): Calling a method in the system process without a qualified user: android.app.ContextImpl.sendBroadcastMultiplePermissions:1143 android.content.Context.sendBroadcastWithMultiplePermissions:2150 com.android.server.wifi.p2p.WifiP2pServiceImpl$P2pStateMachine.sendBroadcastMultiplePermissions:3209 com.android.server.wifi.p2p.WifiP2pServiceImpl$P2pStateMachine.sendThisDeviceChangedBroadcast:3218 com.android.server.wifi.p2p.WifiP2pServiceImpl$P2pStateMachine.updateThisDevice:3962 
11-20 07:04:38.263 D/ConnectivityService( 1194): registerNetworkAgent NetworkAgentInfo{ ni{[type: WIFI[], state: UNKNOWN/IDLE, reason: (unspecified), extra: , failover: false, available: true, roaming: false]}  network{152}  nethandle{656240726029}  lp{{InterfaceName: wlan0 LinkAddresses: [ ] DnsAddresses: [ ] Domains: null MTU: 0 Routes: [ ]}}  nc{[ Transports: WIFI Capabilities: NOT_METERED&INTERNET&NOT_RESTRICTED&TRUSTED&NOT_VPN&NOT_ROAMING&FOREGROUND&NOT_CONGESTED&NOT_SUSPENDED LinkUpBandwidth>=72000Kbps LinkDnBandwidth>=72000Kbps OwnerUid: 1000 SSID: "MTBF_Lab" RequestorUid: -1 RequestorPackageName: null]}  Score{20}  everValidated{false}  lastValidated{false}  created{false} lingering{false} explicitlySelected{false} acceptUnvalidated{false} everCaptivePortalDetected{false} lastCaptivePortalDetected{false} partialConnectivity{false} acceptPartialConnectivity{false} clat{mBaseIface: null, mIface: null, mState: IDLE} }
11-20 07:04:38.278 D/ConnectivityService( 1194): [152 WIFI] EVENT_NETWORK_INFO_CHANGED, going from UNKNOWN to UNKNOWN
11-20 07:04:38.421 D/ConnectivityService( 1194): NetReassign [no changes]
11-20 07:04:38.440 I/Nat464Xlat( 1194): Android Xlat is disabled
11-20 07:04:38.441 I/Nat464Xlat( 1194): Android Xlat is disabled
11-20 07:04:38.550 E/ConnectivityService( 1194): Exception in networkAddRouteParcel for non-gateway: android.os.ServiceSpecificException: Machine is not on the network (code 64)
11-20 07:04:38.551 E/ConnectivityService( 1194): Exception in networkAddRouteParcel for gateway: android.os.ServiceSpecificException: Machine is not on the network (code 64)
11-20 07:04:38.551 I/Nat464Xlat( 1194): Android Xlat is disabled
11-20 07:04:38.551 I/Nat464Xlat( 1194): Android Xlat is disabled
11-20 07:04:38.682 D/ConnectivityService( 1194): Setting DNS servers for network 152 to [/192.168.1.1]
11-20 07:04:38.683 I/Nat464Xlat( 1194): Android Xlat is disabled
11-20 07:04:38.683 I/Nat464Xlat( 1194): Android Xlat is disabled
11-20 07:04:38.815 D/ConnectivityService( 1194): [152 WIFI] EVENT_NETWORK_INFO_CHANGED, going from UNKNOWN to CONNECTED
11-20 07:04:38.817 D/DnsManager( 1194): sendDnsConfigurationForNetwork(152, [192.168.1.1], [], 1800, 25, 8, 64, 0, 0, , [])
11-20 07:04:38.819 W/DnsManager( 1194): updatePrivateDns(152, PrivateDnsConfig{true:/[]})
11-20 07:04:38.819 D/ConnectivityService( 1194): Setting DNS servers for network 152 to [/192.168.1.1]
11-20 07:04:38.820 D/DnsManager( 1194): sendDnsConfigurationForNetwork(152, [192.168.1.1], [], 1800, 25, 8, 64, 0, 0, , [192.168.1.1])
11-20 07:04:38.822 D/ConnectivityService( 1194): Adding iface wlan0 to network 152
11-20 07:04:38.838 D/ConnectivityService( 1194): Setting DNS servers for network 152 to [/192.168.1.1]
11-20 07:04:38.838 D/DnsManager( 1194): sendDnsConfigurationForNetwork(152, [192.168.1.1], [], 1800, 25, 8, 64, 0, 0, , [192.168.1.1])
11-20 07:04:38.840 I/Nat464Xlat( 1194): Android Xlat is disabled
11-20 07:04:38.840 I/Nat464Xlat( 1194): Android Xlat is disabled
11-20 07:04:38.896 D/ConnectivityService( 1194): NetReassign [no changes]
11-20 07:04:39.065 D/ConnectivityService( 1194): [152 WIFI] validation passed
11-20 07:04:39.065 D/ConnectivityService( 1194): NetReassign [8 : 100 → 152, 20 : 100 → 152, 46 : 100 → 152, 45 : 100 → 152, 12 : 100 → 152, 22 : 100 → 152, 16 : 100 → 152, 14 : 100 → 152, 50 : 100 → 152, 990 : 100 → 152, 18 : 100 → 152, 993 : 100 → 152, 11 : 100 → 152, 1 : 100 → 152, 17 : 100 → 152, 995 : 100 → 152]
11-20 07:04:39.070 E/NetlinkEvent(  459): NetlinkEvent::FindParam(): Parameter 'INTERFACE' not found
11-20 07:04:39.070 E/NetlinkEvent(  459): NetlinkEvent::FindParam(): Parameter 'STATE' not found
11-20 07:04:39.070 E/NetlinkEvent(  459): NetlinkEvent::FindParam(): Parameter 'TIME_NS' not found
11-20 07:04:39.070 E/NetlinkEvent(  459): NetlinkEvent::FindParam(): Parameter 'UID' not found
11-20 07:04:39.081 D/ConnectivityService( 1194): Switching to new default network: NetworkAgentInfo{ ni{[type: WIFI[], state: CONNECTED/CONNECTED, reason: (unspecified), extra: , failover: false, available: true, roaming: false]}  network{152}  nethandle{656240726029}  lp{{InterfaceName: wlan0 LinkAddresses: [ 192.168.1.39/24 ] DnsAddresses: [ /192.168.1.1 ] Domains: null MTU: 0 ServerAddress: /192.168.1.1 TcpBufferSizes: 524288,1048576,2097152,262144,524288,1048576 Routes: [ fe80::/64 -> :: wlan0 mtu 0,192.168.1.0/24 -> 0.0.0.0 wlan0 mtu 0,0.0.0.0/0 -> 192.168.1.1 wlan0 mtu 0 ]}}  nc{[ Transports: WIFI Capabilities: NOT_METERED&INTERNET&NOT_RESTRICTED&TRUSTED&NOT_VPN&VALIDATED&NOT_ROAMING&FOREGROUND&NOT_CONGESTED&NOT_SUSPENDED LinkUpBandwidth>=67000Kbps LinkDnBandwidth>=67000Kbps SignalStrength: -28 OwnerUid: 1000 SSID: "MTBF_Lab" RequestorUid: -1 RequestorPackageName: null]}  Score{60}  everValidated{true}  lastValidated{true}  created{true} lingering{false} explicitlySelected{false} acceptUnvalidated{false} everCaptivePortalDetected{false} lastCaptivePortalDetected{false} partialConnectivity{false} acceptPartialConnectivity{false} clat{mBaseIface: null, mIface: null, mState: IDLE} }
11-20 07:04:39.209 D/ConnectivityService( 1194): Lingering [100 CELLULAR] for 30000ms
11-20 07:04:39.211 D/ConnectivityService( 1194): Sending DISCONNECTED broadcast for type 0 [100 CELLULAR] isDefaultNetwork=true
11-20 07:04:39.213 D/ConnectivityService( 1194): Sending CONNECTED broadcast for type 1 [152 WIFI] isDefaultNetwork=true
11-20 07:04:39.245 D/ConnectivityService( 1194): Setting DNS servers for network 152 to [/192.168.1.1]
11-20 07:04:39.245 D/DnsManager( 1194): sendDnsConfigurationForNetwork(152, [192.168.1.1], [], 1800, 25, 8, 64, 0, 0, , [192.168.1.1])
11-20 07:04:39.660 I/Nat464Xlat( 1194): Android Xlat is disabled
11-20 07:04:39.660 I/Nat464Xlat( 1194): Android Xlat is disabled
11-20 07:04:39.879 D/commandrouter( 1117): rtc_sync (1, rtc:sync): <ServiceRequest> FORWARDED (remote -> local) service client ID = 0, token ID = 38266
11-20 07:04:39.880 D/commandrouter( 1117): SocServiceHandle::onServiceMessage, SoC Service = rtc_sync, appType = 1, type = SVC_RESP, clientId = 0, token = 38266, payloadLen = 8, result = 0, payload.size() = 8
11-20 07:04:47.480 D/commandrouter( 1117): SocServiceHandle::onServiceMessage, SoC Service = mcu_healthcheck_1118, appType = 1, type = SVC_REQ, clientId = 0, token = 1832, payloadLen = 12, result = 0, payload.size() = 12
11-20 07:04:47.483 D/commandrouter( 1117): mcu_healthcheck_1118 (1, merlot:mcu_health:control): <ServiceResponse> FORWARDED (remote -> local) CR token ID = 1832, service client ID = 40, token ID = 33636, result = 0
11-20 07:04:47.483 D/mculinkhealth( 1118): isMcuReachable 1 (4 ms)
11-20 07:04:47.881 D/AppStorageManager( 1194): BEFORE:: Previous Size: 997109760 Current Size: 997126144
11-20 07:04:47.881 D/AppStorageManager( 1194): AFTER:: Previous Size: 997126144 Current Size: 997126144
11-20 07:04:49.886 D/commandrouter( 1117): rtc_sync (1, rtc:sync): <ServiceRequest> FORWARDED (remote -> local) service client ID = 0, token ID = 38267
11-20 07:04:49.887 D/commandrouter( 1117): SocServiceHandle::onServiceMessage, SoC Service = rtc_sync, appType = 1, type = SVC_RESP, clientId = 0, token = 38267, payloadLen = 8, result = 0, payload.size() = 8
11-20 07:04:58.268 D/AutofillManagerService( 1194): onBackKeyPressed()
11-20 07:04:58.808 I/chatty  ( 1194): uid=1000(system) android.ui identical 1 line
11-20 07:04:59.330 D/AutofillManagerService( 1194): onBackKeyPressed()
11-20 07:04:59.884 D/commandrouter( 1117): rtc_sync (1, rtc:sync): <ServiceRequest> FORWARDED (remote -> local) service client ID = 0, token ID = 38268
11-20 07:04:59.884 D/commandrouter( 1117): SocServiceHandle::onServiceMessage, SoC Service = rtc_sync, appType = 1, type = SVC_RESP, clientId = 0, token = 38268, payloadLen = 8, result = 0, payload.size() = 8
11-20 07:05:00.668 D/AutofillManagerService( 1194): onBackKeyPressed()
11-20 07:05:01.166 W/ActivityManager( 1194): Invalid packageName: com.facebook.wearable.system.settings/com.facebook.wearable.system.settings.SettingsActivity
11-20 07:05:01.289 I/ActivityTaskManager( 1194): START u0 {flg=0x10000000 cmp=com.facebook.wearable.system.settings/.SettingsActivity} from uid 0
11-20 07:05:01.309 I/ActivityTaskManager( 1194): The Process com.facebook.wearable.system.settings Already Exists in BG. So sending its PID: 16444
11-20 07:05:01.310 W/ActivityTaskManager( 1194): Tried to set launchTime (0) < mLastActivityLaunchTime (55016525)
11-20 07:05:03.898 E/TaskPersister( 1194): File error accessing recents directory (directory doesn't exist?).
11-20 07:05:08.435 D/AnalyticsLogger( 1194): sent events: 13
11-20 07:05:08.869 W/ContextImpl( 1194): Calling a method in the system process without a qualified user: android.app.ContextImpl.sendBroadcastMultiplePermissions:1143 android.content.Context.sendBroadcastWithMultiplePermissions:2150 com.android.server.display.WifiDisplayAdapter.handleSendStatusChangeBroadcast:440 com.android.server.display.WifiDisplayAdapter.access$1700:63 com.android.server.display.WifiDisplayAdapter$WifiDisplayHandler.handleMessage:675 
11-20 07:05:09.065 D/ConnectivityService( 1194): handleLingerComplete for [100 CELLULAR]
11-20 07:05:09.374 I/wificond(  906): Fail RSSI polling because wifi is not associated.
11-20 07:05:09.408 D/ConnectivityService( 1194): [152 WIFI] EVENT_NETWORK_INFO_CHANGED, going from CONNECTED to DISCONNECTED
11-20 07:05:09.408 D/ConnectivityService( 1194): [152 WIFI] disconnected, was satisfying 27
11-20 07:05:09.481 I/Nat464Xlat( 1194): Android Xlat is disabled
11-20 07:05:09.481 I/Nat464Xlat( 1194): Android Xlat is disabled
11-20 07:05:09.502 D/ConnectivityService( 1194): Sending DISCONNECTED broadcast for type 1 [152 WIFI] isDefaultNetwork=true
11-20 07:05:09.503 D/ConnectivityService( 1194): NetReassign [8 : null → 100, 20 : null → 100, 46 : null → 100, 45 : null → 100, 12 : null → 100, 22 : null → 100, 16 : null → 100, 14 : null → 100, 50 : null → 100, 990 : null → 100, 18 : null → 100, 993 : null → 100, 11 : null → 100, 1 : null → 100, 17 : null → 100, 995 : null → 100]
11-20 07:05:09.514 E/NetlinkEvent(  459): NetlinkEvent::FindParam(): Parameter 'INTERFACE' not found
11-20 07:05:09.514 E/NetlinkEvent(  459): NetlinkEvent::FindParam(): Parameter 'STATE' not found
11-20 07:05:09.514 E/NetlinkEvent(  459): NetlinkEvent::FindParam(): Parameter 'TIME_NS' not found
11-20 07:05:09.514 E/NetlinkEvent(  459): NetlinkEvent::FindParam(): Parameter 'UID' not found
11-20 07:05:09.528 D/ConnectivityService( 1194): Switching to new default network: NetworkAgentInfo{ ni{[type: MOBILE[LTE], state: CONNECTED/CONNECTED, reason: (unspecified), extra: nxtgenphone, failover: false, available: true, roaming: false]}  network{100}  nethandle{432902426637}  lp{{InterfaceName: rmnet_data2 LinkAddresses: [ 10.129.103.196/29,2600:380:c119:24f:b89a:9f3c:46c1:95af/64 ] DnsAddresses: [ /172.26.38.1,/fc00:a:a::300 ] Domains: null MTU: 1430 TcpBufferSizes: 2097152,4194304,8388608,262144,524288,1048576 Routes: [ 0.0.0.0/0 -> 10.129.103.197 rmnet_data2 mtu 1430,::/0 -> fe80::b45f:41f1:1846:969d rmnet_data2 mtu 1430,10.129.103.192/29 -> 0.0.0.0 rmnet_data2 mtu 0,2600:380:c119:24f::/64 -> :: rmnet_data2 mtu 0 ]}}  nc{[ Transports: CELLULAR Capabilities: MMS&SUPL&FOTA&INTERNET&NOT_RESTRICTED&TRUSTED&NOT_VPN&VALIDATED&NOT_ROAMING&NOT_CONGESTED&NOT_SUSPENDED LinkUpBandwidth>=15000Kbps LinkDnBandwidth>=30000Kbps Specifier: <TelephonyNetworkSpecifier [mSubId = 1]> AdministratorUids: [] RequestorUid: -1 RequestorPackageName: null]}  Score{50}  everValidated{true}  lastValidated{true}  created{true} lingering{false} explicitlySelected{false} acceptUnvalidated{false} everCaptivePortalDetected{false} lastCaptivePortalDetected{false} partialConnectivity{false} acceptPartialConnectivity{false} clat{mBaseIface: null, mIface: null, mState: IDLE} }
11-20 07:05:09.724 D/ConnectivityService( 1194): Sending CONNECTED broadcast for type 0 [100 CELLULAR] isDefaultNetwork=true
11-20 07:05:09.881 D/commandrouter( 1117): rtc_sync (1, rtc:sync): <ServiceRequest> FORWARDED (remote -> local) service client ID = 0, token ID = 38269
11-20 07:05:09.882 D/commandrouter( 1117): SocServiceHandle::onServiceMessage, SoC Service = rtc_sync, appType = 1, type = SVC_RESP, clientId = 0, token = 38269, payloadLen = 8, result = 0, payload.size() = 8
11-20 07:05:10.575 D/commandrouter( 1117): SocServiceHandle::onServiceMessage, SoC Service = mcu_healthcheck_946, appType = 1, type = SVC_REQ, clientId = 0, token = 916, payloadLen = 20, result = 0, payload.size() = 20
11-20 07:05:10.579 D/commandrouter( 1117): mcu_healthcheck_946 (1, merlot:mcu_health:control): <ServiceResponse> FORWARDED (remote -> local) CR token ID = 916, service client ID = 6, token ID = 33637, result = 0
11-20 07:05:13.851 D/AutofillManagerService( 1194): onBackKeyPressed()
11-20 07:05:14.908 I/chatty  ( 1194): uid=1000(system) android.ui identical 2 lines
11-20 07:05:16.634 D/AutofillManagerService( 1194): onBackKeyPressed()
11-20 07:05:17.485 D/commandrouter( 1117): SocServiceHandle::onServiceMessage, SoC Service = mcu_healthcheck_1118, appType = 1, type = SVC_REQ, clientId = 0, token = 1833, payloadLen = 12, result = 0, payload.size() = 12
11-20 07:05:17.490 D/commandrouter( 1117): mcu_healthcheck_1118 (1, merlot:mcu_health:control): <ServiceResponse> FORWARDED (remote -> local) CR token ID = 1833, service client ID = 40, token ID = 33638, result = 0
11-20 07:05:17.490 D/mculinkhealth( 1118): isMcuReachable 1 (5 ms)
11-20 07:05:17.629 D/AutofillManagerService( 1194): onBackKeyPressed()
11-20 07:05:18.433 E/TaskPersister( 1194): File error accessing recents directory (directory doesn't exist?).
11-20 07:05:18.626 D/AutofillManagerService( 1194): onBackKeyPressed()
11-20 07:05:19.622 D/AutofillManagerService( 1194): onBackKeyPressed()
11-20 07:05:19.877 D/commandrouter( 1117): rtc_sync (1, rtc:sync): <ServiceRequest> FORWARDED (remote -> local) service client ID = 0, token ID = 38270
11-20 07:05:19.877 D/commandrouter( 1117): SocServiceHandle::onServiceMessage, SoC Service = rtc_sync, appType = 1, type = SVC_RESP, clientId = 0, token = 38270, payloadLen = 8, result = 0, payload.size() = 8
11-20 07:05:20.618 D/AutofillManagerService( 1194): onBackKeyPressed()
11-20 07:05:21.147 W/ActivityManager( 1194): Invalid packageName: com.facebook.wearable.system.settings/com.facebook.wearable.system.settings.SettingsActivity
11-20 07:05:21.270 I/ActivityTaskManager( 1194): START u0 {flg=0x10000000 cmp=com.facebook.wearable.system.settings/.SettingsActivity} from uid 0
11-20 07:05:21.286 I/ActivityTaskManager( 1194): The Process com.facebook.wearable.system.settings Already Exists in BG. So sending its PID: 16444
11-20 07:05:21.286 W/ActivityTaskManager( 1194): Tried to set launchTime (0) < mLastActivityLaunchTime (55047575)
11-20 07:05:25.423 E/TaskPersister( 1194): File error accessing recents directory (directory doesn't exist?).
11-20 07:05:28.075 W/ContextImpl( 1194): Calling a method in the system process without a qualified user: android.app.ContextImpl.sendBroadcastMultiplePermissions:1143 android.content.Context.sendBroadcastWithMultiplePermissions:2150 com.android.server.display.WifiDisplayAdapter.handleSendStatusChangeBroadcast:440 com.android.server.display.WifiDisplayAdapter.access$1700:63 com.android.server.display.WifiDisplayAdapter$WifiDisplayHandler.handleMessage:675 
11-20 07:05:29.149 W/ContextImpl( 1194): Calling a method in the system process without a qualified user: android.app.ContextImpl.sendBroadcastMultiplePermissions:1143 android.content.Context.sendBroadcastWithMultiplePermissions:2150 com.android.server.wifi.p2p.WifiP2pServiceImpl$P2pStateMachine.sendBroadcastMultiplePermissions:3209 com.android.server.wifi.p2p.WifiP2pServiceImpl$P2pStateMachine.sendP2pConnectionChangedBroadcast:3236 com.android.server.wifi.p2p.WifiP2pServiceImpl$P2pStateMachine.access$5100:768 
11-20 07:05:29.151 W/BroadcastQueue( 1194): Permission Denial: receiving Intent { act=android.net.wifi.p2p.CONNECTION_STATE_CHANGE flg=0x24000010 (has extras) } to ProcessRecord{ba73 1900:.qtidataservices/u0a89} (pid=1900, uid=10089) requires android.permission.ACCESS_FINE_LOCATION due to sender android (uid 1000)
11-20 07:05:29.161 W/wificond(  906): Scan is not started. Ignore abort request
11-20 07:05:29.268 W/ContextImpl( 1194): Calling a method in the system process without a qualified user: android.app.ContextImpl.sendBroadcastMultiplePermissions:1143 android.content.Context.sendBroadcastWithMultiplePermissions:2150 com.android.server.wifi.p2p.WifiP2pServiceImpl$P2pStateMachine.sendBroadcastMultiplePermissions:3209 com.android.server.wifi.p2p.WifiP2pServiceImpl$P2pStateMachine.sendThisDeviceChangedBroadcast:3218 com.android.server.wifi.p2p.WifiP2pServiceImpl$P2pStateMachine.updateThisDevice:3962 
--------- beginning of main
11-20 07:05:29.298 E/SupplicantStaNetworkHal( 1194): Invalid VendorKeyMgmtMask bit in keyMgmt: 11
11-20 07:05:29.298 E/SupplicantStaNetworkHal( 1194): Vendor Key Management 0
11-20 07:05:29.298 I/wpa_supplicant(30047): Vendor key_mgmt: 0x142
11-20 07:05:29.301 E/SupplicantStaNetworkHal( 1194): Invalid protoMask bit in wificonfig: 0
11-20 07:05:29.301 E/SupplicantStaNetworkHal( 1194): Invalid protoMask bit in wificonfig: 1
11-20 07:05:29.301 I/wpa_supplicant(30047): Vendor Proto: 0x3
11-20 07:05:29.320 E/wpa_supplicant(30047): eap_proxy: eap_proxy_notify_config
11-20 07:05:29.328 I/wpa_supplicant(30047): wlan0: Trying to associate with SSID 'MTBF_Lab'
11-20 07:05:29.337 E/wpa_supplicant(30047): eap_proxy: eap_proxy_notify_config
11-20 07:05:29.337 E/wpa_supplicant(30047): eap_proxy: eap_proxy_allowed_method
11-20 07:05:29.339 D/QCNEJ/WlanStaInfoRelay( 1900): Received action: android.net.wifi.STATE_CHANGE
11-20 07:05:29.339 D/WifiConnector( 2841): Network State Changed
11-20 07:05:29.347 E/QMI_FW  (  927): qmi_cci_get_ref: ref count increased 2
11-20 07:05:29.350 E/QMI_FW  (  927): qmi_cci_get_ref: ref count increased 2
11-20 07:05:29.381 I/Choreographer(16444): Skipped 30 frames!  The application may be doing too much work on its main thread.
11-20 07:05:29.579 I/wpa_supplicant(30047): wlan0: Associated with 6c:cd:d6:25:63:2a
11-20 07:05:29.581 V/WifiHAL (  539): event received NL80211_CMD_CONNECT
11-20 07:05:29.584 I/wpa_supplicant(30047): wlan0: CTRL-EVENT-SUBNET-STATUS-UPDATE status=0
11-20 07:05:29.586 I/wpa_supplicant(30047): wlan0: WPA: RX message 1 of 4-Way Handshake from 6c:cd:d6:25:63:2a (ver=2)
11-20 07:05:29.587 I/wpa_supplicant(30047): wlan0: WPA: Sending EAPOL-Key 2/4
11-20 07:05:29.592 I/wpa_supplicant(30047): getWifiGenerationStatusInternal: generation = 4, twtSupport = false, vhtMax8SpatialStreamsSupport = false
11-20 07:05:29.594 I/wpa_supplicant(30047): wlan0: WPA: RX message 3 of 4-Way Handshake from 6c:cd:d6:25:63:2a (ver=2)
11-20 07:05:29.594 I/wpa_supplicant(30047): wlan0: WPA: Sending EAPOL-Key 4/4
11-20 07:05:29.600 I/wpa_supplicant(30047): wlan0: WPA: Key negotiation completed with 6c:cd:d6:25:63:2a [PTK=CCMP GTK=CCMP]
11-20 07:05:29.600 I/wpa_supplicant(30047): wlan0: CTRL-EVENT-CONNECTED - Connection to 6c:cd:d6:25:63:2a completed [id=0 id_str=%7B%22configKey%22%3A%22%5C%22MTBF_Lab%5C%22WPA_PSK%22%2C%22creatorUid%22%3A%221000%22%7D]
11-20 07:05:29.601 I/chatty  ( 1024): uid=1021(gps) lowi-server expire 2 lines
11-20 07:05:29.601 I/chatty  ( 1024): uid=1021(gps) lowi-server expire 11 lines
11-20 07:05:29.623 D/QCNEJ/WlanStaInfoRelay( 1900): Received action: android.net.wifi.STATE_CHANGE
11-20 07:05:29.623 D/WifiConnector( 2841): Network State Changed
11-20 07:05:29.631 D/ConnectivityService( 1194): registerNetworkAgent NetworkAgentInfo{ ni{[type: WIFI[], state: UNKNOWN/IDLE, reason: (unspecified), extra: , failover: false, available: true, roaming: false]}  network{153}  nethandle{660535693325}  lp{{InterfaceName: wlan0 LinkAddresses: [ ] DnsAddresses: [ ] Domains: null MTU: 0 Routes: [ ]}}  nc{[ Transports: WIFI Capabilities: NOT_METERED&INTERNET&NOT_RESTRICTED&TRUSTED&NOT_VPN&NOT_ROAMING&FOREGROUND&NOT_CONGESTED&NOT_SUSPENDED LinkUpBandwidth>=72000Kbps LinkDnBandwidth>=72000Kbps OwnerUid: 1000 SSID: "MTBF_Lab" RequestorUid: -1 RequestorPackageName: null]}  Score{20}  everValidated{false}  lastValidated{false}  created{false} lingering{false} explicitlySelected{false} acceptUnvalidated{false} everCaptivePortalDetected{false} lastCaptivePortalDetected{false} partialConnectivity{false} acceptPartialConnectivity{false} clat{mBaseIface: null, mIface: null, mState: IDLE} }
11-20 07:05:29.632 D/QCNEJ/WlanStaInfoRelay( 1900): Received action: android.net.wifi.STATE_CHANGE
11-20 07:05:29.633 D/WifiConnector( 2841): Network State Changed
11-20 07:05:29.646 D/ConnectivityService( 1194): [153 WIFI] EVENT_NETWORK_INFO_CHANGED, going from UNKNOWN to UNKNOWN
11-20 07:05:29.652 D/QCNEJ/WlanStaInfoRelay( 1900): Received action: android.net.wifi.STATE_CHANGE
11-20 07:05:29.652 D/WifiConnector( 2841): Network State Changed
11-20 07:05:29.680 V/WifiClientModeImpl( 1194): stopIpClient IpClientWithPreConnection: false
11-20 07:05:29.680 V/WifiClientModeImpl( 1194): java.lang.Throwable
11-20 07:05:29.680 V/WifiClientModeImpl( 1194): 	at com.android.server.wifi.ClientModeImpl.stopIpClient(ClientModeImpl.java:1127)
11-20 07:05:29.680 V/WifiClientModeImpl( 1194): 	at com.android.server.wifi.ClientModeImpl.stopDhcpSetup(ClientModeImpl.java:1153)
11-20 07:05:29.680 V/WifiClientModeImpl( 1194): 	at com.android.server.wifi.ClientModeImpl.startIpClient(ClientModeImpl.java:7079)
11-20 07:05:29.680 V/WifiClientModeImpl( 1194): 	at com.android.server.wifi.ClientModeImpl.access$7100(ClientModeImpl.java:176)
11-20 07:05:29.680 V/WifiClientModeImpl( 1194): 	at com.android.server.wifi.ClientModeImpl$ObtainingIpState.enter(ClientModeImpl.java:5462)
11-20 07:05:29.680 V/WifiClientModeImpl( 1194): 	at com.android.wifi.x.com.android.internal.util.StateMachine$SmHandler.invokeEnterMethods(StateMachine.java:1037)
11-20 07:05:29.680 V/WifiClientModeImpl( 1194): 	at com.android.wifi.x.com.android.internal.util.StateMachine$SmHandler.performTransitions(StateMachine.java:879)
11-20 07:05:29.680 V/WifiClientModeImpl( 1194): 	at com.android.wifi.x.com.android.internal.util.StateMachine$SmHandler.handleMessage(StateMachine.java:819)
11-20 07:05:29.680 V/WifiClientModeImpl( 1194): 	at android.os.Handler.dispatchMessage(Handler.java:106)
11-20 07:05:29.680 V/WifiClientModeImpl( 1194): 	at android.os.Looper.loop(Looper.java:223)
11-20 07:05:29.680 V/WifiClientModeImpl( 1194): 	at android.os.HandlerThread.run(HandlerThread.java:67)
11-20 07:05:29.682 V/WifiHAL (  539): WifiVendorCommand 0xa063a000 created vendor_id:0x1374 subcmd:83
11-20 07:05:29.683 E/WifiHAL (  539): wifi_get_packet_filter_capabilities: requestResponse() error: -3
11-20 07:05:29.683 I/WifiHAL (  539): Packet filtering is not supprted
11-20 07:05:29.808 D/QCNEJ/WlanStaInfoRelay( 1900): Received action: android.net.wifi.RSSI_CHANGED
11-20 07:05:29.808 D/WearableConnectivityManager( 2581): onWifiStrengthChange: -29
11-20 07:05:29.811 V/WifiHAL (  539): WifiVendorCommand 0xa07c1180 created vendor_id:0x1374 subcmd:82
11-20 07:05:29.812 D/ConnectivityService( 1194): NetReassign [no changes]
11-20 07:05:29.812 V/WifiHAL (  539): ND offload : Enable
11-20 07:05:29.823 E/WifiVendorHal( 1194): configureNeighborDiscoveryOffload(l.2193) failed {.code = ERROR_NOT_SUPPORTED, .description = }
11-20 07:05:29.842 E/QMI_FW  (  927): qmi_cci_get_ref: ref count increased 2
11-20 07:05:29.845 E/Netd    (  459): no such netId 153
11-20 07:05:29.846 E/QMI_FW  (  927): qmi_cci_get_ref: ref count increased 2
11-20 07:05:29.847 I/Nat464Xlat( 1194): Android Xlat is disabled
11-20 07:05:29.847 I/Nat464Xlat( 1194): Android Xlat is disabled
11-20 07:05:29.867 D/commandrouter( 1117): rtc_sync (1, rtc:sync): <ServiceRequest> FORWARDED (remote -> local) service client ID = 0, token ID = 38271
11-20 07:05:29.868 D/vendor.facebook.rtc_sync@1.0-service( 1129): Request req_ts=1637391929869332388 resp_ts=1637391929867967697
11-20 07:05:29.868 D/commandrouter( 1117): SocServiceHandle::onServiceMessage, SoC Service = rtc_sync, appType = 1, type = SVC_RESP, clientId = 0, token = 38271, payloadLen = 8, result = 0, payload.size() = 8
11-20 07:05:29.902 D/DhcpClient( 1194): l2key: We4936d4057368143 lease address: /192.168.1.39 lease expiry: 1637507078519 current time: 1637420729902
11-20 07:05:29.903 D/DhcpClient( 1194): Broadcasting DHCPREQUEST ciaddr=0.0.0.0 request=192.168.1.39 serverid=null
11-20 07:05:29.929 D/DhcpClient( 1194): Received packet: 0a:d6:4a:32:b1:ee ACK: your new IP /192.168.1.39, netmask /255.255.255.0, gateways [/192.168.1.1] DNS servers: /192.168.1.1 , lease time 86400
11-20 07:05:29.930 D/DhcpClient( 1194): Confirmed lease: android.net.networkstack.DhcpResults@8fd4f4c DHCP server /192.168.1.1 Vendor info null lease 86400 seconds Servername 
11-20 07:05:29.960 D/QCNEJ/WlanStaInfoRelay( 1900): Received action: android.net.wifi.STATE_CHANGE
11-20 07:05:29.961 D/WifiConnector( 2841): Network State Changed
11-20 07:05:29.964 E/Netd    (  459): no such netId 153
11-20 07:05:29.965 E/ConnectivityService( 1194): Exception in networkAddRouteParcel for non-gateway: android.os.ServiceSpecificException: Machine is not on the network (code 64)
11-20 07:05:29.966 E/ConnectivityService( 1194): Exception in networkAddRouteParcel for gateway: android.os.ServiceSpecificException: Machine is not on the network (code 64)
11-20 07:05:29.966 I/Nat464Xlat( 1194): Android Xlat is disabled
11-20 07:05:29.965 E/Netd    (  459): no such netId 153
11-20 07:05:29.969 D/DhcpClient( 1194): Scheduling renewal in 43199s
11-20 07:05:29.969 D/DhcpClient( 1194): Scheduling rebind in 75599s
11-20 07:05:29.969 D/DhcpClient( 1194): Scheduling expiry in 86399s
11-20 07:05:29.975 D/QCNEJ/WlanStaInfoRelay( 1900): Received action: android.net.wifi.STATE_CHANGE
11-20 07:05:29.975 D/WifiConnector( 2841): Network State Changed
11-20 07:05:29.979 D/WifiConnector( 2841): Configured Networks Changed
11-20 07:05:29.982 W/WifiScoreReport( 1194): Cannot start external scoring netId=153 currentNetId=153 sessionId=1539
11-20 07:05:30.003 D/WifiMemoryStoreImpl( 1194): Set cluster Gded792457511e862 for We4936d4057368143: SUCCESS
11-20 07:05:30.011 E/QMI_FW  (  927): qmi_cci_get_ref: ref count increased 2
11-20 07:05:30.012 E/QMI_FW  (  927): qmi_cci_get_ref: ref count increased 2
11-20 07:05:30.053 E/QMI_FW  ( 1113): qmi_cci_get_ref: ref count increased 2
11-20 07:05:30.054 E/QMI_FW  ( 1113): qmi_cci_get_ref: ref count increased 2
11-20 07:05:30.056 E/QMI_FW  ( 1113): qmi_cci_get_ref: ref count increased 2
11-20 07:05:30.069 D/WifiMemoryStoreImpl( 1194): Set cluster Gded792457511e862 for Wded792457511e862: SUCCESS
11-20 07:05:29.966 I/Nat464Xlat( 1194): Android Xlat is disabled
11-20 07:05:30.092 D/ConnectivityService( 1194): Setting DNS servers for network 153 to [/192.168.1.1]
11-20 07:05:30.106 I/Nat464Xlat( 1194): Android Xlat is disabled
11-20 07:05:30.106 I/Nat464Xlat( 1194): Android Xlat is disabled
11-20 07:05:30.196 D/ConnectivityService( 1194): [153 WIFI] EVENT_NETWORK_INFO_CHANGED, going from UNKNOWN to CONNECTED
11-20 07:05:30.199 D/DnsManager( 1194): sendDnsConfigurationForNetwork(153, [192.168.1.1], [], 1800, 25, 8, 64, 0, 0, , [])
11-20 07:05:30.201 W/DnsManager( 1194): updatePrivateDns(153, PrivateDnsConfig{true:/[]})
11-20 07:05:30.202 D/ConnectivityService( 1194): Setting DNS servers for network 153 to [/192.168.1.1]
11-20 07:05:30.203 D/DnsManager( 1194): sendDnsConfigurationForNetwork(153, [192.168.1.1], [], 1800, 25, 8, 64, 0, 0, , [192.168.1.1])
11-20 07:05:30.204 W/resolv  (  459): Validating DnsTlsServer on netId 153
11-20 07:05:30.206 D/ConnectivityService( 1194): Adding iface wlan0 to network 153
11-20 07:05:30.216 W/resolv  (  459): Validation failed
11-20 07:05:30.227 D/ConnectivityService( 1194): Setting DNS servers for network 153 to [/192.168.1.1]
11-20 07:05:30.228 D/DnsManager( 1194): sendDnsConfigurationForNetwork(153, [192.168.1.1], [], 1800, 25, 8, 64, 0, 0, , [192.168.1.1])
11-20 07:05:30.229 W/resolv  (  459): Validating DnsTlsServer on netId 153
11-20 07:05:30.230 I/Nat464Xlat( 1194): Android Xlat is disabled
11-20 07:05:30.251 W/resolv  (  459): SSL_connect ssl error =5, mark 0xf0099: Connection refused
11-20 07:05:30.252 W/resolv  (  459): Validation failed
11-20 07:05:30.230 I/Nat464Xlat( 1194): Android Xlat is disabled
11-20 07:05:30.291 D/ConnectivityService( 1194): NetReassign [no changes]
11-20 07:05:30.291 D/WifiClientModeImpl( 1194): Received signal strength thresholds: []
11-20 07:05:30.293 E/WifiVendorHal( 1194): stopRssiMonitoring(l.2106) failed {.code = ERROR_NOT_AVAILABLE, .description = }
11-20 07:05:30.303 D/QCNEJ/WlanStaInfoRelay( 1900): network available: 153
11-20 07:05:30.318 D/QCNEJ/NativeHalConnector( 1900): -> SND notifyWifiAvailable(v4Connected = truev6Connected = , false, isAndroidValidated = false)
11-20 07:05:30.322 D/QCNEJ/NativeHalConnector( 1900): -> SND notifyWifiAvailable(v4Connected = truev6Connected = , false, isAndroidValidated = false)
11-20 07:05:30.365 D/NetworkMonitor/153( 1194): PROBE_DNS connectivitycheck.gstatic.com 33ms OK 142.250.191.67
11-20 07:05:30.368 W/System  ( 1194): ClassLoader referenced unknown path: /system/framework/tcmclient.jar
11-20 07:05:30.372 D/NetworkMonitor/153( 1194): PROBE_DNS www.google.com 40ms OK 142.250.191.36
11-20 07:05:30.400 D/NetworkMonitor/153( 1194): PROBE_HTTP http://connectivitycheck.gstatic.com/generate_204 time=27ms ret=204 request={Connection=[close], User-Agent=[Mozilla/5.0 (X11; Linux x86_64) AppleWebKit/537.36 (KHTML, like Gecko) Chrome/60.0.3112.32 Safari/537.36]} headers={null=[HTTP/1.1 204 No Content], Connection=[close], Content-Length=[0], Date=[Sat, 20 Nov 2021 15:05:32 GMT], X-Android-Received-Millis=[1637420730400], X-Android-Response-Source=[NETWORK 204], X-Android-Selected-Protocol=[http/1.1], X-Android-Sent-Millis=[1637420730390]}
11-20 07:05:30.453 D/NetworkMonitor/153( 1194): PROBE_HTTPS https://www.google.com/generate_204 time=79ms ret=204 request={Connection=[close], User-Agent=[Mozilla/5.0 (X11; Linux x86_64) AppleWebKit/537.36 (KHTML, like Gecko) Chrome/60.0.3112.32 Safari/537.36]} headers={null=[HTTP/1.1 204 No Content], Alt-Svc=[h3=":443"; ma=2592000,h3-29=":443"; ma=2592000,h3-Q050=":443"; ma=2592000,h3-Q046=":443"; ma=2592000,h3-Q043=":443"; ma=2592000,quic=":443"; ma=2592000; v="46,43"], Connection=[close], Content-Length=[0], Date=[Sat, 20 Nov 2021 15:05:32 GMT], X-Android-Received-Millis=[1637420730451], X-Android-Response-Source=[NETWORK 204], X-Android-Selected-Protocol=[http/1.1], X-Android-Sent-Millis=[1637420730426]}
11-20 07:05:30.455 D/NetworkMonitor/153( 1194): isCaptivePortal: isSuccessful()=true isPortal()=false RedirectUrl=null isPartialConnectivity()=false Time=135ms
11-20 07:05:30.457 D/ConnectivityService( 1194): [153 WIFI] validation passed
11-20 07:05:30.459 D/ConnectivityService( 1194): NetReassign [8 : 100 → 153, 20 : 100 → 153, 46 : 100 → 153, 45 : 100 → 153, 12 : 100 → 153, 22 : 100 → 153, 16 : 100 → 153, 14 : 100 → 153, 50 : 100 → 153, 990 : 100 → 153, 18 : 100 → 153, 993 : 100 → 153, 11 : 100 → 153, 1 : 100 → 153, 17 : 100 → 153, 995 : 100 → 153]
11-20 07:05:30.463 E/NetlinkEvent(  459): NetlinkEvent::FindParam(): Parameter 'INTERFACE' not found
11-20 07:05:30.463 E/NetlinkEvent(  459): NetlinkEvent::FindParam(): Parameter 'STATE' not found
11-20 07:05:30.463 E/NetlinkEvent(  459): NetlinkEvent::FindParam(): Parameter 'TIME_NS' not found
11-20 07:05:30.463 E/NetlinkEvent(  459): NetlinkEvent::FindParam(): Parameter 'UID' not found
11-20 07:05:30.482 D/ConnectivityService( 1194): Switching to new default network: NetworkAgentInfo{ ni{[type: WIFI[], state: CONNECTED/CONNECTED, reason: (unspecified), extra: , failover: false, available: true, roaming: false]}  network{153}  nethandle{660535693325}  lp{{InterfaceName: wlan0 LinkAddresses: [ 192.168.1.39/24 ] DnsAddresses: [ /192.168.1.1 ] Domains: null MTU: 0 ServerAddress: /192.168.1.1 TcpBufferSizes: 524288,1048576,2097152,262144,524288,1048576 Routes: [ fe80::/64 -> :: wlan0 mtu 0,192.168.1.0/24 -> 0.0.0.0 wlan0 mtu 0,0.0.0.0/0 -> 192.168.1.1 wlan0 mtu 0 ]}}  nc{[ Transports: WIFI Capabilities: NOT_METERED&INTERNET&NOT_RESTRICTED&TRUSTED&NOT_VPN&VALIDATED&NOT_ROAMING&FOREGROUND&NOT_CONGESTED&NOT_SUSPENDED LinkUpBandwidth>=67000Kbps LinkDnBandwidth>=67000Kbps SignalStrength: -29 OwnerUid: 1000 SSID: "MTBF_Lab" RequestorUid: -1 RequestorPackageName: null]}  Score{60}  everValidated{true}  lastValidated{true}  created{true} lingering{false} explicitlySelected{false} acceptUnvalidated{false} everCaptivePortalDetected{false} lastCaptivePortalDetected{false} partialConnectivity{false} acceptPartialConnectivity{false} clat{mBaseIface: null, mIface: null, mState: IDLE} }
11-20 07:05:30.598 D/QCNEJ/DefaultNetworkInfoRelay( 1900): Default network available: 153
11-20 07:05:30.600 D/QCNEJ/NativeHalConnector( 1900): -> SND notifyDefaultNetworkChanged(1)
11-20 07:05:30.603 V/LigerRadioStatsReporter( 2384): onCapabilitiesChanged: Network capabilities changed
11-20 07:05:30.605 D/DeviceAuthService(22474): Network connected
11-20 07:05:30.606 D/DeviceAuthService(22474): fetchAuthTokenWrapper called
11-20 07:05:30.607 D/NetworkTimeUpdateService( 1194): New default network 153; checking time.
11-20 07:05:30.614 E/QMI_FW  (  927): qmi_cci_get_ref: ref count increased 2
11-20 07:05:30.615 D/ConnectivityService( 1194): Lingering [100 CELLULAR] for 30000ms
11-20 07:05:30.617 D/ConnectivityService( 1194): Sending DISCONNECTED broadcast for type 0 [100 CELLULAR] isDefaultNetwork=true
11-20 07:05:30.619 D/ConnectivityService( 1194): Sending CONNECTED broadcast for type 1 [153 WIFI] isDefaultNetwork=true
11-20 07:05:30.617 E/QMI_FW  (  927): qmi_cci_get_ref: ref count increased 2
11-20 07:05:30.633 D/QCNEJ/WlanStaInfoRelay( 1900): AndroidValidate from false to true
11-20 07:05:30.633 V/LigerRadioStatsReporter( 2384): onCapabilitiesChanged: Network capabilities changed
11-20 07:05:30.634 V/LigerRadioStatsReporter( 2384): reportAndCheckpointRadioStats
11-20 07:05:30.634 I/GnssNetworkConnectivityHandler( 1194): updateNetworkState, state=CLOSED, connected=true, network=153, capabilities=[ Transports: WIFI Capabilities: NOT_METERED&INTERNET&NOT_RESTRICTED&TRUSTED&NOT_VPN&VALIDATED&NOT_ROAMING&FOREGROUND&NOT_CONGESTED&NOT_SUSPENDED LinkUpBandwidth>=67000Kbps LinkDnBandwidth>=67000Kbps SignalStrength: -29 OwnerUid: 1000 AdministratorUids: [] SSID: "MTBF_Lab" RequestorUid: -1 RequestorPackageName: null], apn: , availableNetworkCount: 2
11-20 07:05:30.634 V/LigerRadioStatsReporter( 2384): +++++++++++ RADIO STATS DUMP +++++++++++
11-20 07:05:30.634 V/LigerRadioStatsReporter( 2384): totalActiveRadioTimeMs=0
11-20 07:05:30.634 V/LigerRadioStatsReporter( 2384): totalTailRadioTimeMs=13995
11-20 07:05:30.634 V/LigerRadioStatsReporter( 2384): totalWakeupCount=0
11-20 07:05:30.634 V/LigerRadioStatsReporter( 2384): httpUpBytes=0
11-20 07:05:30.634 V/LigerRadioStatsReporter( 2384): httpDownBytes=0
11-20 07:05:30.636 V/LigerRadioStatsReporter( 2384): httpWakeupCount=0
11-20 07:05:30.636 V/LigerRadioStatsReporter( 2384): httpRequestCount=0
11-20 07:05:30.636 V/LigerRadioStatsReporter( 2384): httpActiveRadioTimeMs=0
11-20 07:05:30.636 V/LigerRadioStatsReporter( 2384): httpTailRadioTimeMs=13995
11-20 07:05:30.636 V/LigerRadioStatsReporter( 2384): reportAndCheckpointRadioStats: Tx=0
11-20 07:05:30.636 V/LigerRadioStatsReporter( 2384): reportAndCheckpointRadioStats: Rx=0
11-20 07:05:30.636 V/LigerRadioStatsReporter( 2384): reportAndCheckpointRadioStats: Uids=10028
11-20 07:05:30.636 V/LigerRadioStatsReporter( 2384): reportAndCheckpointRadioStats: Tags=null
11-20 07:05:30.639 I/chatty  (  523): uid=1021(gps) Loc_hal_worker expire 1 line
11-20 07:05:30.647 D/QCNEJ/WlanStaInfoRelay( 1900): retrieveCountryCode:Location obtained from Telephony: us
11-20 07:05:30.658 E/QMI_FW  (  927): qmi_cci_get_ref: ref count increased 2
11-20 07:05:30.660 D/ConnectivityService( 1194): Setting DNS servers for network 153 to [/192.168.1.1]
11-20 07:05:30.663 D/DnsManager( 1194): sendDnsConfigurationForNetwork(153, [192.168.1.1], [], 1800, 25, 8, 64, 0, 0, , [192.168.1.1])
11-20 07:05:30.660 E/QMI_FW  (  927): qmi_cci_get_ref: ref count increased 2
11-20 07:05:30.665 D/DeviceAuthService(22474): isOculusAddressResolvable returned true
11-20 07:05:30.665 D/DeviceAuthenticator(22474): Fetching new credentials asynchronously
11-20 07:05:30.666 D/DeviceAuthenticator(22474): Calling DeviceAuth.authenticate()
11-20 07:05:30.669 E/DeviceCertService(  541): This device *might* have a provisioning issue. Please run `maui provision check` to verify.
11-20 07:05:30.669 E/DeviceCertService(  541): See https://fburl.com/wiki/a9hho0p9 for more information.
11-20 07:05:30.669 E/DeviceCertService(  541): Could not access certificate file '/mnt/vendor/persist/certificates/device_identityinsecure.crt', error 2: No such file or directory
11-20 07:05:30.670 E/DeviceAuthenticator(22474): ERROR: java.lang.RuntimeException: devicecert returned error FILESYSTEM_ERROR
11-20 07:05:30.670 E/DeviceAuthenticator(22474): 
11-20 07:05:30.670 E/DeviceAuthenticator(22474): com.facebook.mos.sdk.devicecert.DeviceIdentityException: java.lang.RuntimeException: devicecert returned error FILESYSTEM_ERROR
11-20 07:05:30.670 E/DeviceAuthenticator(22474): 
11-20 07:05:30.672 W/resolv  (  459): Validating DnsTlsServer on netId 153
11-20 07:05:30.672 E/QMI_FW  ( 1113): qmi_cci_get_ref: ref count increased 2
11-20 07:05:30.672 E/QMI_FW  ( 1113): qmi_cci_get_ref: ref count increased 2
11-20 07:05:30.687 W/resolv  (  459): SSL_connect ssl error =5, mark 0xf0099: Connection refused
11-20 07:05:30.689 W/resolv  (  459): Validation failed
11-20 07:05:30.700 E/QMI_FW  ( 1113): qmi_cci_get_ref: ref count increased 2
11-20 07:05:30.706 D/WifiConnector( 2841): Configured Networks Changed
11-20 07:05:30.713 I/WifiClientModeImpl( 1194): Default Gateway MAC address of 6c:cd:d6:25:63:2a from routes is : 6c:cd:d6:25:63:2a
11-20 07:05:30.722 E/QMI_FW  ( 1113): qmi_cci_get_ref: ref count increased 2
11-20 07:05:30.724 E/QMI_FW  ( 1113): qmi_cci_get_ref: ref count increased 2
11-20 07:05:30.728 E/QMI_FW  ( 1113): qmi_cci_get_ref: ref count increased 2
11-20 07:05:30.731 E/QMI_FW  ( 1113): qmi_cci_get_ref: ref count increased 2
11-20 07:05:30.731 E/QMI_FW  ( 1113): qmi_cci_get_ref: ref count increased 2
11-20 07:05:30.733 D/PhoneInterfaceManager( 1975): setModemActivityInfo
11-20 07:05:30.733 D/FbSideCarManager( 1975): setModemActivityInfo
11-20 07:05:30.733 D/FbSideCarManager( 1975): setModemActivityInfo
11-20 07:05:30.733 D/WirelessInsightServiceImpl( 1975): setModemActivityInfo
11-20 07:05:30.733 D/FbSideCarManager( 1975): setModemActivityInfoInternal success
11-20 07:05:30.733 D/PhoneInterfaceManager( 1975): setModemActivityInfo: success.
11-20 07:05:30.733 D/WirelessInsightServiceImpl( 1975): notifyListeners: listeners = 0, modemActivityInfo = ModemActivityInfo{ mTimestamp=55076995 mSleepTimeMs=34934410 mIdleTimeMs=306840 mTransmitPowerInfo[]=[TransmitPower{ mTimeInMillis=0 mPowerRangeInDbm={-2147483648,0}}, TransmitPower{ mTimeInMillis=34364 mPowerRangeInDbm={0,5}}, TransmitPower{ mTimeInMillis=524705 mPowerRangeInDbm={5,15}}, TransmitPower{ mTimeInMillis=25900 mPowerRangeInDbm={15,20}}, TransmitPower{ mTimeInMillis=826344 mPowerRangeInDbm={20,2147483647}}] mRxTimeMs=18390116}
11-20 07:05:30.734 E/QMI_FW  ( 1113): qmi_cci_get_ref: ref count increased 2
11-20 07:05:30.739 I/chatty  ( 1113): uid=1001(radio) main identical 3 lines
11-20 07:05:30.740 E/QMI_FW  ( 1113): qmi_cci_get_ref: ref count increased 2
11-20 07:05:30.742 E/QMI_FW  ( 1113): qmi_cci_get_ref: ref count increased 2
11-20 07:05:30.759 I/chatty  ( 1113): uid=1001(radio) main identical 6 lines
11-20 07:05:30.761 E/QMI_FW  ( 1113): qmi_cci_get_ref: ref count increased 2
11-20 07:05:30.767 W/System.err( 2665): INFO: com.whatsapp.net.logging.WtLog.log$REDEX$HQcOuACUrr4(:4) : Start handshake.
11-20 07:05:30.803 W/System.err( 2665): INFO: com.whatsapp.net.logging.WtLog.log$REDEX$HQcOuACUrr4(:4) : Handshake complete : session_resumed true early_data_sent false early_data_accepted false client_cert_requested false time_ms 36
11-20 07:05:30.819 D/WifiConfigStore( 1194): Writing to stores completed in 104 ms.
11-20 07:05:30.830 E/WifiClientModeImpl( 1194): getScanResults scanRes.BSSID = 6c:cd:d6:25:63:2a
11-20 07:05:30.830 I/WifiClientModeImpl( 1194): Current network: "MTBF_Lab"WPA_PSK
11-20 07:05:30.848 I/SupplicantStaIfaceHal( 1194): cleared linked networks
11-20 07:05:30.855 D/WifiMemoryStoreImpl( 1194): Set cluster Gded792457511e862 for We4936d4057368143: SUCCESS
11-20 07:05:30.943 I/Nat464Xlat( 1194): Android Xlat is disabled
11-20 07:05:30.944 D/QCNEJ/WlanStaInfoRelay( 1900): Received action: android.net.wifi.LINK_CONFIGURATION_CHANGED
11-20 07:05:30.945 E/QCNEJ/WlanStaInfoRelay( 1900): update link properties given null lp
11-20 07:05:31.020 D/QCNEJ/NativeHalConnector( 1900): -> SND notifyWifiAvailable(v4Connected = truev6Connected = , false, isAndroidValidated = true)
11-20 07:05:31.724 W/HWComposer(  577): Ignoring duplicate VSYNC event from HWC for display 0 (t=55077987742947)
11-20 07:05:31.775 W/HWComposer(  577): Ignoring duplicate VSYNC event from HWC for display 0 (t=55078038460082)
11-20 07:05:32.884 D/WearableConnectivityManager( 2581): onWifiStrengthChange: -31
11-20 07:05:32.886 D/QCNEJ/WlanStaInfoRelay( 1900): Received action: android.net.wifi.RSSI_CHANGED
11-20 07:05:32.900 V/LigerRadioStatsReporter( 2384): onCapabilitiesChanged: Network capabilities changed
11-20 07:05:32.900 V/LigerRadioStatsReporter( 2384): reportAndCheckpointRadioStats
11-20 07:05:32.901 V/LigerRadioStatsReporter( 2384): +++++++++++ RADIO STATS DUMP +++++++++++
11-20 07:05:32.901 V/LigerRadioStatsReporter( 2384): totalActiveRadioTimeMs=0
11-20 07:05:32.901 V/LigerRadioStatsReporter( 2384): totalTailRadioTimeMs=13995
11-20 07:05:32.901 V/LigerRadioStatsReporter( 2384): totalWakeupCount=0
11-20 07:05:32.901 V/LigerRadioStatsReporter( 2384): httpUpBytes=0
11-20 07:05:32.901 V/LigerRadioStatsReporter( 2384): httpDownBytes=0
11-20 07:05:32.901 V/LigerRadioStatsReporter( 2384): httpWakeupCount=0
11-20 07:05:32.901 V/LigerRadioStatsReporter( 2384): httpRequestCount=0
11-20 07:05:32.901 V/LigerRadioStatsReporter( 2384): httpActiveRadioTimeMs=0
11-20 07:05:32.901 V/LigerRadioStatsReporter( 2384): httpTailRadioTimeMs=13995
11-20 07:05:32.901 V/LigerRadioStatsReporter( 2384): reportAndCheckpointRadioStats: Tx=0
11-20 07:05:32.901 V/LigerRadioStatsReporter( 2384): reportAndCheckpointRadioStats: Rx=0
11-20 07:05:32.901 V/LigerRadioStatsReporter( 2384): reportAndCheckpointRadioStats: Uids=10028
11-20 07:05:32.901 V/LigerRadioStatsReporter( 2384): reportAndCheckpointRadioStats: Tags=null
11-20 07:05:35.918 E/QMI_FW  ( 1113): qmi_cci_get_ref: ref count increased 2
11-20 07:05:35.919 E/QMI_FW  ( 1113): qmi_cci_get_ref: ref count increased 2
11-20 07:05:35.930 I/WearableConnectivityManager( 2581): LTE Signal strength is: 2
11-20 07:05:35.930 I/WearableConnectivityManager( 2581): Cellular Signal strength is: 2
11-20 07:05:35.931 D/RadioLinkQualityScoreBuilder( 1975): scoreRsrp: 3scoreRsrq: 4scoreRssnr: 4
11-20 07:05:36.289 E/QMI_FW  ( 1113): qmi_cci_get_ref: ref count increased 2
11-20 07:05:36.290 E/QMI_FW  ( 1113): qmi_cci_get_ref: ref count increased 2
11-20 07:05:36.290 E/QMI_FW  ( 1113): qmi_cci_get_ref: ref count increased 2
11-20 07:05:30.943 I/Nat464Xlat( 1194): Android Xlat is disabled
11-20 07:05:39.867 D/commandrouter( 1117): rtc_sync (1, rtc:sync): <ServiceRequest> FORWARDED (remote -> local) service client ID = 0, token ID = 38272
11-20 07:05:39.867 D/vendor.facebook.rtc_sync@1.0-service( 1129): Request req_ts=1637391939863967697 resp_ts=1637391939867820454
11-20 07:05:39.868 D/commandrouter( 1117): SocServiceHandle::onServiceMessage, SoC Service = rtc_sync, appType = 1, type = SVC_RESP, clientId = 0, token = 38272, payloadLen = 8, result = 0, payload.size() = 8
11-20 07:05:45.767 E/QMI_FW  ( 1113): qmi_cci_get_ref: ref count increased 2
11-20 07:05:45.768 E/QMI_FW  ( 1113): qmi_cci_get_ref: ref count increased 2
11-20 07:05:45.780 I/WearableConnectivityManager( 2581): LTE Signal strength is: 2
11-20 07:05:45.780 I/WearableConnectivityManager( 2581): Cellular Signal strength is: 2
11-20 07:05:45.780 D/RadioLinkQualityScoreBuilder( 1975): scoreRsrp: 3scoreRsrq: 3scoreRssnr: 2
