11-21 15:07:39.252 D/ConnectivityService( 1186): Switching to new default network: NetworkAgentInfo{ ni{[type: MOBILE[LTE], state: CONNECTED/CONNECTED, reason: (unspecified), extra: enhancedphone, failover: false, available: true, roaming: false]}  network{101}  nethandle{437197393933}  lp{{InterfaceName: rmnet_data2 LinkAddresses: [ 10.55.48.101/30,2600:381:4804:c4b6:8cdc:8f0b:afe1:ec6b/64 ] DnsAddresses: [ /172.26.38.2,/fc00:a:a::400 ] Domains: null MTU: 1430 TcpBufferSizes: 2097152,4194304,8388608,262144,524288,1048576 Routes: [ 0.0.0.0/0 -> 10.55.48.102 rmnet_data2 mtu 1430,::/0 -> fe80::9db2:334d:2872:1e0a rmnet_data2 mtu 1430,10.55.48.100/30 -> 0.0.0.0 rmnet_data2 mtu 0,2600:381:4804:c4b6::/64 -> :: rmnet_data2 mtu 0 ]}}  nc{[ Transports: CELLULAR Capabilities: MMS&SUPL&FOTA&INTERNET&NOT_RESTRICTED&TRUSTED&NOT_VPN&VALIDATED&NOT_ROAMING&NOT_CONGESTED&NOT_SUSPENDED LinkUpBandwidth>=15000Kbps LinkDnBandwidth>=30000Kbps Specifier: <TelephonyNetworkSpecifier [mSubId = 1]> AdministratorUids: [] RequestorUid: -1 RequestorPackageName: null]}  Score{50}  everValidated{true}  lastValidated{true}  created{true} lingering{false} explicitlySelected{false} acceptUnvalidated{false} everCaptivePortalDetected{false} lastCaptivePortalDetected{false} partialConnectivity{false} acceptPartialConnectivity{false} clat{mBaseIface: null, mIface: null, mState: IDLE} }
11-21 15:07:39.526 W/SimpleTimeDetectorStrategy( 1186): Existing suggestion found to be invalid  elapsedRealtimeMillis=170347252, timeSuggestion=TelephonyTimeSuggestion{mSlotIndex='0', mUtcTime=TimestampedValue{mReferenceTimeMillis=57092, mValue=1637365770000}, mDebugInfo=[Sending new time suggestion nitzSignal=TimestampedValue{mReferenceTimeMillis=57092, mValue=NitzData{mOriginalString=21/11/19,23:49:30-32,00, mZoneOffset=-28800000, mDstOffset=0, mCurrentTimeMillis=1637365770000, mEmulatorHostTimeZone=null}}, reason=handleNitzReceived(TimestampedValue{mReferenceTimeMillis=57092, mValue=NitzData{mOriginalString=21/11/19,23:49:30-32,00, mZoneOffset=-28800000, mDstOffset=0, mCurrentTimeMillis=1637365770000, mEmulatorHostTimeZone=null}})]}
11-21 15:07:39.579 D/ConnectivityService( 1186): Sending CONNECTED broadcast for type 0 [101 CELLULAR] isDefaultNetwork=true
11-21 15:07:39.678 W/Looper  ( 1186): Slow dispatch took 172ms android.fg h=android.os.Handler c=com.android.server.timedetector.-$$Lambda$TimeDetectorService$nU2ruOeSUWWPVvB4A7i7qaumT4s@aacc5ae m=0
11-21 15:07:39.682 W/Looper  ( 1186): Slow dispatch took 134ms main h=android.app.ActivityThread$H c=android.app.LoadedApk$ServiceDispatcher$RunConnection@25f5f4f m=0
11-21 15:07:43.304 D/AutofillManagerService( 1186): onBackKeyPressed()
11-21 15:07:43.485 D/commandrouter( 1006): rtc_sync (1, rtc:sync): <ServiceRequest> FORWARDED (remote -> local) service client ID = 0, token ID = 49797
11-21 15:07:43.485 D/commandrouter( 1006): SocServiceHandle::onServiceMessage, SoC Service = rtc_sync, appType = 1, type = SVC_RESP, clientId = 0, token = 49797, payloadLen = 8, result = 0, payload.size() = 8
11-21 15:07:43.850 D/AutofillManagerService( 1186): onBackKeyPressed()
11-21 15:07:46.619 I/chatty  ( 1186): uid=1000(system) android.ui identical 3 lines
11-21 15:07:47.616 D/AutofillManagerService( 1186): onBackKeyPressed()
11-21 15:07:48.125 E/TaskPersister( 1186): File error accessing recents directory (directory doesn't exist?).
11-21 15:07:48.630 D/AutofillManagerService( 1186): onBackKeyPressed()
11-21 15:07:49.623 D/AutofillManagerService( 1186): onBackKeyPressed()
11-21 15:07:50.169 W/ActivityManager( 1186): Invalid packageName: com.facebook.wearable.system.settings/com.facebook.wearable.system.settings.SettingsActivity
11-21 15:07:50.311 I/ActivityTaskManager( 1186): START u0 {flg=0x10000000 cmp=com.facebook.wearable.system.settings/.SettingsActivity} from uid 0
11-21 15:07:50.333 I/ActivityTaskManager( 1186): The Process com.facebook.wearable.system.settings Already Exists in BG. So sending its PID: 4763
11-21 15:07:50.334 W/ActivityTaskManager( 1186): Tried to set launchTime (0) < mLastActivityLaunchTime (170338097)
11-21 15:07:53.471 D/commandrouter( 1006): rtc_sync (1, rtc:sync): <ServiceRequest> FORWARDED (remote -> local) service client ID = 0, token ID = 49798
11-21 15:07:53.471 D/commandrouter( 1006): SocServiceHandle::onServiceMessage, SoC Service = rtc_sync, appType = 1, type = SVC_RESP, clientId = 0, token = 49798, payloadLen = 8, result = 0, payload.size() = 8
11-21 15:07:54.472 E/TaskPersister( 1186): File error accessing recents directory (directory doesn't exist?).
11-21 15:07:57.218 W/ContextImpl( 1186): Calling a method in the system process without a qualified user: android.app.ContextImpl.sendBroadcastMultiplePermissions:1143 android.content.Context.sendBroadcastWithMultiplePermissions:2150 com.android.server.display.WifiDisplayAdapter.handleSendStatusChangeBroadcast:440 com.android.server.display.WifiDisplayAdapter.access$1700:63 com.android.server.display.WifiDisplayAdapter$WifiDisplayHandler.handleMessage:675 
11-21 15:07:58.254 W/ContextImpl( 1186): Calling a method in the system process without a qualified user: android.app.ContextImpl.sendBroadcastMultiplePermissions:1143 android.content.Context.sendBroadcastWithMultiplePermissions:2150 com.android.server.wifi.p2p.WifiP2pServiceImpl$P2pStateMachine.sendBroadcastMultiplePermissions:3209 com.android.server.wifi.p2p.WifiP2pServiceImpl$P2pStateMachine.sendP2pConnectionChangedBroadcast:3236 com.android.server.wifi.p2p.WifiP2pServiceImpl$P2pStateMachine.access$5100:768 
11-21 15:07:58.255 W/BroadcastQueue( 1186): Permission Denial: receiving Intent { act=android.net.wifi.p2p.CONNECTION_STATE_CHANGE flg=0x24000010 (has extras) } to ProcessRecord{688c834 1907:.qtidataservices/u0a88} (pid=1907, uid=10088) requires android.permission.ACCESS_FINE_LOCATION due to sender android (uid 1000)
11-21 15:07:58.422 W/wificond(  911): Scan is not started. Ignore abort request
11-21 15:07:58.422 W/ContextImpl( 1186): Calling a method in the system process without a qualified user: android.app.ContextImpl.sendBroadcastMultiplePermissions:1143 android.content.Context.sendBroadcastWithMultiplePermissions:2150 com.android.server.wifi.p2p.WifiP2pServiceImpl$P2pStateMachine.sendBroadcastMultiplePermissions:3209 com.android.server.wifi.p2p.WifiP2pServiceImpl$P2pStateMachine.sendThisDeviceChangedBroadcast:3218 com.android.server.wifi.p2p.WifiP2pServiceImpl$P2pStateMachine.updateThisDevice:3962 
11-21 15:07:58.828 D/ConnectivityService( 1186): registerNetworkAgent NetworkAgentInfo{ ni{[type: WIFI[], state: UNKNOWN/IDLE, reason: (unspecified), extra: , failover: false, available: true, roaming: false]}  network{215}  nethandle{926823665677}  lp{{InterfaceName: wlan0 LinkAddresses: [ ] DnsAddresses: [ ] Domains: null MTU: 0 Routes: [ ]}}  nc{[ Transports: WIFI Capabilities: NOT_METERED&INTERNET&NOT_RESTRICTED&TRUSTED&NOT_VPN&NOT_ROAMING&FOREGROUND&NOT_CONGESTED&NOT_SUSPENDED LinkUpBandwidth>=72000Kbps LinkDnBandwidth>=72000Kbps OwnerUid: 1000 SSID: "MTBF_Lab" RequestorUid: -1 RequestorPackageName: null]}  Score{20}  everValidated{false}  lastValidated{false}  created{false} lingering{false} explicitlySelected{false} acceptUnvalidated{false} everCaptivePortalDetected{false} lastCaptivePortalDetected{false} partialConnectivity{false} acceptPartialConnectivity{false} clat{mBaseIface: null, mIface: null, mState: IDLE} }
11-21 15:07:58.909 D/ConnectivityService( 1186): [215 WIFI] EVENT_NETWORK_INFO_CHANGED, going from UNKNOWN to UNKNOWN
11-21 15:07:59.057 D/ConnectivityService( 1186): NetReassign [no changes]
11-21 15:07:59.129 I/Nat464Xlat( 1186): Android Xlat is disabled
11-21 15:07:59.130 I/Nat464Xlat( 1186): Android Xlat is disabled
11-21 15:07:59.269 E/ConnectivityService( 1186): Exception in networkAddRouteParcel for non-gateway: android.os.ServiceSpecificException: Machine is not on the network (code 64)
11-21 15:07:59.271 E/ConnectivityService( 1186): Exception in networkAddRouteParcel for gateway: android.os.ServiceSpecificException: Machine is not on the network (code 64)
11-21 15:07:59.271 I/Nat464Xlat( 1186): Android Xlat is disabled
11-21 15:07:59.271 I/Nat464Xlat( 1186): Android Xlat is disabled
11-21 15:07:59.358 D/ConnectivityService( 1186): Setting DNS servers for network 215 to [/192.168.1.1]
11-21 15:07:59.369 I/Nat464Xlat( 1186): Android Xlat is disabled
11-21 15:07:59.369 I/Nat464Xlat( 1186): Android Xlat is disabled
11-21 15:07:59.473 D/ConnectivityService( 1186): [215 WIFI] EVENT_NETWORK_INFO_CHANGED, going from UNKNOWN to CONNECTED
11-21 15:07:59.487 D/DnsManager( 1186): sendDnsConfigurationForNetwork(215, [192.168.1.1], [], 1800, 25, 8, 64, 0, 0, , [])
11-21 15:07:59.503 W/DnsManager( 1186): updatePrivateDns(215, PrivateDnsConfig{true:/[]})
11-21 15:07:59.506 D/ConnectivityService( 1186): Setting DNS servers for network 215 to [/192.168.1.1]
11-21 15:07:59.506 D/DnsManager( 1186): sendDnsConfigurationForNetwork(215, [192.168.1.1], [], 1800, 25, 8, 64, 0, 0, , [192.168.1.1])
11-21 15:07:59.509 D/ConnectivityService( 1186): Adding iface wlan0 to network 215
11-21 15:07:59.534 D/ConnectivityService( 1186): Setting DNS servers for network 215 to [/192.168.1.1]
11-21 15:07:59.534 D/DnsManager( 1186): sendDnsConfigurationForNetwork(215, [192.168.1.1], [], 1800, 25, 8, 64, 0, 0, , [192.168.1.1])
11-21 15:07:59.536 I/Nat464Xlat( 1186): Android Xlat is disabled
11-21 15:07:59.536 I/Nat464Xlat( 1186): Android Xlat is disabled
11-21 15:07:59.625 D/ConnectivityService( 1186): NetReassign [no changes]
11-21 15:08:00.010 D/ConnectivityService( 1186): [215 WIFI] validation passed
11-21 15:08:00.010 D/ConnectivityService( 1186): NetReassign [44 : 101 → 215, 11 : 101 → 215, 63 : 101 → 215, 2885 : 101 → 215, 2235 : 101 → 215, 2877 : 101 → 215, 17 : 101 → 215, 25 : 101 → 215, 1438 : 101 → 215, 1 : 101 → 215, 2887 : 101 → 215, 8 : 101 → 215, 12 : 101 → 215, 14 : 101 → 215, 16 : 101 → 215, 22 : 101 → 215]
11-21 15:08:00.014 E/NetlinkEvent(  462): NetlinkEvent::FindParam(): Parameter 'INTERFACE' not found
11-21 15:08:00.014 E/NetlinkEvent(  462): NetlinkEvent::FindParam(): Parameter 'STATE' not found
11-21 15:08:00.014 E/NetlinkEvent(  462): NetlinkEvent::FindParam(): Parameter 'TIME_NS' not found
11-21 15:08:00.014 E/NetlinkEvent(  462): NetlinkEvent::FindParam(): Parameter 'UID' not found
11-21 15:08:00.026 D/ConnectivityService( 1186): Switching to new default network: NetworkAgentInfo{ ni{[type: WIFI[], state: CONNECTED/CONNECTED, reason: (unspecified), extra: , failover: false, available: true, roaming: false]}  network{215}  nethandle{926823665677}  lp{{InterfaceName: wlan0 LinkAddresses: [ 192.168.1.41/24 ] DnsAddresses: [ /192.168.1.1 ] Domains: null MTU: 0 ServerAddress: /192.168.1.1 TcpBufferSizes: 524288,1048576,2097152,262144,524288,1048576 Routes: [ fe80::/64 -> :: wlan0 mtu 0,192.168.1.0/24 -> 0.0.0.0 wlan0 mtu 0,0.0.0.0/0 -> 192.168.1.1 wlan0 mtu 0 ]}}  nc{[ Transports: WIFI Capabilities: NOT_METERED&INTERNET&NOT_RESTRICTED&TRUSTED&NOT_VPN&VALIDATED&NOT_ROAMING&FOREGROUND&NOT_CONGESTED&NOT_SUSPENDED LinkUpBandwidth>=61000Kbps LinkDnBandwidth>=61000Kbps SignalStrength: -34 OwnerUid: 1000 SSID: "MTBF_Lab" RequestorUid: -1 RequestorPackageName: null]}  Score{60}  everValidated{true}  lastValidated{true}  created{true} lingering{false} explicitlySelected{false} acceptUnvalidated{false} everCaptivePortalDetected{false} lastCaptivePortalDetected{false} partialConnectivity{false} acceptPartialConnectivity{false} clat{mBaseIface: null, mIface: null, mState: IDLE} }
11-21 15:08:00.139 W/SimpleTimeDetectorStrategy( 1186): Existing suggestion found to be invalid  elapsedRealtimeMillis=170367865, timeSuggestion=TelephonyTimeSuggestion{mSlotIndex='0', mUtcTime=TimestampedValue{mReferenceTimeMillis=57092, mValue=1637365770000}, mDebugInfo=[Sending new time suggestion nitzSignal=TimestampedValue{mReferenceTimeMillis=57092, mValue=NitzData{mOriginalString=21/11/19,23:49:30-32,00, mZoneOffset=-28800000, mDstOffset=0, mCurrentTimeMillis=1637365770000, mEmulatorHostTimeZone=null}}, reason=handleNitzReceived(TimestampedValue{mReferenceTimeMillis=57092, mValue=NitzData{mOriginalString=21/11/19,23:49:30-32,00, mZoneOffset=-28800000, mDstOffset=0, mCurrentTimeMillis=1637365770000, mEmulatorHostTimeZone=null}})]}
11-21 15:08:00.209 D/ConnectivityService( 1186): Lingering [101 CELLULAR] for 30000ms
11-21 15:08:00.211 D/ConnectivityService( 1186): Sending DISCONNECTED broadcast for type 0 [101 CELLULAR] isDefaultNetwork=true
11-21 15:08:00.213 D/ConnectivityService( 1186): Sending CONNECTED broadcast for type 1 [215 WIFI] isDefaultNetwork=true
11-21 15:08:00.283 D/ConnectivityService( 1186): Setting DNS servers for network 215 to [/192.168.1.1]
11-21 15:08:00.284 D/DnsManager( 1186): sendDnsConfigurationForNetwork(215, [192.168.1.1], [], 1800, 25, 8, 64, 0, 0, , [192.168.1.1])
11-21 15:08:00.290 I/Nat464Xlat( 1186): Android Xlat is disabled
11-21 15:08:00.290 I/Nat464Xlat( 1186): Android Xlat is disabled
11-21 15:08:00.364 D/commandrouter( 1006): SocServiceHandle::onServiceMessage, SoC Service = mcu_healthcheck_1029, appType = 1, type = SVC_REQ, clientId = 0, token = 5676, payloadLen = 12, result = 0, payload.size() = 12
11-21 15:08:00.367 D/commandrouter( 1006): mcu_healthcheck_1029 (1, merlot:mcu_health:control): <ServiceResponse> FORWARDED (remote -> local) CR token ID = 5676, service client ID = 40, token ID = 10850, result = 0
11-21 15:08:00.368 D/mculinkhealth( 1029): isMcuReachable 1 (4 ms)
11-21 15:08:01.195 D/AppStorageManager( 1186): BEFORE:: Previous Size: 884142080 Current Size: 883896320
11-21 15:08:01.195 D/AppStorageManager( 1186): AFTER:: Previous Size: 883896320 Current Size: 883896320
11-21 15:08:03.462 D/commandrouter( 1006): rtc_sync (1, rtc:sync): <ServiceRequest> FORWARDED (remote -> local) service client ID = 0, token ID = 49799
11-21 15:08:03.463 D/commandrouter( 1006): SocServiceHandle::onServiceMessage, SoC Service = rtc_sync, appType = 1, type = SVC_RESP, clientId = 0, token = 49799, payloadLen = 8, result = 0, payload.size() = 8
11-21 15:08:13.445 D/commandrouter( 1006): rtc_sync (1, rtc:sync): <ServiceRequest> FORWARDED (remote -> local) service client ID = 0, token ID = 49800
11-21 15:08:13.445 D/commandrouter( 1006): SocServiceHandle::onServiceMessage, SoC Service = rtc_sync, appType = 1, type = SVC_RESP, clientId = 0, token = 49800, payloadLen = 8, result = 0, payload.size() = 8
11-21 15:08:18.408 D/AutofillManagerService( 1186): onBackKeyPressed()
11-21 15:08:19.498 I/chatty  ( 1186): uid=1000(system) android.ui identical 2 lines
11-21 15:08:20.896 D/AutofillManagerService( 1186): onBackKeyPressed()
11-21 15:08:21.112 D/commandrouter( 1006): SocServiceHandle::onServiceMessage, SoC Service = mcu_healthcheck_934, appType = 1, type = SVC_REQ, clientId = 0, token = 2838, payloadLen = 20, result = 0, payload.size() = 20
11-21 15:08:21.116 D/commandrouter( 1006): mcu_healthcheck_934 (1, merlot:mcu_health:control): <ServiceResponse> FORWARDED (remote -> local) CR token ID = 2838, service client ID = 5, token ID = 10851, result = 0
11-21 15:08:21.227 W/ActivityManager( 1186): Invalid packageName: com.facebook.wearable.system.settings/com.facebook.wearable.system.settings.SettingsActivity
11-21 15:08:21.366 I/ActivityTaskManager( 1186): START u0 {flg=0x10000000 cmp=com.facebook.wearable.system.settings/.SettingsActivity} from uid 0
11-21 15:08:21.390 I/ActivityTaskManager( 1186): The Process com.facebook.wearable.system.settings Already Exists in BG. So sending its PID: 4763
11-21 15:08:21.391 W/ActivityTaskManager( 1186): Tried to set launchTime (0) < mLastActivityLaunchTime (170358060)
11-21 15:08:23.432 D/commandrouter( 1006): rtc_sync (1, rtc:sync): <ServiceRequest> FORWARDED (remote -> local) service client ID = 0, token ID = 49801
11-21 15:08:23.433 D/commandrouter( 1006): SocServiceHandle::onServiceMessage, SoC Service = rtc_sync, appType = 1, type = SVC_RESP, clientId = 0, token = 49801, payloadLen = 8, result = 0, payload.size() = 8
11-21 15:08:24.448 E/TaskPersister( 1186): File error accessing recents directory (directory doesn't exist?).
11-21 15:08:29.157 W/ContextImpl( 1186): Calling a method in the system process without a qualified user: android.app.ContextImpl.sendBroadcastMultiplePermissions:1143 android.content.Context.sendBroadcastWithMultiplePermissions:2150 com.android.server.display.WifiDisplayAdapter.handleSendStatusChangeBroadcast:440 com.android.server.display.WifiDisplayAdapter.access$1700:63 com.android.server.display.WifiDisplayAdapter$WifiDisplayHandler.handleMessage:675 
11-21 15:08:29.639 D/ConnectivityService( 1186): [215 WIFI] EVENT_NETWORK_INFO_CHANGED, going from CONNECTED to DISCONNECTED
11-21 15:08:29.639 D/ConnectivityService( 1186): [215 WIFI] disconnected, was satisfying 27
11-21 15:08:29.763 I/Nat464Xlat( 1186): Android Xlat is disabled
11-21 15:08:29.763 I/Nat464Xlat( 1186): Android Xlat is disabled
11-21 15:08:29.847 D/ConnectivityService( 1186): Sending DISCONNECTED broadcast for type 1 [215 WIFI] isDefaultNetwork=true
11-21 15:08:29.850 D/ConnectivityService( 1186): NetReassign [44 : null → 101, 11 : null → 101, 63 : null → 101, 2885 : null → 101, 2235 : null → 101, 2877 : null → 101, 17 : null → 101, 25 : null → 101, 1438 : null → 101, 1 : null → 101, 2887 : null → 101, 8 : null → 101, 12 : null → 101, 14 : null → 101, 16 : null → 101, 22 : null → 101]
11-21 15:08:29.854 E/NetlinkEvent(  462): NetlinkEvent::FindParam(): Parameter 'INTERFACE' not found
11-21 15:08:29.854 E/NetlinkEvent(  462): NetlinkEvent::FindParam(): Parameter 'STATE' not found
11-21 15:08:29.854 E/NetlinkEvent(  462): NetlinkEvent::FindParam(): Parameter 'TIME_NS' not found
11-21 15:08:29.854 E/NetlinkEvent(  462): NetlinkEvent::FindParam(): Parameter 'UID' not found
11-21 15:08:29.880 D/ConnectivityService( 1186): Switching to new default network: NetworkAgentInfo{ ni{[type: MOBILE[LTE], state: CONNECTED/CONNECTED, reason: (unspecified), extra: enhancedphone, failover: false, available: true, roaming: false]}  network{101}  nethandle{437197393933}  lp{{InterfaceName: rmnet_data2 LinkAddresses: [ 10.55.48.101/30,2600:381:4804:c4b6:8cdc:8f0b:afe1:ec6b/64 ] DnsAddresses: [ /172.26.38.2,/fc00:a:a::400 ] Domains: null MTU: 1430 TcpBufferSizes: 2097152,4194304,8388608,262144,524288,1048576 Routes: [ 0.0.0.0/0 -> 10.55.48.102 rmnet_data2 mtu 1430,::/0 -> fe80::9db2:334d:2872:1e0a rmnet_data2 mtu 1430,10.55.48.100/30 -> 0.0.0.0 rmnet_data2 mtu 0,2600:381:4804:c4b6::/64 -> :: rmnet_data2 mtu 0 ]}}  nc{[ Transports: CELLULAR Capabilities: MMS&SUPL&FOTA&INTERNET&NOT_RESTRICTED&TRUSTED&NOT_VPN&VALIDATED&NOT_ROAMING&FOREGROUND&NOT_CONGESTED&NOT_SUSPENDED LinkUpBandwidth>=15000Kbps LinkDnBandwidth>=30000Kbps Specifier: <TelephonyNetworkSpecifier [mSubId = 1]> AdministratorUids: [] RequestorUid: -1 RequestorPackageName: null]}  Score{50}  everValidated{true}  lastValidated{true}  created{true} lingering{true} explicitlySelected{false} acceptUnvalidated{false} everCaptivePortalDetected{false} lastCaptivePortalDetected{false} partialConnectivity{false} acceptPartialConnectivity{false} clat{mBaseIface: null, mIface: null, mState: IDLE} }
11-21 15:08:30.058 D/ConnectivityService( 1186): Unlingering [101 CELLULAR]
11-21 15:08:30.058 D/ConnectivityService( 1186): Sending CONNECTED broadcast for type 0 [101 CELLULAR] isDefaultNetwork=true
11-21 15:08:30.069 W/SimpleTimeDetectorStrategy( 1186): Existing suggestion found to be invalid  elapsedRealtimeMillis=170397795, timeSuggestion=TelephonyTimeSuggestion{mSlotIndex='0', mUtcTime=TimestampedValue{mReferenceTimeMillis=57092, mValue=1637365770000}, mDebugInfo=[Sending new time suggestion nitzSignal=TimestampedValue{mReferenceTimeMillis=57092, mValue=NitzData{mOriginalString=21/11/19,23:49:30-32,00, mZoneOffset=-28800000, mDstOffset=0, mCurrentTimeMillis=1637365770000, mEmulatorHostTimeZone=null}}, reason=handleNitzReceived(TimestampedValue{mReferenceTimeMillis=57092, mValue=NitzData{mOriginalString=21/11/19,23:49:30-32,00, mZoneOffset=-28800000, mDstOffset=0, mCurrentTimeMillis=1637365770000, mEmulatorHostTimeZone=null}})]}
11-21 15:08:30.368 D/commandrouter( 1006): SocServiceHandle::onServiceMessage, SoC Service = mcu_healthcheck_1029, appType = 1, type = SVC_REQ, clientId = 0, token = 5677, payloadLen = 12, result = 0, payload.size() = 12
11-21 15:08:30.371 D/commandrouter( 1006): mcu_healthcheck_1029 (1, merlot:mcu_health:control): <ServiceResponse> FORWARDED (remote -> local) CR token ID = 5677, service client ID = 40, token ID = 10852, result = 0
11-21 15:08:30.371 D/mculinkhealth( 1029): isMcuReachable 1 (3 ms)
11-21 15:08:33.423 D/commandrouter( 1006): rtc_sync (1, rtc:sync): <ServiceRequest> FORWARDED (remote -> local) service client ID = 0, token ID = 49802
11-21 15:08:33.424 D/commandrouter( 1006): SocServiceHandle::onServiceMessage, SoC Service = rtc_sync, appType = 1, type = SVC_RESP, clientId = 0, token = 49802, payloadLen = 8, result = 0, payload.size() = 8
11-21 15:08:33.963 D/AutofillManagerService( 1186): onBackKeyPressed()
11-21 15:08:36.631 I/chatty  ( 1186): uid=1000(system) android.ui identical 3 lines
11-21 15:08:37.627 D/AutofillManagerService( 1186): onBackKeyPressed()
11-21 15:08:38.593 E/TaskPersister( 1186): File error accessing recents directory (directory doesn't exist?).
11-21 15:08:38.743 D/AutofillManagerService( 1186): onBackKeyPressed()
11-21 15:08:39.620 I/chatty  ( 1186): uid=1000(system) android.ui identical 1 line
11-21 15:08:40.635 D/AutofillManagerService( 1186): onBackKeyPressed()
11-21 15:08:41.172 W/ActivityManager( 1186): Invalid packageName: com.facebook.wearable.system.settings/com.facebook.wearable.system.settings.SettingsActivity
11-21 15:08:41.297 I/ActivityTaskManager( 1186): START u0 {flg=0x10000000 cmp=com.facebook.wearable.system.settings/.SettingsActivity} from uid 0
11-21 15:08:41.317 I/ActivityTaskManager( 1186): The Process com.facebook.wearable.system.settings Already Exists in BG. So sending its PID: 4763
11-21 15:08:41.317 W/ActivityTaskManager( 1186): Tried to set launchTime (0) < mLastActivityLaunchTime (170389118)
11-21 15:08:43.409 D/commandrouter( 1006): rtc_sync (1, rtc:sync): <ServiceRequest> FORWARDED (remote -> local) service client ID = 0, token ID = 49803
11-21 15:08:43.412 D/commandrouter( 1006): SocServiceHandle::onServiceMessage, SoC Service = rtc_sync, appType = 1, type = SVC_RESP, clientId = 0, token = 49803, payloadLen = 8, result = 0, payload.size() = 8
11-21 15:08:44.520 D/AnalyticsLogger( 1186): sent events: 12
11-21 15:08:45.462 E/TaskPersister( 1186): File error accessing recents directory (directory doesn't exist?).
11-21 15:08:48.047 W/ContextImpl( 1186): Calling a method in the system process without a qualified user: android.app.ContextImpl.sendBroadcastMultiplePermissions:1143 android.content.Context.sendBroadcastWithMultiplePermissions:2150 com.android.server.display.WifiDisplayAdapter.handleSendStatusChangeBroadcast:440 com.android.server.display.WifiDisplayAdapter.access$1700:63 com.android.server.display.WifiDisplayAdapter$WifiDisplayHandler.handleMessage:675 
11-21 15:08:49.108 W/ContextImpl( 1186): Calling a method in the system process without a qualified user: android.app.ContextImpl.sendBroadcastMultiplePermissions:1143 android.content.Context.sendBroadcastWithMultiplePermissions:2150 com.android.server.wifi.p2p.WifiP2pServiceImpl$P2pStateMachine.sendBroadcastMultiplePermissions:3209 com.android.server.wifi.p2p.WifiP2pServiceImpl$P2pStateMachine.sendP2pConnectionChangedBroadcast:3236 com.android.server.wifi.p2p.WifiP2pServiceImpl$P2pStateMachine.access$5100:768 
11-21 15:08:49.109 W/BroadcastQueue( 1186): Permission Denial: receiving Intent { act=android.net.wifi.p2p.CONNECTION_STATE_CHANGE flg=0x24000010 (has extras) } to ProcessRecord{688c834 1907:.qtidataservices/u0a88} (pid=1907, uid=10088) requires android.permission.ACCESS_FINE_LOCATION due to sender android (uid 1000)
11-21 15:08:49.246 W/ContextImpl( 1186): Calling a method in the system process without a qualified user: android.app.ContextImpl.sendBroadcastMultiplePermissions:1143 android.content.Context.sendBroadcastWithMultiplePermissions:2150 com.android.server.wifi.p2p.WifiP2pServiceImpl$P2pStateMachine.sendBroadcastMultiplePermissions:3209 com.android.server.wifi.p2p.WifiP2pServiceImpl$P2pStateMachine.sendThisDeviceChangedBroadcast:3218 com.android.server.wifi.p2p.WifiP2pServiceImpl$P2pStateMachine.updateThisDevice:3962 
11-21 15:08:49.248 W/wificond(  911): Scan is not started. Ignore abort request
11-21 15:08:49.644 D/ConnectivityService( 1186): registerNetworkAgent NetworkAgentInfo{ ni{[type: WIFI[], state: UNKNOWN/IDLE, reason: (unspecified), extra: , failover: false, available: true, roaming: false]}  network{216}  nethandle{931118632973}  lp{{InterfaceName: wlan0 LinkAddresses: [ ] DnsAddresses: [ ] Domains: null MTU: 0 Routes: [ ]}}  nc{[ Transports: WIFI Capabilities: NOT_METERED&INTERNET&NOT_RESTRICTED&TRUSTED&NOT_VPN&NOT_ROAMING&FOREGROUND&NOT_CONGESTED&NOT_SUSPENDED LinkUpBandwidth>=72000Kbps LinkDnBandwidth>=72000Kbps OwnerUid: 1000 SSID: "MTBF_Lab" RequestorUid: -1 RequestorPackageName: null]}  Score{20}  everValidated{false}  lastValidated{false}  created{false} lingering{false} explicitlySelected{false} acceptUnvalidated{false} everCaptivePortalDetected{false} lastCaptivePortalDetected{false} partialConnectivity{false} acceptPartialConnectivity{false} clat{mBaseIface: null, mIface: null, mState: IDLE} }
11-21 15:08:49.716 D/ConnectivityService( 1186): [216 WIFI] EVENT_NETWORK_INFO_CHANGED, going from UNKNOWN to UNKNOWN
11-21 15:08:49.855 D/ConnectivityService( 1186): NetReassign [no changes]
11-21 15:08:49.904 I/Nat464Xlat( 1186): Android Xlat is disabled
11-21 15:08:49.904 I/Nat464Xlat( 1186): Android Xlat is disabled
11-21 15:08:50.072 E/ConnectivityService( 1186): Exception in networkAddRouteParcel for non-gateway: android.os.ServiceSpecificException: Machine is not on the network (code 64)
11-21 15:08:50.073 E/ConnectivityService( 1186): Exception in networkAddRouteParcel for gateway: android.os.ServiceSpecificException: Machine is not on the network (code 64)
11-21 15:08:50.073 I/Nat464Xlat( 1186): Android Xlat is disabled
11-21 15:08:50.073 I/Nat464Xlat( 1186): Android Xlat is disabled
11-21 15:08:50.130 D/ConnectivityService( 1186): Setting DNS servers for network 216 to [/192.168.1.1]
11-21 15:08:50.134 I/Nat464Xlat( 1186): Android Xlat is disabled
11-21 15:08:50.134 I/Nat464Xlat( 1186): Android Xlat is disabled
11-21 15:08:50.229 D/ConnectivityService( 1186): [216 WIFI] EVENT_NETWORK_INFO_CHANGED, going from UNKNOWN to CONNECTED
11-21 15:08:50.236 D/DnsManager( 1186): sendDnsConfigurationForNetwork(216, [192.168.1.1], [], 1800, 25, 8, 64, 0, 0, , [])
11-21 15:08:50.260 W/DnsManager( 1186): updatePrivateDns(216, PrivateDnsConfig{true:/[]})
11-21 15:08:50.262 D/ConnectivityService( 1186): Setting DNS servers for network 216 to [/192.168.1.1]
11-21 15:08:50.262 D/DnsManager( 1186): sendDnsConfigurationForNetwork(216, [192.168.1.1], [], 1800, 25, 8, 64, 0, 0, , [192.168.1.1])
11-21 15:08:50.264 D/ConnectivityService( 1186): Adding iface wlan0 to network 216
11-21 15:08:50.304 D/ConnectivityService( 1186): Setting DNS servers for network 216 to [/192.168.1.1]
11-21 15:08:50.305 D/DnsManager( 1186): sendDnsConfigurationForNetwork(216, [192.168.1.1], [], 1800, 25, 8, 64, 0, 0, , [192.168.1.1])
11-21 15:08:50.307 I/Nat464Xlat( 1186): Android Xlat is disabled
11-21 15:08:50.307 I/Nat464Xlat( 1186): Android Xlat is disabled
11-21 15:08:50.370 D/ConnectivityService( 1186): NetReassign [no changes]
11-21 15:08:50.673 D/ConnectivityService( 1186): [216 WIFI] validation passed
11-21 15:08:50.674 D/ConnectivityService( 1186): NetReassign [44 : 101 → 216, 11 : 101 → 216, 63 : 101 → 216, 2885 : 101 → 216, 2235 : 101 → 216, 2877 : 101 → 216, 17 : 101 → 216, 25 : 101 → 216, 1438 : 101 → 216, 1 : 101 → 216, 2887 : 101 → 216, 8 : 101 → 216, 12 : 101 → 216, 14 : 101 → 216, 16 : 101 → 216, 22 : 101 → 216]
11-21 15:08:50.677 E/NetlinkEvent(  462): NetlinkEvent::FindParam(): Parameter 'INTERFACE' not found
11-21 15:08:50.677 E/NetlinkEvent(  462): NetlinkEvent::FindParam(): Parameter 'STATE' not found
11-21 15:08:50.677 E/NetlinkEvent(  462): NetlinkEvent::FindParam(): Parameter 'TIME_NS' not found
11-21 15:08:50.677 E/NetlinkEvent(  462): NetlinkEvent::FindParam(): Parameter 'UID' not found
11-21 15:08:50.695 D/ConnectivityService( 1186): Switching to new default network: NetworkAgentInfo{ ni{[type: WIFI[], state: CONNECTED/CONNECTED, reason: (unspecified), extra: , failover: false, available: true, roaming: false]}  network{216}  nethandle{931118632973}  lp{{InterfaceName: wlan0 LinkAddresses: [ 192.168.1.41/24 ] DnsAddresses: [ /192.168.1.1 ] Domains: null MTU: 0 ServerAddress: /192.168.1.1 TcpBufferSizes: 524288,1048576,2097152,262144,524288,1048576 Routes: [ fe80::/64 -> :: wlan0 mtu 0,192.168.1.0/24 -> 0.0.0.0 wlan0 mtu 0,0.0.0.0/0 -> 192.168.1.1 wlan0 mtu 0 ]}}  nc{[ Transports: WIFI Capabilities: NOT_METERED&INTERNET&NOT_RESTRICTED&TRUSTED&NOT_VPN&VALIDATED&NOT_ROAMING&FOREGROUND&NOT_CONGESTED&NOT_SUSPENDED LinkUpBandwidth>=61000Kbps LinkDnBandwidth>=61000Kbps SignalStrength: -34 OwnerUid: 1000 SSID: "MTBF_Lab" RequestorUid: -1 RequestorPackageName: null]}  Score{60}  everValidated{true}  lastValidated{true}  created{true} lingering{false} explicitlySelected{false} acceptUnvalidated{false} everCaptivePortalDetected{false} lastCaptivePortalDetected{false} partialConnectivity{false} acceptPartialConnectivity{false} clat{mBaseIface: null, mIface: null, mState: IDLE} }
11-21 15:08:50.796 W/SimpleTimeDetectorStrategy( 1186): Existing suggestion found to be invalid  elapsedRealtimeMillis=170418522, timeSuggestion=TelephonyTimeSuggestion{mSlotIndex='0', mUtcTime=TimestampedValue{mReferenceTimeMillis=57092, mValue=1637365770000}, mDebugInfo=[Sending new time suggestion nitzSignal=TimestampedValue{mReferenceTimeMillis=57092, mValue=NitzData{mOriginalString=21/11/19,23:49:30-32,00, mZoneOffset=-28800000, mDstOffset=0, mCurrentTimeMillis=1637365770000, mEmulatorHostTimeZone=null}}, reason=handleNitzReceived(TimestampedValue{mReferenceTimeMillis=57092, mValue=NitzData{mOriginalString=21/11/19,23:49:30-32,00, mZoneOffset=-28800000, mDstOffset=0, mCurrentTimeMillis=1637365770000, mEmulatorHostTimeZone=null}})]}
11-21 15:08:50.862 D/ConnectivityService( 1186): Lingering [101 CELLULAR] for 30000ms
11-21 15:08:50.864 D/ConnectivityService( 1186): Sending DISCONNECTED broadcast for type 0 [101 CELLULAR] isDefaultNetwork=true
11-21 15:08:50.866 D/ConnectivityService( 1186): Sending CONNECTED broadcast for type 1 [216 WIFI] isDefaultNetwork=true
11-21 15:08:50.911 D/ConnectivityService( 1186): Setting DNS servers for network 216 to [/192.168.1.1]
11-21 15:08:50.911 D/DnsManager( 1186): sendDnsConfigurationForNetwork(216, [192.168.1.1], [], 1800, 25, 8, 64, 0, 0, , [192.168.1.1])
11-21 15:08:50.935 I/Nat464Xlat( 1186): Android Xlat is disabled
11-21 15:08:50.936 I/Nat464Xlat( 1186): Android Xlat is disabled
11-21 15:08:53.401 D/commandrouter( 1006): rtc_sync (1, rtc:sync): <ServiceRequest> FORWARDED (remote -> local) service client ID = 0, token ID = 49804
11-21 15:08:53.401 D/commandrouter( 1006): SocServiceHandle::onServiceMessage, SoC Service = rtc_sync, appType = 1, type = SVC_RESP, clientId = 0, token = 49804, payloadLen = 8, result = 0, payload.size() = 8
11-21 15:09:00.372 D/commandrouter( 1006): SocServiceHandle::onServiceMessage, SoC Service = mcu_healthcheck_1029, appType = 1, type = SVC_REQ, clientId = 0, token = 5678, payloadLen = 12, result = 0, payload.size() = 12
11-21 15:09:00.376 D/commandrouter( 1006): mcu_healthcheck_1029 (1, merlot:mcu_health:control): <ServiceResponse> FORWARDED (remote -> local) CR token ID = 5678, service client ID = 40, token ID = 10853, result = 0
11-21 15:09:00.376 D/mculinkhealth( 1029): isMcuReachable 1 (4 ms)
11-21 15:09:01.274 D/AppStorageManager( 1186): BEFORE:: Previous Size: 883896320 Current Size: 884875264
11-21 15:09:01.274 D/AppStorageManager( 1186): AFTER:: Previous Size: 884875264 Current Size: 884875264
11-21 15:09:03.391 D/commandrouter( 1006): rtc_sync (1, rtc:sync): <ServiceRequest> FORWARDED (remote -> local) service client ID = 0, token ID = 49805
11-21 15:09:03.391 D/commandrouter( 1006): SocServiceHandle::onServiceMessage, SoC Service = rtc_sync, appType = 1, type = SVC_RESP, clientId = 0, token = 49805, payloadLen = 8, result = 0, payload.size() = 8
11-21 15:09:09.393 D/AutofillManagerService( 1186): onBackKeyPressed()
11-21 15:09:10.457 I/chatty  ( 1186): uid=1000(system) android.ui identical 2 lines
11-21 15:09:11.721 D/AutofillManagerService( 1186): onBackKeyPressed()
11-21 15:09:12.206 W/ActivityManager( 1186): Invalid packageName: com.facebook.wearable.system.settings/com.facebook.wearable.system.settings.SettingsActivity
11-21 15:09:12.335 I/ActivityTaskManager( 1186): START u0 {flg=0x10000000 cmp=com.facebook.wearable.system.settings/.SettingsActivity} from uid 0
11-21 15:09:12.355 I/ActivityTaskManager( 1186): The Process com.facebook.wearable.system.settings Already Exists in BG. So sending its PID: 4763
11-21 15:09:12.356 W/ActivityTaskManager( 1186): Tried to set launchTime (0) < mLastActivityLaunchTime (170409045)
--------- beginning of main
11-21 15:09:12.357 D/CompatibilityInfo( 1186): mCompatibilityFlags - 4
11-21 15:09:12.357 D/CompatibilityInfo( 1186): applicationDensity - 320
11-21 15:09:12.357 D/CompatibilityInfo( 1186): applicationScale - 1.0
11-21 15:09:12.366 I/cmd     (14557): oneway function results will be dropped but finished with status OK and parcel size 4
11-21 15:09:12.396 D/LauncherActivity( 7052): onPause
11-21 15:09:12.482 D/CompatibilityInfo( 1186): mCompatibilityFlags - 4
11-21 15:09:12.482 D/CompatibilityInfo( 1186): applicationDensity - 320
11-21 15:09:12.482 D/CompatibilityInfo( 1186): applicationScale - 1.0
11-21 15:09:12.509 D/TetheredPhoneUtil( 7052): Retrieving the tethered phone status
11-21 15:09:12.511 D/TetheredPhoneUtil( 7052): Found tethered phone status: false
11-21 15:09:12.570 E/StatusBarClientConnection( 4763): Service connected
11-21 15:09:12.590 W/View    ( 4763): requestLayout() improperly called by android.view.View{cd3e092 V.ED..... ......I. 0,368-474,474} during layout: running second layout pass
11-21 15:09:12.607 W/View    ( 4763): requestLayout() improperly called by com.facebook.wearable.common.wds.listview.WdsListView{cd9a2db V.E..V... ........ 0,0-474,474} during second layout pass: posting in next frame
11-21 15:09:12.629 D/CompatibilityInfo( 1186): mCompatibilityFlags - 4
11-21 15:09:12.629 D/CompatibilityInfo( 1186): applicationDensity - 320
11-21 15:09:12.629 D/CompatibilityInfo( 1186): applicationScale - 1.0
11-21 15:09:12.632 D/FacebookProvider( 8748): Starting SSO Network Fetch for 263529928325379
11-21 15:09:12.635 I/AccountsContentProvider( 8748): No Primary Account. Accounts Error [content://com.facebook.wearable.system.accounts.AccountsContentProvider/facebook/263529928325379]
11-21 15:09:12.642 E/DatabaseUtils( 8748): Writing exception to parcel
11-21 15:09:12.642 E/DatabaseUtils( 8748): java.lang.IllegalStateException: No Primary Account
11-21 15:09:12.642 E/DatabaseUtils( 8748): 	at com.facebook.secure.content.AbstractContentProvider.doQuery(:284)
11-21 15:09:12.642 E/DatabaseUtils( 8748): 	at com.facebook.secure.content.AbstractContentProvider.query(:8)
11-21 15:09:12.642 E/DatabaseUtils( 8748): 	at android.content.ContentProvider.query(ContentProvider.java:1474)
11-21 15:09:12.642 E/DatabaseUtils( 8748): 	at android.content.ContentProvider$Transport.query(ContentProvider.java:278)
11-21 15:09:12.642 E/DatabaseUtils( 8748): 	at android.content.ContentProviderNative.onTransact(ContentProviderNative.java:106)
11-21 15:09:12.642 E/DatabaseUtils( 8748): 	at android.os.Binder.execTransactInternal(Binder.java:1154)
11-21 15:09:12.642 E/DatabaseUtils( 8748): 	at android.os.Binder.execTransact(Binder.java:1123)
11-21 15:09:12.647 E/AccountsViewModel( 4763): AccountsViewModel.flow failed: No Primary Account
11-21 15:09:12.647 E/AccountsViewModel( 4763): java.lang.IllegalStateException: No Primary Account
11-21 15:09:12.647 E/AccountsViewModel( 4763): 	at android.os.Parcel.createExceptionOrNull(Parcel.java:2381)
11-21 15:09:12.647 E/AccountsViewModel( 4763): 	at android.os.Parcel.createException(Parcel.java:2357)
11-21 15:09:12.647 E/AccountsViewModel( 4763): 	at android.os.Parcel.readException(Parcel.java:2340)
11-21 15:09:12.647 E/AccountsViewModel( 4763): 	at android.database.DatabaseUtils.readExceptionFromParcel(DatabaseUtils.java:190)
11-21 15:09:12.647 E/AccountsViewModel( 4763): 	at android.database.DatabaseUtils.readExceptionFromParcel(DatabaseUtils.java:142)
11-21 15:09:12.647 E/AccountsViewModel( 4763): 	at android.content.ContentProviderProxy.query(ContentProviderNative.java:472)
11-21 15:09:12.647 E/AccountsViewModel( 4763): 	at android.content.ContentResolver.query(ContentResolver.java:1185)
11-21 15:09:12.647 E/AccountsViewModel( 4763): 	at android.content.ContentResolver.query(ContentResolver.java:1116)
11-21 15:09:12.647 E/AccountsViewModel( 4763): 	at com.facebook.wearable.common.accounts.contract.WearableAccountsContractRequest.query(:51)
11-21 15:09:12.647 E/AccountsViewModel( 4763): 	at kotlin.coroutines.jvm.internal.BaseContinuationImpl.invokeSuspend(:95489)
11-21 15:09:12.647 E/AccountsViewModel( 4763): 	at com.facebook.wearable.common.accounts.WearableAccountsKt$fb$1.invoke(:9)
11-21 15:09:12.647 E/AccountsViewModel( 4763): 	at com.facebook.wearable.common.coroutines.lazy.LazyAsync.get(:101)
11-21 15:09:12.647 E/AccountsViewModel( 4763): 	at kotlin.coroutines.jvm.internal.BaseContinuationImpl.invokeSuspend(:96596)
11-21 15:09:12.647 E/AccountsViewModel( 4763): 	at com.facebook.wearable.system.settings.accounts.AccountsViewModel$wearableAccountFlow$1.invoke(:11)
11-21 15:09:12.647 E/AccountsViewModel( 4763): 	at kotlinx.coroutines.flow.AbstractFlow.collect$rvp0$0(:72)
11-21 15:09:12.647 E/AccountsViewModel( 4763): 	at kotlin.coroutines.jvm.internal.BaseContinuationImpl.invokeSuspend(:95417)
11-21 15:09:12.647 E/AccountsViewModel( 4763): 	at kotlinx.coroutines.flow.FlowKt__ShareKt$launchSharing$1$2.invoke(Unknown Source:10)
11-21 15:09:12.647 E/AccountsViewModel( 4763): 	at kotlin.coroutines.jvm.internal.BaseContinuationImpl.invokeSuspend(:96715)
11-21 15:09:12.647 E/AccountsViewModel( 4763): 	at kotlinx.coroutines.flow.FlowKt__MergeKt$mapLatest$1.invoke(Unknown Source:15)
11-21 15:09:12.647 E/AccountsViewModel( 4763): 	at kotlin.coroutines.jvm.internal.BaseContinuationImpl.invokeSuspend(:96820)
11-21 15:09:12.647 E/AccountsViewModel( 4763): 	at kotlinx.coroutines.flow.internal.ChannelFlowTransformLatest$flowCollect$3$1$2.invoke(Unknown Source:10)
11-21 15:09:12.647 E/AccountsViewModel( 4763): 	at kotlinx.coroutines.CoroutineStart.invoke(:32)
11-21 15:09:12.647 E/AccountsViewModel( 4763): 	at kotlinx.coroutines.BuildersKt__Builders_commonKt.launch(:15)
11-21 15:09:12.647 E/AccountsViewModel( 4763): 	at kotlinx.coroutines.flow.internal.ChannelFlowTransformLatest$flowCollect$3$invokeSuspend$$inlined$collect$1.emit(:56)
11-21 15:09:12.647 E/AccountsViewModel( 4763): 	at kotlinx.coroutines.flow.DistinctFlowImpl$collect$$inlined$collect$1.emit(:74)
11-21 15:09:12.647 E/AccountsViewModel( 4763): 	at kotlinx.coroutines.flow.FlowKt__LimitKt$dropWhile$lambda-4$$inlined$collect$1.emit(:114)
11-21 15:09:12.647 E/AccountsViewModel( 4763): 	at kotlinx.coroutines.flow.FlowKt__ChannelsKt.emitAllImpl$FlowKt__ChannelsKt(:123)
11-21 15:09:12.647 E/AccountsViewModel( 4763): 	at kotlin.coroutines.jvm.internal.BaseContinuationImpl.invokeSuspend(:96917)
11-21 15:09:12.647 E/AccountsViewModel( 4763): 	at kotlin.coroutines.jvm.internal.BaseContinuationImpl.resumeWith(:5)
11-21 15:09:12.647 E/AccountsViewModel( 4763): 	at kotlinx.coroutines.DispatchedTask.run(:131)
11-21 15:09:12.647 E/AccountsViewModel( 4763): 	at java.util.concurrent.Executors$RunnableAdapter.call(Executors.java:462)
11-21 15:09:12.647 E/AccountsViewModel( 4763): 	at java.util.concurrent.FutureTask.run(FutureTask.java:266)
11-21 15:09:12.647 E/AccountsViewModel( 4763): 	at com.facebook.wearable.common.executors.DelayedFutureTask.run(:22)
11-21 15:09:12.647 E/AccountsViewModel( 4763): 	at java.util.concurrent.ThreadPoolExecutor.runWorker(ThreadPoolExecutor.java:1167)
11-21 15:09:12.647 E/AccountsViewModel( 4763): 	at java.util.concurrent.ThreadPoolExecutor$Worker.run(ThreadPoolExecutor.java:641)
11-21 15:09:12.647 E/AccountsViewModel( 4763): 	at com.facebook.wearable.common.executors.NamedThreadFactory$1.run(:7)
11-21 15:09:12.755 D/CompatibilityInfo( 1186): mCompatibilityFlags - 4
11-21 15:09:12.755 D/CompatibilityInfo( 1186): applicationDensity - 320
11-21 15:09:12.756 D/CompatibilityInfo( 1186): applicationScale - 1.0
11-21 15:09:12.892 D/CompatibilityInfo( 1186): mCompatibilityFlags - 4
11-21 15:09:12.892 D/CompatibilityInfo( 1186): applicationDensity - 320
11-21 15:09:12.892 D/CompatibilityInfo( 1186): applicationScale - 1.0
11-21 15:09:12.915 D/ComplicationController( 7052): Stopping complication controller.
11-21 15:09:12.920 D/ComplicationDataManagerImpl( 7052): Fetching complication data for package: com.facebook.wearable.apps.calendar, com.facebook.wearable.apps.calendar.DAY_DATE_COMPLICATION.
11-21 15:09:12.921 D/ComplicationDataManagerImpl( 7052): Fetching complication data for package: com.facebook.wearable.apps.player, com.facebook.wearable.apps.player.SHORTCUT_COMPLICATION.
11-21 15:09:12.921 D/ComplicationDataManagerImpl( 7052): Fetching complication data for package: com.facebook.wearable.apps.gallery, com.facebook.wearable.apps.gallery.SHORTCUT_COMPLICATION.
11-21 15:09:12.922 D/ComplicationDataManagerImpl( 7052): Fetching complication data for package: com.facebook.wearable.apps.heart, com.facebook.wearable.apps.heart.HEART_RATE.
11-21 15:09:12.932 D/CompatibilityInfo( 1186): mCompatibilityFlags - 4
11-21 15:09:12.933 D/CompatibilityInfo( 1186): applicationDensity - 320
11-21 15:09:12.933 D/CompatibilityInfo( 1186): applicationScale - 1.0
11-21 15:09:12.990 D/CompatibilityInfo( 1186): mCompatibilityFlags - 4
11-21 15:09:12.990 D/CompatibilityInfo( 1186): applicationDensity - 320
11-21 15:09:12.991 D/CompatibilityInfo( 1186): applicationScale - 1.0
11-21 15:09:13.386 D/commandrouter( 1006): rtc_sync (1, rtc:sync): <ServiceRequest> FORWARDED (remote -> local) service client ID = 0, token ID = 49806
11-21 15:09:13.386 D/vendor.facebook.rtc_sync@1.0-service( 1145): Request req_ts=1637507353386718172 resp_ts=1637507353386474939
11-21 15:09:13.386 D/commandrouter( 1006): SocServiceHandle::onServiceMessage, SoC Service = rtc_sync, appType = 1, type = SVC_RESP, clientId = 0, token = 49806, payloadLen = 8, result = 0, payload.size() = 8
11-21 15:09:13.400 D/UIAutomatorStub(28121): URI: /jsonrpc/0, Method: POST, Header: {content-length=192, remote-addr=127.0.0.1, http-client-ip=127.0.0.1, host=localhost:9012, content-type=application/json, accept-encoding=identity}, params, {NanoHttpd.QUERY_STRING=null}, files: {postData={"jsonrpc": "2.0", "method": "waitForExists", "id": "59b6afd6f848bc65a02d192c7f05c24d", "params": [{"mask": 1, "childOrSibling": [], "childOrSiblingSelector": [], "text": "Notifications"}, 5]}}
11-21 15:09:13.448 D/UIAutomatorStub(28121): URI: /jsonrpc/0, Method: POST, Header: {content-length=191, remote-addr=127.0.0.1, http-client-ip=127.0.0.1, host=localhost:9012, content-type=application/json, accept-encoding=identity}, params, {NanoHttpd.QUERY_STRING=null}, files: {postData={"jsonrpc": "2.0", "method": "waitForExists", "id": "fe7328bd411007629163beb9e06619ed", "params": [{"mask": 1, "childOrSibling": [], "childOrSiblingSelector": [], "text": "Connectivity"}, 5]}}
11-21 15:09:13.510 D/UIAutomatorStub(28121): URI: /jsonrpc/0, Method: POST, Header: {content-length=180, remote-addr=127.0.0.1, http-client-ip=127.0.0.1, host=localhost:9012, content-type=application/json, accept-encoding=identity}, params, {NanoHttpd.QUERY_STRING=null}, files: {postData={"jsonrpc": "2.0", "method": "click", "id": "1e129e67febe183af7553559a0866c77", "params": [{"mask": 1, "childOrSibling": [], "childOrSiblingSelector": [], "text": "Connectivity"}]}}
11-21 15:09:13.558 E/ANDR-PERF-OPTSHANDLER(  552): Unable to find the correct node storage pointers for                   resource index=16, node path=/proc/sys/kernel/sched_upmigrate
11-21 15:09:13.559 E/ANDR-PERF-RESOURCEQS(  552): Failed to reset optimization [3, 7]
11-21 15:09:13.559 E/ANDR-PERF-OPTSHANDLER(  552): Unable to find the correct node storage pointers for                   resource index=17, node path=/proc/sys/kernel/sched_downmigrate
11-21 15:09:13.559 E/ANDR-PERF-RESOURCEQS(  552): Failed to reset optimization [3, 8]
11-21 15:09:13.559 E/ANDR-PERF-OPTSHANDLER(  552): Perflock resource /sys/module/lpm_levels/parameters/bias_hyst not supported
11-21 15:09:13.559 E/ANDR-PERF-RESOURCEQS(  552): Failed to reset optimization [1, 2]
11-21 15:09:13.559 E/ANDR-PERF-OPTSHANDLER(  552): Perflock resource /proc/sys/kernel/sched_group_upmigrate not supported
11-21 15:09:13.559 E/ANDR-PERF-RESOURCEQS(  552): Failed to reset optimization [3, 21]
11-21 15:09:13.559 E/ANDR-PERF-OPTSHANDLER(  552): Perflock resource /proc/sys/kernel/sched_group_downmigrate not supported
11-21 15:09:13.559 E/ANDR-PERF-RESOURCEQS(  552): Failed to reset optimization [3, 22]
11-21 15:09:13.606 W/StatusBarClientConnection( 4763): Messenger is null, ignoring message: { when=-1d23h20m41s331ms barrier=1 }
11-21 15:09:13.618 W/HWComposer(  598): Ignoring duplicate VSYNC event from HWC for display 0 (t=170441343664407)
11-21 15:09:13.641 E/StatusBarClientConnection( 4763): Service connected
11-21 15:09:13.670 W/View    ( 4763): requestLayout() improperly called by android.view.View{fbb2638 V.ED..... ......I. 0,368-474,474} during layout: running second layout pass
11-21 15:09:13.689 W/View    ( 4763): requestLayout() improperly called by com.facebook.wearable.common.wds.listview.WdsListView{7ed6dee V.E..V... ........ 0,0-474,474} during second layout pass: posting in next frame
11-21 15:09:14.348 E/ANDR-PERF-OPTSHANDLER(  552): perf_lock_rel: failed for /proc/sys/vm/swap_ratio as previous value is not stored
11-21 15:09:14.348 E/ANDR-PERF-OPTSHANDLER(  552): perf_lock_rel: failed for /sys/class/kgsl/kgsl-3d0/min_pwrlevel as previous value is not stored
11-21 15:09:14.350 E/ANDR-PERF-RESOURCEQS(  552): Failed to reset optimization [3, 0]
11-21 15:09:15.254 E/TaskPersister( 1186): File error accessing recents directory (directory doesn't exist?).
11-21 15:09:15.284 I/chatty  ( 2334): uid=10062(com.facebook.wearable.system.selfcare) MainTP_1652 expire 3 lines
11-21 15:09:15.453 I/chatty  ( 2334): uid=10062(com.facebook.wearable.system.selfcare) MainTP_1651 expire 3 lines
11-21 15:09:15.591 I/chatty  ( 2334): uid=10062(com.facebook.wearable.system.selfcare) MainTP_1655 expire 3 lines
11-21 15:09:15.743 I/chatty  ( 2334): uid=10062(com.facebook.wearable.system.selfcare) MainTP_1653 expire 3 lines
11-21 15:09:15.906 I/chatty  ( 2334): uid=10062(com.facebook.wearable.system.selfcare) MainTP_1654 expire 3 lines
11-21 15:09:16.213 I/chatty  ( 2334): uid=10062(com.facebook.wearable.system.selfcare) pool-3-thread-2 expire 1 line
11-21 15:09:16.341 I/chatty  ( 2334): uid=10062(com.facebook.wearable.system.selfcare) pool-3-thread-3 expire 4 lines
11-21 15:09:16.633 D/UIAutomatorStub(28121): URI: /jsonrpc/0, Method: POST, Header: {content-length=183, remote-addr=127.0.0.1, http-client-ip=127.0.0.1, host=localhost:9012, content-type=application/json, accept-encoding=identity}, params, {NanoHttpd.QUERY_STRING=null}, files: {postData={"jsonrpc": "2.0", "method": "waitForExists", "id": "327e353559a5dffa17705d04d5dca2fd", "params": [{"mask": 1, "childOrSibling": [], "childOrSiblingSelector": [], "text": "WiFi"}, 5]}}
11-21 15:09:16.675 D/UIAutomatorStub(28121): URI: /jsonrpc/0, Method: POST, Header: {content-length=172, remote-addr=127.0.0.1, http-client-ip=127.0.0.1, host=localhost:9012, content-type=application/json, accept-encoding=identity}, params, {NanoHttpd.QUERY_STRING=null}, files: {postData={"jsonrpc": "2.0", "method": "click", "id": "73e1f223ff2b30f0d9d139c7f96cad9f", "params": [{"mask": 1, "childOrSibling": [], "childOrSiblingSelector": [], "text": "WiFi"}]}}
11-21 15:09:16.792 W/StatusBarClientConnection( 4763): Messenger is null, ignoring message: { when=-1d23h20m44s518ms barrier=1 }
11-21 15:09:16.867 E/StatusBarClientConnection( 4763): Service connected
11-21 15:09:16.876 D/CompatibilityInfo( 1186): mCompatibilityFlags - 4
11-21 15:09:16.876 D/CompatibilityInfo( 1186): applicationDensity - 320
11-21 15:09:16.876 D/CompatibilityInfo( 1186): applicationScale - 1.0
11-21 15:09:16.897 D/WifiConnector( 2870): Network State Changed
11-21 15:09:16.907 W/View    ( 4763): requestLayout() improperly called by android.view.View{135c5c3 V.ED..... ......I. 0,368-474,474} during layout: running second layout pass
11-21 15:09:16.922 D/WifiSharingService( 2870): Starting Wi-Fi scan
11-21 15:09:16.923 I/WifiService( 1186): startScan uid=1000
11-21 15:09:16.925 W/View    ( 4763): requestLayout() improperly called by com.facebook.wearable.common.wds.listview.WdsListView{b074047 V.E..V... ........ 0,0-474,474} during second layout pass: posting in next frame
11-21 15:09:16.937 D/WifiNative( 1186): Scan trigered from WifiNative
11-21 15:09:16.938 I/chatty  ( 1026): uid=1021(gps) lowi-server expire 76 lines
11-21 15:09:16.939 V/WifiHAL (  544): event received NL80211_CMD_TRIGGER_SCAN
11-21 15:09:17.027 I/chatty  ( 2334): uid=10062(com.facebook.wearable.system.selfcare) pool-3-thread-1 expire 5 lines
11-21 15:09:17.476 V/WifiHAL (  544): event received NL80211_CMD_NEW_SCAN_RESULTS
11-21 15:09:17.478 D/WifiNl80211Manager( 1186): Scan result ready event
11-21 15:09:17.478 D/WifiNative( 1186): Scan result ready event
11-21 15:09:17.484 D/LOWI-9.0.0.80( 1026): [LOWI-Scan] 
