11-20 00:32:11.422 W/SupplicantStaIfaceHal( 1194): ISupplicant died: cookie=75
11-20 00:32:11.423 D/WifiClientModeManager1( 1194): entering ScanOnlyModeState
11-20 00:32:11.424 D/WifiScanRequestProxy( 1194): Sending scan available broadcast: true
11-20 00:32:11.424 I/WifiScanningService( 1194): Received a request to enable scanning, UID = 1000
11-20 00:32:11.424 I/WifiScanningService( 1194): scanner impls already exists
11-20 00:32:11.424 E/WifiScanningService( 1194): wifi driver loaded received while already loaded
11-20 00:32:11.425 D/WifiP2pService( 1194): Wifi enabled=false, P2P Interface availability=true
11-20 00:32:11.426 I/WifiScanRequestProxy( 1194): Scanning is enabled
11-20 00:32:11.427 I/WifiScanRequestProxy( 1194): Scanning for hidden networks is disabled
11-20 00:32:11.427 D/WakeupController( 1194): start()
11-20 00:32:11.428 D/WakeupController( 1194): Setting active to true
11-20 00:32:11.436 D/WakeupLock( 1194): Lock set. Number of networks: 1
11-20 00:32:11.439 D/WifiClientModeImpl( 1194): ClientModeImpl: Leaving Connected state
11-20 00:32:11.440 D/WifiCountryCode( 1194): updateCountryCode to US
11-20 00:32:11.441 E/SupplicantStaIfaceHal( 1194): Can't call setCountryCode, ISupplicantStaIface is null
11-20 00:32:11.441 D/WifiCountryCode( 1194): Failed to set country code to: US
11-20 00:32:11.450 E/SupplicantStaIfaceHal( 1194): Can't call listNetworks, ISupplicantStaIface is null
11-20 00:32:11.450 E/SupplicantStaIfaceHal( 1194): removeAllNetworks failed, got null networks
11-20 00:32:11.450 E/WifiClientModeImpl( 1194): Failed to remove networks on exiting connect mode
11-20 00:32:11.452 E/WakeupController( 1194): Unexpected setLastDisconnectInfo when WakeupController is active!
11-20 00:32:11.453 E/WifiVendorHal( 1194): stopRssiMonitoring(l.2106) failed {.code = ERROR_NOT_AVAILABLE, .description = }
11-20 00:32:11.453 E/SupplicantStaIfaceHal( 1194): Can't call setPowerSave, ISupplicantStaIface is null
11-20 00:32:11.453 E/SupplicantStaIfaceHal( 1194): Can't call setBtCoexistenceMode, ISupplicantStaIface is null
11-20 00:32:11.454 V/WifiClientModeImpl( 1194): stopIpClient IpClientWithPreConnection: false
11-20 00:32:11.454 V/WifiClientModeImpl( 1194): java.lang.Throwable
11-20 00:32:11.454 V/WifiClientModeImpl( 1194): 	at com.android.server.wifi.ClientModeImpl.stopIpClient(ClientModeImpl.java:1127)
11-20 00:32:11.454 V/WifiClientModeImpl( 1194): 	at com.android.server.wifi.ClientModeImpl.stopDhcpSetup(ClientModeImpl.java:1153)
11-20 00:32:11.454 V/WifiClientModeImpl( 1194): 	at com.android.server.wifi.ClientModeImpl.handleNetworkDisconnect(ClientModeImpl.java:2945)
11-20 00:32:11.454 V/WifiClientModeImpl( 1194): 	at com.android.server.wifi.ClientModeImpl.stopClientMode(ClientModeImpl.java:3889)
11-20 00:32:11.454 V/WifiClientModeImpl( 1194): 	at com.android.server.wifi.ClientModeImpl.access$4600(ClientModeImpl.java:176)
11-20 00:32:11.454 V/WifiClientModeImpl( 1194): 	at com.android.server.wifi.ClientModeImpl$ConnectModeState.exit(ClientModeImpl.java:4064)
11-20 00:32:11.454 V/WifiClientModeImpl( 1194): 	at com.android.wifi.x.com.android.internal.util.StateMachine$SmHandler.invokeExitMethods(StateMachine.java:1021)
11-20 00:32:11.454 V/WifiClientModeImpl( 1194): 	at com.android.wifi.x.com.android.internal.util.StateMachine$SmHandler.performTransitions(StateMachine.java:877)
11-20 00:32:11.454 V/WifiClientModeImpl( 1194): 	at com.android.wifi.x.com.android.internal.util.StateMachine$SmHandler.handleMessage(StateMachine.java:819)
11-20 00:32:11.454 V/WifiClientModeImpl( 1194): 	at android.os.Handler.dispatchMessage(Handler.java:106)
11-20 00:32:11.454 V/WifiClientModeImpl( 1194): 	at android.os.Looper.loop(Looper.java:223)
11-20 00:32:11.454 V/WifiClientModeImpl( 1194): 	at android.os.HandlerThread.run(HandlerThread.java:67)
11-20 00:32:11.455 D/DhcpClient( 1194): doQuit
11-20 00:32:11.456 D/ConnectivityService( 1194): [136 WIFI] EVENT_NETWORK_INFO_CHANGED, going from CONNECTED to DISCONNECTED
11-20 00:32:11.456 D/ConnectivityService( 1194): [136 WIFI] disconnected, was satisfying 27
11-20 00:32:11.457 D/QCNEJ/WlanStaInfoRelay( 1900): Received action: android.net.wifi.STATE_CHANGE
11-20 00:32:11.458 D/QCNEJ/WlanStaInfoRelay( 1900): reset CountryCodeRetriever
11-20 00:32:11.458 D/WifiConnector( 2841): Network State Changed
11-20 00:32:11.459 D/WifiDiags( 1194): stopLogging() iface list is {} after removing wlan0
11-20 00:32:11.460 E/WifiVendorHal( 1194): resetLogHandler(l.1558) failed {.code = ERROR_NOT_AVAILABLE, .description = }
11-20 00:32:11.461 W/WifiDiags( 1194): Fail to reset log handler
11-20 00:32:11.462 E/QMI_FW  (  927): qmi_cci_get_ref: ref count increased 2
11-20 00:32:11.465 E/QMI_FW  (  927): qmi_cci_get_ref: ref count increased 2
11-20 00:32:11.470 E/QMI_FW  ( 1113): qmi_cci_get_ref: ref count increased 2
11-20 00:32:11.473 D/AnalyticsLogger( 1194): sent events: 12
11-20 00:32:11.485 E/QMI_FW  ( 1113): qmi_cci_get_ref: ref count increased 2
11-20 00:32:11.495 E/QMI_FW  ( 1113): qmi_cci_get_ref: ref count increased 2
11-20 00:32:11.507 I/chatty  ( 1113): uid=1001(radio) main identical 6 lines
11-20 00:32:11.509 E/QMI_FW  ( 1113): qmi_cci_get_ref: ref count increased 2
11-20 00:32:11.511 E/QMI_FW  ( 1113): qmi_cci_get_ref: ref count increased 2
11-20 00:32:11.521 I/chatty  ( 1113): uid=1001(radio) main identical 2 lines
11-20 00:32:11.522 E/QMI_FW  ( 1113): qmi_cci_get_ref: ref count increased 2
11-20 00:32:11.522 D/WifiMemoryStoreImpl( 1194): Set cluster Gded792457511e862 for We4936d4057368143: SUCCESS
11-20 00:32:11.527 E/QMI_FW  ( 1113): qmi_cci_get_ref: ref count increased 2
11-20 00:32:11.528 E/QMI_FW  ( 1113): qmi_cci_get_ref: ref count increased 2
11-20 00:32:11.530 I/GnssNetworkConnectivityHandler( 1194): Network connection lost. Available networks count: 1
11-20 00:32:11.531 I/GnssNetworkConnectivityHandler( 1194): updateNetworkState, state=CLOSED, connected=false, network=136, capabilities=[ Transports: WIFI Capabilities: NOT_METERED&INTERNET&NOT_RESTRICTED&TRUSTED&NOT_VPN&VALIDATED&NOT_ROAMING&FOREGROUND&NOT_CONGESTED&NOT_SUSPENDED LinkUpBandwidth>=68000Kbps LinkDnBandwidth>=68000Kbps SignalStrength: -29 OwnerUid: 1000 AdministratorUids: [] SSID: "MTBF_Lab" RequestorUid: -1 RequestorPackageName: null], apn: , availableNetworkCount: 1
11-20 00:32:11.532 E/QMI_FW  ( 1113): qmi_cci_get_ref: ref count increased 2
11-20 00:32:11.533 W/LocSvc_LocIpc(  523): send:66] failed reason: No such file or directory
11-20 00:32:11.535 E/QMI_FW  ( 1113): qmi_cci_get_ref: ref count increased 2
11-20 00:32:11.537 D/DhcpClient( 1194): DHCP Packet Handler stopped
11-20 00:32:11.537 D/DhcpClient( 1194): onQuitting
11-20 00:32:11.557 W/MqttClient( 2665): connection/disconnecting; reason=READ_SOCKET, operation=NETWORK_THREAD_LOOP
11-20 00:32:11.557 W/System.err( 2665): DEBUG: com.whatsapp.net.tls13.WtSocketWrapper.sendAlertAndShutdown(:86) : Sending Alert : type : WARNING description : close_notify(0) exception : 
11-20 00:32:11.558 W/System.err( 2665): ERROR: com.whatsapp.net.logging.WtLog.log$REDEX$HQcOuACUrr4(:4) : Encountered exception. Nothing much can be done here. com.whatsapp.net.alerts.WtAlertException
11-20 00:32:11.560 D/QCNEJ/DefaultNetworkInfoRelay( 1900): Default network lost: 136
11-20 00:32:11.560 I/Nat464Xlat( 1194): Android Xlat is disabled
11-20 00:32:11.562 D/DeviceAuthService(16172): Network lost
11-20 00:32:11.568 D/QCNEJ/WlanStaInfoRelay( 1900): network lost: 136
11-20 00:32:11.569 D/QCNEJ/WlanStaInfoRelay( 1900): onLost: unbind the process to WIFI
11-20 00:32:11.571 I/WM-WorkerWrapper( 2351): Work [ id=731e9e35-e8c2-49b1-b246-986e05f06ab6, tags={ com.facebook.wearable.system.selfcare.sharing.StickerBundleDatabaseWorker } ] was cancelled
11-20 00:32:11.571 I/WM-WorkerWrapper( 2351): java.util.concurrent.CancellationException: Task was cancelled.
11-20 00:32:11.571 I/WM-WorkerWrapper( 2351): 	at androidx.work.impl.utils.futures.AbstractFuture.getDoneValue(:32)
11-20 00:32:11.571 I/WM-WorkerWrapper( 2351): 	at androidx.work.impl.utils.futures.AbstractFuture.get(:268435546)
11-20 00:32:11.571 I/WM-WorkerWrapper( 2351): 	at androidx.work.impl.WorkerWrapper$2.run(:3)
11-20 00:32:11.571 I/WM-WorkerWrapper( 2351): 	at androidx.work.impl.utils.SerialExecutor$Task.run(:2)
11-20 00:32:11.571 I/WM-WorkerWrapper( 2351): 	at java.util.concurrent.ThreadPoolExecutor.runWorker(ThreadPoolExecutor.java:1167)
11-20 00:32:11.571 I/WM-WorkerWrapper( 2351): 	at java.util.concurrent.ThreadPoolExecutor$Worker.run(ThreadPoolExecutor.java:641)
11-20 00:32:11.571 I/WM-WorkerWrapper( 2351): 	at java.lang.Thread.run(Thread.java:923)
11-20 00:32:11.571 D/SettingsSDK::SyncHelper( 2351): Read setting com.facebook.wearable.sdk.selfcare:SELFCARE_SERVICE_ENABLED from persistent cache
11-20 00:32:11.575 E/StickerBundleDatabaseWorker( 2351): Failed to fetch sticker bundles:
11-20 00:32:11.575 E/StickerBundleDatabaseWorker( 2351): kotlinx.coroutines.JobCancellationException: Job was cancelled; job=JobImpl{Cancelling}@6926a68
11-20 00:32:11.575 D/FacebookRepository( 2351): Reading from Store [906581286488774]
11-20 00:32:11.590 E/WifiNative( 1194): Could not get Iface object for interface null
11-20 00:32:11.591 D/WifiNetworkAgent( 1194): NetworkAgent: NetworkAgent channel lost
11-20 00:32:11.560 I/Nat464Xlat( 1194): Android Xlat is disabled
11-20 00:32:11.599 D/ConnectivityService( 1194): Sending DISCONNECTED broadcast for type 1 [136 WIFI] isDefaultNetwork=true
11-20 00:32:11.601 D/ConnectivityService( 1194): NetReassign [8 : null → 100, 20 : null → 100, 46 : null → 100, 45 : null → 100, 626 : null → 100, 12 : null → 100, 22 : null → 100, 16 : null → 100, 603 : null → 100, 14 : null → 100, 50 : null → 100, 18 : null → 100, 11 : null → 100, 629 : null → 100, 1 : null → 100, 17 : null → 100]
11-20 00:32:11.614 E/NetlinkEvent(  459): NetlinkEvent::FindParam(): Parameter 'INTERFACE' not found
11-20 00:32:11.614 E/NetlinkEvent(  459): NetlinkEvent::FindParam(): Parameter 'STATE' not found
11-20 00:32:11.614 E/NetlinkEvent(  459): NetlinkEvent::FindParam(): Parameter 'TIME_NS' not found
11-20 00:32:11.614 E/NetlinkEvent(  459): NetlinkEvent::FindParam(): Parameter 'UID' not found
11-20 00:32:11.624 D/ConnectivityService( 1194): Switching to new default network: NetworkAgentInfo{ ni{[type: MOBILE[LTE], state: CONNECTED/CONNECTED, reason: (unspecified), extra: nxtgenphone, failover: false, available: true, roaming: false]}  network{100}  nethandle{432902426637}  lp{{InterfaceName: rmnet_data2 LinkAddresses: [ 10.129.103.196/29,2600:380:c119:24f:b89a:9f3c:46c1:95af/64 ] DnsAddresses: [ /172.26.38.1,/fc00:a:a::300 ] Domains: null MTU: 1430 TcpBufferSizes: 2097152,4194304,8388608,262144,524288,1048576 Routes: [ 0.0.0.0/0 -> 10.129.103.197 rmnet_data2 mtu 1430,::/0 -> fe80::b45f:41f1:1846:969d rmnet_data2 mtu 1430,10.129.103.192/29 -> 0.0.0.0 rmnet_data2 mtu 0,2600:380:c119:24f::/64 -> :: rmnet_data2 mtu 0 ]}}  nc{[ Transports: CELLULAR Capabilities: MMS&SUPL&FOTA&INTERNET&NOT_RESTRICTED&TRUSTED&NOT_VPN&VALIDATED&NOT_ROAMING&NOT_CONGESTED&NOT_SUSPENDED LinkUpBandwidth>=15000Kbps LinkDnBandwidth>=30000Kbps Specifier: <TelephonyNetworkSpecifier [mSubId = 1]> AdministratorUids: [] RequestorUid: -1 RequestorPackageName: null]}  Score{50}  everValidated{true}  lastValidated{true}  created{true} lingering{false} explicitlySelected{false} acceptUnvalidated{false} everCaptivePortalDetected{false} lastCaptivePortalDetected{false} partialConnectivity{false} acceptPartialConnectivity{false} clat{mBaseIface: null, mIface: null, mState: IDLE} }
11-20 00:32:11.648 D/WifiMemoryStoreImpl( 1194): Set cluster Gded792457511e862 for Wded792457511e862: SUCCESS
11-20 00:32:11.693 E/WifiNative( 1194): Could not get Iface object for interface null
11-20 00:32:11.776 W/system_server( 1194): Long monitor contention with owner NetworkPolicy (1633) at void com.android.server.net.NetworkPolicyManagerService.updateNetworksInternal()(NetworkPolicyManagerService.java:1527) waiters=0 in boolean com.android.server.net.NetworkPolicyManagerService$NetworkPolicyManagerInternalImpl.isUidNetworkingBlocked(int, java.lang.String) for 107ms
11-20 00:32:11.778 D/DeviceAuthService(16172): Network connected
11-20 00:32:11.778 D/DeviceAuthService(16172): fetchAuthTokenWrapper called
11-20 00:32:11.783 D/CompatibilityInfo( 1194): mCompatibilityFlags - 4
11-20 00:32:11.783 D/CompatibilityInfo( 1194): applicationDensity - 320
11-20 00:32:11.783 D/CompatibilityInfo( 1194): applicationScale - 1.0
11-20 00:32:11.787 E/DeviceAuthenticator(16172): Failed to resolve oculus.com
11-20 00:32:11.787 D/DeviceAuthService(16172): isOculusAddressResolvable returned false
11-20 00:32:11.788 D/DeviceAuthService(16172): network is still available, run handler
11-20 00:32:11.792 D/QCNEJ/DefaultNetworkInfoRelay( 1900): Default network available: 100
11-20 00:32:11.793 D/QCNEJ/NativeHalConnector( 1900): -> SND notifyDefaultNetworkChanged(0)
11-20 00:32:11.795 E/QMI_FW  (  927): qmi_cci_get_ref: ref count increased 2
11-20 00:32:11.798 E/QMI_FW  (  927): qmi_cci_get_ref: ref count increased 2
11-20 00:32:11.803 V/LigerRadioStatsReporter( 2384): onCapabilitiesChanged: Network capabilities changed
11-20 00:32:11.803 V/LigerRadioStatsReporter( 2384): reportAndCheckpointRadioStats
11-20 00:32:11.805 V/LigerRadioStatsReporter( 2384): +++++++++++ RADIO STATS DUMP +++++++++++
11-20 00:32:11.805 V/LigerRadioStatsReporter( 2384): totalActiveRadioTimeMs=0
11-20 00:32:11.805 V/LigerRadioStatsReporter( 2384): totalTailRadioTimeMs=13995
11-20 00:32:11.805 V/LigerRadioStatsReporter( 2384): totalWakeupCount=0
11-20 00:32:11.805 V/LigerRadioStatsReporter( 2384): httpUpBytes=0
11-20 00:32:11.805 V/LigerRadioStatsReporter( 2384): httpDownBytes=0
11-20 00:32:11.805 V/LigerRadioStatsReporter( 2384): httpWakeupCount=0
11-20 00:32:11.805 V/LigerRadioStatsReporter( 2384): httpRequestCount=0
11-20 00:32:11.805 V/LigerRadioStatsReporter( 2384): httpActiveRadioTimeMs=0
11-20 00:32:11.805 V/LigerRadioStatsReporter( 2384): httpTailRadioTimeMs=13995
11-20 00:32:11.805 V/LigerRadioStatsReporter( 2384): reportAndCheckpointRadioStats: Tx=0
11-20 00:32:11.805 V/LigerRadioStatsReporter( 2384): reportAndCheckpointRadioStats: Rx=0
11-20 00:32:11.805 V/LigerRadioStatsReporter( 2384): reportAndCheckpointRadioStats: Uids=10028
11-20 00:32:11.806 V/LigerRadioStatsReporter( 2384): reportAndCheckpointRadioStats: Tags=null
11-20 00:32:11.808 D/NetworkTimeUpdateService( 1194): New default network 100; checking time.
11-20 00:32:11.829 D/QCNEJ/WwanInfoRelay( 1900): onCapabilitiesChanged: 100 [ Transports: CELLULAR Capabilities: MMS&SUPL&FOTA&INTERNET&NOT_RESTRICTED&TRUSTED&NOT_VPN&VALIDATED&NOT_ROAMING&FOREGROUND&NOT_CONGESTED&NOT_SUSPENDED LinkUpBandwidth>=15000Kbps LinkDnBandwidth>=30000Kbps Specifier: <TelephonyNetworkSpecifier [mSubId = 1]> AdministratorUids: [] RequestorUid: -1 RequestorPackageName: null]
11-20 00:32:11.831 I/QCNEJ/WwanInfoRelay( 1900): cacheWwanInfo subId = 1 phoneId = 0 slotId = 0
11-20 00:32:11.835 D/ConnectivityService( 1194): Sending CONNECTED broadcast for type 0 [100 CELLULAR] isDefaultNetwork=true
11-20 00:32:11.842 V/LigerRadioStatsReporter( 2384): onCapabilitiesChanged: Network capabilities changed
11-20 00:32:11.859 D/CompatibilityInfo( 1194): mCompatibilityFlags - 4
11-20 00:32:11.859 D/CompatibilityInfo( 1194): applicationDensity - 320
11-20 00:32:11.859 D/CompatibilityInfo( 1194): applicationScale - 1.0
11-20 00:32:11.982 E/SelfCareDataCloudSyncWorker( 2351): Failed to get access token
11-20 00:32:11.982 E/SelfCareDataCloudSyncWorker( 2351): kotlinx.coroutines.JobCancellationException: Job was cancelled; job=JobImpl{Cancelling}@211f3b2
11-20 00:32:11.982 I/WM-WorkerWrapper( 2351): Work [ id=41176d4d-428f-4560-a8c8-961a1631ba8f, tags={ com.facebook.wearable.system.selfcare.cloudsync.SelfCareDataCloudSyncWorker } ] was cancelled
11-20 00:32:11.982 I/WM-WorkerWrapper( 2351): java.util.concurrent.CancellationException: Task was cancelled.
11-20 00:32:11.982 I/WM-WorkerWrapper( 2351): 	at androidx.work.impl.utils.futures.AbstractFuture.getDoneValue(:32)
11-20 00:32:11.982 I/WM-WorkerWrapper( 2351): 	at androidx.work.impl.utils.futures.AbstractFuture.get(:268435546)
11-20 00:32:11.982 I/WM-WorkerWrapper( 2351): 	at androidx.work.impl.WorkerWrapper$2.run(:3)
11-20 00:32:11.982 I/WM-WorkerWrapper( 2351): 	at androidx.work.impl.utils.SerialExecutor$Task.run(:2)
11-20 00:32:11.982 I/WM-WorkerWrapper( 2351): 	at java.util.concurrent.ThreadPoolExecutor.runWorker(ThreadPoolExecutor.java:1167)
11-20 00:32:11.982 I/WM-WorkerWrapper( 2351): 	at java.util.concurrent.ThreadPoolExecutor$Worker.run(ThreadPoolExecutor.java:641)
11-20 00:32:11.982 I/WM-WorkerWrapper( 2351): 	at java.lang.Thread.run(Thread.java:923)
11-20 00:32:12.058 D/CompatibilityInfo( 1194): mCompatibilityFlags - 4
11-20 00:32:12.058 D/CompatibilityInfo( 1194): applicationDensity - 320
11-20 00:32:12.058 D/CompatibilityInfo( 1194): applicationScale - 1.0
11-20 00:32:12.099 E/QMI_FW  ( 1113): qmi_cci_get_ref: ref count increased 2
11-20 00:32:12.099 E/QMI_FW  ( 1113): qmi_cci_get_ref: ref count increased 2
11-20 00:32:12.100 E/QMI_FW  ( 1113): qmi_cci_get_ref: ref count increased 2
11-20 00:32:12.127 I/WM-WorkerWrapper( 2351): Work [ id=731e9e35-e8c2-49b1-b246-986e05f06ab6, tags={ com.facebook.wearable.system.selfcare.sharing.StickerBundleDatabaseWorker } ] was cancelled
11-20 00:32:12.127 I/WM-WorkerWrapper( 2351): java.util.concurrent.CancellationException: Task was cancelled.
11-20 00:32:12.127 I/WM-WorkerWrapper( 2351): 	at androidx.work.impl.utils.futures.AbstractFuture.getDoneValue(:32)
11-20 00:32:12.127 I/WM-WorkerWrapper( 2351): 	at androidx.work.impl.utils.futures.AbstractFuture.get(:268435546)
11-20 00:32:12.127 I/WM-WorkerWrapper( 2351): 	at androidx.work.impl.WorkerWrapper$2.run(:3)
11-20 00:32:12.127 I/WM-WorkerWrapper( 2351): 	at androidx.work.impl.utils.SerialExecutor$Task.run(:2)
11-20 00:32:12.127 I/WM-WorkerWrapper( 2351): 	at java.util.concurrent.ThreadPoolExecutor.runWorker(ThreadPoolExecutor.java:1167)
11-20 00:32:12.127 I/WM-WorkerWrapper( 2351): 	at java.util.concurrent.ThreadPoolExecutor$Worker.run(ThreadPoolExecutor.java:641)
11-20 00:32:12.127 I/WM-WorkerWrapper( 2351): 	at java.lang.Thread.run(Thread.java:923)
11-20 00:32:12.128 E/StickerBundleDatabaseWorker( 2351): Failed to fetch sticker bundles:
11-20 00:32:12.128 E/StickerBundleDatabaseWorker( 2351): kotlinx.coroutines.JobCancellationException: Job was cancelled; job=JobImpl{Cancelling}@16db85f
11-20 00:32:12.207 W/ystem.analytic( 2544): Accessing hidden method Lcom/android/org/conscrypt/ConscryptEngineSocket;->setUseSessionTickets(Z)V (greylist-max-q,core-platform-api, reflection, denied)
11-20 00:32:12.207 W/ystem.analytic( 2544): Accessing hidden method Lcom/android/org/conscrypt/OpenSSLSocketImpl;->setUseSessionTickets(Z)V (greylist-max-q,core-platform-api, reflection, denied)
11-20 00:32:12.207 W/ystem.analytic( 2544): Accessing hidden method Lcom/android/org/conscrypt/AbstractConscryptSocket;->setUseSessionTickets(Z)V (greylist-max-q, reflection, denied)
11-20 00:32:12.208 W/ystem.analytic( 2544): Accessing hidden method Lcom/android/org/conscrypt/ConscryptEngineSocket;->setHostname(Ljava/lang/String;)V (greylist-max-q,core-platform-api, reflection, denied)
11-20 00:32:12.208 W/ystem.analytic( 2544): Accessing hidden method Lcom/android/org/conscrypt/OpenSSLSocketImpl;->setHostname(Ljava/lang/String;)V (greylist-max-q,core-platform-api, reflection, denied)
11-20 00:32:12.208 W/ystem.analytic( 2544): Accessing hidden method Lcom/android/org/conscrypt/AbstractConscryptSocket;->setHostname(Ljava/lang/String;)V (greylist-max-q, reflection, denied)
11-20 00:32:12.208 W/ystem.analytic( 2544): Accessing hidden method Lcom/android/org/conscrypt/OpenSSLSocketImpl;->setAlpnProtocols([B)V (greylist-max-q,core-platform-api, reflection, denied)
11-20 00:32:12.208 W/ystem.analytic( 2544): Accessing hidden method Lcom/android/org/conscrypt/AbstractConscryptSocket;->setAlpnProtocols([B)V (greylist-max-q, reflection, denied)
11-20 00:32:12.209 D/CompatibilityInfo( 1194): mCompatibilityFlags - 4
11-20 00:32:12.209 D/CompatibilityInfo( 1194): applicationDensity - 320
11-20 00:32:12.209 D/CompatibilityInfo( 1194): applicationScale - 1.0
