11-19 17:18:08.252 D/WifiNative( 1196): Scan result ready event
11-19 17:18:08.258 D/LOWI-9.0.0.80(  995): [LOWI-Scan] is_qcom_ie, bss_age: 44
11-19 17:18:08.258 D/LOWI-9.0.0.80(  995): [LOWI-Scan] BSS be:9e:0e:1c:6e:7f LOWI_PHY_MODE_11AC_VHT20_2G(11), Beacon Interval: 100, LOWI_ENCRYPTION_TYPE_WPA_PSK 11mcRanging: No, ANQP: No, LCI: No, Civic: No, capability(0x1431): ESS Privacy ShortPreamble ShortSlotTime
11-19 17:18:08.258 D/LOWI-9.0.0.80(  995): [LOWI-Scan] BSS be:9e:0e:1c:6e:7f FREQ: 2412, cFreq1[40:80:160] = [0:0:0] cFreq2 = 0 Country Code =    
11-19 17:18:08.258 D/LOWI-9.0.0.80(  995): [LOWI-Scan] BSS be:9e:0e:1c:6e:7f (wlan0) ASSO: NO AddInfo: 0x0, TSF 0, 01:28:38.609, RSSI: -112, CPL: 127, AGE: 10,  SSID Pixel_3541, TSFDelta: 0x0, TXRate: 0
11-19 17:18:08.259 D/LOWI-9.0.0.80(  995): [LOWI-Scan] 
11-19 17:18:08.259 D/LOWI-9.0.0.80(  995): [LOWI-Scan] print_bss_handler: Report Probe TSF 5318609467 as it greater than Beacon TSF 5141035189
11-19 17:18:08.259 I/LOWI-9.0.0.80(  995): [LOWI-Scan] RSN_IE
11-19 17:18:08.259 D/LOWI-9.0.0.80(  995): [LOWI-Scan] decode_rsn_wpa_ie: Entered
11-19 17:18:08.259 D/LOWI-9.0.0.80(  995): [LOWIUtils] hexDump: msg(30 14 01 00 00 0f ac 04 01 00 00 0f ac 04 01 00 00 0f ac 02 )
11-19 17:18:08.259 D/LOWI-9.0.0.80(  995): [LOWI-Scan] decode_rsn_wpa_ie: LOWI_ENCRYPTION_TYPE_WPA_PSK
11-19 17:18:08.259 D/LOWI-9.0.0.80(  995): [LOWI-Scan] is_qcom_ie, bss_age: 3
11-19 17:18:08.259 D/LOWI-9.0.0.80(  995): [LOWI-Scan] BSS 5e:6e:be:46:77:d7 LOWI_PHY_MODE_11AC_VHT20_2G(11), Beacon Interval: 100, LOWI_ENCRYPTION_TYPE_WPA_PSK 11mcRanging: No, ANQP: Yes, LCI: No, Civic: No, capability(0x1431): ESS Privacy ShortPreamble ShortSlotTime
11-19 17:18:08.259 D/LOWI-9.0.0.80(  995): [LOWI-Scan] BSS 5e:6e:be:46:77:d7 FREQ: 2462, cFreq1[40:80:160] = [0:0:0] cFreq2 = 0 Country Code =    
11-19 17:18:08.259 D/LOWI-9.0.0.80(  995): [LOWI-Scan] BSS 5e:6e:be:46:77:d7 (wlan0) ASSO: NO AddInfo: 0x0, TSF 0, 01:28:38.609, RSSI: -100, CPL: 127, AGE: 10,  SSID Pixel_R3, TSFDelta: 0x0, TXRate: 0
11-19 17:18:08.260 D/LOWI-9.0.0.80(  995): [LOWI-Scan] 
11-19 17:18:08.260 D/LOWI-9.0.0.80(  995): [LOWI-Scan] print_bss_handler: Report Probe TSF 5318609618 as it greater than Beacon TSF 4892451436
11-19 17:18:08.260 I/LOWI-9.0.0.80(  995): [LOWI-Scan] RSN_IE
11-19 17:18:08.260 D/LOWI-9.0.0.80(  995): [LOWI-Scan] decode_rsn_wpa_ie: Entered
11-19 17:18:08.260 D/LOWI-9.0.0.80(  995): [LOWIUtils] hexDump: msg(30 14 01 00 00 0f ac 04 01 00 00 0f ac 04 01 00 00 0f ac 02 )
11-19 17:18:08.260 D/LOWI-9.0.0.80(  995): [LOWI-Scan] decode_rsn_wpa_ie: LOWI_ENCRYPTION_TYPE_WPA_PSK
11-19 17:18:08.260 D/LOWI-9.0.0.80(  995): [LOWI-Scan] is_qcom_ie, bss_age: 45
11-19 17:18:08.260 D/LOWI-9.0.0.80(  995): [LOWI-Scan] BSS 2c:57:41:88:72:e1 LOWI_PHY_MODE_11NG_HT20(5), Beacon Interval: 100, LOWI_ENCRYPTION_TYPE_WPA_PSK 11mcRanging: No, ANQP: No, LCI: No, Civic: No, capability(0x1411): ESS Privacy ShortSlotTime
11-19 17:18:08.260 D/LOWI-9.0.0.80(  995): [LOWI-Scan] BSS 2c:57:41:88:72:e1 FREQ: 2412, cFreq1[40:80:160] = [0:0:0] cFreq2 = 0 Country Code = US
11-19 17:18:08.260 D/LOWI-9.0.0.80(  995): [LOWI-Scan] BSS 2c:57:41:88:72:e1 (wlan0) ASSO: NO AddInfo: 0x0, TSF 0, 01:28:38.609, RSSI: -144, CPL: 3, AGE: 10,  SSID kittyhawk, TSFDelta: 0x0, TXRate: 0
11-19 17:18:08.261 D/LOWI-9.0.0.80(  995): [LOWI-Scan] 
11-19 17:18:08.261 D/LOWI-9.0.0.80(  995): [LOWI-Scan] print_bss_handler: Report Probe TSF 5318609591 as it greater than Beacon TSF 4892451399
11-19 17:18:08.261 I/LOWI-9.0.0.80(  995): [LOWI-Scan] RSN_IE
11-19 17:18:08.261 D/LOWI-9.0.0.80(  995): [LOWI-Scan] decode_rsn_wpa_ie: Entered
11-19 17:18:08.261 D/LOWI-9.0.0.80(  995): [LOWIUtils] hexDump: msg(30 14 01 00 00 0f ac 04 01 00 00 0f ac 04 01 00 00 0f ac 02 )
11-19 17:18:08.261 D/LOWI-9.0.0.80(  995): [LOWI-Scan] decode_rsn_wpa_ie: LOWI_ENCRYPTION_TYPE_WPA_PSK
11-19 17:18:08.261 D/LOWI-9.0.0.80(  995): [LOWI-Scan] is_qcom_ie, bss_age: 4
11-19 17:18:08.261 D/LOWI-9.0.0.80(  995): [LOWI-Scan] BSS 2c:57:41:86:90:a1 LOWI_PHY_MODE_11NG_HT20(5), Beacon Interval: 100, LOWI_ENCRYPTION_TYPE_WPA_PSK 11mcRanging: No, ANQP: No, LCI: No, Civic: No, capability(0x1411): ESS Privacy ShortSlotTime
11-19 17:18:08.261 D/LOWI-9.0.0.80(  995): [LOWI-Scan] BSS 2c:57:41:86:90:a1 FREQ: 2462, cFreq1[40:80:160] = [0:0:0] cFreq2 = 0 Country Code = US
11-19 17:18:08.261 D/LOWI-9.0.0.80(  995): [LOWI-Scan] BSS 2c:57:41:86:90:a1 (wlan0) ASSO: NO AddInfo: 0x0, TSF 0, 01:28:38.609, RSSI: -132, CPL: 2, AGE: 10,  SSID kittyhawk, TSFDelta: 0x0, TXRate: 0
11-19 17:18:08.262 D/LOWI-9.0.0.80(  995): [LOWI-Scan] 
11-19 17:18:08.262 D/LOWI-9.0.0.80(  995): [LOWI-Scan] print_bss_handler: Report beacon TSF 5318609604 as it greater than probe TSF 5290091407
11-19 17:18:08.262 I/LOWI-9.0.0.80(  995): [LOWI-Scan] RSN_IE
11-19 17:18:08.262 D/LOWI-9.0.0.80(  995): [LOWI-Scan] decode_rsn_wpa_ie: Entered
11-19 17:18:08.262 D/LOWI-9.0.0.80(  995): [LOWIUtils] hexDump: msg(30 14 01 00 00 0f ac 04 01 00 00 0f ac 04 01 00 00 0f ac 02 )
11-19 17:18:08.262 D/LOWI-9.0.0.80(  995): [LOWI-Scan] decode_rsn_wpa_ie: LOWI_ENCRYPTION_TYPE_WPA_PSK
11-19 17:18:08.262 D/LOWI-9.0.0.80(  995): [LOWI-Scan] is_qcom_ie, bss_age: 55
11-19 17:18:08.262 D/LOWI-9.0.0.80(  995): [LOWI-Scan] BSS 2c:57:41:86:8a:a1 LOWI_PHY_MODE_11NG_HT20(5), Beacon Interval: 100, LOWI_ENCRYPTION_TYPE_WPA_PSK 11mcRanging: No, ANQP: No, LCI: No, Civic: No, capability(0x1411): ESS Privacy ShortSlotTime
11-19 17:18:08.262 D/LOWI-9.0.0.80(  995): [LOWI-Scan] BSS 2c:57:41:86:8a:a1 FREQ: 2412, cFreq1[40:80:160] = [0:0:0] cFreq2 = 0 Country Code = US
11-19 17:18:08.262 D/LOWI-9.0.0.80(  995): [LOWI-Scan] BSS 2c:57:41:86:8a:a1 (wlan0) ASSO: NO AddInfo: 0x1, TSF 0, 01:28:38.609, RSSI: -136, CPL: 3, AGE: 10,  SSID kittyhawk, TSFDelta: 0x0, TXRate: 0
11-19 17:18:08.263 D/LOWI-9.0.0.80(  995): [LOWI-Scan] 
11-19 17:18:08.263 D/LOWI-9.0.0.80(  995): [LOWI-Scan] print_bss_handler: Report Probe TSF 5318609647 as it greater than Beacon TSF 4668769020
11-19 17:18:08.263 I/LOWI-9.0.0.80(  995): [LOWI-Scan] RSN_IE
11-19 17:18:08.263 D/LOWI-9.0.0.80(  995): [LOWI-Scan] decode_rsn_wpa_ie: Entered
11-19 17:18:08.263 D/LOWI-9.0.0.80(  995): [LOWIUtils] hexDump: msg(30 14 01 00 00 0f ac 04 01 00 00 0f ac 04 01 00 00 0f ac 02 )
11-19 17:18:08.263 D/LOWI-9.0.0.80(  995): [LOWI-Scan] decode_rsn_wpa_ie: LOWI_ENCRYPTION_TYPE_WPA_PSK
11-19 17:18:08.263 D/LOWI-9.0.0.80(  995): [LOWI-Scan] is_qcom_ie, bss_age: 45
11-19 17:18:08.263 D/LOWI-9.0.0.80(  995): [LOWI-Scan] BSS 2c:57:41:86:7a:61 LOWI_PHY_MODE_11NG_HT20(5), Beacon Interval: 100, LOWI_ENCRYPTION_TYPE_WPA_PSK 11mcRanging: No, ANQP: No, LCI: No, Civic: No, capability(0x1411): ESS Privacy ShortSlotTime
11-19 17:18:08.263 D/LOWI-9.0.0.80(  995): [LOWI-Scan] BSS 2c:57:41:86:7a:61 FREQ: 2412, cFreq1[40:80:160] = [0:0:0] cFreq2 = 0 Country Code = US
11-19 17:18:08.263 D/LOWI-9.0.0.80(  995): [LOWI-Scan] BSS 2c:57:41:86:7a:61 (wlan0) ASSO: NO AddInfo: 0x0, TSF 0, 01:28:38.609, RSSI: -150, CPL: 3, AGE: 10,  SSID kittyhawk, TSFDelta: 0x0, TXRate: 0
11-19 17:18:08.263 D/LOWI-9.0.0.80(  995): [LOWI-Scan] 
11-19 17:18:08.264 D/WificondScannerImpl( 1196): Filtering out 1 scan results.
11-19 17:18:08.264 D/LOWI-9.0.0.80(  995): [LOWI-Scan] print_bss_handler: Report Probe TSF 5318609576 as it greater than Beacon TSF 4469862672
11-19 17:18:08.264 I/LOWI-9.0.0.80(  995): [LOWI-Scan] RSN_IE
11-19 17:18:08.264 D/LOWI-9.0.0.80(  995): [LOWI-Scan] decode_rsn_wpa_ie: Entered
11-19 17:18:08.264 D/LOWI-9.0.0.80(  995): [LOWIUtils] hexDump: msg(30 14 01 00 00 0f ac 04 01 00 00 0f ac 04 01 00 00 0f ac 02 )
11-19 17:18:08.264 D/LOWI-9.0.0.80(  995): [LOWI-Scan] decode_rsn_wpa_ie: LOWI_ENCRYPTION_TYPE_WPA_PSK
11-19 17:18:08.264 D/LOWI-9.0.0.80(  995): [LOWI-Scan] is_qcom_ie, bss_age: 44
11-19 17:18:08.264 D/LOWI-9.0.0.80(  995): [LOWI-Scan] BSS 18:64:72:60:2b:40 LOWI_PHY_MODE_11NG_HT20(5), Beacon Interval: 100, LOWI_ENCRYPTION_TYPE_WPA_PSK 11mcRanging: No, ANQP: No, LCI: No, Civic: No, capability(0x0431): ESS Privacy ShortPreamble ShortSlotTime
11-19 17:18:08.264 D/LOWI-9.0.0.80(  995): [LOWI-Scan] BSS 18:64:72:60:2b:40 FREQ: 2412, cFreq1[40:80:160] = [0:0:0] cFreq2 = 0 Country Code =    
11-19 17:18:08.264 D/LOWI-9.0.0.80(  995): [LOWI-Scan] BSS 18:64:72:60:2b:40 (wlan0) ASSO: NO AddInfo: 0x0, TSF 0, 01:28:38.609, RSSI: -136, CPL: 127, AGE: 10,  SSID lab-t24103779, TSFDelta: 0x0, TXRate: 0
11-19 17:18:08.265 D/LOWI-9.0.0.80(  995): [LOWI-Scan] 
11-19 17:18:08.266 D/LOWI-9.0.0.80(  995): [LOWI-Scan] print_bss_handler: Report beacon TSF 5318609562 as it greater than probe TSF 5290091325
11-19 17:18:08.266 I/LOWI-9.0.0.80(  995): [LOWI-Scan] RSN_IE
11-19 17:18:08.266 D/LOWI-9.0.0.80(  995): [LOWI-Scan] decode_rsn_wpa_ie: Entered
11-19 17:18:08.266 D/LOWI-9.0.0.80(  995): [LOWIUtils] hexDump: msg(30 14 01 00 00 0f ac 04 01 00 00 0f ac 04 01 00 00 0f ac 02 )
11-19 17:18:08.266 D/LOWI-9.0.0.80(  995): [LOWI-Scan] decode_rsn_wpa_ie: LOWI_ENCRYPTION_TYPE_WPA_PSK
11-19 17:18:08.266 D/LOWI-9.0.0.80(  995): [LOWI-Scan] is_qcom_ie, bss_age: 15
11-19 17:18:08.266 D/LOWI-9.0.0.80(  995): [LOWI-Scan] BSS fe:2d:5a:49:61:eb LOWI_PHY_MODE_11AC_VHT20_2G(11), Beacon Interval: 100, LOWI_ENCRYPTION_TYPE_WPA_PSK 11mcRanging: No, ANQP: Yes, LCI: No, Civic: No, capability(0x1431): ESS Privacy ShortPreamble ShortSlotTime
11-19 17:18:08.266 D/LOWI-9.0.0.80(  995): [LOWI-Scan] BSS fe:2d:5a:49:61:eb FREQ: 2452, cFreq1[40:80:160] = [0:0:0] cFreq2 = 0 Country Code =    
11-19 17:18:08.266 D/LOWI-9.0.0.80(  995): [LOWI-Scan] BSS fe:2d:5a:49:61:eb (wlan0) ASSO: NO AddInfo: 0x1, TSF 0, 01:28:38.609, RSSI: -120, CPL: 127, AGE: 10,  SSID Pixel_R2, TSFDelta: 0x0, TXRate: 0
11-19 17:18:08.266 D/LOWI-9.0.0.80(  995): [LOWI-Scan] 
11-19 17:18:08.266 D/LOWI-9.0.0.80(  995): [LOWI-Scan] print_bss_handler: Report Probe TSF 5318609452 as it greater than Beacon TSF 0
11-19 17:18:08.266 I/LOWI-9.0.0.80(  995): [LOWI-Scan] RSN_IE
11-19 17:18:08.266 D/LOWI-9.0.0.80(  995): [LOWI-Scan] decode_rsn_wpa_ie: Entered
11-19 17:18:08.267 D/LOWI-9.0.0.80(  995): [LOWIUtils] hexDump: msg(30 14 01 00 00 0f ac 04 01 00 00 0f ac 04 01 00 00 0f ac 02 )
11-19 17:18:08.267 D/LOWI-9.0.0.80(  995): [LOWI-Scan] decode_rsn_wpa_ie: LOWI_ENCRYPTION_TYPE_WPA_PSK
11-19 17:18:08.267 D/LOWI-9.0.0.80(  995): [LOWI-Scan] is_qcom_ie, bss_age: 24
11-19 17:18:08.267 D/LOWI-9.0.0.80(  995): [LOWI-Scan] BSS ce:dc:12:3b:87:fd LOWI_PHY_MODE_11AC_VHT20_2G(11), Beacon Interval: 100, LOWI_ENCRYPTION_TYPE_WPA_PSK 11mcRanging: No, ANQP: Yes, LCI: No, Civic: No, capability(0x1431): ESS Privacy ShortPreamble ShortSlotTime
11-19 17:18:08.267 D/LOWI-9.0.0.80(  995): [LOWI-Scan] BSS ce:dc:12:3b:87:fd FREQ: 2437, cFreq1[40:80:160] = [0:0:0] cFreq2 = 0 Country Code =    
11-19 17:18:08.267 D/LOWI-9.0.0.80(  995): [LOWI-Scan] BSS ce:dc:12:3b:87:fd (wlan0) ASSO: NO AddInfo: 0x0, TSF 0, 01:28:38.609, RSSI: -90, CPL: 127, AGE: 10,  SSID Pixel5_R1, TSFDelta: 0x0, TXRate: 0
11-19 17:18:08.267 D/LOWI-9.0.0.80(  995): [LOWI-Scan] 
11-19 17:18:08.267 D/LOWI-9.0.0.80(  995): [LOWI-Scan] print_bss_handler: Report Probe TSF 5318609631 as it greater than Beacon TSF 0
11-19 17:18:08.267 I/LOWI-9.0.0.80(  995): [LOWI-Scan] RSN_IE
11-19 17:18:08.267 D/LOWI-9.0.0.80(  995): [LOWI-Scan] decode_rsn_wpa_ie: Entered
11-19 17:18:08.267 D/LOWI-9.0.0.80(  995): [LOWIUtils] hexDump: msg(30 14 01 00 00 0f ac 04 01 00 00 0f ac 04 01 00 00 0f ac 02 )
11-19 17:18:08.267 D/LOWI-9.0.0.80(  995): [LOWI-Scan] decode_rsn_wpa_ie: LOWI_ENCRYPTION_TYPE_WPA_PSK
11-19 17:18:08.267 D/LOWI-9.0.0.80(  995): [LOWI-Scan] is_qcom_ie, bss_age: 3
11-19 17:18:08.267 D/LOWI-9.0.0.80(  995): [LOWI-Scan] BSS 2c:57:41:86:94:a1 LOWI_PHY_MODE_11NG_HT20(5), Beacon Interval: 100, LOWI_ENCRYPTION_TYPE_WPA_PSK 11mcRanging: No, ANQP: No, LCI: No, Civic: No, capability(0x1411): ESS Privacy ShortSlotTime
11-19 17:18:08.267 D/LOWI-9.0.0.80(  995): [LOWI-Scan] BSS 2c:57:41:86:94:a1 FREQ: 2462, cFreq1[40:80:160] = [0:0:0] cFreq2 = 0 Country Code = US
11-19 17:18:08.267 D/LOWI-9.0.0.80(  995): [LOWI-Scan] BSS 2c:57:41:86:94:a1 (wlan0) ASSO: NO AddInfo: 0x0, TSF 0, 01:28:38.609, RSSI: -148, CPL: 2, AGE: 10,  SSID kittyhawk, TSFDelta: 0x0, TXRate: 0
11-19 17:18:08.268 D/LOWI-9.0.0.80(  995): [LOWI-Scan] 
11-19 17:18:08.268 D/LOWI-9.0.0.80(  995): [LOWI-Scan] print_bss_handler: Report Probe TSF 5318609661 as it greater than Beacon TSF 0
11-19 17:18:08.268 I/LOWI-9.0.0.80(  995): [LOWI-Scan] RSN_IE
11-19 17:18:08.268 D/LOWI-9.0.0.80(  995): [LOWI-Scan] decode_rsn_wpa_ie: Entered
11-19 17:18:08.268 D/LOWI-9.0.0.80(  995): [LOWIUtils] hexDump: msg(30 14 01 00 00 0f ac 04 01 00 00 0f ac 04 01 00 00 0f ac 02 )
11-19 17:18:08.268 D/LOWI-9.0.0.80(  995): [LOWI-Scan] decode_rsn_wpa_ie: LOWI_ENCRYPTION_TYPE_WPA_PSK
11-19 17:18:08.268 D/LOWI-9.0.0.80(  995): [LOWI-Scan] is_qcom_ie, bss_age: 27
11-19 17:18:08.268 D/LOWI-9.0.0.80(  995): [LOWI-Scan] BSS 18:64:72:60:2e:e0 LOWI_PHY_MODE_11NG_HT20(5), Beacon Interval: 100, LOWI_ENCRYPTION_TYPE_WPA_PSK 11mcRanging: No, ANQP: No, LCI: No, Civic: No, capability(0x0431): ESS Privacy ShortPreamble ShortSlotTime
11-19 17:18:08.268 D/LOWI-9.0.0.80(  995): [LOWI-Scan] BSS 18:64:72:60:2e:e0 FREQ: 2437, cFreq1[40:80:160] = [0:0:0] cFreq2 = 0 Country Code =    
11-19 17:18:08.268 D/LOWI-9.0.0.80(  995): [LOWI-Scan] BSS 18:64:72:60:2e:e0 (wlan0) ASSO: NO AddInfo: 0x0, TSF 0, 01:28:38.609, RSSI: -156, CPL: 127, AGE: 10,  SSID lab-t24103779, TSFDelta: 0x0, TXRate: 0
11-19 17:18:08.269 D/LOWI-9.0.0.80(  995): [LOWI-Scan] 
11-19 17:18:08.269 D/LOWI-9.0.0.80(  995): [LOWI-Scan] print_bss_handler: Report Probe TSF 5290091513 as it greater than Beacon TSF 0
11-19 17:18:08.269 I/LOWI-9.0.0.80(  995): [LOWI-Scan] RSN_IE
11-19 17:18:08.269 D/LOWI-9.0.0.80(  995): [LOWI-Scan] decode_rsn_wpa_ie: Entered
11-19 17:18:08.269 D/LOWI-9.0.0.80(  995): [LOWIUtils] hexDump: msg(30 14 01 00 00 0f ac 04 01 00 00 0f ac 04 01 00 00 0f ac 02 )
11-19 17:18:08.269 D/LOWI-9.0.0.80(  995): [LOWI-Scan] decode_rsn_wpa_ie: LOWI_ENCRYPTION_TYPE_WPA_PSK
11-19 17:18:08.269 D/LOWI-9.0.0.80(  995): [LOWI-Scan] is_qcom_ie, bss_age: 16
11-19 17:18:08.269 D/LOWI-9.0.0.80(  995): [LOWI-Scan] adjust_age:AP AGE upper limit reached. Dont store
11-19 17:18:08.269 D/LOWI-9.0.0.80(  995): [LOWI-Scan] BSS 00:24:b1:02:cb:dc LOWI_PHY_MODE_11NG_HT20(5), Beacon Interval: 100, LOWI_ENCRYPTION_TYPE_WPA_PSK 11mcRanging: No, ANQP: No, LCI: No, Civic: No, capability(0x0431): ESS Privacy ShortPreamble ShortSlotTime
11-19 17:18:08.269 D/LOWI-9.0.0.80(  995): [LOWI-Scan] BSS 00:24:b1:02:cb:dc FREQ: 2452, cFreq1[40:80:160] = [0:0:0] cFreq2 = 0 Country Code =    
11-19 17:18:08.269 D/LOWI-9.0.0.80(  995): [LOWI-Scan] BSS 00:24:b1:02:cb:dc (wlan0) ASSO: NO AddInfo: 0x0, TSF 0, 01:28:10.091, RSSI: -178, CPL: 127, AGE: 28520,  SSID 0024b1000002cbdc, TSFDelta: 0x0, TXRate: 0
11-19 17:18:08.269 D/LOWI-9.0.0.80(  995): [LOWIDiagLog] Log: lowiMeasResult->request: invalid null argument
11-19 17:18:08.269 I/LOWI-9.0.0.80(  995): [LOWI-Scan] lowi_close_record:Scan done in 5274369ms, 17 APs in scan results
11-19 17:18:08.269 D/LOWI-9.0.0.80(  995): [LOWI-Scan] WipsScanUsingNL: passive scan cached 0, took 8992 ms, err 0
11-19 17:18:08.269 D/LOWI-9.0.0.80(  995): [LOWI-Scan] lowi_proc_req_passive_scan_with_live_meas - No WLAN Frames to be parsed
11-19 17:18:08.269 D/LOWI-9.0.0.80(  995): [LOWIScanResultReceiver] Send scan meas to listener
11-19 17:18:08.269 D/LOWI-9.0.0.80(  995): [LOWIScanResultReceiver] Enter passive listening mode
11-19 17:18:08.270 D/LOWI-9.0.0.80(  995): [LOWIWifiDriverInterface] getMeasurements - Passive listening mode
11-19 17:18:08.270 D/LOWI-9.0.0.80(  995): [LOWIEventReceiver] handleEvent:FROM:NA, TO:NA, REQ:NA, IREQ:NA, REQ_ID:0, RESP:NA, INFO:NA
11-19 17:18:08.270 D/LOWI-9.0.0.80(  995): [LOWIBackgroundScanMgr] isRspForBgScanMgr: evt(LOWI_NO_EVT) - not handled
11-19 17:18:08.270 D/LOWI-9.0.0.80(  995): [LOWIScheduler] manageMsg: NULL results or NULL request in results
11-19 17:18:08.270 D/LOWI-9.0.0.80(  995): [LOWIController] Measurements received
11-19 17:18:08.270 D/LOWI-9.0.0.80(  995): [LOWICacheManager] putInCache:Num of Meas to add: 17
11-19 17:18:08.271 D/PasspointManager( 1196): ANQP entry not found for: c6:82:9b:4e:b3:9e:<Pixel_R6>
11-19 17:18:08.271 D/LOWI-9.0.0.80(  995): [LOWIController] processMeasurementResults: No current Request. Cache measurements
11-19 17:18:08.271 D/LOWI-9.0.0.80(  995): [LOWIControllerExtn] sendLOWILpDiscoveryScanResponse: Not a discovery scan response
11-19 17:18:08.271 D/LOWI-9.0.0.80(  995): [LOWI-Scan] WipsScanUsingNL:wait -1 sec for netlink message
11-19 17:18:08.271 D/PasspointManager( 1196): ANQP entry not found for: 12:d7:96:61:85:9f:<Pixel_R5>
11-19 17:18:08.272 D/PasspointManager( 1196): ANQP entry not found for: 5e:6e:be:46:77:d7:<Pixel_R3>
11-19 17:18:08.272 D/PasspointManager( 1196): ANQP entry not found for: fe:2d:5a:49:61:eb:<Pixel_R2>
11-19 17:18:08.272 D/PasspointManager( 1196): ANQP entry not found for: ce:dc:12:3b:87:fd:<Pixel5_R1>
11-19 17:18:08.297 I/chatty  ( 2334): uid=10061(com.facebook.wearable.system.selfcare) MainTP_39 expire 1 line
11-19 17:18:08.297 I/chatty  ( 2334): uid=10061(com.facebook.wearable.system.selfcare) pool-3-thread-2 expire 2 lines
11-19 17:18:08.316 D/WifiSharingService( 2866): Sending scanResults intent with status code 0: PendingIntent{35f84b9: android.os.BinderProxy@656d359}
11-19 17:18:08.322 D/CompatibilityInfo( 1196): mCompatibilityFlags - 4
11-19 17:18:08.322 D/CompatibilityInfo( 1196): applicationDensity - 320
11-19 17:18:08.322 D/CompatibilityInfo( 1196): applicationScale - 1.0
11-19 17:18:08.427 I/chatty  ( 2334): uid=10061(com.facebook.wearable.system.selfcare) MainTP_38 expire 1 line
11-19 17:18:08.573 I/chatty  ( 2334): uid=10061(com.facebook.wearable.system.selfcare) MainTP_39 expire 1 line
11-19 17:18:08.574 I/chatty  ( 2334): uid=10061(com.facebook.wearable.system.selfcare) pool-3-thread-2 expire 1 line
11-19 17:18:08.726 E/StickerBundleDatabaseWorker( 2334): Failed to fetch sticker bundles:
11-19 17:18:08.726 E/StickerBundleDatabaseWorker( 2334): kotlinx.coroutines.JobCancellationException: Job was cancelled; job=JobImpl{Cancelling}@28f27ac
11-19 17:18:08.726 I/WM-WorkerWrapper( 2334): Work [ id=e130a2b8-40dd-4560-92fb-3ba7a92b1257, tags={ com.facebook.wearable.system.selfcare.sharing.StickerBundleDatabaseWorker } ] was cancelled
11-19 17:18:08.726 I/WM-WorkerWrapper( 2334): java.util.concurrent.CancellationException: Task was cancelled.
11-19 17:18:08.726 I/WM-WorkerWrapper( 2334): 	at androidx.work.impl.utils.futures.AbstractFuture.getDoneValue(:32)
11-19 17:18:08.726 I/WM-WorkerWrapper( 2334): 	at androidx.work.impl.utils.futures.AbstractFuture.get(:268435546)
11-19 17:18:08.726 I/WM-WorkerWrapper( 2334): 	at androidx.work.impl.WorkerWrapper$2.run(:3)
11-19 17:18:08.726 I/WM-WorkerWrapper( 2334): 	at androidx.work.impl.utils.SerialExecutor$Task.run(:2)
11-19 17:18:08.726 I/WM-WorkerWrapper( 2334): 	at java.util.concurrent.ThreadPoolExecutor.runWorker(ThreadPoolExecutor.java:1167)
11-19 17:18:08.726 I/WM-WorkerWrapper( 2334): 	at java.util.concurrent.ThreadPoolExecutor$Worker.run(ThreadPoolExecutor.java:641)
11-19 17:18:08.726 I/WM-WorkerWrapper( 2334): 	at java.lang.Thread.run(Thread.java:923)
11-19 17:18:08.873 E/StickerBundleDatabaseWorker( 2334): Failed to fetch sticker bundles:
11-19 17:18:08.873 E/StickerBundleDatabaseWorker( 2334): kotlinx.coroutines.JobCancellationException: Job was cancelled; job=JobImpl{Cancelling}@c9d1298
11-19 17:18:08.873 I/WM-WorkerWrapper( 2334): Work [ id=e130a2b8-40dd-4560-92fb-3ba7a92b1257, tags={ com.facebook.wearable.system.selfcare.sharing.StickerBundleDatabaseWorker } ] was cancelled
11-19 17:18:08.873 I/WM-WorkerWrapper( 2334): java.util.concurrent.CancellationException: Task was cancelled.
11-19 17:18:08.873 I/WM-WorkerWrapper( 2334): 	at androidx.work.impl.utils.futures.AbstractFuture.getDoneValue(:32)
11-19 17:18:08.873 I/WM-WorkerWrapper( 2334): 	at androidx.work.impl.utils.futures.AbstractFuture.get(:268435546)
11-19 17:18:08.873 I/WM-WorkerWrapper( 2334): 	at androidx.work.impl.WorkerWrapper$2.run(:3)
11-19 17:18:08.873 I/WM-WorkerWrapper( 2334): 	at androidx.work.impl.utils.SerialExecutor$Task.run(:2)
11-19 17:18:08.873 I/WM-WorkerWrapper( 2334): 	at java.util.concurrent.ThreadPoolExecutor.runWorker(ThreadPoolExecutor.java:1167)
11-19 17:18:08.873 I/WM-WorkerWrapper( 2334): 	at java.util.concurrent.ThreadPoolExecutor$Worker.run(ThreadPoolExecutor.java:641)
11-19 17:18:08.873 I/WM-WorkerWrapper( 2334): 	at java.lang.Thread.run(Thread.java:923)
11-19 17:18:09.042 E/StickerBundleDatabaseWorker( 2334): Failed to fetch sticker bundles:
11-19 17:18:09.042 E/StickerBundleDatabaseWorker( 2334): kotlinx.coroutines.JobCancellationException: Job was cancelled; job=JobImpl{Cancelling}@ad7da62
11-19 17:18:09.042 I/WM-WorkerWrapper( 2334): Work [ id=e130a2b8-40dd-4560-92fb-3ba7a92b1257, tags={ com.facebook.wearable.system.selfcare.sharing.StickerBundleDatabaseWorker } ] was cancelled
11-19 17:18:09.042 I/WM-WorkerWrapper( 2334): java.util.concurrent.CancellationException: Task was cancelled.
11-19 17:18:09.042 I/WM-WorkerWrapper( 2334): 	at androidx.work.impl.utils.futures.AbstractFuture.getDoneValue(:32)
11-19 17:18:09.042 I/WM-WorkerWrapper( 2334): 	at androidx.work.impl.utils.futures.AbstractFuture.get(:268435546)
11-19 17:18:09.042 I/WM-WorkerWrapper( 2334): 	at androidx.work.impl.WorkerWrapper$2.run(:3)
11-19 17:18:09.042 I/WM-WorkerWrapper( 2334): 	at androidx.work.impl.utils.SerialExecutor$Task.run(:2)
11-19 17:18:09.042 I/WM-WorkerWrapper( 2334): 	at java.util.concurrent.ThreadPoolExecutor.runWorker(ThreadPoolExecutor.java:1167)
11-19 17:18:09.042 I/WM-WorkerWrapper( 2334): 	at java.util.concurrent.ThreadPoolExecutor$Worker.run(ThreadPoolExecutor.java:641)
11-19 17:18:09.042 I/WM-WorkerWrapper( 2334): 	at java.lang.Thread.run(Thread.java:923)
11-19 17:18:09.192 E/StickerBundleDatabaseWorker( 2334): Failed to fetch sticker bundles:
11-19 17:18:09.192 E/StickerBundleDatabaseWorker( 2334): kotlinx.coroutines.JobCancellationException: Job was cancelled; job=JobImpl{Cancelling}@627304f
11-19 17:18:09.192 I/WM-WorkerWrapper( 2334): Work [ id=e130a2b8-40dd-4560-92fb-3ba7a92b1257, tags={ com.facebook.wearable.system.selfcare.sharing.StickerBundleDatabaseWorker } ] was cancelled
11-19 17:18:09.192 I/WM-WorkerWrapper( 2334): java.util.concurrent.CancellationException: Task was cancelled.
11-19 17:18:09.192 I/WM-WorkerWrapper( 2334): 	at androidx.work.impl.utils.futures.AbstractFuture.getDoneValue(:32)
11-19 17:18:09.192 I/WM-WorkerWrapper( 2334): 	at androidx.work.impl.utils.futures.AbstractFuture.get(:268435546)
11-19 17:18:09.192 I/WM-WorkerWrapper( 2334): 	at androidx.work.impl.WorkerWrapper$2.run(:3)
11-19 17:18:09.192 I/WM-WorkerWrapper( 2334): 	at androidx.work.impl.utils.SerialExecutor$Task.run(:2)
11-19 17:18:09.192 I/WM-WorkerWrapper( 2334): 	at java.util.concurrent.ThreadPoolExecutor.runWorker(ThreadPoolExecutor.java:1167)
11-19 17:18:09.192 I/WM-WorkerWrapper( 2334): 	at java.util.concurrent.ThreadPoolExecutor$Worker.run(ThreadPoolExecutor.java:641)
11-19 17:18:09.192 I/WM-WorkerWrapper( 2334): 	at java.lang.Thread.run(Thread.java:923)
11-19 17:18:09.348 E/StickerBundleDatabaseWorker( 2334): Failed to fetch sticker bundles:
11-19 17:18:09.348 E/StickerBundleDatabaseWorker( 2334): kotlinx.coroutines.JobCancellationException: Job was cancelled; job=JobImpl{Cancelling}@14651c8
11-19 17:18:09.348 I/WM-WorkerWrapper( 2334): Work [ id=e130a2b8-40dd-4560-92fb-3ba7a92b1257, tags={ com.facebook.wearable.system.selfcare.sharing.StickerBundleDatabaseWorker } ] was cancelled
11-19 17:18:09.348 I/WM-WorkerWrapper( 2334): java.util.concurrent.CancellationException: Task was cancelled.
11-19 17:18:09.348 I/WM-WorkerWrapper( 2334): 	at androidx.work.impl.utils.futures.AbstractFuture.getDoneValue(:32)
11-19 17:18:09.348 I/WM-WorkerWrapper( 2334): 	at androidx.work.impl.utils.futures.AbstractFuture.get(:268435546)
11-19 17:18:09.348 I/WM-WorkerWrapper( 2334): 	at androidx.work.impl.WorkerWrapper$2.run(:3)
11-19 17:18:09.348 I/WM-WorkerWrapper( 2334): 	at androidx.work.impl.utils.SerialExecutor$Task.run(:2)
11-19 17:18:09.348 I/WM-WorkerWrapper( 2334): 	at java.util.concurrent.ThreadPoolExecutor.runWorker(ThreadPoolExecutor.java:1167)
11-19 17:18:09.348 I/WM-WorkerWrapper( 2334): 	at java.util.concurrent.ThreadPoolExecutor$Worker.run(ThreadPoolExecutor.java:641)
11-19 17:18:09.348 I/WM-WorkerWrapper( 2334): 	at java.lang.Thread.run(Thread.java:923)
11-19 17:18:09.496 I/WM-WorkerWrapper( 2334): Work [ id=e130a2b8-40dd-4560-92fb-3ba7a92b1257, tags={ com.facebook.wearable.system.selfcare.sharing.StickerBundleDatabaseWorker } ] was cancelled
11-19 17:18:09.496 I/WM-WorkerWrapper( 2334): java.util.concurrent.CancellationException: Task was cancelled.
11-19 17:18:09.496 I/WM-WorkerWrapper( 2334): 	at androidx.work.impl.utils.futures.AbstractFuture.getDoneValue(:32)
11-19 17:18:09.496 I/WM-WorkerWrapper( 2334): 	at androidx.work.impl.utils.futures.AbstractFuture.get(:268435546)
11-19 17:18:09.496 I/WM-WorkerWrapper( 2334): 	at androidx.work.impl.WorkerWrapper$2.run(:3)
11-19 17:18:09.496 I/WM-WorkerWrapper( 2334): 	at androidx.work.impl.utils.SerialExecutor$Task.run(:2)
11-19 17:18:09.496 I/WM-WorkerWrapper( 2334): 	at java.util.concurrent.ThreadPoolExecutor.runWorker(ThreadPoolExecutor.java:1167)
11-19 17:18:09.496 I/WM-WorkerWrapper( 2334): 	at java.util.concurrent.ThreadPoolExecutor$Worker.run(ThreadPoolExecutor.java:641)
11-19 17:18:09.496 I/WM-WorkerWrapper( 2334): 	at java.lang.Thread.run(Thread.java:923)
11-19 17:18:09.501 E/StickerBundleDatabaseWorker( 2334): Failed to fetch sticker bundles:
11-19 17:18:09.501 E/StickerBundleDatabaseWorker( 2334): kotlinx.coroutines.JobCancellationException: Job was cancelled; job=JobImpl{Cancelling}@934539d
11-19 17:18:09.652 E/StickerBundleDatabaseWorker( 2334): Failed to fetch sticker bundles:
11-19 17:18:09.652 E/StickerBundleDatabaseWorker( 2334): kotlinx.coroutines.JobCancellationException: Job was cancelled; job=JobImpl{Cancelling}@b63ab5e
11-19 17:18:09.653 I/WM-WorkerWrapper( 2334): Work [ id=e130a2b8-40dd-4560-92fb-3ba7a92b1257, tags={ com.facebook.wearable.system.selfcare.sharing.StickerBundleDatabaseWorker } ] was cancelled
11-19 17:18:09.653 I/WM-WorkerWrapper( 2334): java.util.concurrent.CancellationException: Task was cancelled.
11-19 17:18:09.653 I/WM-WorkerWrapper( 2334): 	at androidx.work.impl.utils.futures.AbstractFuture.getDoneValue(:32)
11-19 17:18:09.653 I/WM-WorkerWrapper( 2334): 	at androidx.work.impl.utils.futures.AbstractFuture.get(:268435546)
11-19 17:18:09.653 I/WM-WorkerWrapper( 2334): 	at androidx.work.impl.WorkerWrapper$2.run(:3)
11-19 17:18:09.653 I/WM-WorkerWrapper( 2334): 	at androidx.work.impl.utils.SerialExecutor$Task.run(:2)
11-19 17:18:09.653 I/WM-WorkerWrapper( 2334): 	at java.util.concurrent.ThreadPoolExecutor.runWorker(ThreadPoolExecutor.java:1167)
11-19 17:18:09.653 I/WM-WorkerWrapper( 2334): 	at java.util.concurrent.ThreadPoolExecutor$Worker.run(ThreadPoolExecutor.java:641)
11-19 17:18:09.653 I/WM-WorkerWrapper( 2334): 	at java.lang.Thread.run(Thread.java:923)
11-19 17:18:09.790 E/StickerBundleDatabaseWorker( 2334): Failed to fetch sticker bundles:
11-19 17:18:09.790 E/StickerBundleDatabaseWorker( 2334): kotlinx.coroutines.JobCancellationException: Job was cancelled; job=JobImpl{Cancelling}@cbadc5b
11-19 17:18:09.791 I/WM-WorkerWrapper( 2334): Work [ id=e130a2b8-40dd-4560-92fb-3ba7a92b1257, tags={ com.facebook.wearable.system.selfcare.sharing.StickerBundleDatabaseWorker } ] was cancelled
11-19 17:18:09.791 I/WM-WorkerWrapper( 2334): java.util.concurrent.CancellationException: Task was cancelled.
11-19 17:18:09.791 I/WM-WorkerWrapper( 2334): 	at androidx.work.impl.utils.futures.AbstractFuture.getDoneValue(:32)
11-19 17:18:09.791 I/WM-WorkerWrapper( 2334): 	at androidx.work.impl.utils.futures.AbstractFuture.get(:268435546)
11-19 17:18:09.791 I/WM-WorkerWrapper( 2334): 	at androidx.work.impl.WorkerWrapper$2.run(:3)
11-19 17:18:09.791 I/WM-WorkerWrapper( 2334): 	at androidx.work.impl.utils.SerialExecutor$Task.run(:2)
11-19 17:18:09.791 I/WM-WorkerWrapper( 2334): 	at java.util.concurrent.ThreadPoolExecutor.runWorker(ThreadPoolExecutor.java:1167)
11-19 17:18:09.791 I/WM-WorkerWrapper( 2334): 	at java.util.concurrent.ThreadPoolExecutor$Worker.run(ThreadPoolExecutor.java:641)
11-19 17:18:09.791 I/WM-WorkerWrapper( 2334): 	at java.lang.Thread.run(Thread.java:923)
11-19 17:18:09.938 E/StickerBundleDatabaseWorker( 2334): Failed to fetch sticker bundles:
11-19 17:18:09.938 E/StickerBundleDatabaseWorker( 2334): kotlinx.coroutines.JobCancellationException: Job was cancelled; job=JobImpl{Cancelling}@265b0a4
11-19 17:18:09.939 I/WM-WorkerWrapper( 2334): Work [ id=e130a2b8-40dd-4560-92fb-3ba7a92b1257, tags={ com.facebook.wearable.system.selfcare.sharing.StickerBundleDatabaseWorker } ] was cancelled
11-19 17:18:09.939 I/WM-WorkerWrapper( 2334): java.util.concurrent.CancellationException: Task was cancelled.
11-19 17:18:09.939 I/WM-WorkerWrapper( 2334): 	at androidx.work.impl.utils.futures.AbstractFuture.getDoneValue(:32)
11-19 17:18:09.939 I/WM-WorkerWrapper( 2334): 	at androidx.work.impl.utils.futures.AbstractFuture.get(:268435546)
11-19 17:18:09.939 I/WM-WorkerWrapper( 2334): 	at androidx.work.impl.WorkerWrapper$2.run(:3)
11-19 17:18:09.939 I/WM-WorkerWrapper( 2334): 	at androidx.work.impl.utils.SerialExecutor$Task.run(:2)
11-19 17:18:09.939 I/WM-WorkerWrapper( 2334): 	at java.util.concurrent.ThreadPoolExecutor.runWorker(ThreadPoolExecutor.java:1167)
11-19 17:18:09.939 I/WM-WorkerWrapper( 2334): 	at java.util.concurrent.ThreadPoolExecutor$Worker.run(ThreadPoolExecutor.java:641)
11-19 17:18:09.939 I/WM-WorkerWrapper( 2334): 	at java.lang.Thread.run(Thread.java:923)
11-19 17:18:10.090 E/StickerBundleDatabaseWorker( 2334): Failed to fetch sticker bundles:
11-19 17:18:10.090 E/StickerBundleDatabaseWorker( 2334): kotlinx.coroutines.JobCancellationException: Job was cancelled; job=JobImpl{Cancelling}@d9f3310
11-19 17:18:10.091 I/WM-WorkerWrapper( 2334): Work [ id=e130a2b8-40dd-4560-92fb-3ba7a92b1257, tags={ com.facebook.wearable.system.selfcare.sharing.StickerBundleDatabaseWorker } ] was cancelled
11-19 17:18:10.091 I/WM-WorkerWrapper( 2334): java.util.concurrent.CancellationException: Task was cancelled.
11-19 17:18:10.091 I/WM-WorkerWrapper( 2334): 	at androidx.work.impl.utils.futures.AbstractFuture.getDoneValue(:32)
11-19 17:18:10.091 I/WM-WorkerWrapper( 2334): 	at androidx.work.impl.utils.futures.AbstractFuture.get(:268435546)
11-19 17:18:10.091 I/WM-WorkerWrapper( 2334): 	at androidx.work.impl.WorkerWrapper$2.run(:3)
11-19 17:18:10.091 I/WM-WorkerWrapper( 2334): 	at androidx.work.impl.utils.SerialExecutor$Task.run(:2)
11-19 17:18:10.091 I/WM-WorkerWrapper( 2334): 	at java.util.concurrent.ThreadPoolExecutor.runWorker(ThreadPoolExecutor.java:1167)
11-19 17:18:10.091 I/WM-WorkerWrapper( 2334): 	at java.util.concurrent.ThreadPoolExecutor$Worker.run(ThreadPoolExecutor.java:641)
11-19 17:18:10.091 I/WM-WorkerWrapper( 2334): 	at java.lang.Thread.run(Thread.java:923)
11-19 17:18:10.166 W/HWComposer(  597): Ignoring duplicate VSYNC event from HWC for display 0 (t=5320525442553)
11-19 17:18:10.246 E/StickerBundleDatabaseWorker( 2334): Failed to fetch sticker bundles:
11-19 17:18:10.246 E/StickerBundleDatabaseWorker( 2334): kotlinx.coroutines.JobCancellationException: Job was cancelled; job=JobImpl{Cancelling}@e12371a
11-19 17:18:10.247 I/WM-WorkerWrapper( 2334): Work [ id=e130a2b8-40dd-4560-92fb-3ba7a92b1257, tags={ com.facebook.wearable.system.selfcare.sharing.StickerBundleDatabaseWorker } ] was cancelled
11-19 17:18:10.247 I/WM-WorkerWrapper( 2334): java.util.concurrent.CancellationException: Task was cancelled.
11-19 17:18:10.247 I/WM-WorkerWrapper( 2334): 	at androidx.work.impl.utils.futures.AbstractFuture.getDoneValue(:32)
11-19 17:18:10.247 I/WM-WorkerWrapper( 2334): 	at androidx.work.impl.utils.futures.AbstractFuture.get(:268435546)
11-19 17:18:10.247 I/WM-WorkerWrapper( 2334): 	at androidx.work.impl.WorkerWrapper$2.run(:3)
11-19 17:18:10.247 I/WM-WorkerWrapper( 2334): 	at androidx.work.impl.utils.SerialExecutor$Task.run(:2)
11-19 17:18:10.247 I/WM-WorkerWrapper( 2334): 	at java.util.concurrent.ThreadPoolExecutor.runWorker(ThreadPoolExecutor.java:1167)
11-19 17:18:10.247 I/WM-WorkerWrapper( 2334): 	at java.util.concurrent.ThreadPoolExecutor$Worker.run(ThreadPoolExecutor.java:641)
11-19 17:18:10.247 I/WM-WorkerWrapper( 2334): 	at java.lang.Thread.run(Thread.java:923)
11-19 17:18:10.381 E/StickerBundleDatabaseWorker( 2334): Failed to fetch sticker bundles:
11-19 17:18:10.381 E/StickerBundleDatabaseWorker( 2334): kotlinx.coroutines.JobCancellationException: Job was cancelled; job=JobImpl{Cancelling}@58caae6
11-19 17:18:10.381 I/WM-WorkerWrapper( 2334): Work [ id=e130a2b8-40dd-4560-92fb-3ba7a92b1257, tags={ com.facebook.wearable.system.selfcare.sharing.StickerBundleDatabaseWorker } ] was cancelled
11-19 17:18:10.381 I/WM-WorkerWrapper( 2334): java.util.concurrent.CancellationException: Task was cancelled.
11-19 17:18:10.381 I/WM-WorkerWrapper( 2334): 	at androidx.work.impl.utils.futures.AbstractFuture.getDoneValue(:32)
11-19 17:18:10.381 I/WM-WorkerWrapper( 2334): 	at androidx.work.impl.utils.futures.AbstractFuture.get(:268435546)
11-19 17:18:10.381 I/WM-WorkerWrapper( 2334): 	at androidx.work.impl.WorkerWrapper$2.run(:3)
11-19 17:18:10.381 I/WM-WorkerWrapper( 2334): 	at androidx.work.impl.utils.SerialExecutor$Task.run(:2)
11-19 17:18:10.381 I/WM-WorkerWrapper( 2334): 	at java.util.concurrent.ThreadPoolExecutor.runWorker(ThreadPoolExecutor.java:1167)
11-19 17:18:10.381 I/WM-WorkerWrapper( 2334): 	at java.util.concurrent.ThreadPoolExecutor$Worker.run(ThreadPoolExecutor.java:641)
11-19 17:18:10.381 I/WM-WorkerWrapper( 2334): 	at java.lang.Thread.run(Thread.java:923)
11-19 17:18:10.528 E/StickerBundleDatabaseWorker( 2334): Failed to fetch sticker bundles:
11-19 17:18:10.528 E/StickerBundleDatabaseWorker( 2334): kotlinx.coroutines.JobCancellationException: Job was cancelled; job=JobImpl{Cancelling}@5ad8040
11-19 17:18:10.529 I/WM-WorkerWrapper( 2334): Work [ id=e130a2b8-40dd-4560-92fb-3ba7a92b1257, tags={ com.facebook.wearable.system.selfcare.sharing.StickerBundleDatabaseWorker } ] was cancelled
11-19 17:18:10.529 I/WM-WorkerWrapper( 2334): java.util.concurrent.CancellationException: Task was cancelled.
11-19 17:18:10.529 I/WM-WorkerWrapper( 2334): 	at androidx.work.impl.utils.futures.AbstractFuture.getDoneValue(:32)
11-19 17:18:10.529 I/WM-WorkerWrapper( 2334): 	at androidx.work.impl.utils.futures.AbstractFuture.get(:268435546)
11-19 17:18:10.529 I/WM-WorkerWrapper( 2334): 	at androidx.work.impl.WorkerWrapper$2.run(:3)
11-19 17:18:10.529 I/WM-WorkerWrapper( 2334): 	at androidx.work.impl.utils.SerialExecutor$Task.run(:2)
11-19 17:18:10.529 I/WM-WorkerWrapper( 2334): 	at java.util.concurrent.ThreadPoolExecutor.runWorker(ThreadPoolExecutor.java:1167)
11-19 17:18:10.529 I/WM-WorkerWrapper( 2334): 	at java.util.concurrent.ThreadPoolExecutor$Worker.run(ThreadPoolExecutor.java:641)
11-19 17:18:10.529 I/WM-WorkerWrapper( 2334): 	at java.lang.Thread.run(Thread.java:923)
11-19 17:18:10.681 D/UIAutomatorStub( 5833): URI: /jsonrpc/0, Method: POST, Header: {content-length=229, remote-addr=127.0.0.1, http-client-ip=127.0.0.1, host=localhost:9011, content-type=application/json, accept-encoding=identity}, params, {NanoHttpd.QUERY_STRING=null}, files: {postData={"jsonrpc": "2.0", "method": "objInfo", "id": "e7cfa96996fbda3c0e4702e3dc2e4b90", "params": [{"mask": 2097152, "childOrSibling": [], "childOrSiblingSelector": [], "resourceId": "com.facebook.wearable.system.settings:id/toggle"}]}}
11-19 17:18:10.699 E/StickerBundleDatabaseWorker( 2334): Failed to fetch sticker bundles:
11-19 17:18:10.699 E/StickerBundleDatabaseWorker( 2334): kotlinx.coroutines.JobCancellationException: Job was cancelled; job=JobImpl{Cancelling}@c542635
11-19 17:18:10.699 I/WM-WorkerWrapper( 2334): Work [ id=e130a2b8-40dd-4560-92fb-3ba7a92b1257, tags={ com.facebook.wearable.system.selfcare.sharing.StickerBundleDatabaseWorker } ] was cancelled
11-19 17:18:10.699 I/WM-WorkerWrapper( 2334): java.util.concurrent.CancellationException: Task was cancelled.
11-19 17:18:10.699 I/WM-WorkerWrapper( 2334): 	at androidx.work.impl.utils.futures.AbstractFuture.getDoneValue(:32)
11-19 17:18:10.699 I/WM-WorkerWrapper( 2334): 	at androidx.work.impl.utils.futures.AbstractFuture.get(:268435546)
11-19 17:18:10.699 I/WM-WorkerWrapper( 2334): 	at androidx.work.impl.WorkerWrapper$2.run(:3)
11-19 17:18:10.699 I/WM-WorkerWrapper( 2334): 	at androidx.work.impl.utils.SerialExecutor$Task.run(:2)
11-19 17:18:10.699 I/WM-WorkerWrapper( 2334): 	at java.util.concurrent.ThreadPoolExecutor.runWorker(ThreadPoolExecutor.java:1167)
11-19 17:18:10.699 I/WM-WorkerWrapper( 2334): 	at java.util.concurrent.ThreadPoolExecutor$Worker.run(ThreadPoolExecutor.java:641)
11-19 17:18:10.699 I/WM-WorkerWrapper( 2334): 	at java.lang.Thread.run(Thread.java:923)
11-19 17:18:10.767 D/UIAutomatorStub( 5833): URI: /jsonrpc/0, Method: POST, Header: {content-length=227, remote-addr=127.0.0.1, http-client-ip=127.0.0.1, host=localhost:9011, content-type=application/json, accept-encoding=identity}, params, {NanoHttpd.QUERY_STRING=null}, files: {postData={"jsonrpc": "2.0", "method": "click", "id": "b41e7484f8c40eedfa9351752532f2e4", "params": [{"mask": 2097152, "childOrSibling": [], "childOrSiblingSelector": [], "resourceId": "com.facebook.wearable.system.settings:id/toggle"}]}}
11-19 17:18:10.825 D/WifiSharingService( 2866): Setting Wi-Fi enabled state
11-19 17:18:10.826 I/WifiService( 1196): setWifiEnabled package=com.facebook.wearable.system.connectivity uid=1000 enable=false
11-19 17:18:10.832 D/WifiActiveModeWarden( 1196): Switching all client mode managers
11-19 17:18:10.833 D/QCNEJ/WlanStaInfoRelay( 1887): onChange for uri = content://settings/global/wifi_on
11-19 17:18:10.837 D/BluetoothAdapterService( 1699): android.net.wifi.WIFI_STATE_CHANGED
11-19 17:18:10.838 E/QMI_FW  (  883): qmi_cci_get_ref: ref count increased 2
11-19 17:18:10.838 D/WifiP2pService( 1196): Wifi enabled=false, P2P Interface availability=true
11-19 17:18:10.839 D/WifiP2pNative( 1196): Teardown P2P interface
11-19 17:18:10.842 D/WifiP2pService( 1196): Wifi enabled=false, P2P Interface availability=true
11-19 17:18:10.845 W/ContextImpl( 1196): Calling a method in the system process without a qualified user: android.app.ContextImpl.sendBroadcastMultiplePermissions:1143 android.content.Context.sendBroadcastWithMultiplePermissions:2150 com.android.server.display.WifiDisplayAdapter.handleSendStatusChangeBroadcast:440 com.android.server.display.WifiDisplayAdapter.access$1700:63 com.android.server.display.WifiDisplayAdapter$WifiDisplayHandler.handleMessage:675 
11-19 17:18:10.848 D/WifiClientModeManager0( 1196): IMS not registered over IWLAN for subId: 1
11-19 17:18:10.849 D/WifiClientModeManager0( 1196): The target role 5
11-19 17:18:10.877 W/HWComposer(  597): Ignoring duplicate VSYNC event from HWC for display 0 (t=5321236552552)
11-19 17:18:10.892 I/android_os_HwBinder( 1196): HwBinder: Starting thread pool for getting: android.hardware.wifi.supplicant@1.0::ISupplicant/default
11-19 17:18:10.899 E/StickerBundleDatabaseWorker( 2334): Failed to fetch sticker bundles:
11-19 17:18:10.899 E/StickerBundleDatabaseWorker( 2334): kotlinx.coroutines.JobCancellationException: Job was cancelled; job=JobImpl{Cancelling}@6cb9996
11-19 17:18:10.899 I/WM-WorkerWrapper( 2334): Work [ id=e130a2b8-40dd-4560-92fb-3ba7a92b1257, tags={ com.facebook.wearable.system.selfcare.sharing.StickerBundleDatabaseWorker } ] was cancelled
11-19 17:18:10.899 I/WM-WorkerWrapper( 2334): java.util.concurrent.CancellationException: Task was cancelled.
11-19 17:18:10.899 I/WM-WorkerWrapper( 2334): 	at androidx.work.impl.utils.futures.AbstractFuture.getDoneValue(:32)
11-19 17:18:10.899 I/WM-WorkerWrapper( 2334): 	at androidx.work.impl.utils.futures.AbstractFuture.get(:268435546)
11-19 17:18:10.899 I/WM-WorkerWrapper( 2334): 	at androidx.work.impl.WorkerWrapper$2.run(:3)
11-19 17:18:10.899 I/WM-WorkerWrapper( 2334): 	at androidx.work.impl.utils.SerialExecutor$Task.run(:2)
11-19 17:18:10.899 I/WM-WorkerWrapper( 2334): 	at java.util.concurrent.ThreadPoolExecutor.runWorker(ThreadPoolExecutor.java:1167)
11-19 17:18:10.899 I/WM-WorkerWrapper( 2334): 	at java.util.concurrent.ThreadPoolExecutor$Worker.run(ThreadPoolExecutor.java:641)
11-19 17:18:10.899 I/WM-WorkerWrapper( 2334): 	at java.lang.Thread.run(Thread.java:923)
11-19 17:18:10.900 I/wpa_supplicant( 9429): wlan0: Do not deauthenticate as part of interface deinit since WoWLAN is enabled
11-19 17:18:10.941 I/wpa_supplicant( 9429): Try to unregister vendor STA network
11-19 17:18:10.959 E/wpa_supplicant( 9429): eap_proxy: pthread_join on eap_proxy=0xbbe2eac
11-19 17:18:10.959 E/wpa_supplicant( 9429): eap_proxy: session not started for client = 1
11-19 17:18:10.959 E/QMI_FW  ( 9429): qmi_cci_get_ref: ref count increased 2
11-19 17:18:10.959 E/QMI_FW  ( 9429): qmi_cci_get_ref: ref count increased 2
11-19 17:18:10.961 E/wpa_supplicant( 9429): eap_proxy: Released QMI UIM service client
11-19 17:18:10.961 E/QMI_FW  ( 9429): qmi_cci_get_ref: ref count increased 2
11-19 17:18:10.961 E/QMI_FW  ( 9429): qmi_cci_get_ref: ref count increased 2
11-19 17:18:10.964 E/wpa_supplicant( 9429): eap_proxy: Released QMI EAP service client
11-19 17:18:10.964 E/wpa_supplicant( 9429): eap_proxy: session not started for client = 2
11-19 17:18:10.964 E/QMI_FW  ( 9429): qmi_cci_get_ref: ref count increased 2
11-19 17:18:10.964 E/QMI_FW  ( 9429): qmi_cci_get_ref: ref count increased 2
11-19 17:18:10.966 E/wpa_supplicant( 9429): eap_proxy: Released QMI UIM service client
11-19 17:18:10.966 E/QMI_FW  ( 9429): qmi_cci_get_ref: ref count increased 2
11-19 17:18:10.966 E/QMI_FW  ( 9429): qmi_cci_get_ref: ref count increased 2
11-19 17:18:10.968 E/wpa_supplicant( 9429): eap_proxy: Released QMI EAP service client
11-19 17:18:10.968 I/wpa_supplicant( 9429): eap_proxy: eap_proxy Deinitialzed
11-19 17:18:11.002 I/wpa_supplicant( 9429): nl80211: deinit ifname=wlan0 disabled_11b_rates=0
11-19 17:18:11.043 E/StickerBundleDatabaseWorker( 2334): Failed to fetch sticker bundles:
11-19 17:18:11.043 E/StickerBundleDatabaseWorker( 2334): kotlinx.coroutines.JobCancellationException: Job was cancelled; job=JobImpl{Cancelling}@8b65fb3
11-19 17:18:11.044 I/WM-WorkerWrapper( 2334): Work [ id=e130a2b8-40dd-4560-92fb-3ba7a92b1257, tags={ com.facebook.wearable.system.selfcare.sharing.StickerBundleDatabaseWorker } ] was cancelled
11-19 17:18:11.044 I/WM-WorkerWrapper( 2334): java.util.concurrent.CancellationException: Task was cancelled.
11-19 17:18:11.044 I/WM-WorkerWrapper( 2334): 	at androidx.work.impl.utils.futures.AbstractFuture.getDoneValue(:32)
11-19 17:18:11.044 I/WM-WorkerWrapper( 2334): 	at androidx.work.impl.utils.futures.AbstractFuture.get(:268435546)
11-19 17:18:11.044 I/WM-WorkerWrapper( 2334): 	at androidx.work.impl.WorkerWrapper$2.run(:3)
11-19 17:18:11.044 I/WM-WorkerWrapper( 2334): 	at androidx.work.impl.utils.SerialExecutor$Task.run(:2)
11-19 17:18:11.044 I/WM-WorkerWrapper( 2334): 	at java.util.concurrent.ThreadPoolExecutor.runWorker(ThreadPoolExecutor.java:1167)
11-19 17:18:11.044 I/WM-WorkerWrapper( 2334): 	at java.util.concurrent.ThreadPoolExecutor$Worker.run(ThreadPoolExecutor.java:641)
11-19 17:18:11.044 I/WM-WorkerWrapper( 2334): 	at java.lang.Thread.run(Thread.java:923)
11-19 17:18:11.061 I/wpa_supplicant( 9429): Try to unregister vendor interface
11-19 17:18:11.062 D/LOWI-9.0.0.80(  995): [LOWINetlinkSocketReceiver] unpackRTMLinkMessage: RTM_NEWLINK - ifname wlan0, flags 0x11043 ([UP][RUNNING])
11-19 17:18:11.062 D/LOWI-9.0.0.80(  995): [LOWINetlinkSocketReceiver] processNetlinkPacket: ifname(wlan0) status(2)
11-19 17:18:11.062 D/LOWI-9.0.0.80(  995): [LOWIController] intfStateReceived: ifname(wlan0) state(2)
11-19 17:18:11.062 D/LOWI-9.0.0.80(  995): [LOWIEventReceiver] handleEvent:FROM:NA, TO:NA, REQ:NA, IREQ:NA, REQ_ID:0, RESP:NA, INFO:INTF-STATUS-UPDATE
11-19 17:18:11.062 D/LOWI-9.0.0.80(  995): [LOWIEventReceiver] Info to [INTF-STATUS-UPDATE]
11-19 17:18:11.062 D/LOWI-9.0.0.80(  995): [LOWIController] updateIntfState: WIFI enabled 2 mNlWifiStatus 2 mWifiStateEnabled 1
11-19 17:18:11.062 D/LOWI-9.0.0.80(  995): [LOWIController] isWifiEnabled: mNlWifiStatus 2 mWifiStateEnabled 1
11-19 17:18:11.071 I/wpa_supplicant( 9429): p2p0: Do not deauthenticate as part of interface deinit since WoWLAN is enabled
11-19 17:18:11.072 W/system_server( 1196): Long monitor contention with owner WifiHandlerThread (1640) at boolean com.android.server.wifi.SupplicantStaIfaceHal.removeIfaceV1_1(java.lang.String)(SupplicantStaIfaceHal.java:810) waiters=0 in void com.android.server.wifi.SupplicantStaIfaceCallbackImpl.onNetworkRemoved(int) for 125ms
11-19 17:18:11.074 I/SupplicantStaIfaceHal( 1196): Terminating supplicant using HIDL
11-19 17:18:11.130 E/wpa_supplicant( 9429): eap_proxy: pthread_join on eap_proxy=0xbbe2fa8
11-19 17:18:11.131 E/wpa_supplicant( 9429): eap_proxy: session not started for client = 1
11-19 17:18:11.131 E/QMI_FW  ( 9429): qmi_cci_get_ref: ref count increased 2
11-19 17:18:11.131 E/QMI_FW  ( 9429): qmi_cci_get_ref: ref count increased 2
11-19 17:18:11.131 E/wpa_supplicant( 9429): eap_proxy: Released QMI UIM service client
11-19 17:18:11.131 E/QMI_FW  ( 9429): qmi_cci_get_ref: ref count increased 2
11-19 17:18:11.131 E/QMI_FW  ( 9429): qmi_cci_get_ref: ref count increased 2
11-19 17:18:11.132 E/wpa_supplicant( 9429): eap_proxy: Released QMI EAP service client
11-19 17:18:11.132 E/wpa_supplicant( 9429): eap_proxy: session not started for client = 2
11-19 17:18:11.132 E/QMI_FW  ( 9429): qmi_cci_get_ref: ref count increased 2
11-19 17:18:11.132 E/QMI_FW  ( 9429): qmi_cci_get_ref: ref count increased 2
11-19 17:18:11.136 E/wpa_supplicant( 9429): eap_proxy: Released QMI UIM service client
11-19 17:18:11.136 E/QMI_FW  ( 9429): qmi_cci_get_ref: ref count increased 2
11-19 17:18:11.136 E/QMI_FW  ( 9429): qmi_cci_get_ref: ref count increased 2
11-19 17:18:11.136 E/wpa_supplicant( 9429): eap_proxy: Released QMI EAP service client
11-19 17:18:11.136 I/wpa_supplicant( 9429): eap_proxy: eap_proxy Deinitialzed
11-19 17:18:11.137 E/QMI_FW  ( 1117): qmi_cci_get_ref: ref count increased 2
11-19 17:18:11.138 E/QMI_FW  ( 1117): qmi_cci_get_ref: ref count increased 2
11-19 17:18:11.154 I/WearableConnectivityManager( 2565): LTE Signal strength is: 1
11-19 17:18:11.154 I/WearableConnectivityManager( 2565): Cellular Signal strength is: 1
11-19 17:18:11.156 D/RadioLinkQualityScoreBuilder( 1972): scoreRsrp: 2scoreRsrq: 3scoreRssnr: 3
11-19 17:18:11.157 D/WirelessInsightServiceImpl( 1972): onSignalStrengthsChanged: SignalStrength = SignalStrength:{mCdma=CellSignalStrengthCdma: cdmaDbm=2147483647 cdmaEcio=2147483647 evdoDbm=2147483647 evdoEcio=2147483647 evdoSnr=2147483647 level=0,mGsm=CellSignalStrengthGsm: rssi=2147483647 ber=2147483647 mTa=2147483647 mLevel=0,mWcdma=CellSignalStrengthWcdma: ss=2147483647 ber=2147483647 rscp=2147483647 ecno=2147483647 level=0,mTdscdma=CellSignalStrengthTdscdma: rssi=2147483647 ber=2147483647 rscp=2147483647 level=0,mLte=CellSignalStrengthLte: rssi=-81 rsrp=-113 rsrq=-12 rssnr=8 cqi=2147483647 ta=2147483647 level=1 parametersUseForLevel=0,mNr=CellSignalStrengthNr:{ csiRsrp = 2147483647 csiRsrq = 2147483647 csiSinr = 2147483647 ssRsrp = 2147483647 ssRsrq = 2147483647 ssSinr = 2147483647 level = 0 parametersUseForLevel = 0 },primary=CellSignalStrengthLte}
11-19 17:18:11.157 D/WirelessInsightServiceImpl( 1972): Score: 2
11-19 17:18:11.157 D/WirelessInsightServiceImpl( 1972): notifyListeners: listeners = 0, score = 2
11-19 17:18:11.182 I/wpa_supplicant( 9429): nl80211: deinit ifname=p2p0 disabled_11b_rates=0
11-19 17:18:11.195 E/StickerBundleDatabaseWorker( 2334): Failed to fetch sticker bundles:
11-19 17:18:11.195 E/StickerBundleDatabaseWorker( 2334): kotlinx.coroutines.JobCancellationException: Job was cancelled; job=JobImpl{Cancelling}@c9cbc9c
11-19 17:18:11.196 I/WM-WorkerWrapper( 2334): Work [ id=e130a2b8-40dd-4560-92fb-3ba7a92b1257, tags={ com.facebook.wearable.system.selfcare.sharing.StickerBundleDatabaseWorker } ] was cancelled
11-19 17:18:11.196 I/WM-WorkerWrapper( 2334): java.util.concurrent.CancellationException: Task was cancelled.
11-19 17:18:11.196 I/WM-WorkerWrapper( 2334): 	at androidx.work.impl.utils.futures.AbstractFuture.getDoneValue(:32)
11-19 17:18:11.196 I/WM-WorkerWrapper( 2334): 	at androidx.work.impl.utils.futures.AbstractFuture.get(:268435546)
11-19 17:18:11.196 I/WM-WorkerWrapper( 2334): 	at androidx.work.impl.WorkerWrapper$2.run(:3)
11-19 17:18:11.196 I/WM-WorkerWrapper( 2334): 	at androidx.work.impl.utils.SerialExecutor$Task.run(:2)
11-19 17:18:11.196 I/WM-WorkerWrapper( 2334): 	at java.util.concurrent.ThreadPoolExecutor.runWorker(ThreadPoolExecutor.java:1167)
11-19 17:18:11.196 I/WM-WorkerWrapper( 2334): 	at java.util.concurrent.ThreadPoolExecutor$Worker.run(ThreadPoolExecutor.java:641)
11-19 17:18:11.196 I/WM-WorkerWrapper( 2334): 	at java.lang.Thread.run(Thread.java:923)
11-19 17:18:11.221 D/LOWI-9.0.0.80(  995): [LOWINetlinkSocketReceiver] unpackRTMLinkMessage: RTM_NEWLINK - ifname p2p0, flags 0x1003 ([UP])
11-19 17:18:11.238 D/LOWI-9.0.0.80(  995): [LOWINetlinkSocketReceiver] unpackRTMLinkMessage: RTM_NEWLINK - ifname p2p0, flags 0x1002 ()
11-19 17:18:11.248 D/LOWI-9.0.0.80(  995): [LOWINetlinkSocketReceiver] unpackRTMLinkMessage: RTM_NEWLINK - ifname p2p0, flags 0x1002 ()
11-19 17:18:11.250 I/wpa_supplicant( 9429): Try to unregister vendor p2 interface
11-19 17:18:11.251 I/WifiP2pNative( 1196): P2P interface teardown completed
11-19 17:18:11.251 D/WifiP2pNative( 1196): P2P InterfaceDestroyedListener p2p0
11-19 17:18:11.251 D/WifiP2pNative( 1196): Ignoring stale interface destroyed listener
11-19 17:18:11.252 D/WifiP2pNative( 1196): P2P InterfaceAvailableListener true
