11-20 12:30:49.459 E/AccountsViewModel(26117): 	at android.database.DatabaseUtils.readExceptionFromParcel(DatabaseUtils.java:142)
11-20 12:30:49.459 E/AccountsViewModel(26117): 	at android.content.ContentProviderProxy.query(ContentProviderNative.java:472)
11-20 12:30:49.459 E/AccountsViewModel(26117): 	at android.content.ContentResolver.query(ContentResolver.java:1185)
11-20 12:30:49.459 E/AccountsViewModel(26117): 	at android.content.ContentResolver.query(ContentResolver.java:1116)
11-20 12:30:49.459 E/AccountsViewModel(26117): 	at com.facebook.wearable.common.accounts.contract.WearableAccountsContractRequest.query(:51)
11-20 12:30:49.459 E/AccountsViewModel(26117): 	at kotlin.coroutines.jvm.internal.BaseContinuationImpl.invokeSuspend(:95489)
11-20 12:30:49.459 E/AccountsViewModel(26117): 	at com.facebook.wearable.common.accounts.WearableAccountsKt$fb$1.invoke(:9)
11-20 12:30:49.459 E/AccountsViewModel(26117): 	at com.facebook.wearable.common.coroutines.lazy.LazyAsync.get(:101)
11-20 12:30:49.459 E/AccountsViewModel(26117): 	at kotlin.coroutines.jvm.internal.BaseContinuationImpl.invokeSuspend(:96596)
11-20 12:30:49.459 E/AccountsViewModel(26117): 	at com.facebook.wearable.system.settings.accounts.AccountsViewModel$wearableAccountFlow$1.invoke(:11)
11-20 12:30:49.459 E/AccountsViewModel(26117): 	at kotlinx.coroutines.flow.AbstractFlow.collect$rvp0$0(:72)
11-20 12:30:49.459 E/AccountsViewModel(26117): 	at kotlin.coroutines.jvm.internal.BaseContinuationImpl.invokeSuspend(:95417)
11-20 12:30:49.459 E/AccountsViewModel(26117): 	at kotlinx.coroutines.flow.FlowKt__ShareKt$launchSharing$1$2.invoke(Unknown Source:10)
11-20 12:30:49.459 E/AccountsViewModel(26117): 	at kotlin.coroutines.jvm.internal.BaseContinuationImpl.invokeSuspend(:96715)
11-20 12:30:49.459 E/AccountsViewModel(26117): 	at kotlinx.coroutines.flow.FlowKt__MergeKt$mapLatest$1.invoke(Unknown Source:15)
11-20 12:30:49.459 E/AccountsViewModel(26117): 	at kotlin.coroutines.jvm.internal.BaseContinuationImpl.invokeSuspend(:96820)
11-20 12:30:49.459 E/AccountsViewModel(26117): 	at kotlinx.coroutines.flow.internal.ChannelFlowTransformLatest$flowCollect$3$1$2.invoke(Unknown Source:10)
11-20 12:30:49.459 E/AccountsViewModel(26117): 	at kotlinx.coroutines.CoroutineStart.invoke(:32)
11-20 12:30:49.459 E/AccountsViewModel(26117): 	at kotlinx.coroutines.BuildersKt__Builders_commonKt.launch(:15)
11-20 12:30:49.459 E/AccountsViewModel(26117): 	at kotlinx.coroutines.flow.internal.ChannelFlowTransformLatest$flowCollect$3$invokeSuspend$$inlined$collect$1.emit(:56)
11-20 12:30:49.459 E/AccountsViewModel(26117): 	at kotlinx.coroutines.flow.DistinctFlowImpl$collect$$inlined$collect$1.emit(:74)
11-20 12:30:49.459 E/AccountsViewModel(26117): 	at kotlinx.coroutines.flow.FlowKt__LimitKt$dropWhile$lambda-4$$inlined$collect$1.emit(:114)
11-20 12:30:49.459 E/AccountsViewModel(26117): 	at kotlinx.coroutines.flow.FlowKt__ChannelsKt.emitAllImpl$FlowKt__ChannelsKt(:123)
11-20 12:30:49.459 E/AccountsViewModel(26117): 	at kotlin.coroutines.jvm.internal.BaseContinuationImpl.invokeSuspend(:96917)
11-20 12:30:49.459 E/AccountsViewModel(26117): 	at kotlin.coroutines.jvm.internal.BaseContinuationImpl.resumeWith(:5)
11-20 12:30:49.459 E/AccountsViewModel(26117): 	at kotlinx.coroutines.DispatchedTask.run(:131)
11-20 12:30:49.459 E/AccountsViewModel(26117): 	at java.util.concurrent.Executors$RunnableAdapter.call(Executors.java:462)
11-20 12:30:49.459 E/AccountsViewModel(26117): 	at java.util.concurrent.FutureTask.run(FutureTask.java:266)
11-20 12:30:49.459 E/AccountsViewModel(26117): 	at com.facebook.wearable.common.executors.DelayedFutureTask.run(:22)
11-20 12:30:49.459 E/AccountsViewModel(26117): 	at java.util.concurrent.ThreadPoolExecutor.runWorker(ThreadPoolExecutor.java:1167)
11-20 12:30:49.459 E/AccountsViewModel(26117): 	at java.util.concurrent.ThreadPoolExecutor$Worker.run(ThreadPoolExecutor.java:641)
11-20 12:30:49.459 E/AccountsViewModel(26117): 	at com.facebook.wearable.common.executors.NamedThreadFactory$1.run(:7)
11-20 12:30:49.790 D/CompatibilityInfo( 1194): mCompatibilityFlags - 4
11-20 12:30:49.790 D/CompatibilityInfo( 1194): applicationDensity - 320
11-20 12:30:49.790 D/CompatibilityInfo( 1194): applicationScale - 1.0
11-20 12:30:49.807 D/ComplicationController( 4420): Stopping complication controller.
11-20 12:30:49.814 D/ComplicationDataManagerImpl( 4420): Fetching complication data for package: com.facebook.wearable.apps.calendar, com.facebook.wearable.apps.calendar.DAY_DATE_COMPLICATION.
11-20 12:30:49.815 D/ComplicationDataManagerImpl( 4420): Fetching complication data for package: com.facebook.wearable.apps.player, com.facebook.wearable.apps.player.SHORTCUT_COMPLICATION.
11-20 12:30:49.815 D/ComplicationDataManagerImpl( 4420): Fetching complication data for package: com.facebook.wearable.apps.gallery, com.facebook.wearable.apps.gallery.SHORTCUT_COMPLICATION.
11-20 12:30:49.815 D/ComplicationDataManagerImpl( 4420): Fetching complication data for package: com.facebook.wearable.apps.heart, com.facebook.wearable.apps.heart.HEART_RATE.
11-20 12:30:49.818 D/CompatibilityInfo( 1194): mCompatibilityFlags - 4
11-20 12:30:49.819 D/CompatibilityInfo( 1194): applicationDensity - 320
11-20 12:30:49.819 D/CompatibilityInfo( 1194): applicationScale - 1.0
11-20 12:30:49.968 D/commandrouter( 1117): rtc_sync (1, rtc:sync): <ServiceRequest> FORWARDED (remote -> local) service client ID = 0, token ID = 40223
11-20 12:30:49.969 D/vendor.facebook.rtc_sync@1.0-service( 1129): Request req_ts=1637411449958365984 resp_ts=1637411449969025094
11-20 12:30:49.969 D/commandrouter( 1117): SocServiceHandle::onServiceMessage, SoC Service = rtc_sync, appType = 1, type = SVC_RESP, clientId = 0, token = 40223, payloadLen = 8, result = 0, payload.size() = 8
11-20 12:30:50.337 D/UIAutomatorStub(26556): URI: /jsonrpc/0, Method: POST, Header: {content-length=192, remote-addr=127.0.0.1, http-client-ip=127.0.0.1, host=localhost:9010, content-type=application/json, accept-encoding=identity}, params, {NanoHttpd.QUERY_STRING=null}, files: {postData={"jsonrpc": "2.0", "method": "waitForExists", "id": "08e003224678bb5c3cfbe4661c2c12d0", "params": [{"mask": 1, "childOrSibling": [], "childOrSiblingSelector": [], "text": "Notifications"}, 5]}}
11-20 12:30:50.371 D/UIAutomatorStub(26556): URI: /jsonrpc/0, Method: POST, Header: {content-length=191, remote-addr=127.0.0.1, http-client-ip=127.0.0.1, host=localhost:9010, content-type=application/json, accept-encoding=identity}, params, {NanoHttpd.QUERY_STRING=null}, files: {postData={"jsonrpc": "2.0", "method": "waitForExists", "id": "5a853347b500f12bf2bea29ef6b14e21", "params": [{"mask": 1, "childOrSibling": [], "childOrSiblingSelector": [], "text": "Connectivity"}, 5]}}
11-20 12:30:50.435 D/UIAutomatorStub(26556): URI: /jsonrpc/0, Method: POST, Header: {content-length=180, remote-addr=127.0.0.1, http-client-ip=127.0.0.1, host=localhost:9010, content-type=application/json, accept-encoding=identity}, params, {NanoHttpd.QUERY_STRING=null}, files: {postData={"jsonrpc": "2.0", "method": "click", "id": "7b8a7acd3585a7f7faa48e30ebca46ab", "params": [{"mask": 1, "childOrSibling": [], "childOrSiblingSelector": [], "text": "Connectivity"}]}}
11-20 12:30:50.487 E/ANDR-PERF-OPTSHANDLER(  557): Unable to find the correct node storage pointers for                   resource index=16, node path=/proc/sys/kernel/sched_upmigrate
11-20 12:30:50.488 E/ANDR-PERF-RESOURCEQS(  557): Failed to reset optimization [3, 7]
11-20 12:30:50.488 E/ANDR-PERF-OPTSHANDLER(  557): Unable to find the correct node storage pointers for                   resource index=17, node path=/proc/sys/kernel/sched_downmigrate
11-20 12:30:50.488 E/ANDR-PERF-RESOURCEQS(  557): Failed to reset optimization [3, 8]
11-20 12:30:50.488 E/ANDR-PERF-OPTSHANDLER(  557): Perflock resource /sys/module/lpm_levels/parameters/bias_hyst not supported
11-20 12:30:50.488 E/ANDR-PERF-RESOURCEQS(  557): Failed to reset optimization [1, 2]
11-20 12:30:50.488 E/ANDR-PERF-OPTSHANDLER(  557): Perflock resource /proc/sys/kernel/sched_group_upmigrate not supported
11-20 12:30:50.488 E/ANDR-PERF-RESOURCEQS(  557): Failed to reset optimization [3, 21]
11-20 12:30:50.488 E/ANDR-PERF-OPTSHANDLER(  557): Perflock resource /proc/sys/kernel/sched_group_downmigrate not supported
11-20 12:30:50.488 E/ANDR-PERF-RESOURCEQS(  557): Failed to reset optimization [3, 22]
11-20 12:30:50.527 W/StatusBarClientConnection(26117): Messenger is null, ignoring message: { when=-20h43m16s790ms barrier=1 }
11-20 12:30:50.551 E/StatusBarClientConnection(26117): Service connected
11-20 12:30:50.583 W/View    (26117): requestLayout() improperly called by android.view.View{f68ce70 V.ED..... ......I. 0,368-474,474} during layout: running second layout pass
11-20 12:30:50.601 W/View    (26117): requestLayout() improperly called by com.facebook.wearable.common.wds.listview.WdsListView{b0ca7e6 V.E..V... ........ 0,0-474,474} during second layout pass: posting in next frame
11-20 12:30:51.283 E/ANDR-PERF-OPTSHANDLER(  557): perf_lock_rel: failed for /proc/sys/vm/swap_ratio as previous value is not stored
11-20 12:30:51.283 E/ANDR-PERF-OPTSHANDLER(  557): perf_lock_rel: failed for /sys/class/kgsl/kgsl-3d0/min_pwrlevel as previous value is not stored
11-20 12:30:51.284 E/ANDR-PERF-RESOURCEQS(  557): Failed to reset optimization [3, 0]
11-20 12:30:52.236 E/TaskPersister( 1194): File error accessing recents directory (directory doesn't exist?).
11-20 12:30:53.550 D/UIAutomatorStub(26556): URI: /jsonrpc/0, Method: POST, Header: {content-length=183, remote-addr=127.0.0.1, http-client-ip=127.0.0.1, host=localhost:9010, content-type=application/json, accept-encoding=identity}, params, {NanoHttpd.QUERY_STRING=null}, files: {postData={"jsonrpc": "2.0", "method": "waitForExists", "id": "a3c293c79bb7d2848622e8d53d3a586b", "params": [{"mask": 1, "childOrSibling": [], "childOrSiblingSelector": [], "text": "WiFi"}, 5]}}
11-20 12:30:53.585 D/UIAutomatorStub(26556): URI: /jsonrpc/0, Method: POST, Header: {content-length=172, remote-addr=127.0.0.1, http-client-ip=127.0.0.1, host=localhost:9010, content-type=application/json, accept-encoding=identity}, params, {NanoHttpd.QUERY_STRING=null}, files: {postData={"jsonrpc": "2.0", "method": "click", "id": "6dc46f74b280df44098b9bc9681d2f45", "params": [{"mask": 1, "childOrSibling": [], "childOrSiblingSelector": [], "text": "WiFi"}]}}
11-20 12:30:53.669 W/HWComposer(  577): Ignoring duplicate VSYNC event from HWC for display 0 (t=74599932617375)
11-20 12:30:53.672 W/StatusBarClientConnection(26117): Messenger is null, ignoring message: { when=-20h43m19s935ms barrier=1 }
11-20 12:30:53.698 D/CompatibilityInfo( 1194): mCompatibilityFlags - 4
11-20 12:30:53.699 D/CompatibilityInfo( 1194): applicationDensity - 320
11-20 12:30:53.699 D/CompatibilityInfo( 1194): applicationScale - 1.0
11-20 12:30:53.708 E/StatusBarClientConnection(26117): Service connected
11-20 12:30:53.708 D/WifiConnector( 2841): Network State Changed
11-20 12:30:53.731 W/View    (26117): requestLayout() improperly called by android.view.View{7587b78 V.ED..... ......I. 0,368-474,474} during layout: running second layout pass
11-20 12:30:53.736 D/WifiSharingService( 2841): Starting Wi-Fi scan
11-20 12:30:53.737 I/WifiService( 1194): startScan uid=1000
11-20 12:30:53.747 W/View    (26117): requestLayout() improperly called by com.facebook.wearable.common.wds.listview.WdsListView{11211df V.E..V... ........ 0,0-474,474} during second layout pass: posting in next frame
11-20 12:30:53.752 D/WifiNative( 1194): Scan trigered from WifiNative
11-20 12:30:53.753 I/chatty  ( 1024): uid=1021(gps) lowi-server expire 104 lines
11-20 12:30:53.753 V/WifiHAL (  539): event received NL80211_CMD_TRIGGER_SCAN
11-20 12:30:54.279 D/WifiNl80211Manager( 1194): Scan result ready event
11-20 12:30:54.279 D/WifiNative( 1194): Scan result ready event
11-20 12:30:54.279 V/WifiHAL (  539): event received NL80211_CMD_NEW_SCAN_RESULTS
11-20 12:30:54.286 D/LOWI-9.0.0.80( 1024): [LOWI-Scan] BSS 18:64:72:60:2b:40 FREQ: 2412, cFreq1[40:80:160] = [0:0:0] cFreq2 = 0 Country Code =    
11-20 12:30:54.286 D/LOWI-9.0.0.80( 1024): [LOWI-Scan] BSS 18:64:72:60:2b:40 (wlan0) ASSO: NO AddInfo: 0x0, TSF 0, 20:43:20.541, RSSI: -140, CPL: 127, AGE: 0,  SSID lab-t24103779, TSFDelta: 0x0, TXRate: 0
11-20 12:30:54.286 D/LOWI-9.0.0.80( 1024): [LOWI-Scan] 
11-20 12:30:54.286 D/LOWI-9.0.0.80( 1024): [LOWI-Scan] print_bss_handler: Report Probe TSF 74600541678 as it greater than Beacon TSF 74158903406
11-20 12:30:54.286 I/LOWI-9.0.0.80( 1024): [LOWI-Scan] RSN_IE
11-20 12:30:54.292 D/LOWI-9.0.0.80( 1024): [LOWI-Scan] decode_rsn_wpa_ie: Entered
11-20 12:30:54.292 D/LOWI-9.0.0.80( 1024): [LOWIUtils] hexDump: msg(30 14 01 00 00 0f ac 04 01 00 00 0f ac 04 01 00 00 0f ac 02 )
11-20 12:30:54.292 D/LOWI-9.0.0.80( 1024): [LOWI-Scan] decode_rsn_wpa_ie: LOWI_ENCRYPTION_TYPE_WPA_PSK
11-20 12:30:54.292 D/LOWI-9.0.0.80( 1024): [LOWI-Scan] is_qcom_ie, bss_age: 45
11-20 12:30:54.292 D/LOWI-9.0.0.80( 1024): [LOWI-Scan] BSS 2c:57:41:88:72:e1 LOWI_PHY_MODE_11NG_HT20(5), Beacon Interval: 100, LOWI_ENCRYPTION_TYPE_WPA_PSK 11mcRanging: No, ANQP: No, LCI: No, Civic: No, capability(0x1411): ESS Privacy ShortSlotTime
11-20 12:30:54.292 D/LOWI-9.0.0.80( 1024): [LOWI-Scan] BSS 2c:57:41:88:72:e1 FREQ: 2412, cFreq1[40:80:160] = [0:0:0] cFreq2 = 0 Country Code = US
11-20 12:30:54.292 D/LOWI-9.0.0.80( 1024): [LOWI-Scan] BSS 2c:57:41:88:72:e1 (wlan0) ASSO: NO AddInfo: 0x0, TSF 0, 20:43:20.541, RSSI: -148, CPL: 3, AGE: 0,  SSID kittyhawk, TSFDelta: 0x0, TXRate: 0
11-20 12:30:54.293 D/LOWI-9.0.0.80( 1024): [LOWI-Scan] 
11-20 12:30:54.293 D/LOWI-9.0.0.80( 1024): [LOWI-Scan] print_bss_handler: Report Probe TSF 74600541503 as it greater than Beacon TSF 74220005727
11-20 12:30:54.293 I/LOWI-9.0.0.80( 1024): [LOWI-Scan] RSN_IE
11-20 12:30:54.293 D/LOWI-9.0.0.80( 1024): [LOWI-Scan] decode_rsn_wpa_ie: Entered
11-20 12:30:54.293 D/LOWI-9.0.0.80( 1024): [LOWIUtils] hexDump: msg(30 14 01 00 00 0f ac 04 01 00 00 0f ac 04 01 00 00 0f ac 02 )
11-20 12:30:54.293 D/LOWI-9.0.0.80( 1024): [LOWI-Scan] decode_rsn_wpa_ie: LOWI_ENCRYPTION_TYPE_WPA_PSK
11-20 12:30:54.293 D/LOWI-9.0.0.80( 1024): [LOWI-Scan] is_qcom_ie, bss_age: 26
11-20 12:30:54.293 D/LOWI-9.0.0.80( 1024): [LOWI-Scan] BSS ce:dc:12:3b:87:fd LOWI_PHY_MODE_11AC_VHT20_2G(11), Beacon Interval: 100, LOWI_ENCRYPTION_TYPE_WPA_PSK 11mcRanging: No, ANQP: Yes, LCI: No, Civic: No, capability(0x1431): ESS Privacy ShortPreamble ShortSlotTime
11-20 12:30:54.293 D/LOWI-9.0.0.80( 1024): [LOWI-Scan] BSS ce:dc:12:3b:87:fd FREQ: 2437, cFreq1[40:80:160] = [0:0:0] cFreq2 = 0 Country Code =    
11-20 12:30:54.293 D/LOWI-9.0.0.80( 1024): [LOWI-Scan] BSS ce:dc:12:3b:87:fd (wlan0) ASSO: NO AddInfo: 0x0, TSF 0, 20:43:20.541, RSSI: -108, CPL: 127, AGE: 0,  SSID Pixel5_R1, TSFDelta: 0x0, TXRate: 0
11-20 12:30:54.294 D/LOWI-9.0.0.80( 1024): [LOWI-Scan] 
11-20 12:30:54.294 D/LOWI-9.0.0.80( 1024): [LOWI-Scan] print_bss_handler: Report Probe TSF 74600541580 as it greater than Beacon TSF 74544992619
11-20 12:30:54.294 I/LOWI-9.0.0.80( 1024): [LOWI-Scan] RSN_IE
11-20 12:30:54.294 D/LOWI-9.0.0.80( 1024): [LOWI-Scan] decode_rsn_wpa_ie: Entered
11-20 12:30:54.294 D/LOWI-9.0.0.80( 1024): [LOWIUtils] hexDump: msg(30 14 01 00 00 0f ac 04 01 00 00 0f ac 04 01 00 00 0f ac 02 )
11-20 12:30:54.294 D/LOWI-9.0.0.80( 1024): [LOWI-Scan] decode_rsn_wpa_ie: LOWI_ENCRYPTION_TYPE_WPA_PSK
11-20 12:30:54.294 D/LOWI-9.0.0.80( 1024): [LOWI-Scan] is_qcom_ie, bss_age: 13
11-20 12:30:54.294 D/LOWI-9.0.0.80( 1024): [LOWI-Scan] BSS fe:2d:5a:49:61:eb LOWI_PHY_MODE_11AC_VHT20_2G(11), Beacon Interval: 100, LOWI_ENCRYPTION_TYPE_WPA_PSK 11mcRanging: No, ANQP: Yes, LCI: No, Civic: No, capability(0x1431): ESS Privacy ShortPreamble ShortSlotTime
11-20 12:30:54.294 D/LOWI-9.0.0.80( 1024): [LOWI-Scan] BSS fe:2d:5a:49:61:eb FREQ: 2452, cFreq1[40:80:160] = [0:0:0] cFreq2 = 0 Country Code =    
11-20 12:30:54.294 D/LOWI-9.0.0.80( 1024): [LOWI-Scan] BSS fe:2d:5a:49:61:eb (wlan0) ASSO: NO AddInfo: 0x0, TSF 0, 20:43:20.541, RSSI: -112, CPL: 127, AGE: 0,  SSID Pixel_R2, TSFDelta: 0x0, TXRate: 0
11-20 12:30:54.295 D/LOWI-9.0.0.80( 1024): [LOWI-Scan] 
11-20 12:30:54.295 D/LOWI-9.0.0.80( 1024): [LOWI-Scan] print_bss_handler: Report beacon TSF 74600541483 as it greater than probe TSF 74544992557
11-20 12:30:54.295 I/LOWI-9.0.0.80( 1024): [LOWI-Scan] RSN_IE
11-20 12:30:54.295 D/LOWI-9.0.0.80( 1024): [LOWI-Scan] decode_rsn_wpa_ie: Entered
11-20 12:30:54.295 D/LOWI-9.0.0.80( 1024): [LOWIUtils] hexDump: msg(30 14 01 00 00 0f ac 04 01 00 00 0f ac 04 01 00 00 0f ac 02 )
11-20 12:30:54.295 D/LOWI-9.0.0.80( 1024): [LOWI-Scan] decode_rsn_wpa_ie: LOWI_ENCRYPTION_TYPE_WPA_PSK
11-20 12:30:54.295 D/LOWI-9.0.0.80( 1024): [LOWI-Scan] is_qcom_ie, bss_age: 51
11-20 12:30:54.295 D/LOWI-9.0.0.80( 1024): [LOWI-Scan] BSS 52:b8:14:37:74:3f LOWI_PHY_MODE_11AC_VHT20_2G(11), Beacon Interval: 100, LOWI_ENCRYPTION_TYPE_WPA_PSK 11mcRanging: No, ANQP: No, LCI: No, Civic: No, capability(0x1431): ESS Privacy ShortPreamble ShortSlotTime
11-20 12:30:54.295 D/LOWI-9.0.0.80( 1024): [LOWI-Scan] BSS 52:b8:14:37:74:3f FREQ: 2417, cFreq1[40:80:160] = [0:0:0] cFreq2 = 0 Country Code =    
11-20 12:30:54.295 D/LOWI-9.0.0.80( 1024): [LOWI-Scan] BSS 52:b8:14:37:74:3f (wlan0) ASSO: NO AddInfo: 0x1, TSF 0, 20:43:20.541, RSSI: -104, CPL: 127, AGE: 0,  SSID Pixel_8668, TSFDelta: 0x0, TXRate: 0
11-20 12:30:54.296 D/LOWI-9.0.0.80( 1024): [LOWI-Scan] 
11-20 12:30:54.296 D/LOWI-9.0.0.80( 1024): [LOWI-Scan] print_bss_handler: Report Probe TSF 74600541716 as it greater than Beacon TSF 73706372110
11-20 12:30:54.296 I/LOWI-9.0.0.80( 1024): [LOWI-Scan] RSN_IE
11-20 12:30:54.296 D/LOWI-9.0.0.80( 1024): [LOWI-Scan] decode_rsn_wpa_ie: Entered
11-20 12:30:54.296 D/LOWI-9.0.0.80( 1024): [LOWIUtils] hexDump: msg(30 14 01 00 00 0f ac 04 01 00 00 0f ac 04 01 00 00 0f ac 02 )
11-20 12:30:54.296 D/LOWI-9.0.0.80( 1024): [LOWI-Scan] decode_rsn_wpa_ie: LOWI_ENCRYPTION_TYPE_WPA_PSK
11-20 12:30:54.296 D/LOWI-9.0.0.80( 1024): [LOWI-Scan] is_qcom_ie, bss_age: 26
11-20 12:30:54.297 D/LOWI-9.0.0.80( 1024): [LOWI-Scan] BSS 2c:57:41:89:63:c1 LOWI_PHY_MODE_11NG_HT20(5), Beacon Interval: 100, LOWI_ENCRYPTION_TYPE_WPA_PSK 11mcRanging: No, ANQP: No, LCI: No, Civic: No, capability(0x1411): ESS Privacy ShortSlotTime
11-20 12:30:54.297 D/LOWI-9.0.0.80( 1024): [LOWI-Scan] BSS 2c:57:41:89:63:c1 FREQ: 2437, cFreq1[40:80:160] = [0:0:0] cFreq2 = 0 Country Code = US
11-20 12:30:54.297 D/LOWI-9.0.0.80( 1024): [LOWI-Scan] BSS 2c:57:41:89:63:c1 (wlan0) ASSO: NO AddInfo: 0x0, TSF 0, 20:43:20.541, RSSI: -158, CPL: 2, AGE: 0,  SSID kittyhawk, TSFDelta: 0x0, TXRate: 0
11-20 12:30:54.297 D/LOWI-9.0.0.80( 1024): [LOWI-Scan] 
11-20 12:30:54.297 D/LOWI-9.0.0.80( 1024): [LOWI-Scan] print_bss_handler: Report Probe TSF 74600541755 as it greater than Beacon TSF 74503973273
11-20 12:30:54.297 I/LOWI-9.0.0.80( 1024): [LOWI-Scan] RSN_IE
11-20 12:30:54.297 D/LOWI-9.0.0.80( 1024): [LOWI-Scan] decode_rsn_wpa_ie: Entered
11-20 12:30:54.297 D/LOWI-9.0.0.80( 1024): [LOWIUtils] hexDump: msg(30 14 01 00 00 0f ac 04 01 00 00 0f ac 04 01 00 00 0f ac 02 )
11-20 12:30:54.297 D/LOWI-9.0.0.80( 1024): [LOWI-Scan] decode_rsn_wpa_ie: LOWI_ENCRYPTION_TYPE_WPA_PSK
11-20 12:30:54.297 D/LOWI-9.0.0.80( 1024): [LOWI-Scan] is_qcom_ie, bss_age: 46
11-20 12:30:54.297 D/LOWI-9.0.0.80( 1024): [LOWI-Scan] BSS 2c:57:41:86:7a:61 LOWI_PHY_MODE_11NG_HT20(5), Beacon Interval: 100, LOWI_ENCRYPTION_TYPE_WPA_PSK 11mcRanging: No, ANQP: No, LCI: No, Civic: No, capability(0x1411): ESS Privacy ShortSlotTime
11-20 12:30:54.298 D/LOWI-9.0.0.80( 1024): [LOWI-Scan] BSS 2c:57:41:86:7a:61 FREQ: 2412, cFreq1[40:80:160] = [0:0:0] cFreq2 = 0 Country Code = US
11-20 12:30:54.298 D/LOWI-9.0.0.80( 1024): [LOWI-Scan] BSS 2c:57:41:86:7a:61 (wlan0) ASSO: NO AddInfo: 0x0, TSF 0, 20:43:20.541, RSSI: -156, CPL: 3, AGE: 0,  SSID kittyhawk, TSFDelta: 0x0, TXRate: 0
11-20 12:30:54.298 D/LOWI-9.0.0.80( 1024): [LOWI-Scan] 
11-20 12:30:54.298 D/LOWI-9.0.0.80( 1024): [LOWI-Scan] print_bss_handler: Report Probe TSF 74600541774 as it greater than Beacon TSF 74259344636
11-20 12:30:54.298 I/LOWI-9.0.0.80( 1024): [LOWI-Scan] RSN_IE
11-20 12:30:54.298 D/LOWI-9.0.0.80( 1024): [LOWI-Scan] decode_rsn_wpa_ie: Entered
11-20 12:30:54.298 D/LOWI-9.0.0.80( 1024): [LOWIUtils] hexDump: msg(30 14 01 00 00 0f ac 04 01 00 00 0f ac 04 01 00 00 0f ac 02 )
11-20 12:30:54.298 D/LOWI-9.0.0.80( 1024): [LOWI-Scan] decode_rsn_wpa_ie: LOWI_ENCRYPTION_TYPE_WPA_PSK
11-20 12:30:54.298 D/LOWI-9.0.0.80( 1024): [LOWI-Scan] is_qcom_ie, bss_age: 4
11-20 12:30:54.298 D/LOWI-9.0.0.80( 1024): [LOWI-Scan] BSS 2c:57:41:86:85:21 LOWI_PHY_MODE_11NG_HT20(5), Beacon Interval: 100, LOWI_ENCRYPTION_TYPE_WPA_PSK 11mcRanging: No, ANQP: No, LCI: No, Civic: No, capability(0x1411): ESS Privacy ShortSlotTime
11-20 12:30:54.298 D/LOWI-9.0.0.80( 1024): [LOWI-Scan] BSS 2c:57:41:86:85:21 FREQ: 2462, cFreq1[40:80:160] = [0:0:0] cFreq2 = 0 Country Code = US
11-20 12:30:54.298 D/LOWI-9.0.0.80( 1024): [LOWI-Scan] BSS 2c:57:41:86:85:21 (wlan0) ASSO: NO AddInfo: 0x0, TSF 0, 20:43:20.541, RSSI: -164, CPL: 2, AGE: 0,  SSID kittyhawk, TSFDelta: 0x0, TXRate: 0
11-20 12:30:54.299 D/LOWI-9.0.0.80( 1024): [LOWI-Scan] 
11-20 12:30:54.299 D/LOWI-9.0.0.80( 1024): [LOWI-Scan] print_bss_handler: Report Probe TSF 74600541734 as it greater than Beacon TSF 0
11-20 12:30:54.299 I/LOWI-9.0.0.80( 1024): [LOWI-Scan] RSN_IE
11-20 12:30:54.299 D/LOWI-9.0.0.80( 1024): [LOWI-Scan] decode_rsn_wpa_ie: Entered
11-20 12:30:54.299 D/LOWI-9.0.0.80( 1024): [LOWIUtils] hexDump: msg(30 14 01 00 00 0f ac 04 01 00 00 0f ac 04 01 00 00 0f ac 02 )
11-20 12:30:54.299 D/LOWI-9.0.0.80( 1024): [LOWI-Scan] decode_rsn_wpa_ie: LOWI_ENCRYPTION_TYPE_WPA_PSK
11-20 12:30:54.299 D/LOWI-9.0.0.80( 1024): [LOWI-Scan] is_qcom_ie, bss_age: 4
11-20 12:30:54.299 D/LOWI-9.0.0.80( 1024): [LOWI-Scan] BSS 18:64:72:60:2e:e0 LOWI_PHY_MODE_11NG_HT20(5), Beacon Interval: 100, LOWI_ENCRYPTION_TYPE_WPA_PSK 11mcRanging: No, ANQP: No, LCI: No, Civic: No, capability(0x0431): ESS Privacy ShortPreamble ShortSlotTime
11-20 12:30:54.299 D/LOWI-9.0.0.80( 1024): [LOWI-Scan] BSS 18:64:72:60:2e:e0 FREQ: 2462, cFreq1[40:80:160] = [0:0:0] cFreq2 = 0 Country Code =    
11-20 12:30:54.299 D/LOWI-9.0.0.80( 1024): [LOWI-Scan] BSS 18:64:72:60:2e:e0 (wlan0) ASSO: NO AddInfo: 0x0, TSF 0, 20:43:20.541, RSSI: -158, CPL: 127, AGE: 0,  SSID lab-t24103779, TSFDelta: 0x0, TXRate: 0
11-20 12:30:54.300 D/LOWI-9.0.0.80( 1024): [LOWI-Scan] 
11-20 12:30:54.300 D/LOWI-9.0.0.80( 1024): [LOWI-Scan] print_bss_handler: Report Probe TSF 74600541794 as it greater than Beacon TSF 0
11-20 12:30:54.300 I/LOWI-9.0.0.80( 1024): [LOWI-Scan] RSN_IE
11-20 12:30:54.300 D/LOWI-9.0.0.80( 1024): [LOWI-Scan] decode_rsn_wpa_ie: Entered
11-20 12:30:54.300 D/LOWI-9.0.0.80( 1024): [LOWIUtils] hexDump: msg(30 14 01 00 00 0f ac 04 01 00 00 0f ac 04 01 00 00 0f ac 02 )
11-20 12:30:54.300 D/LOWI-9.0.0.80( 1024): [LOWI-Scan] decode_rsn_wpa_ie: LOWI_ENCRYPTION_TYPE_WPA_PSK
11-20 12:30:54.300 D/LOWI-9.0.0.80( 1024): [LOWI-Scan] is_qcom_ie, bss_age: 45
11-20 12:30:54.300 D/LOWI-9.0.0.80( 1024): [LOWI-Scan] BSS 2c:57:41:89:53:21 LOWI_PHY_MODE_11NG_HT20(5), Beacon Interval: 100, LOWI_ENCRYPTION_TYPE_WPA_PSK 11mcRanging: No, ANQP: No, LCI: No, Civic: No, capability(0x1411): ESS Privacy ShortSlotTime
11-20 12:30:54.300 D/LOWI-9.0.0.80( 1024): [LOWI-Scan] BSS 2c:57:41:89:53:21 FREQ: 2412, cFreq1[40:80:160] = [0:0:0] cFreq2 = 0 Country Code = US
11-20 12:30:54.300 D/LOWI-9.0.0.80( 1024): [LOWI-Scan] BSS 2c:57:41:89:53:21 (wlan0) ASSO: NO AddInfo: 0x0, TSF 0, 20:43:20.541, RSSI: -162, CPL: 3, AGE: 0,  SSID kittyhawk, TSFDelta: 0x0, TXRate: 0
11-20 12:30:54.300 D/LOWI-9.0.0.80( 1024): [LOWIDiagLog] Log: lowiMeasResult->request: invalid null argument
11-20 12:30:54.300 I/LOWI-9.0.0.80( 1024): [LOWI-Scan] lowi_close_record:Scan done in 74556783ms, 19 APs in scan results
11-20 12:30:54.300 D/LOWI-9.0.0.80( 1024): [LOWI-Scan] WipsScanUsingNL: passive scan cached 0, took 16089 ms, err 0
11-20 12:30:54.300 D/LOWI-9.0.0.80( 1024): [LOWI-Scan] lowi_proc_req_passive_scan_with_live_meas - No WLAN Frames to be parsed
11-20 12:30:54.300 D/LOWI-9.0.0.80( 1024): [LOWIScanResultReceiver] Send scan meas to listener
11-20 12:30:54.301 D/LOWI-9.0.0.80( 1024): [LOWIScanResultReceiver] Enter passive listening mode
11-20 12:30:54.301 D/LOWI-9.0.0.80( 1024): [LOWIWifiDriverInterface] getMeasurements - Passive listening mode
11-20 12:30:54.301 D/LOWI-9.0.0.80( 1024): [LOWI-Scan] WipsScanUsingNL:wait -1 sec for netlink message
11-20 12:30:54.301 D/LOWI-9.0.0.80( 1024): [LOWIEventReceiver] handleEvent:FROM:NA, TO:NA, REQ:NA, IREQ:NA, REQ_ID:0, RESP:NA, INFO:NA
11-20 12:30:54.301 D/LOWI-9.0.0.80( 1024): [LOWIBackgroundScanMgr] isRspForBgScanMgr: evt(LOWI_NO_EVT) - not handled
11-20 12:30:54.301 D/LOWI-9.0.0.80( 1024): [LOWIScheduler] manageMsg: NULL results or NULL request in results
11-20 12:30:54.301 D/LOWI-9.0.0.80( 1024): [LOWIController] Measurements received
11-20 12:30:54.301 D/LOWI-9.0.0.80( 1024): [LOWICacheManager] putInCache:Num of Meas to add: 19
11-20 12:30:54.301 D/PasspointManager( 1194): ANQP entry not found for: c6:82:9b:4e:b3:9e:<Pixel_R6>
11-20 12:30:54.301 D/PasspointManager( 1194): ANQP entry not found for: 5e:6e:be:46:77:d7:<Pixel_R3>
11-20 12:30:54.302 D/PasspointManager( 1194): ANQP entry not found for: 12:d7:96:61:85:9f:<Pixel_R5>
11-20 12:30:54.302 D/PasspointManager( 1194): ANQP entry not found for: ce:dc:12:3b:87:fd:<Pixel5_R1>
11-20 12:30:54.302 D/PasspointManager( 1194): ANQP entry not found for: fe:2d:5a:49:61:eb:<Pixel_R2>
11-20 12:30:54.302 D/LOWI-9.0.0.80( 1024): [LOWIController] processMeasurementResults: No current Request. Cache measurements
11-20 12:30:54.302 D/LOWI-9.0.0.80( 1024): [LOWIControllerExtn] sendLOWILpDiscoveryScanResponse: Not a discovery scan response
11-20 12:30:54.355 D/WifiSharingService( 2841): Sending scanResults intent with status code 0: PendingIntent{e7a4ea8: android.os.BinderProxy@f0906c1}
11-20 12:30:54.362 D/CompatibilityInfo( 1194): mCompatibilityFlags - 4
11-20 12:30:54.362 D/CompatibilityInfo( 1194): applicationDensity - 320
11-20 12:30:54.362 D/CompatibilityInfo( 1194): applicationScale - 1.0
11-20 12:30:55.339 W/HWComposer(  577): Ignoring duplicate VSYNC event from HWC for display 0 (t=74601602690499)
11-20 12:30:56.149 W/HWComposer(  577): Ignoring duplicate VSYNC event from HWC for display 0 (t=74602412362582)
11-20 12:30:56.166 W/HWComposer(  577): Ignoring duplicate VSYNC event from HWC for display 0 (t=74602429249145)
11-20 12:30:56.183 W/HWComposer(  577): Ignoring duplicate VSYNC event from HWC for display 0 (t=74602446124718)
11-20 12:30:56.200 W/HWComposer(  577): Ignoring duplicate VSYNC event from HWC for display 0 (t=74602463000603)
11-20 12:30:56.695 D/UIAutomatorStub(26556): URI: /jsonrpc/0, Method: POST, Header: {content-length=229, remote-addr=127.0.0.1, http-client-ip=127.0.0.1, host=localhost:9010, content-type=application/json, accept-encoding=identity}, params, {NanoHttpd.QUERY_STRING=null}, files: {postData={"jsonrpc": "2.0", "method": "objInfo", "id": "b5c2fe743e1a58956b175576d5ecf204", "params": [{"mask": 2097152, "childOrSibling": [], "childOrSiblingSelector": [], "resourceId": "com.facebook.wearable.system.settings:id/toggle"}]}}
11-20 12:30:56.773 D/UIAutomatorStub(26556): URI: /jsonrpc/0, Method: POST, Header: {content-length=227, remote-addr=127.0.0.1, http-client-ip=127.0.0.1, host=localhost:9010, content-type=application/json, accept-encoding=identity}, params, {NanoHttpd.QUERY_STRING=null}, files: {postData={"jsonrpc": "2.0", "method": "click", "id": "d7fb055dadca14dce9e8da78c7f99703", "params": [{"mask": 2097152, "childOrSibling": [], "childOrSiblingSelector": [], "resourceId": "com.facebook.wearable.system.settings:id/toggle"}]}}
11-20 12:30:56.821 D/WifiSharingService( 2841): Setting Wi-Fi enabled state
11-20 12:30:56.822 I/WifiService( 1194): setWifiEnabled package=com.facebook.wearable.system.connectivity uid=1000 enable=false
11-20 12:30:56.835 D/QCNEJ/WlanStaInfoRelay( 1900): onChange for uri = content://settings/global/wifi_on
11-20 12:30:56.836 D/WifiActiveModeWarden( 1194): Switching all client mode managers
11-20 12:30:56.839 E/QMI_FW  (  927): qmi_cci_get_ref: ref count increased 2
11-20 12:30:56.852 D/WifiP2pNative( 1194): Teardown P2P interface
11-20 12:30:56.854 D/WifiP2pService( 1194): Wifi enabled=false, P2P Interface availability=true
11-20 12:30:56.856 D/WifiP2pService( 1194): Wifi enabled=false, P2P Interface availability=true
11-20 12:30:56.866 D/WifiClientModeManager1( 1194): IMS not registered over IWLAN for subId: 1
11-20 12:30:56.866 D/WifiClientModeManager1( 1194): The target role 5
11-20 12:30:56.874 W/HWComposer(  577): Ignoring duplicate VSYNC event from HWC for display 0 (t=74603137552738)
11-20 12:30:56.883 I/android_os_HwBinder( 1194): HwBinder: Starting thread pool for getting: android.hardware.wifi.supplicant@1.0::ISupplicant/default
11-20 12:30:56.884 I/wpa_supplicant(28656): wlan0: Do not deauthenticate as part of interface deinit since WoWLAN is enabled
11-20 12:30:56.888 W/ContextImpl( 1194): Calling a method in the system process without a qualified user: android.app.ContextImpl.sendBroadcastMultiplePermissions:1143 android.content.Context.sendBroadcastWithMultiplePermissions:2150 com.android.server.display.WifiDisplayAdapter.handleSendStatusChangeBroadcast:440 com.android.server.display.WifiDisplayAdapter.access$1700:63 com.android.server.display.WifiDisplayAdapter$WifiDisplayHandler.handleMessage:675 
11-20 12:30:56.926 I/wpa_supplicant(28656): Try to unregister vendor STA network
11-20 12:30:56.939 E/wpa_supplicant(28656): eap_proxy: pthread_join on eap_proxy=0x3fa1eac
11-20 12:30:56.945 E/wpa_supplicant(28656): eap_proxy: session not started for client = 1
11-20 12:30:56.946 E/QMI_FW  (28656): qmi_cci_get_ref: ref count increased 2
11-20 12:30:56.946 E/QMI_FW  (28656): qmi_cci_get_ref: ref count increased 2
11-20 12:30:56.948 E/wpa_supplicant(28656): eap_proxy: Released QMI UIM service client
11-20 12:30:56.948 E/QMI_FW  (28656): qmi_cci_get_ref: ref count increased 2
11-20 12:30:56.948 E/QMI_FW  (28656): qmi_cci_get_ref: ref count increased 2
11-20 12:30:56.948 E/wpa_supplicant(28656): eap_proxy: Released QMI EAP service client
11-20 12:30:56.948 E/wpa_supplicant(28656): eap_proxy: session not started for client = 2
11-20 12:30:56.948 E/QMI_FW  (28656): qmi_cci_get_ref: ref count increased 2
11-20 12:30:56.948 E/QMI_FW  (28656): qmi_cci_get_ref: ref count increased 2
11-20 12:30:56.949 E/wpa_supplicant(28656): eap_proxy: Released QMI UIM service client
11-20 12:30:56.949 E/QMI_FW  (28656): qmi_cci_get_ref: ref count increased 2
11-20 12:30:56.949 E/QMI_FW  (28656): qmi_cci_get_ref: ref count increased 2
11-20 12:30:56.950 E/wpa_supplicant(28656): eap_proxy: Released QMI EAP service client
11-20 12:30:56.950 I/wpa_supplicant(28656): eap_proxy: eap_proxy Deinitialzed
11-20 12:30:56.978 I/wpa_supplicant(28656): nl80211: deinit ifname=wlan0 disabled_11b_rates=0
11-20 12:30:57.027 I/wpa_supplicant(28656): Try to unregister vendor interface
11-20 12:30:57.030 D/LOWI-9.0.0.80( 1024): [LOWINetlinkSocketReceiver] unpackRTMLinkMessage: RTM_NEWLINK - ifname wlan0, flags 0x11043 ([UP][RUNNING])
11-20 12:30:57.030 D/LOWI-9.0.0.80( 1024): [LOWINetlinkSocketReceiver] processNetlinkPacket: ifname(wlan0) status(2)
11-20 12:30:57.030 D/LOWI-9.0.0.80( 1024): [LOWIController] intfStateReceived: ifname(wlan0) state(2)
11-20 12:30:57.030 D/LOWI-9.0.0.80( 1024): [LOWIEventReceiver] handleEvent:FROM:NA, TO:NA, REQ:NA, IREQ:NA, REQ_ID:0, RESP:NA, INFO:INTF-STATUS-UPDATE
11-20 12:30:57.030 D/LOWI-9.0.0.80( 1024): [LOWIEventReceiver] Info to [INTF-STATUS-UPDATE]
11-20 12:30:57.031 D/LOWI-9.0.0.80( 1024): [LOWIController] updateIntfState: WIFI enabled 2 mNlWifiStatus 2 mWifiStateEnabled 1
11-20 12:30:57.032 D/LOWI-9.0.0.80( 1024): [LOWIController] isWifiEnabled: mNlWifiStatus 2 mWifiStateEnabled 1
11-20 12:30:57.039 I/SupplicantStaIfaceHal( 1194): Terminating supplicant using HIDL
11-20 12:30:57.040 I/wpa_supplicant(28656): p2p0: Do not deauthenticate as part of interface deinit since WoWLAN is enabled
11-20 12:30:57.076 E/wpa_supplicant(28656): eap_proxy: pthread_join on eap_proxy=0x3fa1fa8
11-20 12:30:57.076 E/wpa_supplicant(28656): eap_proxy: session not started for client = 1
11-20 12:30:57.077 E/QMI_FW  (28656): qmi_cci_get_ref: ref count increased 2
11-20 12:30:57.077 E/QMI_FW  (28656): qmi_cci_get_ref: ref count increased 2
11-20 12:30:57.077 E/wpa_supplicant(28656): eap_proxy: Released QMI UIM service client
11-20 12:30:57.077 E/QMI_FW  (28656): qmi_cci_get_ref: ref count increased 2
11-20 12:30:57.077 E/QMI_FW  (28656): qmi_cci_get_ref: ref count increased 2
11-20 12:30:57.078 E/wpa_supplicant(28656): eap_proxy: Released QMI EAP service client
11-20 12:30:57.078 E/wpa_supplicant(28656): eap_proxy: session not started for client = 2
11-20 12:30:57.078 E/QMI_FW  (28656): qmi_cci_get_ref: ref count increased 2
11-20 12:30:57.078 E/QMI_FW  (28656): qmi_cci_get_ref: ref count increased 2
11-20 12:30:57.079 E/wpa_supplicant(28656): eap_proxy: Released QMI UIM service client
11-20 12:30:57.079 E/QMI_FW  (28656): qmi_cci_get_ref: ref count increased 2
11-20 12:30:57.079 E/QMI_FW  (28656): qmi_cci_get_ref: ref count increased 2
11-20 12:30:57.081 E/wpa_supplicant(28656): eap_proxy: Released QMI EAP service client
11-20 12:30:57.081 I/wpa_supplicant(28656): eap_proxy: eap_proxy Deinitialzed
11-20 12:30:57.128 I/wpa_supplicant(28656): nl80211: deinit ifname=p2p0 disabled_11b_rates=0
11-20 12:30:57.167 D/LOWI-9.0.0.80( 1024): [LOWINetlinkSocketReceiver] unpackRTMLinkMessage: RTM_NEWLINK - ifname p2p0, flags 0x1003 ([UP])
11-20 12:30:57.187 D/LOWI-9.0.0.80( 1024): [LOWINetlinkSocketReceiver] unpackRTMLinkMessage: RTM_NEWLINK - ifname p2p0, flags 0x1002 ()
11-20 12:30:57.201 D/LOWI-9.0.0.80( 1024): [LOWINetlinkSocketReceiver] unpackRTMLinkMessage: RTM_NEWLINK - ifname p2p0, flags 0x1002 ()
11-20 12:30:57.203 I/wpa_supplicant(28656): Try to unregister vendor p2 interface
11-20 12:30:57.204 I/WifiP2pNative( 1194): P2P interface teardown completed
11-20 12:30:57.205 D/WifiP2pNative( 1194): P2P InterfaceDestroyedListener p2p0
11-20 12:30:57.205 D/WifiP2pNative( 1194): Ignoring stale interface destroyed listener
11-20 12:30:57.205 D/WifiP2pNative( 1194): P2P InterfaceAvailableListener true
11-20 12:30:57.205 D/WifiP2pService( 1194): Wifi enabled=false, P2P Interface availability=true
11-20 12:30:57.206 I/android_os_HwBinder( 1194): HwBinder: Starting thread pool for getting: android.hardware.wifi.supplicant@1.0::ISupplicant/default
11-20 12:30:57.212 I/wpa_supplicant(28656): Terminating...
11-20 12:30:57.214 D/LOWI-9.0.0.80( 1024): [LOWINetlinkSocketReceiver] unpackRTMLinkMessage: RTM_NEWLINK - ifname wlan0, flags 0x1003 ([UP])
11-20 12:30:57.214 D/LOWI-9.0.0.80( 1024): [LOWINetlinkSocketReceiver] processNetlinkPacket: ifname(wlan0) status(1)
11-20 12:30:57.214 D/LOWI-9.0.0.80( 1024): [LOWIController] intfStateReceived: ifname(wlan0) state(1)
11-20 12:30:57.215 D/LOWI-9.0.0.80( 1024): [LOWIEventReceiver] handleEvent:FROM:NA, TO:NA, REQ:NA, IREQ:NA, REQ_ID:0, RESP:NA, INFO:INTF-STATUS-UPDATE
11-20 12:30:57.215 D/LOWI-9.0.0.80( 1024): [LOWIEventReceiver] Info to [INTF-STATUS-UPDATE]
11-20 12:30:57.215 D/LOWI-9.0.0.80( 1024): [LOWIController] updateIntfState: WIFI enabled 1 mNlWifiStatus 2 mWifiStateEnabled 1
11-20 12:30:57.215 D/LOWI-9.0.0.80( 1024): [LOWIController] isWifiEnabled: mNlWifiStatus 1 mWifiStateEnabled 1
11-20 12:30:57.256 D/LOWI-9.0.0.80( 1024): [LOWINetlinkSocketReceiver] unpackRTMLinkMessage: RTM_NEWLINK - ifname wlan0, flags 0x1003 ([UP])
11-20 12:30:57.256 D/LOWI-9.0.0.80( 1024): [LOWINetlinkSocketReceiver] processNetlinkPacket: ifname(wlan0) status(1)
11-20 12:30:57.257 D/LOWI-9.0.0.80( 1024): [LOWIController] intfStateReceived: ifname(wlan0) state(1)
11-20 12:30:57.257 D/LOWI-9.0.0.80( 1024): [LOWIEventReceiver] handleEvent:FROM:NA, TO:NA, REQ:NA, IREQ:NA, REQ_ID:0, RESP:NA, INFO:INTF-STATUS-UPDATE
11-20 12:30:57.257 D/LOWI-9.0.0.80( 1024): [LOWIEventReceiver] Info to [INTF-STATUS-UPDATE]
11-20 12:30:57.257 D/LOWI-9.0.0.80( 1024): [LOWIController] updateIntfState: WIFI enabled 1 mNlWifiStatus 1 mWifiStateEnabled 1
11-20 12:30:57.257 D/LOWI-9.0.0.80( 1024): [LOWIController] isWifiEnabled: mNlWifiStatus 1 mWifiStateEnabled 1
11-20 12:30:57.258 V/WifiHAL (  539): event received NL80211_CMD_DISCONNECT
11-20 12:30:57.258 W/SupplicantStaIfaceHal( 1194): Timed out waiting for confirmation of supplicant death
11-20 12:30:57.259 E/SupplicantStaIfaceHal( 1194): Can't call getKeyMgmtCapabilities_1_3, ISupplicantStaIface is null
11-20 12:30:57.262 V/WifiHAL (  539): WifiVendorCommand 0xaad86b98 created vendor_id:0x1374 subcmd:38
11-20 12:30:57.264 V/WifiHAL (  539): Got a Wi-Fi HAL module message from Driver
11-20 12:30:57.264 V/WifiHAL (  539): Supported feature set : 19d3d
11-20 12:30:57.265 V/WifiHAL (  539): Supported feature set acquired : 19d3d
11-20 12:30:57.265 V/WifiHAL (  539): WifiVendorCommand 0xa0792140 created vendor_id:0x1374 subcmd:76
11-20 12:30:57.265 V/WifiHAL (  539): create: mVendor_id = 4980, Subcmd = 76.
11-20 12:30:57.267 V/WifiHAL (  539): WifiVendorCommand 0xaad86cc8 created vendor_id:0x1374 subcmd:38
11-20 12:30:57.267 W/SupplicantP2pIfaceHal( 1194): ISupplicant/ISupplicantP2pIface died: cookie=0
11-20 12:30:57.268 W/SupplicantP2pIfaceHal( 1194): ISupplicantVendor/ISupplicantVendorP2PIface died: cookie=0
11-20 12:30:57.268 W/SupplicantStaIfaceHal( 1194): ISupplicantVendor/ISupplicantVendorStaIface died: cookie=0
11-20 12:30:57.268 W/SupplicantStaIfaceHal( 1194): ISupplicantVendor/ISupplicantVendorStaIface died: cookie=0
11-20 12:30:57.268 W/SupplicantP2pIfaceHal( 1194): ISupplicant/ISupplicantP2pIface died: cookie=0
11-20 12:30:57.269 W/SupplicantP2pIfaceHal( 1194): ISupplicantVendor/ISupplicantVendorP2PIface died: cookie=0
11-20 12:30:57.269 V/WifiHAL (  539): Got a Wi-Fi HAL module message from Driver
11-20 12:30:57.269 V/WifiHAL (  539): Supported feature set : 19d3d
11-20 12:30:57.269 V/WifiHAL (  539): Supported feature set acquired : 19d3d
11-20 12:30:57.269 V/WifiHAL (  539): WifiVendorCommand 0xa0792140 created vendor_id:0x1374 subcmd:76
11-20 12:30:57.269 V/WifiHAL (  539): create: mVendor_id = 4980, Subcmd = 76.
11-20 12:30:57.269 D/SupplicantStaIfaceHal( 1194): ISupplicant died: cookie=-1759311005338745305
11-20 12:30:57.276 E/SupplicantStaIfaceHal( 1194): Can't call getWpaDriverFeatureSet, ISupplicantStaIface is null
11-20 12:30:57.276 I/WifiNative( 1194): Successfully switched to scan mode on iface=Iface:{Name=wlan0,Id=1,Type=STA_SCAN}
11-20 12:30:57.277 W/SupplicantStaIfaceHal( 1194): ISupplicant died: cookie=142
11-20 12:30:57.278 D/WifiClientModeManager1( 1194): entering ScanOnlyModeState
11-20 12:30:57.278 D/WifiScanRequestProxy( 1194): Sending scan available broadcast: true
11-20 12:30:57.278 I/WifiScanningService( 1194): Received a request to enable scanning, UID = 1000
11-20 12:30:57.278 I/WifiScanningService( 1194): scanner impls already exists
11-20 12:30:57.279 D/WifiP2pService( 1194): Wifi enabled=false, P2P Interface availability=true
11-20 12:30:57.279 E/WifiScanningService( 1194): wifi driver loaded received while already loaded
11-20 12:30:57.280 I/WifiScanRequestProxy( 1194): Scanning is enabled
11-20 12:30:57.280 I/WifiScanRequestProxy( 1194): Scanning for hidden networks is disabled
11-20 12:30:57.281 D/WakeupController( 1194): start()
11-20 12:30:57.282 D/WakeupController( 1194): Setting active to true
11-20 12:30:57.293 D/WakeupLock( 1194): Lock set. Number of networks: 1
11-20 12:30:57.295 D/WifiClientModeImpl( 1194): ClientModeImpl: Leaving Connected state
11-20 12:30:57.297 D/WifiCountryCode( 1194): updateCountryCode to US
11-20 12:30:57.298 E/SupplicantStaIfaceHal( 1194): Can't call setCountryCode, ISupplicantStaIface is null
11-20 12:30:57.298 D/WifiCountryCode( 1194): Failed to set country code to: US
11-20 12:30:57.308 E/SupplicantStaIfaceHal( 1194): Can't call listNetworks, ISupplicantStaIface is null
11-20 12:30:57.308 E/SupplicantStaIfaceHal( 1194): removeAllNetworks failed, got null networks
11-20 12:30:57.308 E/WifiClientModeImpl( 1194): Failed to remove networks on exiting connect mode
11-20 12:30:57.313 E/WakeupController( 1194): Unexpected setLastDisconnectInfo when WakeupController is active!
11-20 12:30:57.314 E/WifiVendorHal( 1194): stopRssiMonitoring(l.2106) failed {.code = ERROR_NOT_AVAILABLE, .description = }
11-20 12:30:57.314 E/SupplicantStaIfaceHal( 1194): Can't call setPowerSave, ISupplicantStaIface is null
11-20 12:30:57.314 E/SupplicantStaIfaceHal( 1194): Can't call setBtCoexistenceMode, ISupplicantStaIface is null
11-20 12:30:57.315 V/WifiClientModeImpl( 1194): stopIpClient IpClientWithPreConnection: false
11-20 12:30:57.315 V/WifiClientModeImpl( 1194): java.lang.Throwable
11-20 12:30:57.315 V/WifiClientModeImpl( 1194): 	at com.android.server.wifi.ClientModeImpl.stopIpClient(ClientModeImpl.java:1127)
11-20 12:30:57.315 V/WifiClientModeImpl( 1194): 	at com.android.server.wifi.ClientModeImpl.stopDhcpSetup(ClientModeImpl.java:1153)
11-20 12:30:57.315 V/WifiClientModeImpl( 1194): 	at com.android.server.wifi.ClientModeImpl.handleNetworkDisconnect(ClientModeImpl.java:2945)
11-20 12:30:57.315 V/WifiClientModeImpl( 1194): 	at com.android.server.wifi.ClientModeImpl.stopClientMode(ClientModeImpl.java:3889)
11-20 12:30:57.315 V/WifiClientModeImpl( 1194): 	at com.android.server.wifi.ClientModeImpl.access$4600(ClientModeImpl.java:176)
11-20 12:30:57.315 V/WifiClientModeImpl( 1194): 	at com.android.server.wifi.ClientModeImpl$ConnectModeState.exit(ClientModeImpl.java:4064)
11-20 12:30:57.315 V/WifiClientModeImpl( 1194): 	at com.android.wifi.x.com.android.internal.util.StateMachine$SmHandler.invokeExitMethods(StateMachine.java:1021)
11-20 12:30:57.315 V/WifiClientModeImpl( 1194): 	at com.android.wifi.x.com.android.internal.util.StateMachine$SmHandler.performTransitions(StateMachine.java:877)
11-20 12:30:57.315 V/WifiClientModeImpl( 1194): 	at com.android.wifi.x.com.android.internal.util.StateMachine$SmHandler.handleMessage(StateMachine.java:819)
11-20 12:30:57.315 V/WifiClientModeImpl( 1194): 	at android.os.Handler.dispatchMessage(Handler.java:106)
11-20 12:30:57.315 V/WifiClientModeImpl( 1194): 	at android.os.Looper.loop(Looper.java:223)
11-20 12:30:57.315 V/WifiClientModeImpl( 1194): 	at android.os.HandlerThread.run(HandlerThread.java:67)
11-20 12:30:57.317 D/DhcpClient( 1194): doQuit
11-20 12:30:57.317 D/ConnectivityService( 1194): [165 WIFI] EVENT_NETWORK_INFO_CHANGED, going from CONNECTED to DISCONNECTED
11-20 12:30:57.318 D/ConnectivityService( 1194): [165 WIFI] disconnected, was satisfying 24
11-20 12:30:57.321 D/WifiConnector( 2841): Network State Changed
11-20 12:30:57.321 D/WifiDiags( 1194): stopLogging() iface list is {} after removing wlan0
11-20 12:30:57.322 D/QCNEJ/WlanStaInfoRelay( 1900): Received action: android.net.wifi.STATE_CHANGE
11-20 12:30:57.322 D/QCNEJ/WlanStaInfoRelay( 1900): reset CountryCodeRetriever
11-20 12:30:57.323 E/WifiVendorHal( 1194): resetLogHandler(l.1558) failed {.code = ERROR_NOT_AVAILABLE, .description = }
11-20 12:30:57.323 W/WifiDiags( 1194): Fail to reset log handler
11-20 12:30:57.325 E/QMI_FW  (  927): qmi_cci_get_ref: ref count increased 2
11-20 12:30:57.328 E/QMI_FW  (  927): qmi_cci_get_ref: ref count increased 2
11-20 12:30:57.336 E/QMI_FW  ( 1113): qmi_cci_get_ref: ref count increased 2
11-20 12:30:57.349 D/WifiMemoryStoreImpl( 1194): Set cluster Gded792457511e862 for We4936d4057368143: SUCCESS
11-20 12:30:57.350 E/QMI_FW  ( 1113): qmi_cci_get_ref: ref count increased 2
11-20 12:30:57.358 E/QMI_FW  ( 1113): qmi_cci_get_ref: ref count increased 2
11-20 12:30:57.364 I/chatty  ( 1113): uid=1001(radio) main identical 6 lines
11-20 12:30:57.364 E/QMI_FW  ( 1113): qmi_cci_get_ref: ref count increased 2
11-20 12:30:57.366 E/QMI_FW  ( 1113): qmi_cci_get_ref: ref count increased 2
11-20 12:30:57.373 I/chatty  ( 1113): uid=1001(radio) main identical 2 lines
11-20 12:30:57.374 E/QMI_FW  ( 1113): qmi_cci_get_ref: ref count increased 2
11-20 12:30:57.382 I/GnssNetworkConnectivityHandler( 1194): Network connection lost. Available networks count: 1
11-20 12:30:57.382 I/GnssNetworkConnectivityHandler( 1194): updateNetworkState, state=CLOSED, connected=false, network=165, capabilities=[ Transports: WIFI Capabilities: NOT_METERED&INTERNET&NOT_RESTRICTED&TRUSTED&NOT_VPN&VALIDATED&NOT_ROAMING&FOREGROUND&NOT_CONGESTED&NOT_SUSPENDED LinkUpBandwidth>=67000Kbps LinkDnBandwidth>=67000Kbps SignalStrength: -38 OwnerUid: 1000 AdministratorUids: [] SSID: "MTBF_Lab" RequestorUid: -1 RequestorPackageName: null], apn: , availableNetworkCount: 1
11-20 12:30:57.385 W/LocSvc_LocIpc(  523): send:66] failed reason: No such file or directory
11-20 12:30:57.387 E/QMI_FW  ( 1113): qmi_cci_get_ref: ref count increased 2
11-20 12:30:57.389 I/Nat464Xlat( 1194): Android Xlat is disabled
11-20 12:30:57.387 D/QCNEJ/DefaultNetworkInfoRelay( 1900): Default network lost: 165
11-20 12:30:57.392 E/QMI_FW  ( 1113): qmi_cci_get_ref: ref count increased 2
11-20 12:30:57.393 D/DeviceAuthService(24214): Network lost
11-20 12:30:57.394 D/QCNEJ/WlanStaInfoRelay( 1900): network lost: 165
11-20 12:30:57.396 E/QMI_FW  ( 1113): qmi_cci_get_ref: ref count increased 2
11-20 12:30:57.396 D/QCNEJ/WlanStaInfoRelay( 1900): onLost: unbind the process to WIFI
11-20 12:30:57.400 E/QMI_FW  ( 1113): qmi_cci_get_ref: ref count increased 2
11-20 12:30:57.389 I/Nat464Xlat( 1194): Android Xlat is disabled
11-20 12:30:57.451 D/ConnectivityService( 1194): Sending DISCONNECTED broadcast for type 1 [165 WIFI] isDefaultNetwork=true
11-20 12:30:57.456 D/WifiMemoryStoreImpl( 1194): Set cluster Gded792457511e862 for Wded792457511e862: SUCCESS
11-20 12:30:57.465 D/ConnectivityService( 1194): NetReassign [8 : null → 100, 20 : null → 100, 46 : null → 100, 45 : null → 100, 12 : null → 100, 22 : null → 100, 16 : null → 100, 14 : null → 100, 50 : null → 100, 18 : null → 100, 1222 : null → 100, 11 : null → 100, 1 : null → 100, 17 : null → 100]
11-20 12:30:57.473 E/NetlinkEvent(  459): NetlinkEvent::FindParam(): Parameter 'INTERFACE' not found
11-20 12:30:57.474 E/NetlinkEvent(  459): NetlinkEvent::FindParam(): Parameter 'STATE' not found
11-20 12:30:57.474 E/NetlinkEvent(  459): NetlinkEvent::FindParam(): Parameter 'TIME_NS' not found
11-20 12:30:57.474 E/NetlinkEvent(  459): NetlinkEvent::FindParam(): Parameter 'UID' not found
11-20 12:30:57.478 W/MqttClient( 2665): connection/disconnecting; reason=NETWORK_LOST, operation=DISCONNECT
11-20 12:30:57.478 W/System.err( 2665): DEBUG: com.whatsapp.net.tls13.WtSocketWrapper.sendAlertAndShutdown(:86) : Sending Alert : type : WARNING description : close_notify(0) exception : 
11-20 12:30:57.493 D/ConnectivityService( 1194): Switching to new default network: NetworkAgentInfo{ ni{[type: MOBILE[LTE], state: CONNECTED/CONNECTED, reason: (unspecified), extra: nxtgenphone, failover: false, available: true, roaming: false]}  network{100}  nethandle{432902426637}  lp{{InterfaceName: rmnet_data2 LinkAddresses: [ 10.129.103.196/29,2600:380:c119:24f:b89a:9f3c:46c1:95af/64 ] DnsAddresses: [ /172.26.38.1,/fc00:a:a::300 ] Domains: null MTU: 1430 TcpBufferSizes: 2097152,4194304,8388608,262144,524288,1048576 Routes: [ 0.0.0.0/0 -> 10.129.103.197 rmnet_data2 mtu 1430,::/0 -> fe80::b45f:41f1:1846:969d rmnet_data2 mtu 1430,10.129.103.192/29 -> 0.0.0.0 rmnet_data2 mtu 0,2600:380:c119:24f::/64 -> :: rmnet_data2 mtu 0 ]}}  nc{[ Transports: CELLULAR Capabilities: MMS&SUPL&FOTA&INTERNET&NOT_RESTRICTED&TRUSTED&NOT_VPN&VALIDATED&NOT_ROAMING&NOT_CONGESTED&NOT_SUSPENDED LinkUpBandwidth>=15000Kbps LinkDnBandwidth>=30000Kbps Specifier: <TelephonyNetworkSpecifier [mSubId = 1]> AdministratorUids: [] RequestorUid: -1 RequestorPackageName: null]}  Score{50}  everValidated{true}  lastValidated{true}  created{true} lingering{false} explicitlySelected{false} acceptUnvalidated{false} everCaptivePortalDetected{false} lastCaptivePortalDetected{false} partialConnectivity{false} acceptPartialConnectivity{false} clat{mBaseIface: null, mIface: null, mState: IDLE} }
11-20 12:30:57.499 D/DhcpClient( 1194): DHCP Packet Handler stopped
11-20 12:30:57.500 D/DhcpClient( 1194): onQuitting
11-20 12:30:57.531 E/StickerBundleDatabaseWorker( 2351): Failed to fetch sticker bundles:
11-20 12:30:57.531 E/StickerBundleDatabaseWorker( 2351): kotlinx.coroutines.JobCancellationException: Job was cancelled; job=JobImpl{Cancelling}@df4737f
11-20 12:30:57.540 E/WifiNative( 1194): Could not get Iface object for interface null
11-20 12:30:57.545 D/WifiNetworkAgent( 1194): NetworkAgent: NetworkAgent channel lost
11-20 12:30:57.551 I/WM-WorkerWrapper( 2351): Work [ id=731e9e35-e8c2-49b1-b246-986e05f06ab6, tags={ com.facebook.wearable.system.selfcare.sharing.StickerBundleDatabaseWorker } ] was cancelled
11-20 12:30:57.551 I/WM-WorkerWrapper( 2351): java.util.concurrent.CancellationException: Task was cancelled.
11-20 12:30:57.551 I/WM-WorkerWrapper( 2351): 	at androidx.work.impl.utils.futures.AbstractFuture.getDoneValue(:32)
11-20 12:30:57.551 I/WM-WorkerWrapper( 2351): 	at androidx.work.impl.utils.futures.AbstractFuture.get(:268435546)
11-20 12:30:57.551 I/WM-WorkerWrapper( 2351): 	at androidx.work.impl.WorkerWrapper$2.run(:3)
11-20 12:30:57.551 I/WM-WorkerWrapper( 2351): 	at androidx.work.impl.utils.SerialExecutor$Task.run(:2)
11-20 12:30:57.551 I/WM-WorkerWrapper( 2351): 	at java.util.concurrent.ThreadPoolExecutor.runWorker(ThreadPoolExecutor.java:1167)
11-20 12:30:57.551 I/WM-WorkerWrapper( 2351): 	at java.util.concurrent.ThreadPoolExecutor$Worker.run(ThreadPoolExecutor.java:641)
11-20 12:30:57.551 I/WM-WorkerWrapper( 2351): 	at java.lang.Thread.run(Thread.java:923)
11-20 12:30:57.610 D/QCNEJ/DefaultNetworkInfoRelay( 1900): Default network available: 100
11-20 12:30:57.612 D/QCNEJ/NativeHalConnector( 1900): -> SND notifyDefaultNetworkChanged(0)
