11-20 07:30:47.279 I/WM-WorkerWrapper( 2334): 	at androidx.work.impl.utils.futures.AbstractFuture.getDoneValue(:32)
11-20 07:30:47.279 I/WM-WorkerWrapper( 2334): 	at androidx.work.impl.utils.futures.AbstractFuture.get(:268435546)
11-20 07:30:47.279 I/WM-WorkerWrapper( 2334): 	at androidx.work.impl.WorkerWrapper$2.run(:3)
11-20 07:30:47.279 I/WM-WorkerWrapper( 2334): 	at androidx.work.impl.utils.SerialExecutor$Task.run(:2)
11-20 07:30:47.279 I/WM-WorkerWrapper( 2334): 	at java.util.concurrent.ThreadPoolExecutor.runWorker(ThreadPoolExecutor.java:1167)
11-20 07:30:47.279 I/WM-WorkerWrapper( 2334): 	at java.util.concurrent.ThreadPoolExecutor$Worker.run(ThreadPoolExecutor.java:641)
11-20 07:30:47.279 I/WM-WorkerWrapper( 2334): 	at java.lang.Thread.run(Thread.java:923)
11-20 07:30:47.390 D/SettingsSDK::SyncHelper( 2334): Read setting com.facebook.wearable.sdk.selfcare:SELFCARE_SERVICE_ENABLED from persistent cache
11-20 07:30:47.391 D/FacebookRepository( 2334): Reading from Store [906581286488774]
11-20 07:30:47.425 E/SelfCareDataCloudSyncWorker( 2334): Failed to get access token
11-20 07:30:47.425 E/SelfCareDataCloudSyncWorker( 2334): kotlinx.coroutines.JobCancellationException: Job was cancelled; job=JobImpl{Cancelling}@9c1a0f
11-20 07:30:47.425 I/WM-WorkerWrapper( 2334): Work [ id=57f248e9-27c9-4baa-bcea-f98e3ece0d1a, tags={ com.facebook.wearable.system.selfcare.cloudsync.SelfCareDataCloudSyncWorker } ] was cancelled
11-20 07:30:47.425 I/WM-WorkerWrapper( 2334): java.util.concurrent.CancellationException: Task was cancelled.
11-20 07:30:47.425 I/WM-WorkerWrapper( 2334): 	at androidx.work.impl.utils.futures.AbstractFuture.getDoneValue(:32)
11-20 07:30:47.425 I/WM-WorkerWrapper( 2334): 	at androidx.work.impl.utils.futures.AbstractFuture.get(:268435546)
11-20 07:30:47.425 I/WM-WorkerWrapper( 2334): 	at androidx.work.impl.WorkerWrapper$2.run(:3)
11-20 07:30:47.425 I/WM-WorkerWrapper( 2334): 	at androidx.work.impl.utils.SerialExecutor$Task.run(:2)
11-20 07:30:47.425 I/WM-WorkerWrapper( 2334): 	at java.util.concurrent.ThreadPoolExecutor.runWorker(ThreadPoolExecutor.java:1167)
11-20 07:30:47.425 I/WM-WorkerWrapper( 2334): 	at java.util.concurrent.ThreadPoolExecutor$Worker.run(ThreadPoolExecutor.java:641)
11-20 07:30:47.425 I/WM-WorkerWrapper( 2334): 	at java.lang.Thread.run(Thread.java:923)
11-20 07:30:47.541 D/SettingsSDK::SyncHelper( 2334): Read setting com.facebook.wearable.sdk.selfcare:SELFCARE_SERVICE_ENABLED from persistent cache
11-20 07:30:47.541 D/FacebookRepository( 2334): Reading from Store [906581286488774]
11-20 07:30:47.573 E/SelfCareDataCloudSyncWorker( 2334): Failed to get access token
11-20 07:30:47.573 E/SelfCareDataCloudSyncWorker( 2334): kotlinx.coroutines.JobCancellationException: Job was cancelled; job=JobImpl{Cancelling}@8b38e21
11-20 07:30:47.573 I/WM-WorkerWrapper( 2334): Work [ id=57f248e9-27c9-4baa-bcea-f98e3ece0d1a, tags={ com.facebook.wearable.system.selfcare.cloudsync.SelfCareDataCloudSyncWorker } ] was cancelled
11-20 07:30:47.573 I/WM-WorkerWrapper( 2334): java.util.concurrent.CancellationException: Task was cancelled.
11-20 07:30:47.573 I/WM-WorkerWrapper( 2334): 	at androidx.work.impl.utils.futures.AbstractFuture.getDoneValue(:32)
11-20 07:30:47.573 I/WM-WorkerWrapper( 2334): 	at androidx.work.impl.utils.futures.AbstractFuture.get(:268435546)
11-20 07:30:47.573 I/WM-WorkerWrapper( 2334): 	at androidx.work.impl.WorkerWrapper$2.run(:3)
11-20 07:30:47.573 I/WM-WorkerWrapper( 2334): 	at androidx.work.impl.utils.SerialExecutor$Task.run(:2)
11-20 07:30:47.573 I/WM-WorkerWrapper( 2334): 	at java.util.concurrent.ThreadPoolExecutor.runWorker(ThreadPoolExecutor.java:1167)
11-20 07:30:47.573 I/WM-WorkerWrapper( 2334): 	at java.util.concurrent.ThreadPoolExecutor$Worker.run(ThreadPoolExecutor.java:641)
11-20 07:30:47.573 I/WM-WorkerWrapper( 2334): 	at java.lang.Thread.run(Thread.java:923)
11-20 07:30:47.698 D/SettingsSDK::SyncHelper( 2334): Read setting com.facebook.wearable.sdk.selfcare:SELFCARE_SERVICE_ENABLED from persistent cache
11-20 07:30:47.698 D/FacebookRepository( 2334): Reading from Store [906581286488774]
11-20 07:30:47.730 E/SelfCareDataCloudSyncWorker( 2334): Failed to get access token
11-20 07:30:47.730 E/SelfCareDataCloudSyncWorker( 2334): kotlinx.coroutines.JobCancellationException: Job was cancelled; job=JobImpl{Cancelling}@56d91a3
11-20 07:30:47.730 I/WM-WorkerWrapper( 2334): Work [ id=57f248e9-27c9-4baa-bcea-f98e3ece0d1a, tags={ com.facebook.wearable.system.selfcare.cloudsync.SelfCareDataCloudSyncWorker } ] was cancelled
11-20 07:30:47.730 I/WM-WorkerWrapper( 2334): java.util.concurrent.CancellationException: Task was cancelled.
11-20 07:30:47.730 I/WM-WorkerWrapper( 2334): 	at androidx.work.impl.utils.futures.AbstractFuture.getDoneValue(:32)
11-20 07:30:47.730 I/WM-WorkerWrapper( 2334): 	at androidx.work.impl.utils.futures.AbstractFuture.get(:268435546)
11-20 07:30:47.730 I/WM-WorkerWrapper( 2334): 	at androidx.work.impl.WorkerWrapper$2.run(:3)
11-20 07:30:47.730 I/WM-WorkerWrapper( 2334): 	at androidx.work.impl.utils.SerialExecutor$Task.run(:2)
11-20 07:30:47.730 I/WM-WorkerWrapper( 2334): 	at java.util.concurrent.ThreadPoolExecutor.runWorker(ThreadPoolExecutor.java:1167)
11-20 07:30:47.730 I/WM-WorkerWrapper( 2334): 	at java.util.concurrent.ThreadPoolExecutor$Worker.run(ThreadPoolExecutor.java:641)
11-20 07:30:47.730 I/WM-WorkerWrapper( 2334): 	at java.lang.Thread.run(Thread.java:923)
11-20 07:30:47.746 D/UIAutomatorStub(19450): URI: /jsonrpc/0, Method: POST, Header: {content-length=229, remote-addr=127.0.0.1, http-client-ip=127.0.0.1, host=localhost:9012, content-type=application/json, accept-encoding=identity}, params, {NanoHttpd.QUERY_STRING=null}, files: {postData={"jsonrpc": "2.0", "method": "objInfo", "id": "b37f5f67cdeb5bdced977ba2177dea7b", "params": [{"mask": 2097152, "childOrSibling": [], "childOrSiblingSelector": [], "resourceId": "com.facebook.wearable.system.settings:id/toggle"}]}}
11-20 07:30:47.830 D/UIAutomatorStub(19450): URI: /jsonrpc/0, Method: POST, Header: {content-length=227, remote-addr=127.0.0.1, http-client-ip=127.0.0.1, host=localhost:9012, content-type=application/json, accept-encoding=identity}, params, {NanoHttpd.QUERY_STRING=null}, files: {postData={"jsonrpc": "2.0", "method": "click", "id": "974e4e35e37a6e9c1619218468524543", "params": [{"mask": 2097152, "childOrSibling": [], "childOrSiblingSelector": [], "resourceId": "com.facebook.wearable.system.settings:id/toggle"}]}}
11-20 07:30:47.866 D/SettingsSDK::SyncHelper( 2334): Read setting com.facebook.wearable.sdk.selfcare:SELFCARE_SERVICE_ENABLED from persistent cache
11-20 07:30:47.868 D/FacebookRepository( 2334): Reading from Store [906581286488774]
11-20 07:30:47.872 D/WifiSharingService( 2870): Setting Wi-Fi enabled state
11-20 07:30:47.875 I/WifiService( 1186): setWifiEnabled package=com.facebook.wearable.system.connectivity uid=1000 enable=false
11-20 07:30:47.877 D/QCNEJ/WlanStaInfoRelay( 1907): onChange for uri = content://settings/global/wifi_on
11-20 07:30:47.878 D/WifiActiveModeWarden( 1186): Switching all client mode managers
11-20 07:30:47.884 D/BluetoothAdapterService( 1710): android.net.wifi.WIFI_STATE_CHANGED
11-20 07:30:47.885 E/QMI_FW  (  915): qmi_cci_get_ref: ref count increased 2
11-20 07:30:47.899 D/WifiClientModeManager0( 1186): IMS not registered over IWLAN for subId: 1
11-20 07:30:47.899 D/WifiClientModeManager0( 1186): The target role 5
11-20 07:30:47.903 D/WifiP2pService( 1186): Wifi enabled=false, P2P Interface availability=true
11-20 07:30:47.905 W/ContextImpl( 1186): Calling a method in the system process without a qualified user: android.app.ContextImpl.sendBroadcastMultiplePermissions:1143 android.content.Context.sendBroadcastWithMultiplePermissions:2150 com.android.server.display.WifiDisplayAdapter.handleSendStatusChangeBroadcast:440 com.android.server.display.WifiDisplayAdapter.access$1700:63 com.android.server.display.WifiDisplayAdapter$WifiDisplayHandler.handleMessage:675 
11-20 07:30:47.907 I/WM-WorkerWrapper( 2334): Work [ id=57f248e9-27c9-4baa-bcea-f98e3ece0d1a, tags={ com.facebook.wearable.system.selfcare.cloudsync.SelfCareDataCloudSyncWorker } ] was cancelled
11-20 07:30:47.907 I/WM-WorkerWrapper( 2334): java.util.concurrent.CancellationException: Task was cancelled.
11-20 07:30:47.907 I/WM-WorkerWrapper( 2334): 	at androidx.work.impl.utils.futures.AbstractFuture.getDoneValue(:32)
11-20 07:30:47.907 I/WM-WorkerWrapper( 2334): 	at androidx.work.impl.utils.futures.AbstractFuture.get(:268435546)
11-20 07:30:47.907 I/WM-WorkerWrapper( 2334): 	at androidx.work.impl.WorkerWrapper$2.run(:3)
11-20 07:30:47.907 I/WM-WorkerWrapper( 2334): 	at androidx.work.impl.utils.SerialExecutor$Task.run(:2)
11-20 07:30:47.907 I/WM-WorkerWrapper( 2334): 	at java.util.concurrent.ThreadPoolExecutor.runWorker(ThreadPoolExecutor.java:1167)
11-20 07:30:47.907 I/WM-WorkerWrapper( 2334): 	at java.util.concurrent.ThreadPoolExecutor$Worker.run(ThreadPoolExecutor.java:641)
11-20 07:30:47.907 I/WM-WorkerWrapper( 2334): 	at java.lang.Thread.run(Thread.java:923)
11-20 07:30:47.907 E/SelfCareDataCloudSyncWorker( 2334): Failed to get access token
11-20 07:30:47.907 E/SelfCareDataCloudSyncWorker( 2334): kotlinx.coroutines.JobCancellationException: Job was cancelled; job=JobImpl{Cancelling}@7442915
11-20 07:30:47.909 D/WifiP2pService( 1186): Wifi enabled=false, P2P Interface availability=true
11-20 07:30:47.911 D/WifiP2pNative( 1186): Teardown P2P interface
11-20 07:30:47.928 W/HWComposer(  598): Ignoring duplicate VSYNC event from HWC for display 0 (t=56535653414421)
11-20 07:30:47.933 I/android_os_HwBinder( 1186): HwBinder: Starting thread pool for getting: android.hardware.wifi.supplicant@1.0::ISupplicant/default
11-20 07:30:47.936 I/wpa_supplicant(32551): wlan0: Do not deauthenticate as part of interface deinit since WoWLAN is enabled
11-20 07:30:47.974 I/wpa_supplicant(32551): Try to unregister vendor STA network
11-20 07:30:47.987 E/wpa_supplicant(32551): eap_proxy: pthread_join on eap_proxy=0xeefceac
11-20 07:30:47.987 E/wpa_supplicant(32551): eap_proxy: session not started for client = 1
11-20 07:30:47.988 E/QMI_FW  (32551): qmi_cci_get_ref: ref count increased 2
11-20 07:30:47.988 E/QMI_FW  (32551): qmi_cci_get_ref: ref count increased 2
11-20 07:30:47.990 E/wpa_supplicant(32551): eap_proxy: Released QMI UIM service client
11-20 07:30:47.990 E/QMI_FW  (32551): qmi_cci_get_ref: ref count increased 2
11-20 07:30:47.990 E/QMI_FW  (32551): qmi_cci_get_ref: ref count increased 2
11-20 07:30:47.992 E/wpa_supplicant(32551): eap_proxy: Released QMI EAP service client
11-20 07:30:47.992 E/wpa_supplicant(32551): eap_proxy: session not started for client = 2
11-20 07:30:47.992 E/QMI_FW  (32551): qmi_cci_get_ref: ref count increased 2
11-20 07:30:47.992 E/QMI_FW  (32551): qmi_cci_get_ref: ref count increased 2
11-20 07:30:47.993 E/wpa_supplicant(32551): eap_proxy: Released QMI UIM service client
11-20 07:30:47.994 E/QMI_FW  (32551): qmi_cci_get_ref: ref count increased 2
11-20 07:30:47.994 E/QMI_FW  (32551): qmi_cci_get_ref: ref count increased 2
11-20 07:30:47.995 E/wpa_supplicant(32551): eap_proxy: Released QMI EAP service client
11-20 07:30:47.995 I/wpa_supplicant(32551): eap_proxy: eap_proxy Deinitialzed
11-20 07:30:48.039 D/SettingsSDK::SyncHelper( 2334): Read setting com.facebook.wearable.sdk.selfcare:SELFCARE_SERVICE_ENABLED from persistent cache
11-20 07:30:48.040 D/FacebookRepository( 2334): Reading from Store [906581286488774]
11-20 07:30:48.065 I/wpa_supplicant(32551): nl80211: deinit ifname=wlan0 disabled_11b_rates=0
11-20 07:30:48.069 E/SelfCareDataCloudSyncWorker( 2334): Failed to get access token
11-20 07:30:48.069 E/SelfCareDataCloudSyncWorker( 2334): kotlinx.coroutines.JobCancellationException: Job was cancelled; job=JobImpl{Cancelling}@a6d34f7
11-20 07:30:48.070 I/WM-WorkerWrapper( 2334): Work [ id=57f248e9-27c9-4baa-bcea-f98e3ece0d1a, tags={ com.facebook.wearable.system.selfcare.cloudsync.SelfCareDataCloudSyncWorker } ] was cancelled
11-20 07:30:48.070 I/WM-WorkerWrapper( 2334): java.util.concurrent.CancellationException: Task was cancelled.
11-20 07:30:48.070 I/WM-WorkerWrapper( 2334): 	at androidx.work.impl.utils.futures.AbstractFuture.getDoneValue(:32)
11-20 07:30:48.070 I/WM-WorkerWrapper( 2334): 	at androidx.work.impl.utils.futures.AbstractFuture.get(:268435546)
11-20 07:30:48.070 I/WM-WorkerWrapper( 2334): 	at androidx.work.impl.WorkerWrapper$2.run(:3)
11-20 07:30:48.070 I/WM-WorkerWrapper( 2334): 	at androidx.work.impl.utils.SerialExecutor$Task.run(:2)
11-20 07:30:48.070 I/WM-WorkerWrapper( 2334): 	at java.util.concurrent.ThreadPoolExecutor.runWorker(ThreadPoolExecutor.java:1167)
11-20 07:30:48.070 I/WM-WorkerWrapper( 2334): 	at java.util.concurrent.ThreadPoolExecutor$Worker.run(ThreadPoolExecutor.java:641)
11-20 07:30:48.070 I/WM-WorkerWrapper( 2334): 	at java.lang.Thread.run(Thread.java:923)
11-20 07:30:48.115 I/wpa_supplicant(32551): Try to unregister vendor interface
11-20 07:30:48.116 D/LOWI-9.0.0.80( 1026): [LOWINetlinkSocketReceiver] unpackRTMLinkMessage: RTM_NEWLINK - ifname wlan0, flags 0x11043 ([UP][RUNNING])
11-20 07:30:48.117 D/LOWI-9.0.0.80( 1026): [LOWINetlinkSocketReceiver] processNetlinkPacket: ifname(wlan0) status(2)
11-20 07:30:48.117 D/LOWI-9.0.0.80( 1026): [LOWIController] intfStateReceived: ifname(wlan0) state(2)
11-20 07:30:48.117 D/LOWI-9.0.0.80( 1026): [LOWIEventReceiver] handleEvent:FROM:NA, TO:NA, REQ:NA, IREQ:NA, REQ_ID:0, RESP:NA, INFO:INTF-STATUS-UPDATE
11-20 07:30:48.117 D/LOWI-9.0.0.80( 1026): [LOWIEventReceiver] Info to [INTF-STATUS-UPDATE]
11-20 07:30:48.117 D/LOWI-9.0.0.80( 1026): [LOWIController] updateIntfState: WIFI enabled 2 mNlWifiStatus 2 mWifiStateEnabled 1
11-20 07:30:48.117 D/LOWI-9.0.0.80( 1026): [LOWIController] isWifiEnabled: mNlWifiStatus 2 mWifiStateEnabled 1
11-20 07:30:48.125 I/wpa_supplicant(32551): p2p0: Do not deauthenticate as part of interface deinit since WoWLAN is enabled
11-20 07:30:48.126 I/SupplicantStaIfaceHal( 1186): Terminating supplicant using HIDL
11-20 07:30:48.184 E/wpa_supplicant(32551): eap_proxy: pthread_join on eap_proxy=0xeefcfa8
11-20 07:30:48.184 E/wpa_supplicant(32551): eap_proxy: session not started for client = 1
11-20 07:30:48.184 E/QMI_FW  (32551): qmi_cci_get_ref: ref count increased 2
11-20 07:30:48.184 E/QMI_FW  (32551): qmi_cci_get_ref: ref count increased 2
11-20 07:30:48.185 E/wpa_supplicant(32551): eap_proxy: Released QMI UIM service client
11-20 07:30:48.185 E/QMI_FW  (32551): qmi_cci_get_ref: ref count increased 2
11-20 07:30:48.185 E/QMI_FW  (32551): qmi_cci_get_ref: ref count increased 2
11-20 07:30:48.187 E/wpa_supplicant(32551): eap_proxy: Released QMI EAP service client
11-20 07:30:48.187 E/wpa_supplicant(32551): eap_proxy: session not started for client = 2
11-20 07:30:48.187 E/QMI_FW  (32551): qmi_cci_get_ref: ref count increased 2
11-20 07:30:48.187 E/QMI_FW  (32551): qmi_cci_get_ref: ref count increased 2
11-20 07:30:48.187 E/wpa_supplicant(32551): eap_proxy: Released QMI UIM service client
11-20 07:30:48.187 E/QMI_FW  (32551): qmi_cci_get_ref: ref count increased 2
11-20 07:30:48.187 E/QMI_FW  (32551): qmi_cci_get_ref: ref count increased 2
11-20 07:30:48.189 E/wpa_supplicant(32551): eap_proxy: Released QMI EAP service client
11-20 07:30:48.189 I/wpa_supplicant(32551): eap_proxy: eap_proxy Deinitialzed
11-20 07:30:48.198 D/SettingsSDK::SyncHelper( 2334): Read setting com.facebook.wearable.sdk.selfcare:SELFCARE_SERVICE_ENABLED from persistent cache
11-20 07:30:48.198 D/FacebookRepository( 2334): Reading from Store [906581286488774]
11-20 07:30:48.225 I/wpa_supplicant(32551): nl80211: deinit ifname=p2p0 disabled_11b_rates=0
11-20 07:30:48.226 E/SelfCareDataCloudSyncWorker( 2334): Failed to get access token
11-20 07:30:48.226 E/SelfCareDataCloudSyncWorker( 2334): kotlinx.coroutines.JobCancellationException: Job was cancelled; job=JobImpl{Cancelling}@c9b91c9
11-20 07:30:48.226 I/WM-WorkerWrapper( 2334): Work [ id=57f248e9-27c9-4baa-bcea-f98e3ece0d1a, tags={ com.facebook.wearable.system.selfcare.cloudsync.SelfCareDataCloudSyncWorker } ] was cancelled
11-20 07:30:48.226 I/WM-WorkerWrapper( 2334): java.util.concurrent.CancellationException: Task was cancelled.
11-20 07:30:48.226 I/WM-WorkerWrapper( 2334): 	at androidx.work.impl.utils.futures.AbstractFuture.getDoneValue(:32)
11-20 07:30:48.226 I/WM-WorkerWrapper( 2334): 	at androidx.work.impl.utils.futures.AbstractFuture.get(:268435546)
11-20 07:30:48.226 I/WM-WorkerWrapper( 2334): 	at androidx.work.impl.WorkerWrapper$2.run(:3)
11-20 07:30:48.226 I/WM-WorkerWrapper( 2334): 	at androidx.work.impl.utils.SerialExecutor$Task.run(:2)
11-20 07:30:48.226 I/WM-WorkerWrapper( 2334): 	at java.util.concurrent.ThreadPoolExecutor.runWorker(ThreadPoolExecutor.java:1167)
11-20 07:30:48.226 I/WM-WorkerWrapper( 2334): 	at java.util.concurrent.ThreadPoolExecutor$Worker.run(ThreadPoolExecutor.java:641)
11-20 07:30:48.226 I/WM-WorkerWrapper( 2334): 	at java.lang.Thread.run(Thread.java:923)
11-20 07:30:48.285 D/LOWI-9.0.0.80( 1026): [LOWINetlinkSocketReceiver] unpackRTMLinkMessage: RTM_NEWLINK - ifname p2p0, flags 0x1003 ([UP])
11-20 07:30:48.304 D/LOWI-9.0.0.80( 1026): [LOWINetlinkSocketReceiver] unpackRTMLinkMessage: RTM_NEWLINK - ifname p2p0, flags 0x1002 ()
11-20 07:30:48.315 D/LOWI-9.0.0.80( 1026): [LOWINetlinkSocketReceiver] unpackRTMLinkMessage: RTM_NEWLINK - ifname p2p0, flags 0x1002 ()
11-20 07:30:48.317 I/wpa_supplicant(32551): Try to unregister vendor p2 interface
11-20 07:30:48.318 I/WifiP2pNative( 1186): P2P interface teardown completed
11-20 07:30:48.319 D/WifiP2pNative( 1186): P2P InterfaceDestroyedListener p2p0
11-20 07:30:48.319 D/WifiP2pNative( 1186): Ignoring stale interface destroyed listener
11-20 07:30:48.319 D/WifiP2pNative( 1186): P2P InterfaceAvailableListener true
11-20 07:30:48.319 D/WifiP2pService( 1186): Wifi enabled=false, P2P Interface availability=true
11-20 07:30:48.321 I/android_os_HwBinder( 1186): HwBinder: Starting thread pool for getting: android.hardware.wifi.supplicant@1.0::ISupplicant/default
11-20 07:30:48.324 I/wpa_supplicant(32551): Terminating...
11-20 07:30:48.325 D/ConnectivityService( 1186): handleLingerComplete for [101 CELLULAR]
11-20 07:30:48.326 D/LOWI-9.0.0.80( 1026): [LOWINetlinkSocketReceiver] unpackRTMLinkMessage: RTM_NEWLINK - ifname wlan0, flags 0x1003 ([UP])
11-20 07:30:48.326 D/LOWI-9.0.0.80( 1026): [LOWINetlinkSocketReceiver] processNetlinkPacket: ifname(wlan0) status(1)
11-20 07:30:48.326 D/LOWI-9.0.0.80( 1026): [LOWIController] intfStateReceived: ifname(wlan0) state(1)
11-20 07:30:48.326 D/LOWI-9.0.0.80( 1026): [LOWIEventReceiver] handleEvent:FROM:NA, TO:NA, REQ:NA, IREQ:NA, REQ_ID:0, RESP:NA, INFO:INTF-STATUS-UPDATE
11-20 07:30:48.326 D/LOWI-9.0.0.80( 1026): [LOWIEventReceiver] Info to [INTF-STATUS-UPDATE]
11-20 07:30:48.327 D/LOWI-9.0.0.80( 1026): [LOWIController] updateIntfState: WIFI enabled 1 mNlWifiStatus 2 mWifiStateEnabled 1
11-20 07:30:48.327 D/LOWI-9.0.0.80( 1026): [LOWIController] isWifiEnabled: mNlWifiStatus 1 mWifiStateEnabled 1
11-20 07:30:48.343 D/QCNEJ/WwanInfoRelay( 1907): onCapabilitiesChanged: 101 [ Transports: CELLULAR Capabilities: MMS&SUPL&FOTA&INTERNET&NOT_RESTRICTED&TRUSTED&NOT_VPN&VALIDATED&NOT_ROAMING&NOT_CONGESTED&NOT_SUSPENDED LinkUpBandwidth>=15000Kbps LinkDnBandwidth>=30000Kbps Specifier: <TelephonyNetworkSpecifier [mSubId = 1]> AdministratorUids: [] RequestorUid: -1 RequestorPackageName: null]
11-20 07:30:48.345 I/QCNEJ/WwanInfoRelay( 1907): cacheWwanInfo subId = 1 phoneId = 0 slotId = 0
11-20 07:30:48.369 D/LOWI-9.0.0.80( 1026): [LOWINetlinkSocketReceiver] unpackRTMLinkMessage: RTM_NEWLINK - ifname wlan0, flags 0x1003 ([UP])
11-20 07:30:48.370 D/LOWI-9.0.0.80( 1026): [LOWINetlinkSocketReceiver] processNetlinkPacket: ifname(wlan0) status(1)
11-20 07:30:48.370 D/LOWI-9.0.0.80( 1026): [LOWIController] intfStateReceived: ifname(wlan0) state(1)
11-20 07:30:48.370 D/LOWI-9.0.0.80( 1026): [LOWIEventReceiver] handleEvent:FROM:NA, TO:NA, REQ:NA, IREQ:NA, REQ_ID:0, RESP:NA, INFO:INTF-STATUS-UPDATE
11-20 07:30:48.370 D/LOWI-9.0.0.80( 1026): [LOWIEventReceiver] Info to [INTF-STATUS-UPDATE]
11-20 07:30:48.370 D/LOWI-9.0.0.80( 1026): [LOWIController] updateIntfState: WIFI enabled 1 mNlWifiStatus 1 mWifiStateEnabled 1
11-20 07:30:48.370 D/LOWI-9.0.0.80( 1026): [LOWIController] isWifiEnabled: mNlWifiStatus 1 mWifiStateEnabled 1
11-20 07:30:48.371 V/WifiHAL (  544): event received NL80211_CMD_DISCONNECT
11-20 07:30:48.372 D/SettingsSDK::SyncHelper( 2334): Read setting com.facebook.wearable.sdk.selfcare:SELFCARE_SERVICE_ENABLED from persistent cache
11-20 07:30:48.372 D/FacebookRepository( 2334): Reading from Store [906581286488774]
11-20 07:30:48.374 W/SupplicantStaIfaceHal( 1186): Timed out waiting for confirmation of supplicant death
11-20 07:30:48.375 W/SupplicantP2pIfaceHal( 1186): ISupplicant/ISupplicantP2pIface died: cookie=0
11-20 07:30:48.375 D/SupplicantStaIfaceHal( 1186): ISupplicant died: cookie=-7398700160699600065
11-20 07:30:48.375 W/SupplicantP2pIfaceHal( 1186): ISupplicant/ISupplicantP2pIface died: cookie=0
11-20 07:30:48.375 E/SupplicantStaIfaceHal( 1186): Can't call getKeyMgmtCapabilities_1_3, ISupplicantStaIface is null
11-20 07:30:48.376 W/SupplicantP2pIfaceHal( 1186): ISupplicantVendor/ISupplicantVendorP2PIface died: cookie=0
11-20 07:30:48.376 W/SupplicantStaIfaceHal( 1186): ISupplicantVendor/ISupplicantVendorStaIface died: cookie=0
11-20 07:30:48.376 W/SupplicantP2pIfaceHal( 1186): ISupplicantVendor/ISupplicantVendorP2PIface died: cookie=0
11-20 07:30:48.376 W/SupplicantStaIfaceHal( 1186): ISupplicantVendor/ISupplicantVendorStaIface died: cookie=0
11-20 07:30:48.377 V/WifiHAL (  544): WifiVendorCommand 0xaadf1b98 created vendor_id:0x1374 subcmd:38
11-20 07:30:48.378 V/WifiHAL (  544): Got a Wi-Fi HAL module message from Driver
11-20 07:30:48.378 V/WifiHAL (  544): Supported feature set : 19d3d
11-20 07:30:48.378 V/WifiHAL (  544): Supported feature set acquired : 19d3d
11-20 07:30:48.378 V/WifiHAL (  544): WifiVendorCommand 0x98689370 created vendor_id:0x1374 subcmd:76
11-20 07:30:48.378 V/WifiHAL (  544): create: mVendor_id = 4980, Subcmd = 76.
11-20 07:30:48.379 V/WifiHAL (  544): WifiVendorCommand 0xaadf1cc8 created vendor_id:0x1374 subcmd:38
11-20 07:30:48.380 V/WifiHAL (  544): Got a Wi-Fi HAL module message from Driver
11-20 07:30:48.380 V/WifiHAL (  544): Supported feature set : 19d3d
11-20 07:30:48.381 V/WifiHAL (  544): Supported feature set acquired : 19d3d
11-20 07:30:48.381 V/WifiHAL (  544): WifiVendorCommand 0x98689370 created vendor_id:0x1374 subcmd:76
11-20 07:30:48.381 V/WifiHAL (  544): create: mVendor_id = 4980, Subcmd = 76.
11-20 07:30:48.389 E/SupplicantStaIfaceHal( 1186): Can't call getWpaDriverFeatureSet, ISupplicantStaIface is null
11-20 07:30:48.389 I/WifiNative( 1186): Successfully switched to scan mode on iface=Iface:{Name=wlan0,Id=0,Type=STA_SCAN}
11-20 07:30:48.390 W/SupplicantStaIfaceHal( 1186): ISupplicant died: cookie=116
11-20 07:30:48.390 D/BluetoothAdapterService( 1710): Soft AP is on band: 1
11-20 07:30:48.391 D/WifiClientModeManager0( 1186): entering ScanOnlyModeState
11-20 07:30:48.391 D/WifiScanRequestProxy( 1186): Sending scan available broadcast: true
11-20 07:30:48.392 D/BluetoothVendorService( 1710): getPowerBackoff 
11-20 07:30:48.392 D/BluetoothVendorService( 1710): setPowerBackoff to: false
11-20 07:30:48.393 I/BluetoothVendorJni( 1710): setPowerBackoffNative
11-20 07:30:48.393 I/WifiScanningService( 1186): Received a request to enable scanning, UID = 1000
11-20 07:30:48.393 I/bt_btif_vendor( 1710): setPowerBackOffState :0 
11-20 07:30:48.393 I/WifiScanningService( 1186): scanner impls already exists
11-20 07:30:48.393 E/WifiScanningService( 1186): wifi driver loaded received while already loaded
11-20 07:30:48.393 W/bt_btif ( 1710): bta_dm_power_back_off: power_back_off feature not supported
11-20 07:30:48.393 D/WifiP2pService( 1186): Wifi enabled=false, P2P Interface availability=true
11-20 07:30:48.393 I/WifiScanRequestProxy( 1186): Scanning is enabled
11-20 07:30:48.393 D/BluetoothAdapterService( 1710): android.net.wifi.WIFI_STATE_CHANGED
11-20 07:30:48.393 I/WifiScanRequestProxy( 1186): Scanning for hidden networks is disabled
11-20 07:30:48.394 D/WakeupController( 1186): start()
11-20 07:30:48.395 D/WakeupController( 1186): Setting active to true
11-20 07:30:48.397 E/SelfCareDataCloudSyncWorker( 2334): Failed to get access token
11-20 07:30:48.397 E/SelfCareDataCloudSyncWorker( 2334): kotlinx.coroutines.JobCancellationException: Job was cancelled; job=JobImpl{Cancelling}@7b7380b
11-20 07:30:48.397 I/WM-WorkerWrapper( 2334): Work [ id=57f248e9-27c9-4baa-bcea-f98e3ece0d1a, tags={ com.facebook.wearable.system.selfcare.cloudsync.SelfCareDataCloudSyncWorker } ] was cancelled
11-20 07:30:48.397 I/WM-WorkerWrapper( 2334): java.util.concurrent.CancellationException: Task was cancelled.
11-20 07:30:48.397 I/WM-WorkerWrapper( 2334): 	at androidx.work.impl.utils.futures.AbstractFuture.getDoneValue(:32)
11-20 07:30:48.397 I/WM-WorkerWrapper( 2334): 	at androidx.work.impl.utils.futures.AbstractFuture.get(:268435546)
11-20 07:30:48.397 I/WM-WorkerWrapper( 2334): 	at androidx.work.impl.WorkerWrapper$2.run(:3)
11-20 07:30:48.397 I/WM-WorkerWrapper( 2334): 	at androidx.work.impl.utils.SerialExecutor$Task.run(:2)
11-20 07:30:48.397 I/WM-WorkerWrapper( 2334): 	at java.util.concurrent.ThreadPoolExecutor.runWorker(ThreadPoolExecutor.java:1167)
11-20 07:30:48.397 I/WM-WorkerWrapper( 2334): 	at java.util.concurrent.ThreadPoolExecutor$Worker.run(ThreadPoolExecutor.java:641)
11-20 07:30:48.397 I/WM-WorkerWrapper( 2334): 	at java.lang.Thread.run(Thread.java:923)
11-20 07:30:48.401 D/WakeupLock( 1186): Lock set. Number of networks: 1
11-20 07:30:48.403 D/WifiClientModeImpl( 1186): ClientModeImpl: Leaving Connected state
11-20 07:30:48.404 D/WifiCountryCode( 1186): updateCountryCode to US
11-20 07:30:48.405 E/SupplicantStaIfaceHal( 1186): Can't call setCountryCode, ISupplicantStaIface is null
11-20 07:30:48.405 D/WifiCountryCode( 1186): Failed to set country code to: US
11-20 07:30:48.412 E/SupplicantStaIfaceHal( 1186): Can't call listNetworks, ISupplicantStaIface is null
11-20 07:30:48.412 E/SupplicantStaIfaceHal( 1186): removeAllNetworks failed, got null networks
11-20 07:30:48.412 E/WifiClientModeImpl( 1186): Failed to remove networks on exiting connect mode
11-20 07:30:48.413 E/WakeupController( 1186): Unexpected setLastDisconnectInfo when WakeupController is active!
11-20 07:30:48.414 E/WifiVendorHal( 1186): stopRssiMonitoring(l.2106) failed {.code = ERROR_NOT_AVAILABLE, .description = }
11-20 07:30:48.414 E/SupplicantStaIfaceHal( 1186): Can't call setPowerSave, ISupplicantStaIface is null
11-20 07:30:48.414 E/SupplicantStaIfaceHal( 1186): Can't call setBtCoexistenceMode, ISupplicantStaIface is null
11-20 07:30:48.415 V/WifiClientModeImpl( 1186): stopIpClient IpClientWithPreConnection: false
11-20 07:30:48.415 V/WifiClientModeImpl( 1186): java.lang.Throwable
11-20 07:30:48.415 V/WifiClientModeImpl( 1186): 	at com.android.server.wifi.ClientModeImpl.stopIpClient(ClientModeImpl.java:1127)
11-20 07:30:48.415 V/WifiClientModeImpl( 1186): 	at com.android.server.wifi.ClientModeImpl.stopDhcpSetup(ClientModeImpl.java:1153)
11-20 07:30:48.415 V/WifiClientModeImpl( 1186): 	at com.android.server.wifi.ClientModeImpl.handleNetworkDisconnect(ClientModeImpl.java:2945)
11-20 07:30:48.415 V/WifiClientModeImpl( 1186): 	at com.android.server.wifi.ClientModeImpl.stopClientMode(ClientModeImpl.java:3889)
11-20 07:30:48.415 V/WifiClientModeImpl( 1186): 	at com.android.server.wifi.ClientModeImpl.access$4600(ClientModeImpl.java:176)
11-20 07:30:48.415 V/WifiClientModeImpl( 1186): 	at com.android.server.wifi.ClientModeImpl$ConnectModeState.exit(ClientModeImpl.java:4064)
11-20 07:30:48.415 V/WifiClientModeImpl( 1186): 	at com.android.wifi.x.com.android.internal.util.StateMachine$SmHandler.invokeExitMethods(StateMachine.java:1021)
11-20 07:30:48.415 V/WifiClientModeImpl( 1186): 	at com.android.wifi.x.com.android.internal.util.StateMachine$SmHandler.performTransitions(StateMachine.java:877)
11-20 07:30:48.415 V/WifiClientModeImpl( 1186): 	at com.android.wifi.x.com.android.internal.util.StateMachine$SmHandler.handleMessage(StateMachine.java:819)
11-20 07:30:48.415 V/WifiClientModeImpl( 1186): 	at android.os.Handler.dispatchMessage(Handler.java:106)
11-20 07:30:48.415 V/WifiClientModeImpl( 1186): 	at android.os.Looper.loop(Looper.java:223)
11-20 07:30:48.415 V/WifiClientModeImpl( 1186): 	at android.os.HandlerThread.run(HandlerThread.java:67)
11-20 07:30:48.416 D/DhcpClient( 1186): doQuit
11-20 07:30:48.416 D/ConnectivityService( 1186): [159 WIFI] EVENT_NETWORK_INFO_CHANGED, going from CONNECTED to DISCONNECTED
11-20 07:30:48.416 D/ConnectivityService( 1186): [159 WIFI] disconnected, was satisfying 25
11-20 07:30:48.418 D/WifiConnector( 2870): Network State Changed
11-20 07:30:48.418 D/QCNEJ/WlanStaInfoRelay( 1907): Received action: android.net.wifi.STATE_CHANGE
11-20 07:30:48.418 D/QCNEJ/WlanStaInfoRelay( 1907): reset CountryCodeRetriever
11-20 07:30:48.420 E/QMI_FW  (  915): qmi_cci_get_ref: ref count increased 2
11-20 07:30:48.422 D/WifiDiags( 1186): stopLogging() iface list is {} after removing wlan0
11-20 07:30:48.423 E/QMI_FW  (  915): qmi_cci_get_ref: ref count increased 2
11-20 07:30:48.424 E/WifiVendorHal( 1186): resetLogHandler(l.1558) failed {.code = ERROR_NOT_AVAILABLE, .description = }
11-20 07:30:48.424 W/WifiDiags( 1186): Fail to reset log handler
11-20 07:30:48.428 E/QMI_FW  ( 1042): qmi_cci_get_ref: ref count increased 2
11-20 07:30:48.437 D/WifiMemoryStoreImpl( 1186): Set cluster Ga6eb8feabe7908d4 for W958a1754935a727: SUCCESS
11-20 07:30:48.441 E/QMI_FW  ( 1042): qmi_cci_get_ref: ref count increased 2
11-20 07:30:48.448 E/QMI_FW  ( 1042): qmi_cci_get_ref: ref count increased 2
11-20 07:30:48.454 I/chatty  ( 1042): uid=1001(radio) main identical 6 lines
11-20 07:30:48.455 E/QMI_FW  ( 1042): qmi_cci_get_ref: ref count increased 2
11-20 07:30:48.458 E/QMI_FW  ( 1042): qmi_cci_get_ref: ref count increased 2
11-20 07:30:48.480 I/chatty  ( 1042): uid=1001(radio) main identical 6 lines
11-20 07:30:48.483 E/QMI_FW  ( 1042): qmi_cci_get_ref: ref count increased 2
11-20 07:30:48.484 I/GnssNetworkConnectivityHandler( 1186): Network connection lost. Available networks count: 1
11-20 07:30:48.484 I/GnssNetworkConnectivityHandler( 1186): updateNetworkState, state=CLOSED, connected=false, network=159, capabilities=[ Transports: WIFI Capabilities: NOT_METERED&INTERNET&NOT_RESTRICTED&TRUSTED&NOT_VPN&VALIDATED&NOT_ROAMING&FOREGROUND&NOT_CONGESTED&NOT_SUSPENDED LinkUpBandwidth>=61000Kbps LinkDnBandwidth>=61000Kbps SignalStrength: -30 OwnerUid: 1000 AdministratorUids: [] SSID: "MTBF_Lab" RequestorUid: -1 RequestorPackageName: null], apn: , availableNetworkCount: 1
11-20 07:30:48.486 W/LocSvc_LocIpc(  527): send:66] failed reason: No such file or directory
11-20 07:30:48.490 D/QCNEJ/WlanStaInfoRelay( 1907): network lost: 159
11-20 07:30:48.491 D/QCNEJ/WlanStaInfoRelay( 1907): onLost: unbind the process to WIFI
11-20 07:30:48.493 D/QCNEJ/DefaultNetworkInfoRelay( 1907): Default network lost: 159
11-20 07:30:48.499 D/QCNEJ/NativeHalConnector( 1907): -> SND notifyDefaultNetworkChanged(1)
11-20 07:30:48.500 I/Nat464Xlat( 1186): Android Xlat is disabled
11-20 07:30:48.504 D/DeviceAuthService(28013): Network lost
11-20 07:30:48.501 I/Nat464Xlat( 1186): Android Xlat is disabled
11-20 07:30:48.517 D/ConnectivityService( 1186): Sending DISCONNECTED broadcast for type 1 [159 WIFI] isDefaultNetwork=true
11-20 07:30:48.524 D/DhcpClient( 1186): DHCP Packet Handler stopped
11-20 07:30:48.525 D/DhcpClient( 1186): onQuitting
11-20 07:30:48.526 D/WifiMemoryStoreImpl( 1186): Set cluster Ga6eb8feabe7908d4 for Wa6eb8feabe7908d4: SUCCESS
11-20 07:30:48.534 D/ConnectivityService( 1186): NetReassign [44 : null  101, 1191 : null  101, 11 : null  101, 63 : null  101, 17 : null  101, 25 : null  101, 1 : null  101, 1196 : null  101, 8 : null  101, 654 : null  101, 12 : null  101, 14 : null  101, 16 : null  101, 22 : null  101]
11-20 07:30:48.538 E/NetlinkEvent(  462): NetlinkEvent::FindParam(): Parameter 'INTERFACE' not found
11-20 07:30:48.538 E/NetlinkEvent(  462): NetlinkEvent::FindParam(): Parameter 'STATE' not found
11-20 07:30:48.538 E/NetlinkEvent(  462): NetlinkEvent::FindParam(): Parameter 'TIME_NS' not found
11-20 07:30:48.538 E/NetlinkEvent(  462): NetlinkEvent::FindParam(): Parameter 'UID' not found
11-20 07:30:48.543 W/MqttClient( 2620): connection/disconnecting; reason=NETWORK_LOST, operation=DISCONNECT
11-20 07:30:48.545 W/System.err( 2620): DEBUG: com.whatsapp.net.tls13.WtSocketWrapper.sendAlertAndShutdown(:86) : Sending Alert : type : WARNING description : close_notify(0) exception : 
11-20 07:30:48.570 D/ConnectivityService( 1186): Switching to new default network: NetworkAgentInfo{ ni{[type: MOBILE[LTE], state: CONNECTED/CONNECTED, reason: (unspecified), extra: enhancedphone, failover: false, available: true, roaming: false]}  network{101}  nethandle{437197393933}  lp{{InterfaceName: rmnet_data2 LinkAddresses: [ 10.55.48.101/30,2600:381:4804:c4b6:8cdc:8f0b:afe1:ec6b/64 ] DnsAddresses: [ /172.26.38.2,/fc00:a:a::400 ] Domains: null MTU: 1430 TcpBufferSizes: 2097152,4194304,8388608,262144,524288,1048576 Routes: [ 0.0.0.0/0 -> 10.55.48.102 rmnet_data2 mtu 1430,::/0 -> fe80::9db2:334d:2872:1e0a rmnet_data2 mtu 1430,10.55.48.100/30 -> 0.0.0.0 rmnet_data2 mtu 0,2600:381:4804:c4b6::/64 -> :: rmnet_data2 mtu 0 ]}}  nc{[ Transports: CELLULAR Capabilities: MMS&SUPL&FOTA&INTERNET&NOT_RESTRICTED&TRUSTED&NOT_VPN&VALIDATED&NOT_ROAMING&NOT_CONGESTED&NOT_SUSPENDED LinkUpBandwidth>=15000Kbps LinkDnBandwidth>=30000Kbps Specifier: <TelephonyNetworkSpecifier [mSubId = 1]> AdministratorUids: [] RequestorUid: -1 RequestorPackageName: null]}  Score{50}  everValidated{true}  lastValidated{true}  created{true} lingering{false} explicitlySelected{false} acceptUnvalidated{false} everCaptivePortalDetected{false} lastCaptivePortalDetected{false} partialConnectivity{false} acceptPartialConnectivity{false} clat{mBaseIface: null, mIface: null, mState: IDLE} }
11-20 07:30:48.581 D/SettingsSDK::SyncHelper( 2334): Read setting com.facebook.wearable.sdk.selfcare:SELFCARE_SERVICE_ENABLED from persistent cache
11-20 07:30:48.581 D/FacebookRepository( 2334): Reading from Store [906581286488774]
11-20 07:30:48.613 E/WifiNative( 1186): Could not get Iface object for interface null
11-20 07:30:48.613 D/WifiNetworkAgent( 1186): NetworkAgent: NetworkAgent channel lost
11-20 07:30:48.614 D/BluetoothAdapterService( 1710): Soft AP is on band: 1
11-20 07:30:48.616 D/BluetoothVendorService( 1710): getPowerBackoff 
11-20 07:30:48.616 D/BluetoothAdapterService( 1710): android.net.wifi.WIFI_STATE_CHANGED
11-20 07:30:48.620 D/BluetoothAdapterService( 1710): Soft AP is on band: 1
11-20 07:30:48.623 D/BluetoothVendorService( 1710): getPowerBackoff 
11-20 07:30:48.623 D/BluetoothAdapterService( 1710): android.net.wifi.STATE_CHANGE
11-20 07:30:48.624 D/BluetoothVendorService( 1710): setWifiState to: false
11-20 07:30:48.624 I/BluetoothVendorJni( 1710): setWifiStateNative
11-20 07:30:48.624 I/bt_btif_vendor( 1710): setWifiState :0
11-20 07:30:48.624 W/bt_btm  ( 1710): btm_cb.is_wifi_connected = 0 
11-20 07:30:48.680 E/SelfCareDataCloudSyncWorker( 2334): Failed to get access token
11-20 07:30:48.680 E/SelfCareDataCloudSyncWorker( 2334): kotlinx.coroutines.JobCancellationException: Job was cancelled; job=JobImpl{Cancelling}@fb40c32
11-20 07:30:48.685 I/WM-WorkerWrapper( 2334): Work [ id=57f248e9-27c9-4baa-bcea-f98e3ece0d1a, tags={ com.facebook.wearable.system.selfcare.cloudsync.SelfCareDataCloudSyncWorker } ] was cancelled
11-20 07:30:48.685 I/WM-WorkerWrapper( 2334): java.util.concurrent.CancellationException: Task was cancelled.
11-20 07:30:48.685 I/WM-WorkerWrapper( 2334): 	at androidx.work.impl.utils.futures.AbstractFuture.getDoneValue(:32)
11-20 07:30:48.685 I/WM-WorkerWrapper( 2334): 	at androidx.work.impl.utils.futures.AbstractFuture.get(:268435546)
11-20 07:30:48.685 I/WM-WorkerWrapper( 2334): 	at androidx.work.impl.WorkerWrapper$2.run(:3)
11-20 07:30:48.685 I/WM-WorkerWrapper( 2334): 	at androidx.work.impl.utils.SerialExecutor$Task.run(:2)
11-20 07:30:48.685 I/WM-WorkerWrapper( 2334): 	at java.util.concurrent.ThreadPoolExecutor.runWorker(ThreadPoolExecutor.java:1167)
11-20 07:30:48.685 I/WM-WorkerWrapper( 2334): 	at java.util.concurrent.ThreadPoolExecutor$Worker.run(ThreadPoolExecutor.java:641)
11-20 07:30:48.685 I/WM-WorkerWrapper( 2334): 	at java.lang.Thread.run(Thread.java:923)
11-20 07:30:48.685 E/WifiNative( 1186): Could not get Iface object for interface null
11-20 07:30:48.699 D/DeviceAuthService(28013): Network connected
11-20 07:30:48.699 D/DeviceAuthService(28013): fetchAuthTokenWrapper called
11-20 07:30:48.700 D/NetworkTimeUpdateService( 1186): New default network 101; checking time.
11-20 07:30:48.708 V/LigerRadioStatsReporter( 2357): onCapabilitiesChanged: Network capabilities changed
11-20 07:30:48.708 V/LigerRadioStatsReporter( 2357): reportAndCheckpointRadioStats
11-20 07:30:48.710 E/DeviceAuthenticator(28013): Failed to resolve oculus.com
11-20 07:30:48.710 D/DeviceAuthService(28013): isOculusAddressResolvable returned false
11-20 07:30:48.711 V/LigerRadioStatsReporter( 2357): +++++++++++ RADIO STATS DUMP +++++++++++
11-20 07:30:48.711 V/LigerRadioStatsReporter( 2357): totalActiveRadioTimeMs=0
11-20 07:30:48.711 V/LigerRadioStatsReporter( 2357): totalTailRadioTimeMs=13993
11-20 07:30:48.711 D/DeviceAuthService(28013): network is still available, run handler
11-20 07:30:48.711 V/LigerRadioStatsReporter( 2357): totalWakeupCount=0
11-20 07:30:48.711 V/LigerRadioStatsReporter( 2357): httpUpBytes=0
11-20 07:30:48.711 V/LigerRadioStatsReporter( 2357): httpDownBytes=0
11-20 07:30:48.711 V/LigerRadioStatsReporter( 2357): httpWakeupCount=0
11-20 07:30:48.711 V/LigerRadioStatsReporter( 2357): httpRequestCount=0
11-20 07:30:48.711 V/LigerRadioStatsReporter( 2357): httpActiveRadioTimeMs=0
11-20 07:30:48.711 V/LigerRadioStatsReporter( 2357): httpTailRadioTimeMs=13993
11-20 07:30:48.711 V/LigerRadioStatsReporter( 2357): reportAndCheckpointRadioStats: Tx=0
11-20 07:30:48.711 V/LigerRadioStatsReporter( 2357): reportAndCheckpointRadioStats: Rx=0
11-20 07:30:48.711 V/LigerRadioStatsReporter( 2357): reportAndCheckpointRadioStats: Uids=10027
11-20 07:30:48.712 V/LigerRadioStatsReporter( 2357): reportAndCheckpointRadioStats: Tags=null
11-20 07:30:48.728 D/QCNEJ/DefaultNetworkInfoRelay( 1907): Default network available: 101
11-20 07:30:48.730 D/QCNEJ/NativeHalConnector( 1907): -> SND notifyDefaultNetworkChanged(0)
11-20 07:30:48.731 E/QMI_FW  (  915): qmi_cci_get_ref: ref count increased 2
11-20 07:30:48.734 E/QMI_FW  (  915): qmi_cci_get_ref: ref count increased 2
11-20 07:30:48.754 D/QCNEJ/WwanInfoRelay( 1907): onCapabilitiesChanged: 101 [ Transports: CELLULAR Capabilities: MMS&SUPL&FOTA&INTERNET&NOT_RESTRICTED&TRUSTED&NOT_VPN&VALIDATED&NOT_ROAMING&FOREGROUND&NOT_CONGESTED&NOT_SUSPENDED LinkUpBandwidth>=15000Kbps LinkDnBandwidth>=30000Kbps Specifier: <TelephonyNetworkSpecifier [mSubId = 1]> AdministratorUids: [] RequestorUid: -1 RequestorPackageName: null]
11-20 07:30:48.755 V/LigerRadioStatsReporter( 2357): onCapabilitiesChanged: Network capabilities changed
11-20 07:30:48.755 I/QCNEJ/WwanInfoRelay( 1907): cacheWwanInfo subId = 1 phoneId = 0 slotId = 0
11-20 07:30:48.758 D/ConnectivityService( 1186): Sending CONNECTED broadcast for type 0 [101 CELLULAR] isDefaultNetwork=true
11-20 07:30:48.788 D/CompatibilityInfo( 1186): mCompatibilityFlags - 4
11-20 07:30:48.788 D/CompatibilityInfo( 1186): applicationDensity - 320
11-20 07:30:48.788 D/CompatibilityInfo( 1186): applicationScale - 1.0
11-20 07:30:48.885 D/CompatibilityInfo( 1186): mCompatibilityFlags - 4
11-20 07:30:48.886 D/CompatibilityInfo( 1186): applicationDensity - 320
11-20 07:30:48.886 D/CompatibilityInfo( 1186): applicationScale - 1.0
11-20 07:30:48.921 E/StickerBundleDatabaseWorker( 2334): Failed to fetch sticker bundles:
11-20 07:30:48.921 E/StickerBundleDatabaseWorker( 2334): kotlinx.coroutines.JobCancellationException: Job was cancelled; job=JobImpl{Cancelling}@97fd5f5
11-20 07:30:48.922 I/WM-WorkerWrapper( 2334): Work [ id=e596069b-4a6f-495d-b19d-a8669de7ea86, tags={ com.facebook.wearable.system.selfcare.sharing.StickerBundleDatabaseWorker } ] was cancelled
11-20 07:30:48.922 I/WM-WorkerWrapper( 2334): java.util.concurrent.CancellationException: Task was cancelled.
11-20 07:30:48.922 I/WM-WorkerWrapper( 2334): 	at androidx.work.impl.utils.futures.AbstractFuture.getDoneValue(:32)
11-20 07:30:48.922 I/WM-WorkerWrapper( 2334): 	at androidx.work.impl.utils.futures.AbstractFuture.get(:268435546)
11-20 07:30:48.922 I/WM-WorkerWrapper( 2334): 	at androidx.work.impl.WorkerWrapper$2.run(:3)
11-20 07:30:48.922 I/WM-WorkerWrapper( 2334): 	at androidx.work.impl.utils.SerialExecutor$Task.run(:2)
11-20 07:30:48.922 I/WM-WorkerWrapper( 2334): 	at java.util.concurrent.ThreadPoolExecutor.runWorker(ThreadPoolExecutor.java:1167)
11-20 07:30:48.922 I/WM-WorkerWrapper( 2334): 	at java.util.concurrent.ThreadPoolExecutor$Worker.run(ThreadPoolExecutor.java:641)
11-20 07:30:48.922 I/WM-WorkerWrapper( 2334): 	at java.lang.Thread.run(Thread.java:923)
11-20 07:30:49.067 D/SettingsSDK::SyncHelper( 2334): Read setting com.facebook.wearable.sdk.selfcare:SELFCARE_SERVICE_ENABLED from persistent cache
11-20 07:30:49.067 D/FacebookRepository( 2334): Reading from Store [906581286488774]
