11-20 07:06:20.801 D/ConnectivityService( 1194): Setting DNS servers for network 154 to [/192.168.1.1]
11-20 07:06:20.801 I/Nat464Xlat( 1194): Android Xlat is disabled
11-20 07:06:20.802 I/Nat464Xlat( 1194): Android Xlat is disabled
11-20 07:06:20.901 D/ConnectivityService( 1194): [154 WIFI] EVENT_NETWORK_INFO_CHANGED, going from UNKNOWN to CONNECTED
11-20 07:06:20.904 D/DnsManager( 1194): sendDnsConfigurationForNetwork(154, [192.168.1.1], [], 1800, 25, 8, 64, 0, 0, , [])
11-20 07:06:20.906 W/DnsManager( 1194): updatePrivateDns(154, PrivateDnsConfig{true:/[]})
11-20 07:06:20.906 D/ConnectivityService( 1194): Setting DNS servers for network 154 to [/192.168.1.1]
11-20 07:06:20.907 D/DnsManager( 1194): sendDnsConfigurationForNetwork(154, [192.168.1.1], [], 1800, 25, 8, 64, 0, 0, , [192.168.1.1])
11-20 07:06:20.909 D/ConnectivityService( 1194): Adding iface wlan0 to network 154
11-20 07:06:20.934 D/ConnectivityService( 1194): Setting DNS servers for network 154 to [/192.168.1.1]
11-20 07:06:20.934 D/DnsManager( 1194): sendDnsConfigurationForNetwork(154, [192.168.1.1], [], 1800, 25, 8, 64, 0, 0, , [192.168.1.1])
11-20 07:06:20.936 I/Nat464Xlat( 1194): Android Xlat is disabled
11-20 07:06:20.936 I/Nat464Xlat( 1194): Android Xlat is disabled
11-20 07:06:20.993 D/ConnectivityService( 1194): NetReassign [no changes]
11-20 07:06:21.147 D/ConnectivityService( 1194): [154 WIFI] validation passed
11-20 07:06:21.148 D/ConnectivityService( 1194): NetReassign [8 : 100 → 154, 20 : 100 → 154, 46 : 100 → 154, 45 : 100 → 154, 12 : 100 → 154, 22 : 100 → 154, 16 : 100 → 154, 14 : 100 → 154, 50 : 100 → 154, 990 : 100 → 154, 18 : 100 → 154, 993 : 100 → 154, 11 : 100 → 154, 1 : 100 → 154, 17 : 100 → 154, 995 : 100 → 154]
11-20 07:06:21.154 E/NetlinkEvent(  459): NetlinkEvent::FindParam(): Parameter 'INTERFACE' not found
11-20 07:06:21.154 E/NetlinkEvent(  459): NetlinkEvent::FindParam(): Parameter 'STATE' not found
11-20 07:06:21.154 E/NetlinkEvent(  459): NetlinkEvent::FindParam(): Parameter 'TIME_NS' not found
11-20 07:06:21.154 E/NetlinkEvent(  459): NetlinkEvent::FindParam(): Parameter 'UID' not found
11-20 07:06:21.168 D/ConnectivityService( 1194): Switching to new default network: NetworkAgentInfo{ ni{[type: WIFI[], state: CONNECTED/CONNECTED, reason: (unspecified), extra: , failover: false, available: true, roaming: false]}  network{154}  nethandle{664830660621}  lp{{InterfaceName: wlan0 LinkAddresses: [ 192.168.1.39/24 ] DnsAddresses: [ /192.168.1.1 ] Domains: null MTU: 0 ServerAddress: /192.168.1.1 TcpBufferSizes: 524288,1048576,2097152,262144,524288,1048576 Routes: [ fe80::/64 -> :: wlan0 mtu 0,192.168.1.0/24 -> 0.0.0.0 wlan0 mtu 0,0.0.0.0/0 -> 192.168.1.1 wlan0 mtu 0 ]}}  nc{[ Transports: WIFI Capabilities: NOT_METERED&INTERNET&NOT_RESTRICTED&TRUSTED&NOT_VPN&VALIDATED&NOT_ROAMING&FOREGROUND&NOT_CONGESTED&NOT_SUSPENDED LinkUpBandwidth>=68000Kbps LinkDnBandwidth>=68000Kbps SignalStrength: -30 OwnerUid: 1000 SSID: "MTBF_Lab" RequestorUid: -1 RequestorPackageName: null]}  Score{60}  everValidated{true}  lastValidated{true}  created{true} lingering{false} explicitlySelected{false} acceptUnvalidated{false} everCaptivePortalDetected{false} lastCaptivePortalDetected{false} partialConnectivity{false} acceptPartialConnectivity{false} clat{mBaseIface: null, mIface: null, mState: IDLE} }
11-20 07:06:21.286 D/ConnectivityService( 1194): Lingering [100 CELLULAR] for 30000ms
11-20 07:06:21.287 D/ConnectivityService( 1194): Sending DISCONNECTED broadcast for type 0 [100 CELLULAR] isDefaultNetwork=true
11-20 07:06:21.289 D/ConnectivityService( 1194): Sending CONNECTED broadcast for type 1 [154 WIFI] isDefaultNetwork=true
11-20 07:06:21.371 D/ConnectivityService( 1194): Setting DNS servers for network 154 to [/192.168.1.1]
11-20 07:06:21.371 D/DnsManager( 1194): sendDnsConfigurationForNetwork(154, [192.168.1.1], [], 1800, 25, 8, 64, 0, 0, , [192.168.1.1])
11-20 07:06:21.583 I/Nat464Xlat( 1194): Android Xlat is disabled
11-20 07:06:21.583 I/Nat464Xlat( 1194): Android Xlat is disabled
11-20 07:06:29.845 D/commandrouter( 1117): rtc_sync (1, rtc:sync): <ServiceRequest> FORWARDED (remote -> local) service client ID = 0, token ID = 38277
11-20 07:06:29.845 D/commandrouter( 1117): SocServiceHandle::onServiceMessage, SoC Service = rtc_sync, appType = 1, type = SVC_RESP, clientId = 0, token = 38277, payloadLen = 8, result = 0, payload.size() = 8
11-20 07:06:39.844 D/commandrouter( 1117): rtc_sync (1, rtc:sync): <ServiceRequest> FORWARDED (remote -> local) service client ID = 0, token ID = 38278
11-20 07:06:39.845 D/commandrouter( 1117): SocServiceHandle::onServiceMessage, SoC Service = rtc_sync, appType = 1, type = SVC_RESP, clientId = 0, token = 38278, payloadLen = 8, result = 0, payload.size() = 8
11-20 07:06:40.261 D/AutofillManagerService( 1194): onBackKeyPressed()
11-20 07:06:41.308 I/chatty  ( 1194): uid=1000(system) android.ui identical 2 lines
11-20 07:06:42.526 D/AutofillManagerService( 1194): onBackKeyPressed()
11-20 07:06:43.171 W/ActivityManager( 1194): Invalid packageName: com.facebook.wearable.system.settings/com.facebook.wearable.system.settings.SettingsActivity
11-20 07:06:43.307 I/ActivityTaskManager( 1194): START u0 {flg=0x10000000 cmp=com.facebook.wearable.system.settings/.SettingsActivity} from uid 0
11-20 07:06:43.324 I/ActivityTaskManager( 1194): The Process com.facebook.wearable.system.settings Already Exists in BG. So sending its PID: 16444
11-20 07:06:43.325 W/ActivityTaskManager( 1194): Tried to set launchTime (0) < mLastActivityLaunchTime (55118559)
11-20 07:06:45.850 E/TaskPersister( 1194): File error accessing recents directory (directory doesn't exist?).
11-20 07:06:47.505 D/commandrouter( 1117): SocServiceHandle::onServiceMessage, SoC Service = mcu_healthcheck_1118, appType = 1, type = SVC_REQ, clientId = 0, token = 1836, payloadLen = 12, result = 0, payload.size() = 12
11-20 07:06:47.511 D/commandrouter( 1117): mcu_healthcheck_1118 (1, merlot:mcu_health:control): <ServiceResponse> FORWARDED (remote -> local) CR token ID = 1836, service client ID = 40, token ID = 33642, result = 0
11-20 07:06:47.511 D/mculinkhealth( 1118): isMcuReachable 1 (6 ms)
11-20 07:06:48.078 D/AppStorageManager( 1194): BEFORE:: Previous Size: 997322752 Current Size: 997093376
11-20 07:06:48.078 D/AppStorageManager( 1194): AFTER:: Previous Size: 997093376 Current Size: 997093376
11-20 07:06:49.833 D/commandrouter( 1117): rtc_sync (1, rtc:sync): <ServiceRequest> FORWARDED (remote -> local) service client ID = 0, token ID = 38279
11-20 07:06:49.833 D/commandrouter( 1117): SocServiceHandle::onServiceMessage, SoC Service = rtc_sync, appType = 1, type = SVC_RESP, clientId = 0, token = 38279, payloadLen = 8, result = 0, payload.size() = 8
11-20 07:06:50.929 W/ContextImpl( 1194): Calling a method in the system process without a qualified user: android.app.ContextImpl.sendBroadcastMultiplePermissions:1143 android.content.Context.sendBroadcastWithMultiplePermissions:2150 com.android.server.display.WifiDisplayAdapter.handleSendStatusChangeBroadcast:440 com.android.server.display.WifiDisplayAdapter.access$1700:63 com.android.server.display.WifiDisplayAdapter$WifiDisplayHandler.handleMessage:675 
11-20 07:06:51.149 D/ConnectivityService( 1194): handleLingerComplete for [100 CELLULAR]
11-20 07:06:51.339 I/wificond(  906): Fail RSSI polling because wifi is not associated.
11-20 07:06:51.385 D/ConnectivityService( 1194): [154 WIFI] EVENT_NETWORK_INFO_CHANGED, going from CONNECTED to DISCONNECTED
11-20 07:06:51.385 D/ConnectivityService( 1194): [154 WIFI] disconnected, was satisfying 27
11-20 07:06:51.466 I/Nat464Xlat( 1194): Android Xlat is disabled
11-20 07:06:51.474 I/Nat464Xlat( 1194): Android Xlat is disabled
11-20 07:06:51.492 D/ConnectivityService( 1194): Sending DISCONNECTED broadcast for type 1 [154 WIFI] isDefaultNetwork=true
11-20 07:06:51.527 D/ConnectivityService( 1194): NetReassign [8 : null → 100, 20 : null → 100, 46 : null → 100, 45 : null → 100, 12 : null → 100, 22 : null → 100, 16 : null → 100, 14 : null → 100, 50 : null → 100, 990 : null → 100, 18 : null → 100, 993 : null → 100, 11 : null → 100, 1 : null → 100, 17 : null → 100, 995 : null → 100]
11-20 07:06:51.529 E/NetlinkEvent(  459): NetlinkEvent::FindParam(): Parameter 'INTERFACE' not found
11-20 07:06:51.530 E/NetlinkEvent(  459): NetlinkEvent::FindParam(): Parameter 'STATE' not found
11-20 07:06:51.530 E/NetlinkEvent(  459): NetlinkEvent::FindParam(): Parameter 'TIME_NS' not found
11-20 07:06:51.530 E/NetlinkEvent(  459): NetlinkEvent::FindParam(): Parameter 'UID' not found
11-20 07:06:51.547 D/ConnectivityService( 1194): Switching to new default network: NetworkAgentInfo{ ni{[type: MOBILE[LTE], state: CONNECTED/CONNECTED, reason: (unspecified), extra: nxtgenphone, failover: false, available: true, roaming: false]}  network{100}  nethandle{432902426637}  lp{{InterfaceName: rmnet_data2 LinkAddresses: [ 10.129.103.196/29,2600:380:c119:24f:b89a:9f3c:46c1:95af/64 ] DnsAddresses: [ /172.26.38.1,/fc00:a:a::300 ] Domains: null MTU: 1430 TcpBufferSizes: 2097152,4194304,8388608,262144,524288,1048576 Routes: [ 0.0.0.0/0 -> 10.129.103.197 rmnet_data2 mtu 1430,::/0 -> fe80::b45f:41f1:1846:969d rmnet_data2 mtu 1430,10.129.103.192/29 -> 0.0.0.0 rmnet_data2 mtu 0,2600:380:c119:24f::/64 -> :: rmnet_data2 mtu 0 ]}}  nc{[ Transports: CELLULAR Capabilities: MMS&SUPL&FOTA&INTERNET&NOT_RESTRICTED&TRUSTED&NOT_VPN&VALIDATED&NOT_ROAMING&NOT_CONGESTED&NOT_SUSPENDED LinkUpBandwidth>=15000Kbps LinkDnBandwidth>=30000Kbps Specifier: <TelephonyNetworkSpecifier [mSubId = 1]> AdministratorUids: [] RequestorUid: -1 RequestorPackageName: null]}  Score{50}  everValidated{true}  lastValidated{true}  created{true} lingering{false} explicitlySelected{false} acceptUnvalidated{false} everCaptivePortalDetected{false} lastCaptivePortalDetected{false} partialConnectivity{false} acceptPartialConnectivity{false} clat{mBaseIface: null, mIface: null, mState: IDLE} }
11-20 07:06:51.680 D/ConnectivityService( 1194): Sending CONNECTED broadcast for type 0 [100 CELLULAR] isDefaultNetwork=true
11-20 07:06:56.000 D/AutofillManagerService( 1194): onBackKeyPressed()
11-20 07:06:57.056 I/chatty  ( 1194): uid=1000(system) android.ui identical 2 lines
11-20 07:06:59.621 D/AutofillManagerService( 1194): onBackKeyPressed()
11-20 07:06:59.826 D/commandrouter( 1117): rtc_sync (1, rtc:sync): <ServiceRequest> FORWARDED (remote -> local) service client ID = 0, token ID = 38280
11-20 07:06:59.827 D/commandrouter( 1117): SocServiceHandle::onServiceMessage, SoC Service = rtc_sync, appType = 1, type = SVC_RESP, clientId = 0, token = 38280, payloadLen = 8, result = 0, payload.size() = 8
11-20 07:07:00.569 E/TaskPersister( 1194): File error accessing recents directory (directory doesn't exist?).
11-20 07:07:00.722 D/AutofillManagerService( 1194): onBackKeyPressed()
11-20 07:07:02.628 I/chatty  ( 1194): uid=1000(system) android.ui identical 2 lines
11-20 07:07:03.625 D/AutofillManagerService( 1194): onBackKeyPressed()
11-20 07:07:04.023 W/ActivityManager( 1194): Invalid packageName: com.facebook.wearable.system.settings/com.facebook.wearable.system.settings.SettingsActivity
11-20 07:07:04.147 I/ActivityTaskManager( 1194): START u0 {flg=0x10000000 cmp=com.facebook.wearable.system.settings/.SettingsActivity} from uid 0
11-20 07:07:04.191 I/ActivityTaskManager( 1194): The Process com.facebook.wearable.system.settings Already Exists in BG. So sending its PID: 16444
11-20 07:07:04.192 W/ActivityTaskManager( 1194): Tried to set launchTime (0) < mLastActivityLaunchTime (55149590)
11-20 07:07:08.306 E/TaskPersister( 1194): File error accessing recents directory (directory doesn't exist?).
11-20 07:07:09.820 D/commandrouter( 1117): rtc_sync (1, rtc:sync): <ServiceRequest> FORWARDED (remote -> local) service client ID = 0, token ID = 38281
11-20 07:07:09.821 D/commandrouter( 1117): SocServiceHandle::onServiceMessage, SoC Service = rtc_sync, appType = 1, type = SVC_RESP, clientId = 0, token = 38281, payloadLen = 8, result = 0, payload.size() = 8
11-20 07:07:10.587 D/commandrouter( 1117): SocServiceHandle::onServiceMessage, SoC Service = mcu_healthcheck_946, appType = 1, type = SVC_REQ, clientId = 0, token = 918, payloadLen = 20, result = 0, payload.size() = 20
11-20 07:07:10.590 D/commandrouter( 1117): mcu_healthcheck_946 (1, merlot:mcu_health:control): <ServiceResponse> FORWARDED (remote -> local) CR token ID = 918, service client ID = 6, token ID = 33643, result = 0
11-20 07:07:10.881 W/ContextImpl( 1194): Calling a method in the system process without a qualified user: android.app.ContextImpl.sendBroadcastMultiplePermissions:1143 android.content.Context.sendBroadcastWithMultiplePermissions:2150 com.android.server.display.WifiDisplayAdapter.handleSendStatusChangeBroadcast:440 com.android.server.display.WifiDisplayAdapter.access$1700:63 com.android.server.display.WifiDisplayAdapter$WifiDisplayHandler.handleMessage:675 
11-20 07:07:11.937 W/ContextImpl( 1194): Calling a method in the system process without a qualified user: android.app.ContextImpl.sendBroadcastMultiplePermissions:1143 android.content.Context.sendBroadcastWithMultiplePermissions:2150 com.android.server.wifi.p2p.WifiP2pServiceImpl$P2pStateMachine.sendBroadcastMultiplePermissions:3209 com.android.server.wifi.p2p.WifiP2pServiceImpl$P2pStateMachine.sendP2pConnectionChangedBroadcast:3236 com.android.server.wifi.p2p.WifiP2pServiceImpl$P2pStateMachine.access$5100:768 
11-20 07:07:11.938 W/BroadcastQueue( 1194): Permission Denial: receiving Intent { act=android.net.wifi.p2p.CONNECTION_STATE_CHANGE flg=0x24000010 (has extras) } to ProcessRecord{ba73 1900:.qtidataservices/u0a89} (pid=1900, uid=10089) requires android.permission.ACCESS_FINE_LOCATION due to sender android (uid 1000)
11-20 07:07:11.943 W/ContextImpl( 1194): Calling a method in the system process without a qualified user: android.app.ContextImpl.sendBroadcastMultiplePermissions:1143 android.content.Context.sendBroadcastWithMultiplePermissions:2150 com.android.server.wifi.p2p.WifiP2pServiceImpl$P2pStateMachine.sendBroadcastMultiplePermissions:3209 com.android.server.wifi.p2p.WifiP2pServiceImpl$P2pStateMachine.sendThisDeviceChangedBroadcast:3218 com.android.server.wifi.p2p.WifiP2pServiceImpl$P2pStateMachine.updateThisDevice:3962 
11-20 07:07:11.960 W/wificond(  906): Scan is not started. Ignore abort request
11-20 07:07:12.450 D/ConnectivityService( 1194): registerNetworkAgent NetworkAgentInfo{ ni{[type: WIFI[], state: UNKNOWN/IDLE, reason: (unspecified), extra: , failover: false, available: true, roaming: false]}  network{155}  nethandle{669125627917}  lp{{InterfaceName: wlan0 LinkAddresses: [ ] DnsAddresses: [ ] Domains: null MTU: 0 Routes: [ ]}}  nc{[ Transports: WIFI Capabilities: NOT_METERED&INTERNET&NOT_RESTRICTED&TRUSTED&NOT_VPN&NOT_ROAMING&FOREGROUND&NOT_CONGESTED&NOT_SUSPENDED LinkUpBandwidth>=72000Kbps LinkDnBandwidth>=72000Kbps OwnerUid: 1000 SSID: "MTBF_Lab" RequestorUid: -1 RequestorPackageName: null]}  Score{20}  everValidated{false}  lastValidated{false}  created{false} lingering{false} explicitlySelected{false} acceptUnvalidated{false} everCaptivePortalDetected{false} lastCaptivePortalDetected{false} partialConnectivity{false} acceptPartialConnectivity{false} clat{mBaseIface: null, mIface: null, mState: IDLE} }
11-20 07:07:12.476 D/ConnectivityService( 1194): [155 WIFI] EVENT_NETWORK_INFO_CHANGED, going from UNKNOWN to UNKNOWN
11-20 07:07:12.627 D/ConnectivityService( 1194): NetReassign [no changes]
11-20 07:07:12.659 I/Nat464Xlat( 1194): Android Xlat is disabled
11-20 07:07:12.659 I/Nat464Xlat( 1194): Android Xlat is disabled
11-20 07:07:12.822 E/ConnectivityService( 1194): Exception in networkAddRouteParcel for non-gateway: android.os.ServiceSpecificException: Machine is not on the network (code 64)
11-20 07:07:12.823 E/ConnectivityService( 1194): Exception in networkAddRouteParcel for gateway: android.os.ServiceSpecificException: Machine is not on the network (code 64)
11-20 07:07:12.824 I/Nat464Xlat( 1194): Android Xlat is disabled
11-20 07:07:12.824 I/Nat464Xlat( 1194): Android Xlat is disabled
11-20 07:07:12.957 D/ConnectivityService( 1194): Setting DNS servers for network 155 to [/192.168.1.1]
11-20 07:07:12.958 I/Nat464Xlat( 1194): Android Xlat is disabled
11-20 07:07:12.958 I/Nat464Xlat( 1194): Android Xlat is disabled
11-20 07:07:13.067 D/ConnectivityService( 1194): [155 WIFI] EVENT_NETWORK_INFO_CHANGED, going from UNKNOWN to CONNECTED
11-20 07:07:13.070 D/DnsManager( 1194): sendDnsConfigurationForNetwork(155, [192.168.1.1], [], 1800, 25, 8, 64, 0, 0, , [])
11-20 07:07:13.072 W/DnsManager( 1194): updatePrivateDns(155, PrivateDnsConfig{true:/[]})
11-20 07:07:13.072 D/ConnectivityService( 1194): Setting DNS servers for network 155 to [/192.168.1.1]
11-20 07:07:13.073 D/DnsManager( 1194): sendDnsConfigurationForNetwork(155, [192.168.1.1], [], 1800, 25, 8, 64, 0, 0, , [192.168.1.1])
11-20 07:07:13.085 D/ConnectivityService( 1194): Adding iface wlan0 to network 155
11-20 07:07:13.098 D/ConnectivityService( 1194): Setting DNS servers for network 155 to [/192.168.1.1]
11-20 07:07:13.099 D/DnsManager( 1194): sendDnsConfigurationForNetwork(155, [192.168.1.1], [], 1800, 25, 8, 64, 0, 0, , [192.168.1.1])
11-20 07:07:13.101 I/Nat464Xlat( 1194): Android Xlat is disabled
11-20 07:07:13.101 I/Nat464Xlat( 1194): Android Xlat is disabled
11-20 07:07:13.198 D/ConnectivityService( 1194): NetReassign [no changes]
11-20 07:07:13.385 D/ConnectivityService( 1194): [155 WIFI] validation passed
11-20 07:07:13.386 D/ConnectivityService( 1194): NetReassign [8 : 100 → 155, 20 : 100 → 155, 46 : 100 → 155, 45 : 100 → 155, 12 : 100 → 155, 22 : 100 → 155, 16 : 100 → 155, 14 : 100 → 155, 50 : 100 → 155, 990 : 100 → 155, 18 : 100 → 155, 993 : 100 → 155, 11 : 100 → 155, 1 : 100 → 155, 17 : 100 → 155, 995 : 100 → 155]
11-20 07:07:13.391 E/NetlinkEvent(  459): NetlinkEvent::FindParam(): Parameter 'INTERFACE' not found
11-20 07:07:13.391 E/NetlinkEvent(  459): NetlinkEvent::FindParam(): Parameter 'STATE' not found
11-20 07:07:13.391 E/NetlinkEvent(  459): NetlinkEvent::FindParam(): Parameter 'TIME_NS' not found
11-20 07:07:13.391 E/NetlinkEvent(  459): NetlinkEvent::FindParam(): Parameter 'UID' not found
11-20 07:07:13.402 D/ConnectivityService( 1194): Switching to new default network: NetworkAgentInfo{ ni{[type: WIFI[], state: CONNECTED/CONNECTED, reason: (unspecified), extra: , failover: false, available: true, roaming: false]}  network{155}  nethandle{669125627917}  lp{{InterfaceName: wlan0 LinkAddresses: [ 192.168.1.39/24 ] DnsAddresses: [ /192.168.1.1 ] Domains: null MTU: 0 ServerAddress: /192.168.1.1 TcpBufferSizes: 524288,1048576,2097152,262144,524288,1048576 Routes: [ fe80::/64 -> :: wlan0 mtu 0,192.168.1.0/24 -> 0.0.0.0 wlan0 mtu 0,0.0.0.0/0 -> 192.168.1.1 wlan0 mtu 0 ]}}  nc{[ Transports: WIFI Capabilities: NOT_METERED&INTERNET&NOT_RESTRICTED&TRUSTED&NOT_VPN&VALIDATED&NOT_ROAMING&FOREGROUND&NOT_CONGESTED&NOT_SUSPENDED LinkUpBandwidth>=68000Kbps LinkDnBandwidth>=68000Kbps SignalStrength: -29 OwnerUid: 1000 SSID: "MTBF_Lab" RequestorUid: -1 RequestorPackageName: null]}  Score{60}  everValidated{true}  lastValidated{true}  created{true} lingering{false} explicitlySelected{false} acceptUnvalidated{false} everCaptivePortalDetected{false} lastCaptivePortalDetected{false} partialConnectivity{false} acceptPartialConnectivity{false} clat{mBaseIface: null, mIface: null, mState: IDLE} }
11-20 07:07:13.524 D/ConnectivityService( 1194): Lingering [100 CELLULAR] for 30000ms
11-20 07:07:13.526 D/ConnectivityService( 1194): Sending DISCONNECTED broadcast for type 0 [100 CELLULAR] isDefaultNetwork=true
11-20 07:07:13.527 D/ConnectivityService( 1194): Sending CONNECTED broadcast for type 1 [155 WIFI] isDefaultNetwork=true
11-20 07:07:13.564 D/ConnectivityService( 1194): Setting DNS servers for network 155 to [/192.168.1.1]
11-20 07:07:13.564 D/DnsManager( 1194): sendDnsConfigurationForNetwork(155, [192.168.1.1], [], 1800, 25, 8, 64, 0, 0, , [192.168.1.1])
11-20 07:07:13.664 I/Nat464Xlat( 1194): Android Xlat is disabled
11-20 07:07:13.664 I/Nat464Xlat( 1194): Android Xlat is disabled
11-20 07:07:17.512 D/commandrouter( 1117): SocServiceHandle::onServiceMessage, SoC Service = mcu_healthcheck_1118, appType = 1, type = SVC_REQ, clientId = 0, token = 1837, payloadLen = 12, result = 0, payload.size() = 12
11-20 07:07:17.515 D/commandrouter( 1117): mcu_healthcheck_1118 (1, merlot:mcu_health:control): <ServiceResponse> FORWARDED (remote -> local) CR token ID = 1837, service client ID = 40, token ID = 33644, result = 0
11-20 07:07:17.516 D/mculinkhealth( 1118): isMcuReachable 1 (4 ms)
11-20 07:07:19.817 D/commandrouter( 1117): rtc_sync (1, rtc:sync): <ServiceRequest> FORWARDED (remote -> local) service client ID = 0, token ID = 38282
11-20 07:07:19.818 D/commandrouter( 1117): SocServiceHandle::onServiceMessage, SoC Service = rtc_sync, appType = 1, type = SVC_RESP, clientId = 0, token = 38282, payloadLen = 8, result = 0, payload.size() = 8
11-20 07:07:29.814 D/commandrouter( 1117): rtc_sync (1, rtc:sync): <ServiceRequest> FORWARDED (remote -> local) service client ID = 0, token ID = 38283
11-20 07:07:29.815 D/commandrouter( 1117): SocServiceHandle::onServiceMessage, SoC Service = rtc_sync, appType = 1, type = SVC_RESP, clientId = 0, token = 38283, payloadLen = 8, result = 0, payload.size() = 8
11-20 07:07:32.220 D/AutofillManagerService( 1194): onBackKeyPressed()
11-20 07:07:33.279 I/chatty  ( 1194): uid=1000(system) android.ui identical 2 lines
11-20 07:07:34.612 D/AutofillManagerService( 1194): onBackKeyPressed()
11-20 07:07:35.167 W/ActivityManager( 1194): Invalid packageName: com.facebook.wearable.system.settings/com.facebook.wearable.system.settings.SettingsActivity
11-20 07:07:35.297 I/ActivityTaskManager( 1194): START u0 {flg=0x10000000 cmp=com.facebook.wearable.system.settings/.SettingsActivity} from uid 0
11-20 07:07:35.315 I/ActivityTaskManager( 1194): The Process com.facebook.wearable.system.settings Already Exists in BG. So sending its PID: 16444
11-20 07:07:35.315 W/ActivityTaskManager( 1194): Tried to set launchTime (0) < mLastActivityLaunchTime (55170456)
--------- beginning of main
11-20 07:07:36.497 E/ANDR-PERF-RESOURCEQS(  557): Failed to reset optimization [3, 21]
11-20 07:07:36.497 E/ANDR-PERF-OPTSHANDLER(  557): Perflock resource /proc/sys/kernel/sched_group_downmigrate not supported
11-20 07:07:36.497 E/ANDR-PERF-RESOURCEQS(  557): Failed to reset optimization [3, 22]
11-20 07:07:36.605 W/StatusBarClientConnection(16444): Messenger is null, ignoring message: { when=-15h20m2s868ms barrier=1 }
11-20 07:07:36.626 E/StatusBarClientConnection(16444): Service connected
11-20 07:07:36.647 W/View    (16444): requestLayout() improperly called by android.view.View{c7ba8d V.ED..... ......I. 0,368-474,474} during layout: running second layout pass
11-20 07:07:36.664 W/View    (16444): requestLayout() improperly called by com.facebook.wearable.common.wds.listview.WdsListView{a27c2eb V.E..V... ........ 0,0-474,474} during second layout pass: posting in next frame
11-20 07:07:36.765 W/System  ( 2665): ClassLoader referenced unknown path: /system/framework/tcmclient.jar
11-20 07:07:36.782 E/QMI_FW  ( 1113): qmi_cci_get_ref: ref count increased 2
11-20 07:07:36.784 E/QMI_FW  ( 1113): qmi_cci_get_ref: ref count increased 2
11-20 07:07:36.795 I/WearableConnectivityManager( 2581): LTE Signal strength is: 2
11-20 07:07:36.795 I/WearableConnectivityManager( 2581): Cellular Signal strength is: 2
11-20 07:07:36.795 D/RadioLinkQualityScoreBuilder( 1975): scoreRsrp: 3scoreRsrq: 3scoreRssnr: 3
11-20 07:07:36.815 I/chatty  ( 2351): uid=10060(com.facebook.wearable.system.selfcare) MainTP_413 expire 8 lines
11-20 07:07:37.168 I/chatty  ( 2351): uid=10060(com.facebook.wearable.system.selfcare) MainTP_410 expire 7 lines
11-20 07:07:37.305 E/ANDR-PERF-OPTSHANDLER(  557): perf_lock_rel: failed for /proc/sys/vm/swap_ratio as previous value is not stored
11-20 07:07:37.305 E/ANDR-PERF-OPTSHANDLER(  557): perf_lock_rel: failed for /sys/class/kgsl/kgsl-3d0/min_pwrlevel as previous value is not stored
11-20 07:07:37.308 E/ANDR-PERF-RESOURCEQS(  557): Failed to reset optimization [3, 0]
11-20 07:07:37.350 I/chatty  ( 2351): uid=10060(com.facebook.wearable.system.selfcare) pool-3-thread-3 expire 6 lines
11-20 07:07:37.828 E/TaskPersister( 1194): File error accessing recents directory (directory doesn't exist?).
11-20 07:07:38.013 I/chatty  ( 2351): uid=10060(com.facebook.wearable.system.selfcare) pool-3-thread-1 expire 9 lines
11-20 07:07:38.249 W/HWComposer(  577): Ignoring duplicate VSYNC event from HWC for display 0 (t=55204512997586)
11-20 07:07:38.267 W/HWComposer(  577): Ignoring duplicate VSYNC event from HWC for display 0 (t=55204529876805)
11-20 07:07:38.480 I/chatty  ( 2351): uid=10060(com.facebook.wearable.system.selfcare) pool-3-thread-2 expire 3 lines
11-20 07:07:38.576 E/QMI_FW  ( 1113): qmi_cci_get_ref: ref count increased 2
11-20 07:07:38.577 E/QMI_FW  ( 1113): qmi_cci_get_ref: ref count increased 2
11-20 07:07:38.577 E/QMI_FW  ( 1113): qmi_cci_get_ref: ref count increased 2
11-20 07:07:39.329 E/QMI_FW  ( 1113): qmi_cci_get_ref: ref count increased 2
11-20 07:07:39.330 E/QMI_FW  ( 1113): qmi_cci_get_ref: ref count increased 2
11-20 07:07:39.342 I/WearableConnectivityManager( 2581): LTE Signal strength is: 2
11-20 07:07:39.342 I/WearableConnectivityManager( 2581): Cellular Signal strength is: 2
11-20 07:07:39.342 D/RadioLinkQualityScoreBuilder( 1975): scoreRsrp: 3scoreRsrq: 3scoreRssnr: 2
11-20 07:07:39.343 D/WirelessInsightServiceImpl( 1975): onSignalStrengthsChanged: SignalStrength = SignalStrength:{mCdma=CellSignalStrengthCdma: cdmaDbm=2147483647 cdmaEcio=2147483647 evdoDbm=2147483647 evdoEcio=2147483647 evdoSnr=2147483647 level=0,mGsm=CellSignalStrengthGsm: rssi=2147483647 ber=2147483647 mTa=2147483647 mLevel=0,mWcdma=CellSignalStrengthWcdma: ss=2147483647 ber=2147483647 rscp=2147483647 ecno=2147483647 level=0,mTdscdma=CellSignalStrengthTdscdma: rssi=2147483647 ber=2147483647 rscp=2147483647 level=0,mLte=CellSignalStrengthLte: rssi=-77 rsrp=-111 rsrq=-13 rssnr=0 cqi=2147483647 ta=2147483647 level=2 parametersUseForLevel=0,mNr=CellSignalStrengthNr:{ csiRsrp = 2147483647 csiRsrq = 2147483647 csiSinr = 2147483647 ssRsrp = 2147483647 ssRsrq = 2147483647 ssSinr = 2147483647 level = 0 parametersUseForLevel = 0 },primary=CellSignalStrengthLte}
11-20 07:07:39.343 D/WirelessInsightServiceImpl( 1975): Score: 2
11-20 07:07:39.343 D/WirelessInsightServiceImpl( 1975): notifyListeners: listeners = 0, score = 2
11-20 07:07:39.568 D/UIAutomatorStub(17968): URI: /jsonrpc/0, Method: POST, Header: {content-length=183, remote-addr=127.0.0.1, http-client-ip=127.0.0.1, host=localhost:9010, content-type=application/json, accept-encoding=identity}, params, {NanoHttpd.QUERY_STRING=null}, files: {postData={"jsonrpc": "2.0", "method": "waitForExists", "id": "3d1644aa572ccaa32132b962f959ce2c", "params": [{"mask": 1, "childOrSibling": [], "childOrSiblingSelector": [], "text": "WiFi"}, 5]}}
11-20 07:07:39.601 D/UIAutomatorStub(17968): URI: /jsonrpc/0, Method: POST, Header: {content-length=172, remote-addr=127.0.0.1, http-client-ip=127.0.0.1, host=localhost:9010, content-type=application/json, accept-encoding=identity}, params, {NanoHttpd.QUERY_STRING=null}, files: {postData={"jsonrpc": "2.0", "method": "click", "id": "56a344a284b0bf9b8c944bdd0506ff6e", "params": [{"mask": 1, "childOrSibling": [], "childOrSiblingSelector": [], "text": "WiFi"}]}}
11-20 07:07:39.680 W/StatusBarClientConnection(16444): Messenger is null, ignoring message: { when=-15h20m5s944ms barrier=1 }
11-20 07:07:39.704 D/CompatibilityInfo( 1194): mCompatibilityFlags - 4
11-20 07:07:39.704 D/CompatibilityInfo( 1194): applicationDensity - 320
11-20 07:07:39.704 D/CompatibilityInfo( 1194): applicationScale - 1.0
11-20 07:07:39.713 E/StatusBarClientConnection(16444): Service connected
11-20 07:07:39.720 D/WifiConnector( 2841): Network State Changed
11-20 07:07:39.731 W/View    (16444): requestLayout() improperly called by android.view.View{b1a9c75 V.ED..... ......I. 0,368-474,474} during layout: running second layout pass
11-20 07:07:39.744 D/WifiSharingService( 2841): Starting Wi-Fi scan
11-20 07:07:39.745 I/WifiService( 1194): startScan uid=1000
11-20 07:07:39.747 W/View    (16444): requestLayout() improperly called by com.facebook.wearable.common.wds.listview.WdsListView{4be6520 V.E..V... ........ 0,0-474,474} during second layout pass: posting in next frame
11-20 07:07:39.754 D/WifiNative( 1194): Scan trigered from WifiNative
11-20 07:07:39.756 I/chatty  ( 1024): uid=1021(gps) lowi-server expire 41 lines
11-20 07:07:39.757 V/WifiHAL (  539): event received NL80211_CMD_TRIGGER_SCAN
11-20 07:07:39.808 D/commandrouter( 1117): rtc_sync (1, rtc:sync): <ServiceRequest> FORWARDED (remote -> local) service client ID = 0, token ID = 38284
11-20 07:07:39.808 D/vendor.facebook.rtc_sync@1.0-service( 1129): Request req_ts=1637392059807492182 resp_ts=1637392059808780824
11-20 07:07:39.809 D/commandrouter( 1117): SocServiceHandle::onServiceMessage, SoC Service = rtc_sync, appType = 1, type = SVC_RESP, clientId = 0, token = 38284, payloadLen = 8, result = 0, payload.size() = 8
11-20 07:07:40.230 I/chatty  ( 2351): uid=10060(com.facebook.wearable.system.selfcare) DefaultDispatch expire 2 lines
11-20 07:07:40.232 I/chatty  ( 2351): uid=10060(com.facebook.wearable.system.selfcare) MainTP_414 expire 1 line
11-20 07:07:40.256 I/chatty  ( 2351): uid=10060(com.facebook.wearable.system.selfcare) pool-3-thread-3 expire 1 line
11-20 07:07:40.299 V/WifiHAL (  539): event received NL80211_CMD_NEW_SCAN_RESULTS
11-20 07:07:40.301 D/WifiNl80211Manager( 1194): Scan result ready event
11-20 07:07:40.301 D/WifiNative( 1194): Scan result ready event
11-20 07:07:40.302 D/LOWI-9.0.0.80( 1024): [LOWI-Scan] decode_rsn_wpa_ie: LOWI_ENCRYPTION_TYPE_WPA_PSK
11-20 07:07:40.302 D/LOWI-9.0.0.80( 1024): [LOWI-Scan] is_qcom_ie, bss_age: 3
11-20 07:07:40.302 D/LOWI-9.0.0.80( 1024): [LOWI-Scan] BSS 2c:57:41:86:6c:01 LOWI_PHY_MODE_11NG_HT20(5), Beacon Interval: 100, LOWI_ENCRYPTION_TYPE_WPA_PSK 11mcRanging: No, ANQP: No, LCI: No, Civic: No, capability(0x1411): ESS Privacy ShortSlotTime
11-20 07:07:40.302 D/LOWI-9.0.0.80( 1024): [LOWI-Scan] BSS 2c:57:41:86:6c:01 FREQ: 2462, cFreq1[40:80:160] = [0:0:0] cFreq2 = 0 Country Code = US
11-20 07:07:40.302 D/LOWI-9.0.0.80( 1024): [LOWI-Scan] BSS 2c:57:41:86:6c:01 (wlan0) ASSO: NO AddInfo: 0x0, TSF 0, 15:20:06.561, RSSI: -116, CPL: 2, AGE: 0,  SSID kittyhawk, TSFDelta: 0x0, TXRate: 0
11-20 07:07:40.303 D/LOWI-9.0.0.80( 1024): [LOWI-Scan] 
11-20 07:07:40.303 D/LOWI-9.0.0.80( 1024): [LOWI-Scan] print_bss_handler: Report Probe TSF 55206561629 as it greater than Beacon TSF 54339321513
11-20 07:07:40.303 I/LOWI-9.0.0.80( 1024): [LOWI-Scan] RSN_IE
11-20 07:07:40.303 D/LOWI-9.0.0.80( 1024): [LOWI-Scan] decode_rsn_wpa_ie: Entered
11-20 07:07:40.303 D/LOWI-9.0.0.80( 1024): [LOWIUtils] hexDump: msg(30 14 01 00 00 0f ac 04 01 00 00 0f ac 04 01 00 00 0f ac 02 )
11-20 07:07:40.303 D/LOWI-9.0.0.80( 1024): [LOWI-Scan] decode_rsn_wpa_ie: LOWI_ENCRYPTION_TYPE_WPA_PSK
11-20 07:07:40.303 D/LOWI-9.0.0.80( 1024): [LOWI-Scan] is_qcom_ie, bss_age: 48
11-20 07:07:40.303 D/LOWI-9.0.0.80( 1024): [LOWI-Scan] BSS 12:d7:96:61:85:9f LOWI_PHY_MODE_11AC_VHT20_2G(11), Beacon Interval: 100, LOWI_ENCRYPTION_TYPE_WPA_PSK 11mcRanging: No, ANQP: Yes, LCI: No, Civic: No, capability(0x1431): ESS Privacy ShortPreamble ShortSlotTime
11-20 07:07:40.303 D/LOWI-9.0.0.80( 1024): [LOWI-Scan] BSS 12:d7:96:61:85:9f FREQ: 2412, cFreq1[40:80:160] = [0:0:0] cFreq2 = 0 Country Code =    
11-20 07:07:40.303 D/LOWI-9.0.0.80( 1024): [LOWI-Scan] BSS 12:d7:96:61:85:9f (wlan0) ASSO: NO AddInfo: 0x0, TSF 0, 15:20:06.561, RSSI: -108, CPL: 127, AGE: 0,  SSID Pixel_R5, TSFDelta: 0x0, TXRate: 0
11-20 07:07:40.303 D/LOWI-9.0.0.80( 1024): [LOWI-Scan] 
11-20 07:07:40.303 D/LOWI-9.0.0.80( 1024): [LOWI-Scan] print_bss_handler: Report Probe TSF 55206561781 as it greater than Beacon TSF 54846601821
11-20 07:07:40.303 I/LOWI-9.0.0.80( 1024): [LOWI-Scan] RSN_IE
11-20 07:07:40.303 D/LOWI-9.0.0.80( 1024): [LOWI-Scan] decode_rsn_wpa_ie: Entered
11-20 07:07:40.304 D/LOWI-9.0.0.80( 1024): [LOWIUtils] hexDump: msg(30 14 01 00 00 0f ac 04 01 00 00 0f ac 04 01 00 00 0f ac 02 )
11-20 07:07:40.304 D/LOWI-9.0.0.80( 1024): [LOWI-Scan] decode_rsn_wpa_ie: LOWI_ENCRYPTION_TYPE_WPA_PSK
11-20 07:07:40.304 D/LOWI-9.0.0.80( 1024): [LOWI-Scan] is_qcom_ie, bss_age: 47
11-20 07:07:40.304 D/LOWI-9.0.0.80( 1024): [LOWI-Scan] BSS 2c:57:41:86:8a:a1 LOWI_PHY_MODE_11NG_HT20(5), Beacon Interval: 100, LOWI_ENCRYPTION_TYPE_WPA_PSK 11mcRanging: No, ANQP: No, LCI: No, Civic: No, capability(0x1411): ESS Privacy ShortSlotTime
11-20 07:07:40.304 D/LOWI-9.0.0.80( 1024): [LOWI-Scan] BSS 2c:57:41:86:8a:a1 FREQ: 2412, cFreq1[40:80:160] = [0:0:0] cFreq2 = 0 Country Code = US
11-20 07:07:40.304 D/LOWI-9.0.0.80( 1024): [LOWI-Scan] BSS 2c:57:41:86:8a:a1 (wlan0) ASSO: NO AddInfo: 0x0, TSF 0, 15:20:06.561, RSSI: -134, CPL: 3, AGE: 0,  SSID kittyhawk, TSFDelta: 0x0, TXRate: 0
11-20 07:07:40.304 D/LOWI-9.0.0.80( 1024): [LOWI-Scan] 
11-20 07:07:40.304 D/LOWI-9.0.0.80( 1024): [LOWI-Scan] print_bss_handler: Report Probe TSF 55206561717 as it greater than Beacon TSF 55125782529
11-20 07:07:40.304 I/LOWI-9.0.0.80( 1024): [LOWI-Scan] RSN_IE
11-20 07:07:40.304 D/LOWI-9.0.0.80( 1024): [LOWI-Scan] decode_rsn_wpa_ie: Entered
11-20 07:07:40.304 D/LOWI-9.0.0.80( 1024): [LOWIUtils] hexDump: msg(30 14 01 00 00 0f ac 04 01 00 00 0f ac 04 01 00 00 0f ac 02 )
11-20 07:07:40.304 D/LOWI-9.0.0.80( 1024): [LOWI-Scan] decode_rsn_wpa_ie: LOWI_ENCRYPTION_TYPE_WPA_PSK
11-20 07:07:40.304 D/LOWI-9.0.0.80( 1024): [LOWI-Scan] is_qcom_ie, bss_age: 47
11-20 07:07:40.304 D/LOWI-9.0.0.80( 1024): [LOWI-Scan] BSS be:9e:0e:1c:6e:7f LOWI_PHY_MODE_11AC_VHT20_2G(11), Beacon Interval: 100, LOWI_ENCRYPTION_TYPE_WPA_PSK 11mcRanging: No, ANQP: No, LCI: No, Civic: No, capability(0x1431): ESS Privacy ShortPreamble ShortSlotTime
11-20 07:07:40.304 D/LOWI-9.0.0.80( 1024): [LOWI-Scan] BSS be:9e:0e:1c:6e:7f FREQ: 2412, cFreq1[40:80:160] = [0:0:0] cFreq2 = 0 Country Code =    
11-20 07:07:40.304 D/LOWI-9.0.0.80( 1024): [LOWI-Scan] BSS be:9e:0e:1c:6e:7f (wlan0) ASSO: NO AddInfo: 0x0, TSF 0, 15:20:06.561, RSSI: -124, CPL: 127, AGE: 0,  SSID Pixel_3541, TSFDelta: 0x0, TXRate: 0
11-20 07:07:40.305 D/LOWI-9.0.0.80( 1024): [LOWI-Scan] 
11-20 07:07:40.305 D/LOWI-9.0.0.80( 1024): [LOWI-Scan] print_bss_handler: Report Probe TSF 55206561611 as it greater than Beacon TSF 54846601669
11-20 07:07:40.305 I/LOWI-9.0.0.80( 1024): [LOWI-Scan] RSN_IE
11-20 07:07:40.305 D/LOWI-9.0.0.80( 1024): [LOWI-Scan] decode_rsn_wpa_ie: Entered
11-20 07:07:40.305 D/LOWI-9.0.0.80( 1024): [LOWIUtils] hexDump: msg(30 14 01 00 00 0f ac 04 01 00 00 0f ac 04 01 00 00 0f ac 02 )
11-20 07:07:40.305 D/LOWI-9.0.0.80( 1024): [LOWI-Scan] decode_rsn_wpa_ie: LOWI_ENCRYPTION_TYPE_WPA_PSK
11-20 07:07:40.305 D/LOWI-9.0.0.80( 1024): [LOWI-Scan] is_qcom_ie, bss_age: 13
11-20 07:07:40.305 D/LOWI-9.0.0.80( 1024): [LOWI-Scan] BSS fe:2d:5a:49:61:eb LOWI_PHY_MODE_11AC_VHT20_2G(11), Beacon Interval: 100, LOWI_ENCRYPTION_TYPE_WPA_PSK 11mcRanging: No, ANQP: Yes, LCI: No, Civic: No, capability(0x1431): ESS Privacy ShortPreamble ShortSlotTime
11-20 07:07:40.305 D/LOWI-9.0.0.80( 1024): [LOWI-Scan] BSS fe:2d:5a:49:61:eb FREQ: 2452, cFreq1[40:80:160] = [0:0:0] cFreq2 = 0 Country Code =    
11-20 07:07:40.305 D/LOWI-9.0.0.80( 1024): [LOWI-Scan] BSS fe:2d:5a:49:61:eb (wlan0) ASSO: NO AddInfo: 0x0, TSF 0, 15:20:06.561, RSSI: -108, CPL: 127, AGE: 0,  SSID Pixel_R2, TSFDelta: 0x0, TXRate: 0
11-20 07:07:40.305 D/LOWI-9.0.0.80( 1024): [LOWI-Scan] 
11-20 07:07:40.305 D/LOWI-9.0.0.80( 1024): [LOWI-Scan] print_bss_handler: Report Probe TSF 55206561907 as it greater than Beacon TSF 55052550260
11-20 07:07:40.305 I/LOWI-9.0.0.80( 1024): [LOWI-Scan] RSN_IE
11-20 07:07:40.305 D/LOWI-9.0.0.80( 1024): [LOWI-Scan] decode_rsn_wpa_ie: Entered
11-20 07:07:40.305 D/LOWI-9.0.0.80( 1024): [LOWIUtils] hexDump: msg(30 14 01 00 00 0f ac 04 01 00 00 0f ac 04 01 00 00 0f ac 02 )
11-20 07:07:40.305 D/LOWI-9.0.0.80( 1024): [LOWI-Scan] decode_rsn_wpa_ie: LOWI_ENCRYPTION_TYPE_WPA_PSK
11-20 07:07:40.306 D/LOWI-9.0.0.80( 1024): [LOWI-Scan] is_qcom_ie, bss_age: 47
11-20 07:07:40.306 D/LOWI-9.0.0.80( 1024): [LOWI-Scan] BSS 2c:57:41:86:7a:61 LOWI_PHY_MODE_11NG_HT20(5), Beacon Interval: 100, LOWI_ENCRYPTION_TYPE_WPA_PSK 11mcRanging: No, ANQP: No, LCI: No, Civic: No, capability(0x1411): ESS Privacy ShortSlotTime
11-20 07:07:40.306 D/LOWI-9.0.0.80( 1024): [LOWI-Scan] BSS 2c:57:41:86:7a:61 FREQ: 2412, cFreq1[40:80:160] = [0:0:0] cFreq2 = 0 Country Code = US
11-20 07:07:40.306 D/LOWI-9.0.0.80( 1024): [LOWI-Scan] BSS 2c:57:41:86:7a:61 (wlan0) ASSO: NO AddInfo: 0x0, TSF 0, 15:20:06.561, RSSI: -156, CPL: 3, AGE: 0,  SSID kittyhawk, TSFDelta: 0x0, TXRate: 0
11-20 07:07:40.306 D/LOWI-9.0.0.80( 1024): [LOWI-Scan] 
11-20 07:07:40.306 D/LOWI-9.0.0.80( 1024): [LOWI-Scan] print_bss_handler: Report Probe TSF 55206561738 as it greater than Beacon TSF 54460344276
11-20 07:07:40.306 I/LOWI-9.0.0.80( 1024): [LOWI-Scan] RSN_IE
11-20 07:07:40.306 D/LOWI-9.0.0.80( 1024): [LOWI-Scan] decode_rsn_wpa_ie: Entered
11-20 07:07:40.310 D/LOWI-9.0.0.80( 1024): [LOWIUtils] hexDump: msg(30 14 01 00 00 0f ac 04 01 00 00 0f ac 04 01 00 00 0f ac 02 )
11-20 07:07:40.310 D/LOWI-9.0.0.80( 1024): [LOWI-Scan] decode_rsn_wpa_ie: LOWI_ENCRYPTION_TYPE_WPA_PSK
11-20 07:07:40.310 D/LOWI-9.0.0.80( 1024): [LOWI-Scan] is_qcom_ie, bss_age: 3
11-20 07:07:40.310 D/LOWI-9.0.0.80( 1024): [LOWI-Scan] BSS 2c:57:41:86:94:a1 LOWI_PHY_MODE_11NG_HT20(5), Beacon Interval: 100, LOWI_ENCRYPTION_TYPE_WPA_PSK 11mcRanging: No, ANQP: No, LCI: No, Civic: No, capability(0x1411): ESS Privacy ShortSlotTime
11-20 07:07:40.310 D/LOWI-9.0.0.80( 1024): [LOWI-Scan] BSS 2c:57:41:86:94:a1 FREQ: 2462, cFreq1[40:80:160] = [0:0:0] cFreq2 = 0 Country Code = US
11-20 07:07:40.311 D/LOWI-9.0.0.80( 1024): [LOWI-Scan] BSS 2c:57:41:86:94:a1 (wlan0) ASSO: NO AddInfo: 0x0, TSF 0, 15:20:06.561, RSSI: -138, CPL: 2, AGE: 0,  SSID kittyhawk, TSFDelta: 0x0, TXRate: 0
11-20 07:07:40.311 D/LOWI-9.0.0.80( 1024): [LOWI-Scan] 
11-20 07:07:40.311 D/LOWI-9.0.0.80( 1024): [LOWI-Scan] print_bss_handler: Report Probe TSF 55206561759 as it greater than Beacon TSF 55154583369
11-20 07:07:40.311 I/LOWI-9.0.0.80( 1024): [LOWI-Scan] RSN_IE
11-20 07:07:40.311 D/LOWI-9.0.0.80( 1024): [LOWI-Scan] decode_rsn_wpa_ie: Entered
11-20 07:07:40.311 D/LOWI-9.0.0.80( 1024): [LOWIUtils] hexDump: msg(30 14 01 00 00 0f ac 04 01 00 00 0f ac 04 01 00 00 0f ac 02 )
11-20 07:07:40.311 D/LOWI-9.0.0.80( 1024): [LOWI-Scan] decode_rsn_wpa_ie: LOWI_ENCRYPTION_TYPE_WPA_PSK
11-20 07:07:40.311 D/LOWI-9.0.0.80( 1024): [LOWI-Scan] is_qcom_ie, bss_age: 3
11-20 07:07:40.312 D/LOWI-9.0.0.80( 1024): [LOWI-Scan] BSS 2c:57:41:86:90:a1 LOWI_PHY_MODE_11NG_HT20(5), Beacon Interval: 100, LOWI_ENCRYPTION_TYPE_WPA_PSK 11mcRanging: No, ANQP: No, LCI: No, Civic: No, capability(0x1411): ESS Privacy ShortSlotTime
11-20 07:07:40.312 D/LOWI-9.0.0.80( 1024): [LOWI-Scan] BSS 2c:57:41:86:90:a1 FREQ: 2462, cFreq1[40:80:160] = [0:0:0] cFreq2 = 0 Country Code = US
11-20 07:07:40.312 D/LOWI-9.0.0.80( 1024): [LOWI-Scan] BSS 2c:57:41:86:90:a1 (wlan0) ASSO: NO AddInfo: 0x0, TSF 0, 15:20:06.561, RSSI: -140, CPL: 2, AGE: 0,  SSID kittyhawk, TSFDelta: 0x0, TXRate: 0
11-20 07:07:40.313 D/LOWI-9.0.0.80( 1024): [LOWI-Scan] 
11-20 07:07:40.313 D/LOWI-9.0.0.80( 1024): [LOWI-Scan] print_bss_handler: Report Probe TSF 55206561822 as it greater than Beacon TSF 54818193482
11-20 07:07:40.313 I/LOWI-9.0.0.80( 1024): [LOWI-Scan] RSN_IE
11-20 07:07:40.313 D/LOWI-9.0.0.80( 1024): [LOWI-Scan] decode_rsn_wpa_ie: Entered
11-20 07:07:40.313 D/LOWI-9.0.0.80( 1024): [LOWIUtils] hexDump: msg(30 14 01 00 00 0f ac 04 01 00 00 0f ac 04 01 00 00 0f ac 02 )
11-20 07:07:40.313 D/LOWI-9.0.0.80( 1024): [LOWI-Scan] decode_rsn_wpa_ie: LOWI_ENCRYPTION_TYPE_WPA_PSK
11-20 07:07:40.313 D/LOWI-9.0.0.80( 1024): [LOWI-Scan] is_qcom_ie, bss_age: 47
11-20 07:07:40.313 D/LOWI-9.0.0.80( 1024): [LOWI-Scan] BSS 2c:57:41:88:72:e1 LOWI_PHY_MODE_11NG_HT20(5), Beacon Interval: 100, LOWI_ENCRYPTION_TYPE_WPA_PSK 11mcRanging: No, ANQP: No, LCI: No, Civic: No, capability(0x1411): ESS Privacy ShortSlotTime
11-20 07:07:40.314 D/LOWI-9.0.0.80( 1024): [LOWI-Scan] BSS 2c:57:41:88:72:e1 FREQ: 2412, cFreq1[40:80:160] = [0:0:0] cFreq2 = 0 Country Code = US
11-20 07:07:40.315 D/LOWI-9.0.0.80( 1024): [LOWI-Scan] BSS 2c:57:41:88:72:e1 (wlan0) ASSO: NO AddInfo: 0x0, TSF 0, 15:20:06.561, RSSI: -150, CPL: 3, AGE: 0,  SSID kittyhawk, TSFDelta: 0x0, TXRate: 0
11-20 07:07:40.316 D/LOWI-9.0.0.80( 1024): [LOWI-Scan] 
11-20 07:07:40.316 D/LOWI-9.0.0.80( 1024): [LOWI-Scan] print_bss_handler: Report Probe TSF 55206561888 as it greater than Beacon TSF 55125782722
11-20 07:07:40.316 I/LOWI-9.0.0.80( 1024): [LOWI-Scan] RSN_IE
11-20 07:07:40.316 D/LOWI-9.0.0.80( 1024): [LOWI-Scan] decode_rsn_wpa_ie: Entered
11-20 07:07:40.316 D/LOWI-9.0.0.80( 1024): [LOWIUtils] hexDump: msg(30 14 01 00 00 0f ac 04 01 00 00 0f ac 04 01 00 00 0f ac 02 )
11-20 07:07:40.316 D/LOWI-9.0.0.80( 1024): [LOWI-Scan] decode_rsn_wpa_ie: LOWI_ENCRYPTION_TYPE_WPA_PSK
11-20 07:07:40.316 D/LOWI-9.0.0.80( 1024): [LOWI-Scan] is_qcom_ie, bss_age: 25
11-20 07:07:40.316 D/LOWI-9.0.0.80( 1024): [LOWI-Scan] BSS 2c:57:41:89:63:c1 LOWI_PHY_MODE_11NG_HT20(5), Beacon Interval: 100, LOWI_ENCRYPTION_TYPE_WPA_PSK 11mcRanging: No, ANQP: No, LCI: No, Civic: No, capability(0x1411): ESS Privacy ShortSlotTime
11-20 07:07:40.317 D/LOWI-9.0.0.80( 1024): [LOWI-Scan] BSS 2c:57:41:89:63:c1 FREQ: 2437, cFreq1[40:80:160] = [0:0:0] cFreq2 = 0 Country Code = US
11-20 07:07:40.317 D/LOWI-9.0.0.80( 1024): [LOWI-Scan] BSS 2c:57:41:89:63:c1 (wlan0) ASSO: NO AddInfo: 0x0, TSF 0, 15:20:06.561, RSSI: -158, CPL: 2, AGE: 0,  SSID kittyhawk, TSFDelta: 0x0, TXRate: 0
11-20 07:07:40.317 D/LOWI-9.0.0.80( 1024): [LOWI-Scan] 
11-20 07:07:40.317 D/LOWI-9.0.0.80( 1024): [LOWI-Scan] print_bss_handler: Report Probe TSF 55206561593 as it greater than Beacon TSF 54767872491
11-20 07:07:40.317 I/LOWI-9.0.0.80( 1024): [LOWI-Scan] RSN_IE
11-20 07:07:40.317 D/LOWI-9.0.0.80( 1024): [LOWI-Scan] decode_rsn_wpa_ie: Entered
11-20 07:07:40.317 D/LOWI-9.0.0.80( 1024): [LOWIUtils] hexDump: msg(30 14 01 00 00 0f ac 04 01 00 00 0f ac 04 01 00 00 0f ac 02 )
11-20 07:07:40.317 D/LOWI-9.0.0.80( 1024): [LOWI-Scan] decode_rsn_wpa_ie: LOWI_ENCRYPTION_TYPE_WPA_PSK
11-20 07:07:40.317 D/LOWI-9.0.0.80( 1024): [LOWI-Scan] is_qcom_ie, bss_age: 25
11-20 07:07:40.317 D/LOWI-9.0.0.80( 1024): [LOWI-Scan] BSS ce:dc:12:3b:87:fd LOWI_PHY_MODE_11AC_VHT20_2G(11), Beacon Interval: 100, LOWI_ENCRYPTION_TYPE_WPA_PSK 11mcRanging: No, ANQP: Yes, LCI: No, Civic: No, capability(0x1431): ESS Privacy ShortPreamble ShortSlotTime
11-20 07:07:40.317 D/LOWI-9.0.0.80( 1024): [LOWI-Scan] BSS ce:dc:12:3b:87:fd FREQ: 2437, cFreq1[40:80:160] = [0:0:0] cFreq2 = 0 Country Code =    
11-20 07:07:40.318 D/LOWI-9.0.0.80( 1024): [LOWI-Scan] BSS ce:dc:12:3b:87:fd (wlan0) ASSO: NO AddInfo: 0x0, TSF 0, 15:20:06.561, RSSI: -104, CPL: 127, AGE: 0,  SSID Pixel5_R1, TSFDelta: 0x0, TXRate: 0
11-20 07:07:40.318 D/LOWI-9.0.0.80( 1024): [LOWI-Scan] 
11-20 07:07:40.318 D/LOWI-9.0.0.80( 1024): [LOWI-Scan] print_bss_handler: Report Probe TSF 55206561843 as it greater than Beacon TSF 0
11-20 07:07:40.318 I/LOWI-9.0.0.80( 1024): [LOWI-Scan] RSN_IE
11-20 07:07:40.318 D/LOWI-9.0.0.80( 1024): [LOWI-Scan] decode_rsn_wpa_ie: Entered
11-20 07:07:40.318 D/LOWI-9.0.0.80( 1024): [LOWIUtils] hexDump: msg(30 14 01 00 00 0f ac 04 01 00 00 0f ac 04 01 00 00 0f ac 02 )
11-20 07:07:40.318 D/LOWI-9.0.0.80( 1024): [LOWI-Scan] decode_rsn_wpa_ie: LOWI_ENCRYPTION_TYPE_WPA_PSK
11-20 07:07:40.318 D/LOWI-9.0.0.80( 1024): [LOWI-Scan] is_qcom_ie, bss_age: 4
11-20 07:07:40.318 D/LOWI-9.0.0.80( 1024): [LOWI-Scan] BSS 2c:57:41:86:85:21 LOWI_PHY_MODE_11NG_HT20(5), Beacon Interval: 100, LOWI_ENCRYPTION_TYPE_WPA_PSK 11mcRanging: No, ANQP: No, LCI: No, Civic: No, capability(0x1411): ESS Privacy ShortSlotTime
11-20 07:07:40.318 D/LOWI-9.0.0.80( 1024): [LOWI-Scan] BSS 2c:57:41:86:85:21 FREQ: 2462, cFreq1[40:80:160] = [0:0:0] cFreq2 = 0 Country Code = US
11-20 07:07:40.318 D/LOWI-9.0.0.80( 1024): [LOWI-Scan] BSS 2c:57:41:86:85:21 (wlan0) ASSO: NO AddInfo: 0x0, TSF 0, 15:20:06.561, RSSI: -158, CPL: 2, AGE: 0,  SSID kittyhawk, TSFDelta: 0x0, TXRate: 0
11-20 07:07:40.319 D/LOWI-9.0.0.80( 1024): [LOWI-Scan] 
11-20 07:07:40.319 D/LOWI-9.0.0.80( 1024): [LOWI-Scan] print_bss_handler: Report Probe TSF 55206561574 as it greater than Beacon TSF 0
11-20 07:07:40.319 I/LOWI-9.0.0.80( 1024): [LOWI-Scan] RSN_IE
11-20 07:07:40.319 D/LOWI-9.0.0.80( 1024): [LOWI-Scan] decode_rsn_wpa_ie: Entered
11-20 07:07:40.319 D/LOWI-9.0.0.80( 1024): [LOWIUtils] hexDump: msg(30 14 01 00 00 0f ac 04 01 00 00 0f ac 04 01 00 00 0f ac 02 )
11-20 07:07:40.319 D/LOWI-9.0.0.80( 1024): [LOWI-Scan] decode_rsn_wpa_ie: LOWI_ENCRYPTION_TYPE_WPA_PSK
11-20 07:07:40.319 D/LOWI-9.0.0.80( 1024): [LOWI-Scan] is_qcom_ie, bss_age: 42
11-20 07:07:40.319 D/LOWI-9.0.0.80( 1024): [LOWI-Scan] BSS 52:b8:14:37:74:3f LOWI_PHY_MODE_11AC_VHT20_2G(11), Beacon Interval: 100, LOWI_ENCRYPTION_TYPE_WPA_PSK 11mcRanging: No, ANQP: No, LCI: No, Civic: No, capability(0x1431): ESS Privacy ShortPreamble ShortSlotTime
11-20 07:07:40.319 D/LOWI-9.0.0.80( 1024): [LOWI-Scan] BSS 52:b8:14:37:74:3f FREQ: 2417, cFreq1[40:80:160] = [0:0:0] cFreq2 = 0 Country Code =    
11-20 07:07:40.319 D/LOWI-9.0.0.80( 1024): [LOWI-Scan] BSS 52:b8:14:37:74:3f (wlan0) ASSO: NO AddInfo: 0x0, TSF 0, 15:20:06.561, RSSI: -92, CPL: 127, AGE: 0,  SSID Pixel_8668, TSFDelta: 0x0, TXRate: 0
11-20 07:07:40.320 D/LOWI-9.0.0.80( 1024): [LOWI-Scan] 
11-20 07:07:40.320 D/LOWI-9.0.0.80( 1024): [LOWI-Scan] print_bss_handler: Report Probe TSF 55206561800 as it greater than Beacon TSF 0
11-20 07:07:40.320 I/LOWI-9.0.0.80( 1024): [LOWI-Scan] RSN_IE
11-20 07:07:40.320 D/LOWI-9.0.0.80( 1024): [LOWI-Scan] decode_rsn_wpa_ie: Entered
11-20 07:07:40.320 D/LOWI-9.0.0.80( 1024): [LOWIUtils] hexDump: msg(30 14 01 00 00 0f ac 04 01 00 00 0f ac 04 01 00 00 0f ac 02 )
11-20 07:07:40.320 D/LOWI-9.0.0.80( 1024): [LOWI-Scan] decode_rsn_wpa_ie: LOWI_ENCRYPTION_TYPE_WPA_PSK
11-20 07:07:40.320 D/LOWI-9.0.0.80( 1024): [LOWI-Scan] is_qcom_ie, bss_age: 47
11-20 07:07:40.320 D/LOWI-9.0.0.80( 1024): [LOWI-Scan] BSS 18:64:72:60:2b:40 LOWI_PHY_MODE_11NG_HT20(5), Beacon Interval: 100, LOWI_ENCRYPTION_TYPE_WPA_PSK 11mcRanging: No, ANQP: No, LCI: No, Civic: No, capability(0x0431): ESS Privacy ShortPreamble ShortSlotTime
11-20 07:07:40.320 D/LOWI-9.0.0.80( 1024): [LOWI-Scan] BSS 18:64:72:60:2b:40 FREQ: 2412, cFreq1[40:80:160] = [0:0:0] cFreq2 = 0 Country Code =    
11-20 07:07:40.320 D/LOWI-9.0.0.80( 1024): [LOWI-Scan] BSS 18:64:72:60:2b:40 (wlan0) ASSO: NO AddInfo: 0x0, TSF 0, 15:20:06.561, RSSI: -142, CPL: 127, AGE: 0,  SSID lab-t24103779, TSFDelta: 0x0, TXRate: 0
11-20 07:07:40.320 D/LOWI-9.0.0.80( 1024): [LOWI-Scan] 
11-20 07:07:40.320 D/LOWI-9.0.0.80( 1024): [LOWI-Scan] print_bss_handler: Report Probe TSF 55206561865 as it greater than Beacon TSF 0
11-20 07:07:40.321 I/LOWI-9.0.0.80( 1024): [LOWI-Scan] RSN_IE
11-20 07:07:40.321 D/LOWI-9.0.0.80( 1024): [LOWI-Scan] decode_rsn_wpa_ie: Entered
11-20 07:07:40.321 D/LOWI-9.0.0.80( 1024): [LOWIUtils] hexDump: msg(30 14 01 00 00 0f ac 04 01 00 00 0f ac 04 01 00 00 0f ac 02 )
11-20 07:07:40.321 D/LOWI-9.0.0.80( 1024): [LOWI-Scan] decode_rsn_wpa_ie: LOWI_ENCRYPTION_TYPE_WPA_PSK
11-20 07:07:40.321 D/LOWI-9.0.0.80( 1024): [LOWI-Scan] is_qcom_ie, bss_age: 47
11-20 07:07:40.321 D/LOWI-9.0.0.80( 1024): [LOWI-Scan] BSS 2c:57:41:89:53:21 LOWI_PHY_MODE_11NG_HT20(5), Beacon Interval: 100, LOWI_ENCRYPTION_TYPE_WPA_PSK 11mcRanging: No, ANQP: No, LCI: No, Civic: No, capability(0x1411): ESS Privacy ShortSlotTime
11-20 07:07:40.321 D/LOWI-9.0.0.80( 1024): [LOWI-Scan] BSS 2c:57:41:89:53:21 FREQ: 2412, cFreq1[40:80:160] = [0:0:0] cFreq2 = 0 Country Code = US
11-20 07:07:40.321 D/LOWI-9.0.0.80( 1024): [LOWI-Scan] BSS 2c:57:41:89:53:21 (wlan0) ASSO: NO AddInfo: 0x0, TSF 0, 15:20:06.561, RSSI: -158, CPL: 3, AGE: 0,  SSID kittyhawk, TSFDelta: 0x0, TXRate: 0
11-20 07:07:40.321 D/LOWI-9.0.0.80( 1024): [LOWIDiagLog] Log: lowiMeasResult->request: invalid null argument
11-20 07:07:40.321 I/LOWI-9.0.0.80( 1024): [LOWI-Scan] lowi_close_record:Scan done in 55162804ms, 18 APs in scan results
11-20 07:07:40.321 D/LOWI-9.0.0.80( 1024): [LOWI-Scan] WipsScanUsingNL: passive scan cached 0, took 9319 ms, err 0
11-20 07:07:40.321 D/LOWI-9.0.0.80( 1024): [LOWI-Scan] lowi_proc_req_passive_scan_with_live_meas - No WLAN Frames to be parsed
11-20 07:07:40.321 D/LOWI-9.0.0.80( 1024): [LOWIScanResultReceiver] Send scan meas to listener
11-20 07:07:40.321 D/LOWI-9.0.0.80( 1024): [LOWIScanResultReceiver] Enter passive listening mode
11-20 07:07:40.321 D/LOWI-9.0.0.80( 1024): [LOWIWifiDriverInterface] getMeasurements - Passive listening mode
11-20 07:07:40.321 D/LOWI-9.0.0.80( 1024): [LOWI-Scan] WipsScanUsingNL:wait -1 sec for netlink message
11-20 07:07:40.322 D/LOWI-9.0.0.80( 1024): [LOWIEventReceiver] handleEvent:FROM:NA, TO:NA, REQ:NA, IREQ:NA, REQ_ID:0, RESP:NA, INFO:NA
11-20 07:07:40.322 D/LOWI-9.0.0.80( 1024): [LOWIBackgroundScanMgr] isRspForBgScanMgr: evt(LOWI_NO_EVT) - not handled
11-20 07:07:40.322 D/LOWI-9.0.0.80( 1024): [LOWIScheduler] manageMsg: NULL results or NULL request in results
11-20 07:07:40.322 D/LOWI-9.0.0.80( 1024): [LOWIController] Measurements received
11-20 07:07:40.322 D/LOWI-9.0.0.80( 1024): [LOWICacheManager] putInCache:Num of Meas to add: 18
11-20 07:07:40.323 D/LOWI-9.0.0.80( 1024): [LOWIController] processMeasurementResults: No current Request. Cache measurements
11-20 07:07:40.323 D/LOWI-9.0.0.80( 1024): [LOWIControllerExtn] sendLOWILpDiscoveryScanResponse: Not a discovery scan response
11-20 07:07:40.323 D/PasspointManager( 1194): ANQP entry not found for: c6:82:9b:4e:b3:9e:<Pixel_R6>
