11-21 08:02:34.868 W/ContextImpl( 1186): Calling a method in the system process without a qualified user: android.app.ContextImpl.sendBroadcastMultiplePermissions:1143 android.content.Context.sendBroadcastWithMultiplePermissions:2150 com.android.server.wifi.p2p.WifiP2pServiceImpl$P2pStateMachine.sendBroadcastMultiplePermissions:3209 com.android.server.wifi.p2p.WifiP2pServiceImpl$P2pStateMachine.sendThisDeviceChangedBroadcast:3218 com.android.server.wifi.p2p.WifiP2pServiceImpl$P2pStateMachine.updateThisDevice:3962 
11-21 08:02:34.922 W/wificond(  911): Scan is not started. Ignore abort request
11-21 08:02:35.361 D/ConnectivityService( 1186): registerNetworkAgent NetworkAgentInfo{ ni{[type: WIFI[], state: UNKNOWN/IDLE, reason: (unspecified), extra: , failover: false, available: true, roaming: false]}  network{194}  nethandle{836629352461}  lp{{InterfaceName: wlan0 LinkAddresses: [ ] DnsAddresses: [ ] Domains: null MTU: 0 Routes: [ ]}}  nc{[ Transports: WIFI Capabilities: NOT_METERED&INTERNET&NOT_RESTRICTED&TRUSTED&NOT_VPN&NOT_ROAMING&FOREGROUND&NOT_CONGESTED&NOT_SUSPENDED LinkUpBandwidth>=72000Kbps LinkDnBandwidth>=72000Kbps OwnerUid: 1000 SSID: "MTBF_Lab" RequestorUid: -1 RequestorPackageName: null]}  Score{20}  everValidated{false}  lastValidated{false}  created{false} lingering{false} explicitlySelected{false} acceptUnvalidated{false} everCaptivePortalDetected{false} lastCaptivePortalDetected{false} partialConnectivity{false} acceptPartialConnectivity{false} clat{mBaseIface: null, mIface: null, mState: IDLE} }
11-21 08:02:35.382 D/ConnectivityService( 1186): [194 WIFI] EVENT_NETWORK_INFO_CHANGED, going from UNKNOWN to UNKNOWN
11-21 08:02:35.520 D/ConnectivityService( 1186): NetReassign [no changes]
11-21 08:02:35.562 I/Nat464Xlat( 1186): Android Xlat is disabled
11-21 08:02:35.563 I/Nat464Xlat( 1186): Android Xlat is disabled
11-21 08:02:35.681 E/ConnectivityService( 1186): Exception in networkAddRouteParcel for non-gateway: android.os.ServiceSpecificException: Machine is not on the network (code 64)
11-21 08:02:35.682 E/ConnectivityService( 1186): Exception in networkAddRouteParcel for gateway: android.os.ServiceSpecificException: Machine is not on the network (code 64)
11-21 08:02:35.682 I/Nat464Xlat( 1186): Android Xlat is disabled
11-21 08:02:35.682 I/Nat464Xlat( 1186): Android Xlat is disabled
11-21 08:02:35.746 D/ConnectivityService( 1186): Setting DNS servers for network 194 to [/192.168.1.1]
11-21 08:02:35.747 I/Nat464Xlat( 1186): Android Xlat is disabled
11-21 08:02:35.748 I/Nat464Xlat( 1186): Android Xlat is disabled
11-21 08:02:35.826 D/ConnectivityService( 1186): [194 WIFI] EVENT_NETWORK_INFO_CHANGED, going from UNKNOWN to CONNECTED
11-21 08:02:35.828 D/DnsManager( 1186): sendDnsConfigurationForNetwork(194, [192.168.1.1], [], 1800, 25, 8, 64, 0, 0, , [])
11-21 08:02:35.831 W/DnsManager( 1186): updatePrivateDns(194, PrivateDnsConfig{true:/[]})
11-21 08:02:35.831 D/ConnectivityService( 1186): Setting DNS servers for network 194 to [/192.168.1.1]
11-21 08:02:35.832 D/DnsManager( 1186): sendDnsConfigurationForNetwork(194, [192.168.1.1], [], 1800, 25, 8, 64, 0, 0, , [192.168.1.1])
11-21 08:02:35.834 D/ConnectivityService( 1186): Adding iface wlan0 to network 194
11-21 08:02:35.888 D/ConnectivityService( 1186): Setting DNS servers for network 194 to [/192.168.1.1]
11-21 08:02:35.889 D/DnsManager( 1186): sendDnsConfigurationForNetwork(194, [192.168.1.1], [], 1800, 25, 8, 64, 0, 0, , [192.168.1.1])
11-21 08:02:35.892 I/Nat464Xlat( 1186): Android Xlat is disabled
11-21 08:02:35.892 I/Nat464Xlat( 1186): Android Xlat is disabled
11-21 08:02:35.949 D/ConnectivityService( 1186): NetReassign [no changes]
11-21 08:02:36.154 D/ConnectivityService( 1186): [194 WIFI] validation passed
11-21 08:02:36.156 D/ConnectivityService( 1186): NetReassign [44 : 101  194, 11 : 101  194, 63 : 101  194, 17 : 101  194, 25 : 101  194, 2222 : 101  194, 1438 : 101  194, 1 : 101  194, 8 : 101  194, 2214 : 101  194, 12 : 101  194, 14 : 101  194, 16 : 101  194, 22 : 101  194, 1515 : 101  194]
11-21 08:02:36.163 E/NetlinkEvent(  462): NetlinkEvent::FindParam(): Parameter 'INTERFACE' not found
11-21 08:02:36.163 E/NetlinkEvent(  462): NetlinkEvent::FindParam(): Parameter 'STATE' not found
11-21 08:02:36.163 E/NetlinkEvent(  462): NetlinkEvent::FindParam(): Parameter 'TIME_NS' not found
11-21 08:02:36.164 E/NetlinkEvent(  462): NetlinkEvent::FindParam(): Parameter 'UID' not found
11-21 08:02:36.181 D/ConnectivityService( 1186): Switching to new default network: NetworkAgentInfo{ ni{[type: WIFI[], state: CONNECTED/CONNECTED, reason: (unspecified), extra: , failover: false, available: true, roaming: false]}  network{194}  nethandle{836629352461}  lp{{InterfaceName: wlan0 LinkAddresses: [ 192.168.1.41/24 ] DnsAddresses: [ /192.168.1.1 ] Domains: null MTU: 0 ServerAddress: /192.168.1.1 TcpBufferSizes: 524288,1048576,2097152,262144,524288,1048576 Routes: [ fe80::/64 -> :: wlan0 mtu 0,192.168.1.0/24 -> 0.0.0.0 wlan0 mtu 0,0.0.0.0/0 -> 192.168.1.1 wlan0 mtu 0 ]}}  nc{[ Transports: WIFI Capabilities: NOT_METERED&INTERNET&NOT_RESTRICTED&TRUSTED&NOT_VPN&VALIDATED&NOT_ROAMING&FOREGROUND&NOT_CONGESTED&NOT_SUSPENDED LinkUpBandwidth>=61000Kbps LinkDnBandwidth>=61000Kbps SignalStrength: -31 OwnerUid: 1000 SSID: "MTBF_Lab" RequestorUid: -1 RequestorPackageName: null]}  Score{60}  everValidated{true}  lastValidated{true}  created{true} lingering{false} explicitlySelected{false} acceptUnvalidated{false} everCaptivePortalDetected{false} lastCaptivePortalDetected{false} partialConnectivity{false} acceptPartialConnectivity{false} clat{mBaseIface: null, mIface: null, mState: IDLE} }
11-21 08:02:36.297 W/SimpleTimeDetectorStrategy( 1186): Existing suggestion found to be invalid  elapsedRealtimeMillis=144844023, timeSuggestion=TelephonyTimeSuggestion{mSlotIndex='0', mUtcTime=TimestampedValue{mReferenceTimeMillis=57092, mValue=1637365770000}, mDebugInfo=[Sending new time suggestion nitzSignal=TimestampedValue{mReferenceTimeMillis=57092, mValue=NitzData{mOriginalString=21/11/19,23:49:30-32,00, mZoneOffset=-28800000, mDstOffset=0, mCurrentTimeMillis=1637365770000, mEmulatorHostTimeZone=null}}, reason=handleNitzReceived(TimestampedValue{mReferenceTimeMillis=57092, mValue=NitzData{mOriginalString=21/11/19,23:49:30-32,00, mZoneOffset=-28800000, mDstOffset=0, mCurrentTimeMillis=1637365770000, mEmulatorHostTimeZone=null}})]}
11-21 08:02:36.317 D/ConnectivityService( 1186): Lingering [101 CELLULAR] for 30000ms
11-21 08:02:36.318 D/ConnectivityService( 1186): Sending DISCONNECTED broadcast for type 0 [101 CELLULAR] isDefaultNetwork=true
11-21 08:02:36.320 D/ConnectivityService( 1186): Sending CONNECTED broadcast for type 1 [194 WIFI] isDefaultNetwork=true
11-21 08:02:36.377 D/ConnectivityService( 1186): Setting DNS servers for network 194 to [/192.168.1.1]
11-21 08:02:36.377 D/DnsManager( 1186): sendDnsConfigurationForNetwork(194, [192.168.1.1], [], 1800, 25, 8, 64, 0, 0, , [192.168.1.1])
11-21 08:02:37.400 I/Nat464Xlat( 1186): Android Xlat is disabled
11-21 08:02:37.400 I/Nat464Xlat( 1186): Android Xlat is disabled
11-21 08:02:41.678 D/commandrouter( 1006): SocServiceHandle::onServiceMessage, SoC Service = mcu_healthcheck_1029, appType = 1, type = SVC_REQ, clientId = 0, token = 4825, payloadLen = 12, result = 0, payload.size() = 12
11-21 08:02:41.683 D/commandrouter( 1006): mcu_healthcheck_1029 (1, merlot:mcu_health:control): <ServiceResponse> FORWARDED (remote -> local) CR token ID = 4825, service client ID = 40, token ID = 62018, result = 0
11-21 08:02:41.684 D/mculinkhealth( 1029): isMcuReachable 1 (5 ms)
11-21 08:02:41.899 D/commandrouter( 1006): rtc_sync (1, rtc:sync): <ServiceRequest> FORWARDED (remote -> local) service client ID = 0, token ID = 47247
11-21 08:02:41.900 D/commandrouter( 1006): SocServiceHandle::onServiceMessage, SoC Service = rtc_sync, appType = 1, type = SVC_RESP, clientId = 0, token = 47247, payloadLen = 8, result = 0, payload.size() = 8
11-21 08:02:51.894 D/commandrouter( 1006): rtc_sync (1, rtc:sync): <ServiceRequest> FORWARDED (remote -> local) service client ID = 0, token ID = 47248
11-21 08:02:51.895 D/commandrouter( 1006): SocServiceHandle::onServiceMessage, SoC Service = rtc_sync, appType = 1, type = SVC_RESP, clientId = 0, token = 47248, payloadLen = 8, result = 0, payload.size() = 8
11-21 08:02:55.318 D/AutofillManagerService( 1186): onBackKeyPressed()
11-21 08:02:56.374 I/chatty  ( 1186): uid=1000(system) android.ui identical 2 lines
11-21 08:02:57.605 D/AutofillManagerService( 1186): onBackKeyPressed()
11-21 08:02:58.174 W/ActivityManager( 1186): Invalid packageName: com.facebook.wearable.system.settings/com.facebook.wearable.system.settings.SettingsActivity
11-21 08:02:58.304 I/ActivityTaskManager( 1186): START u0 {flg=0x10000000 cmp=com.facebook.wearable.system.settings/.SettingsActivity} from uid 0
11-21 08:02:58.323 I/ActivityTaskManager( 1186): The Process com.facebook.wearable.system.settings Already Exists in BG. So sending its PID: 10851
11-21 08:02:58.324 W/ActivityTaskManager( 1186): Tried to set launchTime (0) < mLastActivityLaunchTime (144835011)
11-21 08:02:59.562 D/ConnectivityService( 1186): requestNetwork for uid/pid:10004/17409 NetworkRequest [ TRACK_DEFAULT id=2226, [ Capabilities: INTERNET&NOT_RESTRICTED&TRUSTED Uid: 10004 AdministratorUids: [] RequestorUid: 10004 RequestorPackageName: com.facebook.wearable.system.telecom] ]
11-21 08:02:59.563 D/ConnectivityService( 1186): NetReassign [2226 : null  194]
11-21 08:02:59.688 D/ConnectivityService( 1186): releasing NetworkRequest [ TRACK_DEFAULT id=2226, [ Capabilities: INTERNET&NOT_RESTRICTED&TRUSTED Uid: 10004 AdministratorUids: [] RequestorUid: 10004 RequestorPackageName: com.facebook.wearable.system.telecom] ] (release request)
11-21 08:03:00.962 E/TaskPersister( 1186): File error accessing recents directory (directory doesn't exist?).
11-21 08:03:01.889 D/commandrouter( 1006): rtc_sync (1, rtc:sync): <ServiceRequest> FORWARDED (remote -> local) service client ID = 0, token ID = 47249
11-21 08:03:01.890 D/commandrouter( 1006): SocServiceHandle::onServiceMessage, SoC Service = rtc_sync, appType = 1, type = SVC_RESP, clientId = 0, token = 47249, payloadLen = 8, result = 0, payload.size() = 8
11-21 08:03:05.890 W/ContextImpl( 1186): Calling a method in the system process without a qualified user: android.app.ContextImpl.sendBroadcastMultiplePermissions:1143 android.content.Context.sendBroadcastWithMultiplePermissions:2150 com.android.server.display.WifiDisplayAdapter.handleSendStatusChangeBroadcast:440 com.android.server.display.WifiDisplayAdapter.access$1700:63 com.android.server.display.WifiDisplayAdapter$WifiDisplayHandler.handleMessage:675 
11-21 08:03:06.156 D/ConnectivityService( 1186): handleLingerComplete for [101 CELLULAR]
11-21 08:03:06.452 I/wificond(  911): Fail RSSI polling because wifi is not associated.
11-21 08:03:06.485 D/ConnectivityService( 1186): [194 WIFI] EVENT_NETWORK_INFO_CHANGED, going from CONNECTED to DISCONNECTED
11-21 08:03:06.485 D/ConnectivityService( 1186): [194 WIFI] disconnected, was satisfying 26
11-21 08:03:06.571 I/Nat464Xlat( 1186): Android Xlat is disabled
11-21 08:03:06.571 I/Nat464Xlat( 1186): Android Xlat is disabled
11-21 08:03:06.582 D/ConnectivityService( 1186): Sending DISCONNECTED broadcast for type 1 [194 WIFI] isDefaultNetwork=true
11-21 08:03:06.584 D/ConnectivityService( 1186): NetReassign [44 : null  101, 11 : null  101, 63 : null  101, 17 : null  101, 25 : null  101, 2222 : null  101, 1438 : null  101, 1 : null  101, 8 : null  101, 2214 : null  101, 12 : null  101, 14 : null  101, 16 : null  101, 22 : null  101, 1515 : null  101]
11-21 08:03:06.590 E/NetlinkEvent(  462): NetlinkEvent::FindParam(): Parameter 'INTERFACE' not found
11-21 08:03:06.590 E/NetlinkEvent(  462): NetlinkEvent::FindParam(): Parameter 'STATE' not found
11-21 08:03:06.590 E/NetlinkEvent(  462): NetlinkEvent::FindParam(): Parameter 'TIME_NS' not found
11-21 08:03:06.590 E/NetlinkEvent(  462): NetlinkEvent::FindParam(): Parameter 'UID' not found
11-21 08:03:06.598 D/ConnectivityService( 1186): Switching to new default network: NetworkAgentInfo{ ni{[type: MOBILE[LTE], state: CONNECTED/CONNECTED, reason: (unspecified), extra: enhancedphone, failover: false, available: true, roaming: false]}  network{101}  nethandle{437197393933}  lp{{InterfaceName: rmnet_data2 LinkAddresses: [ 10.55.48.101/30,2600:381:4804:c4b6:8cdc:8f0b:afe1:ec6b/64 ] DnsAddresses: [ /172.26.38.2,/fc00:a:a::400 ] Domains: null MTU: 1430 TcpBufferSizes: 2097152,4194304,8388608,262144,524288,1048576 Routes: [ 0.0.0.0/0 -> 10.55.48.102 rmnet_data2 mtu 1430,::/0 -> fe80::9db2:334d:2872:1e0a rmnet_data2 mtu 1430,10.55.48.100/30 -> 0.0.0.0 rmnet_data2 mtu 0,2600:381:4804:c4b6::/64 -> :: rmnet_data2 mtu 0 ]}}  nc{[ Transports: CELLULAR Capabilities: MMS&SUPL&FOTA&INTERNET&NOT_RESTRICTED&TRUSTED&NOT_VPN&VALIDATED&NOT_ROAMING&NOT_CONGESTED&NOT_SUSPENDED LinkUpBandwidth>=15000Kbps LinkDnBandwidth>=30000Kbps Specifier: <TelephonyNetworkSpecifier [mSubId = 1]> AdministratorUids: [] RequestorUid: -1 RequestorPackageName: null]}  Score{50}  everValidated{true}  lastValidated{true}  created{true} lingering{false} explicitlySelected{false} acceptUnvalidated{false} everCaptivePortalDetected{false} lastCaptivePortalDetected{false} partialConnectivity{false} acceptPartialConnectivity{false} clat{mBaseIface: null, mIface: null, mState: IDLE} }
11-21 08:03:06.769 W/SimpleTimeDetectorStrategy( 1186): Existing suggestion found to be invalid  elapsedRealtimeMillis=144874494, timeSuggestion=TelephonyTimeSuggestion{mSlotIndex='0', mUtcTime=TimestampedValue{mReferenceTimeMillis=57092, mValue=1637365770000}, mDebugInfo=[Sending new time suggestion nitzSignal=TimestampedValue{mReferenceTimeMillis=57092, mValue=NitzData{mOriginalString=21/11/19,23:49:30-32,00, mZoneOffset=-28800000, mDstOffset=0, mCurrentTimeMillis=1637365770000, mEmulatorHostTimeZone=null}}, reason=handleNitzReceived(TimestampedValue{mReferenceTimeMillis=57092, mValue=NitzData{mOriginalString=21/11/19,23:49:30-32,00, mZoneOffset=-28800000, mDstOffset=0, mCurrentTimeMillis=1637365770000, mEmulatorHostTimeZone=null}})]}
11-21 08:03:06.831 D/ConnectivityService( 1186): Sending CONNECTED broadcast for type 0 [101 CELLULAR] isDefaultNetwork=true
11-21 08:03:10.632 D/AutofillManagerService( 1186): onBackKeyPressed()
11-21 08:03:11.156 I/chatty  ( 1186): uid=1000(system) android.ui identical 1 line
11-21 08:03:11.680 D/AutofillManagerService( 1186): onBackKeyPressed()
11-21 08:03:11.685 D/commandrouter( 1006): SocServiceHandle::onServiceMessage, SoC Service = mcu_healthcheck_1029, appType = 1, type = SVC_REQ, clientId = 0, token = 4826, payloadLen = 12, result = 0, payload.size() = 12
11-21 08:03:11.688 D/commandrouter( 1006): mcu_healthcheck_1029 (1, merlot:mcu_health:control): <ServiceResponse> FORWARDED (remote -> local) CR token ID = 4826, service client ID = 40, token ID = 62019, result = 0
11-21 08:03:11.689 D/mculinkhealth( 1029): isMcuReachable 1 (4 ms)
11-21 08:03:11.880 D/commandrouter( 1006): rtc_sync (1, rtc:sync): <ServiceRequest> FORWARDED (remote -> local) service client ID = 0, token ID = 47250
11-21 08:03:11.881 D/commandrouter( 1006): SocServiceHandle::onServiceMessage, SoC Service = rtc_sync, appType = 1, type = SVC_RESP, clientId = 0, token = 47250, payloadLen = 8, result = 0, payload.size() = 8
11-21 08:03:12.892 D/AutofillManagerService( 1186): onBackKeyPressed()
11-21 08:03:13.619 I/chatty  ( 1186): uid=1000(system) android.ui identical 1 line
11-21 08:03:14.630 D/AutofillManagerService( 1186): onBackKeyPressed()
11-21 08:03:15.169 E/TaskPersister( 1186): File error accessing recents directory (directory doesn't exist?).
11-21 08:03:15.626 D/AutofillManagerService( 1186): onBackKeyPressed()
11-21 08:03:16.514 D/AppStorageManager( 1186): BEFORE:: Previous Size: 979935232 Current Size: 980578304
11-21 08:03:16.514 D/AppStorageManager( 1186): AFTER:: Previous Size: 980578304 Current Size: 980578304
11-21 08:03:16.619 D/AutofillManagerService( 1186): onBackKeyPressed()
11-21 08:03:17.167 W/ActivityManager( 1186): Invalid packageName: com.facebook.wearable.system.settings/com.facebook.wearable.system.settings.SettingsActivity
11-21 08:03:17.306 I/ActivityTaskManager( 1186): START u0 {flg=0x10000000 cmp=com.facebook.wearable.system.settings/.SettingsActivity} from uid 0
11-21 08:03:17.324 I/ActivityTaskManager( 1186): The Process com.facebook.wearable.system.settings Already Exists in BG. So sending its PID: 10851
11-21 08:03:17.324 W/ActivityTaskManager( 1186): Tried to set launchTime (0) < mLastActivityLaunchTime (144866051)
11-21 08:03:18.504 D/commandrouter( 1006): SocServiceHandle::onServiceMessage, SoC Service = mcu_healthcheck_934, appType = 1, type = SVC_REQ, clientId = 0, token = 2413, payloadLen = 20, result = 0, payload.size() = 20
11-21 08:03:18.508 D/commandrouter( 1006): mcu_healthcheck_934 (1, merlot:mcu_health:control): <ServiceResponse> FORWARDED (remote -> local) CR token ID = 2413, service client ID = 5, token ID = 62020, result = 0
11-21 08:03:20.906 E/TaskPersister( 1186): File error accessing recents directory (directory doesn't exist?).
11-21 08:03:21.879 D/commandrouter( 1006): rtc_sync (1, rtc:sync): <ServiceRequest> FORWARDED (remote -> local) service client ID = 0, token ID = 47251
11-21 08:03:21.880 D/commandrouter( 1006): SocServiceHandle::onServiceMessage, SoC Service = rtc_sync, appType = 1, type = SVC_RESP, clientId = 0, token = 47251, payloadLen = 8, result = 0, payload.size() = 8
11-21 08:03:24.082 W/ContextImpl( 1186): Calling a method in the system process without a qualified user: android.app.ContextImpl.sendBroadcastMultiplePermissions:1143 android.content.Context.sendBroadcastWithMultiplePermissions:2150 com.android.server.display.WifiDisplayAdapter.handleSendStatusChangeBroadcast:440 com.android.server.display.WifiDisplayAdapter.access$1700:63 com.android.server.display.WifiDisplayAdapter$WifiDisplayHandler.handleMessage:675 
11-21 08:03:25.097 W/ContextImpl( 1186): Calling a method in the system process without a qualified user: android.app.ContextImpl.sendBroadcastMultiplePermissions:1143 android.content.Context.sendBroadcastWithMultiplePermissions:2150 com.android.server.wifi.p2p.WifiP2pServiceImpl$P2pStateMachine.sendBroadcastMultiplePermissions:3209 com.android.server.wifi.p2p.WifiP2pServiceImpl$P2pStateMachine.sendP2pConnectionChangedBroadcast:3236 com.android.server.wifi.p2p.WifiP2pServiceImpl$P2pStateMachine.access$5100:768 
11-21 08:03:25.099 W/BroadcastQueue( 1186): Permission Denial: receiving Intent { act=android.net.wifi.p2p.CONNECTION_STATE_CHANGE flg=0x24000010 (has extras) } to ProcessRecord{688c834 1907:.qtidataservices/u0a88} (pid=1907, uid=10088) requires android.permission.ACCESS_FINE_LOCATION due to sender android (uid 1000)
11-21 08:03:25.102 W/wificond(  911): Scan is not started. Ignore abort request
11-21 08:03:25.167 W/ContextImpl( 1186): Calling a method in the system process without a qualified user: android.app.ContextImpl.sendBroadcastMultiplePermissions:1143 android.content.Context.sendBroadcastWithMultiplePermissions:2150 com.android.server.wifi.p2p.WifiP2pServiceImpl$P2pStateMachine.sendBroadcastMultiplePermissions:3209 com.android.server.wifi.p2p.WifiP2pServiceImpl$P2pStateMachine.sendThisDeviceChangedBroadcast:3218 com.android.server.wifi.p2p.WifiP2pServiceImpl$P2pStateMachine.updateThisDevice:3962 
--------- beginning of main
11-21 08:03:25.511 I/wpa_supplicant(29518): wlan0: WPA: Sending EAPOL-Key 2/4
11-21 08:03:25.521 I/wpa_supplicant(29518): wlan0: WPA: RX message 3 of 4-Way Handshake from 6c:cd:d6:25:63:2a (ver=2)
11-21 08:03:25.521 I/wpa_supplicant(29518): wlan0: WPA: Sending EAPOL-Key 4/4
11-21 08:03:25.525 I/wpa_supplicant(29518): wlan0: WPA: Key negotiation completed with 6c:cd:d6:25:63:2a [PTK=CCMP GTK=CCMP]
11-21 08:03:25.526 I/wpa_supplicant(29518): wlan0: CTRL-EVENT-CONNECTED - Connection to 6c:cd:d6:25:63:2a completed [id=0 id_str=%7B%22configKey%22%3A%22%5C%22MTBF_Lab%5C%22WPA_PSK%22%2C%22creatorUid%22%3A%221000%22%7D]
11-21 08:03:25.527 I/chatty  ( 1026): uid=1021(gps) lowi-server expire 13 lines
11-21 08:03:25.543 I/wpa_supplicant(29518): getWifiGenerationStatusInternal: generation = 4, twtSupport = false, vhtMax8SpatialStreamsSupport = false
11-21 08:03:25.552 D/QCNEJ/WlanStaInfoRelay( 1907): Received action: android.net.wifi.STATE_CHANGE
11-21 08:03:25.555 D/BluetoothAdapterService( 1710): android.net.wifi.STATE_CHANGE
11-21 08:03:25.554 D/WifiConnector( 2870): Network State Changed
11-21 08:03:25.561 D/BluetoothVendorService( 1710): setWifiState to: true
11-21 08:03:25.561 I/BluetoothVendorJni( 1710): setWifiStateNative
11-21 08:03:25.561 I/bt_btif_vendor( 1710): setWifiState :1
11-21 08:03:25.564 D/BluetoothAdapterService( 1710): android.net.wifi.STATE_CHANGE
11-21 08:03:25.564 D/QCNEJ/WlanStaInfoRelay( 1907): Received action: android.net.wifi.STATE_CHANGE
11-21 08:03:25.566 D/BluetoothVendorService( 1710): setWifiState to: true
11-21 08:03:25.566 I/BluetoothVendorJni( 1710): setWifiStateNative
11-21 08:03:25.566 I/bt_btif_vendor( 1710): setWifiState :1
11-21 08:03:25.566 D/WifiConnector( 2870): Network State Changed
11-21 08:03:25.591 D/ConnectivityService( 1186): registerNetworkAgent NetworkAgentInfo{ ni{[type: WIFI[], state: UNKNOWN/IDLE, reason: (unspecified), extra: , failover: false, available: true, roaming: false]}  network{195}  nethandle{840924319757}  lp{{InterfaceName: wlan0 LinkAddresses: [ ] DnsAddresses: [ ] Domains: null MTU: 0 Routes: [ ]}}  nc{[ Transports: WIFI Capabilities: NOT_METERED&INTERNET&NOT_RESTRICTED&TRUSTED&NOT_VPN&NOT_ROAMING&FOREGROUND&NOT_CONGESTED&NOT_SUSPENDED LinkUpBandwidth>=72000Kbps LinkDnBandwidth>=72000Kbps OwnerUid: 1000 SSID: "MTBF_Lab" RequestorUid: -1 RequestorPackageName: null]}  Score{20}  everValidated{false}  lastValidated{false}  created{false} lingering{false} explicitlySelected{false} acceptUnvalidated{false} everCaptivePortalDetected{false} lastCaptivePortalDetected{false} partialConnectivity{false} acceptPartialConnectivity{false} clat{mBaseIface: null, mIface: null, mState: IDLE} }
11-21 08:03:25.641 D/ConnectivityService( 1186): [195 WIFI] EVENT_NETWORK_INFO_CHANGED, going from UNKNOWN to UNKNOWN
11-21 08:03:25.647 D/BluetoothAdapterService( 1710): android.net.wifi.STATE_CHANGE
11-21 08:03:25.648 D/QCNEJ/WlanStaInfoRelay( 1907): Received action: android.net.wifi.STATE_CHANGE
11-21 08:03:25.648 D/WifiConnector( 2870): Network State Changed
11-21 08:03:25.652 D/BluetoothVendorService( 1710): setWifiState to: true
11-21 08:03:25.652 I/BluetoothVendorJni( 1710): setWifiStateNative
11-21 08:03:25.652 I/bt_btif_vendor( 1710): setWifiState :1
11-21 08:03:25.676 I/chatty  ( 1186): uid=1000(system) WifiHandlerThre expire 13 lines
11-21 08:03:25.677 V/WifiHAL (  544): WifiVendorCommand 0x984ec000 created vendor_id:0x1374 subcmd:83
11-21 08:03:25.678 E/WifiHAL (  544): wifi_get_packet_filter_capabilities: requestResponse() error: -3
11-21 08:03:25.678 I/WifiHAL (  544): Packet filtering is not supprted
11-21 08:03:25.788 D/QCNEJ/WlanStaInfoRelay( 1907): Received action: android.net.wifi.RSSI_CHANGED
11-21 08:03:25.788 D/WearableConnectivityManager(21108): onWifiStrengthChange: -33
11-21 08:03:25.794 V/WifiHAL (  544): WifiVendorCommand 0x986b8148 created vendor_id:0x1374 subcmd:82
11-21 08:03:25.794 V/WifiHAL (  544): ND offload : Enable
11-21 08:03:25.795 D/ConnectivityService( 1186): NetReassign [no changes]
11-21 08:03:25.820 E/QMI_FW  (  915): qmi_cci_get_ref: ref count increased 2
11-21 08:03:25.823 E/QMI_FW  (  915): qmi_cci_get_ref: ref count increased 2
11-21 08:03:25.826 E/Netd    (  462): no such netId 195
11-21 08:03:25.829 I/Nat464Xlat( 1186): Android Xlat is disabled
11-21 08:03:25.882 I/chatty  ( 1186): uid=1000 system_server expire 7 lines
11-21 08:03:25.957 E/Netd    (  462): no such netId 195
11-21 08:03:25.958 D/BluetoothAdapterService( 1710): android.net.wifi.STATE_CHANGE
11-21 08:03:25.829 I/Nat464Xlat( 1186): Android Xlat is disabled
11-21 08:03:25.958 E/ConnectivityService( 1186): Exception in networkAddRouteParcel for non-gateway: android.os.ServiceSpecificException: Machine is not on the network (code 64)
11-21 08:03:25.958 D/WifiConnector( 2870): Network State Changed
11-21 08:03:25.958 E/Netd    (  462): no such netId 195
11-21 08:03:25.959 D/QCNEJ/WlanStaInfoRelay( 1907): Received action: android.net.wifi.STATE_CHANGE
11-21 08:03:25.960 E/ConnectivityService( 1186): Exception in networkAddRouteParcel for gateway: android.os.ServiceSpecificException: Machine is not on the network (code 64)
11-21 08:03:25.960 I/Nat464Xlat( 1186): Android Xlat is disabled
11-21 08:03:25.972 D/BluetoothVendorService( 1710): setWifiState to: true
11-21 08:03:25.972 I/BluetoothVendorJni( 1710): setWifiStateNative
11-21 08:03:25.972 I/bt_btif_vendor( 1710): setWifiState :1
11-21 08:03:25.974 D/BluetoothAdapterService( 1710): android.net.wifi.STATE_CHANGE
11-21 08:03:25.975 D/QCNEJ/WlanStaInfoRelay( 1907): Received action: android.net.wifi.STATE_CHANGE
11-21 08:03:25.977 D/BluetoothVendorService( 1710): setWifiState to: true
11-21 08:03:25.977 I/BluetoothVendorJni( 1710): setWifiStateNative
11-21 08:03:25.977 I/bt_btif_vendor( 1710): setWifiState :1
11-21 08:03:25.980 D/WifiConnector( 2870): Network State Changed
11-21 08:03:25.984 D/WifiConnector( 2870): Configured Networks Changed
11-21 08:03:26.005 I/chatty  ( 1186): uid=1000(system) pool-9-thread-1 expire 3 lines
11-21 08:03:25.960 I/Nat464Xlat( 1186): Android Xlat is disabled
11-21 08:03:26.022 D/ConnectivityService( 1186): Setting DNS servers for network 195 to [/192.168.1.1]
11-21 08:03:26.023 E/QMI_FW  (  915): qmi_cci_get_ref: ref count increased 2
11-21 08:03:26.025 E/QMI_FW  (  915): qmi_cci_get_ref: ref count increased 2
11-21 08:03:26.025 E/QMI_FW  ( 1042): qmi_cci_get_ref: ref count increased 2
11-21 08:03:26.026 E/QMI_FW  ( 1042): qmi_cci_get_ref: ref count increased 2
11-21 08:03:26.027 E/QMI_FW  ( 1042): qmi_cci_get_ref: ref count increased 2
11-21 08:03:26.028 I/Nat464Xlat( 1186): Android Xlat is disabled
11-21 08:03:26.028 I/Nat464Xlat( 1186): Android Xlat is disabled
11-21 08:03:26.111 D/ConnectivityService( 1186): [195 WIFI] EVENT_NETWORK_INFO_CHANGED, going from UNKNOWN to CONNECTED
11-21 08:03:26.116 D/DnsManager( 1186): sendDnsConfigurationForNetwork(195, [192.168.1.1], [], 1800, 25, 8, 64, 0, 0, , [])
11-21 08:03:26.129 W/DnsManager( 1186): updatePrivateDns(195, PrivateDnsConfig{true:/[]})
11-21 08:03:26.130 D/ConnectivityService( 1186): Setting DNS servers for network 195 to [/192.168.1.1]
11-21 08:03:26.132 D/DnsManager( 1186): sendDnsConfigurationForNetwork(195, [192.168.1.1], [], 1800, 25, 8, 64, 0, 0, , [192.168.1.1])
11-21 08:03:26.133 W/resolv  (  462): Validating DnsTlsServer on netId 195
11-21 08:03:26.134 D/ConnectivityService( 1186): Adding iface wlan0 to network 195
11-21 08:03:26.155 W/resolv  (  462): Validation failed
11-21 08:03:26.179 D/ConnectivityService( 1186): Setting DNS servers for network 195 to [/192.168.1.1]
11-21 08:03:26.180 D/DnsManager( 1186): sendDnsConfigurationForNetwork(195, [192.168.1.1], [], 1800, 25, 8, 64, 0, 0, , [192.168.1.1])
11-21 08:03:26.182 I/Nat464Xlat( 1186): Android Xlat is disabled
11-21 08:03:26.186 W/resolv  (  462): Validating DnsTlsServer on netId 195
11-21 08:03:26.204 W/resolv  (  462): SSL_connect ssl error =5, mark 0xf00c3: Connection refused
11-21 08:03:26.204 W/resolv  (  462): Validation failed
11-21 08:03:26.182 I/Nat464Xlat( 1186): Android Xlat is disabled
11-21 08:03:26.291 D/ConnectivityService( 1186): NetReassign [no changes]
11-21 08:03:26.297 D/QCNEJ/WlanStaInfoRelay( 1907): network available: 195
11-21 08:03:26.301 I/chatty  ( 1186): uid=1000(system) HeapTaskDaemon expire 1 line
11-21 08:03:26.305 D/QCNEJ/NativeHalConnector( 1907): -> SND notifyWifiAvailable(v4Connected = truev6Connected = , false, isAndroidValidated = false)
11-21 08:03:26.319 D/QCNEJ/NativeHalConnector( 1907): -> SND notifyWifiAvailable(v4Connected = truev6Connected = , false, isAndroidValidated = false)
11-21 08:03:26.367 I/chatty  ( 1186): uid=1000 system_server expire 3 lines
11-21 08:03:26.372 I/chatty  ( 1186): uid=1000 system_server expire 2 lines
11-21 08:03:26.439 I/chatty  ( 1186): uid=1000 system_server expire 1 line
11-21 08:03:26.442 D/ConnectivityService( 1186): [195 WIFI] validation passed
11-21 08:03:26.442 D/ConnectivityService( 1186): NetReassign [44 : 101  195, 11 : 101  195, 63 : 101  195, 17 : 101  195, 25 : 101  195, 2222 : 101  195, 1438 : 101  195, 1 : 101  195, 8 : 101  195, 2214 : 101  195, 12 : 101  195, 14 : 101  195, 16 : 101  195, 22 : 101  195, 1515 : 101  195]
11-21 08:03:26.449 E/NetlinkEvent(  462): NetlinkEvent::FindParam(): Parameter 'INTERFACE' not found
11-21 08:03:26.449 E/NetlinkEvent(  462): NetlinkEvent::FindParam(): Parameter 'STATE' not found
11-21 08:03:26.449 E/NetlinkEvent(  462): NetlinkEvent::FindParam(): Parameter 'TIME_NS' not found
11-21 08:03:26.449 E/NetlinkEvent(  462): NetlinkEvent::FindParam(): Parameter 'UID' not found
11-21 08:03:26.465 D/ConnectivityService( 1186): Switching to new default network: NetworkAgentInfo{ ni{[type: WIFI[], state: CONNECTED/CONNECTED, reason: (unspecified), extra: , failover: false, available: true, roaming: false]}  network{195}  nethandle{840924319757}  lp{{InterfaceName: wlan0 LinkAddresses: [ 192.168.1.41/24 ] DnsAddresses: [ /192.168.1.1 ] Domains: null MTU: 0 ServerAddress: /192.168.1.1 TcpBufferSizes: 524288,1048576,2097152,262144,524288,1048576 Routes: [ fe80::/64 -> :: wlan0 mtu 0,192.168.1.0/24 -> 0.0.0.0 wlan0 mtu 0,0.0.0.0/0 -> 192.168.1.1 wlan0 mtu 0 ]}}  nc{[ Transports: WIFI Capabilities: NOT_METERED&INTERNET&NOT_RESTRICTED&TRUSTED&NOT_VPN&VALIDATED&NOT_ROAMING&FOREGROUND&NOT_CONGESTED&NOT_SUSPENDED LinkUpBandwidth>=61000Kbps LinkDnBandwidth>=61000Kbps SignalStrength: -33 OwnerUid: 1000 SSID: "MTBF_Lab" RequestorUid: -1 RequestorPackageName: null]}  Score{60}  everValidated{true}  lastValidated{true}  created{true} lingering{false} explicitlySelected{false} acceptUnvalidated{false} everCaptivePortalDetected{false} lastCaptivePortalDetected{false} partialConnectivity{false} acceptPartialConnectivity{false} clat{mBaseIface: null, mIface: null, mState: IDLE} }
11-21 08:03:26.578 I/chatty  ( 1186): uid=1000(system) NetworkTimeUpda expire 1 line
11-21 08:03:26.581 V/LigerRadioStatsReporter( 2357): onCapabilitiesChanged: Network capabilities changed
11-21 08:03:26.582 W/SimpleTimeDetectorStrategy( 1186): Existing suggestion found to be invalid  elapsedRealtimeMillis=144894308, timeSuggestion=TelephonyTimeSuggestion{mSlotIndex='0', mUtcTime=TimestampedValue{mReferenceTimeMillis=57092, mValue=1637365770000}, mDebugInfo=[Sending new time suggestion nitzSignal=TimestampedValue{mReferenceTimeMillis=57092, mValue=NitzData{mOriginalString=21/11/19,23:49:30-32,00, mZoneOffset=-28800000, mDstOffset=0, mCurrentTimeMillis=1637365770000, mEmulatorHostTimeZone=null}}, reason=handleNitzReceived(TimestampedValue{mReferenceTimeMillis=57092, mValue=NitzData{mOriginalString=21/11/19,23:49:30-32,00, mZoneOffset=-28800000, mDstOffset=0, mCurrentTimeMillis=1637365770000, mEmulatorHostTimeZone=null}})]}
11-21 08:03:26.600 D/DeviceAuthService(24158): Network connected
11-21 08:03:26.600 D/DeviceAuthService(24158): fetchAuthTokenWrapper called
11-21 08:03:26.605 D/QCNEJ/DefaultNetworkInfoRelay( 1907): Default network available: 195
11-21 08:03:26.607 D/QCNEJ/NativeHalConnector( 1907): -> SND notifyDefaultNetworkChanged(1)
11-21 08:03:26.607 D/ConnectivityService( 1186): Lingering [101 CELLULAR] for 30000ms
11-21 08:03:26.609 D/ConnectivityService( 1186): Sending DISCONNECTED broadcast for type 0 [101 CELLULAR] isDefaultNetwork=true
11-21 08:03:26.611 D/ConnectivityService( 1186): Sending CONNECTED broadcast for type 1 [195 WIFI] isDefaultNetwork=true
11-21 08:03:26.628 E/QMI_FW  (  915): qmi_cci_get_ref: ref count increased 2
11-21 08:03:26.628 V/LigerRadioStatsReporter( 2357): onCapabilitiesChanged: Network capabilities changed
11-21 08:03:26.628 V/LigerRadioStatsReporter( 2357): reportAndCheckpointRadioStats
11-21 08:03:26.628 V/LigerRadioStatsReporter( 2357): +++++++++++ RADIO STATS DUMP +++++++++++
11-21 08:03:26.628 I/chatty  ( 1186): uid=1000(system) android.fg expire 1 line
11-21 08:03:26.628 V/LigerRadioStatsReporter( 2357): totalActiveRadioTimeMs=0
11-21 08:03:26.628 V/LigerRadioStatsReporter( 2357): totalTailRadioTimeMs=13994
11-21 08:03:26.628 V/LigerRadioStatsReporter( 2357): totalWakeupCount=0
11-21 08:03:26.628 V/LigerRadioStatsReporter( 2357): httpUpBytes=0
11-21 08:03:26.628 V/LigerRadioStatsReporter( 2357): httpDownBytes=0
11-21 08:03:26.628 V/LigerRadioStatsReporter( 2357): httpWakeupCount=0
11-21 08:03:26.628 V/LigerRadioStatsReporter( 2357): httpRequestCount=0
11-21 08:03:26.629 V/LigerRadioStatsReporter( 2357): httpActiveRadioTimeMs=0
11-21 08:03:26.629 V/LigerRadioStatsReporter( 2357): httpTailRadioTimeMs=13994
11-21 08:03:26.629 V/LigerRadioStatsReporter( 2357): reportAndCheckpointRadioStats: Tx=0
11-21 08:03:26.629 V/LigerRadioStatsReporter( 2357): reportAndCheckpointRadioStats: Rx=0
11-21 08:03:26.629 V/LigerRadioStatsReporter( 2357): reportAndCheckpointRadioStats: Uids=10027
11-21 08:03:26.629 V/LigerRadioStatsReporter( 2357): reportAndCheckpointRadioStats: Tags=null
11-21 08:03:26.630 E/QMI_FW  (  915): qmi_cci_get_ref: ref count increased 2
11-21 08:03:26.638 D/ConnectivityService( 1186): Setting DNS servers for network 195 to [/192.168.1.1]
11-21 08:03:26.639 D/DnsManager( 1186): sendDnsConfigurationForNetwork(195, [192.168.1.1], [], 1800, 25, 8, 64, 0, 0, , [192.168.1.1])
11-21 08:03:26.639 I/chatty  (  527): uid=1021(gps) Loc_hal_worker expire 1 line
11-21 08:03:26.642 I/chatty  ( 1027): uid=1021(gps) LocApiMsgTask expire 2 lines
11-21 08:03:26.643 D/DeviceAuthService(24158): isOculusAddressResolvable returned true
11-21 08:03:26.643 D/DeviceAuthenticator(24158): Fetching new credentials asynchronously
11-21 08:03:26.644 D/QCNEJ/WlanStaInfoRelay( 1907): AndroidValidate from false to true
11-21 08:03:26.645 D/DeviceAuthenticator(24158): Calling DeviceAuth.authenticate()
11-21 08:03:26.647 E/DeviceCertService(  545): This device *might* have a provisioning issue. Please run `maui provision check` to verify.
11-21 08:03:26.647 E/DeviceCertService(  545): See https://fburl.com/wiki/a9hho0p9 for more information.
11-21 08:03:26.648 E/DeviceCertService(  545): Could not access certificate file '/mnt/vendor/persist/certificates/device_identityinsecure.crt', error 2: No such file or directory
11-21 08:03:26.649 E/DeviceAuthenticator(24158): ERROR: java.lang.RuntimeException: devicecert returned error FILESYSTEM_ERROR
11-21 08:03:26.649 E/DeviceAuthenticator(24158): 
11-21 08:03:26.649 E/DeviceAuthenticator(24158): com.facebook.mos.sdk.devicecert.DeviceIdentityException: java.lang.RuntimeException: devicecert returned error FILESYSTEM_ERROR
11-21 08:03:26.649 E/DeviceAuthenticator(24158): 
11-21 08:03:26.651 W/resolv  (  462): Validating DnsTlsServer on netId 195
11-21 08:03:26.652 D/QCNEJ/WlanStaInfoRelay( 1907): retrieveCountryCode:Location obtained from Telephony: us
11-21 08:03:26.652 I/chatty  ( 1027): uid=1021(gps) LocApiMsgTask expire 1 line
11-21 08:03:26.655 W/resolv  (  462): SSL_connect ssl error =5, mark 0xf00c3: Connection refused
11-21 08:03:26.656 W/resolv  (  462): Validation failed
11-21 08:03:26.662 E/QMI_FW  (  915): qmi_cci_get_ref: ref count increased 2
11-21 08:03:26.664 E/QMI_FW  (  915): qmi_cci_get_ref: ref count increased 2
11-21 08:03:26.672 E/QMI_FW  ( 1042): qmi_cci_get_ref: ref count increased 2
11-21 08:03:26.675 D/WifiConnector( 2870): Configured Networks Changed
11-21 08:03:26.676 E/QMI_FW  ( 1042): qmi_cci_get_ref: ref count increased 2
11-21 08:03:26.694 E/QMI_FW  ( 1042): qmi_cci_get_ref: ref count increased 2
11-21 08:03:26.696 E/QMI_FW  ( 1042): qmi_cci_get_ref: ref count increased 2
11-21 08:03:26.701 E/QMI_FW  ( 1042): qmi_cci_get_ref: ref count increased 2
11-21 08:03:26.706 D/PhoneInterfaceManager( 1984): setModemActivityInfo
11-21 08:03:26.706 D/FbSideCarManager( 1984): setModemActivityInfo
11-21 08:03:26.706 D/FbSideCarManager( 1984): setModemActivityInfo
11-21 08:03:26.707 D/WirelessInsightServiceImpl( 1984): setModemActivityInfo
11-21 08:03:26.707 D/FbSideCarManager( 1984): setModemActivityInfoInternal success
11-21 08:03:26.707 D/PhoneInterfaceManager( 1984): setModemActivityInfo: success.
11-21 08:03:26.707 D/WirelessInsightServiceImpl( 1984): notifyListeners: listeners = 0, modemActivityInfo = ModemActivityInfo{ mTimestamp=144894423 mSleepTimeMs=63430033 mIdleTimeMs=576223 mTransmitPowerInfo[]=[TransmitPower{ mTimeInMillis=606 mPowerRangeInDbm={-2147483648,0}}, TransmitPower{ mTimeInMillis=1897884 mPowerRangeInDbm={0,5}}, TransmitPower{ mTimeInMillis=737878 mPowerRangeInDbm={5,15}}, TransmitPower{ mTimeInMillis=133222 mPowerRangeInDbm={15,20}}, TransmitPower{ mTimeInMillis=1621229 mPowerRangeInDbm={20,2147483647}}] mRxTimeMs=76462377}
11-21 08:03:26.726 E/QMI_FW  ( 1042): qmi_cci_get_ref: ref count increased 2
11-21 08:03:26.746 I/chatty  ( 1042): uid=1001(radio) main identical 6 lines
11-21 08:03:26.747 E/QMI_FW  ( 1042): qmi_cci_get_ref: ref count increased 2
11-21 08:03:26.760 E/QMI_FW  ( 1042): qmi_cci_get_ref: ref count increased 2
11-21 08:03:26.765 E/QMI_FW  ( 1042): qmi_cci_get_ref: ref count increased 2
11-21 08:03:26.769 I/chatty  ( 1042): uid=1001(radio) main identical 1 line
11-21 08:03:26.771 E/QMI_FW  ( 1042): qmi_cci_get_ref: ref count increased 2
11-21 08:03:26.775 E/QMI_FW  ( 1042): qmi_cci_get_ref: ref count increased 2
11-21 08:03:26.776 E/QMI_FW  ( 1042): qmi_cci_get_ref: ref count increased 2
11-21 08:03:26.781 E/QMI_FW  ( 1042): qmi_cci_get_ref: ref count increased 2
11-21 08:03:27.080 I/Nat464Xlat( 1186): Android Xlat is disabled
11-21 08:03:26.782 E/QMI_FW  ( 1042): qmi_cci_get_ref: ref count increased 2
11-21 08:03:27.081 D/QCNEJ/WlanStaInfoRelay( 1907): Received action: android.net.wifi.LINK_CONFIGURATION_CHANGED
11-21 08:03:27.081 E/QCNEJ/WlanStaInfoRelay( 1907): update link properties given null lp
11-21 08:03:27.138 D/QCNEJ/NativeHalConnector( 1907): -> SND notifyWifiAvailable(v4Connected = truev6Connected = , false, isAndroidValidated = true)
11-21 08:03:27.846 W/HWComposer(  598): Ignoring duplicate VSYNC event from HWC for display 0 (t=144895571396912)
11-21 08:03:28.866 D/WearableConnectivityManager(21108): onWifiStrengthChange: -32
11-21 08:03:28.867 D/QCNEJ/WlanStaInfoRelay( 1907): Received action: android.net.wifi.RSSI_CHANGED
11-21 08:03:28.874 V/LigerRadioStatsReporter( 2357): onCapabilitiesChanged: Network capabilities changed
11-21 08:03:28.874 V/LigerRadioStatsReporter( 2357): reportAndCheckpointRadioStats
11-21 08:03:28.876 V/LigerRadioStatsReporter( 2357): +++++++++++ RADIO STATS DUMP +++++++++++
11-21 08:03:28.876 V/LigerRadioStatsReporter( 2357): totalActiveRadioTimeMs=0
11-21 08:03:28.876 V/LigerRadioStatsReporter( 2357): totalTailRadioTimeMs=13994
11-21 08:03:28.876 V/LigerRadioStatsReporter( 2357): totalWakeupCount=0
11-21 08:03:28.876 V/LigerRadioStatsReporter( 2357): httpUpBytes=0
11-21 08:03:28.876 V/LigerRadioStatsReporter( 2357): httpDownBytes=0
11-21 08:03:28.876 V/LigerRadioStatsReporter( 2357): httpWakeupCount=0
11-21 08:03:28.876 V/LigerRadioStatsReporter( 2357): httpRequestCount=0
11-21 08:03:28.876 V/LigerRadioStatsReporter( 2357): httpActiveRadioTimeMs=0
11-21 08:03:28.876 V/LigerRadioStatsReporter( 2357): httpTailRadioTimeMs=13994
11-21 08:03:28.876 V/LigerRadioStatsReporter( 2357): reportAndCheckpointRadioStats: Tx=0
11-21 08:03:28.877 V/LigerRadioStatsReporter( 2357): reportAndCheckpointRadioStats: Rx=0
11-21 08:03:28.877 V/LigerRadioStatsReporter( 2357): reportAndCheckpointRadioStats: Uids=10027
11-21 08:03:28.877 V/LigerRadioStatsReporter( 2357): reportAndCheckpointRadioStats: Tags=null
11-21 08:03:27.080 I/Nat464Xlat( 1186): Android Xlat is disabled
11-21 08:03:31.876 D/commandrouter( 1006): rtc_sync (1, rtc:sync): <ServiceRequest> FORWARDED (remote -> local) service client ID = 0, token ID = 47252
11-21 08:03:31.876 D/vendor.facebook.rtc_sync@1.0-service( 1145): Request req_ts=1637481811873715936 resp_ts=1637481811876630047
11-21 08:03:31.877 D/commandrouter( 1006): SocServiceHandle::onServiceMessage, SoC Service = rtc_sync, appType = 1, type = SVC_RESP, clientId = 0, token = 47252, payloadLen = 8, result = 0, payload.size() = 8
11-21 08:03:32.531 E/QMI_FW  ( 1042): qmi_cci_get_ref: ref count increased 2
11-21 08:03:32.532 E/QMI_FW  ( 1042): qmi_cci_get_ref: ref count increased 2
11-21 08:03:32.533 E/QMI_FW  ( 1042): qmi_cci_get_ref: ref count increased 2
11-21 08:03:41.689 D/mcu_health_checker( 1029): Sent MCU Health Request
11-21 08:03:41.690 D/commandrouter( 1006): SocServiceHandle::onServiceMessage, SoC Service = mcu_healthcheck_1029, appType = 1, type = SVC_REQ, clientId = 0, token = 4827, payloadLen = 12, result = 0, payload.size() = 12
11-21 08:03:41.695 D/commandrouter( 1006): mcu_healthcheck_1029 (1, merlot:mcu_health:control): <ServiceResponse> FORWARDED (remote -> local) CR token ID = 4827, service client ID = 40, token ID = 62021, result = 0
11-21 08:03:41.695 D/mcu_health_checker( 1029): MCU Health Response: MCU_OK
11-21 08:03:41.695 D/mcu_health_checker( 1029): MCU Session 0, uptime = 144862476 ms
11-21 08:03:41.695 D/mculinkhealth( 1029): isMcuReachable 1 (6 ms)
11-21 08:03:41.874 D/commandrouter( 1006): rtc_sync (1, rtc:sync): <ServiceRequest> FORWARDED (remote -> local) service client ID = 0, token ID = 47253
11-21 08:03:41.875 D/vendor.facebook.rtc_sync@1.0-service( 1145): Request req_ts=1637481821868630047 resp_ts=1637481821875115564
11-21 08:03:41.875 D/commandrouter( 1006): SocServiceHandle::onServiceMessage, SoC Service = rtc_sync, appType = 1, type = SVC_RESP, clientId = 0, token = 47253, payloadLen = 8, result = 0, payload.size() = 8
11-21 08:03:44.083 I/chatty  ( 1186): uid=1000(system) WifiScanningSer expire 2 lines
11-21 08:03:44.085 I/chatty  ( 1026): uid=1021(gps) lowi-server expire 244 lines
11-21 08:03:44.086 V/WifiHAL (  544): event received NL80211_CMD_TRIGGER_SCAN
11-21 08:03:44.237 V/WifiHAL (  544): event received NL80211_CMD_NEW_SCAN_RESULTS
11-21 08:03:44.239 I/chatty  ( 1186): uid=1000(system) Binder:1186_1A expire 3 lines
11-21 08:03:44.262 I/chatty  ( 1026): uid=1021(gps) lowi-server expire 7 lines
11-21 08:03:45.087 E/QMI_FW  ( 1042): qmi_cci_get_ref: ref count increased 2
11-21 08:03:45.088 E/QMI_FW  ( 1042): qmi_cci_get_ref: ref count increased 2
11-21 08:03:45.100 I/WearableConnectivityManager(21108): LTE Signal strength is: 2
11-21 08:03:45.101 I/WearableConnectivityManager(21108): Cellular Signal strength is: 2
11-21 08:03:45.101 D/RadioLinkQualityScoreBuilder( 1984): scoreRsrp: 3scoreRsrq: 1scoreRssnr: 3
11-21 08:03:45.101 D/WirelessInsightServiceImpl( 1984): onSignalStrengthsChanged: SignalStrength = SignalStrength:{mCdma=CellSignalStrengthCdma: cdmaDbm=2147483647 cdmaEcio=2147483647 evdoDbm=2147483647 evdoEcio=2147483647 evdoSnr=2147483647 level=0,mGsm=CellSignalStrengthGsm: rssi=2147483647 ber=2147483647 mTa=2147483647 mLevel=0,mWcdma=CellSignalStrengthWcdma: ss=2147483647 ber=2147483647 rscp=2147483647 ecno=2147483647 level=0,mTdscdma=CellSignalStrengthTdscdma: rssi=2147483647 ber=2147483647 rscp=2147483647 level=0,mLte=CellSignalStrengthLte: rssi=-75 rsrp=-111 rsrq=-16 rssnr=7 cqi=2147483647 ta=2147483647 level=2 parametersUseForLevel=0,mNr=CellSignalStrengthNr:{ csiRsrp = 2147483647 csiRsrq = 2147483647 csiSinr = 2147483647 ssRsrp = 2147483647 ssRsrq = 2147483647 ssSinr = 2147483647 level = 0 parametersUseForLevel = 0 },primary=CellSignalStrengthLte}
11-21 08:03:45.101 D/WirelessInsightServiceImpl( 1984): Score: 1
11-21 08:03:45.101 D/WirelessInsightServiceImpl( 1984): notifyListeners: listeners = 0, score = 1
11-21 08:03:45.352 D/UIAutomatorStub(15932): URI: /jsonrpc/0, Method: POST, Header: {content-length=102, remote-addr=127.0.0.1, http-client-ip=127.0.0.1, host=localhost:9012, content-type=application/json, accept-encoding=identity}, params, {NanoHttpd.QUERY_STRING=null}, files: {postData={"jsonrpc": "2.0", "method": "pressKey", "id": "09ae33170f7cb86c00e681f0d09ee0fc", "params": ["back"]}}
11-21 08:03:45.378 D/AutofillManagerService( 1186): onBackKeyPressed()
11-21 08:03:45.415 D/UIAutomatorStub(15932): URI: /jsonrpc/0, Method: POST, Header: {content-length=102, remote-addr=127.0.0.1, http-client-ip=127.0.0.1, host=localhost:9012, content-type=application/json, accept-encoding=identity}, params, {NanoHttpd.QUERY_STRING=null}, files: {postData={"jsonrpc": "2.0", "method": "pressKey", "id": "290b927d99d8bf8f003d48740873472e", "params": ["back"]}}
11-21 08:03:45.961 D/UIAutomatorStub(15932): URI: /jsonrpc/0, Method: POST, Header: {content-length=102, remote-addr=127.0.0.1, http-client-ip=127.0.0.1, host=localhost:9012, content-type=application/json, accept-encoding=identity}, params, {NanoHttpd.QUERY_STRING=null}, files: {postData={"jsonrpc": "2.0", "method": "pressKey", "id": "5e07a6e104520eacfb1a40d15642239d", "params": ["back"]}}
11-21 08:03:46.415 I/vendor.rmt_storage(  621): rmt_storage_connect_cb: clnt_h=0xc2 conn_h=0x9ea89030
11-21 08:03:46.416 I/vendor.rmt_storage(  621): rmt_storage_rw_iovec_cb: /boot/modem_fs2: req_h=0xc2 msg_id=3: R/W request received (wr_count 186)
11-21 08:03:46.416 I/vendor.rmt_storage(  621): wakelock acquired: 1, error no: 11
11-21 08:03:46.416 I/vendor.rmt_storage(  621): rmt_storage_client_thread: /boot/modem_fs2: Unblock worker thread (th_id: -1645932096)
11-21 08:03:46.477 I/chatty  ( 1186): uid=1000 system_server expire 1 line
11-21 08:03:46.483 D/ComplicationController(21108): Starting complication controller. Face Type: OdysseyWatchFace
11-21 08:03:46.483 D/ComplicationDataManagerImpl(21108): Updating complication data for package: com.facebook.wearable.apps.player, id: com.facebook.wearable.apps.player.SHORTCUT_COMPLICATION
11-21 08:03:46.483 D/ComplicationDataManagerImpl(21108): Updating complication data for package: com.facebook.wearable.apps.clock, id: com.facebook.wearable.apps.clock.SHORTCUT_COMPLICATION
11-21 08:03:46.483 D/ComplicationDataManagerImpl(21108): Updating complication data for package: com.facebook.wearable.apps.gallery, id: com.facebook.wearable.apps.gallery.SHORTCUT_COMPLICATION
11-21 08:03:46.483 D/ComplicationDataManagerImpl(21108): Updating complication data for package: com.facebook.wearable.apps.workout, id: com.facebook.wearable.apps.workout.SHORTCUT_COMPLICATION
11-21 08:03:46.483 D/ComplicationDataManagerImpl(21108): Updating complication data for package: com.facebook.wearable.apps.weather, id: com.facebook.wearable.apps.weather.SHORTCUT_COMPLICATION
11-21 08:03:46.483 D/ComplicationDataManagerImpl(21108): Updating complication data for package: com.facebook.wearable.apps.calendar, id: com.facebook.wearable.apps.calendar.SHORTCUT_COMPLICATION
11-21 08:03:46.491 E/DayDateSystemComplicationProvider(21108): Updating Day Date System Complication
11-21 08:03:46.492 D/ComplicationDataManagerImpl(21108): Updating complication data for package: com.facebook.wearable.apps.calendar, id: com.facebook.wearable.apps.calendar.DAY_DATE_COMPLICATION
11-21 08:03:46.492 D/ComplicationDataManagerImpl(21108): Updating complication data for package: com.facebook.wearable.apps.heart, id: com.facebook.wearable.apps.heart.HEART_RATE
11-21 08:03:46.497 D/ComplicationDataManagerImpl(21108): Fetching complication data for package: com.facebook.wearable.apps.calendar, com.facebook.wearable.apps.calendar.DAY_DATE_COMPLICATION.
11-21 08:03:46.498 D/ComplicationDataManagerImpl(21108): Fetching complication data for package: com.facebook.wearable.apps.player, com.facebook.wearable.apps.player.SHORTCUT_COMPLICATION.
11-21 08:03:46.498 D/ComplicationDataManagerImpl(21108): Fetching complication data for package: com.facebook.wearable.apps.gallery, com.facebook.wearable.apps.gallery.SHORTCUT_COMPLICATION.
11-21 08:03:46.499 D/ComplicationDataManagerImpl(21108): Fetching complication data for package: com.facebook.wearable.apps.heart, com.facebook.wearable.apps.heart.HEART_RATE.
11-21 08:03:46.507 D/LauncherActivity(21108): onResume: Intent { cat=[android.intent.category.HOME] flg=0x10000100 cmp=com.facebook.wearable.system.launcher/.LauncherActivity }
11-21 08:03:46.508 D/LauncherIntentProcessor(21108): processLauncherActivityIntent: Intent { cat=[android.intent.category.HOME] flg=0x10000100 cmp=com.facebook.wearable.system.launcher/.LauncherActivity }
11-21 08:03:46.514 D/TetheredPhoneUtil(21108): Retrieving the tethered phone status
11-21 08:03:46.515 D/TetheredPhoneUtil(21108): Found tethered phone status: false
11-21 08:03:46.522 I/vendor.rmt_storage(  621): rmt_storage_client_thread: /boot/modem_fs2: req_h=0xc2 msg_id=3: Bytes written = 1572864, wr_count 186
11-21 08:03:46.522 I/vendor.rmt_storage(  621): rmt_storage_client_thread: /boot/modem_fs2: req_h=0xc2 msg_id=3: Send response: res=0 err=0, wr_count 186
11-21 08:03:46.522 I/vendor.rmt_storage(  621): rmt_storage_client_thread: /boot/modem_fs2: About to block rmt_storage client thread (th_id: -1645932096) wakelock released: 1, error no: 0
11-21 08:03:46.522 I/vendor.rmt_storage(  621): 
11-21 08:03:46.526 I/vendor.rmt_storage(  621): rmt_storage_disconnect_cb: clnt_h=0xc2 conn_h=0x9ea89030
11-21 08:03:46.529 D/FacebookRepository(21108): Reading from Store [250223709649332]
11-21 08:03:46.552 I/chatty  ( 1186): uid=1000(system) ActivityManager expire 2 lines
11-21 08:03:46.553 D/CompatibilityInfo( 1186): applicationScale - 1.0
11-21 08:03:46.567 D/CompatibilityInfo( 1186): mCompatibilityFlags - 4
11-21 08:03:46.567 D/CompatibilityInfo( 1186): applicationDensity - 320
11-21 08:03:46.567 D/CompatibilityInfo( 1186): applicationScale - 1.0
11-21 08:03:46.803 D/CompatibilityInfo( 1186): mCompatibilityFlags - 4
11-21 08:03:46.803 D/CompatibilityInfo( 1186): applicationDensity - 320
