11-21 03:39:57.942 D/CompatibilityInfo( 1194): applicationDensity - 320
11-21 03:39:57.942 D/CompatibilityInfo( 1194): applicationScale - 1.0
11-21 03:39:57.944 D/AnalyticsLogger( 1194): sent events: 158
11-21 03:39:58.304 D/CompatibilityInfo( 1194): mCompatibilityFlags - 4
11-21 03:39:58.304 D/CompatibilityInfo( 1194): applicationDensity - 320
11-21 03:39:58.304 D/CompatibilityInfo( 1194): applicationScale - 1.0
11-21 03:39:58.645 D/CompatibilityInfo( 1194): mCompatibilityFlags - 4
11-21 03:39:58.645 D/CompatibilityInfo( 1194): applicationDensity - 320
11-21 03:39:58.645 D/CompatibilityInfo( 1194): applicationScale - 1.0
11-21 03:39:58.696 I/chatty  ( 2351): uid=10060(com.facebook.wearable.system.selfcare) pool-3-thread-2 expire 4 lines
11-21 03:39:58.876 I/chatty  ( 2351): uid=10060(com.facebook.wearable.system.selfcare) DefaultDispatch expire 6 lines
11-21 03:39:58.965 D/CompatibilityInfo( 1194): mCompatibilityFlags - 4
11-21 03:39:58.965 D/CompatibilityInfo( 1194): applicationDensity - 320
11-21 03:39:58.965 D/CompatibilityInfo( 1194): applicationScale - 1.0
11-21 03:39:59.313 D/CompatibilityInfo( 1194): mCompatibilityFlags - 4
11-21 03:39:59.313 D/CompatibilityInfo( 1194): applicationDensity - 320
11-21 03:39:59.313 D/CompatibilityInfo( 1194): applicationScale - 1.0
11-21 03:39:59.382 I/chatty  ( 2351): uid=10060(com.facebook.wearable.system.selfcare) MainTP_1104 expire 2 lines
11-21 03:39:59.683 D/CompatibilityInfo( 1194): mCompatibilityFlags - 4
11-21 03:39:59.683 D/CompatibilityInfo( 1194): applicationDensity - 320
11-21 03:39:59.683 D/CompatibilityInfo( 1194): applicationScale - 1.0
11-21 03:39:59.735 D/UIAutomatorStub(26720): URI: /jsonrpc/0, Method: POST, Header: {content-length=183, remote-addr=127.0.0.1, http-client-ip=127.0.0.1, host=localhost:9010, content-type=application/json, accept-encoding=identity}, params, {NanoHttpd.QUERY_STRING=null}, files: {postData={"jsonrpc": "2.0", "method": "waitForExists", "id": "fff157f74d0326df4402369c1e1da176", "params": [{"mask": 1, "childOrSibling": [], "childOrSiblingSelector": [], "text": "WiFi"}, 5]}}
11-21 03:39:59.754 I/chatty  ( 2351): uid=10060(com.facebook.wearable.system.selfcare) MainTP_1103 expire 3 lines
11-21 03:39:59.754 I/chatty  ( 2351): uid=10060(com.facebook.wearable.system.selfcare) pool-3-thread-3 expire 3 lines
11-21 03:39:59.770 D/UIAutomatorStub(26720): URI: /jsonrpc/0, Method: POST, Header: {content-length=172, remote-addr=127.0.0.1, http-client-ip=127.0.0.1, host=localhost:9010, content-type=application/json, accept-encoding=identity}, params, {NanoHttpd.QUERY_STRING=null}, files: {postData={"jsonrpc": "2.0", "method": "click", "id": "3ccaceb6cf2d776d7c5c8967cd4823ac", "params": [{"mask": 1, "childOrSibling": [], "childOrSiblingSelector": [], "text": "WiFi"}]}}
11-21 03:39:59.854 W/StatusBarClientConnection( 7907): Messenger is null, ignoring message: { when=-1d11h52m24s15ms barrier=1 }
11-21 03:39:59.894 D/CompatibilityInfo( 1194): mCompatibilityFlags - 4
11-21 03:39:59.894 D/CompatibilityInfo( 1194): applicationDensity - 320
11-21 03:39:59.894 D/CompatibilityInfo( 1194): applicationScale - 1.0
11-21 03:39:59.899 E/StatusBarClientConnection( 7907): Service connected
11-21 03:39:59.906 D/WifiConnector( 2841): Network State Changed
11-21 03:39:59.929 W/View    ( 7907): requestLayout() improperly called by android.view.View{977067d V.ED..... ......I. 0,368-474,474} during layout: running second layout pass
11-21 03:39:59.941 D/WifiSharingService( 2841): Starting Wi-Fi scan
11-21 03:39:59.942 I/WifiService( 1194): startScan uid=1000
11-21 03:39:59.950 W/View    ( 7907): requestLayout() improperly called by com.facebook.wearable.common.wds.listview.WdsListView{83f461 V.E..V... ........ 0,0-474,474} during second layout pass: posting in next frame
11-21 03:39:59.978 D/WifiNative( 1194): Scan trigered from WifiNative
11-21 03:39:59.979 I/chatty  ( 1024): uid=1021(gps) lowi-server expire 70 lines
11-21 03:39:59.980 V/WifiHAL (  539): event received NL80211_CMD_TRIGGER_SCAN
11-21 03:40:00.006 D/KeyguardUpdateMonitor( 1753): received broadcast android.intent.action.TIME_TICK
11-21 03:40:00.007 D/KeyguardUpdateMonitor( 1753): handleTimeUpdate
11-21 03:40:00.047 I/chatty  ( 2351): uid=10060(com.facebook.wearable.system.selfcare) pool-3-thread-1 expire 1 line
11-21 03:40:00.116 D/CompatibilityInfo( 1194): mCompatibilityFlags - 4
11-21 03:40:00.116 D/CompatibilityInfo( 1194): applicationDensity - 320
11-21 03:40:00.116 D/CompatibilityInfo( 1194): applicationScale - 1.0
11-21 03:40:00.439 D/CompatibilityInfo( 1194): mCompatibilityFlags - 4
11-21 03:40:00.439 D/CompatibilityInfo( 1194): applicationDensity - 320
11-21 03:40:00.439 D/CompatibilityInfo( 1194): applicationScale - 1.0
11-21 03:40:00.498 V/WifiHAL (  539): event received NL80211_CMD_NEW_SCAN_RESULTS
11-21 03:40:00.502 D/WifiNl80211Manager( 1194): Scan result ready event
11-21 03:40:00.502 D/WifiNative( 1194): Scan result ready event
11-21 03:40:00.509 D/LOWI-9.0.0.80( 1024): [LOWI-Scan] is_qcom_ie, bss_age: 22
11-21 03:40:00.509 D/LOWI-9.0.0.80( 1024): [LOWI-Scan] BSS ce:dc:12:3b:87:fd LOWI_PHY_MODE_11AC_VHT20_2G(11), Beacon Interval: 100, LOWI_ENCRYPTION_TYPE_WPA_PSK 11mcRanging: No, ANQP: Yes, LCI: No, Civic: No, capability(0x1431): ESS Privacy ShortPreamble ShortSlotTime
11-21 03:40:00.509 I/chatty  ( 2351): uid=10060(com.facebook.wearable.system.selfcare) DefaultDispatch expire 1 line
11-21 03:40:00.509 D/LOWI-9.0.0.80( 1024): [LOWI-Scan] BSS ce:dc:12:3b:87:fd FREQ: 2437, cFreq1[40:80:160] = [0:0:0] cFreq2 = 0 Country Code =    
11-21 03:40:00.509 D/LOWI-9.0.0.80( 1024): [LOWI-Scan] BSS ce:dc:12:3b:87:fd (wlan0) ASSO: NO AddInfo: 0x0, TSF 1, 11:52:24.658, RSSI: -94, CPL: 127, AGE: 10,  SSID Pixel5_R1, TSFDelta: 0x0, TXRate: 0
11-21 03:40:00.509 I/chatty  ( 2351): uid=10060(com.facebook.wearable.system.selfcare) MainTP_1096 expire 2 lines
11-21 03:40:00.510 D/LOWI-9.0.0.80( 1024): [LOWI-Scan] 
11-21 03:40:00.510 D/LOWI-9.0.0.80( 1024): [LOWI-Scan] print_bss_handler: Report Probe TSF 129144658796 as it greater than Beacon TSF 128891491067
11-21 03:40:00.510 I/LOWI-9.0.0.80( 1024): [LOWI-Scan] RSN_IE
11-21 03:40:00.510 D/LOWI-9.0.0.80( 1024): [LOWI-Scan] decode_rsn_wpa_ie: Entered
11-21 03:40:00.510 D/LOWI-9.0.0.80( 1024): [LOWIUtils] hexDump: msg(30 14 01 00 00 0f ac 04 01 00 00 0f ac 04 01 00 00 0f ac 02 )
11-21 03:40:00.510 D/LOWI-9.0.0.80( 1024): [LOWI-Scan] decode_rsn_wpa_ie: LOWI_ENCRYPTION_TYPE_WPA_PSK
11-21 03:40:00.510 D/LOWI-9.0.0.80( 1024): [LOWI-Scan] is_qcom_ie, bss_age: 43
11-21 03:40:00.510 D/LOWI-9.0.0.80( 1024): [LOWI-Scan] BSS 2c:57:41:86:8a:a1 LOWI_PHY_MODE_11NG_HT20(5), Beacon Interval: 100, LOWI_ENCRYPTION_TYPE_WPA_PSK 11mcRanging: No, ANQP: No, LCI: No, Civic: No, capability(0x1411): ESS Privacy ShortSlotTime
11-21 03:40:00.510 D/LOWI-9.0.0.80( 1024): [LOWI-Scan] BSS 2c:57:41:86:8a:a1 FREQ: 2412, cFreq1[40:80:160] = [0:0:0] cFreq2 = 0 Country Code = US
11-21 03:40:00.510 D/LOWI-9.0.0.80( 1024): [LOWI-Scan] BSS 2c:57:41:86:8a:a1 (wlan0) ASSO: NO AddInfo: 0x0, TSF 1, 11:52:24.658, RSSI: -132, CPL: 3, AGE: 10,  SSID kittyhawk, TSFDelta: 0x0, TXRate: 0
11-21 03:40:00.511 D/LOWI-9.0.0.80( 1024): [LOWI-Scan] 
11-21 03:40:00.511 D/LOWI-9.0.0.80( 1024): [LOWI-Scan] print_bss_handler: Report Probe TSF 129115350794 as it greater than Beacon TSF 128963762118
11-21 03:40:00.511 I/LOWI-9.0.0.80( 1024): [LOWI-Scan] RSN_IE
11-21 03:40:00.511 D/LOWI-9.0.0.80( 1024): [LOWI-Scan] decode_rsn_wpa_ie: Entered
11-21 03:40:00.511 D/LOWI-9.0.0.80( 1024): [LOWIUtils] hexDump: msg(30 14 01 00 00 0f ac 04 01 00 00 0f ac 04 01 00 00 0f ac 02 )
11-21 03:40:00.511 D/LOWI-9.0.0.80( 1024): [LOWI-Scan] decode_rsn_wpa_ie: LOWI_ENCRYPTION_TYPE_WPA_PSK
11-21 03:40:00.511 D/LOWI-9.0.0.80( 1024): [LOWI-Scan] is_qcom_ie, bss_age: 14
11-21 03:40:00.511 D/LOWI-9.0.0.80( 1024): [LOWI-Scan] adjust_age:AP AGE upper limit reached. Dont store
11-21 03:40:00.511 D/LOWI-9.0.0.80( 1024): [LOWI-Scan] BSS fe:2d:5a:49:61:eb LOWI_PHY_MODE_11AC_VHT20_2G(11), Beacon Interval: 100, LOWI_ENCRYPTION_TYPE_WPA_PSK 11mcRanging: No, ANQP: Yes, LCI: No, Civic: No, capability(0x1431): ESS Privacy ShortPreamble ShortSlotTime
11-21 03:40:00.511 D/LOWI-9.0.0.80( 1024): [LOWI-Scan] BSS fe:2d:5a:49:61:eb FREQ: 2452, cFreq1[40:80:160] = [0:0:0] cFreq2 = 0 Country Code =    
11-21 03:40:00.511 D/LOWI-9.0.0.80( 1024): [LOWI-Scan] BSS fe:2d:5a:49:61:eb (wlan0) ASSO: NO AddInfo: 0x0, TSF 1, 11:51:55.350, RSSI: -106, CPL: 127, AGE: 29310,  SSID Pixel_R2, TSFDelta: 0x0, TXRate: 0
11-21 03:40:00.511 D/LOWI-9.0.0.80( 1024): [LOWI-Scan]  -- associated
11-21 03:40:00.511 D/LOWI-9.0.0.80( 1024): [LOWI-Scan] 
11-21 03:40:00.511 D/LOWI-9.0.0.80( 1024): [LOWI-Scan] print_bss_handler: Report Probe TSF 129144658687 as it greater than Beacon TSF 128609814464
11-21 03:40:00.511 I/LOWI-9.0.0.80( 1024): [LOWI-Scan] RSN_IE
11-21 03:40:00.511 D/LOWI-9.0.0.80( 1024): [LOWI-Scan] decode_rsn_wpa_ie: Entered
11-21 03:40:00.511 D/LOWI-9.0.0.80( 1024): [LOWIUtils] hexDump: msg(30 14 01 00 00 0f ac 04 01 00 00 0f ac 04 01 00 00 0f ac 02 )
11-21 03:40:00.512 D/LOWI-9.0.0.80( 1024): [LOWI-Scan] decode_rsn_wpa_ie: LOWI_ENCRYPTION_TYPE_WPA_PSK
11-21 03:40:00.512 D/LOWI-9.0.0.80( 1024): [LOWI-Scan]  No Secondary channel present
11-21 03:40:00.512 D/LOWI-9.0.0.80( 1024): [LOWI-Scan] is_qcom_ie, bss_age: 27
11-21 03:40:00.512 D/LOWI-9.0.0.80( 1024): [LOWI-Scan] BSS 6c:cd:d6:25:63:2a LOWI_PHY_MODE_11NG_HT20(5), Beacon Interval: 100, LOWI_ENCRYPTION_TYPE_WPA_PSK 11mcRanging: No, ANQP: No, LCI: No, Civic: No, capability(0x0511): ESS Privacy SpectrumMgmt ShortSlotTime
11-21 03:40:00.512 D/LOWI-9.0.0.80( 1024): [LOWI-Scan] BSS 6c:cd:d6:25:63:2a FREQ: 2432, cFreq1[40:80:160] = [2432:0:0] cFreq2 = 0 Country Code = US 
11-21 03:40:00.512 D/LOWI-9.0.0.80( 1024): [LOWI-Scan] BSS 6c:cd:d6:25:63:2a (wlan0) ASSO: YES AddInfo: 0x0, TSF 1, 11:52:24.658, RSSI: -86, CPL: 127, AGE: 0,  SSID MTBF_Lab, TSFDelta: 0x0, TXRate: 0
11-21 03:40:00.512 D/LOWI-9.0.0.80( 1024): [LOWI-Scan] 
11-21 03:40:00.512 D/LOWI-9.0.0.80( 1024): [LOWI-Scan] print_bss_handler: Report Probe TSF 129144658846 as it greater than Beacon TSF 129093571154
11-21 03:40:00.512 I/LOWI-9.0.0.80( 1024): [LOWI-Scan] RSN_IE
11-21 03:40:00.512 D/LOWI-9.0.0.80( 1024): [LOWI-Scan] decode_rsn_wpa_ie: Entered
11-21 03:40:00.512 D/LOWI-9.0.0.80( 1024): [LOWIUtils] hexDump: msg(30 14 01 00 00 0f ac 04 01 00 00 0f ac 04 01 00 00 0f ac 02 )
11-21 03:40:00.512 D/LOWI-9.0.0.80( 1024): [LOWI-Scan] decode_rsn_wpa_ie: LOWI_ENCRYPTION_TYPE_WPA_PSK
11-21 03:40:00.512 D/LOWI-9.0.0.80( 1024): [LOWI-Scan] is_qcom_ie, bss_age: 4
11-21 03:40:00.512 D/LOWI-9.0.0.80( 1024): [LOWI-Scan] BSS 2c:57:41:86:85:21 LOWI_PHY_MODE_11NG_HT20(5), Beacon Interval: 100, LOWI_ENCRYPTION_TYPE_WPA_PSK 11mcRanging: No, ANQP: No, LCI: No, Civic: No, capability(0x1411): ESS Privacy ShortSlotTime
11-21 03:40:00.512 D/LOWI-9.0.0.80( 1024): [LOWI-Scan] BSS 2c:57:41:86:85:21 FREQ: 2462, cFreq1[40:80:160] = [0:0:0] cFreq2 = 0 Country Code = US
11-21 03:40:00.512 D/LOWI-9.0.0.80( 1024): [LOWI-Scan] BSS 2c:57:41:86:85:21 (wlan0) ASSO: NO AddInfo: 0x0, TSF 1, 11:52:24.658, RSSI: -162, CPL: 2, AGE: 10,  SSID kittyhawk, TSFDelta: 0x0, TXRate: 0
11-21 03:40:00.513 D/LOWI-9.0.0.80( 1024): [LOWI-Scan] 
11-21 03:40:00.513 D/LOWI-9.0.0.80( 1024): [LOWI-Scan] print_bss_handler: Report Probe TSF 129144658708 as it greater than Beacon TSF 128913821506
11-21 03:40:00.513 I/LOWI-9.0.0.80( 1024): [LOWI-Scan] RSN_IE
11-21 03:40:00.513 D/LOWI-9.0.0.80( 1024): [LOWI-Scan] decode_rsn_wpa_ie: Entered
11-21 03:40:00.513 D/LOWI-9.0.0.80( 1024): [LOWIUtils] hexDump: msg(30 14 01 00 00 0f ac 04 01 00 00 0f ac 04 01 00 00 0f ac 02 )
11-21 03:40:00.513 D/LOWI-9.0.0.80( 1024): [LOWI-Scan] decode_rsn_wpa_ie: LOWI_ENCRYPTION_TYPE_WPA_PSK
11-21 03:40:00.513 D/LOWI-9.0.0.80( 1024): [LOWI-Scan] is_qcom_ie, bss_age: 8
11-21 03:40:00.513 D/LOWI-9.0.0.80( 1024): [LOWI-Scan] BSS c6:82:9b:4e:b3:9e LOWI_PHY_MODE_11AC_VHT20_2G(11), Beacon Interval: 100, LOWI_ENCRYPTION_TYPE_WPA_PSK 11mcRanging: No, ANQP: Yes, LCI: No, Civic: No, capability(0x1431): ESS Privacy ShortPreamble ShortSlotTime
11-21 03:40:00.513 D/LOWI-9.0.0.80( 1024): [LOWI-Scan] BSS c6:82:9b:4e:b3:9e FREQ: 2457, cFreq1[40:80:160] = [0:0:0] cFreq2 = 0 Country Code =    
11-21 03:40:00.513 D/LOWI-9.0.0.80( 1024): [LOWI-Scan] BSS c6:82:9b:4e:b3:9e (wlan0) ASSO: NO AddInfo: 0x0, TSF 1, 11:52:24.658, RSSI: -92, CPL: 127, AGE: 10,  SSID Pixel_R6, TSFDelta: 0x0, TXRate: 0
11-21 03:40:00.513 D/LOWI-9.0.0.80( 1024): [LOWI-Scan] 
11-21 03:40:00.513 D/LOWI-9.0.0.80( 1024): [LOWI-Scan] print_bss_handler: Report Probe TSF 129115350994 as it greater than Beacon TSF 0
11-21 03:40:00.513 I/LOWI-9.0.0.80( 1024): [LOWI-Scan] RSN_IE
11-21 03:40:00.513 D/LOWI-9.0.0.80( 1024): [LOWI-Scan] decode_rsn_wpa_ie: Entered
11-21 03:40:00.513 D/LOWI-9.0.0.80( 1024): [LOWIUtils] hexDump: msg(30 14 01 00 00 0f ac 04 01 00 00 0f ac 04 01 00 00 0f ac 02 )
11-21 03:40:00.513 D/LOWI-9.0.0.80( 1024): [LOWI-Scan] decode_rsn_wpa_ie: LOWI_ENCRYPTION_TYPE_WPA_PSK
11-21 03:40:00.513 D/LOWI-9.0.0.80( 1024): [LOWI-Scan] is_qcom_ie, bss_age: 55
11-21 03:40:00.513 D/LOWI-9.0.0.80( 1024): [LOWI-Scan] adjust_age:AP AGE upper limit reached. Dont store
11-21 03:40:00.513 D/LOWI-9.0.0.80( 1024): [LOWI-Scan] BSS 2c:57:41:89:53:21 LOWI_PHY_MODE_11NG_HT20(5), Beacon Interval: 100, LOWI_ENCRYPTION_TYPE_WPA_PSK 11mcRanging: No, ANQP: No, LCI: No, Civic: No, capability(0x1411): ESS Privacy ShortSlotTime
11-21 03:40:00.513 D/LOWI-9.0.0.80( 1024): [LOWI-Scan] BSS 2c:57:41:89:53:21 FREQ: 2412, cFreq1[40:80:160] = [0:0:0] cFreq2 = 0 Country Code = US
11-21 03:40:00.513 D/LOWI-9.0.0.80( 1024): [LOWI-Scan] BSS 2c:57:41:89:53:21 (wlan0) ASSO: NO AddInfo: 0x0, TSF 1, 11:51:55.350, RSSI: -162, CPL: 3, AGE: 29310,  SSID kittyhawk, TSFDelta: 0x0, TXRate: 0
11-21 03:40:00.514 D/LOWI-9.0.0.80( 1024): [LOWI-Scan] 
11-21 03:40:00.514 D/LOWI-9.0.0.80( 1024): [LOWI-Scan] print_bss_handler: Report Probe TSF 129144658738 as it greater than Beacon TSF 0
11-21 03:40:00.514 I/LOWI-9.0.0.80( 1024): [LOWI-Scan] RSN_IE
11-21 03:40:00.514 D/LOWI-9.0.0.80( 1024): [LOWI-Scan] decode_rsn_wpa_ie: Entered
11-21 03:40:00.514 D/LOWI-9.0.0.80( 1024): [LOWIUtils] hexDump: msg(30 14 01 00 00 0f ac 04 01 00 00 0f ac 04 01 00 00 0f ac 02 )
11-21 03:40:00.514 D/LOWI-9.0.0.80( 1024): [LOWI-Scan] decode_rsn_wpa_ie: LOWI_ENCRYPTION_TYPE_WPA_PSK
11-21 03:40:00.514 D/LOWI-9.0.0.80( 1024): [LOWI-Scan] is_qcom_ie, bss_age: 38
11-21 03:40:00.514 D/WificondScannerImpl( 1194): Filtering out 4 scan results.
11-21 03:40:00.514 D/LOWI-9.0.0.80( 1024): [LOWI-Scan] BSS 52:b8:14:37:74:3f LOWI_PHY_MODE_11AC_VHT20_2G(11), Beacon Interval: 100, LOWI_ENCRYPTION_TYPE_WPA_PSK 11mcRanging: No, ANQP: No, LCI: No, Civic: No, capability(0x1431): ESS Privacy ShortPreamble ShortSlotTime
11-21 03:40:00.514 D/LOWI-9.0.0.80( 1024): [LOWI-Scan] BSS 52:b8:14:37:74:3f FREQ: 2417, cFreq1[40:80:160] = [0:0:0] cFreq2 = 0 Country Code =    
11-21 03:40:00.514 D/LOWI-9.0.0.80( 1024): [LOWI-Scan] BSS 52:b8:14:37:74:3f (wlan0) ASSO: NO AddInfo: 0x0, TSF 1, 11:52:24.658, RSSI: -104, CPL: 127, AGE: 10,  SSID Pixel_8668, TSFDelta: 0x0, TXRate: 0
11-21 03:40:00.514 D/LOWI-9.0.0.80( 1024): [LOWI-Scan] 
11-21 03:40:00.514 D/LOWI-9.0.0.80( 1024): [LOWI-Scan] print_bss_handler: Report Probe TSF 129115350853 as it greater than Beacon TSF 0
11-21 03:40:00.514 I/LOWI-9.0.0.80( 1024): [LOWI-Scan] RSN_IE
11-21 03:40:00.514 D/LOWI-9.0.0.80( 1024): [LOWI-Scan] decode_rsn_wpa_ie: Entered
11-21 03:40:00.514 D/LOWI-9.0.0.80( 1024): [LOWIUtils] hexDump: msg(30 14 01 00 00 0f ac 04 01 00 00 0f ac 04 01 00 00 0f ac 02 )
11-21 03:40:00.514 D/LOWI-9.0.0.80( 1024): [LOWI-Scan] decode_rsn_wpa_ie: LOWI_ENCRYPTION_TYPE_WPA_PSK
11-21 03:40:00.514 D/LOWI-9.0.0.80( 1024): [LOWI-Scan] is_qcom_ie, bss_age: 55
11-21 03:40:00.514 D/LOWI-9.0.0.80( 1024): [LOWI-Scan] adjust_age:AP AGE upper limit reached. Dont store
11-21 03:40:00.514 D/LOWI-9.0.0.80( 1024): [LOWI-Scan] BSS be:9e:0e:1c:6e:7f LOWI_PHY_MODE_11AC_VHT20_2G(11), Beacon Interval: 100, LOWI_ENCRYPTION_TYPE_WPA_PSK 11mcRanging: No, ANQP: No, LCI: No, Civic: No, capability(0x1431): ESS Privacy ShortPreamble ShortSlotTime
11-21 03:40:00.514 D/LOWI-9.0.0.80( 1024): [LOWI-Scan] BSS be:9e:0e:1c:6e:7f FREQ: 2412, cFreq1[40:80:160] = [0:0:0] cFreq2 = 0 Country Code =    
11-21 03:40:00.514 D/LOWI-9.0.0.80( 1024): [LOWI-Scan] BSS be:9e:0e:1c:6e:7f (wlan0) ASSO: NO AddInfo: 0x0, TSF 1, 11:51:55.350, RSSI: -126, CPL: 127, AGE: 29310,  SSID Pixel_3541, TSFDelta: 0x0, TXRate: 0
11-21 03:40:00.515 D/LOWI-9.0.0.80( 1024): [LOWI-Scan] 
11-21 03:40:00.515 D/LOWI-9.0.0.80( 1024): [LOWI-Scan] print_bss_handler: Report Probe TSF 129144658837 as it greater than Beacon TSF 129093571136
11-21 03:40:00.515 I/LOWI-9.0.0.80( 1024): [LOWI-Scan] RSN_IE
11-21 03:40:00.515 D/LOWI-9.0.0.80( 1024): [LOWI-Scan] decode_rsn_wpa_ie: Entered
11-21 03:40:00.515 D/LOWI-9.0.0.80( 1024): [LOWIUtils] hexDump: msg(30 14 01 00 00 0f ac 04 01 00 00 0f ac 04 01 00 00 0f ac 02 )
11-21 03:40:00.515 D/LOWI-9.0.0.80( 1024): [LOWI-Scan] decode_rsn_wpa_ie: LOWI_ENCRYPTION_TYPE_WPA_PSK
11-21 03:40:00.515 D/LOWI-9.0.0.80( 1024): [LOWI-Scan] is_qcom_ie, bss_age: 44
11-21 03:40:00.516 D/LOWI-9.0.0.80( 1024): [LOWI-Scan] BSS 2c:57:41:86:7a:61 LOWI_PHY_MODE_11NG_HT20(5), Beacon Interval: 100, LOWI_ENCRYPTION_TYPE_WPA_PSK 11mcRanging: No, ANQP: No, LCI: No, Civic: No, capability(0x1411): ESS Privacy ShortSlotTime
11-21 03:40:00.516 D/LOWI-9.0.0.80( 1024): [LOWI-Scan] BSS 2c:57:41:86:7a:61 FREQ: 2412, cFreq1[40:80:160] = [0:0:0] cFreq2 = 0 Country Code = US
11-21 03:40:00.516 D/LOWI-9.0.0.80( 1024): [LOWI-Scan] BSS 2c:57:41:86:7a:61 (wlan0) ASSO: NO AddInfo: 0x0, TSF 1, 11:52:24.658, RSSI: -154, CPL: 3, AGE: 10,  SSID kittyhawk, TSFDelta: 0x0, TXRate: 0
11-21 03:40:00.518 D/LOWI-9.0.0.80( 1024): [LOWI-Scan] 
11-21 03:40:00.526 D/PasspointManager( 1194): ANQP entry not found for: 5e:6e:be:46:77:d7:<Pixel_R3>
11-21 03:40:00.527 D/PasspointManager( 1194): ANQP entry not found for: 12:d7:96:61:85:9f:<Pixel_R5>
11-21 03:40:00.527 D/PasspointManager( 1194): ANQP entry not found for: ce:dc:12:3b:87:fd:<Pixel5_R1>
11-21 03:40:00.527 D/PasspointManager( 1194): ANQP entry not found for: c6:82:9b:4e:b3:9e:<Pixel_R6>
11-21 03:40:00.529 D/LOWI-9.0.0.80( 1024): [LOWI-Scan] print_bss_handler: Report Probe TSF 129115350897 as it greater than Beacon TSF 0
11-21 03:40:00.529 I/LOWI-9.0.0.80( 1024): [LOWI-Scan] RSN_IE
11-21 03:40:00.529 D/LOWI-9.0.0.80( 1024): [LOWI-Scan] decode_rsn_wpa_ie: Entered
11-21 03:40:00.529 D/LOWI-9.0.0.80( 1024): [LOWIUtils] hexDump: msg(30 14 01 00 00 0f ac 04 01 00 00 0f ac 04 01 00 00 0f ac 02 )
11-21 03:40:00.529 D/LOWI-9.0.0.80( 1024): [LOWI-Scan] decode_rsn_wpa_ie: LOWI_ENCRYPTION_TYPE_WPA_PSK
11-21 03:40:00.529 D/LOWI-9.0.0.80( 1024): [LOWI-Scan] is_qcom_ie, bss_age: 55
11-21 03:40:00.529 D/LOWI-9.0.0.80( 1024): [LOWI-Scan] adjust_age:AP AGE upper limit reached. Dont store
11-21 03:40:00.529 D/LOWI-9.0.0.80( 1024): [LOWI-Scan] BSS 18:64:72:60:2b:40 LOWI_PHY_MODE_11NG_HT20(5), Beacon Interval: 100, LOWI_ENCRYPTION_TYPE_WPA_PSK 11mcRanging: No, ANQP: No, LCI: No, Civic: No, capability(0x0431): ESS Privacy ShortPreamble ShortSlotTime
11-21 03:40:00.529 D/LOWI-9.0.0.80( 1024): [LOWI-Scan] BSS 18:64:72:60:2b:40 FREQ: 2412, cFreq1[40:80:160] = [0:0:0] cFreq2 = 0 Country Code =    
11-21 03:40:00.529 D/LOWI-9.0.0.80( 1024): [LOWI-Scan] BSS 18:64:72:60:2b:40 (wlan0) ASSO: NO AddInfo: 0x0, TSF 1, 11:51:55.350, RSSI: -142, CPL: 127, AGE: 29310,  SSID lab-t24103779, TSFDelta: 0x0, TXRate: 0
11-21 03:40:00.530 D/LOWI-9.0.0.80( 1024): [LOWI-Scan] 
11-21 03:40:00.530 D/LOWI-9.0.0.80( 1024): [LOWI-Scan] print_bss_handler: Report Probe TSF 129144658826 as it greater than Beacon TSF 0
11-21 03:40:00.530 I/LOWI-9.0.0.80( 1024): [LOWI-Scan] RSN_IE
11-21 03:40:00.530 D/LOWI-9.0.0.80( 1024): [LOWI-Scan] decode_rsn_wpa_ie: Entered
11-21 03:40:00.530 D/LOWI-9.0.0.80( 1024): [LOWIUtils] hexDump: msg(30 14 01 00 00 0f ac 04 01 00 00 0f ac 04 01 00 00 0f ac 02 )
11-21 03:40:00.530 D/LOWI-9.0.0.80( 1024): [LOWI-Scan] decode_rsn_wpa_ie: LOWI_ENCRYPTION_TYPE_WPA_PSK
11-21 03:40:00.530 D/LOWI-9.0.0.80( 1024): [LOWI-Scan] is_qcom_ie, bss_age: 4
11-21 03:40:00.530 D/LOWI-9.0.0.80( 1024): [LOWI-Scan] BSS 18:64:72:60:2e:e0 LOWI_PHY_MODE_11NG_HT20(5), Beacon Interval: 100, LOWI_ENCRYPTION_TYPE_WPA_PSK 11mcRanging: No, ANQP: No, LCI: No, Civic: No, capability(0x0431): ESS Privacy ShortPreamble ShortSlotTime
11-21 03:40:00.530 D/LOWI-9.0.0.80( 1024): [LOWI-Scan] BSS 18:64:72:60:2e:e0 FREQ: 2462, cFreq1[40:80:160] = [0:0:0] cFreq2 = 0 Country Code =    
11-21 03:40:00.530 D/LOWI-9.0.0.80( 1024): [LOWI-Scan] BSS 18:64:72:60:2e:e0 (wlan0) ASSO: NO AddInfo: 0x0, TSF 1, 11:52:24.658, RSSI: -160, CPL: 127, AGE: 10,  SSID lab-t24103779, TSFDelta: 0x0, TXRate: 0
11-21 03:40:00.530 D/LOWI-9.0.0.80( 1024): [LOWIDiagLog] Log: lowiMeasResult->request: invalid null argument
11-21 03:40:00.530 I/LOWI-9.0.0.80( 1024): [LOWI-Scan] lowi_close_record:Scan done in 129100911ms, 18 APs in scan results
11-21 03:40:00.530 D/LOWI-9.0.0.80( 1024): [LOWI-Scan] WipsScanUsingNL: passive scan cached 0, took 9826 ms, err 0
11-21 03:40:00.530 D/LOWI-9.0.0.80( 1024): [LOWI-Scan] lowi_proc_req_passive_scan_with_live_meas - No WLAN Frames to be parsed
11-21 03:40:00.530 D/LOWI-9.0.0.80( 1024): [LOWIScanResultReceiver] Send scan meas to listener
11-21 03:40:00.530 D/LOWI-9.0.0.80( 1024): [LOWIScanResultReceiver] Enter passive listening mode
11-21 03:40:00.530 D/LOWI-9.0.0.80( 1024): [LOWIWifiDriverInterface] getMeasurements - Passive listening mode
11-21 03:40:00.530 D/LOWI-9.0.0.80( 1024): [LOWIEventReceiver] handleEvent:FROM:NA, TO:NA, REQ:NA, IREQ:NA, REQ_ID:0, RESP:NA, INFO:NA
11-21 03:40:00.530 D/LOWI-9.0.0.80( 1024): [LOWIBackgroundScanMgr] isRspForBgScanMgr: evt(LOWI_NO_EVT) - not handled
11-21 03:40:00.530 D/LOWI-9.0.0.80( 1024): [LOWIScheduler] manageMsg: NULL results or NULL request in results
11-21 03:40:00.531 D/LOWI-9.0.0.80( 1024): [LOWIController] Measurements received
11-21 03:40:00.531 D/LOWI-9.0.0.80( 1024): [LOWICacheManager] putInCache:Num of Meas to add: 18
11-21 03:40:00.531 D/LOWI-9.0.0.80( 1024): [LOWIController] processMeasurementResults: No current Request. Cache measurements
11-21 03:40:00.531 D/LOWI-9.0.0.80( 1024): [LOWIControllerExtn] sendLOWILpDiscoveryScanResponse: Not a discovery scan response
11-21 03:40:00.532 D/LOWI-9.0.0.80( 1024): [LOWI-Scan] WipsScanUsingNL:wait -1 sec for netlink message
11-21 03:40:00.578 D/WifiSharingService( 2841): Sending scanResults intent with status code 0: PendingIntent{b37961e: android.os.BinderProxy@f5764bf}
11-21 03:40:00.585 D/CompatibilityInfo( 1194): mCompatibilityFlags - 4
11-21 03:40:00.585 D/CompatibilityInfo( 1194): applicationDensity - 320
11-21 03:40:00.585 D/CompatibilityInfo( 1194): applicationScale - 1.0
11-21 03:40:00.680 I/chatty  ( 2351): uid=10060(com.facebook.wearable.system.selfcare) DefaultDispatch expire 1 line
11-21 03:40:00.680 I/chatty  ( 2351): uid=10060(com.facebook.wearable.system.selfcare) pool-3-thread-2 expire 1 line
11-21 03:40:00.742 I/system_server( 1194): Background young concurrent copying GC freed 365707(18MB) AllocSpace objects, 249(5252KB) LOS objects, 23% free, 75MB/98MB, paused 361us total 348.982ms
11-21 03:40:00.764 D/CompatibilityInfo( 1194): mCompatibilityFlags - 4
11-21 03:40:00.764 D/CompatibilityInfo( 1194): applicationDensity - 320
11-21 03:40:00.764 D/CompatibilityInfo( 1194): applicationScale - 1.0
11-21 03:40:00.826 I/chatty  ( 2351): uid=10060(com.facebook.wearable.system.selfcare) MainTP_1102 expire 1 line
11-21 03:40:00.827 I/chatty  ( 2351): uid=10060(com.facebook.wearable.system.selfcare) pool-3-thread-1 expire 1 line
11-21 03:40:00.827 I/chatty  ( 2351): uid=10060(com.facebook.wearable.system.selfcare) DefaultDispatch expire 2 lines
11-21 03:40:00.827 I/chatty  ( 2351): uid=10060(com.facebook.wearable.system.selfcare) MainTP_1103 expire 1 line
11-21 03:40:01.004 I/chatty  ( 2351): uid=10060(com.facebook.wearable.system.selfcare) pool-3-thread-1 expire 1 line
11-21 03:40:01.078 D/CompatibilityInfo( 1194): mCompatibilityFlags - 4
11-21 03:40:01.078 D/CompatibilityInfo( 1194): applicationDensity - 320
11-21 03:40:01.078 D/CompatibilityInfo( 1194): applicationScale - 1.0
11-21 03:40:01.151 I/WM-WorkerWrapper( 2351): Work [ id=731e9e35-e8c2-49b1-b246-986e05f06ab6, tags={ com.facebook.wearable.system.selfcare.sharing.StickerBundleDatabaseWorker } ] was cancelled
11-21 03:40:01.151 I/WM-WorkerWrapper( 2351): java.util.concurrent.CancellationException: Task was cancelled.
11-21 03:40:01.151 I/WM-WorkerWrapper( 2351): 	at androidx.work.impl.utils.futures.AbstractFuture.getDoneValue(:32)
11-21 03:40:01.151 I/WM-WorkerWrapper( 2351): 	at androidx.work.impl.utils.futures.AbstractFuture.get(:268435546)
11-21 03:40:01.151 I/WM-WorkerWrapper( 2351): 	at androidx.work.impl.WorkerWrapper$2.run(:3)
11-21 03:40:01.151 I/WM-WorkerWrapper( 2351): 	at androidx.work.impl.utils.SerialExecutor$Task.run(:2)
11-21 03:40:01.151 I/WM-WorkerWrapper( 2351): 	at java.util.concurrent.ThreadPoolExecutor.runWorker(ThreadPoolExecutor.java:1167)
11-21 03:40:01.151 I/WM-WorkerWrapper( 2351): 	at java.util.concurrent.ThreadPoolExecutor$Worker.run(ThreadPoolExecutor.java:641)
11-21 03:40:01.151 I/WM-WorkerWrapper( 2351): 	at java.lang.Thread.run(Thread.java:923)
11-21 03:40:01.151 D/SettingsSDK::SyncHelper( 2351): Read setting com.facebook.wearable.sdk.selfcare:SELFCARE_SERVICE_ENABLED from persistent cache
11-21 03:40:01.152 E/StickerBundleDatabaseWorker( 2351): Failed to fetch sticker bundles:
11-21 03:40:01.152 E/StickerBundleDatabaseWorker( 2351): kotlinx.coroutines.JobCancellationException: Job was cancelled; job=JobImpl{Cancelling}@fb6842
11-21 03:40:01.152 D/FacebookRepository( 2351): Reading from Store [906581286488774]
11-21 03:40:01.354 E/SelfCareDataCloudSyncWorker( 2351): Failed to get access token
11-21 03:40:01.354 E/SelfCareDataCloudSyncWorker( 2351): kotlinx.coroutines.JobCancellationException: Job was cancelled; job=JobImpl{Cancelling}@5cdf2bc
11-21 03:40:01.355 I/WM-WorkerWrapper( 2351): Work [ id=41176d4d-428f-4560-a8c8-961a1631ba8f, tags={ com.facebook.wearable.system.selfcare.cloudsync.SelfCareDataCloudSyncWorker } ] was cancelled
11-21 03:40:01.355 I/WM-WorkerWrapper( 2351): java.util.concurrent.CancellationException: Task was cancelled.
11-21 03:40:01.355 I/WM-WorkerWrapper( 2351): 	at androidx.work.impl.utils.futures.AbstractFuture.getDoneValue(:32)
11-21 03:40:01.355 I/WM-WorkerWrapper( 2351): 	at androidx.work.impl.utils.futures.AbstractFuture.get(:268435546)
11-21 03:40:01.355 I/WM-WorkerWrapper( 2351): 	at androidx.work.impl.WorkerWrapper$2.run(:3)
11-21 03:40:01.355 I/WM-WorkerWrapper( 2351): 	at androidx.work.impl.utils.SerialExecutor$Task.run(:2)
11-21 03:40:01.355 I/WM-WorkerWrapper( 2351): 	at java.util.concurrent.ThreadPoolExecutor.runWorker(ThreadPoolExecutor.java:1167)
11-21 03:40:01.355 I/WM-WorkerWrapper( 2351): 	at java.util.concurrent.ThreadPoolExecutor$Worker.run(ThreadPoolExecutor.java:641)
11-21 03:40:01.355 I/WM-WorkerWrapper( 2351): 	at java.lang.Thread.run(Thread.java:923)
11-21 03:40:01.436 D/CompatibilityInfo( 1194): mCompatibilityFlags - 4
11-21 03:40:01.437 D/CompatibilityInfo( 1194): applicationDensity - 320
11-21 03:40:01.437 D/CompatibilityInfo( 1194): applicationScale - 1.0
11-21 03:40:01.507 I/WM-WorkerWrapper( 2351): Work [ id=731e9e35-e8c2-49b1-b246-986e05f06ab6, tags={ com.facebook.wearable.system.selfcare.sharing.StickerBundleDatabaseWorker } ] was cancelled
11-21 03:40:01.507 I/WM-WorkerWrapper( 2351): java.util.concurrent.CancellationException: Task was cancelled.
11-21 03:40:01.507 I/WM-WorkerWrapper( 2351): 	at androidx.work.impl.utils.futures.AbstractFuture.getDoneValue(:32)
11-21 03:40:01.507 I/WM-WorkerWrapper( 2351): 	at androidx.work.impl.utils.futures.AbstractFuture.get(:268435546)
11-21 03:40:01.507 I/WM-WorkerWrapper( 2351): 	at androidx.work.impl.WorkerWrapper$2.run(:3)
11-21 03:40:01.507 I/WM-WorkerWrapper( 2351): 	at androidx.work.impl.utils.SerialExecutor$Task.run(:2)
11-21 03:40:01.507 I/WM-WorkerWrapper( 2351): 	at java.util.concurrent.ThreadPoolExecutor.runWorker(ThreadPoolExecutor.java:1167)
11-21 03:40:01.507 I/WM-WorkerWrapper( 2351): 	at java.util.concurrent.ThreadPoolExecutor$Worker.run(ThreadPoolExecutor.java:641)
11-21 03:40:01.507 I/WM-WorkerWrapper( 2351): 	at java.lang.Thread.run(Thread.java:923)
11-21 03:40:01.507 D/SettingsSDK::SyncHelper( 2351): Read setting com.facebook.wearable.sdk.selfcare:SELFCARE_SERVICE_ENABLED from persistent cache
11-21 03:40:01.507 E/StickerBundleDatabaseWorker( 2351): Failed to fetch sticker bundles:
11-21 03:40:01.507 E/StickerBundleDatabaseWorker( 2351): kotlinx.coroutines.JobCancellationException: Job was cancelled; job=JobImpl{Cancelling}@27e1966
11-21 03:40:01.511 D/FacebookRepository( 2351): Reading from Store [906581286488774]
11-21 03:40:01.580 W/HWComposer(  577): Ignoring duplicate VSYNC event from HWC for display 0 (t=129145739159275)
11-21 03:40:01.691 E/SelfCareDataCloudSyncWorker( 2351): Failed to get access token
11-21 03:40:01.691 E/SelfCareDataCloudSyncWorker( 2351): kotlinx.coroutines.JobCancellationException: Job was cancelled; job=JobImpl{Cancelling}@e8cef3e
11-21 03:40:01.691 I/WM-WorkerWrapper( 2351): Work [ id=41176d4d-428f-4560-a8c8-961a1631ba8f, tags={ com.facebook.wearable.system.selfcare.cloudsync.SelfCareDataCloudSyncWorker } ] was cancelled
11-21 03:40:01.691 I/WM-WorkerWrapper( 2351): java.util.concurrent.CancellationException: Task was cancelled.
11-21 03:40:01.691 I/WM-WorkerWrapper( 2351): 	at androidx.work.impl.utils.futures.AbstractFuture.getDoneValue(:32)
11-21 03:40:01.691 I/WM-WorkerWrapper( 2351): 	at androidx.work.impl.utils.futures.AbstractFuture.get(:268435546)
11-21 03:40:01.691 I/WM-WorkerWrapper( 2351): 	at androidx.work.impl.WorkerWrapper$2.run(:3)
11-21 03:40:01.691 I/WM-WorkerWrapper( 2351): 	at androidx.work.impl.utils.SerialExecutor$Task.run(:2)
11-21 03:40:01.691 I/WM-WorkerWrapper( 2351): 	at java.util.concurrent.ThreadPoolExecutor.runWorker(ThreadPoolExecutor.java:1167)
11-21 03:40:01.691 I/WM-WorkerWrapper( 2351): 	at java.util.concurrent.ThreadPoolExecutor$Worker.run(ThreadPoolExecutor.java:641)
11-21 03:40:01.691 I/WM-WorkerWrapper( 2351): 	at java.lang.Thread.run(Thread.java:923)
11-21 03:40:01.769 D/CompatibilityInfo( 1194): mCompatibilityFlags - 4
11-21 03:40:01.769 D/CompatibilityInfo( 1194): applicationDensity - 320
11-21 03:40:01.769 D/CompatibilityInfo( 1194): applicationScale - 1.0
11-21 03:40:01.829 E/StickerBundleDatabaseWorker( 2351): Failed to fetch sticker bundles:
11-21 03:40:01.829 E/StickerBundleDatabaseWorker( 2351): kotlinx.coroutines.JobCancellationException: Job was cancelled; job=JobImpl{Cancelling}@7e4c14a
11-21 03:40:01.829 I/WM-WorkerWrapper( 2351): Work [ id=731e9e35-e8c2-49b1-b246-986e05f06ab6, tags={ com.facebook.wearable.system.selfcare.sharing.StickerBundleDatabaseWorker } ] was cancelled
11-21 03:40:01.829 I/WM-WorkerWrapper( 2351): java.util.concurrent.CancellationException: Task was cancelled.
11-21 03:40:01.829 I/WM-WorkerWrapper( 2351): 	at androidx.work.impl.utils.futures.AbstractFuture.getDoneValue(:32)
11-21 03:40:01.829 I/WM-WorkerWrapper( 2351): 	at androidx.work.impl.utils.futures.AbstractFuture.get(:268435546)
11-21 03:40:01.829 I/WM-WorkerWrapper( 2351): 	at androidx.work.impl.WorkerWrapper$2.run(:3)
11-21 03:40:01.829 I/WM-WorkerWrapper( 2351): 	at androidx.work.impl.utils.SerialExecutor$Task.run(:2)
11-21 03:40:01.829 I/WM-WorkerWrapper( 2351): 	at java.util.concurrent.ThreadPoolExecutor.runWorker(ThreadPoolExecutor.java:1167)
11-21 03:40:01.829 I/WM-WorkerWrapper( 2351): 	at java.util.concurrent.ThreadPoolExecutor$Worker.run(ThreadPoolExecutor.java:641)
11-21 03:40:01.829 I/WM-WorkerWrapper( 2351): 	at java.lang.Thread.run(Thread.java:923)
11-21 03:40:01.829 D/SettingsSDK::SyncHelper( 2351): Read setting com.facebook.wearable.sdk.selfcare:SELFCARE_SERVICE_ENABLED from persistent cache
11-21 03:40:01.830 D/FacebookRepository( 2351): Reading from Store [906581286488774]
11-21 03:40:02.015 E/SelfCareDataCloudSyncWorker( 2351): Failed to get access token
11-21 03:40:02.015 E/SelfCareDataCloudSyncWorker( 2351): kotlinx.coroutines.JobCancellationException: Job was cancelled; job=JobImpl{Cancelling}@58fd433
11-21 03:40:02.015 I/WM-WorkerWrapper( 2351): Work [ id=41176d4d-428f-4560-a8c8-961a1631ba8f, tags={ com.facebook.wearable.system.selfcare.cloudsync.SelfCareDataCloudSyncWorker } ] was cancelled
11-21 03:40:02.015 I/WM-WorkerWrapper( 2351): java.util.concurrent.CancellationException: Task was cancelled.
11-21 03:40:02.015 I/WM-WorkerWrapper( 2351): 	at androidx.work.impl.utils.futures.AbstractFuture.getDoneValue(:32)
11-21 03:40:02.015 I/WM-WorkerWrapper( 2351): 	at androidx.work.impl.utils.futures.AbstractFuture.get(:268435546)
11-21 03:40:02.015 I/WM-WorkerWrapper( 2351): 	at androidx.work.impl.WorkerWrapper$2.run(:3)
11-21 03:40:02.015 I/WM-WorkerWrapper( 2351): 	at androidx.work.impl.utils.SerialExecutor$Task.run(:2)
11-21 03:40:02.015 I/WM-WorkerWrapper( 2351): 	at java.util.concurrent.ThreadPoolExecutor.runWorker(ThreadPoolExecutor.java:1167)
11-21 03:40:02.015 I/WM-WorkerWrapper( 2351): 	at java.util.concurrent.ThreadPoolExecutor$Worker.run(ThreadPoolExecutor.java:641)
11-21 03:40:02.015 I/WM-WorkerWrapper( 2351): 	at java.lang.Thread.run(Thread.java:923)
11-21 03:40:02.096 D/CompatibilityInfo( 1194): mCompatibilityFlags - 4
11-21 03:40:02.096 D/CompatibilityInfo( 1194): applicationDensity - 320
11-21 03:40:02.096 D/CompatibilityInfo( 1194): applicationScale - 1.0
11-21 03:40:02.162 E/StickerBundleDatabaseWorker( 2351): Failed to fetch sticker bundles:
11-21 03:40:02.162 E/StickerBundleDatabaseWorker( 2351): kotlinx.coroutines.JobCancellationException: Job was cancelled; job=JobImpl{Cancelling}@9b17f1c
11-21 03:40:02.163 I/WM-WorkerWrapper( 2351): Work [ id=731e9e35-e8c2-49b1-b246-986e05f06ab6, tags={ com.facebook.wearable.system.selfcare.sharing.StickerBundleDatabaseWorker } ] was cancelled
11-21 03:40:02.163 I/WM-WorkerWrapper( 2351): java.util.concurrent.CancellationException: Task was cancelled.
11-21 03:40:02.163 I/WM-WorkerWrapper( 2351): 	at androidx.work.impl.utils.futures.AbstractFuture.getDoneValue(:32)
11-21 03:40:02.163 I/WM-WorkerWrapper( 2351): 	at androidx.work.impl.utils.futures.AbstractFuture.get(:268435546)
11-21 03:40:02.163 I/WM-WorkerWrapper( 2351): 	at androidx.work.impl.WorkerWrapper$2.run(:3)
11-21 03:40:02.163 I/WM-WorkerWrapper( 2351): 	at androidx.work.impl.utils.SerialExecutor$Task.run(:2)
11-21 03:40:02.163 I/WM-WorkerWrapper( 2351): 	at java.util.concurrent.ThreadPoolExecutor.runWorker(ThreadPoolExecutor.java:1167)
11-21 03:40:02.163 I/WM-WorkerWrapper( 2351): 	at java.util.concurrent.ThreadPoolExecutor$Worker.run(ThreadPoolExecutor.java:641)
11-21 03:40:02.163 I/WM-WorkerWrapper( 2351): 	at java.lang.Thread.run(Thread.java:923)
11-21 03:40:02.163 D/SettingsSDK::SyncHelper( 2351): Read setting com.facebook.wearable.sdk.selfcare:SELFCARE_SERVICE_ENABLED from persistent cache
11-21 03:40:02.164 D/FacebookRepository( 2351): Reading from Store [906581286488774]
11-21 03:40:02.356 E/SelfCareDataCloudSyncWorker( 2351): Failed to get access token
11-21 03:40:02.356 E/SelfCareDataCloudSyncWorker( 2351): kotlinx.coroutines.JobCancellationException: Job was cancelled; job=JobImpl{Cancelling}@9e495b4
11-21 03:40:02.357 I/WM-WorkerWrapper( 2351): Work [ id=41176d4d-428f-4560-a8c8-961a1631ba8f, tags={ com.facebook.wearable.system.selfcare.cloudsync.SelfCareDataCloudSyncWorker } ] was cancelled
11-21 03:40:02.357 I/WM-WorkerWrapper( 2351): java.util.concurrent.CancellationException: Task was cancelled.
11-21 03:40:02.357 I/WM-WorkerWrapper( 2351): 	at androidx.work.impl.utils.futures.AbstractFuture.getDoneValue(:32)
11-21 03:40:02.357 I/WM-WorkerWrapper( 2351): 	at androidx.work.impl.utils.futures.AbstractFuture.get(:268435546)
11-21 03:40:02.357 I/WM-WorkerWrapper( 2351): 	at androidx.work.impl.WorkerWrapper$2.run(:3)
11-21 03:40:02.357 I/WM-WorkerWrapper( 2351): 	at androidx.work.impl.utils.SerialExecutor$Task.run(:2)
11-21 03:40:02.357 I/WM-WorkerWrapper( 2351): 	at java.util.concurrent.ThreadPoolExecutor.runWorker(ThreadPoolExecutor.java:1167)
11-21 03:40:02.357 I/WM-WorkerWrapper( 2351): 	at java.util.concurrent.ThreadPoolExecutor$Worker.run(ThreadPoolExecutor.java:641)
11-21 03:40:02.357 I/WM-WorkerWrapper( 2351): 	at java.lang.Thread.run(Thread.java:923)
11-21 03:40:02.436 D/CompatibilityInfo( 1194): mCompatibilityFlags - 4
11-21 03:40:02.436 D/CompatibilityInfo( 1194): applicationDensity - 320
11-21 03:40:02.436 D/CompatibilityInfo( 1194): applicationScale - 1.0
11-21 03:40:02.500 E/StickerBundleDatabaseWorker( 2351): Failed to fetch sticker bundles:
11-21 03:40:02.500 E/StickerBundleDatabaseWorker( 2351): kotlinx.coroutines.JobCancellationException: Job was cancelled; job=JobImpl{Cancelling}@f0f5920
11-21 03:40:02.500 I/WM-WorkerWrapper( 2351): Work [ id=731e9e35-e8c2-49b1-b246-986e05f06ab6, tags={ com.facebook.wearable.system.selfcare.sharing.StickerBundleDatabaseWorker } ] was cancelled
11-21 03:40:02.500 I/WM-WorkerWrapper( 2351): java.util.concurrent.CancellationException: Task was cancelled.
11-21 03:40:02.500 I/WM-WorkerWrapper( 2351): 	at androidx.work.impl.utils.futures.AbstractFuture.getDoneValue(:32)
11-21 03:40:02.500 I/WM-WorkerWrapper( 2351): 	at androidx.work.impl.utils.futures.AbstractFuture.get(:268435546)
11-21 03:40:02.500 I/WM-WorkerWrapper( 2351): 	at androidx.work.impl.WorkerWrapper$2.run(:3)
11-21 03:40:02.500 I/WM-WorkerWrapper( 2351): 	at androidx.work.impl.utils.SerialExecutor$Task.run(:2)
11-21 03:40:02.500 I/WM-WorkerWrapper( 2351): 	at java.util.concurrent.ThreadPoolExecutor.runWorker(ThreadPoolExecutor.java:1167)
11-21 03:40:02.500 I/WM-WorkerWrapper( 2351): 	at java.util.concurrent.ThreadPoolExecutor$Worker.run(ThreadPoolExecutor.java:641)
11-21 03:40:02.500 I/WM-WorkerWrapper( 2351): 	at java.lang.Thread.run(Thread.java:923)
11-21 03:40:02.500 D/SettingsSDK::SyncHelper( 2351): Read setting com.facebook.wearable.sdk.selfcare:SELFCARE_SERVICE_ENABLED from persistent cache
11-21 03:40:02.500 D/FacebookRepository( 2351): Reading from Store [906581286488774]
11-21 03:40:02.664 E/SelfCareDataCloudSyncWorker( 2351): Failed to get access token
11-21 03:40:02.664 E/SelfCareDataCloudSyncWorker( 2351): kotlinx.coroutines.JobCancellationException: Job was cancelled; job=JobImpl{Cancelling}@29b1411
11-21 03:40:02.664 I/WM-WorkerWrapper( 2351): Work [ id=41176d4d-428f-4560-a8c8-961a1631ba8f, tags={ com.facebook.wearable.system.selfcare.cloudsync.SelfCareDataCloudSyncWorker } ] was cancelled
11-21 03:40:02.664 I/WM-WorkerWrapper( 2351): java.util.concurrent.CancellationException: Task was cancelled.
11-21 03:40:02.664 I/WM-WorkerWrapper( 2351): 	at androidx.work.impl.utils.futures.AbstractFuture.getDoneValue(:32)
11-21 03:40:02.664 I/WM-WorkerWrapper( 2351): 	at androidx.work.impl.utils.futures.AbstractFuture.get(:268435546)
11-21 03:40:02.664 I/WM-WorkerWrapper( 2351): 	at androidx.work.impl.WorkerWrapper$2.run(:3)
11-21 03:40:02.664 I/WM-WorkerWrapper( 2351): 	at androidx.work.impl.utils.SerialExecutor$Task.run(:2)
11-21 03:40:02.664 I/WM-WorkerWrapper( 2351): 	at java.util.concurrent.ThreadPoolExecutor.runWorker(ThreadPoolExecutor.java:1167)
11-21 03:40:02.664 I/WM-WorkerWrapper( 2351): 	at java.util.concurrent.ThreadPoolExecutor$Worker.run(ThreadPoolExecutor.java:641)
11-21 03:40:02.664 I/WM-WorkerWrapper( 2351): 	at java.lang.Thread.run(Thread.java:923)
11-21 03:40:02.743 D/CompatibilityInfo( 1194): mCompatibilityFlags - 4
11-21 03:40:02.743 D/CompatibilityInfo( 1194): applicationDensity - 320
11-21 03:40:02.743 D/CompatibilityInfo( 1194): applicationScale - 1.0
11-21 03:40:02.810 E/StickerBundleDatabaseWorker( 2351): Failed to fetch sticker bundles:
11-21 03:40:02.810 E/StickerBundleDatabaseWorker( 2351): kotlinx.coroutines.JobCancellationException: Job was cancelled; job=JobImpl{Cancelling}@3f42702
11-21 03:40:02.810 I/WM-WorkerWrapper( 2351): Work [ id=731e9e35-e8c2-49b1-b246-986e05f06ab6, tags={ com.facebook.wearable.system.selfcare.sharing.StickerBundleDatabaseWorker } ] was cancelled
11-21 03:40:02.810 I/WM-WorkerWrapper( 2351): java.util.concurrent.CancellationException: Task was cancelled.
11-21 03:40:02.810 I/WM-WorkerWrapper( 2351): 	at androidx.work.impl.utils.futures.AbstractFuture.getDoneValue(:32)
11-21 03:40:02.810 I/WM-WorkerWrapper( 2351): 	at androidx.work.impl.utils.futures.AbstractFuture.get(:268435546)
11-21 03:40:02.810 I/WM-WorkerWrapper( 2351): 	at androidx.work.impl.WorkerWrapper$2.run(:3)
11-21 03:40:02.810 I/WM-WorkerWrapper( 2351): 	at androidx.work.impl.utils.SerialExecutor$Task.run(:2)
11-21 03:40:02.810 I/WM-WorkerWrapper( 2351): 	at java.util.concurrent.ThreadPoolExecutor.runWorker(ThreadPoolExecutor.java:1167)
11-21 03:40:02.810 I/WM-WorkerWrapper( 2351): 	at java.util.concurrent.ThreadPoolExecutor$Worker.run(ThreadPoolExecutor.java:641)
11-21 03:40:02.810 I/WM-WorkerWrapper( 2351): 	at java.lang.Thread.run(Thread.java:923)
11-21 03:40:02.811 D/SettingsSDK::SyncHelper( 2351): Read setting com.facebook.wearable.sdk.selfcare:SELFCARE_SERVICE_ENABLED from persistent cache
11-21 03:40:02.811 D/FacebookRepository( 2351): Reading from Store [906581286488774]
11-21 03:40:02.918 D/UIAutomatorStub(26720): URI: /jsonrpc/0, Method: POST, Header: {content-length=229, remote-addr=127.0.0.1, http-client-ip=127.0.0.1, host=localhost:9010, content-type=application/json, accept-encoding=identity}, params, {NanoHttpd.QUERY_STRING=null}, files: {postData={"jsonrpc": "2.0", "method": "objInfo", "id": "d16727de4b379b0a45d982d8d3c3a5a6", "params": [{"mask": 2097152, "childOrSibling": [], "childOrSiblingSelector": [], "resourceId": "com.facebook.wearable.system.settings:id/toggle"}]}}
11-21 03:40:02.975 D/ConnectivityService( 1194): handleLingerComplete for [100 CELLULAR]
11-21 03:40:03.000 D/QCNEJ/WwanInfoRelay( 1900): onCapabilitiesChanged: 100 [ Transports: CELLULAR Capabilities: MMS&SUPL&FOTA&INTERNET&NOT_RESTRICTED&TRUSTED&NOT_VPN&VALIDATED&NOT_ROAMING&NOT_CONGESTED&NOT_SUSPENDED LinkUpBandwidth>=15000Kbps LinkDnBandwidth>=30000Kbps Specifier: <TelephonyNetworkSpecifier [mSubId = 1]> AdministratorUids: [] RequestorUid: -1 RequestorPackageName: null]
11-21 03:40:03.003 I/QCNEJ/WwanInfoRelay( 1900): cacheWwanInfo subId = 1 phoneId = 0 slotId = 0
11-21 03:40:03.028 D/UIAutomatorStub(26720): URI: /jsonrpc/0, Method: POST, Header: {content-length=227, remote-addr=127.0.0.1, http-client-ip=127.0.0.1, host=localhost:9010, content-type=application/json, accept-encoding=identity}, params, {NanoHttpd.QUERY_STRING=null}, files: {postData={"jsonrpc": "2.0", "method": "click", "id": "c9782b0940e00c814b3aed89fb3cb617", "params": [{"mask": 2097152, "childOrSibling": [], "childOrSiblingSelector": [], "resourceId": "com.facebook.wearable.system.settings:id/toggle"}]}}
11-21 03:40:03.047 E/SelfCareDataCloudSyncWorker( 2351): Failed to get access token
11-21 03:40:03.047 E/SelfCareDataCloudSyncWorker( 2351): kotlinx.coroutines.JobCancellationException: Job was cancelled; job=JobImpl{Cancelling}@84b945a
11-21 03:40:03.048 I/WM-WorkerWrapper( 2351): Work [ id=41176d4d-428f-4560-a8c8-961a1631ba8f, tags={ com.facebook.wearable.system.selfcare.cloudsync.SelfCareDataCloudSyncWorker } ] was cancelled
11-21 03:40:03.048 I/WM-WorkerWrapper( 2351): java.util.concurrent.CancellationException: Task was cancelled.
11-21 03:40:03.048 I/WM-WorkerWrapper( 2351): 	at androidx.work.impl.utils.futures.AbstractFuture.getDoneValue(:32)
11-21 03:40:03.048 I/WM-WorkerWrapper( 2351): 	at androidx.work.impl.utils.futures.AbstractFuture.get(:268435546)
11-21 03:40:03.048 I/WM-WorkerWrapper( 2351): 	at androidx.work.impl.WorkerWrapper$2.run(:3)
11-21 03:40:03.048 I/WM-WorkerWrapper( 2351): 	at androidx.work.impl.utils.SerialExecutor$Task.run(:2)
11-21 03:40:03.048 I/WM-WorkerWrapper( 2351): 	at java.util.concurrent.ThreadPoolExecutor.runWorker(ThreadPoolExecutor.java:1167)
11-21 03:40:03.048 I/WM-WorkerWrapper( 2351): 	at java.util.concurrent.ThreadPoolExecutor$Worker.run(ThreadPoolExecutor.java:641)
11-21 03:40:03.048 I/WM-WorkerWrapper( 2351): 	at java.lang.Thread.run(Thread.java:923)
11-21 03:40:03.049 D/commandrouter( 1117): rtc_sync (1, rtc:sync): <ServiceRequest> FORWARDED (remote -> local) service client ID = 0, token ID = 45678
11-21 03:40:03.049 D/vendor.facebook.rtc_sync@1.0-service( 1129): Request req_ts=1637466003043875694 resp_ts=1637466003049884492
11-21 03:40:03.050 D/commandrouter( 1117): SocServiceHandle::onServiceMessage, SoC Service = rtc_sync, appType = 1, type = SVC_RESP, clientId = 0, token = 45678, payloadLen = 8, result = 0, payload.size() = 8
11-21 03:40:03.078 D/WifiSharingService( 2841): Setting Wi-Fi enabled state
11-21 03:40:03.079 I/WifiService( 1194): setWifiEnabled package=com.facebook.wearable.system.connectivity uid=1000 enable=false
11-21 03:40:03.098 D/QCNEJ/WlanStaInfoRelay( 1900): onChange for uri = content://settings/global/wifi_on
11-21 03:40:03.104 E/QMI_FW  (  927): qmi_cci_get_ref: ref count increased 2
11-21 03:40:03.127 D/WifiActiveModeWarden( 1194): Switching all client mode managers
11-21 03:40:03.130 D/WifiP2pService( 1194): Wifi enabled=false, P2P Interface availability=true
11-21 03:40:03.133 D/WifiP2pService( 1194): Wifi enabled=false, P2P Interface availability=true
11-21 03:40:03.151 D/CompatibilityInfo( 1194): mCompatibilityFlags - 4
11-21 03:40:03.151 D/CompatibilityInfo( 1194): applicationDensity - 320
11-21 03:40:03.151 D/CompatibilityInfo( 1194): applicationScale - 1.0
11-21 03:40:03.166 D/WifiP2pNative( 1194): Teardown P2P interface
11-21 03:40:03.173 D/WifiClientModeManager1( 1194): IMS not registered over IWLAN for subId: 1
11-21 03:40:03.173 D/WifiClientModeManager1( 1194): The target role 5
11-21 03:40:03.205 I/android_os_HwBinder( 1194): HwBinder: Starting thread pool for getting: android.hardware.wifi.supplicant@1.0::ISupplicant/default
11-21 03:40:03.220 I/wpa_supplicant( 9306): wlan0: Do not deauthenticate as part of interface deinit since WoWLAN is enabled
11-21 03:40:03.227 W/ContextImpl( 1194): Calling a method in the system process without a qualified user: android.app.ContextImpl.sendBroadcastMultiplePermissions:1143 android.content.Context.sendBroadcastWithMultiplePermissions:2150 com.android.server.display.WifiDisplayAdapter.handleSendStatusChangeBroadcast:440 com.android.server.display.WifiDisplayAdapter.access$1700:63 com.android.server.display.WifiDisplayAdapter$WifiDisplayHandler.handleMessage:675 
11-21 03:40:03.227 E/StickerBundleDatabaseWorker( 2351): Failed to fetch sticker bundles:
11-21 03:40:03.227 E/StickerBundleDatabaseWorker( 2351): kotlinx.coroutines.JobCancellationException: Job was cancelled; job=JobImpl{Cancelling}@81e9c26
11-21 03:40:03.227 I/WM-WorkerWrapper( 2351): Work [ id=731e9e35-e8c2-49b1-b246-986e05f06ab6, tags={ com.facebook.wearable.system.selfcare.sharing.StickerBundleDatabaseWorker } ] was cancelled
11-21 03:40:03.227 I/WM-WorkerWrapper( 2351): java.util.concurrent.CancellationException: Task was cancelled.
11-21 03:40:03.227 I/WM-WorkerWrapper( 2351): 	at androidx.work.impl.utils.futures.AbstractFuture.getDoneValue(:32)
11-21 03:40:03.227 I/WM-WorkerWrapper( 2351): 	at androidx.work.impl.utils.futures.AbstractFuture.get(:268435546)
11-21 03:40:03.227 I/WM-WorkerWrapper( 2351): 	at androidx.work.impl.WorkerWrapper$2.run(:3)
11-21 03:40:03.227 I/WM-WorkerWrapper( 2351): 	at androidx.work.impl.utils.SerialExecutor$Task.run(:2)
11-21 03:40:03.227 I/WM-WorkerWrapper( 2351): 	at java.util.concurrent.ThreadPoolExecutor.runWorker(ThreadPoolExecutor.java:1167)
11-21 03:40:03.227 I/WM-WorkerWrapper( 2351): 	at java.util.concurrent.ThreadPoolExecutor$Worker.run(ThreadPoolExecutor.java:641)
11-21 03:40:03.227 I/WM-WorkerWrapper( 2351): 	at java.lang.Thread.run(Thread.java:923)
11-21 03:40:03.228 D/SettingsSDK::SyncHelper( 2351): Read setting com.facebook.wearable.sdk.selfcare:SELFCARE_SERVICE_ENABLED from persistent cache
11-21 03:40:03.228 D/FacebookRepository( 2351): Reading from Store [906581286488774]
11-21 03:40:03.259 I/wpa_supplicant( 9306): Try to unregister vendor STA network
11-21 03:40:03.271 E/wpa_supplicant( 9306): eap_proxy: pthread_join on eap_proxy=0x6a9feac
11-21 03:40:03.275 E/wpa_supplicant( 9306): eap_proxy: session not started for client = 1
11-21 03:40:03.275 E/QMI_FW  ( 9306): qmi_cci_get_ref: ref count increased 2
11-21 03:40:03.276 E/QMI_FW  ( 9306): qmi_cci_get_ref: ref count increased 2
11-21 03:40:03.278 E/wpa_supplicant( 9306): eap_proxy: Released QMI UIM service client
11-21 03:40:03.278 E/QMI_FW  ( 9306): qmi_cci_get_ref: ref count increased 2
11-21 03:40:03.278 E/QMI_FW  ( 9306): qmi_cci_get_ref: ref count increased 2
11-21 03:40:03.279 E/wpa_supplicant( 9306): eap_proxy: Released QMI EAP service client
11-21 03:40:03.279 E/wpa_supplicant( 9306): eap_proxy: session not started for client = 2
11-21 03:40:03.280 E/QMI_FW  ( 9306): qmi_cci_get_ref: ref count increased 2
11-21 03:40:03.280 E/QMI_FW  ( 9306): qmi_cci_get_ref: ref count increased 2
11-21 03:40:03.281 E/wpa_supplicant( 9306): eap_proxy: Released QMI UIM service client
11-21 03:40:03.281 E/QMI_FW  ( 9306): qmi_cci_get_ref: ref count increased 2
11-21 03:40:03.281 E/QMI_FW  ( 9306): qmi_cci_get_ref: ref count increased 2
11-21 03:40:03.284 E/wpa_supplicant( 9306): eap_proxy: Released QMI EAP service client
11-21 03:40:03.284 I/wpa_supplicant( 9306): eap_proxy: eap_proxy Deinitialzed
11-21 03:40:03.355 I/wpa_supplicant( 9306): nl80211: deinit ifname=wlan0 disabled_11b_rates=0
11-21 03:40:03.410 I/wpa_supplicant( 9306): Try to unregister vendor interface
11-21 03:40:03.412 D/LOWI-9.0.0.80( 1024): [LOWINetlinkSocketReceiver] unpackRTMLinkMessage: RTM_NEWLINK - ifname wlan0, flags 0x11043 ([UP][RUNNING])
