--------- beginning of system
11-19 17:05:05.726 D/commandrouter( 1117): SocServiceHandle::onServiceMessage, SoC Service = mcu_healthcheck_946, appType = 1, type = SVC_REQ, clientId = 0, token = 76, payloadLen = 20, result = 0, payload.size() = 20
11-19 17:05:05.730 D/commandrouter( 1117): mcu_healthcheck_946 (1, merlot:mcu_health:control): <ServiceResponse> FORWARDED (remote -> local) CR token ID = 76, service client ID = 6, token ID = 565, result = 0
11-19 17:05:06.388 I/chatty  ( 1194): uid=1000 system_server expire 1 line
11-19 17:05:06.633 I/chatty  ( 1194): uid=1000(system) android.ui expire 13 lines
11-19 17:05:06.980 D/commandrouter( 1117): SocServiceHandle::onServiceMessage, SoC Service = mcu_healthcheck_1118, appType = 1, type = SVC_REQ, clientId = 0, token = 153, payloadLen = 12, result = 0, payload.size() = 12
11-19 17:05:06.985 D/commandrouter( 1117): mcu_healthcheck_1118 (1, merlot:mcu_health:control): <ServiceResponse> FORWARDED (remote -> local) CR token ID = 153, service client ID = 40, token ID = 566, result = 0
11-19 17:05:06.986 D/mculinkhealth( 1118): isMcuReachable 1 (6 ms)
11-19 17:05:08.161 I/chatty  ( 1194): uid=1000(system) LazyTaskWriterT expire 3 lines
11-19 17:05:12.429 D/commandrouter( 1117): rtc_sync (1, rtc:sync): <ServiceRequest> FORWARDED (remote -> local) service client ID = 0, token ID = 33229
11-19 17:05:12.430 D/commandrouter( 1117): SocServiceHandle::onServiceMessage, SoC Service = rtc_sync, appType = 1, type = SVC_RESP, clientId = 0, token = 33229, payloadLen = 8, result = 0, payload.size() = 8
11-19 17:05:19.156 I/chatty  ( 1194): uid=1000(system) Binder:1194_1A expire 4 lines
11-19 17:05:22.423 D/commandrouter( 1117): rtc_sync (1, rtc:sync): <ServiceRequest> FORWARDED (remote -> local) service client ID = 0, token ID = 33230
11-19 17:05:22.424 D/commandrouter( 1117): SocServiceHandle::onServiceMessage, SoC Service = rtc_sync, appType = 1, type = SVC_RESP, clientId = 0, token = 33230, payloadLen = 8, result = 0, payload.size() = 8
11-19 17:05:23.788 I/chatty  ( 1194): uid=1000(system) DeviceStorageMo expire 2 lines
11-19 17:05:27.157 I/chatty  ( 1194): uid=1000(system) Binder:1194_11 expire 4 lines
11-19 17:05:32.414 D/commandrouter( 1117): rtc_sync (1, rtc:sync): <ServiceRequest> FORWARDED (remote -> local) service client ID = 0, token ID = 33231
11-19 17:05:32.415 D/commandrouter( 1117): SocServiceHandle::onServiceMessage, SoC Service = rtc_sync, appType = 1, type = SVC_RESP, clientId = 0, token = 33231, payloadLen = 8, result = 0, payload.size() = 8
11-19 17:05:33.897 I/chatty  ( 1194): uid=1000(system) android.display expire 1 line
11-19 17:05:34.853 I/chatty  ( 1194): uid=1000(system) WifiP2pService expire 2 lines
11-19 17:05:34.854 I/chatty  ( 1194): uid=1000(system) ActivityManager expire 1 line
11-19 17:05:36.986 D/commandrouter( 1117): SocServiceHandle::onServiceMessage, SoC Service = mcu_healthcheck_1118, appType = 1, type = SVC_REQ, clientId = 0, token = 154, payloadLen = 12, result = 0, payload.size() = 12
11-19 17:05:36.990 D/commandrouter( 1117): mcu_healthcheck_1118 (1, merlot:mcu_health:control): <ServiceResponse> FORWARDED (remote -> local) CR token ID = 154, service client ID = 40, token ID = 567, result = 0
11-19 17:05:36.990 D/mculinkhealth( 1118): isMcuReachable 1 (4 ms)
11-19 17:05:37.384 I/chatty  ( 1194): uid=1000(system) WifiHandlerThre expire 2 lines
11-19 17:05:37.681 W/wificond(  906): Scan is not started. Ignore abort request
11-19 17:05:38.346 I/chatty  ( 1194): uid=1000(system) ConnectivitySer expire 34 lines
11-19 17:05:39.922 E/NetlinkEvent(  459): NetlinkEvent::FindParam(): Parameter 'INTERFACE' not found
11-19 17:05:39.922 E/NetlinkEvent(  459): NetlinkEvent::FindParam(): Parameter 'STATE' not found
11-19 17:05:39.922 E/NetlinkEvent(  459): NetlinkEvent::FindParam(): Parameter 'TIME_NS' not found
11-19 17:05:39.922 E/NetlinkEvent(  459): NetlinkEvent::FindParam(): Parameter 'UID' not found
11-19 17:05:40.232 I/chatty  ( 1194): uid=1000 system_server expire 1 line
11-19 17:05:40.233 I/chatty  ( 1194): uid=1000(system) ActivityManager expire 7 lines
11-19 17:05:41.501 I/chatty  ( 1194): uid=1000(system) Binder:1194_19 expire 4 lines
11-19 17:05:42.409 D/commandrouter( 1117): rtc_sync (1, rtc:sync): <ServiceRequest> FORWARDED (remote -> local) service client ID = 0, token ID = 33232
11-19 17:05:42.410 D/commandrouter( 1117): SocServiceHandle::onServiceMessage, SoC Service = rtc_sync, appType = 1, type = SVC_RESP, clientId = 0, token = 33232, payloadLen = 8, result = 0, payload.size() = 8
11-19 17:05:47.547 I/chatty  ( 1194): uid=1000(system) android.ui expire 10 lines
11-19 17:05:52.156 I/chatty  ( 1194): uid=1000(system) LazyTaskWriterT expire 2 lines
11-19 17:05:52.399 D/commandrouter( 1117): rtc_sync (1, rtc:sync): <ServiceRequest> FORWARDED (remote -> local) service client ID = 0, token ID = 33233
11-19 17:05:52.399 D/commandrouter( 1117): SocServiceHandle::onServiceMessage, SoC Service = rtc_sync, appType = 1, type = SVC_RESP, clientId = 0, token = 33233, payloadLen = 8, result = 0, payload.size() = 8
11-19 17:05:54.153 I/chatty  ( 1194): uid=1000(system) Binder:1194_1A expire 4 lines
11-19 17:06:02.391 D/commandrouter( 1117): rtc_sync (1, rtc:sync): <ServiceRequest> FORWARDED (remote -> local) service client ID = 0, token ID = 33234
11-19 17:06:02.392 D/commandrouter( 1117): SocServiceHandle::onServiceMessage, SoC Service = rtc_sync, appType = 1, type = SVC_RESP, clientId = 0, token = 33234, payloadLen = 8, result = 0, payload.size() = 8
11-19 17:06:05.732 D/commandrouter( 1117): SocServiceHandle::onServiceMessage, SoC Service = mcu_healthcheck_946, appType = 1, type = SVC_REQ, clientId = 0, token = 77, payloadLen = 20, result = 0, payload.size() = 20
11-19 17:06:05.736 D/commandrouter( 1117): mcu_healthcheck_946 (1, merlot:mcu_health:control): <ServiceResponse> FORWARDED (remote -> local) CR token ID = 77, service client ID = 6, token ID = 568, result = 0
11-19 17:06:06.992 D/commandrouter( 1117): SocServiceHandle::onServiceMessage, SoC Service = mcu_healthcheck_1118, appType = 1, type = SVC_REQ, clientId = 0, token = 155, payloadLen = 12, result = 0, payload.size() = 12
11-19 17:06:06.996 D/commandrouter( 1117): mcu_healthcheck_1118 (1, merlot:mcu_health:control): <ServiceResponse> FORWARDED (remote -> local) CR token ID = 155, service client ID = 40, token ID = 569, result = 0
11-19 17:06:06.997 D/mculinkhealth( 1118): isMcuReachable 1 (5 ms)
11-19 17:06:09.914 I/chatty  ( 1194): uid=1000(system) ConnectivitySer expire 1 line
11-19 17:06:12.383 D/commandrouter( 1117): rtc_sync (1, rtc:sync): <ServiceRequest> FORWARDED (remote -> local) service client ID = 0, token ID = 33235
11-19 17:06:12.384 D/commandrouter( 1117): SocServiceHandle::onServiceMessage, SoC Service = rtc_sync, appType = 1, type = SVC_RESP, clientId = 0, token = 33235, payloadLen = 8, result = 0, payload.size() = 8
11-19 17:06:19.385 I/chatty  ( 1194): uid=1000 system_server expire 1 line
11-19 17:06:22.379 D/commandrouter( 1117): rtc_sync (1, rtc:sync): <ServiceRequest> FORWARDED (remote -> local) service client ID = 0, token ID = 33236
11-19 17:06:22.379 D/commandrouter( 1117): SocServiceHandle::onServiceMessage, SoC Service = rtc_sync, appType = 1, type = SVC_RESP, clientId = 0, token = 33236, payloadLen = 8, result = 0, payload.size() = 8
11-19 17:06:22.606 I/chatty  ( 1194): uid=1000(system) android.ui expire 2 lines
11-19 17:06:23.863 I/chatty  ( 1194): uid=1000(system) DeviceStorageMo expire 2 lines
11-19 17:06:24.145 I/chatty  ( 1194): uid=1000(system) Binder:1194_D expire 4 lines
11-19 17:06:27.180 I/chatty  ( 1194): uid=1000(system) LazyTaskWriterT expire 3 lines
11-19 17:06:31.903 I/chatty  ( 1194): uid=1000(system) android.display expire 2 lines
11-19 17:06:32.375 D/commandrouter( 1117): rtc_sync (1, rtc:sync): <ServiceRequest> FORWARDED (remote -> local) service client ID = 0, token ID = 33237
11-19 17:06:32.376 D/commandrouter( 1117): SocServiceHandle::onServiceMessage, SoC Service = rtc_sync, appType = 1, type = SVC_RESP, clientId = 0, token = 33237, payloadLen = 8, result = 0, payload.size() = 8
11-19 17:06:32.553 I/chatty  ( 1194): uid=1000(system) ConnectivitySer expire 18 lines
11-19 17:06:32.760 I/chatty  ( 1194): uid=1000 system_server expire 3 lines
11-19 17:06:32.761 E/NetlinkEvent(  459): NetlinkEvent::FindParam(): Parameter 'INTERFACE' not found
11-19 17:06:32.761 E/NetlinkEvent(  459): NetlinkEvent::FindParam(): Parameter 'STATE' not found
11-19 17:06:32.761 E/NetlinkEvent(  459): NetlinkEvent::FindParam(): Parameter 'TIME_NS' not found
11-19 17:06:32.761 E/NetlinkEvent(  459): NetlinkEvent::FindParam(): Parameter 'UID' not found
11-19 17:06:33.180 I/McuTransferService( 2004): Request with notification:indicator:update_request type was scheduled to sent to notification:indicator:update
11-19 17:06:33.207 I/McuTransferService( 2004): Request with notification:indicator:update_request type was sent to notification:indicator:update
11-19 17:06:33.208 D/commandrouter( 1117): SocServiceHandle::onServiceMessage, SoC Service = v, appType = 2, type = SVC_REQ, clientId = 0, token = 1, payloadLen = 20, result = 0, payload.size() = 20
11-19 17:06:33.210 D/commandrouter( 1117): v (2, notification:indicator:update): <ServiceResponse> FORWARDED (remote -> local) CR token ID = 1, service client ID = 33, token ID = 570, result = 105
11-19 17:06:33.215 D/McuTransferService( 2004): get response for request notification:indicator:update_request, response type notification:indicator:update_response
11-19 17:06:33.230 D/McuTransferService( 2004): Sent response data back for request notification:indicator:update_request
11-19 17:06:33.230 D/McuTransferService( 2004): done processing response
11-19 17:06:36.890 I/chatty  ( 1194): uid=1000(system) android.ui expire 8 lines
11-19 17:06:36.998 D/commandrouter( 1117): SocServiceHandle::onServiceMessage, SoC Service = mcu_healthcheck_1118, appType = 1, type = SVC_REQ, clientId = 0, token = 156, payloadLen = 12, result = 0, payload.size() = 12
11-19 17:06:37.002 D/commandrouter( 1117): mcu_healthcheck_1118 (1, merlot:mcu_health:control): <ServiceResponse> FORWARDED (remote -> local) CR token ID = 156, service client ID = 40, token ID = 571, result = 0
11-19 17:06:37.002 D/mculinkhealth( 1118): isMcuReachable 1 (5 ms)
11-19 17:06:42.375 D/commandrouter( 1117): rtc_sync (1, rtc:sync): <ServiceRequest> FORWARDED (remote -> local) service client ID = 0, token ID = 33238
11-19 17:06:42.375 D/commandrouter( 1117): SocServiceHandle::onServiceMessage, SoC Service = rtc_sync, appType = 1, type = SVC_RESP, clientId = 0, token = 33238, payloadLen = 8, result = 0, payload.size() = 8
11-19 17:06:44.156 I/chatty  ( 1194): uid=1000(system) Binder:1194_6 expire 4 lines
11-19 17:06:52.006 I/chatty  ( 1194): uid=1000(system) WifiP2pService expire 2 lines
11-19 17:06:52.009 I/chatty  ( 1194): uid=1000(system) ActivityManager expire 1 line
11-19 17:06:52.072 W/wificond(  906): Scan is not started. Ignore abort request
11-19 17:06:52.364 D/commandrouter( 1117): rtc_sync (1, rtc:sync): <ServiceRequest> FORWARDED (remote -> local) service client ID = 0, token ID = 33239
11-19 17:06:52.365 D/commandrouter( 1117): SocServiceHandle::onServiceMessage, SoC Service = rtc_sync, appType = 1, type = SVC_RESP, clientId = 0, token = 33239, payloadLen = 8, result = 0, payload.size() = 8
11-19 17:06:52.518 I/chatty  ( 1194): uid=1000(system) WifiHandlerThre expire 1 line
11-19 17:06:52.901 I/Nat464Xlat( 1194): Android Xlat is disabled
11-19 17:06:52.977 D/ConnectivityService( 1194): [103 WIFI] EVENT_NETWORK_INFO_CHANGED, going from UNKNOWN to CONNECTED
11-19 17:06:52.979 D/DnsManager( 1194): sendDnsConfigurationForNetwork(103, [192.168.1.1], [], 1800, 25, 8, 64, 0, 0, , [])
11-19 17:06:52.981 W/DnsManager( 1194): updatePrivateDns(103, PrivateDnsConfig{true:/[]})
11-19 17:06:52.981 D/ConnectivityService( 1194): Setting DNS servers for network 103 to [/192.168.1.1]
11-19 17:06:52.981 D/DnsManager( 1194): sendDnsConfigurationForNetwork(103, [192.168.1.1], [], 1800, 25, 8, 64, 0, 0, , [192.168.1.1])
11-19 17:06:52.983 D/ConnectivityService( 1194): Adding iface wlan0 to network 103
11-19 17:06:53.014 D/ConnectivityService( 1194): Setting DNS servers for network 103 to [/192.168.1.1]
11-19 17:06:53.014 D/DnsManager( 1194): sendDnsConfigurationForNetwork(103, [192.168.1.1], [], 1800, 25, 8, 64, 0, 0, , [192.168.1.1])
11-19 17:06:53.016 I/Nat464Xlat( 1194): Android Xlat is disabled
11-19 17:06:53.016 I/Nat464Xlat( 1194): Android Xlat is disabled
11-19 17:06:53.091 D/ConnectivityService( 1194): NetReassign [no changes]
11-19 17:06:53.307 D/ConnectivityService( 1194): [103 WIFI] validation passed
11-19 17:06:53.308 D/ConnectivityService( 1194): NetReassign [8 : 100 → 103, 20 : 100 → 103, 46 : 100 → 103, 52 : 100 → 103, 45 : 100 → 103, 54 : 100 → 103, 12 : 100 → 103, 22 : 100 → 103, 16 : 100 → 103, 49 : 100 → 103, 14 : 100 → 103, 50 : 100 → 103, 18 : 100 → 103, 53 : 100 → 103, 78 : 100 → 103, 11 : 100 → 103, 1 : 100 → 103, 69 : 100 → 103, 17 : 100 → 103]
11-19 17:06:53.312 E/NetlinkEvent(  459): NetlinkEvent::FindParam(): Parameter 'INTERFACE' not found
11-19 17:06:53.312 E/NetlinkEvent(  459): NetlinkEvent::FindParam(): Parameter 'STATE' not found
11-19 17:06:53.312 E/NetlinkEvent(  459): NetlinkEvent::FindParam(): Parameter 'TIME_NS' not found
11-19 17:06:53.312 E/NetlinkEvent(  459): NetlinkEvent::FindParam(): Parameter 'UID' not found
11-19 17:06:53.326 D/ConnectivityService( 1194): Switching to new default network: NetworkAgentInfo{ ni{[type: WIFI[], state: CONNECTED/CONNECTED, reason: (unspecified), extra: , failover: false, available: true, roaming: false]}  network{103}  nethandle{445787328525}  lp{{InterfaceName: wlan0 LinkAddresses: [ 192.168.1.39/24 ] DnsAddresses: [ /192.168.1.1 ] Domains: null MTU: 0 ServerAddress: /192.168.1.1 TcpBufferSizes: 524288,1048576,2097152,262144,524288,1048576 Routes: [ fe80::/64 -> :: wlan0 mtu 0,192.168.1.0/24 -> 0.0.0.0 wlan0 mtu 0,0.0.0.0/0 -> 192.168.1.1 wlan0 mtu 0 ]}}  nc{[ Transports: WIFI Capabilities: NOT_METERED&INTERNET&NOT_RESTRICTED&TRUSTED&NOT_VPN&VALIDATED&NOT_ROAMING&FOREGROUND&NOT_CONGESTED&NOT_SUSPENDED LinkUpBandwidth>=68000Kbps LinkDnBandwidth>=68000Kbps SignalStrength: -32 OwnerUid: 1000 SSID: "MTBF_Lab" RequestorUid: -1 RequestorPackageName: null]}  Score{60}  everValidated{true}  lastValidated{true}  created{true} lingering{false} explicitlySelected{false} acceptUnvalidated{false} everCaptivePortalDetected{false} lastCaptivePortalDetected{false} partialConnectivity{false} acceptPartialConnectivity{false} clat{mBaseIface: null, mIface: null, mState: IDLE} }
11-19 17:06:53.473 D/ConnectivityService( 1194): Lingering [100 CELLULAR] for 30000ms
11-19 17:06:53.481 D/ConnectivityService( 1194): Sending DISCONNECTED broadcast for type 0 [100 CELLULAR] isDefaultNetwork=true
11-19 17:06:53.483 D/ConnectivityService( 1194): Sending CONNECTED broadcast for type 1 [103 WIFI] isDefaultNetwork=true
11-19 17:06:53.541 D/ConnectivityService( 1194): Setting DNS servers for network 103 to [/192.168.1.1]
11-19 17:06:53.541 D/DnsManager( 1194): sendDnsConfigurationForNetwork(103, [192.168.1.1], [], 1800, 25, 8, 64, 0, 0, , [192.168.1.1])
11-19 17:06:54.303 I/Nat464Xlat( 1194): Android Xlat is disabled
11-19 17:06:54.303 I/Nat464Xlat( 1194): Android Xlat is disabled
11-19 17:07:02.367 D/commandrouter( 1117): rtc_sync (1, rtc:sync): <ServiceRequest> FORWARDED (remote -> local) service client ID = 0, token ID = 33240
11-19 17:07:02.368 D/commandrouter( 1117): SocServiceHandle::onServiceMessage, SoC Service = rtc_sync, appType = 1, type = SVC_RESP, clientId = 0, token = 33240, payloadLen = 8, result = 0, payload.size() = 8
11-19 17:07:05.738 D/commandrouter( 1117): SocServiceHandle::onServiceMessage, SoC Service = mcu_healthcheck_946, appType = 1, type = SVC_REQ, clientId = 0, token = 78, payloadLen = 20, result = 0, payload.size() = 20
11-19 17:07:05.743 D/commandrouter( 1117): mcu_healthcheck_946 (1, merlot:mcu_health:control): <ServiceResponse> FORWARDED (remote -> local) CR token ID = 78, service client ID = 6, token ID = 572, result = 0
11-19 17:07:07.004 D/commandrouter( 1117): SocServiceHandle::onServiceMessage, SoC Service = mcu_healthcheck_1118, appType = 1, type = SVC_REQ, clientId = 0, token = 157, payloadLen = 12, result = 0, payload.size() = 12
11-19 17:07:07.010 D/commandrouter( 1117): mcu_healthcheck_1118 (1, merlot:mcu_health:control): <ServiceResponse> FORWARDED (remote -> local) CR token ID = 157, service client ID = 40, token ID = 573, result = 0
11-19 17:07:07.010 D/mculinkhealth( 1118): isMcuReachable 1 (6 ms)
11-19 17:07:12.352 D/AutofillManagerService( 1194): onBackKeyPressed()
11-19 17:07:12.390 D/commandrouter( 1117): rtc_sync (1, rtc:sync): <ServiceRequest> FORWARDED (remote -> local) service client ID = 0, token ID = 33241
11-19 17:07:12.392 D/commandrouter( 1117): SocServiceHandle::onServiceMessage, SoC Service = rtc_sync, appType = 1, type = SVC_RESP, clientId = 0, token = 33241, payloadLen = 8, result = 0, payload.size() = 8
11-19 17:07:12.887 D/AutofillManagerService( 1194): onBackKeyPressed()
11-19 17:07:13.410 I/chatty  ( 1194): uid=1000(system) android.ui identical 1 line
11-19 17:07:14.628 D/AutofillManagerService( 1194): onBackKeyPressed()
11-19 17:07:15.136 W/ActivityManager( 1194): Invalid packageName: com.facebook.wearable.system.settings/com.facebook.wearable.system.settings.SettingsActivity
11-19 17:07:15.269 I/ActivityTaskManager( 1194): START u0 {flg=0x10000000 cmp=com.facebook.wearable.system.settings/.SettingsActivity} from uid 0
11-19 17:07:15.287 I/ActivityTaskManager( 1194): The Process com.facebook.wearable.system.settings Already Exists in BG. So sending its PID: 2752
11-19 17:07:15.287 W/ActivityTaskManager( 1194): Tried to set launchTime (0) < mLastActivityLaunchTime (4750560)
11-19 17:07:17.978 E/TaskPersister( 1194): File error accessing recents directory (directory doesn't exist?).
11-19 17:07:22.357 D/commandrouter( 1117): rtc_sync (1, rtc:sync): <ServiceRequest> FORWARDED (remote -> local) service client ID = 0, token ID = 33242
11-19 17:07:22.357 D/commandrouter( 1117): SocServiceHandle::onServiceMessage, SoC Service = rtc_sync, appType = 1, type = SVC_RESP, clientId = 0, token = 33242, payloadLen = 8, result = 0, payload.size() = 8
11-19 17:07:22.700 D/AnalyticsLogger( 1194): sent events: 14
11-19 17:07:22.857 W/ContextImpl( 1194): Calling a method in the system process without a qualified user: android.app.ContextImpl.sendBroadcastMultiplePermissions:1143 android.content.Context.sendBroadcastWithMultiplePermissions:2150 com.android.server.display.WifiDisplayAdapter.handleSendStatusChangeBroadcast:440 com.android.server.display.WifiDisplayAdapter.access$1700:63 com.android.server.display.WifiDisplayAdapter$WifiDisplayHandler.handleMessage:675 
11-19 17:07:23.282 D/ConnectivityService( 1194): [103 WIFI] EVENT_NETWORK_INFO_CHANGED, going from CONNECTED to DISCONNECTED
11-19 17:07:23.282 D/ConnectivityService( 1194): [103 WIFI] disconnected, was satisfying 30
11-19 17:07:23.361 I/Nat464Xlat( 1194): Android Xlat is disabled
11-19 17:07:23.361 I/Nat464Xlat( 1194): Android Xlat is disabled
11-19 17:07:23.431 D/ConnectivityService( 1194): Sending DISCONNECTED broadcast for type 1 [103 WIFI] isDefaultNetwork=true
11-19 17:07:23.439 D/ConnectivityService( 1194): NetReassign [8 : null → 100, 20 : null → 100, 46 : null → 100, 52 : null → 100, 45 : null → 100, 54 : null → 100, 12 : null → 100, 22 : null → 100, 16 : null → 100, 49 : null → 100, 14 : null → 100, 50 : null → 100, 18 : null → 100, 53 : null → 100, 78 : null → 100, 11 : null → 100, 1 : null → 100, 69 : null → 100, 17 : null → 100]
11-19 17:07:23.450 E/NetlinkEvent(  459): NetlinkEvent::FindParam(): Parameter 'INTERFACE' not found
11-19 17:07:23.450 E/NetlinkEvent(  459): NetlinkEvent::FindParam(): Parameter 'STATE' not found
11-19 17:07:23.450 E/NetlinkEvent(  459): NetlinkEvent::FindParam(): Parameter 'TIME_NS' not found
11-19 17:07:23.451 E/NetlinkEvent(  459): NetlinkEvent::FindParam(): Parameter 'UID' not found
11-19 17:07:23.471 D/ConnectivityService( 1194): Switching to new default network: NetworkAgentInfo{ ni{[type: MOBILE[LTE], state: CONNECTED/CONNECTED, reason: (unspecified), extra: nxtgenphone, failover: false, available: true, roaming: false]}  network{100}  nethandle{432902426637}  lp{{InterfaceName: rmnet_data2 LinkAddresses: [ 10.129.103.196/29,2600:380:c119:24f:b89a:9f3c:46c1:95af/64 ] DnsAddresses: [ /172.26.38.1,/fc00:a:a::300 ] Domains: null MTU: 1430 TcpBufferSizes: 2097152,4194304,8388608,262144,524288,1048576 Routes: [ 0.0.0.0/0 -> 10.129.103.197 rmnet_data2 mtu 1430,::/0 -> fe80::b45f:41f1:1846:969d rmnet_data2 mtu 1430,10.129.103.192/29 -> 0.0.0.0 rmnet_data2 mtu 0,2600:380:c119:24f::/64 -> :: rmnet_data2 mtu 0 ]}}  nc{[ Transports: CELLULAR Capabilities: MMS&SUPL&FOTA&INTERNET&NOT_RESTRICTED&TRUSTED&NOT_VPN&VALIDATED&NOT_ROAMING&FOREGROUND&NOT_CONGESTED&NOT_SUSPENDED LinkUpBandwidth>=15000Kbps LinkDnBandwidth>=30000Kbps Specifier: <TelephonyNetworkSpecifier [mSubId = 1]> AdministratorUids: [] RequestorUid: -1 RequestorPackageName: null]}  Score{50}  everValidated{true}  lastValidated{true}  created{true} lingering{true} explicitlySelected{false} acceptUnvalidated{false} everCaptivePortalDetected{false} lastCaptivePortalDetected{false} partialConnectivity{false} acceptPartialConnectivity{false} clat{mBaseIface: null, mIface: null, mState: IDLE} }
11-19 17:07:23.655 D/ConnectivityService( 1194): Unlingering [100 CELLULAR]
11-19 17:07:23.655 D/ConnectivityService( 1194): Sending CONNECTED broadcast for type 0 [100 CELLULAR] isDefaultNetwork=true
11-19 17:07:23.947 D/AppStorageManager( 1194): BEFORE:: Previous Size: 1061011456 Current Size: 1061023744
11-19 17:07:23.947 D/AppStorageManager( 1194): AFTER:: Previous Size: 1061023744 Current Size: 1061023744
11-19 17:07:27.623 D/AutofillManagerService( 1194): onBackKeyPressed()
11-19 17:07:30.621 I/chatty  ( 1194): uid=1000(system) android.ui identical 4 lines
11-19 17:07:31.633 D/AutofillManagerService( 1194): onBackKeyPressed()
11-19 17:07:32.169 E/TaskPersister( 1194): File error accessing recents directory (directory doesn't exist?).
11-19 17:07:32.349 D/commandrouter( 1117): rtc_sync (1, rtc:sync): <ServiceRequest> FORWARDED (remote -> local) service client ID = 0, token ID = 33243
11-19 17:07:32.350 D/commandrouter( 1117): SocServiceHandle::onServiceMessage, SoC Service = rtc_sync, appType = 1, type = SVC_RESP, clientId = 0, token = 33243, payloadLen = 8, result = 0, payload.size() = 8
11-19 17:07:32.632 D/AutofillManagerService( 1194): onBackKeyPressed()
11-19 17:07:33.626 D/AutofillManagerService( 1194): onBackKeyPressed()
11-19 17:07:34.154 W/ActivityManager( 1194): Invalid packageName: com.facebook.wearable.system.settings/com.facebook.wearable.system.settings.SettingsActivity
11-19 17:07:34.287 I/ActivityTaskManager( 1194): START u0 {flg=0x10000000 cmp=com.facebook.wearable.system.settings/.SettingsActivity} from uid 0
11-19 17:07:34.305 I/ActivityTaskManager( 1194): The Process com.facebook.wearable.system.settings Already Exists in BG. So sending its PID: 2752
11-19 17:07:34.305 W/ActivityTaskManager( 1194): Tried to set launchTime (0) < mLastActivityLaunchTime (4781552)
11-19 17:07:37.012 D/commandrouter( 1117): SocServiceHandle::onServiceMessage, SoC Service = mcu_healthcheck_1118, appType = 1, type = SVC_REQ, clientId = 0, token = 158, payloadLen = 12, result = 0, payload.size() = 12
11-19 17:07:37.017 D/commandrouter( 1117): mcu_healthcheck_1118 (1, merlot:mcu_health:control): <ServiceResponse> FORWARDED (remote -> local) CR token ID = 158, service client ID = 40, token ID = 574, result = 0
11-19 17:07:37.018 D/mculinkhealth( 1118): isMcuReachable 1 (6 ms)
11-19 17:07:38.464 E/TaskPersister( 1194): File error accessing recents directory (directory doesn't exist?).
11-19 17:07:40.844 W/ContextImpl( 1194): Calling a method in the system process without a qualified user: android.app.ContextImpl.sendBroadcastMultiplePermissions:1143 android.content.Context.sendBroadcastWithMultiplePermissions:2150 com.android.server.display.WifiDisplayAdapter.handleSendStatusChangeBroadcast:440 com.android.server.display.WifiDisplayAdapter.access$1700:63 com.android.server.display.WifiDisplayAdapter$WifiDisplayHandler.handleMessage:675 
11-19 17:07:41.858 W/ContextImpl( 1194): Calling a method in the system process without a qualified user: android.app.ContextImpl.sendBroadcastMultiplePermissions:1143 android.content.Context.sendBroadcastWithMultiplePermissions:2150 com.android.server.wifi.p2p.WifiP2pServiceImpl$P2pStateMachine.sendBroadcastMultiplePermissions:3209 com.android.server.wifi.p2p.WifiP2pServiceImpl$P2pStateMachine.sendP2pConnectionChangedBroadcast:3236 com.android.server.wifi.p2p.WifiP2pServiceImpl$P2pStateMachine.access$5100:768 
11-19 17:07:41.860 W/BroadcastQueue( 1194): Permission Denial: receiving Intent { act=android.net.wifi.p2p.CONNECTION_STATE_CHANGE flg=0x24000010 (has extras) } to ProcessRecord{ba73 1900:.qtidataservices/u0a89} (pid=1900, uid=10089) requires android.permission.ACCESS_FINE_LOCATION due to sender android (uid 1000)
11-19 17:07:41.865 W/wificond(  906): Scan is not started. Ignore abort request
11-19 17:07:41.920 W/ContextImpl( 1194): Calling a method in the system process without a qualified user: android.app.ContextImpl.sendBroadcastMultiplePermissions:1143 android.content.Context.sendBroadcastWithMultiplePermissions:2150 com.android.server.wifi.p2p.WifiP2pServiceImpl$P2pStateMachine.sendBroadcastMultiplePermissions:3209 com.android.server.wifi.p2p.WifiP2pServiceImpl$P2pStateMachine.sendThisDeviceChangedBroadcast:3218 com.android.server.wifi.p2p.WifiP2pServiceImpl$P2pStateMachine.updateThisDevice:3962 
11-19 17:07:42.275 D/ConnectivityService( 1194): registerNetworkAgent NetworkAgentInfo{ ni{[type: WIFI[], state: UNKNOWN/IDLE, reason: (unspecified), extra: , failover: false, available: true, roaming: false]}  network{104}  nethandle{450082295821}  lp{{InterfaceName: wlan0 LinkAddresses: [ ] DnsAddresses: [ ] Domains: null MTU: 0 Routes: [ ]}}  nc{[ Transports: WIFI Capabilities: NOT_METERED&INTERNET&NOT_RESTRICTED&TRUSTED&NOT_VPN&NOT_ROAMING&FOREGROUND&NOT_CONGESTED&NOT_SUSPENDED LinkUpBandwidth>=72000Kbps LinkDnBandwidth>=72000Kbps OwnerUid: 1000 SSID: "MTBF_Lab" RequestorUid: -1 RequestorPackageName: null]}  Score{20}  everValidated{false}  lastValidated{false}  created{false} lingering{false} explicitlySelected{false} acceptUnvalidated{false} everCaptivePortalDetected{false} lastCaptivePortalDetected{false} partialConnectivity{false} acceptPartialConnectivity{false} clat{mBaseIface: null, mIface: null, mState: IDLE} }
11-19 17:07:42.291 D/ConnectivityService( 1194): [104 WIFI] EVENT_NETWORK_INFO_CHANGED, going from UNKNOWN to UNKNOWN
11-19 17:07:42.335 D/commandrouter( 1117): rtc_sync (1, rtc:sync): <ServiceRequest> FORWARDED (remote -> local) service client ID = 0, token ID = 33244
11-19 17:07:42.336 D/commandrouter( 1117): SocServiceHandle::onServiceMessage, SoC Service = rtc_sync, appType = 1, type = SVC_RESP, clientId = 0, token = 33244, payloadLen = 8, result = 0, payload.size() = 8
11-19 17:07:42.458 D/ConnectivityService( 1194): NetReassign [no changes]
11-19 17:07:42.492 I/Nat464Xlat( 1194): Android Xlat is disabled
11-19 17:07:42.492 I/Nat464Xlat( 1194): Android Xlat is disabled
11-19 17:07:42.609 E/ConnectivityService( 1194): Exception in networkAddRouteParcel for non-gateway: android.os.ServiceSpecificException: Machine is not on the network (code 64)
11-19 17:07:42.611 E/ConnectivityService( 1194): Exception in networkAddRouteParcel for gateway: android.os.ServiceSpecificException: Machine is not on the network (code 64)
11-19 17:07:42.611 I/Nat464Xlat( 1194): Android Xlat is disabled
11-19 17:07:42.611 I/Nat464Xlat( 1194): Android Xlat is disabled
11-19 17:07:42.679 D/ConnectivityService( 1194): Setting DNS servers for network 104 to [/192.168.1.1]
11-19 17:07:42.680 I/Nat464Xlat( 1194): Android Xlat is disabled
11-19 17:07:42.680 I/Nat464Xlat( 1194): Android Xlat is disabled
11-19 17:07:42.751 D/ConnectivityService( 1194): [104 WIFI] EVENT_NETWORK_INFO_CHANGED, going from UNKNOWN to CONNECTED
11-19 17:07:42.754 D/DnsManager( 1194): sendDnsConfigurationForNetwork(104, [192.168.1.1], [], 1800, 25, 8, 64, 0, 0, , [])
11-19 17:07:42.756 W/DnsManager( 1194): updatePrivateDns(104, PrivateDnsConfig{true:/[]})
11-19 17:07:42.756 D/ConnectivityService( 1194): Setting DNS servers for network 104 to [/192.168.1.1]
11-19 17:07:42.757 D/DnsManager( 1194): sendDnsConfigurationForNetwork(104, [192.168.1.1], [], 1800, 25, 8, 64, 0, 0, , [192.168.1.1])
11-19 17:07:42.758 D/ConnectivityService( 1194): Adding iface wlan0 to network 104
11-19 17:07:42.839 D/ConnectivityService( 1194): Setting DNS servers for network 104 to [/192.168.1.1]
11-19 17:07:42.840 D/DnsManager( 1194): sendDnsConfigurationForNetwork(104, [192.168.1.1], [], 1800, 25, 8, 64, 0, 0, , [192.168.1.1])
11-19 17:07:42.841 I/Nat464Xlat( 1194): Android Xlat is disabled
11-19 17:07:42.841 I/Nat464Xlat( 1194): Android Xlat is disabled
11-19 17:07:42.915 D/ConnectivityService( 1194): NetReassign [no changes]
11-19 17:07:43.100 D/ConnectivityService( 1194): [104 WIFI] validation passed
11-19 17:07:43.101 D/ConnectivityService( 1194): NetReassign [8 : 100 → 104, 20 : 100 → 104, 46 : 100 → 104, 52 : 100 → 104, 45 : 100 → 104, 54 : 100 → 104, 12 : 100 → 104, 22 : 100 → 104, 16 : 100 → 104, 49 : 100 → 104, 14 : 100 → 104, 50 : 100 → 104, 18 : 100 → 104, 53 : 100 → 104, 78 : 100 → 104, 11 : 100 → 104, 1 : 100 → 104, 69 : 100 → 104, 17 : 100 → 104]
11-19 17:07:43.106 E/NetlinkEvent(  459): NetlinkEvent::FindParam(): Parameter 'INTERFACE' not found
11-19 17:07:43.106 E/NetlinkEvent(  459): NetlinkEvent::FindParam(): Parameter 'STATE' not found
11-19 17:07:43.106 E/NetlinkEvent(  459): NetlinkEvent::FindParam(): Parameter 'TIME_NS' not found
11-19 17:07:43.106 E/NetlinkEvent(  459): NetlinkEvent::FindParam(): Parameter 'UID' not found
11-19 17:07:43.123 D/ConnectivityService( 1194): Switching to new default network: NetworkAgentInfo{ ni{[type: WIFI[], state: CONNECTED/CONNECTED, reason: (unspecified), extra: , failover: false, available: true, roaming: false]}  network{104}  nethandle{450082295821}  lp{{InterfaceName: wlan0 LinkAddresses: [ 192.168.1.39/24 ] DnsAddresses: [ /192.168.1.1 ] Domains: null MTU: 0 ServerAddress: /192.168.1.1 TcpBufferSizes: 524288,1048576,2097152,262144,524288,1048576 Routes: [ fe80::/64 -> :: wlan0 mtu 0,192.168.1.0/24 -> 0.0.0.0 wlan0 mtu 0,0.0.0.0/0 -> 192.168.1.1 wlan0 mtu 0 ]}}  nc{[ Transports: WIFI Capabilities: NOT_METERED&INTERNET&NOT_RESTRICTED&TRUSTED&NOT_VPN&VALIDATED&NOT_ROAMING&FOREGROUND&NOT_CONGESTED&NOT_SUSPENDED LinkUpBandwidth>=69000Kbps LinkDnBandwidth>=69000Kbps SignalStrength: -32 OwnerUid: 1000 SSID: "MTBF_Lab" RequestorUid: -1 RequestorPackageName: null]}  Score{60}  everValidated{true}  lastValidated{true}  created{true} lingering{false} explicitlySelected{false} acceptUnvalidated{false} everCaptivePortalDetected{false} lastCaptivePortalDetected{false} partialConnectivity{false} acceptPartialConnectivity{false} clat{mBaseIface: null, mIface: null, mState: IDLE} }
11-19 17:07:43.265 D/ConnectivityService( 1194): Lingering [100 CELLULAR] for 30000ms
11-19 17:07:43.276 D/ConnectivityService( 1194): Sending DISCONNECTED broadcast for type 0 [100 CELLULAR] isDefaultNetwork=true
11-19 17:07:43.279 D/ConnectivityService( 1194): Sending CONNECTED broadcast for type 1 [104 WIFI] isDefaultNetwork=true
11-19 17:07:43.337 D/ConnectivityService( 1194): Setting DNS servers for network 104 to [/192.168.1.1]
11-19 17:07:43.337 D/DnsManager( 1194): sendDnsConfigurationForNetwork(104, [192.168.1.1], [], 1800, 25, 8, 64, 0, 0, , [192.168.1.1])
11-19 17:07:43.743 I/Nat464Xlat( 1194): Android Xlat is disabled
11-19 17:07:43.744 I/Nat464Xlat( 1194): Android Xlat is disabled
11-19 17:07:52.325 D/commandrouter( 1117): rtc_sync (1, rtc:sync): <ServiceRequest> FORWARDED (remote -> local) service client ID = 0, token ID = 33245
11-19 17:07:52.326 D/commandrouter( 1117): SocServiceHandle::onServiceMessage, SoC Service = rtc_sync, appType = 1, type = SVC_RESP, clientId = 0, token = 33245, payloadLen = 8, result = 0, payload.size() = 8
11-19 17:08:02.257 D/AutofillManagerService( 1194): onBackKeyPressed()
11-19 17:08:02.319 D/commandrouter( 1117): rtc_sync (1, rtc:sync): <ServiceRequest> FORWARDED (remote -> local) service client ID = 0, token ID = 33246
11-19 17:08:02.320 D/commandrouter( 1117): SocServiceHandle::onServiceMessage, SoC Service = rtc_sync, appType = 1, type = SVC_RESP, clientId = 0, token = 33246, payloadLen = 8, result = 0, payload.size() = 8
11-19 17:08:02.785 D/AutofillManagerService( 1194): onBackKeyPressed()
11-19 17:08:03.309 I/chatty  ( 1194): uid=1000(system) android.ui identical 1 line
11-19 17:08:04.541 D/AutofillManagerService( 1194): onBackKeyPressed()
11-19 17:08:05.157 W/ActivityManager( 1194): Invalid packageName: com.facebook.wearable.system.settings/com.facebook.wearable.system.settings.SettingsActivity
11-19 17:08:05.261 I/ActivityTaskManager( 1194): START u0 {flg=0x10000000 cmp=com.facebook.wearable.system.settings/.SettingsActivity} from uid 0
11-19 17:08:05.279 I/ActivityTaskManager( 1194): The Process com.facebook.wearable.system.settings Already Exists in BG. So sending its PID: 2752
11-19 17:08:05.280 W/ActivityTaskManager( 1194): Tried to set launchTime (0) < mLastActivityLaunchTime (4800570)
11-19 17:08:05.744 D/commandrouter( 1117): SocServiceHandle::onServiceMessage, SoC Service = mcu_healthcheck_946, appType = 1, type = SVC_REQ, clientId = 0, token = 79, payloadLen = 20, result = 0, payload.size() = 20
11-19 17:08:05.748 D/commandrouter( 1117): mcu_healthcheck_946 (1, merlot:mcu_health:control): <ServiceResponse> FORWARDED (remote -> local) CR token ID = 79, service client ID = 6, token ID = 575, result = 0
11-19 17:08:07.018 D/commandrouter( 1117): SocServiceHandle::onServiceMessage, SoC Service = mcu_healthcheck_1118, appType = 1, type = SVC_REQ, clientId = 0, token = 159, payloadLen = 12, result = 0, payload.size() = 12
11-19 17:08:07.021 D/commandrouter( 1117): mcu_healthcheck_1118 (1, merlot:mcu_health:control): <ServiceResponse> FORWARDED (remote -> local) CR token ID = 159, service client ID = 40, token ID = 576, result = 0
11-19 17:08:07.021 D/mculinkhealth( 1118): isMcuReachable 1 (3 ms)
11-19 17:08:07.839 E/TaskPersister( 1194): File error accessing recents directory (directory doesn't exist?).
11-19 17:08:12.311 D/commandrouter( 1117): rtc_sync (1, rtc:sync): <ServiceRequest> FORWARDED (remote -> local) service client ID = 0, token ID = 33247
11-19 17:08:12.311 D/commandrouter( 1117): SocServiceHandle::onServiceMessage, SoC Service = rtc_sync, appType = 1, type = SVC_RESP, clientId = 0, token = 33247, payloadLen = 8, result = 0, payload.size() = 8
11-19 17:08:12.823 W/ContextImpl( 1194): Calling a method in the system process without a qualified user: android.app.ContextImpl.sendBroadcastMultiplePermissions:1143 android.content.Context.sendBroadcastWithMultiplePermissions:2150 com.android.server.display.WifiDisplayAdapter.handleSendStatusChangeBroadcast:440 com.android.server.display.WifiDisplayAdapter.access$1700:63 com.android.server.display.WifiDisplayAdapter$WifiDisplayHandler.handleMessage:675 
11-19 17:08:13.101 D/ConnectivityService( 1194): handleLingerComplete for [100 CELLULAR]
11-19 17:08:13.267 I/wificond(  906): Fail RSSI polling because wifi is not associated.
11-19 17:08:13.318 D/ConnectivityService( 1194): [104 WIFI] EVENT_NETWORK_INFO_CHANGED, going from CONNECTED to DISCONNECTED
11-19 17:08:13.318 D/ConnectivityService( 1194): [104 WIFI] disconnected, was satisfying 30
11-19 17:08:13.400 I/Nat464Xlat( 1194): Android Xlat is disabled
11-19 17:08:13.400 I/Nat464Xlat( 1194): Android Xlat is disabled
11-19 17:08:13.416 D/ConnectivityService( 1194): Sending DISCONNECTED broadcast for type 1 [104 WIFI] isDefaultNetwork=true
11-19 17:08:13.419 D/ConnectivityService( 1194): NetReassign [8 : null → 100, 20 : null → 100, 46 : null → 100, 52 : null → 100, 45 : null → 100, 54 : null → 100, 12 : null → 100, 22 : null → 100, 16 : null → 100, 49 : null → 100, 14 : null → 100, 50 : null → 100, 18 : null → 100, 53 : null → 100, 78 : null → 100, 11 : null → 100, 1 : null → 100, 69 : null → 100, 17 : null → 100]
11-19 17:08:13.439 E/NetlinkEvent(  459): NetlinkEvent::FindParam(): Parameter 'INTERFACE' not found
11-19 17:08:13.439 E/NetlinkEvent(  459): NetlinkEvent::FindParam(): Parameter 'STATE' not found
11-19 17:08:13.439 E/NetlinkEvent(  459): NetlinkEvent::FindParam(): Parameter 'TIME_NS' not found
11-19 17:08:13.439 E/NetlinkEvent(  459): NetlinkEvent::FindParam(): Parameter 'UID' not found
11-19 17:08:13.471 D/ConnectivityService( 1194): Switching to new default network: NetworkAgentInfo{ ni{[type: MOBILE[LTE], state: CONNECTED/CONNECTED, reason: (unspecified), extra: nxtgenphone, failover: false, available: true, roaming: false]}  network{100}  nethandle{432902426637}  lp{{InterfaceName: rmnet_data2 LinkAddresses: [ 10.129.103.196/29,2600:380:c119:24f:b89a:9f3c:46c1:95af/64 ] DnsAddresses: [ /172.26.38.1,/fc00:a:a::300 ] Domains: null MTU: 1430 TcpBufferSizes: 2097152,4194304,8388608,262144,524288,1048576 Routes: [ 0.0.0.0/0 -> 10.129.103.197 rmnet_data2 mtu 1430,::/0 -> fe80::b45f:41f1:1846:969d rmnet_data2 mtu 1430,10.129.103.192/29 -> 0.0.0.0 rmnet_data2 mtu 0,2600:380:c119:24f::/64 -> :: rmnet_data2 mtu 0 ]}}  nc{[ Transports: CELLULAR Capabilities: MMS&SUPL&FOTA&INTERNET&NOT_RESTRICTED&TRUSTED&NOT_VPN&VALIDATED&NOT_ROAMING&NOT_CONGESTED&NOT_SUSPENDED LinkUpBandwidth>=15000Kbps LinkDnBandwidth>=30000Kbps Specifier: <TelephonyNetworkSpecifier [mSubId = 1]> AdministratorUids: [] RequestorUid: -1 RequestorPackageName: null]}  Score{50}  everValidated{true}  lastValidated{true}  created{true} lingering{false} explicitlySelected{false} acceptUnvalidated{false} everCaptivePortalDetected{false} lastCaptivePortalDetected{false} partialConnectivity{false} acceptPartialConnectivity{false} clat{mBaseIface: null, mIface: null, mState: IDLE} }
11-19 17:08:13.642 D/ConnectivityService( 1194): Sending CONNECTED broadcast for type 0 [100 CELLULAR] isDefaultNetwork=true
11-19 17:08:15.629 I/UsageStatsService( 1194): User[0] Flushing usage stats to disk
11-19 17:08:17.618 D/AutofillManagerService( 1194): onBackKeyPressed()
11-19 17:08:20.630 I/chatty  ( 1194): uid=1000(system) android.ui identical 4 lines
11-19 17:08:21.618 D/AutofillManagerService( 1194): onBackKeyPressed()
11-19 17:08:22.178 E/TaskPersister( 1194): File error accessing recents directory (directory doesn't exist?).
11-19 17:08:22.305 D/commandrouter( 1117): rtc_sync (1, rtc:sync): <ServiceRequest> FORWARDED (remote -> local) service client ID = 0, token ID = 33248
11-19 17:08:22.306 D/commandrouter( 1117): SocServiceHandle::onServiceMessage, SoC Service = rtc_sync, appType = 1, type = SVC_RESP, clientId = 0, token = 33248, payloadLen = 8, result = 0, payload.size() = 8
11-19 17:08:22.629 D/AutofillManagerService( 1194): onBackKeyPressed()
11-19 17:08:23.626 D/AutofillManagerService( 1194): onBackKeyPressed()
11-19 17:08:24.048 D/AppStorageManager( 1194): BEFORE:: Previous Size: 1061023744 Current Size: 1061040128
11-19 17:08:24.048 D/AppStorageManager( 1194): AFTER:: Previous Size: 1061040128 Current Size: 1061040128
11-19 17:08:24.150 W/ActivityManager( 1194): Invalid packageName: com.facebook.wearable.system.settings/com.facebook.wearable.system.settings.SettingsActivity
11-19 17:08:24.259 I/ActivityTaskManager( 1194): START u0 {flg=0x10000000 cmp=com.facebook.wearable.system.settings/.SettingsActivity} from uid 0
11-19 17:08:24.282 I/ActivityTaskManager( 1194): The Process com.facebook.wearable.system.settings Already Exists in BG. So sending its PID: 2752
11-19 17:08:24.282 W/ActivityTaskManager( 1194): Tried to set launchTime (0) < mLastActivityLaunchTime (4831544)
11-19 17:08:28.402 E/TaskPersister( 1194): File error accessing recents directory (directory doesn't exist?).
11-19 17:08:28.773 D/AnalyticsLogger( 1194): sent events: 12
11-19 17:08:31.016 W/ContextImpl( 1194): Calling a method in the system process without a qualified user: android.app.ContextImpl.sendBroadcastMultiplePermissions:1143 android.content.Context.sendBroadcastWithMultiplePermissions:2150 com.android.server.display.WifiDisplayAdapter.handleSendStatusChangeBroadcast:440 com.android.server.display.WifiDisplayAdapter.access$1700:63 com.android.server.display.WifiDisplayAdapter$WifiDisplayHandler.handleMessage:675 
11-19 17:08:32.069 W/ContextImpl( 1194): Calling a method in the system process without a qualified user: android.app.ContextImpl.sendBroadcastMultiplePermissions:1143 android.content.Context.sendBroadcastWithMultiplePermissions:2150 com.android.server.wifi.p2p.WifiP2pServiceImpl$P2pStateMachine.sendBroadcastMultiplePermissions:3209 com.android.server.wifi.p2p.WifiP2pServiceImpl$P2pStateMachine.sendP2pConnectionChangedBroadcast:3236 com.android.server.wifi.p2p.WifiP2pServiceImpl$P2pStateMachine.access$5100:768 
11-19 17:08:32.071 W/BroadcastQueue( 1194): Permission Denial: receiving Intent { act=android.net.wifi.p2p.CONNECTION_STATE_CHANGE flg=0x24000010 (has extras) } to ProcessRecord{ba73 1900:.qtidataservices/u0a89} (pid=1900, uid=10089) requires android.permission.ACCESS_FINE_LOCATION due to sender android (uid 1000)
11-19 17:08:32.077 W/ContextImpl( 1194): Calling a method in the system process without a qualified user: android.app.ContextImpl.sendBroadcastMultiplePermissions:1143 android.content.Context.sendBroadcastWithMultiplePermissions:2150 com.android.server.wifi.p2p.WifiP2pServiceImpl$P2pStateMachine.sendBroadcastMultiplePermissions:3209 com.android.server.wifi.p2p.WifiP2pServiceImpl$P2pStateMachine.sendThisDeviceChangedBroadcast:3218 com.android.server.wifi.p2p.WifiP2pServiceImpl$P2pStateMachine.updateThisDevice:3962 
11-19 17:08:32.220 W/wificond(  906): Scan is not started. Ignore abort request
11-19 17:08:32.307 D/commandrouter( 1117): rtc_sync (1, rtc:sync): <ServiceRequest> FORWARDED (remote -> local) service client ID = 0, token ID = 33249
11-19 17:08:32.310 D/commandrouter( 1117): SocServiceHandle::onServiceMessage, SoC Service = rtc_sync, appType = 1, type = SVC_RESP, clientId = 0, token = 33249, payloadLen = 8, result = 0, payload.size() = 8
11-19 17:08:32.597 D/ConnectivityService( 1194): registerNetworkAgent NetworkAgentInfo{ ni{[type: WIFI[], state: UNKNOWN/IDLE, reason: (unspecified), extra: , failover: false, available: true, roaming: false]}  network{105}  nethandle{454377263117}  lp{{InterfaceName: wlan0 LinkAddresses: [ ] DnsAddresses: [ ] Domains: null MTU: 0 Routes: [ ]}}  nc{[ Transports: WIFI Capabilities: NOT_METERED&INTERNET&NOT_RESTRICTED&TRUSTED&NOT_VPN&NOT_ROAMING&FOREGROUND&NOT_CONGESTED&NOT_SUSPENDED LinkUpBandwidth>=72000Kbps LinkDnBandwidth>=72000Kbps OwnerUid: 1000 SSID: "MTBF_Lab" RequestorUid: -1 RequestorPackageName: null]}  Score{20}  everValidated{false}  lastValidated{false}  created{false} lingering{false} explicitlySelected{false} acceptUnvalidated{false} everCaptivePortalDetected{false} lastCaptivePortalDetected{false} partialConnectivity{false} acceptPartialConnectivity{false} clat{mBaseIface: null, mIface: null, mState: IDLE} }
11-19 17:08:32.617 D/ConnectivityService( 1194): [105 WIFI] EVENT_NETWORK_INFO_CHANGED, going from UNKNOWN to UNKNOWN
11-19 17:08:32.741 D/ConnectivityService( 1194): NetReassign [no changes]
11-19 17:08:32.769 I/Nat464Xlat( 1194): Android Xlat is disabled
11-19 17:08:32.769 I/Nat464Xlat( 1194): Android Xlat is disabled
11-19 17:08:32.876 E/ConnectivityService( 1194): Exception in networkAddRouteParcel for non-gateway: android.os.ServiceSpecificException: Machine is not on the network (code 64)
11-19 17:08:32.877 E/ConnectivityService( 1194): Exception in networkAddRouteParcel for gateway: android.os.ServiceSpecificException: Machine is not on the network (code 64)
11-19 17:08:32.878 I/Nat464Xlat( 1194): Android Xlat is disabled
11-19 17:08:32.878 I/Nat464Xlat( 1194): Android Xlat is disabled
11-19 17:08:32.948 D/ConnectivityService( 1194): Setting DNS servers for network 105 to [/192.168.1.1]
11-19 17:08:32.950 I/Nat464Xlat( 1194): Android Xlat is disabled
11-19 17:08:32.951 I/Nat464Xlat( 1194): Android Xlat is disabled
11-19 17:08:33.017 D/ConnectivityService( 1194): [105 WIFI] EVENT_NETWORK_INFO_CHANGED, going from UNKNOWN to CONNECTED
11-19 17:08:33.021 D/DnsManager( 1194): sendDnsConfigurationForNetwork(105, [192.168.1.1], [], 1800, 25, 8, 64, 0, 0, , [])
11-19 17:08:33.023 W/DnsManager( 1194): updatePrivateDns(105, PrivateDnsConfig{true:/[]})
11-19 17:08:33.023 D/ConnectivityService( 1194): Setting DNS servers for network 105 to [/192.168.1.1]
11-19 17:08:33.023 D/DnsManager( 1194): sendDnsConfigurationForNetwork(105, [192.168.1.1], [], 1800, 25, 8, 64, 0, 0, , [192.168.1.1])
11-19 17:08:33.026 D/ConnectivityService( 1194): Adding iface wlan0 to network 105
11-19 17:08:33.064 D/ConnectivityService( 1194): Setting DNS servers for network 105 to [/192.168.1.1]
11-19 17:08:33.065 D/DnsManager( 1194): sendDnsConfigurationForNetwork(105, [192.168.1.1], [], 1800, 25, 8, 64, 0, 0, , [192.168.1.1])
11-19 17:08:33.069 I/Nat464Xlat( 1194): Android Xlat is disabled
11-19 17:08:33.069 I/Nat464Xlat( 1194): Android Xlat is disabled
11-19 17:08:33.117 D/ConnectivityService( 1194): NetReassign [no changes]
11-19 17:08:33.351 D/ConnectivityService( 1194): [105 WIFI] validation passed
11-19 17:08:33.352 D/ConnectivityService( 1194): NetReassign [8 : 100 → 105, 20 : 100 → 105, 46 : 100 → 105, 52 : 100 → 105, 45 : 100 → 105, 54 : 100 → 105, 12 : 100 → 105, 22 : 100 → 105, 16 : 100 → 105, 49 : 100 → 105, 14 : 100 → 105, 50 : 100 → 105, 18 : 100 → 105, 53 : 100 → 105, 78 : 100 → 105, 11 : 100 → 105, 1 : 100 → 105, 69 : 100 → 105, 17 : 100 → 105]
11-19 17:08:33.357 E/NetlinkEvent(  459): NetlinkEvent::FindParam(): Parameter 'INTERFACE' not found
11-19 17:08:33.357 E/NetlinkEvent(  459): NetlinkEvent::FindParam(): Parameter 'STATE' not found
11-19 17:08:33.357 E/NetlinkEvent(  459): NetlinkEvent::FindParam(): Parameter 'TIME_NS' not found
11-19 17:08:33.357 E/NetlinkEvent(  459): NetlinkEvent::FindParam(): Parameter 'UID' not found
11-19 17:08:33.370 D/ConnectivityService( 1194): Switching to new default network: NetworkAgentInfo{ ni{[type: WIFI[], state: CONNECTED/CONNECTED, reason: (unspecified), extra: , failover: false, available: true, roaming: false]}  network{105}  nethandle{454377263117}  lp{{InterfaceName: wlan0 LinkAddresses: [ 192.168.1.39/24 ] DnsAddresses: [ /192.168.1.1 ] Domains: null MTU: 0 ServerAddress: /192.168.1.1 TcpBufferSizes: 524288,1048576,2097152,262144,524288,1048576 Routes: [ fe80::/64 -> :: wlan0 mtu 0,192.168.1.0/24 -> 0.0.0.0 wlan0 mtu 0,0.0.0.0/0 -> 192.168.1.1 wlan0 mtu 0 ]}}  nc{[ Transports: WIFI Capabilities: NOT_METERED&INTERNET&NOT_RESTRICTED&TRUSTED&NOT_VPN&VALIDATED&NOT_ROAMING&FOREGROUND&NOT_CONGESTED&NOT_SUSPENDED LinkUpBandwidth>=69000Kbps LinkDnBandwidth>=69000Kbps SignalStrength: -33 OwnerUid: 1000 SSID: "MTBF_Lab" RequestorUid: -1 RequestorPackageName: null]}  Score{60}  everValidated{true}  lastValidated{true}  created{true} lingering{false} explicitlySelected{false} acceptUnvalidated{false} everCaptivePortalDetected{false} lastCaptivePortalDetected{false} partialConnectivity{false} acceptPartialConnectivity{false} clat{mBaseIface: null, mIface: null, mState: IDLE} }
11-19 17:08:33.510 D/ConnectivityService( 1194): Lingering [100 CELLULAR] for 30000ms
11-19 17:08:33.515 D/ConnectivityService( 1194): Sending DISCONNECTED broadcast for type 0 [100 CELLULAR] isDefaultNetwork=true
11-19 17:08:33.535 D/ConnectivityService( 1194): Sending CONNECTED broadcast for type 1 [105 WIFI] isDefaultNetwork=true
11-19 17:08:33.613 D/ConnectivityService( 1194): Setting DNS servers for network 105 to [/192.168.1.1]
11-19 17:08:33.614 D/DnsManager( 1194): sendDnsConfigurationForNetwork(105, [192.168.1.1], [], 1800, 25, 8, 64, 0, 0, , [192.168.1.1])
11-19 17:08:34.223 I/Nat464Xlat( 1194): Android Xlat is disabled
11-19 17:08:34.223 I/Nat464Xlat( 1194): Android Xlat is disabled
11-19 17:08:37.023 D/commandrouter( 1117): SocServiceHandle::onServiceMessage, SoC Service = mcu_healthcheck_1118, appType = 1, type = SVC_REQ, clientId = 0, token = 160, payloadLen = 12, result = 0, payload.size() = 12
11-19 17:08:37.028 D/commandrouter( 1117): mcu_healthcheck_1118 (1, merlot:mcu_health:control): <ServiceResponse> FORWARDED (remote -> local) CR token ID = 160, service client ID = 40, token ID = 577, result = 0
11-19 17:08:37.029 D/mculinkhealth( 1118): isMcuReachable 1 (5 ms)
11-19 17:08:42.304 D/commandrouter( 1117): rtc_sync (1, rtc:sync): <ServiceRequest> FORWARDED (remote -> local) service client ID = 0, token ID = 33250
11-19 17:08:42.305 D/commandrouter( 1117): SocServiceHandle::onServiceMessage, SoC Service = rtc_sync, appType = 1, type = SVC_RESP, clientId = 0, token = 33250, payloadLen = 8, result = 0, payload.size() = 8
11-19 17:08:52.301 D/commandrouter( 1117): rtc_sync (1, rtc:sync): <ServiceRequest> FORWARDED (remote -> local) service client ID = 0, token ID = 33251
11-19 17:08:52.301 D/commandrouter( 1117): SocServiceHandle::onServiceMessage, SoC Service = rtc_sync, appType = 1, type = SVC_RESP, clientId = 0, token = 33251, payloadLen = 8, result = 0, payload.size() = 8
11-19 17:08:52.320 D/AutofillManagerService( 1194): onBackKeyPressed()
11-19 17:08:53.377 I/chatty  ( 1194): uid=1000(system) android.ui identical 2 lines
11-19 17:08:54.621 D/AutofillManagerService( 1194): onBackKeyPressed()
11-19 17:08:55.139 W/ActivityManager( 1194): Invalid packageName: com.facebook.wearable.system.settings/com.facebook.wearable.system.settings.SettingsActivity
