11-20 00:01:09.464 E/SelfCareDataCloudSyncWorker( 2334): kotlinx.coroutines.JobCancellationException: Job was cancelled; job=JobImpl{Cancelling}@82a4954
11-20 00:01:09.464 I/WM-WorkerWrapper( 2334): Work [ id=57f248e9-27c9-4baa-bcea-f98e3ece0d1a, tags={ com.facebook.wearable.system.selfcare.cloudsync.SelfCareDataCloudSyncWorker } ] was cancelled
11-20 00:01:09.464 I/WM-WorkerWrapper( 2334): java.util.concurrent.CancellationException: Task was cancelled.
11-20 00:01:09.464 I/WM-WorkerWrapper( 2334): 	at androidx.work.impl.utils.futures.AbstractFuture.getDoneValue(:32)
11-20 00:01:09.464 I/WM-WorkerWrapper( 2334): 	at androidx.work.impl.utils.futures.AbstractFuture.get(:268435546)
11-20 00:01:09.464 I/WM-WorkerWrapper( 2334): 	at androidx.work.impl.WorkerWrapper$2.run(:3)
11-20 00:01:09.464 I/WM-WorkerWrapper( 2334): 	at androidx.work.impl.utils.SerialExecutor$Task.run(:2)
11-20 00:01:09.464 I/WM-WorkerWrapper( 2334): 	at java.util.concurrent.ThreadPoolExecutor.runWorker(ThreadPoolExecutor.java:1167)
11-20 00:01:09.464 I/WM-WorkerWrapper( 2334): 	at java.util.concurrent.ThreadPoolExecutor$Worker.run(ThreadPoolExecutor.java:641)
11-20 00:01:09.464 I/WM-WorkerWrapper( 2334): 	at java.lang.Thread.run(Thread.java:923)
11-20 00:01:09.468 D/WakeupLock( 1186): Lock set. Number of networks: 1
11-20 00:01:09.470 D/WifiClientModeImpl( 1186): ClientModeImpl: Leaving Connected state
11-20 00:01:09.471 D/WifiCountryCode( 1186): updateCountryCode to US
11-20 00:01:09.471 E/SupplicantStaIfaceHal( 1186): Can't call setCountryCode, ISupplicantStaIface is null
11-20 00:01:09.472 D/WifiCountryCode( 1186): Failed to set country code to: US
11-20 00:01:09.474 W/SupplicantP2pIfaceHal( 1186): ISupplicant/ISupplicantP2pIface died: cookie=0
11-20 00:01:09.474 D/SupplicantStaIfaceHal( 1186): ISupplicant died: cookie=-1098547353500555840
11-20 00:01:09.475 W/SupplicantP2pIfaceHal( 1186): ISupplicantVendor/ISupplicantVendorP2PIface died: cookie=0
11-20 00:01:09.475 W/SupplicantStaIfaceHal( 1186): ISupplicantVendor/ISupplicantVendorStaIface died: cookie=0
11-20 00:01:09.475 W/SupplicantStaIfaceHal( 1186): ISupplicantVendor/ISupplicantVendorStaIface died: cookie=0
11-20 00:01:09.475 W/SupplicantP2pIfaceHal( 1186): ISupplicant/ISupplicantP2pIface died: cookie=0
11-20 00:01:09.475 W/SupplicantP2pIfaceHal( 1186): ISupplicantVendor/ISupplicantVendorP2PIface died: cookie=0
11-20 00:01:09.480 E/SupplicantStaIfaceHal( 1186): Can't call listNetworks, ISupplicantStaIface is null
11-20 00:01:09.480 E/SupplicantStaIfaceHal( 1186): removeAllNetworks failed, got null networks
11-20 00:01:09.480 E/WifiClientModeImpl( 1186): Failed to remove networks on exiting connect mode
11-20 00:01:09.481 E/WakeupController( 1186): Unexpected setLastDisconnectInfo when WakeupController is active!
11-20 00:01:09.482 E/WifiVendorHal( 1186): stopRssiMonitoring(l.2106) failed {.code = ERROR_NOT_AVAILABLE, .description = }
11-20 00:01:09.482 E/SupplicantStaIfaceHal( 1186): Can't call setPowerSave, ISupplicantStaIface is null
11-20 00:01:09.483 E/SupplicantStaIfaceHal( 1186): Can't call setBtCoexistenceMode, ISupplicantStaIface is null
11-20 00:01:09.483 V/WifiClientModeImpl( 1186): stopIpClient IpClientWithPreConnection: false
11-20 00:01:09.483 V/WifiClientModeImpl( 1186): java.lang.Throwable
11-20 00:01:09.483 V/WifiClientModeImpl( 1186): 	at com.android.server.wifi.ClientModeImpl.stopIpClient(ClientModeImpl.java:1127)
11-20 00:01:09.483 V/WifiClientModeImpl( 1186): 	at com.android.server.wifi.ClientModeImpl.stopDhcpSetup(ClientModeImpl.java:1153)
11-20 00:01:09.483 V/WifiClientModeImpl( 1186): 	at com.android.server.wifi.ClientModeImpl.handleNetworkDisconnect(ClientModeImpl.java:2945)
11-20 00:01:09.483 V/WifiClientModeImpl( 1186): 	at com.android.server.wifi.ClientModeImpl.stopClientMode(ClientModeImpl.java:3889)
11-20 00:01:09.483 V/WifiClientModeImpl( 1186): 	at com.android.server.wifi.ClientModeImpl.access$4600(ClientModeImpl.java:176)
11-20 00:01:09.483 V/WifiClientModeImpl( 1186): 	at com.android.server.wifi.ClientModeImpl$ConnectModeState.exit(ClientModeImpl.java:4064)
11-20 00:01:09.483 V/WifiClientModeImpl( 1186): 	at com.android.wifi.x.com.android.internal.util.StateMachine$SmHandler.invokeExitMethods(StateMachine.java:1021)
11-20 00:01:09.483 V/WifiClientModeImpl( 1186): 	at com.android.wifi.x.com.android.internal.util.StateMachine$SmHandler.performTransitions(StateMachine.java:877)
11-20 00:01:09.483 V/WifiClientModeImpl( 1186): 	at com.android.wifi.x.com.android.internal.util.StateMachine$SmHandler.handleMessage(StateMachine.java:819)
11-20 00:01:09.483 V/WifiClientModeImpl( 1186): 	at android.os.Handler.dispatchMessage(Handler.java:106)
11-20 00:01:09.483 V/WifiClientModeImpl( 1186): 	at android.os.Looper.loop(Looper.java:223)
11-20 00:01:09.483 V/WifiClientModeImpl( 1186): 	at android.os.HandlerThread.run(HandlerThread.java:67)
11-20 00:01:09.485 D/DhcpClient( 1186): doQuit
11-20 00:01:09.486 D/ConnectivityService( 1186): [137 WIFI] EVENT_NETWORK_INFO_CHANGED, going from CONNECTED to DISCONNECTED
11-20 00:01:09.486 D/ConnectivityService( 1186): [137 WIFI] disconnected, was satisfying 25
11-20 00:01:09.487 D/WifiConnector( 2870): Network State Changed
11-20 00:01:09.487 D/QCNEJ/WlanStaInfoRelay( 1907): Received action: android.net.wifi.STATE_CHANGE
11-20 00:01:09.487 D/QCNEJ/WlanStaInfoRelay( 1907): reset CountryCodeRetriever
11-20 00:01:09.489 E/QMI_FW  (  915): qmi_cci_get_ref: ref count increased 2
11-20 00:01:09.492 E/QMI_FW  (  915): qmi_cci_get_ref: ref count increased 2
11-20 00:01:09.494 D/WifiDiags( 1186): stopLogging() iface list is {} after removing wlan0
11-20 00:01:09.496 E/WifiVendorHal( 1186): resetLogHandler(l.1558) failed {.code = ERROR_NOT_AVAILABLE, .description = }
11-20 00:01:09.496 W/WifiDiags( 1186): Fail to reset log handler
11-20 00:01:09.498 E/QMI_FW  ( 1042): qmi_cci_get_ref: ref count increased 2
11-20 00:01:09.511 E/QMI_FW  ( 1042): qmi_cci_get_ref: ref count increased 2
11-20 00:01:09.519 E/QMI_FW  ( 1042): qmi_cci_get_ref: ref count increased 2
11-20 00:01:09.528 I/chatty  ( 1042): uid=1001(radio) main identical 6 lines
11-20 00:01:09.530 E/QMI_FW  ( 1042): qmi_cci_get_ref: ref count increased 2
11-20 00:01:09.537 E/QMI_FW  ( 1042): qmi_cci_get_ref: ref count increased 2
11-20 00:01:09.546 I/chatty  ( 1042): uid=1001(radio) main identical 2 lines
11-20 00:01:09.549 E/QMI_FW  ( 1042): qmi_cci_get_ref: ref count increased 2
11-20 00:01:09.552 I/GnssNetworkConnectivityHandler( 1186): Network connection lost. Available networks count: 1
11-20 00:01:09.553 E/QMI_FW  ( 1042): qmi_cci_get_ref: ref count increased 2
11-20 00:01:09.553 I/GnssNetworkConnectivityHandler( 1186): updateNetworkState, state=CLOSED, connected=false, network=137, capabilities=[ Transports: WIFI Capabilities: NOT_METERED&INTERNET&NOT_RESTRICTED&TRUSTED&NOT_VPN&VALIDATED&NOT_ROAMING&FOREGROUND&NOT_CONGESTED&NOT_SUSPENDED LinkUpBandwidth>=62000Kbps LinkDnBandwidth>=62000Kbps SignalStrength: -31 OwnerUid: 1000 AdministratorUids: [] SSID: "MTBF_Lab" RequestorUid: -1 RequestorPackageName: null], apn: , availableNetworkCount: 1
11-20 00:01:09.555 W/LocSvc_LocIpc(  527): send:66] failed reason: No such file or directory
11-20 00:01:09.555 E/QMI_FW  ( 1042): qmi_cci_get_ref: ref count increased 2
11-20 00:01:09.559 D/QCNEJ/WlanStaInfoRelay( 1907): network lost: 137
11-20 00:01:09.562 D/QCNEJ/WlanStaInfoRelay( 1907): onLost: unbind the process to WIFI
11-20 00:01:09.563 D/QCNEJ/DefaultNetworkInfoRelay( 1907): Default network lost: 137
11-20 00:01:09.565 D/DeviceAuthService(13333): Network lost
11-20 00:01:09.565 D/QCNEJ/NativeHalConnector( 1907): -> SND notifyDefaultNetworkChanged(1)
11-20 00:01:09.565 I/Nat464Xlat( 1186): Android Xlat is disabled
11-20 00:01:09.574 E/QMI_FW  ( 1042): qmi_cci_get_ref: ref count increased 2
11-20 00:01:09.566 I/Nat464Xlat( 1186): Android Xlat is disabled
11-20 00:01:09.582 D/ConnectivityService( 1186): Sending DISCONNECTED broadcast for type 1 [137 WIFI] isDefaultNetwork=true
11-20 00:01:09.582 D/WifiMemoryStoreImpl( 1186): Set cluster Ga6eb8feabe7908d4 for W958a1754935a727: SUCCESS
11-20 00:01:09.583 E/QMI_FW  ( 1042): qmi_cci_get_ref: ref count increased 2
11-20 00:01:09.598 D/ConnectivityService( 1186): NetReassign [44 : null → 101, 11 : null → 101, 63 : null → 101, 17 : null → 101, 25 : null → 101, 1 : null → 101, 649 : null → 101, 643 : null → 101, 8 : null → 101, 12 : null → 101, 14 : null → 101, 16 : null → 101, 22 : null → 101, 32 : null → 101]
11-20 00:01:09.605 D/DhcpClient( 1186): DHCP Packet Handler stopped
11-20 00:01:09.605 D/DhcpClient( 1186): onQuitting
11-20 00:01:09.622 W/HWComposer(  598): Ignoring duplicate VSYNC event from HWC for display 0 (t=29557347884765)
11-20 00:01:09.629 E/NetlinkEvent(  462): NetlinkEvent::FindParam(): Parameter 'INTERFACE' not found
11-20 00:01:09.630 E/NetlinkEvent(  462): NetlinkEvent::FindParam(): Parameter 'STATE' not found
11-20 00:01:09.630 E/NetlinkEvent(  462): NetlinkEvent::FindParam(): Parameter 'TIME_NS' not found
11-20 00:01:09.630 E/NetlinkEvent(  462): NetlinkEvent::FindParam(): Parameter 'UID' not found
11-20 00:01:09.663 D/ConnectivityService( 1186): Switching to new default network: NetworkAgentInfo{ ni{[type: MOBILE[LTE], state: CONNECTED/CONNECTED, reason: (unspecified), extra: enhancedphone, failover: false, available: true, roaming: false]}  network{101}  nethandle{437197393933}  lp{{InterfaceName: rmnet_data2 LinkAddresses: [ 10.55.48.101/30,2600:381:4804:c4b6:8cdc:8f0b:afe1:ec6b/64 ] DnsAddresses: [ /172.26.38.2,/fc00:a:a::400 ] Domains: null MTU: 1430 TcpBufferSizes: 2097152,4194304,8388608,262144,524288,1048576 Routes: [ 0.0.0.0/0 -> 10.55.48.102 rmnet_data2 mtu 1430,::/0 -> fe80::9db2:334d:2872:1e0a rmnet_data2 mtu 1430,10.55.48.100/30 -> 0.0.0.0 rmnet_data2 mtu 0,2600:381:4804:c4b6::/64 -> :: rmnet_data2 mtu 0 ]}}  nc{[ Transports: CELLULAR Capabilities: MMS&SUPL&FOTA&INTERNET&NOT_RESTRICTED&TRUSTED&NOT_VPN&VALIDATED&NOT_ROAMING&NOT_CONGESTED&NOT_SUSPENDED LinkUpBandwidth>=15000Kbps LinkDnBandwidth>=30000Kbps Specifier: <TelephonyNetworkSpecifier [mSubId = 1]> AdministratorUids: [] RequestorUid: -1 RequestorPackageName: null]}  Score{50}  everValidated{true}  lastValidated{true}  created{true} lingering{false} explicitlySelected{false} acceptUnvalidated{false} everCaptivePortalDetected{false} lastCaptivePortalDetected{false} partialConnectivity{false} acceptPartialConnectivity{false} clat{mBaseIface: null, mIface: null, mState: IDLE} }
11-20 00:01:09.680 E/WifiNative( 1186): Could not get Iface object for interface null
11-20 00:01:09.680 W/SupplicantStaIfaceHal( 1186): ISupplicant died: cookie=75
11-20 00:01:09.680 D/WifiNetworkAgent( 1186): NetworkAgent: NetworkAgent channel lost
11-20 00:01:09.681 D/BluetoothAdapterService( 1710): Soft AP is on band: 1
11-20 00:01:09.683 D/BluetoothVendorService( 1710): getPowerBackoff 
11-20 00:01:09.683 D/BluetoothAdapterService( 1710): android.net.wifi.WIFI_STATE_CHANGED
11-20 00:01:09.687 D/BluetoothAdapterService( 1710): Soft AP is on band: 1
11-20 00:01:09.689 D/BluetoothVendorService( 1710): getPowerBackoff 
11-20 00:01:09.689 D/BluetoothAdapterService( 1710): android.net.wifi.STATE_CHANGE
11-20 00:01:09.691 D/BluetoothVendorService( 1710): setWifiState to: false
11-20 00:01:09.691 I/BluetoothVendorJni( 1710): setWifiStateNative
11-20 00:01:09.691 I/bt_btif_vendor( 1710): setWifiState :0
11-20 00:01:09.691 W/bt_btm  ( 1710): btm_cb.is_wifi_connected = 0 
11-20 00:01:09.717 D/SettingsSDK::SyncHelper( 2334): Read setting com.facebook.wearable.sdk.selfcare:SELFCARE_SERVICE_ENABLED from persistent cache
11-20 00:01:09.717 D/FacebookRepository( 2334): Reading from Store [906581286488774]
11-20 00:01:09.736 D/AnalyticsLogger( 1186): sent events: 13
11-20 00:01:09.756 D/WifiMemoryStoreImpl( 1186): Set cluster Ga6eb8feabe7908d4 for Wa6eb8feabe7908d4: SUCCESS
11-20 00:01:09.805 E/WifiNative( 1186): Could not get Iface object for interface null
11-20 00:01:09.807 D/NetworkTimeUpdateService( 1186): New default network 101; checking time.
11-20 00:01:09.829 V/LigerRadioStatsReporter( 2357): onCapabilitiesChanged: Network capabilities changed
11-20 00:01:09.829 V/LigerRadioStatsReporter( 2357): reportAndCheckpointRadioStats
11-20 00:01:09.832 D/DeviceAuthService(13333): Network connected
11-20 00:01:09.833 D/DeviceAuthService(13333): fetchAuthTokenWrapper called
11-20 00:01:09.834 D/QCNEJ/DefaultNetworkInfoRelay( 1907): Default network available: 101
11-20 00:01:09.838 V/LigerRadioStatsReporter( 2357): +++++++++++ RADIO STATS DUMP +++++++++++
11-20 00:01:09.838 V/LigerRadioStatsReporter( 2357): totalActiveRadioTimeMs=0
11-20 00:01:09.838 V/LigerRadioStatsReporter( 2357): totalTailRadioTimeMs=13995
11-20 00:01:09.838 V/LigerRadioStatsReporter( 2357): totalWakeupCount=0
11-20 00:01:09.838 V/LigerRadioStatsReporter( 2357): httpUpBytes=0
11-20 00:01:09.838 V/LigerRadioStatsReporter( 2357): httpDownBytes=0
11-20 00:01:09.838 V/LigerRadioStatsReporter( 2357): httpWakeupCount=0
11-20 00:01:09.838 V/LigerRadioStatsReporter( 2357): httpRequestCount=0
11-20 00:01:09.838 V/LigerRadioStatsReporter( 2357): httpActiveRadioTimeMs=0
11-20 00:01:09.838 D/QCNEJ/NativeHalConnector( 1907): -> SND notifyDefaultNetworkChanged(0)
11-20 00:01:09.838 V/LigerRadioStatsReporter( 2357): httpTailRadioTimeMs=13995
11-20 00:01:09.838 V/LigerRadioStatsReporter( 2357): reportAndCheckpointRadioStats: Tx=0
11-20 00:01:09.838 V/LigerRadioStatsReporter( 2357): reportAndCheckpointRadioStats: Rx=0
11-20 00:01:09.838 V/LigerRadioStatsReporter( 2357): reportAndCheckpointRadioStats: Uids=10027
11-20 00:01:09.838 V/LigerRadioStatsReporter( 2357): reportAndCheckpointRadioStats: Tags=null
11-20 00:01:09.840 E/QMI_FW  (  915): qmi_cci_get_ref: ref count increased 2
11-20 00:01:09.842 E/QMI_FW  (  915): qmi_cci_get_ref: ref count increased 2
11-20 00:01:09.854 D/QCNEJ/WwanInfoRelay( 1907): onCapabilitiesChanged: 101 [ Transports: CELLULAR Capabilities: MMS&SUPL&FOTA&INTERNET&NOT_RESTRICTED&TRUSTED&NOT_VPN&VALIDATED&NOT_ROAMING&FOREGROUND&NOT_CONGESTED&NOT_SUSPENDED LinkUpBandwidth>=15000Kbps LinkDnBandwidth>=30000Kbps Specifier: <TelephonyNetworkSpecifier [mSubId = 1]> AdministratorUids: [] RequestorUid: -1 RequestorPackageName: null]
11-20 00:01:09.855 V/LigerRadioStatsReporter( 2357): onCapabilitiesChanged: Network capabilities changed
11-20 00:01:09.855 D/ConnectivityService( 1186): Sending CONNECTED broadcast for type 0 [101 CELLULAR] isDefaultNetwork=true
11-20 00:01:09.857 I/QCNEJ/WwanInfoRelay( 1907): cacheWwanInfo subId = 1 phoneId = 0 slotId = 0
11-20 00:01:09.870 I/WM-WorkerWrapper( 2334): Work [ id=57f248e9-27c9-4baa-bcea-f98e3ece0d1a, tags={ com.facebook.wearable.system.selfcare.cloudsync.SelfCareDataCloudSyncWorker } ] was cancelled
11-20 00:01:09.870 I/WM-WorkerWrapper( 2334): java.util.concurrent.CancellationException: Task was cancelled.
11-20 00:01:09.870 I/WM-WorkerWrapper( 2334): 	at androidx.work.impl.utils.futures.AbstractFuture.getDoneValue(:32)
11-20 00:01:09.870 I/WM-WorkerWrapper( 2334): 	at androidx.work.impl.utils.futures.AbstractFuture.get(:268435546)
11-20 00:01:09.870 I/WM-WorkerWrapper( 2334): 	at androidx.work.impl.WorkerWrapper$2.run(:3)
11-20 00:01:09.870 I/WM-WorkerWrapper( 2334): 	at androidx.work.impl.utils.SerialExecutor$Task.run(:2)
11-20 00:01:09.870 I/WM-WorkerWrapper( 2334): 	at java.util.concurrent.ThreadPoolExecutor.runWorker(ThreadPoolExecutor.java:1167)
11-20 00:01:09.870 I/WM-WorkerWrapper( 2334): 	at java.util.concurrent.ThreadPoolExecutor$Worker.run(ThreadPoolExecutor.java:641)
11-20 00:01:09.870 I/WM-WorkerWrapper( 2334): 	at java.lang.Thread.run(Thread.java:923)
11-20 00:01:09.871 E/SelfCareDataCloudSyncWorker( 2334): Failed to get access token
11-20 00:01:09.871 E/SelfCareDataCloudSyncWorker( 2334): kotlinx.coroutines.JobCancellationException: Job was cancelled; job=JobImpl{Cancelling}@7ab0d9f
11-20 00:01:09.906 D/mcu_health_checker( 1029): Sent MCU Health Request
11-20 00:01:09.906 D/commandrouter( 1006): SocServiceHandle::onServiceMessage, SoC Service = mcu_healthcheck_1029, appType = 1, type = SVC_REQ, clientId = 0, token = 983, payloadLen = 12, result = 0, payload.size() = 12
11-20 00:01:09.910 D/commandrouter( 1006): mcu_healthcheck_1029 (1, merlot:mcu_health:control): <ServiceResponse> FORWARDED (remote -> local) CR token ID = 983, service client ID = 40, token ID = 15681, result = 0
11-20 00:01:09.910 D/mcu_health_checker( 1029): MCU Health Response: MCU_OK
11-20 00:01:09.910 D/mcu_health_checker( 1029): MCU Session 0, uptime = 29520093 ms
11-20 00:01:09.910 D/mculinkhealth( 1029): isMcuReachable 1 (4 ms)
11-20 00:01:09.914 E/QMI_FW  ( 1042): qmi_cci_get_ref: ref count increased 2
11-20 00:01:09.917 D/CompatibilityInfo( 1186): mCompatibilityFlags - 4
11-20 00:01:09.917 D/CompatibilityInfo( 1186): applicationDensity - 320
11-20 00:01:09.917 D/CompatibilityInfo( 1186): applicationScale - 1.0
11-20 00:01:09.917 E/QMI_FW  ( 1042): qmi_cci_get_ref: ref count increased 2
11-20 00:01:09.990 I/WearableConnectivityManager( 2594): LTE Signal strength is: 2
11-20 00:01:09.990 I/WearableConnectivityManager( 2594): Cellular Signal strength is: 2
11-20 00:01:09.993 D/RadioLinkQualityScoreBuilder( 1984): scoreRsrp: 3scoreRsrq: 1scoreRssnr: 3
11-20 00:01:09.993 D/WirelessInsightServiceImpl( 1984): onSignalStrengthsChanged: SignalStrength = SignalStrength:{mCdma=CellSignalStrengthCdma: cdmaDbm=2147483647 cdmaEcio=2147483647 evdoDbm=2147483647 evdoEcio=2147483647 evdoSnr=2147483647 level=0,mGsm=CellSignalStrengthGsm: rssi=2147483647 ber=2147483647 mTa=2147483647 mLevel=0,mWcdma=CellSignalStrengthWcdma: ss=2147483647 ber=2147483647 rscp=2147483647 ecno=2147483647 level=0,mTdscdma=CellSignalStrengthTdscdma: rssi=2147483647 ber=2147483647 rscp=2147483647 level=0,mLte=CellSignalStrengthLte: rssi=-75 rsrp=-111 rsrq=-16 rssnr=7 cqi=2147483647 ta=2147483647 level=2 parametersUseForLevel=0,mNr=CellSignalStrengthNr:{ csiRsrp = 2147483647 csiRsrq = 2147483647 csiSinr = 2147483647 ssRsrp = 2147483647 ssRsrq = 2147483647 ssSinr = 2147483647 level = 0 parametersUseForLevel = 0 },primary=CellSignalStrengthLte}
11-20 00:01:09.993 D/WirelessInsightServiceImpl( 1984): Score: 1
11-20 00:01:09.993 D/WirelessInsightServiceImpl( 1984): notifyListeners: listeners = 0, score = 1
11-20 00:01:10.005 I/m.android.phon( 1984): Background young concurrent copying GC freed 151078(16MB) AllocSpace objects, 72(1336KB) LOS objects, 75% free, 5659KB/22MB, paused 142us total 387.202ms
11-20 00:01:10.047 D/CompatibilityInfo( 1186): mCompatibilityFlags - 4
11-20 00:01:10.048 D/CompatibilityInfo( 1186): applicationDensity - 320
11-20 00:01:10.048 D/CompatibilityInfo( 1186): applicationScale - 1.0
11-20 00:01:10.063 D/DeviceAuthService(13333): isOculusAddressResolvable returned true
11-20 00:01:10.063 D/DeviceAuthenticator(13333): Fetching new credentials asynchronously
11-20 00:01:10.066 D/DeviceAuthenticator(13333): Calling DeviceAuth.authenticate()
11-20 00:01:10.072 E/DeviceCertService(  545): This device *might* have a provisioning issue. Please run `maui provision check` to verify.
11-20 00:01:10.072 E/DeviceCertService(  545): See https://fburl.com/wiki/a9hho0p9 for more information.
11-20 00:01:10.072 E/DeviceCertService(  545): Could not access certificate file '/mnt/vendor/persist/certificates/device_identityinsecure.crt', error 2: No such file or directory
11-20 00:01:10.073 E/DeviceAuthenticator(13333): ERROR: java.lang.RuntimeException: devicecert returned error FILESYSTEM_ERROR
11-20 00:01:10.073 E/DeviceAuthenticator(13333): 
11-20 00:01:10.073 E/DeviceAuthenticator(13333): com.facebook.mos.sdk.devicecert.DeviceIdentityException: java.lang.RuntimeException: devicecert returned error FILESYSTEM_ERROR
11-20 00:01:10.073 E/DeviceAuthenticator(13333): 
11-20 00:01:10.093 I/WM-WorkerWrapper( 2334): Work [ id=e596069b-4a6f-495d-b19d-a8669de7ea86, tags={ com.facebook.wearable.system.selfcare.sharing.StickerBundleDatabaseWorker } ] was cancelled
11-20 00:01:10.093 I/WM-WorkerWrapper( 2334): java.util.concurrent.CancellationException: Task was cancelled.
11-20 00:01:10.093 I/WM-WorkerWrapper( 2334): 	at androidx.work.impl.utils.futures.AbstractFuture.getDoneValue(:32)
11-20 00:01:10.093 I/WM-WorkerWrapper( 2334): 	at androidx.work.impl.utils.futures.AbstractFuture.get(:268435546)
11-20 00:01:10.093 I/WM-WorkerWrapper( 2334): 	at androidx.work.impl.WorkerWrapper$2.run(:3)
11-20 00:01:10.093 I/WM-WorkerWrapper( 2334): 	at androidx.work.impl.utils.SerialExecutor$Task.run(:2)
11-20 00:01:10.093 I/WM-WorkerWrapper( 2334): 	at java.util.concurrent.ThreadPoolExecutor.runWorker(ThreadPoolExecutor.java:1167)
11-20 00:01:10.093 I/WM-WorkerWrapper( 2334): 	at java.util.concurrent.ThreadPoolExecutor$Worker.run(ThreadPoolExecutor.java:641)
11-20 00:01:10.093 I/WM-WorkerWrapper( 2334): 	at java.lang.Thread.run(Thread.java:923)
11-20 00:01:10.098 E/StickerBundleDatabaseWorker( 2334): Failed to fetch sticker bundles:
11-20 00:01:10.098 E/StickerBundleDatabaseWorker( 2334): kotlinx.coroutines.JobCancellationException: Job was cancelled; job=JobImpl{Cancelling}@15a3416
11-20 00:01:10.297 D/SettingsSDK::SyncHelper( 2334): Read setting com.facebook.wearable.sdk.selfcare:SELFCARE_SERVICE_ENABLED from persistent cache
11-20 00:01:10.297 D/FacebookRepository( 2334): Reading from Store [906581286488774]
