11-21 15:17:01.103 I/WM-WorkerWrapper( 2334): 	at java.util.concurrent.ThreadPoolExecutor$Worker.run(ThreadPoolExecutor.java:641)
11-21 15:17:01.103 I/WM-WorkerWrapper( 2334): 	at java.lang.Thread.run(Thread.java:923)
11-21 15:17:01.124 E/wpa_supplicant(15670): eap_proxy: pthread_join on eap_proxy=0xa050fa8
11-21 15:17:01.124 E/wpa_supplicant(15670): eap_proxy: session not started for client = 1
11-21 15:17:01.124 E/QMI_FW  (15670): qmi_cci_get_ref: ref count increased 2
11-21 15:17:01.124 E/QMI_FW  (15670): qmi_cci_get_ref: ref count increased 2
11-21 15:17:01.125 E/wpa_supplicant(15670): eap_proxy: Released QMI UIM service client
11-21 15:17:01.125 E/QMI_FW  (15670): qmi_cci_get_ref: ref count increased 2
11-21 15:17:01.125 E/QMI_FW  (15670): qmi_cci_get_ref: ref count increased 2
11-21 15:17:01.125 E/wpa_supplicant(15670): eap_proxy: Released QMI EAP service client
11-21 15:17:01.125 E/wpa_supplicant(15670): eap_proxy: session not started for client = 2
11-21 15:17:01.125 E/QMI_FW  (15670): qmi_cci_get_ref: ref count increased 2
11-21 15:17:01.125 E/QMI_FW  (15670): qmi_cci_get_ref: ref count increased 2
11-21 15:17:01.127 E/wpa_supplicant(15670): eap_proxy: Released QMI UIM service client
11-21 15:17:01.127 E/QMI_FW  (15670): qmi_cci_get_ref: ref count increased 2
11-21 15:17:01.127 E/QMI_FW  (15670): qmi_cci_get_ref: ref count increased 2
11-21 15:17:01.127 E/wpa_supplicant(15670): eap_proxy: Released QMI EAP service client
11-21 15:17:01.127 I/wpa_supplicant(15670): eap_proxy: eap_proxy Deinitialzed
11-21 15:17:01.180 I/wpa_supplicant(15670): nl80211: deinit ifname=p2p0 disabled_11b_rates=0
11-21 15:17:01.196 E/StickerBundleDatabaseWorker( 2334): Failed to fetch sticker bundles:
11-21 15:17:01.196 E/StickerBundleDatabaseWorker( 2334): kotlinx.coroutines.JobCancellationException: Job was cancelled; job=JobImpl{Cancelling}@4a108cd
11-21 15:17:01.235 D/LOWI-9.0.0.80( 1026): [LOWINetlinkSocketReceiver] unpackRTMLinkMessage: RTM_NEWLINK - ifname p2p0, flags 0x1003 ([UP])
11-21 15:17:01.251 E/StickerBundleDatabaseWorker( 2334): Failed to fetch sticker bundles:
11-21 15:17:01.251 E/StickerBundleDatabaseWorker( 2334): kotlinx.coroutines.JobCancellationException: Job was cancelled; job=JobImpl{Cancelling}@a7057ce
11-21 15:17:01.251 I/WM-WorkerWrapper( 2334): Work [ id=e596069b-4a6f-495d-b19d-a8669de7ea86, tags={ com.facebook.wearable.system.selfcare.sharing.StickerBundleDatabaseWorker } ] was cancelled
11-21 15:17:01.251 I/WM-WorkerWrapper( 2334): java.util.concurrent.CancellationException: Task was cancelled.
11-21 15:17:01.251 I/WM-WorkerWrapper( 2334): 	at androidx.work.impl.utils.futures.AbstractFuture.getDoneValue(:32)
11-21 15:17:01.251 I/WM-WorkerWrapper( 2334): 	at androidx.work.impl.utils.futures.AbstractFuture.get(:268435546)
11-21 15:17:01.251 I/WM-WorkerWrapper( 2334): 	at androidx.work.impl.WorkerWrapper$2.run(:3)
11-21 15:17:01.251 I/WM-WorkerWrapper( 2334): 	at androidx.work.impl.utils.SerialExecutor$Task.run(:2)
11-21 15:17:01.251 I/WM-WorkerWrapper( 2334): 	at java.util.concurrent.ThreadPoolExecutor.runWorker(ThreadPoolExecutor.java:1167)
11-21 15:17:01.251 I/WM-WorkerWrapper( 2334): 	at java.util.concurrent.ThreadPoolExecutor$Worker.run(ThreadPoolExecutor.java:641)
11-21 15:17:01.251 I/WM-WorkerWrapper( 2334): 	at java.lang.Thread.run(Thread.java:923)
11-21 15:17:01.283 D/LOWI-9.0.0.80( 1026): [LOWINetlinkSocketReceiver] unpackRTMLinkMessage: RTM_NEWLINK - ifname p2p0, flags 0x1002 ()
11-21 15:17:01.298 D/LOWI-9.0.0.80( 1026): [LOWINetlinkSocketReceiver] unpackRTMLinkMessage: RTM_NEWLINK - ifname p2p0, flags 0x1002 ()
11-21 15:17:01.305 I/wpa_supplicant(15670): Try to unregister vendor p2 interface
11-21 15:17:01.313 I/WifiP2pNative( 1186): P2P interface teardown completed
11-21 15:17:01.315 I/wpa_supplicant(15670): wlan0: Do not deauthenticate as part of interface deinit since WoWLAN is enabled
11-21 15:17:01.317 D/WifiP2pNative( 1186): P2P InterfaceDestroyedListener p2p0
11-21 15:17:01.318 D/WifiP2pNative( 1186): Ignoring stale interface destroyed listener
11-21 15:17:01.320 D/WifiP2pNative( 1186): P2P InterfaceAvailableListener true
11-21 15:17:01.320 D/WifiP2pService( 1186): Wifi enabled=false, P2P Interface availability=true
11-21 15:17:01.354 I/wpa_supplicant(15670): Try to unregister vendor STA network
11-21 15:17:01.360 E/wpa_supplicant(15670): eap_proxy: pthread_join on eap_proxy=0xa050eac
11-21 15:17:01.361 E/wpa_supplicant(15670): eap_proxy: session not started for client = 1
11-21 15:17:01.361 E/QMI_FW  (15670): qmi_cci_get_ref: ref count increased 2
11-21 15:17:01.361 E/QMI_FW  (15670): qmi_cci_get_ref: ref count increased 2
11-21 15:17:01.362 E/wpa_supplicant(15670): eap_proxy: Released QMI UIM service client
11-21 15:17:01.362 E/QMI_FW  (15670): qmi_cci_get_ref: ref count increased 2
11-21 15:17:01.362 E/QMI_FW  (15670): qmi_cci_get_ref: ref count increased 2
11-21 15:17:01.364 E/wpa_supplicant(15670): eap_proxy: Released QMI EAP service client
11-21 15:17:01.364 E/wpa_supplicant(15670): eap_proxy: session not started for client = 2
11-21 15:17:01.364 E/QMI_FW  (15670): qmi_cci_get_ref: ref count increased 2
11-21 15:17:01.364 E/QMI_FW  (15670): qmi_cci_get_ref: ref count increased 2
11-21 15:17:01.365 E/wpa_supplicant(15670): eap_proxy: Released QMI UIM service client
11-21 15:17:01.365 E/QMI_FW  (15670): qmi_cci_get_ref: ref count increased 2
11-21 15:17:01.365 E/QMI_FW  (15670): qmi_cci_get_ref: ref count increased 2
11-21 15:17:01.367 E/wpa_supplicant(15670): eap_proxy: Released QMI EAP service client
11-21 15:17:01.367 I/wpa_supplicant(15670): eap_proxy: eap_proxy Deinitialzed
11-21 15:17:01.395 I/wpa_supplicant(15670): nl80211: deinit ifname=wlan0 disabled_11b_rates=0
11-21 15:17:01.396 E/StickerBundleDatabaseWorker( 2334): Failed to fetch sticker bundles:
11-21 15:17:01.396 E/StickerBundleDatabaseWorker( 2334): kotlinx.coroutines.JobCancellationException: Job was cancelled; job=JobImpl{Cancelling}@5af730b
11-21 15:17:01.396 I/WM-WorkerWrapper( 2334): Work [ id=e596069b-4a6f-495d-b19d-a8669de7ea86, tags={ com.facebook.wearable.system.selfcare.sharing.StickerBundleDatabaseWorker } ] was cancelled
11-21 15:17:01.396 I/WM-WorkerWrapper( 2334): java.util.concurrent.CancellationException: Task was cancelled.
11-21 15:17:01.396 I/WM-WorkerWrapper( 2334): 	at androidx.work.impl.utils.futures.AbstractFuture.getDoneValue(:32)
11-21 15:17:01.396 I/WM-WorkerWrapper( 2334): 	at androidx.work.impl.utils.futures.AbstractFuture.get(:268435546)
11-21 15:17:01.396 I/WM-WorkerWrapper( 2334): 	at androidx.work.impl.WorkerWrapper$2.run(:3)
11-21 15:17:01.396 I/WM-WorkerWrapper( 2334): 	at androidx.work.impl.utils.SerialExecutor$Task.run(:2)
11-21 15:17:01.396 I/WM-WorkerWrapper( 2334): 	at java.util.concurrent.ThreadPoolExecutor.runWorker(ThreadPoolExecutor.java:1167)
11-21 15:17:01.396 I/WM-WorkerWrapper( 2334): 	at java.util.concurrent.ThreadPoolExecutor$Worker.run(ThreadPoolExecutor.java:641)
11-21 15:17:01.396 I/WM-WorkerWrapper( 2334): 	at java.lang.Thread.run(Thread.java:923)
11-21 15:17:01.445 I/wpa_supplicant(15670): Try to unregister vendor interface
11-21 15:17:01.447 D/LOWI-9.0.0.80( 1026): [LOWINetlinkSocketReceiver] unpackRTMLinkMessage: RTM_NEWLINK - ifname wlan0, flags 0x11043 ([UP][RUNNING])
11-21 15:17:01.447 D/LOWI-9.0.0.80( 1026): [LOWINetlinkSocketReceiver] processNetlinkPacket: ifname(wlan0) status(2)
11-21 15:17:01.447 D/LOWI-9.0.0.80( 1026): [LOWIController] intfStateReceived: ifname(wlan0) state(2)
11-21 15:17:01.447 D/LOWI-9.0.0.80( 1026): [LOWIEventReceiver] handleEvent:FROM:NA, TO:NA, REQ:NA, IREQ:NA, REQ_ID:0, RESP:NA, INFO:INTF-STATUS-UPDATE
11-21 15:17:01.447 D/LOWI-9.0.0.80( 1026): [LOWIEventReceiver] Info to [INTF-STATUS-UPDATE]
11-21 15:17:01.447 D/LOWI-9.0.0.80( 1026): [LOWIController] updateIntfState: WIFI enabled 2 mNlWifiStatus 2 mWifiStateEnabled 1
11-21 15:17:01.447 D/LOWI-9.0.0.80( 1026): [LOWIController] isWifiEnabled: mNlWifiStatus 2 mWifiStateEnabled 1
11-21 15:17:01.449 I/SupplicantStaIfaceHal( 1186): Terminating supplicant using HIDL
11-21 15:17:01.451 I/android_os_HwBinder( 1186): HwBinder: Starting thread pool for getting: android.hardware.wifi.supplicant@1.0::ISupplicant/default
11-21 15:17:01.456 I/wpa_supplicant(15670): Terminating...
11-21 15:17:01.458 D/LOWI-9.0.0.80( 1026): [LOWINetlinkSocketReceiver] unpackRTMLinkMessage: RTM_NEWLINK - ifname wlan0, flags 0x1003 ([UP])
11-21 15:17:01.458 D/LOWI-9.0.0.80( 1026): [LOWINetlinkSocketReceiver] processNetlinkPacket: ifname(wlan0) status(1)
11-21 15:17:01.458 D/LOWI-9.0.0.80( 1026): [LOWIController] intfStateReceived: ifname(wlan0) state(1)
11-21 15:17:01.459 D/LOWI-9.0.0.80( 1026): [LOWIEventReceiver] handleEvent:FROM:NA, TO:NA, REQ:NA, IREQ:NA, REQ_ID:0, RESP:NA, INFO:INTF-STATUS-UPDATE
11-21 15:17:01.459 D/LOWI-9.0.0.80( 1026): [LOWIEventReceiver] Info to [INTF-STATUS-UPDATE]
11-21 15:17:01.459 D/LOWI-9.0.0.80( 1026): [LOWIController] updateIntfState: WIFI enabled 1 mNlWifiStatus 2 mWifiStateEnabled 1
11-21 15:17:01.459 D/LOWI-9.0.0.80( 1026): [LOWIController] isWifiEnabled: mNlWifiStatus 1 mWifiStateEnabled 1
11-21 15:17:01.494 W/SupplicantP2pIfaceHal( 1186): ISupplicantVendor/ISupplicantVendorP2PIface died: cookie=0
11-21 15:17:01.495 W/SupplicantP2pIfaceHal( 1186): ISupplicant/ISupplicantP2pIface died: cookie=0
11-21 15:17:01.495 W/SupplicantP2pIfaceHal( 1186): ISupplicantVendor/ISupplicantVendorP2PIface died: cookie=0
11-21 15:17:01.498 W/SupplicantP2pIfaceHal( 1186): ISupplicant/ISupplicantP2pIface died: cookie=0
11-21 15:17:01.499 D/SupplicantStaIfaceHal( 1186): ISupplicant died: cookie=-6132044647173688281
11-21 15:17:01.504 D/LOWI-9.0.0.80( 1026): [LOWINetlinkSocketReceiver] unpackRTMLinkMessage: RTM_NEWLINK - ifname wlan0, flags 0x1003 ([UP])
11-21 15:17:01.504 D/LOWI-9.0.0.80( 1026): [LOWINetlinkSocketReceiver] processNetlinkPacket: ifname(wlan0) status(1)
11-21 15:17:01.504 D/LOWI-9.0.0.80( 1026): [LOWIController] intfStateReceived: ifname(wlan0) state(1)
11-21 15:17:01.504 D/LOWI-9.0.0.80( 1026): [LOWIEventReceiver] handleEvent:FROM:NA, TO:NA, REQ:NA, IREQ:NA, REQ_ID:0, RESP:NA, INFO:INTF-STATUS-UPDATE
11-21 15:17:01.504 D/LOWI-9.0.0.80( 1026): [LOWIEventReceiver] Info to [INTF-STATUS-UPDATE]
11-21 15:17:01.504 D/LOWI-9.0.0.80( 1026): [LOWIController] updateIntfState: WIFI enabled 1 mNlWifiStatus 1 mWifiStateEnabled 1
11-21 15:17:01.504 D/LOWI-9.0.0.80( 1026): [LOWIController] isWifiEnabled: mNlWifiStatus 1 mWifiStateEnabled 1
11-21 15:17:01.506 V/WifiHAL (  544): event received NL80211_CMD_DISCONNECT
11-21 15:17:01.518 W/SupplicantStaIfaceHal( 1186): Timed out waiting for confirmation of supplicant death
11-21 15:17:01.529 W/system_server( 1186): Long monitor contention with owner WifiHandlerThread (1641) at void com.android.server.wifi.SupplicantStaIfaceHal.terminate()(SupplicantStaIfaceHal.java:990) waiters=0 in void com.android.server.wifi.SupplicantStaIfaceCallbackImpl.onNetworkRemoved(int) for 156ms
11-21 15:17:01.544 W/SupplicantStaIfaceHal( 1186): ISupplicantVendor/ISupplicantVendorStaIface died: cookie=0
11-21 15:17:01.546 W/SupplicantStaIfaceHal( 1186): ISupplicantVendor/ISupplicantVendorStaIface died: cookie=0
11-21 15:17:01.547 E/SupplicantStaIfaceHal( 1186): Can't call getKeyMgmtCapabilities_1_3, ISupplicantStaIface is null
11-21 15:17:01.550 V/WifiHAL (  544): WifiVendorCommand 0xaadf1b98 created vendor_id:0x1374 subcmd:38
11-21 15:17:01.550 V/WifiHAL (  544): Got a Wi-Fi HAL module message from Driver
11-21 15:17:01.552 V/WifiHAL (  544): Supported feature set : 19d3d
11-21 15:17:01.552 V/WifiHAL (  544): Supported feature set acquired : 19d3d
11-21 15:17:01.552 V/WifiHAL (  544): WifiVendorCommand 0x98689280 created vendor_id:0x1374 subcmd:76
11-21 15:17:01.553 V/WifiHAL (  544): create: mVendor_id = 4980, Subcmd = 76.
11-21 15:17:01.556 V/WifiHAL (  544): WifiVendorCommand 0xaadf1cc8 created vendor_id:0x1374 subcmd:38
11-21 15:17:01.556 V/WifiHAL (  544): Got a Wi-Fi HAL module message from Driver
11-21 15:17:01.557 V/WifiHAL (  544): Supported feature set : 19d3d
11-21 15:17:01.557 V/WifiHAL (  544): Supported feature set acquired : 19d3d
11-21 15:17:01.557 V/WifiHAL (  544): WifiVendorCommand 0x98689280 created vendor_id:0x1374 subcmd:76
11-21 15:17:01.557 V/WifiHAL (  544): create: mVendor_id = 4980, Subcmd = 76.
11-21 15:17:01.563 E/SupplicantStaIfaceHal( 1186): Can't call getWpaDriverFeatureSet, ISupplicantStaIface is null
11-21 15:17:01.563 E/StickerBundleDatabaseWorker( 2334): Failed to fetch sticker bundles:
11-21 15:17:01.563 E/StickerBundleDatabaseWorker( 2334): kotlinx.coroutines.JobCancellationException: Job was cancelled; job=JobImpl{Cancelling}@3bf1894
11-21 15:17:01.563 I/WM-WorkerWrapper( 2334): Work [ id=e596069b-4a6f-495d-b19d-a8669de7ea86, tags={ com.facebook.wearable.system.selfcare.sharing.StickerBundleDatabaseWorker } ] was cancelled
11-21 15:17:01.563 I/WM-WorkerWrapper( 2334): java.util.concurrent.CancellationException: Task was cancelled.
11-21 15:17:01.563 I/WM-WorkerWrapper( 2334): 	at androidx.work.impl.utils.futures.AbstractFuture.getDoneValue(:32)
11-21 15:17:01.563 I/WM-WorkerWrapper( 2334): 	at androidx.work.impl.utils.futures.AbstractFuture.get(:268435546)
11-21 15:17:01.563 I/WM-WorkerWrapper( 2334): 	at androidx.work.impl.WorkerWrapper$2.run(:3)
11-21 15:17:01.563 I/WM-WorkerWrapper( 2334): 	at androidx.work.impl.utils.SerialExecutor$Task.run(:2)
11-21 15:17:01.563 I/WM-WorkerWrapper( 2334): 	at java.util.concurrent.ThreadPoolExecutor.runWorker(ThreadPoolExecutor.java:1167)
11-21 15:17:01.563 I/WM-WorkerWrapper( 2334): 	at java.util.concurrent.ThreadPoolExecutor$Worker.run(ThreadPoolExecutor.java:641)
11-21 15:17:01.563 I/WM-WorkerWrapper( 2334): 	at java.lang.Thread.run(Thread.java:923)
11-21 15:17:01.564 I/WifiNative( 1186): Successfully switched to scan mode on iface=Iface:{Name=wlan0,Id=0,Type=STA_SCAN}
11-21 15:17:01.565 D/BluetoothAdapterService( 1710): Soft AP is on band: 1
11-21 15:17:01.568 D/BluetoothVendorService( 1710): getPowerBackoff 
11-21 15:17:01.568 D/BluetoothVendorService( 1710): setPowerBackoff to: false
11-21 15:17:01.568 I/BluetoothVendorJni( 1710): setPowerBackoffNative
11-21 15:17:01.568 I/bt_btif_vendor( 1710): setPowerBackOffState :0 
11-21 15:17:01.568 D/BluetoothAdapterService( 1710): android.net.wifi.WIFI_STATE_CHANGED
11-21 15:17:01.568 W/bt_btif ( 1710): bta_dm_power_back_off: power_back_off feature not supported
11-21 15:17:01.585 I/wificond(  911): Fail RSSI polling because wifi is not associated.
11-21 15:17:01.585 E/WifiNl80211Manager( 1186): Invalid signal poll result from wificond
11-21 15:17:01.587 W/SupplicantStaIfaceHal( 1186): ISupplicant died: cookie=239
11-21 15:17:01.588 D/WifiClientModeManager0( 1186): entering ScanOnlyModeState
11-21 15:17:01.590 D/WifiP2pService( 1186): Wifi enabled=false, P2P Interface availability=true
11-21 15:17:01.590 D/WifiScanRequestProxy( 1186): Sending scan available broadcast: true
11-21 15:17:01.590 I/WifiScanningService( 1186): Received a request to enable scanning, UID = 1000
11-21 15:17:01.591 I/WifiScanningService( 1186): scanner impls already exists
11-21 15:17:01.595 I/WifiScanRequestProxy( 1186): Scanning is enabled
11-21 15:17:01.595 I/WifiScanRequestProxy( 1186): Scanning for hidden networks is disabled
11-21 15:17:01.595 E/WifiScanningService( 1186): wifi driver loaded received while already loaded
11-21 15:17:01.600 D/WakeupController( 1186): start()
11-21 15:17:01.603 D/WakeupController( 1186): Setting active to true
11-21 15:17:01.624 D/WakeupLock( 1186): Lock set. Number of networks: 1
11-21 15:17:01.630 D/WifiClientModeImpl( 1186): ClientModeImpl: Leaving Connected state
11-21 15:17:01.634 D/WifiCountryCode( 1186): updateCountryCode to US
11-21 15:17:01.636 E/SupplicantStaIfaceHal( 1186): Can't call setCountryCode, ISupplicantStaIface is null
11-21 15:17:01.636 D/WifiCountryCode( 1186): Failed to set country code to: US
11-21 15:17:01.676 E/SupplicantStaIfaceHal( 1186): Can't call listNetworks, ISupplicantStaIface is null
11-21 15:17:01.676 E/SupplicantStaIfaceHal( 1186): removeAllNetworks failed, got null networks
11-21 15:17:01.676 E/WifiClientModeImpl( 1186): Failed to remove networks on exiting connect mode
11-21 15:17:01.694 E/WakeupController( 1186): Unexpected setLastDisconnectInfo when WakeupController is active!
11-21 15:17:01.711 E/StickerBundleDatabaseWorker( 2334): Failed to fetch sticker bundles:
11-21 15:17:01.711 E/StickerBundleDatabaseWorker( 2334): kotlinx.coroutines.JobCancellationException: Job was cancelled; job=JobImpl{Cancelling}@2311239
11-21 15:17:01.711 I/WM-WorkerWrapper( 2334): Work [ id=e596069b-4a6f-495d-b19d-a8669de7ea86, tags={ com.facebook.wearable.system.selfcare.sharing.StickerBundleDatabaseWorker } ] was cancelled
11-21 15:17:01.711 I/WM-WorkerWrapper( 2334): java.util.concurrent.CancellationException: Task was cancelled.
11-21 15:17:01.711 I/WM-WorkerWrapper( 2334): 	at androidx.work.impl.utils.futures.AbstractFuture.getDoneValue(:32)
11-21 15:17:01.711 I/WM-WorkerWrapper( 2334): 	at androidx.work.impl.utils.futures.AbstractFuture.get(:268435546)
11-21 15:17:01.711 I/WM-WorkerWrapper( 2334): 	at androidx.work.impl.WorkerWrapper$2.run(:3)
11-21 15:17:01.711 I/WM-WorkerWrapper( 2334): 	at androidx.work.impl.utils.SerialExecutor$Task.run(:2)
11-21 15:17:01.711 I/WM-WorkerWrapper( 2334): 	at java.util.concurrent.ThreadPoolExecutor.runWorker(ThreadPoolExecutor.java:1167)
11-21 15:17:01.711 I/WM-WorkerWrapper( 2334): 	at java.util.concurrent.ThreadPoolExecutor$Worker.run(ThreadPoolExecutor.java:641)
11-21 15:17:01.711 I/WM-WorkerWrapper( 2334): 	at java.lang.Thread.run(Thread.java:923)
11-21 15:17:01.713 D/WifiMemoryStoreImpl( 1186): Set cluster Ga6eb8feabe7908d4 for W958a1754935a727: SUCCESS
11-21 15:17:01.717 E/WifiVendorHal( 1186): stopRssiMonitoring(l.2106) failed {.code = ERROR_NOT_AVAILABLE, .description = }
11-21 15:17:01.717 E/SupplicantStaIfaceHal( 1186): Can't call setPowerSave, ISupplicantStaIface is null
11-21 15:17:01.717 E/SupplicantStaIfaceHal( 1186): Can't call setBtCoexistenceMode, ISupplicantStaIface is null
11-21 15:17:01.719 V/WifiClientModeImpl( 1186): stopIpClient IpClientWithPreConnection: false
11-21 15:17:01.719 V/WifiClientModeImpl( 1186): java.lang.Throwable
11-21 15:17:01.719 V/WifiClientModeImpl( 1186): 	at com.android.server.wifi.ClientModeImpl.stopIpClient(ClientModeImpl.java:1127)
11-21 15:17:01.719 V/WifiClientModeImpl( 1186): 	at com.android.server.wifi.ClientModeImpl.stopDhcpSetup(ClientModeImpl.java:1153)
11-21 15:17:01.719 V/WifiClientModeImpl( 1186): 	at com.android.server.wifi.ClientModeImpl.handleNetworkDisconnect(ClientModeImpl.java:2945)
11-21 15:17:01.719 V/WifiClientModeImpl( 1186): 	at com.android.server.wifi.ClientModeImpl.stopClientMode(ClientModeImpl.java:3889)
11-21 15:17:01.719 V/WifiClientModeImpl( 1186): 	at com.android.server.wifi.ClientModeImpl.access$4600(ClientModeImpl.java:176)
11-21 15:17:01.719 V/WifiClientModeImpl( 1186): 	at com.android.server.wifi.ClientModeImpl$ConnectModeState.exit(ClientModeImpl.java:4064)
11-21 15:17:01.719 V/WifiClientModeImpl( 1186): 	at com.android.wifi.x.com.android.internal.util.StateMachine$SmHandler.invokeExitMethods(StateMachine.java:1021)
11-21 15:17:01.719 V/WifiClientModeImpl( 1186): 	at com.android.wifi.x.com.android.internal.util.StateMachine$SmHandler.performTransitions(StateMachine.java:877)
11-21 15:17:01.719 V/WifiClientModeImpl( 1186): 	at com.android.wifi.x.com.android.internal.util.StateMachine$SmHandler.handleMessage(StateMachine.java:819)
11-21 15:17:01.719 V/WifiClientModeImpl( 1186): 	at android.os.Handler.dispatchMessage(Handler.java:106)
11-21 15:17:01.719 V/WifiClientModeImpl( 1186): 	at android.os.Looper.loop(Looper.java:223)
11-21 15:17:01.719 V/WifiClientModeImpl( 1186): 	at android.os.HandlerThread.run(HandlerThread.java:67)
11-21 15:17:01.739 D/ConnectivityService( 1186): handleLingerComplete for [101 CELLULAR]
11-21 15:17:01.740 D/DhcpClient( 1186): doQuit
11-21 15:17:01.750 D/WifiConnector( 2870): Network State Changed
11-21 15:17:01.750 D/QCNEJ/WlanStaInfoRelay( 1907): Received action: android.net.wifi.STATE_CHANGE
11-21 15:17:01.750 D/QCNEJ/WlanStaInfoRelay( 1907): reset CountryCodeRetriever
11-21 15:17:01.755 E/QMI_FW  (  915): qmi_cci_get_ref: ref count increased 2
11-21 15:17:01.758 E/QMI_FW  (  915): qmi_cci_get_ref: ref count increased 2
11-21 15:17:01.763 E/QMI_FW  ( 1042): qmi_cci_get_ref: ref count increased 2
11-21 15:17:01.783 D/WifiDiags( 1186): stopLogging() iface list is {} after removing wlan0
11-21 15:17:01.792 E/WifiVendorHal( 1186): resetLogHandler(l.1558) failed {.code = ERROR_NOT_AVAILABLE, .description = }
11-21 15:17:01.795 W/WifiDiags( 1186): Fail to reset log handler
11-21 15:17:01.808 E/QMI_FW  ( 1042): qmi_cci_get_ref: ref count increased 2
11-21 15:17:01.820 E/QMI_FW  ( 1042): qmi_cci_get_ref: ref count increased 2
11-21 15:17:01.827 I/chatty  ( 1042): uid=1001(radio) main identical 1 line
11-21 15:17:01.830 E/QMI_FW  ( 1042): qmi_cci_get_ref: ref count increased 2
11-21 15:17:01.832 D/QCNEJ/WwanInfoRelay( 1907): onCapabilitiesChanged: 101 [ Transports: CELLULAR Capabilities: MMS&SUPL&FOTA&INTERNET&NOT_RESTRICTED&TRUSTED&NOT_VPN&VALIDATED&NOT_ROAMING&NOT_CONGESTED&NOT_SUSPENDED LinkUpBandwidth>=15000Kbps LinkDnBandwidth>=30000Kbps Specifier: <TelephonyNetworkSpecifier [mSubId = 1]> AdministratorUids: [] RequestorUid: -1 RequestorPackageName: null]
11-21 15:17:01.833 I/QCNEJ/WwanInfoRelay( 1907): cacheWwanInfo subId = 1 phoneId = 0 slotId = 0
11-21 15:17:01.835 D/ConnectivityService( 1186): [225 WIFI] EVENT_NETWORK_INFO_CHANGED, going from CONNECTED to DISCONNECTED
11-21 15:17:01.836 E/QMI_FW  ( 1042): qmi_cci_get_ref: ref count increased 2
11-21 15:17:01.840 D/ConnectivityService( 1186): [225 WIFI] disconnected, was satisfying 27
11-21 15:17:01.840 I/chatty  ( 1042): uid=1001(radio) main identical 3 lines
11-21 15:17:01.841 E/QMI_FW  ( 1042): qmi_cci_get_ref: ref count increased 2
11-21 15:17:01.843 E/QMI_FW  ( 1042): qmi_cci_get_ref: ref count increased 2
11-21 15:17:01.850 I/chatty  ( 1042): uid=1001(radio) main identical 4 lines
11-21 15:17:01.851 E/QMI_FW  ( 1042): qmi_cci_get_ref: ref count increased 2
11-21 15:17:01.853 D/WifiMemoryStoreImpl( 1186): Set cluster Ga6eb8feabe7908d4 for Wa6eb8feabe7908d4: SUCCESS
11-21 15:17:01.853 E/QMI_FW  ( 1042): qmi_cci_get_ref: ref count increased 2
11-21 15:17:01.855 E/QMI_FW  ( 1042): qmi_cci_get_ref: ref count increased 2
11-21 15:17:01.947 E/StickerBundleDatabaseWorker( 2334): Failed to fetch sticker bundles:
11-21 15:17:01.947 E/StickerBundleDatabaseWorker( 2334): kotlinx.coroutines.JobCancellationException: Job was cancelled; job=JobImpl{Cancelling}@954f68a
11-21 15:17:01.948 I/WM-WorkerWrapper( 2334): Work [ id=e596069b-4a6f-495d-b19d-a8669de7ea86, tags={ com.facebook.wearable.system.selfcare.sharing.StickerBundleDatabaseWorker } ] was cancelled
11-21 15:17:01.948 I/WM-WorkerWrapper( 2334): java.util.concurrent.CancellationException: Task was cancelled.
11-21 15:17:01.948 I/WM-WorkerWrapper( 2334): 	at androidx.work.impl.utils.futures.AbstractFuture.getDoneValue(:32)
11-21 15:17:01.948 I/WM-WorkerWrapper( 2334): 	at androidx.work.impl.utils.futures.AbstractFuture.get(:268435546)
11-21 15:17:01.948 I/WM-WorkerWrapper( 2334): 	at androidx.work.impl.WorkerWrapper$2.run(:3)
11-21 15:17:01.948 I/WM-WorkerWrapper( 2334): 	at androidx.work.impl.utils.SerialExecutor$Task.run(:2)
11-21 15:17:01.948 I/WM-WorkerWrapper( 2334): 	at java.util.concurrent.ThreadPoolExecutor.runWorker(ThreadPoolExecutor.java:1167)
11-21 15:17:01.948 I/WM-WorkerWrapper( 2334): 	at java.util.concurrent.ThreadPoolExecutor$Worker.run(ThreadPoolExecutor.java:641)
11-21 15:17:01.948 I/WM-WorkerWrapper( 2334): 	at java.lang.Thread.run(Thread.java:923)
11-21 15:17:01.964 D/DhcpClient( 1186): DHCP Packet Handler stopped
11-21 15:17:01.965 D/DhcpClient( 1186): onQuitting
11-21 15:17:01.974 I/GnssNetworkConnectivityHandler( 1186): Network connection lost. Available networks count: 1
11-21 15:17:01.975 I/GnssNetworkConnectivityHandler( 1186): updateNetworkState, state=CLOSED, connected=false, network=225, capabilities=[ Transports: WIFI Capabilities: NOT_METERED&INTERNET&NOT_RESTRICTED&TRUSTED&NOT_VPN&VALIDATED&NOT_ROAMING&FOREGROUND&NOT_CONGESTED&NOT_SUSPENDED LinkUpBandwidth>=62000Kbps LinkDnBandwidth>=62000Kbps SignalStrength: -33 OwnerUid: 1000 AdministratorUids: [] SSID: "MTBF_Lab" RequestorUid: -1 RequestorPackageName: null], apn: , availableNetworkCount: 1
11-21 15:17:01.978 W/LocSvc_LocIpc(  527): send:66] failed reason: No such file or directory
11-21 15:17:01.982 D/QCNEJ/DefaultNetworkInfoRelay( 1907): Default network lost: 225
11-21 15:17:01.985 D/QCNEJ/NativeHalConnector( 1907): -> SND notifyDefaultNetworkChanged(1)
11-21 15:17:01.985 D/QCNEJ/WlanStaInfoRelay( 1907): network lost: 225
11-21 15:17:01.988 I/Nat464Xlat( 1186): Android Xlat is disabled
11-21 15:17:01.988 D/QCNEJ/WlanStaInfoRelay( 1907): onLost: unbind the process to WIFI
11-21 15:17:01.989 D/DeviceAuthService( 7777): Network lost
11-21 15:17:02.071 D/BluetoothAdapterService( 1710): Soft AP is on band: 1
11-21 15:17:02.073 D/BluetoothVendorService( 1710): getPowerBackoff 
11-21 15:17:02.073 D/BluetoothAdapterService( 1710): android.net.wifi.WIFI_STATE_CHANGED
11-21 15:17:02.090 E/WifiNative( 1186): Could not get Iface object for interface null
11-21 15:17:01.988 I/Nat464Xlat( 1186): Android Xlat is disabled
11-21 15:17:02.090 D/ConnectivityService( 1186): Sending DISCONNECTED broadcast for type 1 [225 WIFI] isDefaultNetwork=true
11-21 15:17:02.091 D/WifiNetworkAgent( 1186): NetworkAgent: NetworkAgent channel lost
11-21 15:17:02.103 D/BluetoothAdapterService( 1710): Soft AP is on band: 1
11-21 15:17:02.104 D/BluetoothVendorService( 1710): getPowerBackoff 
11-21 15:17:02.104 D/BluetoothAdapterService( 1710): android.net.wifi.STATE_CHANGE
11-21 15:17:02.105 D/BluetoothVendorService( 1710): setWifiState to: false
11-21 15:17:02.105 I/BluetoothVendorJni( 1710): setWifiStateNative
11-21 15:17:02.105 I/bt_btif_vendor( 1710): setWifiState :0
11-21 15:17:02.105 W/bt_btm  ( 1710): btm_cb.is_wifi_connected = 0 
11-21 15:17:02.113 W/HWComposer(  598): Ignoring duplicate VSYNC event from HWC for display 0 (t=170909838158603)
11-21 15:17:02.116 D/ConnectivityService( 1186): NetReassign [44 : null  101, 11 : null  101, 63 : null  101, 2885 : null  101, 2235 : null  101, 2877 : null  101, 17 : null  101, 25 : null  101, 1438 : null  101, 1 : null  101, 2887 : null  101, 8 : null  101, 12 : null  101, 14 : null  101, 16 : null  101, 22 : null  101]
11-21 15:17:02.123 E/NetlinkEvent(  462): NetlinkEvent::FindParam(): Parameter 'INTERFACE' not found
11-21 15:17:02.123 E/NetlinkEvent(  462): NetlinkEvent::FindParam(): Parameter 'STATE' not found
11-21 15:17:02.123 E/NetlinkEvent(  462): NetlinkEvent::FindParam(): Parameter 'TIME_NS' not found
11-21 15:17:02.123 E/NetlinkEvent(  462): NetlinkEvent::FindParam(): Parameter 'UID' not found
11-21 15:17:02.136 D/ConnectivityService( 1186): Switching to new default network: NetworkAgentInfo{ ni{[type: MOBILE[LTE], state: CONNECTED/CONNECTED, reason: (unspecified), extra: enhancedphone, failover: false, available: true, roaming: false]}  network{101}  nethandle{437197393933}  lp{{InterfaceName: rmnet_data2 LinkAddresses: [ 10.55.48.101/30,2600:381:4804:c4b6:8cdc:8f0b:afe1:ec6b/64 ] DnsAddresses: [ /172.26.38.2,/fc00:a:a::400 ] Domains: null MTU: 1430 TcpBufferSizes: 2097152,4194304,8388608,262144,524288,1048576 Routes: [ 0.0.0.0/0 -> 10.55.48.102 rmnet_data2 mtu 1430,::/0 -> fe80::9db2:334d:2872:1e0a rmnet_data2 mtu 1430,10.55.48.100/30 -> 0.0.0.0 rmnet_data2 mtu 0,2600:381:4804:c4b6::/64 -> :: rmnet_data2 mtu 0 ]}}  nc{[ Transports: CELLULAR Capabilities: MMS&SUPL&FOTA&INTERNET&NOT_RESTRICTED&TRUSTED&NOT_VPN&VALIDATED&NOT_ROAMING&NOT_CONGESTED&NOT_SUSPENDED LinkUpBandwidth>=15000Kbps LinkDnBandwidth>=30000Kbps Specifier: <TelephonyNetworkSpecifier [mSubId = 1]> AdministratorUids: [] RequestorUid: -1 RequestorPackageName: null]}  Score{50}  everValidated{true}  lastValidated{true}  created{true} lingering{false} explicitlySelected{false} acceptUnvalidated{false} everCaptivePortalDetected{false} lastCaptivePortalDetected{false} partialConnectivity{false} acceptPartialConnectivity{false} clat{mBaseIface: null, mIface: null, mState: IDLE} }
11-21 15:17:02.163 D/AppStorageManager( 1186): BEFORE:: Previous Size: 884269056 Current Size: 884060160
11-21 15:17:02.164 D/AppStorageManager( 1186): AFTER:: Previous Size: 884060160 Current Size: 884060160
11-21 15:17:02.211 E/WifiNative( 1186): Could not get Iface object for interface null
11-21 15:17:02.281 D/CompatibilityInfo( 1186): mCompatibilityFlags - 4
11-21 15:17:02.281 D/CompatibilityInfo( 1186): applicationDensity - 320
11-21 15:17:02.281 D/CompatibilityInfo( 1186): applicationScale - 1.0
11-21 15:17:02.379 D/NetworkTimeUpdateService( 1186): New default network 101; checking time.
11-21 15:17:02.379 V/LigerRadioStatsReporter( 2357): onCapabilitiesChanged: Network capabilities changed
11-21 15:17:02.379 V/LigerRadioStatsReporter( 2357): reportAndCheckpointRadioStats
11-21 15:17:02.383 V/LigerRadioStatsReporter( 2357): +++++++++++ RADIO STATS DUMP +++++++++++
11-21 15:17:02.383 V/LigerRadioStatsReporter( 2357): totalActiveRadioTimeMs=0
11-21 15:17:02.383 V/LigerRadioStatsReporter( 2357): totalTailRadioTimeMs=13994
11-21 15:17:02.383 V/LigerRadioStatsReporter( 2357): totalWakeupCount=0
11-21 15:17:02.383 V/LigerRadioStatsReporter( 2357): httpUpBytes=0
11-21 15:17:02.383 V/LigerRadioStatsReporter( 2357): httpDownBytes=0
11-21 15:17:02.383 V/LigerRadioStatsReporter( 2357): httpWakeupCount=0
11-21 15:17:02.383 V/LigerRadioStatsReporter( 2357): httpRequestCount=0
11-21 15:17:02.383 V/LigerRadioStatsReporter( 2357): httpActiveRadioTimeMs=0
11-21 15:17:02.383 V/LigerRadioStatsReporter( 2357): httpTailRadioTimeMs=13994
11-21 15:17:02.383 V/LigerRadioStatsReporter( 2357): reportAndCheckpointRadioStats: Tx=0
11-21 15:17:02.383 V/LigerRadioStatsReporter( 2357): reportAndCheckpointRadioStats: Rx=0
11-21 15:17:02.383 V/LigerRadioStatsReporter( 2357): reportAndCheckpointRadioStats: Uids=10027
11-21 15:17:02.383 V/LigerRadioStatsReporter( 2357): reportAndCheckpointRadioStats: Tags=null
11-21 15:17:02.386 D/DeviceAuthService( 7777): Network connected
11-21 15:17:02.386 D/DeviceAuthService( 7777): fetchAuthTokenWrapper called
11-21 15:17:02.400 E/DeviceAuthenticator( 7777): Failed to resolve oculus.com
11-21 15:17:02.400 D/DeviceAuthService( 7777): isOculusAddressResolvable returned false
11-21 15:17:02.400 D/DeviceAuthService( 7777): network is still available, run handler
11-21 15:17:02.407 D/QCNEJ/DefaultNetworkInfoRelay( 1907): Default network available: 101
11-21 15:17:02.408 D/QCNEJ/NativeHalConnector( 1907): -> SND notifyDefaultNetworkChanged(0)
11-21 15:17:02.416 E/QMI_FW  (  915): qmi_cci_get_ref: ref count increased 2
11-21 15:17:02.433 W/SimpleTimeDetectorStrategy( 1186): Existing suggestion found to be invalid  elapsedRealtimeMillis=170910158, timeSuggestion=TelephonyTimeSuggestion{mSlotIndex='0', mUtcTime=TimestampedValue{mReferenceTimeMillis=57092, mValue=1637365770000}, mDebugInfo=[Sending new time suggestion nitzSignal=TimestampedValue{mReferenceTimeMillis=57092, mValue=NitzData{mOriginalString=21/11/19,23:49:30-32,00, mZoneOffset=-28800000, mDstOffset=0, mCurrentTimeMillis=1637365770000, mEmulatorHostTimeZone=null}}, reason=handleNitzReceived(TimestampedValue{mReferenceTimeMillis=57092, mValue=NitzData{mOriginalString=21/11/19,23:49:30-32,00, mZoneOffset=-28800000, mDstOffset=0, mCurrentTimeMillis=1637365770000, mEmulatorHostTimeZone=null}})]}
11-21 15:17:02.421 E/QMI_FW  (  915): qmi_cci_get_ref: ref count increased 2
11-21 15:17:02.440 D/QCNEJ/WwanInfoRelay( 1907): onCapabilitiesChanged: 101 [ Transports: CELLULAR Capabilities: MMS&SUPL&FOTA&INTERNET&NOT_RESTRICTED&TRUSTED&NOT_VPN&VALIDATED&NOT_ROAMING&FOREGROUND&NOT_CONGESTED&NOT_SUSPENDED LinkUpBandwidth>=15000Kbps LinkDnBandwidth>=30000Kbps Specifier: <TelephonyNetworkSpecifier [mSubId = 1]> AdministratorUids: [] RequestorUid: -1 RequestorPackageName: null]
11-21 15:17:02.441 I/QCNEJ/WwanInfoRelay( 1907): cacheWwanInfo subId = 1 phoneId = 0 slotId = 0
11-21 15:17:02.447 V/LigerRadioStatsReporter( 2357): onCapabilitiesChanged: Network capabilities changed
11-21 15:17:02.457 D/ConnectivityService( 1186): Sending CONNECTED broadcast for type 0 [101 CELLULAR] isDefaultNetwork=true
