11-20 07:20:45.311 D/mculinkhealth( 1029): isMcuReachable 1 (4 ms)
11-20 07:20:45.631 D/AutofillManagerService( 1186): onBackKeyPressed()
11-20 07:20:46.431 E/TaskPersister( 1186): File error accessing recents directory (directory doesn't exist?).
11-20 07:20:46.626 D/AutofillManagerService( 1186): onBackKeyPressed()
11-20 07:20:47.619 I/chatty  ( 1186): uid=1000(system) android.ui identical 1 line
11-20 07:20:48.636 D/AutofillManagerService( 1186): onBackKeyPressed()
11-20 07:20:49.169 W/ActivityManager( 1186): Invalid packageName: com.facebook.wearable.system.settings/com.facebook.wearable.system.settings.SettingsActivity
11-20 07:20:49.313 I/ActivityTaskManager( 1186): START u0 {flg=0x10000000 cmp=com.facebook.wearable.system.settings/.SettingsActivity} from uid 0
11-20 07:20:49.332 I/ActivityTaskManager( 1186): The Process com.facebook.wearable.system.settings Already Exists in BG. So sending its PID: 13351
11-20 07:20:49.333 W/ActivityTaskManager( 1186): Tried to set launchTime (0) < mLastActivityLaunchTime (55917040)
11-20 07:20:52.912 E/TaskPersister( 1186): File error accessing recents directory (directory doesn't exist?).
11-20 07:20:53.856 D/commandrouter( 1006): rtc_sync (1, rtc:sync): <ServiceRequest> FORWARDED (remote -> local) service client ID = 0, token ID = 38357
11-20 07:20:53.857 D/commandrouter( 1006): SocServiceHandle::onServiceMessage, SoC Service = rtc_sync, appType = 1, type = SVC_RESP, clientId = 0, token = 38357, payloadLen = 8, result = 0, payload.size() = 8
11-20 07:20:56.182 W/ContextImpl( 1186): Calling a method in the system process without a qualified user: android.app.ContextImpl.sendBroadcastMultiplePermissions:1143 android.content.Context.sendBroadcastWithMultiplePermissions:2150 com.android.server.display.WifiDisplayAdapter.handleSendStatusChangeBroadcast:440 com.android.server.display.WifiDisplayAdapter.access$1700:63 com.android.server.display.WifiDisplayAdapter$WifiDisplayHandler.handleMessage:675 
11-20 07:20:57.137 W/ContextImpl( 1186): Calling a method in the system process without a qualified user: android.app.ContextImpl.sendBroadcastMultiplePermissions:1143 android.content.Context.sendBroadcastWithMultiplePermissions:2150 com.android.server.wifi.p2p.WifiP2pServiceImpl$P2pStateMachine.sendBroadcastMultiplePermissions:3209 com.android.server.wifi.p2p.WifiP2pServiceImpl$P2pStateMachine.sendP2pConnectionChangedBroadcast:3236 com.android.server.wifi.p2p.WifiP2pServiceImpl$P2pStateMachine.access$5100:768 
11-20 07:20:57.138 W/BroadcastQueue( 1186): Permission Denial: receiving Intent { act=android.net.wifi.p2p.CONNECTION_STATE_CHANGE flg=0x24000010 (has extras) } to ProcessRecord{688c834 1907:.qtidataservices/u0a88} (pid=1907, uid=10088) requires android.permission.ACCESS_FINE_LOCATION due to sender android (uid 1000)
11-20 07:20:57.142 W/ContextImpl( 1186): Calling a method in the system process without a qualified user: android.app.ContextImpl.sendBroadcastMultiplePermissions:1143 android.content.Context.sendBroadcastWithMultiplePermissions:2150 com.android.server.wifi.p2p.WifiP2pServiceImpl$P2pStateMachine.sendBroadcastMultiplePermissions:3209 com.android.server.wifi.p2p.WifiP2pServiceImpl$P2pStateMachine.sendThisDeviceChangedBroadcast:3218 com.android.server.wifi.p2p.WifiP2pServiceImpl$P2pStateMachine.updateThisDevice:3962 
11-20 07:20:57.191 W/wificond(  911): Scan is not started. Ignore abort request
11-20 07:20:57.612 D/ConnectivityService( 1186): registerNetworkAgent NetworkAgentInfo{ ni{[type: WIFI[], state: UNKNOWN/IDLE, reason: (unspecified), extra: , failover: false, available: true, roaming: false]}  network{148}  nethandle{639060856845}  lp{{InterfaceName: wlan0 LinkAddresses: [ ] DnsAddresses: [ ] Domains: null MTU: 0 Routes: [ ]}}  nc{[ Transports: WIFI Capabilities: NOT_METERED&INTERNET&NOT_RESTRICTED&TRUSTED&NOT_VPN&NOT_ROAMING&FOREGROUND&NOT_CONGESTED&NOT_SUSPENDED LinkUpBandwidth>=72000Kbps LinkDnBandwidth>=72000Kbps OwnerUid: 1000 SSID: "MTBF_Lab" RequestorUid: -1 RequestorPackageName: null]}  Score{20}  everValidated{false}  lastValidated{false}  created{false} lingering{false} explicitlySelected{false} acceptUnvalidated{false} everCaptivePortalDetected{false} lastCaptivePortalDetected{false} partialConnectivity{false} acceptPartialConnectivity{false} clat{mBaseIface: null, mIface: null, mState: IDLE} }
11-20 07:20:57.638 D/ConnectivityService( 1186): [148 WIFI] EVENT_NETWORK_INFO_CHANGED, going from UNKNOWN to UNKNOWN
11-20 07:20:57.769 D/ConnectivityService( 1186): NetReassign [no changes]
11-20 07:20:57.812 I/Nat464Xlat( 1186): Android Xlat is disabled
11-20 07:20:57.812 I/Nat464Xlat( 1186): Android Xlat is disabled
11-20 07:20:57.931 E/ConnectivityService( 1186): Exception in networkAddRouteParcel for non-gateway: android.os.ServiceSpecificException: Machine is not on the network (code 64)
11-20 07:20:57.931 E/ConnectivityService( 1186): Exception in networkAddRouteParcel for gateway: android.os.ServiceSpecificException: Machine is not on the network (code 64)
11-20 07:20:57.932 I/Nat464Xlat( 1186): Android Xlat is disabled
11-20 07:20:57.932 I/Nat464Xlat( 1186): Android Xlat is disabled
11-20 07:20:58.030 D/ConnectivityService( 1186): Setting DNS servers for network 148 to [/192.168.1.1]
11-20 07:20:58.031 I/Nat464Xlat( 1186): Android Xlat is disabled
11-20 07:20:58.031 I/Nat464Xlat( 1186): Android Xlat is disabled
11-20 07:20:58.148 D/ConnectivityService( 1186): [148 WIFI] EVENT_NETWORK_INFO_CHANGED, going from UNKNOWN to CONNECTED
11-20 07:20:58.165 D/DnsManager( 1186): sendDnsConfigurationForNetwork(148, [192.168.1.1], [], 1800, 25, 8, 64, 0, 0, , [])
11-20 07:20:58.169 W/DnsManager( 1186): updatePrivateDns(148, PrivateDnsConfig{true:/[]})
11-20 07:20:58.169 D/ConnectivityService( 1186): Setting DNS servers for network 148 to [/192.168.1.1]
11-20 07:20:58.169 D/DnsManager( 1186): sendDnsConfigurationForNetwork(148, [192.168.1.1], [], 1800, 25, 8, 64, 0, 0, , [192.168.1.1])
11-20 07:20:58.172 D/ConnectivityService( 1186): Adding iface wlan0 to network 148
11-20 07:20:58.190 D/ConnectivityService( 1186): Setting DNS servers for network 148 to [/192.168.1.1]
11-20 07:20:58.190 D/DnsManager( 1186): sendDnsConfigurationForNetwork(148, [192.168.1.1], [], 1800, 25, 8, 64, 0, 0, , [192.168.1.1])
11-20 07:20:58.194 I/Nat464Xlat( 1186): Android Xlat is disabled
11-20 07:20:58.194 I/Nat464Xlat( 1186): Android Xlat is disabled
11-20 07:20:58.266 D/ConnectivityService( 1186): NetReassign [no changes]
11-20 07:20:58.525 D/ConnectivityService( 1186): [148 WIFI] validation passed
11-20 07:20:58.526 D/ConnectivityService( 1186): NetReassign [44 : 101 → 148, 1191 : 101 → 148, 11 : 101 → 148, 63 : 101 → 148, 17 : 101 → 148, 25 : 101 → 148, 1 : 101 → 148, 1196 : 101 → 148, 8 : 101 → 148, 654 : 101 → 148, 12 : 101 → 148, 14 : 101 → 148, 16 : 101 → 148, 22 : 101 → 148]
11-20 07:20:58.528 E/NetlinkEvent(  462): NetlinkEvent::FindParam(): Parameter 'INTERFACE' not found
11-20 07:20:58.528 E/NetlinkEvent(  462): NetlinkEvent::FindParam(): Parameter 'STATE' not found
11-20 07:20:58.528 E/NetlinkEvent(  462): NetlinkEvent::FindParam(): Parameter 'TIME_NS' not found
11-20 07:20:58.528 E/NetlinkEvent(  462): NetlinkEvent::FindParam(): Parameter 'UID' not found
11-20 07:20:58.544 D/ConnectivityService( 1186): Switching to new default network: NetworkAgentInfo{ ni{[type: WIFI[], state: CONNECTED/CONNECTED, reason: (unspecified), extra: , failover: false, available: true, roaming: false]}  network{148}  nethandle{639060856845}  lp{{InterfaceName: wlan0 LinkAddresses: [ 192.168.1.41/24 ] DnsAddresses: [ /192.168.1.1 ] Domains: null MTU: 0 ServerAddress: /192.168.1.1 TcpBufferSizes: 524288,1048576,2097152,262144,524288,1048576 Routes: [ fe80::/64 -> :: wlan0 mtu 0,192.168.1.0/24 -> 0.0.0.0 wlan0 mtu 0,0.0.0.0/0 -> 192.168.1.1 wlan0 mtu 0 ]}}  nc{[ Transports: WIFI Capabilities: NOT_METERED&INTERNET&NOT_RESTRICTED&TRUSTED&NOT_VPN&VALIDATED&NOT_ROAMING&FOREGROUND&NOT_CONGESTED&NOT_SUSPENDED LinkUpBandwidth>=60000Kbps LinkDnBandwidth>=60000Kbps SignalStrength: -31 OwnerUid: 1000 SSID: "MTBF_Lab" RequestorUid: -1 RequestorPackageName: null]}  Score{60}  everValidated{true}  lastValidated{true}  created{true} lingering{false} explicitlySelected{false} acceptUnvalidated{false} everCaptivePortalDetected{false} lastCaptivePortalDetected{false} partialConnectivity{false} acceptPartialConnectivity{false} clat{mBaseIface: null, mIface: null, mState: IDLE} }
11-20 07:20:58.731 D/ConnectivityService( 1186): Lingering [101 CELLULAR] for 30000ms
11-20 07:20:58.749 D/ConnectivityService( 1186): Sending DISCONNECTED broadcast for type 0 [101 CELLULAR] isDefaultNetwork=true
11-20 07:20:58.752 D/ConnectivityService( 1186): Sending CONNECTED broadcast for type 1 [148 WIFI] isDefaultNetwork=true
11-20 07:20:58.853 D/ConnectivityService( 1186): Setting DNS servers for network 148 to [/192.168.1.1]
11-20 07:20:58.854 D/DnsManager( 1186): sendDnsConfigurationForNetwork(148, [192.168.1.1], [], 1800, 25, 8, 64, 0, 0, , [192.168.1.1])
11-20 07:20:59.239 I/Nat464Xlat( 1186): Android Xlat is disabled
11-20 07:20:59.239 I/Nat464Xlat( 1186): Android Xlat is disabled
11-20 07:21:00.108 D/AppStorageManager( 1186): BEFORE:: Previous Size: 1030017024 Current Size: 1030189056
11-20 07:21:00.108 D/AppStorageManager( 1186): AFTER:: Previous Size: 1030189056 Current Size: 1030189056
11-20 07:21:03.846 D/commandrouter( 1006): rtc_sync (1, rtc:sync): <ServiceRequest> FORWARDED (remote -> local) service client ID = 0, token ID = 38358
11-20 07:21:03.847 D/commandrouter( 1006): SocServiceHandle::onServiceMessage, SoC Service = rtc_sync, appType = 1, type = SVC_RESP, clientId = 0, token = 38358, payloadLen = 8, result = 0, payload.size() = 8
11-20 07:21:09.035 D/commandrouter( 1006): SocServiceHandle::onServiceMessage, SoC Service = mcu_healthcheck_934, appType = 1, type = SVC_REQ, clientId = 0, token = 931, payloadLen = 20, result = 0, payload.size() = 20
11-20 07:21:09.039 D/commandrouter( 1006): mcu_healthcheck_934 (1, merlot:mcu_health:control): <ServiceResponse> FORWARDED (remote -> local) CR token ID = 931, service client ID = 5, token ID = 32266, result = 0
11-20 07:21:13.836 D/commandrouter( 1006): rtc_sync (1, rtc:sync): <ServiceRequest> FORWARDED (remote -> local) service client ID = 0, token ID = 38359
11-20 07:21:13.837 D/commandrouter( 1006): SocServiceHandle::onServiceMessage, SoC Service = rtc_sync, appType = 1, type = SVC_RESP, clientId = 0, token = 38359, payloadLen = 8, result = 0, payload.size() = 8
11-20 07:21:15.312 D/commandrouter( 1006): SocServiceHandle::onServiceMessage, SoC Service = mcu_healthcheck_1029, appType = 1, type = SVC_REQ, clientId = 0, token = 1863, payloadLen = 12, result = 0, payload.size() = 12
11-20 07:21:15.315 D/commandrouter( 1006): mcu_healthcheck_1029 (1, merlot:mcu_health:control): <ServiceResponse> FORWARDED (remote -> local) CR token ID = 1863, service client ID = 40, token ID = 32267, result = 0
11-20 07:21:15.321 D/mculinkhealth( 1029): isMcuReachable 1 (9 ms)
11-20 07:21:17.417 D/AutofillManagerService( 1186): onBackKeyPressed()
11-20 07:21:18.489 I/chatty  ( 1186): uid=1000(system) android.ui identical 2 lines
11-20 07:21:19.721 D/AutofillManagerService( 1186): onBackKeyPressed()
11-20 07:21:20.180 W/ActivityManager( 1186): Invalid packageName: com.facebook.wearable.system.settings/com.facebook.wearable.system.settings.SettingsActivity
11-20 07:21:20.308 I/ActivityTaskManager( 1186): START u0 {flg=0x10000000 cmp=com.facebook.wearable.system.settings/.SettingsActivity} from uid 0
11-20 07:21:20.326 I/ActivityTaskManager( 1186): The Process com.facebook.wearable.system.settings Already Exists in BG. So sending its PID: 13351
11-20 07:21:20.327 W/ActivityTaskManager( 1186): Tried to set launchTime (0) < mLastActivityLaunchTime (55937060)
11-20 07:21:23.122 E/TaskPersister( 1186): File error accessing recents directory (directory doesn't exist?).
11-20 07:21:23.820 D/commandrouter( 1006): rtc_sync (1, rtc:sync): <ServiceRequest> FORWARDED (remote -> local) service client ID = 0, token ID = 38360
11-20 07:21:23.821 D/commandrouter( 1006): SocServiceHandle::onServiceMessage, SoC Service = rtc_sync, appType = 1, type = SVC_RESP, clientId = 0, token = 38360, payloadLen = 8, result = 0, payload.size() = 8
11-20 07:21:26.920 D/AnalyticsLogger( 1186): sent events: 14
11-20 07:21:27.920 W/ContextImpl( 1186): Calling a method in the system process without a qualified user: android.app.ContextImpl.sendBroadcastMultiplePermissions:1143 android.content.Context.sendBroadcastWithMultiplePermissions:2150 com.android.server.display.WifiDisplayAdapter.handleSendStatusChangeBroadcast:440 com.android.server.display.WifiDisplayAdapter.access$1700:63 com.android.server.display.WifiDisplayAdapter$WifiDisplayHandler.handleMessage:675 
11-20 07:21:28.411 D/ConnectivityService( 1186): [148 WIFI] EVENT_NETWORK_INFO_CHANGED, going from CONNECTED to DISCONNECTED
11-20 07:21:28.411 D/ConnectivityService( 1186): [148 WIFI] disconnected, was satisfying 25
11-20 07:21:28.504 I/Nat464Xlat( 1186): Android Xlat is disabled
11-20 07:21:28.504 I/Nat464Xlat( 1186): Android Xlat is disabled
11-20 07:21:28.547 D/ConnectivityService( 1186): Sending DISCONNECTED broadcast for type 1 [148 WIFI] isDefaultNetwork=true
11-20 07:21:28.561 D/ConnectivityService( 1186): NetReassign [44 : null → 101, 1191 : null → 101, 11 : null → 101, 63 : null → 101, 17 : null → 101, 25 : null → 101, 1 : null → 101, 1196 : null → 101, 8 : null → 101, 654 : null → 101, 12 : null → 101, 14 : null → 101, 16 : null → 101, 22 : null → 101]
11-20 07:21:28.564 E/NetlinkEvent(  462): NetlinkEvent::FindParam(): Parameter 'INTERFACE' not found
11-20 07:21:28.564 E/NetlinkEvent(  462): NetlinkEvent::FindParam(): Parameter 'STATE' not found
11-20 07:21:28.564 E/NetlinkEvent(  462): NetlinkEvent::FindParam(): Parameter 'TIME_NS' not found
11-20 07:21:28.564 E/NetlinkEvent(  462): NetlinkEvent::FindParam(): Parameter 'UID' not found
11-20 07:21:28.578 D/ConnectivityService( 1186): Switching to new default network: NetworkAgentInfo{ ni{[type: MOBILE[LTE], state: CONNECTED/CONNECTED, reason: (unspecified), extra: enhancedphone, failover: false, available: true, roaming: false]}  network{101}  nethandle{437197393933}  lp{{InterfaceName: rmnet_data2 LinkAddresses: [ 10.55.48.101/30,2600:381:4804:c4b6:8cdc:8f0b:afe1:ec6b/64 ] DnsAddresses: [ /172.26.38.2,/fc00:a:a::400 ] Domains: null MTU: 1430 TcpBufferSizes: 2097152,4194304,8388608,262144,524288,1048576 Routes: [ 0.0.0.0/0 -> 10.55.48.102 rmnet_data2 mtu 1430,::/0 -> fe80::9db2:334d:2872:1e0a rmnet_data2 mtu 1430,10.55.48.100/30 -> 0.0.0.0 rmnet_data2 mtu 0,2600:381:4804:c4b6::/64 -> :: rmnet_data2 mtu 0 ]}}  nc{[ Transports: CELLULAR Capabilities: MMS&SUPL&FOTA&INTERNET&NOT_RESTRICTED&TRUSTED&NOT_VPN&VALIDATED&NOT_ROAMING&FOREGROUND&NOT_CONGESTED&NOT_SUSPENDED LinkUpBandwidth>=15000Kbps LinkDnBandwidth>=30000Kbps Specifier: <TelephonyNetworkSpecifier [mSubId = 1]> AdministratorUids: [] RequestorUid: -1 RequestorPackageName: null]}  Score{50}  everValidated{true}  lastValidated{true}  created{true} lingering{true} explicitlySelected{false} acceptUnvalidated{false} everCaptivePortalDetected{false} lastCaptivePortalDetected{false} partialConnectivity{false} acceptPartialConnectivity{false} clat{mBaseIface: null, mIface: null, mState: IDLE} }
11-20 07:21:28.745 D/ConnectivityService( 1186): Unlingering [101 CELLULAR]
11-20 07:21:28.745 D/ConnectivityService( 1186): Sending CONNECTED broadcast for type 0 [101 CELLULAR] isDefaultNetwork=true
11-20 07:21:32.866 D/AutofillManagerService( 1186): onBackKeyPressed()
11-20 07:21:33.396 D/AutofillManagerService( 1186): onBackKeyPressed()
11-20 07:21:33.802 D/commandrouter( 1006): rtc_sync (1, rtc:sync): <ServiceRequest> FORWARDED (remote -> local) service client ID = 0, token ID = 38361
11-20 07:21:33.803 D/commandrouter( 1006): SocServiceHandle::onServiceMessage, SoC Service = rtc_sync, appType = 1, type = SVC_RESP, clientId = 0, token = 38361, payloadLen = 8, result = 0, payload.size() = 8
11-20 07:21:33.921 D/AutofillManagerService( 1186): onBackKeyPressed()
11-20 07:21:35.624 I/chatty  ( 1186): uid=1000(system) android.ui identical 1 line
11-20 07:21:36.619 D/AutofillManagerService( 1186): onBackKeyPressed()
11-20 07:21:37.436 E/TaskPersister( 1186): File error accessing recents directory (directory doesn't exist?).
11-20 07:21:37.632 D/AutofillManagerService( 1186): onBackKeyPressed()
11-20 07:21:38.628 I/chatty  ( 1186): uid=1000(system) android.ui identical 1 line
11-20 07:21:39.623 D/AutofillManagerService( 1186): onBackKeyPressed()
11-20 07:21:40.176 W/ActivityManager( 1186): Invalid packageName: com.facebook.wearable.system.settings/com.facebook.wearable.system.settings.SettingsActivity
11-20 07:21:40.281 I/ActivityTaskManager( 1186): START u0 {flg=0x10000000 cmp=com.facebook.wearable.system.settings/.SettingsActivity} from uid 0
11-20 07:21:40.348 I/ActivityTaskManager( 1186): The Process com.facebook.wearable.system.settings Already Exists in BG. So sending its PID: 13351
11-20 07:21:40.348 W/ActivityTaskManager( 1186): Tried to set launchTime (0) < mLastActivityLaunchTime (55968054)
11-20 07:21:43.789 D/commandrouter( 1006): rtc_sync (1, rtc:sync): <ServiceRequest> FORWARDED (remote -> local) service client ID = 0, token ID = 38362
11-20 07:21:43.789 D/commandrouter( 1006): SocServiceHandle::onServiceMessage, SoC Service = rtc_sync, appType = 1, type = SVC_RESP, clientId = 0, token = 38362, payloadLen = 8, result = 0, payload.size() = 8
11-20 07:21:43.935 E/TaskPersister( 1186): File error accessing recents directory (directory doesn't exist?).
11-20 07:21:45.322 D/commandrouter( 1006): SocServiceHandle::onServiceMessage, SoC Service = mcu_healthcheck_1029, appType = 1, type = SVC_REQ, clientId = 0, token = 1864, payloadLen = 12, result = 0, payload.size() = 12
11-20 07:21:45.326 D/commandrouter( 1006): mcu_healthcheck_1029 (1, merlot:mcu_health:control): <ServiceResponse> FORWARDED (remote -> local) CR token ID = 1864, service client ID = 40, token ID = 32268, result = 0
11-20 07:21:45.327 D/mculinkhealth( 1029): isMcuReachable 1 (4 ms)
11-20 07:21:46.498 W/ContextImpl( 1186): Calling a method in the system process without a qualified user: android.app.ContextImpl.sendBroadcastMultiplePermissions:1143 android.content.Context.sendBroadcastWithMultiplePermissions:2150 com.android.server.display.WifiDisplayAdapter.handleSendStatusChangeBroadcast:440 com.android.server.display.WifiDisplayAdapter.access$1700:63 com.android.server.display.WifiDisplayAdapter$WifiDisplayHandler.handleMessage:675 
11-20 07:21:47.492 W/ContextImpl( 1186): Calling a method in the system process without a qualified user: android.app.ContextImpl.sendBroadcastMultiplePermissions:1143 android.content.Context.sendBroadcastWithMultiplePermissions:2150 com.android.server.wifi.p2p.WifiP2pServiceImpl$P2pStateMachine.sendBroadcastMultiplePermissions:3209 com.android.server.wifi.p2p.WifiP2pServiceImpl$P2pStateMachine.sendP2pConnectionChangedBroadcast:3236 com.android.server.wifi.p2p.WifiP2pServiceImpl$P2pStateMachine.access$5100:768 
11-20 07:21:47.493 W/BroadcastQueue( 1186): Permission Denial: receiving Intent { act=android.net.wifi.p2p.CONNECTION_STATE_CHANGE flg=0x24000010 (has extras) } to ProcessRecord{688c834 1907:.qtidataservices/u0a88} (pid=1907, uid=10088) requires android.permission.ACCESS_FINE_LOCATION due to sender android (uid 1000)
11-20 07:21:47.495 W/wificond(  911): Scan is not started. Ignore abort request
11-20 07:21:47.627 W/ContextImpl( 1186): Calling a method in the system process without a qualified user: android.app.ContextImpl.sendBroadcastMultiplePermissions:1143 android.content.Context.sendBroadcastWithMultiplePermissions:2150 com.android.server.wifi.p2p.WifiP2pServiceImpl$P2pStateMachine.sendBroadcastMultiplePermissions:3209 com.android.server.wifi.p2p.WifiP2pServiceImpl$P2pStateMachine.sendThisDeviceChangedBroadcast:3218 com.android.server.wifi.p2p.WifiP2pServiceImpl$P2pStateMachine.updateThisDevice:3962 
11-20 07:21:48.001 D/ConnectivityService( 1186): registerNetworkAgent NetworkAgentInfo{ ni{[type: WIFI[], state: UNKNOWN/IDLE, reason: (unspecified), extra: , failover: false, available: true, roaming: false]}  network{149}  nethandle{643355824141}  lp{{InterfaceName: wlan0 LinkAddresses: [ ] DnsAddresses: [ ] Domains: null MTU: 0 Routes: [ ]}}  nc{[ Transports: WIFI Capabilities: NOT_METERED&INTERNET&NOT_RESTRICTED&TRUSTED&NOT_VPN&NOT_ROAMING&FOREGROUND&NOT_CONGESTED&NOT_SUSPENDED LinkUpBandwidth>=72000Kbps LinkDnBandwidth>=72000Kbps OwnerUid: 1000 SSID: "MTBF_Lab" RequestorUid: -1 RequestorPackageName: null]}  Score{20}  everValidated{false}  lastValidated{false}  created{false} lingering{false} explicitlySelected{false} acceptUnvalidated{false} everCaptivePortalDetected{false} lastCaptivePortalDetected{false} partialConnectivity{false} acceptPartialConnectivity{false} clat{mBaseIface: null, mIface: null, mState: IDLE} }
11-20 07:21:48.020 D/ConnectivityService( 1186): [149 WIFI] EVENT_NETWORK_INFO_CHANGED, going from UNKNOWN to UNKNOWN
11-20 07:21:48.185 D/ConnectivityService( 1186): NetReassign [no changes]
11-20 07:21:48.201 I/Nat464Xlat( 1186): Android Xlat is disabled
11-20 07:21:48.201 I/Nat464Xlat( 1186): Android Xlat is disabled
11-20 07:21:48.310 E/ConnectivityService( 1186): Exception in networkAddRouteParcel for non-gateway: android.os.ServiceSpecificException: Machine is not on the network (code 64)
11-20 07:21:48.313 E/ConnectivityService( 1186): Exception in networkAddRouteParcel for gateway: android.os.ServiceSpecificException: Machine is not on the network (code 64)
11-20 07:21:48.314 I/Nat464Xlat( 1186): Android Xlat is disabled
11-20 07:21:48.314 I/Nat464Xlat( 1186): Android Xlat is disabled
11-20 07:21:48.376 D/ConnectivityService( 1186): Setting DNS servers for network 149 to [/192.168.1.1]
11-20 07:21:48.376 I/Nat464Xlat( 1186): Android Xlat is disabled
11-20 07:21:48.377 I/Nat464Xlat( 1186): Android Xlat is disabled
11-20 07:21:48.482 D/ConnectivityService( 1186): [149 WIFI] EVENT_NETWORK_INFO_CHANGED, going from UNKNOWN to CONNECTED
11-20 07:21:48.486 D/DnsManager( 1186): sendDnsConfigurationForNetwork(149, [192.168.1.1], [], 1800, 25, 8, 64, 0, 0, , [])
11-20 07:21:48.488 W/DnsManager( 1186): updatePrivateDns(149, PrivateDnsConfig{true:/[]})
11-20 07:21:48.488 D/ConnectivityService( 1186): Setting DNS servers for network 149 to [/192.168.1.1]
11-20 07:21:48.488 D/DnsManager( 1186): sendDnsConfigurationForNetwork(149, [192.168.1.1], [], 1800, 25, 8, 64, 0, 0, , [192.168.1.1])
11-20 07:21:48.490 D/ConnectivityService( 1186): Adding iface wlan0 to network 149
11-20 07:21:48.515 D/ConnectivityService( 1186): Setting DNS servers for network 149 to [/192.168.1.1]
11-20 07:21:48.515 D/DnsManager( 1186): sendDnsConfigurationForNetwork(149, [192.168.1.1], [], 1800, 25, 8, 64, 0, 0, , [192.168.1.1])
11-20 07:21:48.522 I/Nat464Xlat( 1186): Android Xlat is disabled
11-20 07:21:48.522 I/Nat464Xlat( 1186): Android Xlat is disabled
11-20 07:21:48.586 D/ConnectivityService( 1186): NetReassign [no changes]
11-20 07:21:48.798 D/ConnectivityService( 1186): [149 WIFI] validation passed
11-20 07:21:48.798 D/ConnectivityService( 1186): NetReassign [44 : 101 → 149, 1191 : 101 → 149, 11 : 101 → 149, 63 : 101 → 149, 17 : 101 → 149, 25 : 101 → 149, 1 : 101 → 149, 1196 : 101 → 149, 8 : 101 → 149, 654 : 101 → 149, 12 : 101 → 149, 14 : 101 → 149, 16 : 101 → 149, 22 : 101 → 149]
11-20 07:21:48.803 E/NetlinkEvent(  462): NetlinkEvent::FindParam(): Parameter 'INTERFACE' not found
11-20 07:21:48.803 E/NetlinkEvent(  462): NetlinkEvent::FindParam(): Parameter 'STATE' not found
11-20 07:21:48.803 E/NetlinkEvent(  462): NetlinkEvent::FindParam(): Parameter 'TIME_NS' not found
11-20 07:21:48.803 E/NetlinkEvent(  462): NetlinkEvent::FindParam(): Parameter 'UID' not found
11-20 07:21:48.818 D/ConnectivityService( 1186): Switching to new default network: NetworkAgentInfo{ ni{[type: WIFI[], state: CONNECTED/CONNECTED, reason: (unspecified), extra: , failover: false, available: true, roaming: false]}  network{149}  nethandle{643355824141}  lp{{InterfaceName: wlan0 LinkAddresses: [ 192.168.1.41/24 ] DnsAddresses: [ /192.168.1.1 ] Domains: null MTU: 0 ServerAddress: /192.168.1.1 TcpBufferSizes: 524288,1048576,2097152,262144,524288,1048576 Routes: [ fe80::/64 -> :: wlan0 mtu 0,192.168.1.0/24 -> 0.0.0.0 wlan0 mtu 0,0.0.0.0/0 -> 192.168.1.1 wlan0 mtu 0 ]}}  nc{[ Transports: WIFI Capabilities: NOT_METERED&INTERNET&NOT_RESTRICTED&TRUSTED&NOT_VPN&VALIDATED&NOT_ROAMING&FOREGROUND&NOT_CONGESTED&NOT_SUSPENDED LinkUpBandwidth>=60000Kbps LinkDnBandwidth>=60000Kbps SignalStrength: -32 OwnerUid: 1000 SSID: "MTBF_Lab" RequestorUid: -1 RequestorPackageName: null]}  Score{60}  everValidated{true}  lastValidated{true}  created{true} lingering{false} explicitlySelected{false} acceptUnvalidated{false} everCaptivePortalDetected{false} lastCaptivePortalDetected{false} partialConnectivity{false} acceptPartialConnectivity{false} clat{mBaseIface: null, mIface: null, mState: IDLE} }
11-20 07:21:48.928 D/ConnectivityService( 1186): Lingering [101 CELLULAR] for 30000ms
11-20 07:21:48.930 D/ConnectivityService( 1186): Sending DISCONNECTED broadcast for type 0 [101 CELLULAR] isDefaultNetwork=true
11-20 07:21:48.932 D/ConnectivityService( 1186): Sending CONNECTED broadcast for type 1 [149 WIFI] isDefaultNetwork=true
11-20 07:21:48.979 D/ConnectivityService( 1186): Setting DNS servers for network 149 to [/192.168.1.1]
11-20 07:21:48.980 D/DnsManager( 1186): sendDnsConfigurationForNetwork(149, [192.168.1.1], [], 1800, 25, 8, 64, 0, 0, , [192.168.1.1])
11-20 07:21:49.879 I/Nat464Xlat( 1186): Android Xlat is disabled
11-20 07:21:49.880 I/Nat464Xlat( 1186): Android Xlat is disabled
11-20 07:21:53.769 D/commandrouter( 1006): rtc_sync (1, rtc:sync): <ServiceRequest> FORWARDED (remote -> local) service client ID = 0, token ID = 38363
11-20 07:21:53.770 D/commandrouter( 1006): SocServiceHandle::onServiceMessage, SoC Service = rtc_sync, appType = 1, type = SVC_RESP, clientId = 0, token = 38363, payloadLen = 8, result = 0, payload.size() = 8
11-20 07:22:00.204 D/AppStorageManager( 1186): BEFORE:: Previous Size: 1030189056 Current Size: 1029963776
11-20 07:22:00.204 D/AppStorageManager( 1186): AFTER:: Previous Size: 1029963776 Current Size: 1029963776
11-20 07:22:03.763 D/commandrouter( 1006): rtc_sync (1, rtc:sync): <ServiceRequest> FORWARDED (remote -> local) service client ID = 0, token ID = 38364
11-20 07:22:03.763 D/commandrouter( 1006): SocServiceHandle::onServiceMessage, SoC Service = rtc_sync, appType = 1, type = SVC_RESP, clientId = 0, token = 38364, payloadLen = 8, result = 0, payload.size() = 8
11-20 07:22:07.775 D/AutofillManagerService( 1186): onBackKeyPressed()
11-20 07:22:08.307 I/chatty  ( 1186): uid=1000(system) android.ui identical 1 line
11-20 07:22:08.830 D/AutofillManagerService( 1186): onBackKeyPressed()
11-20 07:22:09.040 D/commandrouter( 1006): SocServiceHandle::onServiceMessage, SoC Service = mcu_healthcheck_934, appType = 1, type = SVC_REQ, clientId = 0, token = 932, payloadLen = 20, result = 0, payload.size() = 20
11-20 07:22:09.043 D/commandrouter( 1006): mcu_healthcheck_934 (1, merlot:mcu_health:control): <ServiceResponse> FORWARDED (remote -> local) CR token ID = 932, service client ID = 5, token ID = 32269, result = 0
11-20 07:22:10.623 D/AutofillManagerService( 1186): onBackKeyPressed()
11-20 07:22:11.174 W/ActivityManager( 1186): Invalid packageName: com.facebook.wearable.system.settings/com.facebook.wearable.system.settings.SettingsActivity
11-20 07:22:11.309 I/ActivityTaskManager( 1186): START u0 {flg=0x10000000 cmp=com.facebook.wearable.system.settings/.SettingsActivity} from uid 0
11-20 07:22:11.327 I/ActivityTaskManager( 1186): The Process com.facebook.wearable.system.settings Already Exists in BG. So sending its PID: 13351
11-20 07:22:11.328 W/ActivityTaskManager( 1186): Tried to set launchTime (0) < mLastActivityLaunchTime (55988075)
--------- beginning of main
11-20 07:22:11.839 D/ComplicationDataManagerImpl(11143): Fetching complication data for package: com.facebook.wearable.apps.player, com.facebook.wearable.apps.player.SHORTCUT_COMPLICATION.
11-20 07:22:11.839 D/ComplicationDataManagerImpl(11143): Fetching complication data for package: com.facebook.wearable.apps.gallery, com.facebook.wearable.apps.gallery.SHORTCUT_COMPLICATION.
11-20 07:22:11.839 D/ComplicationDataManagerImpl(11143): Fetching complication data for package: com.facebook.wearable.apps.heart, com.facebook.wearable.apps.heart.HEART_RATE.
11-20 07:22:11.843 D/CompatibilityInfo( 1186): mCompatibilityFlags - 4
11-20 07:22:11.843 D/CompatibilityInfo( 1186): applicationDensity - 320
11-20 07:22:11.843 D/CompatibilityInfo( 1186): applicationScale - 1.0
11-20 07:22:11.959 D/CompatibilityInfo( 1186): mCompatibilityFlags - 4
11-20 07:22:11.959 D/CompatibilityInfo( 1186): applicationDensity - 320
11-20 07:22:11.959 D/CompatibilityInfo( 1186): applicationScale - 1.0
11-20 07:22:12.292 D/CompatibilityInfo( 1186): mCompatibilityFlags - 4
11-20 07:22:12.292 D/CompatibilityInfo( 1186): applicationDensity - 320
11-20 07:22:12.292 D/CompatibilityInfo( 1186): applicationScale - 1.0
11-20 07:22:12.367 D/UIAutomatorStub(19450): URI: /jsonrpc/0, Method: POST, Header: {content-length=192, remote-addr=127.0.0.1, http-client-ip=127.0.0.1, host=localhost:9012, content-type=application/json, accept-encoding=identity}, params, {NanoHttpd.QUERY_STRING=null}, files: {postData={"jsonrpc": "2.0", "method": "waitForExists", "id": "117d32e6ef2c18de40048d9795aa604e", "params": [{"mask": 1, "childOrSibling": [], "childOrSiblingSelector": [], "text": "Notifications"}, 5]}}
11-20 07:22:12.395 D/UIAutomatorStub(19450): URI: /jsonrpc/0, Method: POST, Header: {content-length=191, remote-addr=127.0.0.1, http-client-ip=127.0.0.1, host=localhost:9012, content-type=application/json, accept-encoding=identity}, params, {NanoHttpd.QUERY_STRING=null}, files: {postData={"jsonrpc": "2.0", "method": "waitForExists", "id": "2d2de2f5e0308c56c77cbf8dc7fedf0d", "params": [{"mask": 1, "childOrSibling": [], "childOrSiblingSelector": [], "text": "Connectivity"}, 5]}}
11-20 07:22:12.453 D/UIAutomatorStub(19450): URI: /jsonrpc/0, Method: POST, Header: {content-length=180, remote-addr=127.0.0.1, http-client-ip=127.0.0.1, host=localhost:9012, content-type=application/json, accept-encoding=identity}, params, {NanoHttpd.QUERY_STRING=null}, files: {postData={"jsonrpc": "2.0", "method": "click", "id": "dd21076df73c2c27bec49fab9c5be415", "params": [{"mask": 1, "childOrSibling": [], "childOrSiblingSelector": [], "text": "Connectivity"}]}}
11-20 07:22:12.485 E/ANDR-PERF-OPTSHANDLER(  552): Unable to find the correct node storage pointers for                   resource index=16, node path=/proc/sys/kernel/sched_upmigrate
11-20 07:22:12.485 E/ANDR-PERF-RESOURCEQS(  552): Failed to reset optimization [3, 7]
11-20 07:22:12.485 E/ANDR-PERF-OPTSHANDLER(  552): Unable to find the correct node storage pointers for                   resource index=17, node path=/proc/sys/kernel/sched_downmigrate
11-20 07:22:12.485 E/ANDR-PERF-RESOURCEQS(  552): Failed to reset optimization [3, 8]
11-20 07:22:12.485 E/ANDR-PERF-OPTSHANDLER(  552): Perflock resource /sys/module/lpm_levels/parameters/bias_hyst not supported
11-20 07:22:12.485 E/ANDR-PERF-RESOURCEQS(  552): Failed to reset optimization [1, 2]
11-20 07:22:12.486 E/ANDR-PERF-OPTSHANDLER(  552): Perflock resource /proc/sys/kernel/sched_group_upmigrate not supported
11-20 07:22:12.486 E/ANDR-PERF-RESOURCEQS(  552): Failed to reset optimization [3, 21]
11-20 07:22:12.486 E/ANDR-PERF-OPTSHANDLER(  552): Perflock resource /proc/sys/kernel/sched_group_downmigrate not supported
11-20 07:22:12.486 E/ANDR-PERF-RESOURCEQS(  552): Failed to reset optimization [3, 22]
11-20 07:22:12.545 W/StatusBarClientConnection(13351): Messenger is null, ignoring message: { when=-15h33m40s271ms barrier=1 }
11-20 07:22:12.567 E/StatusBarClientConnection(13351): Service connected
11-20 07:22:12.599 W/View    (13351): requestLayout() improperly called by android.view.View{f86de75 V.ED..... ......I. 0,368-474,474} during layout: running second layout pass
11-20 07:22:12.617 W/View    (13351): requestLayout() improperly called by com.facebook.wearable.common.wds.listview.WdsListView{3787613 V.E..V... ........ 0,0-474,474} during second layout pass: posting in next frame
11-20 07:22:12.958 W/System  ( 2620): ClassLoader referenced unknown path: /system/framework/tcmclient.jar
11-20 07:22:13.317 E/ANDR-PERF-OPTSHANDLER(  552): perf_lock_rel: failed for /proc/sys/vm/swap_ratio as previous value is not stored
11-20 07:22:13.318 E/ANDR-PERF-OPTSHANDLER(  552): perf_lock_rel: failed for /sys/class/kgsl/kgsl-3d0/min_pwrlevel as previous value is not stored
11-20 07:22:13.319 E/ANDR-PERF-RESOURCEQS(  552): Failed to reset optimization [3, 0]
11-20 07:22:13.324 D/CompatibilityInfo( 1186): mCompatibilityFlags - 4
11-20 07:22:13.324 D/CompatibilityInfo( 1186): applicationDensity - 320
11-20 07:22:13.324 D/CompatibilityInfo( 1186): applicationScale - 1.0
11-20 07:22:13.384 I/chatty  ( 2334): uid=10062(com.facebook.wearable.system.selfcare) MainTP_388 expire 7 lines
11-20 07:22:13.402 E/TaskPersister( 1186): File error accessing recents directory (directory doesn't exist?).
11-20 07:22:13.669 D/CompatibilityInfo( 1186): mCompatibilityFlags - 4
11-20 07:22:13.669 D/CompatibilityInfo( 1186): applicationDensity - 320
11-20 07:22:13.669 D/CompatibilityInfo( 1186): applicationScale - 1.0
11-20 07:22:13.731 I/chatty  ( 2334): uid=10062(com.facebook.wearable.system.selfcare) MainTP_379 expire 5 lines
11-20 07:22:13.759 D/commandrouter( 1006): rtc_sync (1, rtc:sync): <ServiceRequest> FORWARDED (remote -> local) service client ID = 0, token ID = 38365
11-20 07:22:13.760 D/vendor.facebook.rtc_sync@1.0-service( 1145): Request req_ts=1637392933759221663 resp_ts=1637392933760132493
11-20 07:22:13.760 D/commandrouter( 1006): SocServiceHandle::onServiceMessage, SoC Service = rtc_sync, appType = 1, type = SVC_RESP, clientId = 0, token = 38365, payloadLen = 8, result = 0, payload.size() = 8
11-20 07:22:13.993 D/CompatibilityInfo( 1186): mCompatibilityFlags - 4
11-20 07:22:13.993 D/CompatibilityInfo( 1186): applicationDensity - 320
11-20 07:22:13.993 D/CompatibilityInfo( 1186): applicationScale - 1.0
11-20 07:22:14.291 D/CompatibilityInfo( 1186): mCompatibilityFlags - 4
11-20 07:22:14.291 D/CompatibilityInfo( 1186): applicationDensity - 320
11-20 07:22:14.291 D/CompatibilityInfo( 1186): applicationScale - 1.0
11-20 07:22:14.531 I/chatty  ( 2334): uid=10062(com.facebook.wearable.system.selfcare) DefaultDispatch expire 9 lines
11-20 07:22:14.532 I/chatty  ( 2334): uid=10062(com.facebook.wearable.system.selfcare) pool-3-thread-2 expire 7 lines
11-20 07:22:14.610 D/CompatibilityInfo( 1186): mCompatibilityFlags - 4
11-20 07:22:14.610 D/CompatibilityInfo( 1186): applicationDensity - 320
11-20 07:22:14.610 D/CompatibilityInfo( 1186): applicationScale - 1.0
11-20 07:22:14.672 I/chatty  ( 2334): uid=10062(com.facebook.wearable.system.selfcare) MainTP_387 expire 3 lines
11-20 07:22:14.952 D/CompatibilityInfo( 1186): mCompatibilityFlags - 4
11-20 07:22:14.952 D/CompatibilityInfo( 1186): applicationDensity - 320
11-20 07:22:14.952 D/CompatibilityInfo( 1186): applicationScale - 1.0
11-20 07:22:15.013 I/chatty  ( 2334): uid=10062(com.facebook.wearable.system.selfcare) MainTP_386 expire 3 lines
11-20 07:22:15.189 I/chatty  ( 2334): uid=10062(com.facebook.wearable.system.selfcare) DefaultDispatch expire 4 lines
11-20 07:22:15.271 D/CompatibilityInfo( 1186): mCompatibilityFlags - 4
11-20 07:22:15.271 D/CompatibilityInfo( 1186): applicationDensity - 320
11-20 07:22:15.271 D/CompatibilityInfo( 1186): applicationScale - 1.0
11-20 07:22:15.327 D/mcu_health_checker( 1029): Sent MCU Health Request
11-20 07:22:15.327 D/commandrouter( 1006): SocServiceHandle::onServiceMessage, SoC Service = mcu_healthcheck_1029, appType = 1, type = SVC_REQ, clientId = 0, token = 1865, payloadLen = 12, result = 0, payload.size() = 12
11-20 07:22:15.329 I/chatty  ( 2334): uid=10062(com.facebook.wearable.system.selfcare) pool-3-thread-3 expire 5 lines
11-20 07:22:15.331 D/commandrouter( 1006): mcu_healthcheck_1029 (1, merlot:mcu_health:control): <ServiceResponse> FORWARDED (remote -> local) CR token ID = 1865, service client ID = 40, token ID = 32270, result = 0
11-20 07:22:15.331 D/mcu_health_checker( 1029): MCU Health Response: MCU_OK
11-20 07:22:15.331 D/mcu_health_checker( 1029): MCU Session 0, uptime = 55984219 ms
11-20 07:22:15.331 D/mculinkhealth( 1029): isMcuReachable 1 (4 ms)
11-20 07:22:15.578 D/UIAutomatorStub(19450): URI: /jsonrpc/0, Method: POST, Header: {content-length=183, remote-addr=127.0.0.1, http-client-ip=127.0.0.1, host=localhost:9012, content-type=application/json, accept-encoding=identity}, params, {NanoHttpd.QUERY_STRING=null}, files: {postData={"jsonrpc": "2.0", "method": "waitForExists", "id": "58f3ebe1fed719bf3f3a68976f7ee146", "params": [{"mask": 1, "childOrSibling": [], "childOrSiblingSelector": [], "text": "WiFi"}, 5]}}
11-20 07:22:15.586 E/QMI_FW  ( 1042): qmi_cci_get_ref: ref count increased 2
11-20 07:22:15.587 E/QMI_FW  ( 1042): qmi_cci_get_ref: ref count increased 2
11-20 07:22:15.599 D/RadioLinkQualityScoreBuilder( 1984): scoreRsrp: 3scoreRsrq: 2scoreRssnr: 3
11-20 07:22:15.599 D/WirelessInsightServiceImpl( 1984): onSignalStrengthsChanged: SignalStrength = SignalStrength:{mCdma=CellSignalStrengthCdma: cdmaDbm=2147483647 cdmaEcio=2147483647 evdoDbm=2147483647 evdoEcio=2147483647 evdoSnr=2147483647 level=0,mGsm=CellSignalStrengthGsm: rssi=2147483647 ber=2147483647 mTa=2147483647 mLevel=0,mWcdma=CellSignalStrengthWcdma: ss=2147483647 ber=2147483647 rscp=2147483647 ecno=2147483647 level=0,mTdscdma=CellSignalStrengthTdscdma: rssi=2147483647 ber=2147483647 rscp=2147483647 level=0,mLte=CellSignalStrengthLte: rssi=-75 rsrp=-111 rsrq=-14 rssnr=8 cqi=2147483647 ta=2147483647 level=2 parametersUseForLevel=0,mNr=CellSignalStrengthNr:{ csiRsrp = 2147483647 csiRsrq = 2147483647 csiSinr = 2147483647 ssRsrp = 2147483647 ssRsrq = 2147483647 ssSinr = 2147483647 level = 0 parametersUseForLevel = 0 },primary=CellSignalStrengthLte}
11-20 07:22:15.600 D/WirelessInsightServiceImpl( 1984): Score: 2
11-20 07:22:15.600 D/WirelessInsightServiceImpl( 1984): notifyListeners: listeners = 0, score = 2
11-20 07:22:15.600 I/WearableConnectivityManager(11143): LTE Signal strength is: 2
11-20 07:22:15.600 I/WearableConnectivityManager(11143): Cellular Signal strength is: 2
11-20 07:22:15.609 D/CompatibilityInfo( 1186): mCompatibilityFlags - 4
11-20 07:22:15.609 D/CompatibilityInfo( 1186): applicationDensity - 320
11-20 07:22:15.609 D/CompatibilityInfo( 1186): applicationScale - 1.0
11-20 07:22:15.614 D/UIAutomatorStub(19450): URI: /jsonrpc/0, Method: POST, Header: {content-length=172, remote-addr=127.0.0.1, http-client-ip=127.0.0.1, host=localhost:9012, content-type=application/json, accept-encoding=identity}, params, {NanoHttpd.QUERY_STRING=null}, files: {postData={"jsonrpc": "2.0", "method": "click", "id": "6ebd4128d42e2893e7cc1c5e08a5520c", "params": [{"mask": 1, "childOrSibling": [], "childOrSiblingSelector": [], "text": "WiFi"}]}}
11-20 07:22:15.697 W/StatusBarClientConnection(13351): Messenger is null, ignoring message: { when=-15h33m43s423ms barrier=1 }
11-20 07:22:15.723 D/CompatibilityInfo( 1186): mCompatibilityFlags - 4
11-20 07:22:15.723 D/CompatibilityInfo( 1186): applicationDensity - 320
11-20 07:22:15.723 D/CompatibilityInfo( 1186): applicationScale - 1.0
11-20 07:22:15.732 E/StatusBarClientConnection(13351): Service connected
11-20 07:22:15.736 D/WifiConnector( 2870): Network State Changed
11-20 07:22:15.749 W/View    (13351): requestLayout() improperly called by android.view.View{ef2875d V.ED..... ......I. 0,368-474,474} during layout: running second layout pass
11-20 07:22:15.762 D/WifiSharingService( 2870): Starting Wi-Fi scan
11-20 07:22:15.763 I/WifiService( 1186): startScan uid=1000
11-20 07:22:15.769 W/View    (13351): requestLayout() improperly called by com.facebook.wearable.common.wds.listview.WdsListView{bc31e28 V.E..V... ........ 0,0-474,474} during second layout pass: posting in next frame
11-20 07:22:15.797 D/WifiNative( 1186): Scan trigered from WifiNative
11-20 07:22:15.799 I/chatty  ( 1026): uid=1021(gps) lowi-server expire 75 lines
11-20 07:22:15.800 V/WifiHAL (  544): event received NL80211_CMD_TRIGGER_SCAN
11-20 07:22:15.931 D/CompatibilityInfo( 1186): mCompatibilityFlags - 4
11-20 07:22:15.931 D/CompatibilityInfo( 1186): applicationDensity - 320
11-20 07:22:15.931 D/CompatibilityInfo( 1186): applicationScale - 1.0
11-20 07:22:16.225 D/CompatibilityInfo( 1186): mCompatibilityFlags - 4
11-20 07:22:16.225 D/CompatibilityInfo( 1186): applicationDensity - 320
11-20 07:22:16.226 D/CompatibilityInfo( 1186): applicationScale - 1.0
11-20 07:22:16.349 D/WifiNl80211Manager( 1186): Scan result ready event
11-20 07:22:16.350 D/WifiNative( 1186): Scan result ready event
11-20 07:22:16.357 V/WifiHAL (  544): event received NL80211_CMD_NEW_SCAN_RESULTS
11-20 07:22:16.360 D/LOWI-9.0.0.80( 1026): [LOWI-Scan] BSS 6c:cd:d6:25:63:2a (wlan0) ASSO: YES AddInfo: 0x1, TSF 0, 15:33:44.073, RSSI: -70, CPL: 127, AGE: 0,  SSID MTBF_Lab, TSFDelta: 0x0, TXRate: 0
11-20 07:22:16.361 D/LOWI-9.0.0.80( 1026): [LOWI-Scan] 
11-20 07:22:16.361 D/LOWI-9.0.0.80( 1026): [LOWI-Scan] print_bss_handler: Report Probe TSF 56024073506 as it greater than Beacon TSF 55994852218
11-20 07:22:16.361 I/LOWI-9.0.0.80( 1026): [LOWI-Scan] RSN_IE
11-20 07:22:16.361 D/LOWI-9.0.0.80( 1026): [LOWI-Scan] decode_rsn_wpa_ie: Entered
11-20 07:22:16.361 D/LOWI-9.0.0.80( 1026): [LOWIUtils] hexDump: msg(30 14 01 00 00 0f ac 04 01 00 00 0f ac 04 01 00 00 0f ac 02 )
11-20 07:22:16.361 D/LOWI-9.0.0.80( 1026): [LOWI-Scan] decode_rsn_wpa_ie: LOWI_ENCRYPTION_TYPE_WPA_PSK
11-20 07:22:16.361 D/LOWI-9.0.0.80( 1026): [LOWI-Scan] is_qcom_ie, bss_age: 47
11-20 07:22:16.361 D/LOWI-9.0.0.80( 1026): [LOWI-Scan] BSS 2c:57:41:88:72:e1 LOWI_PHY_MODE_11NG_HT20(5), Beacon Interval: 100, LOWI_ENCRYPTION_TYPE_WPA_PSK 11mcRanging: No, ANQP: No, LCI: No, Civic: No, capability(0x1411): ESS Privacy ShortSlotTime
11-20 07:22:16.361 D/LOWI-9.0.0.80( 1026): [LOWI-Scan] BSS 2c:57:41:88:72:e1 FREQ: 2412, cFreq1[40:80:160] = [0:0:0] cFreq2 = 0 Country Code = US
11-20 07:22:16.361 D/LOWI-9.0.0.80( 1026): [LOWI-Scan] BSS 2c:57:41:88:72:e1 (wlan0) ASSO: NO AddInfo: 0x0, TSF 0, 15:33:44.073, RSSI: -140, CPL: 3, AGE: 0,  SSID kittyhawk, TSFDelta: 0x0, TXRate: 0
11-20 07:22:16.362 D/LOWI-9.0.0.80( 1026): [LOWI-Scan] 
11-20 07:22:16.362 D/LOWI-9.0.0.80( 1026): [LOWI-Scan] print_bss_handler: Report Probe TSF 56024073583 as it greater than Beacon TSF 55841733839
11-20 07:22:16.362 I/LOWI-9.0.0.80( 1026): [LOWI-Scan] RSN_IE
11-20 07:22:16.362 D/LOWI-9.0.0.80( 1026): [LOWI-Scan] decode_rsn_wpa_ie: Entered
11-20 07:22:16.362 D/LOWI-9.0.0.80( 1026): [LOWIUtils] hexDump: msg(30 14 01 00 00 0f ac 04 01 00 00 0f ac 04 01 00 00 0f ac 02 )
11-20 07:22:16.362 D/LOWI-9.0.0.80( 1026): [LOWI-Scan] decode_rsn_wpa_ie: LOWI_ENCRYPTION_TYPE_WPA_PSK
11-20 07:22:16.362 D/LOWI-9.0.0.80( 1026): [LOWI-Scan] is_qcom_ie, bss_age: 46
11-20 07:22:16.362 D/LOWI-9.0.0.80( 1026): [LOWI-Scan] BSS 2c:57:41:86:7a:61 LOWI_PHY_MODE_11NG_HT20(5), Beacon Interval: 100, LOWI_ENCRYPTION_TYPE_WPA_PSK 11mcRanging: No, ANQP: No, LCI: No, Civic: No, capability(0x1411): ESS Privacy ShortSlotTime
11-20 07:22:16.362 D/LOWI-9.0.0.80( 1026): [LOWI-Scan] BSS 2c:57:41:86:7a:61 FREQ: 2412, cFreq1[40:80:160] = [0:0:0] cFreq2 = 0 Country Code = US
11-20 07:22:16.363 D/LOWI-9.0.0.80( 1026): [LOWI-Scan] BSS 2c:57:41:86:7a:61 (wlan0) ASSO: NO AddInfo: 0x0, TSF 0, 15:33:44.073, RSSI: -146, CPL: 3, AGE: 0,  SSID kittyhawk, TSFDelta: 0x0, TXRate: 0
11-20 07:22:16.363 D/LOWI-9.0.0.80( 1026): [LOWI-Scan] 
11-20 07:22:16.363 D/LOWI-9.0.0.80( 1026): [LOWI-Scan] print_bss_handler: Report Probe TSF 56024073401 as it greater than Beacon TSF 55791781856
11-20 07:22:16.364 I/LOWI-9.0.0.80( 1026): [LOWI-Scan] RSN_IE
11-20 07:22:16.364 D/LOWI-9.0.0.80( 1026): [LOWI-Scan] decode_rsn_wpa_ie: Entered
11-20 07:22:16.364 D/LOWI-9.0.0.80( 1026): [LOWIUtils] hexDump: msg(30 14 01 00 00 0f ac 04 01 00 00 0f ac 04 01 00 00 0f ac 02 )
11-20 07:22:16.364 D/LOWI-9.0.0.80( 1026): [LOWI-Scan] decode_rsn_wpa_ie: LOWI_ENCRYPTION_TYPE_WPA_PSK
11-20 07:22:16.364 D/LOWI-9.0.0.80( 1026): [LOWI-Scan] is_qcom_ie, bss_age: 26
11-20 07:22:16.364 D/LOWI-9.0.0.80( 1026): [LOWI-Scan] BSS ce:dc:12:3b:87:fd LOWI_PHY_MODE_11AC_VHT20_2G(11), Beacon Interval: 100, LOWI_ENCRYPTION_TYPE_WPA_PSK 11mcRanging: No, ANQP: Yes, LCI: No, Civic: No, capability(0x1431): ESS Privacy ShortPreamble ShortSlotTime
11-20 07:22:16.364 D/LOWI-9.0.0.80( 1026): [LOWI-Scan] BSS ce:dc:12:3b:87:fd FREQ: 2437, cFreq1[40:80:160] = [0:0:0] cFreq2 = 0 Country Code =    
11-20 07:22:16.364 D/LOWI-9.0.0.80( 1026): [LOWI-Scan] BSS ce:dc:12:3b:87:fd (wlan0) ASSO: NO AddInfo: 0x0, TSF 0, 15:33:44.073, RSSI: -102, CPL: 127, AGE: 0,  SSID Pixel5_R1, TSFDelta: 0x0, TXRate: 0
11-20 07:22:16.365 D/LOWI-9.0.0.80( 1026): [LOWI-Scan] 
11-20 07:22:16.365 D/LOWI-9.0.0.80( 1026): [LOWI-Scan] print_bss_handler: Report Probe TSF 56024073565 as it greater than Beacon TSF 55537671898
11-20 07:22:16.365 I/LOWI-9.0.0.80( 1026): [LOWI-Scan] RSN_IE
11-20 07:22:16.365 D/LOWI-9.0.0.80( 1026): [LOWI-Scan] decode_rsn_wpa_ie: Entered
11-20 07:22:16.365 D/LOWI-9.0.0.80( 1026): [LOWIUtils] hexDump: msg(30 14 01 00 00 0f ac 04 01 00 00 0f ac 04 01 00 00 0f ac 02 )
11-20 07:22:16.365 D/LOWI-9.0.0.80( 1026): [LOWI-Scan] decode_rsn_wpa_ie: LOWI_ENCRYPTION_TYPE_WPA_PSK
11-20 07:22:16.365 D/LOWI-9.0.0.80( 1026): [LOWI-Scan] is_qcom_ie, bss_age: 46
11-20 07:22:16.365 D/LOWI-9.0.0.80( 1026): [LOWI-Scan] BSS 2c:57:41:86:8a:a1 LOWI_PHY_MODE_11NG_HT20(5), Beacon Interval: 100, LOWI_ENCRYPTION_TYPE_WPA_PSK 11mcRanging: No, ANQP: No, LCI: No, Civic: No, capability(0x1411): ESS Privacy ShortSlotTime
11-20 07:22:16.365 D/LOWI-9.0.0.80( 1026): [LOWI-Scan] BSS 2c:57:41:86:8a:a1 FREQ: 2412, cFreq1[40:80:160] = [0:0:0] cFreq2 = 0 Country Code = US
11-20 07:22:16.365 D/LOWI-9.0.0.80( 1026): [LOWI-Scan] BSS 2c:57:41:86:8a:a1 (wlan0) ASSO: NO AddInfo: 0x0, TSF 0, 15:33:44.073, RSSI: -144, CPL: 3, AGE: 0,  SSID kittyhawk, TSFDelta: 0x0, TXRate: 0
11-20 07:22:16.366 D/LOWI-9.0.0.80( 1026): [LOWI-Scan] 
11-20 07:22:16.366 D/LOWI-9.0.0.80( 1026): [LOWI-Scan] print_bss_handler: Report Probe TSF 56024073626 as it greater than Beacon TSF 55635882250
11-20 07:22:16.366 I/LOWI-9.0.0.80( 1026): [LOWI-Scan] RSN_IE
11-20 07:22:16.366 D/LOWI-9.0.0.80( 1026): [LOWI-Scan] decode_rsn_wpa_ie: Entered
11-20 07:22:16.366 D/LOWI-9.0.0.80( 1026): [LOWIUtils] hexDump: msg(30 14 01 00 00 0f ac 04 01 00 00 0f ac 04 01 00 00 0f ac 02 )
11-20 07:22:16.366 D/LOWI-9.0.0.80( 1026): [LOWI-Scan] decode_rsn_wpa_ie: LOWI_ENCRYPTION_TYPE_WPA_PSK
11-20 07:22:16.366 D/LOWI-9.0.0.80( 1026): [LOWI-Scan] is_qcom_ie, bss_age: 46
11-20 07:22:16.366 D/LOWI-9.0.0.80( 1026): [LOWI-Scan] BSS 2c:57:41:89:53:21 LOWI_PHY_MODE_11NG_HT20(5), Beacon Interval: 100, LOWI_ENCRYPTION_TYPE_WPA_PSK 11mcRanging: No, ANQP: No, LCI: No, Civic: No, capability(0x1411): ESS Privacy ShortSlotTime
11-20 07:22:16.366 D/LOWI-9.0.0.80( 1026): [LOWI-Scan] BSS 2c:57:41:89:53:21 FREQ: 2412, cFreq1[40:80:160] = [0:0:0] cFreq2 = 0 Country Code = US
11-20 07:22:16.366 D/LOWI-9.0.0.80( 1026): [LOWI-Scan] BSS 2c:57:41:89:53:21 (wlan0) ASSO: NO AddInfo: 0x0, TSF 0, 15:33:44.073, RSSI: -152, CPL: 3, AGE: 0,  SSID kittyhawk, TSFDelta: 0x0, TXRate: 0
11-20 07:22:16.368 D/LOWI-9.0.0.80( 1026): [LOWI-Scan] 
11-20 07:22:16.368 D/LOWI-9.0.0.80( 1026): [LOWI-Scan] print_bss_handler: Report Probe TSF 56024073525 as it greater than Beacon TSF 55399792830
11-20 07:22:16.368 I/LOWI-9.0.0.80( 1026): [LOWI-Scan] RSN_IE
11-20 07:22:16.368 D/LOWI-9.0.0.80( 1026): [LOWI-Scan] decode_rsn_wpa_ie: Entered
11-20 07:22:16.368 D/LOWI-9.0.0.80( 1026): [LOWIUtils] hexDump: msg(30 14 01 00 00 0f ac 04 01 00 00 0f ac 04 01 00 00 0f ac 02 )
11-20 07:22:16.368 D/LOWI-9.0.0.80( 1026): [LOWI-Scan] decode_rsn_wpa_ie: LOWI_ENCRYPTION_TYPE_WPA_PSK
11-20 07:22:16.368 D/LOWI-9.0.0.80( 1026): [LOWI-Scan] is_qcom_ie, bss_age: 3
11-20 07:22:16.368 D/LOWI-9.0.0.80( 1026): [LOWI-Scan] BSS 2c:57:41:86:94:a1 LOWI_PHY_MODE_11NG_HT20(5), Beacon Interval: 100, LOWI_ENCRYPTION_TYPE_WPA_PSK 11mcRanging: No, ANQP: No, LCI: No, Civic: No, capability(0x1411): ESS Privacy ShortSlotTime
11-20 07:22:16.368 D/LOWI-9.0.0.80( 1026): [LOWI-Scan] BSS 2c:57:41:86:94:a1 FREQ: 2462, cFreq1[40:80:160] = [0:0:0] cFreq2 = 0 Country Code = US
11-20 07:22:16.368 D/LOWI-9.0.0.80( 1026): [LOWI-Scan] BSS 2c:57:41:86:94:a1 (wlan0) ASSO: NO AddInfo: 0x0, TSF 0, 15:33:44.073, RSSI: -148, CPL: 2, AGE: 0,  SSID kittyhawk, TSFDelta: 0x0, TXRate: 0
11-20 07:22:16.369 D/LOWI-9.0.0.80( 1026): [LOWI-Scan] 
11-20 07:22:16.369 D/LOWI-9.0.0.80( 1026): [LOWI-Scan] print_bss_handler: Report Probe TSF 56024073463 as it greater than Beacon TSF 55922142033
11-20 07:22:16.369 I/LOWI-9.0.0.80( 1026): [LOWI-Scan] RSN_IE
11-20 07:22:16.369 D/LOWI-9.0.0.80( 1026): [LOWI-Scan] decode_rsn_wpa_ie: Entered
11-20 07:22:16.369 D/LOWI-9.0.0.80( 1026): [LOWIUtils] hexDump: msg(30 14 01 00 00 0f ac 04 01 00 00 0f ac 04 01 00 00 0f ac 02 )
11-20 07:22:16.370 D/LOWI-9.0.0.80( 1026): [LOWI-Scan] decode_rsn_wpa_ie: LOWI_ENCRYPTION_TYPE_WPA_PSK
11-20 07:22:16.370 D/LOWI-9.0.0.80( 1026): [LOWI-Scan] is_qcom_ie, bss_age: 44
11-20 07:22:16.370 D/LOWI-9.0.0.80( 1026): [LOWI-Scan] BSS 52:b8:14:37:74:3f LOWI_PHY_MODE_11AC_VHT20_2G(11), Beacon Interval: 100, LOWI_ENCRYPTION_TYPE_WPA_PSK 11mcRanging: No, ANQP: No, LCI: No, Civic: No, capability(0x1431): ESS Privacy ShortPreamble ShortSlotTime
11-20 07:22:16.370 D/LOWI-9.0.0.80( 1026): [LOWI-Scan] BSS 52:b8:14:37:74:3f FREQ: 2417, cFreq1[40:80:160] = [0:0:0] cFreq2 = 0 Country Code =    
