11-20 07:30:03.811 D/commandrouter( 1006): rtc_sync (1, rtc:sync): <ServiceRequest> FORWARDED (remote -> local) service client ID = 0, token ID = 38412
11-20 07:30:03.813 D/commandrouter( 1006): SocServiceHandle::onServiceMessage, SoC Service = rtc_sync, appType = 1, type = SVC_RESP, clientId = 0, token = 38412, payloadLen = 8, result = 0, payload.size() = 8
11-20 07:30:05.246 I/chatty  ( 1186): uid=1000 system_server expire 1 line
11-20 07:30:06.486 I/chatty  ( 1186): uid=1000(system) LazyTaskWriterT expire 2 lines
11-20 07:30:07.617 I/chatty  ( 1186): uid=1000(system) android.ui expire 2 lines
11-20 07:30:09.084 D/commandrouter( 1006): SocServiceHandle::onServiceMessage, SoC Service = mcu_healthcheck_934, appType = 1, type = SVC_REQ, clientId = 0, token = 940, payloadLen = 20, result = 0, payload.size() = 20
11-20 07:30:09.088 D/commandrouter( 1006): mcu_healthcheck_934 (1, merlot:mcu_health:control): <ServiceResponse> FORWARDED (remote -> local) CR token ID = 940, service client ID = 5, token ID = 32294, result = 0
11-20 07:30:09.132 I/chatty  ( 1186): uid=1000(system) Binder:1186_20 expire 4 lines
11-20 07:30:12.009 I/chatty  ( 1186): uid=1000 system_server expire 1 line
11-20 07:30:13.803 D/commandrouter( 1006): rtc_sync (1, rtc:sync): <ServiceRequest> FORWARDED (remote -> local) service client ID = 0, token ID = 38413
11-20 07:30:13.804 D/commandrouter( 1006): SocServiceHandle::onServiceMessage, SoC Service = rtc_sync, appType = 1, type = SVC_RESP, clientId = 0, token = 38413, payloadLen = 8, result = 0, payload.size() = 8
11-20 07:30:15.424 D/commandrouter( 1006): SocServiceHandle::onServiceMessage, SoC Service = mcu_healthcheck_1029, appType = 1, type = SVC_REQ, clientId = 0, token = 1881, payloadLen = 12, result = 0, payload.size() = 12
11-20 07:30:15.428 D/commandrouter( 1006): mcu_healthcheck_1029 (1, merlot:mcu_health:control): <ServiceResponse> FORWARDED (remote -> local) CR token ID = 1881, service client ID = 40, token ID = 32295, result = 0
11-20 07:30:15.429 D/mculinkhealth( 1029): isMcuReachable 1 (4 ms)
11-20 07:30:15.985 I/chatty  ( 1186): uid=1000(system) android.display expire 1 line
11-20 07:30:17.105 I/chatty  ( 1186): uid=1000(system) WifiP2pService expire 2 lines
11-20 07:30:17.108 I/chatty  ( 1186): uid=1000(system) ActivityManager expire 1 line
11-20 07:30:17.218 W/wificond(  911): Scan is not started. Ignore abort request
11-20 07:30:17.603 I/chatty  ( 1186): uid=1000(system) WifiHandlerThre expire 1 line
11-20 07:30:17.620 I/chatty  ( 1186): uid=1000(system) ConnectivitySer expire 31 lines
11-20 07:30:18.331 E/NetlinkEvent(  462): NetlinkEvent::FindParam(): Parameter 'INTERFACE' not found
11-20 07:30:18.332 E/NetlinkEvent(  462): NetlinkEvent::FindParam(): Parameter 'STATE' not found
11-20 07:30:18.332 E/NetlinkEvent(  462): NetlinkEvent::FindParam(): Parameter 'TIME_NS' not found
11-20 07:30:18.332 E/NetlinkEvent(  462): NetlinkEvent::FindParam(): Parameter 'UID' not found
11-20 07:30:18.760 I/Nat464Xlat( 1186): Android Xlat is disabled
11-20 07:30:23.799 D/commandrouter( 1006): rtc_sync (1, rtc:sync): <ServiceRequest> FORWARDED (remote -> local) service client ID = 0, token ID = 38414
11-20 07:30:23.799 D/commandrouter( 1006): SocServiceHandle::onServiceMessage, SoC Service = rtc_sync, appType = 1, type = SVC_RESP, clientId = 0, token = 38414, payloadLen = 8, result = 0, payload.size() = 8
11-20 07:30:33.790 D/commandrouter( 1006): rtc_sync (1, rtc:sync): <ServiceRequest> FORWARDED (remote -> local) service client ID = 0, token ID = 38415
11-20 07:30:33.791 D/commandrouter( 1006): SocServiceHandle::onServiceMessage, SoC Service = rtc_sync, appType = 1, type = SVC_RESP, clientId = 0, token = 38415, payloadLen = 8, result = 0, payload.size() = 8
11-20 07:30:37.322 D/AutofillManagerService( 1186): onBackKeyPressed()
11-20 07:30:38.374 I/chatty  ( 1186): uid=1000(system) android.ui identical 2 lines
11-20 07:30:39.591 D/AutofillManagerService( 1186): onBackKeyPressed()
11-20 07:30:40.177 W/ActivityManager( 1186): Invalid packageName: com.facebook.wearable.system.settings/com.facebook.wearable.system.settings.SettingsActivity
11-20 07:30:40.297 I/ActivityTaskManager( 1186): START u0 {flg=0x10000000 cmp=com.facebook.wearable.system.settings/.SettingsActivity} from uid 0
11-20 07:30:40.314 I/ActivityTaskManager( 1186): The Process com.facebook.wearable.system.settings Already Exists in BG. So sending its PID: 13351
11-20 07:30:40.314 W/ActivityTaskManager( 1186): Tried to set launchTime (0) < mLastActivityLaunchTime (56496968)
11-20 07:30:42.929 E/TaskPersister( 1186): File error accessing recents directory (directory doesn't exist?).
11-20 07:30:43.778 D/commandrouter( 1006): rtc_sync (1, rtc:sync): <ServiceRequest> FORWARDED (remote -> local) service client ID = 0, token ID = 38416
11-20 07:30:43.779 D/commandrouter( 1006): SocServiceHandle::onServiceMessage, SoC Service = rtc_sync, appType = 1, type = SVC_RESP, clientId = 0, token = 38416, payloadLen = 8, result = 0, payload.size() = 8
11-20 07:30:45.429 D/commandrouter( 1006): SocServiceHandle::onServiceMessage, SoC Service = mcu_healthcheck_1029, appType = 1, type = SVC_REQ, clientId = 0, token = 1882, payloadLen = 12, result = 0, payload.size() = 12
11-20 07:30:45.433 D/commandrouter( 1006): mcu_healthcheck_1029 (1, merlot:mcu_health:control): <ServiceResponse> FORWARDED (remote -> local) CR token ID = 1882, service client ID = 40, token ID = 32296, result = 0
11-20 07:30:45.433 D/mculinkhealth( 1029): isMcuReachable 1 (3 ms)
11-20 07:30:47.905 W/ContextImpl( 1186): Calling a method in the system process without a qualified user: android.app.ContextImpl.sendBroadcastMultiplePermissions:1143 android.content.Context.sendBroadcastWithMultiplePermissions:2150 com.android.server.display.WifiDisplayAdapter.handleSendStatusChangeBroadcast:440 com.android.server.display.WifiDisplayAdapter.access$1700:63 com.android.server.display.WifiDisplayAdapter$WifiDisplayHandler.handleMessage:675 
11-20 07:30:48.325 D/ConnectivityService( 1186): handleLingerComplete for [101 CELLULAR]
11-20 07:30:48.416 D/ConnectivityService( 1186): [159 WIFI] EVENT_NETWORK_INFO_CHANGED, going from CONNECTED to DISCONNECTED
11-20 07:30:48.416 D/ConnectivityService( 1186): [159 WIFI] disconnected, was satisfying 25
11-20 07:30:48.500 I/Nat464Xlat( 1186): Android Xlat is disabled
11-20 07:30:48.501 I/Nat464Xlat( 1186): Android Xlat is disabled
11-20 07:30:48.517 D/ConnectivityService( 1186): Sending DISCONNECTED broadcast for type 1 [159 WIFI] isDefaultNetwork=true
11-20 07:30:48.534 D/ConnectivityService( 1186): NetReassign [44 : null  101, 1191 : null  101, 11 : null  101, 63 : null  101, 17 : null  101, 25 : null  101, 1 : null  101, 1196 : null  101, 8 : null  101, 654 : null  101, 12 : null  101, 14 : null  101, 16 : null  101, 22 : null  101]
11-20 07:30:48.538 E/NetlinkEvent(  462): NetlinkEvent::FindParam(): Parameter 'INTERFACE' not found
11-20 07:30:48.538 E/NetlinkEvent(  462): NetlinkEvent::FindParam(): Parameter 'STATE' not found
11-20 07:30:48.538 E/NetlinkEvent(  462): NetlinkEvent::FindParam(): Parameter 'TIME_NS' not found
11-20 07:30:48.538 E/NetlinkEvent(  462): NetlinkEvent::FindParam(): Parameter 'UID' not found
11-20 07:30:48.570 D/ConnectivityService( 1186): Switching to new default network: NetworkAgentInfo{ ni{[type: MOBILE[LTE], state: CONNECTED/CONNECTED, reason: (unspecified), extra: enhancedphone, failover: false, available: true, roaming: false]}  network{101}  nethandle{437197393933}  lp{{InterfaceName: rmnet_data2 LinkAddresses: [ 10.55.48.101/30,2600:381:4804:c4b6:8cdc:8f0b:afe1:ec6b/64 ] DnsAddresses: [ /172.26.38.2,/fc00:a:a::400 ] Domains: null MTU: 1430 TcpBufferSizes: 2097152,4194304,8388608,262144,524288,1048576 Routes: [ 0.0.0.0/0 -> 10.55.48.102 rmnet_data2 mtu 1430,::/0 -> fe80::9db2:334d:2872:1e0a rmnet_data2 mtu 1430,10.55.48.100/30 -> 0.0.0.0 rmnet_data2 mtu 0,2600:381:4804:c4b6::/64 -> :: rmnet_data2 mtu 0 ]}}  nc{[ Transports: CELLULAR Capabilities: MMS&SUPL&FOTA&INTERNET&NOT_RESTRICTED&TRUSTED&NOT_VPN&VALIDATED&NOT_ROAMING&NOT_CONGESTED&NOT_SUSPENDED LinkUpBandwidth>=15000Kbps LinkDnBandwidth>=30000Kbps Specifier: <TelephonyNetworkSpecifier [mSubId = 1]> AdministratorUids: [] RequestorUid: -1 RequestorPackageName: null]}  Score{50}  everValidated{true}  lastValidated{true}  created{true} lingering{false} explicitlySelected{false} acceptUnvalidated{false} everCaptivePortalDetected{false} lastCaptivePortalDetected{false} partialConnectivity{false} acceptPartialConnectivity{false} clat{mBaseIface: null, mIface: null, mState: IDLE} }
11-20 07:30:48.758 D/ConnectivityService( 1186): Sending CONNECTED broadcast for type 0 [101 CELLULAR] isDefaultNetwork=true
11-20 07:30:52.948 D/AutofillManagerService( 1186): onBackKeyPressed()
11-20 07:30:53.475 D/AutofillManagerService( 1186): onBackKeyPressed()
11-20 07:30:53.769 D/commandrouter( 1006): rtc_sync (1, rtc:sync): <ServiceRequest> FORWARDED (remote -> local) service client ID = 0, token ID = 38417
11-20 07:30:53.770 D/commandrouter( 1006): SocServiceHandle::onServiceMessage, SoC Service = rtc_sync, appType = 1, type = SVC_RESP, clientId = 0, token = 38417, payloadLen = 8, result = 0, payload.size() = 8
11-20 07:30:53.998 D/AutofillManagerService( 1186): onBackKeyPressed()
11-20 07:30:55.616 D/AutofillManagerService( 1186): onBackKeyPressed()
11-20 07:30:57.487 E/TaskPersister( 1186): File error accessing recents directory (directory doesn't exist?).
11-20 07:30:57.625 D/AutofillManagerService( 1186): onBackKeyPressed()
11-20 07:30:59.632 I/chatty  ( 1186): uid=1000(system) android.ui identical 2 lines
11-20 07:31:00.728 D/AutofillManagerService( 1186): onBackKeyPressed()
11-20 07:31:01.046 D/AppStorageManager( 1186): BEFORE:: Previous Size: 1029709824 Current Size: 1029320704
11-20 07:31:01.046 D/AppStorageManager( 1186): AFTER:: Previous Size: 1029320704 Current Size: 1029320704
11-20 07:31:01.165 W/ActivityManager( 1186): Invalid packageName: com.facebook.wearable.system.settings/com.facebook.wearable.system.settings.SettingsActivity
11-20 07:31:01.311 I/ActivityTaskManager( 1186): START u0 {flg=0x10000000 cmp=com.facebook.wearable.system.settings/.SettingsActivity} from uid 0
11-20 07:31:01.328 I/ActivityTaskManager( 1186): The Process com.facebook.wearable.system.settings Already Exists in BG. So sending its PID: 13351
11-20 07:31:01.329 W/ActivityTaskManager( 1186): Tried to set launchTime (0) < mLastActivityLaunchTime (56528041)
11-20 07:31:03.775 D/commandrouter( 1006): rtc_sync (1, rtc:sync): <ServiceRequest> FORWARDED (remote -> local) service client ID = 0, token ID = 38418
11-20 07:31:03.776 D/commandrouter( 1006): SocServiceHandle::onServiceMessage, SoC Service = rtc_sync, appType = 1, type = SVC_RESP, clientId = 0, token = 38418, payloadLen = 8, result = 0, payload.size() = 8
11-20 07:31:05.473 E/TaskPersister( 1186): File error accessing recents directory (directory doesn't exist?).
11-20 07:31:07.440 W/ContextImpl( 1186): Calling a method in the system process without a qualified user: android.app.ContextImpl.sendBroadcastMultiplePermissions:1143 android.content.Context.sendBroadcastWithMultiplePermissions:2150 com.android.server.display.WifiDisplayAdapter.handleSendStatusChangeBroadcast:440 com.android.server.display.WifiDisplayAdapter.access$1700:63 com.android.server.display.WifiDisplayAdapter$WifiDisplayHandler.handleMessage:675 
11-20 07:31:08.467 W/ContextImpl( 1186): Calling a method in the system process without a qualified user: android.app.ContextImpl.sendBroadcastMultiplePermissions:1143 android.content.Context.sendBroadcastWithMultiplePermissions:2150 com.android.server.wifi.p2p.WifiP2pServiceImpl$P2pStateMachine.sendBroadcastMultiplePermissions:3209 com.android.server.wifi.p2p.WifiP2pServiceImpl$P2pStateMachine.sendP2pConnectionChangedBroadcast:3236 com.android.server.wifi.p2p.WifiP2pServiceImpl$P2pStateMachine.access$5100:768 
11-20 07:31:08.469 W/BroadcastQueue( 1186): Permission Denial: receiving Intent { act=android.net.wifi.p2p.CONNECTION_STATE_CHANGE flg=0x24000010 (has extras) } to ProcessRecord{688c834 1907:.qtidataservices/u0a88} (pid=1907, uid=10088) requires android.permission.ACCESS_FINE_LOCATION due to sender android (uid 1000)
11-20 07:31:08.472 W/wificond(  911): Scan is not started. Ignore abort request
11-20 07:31:08.566 W/ContextImpl( 1186): Calling a method in the system process without a qualified user: android.app.ContextImpl.sendBroadcastMultiplePermissions:1143 android.content.Context.sendBroadcastWithMultiplePermissions:2150 com.android.server.wifi.p2p.WifiP2pServiceImpl$P2pStateMachine.sendBroadcastMultiplePermissions:3209 com.android.server.wifi.p2p.WifiP2pServiceImpl$P2pStateMachine.sendThisDeviceChangedBroadcast:3218 com.android.server.wifi.p2p.WifiP2pServiceImpl$P2pStateMachine.updateThisDevice:3962 
11-20 07:31:08.923 D/ConnectivityService( 1186): registerNetworkAgent NetworkAgentInfo{ ni{[type: WIFI[], state: UNKNOWN/IDLE, reason: (unspecified), extra: , failover: false, available: true, roaming: false]}  network{160}  nethandle{690600464397}  lp{{InterfaceName: wlan0 LinkAddresses: [ ] DnsAddresses: [ ] Domains: null MTU: 0 Routes: [ ]}}  nc{[ Transports: WIFI Capabilities: NOT_METERED&INTERNET&NOT_RESTRICTED&TRUSTED&NOT_VPN&NOT_ROAMING&FOREGROUND&NOT_CONGESTED&NOT_SUSPENDED LinkUpBandwidth>=72000Kbps LinkDnBandwidth>=72000Kbps OwnerUid: 1000 SSID: "MTBF_Lab" RequestorUid: -1 RequestorPackageName: null]}  Score{20}  everValidated{false}  lastValidated{false}  created{false} lingering{false} explicitlySelected{false} acceptUnvalidated{false} everCaptivePortalDetected{false} lastCaptivePortalDetected{false} partialConnectivity{false} acceptPartialConnectivity{false} clat{mBaseIface: null, mIface: null, mState: IDLE} }
11-20 07:31:08.943 D/ConnectivityService( 1186): [160 WIFI] EVENT_NETWORK_INFO_CHANGED, going from UNKNOWN to UNKNOWN
11-20 07:31:09.065 D/ConnectivityService( 1186): NetReassign [no changes]
11-20 07:31:09.091 D/commandrouter( 1006): SocServiceHandle::onServiceMessage, SoC Service = mcu_healthcheck_934, appType = 1, type = SVC_REQ, clientId = 0, token = 941, payloadLen = 20, result = 0, payload.size() = 20
11-20 07:31:09.095 I/Nat464Xlat( 1186): Android Xlat is disabled
11-20 07:31:09.096 I/Nat464Xlat( 1186): Android Xlat is disabled
11-20 07:31:09.096 D/commandrouter( 1006): mcu_healthcheck_934 (1, merlot:mcu_health:control): <ServiceResponse> FORWARDED (remote -> local) CR token ID = 941, service client ID = 5, token ID = 32297, result = 0
11-20 07:31:09.203 E/ConnectivityService( 1186): Exception in networkAddRouteParcel for non-gateway: android.os.ServiceSpecificException: Machine is not on the network (code 64)
11-20 07:31:09.205 E/ConnectivityService( 1186): Exception in networkAddRouteParcel for gateway: android.os.ServiceSpecificException: Machine is not on the network (code 64)
11-20 07:31:09.205 I/Nat464Xlat( 1186): Android Xlat is disabled
11-20 07:31:09.205 I/Nat464Xlat( 1186): Android Xlat is disabled
11-20 07:31:09.259 D/ConnectivityService( 1186): Setting DNS servers for network 160 to [/192.168.1.1]
11-20 07:31:09.260 I/Nat464Xlat( 1186): Android Xlat is disabled
11-20 07:31:09.261 I/Nat464Xlat( 1186): Android Xlat is disabled
11-20 07:31:09.346 D/ConnectivityService( 1186): [160 WIFI] EVENT_NETWORK_INFO_CHANGED, going from UNKNOWN to CONNECTED
11-20 07:31:09.350 D/DnsManager( 1186): sendDnsConfigurationForNetwork(160, [192.168.1.1], [], 1800, 25, 8, 64, 0, 0, , [])
11-20 07:31:09.352 W/DnsManager( 1186): updatePrivateDns(160, PrivateDnsConfig{true:/[]})
11-20 07:31:09.352 D/ConnectivityService( 1186): Setting DNS servers for network 160 to [/192.168.1.1]
11-20 07:31:09.352 D/DnsManager( 1186): sendDnsConfigurationForNetwork(160, [192.168.1.1], [], 1800, 25, 8, 64, 0, 0, , [192.168.1.1])
11-20 07:31:09.355 D/ConnectivityService( 1186): Adding iface wlan0 to network 160
11-20 07:31:09.397 D/ConnectivityService( 1186): Setting DNS servers for network 160 to [/192.168.1.1]
11-20 07:31:09.398 D/DnsManager( 1186): sendDnsConfigurationForNetwork(160, [192.168.1.1], [], 1800, 25, 8, 64, 0, 0, , [192.168.1.1])
11-20 07:31:09.399 I/Nat464Xlat( 1186): Android Xlat is disabled
11-20 07:31:09.399 I/Nat464Xlat( 1186): Android Xlat is disabled
11-20 07:31:09.469 D/ConnectivityService( 1186): NetReassign [no changes]
11-20 07:31:09.687 D/ConnectivityService( 1186): [160 WIFI] validation passed
11-20 07:31:09.687 D/ConnectivityService( 1186): NetReassign [44 : 101  160, 1191 : 101  160, 11 : 101  160, 63 : 101  160, 17 : 101  160, 25 : 101  160, 1 : 101  160, 1196 : 101  160, 8 : 101  160, 654 : 101  160, 12 : 101  160, 14 : 101  160, 16 : 101  160, 22 : 101  160]
11-20 07:31:09.692 E/NetlinkEvent(  462): NetlinkEvent::FindParam(): Parameter 'INTERFACE' not found
11-20 07:31:09.693 E/NetlinkEvent(  462): NetlinkEvent::FindParam(): Parameter 'STATE' not found
11-20 07:31:09.693 E/NetlinkEvent(  462): NetlinkEvent::FindParam(): Parameter 'TIME_NS' not found
11-20 07:31:09.693 E/NetlinkEvent(  462): NetlinkEvent::FindParam(): Parameter 'UID' not found
11-20 07:31:09.707 D/ConnectivityService( 1186): Switching to new default network: NetworkAgentInfo{ ni{[type: WIFI[], state: CONNECTED/CONNECTED, reason: (unspecified), extra: , failover: false, available: true, roaming: false]}  network{160}  nethandle{690600464397}  lp{{InterfaceName: wlan0 LinkAddresses: [ 192.168.1.41/24 ] DnsAddresses: [ /192.168.1.1 ] Domains: null MTU: 0 ServerAddress: /192.168.1.1 TcpBufferSizes: 524288,1048576,2097152,262144,524288,1048576 Routes: [ fe80::/64 -> :: wlan0 mtu 0,192.168.1.0/24 -> 0.0.0.0 wlan0 mtu 0,0.0.0.0/0 -> 192.168.1.1 wlan0 mtu 0 ]}}  nc{[ Transports: WIFI Capabilities: NOT_METERED&INTERNET&NOT_RESTRICTED&TRUSTED&NOT_VPN&VALIDATED&NOT_ROAMING&FOREGROUND&NOT_CONGESTED&NOT_SUSPENDED LinkUpBandwidth>=61000Kbps LinkDnBandwidth>=61000Kbps SignalStrength: -32 OwnerUid: 1000 SSID: "MTBF_Lab" RequestorUid: -1 RequestorPackageName: null]}  Score{60}  everValidated{true}  lastValidated{true}  created{true} lingering{false} explicitlySelected{false} acceptUnvalidated{false} everCaptivePortalDetected{false} lastCaptivePortalDetected{false} partialConnectivity{false} acceptPartialConnectivity{false} clat{mBaseIface: null, mIface: null, mState: IDLE} }
11-20 07:31:09.829 D/ConnectivityService( 1186): Lingering [101 CELLULAR] for 30000ms
11-20 07:31:09.831 D/ConnectivityService( 1186): Sending DISCONNECTED broadcast for type 0 [101 CELLULAR] isDefaultNetwork=true
11-20 07:31:09.854 D/ConnectivityService( 1186): Sending CONNECTED broadcast for type 1 [160 WIFI] isDefaultNetwork=true
11-20 07:31:09.882 D/ConnectivityService( 1186): Setting DNS servers for network 160 to [/192.168.1.1]
11-20 07:31:09.883 D/DnsManager( 1186): sendDnsConfigurationForNetwork(160, [192.168.1.1], [], 1800, 25, 8, 64, 0, 0, , [192.168.1.1])
11-20 07:31:10.760 I/Nat464Xlat( 1186): Android Xlat is disabled
11-20 07:31:10.760 I/Nat464Xlat( 1186): Android Xlat is disabled
11-20 07:31:13.783 D/commandrouter( 1006): rtc_sync (1, rtc:sync): <ServiceRequest> FORWARDED (remote -> local) service client ID = 0, token ID = 38419
11-20 07:31:13.784 D/commandrouter( 1006): SocServiceHandle::onServiceMessage, SoC Service = rtc_sync, appType = 1, type = SVC_RESP, clientId = 0, token = 38419, payloadLen = 8, result = 0, payload.size() = 8
11-20 07:31:15.434 D/commandrouter( 1006): SocServiceHandle::onServiceMessage, SoC Service = mcu_healthcheck_1029, appType = 1, type = SVC_REQ, clientId = 0, token = 1883, payloadLen = 12, result = 0, payload.size() = 12
11-20 07:31:15.439 D/commandrouter( 1006): mcu_healthcheck_1029 (1, merlot:mcu_health:control): <ServiceResponse> FORWARDED (remote -> local) CR token ID = 1883, service client ID = 40, token ID = 32298, result = 0
11-20 07:31:15.439 D/mculinkhealth( 1029): isMcuReachable 1 (5 ms)
11-20 07:31:23.787 D/commandrouter( 1006): rtc_sync (1, rtc:sync): <ServiceRequest> FORWARDED (remote -> local) service client ID = 0, token ID = 38420
11-20 07:31:23.788 D/commandrouter( 1006): SocServiceHandle::onServiceMessage, SoC Service = rtc_sync, appType = 1, type = SVC_RESP, clientId = 0, token = 38420, payloadLen = 8, result = 0, payload.size() = 8
11-20 07:31:28.759 D/AutofillManagerService( 1186): onBackKeyPressed()
11-20 07:31:29.811 I/chatty  ( 1186): uid=1000(system) android.ui identical 2 lines
11-20 07:31:31.634 D/AutofillManagerService( 1186): onBackKeyPressed()
11-20 07:31:32.172 W/ActivityManager( 1186): Invalid packageName: com.facebook.wearable.system.settings/com.facebook.wearable.system.settings.SettingsActivity
11-20 07:31:32.305 I/ActivityTaskManager( 1186): START u0 {flg=0x10000000 cmp=com.facebook.wearable.system.settings/.SettingsActivity} from uid 0
11-20 07:31:32.321 I/ActivityTaskManager( 1186): The Process com.facebook.wearable.system.settings Already Exists in BG. So sending its PID: 13351
11-20 07:31:32.321 W/ActivityTaskManager( 1186): Tried to set launchTime (0) < mLastActivityLaunchTime (56549056)
11-20 07:31:33.794 D/commandrouter( 1006): rtc_sync (1, rtc:sync): <ServiceRequest> FORWARDED (remote -> local) service client ID = 0, token ID = 38421
11-20 07:31:33.795 D/commandrouter( 1006): SocServiceHandle::onServiceMessage, SoC Service = rtc_sync, appType = 1, type = SVC_RESP, clientId = 0, token = 38421, payloadLen = 8, result = 0, payload.size() = 8
11-20 07:31:34.367 E/TaskPersister( 1186): File error accessing recents directory (directory doesn't exist?).
11-20 07:31:38.477 D/AnalyticsLogger( 1186): sent events: 12
11-20 07:31:39.688 D/ConnectivityService( 1186): handleLingerComplete for [101 CELLULAR]
11-20 07:31:40.018 W/ContextImpl( 1186): Calling a method in the system process without a qualified user: android.app.ContextImpl.sendBroadcastMultiplePermissions:1143 android.content.Context.sendBroadcastWithMultiplePermissions:2150 com.android.server.display.WifiDisplayAdapter.handleSendStatusChangeBroadcast:440 com.android.server.display.WifiDisplayAdapter.access$1700:63 com.android.server.display.WifiDisplayAdapter$WifiDisplayHandler.handleMessage:675 
11-20 07:31:40.506 D/ConnectivityService( 1186): [160 WIFI] EVENT_NETWORK_INFO_CHANGED, going from CONNECTED to DISCONNECTED
11-20 07:31:40.506 D/ConnectivityService( 1186): [160 WIFI] disconnected, was satisfying 25
11-20 07:31:40.591 I/Nat464Xlat( 1186): Android Xlat is disabled
11-20 07:31:40.591 I/Nat464Xlat( 1186): Android Xlat is disabled
11-20 07:31:40.602 D/ConnectivityService( 1186): Sending DISCONNECTED broadcast for type 1 [160 WIFI] isDefaultNetwork=true
11-20 07:31:40.603 D/ConnectivityService( 1186): NetReassign [44 : null  101, 1191 : null  101, 11 : null  101, 63 : null  101, 17 : null  101, 25 : null  101, 1 : null  101, 1196 : null  101, 8 : null  101, 654 : null  101, 12 : null  101, 14 : null  101, 16 : null  101, 22 : null  101]
11-20 07:31:40.608 E/NetlinkEvent(  462): NetlinkEvent::FindParam(): Parameter 'INTERFACE' not found
11-20 07:31:40.608 E/NetlinkEvent(  462): NetlinkEvent::FindParam(): Parameter 'STATE' not found
11-20 07:31:40.608 E/NetlinkEvent(  462): NetlinkEvent::FindParam(): Parameter 'TIME_NS' not found
11-20 07:31:40.608 E/NetlinkEvent(  462): NetlinkEvent::FindParam(): Parameter 'UID' not found
11-20 07:31:40.617 D/ConnectivityService( 1186): Switching to new default network: NetworkAgentInfo{ ni{[type: MOBILE[LTE], state: CONNECTED/CONNECTED, reason: (unspecified), extra: enhancedphone, failover: false, available: true, roaming: false]}  network{101}  nethandle{437197393933}  lp{{InterfaceName: rmnet_data2 LinkAddresses: [ 10.55.48.101/30,2600:381:4804:c4b6:8cdc:8f0b:afe1:ec6b/64 ] DnsAddresses: [ /172.26.38.2,/fc00:a:a::400 ] Domains: null MTU: 1430 TcpBufferSizes: 2097152,4194304,8388608,262144,524288,1048576 Routes: [ 0.0.0.0/0 -> 10.55.48.102 rmnet_data2 mtu 1430,::/0 -> fe80::9db2:334d:2872:1e0a rmnet_data2 mtu 1430,10.55.48.100/30 -> 0.0.0.0 rmnet_data2 mtu 0,2600:381:4804:c4b6::/64 -> :: rmnet_data2 mtu 0 ]}}  nc{[ Transports: CELLULAR Capabilities: MMS&SUPL&FOTA&INTERNET&NOT_RESTRICTED&TRUSTED&NOT_VPN&VALIDATED&NOT_ROAMING&NOT_CONGESTED&NOT_SUSPENDED LinkUpBandwidth>=15000Kbps LinkDnBandwidth>=30000Kbps Specifier: <TelephonyNetworkSpecifier [mSubId = 1]> AdministratorUids: [] RequestorUid: -1 RequestorPackageName: null]}  Score{50}  everValidated{true}  lastValidated{true}  created{true} lingering{false} explicitlySelected{false} acceptUnvalidated{false} everCaptivePortalDetected{false} lastCaptivePortalDetected{false} partialConnectivity{false} acceptPartialConnectivity{false} clat{mBaseIface: null, mIface: null, mState: IDLE} }
11-20 07:31:40.790 D/ConnectivityService( 1186): Sending CONNECTED broadcast for type 0 [101 CELLULAR] isDefaultNetwork=true
11-20 07:31:43.805 D/commandrouter( 1006): rtc_sync (1, rtc:sync): <ServiceRequest> FORWARDED (remote -> local) service client ID = 0, token ID = 38422
11-20 07:31:43.806 D/commandrouter( 1006): SocServiceHandle::onServiceMessage, SoC Service = rtc_sync, appType = 1, type = SVC_RESP, clientId = 0, token = 38422, payloadLen = 8, result = 0, payload.size() = 8
11-20 07:31:45.008 D/AutofillManagerService( 1186): onBackKeyPressed()
11-20 07:31:45.440 D/commandrouter( 1006): SocServiceHandle::onServiceMessage, SoC Service = mcu_healthcheck_1029, appType = 1, type = SVC_REQ, clientId = 0, token = 1884, payloadLen = 12, result = 0, payload.size() = 12
11-20 07:31:45.444 D/commandrouter( 1006): mcu_healthcheck_1029 (1, merlot:mcu_health:control): <ServiceResponse> FORWARDED (remote -> local) CR token ID = 1884, service client ID = 40, token ID = 32299, result = 0
11-20 07:31:45.445 D/mculinkhealth( 1029): isMcuReachable 1 (4 ms)
11-20 07:31:45.533 D/AutofillManagerService( 1186): onBackKeyPressed()
11-20 07:31:47.626 I/chatty  ( 1186): uid=1000(system) android.ui identical 2 lines
11-20 07:31:48.619 D/AutofillManagerService( 1186): onBackKeyPressed()
11-20 07:31:49.554 E/TaskPersister( 1186): File error accessing recents directory (directory doesn't exist?).
11-20 07:31:49.630 D/AutofillManagerService( 1186): onBackKeyPressed()
11-20 07:31:50.630 I/chatty  ( 1186): uid=1000(system) android.ui identical 1 line
11-20 07:31:51.625 D/AutofillManagerService( 1186): onBackKeyPressed()
11-20 07:31:52.168 W/ActivityManager( 1186): Invalid packageName: com.facebook.wearable.system.settings/com.facebook.wearable.system.settings.SettingsActivity
11-20 07:31:52.275 I/ActivityTaskManager( 1186): START u0 {flg=0x10000000 cmp=com.facebook.wearable.system.settings/.SettingsActivity} from uid 0
11-20 07:31:52.292 I/ActivityTaskManager( 1186): The Process com.facebook.wearable.system.settings Already Exists in BG. So sending its PID: 13351
11-20 07:31:52.292 W/ActivityTaskManager( 1186): Tried to set launchTime (0) < mLastActivityLaunchTime (56580048)
11-20 07:31:53.810 D/commandrouter( 1006): rtc_sync (1, rtc:sync): <ServiceRequest> FORWARDED (remote -> local) service client ID = 0, token ID = 38423
11-20 07:31:53.811 D/commandrouter( 1006): SocServiceHandle::onServiceMessage, SoC Service = rtc_sync, appType = 1, type = SVC_RESP, clientId = 0, token = 38423, payloadLen = 8, result = 0, payload.size() = 8
11-20 07:31:55.908 E/TaskPersister( 1186): File error accessing recents directory (directory doesn't exist?).
11-20 07:31:58.237 W/ContextImpl( 1186): Calling a method in the system process without a qualified user: android.app.ContextImpl.sendBroadcastMultiplePermissions:1143 android.content.Context.sendBroadcastWithMultiplePermissions:2150 com.android.server.display.WifiDisplayAdapter.handleSendStatusChangeBroadcast:440 com.android.server.display.WifiDisplayAdapter.access$1700:63 com.android.server.display.WifiDisplayAdapter$WifiDisplayHandler.handleMessage:675 
11-20 07:31:59.289 W/ContextImpl( 1186): Calling a method in the system process without a qualified user: android.app.ContextImpl.sendBroadcastMultiplePermissions:1143 android.content.Context.sendBroadcastWithMultiplePermissions:2150 com.android.server.wifi.p2p.WifiP2pServiceImpl$P2pStateMachine.sendBroadcastMultiplePermissions:3209 com.android.server.wifi.p2p.WifiP2pServiceImpl$P2pStateMachine.sendP2pConnectionChangedBroadcast:3236 com.android.server.wifi.p2p.WifiP2pServiceImpl$P2pStateMachine.access$5100:768 
11-20 07:31:59.299 W/BroadcastQueue( 1186): Permission Denial: receiving Intent { act=android.net.wifi.p2p.CONNECTION_STATE_CHANGE flg=0x24000010 (has extras) } to ProcessRecord{688c834 1907:.qtidataservices/u0a88} (pid=1907, uid=10088) requires android.permission.ACCESS_FINE_LOCATION due to sender android (uid 1000)
11-20 07:31:59.301 W/wificond(  911): Scan is not started. Ignore abort request
11-20 07:31:59.387 W/ContextImpl( 1186): Calling a method in the system process without a qualified user: android.app.ContextImpl.sendBroadcastMultiplePermissions:1143 android.content.Context.sendBroadcastWithMultiplePermissions:2150 com.android.server.wifi.p2p.WifiP2pServiceImpl$P2pStateMachine.sendBroadcastMultiplePermissions:3209 com.android.server.wifi.p2p.WifiP2pServiceImpl$P2pStateMachine.sendThisDeviceChangedBroadcast:3218 com.android.server.wifi.p2p.WifiP2pServiceImpl$P2pStateMachine.updateThisDevice:3962 
11-20 07:31:59.754 D/ConnectivityService( 1186): registerNetworkAgent NetworkAgentInfo{ ni{[type: WIFI[], state: UNKNOWN/IDLE, reason: (unspecified), extra: , failover: false, available: true, roaming: false]}  network{161}  nethandle{694895431693}  lp{{InterfaceName: wlan0 LinkAddresses: [ ] DnsAddresses: [ ] Domains: null MTU: 0 Routes: [ ]}}  nc{[ Transports: WIFI Capabilities: NOT_METERED&INTERNET&NOT_RESTRICTED&TRUSTED&NOT_VPN&NOT_ROAMING&FOREGROUND&NOT_CONGESTED&NOT_SUSPENDED LinkUpBandwidth>=72000Kbps LinkDnBandwidth>=72000Kbps OwnerUid: 1000 SSID: "MTBF_Lab" RequestorUid: -1 RequestorPackageName: null]}  Score{20}  everValidated{false}  lastValidated{false}  created{false} lingering{false} explicitlySelected{false} acceptUnvalidated{false} everCaptivePortalDetected{false} lastCaptivePortalDetected{false} partialConnectivity{false} acceptPartialConnectivity{false} clat{mBaseIface: null, mIface: null, mState: IDLE} }
11-20 07:31:59.774 D/ConnectivityService( 1186): [161 WIFI] EVENT_NETWORK_INFO_CHANGED, going from UNKNOWN to UNKNOWN
11-20 07:31:59.934 D/ConnectivityService( 1186): NetReassign [no changes]
11-20 07:31:59.959 I/Nat464Xlat( 1186): Android Xlat is disabled
11-20 07:31:59.959 I/Nat464Xlat( 1186): Android Xlat is disabled
11-20 07:32:00.260 E/ConnectivityService( 1186): Exception in networkAddRouteParcel for non-gateway: android.os.ServiceSpecificException: Machine is not on the network (code 64)
11-20 07:32:00.263 E/ConnectivityService( 1186): Exception in networkAddRouteParcel for gateway: android.os.ServiceSpecificException: Machine is not on the network (code 64)
11-20 07:32:00.263 I/Nat464Xlat( 1186): Android Xlat is disabled
--------- beginning of main
11-20 07:32:00.346 E/QMI_FW  (  915): qmi_cci_get_ref: ref count increased 2
11-20 07:32:00.352 E/QMI_FW  ( 1042): qmi_cci_get_ref: ref count increased 2
11-20 07:32:00.353 E/QMI_FW  ( 1042): qmi_cci_get_ref: ref count increased 2
11-20 07:32:00.353 E/QMI_FW  ( 1042): qmi_cci_get_ref: ref count increased 2
11-20 07:32:00.263 I/Nat464Xlat( 1186): Android Xlat is disabled
11-20 07:32:00.391 D/ConnectivityService( 1186): Setting DNS servers for network 161 to [/192.168.1.1]
11-20 07:32:00.392 I/Nat464Xlat( 1186): Android Xlat is disabled
11-20 07:32:00.412 D/WifiMemoryStoreImpl( 1186): Set cluster Ga6eb8feabe7908d4 for Wa6eb8feabe7908d4: SUCCESS
11-20 07:32:00.392 I/Nat464Xlat( 1186): Android Xlat is disabled
11-20 07:32:00.503 D/ConnectivityService( 1186): [161 WIFI] EVENT_NETWORK_INFO_CHANGED, going from UNKNOWN to CONNECTED
11-20 07:32:00.507 D/DnsManager( 1186): sendDnsConfigurationForNetwork(161, [192.168.1.1], [], 1800, 25, 8, 64, 0, 0, , [])
11-20 07:32:00.509 W/DnsManager( 1186): updatePrivateDns(161, PrivateDnsConfig{true:/[]})
11-20 07:32:00.509 D/ConnectivityService( 1186): Setting DNS servers for network 161 to [/192.168.1.1]
11-20 07:32:00.510 D/DnsManager( 1186): sendDnsConfigurationForNetwork(161, [192.168.1.1], [], 1800, 25, 8, 64, 0, 0, , [192.168.1.1])
11-20 07:32:00.512 D/ConnectivityService( 1186): Adding iface wlan0 to network 161
11-20 07:32:00.520 W/resolv  (  462): Validating DnsTlsServer on netId 161
11-20 07:32:00.522 W/resolv  (  462): Validation failed
11-20 07:32:00.527 D/ConnectivityService( 1186): Setting DNS servers for network 161 to [/192.168.1.1]
11-20 07:32:00.527 D/DnsManager( 1186): sendDnsConfigurationForNetwork(161, [192.168.1.1], [], 1800, 25, 8, 64, 0, 0, , [192.168.1.1])
11-20 07:32:00.528 W/resolv  (  462): Validating DnsTlsServer on netId 161
11-20 07:32:00.530 I/Nat464Xlat( 1186): Android Xlat is disabled
11-20 07:32:00.537 W/resolv  (  462): SSL_connect ssl error =5, mark 0xf00a1: Connection refused
11-20 07:32:00.538 W/resolv  (  462): Validation failed
11-20 07:32:00.572 I/m.android.phon( 1984): Background young concurrent copying GC freed 153550(15MB) AllocSpace objects, 82(1536KB) LOS objects, 75% free, 5763KB/23MB, paused 145us total 123.957ms
11-20 07:32:00.530 I/Nat464Xlat( 1186): Android Xlat is disabled
11-20 07:32:00.604 D/ConnectivityService( 1186): NetReassign [no changes]
11-20 07:32:00.604 D/WifiClientModeImpl( 1186): Received signal strength thresholds: []
11-20 07:32:00.605 E/WifiVendorHal( 1186): stopRssiMonitoring(l.2106) failed {.code = ERROR_NOT_AVAILABLE, .description = }
11-20 07:32:00.608 D/QCNEJ/WlanStaInfoRelay( 1907): network available: 161
11-20 07:32:00.617 D/QCNEJ/NativeHalConnector( 1907): -> SND notifyWifiAvailable(v4Connected = truev6Connected = , false, isAndroidValidated = false)
11-20 07:32:00.622 D/QCNEJ/NativeHalConnector( 1907): -> SND notifyWifiAvailable(v4Connected = truev6Connected = , false, isAndroidValidated = false)
11-20 07:32:00.667 D/NetworkMonitor/161( 1186): PROBE_DNS www.google.com 45ms OK 142.250.191.68
11-20 07:32:00.669 W/System  ( 1186): ClassLoader referenced unknown path: /system/framework/tcmclient.jar
11-20 07:32:00.677 D/NetworkMonitor/161( 1186): PROBE_DNS connectivitycheck.gstatic.com 56ms OK 142.250.191.67
11-20 07:32:00.710 D/NetworkMonitor/161( 1186): PROBE_HTTP http://connectivitycheck.gstatic.com/generate_204 time=32ms ret=204 request={Connection=[close], User-Agent=[Mozilla/5.0 (X11; Linux x86_64) AppleWebKit/537.36 (KHTML, like Gecko) Chrome/60.0.3112.32 Safari/537.36]} headers={null=[HTTP/1.1 204 No Content], Connection=[close], Content-Length=[0], Date=[Sat, 20 Nov 2021 15:32:02 GMT], X-Android-Received-Millis=[1637422320709], X-Android-Response-Source=[NETWORK 204], X-Android-Selected-Protocol=[http/1.1], X-Android-Sent-Millis=[1637422320695]}
11-20 07:32:00.789 D/NetworkMonitor/161( 1186): PROBE_HTTPS https://www.google.com/generate_204 time=116ms ret=204 request={Connection=[close], User-Agent=[Mozilla/5.0 (X11; Linux x86_64) AppleWebKit/537.36 (KHTML, like Gecko) Chrome/60.0.3112.32 Safari/537.36]} headers={null=[HTTP/1.1 204 No Content], Alt-Svc=[h3=":443"; ma=2592000,h3-29=":443"; ma=2592000,h3-Q050=":443"; ma=2592000,h3-Q046=":443"; ma=2592000,h3-Q043=":443"; ma=2592000,quic=":443"; ma=2592000; v="46,43"], Connection=[close], Content-Length=[0], Date=[Sat, 20 Nov 2021 15:32:02 GMT], X-Android-Received-Millis=[1637422320786], X-Android-Response-Source=[NETWORK 204], X-Android-Selected-Protocol=[http/1.1], X-Android-Sent-Millis=[1637422320720]}
11-20 07:32:00.791 D/NetworkMonitor/161( 1186): isCaptivePortal: isSuccessful()=true isPortal()=false RedirectUrl=null isPartialConnectivity()=false Time=184ms
11-20 07:32:00.792 D/ConnectivityService( 1186): [161 WIFI] validation passed
11-20 07:32:00.793 D/ConnectivityService( 1186): NetReassign [44 : 101  161, 1191 : 101  161, 11 : 101  161, 63 : 101  161, 17 : 101  161, 25 : 101  161, 1 : 101  161, 1196 : 101  161, 8 : 101  161, 654 : 101  161, 12 : 101  161, 14 : 101  161, 16 : 101  161, 22 : 101  161]
11-20 07:32:00.799 E/NetlinkEvent(  462): NetlinkEvent::FindParam(): Parameter 'INTERFACE' not found
11-20 07:32:00.799 E/NetlinkEvent(  462): NetlinkEvent::FindParam(): Parameter 'STATE' not found
11-20 07:32:00.799 E/NetlinkEvent(  462): NetlinkEvent::FindParam(): Parameter 'TIME_NS' not found
11-20 07:32:00.799 E/NetlinkEvent(  462): NetlinkEvent::FindParam(): Parameter 'UID' not found
11-20 07:32:00.816 D/ConnectivityService( 1186): Switching to new default network: NetworkAgentInfo{ ni{[type: WIFI[], state: CONNECTED/CONNECTED, reason: (unspecified), extra: , failover: false, available: true, roaming: false]}  network{161}  nethandle{694895431693}  lp{{InterfaceName: wlan0 LinkAddresses: [ 192.168.1.41/24 ] DnsAddresses: [ /192.168.1.1 ] Domains: null MTU: 0 ServerAddress: /192.168.1.1 TcpBufferSizes: 524288,1048576,2097152,262144,524288,1048576 Routes: [ fe80::/64 -> :: wlan0 mtu 0,192.168.1.0/24 -> 0.0.0.0 wlan0 mtu 0,0.0.0.0/0 -> 192.168.1.1 wlan0 mtu 0 ]}}  nc{[ Transports: WIFI Capabilities: NOT_METERED&INTERNET&NOT_RESTRICTED&TRUSTED&NOT_VPN&VALIDATED&NOT_ROAMING&FOREGROUND&NOT_CONGESTED&NOT_SUSPENDED LinkUpBandwidth>=61000Kbps LinkDnBandwidth>=61000Kbps SignalStrength: -31 OwnerUid: 1000 SSID: "MTBF_Lab" RequestorUid: -1 RequestorPackageName: null]}  Score{60}  everValidated{true}  lastValidated{true}  created{true} lingering{false} explicitlySelected{false} acceptUnvalidated{false} everCaptivePortalDetected{false} lastCaptivePortalDetected{false} partialConnectivity{false} acceptPartialConnectivity{false} clat{mBaseIface: null, mIface: null, mState: IDLE} }
11-20 07:32:00.937 D/DeviceAuthService(28013): Network connected
11-20 07:32:00.937 D/DeviceAuthService(28013): fetchAuthTokenWrapper called
11-20 07:32:00.939 D/NetworkTimeUpdateService( 1186): New default network 161; checking time.
11-20 07:32:00.941 V/LigerRadioStatsReporter( 2357): onCapabilitiesChanged: Network capabilities changed
11-20 07:32:00.958 D/ConnectivityService( 1186): Lingering [101 CELLULAR] for 30000ms
11-20 07:32:00.959 D/QCNEJ/DefaultNetworkInfoRelay( 1907): Default network available: 161
11-20 07:32:00.959 D/QCNEJ/NativeHalConnector( 1907): -> SND notifyDefaultNetworkChanged(1)
11-20 07:32:00.960 D/ConnectivityService( 1186): Sending DISCONNECTED broadcast for type 0 [101 CELLULAR] isDefaultNetwork=true
11-20 07:32:00.962 D/ConnectivityService( 1186): Sending CONNECTED broadcast for type 1 [161 WIFI] isDefaultNetwork=true
11-20 07:32:00.973 I/GnssNetworkConnectivityHandler( 1186): updateNetworkState, state=CLOSED, connected=true, network=161, capabilities=[ Transports: WIFI Capabilities: NOT_METERED&INTERNET&NOT_RESTRICTED&TRUSTED&NOT_VPN&VALIDATED&NOT_ROAMING&FOREGROUND&NOT_CONGESTED&NOT_SUSPENDED LinkUpBandwidth>=61000Kbps LinkDnBandwidth>=61000Kbps SignalStrength: -31 OwnerUid: 1000 AdministratorUids: [] SSID: "MTBF_Lab" RequestorUid: -1 RequestorPackageName: null], apn: , availableNetworkCount: 2
11-20 07:32:00.973 D/QCNEJ/WlanStaInfoRelay( 1907): AndroidValidate from false to true
11-20 07:32:00.974 V/LigerRadioStatsReporter( 2357): onCapabilitiesChanged: Network capabilities changed
11-20 07:32:00.974 V/LigerRadioStatsReporter( 2357): reportAndCheckpointRadioStats
11-20 07:32:00.975 V/LigerRadioStatsReporter( 2357): +++++++++++ RADIO STATS DUMP +++++++++++
11-20 07:32:00.975 V/LigerRadioStatsReporter( 2357): totalActiveRadioTimeMs=0
11-20 07:32:00.975 V/LigerRadioStatsReporter( 2357): totalTailRadioTimeMs=13993
11-20 07:32:00.975 V/LigerRadioStatsReporter( 2357): totalWakeupCount=0
11-20 07:32:00.975 V/LigerRadioStatsReporter( 2357): httpUpBytes=0
11-20 07:32:00.975 V/LigerRadioStatsReporter( 2357): httpDownBytes=0
11-20 07:32:00.975 V/LigerRadioStatsReporter( 2357): httpWakeupCount=0
11-20 07:32:00.975 V/LigerRadioStatsReporter( 2357): httpRequestCount=0
11-20 07:32:00.975 V/LigerRadioStatsReporter( 2357): httpActiveRadioTimeMs=0
11-20 07:32:00.975 I/chatty  (  527): uid=1021(gps) Loc_hal_worker expire 1 line
11-20 07:32:00.975 V/LigerRadioStatsReporter( 2357): httpTailRadioTimeMs=13993
11-20 07:32:00.976 V/LigerRadioStatsReporter( 2357): reportAndCheckpointRadioStats: Tx=0
11-20 07:32:00.976 V/LigerRadioStatsReporter( 2357): reportAndCheckpointRadioStats: Rx=0
11-20 07:32:00.976 V/LigerRadioStatsReporter( 2357): reportAndCheckpointRadioStats: Uids=10027
11-20 07:32:00.976 V/LigerRadioStatsReporter( 2357): reportAndCheckpointRadioStats: Tags=null
11-20 07:32:00.983 D/QCNEJ/WlanStaInfoRelay( 1907): retrieveCountryCode:Location obtained from Telephony: us
11-20 07:32:00.985 E/QMI_FW  (  915): qmi_cci_get_ref: ref count increased 2
11-20 07:32:00.991 D/ConnectivityService( 1186): Setting DNS servers for network 161 to [/192.168.1.1]
11-20 07:32:00.992 D/DnsManager( 1186): sendDnsConfigurationForNetwork(161, [192.168.1.1], [], 1800, 25, 8, 64, 0, 0, , [192.168.1.1])
11-20 07:32:00.987 E/QMI_FW  (  915): qmi_cci_get_ref: ref count increased 2
11-20 07:32:00.997 D/DeviceAuthService(28013): isOculusAddressResolvable returned true
11-20 07:32:00.998 D/DeviceAuthenticator(28013): Fetching new credentials asynchronously
11-20 07:32:01.002 E/QMI_FW  (  915): qmi_cci_get_ref: ref count increased 2
11-20 07:32:01.003 D/DeviceAuthenticator(28013): Calling DeviceAuth.authenticate()
11-20 07:32:01.005 E/DeviceCertService(  545): This device *might* have a provisioning issue. Please run `maui provision check` to verify.
11-20 07:32:01.005 E/DeviceCertService(  545): See https://fburl.com/wiki/a9hho0p9 for more information.
11-20 07:32:01.005 E/DeviceCertService(  545): Could not access certificate file '/mnt/vendor/persist/certificates/device_identityinsecure.crt', error 2: No such file or directory
11-20 07:32:01.005 E/QMI_FW  (  915): qmi_cci_get_ref: ref count increased 2
11-20 07:32:01.006 E/DeviceAuthenticator(28013): ERROR: java.lang.RuntimeException: devicecert returned error FILESYSTEM_ERROR
11-20 07:32:01.006 E/DeviceAuthenticator(28013): 
11-20 07:32:01.006 E/DeviceAuthenticator(28013): com.facebook.mos.sdk.devicecert.DeviceIdentityException: java.lang.RuntimeException: devicecert returned error FILESYSTEM_ERROR
11-20 07:32:01.006 E/DeviceAuthenticator(28013): 
11-20 07:32:01.011 W/resolv  (  462): Validating DnsTlsServer on netId 161
11-20 07:32:01.014 E/QMI_FW  ( 1042): qmi_cci_get_ref: ref count increased 2
11-20 07:32:01.017 E/QMI_FW  ( 1042): qmi_cci_get_ref: ref count increased 2
11-20 07:32:01.024 W/resolv  (  462): SSL_connect ssl error =5, mark 0xf00a1: Connection refused
11-20 07:32:01.024 W/resolv  (  462): Validation failed
11-20 07:32:01.025 D/WifiConnector( 2870): Configured Networks Changed
11-20 07:32:01.032 I/WifiClientModeImpl( 1186): Default Gateway MAC address of 6c:cd:d6:25:63:2a from routes is : 6c:cd:d6:25:63:2a
11-20 07:32:01.034 E/QMI_FW  ( 1042): qmi_cci_get_ref: ref count increased 2
11-20 07:32:01.038 E/QMI_FW  ( 1042): qmi_cci_get_ref: ref count increased 2
11-20 07:32:01.046 E/QMI_FW  ( 1042): qmi_cci_get_ref: ref count increased 2
11-20 07:32:01.059 D/WifiMemoryStoreImpl( 1186): Set cluster Ga6eb8feabe7908d4 for W958a1754935a727: SUCCESS
11-20 07:32:01.063 E/QMI_FW  ( 1042): qmi_cci_get_ref: ref count increased 2
11-20 07:32:01.067 E/QMI_FW  ( 1042): qmi_cci_get_ref: ref count increased 2
11-20 07:32:01.068 D/PhoneInterfaceManager( 1984): setModemActivityInfo
11-20 07:32:01.069 D/FbSideCarManager( 1984): setModemActivityInfo
11-20 07:32:01.069 D/FbSideCarManager( 1984): setModemActivityInfo
11-20 07:32:01.069 D/WirelessInsightServiceImpl( 1984): setModemActivityInfo
11-20 07:32:01.069 D/FbSideCarManager( 1984): setModemActivityInfoInternal success
11-20 07:32:01.069 D/PhoneInterfaceManager( 1984): setModemActivityInfo: success.
11-20 07:32:01.069 D/WirelessInsightServiceImpl( 1984): notifyListeners: listeners = 0, modemActivityInfo = ModemActivityInfo{ mTimestamp=56608764 mSleepTimeMs=35268149 mIdleTimeMs=307845 mTransmitPowerInfo[]=[TransmitPower{ mTimeInMillis=27 mPowerRangeInDbm={-2147483648,0}}, TransmitPower{ mTimeInMillis=773570 mPowerRangeInDbm={0,5}}, TransmitPower{ mTimeInMillis=6679 mPowerRangeInDbm={5,15}}, TransmitPower{ mTimeInMillis=36535 mPowerRangeInDbm={15,20}}, TransmitPower{ mTimeInMillis=494957 mPowerRangeInDbm={20,2147483647}}] mRxTimeMs=19685989}
11-20 07:32:01.075 E/QMI_FW  ( 1042): qmi_cci_get_ref: ref count increased 2
11-20 07:32:01.084 I/chatty  ( 1042): uid=1001(radio) DedicatedThread identical 4 lines
11-20 07:32:01.086 E/QMI_FW  ( 1042): qmi_cci_get_ref: ref count increased 2
11-20 07:32:01.090 E/QMI_FW  ( 1042): qmi_cci_get_ref: ref count increased 2
11-20 07:32:01.095 E/QMI_FW  ( 1042): qmi_cci_get_ref: ref count increased 2
11-20 07:32:01.106 I/chatty  ( 1042): uid=1001(radio) main identical 5 lines
11-20 07:32:01.107 E/QMI_FW  ( 1042): qmi_cci_get_ref: ref count increased 2
11-20 07:32:01.110 D/WifiConfigStore( 1186): Writing to stores completed in 69 ms.
11-20 07:32:01.110 E/QMI_FW  ( 1042): qmi_cci_get_ref: ref count increased 2
11-20 07:32:01.119 E/WifiClientModeImpl( 1186): getScanResults scanRes.BSSID = 12:d7:96:61:85:9f
11-20 07:32:01.119 E/WifiClientModeImpl( 1186): getScanResults scanRes.BSSID = 5e:6e:be:46:77:d7
11-20 07:32:01.119 E/WifiClientModeImpl( 1186): getScanResults scanRes.BSSID = 2c:57:41:86:6c:01
11-20 07:32:01.119 E/WifiClientModeImpl( 1186): getScanResults scanRes.BSSID = fe:2d:5a:49:61:eb
11-20 07:32:01.119 E/WifiClientModeImpl( 1186): getScanResults scanRes.BSSID = c6:82:9b:4e:b3:9e
11-20 07:32:01.119 E/WifiClientModeImpl( 1186): getScanResults scanRes.BSSID = be:9e:0e:1c:6e:7f
11-20 07:32:01.119 E/WifiClientModeImpl( 1186): getScanResults scanRes.BSSID = 6c:cd:d6:25:63:2a
11-20 07:32:01.119 I/WifiClientModeImpl( 1186): Current network: "MTBF_Lab"WPA_PSK
11-20 07:32:01.121 I/SupplicantStaIfaceHal( 1186): cleared linked networks
11-20 07:32:01.145 D/AppStorageManager( 1186): BEFORE:: Previous Size: 1029320704 Current Size: 1029459968
11-20 07:32:01.145 D/AppStorageManager( 1186): AFTER:: Previous Size: 1029459968 Current Size: 1029459968
11-20 07:32:01.239 I/Nat464Xlat( 1186): Android Xlat is disabled
11-20 07:32:01.241 D/QCNEJ/WlanStaInfoRelay( 1907): Received action: android.net.wifi.LINK_CONFIGURATION_CHANGED
11-20 07:32:01.241 E/QCNEJ/WlanStaInfoRelay( 1907): update link properties given null lp
11-20 07:32:01.295 D/QCNEJ/NativeHalConnector( 1907): -> SND notifyWifiAvailable(v4Connected = truev6Connected = , false, isAndroidValidated = true)
11-20 07:32:02.090 W/HWComposer(  598): Ignoring duplicate VSYNC event from HWC for display 0 (t=56609815918039)
11-20 07:32:02.999 D/WearableConnectivityManager(11143): onWifiStrengthChange: -33
11-20 07:32:03.000 D/QCNEJ/WlanStaInfoRelay( 1907): Received action: android.net.wifi.RSSI_CHANGED
11-20 07:32:03.006 V/LigerRadioStatsReporter( 2357): onCapabilitiesChanged: Network capabilities changed
11-20 07:32:03.007 V/LigerRadioStatsReporter( 2357): reportAndCheckpointRadioStats
11-20 07:32:03.007 V/LigerRadioStatsReporter( 2357): +++++++++++ RADIO STATS DUMP +++++++++++
11-20 07:32:03.008 V/LigerRadioStatsReporter( 2357): totalActiveRadioTimeMs=0
11-20 07:32:03.008 V/LigerRadioStatsReporter( 2357): totalTailRadioTimeMs=13993
11-20 07:32:03.008 V/LigerRadioStatsReporter( 2357): totalWakeupCount=0
11-20 07:32:03.008 V/LigerRadioStatsReporter( 2357): httpUpBytes=0
11-20 07:32:03.008 V/LigerRadioStatsReporter( 2357): httpDownBytes=0
11-20 07:32:03.008 V/LigerRadioStatsReporter( 2357): httpWakeupCount=0
11-20 07:32:03.008 V/LigerRadioStatsReporter( 2357): httpRequestCount=0
11-20 07:32:03.008 V/LigerRadioStatsReporter( 2357): httpActiveRadioTimeMs=0
11-20 07:32:03.008 V/LigerRadioStatsReporter( 2357): httpTailRadioTimeMs=13993
11-20 07:32:03.008 V/LigerRadioStatsReporter( 2357): reportAndCheckpointRadioStats: Tx=0
11-20 07:32:03.008 V/LigerRadioStatsReporter( 2357): reportAndCheckpointRadioStats: Rx=0
11-20 07:32:03.008 V/LigerRadioStatsReporter( 2357): reportAndCheckpointRadioStats: Uids=10027
11-20 07:32:03.008 V/LigerRadioStatsReporter( 2357): reportAndCheckpointRadioStats: Tags=null
11-20 07:32:01.239 I/Nat464Xlat( 1186): Android Xlat is disabled
11-20 07:32:03.813 D/commandrouter( 1006): rtc_sync (1, rtc:sync): <ServiceRequest> FORWARDED (remote -> local) service client ID = 0, token ID = 38424
11-20 07:32:03.814 D/vendor.facebook.rtc_sync@1.0-service( 1145): Request req_ts=1637393523806860553 resp_ts=1637393523814090757
11-20 07:32:03.814 D/commandrouter( 1006): SocServiceHandle::onServiceMessage, SoC Service = rtc_sync, appType = 1, type = SVC_RESP, clientId = 0, token = 38424, payloadLen = 8, result = 0, payload.size() = 8
11-20 07:32:06.652 E/QMI_FW  ( 1042): qmi_cci_get_ref: ref count increased 2
11-20 07:32:06.652 E/QMI_FW  ( 1042): qmi_cci_get_ref: ref count increased 2
11-20 07:32:06.653 E/QMI_FW  ( 1042): qmi_cci_get_ref: ref count increased 2
11-20 07:32:09.097 D/mcu_health_checker(  934): Sent MCU Health Request
11-20 07:32:09.097 D/commandrouter( 1006): SocServiceHandle::onServiceMessage, SoC Service = mcu_healthcheck_934, appType = 1, type = SVC_REQ, clientId = 0, token = 942, payloadLen = 20, result = 0, payload.size() = 20
11-20 07:32:09.102 D/commandrouter( 1006): mcu_healthcheck_934 (1, merlot:mcu_health:control): <ServiceResponse> FORWARDED (remote -> local) CR token ID = 942, service client ID = 5, token ID = 32300, result = 0
11-20 07:32:09.102 D/mcu_health_checker(  934): MCU Health Response: MCU_OK
11-20 07:32:09.102 D/mcu_health_checker(  934): MCU Session 0, uptime = 56577942 ms
11-20 07:32:09.102 D/mcu_health_checker(  934): mSensorErrs[0]: 0
11-20 07:32:09.102 D/mcu_health_checker(  934): mSensorErrs[1]: 0
11-20 07:32:09.102 D/mcu_health_checker(  934): mSensorErrs[2]: 0
11-20 07:32:13.807 D/commandrouter( 1006): rtc_sync (1, rtc:sync): <ServiceRequest> FORWARDED (remote -> local) service client ID = 0, token ID = 38425
11-20 07:32:13.807 D/vendor.facebook.rtc_sync@1.0-service( 1145): Request req_ts=1637393533805090757 resp_ts=1637393533807700233
