--------- beginning of system
11-20 07:16:43.860 D/commandrouter( 1006): rtc_sync (1, rtc:sync): <ServiceRequest> FORWARDED (remote -> local) service client ID = 0, token ID = 38332
11-20 07:16:43.860 D/commandrouter( 1006): SocServiceHandle::onServiceMessage, SoC Service = rtc_sync, appType = 1, type = SVC_RESP, clientId = 0, token = 38332, payloadLen = 8, result = 0, payload.size() = 8
11-20 07:16:45.265 D/commandrouter( 1006): SocServiceHandle::onServiceMessage, SoC Service = mcu_healthcheck_1029, appType = 1, type = SVC_REQ, clientId = 0, token = 1854, payloadLen = 12, result = 0, payload.size() = 12
11-20 07:16:45.269 D/commandrouter( 1006): mcu_healthcheck_1029 (1, merlot:mcu_health:control): <ServiceResponse> FORWARDED (remote -> local) CR token ID = 1854, service client ID = 40, token ID = 32253, result = 0
11-20 07:16:45.269 D/mculinkhealth( 1029): isMcuReachable 1 (4 ms)
11-20 07:16:45.629 I/chatty  ( 1186): uid=1000(system) android.ui expire 12 lines
11-20 07:16:53.155 I/chatty  ( 1186): uid=1000(system) Binder:1186_16 expire 7 lines
11-20 07:16:53.286 I/chatty  ( 1186): uid=1000(system) Binder:1186_8 expire 3 lines
11-20 07:16:53.860 I/chatty  ( 1006): uid=1000(system) /vendor/bin/commandrouter expire 11 lines
11-20 07:16:53.861 I/chatty  ( 1006): uid=1000(system) HwBinder:1006_2 expire 12 lines
11-20 07:16:57.412 I/chatty  ( 1186): uid=1000(system) LazyTaskWriterT expire 10 lines
11-20 07:16:59.658 I/chatty  ( 1186): uid=1000(system) DeviceStorageMo expire 10 lines
11-20 07:17:00.189 I/chatty  ( 1186): uid=1000(system) Binder:1186_1B expire 11 lines
11-20 07:17:06.629 I/chatty  ( 1186): uid=1000(system) android.display expire 10 lines
11-20 07:17:07.621 I/chatty  ( 1186): uid=1000(system) WifiP2pService expire 10 lines
11-20 07:17:07.622 I/chatty  ( 1186): uid=1000(system) ActivityManager expire 10 lines
11-20 07:17:09.014 I/chatty  ( 1006): uid=1000(system) HwBinder:1006_1 expire 8 lines
11-20 07:17:09.665 I/chatty  ( 1186): uid=1000(system) WifiHandlerThre expire 10 lines
11-20 07:17:09.894 W/wificond(  911): Scan is not started. Ignore abort request
11-20 07:17:10.627 I/chatty  ( 1186): uid=1000(system) ConnectivitySer expire 35 lines
11-20 07:17:12.322 E/NetlinkEvent(  462): NetlinkEvent::FindParam(): Parameter 'INTERFACE' not found
11-20 07:17:12.322 E/NetlinkEvent(  462): NetlinkEvent::FindParam(): Parameter 'STATE' not found
11-20 07:17:12.322 E/NetlinkEvent(  462): NetlinkEvent::FindParam(): Parameter 'TIME_NS' not found
11-20 07:17:12.322 E/NetlinkEvent(  462): NetlinkEvent::FindParam(): Parameter 'UID' not found
11-20 07:17:12.990 I/chatty  ( 1186): uid=1000 system_server expire 3 lines
11-20 07:17:12.991 I/chatty  ( 1186): uid=1000(system) ActivityManager expire 7 lines
11-20 07:17:15.270 I/chatty  ( 1006): uid=1000(system) HwBinder:1006_F expire 11 lines
11-20 07:17:15.275 D/mculinkhealth( 1029): isMcuReachable 1 (5 ms)
11-20 07:17:19.871 I/chatty  ( 1186): uid=1000(system) android.ui expire 12 lines
11-20 07:17:27.184 I/chatty  ( 1186): uid=1000(system) Binder:1186_18 expire 4 lines
11-20 07:17:42.497 I/chatty  ( 1186): uid=1000 system_server expire 1 line
11-20 07:17:45.279 D/mculinkhealth( 1029): isMcuReachable 1 (3 ms)
11-20 07:17:57.313 I/chatty  ( 1186): uid=1000(system) Binder:1186_1A expire 10 lines
11-20 07:18:05.857 I/chatty  ( 1186): uid=1000(system) ConnectivitySer expire 15 lines
11-20 07:18:06.476 E/NetlinkEvent(  462): NetlinkEvent::FindParam(): Parameter 'INTERFACE' not found
11-20 07:18:06.476 E/NetlinkEvent(  462): NetlinkEvent::FindParam(): Parameter 'STATE' not found
11-20 07:18:06.478 E/NetlinkEvent(  462): NetlinkEvent::FindParam(): Parameter 'TIME_NS' not found
11-20 07:18:06.478 E/NetlinkEvent(  462): NetlinkEvent::FindParam(): Parameter 'UID' not found
11-20 07:18:06.576 I/chatty  ( 1186): uid=1000(system) android.fg expire 2 lines
11-20 07:18:09.023 I/chatty  ( 1006): uid=1000(system) /vendor/bin/commandrouter expire 11 lines
11-20 07:18:10.293 I/chatty  ( 1186): uid=1000(system) android.ui expire 12 lines
11-20 07:18:15.285 D/mculinkhealth( 1029): isMcuReachable 1 (4 ms)
11-20 07:18:17.167 I/chatty  ( 1186): uid=1000(system) Binder:1186_3 expire 12 lines
11-20 07:18:24.591 W/wificond(  911): Scan is not started. Ignore abort request
11-20 07:18:25.380 I/chatty  ( 1186): uid=1000(system) ConnectivitySer expire 25 lines
11-20 07:18:26.015 E/NetlinkEvent(  462): NetlinkEvent::FindParam(): Parameter 'INTERFACE' not found
11-20 07:18:26.015 E/NetlinkEvent(  462): NetlinkEvent::FindParam(): Parameter 'STATE' not found
11-20 07:18:26.015 E/NetlinkEvent(  462): NetlinkEvent::FindParam(): Parameter 'TIME_NS' not found
11-20 07:18:26.015 E/NetlinkEvent(  462): NetlinkEvent::FindParam(): Parameter 'UID' not found
11-20 07:18:32.799 I/chatty  ( 1186): uid=1000(system) batterystats-wo expire 2 lines
11-20 07:18:45.291 D/mculinkhealth( 1029): isMcuReachable 1 (4 ms)
11-20 07:18:47.192 I/chatty  ( 1186): uid=1000(system) Binder:1186_1D expire 4 lines
11-20 07:18:53.831 I/chatty  ( 1006): uid=1000(system) HwBinder:1006_2 expire 11 lines
11-20 07:18:55.445 I/chatty  ( 1186): uid=1000(system) ConnectivitySer expire 17 lines
11-20 07:18:55.532 E/NetlinkEvent(  462): NetlinkEvent::FindParam(): Parameter 'INTERFACE' not found
11-20 07:18:55.532 E/NetlinkEvent(  462): NetlinkEvent::FindParam(): Parameter 'STATE' not found
11-20 07:18:55.532 E/NetlinkEvent(  462): NetlinkEvent::FindParam(): Parameter 'TIME_NS' not found
11-20 07:18:55.532 E/NetlinkEvent(  462): NetlinkEvent::FindParam(): Parameter 'UID' not found
11-20 07:18:55.895 I/chatty  ( 1186): uid=1000 system_server expire 1 line
11-20 07:18:59.847 I/chatty  ( 1186): uid=1000(system) android.ui expire 20 lines
11-20 07:19:07.167 I/chatty  ( 1186): uid=1000(system) Binder:1186_D expire 12 lines
11-20 07:19:14.423 W/wificond(  911): Scan is not started. Ignore abort request
11-20 07:19:15.295 I/chatty  ( 1006): uid=1000(system) /vendor/bin/commandrouter expire 12 lines
11-20 07:19:15.295 D/mculinkhealth( 1029): isMcuReachable 1 (4 ms)
11-20 07:19:15.341 I/chatty  ( 1186): uid=1000(system) ConnectivitySer expire 26 lines
11-20 07:19:15.739 E/NetlinkEvent(  462): NetlinkEvent::FindParam(): Parameter 'INTERFACE' not found
11-20 07:19:15.739 E/NetlinkEvent(  462): NetlinkEvent::FindParam(): Parameter 'STATE' not found
11-20 07:19:15.739 E/NetlinkEvent(  462): NetlinkEvent::FindParam(): Parameter 'TIME_NS' not found
11-20 07:19:15.739 E/NetlinkEvent(  462): NetlinkEvent::FindParam(): Parameter 'UID' not found
11-20 07:19:40.384 I/chatty  ( 1186): uid=1000(system) LazyTaskWriterT expire 12 lines
11-20 07:19:45.301 D/mculinkhealth( 1029): isMcuReachable 1 (5 ms)
11-20 07:19:45.731 I/chatty  ( 1186): uid=1000(system) ConnectivitySer expire 41 lines
11-20 07:19:46.455 E/NetlinkEvent(  462): NetlinkEvent::FindParam(): Parameter 'INTERFACE' not found
11-20 07:19:46.455 E/NetlinkEvent(  462): NetlinkEvent::FindParam(): Parameter 'STATE' not found
11-20 07:19:46.455 E/NetlinkEvent(  462): NetlinkEvent::FindParam(): Parameter 'TIME_NS' not found
11-20 07:19:46.455 E/NetlinkEvent(  462): NetlinkEvent::FindParam(): Parameter 'UID' not found
11-20 07:19:47.000 E/ActivityThread(15629): Service com.facebook.wearable.system.wifimetricsupload.WifiMetricsUploadService has leaked ServiceConnection com.facebook.wearable.sdk.mosanalyticsproxy.WearableAnalyticsProxy$AnalyticsServiceConnection@1123e9f that was originally bound here
11-20 07:19:47.000 E/ActivityThread(15629): android.app.ServiceConnectionLeaked: Service com.facebook.wearable.system.wifimetricsupload.WifiMetricsUploadService has leaked ServiceConnection com.facebook.wearable.sdk.mosanalyticsproxy.WearableAnalyticsProxy$AnalyticsServiceConnection@1123e9f that was originally bound here
11-20 07:19:47.000 E/ActivityThread(15629): 	at android.app.LoadedApk$ServiceDispatcher.<init>(LoadedApk.java:1834)
11-20 07:19:47.000 E/ActivityThread(15629): 	at android.app.LoadedApk.getServiceDispatcherCommon(LoadedApk.java:1706)
11-20 07:19:47.000 E/ActivityThread(15629): 	at android.app.LoadedApk.getServiceDispatcher(LoadedApk.java:1685)
11-20 07:19:47.000 E/ActivityThread(15629): 	at android.app.ContextImpl.bindServiceCommon(ContextImpl.java:1819)
11-20 07:19:47.000 E/ActivityThread(15629): 	at android.app.ContextImpl.bindService(ContextImpl.java:1749)
11-20 07:19:47.000 E/ActivityThread(15629): 	at android.content.ContextWrapper.bindService(ContextWrapper.java:756)
11-20 07:19:47.000 E/ActivityThread(15629): 	at com.facebook.wearable.sdk.mosanalyticsproxy.WearableAnalyticsProxy.log(WearableAnalyticsProxy.java:146)
11-20 07:19:47.000 E/ActivityThread(15629): 	at com.facebook.wearable.sdk.mosanalyticsproxy.WearableAnalyticsProxy$1.run(WearableAnalyticsProxy.java:64)
11-20 07:19:47.000 E/ActivityThread(15629): 	at java.util.concurrent.ThreadPoolExecutor.runWorker(ThreadPoolExecutor.java:1167)
11-20 07:19:47.000 E/ActivityThread(15629): 	at java.util.concurrent.ThreadPoolExecutor$Worker.run(ThreadPoolExecutor.java:641)
11-20 07:19:47.000 E/ActivityThread(15629): 	at java.lang.Thread.run(Thread.java:923)
11-20 07:19:47.002 E/ActivityThread(15629): Service com.facebook.wearable.system.wifimetricsupload.WifiMetricsUploadService has leaked ServiceConnection com.facebook.wearable.sdk.mosanalyticsproxy.WearableAnalyticsProxy$AnalyticsServiceConnection@1d34bec that was originally bound here
11-20 07:19:47.002 E/ActivityThread(15629): android.app.ServiceConnectionLeaked: Service com.facebook.wearable.system.wifimetricsupload.WifiMetricsUploadService has leaked ServiceConnection com.facebook.wearable.sdk.mosanalyticsproxy.WearableAnalyticsProxy$AnalyticsServiceConnection@1d34bec that was originally bound here
11-20 07:19:47.002 E/ActivityThread(15629): 	at android.app.LoadedApk$ServiceDispatcher.<init>(LoadedApk.java:1834)
11-20 07:19:47.002 E/ActivityThread(15629): 	at android.app.LoadedApk.getServiceDispatcherCommon(LoadedApk.java:1706)
11-20 07:19:47.002 E/ActivityThread(15629): 	at android.app.LoadedApk.getServiceDispatcher(LoadedApk.java:1685)
11-20 07:19:47.002 E/ActivityThread(15629): 	at android.app.ContextImpl.bindServiceCommon(ContextImpl.java:1819)
11-20 07:19:47.002 E/ActivityThread(15629): 	at android.app.ContextImpl.bindService(ContextImpl.java:1749)
11-20 07:19:47.002 E/ActivityThread(15629): 	at android.content.ContextWrapper.bindService(ContextWrapper.java:756)
11-20 07:19:47.002 E/ActivityThread(15629): 	at com.facebook.wearable.sdk.mosanalyticsproxy.WearableAnalyticsProxy.log(WearableAnalyticsProxy.java:146)
11-20 07:19:47.002 E/ActivityThread(15629): 	at com.facebook.wearable.sdk.mosanalyticsproxy.WearableAnalyticsProxy$1.run(WearableAnalyticsProxy.java:64)
11-20 07:19:47.002 E/ActivityThread(15629): 	at java.util.concurrent.ThreadPoolExecutor.runWorker(ThreadPoolExecutor.java:1167)
11-20 07:19:47.002 E/ActivityThread(15629): 	at java.util.concurrent.ThreadPoolExecutor$Worker.run(ThreadPoolExecutor.java:641)
11-20 07:19:47.002 E/ActivityThread(15629): 	at java.lang.Thread.run(Thread.java:923)
11-20 07:19:47.005 E/ActivityThread(15629): Service com.facebook.wearable.system.wifimetricsupload.WifiMetricsUploadService has leaked ServiceConnection com.facebook.wearable.sdk.mosanalyticsproxy.WearableAnalyticsProxy$AnalyticsServiceConnection@28a324a that was originally bound here
11-20 07:19:47.005 E/ActivityThread(15629): android.app.ServiceConnectionLeaked: Service com.facebook.wearable.system.wifimetricsupload.WifiMetricsUploadService has leaked ServiceConnection com.facebook.wearable.sdk.mosanalyticsproxy.WearableAnalyticsProxy$AnalyticsServiceConnection@28a324a that was originally bound here
11-20 07:19:47.005 E/ActivityThread(15629): 	at android.app.LoadedApk$ServiceDispatcher.<init>(LoadedApk.java:1834)
11-20 07:19:47.005 E/ActivityThread(15629): 	at android.app.LoadedApk.getServiceDispatcherCommon(LoadedApk.java:1706)
11-20 07:19:47.005 E/ActivityThread(15629): 	at android.app.LoadedApk.getServiceDispatcher(LoadedApk.java:1685)
11-20 07:19:47.005 E/ActivityThread(15629): 	at android.app.ContextImpl.bindServiceCommon(ContextImpl.java:1819)
11-20 07:19:47.005 E/ActivityThread(15629): 	at android.app.ContextImpl.bindService(ContextImpl.java:1749)
11-20 07:19:47.005 E/ActivityThread(15629): 	at android.content.ContextWrapper.bindService(ContextWrapper.java:756)
11-20 07:19:47.005 E/ActivityThread(15629): 	at com.facebook.wearable.sdk.mosanalyticsproxy.WearableAnalyticsProxy.log(WearableAnalyticsProxy.java:146)
11-20 07:19:47.005 E/ActivityThread(15629): 	at com.facebook.wearable.sdk.mosanalyticsproxy.WearableAnalyticsProxy$1.run(WearableAnalyticsProxy.java:64)
11-20 07:19:47.005 E/ActivityThread(15629): 	at java.util.concurrent.ThreadPoolExecutor.runWorker(ThreadPoolExecutor.java:1167)
11-20 07:19:47.005 E/ActivityThread(15629): 	at java.util.concurrent.ThreadPoolExecutor$Worker.run(ThreadPoolExecutor.java:641)
11-20 07:19:47.005 E/ActivityThread(15629): 	at java.lang.Thread.run(Thread.java:923)
11-20 07:19:47.008 E/ActivityThread(15629): Service com.facebook.wearable.system.wifimetricsupload.WifiMetricsUploadService has leaked ServiceConnection com.facebook.wearable.sdk.mosanalyticsproxy.WearableAnalyticsProxy$AnalyticsServiceConnection@ca16bb5 that was originally bound here
11-20 07:19:47.008 E/ActivityThread(15629): android.app.ServiceConnectionLeaked: Service com.facebook.wearable.system.wifimetricsupload.WifiMetricsUploadService has leaked ServiceConnection com.facebook.wearable.sdk.mosanalyticsproxy.WearableAnalyticsProxy$AnalyticsServiceConnection@ca16bb5 that was originally bound here
11-20 07:19:47.008 E/ActivityThread(15629): 	at android.app.LoadedApk$ServiceDispatcher.<init>(LoadedApk.java:1834)
11-20 07:19:47.008 E/ActivityThread(15629): 	at android.app.LoadedApk.getServiceDispatcherCommon(LoadedApk.java:1706)
11-20 07:19:47.008 E/ActivityThread(15629): 	at android.app.LoadedApk.getServiceDispatcher(LoadedApk.java:1685)
11-20 07:19:47.008 E/ActivityThread(15629): 	at android.app.ContextImpl.bindServiceCommon(ContextImpl.java:1819)
11-20 07:19:47.008 E/ActivityThread(15629): 	at android.app.ContextImpl.bindService(ContextImpl.java:1749)
11-20 07:19:47.008 E/ActivityThread(15629): 	at android.content.ContextWrapper.bindService(ContextWrapper.java:756)
11-20 07:19:47.008 E/ActivityThread(15629): 	at com.facebook.wearable.sdk.mosanalyticsproxy.WearableAnalyticsProxy.log(WearableAnalyticsProxy.java:146)
11-20 07:19:47.008 E/ActivityThread(15629): 	at com.facebook.wearable.sdk.mosanalyticsproxy.WearableAnalyticsProxy$1.run(WearableAnalyticsProxy.java:64)
11-20 07:19:47.008 E/ActivityThread(15629): 	at java.util.concurrent.ThreadPoolExecutor.runWorker(ThreadPoolExecutor.java:1167)
11-20 07:19:47.008 E/ActivityThread(15629): 	at java.util.concurrent.ThreadPoolExecutor$Worker.run(ThreadPoolExecutor.java:641)
11-20 07:19:47.008 E/ActivityThread(15629): 	at java.lang.Thread.run(Thread.java:923)
11-20 07:19:58.171 I/chatty  ( 1186): uid=1000(system) Binder:1186_E expire 4 lines
11-20 07:20:00.997 I/chatty  ( 1186): uid=1000 system_server expire 1 line
11-20 07:20:05.568 W/wificond(  911): Scan is not started. Ignore abort request
11-20 07:20:06.687 E/NetlinkEvent(  462): NetlinkEvent::FindParam(): Parameter 'INTERFACE' not found
11-20 07:20:06.687 E/NetlinkEvent(  462): NetlinkEvent::FindParam(): Parameter 'STATE' not found
11-20 07:20:06.687 E/NetlinkEvent(  462): NetlinkEvent::FindParam(): Parameter 'TIME_NS' not found
11-20 07:20:06.688 E/NetlinkEvent(  462): NetlinkEvent::FindParam(): Parameter 'UID' not found
11-20 07:20:15.306 D/mculinkhealth( 1029): isMcuReachable 1 (3 ms)
11-20 07:20:25.794 I/chatty  ( 1186): uid=1000(system) android.ui expire 12 lines
11-20 07:20:29.156 I/chatty  ( 1186): uid=1000(system) Binder:1186_B expire 13 lines
11-20 07:20:36.684 I/chatty  ( 1186): uid=1000(system) ConnectivitySer expire 22 lines
11-20 07:20:37.522 E/NetlinkEvent(  462): NetlinkEvent::FindParam(): Parameter 'INTERFACE' not found
11-20 07:20:37.522 E/NetlinkEvent(  462): NetlinkEvent::FindParam(): Parameter 'STATE' not found
11-20 07:20:37.522 E/NetlinkEvent(  462): NetlinkEvent::FindParam(): Parameter 'TIME_NS' not found
11-20 07:20:37.522 E/NetlinkEvent(  462): NetlinkEvent::FindParam(): Parameter 'UID' not found
11-20 07:20:43.855 I/chatty  ( 1006): uid=1000(system) /vendor/bin/commandrouter expire 15 lines
11-20 07:20:43.856 I/chatty  ( 1006): uid=1000(system) HwBinder:1006_2 expire 10 lines
11-20 07:20:45.311 D/mculinkhealth( 1029): isMcuReachable 1 (4 ms)
11-20 07:20:49.169 I/chatty  ( 1186): uid=1000(system) Binder:1186_1C expire 12 lines
11-20 07:20:57.191 W/wificond(  911): Scan is not started. Ignore abort request
11-20 07:20:58.169 I/chatty  ( 1186): uid=1000(system) ConnectivitySer expire 19 lines
11-20 07:20:58.528 E/NetlinkEvent(  462): NetlinkEvent::FindParam(): Parameter 'INTERFACE' not found
11-20 07:20:58.528 E/NetlinkEvent(  462): NetlinkEvent::FindParam(): Parameter 'STATE' not found
11-20 07:20:58.528 E/NetlinkEvent(  462): NetlinkEvent::FindParam(): Parameter 'TIME_NS' not found
11-20 07:20:58.528 E/NetlinkEvent(  462): NetlinkEvent::FindParam(): Parameter 'UID' not found
11-20 07:21:15.321 D/mculinkhealth( 1029): isMcuReachable 1 (9 ms)
11-20 07:21:17.417 I/chatty  ( 1186): uid=1000(system) android.ui expire 12 lines
11-20 07:21:26.920 I/chatty  ( 1186): uid=1000 system_server expire 1 line
11-20 07:21:28.411 I/chatty  ( 1186): uid=1000(system) ConnectivitySer expire 33 lines
11-20 07:21:28.564 E/NetlinkEvent(  462): NetlinkEvent::FindParam(): Parameter 'INTERFACE' not found
11-20 07:21:28.564 E/NetlinkEvent(  462): NetlinkEvent::FindParam(): Parameter 'STATE' not found
11-20 07:21:28.564 E/NetlinkEvent(  462): NetlinkEvent::FindParam(): Parameter 'TIME_NS' not found
11-20 07:21:28.564 E/NetlinkEvent(  462): NetlinkEvent::FindParam(): Parameter 'UID' not found
11-20 07:21:45.327 D/mculinkhealth( 1029): isMcuReachable 1 (4 ms)
11-20 07:21:46.498 I/chatty  ( 1186): uid=1000(system) android.display expire 10 lines
11-20 07:21:47.492 I/chatty  ( 1186): uid=1000(system) WifiP2pService expire 10 lines
11-20 07:21:47.495 W/wificond(  911): Scan is not started. Ignore abort request
11-20 07:21:48.803 E/NetlinkEvent(  462): NetlinkEvent::FindParam(): Parameter 'INTERFACE' not found
11-20 07:21:48.803 E/NetlinkEvent(  462): NetlinkEvent::FindParam(): Parameter 'STATE' not found
11-20 07:21:48.803 E/NetlinkEvent(  462): NetlinkEvent::FindParam(): Parameter 'TIME_NS' not found
11-20 07:21:48.803 E/NetlinkEvent(  462): NetlinkEvent::FindParam(): Parameter 'UID' not found
11-20 07:21:48.818 I/chatty  ( 1186): uid=1000(system) ConnectivitySer expire 15 lines
11-20 07:22:00.204 I/chatty  ( 1186): uid=1000(system) DeviceStorageMo expire 10 lines
11-20 07:22:07.775 I/chatty  ( 1186): uid=1000(system) android.ui expire 12 lines
11-20 07:22:15.331 I/chatty  ( 1006): uid=1000(system) /vendor/bin/commandrouter expire 12 lines
11-20 07:22:15.331 D/mculinkhealth( 1029): isMcuReachable 1 (4 ms)
11-20 07:22:19.566 E/NetlinkEvent(  462): NetlinkEvent::FindParam(): Parameter 'INTERFACE' not found
11-20 07:22:19.566 E/NetlinkEvent(  462): NetlinkEvent::FindParam(): Parameter 'STATE' not found
11-20 07:22:19.566 E/NetlinkEvent(  462): NetlinkEvent::FindParam(): Parameter 'TIME_NS' not found
11-20 07:22:19.566 E/NetlinkEvent(  462): NetlinkEvent::FindParam(): Parameter 'UID' not found
11-20 07:22:19.596 I/chatty  ( 1186): uid=1000(system) ConnectivitySer expire 34 lines
11-20 07:22:23.762 I/chatty  ( 1006): uid=1000(system) HwBinder:1006_2 expire 11 lines
11-20 07:22:34.057 I/chatty  ( 1186): uid=1000 system_server expire 1 line
11-20 07:22:38.563 W/wificond(  911): Scan is not started. Ignore abort request
11-20 07:22:40.736 E/NetlinkEvent(  462): NetlinkEvent::FindParam(): Parameter 'INTERFACE' not found
11-20 07:22:40.736 E/NetlinkEvent(  462): NetlinkEvent::FindParam(): Parameter 'STATE' not found
11-20 07:22:40.736 E/NetlinkEvent(  462): NetlinkEvent::FindParam(): Parameter 'TIME_NS' not found
11-20 07:22:40.736 E/NetlinkEvent(  462): NetlinkEvent::FindParam(): Parameter 'UID' not found
11-20 07:22:45.332 I/chatty  ( 1006): uid=1000(system) HwBinder:1006_F expire 5 lines
11-20 07:22:45.336 D/mculinkhealth( 1029): isMcuReachable 1 (4 ms)
11-20 07:22:58.793 I/chatty  ( 1186): uid=1000(system) android.ui expire 12 lines
11-20 07:23:04.409 I/chatty  ( 1186): uid=1000(system) LazyTaskWriterT expire 10 lines
11-20 07:23:10.372 I/chatty  ( 1186): uid=1000(system) ConnectivitySer expire 10 lines
11-20 07:23:10.533 E/NetlinkEvent(  462): NetlinkEvent::FindParam(): Parameter 'INTERFACE' not found
11-20 07:23:10.533 E/NetlinkEvent(  462): NetlinkEvent::FindParam(): Parameter 'STATE' not found
11-20 07:23:10.533 E/NetlinkEvent(  462): NetlinkEvent::FindParam(): Parameter 'TIME_NS' not found
11-20 07:23:10.533 E/NetlinkEvent(  462): NetlinkEvent::FindParam(): Parameter 'UID' not found
11-20 07:23:15.342 D/mculinkhealth( 1029): isMcuReachable 1 (5 ms)
11-20 07:23:29.259 W/wificond(  911): Scan is not started. Ignore abort request
11-20 07:23:29.796 I/chatty  ( 1186): uid=1000(system) ConnectivitySer expire 31 lines
11-20 07:23:30.407 E/NetlinkEvent(  462): NetlinkEvent::FindParam(): Parameter 'INTERFACE' not found
11-20 07:23:30.407 E/NetlinkEvent(  462): NetlinkEvent::FindParam(): Parameter 'STATE' not found
11-20 07:23:30.407 E/NetlinkEvent(  462): NetlinkEvent::FindParam(): Parameter 'TIME_NS' not found
11-20 07:23:30.408 E/NetlinkEvent(  462): NetlinkEvent::FindParam(): Parameter 'UID' not found
11-20 07:23:43.774 I/chatty  ( 1006): uid=1000(system) /vendor/bin/commandrouter expire 11 lines
11-20 07:23:45.349 D/mculinkhealth( 1029): isMcuReachable 1 (6 ms)
11-20 07:23:49.376 I/chatty  ( 1186): uid=1000(system) android.ui expire 12 lines
11-20 07:23:52.152 I/chatty  ( 1186): uid=1000(system) Binder:1186_10 expire 12 lines
11-20 07:23:59.962 I/chatty  ( 1186): uid=1000 system_server expire 1 line
11-20 07:24:00.395 I/chatty  ( 1186): uid=1000(system) ConnectivitySer expire 10 lines
11-20 07:24:00.530 E/NetlinkEvent(  462): NetlinkEvent::FindParam(): Parameter 'INTERFACE' not found
11-20 07:24:00.530 E/NetlinkEvent(  462): NetlinkEvent::FindParam(): Parameter 'STATE' not found
11-20 07:24:00.530 E/NetlinkEvent(  462): NetlinkEvent::FindParam(): Parameter 'TIME_NS' not found
11-20 07:24:00.530 E/NetlinkEvent(  462): NetlinkEvent::FindParam(): Parameter 'UID' not found
11-20 07:24:13.779 I/chatty  ( 1006): uid=1000(system) HwBinder:1006_2 expire 5 lines
11-20 07:24:15.354 D/mculinkhealth( 1029): isMcuReachable 1 (4 ms)
11-20 07:24:20.112 W/wificond(  911): Scan is not started. Ignore abort request
11-20 07:24:20.651 I/chatty  ( 1186): uid=1000(system) ConnectivitySer expire 31 lines
11-20 07:24:21.271 E/NetlinkEvent(  462): NetlinkEvent::FindParam(): Parameter 'INTERFACE' not found
11-20 07:24:21.272 E/NetlinkEvent(  462): NetlinkEvent::FindParam(): Parameter 'STATE' not found
11-20 07:24:21.272 E/NetlinkEvent(  462): NetlinkEvent::FindParam(): Parameter 'TIME_NS' not found
11-20 07:24:21.272 E/NetlinkEvent(  462): NetlinkEvent::FindParam(): Parameter 'UID' not found
11-20 07:24:40.392 I/chatty  ( 1186): uid=1000(system) android.ui expire 12 lines
11-20 07:24:45.359 D/mculinkhealth( 1029): isMcuReachable 1 (4 ms)
11-20 07:24:51.269 I/chatty  ( 1186): uid=1000(system) ConnectivitySer expire 10 lines
11-20 07:24:51.358 I/wificond(  911): Fail RSSI polling because wifi is not associated.
11-20 07:24:51.534 E/NetlinkEvent(  462): NetlinkEvent::FindParam(): Parameter 'INTERFACE' not found
11-20 07:24:51.534 E/NetlinkEvent(  462): NetlinkEvent::FindParam(): Parameter 'STATE' not found
11-20 07:24:51.534 E/NetlinkEvent(  462): NetlinkEvent::FindParam(): Parameter 'TIME_NS' not found
11-20 07:24:51.534 E/NetlinkEvent(  462): NetlinkEvent::FindParam(): Parameter 'UID' not found
11-20 07:24:53.765 I/chatty  ( 1006): uid=1000(system) /vendor/bin/commandrouter expire 2 lines
11-20 07:25:03.764 I/chatty  ( 1006): uid=1000(system) HwBinder:1006_2 expire 1 line
11-20 07:25:06.055 I/chatty  ( 1186): uid=1000 system_server expire 1 line
11-20 07:25:09.056 I/chatty  ( 1006): uid=1000(system) HwBinder:1006_1 expire 1 line
11-20 07:25:09.059 I/chatty  ( 1006): uid=1000(system) /vendor/bin/commandrouter expire 4 lines
11-20 07:25:10.989 W/wificond(  911): Scan is not started. Ignore abort request
11-20 07:25:11.450 I/chatty  ( 1186): uid=1000(system) WifiHandlerThre expire 6 lines
11-20 07:25:11.616 I/chatty  ( 1186): uid=1000(system) ConnectivitySer expire 31 lines
11-20 07:25:12.205 E/NetlinkEvent(  462): NetlinkEvent::FindParam(): Parameter 'INTERFACE' not found
11-20 07:25:12.206 E/NetlinkEvent(  462): NetlinkEvent::FindParam(): Parameter 'STATE' not found
11-20 07:25:12.206 E/NetlinkEvent(  462): NetlinkEvent::FindParam(): Parameter 'TIME_NS' not found
11-20 07:25:12.206 E/NetlinkEvent(  462): NetlinkEvent::FindParam(): Parameter 'UID' not found
11-20 07:25:13.765 I/chatty  ( 1006): uid=1000(system) HwBinder:1006_2 expire 1 line
11-20 07:25:15.360 I/chatty  ( 1006): uid=1000(system) HwBinder:1006_F expire 1 line
11-20 07:25:15.366 D/mculinkhealth( 1029): isMcuReachable 1 (6 ms)
11-20 07:25:23.766 I/chatty  ( 1006): uid=1000(system) HwBinder:1006_2 expire 1 line
11-20 07:25:31.407 I/chatty  ( 1186): uid=1000(system) android.ui expire 12 lines
11-20 07:25:33.763 I/chatty  ( 1006): uid=1000(system) /vendor/bin/commandrouter expire 5 lines
11-20 07:25:33.764 I/chatty  ( 1006): uid=1000(system) HwBinder:1006_2 expire 2 lines
11-20 07:25:34.413 I/chatty  ( 1186): uid=1000(system) android.io expire 10 lines
11-20 07:25:42.199 I/chatty  ( 1186): uid=1000(system) ConnectivitySer expire 16 lines
11-20 07:25:42.326 I/chatty  ( 1006): uid=1000(system) HwBinder:1006_F expire 1 line
11-20 07:25:42.330 I/chatty  ( 1186): uid=1000 system_server expire 1 line
11-20 07:25:42.398 I/wificond(  911): Fail RSSI polling because wifi is not associated.
11-20 07:25:42.552 E/NetlinkEvent(  462): NetlinkEvent::FindParam(): Parameter 'INTERFACE' not found
11-20 07:25:42.552 E/NetlinkEvent(  462): NetlinkEvent::FindParam(): Parameter 'STATE' not found
11-20 07:25:42.552 E/NetlinkEvent(  462): NetlinkEvent::FindParam(): Parameter 'TIME_NS' not found
11-20 07:25:42.552 E/NetlinkEvent(  462): NetlinkEvent::FindParam(): Parameter 'UID' not found
11-20 07:25:42.863 I/chatty  ( 1186): uid=1000 system_server expire 1 line
11-20 07:25:45.368 I/chatty  ( 1006): uid=1000(system) HwBinder:1006_F expire 1 line
11-20 07:25:45.374 D/mculinkhealth( 1029): isMcuReachable 1 (6 ms)
11-20 07:25:51.472 I/chatty  ( 1186): uid=1000(system) LazyTaskWriterT expire 11 lines
11-20 07:25:53.758 I/chatty  ( 1006): uid=1000(system) HwBinder:1006_2 expire 1 line
11-20 07:26:01.678 I/chatty  ( 1186): uid=1000(system) android.display expire 9 lines
11-20 07:26:02.729 I/chatty  ( 1186): uid=1000(system) WifiP2pService expire 10 lines
11-20 07:26:02.731 I/chatty  ( 1186): uid=1000(system) ActivityManager expire 5 lines
11-20 07:26:02.774 W/wificond(  911): Scan is not started. Ignore abort request
11-20 07:26:03.431 I/chatty  ( 1186): uid=1000(system) ConnectivitySer expire 25 lines
11-20 07:26:03.761 I/chatty  ( 1006): uid=1000(system) /vendor/bin/commandrouter expire 2 lines
11-20 07:26:03.762 I/chatty  ( 1006): uid=1000(system) HwBinder:1006_2 expire 1 line
11-20 07:26:03.986 E/NetlinkEvent(  462): NetlinkEvent::FindParam(): Parameter 'INTERFACE' not found
11-20 07:26:03.986 E/NetlinkEvent(  462): NetlinkEvent::FindParam(): Parameter 'STATE' not found
11-20 07:26:03.986 E/NetlinkEvent(  462): NetlinkEvent::FindParam(): Parameter 'TIME_NS' not found
11-20 07:26:03.986 E/NetlinkEvent(  462): NetlinkEvent::FindParam(): Parameter 'UID' not found
11-20 07:26:09.061 I/chatty  ( 1006): uid=1000(system) HwBinder:1006_1 expire 1 line
11-20 07:26:13.762 I/chatty  ( 1006): uid=1000(system) /vendor/bin/commandrouter expire 1 line
11-20 07:26:13.763 I/chatty  ( 1006): uid=1000(system) HwBinder:1006_2 expire 1 line
11-20 07:26:15.375 I/chatty  ( 1006): uid=1000(system) HwBinder:1006_F expire 1 line
11-20 07:26:15.380 I/chatty  ( 1006): uid=1000(system) /vendor/bin/commandrouter expire 3 lines
11-20 07:26:15.380 D/mculinkhealth( 1029): isMcuReachable 1 (5 ms)
11-20 07:26:22.953 I/chatty  ( 1186): uid=1000(system) android.ui expire 12 lines
11-20 07:26:23.764 I/chatty  ( 1006): uid=1000(system) HwBinder:1006_2 expire 2 lines
11-20 07:26:32.562 I/chatty  ( 1186): uid=1000 system_server expire 1 line
11-20 07:26:33.983 I/chatty  ( 1186): uid=1000(system) ConnectivitySer expire 31 lines
11-20 07:26:34.364 I/wificond(  911): Fail RSSI polling because wifi is not associated.
11-20 07:26:34.578 E/NetlinkEvent(  462): NetlinkEvent::FindParam(): Parameter 'INTERFACE' not found
11-20 07:26:34.578 E/NetlinkEvent(  462): NetlinkEvent::FindParam(): Parameter 'STATE' not found
11-20 07:26:34.578 E/NetlinkEvent(  462): NetlinkEvent::FindParam(): Parameter 'TIME_NS' not found
11-20 07:26:34.578 E/NetlinkEvent(  462): NetlinkEvent::FindParam(): Parameter 'UID' not found
11-20 07:26:43.776 I/chatty  ( 1006): uid=1000(system) /vendor/bin/commandrouter expire 1 line
11-20 07:26:43.777 D/commandrouter( 1006): SocServiceHandle::onServiceMessage, SoC Service = rtc_sync, appType = 1, type = SVC_RESP, clientId = 0, token = 38392, payloadLen = 8, result = 0, payload.size() = 8
11-20 07:26:45.382 D/commandrouter( 1006): SocServiceHandle::onServiceMessage, SoC Service = mcu_healthcheck_1029, appType = 1, type = SVC_REQ, clientId = 0, token = 1874, payloadLen = 12, result = 0, payload.size() = 12
11-20 07:26:45.386 D/commandrouter( 1006): mcu_healthcheck_1029 (1, merlot:mcu_health:control): <ServiceResponse> FORWARDED (remote -> local) CR token ID = 1874, service client ID = 40, token ID = 32284, result = 0
11-20 07:26:45.386 D/mculinkhealth( 1029): isMcuReachable 1 (4 ms)
11-20 07:26:53.782 D/commandrouter( 1006): rtc_sync (1, rtc:sync): <ServiceRequest> FORWARDED (remote -> local) service client ID = 0, token ID = 38393
11-20 07:26:53.783 D/commandrouter( 1006): SocServiceHandle::onServiceMessage, SoC Service = rtc_sync, appType = 1, type = SVC_RESP, clientId = 0, token = 38393, payloadLen = 8, result = 0, payload.size() = 8
11-20 07:26:53.980 W/wificond(  911): Scan is not started. Ignore abort request
11-20 07:26:55.181 I/chatty  ( 1186): uid=1000(system) ConnectivitySer expire 10 lines
11-20 07:26:55.189 E/NetlinkEvent(  462): NetlinkEvent::FindParam(): Parameter 'INTERFACE' not found
11-20 07:26:55.189 E/NetlinkEvent(  462): NetlinkEvent::FindParam(): Parameter 'STATE' not found
11-20 07:26:55.189 E/NetlinkEvent(  462): NetlinkEvent::FindParam(): Parameter 'TIME_NS' not found
11-20 07:26:55.189 E/NetlinkEvent(  462): NetlinkEvent::FindParam(): Parameter 'UID' not found
11-20 07:27:00.665 I/chatty  ( 1186): uid=1000(system) DeviceStorageMo expire 6 lines
11-20 07:27:03.787 D/commandrouter( 1006): rtc_sync (1, rtc:sync): <ServiceRequest> FORWARDED (remote -> local) service client ID = 0, token ID = 38394
11-20 07:27:03.788 D/commandrouter( 1006): SocServiceHandle::onServiceMessage, SoC Service = rtc_sync, appType = 1, type = SVC_RESP, clientId = 0, token = 38394, payloadLen = 8, result = 0, payload.size() = 8
11-20 07:27:09.067 D/commandrouter( 1006): SocServiceHandle::onServiceMessage, SoC Service = mcu_healthcheck_934, appType = 1, type = SVC_REQ, clientId = 0, token = 937, payloadLen = 20, result = 0, payload.size() = 20
11-20 07:27:09.071 D/commandrouter( 1006): mcu_healthcheck_934 (1, merlot:mcu_health:control): <ServiceResponse> FORWARDED (remote -> local) CR token ID = 937, service client ID = 5, token ID = 32285, result = 0
11-20 07:27:13.786 D/commandrouter( 1006): rtc_sync (1, rtc:sync): <ServiceRequest> FORWARDED (remote -> local) service client ID = 0, token ID = 38395
11-20 07:27:13.787 D/commandrouter( 1006): SocServiceHandle::onServiceMessage, SoC Service = rtc_sync, appType = 1, type = SVC_RESP, clientId = 0, token = 38395, payloadLen = 8, result = 0, payload.size() = 8
11-20 07:27:14.395 I/chatty  ( 1186): uid=1000(system) android.ui expire 10 lines
11-20 07:27:15.387 D/commandrouter( 1006): SocServiceHandle::onServiceMessage, SoC Service = mcu_healthcheck_1029, appType = 1, type = SVC_REQ, clientId = 0, token = 1875, payloadLen = 12, result = 0, payload.size() = 12
11-20 07:27:15.392 D/commandrouter( 1006): mcu_healthcheck_1029 (1, merlot:mcu_health:control): <ServiceResponse> FORWARDED (remote -> local) CR token ID = 1875, service client ID = 40, token ID = 32286, result = 0
11-20 07:27:15.393 D/mculinkhealth( 1029): isMcuReachable 1 (5 ms)
11-20 07:27:17.173 I/chatty  ( 1186): uid=1000(system) Binder:1186_3 expire 4 lines
11-20 07:27:23.781 D/commandrouter( 1006): rtc_sync (1, rtc:sync): <ServiceRequest> FORWARDED (remote -> local) service client ID = 0, token ID = 38396
11-20 07:27:23.782 D/commandrouter( 1006): SocServiceHandle::onServiceMessage, SoC Service = rtc_sync, appType = 1, type = SVC_RESP, clientId = 0, token = 38396, payloadLen = 8, result = 0, payload.size() = 8
11-20 07:27:25.183 I/chatty  ( 1186): uid=1000(system) ConnectivitySer expire 41 lines
11-20 07:27:25.426 I/wificond(  911): Fail RSSI polling because wifi is not associated.
11-20 07:27:25.596 E/NetlinkEvent(  462): NetlinkEvent::FindParam(): Parameter 'INTERFACE' not found
11-20 07:27:25.596 E/NetlinkEvent(  462): NetlinkEvent::FindParam(): Parameter 'STATE' not found
11-20 07:27:25.596 E/NetlinkEvent(  462): NetlinkEvent::FindParam(): Parameter 'TIME_NS' not found
11-20 07:27:25.596 E/NetlinkEvent(  462): NetlinkEvent::FindParam(): Parameter 'UID' not found
11-20 07:27:33.804 D/commandrouter( 1006): rtc_sync (1, rtc:sync): <ServiceRequest> FORWARDED (remote -> local) service client ID = 0, token ID = 38397
11-20 07:27:33.805 D/commandrouter( 1006): SocServiceHandle::onServiceMessage, SoC Service = rtc_sync, appType = 1, type = SVC_RESP, clientId = 0, token = 38397, payloadLen = 8, result = 0, payload.size() = 8
11-20 07:27:35.626 I/chatty  ( 1186): uid=1000(system) android.ui expire 14 lines
11-20 07:27:37.168 I/chatty  ( 1186): uid=1000(system) Binder:1186_6 expire 4 lines
11-20 07:27:40.076 I/chatty  ( 1186): uid=1000 system_server expire 1 line
11-20 07:27:43.784 D/commandrouter( 1006): rtc_sync (1, rtc:sync): <ServiceRequest> FORWARDED (remote -> local) service client ID = 0, token ID = 38398
11-20 07:27:43.786 D/commandrouter( 1006): SocServiceHandle::onServiceMessage, SoC Service = rtc_sync, appType = 1, type = SVC_RESP, clientId = 0, token = 38398, payloadLen = 8, result = 0, payload.size() = 8
11-20 07:27:44.455 W/wificond(  911): Scan is not started. Ignore abort request
11-20 07:27:45.394 D/commandrouter( 1006): SocServiceHandle::onServiceMessage, SoC Service = mcu_healthcheck_1029, appType = 1, type = SVC_REQ, clientId = 0, token = 1876, payloadLen = 12, result = 0, payload.size() = 12
11-20 07:27:45.397 D/commandrouter( 1006): mcu_healthcheck_1029 (1, merlot:mcu_health:control): <ServiceResponse> FORWARDED (remote -> local) CR token ID = 1876, service client ID = 40, token ID = 32287, result = 0
11-20 07:27:45.397 D/mculinkhealth( 1029): isMcuReachable 1 (4 ms)
11-20 07:27:45.754 E/NetlinkEvent(  462): NetlinkEvent::FindParam(): Parameter 'INTERFACE' not found
11-20 07:27:45.754 E/NetlinkEvent(  462): NetlinkEvent::FindParam(): Parameter 'STATE' not found
11-20 07:27:45.754 E/NetlinkEvent(  462): NetlinkEvent::FindParam(): Parameter 'TIME_NS' not found
11-20 07:27:45.754 E/NetlinkEvent(  462): NetlinkEvent::FindParam(): Parameter 'UID' not found
11-20 07:27:53.787 D/commandrouter( 1006): rtc_sync (1, rtc:sync): <ServiceRequest> FORWARDED (remote -> local) service client ID = 0, token ID = 38399
11-20 07:27:53.788 D/commandrouter( 1006): SocServiceHandle::onServiceMessage, SoC Service = rtc_sync, appType = 1, type = SVC_RESP, clientId = 0, token = 38399, payloadLen = 8, result = 0, payload.size() = 8
11-20 07:28:03.794 D/commandrouter( 1006): rtc_sync (1, rtc:sync): <ServiceRequest> FORWARDED (remote -> local) service client ID = 0, token ID = 38400
11-20 07:28:03.795 D/commandrouter( 1006): SocServiceHandle::onServiceMessage, SoC Service = rtc_sync, appType = 1, type = SVC_RESP, clientId = 0, token = 38400, payloadLen = 8, result = 0, payload.size() = 8
11-20 07:28:07.192 I/chatty  ( 1186): uid=1000(system) Binder:1186_1E expire 4 lines
11-20 07:28:09.073 D/commandrouter( 1006): SocServiceHandle::onServiceMessage, SoC Service = mcu_healthcheck_934, appType = 1, type = SVC_REQ, clientId = 0, token = 938, payloadLen = 20, result = 0, payload.size() = 20
11-20 07:28:09.076 D/commandrouter( 1006): mcu_healthcheck_934 (1, merlot:mcu_health:control): <ServiceResponse> FORWARDED (remote -> local) CR token ID = 938, service client ID = 5, token ID = 32288, result = 0
11-20 07:28:13.799 D/commandrouter( 1006): rtc_sync (1, rtc:sync): <ServiceRequest> FORWARDED (remote -> local) service client ID = 0, token ID = 38401
11-20 07:28:13.799 D/commandrouter( 1006): SocServiceHandle::onServiceMessage, SoC Service = rtc_sync, appType = 1, type = SVC_RESP, clientId = 0, token = 38401, payloadLen = 8, result = 0, payload.size() = 8
11-20 07:28:15.398 D/commandrouter( 1006): SocServiceHandle::onServiceMessage, SoC Service = mcu_healthcheck_1029, appType = 1, type = SVC_REQ, clientId = 0, token = 1877, payloadLen = 12, result = 0, payload.size() = 12
11-20 07:28:15.402 D/commandrouter( 1006): mcu_healthcheck_1029 (1, merlot:mcu_health:control): <ServiceResponse> FORWARDED (remote -> local) CR token ID = 1877, service client ID = 40, token ID = 32289, result = 0
11-20 07:28:15.402 D/mculinkhealth( 1029): isMcuReachable 1 (4 ms)
11-20 07:28:15.441 I/chatty  ( 1186): uid=1000(system) ConnectivitySer expire 41 lines
11-20 07:28:15.553 E/NetlinkEvent(  462): NetlinkEvent::FindParam(): Parameter 'INTERFACE' not found
11-20 07:28:15.553 E/NetlinkEvent(  462): NetlinkEvent::FindParam(): Parameter 'STATE' not found
11-20 07:28:15.553 E/NetlinkEvent(  462): NetlinkEvent::FindParam(): Parameter 'TIME_NS' not found
11-20 07:28:15.553 E/NetlinkEvent(  462): NetlinkEvent::FindParam(): Parameter 'UID' not found
11-20 07:28:23.802 D/commandrouter( 1006): rtc_sync (1, rtc:sync): <ServiceRequest> FORWARDED (remote -> local) service client ID = 0, token ID = 38402
11-20 07:28:23.803 D/commandrouter( 1006): SocServiceHandle::onServiceMessage, SoC Service = rtc_sync, appType = 1, type = SVC_RESP, clientId = 0, token = 38402, payloadLen = 8, result = 0, payload.size() = 8
11-20 07:28:27.152 I/chatty  ( 1186): uid=1000(system) Binder:1186_1B expire 4 lines
11-20 07:28:33.807 D/commandrouter( 1006): rtc_sync (1, rtc:sync): <ServiceRequest> FORWARDED (remote -> local) service client ID = 0, token ID = 38403
11-20 07:28:33.807 D/commandrouter( 1006): SocServiceHandle::onServiceMessage, SoC Service = rtc_sync, appType = 1, type = SVC_RESP, clientId = 0, token = 38403, payloadLen = 8, result = 0, payload.size() = 8
11-20 07:28:34.952 W/wificond(  911): Scan is not started. Ignore abort request
11-20 07:28:36.252 E/NetlinkEvent(  462): NetlinkEvent::FindParam(): Parameter 'INTERFACE' not found
11-20 07:28:36.252 E/NetlinkEvent(  462): NetlinkEvent::FindParam(): Parameter 'STATE' not found
11-20 07:28:36.252 E/NetlinkEvent(  462): NetlinkEvent::FindParam(): Parameter 'TIME_NS' not found
11-20 07:28:36.252 E/NetlinkEvent(  462): NetlinkEvent::FindParam(): Parameter 'UID' not found
11-20 07:28:43.810 D/commandrouter( 1006): rtc_sync (1, rtc:sync): <ServiceRequest> FORWARDED (remote -> local) service client ID = 0, token ID = 38404
11-20 07:28:43.810 D/commandrouter( 1006): SocServiceHandle::onServiceMessage, SoC Service = rtc_sync, appType = 1, type = SVC_RESP, clientId = 0, token = 38404, payloadLen = 8, result = 0, payload.size() = 8
11-20 07:28:45.404 D/commandrouter( 1006): SocServiceHandle::onServiceMessage, SoC Service = mcu_healthcheck_1029, appType = 1, type = SVC_REQ, clientId = 0, token = 1878, payloadLen = 12, result = 0, payload.size() = 12
11-20 07:28:45.408 D/commandrouter( 1006): mcu_healthcheck_1029 (1, merlot:mcu_health:control): <ServiceResponse> FORWARDED (remote -> local) CR token ID = 1878, service client ID = 40, token ID = 32290, result = 0
11-20 07:28:45.409 D/mculinkhealth( 1029): isMcuReachable 1 (5 ms)
11-20 07:28:53.814 D/commandrouter( 1006): rtc_sync (1, rtc:sync): <ServiceRequest> FORWARDED (remote -> local) service client ID = 0, token ID = 38405
11-20 07:28:53.814 D/commandrouter( 1006): SocServiceHandle::onServiceMessage, SoC Service = rtc_sync, appType = 1, type = SVC_RESP, clientId = 0, token = 38405, payloadLen = 8, result = 0, payload.size() = 8
11-20 07:28:55.323 I/chatty  ( 1186): uid=1000(system) android.ui expire 12 lines
11-20 07:28:58.154 I/chatty  ( 1186): uid=1000(system) Binder:1186_1C expire 4 lines
11-20 07:29:00.941 I/chatty  ( 1186): uid=1000(system) LazyTaskWriterT expire 3 lines
11-20 07:29:03.817 D/commandrouter( 1006): rtc_sync (1, rtc:sync): <ServiceRequest> FORWARDED (remote -> local) service client ID = 0, token ID = 38406
11-20 07:29:03.818 D/commandrouter( 1006): SocServiceHandle::onServiceMessage, SoC Service = rtc_sync, appType = 1, type = SVC_RESP, clientId = 0, token = 38406, payloadLen = 8, result = 0, payload.size() = 8
11-20 07:29:05.826 I/chatty  ( 1186): uid=1000 system_server expire 1 line
11-20 07:29:06.245 I/chatty  ( 1186): uid=1000(system) ConnectivitySer expire 16 lines
11-20 07:29:06.357 I/wificond(  911): Fail RSSI polling because wifi is not associated.
11-20 07:29:06.511 E/NetlinkEvent(  462): NetlinkEvent::FindParam(): Parameter 'INTERFACE' not found
11-20 07:29:06.511 E/NetlinkEvent(  462): NetlinkEvent::FindParam(): Parameter 'STATE' not found
11-20 07:29:06.511 E/NetlinkEvent(  462): NetlinkEvent::FindParam(): Parameter 'TIME_NS' not found
11-20 07:29:06.511 E/NetlinkEvent(  462): NetlinkEvent::FindParam(): Parameter 'UID' not found
11-20 07:29:09.078 D/commandrouter( 1006): SocServiceHandle::onServiceMessage, SoC Service = mcu_healthcheck_934, appType = 1, type = SVC_REQ, clientId = 0, token = 939, payloadLen = 20, result = 0, payload.size() = 20
11-20 07:29:09.082 D/commandrouter( 1006): mcu_healthcheck_934 (1, merlot:mcu_health:control): <ServiceResponse> FORWARDED (remote -> local) CR token ID = 939, service client ID = 5, token ID = 32291, result = 0
11-20 07:29:13.820 D/commandrouter( 1006): rtc_sync (1, rtc:sync): <ServiceRequest> FORWARDED (remote -> local) service client ID = 0, token ID = 38407
11-20 07:29:13.821 D/commandrouter( 1006): SocServiceHandle::onServiceMessage, SoC Service = rtc_sync, appType = 1, type = SVC_RESP, clientId = 0, token = 38407, payloadLen = 8, result = 0, payload.size() = 8
11-20 07:29:15.410 D/commandrouter( 1006): SocServiceHandle::onServiceMessage, SoC Service = mcu_healthcheck_1029, appType = 1, type = SVC_REQ, clientId = 0, token = 1879, payloadLen = 12, result = 0, payload.size() = 12
11-20 07:29:15.415 D/commandrouter( 1006): mcu_healthcheck_1029 (1, merlot:mcu_health:control): <ServiceResponse> FORWARDED (remote -> local) CR token ID = 1879, service client ID = 40, token ID = 32292, result = 0
11-20 07:29:15.416 D/mculinkhealth( 1029): isMcuReachable 1 (6 ms)
11-20 07:29:18.171 I/chatty  ( 1186): uid=1000(system) Binder:1186_20 expire 4 lines
11-20 07:29:23.819 D/commandrouter( 1006): rtc_sync (1, rtc:sync): <ServiceRequest> FORWARDED (remote -> local) service client ID = 0, token ID = 38408
11-20 07:29:23.820 D/commandrouter( 1006): SocServiceHandle::onServiceMessage, SoC Service = rtc_sync, appType = 1, type = SVC_RESP, clientId = 0, token = 38408, payloadLen = 8, result = 0, payload.size() = 8
11-20 07:29:25.312 I/chatty  ( 1186): uid=1000(system) android.bg expire 1 line
11-20 07:29:26.080 W/wificond(  911): Scan is not started. Ignore abort request
11-20 07:29:27.774 I/chatty  ( 1186): uid=1000(system) ConnectivitySer expire 25 lines
11-20 07:29:28.249 E/NetlinkEvent(  462): NetlinkEvent::FindParam(): Parameter 'INTERFACE' not found
11-20 07:29:28.250 E/NetlinkEvent(  462): NetlinkEvent::FindParam(): Parameter 'STATE' not found
11-20 07:29:28.250 E/NetlinkEvent(  462): NetlinkEvent::FindParam(): Parameter 'TIME_NS' not found
11-20 07:29:28.250 E/NetlinkEvent(  462): NetlinkEvent::FindParam(): Parameter 'UID' not found
11-20 07:29:33.821 D/commandrouter( 1006): rtc_sync (1, rtc:sync): <ServiceRequest> FORWARDED (remote -> local) service client ID = 0, token ID = 38409
11-20 07:29:33.822 D/commandrouter( 1006): SocServiceHandle::onServiceMessage, SoC Service = rtc_sync, appType = 1, type = SVC_RESP, clientId = 0, token = 38409, payloadLen = 8, result = 0, payload.size() = 8
11-20 07:29:43.818 D/commandrouter( 1006): rtc_sync (1, rtc:sync): <ServiceRequest> FORWARDED (remote -> local) service client ID = 0, token ID = 38410
11-20 07:29:43.818 D/commandrouter( 1006): SocServiceHandle::onServiceMessage, SoC Service = rtc_sync, appType = 1, type = SVC_RESP, clientId = 0, token = 38410, payloadLen = 8, result = 0, payload.size() = 8
11-20 07:29:45.418 D/commandrouter( 1006): SocServiceHandle::onServiceMessage, SoC Service = mcu_healthcheck_1029, appType = 1, type = SVC_REQ, clientId = 0, token = 1880, payloadLen = 12, result = 0, payload.size() = 12
11-20 07:29:45.423 D/commandrouter( 1006): mcu_healthcheck_1029 (1, merlot:mcu_health:control): <ServiceResponse> FORWARDED (remote -> local) CR token ID = 1880, service client ID = 40, token ID = 32293, result = 0
11-20 07:29:45.423 D/mculinkhealth( 1029): isMcuReachable 1 (6 ms)
11-20 07:29:46.394 I/chatty  ( 1186): uid=1000(system) android.ui expire 4 lines
11-20 07:29:49.178 I/chatty  ( 1186): uid=1000(system) Binder:1186_1D expire 4 lines
11-20 07:29:52.024 I/chatty  ( 1186): uid=1000(system) LazyTaskWriterT expire 1 line
11-20 07:29:53.817 D/commandrouter( 1006): rtc_sync (1, rtc:sync): <ServiceRequest> FORWARDED (remote -> local) service client ID = 0, token ID = 38411
11-20 07:29:53.818 D/commandrouter( 1006): SocServiceHandle::onServiceMessage, SoC Service = rtc_sync, appType = 1, type = SVC_RESP, clientId = 0, token = 38411, payloadLen = 8, result = 0, payload.size() = 8
11-20 07:29:56.865 I/chatty  ( 1186): uid=1000(system) android.display expire 1 line
11-20 07:29:57.358 I/chatty  ( 1186): uid=1000(system) ConnectivitySer expire 9 lines
11-20 07:29:57.483 E/NetlinkEvent(  462): NetlinkEvent::FindParam(): Parameter 'INTERFACE' not found
11-20 07:29:57.483 E/NetlinkEvent(  462): NetlinkEvent::FindParam(): Parameter 'STATE' not found
11-20 07:29:57.483 E/NetlinkEvent(  462): NetlinkEvent::FindParam(): Parameter 'TIME_NS' not found
11-20 07:29:57.483 E/NetlinkEvent(  462): NetlinkEvent::FindParam(): Parameter 'UID' not found
11-20 07:30:00.945 I/chatty  ( 1186): uid=1000(system) DeviceStorageMo expire 2 lines
11-20 07:30:01.945 I/chatty  ( 1186): uid=1000(system) android.ui expire 6 lines
11-20 07:30:03.811 D/commandrouter( 1006): rtc_sync (1, rtc:sync): <ServiceRequest> FORWARDED (remote -> local) service client ID = 0, token ID = 38412
11-20 07:30:03.813 D/commandrouter( 1006): SocServiceHandle::onServiceMessage, SoC Service = rtc_sync, appType = 1, type = SVC_RESP, clientId = 0, token = 38412, payloadLen = 8, result = 0, payload.size() = 8
11-20 07:30:05.246 I/chatty  ( 1186): uid=1000 system_server expire 1 line
11-20 07:30:06.486 I/chatty  ( 1186): uid=1000(system) LazyTaskWriterT expire 2 lines
11-20 07:30:07.617 I/chatty  ( 1186): uid=1000(system) android.ui expire 2 lines
11-20 07:30:09.084 D/commandrouter( 1006): SocServiceHandle::onServiceMessage, SoC Service = mcu_healthcheck_934, appType = 1, type = SVC_REQ, clientId = 0, token = 940, payloadLen = 20, result = 0, payload.size() = 20
11-20 07:30:09.088 D/commandrouter( 1006): mcu_healthcheck_934 (1, merlot:mcu_health:control): <ServiceResponse> FORWARDED (remote -> local) CR token ID = 940, service client ID = 5, token ID = 32294, result = 0
11-20 07:30:09.132 I/chatty  ( 1186): uid=1000(system) Binder:1186_20 expire 4 lines
11-20 07:30:12.009 I/chatty  ( 1186): uid=1000 system_server expire 1 line
11-20 07:30:13.803 D/commandrouter( 1006): rtc_sync (1, rtc:sync): <ServiceRequest> FORWARDED (remote -> local) service client ID = 0, token ID = 38413
11-20 07:30:13.804 D/commandrouter( 1006): SocServiceHandle::onServiceMessage, SoC Service = rtc_sync, appType = 1, type = SVC_RESP, clientId = 0, token = 38413, payloadLen = 8, result = 0, payload.size() = 8
11-20 07:30:15.424 D/commandrouter( 1006): SocServiceHandle::onServiceMessage, SoC Service = mcu_healthcheck_1029, appType = 1, type = SVC_REQ, clientId = 0, token = 1881, payloadLen = 12, result = 0, payload.size() = 12
11-20 07:30:15.428 D/commandrouter( 1006): mcu_healthcheck_1029 (1, merlot:mcu_health:control): <ServiceResponse> FORWARDED (remote -> local) CR token ID = 1881, service client ID = 40, token ID = 32295, result = 0
11-20 07:30:15.429 D/mculinkhealth( 1029): isMcuReachable 1 (4 ms)
11-20 07:30:15.985 I/chatty  ( 1186): uid=1000(system) android.display expire 1 line
11-20 07:30:17.105 I/chatty  ( 1186): uid=1000(system) WifiP2pService expire 2 lines
11-20 07:30:17.108 I/chatty  ( 1186): uid=1000(system) ActivityManager expire 1 line
11-20 07:30:17.218 W/wificond(  911): Scan is not started. Ignore abort request
11-20 07:30:17.603 I/chatty  ( 1186): uid=1000(system) WifiHandlerThre expire 1 line
11-20 07:30:17.620 I/chatty  ( 1186): uid=1000(system) ConnectivitySer expire 32 lines
11-20 07:30:18.331 E/NetlinkEvent(  462): NetlinkEvent::FindParam(): Parameter 'INTERFACE' not found
11-20 07:30:18.332 E/NetlinkEvent(  462): NetlinkEvent::FindParam(): Parameter 'STATE' not found
11-20 07:30:18.332 E/NetlinkEvent(  462): NetlinkEvent::FindParam(): Parameter 'TIME_NS' not found
11-20 07:30:18.332 E/NetlinkEvent(  462): NetlinkEvent::FindParam(): Parameter 'UID' not found
11-20 07:30:23.799 D/commandrouter( 1006): rtc_sync (1, rtc:sync): <ServiceRequest> FORWARDED (remote -> local) service client ID = 0, token ID = 38414
