11-20 07:25:06.055 I/chatty  ( 1186): uid=1000 system_server expire 1 line
11-20 07:25:09.056 D/commandrouter( 1006): SocServiceHandle::onServiceMessage, SoC Service = mcu_healthcheck_934, appType = 1, type = SVC_REQ, clientId = 0, token = 935, payloadLen = 20, result = 0, payload.size() = 20
11-20 07:25:09.059 D/commandrouter( 1006): mcu_healthcheck_934 (1, merlot:mcu_health:control): <ServiceResponse> FORWARDED (remote -> local) CR token ID = 935, service client ID = 5, token ID = 32278, result = 0
11-20 07:25:09.933 I/chatty  ( 1186): uid=1000(system) android.display expire 1 line
11-20 07:25:10.961 I/chatty  ( 1186): uid=1000(system) WifiP2pService expire 2 lines
11-20 07:25:10.962 I/chatty  ( 1186): uid=1000(system) ActivityManager expire 1 line
11-20 07:25:10.989 W/wificond(  911): Scan is not started. Ignore abort request
11-20 07:25:11.450 I/chatty  ( 1186): uid=1000(system) WifiHandlerThre expire 1 line
11-20 07:25:11.616 I/chatty  ( 1186): uid=1000(system) ConnectivitySer expire 14 lines
11-20 07:25:11.917 D/DnsManager( 1186): sendDnsConfigurationForNetwork(153, [192.168.1.1], [], 1800, 25, 8, 64, 0, 0, , [192.168.1.1])
11-20 07:25:11.919 D/ConnectivityService( 1186): Adding iface wlan0 to network 153
11-20 07:25:11.952 D/ConnectivityService( 1186): Setting DNS servers for network 153 to [/192.168.1.1]
11-20 07:25:11.953 D/DnsManager( 1186): sendDnsConfigurationForNetwork(153, [192.168.1.1], [], 1800, 25, 8, 64, 0, 0, , [192.168.1.1])
11-20 07:25:11.957 I/Nat464Xlat( 1186): Android Xlat is disabled
11-20 07:25:11.958 I/Nat464Xlat( 1186): Android Xlat is disabled
11-20 07:25:12.029 D/ConnectivityService( 1186): NetReassign [no changes]
11-20 07:25:12.198 D/ConnectivityService( 1186): [153 WIFI] validation passed
11-20 07:25:12.199 D/ConnectivityService( 1186): NetReassign [44 : 101  153, 1191 : 101  153, 11 : 101  153, 63 : 101  153, 17 : 101  153, 25 : 101  153, 1 : 101  153, 1196 : 101  153, 8 : 101  153, 654 : 101  153, 12 : 101  153, 14 : 101  153, 16 : 101  153, 22 : 101  153]
11-20 07:25:12.205 E/NetlinkEvent(  462): NetlinkEvent::FindParam(): Parameter 'INTERFACE' not found
11-20 07:25:12.206 E/NetlinkEvent(  462): NetlinkEvent::FindParam(): Parameter 'STATE' not found
11-20 07:25:12.206 E/NetlinkEvent(  462): NetlinkEvent::FindParam(): Parameter 'TIME_NS' not found
11-20 07:25:12.206 E/NetlinkEvent(  462): NetlinkEvent::FindParam(): Parameter 'UID' not found
11-20 07:25:12.221 D/ConnectivityService( 1186): Switching to new default network: NetworkAgentInfo{ ni{[type: WIFI[], state: CONNECTED/CONNECTED, reason: (unspecified), extra: , failover: false, available: true, roaming: false]}  network{153}  nethandle{660535693325}  lp{{InterfaceName: wlan0 LinkAddresses: [ 192.168.1.41/24 ] DnsAddresses: [ /192.168.1.1 ] Domains: null MTU: 0 ServerAddress: /192.168.1.1 TcpBufferSizes: 524288,1048576,2097152,262144,524288,1048576 Routes: [ fe80::/64 -> :: wlan0 mtu 0,192.168.1.0/24 -> 0.0.0.0 wlan0 mtu 0,0.0.0.0/0 -> 192.168.1.1 wlan0 mtu 0 ]}}  nc{[ Transports: WIFI Capabilities: NOT_METERED&INTERNET&NOT_RESTRICTED&TRUSTED&NOT_VPN&VALIDATED&NOT_ROAMING&FOREGROUND&NOT_CONGESTED&NOT_SUSPENDED LinkUpBandwidth>=61000Kbps LinkDnBandwidth>=61000Kbps SignalStrength: -31 OwnerUid: 1000 SSID: "MTBF_Lab" RequestorUid: -1 RequestorPackageName: null]}  Score{60}  everValidated{true}  lastValidated{true}  created{true} lingering{false} explicitlySelected{false} acceptUnvalidated{false} everCaptivePortalDetected{false} lastCaptivePortalDetected{false} partialConnectivity{false} acceptPartialConnectivity{false} clat{mBaseIface: null, mIface: null, mState: IDLE} }
11-20 07:25:12.354 D/ConnectivityService( 1186): Lingering [101 CELLULAR] for 30000ms
11-20 07:25:12.356 D/ConnectivityService( 1186): Sending DISCONNECTED broadcast for type 0 [101 CELLULAR] isDefaultNetwork=true
11-20 07:25:12.358 D/ConnectivityService( 1186): Sending CONNECTED broadcast for type 1 [153 WIFI] isDefaultNetwork=true
11-20 07:25:12.409 D/ConnectivityService( 1186): Setting DNS servers for network 153 to [/192.168.1.1]
11-20 07:25:12.409 D/DnsManager( 1186): sendDnsConfigurationForNetwork(153, [192.168.1.1], [], 1800, 25, 8, 64, 0, 0, , [192.168.1.1])
11-20 07:25:13.079 I/Nat464Xlat( 1186): Android Xlat is disabled
11-20 07:25:13.080 I/Nat464Xlat( 1186): Android Xlat is disabled
11-20 07:25:13.764 D/commandrouter( 1006): rtc_sync (1, rtc:sync): <ServiceRequest> FORWARDED (remote -> local) service client ID = 0, token ID = 38383
11-20 07:25:13.765 D/commandrouter( 1006): SocServiceHandle::onServiceMessage, SoC Service = rtc_sync, appType = 1, type = SVC_RESP, clientId = 0, token = 38383, payloadLen = 8, result = 0, payload.size() = 8
11-20 07:25:15.360 D/commandrouter( 1006): SocServiceHandle::onServiceMessage, SoC Service = mcu_healthcheck_1029, appType = 1, type = SVC_REQ, clientId = 0, token = 1871, payloadLen = 12, result = 0, payload.size() = 12
11-20 07:25:15.366 D/commandrouter( 1006): mcu_healthcheck_1029 (1, merlot:mcu_health:control): <ServiceResponse> FORWARDED (remote -> local) CR token ID = 1871, service client ID = 40, token ID = 32279, result = 0
11-20 07:25:15.366 D/mculinkhealth( 1029): isMcuReachable 1 (6 ms)
11-20 07:25:23.765 D/commandrouter( 1006): rtc_sync (1, rtc:sync): <ServiceRequest> FORWARDED (remote -> local) service client ID = 0, token ID = 38384
11-20 07:25:23.766 D/commandrouter( 1006): SocServiceHandle::onServiceMessage, SoC Service = rtc_sync, appType = 1, type = SVC_RESP, clientId = 0, token = 38384, payloadLen = 8, result = 0, payload.size() = 8
11-20 07:25:31.407 D/AutofillManagerService( 1186): onBackKeyPressed()
11-20 07:25:32.456 I/chatty  ( 1186): uid=1000(system) android.ui identical 2 lines
11-20 07:25:33.636 D/AutofillManagerService( 1186): onBackKeyPressed()
11-20 07:25:33.763 D/commandrouter( 1006): rtc_sync (1, rtc:sync): <ServiceRequest> FORWARDED (remote -> local) service client ID = 0, token ID = 38385
11-20 07:25:33.764 D/commandrouter( 1006): SocServiceHandle::onServiceMessage, SoC Service = rtc_sync, appType = 1, type = SVC_RESP, clientId = 0, token = 38385, payloadLen = 8, result = 0, payload.size() = 8
11-20 07:25:34.156 W/ActivityManager( 1186): Invalid packageName: com.facebook.wearable.system.settings/com.facebook.wearable.system.settings.SettingsActivity
11-20 07:25:34.295 I/ActivityTaskManager( 1186): START u0 {flg=0x10000000 cmp=com.facebook.wearable.system.settings/.SettingsActivity} from uid 0
11-20 07:25:34.313 I/ActivityTaskManager( 1186): The Process com.facebook.wearable.system.settings Already Exists in BG. So sending its PID: 13351
11-20 07:25:34.314 W/ActivityTaskManager( 1186): Tried to set launchTime (0) < mLastActivityLaunchTime (56191044)
11-20 07:25:34.413 I/DropBoxManagerService( 1186): add tag=system_server_strictmode isTagEnabled=true flags=0x2
11-20 07:25:34.515 I/chatty  ( 1186): uid=1000(system) android.io identical 8 lines
11-20 07:25:34.526 I/DropBoxManagerService( 1186): add tag=system_server_strictmode isTagEnabled=true flags=0x2
11-20 07:25:37.037 E/TaskPersister( 1186): File error accessing recents directory (directory doesn't exist?).
11-20 07:25:41.890 W/ContextImpl( 1186): Calling a method in the system process without a qualified user: android.app.ContextImpl.sendBroadcastMultiplePermissions:1143 android.content.Context.sendBroadcastWithMultiplePermissions:2150 com.android.server.display.WifiDisplayAdapter.handleSendStatusChangeBroadcast:440 com.android.server.display.WifiDisplayAdapter.access$1700:63 com.android.server.display.WifiDisplayAdapter$WifiDisplayHandler.handleMessage:675 
11-20 07:25:42.199 D/ConnectivityService( 1186): handleLingerComplete for [101 CELLULAR]
11-20 07:25:42.326 D/commandrouter( 1006): SocServiceHandle::onServiceMessage, SoC Service = mcu_healthcheck_1186, appType = 1, type = SVC_REQ, clientId = 0, token = 98, payloadLen = 12, result = 0, payload.size() = 12
11-20 07:25:42.329 D/commandrouter( 1006): mcu_healthcheck_1186 (1, merlot:mcu_health:control): <ServiceResponse> FORWARDED (remote -> local) CR token ID = 98, service client ID = 39, token ID = 32280, result = 0
11-20 07:25:42.330 D/McuReachableCollector( 1186): call isMcuReachable, result true
11-20 07:25:42.398 I/wificond(  911): Fail RSSI polling because wifi is not associated.
11-20 07:25:42.430 D/ConnectivityService( 1186): [153 WIFI] EVENT_NETWORK_INFO_CHANGED, going from CONNECTED to DISCONNECTED
11-20 07:25:42.430 D/ConnectivityService( 1186): [153 WIFI] disconnected, was satisfying 25
11-20 07:25:42.521 I/Nat464Xlat( 1186): Android Xlat is disabled
11-20 07:25:42.521 I/Nat464Xlat( 1186): Android Xlat is disabled
11-20 07:25:42.543 D/ConnectivityService( 1186): Sending DISCONNECTED broadcast for type 1 [153 WIFI] isDefaultNetwork=true
11-20 07:25:42.549 D/ConnectivityService( 1186): NetReassign [44 : null  101, 1191 : null  101, 11 : null  101, 63 : null  101, 17 : null  101, 25 : null  101, 1 : null  101, 1196 : null  101, 8 : null  101, 654 : null  101, 12 : null  101, 14 : null  101, 16 : null  101, 22 : null  101]
11-20 07:25:42.552 E/NetlinkEvent(  462): NetlinkEvent::FindParam(): Parameter 'INTERFACE' not found
11-20 07:25:42.552 E/NetlinkEvent(  462): NetlinkEvent::FindParam(): Parameter 'STATE' not found
11-20 07:25:42.552 E/NetlinkEvent(  462): NetlinkEvent::FindParam(): Parameter 'TIME_NS' not found
11-20 07:25:42.552 E/NetlinkEvent(  462): NetlinkEvent::FindParam(): Parameter 'UID' not found
11-20 07:25:42.565 D/ConnectivityService( 1186): Switching to new default network: NetworkAgentInfo{ ni{[type: MOBILE[LTE], state: CONNECTED/CONNECTED, reason: (unspecified), extra: enhancedphone, failover: false, available: true, roaming: false]}  network{101}  nethandle{437197393933}  lp{{InterfaceName: rmnet_data2 LinkAddresses: [ 10.55.48.101/30,2600:381:4804:c4b6:8cdc:8f0b:afe1:ec6b/64 ] DnsAddresses: [ /172.26.38.2,/fc00:a:a::400 ] Domains: null MTU: 1430 TcpBufferSizes: 2097152,4194304,8388608,262144,524288,1048576 Routes: [ 0.0.0.0/0 -> 10.55.48.102 rmnet_data2 mtu 1430,::/0 -> fe80::9db2:334d:2872:1e0a rmnet_data2 mtu 1430,10.55.48.100/30 -> 0.0.0.0 rmnet_data2 mtu 0,2600:381:4804:c4b6::/64 -> :: rmnet_data2 mtu 0 ]}}  nc{[ Transports: CELLULAR Capabilities: MMS&SUPL&FOTA&INTERNET&NOT_RESTRICTED&TRUSTED&NOT_VPN&VALIDATED&NOT_ROAMING&NOT_CONGESTED&NOT_SUSPENDED LinkUpBandwidth>=15000Kbps LinkDnBandwidth>=30000Kbps Specifier: <TelephonyNetworkSpecifier [mSubId = 1]> AdministratorUids: [] RequestorUid: -1 RequestorPackageName: null]}  Score{50}  everValidated{true}  lastValidated{true}  created{true} lingering{false} explicitlySelected{false} acceptUnvalidated{false} everCaptivePortalDetected{false} lastCaptivePortalDetected{false} partialConnectivity{false} acceptPartialConnectivity{false} clat{mBaseIface: null, mIface: null, mState: IDLE} }
11-20 07:25:42.804 D/ConnectivityService( 1186): Sending CONNECTED broadcast for type 0 [101 CELLULAR] isDefaultNetwork=true
11-20 07:25:42.848 D/WearableBatteryStatsProvider( 1186): ------ BEGIN Bluetooth power supplementing ------
11-20 07:25:42.863 D/RadioActivityCollector( 1186): Logging RadioActivity data: fields={radio_bluetooth_tx_time_unplugged=10709, radio_wifi_sleep_time_unplugged=501422, radio_bluetooth_idle_time_unplugged=12716, radio_wifi_tx_time_unplugged=0, radio_bluetooth_energy_used_unplugged=788206, radio_bluetooth_rx_time_unplugged=22472, radio_wifi_rx_time_unplugged=0, radio_bluetooth_sleep_time_unplugged=554226, radio_wifi_idle_time_unplugged=98709, radio_wifi_energy_used_unplugged=0}, pid=null, uid=null, pids=null, uids=null
11-20 07:25:43.760 D/commandrouter( 1006): rtc_sync (1, rtc:sync): <ServiceRequest> FORWARDED (remote -> local) service client ID = 0, token ID = 38386
11-20 07:25:43.761 D/commandrouter( 1006): SocServiceHandle::onServiceMessage, SoC Service = rtc_sync, appType = 1, type = SVC_RESP, clientId = 0, token = 38386, payloadLen = 8, result = 0, payload.size() = 8
11-20 07:25:45.368 D/commandrouter( 1006): SocServiceHandle::onServiceMessage, SoC Service = mcu_healthcheck_1029, appType = 1, type = SVC_REQ, clientId = 0, token = 1872, payloadLen = 12, result = 0, payload.size() = 12
11-20 07:25:45.373 D/commandrouter( 1006): mcu_healthcheck_1029 (1, merlot:mcu_health:control): <ServiceResponse> FORWARDED (remote -> local) CR token ID = 1872, service client ID = 40, token ID = 32281, result = 0
11-20 07:25:45.374 D/mculinkhealth( 1029): isMcuReachable 1 (6 ms)
11-20 07:25:46.932 D/AutofillManagerService( 1186): onBackKeyPressed()
11-20 07:25:49.637 I/chatty  ( 1186): uid=1000(system) android.ui identical 3 lines
11-20 07:25:50.630 D/AutofillManagerService( 1186): onBackKeyPressed()
11-20 07:25:51.472 E/TaskPersister( 1186): File error accessing recents directory (directory doesn't exist?).
11-20 07:25:51.626 D/AutofillManagerService( 1186): onBackKeyPressed()
11-20 07:25:52.623 I/chatty  ( 1186): uid=1000(system) android.ui identical 1 line
11-20 07:25:53.616 D/AutofillManagerService( 1186): onBackKeyPressed()
11-20 07:25:53.757 D/commandrouter( 1006): rtc_sync (1, rtc:sync): <ServiceRequest> FORWARDED (remote -> local) service client ID = 0, token ID = 38387
11-20 07:25:53.758 D/commandrouter( 1006): SocServiceHandle::onServiceMessage, SoC Service = rtc_sync, appType = 1, type = SVC_RESP, clientId = 0, token = 38387, payloadLen = 8, result = 0, payload.size() = 8
11-20 07:25:54.174 W/ActivityManager( 1186): Invalid packageName: com.facebook.wearable.system.settings/com.facebook.wearable.system.settings.SettingsActivity
11-20 07:25:54.315 I/ActivityTaskManager( 1186): START u0 {flg=0x10000000 cmp=com.facebook.wearable.system.settings/.SettingsActivity} from uid 0
11-20 07:25:54.331 I/ActivityTaskManager( 1186): The Process com.facebook.wearable.system.settings Already Exists in BG. So sending its PID: 13351
11-20 07:25:54.331 W/ActivityTaskManager( 1186): Tried to set launchTime (0) < mLastActivityLaunchTime (56222041)
11-20 07:25:57.955 E/TaskPersister( 1186): File error accessing recents directory (directory doesn't exist?).
11-20 07:26:00.584 D/AppStorageManager( 1186): BEFORE:: Previous Size: 1029799936 Current Size: 1029795840
11-20 07:26:00.584 D/AppStorageManager( 1186): AFTER:: Previous Size: 1029795840 Current Size: 1029795840
11-20 07:26:01.678 W/ContextImpl( 1186): Calling a method in the system process without a qualified user: android.app.ContextImpl.sendBroadcastMultiplePermissions:1143 android.content.Context.sendBroadcastWithMultiplePermissions:2150 com.android.server.display.WifiDisplayAdapter.handleSendStatusChangeBroadcast:440 com.android.server.display.WifiDisplayAdapter.access$1700:63 com.android.server.display.WifiDisplayAdapter$WifiDisplayHandler.handleMessage:675 
11-20 07:26:02.729 W/ContextImpl( 1186): Calling a method in the system process without a qualified user: android.app.ContextImpl.sendBroadcastMultiplePermissions:1143 android.content.Context.sendBroadcastWithMultiplePermissions:2150 com.android.server.wifi.p2p.WifiP2pServiceImpl$P2pStateMachine.sendBroadcastMultiplePermissions:3209 com.android.server.wifi.p2p.WifiP2pServiceImpl$P2pStateMachine.sendP2pConnectionChangedBroadcast:3236 com.android.server.wifi.p2p.WifiP2pServiceImpl$P2pStateMachine.access$5100:768 
11-20 07:26:02.731 W/BroadcastQueue( 1186): Permission Denial: receiving Intent { act=android.net.wifi.p2p.CONNECTION_STATE_CHANGE flg=0x24000010 (has extras) } to ProcessRecord{688c834 1907:.qtidataservices/u0a88} (pid=1907, uid=10088) requires android.permission.ACCESS_FINE_LOCATION due to sender android (uid 1000)
11-20 07:26:02.736 W/ContextImpl( 1186): Calling a method in the system process without a qualified user: android.app.ContextImpl.sendBroadcastMultiplePermissions:1143 android.content.Context.sendBroadcastWithMultiplePermissions:2150 com.android.server.wifi.p2p.WifiP2pServiceImpl$P2pStateMachine.sendBroadcastMultiplePermissions:3209 com.android.server.wifi.p2p.WifiP2pServiceImpl$P2pStateMachine.sendThisDeviceChangedBroadcast:3218 com.android.server.wifi.p2p.WifiP2pServiceImpl$P2pStateMachine.updateThisDevice:3962 
11-20 07:26:02.774 W/wificond(  911): Scan is not started. Ignore abort request
11-20 07:26:03.137 D/ConnectivityService( 1186): registerNetworkAgent NetworkAgentInfo{ ni{[type: WIFI[], state: UNKNOWN/IDLE, reason: (unspecified), extra: , failover: false, available: true, roaming: false]}  network{154}  nethandle{664830660621}  lp{{InterfaceName: wlan0 LinkAddresses: [ ] DnsAddresses: [ ] Domains: null MTU: 0 Routes: [ ]}}  nc{[ Transports: WIFI Capabilities: NOT_METERED&INTERNET&NOT_RESTRICTED&TRUSTED&NOT_VPN&NOT_ROAMING&FOREGROUND&NOT_CONGESTED&NOT_SUSPENDED LinkUpBandwidth>=72000Kbps LinkDnBandwidth>=72000Kbps OwnerUid: 1000 SSID: "MTBF_Lab" RequestorUid: -1 RequestorPackageName: null]}  Score{20}  everValidated{false}  lastValidated{false}  created{false} lingering{false} explicitlySelected{false} acceptUnvalidated{false} everCaptivePortalDetected{false} lastCaptivePortalDetected{false} partialConnectivity{false} acceptPartialConnectivity{false} clat{mBaseIface: null, mIface: null, mState: IDLE} }
11-20 07:26:03.156 D/ConnectivityService( 1186): [154 WIFI] EVENT_NETWORK_INFO_CHANGED, going from UNKNOWN to UNKNOWN
11-20 07:26:03.281 D/ConnectivityService( 1186): NetReassign [no changes]
11-20 07:26:03.304 I/Nat464Xlat( 1186): Android Xlat is disabled
11-20 07:26:03.304 I/Nat464Xlat( 1186): Android Xlat is disabled
11-20 07:26:03.430 E/ConnectivityService( 1186): Exception in networkAddRouteParcel for non-gateway: android.os.ServiceSpecificException: Machine is not on the network (code 64)
11-20 07:26:03.431 E/ConnectivityService( 1186): Exception in networkAddRouteParcel for gateway: android.os.ServiceSpecificException: Machine is not on the network (code 64)
11-20 07:26:03.431 I/Nat464Xlat( 1186): Android Xlat is disabled
11-20 07:26:03.431 I/Nat464Xlat( 1186): Android Xlat is disabled
11-20 07:26:03.555 D/ConnectivityService( 1186): Setting DNS servers for network 154 to [/192.168.1.1]
11-20 07:26:03.558 I/Nat464Xlat( 1186): Android Xlat is disabled
11-20 07:26:03.558 I/Nat464Xlat( 1186): Android Xlat is disabled
11-20 07:26:03.708 D/ConnectivityService( 1186): [154 WIFI] EVENT_NETWORK_INFO_CHANGED, going from UNKNOWN to CONNECTED
11-20 07:26:03.711 D/DnsManager( 1186): sendDnsConfigurationForNetwork(154, [192.168.1.1], [], 1800, 25, 8, 64, 0, 0, , [])
11-20 07:26:03.715 W/DnsManager( 1186): updatePrivateDns(154, PrivateDnsConfig{true:/[]})
11-20 07:26:03.715 D/ConnectivityService( 1186): Setting DNS servers for network 154 to [/192.168.1.1]
11-20 07:26:03.715 D/DnsManager( 1186): sendDnsConfigurationForNetwork(154, [192.168.1.1], [], 1800, 25, 8, 64, 0, 0, , [192.168.1.1])
11-20 07:26:03.718 D/ConnectivityService( 1186): Adding iface wlan0 to network 154
11-20 07:26:03.746 D/ConnectivityService( 1186): Setting DNS servers for network 154 to [/192.168.1.1]
11-20 07:26:03.747 D/DnsManager( 1186): sendDnsConfigurationForNetwork(154, [192.168.1.1], [], 1800, 25, 8, 64, 0, 0, , [192.168.1.1])
11-20 07:26:03.749 I/Nat464Xlat( 1186): Android Xlat is disabled
11-20 07:26:03.749 I/Nat464Xlat( 1186): Android Xlat is disabled
11-20 07:26:03.761 D/commandrouter( 1006): rtc_sync (1, rtc:sync): <ServiceRequest> FORWARDED (remote -> local) service client ID = 0, token ID = 38388
11-20 07:26:03.762 D/commandrouter( 1006): SocServiceHandle::onServiceMessage, SoC Service = rtc_sync, appType = 1, type = SVC_RESP, clientId = 0, token = 38388, payloadLen = 8, result = 0, payload.size() = 8
11-20 07:26:03.831 D/ConnectivityService( 1186): NetReassign [no changes]
11-20 07:26:03.982 D/ConnectivityService( 1186): [154 WIFI] validation passed
11-20 07:26:03.983 D/ConnectivityService( 1186): NetReassign [44 : 101  154, 1191 : 101  154, 11 : 101  154, 63 : 101  154, 17 : 101  154, 25 : 101  154, 1 : 101  154, 1196 : 101  154, 8 : 101  154, 654 : 101  154, 12 : 101  154, 14 : 101  154, 16 : 101  154, 22 : 101  154]
11-20 07:26:03.986 E/NetlinkEvent(  462): NetlinkEvent::FindParam(): Parameter 'INTERFACE' not found
11-20 07:26:03.986 E/NetlinkEvent(  462): NetlinkEvent::FindParam(): Parameter 'STATE' not found
11-20 07:26:03.986 E/NetlinkEvent(  462): NetlinkEvent::FindParam(): Parameter 'TIME_NS' not found
11-20 07:26:03.986 E/NetlinkEvent(  462): NetlinkEvent::FindParam(): Parameter 'UID' not found
11-20 07:26:04.008 D/ConnectivityService( 1186): Switching to new default network: NetworkAgentInfo{ ni{[type: WIFI[], state: CONNECTED/CONNECTED, reason: (unspecified), extra: , failover: false, available: true, roaming: false]}  network{154}  nethandle{664830660621}  lp{{InterfaceName: wlan0 LinkAddresses: [ 192.168.1.41/24 ] DnsAddresses: [ /192.168.1.1 ] Domains: null MTU: 0 ServerAddress: /192.168.1.1 TcpBufferSizes: 524288,1048576,2097152,262144,524288,1048576 Routes: [ fe80::/64 -> :: wlan0 mtu 0,192.168.1.0/24 -> 0.0.0.0 wlan0 mtu 0,0.0.0.0/0 -> 192.168.1.1 wlan0 mtu 0 ]}}  nc{[ Transports: WIFI Capabilities: NOT_METERED&INTERNET&NOT_RESTRICTED&TRUSTED&NOT_VPN&VALIDATED&NOT_ROAMING&FOREGROUND&NOT_CONGESTED&NOT_SUSPENDED LinkUpBandwidth>=61000Kbps LinkDnBandwidth>=61000Kbps SignalStrength: -32 OwnerUid: 1000 SSID: "MTBF_Lab" RequestorUid: -1 RequestorPackageName: null]}  Score{60}  everValidated{true}  lastValidated{true}  created{true} lingering{false} explicitlySelected{false} acceptUnvalidated{false} everCaptivePortalDetected{false} lastCaptivePortalDetected{false} partialConnectivity{false} acceptPartialConnectivity{false} clat{mBaseIface: null, mIface: null, mState: IDLE} }
11-20 07:26:04.155 D/ConnectivityService( 1186): Lingering [101 CELLULAR] for 30000ms
11-20 07:26:04.159 D/ConnectivityService( 1186): Sending DISCONNECTED broadcast for type 0 [101 CELLULAR] isDefaultNetwork=true
11-20 07:26:04.161 D/ConnectivityService( 1186): Sending CONNECTED broadcast for type 1 [154 WIFI] isDefaultNetwork=true
11-20 07:26:04.181 D/ConnectivityService( 1186): Setting DNS servers for network 154 to [/192.168.1.1]
11-20 07:26:04.182 D/DnsManager( 1186): sendDnsConfigurationForNetwork(154, [192.168.1.1], [], 1800, 25, 8, 64, 0, 0, , [192.168.1.1])
11-20 07:26:04.438 I/Nat464Xlat( 1186): Android Xlat is disabled
11-20 07:26:04.439 I/Nat464Xlat( 1186): Android Xlat is disabled
11-20 07:26:09.061 D/commandrouter( 1006): SocServiceHandle::onServiceMessage, SoC Service = mcu_healthcheck_934, appType = 1, type = SVC_REQ, clientId = 0, token = 936, payloadLen = 20, result = 0, payload.size() = 20
11-20 07:26:09.065 D/commandrouter( 1006): mcu_healthcheck_934 (1, merlot:mcu_health:control): <ServiceResponse> FORWARDED (remote -> local) CR token ID = 936, service client ID = 5, token ID = 32282, result = 0
11-20 07:26:13.762 D/commandrouter( 1006): rtc_sync (1, rtc:sync): <ServiceRequest> FORWARDED (remote -> local) service client ID = 0, token ID = 38389
11-20 07:26:13.763 D/commandrouter( 1006): SocServiceHandle::onServiceMessage, SoC Service = rtc_sync, appType = 1, type = SVC_RESP, clientId = 0, token = 38389, payloadLen = 8, result = 0, payload.size() = 8
11-20 07:26:15.375 D/commandrouter( 1006): SocServiceHandle::onServiceMessage, SoC Service = mcu_healthcheck_1029, appType = 1, type = SVC_REQ, clientId = 0, token = 1873, payloadLen = 12, result = 0, payload.size() = 12
11-20 07:26:15.380 D/commandrouter( 1006): mcu_healthcheck_1029 (1, merlot:mcu_health:control): <ServiceResponse> FORWARDED (remote -> local) CR token ID = 1873, service client ID = 40, token ID = 32283, result = 0
11-20 07:26:15.380 D/mculinkhealth( 1029): isMcuReachable 1 (5 ms)
11-20 07:26:22.953 D/AutofillManagerService( 1186): onBackKeyPressed()
11-20 07:26:23.488 D/AutofillManagerService( 1186): onBackKeyPressed()
11-20 07:26:23.763 D/commandrouter( 1006): rtc_sync (1, rtc:sync): <ServiceRequest> FORWARDED (remote -> local) service client ID = 0, token ID = 38390
11-20 07:26:23.764 D/commandrouter( 1006): SocServiceHandle::onServiceMessage, SoC Service = rtc_sync, appType = 1, type = SVC_RESP, clientId = 0, token = 38390, payloadLen = 8, result = 0, payload.size() = 8
11-20 07:26:24.011 D/AutofillManagerService( 1186): onBackKeyPressed()
11-20 07:26:25.632 D/AutofillManagerService( 1186): onBackKeyPressed()
11-20 07:26:26.171 W/ActivityManager( 1186): Invalid packageName: com.facebook.wearable.system.settings/com.facebook.wearable.system.settings.SettingsActivity
11-20 07:26:26.316 I/ActivityTaskManager( 1186): START u0 {flg=0x10000000 cmp=com.facebook.wearable.system.settings/.SettingsActivity} from uid 0
11-20 07:26:26.336 I/ActivityTaskManager( 1186): The Process com.facebook.wearable.system.settings Already Exists in BG. So sending its PID: 13351
11-20 07:26:26.337 W/ActivityTaskManager( 1186): Tried to set launchTime (0) < mLastActivityLaunchTime (56242058)
11-20 07:26:28.581 E/TaskPersister( 1186): File error accessing recents directory (directory doesn't exist?).
11-20 07:26:32.562 D/AnalyticsLogger( 1186): sent events: 13
11-20 07:26:33.769 D/commandrouter( 1006): rtc_sync (1, rtc:sync): <ServiceRequest> FORWARDED (remote -> local) service client ID = 0, token ID = 38391
11-20 07:26:33.769 D/commandrouter( 1006): SocServiceHandle::onServiceMessage, SoC Service = rtc_sync, appType = 1, type = SVC_RESP, clientId = 0, token = 38391, payloadLen = 8, result = 0, payload.size() = 8
11-20 07:26:33.942 W/ContextImpl( 1186): Calling a method in the system process without a qualified user: android.app.ContextImpl.sendBroadcastMultiplePermissions:1143 android.content.Context.sendBroadcastWithMultiplePermissions:2150 com.android.server.display.WifiDisplayAdapter.handleSendStatusChangeBroadcast:440 com.android.server.display.WifiDisplayAdapter.access$1700:63 com.android.server.display.WifiDisplayAdapter$WifiDisplayHandler.handleMessage:675 
11-20 07:26:33.983 D/ConnectivityService( 1186): handleLingerComplete for [101 CELLULAR]
11-20 07:26:34.364 I/wificond(  911): Fail RSSI polling because wifi is not associated.
11-20 07:26:34.406 D/ConnectivityService( 1186): [154 WIFI] EVENT_NETWORK_INFO_CHANGED, going from CONNECTED to DISCONNECTED
11-20 07:26:34.406 D/ConnectivityService( 1186): [154 WIFI] disconnected, was satisfying 25
11-20 07:26:34.500 I/Nat464Xlat( 1186): Android Xlat is disabled
11-20 07:26:34.500 I/Nat464Xlat( 1186): Android Xlat is disabled
11-20 07:26:34.541 D/ConnectivityService( 1186): Sending DISCONNECTED broadcast for type 1 [154 WIFI] isDefaultNetwork=true
11-20 07:26:34.544 D/ConnectivityService( 1186): NetReassign [44 : null  101, 1191 : null  101, 11 : null  101, 63 : null  101, 17 : null  101, 25 : null  101, 1 : null  101, 1196 : null  101, 8 : null  101, 654 : null  101, 12 : null  101, 14 : null  101, 16 : null  101, 22 : null  101]
11-20 07:26:34.578 E/NetlinkEvent(  462): NetlinkEvent::FindParam(): Parameter 'INTERFACE' not found
11-20 07:26:34.578 E/NetlinkEvent(  462): NetlinkEvent::FindParam(): Parameter 'STATE' not found
11-20 07:26:34.578 E/NetlinkEvent(  462): NetlinkEvent::FindParam(): Parameter 'TIME_NS' not found
11-20 07:26:34.578 E/NetlinkEvent(  462): NetlinkEvent::FindParam(): Parameter 'UID' not found
11-20 07:26:34.590 D/ConnectivityService( 1186): Switching to new default network: NetworkAgentInfo{ ni{[type: MOBILE[LTE], state: CONNECTED/CONNECTED, reason: (unspecified), extra: enhancedphone, failover: false, available: true, roaming: false]}  network{101}  nethandle{437197393933}  lp{{InterfaceName: rmnet_data2 LinkAddresses: [ 10.55.48.101/30,2600:381:4804:c4b6:8cdc:8f0b:afe1:ec6b/64 ] DnsAddresses: [ /172.26.38.2,/fc00:a:a::400 ] Domains: null MTU: 1430 TcpBufferSizes: 2097152,4194304,8388608,262144,524288,1048576 Routes: [ 0.0.0.0/0 -> 10.55.48.102 rmnet_data2 mtu 1430,::/0 -> fe80::9db2:334d:2872:1e0a rmnet_data2 mtu 1430,10.55.48.100/30 -> 0.0.0.0 rmnet_data2 mtu 0,2600:381:4804:c4b6::/64 -> :: rmnet_data2 mtu 0 ]}}  nc{[ Transports: CELLULAR Capabilities: MMS&SUPL&FOTA&INTERNET&NOT_RESTRICTED&TRUSTED&NOT_VPN&VALIDATED&NOT_ROAMING&NOT_CONGESTED&NOT_SUSPENDED LinkUpBandwidth>=15000Kbps LinkDnBandwidth>=30000Kbps Specifier: <TelephonyNetworkSpecifier [mSubId = 1]> AdministratorUids: [] RequestorUid: -1 RequestorPackageName: null]}  Score{50}  everValidated{true}  lastValidated{true}  created{true} lingering{false} explicitlySelected{false} acceptUnvalidated{false} everCaptivePortalDetected{false} lastCaptivePortalDetected{false} partialConnectivity{false} acceptPartialConnectivity{false} clat{mBaseIface: null, mIface: null, mState: IDLE} }
11-20 07:26:34.710 D/ConnectivityService( 1186): Sending CONNECTED broadcast for type 0 [101 CELLULAR] isDefaultNetwork=true
11-20 07:26:38.927 D/AutofillManagerService( 1186): onBackKeyPressed()
11-20 07:26:41.630 I/chatty  ( 1186): uid=1000(system) android.ui identical 3 lines
11-20 07:26:42.624 D/AutofillManagerService( 1186): onBackKeyPressed()
11-20 07:26:43.506 E/TaskPersister( 1186): File error accessing recents directory (directory doesn't exist?).
11-20 07:26:43.637 D/AutofillManagerService( 1186): onBackKeyPressed()
11-20 07:26:43.776 D/commandrouter( 1006): rtc_sync (1, rtc:sync): <ServiceRequest> FORWARDED (remote -> local) service client ID = 0, token ID = 38392
11-20 07:26:43.777 D/commandrouter( 1006): SocServiceHandle::onServiceMessage, SoC Service = rtc_sync, appType = 1, type = SVC_RESP, clientId = 0, token = 38392, payloadLen = 8, result = 0, payload.size() = 8
11-20 07:26:44.629 D/AutofillManagerService( 1186): onBackKeyPressed()
11-20 07:26:45.382 D/commandrouter( 1006): SocServiceHandle::onServiceMessage, SoC Service = mcu_healthcheck_1029, appType = 1, type = SVC_REQ, clientId = 0, token = 1874, payloadLen = 12, result = 0, payload.size() = 12
11-20 07:26:45.386 D/commandrouter( 1006): mcu_healthcheck_1029 (1, merlot:mcu_health:control): <ServiceResponse> FORWARDED (remote -> local) CR token ID = 1874, service client ID = 40, token ID = 32284, result = 0
11-20 07:26:45.386 D/mculinkhealth( 1029): isMcuReachable 1 (4 ms)
11-20 07:26:45.627 D/AutofillManagerService( 1186): onBackKeyPressed()
11-20 07:26:46.160 W/ActivityManager( 1186): Invalid packageName: com.facebook.wearable.system.settings/com.facebook.wearable.system.settings.SettingsActivity
11-20 07:26:46.293 I/ActivityTaskManager( 1186): START u0 {flg=0x10000000 cmp=com.facebook.wearable.system.settings/.SettingsActivity} from uid 0
11-20 07:26:46.307 I/ActivityTaskManager( 1186): The Process com.facebook.wearable.system.settings Already Exists in BG. So sending its PID: 13351
11-20 07:26:46.308 W/ActivityTaskManager( 1186): Tried to set launchTime (0) < mLastActivityLaunchTime (56274064)
11-20 07:26:49.923 E/TaskPersister( 1186): File error accessing recents directory (directory doesn't exist?).
11-20 07:26:52.977 W/ContextImpl( 1186): Calling a method in the system process without a qualified user: android.app.ContextImpl.sendBroadcastMultiplePermissions:1143 android.content.Context.sendBroadcastWithMultiplePermissions:2150 com.android.server.display.WifiDisplayAdapter.handleSendStatusChangeBroadcast:440 com.android.server.display.WifiDisplayAdapter.access$1700:63 com.android.server.display.WifiDisplayAdapter$WifiDisplayHandler.handleMessage:675 
11-20 07:26:53.782 D/commandrouter( 1006): rtc_sync (1, rtc:sync): <ServiceRequest> FORWARDED (remote -> local) service client ID = 0, token ID = 38393
11-20 07:26:53.783 D/commandrouter( 1006): SocServiceHandle::onServiceMessage, SoC Service = rtc_sync, appType = 1, type = SVC_RESP, clientId = 0, token = 38393, payloadLen = 8, result = 0, payload.size() = 8
11-20 07:26:53.956 W/ContextImpl( 1186): Calling a method in the system process without a qualified user: android.app.ContextImpl.sendBroadcastMultiplePermissions:1143 android.content.Context.sendBroadcastWithMultiplePermissions:2150 com.android.server.wifi.p2p.WifiP2pServiceImpl$P2pStateMachine.sendBroadcastMultiplePermissions:3209 com.android.server.wifi.p2p.WifiP2pServiceImpl$P2pStateMachine.sendP2pConnectionChangedBroadcast:3236 com.android.server.wifi.p2p.WifiP2pServiceImpl$P2pStateMachine.access$5100:768 
11-20 07:26:53.957 W/BroadcastQueue( 1186): Permission Denial: receiving Intent { act=android.net.wifi.p2p.CONNECTION_STATE_CHANGE flg=0x24000010 (has extras) } to ProcessRecord{688c834 1907:.qtidataservices/u0a88} (pid=1907, uid=10088) requires android.permission.ACCESS_FINE_LOCATION due to sender android (uid 1000)
11-20 07:26:53.962 W/ContextImpl( 1186): Calling a method in the system process without a qualified user: android.app.ContextImpl.sendBroadcastMultiplePermissions:1143 android.content.Context.sendBroadcastWithMultiplePermissions:2150 com.android.server.wifi.p2p.WifiP2pServiceImpl$P2pStateMachine.sendBroadcastMultiplePermissions:3209 com.android.server.wifi.p2p.WifiP2pServiceImpl$P2pStateMachine.sendThisDeviceChangedBroadcast:3218 com.android.server.wifi.p2p.WifiP2pServiceImpl$P2pStateMachine.updateThisDevice:3962 
11-20 07:26:53.980 W/wificond(  911): Scan is not started. Ignore abort request
11-20 07:26:54.434 D/ConnectivityService( 1186): registerNetworkAgent NetworkAgentInfo{ ni{[type: WIFI[], state: UNKNOWN/IDLE, reason: (unspecified), extra: , failover: false, available: true, roaming: false]}  network{155}  nethandle{669125627917}  lp{{InterfaceName: wlan0 LinkAddresses: [ ] DnsAddresses: [ ] Domains: null MTU: 0 Routes: [ ]}}  nc{[ Transports: WIFI Capabilities: NOT_METERED&INTERNET&NOT_RESTRICTED&TRUSTED&NOT_VPN&NOT_ROAMING&FOREGROUND&NOT_CONGESTED&NOT_SUSPENDED LinkUpBandwidth>=72000Kbps LinkDnBandwidth>=72000Kbps OwnerUid: 1000 SSID: "MTBF_Lab" RequestorUid: -1 RequestorPackageName: null]}  Score{20}  everValidated{false}  lastValidated{false}  created{false} lingering{false} explicitlySelected{false} acceptUnvalidated{false} everCaptivePortalDetected{false} lastCaptivePortalDetected{false} partialConnectivity{false} acceptPartialConnectivity{false} clat{mBaseIface: null, mIface: null, mState: IDLE} }
11-20 07:26:54.451 D/ConnectivityService( 1186): [155 WIFI] EVENT_NETWORK_INFO_CHANGED, going from UNKNOWN to UNKNOWN
--------- beginning of main
11-20 07:26:54.456 D/QCNEJ/WlanStaInfoRelay( 1907): Received action: android.net.wifi.STATE_CHANGE
11-20 07:26:54.457 D/BluetoothVendorService( 1710): setWifiState to: true
11-20 07:26:54.458 I/BluetoothVendorJni( 1710): setWifiStateNative
11-20 07:26:54.458 I/bt_btif_vendor( 1710): setWifiState :1
11-20 07:26:54.482 I/chatty  ( 1186): uid=1000(system) WifiHandlerThre expire 2 lines
11-20 07:26:54.484 V/WifiHAL (  544): WifiVendorCommand 0x984ec000 created vendor_id:0x1374 subcmd:83
11-20 07:26:54.484 E/WifiHAL (  544): wifi_get_packet_filter_capabilities: requestResponse() error: -3
11-20 07:26:54.485 I/WifiHAL (  544): Packet filtering is not supprted
11-20 07:26:54.601 D/QCNEJ/WlanStaInfoRelay( 1907): Received action: android.net.wifi.RSSI_CHANGED
11-20 07:26:54.601 D/WearableConnectivityManager(11143): onWifiStrengthChange: -31
11-20 07:26:54.605 D/ConnectivityService( 1186): NetReassign [no changes]
11-20 07:26:54.605 V/WifiHAL (  544): WifiVendorCommand 0x986b8148 created vendor_id:0x1374 subcmd:82
11-20 07:26:54.605 V/WifiHAL (  544): ND offload : Enable
11-20 07:26:54.624 E/QMI_FW  (  915): qmi_cci_get_ref: ref count increased 2
11-20 07:26:54.626 E/QMI_FW  (  915): qmi_cci_get_ref: ref count increased 2
11-20 07:26:54.629 E/Netd    (  462): no such netId 155
11-20 07:26:54.630 I/Nat464Xlat( 1186): Android Xlat is disabled
11-20 07:26:54.691 I/chatty  ( 1186): uid=1000 system_server expire 2 lines
11-20 07:26:54.708 D/DhcpClient( 1186): Received packet: 6a:fd:b2:a8:97:f8 ACK: your new IP /192.168.1.41, netmask /255.255.255.0, gateways [/192.168.1.1] DNS servers: /192.168.1.1 , lease time 86400
11-20 07:26:54.710 D/DhcpClient( 1186): Received packet: 6a:fd:b2:a8:97:f8 ACK: your new IP /192.168.1.41, netmask /255.255.255.0, gateways [/192.168.1.1] DNS servers: /192.168.1.1 , lease time 86400
11-20 07:26:54.711 D/DhcpClient( 1186): Confirmed lease: android.net.networkstack.DhcpResults@34cba9b DHCP server /192.168.1.1 Vendor info null lease 86400 seconds Servername 
11-20 07:26:54.745 D/BluetoothAdapterService( 1710): android.net.wifi.STATE_CHANGE
11-20 07:26:54.745 D/QCNEJ/WlanStaInfoRelay( 1907): Received action: android.net.wifi.STATE_CHANGE
11-20 07:26:54.746 D/WifiConnector( 2870): Network State Changed
11-20 07:26:54.746 E/Netd    (  462): no such netId 155
11-20 07:26:54.747 D/DhcpClient( 1186): Scheduling renewal in 43199s
11-20 07:26:54.747 D/DhcpClient( 1186): Scheduling rebind in 75599s
11-20 07:26:54.747 D/DhcpClient( 1186): Scheduling expiry in 86399s
11-20 07:26:54.748 D/BluetoothVendorService( 1710): setWifiState to: true
11-20 07:26:54.748 I/BluetoothVendorJni( 1710): setWifiStateNative
11-20 07:26:54.748 I/bt_btif_vendor( 1710): setWifiState :1
11-20 07:26:54.633 I/Nat464Xlat( 1186): Android Xlat is disabled
11-20 07:26:54.749 E/ConnectivityService( 1186): Exception in networkAddRouteParcel for non-gateway: android.os.ServiceSpecificException: Machine is not on the network (code 64)
11-20 07:26:54.749 E/Netd    (  462): no such netId 155
11-20 07:26:54.750 E/ConnectivityService( 1186): Exception in networkAddRouteParcel for gateway: android.os.ServiceSpecificException: Machine is not on the network (code 64)
11-20 07:26:54.750 I/Nat464Xlat( 1186): Android Xlat is disabled
11-20 07:26:54.761 D/QCNEJ/WlanStaInfoRelay( 1907): Received action: android.net.wifi.STATE_CHANGE
11-20 07:26:54.761 D/BluetoothAdapterService( 1710): android.net.wifi.STATE_CHANGE
11-20 07:26:54.762 D/WifiConnector( 2870): Network State Changed
11-20 07:26:54.765 D/WifiConnector( 2870): Configured Networks Changed
11-20 07:26:54.769 W/WifiScoreReport( 1186): Cannot start external scoring netId=155 currentNetId=155 sessionId=1557
11-20 07:26:54.772 E/QMI_FW  (  915): qmi_cci_get_ref: ref count increased 2
11-20 07:26:54.774 D/BluetoothVendorService( 1710): setWifiState to: true
11-20 07:26:54.774 I/BluetoothVendorJni( 1710): setWifiStateNative
11-20 07:26:54.774 I/bt_btif_vendor( 1710): setWifiState :1
11-20 07:26:54.775 E/QMI_FW  (  915): qmi_cci_get_ref: ref count increased 2
11-20 07:26:54.790 D/WifiMemoryStoreImpl( 1186): Set cluster Ga6eb8feabe7908d4 for W958a1754935a727: SUCCESS
11-20 07:26:54.750 I/Nat464Xlat( 1186): Android Xlat is disabled
11-20 07:26:54.807 D/ConnectivityService( 1186): Setting DNS servers for network 155 to [/192.168.1.1]
11-20 07:26:54.808 I/Nat464Xlat( 1186): Android Xlat is disabled
11-20 07:26:54.835 E/QMI_FW  ( 1042): qmi_cci_get_ref: ref count increased 2
11-20 07:26:54.835 E/QMI_FW  ( 1042): qmi_cci_get_ref: ref count increased 2
11-20 07:26:54.835 E/QMI_FW  ( 1042): qmi_cci_get_ref: ref count increased 2
11-20 07:26:54.857 D/WifiMemoryStoreImpl( 1186): Set cluster Ga6eb8feabe7908d4 for Wa6eb8feabe7908d4: SUCCESS
11-20 07:26:54.808 I/Nat464Xlat( 1186): Android Xlat is disabled
11-20 07:26:54.890 D/ConnectivityService( 1186): [155 WIFI] EVENT_NETWORK_INFO_CHANGED, going from UNKNOWN to CONNECTED
11-20 07:26:54.893 D/DnsManager( 1186): sendDnsConfigurationForNetwork(155, [192.168.1.1], [], 1800, 25, 8, 64, 0, 0, , [])
11-20 07:26:54.897 W/DnsManager( 1186): updatePrivateDns(155, PrivateDnsConfig{true:/[]})
11-20 07:26:54.897 D/ConnectivityService( 1186): Setting DNS servers for network 155 to [/192.168.1.1]
11-20 07:26:54.898 D/DnsManager( 1186): sendDnsConfigurationForNetwork(155, [192.168.1.1], [], 1800, 25, 8, 64, 0, 0, , [192.168.1.1])
11-20 07:26:54.899 W/resolv  (  462): Validating DnsTlsServer on netId 155
11-20 07:26:54.906 D/ConnectivityService( 1186): Adding iface wlan0 to network 155
11-20 07:26:54.935 W/resolv  (  462): Validation failed
11-20 07:26:54.943 D/ConnectivityService( 1186): Setting DNS servers for network 155 to [/192.168.1.1]
11-20 07:26:54.943 D/DnsManager( 1186): sendDnsConfigurationForNetwork(155, [192.168.1.1], [], 1800, 25, 8, 64, 0, 0, , [192.168.1.1])
11-20 07:26:54.954 W/resolv  (  462): Validating DnsTlsServer on netId 155
11-20 07:26:54.955 I/Nat464Xlat( 1186): Android Xlat is disabled
11-20 07:26:54.965 W/resolv  (  462): SSL_connect ssl error =5, mark 0xf009b: Connection refused
11-20 07:26:54.966 W/resolv  (  462): Validation failed
11-20 07:26:55.027 I/m.android.phon( 1984): Background young concurrent copying GC freed 147870(15MB) AllocSpace objects, 75(1400KB) LOS objects, 72% free, 6476KB/23MB, paused 7.186ms total 143.833ms
11-20 07:26:55.027 D/WifiClientModeImpl( 1186): Received signal strength thresholds: []
11-20 07:26:54.955 I/Nat464Xlat( 1186): Android Xlat is disabled
11-20 07:26:55.028 D/ConnectivityService( 1186): NetReassign [no changes]
11-20 07:26:55.028 E/WifiVendorHal( 1186): stopRssiMonitoring(l.2106) failed {.code = ERROR_NOT_AVAILABLE, .description = }
11-20 07:26:55.032 D/QCNEJ/WlanStaInfoRelay( 1907): network available: 155
11-20 07:26:55.044 D/QCNEJ/NativeHalConnector( 1907): -> SND notifyWifiAvailable(v4Connected = truev6Connected = , false, isAndroidValidated = false)
11-20 07:26:55.048 D/QCNEJ/NativeHalConnector( 1907): -> SND notifyWifiAvailable(v4Connected = truev6Connected = , false, isAndroidValidated = false)
11-20 07:26:55.093 D/NetworkMonitor/155( 1186): PROBE_DNS connectivitycheck.gstatic.com 51ms OK 142.250.191.67
11-20 07:26:55.095 W/System  ( 1186): ClassLoader referenced unknown path: /system/framework/tcmclient.jar
11-20 07:26:55.103 D/NetworkMonitor/155( 1186): PROBE_DNS www.google.com 59ms OK 142.250.191.68
11-20 07:26:55.137 D/NetworkMonitor/155( 1186): PROBE_HTTP http://connectivitycheck.gstatic.com/generate_204 time=37ms ret=204 request={Connection=[close], User-Agent=[Mozilla/5.0 (X11; Linux x86_64) AppleWebKit/537.36 (KHTML, like Gecko) Chrome/60.0.3112.32 Safari/537.36]} headers={null=[HTTP/1.1 204 No Content], Connection=[close], Content-Length=[0], Date=[Sat, 20 Nov 2021 15:26:56 GMT], X-Android-Received-Millis=[1637422015136], X-Android-Response-Source=[NETWORK 204], X-Android-Selected-Protocol=[http/1.1], X-Android-Sent-Millis=[1637422015121]}
11-20 07:26:55.178 D/NetworkMonitor/155( 1186): PROBE_HTTPS https://www.google.com/generate_204 time=73ms ret=204 request={Connection=[close], User-Agent=[Mozilla/5.0 (X11; Linux x86_64) AppleWebKit/537.36 (KHTML, like Gecko) Chrome/60.0.3112.32 Safari/537.36]} headers={null=[HTTP/1.1 204 No Content], Alt-Svc=[h3=":443"; ma=2592000,h3-29=":443"; ma=2592000,h3-Q050=":443"; ma=2592000,h3-Q046=":443"; ma=2592000,h3-Q043=":443"; ma=2592000,quic=":443"; ma=2592000; v="46,43"], Connection=[close], Content-Length=[0], Date=[Sat, 20 Nov 2021 15:26:56 GMT], X-Android-Received-Millis=[1637422015175], X-Android-Response-Source=[NETWORK 204], X-Android-Selected-Protocol=[http/1.1], X-Android-Sent-Millis=[1637422015152]}
11-20 07:26:55.180 D/NetworkMonitor/155( 1186): isCaptivePortal: isSuccessful()=true isPortal()=false RedirectUrl=null isPartialConnectivity()=false Time=146ms
11-20 07:26:55.181 D/ConnectivityService( 1186): [155 WIFI] validation passed
11-20 07:26:55.182 D/ConnectivityService( 1186): NetReassign [44 : 101  155, 1191 : 101  155, 11 : 101  155, 63 : 101  155, 17 : 101  155, 25 : 101  155, 1 : 101  155, 1196 : 101  155, 8 : 101  155, 654 : 101  155, 12 : 101  155, 14 : 101  155, 16 : 101  155, 22 : 101  155]
11-20 07:26:55.189 E/NetlinkEvent(  462): NetlinkEvent::FindParam(): Parameter 'INTERFACE' not found
11-20 07:26:55.189 E/NetlinkEvent(  462): NetlinkEvent::FindParam(): Parameter 'STATE' not found
11-20 07:26:55.189 E/NetlinkEvent(  462): NetlinkEvent::FindParam(): Parameter 'TIME_NS' not found
11-20 07:26:55.189 E/NetlinkEvent(  462): NetlinkEvent::FindParam(): Parameter 'UID' not found
11-20 07:26:55.208 D/ConnectivityService( 1186): Switching to new default network: NetworkAgentInfo{ ni{[type: WIFI[], state: CONNECTED/CONNECTED, reason: (unspecified), extra: , failover: false, available: true, roaming: false]}  network{155}  nethandle{669125627917}  lp{{InterfaceName: wlan0 LinkAddresses: [ 192.168.1.41/24 ] DnsAddresses: [ /192.168.1.1 ] Domains: null MTU: 0 ServerAddress: /192.168.1.1 TcpBufferSizes: 524288,1048576,2097152,262144,524288,1048576 Routes: [ fe80::/64 -> :: wlan0 mtu 0,192.168.1.0/24 -> 0.0.0.0 wlan0 mtu 0,0.0.0.0/0 -> 192.168.1.1 wlan0 mtu 0 ]}}  nc{[ Transports: WIFI Capabilities: NOT_METERED&INTERNET&NOT_RESTRICTED&TRUSTED&NOT_VPN&VALIDATED&NOT_ROAMING&FOREGROUND&NOT_CONGESTED&NOT_SUSPENDED LinkUpBandwidth>=61000Kbps LinkDnBandwidth>=61000Kbps SignalStrength: -31 OwnerUid: 1000 SSID: "MTBF_Lab" RequestorUid: -1 RequestorPackageName: null]}  Score{60}  everValidated{true}  lastValidated{true}  created{true} lingering{false} explicitlySelected{false} acceptUnvalidated{false} everCaptivePortalDetected{false} lastCaptivePortalDetected{false} partialConnectivity{false} acceptPartialConnectivity{false} clat{mBaseIface: null, mIface: null, mState: IDLE} }
11-20 07:26:55.309 D/DeviceAuthService(28013): Network connected
11-20 07:26:55.310 D/DeviceAuthService(28013): fetchAuthTokenWrapper called
11-20 07:26:55.311 D/NetworkTimeUpdateService( 1186): New default network 155; checking time.
11-20 07:26:55.312 V/LigerRadioStatsReporter( 2357): onCapabilitiesChanged: Network capabilities changed
11-20 07:26:55.334 D/ConnectivityService( 1186): Lingering [101 CELLULAR] for 30000ms
11-20 07:26:55.334 D/QCNEJ/DefaultNetworkInfoRelay( 1907): Default network available: 155
11-20 07:26:55.335 D/QCNEJ/NativeHalConnector( 1907): -> SND notifyDefaultNetworkChanged(1)
11-20 07:26:55.335 D/ConnectivityService( 1186): Sending DISCONNECTED broadcast for type 0 [101 CELLULAR] isDefaultNetwork=true
11-20 07:26:55.337 D/ConnectivityService( 1186): Sending CONNECTED broadcast for type 1 [155 WIFI] isDefaultNetwork=true
11-20 07:26:55.350 E/QMI_FW  (  915): qmi_cci_get_ref: ref count increased 2
11-20 07:26:55.351 D/QCNEJ/WlanStaInfoRelay( 1907): AndroidValidate from false to true
11-20 07:26:55.352 E/QMI_FW  (  915): qmi_cci_get_ref: ref count increased 2
11-20 07:26:55.356 I/GnssNetworkConnectivityHandler( 1186): updateNetworkState, state=CLOSED, connected=true, network=155, capabilities=[ Transports: WIFI Capabilities: NOT_METERED&INTERNET&NOT_RESTRICTED&TRUSTED&NOT_VPN&VALIDATED&NOT_ROAMING&FOREGROUND&NOT_CONGESTED&NOT_SUSPENDED LinkUpBandwidth>=61000Kbps LinkDnBandwidth>=61000Kbps SignalStrength: -31 OwnerUid: 1000 AdministratorUids: [] SSID: "MTBF_Lab" RequestorUid: -1 RequestorPackageName: null], apn: , availableNetworkCount: 2
11-20 07:26:55.356 V/LigerRadioStatsReporter( 2357): onCapabilitiesChanged: Network capabilities changed
11-20 07:26:55.360 I/chatty  (  527): uid=1021(gps) Loc_hal_worker expire 1 line
11-20 07:26:55.360 V/LigerRadioStatsReporter( 2357): reportAndCheckpointRadioStats
11-20 07:26:55.361 V/LigerRadioStatsReporter( 2357): +++++++++++ RADIO STATS DUMP +++++++++++
11-20 07:26:55.361 V/LigerRadioStatsReporter( 2357): totalActiveRadioTimeMs=0
11-20 07:26:55.361 V/LigerRadioStatsReporter( 2357): totalTailRadioTimeMs=13993
11-20 07:26:55.361 V/LigerRadioStatsReporter( 2357): totalWakeupCount=0
11-20 07:26:55.361 V/LigerRadioStatsReporter( 2357): httpUpBytes=0
11-20 07:26:55.361 V/LigerRadioStatsReporter( 2357): httpDownBytes=0
11-20 07:26:55.361 V/LigerRadioStatsReporter( 2357): httpWakeupCount=0
11-20 07:26:55.361 V/LigerRadioStatsReporter( 2357): httpRequestCount=0
11-20 07:26:55.361 V/LigerRadioStatsReporter( 2357): httpActiveRadioTimeMs=0
11-20 07:26:55.361 V/LigerRadioStatsReporter( 2357): httpTailRadioTimeMs=13993
11-20 07:26:55.362 V/LigerRadioStatsReporter( 2357): reportAndCheckpointRadioStats: Tx=0
11-20 07:26:55.362 V/LigerRadioStatsReporter( 2357): reportAndCheckpointRadioStats: Rx=0
11-20 07:26:55.362 V/LigerRadioStatsReporter( 2357): reportAndCheckpointRadioStats: Uids=10027
11-20 07:26:55.362 V/LigerRadioStatsReporter( 2357): reportAndCheckpointRadioStats: Tags=null
11-20 07:26:55.368 D/ConnectivityService( 1186): Setting DNS servers for network 155 to [/192.168.1.1]
11-20 07:26:55.368 D/DnsManager( 1186): sendDnsConfigurationForNetwork(155, [192.168.1.1], [], 1800, 25, 8, 64, 0, 0, , [192.168.1.1])
11-20 07:26:55.370 W/resolv  (  462): Validating DnsTlsServer on netId 155
11-20 07:26:55.376 D/DeviceAuthService(28013): isOculusAddressResolvable returned true
11-20 07:26:55.376 D/DeviceAuthenticator(28013): Fetching new credentials asynchronously
11-20 07:26:55.378 D/DeviceAuthenticator(28013): Calling DeviceAuth.authenticate()
11-20 07:26:55.382 W/resolv  (  462): SSL_connect ssl error =5, mark 0xf009b: Connection refused
11-20 07:26:55.383 W/resolv  (  462): Validation failed
11-20 07:26:55.383 E/DeviceCertService(  545): This device *might* have a provisioning issue. Please run `maui provision check` to verify.
11-20 07:26:55.383 E/DeviceCertService(  545): See https://fburl.com/wiki/a9hho0p9 for more information.
11-20 07:26:55.383 E/DeviceCertService(  545): Could not access certificate file '/mnt/vendor/persist/certificates/device_identityinsecure.crt', error 2: No such file or directory
11-20 07:26:55.384 E/DeviceAuthenticator(28013): ERROR: java.lang.RuntimeException: devicecert returned error FILESYSTEM_ERROR
11-20 07:26:55.384 E/DeviceAuthenticator(28013): 
11-20 07:26:55.384 E/DeviceAuthenticator(28013): com.facebook.mos.sdk.devicecert.DeviceIdentityException: java.lang.RuntimeException: devicecert returned error FILESYSTEM_ERROR
11-20 07:26:55.384 E/DeviceAuthenticator(28013): 
11-20 07:26:55.386 D/QCNEJ/WlanStaInfoRelay( 1907): retrieveCountryCode:Location obtained from Telephony: us
11-20 07:26:55.401 E/QMI_FW  (  915): qmi_cci_get_ref: ref count increased 2
11-20 07:26:55.403 E/QMI_FW  (  915): qmi_cci_get_ref: ref count increased 2
11-20 07:26:55.410 D/WifiConnector( 2870): Configured Networks Changed
11-20 07:26:55.411 E/QMI_FW  ( 1042): qmi_cci_get_ref: ref count increased 2
11-20 07:26:55.413 E/QMI_FW  ( 1042): qmi_cci_get_ref: ref count increased 2
11-20 07:26:55.418 I/WifiClientModeImpl( 1186): Default Gateway MAC address of 6c:cd:d6:25:63:2a from routes is : 6c:cd:d6:25:63:2a
11-20 07:26:55.429 E/QMI_FW  ( 1042): qmi_cci_get_ref: ref count increased 2
