--------- beginning of radio
11-20 06:46:43.991 E/PHONE   ( 1186): ServiceState.getRadioTechnology() DEPRECATED will be removed *******
11-20 06:46:44.009 I/chatty  ( 1984): uid=1001(radio) HwBinder:1984_1 expire 1 line
11-20 06:46:44.010 I/chatty  ( 1984): uid=1001(radio) NetworkService expire 6 lines
11-20 06:46:44.011 I/chatty  ( 1984): uid=1001(radio) com.android.phone expire 22 lines
11-20 06:46:44.014 I/chatty  ( 1984): uid=1001(radio) HwBinder:1984_1 expire 3 lines
11-20 06:46:44.128 E/PHONE   ( 1186): ServiceState.getRadioTechnology() DEPRECATED will be removed *******
11-20 06:46:48.178 I/chatty  ( 1984): uid=1001(radio) Binder:1984_D expire 3 lines
11-20 06:47:16.559 I/chatty  ( 1984): uid=1001(radio) HwBinder:1984_1 expire 2 lines
11-20 06:47:16.580 I/chatty  ( 1984): uid=1001(radio) DcHandlerThread expire 29 lines
11-20 06:47:16.602 I/chatty  ( 1984): uid=1001(radio) com.android.phone expire 4 lines
11-20 06:47:16.643 I/chatty  ( 1984): uid=1001(radio) DcHandlerThread expire 1 line
11-20 06:47:17.716 I/chatty  ( 1984): uid=1001(radio) Binder:1984_D expire 33 lines
11-20 06:47:17.849 I/chatty  ( 1984): uid=1001(radio) com.android.phone expire 25 lines
11-20 06:47:21.109 I/chatty  ( 1984): uid=1001(radio) Binder:1984_D expire 20 lines
11-20 06:47:21.145 I/chatty  ( 1984): uid=1001(radio) Binder:1984_6 expire 19 lines
11-20 06:47:21.260 I/chatty  ( 1984): uid=1001(radio) com.android.phone expire 28 lines
11-20 06:47:47.804 I/chatty  ( 1984): uid=1001(radio) Binder:1984_6 expire 19 lines
11-20 06:47:47.899 I/chatty  ( 1984): uid=1001(radio) com.android.phone expire 1 line
11-20 06:47:54.036 I/chatty  ( 1984): uid=1001(radio) com.android.phone expire 15 lines
11-20 06:47:54.115 I/chatty  ( 1984): uid=1001(radio) HwBinder:1984_1 expire 4 lines
11-20 06:47:55.284 I/chatty  ( 1984): uid=1001(radio) Binder:1984_6 expire 1 line
11-20 06:47:57.204 I/chatty  ( 1984): uid=1001(radio) HwBinder:1984_1 expire 7 lines
11-20 06:47:57.207 I/chatty  ( 1984): uid=1001(radio) NetworkService expire 3 lines
11-20 06:47:57.223 I/chatty  ( 1984): uid=1001(radio) com.android.phone expire 5 lines
11-20 06:47:57.223 I/chatty  ( 1042): uid=1001(radio) DispatcherModul expire 2 lines
11-20 06:47:57.278 I/chatty  ( 1984): uid=1001(radio) DcHandlerThread expire 25 lines
11-20 06:47:57.319 I/chatty  ( 1984): uid=1001(radio) NetworkService expire 2 lines
11-20 06:47:57.326 I/chatty  ( 1984): uid=1001(radio) com.android.phone expire 1 line
11-20 06:47:57.355 I/chatty  ( 1984): uid=1001(radio) HwBinder:1984_1 expire 4 lines
11-20 06:47:57.361 I/chatty  ( 1984): uid=1001(radio) NetworkService expire 2 lines
11-20 06:47:57.362 I/chatty  ( 1984): uid=1001(radio) com.android.phone expire 7 lines
11-20 06:47:57.373 I/chatty  ( 1984): uid=1001(radio) DcHandlerThread expire 5 lines
11-20 06:47:57.398 I/chatty  ( 1984): uid=1001(radio) HwBinder:1984_1 expire 5 lines
11-20 06:47:57.399 I/chatty  ( 1984): uid=1001(radio) NetworkService expire 7 lines
11-20 06:47:57.414 I/chatty  ( 1984): uid=1001(radio) com.android.phone expire 12 lines
11-20 06:47:57.600 I/chatty  ( 1984): uid=1001(radio) HwBinder:1984_1 expire 3 lines
11-20 06:48:02.159 I/chatty  ( 1984): uid=1001(radio) Binder:1984_9 expire 2 lines
11-20 06:48:07.781 I/chatty  ( 1984): uid=1001(radio) DcHandlerThread expire 33 lines
11-20 06:48:07.797 I/chatty  ( 1984): uid=1001(radio) com.android.phone expire 4 lines
11-20 06:48:10.631 I/chatty  ( 1984): uid=1001(radio) Binder:1984_9 expire 1 line
11-20 06:48:14.462 I/chatty  ( 1984): uid=1001(radio) HwBinder:1984_1 expire 2 lines
11-20 06:48:14.480 I/chatty  ( 1984): uid=1001(radio) DcHandlerThread expire 27 lines
11-20 06:48:14.497 I/chatty  ( 1984): uid=1001(radio) com.android.phone expire 8 lines
11-20 06:48:18.702 I/chatty  ( 1984): uid=1001(radio) HwBinder:1984_1 expire 3 lines
11-20 06:48:28.263 I/chatty  ( 1984): uid=1001(radio) DcHandlerThread expire 30 lines
11-20 06:48:28.324 I/chatty  ( 1984): uid=1001(radio) com.android.phone expire 1 line
11-20 06:48:30.204 I/chatty  ( 1984): uid=1001(radio) Binder:1984_9 expire 35 lines
11-20 06:48:30.353 I/chatty  ( 1984): uid=1001(radio) com.android.phone expire 17 lines
11-20 06:48:30.612 I/chatty  ( 1984): uid=1001(radio) Binder:1984_6 expire 1 line
11-20 06:48:32.618 I/chatty  ( 1984): uid=1001(radio) Binder:1984_9 expire 25 lines
11-20 06:48:32.780 I/chatty  ( 1984): uid=1001(radio) com.android.phone expire 15 lines
11-20 06:48:33.190 I/chatty  ( 1984): uid=1001(radio) HwBinder:1984_1 expire 1 line
11-20 06:48:36.202 I/chatty  ( 1984): uid=1001(radio) Binder:1984_1 expire 27 lines
11-20 06:48:59.096 I/chatty  ( 1984): uid=1001(radio) com.android.phone expire 25 lines
11-20 06:48:59.240 I/chatty  ( 1984): uid=1001(radio) Binder:1984_1 expire 3 lines
11-20 06:48:59.334 I/chatty  ( 1984): uid=1001(radio) com.android.phone expire 1 line
11-20 06:49:04.747 I/chatty  ( 1984): uid=1001(radio) HwBinder:1984_1 expire 5 lines
11-20 06:49:05.310 I/chatty  ( 1984): uid=1001(radio) com.android.phone expire 12 lines
11-20 06:49:07.314 I/chatty  ( 1984): uid=1001(radio) Binder:1984_9 expire 1 line
11-20 06:49:07.889 I/chatty  ( 1984): uid=1001(radio) NetworkService expire 5 lines
11-20 06:49:07.932 I/chatty  ( 1984): uid=1001(radio) HwBinder:1984_1 expire 7 lines
11-20 06:49:07.948 I/chatty  ( 1042): uid=1001(radio) DispatcherModul expire 2 lines
11-20 06:49:07.950 I/chatty  ( 1984): uid=1001(radio) com.android.phone expire 3 lines
11-20 06:49:07.987 I/chatty  ( 1984): uid=1001(radio) DcHandlerThread expire 19 lines
11-20 06:49:08.029 I/chatty  ( 1984): uid=1001(radio) HwBinder:1984_1 expire 4 lines
11-20 06:49:08.030 I/chatty  ( 1984): uid=1001(radio) com.android.phone expire 4 lines
11-20 06:49:08.035 I/chatty  ( 1984): uid=1001(radio) NetworkService expire 8 lines
11-20 06:49:08.066 I/chatty  ( 1984): uid=1001(radio) DcHandlerThread expire 11 lines
11-20 06:49:08.082 I/chatty  ( 1984): uid=1001(radio) com.android.phone expire 9 lines
11-20 06:49:08.107 I/chatty  ( 1984): uid=1001(radio) HwBinder:1984_1 expire 6 lines
11-20 06:49:08.132 I/chatty  ( 1984): uid=1001(radio) com.android.phone expire 5 lines
11-20 06:49:08.158 I/chatty  ( 1984): uid=1001(radio) NetworkService expire 1 line
11-20 06:49:12.470 I/chatty  ( 1984): uid=1001(radio) Binder:1984_6 expire 3 lines
11-20 06:49:45.056 I/chatty  ( 1984): uid=1001(radio) DcHandlerThread expire 30 lines
11-20 06:49:45.074 I/chatty  ( 1984): uid=1001(radio) com.android.phone expire 4 lines
11-20 06:49:46.118 I/chatty  ( 1984): uid=1001(radio) Binder:1984_D expire 11 lines
11-20 06:49:46.180 I/chatty  ( 1984): uid=1001(radio) Binder:1984_6 expire 16 lines
11-20 06:49:46.214 I/chatty  ( 1984): uid=1001(radio) Binder:1984_D expire 6 lines
11-20 06:49:46.289 I/chatty  ( 1984): uid=1001(radio) com.android.phone expire 25 lines
11-20 06:49:49.521 I/chatty  ( 1984): uid=1001(radio) Binder:1984_D expire 28 lines
11-20 06:49:49.649 I/chatty  ( 1984): uid=1001(radio) com.android.phone expire 16 lines
11-20 06:49:52.948 I/chatty  ( 1984): uid=1001(radio) Binder:1984_6 expire 30 lines
11-20 06:50:16.445 I/chatty  ( 1984): uid=1001(radio) com.android.phone expire 10 lines
11-20 06:50:16.673 I/chatty  ( 1984): uid=1001(radio) com.android.phone expire 1 line
11-20 06:50:21.980 I/chatty  ( 1984): uid=1001(radio) com.android.phone expire 15 lines
11-20 06:50:22.053 I/chatty  ( 1984): uid=1001(radio) HwBinder:1984_1 expire 5 lines
11-20 06:50:24.418 I/chatty  ( 1984): uid=1001(radio) Binder:1984_D expire 1 line
11-20 06:50:25.203 I/chatty  ( 1984): uid=1001(radio) com.android.phone expire 9 lines
11-20 06:50:25.205 I/chatty  ( 1984): uid=1001(radio) NetworkService expire 7 lines
11-20 06:50:25.233 I/chatty  ( 1984): uid=1001(radio) HwBinder:1984_1 expire 7 lines
11-20 06:50:25.260 I/chatty  ( 1042): uid=1001(radio) DispatcherModul expire 2 lines
11-20 06:50:25.367 I/chatty  ( 1984): uid=1001(radio) com.android.phone expire 11 lines
11-20 06:50:25.371 I/chatty  ( 1984): uid=1001(radio) HwBinder:1984_1 expire 6 lines
11-20 06:50:25.373 I/chatty  ( 1984): uid=1001(radio) NetworkService expire 7 lines
11-20 06:50:25.592 I/chatty  ( 1984): uid=1001(radio) com.android.phone expire 2 lines
11-20 06:50:30.036 I/chatty  ( 1984): uid=1001(radio) Binder:1984_D expire 2 lines
11-20 06:50:31.208 I/chatty  ( 1984): uid=1001(radio) HwBinder:1984_1 expire 2 lines
11-20 06:50:31.222 I/chatty  ( 1984): uid=1001(radio) DcHandlerThread expire 30 lines
11-20 06:50:31.242 I/chatty  ( 1984): uid=1001(radio) com.android.phone expire 5 lines
11-20 06:50:35.022 I/chatty  ( 1984): uid=1001(radio) HwBinder:1984_1 expire 2 lines
11-20 06:50:38.516 I/chatty  ( 1984): uid=1001(radio) Binder:1984_D expire 1 line
11-20 06:50:44.717 I/chatty  ( 1984): uid=1001(radio) HwBinder:1984_1 expire 1 line
11-20 06:50:44.732 I/chatty  ( 1984): uid=1001(radio) DcHandlerThread expire 20 lines
11-20 06:50:44.756 I/chatty  ( 1984): uid=1001(radio) com.android.phone expire 5 lines
11-20 06:50:44.780 I/chatty  ( 1984): uid=1001(radio) DcHandlerThread expire 29 lines
11-20 06:50:54.477 I/chatty  ( 1984): uid=1001(radio) HwBinder:1984_1 expire 4 lines
11-20 06:50:54.535 I/chatty  ( 1984): uid=1001(radio) DcHandlerThread expire 33 lines
11-20 06:50:54.543 I/chatty  ( 1984): uid=1001(radio) com.android.phone expire 7 lines
11-20 06:50:56.779 I/chatty  ( 1984): uid=1001(radio) DcHandlerThread expire 8 lines
11-20 06:50:57.882 I/chatty  ( 1984): uid=1001(radio) Binder:1984_D expire 11 lines
11-20 06:50:57.972 I/chatty  ( 1984): uid=1001(radio) Binder:1984_A expire 19 lines
11-20 06:50:57.987 I/chatty  ( 1984): uid=1001(radio) Binder:1984_D expire 2 lines
11-20 06:50:58.046 I/chatty  ( 1984): uid=1001(radio) com.android.phone expire 18 lines
11-20 06:50:58.698 I/chatty  ( 1984): uid=1001(radio) HwBinder:1984_1 expire 1 line
11-20 06:51:00.740 I/chatty  ( 1984): uid=1001(radio) Binder:1984_A expire 29 lines
11-20 06:51:00.868 I/chatty  ( 1984): uid=1001(radio) com.android.phone expire 12 lines
11-20 06:51:04.114 I/chatty  ( 1984): uid=1001(radio) Binder:1984_D expire 26 lines
11-20 06:51:27.225 I/chatty  ( 1984): uid=1001(radio) com.android.phone expire 25 lines
11-20 06:51:27.383 I/chatty  ( 1984): uid=1001(radio) Binder:1984_D expire 4 lines
11-20 06:51:27.472 I/chatty  ( 1984): uid=1001(radio) com.android.phone expire 1 line
11-20 06:51:32.795 I/chatty  ( 1984): uid=1001(radio) HwBinder:1984_1 expire 5 lines
11-20 06:51:33.130 I/chatty  ( 1984): uid=1001(radio) com.android.phone expire 12 lines
11-20 06:51:35.345 I/chatty  ( 1984): uid=1001(radio) Binder:1984_E expire 1 line
11-20 06:51:35.856 I/chatty  ( 1984): uid=1001(radio) HwBinder:1984_1 expire 5 lines
11-20 06:51:35.865 I/chatty  ( 1984): uid=1001(radio) NetworkService expire 5 lines
11-20 06:51:35.877 I/chatty  ( 1984): uid=1001(radio) com.android.phone expire 5 lines
11-20 06:51:35.902 I/chatty  ( 1042): uid=1001(radio) DispatcherModul expire 2 lines
11-20 06:51:35.935 I/chatty  ( 1984): uid=1001(radio) HwBinder:1984_1 expire 4 lines
11-20 06:51:35.947 I/chatty  ( 1984): uid=1001(radio) com.android.phone expire 2 lines
11-20 06:51:35.967 I/chatty  ( 1984): uid=1001(radio) NetworkService expire 1 line
11-20 06:51:35.972 I/chatty  ( 1984): uid=1001(radio) DcHandlerThread expire 23 lines
11-20 06:51:35.996 I/chatty  ( 1984): uid=1001(radio) com.android.phone expire 3 lines
11-20 06:51:36.005 I/chatty  ( 1984): uid=1001(radio) HwBinder:1984_1 expire 3 lines
11-20 06:51:36.009 I/chatty  ( 1984): uid=1001(radio) NetworkService expire 4 lines
11-20 06:51:36.027 I/chatty  ( 1984): uid=1001(radio) DcHandlerThread expire 7 lines
11-20 06:51:36.035 I/chatty  ( 1984): uid=1001(radio) com.android.phone expire 36 lines
11-20 06:51:36.151 E/PHONE   ( 1186): ServiceState.getRadioTechnology() DEPRECATED will be removed *******
11-20 06:51:36.184 I/chatty  ( 1984): uid=1001(radio) NetworkService expire 4 lines
11-20 06:51:36.187 I/chatty  ( 1984): uid=1001(radio) HwBinder:1984_1 expire 6 lines
11-20 06:51:36.506 E/PHONE   ( 1186): ServiceState.getRadioTechnology() DEPRECATED will be removed *******
11-20 06:51:36.523 I/chatty  ( 1984): uid=1001(radio) com.android.phone expire 5 lines
11-20 06:51:40.337 I/chatty  ( 1984): uid=1001(radio) Binder:1984_10 expire 3 lines
11-20 06:52:08.395 I/chatty  ( 1984): uid=1001(radio) DcHandlerThread expire 30 lines
11-20 06:52:08.450 I/chatty  ( 1984): uid=1001(radio) com.android.phone expire 1 line
11-20 06:52:09.765 I/chatty  ( 1984): uid=1001(radio) Binder:1984_10 expire 11 lines
11-20 06:52:09.816 I/chatty  ( 1984): uid=1001(radio) Binder:1984_E expire 18 lines
11-20 06:52:09.833 I/chatty  ( 1984): uid=1001(radio) Binder:1984_10 expire 1 line
11-20 06:52:09.887 I/chatty  ( 1984): uid=1001(radio) com.android.phone expire 22 lines
11-20 06:52:12.299 I/chatty  ( 1984): uid=1001(radio) Binder:1984_E expire 31 lines
11-20 06:52:12.453 I/chatty  ( 1984): uid=1001(radio) com.android.phone expire 11 lines
11-20 06:52:15.706 I/chatty  ( 1984): uid=1001(radio) Binder:1984_10 expire 26 lines
11-20 06:52:38.703 I/chatty  ( 1984): uid=1001(radio) com.android.phone expire 21 lines
11-20 06:52:38.888 I/chatty  ( 1984): uid=1001(radio) Binder:1984_10 expire 4 lines
11-20 06:52:38.986 I/chatty  ( 1984): uid=1001(radio) com.android.phone expire 1 line
11-20 06:52:44.769 I/chatty  ( 1984): uid=1001(radio) HwBinder:1984_1 expire 7 lines
11-20 06:52:45.136 I/chatty  ( 1984): uid=1001(radio) com.android.phone expire 15 lines
11-20 06:52:46.904 I/chatty  ( 1984): uid=1001(radio) Binder:1984_10 expire 1 line
11-20 06:52:47.785 I/chatty  ( 1984): uid=1001(radio) NetworkService expire 5 lines
11-20 06:52:47.843 I/chatty  ( 1042): uid=1001(radio) DispatcherModul expire 2 lines
11-20 06:52:47.852 I/chatty  ( 1984): uid=1001(radio) HwBinder:1984_1 expire 8 lines
11-20 06:52:47.852 I/chatty  ( 1984): uid=1001(radio) com.android.phone expire 3 lines
11-20 06:52:47.902 I/chatty  ( 1984): uid=1001(radio) DcHandlerThread expire 6 lines
11-20 06:52:47.922 I/chatty  ( 1984): uid=1001(radio) NetworkService expire 7 lines
11-20 06:52:47.939 I/chatty  ( 1984): uid=1001(radio) com.android.phone expire 4 lines
11-20 06:52:47.942 I/chatty  ( 1984): uid=1001(radio) HwBinder:1984_1 expire 3 lines
11-20 06:52:47.948 I/chatty  ( 1984): uid=1001(radio) DcHandlerThread expire 23 lines
11-20 06:52:47.978 I/chatty  ( 1984): uid=1001(radio) com.android.phone expire 2 lines
11-20 06:52:47.993 I/chatty  ( 1984): uid=1001(radio) HwBinder:1984_1 expire 1 line
11-20 06:52:47.994 I/chatty  ( 1984): uid=1001(radio) NetworkService expire 2 lines
11-20 06:52:48.007 I/chatty  ( 1984): uid=1001(radio) DcHandlerThread expire 9 lines
11-20 06:52:48.007 I/chatty  ( 1984): uid=1001(radio) com.android.phone expire 7 lines
11-20 06:52:48.028 I/chatty  ( 1984): uid=1001(radio) HwBinder:1984_1 expire 3 lines
11-20 06:52:52.289 I/chatty  ( 1984): uid=1001(radio) DcHandlerThread expire 22 lines
11-20 06:52:52.295 I/chatty  ( 1984): uid=1001(radio) com.android.phone expire 5 lines
11-20 06:52:52.441 I/chatty  ( 1984): uid=1001(radio) Binder:1984_3 expire 3 lines
11-20 06:53:11.350 I/chatty  ( 1984): uid=1001(radio) HwBinder:1984_1 expire 2 lines
11-20 06:53:11.368 I/chatty  ( 1984): uid=1001(radio) DcHandlerThread expire 45 lines
11-20 06:53:11.418 I/chatty  ( 1984): uid=1001(radio) com.android.phone expire 7 lines
11-20 06:53:15.658 I/chatty  ( 1984): uid=1001(radio) HwBinder:1984_1 expire 3 lines
11-20 06:53:20.158 I/chatty  ( 1984): uid=1001(radio) DcHandlerThread expire 15 lines
11-20 06:53:20.171 I/chatty  ( 1984): uid=1001(radio) com.android.phone expire 1 line
11-20 06:53:21.198 I/chatty  ( 1984): uid=1001(radio) Binder:1984_3 expire 12 lines
11-20 06:53:21.250 I/chatty  ( 1984): uid=1001(radio) Binder:1984_5 expire 9 lines
11-20 06:53:21.261 I/chatty  ( 1984): uid=1001(radio) Binder:1984_9 expire 9 lines
11-20 06:53:21.374 I/chatty  ( 1984): uid=1001(radio) com.android.phone expire 17 lines
11-20 06:53:24.090 I/chatty  ( 1984): uid=1001(radio) Binder:1984_5 expire 31 lines
11-20 06:53:24.232 I/chatty  ( 1984): uid=1001(radio) com.android.phone expire 13 lines
11-20 06:53:27.462 I/chatty  ( 1984): uid=1001(radio) Binder:1984_3 expire 11 lines
11-20 06:53:34.212 I/chatty  ( 1984): uid=1001(radio) HwBinder:1984_1 expire 1 line
11-20 06:53:50.720 I/chatty  ( 1984): uid=1001(radio) com.android.phone expire 11 lines
11-20 06:53:50.873 I/chatty  ( 1984): uid=1001(radio) Binder:1984_5 expire 19 lines
11-20 06:53:50.955 I/chatty  ( 1984): uid=1001(radio) com.android.phone expire 11 lines
11-20 06:53:50.981 I/chatty  ( 1984): uid=1001(radio) com.android.phone expire 1 line
11-20 06:53:54.665 I/chatty  ( 1984): uid=1001(radio) Binder:1984_3 expire 2 lines
11-20 06:53:54.763 I/chatty  ( 1984): uid=1001(radio) com.android.phone expire 34 lines
11-20 06:53:56.474 I/chatty  ( 1984): uid=1001(radio) HwBinder:1984_1 expire 6 lines
11-20 06:53:58.877 I/chatty  ( 1984): uid=1001(radio) Binder:1984_3 expire 1 line
11-20 06:53:59.607 I/chatty  ( 1984): uid=1001(radio) NetworkService expire 7 lines
11-20 06:53:59.640 I/chatty  ( 1984): uid=1001(radio) com.android.phone expire 6 lines
11-20 06:53:59.666 I/chatty  ( 1042): uid=1001(radio) DispatcherModul expire 2 lines
11-20 06:53:59.668 I/chatty  ( 1984): uid=1001(radio) HwBinder:1984_1 expire 11 lines
11-20 06:53:59.791 I/chatty  ( 1984): uid=1001(radio) com.android.phone expire 9 lines
11-20 06:53:59.796 I/chatty  ( 1984): uid=1001(radio) NetworkService expire 7 lines
11-20 06:53:59.894 I/chatty  ( 1984): uid=1001(radio) HwBinder:1984_1 expire 3 lines
11-20 06:53:59.897 I/chatty  ( 1984): uid=1001(radio) com.android.phone expire 5 lines
11-20 06:54:00.851 I/chatty  ( 1984): uid=1001(radio) DcHandlerThread expire 47 lines
11-20 06:54:00.908 I/chatty  ( 1984): uid=1001(radio) com.android.phone expire 6 lines
11-20 06:54:04.166 I/chatty  ( 1984): uid=1001(radio) Binder:1984_B expire 3 lines
11-20 06:54:31.717 I/chatty  ( 1984): uid=1001(radio) HwBinder:1984_1 expire 2 lines
11-20 06:54:31.765 I/chatty  ( 1984): uid=1001(radio) DcHandlerThread expire 13 lines
11-20 06:54:31.786 I/chatty  ( 1984): uid=1001(radio) com.android.phone expire 1 line
11-20 06:54:33.049 I/chatty  ( 1984): uid=1001(radio) Binder:1984_B expire 29 lines
11-20 06:54:33.144 I/chatty  ( 1984): uid=1001(radio) Binder:1984_6 expire 1 line
11-20 06:54:33.207 I/chatty  ( 1984): uid=1001(radio) com.android.phone expire 17 lines
11-20 06:54:36.178 I/chatty  ( 1984): uid=1001(radio) Binder:1984_B expire 37 lines
11-20 06:54:36.354 I/chatty  ( 1984): uid=1001(radio) com.android.phone expire 22 lines
11-20 06:54:39.672 I/chatty  ( 1984): uid=1001(radio) Binder:1984_B expire 24 lines
11-20 06:55:02.668 I/chatty  ( 1984): uid=1001(radio) com.android.phone expire 14 lines
11-20 06:55:02.737 I/chatty  ( 1984): uid=1001(radio) com.android.phone expire 1 line
11-20 06:55:08.345 I/chatty  ( 1984): uid=1001(radio) com.android.phone expire 12 lines
11-20 06:55:08.378 I/chatty  ( 1984): uid=1001(radio) HwBinder:1984_1 expire 5 lines
11-20 06:55:10.524 I/chatty  ( 1984): uid=1001(radio) Binder:1984_E expire 1 line
11-20 06:55:11.458 I/chatty  ( 1984): uid=1001(radio) NetworkService expire 5 lines
11-20 06:55:11.476 I/chatty  ( 1984): uid=1001(radio) com.android.phone expire 5 lines
11-20 06:55:11.510 I/chatty  ( 1984): uid=1001(radio) HwBinder:1984_1 expire 6 lines
11-20 06:55:11.532 I/chatty  ( 1042): uid=1001(radio) DispatcherModul expire 2 lines
11-20 06:55:11.618 I/chatty  ( 1984): uid=1001(radio) DcHandlerThread expire 15 lines
11-20 06:55:11.650 I/chatty  ( 1984): uid=1001(radio) HwBinder:1984_1 expire 1 line
11-20 06:55:11.653 I/chatty  ( 1984): uid=1001(radio) NetworkService expire 1 line
11-20 06:55:11.656 I/chatty  ( 1984): uid=1001(radio) com.android.phone expire 5 lines
11-20 06:55:11.675 I/chatty  ( 1984): uid=1001(radio) HwBinder:1984_1 expire 4 lines
11-20 06:55:11.681 I/chatty  ( 1984): uid=1001(radio) DcHandlerThread expire 10 lines
11-20 06:55:11.691 I/chatty  ( 1984): uid=1001(radio) NetworkService expire 4 lines
11-20 06:55:11.704 I/chatty  ( 1984): uid=1001(radio) DcHandlerThread expire 5 lines
11-20 06:55:11.721 I/chatty  ( 1984): uid=1001(radio) com.android.phone expire 13 lines
11-20 06:55:12.082 E/PHONE   ( 1186): ServiceState.getRadioTechnology() DEPRECATED will be removed *******
11-20 06:55:12.105 I/chatty  ( 1984): uid=1001(radio) HwBinder:1984_1 expire 4 lines
11-20 06:55:12.107 I/chatty  ( 1984): uid=1001(radio) NetworkService expire 4 lines
11-20 06:55:12.115 I/chatty  ( 1984): uid=1001(radio) com.android.phone expire 25 lines
11-20 06:55:12.226 E/PHONE   ( 1186): ServiceState.getRadioTechnology() DEPRECATED will be removed *******
11-20 06:55:16.368 I/chatty  ( 1984): uid=1001(radio) Binder:1984_A expire 4 lines
11-20 06:55:43.419 I/chatty  ( 1984): uid=1001(radio) HwBinder:1984_1 expire 2 lines
11-20 06:55:43.437 I/chatty  ( 1984): uid=1001(radio) DcHandlerThread expire 30 lines
11-20 06:55:43.450 I/chatty  ( 1984): uid=1001(radio) com.android.phone expire 10 lines
11-20 06:55:44.730 I/chatty  ( 1984): uid=1001(radio) Binder:1984_A expire 10 lines
11-20 06:55:44.738 I/chatty  ( 1984): uid=1001(radio) Binder:1984_E expire 18 lines
11-20 06:55:44.888 I/chatty  ( 1984): uid=1001(radio) com.android.phone expire 11 lines
11-20 06:55:45.175 I/chatty  ( 1984): uid=1001(radio) Binder:1984_F expire 1 line
11-20 06:55:47.583 I/chatty  ( 1984): uid=1001(radio) Binder:1984_A expire 32 lines
11-20 06:55:47.718 I/chatty  ( 1984): uid=1001(radio) com.android.phone expire 12 lines
11-20 06:55:51.330 I/chatty  ( 1984): uid=1001(radio) Binder:1984_E expire 23 lines
11-20 06:56:14.209 I/chatty  ( 1984): uid=1001(radio) com.android.phone expire 12 lines
11-20 06:56:14.248 I/chatty  ( 1984): uid=1001(radio) HwBinder:1984_1 expire 1 line
11-20 06:56:14.515 I/chatty  ( 1984): uid=1001(radio) Binder:1984_E expire 7 lines
11-20 06:56:14.585 I/chatty  ( 1984): uid=1001(radio) com.android.phone expire 11 lines
11-20 06:56:14.608 I/chatty  ( 1984): uid=1001(radio) com.android.phone expire 1 line
11-20 06:56:19.860 I/chatty  ( 1984): uid=1001(radio) com.android.phone expire 15 lines
11-20 06:56:19.903 I/chatty  ( 1984): uid=1001(radio) HwBinder:1984_1 expire 5 lines
11-20 06:56:22.207 I/chatty  ( 1984): uid=1001(radio) Binder:1984_F expire 1 line
11-20 06:56:22.918 I/chatty  ( 1984): uid=1001(radio) NetworkService expire 5 lines
11-20 06:56:22.931 I/chatty  ( 1984): uid=1001(radio) com.android.phone expire 4 lines
11-20 06:56:22.942 I/chatty  ( 1984): uid=1001(radio) HwBinder:1984_1 expire 6 lines
11-20 06:56:23.010 I/chatty  ( 1042): uid=1001(radio) DispatcherModul expire 2 lines
11-20 06:56:23.070 I/chatty  ( 1984): uid=1001(radio) DcHandlerThread expire 16 lines
11-20 06:56:23.123 I/chatty  ( 1984): uid=1001(radio) com.android.phone expire 2 lines
11-20 06:56:23.149 I/chatty  ( 1984): uid=1001(radio) HwBinder:1984_1 expire 2 lines
11-20 06:56:23.156 I/chatty  ( 1984): uid=1001(radio) DcHandlerThread expire 14 lines
11-20 06:56:23.164 I/chatty  ( 1984): uid=1001(radio) NetworkService expire 1 line
11-20 06:56:23.166 I/chatty  ( 1984): uid=1001(radio) com.android.phone expire 17 lines
11-20 06:56:23.195 I/chatty  ( 1984): uid=1001(radio) HwBinder:1984_1 expire 3 lines
11-20 06:56:23.199 I/chatty  ( 1984): uid=1001(radio) NetworkService expire 8 lines
11-20 06:56:23.303 E/PHONE   ( 1186): ServiceState.getRadioTechnology() DEPRECATED will be removed *******
11-20 06:56:23.316 I/chatty  ( 1984): uid=1001(radio) com.android.phone expire 11 lines
11-20 06:56:23.324 I/chatty  ( 1984): uid=1001(radio) HwBinder:1984_1 expire 6 lines
11-20 06:56:23.407 I/chatty  ( 1984): uid=1001(radio) com.android.phone expire 13 lines
11-20 06:56:23.443 E/PHONE   ( 1186): ServiceState.getRadioTechnology() DEPRECATED will be removed *******
11-20 06:56:27.918 I/chatty  ( 1984): uid=1001(radio) Binder:1984_9 expire 2 lines
11-20 06:56:29.539 I/chatty  ( 1984): uid=1001(radio) DcHandlerThread expire 30 lines
11-20 06:56:29.550 I/chatty  ( 1984): uid=1001(radio) com.android.phone expire 4 lines
11-20 06:56:36.189 I/chatty  ( 1984): uid=1001(radio) Binder:1984_9 expire 1 line
11-20 06:56:36.530 I/chatty  ( 1984): uid=1001(radio) HwBinder:1984_1 expire 2 lines
11-20 06:56:36.549 I/chatty  ( 1984): uid=1001(radio) DcHandlerThread expire 24 lines
11-20 06:56:36.577 I/chatty  ( 1984): uid=1001(radio) com.android.phone expire 8 lines
11-20 06:56:36.598 I/chatty  ( 1984): uid=1001(radio) DcHandlerThread expire 28 lines
11-20 06:56:40.460 I/chatty  ( 1984): uid=1001(radio) HwBinder:1984_1 expire 3 lines
11-20 06:56:55.151 I/chatty  ( 1984): uid=1001(radio) DcHandlerThread expire 8 lines
11-20 06:56:55.160 I/chatty  ( 1984): uid=1001(radio) com.android.phone expire 1 line
11-20 06:56:56.741 I/chatty  ( 1984): uid=1001(radio) Binder:1984_9 expire 42 lines
11-20 06:56:56.810 I/chatty  ( 1984): uid=1001(radio) Binder:1984_B expire 2 lines
11-20 06:56:56.875 I/chatty  ( 1984): uid=1001(radio) com.android.phone expire 27 lines
11-20 06:56:59.532 I/chatty  ( 1984): uid=1001(radio) Binder:1984_9 expire 17 lines
11-20 06:57:02.957 I/chatty  ( 1984): uid=1001(radio) Binder:1984_B expire 11 lines
11-20 06:57:02.987 I/chatty  ( 1984): uid=1001(radio) com.android.phone expire 15 lines
11-20 06:57:25.991 I/chatty  ( 1984): uid=1001(radio) Binder:1984_B expire 19 lines
11-20 06:57:26.109 I/chatty  ( 1984): uid=1001(radio) com.android.phone expire 1 line
11-20 06:57:26.111 I/chatty  ( 1984): uid=1001(radio) com.android.phone expire 21 lines
11-20 06:57:32.473 I/chatty  ( 1984): uid=1001(radio) HwBinder:1984_1 expire 5 lines
11-20 06:57:32.817 I/chatty  ( 1984): uid=1001(radio) com.android.phone expire 14 lines
11-20 06:57:35.003 I/chatty  ( 1984): uid=1001(radio) Binder:1984_E expire 1 line
11-20 06:57:35.611 I/chatty  ( 1984): uid=1001(radio) NetworkService expire 7 lines
11-20 06:57:35.646 I/chatty  ( 1984): uid=1001(radio) HwBinder:1984_1 expire 7 lines
11-20 06:57:35.708 I/chatty  ( 1042): uid=1001(radio) DispatcherModul expire 2 lines
11-20 06:57:35.712 I/chatty  ( 1984): uid=1001(radio) com.android.phone expire 16 lines
11-20 06:57:35.813 I/chatty  ( 1984): uid=1001(radio) HwBinder:1984_1 expire 6 lines
11-20 06:57:35.814 I/chatty  ( 1984): uid=1001(radio) NetworkService expire 7 lines
11-20 06:57:35.897 I/chatty  ( 1984): uid=1001(radio) com.android.phone expire 2 lines
11-20 06:57:38.639 I/chatty  ( 1984): uid=1001(radio) HwBinder:1984_1 expire 2 lines
11-20 06:57:38.661 I/chatty  ( 1984): uid=1001(radio) DcHandlerThread expire 46 lines
11-20 06:57:38.704 I/chatty  ( 1984): uid=1001(radio) com.android.phone expire 7 lines
11-20 06:57:40.193 I/chatty  ( 1984): uid=1001(radio) Binder:1984_9 expire 3 lines
11-20 06:57:42.534 I/chatty  ( 1984): uid=1001(radio) HwBinder:1984_1 expire 3 lines
11-20 06:58:05.356 I/chatty  ( 1984): uid=1001(radio) DcHandlerThread expire 14 lines
11-20 06:58:05.373 I/chatty  ( 1984): uid=1001(radio) com.android.phone expire 1 line
11-20 06:58:08.027 I/chatty  ( 1984): uid=1001(radio) Binder:1984_9 expire 28 lines
11-20 06:58:08.254 I/chatty  ( 1984): uid=1001(radio) com.android.phone expire 17 lines
11-20 06:58:08.560 I/chatty  ( 1984): uid=1001(radio) Binder:1984_B expire 33 lines
11-20 06:58:11.260 I/chatty  ( 1984): uid=1001(radio) com.android.phone expire 13 lines
11-20 06:58:14.423 I/chatty  ( 1984): uid=1001(radio) Binder:1984_9 expire 11 lines
11-20 06:58:35.102 I/chatty  ( 1984): uid=1001(radio) HwBinder:1984_1 expire 1 line
11-20 06:58:37.775 I/chatty  ( 1984): uid=1001(radio) com.android.phone expire 10 lines
11-20 06:58:37.923 I/chatty  ( 1984): uid=1001(radio) Binder:1984_9 expire 19 lines
11-20 06:58:38.032 I/chatty  ( 1984): uid=1001(radio) com.android.phone expire 27 lines
11-20 06:58:38.338 I/chatty  ( 1984): uid=1001(radio) com.android.phone expire 1 line
11-20 06:58:43.636 I/chatty  ( 1984): uid=1001(radio) HwBinder:1984_1 expire 5 lines
11-20 06:58:46.370 I/chatty  ( 1984): uid=1001(radio) Binder:1984_F expire 1 line
11-20 06:58:46.649 I/chatty  ( 1984): uid=1001(radio) com.android.phone expire 11 lines
11-20 06:58:46.785 I/chatty  ( 1984): uid=1001(radio) NetworkService expire 7 lines
11-20 06:58:46.802 I/chatty  ( 1984): uid=1001(radio) HwBinder:1984_1 expire 7 lines
11-20 06:58:46.819 I/chatty  ( 1984): uid=1001(radio) com.android.phone expire 5 lines
11-20 06:58:46.819 I/chatty  ( 1042): uid=1001(radio) DispatcherModul expire 2 lines
11-20 06:58:46.965 I/chatty  ( 1984): uid=1001(radio) com.android.phone expire 11 lines
11-20 06:58:46.968 I/chatty  ( 1984): uid=1001(radio) HwBinder:1984_1 expire 2 lines
11-20 06:58:46.968 I/chatty  ( 1984): uid=1001(radio) NetworkService expire 7 lines
11-20 06:58:47.106 E/PHONE   ( 1186): ServiceState.getRadioTechnology() DEPRECATED will be removed *******
11-20 06:58:47.126 I/chatty  ( 1984): uid=1001(radio) com.android.phone expire 12 lines
11-20 06:58:47.138 I/chatty  ( 1984): uid=1001(radio) HwBinder:1984_1 expire 6 lines
11-20 06:58:47.203 I/chatty  ( 1984): uid=1001(radio) com.android.phone expire 13 lines
11-20 06:58:47.336 E/PHONE   ( 1186): ServiceState.getRadioTechnology() DEPRECATED will be removed *******
11-20 06:58:47.864 I/chatty  ( 1984): uid=1001(radio) DcHandlerThread expire 30 lines
11-20 06:58:47.887 I/chatty  ( 1984): uid=1001(radio) com.android.phone expire 7 lines
11-20 06:58:49.726 I/chatty  ( 1984): uid=1001(radio) HwBinder:1984_1 expire 2 lines
11-20 06:58:49.739 I/chatty  ( 1984): uid=1001(radio) DcHandlerThread expire 45 lines
11-20 06:58:49.783 I/chatty  ( 1984): uid=1001(radio) com.android.phone expire 1 line
11-20 06:58:51.830 I/chatty  ( 1984): uid=1001(radio) Binder:1984_F expire 3 lines
11-20 06:59:08.607 I/chatty  ( 1984): uid=1001(radio) HwBinder:1984_1 expire 5 lines
11-20 06:59:08.651 I/chatty  ( 1984): uid=1001(radio) com.android.phone expire 5 lines
11-20 06:59:08.665 I/chatty  ( 1984): uid=1001(radio) DcHandlerThread expire 45 lines
11-20 06:59:17.409 I/chatty  ( 1984): uid=1001(radio) com.android.phone expire 4 lines
11-20 06:59:19.299 I/chatty  ( 1984): uid=1001(radio) Binder:1984_F expire 12 lines
11-20 06:59:19.350 I/chatty  ( 1984): uid=1001(radio) Binder:1984_4 expire 16 lines
11-20 06:59:19.452 I/chatty  ( 1984): uid=1001(radio) com.android.phone expire 17 lines
11-20 06:59:19.764 I/chatty  ( 1984): uid=1001(radio) Binder:1984_F expire 1 line
11-20 06:59:22.004 I/chatty  ( 1984): uid=1001(radio) Binder:1984_4 expire 32 lines
11-20 06:59:22.168 I/chatty  ( 1984): uid=1001(radio) com.android.phone expire 15 lines
11-20 06:59:23.597 I/chatty  ( 1984): uid=1001(radio) Binder:1984_4 expire 11 lines
11-20 06:59:27.501 I/chatty  ( 1984): uid=1001(radio) HwBinder:1984_1 expire 1 line
11-20 06:59:46.460 I/chatty  ( 1984): uid=1001(radio) com.android.phone expire 8 lines
11-20 06:59:46.569 I/chatty  ( 1984): uid=1001(radio) Binder:1984_4 expire 19 lines
11-20 06:59:46.661 I/chatty  ( 1984): uid=1001(radio) com.android.phone expire 9 lines
11-20 06:59:46.755 I/chatty  ( 1984): uid=1001(radio) com.android.phone expire 1 line
11-20 06:59:53.309 I/chatty  ( 1984): uid=1001(radio) HwBinder:1984_1 expire 2 lines
11-20 06:59:53.336 I/chatty  ( 1984): uid=1001(radio) DcHandlerThread expire 27 lines
11-20 06:59:53.365 I/chatty  ( 1984): uid=1001(radio) com.android.phone expire 15 lines
11-20 06:59:53.400 I/chatty  ( 1984): uid=1001(radio) DcHandlerThread expire 3 lines
11-20 06:59:54.076 I/chatty  ( 1984): uid=1001(radio) HwBinder:1984_1 expire 3 lines
11-20 06:59:54.999 I/chatty  ( 1984): uid=1001(radio) Binder:1984_B expire 1 line
11-20 06:59:57.198 I/chatty  ( 1984): uid=1001(radio) HwBinder:1984_1 expire 4 lines
11-20 06:59:57.199 I/chatty  ( 1984): uid=1001(radio) com.android.phone expire 10 lines
11-20 06:59:57.306 I/chatty  ( 1984): uid=1001(radio) NetworkService expire 5 lines
11-20 06:59:57.352 I/chatty  ( 1042): uid=1001(radio) DispatcherModul expire 2 lines
11-20 06:59:57.356 I/chatty  ( 1984): uid=1001(radio) com.android.phone expire 8 lines
11-20 06:59:57.359 I/chatty  ( 1984): uid=1001(radio) HwBinder:1984_1 expire 8 lines
11-20 06:59:57.401 I/chatty  ( 1984): uid=1001(radio) NetworkService expire 9 lines
11-20 06:59:57.483 I/chatty  ( 1984): uid=1001(radio) com.android.phone expire 18 lines
11-20 06:59:57.573 E/PHONE   ( 1186): ServiceState.getRadioTechnology() DEPRECATED will be removed *******
11-20 06:59:57.608 I/chatty  ( 1984): uid=1001(radio) HwBinder:1984_1 expire 6 lines
11-20 06:59:57.793 I/chatty  ( 1984): uid=1001(radio) com.android.phone expire 15 lines
11-20 06:59:57.864 E/PHONE   ( 1186): ServiceState.getRadioTechnology() DEPRECATED will be removed *******
11-20 07:00:03.540 I/chatty  ( 1984): uid=1001(radio) Binder:1984_6 expire 4 lines
11-20 07:00:30.144 I/chatty  ( 1984): uid=1001(radio) DcHandlerThread expire 30 lines
11-20 07:00:30.153 I/chatty  ( 1984): uid=1001(radio) com.android.phone expire 3 lines
11-20 07:00:31.533 I/chatty  ( 1984): uid=1001(radio) Binder:1984_6 expire 34 lines
11-20 07:00:31.598 I/chatty  ( 1984): uid=1001(radio) Binder:1984_1 expire 1 line
11-20 07:00:31.659 I/chatty  ( 1984): uid=1001(radio) com.android.phone expire 20 lines
11-20 07:00:34.172 I/chatty  ( 1984): uid=1001(radio) Binder:1984_6 expire 18 lines
11-20 07:00:34.204 I/chatty  ( 1984): uid=1001(radio) Binder:1984_1 expire 8 lines
11-20 07:00:34.300 I/chatty  ( 1984): uid=1001(radio) com.android.phone expire 16 lines
11-20 07:00:37.436 I/chatty  ( 1984): uid=1001(radio) Binder:1984_6 expire 30 lines
11-20 07:01:00.556 I/chatty  ( 1984): uid=1001(radio) com.android.phone expire 10 lines
11-20 07:01:00.793 I/chatty  ( 1984): uid=1001(radio) com.android.phone expire 1 line
11-20 07:01:00.796 I/chatty  ( 1984): uid=1001(radio) com.android.phone expire 16 lines
11-20 07:01:06.615 I/chatty  ( 1984): uid=1001(radio) HwBinder:1984_1 expire 3 lines
11-20 07:01:08.589 I/chatty  ( 1984): uid=1001(radio) Binder:1984_C expire 1 line
11-20 07:01:09.687 I/chatty  ( 1984): uid=1001(radio) HwBinder:1984_1 expire 6 lines
11-20 07:01:09.699 I/chatty  ( 1984): uid=1001(radio) NetworkService expire 3 lines
11-20 07:01:09.738 I/chatty  ( 1042): uid=1001(radio) DispatcherModul expire 2 lines
11-20 07:01:09.744 I/chatty  ( 1984): uid=1001(radio) com.android.phone expire 8 lines
11-20 07:01:09.792 I/chatty  ( 1984): uid=1001(radio) HwBinder:1984_1 expire 2 lines
11-20 07:01:09.834 I/chatty  ( 1984): uid=1001(radio) NetworkService expire 2 lines
11-20 07:01:09.887 I/chatty  ( 1984): uid=1001(radio) DcHandlerThread expire 25 lines
11-20 07:01:09.929 I/chatty  ( 1984): uid=1001(radio) com.android.phone expire 2 lines
11-20 07:01:09.986 I/chatty  ( 1984): uid=1001(radio) NetworkService expire 1 line
11-20 07:01:09.990 I/chatty  ( 1984): uid=1001(radio) HwBinder:1984_1 expire 6 lines
11-20 07:01:10.011 I/chatty  ( 1984): uid=1001(radio) com.android.phone expire 8 lines
11-20 07:01:10.015 I/chatty  ( 1984): uid=1001(radio) NetworkService expire 2 lines
11-20 07:01:10.032 I/chatty  ( 1984): uid=1001(radio) DcHandlerThread expire 5 lines
11-20 07:01:10.073 I/chatty  ( 1984): uid=1001(radio) com.android.phone expire 9 lines
11-20 07:01:10.076 I/chatty  ( 1984): uid=1001(radio) NetworkService expire 6 lines
11-20 07:01:10.080 I/chatty  ( 1984): uid=1001(radio) HwBinder:1984_1 expire 5 lines
11-20 07:01:14.494 I/chatty  ( 1984): uid=1001(radio) Binder:1984_F expire 3 lines
11-20 07:01:26.468 I/chatty  ( 1984): uid=1001(radio) DcHandlerThread expire 21 lines
11-20 07:01:26.485 I/chatty  ( 1984): uid=1001(radio) com.android.phone expire 5 lines
11-20 07:01:26.519 I/chatty  ( 1984): uid=1001(radio) DcHandlerThread expire 25 lines
11-20 07:01:33.608 I/chatty  ( 1984): uid=1001(radio) HwBinder:1984_1 expire 5 lines
11-20 07:01:33.662 I/chatty  ( 1984): uid=1001(radio) DcHandlerThread expire 32 lines
11-20 07:01:33.678 I/chatty  ( 1984): uid=1001(radio) com.android.phone expire 8 lines
11-20 07:01:41.855 I/chatty  ( 1984): uid=1001(radio) DcHandlerThread expire 12 lines
11-20 07:01:43.103 I/chatty  ( 1984): uid=1001(radio) Binder:1984_F expire 11 lines
11-20 07:01:43.117 I/chatty  ( 1984): uid=1001(radio) Binder:1984_10 expire 18 lines
11-20 07:01:43.185 I/chatty  ( 1984): uid=1001(radio) Binder:1984_6 expire 1 line
11-20 07:01:43.269 I/chatty  ( 1984): uid=1001(radio) com.android.phone expire 17 lines
11-20 07:01:45.676 I/chatty  ( 1984): uid=1001(radio) Binder:1984_F expire 32 lines
11-20 07:01:45.810 I/chatty  ( 1984): uid=1001(radio) com.android.phone expire 22 lines
11-20 07:01:49.800 I/chatty  ( 1984): uid=1001(radio) Binder:1984_6 expire 11 lines
11-20 07:02:12.627 I/chatty  ( 1984): uid=1001(radio) HwBinder:1984_1 expire 1 line
11-20 07:02:13.030 I/chatty  ( 1984): uid=1001(radio) com.android.phone expire 10 lines
11-20 07:02:13.141 I/chatty  ( 1984): uid=1001(radio) Binder:1984_6 expire 19 lines
11-20 07:02:13.231 I/chatty  ( 1984): uid=1001(radio) com.android.phone expire 1 line
11-20 07:02:19.126 I/chatty  ( 1984): uid=1001(radio) com.android.phone expire 17 lines
11-20 07:02:19.191 I/chatty  ( 1984): uid=1001(radio) HwBinder:1984_1 expire 5 lines
11-20 07:02:21.679 I/chatty  ( 1984): uid=1001(radio) Binder:1984_5 expire 1 line
11-20 07:02:22.213 I/chatty  ( 1984): uid=1001(radio) NetworkService expire 5 lines
11-20 07:02:22.226 I/chatty  ( 1984): uid=1001(radio) HwBinder:1984_1 expire 7 lines
11-20 07:02:22.229 I/chatty  ( 1984): uid=1001(radio) com.android.phone expire 6 lines
11-20 07:02:22.257 I/chatty  ( 1042): uid=1001(radio) DispatcherModul expire 2 lines
11-20 07:02:22.308 I/chatty  ( 1984): uid=1001(radio) DcHandlerThread expire 15 lines
11-20 07:02:22.321 I/chatty  ( 1984): uid=1001(radio) HwBinder:1984_1 expire 4 lines
11-20 07:02:22.326 I/chatty  ( 1984): uid=1001(radio) NetworkService expire 2 lines
11-20 07:02:22.327 I/chatty  ( 1984): uid=1001(radio) com.android.phone expire 9 lines
11-20 07:02:22.358 I/chatty  ( 1984): uid=1001(radio) NetworkService expire 1 line
11-20 07:02:22.383 I/chatty  ( 1984): uid=1001(radio) DcHandlerThread expire 16 lines
11-20 07:02:22.400 I/chatty  ( 1984): uid=1001(radio) NetworkService expire 6 lines
11-20 07:02:22.401 I/chatty  ( 1984): uid=1001(radio) com.android.phone expire 9 lines
11-20 07:02:22.411 I/chatty  ( 1984): uid=1001(radio) HwBinder:1984_1 expire 6 lines
11-20 07:02:26.895 I/chatty  ( 1984): uid=1001(radio) Binder:1984_10 expire 2 lines
11-20 07:02:35.627 I/chatty  ( 1984): uid=1001(radio) Binder:1984_6 expire 1 line
11-20 07:03:40.262 I/chatty  ( 1984): uid=1001(radio) DcHandlerThread expire 16 lines
11-20 07:03:40.275 I/chatty  ( 1984): uid=1001(radio) com.android.phone expire 4 lines
11-20 07:03:40.295 I/chatty  ( 1984): uid=1001(radio) DcHandlerThread expire 17 lines
11-20 07:03:46.937 I/chatty  ( 1984): uid=1001(radio) HwBinder:1984_1 expire 2 lines
11-20 07:03:46.963 I/chatty  ( 1984): uid=1001(radio) DcHandlerThread expire 21 lines
11-20 07:03:46.982 I/chatty  ( 1984): uid=1001(radio) com.android.phone expire 5 lines
11-20 07:03:47.017 I/chatty  ( 1984): uid=1001(radio) DcHandlerThread expire 12 lines
11-20 07:03:50.805 I/chatty  ( 1984): uid=1001(radio) Binder:1984_6 expire 1 line
11-20 07:03:51.234 I/chatty  ( 1984): uid=1001(radio) HwBinder:1984_1 expire 3 lines
11-20 07:04:02.558 I/chatty  ( 1984): uid=1001(radio) DcHandlerThread expire 17 lines
11-20 07:04:02.569 I/chatty  ( 1984): uid=1001(radio) com.android.phone expire 4 lines
11-20 07:04:02.609 I/chatty  ( 1984): uid=1001(radio) DcHandlerThread expire 16 lines
11-20 07:04:17.799 I/chatty  ( 1984): uid=1001(radio) HwBinder:1984_1 expire 3 lines
11-20 07:04:17.833 I/chatty  ( 1984): uid=1001(radio) DcHandlerThread expire 20 lines
11-20 07:04:17.837 I/chatty  ( 1984): uid=1001(radio) com.android.phone expire 7 lines
11-20 07:04:20.720 I/chatty  ( 1984): uid=1001(radio) HwBinder:1984_1 expire 1 line
11-20 07:04:20.730 I/chatty  ( 1984): uid=1001(radio) DcHandlerThread expire 42 lines
11-20 07:04:20.785 I/chatty  ( 1984): uid=1001(radio) com.android.phone expire 1 line
11-20 07:04:26.985 I/chatty  ( 1984): uid=1001(radio) HwBinder:1984_1 expire 3 lines
11-20 07:04:27.026 I/chatty  ( 1984): uid=1001(radio) DcHandlerThread expire 18 lines
11-20 07:04:27.028 I/chatty  ( 1984): uid=1001(radio) com.android.phone expire 6 lines
11-20 07:04:30.544 I/chatty  ( 1984): uid=1001(radio) Binder:1984_10 expire 1 line
11-20 07:04:35.342 I/chatty  ( 1984): uid=1001(radio) com.android.phone expire 8 lines
11-20 07:04:38.644 I/chatty  ( 1984): uid=1001(radio) HwBinder:1984_1 expire 2 lines
11-20 07:04:38.665 I/chatty  ( 1984): uid=1001(radio) DcHandlerThread expire 30 lines
11-20 07:04:38.681 I/chatty  ( 1984): uid=1001(radio) com.android.phone expire 5 lines
11-20 07:04:44.886 I/chatty  ( 1984): uid=1001(radio) HwBinder:1984_1 expire 2 lines
11-20 07:04:44.901 I/chatty  ( 1984): uid=1001(radio) DcHandlerThread expire 30 lines
11-20 07:04:44.949 I/chatty  ( 1984): uid=1001(radio) com.android.phone expire 11 lines
11-20 07:04:48.773 I/chatty  ( 1984): uid=1001(radio) HwBinder:1984_1 expire 3 lines
11-20 07:04:55.861 I/chatty  ( 1984): uid=1001(radio) com.android.phone expire 2 lines
11-20 07:05:11.605 I/chatty  ( 1984): uid=1001(radio) Binder:1984_6 expire 1 line
11-20 07:05:14.513 I/chatty  ( 1984): uid=1001(radio) DcHandlerThread expire 29 lines
11-20 07:05:14.527 I/chatty  ( 1984): uid=1001(radio) com.android.phone expire 4 lines
11-20 07:05:14.556 I/chatty  ( 1984): uid=1001(radio) DcHandlerThread expire 16 lines
11-20 07:05:20.771 I/chatty  ( 1984): uid=1001(radio) HwBinder:1984_1 expire 2 lines
11-20 07:05:20.804 I/chatty  ( 1984): uid=1001(radio) com.android.phone expire 4 lines
11-20 07:05:20.820 I/chatty  ( 1984): uid=1001(radio) DcHandlerThread expire 29 lines
11-20 07:05:24.604 I/chatty  ( 1984): uid=1001(radio) com.android.phone expire 1 line
11-20 07:05:24.611 I/chatty  ( 1984): uid=1001(radio) HwBinder:1984_1 expire 3 lines
11-20 07:05:51.546 I/chatty  ( 1984): uid=1001(radio) Binder:1984_6 expire 1 line
11-20 07:06:08.715 I/chatty  ( 1984): uid=1001(radio) DcHandlerThread expire 16 lines
11-20 07:06:08.715 I/chatty  ( 1984): uid=1001(radio) com.android.phone expire 5 lines
11-20 07:06:19.658 I/chatty  ( 1984): uid=1001(radio) HwBinder:1984_1 expire 3 lines
11-20 07:06:27.452 I/chatty  ( 1984): uid=1001(radio) DcHandlerThread expire 30 lines
11-20 07:06:27.476 I/chatty  ( 1984): uid=1001(radio) com.android.phone expire 5 lines
11-20 07:06:27.594 I/chatty  ( 1984): uid=1001(radio) HwBinder:1984_1 expire 2 lines
11-20 07:06:27.607 I/chatty  ( 1984): uid=1001(radio) DcHandlerThread expire 30 lines
11-20 07:06:27.619 I/chatty  ( 1984): uid=1001(radio) com.android.phone expire 3 lines
11-20 07:06:32.531 I/chatty  ( 1984): uid=1001(radio) Binder:1984_6 expire 1 line
11-20 07:06:47.815 I/chatty  ( 1984): uid=1001(radio) HwBinder:1984_1 expire 2 lines
11-20 07:06:47.835 I/chatty  ( 1984): uid=1001(radio) DcHandlerThread expire 16 lines
11-20 07:06:47.857 I/chatty  ( 1984): uid=1001(radio) com.android.phone expire 5 lines
11-20 07:06:47.872 I/chatty  ( 1984): uid=1001(radio) DcHandlerThread expire 14 lines
11-20 07:06:51.660 I/chatty  ( 1984): uid=1001(radio) HwBinder:1984_1 expire 1 line
11-20 07:07:12.611 I/chatty  ( 1984): uid=1001(radio) Binder:1984_6 expire 2 lines
11-20 07:08:34.582 I/chatty  ( 1984): uid=1001(radio) Binder:1984_10 expire 1 line
11-20 07:09:04.578 I/chatty  ( 1984): uid=1001(radio) HwBinder:1984_1 expire 2 lines
11-20 07:09:04.608 I/chatty  ( 1984): uid=1001(radio) DcHandlerThread expire 15 lines
11-20 07:09:04.622 I/chatty  ( 1984): uid=1001(radio) com.android.phone expire 4 lines
11-20 07:09:04.635 I/chatty  ( 1984): uid=1001(radio) DcHandlerThread expire 15 lines
11-20 07:09:11.072 I/chatty  ( 1984): uid=1001(radio) HwBinder:1984_1 expire 2 lines
11-20 07:09:11.094 I/chatty  ( 1984): uid=1001(radio) DcHandlerThread expire 28 lines
11-20 07:09:11.113 I/chatty  ( 1984): uid=1001(radio) com.android.phone expire 5 lines
11-20 07:09:11.140 I/chatty  ( 1984): uid=1001(radio) DcHandlerThread expire 11 lines
11-20 07:09:15.028 I/chatty  ( 1984): uid=1001(radio) HwBinder:1984_1 expire 3 lines
11-20 07:09:15.576 I/chatty  ( 1984): uid=1001(radio) Binder:1984_10 expire 1 line
11-20 07:09:43.107 I/chatty  ( 1984): uid=1001(radio) DcHandlerThread expire 24 lines
11-20 07:09:43.114 I/chatty  ( 1984): uid=1001(radio) com.android.phone expire 4 lines
11-20 07:09:49.493 I/chatty  ( 1984): uid=1001(radio) HwBinder:1984_1 expire 2 lines
11-20 07:09:49.526 I/chatty  ( 1984): uid=1001(radio) DcHandlerThread expire 18 lines
11-20 07:09:49.559 I/chatty  ( 1984): uid=1001(radio) com.android.phone expire 5 lines
11-20 07:09:49.590 I/chatty  ( 1984): uid=1001(radio) DcHandlerThread expire 10 lines
11-20 07:09:53.414 I/chatty  ( 1984): uid=1001(radio) HwBinder:1984_1 expire 3 lines
11-20 07:09:55.966 I/chatty  ( 1984): uid=1001(radio) Binder:1984_10 expire 3 lines
11-20 07:11:39.371 I/chatty  ( 1984): uid=1001(radio) DcHandlerThread expire 17 lines
11-20 07:11:39.393 I/chatty  ( 1984): uid=1001(radio) com.android.phone expire 4 lines
11-20 07:11:39.406 I/chatty  ( 1984): uid=1001(radio) DcHandlerThread expire 17 lines
11-20 07:11:52.905 I/chatty  ( 1984): uid=1001(radio) Binder:1984_10 expire 1 line
11-20 07:11:54.650 I/chatty  ( 1984): uid=1001(radio) HwBinder:1984_1 expire 3 lines
11-20 07:11:54.676 I/chatty  ( 1984): uid=1001(radio) DcHandlerThread expire 25 lines
11-20 07:11:54.689 I/chatty  ( 1984): uid=1001(radio) com.android.phone expire 7 lines
11-20 07:11:58.356 I/chatty  ( 1984): uid=1001(radio) HwBinder:1984_1 expire 1 line
11-20 07:11:58.369 I/chatty  ( 1984): uid=1001(radio) DcHandlerThread expire 44 lines
11-20 07:11:58.416 I/chatty  ( 1984): uid=1001(radio) com.android.phone expire 1 line
11-20 07:12:04.567 I/chatty  ( 1984): uid=1001(radio) HwBinder:1984_1 expire 4 lines
11-20 07:12:04.595 I/chatty  ( 1984): uid=1001(radio) DcHandlerThread expire 22 lines
11-20 07:12:04.599 I/chatty  ( 1984): uid=1001(radio) com.android.phone expire 7 lines
11-20 07:12:06.506 I/chatty  ( 1984): uid=1001(radio) DcHandlerThread expire 32 lines
11-20 07:12:06.554 I/chatty  ( 1984): uid=1001(radio) com.android.phone expire 1 line
11-20 07:12:13.642 I/chatty  ( 1984): uid=1001(radio) HwBinder:1984_1 expire 2 lines
11-20 07:12:13.669 I/chatty  ( 1984): uid=1001(radio) DcHandlerThread expire 18 lines
11-20 07:12:13.681 I/chatty  ( 1984): uid=1001(radio) com.android.phone expire 4 lines
11-20 07:12:13.711 I/chatty  ( 1984): uid=1001(radio) DcHandlerThread expire 14 lines
11-20 07:12:16.875 I/chatty  ( 1984): uid=1001(radio) HwBinder:1984_1 expire 2 lines
11-20 07:12:16.911 I/chatty  ( 1984): uid=1001(radio) DcHandlerThread expire 16 lines
11-20 07:12:16.912 I/chatty  ( 1984): uid=1001(radio) com.android.phone expire 4 lines
11-20 07:12:16.955 I/chatty  ( 1984): uid=1001(radio) DcHandlerThread expire 16 lines
11-20 07:12:23.361 I/chatty  ( 1984): uid=1001(radio) HwBinder:1984_1 expire 2 lines
11-20 07:12:23.393 I/chatty  ( 1984): uid=1001(radio) DcHandlerThread expire 17 lines
11-20 07:12:23.397 I/chatty  ( 1984): uid=1001(radio) com.android.phone expire 5 lines
11-20 07:12:23.420 I/chatty  ( 1984): uid=1001(radio) DcHandlerThread expire 12 lines
11-20 07:12:27.153 I/chatty  ( 1984): uid=1001(radio) HwBinder:1984_1 expire 3 lines
11-20 07:12:27.948 I/chatty  ( 1984): uid=1001(radio) DcHandlerThread expire 16 lines
11-20 07:12:27.949 I/chatty  ( 1984): uid=1001(radio) com.android.phone expire 4 lines
11-20 07:12:27.986 I/chatty  ( 1984): uid=1001(radio) DcHandlerThread expire 15 lines
11-20 07:12:31.869 I/chatty  ( 1984): uid=1001(radio) Binder:1984_10 expire 1 line
11-20 07:12:44.181 I/chatty  ( 1984): uid=1001(radio) HwBinder:1984_1 expire 2 lines
11-20 07:12:44.205 I/chatty  ( 1984): uid=1001(radio) DcHandlerThread expire 17 lines
11-20 07:12:44.208 I/chatty  ( 1984): uid=1001(radio) com.android.phone expire 5 lines
11-20 07:12:44.234 I/chatty  ( 1984): uid=1001(radio) DcHandlerThread expire 11 lines
11-20 07:12:48.131 I/chatty  ( 1984): uid=1001(radio) HwBinder:1984_1 expire 3 lines
11-20 07:12:54.034 I/chatty  ( 1984): uid=1001(radio) DcHandlerThread expire 16 lines
11-20 07:12:54.035 I/chatty  ( 1984): uid=1001(radio) com.android.phone expire 4 lines
11-20 07:12:54.064 I/chatty  ( 1984): uid=1001(radio) DcHandlerThread expire 16 lines
11-20 07:13:00.286 I/chatty  ( 1984): uid=1001(radio) HwBinder:1984_1 expire 2 lines
11-20 07:13:00.323 I/chatty  ( 1984): uid=1001(radio) DcHandlerThread expire 17 lines
11-20 07:13:00.327 I/chatty  ( 1984): uid=1001(radio) com.android.phone expire 5 lines
11-20 07:13:00.359 I/chatty  ( 1984): uid=1001(radio) DcHandlerThread expire 9 lines
11-20 07:13:04.136 I/chatty  ( 1984): uid=1001(radio) HwBinder:1984_1 expire 3 lines
11-20 07:13:11.959 I/chatty  ( 1984): uid=1001(radio) Binder:1984_6 expire 1 line
11-20 07:13:51.866 I/chatty  ( 1984): uid=1001(radio) Binder:1984_10 expire 1 line
11-20 07:14:20.949 I/chatty  ( 1984): uid=1001(radio) DcHandlerThread expire 16 lines
11-20 07:14:20.960 I/chatty  ( 1984): uid=1001(radio) com.android.phone expire 4 lines
11-20 07:14:20.982 I/chatty  ( 1984): uid=1001(radio) DcHandlerThread expire 16 lines
11-20 07:14:27.644 I/chatty  ( 1984): uid=1001(radio) HwBinder:1984_1 expire 2 lines
11-20 07:14:27.694 I/chatty  ( 1984): uid=1001(radio) DcHandlerThread expire 18 lines
11-20 07:14:27.698 I/chatty  ( 1984): uid=1001(radio) com.android.phone expire 5 lines
11-20 07:14:27.792 I/chatty  ( 1984): uid=1001(radio) DcHandlerThread expire 11 lines
11-20 07:14:30.887 I/chatty  ( 1984): uid=1001(radio) Binder:1984_6 expire 1 line
11-20 07:14:31.838 I/chatty  ( 1984): uid=1001(radio) HwBinder:1984_1 expire 3 lines
11-20 07:14:49.238 I/chatty  ( 1984): uid=1001(radio) DcHandlerThread expire 16 lines
11-20 07:14:49.246 I/chatty  ( 1984): uid=1001(radio) com.android.phone expire 4 lines
11-20 07:14:49.282 I/chatty  ( 1984): uid=1001(radio) DcHandlerThread expire 16 lines
11-20 07:14:56.313 I/chatty  ( 1984): uid=1001(radio) HwBinder:1984_1 expire 2 lines
