--------- beginning of radio
11-20 11:43:08.290 E/PHONE   ( 1194): ServiceState.getRadioTechnology() DEPRECATED will be removed *******
11-20 11:43:08.298 I/chatty  ( 1975): uid=1001(radio) com.android.phone expire 13 lines
11-20 11:43:08.302 I/chatty  ( 1975): uid=1001(radio) HwBinder:1975_1 expire 6 lines
11-20 11:43:08.387 I/chatty  ( 1975): uid=1001(radio) com.android.phone expire 11 lines
11-20 11:43:08.399 E/PHONE   ( 1194): ServiceState.getRadioTechnology() DEPRECATED will be removed *******
11-20 11:43:09.514 I/chatty  ( 1975): uid=1001(radio) DcHandlerThread expire 30 lines
11-20 11:43:09.543 I/chatty  ( 1975): uid=1001(radio) com.android.phone expire 42 lines
11-20 11:43:37.667 I/chatty  ( 1975): uid=1001(radio) Binder:1975_4 expire 1 line
11-20 11:43:37.687 I/chatty  ( 1975): uid=1001(radio) Binder:1975_A expire 14 lines
11-20 11:43:38.091 I/chatty  ( 1975): uid=1001(radio) com.android.phone expire 11 lines
11-20 11:43:38.142 I/chatty  ( 1975): uid=1001(radio) Binder:1975_4 expire 14 lines
11-20 11:43:38.296 I/chatty  ( 1975): uid=1001(radio) com.android.phone expire 20 lines
11-20 11:43:38.395 I/chatty  ( 1975): uid=1001(radio) HwBinder:1975_1 expire 2 lines
11-20 11:43:38.411 I/chatty  ( 1975): uid=1001(radio) DcHandlerThread expire 30 lines
11-20 11:43:38.524 I/chatty  ( 1975): uid=1001(radio) com.android.phone expire 12 lines
11-20 11:43:40.186 I/chatty  ( 1975): uid=1001(radio) Binder:1975_4 expire 43 lines
11-20 11:43:40.333 I/chatty  ( 1975): uid=1001(radio) com.android.phone expire 5 lines
11-20 11:43:52.011 I/chatty  ( 1975): uid=1001(radio) Binder:1975_4 expire 31 lines
11-20 11:43:52.064 I/chatty  ( 1975): uid=1001(radio) com.android.phone expire 22 lines
11-20 11:44:16.450 I/chatty  ( 1113): uid=1001(radio) DispatcherModul expire 1 line
11-20 11:44:31.991 I/chatty  ( 1975): uid=1001(radio) Binder:1975_4 expire 18 lines
11-20 11:44:32.029 I/chatty  ( 1975): uid=1001(radio) com.android.phone expire 18 lines
11-20 11:44:32.095 I/chatty  ( 1975): uid=1001(radio) com.android.phone expire 1 line
11-20 11:44:32.821 I/chatty  ( 1975): uid=1001(radio) com.android.phone expire 22 lines
11-20 11:44:35.727 I/chatty  ( 1975): uid=1001(radio) HwBinder:1975_1 expire 3 lines
11-20 11:44:36.766 I/chatty  ( 1975): uid=1001(radio) com.android.phone expire 28 lines
11-20 11:44:36.897 I/chatty  ( 1975): uid=1001(radio) HwBinder:1975_1 expire 8 lines
11-20 11:44:36.898 I/chatty  ( 1975): uid=1001(radio) NetworkService expire 6 lines
11-20 11:44:36.940 I/chatty  ( 1113): uid=1001(radio) DispatcherModul expire 2 lines
11-20 11:44:36.987 I/chatty  ( 1975): uid=1001(radio) com.android.phone expire 15 lines
11-20 11:44:36.991 I/chatty  ( 1975): uid=1001(radio) HwBinder:1975_1 expire 3 lines
11-20 11:44:36.991 I/chatty  ( 1975): uid=1001(radio) NetworkService expire 8 lines
11-20 11:44:37.046 E/PHONE   ( 1194): ServiceState.getRadioTechnology() DEPRECATED will be removed *******
11-20 11:44:37.055 I/chatty  ( 1975): uid=1001(radio) com.android.phone expire 13 lines
11-20 11:44:37.061 I/chatty  ( 1975): uid=1001(radio) HwBinder:1975_1 expire 6 lines
11-20 11:44:37.110 I/chatty  ( 1975): uid=1001(radio) com.android.phone expire 19 lines
11-20 11:44:37.119 E/PHONE   ( 1194): ServiceState.getRadioTechnology() DEPRECATED will be removed *******
11-20 11:44:43.357 I/chatty  ( 1975): uid=1001(radio) DcHandlerThread expire 30 lines
11-20 11:44:43.373 I/chatty  ( 1975): uid=1001(radio) com.android.phone expire 40 lines
11-20 11:44:47.200 I/chatty  ( 1975): uid=1001(radio) HwBinder:1975_1 expire 1 line
11-20 11:45:05.626 I/chatty  ( 1975): uid=1001(radio) Binder:1975_4 expire 22 lines
11-20 11:45:06.050 I/chatty  ( 1975): uid=1001(radio) com.android.phone expire 7 lines
11-20 11:45:06.085 I/chatty  ( 1975): uid=1001(radio) Binder:1975_A expire 7 lines
11-20 11:45:06.266 I/chatty  ( 1975): uid=1001(radio) com.android.phone expire 19 lines
11-20 11:45:06.471 I/chatty  ( 1975): uid=1001(radio) HwBinder:1975_1 expire 2 lines
11-20 11:45:06.535 I/chatty  ( 1975): uid=1001(radio) DcHandlerThread expire 27 lines
11-20 11:45:06.573 I/chatty  ( 1975): uid=1001(radio) com.android.phone expire 4 lines
11-20 11:45:06.606 I/chatty  ( 1975): uid=1001(radio) DcHandlerThread expire 3 lines
11-20 11:45:07.885 I/chatty  ( 1975): uid=1001(radio) Binder:1975_4 expire 35 lines
11-20 11:45:07.913 I/chatty  ( 1975): uid=1001(radio) com.android.phone expire 9 lines
11-20 11:45:17.274 I/chatty  ( 1975): uid=1001(radio) HwBinder:1975_1 expire 1 line
11-20 11:45:19.900 I/chatty  ( 1975): uid=1001(radio) Binder:1975_4 expire 30 lines
11-20 11:45:19.971 I/chatty  ( 1975): uid=1001(radio) com.android.phone expire 27 lines
11-20 11:45:26.882 I/chatty  ( 1975): uid=1001(radio) Binder:1975_4 expire 18 lines
11-20 11:45:36.470 I/chatty  ( 1975): uid=1001(radio) HwBinder:1975_1 expire 1 line
11-20 11:45:44.347 I/chatty  ( 1113): uid=1001(radio) DispatcherModul expire 1 line
11-20 11:45:59.663 I/chatty  ( 1975): uid=1001(radio) Binder:1975_4 expire 9 lines
11-20 11:45:59.664 I/chatty  ( 1975): uid=1001(radio) com.android.phone expire 15 lines
11-20 11:45:59.714 I/chatty  ( 1975): uid=1001(radio) com.android.phone expire 1 line
11-20 11:46:00.248 I/chatty  ( 1975): uid=1001(radio) com.android.phone expire 6 lines
11-20 11:46:06.245 I/chatty  ( 1975): uid=1001(radio) HwBinder:1975_1 expire 2 lines
11-20 11:46:06.261 I/chatty  ( 1975): uid=1001(radio) DcHandlerThread expire 31 lines
11-20 11:46:06.286 I/chatty  ( 1975): uid=1001(radio) com.android.phone expire 5 lines
11-20 11:47:34.409 I/chatty  ( 1975): uid=1001(radio) HwBinder:1975_1 expire 3 lines
11-20 11:48:14.348 I/chatty  ( 1975): uid=1001(radio) DcHandlerThread expire 26 lines
11-20 11:48:14.361 I/chatty  ( 1975): uid=1001(radio) com.android.phone expire 5 lines
11-20 11:48:14.401 I/chatty  ( 1975): uid=1001(radio) DcHandlerThread expire 26 lines
11-20 11:48:20.892 I/chatty  ( 1975): uid=1001(radio) HwBinder:1975_1 expire 5 lines
11-20 11:48:20.947 I/chatty  ( 1975): uid=1001(radio) DcHandlerThread expire 14 lines
11-20 11:48:20.954 I/chatty  ( 1975): uid=1001(radio) com.android.phone expire 7 lines
11-20 11:48:58.559 I/chatty  ( 1975): uid=1001(radio) DcHandlerThread expire 48 lines
11-20 11:48:59.457 I/chatty  ( 1975): uid=1001(radio) com.android.phone expire 2 lines
11-20 11:49:07.354 I/chatty  ( 1975): uid=1001(radio) HwBinder:1975_1 expire 5 lines
11-20 11:49:07.415 I/chatty  ( 1975): uid=1001(radio) DcHandlerThread expire 13 lines
11-20 11:49:07.416 I/chatty  ( 1975): uid=1001(radio) com.android.phone expire 8 lines
11-20 11:52:09.912 I/chatty  ( 1975): uid=1001(radio) DcHandlerThread expire 48 lines
11-20 11:52:16.227 I/chatty  ( 1975): uid=1001(radio) HwBinder:1975_1 expire 2 lines
11-20 11:52:16.261 I/chatty  ( 1975): uid=1001(radio) com.android.phone expire 6 lines
11-20 11:52:16.280 I/chatty  ( 1975): uid=1001(radio) DcHandlerThread expire 18 lines
11-20 11:52:20.312 I/chatty  ( 1975): uid=1001(radio) HwBinder:1975_1 expire 5 lines
11-20 11:53:11.352 I/chatty  ( 1975): uid=1001(radio) DcHandlerThread expire 19 lines
11-20 11:53:11.352 I/chatty  ( 1975): uid=1001(radio) com.android.phone expire 8 lines
11-20 11:53:17.603 I/chatty  ( 1975): uid=1001(radio) DcHandlerThread expire 27 lines
11-20 11:53:21.754 I/chatty  ( 1975): uid=1001(radio) HwBinder:1975_1 expire 3 lines
11-20 12:00:26.231 I/chatty  ( 1975): uid=1001(radio) DcHandlerThread expire 22 lines
11-20 12:00:26.246 I/chatty  ( 1975): uid=1001(radio) com.android.phone expire 5 lines
11-20 12:00:26.276 I/chatty  ( 1975): uid=1001(radio) DcHandlerThread expire 26 lines
11-20 12:00:32.775 I/chatty  ( 1975): uid=1001(radio) HwBinder:1975_1 expire 5 lines
11-20 12:00:32.825 I/chatty  ( 1975): uid=1001(radio) DcHandlerThread expire 25 lines
11-20 12:00:32.838 I/chatty  ( 1975): uid=1001(radio) com.android.phone expire 12 lines
11-20 12:00:57.280 I/chatty  ( 1975): uid=1001(radio) DcHandlerThread expire 17 lines
11-20 12:00:58.253 I/chatty  ( 1975): uid=1001(radio) Binder:1975_6 expire 2 lines
11-20 12:00:58.270 I/chatty  ( 1975): uid=1001(radio) com.android.phone expire 15 lines
11-20 12:01:04.417 I/chatty  ( 1975): uid=1001(radio) HwBinder:1975_1 expire 2 lines
11-20 12:01:04.433 I/chatty  ( 1975): uid=1001(radio) DcHandlerThread expire 30 lines
11-20 12:01:04.450 I/chatty  ( 1975): uid=1001(radio) com.android.phone expire 16 lines
11-20 12:03:46.184 I/chatty  ( 1975): uid=1001(radio) HwBinder:1975_1 expire 2 lines
11-20 12:03:46.200 I/chatty  ( 1975): uid=1001(radio) DcHandlerThread expire 45 lines
11-20 12:03:46.255 I/chatty  ( 1975): uid=1001(radio) com.android.phone expire 1 line
11-20 12:03:52.473 I/chatty  ( 1975): uid=1001(radio) HwBinder:1975_1 expire 4 lines
11-20 12:03:52.505 I/chatty  ( 1975): uid=1001(radio) com.android.phone expire 4 lines
11-20 12:03:52.520 I/chatty  ( 1975): uid=1001(radio) DcHandlerThread expire 40 lines
11-20 12:04:18.086 I/chatty  ( 1975): uid=1001(radio) com.android.phone expire 5 lines
11-20 12:04:18.109 I/chatty  ( 1975): uid=1001(radio) DcHandlerThread expire 26 lines
11-20 12:04:24.409 I/chatty  ( 1975): uid=1001(radio) HwBinder:1975_1 expire 5 lines
11-20 12:04:24.460 I/chatty  ( 1975): uid=1001(radio) DcHandlerThread expire 15 lines
11-20 12:04:24.466 I/chatty  ( 1975): uid=1001(radio) com.android.phone expire 7 lines
11-20 12:10:56.269 I/chatty  ( 1975): uid=1001(radio) DcHandlerThread expire 49 lines
11-20 12:10:56.310 I/chatty  ( 1975): uid=1001(radio) com.android.phone expire 2 lines
11-20 12:11:02.518 I/chatty  ( 1975): uid=1001(radio) HwBinder:1975_1 expire 4 lines
11-20 12:11:02.585 I/chatty  ( 1975): uid=1001(radio) DcHandlerThread expire 15 lines
11-20 12:11:02.585 I/chatty  ( 1975): uid=1001(radio) com.android.phone expire 7 lines
11-20 12:15:26.213 I/chatty  ( 1975): uid=1001(radio) DcHandlerThread expire 21 lines
11-20 12:15:32.527 I/chatty  ( 1975): uid=1001(radio) HwBinder:1975_1 expire 2 lines
11-20 12:15:32.579 I/chatty  ( 1975): uid=1001(radio) DcHandlerThread expire 19 lines
11-20 12:15:32.619 I/chatty  ( 1975): uid=1001(radio) com.android.phone expire 11 lines
11-20 12:15:32.807 I/chatty  ( 1975): uid=1001(radio) DcHandlerThread expire 10 lines
11-20 12:15:36.820 I/chatty  ( 1975): uid=1001(radio) HwBinder:1975_1 expire 3 lines
11-20 12:15:39.181 I/chatty  ( 1975): uid=1001(radio) DcHandlerThread expire 25 lines
11-20 12:15:39.197 I/chatty  ( 1975): uid=1001(radio) com.android.phone expire 4 lines
11-20 12:15:39.233 I/chatty  ( 1975): uid=1001(radio) DcHandlerThread expire 19 lines
11-20 12:15:45.750 I/chatty  ( 1975): uid=1001(radio) HwBinder:1975_1 expire 5 lines
11-20 12:15:45.780 I/chatty  ( 1975): uid=1001(radio) DcHandlerThread expire 19 lines
11-20 12:15:45.783 I/chatty  ( 1975): uid=1001(radio) com.android.phone expire 5 lines
11-20 12:16:23.032 I/chatty  ( 1975): uid=1001(radio) Binder:1975_7 expire 1 line
11-20 12:16:27.835 I/chatty  ( 1975): uid=1001(radio) DcHandlerThread expire 27 lines
11-20 12:16:27.845 I/chatty  ( 1975): uid=1001(radio) com.android.phone expire 5 lines
11-20 12:16:35.837 I/chatty  ( 1975): uid=1001(radio) HwBinder:1975_1 expire 2 lines
11-20 12:16:35.853 I/chatty  ( 1975): uid=1001(radio) DcHandlerThread expire 30 lines
11-20 12:16:35.887 I/chatty  ( 1975): uid=1001(radio) com.android.phone expire 4 lines
11-20 12:16:39.527 I/chatty  ( 1975): uid=1001(radio) HwBinder:1975_1 expire 1 line
11-20 12:16:52.534 I/chatty  ( 1975): uid=1001(radio) Binder:1975_7 expire 4 lines
11-20 12:17:34.420 I/chatty  ( 1975): uid=1001(radio) com.android.phone expire 4 lines
11-20 12:17:34.427 I/chatty  ( 1975): uid=1001(radio) HwBinder:1975_1 expire 3 lines
11-20 12:18:28.626 I/chatty  ( 1975): uid=1001(radio) Binder:1975_E expire 2 lines
11-20 12:19:18.340 I/chatty  ( 1975): uid=1001(radio) DcHandlerThread expire 36 lines
11-20 12:19:18.377 I/chatty  ( 1975): uid=1001(radio) com.android.phone expire 1 line
11-20 12:19:24.958 I/chatty  ( 1975): uid=1001(radio) HwBinder:1975_1 expire 2 lines
11-20 12:19:24.979 I/chatty  ( 1975): uid=1001(radio) DcHandlerThread expire 24 lines
11-20 12:19:24.987 I/chatty  ( 1975): uid=1001(radio) com.android.phone expire 8 lines
11-20 12:19:29.115 I/chatty  ( 1975): uid=1001(radio) HwBinder:1975_1 expire 3 lines
11-20 12:19:38.517 I/chatty  ( 1975): uid=1001(radio) DcHandlerThread expire 39 lines
11-20 12:19:38.570 I/chatty  ( 1975): uid=1001(radio) com.android.phone expire 1 line
11-20 12:19:45.125 I/chatty  ( 1975): uid=1001(radio) HwBinder:1975_1 expire 3 lines
11-20 12:19:45.151 I/chatty  ( 1975): uid=1001(radio) DcHandlerThread expire 21 lines
11-20 12:19:45.160 I/chatty  ( 1975): uid=1001(radio) com.android.phone expire 8 lines
11-20 12:19:50.455 I/chatty  ( 1975): uid=1001(radio) Binder:1975_E expire 2 lines
11-20 12:20:34.847 I/chatty  ( 1975): uid=1001(radio) HwBinder:1975_1 expire 2 lines
11-20 12:20:34.863 I/chatty  ( 1975): uid=1001(radio) DcHandlerThread expire 49 lines
11-20 12:20:34.914 I/chatty  ( 1975): uid=1001(radio) com.android.phone expire 2 lines
11-20 12:20:41.253 I/chatty  ( 1975): uid=1001(radio) HwBinder:1975_1 expire 5 lines
11-20 12:20:41.303 I/chatty  ( 1975): uid=1001(radio) DcHandlerThread expire 13 lines
11-20 12:20:41.317 I/chatty  ( 1975): uid=1001(radio) com.android.phone expire 7 lines
11-20 12:21:01.689 I/chatty  ( 1975): uid=1001(radio) DcHandlerThread expire 52 lines
11-20 12:21:01.737 I/chatty  ( 1975): uid=1001(radio) com.android.phone expire 2 lines
11-20 12:21:08.229 I/chatty  ( 1975): uid=1001(radio) HwBinder:1975_1 expire 5 lines
11-20 12:21:08.282 I/chatty  ( 1975): uid=1001(radio) DcHandlerThread expire 12 lines
11-20 12:21:08.288 I/chatty  ( 1975): uid=1001(radio) com.android.phone expire 4 lines
11-20 12:21:12.255 I/chatty  ( 1975): uid=1001(radio) Binder:1975_E expire 2 lines
11-20 12:22:02.955 I/chatty  ( 1975): uid=1001(radio) DcHandlerThread expire 24 lines
11-20 12:22:02.962 I/chatty  ( 1975): uid=1001(radio) com.android.phone expire 5 lines
11-20 12:22:10.476 I/chatty  ( 1975): uid=1001(radio) HwBinder:1975_1 expire 2 lines
11-20 12:22:10.495 I/chatty  ( 1975): uid=1001(radio) DcHandlerThread expire 36 lines
11-20 12:22:10.529 I/chatty  ( 1975): uid=1001(radio) com.android.phone expire 4 lines
11-20 12:22:14.873 I/chatty  ( 1975): uid=1001(radio) HwBinder:1975_1 expire 3 lines
11-20 12:22:33.589 I/chatty  ( 1975): uid=1001(radio) Binder:1975_E expire 4 lines
11-20 12:25:11.320 I/chatty  ( 1975): uid=1001(radio) DcHandlerThread expire 23 lines
11-20 12:25:11.327 I/chatty  ( 1975): uid=1001(radio) com.android.phone expire 5 lines
11-20 12:25:11.366 I/chatty  ( 1975): uid=1001(radio) DcHandlerThread expire 24 lines
11-20 12:25:15.576 I/chatty  ( 1975): uid=1001(radio) Binder:1975_E expire 1 line
11-20 12:25:17.518 I/chatty  ( 1975): uid=1001(radio) HwBinder:1975_1 expire 5 lines
11-20 12:25:17.574 I/chatty  ( 1975): uid=1001(radio) DcHandlerThread expire 19 lines
11-20 12:25:17.580 I/chatty  ( 1975): uid=1001(radio) com.android.phone expire 4 lines
11-20 12:25:57.519 I/chatty  ( 1975): uid=1001(radio) Binder:1975_E expire 1 line
11-20 12:26:12.799 I/chatty  ( 1975): uid=1001(radio) DcHandlerThread expire 18 lines
11-20 12:26:12.800 I/chatty  ( 1975): uid=1001(radio) com.android.phone expire 4 lines
11-20 12:26:18.907 I/chatty  ( 1975): uid=1001(radio) HwBinder:1975_1 expire 2 lines
11-20 12:26:18.922 I/chatty  ( 1975): uid=1001(radio) DcHandlerThread expire 17 lines
11-20 12:26:18.940 I/chatty  ( 1975): uid=1001(radio) com.android.phone expire 5 lines
11-20 12:26:18.954 I/chatty  ( 1975): uid=1001(radio) DcHandlerThread expire 22 lines
11-20 12:26:23.196 I/chatty  ( 1975): uid=1001(radio) HwBinder:1975_1 expire 3 lines
11-20 12:26:27.646 I/chatty  ( 1975): uid=1001(radio) DcHandlerThread expire 20 lines
11-20 12:26:27.652 I/chatty  ( 1975): uid=1001(radio) com.android.phone expire 5 lines
11-20 12:26:27.684 I/chatty  ( 1975): uid=1001(radio) DcHandlerThread expire 18 lines
11-20 12:26:35.190 I/chatty  ( 1975): uid=1001(radio) HwBinder:1975_1 expire 5 lines
11-20 12:26:35.243 I/chatty  ( 1975): uid=1001(radio) DcHandlerThread expire 14 lines
11-20 12:26:35.258 I/chatty  ( 1975): uid=1001(radio) com.android.phone expire 4 lines
11-20 12:26:38.507 I/chatty  ( 1975): uid=1001(radio) Binder:1975_E expire 2 lines
11-20 12:27:47.492 I/chatty  ( 1975): uid=1001(radio) DcHandlerThread expire 20 lines
11-20 12:27:47.506 I/chatty  ( 1975): uid=1001(radio) com.android.phone expire 12 lines
11-20 12:27:47.535 I/chatty  ( 1975): uid=1001(radio) DcHandlerThread expire 9 lines
11-20 12:27:47.738 I/chatty  ( 1975): uid=1001(radio) Binder:1975_9 expire 2 lines
11-20 12:27:47.757 I/chatty  ( 1975): uid=1001(radio) com.android.phone expire 11 lines
11-20 12:27:53.962 I/chatty  ( 1975): uid=1001(radio) HwBinder:1975_1 expire 2 lines
11-20 12:27:53.978 I/chatty  ( 1975): uid=1001(radio) DcHandlerThread expire 23 lines
11-20 12:27:53.995 I/chatty  ( 1975): uid=1001(radio) com.android.phone expire 4 lines
11-20 12:27:54.018 I/chatty  ( 1975): uid=1001(radio) DcHandlerThread expire 11 lines
11-20 12:27:59.543 I/chatty  ( 1975): uid=1001(radio) Binder:1975_9 expire 2 lines
11-20 12:29:11.738 I/chatty  ( 1975): uid=1001(radio) HwBinder:1975_1 expire 2 lines
11-20 12:29:11.756 I/chatty  ( 1975): uid=1001(radio) DcHandlerThread expire 16 lines
11-20 12:29:11.771 I/chatty  ( 1975): uid=1001(radio) com.android.phone expire 4 lines
11-20 12:29:11.798 I/chatty  ( 1975): uid=1001(radio) DcHandlerThread expire 16 lines
11-20 12:29:19.487 I/chatty  ( 1975): uid=1001(radio) HwBinder:1975_1 expire 2 lines
11-20 12:29:19.519 I/chatty  ( 1975): uid=1001(radio) DcHandlerThread expire 17 lines
11-20 12:29:19.533 I/chatty  ( 1975): uid=1001(radio) com.android.phone expire 1 line
11-20 12:29:19.549 I/chatty  ( 1975): uid=1001(radio) Binder:1975_5 expire 1 line
11-20 12:29:19.578 I/chatty  ( 1975): uid=1001(radio) DcHandlerThread expire 7 lines
11-20 12:29:19.585 I/chatty  ( 1975): uid=1001(radio) com.android.phone expire 9 lines
11-20 12:29:23.675 I/chatty  ( 1975): uid=1001(radio) HwBinder:1975_1 expire 7 lines
11-20 12:30:04.522 I/chatty  ( 1975): uid=1001(radio) NetworkService expire 10 lines
11-20 12:30:04.523 I/chatty  ( 1975): uid=1001(radio) com.android.phone expire 13 lines
11-20 12:30:04.611 I/chatty  ( 1975): uid=1001(radio) HwBinder:1975_1 expire 7 lines
11-20 12:30:04.658 I/chatty  ( 1975): uid=1001(radio) NetworkService expire 4 lines
11-20 12:30:05.147 I/chatty  ( 1975): uid=1001(radio) HwBinder:1975_1 expire 2 lines
11-20 12:30:05.157 I/chatty  ( 1975): uid=1001(radio) DcHandlerThread expire 15 lines
11-20 12:30:05.171 I/chatty  ( 1975): uid=1001(radio) com.android.phone expire 4 lines
11-20 12:30:05.185 I/chatty  ( 1975): uid=1001(radio) DcHandlerThread expire 22 lines
11-20 12:30:11.969 I/chatty  ( 1975): uid=1001(radio) HwBinder:1975_1 expire 2 lines
11-20 12:30:11.999 I/chatty  ( 1975): uid=1001(radio) DcHandlerThread expire 18 lines
11-20 12:30:12.012 I/chatty  ( 1975): uid=1001(radio) com.android.phone expire 4 lines
11-20 12:30:12.048 I/chatty  ( 1975): uid=1001(radio) DcHandlerThread expire 15 lines
11-20 12:30:34.234 I/chatty  ( 1975): uid=1001(radio) HwBinder:1975_1 expire 2 lines
11-20 12:30:34.266 I/chatty  ( 1975): uid=1001(radio) DcHandlerThread expire 16 lines
11-20 12:30:34.267 I/chatty  ( 1975): uid=1001(radio) com.android.phone expire 4 lines
11-20 12:30:34.289 I/chatty  ( 1975): uid=1001(radio) DcHandlerThread expire 16 lines
11-20 12:30:40.522 I/chatty  ( 1975): uid=1001(radio) HwBinder:1975_1 expire 2 lines
11-20 12:30:40.551 I/chatty  ( 1975): uid=1001(radio) DcHandlerThread expire 18 lines
11-20 12:30:40.554 I/chatty  ( 1975): uid=1001(radio) com.android.phone expire 15 lines
11-20 12:30:56.865 I/chatty  ( 1975): uid=1001(radio) Binder:1975_9 expire 1 line
11-20 12:30:57.342 I/chatty  ( 1975): uid=1001(radio) HwBinder:1975_1 expire 6 lines
11-20 12:30:57.342 I/chatty  ( 1975): uid=1001(radio) NetworkService expire 7 lines
11-20 12:30:57.426 I/chatty  ( 1975): uid=1001(radio) com.android.phone expire 18 lines
11-20 12:30:57.813 I/chatty  ( 1975): uid=1001(radio) HwBinder:1975_1 expire 2 lines
11-20 12:30:57.826 I/chatty  ( 1975): uid=1001(radio) DcHandlerThread expire 24 lines
11-20 12:30:57.839 I/chatty  ( 1975): uid=1001(radio) com.android.phone expire 4 lines
11-20 12:30:57.858 I/chatty  ( 1975): uid=1001(radio) DcHandlerThread expire 15 lines
11-20 12:31:04.416 I/chatty  ( 1975): uid=1001(radio) HwBinder:1975_1 expire 2 lines
11-20 12:31:04.451 I/chatty  ( 1975): uid=1001(radio) DcHandlerThread expire 17 lines
11-20 12:31:04.460 I/chatty  ( 1975): uid=1001(radio) com.android.phone expire 5 lines
11-20 12:31:04.479 I/chatty  ( 1975): uid=1001(radio) DcHandlerThread expire 11 lines
11-20 12:31:08.639 I/chatty  ( 1975): uid=1001(radio) HwBinder:1975_1 expire 3 lines
11-20 12:31:13.867 I/chatty  ( 1975): uid=1001(radio) DcHandlerThread expire 15 lines
11-20 12:31:13.877 I/chatty  ( 1975): uid=1001(radio) com.android.phone expire 9 lines
11-20 12:31:13.903 I/chatty  ( 1975): uid=1001(radio) DcHandlerThread expire 8 lines
11-20 12:31:19.658 I/chatty  ( 1975): uid=1001(radio) HwBinder:1975_1 expire 3 lines
11-20 12:31:19.847 I/chatty  ( 1975): uid=1001(radio) NetworkService expire 10 lines
11-20 12:31:19.848 I/chatty  ( 1975): uid=1001(radio) com.android.phone expire 6 lines
11-20 12:31:19.848 I/chatty  ( 1975): uid=1001(radio) HwBinder:1975_1 expire 10 lines
11-20 12:31:20.023 I/chatty  ( 1975): uid=1001(radio) com.android.phone expire 9 lines
11-20 12:31:20.047 I/chatty  ( 1975): uid=1001(radio) NetworkService expire 4 lines
11-20 12:31:22.010 I/chatty  ( 1975): uid=1001(radio) com.android.phone expire 3 lines
11-20 12:31:25.119 I/chatty  ( 1975): uid=1001(radio) HwBinder:1975_1 expire 2 lines
11-20 12:31:25.130 I/chatty  ( 1975): uid=1001(radio) DcHandlerThread expire 36 lines
11-20 12:31:25.149 I/chatty  ( 1975): uid=1001(radio) com.android.phone expire 4 lines
11-20 12:31:37.072 I/chatty  ( 1975): uid=1001(radio) HwBinder:1975_1 expire 2 lines
11-20 12:31:37.096 I/chatty  ( 1975): uid=1001(radio) DcHandlerThread expire 15 lines
11-20 12:31:37.106 I/chatty  ( 1975): uid=1001(radio) com.android.phone expire 4 lines
11-20 12:31:37.127 I/chatty  ( 1975): uid=1001(radio) DcHandlerThread expire 15 lines
11-20 12:31:43.530 I/chatty  ( 1975): uid=1001(radio) HwBinder:1975_1 expire 2 lines
11-20 12:31:43.564 I/chatty  ( 1975): uid=1001(radio) DcHandlerThread expire 21 lines
11-20 12:31:43.573 I/chatty  ( 1975): uid=1001(radio) com.android.phone expire 7 lines
11-20 12:31:43.596 I/chatty  ( 1975): uid=1001(radio) DcHandlerThread expire 19 lines
11-20 12:31:48.058 I/chatty  ( 1975): uid=1001(radio) Binder:1975_10 expire 1 line
11-20 12:31:48.128 I/chatty  ( 1975): uid=1001(radio) HwBinder:1975_1 expire 6 lines
11-20 12:31:48.192 I/chatty  ( 1975): uid=1001(radio) DcHandlerThread expire 14 lines
11-20 12:31:48.207 I/chatty  ( 1975): uid=1001(radio) com.android.phone expire 5 lines
11-20 12:31:48.835 I/chatty  ( 1975): uid=1001(radio) NetworkService expire 7 lines
11-20 12:31:48.889 I/chatty  ( 1975): uid=1001(radio) HwBinder:1975_1 expire 2 lines
11-20 12:31:48.893 I/chatty  ( 1975): uid=1001(radio) com.android.phone expire 26 lines
11-20 12:31:55.804 I/chatty  ( 1975): uid=1001(radio) HwBinder:1975_1 expire 2 lines
11-20 12:31:55.821 I/chatty  ( 1975): uid=1001(radio) DcHandlerThread expire 25 lines
11-20 12:31:55.842 I/chatty  ( 1975): uid=1001(radio) com.android.phone expire 5 lines
11-20 12:31:55.865 I/chatty  ( 1975): uid=1001(radio) DcHandlerThread expire 12 lines
11-20 12:31:59.872 I/chatty  ( 1975): uid=1001(radio) HwBinder:1975_1 expire 3 lines
11-20 12:32:09.288 I/chatty  ( 1975): uid=1001(radio) DcHandlerThread expire 17 lines
11-20 12:32:09.295 I/chatty  ( 1975): uid=1001(radio) com.android.phone expire 10 lines
11-20 12:32:09.350 I/chatty  ( 1975): uid=1001(radio) DcHandlerThread expire 6 lines
11-20 12:32:10.054 I/chatty  ( 1975): uid=1001(radio) HwBinder:1975_1 expire 5 lines
11-20 12:32:10.176 I/chatty  ( 1975): uid=1001(radio) NetworkService expire 10 lines
11-20 12:32:10.180 I/chatty  ( 1975): uid=1001(radio) com.android.phone expire 6 lines
11-20 12:32:10.192 I/chatty  ( 1975): uid=1001(radio) HwBinder:1975_1 expire 8 lines
11-20 12:32:10.204 I/chatty  ( 1975): uid=1001(radio) com.android.phone expire 6 lines
11-20 12:32:10.206 I/chatty  ( 1975): uid=1001(radio) NetworkService expire 4 lines
11-20 12:32:15.604 I/chatty  ( 1975): uid=1001(radio) HwBinder:1975_1 expire 2 lines
11-20 12:32:15.618 I/chatty  ( 1975): uid=1001(radio) DcHandlerThread expire 15 lines
11-20 12:32:15.634 I/chatty  ( 1975): uid=1001(radio) com.android.phone expire 4 lines
11-20 12:32:15.647 I/chatty  ( 1975): uid=1001(radio) DcHandlerThread expire 17 lines
11-20 12:32:19.487 I/chatty  ( 1975): uid=1001(radio) HwBinder:1975_1 expire 2 lines
11-20 12:32:19.504 I/chatty  ( 1975): uid=1001(radio) DcHandlerThread expire 25 lines
11-20 12:32:19.517 I/chatty  ( 1975): uid=1001(radio) com.android.phone expire 5 lines
11-20 12:32:19.551 I/chatty  ( 1975): uid=1001(radio) DcHandlerThread expire 20 lines
11-20 12:32:26.287 I/chatty  ( 1975): uid=1001(radio) HwBinder:1975_1 expire 5 lines
11-20 12:32:26.338 I/chatty  ( 1975): uid=1001(radio) DcHandlerThread expire 13 lines
11-20 12:32:26.350 I/chatty  ( 1975): uid=1001(radio) com.android.phone expire 6 lines
11-20 12:32:38.927 I/chatty  ( 1975): uid=1001(radio) Binder:1975_C expire 1 line
11-20 12:32:39.432 I/chatty  ( 1975): uid=1001(radio) NetworkService expire 7 lines
11-20 12:32:39.449 I/chatty  ( 1975): uid=1001(radio) HwBinder:1975_1 expire 3 lines
11-20 12:32:39.449 I/chatty  ( 1975): uid=1001(radio) com.android.phone expire 28 lines
11-20 12:32:50.396 I/chatty  ( 1975): uid=1001(radio) HwBinder:1975_1 expire 3 lines
11-20 12:32:54.723 I/chatty  ( 1975): uid=1001(radio) DcHandlerThread expire 26 lines
11-20 12:32:54.739 I/chatty  ( 1975): uid=1001(radio) com.android.phone expire 14 lines
11-20 12:32:54.766 I/chatty  ( 1975): uid=1001(radio) DcHandlerThread expire 4 lines
11-20 12:33:00.777 I/chatty  ( 1975): uid=1001(radio) HwBinder:1975_1 expire 5 lines
11-20 12:33:00.841 I/chatty  ( 1975): uid=1001(radio) NetworkService expire 11 lines
11-20 12:33:00.858 I/chatty  ( 1975): uid=1001(radio) com.android.phone expire 3 lines
11-20 12:33:00.859 I/chatty  ( 1975): uid=1001(radio) HwBinder:1975_1 expire 10 lines
11-20 12:33:00.875 I/chatty  ( 1975): uid=1001(radio) NetworkService expire 3 lines
11-20 12:33:00.876 I/chatty  ( 1975): uid=1001(radio) com.android.phone expire 5 lines
11-20 12:33:06.182 I/chatty  ( 1975): uid=1001(radio) DcHandlerThread expire 25 lines
11-20 12:33:06.202 I/chatty  ( 1975): uid=1001(radio) com.android.phone expire 11 lines
11-20 12:33:06.228 I/chatty  ( 1975): uid=1001(radio) DcHandlerThread expire 5 lines
11-20 12:33:29.797 I/chatty  ( 1975): uid=1001(radio) Binder:1975_8 expire 1 line
11-20 12:33:30.326 I/chatty  ( 1975): uid=1001(radio) HwBinder:1975_1 expire 6 lines
11-20 12:33:30.326 I/chatty  ( 1975): uid=1001(radio) NetworkService expire 7 lines
11-20 12:33:30.375 I/chatty  ( 1975): uid=1001(radio) com.android.phone expire 24 lines
11-20 12:33:30.681 I/chatty  ( 1975): uid=1001(radio) HwBinder:1975_1 expire 2 lines
11-20 12:33:30.893 I/chatty  ( 1975): uid=1001(radio) DcHandlerThread expire 30 lines
11-20 12:33:30.903 I/chatty  ( 1975): uid=1001(radio) com.android.phone expire 3 lines
11-20 12:33:37.557 I/chatty  ( 1975): uid=1001(radio) HwBinder:1975_1 expire 2 lines
11-20 12:33:37.577 I/chatty  ( 1975): uid=1001(radio) DcHandlerThread expire 18 lines
11-20 12:33:37.596 I/chatty  ( 1975): uid=1001(radio) com.android.phone expire 5 lines
11-20 12:33:37.611 I/chatty  ( 1975): uid=1001(radio) DcHandlerThread expire 12 lines
11-20 12:33:41.596 I/chatty  ( 1975): uid=1001(radio) HwBinder:1975_1 expire 3 lines
11-20 12:33:51.474 I/chatty  ( 1975): uid=1001(radio) DcHandlerThread expire 17 lines
11-20 12:33:51.501 I/chatty  ( 1975): uid=1001(radio) com.android.phone expire 10 lines
11-20 12:33:51.515 I/chatty  ( 1975): uid=1001(radio) DcHandlerThread expire 13 lines
11-20 12:33:52.091 I/chatty  ( 1975): uid=1001(radio) HwBinder:1975_1 expire 4 lines
11-20 12:33:52.172 I/chatty  ( 1975): uid=1001(radio) NetworkService expire 10 lines
11-20 12:33:52.174 I/chatty  ( 1975): uid=1001(radio) HwBinder:1975_1 expire 3 lines
11-20 12:33:52.178 I/chatty  ( 1975): uid=1001(radio) com.android.phone expire 11 lines
11-20 12:33:52.201 I/chatty  ( 1975): uid=1001(radio) HwBinder:1975_1 expire 6 lines
11-20 12:33:52.220 I/chatty  ( 1975): uid=1001(radio) NetworkService expire 4 lines
11-20 12:33:52.255 I/chatty  ( 1975): uid=1001(radio) com.android.phone expire 1 line
11-20 12:33:57.727 I/chatty  ( 1975): uid=1001(radio) HwBinder:1975_1 expire 2 lines
11-20 12:33:57.742 I/chatty  ( 1975): uid=1001(radio) DcHandlerThread expire 30 lines
11-20 12:33:57.759 I/chatty  ( 1975): uid=1001(radio) com.android.phone expire 4 lines
11-20 12:34:21.982 I/chatty  ( 1975): uid=1001(radio) Binder:1975_7 expire 1 line
11-20 12:34:22.007 I/chatty  ( 1975): uid=1001(radio) HwBinder:1975_1 expire 2 lines
11-20 12:34:22.045 I/chatty  ( 1975): uid=1001(radio) DcHandlerThread expire 21 lines
11-20 12:34:22.065 I/chatty  ( 1975): uid=1001(radio) com.android.phone expire 9 lines
11-20 12:34:22.109 I/chatty  ( 1975): uid=1001(radio) DcHandlerThread expire 9 lines
11-20 12:34:22.477 I/chatty  ( 1975): uid=1001(radio) HwBinder:1975_1 expire 5 lines
11-20 12:34:22.477 I/chatty  ( 1975): uid=1001(radio) NetworkService expire 7 lines
11-20 12:34:22.537 I/chatty  ( 1975): uid=1001(radio) HwBinder:1975_1 expire 1 line
11-20 12:34:22.538 I/chatty  ( 1975): uid=1001(radio) com.android.phone expire 25 lines
11-20 12:34:30.137 I/chatty  ( 1975): uid=1001(radio) HwBinder:1975_1 expire 2 lines
11-20 12:34:30.151 I/chatty  ( 1975): uid=1001(radio) DcHandlerThread expire 28 lines
11-20 12:34:30.169 I/chatty  ( 1975): uid=1001(radio) com.android.phone expire 8 lines
11-20 12:34:30.192 I/chatty  ( 1975): uid=1001(radio) DcHandlerThread expire 17 lines
11-20 12:34:34.075 I/chatty  ( 1975): uid=1001(radio) HwBinder:1975_1 expire 3 lines
11-20 12:34:42.549 I/chatty  ( 1975): uid=1001(radio) DcHandlerThread expire 15 lines
11-20 12:34:42.568 I/chatty  ( 1975): uid=1001(radio) com.android.phone expire 11 lines
11-20 12:34:43.187 I/chatty  ( 1975): uid=1001(radio) HwBinder:1975_1 expire 5 lines
11-20 12:34:43.243 I/chatty  ( 1975): uid=1001(radio) NetworkService expire 12 lines
11-20 12:34:43.259 I/chatty  ( 1975): uid=1001(radio) HwBinder:1975_1 expire 7 lines
11-20 12:34:43.262 I/chatty  ( 1975): uid=1001(radio) com.android.phone expire 8 lines
11-20 12:34:43.295 I/chatty  ( 1975): uid=1001(radio) HwBinder:1975_1 expire 3 lines
11-20 12:34:43.296 I/chatty  ( 1975): uid=1001(radio) NetworkService expire 2 lines
11-20 12:34:49.003 I/chatty  ( 1975): uid=1001(radio) DcHandlerThread expire 30 lines
11-20 12:34:49.027 I/chatty  ( 1975): uid=1001(radio) com.android.phone expire 7 lines
11-20 12:35:12.972 I/chatty  ( 1975): uid=1001(radio) Binder:1975_7 expire 1 line
11-20 12:35:13.118 I/chatty  ( 1975): uid=1001(radio) HwBinder:1975_1 expire 2 lines
11-20 12:35:13.136 I/chatty  ( 1975): uid=1001(radio) DcHandlerThread expire 30 lines
11-20 12:35:13.265 I/chatty  ( 1975): uid=1001(radio) com.android.phone expire 5 lines
11-20 12:35:13.516 I/chatty  ( 1975): uid=1001(radio) HwBinder:1975_1 expire 5 lines
11-20 12:35:13.516 I/chatty  ( 1975): uid=1001(radio) NetworkService expire 7 lines
11-20 12:35:13.551 I/chatty  ( 1975): uid=1001(radio) com.android.phone expire 15 lines
11-20 12:35:13.589 I/chatty  ( 1975): uid=1001(radio) HwBinder:1975_1 expire 3 lines
11-20 12:35:13.592 I/chatty  ( 1975): uid=1001(radio) com.android.phone expire 11 lines
11-20 12:35:20.649 I/chatty  ( 1975): uid=1001(radio) DcHandlerThread expire 30 lines
11-20 12:35:20.666 I/chatty  ( 1975): uid=1001(radio) com.android.phone expire 7 lines
11-20 12:35:24.638 I/chatty  ( 1975): uid=1001(radio) HwBinder:1975_1 expire 3 lines
11-20 12:35:33.901 I/chatty  ( 1975): uid=1001(radio) DcHandlerThread expire 30 lines
11-20 12:35:33.931 I/chatty  ( 1975): uid=1001(radio) com.android.phone expire 12 lines
11-20 12:35:34.454 I/chatty  ( 1975): uid=1001(radio) HwBinder:1975_1 expire 5 lines
11-20 12:35:34.459 I/chatty  ( 1975): uid=1001(radio) NetworkService expire 12 lines
11-20 12:35:34.497 I/chatty  ( 1975): uid=1001(radio) HwBinder:1975_1 expire 7 lines
11-20 12:35:34.510 I/chatty  ( 1975): uid=1001(radio) com.android.phone expire 8 lines
11-20 12:35:34.552 I/chatty  ( 1975): uid=1001(radio) HwBinder:1975_1 expire 3 lines
11-20 12:35:34.553 I/chatty  ( 1975): uid=1001(radio) NetworkService expire 2 lines
11-20 12:35:40.507 I/chatty  ( 1975): uid=1001(radio) DcHandlerThread expire 30 lines
11-20 12:35:40.523 I/chatty  ( 1975): uid=1001(radio) com.android.phone expire 16 lines
11-20 12:36:03.902 I/chatty  ( 1975): uid=1001(radio) Binder:1975_5 expire 1 line
11-20 12:36:04.358 I/chatty  ( 1975): uid=1001(radio) HwBinder:1975_1 expire 6 lines
11-20 12:36:04.358 I/chatty  ( 1975): uid=1001(radio) NetworkService expire 7 lines
11-20 12:36:04.443 I/chatty  ( 1975): uid=1001(radio) com.android.phone expire 18 lines
11-20 12:36:04.502 I/chatty  ( 1975): uid=1001(radio) HwBinder:1975_1 expire 2 lines
11-20 12:36:04.534 I/chatty  ( 1975): uid=1001(radio) DcHandlerThread expire 21 lines
11-20 12:36:04.591 I/chatty  ( 1975): uid=1001(radio) com.android.phone expire 4 lines
11-20 12:36:04.597 I/chatty  ( 1975): uid=1001(radio) DcHandlerThread expire 14 lines
11-20 12:36:11.296 I/chatty  ( 1975): uid=1001(radio) HwBinder:1975_1 expire 2 lines
11-20 12:36:11.318 I/chatty  ( 1975): uid=1001(radio) DcHandlerThread expire 17 lines
11-20 12:36:11.328 I/chatty  ( 1975): uid=1001(radio) com.android.phone expire 5 lines
11-20 12:36:11.350 I/chatty  ( 1975): uid=1001(radio) DcHandlerThread expire 11 lines
11-20 12:36:15.204 I/chatty  ( 1975): uid=1001(radio) HwBinder:1975_1 expire 3 lines
11-20 12:36:23.930 I/chatty  ( 1975): uid=1001(radio) DcHandlerThread expire 16 lines
11-20 12:36:23.949 I/chatty  ( 1975): uid=1001(radio) com.android.phone expire 10 lines
11-20 12:36:23.959 I/chatty  ( 1975): uid=1001(radio) DcHandlerThread expire 11 lines
11-20 12:36:24.534 I/chatty  ( 1975): uid=1001(radio) HwBinder:1975_1 expire 5 lines
11-20 12:36:24.591 I/chatty  ( 1975): uid=1001(radio) NetworkService expire 10 lines
11-20 12:36:24.596 I/chatty  ( 1975): uid=1001(radio) com.android.phone expire 6 lines
11-20 12:36:24.616 I/chatty  ( 1975): uid=1001(radio) HwBinder:1975_1 expire 9 lines
11-20 12:36:24.638 I/chatty  ( 1975): uid=1001(radio) NetworkService expire 4 lines
11-20 12:36:24.646 I/chatty  ( 1975): uid=1001(radio) com.android.phone expire 7 lines
11-20 12:36:30.456 I/chatty  ( 1975): uid=1001(radio) HwBinder:1975_1 expire 1 line
11-20 12:36:30.469 I/chatty  ( 1975): uid=1001(radio) DcHandlerThread expire 30 lines
11-20 12:36:30.515 I/chatty  ( 1975): uid=1001(radio) com.android.phone expire 3 lines
11-20 12:36:43.507 I/chatty  ( 1975): uid=1001(radio) HwBinder:1975_1 expire 2 lines
11-20 12:36:43.518 I/chatty  ( 1975): uid=1001(radio) DcHandlerThread expire 15 lines
11-20 12:36:43.529 I/chatty  ( 1975): uid=1001(radio) com.android.phone expire 4 lines
11-20 12:36:43.540 I/chatty  ( 1975): uid=1001(radio) DcHandlerThread expire 15 lines
11-20 12:36:49.863 I/chatty  ( 1975): uid=1001(radio) HwBinder:1975_1 expire 2 lines
11-20 12:36:49.878 I/chatty  ( 1975): uid=1001(radio) DcHandlerThread expire 20 lines
11-20 12:36:49.896 I/chatty  ( 1975): uid=1001(radio) com.android.phone expire 7 lines
11-20 12:36:49.917 I/chatty  ( 1975): uid=1001(radio) DcHandlerThread expire 15 lines
11-20 12:36:53.862 I/chatty  ( 1975): uid=1001(radio) Binder:1975_F expire 1 line
11-20 12:36:54.427 I/chatty  ( 1975): uid=1001(radio) HwBinder:1975_1 expire 4 lines
11-20 12:36:54.440 I/chatty  ( 1975): uid=1001(radio) NetworkService expire 6 lines
11-20 12:36:54.453 I/chatty  ( 1975): uid=1001(radio) DcHandlerThread expire 14 lines
11-20 12:36:54.460 I/chatty  ( 1975): uid=1001(radio) com.android.phone expire 5 lines
11-20 12:36:54.462 I/chatty  ( 1975): uid=1001(radio) HwBinder:1975_1 expire 3 lines
11-20 12:36:54.492 I/chatty  ( 1975): uid=1001(radio) DcHandlerThread expire 2 lines
11-20 12:36:54.507 I/chatty  ( 1975): uid=1001(radio) com.android.phone expire 23 lines
11-20 12:36:54.511 I/chatty  ( 1975): uid=1001(radio) DcHandlerThread expire 9 lines
11-20 12:36:54.530 I/chatty  ( 1975): uid=1001(radio) HwBinder:1975_1 expire 1 line
11-20 12:36:54.532 I/chatty  ( 1975): uid=1001(radio) NetworkService expire 1 line
11-20 12:36:54.536 I/chatty  ( 1975): uid=1001(radio) com.android.phone expire 3 lines
11-20 12:37:02.722 I/chatty  ( 1975): uid=1001(radio) HwBinder:1975_1 expire 2 lines
11-20 12:37:02.742 I/chatty  ( 1975): uid=1001(radio) DcHandlerThread expire 35 lines
11-20 12:37:02.759 I/chatty  ( 1975): uid=1001(radio) com.android.phone expire 5 lines
11-20 12:37:06.394 I/chatty  ( 1975): uid=1001(radio) HwBinder:1975_1 expire 3 lines
11-20 12:37:15.369 I/chatty  ( 1975): uid=1001(radio) DcHandlerThread expire 18 lines
11-20 12:37:15.378 I/chatty  ( 1975): uid=1001(radio) com.android.phone expire 12 lines
11-20 12:37:15.414 I/chatty  ( 1975): uid=1001(radio) DcHandlerThread expire 7 lines
11-20 12:37:15.960 I/chatty  ( 1975): uid=1001(radio) HwBinder:1975_1 expire 4 lines
11-20 12:37:15.961 I/chatty  ( 1975): uid=1001(radio) NetworkService expire 11 lines
11-20 12:37:15.979 I/chatty  ( 1975): uid=1001(radio) com.android.phone expire 5 lines
11-20 12:37:16.011 I/chatty  ( 1975): uid=1001(radio) HwBinder:1975_1 expire 11 lines
11-20 12:37:16.058 I/chatty  ( 1975): uid=1001(radio) NetworkService expire 3 lines
11-20 12:37:16.059 I/chatty  ( 1975): uid=1001(radio) com.android.phone expire 5 lines
11-20 12:37:22.006 I/chatty  ( 1975): uid=1001(radio) DcHandlerThread expire 30 lines
11-20 12:37:22.024 I/chatty  ( 1975): uid=1001(radio) com.android.phone expire 16 lines
11-20 12:37:44.866 I/chatty  ( 1975): uid=1001(radio) Binder:1975_3 expire 1 line
11-20 12:37:45.319 I/chatty  ( 1975): uid=1001(radio) HwBinder:1975_1 expire 6 lines
11-20 12:37:45.319 I/chatty  ( 1975): uid=1001(radio) NetworkService expire 7 lines
11-20 12:37:45.421 I/chatty  ( 1975): uid=1001(radio) com.android.phone expire 23 lines
11-20 12:37:55.684 I/chatty  ( 1975): uid=1001(radio) HwBinder:1975_1 expire 3 lines
11-20 12:37:58.269 I/chatty  ( 1975): uid=1001(radio) com.android.phone expire 7 lines
11-20 12:38:05.970 I/chatty  ( 1975): uid=1001(radio) DcHandlerThread expire 30 lines
11-20 12:38:06.010 I/chatty  ( 1975): uid=1001(radio) com.android.phone expire 7 lines
11-20 12:38:06.663 I/chatty  ( 1975): uid=1001(radio) HwBinder:1975_1 expire 2 lines
11-20 12:38:06.663 I/chatty  ( 1975): uid=1001(radio) NetworkService expire 10 lines
11-20 12:38:06.665 I/chatty  ( 1975): uid=1001(radio) HwBinder:1975_1 expire 6 lines
11-20 12:38:06.667 I/chatty  ( 1975): uid=1001(radio) com.android.phone expire 13 lines
11-20 12:38:06.715 I/chatty  ( 1975): uid=1001(radio) NetworkService expire 4 lines
11-20 12:38:06.715 I/chatty  ( 1975): uid=1001(radio) HwBinder:1975_1 expire 7 lines
11-20 12:38:12.669 I/chatty  ( 1975): uid=1001(radio) DcHandlerThread expire 25 lines
11-20 12:38:12.685 I/chatty  ( 1975): uid=1001(radio) com.android.phone expire 7 lines
11-20 12:38:12.712 I/chatty  ( 1975): uid=1001(radio) DcHandlerThread expire 5 lines
11-20 12:38:34.867 I/chatty  ( 1975): uid=1001(radio) Binder:1975_F expire 1 line
11-20 12:38:35.393 I/chatty  ( 1975): uid=1001(radio) HwBinder:1975_1 expire 4 lines
11-20 12:38:35.393 I/chatty  ( 1975): uid=1001(radio) NetworkService expire 7 lines
11-20 12:38:35.428 I/chatty  ( 1975): uid=1001(radio) com.android.phone expire 18 lines
11-20 12:38:35.456 I/chatty  ( 1975): uid=1001(radio) HwBinder:1975_1 expire 5 lines
11-20 12:38:35.517 I/chatty  ( 1975): uid=1001(radio) com.android.phone expire 10 lines
11-20 12:38:55.892 I/chatty  ( 1975): uid=1001(radio) DcHandlerThread expire 26 lines
11-20 12:38:55.908 I/chatty  ( 1975): uid=1001(radio) com.android.phone expire 12 lines
11-20 12:38:55.949 I/chatty  ( 1975): uid=1001(radio) DcHandlerThread expire 4 lines
11-20 12:38:56.513 I/chatty  ( 1975): uid=1001(radio) HwBinder:1975_1 expire 4 lines
11-20 12:38:56.513 I/chatty  ( 1975): uid=1001(radio) NetworkService expire 12 lines
11-20 12:38:56.531 I/chatty  ( 1975): uid=1001(radio) com.android.phone expire 4 lines
11-20 12:38:56.532 I/chatty  ( 1975): uid=1001(radio) HwBinder:1975_1 expire 11 lines
11-20 12:38:56.610 I/chatty  ( 1975): uid=1001(radio) com.android.phone expire 6 lines
11-20 12:38:56.610 I/chatty  ( 1975): uid=1001(radio) NetworkService expire 2 lines
11-20 12:39:02.270 I/chatty  ( 1975): uid=1001(radio) DcHandlerThread expire 28 lines
11-20 12:39:02.287 I/chatty  ( 1975): uid=1001(radio) com.android.phone expire 14 lines
11-20 12:39:02.322 I/chatty  ( 1975): uid=1001(radio) DcHandlerThread expire 2 lines
11-20 12:39:25.868 I/chatty  ( 1975): uid=1001(radio) Binder:1975_7 expire 1 line
11-20 12:39:26.364 I/chatty  ( 1975): uid=1001(radio) HwBinder:1975_1 expire 5 lines
11-20 12:39:26.364 I/chatty  ( 1975): uid=1001(radio) NetworkService expire 6 lines
11-20 12:39:26.431 I/chatty  ( 1975): uid=1001(radio) com.android.phone expire 16 lines
11-20 12:39:26.462 I/chatty  ( 1975): uid=1001(radio) HwBinder:1975_1 expire 3 lines
11-20 12:39:26.466 I/chatty  ( 1975): uid=1001(radio) NetworkService expire 1 line
11-20 12:39:26.466 I/chatty  ( 1975): uid=1001(radio) com.android.phone expire 4 lines
11-20 12:39:26.511 I/chatty  ( 1975): uid=1001(radio) DcHandlerThread expire 27 lines
11-20 12:39:26.540 I/chatty  ( 1975): uid=1001(radio) com.android.phone expire 4 lines
11-20 12:39:26.577 I/chatty  ( 1975): uid=1001(radio) DcHandlerThread expire 15 lines
11-20 12:39:32.839 I/chatty  ( 1975): uid=1001(radio) HwBinder:1975_1 expire 2 lines
11-20 12:39:32.871 I/chatty  ( 1975): uid=1001(radio) DcHandlerThread expire 18 lines
11-20 12:39:32.874 I/chatty  ( 1975): uid=1001(radio) com.android.phone expire 8 lines
11-20 12:39:36.794 I/chatty  ( 1975): uid=1001(radio) HwBinder:1975_1 expire 3 lines
11-20 12:39:45.938 I/chatty  ( 1975): uid=1001(radio) DcHandlerThread expire 30 lines
11-20 12:39:45.985 I/chatty  ( 1975): uid=1001(radio) com.android.phone expire 7 lines
11-20 12:39:46.461 I/chatty  ( 1975): uid=1001(radio) HwBinder:1975_1 expire 3 lines
11-20 12:39:46.512 I/chatty  ( 1975): uid=1001(radio) NetworkService expire 10 lines
11-20 12:39:46.513 I/chatty  ( 1975): uid=1001(radio) HwBinder:1975_1 expire 3 lines
11-20 12:39:46.516 I/chatty  ( 1975): uid=1001(radio) com.android.phone expire 9 lines
11-20 12:39:46.532 I/chatty  ( 1975): uid=1001(radio) HwBinder:1975_1 expire 7 lines
11-20 12:39:46.557 I/chatty  ( 1975): uid=1001(radio) NetworkService expire 4 lines
11-20 12:39:46.580 I/chatty  ( 1975): uid=1001(radio) com.android.phone expire 3 lines
11-20 12:39:52.132 I/chatty  ( 1975): uid=1001(radio) HwBinder:1975_1 expire 2 lines
11-20 12:39:52.146 I/chatty  ( 1975): uid=1001(radio) DcHandlerThread expire 30 lines
11-20 12:39:52.165 I/chatty  ( 1975): uid=1001(radio) com.android.phone expire 13 lines
11-20 12:40:15.935 I/chatty  ( 1975): uid=1001(radio) Binder:1975_3 expire 1 line
11-20 12:40:16.549 I/chatty  ( 1975): uid=1001(radio) HwBinder:1975_1 expire 6 lines
11-20 12:40:16.550 I/chatty  ( 1975): uid=1001(radio) NetworkService expire 7 lines
11-20 12:40:16.644 I/chatty  ( 1975): uid=1001(radio) com.android.phone expire 22 lines
11-20 12:40:17.052 I/chatty  ( 1975): uid=1001(radio) HwBinder:1975_1 expire 2 lines
11-20 12:40:17.070 I/chatty  ( 1975): uid=1001(radio) DcHandlerThread expire 30 lines
11-20 12:40:17.086 I/chatty  ( 1975): uid=1001(radio) com.android.phone expire 3 lines
11-20 12:40:26.900 I/chatty  ( 1975): uid=1001(radio) HwBinder:1975_1 expire 2 lines
11-20 12:40:26.916 I/chatty  ( 1975): uid=1001(radio) DcHandlerThread expire 20 lines
11-20 12:40:26.932 I/chatty  ( 1975): uid=1001(radio) com.android.phone expire 5 lines
11-20 12:40:26.954 I/chatty  ( 1975): uid=1001(radio) DcHandlerThread expire 19 lines
11-20 12:40:31.208 I/chatty  ( 1975): uid=1001(radio) HwBinder:1975_1 expire 3 lines
11-20 12:40:37.207 I/chatty  ( 1975): uid=1001(radio) DcHandlerThread expire 19 lines
11-20 12:40:37.214 I/chatty  ( 1975): uid=1001(radio) com.android.phone expire 13 lines
11-20 12:40:37.293 I/chatty  ( 1975): uid=1001(radio) DcHandlerThread expire 2 lines
11-20 12:40:37.840 I/chatty  ( 1975): uid=1001(radio) HwBinder:1975_1 expire 5 lines
11-20 12:40:37.909 I/chatty  ( 1975): uid=1001(radio) NetworkService expire 12 lines
11-20 12:40:37.920 I/chatty  ( 1975): uid=1001(radio) com.android.phone expire 3 lines
11-20 12:40:37.931 I/chatty  ( 1975): uid=1001(radio) HwBinder:1975_1 expire 10 lines
11-20 12:40:37.961 I/chatty  ( 1975): uid=1001(radio) com.android.phone expire 6 lines
11-20 12:40:37.962 I/chatty  ( 1975): uid=1001(radio) NetworkService expire 2 lines
11-20 12:40:43.760 I/chatty  ( 1975): uid=1001(radio) DcHandlerThread expire 30 lines
11-20 12:40:43.777 I/chatty  ( 1975): uid=1001(radio) com.android.phone expire 17 lines
11-20 12:41:07.073 I/chatty  ( 1975): uid=1001(radio) Binder:1975_6 expire 1 line
11-20 12:41:07.498 I/chatty  ( 1975): uid=1001(radio) HwBinder:1975_1 expire 5 lines
11-20 12:41:07.498 I/chatty  ( 1975): uid=1001(radio) NetworkService expire 7 lines
11-20 12:41:07.568 I/chatty  ( 1975): uid=1001(radio) com.android.phone expire 15 lines
11-20 12:41:07.576 I/chatty  ( 1975): uid=1001(radio) HwBinder:1975_1 expire 3 lines
11-20 12:41:07.592 I/chatty  ( 1975): uid=1001(radio) com.android.phone expire 5 lines
11-20 12:41:07.809 I/chatty  ( 1975): uid=1001(radio) DcHandlerThread expire 33 lines
11-20 12:41:07.907 I/chatty  ( 1975): uid=1001(radio) com.android.phone expire 1 line
11-20 12:41:14.808 I/chatty  ( 1975): uid=1001(radio) HwBinder:1975_1 expire 2 lines
11-20 12:41:14.825 I/chatty  ( 1975): uid=1001(radio) DcHandlerThread expire 17 lines
11-20 12:41:14.842 I/chatty  ( 1975): uid=1001(radio) com.android.phone expire 5 lines
11-20 12:41:14.863 I/chatty  ( 1975): uid=1001(radio) DcHandlerThread expire 11 lines
11-20 12:41:18.555 I/chatty  ( 1975): uid=1001(radio) HwBinder:1975_1 expire 3 lines
11-20 12:41:27.707 I/chatty  ( 1975): uid=1001(radio) DcHandlerThread expire 16 lines
11-20 12:41:27.743 I/chatty  ( 1975): uid=1001(radio) com.android.phone expire 9 lines
11-20 12:41:27.757 I/chatty  ( 1975): uid=1001(radio) DcHandlerThread expire 13 lines
11-20 12:41:28.317 I/chatty  ( 1975): uid=1001(radio) HwBinder:1975_1 expire 5 lines
11-20 12:41:28.319 I/chatty  ( 1975): uid=1001(radio) NetworkService expire 9 lines
11-20 12:41:28.320 I/chatty  ( 1975): uid=1001(radio) com.android.phone expire 9 lines
11-20 12:41:28.379 I/chatty  ( 1975): uid=1001(radio) NetworkService expire 5 lines
11-20 12:41:28.382 I/chatty  ( 1975): uid=1001(radio) HwBinder:1975_1 expire 10 lines
11-20 12:41:28.423 I/chatty  ( 1975): uid=1001(radio) com.android.phone expire 5 lines
11-20 12:41:34.000 I/chatty  ( 1975): uid=1001(radio) DcHandlerThread expire 36 lines
11-20 12:41:34.046 I/chatty  ( 1975): uid=1001(radio) com.android.phone expire 3 lines
11-20 12:41:47.404 I/chatty  ( 1975): uid=1001(radio) HwBinder:1975_1 expire 2 lines
11-20 12:41:47.426 I/chatty  ( 1975): uid=1001(radio) DcHandlerThread expire 16 lines
11-20 12:41:47.433 I/chatty  ( 1975): uid=1001(radio) com.android.phone expire 4 lines
11-20 12:41:47.461 I/chatty  ( 1975): uid=1001(radio) DcHandlerThread expire 16 lines
11-20 12:41:53.892 I/chatty  ( 1975): uid=1001(radio) HwBinder:1975_1 expire 2 lines
11-20 12:41:53.909 I/chatty  ( 1975): uid=1001(radio) DcHandlerThread expire 21 lines
11-20 12:41:53.917 I/chatty  ( 1975): uid=1001(radio) com.android.phone expire 7 lines
11-20 12:41:53.946 I/chatty  ( 1975): uid=1001(radio) DcHandlerThread expire 18 lines
11-20 12:41:57.898 I/chatty  ( 1975): uid=1001(radio) Binder:1975_8 expire 1 line
11-20 12:41:58.227 I/chatty  ( 1975): uid=1001(radio) HwBinder:1975_1 expire 6 lines
11-20 12:41:58.282 I/chatty  ( 1975): uid=1001(radio) DcHandlerThread expire 13 lines
11-20 12:41:58.302 I/chatty  ( 1975): uid=1001(radio) com.android.phone expire 4 lines
11-20 12:41:58.538 I/chatty  ( 1975): uid=1001(radio) NetworkService expire 7 lines
11-20 12:41:58.578 I/chatty  ( 1975): uid=1001(radio) com.android.phone expire 14 lines
11-20 12:41:58.629 I/chatty  ( 1975): uid=1001(radio) HwBinder:1975_1 expire 4 lines
11-20 12:41:58.663 I/chatty  ( 1975): uid=1001(radio) com.android.phone expire 13 lines
11-20 12:42:10.429 I/chatty  ( 1975): uid=1001(radio) DcHandlerThread expire 6 lines
11-20 12:42:10.438 D/DC-C-1  ( 1975): updateTcpBufferSizes: lte
11-20 12:42:10.438 D/Dcc-C-0 ( 1975): onDataStateChanged: no change
11-20 12:42:10.439 D/Dcc-C-0 ( 1975): onDataStateChanged: Found ConnId=1 newState=DataCallResponse: { cause=0 retry=-1 cid=1 linkStatus=2 protocolType=1 ifname=rmnet_data1 addresses=[2600:380:c1a8:e7df:9ab:9ad3:5df0:3908/64] dnses=[] gateways=[/fe80::f505:9809:dd6c:9659] pcscf=[/2001:1890:1f8:2295::1:2, /2001:1890:1f8:220d::1:3] mtu=1430 mtuV4=1430 mtuV6=1430}
11-20 12:42:10.439 D/DC-C-2  ( 1975): addr/pl=/2600:380:c1a8:e7df:9ab:9ad3:5df0:3908/64
11-20 12:42:10.445 D/DC-C-2  ( 1975): MTU set by call response to: 1430
11-20 12:42:10.445 D/DC-C-2  ( 1975): updateTcpBufferSizes: lte
11-20 12:42:10.445 D/Dcc-C-0 ( 1975): onDataStateChanged: no change
11-20 12:42:10.445 D/Dcc-C-0 ( 1975): onDataStateChanged: Data Activity updated to NONE. isAnyDataCallActive = true isAnyDataCallDormant = true
11-20 12:42:10.451 D/QtiDCT-C( 1975): [0]setActivity = NONE
11-20 12:42:10.453 D/Dcc-C-0 ( 1975): onDataStateChanged: dcsToRetry=[] apnsToCleanup=[]
