--------- beginning of radio
11-21 07:42:54.278 E/PHONE   ( 1186): ServiceState.getRadioTechnology() DEPRECATED will be removed *******
11-21 07:42:54.298 D/TelephonyRegistry( 1186): notifyCellLocationForSubscriber: subId=1 cellLocation=CellIdentityLte:{ mCi=168987920 mPci=490 mTac=35650 mEarfcn=5110 mBands=[] mBandwidth=2147483647 mMcc=310 mMnc=410 mAlphaLong=AT&T mAlphaShort=AT&T mAdditionalPlmns={} mCsgInfo=null}
11-21 07:43:00.635 I/chatty  ( 1984): uid=1001(radio) DcHandlerThread expire 30 lines
11-21 07:43:00.658 I/chatty  ( 1984): uid=1001(radio) com.android.phone expire 14 lines
11-21 07:43:04.452 I/chatty  ( 1984): uid=1001(radio) HwBinder:1984_1 expire 3 lines
11-21 07:43:19.572 I/chatty  ( 1984): uid=1001(radio) Binder:1984_C expire 3 lines
11-21 07:45:10.858 I/chatty  ( 1984): uid=1001(radio) DcHandlerThread expire 21 lines
11-21 07:45:10.873 I/chatty  ( 1984): uid=1001(radio) com.android.phone expire 4 lines
11-21 07:45:10.899 I/chatty  ( 1984): uid=1001(radio) DcHandlerThread expire 17 lines
11-21 07:45:17.313 I/chatty  ( 1984): uid=1001(radio) HwBinder:1984_1 expire 2 lines
11-21 07:45:17.348 I/chatty  ( 1984): uid=1001(radio) DcHandlerThread expire 21 lines
11-21 07:45:17.356 I/chatty  ( 1984): uid=1001(radio) com.android.phone expire 5 lines
11-21 07:45:17.392 I/chatty  ( 1984): uid=1001(radio) DcHandlerThread expire 6 lines
11-21 07:45:21.423 I/chatty  ( 1984): uid=1001(radio) HwBinder:1984_1 expire 3 lines
11-21 07:45:21.521 I/chatty  ( 1984): uid=1001(radio) Binder:1984_C expire 2 lines
11-21 07:46:02.503 I/chatty  ( 1984): uid=1001(radio) Binder:1984_1 expire 3 lines
11-21 07:48:12.267 I/chatty  ( 1984): uid=1001(radio) DcHandlerThread expire 17 lines
11-21 07:48:12.305 I/chatty  ( 1984): uid=1001(radio) com.android.phone expire 6 lines
11-21 07:48:12.330 I/chatty  ( 1984): uid=1001(radio) DcHandlerThread expire 8 lines
11-21 07:48:18.274 I/chatty  (  943): uid=1001(radio) NasModemEndPoin expire 5 lines
11-21 07:48:18.374 I/chatty  ( 1984): uid=1001(radio) HwBinder:1984_1 expire 2 lines
11-21 07:48:18.376 I/chatty  ( 1984): uid=1001(radio) NetworkService expire 7 lines
11-21 07:48:18.390 I/chatty  ( 1984): uid=1001(radio) com.android.phone expire 7 lines
11-21 07:48:18.412 I/chatty  ( 1984): uid=1001(radio) HwBinder:1984_1 expire 6 lines
11-21 07:48:18.488 I/chatty  ( 1984): uid=1001(radio) com.android.phone expire 12 lines
11-21 07:48:18.562 E/PHONE   ( 1186): ServiceState.getRadioTechnology() DEPRECATED will be removed *******
11-21 07:48:18.580 D/TelephonyRegistry( 1186): notifyCellLocationForSubscriber: subId=1 cellLocation=CellIdentityLte:{ mCi=168987914 mPci=32 mTac=35650 mEarfcn=800 mBands=[] mBandwidth=2147483647 mMcc=310 mMnc=410 mAlphaLong=AT&T mAlphaShort=AT&T mAdditionalPlmns={} mCsgInfo=null}
11-21 07:48:24.558 I/chatty  ( 1984): uid=1001(radio) DcHandlerThread expire 30 lines
11-21 07:48:24.574 I/chatty  ( 1984): uid=1001(radio) com.android.phone expire 6 lines
11-21 07:48:28.946 I/chatty  ( 1984): uid=1001(radio) HwBinder:1984_1 expire 4 lines
11-21 07:48:43.882 I/chatty  ( 1984): uid=1001(radio) Binder:1984_C expire 1 line
11-21 07:49:24.544 I/chatty  ( 1984): uid=1001(radio) Binder:1984_E expire 1 line
11-21 07:50:04.564 I/chatty  ( 1984): uid=1001(radio) Binder:1984_1 expire 1 line
11-21 07:50:34.084 I/chatty  ( 1984): uid=1001(radio) DcHandlerThread expire 30 lines
11-21 07:50:34.105 I/chatty  ( 1984): uid=1001(radio) com.android.phone expire 5 lines
11-21 07:50:40.440 I/chatty  ( 1984): uid=1001(radio) HwBinder:1984_1 expire 2 lines
11-21 07:50:40.455 I/chatty  ( 1984): uid=1001(radio) DcHandlerThread expire 30 lines
11-21 07:50:40.500 I/chatty  ( 1984): uid=1001(radio) com.android.phone expire 4 lines
11-21 07:50:44.461 I/chatty  ( 1984): uid=1001(radio) Binder:1984_7 expire 1 line
11-21 07:50:44.692 I/chatty  ( 1984): uid=1001(radio) HwBinder:1984_1 expire 3 lines
11-21 07:50:44.914 I/chatty  ( 1984): uid=1001(radio) DcHandlerThread expire 15 lines
11-21 07:50:44.930 I/chatty  ( 1984): uid=1001(radio) com.android.phone expire 4 lines
11-21 07:50:44.947 I/chatty  ( 1984): uid=1001(radio) DcHandlerThread expire 15 lines
11-21 07:51:11.937 I/chatty  ( 1984): uid=1001(radio) HwBinder:1984_1 expire 2 lines
11-21 07:51:11.957 I/chatty  ( 1984): uid=1001(radio) DcHandlerThread expire 19 lines
11-21 07:51:11.981 I/chatty  ( 1984): uid=1001(radio) com.android.phone expire 5 lines
11-21 07:51:12.006 I/chatty  ( 1984): uid=1001(radio) DcHandlerThread expire 15 lines
11-21 07:51:15.978 I/chatty  ( 1984): uid=1001(radio) HwBinder:1984_1 expire 3 lines
11-21 07:51:24.886 I/chatty  ( 1984): uid=1001(radio) Binder:1984_7 expire 4 lines
11-21 07:53:34.758 I/chatty  ( 1984): uid=1001(radio) DcHandlerThread expire 19 lines
11-21 07:53:34.764 I/chatty  ( 1984): uid=1001(radio) com.android.phone expire 4 lines
11-21 07:53:34.788 I/chatty  ( 1984): uid=1001(radio) DcHandlerThread expire 17 lines
11-21 07:53:42.138 I/chatty  ( 1984): uid=1001(radio) HwBinder:1984_1 expire 2 lines
11-21 07:53:42.172 I/chatty  ( 1984): uid=1001(radio) DcHandlerThread expire 20 lines
11-21 07:53:42.176 I/chatty  ( 1984): uid=1001(radio) com.android.phone expire 5 lines
11-21 07:53:45.812 I/chatty  ( 1984): uid=1001(radio) HwBinder:1984_1 expire 3 lines
11-21 07:54:04.543 I/chatty  ( 1984): uid=1001(radio) Binder:1984_7 expire 1 line
11-21 07:54:10.546 I/chatty  ( 1984): uid=1001(radio) DcHandlerThread expire 35 lines
11-21 07:54:10.561 I/chatty  ( 1984): uid=1001(radio) com.android.phone expire 4 lines
11-21 07:54:17.102 I/chatty  ( 1984): uid=1001(radio) HwBinder:1984_1 expire 2 lines
11-21 07:54:17.133 I/chatty  ( 1984): uid=1001(radio) DcHandlerThread expire 21 lines
11-21 07:54:17.147 I/chatty  ( 1984): uid=1001(radio) com.android.phone expire 5 lines
11-21 07:54:17.182 I/chatty  ( 1984): uid=1001(radio) DcHandlerThread expire 12 lines
11-21 07:54:20.933 I/chatty  ( 1984): uid=1001(radio) HwBinder:1984_1 expire 5 lines
11-21 07:54:42.593 I/chatty  ( 1984): uid=1001(radio) DcHandlerThread expire 23 lines
11-21 07:54:42.601 I/chatty  ( 1984): uid=1001(radio) com.android.phone expire 4 lines
11-21 07:54:44.503 I/chatty  ( 1984): uid=1001(radio) Binder:1984_7 expire 1 line
11-21 07:54:49.011 I/chatty  ( 1984): uid=1001(radio) DcHandlerThread expire 21 lines
11-21 07:54:49.032 I/chatty  ( 1984): uid=1001(radio) com.android.phone expire 10 lines
11-21 07:54:49.052 I/chatty  ( 1984): uid=1001(radio) DcHandlerThread expire 8 lines
11-21 07:54:52.937 I/chatty  ( 1984): uid=1001(radio) HwBinder:1984_1 expire 9 lines
11-21 07:55:29.130 I/chatty  ( 1984): uid=1001(radio) NetworkService expire 10 lines
11-21 07:55:29.131 I/chatty  ( 1984): uid=1001(radio) com.android.phone expire 13 lines
11-21 07:55:29.260 I/chatty  ( 1984): uid=1001(radio) HwBinder:1984_1 expire 6 lines
11-21 07:55:29.317 I/chatty  ( 1984): uid=1001(radio) NetworkService expire 4 lines
11-21 07:55:30.098 I/chatty  ( 1984): uid=1001(radio) HwBinder:1984_1 expire 1 line
11-21 07:55:30.127 I/chatty  ( 1984): uid=1001(radio) DcHandlerThread expire 15 lines
11-21 07:55:30.153 I/chatty  ( 1984): uid=1001(radio) com.android.phone expire 9 lines
11-21 07:55:30.177 I/chatty  ( 1984): uid=1001(radio) DcHandlerThread expire 16 lines
11-21 07:55:42.755 I/chatty  ( 1984): uid=1001(radio) HwBinder:1984_1 expire 2 lines
11-21 07:55:42.775 I/chatty  ( 1984): uid=1001(radio) DcHandlerThread expire 27 lines
11-21 07:55:42.835 I/chatty  ( 1984): uid=1001(radio) com.android.phone expire 6 lines
11-21 07:55:42.929 I/chatty  ( 1984): uid=1001(radio) DcHandlerThread expire 17 lines
11-21 07:55:58.750 I/chatty  ( 1984): uid=1001(radio) HwBinder:1984_1 expire 4 lines
11-21 07:55:58.798 I/chatty  ( 1984): uid=1001(radio) com.android.phone expire 2 lines
11-21 07:55:58.802 I/chatty  ( 1984): uid=1001(radio) DcHandlerThread expire 43 lines
11-21 07:56:05.008 I/chatty  ( 1984): uid=1001(radio) com.android.phone expire 11 lines
11-21 07:56:05.031 I/chatty  ( 1984): uid=1001(radio) DcHandlerThread expire 2 lines
11-21 07:56:22.003 I/chatty  ( 1984): uid=1001(radio) Binder:1984_5 expire 1 line
11-21 07:56:22.932 I/chatty  ( 1984): uid=1001(radio) HwBinder:1984_1 expire 6 lines
11-21 07:56:22.933 I/chatty  ( 1984): uid=1001(radio) NetworkService expire 7 lines
11-21 07:56:23.161 I/chatty  ( 1984): uid=1001(radio) com.android.phone expire 26 lines
11-21 07:56:23.665 I/chatty  ( 1984): uid=1001(radio) HwBinder:1984_1 expire 2 lines
11-21 07:56:23.720 I/chatty  ( 1984): uid=1001(radio) DcHandlerThread expire 35 lines
11-21 07:56:23.852 I/chatty  ( 1984): uid=1001(radio) com.android.phone expire 1 line
11-21 07:56:38.780 I/chatty  ( 1984): uid=1001(radio) HwBinder:1984_1 expire 2 lines
11-21 07:56:38.801 I/chatty  ( 1984): uid=1001(radio) DcHandlerThread expire 25 lines
11-21 07:56:38.811 I/chatty  ( 1984): uid=1001(radio) com.android.phone expire 7 lines
11-21 07:56:42.032 I/chatty  ( 1984): uid=1001(radio) HwBinder:1984_1 expire 2 lines
11-21 07:56:42.053 I/chatty  ( 1984): uid=1001(radio) DcHandlerThread expire 30 lines
11-21 07:56:42.091 I/chatty  ( 1984): uid=1001(radio) com.android.phone expire 8 lines
11-21 07:56:43.554 I/chatty  ( 1984): uid=1001(radio) HwBinder:1984_1 expire 5 lines
11-21 07:56:43.555 I/chatty  ( 1984): uid=1001(radio) NetworkService expire 10 lines
11-21 07:56:43.573 I/chatty  ( 1984): uid=1001(radio) com.android.phone expire 6 lines
11-21 07:56:43.585 I/chatty  ( 1984): uid=1001(radio) HwBinder:1984_1 expire 10 lines
11-21 07:56:43.625 I/chatty  ( 1984): uid=1001(radio) NetworkService expire 4 lines
11-21 07:56:43.640 I/chatty  ( 1984): uid=1001(radio) com.android.phone expire 5 lines
11-21 07:56:48.933 I/chatty  ( 1984): uid=1001(radio) DcHandlerThread expire 28 lines
11-21 07:56:48.947 I/chatty  ( 1984): uid=1001(radio) com.android.phone expire 6 lines
11-21 07:56:48.972 I/chatty  ( 1984): uid=1001(radio) DcHandlerThread expire 17 lines
11-21 07:56:59.769 I/chatty  ( 1984): uid=1001(radio) HwBinder:1984_1 expire 4 lines
11-21 07:56:59.811 I/chatty  ( 1984): uid=1001(radio) com.android.phone expire 2 lines
11-21 07:56:59.827 I/chatty  ( 1984): uid=1001(radio) DcHandlerThread expire 45 lines
11-21 07:57:06.009 I/chatty  ( 1984): uid=1001(radio) com.android.phone expire 4 lines
11-21 07:57:12.897 I/chatty  ( 1984): uid=1001(radio) Binder:1984_8 expire 1 line
11-21 07:57:13.362 I/chatty  ( 1984): uid=1001(radio) HwBinder:1984_1 expire 2 lines
11-21 07:57:13.375 I/chatty  ( 1984): uid=1001(radio) DcHandlerThread expire 30 lines
11-21 07:57:13.389 I/chatty  ( 1984): uid=1001(radio) com.android.phone expire 4 lines
11-21 07:57:13.474 I/chatty  ( 1984): uid=1001(radio) HwBinder:1984_1 expire 6 lines
11-21 07:57:13.474 I/chatty  ( 1984): uid=1001(radio) NetworkService expire 7 lines
11-21 07:57:13.475 I/chatty  ( 1984): uid=1001(radio) com.android.phone expire 31 lines
11-21 07:57:22.246 I/chatty  ( 1984): uid=1001(radio) HwBinder:1984_1 expire 2 lines
11-21 07:57:22.266 I/chatty  ( 1984): uid=1001(radio) DcHandlerThread expire 34 lines
11-21 07:57:22.311 I/chatty  ( 1984): uid=1001(radio) com.android.phone expire 4 lines
11-21 07:57:26.535 I/chatty  ( 1984): uid=1001(radio) HwBinder:1984_1 expire 3 lines
11-21 07:57:34.283 I/chatty  ( 1984): uid=1001(radio) DcHandlerThread expire 17 lines
11-21 07:57:34.308 I/chatty  ( 1984): uid=1001(radio) com.android.phone expire 9 lines
11-21 07:57:34.367 I/chatty  ( 1984): uid=1001(radio) DcHandlerThread expire 9 lines
11-21 07:57:35.078 I/chatty  ( 1984): uid=1001(radio) HwBinder:1984_1 expire 5 lines
11-21 07:57:35.124 I/chatty  ( 1984): uid=1001(radio) NetworkService expire 12 lines
11-21 07:57:35.124 I/chatty  ( 1984): uid=1001(radio) com.android.phone expire 6 lines
11-21 07:57:35.156 I/chatty  ( 1984): uid=1001(radio) HwBinder:1984_1 expire 10 lines
11-21 07:57:35.179 I/chatty  ( 1984): uid=1001(radio) com.android.phone expire 7 lines
11-21 07:57:35.191 I/chatty  ( 1984): uid=1001(radio) NetworkService expire 2 lines
11-21 07:57:41.806 I/chatty  ( 1984): uid=1001(radio) DcHandlerThread expire 30 lines
11-21 07:57:41.831 I/chatty  ( 1984): uid=1001(radio) com.android.phone expire 15 lines
11-21 07:58:04.010 I/chatty  ( 1984): uid=1001(radio) Binder:1984_B expire 1 line
11-21 07:58:04.530 I/chatty  ( 1984): uid=1001(radio) HwBinder:1984_1 expire 5 lines
11-21 07:58:04.531 I/chatty  ( 1984): uid=1001(radio) NetworkService expire 7 lines
11-21 07:58:04.589 I/chatty  ( 1984): uid=1001(radio) com.android.phone expire 20 lines
11-21 07:58:04.598 I/chatty  ( 1984): uid=1001(radio) HwBinder:1984_1 expire 4 lines
11-21 07:58:25.153 I/chatty  ( 1984): uid=1001(radio) DcHandlerThread expire 15 lines
11-21 07:58:25.172 I/chatty  ( 1984): uid=1001(radio) com.android.phone expire 6 lines
11-21 07:58:25.193 I/chatty  ( 1984): uid=1001(radio) DcHandlerThread expire 15 lines
11-21 07:58:25.642 I/chatty  ( 1984): uid=1001(radio) com.android.phone expire 9 lines
11-21 07:58:25.720 I/chatty  ( 1984): uid=1001(radio) HwBinder:1984_1 expire 6 lines
11-21 07:58:25.721 I/chatty  ( 1984): uid=1001(radio) NetworkService expire 14 lines
11-21 07:58:25.771 I/chatty  ( 1984): uid=1001(radio) HwBinder:1984_1 expire 9 lines
11-21 07:58:25.801 I/chatty  ( 1984): uid=1001(radio) com.android.phone expire 7 lines
11-21 07:58:31.416 I/chatty  ( 1984): uid=1001(radio) DcHandlerThread expire 23 lines
11-21 07:58:31.433 I/chatty  ( 1984): uid=1001(radio) com.android.phone expire 14 lines
11-21 07:58:31.453 I/chatty  ( 1984): uid=1001(radio) DcHandlerThread expire 7 lines
11-21 07:58:54.924 I/chatty  ( 1984): uid=1001(radio) Binder:1984_E expire 1 line
11-21 07:58:55.474 I/chatty  ( 1984): uid=1001(radio) HwBinder:1984_1 expire 2 lines
11-21 07:58:55.474 I/chatty  ( 1984): uid=1001(radio) NetworkService expire 7 lines
11-21 07:58:55.480 I/chatty  ( 1984): uid=1001(radio) com.android.phone expire 17 lines
11-21 07:58:55.489 I/chatty  ( 1984): uid=1001(radio) HwBinder:1984_1 expire 6 lines
11-21 07:58:55.601 I/chatty  ( 1984): uid=1001(radio) com.android.phone expire 11 lines
11-21 07:58:55.860 I/chatty  ( 1984): uid=1001(radio) DcHandlerThread expire 26 lines
11-21 07:58:55.881 I/chatty  ( 1984): uid=1001(radio) com.android.phone expire 4 lines
11-21 07:58:55.908 I/chatty  ( 1984): uid=1001(radio) DcHandlerThread expire 4 lines
11-21 07:59:04.736 I/chatty  (  943): uid=1001(radio) NasModemEndPoin expire 15 lines
11-21 07:59:04.821 I/chatty  ( 1984): uid=1001(radio) HwBinder:1984_1 expire 4 lines
11-21 07:59:04.821 I/chatty  ( 1984): uid=1001(radio) NetworkService expire 8 lines
11-21 07:59:04.821 I/chatty  ( 1984): uid=1001(radio) com.android.phone expire 10 lines
11-21 07:59:04.852 I/chatty  ( 1984): uid=1001(radio) NetworkService expire 7 lines
11-21 07:59:04.909 I/chatty  ( 1984): uid=1001(radio) HwBinder:1984_1 expire 6 lines
11-21 07:59:04.938 I/chatty  ( 1042): uid=1001(radio) DispatcherModul expire 2 lines
11-21 07:59:04.952 I/chatty  ( 1984): uid=1001(radio) HwBinder:1984_1 expire 9 lines
11-21 07:59:04.953 I/chatty  ( 1984): uid=1001(radio) NetworkService expire 5 lines
11-21 07:59:04.960 I/chatty  ( 1984): uid=1001(radio) com.android.phone expire 19 lines
11-21 07:59:04.969 I/chatty  ( 1042): uid=1001(radio) DispatcherModul expire 1 line
11-21 07:59:04.969 I/chatty  ( 1984): uid=1001(radio) HwBinder:1984_1 expire 4 lines
11-21 07:59:04.970 I/chatty  ( 1984): uid=1001(radio) NetworkService expire 8 lines
11-21 07:59:05.048 E/PHONE   ( 1186): ServiceState.getRadioTechnology() DEPRECATED will be removed *******
11-21 07:59:05.062 D/TelephonyRegistry( 1186): notifyCellLocationForSubscriber: subId=1 cellLocation=CellIdentityLte:{ mCi=168987920 mPci=490 mTac=35650 mEarfcn=5110 mBands=[] mBandwidth=2147483647 mMcc=310 mMnc=410 mAlphaLong=AT&T mAlphaShort=AT&T mAdditionalPlmns={} mCsgInfo=null}
11-21 07:59:05.077 I/chatty  ( 1984): uid=1001(radio) com.android.phone expire 12 lines
11-21 07:59:05.089 I/chatty  ( 1984): uid=1001(radio) HwBinder:1984_1 expire 6 lines
11-21 07:59:12.328 I/chatty  ( 1984): uid=1001(radio) DcHandlerThread expire 21 lines
11-21 07:59:12.344 I/chatty  ( 1984): uid=1001(radio) com.android.phone expire 4 lines
11-21 07:59:12.358 I/chatty  ( 1984): uid=1001(radio) DcHandlerThread expire 18 lines
11-21 07:59:15.960 I/chatty  ( 1984): uid=1001(radio) HwBinder:1984_1 expire 2 lines
11-21 07:59:16.016 I/chatty  ( 1984): uid=1001(radio) DcHandlerThread expire 21 lines
11-21 07:59:16.031 I/chatty  ( 1984): uid=1001(radio) com.android.phone expire 17 lines
11-21 07:59:16.686 I/chatty  ( 1984): uid=1001(radio) HwBinder:1984_1 expire 9 lines
11-21 07:59:16.736 I/chatty  ( 1984): uid=1001(radio) NetworkService expire 14 lines
11-21 07:59:16.771 I/chatty  ( 1984): uid=1001(radio) HwBinder:1984_1 expire 5 lines
11-21 07:59:16.857 I/chatty  ( 1984): uid=1001(radio) com.android.phone expire 6 lines
11-21 07:59:22.385 I/chatty  ( 1984): uid=1001(radio) HwBinder:1984_1 expire 1 line
11-21 07:59:22.400 I/chatty  ( 1984): uid=1001(radio) DcHandlerThread expire 30 lines
11-21 07:59:22.445 I/chatty  ( 1984): uid=1001(radio) com.android.phone expire 6 lines
11-21 07:59:28.003 I/chatty  (  943): uid=1001(radio) NasModemEndPoin expire 5 lines
11-21 07:59:28.039 I/chatty  ( 1984): uid=1001(radio) HwBinder:1984_1 expire 2 lines
11-21 07:59:28.039 I/chatty  ( 1984): uid=1001(radio) NetworkService expire 7 lines
11-21 07:59:28.060 I/chatty  ( 1984): uid=1001(radio) HwBinder:1984_1 expire 4 lines
11-21 07:59:28.061 I/chatty  ( 1984): uid=1001(radio) com.android.phone expire 26 lines
11-21 07:59:28.132 E/PHONE   ( 1186): ServiceState.getRadioTechnology() DEPRECATED will be removed *******
11-21 07:59:28.135 D/TelephonyRegistry( 1186): notifyCellLocationForSubscriber: subId=1 cellLocation=CellIdentityLte:{ mCi=170323387 mPci=208 mTac=35650 mEarfcn=66986 mBands=[] mBandwidth=2147483647 mMcc=310 mMnc=410 mAlphaLong=AT&T mAlphaShort=AT&T mAdditionalPlmns={} mCsgInfo=null}
11-21 07:59:44.887 I/chatty  ( 1984): uid=1001(radio) Binder:1984_2 expire 1 line
11-21 07:59:45.375 I/chatty  ( 1984): uid=1001(radio) HwBinder:1984_1 expire 4 lines
11-21 07:59:45.376 I/chatty  ( 1984): uid=1001(radio) NetworkService expire 7 lines
11-21 07:59:45.421 I/chatty  ( 1984): uid=1001(radio) com.android.phone expire 23 lines
11-21 07:59:45.422 I/chatty  ( 1984): uid=1001(radio) HwBinder:1984_1 expire 6 lines
11-21 08:00:06.455 I/chatty  ( 1984): uid=1001(radio) com.android.phone expire 8 lines
11-21 08:00:06.544 I/chatty  ( 1984): uid=1001(radio) NetworkService expire 12 lines
11-21 08:00:06.558 I/chatty  ( 1984): uid=1001(radio) com.android.phone expire 4 lines
11-21 08:00:06.568 I/chatty  ( 1984): uid=1001(radio) HwBinder:1984_1 expire 9 lines
11-21 08:00:06.601 I/chatty  ( 1984): uid=1001(radio) com.android.phone expire 13 lines
11-21 08:00:06.629 I/chatty  ( 1984): uid=1001(radio) NetworkService expire 2 lines
11-21 08:00:35.877 I/chatty  ( 1984): uid=1001(radio) Binder:1984_F expire 1 line
11-21 08:00:36.472 I/chatty  ( 1984): uid=1001(radio) HwBinder:1984_1 expire 5 lines
11-21 08:00:36.473 I/chatty  ( 1984): uid=1001(radio) NetworkService expire 6 lines
11-21 08:00:36.473 I/chatty  ( 1984): uid=1001(radio) com.android.phone expire 26 lines
11-21 08:00:36.550 I/chatty  ( 1984): uid=1001(radio) HwBinder:1984_1 expire 1 line
11-21 08:00:36.550 I/chatty  ( 1984): uid=1001(radio) NetworkService expire 1 line
11-21 08:00:36.552 I/chatty  ( 1984): uid=1001(radio) com.android.phone expire 13 lines
11-21 08:00:48.472 I/chatty  (  943): uid=1001(radio) NasModemEndPoin expire 5 lines
11-21 08:00:48.520 I/chatty  ( 1984): uid=1001(radio) HwBinder:1984_1 expire 6 lines
11-21 08:00:48.520 I/chatty  ( 1984): uid=1001(radio) NetworkService expire 7 lines
11-21 08:00:48.520 I/chatty  ( 1984): uid=1001(radio) com.android.phone expire 15 lines
11-21 08:00:48.595 I/chatty  ( 1984): uid=1001(radio) HwBinder:1984_1 expire 2 lines
11-21 08:00:48.613 I/chatty  ( 1984): uid=1001(radio) DcHandlerThread expire 21 lines
11-21 08:00:48.629 E/PHONE   ( 1186): ServiceState.getRadioTechnology() DEPRECATED will be removed *******
11-21 08:00:48.633 D/TelephonyRegistry( 1186): notifyCellLocationForSubscriber: subId=1 cellLocation=CellIdentityLte:{ mCi=168987920 mPci=490 mTac=35650 mEarfcn=5110 mBands=[] mBandwidth=2147483647 mMcc=310 mMnc=410 mAlphaLong=AT&T mAlphaShort=AT&T mAdditionalPlmns={} mCsgInfo=null}
11-21 08:00:48.637 I/chatty  ( 1984): uid=1001(radio) com.android.phone expire 13 lines
11-21 08:00:48.665 I/chatty  ( 1984): uid=1001(radio) DcHandlerThread expire 10 lines
11-21 08:00:54.699 I/chatty  (  943): uid=1001(radio) NasModemEndPoin expire 5 lines
11-21 08:00:54.758 I/chatty  ( 1984): uid=1001(radio) HwBinder:1984_1 expire 2 lines
11-21 08:00:54.758 I/chatty  ( 1984): uid=1001(radio) NetworkService expire 7 lines
11-21 08:00:54.771 I/chatty  ( 1984): uid=1001(radio) HwBinder:1984_1 expire 4 lines
11-21 08:00:54.773 I/chatty  ( 1984): uid=1001(radio) com.android.phone expire 23 lines
11-21 08:00:54.861 E/PHONE   ( 1186): ServiceState.getRadioTechnology() DEPRECATED will be removed *******
11-21 08:00:54.864 D/TelephonyRegistry( 1186): notifyCellLocationForSubscriber: subId=1 cellLocation=CellIdentityLte:{ mCi=168987914 mPci=32 mTac=35650 mEarfcn=800 mBands=[] mBandwidth=2147483647 mMcc=310 mMnc=410 mAlphaLong=AT&T mAlphaShort=AT&T mAdditionalPlmns={} mCsgInfo=null}
11-21 08:00:56.679 I/chatty  ( 1984): uid=1001(radio) HwBinder:1984_1 expire 4 lines
11-21 08:00:56.679 I/chatty  ( 1984): uid=1001(radio) NetworkService expire 12 lines
11-21 08:00:56.684 I/chatty  ( 1984): uid=1001(radio) com.android.phone expire 8 lines
11-21 08:00:56.696 I/chatty  ( 1984): uid=1001(radio) HwBinder:1984_1 expire 11 lines
11-21 08:00:56.767 I/chatty  ( 1984): uid=1001(radio) NetworkService expire 2 lines
11-21 08:00:56.767 I/chatty  ( 1984): uid=1001(radio) com.android.phone expire 5 lines
11-21 08:01:02.330 I/chatty  ( 1984): uid=1001(radio) DcHandlerThread expire 30 lines
11-21 08:01:02.344 I/chatty  ( 1984): uid=1001(radio) com.android.phone expire 4 lines
11-21 08:01:15.498 I/chatty  ( 1984): uid=1001(radio) HwBinder:1984_1 expire 2 lines
11-21 08:01:15.520 I/chatty  ( 1984): uid=1001(radio) DcHandlerThread expire 18 lines
11-21 08:01:15.537 I/chatty  ( 1984): uid=1001(radio) com.android.phone expire 4 lines
11-21 08:01:15.562 I/chatty  ( 1984): uid=1001(radio) DcHandlerThread expire 17 lines
11-21 08:01:22.069 I/chatty  ( 1984): uid=1001(radio) HwBinder:1984_1 expire 2 lines
11-21 08:01:22.093 I/chatty  ( 1984): uid=1001(radio) DcHandlerThread expire 21 lines
11-21 08:01:22.104 I/chatty  ( 1984): uid=1001(radio) com.android.phone expire 8 lines
11-21 08:01:22.128 I/chatty  ( 1984): uid=1001(radio) DcHandlerThread expire 4 lines
11-21 08:01:25.860 I/chatty  ( 1984): uid=1001(radio) Binder:1984_2 expire 1 line
11-21 08:01:26.357 I/chatty  ( 1984): uid=1001(radio) HwBinder:1984_1 expire 5 lines
11-21 08:01:26.357 I/chatty  ( 1984): uid=1001(radio) NetworkService expire 6 lines
11-21 08:01:26.385 I/chatty  ( 1984): uid=1001(radio) com.android.phone expire 26 lines
11-21 08:01:26.462 I/chatty  ( 1984): uid=1001(radio) HwBinder:1984_1 expire 3 lines
11-21 08:01:26.463 I/chatty  ( 1984): uid=1001(radio) NetworkService expire 1 line
11-21 08:01:26.764 I/chatty  ( 1984): uid=1001(radio) DcHandlerThread expire 29 lines
11-21 08:01:26.774 I/chatty  ( 1984): uid=1001(radio) com.android.phone expire 5 lines
11-21 08:01:26.797 I/chatty  ( 1984): uid=1001(radio) DcHandlerThread expire 22 lines
11-21 08:01:33.308 I/chatty  ( 1984): uid=1001(radio) HwBinder:1984_1 expire 5 lines
11-21 08:01:33.366 I/chatty  ( 1984): uid=1001(radio) DcHandlerThread expire 15 lines
11-21 08:01:33.375 I/chatty  ( 1984): uid=1001(radio) com.android.phone expire 7 lines
11-21 08:01:46.485 I/chatty  ( 1984): uid=1001(radio) DcHandlerThread expire 24 lines
11-21 08:01:46.538 I/chatty  ( 1984): uid=1001(radio) com.android.phone expire 6 lines
11-21 08:01:47.009 I/chatty  ( 1984): uid=1001(radio) HwBinder:1984_1 expire 4 lines
11-21 08:01:47.009 I/chatty  ( 1984): uid=1001(radio) NetworkService expire 10 lines
11-21 08:01:47.018 I/chatty  ( 1984): uid=1001(radio) com.android.phone expire 6 lines
11-21 08:01:47.050 I/chatty  ( 1984): uid=1001(radio) HwBinder:1984_1 expire 11 lines
11-21 08:01:47.054 I/chatty  ( 1984): uid=1001(radio) com.android.phone expire 7 lines
11-21 08:01:47.073 I/chatty  ( 1984): uid=1001(radio) NetworkService expire 4 lines
11-21 08:01:53.489 I/chatty  ( 1984): uid=1001(radio) DcHandlerThread expire 26 lines
11-21 08:01:53.507 I/chatty  ( 1984): uid=1001(radio) com.android.phone expire 8 lines
11-21 08:01:53.536 I/chatty  ( 1984): uid=1001(radio) DcHandlerThread expire 4 lines
11-21 08:02:15.990 I/chatty  ( 1984): uid=1001(radio) Binder:1984_A expire 1 line
11-21 08:02:16.468 I/chatty  ( 1984): uid=1001(radio) HwBinder:1984_1 expire 5 lines
11-21 08:02:16.468 I/chatty  ( 1984): uid=1001(radio) NetworkService expire 7 lines
11-21 08:02:16.510 I/chatty  ( 1984): uid=1001(radio) com.android.phone expire 19 lines
11-21 08:02:16.529 I/chatty  ( 1984): uid=1001(radio) HwBinder:1984_1 expire 3 lines
11-21 08:02:16.601 I/chatty  ( 1984): uid=1001(radio) com.android.phone expire 10 lines
11-21 08:02:17.040 I/chatty  ( 1984): uid=1001(radio) DcHandlerThread expire 33 lines
11-21 08:02:17.109 I/chatty  ( 1984): uid=1001(radio) com.android.phone expire 1 line
11-21 08:02:23.433 I/chatty  ( 1984): uid=1001(radio) HwBinder:1984_1 expire 2 lines
11-21 08:02:23.449 I/chatty  ( 1984): uid=1001(radio) DcHandlerThread expire 22 lines
11-21 08:02:23.465 I/chatty  ( 1984): uid=1001(radio) com.android.phone expire 8 lines
11-21 08:02:23.487 I/chatty  ( 1984): uid=1001(radio) DcHandlerThread expire 20 lines
11-21 08:02:27.342 I/chatty  ( 1984): uid=1001(radio) HwBinder:1984_1 expire 3 lines
11-21 08:02:35.995 I/chatty  ( 1984): uid=1001(radio) DcHandlerThread expire 15 lines
11-21 08:02:36.038 I/chatty  ( 1984): uid=1001(radio) com.android.phone expire 12 lines
11-21 08:02:36.423 I/chatty  ( 1984): uid=1001(radio) HwBinder:1984_1 expire 4 lines
11-21 08:02:36.427 I/chatty  ( 1984): uid=1001(radio) NetworkService expire 12 lines
11-21 08:02:36.463 I/chatty  ( 1984): uid=1001(radio) HwBinder:1984_1 expire 8 lines
11-21 08:02:36.485 I/chatty  ( 1984): uid=1001(radio) com.android.phone expire 7 lines
11-21 08:02:36.517 I/chatty  ( 1984): uid=1001(radio) NetworkService expire 2 lines
11-21 08:02:36.517 I/chatty  ( 1984): uid=1001(radio) HwBinder:1984_1 expire 3 lines
11-21 08:02:42.112 I/chatty  ( 1984): uid=1001(radio) DcHandlerThread expire 28 lines
11-21 08:02:42.141 I/chatty  ( 1984): uid=1001(radio) com.android.phone expire 12 lines
11-21 08:02:42.164 I/chatty  ( 1984): uid=1001(radio) DcHandlerThread expire 8 lines
11-21 08:03:05.900 I/chatty  ( 1984): uid=1001(radio) Binder:1984_1 expire 1 line
11-21 08:03:06.299 I/chatty  ( 1984): uid=1001(radio) HwBinder:1984_1 expire 2 lines
11-21 08:03:06.321 I/chatty  ( 1984): uid=1001(radio) DcHandlerThread expire 18 lines
11-21 08:03:06.327 I/chatty  ( 1984): uid=1001(radio) com.android.phone expire 7 lines
11-21 08:03:06.348 I/chatty  ( 1984): uid=1001(radio) DcHandlerThread expire 6 lines
11-21 08:03:06.505 I/chatty  ( 1984): uid=1001(radio) HwBinder:1984_1 expire 4 lines
11-21 08:03:06.505 I/chatty  ( 1984): uid=1001(radio) NetworkService expire 7 lines
11-21 08:03:06.522 I/chatty  ( 1984): uid=1001(radio) com.android.phone expire 13 lines
11-21 08:03:06.537 I/chatty  ( 1984): uid=1001(radio) HwBinder:1984_1 expire 4 lines
11-21 08:03:06.670 I/chatty  ( 1984): uid=1001(radio) com.android.phone expire 14 lines
11-21 08:03:12.630 I/chatty  ( 1984): uid=1001(radio) DcHandlerThread expire 25 lines
11-21 08:03:12.652 I/chatty  ( 1984): uid=1001(radio) com.android.phone expire 5 lines
11-21 08:03:12.684 I/chatty  ( 1984): uid=1001(radio) DcHandlerThread expire 12 lines
11-21 08:03:17.261 I/chatty  ( 1984): uid=1001(radio) HwBinder:1984_1 expire 3 lines
11-21 08:03:26.077 I/chatty  ( 1984): uid=1001(radio) DcHandlerThread expire 16 lines
11-21 08:03:26.087 I/chatty  ( 1984): uid=1001(radio) com.android.phone expire 9 lines
11-21 08:03:26.183 I/chatty  ( 1984): uid=1001(radio) DcHandlerThread expire 7 lines
11-21 08:03:26.682 I/chatty  ( 1984): uid=1001(radio) HwBinder:1984_1 expire 4 lines
11-21 08:03:26.682 I/chatty  ( 1984): uid=1001(radio) NetworkService expire 12 lines
11-21 08:03:26.693 I/chatty  ( 1984): uid=1001(radio) com.android.phone expire 9 lines
11-21 08:03:26.697 I/chatty  ( 1984): uid=1001(radio) HwBinder:1984_1 expire 11 lines
11-21 08:03:26.788 I/chatty  ( 1984): uid=1001(radio) NetworkService expire 2 lines
11-21 08:03:26.789 I/chatty  ( 1984): uid=1001(radio) com.android.phone expire 4 lines
11-21 08:03:32.554 I/chatty  ( 1984): uid=1001(radio) DcHandlerThread expire 29 lines
11-21 08:03:32.571 I/chatty  ( 1984): uid=1001(radio) com.android.phone expire 9 lines
11-21 08:03:32.600 I/chatty  ( 1984): uid=1001(radio) DcHandlerThread expire 1 line
11-21 08:03:55.888 I/chatty  ( 1984): uid=1001(radio) Binder:1984_A expire 1 line
11-21 08:03:56.395 I/chatty  ( 1984): uid=1001(radio) HwBinder:1984_1 expire 6 lines
11-21 08:03:56.395 I/chatty  ( 1984): uid=1001(radio) NetworkService expire 7 lines
11-21 08:03:56.457 I/chatty  ( 1984): uid=1001(radio) com.android.phone expire 28 lines
11-21 08:03:56.817 I/chatty  ( 1984): uid=1001(radio) HwBinder:1984_1 expire 2 lines
11-21 08:03:56.829 I/chatty  ( 1984): uid=1001(radio) DcHandlerThread expire 47 lines
11-21 08:03:56.867 I/chatty  ( 1984): uid=1001(radio) com.android.phone expire 2 lines
11-21 08:04:03.950 I/chatty  ( 1984): uid=1001(radio) HwBinder:1984_1 expire 3 lines
11-21 08:04:04.013 I/chatty  ( 1984): uid=1001(radio) DcHandlerThread expire 13 lines
11-21 08:04:04.029 I/chatty  ( 1984): uid=1001(radio) com.android.phone expire 6 lines
11-21 08:04:16.899 I/chatty  ( 1984): uid=1001(radio) HwBinder:1984_1 expire 2 lines
11-21 08:04:16.912 I/chatty  ( 1984): uid=1001(radio) DcHandlerThread expire 30 lines
11-21 08:04:16.942 I/chatty  ( 1984): uid=1001(radio) com.android.phone expire 13 lines
11-21 08:04:17.608 I/chatty  ( 1984): uid=1001(radio) HwBinder:1984_1 expire 5 lines
11-21 08:04:17.664 I/chatty  ( 1984): uid=1001(radio) NetworkService expire 12 lines
11-21 08:04:17.682 I/chatty  ( 1984): uid=1001(radio) HwBinder:1984_1 expire 6 lines
11-21 08:04:17.695 I/chatty  ( 1984): uid=1001(radio) com.android.phone expire 7 lines
11-21 08:04:17.724 I/chatty  ( 1984): uid=1001(radio) HwBinder:1984_1 expire 4 lines
11-21 08:04:17.727 I/chatty  ( 1984): uid=1001(radio) NetworkService expire 2 lines
11-21 08:04:23.439 I/chatty  ( 1984): uid=1001(radio) DcHandlerThread expire 25 lines
11-21 08:04:23.460 I/chatty  ( 1984): uid=1001(radio) com.android.phone expire 15 lines
11-21 08:04:23.499 I/chatty  ( 1984): uid=1001(radio) DcHandlerThread expire 5 lines
11-21 08:04:46.824 I/chatty  ( 1984): uid=1001(radio) Binder:1984_5 expire 1 line
11-21 08:04:47.400 I/chatty  ( 1984): uid=1001(radio) HwBinder:1984_1 expire 2 lines
11-21 08:04:47.402 I/chatty  ( 1984): uid=1001(radio) NetworkService expire 7 lines
11-21 08:04:47.421 I/chatty  ( 1984): uid=1001(radio) HwBinder:1984_1 expire 6 lines
11-21 08:04:47.453 I/chatty  ( 1984): uid=1001(radio) com.android.phone expire 8 lines
11-21 08:04:47.541 I/chatty  ( 1984): uid=1001(radio) DcHandlerThread expire 5 lines
11-21 08:04:47.548 I/chatty  ( 1984): uid=1001(radio) com.android.phone expire 22 lines
11-21 08:04:47.644 I/chatty  ( 1984): uid=1001(radio) DcHandlerThread expire 40 lines
11-21 08:04:47.721 I/chatty  ( 1984): uid=1001(radio) com.android.phone expire 2 lines
11-21 08:04:54.004 I/chatty  ( 1984): uid=1001(radio) HwBinder:1984_1 expire 3 lines
11-21 08:04:54.073 I/chatty  ( 1984): uid=1001(radio) DcHandlerThread expire 15 lines
11-21 08:04:54.087 I/chatty  ( 1984): uid=1001(radio) com.android.phone expire 5 lines
11-21 08:05:07.193 I/chatty  ( 1984): uid=1001(radio) HwBinder:1984_1 expire 2 lines
11-21 08:05:07.206 I/chatty  ( 1984): uid=1001(radio) DcHandlerThread expire 30 lines
11-21 08:05:07.219 I/chatty  ( 1984): uid=1001(radio) com.android.phone expire 14 lines
11-21 08:05:07.968 I/chatty  ( 1984): uid=1001(radio) HwBinder:1984_1 expire 6 lines
11-21 08:05:07.968 I/chatty  ( 1984): uid=1001(radio) NetworkService expire 14 lines
11-21 08:05:08.028 I/chatty  ( 1984): uid=1001(radio) HwBinder:1984_1 expire 9 lines
11-21 08:05:08.032 I/chatty  ( 1984): uid=1001(radio) com.android.phone expire 8 lines
11-21 08:05:13.905 I/chatty  ( 1984): uid=1001(radio) DcHandlerThread expire 30 lines
11-21 08:05:13.945 I/chatty  ( 1984): uid=1001(radio) com.android.phone expire 8 lines
11-21 08:05:36.969 I/chatty  ( 1984): uid=1001(radio) Binder:1984_9 expire 1 line
11-21 08:05:37.473 I/chatty  ( 1984): uid=1001(radio) HwBinder:1984_1 expire 5 lines
11-21 08:05:37.473 I/chatty  ( 1984): uid=1001(radio) NetworkService expire 7 lines
11-21 08:05:37.528 I/chatty  ( 1984): uid=1001(radio) HwBinder:1984_1 expire 1 line
11-21 08:05:37.533 I/chatty  ( 1984): uid=1001(radio) com.android.phone expire 25 lines
11-21 08:05:37.888 I/chatty  ( 1984): uid=1001(radio) HwBinder:1984_1 expire 2 lines
11-21 08:05:37.901 I/chatty  ( 1984): uid=1001(radio) DcHandlerThread expire 28 lines
11-21 08:05:37.912 I/chatty  ( 1984): uid=1001(radio) com.android.phone expire 4 lines
11-21 08:05:37.938 I/chatty  ( 1984): uid=1001(radio) DcHandlerThread expire 2 lines
11-21 08:05:45.117 I/chatty  (  943): uid=1001(radio) NasModemEndPoin expire 15 lines
11-21 08:05:45.177 I/chatty  ( 1984): uid=1001(radio) HwBinder:1984_1 expire 6 lines
11-21 08:05:45.178 I/chatty  ( 1984): uid=1001(radio) NetworkService expire 10 lines
11-21 08:05:45.178 I/chatty  ( 1984): uid=1001(radio) com.android.phone expire 12 lines
11-21 08:05:45.255 I/chatty  ( 1984): uid=1001(radio) NetworkService expire 5 lines
11-21 08:05:45.264 I/chatty  ( 1984): uid=1001(radio) HwBinder:1984_1 expire 14 lines
11-21 08:05:45.301 I/chatty  ( 1984): uid=1001(radio) NetworkService expire 7 lines
11-21 08:05:45.304 I/chatty  ( 1984): uid=1001(radio) com.android.phone expire 3 lines
11-21 08:05:45.315 I/chatty  ( 1042): uid=1001(radio) DispatcherModul expire 3 lines
11-21 08:05:45.322 I/chatty  ( 1984): uid=1001(radio) HwBinder:1984_1 expire 3 lines
11-21 08:05:45.327 I/chatty  ( 1984): uid=1001(radio) com.android.phone expire 23 lines
11-21 08:05:45.413 E/PHONE   ( 1186): ServiceState.getRadioTechnology() DEPRECATED will be removed *******
11-21 08:05:45.424 D/TelephonyRegistry( 1186): notifyCellLocationForSubscriber: subId=1 cellLocation=CellIdentityLte:{ mCi=168987920 mPci=490 mTac=35650 mEarfcn=5110 mBands=[] mBandwidth=2147483647 mMcc=310 mMnc=410 mAlphaLong=AT&T mAlphaShort=AT&T mAdditionalPlmns={} mCsgInfo=null}
11-21 08:05:45.438 I/chatty  ( 1984): uid=1001(radio) NetworkService expire 6 lines
11-21 08:05:45.453 I/chatty  ( 1984): uid=1001(radio) HwBinder:1984_1 expire 6 lines
11-21 08:05:45.491 I/chatty  ( 1984): uid=1001(radio) com.android.phone expire 3 lines
11-21 08:05:51.697 I/chatty  ( 1984): uid=1001(radio) DcHandlerThread expire 30 lines
11-21 08:05:51.717 I/chatty  ( 1984): uid=1001(radio) com.android.phone expire 5 lines
11-21 08:05:58.524 I/chatty  ( 1984): uid=1001(radio) HwBinder:1984_1 expire 2 lines
11-21 08:05:58.559 I/chatty  ( 1984): uid=1001(radio) DcHandlerThread expire 30 lines
11-21 08:05:58.590 I/chatty  ( 1984): uid=1001(radio) com.android.phone expire 11 lines
11-21 08:05:59.195 I/chatty  ( 1984): uid=1001(radio) HwBinder:1984_1 expire 5 lines
11-21 08:05:59.309 I/chatty  ( 1984): uid=1001(radio) NetworkService expire 12 lines
11-21 08:05:59.350 I/chatty  ( 1984): uid=1001(radio) com.android.phone expire 4 lines
11-21 08:05:59.364 I/chatty  ( 1984): uid=1001(radio) HwBinder:1984_1 expire 10 lines
11-21 08:05:59.407 I/chatty  ( 1984): uid=1001(radio) com.android.phone expire 6 lines
11-21 08:05:59.408 I/chatty  ( 1984): uid=1001(radio) NetworkService expire 2 lines
11-21 08:06:04.976 I/chatty  ( 1984): uid=1001(radio) DcHandlerThread expire 23 lines
11-21 08:06:04.992 I/chatty  ( 1984): uid=1001(radio) com.android.phone expire 7 lines
11-21 08:06:05.010 I/chatty  ( 1984): uid=1001(radio) DcHandlerThread expire 7 lines
11-21 08:06:12.606 I/chatty  (  943): uid=1001(radio) NasModemEndPoin expire 5 lines
11-21 08:06:12.637 I/chatty  ( 1984): uid=1001(radio) HwBinder:1984_1 expire 2 lines
11-21 08:06:12.638 I/chatty  ( 1984): uid=1001(radio) NetworkService expire 7 lines
11-21 08:06:12.658 I/chatty  ( 1984): uid=1001(radio) HwBinder:1984_1 expire 4 lines
11-21 08:06:12.671 I/chatty  ( 1984): uid=1001(radio) com.android.phone expire 18 lines
11-21 08:06:12.756 E/PHONE   ( 1186): ServiceState.getRadioTechnology() DEPRECATED will be removed *******
11-21 08:06:12.760 D/TelephonyRegistry( 1186): notifyCellLocationForSubscriber: subId=1 cellLocation=CellIdentityLte:{ mCi=170323224 mPci=207 mTac=35650 mEarfcn=66661 mBands=[] mBandwidth=2147483647 mMcc=310 mMnc=410 mAlphaLong=AT&T mAlphaShort=AT&T mAdditionalPlmns={} mCsgInfo=null}
11-21 08:06:16.989 I/chatty  ( 1984): uid=1001(radio) HwBinder:1984_1 expire 2 lines
11-21 08:06:17.008 I/chatty  ( 1984): uid=1001(radio) DcHandlerThread expire 32 lines
11-21 08:06:17.023 I/chatty  ( 1984): uid=1001(radio) com.android.phone expire 4 lines
11-21 08:06:23.455 I/chatty  ( 1984): uid=1001(radio) HwBinder:1984_1 expire 2 lines
11-21 08:06:23.475 I/chatty  ( 1984): uid=1001(radio) DcHandlerThread expire 20 lines
11-21 08:06:23.493 I/chatty  ( 1984): uid=1001(radio) com.android.phone expire 7 lines
11-21 08:06:23.515 I/chatty  ( 1984): uid=1001(radio) DcHandlerThread expire 8 lines
11-21 08:06:27.955 I/chatty  ( 1984): uid=1001(radio) Binder:1984_5 expire 1 line
11-21 08:06:28.587 I/chatty  ( 1984): uid=1001(radio) HwBinder:1984_1 expire 3 lines
11-21 08:06:28.587 I/chatty  ( 1984): uid=1001(radio) NetworkService expire 7 lines
11-21 08:06:28.603 I/chatty  ( 1984): uid=1001(radio) HwBinder:1984_1 expire 3 lines
11-21 08:06:28.604 I/chatty  ( 1984): uid=1001(radio) com.android.phone expire 30 lines
11-21 08:06:29.113 I/chatty  ( 1984): uid=1001(radio) HwBinder:1984_1 expire 2 lines
11-21 08:06:29.131 I/chatty  ( 1984): uid=1001(radio) DcHandlerThread expire 34 lines
11-21 08:06:29.176 I/chatty  ( 1984): uid=1001(radio) com.android.phone expire 1 line
11-21 08:06:35.374 I/chatty  ( 1984): uid=1001(radio) HwBinder:1984_1 expire 2 lines
11-21 08:06:35.397 I/chatty  ( 1984): uid=1001(radio) DcHandlerThread expire 19 lines
11-21 08:06:35.408 I/chatty  ( 1984): uid=1001(radio) com.android.phone expire 5 lines
11-21 08:06:35.430 I/chatty  ( 1984): uid=1001(radio) DcHandlerThread expire 22 lines
11-21 08:06:39.493 I/chatty  ( 1984): uid=1001(radio) HwBinder:1984_1 expire 3 lines
11-21 08:06:49.099 I/chatty  ( 1984): uid=1001(radio) com.android.phone expire 5 lines
11-21 08:06:49.126 I/chatty  ( 1984): uid=1001(radio) DcHandlerThread expire 15 lines
11-21 08:06:49.526 I/chatty  ( 1984): uid=1001(radio) com.android.phone expire 9 lines
11-21 08:06:49.606 I/chatty  ( 1984): uid=1001(radio) HwBinder:1984_1 expire 5 lines
11-21 08:06:49.607 I/chatty  ( 1984): uid=1001(radio) NetworkService expire 13 lines
11-21 08:06:49.637 I/chatty  ( 1984): uid=1001(radio) com.android.phone expire 4 lines
11-21 08:06:49.661 I/chatty  ( 1984): uid=1001(radio) HwBinder:1984_1 expire 10 lines
11-21 08:06:49.719 I/chatty  ( 1984): uid=1001(radio) NetworkService expire 1 line
11-21 08:06:49.720 I/chatty  ( 1984): uid=1001(radio) com.android.phone expire 4 lines
11-21 08:06:55.328 I/chatty  ( 1984): uid=1001(radio) DcHandlerThread expire 30 lines
11-21 08:06:55.345 I/chatty  ( 1984): uid=1001(radio) com.android.phone expire 7 lines
11-21 08:07:03.651 I/chatty  ( 1984): uid=1001(radio) HwBinder:1984_1 expire 2 lines
11-21 08:07:03.668 I/chatty  ( 1984): uid=1001(radio) DcHandlerThread expire 40 lines
11-21 08:07:03.728 I/chatty  ( 1984): uid=1001(radio) com.android.phone expire 1 line
11-21 08:07:10.046 I/chatty  ( 1984): uid=1001(radio) HwBinder:1984_1 expire 2 lines
11-21 08:07:10.083 I/chatty  ( 1984): uid=1001(radio) DcHandlerThread expire 16 lines
11-21 08:07:10.089 I/chatty  ( 1984): uid=1001(radio) com.android.phone expire 8 lines
11-21 08:07:10.124 I/chatty  ( 1984): uid=1001(radio) DcHandlerThread expire 4 lines
11-21 08:07:18.896 I/chatty  ( 1984): uid=1001(radio) Binder:1984_8 expire 1 line
11-21 08:07:19.430 I/chatty  ( 1984): uid=1001(radio) HwBinder:1984_1 expire 5 lines
11-21 08:07:19.430 I/chatty  ( 1984): uid=1001(radio) NetworkService expire 6 lines
11-21 08:07:19.463 I/chatty  ( 1984): uid=1001(radio) com.android.phone expire 26 lines
11-21 08:07:19.563 I/chatty  ( 1984): uid=1001(radio) HwBinder:1984_1 expire 3 lines
11-21 08:07:19.580 I/chatty  ( 1984): uid=1001(radio) NetworkService expire 1 line
11-21 08:07:19.608 I/chatty  ( 1984): uid=1001(radio) DcHandlerThread expire 29 lines
11-21 08:07:19.635 I/chatty  ( 1984): uid=1001(radio) com.android.phone expire 9 lines
11-21 08:07:19.679 I/chatty  ( 1984): uid=1001(radio) DcHandlerThread expire 1 line
11-21 08:07:26.197 I/chatty  (  943): uid=1001(radio) NasModemEndPoin expire 5 lines
11-21 08:07:26.231 I/chatty  ( 1984): uid=1001(radio) HwBinder:1984_1 expire 6 lines
11-21 08:07:26.231 I/chatty  ( 1984): uid=1001(radio) NetworkService expire 7 lines
11-21 08:07:26.284 I/chatty  ( 1984): uid=1001(radio) com.android.phone expire 17 lines
11-21 08:07:26.379 E/PHONE   ( 1186): ServiceState.getRadioTechnology() DEPRECATED will be removed *******
11-21 08:07:26.402 D/TelephonyRegistry( 1186): notifyCellLocationForSubscriber: subId=1 cellLocation=CellIdentityLte:{ mCi=170323387 mPci=208 mTac=35650 mEarfcn=66986 mBands=[] mBandwidth=2147483647 mMcc=310 mMnc=410 mAlphaLong=AT&T mAlphaShort=AT&T mAdditionalPlmns={} mCsgInfo=null}
11-21 08:07:31.474 I/chatty  ( 1984): uid=1001(radio) HwBinder:1984_1 expire 2 lines
11-21 08:07:31.496 I/chatty  ( 1984): uid=1001(radio) DcHandlerThread expire 37 lines
11-21 08:07:31.562 I/chatty  ( 1984): uid=1001(radio) com.android.phone expire 4 lines
11-21 08:07:35.169 I/chatty  ( 1984): uid=1001(radio) HwBinder:1984_1 expire 3 lines
11-21 08:07:40.486 I/chatty  ( 1984): uid=1001(radio) DcHandlerThread expire 16 lines
11-21 08:07:40.493 I/chatty  ( 1984): uid=1001(radio) com.android.phone expire 12 lines
11-21 08:07:40.525 I/chatty  ( 1984): uid=1001(radio) DcHandlerThread expire 7 lines
11-21 08:07:41.117 I/chatty  ( 1984): uid=1001(radio) HwBinder:1984_1 expire 5 lines
11-21 08:07:41.180 I/chatty  ( 1984): uid=1001(radio) NetworkService expire 12 lines
11-21 08:07:41.214 I/chatty  ( 1984): uid=1001(radio) HwBinder:1984_1 expire 5 lines
11-21 08:07:41.215 I/chatty  ( 1984): uid=1001(radio) com.android.phone expire 11 lines
11-21 08:07:41.340 I/chatty  ( 1984): uid=1001(radio) NetworkService expire 2 lines
11-21 08:07:41.345 I/chatty  ( 1984): uid=1001(radio) HwBinder:1984_1 expire 5 lines
11-21 08:07:46.949 I/chatty  ( 1984): uid=1001(radio) DcHandlerThread expire 22 lines
11-21 08:07:46.971 I/chatty  ( 1984): uid=1001(radio) com.android.phone expire 7 lines
11-21 08:07:46.992 I/chatty  ( 1984): uid=1001(radio) DcHandlerThread expire 8 lines
11-21 08:08:10.964 I/chatty  ( 1984): uid=1001(radio) Binder:1984_2 expire 1 line
11-21 08:08:11.494 I/chatty  ( 1984): uid=1001(radio) HwBinder:1984_1 expire 2 lines
11-21 08:08:11.495 I/chatty  ( 1984): uid=1001(radio) NetworkService expire 6 lines
11-21 08:08:11.512 I/chatty  ( 1984): uid=1001(radio) HwBinder:1984_1 expire 3 lines
11-21 08:08:11.513 I/chatty  ( 1984): uid=1001(radio) com.android.phone expire 28 lines
11-21 08:08:11.572 I/chatty  ( 1984): uid=1001(radio) HwBinder:1984_1 expire 4 lines
11-21 08:08:11.574 I/chatty  ( 1984): uid=1001(radio) NetworkService expire 1 line
11-21 08:08:31.463 I/chatty  ( 1984): uid=1001(radio) DcHandlerThread expire 26 lines
11-21 08:08:31.475 I/chatty  ( 1984): uid=1001(radio) com.android.phone expire 13 lines
11-21 08:08:31.514 I/chatty  ( 1984): uid=1001(radio) DcHandlerThread expire 4 lines
11-21 08:08:32.045 I/chatty  ( 1984): uid=1001(radio) HwBinder:1984_1 expire 5 lines
11-21 08:08:32.091 I/chatty  ( 1984): uid=1001(radio) NetworkService expire 12 lines
11-21 08:08:32.105 I/chatty  ( 1984): uid=1001(radio) com.android.phone expire 5 lines
11-21 08:08:32.111 I/chatty  ( 1984): uid=1001(radio) HwBinder:1984_1 expire 10 lines
11-21 08:08:32.170 I/chatty  ( 1984): uid=1001(radio) NetworkService expire 2 lines
11-21 08:08:32.171 I/chatty  ( 1984): uid=1001(radio) com.android.phone expire 5 lines
11-21 08:08:37.867 I/chatty  ( 1984): uid=1001(radio) DcHandlerThread expire 30 lines
11-21 08:08:37.909 I/chatty  ( 1984): uid=1001(radio) com.android.phone expire 3 lines
11-21 08:09:01.940 I/chatty  ( 1984): uid=1001(radio) Binder:1984_9 expire 1 line
11-21 08:09:02.414 I/chatty  ( 1984): uid=1001(radio) HwBinder:1984_1 expire 4 lines
11-21 08:09:02.414 I/chatty  ( 1984): uid=1001(radio) NetworkService expire 5 lines
11-21 08:09:02.415 I/chatty  ( 1984): uid=1001(radio) com.android.phone expire 31 lines
11-21 08:09:02.492 I/chatty  ( 1984): uid=1001(radio) HwBinder:1984_1 expire 2 lines
11-21 08:09:02.492 I/chatty  ( 1984): uid=1001(radio) NetworkService expire 2 lines
11-21 08:09:13.262 I/chatty  ( 1984): uid=1001(radio) HwBinder:1984_1 expire 3 lines
11-21 08:09:23.193 I/chatty  ( 1984): uid=1001(radio) DcHandlerThread expire 30 lines
11-21 08:09:23.221 I/chatty  ( 1984): uid=1001(radio) com.android.phone expire 13 lines
11-21 08:09:23.776 I/chatty  ( 1984): uid=1001(radio) HwBinder:1984_1 expire 5 lines
11-21 08:09:23.857 I/chatty  ( 1984): uid=1001(radio) NetworkService expire 14 lines
11-21 08:09:23.880 I/chatty  ( 1984): uid=1001(radio) HwBinder:1984_1 expire 7 lines
11-21 08:09:23.884 I/chatty  ( 1984): uid=1001(radio) com.android.phone expire 10 lines
11-21 08:09:23.945 I/chatty  ( 1984): uid=1001(radio) HwBinder:1984_1 expire 3 lines
11-21 08:09:29.572 I/chatty  ( 1984): uid=1001(radio) DcHandlerThread expire 30 lines
11-21 08:09:29.618 I/chatty  ( 1984): uid=1001(radio) com.android.phone expire 6 lines
11-21 08:09:53.006 I/chatty  ( 1984): uid=1001(radio) Binder:1984_A expire 1 line
11-21 08:09:53.473 I/chatty  ( 1984): uid=1001(radio) HwBinder:1984_1 expire 2 lines
11-21 08:09:53.473 I/chatty  ( 1984): uid=1001(radio) NetworkService expire 7 lines
11-21 08:09:53.490 I/chatty  ( 1984): uid=1001(radio) HwBinder:1984_1 expire 4 lines
11-21 08:09:53.490 I/chatty  ( 1984): uid=1001(radio) com.android.phone expire 27 lines
11-21 08:09:53.823 I/chatty  ( 1984): uid=1001(radio) HwBinder:1984_1 expire 2 lines
11-21 08:09:53.858 I/chatty  ( 1984): uid=1001(radio) DcHandlerThread expire 29 lines
11-21 08:09:53.881 I/chatty  ( 1984): uid=1001(radio) com.android.phone expire 5 lines
11-21 08:09:53.922 I/chatty  ( 1984): uid=1001(radio) DcHandlerThread expire 21 lines
11-21 08:10:00.705 I/chatty  ( 1984): uid=1001(radio) HwBinder:1984_1 expire 5 lines
11-21 08:10:00.766 I/chatty  ( 1984): uid=1001(radio) DcHandlerThread expire 16 lines
11-21 08:10:00.773 I/chatty  ( 1984): uid=1001(radio) com.android.phone expire 7 lines
11-21 08:10:14.112 I/chatty  ( 1984): uid=1001(radio) DcHandlerThread expire 18 lines
11-21 08:10:14.139 D/DC-C-2  ( 1984): addr/pl=/2600:381:4804:c4b6:8cdc:8f0b:afe1:ec6b/64
11-21 08:10:14.144 D/DC-C-2  ( 1984): MTU set by call response to: 1430
11-21 08:10:14.144 D/DC-C-2  ( 1984): updateTcpBufferSizes: lte
11-21 08:10:14.144 D/Dcc-C-0 ( 1984): onDataStateChanged: no change
11-21 08:10:14.144 D/Dcc-C-0 ( 1984): onDataStateChanged: Data Activity updated to NONE. isAnyDataCallActive = true isAnyDataCallDormant = false
11-21 08:10:14.145 D/Dcc-C-0 ( 1984): onDataStateChanged: dcsToRetry=[] apnsToCleanup=[]
11-21 08:10:14.146 D/QtiDCT-C( 1984): [0]setActivity = NONE
11-21 08:10:14.495 D/TelephonyNetworkFactory[0]( 1984): onReleaseNetworkFor NetworkRequest [ REQUEST id=1, [ Capabilities: INTERNET&NOT_RESTRICTED&TRUSTED&NOT_VPN AdministratorUids: [] RequestorUid: 1000 RequestorPackageName: android] ] applied true
11-21 08:10:14.496 D/DC-C-2  ( 1984): reevaluate data connection properties
11-21 08:10:14.503 D/TelephonyNetworkFactory[0]( 1984): onReleaseNetworkFor NetworkRequest [ REQUEST id=14, [ Capabilities: INTERNET&NOT_RESTRICTED&TRUSTED&NOT_VPN AdministratorUids: [] RequestorUid: 1000 RequestorPackageName: android] ] applied true
11-21 08:10:14.503 D/DC-C-2  ( 1984): reevaluate data connection properties
11-21 08:10:14.570 D/RILJ    ( 1984): Unsol response received; Sending ack to ril.cpp [PHONE0]
11-21 08:10:14.570 D/RILJ    ( 1984): [UNSL]< UNSOL_RESPONSE_NETWORK_STATE_CHANGED [PHONE0]
11-21 08:10:14.571 D/NRM-C-0 ( 1984): onNetworkStateChanged
11-21 08:10:14.571 D/SST     ( 1984): [0] pollState: modemTriggered=true
11-21 08:10:14.572 D/RILJ    ( 1984): Unsol response received; Sending ack to ril.cpp [PHONE0]
11-21 08:10:14.572 D/RILJ    ( 1984): [UNSL]< UNSOL_RESPONSE_NETWORK_STATE_CHANGED [PHONE0]
11-21 08:10:14.575 D/NRM-C-0 ( 1984): onNetworkStateChanged
11-21 08:10:14.578 D/RILJ    ( 1984): [5426]> OPERATOR [PHONE0]
11-21 08:10:14.580 D/RILJ    ( 1984): [5427]> QUERY_NETWORK_SELECTION_MODE [PHONE0]
11-21 08:10:14.582 D/RILJ    ( 1984): [5428]> DATA_REGISTRATION_STATE [PHONE0]
11-21 08:10:14.582 D/RILJ    ( 1984): getDataRegistrationState: overrideHalVersion=null [PHONE0]
11-21 08:10:14.583 D/RILJ    ( 1984): [5430]> VOICE_REGISTRATION_STATE [PHONE0]
11-21 08:10:14.583 D/RILJ    ( 1984): getVoiceRegistrationState: overrideHalVersion=null [PHONE0]
11-21 08:10:14.590 D/RILJ    ( 1984): [5429]> RIL_REQUEST_GET_ACTIVITY_INFO [PHONE0]
11-21 08:10:14.590 D/SST     ( 1984): [0] pollState: modemTriggered=true
11-21 08:10:14.592 D/RILJ    ( 1984): [5431]> OPERATOR [PHONE0]
11-21 08:10:14.593 D/RILJ    ( 1984): [5432]> QUERY_NETWORK_SELECTION_MODE [PHONE0]
11-21 08:10:14.594 D/RILJ    ( 1984): [5433]> DATA_REGISTRATION_STATE [PHONE0]
11-21 08:10:14.594 D/RILJ    ( 1984): getDataRegistrationState: overrideHalVersion=null [PHONE0]
11-21 08:10:14.596 D/RILJ    ( 1984): [5434]> VOICE_REGISTRATION_STATE [PHONE0]
