09-01 07:32:16.670 D/UIAutomatorStub(12613): URI: /jsonrpc/0, Method: POST, Header: {content-length=102, remote-addr=127.0.0.1, http-client-ip=127.0.0.1, host=localhost:9010, content-type=application/json, accept-encoding=identity}, params, {NanoHttpd.QUERY_STRING=null}, files: {postData={"jsonrpc": "2.0", "method": "pressKey", "id": "1b6c8ae4570cfaa66455b7116c4137c5", "params": ["back"]}}
09-01 07:32:16.693 D/AutofillManagerService( 1460): onBackKeyPressed()
09-01 07:32:16.709 I/chatty  ( 1460): uid=1000(system) Binder:1460_F expire 4 lines
09-01 07:32:16.766 E/DayDateSystemComplicationProvider( 2824): Updating Day Date System Complication
09-01 07:32:16.772 W/JobInfo ( 2824): Requested flex +5s0ms for job 11 is too small; raising to +5m0s0ms
09-01 07:32:16.792 I/chatty  ( 1460): uid=1000 system_server expire 1 line
09-01 07:32:17.222 D/UIAutomatorStub(12613): URI: /jsonrpc/0, Method: POST, Header: {content-length=194, remote-addr=127.0.0.1, http-client-ip=127.0.0.1, host=localhost:9010, content-type=application/json, accept-encoding=identity}, params, {NanoHttpd.QUERY_STRING=null}, files: {postData={"jsonrpc": "2.0", "method": "waitForExists", "id": "df6cc32d08cc3fd28923ce961169917b", "params": [{"mask": 64, "childOrSibling": [], "childOrSiblingSelector": [], "description": "Updater"}, 0]}}
09-01 07:32:18.085 W/HWComposer(  647): Ignoring duplicate VSYNC event from HWC for display 0 (t=14432080745222)
09-01 07:32:18.484 D/UIAutomatorStub(12613): URI: /jsonrpc/0, Method: POST, Header: {content-length=123, remote-addr=127.0.0.1, http-client-ip=127.0.0.1, host=localhost:9010, content-type=application/json, accept-encoding=identity}, params, {NanoHttpd.QUERY_STRING=null}, files: {postData={"jsonrpc": "2.0", "method": "swipe", "id": "872b3faee3ec94918362ccf31cf837fa", "params": ["245", "460", "245", "245", 10]}}
09-01 07:32:19.694 D/UIAutomatorStub(12613): URI: /jsonrpc/0, Method: POST, Header: {content-length=194, remote-addr=127.0.0.1, http-client-ip=127.0.0.1, host=localhost:9010, content-type=application/json, accept-encoding=identity}, params, {NanoHttpd.QUERY_STRING=null}, files: {postData={"jsonrpc": "2.0", "method": "waitForExists", "id": "fcc16c87a617d09b261cd2760eab5c14", "params": [{"mask": 64, "childOrSibling": [], "childOrSiblingSelector": [], "description": "Updater"}, 0]}}
09-01 07:32:19.744 D/UIAutomatorStub(12613): URI: /jsonrpc/0, Method: POST, Header: {content-length=123, remote-addr=127.0.0.1, http-client-ip=127.0.0.1, host=localhost:9010, content-type=application/json, accept-encoding=identity}, params, {NanoHttpd.QUERY_STRING=null}, files: {postData={"jsonrpc": "2.0", "method": "swipe", "id": "091b10780b1b7f731c3d6c4ad67d7185", "params": ["245", "460", "245", "245", 10]}}
09-01 07:32:20.237 E/TaskPersister( 1460): File error accessing recents directory (directory doesn't exist?).
09-01 07:32:20.750 D/mcu_health_checker(  846): Sent isMcuReachable Request
09-01 07:32:20.750 D/commandrouter(  803): SocServiceHandle::onServiceMessage, SoC Service = mcu_healthcheck_846, appType = 1, type = SVC_REQ, clientId = 0, token = 240, payloadLen = 12, result = 0, payload.size() = 12
09-01 07:32:20.772 I/mcucapture(  961): 14407832 [info   ] {hlth}: Received control service request
09-01 07:32:20.772 I/mcucapture(  961): 14407837 [info   ] {hlth}: Health Request cmd: GET_STATUS
09-01 07:32:20.772 I/mcucapture(  961): 14407842 [info   ] {hlth}: Responded to req, result = MCU_OK
09-01 07:32:20.783 D/commandrouter(  803): mcu_healthcheck_846 (1, merlot:mcu_health:control): <ServiceResponse> FORWARDED (remote -> local) CR token ID = 240, service client ID = 5, token ID = 2060, result = 0
09-01 07:32:20.784 D/mcu_health_checker(  846): MCU Health Response: MCU_OK
09-01 07:32:20.784 D/mculinkhealth(  846): isMcuReachable 1 (34 ms)
09-01 07:32:20.985 D/UIAutomatorStub(12613): URI: /jsonrpc/0, Method: POST, Header: {content-length=194, remote-addr=127.0.0.1, http-client-ip=127.0.0.1, host=localhost:9010, content-type=application/json, accept-encoding=identity}, params, {NanoHttpd.QUERY_STRING=null}, files: {postData={"jsonrpc": "2.0", "method": "waitForExists", "id": "a2d18e968d6bd0a2f411089a755f4b45", "params": [{"mask": 64, "childOrSibling": [], "childOrSiblingSelector": [], "description": "Updater"}, 0]}}
09-01 07:32:21.036 D/UIAutomatorStub(12613): URI: /jsonrpc/0, Method: POST, Header: {content-length=123, remote-addr=127.0.0.1, http-client-ip=127.0.0.1, host=localhost:9010, content-type=application/json, accept-encoding=identity}, params, {NanoHttpd.QUERY_STRING=null}, files: {postData={"jsonrpc": "2.0", "method": "swipe", "id": "75226a99bdda0f834b73c441e7ab11a3", "params": ["245", "460", "245", "245", 10]}}
09-01 07:32:21.634 W/bluelink(  803): [System] updateSmoothedTime: too early or too late; st=14441.509, rt=14447.011
09-01 07:32:22.279 D/UIAutomatorStub(12613): URI: /jsonrpc/0, Method: POST, Header: {content-length=194, remote-addr=127.0.0.1, http-client-ip=127.0.0.1, host=localhost:9010, content-type=application/json, accept-encoding=identity}, params, {NanoHttpd.QUERY_STRING=null}, files: {postData={"jsonrpc": "2.0", "method": "waitForExists", "id": "1012c153856a6d147142ec03230e51be", "params": [{"mask": 64, "childOrSibling": [], "childOrSiblingSelector": [], "description": "Updater"}, 0]}}
09-01 07:32:22.335 D/UIAutomatorStub(12613): URI: /jsonrpc/0, Method: POST, Header: {content-length=123, remote-addr=127.0.0.1, http-client-ip=127.0.0.1, host=localhost:9010, content-type=application/json, accept-encoding=identity}, params, {NanoHttpd.QUERY_STRING=null}, files: {postData={"jsonrpc": "2.0", "method": "swipe", "id": "7783a08e6f9ab609214afd99868cad47", "params": ["245", "460", "245", "245", 10]}}
09-01 07:32:23.578 D/UIAutomatorStub(12613): URI: /jsonrpc/0, Method: POST, Header: {content-length=194, remote-addr=127.0.0.1, http-client-ip=127.0.0.1, host=localhost:9010, content-type=application/json, accept-encoding=identity}, params, {NanoHttpd.QUERY_STRING=null}, files: {postData={"jsonrpc": "2.0", "method": "waitForExists", "id": "ec8d3987a3dd1b9bcea65b4e5c3500f3", "params": [{"mask": 64, "childOrSibling": [], "childOrSiblingSelector": [], "description": "Updater"}, 0]}}
09-01 07:32:23.625 D/UIAutomatorStub(12613): URI: /jsonrpc/0, Method: POST, Header: {content-length=183, remote-addr=127.0.0.1, http-client-ip=127.0.0.1, host=localhost:9010, content-type=application/json, accept-encoding=identity}, params, {NanoHttpd.QUERY_STRING=null}, files: {postData={"jsonrpc": "2.0", "method": "click", "id": "0569bd72a49e0db83ce57ce7882b9c3e", "params": [{"mask": 64, "childOrSibling": [], "childOrSiblingSelector": [], "description": "Updater"}]}}
09-01 07:32:23.678 I/ActivityTaskManager( 1460): START u0 {act=android.intent.action.MAIN cat=[android.intent.category.LAUNCHER] flg=0x10200000 pkg=com.facebook.wearable.system.updater cmp=com.facebook.wearable.system.updater/.ui.MainActivity} from uid 10029
09-01 07:32:23.682 D/audio_hw_primary(  562): start_output_stream: enter: stream(0x96f76000)usecase(1: low-latency-playback) devices(0x2) is_haptic_usecase(0)
09-01 07:32:23.682 D/audio_hw_primary(  562): select_devices for use case (low-latency-playback)
09-01 07:32:23.683 I/msm8974_platform(  562): platform_check_and_set_codec_backend_cfg:becf: afe: bitwidth 16, samplerate 48000 channels 2, backend_idx 0 usecase = 1 device (speaker)
09-01 07:32:23.683 I/msm8974_platform(  562): platform_check_and_set_codec_backend_cfg: new_snd_devices[0] is 2
09-01 07:32:23.683 I/msm8974_platform(  562): platform_check_codec_backend_cfg:becf: afe: bitwidth 16, samplerate 48000 channels 2, backend_idx 0 usecase = 1 device (speaker)
09-01 07:32:23.684 E/audio_hw_extn(  562): audio_extn_enable_hifi_filter: Could not get ctl for mixer cmd - HiFi Filter, using default control
09-01 07:32:23.684 D/msm8974_platform(  562): platform_check_codec_backend_cfg:becf: updated afe: bitwidth 16, samplerate 48000 channels 2,backend_idx 0 usecase = 1 device (speaker)
09-01 07:32:23.684 I/msm8974_platform(  562): platform_check_codec_backend_cfg:becf: afe: Codec selected backend: 0 updated bit width: 16 and sample rate: 48000
09-01 07:32:23.684 D/audio_hw_primary(  562): check_usecases_codec_backend:becf: force routing 0
09-01 07:32:23.684 D/audio_hw_primary(  562): check_usecases_codec_backend:becf: (85) check_usecases curr device: speaker, usecase device: backends match 0
09-01 07:32:23.684 D/audio_hw_primary(  562): check_usecases_codec_backend:becf: check_usecases num.of Usecases to switch 0
09-01 07:32:23.684 D/hardware_info(  562): hw_info_append_hw_type : device_name = speaker
09-01 07:32:23.684 D/audio_hw_primary(  562): enable_snd_device: snd_device(2: speaker)
09-01 07:32:23.684 D/msm8974_platform(  562): platform_get_island_cfg_on_device:island cfg status on snd_device = (speaker 0)
09-01 07:32:23.684 I/soundtrigger(  562): audio_extn_sound_trigger_update_device_status: device 0x2 of type 0 for Event 1, with Raise=0
09-01 07:32:23.684 D/audio_route(  562): Apply path: speaker
09-01 07:32:23.684 D/audio_hw_bluebox(  562): sending snd dev notification enabled=1 sdev=Speaker
09-01 07:32:23.686 D/commandrouter(  803): SocServiceHandle::onServiceMessage, SoC Service = audio_hal, appType = 1, type = SVC_REQ, clientId = 0, token = 585, payloadLen = 32, result = 0, payload.size() = 32
09-01 07:32:23.700 I/mcucapture(  961): 14410771 [info   ] {AUD }: SoundDevEnabled: Speaker
09-01 07:32:23.700 I/mcucapture(  961): 14410775 [info   ] {AUD }: setting audio power mode: STANDBY
09-01 07:32:23.713 E/ANDR-PERF-OPTSHANDLER(  586): Perflock resource /proc/sys/kernel/sched_group_downmigrate not supported
09-01 07:32:23.713 E/ANDR-PERF-RESOURCEQS(  586): Failed to apply optimization [3, 22]
09-01 07:32:23.713 E/ANDR-PERF-OPTSHANDLER(  586): Perflock resource /proc/sys/kernel/sched_group_upmigrate not supported
09-01 07:32:23.713 E/ANDR-PERF-RESOURCEQS(  586): Failed to apply optimization [3, 21]
09-01 07:32:23.713 E/ANDR-PERF-OPTSHANDLER(  586): Perflock resource /sys/module/lpm_levels/parameters/bias_hyst not supported
09-01 07:32:23.713 E/ANDR-PERF-RESOURCEQS(  586): Failed to apply optimization [1, 2]
09-01 07:32:23.713 E/ANDR-PERF-OPTSHANDLER(  586): Failed to read /proc/sys/kernel/sched_downmigrate
09-01 07:32:23.713 E/ANDR-PERF-RESOURCEQS(  586): Failed to apply optimization [3, 8]
09-01 07:32:23.713 E/ANDR-PERF-OPTSHANDLER(  586): Failed to read /proc/sys/kernel/sched_upmigrate
09-01 07:32:23.713 E/ANDR-PERF-RESOURCEQS(  586): Failed to apply optimization [3, 7]
09-01 07:32:23.729 D/CompatibilityChangeReporter( 1460): Compat change id reported: 135634846; UID 10006; state: DISABLED
09-01 07:32:23.730 D/CompatibilityChangeReporter( 1460): Compat change id reported: 143937733; UID 10006; state: DISABLED
09-01 07:32:23.773 D/commandrouter(  803): audio_hal (1, audio_hal:notification:push): <ServiceResponse> FORWARDED (remote -> local) CR token ID = 585, service client ID = 37, token ID = 2061, result = 0
09-01 07:32:23.773 D/soundtrigger(  562): audio_extn_sound_trigger_update_stream_status: uc_info->id 1 of type 0 for Event 3, with Raise=0
09-01 07:32:23.773 D/audio_hw_utils(  562): audio_extn_utils_send_app_type_cfg: usecase->out_snd_device speaker
09-01 07:32:23.774 I/mcucapture(  961): 14410826 [info   ] {AUD }: Enabling SmartAmpDSP
09-01 07:32:23.774 I/audio_hw_utils(  562): send_app_type_cfg_for_device PLAYBACK app_type 69937, acdb_dev_id 14, sample_rate 48000, snd_device_be_idx 40
09-01 07:32:23.777 I/mcucapture(  961): 14410844 [info   ] {AUD }: SmartAmpDSP: Refcount: 1
09-01 07:32:23.777 D/ACDB-LOADER(  562): ACDB -> send_audio_cal, acdb_id = 14, path = 0, app id = 0x11131, sample rate = 48000, use_case = 0,buffer_idx_w_path =0, afe_sample_rate = 48000, cal_mode = 1, offset_index = 0
09-01 07:32:23.777 D/ACDB-LOADER(  562): ACDB -> send_asm_topology
09-01 07:32:23.777 D/ACDB-LOADER(  562): ACDB -> ACDB_CMD_GET_AUDPROC_STREAM_TOPOLOGY_ID
09-01 07:32:23.777 D/ACDB-LOADER(  562): ACDB -> send_adm_topology
09-01 07:32:23.777 D/ACDB-LOADER(  562): ACDB -> ACDB_CMD_GET_AUDPROC_COMMON_TOPOLOGY_ID
09-01 07:32:23.777 D/ACDB-LOADER(  562): ACDB -> send_audtable
09-01 07:32:23.777 D/ACDB-LOADER(  562): ACDB -> ACDB_CMD_GET_AUDPROC_COMMON_TABLE_SIZE
09-01 07:32:23.777 D/ACDB-LOADER(  562): ACDB -> ACDB_CMD_GET_AUDPROC_COMMON_TABLE
09-01 07:32:23.778 D/ACDB-LOADER(  562): ACDB -> AUDIO_SET_AUDPROC_CAL cal_type[11] acdb_id[14] app_type[69937]
09-01 07:32:23.778 D/ACDB-LOADER(  562): ACDB -> send_audvoltable
09-01 07:32:23.778 D/ACDB-LOADER(  562): ACDB -> ACDB_CMD_GET_AUDPROC_GAIN_DEP_STEP_TABLE_SIZE
09-01 07:32:23.778 D/ACDB-LOADER(  562): ACDB -> ACDB_CMD_GET_AUDPROC_GAIN_DEP_STEP_TABLE, vol index 0
09-01 07:32:23.778 D/ACDB-LOADER(  562): ACDB -> AUDIO_SET_VOL_CAL cal type = 12
09-01 07:32:23.778 D/ACDB-LOADER(  562): ACDB -> ACDB_CMD_GET_AUDPROC_STREAM_TABLE_SIZE
09-01 07:32:23.777 D/Zygote  (  476): Forked child process 13939
09-01 07:32:23.778 D/ACDB-LOADER(  562): ACDB -> send_audstrmtable
09-01 07:32:23.778 D/ACDB-LOADER(  562): ACDB -> ACDB_CMD_GET_AUDPROC_STREAM_TABLE_V2
09-01 07:32:23.778 D/ACDB-LOADER(  562): ACDB -> audstrm_cal->cal_type.cal_data.cal_size = 16
09-01 07:32:23.778 D/ACDB-LOADER(  562): ACDB -> send_afe_topology
09-01 07:32:23.778 D/ACDB-LOADER(  562): ACDB -> ACDB_CMD_GET_AFE_TOPOLOGY_ID
09-01 07:32:23.778 D/ACDB-LOADER(  562): ACDB -> GET_AFE_TOPOLOGY_ID for adcd_id 14, Topology Id 1025e
09-01 07:32:23.778 D/ACDB-LOADER(  562): ACDB -> send_afe_cal
09-01 07:32:23.778 D/ACDB-LOADER(  562): ACDB -> ACDB_CMD_GET_AFE_COMMON_TABLE_SIZE
09-01 07:32:23.778 D/ACDB-LOADER(  562): ACDB -> ACDB_CMD_GET_AFE_COMMON_TABLE
09-01 07:32:23.778 D/ACDB-LOADER(  562): ACDB -> AUDIO_SET_AFE_CAL cal_type[16] acdb_id[14]
09-01 07:32:23.778 D/ACDB-LOADER(  562): ACDB -> send_hw_delay : acdb_id = 14 path = 0
09-01 07:32:23.778 D/ACDB-LOADER(  562): ACDB -> ACDB_AVSYNC_INFO: ACDB_CMD_GET_DEVICE_PROPERTY
09-01 07:32:23.778 D/audio_hw_bluebox(  562): audio_extn_bluebox_route_enabled() usecase=0
09-01 07:32:23.778 D/audio_hw_primary(  562): enable_audio_route: apply mixer and update path: low-latency-playback
09-01 07:32:23.778 D/audio_route(  562): Apply path: low-latency-playback
09-01 07:32:23.780 W/ActivityManager( 1460): Slow operation: 51ms so far, now at startProcess: returned from zygote!
09-01 07:32:23.785 W/ActivityManager( 1460): Slow operation: 56ms so far, now at startProcess: done updating battery stats
09-01 07:32:23.785 W/ActivityManager( 1460): Slow operation: 56ms so far, now at startProcess: building log message
09-01 07:32:23.785 I/ActivityManager( 1460): Start proc 13939:com.facebook.wearable.system.updater/u0a6 for pre-top-activity {com.facebook.wearable.system.updater/com.facebook.wearable.system.updater.ui.MainActivity}
09-01 07:32:23.785 W/ActivityManager( 1460): Slow operation: 56ms so far, now at startProcess: starting to update pids map
09-01 07:32:23.786 W/ActivityManager( 1460): Slow operation: 58ms so far, now at startProcess: done updating pids map
09-01 07:32:23.831 D/msm8974_platform(  562): platform_set_channel_map mixer_ctl_name:Playback Channel Map12
09-01 07:32:23.832 D/msm8974_platform(  562): platform_set_channel_map: set mapping(1 2 0 0 0 0 0 0) for channel:2
09-01 07:32:23.833 D/audio_hw_primary(  562): start_output_stream: exit
09-01 07:32:23.844 I/adbd    (  781): jdwp connection from 13939
09-01 07:32:23.863 I/chatty  ( 1460): uid=1000(system) Binder:1460_5 expire 6 lines
09-01 07:32:23.912 D/ApplicationLoaders(13939): Returning zygote-cached class loader: /system/framework/android.test.base.jar
09-01 07:32:23.912 W/ApplicationLoaders(13939): Unexpected environment for cached library: (null|[dalvik.system.PathClassLoader[DexPathList[[zip file "/system/framework/android.hidl.base-V1.0-java.jar"],nativeLibraryDirectories=[/system/lib, /system_ext/lib, /product/lib]]]])
09-01 07:32:23.921 I/.system.update(13939): The ClassLoaderContext is a special shared library.
09-01 07:32:23.928 D/ApplicationLoaders(13939): Returning zygote-cached class loader: /system/framework/android.hidl.base-V1.0-java.jar
09-01 07:32:23.945 I/.system.update(13939): The ClassLoaderContext is a special shared library.
09-01 07:32:23.998 W/APM::AudioPolicyEngine(  625): getDevicesForStrategy() unknown strategy: -1
09-01 07:32:24.050 I/Perf    (13939): Connecting to perf service.
09-01 07:32:24.051 E/SELinux (  376): avc:  denied  { find } for pid=13939 uid=10006 name=vendor.perfservice scontext=u:r:updater_app:s0:c512,c768 tcontext=u:object_r:vendor_perf_service:s0 tclass=service_manager permissive=0
09-01 07:32:24.051 E/Perf    (13939): Perf service is now down, set sPerfService as null.
09-01 07:32:24.051 E/Perf    (13939): Perf service is unavailable.
09-01 07:32:24.071 D/NetworkSecurityConfig(13939): Using Network Security Config from resource fb_network_security_config debugBuild: false
09-01 07:32:24.092 D/NetworkSecurityConfig(13939): Using Network Security Config from resource fb_network_security_config debugBuild: false
09-01 07:32:24.174 I/TetheringManager(13939): registerTetheringEventCallback:com.facebook.wearable.system.updater
09-01 07:32:24.330 I/chatty  ( 1460): uid=1000(system) Binder:1460_E expire 3 lines
09-01 07:32:25.092 I/AdrenoGLES-0(13939): QUALCOMM build                   : 20a5a0d, Ib3ee6ea34f
09-01 07:32:25.092 I/AdrenoGLES-0(13939): Build Date                       : 07/12/21
09-01 07:32:25.092 I/AdrenoGLES-0(13939): OpenGL ES Shader Compiler Version: EV031.32.02.10
09-01 07:32:25.092 I/AdrenoGLES-0(13939): Local Branch                     : mybranchebe2dcdf-3d97-f160-ba1b-5cb90179c3e0
09-01 07:32:25.092 I/AdrenoGLES-0(13939): Remote Branch                    : quic/LAW.BR.5.1.r1.5
09-01 07:32:25.092 I/AdrenoGLES-0(13939): Remote Branch                    : NONE
09-01 07:32:25.092 I/AdrenoGLES-0(13939): Reconstruct Branch               : NOTHING
09-01 07:32:25.092 I/AdrenoGLES-0(13939): Build Config                     : S L 10.0.7 AArch32
09-01 07:32:25.093 I/AdrenoGLES-0(13939): Driver Path                      : /vendor/lib/egl/libGLESv2_adreno.so
09-01 07:32:25.094 I/hwservicemanager(  377): getTransport: Cannot find entry android.hardware.graphics.mapper@4.0::IMapper/default in either framework or device manifest.
09-01 07:32:25.097 I/hwservicemanager(  377): getTransport: Cannot find entry android.hardware.graphics.mapper@3.0::IMapper/default in either framework or device manifest.
09-01 07:32:25.118 I/AdrenoGLES-0(13939): PFP: 0x005ff114, ME: 0x005ff066
09-01 07:32:25.122 W/AdrenoUtils(13939): <ReadGpuID_from_sysfs:197>: Failed to open /sys/class/kgsl/kgsl-3d0/gpu_model
09-01 07:32:25.122 W/AdrenoUtils(13939): <ReadGpuID:221>: Failed to read chip ID from gpu_model. Fallback to use the GSL path
09-01 07:32:25.110 W/RenderThread(13939): type=1400 audit(0.0:2000): avc: denied { search } for name="kgsl" dev="sysfs" ino=26258 scontext=u:r:updater_app:s0:c512,c768 tcontext=u:object_r:kgsl_type_sysfs:s0 tclass=dir permissive=0 app=com.facebook.wearable.system.updater
09-01 07:32:25.145 I/hwservicemanager(  377): getTransport: Cannot find entry android.hardware.graphics.mapper@4.0::IMapper/default in either framework or device manifest.
09-01 07:32:25.145 I/Gralloc4(13939): mapper 4.x is not supported
09-01 07:32:25.146 I/hwservicemanager(  377): getTransport: Cannot find entry android.hardware.graphics.mapper@3.0::IMapper/default in either framework or device manifest.
09-01 07:32:25.146 W/Gralloc3(13939): mapper 3.x is not supported
09-01 07:32:25.190 D/ConnectivityService( 1460): NetReassign [no changes]
09-01 07:32:25.246 D/CompatibilityChangeReporter( 1460): Compat change id reported: 136274596; UID 10006; state: DISABLED
09-01 07:32:25.464 D/AnalyticsLogger( 1460): sent events: 53
09-01 07:32:25.581 D/CompatibilityInfo( 1460): applicationDensity - 320
09-01 07:32:25.581 D/CompatibilityInfo( 1460): applicationScale - 1.0
09-01 07:32:25.668 E/QMI_FW  (  952): qmi_cci_get_ref: ref count increased 2
09-01 07:32:25.669 E/QMI_FW  ( 1038): qmi_cci_get_ref: ref count increased 2
09-01 07:32:25.669 E/QMI_FW  (  952): qmi_cci_get_ref: ref count increased 2
09-01 07:32:25.670 E/QMI_FW  ( 1038): qmi_cci_get_ref: ref count increased 2
09-01 07:32:25.824 E/QMI_FW  ( 1038): qmi_cci_get_ref: ref count increased 2
09-01 07:32:25.825 E/QMI_FW  (  952): qmi_cci_get_ref: ref count increased 2
09-01 07:32:25.825 E/QMI_FW  ( 1038): qmi_cci_get_ref: ref count increased 2
09-01 07:32:25.825 E/QMI_FW  ( 1038): qmi_cci_get_ref: ref count increased 2
09-01 07:32:25.825 E/QMI_FW  (  952): qmi_cci_get_ref: ref count increased 2
09-01 07:32:26.618 W/bluelink(  803): [System] updateSmoothedTime: too early or too late; st=14446.513, rt=14451.995
09-01 07:32:26.619 D/commandrouter(  803): rtc_sync (1, rtc:sync): <ServiceRequest> FORWARDED (remote -> local) service client ID = 0, token ID = 35065
09-01 07:32:26.619 D/vendor.facebook.rtc_sync@1.0-service( 1013): Request req_ts=1630481546625154712 resp_ts=1630481546619774604
09-01 07:32:26.620 D/commandrouter(  803): SocServiceHandle::onServiceMessage, SoC Service = rtc_sync, appType = 1, type = SVC_RESP, clientId = 0, token = 35065, payloadLen = 8, result = 0, payload.size() = 8
09-01 07:32:26.931 D/audio_hw_primary(  562): out_standby: enter: stream (0x96f76000) usecase(1: low-latency-playback)
09-01 07:32:26.970 D/audio_hw_primary(  562): disable_audio_route: reset and update mixer path: low-latency-playback
09-01 07:32:26.972 D/soundtrigger(  562): audio_extn_sound_trigger_update_stream_status: uc_info->id 1 of type 0 for Event 2, with Raise=0
09-01 07:32:26.972 D/audio_hw_bluebox(  562): audio_extn_bluebox_route_disabled() usecase=0
09-01 07:32:26.972 D/hardware_info(  562): hw_info_append_hw_type : device_name = speaker
09-01 07:32:26.972 D/audio_hw_primary(  562): disable_snd_device: snd_device(2: speaker)
09-01 07:32:26.972 I/soundtrigger(  562): audio_extn_sound_trigger_update_device_status: device 0x2 of type 0 for Event 0, with Raise=0
09-01 07:32:26.972 D/audio_hw_bluebox(  562): sending snd dev notification enabled=0 sdev=Speaker
09-01 07:32:26.972 D/commandrouter(  803): SocServiceHandle::onServiceMessage, SoC Service = audio_hal, appType = 1, type = SVC_REQ, clientId = 0, token = 586, payloadLen = 32, result = 0, payload.size() = 32
09-01 07:32:27.000 I/mcucapture(  961): 14414061 [info   ] {AUD }: SoundDevDisabled: Speaker
09-01 07:32:27.001 I/mcucapture(  961): 14414066 [info   ] {AUD }: setting audio power mode: STANDBY
09-01 07:32:27.001 I/mcucapture(  961): 14414072 [info   ] {AUD }: SmartAmpDSP: Refcount: 0
09-01 07:32:27.001 I/mcucapture(  961): 14414077 [info   ] {AUD }: Disabling SmartAmpDSP
09-01 07:32:27.047 D/commandrouter(  803): audio_hal (1, audio_hal:notification:push): <ServiceResponse> FORWARDED (remote -> local) CR token ID = 586, service client ID = 37, token ID = 2062, result = 0
09-01 07:32:27.049 I/system_server( 1460): oneway function results will be dropped but finished with status OK and parcel size 4
09-01 07:32:27.859 E/TaskPersister( 1460): File error accessing recents directory (directory doesn't exist?).
09-01 07:32:31.068 I/UsageStatsService( 1460): User[0] Flushing usage stats to disk
09-01 07:32:31.629 W/bluelink(  803): [System] updateSmoothedTime: too early or too late; st=14451.508, rt=14457.005
09-01 07:32:32.759 D/UIAutomatorStub(12613): URI: /jsonrpc/0, Method: POST, Header: {content-length=252, remote-addr=127.0.0.1, http-client-ip=127.0.0.1, host=localhost:9010, content-type=application/json, accept-encoding=identity}, params, {NanoHttpd.QUERY_STRING=null}, files: {postData={"jsonrpc": "2.0", "method": "waitForExists", "id": "668e0c4ce25f20f8710f141698a8aba5", "params": [{"mask": 2097152, "childOrSibling": [], "childOrSiblingSelector": [], "resourceId": "com.facebook.wearable.system.updater:id/text_build_version"}, 5000]}}
09-01 07:32:32.802 D/UIAutomatorStub(12613): URI: /jsonrpc/0, Method: POST, Header: {content-length=102, remote-addr=127.0.0.1, http-client-ip=127.0.0.1, host=localhost:9010, content-type=application/json, accept-encoding=identity}, params, {NanoHttpd.QUERY_STRING=null}, files: {postData={"jsonrpc": "2.0", "method": "pressKey", "id": "b0a3f4dd64b061f81d73d8e0ac66f7f9", "params": ["back"]}}
09-01 07:32:32.834 D/AutofillManagerService( 1460): onBackKeyPressed()
09-01 07:32:32.850 D/ActivityTrigger( 1460): ActivityTrigger activityPauseTrigger 
09-01 07:32:32.904 E/ANDR-PERF-JNI( 1460): UXEngine Trigger - Returning null
09-01 07:32:32.911 E/DayDateSystemComplicationProvider( 2824): Updating Day Date System Complication
09-01 07:32:32.925 W/JobInfo ( 2824): Requested flex +5s0ms for job 11 is too small; raising to +5m0s0ms
09-01 07:32:33.045 E/QMI_FW  ( 1038): qmi_cci_get_ref: ref count increased 2
09-01 07:32:33.049 E/QMI_FW  ( 1038): qmi_cci_get_ref: ref count increased 2
09-01 07:32:33.060 I/system.launche( 2824): Method exceeds compiler instruction limit: 18936 in java.lang.Object kotlin.coroutines.jvm.internal.BaseContinuationImpl.invokeSuspend(java.lang.Object)
09-01 07:32:33.070 D/CompatibilityInfo( 1460): mCompatibilityFlags - 4
09-01 07:32:33.076 D/CompatibilityInfo( 1460): applicationDensity - 320
09-01 07:32:33.076 D/CompatibilityInfo( 1460): applicationScale - 1.0
09-01 07:32:33.080 D/CompatibilityInfo( 1460): mCompatibilityFlags - 4
09-01 07:32:33.080 D/CompatibilityInfo( 1460): applicationDensity - 320
09-01 07:32:33.080 D/CompatibilityInfo( 1460): applicationScale - 1.0
09-01 07:32:33.292 D/CompatibilityInfo( 1460): mCompatibilityFlags - 4
09-01 07:32:33.292 D/CompatibilityInfo( 1460): applicationDensity - 320
09-01 07:32:33.292 D/CompatibilityInfo( 1460): applicationScale - 1.0
09-01 07:32:33.316 D/CompatibilityInfo( 1460): mCompatibilityFlags - 4
09-01 07:32:33.316 D/CompatibilityInfo( 1460): applicationDensity - 320
09-01 07:32:33.316 D/CompatibilityInfo( 1460): applicationScale - 1.0
09-01 07:32:34.832 W/RuleEvaluation( 1460): Integrity rule files are not available.
09-01 07:32:34.833 I/PackageManager( 1460): Integrity check passed for file:///data/app/vmdl388764019.tmp
09-01 07:32:34.852 I/ActivityManager( 1460): Force stopping com.github.uiautomator appid=10113 user=-1: installPackageLI
09-01 07:32:34.855 I/ActivityManager( 1460): Killing 12613:com.github.uiautomator/u0a113 (adj 0): stop com.github.uiautomator due to installPackageLI
09-01 07:32:34.855 I/PackageManager( 1460): Update package com.github.uiautomator code path from /data/app/~~OraLasRobg__RQpbr29GPg==/com.github.uiautomator-_H-Xn_dzX-LWMMFS48yhYg== to /data/app/~~7TopL3aQbOg6jAIovhGEKA==/com.github.uiautomator-7QNmUwBbIyyeKcBQj7a4qg==; Retain data and using new
09-01 07:32:34.855 I/PackageManager( 1460): Update package com.github.uiautomator resource path from /data/app/~~OraLasRobg__RQpbr29GPg==/com.github.uiautomator-_H-Xn_dzX-LWMMFS48yhYg== to /data/app/~~7TopL3aQbOg6jAIovhGEKA==/com.github.uiautomator-7QNmUwBbIyyeKcBQj7a4qg==; Retain data and using new
09-01 07:32:34.868 W/ActivityManager( 1460): Crash of app com.github.uiautomator running instrumentation ComponentInfo{com.github.uiautomator.test/android.support.test.runner.AndroidJUnitRunner}
09-01 07:32:34.892 D/CompatibilityChangeReporter( 1460): Compat change id reported: 135549675; UID 10113; state: DISABLED
09-01 07:32:34.898 D/AndroidRuntime(12598): Shutting down VM
09-01 07:32:34.967 I/Zygote  (  476): Process 12613 exited due to signal 9 (Killed)
09-01 07:32:34.984 I/libprocessgroup( 1460): Successfully killed process cgroup uid 10113 pid 12613 in 122ms
09-01 07:32:35.130 D/PackageManager( 1460): Instant App installer not found with android.intent.action.INSTALL_INSTANT_APP_PACKAGE
09-01 07:32:35.130 D/PackageManager( 1460): Clear ephemeral installer activity
09-01 07:32:35.135 W/system_server( 1460): Long monitor contention with owner PackageManager (1635) at void com.android.server.pm.PackageManagerService.checkPackageFrozen(java.lang.String)(PackageManagerService.java:23256) waiters=0 in int com.android.server.pm.PackageManagerService$PackageManagerInternalImpl.getUidTargetSdkVersion(int) for 279ms
09-01 07:32:35.138 I/ActivityManager( 1460): Force stopping com.github.uiautomator appid=10113 user=0: finished inst
09-01 07:32:35.148 W/EventCoordinator( 2771): releaseMemory
09-01 07:32:35.219 W/WindowManager( 1460): removeWindowToken: Attempted to remove non-existing token: android.os.Binder@8516b62
09-01 07:32:35.235 W/system_server( 1460): Long monitor contention with owner ActivityManager (1550) at void com.android.server.am.ActivityManagerService$MainHandler.handleMessage(android.os.Message)(ActivityManagerService.java:1852) waiters=0 in void com.android.server.am.ActivityManagerService.dispatchUidsChanged() for 368ms
09-01 07:32:35.246 W/Looper  ( 1460): Slow dispatch took 394ms android.ui h=com.android.server.am.ActivityManagerService$UiHandler c=null m=53
09-01 07:32:35.247 W/Looper  ( 1460): Slow delivery took 381ms android.ui h=com.android.server.am.ActivityManagerService$UiHandler c=null m=32
09-01 07:32:35.248 W/Looper  ( 1460): Drained
09-01 07:32:35.278 W/WindowManager( 1460): Cannot find window which accessibility connection is added to
09-01 07:32:35.339 E/installd(  889): Couldn't opendir /data/app/vmdl388764019.tmp: No such file or directory
09-01 07:32:35.339 E/installd(  889): Failed to delete /data/app/vmdl388764019.tmp: No such file or directory
09-01 07:32:35.343 I/ActivityManager( 1460): Force stopping com.github.uiautomator appid=10113 user=0: pkg removed
09-01 07:32:35.361 I/MediaProvider( 2717): Invalidating LocalCallingIdentity cache for package com.github.uiautomator. Reason: package android.intent.action.PACKAGE_REMOVED
09-01 07:32:35.363 W/BroadcastQueue( 1460): Background execution not allowed: receiving Intent { act=android.intent.action.PACKAGE_REMOVED dat=package:com.github.uiautomator flg=0x4000010 (has extras) } to com.android.gallery3d/.app.PackagesMonitor
09-01 07:32:35.370 D/Avrcp_ext( 1994): AvrcpServiceBroadcastReceiver-> Action: android.intent.action.PACKAGE_REMOVED
09-01 07:32:35.373 D/CompatibilityInfo( 1460): mCompatibilityFlags - 14
09-01 07:32:35.373 D/CompatibilityInfo( 1460): applicationDensity - 320
09-01 07:32:35.373 D/CompatibilityInfo( 1460): applicationScale - 1.0
09-01 07:32:35.387 I/MediaProvider( 2717): Invalidating LocalCallingIdentity cache for package com.github.uiautomator. Reason: package android.intent.action.PACKAGE_ADDED
09-01 07:32:35.390 W/BroadcastQueue( 1460): Background execution not allowed: receiving Intent { act=android.intent.action.PACKAGE_ADDED dat=package:com.github.uiautomator flg=0x4000010 (has extras) } to com.android.packageinstaller/.PackageInstalledReceiver
09-01 07:32:35.390 W/BroadcastQueue( 1460): Background execution not allowed: receiving Intent { act=android.intent.action.PACKAGE_ADDED dat=package:com.github.uiautomator flg=0x4000010 (has extras) } to com.android.gallery3d/.app.PackagesMonitor
09-01 07:32:35.390 D/Avrcp_ext( 1994): AvrcpServiceBroadcastReceiver-> Action: android.intent.action.PACKAGE_ADDED
09-01 07:32:35.390 D/Avrcp_ext( 1994): AvrcpServiceBroadcastReceiver-> packageName: com.github.uiautomator
09-01 07:32:35.390 D/Avrcp_ext( 1994): packageName: com.github.uiautomator removed: false
09-01 07:32:35.390 W/BroadcastQueue( 1460): Background execution not allowed: receiving Intent { act=android.intent.action.PACKAGE_ADDED dat=package:com.github.uiautomator flg=0x4000010 (has extras) } to com.facebook.wearable.system.appmanager/com.facebook.aloha.app.appmanager.common.packages.event.manifest.ManifestPackageEventReceiver
09-01 07:32:35.393 D/Avrcp_ext( 1994): isBrowsableListUpdated: browsable list size mismatch, true
09-01 07:32:35.393 D/Avrcp_ext( 1994): buildBrowsablePlayerList 
09-01 07:32:35.397 V/Avrcp_ext( 1994): getMediaPlayerInfo: Found com.android.music
09-01 07:32:35.397 V/Avrcp_ext( 1994): isBrowseSupported for com.android.music: false
09-01 07:32:35.398 D/CompatibilityInfo( 1460): mCompatibilityFlags - 4
09-01 07:32:35.398 D/CompatibilityInfo( 1460): applicationDensity - 320
09-01 07:32:35.398 D/CompatibilityInfo( 1460): applicationScale - 1.0
09-01 07:32:35.401 D/Avrcp_ext( 1994): Adding media player info for com.android.music with id 1
09-01 07:32:35.402 D/Avrcp_ext( 1994): update #1:MediaPlayerInfo com.android.music (as 'Android Open Source Music Player') Type = 1, SubType = 0, Status = 0 Feature Bits [40 41 42 44 45 47 48 58] Controller: null
09-01 07:32:35.402 D/Avrcp_ext( 1994): Added MediaPlayerController/MediaPlayerPackage
09-01 07:32:35.402 V/Avrcp_ext( 1994): getMediaPlayerInfo: Found com.facebook.wearable.apps.eq
09-01 07:32:35.402 V/Avrcp_ext( 1994): isBrowseSupported for com.facebook.wearable.apps.eq: false
09-01 07:32:35.403 D/Avrcp_ext( 1994): Adding media player info for com.facebook.wearable.apps.eq with id 2
09-01 07:32:35.403 D/Avrcp_ext( 1994): update #2:MediaPlayerInfo com.facebook.wearable.apps.eq (as 'EQ') Type = 1, SubType = 0, Status = 0 Feature Bits [40 41 42 44 45 47 48 58] Controller: null
09-01 07:32:35.403 D/Avrcp_ext( 1994): Added MediaPlayerController/MediaPlayerPackage
09-01 07:32:35.403 V/Avrcp_ext( 1994): getMediaPlayerInfo: Found com.facebook.wearable.apps.mediacontroller
09-01 07:32:35.403 V/Avrcp_ext( 1994): isBrowseSupported for com.facebook.wearable.apps.mediacontroller: false
09-01 07:32:35.404 D/Avrcp_ext( 1994): Adding media player info for com.facebook.wearable.apps.mediacontroller with id 3
09-01 07:32:35.404 D/Avrcp_ext( 1994): update #3:MediaPlayerInfo com.facebook.wearable.apps.mediacontroller (as 'mediacontroller') Type = 1, SubType = 0, Status = 0 Feature Bits [40 41 42 44 45 47 48 58] Controller: null
09-01 07:32:35.404 D/Avrcp_ext( 1994): Added MediaPlayerController/MediaPlayerPackage
09-01 07:32:35.404 V/Avrcp_ext( 1994): getMediaPlayerInfo: Found com.facebook.wearable.apps.player
09-01 07:32:35.404 V/Avrcp_ext( 1994): isBrowseSupported for com.facebook.wearable.apps.player: false
09-01 07:32:35.405 D/Avrcp_ext( 1994): Adding media player info for com.facebook.wearable.apps.player with id 4
09-01 07:32:35.406 D/Avrcp_ext( 1994): update #4:MediaPlayerInfo com.facebook.wearable.apps.player (as 'Spotify') Type = 1, SubType = 0, Status = 0 Feature Bits [40 41 42 44 45 47 48 58] Controller: null
09-01 07:32:35.406 D/Avrcp_ext( 1994): Added MediaPlayerController/MediaPlayerPackage
09-01 07:32:35.406 V/Avrcp_ext( 1994): getMediaPlayerInfo: Found com.facebook.wearable.apps.workout
09-01 07:32:35.406 V/Avrcp_ext( 1994): isBrowseSupported for com.facebook.wearable.apps.workout: false
09-01 07:32:35.409 E/SmsApplication( 2246): com.facebook.wearable.apps.messages does not have system signature
09-01 07:32:35.410 D/Avrcp_ext( 1994): Adding media player info for com.facebook.wearable.apps.workout with id 5
09-01 07:32:35.410 D/Avrcp_ext( 1994): update #5:MediaPlayerInfo com.facebook.wearable.apps.workout (as 'Workout') Type = 1, SubType = 0, Status = 0 Feature Bits [40 41 42 44 45 47 48 58] Controller: null
09-01 07:32:35.410 D/Avrcp_ext( 1994): Added MediaPlayerController/MediaPlayerPackage
09-01 07:32:35.410 V/Avrcp_ext( 1994): getMediaPlayerInfo: Found com.facebook.wearable.system.launcher
09-01 07:32:35.410 V/Avrcp_ext( 1994): isBrowseSupported for com.facebook.wearable.system.launcher: false
09-01 07:32:35.416 D/Avrcp_ext( 1994): Adding media player info for com.facebook.wearable.system.launcher with id 6
09-01 07:32:35.416 D/Avrcp_ext( 1994): update #6:MediaPlayerInfo com.facebook.wearable.system.launcher (as 'Launcher') Type = 1, SubType = 0, Status = 0 Feature Bits [40 41 42 44 45 47 48 58] Controller: null
09-01 07:32:35.416 D/Avrcp_ext( 1994): Added MediaPlayerController/MediaPlayerPackage
09-01 07:32:35.421 D/AF::TrackHandle(  625): OpPlayAudio: track:88 usage:3 not muted
09-01 07:32:35.427 V/Avrcp_ext( 1994): updateCurrentMediaState: mMediaController: null
09-01 07:32:35.430 W/BroadcastQueue( 1460): Background execution not allowed: receiving Intent { act=android.intent.action.PACKAGE_REPLACED dat=package:com.github.uiautomator flg=0x4000010 (has extras) } to com.facebook.wearable.system.appmanager/com.facebook.aloha.app.appmanager.common.packages.event.manifest.ManifestPackageEventReceiver
09-01 07:32:35.436 D/AF::TrackHandle(  625): OpPlayAudio: track:88 usage:3 not muted
09-01 07:32:35.437 I/chatty  (  625): uid=1041(audioserver) Binder:625_8 identical 1 line
09-01 07:32:35.437 D/AF::TrackHandle(  625): OpPlayAudio: track:88 usage:3 not muted
09-01 07:32:35.440 V/Avrcp_ext( 1994): isMusicActive: false getBluetoothPlayState: 2
09-01 07:32:35.440 V/Avrcp_ext( 1994): updateCurrentMediaState: isPlaying = false
09-01 07:32:35.440 V/Avrcp_ext( 1994): Media update: id -1➡-1? [MediaAttributes: none] : [MediaAttributes: none]
09-01 07:32:35.440 D/Avrcp_ext( 1994): isPackageNameValid: browsedPackage = isValid = false
09-01 07:32:35.441 V/Avrcp_ext( 1994): newPlayStatus:2mReportedPlayStatus:-1
09-01 07:32:35.441 V/Avrcp_ext( 1994): updatePlaybackState, state: PlaybackState {state=2, position=-1, buffered position=0, speed=0.0, updated=14449437, actions=0, custom actions=[], active item id=-1, error=null} device: null
09-01 07:32:35.441 V/Avrcp_ext( 1994): Device: no name: 
09-01 07:32:35.441 I/chatty  ( 1994): uid=1002(bluetooth) com.android.bluetooth identical 3 lines
09-01 07:32:35.441 V/Avrcp_ext( 1994): Device: no name: 
09-01 07:32:35.441 V/Avrcp_ext( 1994): updatePlayerStateAndPosition, old=PlaybackState {state=2, position=-1, buffered position=0, speed=0.0, updated=14125374, actions=0, custom actions=[], active item id=-1, error=null}, state=PlaybackState {state=2, position=-1, buffered position=0, speed=0.0, updated=14449437, actions=0, custom actions=[], active item id=-1, error=null}
09-01 07:32:35.441 V/Avrcp_ext( 1994): old state = PlaybackState {state=2, position=-1, buffered position=0, speed=0.0, updated=14125374, actions=0, custom actions=[], active item id=-1, error=null}, new state= PlaybackState {state=2, position=-1, buffered position=0, speed=0.0, updated=14449437, actions=0, custom actions=[], active item id=-1, error=null}
09-01 07:32:35.441 D/HeadsetService( 1994): getHeadsetService(): returning com.android.bluetooth.hfp.HeadsetService@476ddce
09-01 07:32:35.442 D/HeadsetService( 1994):  isAudioOn: The number of audio connected devices 0
09-01 07:32:35.442 D/HeadsetService( 1994): isScoOrCallActive(): Call Active:falseCall is Ringing:falseSCO is Active:false
09-01 07:32:35.442 D/HeadsetService( 1994):  isAudioOn: The number of audio connected devices 0
09-01 07:32:35.442 I/Avrcp_ext( 1994): updatePlayStatusForDevice: device: null
09-01 07:32:35.442 D/AF::TrackHandle(  625): OpPlayAudio: track:88 usage:3 not muted
09-01 07:32:35.442 V/Avrcp_ext( 1994): updatePlaybackState (1): old=PlaybackState {state=2, position=-1, buffered position=0, speed=0.0, updated=14125374, actions=0, custom actions=[], active item id=-1, error=null}(2), new=PlaybackState {state=2, position=-1, buffered position=0, speed=0.0, updated=14449437, actions=0, custom actions=[], active item id=-1, error=null}(2)
09-01 07:32:35.442 I/Avrcp_ext( 1994): Exit updatePlayStatusForDevice
09-01 07:32:35.443 D/HeadsetService( 1994):  isAudioOn: The number of audio connected devices 0
09-01 07:32:35.443 D/HeadsetService( 1994): isScoOrCallActive(): Call Active:falseCall is Ringing:falseSCO is Active:false
09-01 07:32:35.443 D/HeadsetService( 1994):  isAudioOn: The number of audio connected devices 0
09-01 07:32:35.443 I/Avrcp_ext( 1994): updatePlayStatusForDevice: device: null
09-01 07:32:35.443 V/Avrcp_ext( 1994): updatePlaybackState (1): old=PlaybackState {state=2, position=-1, buffered position=0, speed=0.0, updated=14125374, actions=0, custom actions=[], active item id=-1, error=null}(2), new=PlaybackState {state=2, position=-1, buffered position=0, speed=0.0, updated=14449437, actions=0, custom actions=[], active item id=-1, error=null}(2)
09-01 07:32:35.443 I/Avrcp_ext( 1994): Exit updatePlayStatusForDevice
09-01 07:32:35.445 D/HeadsetService( 1994):  isAudioOn: The number of audio connected devices 0
09-01 07:32:35.445 D/HeadsetService( 1994): isScoOrCallActive(): Call Active:falseCall is Ringing:falseSCO is Active:false
09-01 07:32:35.446 D/HeadsetService( 1994):  isAudioOn: The number of audio connected devices 0
09-01 07:32:35.446 I/Avrcp_ext( 1994): updatePlayStatusForDevice: device: null
09-01 07:32:35.447 V/Avrcp_ext( 1994): updatePlaybackState (1): old=PlaybackState {state=2, position=-1, buffered position=0, speed=0.0, updated=14125374, actions=0, custom actions=[], active item id=-1, error=null}(2), new=PlaybackState {state=2, position=-1, buffered position=0, speed=0.0, updated=14449437, actions=0, custom actions=[], active item id=-1, error=null}(2)
09-01 07:32:35.447 I/Avrcp_ext( 1994): Exit updatePlayStatusForDevice
09-01 07:32:35.450 D/HeadsetService( 1994):  isAudioOn: The number of audio connected devices 0
09-01 07:32:35.450 D/HeadsetService( 1994): isScoOrCallActive(): Call Active:falseCall is Ringing:falseSCO is Active:false
09-01 07:32:35.450 D/HeadsetService( 1994):  isAudioOn: The number of audio connected devices 0
09-01 07:32:35.450 I/Avrcp_ext( 1994): updatePlayStatusForDevice: device: null
09-01 07:32:35.451 V/Avrcp_ext( 1994): updatePlaybackState (1): old=PlaybackState {state=2, position=-1, buffered position=0, speed=0.0, updated=14125374, actions=0, custom actions=[], active item id=-1, error=null}(2), new=PlaybackState {state=2, position=-1, buffered position=0, speed=0.0, updated=14449437, actions=0, custom actions=[], active item id=-1, error=null}(2)
09-01 07:32:35.451 I/Avrcp_ext( 1994): Exit updatePlayStatusForDevice
09-01 07:32:35.452 D/HeadsetService( 1994):  isAudioOn: The number of audio connected devices 0
09-01 07:32:35.452 D/HeadsetService( 1994): isScoOrCallActive(): Call Active:falseCall is Ringing:falseSCO is Active:false
09-01 07:32:35.452 I/InputReader( 1460): Reconfiguring input devices, changes=KEYBOARD_LAYOUTS | 
09-01 07:32:35.453 D/HeadsetService( 1994):  isAudioOn: The number of audio connected devices 0
09-01 07:32:35.453 I/Avrcp_ext( 1994): updatePlayStatusForDevice: device: null
09-01 07:32:35.453 D/RegisteredNfcFServicesCache( 2632): Service unchanged, not updating
09-01 07:32:35.453 V/Avrcp_ext( 1994): updatePlaybackState (1): old=PlaybackState {state=2, position=-1, buffered position=0, speed=0.0, updated=14125374, actions=0, custom actions=[], active item id=-1, error=null}(2), new=PlaybackState {state=2, position=-1, buffered position=0, speed=0.0, updated=14449437, actions=0, custom actions=[], active item id=-1, error=null}(2)
09-01 07:32:35.453 I/Avrcp_ext( 1994): Exit updatePlayStatusForDevice
09-01 07:32:35.453 D/Avrcp_ext( 1994): Enter sendPlayPosNotificationRsp
09-01 07:32:35.453 D/Avrcp_ext( 1994): sendPlayPosNotificationRsp: Not registered or requesting.
09-01 07:32:35.453 D/Avrcp_ext( 1994): Enter sendPlayPosNotificationRsp
09-01 07:32:35.453 D/Avrcp_ext( 1994): sendPlayPosNotificationRsp: Not registered or requesting.
09-01 07:32:35.453 D/Avrcp_ext( 1994): Enter sendPlayPosNotificationRsp
09-01 07:32:35.453 D/Avrcp_ext( 1994): sendPlayPosNotificationRsp: Not registered or requesting.
09-01 07:32:35.453 D/Avrcp_ext( 1994): Enter sendPlayPosNotificationRsp
09-01 07:32:35.453 D/Avrcp_ext( 1994): sendPlayPosNotificationRsp: Not registered or requesting.
09-01 07:32:35.453 D/Avrcp_ext( 1994): Enter sendPlayPosNotificationRsp
09-01 07:32:35.453 D/Avrcp_ext( 1994): sendPlayPosNotificationRsp: Not registered or requesting.
09-01 07:32:35.453 V/Avrcp_ext( 1994): Exit updatePlayerStateAndPosition
09-01 07:32:35.453 D/Avrcp_ext( 1994): Exit handlePackageModified
09-01 07:32:35.456 I/InputReader( 1460): Reconfiguring input devices, changes=KEYBOARD_LAYOUTS | 
09-01 07:32:35.461 I/InputReader( 1460): Reconfiguring input devices, changes=KEYBOARD_LAYOUTS | 
09-01 07:32:35.482 E/SmsApplication( 2246): com.facebook.wearable.apps.messages does not have system signature
09-01 07:32:35.494 D/AF::TrackHandle(  625): OpPlayAudio: track:88 usage:3 not muted
09-01 07:32:35.507 I/Telecom ( 1460): DefaultDialerCache: Refreshing default dialer for user 0: now com.facebook.wearable.apps.phone: DDC.oR@EwA
09-01 07:32:35.522 V/BackupManagerConstants( 1460): getFullBackupIntervalMilliseconds(...) returns 86400000
09-01 07:32:35.523 V/BackupManagerConstants( 1460): getFullBackupRequiredNetworkType(...) returns 2
09-01 07:32:35.523 V/BackupManagerConstants( 1460): getFullBackupRequireCharging(...) returns true
09-01 07:32:35.505 I/chatty  (  625): uid=1041(audioserver) Binder:625_8 identical 3 lines
09-01 07:32:35.507 D/AF::TrackHandle(  625): OpPlayAudio: track:88 usage:3 not muted
09-01 07:32:35.545 E/SmsApplication( 2246): com.facebook.wearable.apps.messages does not have system signature
09-01 07:32:35.554 D/AF::TrackHandle(  625): OpPlayAudio: track:88 usage:3 not muted
09-01 07:32:35.562 I/chatty  (  625): uid=1041(audioserver) Binder:625_8 identical 3 lines
09-01 07:32:35.562 D/AF::TrackHandle(  625): OpPlayAudio: track:88 usage:3 not muted
09-01 07:32:35.586 D/CarrierSvcBindHelper( 2246): No carrier app for: 0
09-01 07:32:35.589 W/TextServicesManagerService( 1460): no available spell checker services found
09-01 07:32:35.596 D/CarrierSvcBindHelper( 2246): No carrier app for: 0
09-01 07:32:35.626 D/CompatibilityInfo( 1460): mCompatibilityFlags - 4
09-01 07:32:35.626 D/CompatibilityInfo( 1460): applicationDensity - 320
09-01 07:32:35.626 D/CompatibilityInfo( 1460): applicationScale - 1.0
09-01 07:32:35.633 D/ImsResolver( 2246): maybeAddedImsService, packageName: com.github.uiautomator
09-01 07:32:35.640 D/CarrierConfigLoader( 2246): mHandler: 12 phoneId: 0
09-01 07:32:35.647 W/Searchables( 1460): No global search activity found
09-01 07:32:35.664 W/VoiceInteractionManager( 1460): no available voice recognition services found for user 0
09-01 07:32:35.649 W/Searchables( 1460): No global search activity found
09-01 07:32:35.678 I/PermissionControllerServiceImpl(10768): Updating user sensitive for uid 10113
09-01 07:32:36.409 E/TaskPersister( 1460): File error accessing recents directory (directory doesn't exist?).
09-01 07:32:36.418 E/QMI_FW  ( 1038): qmi_cci_get_ref: ref count increased 2
09-01 07:32:36.420 E/QMI_FW  ( 1038): qmi_cci_get_ref: ref count increased 2
09-01 07:32:36.445 E/QMI_FW  ( 1038): qmi_cci_get_ref: ref count increased 2
09-01 07:32:36.446 E/QMI_FW  ( 1038): qmi_cci_get_ref: ref count increased 2
09-01 07:32:36.542 W/RuleEvaluation( 1460): Integrity rule files are not available.
09-01 07:32:36.543 I/PackageManager( 1460): Integrity check passed for file:///data/app/vmdl1522101792.tmp
09-01 07:32:36.549 E/QMI_FW  ( 1038): qmi_cci_get_ref: ref count increased 2
09-01 07:32:36.549 E/QMI_FW  ( 1038): qmi_cci_get_ref: ref count increased 2
09-01 07:32:36.550 E/QMI_FW  ( 1038): qmi_cci_get_ref: ref count increased 2
09-01 07:32:36.555 I/ActivityManager( 1460): Force stopping com.github.uiautomator.test appid=10114 user=-1: installPackageLI
09-01 07:32:36.557 I/PackageManager( 1460): Update package com.github.uiautomator.test code path from /data/app/~~XxgQnPE9CNJ-xn8Rw9h2eg==/com.github.uiautomator.test-Wl6FRDZYZNY6uz7wmjlPkw== to /data/app/~~YeIpRSvVnIX14VA1srWvqg==/com.github.uiautomator.test-GGPcDFxFb7dOi0EfgHQ6AQ==; Retain data and using new
09-01 07:32:36.557 I/PackageManager( 1460): Update package com.github.uiautomator.test resource path from /data/app/~~XxgQnPE9CNJ-xn8Rw9h2eg==/com.github.uiautomator.test-Wl6FRDZYZNY6uz7wmjlPkw== to /data/app/~~YeIpRSvVnIX14VA1srWvqg==/com.github.uiautomator.test-GGPcDFxFb7dOi0EfgHQ6AQ==; Retain data and using new
09-01 07:32:36.643 W/bluelink(  803): [System] updateSmoothedTime: too early or too late; st=14456.505, rt=14462.019
09-01 07:32:36.644 D/commandrouter(  803): rtc_sync (1, rtc:sync): <ServiceRequest> FORWARDED (remote -> local) service client ID = 0, token ID = 35066
09-01 07:32:36.644 D/vendor.facebook.rtc_sync@1.0-service( 1013): Request req_ts=1630481556617774604 resp_ts=1630481556644620694
09-01 07:32:36.644 D/commandrouter(  803): SocServiceHandle::onServiceMessage, SoC Service = rtc_sync, appType = 1, type = SVC_RESP, clientId = 0, token = 35066, payloadLen = 8, result = 0, payload.size() = 8
09-01 07:32:36.708 D/PackageManager( 1460): Instant App installer not found with android.intent.action.INSTALL_INSTANT_APP_PACKAGE
09-01 07:32:36.708 D/PackageManager( 1460): Clear ephemeral installer activity
09-01 07:32:36.712 W/system_server( 1460): Long monitor contention with owner PackageManager (1635) at void com.android.server.pm.ComponentResolver.assertProvidersNotDefined(com.android.server.pm.parsing.pkg.AndroidPackage)(ComponentResolver.java:466) waiters=0 in java.lang.String com.android.server.pm.PackageManagerService.getInstantAppPackageName(int) for 153ms
09-01 07:32:36.780 E/installd(  889): Couldn't opendir /data/app/vmdl1522101792.tmp: No such file or directory
09-01 07:32:36.780 E/installd(  889): Failed to delete /data/app/vmdl1522101792.tmp: No such file or directory
09-01 07:32:36.782 I/ActivityManager( 1460): Force stopping com.github.uiautomator.test appid=10114 user=0: pkg removed
09-01 07:32:36.783 I/cmd     (14008): oneway function results will be dropped but finished with status OK and parcel size 4
09-01 07:32:36.799 I/MediaProvider( 2717): Invalidating LocalCallingIdentity cache for package com.github.uiautomator.test. Reason: package android.intent.action.PACKAGE_REMOVED
09-01 07:32:36.802 D/Avrcp_ext( 1994): AvrcpServiceBroadcastReceiver-> Action: android.intent.action.PACKAGE_REMOVED
09-01 07:32:36.802 W/BroadcastQueue( 1460): Background execution not allowed: receiving Intent { act=android.intent.action.PACKAGE_REMOVED dat=package:com.github.uiautomator.test flg=0x4000010 (has extras) } to com.android.gallery3d/.app.PackagesMonitor
09-01 07:32:36.808 D/CompatibilityInfo( 1460): mCompatibilityFlags - 14
09-01 07:32:36.808 D/CompatibilityInfo( 1460): applicationDensity - 320
