--------- beginning of system
09-01 07:27:09.478 W/RuleEvaluation( 1460): Integrity rule files are not available.
09-01 07:27:09.479 I/PackageManager( 1460): Integrity check passed for file:///data/app/vmdl1124111663.tmp
09-01 07:27:09.494 I/ActivityManager( 1460): Force stopping com.github.uiautomator appid=10113 user=-1: installPackageLI
09-01 07:27:09.496 I/PackageManager( 1460): Update package com.github.uiautomator code path from /data/app/~~n_rme3S7kEB-0cKzkgy_Ew==/com.github.uiautomator-AUCONiE2yvGUYnEbBcGnOA== to /data/app/~~OraLasRobg__RQpbr29GPg==/com.github.uiautomator-_H-Xn_dzX-LWMMFS48yhYg==; Retain data and using new
09-01 07:27:09.496 I/PackageManager( 1460): Update package com.github.uiautomator resource path from /data/app/~~n_rme3S7kEB-0cKzkgy_Ew==/com.github.uiautomator-AUCONiE2yvGUYnEbBcGnOA== to /data/app/~~OraLasRobg__RQpbr29GPg==/com.github.uiautomator-_H-Xn_dzX-LWMMFS48yhYg==; Retain data and using new
09-01 07:27:09.684 D/PackageManager( 1460): Instant App installer not found with android.intent.action.INSTALL_INSTANT_APP_PACKAGE
09-01 07:27:09.684 D/PackageManager( 1460): Clear ephemeral installer activity
09-01 07:27:09.712 I/ActivityManager( 1460): Force stopping com.github.uiautomator appid=10113 user=0: pkg removed
09-01 07:27:09.734 W/BroadcastQueue( 1460): Background execution not allowed: receiving Intent { act=android.intent.action.PACKAGE_REMOVED dat=package:com.github.uiautomator flg=0x4000010 (has extras) } to com.android.gallery3d/.app.PackagesMonitor
09-01 07:27:09.771 I/Telecom ( 1460): DefaultDialerCache: Refreshing default dialer for user 0: now com.facebook.wearable.apps.phone: DDC.oR@EtM
09-01 07:27:09.786 W/BroadcastQueue( 1460): Background execution not allowed: receiving Intent { act=android.intent.action.PACKAGE_ADDED dat=package:com.github.uiautomator flg=0x4000010 (has extras) } to com.android.packageinstaller/.PackageInstalledReceiver
09-01 07:27:09.786 W/BroadcastQueue( 1460): Background execution not allowed: receiving Intent { act=android.intent.action.PACKAGE_ADDED dat=package:com.github.uiautomator flg=0x4000010 (has extras) } to com.android.gallery3d/.app.PackagesMonitor
09-01 07:27:09.786 W/BroadcastQueue( 1460): Background execution not allowed: receiving Intent { act=android.intent.action.PACKAGE_ADDED dat=package:com.github.uiautomator flg=0x4000010 (has extras) } to com.facebook.wearable.system.appmanager/com.facebook.aloha.app.appmanager.common.packages.event.manifest.ManifestPackageEventReceiver
09-01 07:27:09.791 V/BackupManagerConstants( 1460): getFullBackupIntervalMilliseconds(...) returns 86400000
09-01 07:27:09.791 V/BackupManagerConstants( 1460): getFullBackupRequiredNetworkType(...) returns 2
09-01 07:27:09.791 V/BackupManagerConstants( 1460): getFullBackupRequireCharging(...) returns true
09-01 07:27:09.816 W/BroadcastQueue( 1460): Background execution not allowed: receiving Intent { act=android.intent.action.PACKAGE_REPLACED dat=package:com.github.uiautomator flg=0x4000010 (has extras) } to com.facebook.wearable.system.appmanager/com.facebook.aloha.app.appmanager.common.packages.event.manifest.ManifestPackageEventReceiver
09-01 07:27:09.937 W/Looper  ( 1460): Slow dispatch took 165ms main h=android.app.ActivityThread$H c=android.app.-$$Lambda$LoadedApk$ReceiverDispatcher$Args$_BumDX2UKsnxLVrE6UJsJZkotuA@befa4fb m=0
09-01 07:27:09.942 W/TextServicesManagerService( 1460): no available spell checker services found
09-01 07:27:09.950 W/VoiceInteractionManager( 1460): no available voice recognition services found for user 0
09-01 07:27:10.717 D/commandrouter(  803): sleep (1, sleep:data): <ServiceRequest> FORWARDED (remote -> local) service client ID = 1, token ID = 35023
09-01 07:27:10.719 D/commandrouter(  803): SocServiceHandle::onServiceMessage, SoC Service = sleep, appType = 1, type = SVC_RESP, clientId = 1, token = 35023, payloadLen = 12, result = 0, payload.size() = 12
09-01 07:27:10.887 D/AnalyticsLogger( 1460): sent events: 53
09-01 07:27:10.936 W/RuleEvaluation( 1460): Integrity rule files are not available.
09-01 07:27:10.937 I/PackageManager( 1460): Integrity check passed for file:///data/app/vmdl1674373503.tmp
09-01 07:27:10.946 I/ActivityManager( 1460): Force stopping com.github.uiautomator.test appid=10114 user=-1: installPackageLI
09-01 07:27:10.948 I/PackageManager( 1460): Update package com.github.uiautomator.test code path from /data/app/~~kR8huXnaF9NgB1ED3eLPBQ==/com.github.uiautomator.test-v_B3O3oo2Nb6RjGEdNbTzw== to /data/app/~~XxgQnPE9CNJ-xn8Rw9h2eg==/com.github.uiautomator.test-Wl6FRDZYZNY6uz7wmjlPkw==; Retain data and using new
09-01 07:27:10.948 I/PackageManager( 1460): Update package com.github.uiautomator.test resource path from /data/app/~~kR8huXnaF9NgB1ED3eLPBQ==/com.github.uiautomator.test-v_B3O3oo2Nb6RjGEdNbTzw== to /data/app/~~XxgQnPE9CNJ-xn8Rw9h2eg==/com.github.uiautomator.test-Wl6FRDZYZNY6uz7wmjlPkw==; Retain data and using new
09-01 07:27:11.176 D/PackageManager( 1460): Instant App installer not found with android.intent.action.INSTALL_INSTANT_APP_PACKAGE
09-01 07:27:11.176 D/PackageManager( 1460): Clear ephemeral installer activity
09-01 07:27:11.210 I/ActivityManager( 1460): Force stopping com.github.uiautomator.test appid=10114 user=0: pkg removed
09-01 07:27:11.247 W/BroadcastQueue( 1460): Background execution not allowed: receiving Intent { act=android.intent.action.PACKAGE_REMOVED dat=package:com.github.uiautomator.test flg=0x4000010 (has extras) } to com.android.gallery3d/.app.PackagesMonitor
09-01 07:27:11.311 W/BroadcastQueue( 1460): Background execution not allowed: receiving Intent { act=android.intent.action.PACKAGE_ADDED dat=package:com.github.uiautomator.test flg=0x4000010 (has extras) } to com.android.packageinstaller/.PackageInstalledReceiver
09-01 07:27:11.314 W/BroadcastQueue( 1460): Background execution not allowed: receiving Intent { act=android.intent.action.PACKAGE_ADDED dat=package:com.github.uiautomator.test flg=0x4000010 (has extras) } to com.android.gallery3d/.app.PackagesMonitor
09-01 07:27:11.314 W/BroadcastQueue( 1460): Background execution not allowed: receiving Intent { act=android.intent.action.PACKAGE_ADDED dat=package:com.github.uiautomator.test flg=0x4000010 (has extras) } to com.facebook.wearable.system.appmanager/com.facebook.aloha.app.appmanager.common.packages.event.manifest.ManifestPackageEventReceiver
09-01 07:27:11.315 I/Telecom ( 1460): DefaultDialerCache: Refreshing default dialer for user 0: now com.facebook.wearable.apps.phone: DDC.oR@Etc
09-01 07:27:11.368 W/BroadcastQueue( 1460): Background execution not allowed: receiving Intent { act=android.intent.action.PACKAGE_REPLACED dat=package:com.github.uiautomator.test flg=0x4000010 (has extras) } to com.facebook.wearable.system.appmanager/com.facebook.aloha.app.appmanager.common.packages.event.manifest.ManifestPackageEventReceiver
09-01 07:27:11.388 V/BackupManagerConstants( 1460): getFullBackupIntervalMilliseconds(...) returns 86400000
09-01 07:27:11.388 V/BackupManagerConstants( 1460): getFullBackupRequiredNetworkType(...) returns 2
09-01 07:27:11.388 V/BackupManagerConstants( 1460): getFullBackupRequireCharging(...) returns true
09-01 07:27:11.542 W/Looper  ( 1460): Slow dispatch took 227ms main h=android.app.ActivityThread$H c=android.app.-$$Lambda$LoadedApk$ReceiverDispatcher$Args$_BumDX2UKsnxLVrE6UJsJZkotuA@ceba29c m=0
09-01 07:27:11.542 W/Looper  ( 1460): Slow delivery took 267ms main h=com.android.server.notification.NotificationManagerService$WorkerHandler c=com.android.server.notification.NotificationManagerService$16@c87f4a5 m=0
09-01 07:27:11.547 W/Looper  ( 1460): Drained
09-01 07:27:11.563 W/TextServicesManagerService( 1460): no available spell checker services found
09-01 07:27:11.627 W/VoiceInteractionManager( 1460): no available voice recognition services found for user 0
09-01 07:27:14.643 I/ActivityManager( 1460): Force stopping com.github.uiautomator appid=10113 user=0: from pid 12580
09-01 07:27:15.158 W/RuleEvaluation( 1460): Integrity rule files are not available.
09-01 07:27:15.160 I/PackageManager( 1460): Integrity check passed for file:///data/app/vmdl656945424.tmp
09-01 07:27:15.168 W/PackageManager( 1460): Package com.github.uiautomator signatures do not match previously installed version; ignoring!
09-01 07:27:15.408 W/RuleEvaluation( 1460): Integrity rule files are not available.
09-01 07:27:15.410 I/PackageManager( 1460): Integrity check passed for file:///data/app/vmdl1616215930.tmp
09-01 07:27:15.417 W/PackageManager( 1460): Package com.github.uiautomator.test signatures do not match previously installed version; ignoring!
09-01 07:27:16.113 I/ActivityManager( 1460): Force stopping com.github.uiautomator appid=10113 user=0: start instr
09-01 07:27:16.117 D/CompatibilityChangeReporter( 1460): Compat change id reported: 135634846; UID 10113; state: DISABLED
09-01 07:27:16.118 D/CompatibilityChangeReporter( 1460): Compat change id reported: 143937733; UID 10113; state: DISABLED
09-01 07:27:16.138 I/ActivityManager( 1460): Start proc 12613:com.github.uiautomator/u0a113 for added application com.github.uiautomator
09-01 07:27:16.604 D/commandrouter(  803): rtc_sync (1, rtc:sync): <ServiceRequest> FORWARDED (remote -> local) service client ID = 0, token ID = 35024
09-01 07:27:16.605 D/commandrouter(  803): SocServiceHandle::onServiceMessage, SoC Service = rtc_sync, appType = 1, type = SVC_RESP, clientId = 0, token = 35024, payloadLen = 8, result = 0, payload.size() = 8
09-01 07:27:17.828 W/WindowManager( 1460): Cannot find window which accessibility connection is added to
09-01 07:27:20.615 D/commandrouter(  803): SocServiceHandle::onServiceMessage, SoC Service = mcu_healthcheck_846, appType = 1, type = SVC_REQ, clientId = 0, token = 235, payloadLen = 12, result = 0, payload.size() = 12
09-01 07:27:20.633 D/commandrouter(  803): mcu_healthcheck_846 (1, merlot:mcu_health:control): <ServiceResponse> FORWARDED (remote -> local) CR token ID = 235, service client ID = 5, token ID = 2013, result = 0
09-01 07:27:20.633 D/mculinkhealth(  846): isMcuReachable 1 (19 ms)
09-01 07:27:23.635 D/AutofillManagerService( 1460): onBackKeyPressed()
09-01 07:27:24.623 I/chatty  ( 1460): uid=1000(system) android.ui identical 1 line
09-01 07:27:25.631 D/AutofillManagerService( 1460): onBackKeyPressed()
09-01 07:27:26.604 D/commandrouter(  803): rtc_sync (1, rtc:sync): <ServiceRequest> FORWARDED (remote -> local) service client ID = 0, token ID = 35025
09-01 07:27:26.605 D/commandrouter(  803): SocServiceHandle::onServiceMessage, SoC Service = rtc_sync, appType = 1, type = SVC_RESP, clientId = 0, token = 35025, payloadLen = 8, result = 0, payload.size() = 8
09-01 07:27:26.621 D/AutofillManagerService( 1460): onBackKeyPressed()
09-01 07:27:30.968 D/AutofillManagerService( 1460): Close system dialogs
09-01 07:27:30.985 I/ActivityTaskManager( 1460): START u0 {act=android.intent.action.MAIN cat=[android.intent.category.HOME] flg=0x10200000 cmp=com.facebook.wearable.system.launcher/.LauncherActivity (has extras)} from uid 1000
09-01 07:27:36.532 I/ActivityTaskManager( 1460): START u0 {act=android.intent.action.MAIN cat=[android.intent.category.LAUNCHER] flg=0x10200000 pkg=com.facebook.wearable.system.settings cmp=com.facebook.wearable.system.settings/.SettingsActivity} from uid 10029
09-01 07:27:36.548 D/commandrouter(  803): SocServiceHandle::onServiceMessage, SoC Service = audio_hal, appType = 1, type = SVC_REQ, clientId = 0, token = 549, payloadLen = 32, result = 0, payload.size() = 32
09-01 07:27:36.609 I/ActivityTaskManager( 1460): The Process com.facebook.wearable.system.settings Already Exists in BG. So sending its PID: 10990
09-01 07:27:36.628 D/commandrouter(  803): audio_hal (1, audio_hal:notification:push): <ServiceResponse> FORWARDED (remote -> local) CR token ID = 549, service client ID = 37, token ID = 2014, result = 0
09-01 07:27:36.644 D/commandrouter(  803): rtc_sync (1, rtc:sync): <ServiceRequest> FORWARDED (remote -> local) service client ID = 0, token ID = 35026
09-01 07:27:36.645 D/commandrouter(  803): SocServiceHandle::onServiceMessage, SoC Service = rtc_sync, appType = 1, type = SVC_RESP, clientId = 0, token = 35026, payloadLen = 8, result = 0, payload.size() = 8
09-01 07:27:36.662 D/CompatibilityChangeReporter( 1460): Compat change id reported: 136274596; UID 10033; state: ENABLED
09-01 07:27:38.315 D/ConnectivityService( 1460): requestNetwork for uid/pid:10033/10990 NetworkRequest [ TRACK_DEFAULT id=143, [ Capabilities: INTERNET&NOT_RESTRICTED&TRUSTED Uid: 10033 AdministratorUids: [] RequestorUid: 10033 RequestorPackageName: com.facebook.wearable.system.settings] ]
09-01 07:27:38.316 D/ConnectivityService( 1460): NetReassign [143 : null → 104]
09-01 07:27:39.836 D/commandrouter(  803): SocServiceHandle::onServiceMessage, SoC Service = audio_hal, appType = 1, type = SVC_REQ, clientId = 0, token = 550, payloadLen = 32, result = 0, payload.size() = 32
09-01 07:27:39.892 D/commandrouter(  803): audio_hal (1, audio_hal:notification:push): <ServiceResponse> FORWARDED (remote -> local) CR token ID = 550, service client ID = 37, token ID = 2015, result = 0
09-01 07:27:40.743 D/commandrouter(  803): sleep (1, sleep:data): <ServiceRequest> FORWARDED (remote -> local) service client ID = 1, token ID = 35027
09-01 07:27:40.752 D/commandrouter(  803): SocServiceHandle::onServiceMessage, SoC Service = sleep, appType = 1, type = SVC_RESP, clientId = 1, token = 35027, payloadLen = 12, result = 0, payload.size() = 12
09-01 07:27:40.755 E/TaskPersister( 1460): File error accessing recents directory (directory doesn't exist?).
09-01 07:27:46.593 D/commandrouter(  803): rtc_sync (1, rtc:sync): <ServiceRequest> FORWARDED (remote -> local) service client ID = 0, token ID = 35028
09-01 07:27:46.594 D/commandrouter(  803): SocServiceHandle::onServiceMessage, SoC Service = rtc_sync, appType = 1, type = SVC_RESP, clientId = 0, token = 35028, payloadLen = 8, result = 0, payload.size() = 8
09-01 07:27:56.588 D/commandrouter(  803): rtc_sync (1, rtc:sync): <ServiceRequest> FORWARDED (remote -> local) service client ID = 0, token ID = 35029
09-01 07:27:56.589 D/commandrouter(  803): SocServiceHandle::onServiceMessage, SoC Service = rtc_sync, appType = 1, type = SVC_RESP, clientId = 0, token = 35029, payloadLen = 8, result = 0, payload.size() = 8
09-01 07:28:06.582 D/commandrouter(  803): rtc_sync (1, rtc:sync): <ServiceRequest> FORWARDED (remote -> local) service client ID = 0, token ID = 35030
09-01 07:28:06.583 D/commandrouter(  803): SocServiceHandle::onServiceMessage, SoC Service = rtc_sync, appType = 1, type = SVC_RESP, clientId = 0, token = 35030, payloadLen = 8, result = 0, payload.size() = 8
09-01 07:28:10.769 D/commandrouter(  803): sleep (1, sleep:data): <ServiceRequest> FORWARDED (remote -> local) service client ID = 1, token ID = 35031
09-01 07:28:10.772 D/commandrouter(  803): SocServiceHandle::onServiceMessage, SoC Service = sleep, appType = 1, type = SVC_RESP, clientId = 1, token = 35031, payloadLen = 12, result = 0, payload.size() = 12
09-01 07:28:10.931 D/AnalyticsLogger( 1460): sent events: 13
09-01 07:28:16.576 D/commandrouter(  803): rtc_sync (1, rtc:sync): <ServiceRequest> FORWARDED (remote -> local) service client ID = 0, token ID = 35032
09-01 07:28:16.577 D/commandrouter(  803): SocServiceHandle::onServiceMessage, SoC Service = rtc_sync, appType = 1, type = SVC_RESP, clientId = 0, token = 35032, payloadLen = 8, result = 0, payload.size() = 8
09-01 07:28:20.636 D/commandrouter(  803): SocServiceHandle::onServiceMessage, SoC Service = mcu_healthcheck_846, appType = 1, type = SVC_REQ, clientId = 0, token = 236, payloadLen = 12, result = 0, payload.size() = 12
09-01 07:28:20.654 D/commandrouter(  803): mcu_healthcheck_846 (1, merlot:mcu_health:control): <ServiceResponse> FORWARDED (remote -> local) CR token ID = 236, service client ID = 5, token ID = 2016, result = 0
09-01 07:28:20.655 D/mculinkhealth(  846): isMcuReachable 1 (21 ms)
09-01 07:28:26.571 D/commandrouter(  803): rtc_sync (1, rtc:sync): <ServiceRequest> FORWARDED (remote -> local) service client ID = 0, token ID = 35033
09-01 07:28:26.572 D/commandrouter(  803): SocServiceHandle::onServiceMessage, SoC Service = rtc_sync, appType = 1, type = SVC_RESP, clientId = 0, token = 35033, payloadLen = 8, result = 0, payload.size() = 8
09-01 07:28:36.574 D/commandrouter(  803): rtc_sync (1, rtc:sync): <ServiceRequest> FORWARDED (remote -> local) service client ID = 0, token ID = 35034
09-01 07:28:36.575 D/commandrouter(  803): SocServiceHandle::onServiceMessage, SoC Service = rtc_sync, appType = 1, type = SVC_RESP, clientId = 0, token = 35034, payloadLen = 8, result = 0, payload.size() = 8
09-01 07:28:40.792 D/commandrouter(  803): sleep (1, sleep:data): <ServiceRequest> FORWARDED (remote -> local) service client ID = 1, token ID = 35035
09-01 07:28:40.795 D/commandrouter(  803): SocServiceHandle::onServiceMessage, SoC Service = sleep, appType = 1, type = SVC_RESP, clientId = 1, token = 35035, payloadLen = 12, result = 0, payload.size() = 12
09-01 07:28:42.175 D/commandrouter(  803): SocServiceHandle::onServiceMessage, SoC Service = audio_hal, appType = 1, type = SVC_REQ, clientId = 0, token = 551, payloadLen = 32, result = 0, payload.size() = 32
09-01 07:28:42.200 D/CompatibilityChangeReporter( 1460): Compat change id reported: 149924527; UID 10033; state: ENABLED
09-01 07:28:42.202 D/CompatibilityChangeReporter( 1460): Compat change id reported: 132649864; UID 10033; state: DISABLED
09-01 07:28:42.242 D/commandrouter(  803): audio_hal (1, audio_hal:notification:push): <ServiceResponse> FORWARDED (remote -> local) CR token ID = 551, service client ID = 37, token ID = 2017, result = 0
09-01 07:28:45.436 D/commandrouter(  803): SocServiceHandle::onServiceMessage, SoC Service = audio_hal, appType = 1, type = SVC_REQ, clientId = 0, token = 552, payloadLen = 32, result = 0, payload.size() = 32
09-01 07:28:45.494 D/commandrouter(  803): audio_hal (1, audio_hal:notification:push): <ServiceResponse> FORWARDED (remote -> local) CR token ID = 552, service client ID = 37, token ID = 2018, result = 0
09-01 07:28:46.577 D/commandrouter(  803): rtc_sync (1, rtc:sync): <ServiceRequest> FORWARDED (remote -> local) service client ID = 0, token ID = 35036
09-01 07:28:46.577 D/commandrouter(  803): SocServiceHandle::onServiceMessage, SoC Service = rtc_sync, appType = 1, type = SVC_RESP, clientId = 0, token = 35036, payloadLen = 8, result = 0, payload.size() = 8
09-01 07:28:53.705 D/AutofillManagerService( 1460): onBackKeyPressed()
09-01 07:28:54.494 D/commandrouter(  803): SocServiceHandle::onServiceMessage, SoC Service = audio_hal, appType = 1, type = SVC_REQ, clientId = 0, token = 553, payloadLen = 32, result = 0, payload.size() = 32
09-01 07:28:54.559 D/commandrouter(  803): audio_hal (1, audio_hal:notification:push): <ServiceResponse> FORWARDED (remote -> local) CR token ID = 553, service client ID = 37, token ID = 2019, result = 0
09-01 07:28:56.574 D/commandrouter(  803): rtc_sync (1, rtc:sync): <ServiceRequest> FORWARDED (remote -> local) service client ID = 0, token ID = 35037
09-01 07:28:56.575 D/commandrouter(  803): SocServiceHandle::onServiceMessage, SoC Service = rtc_sync, appType = 1, type = SVC_RESP, clientId = 0, token = 35037, payloadLen = 8, result = 0, payload.size() = 8
09-01 07:28:57.657 D/AutofillManagerService( 1460): onBackKeyPressed()
09-01 07:28:57.756 D/commandrouter(  803): SocServiceHandle::onServiceMessage, SoC Service = audio_hal, appType = 1, type = SVC_REQ, clientId = 0, token = 554, payloadLen = 32, result = 0, payload.size() = 32
09-01 07:28:57.815 D/commandrouter(  803): audio_hal (1, audio_hal:notification:push): <ServiceResponse> FORWARDED (remote -> local) CR token ID = 554, service client ID = 37, token ID = 2020, result = 0
09-01 07:29:02.200 D/commandrouter(  803): SocServiceHandle::onServiceMessage, SoC Service = audio_hal, appType = 1, type = SVC_REQ, clientId = 0, token = 555, payloadLen = 32, result = 0, payload.size() = 32
09-01 07:29:02.278 D/commandrouter(  803): audio_hal (1, audio_hal:notification:push): <ServiceResponse> FORWARDED (remote -> local) CR token ID = 555, service client ID = 37, token ID = 2021, result = 0
09-01 07:29:02.967 D/AutofillManagerService( 1460): onBackKeyPressed()
09-01 07:29:04.607 D/AutofillManagerService( 1460): onBackKeyPressed()
09-01 07:29:06.575 D/commandrouter(  803): rtc_sync (1, rtc:sync): <ServiceRequest> FORWARDED (remote -> local) service client ID = 0, token ID = 35038
09-01 07:29:06.576 D/commandrouter(  803): SocServiceHandle::onServiceMessage, SoC Service = rtc_sync, appType = 1, type = SVC_RESP, clientId = 0, token = 35038, payloadLen = 8, result = 0, payload.size() = 8
09-01 07:29:07.780 D/AutofillManagerService( 1460): onBackKeyPressed()
09-01 07:29:08.958 D/commandrouter(  803): SocServiceHandle::onServiceMessage, SoC Service = audio_hal, appType = 1, type = SVC_REQ, clientId = 0, token = 556, payloadLen = 32, result = 0, payload.size() = 32
09-01 07:29:09.016 D/commandrouter(  803): audio_hal (1, audio_hal:notification:push): <ServiceResponse> FORWARDED (remote -> local) CR token ID = 556, service client ID = 37, token ID = 2022, result = 0
09-01 07:29:10.811 D/commandrouter(  803): sleep (1, sleep:data): <ServiceRequest> FORWARDED (remote -> local) service client ID = 1, token ID = 35039
09-01 07:29:10.814 D/commandrouter(  803): SocServiceHandle::onServiceMessage, SoC Service = sleep, appType = 1, type = SVC_RESP, clientId = 1, token = 35039, payloadLen = 12, result = 0, payload.size() = 12
09-01 07:29:14.184 D/commandrouter(  803): SocServiceHandle::onServiceMessage, SoC Service = audio_hal, appType = 1, type = SVC_REQ, clientId = 0, token = 557, payloadLen = 32, result = 0, payload.size() = 32
09-01 07:29:14.254 D/commandrouter(  803): audio_hal (1, audio_hal:notification:push): <ServiceResponse> FORWARDED (remote -> local) CR token ID = 557, service client ID = 37, token ID = 2023, result = 0
09-01 07:29:15.169 D/AutofillManagerService( 1460): onBackKeyPressed()
09-01 07:29:16.579 D/commandrouter(  803): rtc_sync (1, rtc:sync): <ServiceRequest> FORWARDED (remote -> local) service client ID = 0, token ID = 35040
09-01 07:29:16.579 D/commandrouter(  803): SocServiceHandle::onServiceMessage, SoC Service = rtc_sync, appType = 1, type = SVC_RESP, clientId = 0, token = 35040, payloadLen = 8, result = 0, payload.size() = 8
09-01 07:29:19.061 D/commandrouter(  803): SocServiceHandle::onServiceMessage, SoC Service = audio_hal, appType = 1, type = SVC_REQ, clientId = 0, token = 558, payloadLen = 32, result = 0, payload.size() = 32
09-01 07:29:19.131 D/commandrouter(  803): audio_hal (1, audio_hal:notification:push): <ServiceResponse> FORWARDED (remote -> local) CR token ID = 558, service client ID = 37, token ID = 2024, result = 0
09-01 07:29:20.656 D/commandrouter(  803): SocServiceHandle::onServiceMessage, SoC Service = mcu_healthcheck_846, appType = 1, type = SVC_REQ, clientId = 0, token = 237, payloadLen = 12, result = 0, payload.size() = 12
09-01 07:29:20.678 D/commandrouter(  803): mcu_healthcheck_846 (1, merlot:mcu_health:control): <ServiceResponse> FORWARDED (remote -> local) CR token ID = 237, service client ID = 5, token ID = 2025, result = 0
09-01 07:29:20.678 D/mculinkhealth(  846): isMcuReachable 1 (22 ms)
09-01 07:29:21.251 D/AutofillManagerService( 1460): onBackKeyPressed()
09-01 07:29:26.578 D/commandrouter(  803): rtc_sync (1, rtc:sync): <ServiceRequest> FORWARDED (remote -> local) service client ID = 0, token ID = 35041
09-01 07:29:26.578 D/commandrouter(  803): SocServiceHandle::onServiceMessage, SoC Service = rtc_sync, appType = 1, type = SVC_RESP, clientId = 0, token = 35041, payloadLen = 8, result = 0, payload.size() = 8
09-01 07:29:30.763 D/commandrouter(  803): SocServiceHandle::onServiceMessage, SoC Service = audio_hal, appType = 1, type = SVC_REQ, clientId = 0, token = 559, payloadLen = 32, result = 0, payload.size() = 32
09-01 07:29:30.827 D/commandrouter(  803): audio_hal (1, audio_hal:notification:push): <ServiceResponse> FORWARDED (remote -> local) CR token ID = 559, service client ID = 37, token ID = 2026, result = 0
09-01 07:29:34.017 D/commandrouter(  803): SocServiceHandle::onServiceMessage, SoC Service = audio_hal, appType = 1, type = SVC_REQ, clientId = 0, token = 560, payloadLen = 32, result = 0, payload.size() = 32
09-01 07:29:34.075 D/commandrouter(  803): audio_hal (1, audio_hal:notification:push): <ServiceResponse> FORWARDED (remote -> local) CR token ID = 560, service client ID = 37, token ID = 2027, result = 0
09-01 07:29:36.579 D/commandrouter(  803): rtc_sync (1, rtc:sync): <ServiceRequest> FORWARDED (remote -> local) service client ID = 0, token ID = 35042
09-01 07:29:36.580 D/commandrouter(  803): SocServiceHandle::onServiceMessage, SoC Service = rtc_sync, appType = 1, type = SVC_RESP, clientId = 0, token = 35042, payloadLen = 8, result = 0, payload.size() = 8
09-01 07:29:38.273 D/AutofillManagerService( 1460): onBackKeyPressed()
09-01 07:29:39.704 I/chatty  ( 1460): uid=1000(system) android.ui identical 2 lines
09-01 07:29:40.661 D/AutofillManagerService( 1460): onBackKeyPressed()
09-01 07:29:40.833 D/commandrouter(  803): sleep (1, sleep:data): <ServiceRequest> FORWARDED (remote -> local) service client ID = 1, token ID = 35043
09-01 07:29:40.835 D/commandrouter(  803): SocServiceHandle::onServiceMessage, SoC Service = sleep, appType = 1, type = SVC_RESP, clientId = 1, token = 35043, payloadLen = 12, result = 0, payload.size() = 12
09-01 07:29:41.616 D/AutofillManagerService( 1460): onBackKeyPressed()
09-01 07:29:42.523 E/TaskPersister( 1460): File error accessing recents directory (directory doesn't exist?).
09-01 07:29:42.951 D/AutofillManagerService( 1460): Close system dialogs
09-01 07:29:42.959 I/ActivityTaskManager( 1460): START u0 {act=android.intent.action.MAIN cat=[android.intent.category.HOME] flg=0x10200000 cmp=com.facebook.wearable.system.launcher/.LauncherActivity (has extras)} from uid 1000
09-01 07:29:46.588 D/commandrouter(  803): rtc_sync (1, rtc:sync): <ServiceRequest> FORWARDED (remote -> local) service client ID = 0, token ID = 35044
09-01 07:29:46.589 D/commandrouter(  803): SocServiceHandle::onServiceMessage, SoC Service = rtc_sync, appType = 1, type = SVC_RESP, clientId = 0, token = 35044, payloadLen = 8, result = 0, payload.size() = 8
09-01 07:29:50.684 I/ActivityTaskManager( 1460): START u0 {act=android.intent.action.MAIN cat=[android.intent.category.LAUNCHER] flg=0x10200000 pkg=com.facebook.wearable.system.accounts cmp=com.facebook.wearable.system.accounts/.MainActivity} from uid 10029
09-01 07:29:50.690 D/commandrouter(  803): SocServiceHandle::onServiceMessage, SoC Service = audio_hal, appType = 1, type = SVC_REQ, clientId = 0, token = 561, payloadLen = 32, result = 0, payload.size() = 32
09-01 07:29:50.746 I/ActivityTaskManager( 1460): The Process com.facebook.wearable.system.accounts Already Exists in BG. So sending its PID: 11263
09-01 07:29:50.754 D/commandrouter(  803): audio_hal (1, audio_hal:notification:push): <ServiceResponse> FORWARDED (remote -> local) CR token ID = 561, service client ID = 37, token ID = 2028, result = 0
09-01 07:29:50.794 D/CompatibilityChangeReporter( 1460): Compat change id reported: 136274596; UID 10024; state: DISABLED
09-01 07:29:53.953 D/commandrouter(  803): SocServiceHandle::onServiceMessage, SoC Service = audio_hal, appType = 1, type = SVC_REQ, clientId = 0, token = 562, payloadLen = 32, result = 0, payload.size() = 32
09-01 07:29:54.017 D/commandrouter(  803): audio_hal (1, audio_hal:notification:push): <ServiceResponse> FORWARDED (remote -> local) CR token ID = 562, service client ID = 37, token ID = 2029, result = 0
09-01 07:29:54.694 D/AnalyticsLogger( 1460): sent events: 19
09-01 07:29:54.824 E/TaskPersister( 1460): File error accessing recents directory (directory doesn't exist?).
09-01 07:29:56.587 D/commandrouter(  803): rtc_sync (1, rtc:sync): <ServiceRequest> FORWARDED (remote -> local) service client ID = 0, token ID = 35045
09-01 07:29:56.588 D/commandrouter(  803): SocServiceHandle::onServiceMessage, SoC Service = rtc_sync, appType = 1, type = SVC_RESP, clientId = 0, token = 35045, payloadLen = 8, result = 0, payload.size() = 8
09-01 07:29:59.906 D/AutofillManagerService( 1460): onBackKeyPressed()
09-01 07:30:00.749 I/ActivityTaskManager( 1460): START u0 {act=android.intent.action.MAIN cat=[android.intent.category.LAUNCHER] flg=0x10200000 pkg=com.facebook.wearable.apps.activities cmp=com.facebook.wearable.apps.activities/.MainActivity} from uid 10029
09-01 07:30:00.756 D/commandrouter(  803): SocServiceHandle::onServiceMessage, SoC Service = audio_hal, appType = 1, type = SVC_REQ, clientId = 0, token = 563, payloadLen = 32, result = 0, payload.size() = 32
09-01 07:30:00.807 D/CompatibilityChangeReporter( 1460): Compat change id reported: 135634846; UID 10059; state: DISABLED
09-01 07:30:00.808 D/CompatibilityChangeReporter( 1460): Compat change id reported: 143937733; UID 10059; state: ENABLED
09-01 07:30:00.820 D/commandrouter(  803): audio_hal (1, audio_hal:notification:push): <ServiceResponse> FORWARDED (remote -> local) CR token ID = 563, service client ID = 37, token ID = 2030, result = 0
09-01 07:30:00.854 W/ActivityManager( 1460): Slow operation: 52ms so far, now at startProcess: returned from zygote!
09-01 07:30:00.854 W/ActivityManager( 1460): Slow operation: 52ms so far, now at startProcess: done updating battery stats
09-01 07:30:00.854 W/ActivityManager( 1460): Slow operation: 52ms so far, now at startProcess: building log message
09-01 07:30:00.854 I/ActivityManager( 1460): Start proc 13061:com.facebook.wearable.apps.activities/u0a59 for pre-top-activity {com.facebook.wearable.apps.activities/com.facebook.wearable.apps.activities.MainActivity}
09-01 07:30:00.854 W/ActivityManager( 1460): Slow operation: 52ms so far, now at startProcess: starting to update pids map
09-01 07:30:00.857 W/ActivityManager( 1460): Slow operation: 55ms so far, now at startProcess: done updating pids map
09-01 07:30:01.528 D/CompatibilityChangeReporter( 1460): Compat change id reported: 136274596; UID 10059; state: ENABLED
09-01 07:30:04.011 D/commandrouter(  803): SocServiceHandle::onServiceMessage, SoC Service = audio_hal, appType = 1, type = SVC_REQ, clientId = 0, token = 564, payloadLen = 32, result = 0, payload.size() = 32
09-01 07:30:04.074 D/commandrouter(  803): audio_hal (1, audio_hal:notification:push): <ServiceResponse> FORWARDED (remote -> local) CR token ID = 564, service client ID = 37, token ID = 2031, result = 0
09-01 07:30:04.478 E/TaskPersister( 1460): File error accessing recents directory (directory doesn't exist?).
09-01 07:30:06.581 D/commandrouter(  803): rtc_sync (1, rtc:sync): <ServiceRequest> FORWARDED (remote -> local) service client ID = 0, token ID = 35046
09-01 07:30:06.582 D/commandrouter(  803): SocServiceHandle::onServiceMessage, SoC Service = rtc_sync, appType = 1, type = SVC_RESP, clientId = 0, token = 35046, payloadLen = 8, result = 0, payload.size() = 8
09-01 07:30:07.923 D/AutofillManagerService( 1460): onBackKeyPressed()
09-01 07:30:10.856 D/commandrouter(  803): sleep (1, sleep:data): <ServiceRequest> FORWARDED (remote -> local) service client ID = 1, token ID = 35047
09-01 07:30:10.860 D/commandrouter(  803): SocServiceHandle::onServiceMessage, SoC Service = sleep, appType = 1, type = SVC_RESP, clientId = 1, token = 35047, payloadLen = 12, result = 0, payload.size() = 12
09-01 07:30:11.443 E/TaskPersister( 1460): File error accessing recents directory (directory doesn't exist?).
09-01 07:30:12.350 I/ActivityTaskManager( 1460): START u0 {act=android.intent.action.MAIN cat=[android.intent.category.LAUNCHER] flg=0x10200000 pkg=com.facebook.wearable.apps.clock cmp=com.facebook.wearable.apps.clock/.ClockActivity} from uid 10029
09-01 07:30:12.356 D/commandrouter(  803): SocServiceHandle::onServiceMessage, SoC Service = audio_hal, appType = 1, type = SVC_REQ, clientId = 0, token = 565, payloadLen = 32, result = 0, payload.size() = 32
09-01 07:30:12.404 D/CompatibilityChangeReporter( 1460): Compat change id reported: 135634846; UID 10075; state: DISABLED
09-01 07:30:12.404 D/CompatibilityChangeReporter( 1460): Compat change id reported: 143937733; UID 10075; state: ENABLED
09-01 07:30:12.419 D/commandrouter(  803): audio_hal (1, audio_hal:notification:push): <ServiceResponse> FORWARDED (remote -> local) CR token ID = 565, service client ID = 37, token ID = 2032, result = 0
09-01 07:30:12.438 I/ActivityManager( 1460): Start proc 13151:com.facebook.wearable.apps.clock/u0a75 for pre-top-activity {com.facebook.wearable.apps.clock/com.facebook.wearable.apps.clock.ClockActivity}
09-01 07:30:12.856 D/CompatibilityChangeReporter( 1460): Compat change id reported: 135634846; UID 10041; state: DISABLED
09-01 07:30:12.857 D/CompatibilityChangeReporter( 1460): Compat change id reported: 143937733; UID 10041; state: ENABLED
09-01 07:30:12.873 I/ActivityManager( 1460): Start proc 13181:com.facebook.wearable.system.speechservice/u0a41 for service {com.facebook.wearable.system.speechservice/com.facebook.assistant.appsdk.ipcserver.VoiceActionsService}
09-01 07:30:12.971 D/CompatibilityChangeReporter( 1460): Compat change id reported: 136274596; UID 10075; state: ENABLED
09-01 07:30:15.621 D/commandrouter(  803): SocServiceHandle::onServiceMessage, SoC Service = audio_hal, appType = 1, type = SVC_REQ, clientId = 0, token = 566, payloadLen = 32, result = 0, payload.size() = 32
09-01 07:30:15.685 D/commandrouter(  803): audio_hal (1, audio_hal:notification:push): <ServiceResponse> FORWARDED (remote -> local) CR token ID = 566, service client ID = 37, token ID = 2033, result = 0
09-01 07:30:16.485 E/TaskPersister( 1460): File error accessing recents directory (directory doesn't exist?).
09-01 07:30:16.595 D/commandrouter(  803): rtc_sync (1, rtc:sync): <ServiceRequest> FORWARDED (remote -> local) service client ID = 0, token ID = 35048
09-01 07:30:16.595 D/commandrouter(  803): SocServiceHandle::onServiceMessage, SoC Service = rtc_sync, appType = 1, type = SVC_RESP, clientId = 0, token = 35048, payloadLen = 8, result = 0, payload.size() = 8
09-01 07:30:20.680 D/commandrouter(  803): SocServiceHandle::onServiceMessage, SoC Service = mcu_healthcheck_846, appType = 1, type = SVC_REQ, clientId = 0, token = 238, payloadLen = 12, result = 0, payload.size() = 12
09-01 07:30:20.713 D/commandrouter(  803): mcu_healthcheck_846 (1, merlot:mcu_health:control): <ServiceResponse> FORWARDED (remote -> local) CR token ID = 238, service client ID = 5, token ID = 2034, result = 0
09-01 07:30:20.714 D/mculinkhealth(  846): isMcuReachable 1 (34 ms)
09-01 07:30:21.532 D/AutofillManagerService( 1460): onBackKeyPressed()
09-01 07:30:24.668 I/ActivityTaskManager( 1460): START u0 {act=android.intent.action.MAIN cat=[android.intent.category.LAUNCHER] flg=0x10200000 pkg=com.facebook.wearable.apps.breathe cmp=com.facebook.wearable.apps.breathe/.BreatheMainActivity} from uid 10029
09-01 07:30:24.678 D/commandrouter(  803): SocServiceHandle::onServiceMessage, SoC Service = audio_hal, appType = 1, type = SVC_REQ, clientId = 0, token = 567, payloadLen = 32, result = 0, payload.size() = 32
09-01 07:30:24.723 D/CompatibilityChangeReporter( 1460): Compat change id reported: 135634846; UID 10046; state: DISABLED
09-01 07:30:24.725 D/CompatibilityChangeReporter( 1460): Compat change id reported: 143937733; UID 10046; state: ENABLED
09-01 07:30:24.740 D/commandrouter(  803): audio_hal (1, audio_hal:notification:push): <ServiceResponse> FORWARDED (remote -> local) CR token ID = 567, service client ID = 37, token ID = 2035, result = 0
09-01 07:30:24.784 W/ActivityManager( 1460): Slow operation: 62ms so far, now at startProcess: done updating battery stats
09-01 07:30:24.784 W/ActivityManager( 1460): Slow operation: 62ms so far, now at startProcess: building log message
09-01 07:30:24.784 I/ActivityManager( 1460): Start proc 13256:com.facebook.wearable.apps.breathe/u0a46 for pre-top-activity {com.facebook.wearable.apps.breathe/com.facebook.wearable.apps.breathe.BreatheMainActivity}
09-01 07:30:24.785 W/ActivityManager( 1460): Slow operation: 63ms so far, now at startProcess: starting to update pids map
09-01 07:30:24.785 W/ActivityManager( 1460): Slow operation: 63ms so far, now at startProcess: done updating pids map
09-01 07:30:25.255 D/AnalyticsLogger( 1460): sent events: 54
09-01 07:30:25.329 D/CompatibilityChangeReporter( 1460): Compat change id reported: 136274596; UID 10046; state: ENABLED
09-01 07:30:26.203 E/TaskPersister( 1460): File error accessing recents directory (directory doesn't exist?).
09-01 07:30:26.579 D/commandrouter(  803): rtc_sync (1, rtc:sync): <ServiceRequest> FORWARDED (remote -> local) service client ID = 0, token ID = 35049
09-01 07:30:26.579 D/commandrouter(  803): SocServiceHandle::onServiceMessage, SoC Service = rtc_sync, appType = 1, type = SVC_RESP, clientId = 0, token = 35049, payloadLen = 8, result = 0, payload.size() = 8
09-01 07:30:27.930 D/commandrouter(  803): SocServiceHandle::onServiceMessage, SoC Service = audio_hal, appType = 1, type = SVC_REQ, clientId = 0, token = 568, payloadLen = 32, result = 0, payload.size() = 32
09-01 07:30:27.991 D/commandrouter(  803): audio_hal (1, audio_hal:notification:push): <ServiceResponse> FORWARDED (remote -> local) CR token ID = 568, service client ID = 37, token ID = 2036, result = 0
09-01 07:30:33.861 D/AutofillManagerService( 1460): onBackKeyPressed()
09-01 07:30:36.590 D/commandrouter(  803): rtc_sync (1, rtc:sync): <ServiceRequest> FORWARDED (remote -> local) service client ID = 0, token ID = 35050
09-01 07:30:36.591 D/commandrouter(  803): SocServiceHandle::onServiceMessage, SoC Service = rtc_sync, appType = 1, type = SVC_RESP, clientId = 0, token = 35050, payloadLen = 8, result = 0, payload.size() = 8
09-01 07:30:36.958 I/ActivityTaskManager( 1460): START u0 {act=android.intent.action.MAIN cat=[android.intent.category.LAUNCHER] flg=0x10200000 pkg=com.facebook.wearable.system.bugreport cmp=com.facebook.wearable.system.bugreport/.MainActivity} from uid 10029
09-01 07:30:36.966 D/commandrouter(  803): SocServiceHandle::onServiceMessage, SoC Service = audio_hal, appType = 1, type = SVC_REQ, clientId = 0, token = 569, payloadLen = 32, result = 0, payload.size() = 32
09-01 07:30:37.015 D/CompatibilityChangeReporter( 1460): Compat change id reported: 135634846; UID 10027; state: DISABLED
09-01 07:30:37.015 D/CompatibilityChangeReporter( 1460): Compat change id reported: 143937733; UID 10027; state: DISABLED
09-01 07:30:37.038 D/commandrouter(  803): audio_hal (1, audio_hal:notification:push): <ServiceResponse> FORWARDED (remote -> local) CR token ID = 569, service client ID = 37, token ID = 2037, result = 0
09-01 07:30:37.052 I/ActivityManager( 1460): Start proc 13319:com.facebook.wearable.system.bugreport/u0a27 for pre-top-activity {com.facebook.wearable.system.bugreport/com.facebook.wearable.system.bugreport.MainActivity}
09-01 07:30:37.646 D/CompatibilityChangeReporter( 1460): Compat change id reported: 136274596; UID 10027; state: DISABLED
09-01 07:30:38.430 E/TaskPersister( 1460): File error accessing recents directory (directory doesn't exist?).
09-01 07:30:40.244 D/commandrouter(  803): SocServiceHandle::onServiceMessage, SoC Service = audio_hal, appType = 1, type = SVC_REQ, clientId = 0, token = 570, payloadLen = 32, result = 0, payload.size() = 32
09-01 07:30:40.301 D/commandrouter(  803): audio_hal (1, audio_hal:notification:push): <ServiceResponse> FORWARDED (remote -> local) CR token ID = 570, service client ID = 37, token ID = 2038, result = 0
09-01 07:30:40.759 D/commandrouter(  803): sleep (1, sleep:data): <ServiceRequest> FORWARDED (remote -> local) service client ID = 1, token ID = 35051
09-01 07:30:40.763 D/commandrouter(  803): SocServiceHandle::onServiceMessage, SoC Service = sleep, appType = 1, type = SVC_RESP, clientId = 1, token = 35051, payloadLen = 12, result = 0, payload.size() = 12
09-01 07:30:46.181 D/AutofillManagerService( 1460): onBackKeyPressed()
09-01 07:30:46.604 D/commandrouter(  803): rtc_sync (1, rtc:sync): <ServiceRequest> FORWARDED (remote -> local) service client ID = 0, token ID = 35052
09-01 07:30:46.604 D/commandrouter(  803): SocServiceHandle::onServiceMessage, SoC Service = rtc_sync, appType = 1, type = SVC_RESP, clientId = 0, token = 35052, payloadLen = 8, result = 0, payload.size() = 8
09-01 07:30:47.001 I/ActivityTaskManager( 1460): START u0 {act=android.intent.action.MAIN cat=[android.intent.category.LAUNCHER] flg=0x10200000 pkg=com.facebook.wearable.apps.camera cmp=com.facebook.wearable.apps.camera/.CameraActivity} from uid 10029
09-01 07:30:47.008 D/commandrouter(  803): SocServiceHandle::onServiceMessage, SoC Service = audio_hal, appType = 1, type = SVC_REQ, clientId = 0, token = 571, payloadLen = 32, result = 0, payload.size() = 32
09-01 07:30:47.053 I/ActivityTaskManager( 1460): The Process com.facebook.wearable.apps.camera Already Exists in BG. So sending its PID: 6292
09-01 07:30:47.053 W/ActivityTaskManager( 1460): Tried to set launchTime (0) < mLastActivityLaunchTime (13730723)
09-01 07:30:47.088 D/commandrouter(  803): audio_hal (1, audio_hal:notification:push): <ServiceResponse> FORWARDED (remote -> local) CR token ID = 571, service client ID = 37, token ID = 2039, result = 0
09-01 07:30:47.826 D/ConnectivityService( 1460): requestNetwork for uid/pid:10077/6292 NetworkRequest [ TRACK_DEFAULT id=144, [ Capabilities: INTERNET&NOT_RESTRICTED&TRUSTED Uid: 10077 AdministratorUids: [] RequestorUid: 10077 RequestorPackageName: com.facebook.wearable.apps.camera] ]
09-01 07:30:47.849 D/ConnectivityService( 1460): NetReassign [144 : null → 104]
09-01 07:30:47.953 D/commandrouter(  803): SocServiceHandle::onTopicMessage, SoC Service = Accelerometer, appType = 20, type = TOPIC_START, seq = 0, payloadLen = 0, nanoseconds = 0, payload.size() = 0
09-01 07:30:47.953 D/commandrouter(  803): SocServiceHandle::onSubscribeTopic, SoC Service = Accelerometer, subscribing to topicName = msgs:sensors:Acc
09-01 07:30:47.979 D/commandrouter(  803): SocServiceHandle::onSubscribeTopic, SoC Service = Accelerometer, topic subscription successful. topicName = msgs:sensors:Acc, subscription ID = 26
09-01 07:30:47.979 D/commandrouter(  803): SocServiceHandle::onServiceMessage, SoC Service = Accelerometer, appType = 19, type = SVC_REQ, clientId = 0, token = 123, payloadLen = 60, result = 0, payload.size() = 60
09-01 07:30:48.004 D/commandrouter(  803): Accelerometer (19, merlot:msgs:control): <ServiceResponse> FORWARDED (remote -> local) CR token ID = 123, service client ID = 18, token ID = 2041, result = 0
09-01 07:30:48.357 D/ConnectivityService( 1460): releasing NetworkRequest [ TRACK_DEFAULT id=144, [ Capabilities: INTERNET&NOT_RESTRICTED&TRUSTED Uid: 10077 AdministratorUids: [] RequestorUid: 10077 RequestorPackageName: com.facebook.wearable.apps.camera] ] (release request)
09-01 07:30:50.288 D/commandrouter(  803): SocServiceHandle::onServiceMessage, SoC Service = audio_hal, appType = 1, type = SVC_REQ, clientId = 0, token = 572, payloadLen = 32, result = 0, payload.size() = 32
09-01 07:30:50.359 D/commandrouter(  803): audio_hal (1, audio_hal:notification:push): <ServiceResponse> FORWARDED (remote -> local) CR token ID = 572, service client ID = 37, token ID = 2042, result = 0
09-01 07:30:50.901 E/TaskPersister( 1460): File error accessing recents directory (directory doesn't exist?).
09-01 07:30:50.972 D/ConnectivityService( 1460): ConnectivityService NetworkRequestInfo binderDied(NetworkRequest [ TRACK_DEFAULT id=143, [ Capabilities: INTERNET&NOT_RESTRICTED&TRUSTED Uid: 10033 AdministratorUids: [] RequestorUid: 10033 RequestorPackageName: com.facebook.wearable.system.settings] ], android.os.BinderProxy@ac92abf)
09-01 07:30:50.980 D/ConnectivityService( 1460): releasing NetworkRequest [ TRACK_DEFAULT id=143, [ Capabilities: INTERNET&NOT_RESTRICTED&TRUSTED Uid: 10033 AdministratorUids: [] RequestorUid: 10033 RequestorPackageName: com.facebook.wearable.system.settings] ] (release request)
09-01 07:30:51.037 I/ActivityManager( 1460): Process com.facebook.wearable.system.settings (pid 10990) has died: cch+50 CRE 
09-01 07:30:51.595 W/ActivityManager( 1460): setHasOverlayUi called on unknown pid: 10990
09-01 07:30:51.609 I/ActivityManager( 1460): Process com.facebook.wearable.system.crashreporter (pid 10421) has died: cch+65 CEM 
09-01 07:30:51.657 I/ActivityManager( 1460): Process com.android.cellbroadcastreceiver (pid 11798) has died: cch+55 CEM 
09-01 07:30:51.663 W/Looper  ( 1460): Slow dispatch took 595ms android.ui h=com.android.server.am.ActivityManagerService$UiHandler c=null m=53
09-01 07:30:51.664 W/Looper  ( 1460): Slow delivery took 549ms android.ui h=com.android.server.am.ActivityManagerService$UiHandler c=null m=31
09-01 07:30:51.667 W/Looper  ( 1460): Drained
09-01 07:30:54.230 D/AutofillManagerService( 1460): onBackKeyPressed()
09-01 07:30:54.320 D/commandrouter(  803): SocServiceHandle::onServiceMessage, SoC Service = OnWristDetection, appType = 27, type = SVC_REQ, clientId = 0, token = 44, payloadLen = 60, result = 0, payload.size() = 60
09-01 07:30:54.326 D/commandrouter(  803): SocServiceHandle::onServiceMessage, SoC Service = Accelerometer, appType = 19, type = SVC_REQ, clientId = 0, token = 124, payloadLen = 60, result = 0, payload.size() = 60
09-01 07:30:54.335 D/commandrouter(  803): SocServiceHandle::onServiceMessage, SoC Service = Accelerometer, appType = 19, type = SVC_REQ, clientId = 0, token = 125, payloadLen = 48, result = 0, payload.size() = 48
09-01 07:30:54.335 D/commandrouter(  803): SocServiceHandle::onTopicMessage, SoC Service = Accelerometer, appType = 20, type = TOPIC_STOP, seq = 0, payloadLen = 0, nanoseconds = 0, payload.size() = 0
09-01 07:30:54.336 D/commandrouter(  803): OnWristDetection (27, merlot:msgs:control): <ServiceResponse> FORWARDED (remote -> local) CR token ID = 44, service client ID = 20, token ID = 2043, result = 0
09-01 07:30:54.338 D/commandrouter(  803): SocServiceHandle::onUnsubscribeTopic, SoC Service = Accelerometer, unsubscription from topicName = msgs:sensors:Acc, subscription ID = 26 successful.
09-01 07:30:54.373 D/commandrouter(  803): Accelerometer (19, merlot:msgs:control): <ServiceResponse> FORWARDED (remote -> local) CR token ID = 124, service client ID = 18, token ID = 2044, result = 0
09-01 07:30:54.373 D/commandrouter(  803): Accelerometer (19, merlot:msgs:control): <ServiceResponse> FORWARDED (remote -> local) CR token ID = 125, service client ID = 18, token ID = 2045, result = 0
09-01 07:30:55.152 D/CompatibilityChangeReporter( 1460): Compat change id reported: 135634846; UID 10033; state: DISABLED
09-01 07:30:55.152 D/CompatibilityChangeReporter( 1460): Compat change id reported: 143937733; UID 10033; state: ENABLED
09-01 07:30:55.218 W/ActivityManager( 1460): Slow operation: 69ms so far, now at startProcess: returned from zygote!
09-01 07:30:55.218 W/ActivityManager( 1460): Slow operation: 69ms so far, now at startProcess: done updating battery stats
09-01 07:30:55.219 W/ActivityManager( 1460): Slow operation: 70ms so far, now at startProcess: building log message
09-01 07:30:55.219 I/ActivityManager( 1460): Start proc 13478:com.facebook.wearable.system.settings/u0a33 for content provider {com.facebook.wearable.system.settings/com.facebook.wearable.system.settings.sync.SettingsContentProvider}
09-01 07:30:55.219 W/ActivityManager( 1460): Slow operation: 70ms so far, now at startProcess: starting to update pids map
09-01 07:30:55.220 W/ActivityManager( 1460): Slow operation: 71ms so far, now at startProcess: done updating pids map
09-01 07:30:55.982 D/AnalyticsLogger( 1460): sent events: 53
09-01 07:30:56.436 D/ConnectivityService( 1460): requestNetwork for uid/pid:10077/6292 NetworkRequest [ TRACK_DEFAULT id=145, [ Capabilities: INTERNET&NOT_RESTRICTED&TRUSTED Uid: 10077 AdministratorUids: [] RequestorUid: 10077 RequestorPackageName: com.facebook.wearable.apps.camera] ]
09-01 07:30:56.436 D/ConnectivityService( 1460): NetReassign [145 : null → 104]
09-01 07:30:56.482 D/ConnectivityService( 1460): releasing NetworkRequest [ TRACK_DEFAULT id=145, [ Capabilities: INTERNET&NOT_RESTRICTED&TRUSTED Uid: 10077 AdministratorUids: [] RequestorUid: 10077 RequestorPackageName: com.facebook.wearable.apps.camera] ] (release request)
09-01 07:30:56.621 D/commandrouter(  803): rtc_sync (1, rtc:sync): <ServiceRequest> FORWARDED (remote -> local) service client ID = 0, token ID = 35053
09-01 07:30:56.621 D/commandrouter(  803): SocServiceHandle::onServiceMessage, SoC Service = rtc_sync, appType = 1, type = SVC_RESP, clientId = 0, token = 35053, payloadLen = 8, result = 0, payload.size() = 8
09-01 07:30:56.708 D/AnalyticsLogger( 1460): sent events: 54
09-01 07:30:58.236 E/TaskPersister( 1460): File error accessing recents directory (directory doesn't exist?).
09-01 07:30:59.295 D/commandrouter(  803): SocServiceHandle::onServiceMessage, SoC Service = audio_hal, appType = 1, type = SVC_REQ, clientId = 0, token = 573, payloadLen = 32, result = 0, payload.size() = 32
09-01 07:30:59.303 I/ActivityTaskManager( 1460): START u0 {act=android.intent.action.MAIN cat=[android.intent.category.LAUNCHER] flg=0x10200000 pkg=com.facebook.wearable.system.data cmp=com.facebook.wearable.system.data/.MainActivity} from uid 10029
09-01 07:30:59.370 I/ActivityTaskManager( 1460): The Process com.facebook.wearable.system.data Already Exists in BG. So sending its PID: 2682
09-01 07:30:59.370 W/ActivityTaskManager( 1460): Tried to set launchTime (0) < mLastActivityLaunchTime (7827275)
09-01 07:30:59.374 D/commandrouter(  803): audio_hal (1, audio_hal:notification:push): <ServiceResponse> FORWARDED (remote -> local) CR token ID = 573, service client ID = 37, token ID = 2047, result = 0
