09-01 07:43:06.369 I/CCodecBufferChannel(  910): [c2.android.vorbis.decoder#82] Created output block pool with allocatorID 16 => poolID 82 - OK
09-01 07:43:06.369 D/CCodecBufferChannel(  910): [c2.android.vorbis.decoder#82] Configured output block pool ids 82 => OK
09-01 07:43:06.370 D/CCodecBufferChannel(  910): [c2.android.vorbis.decoder#82] start: updating output delay 0
09-01 07:43:06.377 D/SimpleC2Component(  970): Using output block pool with poolID 82 => got 82 - 0
09-01 07:43:06.387 E/FMQ     (  910): grantorIdx must be less than 3
09-01 07:43:06.387 E/FMQ     (  970): grantorIdx must be less than 3
09-01 07:43:06.398 E/FMQ     (  970): grantorIdx must be less than 3
09-01 07:43:06.399 E/FMQ     (  910): grantorIdx must be less than 3
09-01 07:43:06.400 D/CCodecBuffers(  910): [c2.android.vorbis.decoder#82:Output[N]] popFromStashAndRegister: output format changed to AMessage(what = 0x00000000) = {
09-01 07:43:06.400 D/CCodecBuffers(  910):   int32_t channel-count = 2
09-01 07:43:06.400 D/CCodecBuffers(  910):   string mime = "audio/raw"
09-01 07:43:06.400 D/CCodecBuffers(  910):   int32_t sample-rate = 48000
09-01 07:43:06.400 D/CCodecBuffers(  910): }
09-01 07:43:06.402 I/ExtendedNuUtils(  910): Both src and dst missing for bit-width
09-01 07:43:06.402 I/ExtendedNuUtils(  910): Overriding durationUs: with 64 bit src value 750000
09-01 07:43:06.402 I/ExtendedNuUtils(  910): Both src and dst missing for channel-mask
09-01 07:43:06.405 D/audio_hw_primary(  562): adev_get_parameters:vr_audio_mode_on
09-01 07:43:06.406 I/hash_map_utils(  625): key: 'vr_audio_mode_on' value: ''
09-01 07:43:06.406 I/AudioPolicyManagerCustom(  625): VR mode is 0, switch to primary output if request is for fast|raw
09-01 07:43:06.407 D/AudioFlinger(  625): Client defaulted notificationFrames to 12000 for frameCount 24000
09-01 07:43:06.409 D/AF::TrackHandle(  625): OpPlayAudio: track:176 usage:2 not muted
09-01 07:43:06.411 D/compress_voip(  562): compress_voip_out_get_parameters: enter
09-01 07:43:06.441 I/system_server( 1460): oneway function results will be dropped but finished with status OK and parcel size 4
09-01 07:43:06.442 I/system_server( 1460): oneway function results will be dropped but finished with status OK and parcel size 4
09-01 07:43:06.443 D/audio_hw_primary(  562): adev_create_audio_patch: enter: num sources 1, num_sinks 1, handle 1
09-01 07:43:06.443 D/audio_hw_primary(  562): adev_create_audio_patch: Playback patch from mix handle 13 to device 1
09-01 07:43:06.443 D/audio_hw_primary(  562): route_output_stream: enter: usecase(1: low-latency-playback) devices 1
09-01 07:43:06.443 D/voice_extn(  562): update_calls: enter:
09-01 07:43:06.443 D/voice_extn(  562): update_calls: cur_state=1 new_state=1 vsid=10c01000
09-01 07:43:06.443 D/voice_extn(  562): update_calls: cur_state=1 new_state=1 vsid=10dc1000
09-01 07:43:06.444 D/voice_extn(  562): update_calls: cur_state=1 new_state=1 vsid=10c02000
09-01 07:43:06.444 D/voice_extn(  562): update_calls: cur_state=1 new_state=1 vsid=10803000
09-01 07:43:06.444 D/voice_extn(  562): update_calls: cur_state=1 new_state=1 vsid=10002000
09-01 07:43:06.444 D/voice_extn(  562): update_calls: cur_state=1 new_state=1 vsid=11c05000
09-01 07:43:06.444 D/voice_extn(  562): update_calls: cur_state=1 new_state=1 vsid=11dc5000
09-01 07:43:06.450 D/audio_hw_primary(  562): start_output_stream: enter: stream(0x96f76000)usecase(1: low-latency-playback) devices(0x1) is_haptic_usecase(0)
09-01 07:43:06.451 D/audio_hw_primary(  562): select_devices for use case (low-latency-playback)
09-01 07:43:06.451 D/msm8974_platform(  562): is_operator_tmus: tmus mccmnc 310260
09-01 07:43:06.451 D/msm8974_platform(  562): tmus operator-specific audio routing disabled
09-01 07:43:06.451 I/msm8974_platform(  562): platform_check_and_set_codec_backend_cfg:becf: afe: bitwidth 16, samplerate 48000 channels 2, backend_idx 0 usecase = 1 device (voice-handset)
09-01 07:43:06.451 I/msm8974_platform(  562): platform_check_and_set_codec_backend_cfg: new_snd_devices[0] is 20
09-01 07:43:06.451 I/msm8974_platform(  562): platform_check_codec_backend_cfg:becf: afe: bitwidth 16, samplerate 48000 channels 2, backend_idx 0 usecase = 1 device (voice-handset)
09-01 07:43:06.451 I/system_server( 1460): oneway function results will be dropped but finished with status OK and parcel size 4
09-01 07:43:06.452 E/audio_hw_extn(  562): audio_extn_enable_hifi_filter: Could not get ctl for mixer cmd - HiFi Filter, using default control
09-01 07:43:06.452 D/msm8974_platform(  562): platform_check_codec_backend_cfg:becf: updated afe: bitwidth 16, samplerate 48000 channels 2,backend_idx 0 usecase = 1 device (voice-handset)
09-01 07:43:06.452 I/msm8974_platform(  562): platform_check_codec_backend_cfg:becf: afe: Codec selected backend: 0 updated bit width: 16 and sample rate: 48000
09-01 07:43:06.452 D/audio_hw_primary(  562): check_usecases_codec_backend:becf: force routing 0
09-01 07:43:06.452 D/audio_hw_primary(  562): check_usecases_codec_backend:becf: (85) check_usecases curr device: voice-handset, usecase device: backends match 0
09-01 07:43:06.452 D/audio_hw_primary(  562): check_usecases_codec_backend:becf: check_usecases num.of Usecases to switch 0
09-01 07:43:06.452 D/hardware_info(  562): hw_info_append_hw_type : device_name = voice-handset
09-01 07:43:06.452 D/audio_hw_primary(  562): enable_snd_device: snd_device(20: voice-handset)
09-01 07:43:06.452 D/msm8974_platform(  562): platform_get_island_cfg_on_device:island cfg status on snd_device = (voice-handset 0)
09-01 07:43:06.452 I/soundtrigger(  562): audio_extn_sound_trigger_update_device_status: device 0x14 of type 0 for Event 1, with Raise=0
09-01 07:43:06.452 D/audio_route(  562): Apply path: voice-handset
09-01 07:43:06.452 D/audio_hw_bluebox(  562): sending snd dev notification enabled=1 sdev=Speaker
09-01 07:43:06.453 D/commandrouter(  803): SocServiceHandle::onServiceMessage, SoC Service = audio_hal, appType = 1, type = SVC_REQ, clientId = 0, token = 619, payloadLen = 32, result = 0, payload.size() = 32
09-01 07:43:06.469 I/mcucapture(  961): 15053338 [info   ] {AUD }: SoundDevEnabled: Speaker
09-01 07:43:06.469 I/mcucapture(  961): 15053342 [info   ] {AUD }: setting audio power mode: STANDBY
09-01 07:43:06.526 I/mcucapture(  961): 15053397 [info   ] {AUD }: Enabling SmartAmpDSP
09-01 07:43:06.526 I/mcucapture(  961): 15053401 [info   ] {AUD }: SmartAmpDSP: Refcount: 1
09-01 07:43:06.531 D/commandrouter(  803): audio_hal (1, audio_hal:notification:push): <ServiceResponse> FORWARDED (remote -> local) CR token ID = 619, service client ID = 37, token ID = 2245, result = 0
09-01 07:43:06.531 D/soundtrigger(  562): audio_extn_sound_trigger_update_stream_status: uc_info->id 1 of type 0 for Event 3, with Raise=0
09-01 07:43:06.531 D/audio_hw_utils(  562): audio_extn_utils_send_app_type_cfg: usecase->out_snd_device voice-handset
09-01 07:43:06.532 I/audio_hw_utils(  562): send_app_type_cfg_for_device PLAYBACK app_type 69937, acdb_dev_id 7, sample_rate 48000, snd_device_be_idx 40
09-01 07:43:06.533 D/ACDB-LOADER(  562): ACDB -> send_audio_cal, acdb_id = 7, path = 0, app id = 0x11131, sample rate = 48000, use_case = 0,buffer_idx_w_path =0, afe_sample_rate = 48000, cal_mode = 1, offset_index = 0
09-01 07:43:06.533 D/ACDB-LOADER(  562): ACDB -> send_asm_topology
09-01 07:43:06.533 D/ACDB-LOADER(  562): ACDB -> ACDB_CMD_GET_AUDPROC_STREAM_TOPOLOGY_ID
09-01 07:43:06.533 D/ACDB-LOADER(  562): ACDB -> send_adm_topology
09-01 07:43:06.533 D/ACDB-LOADER(  562): ACDB -> ACDB_CMD_GET_AUDPROC_COMMON_TOPOLOGY_ID
09-01 07:43:06.533 D/ACDB-LOADER(  562): ACDB -> send_audtable
09-01 07:43:06.533 D/ACDB-LOADER(  562): ACDB -> ACDB_CMD_GET_AUDPROC_COMMON_TABLE_SIZE
09-01 07:43:06.533 D/ACDB-LOADER(  562): ACDB -> ACDB_CMD_GET_AUDPROC_COMMON_TABLE
09-01 07:43:06.533 D/ACDB-LOADER(  562): ACDB -> AUDIO_SET_AUDPROC_CAL cal_type[11] acdb_id[7] app_type[69937]
09-01 07:43:06.533 D/ACDB-LOADER(  562): ACDB -> send_audvoltable
09-01 07:43:06.533 D/ACDB-LOADER(  562): ACDB -> ACDB_CMD_GET_AUDPROC_GAIN_DEP_STEP_TABLE_SIZE
09-01 07:43:06.533 D/ACDB-LOADER(  562): ACDB -> ACDB_CMD_GET_AUDPROC_GAIN_DEP_STEP_TABLE, vol index 0
09-01 07:43:06.533 D/ACDB-LOADER(  562): ACDB -> AUDIO_SET_VOL_CAL cal type = 12
09-01 07:43:06.533 D/ACDB-LOADER(  562): ACDB -> ACDB_CMD_GET_AUDPROC_STREAM_TABLE_SIZE
09-01 07:43:06.533 D/ACDB-LOADER(  562): ACDB -> send_audstrmtable
09-01 07:43:06.533 D/ACDB-LOADER(  562): ACDB -> ACDB_CMD_GET_AUDPROC_STREAM_TABLE_V2
09-01 07:43:06.533 D/ACDB-LOADER(  562): ACDB -> audstrm_cal->cal_type.cal_data.cal_size = 16
09-01 07:43:06.533 D/ACDB-LOADER(  562): ACDB -> send_afe_topology
09-01 07:43:06.533 D/ACDB-LOADER(  562): ACDB -> ACDB_CMD_GET_AFE_TOPOLOGY_ID
09-01 07:43:06.533 D/ACDB-LOADER(  562): ACDB -> GET_AFE_TOPOLOGY_ID for adcd_id 7, Topology Id 112fc
09-01 07:43:06.533 D/ACDB-LOADER(  562): ACDB -> send_afe_cal
09-01 07:43:06.533 D/ACDB-LOADER(  562): ACDB -> ACDB_CMD_GET_AFE_COMMON_TABLE_SIZE
09-01 07:43:06.533 D/android.hardware.audio.service(  562): Failed to fetch the lookup information of the device 00000007 
09-01 07:43:06.533 D/ACDB-LOADER(  562): Error: ACDB_CMD_GET_AFE_COMMON_TABLE_SIZE Returned = -19
09-01 07:43:06.533 D/ACDB-LOADER(  562): ACDB -> ACDB_CMD_GET_AFE_COMMON_TABLE
09-01 07:43:06.533 D/android.hardware.audio.service(  562): Failed to fetch the lookup information of the device 00000007 
09-01 07:43:06.534 D/ACDB-LOADER(  562): Error: ACDB AFE returned = -19
09-01 07:43:06.534 D/ACDB-LOADER(  562): ACDB -> AUDIO_SET_AFE_CAL cal_type[16] acdb_id[7]
09-01 07:43:06.534 D/ACDB-LOADER(  562): ACDB -> send_hw_delay : acdb_id = 7 path = 0
09-01 07:43:06.534 D/ACDB-LOADER(  562): ACDB -> ACDB_AVSYNC_INFO: ACDB_CMD_GET_DEVICE_PROPERTY
09-01 07:43:06.534 D/audio_hw_bluebox(  562): audio_extn_bluebox_route_enabled() usecase=0
09-01 07:43:06.534 D/audio_hw_primary(  562): enable_audio_route: apply mixer and update path: low-latency-playback
09-01 07:43:06.534 D/audio_route(  562): Apply path: low-latency-playback
09-01 07:43:06.572 D/msm8974_platform(  562): platform_set_channel_map mixer_ctl_name:Playback Channel Map12
09-01 07:43:06.572 D/msm8974_platform(  562): platform_set_channel_map: set mapping(1 2 0 0 0 0 0 0) for channel:2
09-01 07:43:06.573 D/audio_hw_primary(  562): start_output_stream: exit
09-01 07:43:06.707 D/CompatibilityInfo( 1460): mCompatibilityFlags - 4
09-01 07:43:06.707 D/CompatibilityInfo( 1460): applicationDensity - 320
09-01 07:43:06.707 D/CompatibilityInfo( 1460): applicationScale - 1.0
09-01 07:43:06.710 D/McuTransferService( 2270): the service started
09-01 07:43:06.712 I/mcu_health_check_jni_handler( 2270): isMcuReachable
09-01 07:43:06.713 D/mcu_health_checker( 2270): Sent isMcuReachable Request
09-01 07:43:06.713 D/commandrouter(  803): SocServiceHandle::onServiceMessage, SoC Service = mcu_healthcheck_2270, appType = 7, type = SVC_REQ, clientId = 0, token = 457, payloadLen = 12, result = 0, payload.size() = 12
09-01 07:43:06.731 D/commandrouter(  803): mcu_healthcheck_2270 (7, merlot:mcu_health:control): <ServiceResponse> FORWARDED (remote -> local) CR token ID = 457, service client ID = 36, token ID = 2246, result = 0
09-01 07:43:06.732 D/mcu_health_checker( 2270): MCU Health Response: MCU_OK
09-01 07:43:06.733 I/mcucapture(  961): 15053596 [info   ] {hlth}: Received control service request
09-01 07:43:06.734 I/mcucapture(  961): 15053602 [info   ] {hlth}: Health Request cmd: GET_STATUS
09-01 07:43:06.734 I/mcucapture(  961): 15053607 [info   ] {hlth}: Responded to req, result = MCU_OK
09-01 07:43:06.735 D/McuTransferService( 2270): the service is being destroyed
09-01 07:43:06.735 D/McuTransferService( 2270): skipping close shared connection to avoid race condition
09-01 07:43:06.823 W/bluelink(  803): [System] updateSmoothedTime: too early or too late; st=15086.327, rt=15092.131
09-01 07:43:06.823 D/commandrouter(  803): rtc_sync (1, rtc:sync): <ServiceRequest> FORWARDED (remote -> local) service client ID = 0, token ID = 35190
09-01 07:43:06.823 D/vendor.facebook.rtc_sync@1.0-service( 1013): Request req_ts=1630482186817367332 resp_ts=1630482186823747380
09-01 07:43:06.824 D/commandrouter(  803): SocServiceHandle::onServiceMessage, SoC Service = rtc_sync, appType = 1, type = SVC_RESP, clientId = 0, token = 35190, payloadLen = 8, result = 0, payload.size() = 8
09-01 07:43:07.009 D/AudioTrack(  910): stop(156): called with 36000 frames delivered
09-01 07:43:07.236 I/MailboxServiceStub( 3395): getThreads limit=20 offset=0
09-01 07:43:07.394 I/Telecom ( 1460): : playMediaTone: toneResourceId=2131689472 completed.
09-01 07:43:07.395 V/MediaPlayer( 1460): resetDrmState:  mDrmInfo=null mDrmProvisioningThread=null mPrepareDrmInProgress=false mActiveDrmScheme=false
09-01 07:43:07.395 I/chatty  ( 1994): uid=1002(bluetooth) BluetoothAvrcpH expire 88 lines
09-01 07:43:07.395 V/MediaPlayer( 1460): cleanDrmObj: mDrmObj=null mDrmSessionId=null
09-01 07:43:07.396 D/NuPlayerDriver(  910): reset(0xa2aca380) at state 6
09-01 07:43:07.403 I/hw-BpHwBinder(  910): onLastStrongRef automatically unlinking death recipients
09-01 07:43:07.410 D/NuPlayerDriver(  910): notifyResetComplete(0xa2aca380)
09-01 07:43:07.412 W/AMessage(  910): failed to post message as target looper for handler 0 is gone.
09-01 07:43:07.412 W/MediaPlayer( 1460): mediaplayer went away with unhandled events
09-01 07:43:07.413 I/Telecom ( 1460): BluetoothPhoneService: updateHeadsetWithCallState numActive 0, numHeld 0, callState 6, ringing number ***, ringing type 128, ringing name null: CSW.sDc->ICTP.r->ICTP.cUTP(cap)@FTU
09-01 07:43:07.414 I/Telecom ( 1460): CallAudioModeStateMachine: Message received: TONE_STOPPED_PLAYING.: CSW.sDc->ICTP.r->ICTP.cUTP->CAMSM.pM_3002(cap)@FTU
09-01 07:43:07.414 I/AS.AudioService( 1460): setMode(mode = 0, callingPackage = com.android.server.telecom, Process ID: 1460
09-01 07:43:07.414 I/Telecom ( 1460): CallAudioRouteStateMachine: Message received: SWITCH_FOCUS=4001, arg1=1: CSW.sDc->ICTP.r->ICTP.cUTP->CAMSM.pM_3002->CARSM.pM_SWITCH_FOCUS(cap)@FTU
09-01 07:43:07.414 I/Telecom ( 1460): ActiveEarpieceRoute: Processing message SWITCH_FOCUS: CSW.sDc->ICTP.r->ICTP.cUTP->CAMSM.pM_3002->CARSM.pM_SWITCH_FOCUS(cap)@FTU
09-01 07:43:07.414 I/Telecom ( 1460): CallAudioRouteStateMachine: turning speaker phone false: CSW.sDc->ICTP.r->ICTP.cUTP->CAMSM.pM_3002->CARSM.pM_SWITCH_FOCUS(cap)@FTU
09-01 07:43:07.414 I/AudioManager( 1460): In setSpeakerphoneOn(), on: false, calling application: com.android.server.telecom
09-01 07:43:07.414 I/AS.AudioService( 1460): In setSpeakerphoneOn(), on: false, eventSource: setSpeakerphoneOn(false) from u/pid:1000/1460
09-01 07:43:07.414 I/AS.AudioDeviceBroker( 1460): In isSpeakerphoneOn(), mForcedUseForCommExt: 0
09-01 07:43:07.415 I/AS.AudioDeviceBroker( 1460): In updateSpeakerphoneOn(), mForcedUseForCommExt: 0
09-01 07:43:07.415 D/audio_hw_primary(  562): adev_set_mode: mode 0 , prev_mode 2 
09-01 07:43:07.415 D/voice_extn(  562): voice_extn_stop_call: end all calls
09-01 07:43:07.415 D/voice_extn(  562): update_calls: enter:
09-01 07:43:07.415 D/voice_extn(  562): update_calls: cur_state=1 new_state=1 vsid=10c01000
09-01 07:43:07.415 D/voice_extn(  562): update_calls: cur_state=1 new_state=1 vsid=10dc1000
09-01 07:43:07.415 D/voice_extn(  562): update_calls: cur_state=1 new_state=1 vsid=10c02000
09-01 07:43:07.415 D/voice_extn(  562): update_calls: cur_state=1 new_state=1 vsid=10803000
09-01 07:43:07.415 D/voice_extn(  562): update_calls: cur_state=1 new_state=1 vsid=10002000
09-01 07:43:07.415 D/voice_extn(  562): update_calls: cur_state=1 new_state=1 vsid=11c05000
09-01 07:43:07.415 D/voice_extn(  562): update_calls: cur_state=1 new_state=1 vsid=11dc5000
09-01 07:43:07.415 D/audio_hw_primary(  562): select_devices for use case (low-latency-playback)
09-01 07:43:07.415 D/audio_hw_primary(  562): select_devices: changing use case low-latency-playback output device from(20: voice-handset, acdb 7) to (1: handset, acdb 7)
09-01 07:43:07.415 D/audio_hw_primary(  562): disable_audio_route: reset and update mixer path: low-latency-playback
09-01 07:43:07.415 I/AS.AudioDeviceBroker( 1460): In isSpeakerphoneOn(), mForcedUseForCommExt: 0
09-01 07:43:07.415 I/Telecom ( 1460): Logging.Events: Non-call EVENT: UNMUTE, null: CSW.sDc->ICTP.r->ICTP.cUTP->CAMSM.pM_3002->CARSM.pM_SWITCH_FOCUS(cap)@FTU
09-01 07:43:07.417 I/Telecom ( 1460): Logging.Events: Non-call EVENT: AUDIO_ROUTE, Leaving state ActiveEarpieceRoute: CSW.sDc->ICTP.r->ICTP.cUTP->CAMSM.pM_3002->CARSM.pM_SWITCH_FOCUS(cap)@FTU
09-01 07:43:07.417 I/system_server( 1460): oneway function results will be dropped but finished with status OK and parcel size 4
09-01 07:43:07.417 I/Telecom ( 1460): Logging.Events: Non-call EVENT: AUDIO_ROUTE, Entering state QuiescentEarpieceRoute: CSW.sDc->ICTP.r->ICTP.cUTP->CAMSM.pM_3002->CARSM.pM_SWITCH_FOCUS(cap)@FTU
09-01 07:43:07.418 I/chatty  ( 1994): uid=1002(bluetooth) e.StateMachines expire 2 lines
09-01 07:43:07.430 D/soundtrigger(  562): audio_extn_sound_trigger_update_stream_status: uc_info->id 1 of type 0 for Event 2, with Raise=0
09-01 07:43:07.430 D/audio_hw_bluebox(  562): audio_extn_bluebox_route_disabled() usecase=0
09-01 07:43:07.430 D/hardware_info(  562): hw_info_append_hw_type : device_name = voice-handset
09-01 07:43:07.430 D/audio_hw_primary(  562): disable_snd_device: snd_device(20: voice-handset)
09-01 07:43:07.430 I/soundtrigger(  562): audio_extn_sound_trigger_update_device_status: device 0x14 of type 0 for Event 0, with Raise=0
09-01 07:43:07.430 D/audio_hw_bluebox(  562): sending snd dev notification enabled=0 sdev=Speaker
09-01 07:43:07.430 D/commandrouter(  803): SocServiceHandle::onServiceMessage, SoC Service = audio_hal, appType = 1, type = SVC_REQ, clientId = 0, token = 620, payloadLen = 32, result = 0, payload.size() = 32
09-01 07:43:07.457 I/mcucapture(  961): 15054314 [info   ] {AUD }: SoundDevDisabled: Speaker
09-01 07:43:07.457 I/mcucapture(  961): 15054319 [info   ] {AUD }: setting audio power mode: STANDBY
09-01 07:43:07.458 I/mcucapture(  961): 15054325 [info   ] {AUD }: SmartAmpDSP: Refcount: 0
09-01 07:43:07.458 I/mcucapture(  961): 15054329 [info   ] {AUD }: Disabling SmartAmpDSP
09-01 07:43:07.503 D/commandrouter(  803): audio_hal (1, audio_hal:notification:push): <ServiceResponse> FORWARDED (remote -> local) CR token ID = 620, service client ID = 37, token ID = 2247, result = 0
09-01 07:43:07.503 I/msm8974_platform(  562): platform_check_and_set_codec_backend_cfg:becf: afe: bitwidth 16, samplerate 48000 channels 2, backend_idx 0 usecase = 1 device (handset)
09-01 07:43:07.503 I/msm8974_platform(  562): platform_check_and_set_codec_backend_cfg: new_snd_devices[0] is 1
09-01 07:43:07.503 I/msm8974_platform(  562): platform_check_codec_backend_cfg:becf: afe: bitwidth 16, samplerate 48000 channels 2, backend_idx 0 usecase = 1 device (handset)
09-01 07:43:07.504 E/audio_hw_extn(  562): audio_extn_enable_hifi_filter: Could not get ctl for mixer cmd - HiFi Filter, using default control
09-01 07:43:07.504 D/msm8974_platform(  562): platform_check_codec_backend_cfg:becf: updated afe: bitwidth 16, samplerate 48000 channels 2,backend_idx 0 usecase = 1 device (handset)
09-01 07:43:07.504 I/msm8974_platform(  562): platform_check_codec_backend_cfg:becf: afe: Codec selected backend: 0 updated bit width: 16 and sample rate: 48000
09-01 07:43:07.504 D/audio_hw_primary(  562): check_usecases_codec_backend:becf: force routing 0
09-01 07:43:07.504 D/audio_hw_primary(  562): check_usecases_codec_backend:becf: (85) check_usecases curr device: handset, usecase device:voice-handset backends match 1
09-01 07:43:07.504 D/audio_hw_primary(  562): check_usecases_codec_backend:becf: check_usecases num.of Usecases to switch 0
09-01 07:43:07.504 D/hardware_info(  562): hw_info_append_hw_type : device_name = handset
09-01 07:43:07.504 D/audio_hw_primary(  562): enable_snd_device: snd_device(1: handset)
09-01 07:43:07.504 D/msm8974_platform(  562): platform_get_island_cfg_on_device:island cfg status on snd_device = (handset 0)
09-01 07:43:07.504 I/soundtrigger(  562): audio_extn_sound_trigger_update_device_status: device 0x1 of type 0 for Event 1, with Raise=0
09-01 07:43:07.505 D/audio_route(  562): Apply path: handset
09-01 07:43:07.505 D/audio_hw_bluebox(  562): sending snd dev notification enabled=1 sdev=Speaker
09-01 07:43:07.505 D/commandrouter(  803): SocServiceHandle::onServiceMessage, SoC Service = audio_hal, appType = 1, type = SVC_REQ, clientId = 0, token = 621, payloadLen = 32, result = 0, payload.size() = 32
09-01 07:43:07.520 I/mcucapture(  961): 15054389 [info   ] {AUD }: SoundDevEnabled: Speaker
09-01 07:43:07.520 I/mcucapture(  961): 15054393 [info   ] {AUD }: setting audio power mode: STANDBY
09-01 07:43:07.568 I/mcucapture(  961): 15054437 [info   ] {AUD }: Enabling SmartAmpDSP
09-01 07:43:07.568 I/mcucapture(  961): 15054441 [info   ] {AUD }: SmartAmpDSP: Refcount: 1
09-01 07:43:07.569 D/commandrouter(  803): audio_hal (1, audio_hal:notification:push): <ServiceResponse> FORWARDED (remote -> local) CR token ID = 621, service client ID = 37, token ID = 2248, result = 0
09-01 07:43:07.569 D/soundtrigger(  562): audio_extn_sound_trigger_update_stream_status: uc_info->id 1 of type 0 for Event 3, with Raise=0
09-01 07:43:07.569 D/audio_hw_utils(  562): audio_extn_utils_send_app_type_cfg: usecase->out_snd_device handset
09-01 07:43:07.570 I/audio_hw_utils(  562): send_app_type_cfg_for_device PLAYBACK app_type 69937, acdb_dev_id 7, sample_rate 48000, snd_device_be_idx 40
09-01 07:43:07.571 D/ACDB-LOADER(  562): ACDB -> send_audio_cal, acdb_id = 7, path = 0, app id = 0x11131, sample rate = 48000, use_case = 0,buffer_idx_w_path =0, afe_sample_rate = 48000, cal_mode = 1, offset_index = 0
09-01 07:43:07.571 D/ACDB-LOADER(  562): ACDB -> send_asm_topology
09-01 07:43:07.571 D/ACDB-LOADER(  562): ACDB -> ACDB_CMD_GET_AUDPROC_STREAM_TOPOLOGY_ID
09-01 07:43:07.571 D/ACDB-LOADER(  562): ACDB -> send_adm_topology
09-01 07:43:07.571 D/ACDB-LOADER(  562): ACDB -> ACDB_CMD_GET_AUDPROC_COMMON_TOPOLOGY_ID
09-01 07:43:07.571 D/ACDB-LOADER(  562): ACDB -> send_audtable
09-01 07:43:07.571 D/ACDB-LOADER(  562): ACDB -> ACDB_CMD_GET_AUDPROC_COMMON_TABLE_SIZE
09-01 07:43:07.571 D/ACDB-LOADER(  562): ACDB -> ACDB_CMD_GET_AUDPROC_COMMON_TABLE
09-01 07:43:07.571 D/ACDB-LOADER(  562): ACDB -> AUDIO_SET_AUDPROC_CAL cal_type[11] acdb_id[7] app_type[69937]
09-01 07:43:07.571 D/ACDB-LOADER(  562): ACDB -> send_audvoltable
09-01 07:43:07.571 D/ACDB-LOADER(  562): ACDB -> ACDB_CMD_GET_AUDPROC_GAIN_DEP_STEP_TABLE_SIZE
09-01 07:43:07.571 D/ACDB-LOADER(  562): ACDB -> ACDB_CMD_GET_AUDPROC_GAIN_DEP_STEP_TABLE, vol index 0
09-01 07:43:07.571 D/ACDB-LOADER(  562): ACDB -> AUDIO_SET_VOL_CAL cal type = 12
09-01 07:43:07.572 D/ACDB-LOADER(  562): ACDB -> ACDB_CMD_GET_AUDPROC_STREAM_TABLE_SIZE
09-01 07:43:07.572 D/ACDB-LOADER(  562): ACDB -> send_audstrmtable
09-01 07:43:07.572 D/ACDB-LOADER(  562): ACDB -> ACDB_CMD_GET_AUDPROC_STREAM_TABLE_V2
09-01 07:43:07.572 D/ACDB-LOADER(  562): ACDB -> audstrm_cal->cal_type.cal_data.cal_size = 16
09-01 07:43:07.572 D/ACDB-LOADER(  562): ACDB -> send_afe_topology
09-01 07:43:07.572 D/ACDB-LOADER(  562): ACDB -> ACDB_CMD_GET_AFE_TOPOLOGY_ID
09-01 07:43:07.572 D/ACDB-LOADER(  562): ACDB -> GET_AFE_TOPOLOGY_ID for adcd_id 7, Topology Id 112fc
09-01 07:43:07.572 D/ACDB-LOADER(  562): ACDB -> send_afe_cal
09-01 07:43:07.572 D/ACDB-LOADER(  562): ACDB -> ACDB_CMD_GET_AFE_COMMON_TABLE_SIZE
09-01 07:43:07.572 D/android.hardware.audio.service(  562): Failed to fetch the lookup information of the device 00000007 
09-01 07:43:07.572 D/ACDB-LOADER(  562): Error: ACDB_CMD_GET_AFE_COMMON_TABLE_SIZE Returned = -19
09-01 07:43:07.572 D/ACDB-LOADER(  562): ACDB -> ACDB_CMD_GET_AFE_COMMON_TABLE
09-01 07:43:07.572 D/android.hardware.audio.service(  562): Failed to fetch the lookup information of the device 00000007 
09-01 07:43:07.572 D/ACDB-LOADER(  562): Error: ACDB AFE returned = -19
09-01 07:43:07.572 D/ACDB-LOADER(  562): ACDB -> AUDIO_SET_AFE_CAL cal_type[16] acdb_id[7]
09-01 07:43:07.572 D/ACDB-LOADER(  562): ACDB -> send_hw_delay : acdb_id = 7 path = 0
09-01 07:43:07.572 D/ACDB-LOADER(  562): ACDB -> ACDB_AVSYNC_INFO: ACDB_CMD_GET_DEVICE_PROPERTY
09-01 07:43:07.572 D/audio_hw_bluebox(  562): audio_extn_bluebox_route_enabled() usecase=0
09-01 07:43:07.572 D/audio_hw_primary(  562): enable_audio_route: apply mixer and update path: low-latency-playback
09-01 07:43:07.572 D/audio_route(  562): Apply path: low-latency-playback
09-01 07:43:07.601 D/AudioPolicyManagerCustom(  625): setPhoneState() state 0
09-01 07:43:07.606 W/APM::AudioPolicyEngine(  625): getDevicesForStrategy() unknown strategy: -1
09-01 07:43:07.608 I/chatty  (  625): uid=1041(audioserver) Binder:625_5 identical 5 lines
09-01 07:43:07.647 I/chatty  (  562): uid=1041(audioserver) HwBinder:562_3 expire 4 lines
09-01 07:43:07.656 I/chatty  (  625): uid=1041(audioserver) Binder:625_5 expire 1 line
09-01 07:43:07.673 E/QMI_FW  ( 1038): qmi_cci_get_ref: ref count increased 2
09-01 07:43:07.675 E/QMI_FW  ( 1038): qmi_cci_get_ref: ref count increased 2
09-01 07:43:07.681 I/chatty  (  562): uid=1041(audioserver) HwBinder:562_4 expire 7 lines
09-01 07:43:07.686 I/chatty  (  625): uid=1041(audioserver) Binder:625_5 expire 3 lines
09-01 07:43:07.697 I/chatty  (  625): uid=1041(audioserver) ApmOutput expire 1 line
09-01 07:43:07.698 I/chatty  (  625): uid=1041(audioserver) /system/bin/audioserver expire 1 line
09-01 07:43:07.742 I/Telecom ( 1460): CallAudioModeStateMachine: Message received: AUDIO_OPERATIONS_COMPLETE.: CSW.sDc->ICTP.r->ICTP.cUTP->CAMSM.pM_3002->CARSM.pM_SWITCH_FOCUS->CAMSM.pM_6001(cap)@FTU
09-01 07:43:07.742 I/Telecom ( 1460): CallAudioModeStateMachine: Abandoning audio focus: now UNFOCUSED: CSW.sDc->ICTP.r->ICTP.cUTP->CAMSM.pM_3002->CARSM.pM_SWITCH_FOCUS->CAMSM.pM_6001(cap)@FTU
09-01 07:43:07.742 I/AS.AudioDeviceBroker( 1460): In updateSpeakerphoneOn(), mForcedUseForCommExt: 0
09-01 07:43:07.743 I/MediaFocusControl( 1460): abandonAudioFocus() from uid/pid 1000/1460 clientId=AudioFocus_For_Phone_Ring_And_Calls
09-01 07:43:07.742 I/chatty  (  625): uid=1041(audioserver) Binder:625_7 expire 1 line
09-01 07:43:07.868 I/Telecom ( 1460): InCallController: CSICSC: disconnect com.android.server.telecom.InCallController$EmergencyInCallServiceConnection@53fe3d4: CSW.rC->CM.mCAR->ICC.oCR(cap)@FTs
09-01 07:43:07.868 I/Telecom ( 1460): EmergencyInCallServiceConnection: Disconnect forced!: CSW.rC->CM.mCAR->ICC.oCR(cap)@FTs
09-01 07:43:07.868 I/Telecom ( 1460): InCallController: ICSBC#disconnect: unbinding after 43550 ms;[ComponentInfo{com.facebook.wearable.apps.phone/com.facebook.wearable.apps.phone.call.CallService} supportsExternal? false supportsSelfMg?true]. isCrashed: false: CSW.rC->CM.mCAR->ICC.oCR(cap)@FTs
09-01 07:43:07.879 I/Telecom ( 1460): InCallController: onDisconnected from ComponentInfo{com.facebook.wearable.apps.phone/com.facebook.wearable.apps.phone.call.CallService}: CSW.rC->CM.mCAR->ICC.oCR(cap)@FTs
09-01 07:43:07.879 I/Telecom ( 1460): InCallController: trackCallingUserInterfaceStopped: com.facebook.wearable.apps.phone is no longer calling UX: CSW.rC->CM.mCAR->ICC.oCR(cap)@FTs
09-01 07:43:08.001 D/CompatibilityInfo( 1460): mCompatibilityFlags - 4
09-01 07:43:08.001 D/CompatibilityInfo( 1460): applicationDensity - 320
09-01 07:43:08.001 D/CompatibilityInfo( 1460): applicationScale - 1.0
09-01 07:43:08.077 D/CompatibilityInfo( 1460): mCompatibilityFlags - 4
09-01 07:43:08.077 D/CompatibilityInfo( 1460): applicationDensity - 320
09-01 07:43:08.077 D/CompatibilityInfo( 1460): applicationScale - 1.0
09-01 07:43:08.318 E/NotificationService( 1460): Muting ongoing event notification 0|com.facebook.wearable.apps.phone|102572528|null|10043
09-01 07:43:08.319 D/NotificationService( 1460): 0|com.facebook.wearable.apps.phone|102572528|null|10043: granting content://settings/system/notification_sound
09-01 07:43:08.328 I/chatty  ( 1460): uid=1000 system_server identical 2 lines
09-01 07:43:08.328 D/NotificationService( 1460): 0|com.facebook.wearable.apps.phone|102572528|null|10043: granting content://settings/system/notification_sound
09-01 07:43:08.336 W/NotificationHistory( 1460): Attempted to add notif for locked/gone/disabled user 0
09-01 07:43:08.342 E/NotificationService( 1460): Muting recently noisy 0|com.facebook.wearable.apps.phone|102572528|null|10043
09-01 07:43:08.429 D/ActivityTrigger( 1460): ActivityTrigger activityPauseTrigger 
09-01 07:43:08.491 D/CompatibilityInfo( 1460): mCompatibilityFlags - 4
09-01 07:43:08.491 D/CompatibilityInfo( 1460): applicationDensity - 320
09-01 07:43:08.491 D/CompatibilityInfo( 1460): applicationScale - 1.0
09-01 07:43:08.495 D/McuTransferService( 2270): the service started
09-01 07:43:08.526 W/HWComposer(  647): Ignoring duplicate VSYNC event from HWC for display 0 (t=15082521370911)
09-01 07:43:08.530 E/ANDR-PERF-JNI( 1460): UXEngine Trigger - Returning null
09-01 07:43:08.557 E/DayDateSystemComplicationProvider( 2824): Updating Day Date System Complication
09-01 07:43:08.573 W/JobInfo ( 2824): Requested flex +5s0ms for job 11 is too small; raising to +5m0s0ms
09-01 07:43:08.650 I/mcu_health_check_jni_handler( 2270): isMcuReachable
09-01 07:43:08.651 D/mcu_health_checker( 2270): Sent isMcuReachable Request
09-01 07:43:08.651 D/commandrouter(  803): SocServiceHandle::onServiceMessage, SoC Service = mcu_healthcheck_2270, appType = 7, type = SVC_REQ, clientId = 0, token = 458, payloadLen = 12, result = 0, payload.size() = 12
09-01 07:43:08.673 D/commandrouter(  803): mcu_healthcheck_2270 (7, merlot:mcu_health:control): <ServiceResponse> FORWARDED (remote -> local) CR token ID = 458, service client ID = 36, token ID = 2249, result = 0
09-01 07:43:08.674 D/mcu_health_checker( 2270): MCU Health Response: MCU_OK
09-01 07:43:08.675 I/mcucapture(  961): 15055537 [info   ] {hlth}: Received control service request
09-01 07:43:08.676 I/mcucapture(  961): 15055542 [info   ] {hlth}: Health Request cmd: GET_STATUS
09-01 07:43:08.676 I/mcucapture(  961): 15055547 [info   ] {hlth}: Responded to req, result = MCU_OK
09-01 07:43:08.730 W/HWComposer(  647): Ignoring duplicate VSYNC event from HWC for display 0 (t=15082725917161)
09-01 07:43:08.803 I/mcu_health_check_jni_handler( 2270): isMcuReachable
09-01 07:43:08.803 D/mcu_health_checker( 2270): Sent isMcuReachable Request
09-01 07:43:08.803 D/commandrouter(  803): SocServiceHandle::onServiceMessage, SoC Service = mcu_healthcheck_2270, appType = 7, type = SVC_REQ, clientId = 0, token = 459, payloadLen = 12, result = 0, payload.size() = 12
09-01 07:43:08.822 D/commandrouter(  803): mcu_healthcheck_2270 (7, merlot:mcu_health:control): <ServiceResponse> FORWARDED (remote -> local) CR token ID = 459, service client ID = 36, token ID = 2250, result = 0
09-01 07:43:08.822 D/mcu_health_checker( 2270): MCU Health Response: MCU_OK
09-01 07:43:08.824 I/mcucapture(  961): 15055686 [info   ] {hlth}: Received control service request
09-01 07:43:08.824 I/mcucapture(  961): 15055691 [info   ] {hlth}: Health Request cmd: GET_STATUS
09-01 07:43:08.825 I/mcucapture(  961): 15055696 [info   ] {hlth}: Responded to req, result = MCU_OK
09-01 07:43:08.841 D/McuTransferService( 2270): the service is being destroyed
09-01 07:43:08.841 D/McuTransferService( 2270): skipping close shared connection to avoid race condition
09-01 07:43:08.846 D/CompatibilityInfo( 1460): mCompatibilityFlags - 4
09-01 07:43:08.846 D/CompatibilityInfo( 1460): applicationDensity - 320
09-01 07:43:08.846 D/CompatibilityInfo( 1460): applicationScale - 1.0
09-01 07:43:08.948 W/ErrorCounterBase( 2824): NotificationFactory Notification is missing ranking/importance com.facebook.wearable.apps.phone null
09-01 07:43:08.973 I/MailboxServiceStub( 3395): getThreads limit=20 offset=0
09-01 07:43:09.286 D/CompatibilityInfo( 1460): mCompatibilityFlags - 4
09-01 07:43:09.286 D/CompatibilityInfo( 1460): applicationDensity - 320
09-01 07:43:09.286 D/CompatibilityInfo( 1460): applicationScale - 1.0
09-01 07:43:09.378 D/CompatibilityInfo( 1460): mCompatibilityFlags - 4
09-01 07:43:09.378 D/CompatibilityInfo( 1460): applicationDensity - 320
09-01 07:43:09.378 D/CompatibilityInfo( 1460): applicationScale - 1.0
09-01 07:43:09.395 E/SurfaceFragment(14543): sharedViewModel.person throw exception: kotlinx.coroutines.JobCancellationException: Job was cancelled; job=SupervisorJobImpl{Cancelling}@2cefc7c
09-01 07:43:09.550 D/CompatibilityInfo( 1460): mCompatibilityFlags - 4
09-01 07:43:09.551 D/CompatibilityInfo( 1460): applicationDensity - 320
09-01 07:43:09.551 D/CompatibilityInfo( 1460): applicationScale - 1.0
09-01 07:43:10.447 I/chatty  (  562): uid=1041(audioserver) HwBinder:562_4 expire 5 lines
09-01 07:43:10.447 D/commandrouter(  803): SocServiceHandle::onServiceMessage, SoC Service = audio_hal, appType = 1, type = SVC_REQ, clientId = 0, token = 622, payloadLen = 32, result = 0, payload.size() = 32
09-01 07:43:10.475 I/mcucapture(  961): 15057328 [info   ] {AUD }: SoundDevDisabled: Speaker
09-01 07:43:10.475 I/mcucapture(  961): 15057333 [info   ] {AUD }: setting audio power mode: STANDBY
09-01 07:43:10.475 I/mcucapture(  961): 15057340 [info   ] {AUD }: SmartAmpDSP: Refcount: 0
09-01 07:43:10.475 I/mcucapture(  961): 15057344 [info   ] {AUD }: Disabling SmartAmpDSP
09-01 07:43:10.507 D/commandrouter(  803): audio_hal (1, audio_hal:notification:push): <ServiceResponse> FORWARDED (remote -> local) CR token ID = 622, service client ID = 37, token ID = 2251, result = 0
09-01 07:43:10.509 I/system_server( 1460): oneway function results will be dropped but finished with status OK and parcel size 4
09-01 07:43:10.801 D/commandrouter(  803): sleep (1, sleep:data): <ServiceRequest> FORWARDED (remote -> local) service client ID = 1, token ID = 35191
09-01 07:43:10.802 D/OTTS_sleep_jni( 2654): Unpacked SleepDataUpdateRequest.
09-01 07:43:10.802 D/OTTS_sleep_jni( 2654): Received SleepDataRequest with OTT of size 64
09-01 07:43:10.802 D/OTTS_sleep_jni( 2654): Calling sleep data callback...
09-01 07:43:10.802 D/OTTS_sleep_jni( 2654): Calling Java sleep callback for OTT data.
09-01 07:43:10.803 D/OTTS_OTTDataHandler( 2654): Got new OTT data of length: 64 at time 0
09-01 07:43:10.803 D/OTTS_OTTDataHandler( 2654): Sending OTT to Delegation
09-01 07:43:10.807 D/commandrouter(  803): SocServiceHandle::onServiceMessage, SoC Service = sleep, appType = 1, type = SVC_RESP, clientId = 1, token = 35191, payloadLen = 12, result = 0, payload.size() = 12
09-01 07:43:10.810 D/commandrouter(  803): sleep (1, sleep:data): <ServiceRequest> FORWARDED (remote -> local) service client ID = 1, token ID = 35192
09-01 07:43:10.810 D/OTTS_sleep_jni( 2654): Unpacked SleepDataUpdateRequest.
09-01 07:43:10.810 D/OTTS_sleep_jni( 2654): Received SleepDataRequest with OTT of size 35
09-01 07:43:10.810 D/OTTS_sleep_jni( 2654): Calling sleep data callback...
09-01 07:43:10.811 D/OTTS_sleep_jni( 2654): Calling Java sleep callback for OTT data.
09-01 07:43:10.811 D/OTTS_OTTDataHandler( 2654): Got new OTT data of length: 35 at time 0
09-01 07:43:10.811 D/OTTS_OTTDataHandler( 2654): Sending OTT to Delegation
09-01 07:43:10.813 D/commandrouter(  803): SocServiceHandle::onServiceMessage, SoC Service = sleep, appType = 1, type = SVC_RESP, clientId = 1, token = 35192, payloadLen = 12, result = 0, payload.size() = 12
09-01 07:43:11.370 D/BufferPoolAccessor2.0(  970): evictor expired: 1, evicted: 0
09-01 07:43:11.830 W/bluelink(  803): [System] updateSmoothedTime: too early or too late; st=15091.327, rt=15097.138
09-01 07:43:11.864 I/system.launche( 2824): Method exceeds compiler instruction limit: 18936 in java.lang.Object kotlin.coroutines.jvm.internal.BaseContinuationImpl.invokeSuspend(java.lang.Object)
09-01 07:43:12.364 D/BufferPoolAccessor2.0(  910): evictor expired: 1, evicted: 0
09-01 07:43:12.533 E/TaskPersister( 1460): File error accessing recents directory (directory doesn't exist?).
09-01 07:43:13.365 D/BufferPoolAccessor2.0(  910): bufferpool2 0xa17da118 : 0(0 size) total buffers - 0(0 size) used buffers - 37/45 (recycle/alloc) - 8/86 (fetch/transfer)
09-01 07:43:13.365 D/BufferPoolAccessor2.0(  910): evictor expired: 1, evicted: 1
09-01 07:43:13.371 D/BufferPoolAccessor2.0(  970): bufferpool2 0x931e4bd8 : 0(0 size) total buffers - 0(0 size) used buffers - 38/41 (recycle/alloc) - 3/40 (fetch/transfer)
09-01 07:43:13.371 D/BufferPoolAccessor2.0(  970): evictor expired: 1, evicted: 1
09-01 07:43:16.846 W/bluelink(  803): [System] updateSmoothedTime: too early or too late; st=15096.325, rt=15102.153
09-01 07:43:16.846 D/commandrouter(  803): rtc_sync (1, rtc:sync): <ServiceRequest> FORWARDED (remote -> local) service client ID = 0, token ID = 35193
09-01 07:43:16.847 D/vendor.facebook.rtc_sync@1.0-service( 1013): Request req_ts=1630482196819747380 resp_ts=1630482196847160189
09-01 07:43:16.847 D/commandrouter(  803): SocServiceHandle::onServiceMessage, SoC Service = rtc_sync, appType = 1, type = SVC_RESP, clientId = 0, token = 35193, payloadLen = 8, result = 0, payload.size() = 8
09-01 07:43:16.866 I/mcucapture(  961): 15063709 [warning] {tsyn}: timesync: bad fit err=5330550 loc=15063714330550.126953 rem=15102153015136 send=15063704000000 recv=15063709000000 rtt=5000000
09-01 07:43:17.118 E/QMI_FW  ( 1038): qmi_cci_get_ref: ref count increased 2
09-01 07:43:17.120 E/QMI_FW  ( 1038): qmi_cci_get_ref: ref count increased 2
09-01 07:43:17.222 E/QMI_FW  ( 1038): qmi_cci_get_ref: ref count increased 2
09-01 07:43:17.225 E/QMI_FW  ( 1038): qmi_cci_get_ref: ref count increased 2
09-01 07:43:17.248 E/QMI_FW  ( 1038): qmi_cci_get_ref: ref count increased 2
09-01 07:43:17.267 I/chatty  ( 1038): uid=1001(radio) DispatcherModul identical 13 lines
09-01 07:43:17.268 E/QMI_FW  ( 1038): qmi_cci_get_ref: ref count increased 2
09-01 07:43:17.360 I/QImsService( 2210): ImsSenderRxr : [UNSL]< UNSOL_VOPS_CHANGED true[SUB0]
09-01 07:43:17.367 I/QImsService( 2210): ImsServiceSubHandler : Message received: what = 25
09-01 07:43:17.367 I/QImsService( 2210): ImsServiceSub : [0] broadcastVopsSsacIntent Vops = true , Ssac = false , PhoneId = 0
09-01 07:43:17.370 E/QMI_FW  ( 1038): qmi_cci_get_ref: ref count increased 2
09-01 07:43:17.380 E/QMI_FW  ( 1038): qmi_cci_get_ref: ref count increased 2
09-01 07:43:17.442 E/QMI_FW  ( 1038): qmi_cci_get_ref: ref count increased 2
09-01 07:43:17.449 I/chatty  ( 1038): uid=1001(radio) main identical 6 lines
09-01 07:43:17.450 E/QMI_FW  ( 1038): qmi_cci_get_ref: ref count increased 2
09-01 07:43:17.453 E/QMI_FW  ( 1038): qmi_cci_get_ref: ref count increased 2
09-01 07:43:17.455 E/QMI_FW  ( 1038): qmi_cci_get_ref: ref count increased 2
09-01 07:43:17.461 I/chatty  ( 1038): uid=1001(radio) main identical 6 lines
09-01 07:43:17.462 E/QMI_FW  ( 1038): qmi_cci_get_ref: ref count increased 2
09-01 07:43:17.502 E/QMI_FW  ( 1038): qmi_cci_get_ref: ref count increased 2
09-01 07:43:17.509 E/QMI_FW  ( 1038): qmi_cci_get_ref: ref count increased 2
09-01 07:43:17.515 I/chatty  ( 1038): uid=1001(radio) DedicatedThread identical 6 lines
09-01 07:43:17.516 E/QMI_FW  ( 1038): qmi_cci_get_ref: ref count increased 2
09-01 07:43:17.517 E/QMI_FW  ( 1038): qmi_cci_get_ref: ref count increased 2
09-01 07:43:17.999 W/RuleEvaluation( 1460): Integrity rule files are not available.
09-01 07:43:18.000 I/PackageManager( 1460): Integrity check passed for file:///data/app/vmdl219482875.tmp
09-01 07:43:18.030 I/ActivityManager( 1460): Force stopping com.github.uiautomator appid=10113 user=-1: installPackageLI
09-01 07:43:18.033 I/ActivityManager( 1460): Killing 16026:com.github.uiautomator/u0a113 (adj 0): stop com.github.uiautomator due to installPackageLI
09-01 07:43:18.033 I/PackageManager( 1460): Update package com.github.uiautomator code path from /data/app/~~60DZpXbsghT-kc2F8AZ85A==/com.github.uiautomator-JLYYGTKZ0mHqR7LtpCFTPg== to /data/app/~~qX-Nh4uBJvATIOVQPJyp0Q==/com.github.uiautomator-VkoBJN2kiiBBC-8kZ89_oA==; Retain data and using new
09-01 07:43:18.034 I/PackageManager( 1460): Update package com.github.uiautomator resource path from /data/app/~~60DZpXbsghT-kc2F8AZ85A==/com.github.uiautomator-JLYYGTKZ0mHqR7LtpCFTPg== to /data/app/~~qX-Nh4uBJvATIOVQPJyp0Q==/com.github.uiautomator-VkoBJN2kiiBBC-8kZ89_oA==; Retain data and using new
09-01 07:43:17.523 I/chatty  ( 1038): uid=1001(radio) main identical 6 lines
09-01 07:43:17.525 E/QMI_FW  ( 1038): qmi_cci_get_ref: ref count increased 2
09-01 07:43:18.040 W/HWComposer(  647): Ignoring duplicate VSYNC event from HWC for display 0 (t=15092035737574)
09-01 07:43:18.049 W/ActivityManager( 1460): Crash of app com.github.uiautomator running instrumentation ComponentInfo{com.github.uiautomator.test/android.support.test.runner.AndroidJUnitRunner}
09-01 07:43:18.066 D/CompatibilityChangeReporter( 1460): Compat change id reported: 135549675; UID 10113; state: DISABLED
09-01 07:43:18.071 D/AndroidRuntime(16011): Shutting down VM
09-01 07:43:18.127 I/Zygote  (  476): Process 16026 exited due to signal 9 (Killed)
09-01 07:43:18.164 I/libprocessgroup( 1460): Successfully killed process cgroup uid 10113 pid 16026 in 122ms
09-01 07:43:18.247 D/PackageManager( 1460): Instant App installer not found with android.intent.action.INSTALL_INSTANT_APP_PACKAGE
09-01 07:43:18.247 D/PackageManager( 1460): Clear ephemeral installer activity
09-01 07:43:18.249 W/system_server( 1460): Long monitor contention with owner PackageManager (1635) at void com.android.server.pm.PackageManagerService.updateSettingsInternalLI(com.android.server.pm.parsing.pkg.AndroidPackage, com.android.server.pm.PackageManagerService$InstallArgs, int[], com.android.server.pm.PackageManagerService$PackageInstalledInfo)(PackageManagerService.java:16290) waiters=1 in com.android.server.pm.parsing.pkg.AndroidPackage com.android.server.pm.PackageManagerService$PackageManagerInternalImpl.getPackage(java.lang.String) for 196ms
09-01 07:43:18.254 I/ActivityManager( 1460): Force stopping com.github.uiautomator appid=10113 user=0: finished inst
09-01 07:43:18.269 W/EventCoordinator( 2771): releaseMemory
09-01 07:43:18.312 W/WindowManager( 1460): removeWindowToken: Attempted to remove non-existing token: android.os.Binder@404411c
09-01 07:43:18.320 W/Looper  ( 1460): Slow dispatch took 289ms android.ui h=com.android.server.am.ActivityManagerService$UiHandler c=null m=53
09-01 07:43:18.320 W/Looper  ( 1460): Slow delivery took 273ms android.ui h=com.android.server.am.ActivityManagerService$UiHandler c=null m=32
09-01 07:43:18.369 W/system_server( 1460): Long monitor contention with owner Binder:1460_C (2869) at void com.android.server.accessibility.AbstractAccessibilityServiceConnection.onDisplayRemoved(int)(AbstractAccessibilityServiceConnection.java:1143) waiters=0 in void com.android.server.accessibility.AbstractAccessibilityServiceConnection.notifyAccessibilityEventInternal(int, android.view.accessibility.AccessibilityEvent, boolean) for 103ms
09-01 07:43:18.370 W/Looper  ( 1460): Slow dispatch took 120ms main h=com.android.server.accessibility.AbstractAccessibilityServiceConnection$1 c=null m=2048
09-01 07:43:18.383 W/WindowManager( 1460): Cannot find window which accessibility connection is added to
09-01 07:43:18.459 E/installd(  889): Couldn't opendir /data/app/vmdl219482875.tmp: No such file or directory
09-01 07:43:18.459 E/installd(  889): Failed to delete /data/app/vmdl219482875.tmp: No such file or directory
09-01 07:43:18.464 I/ActivityManager( 1460): Force stopping com.github.uiautomator appid=10113 user=0: pkg removed
09-01 07:43:18.478 I/MediaProvider( 2717): Invalidating LocalCallingIdentity cache for package com.github.uiautomator. Reason: package android.intent.action.PACKAGE_REMOVED
09-01 07:43:18.480 W/BroadcastQueue( 1460): Background execution not allowed: receiving Intent { act=android.intent.action.PACKAGE_REMOVED dat=package:com.github.uiautomator flg=0x4000010 (has extras) } to com.android.gallery3d/.app.PackagesMonitor
09-01 07:43:18.481 W/Looper  ( 1460): Drained
09-01 07:43:18.481 I/chatty  ( 1994): uid=1002(bluetooth) com.android.bluetooth expire 170 lines
09-01 07:43:18.483 D/CompatibilityInfo( 1460): mCompatibilityFlags - 14
09-01 07:43:18.483 D/CompatibilityInfo( 1460): applicationDensity - 320
09-01 07:43:18.483 D/CompatibilityInfo( 1460): applicationScale - 1.0
09-01 07:43:18.507 I/MediaProvider( 2717): Invalidating LocalCallingIdentity cache for package com.github.uiautomator. Reason: package android.intent.action.PACKAGE_ADDED
09-01 07:43:18.517 W/BroadcastQueue( 1460): Background execution not allowed: receiving Intent { act=android.intent.action.PACKAGE_ADDED dat=package:com.github.uiautomator flg=0x4000010 (has extras) } to com.android.packageinstaller/.PackageInstalledReceiver
09-01 07:43:18.517 W/BroadcastQueue( 1460): Background execution not allowed: receiving Intent { act=android.intent.action.PACKAGE_ADDED dat=package:com.github.uiautomator flg=0x4000010 (has extras) } to com.android.gallery3d/.app.PackagesMonitor
09-01 07:43:18.541 E/SmsApplication( 2246): com.facebook.wearable.apps.messages does not have system signature
09-01 07:43:18.554 I/InputReader( 1460): Reconfiguring input devices, changes=KEYBOARD_LAYOUTS | 
09-01 07:43:18.557 I/InputReader( 1460): Reconfiguring input devices, changes=KEYBOARD_LAYOUTS | 
09-01 07:43:18.563 D/CompatibilityInfo( 1460): mCompatibilityFlags - 4
09-01 07:43:18.563 D/CompatibilityInfo( 1460): applicationDensity - 320
09-01 07:43:18.563 D/CompatibilityInfo( 1460): applicationScale - 1.0
09-01 07:43:18.567 W/BroadcastQueue( 1460): Background execution not allowed: receiving Intent { act=android.intent.action.PACKAGE_ADDED dat=package:com.github.uiautomator flg=0x4000010 (has extras) } to com.facebook.wearable.system.appmanager/com.facebook.aloha.app.appmanager.common.packages.event.manifest.ManifestPackageEventReceiver
09-01 07:43:18.572 W/BroadcastQueue( 1460): Background execution not allowed: receiving Intent { act=android.intent.action.PACKAGE_REPLACED dat=package:com.github.uiautomator flg=0x4000010 (has extras) } to com.facebook.wearable.system.appmanager/com.facebook.aloha.app.appmanager.common.packages.event.manifest.ManifestPackageEventReceiver
09-01 07:43:18.572 I/InputReader( 1460): Reconfiguring input devices, changes=KEYBOARD_LAYOUTS | 
09-01 07:43:18.576 I/chatty  (  625): uid=1041(audioserver) Binder:625_5 expire 2 lines
09-01 07:43:18.577 I/chatty  (  625): uid=1041(audioserver) Binder:625_7 expire 28 lines
09-01 07:43:18.582 D/RegisteredNfcFServicesCache( 2632): Service unchanged, not updating
09-01 07:43:18.617 E/SmsApplication( 2246): com.facebook.wearable.apps.messages does not have system signature
09-01 07:43:18.665 E/SmsApplication( 2246): com.facebook.wearable.apps.messages does not have system signature
09-01 07:43:18.673 I/Telecom ( 1460): DefaultDialerCache: Refreshing default dialer for user 0: now com.facebook.wearable.apps.phone: DDC.oR@FW0
09-01 07:43:18.686 V/BackupManagerConstants( 1460): getFullBackupIntervalMilliseconds(...) returns 86400000
09-01 07:43:18.686 V/BackupManagerConstants( 1460): getFullBackupRequiredNetworkType(...) returns 2
09-01 07:43:18.686 V/BackupManagerConstants( 1460): getFullBackupRequireCharging(...) returns true
09-01 07:43:18.696 W/TextServicesManagerService( 1460): no available spell checker services found
09-01 07:43:18.722 D/CarrierSvcBindHelper( 2246): No carrier app for: 0
09-01 07:43:18.740 D/CarrierSvcBindHelper( 2246): No carrier app for: 0
09-01 07:43:18.751 W/Searchables( 1460): No global search activity found
09-01 07:43:18.755 D/CompatibilityInfo( 1460): mCompatibilityFlags - 4
09-01 07:43:18.755 D/CompatibilityInfo( 1460): applicationDensity - 320
09-01 07:43:18.755 D/CompatibilityInfo( 1460): applicationScale - 1.0
09-01 07:43:18.759 W/Searchables( 1460): No global search activity found
09-01 07:43:18.778 D/ImsResolver( 2246): maybeAddedImsService, packageName: com.github.uiautomator
09-01 07:43:18.779 W/VoiceInteractionManager( 1460): no available voice recognition services found for user 0
09-01 07:43:18.785 D/CarrierConfigLoader( 2246): mHandler: 12 phoneId: 0
09-01 07:43:18.804 I/PermissionControllerServiceImpl(10768): Updating user sensitive for uid 10113
09-01 07:43:19.712 W/RuleEvaluation( 1460): Integrity rule files are not available.
09-01 07:43:19.713 I/PackageManager( 1460): Integrity check passed for file:///data/app/vmdl716049196.tmp
09-01 07:43:19.727 I/ActivityManager( 1460): Force stopping com.github.uiautomator.test appid=10114 user=-1: installPackageLI
09-01 07:43:19.728 I/PackageManager( 1460): Update package com.github.uiautomator.test code path from /data/app/~~TFjEUv0RadebEuM7XmMXyg==/com.github.uiautomator.test-q4Nehc3ZL5VrnB-qHkEg3w== to /data/app/~~2Bq9Kurlmoj7YTl71HUFUQ==/com.github.uiautomator.test-rbazTeNLg7z5TYbxGJrEJw==; Retain data and using new
09-01 07:43:19.728 I/PackageManager( 1460): Update package com.github.uiautomator.test resource path from /data/app/~~TFjEUv0RadebEuM7XmMXyg==/com.github.uiautomator.test-q4Nehc3ZL5VrnB-qHkEg3w== to /data/app/~~2Bq9Kurlmoj7YTl71HUFUQ==/com.github.uiautomator.test-rbazTeNLg7z5TYbxGJrEJw==; Retain data and using new
09-01 07:43:19.908 D/PackageManager( 1460): Instant App installer not found with android.intent.action.INSTALL_INSTANT_APP_PACKAGE
09-01 07:43:19.908 D/PackageManager( 1460): Clear ephemeral installer activity
09-01 07:43:19.949 E/installd(  889): Couldn't opendir /data/app/vmdl716049196.tmp: No such file or directory
09-01 07:43:19.949 E/installd(  889): Failed to delete /data/app/vmdl716049196.tmp: No such file or directory
09-01 07:43:19.950 I/ActivityManager( 1460): Force stopping com.github.uiautomator.test appid=10114 user=0: pkg removed
09-01 07:43:19.953 I/cmd     (16280): oneway function results will be dropped but finished with status OK and parcel size 4
