--------- beginning of system
09-01 07:41:40.913 D/commandrouter(  803): sleep (1, sleep:data): <ServiceRequest> FORWARDED (remote -> local) service client ID = 1, token ID = 35176
09-01 07:41:40.918 D/commandrouter(  803): SocServiceHandle::onServiceMessage, SoC Service = sleep, appType = 1, type = SVC_RESP, clientId = 1, token = 35176, payloadLen = 12, result = 0, payload.size() = 12
09-01 07:41:40.921 D/commandrouter(  803): sleep (1, sleep:data): <ServiceRequest> FORWARDED (remote -> local) service client ID = 1, token ID = 35177
09-01 07:41:40.923 D/commandrouter(  803): SocServiceHandle::onServiceMessage, SoC Service = sleep, appType = 1, type = SVC_RESP, clientId = 1, token = 35177, payloadLen = 12, result = 0, payload.size() = 12
09-01 07:41:42.342 I/chatty  ( 1460): uid=1000(system) Binder:1460_E expire 1 line
09-01 07:41:42.864 I/chatty  ( 1460): uid=1000(system) AppIntegrityMan expire 3 lines
09-01 07:41:42.865 I/chatty  ( 1460): uid=1000(system) PackageManager expire 10 lines
09-01 07:41:44.289 I/chatty  ( 1460): uid=1000(system) Binder:1460_8 expire 2 lines
09-01 07:41:44.294 I/chatty  ( 1460): uid=1000(system) ActivityManager expire 2 lines
09-01 07:41:46.502 I/chatty  ( 1460): uid=1000(system) android.anim expire 1 line
09-01 07:41:46.804 D/commandrouter(  803): rtc_sync (1, rtc:sync): <ServiceRequest> FORWARDED (remote -> local) service client ID = 0, token ID = 35178
09-01 07:41:46.805 D/commandrouter(  803): SocServiceHandle::onServiceMessage, SoC Service = rtc_sync, appType = 1, type = SVC_RESP, clientId = 0, token = 35178, payloadLen = 8, result = 0, payload.size() = 8
09-01 07:41:50.849 I/chatty  ( 1460): uid=1000(system) android.ui expire 5 lines
09-01 07:41:56.823 D/commandrouter(  803): rtc_sync (1, rtc:sync): <ServiceRequest> FORWARDED (remote -> local) service client ID = 0, token ID = 35179
09-01 07:41:56.824 D/commandrouter(  803): SocServiceHandle::onServiceMessage, SoC Service = rtc_sync, appType = 1, type = SVC_RESP, clientId = 0, token = 35179, payloadLen = 8, result = 0, payload.size() = 8
09-01 07:41:58.806 I/chatty  ( 1460): uid=1000(system) ActivityManager expire 4 lines
09-01 07:41:59.085 I/chatty  ( 1460): uid=1000(system) Binder:1460_9 expire 1 line
09-01 07:41:59.101 I/chatty  ( 1460): uid=1000(system) android.ui expire 2 lines
09-01 07:41:59.114 I/chatty  ( 1460): uid=1000(system) android.anim expire 1 line
09-01 07:41:59.122 I/chatty  ( 1460): uid=1000(system) PackageManager expire 7 lines
09-01 07:41:59.147 I/chatty  ( 1460): uid=1000(system) ActivityManager expire 11 lines
09-01 07:41:59.284 I/chatty  ( 1460): uid=1000 system_server expire 10 lines
09-01 07:41:59.302 I/chatty  ( 1460): uid=1000(system) android.bg expire 2 lines
09-01 07:42:00.319 I/chatty  ( 1460): uid=1000(system) AppIntegrityMan expire 3 lines
09-01 07:42:00.647 I/chatty  ( 1460): uid=1000 system_server expire 4 lines
09-01 07:42:00.958 I/chatty  ( 1460): uid=1000(system) android.bg expire 2 lines
09-01 07:42:03.188 I/chatty  ( 1460): uid=1000(system) android.fg expire 1 line
09-01 07:42:03.212 I/chatty  ( 1460): uid=1000(system) android.ui expire 3 lines
09-01 07:42:04.313 I/chatty  ( 1460): uid=1000 system_server expire 1 line
09-01 07:42:06.817 D/commandrouter(  803): rtc_sync (1, rtc:sync): <ServiceRequest> FORWARDED (remote -> local) service client ID = 0, token ID = 35180
09-01 07:42:06.818 D/commandrouter(  803): SocServiceHandle::onServiceMessage, SoC Service = rtc_sync, appType = 1, type = SVC_RESP, clientId = 0, token = 35180, payloadLen = 8, result = 0, payload.size() = 8
09-01 07:42:08.571 I/chatty  ( 1460): uid=1000(system) Binder:1460_1E expire 3 lines
09-01 07:42:09.044 I/chatty  ( 1460): uid=1000(system) PackageManager expire 4 lines
09-01 07:42:09.911 I/chatty  ( 1460): uid=1000(system) Binder:1460_6 expire 2 lines
09-01 07:42:09.917 I/chatty  ( 1460): uid=1000(system) ActivityManager expire 2 lines
09-01 07:42:10.918 D/commandrouter(  803): sleep (1, sleep:data): <ServiceRequest> FORWARDED (remote -> local) service client ID = 1, token ID = 35181
09-01 07:42:10.932 D/commandrouter(  803): SocServiceHandle::onServiceMessage, SoC Service = sleep, appType = 1, type = SVC_RESP, clientId = 1, token = 35181, payloadLen = 12, result = 0, payload.size() = 12
09-01 07:42:10.935 D/commandrouter(  803): sleep (1, sleep:data): <ServiceRequest> FORWARDED (remote -> local) service client ID = 1, token ID = 35182
09-01 07:42:10.937 D/commandrouter(  803): SocServiceHandle::onServiceMessage, SoC Service = sleep, appType = 1, type = SVC_RESP, clientId = 1, token = 35182, payloadLen = 12, result = 0, payload.size() = 12
09-01 07:42:11.807 I/chatty  ( 1460): uid=1000(system) android.anim expire 1 line
09-01 07:42:16.816 D/commandrouter(  803): rtc_sync (1, rtc:sync): <ServiceRequest> FORWARDED (remote -> local) service client ID = 0, token ID = 35183
09-01 07:42:16.817 D/commandrouter(  803): SocServiceHandle::onServiceMessage, SoC Service = rtc_sync, appType = 1, type = SVC_RESP, clientId = 0, token = 35183, payloadLen = 8, result = 0, payload.size() = 8
09-01 07:42:17.468 I/chatty  ( 1460): uid=1000(system) Binder:1460_1D expire 1 line
09-01 07:42:17.498 I/chatty  ( 1460): uid=1000(system) ConnectivitySer expire 2 lines
09-01 07:42:21.019 D/commandrouter(  803): SocServiceHandle::onServiceMessage, SoC Service = mcu_healthcheck_846, appType = 1, type = SVC_REQ, clientId = 0, token = 250, payloadLen = 12, result = 0, payload.size() = 12
09-01 07:42:21.045 D/commandrouter(  803): mcu_healthcheck_846 (1, merlot:mcu_health:control): <ServiceResponse> FORWARDED (remote -> local) CR token ID = 250, service client ID = 5, token ID = 2219, result = 0
09-01 07:42:21.046 D/mculinkhealth(  846): isMcuReachable 1 (27 ms)
09-01 07:42:23.898 D/commandrouter(  803): SocServiceHandle::onServiceMessage, SoC Service = audio_hal, appType = 1, type = SVC_REQ, clientId = 0, token = 611, payloadLen = 32, result = 0, payload.size() = 32
09-01 07:42:23.969 D/commandrouter(  803): audio_hal (1, audio_hal:notification:push): <ServiceResponse> FORWARDED (remote -> local) CR token ID = 611, service client ID = 37, token ID = 2220, result = 0
09-01 07:42:24.163 I/chatty  ( 1460): uid=1000(system) Binder:1460_B expire 5 lines
09-01 07:42:24.273 I/chatty  ( 1460): uid=1000 system_server expire 27 lines
09-01 07:42:24.300 I/chatty  ( 1460): uid=1000(system) uteStateMachine expire 3 lines
09-01 07:42:24.311 I/chatty  ( 1460): uid=1000(system) CallAudioModeSt expire 2 lines
09-01 07:42:24.463 I/chatty  ( 1460): uid=1000(system) ConnectionSvrFo expire 2 lines
09-01 07:42:24.474 I/chatty  ( 1460): uid=1000 system_server expire 1 line
09-01 07:42:24.497 I/chatty  ( 1460): uid=1000 system_server expire 11 lines
09-01 07:42:24.540 D/commandrouter(  803): SocServiceHandle::onServiceMessage, SoC Service = audio_hal, appType = 1, type = SVC_REQ, clientId = 0, token = 612, payloadLen = 32, result = 0, payload.size() = 32
09-01 07:42:24.558 I/chatty  ( 1460): uid=1000(system) Binder:1460_1E expire 2 lines
09-01 07:42:24.609 D/commandrouter(  803): audio_hal (1, audio_hal:notification:push): <ServiceResponse> FORWARDED (remote -> local) CR token ID = 612, service client ID = 37, token ID = 2221, result = 0
09-01 07:42:24.611 D/commandrouter(  803): SocServiceHandle::onServiceMessage, SoC Service = audio_hal, appType = 1, type = SVC_REQ, clientId = 0, token = 613, payloadLen = 32, result = 0, payload.size() = 32
09-01 07:42:24.682 D/commandrouter(  803): audio_hal (1, audio_hal:notification:push): <ServiceResponse> FORWARDED (remote -> local) CR token ID = 613, service client ID = 37, token ID = 2222, result = 0
09-01 07:42:24.808 I/chatty  ( 1460): uid=1000(system) uteStateMachine expire 8 lines
09-01 07:42:25.417 D/commandrouter(  803): SocServiceHandle::onServiceMessage, SoC Service = audio_hal, appType = 1, type = SVC_REQ, clientId = 0, token = 614, payloadLen = 40, result = 0, payload.size() = 40
09-01 07:42:25.442 D/commandrouter(  803): audio_hal (1, audio_hal:notification:push): <ServiceResponse> FORWARDED (remote -> local) CR token ID = 614, service client ID = 37, token ID = 2223, result = 0
09-01 07:42:25.455 D/commandrouter(  803): SocServiceHandle::onServiceMessage, SoC Service = audio_hal, appType = 1, type = SVC_REQ, clientId = 0, token = 615, payloadLen = 40, result = 0, payload.size() = 40
09-01 07:42:25.482 D/commandrouter(  803): audio_hal (1, audio_hal:notification:push): <ServiceResponse> FORWARDED (remote -> local) CR token ID = 615, service client ID = 37, token ID = 2224, result = 0
09-01 07:42:25.521 I/chatty  ( 1460): uid=1000(system) Binder:1460_12 expire 7 lines
09-01 07:42:25.527 I/TelecomFramework( 2246): TelephonyConnectionService: onAudioStateChanged TC@16_1 [AudioState isMuted: false, route: EARPIECE, supportedRouteMask: EARPIECE, SPEAKER, activeBluetoothDevice: [null], supportedBluetoothDevices: []]: (TSI.pC->CM.fOCP->CM.sOCPA->CM.dSMCP->CM.dSPA->CM.pASP->CAMSM.pM_2001->CARSM.pM_SWITCH_FOCUS)->CS.cASC->H.CS.cASC(cast)@E-FL8
09-01 07:42:25.537 I/chatty  ( 1460): uid=1000(system) CallAudioModeSt expire 2 lines
09-01 07:42:25.538 I/chatty  ( 1460): uid=1000(system) Binder:1460_12 expire 27 lines
09-01 07:42:25.541 I/chatty  ( 1460): uid=1000 system_server expire 1 line
09-01 07:42:25.621 I/chatty  ( 1460): uid=1000(system) ActivityManager expire 1 line
09-01 07:42:25.625 I/chatty  ( 1460): uid=1000(system) uteStateMachine expire 4 lines
09-01 07:42:25.654 I/chatty  ( 1460): uid=1000(system) Binder:1460_12 expire 4 lines
09-01 07:42:25.752 I/chatty  ( 1460): uid=1000(system) Binder:1460_B expire 4 lines
09-01 07:42:25.771 I/TelecomFramework( 2246): TelephonyConnectionService: notifyCreateConnectionComplete TC@16_1: (...->CSW.hCCC)->CS.crCoC->H.CS.crCoC(cap/cast)@E-E-E-FMI
09-01 07:42:25.799 I/TelecomFramework( 2246): TelephonyConnectionService: onAudioStateChanged TC@16_1 [AudioState isMuted: false, route: EARPIECE, supportedRouteMask: EARPIECE, SPEAKER, activeBluetoothDevice: [null], supportedBluetoothDevices: []]: (...->CSW.hCCC->CARSM.pM_UPDATE_SYSTEM_AUDIO_ROUTE)->CS.cASC->H.CS.cASC(cap/cast/cast)@E-E-E-FMI
09-01 07:42:25.924 I/chatty  ( 1460): uid=1000(system) Binder:1460_C expire 20 lines
09-01 07:42:26.817 D/commandrouter(  803): rtc_sync (1, rtc:sync): <ServiceRequest> FORWARDED (remote -> local) service client ID = 0, token ID = 35184
09-01 07:42:26.818 D/commandrouter(  803): SocServiceHandle::onServiceMessage, SoC Service = rtc_sync, appType = 1, type = SVC_RESP, clientId = 0, token = 35184, payloadLen = 8, result = 0, payload.size() = 8
09-01 07:42:26.930 D/McuTransferService( 2270): the service started
09-01 07:42:27.019 D/commandrouter(  803): SocServiceHandle::onServiceMessage, SoC Service = mcu_healthcheck_2270, appType = 7, type = SVC_REQ, clientId = 0, token = 444, payloadLen = 12, result = 0, payload.size() = 12
09-01 07:42:27.070 D/commandrouter(  803): mcu_healthcheck_2270 (7, merlot:mcu_health:control): <ServiceResponse> FORWARDED (remote -> local) CR token ID = 444, service client ID = 36, token ID = 2225, result = 0
09-01 07:42:27.073 D/McuTransferService( 2270): the service is being destroyed
09-01 07:42:27.073 D/McuTransferService( 2270): skipping close shared connection to avoid race condition
09-01 07:42:28.596 I/chatty  ( 1460): uid=1000(system) Binder:1460_1E expire 7 lines
09-01 07:42:29.019 I/chatty  ( 1460): uid=1000(system) CallAudioModeSt expire 1 line
09-01 07:42:29.043 I/chatty  ( 1460): uid=1000(system) BluetoothRouteM expire 1 line
09-01 07:42:29.061 I/chatty  ( 1460): uid=1000 system_server expire 1 line
09-01 07:42:29.123 I/Telecom ( 1460): InCallController: Components updated: [ComponentInfo{com.facebook.wearable.apps.phone/com.facebook.wearable.apps.phone.call.CallService}]: CSW.pE(cap)@FQE
09-01 07:42:29.124 I/Telecom ( 1460): InCallController: Sending updateCall [Call id=TC@16, state=DIALING, tpac=ComponentInfo{com.android.phone/com.android.services.telephony.TelephonyConnectionService}, ***, UserHandle{0}, cmgr=ComponentInfo{com.android.phone/com.android.services.telephony.TelephonyConnectionService}, ***, UserHandle{0}, handle=tel:**********23, vidst=A, childs(0), has_parent(false), cap=[ sup_hld mut sup_rtt], prop=[ HD]]: CSW.pE(cap)@FQI
09-01 07:42:29.124 I/Telecom ( 1460): InCallController: Components updated: [ComponentInfo{com.facebook.wearable.apps.phone/com.facebook.wearable.apps.phone.call.CallService}]: CSW.pE(cap)@FQI
09-01 07:42:29.981 E/TaskPersister( 1460): File error accessing recents directory (directory doesn't exist?).
09-01 07:42:30.088 D/McuTransferService( 2270): the service started
09-01 07:42:30.091 D/commandrouter(  803): SocServiceHandle::onServiceMessage, SoC Service = mcu_healthcheck_2270, appType = 7, type = SVC_REQ, clientId = 0, token = 445, payloadLen = 12, result = 0, payload.size() = 12
09-01 07:42:30.112 D/commandrouter(  803): mcu_healthcheck_2270 (7, merlot:mcu_health:control): <ServiceResponse> FORWARDED (remote -> local) CR token ID = 445, service client ID = 36, token ID = 2226, result = 0
09-01 07:42:30.116 D/McuTransferService( 2270): the service is being destroyed
09-01 07:42:30.116 D/McuTransferService( 2270): skipping close shared connection to avoid race condition
09-01 07:42:33.124 D/McuTransferService( 2270): the service started
09-01 07:42:33.127 D/commandrouter(  803): SocServiceHandle::onServiceMessage, SoC Service = mcu_healthcheck_2270, appType = 7, type = SVC_REQ, clientId = 0, token = 446, payloadLen = 12, result = 0, payload.size() = 12
09-01 07:42:33.145 D/commandrouter(  803): mcu_healthcheck_2270 (7, merlot:mcu_health:control): <ServiceResponse> FORWARDED (remote -> local) CR token ID = 446, service client ID = 36, token ID = 2227, result = 0
09-01 07:42:33.149 D/McuTransferService( 2270): the service is being destroyed
09-01 07:42:33.149 D/McuTransferService( 2270): skipping close shared connection to avoid race condition
09-01 07:42:36.157 D/McuTransferService( 2270): the service started
09-01 07:42:36.160 D/commandrouter(  803): SocServiceHandle::onServiceMessage, SoC Service = mcu_healthcheck_2270, appType = 7, type = SVC_REQ, clientId = 0, token = 447, payloadLen = 12, result = 0, payload.size() = 12
09-01 07:42:36.192 D/commandrouter(  803): mcu_healthcheck_2270 (7, merlot:mcu_health:control): <ServiceResponse> FORWARDED (remote -> local) CR token ID = 447, service client ID = 36, token ID = 2228, result = 0
09-01 07:42:36.195 D/McuTransferService( 2270): the service is being destroyed
09-01 07:42:36.195 D/McuTransferService( 2270): skipping close shared connection to avoid race condition
09-01 07:42:36.818 D/commandrouter(  803): rtc_sync (1, rtc:sync): <ServiceRequest> FORWARDED (remote -> local) service client ID = 0, token ID = 35185
09-01 07:42:36.818 D/commandrouter(  803): SocServiceHandle::onServiceMessage, SoC Service = rtc_sync, appType = 1, type = SVC_RESP, clientId = 0, token = 35185, payloadLen = 8, result = 0, payload.size() = 8
09-01 07:42:39.203 D/McuTransferService( 2270): the service started
09-01 07:42:39.206 D/commandrouter(  803): SocServiceHandle::onServiceMessage, SoC Service = mcu_healthcheck_2270, appType = 7, type = SVC_REQ, clientId = 0, token = 448, payloadLen = 12, result = 0, payload.size() = 12
09-01 07:42:39.225 D/commandrouter(  803): mcu_healthcheck_2270 (7, merlot:mcu_health:control): <ServiceResponse> FORWARDED (remote -> local) CR token ID = 448, service client ID = 36, token ID = 2229, result = 0
09-01 07:42:39.228 D/McuTransferService( 2270): the service is being destroyed
09-01 07:42:39.229 D/McuTransferService( 2270): skipping close shared connection to avoid race condition
09-01 07:42:40.920 D/commandrouter(  803): sleep (1, sleep:data): <ServiceRequest> FORWARDED (remote -> local) service client ID = 1, token ID = 35186
09-01 07:42:40.929 D/commandrouter(  803): SocServiceHandle::onServiceMessage, SoC Service = sleep, appType = 1, type = SVC_RESP, clientId = 1, token = 35186, payloadLen = 12, result = 0, payload.size() = 12
09-01 07:42:40.931 D/commandrouter(  803): sleep (1, sleep:data): <ServiceRequest> FORWARDED (remote -> local) service client ID = 1, token ID = 35187
09-01 07:42:40.933 D/commandrouter(  803): SocServiceHandle::onServiceMessage, SoC Service = sleep, appType = 1, type = SVC_RESP, clientId = 1, token = 35187, payloadLen = 12, result = 0, payload.size() = 12
09-01 07:42:42.237 D/McuTransferService( 2270): the service started
09-01 07:42:42.240 D/commandrouter(  803): SocServiceHandle::onServiceMessage, SoC Service = mcu_healthcheck_2270, appType = 7, type = SVC_REQ, clientId = 0, token = 449, payloadLen = 12, result = 0, payload.size() = 12
09-01 07:42:42.258 D/commandrouter(  803): mcu_healthcheck_2270 (7, merlot:mcu_health:control): <ServiceResponse> FORWARDED (remote -> local) CR token ID = 449, service client ID = 36, token ID = 2230, result = 0
09-01 07:42:42.261 D/McuTransferService( 2270): the service is being destroyed
09-01 07:42:42.261 D/McuTransferService( 2270): skipping close shared connection to avoid race condition
09-01 07:42:42.588 I/Telecom ( 1460): InCallController: Sending updateCall [Call id=TC@16, state=DIALING, tpac=ComponentInfo{com.android.phone/com.android.services.telephony.TelephonyConnectionService}, ***, UserHandle{0}, cmgr=ComponentInfo{com.android.phone/com.android.services.telephony.TelephonyConnectionService}, ***, UserHandle{0}, handle=tel:**********23, vidst=A, childs(0), has_parent(false), cap=[ sup_hld mut sup_rtt], prop=[ HD]]: CSW.pE(cap)@FQk
09-01 07:42:42.589 I/Telecom ( 1460): InCallController: Components updated: [ComponentInfo{com.facebook.wearable.apps.phone/com.facebook.wearable.apps.phone.call.CallService}]: CSW.pE(cap)@FQk
09-01 07:42:42.606 I/Telecom ( 1460): RingbackPlayer: Stopping the ringback tone for [Call id=TC@16, state=DIALING, tpac=ComponentInfo{com.android.phone/com.android.services.telephony.TelephonyConnectionService}, ***, UserHandle{0}, cmgr=ComponentInfo{com.android.phone/com.android.services.telephony.TelephonyConnectionService}, ***, UserHandle{0}, handle=tel:**********23, vidst=A, childs(0), has_parent(false), cap=[ sup_hld mut sup_rtt], prop=[ HD]].: CSW.SRR(cap)@FQw
09-01 07:42:42.607 I/Telecom ( 1460): Event: RecordEntry TC@16: STOP_RINGBACK, null: CSW.SRR(cap)@FQw
09-01 07:42:42.608 I/Telecom ( 1460): InCallController: Sending updateCall [Call id=TC@16, state=DIALING, tpac=ComponentInfo{com.android.phone/com.android.services.telephony.TelephonyConnectionService}, ***, UserHandle{0}, cmgr=ComponentInfo{com.android.phone/com.android.services.telephony.TelephonyConnectionService}, ***, UserHandle{0}, handle=tel:**********23, vidst=A, childs(0), has_parent(false), cap=[ sup_hld mut sup_rtt], prop=[ HD]]: CSW.pE(cap)@FQ0
09-01 07:42:42.609 I/Telecom ( 1460): InCallController: Components updated: [ComponentInfo{com.facebook.wearable.apps.phone/com.facebook.wearable.apps.phone.call.CallService}]: CSW.pE(cap)@FQ0
09-01 07:42:42.614 I/Telecom ( 1460): InCallController: Sending updateCall [Call id=TC@16, state=DIALING, tpac=ComponentInfo{com.android.phone/com.android.services.telephony.TelephonyConnectionService}, ***, UserHandle{0}, cmgr=ComponentInfo{com.android.phone/com.android.services.telephony.TelephonyConnectionService}, ***, UserHandle{0}, handle=tel:**********23, vidst=A, childs(0), has_parent(false), cap=[ sup_hld mut sup_rtt], prop=[ HD]]: CSW.sSH(cap)@FQ8
09-01 07:42:42.615 I/Telecom ( 1460): InCallController: Components updated: [ComponentInfo{com.facebook.wearable.apps.phone/com.facebook.wearable.apps.phone.call.CallService}]: CSW.sSH(cap)@FQ8
09-01 07:42:42.679 I/Telecom ( 1460): CallAudioModeStateMachine: Message received: TONE_STOPPED_PLAYING.: CSW.SRR->ICTP.r->ICTP.cUTP->CAMSM.pM_3002(cap)@FPk
09-01 07:42:42.710 I/Telecom ( 1460): InCallController: Sending updateCall [Call id=TC@16, state=DIALING, tpac=ComponentInfo{com.android.phone/com.android.services.telephony.TelephonyConnectionService}, ***, UserHandle{0}, cmgr=ComponentInfo{com.android.phone/com.android.services.telephony.TelephonyConnectionService}, ***, UserHandle{0}, handle=tel:**********23, vidst=A, childs(0), has_parent(false), cap=[ sup_hld mut sup_rtt], prop=[ HD]]: CSW.rE(cap)@FRQ
09-01 07:42:42.711 I/Telecom ( 1460): InCallController: Components updated: [ComponentInfo{com.facebook.wearable.apps.phone/com.facebook.wearable.apps.phone.call.CallService}]: CSW.rE(cap)@FRQ
09-01 07:42:42.712 I/Telecom ( 1460): InCallController: Sending updateCall [Call id=TC@16, state=DIALING, tpac=ComponentInfo{com.android.phone/com.android.services.telephony.TelephonyConnectionService}, ***, UserHandle{0}, cmgr=ComponentInfo{com.android.phone/com.android.services.telephony.TelephonyConnectionService}, ***, UserHandle{0}, handle=tel:**********23, vidst=A, childs(0), has_parent(false), cap=[ sup_hld mut sup_rtt], prop=[ HD]]: CSW.pE(cap)@FRU
09-01 07:42:42.713 I/Telecom ( 1460): InCallController: Components updated: [ComponentInfo{com.facebook.wearable.apps.phone/com.facebook.wearable.apps.phone.call.CallService}]: CSW.pE(cap)@FRU
09-01 07:42:42.740 I/Telecom ( 1460): InCallController: Sending updateCall [Call id=TC@16, state=DIALING, tpac=ComponentInfo{com.android.phone/com.android.services.telephony.TelephonyConnectionService}, ***, UserHandle{0}, cmgr=ComponentInfo{com.android.phone/com.android.services.telephony.TelephonyConnectionService}, ***, UserHandle{0}, handle=tel:**********23, vidst=A, childs(0), has_parent(false), cap=[ sup_hld mut sup_rtt], prop=[ HD]]: CSW.sSH(cap)@FRo
09-01 07:42:42.740 I/Telecom ( 1460): InCallController: Components updated: [ComponentInfo{com.facebook.wearable.apps.phone/com.facebook.wearable.apps.phone.call.CallService}]: CSW.sSH(cap)@FRo
09-01 07:42:42.741 I/Telecom ( 1460): CallsManager: setCallState DIALING -> ACTIVE, call: [Call id=TC@16, state=DIALING, tpac=ComponentInfo{com.android.phone/com.android.services.telephony.TelephonyConnectionService}, ***, UserHandle{0}, cmgr=ComponentInfo{com.android.phone/com.android.services.telephony.TelephonyConnectionService}, ***, UserHandle{0}, handle=tel:**********23, vidst=A, childs(0), has_parent(false), cap=[ sup_hld mut sup_rtt], prop=[ HD]]: CSW.sA(cap)@FRs
09-01 07:42:42.742 W/ContextImpl( 1460): Calling a method in the system process without a qualified user: android.app.ContextImpl.bindService:1748 android.content.ContextWrapper.bindService:756 com.facebook.wearable.sdk.mosanalyticsproxy.WearableAnalyticsProxy.log:124 com.facebook.wearable.sdk.mosanalyticsproxy.WearableAnalyticsProxy$1.run:62 java.util.concurrent.ThreadPoolExecutor.runWorker:1167 
09-01 07:42:42.742 I/Telecom ( 1460): Event: RecordEntry TC@16: SET_ACTIVE, active set explicitly: CSW.sA(cap)@FRs
09-01 07:42:42.744 I/Telecom ( 1460): InCallController: onCanAddCallChanged : true: CSW.sA(cap)@FRs
09-01 07:42:42.761 I/Telecom ( 1460): InCallController: Sending updateCall [Call id=TC@16, state=ACTIVE, tpac=ComponentInfo{com.android.phone/com.android.services.telephony.TelephonyConnectionService}, ***, UserHandle{0}, cmgr=ComponentInfo{com.android.phone/com.android.services.telephony.TelephonyConnectionService}, ***, UserHandle{0}, handle=tel:**********23, vidst=A, childs(0), has_parent(false), cap=[ sup_hld mut sup_rtt], prop=[ HD]]: CSW.sA(cap)@FRs
09-01 07:42:42.762 I/Telecom ( 1460): CallAudioModeStateMachine: Message received: NEW_ACTIVE_OR_DIALING_CALL.: CSW.sA->CAMSM.pM_2001(cap)@FRs
09-01 07:42:42.762 I/Telecom ( 1460): InCallController: Components updated: [ComponentInfo{com.facebook.wearable.apps.phone/com.facebook.wearable.apps.phone.call.CallService}]: CSW.sA(cap)@FRs
09-01 07:42:42.763 I/Telecom ( 1460): BluetoothPhoneService: onCallStateChanged oldState: 3 newState 5: CSW.sA(cap)@FRs
09-01 07:42:42.765 I/Telecom ( 1460): BluetoothPhoneService:  active class: com.android.services.telephony.TelephonyConnectionService: CSW.sA(cap)@FRs
09-01 07:42:42.765 I/Telecom ( 1460): BluetoothPhoneService: updateHeadsetWithCallState numActive 1, numHeld 0, callState 6, ringing number ***, ringing type 128, ringing name null: CSW.sA(cap)@FRs
09-01 07:42:42.768 I/Telecom ( 1460): TelecomWakeLock: WakeLock already released with id: 26: CSW.sA(cap)@FRs
09-01 07:42:42.768 I/Telecom ( 1460): InCallWakeLockController: Releasing full wake lock: CSW.sA(cap)@FRs
09-01 07:42:42.768 D/commandrouter(  803): SocServiceHandle::onServiceMessage, SoC Service = DA7282, appType = 1, type = SVC_REQ, clientId = 0, token = 552, payloadLen = 4, result = 0, payload.size() = 4
09-01 07:42:42.770 I/Telecom ( 1460): InCallController: Sending updateCall [Call id=TC@16, state=ACTIVE, tpac=ComponentInfo{com.android.phone/com.android.services.telephony.TelephonyConnectionService}, ***, UserHandle{0}, cmgr=ComponentInfo{com.android.phone/com.android.services.telephony.TelephonyConnectionService}, ***, UserHandle{0}, handle=tel:**********23, vidst=A, childs(0), has_parent(false), cap=[ sup_hld mut sup_rtt], prop=[ HD]]: CSW.sCC(cap)@FR0
09-01 07:42:42.771 I/Telecom ( 1460): InCallController: Components updated: [ComponentInfo{com.facebook.wearable.apps.phone/com.facebook.wearable.apps.phone.call.CallService}]: CSW.sCC(cap)@FR0
09-01 07:42:42.771 I/Telecom ( 1460): InCallController: Sending updateCall [Call id=TC@16, state=ACTIVE, tpac=ComponentInfo{com.android.phone/com.android.services.telephony.TelephonyConnectionService}, ***, UserHandle{0}, cmgr=ComponentInfo{com.android.phone/com.android.services.telephony.TelephonyConnectionService}, ***, UserHandle{0}, handle=tel:**********23, vidst=A, childs(0), has_parent(false), cap=[ sup_hld mut sup_rtt], prop=[ HD]]: CSW.sSH(cap)@FR4
09-01 07:42:42.772 I/Telecom ( 1460): InCallController: Components updated: [ComponentInfo{com.facebook.wearable.apps.phone/com.facebook.wearable.apps.phone.call.CallService}]: CSW.sSH(cap)@FR4
09-01 07:42:42.777 D/commandrouter(  803): DA7282 (1, haptic:vibrate): <ServiceResponse> FORWARDED (remote -> local) CR token ID = 552, service client ID = 28, token ID = 2231, result = 0
09-01 07:42:42.780 I/Telecom ( 1460): InCallController: Sending updateCall [Call id=TC@16, state=ACTIVE, tpac=ComponentInfo{com.android.phone/com.android.services.telephony.TelephonyConnectionService}, ***, UserHandle{0}, cmgr=ComponentInfo{com.android.phone/com.android.services.telephony.TelephonyConnectionService}, ***, UserHandle{0}, handle=tel:**********23, vidst=A, childs(0), has_parent(false), cap=[ hld sup_hld mut sup_trans sup_rtt], prop=[ HD]]: CSW.sCC(cap)@FSA
09-01 07:42:42.781 I/Telecom ( 1460): InCallController: Components updated: [ComponentInfo{com.facebook.wearable.apps.phone/com.facebook.wearable.apps.phone.call.CallService}]: CSW.sCC(cap)@FSA
09-01 07:42:42.782 I/Telecom ( 1460): Event: RecordEntry TC@16: CAPABILITY_CHANGE, Current: [[ hld sup_hld mut sup_trans sup_rtt]], Removed [[]], Added [[ hld sup_trans]]: CSW.sCC(cap)@FSA
09-01 07:42:42.852 D/commandrouter(  803): SocServiceHandle::onServiceMessage, SoC Service = DA7282, appType = 1, type = SVC_REQ, clientId = 0, token = 553, payloadLen = 4, result = 0, payload.size() = 4
09-01 07:42:42.853 D/commandrouter(  803): SocServiceHandle::onServiceMessage, SoC Service = DA7282, appType = 1, type = SVC_REQ, clientId = 0, token = 554, payloadLen = 4, result = 0, payload.size() = 4
09-01 07:42:42.868 D/commandrouter(  803): DA7282 (1, haptic:vibrate): <ServiceResponse> FORWARDED (remote -> local) CR token ID = 553, service client ID = 28, token ID = 2232, result = 0
09-01 07:42:42.868 D/commandrouter(  803): DA7282 (1, haptic:vibrate): <ServiceResponse> FORWARDED (remote -> local) CR token ID = 554, service client ID = 28, token ID = 2233, result = 0
09-01 07:42:42.882 D/commandrouter(  803): SocServiceHandle::onServiceMessage, SoC Service = DA7282, appType = 1, type = SVC_REQ, clientId = 0, token = 555, payloadLen = 4, result = 0, payload.size() = 4
09-01 07:42:42.886 I/Telecom ( 1460): InCallController: Sending updateCall [Call id=TC@16, state=ACTIVE, tpac=ComponentInfo{com.android.phone/com.android.services.telephony.TelephonyConnectionService}, ***, UserHandle{0}, cmgr=ComponentInfo{com.android.phone/com.android.services.telephony.TelephonyConnectionService}, ***, UserHandle{0}, handle=tel:**********23, vidst=A, childs(0), has_parent(false), cap=[ hld sup_hld mut sup_trans sup_rtt], prop=[ HD]]: CSW.rE(cap)@FSs
09-01 07:42:42.887 I/Telecom ( 1460): InCallController: Components updated: [ComponentInfo{com.facebook.wearable.apps.phone/com.facebook.wearable.apps.phone.call.CallService}]: CSW.rE(cap)@FSs
09-01 07:42:42.888 I/Telecom ( 1460): InCallController: Sending updateCall [Call id=TC@16, state=ACTIVE, tpac=ComponentInfo{com.android.phone/com.android.services.telephony.TelephonyConnectionService}, ***, UserHandle{0}, cmgr=ComponentInfo{com.android.phone/com.android.services.telephony.TelephonyConnectionService}, ***, UserHandle{0}, handle=tel:**********23, vidst=A, childs(0), has_parent(false), cap=[ hld sup_hld mut sup_trans sup_rtt], prop=[ HD]]: CSW.pE(cap)@FSw
09-01 07:42:42.889 I/Telecom ( 1460): InCallController: Components updated: [ComponentInfo{com.facebook.wearable.apps.phone/com.facebook.wearable.apps.phone.call.CallService}]: CSW.pE(cap)@FSw
09-01 07:42:42.890 D/commandrouter(  803): DA7282 (1, haptic:vibrate): <ServiceResponse> FORWARDED (remote -> local) CR token ID = 555, service client ID = 28, token ID = 2234, result = 0
09-01 07:42:45.280 D/McuTransferService( 2270): the service started
09-01 07:42:45.283 D/commandrouter(  803): SocServiceHandle::onServiceMessage, SoC Service = mcu_healthcheck_2270, appType = 7, type = SVC_REQ, clientId = 0, token = 450, payloadLen = 12, result = 0, payload.size() = 12
09-01 07:42:45.301 D/commandrouter(  803): mcu_healthcheck_2270 (7, merlot:mcu_health:control): <ServiceResponse> FORWARDED (remote -> local) CR token ID = 450, service client ID = 36, token ID = 2235, result = 0
09-01 07:42:45.305 D/McuTransferService( 2270): the service is being destroyed
09-01 07:42:45.305 D/McuTransferService( 2270): skipping close shared connection to avoid race condition
09-01 07:42:46.818 D/commandrouter(  803): rtc_sync (1, rtc:sync): <ServiceRequest> FORWARDED (remote -> local) service client ID = 0, token ID = 35188
09-01 07:42:46.819 D/commandrouter(  803): SocServiceHandle::onServiceMessage, SoC Service = rtc_sync, appType = 1, type = SVC_RESP, clientId = 0, token = 35188, payloadLen = 8, result = 0, payload.size() = 8
09-01 07:42:48.354 D/McuTransferService( 2270): the service started
09-01 07:42:48.357 D/commandrouter(  803): SocServiceHandle::onServiceMessage, SoC Service = mcu_healthcheck_2270, appType = 7, type = SVC_REQ, clientId = 0, token = 451, payloadLen = 12, result = 0, payload.size() = 12
09-01 07:42:48.382 D/commandrouter(  803): mcu_healthcheck_2270 (7, merlot:mcu_health:control): <ServiceResponse> FORWARDED (remote -> local) CR token ID = 451, service client ID = 36, token ID = 2236, result = 0
09-01 07:42:48.385 D/McuTransferService( 2270): the service is being destroyed
09-01 07:42:48.385 D/McuTransferService( 2270): skipping close shared connection to avoid race condition
09-01 07:42:51.397 D/McuTransferService( 2270): the service started
09-01 07:42:51.400 D/commandrouter(  803): SocServiceHandle::onServiceMessage, SoC Service = mcu_healthcheck_2270, appType = 7, type = SVC_REQ, clientId = 0, token = 452, payloadLen = 12, result = 0, payload.size() = 12
09-01 07:42:51.422 D/commandrouter(  803): mcu_healthcheck_2270 (7, merlot:mcu_health:control): <ServiceResponse> FORWARDED (remote -> local) CR token ID = 452, service client ID = 36, token ID = 2237, result = 0
09-01 07:42:51.425 D/McuTransferService( 2270): the service is being destroyed
09-01 07:42:51.425 D/McuTransferService( 2270): skipping close shared connection to avoid race condition
09-01 07:42:54.460 D/McuTransferService( 2270): the service started
09-01 07:42:54.464 D/commandrouter(  803): SocServiceHandle::onServiceMessage, SoC Service = mcu_healthcheck_2270, appType = 7, type = SVC_REQ, clientId = 0, token = 453, payloadLen = 12, result = 0, payload.size() = 12
09-01 07:42:54.483 D/commandrouter(  803): mcu_healthcheck_2270 (7, merlot:mcu_health:control): <ServiceResponse> FORWARDED (remote -> local) CR token ID = 453, service client ID = 36, token ID = 2238, result = 0
09-01 07:42:54.486 D/McuTransferService( 2270): the service is being destroyed
09-01 07:42:54.486 D/McuTransferService( 2270): skipping close shared connection to avoid race condition
09-01 07:42:56.819 D/commandrouter(  803): rtc_sync (1, rtc:sync): <ServiceRequest> FORWARDED (remote -> local) service client ID = 0, token ID = 35189
09-01 07:42:56.820 D/commandrouter(  803): SocServiceHandle::onServiceMessage, SoC Service = rtc_sync, appType = 1, type = SVC_RESP, clientId = 0, token = 35189, payloadLen = 8, result = 0, payload.size() = 8
09-01 07:42:57.510 D/McuTransferService( 2270): the service started
09-01 07:42:57.513 D/commandrouter(  803): SocServiceHandle::onServiceMessage, SoC Service = mcu_healthcheck_2270, appType = 7, type = SVC_REQ, clientId = 0, token = 454, payloadLen = 12, result = 0, payload.size() = 12
09-01 07:42:57.533 D/commandrouter(  803): mcu_healthcheck_2270 (7, merlot:mcu_health:control): <ServiceResponse> FORWARDED (remote -> local) CR token ID = 454, service client ID = 36, token ID = 2239, result = 0
09-01 07:42:57.536 D/McuTransferService( 2270): the service is being destroyed
09-01 07:42:57.537 D/McuTransferService( 2270): skipping close shared connection to avoid race condition
09-01 07:43:00.571 D/McuTransferService( 2270): the service started
09-01 07:43:00.574 D/commandrouter(  803): SocServiceHandle::onServiceMessage, SoC Service = mcu_healthcheck_2270, appType = 7, type = SVC_REQ, clientId = 0, token = 455, payloadLen = 12, result = 0, payload.size() = 12
09-01 07:43:00.593 D/commandrouter(  803): mcu_healthcheck_2270 (7, merlot:mcu_health:control): <ServiceResponse> FORWARDED (remote -> local) CR token ID = 455, service client ID = 36, token ID = 2240, result = 0
09-01 07:43:00.624 D/McuTransferService( 2270): the service is being destroyed
09-01 07:43:00.624 D/McuTransferService( 2270): skipping close shared connection to avoid race condition
09-01 07:43:03.671 D/McuTransferService( 2270): the service started
09-01 07:43:03.673 D/commandrouter(  803): SocServiceHandle::onServiceMessage, SoC Service = mcu_healthcheck_2270, appType = 7, type = SVC_REQ, clientId = 0, token = 456, payloadLen = 12, result = 0, payload.size() = 12
09-01 07:43:03.693 D/commandrouter(  803): mcu_healthcheck_2270 (7, merlot:mcu_health:control): <ServiceResponse> FORWARDED (remote -> local) CR token ID = 456, service client ID = 36, token ID = 2241, result = 0
09-01 07:43:03.696 D/McuTransferService( 2270): the service is being destroyed
09-01 07:43:03.696 D/McuTransferService( 2270): skipping close shared connection to avoid race condition
09-01 07:43:04.368 D/AnalyticsLogger( 1460): sent events: 31
09-01 07:43:05.624 D/commandrouter(  803): SocServiceHandle::onServiceMessage, SoC Service = audio_hal, appType = 1, type = SVC_REQ, clientId = 0, token = 616, payloadLen = 40, result = 0, payload.size() = 40
09-01 07:43:05.633 I/Telecom ( 1460): InCallController: Sending updateCall [Call id=TC@16, state=ACTIVE, tpac=ComponentInfo{com.android.phone/com.android.services.telephony.TelephonyConnectionService}, ***, UserHandle{0}, cmgr=ComponentInfo{com.android.phone/com.android.services.telephony.TelephonyConnectionService}, ***, UserHandle{0}, handle=tel:**********23, vidst=A, childs(0), has_parent(false), cap=[ hld sup_hld mut sup_trans sup_rtt], prop=[ HD]]: CSW.pE(cap)@FTE
09-01 07:43:05.634 I/Telecom ( 1460): InCallController: Components updated: [ComponentInfo{com.facebook.wearable.apps.phone/com.facebook.wearable.apps.phone.call.CallService}]: CSW.pE(cap)@FTE
09-01 07:43:05.649 D/commandrouter(  803): audio_hal (1, audio_hal:notification:push): <ServiceResponse> FORWARDED (remote -> local) CR token ID = 616, service client ID = 37, token ID = 2242, result = 0
09-01 07:43:05.652 D/commandrouter(  803): SocServiceHandle::onServiceMessage, SoC Service = audio_hal, appType = 1, type = SVC_REQ, clientId = 0, token = 617, payloadLen = 32, result = 0, payload.size() = 32
09-01 07:43:05.714 D/commandrouter(  803): audio_hal (1, audio_hal:notification:push): <ServiceResponse> FORWARDED (remote -> local) CR token ID = 617, service client ID = 37, token ID = 2243, result = 0
09-01 07:43:05.724 D/commandrouter(  803): SocServiceHandle::onServiceMessage, SoC Service = audio_hal, appType = 1, type = SVC_REQ, clientId = 0, token = 618, payloadLen = 40, result = 0, payload.size() = 40
09-01 07:43:05.726 I/Telecom ( 1460): InCallController: Sending updateCall [Call id=TC@16, state=ACTIVE, tpac=ComponentInfo{com.android.phone/com.android.services.telephony.TelephonyConnectionService}, ***, UserHandle{0}, cmgr=ComponentInfo{com.android.phone/com.android.services.telephony.TelephonyConnectionService}, ***, UserHandle{0}, handle=tel:**********23, vidst=A, childs(0), has_parent(false), cap=[ hld sup_hld mut sup_trans sup_rtt], prop=[ HD]]: CSW.sSH(cap)@FTQ
09-01 07:43:05.726 I/Telecom ( 1460): InCallController: Components updated: [ComponentInfo{com.facebook.wearable.apps.phone/com.facebook.wearable.apps.phone.call.CallService}]: CSW.sSH(cap)@FTQ
09-01 07:43:05.727 I/Telecom ( 1460): CallsManager: setCallState ACTIVE -> DISCONNECTED, call: [Call id=TC@16, state=ACTIVE, tpac=ComponentInfo{com.android.phone/com.android.services.telephony.TelephonyConnectionService}, ***, UserHandle{0}, cmgr=ComponentInfo{com.android.phone/com.android.services.telephony.TelephonyConnectionService}, ***, UserHandle{0}, handle=tel:**********23, vidst=A, childs(0), has_parent(false), cap=[ hld sup_hld mut sup_trans sup_rtt], prop=[ HD]]: CSW.sDc(cap)@FTU
09-01 07:43:05.731 W/ContextImpl( 1460): Calling a method in the system process without a qualified user: android.app.ContextImpl.bindService:1748 android.content.ContextWrapper.bindService:756 com.facebook.wearable.sdk.mosanalyticsproxy.WearableAnalyticsProxy.log:124 com.facebook.wearable.sdk.mosanalyticsproxy.WearableAnalyticsProxy$1.run:62 java.util.concurrent.ThreadPoolExecutor.runWorker:1167 
09-01 07:43:05.739 D/commandrouter(  803): audio_hal (1, audio_hal:notification:push): <ServiceResponse> FORWARDED (remote -> local) CR token ID = 618, service client ID = 37, token ID = 2244, result = 0
09-01 07:43:05.762 I/Telecom ( 1460): Event: RecordEntry TC@16: SET_DISCONNECTED, disconnected set explicitly> DisconnectCause [ Code: (REMOTE) Label: () Description: (Normall call clearing) Reason: (NORMAL) Tone: (27) ]: CSW.sDc(cap)@FTU
09-01 07:43:05.798 W/ContextImpl( 1460): Calling a method in the system process without a qualified user: android.app.ContextImpl.sendBroadcast:1126 android.content.ContextWrapper.sendBroadcast:473 com.android.server.telecom.CallLogManager.sendAddCallBroadcast:634 com.android.server.telecom.CallLogManager.logCall:439 com.android.server.telecom.CallLogManager.logCall:372 
09-01 07:43:05.799 I/Telecom ( 1460): CallAudioRouteStateMachine: Message received: UPDATE_SYSTEM_AUDIO_ROUTE=1201, arg1=0: CSW.sDc->CARSM.pM_UPDATE_SYSTEM_AUDIO_ROUTE(cap)@FTU
09-01 07:43:05.799 I/Telecom ( 1460): ActiveEarpieceRoute: Processing message UPDATE_SYSTEM_AUDIO_ROUTE: CSW.sDc->CARSM.pM_UPDATE_SYSTEM_AUDIO_ROUTE(cap)@FTU
09-01 07:43:05.801 I/Telecom ( 1460): CallAudioModeStateMachine: Message received: TONE_STARTED_PLAYING.: CSW.sDc->CAMSM.pM_3001(cap)@FTU
09-01 07:43:05.801 I/Telecom ( 1460): BluetoothPhoneService: updateHeadsetWithCallState numActive 0, numHeld 0, callState 7, ringing number ***, ringing type 128, ringing name null: CSW.sDc(cap)@FTU
09-01 07:43:05.803 I/Telecom ( 1460): CallAudioModeStateMachine: Message received: NO_MORE_ACTIVE_OR_DIALING_CALLS.: CSW.sDc->CAMSM.pM_1001(cap)@FTU
09-01 07:43:05.803 I/Telecom ( 1460): InCallController: Sending updateCall [Call id=TC@16, state=DISCONNECTED, tpac=ComponentInfo{com.android.phone/com.android.services.telephony.TelephonyConnectionService}, ***, UserHandle{0}, cmgr=ComponentInfo{com.android.phone/com.android.services.telephony.TelephonyConnectionService}, ***, UserHandle{0}, handle=tel:**********23, vidst=A, childs(0), has_parent(false), cap=[ hld sup_hld mut sup_trans sup_rtt], prop=[ HD]]: CSW.sDc(cap)@FTU
09-01 07:43:05.804 I/Telecom ( 1460): InCallController: Components updated: [ComponentInfo{com.facebook.wearable.apps.phone/com.facebook.wearable.apps.phone.call.CallService}]: CSW.sDc(cap)@FTU
09-01 07:43:05.804 I/Telecom ( 1460): BluetoothPhoneService: onCallStateChanged oldState: 5 newState 7: CSW.sDc(cap)@FTU
09-01 07:43:05.805 I/Telecom ( 1460): CallAudioModeStateMachine: Audio focus entering TONE/HOLDING state: CSW.sDc->CAMSM.pM_1001(cap)@FTU
09-01 07:43:05.812 I/Telecom ( 1460): BluetoothRouteManager: Message received: GET_CURRENT_STATE.: CSW.sDc->ICTP.r->BRM.pM_400(cap)@FTU
09-01 07:43:05.812 I/Telecom ( 1460): InCallTonePlayer: playMediaTone: toneResourceId=2131689472: CSW.sDc->ICTP.r(cap)@FTU
09-01 07:43:05.821 W/BroadcastQueue( 1460): Permission Denial: receiving Intent { act=android.intent.action.PHONE_STATE flg=0x1000010 (has extras) } to com.facebook.wearable.system.launcher/.shell.notifications.ping.TelecomPhoneStateBroadcastReceiver requires android.permission.READ_PRIVILEGED_PHONE_STATE due to sender android (uid 1000)
09-01 07:43:05.832 I/Telecom ( 1460): PhoneStateBroadcaster: Broadcasted state change: 0: CSW.sDc(cap)@FTU
09-01 07:43:05.832 I/Telecom ( 1460): TelecomWakeLock: WakeLock already released with id: 26: CSW.sDc(cap)@FTU
09-01 07:43:05.833 I/Telecom ( 1460): InCallWakeLockController: Releasing full wake lock: CSW.sDc(cap)@FTU
09-01 07:43:05.837 I/Telecom ( 1460): InCallController: Sending updateCall [Call id=TC@16, state=DISCONNECTED, tpac=ComponentInfo{com.android.phone/com.android.services.telephony.TelephonyConnectionService}, ***, UserHandle{0}, cmgr=ComponentInfo{com.android.phone/com.android.services.telephony.TelephonyConnectionService}, ***, UserHandle{0}, handle=tel:**********23, vidst=A, childs(0), has_parent(false), cap=[ hld sup_hld mut sup_trans sup_rtt], prop=[ HD]]: CSW.sCC(cap)@FTg
09-01 07:43:05.838 I/Telecom ( 1460): InCallController: Components updated: [ComponentInfo{com.facebook.wearable.apps.phone/com.facebook.wearable.apps.phone.call.CallService}]: CSW.sCC(cap)@FTg
09-01 07:43:05.838 I/Telecom ( 1460): InCallController: Sending updateCall [Call id=TC@16, state=DISCONNECTED, tpac=ComponentInfo{com.android.phone/com.android.services.telephony.TelephonyConnectionService}, ***, UserHandle{0}, cmgr=ComponentInfo{com.android.phone/com.android.services.telephony.TelephonyConnectionService}, ***, UserHandle{0}, handle=tel:**********23, vidst=A, childs(0), has_parent(false), cap=[ hld sup_hld mut sup_trans sup_rtt], prop=[ HD]]: CSW.sCC(cap)@FTo
09-01 07:43:05.840 I/Telecom ( 1460): InCallController: Components updated: [ComponentInfo{com.facebook.wearable.apps.phone/com.facebook.wearable.apps.phone.call.CallService}]: CSW.sCC(cap)@FTo
09-01 07:43:05.847 I/Telecom ( 1460): ConnectionServiceWrapper: Service unbound ComponentInfo{com.android.phone/com.android.services.telephony.TelephonyConnectionService}, from unbind.: CSW.rC->CM.mCAR(cap)@FTs
09-01 07:43:05.856 I/Telecom ( 1460): CallsManager: handleConnectionServiceDeath: service [ConnectionServiceWrapper componentName=ComponentInfo{com.android.phone/com.android.services.telephony.TelephonyConnectionService}] died: CSW.rC->CM.mCAR(cap)@FTs
09-01 07:43:05.862 I/Telecom ( 1460): Event: RecordEntry TC@16: DESTROYED, null: CSW.rC->CM.mCAR(cap)@FTs
09-01 07:43:05.868 I/Telecom ( 1460): InCallController: onCallRemoved: [Call id=TC@16, state=DISCONNECTED, tpac=ComponentInfo{com.android.phone/com.android.services.telephony.TelephonyConnectionService}, ***, UserHandle{0}, cmgr=ComponentInfo{com.android.phone/com.android.services.telephony.TelephonyConnectionService}, ***, UserHandle{0}, handle=tel:**********23, vidst=A, childs(0), has_parent(false), cap=[ hld sup_hld mut sup_trans sup_rtt], prop=[ HD]]: CSW.rC->CM.mCAR(cap)@FTs
09-01 07:43:05.868 I/Telecom ( 1460): ProximitySensorManager: All calls removed, resetting proximity sensor to default state: CSW.rC->CM.mCAR(cap)@FTs
09-01 07:43:05.868 I/Telecom ( 1460): TelecomWakeLock: Can not release WakeLock (not supported) with id: 32: CSW.rC->CM.mCAR(cap)@FTs
09-01 07:43:06.230 I/Telecom ( 1460): TelecomWakeLock: WakeLock already released with id: 26: CSW.rC->CM.mCAR(cap)@FTs
09-01 07:43:06.231 I/Telecom ( 1460): InCallWakeLockController: Releasing full wake lock: CSW.rC->CM.mCAR(cap)@FTs
09-01 07:43:06.231 W/Looper  ( 1460): Slow dispatch took 384ms main h=android.os.Handler c=android.telecom.Logging.Runnable$1@bfee95b m=0
09-01 07:43:06.231 W/Looper  ( 1460): Slow delivery took 367ms main h=android.media.AudioManager$ServiceEventHandlerDelegate$1 c=null m=2
09-01 07:43:06.239 W/Looper  ( 1460): Drained
09-01 07:43:06.239 I/Telecom ( 1460): CallAudioRouteStateMachine: setSystemAudioState: changing from [AudioState isMuted: false, route: EARPIECE, supportedRouteMask: EARPIECE, SPEAKER, activeBluetoothDevice: [null], supportedBluetoothDevices: []] to [AudioState isMuted: false, route: EARPIECE, supportedRouteMask: EARPIECE, SPEAKER, activeBluetoothDevice: [null], supportedBluetoothDevices: []]: CSW.sDc->CARSM.pM_UPDATE_SYSTEM_AUDIO_ROUTE(cap)@FTU
09-01 07:43:06.239 I/Telecom ( 1460): InCallController: Calling onAudioStateChanged, audioState: [AudioState isMuted: false, route: EARPIECE, supportedRouteMask: EARPIECE, SPEAKER, activeBluetoothDevice: [null], supportedBluetoothDevices: []] -> [AudioState isMuted: false, route: EARPIECE, supportedRouteMask: EARPIECE, SPEAKER, activeBluetoothDevice: [null], supportedBluetoothDevices: []]: CSW.sDc->CARSM.pM_UPDATE_SYSTEM_AUDIO_ROUTE(cap)@FTU
09-01 07:43:06.305 I/Telecom ( 1460): CallAudioRouteStateMachine: Message received: SWITCH_FOCUS=4001, arg1=2: CSW.sDc->CAMSM.pM_1001->CARSM.pM_SWITCH_FOCUS(cap)@FTU
09-01 07:43:06.305 I/Telecom ( 1460): ActiveEarpieceRoute: Processing message SWITCH_FOCUS: CSW.sDc->CAMSM.pM_1001->CARSM.pM_SWITCH_FOCUS(cap)@FTU
--------- beginning of main
09-01 07:43:06.363 D/BufferPoolAccessor2.0(  910): bufferpool2 0xa17d8d18 : 4(261228 size) total buffers - 4(261228 size) used buffers - 66/74 (recycle/alloc) - 8/144 (fetch/transfer)
09-01 07:43:06.363 D/BufferPoolAccessor2.0(  910): bufferpool2 0xa17d9358 : 4(261228 size) total buffers - 4(261228 size) used buffers - 68/76 (recycle/alloc) - 8/144 (fetch/transfer)
09-01 07:43:06.364 D/CCodecBufferChannel(  910): [c2.android.vorbis.decoder#82] Created input block pool with allocatorID 16 => poolID 68 - OK (0)
09-01 07:43:06.364 D/BufferPoolAccessor2.0(  970): bufferpool2 0x92f2c6d8 : 0(0 size) total buffers - 0(0 size) used buffers - 37/41 (recycle/alloc) - 4/40 (fetch/transfer)
09-01 07:43:06.364 D/BufferPoolAccessor2.0(  970): Destruction - bufferpool2 0x92f2c6d8 cached: 0/0M, 0/0% in use; allocs: 41, 90% recycled; transfers: 40, 90% unfetched
09-01 07:43:06.367 E/FMQ     (  970): grantorIdx must be less than 3
09-01 07:43:06.367 E/FMQ     (  970): grantorIdx must be less than 3
09-01 07:43:06.368 D/BufferPoolAccessor2.0(  970): bufferpool2 0x93801598 : 0(0 size) total buffers - 0(0 size) used buffers - 66/70 (recycle/alloc) - 4/69 (fetch/transfer)
09-01 07:43:06.368 D/BufferPoolAccessor2.0(  970): bufferpool2 0x93802718 : 0(0 size) total buffers - 0(0 size) used buffers - 66/70 (recycle/alloc) - 4/69 (fetch/transfer)
09-01 07:43:06.368 D/BufferPoolAccessor2.0(  970): bufferpool2 0x93802358 : 0(0 size) total buffers - 0(0 size) used buffers - 66/70 (recycle/alloc) - 5/69 (fetch/transfer)
09-01 07:43:06.368 D/BufferPoolAccessor2.0(  970): bufferpool2 0x931e2018 : 0(0 size) total buffers - 0(0 size) used buffers - 66/70 (recycle/alloc) - 4/69 (fetch/transfer)
09-01 07:43:06.368 D/BufferPoolAccessor2.0(  970): bufferpool2 0x938039d8 : 0(0 size) total buffers - 0(0 size) used buffers - 66/70 (recycle/alloc) - 4/69 (fetch/transfer)
09-01 07:43:06.368 D/BufferPoolAccessor2.0(  970): bufferpool2 0x938011d8 : 0(0 size) total buffers - 0(0 size) used buffers - 66/70 (recycle/alloc) - 5/69 (fetch/transfer)
09-01 07:43:06.368 D/BufferPoolAccessor2.0(  970): bufferpool2 0x931e3a58 : 0(0 size) total buffers - 0(0 size) used buffers - 66/70 (recycle/alloc) - 4/69 (fetch/transfer)
09-01 07:43:06.368 D/BufferPoolAccessor2.0(  970): bufferpool2 0x931e4458 : 0(0 size) total buffers - 0(0 size) used buffers - 67/70 (recycle/alloc) - 3/69 (fetch/transfer)
09-01 07:43:06.368 D/BufferPoolAccessor2.0(  970): bufferpool2 0x931e55d8 : 0(0 size) total buffers - 0(0 size) used buffers - 66/70 (recycle/alloc) - 4/69 (fetch/transfer)
09-01 07:43:06.368 D/BufferPoolAccessor2.0(  970): bufferpool2 0x931e6118 : 0(0 size) total buffers - 0(0 size) used buffers - 66/70 (recycle/alloc) - 4/69 (fetch/transfer)
09-01 07:43:06.368 D/BufferPoolAccessor2.0(  910): bufferpool2 0xa17d9fd8 : 0(0 size) total buffers - 0(0 size) used buffers - 39/47 (recycle/alloc) - 8/86 (fetch/transfer)
09-01 07:43:06.368 D/BufferPoolAccessor2.0(  970): bufferpool2 0x931e6b18 : 0(0 size) total buffers - 0(0 size) used buffers - 66/70 (recycle/alloc) - 4/69 (fetch/transfer)
09-01 07:43:06.368 D/BufferPoolAccessor2.0(  910): Destruction - bufferpool2 0xa17d9fd8 cached: 0/0M, 0/0% in use; allocs: 47, 83% recycled; transfers: 86, 91% unfetched
09-01 07:43:06.368 D/BufferPoolAccessor2.0(  970): bufferpool2 0x92f2a798 : 0(0 size) total buffers - 0(0 size) used buffers - 66/70 (recycle/alloc) - 4/69 (fetch/transfer)
09-01 07:43:06.368 D/BufferPoolAccessor2.0(  970): bufferpool2 0x92f2b058 : 0(0 size) total buffers - 0(0 size) used buffers - 66/70 (recycle/alloc) - 4/69 (fetch/transfer)
09-01 07:43:06.368 D/BufferPoolAccessor2.0(  970): bufferpool2 0x92f2ba58 : 0(0 size) total buffers - 0(0 size) used buffers - 66/70 (recycle/alloc) - 4/69 (fetch/transfer)
