09-01 07:03:29.220 D/audio_hw_primary(  562): disable_audio_route: reset and update mixer path: low-latency-playback
09-01 07:03:29.221 D/soundtrigger(  562): audio_extn_sound_trigger_update_stream_status: uc_info->id 1 of type 0 for Event 2, with Raise=0
09-01 07:03:29.221 D/audio_hw_bluebox(  562): audio_extn_bluebox_route_disabled() usecase=0
09-01 07:03:29.221 D/hardware_info(  562): hw_info_append_hw_type : device_name = speaker
09-01 07:03:29.221 D/audio_hw_primary(  562): disable_snd_device: snd_device(2: speaker)
09-01 07:03:29.221 I/soundtrigger(  562): audio_extn_sound_trigger_update_device_status: device 0x2 of type 0 for Event 0, with Raise=0
09-01 07:03:29.221 D/audio_hw_bluebox(  562): sending snd dev notification enabled=0 sdev=Speaker
09-01 07:03:29.222 D/commandrouter(  803): SocServiceHandle::onServiceMessage, SoC Service = audio_hal, appType = 1, type = SVC_REQ, clientId = 0, token = 474, payloadLen = 32, result = 0, payload.size() = 32
09-01 07:03:29.248 I/mcucapture(  961): 12676614 [info   ] {AUD }: SoundDevDisabled: Speaker
09-01 07:03:29.248 I/mcucapture(  961): 12676619 [info   ] {AUD }: setting audio power mode: STANDBY
09-01 07:03:29.249 I/mcucapture(  961): 12676625 [info   ] {AUD }: SmartAmpDSP: Refcount: 0
09-01 07:03:29.249 I/mcucapture(  961): 12676629 [info   ] {AUD }: Disabling SmartAmpDSP
09-01 07:03:29.283 D/commandrouter(  803): audio_hal (1, audio_hal:notification:push): <ServiceResponse> FORWARDED (remote -> local) CR token ID = 474, service client ID = 37, token ID = 1758, result = 0
09-01 07:03:29.285 I/system_server( 1460): oneway function results will be dropped but finished with status OK and parcel size 4
09-01 07:03:29.756 E/WifiScoringParams( 1460): Invalid frequency(-1), using 5G as default rssi array
09-01 07:03:29.772 D/WifiNative( 1460): Scan trigered from WifiNative
09-01 07:03:29.774 I/chatty  ( 1008): uid=1021(gps) lowi-server expire 2 lines
09-01 07:03:29.774 V/WifiHAL (  581): event received NL80211_CMD_TRIGGER_SCAN
09-01 07:03:30.379 D/LOWI-9.0.0.80( 1008): [LOWI-Scan] wait_event:Wait done with Cmd 34
09-01 07:03:30.380 V/WifiHAL (  581): event received NL80211_CMD_NEW_SCAN_RESULTS
09-01 07:03:30.380 D/LOWI-9.0.0.80( 1008): [LOWI-Scan] do_listen_events: Rcvd valid Netlink Cmd 34 Err 0
09-01 07:03:30.380 D/WifiNl80211Manager( 1460): Scan result ready event
09-01 07:03:30.380 D/WifiNative( 1460): Scan result ready event
09-01 07:03:30.380 D/LOWI-9.0.0.80( 1008): [LOWI-Scan] 
09-01 07:03:30.380 D/LOWI-9.0.0.80( 1008): [LOWI-Scan] print_bss_handler: Report Probe TSF 12704375202 as it greater than Beacon TSF 0
09-01 07:03:30.380 I/LOWI-9.0.0.80( 1008): [LOWI-Scan] RSN_IE
09-01 07:03:30.380 D/LOWI-9.0.0.80( 1008): [LOWI-Scan] decode_rsn_wpa_ie: Entered
09-01 07:03:30.380 D/LOWI-9.0.0.80( 1008): [LOWIUtils] hexDump: msg(30 14 01 00 00 0f ac 04 01 00 00 0f ac 04 01 00 00 0f ac 02 )
09-01 07:03:30.380 D/LOWI-9.0.0.80( 1008): [LOWI-Scan] decode_rsn_wpa_ie: LOWI_ENCRYPTION_TYPE_WPA_PSK
09-01 07:03:30.381 D/LOWI-9.0.0.80( 1008): [LOWI-Scan] is_qcom_ie, bss_age: 19
09-01 07:03:30.381 D/LOWI-9.0.0.80( 1008): [LOWI-Scan] BSS 3e:f1:0f:de:bf:0a LOWI_PHY_MODE_11AC_VHT20_2G(11), Beacon Interval: 100, LOWI_ENCRYPTION_TYPE_WPA_PSK 11mcRanging: No, ANQP: No, LCI: No, Civic: No, capability(0x1431): ESS Privacy ShortPreamble ShortSlotTime
09-01 07:03:30.381 D/LOWI-9.0.0.80( 1008): [LOWI-Scan] BSS 3e:f1:0f:de:bf:0a FREQ: 2447, cFreq1[40:80:160] = [0:0:0] cFreq2 = 0 Country Code =    
09-01 07:03:30.381 D/LOWI-9.0.0.80( 1008): [LOWI-Scan] BSS 3e:f1:0f:de:bf:0a (wlan0) ASSO: NO AddInfo: 0x0, TSF 0, 03:31:44.375, RSSI: -80, CPL: 127, AGE: 0,  SSID Pixel_ex, TSFDelta: 0x0, TXRate: 0
09-01 07:03:30.381 D/LOWI-9.0.0.80( 1008): [LOWI-Scan] 
09-01 07:03:30.381 D/LOWI-9.0.0.80( 1008): [LOWI-Scan] print_bss_handler: Report Probe TSF 12704375234 as it greater than Beacon TSF 0
09-01 07:03:30.381 I/LOWI-9.0.0.80( 1008): [LOWI-Scan] RSN_IE
09-01 07:03:30.381 D/LOWI-9.0.0.80( 1008): [LOWI-Scan] decode_rsn_wpa_ie: Entered
09-01 07:03:30.381 D/LOWI-9.0.0.80( 1008): [LOWIUtils] hexDump: msg(30 14 01 00 00 0f ac 04 01 00 00 0f ac 04 01 00 00 0f ac 02 )
09-01 07:03:30.381 D/LOWI-9.0.0.80( 1008): [LOWI-Scan] decode_rsn_wpa_ie: LOWI_ENCRYPTION_TYPE_WPA_PSK
09-01 07:03:30.381 D/LOWI-9.0.0.80( 1008): [LOWI-Scan] is_qcom_ie, bss_age: 47
09-01 07:03:30.381 D/LOWI-9.0.0.80( 1008): [LOWI-Scan] BSS 92:63:08:e3:9d:78 LOWI_PHY_MODE_11AC_VHT20_2G(11), Beacon Interval: 100, LOWI_ENCRYPTION_TYPE_WPA_PSK 11mcRanging: No, ANQP: No, LCI: No, Civic: No, capability(0x1431): ESS Privacy ShortPreamble ShortSlotTime
09-01 07:03:30.381 D/LOWI-9.0.0.80( 1008): [LOWI-Scan] BSS 92:63:08:e3:9d:78 FREQ: 2417, cFreq1[40:80:160] = [0:0:0] cFreq2 = 0 Country Code =    
09-01 07:03:30.381 D/LOWI-9.0.0.80( 1008): [LOWI-Scan] BSS 92:63:08:e3:9d:78 (wlan0) ASSO: NO AddInfo: 0x0, TSF 0, 03:31:44.375, RSSI: -90, CPL: 127, AGE: 0,  SSID Pixel_tmo, TSFDelta: 0x0, TXRate: 0
09-01 07:03:30.381 D/LOWI-9.0.0.80( 1008): [LOWI-Scan] 
09-01 07:03:30.381 D/LOWI-9.0.0.80( 1008): [LOWI-Scan] print_bss_handler: Report Probe TSF 12704375277 as it greater than Beacon TSF 0
09-01 07:03:30.382 I/LOWI-9.0.0.80( 1008): [LOWI-Scan] RSN_IE
09-01 07:03:30.382 D/LOWI-9.0.0.80( 1008): [LOWI-Scan] decode_rsn_wpa_ie: Entered
09-01 07:03:30.382 D/LOWI-9.0.0.80( 1008): [LOWIUtils] hexDump: msg(30 14 01 00 00 0f ac 04 01 00 00 0f ac 04 01 00 00 0f ac 02 )
09-01 07:03:30.382 D/LOWI-9.0.0.80( 1008): [LOWI-Scan] decode_rsn_wpa_ie: LOWI_ENCRYPTION_TYPE_WPA_PSK
09-01 07:03:30.382 D/LOWI-9.0.0.80( 1008): [LOWI-Scan] is_qcom_ie, bss_age: 29
09-01 07:03:30.382 D/LOWI-9.0.0.80( 1008): [LOWI-Scan] BSS 8a:2d:f4:fb:85:11 LOWI_PHY_MODE_11AC_VHT20_2G(11), Beacon Interval: 100, LOWI_ENCRYPTION_TYPE_WPA_PSK 11mcRanging: No, ANQP: No, LCI: No, Civic: No, capability(0x1431): ESS Privacy ShortPreamble ShortSlotTime
09-01 07:03:30.382 D/LOWI-9.0.0.80( 1008): [LOWI-Scan] BSS 8a:2d:f4:fb:85:11 FREQ: 2437, cFreq1[40:80:160] = [0:0:0] cFreq2 = 0 Country Code =    
09-01 07:03:30.382 D/LOWI-9.0.0.80( 1008): [LOWI-Scan] BSS 8a:2d:f4:fb:85:11 (wlan0) ASSO: NO AddInfo: 0x0, TSF 0, 03:31:44.375, RSSI: -100, CPL: 127, AGE: 0,  SSID Pixel_att, TSFDelta: 0x0, TXRate: 0
09-01 07:03:30.382 D/LOWI-9.0.0.80( 1008): [LOWI-Scan] 
09-01 07:03:30.382 D/LOWI-9.0.0.80( 1008): [LOWI-Scan] print_bss_handler: Report Probe TSF 12704375296 as it greater than Beacon TSF 0
09-01 07:03:30.382 I/LOWI-9.0.0.80( 1008): [LOWI-Scan] RSN_IE
09-01 07:03:30.382 D/LOWI-9.0.0.80( 1008): [LOWI-Scan] decode_rsn_wpa_ie: Entered
09-01 07:03:30.382 D/LOWI-9.0.0.80( 1008): [LOWIUtils] hexDump: msg(30 14 01 00 00 0f ac 04 01 00 00 0f ac 04 01 00 00 0f ac 02 )
09-01 07:03:30.382 D/LOWI-9.0.0.80( 1008): [LOWI-Scan] decode_rsn_wpa_ie: LOWI_ENCRYPTION_TYPE_WPA_PSK
09-01 07:03:30.382 D/LOWI-9.0.0.80( 1008): [LOWI-Scan] is_qcom_ie, bss_age: 2
09-01 07:03:30.382 D/LOWI-9.0.0.80( 1008): [LOWI-Scan] BSS 2c:57:41:86:6c:01 LOWI_PHY_MODE_11NG_HT20(5), Beacon Interval: 100, LOWI_ENCRYPTION_TYPE_WPA_PSK 11mcRanging: No, ANQP: No, LCI: No, Civic: No, capability(0x1411): ESS Privacy ShortSlotTime
09-01 07:03:30.382 D/LOWI-9.0.0.80( 1008): [LOWI-Scan] BSS 2c:57:41:86:6c:01 FREQ: 2462, cFreq1[40:80:160] = [0:0:0] cFreq2 = 0 Country Code = US
09-01 07:03:30.383 D/LOWI-9.0.0.80( 1008): [LOWI-Scan] BSS 2c:57:41:86:6c:01 (wlan0) ASSO: NO AddInfo: 0x0, TSF 0, 03:31:44.375, RSSI: -108, CPL: 2, AGE: 0,  SSID kittyhawk, TSFDelta: 0x0, TXRate: 0
09-01 07:03:30.383 D/LOWI-9.0.0.80( 1008): [LOWI-Scan] 
09-01 07:03:30.383 D/LOWI-9.0.0.80( 1008): [LOWI-Scan] print_bss_handler: Report Probe TSF 12704375318 as it greater than Beacon TSF 0
09-01 07:03:30.383 I/LOWI-9.0.0.80( 1008): [LOWI-Scan] RSN_IE
09-01 07:03:30.383 D/LOWI-9.0.0.80( 1008): [LOWI-Scan] decode_rsn_wpa_ie: Entered
09-01 07:03:30.383 D/LOWI-9.0.0.80( 1008): [LOWIUtils] hexDump: msg(30 14 01 00 00 0f ac 04 01 00 00 0f ac 04 01 00 00 0f ac 02 )
09-01 07:03:30.383 D/LOWI-9.0.0.80( 1008): [LOWI-Scan] decode_rsn_wpa_ie: LOWI_ENCRYPTION_TYPE_WPA_PSK
09-01 07:03:30.383 D/LOWI-9.0.0.80( 1008): [LOWI-Scan] is_qcom_ie, bss_age: 9
09-01 07:03:30.383 D/LOWI-9.0.0.80( 1008): [LOWI-Scan] BSS 6a:9b:53:b7:f9:73 LOWI_PHY_MODE_11AC_VHT20_2G(11), Beacon Interval: 100, LOWI_ENCRYPTION_TYPE_WPA_PSK 11mcRanging: No, ANQP: No, LCI: No, Civic: No, capability(0x1431): ESS Privacy ShortPreamble ShortSlotTime
09-01 07:03:30.383 D/LOWI-9.0.0.80( 1008): [LOWI-Scan] BSS 6a:9b:53:b7:f9:73 FREQ: 2457, cFreq1[40:80:160] = [0:0:0] cFreq2 = 0 Country Code =    
09-01 07:03:30.383 D/LOWI-9.0.0.80( 1008): [LOWI-Scan] BSS 6a:9b:53:b7:f9:73 (wlan0) ASSO: NO AddInfo: 0x0, TSF 0, 03:31:44.375, RSSI: -110, CPL: 127, AGE: 0,  SSID Pixel_vzw, TSFDelta: 0x0, TXRate: 0
09-01 07:03:30.383 D/LOWI-9.0.0.80( 1008): [LOWI-Scan] 
09-01 07:03:30.383 D/LOWI-9.0.0.80( 1008): [LOWI-Scan] print_bss_handler: Report Probe TSF 12704375338 as it greater than Beacon TSF 0
09-01 07:03:30.383 I/LOWI-9.0.0.80( 1008): [LOWI-Scan] RSN_IE
09-01 07:03:30.388 D/LOWI-9.0.0.80( 1008): [LOWI-Scan] decode_rsn_wpa_ie: Entered
09-01 07:03:30.388 D/LOWI-9.0.0.80( 1008): [LOWIUtils] hexDump: msg(30 14 01 00 00 0f ac 04 01 00 00 0f ac 04 01 00 00 0f ac 02 )
09-01 07:03:30.388 D/LOWI-9.0.0.80( 1008): [LOWI-Scan] decode_rsn_wpa_ie: LOWI_ENCRYPTION_TYPE_WPA_PSK
09-01 07:03:30.388 D/LOWI-9.0.0.80( 1008): [LOWI-Scan] is_qcom_ie, bss_age: 2
09-01 07:03:30.388 D/LOWI-9.0.0.80( 1008): [LOWI-Scan] BSS 2c:57:41:86:90:a1 LOWI_PHY_MODE_11NG_HT20(5), Beacon Interval: 100, LOWI_ENCRYPTION_TYPE_WPA_PSK 11mcRanging: No, ANQP: No, LCI: No, Civic: No, capability(0x1411): ESS Privacy ShortSlotTime
09-01 07:03:30.388 D/LOWI-9.0.0.80( 1008): [LOWI-Scan] BSS 2c:57:41:86:90:a1 FREQ: 2462, cFreq1[40:80:160] = [0:0:0] cFreq2 = 0 Country Code = US
09-01 07:03:30.388 D/LOWI-9.0.0.80( 1008): [LOWI-Scan] BSS 2c:57:41:86:90:a1 (wlan0) ASSO: NO AddInfo: 0x0, TSF 0, 03:31:44.375, RSSI: -136, CPL: 2, AGE: 0,  SSID kittyhawk, TSFDelta: 0x0, TXRate: 0
09-01 07:03:30.389 D/LOWI-9.0.0.80( 1008): [LOWI-Scan] 
09-01 07:03:30.389 D/LOWI-9.0.0.80( 1008): [LOWI-Scan] print_bss_handler: Report Probe TSF 12704375359 as it greater than Beacon TSF 0
09-01 07:03:30.389 I/LOWI-9.0.0.80( 1008): [LOWI-Scan] RSN_IE
09-01 07:03:30.389 D/LOWI-9.0.0.80( 1008): [LOWI-Scan] decode_rsn_wpa_ie: Entered
09-01 07:03:30.389 D/LOWI-9.0.0.80( 1008): [LOWIUtils] hexDump: msg(30 14 01 00 00 0f ac 04 01 00 00 0f ac 04 01 00 00 0f ac 02 )
09-01 07:03:30.389 D/LOWI-9.0.0.80( 1008): [LOWI-Scan] decode_rsn_wpa_ie: LOWI_ENCRYPTION_TYPE_WPA_PSK
09-01 07:03:30.389 D/LOWI-9.0.0.80( 1008): [LOWI-Scan] is_qcom_ie, bss_age: 53
09-01 07:03:30.389 D/LOWI-9.0.0.80( 1008): [LOWI-Scan] BSS 2c:57:41:89:53:21 LOWI_PHY_MODE_11NG_HT20(5), Beacon Interval: 100, LOWI_ENCRYPTION_TYPE_WPA_PSK 11mcRanging: No, ANQP: No, LCI: No, Civic: No, capability(0x1411): ESS Privacy ShortSlotTime
09-01 07:03:30.389 D/LOWI-9.0.0.80( 1008): [LOWI-Scan] BSS 2c:57:41:89:53:21 FREQ: 2412, cFreq1[40:80:160] = [0:0:0] cFreq2 = 0 Country Code = US
09-01 07:03:30.389 D/LOWI-9.0.0.80( 1008): [LOWI-Scan] BSS 2c:57:41:89:53:21 (wlan0) ASSO: NO AddInfo: 0x0, TSF 0, 03:31:44.375, RSSI: -142, CPL: 3, AGE: 0,  SSID kittyhawk, TSFDelta: 0x0, TXRate: 0
09-01 07:03:30.390 D/LOWI-9.0.0.80( 1008): [LOWI-Scan] 
09-01 07:03:30.390 D/LOWI-9.0.0.80( 1008): [LOWI-Scan] print_bss_handler: Report Probe TSF 12704375381 as it greater than Beacon TSF 0
09-01 07:03:30.390 I/LOWI-9.0.0.80( 1008): [LOWI-Scan] RSN_IE
09-01 07:03:30.390 D/LOWI-9.0.0.80( 1008): [LOWI-Scan] decode_rsn_wpa_ie: Entered
09-01 07:03:30.390 D/LOWI-9.0.0.80( 1008): [LOWIUtils] hexDump: msg(30 14 01 00 00 0f ac 04 01 00 00 0f ac 04 01 00 00 0f ac 02 )
09-01 07:03:30.390 D/LOWI-9.0.0.80( 1008): [LOWI-Scan] decode_rsn_wpa_ie: LOWI_ENCRYPTION_TYPE_WPA_PSK
09-01 07:03:30.390 D/LOWI-9.0.0.80( 1008): [LOWI-Scan] is_qcom_ie, bss_age: 29
09-01 07:03:30.390 D/LOWI-9.0.0.80( 1008): [LOWI-Scan] BSS 18:64:72:60:2b:40 LOWI_PHY_MODE_11NG_HT20(5), Beacon Interval: 100, LOWI_ENCRYPTION_TYPE_WPA_PSK 11mcRanging: No, ANQP: No, LCI: No, Civic: No, capability(0x0431): ESS Privacy ShortPreamble ShortSlotTime
09-01 07:03:30.390 D/LOWI-9.0.0.80( 1008): [LOWI-Scan] BSS 18:64:72:60:2b:40 FREQ: 2437, cFreq1[40:80:160] = [0:0:0] cFreq2 = 0 Country Code =    
09-01 07:03:30.390 D/LOWI-9.0.0.80( 1008): [LOWI-Scan] BSS 18:64:72:60:2b:40 (wlan0) ASSO: NO AddInfo: 0x0, TSF 0, 03:31:44.375, RSSI: -150, CPL: 127, AGE: 0,  SSID lab-t24103779, TSFDelta: 0x0, TXRate: 0
09-01 07:03:30.392 D/LOWI-9.0.0.80( 1008): [LOWI-Scan] 
09-01 07:03:30.392 D/LOWI-9.0.0.80( 1008): [LOWI-Scan] print_bss_handler: Report Probe TSF 12704375400 as it greater than Beacon TSF 0
09-01 07:03:30.392 I/LOWI-9.0.0.80( 1008): [LOWI-Scan] RSN_IE
09-01 07:03:30.392 D/LOWI-9.0.0.80( 1008): [LOWI-Scan] decode_rsn_wpa_ie: Entered
09-01 07:03:30.392 D/LOWI-9.0.0.80( 1008): [LOWIUtils] hexDump: msg(30 14 01 00 00 0f ac 04 01 00 00 0f ac 04 01 00 00 0f ac 02 )
09-01 07:03:30.392 D/LOWI-9.0.0.80( 1008): [LOWI-Scan] decode_rsn_wpa_ie: LOWI_ENCRYPTION_TYPE_WPA_PSK
09-01 07:03:30.392 D/LOWI-9.0.0.80( 1008): [LOWI-Scan] is_qcom_ie, bss_age: 54
09-01 07:03:30.392 D/LOWI-9.0.0.80( 1008): [LOWI-Scan] BSS 2c:57:41:88:72:e1 LOWI_PHY_MODE_11NG_HT20(5), Beacon Interval: 100, LOWI_ENCRYPTION_TYPE_WPA_PSK 11mcRanging: No, ANQP: No, LCI: No, Civic: No, capability(0x1411): ESS Privacy ShortSlotTime
09-01 07:03:30.392 D/LOWI-9.0.0.80( 1008): [LOWI-Scan] BSS 2c:57:41:88:72:e1 FREQ: 2412, cFreq1[40:80:160] = [0:0:0] cFreq2 = 0 Country Code = US
09-01 07:03:30.392 D/LOWI-9.0.0.80( 1008): [LOWI-Scan] BSS 2c:57:41:88:72:e1 (wlan0) ASSO: NO AddInfo: 0x0, TSF 0, 03:31:44.375, RSSI: -150, CPL: 3, AGE: 0,  SSID kittyhawk, TSFDelta: 0x0, TXRate: 0
09-01 07:03:30.393 D/LOWI-9.0.0.80( 1008): [LOWI-Scan] 
09-01 07:03:30.393 D/LOWI-9.0.0.80( 1008): [LOWI-Scan] print_bss_handler: Report Probe TSF 12704375422 as it greater than Beacon TSF 0
09-01 07:03:30.393 I/LOWI-9.0.0.80( 1008): [LOWI-Scan] RSN_IE
09-01 07:03:30.394 D/LOWI-9.0.0.80( 1008): [LOWI-Scan] decode_rsn_wpa_ie: Entered
09-01 07:03:30.394 D/LOWI-9.0.0.80( 1008): [LOWIUtils] hexDump: msg(30 14 01 00 00 0f ac 04 01 00 00 0f ac 04 01 00 00 0f ac 02 )
09-01 07:03:30.394 D/LOWI-9.0.0.80( 1008): [LOWI-Scan] decode_rsn_wpa_ie: LOWI_ENCRYPTION_TYPE_WPA_PSK
09-01 07:03:30.394 D/LOWI-9.0.0.80( 1008): [LOWI-Scan] is_qcom_ie, bss_age: 2
09-01 07:03:30.394 D/LOWI-9.0.0.80( 1008): [LOWI-Scan] BSS 2c:57:41:86:94:a1 LOWI_PHY_MODE_11NG_HT20(5), Beacon Interval: 100, LOWI_ENCRYPTION_TYPE_WPA_PSK 11mcRanging: No, ANQP: No, LCI: No, Civic: No, capability(0x1411): ESS Privacy ShortSlotTime
09-01 07:03:30.394 D/LOWI-9.0.0.80( 1008): [LOWI-Scan] BSS 2c:57:41:86:94:a1 FREQ: 2462, cFreq1[40:80:160] = [0:0:0] cFreq2 = 0 Country Code = US
09-01 07:03:30.394 D/LOWI-9.0.0.80( 1008): [LOWI-Scan] BSS 2c:57:41:86:94:a1 (wlan0) ASSO: NO AddInfo: 0x0, TSF 0, 03:31:44.375, RSSI: -148, CPL: 2, AGE: 0,  SSID kittyhawk, TSFDelta: 0x0, TXRate: 0
09-01 07:03:30.394 D/LOWI-9.0.0.80( 1008): [LOWI-Scan] 
09-01 07:03:30.394 D/LOWI-9.0.0.80( 1008): [LOWI-Scan] print_bss_handler: Report Probe TSF 12704375441 as it greater than Beacon TSF 0
09-01 07:03:30.395 I/LOWI-9.0.0.80( 1008): [LOWI-Scan] RSN_IE
09-01 07:03:30.395 D/LOWI-9.0.0.80( 1008): [LOWI-Scan] decode_rsn_wpa_ie: Entered
09-01 07:03:30.395 D/LOWI-9.0.0.80( 1008): [LOWIUtils] hexDump: msg(30 14 01 00 00 0f ac 04 01 00 00 0f ac 04 01 00 00 0f ac 02 )
09-01 07:03:30.395 D/LOWI-9.0.0.80( 1008): [LOWI-Scan] decode_rsn_wpa_ie: LOWI_ENCRYPTION_TYPE_WPA_PSK
09-01 07:03:30.395 D/LOWI-9.0.0.80( 1008): [LOWI-Scan] is_qcom_ie, bss_age: 53
09-01 07:03:30.395 D/LOWI-9.0.0.80( 1008): [LOWI-Scan] BSS 18:64:72:60:2e:e0 LOWI_PHY_MODE_11NG_HT20(5), Beacon Interval: 100, LOWI_ENCRYPTION_TYPE_WPA_PSK 11mcRanging: No, ANQP: No, LCI: No, Civic: No, capability(0x0431): ESS Privacy ShortPreamble ShortSlotTime
09-01 07:03:30.395 D/LOWI-9.0.0.80( 1008): [LOWI-Scan] BSS 18:64:72:60:2e:e0 FREQ: 2412, cFreq1[40:80:160] = [0:0:0] cFreq2 = 0 Country Code =    
09-01 07:03:30.395 D/LOWI-9.0.0.80( 1008): [LOWI-Scan] BSS 18:64:72:60:2e:e0 (wlan0) ASSO: NO AddInfo: 0x0, TSF 0, 03:31:44.375, RSSI: -144, CPL: 127, AGE: 0,  SSID lab-t24103779, TSFDelta: 0x0, TXRate: 0
09-01 07:03:30.395 D/LOWI-9.0.0.80( 1008): [LOWI-Scan] 
09-01 07:03:30.395 D/LOWI-9.0.0.80( 1008): [LOWI-Scan] print_bss_handler: Report Probe TSF 12704375460 as it greater than Beacon TSF 0
09-01 07:03:30.395 I/LOWI-9.0.0.80( 1008): [LOWI-Scan] RSN_IE
09-01 07:03:30.395 D/LOWI-9.0.0.80( 1008): [LOWI-Scan] decode_rsn_wpa_ie: Entered
09-01 07:03:30.396 D/LOWI-9.0.0.80( 1008): [LOWIUtils] hexDump: msg(30 14 01 00 00 0f ac 04 01 00 00 0f ac 04 01 00 00 0f ac 02 )
09-01 07:03:30.396 D/LOWI-9.0.0.80( 1008): [LOWI-Scan] decode_rsn_wpa_ie: LOWI_ENCRYPTION_TYPE_WPA_PSK
09-01 07:03:30.396 D/LOWI-9.0.0.80( 1008): [LOWI-Scan] is_qcom_ie, bss_age: 53
09-01 07:03:30.396 D/LOWI-9.0.0.80( 1008): [LOWI-Scan] BSS 2c:57:41:86:85:21 LOWI_PHY_MODE_11NG_HT20(5), Beacon Interval: 100, LOWI_ENCRYPTION_TYPE_WPA_PSK 11mcRanging: No, ANQP: No, LCI: No, Civic: No, capability(0x1411): ESS Privacy ShortSlotTime
09-01 07:03:30.396 D/LOWI-9.0.0.80( 1008): [LOWI-Scan] BSS 2c:57:41:86:85:21 FREQ: 2412, cFreq1[40:80:160] = [0:0:0] cFreq2 = 0 Country Code = US
09-01 07:03:30.396 D/LOWI-9.0.0.80( 1008): [LOWI-Scan] BSS 2c:57:41:86:85:21 (wlan0) ASSO: NO AddInfo: 0x0, TSF 0, 03:31:44.375, RSSI: -160, CPL: 3, AGE: 0,  SSID kittyhawk, TSFDelta: 0x0, TXRate: 0
09-01 07:03:30.396 D/LOWI-9.0.0.80( 1008): [LOWI-Scan] 
09-01 07:03:30.396 D/LOWI-9.0.0.80( 1008): [LOWI-Scan] print_bss_handler: Report Probe TSF 12704375482 as it greater than Beacon TSF 0
09-01 07:03:30.397 I/LOWI-9.0.0.80( 1008): [LOWI-Scan] RSN_IE
09-01 07:03:30.397 D/LOWI-9.0.0.80( 1008): [LOWI-Scan] decode_rsn_wpa_ie: Entered
09-01 07:03:30.397 D/LOWI-9.0.0.80( 1008): [LOWIUtils] hexDump: msg(30 14 01 00 00 0f ac 04 01 00 00 0f ac 04 01 00 00 0f ac 02 )
09-01 07:03:30.397 D/LOWI-9.0.0.80( 1008): [LOWI-Scan] decode_rsn_wpa_ie: LOWI_ENCRYPTION_TYPE_WPA_PSK
09-01 07:03:30.397 D/LOWI-9.0.0.80( 1008): [LOWI-Scan] is_qcom_ie, bss_age: 29
09-01 07:03:30.397 D/LOWI-9.0.0.80( 1008): [LOWI-Scan] BSS 2c:57:41:83:fd:21 LOWI_PHY_MODE_11NG_HT20(5), Beacon Interval: 100, LOWI_ENCRYPTION_TYPE_WPA_PSK 11mcRanging: No, ANQP: No, LCI: No, Civic: No, capability(0x1411): ESS Privacy ShortSlotTime
09-01 07:03:30.397 D/LOWI-9.0.0.80( 1008): [LOWI-Scan] BSS 2c:57:41:83:fd:21 FREQ: 2437, cFreq1[40:80:160] = [0:0:0] cFreq2 = 0 Country Code = US
09-01 07:03:30.397 D/LOWI-9.0.0.80( 1008): [LOWI-Scan] BSS 2c:57:41:83:fd:21 (wlan0) ASSO: NO AddInfo: 0x0, TSF 0, 03:31:44.375, RSSI: -154, CPL: 2, AGE: 0,  SSID kittyhawk, TSFDelta: 0x0, TXRate: 0
09-01 07:03:30.398 D/LOWI-9.0.0.80( 1008): [LOWI-Scan] 
09-01 07:03:30.398 D/LOWI-9.0.0.80( 1008): [LOWI-Scan] print_bss_handler: Report Probe TSF 12704375502 as it greater than Beacon TSF 0
09-01 07:03:30.398 I/LOWI-9.0.0.80( 1008): [LOWI-Scan] RSN_IE
09-01 07:03:30.398 D/LOWI-9.0.0.80( 1008): [LOWI-Scan] decode_rsn_wpa_ie: Entered
09-01 07:03:30.398 D/LOWI-9.0.0.80( 1008): [LOWIUtils] hexDump: msg(30 14 01 00 00 0f ac 04 01 00 00 0f ac 04 01 00 00 0f ac 02 )
09-01 07:03:30.398 D/LOWI-9.0.0.80( 1008): [LOWI-Scan] decode_rsn_wpa_ie: LOWI_ENCRYPTION_TYPE_WPA_PSK
09-01 07:03:30.398 D/LOWI-9.0.0.80( 1008): [LOWI-Scan] is_qcom_ie, bss_age: 56
09-01 07:03:30.398 D/LOWI-9.0.0.80( 1008): [LOWI-Scan] BSS 2c:57:41:86:7a:61 LOWI_PHY_MODE_11NG_HT20(5), Beacon Interval: 100, LOWI_ENCRYPTION_TYPE_WPA_PSK 11mcRanging: No, ANQP: No, LCI: No, Civic: No, capability(0x1411): ESS Privacy ShortSlotTime
09-01 07:03:30.398 D/LOWI-9.0.0.80( 1008): [LOWI-Scan] BSS 2c:57:41:86:7a:61 FREQ: 2412, cFreq1[40:80:160] = [0:0:0] cFreq2 = 0 Country Code = US
09-01 07:03:30.398 D/LOWI-9.0.0.80( 1008): [LOWI-Scan] BSS 2c:57:41:86:7a:61 (wlan0) ASSO: NO AddInfo: 0x0, TSF 0, 03:31:44.375, RSSI: -162, CPL: 3, AGE: 0,  SSID kittyhawk, TSFDelta: 0x0, TXRate: 0
09-01 07:03:30.399 D/LOWI-9.0.0.80( 1008): [LOWI-Scan] 
09-01 07:03:30.400 D/LOWI-9.0.0.80( 1008): [LOWI-Scan] print_bss_handler: Report Probe TSF 12704375542 as it greater than Beacon TSF 0
09-01 07:03:30.400 I/LOWI-9.0.0.80( 1008): [LOWI-Scan] RSN_IE
09-01 07:03:30.400 D/LOWI-9.0.0.80( 1008): [LOWI-Scan] decode_rsn_wpa_ie: Entered
09-01 07:03:30.400 D/LOWI-9.0.0.80( 1008): [LOWIUtils] hexDump: msg(30 14 01 00 00 0f ac 04 01 00 00 0f ac 04 01 00 00 0f ac 02 )
09-01 07:03:30.400 D/LOWI-9.0.0.80( 1008): [LOWI-Scan] decode_rsn_wpa_ie: LOWI_ENCRYPTION_TYPE_WPA_PSK
09-01 07:03:30.400 D/LOWI-9.0.0.80( 1008): [LOWI-Scan] is_qcom_ie, bss_age: 18
09-01 07:03:30.400 D/LOWI-9.0.0.80( 1008): [LOWI-Scan] BSS 00:24:b1:02:cb:dc LOWI_PHY_MODE_11NG_HT20(5), Beacon Interval: 100, LOWI_ENCRYPTION_TYPE_WPA_PSK 11mcRanging: No, ANQP: No, LCI: No, Civic: No, capability(0x0431): ESS Privacy ShortPreamble ShortSlotTime
09-01 07:03:30.400 D/LOWI-9.0.0.80( 1008): [LOWI-Scan] BSS 00:24:b1:02:cb:dc FREQ: 2447, cFreq1[40:80:160] = [0:0:0] cFreq2 = 0 Country Code =    
09-01 07:03:30.400 D/LOWI-9.0.0.80( 1008): [LOWI-Scan] BSS 00:24:b1:02:cb:dc (wlan0) ASSO: NO AddInfo: 0x0, TSF 0, 03:31:44.375, RSSI: -176, CPL: 127, AGE: 0,  SSID 0024b1000002cbdc, TSFDelta: 0x0, TXRate: 0
09-01 07:03:30.401 D/LOWI-9.0.0.80( 1008): [LOWI-Scan] 
09-01 07:03:30.401 D/LOWI-9.0.0.80( 1008): [LOWI-Scan] print_bss_handler: Report beacon TSF 12704375521 as it greater than probe TSF 12704375521
09-01 07:03:30.401 I/LOWI-9.0.0.80( 1008): [LOWI-Scan] RSN_IE
09-01 07:03:30.401 D/LOWI-9.0.0.80( 1008): [LOWI-Scan] decode_rsn_wpa_ie: Entered
09-01 07:03:30.401 D/LOWI-9.0.0.80( 1008): [LOWIUtils] hexDump: msg(30 14 01 00 00 0f ac 04 01 00 00 0f ac 04 01 00 00 0f ac 02 )
09-01 07:03:30.401 D/LOWI-9.0.0.80( 1008): [LOWI-Scan] decode_rsn_wpa_ie: LOWI_ENCRYPTION_TYPE_WPA_PSK
09-01 07:03:30.401 D/LOWI-9.0.0.80( 1008): [LOWI-Scan] is_qcom_ie, bss_age: 363
09-01 07:03:30.401 D/LOWI-9.0.0.80( 1008): [LOWI-Scan] BSS 1c:b9:c4:33:b6:48 LOWI_PHY_MODE_11NG_HT20(5), Beacon Interval: 100, LOWI_ENCRYPTION_TYPE_WPA_PSK 11mcRanging: No, ANQP: No, LCI: No, Civic: No, capability(0x1431): ESS Privacy ShortPreamble ShortSlotTime
09-01 07:03:30.401 D/LOWI-9.0.0.80( 1008): [LOWI-Scan] BSS 1c:b9:c4:33:b6:48 FREQ: 2462, cFreq1[40:80:160] = [0:0:0] cFreq2 = 0 Country Code = US 
09-01 07:03:30.401 D/LOWI-9.0.0.80( 1008): [LOWI-Scan] BSS 1c:b9:c4:33:b6:48 (wlan0) ASSO: NO AddInfo: 0x1, TSF 0, 03:31:44.375, RSSI: -174, CPL: 127, AGE: 0,  SSID SJC-CambiumNet, TSFDelta: 0x0, TXRate: 0
09-01 07:03:30.401 D/LOWI-9.0.0.80( 1008): [LOWIDiagLog] Log: lowiMeasResult->request: invalid null argument
09-01 07:03:30.401 I/LOWI-9.0.0.80( 1008): [LOWI-Scan] lowi_close_record:Scan done in 1085122ms, 16 APs in scan results
09-01 07:03:30.402 D/LOWI-9.0.0.80( 1008): [LOWI-Scan] WipsScanUsingNL: passive scan cached 0, took 3572 ms, err 0
09-01 07:03:30.402 D/LOWI-9.0.0.80( 1008): [LOWI-Scan] lowi_proc_req_passive_scan_with_live_meas - No WLAN Frames to be parsed
09-01 07:03:30.402 D/LOWI-9.0.0.80( 1008): [LOWIScanResultReceiver] Send scan meas to listener
09-01 07:03:30.402 D/LOWI-9.0.0.80( 1008): [LOWIScanResultReceiver] Enter passive listening mode
09-01 07:03:30.402 D/LOWI-9.0.0.80( 1008): [LOWIWifiDriverInterface] getMeasurements - Passive listening mode
09-01 07:03:30.402 D/LOWI-9.0.0.80( 1008): [LOWI-Scan] WipsScanUsingNL:wait -1 sec for netlink message
09-01 07:03:30.402 D/LOWI-9.0.0.80( 1008): [LOWIEventReceiver] handleEvent:FROM:NA, TO:NA, REQ:NA, IREQ:NA, REQ_ID:0, RESP:NA, INFO:NA
09-01 07:03:30.402 D/LOWI-9.0.0.80( 1008): [LOWIBackgroundScanMgr] isRspForBgScanMgr: evt(LOWI_NO_EVT) - not handled
09-01 07:03:30.402 D/LOWI-9.0.0.80( 1008): [LOWIScheduler] manageMsg: NULL results or NULL request in results
09-01 07:03:30.402 D/LOWI-9.0.0.80( 1008): [LOWIController] Measurements received
09-01 07:03:30.402 D/LOWI-9.0.0.80( 1008): [LOWICacheManager] putInCache:Num of Meas to add: 16
09-01 07:03:30.403 D/LOWI-9.0.0.80( 1008): [LOWIController] processMeasurementResults: No current Request. Cache measurements
09-01 07:03:30.404 D/LOWI-9.0.0.80( 1008): [LOWIController] sendAsyncScanResponse: Request FreeWifiScanObserver_0 is from a different client.
09-01 07:03:30.404 D/LOWI-9.0.0.80( 1008): [LOWIController] generateResponse: Type (ASYNC_DISCOVERY_SCAN_RESULTS) ScanStatus (1) request FreeWifiScanObserver_0
09-01 07:03:30.404 D/LOWI-9.0.0.80( 1008): [LOWIEventDispatcher] sendResponse - originator = FreeWifiScanObserver
09-01 07:03:30.404 D/LOWI-9.0.0.80( 1008): [LOWIUtils] injectScanMeasurements - num of APs = 16
09-01 07:03:30.407 I/LOWI-9.0.0.80( 1008): [LOWIUtils] responseToOutPostcard - TO: FreeWifiScanObserver, FROM:   LOWI-SERVER, RESP:  LOWI_ASYNC_DISCOVERY_SCAN_RESULTS
09-01 07:03:30.408 D/LOWI-9.0.0.80( 1008): [LOWIControllerExtn] sendLOWILpDiscoveryScanResponse: Not a discovery scan response
09-01 07:03:30.413 I/LocSvc_api_v02(  567): ---> locClientSendReq line 2409 QMI_LOC_INJECT_WIFI_AP_DATA_REQ_V02
09-01 07:03:30.413 E/QMI_FW  (  567): qmi_cci_get_ref: ref count increased 2
09-01 07:03:30.416 E/QMI_FW  (  567): qmi_cci_get_ref: ref count increased 3
09-01 07:03:30.416 I/LocSvc_ApiV02(  567): <--- globalRespCb line 221 QMI_LOC_INJECT_WIFI_AP_DATA_REQ_V02
09-01 07:03:31.319 W/bluelink(  803): [System] updateSmoothedTime: too early or too late; st=12711.792, rt=12716.881
09-01 07:03:31.338 W/RuleEvaluation( 1460): Integrity rule files are not available.
09-01 07:03:31.343 I/PackageManager( 1460): Integrity check passed for file:///data/app/vmdl824006747.tmp
09-01 07:03:31.370 I/ActivityManager( 1460): Force stopping com.github.uiautomator appid=10113 user=-1: installPackageLI
09-01 07:03:31.372 I/ActivityManager( 1460): Killing 4531:com.github.uiautomator/u0a113 (adj 0): stop com.github.uiautomator due to installPackageLI
09-01 07:03:31.380 I/PackageManager( 1460): Update package com.github.uiautomator code path from /data/app/~~hRJlVBGKaC5iswJqw6QpJg==/com.github.uiautomator-gEzA4WMK7uiS3s8ztHsP_A== to /data/app/~~LyqlQyIdIoycBsOtEX8ZsQ==/com.github.uiautomator-k4rTtLeXItzbGKfr5w5Rzw==; Retain data and using new
09-01 07:03:31.380 I/PackageManager( 1460): Update package com.github.uiautomator resource path from /data/app/~~hRJlVBGKaC5iswJqw6QpJg==/com.github.uiautomator-gEzA4WMK7uiS3s8ztHsP_A== to /data/app/~~LyqlQyIdIoycBsOtEX8ZsQ==/com.github.uiautomator-k4rTtLeXItzbGKfr5w5Rzw==; Retain data and using new
09-01 07:03:31.383 W/ActivityManager( 1460): Crash of app com.github.uiautomator running instrumentation ComponentInfo{com.github.uiautomator.test/android.support.test.runner.AndroidJUnitRunner}
09-01 07:03:31.419 D/AndroidRuntime( 4516): Shutting down VM
09-01 07:03:31.440 D/CompatibilityChangeReporter( 1460): Compat change id reported: 135549675; UID 10113; state: DISABLED
09-01 07:03:31.459 I/Zygote  (  476): Process 4531 exited due to signal 9 (Killed)
09-01 07:03:31.464 I/libprocessgroup( 1460): Successfully killed process cgroup uid 10113 pid 4531 in 87ms
09-01 07:03:31.623 D/PackageManager( 1460): Instant App installer not found with android.intent.action.INSTALL_INSTANT_APP_PACKAGE
09-01 07:03:31.623 D/PackageManager( 1460): Clear ephemeral installer activity
09-01 07:03:31.630 I/ActivityManager( 1460): Force stopping com.github.uiautomator appid=10113 user=0: finished inst
09-01 07:03:31.644 W/EventCoordinator( 2771): releaseMemory
09-01 07:03:31.662 W/WindowManager( 1460): removeWindowToken: Attempted to remove non-existing token: android.os.Binder@41da514
09-01 07:03:31.669 W/system_server( 1460): Long monitor contention with owner ActivityManager (1550) at void com.android.server.am.ActivityManagerService$MainHandler.handleMessage(android.os.Message)(ActivityManagerService.java:1852) waiters=1 in java.util.List com.android.server.am.ActivityManagerService.getRunningAppProcesses() for 293ms
09-01 07:03:31.678 W/Looper  ( 1460): Slow dispatch took 307ms android.ui h=com.android.server.am.ActivityManagerService$UiHandler c=null m=53
09-01 07:03:31.678 W/Looper  ( 1460): Slow delivery took 300ms android.ui h=com.android.server.am.ActivityManagerService$UiHandler c=null m=32
09-01 07:03:31.695 W/WindowManager( 1460): Cannot find window which accessibility connection is added to
09-01 07:03:31.748 E/installd(  889): Couldn't opendir /data/app/vmdl824006747.tmp: No such file or directory
09-01 07:03:31.748 E/installd(  889): Failed to delete /data/app/vmdl824006747.tmp: No such file or directory
09-01 07:03:31.751 I/ActivityManager( 1460): Force stopping com.github.uiautomator appid=10113 user=0: pkg removed
09-01 07:03:31.767 I/MediaProvider( 2717): Invalidating LocalCallingIdentity cache for package com.github.uiautomator. Reason: package android.intent.action.PACKAGE_REMOVED
09-01 07:03:31.772 W/BroadcastQueue( 1460): Background execution not allowed: receiving Intent { act=android.intent.action.PACKAGE_REMOVED dat=package:com.github.uiautomator flg=0x4000010 (has extras) } to com.android.gallery3d/.app.PackagesMonitor
09-01 07:03:31.774 W/Looper  ( 1460): Drained
09-01 07:03:31.775 D/CompatibilityInfo( 1460): mCompatibilityFlags - 14
09-01 07:03:31.775 D/CompatibilityInfo( 1460): applicationDensity - 320
09-01 07:03:31.775 D/CompatibilityInfo( 1460): applicationScale - 1.0
09-01 07:03:31.780 D/Avrcp_ext( 1994): AvrcpServiceBroadcastReceiver-> Action: android.intent.action.PACKAGE_REMOVED
09-01 07:03:31.798 I/MediaProvider( 2717): Invalidating LocalCallingIdentity cache for package com.github.uiautomator. Reason: package android.intent.action.PACKAGE_ADDED
09-01 07:03:31.801 D/Avrcp_ext( 1994): AvrcpServiceBroadcastReceiver-> Action: android.intent.action.PACKAGE_ADDED
09-01 07:03:31.801 D/Avrcp_ext( 1994): AvrcpServiceBroadcastReceiver-> packageName: com.github.uiautomator
09-01 07:03:31.801 D/Avrcp_ext( 1994): packageName: com.github.uiautomator removed: false
09-01 07:03:31.803 D/Avrcp_ext( 1994): isBrowsableListUpdated: browsable list size mismatch, true
09-01 07:03:31.803 D/Avrcp_ext( 1994): buildBrowsablePlayerList 
09-01 07:03:31.805 V/Avrcp_ext( 1994): getMediaPlayerInfo: Found com.android.music
09-01 07:03:31.805 V/Avrcp_ext( 1994): isBrowseSupported for com.android.music: false
09-01 07:03:31.806 D/Avrcp_ext( 1994): Adding media player info for com.android.music with id 1
09-01 07:03:31.806 D/Avrcp_ext( 1994): update #1:MediaPlayerInfo com.android.music (as 'Android Open Source Music Player') Type = 1, SubType = 0, Status = 0 Feature Bits [40 41 42 44 45 47 48 58] Controller: null
09-01 07:03:31.806 W/BroadcastQueue( 1460): Background execution not allowed: receiving Intent { act=android.intent.action.PACKAGE_ADDED dat=package:com.github.uiautomator flg=0x4000010 (has extras) } to com.android.packageinstaller/.PackageInstalledReceiver
09-01 07:03:31.806 D/Avrcp_ext( 1994): Added MediaPlayerController/MediaPlayerPackage
09-01 07:03:31.806 V/Avrcp_ext( 1994): getMediaPlayerInfo: Found com.facebook.wearable.apps.eq
09-01 07:03:31.807 V/Avrcp_ext( 1994): isBrowseSupported for com.facebook.wearable.apps.eq: false
09-01 07:03:31.807 W/BroadcastQueue( 1460): Background execution not allowed: receiving Intent { act=android.intent.action.PACKAGE_ADDED dat=package:com.github.uiautomator flg=0x4000010 (has extras) } to com.android.gallery3d/.app.PackagesMonitor
09-01 07:03:31.807 W/BroadcastQueue( 1460): Background execution not allowed: receiving Intent { act=android.intent.action.PACKAGE_ADDED dat=package:com.github.uiautomator flg=0x4000010 (has extras) } to com.facebook.wearable.system.appmanager/com.facebook.aloha.app.appmanager.common.packages.event.manifest.ManifestPackageEventReceiver
09-01 07:03:31.807 D/Avrcp_ext( 1994): Adding media player info for com.facebook.wearable.apps.eq with id 2
09-01 07:03:31.807 D/Avrcp_ext( 1994): update #2:MediaPlayerInfo com.facebook.wearable.apps.eq (as 'EQ') Type = 1, SubType = 0, Status = 0 Feature Bits [40 41 42 44 45 47 48 58] Controller: null
09-01 07:03:31.807 D/Avrcp_ext( 1994): Added MediaPlayerController/MediaPlayerPackage
09-01 07:03:31.807 V/Avrcp_ext( 1994): getMediaPlayerInfo: Found com.facebook.wearable.apps.mediacontroller
09-01 07:03:31.808 V/Avrcp_ext( 1994): isBrowseSupported for com.facebook.wearable.apps.mediacontroller: false
09-01 07:03:31.808 W/BroadcastQueue( 1460): Background execution not allowed: receiving Intent { act=android.intent.action.PACKAGE_REPLACED dat=package:com.github.uiautomator flg=0x4000010 (has extras) } to com.facebook.wearable.system.appmanager/com.facebook.aloha.app.appmanager.common.packages.event.manifest.ManifestPackageEventReceiver
09-01 07:03:31.811 D/Avrcp_ext( 1994): Adding media player info for com.facebook.wearable.apps.mediacontroller with id 3
09-01 07:03:31.811 D/Avrcp_ext( 1994): update #3:MediaPlayerInfo com.facebook.wearable.apps.mediacontroller (as 'mediacontroller') Type = 1, SubType = 0, Status = 0 Feature Bits [40 41 42 44 45 47 48 58] Controller: null
09-01 07:03:31.811 D/Avrcp_ext( 1994): Added MediaPlayerController/MediaPlayerPackage
09-01 07:03:31.812 V/Avrcp_ext( 1994): getMediaPlayerInfo: Found com.facebook.wearable.apps.player
09-01 07:03:31.812 V/Avrcp_ext( 1994): isBrowseSupported for com.facebook.wearable.apps.player: false
09-01 07:03:31.815 D/Avrcp_ext( 1994): Adding media player info for com.facebook.wearable.apps.player with id 4
09-01 07:03:31.815 D/Avrcp_ext( 1994): update #4:MediaPlayerInfo com.facebook.wearable.apps.player (as 'Spotify') Type = 1, SubType = 0, Status = 0 Feature Bits [40 41 42 44 45 47 48 58] Controller: null
09-01 07:03:31.815 D/Avrcp_ext( 1994): Added MediaPlayerController/MediaPlayerPackage
09-01 07:03:31.815 V/Avrcp_ext( 1994): getMediaPlayerInfo: Found com.facebook.wearable.apps.workout
09-01 07:03:31.815 V/Avrcp_ext( 1994): isBrowseSupported for com.facebook.wearable.apps.workout: false
09-01 07:03:31.817 D/Avrcp_ext( 1994): Adding media player info for com.facebook.wearable.apps.workout with id 5
09-01 07:03:31.817 D/Avrcp_ext( 1994): update #5:MediaPlayerInfo com.facebook.wearable.apps.workout (as 'Workout') Type = 1, SubType = 0, Status = 0 Feature Bits [40 41 42 44 45 47 48 58] Controller: null
09-01 07:03:31.817 D/Avrcp_ext( 1994): Added MediaPlayerController/MediaPlayerPackage
09-01 07:03:31.817 V/Avrcp_ext( 1994): getMediaPlayerInfo: Found com.facebook.wearable.system.launcher
09-01 07:03:31.817 V/Avrcp_ext( 1994): isBrowseSupported for com.facebook.wearable.system.launcher: false
09-01 07:03:31.818 D/Avrcp_ext( 1994): Adding media player info for com.facebook.wearable.system.launcher with id 6
09-01 07:03:31.818 D/Avrcp_ext( 1994): update #6:MediaPlayerInfo com.facebook.wearable.system.launcher (as 'Launcher') Type = 1, SubType = 0, Status = 0 Feature Bits [40 41 42 44 45 47 48 58] Controller: null
09-01 07:03:31.818 D/Avrcp_ext( 1994): Added MediaPlayerController/MediaPlayerPackage
09-01 07:03:31.818 V/Avrcp_ext( 1994): updateCurrentMediaState: mMediaController: null
09-01 07:03:31.819 V/Avrcp_ext( 1994): isMusicActive: false getBluetoothPlayState: 2
09-01 07:03:31.819 D/CompatibilityInfo( 1460): mCompatibilityFlags - 4
09-01 07:03:31.819 V/Avrcp_ext( 1994): updateCurrentMediaState: isPlaying = false
09-01 07:03:31.819 D/CompatibilityInfo( 1460): applicationDensity - 320
09-01 07:03:31.819 D/CompatibilityInfo( 1460): applicationScale - 1.0
09-01 07:03:31.819 V/Avrcp_ext( 1994): Media update: id -1-1? [MediaAttributes: none] : [MediaAttributes: none]
09-01 07:03:31.819 D/Avrcp_ext( 1994): isPackageNameValid: browsedPackage = isValid = false
09-01 07:03:31.819 V/Avrcp_ext( 1994): newPlayStatus:2mReportedPlayStatus:-1
09-01 07:03:31.819 V/Avrcp_ext( 1994): updatePlaybackState, state: PlaybackState {state=2, position=-1, buffered position=0, speed=0.0, updated=12705815, actions=0, custom actions=[], active item id=-1, error=null} device: null
09-01 07:03:31.819 V/Avrcp_ext( 1994): Device: no name: 
09-01 07:03:31.819 I/chatty  ( 1994): uid=1002(bluetooth) com.android.bluetooth identical 3 lines
09-01 07:03:31.819 V/Avrcp_ext( 1994): Device: no name: 
09-01 07:03:31.819 V/Avrcp_ext( 1994): updatePlayerStateAndPosition, old=PlaybackState {state=2, position=-1, buffered position=0, speed=0.0, updated=12649814, actions=0, custom actions=[], active item id=-1, error=null}, state=PlaybackState {state=2, position=-1, buffered position=0, speed=0.0, updated=12705815, actions=0, custom actions=[], active item id=-1, error=null}
09-01 07:03:31.819 V/Avrcp_ext( 1994): old state = PlaybackState {state=2, position=-1, buffered position=0, speed=0.0, updated=12649814, actions=0, custom actions=[], active item id=-1, error=null}, new state= PlaybackState {state=2, position=-1, buffered position=0, speed=0.0, updated=12705815, actions=0, custom actions=[], active item id=-1, error=null}
09-01 07:03:31.819 D/HeadsetService( 1994): getHeadsetService(): returning com.android.bluetooth.hfp.HeadsetService@476ddce
09-01 07:03:31.820 D/HeadsetService( 1994):  isAudioOn: The number of audio connected devices 0
09-01 07:03:31.820 D/HeadsetService( 1994): isScoOrCallActive(): Call Active:falseCall is Ringing:falseSCO is Active:false
09-01 07:03:31.821 D/HeadsetService( 1994):  isAudioOn: The number of audio connected devices 0
09-01 07:03:31.821 I/Avrcp_ext( 1994): updatePlayStatusForDevice: device: null
09-01 07:03:31.821 V/Avrcp_ext( 1994): updatePlaybackState (1): old=PlaybackState {state=2, position=-1, buffered position=0, speed=0.0, updated=12649814, actions=0, custom actions=[], active item id=-1, error=null}(2), new=PlaybackState {state=2, position=-1, buffered position=0, speed=0.0, updated=12705815, actions=0, custom actions=[], active item id=-1, error=null}(2)
09-01 07:03:31.821 I/Avrcp_ext( 1994): Exit updatePlayStatusForDevice
09-01 07:03:31.821 D/HeadsetService( 1994):  isAudioOn: The number of audio connected devices 0
09-01 07:03:31.821 D/HeadsetService( 1994): isScoOrCallActive(): Call Active:falseCall is Ringing:falseSCO is Active:false
09-01 07:03:31.822 D/HeadsetService( 1994):  isAudioOn: The number of audio connected devices 0
09-01 07:03:31.822 I/Avrcp_ext( 1994): updatePlayStatusForDevice: device: null
09-01 07:03:31.822 V/Avrcp_ext( 1994): updatePlaybackState (1): old=PlaybackState {state=2, position=-1, buffered position=0, speed=0.0, updated=12649814, actions=0, custom actions=[], active item id=-1, error=null}(2), new=PlaybackState {state=2, position=-1, buffered position=0, speed=0.0, updated=12705815, actions=0, custom actions=[], active item id=-1, error=null}(2)
09-01 07:03:31.822 I/Avrcp_ext( 1994): Exit updatePlayStatusForDevice
09-01 07:03:31.823 D/HeadsetService( 1994):  isAudioOn: The number of audio connected devices 0
09-01 07:03:31.823 D/HeadsetService( 1994): isScoOrCallActive(): Call Active:falseCall is Ringing:falseSCO is Active:false
09-01 07:03:31.825 I/InputReader( 1460): Reconfiguring input devices, changes=KEYBOARD_LAYOUTS | 
09-01 07:03:31.825 E/SmsApplication( 2246): com.facebook.wearable.apps.messages does not have system signature
09-01 07:03:31.829 I/InputReader( 1460): Reconfiguring input devices, changes=KEYBOARD_LAYOUTS | 
09-01 07:03:31.830 D/HeadsetService( 1994):  isAudioOn: The number of audio connected devices 0
09-01 07:03:31.830 I/Avrcp_ext( 1994): updatePlayStatusForDevice: device: null
09-01 07:03:31.830 V/Avrcp_ext( 1994): updatePlaybackState (1): old=PlaybackState {state=2, position=-1, buffered position=0, speed=0.0, updated=12649814, actions=0, custom actions=[], active item id=-1, error=null}(2), new=PlaybackState {state=2, position=-1, buffered position=0, speed=0.0, updated=12705815, actions=0, custom actions=[], active item id=-1, error=null}(2)
09-01 07:03:31.830 I/Avrcp_ext( 1994): Exit updatePlayStatusForDevice
09-01 07:03:31.831 D/RegisteredNfcFServicesCache( 2632): Service unchanged, not updating
09-01 07:03:31.832 D/HeadsetService( 1994):  isAudioOn: The number of audio connected devices 0
09-01 07:03:31.832 D/HeadsetService( 1994): isScoOrCallActive(): Call Active:falseCall is Ringing:falseSCO is Active:false
09-01 07:03:31.833 D/HeadsetService( 1994):  isAudioOn: The number of audio connected devices 0
09-01 07:03:31.833 I/Avrcp_ext( 1994): updatePlayStatusForDevice: device: null
09-01 07:03:31.833 I/InputReader( 1460): Reconfiguring input devices, changes=KEYBOARD_LAYOUTS | 
09-01 07:03:31.834 V/Avrcp_ext( 1994): updatePlaybackState (1): old=PlaybackState {state=2, position=-1, buffered position=0, speed=0.0, updated=12649814, actions=0, custom actions=[], active item id=-1, error=null}(2), new=PlaybackState {state=2, position=-1, buffered position=0, speed=0.0, updated=12705815, actions=0, custom actions=[], active item id=-1, error=null}(2)
09-01 07:03:31.834 I/Avrcp_ext( 1994): Exit updatePlayStatusForDevice
09-01 07:03:31.834 D/HeadsetService( 1994):  isAudioOn: The number of audio connected devices 0
09-01 07:03:31.834 D/HeadsetService( 1994): isScoOrCallActive(): Call Active:falseCall is Ringing:falseSCO is Active:false
09-01 07:03:31.837 D/HeadsetService( 1994):  isAudioOn: The number of audio connected devices 0
09-01 07:03:31.837 I/Avrcp_ext( 1994): updatePlayStatusForDevice: device: null
09-01 07:03:31.837 V/Avrcp_ext( 1994): updatePlaybackState (1): old=PlaybackState {state=2, position=-1, buffered position=0, speed=0.0, updated=12649814, actions=0, custom actions=[], active item id=-1, error=null}(2), new=PlaybackState {state=2, position=-1, buffered position=0, speed=0.0, updated=12705815, actions=0, custom actions=[], active item id=-1, error=null}(2)
09-01 07:03:31.837 I/Avrcp_ext( 1994): Exit updatePlayStatusForDevice
09-01 07:03:31.837 D/Avrcp_ext( 1994): Enter sendPlayPosNotificationRsp
09-01 07:03:31.837 D/Avrcp_ext( 1994): sendPlayPosNotificationRsp: Not registered or requesting.
09-01 07:03:31.837 D/Avrcp_ext( 1994): Enter sendPlayPosNotificationRsp
09-01 07:03:31.837 D/Avrcp_ext( 1994): sendPlayPosNotificationRsp: Not registered or requesting.
09-01 07:03:31.837 D/Avrcp_ext( 1994): Enter sendPlayPosNotificationRsp
09-01 07:03:31.837 D/Avrcp_ext( 1994): sendPlayPosNotificationRsp: Not registered or requesting.
09-01 07:03:31.837 D/Avrcp_ext( 1994): Enter sendPlayPosNotificationRsp
09-01 07:03:31.837 D/Avrcp_ext( 1994): sendPlayPosNotificationRsp: Not registered or requesting.
09-01 07:03:31.837 D/Avrcp_ext( 1994): Enter sendPlayPosNotificationRsp
09-01 07:03:31.838 D/Avrcp_ext( 1994): sendPlayPosNotificationRsp: Not registered or requesting.
09-01 07:03:31.838 V/Avrcp_ext( 1994): Exit updatePlayerStateAndPosition
09-01 07:03:31.838 D/Avrcp_ext( 1994): Exit handlePackageModified
09-01 07:03:31.845 D/AF::TrackHandle(  625): OpPlayAudio: track:88 usage:3 not muted
09-01 07:03:31.853 I/chatty  (  625): uid=1041(audioserver) Binder:625_3 identical 3 lines
09-01 07:03:31.854 D/AF::TrackHandle(  625): OpPlayAudio: track:88 usage:3 not muted
09-01 07:03:31.857 D/CompatibilityInfo( 1460): mCompatibilityFlags - 4
09-01 07:03:31.857 D/CompatibilityInfo( 1460): applicationDensity - 320
09-01 07:03:31.857 D/CompatibilityInfo( 1460): applicationScale - 1.0
09-01 07:03:31.878 E/SmsApplication( 2246): com.facebook.wearable.apps.messages does not have system signature
09-01 07:03:31.903 D/AF::TrackHandle(  625): OpPlayAudio: track:88 usage:3 not muted
09-01 07:03:31.910 I/chatty  (  625): uid=1041(audioserver) Binder:625_3 identical 2 lines
09-01 07:03:31.911 D/AF::TrackHandle(  625): OpPlayAudio: track:88 usage:3 not muted
09-01 07:03:31.920 D/AF::TrackHandle(  625): OpPlayAudio: track:88 usage:3 not muted
09-01 07:03:31.945 E/SmsApplication( 2246): com.facebook.wearable.apps.messages does not have system signature
09-01 07:03:31.952 D/AF::TrackHandle(  625): OpPlayAudio: track:88 usage:3 not muted
09-01 07:03:31.958 I/Telecom ( 1460): DefaultDialerCache: Refreshing default dialer for user 0: now com.facebook.wearable.apps.phone: DDC.oR@ENo
09-01 07:03:31.957 I/chatty  (  625): uid=1041(audioserver) /system/bin/audioserver identical 1 line
09-01 07:03:31.959 D/AF::TrackHandle(  625): OpPlayAudio: track:88 usage:3 not muted
09-01 07:03:31.974 D/AF::TrackHandle(  625): OpPlayAudio: track:88 usage:3 not muted
09-01 07:03:31.975 W/TextServicesManagerService( 1460): no available spell checker services found
09-01 07:03:31.994 V/BackupManagerConstants( 1460): getFullBackupIntervalMilliseconds(...) returns 86400000
09-01 07:03:31.994 V/BackupManagerConstants( 1460): getFullBackupRequiredNetworkType(...) returns 2
09-01 07:03:31.994 V/BackupManagerConstants( 1460): getFullBackupRequireCharging(...) returns true
09-01 07:03:31.975 D/AF::TrackHandle(  625): OpPlayAudio: track:88 usage:3 not muted
09-01 07:03:31.999 D/CarrierSvcBindHelper( 2246): No carrier app for: 0
09-01 07:03:32.008 D/CarrierSvcBindHelper( 2246): No carrier app for: 0
09-01 07:03:32.020 D/CompatibilityInfo( 1460): mCompatibilityFlags - 4
09-01 07:03:32.020 D/CompatibilityInfo( 1460): applicationDensity - 320
09-01 07:03:32.020 D/CompatibilityInfo( 1460): applicationScale - 1.0
09-01 07:03:32.033 W/Searchables( 1460): No global search activity found
09-01 07:03:32.050 W/Looper  ( 1460): Slow delivery took 247ms main h=com.android.server.media.MediaRouterService$UserHandler c=android.app.-$$Lambda$LoadedApk$ReceiverDispatcher$Args$_BumDX2UKsnxLVrE6UJsJZkotuA@90391d8 m=0
09-01 07:03:32.051 W/VoiceInteractionManager( 1460): no available voice recognition services found for user 0
09-01 07:03:32.076 W/Looper  ( 1460): Drained
09-01 07:03:32.035 W/Searchables( 1460): No global search activity found
09-01 07:03:32.084 D/ImsResolver( 2246): maybeAddedImsService, packageName: com.github.uiautomator
09-01 07:03:32.091 D/CarrierConfigLoader( 2246): mHandler: 12 phoneId: 0
09-01 07:03:32.104 I/PermissionControllerServiceImpl(13377): Updating user sensitive for uid 10113
09-01 07:03:32.527 I/system_server( 1460): Background concurrent copying GC freed 339600(14MB) AllocSpace objects, 105(3524KB) LOS objects, 50% free, 17MB/35MB, paused 264us total 346.076ms
09-01 07:03:32.543 W/JHwRemoteBinder( 1460): BinderProxy is being destroyed but the application did not call unlinkToDeath to unlink all of its death recipients beforehand.  Releasing leaked death recipient: com.android.server.wifi.HalDeviceManager$WifiDeathRecipient
09-01 07:03:32.956 W/RuleEvaluation( 1460): Integrity rule files are not available.
09-01 07:03:32.957 I/PackageManager( 1460): Integrity check passed for file:///data/app/vmdl1563132255.tmp
09-01 07:03:32.970 I/ActivityManager( 1460): Force stopping com.github.uiautomator.test appid=10114 user=-1: installPackageLI
09-01 07:03:32.972 I/PackageManager( 1460): Update package com.github.uiautomator.test code path from /data/app/~~gwWKkno-SN8C9_ooPP9SBA==/com.github.uiautomator.test-sBMFnceLlzw6sJ5V9HqLkw== to /data/app/~~RaG3ruuR7KBmsYfRr1ml2Q==/com.github.uiautomator.test-pEEoDc0CVc1k5nFAag2UQQ==; Retain data and using new
09-01 07:03:32.972 I/PackageManager( 1460): Update package com.github.uiautomator.test resource path from /data/app/~~gwWKkno-SN8C9_ooPP9SBA==/com.github.uiautomator.test-sBMFnceLlzw6sJ5V9HqLkw== to /data/app/~~RaG3ruuR7KBmsYfRr1ml2Q==/com.github.uiautomator.test-pEEoDc0CVc1k5nFAag2UQQ==; Retain data and using new
09-01 07:03:33.139 D/PackageManager( 1460): Instant App installer not found with android.intent.action.INSTALL_INSTANT_APP_PACKAGE
09-01 07:03:33.139 D/PackageManager( 1460): Clear ephemeral installer activity
09-01 07:03:33.186 E/installd(  889): Couldn't opendir /data/app/vmdl1563132255.tmp: No such file or directory
09-01 07:03:33.186 E/installd(  889): Failed to delete /data/app/vmdl1563132255.tmp: No such file or directory
09-01 07:03:33.188 I/ActivityManager( 1460): Force stopping com.github.uiautomator.test appid=10114 user=0: pkg removed
09-01 07:03:33.198 I/MediaProvider( 2717): Invalidating LocalCallingIdentity cache for package com.github.uiautomator.test. Reason: package android.intent.action.PACKAGE_REMOVED
09-01 07:03:33.201 D/Avrcp_ext( 1994): AvrcpServiceBroadcastReceiver-> Action: android.intent.action.PACKAGE_REMOVED
09-01 07:03:33.211 W/BroadcastQueue( 1460): Background execution not allowed: receiving Intent { act=android.intent.action.PACKAGE_REMOVED dat=package:com.github.uiautomator.test flg=0x4000010 (has extras) } to com.android.gallery3d/.app.PackagesMonitor
09-01 07:03:33.214 D/CompatibilityInfo( 1460): mCompatibilityFlags - 14
09-01 07:03:33.214 D/CompatibilityInfo( 1460): applicationDensity - 320
09-01 07:03:33.214 D/CompatibilityInfo( 1460): applicationScale - 1.0
09-01 07:03:33.218 E/SmsApplication( 2246): com.facebook.wearable.apps.messages does not have system signature
09-01 07:03:33.220 I/InputReader( 1460): Reconfiguring input devices, changes=KEYBOARD_LAYOUTS | 
09-01 07:03:33.230 I/MediaProvider( 2717): Invalidating LocalCallingIdentity cache for package com.github.uiautomator.test. Reason: package android.intent.action.PACKAGE_ADDED
09-01 07:03:33.246 I/InputReader( 1460): Reconfiguring input devices, changes=KEYBOARD_LAYOUTS | 
09-01 07:03:33.247 D/Avrcp_ext( 1994): AvrcpServiceBroadcastReceiver-> Action: android.intent.action.PACKAGE_ADDED
09-01 07:03:33.247 D/Avrcp_ext( 1994): AvrcpServiceBroadcastReceiver-> packageName: com.github.uiautomator.test
09-01 07:03:33.247 D/Avrcp_ext( 1994): packageName: com.github.uiautomator.test removed: false
09-01 07:03:33.248 W/TextServicesManagerService( 1460): no available spell checker services found
09-01 07:03:33.249 D/Avrcp_ext( 1994): isBrowsableListUpdated: browsable list size mismatch, true
09-01 07:03:33.249 D/Avrcp_ext( 1994): buildBrowsablePlayerList 
09-01 07:03:33.252 V/Avrcp_ext( 1994): getMediaPlayerInfo: Found com.android.music
09-01 07:03:33.252 V/Avrcp_ext( 1994): isBrowseSupported for com.android.music: false
09-01 07:03:33.254 D/Avrcp_ext( 1994): Adding media player info for com.android.music with id 1
09-01 07:03:33.254 D/Avrcp_ext( 1994): update #1:MediaPlayerInfo com.android.music (as 'Android Open Source Music Player') Type = 1, SubType = 0, Status = 0 Feature Bits [40 41 42 44 45 47 48 58] Controller: null
