--------- beginning of system
09-01 07:02:34.074 W/RuleEvaluation( 1460): Integrity rule files are not available.
09-01 07:02:34.076 I/PackageManager( 1460): Integrity check passed for file:///data/app/vmdl122033129.tmp
09-01 07:02:34.087 I/ActivityManager( 1460): Force stopping com.github.uiautomator appid=10113 user=-1: installPackageLI
09-01 07:02:34.090 I/PackageManager( 1460): Update package com.github.uiautomator code path from /data/app/~~Eyi9AtajYizgVVg2wGwZ4A==/com.github.uiautomator-BbzAHX-bWW0ZwwvieNXKSg== to /data/app/~~hRJlVBGKaC5iswJqw6QpJg==/com.github.uiautomator-gEzA4WMK7uiS3s8ztHsP_A==; Retain data and using new
09-01 07:02:34.090 I/PackageManager( 1460): Update package com.github.uiautomator resource path from /data/app/~~Eyi9AtajYizgVVg2wGwZ4A==/com.github.uiautomator-BbzAHX-bWW0ZwwvieNXKSg== to /data/app/~~hRJlVBGKaC5iswJqw6QpJg==/com.github.uiautomator-gEzA4WMK7uiS3s8ztHsP_A==; Retain data and using new
09-01 07:02:34.292 D/PackageManager( 1460): Instant App installer not found with android.intent.action.INSTALL_INSTANT_APP_PACKAGE
09-01 07:02:34.292 D/PackageManager( 1460): Clear ephemeral installer activity
09-01 07:02:34.317 I/ActivityManager( 1460): Force stopping com.github.uiautomator appid=10113 user=0: pkg removed
09-01 07:02:34.331 W/BroadcastQueue( 1460): Background execution not allowed: receiving Intent { act=android.intent.action.PACKAGE_REMOVED dat=package:com.github.uiautomator flg=0x4000010 (has extras) } to com.android.gallery3d/.app.PackagesMonitor
09-01 07:02:34.356 W/BroadcastQueue( 1460): Background execution not allowed: receiving Intent { act=android.intent.action.PACKAGE_ADDED dat=package:com.github.uiautomator flg=0x4000010 (has extras) } to com.android.packageinstaller/.PackageInstalledReceiver
09-01 07:02:34.356 W/BroadcastQueue( 1460): Background execution not allowed: receiving Intent { act=android.intent.action.PACKAGE_ADDED dat=package:com.github.uiautomator flg=0x4000010 (has extras) } to com.android.gallery3d/.app.PackagesMonitor
09-01 07:02:34.356 W/BroadcastQueue( 1460): Background execution not allowed: receiving Intent { act=android.intent.action.PACKAGE_ADDED dat=package:com.github.uiautomator flg=0x4000010 (has extras) } to com.facebook.wearable.system.appmanager/com.facebook.aloha.app.appmanager.common.packages.event.manifest.ManifestPackageEventReceiver
09-01 07:02:34.394 I/Telecom ( 1460): DefaultDialerCache: Refreshing default dialer for user 0: now com.facebook.wearable.apps.phone: DDC.oR@EMY
09-01 07:02:34.408 V/BackupManagerConstants( 1460): getFullBackupIntervalMilliseconds(...) returns 86400000
09-01 07:02:34.408 V/BackupManagerConstants( 1460): getFullBackupRequiredNetworkType(...) returns 2
09-01 07:02:34.408 V/BackupManagerConstants( 1460): getFullBackupRequireCharging(...) returns true
09-01 07:02:34.415 W/BroadcastQueue( 1460): Background execution not allowed: receiving Intent { act=android.intent.action.PACKAGE_REPLACED dat=package:com.github.uiautomator flg=0x4000010 (has extras) } to com.facebook.wearable.system.appmanager/com.facebook.aloha.app.appmanager.common.packages.event.manifest.ManifestPackageEventReceiver
09-01 07:02:34.516 W/TextServicesManagerService( 1460): no available spell checker services found
09-01 07:02:34.522 W/Looper  ( 1460): Slow dispatch took 128ms main h=android.app.ActivityThread$H c=android.app.-$$Lambda$LoadedApk$ReceiverDispatcher$Args$_BumDX2UKsnxLVrE6UJsJZkotuA@9688c39 m=0
09-01 07:02:34.527 W/VoiceInteractionManager( 1460): no available voice recognition services found for user 0
09-01 07:02:35.548 W/RuleEvaluation( 1460): Integrity rule files are not available.
09-01 07:02:35.549 I/PackageManager( 1460): Integrity check passed for file:///data/app/vmdl380373485.tmp
09-01 07:02:35.562 I/ActivityManager( 1460): Force stopping com.github.uiautomator.test appid=10114 user=-1: installPackageLI
09-01 07:02:35.564 I/PackageManager( 1460): Update package com.github.uiautomator.test code path from /data/app/~~TEeGmi93Tge-NlgqKLXgRQ==/com.github.uiautomator.test-E574W_cs3Tvz2VpZMQkKqw== to /data/app/~~gwWKkno-SN8C9_ooPP9SBA==/com.github.uiautomator.test-sBMFnceLlzw6sJ5V9HqLkw==; Retain data and using new
09-01 07:02:35.565 I/PackageManager( 1460): Update package com.github.uiautomator.test resource path from /data/app/~~TEeGmi93Tge-NlgqKLXgRQ==/com.github.uiautomator.test-E574W_cs3Tvz2VpZMQkKqw== to /data/app/~~gwWKkno-SN8C9_ooPP9SBA==/com.github.uiautomator.test-sBMFnceLlzw6sJ5V9HqLkw==; Retain data and using new
09-01 07:02:35.732 D/PackageManager( 1460): Instant App installer not found with android.intent.action.INSTALL_INSTANT_APP_PACKAGE
09-01 07:02:35.732 D/PackageManager( 1460): Clear ephemeral installer activity
09-01 07:02:35.753 I/ActivityManager( 1460): Force stopping com.github.uiautomator.test appid=10114 user=0: pkg removed
09-01 07:02:35.773 W/BroadcastQueue( 1460): Background execution not allowed: receiving Intent { act=android.intent.action.PACKAGE_REMOVED dat=package:com.github.uiautomator.test flg=0x4000010 (has extras) } to com.android.gallery3d/.app.PackagesMonitor
09-01 07:02:35.794 W/TextServicesManagerService( 1460): no available spell checker services found
09-01 07:02:35.798 W/BroadcastQueue( 1460): Background execution not allowed: receiving Intent { act=android.intent.action.PACKAGE_ADDED dat=package:com.github.uiautomator.test flg=0x4000010 (has extras) } to com.android.packageinstaller/.PackageInstalledReceiver
09-01 07:02:35.798 W/BroadcastQueue( 1460): Background execution not allowed: receiving Intent { act=android.intent.action.PACKAGE_ADDED dat=package:com.github.uiautomator.test flg=0x4000010 (has extras) } to com.android.gallery3d/.app.PackagesMonitor
09-01 07:02:35.829 I/Telecom ( 1460): DefaultDialerCache: Refreshing default dialer for user 0: now com.facebook.wearable.apps.phone: DDC.oR@EMo
09-01 07:02:35.841 V/BackupManagerConstants( 1460): getFullBackupIntervalMilliseconds(...) returns 86400000
09-01 07:02:35.841 V/BackupManagerConstants( 1460): getFullBackupRequiredNetworkType(...) returns 2
09-01 07:02:35.841 V/BackupManagerConstants( 1460): getFullBackupRequireCharging(...) returns true
09-01 07:02:35.847 W/BroadcastQueue( 1460): Background execution not allowed: receiving Intent { act=android.intent.action.PACKAGE_ADDED dat=package:com.github.uiautomator.test flg=0x4000010 (has extras) } to com.facebook.wearable.system.appmanager/com.facebook.aloha.app.appmanager.common.packages.event.manifest.ManifestPackageEventReceiver
09-01 07:02:35.858 W/BroadcastQueue( 1460): Background execution not allowed: receiving Intent { act=android.intent.action.PACKAGE_REPLACED dat=package:com.github.uiautomator.test flg=0x4000010 (has extras) } to com.facebook.wearable.system.appmanager/com.facebook.aloha.app.appmanager.common.packages.event.manifest.ManifestPackageEventReceiver
09-01 07:02:35.957 W/Looper  ( 1460): Slow dispatch took 128ms main h=android.app.ActivityThread$H c=android.app.-$$Lambda$LoadedApk$ReceiverDispatcher$Args$_BumDX2UKsnxLVrE6UJsJZkotuA@4e499b8 m=0
09-01 07:02:35.971 W/VoiceInteractionManager( 1460): no available voice recognition services found for user 0
09-01 07:02:36.320 D/commandrouter(  803): rtc_sync (1, rtc:sync): <ServiceRequest> FORWARDED (remote -> local) service client ID = 0, token ID = 34785
09-01 07:02:36.321 D/commandrouter(  803): SocServiceHandle::onServiceMessage, SoC Service = rtc_sync, appType = 1, type = SVC_RESP, clientId = 0, token = 34785, payloadLen = 8, result = 0, payload.size() = 8
09-01 07:02:39.245 I/ActivityManager( 1460): Force stopping com.github.uiautomator appid=10113 user=0: from pid 4496
09-01 07:02:39.742 W/RuleEvaluation( 1460): Integrity rule files are not available.
09-01 07:02:39.744 I/PackageManager( 1460): Integrity check passed for file:///data/app/vmdl974410104.tmp
09-01 07:02:39.754 W/PackageManager( 1460): Package com.github.uiautomator signatures do not match previously installed version; ignoring!
09-01 07:02:39.995 W/RuleEvaluation( 1460): Integrity rule files are not available.
09-01 07:02:39.996 I/PackageManager( 1460): Integrity check passed for file:///data/app/vmdl1866240873.tmp
09-01 07:02:40.003 W/PackageManager( 1460): Package com.github.uiautomator.test signatures do not match previously installed version; ignoring!
09-01 07:02:40.600 D/commandrouter(  803): sleep (1, sleep:data): <ServiceRequest> FORWARDED (remote -> local) service client ID = 1, token ID = 34786
09-01 07:02:40.604 D/commandrouter(  803): SocServiceHandle::onServiceMessage, SoC Service = sleep, appType = 1, type = SVC_RESP, clientId = 1, token = 34786, payloadLen = 12, result = 0, payload.size() = 12
09-01 07:02:40.606 D/commandrouter(  803): sleep (1, sleep:data): <ServiceRequest> FORWARDED (remote -> local) service client ID = 1, token ID = 34787
09-01 07:02:40.608 D/commandrouter(  803): SocServiceHandle::onServiceMessage, SoC Service = sleep, appType = 1, type = SVC_RESP, clientId = 1, token = 34787, payloadLen = 12, result = 0, payload.size() = 12
09-01 07:02:42.005 I/ActivityManager( 1460): Force stopping com.github.uiautomator appid=10113 user=0: start instr
09-01 07:02:42.018 D/CompatibilityChangeReporter( 1460): Compat change id reported: 135634846; UID 10113; state: DISABLED
09-01 07:02:42.021 D/CompatibilityChangeReporter( 1460): Compat change id reported: 143937733; UID 10113; state: DISABLED
09-01 07:02:42.051 I/ActivityManager( 1460): Start proc 4531:com.github.uiautomator/u0a113 for added application com.github.uiautomator
09-01 07:02:44.235 W/WindowManager( 1460): Cannot find window which accessibility connection is added to
09-01 07:02:46.321 D/commandrouter(  803): rtc_sync (1, rtc:sync): <ServiceRequest> FORWARDED (remote -> local) service client ID = 0, token ID = 34788
09-01 07:02:46.322 D/commandrouter(  803): SocServiceHandle::onServiceMessage, SoC Service = rtc_sync, appType = 1, type = SVC_RESP, clientId = 0, token = 34788, payloadLen = 8, result = 0, payload.size() = 8
09-01 07:02:47.957 D/AutofillManagerService( 1460): onBackKeyPressed()
09-01 07:02:54.648 I/chatty  ( 1460): uid=1000(system) android.ui identical 4 lines
09-01 07:02:55.627 D/AutofillManagerService( 1460): onBackKeyPressed()
09-01 07:02:56.320 D/commandrouter(  803): rtc_sync (1, rtc:sync): <ServiceRequest> FORWARDED (remote -> local) service client ID = 0, token ID = 34789
09-01 07:02:56.321 D/commandrouter(  803): SocServiceHandle::onServiceMessage, SoC Service = rtc_sync, appType = 1, type = SVC_RESP, clientId = 0, token = 34789, payloadLen = 8, result = 0, payload.size() = 8
09-01 07:02:56.632 D/AutofillManagerService( 1460): onBackKeyPressed()
09-01 07:02:57.622 D/AutofillManagerService( 1460): onBackKeyPressed()
09-01 07:02:58.165 W/ActivityManager( 1460): Invalid packageName: com.facebook.wearable.system.settings/com.facebook.wearable.system.settings.SettingsActivity
09-01 07:02:58.290 I/ActivityTaskManager( 1460): START u0 {flg=0x10000000 cmp=com.facebook.wearable.system.settings/.SettingsActivity} from uid 2000
09-01 07:02:58.355 I/ActivityTaskManager( 1460): The Process com.facebook.wearable.system.settings Already Exists in BG. So sending its PID: 31081
09-01 07:02:58.356 W/ActivityTaskManager( 1460): Tried to set launchTime (0) < mLastActivityLaunchTime (12590432)
09-01 07:03:01.087 D/commandrouter(  803): SocServiceHandle::onServiceMessage, SoC Service = audio_hal, appType = 1, type = SVC_REQ, clientId = 0, token = 471, payloadLen = 32, result = 0, payload.size() = 32
09-01 07:03:01.151 D/commandrouter(  803): audio_hal (1, audio_hal:notification:push): <ServiceResponse> FORWARDED (remote -> local) CR token ID = 471, service client ID = 37, token ID = 1754, result = 0
09-01 07:03:02.494 E/TaskPersister( 1460): File error accessing recents directory (directory doesn't exist?).
09-01 07:03:05.907 D/AnalyticsLogger( 1460): sent events: 28
09-01 07:03:06.194 W/android.hardware.wifi@1.0-service(  581): No active wlan interfaces in use! Using default
09-01 07:03:06.213 W/ContextImpl( 1460): Calling a method in the system process without a qualified user: android.app.ContextImpl.sendBroadcastMultiplePermissions:1143 android.content.Context.sendBroadcastWithMultiplePermissions:2150 com.android.server.display.WifiDisplayAdapter.handleSendStatusChangeBroadcast:440 com.android.server.display.WifiDisplayAdapter.access$1700:63 com.android.server.display.WifiDisplayAdapter$WifiDisplayHandler.handleMessage:675 
09-01 07:03:06.316 D/commandrouter(  803): rtc_sync (1, rtc:sync): <ServiceRequest> FORWARDED (remote -> local) service client ID = 0, token ID = 34790
09-01 07:03:06.317 D/commandrouter(  803): SocServiceHandle::onServiceMessage, SoC Service = rtc_sync, appType = 1, type = SVC_RESP, clientId = 0, token = 34790, payloadLen = 8, result = 0, payload.size() = 8
09-01 07:03:06.629 I/wificond(  923): Unsubscribe scan result for interface with index: 37
09-01 07:03:06.722 E/android.hardware.wifi@1.0-service(  581): Stopping legacy HAL
09-01 07:03:06.722 E/android.hardware.wifi@1.0-service(  581): Legacy HAL trigger wifi cleanup
09-01 07:03:06.731 I/android.hardware.wifi@1.0-service(  581): Legacy HAL stop complete callback received
09-01 07:03:06.733 E/android.hardware.wifi@1.0-service(  581): SetWifiUpState(false) completed
09-01 07:03:06.733 E/android.hardware.wifi@1.0-service(  581): Legacy HAL Wifi event loop exited
09-01 07:03:06.733 E/android.hardware.wifi@1.0-service(  581): Legacy HAL event loop terminated
09-01 07:03:07.830 I/android.hardware.wifi@1.0-service(  581): Wifi HAL stopped
09-01 07:03:08.461 I/wificond(  923): Regulatory domain changed to country: US
09-01 07:03:08.461 E/wificond(  923): Failed to find expected wiphy info from NL80211_CMD_GET_WIPHY responses
09-01 07:03:08.461 I/wificond(  923): 2.4Ghz frequencies:
09-01 07:03:08.462 I/wificond(  923): 5Ghz non-DFS frequencies:
09-01 07:03:08.462 I/wificond(  923): 5Ghz DFS frequencies:
09-01 07:03:08.462 I/wificond(  923): 6Ghz frequencies:
09-01 07:03:08.462 I/wificond(  923): Regulatory domain changed to country: US
09-01 07:03:08.462 E/wificond(  923): Failed to find expected wiphy info from NL80211_CMD_GET_WIPHY responses
09-01 07:03:08.462 I/wificond(  923): 2.4Ghz frequencies:
09-01 07:03:08.462 I/wificond(  923): 5Ghz non-DFS frequencies:
09-01 07:03:08.462 I/wificond(  923): 5Ghz DFS frequencies:
09-01 07:03:08.462 I/wificond(  923): 6Ghz frequencies:
09-01 07:03:08.463 I/wificond(  923): Regulatory domain changed to country: US
09-01 07:03:08.463 E/wificond(  923): Failed to find expected wiphy info from NL80211_CMD_GET_WIPHY responses
09-01 07:03:08.463 I/wificond(  923): 2.4Ghz frequencies:
09-01 07:03:08.463 I/wificond(  923): 5Ghz non-DFS frequencies:
09-01 07:03:08.463 I/wificond(  923): 5Ghz DFS frequencies:
09-01 07:03:08.463 I/wificond(  923): 6Ghz frequencies:
09-01 07:03:08.463 I/wificond(  923): Regulatory domain changed to country: US
09-01 07:03:08.466 E/wificond(  923): Failed to find expected wiphy info from NL80211_CMD_GET_WIPHY responses
09-01 07:03:08.466 I/wificond(  923): 2.4Ghz frequencies:
09-01 07:03:08.466 I/wificond(  923): 5Ghz non-DFS frequencies:
09-01 07:03:08.466 I/wificond(  923): 5Ghz DFS frequencies:
09-01 07:03:08.467 I/wificond(  923): 6Ghz frequencies:
09-01 07:03:08.467 I/wificond(  923): Regulatory domain changed to country: US
09-01 07:03:08.467 E/wificond(  923): Failed to find expected wiphy info from NL80211_CMD_GET_WIPHY responses
09-01 07:03:08.467 I/wificond(  923): 2.4Ghz frequencies:
09-01 07:03:08.467 I/wificond(  923): 5Ghz non-DFS frequencies:
09-01 07:03:08.467 I/wificond(  923): 5Ghz DFS frequencies:
09-01 07:03:08.467 I/wificond(  923): 6Ghz frequencies:
09-01 07:03:08.663 I/android.hardware.wifi@1.0-service(  581): Wifi HAL started
09-01 07:03:08.756 I/android.hardware.wifi@1.0-service(  581): Adding interface handle for wlan0
09-01 07:03:08.757 I/android.hardware.wifi@1.0-service(  581): Adding interface handle for p2p0
09-01 07:03:08.757 W/android.hardware.wifi@1.0-service(  581): No active wlan interfaces in use! Using default
09-01 07:03:08.758 W/android.hardware.wifi@1.0-service(  581): No active wlan interfaces in use! Using default
09-01 07:03:08.763 I/android.hardware.wifi@1.0-service(  581): Configured chip in mode 0
09-01 07:03:08.763 W/android.hardware.wifi@1.0-service(  581): No active wlan interfaces in use! Using default
09-01 07:03:08.817 I/wificond(  923): setting base_wiphy_index_ to 5
09-01 07:03:08.818 I/wificond(  923): create scanner for interface with index: 39
09-01 07:03:08.819 I/wificond(  923): subscribe scan result for interface with index: 39
09-01 07:03:09.801 W/ContextImpl( 1460): Calling a method in the system process without a qualified user: android.app.ContextImpl.sendBroadcastMultiplePermissions:1143 android.content.Context.sendBroadcastWithMultiplePermissions:2150 com.android.server.display.WifiDisplayAdapter.handleSendStatusChangeBroadcast:440 com.android.server.display.WifiDisplayAdapter.access$1700:63 com.android.server.display.WifiDisplayAdapter$WifiDisplayHandler.handleMessage:675 
09-01 07:03:10.454 V/BatteryExternalStatsWorker( 1460): WiFi energy data was reset, new WiFi energy data is WifiActivityEnergyInfo{ mTimeSinceBootMillis=12684385 mStackState=3 mControllerTxDurationMillis=0 mControllerRxDurationMillis=0 mControllerScanDurationMillis=568 mControllerIdleDurationMillis=1003 mControllerEnergyUsedMicroJoules=0 }
09-01 07:03:10.608 D/commandrouter(  803): sleep (1, sleep:data): <ServiceRequest> FORWARDED (remote -> local) service client ID = 1, token ID = 34791
--------- beginning of main
09-01 07:03:10.660 E/wpa_supplicant( 4621): eap_proxy: IMSI first digit = 8 read length = 15imsi      310260200622059
09-01 07:03:10.660 E/QMI_FW  ( 4621): qmi_cci_get_ref: ref count increased 2
09-01 07:03:10.662 E/wpa_supplicant( 4621): nl80211: Set scan default IEs failed: ret=-524 (Unknown error 524)
09-01 07:03:10.662 I/wpa_supplicant( 4621): Mapping to vendor P2P iface
09-01 07:03:10.687 I/wpa_supplicant( 4621): p2p0: CTRL-EVENT-AVOID-FREQ ranges=
09-01 07:03:10.712 D/commandrouter(  803): SocServiceHandle::onServiceMessage, SoC Service = sleep, appType = 1, type = SVC_RESP, clientId = 1, token = 34791, payloadLen = 12, result = 0, payload.size() = 12
09-01 07:03:10.711 I/wpa_supplicant( 4621): p2p0: CTRL-EVENT-AVOID-FREQ ranges=
09-01 07:03:10.714 E/SupplicantP2pIfaceHal( 1460): Can't call vendor_setupIface, ISupplicantVendorP2PIface is null
09-01 07:03:10.715 D/commandrouter(  803): sleep (1, sleep:data): <ServiceRequest> FORWARDED (remote -> local) service client ID = 1, token ID = 34792
09-01 07:03:10.715 D/OTTS_sleep_jni( 2654): Unpacked SleepDataUpdateRequest.
09-01 07:03:10.716 D/OTTS_sleep_jni( 2654): Received SleepDataRequest with OTT of size 35
09-01 07:03:10.716 D/OTTS_sleep_jni( 2654): Calling sleep data callback...
09-01 07:03:10.716 D/OTTS_sleep_jni( 2654): Calling Java sleep callback for OTT data.
09-01 07:03:10.717 D/OTTS_OTTDataHandler( 2654): Got new OTT data of length: 35 at time 0
09-01 07:03:10.717 D/OTTS_OTTDataHandler( 2654): Sending OTT to Delegation
09-01 07:03:10.717 I/android_os_HwBinder( 1460): HwBinder: Starting thread pool for getting: vendor.qti.hardware.wifi.supplicant@2.0::ISupplicantVendor/default
09-01 07:03:10.718 E/SupplicantP2pIfaceHal( 1460): Try to get Vendor HIDL@2.0 interface
09-01 07:03:10.718 D/commandrouter(  803): SocServiceHandle::onServiceMessage, SoC Service = sleep, appType = 1, type = SVC_RESP, clientId = 1, token = 34792, payloadLen = 12, result = 0, payload.size() = 12
09-01 07:03:10.719 I/wpa_supplicant( 4621): get vendor p2p iface object
09-01 07:03:10.722 E/SupplicantP2pIfaceHal( 1460): Successful get Vendor p2p interface
09-01 07:03:10.723 I/WifiP2pNative( 1460): P2P interface setup completed
09-01 07:03:10.724 I/WifiP2pService( 1460): Supported feature: P2P MAC randomization
09-01 07:03:10.736 W/ContextImpl( 1460): Calling a method in the system process without a qualified user: android.app.ContextImpl.sendBroadcastMultiplePermissions:1143 android.content.Context.sendBroadcastWithMultiplePermissions:2150 com.android.server.wifi.p2p.WifiP2pServiceImpl$P2pStateMachine.sendBroadcastMultiplePermissions:3209 com.android.server.wifi.p2p.WifiP2pServiceImpl$P2pStateMachine.sendP2pConnectionChangedBroadcast:3236 com.android.server.wifi.p2p.WifiP2pServiceImpl$P2pStateMachine.access$5100:768 
09-01 07:03:10.738 W/BroadcastQueue( 1460): Permission Denial: receiving Intent { act=android.net.wifi.p2p.CONNECTION_STATE_CHANGE flg=0x24000010 (has extras) } to ProcessRecord{9797731 2176:.qtidataservices/u0a89} (pid=2176, uid=10089) requires android.permission.NETWORK_SETTINGS due to sender android (uid 1000)
09-01 07:03:10.747 W/ContextImpl( 1460): Calling a method in the system process without a qualified user: android.app.ContextImpl.sendBroadcastMultiplePermissions:1143 android.content.Context.sendBroadcastWithMultiplePermissions:2150 com.android.server.wifi.p2p.WifiP2pServiceImpl$P2pStateMachine.sendBroadcastMultiplePermissions:3209 com.android.server.wifi.p2p.WifiP2pServiceImpl$P2pStateMachine.sendThisDeviceChangedBroadcast:3218 com.android.server.wifi.p2p.WifiP2pServiceImpl$P2pStateMachine.updateThisDevice:3962 
09-01 07:03:10.762 D/WifiP2pNative( 1460): P2P InterfaceAvailableListener false
09-01 07:03:10.763 I/WifiP2pNative( 1460): Masking interface non-availability callback because we created a P2P iface
09-01 07:03:10.957 D/audio_hw_primary(  562): out_standby: enter: stream (0x96f76000) usecase(1: low-latency-playback)
09-01 07:03:10.991 D/audio_hw_primary(  562): disable_audio_route: reset and update mixer path: low-latency-playback
09-01 07:03:10.993 D/soundtrigger(  562): audio_extn_sound_trigger_update_stream_status: uc_info->id 1 of type 0 for Event 2, with Raise=0
09-01 07:03:10.993 D/audio_hw_bluebox(  562): audio_extn_bluebox_route_disabled() usecase=0
09-01 07:03:10.993 D/hardware_info(  562): hw_info_append_hw_type : device_name = speaker
09-01 07:03:10.993 D/audio_hw_primary(  562): disable_snd_device: snd_device(2: speaker)
09-01 07:03:10.993 I/soundtrigger(  562): audio_extn_sound_trigger_update_device_status: device 0x2 of type 0 for Event 0, with Raise=0
09-01 07:03:10.993 D/audio_hw_bluebox(  562): sending snd dev notification enabled=0 sdev=Speaker
09-01 07:03:10.993 D/commandrouter(  803): SocServiceHandle::onServiceMessage, SoC Service = audio_hal, appType = 1, type = SVC_REQ, clientId = 0, token = 472, payloadLen = 32, result = 0, payload.size() = 32
09-01 07:03:11.019 I/mcucapture(  961): 12658385 [info   ] {AUD }: SoundDevDisabled: Speaker
09-01 07:03:11.019 I/mcucapture(  961): 12658390 [info   ] {AUD }: setting audio power mode: STANDBY
09-01 07:03:11.019 I/mcucapture(  961): 12658397 [info   ] {AUD }: SmartAmpDSP: Refcount: 0
09-01 07:03:11.020 I/mcucapture(  961): 12658401 [info   ] {AUD }: Disabling SmartAmpDSP
09-01 07:03:11.052 D/commandrouter(  803): audio_hal (1, audio_hal:notification:push): <ServiceResponse> FORWARDED (remote -> local) CR token ID = 472, service client ID = 37, token ID = 1755, result = 0
09-01 07:03:11.055 I/system_server( 1460): oneway function results will be dropped but finished with status OK and parcel size 4
09-01 07:03:11.317 W/bluelink(  803): [System] updateSmoothedTime: too early or too late; st=12691.795, rt=12696.881
09-01 07:03:14.132 I/vendor.rmt_storage(  662): rmt_storage_connect_cb: clnt_h=0x15 conn_h=0x98420030
09-01 07:03:14.132 I/vendor.rmt_storage(  662): rmt_storage_rw_iovec_cb: /boot/modem_fs1: req_h=0x15 msg_id=3: R/W request received (wr_count 13)
09-01 07:03:14.133 I/vendor.rmt_storage(  662): wakelock acquired: 1, error no: 11
09-01 07:03:14.133 I/vendor.rmt_storage(  662): rmt_storage_client_thread: /boot/modem_fs1: Unblock worker thread (th_id: -1752710720)
09-01 07:03:14.219 I/vendor.rmt_storage(  662): rmt_storage_client_thread: /boot/modem_fs1: req_h=0x15 msg_id=3: Bytes written = 1572864, wr_count 13
09-01 07:03:14.219 I/vendor.rmt_storage(  662): rmt_storage_client_thread: /boot/modem_fs1: req_h=0x15 msg_id=3: Send response: res=0 err=0, wr_count 13
09-01 07:03:14.219 I/vendor.rmt_storage(  662): rmt_storage_client_thread: /boot/modem_fs1: About to block rmt_storage client thread (th_id: -1752710720) wakelock released: 1, error no: 22
09-01 07:03:14.219 I/vendor.rmt_storage(  662): 
09-01 07:03:14.225 I/vendor.rmt_storage(  662): rmt_storage_disconnect_cb: clnt_h=0x15 conn_h=0x98420030
09-01 07:03:16.319 W/bluelink(  803): [System] updateSmoothedTime: too early or too late; st=12696.794, rt=12701.882
09-01 07:03:16.319 D/commandrouter(  803): rtc_sync (1, rtc:sync): <ServiceRequest> FORWARDED (remote -> local) service client ID = 0, token ID = 34793
09-01 07:03:16.320 D/vendor.facebook.rtc_sync@1.0-service( 1013): Request req_ts=1630479796314224182 resp_ts=1630479796320122771
09-01 07:03:16.320 D/commandrouter(  803): SocServiceHandle::onServiceMessage, SoC Service = rtc_sync, appType = 1, type = SVC_RESP, clientId = 0, token = 34793, payloadLen = 8, result = 0, payload.size() = 8
09-01 07:03:18.115 D/UIAutomatorStub( 4531): URI: /jsonrpc/0, Method: POST, Header: {content-length=102, remote-addr=127.0.0.1, http-client-ip=127.0.0.1, host=localhost:9010, content-type=application/json, accept-encoding=identity}, params, {NanoHttpd.QUERY_STRING=null}, files: {postData={"jsonrpc": "2.0", "method": "pressKey", "id": "7f109451fc2d02a88a40620a389fba78", "params": ["back"]}}
09-01 07:03:18.155 D/AutofillManagerService( 1460): onBackKeyPressed()
09-01 07:03:18.221 D/UIAutomatorStub( 4531): URI: /jsonrpc/0, Method: POST, Header: {content-length=102, remote-addr=127.0.0.1, http-client-ip=127.0.0.1, host=localhost:9010, content-type=application/json, accept-encoding=identity}, params, {NanoHttpd.QUERY_STRING=null}, files: {postData={"jsonrpc": "2.0", "method": "pressKey", "id": "78e2391b13afc2ec6ee855f2ace14bf1", "params": ["back"]}}
09-01 07:03:18.898 D/UIAutomatorStub( 4531): URI: /jsonrpc/0, Method: POST, Header: {content-length=102, remote-addr=127.0.0.1, http-client-ip=127.0.0.1, host=localhost:9010, content-type=application/json, accept-encoding=identity}, params, {NanoHttpd.QUERY_STRING=null}, files: {postData={"jsonrpc": "2.0", "method": "pressKey", "id": "52e685359e29b9917ce15395cd09ff4e", "params": ["back"]}}
09-01 07:03:19.484 D/ActivityTrigger( 1460): ActivityTrigger activityPauseTrigger 
09-01 07:03:19.611 E/ANDR-PERF-JNI( 1460): UXEngine Trigger - Returning null
09-01 07:03:19.649 E/DayDateSystemComplicationProvider( 2824): Updating Day Date System Complication
09-01 07:03:19.657 W/JobInfo ( 2824): Requested flex +5s0ms for job 11 is too small; raising to +5m0s0ms
09-01 07:03:19.845 D/UIAutomatorStub( 4531): URI: /jsonrpc/0, Method: POST, Header: {content-length=102, remote-addr=127.0.0.1, http-client-ip=127.0.0.1, host=localhost:9010, content-type=application/json, accept-encoding=identity}, params, {NanoHttpd.QUERY_STRING=null}, files: {postData={"jsonrpc": "2.0", "method": "pressKey", "id": "304cc268d7f891bba373b3a611293d92", "params": ["back"]}}
09-01 07:03:19.880 D/CompatibilityInfo( 1460): mCompatibilityFlags - 4
09-01 07:03:19.880 D/CompatibilityInfo( 1460): applicationDensity - 320
09-01 07:03:19.880 D/CompatibilityInfo( 1460): applicationScale - 1.0
09-01 07:03:19.896 D/CompatibilityInfo( 1460): mCompatibilityFlags - 4
09-01 07:03:19.896 D/CompatibilityInfo( 1460): applicationDensity - 320
09-01 07:03:19.896 D/CompatibilityInfo( 1460): applicationScale - 1.0
09-01 07:03:19.910 D/mcu_health_checker(  846): Sent isMcuReachable Request
09-01 07:03:18.782 I/chatty  ( 1460): uid=1000(system) android.ui identical 1 line
09-01 07:03:19.415 D/AutofillManagerService( 1460): onBackKeyPressed()
09-01 07:03:19.910 D/commandrouter(  803): SocServiceHandle::onServiceMessage, SoC Service = mcu_healthcheck_846, appType = 1, type = SVC_REQ, clientId = 0, token = 211, payloadLen = 12, result = 0, payload.size() = 12
09-01 07:03:19.928 D/commandrouter(  803): mcu_healthcheck_846 (1, merlot:mcu_health:control): <ServiceResponse> FORWARDED (remote -> local) CR token ID = 211, service client ID = 5, token ID = 1756, result = 0
09-01 07:03:19.928 D/mcu_health_checker(  846): MCU Health Response: MCU_OK
09-01 07:03:19.928 D/mculinkhealth(  846): isMcuReachable 1 (18 ms)
09-01 07:03:19.931 I/mcucapture(  961): 12667302 [info   ] {hlth}: Received control service request
09-01 07:03:19.931 I/mcucapture(  961): 12667307 [info   ] {hlth}: Health Request cmd: GET_STATUS
09-01 07:03:19.931 I/mcucapture(  961): 12667312 [info   ] {hlth}: Responded to req, result = MCU_OK
09-01 07:03:20.152 D/CompatibilityInfo( 1460): mCompatibilityFlags - 4
09-01 07:03:20.152 D/CompatibilityInfo( 1460): applicationDensity - 320
09-01 07:03:20.153 D/CompatibilityInfo( 1460): applicationScale - 1.0
09-01 07:03:20.196 D/CompatibilityInfo( 1460): mCompatibilityFlags - 4
09-01 07:03:20.196 D/CompatibilityInfo( 1460): applicationDensity - 320
09-01 07:03:20.196 D/CompatibilityInfo( 1460): applicationScale - 1.0
09-01 07:03:20.694 D/AutofillManagerService( 1460): onBackKeyPressed()
09-01 07:03:20.783 W/HWComposer(  647): Ignoring duplicate VSYNC event from HWC for display 0 (t=12694779131405)
09-01 07:03:21.107 W/HWComposer(  647): Ignoring duplicate VSYNC event from HWC for display 0 (t=12695102948124)
09-01 07:03:21.194 W/ActivityManager( 1460): Invalid packageName: com.facebook.wearable.system.settings/com.facebook.wearable.system.settings.SettingsActivity
09-01 07:03:21.313 W/bluelink(  803): [System] updateSmoothedTime: too early or too late; st=12701.794, rt=12706.876
09-01 07:03:21.328 I/ActivityTaskManager( 1460): START u0 {flg=0x10000000 cmp=com.facebook.wearable.system.settings/.SettingsActivity} from uid 2000
09-01 07:03:21.337 E/ANDR-PERF-OPTSHANDLER(  586): Perflock resource /proc/sys/kernel/sched_group_downmigrate not supported
09-01 07:03:21.337 E/ANDR-PERF-RESOURCEQS(  586): Failed to apply optimization [3, 22]
09-01 07:03:21.337 E/ANDR-PERF-OPTSHANDLER(  586): Perflock resource /proc/sys/kernel/sched_group_upmigrate not supported
09-01 07:03:21.337 E/ANDR-PERF-RESOURCEQS(  586): Failed to apply optimization [3, 21]
09-01 07:03:21.337 E/ANDR-PERF-OPTSHANDLER(  586): Perflock resource /sys/module/lpm_levels/parameters/bias_hyst not supported
09-01 07:03:21.337 E/ANDR-PERF-RESOURCEQS(  586): Failed to apply optimization [1, 2]
09-01 07:03:21.338 E/ANDR-PERF-OPTSHANDLER(  586): Failed to read /proc/sys/kernel/sched_downmigrate
09-01 07:03:21.338 E/ANDR-PERF-RESOURCEQS(  586): Failed to apply optimization [3, 8]
09-01 07:03:21.338 E/ANDR-PERF-OPTSHANDLER(  586): Failed to read /proc/sys/kernel/sched_upmigrate
09-01 07:03:21.339 E/ANDR-PERF-RESOURCEQS(  586): Failed to apply optimization [3, 7]
09-01 07:03:21.348 D/CompatibilityInfo( 1460): mCompatibilityFlags - 4
09-01 07:03:21.348 D/CompatibilityInfo( 1460): applicationDensity - 320
09-01 07:03:21.348 D/CompatibilityInfo( 1460): applicationScale - 1.0
09-01 07:03:21.351 D/ActivityTrigger( 1460): ActivityTrigger activityPauseTrigger 
09-01 07:03:21.356 I/ActivityTaskManager( 1460): The Process com.facebook.wearable.system.settings Already Exists in BG. So sending its PID: 31081
09-01 07:03:21.356 W/ActivityTaskManager( 1460): Tried to set launchTime (0) < mLastActivityLaunchTime (12672354)
09-01 07:03:21.358 D/CompatibilityInfo( 1460): mCompatibilityFlags - 4
09-01 07:03:21.358 D/CompatibilityInfo( 1460): applicationDensity - 320
09-01 07:03:21.358 D/CompatibilityInfo( 1460): applicationScale - 1.0
09-01 07:03:21.457 D/CompatibilityInfo( 1460): mCompatibilityFlags - 4
09-01 07:03:21.457 D/CompatibilityInfo( 1460): applicationDensity - 320
09-01 07:03:21.457 D/CompatibilityInfo( 1460): applicationScale - 1.0
09-01 07:03:21.527 W/WrappingUtils(31081): Don't know how to round that drawable: com.facebook.drawee.drawable.RoundedColorDrawable@3c30f65
09-01 07:03:21.611 E/QMI_FW  (  952): qmi_cci_get_ref: ref count increased 2
09-01 07:03:21.615 E/QMI_FW  (  952): qmi_cci_get_ref: ref count increased 2
09-01 07:03:21.770 E/QMI_FW  ( 1038): qmi_cci_get_ref: ref count increased 2
09-01 07:03:21.771 E/QMI_FW  ( 1038): qmi_cci_get_ref: ref count increased 2
09-01 07:03:21.771 E/QMI_FW  (  952): qmi_cci_get_ref: ref count increased 2
09-01 07:03:21.779 E/QMI_FW  (  952): qmi_cci_get_ref: ref count increased 2
09-01 07:03:21.779 E/QMI_FW  ( 1038): qmi_cci_get_ref: ref count increased 2
09-01 07:03:21.810 W/View    (31081): requestLayout() improperly called by android.view.View{7b9e48a V.ED..... ......I. 0,368-474,474} during layout: running second layout pass
09-01 07:03:21.849 I/ActivityManager( 1460): Process com.android.traceur (pid 3157) has died: cch+95 CEM 
09-01 07:03:21.850 I/Zygote  (  476): Process 3157 exited due to signal 9 (Killed)
09-01 07:03:21.897 I/libprocessgroup( 1460): Successfully killed process cgroup uid 10051 pid 3157 in 0ms
09-01 07:03:21.949 W/EventCoordinator( 2771): releaseMemory
09-01 07:03:21.976 I/Zygote  (  476): Process 3670 exited due to signal 9 (Killed)
09-01 07:03:21.976 W/system_server( 1460): Long monitor contention with owner Binder:1460_7 (2152) at void com.android.server.am.ActivityManagerService$AppDeathRecipient.binderDied()(ActivityManagerService.java:1630) waiters=0 in void com.android.server.am.ActivityManagerService.dispatchUidsChanged() for 104ms
09-01 07:03:21.983 I/ActivityManager( 1460): Process com.facebook.wearable.apps.phone (pid 3670) has died: cch+85 CEM 
09-01 07:03:21.990 I/libprocessgroup( 1460): Successfully killed process cgroup uid 10043 pid 3670 in 0ms
09-01 07:03:21.994 W/Looper  ( 1460): Slow dispatch took 129ms android.ui h=com.android.server.am.ActivityManagerService$UiHandler c=null m=53
09-01 07:03:22.011 D/CompatibilityInfo( 1460): mCompatibilityFlags - 4
09-01 07:03:22.011 D/CompatibilityInfo( 1460): applicationDensity - 320
09-01 07:03:22.011 D/CompatibilityInfo( 1460): applicationScale - 1.0
09-01 07:03:22.035 D/CompatibilityInfo( 1460): mCompatibilityFlags - 4
09-01 07:03:22.035 D/CompatibilityInfo( 1460): applicationDensity - 320
09-01 07:03:22.035 D/CompatibilityInfo( 1460): applicationScale - 1.0
09-01 07:03:22.036 I/system.setting(31081): Rejecting re-init on previously-failed class java.lang.Class<com.facebook.wearable.sdk.network.impl.liger.MC$wearable_connectivity_network>: java.lang.NoClassDefFoundError: Failed resolution of: Lcom/facebook/mobileconfig/MobileConfigParams0;
09-01 07:03:22.036 I/system.setting(31081):   at void com.facebook.wearable.sdk.network.impl.liger.MC$wearable_connectivity_network.<clinit>() (:0)
09-01 07:03:22.036 I/system.setting(31081):   at com.facebook.wearable.sdk.network.api.WearableResponse com.facebook.wearable.sdk.network.impl.liger.LigerWearableHttpClient.execute(com.facebook.wearable.sdk.network.impl.liger.LigerWearableCall) (:269)
09-01 07:03:22.036 I/system.setting(31081):   at void com.facebook.wearable.sdk.network.impl.liger.LigerWearableHttpClient$4.run() (:4)
09-01 07:03:22.036 I/system.setting(31081):   at void java.util.concurrent.ThreadPoolExecutor.runWorker(java.util.concurrent.ThreadPoolExecutor$Worker) (ThreadPoolExecutor.java:1167)
09-01 07:03:22.036 I/system.setting(31081):   at void java.util.concurrent.ThreadPoolExecutor$Worker.run() (ThreadPoolExecutor.java:641)
09-01 07:03:22.036 I/system.setting(31081):   at void java.lang.Thread.run() (Thread.java:923)
09-01 07:03:22.036 I/system.setting(31081): Caused by: java.lang.ClassNotFoundException: com.facebook.mobileconfig.MobileConfigParams0
09-01 07:03:22.036 I/system.setting(31081):   at void com.facebook.wearable.sdk.network.impl.liger.MC$wearable_connectivity_network.<clinit>() (:0)
09-01 07:03:22.036 I/system.setting(31081):   at com.facebook.wearable.sdk.network.api.WearableResponse com.facebook.wearable.sdk.network.impl.liger.LigerWearableHttpClient.execute(com.facebook.wearable.sdk.network.impl.liger.LigerWearableCall) (:269)
09-01 07:03:22.036 I/system.setting(31081):   at void com.facebook.wearable.sdk.network.impl.liger.LigerWearableHttpClient$4.run() (:4)
09-01 07:03:22.036 I/system.setting(31081):   at void java.util.concurrent.ThreadPoolExecutor.runWorker(java.util.concurrent.ThreadPoolExecutor$Worker) (ThreadPoolExecutor.java:1167)
09-01 07:03:22.036 I/system.setting(31081):   at void java.util.concurrent.ThreadPoolExecutor$Worker.run() (ThreadPoolExecutor.java:641)
09-01 07:03:22.036 I/system.setting(31081):   at void java.lang.Thread.run() (Thread.java:923)
09-01 07:03:22.037 W/LigerWearableHttpClient(31081): Add 'generate_mobileconfig_service = True' to your app's buck file to enable use of mobile config in the network stack. Example: https://fburl.com/diffusion/f1x33lmz
09-01 07:03:22.064 W/WrappingUtils(31081): Don't know how to round that drawable: com.facebook.drawee.drawable.RoundedColorDrawable@7d91253
09-01 07:03:22.070 W/View    (31081): requestLayout() improperly called by com.facebook.wearable.common.wds.listview.WdsListView{8f997ad V.E...... ........ 0,0-474,474} during second layout pass: posting in next frame
09-01 07:03:22.417 D/UIAutomatorStub( 4531): URI: /jsonrpc/0, Method: POST, Header: {content-length=192, remote-addr=127.0.0.1, http-client-ip=127.0.0.1, host=localhost:9010, content-type=application/json, accept-encoding=identity}, params, {NanoHttpd.QUERY_STRING=null}, files: {postData={"jsonrpc": "2.0", "method": "waitForExists", "id": "5aa2a4ecccf7f22215f3d40ef0a75ec4", "params": [{"mask": 1, "childOrSibling": [], "childOrSiblingSelector": [], "text": "Notifications"}, 5]}}
09-01 07:03:22.730 D/UIAutomatorStub( 4531): URI: /jsonrpc/0, Method: POST, Header: {content-length=191, remote-addr=127.0.0.1, http-client-ip=127.0.0.1, host=localhost:9010, content-type=application/json, accept-encoding=identity}, params, {NanoHttpd.QUERY_STRING=null}, files: {postData={"jsonrpc": "2.0", "method": "waitForExists", "id": "72bf0fbe00f904e7dcb661faa92a17fe", "params": [{"mask": 1, "childOrSibling": [], "childOrSiblingSelector": [], "text": "Connectivity"}, 5]}}
09-01 07:03:22.793 D/UIAutomatorStub( 4531): URI: /jsonrpc/0, Method: POST, Header: {content-length=180, remote-addr=127.0.0.1, http-client-ip=127.0.0.1, host=localhost:9010, content-type=application/json, accept-encoding=identity}, params, {NanoHttpd.QUERY_STRING=null}, files: {postData={"jsonrpc": "2.0", "method": "click", "id": "176d2aade906c24be86fecc4135adc64", "params": [{"mask": 1, "childOrSibling": [], "childOrSiblingSelector": [], "text": "Connectivity"}]}}
09-01 07:03:22.883 I/system_server( 1460): oneway function results will be dropped but finished with status OK and parcel size 4
09-01 07:03:22.884 I/system_server( 1460): oneway function results will be dropped but finished with status OK and parcel size 4
09-01 07:03:22.886 D/audio_hw_primary(  562): start_output_stream: enter: stream(0x96f76000)usecase(1: low-latency-playback) devices(0x2) is_haptic_usecase(0)
09-01 07:03:22.886 D/audio_hw_primary(  562): select_devices for use case (low-latency-playback)
09-01 07:03:22.887 I/msm8974_platform(  562): platform_check_and_set_codec_backend_cfg:becf: afe: bitwidth 16, samplerate 48000 channels 2, backend_idx 0 usecase = 1 device (speaker)
09-01 07:03:22.887 I/msm8974_platform(  562): platform_check_and_set_codec_backend_cfg: new_snd_devices[0] is 2
09-01 07:03:22.887 I/msm8974_platform(  562): platform_check_codec_backend_cfg:becf: afe: bitwidth 16, samplerate 48000 channels 2, backend_idx 0 usecase = 1 device (speaker)
09-01 07:03:22.888 E/audio_hw_extn(  562): audio_extn_enable_hifi_filter: Could not get ctl for mixer cmd - HiFi Filter, using default control
09-01 07:03:22.888 D/msm8974_platform(  562): platform_check_codec_backend_cfg:becf: updated afe: bitwidth 16, samplerate 48000 channels 2,backend_idx 0 usecase = 1 device (speaker)
09-01 07:03:22.888 I/msm8974_platform(  562): platform_check_codec_backend_cfg:becf: afe: Codec selected backend: 0 updated bit width: 16 and sample rate: 48000
09-01 07:03:22.888 D/audio_hw_primary(  562): check_usecases_codec_backend:becf: force routing 0
09-01 07:03:22.888 D/audio_hw_primary(  562): check_usecases_codec_backend:becf: (85) check_usecases curr device: speaker, usecase device: backends match 0
09-01 07:03:22.888 D/audio_hw_primary(  562): check_usecases_codec_backend:becf: check_usecases num.of Usecases to switch 0
09-01 07:03:22.888 D/hardware_info(  562): hw_info_append_hw_type : device_name = speaker
09-01 07:03:22.888 D/audio_hw_primary(  562): enable_snd_device: snd_device(2: speaker)
09-01 07:03:22.888 D/msm8974_platform(  562): platform_get_island_cfg_on_device:island cfg status on snd_device = (speaker 0)
09-01 07:03:22.888 I/soundtrigger(  562): audio_extn_sound_trigger_update_device_status: device 0x2 of type 0 for Event 1, with Raise=0
09-01 07:03:22.888 D/audio_route(  562): Apply path: speaker
09-01 07:03:22.888 D/audio_hw_bluebox(  562): sending snd dev notification enabled=1 sdev=Speaker
09-01 07:03:22.889 D/commandrouter(  803): SocServiceHandle::onServiceMessage, SoC Service = audio_hal, appType = 1, type = SVC_REQ, clientId = 0, token = 473, payloadLen = 32, result = 0, payload.size() = 32
09-01 07:03:22.892 I/system_server( 1460): oneway function results will be dropped but finished with status OK and parcel size 4
09-01 07:03:22.905 I/mcucapture(  961): 12670283 [info   ] {AUD }: SoundDevEnabled: Speaker
09-01 07:03:22.905 I/mcucapture(  961): 12670287 [info   ] {AUD }: setting audio power mode: STANDBY
09-01 07:03:22.961 I/mcucapture(  961): 12670341 [info   ] {AUD }: Enabling SmartAmpDSP
09-01 07:03:22.961 I/mcucapture(  961): 12670345 [info   ] {AUD }: SmartAmpDSP: Refcount: 1
09-01 07:03:22.968 D/commandrouter(  803): audio_hal (1, audio_hal:notification:push): <ServiceResponse> FORWARDED (remote -> local) CR token ID = 473, service client ID = 37, token ID = 1757, result = 0
09-01 07:03:22.969 D/soundtrigger(  562): audio_extn_sound_trigger_update_stream_status: uc_info->id 1 of type 0 for Event 3, with Raise=0
09-01 07:03:22.969 D/audio_hw_utils(  562): audio_extn_utils_send_app_type_cfg: usecase->out_snd_device speaker
09-01 07:03:22.969 I/audio_hw_utils(  562): send_app_type_cfg_for_device PLAYBACK app_type 69937, acdb_dev_id 14, sample_rate 48000, snd_device_be_idx 40
09-01 07:03:22.970 D/ACDB-LOADER(  562): ACDB -> send_audio_cal, acdb_id = 14, path = 0, app id = 0x11131, sample rate = 48000, use_case = 0,buffer_idx_w_path =0, afe_sample_rate = 48000, cal_mode = 1, offset_index = 0
09-01 07:03:22.970 D/ACDB-LOADER(  562): ACDB -> send_asm_topology
09-01 07:03:22.970 D/ACDB-LOADER(  562): ACDB -> ACDB_CMD_GET_AUDPROC_STREAM_TOPOLOGY_ID
09-01 07:03:22.970 D/ACDB-LOADER(  562): ACDB -> send_adm_topology
09-01 07:03:22.970 D/ACDB-LOADER(  562): ACDB -> ACDB_CMD_GET_AUDPROC_COMMON_TOPOLOGY_ID
09-01 07:03:22.971 D/ACDB-LOADER(  562): ACDB -> send_audtable
09-01 07:03:22.971 D/ACDB-LOADER(  562): ACDB -> ACDB_CMD_GET_AUDPROC_COMMON_TABLE_SIZE
09-01 07:03:22.971 D/ACDB-LOADER(  562): ACDB -> ACDB_CMD_GET_AUDPROC_COMMON_TABLE
09-01 07:03:22.971 D/ACDB-LOADER(  562): ACDB -> AUDIO_SET_AUDPROC_CAL cal_type[11] acdb_id[14] app_type[69937]
09-01 07:03:22.971 D/ACDB-LOADER(  562): ACDB -> send_audvoltable
09-01 07:03:22.971 D/ACDB-LOADER(  562): ACDB -> ACDB_CMD_GET_AUDPROC_GAIN_DEP_STEP_TABLE_SIZE
09-01 07:03:22.971 D/ACDB-LOADER(  562): ACDB -> ACDB_CMD_GET_AUDPROC_GAIN_DEP_STEP_TABLE, vol index 0
09-01 07:03:22.971 D/ACDB-LOADER(  562): ACDB -> AUDIO_SET_VOL_CAL cal type = 12
09-01 07:03:22.971 D/ACDB-LOADER(  562): ACDB -> ACDB_CMD_GET_AUDPROC_STREAM_TABLE_SIZE
09-01 07:03:22.971 D/ACDB-LOADER(  562): ACDB -> send_audstrmtable
09-01 07:03:22.971 D/ACDB-LOADER(  562): ACDB -> ACDB_CMD_GET_AUDPROC_STREAM_TABLE_V2
09-01 07:03:22.971 D/ACDB-LOADER(  562): ACDB -> audstrm_cal->cal_type.cal_data.cal_size = 16
09-01 07:03:22.971 D/ACDB-LOADER(  562): ACDB -> send_afe_topology
09-01 07:03:22.971 D/ACDB-LOADER(  562): ACDB -> ACDB_CMD_GET_AFE_TOPOLOGY_ID
09-01 07:03:22.971 D/ACDB-LOADER(  562): ACDB -> GET_AFE_TOPOLOGY_ID for adcd_id 14, Topology Id 1025e
09-01 07:03:22.971 D/ACDB-LOADER(  562): ACDB -> send_afe_cal
09-01 07:03:22.971 D/ACDB-LOADER(  562): ACDB -> ACDB_CMD_GET_AFE_COMMON_TABLE_SIZE
09-01 07:03:22.971 D/ACDB-LOADER(  562): ACDB -> ACDB_CMD_GET_AFE_COMMON_TABLE
09-01 07:03:22.971 D/ACDB-LOADER(  562): ACDB -> AUDIO_SET_AFE_CAL cal_type[16] acdb_id[14]
09-01 07:03:22.971 D/ACDB-LOADER(  562): ACDB -> send_hw_delay : acdb_id = 14 path = 0
09-01 07:03:22.971 D/ACDB-LOADER(  562): ACDB -> ACDB_AVSYNC_INFO: ACDB_CMD_GET_DEVICE_PROPERTY
09-01 07:03:22.971 D/audio_hw_bluebox(  562): audio_extn_bluebox_route_enabled() usecase=0
09-01 07:03:22.971 D/audio_hw_primary(  562): enable_audio_route: apply mixer and update path: low-latency-playback
09-01 07:03:22.971 D/audio_route(  562): Apply path: low-latency-playback
09-01 07:03:23.015 D/msm8974_platform(  562): platform_set_channel_map mixer_ctl_name:Playback Channel Map12
09-01 07:03:23.016 D/msm8974_platform(  562): platform_set_channel_map: set mapping(1 2 0 0 0 0 0 0) for channel:2
09-01 07:03:23.016 D/audio_hw_primary(  562): start_output_stream: exit
09-01 07:03:23.187 I/system_server( 1460): oneway function results will be dropped but finished with status OK and parcel size 4
09-01 07:03:23.188 W/APM::AudioPolicyEngine(  625): getDevicesForStrategy() unknown strategy: -1
09-01 07:03:24.396 E/TaskPersister( 1460): File error accessing recents directory (directory doesn't exist?).
09-01 07:03:24.603 W/HWComposer(  647): Ignoring duplicate VSYNC event from HWC for display 0 (t=12698598520727)
09-01 07:03:24.773 E/QMI_FW  ( 1038): qmi_cci_get_ref: ref count increased 2
09-01 07:03:24.775 E/QMI_FW  ( 1038): qmi_cci_get_ref: ref count increased 2
09-01 07:03:25.922 D/UIAutomatorStub( 4531): URI: /jsonrpc/0, Method: POST, Header: {content-length=184, remote-addr=127.0.0.1, http-client-ip=127.0.0.1, host=localhost:9010, content-type=application/json, accept-encoding=identity}, params, {NanoHttpd.QUERY_STRING=null}, files: {postData={"jsonrpc": "2.0", "method": "waitForExists", "id": "3d8ea8c9e6a874edaa36aecb180ccd82", "params": [{"mask": 1, "childOrSibling": [], "childOrSiblingSelector": [], "text": "Wi-Fi"}, 5]}}
09-01 07:03:25.990 D/UIAutomatorStub( 4531): URI: /jsonrpc/0, Method: POST, Header: {content-length=173, remote-addr=127.0.0.1, http-client-ip=127.0.0.1, host=localhost:9010, content-type=application/json, accept-encoding=identity}, params, {NanoHttpd.QUERY_STRING=null}, files: {postData={"jsonrpc": "2.0", "method": "click", "id": "e67713349fc2c7731be120d1b1248853", "params": [{"mask": 1, "childOrSibling": [], "childOrSiblingSelector": [], "text": "Wi-Fi"}]}}
09-01 07:03:26.094 I/system_server( 1460): oneway function results will be dropped but finished with status OK and parcel size 4
09-01 07:03:26.130 D/CompatibilityInfo( 1460): mCompatibilityFlags - 4
09-01 07:03:26.130 D/CompatibilityInfo( 1460): applicationDensity - 320
09-01 07:03:26.130 D/CompatibilityInfo( 1460): applicationScale - 1.0
09-01 07:03:26.163 D/WifiConnector( 3492): Network State Changed
09-01 07:03:26.183 D/WifiSharingService( 3492): Starting Wi-Fi scan
09-01 07:03:26.184 I/WifiService( 1460): startScan uid=1000
09-01 07:03:26.195 D/WifiNative( 1460): Scan trigered from WifiNative
09-01 07:03:26.197 I/chatty  ( 1008): uid=1021(gps) lowi-server expire 172 lines
09-01 07:03:26.198 V/WifiHAL (  581): event received NL80211_CMD_TRIGGER_SCAN
09-01 07:03:26.248 I/system_server( 1460): oneway function results will be dropped but finished with status OK and parcel size 4
09-01 07:03:26.249 W/APM::AudioPolicyEngine(  625): getDevicesForStrategy() unknown strategy: -1
09-01 07:03:26.312 W/bluelink(  803): [System] updateSmoothedTime: too early or too late; st=12706.793, rt=12711.874
09-01 07:03:26.312 D/commandrouter(  803): rtc_sync (1, rtc:sync): <ServiceRequest> FORWARDED (remote -> local) service client ID = 0, token ID = 34794
09-01 07:03:26.312 D/vendor.facebook.rtc_sync@1.0-service( 1013): Request req_ts=1630479806299122771 resp_ts=1630479806312807299
09-01 07:03:26.314 D/commandrouter(  803): SocServiceHandle::onServiceMessage, SoC Service = rtc_sync, appType = 1, type = SVC_RESP, clientId = 0, token = 34794, payloadLen = 8, result = 0, payload.size() = 8
09-01 07:03:26.808 V/WifiHAL (  581): event received NL80211_CMD_NEW_SCAN_RESULTS
09-01 07:03:26.813 D/WifiNl80211Manager( 1460): Scan result ready event
09-01 07:03:26.813 D/WifiNative( 1460): Scan result ready event
09-01 07:03:26.830 I/chatty  ( 1008): uid=1021(gps) lowi-server expire 12 lines
09-01 07:03:26.847 I/chatty  (  567): uid=1021(gps) LocApiMsgTask expire 2 lines
09-01 07:03:26.851 I/chatty  (  567): uid=1021(gps) LocApiMsgTask expire 2 lines
09-01 07:03:26.878 D/WifiSharingService( 3492): Sending scanResults intent with status code 0: PendingIntent{4f8ebde: android.os.BinderProxy@5bbbe}
09-01 07:03:26.883 D/CompatibilityInfo( 1460): mCompatibilityFlags - 4
09-01 07:03:26.883 D/CompatibilityInfo( 1460): applicationDensity - 320
09-01 07:03:26.883 D/CompatibilityInfo( 1460): applicationScale - 1.0
09-01 07:03:27.231 D/AnalyticsLogger( 1460): sent events: 53
09-01 07:03:27.405 D/CompatibilityInfo( 1460): mCompatibilityFlags - 4
09-01 07:03:27.405 D/CompatibilityInfo( 1460): applicationDensity - 320
09-01 07:03:27.405 D/CompatibilityInfo( 1460): applicationScale - 1.0
09-01 07:03:29.142 D/UIAutomatorStub( 4531): URI: /jsonrpc/0, Method: POST, Header: {content-length=234, remote-addr=127.0.0.1, http-client-ip=127.0.0.1, host=localhost:9010, content-type=application/json, accept-encoding=identity}, params, {NanoHttpd.QUERY_STRING=null}, files: {postData={"jsonrpc": "2.0", "method": "objInfo", "id": "50888dd1066ed7eab73b8fefd55ac68d", "params": [{"mask": 2097152, "childOrSibling": [], "childOrSiblingSelector": [], "resourceId": "com.facebook.wearable.system.settings:id/wifi_switch"}]}}
09-01 07:03:29.179 D/audio_hw_primary(  562): out_standby: enter: stream (0x96f76000) usecase(1: low-latency-playback)
