09-01 07:11:29.933 I/mm-camera( 1149): <MCT   >< INFO> 5097: mct_pipeline_stop_session_thread: Stop module name: isp - E
09-01 07:11:29.981 I/mm-camera( 1149): <ISP   >< INFO> 516: isp_module_stop_session: session id 1
09-01 07:11:29.986 I/mm-camera( 1149): <MCT   >< INFO> 5105: mct_pipeline_stop_session_thread: Stop module name: isp - X
09-01 07:11:29.986 I/mm-camera( 1149): <MCT   >< INFO> 5385: mct_pipeline_stop_session: Modules left: 0
09-01 07:11:29.986 I/mm-camera( 1149): <MCT   >< INFO> 5395: mct_pipeline_stop_session: Stopped session 1 successfully
09-01 07:11:29.986 I/mm-camera( 1149): <MCT   >< INFO> 5699: mct_pipeline_destroy: E: session:1
09-01 07:11:29.986 E/mm-camera( 1149): <MCT   ><ERROR> 179: stop_sof_check_thread: Returning as SOF timer thread not yet initialized
09-01 07:11:29.986 I/mm-camera( 1149): <MCT   >< INFO> 5777: mct_pipeline_destroy: X: Pipeline destroyed successfully session =1
09-01 07:11:29.986 I/mm-camera( 1149): <MCT   >< INFO> 424: mct_controller_destroy: X Successfully closed mct_controller session 1
09-01 07:11:29.992 I/chatty  ( 6292): uid=10077(com.facebook.wearable.apps.camera) MediaCodec_loop expire 20 lines
09-01 07:11:30.000 I/SDM     (  569): ResourceImpl::SetMaxBandwidthMode: new bandwidth mode=0
09-01 07:11:30.001 I/QCamera ( 1149): <HAL><INFO> closeCamera: 2530: [KPI Perf]: X PROFILE_CLOSE_CAMERA camera id 1, rc: 0
09-01 07:11:30.004 I/QCamera ( 1149): <HAL><INFO> release: 85: E s_pInstance->instance_count 1
09-01 07:11:30.004 I/Vidhance::ISensorAPI::SensorReader( 1149): [VIDHANCE] _deinitialize(): Deinitialized sensor: LSM6DSRXR Gyroscope sensor with sampling rate 417 Hz
09-01 07:11:30.016 E/OMXNodeInstance(  929): getConfig(0xa23486c4:qcom.decoder.avc, ??(0x7f000062)) ERROR: UnsupportedSetting(0x80001019)
09-01 07:11:30.019 I/QCamera ( 1149): <HAL><INFO> close_camera_device: 1591: [KPI Perf]: X
09-01 07:11:30.030 I/CameraService(  864): disconnect: Disconnected client for camera 1 for PID 6292
09-01 07:11:30.101 V/C2Store (  970): in init
09-01 07:11:30.101 V/C2Store (  970): loading dll
09-01 07:11:30.114 E/OMXNodeInstance(  929): getConfig(0xa23486c4:qcom.decoder.avc, ??(0x7f000062)) ERROR: UnsupportedSetting(0x80001019)
09-01 07:11:30.118 E/OMXNodeInstance(  929): getConfig(0xa23486c4:qcom.decoder.avc, ??(0x7f000062)) ERROR: UnsupportedSetting(0x80001019)
09-01 07:11:30.289 D/CCodec  ( 6292): setup formats input: AMessage(what = 0x00000000) = {
09-01 07:11:30.289 D/CCodec  ( 6292):   int32_t aac-drc-album-mode = 0
09-01 07:11:30.289 D/CCodec  ( 6292):   int32_t aac-drc-boost-level = 127
09-01 07:11:30.289 D/CCodec  ( 6292):   int32_t aac-drc-cut-level = 127
09-01 07:11:30.289 D/CCodec  ( 6292):   int32_t aac-drc-effect-type = 3
09-01 07:11:30.289 D/CCodec  ( 6292):   int32_t aac-drc-heavy-compression = 3
09-01 07:11:30.289 D/CCodec  ( 6292):   int32_t aac-encoded-target-level = -1
09-01 07:11:30.289 D/CCodec  ( 6292):   int32_t aac-max-output-channel_count = 8
09-01 07:11:30.289 D/CCodec  ( 6292):   int32_t aac-target-ref-level = 64
09-01 07:11:30.289 D/CCodec  ( 6292):   int32_t channel-count = 2
09-01 07:11:30.289 D/CCodec  ( 6292):   int32_t level = 0
09-01 07:11:30.289 D/CCodec  ( 6292):   int32_t max-input-size = 8192
09-01 07:11:30.289 D/CCodec  ( 6292):   string mime = "audio/mp4a-latm"
09-01 07:11:30.289 D/CCodec  ( 6292):   int32_t profile = 2
09-01 07:11:30.289 D/CCodec  ( 6292):   int32_t sample-rate = 48000
09-01 07:11:30.289 D/CCodec  ( 6292): } and output: AMessage(what = 0x00000000) = {
09-01 07:11:30.289 D/CCodec  ( 6292):   int32_t aac-drc-album-mode = 0
09-01 07:11:30.289 D/CCodec  ( 6292):   int32_t aac-drc-boost-level = 127
09-01 07:11:30.289 D/CCodec  ( 6292):   int32_t aac-drc-cut-level = 127
09-01 07:11:30.289 D/CCodec  ( 6292):   int32_t aac-drc-effect-type = 3
09-01 07:11:30.289 D/CCodec  ( 6292):   int32_t aac-drc-heavy-compression = 3
09-01 07:11:30.289 D/CCodec  ( 6292):   int32_t aac-drc-output-loudness = -1
09-01 07:11:30.289 D/CCodec  ( 6292):   int32_t aac-encoded-target-level = -1
09-01 07:11:30.289 D/CCodec  ( 6292):   int32_t aac-max-output-channel_count = 8
09-01 07:11:30.289 D/CCodec  ( 6292):   int32_t aac-target-ref-level = 64
09-01 07:11:30.289 D/CCodec  ( 6292):   int32_t channel-count = 2
09-01 07:11:30.289 D/CCodec  ( 6292):   string mime = "audio/raw"
09-01 07:11:30.289 D/CCodec  ( 6292):   int32_t sample-rate = 48000
09-01 07:11:30.289 D/CCodec  ( 6292): }
09-01 07:11:30.291 W/Codec2Client( 6292): query -- param skipped: index = 1342179345.
09-01 07:11:30.291 W/Codec2Client( 6292): query -- param skipped: index = 2415921170.
09-01 07:11:30.291 W/Codec2Client( 6292): query -- param skipped: index = 1610614798.
09-01 07:11:30.293 E/FMQ     ( 6292): grantorIdx must be less than 3
09-01 07:11:30.293 E/FMQ     ( 6292): grantorIdx must be less than 3
09-01 07:11:30.294 D/CCodecBufferChannel( 6292): [c2.android.aac.decoder#255] Created input block pool with allocatorID 16 => poolID 17 - OK (0)
09-01 07:11:30.295 E/FMQ     (  970): grantorIdx must be less than 3
09-01 07:11:30.295 E/FMQ     (  970): grantorIdx must be less than 3
09-01 07:11:30.295 D/BufferPoolAccessor2.0(  970): bufferpool2 0x93801598 : 0(0 size) total buffers - 0(0 size) used buffers - 66/70 (recycle/alloc) - 4/69 (fetch/transfer)
09-01 07:11:30.295 D/BufferPoolAccessor2.0(  970): bufferpool2 0x93802718 : 0(0 size) total buffers - 0(0 size) used buffers - 66/70 (recycle/alloc) - 4/69 (fetch/transfer)
09-01 07:11:30.295 D/BufferPoolAccessor2.0(  970): bufferpool2 0x93802358 : 0(0 size) total buffers - 0(0 size) used buffers - 66/70 (recycle/alloc) - 5/69 (fetch/transfer)
09-01 07:11:30.296 D/BufferPoolAccessor2.0(  970): bufferpool2 0x931e2018 : 0(0 size) total buffers - 0(0 size) used buffers - 66/70 (recycle/alloc) - 4/69 (fetch/transfer)
09-01 07:11:30.296 D/BufferPoolAccessor2.0(  970): bufferpool2 0x938039d8 : 0(0 size) total buffers - 0(0 size) used buffers - 66/70 (recycle/alloc) - 4/69 (fetch/transfer)
09-01 07:11:30.296 D/BufferPoolAccessor2.0(  970): bufferpool2 0x938011d8 : 0(0 size) total buffers - 0(0 size) used buffers - 66/70 (recycle/alloc) - 5/69 (fetch/transfer)
09-01 07:11:30.296 D/BufferPoolAccessor2.0(  910): bufferpool2 0xa17d9c18 : 0(0 size) total buffers - 0(0 size) used buffers - 33/41 (recycle/alloc) - 8/76 (fetch/transfer)
09-01 07:11:30.296 D/BufferPoolAccessor2.0(  970): bufferpool2 0x931e3a58 : 0(0 size) total buffers - 0(0 size) used buffers - 66/70 (recycle/alloc) - 4/69 (fetch/transfer)
09-01 07:11:30.296 D/BufferPoolAccessor2.0(  910): bufferpool2 0xa17d9e98 : 0(0 size) total buffers - 0(0 size) used buffers - 41/49 (recycle/alloc) - 8/88 (fetch/transfer)
09-01 07:11:30.296 D/BufferPoolAccessor2.0(  970): bufferpool2 0x931e4458 : 0(0 size) total buffers - 0(0 size) used buffers - 67/70 (recycle/alloc) - 3/69 (fetch/transfer)
09-01 07:11:30.296 D/BufferPoolAccessor2.0(  970): bufferpool2 0x931e55d8 : 0(0 size) total buffers - 0(0 size) used buffers - 66/70 (recycle/alloc) - 4/69 (fetch/transfer)
09-01 07:11:30.296 D/BufferPoolAccessor2.0(  970): bufferpool2 0x931e6118 : 0(0 size) total buffers - 0(0 size) used buffers - 66/70 (recycle/alloc) - 4/69 (fetch/transfer)
09-01 07:11:30.296 D/BufferPoolAccessor2.0(  970): bufferpool2 0x931e6b18 : 0(0 size) total buffers - 0(0 size) used buffers - 66/70 (recycle/alloc) - 4/69 (fetch/transfer)
09-01 07:11:30.296 D/BufferPoolAccessor2.0(  970): bufferpool2 0x92f2a798 : 0(0 size) total buffers - 0(0 size) used buffers - 66/70 (recycle/alloc) - 4/69 (fetch/transfer)
09-01 07:11:30.296 D/BufferPoolAccessor2.0(  970): bufferpool2 0x92f2b058 : 0(0 size) total buffers - 0(0 size) used buffers - 66/70 (recycle/alloc) - 4/69 (fetch/transfer)
09-01 07:11:30.296 D/BufferPoolAccessor2.0(  970): bufferpool2 0x92f2ba58 : 0(0 size) total buffers - 0(0 size) used buffers - 66/70 (recycle/alloc) - 4/69 (fetch/transfer)
09-01 07:11:30.296 D/BufferPoolAccessor2.0(  910): Destruction - bufferpool2 0xa17d9e98 cached: 0/0M, 0/0% in use; allocs: 49, 84% recycled; transfers: 88, 91% unfetched
09-01 07:11:30.296 D/BufferPoolAccessor2.0(  910): Destruction - bufferpool2 0xa17d9c18 cached: 0/0M, 0/0% in use; allocs: 41, 80% recycled; transfers: 76, 89% unfetched
09-01 07:11:30.297 I/CCodecBufferChannel( 6292): [c2.android.aac.decoder#255] Created output block pool with allocatorID 16 => poolID 72 - OK
09-01 07:11:30.297 D/CCodecBufferChannel( 6292): [c2.android.aac.decoder#255] Configured output block pool ids 72 => OK
09-01 07:11:30.297 D/CCodecBufferChannel( 6292): [c2.android.aac.decoder#255] start: updating output delay 2
09-01 07:11:30.298 E/ion     ( 6292): ioctl c0044901 failed with code -1: Inappropriate ioctl for device
09-01 07:11:30.309 D/SimpleC2Component(  970): Using output block pool with poolID 72 => got 72 - 0
09-01 07:11:30.311 E/FMQ     ( 6292): grantorIdx must be less than 3
09-01 07:11:30.311 E/FMQ     (  970): grantorIdx must be less than 3
09-01 07:11:30.316 I/C2SoftAacDec(  970): Reconfiguring decoder: 0->48000 Hz, 0->2 channels
09-01 07:11:30.322 E/FMQ     (  970): grantorIdx must be less than 3
09-01 07:11:30.322 E/FMQ     ( 6292): grantorIdx must be less than 3
09-01 07:11:30.326 D/CCodecConfig( 6292): c2 config diff is   c2::i32 coding.drc.compression-mode.value = 1
09-01 07:11:30.327 D/CCodecBuffers( 6292): [c2.android.aac.decoder#255:Output[N]] popFromStashAndRegister: output format changed to AMessage(what = 0x00000000) = {
09-01 07:11:30.327 D/CCodecBuffers( 6292):   int32_t aac-drc-album-mode = 0
09-01 07:11:30.327 D/CCodecBuffers( 6292):   int32_t aac-drc-boost-level = 127
09-01 07:11:30.327 D/CCodecBuffers( 6292):   int32_t aac-drc-cut-level = 127
09-01 07:11:30.327 D/CCodecBuffers( 6292):   int32_t aac-drc-effect-type = 3
09-01 07:11:30.327 D/CCodecBuffers( 6292):   int32_t aac-drc-heavy-compression = 1
09-01 07:11:30.327 D/CCodecBuffers( 6292):   int32_t aac-drc-output-loudness = -1
09-01 07:11:30.327 D/CCodecBuffers( 6292):   int32_t aac-encoded-target-level = -1
09-01 07:11:30.327 D/CCodecBuffers( 6292):   int32_t aac-max-output-channel_count = 8
09-01 07:11:30.327 D/CCodecBuffers( 6292):   int32_t aac-target-ref-level = 64
09-01 07:11:30.327 D/CCodecBuffers( 6292):   int32_t channel-count = 2
09-01 07:11:30.327 D/CCodecBuffers( 6292):   string mime = "audio/raw"
09-01 07:11:30.327 D/CCodecBuffers( 6292):   int32_t sample-rate = 48000
09-01 07:11:30.327 D/CCodecBuffers( 6292): }
09-01 07:11:30.348 I/system_server( 1460): oneway function results will be dropped but finished with status OK and parcel size 4
09-01 07:11:30.349 I/chatty  ( 1460): uid=1000(system) Binder:1460_1C identical 8 lines
09-01 07:11:30.358 I/chatty  ( 1460): uid=1000(system) Binder:1460_B expire 6 lines
09-01 07:11:30.385 D/audio_hw_primary(  562): adev_get_parameters:vr_audio_mode_on
09-01 07:11:30.396 I/hash_map_utils(  625): key: 'vr_audio_mode_on' value: ''
09-01 07:11:30.401 I/AudioPolicyManagerCustom(  625): VR mode is 0, switch to primary output if request is for fast|raw
09-01 07:11:30.402 D/AudioFlinger(  625): Client defaulted notificationFrames to 7688 for frameCount 15376
09-01 07:11:30.408 D/AF::TrackHandle(  625): OpPlayAudio: track:155 usage:1 not muted
09-01 07:11:30.412 D/compress_voip(  562): compress_voip_out_get_parameters: enter
09-01 07:11:30.487 D/CCodecBuffers( 6292): [c2.android.aac.decoder#255:1D-Input.Impl[N]] codec released a buffer owned by client (index 2)
09-01 07:11:30.652 W/AudioFlinger(  625): moveEffectChain_l() effect chain for session 0 not on source thread 0x9ab25b40
09-01 07:11:30.654 W/APM::AudioPolicyEngine(  625): getDevicesForStrategy() unknown strategy: -1
09-01 07:11:30.654 W/APM::AudioPolicyEngine(  625): getDevicesForStrategy() unknown strategy: -1
09-01 07:11:30.658 I/chatty  ( 1460): uid=1000(system) Binder:1460_D expire 3 lines
09-01 07:11:30.658 D/audio_hw_primary(  562): start_output_stream: enter: stream(0x96f13000)usecase(0: deep-buffer-playback) devices(0x2) is_haptic_usecase(0)
09-01 07:11:30.659 D/audio_hw_primary(  562): select_devices for use case (deep-buffer-playback)
09-01 07:11:30.659 I/msm8974_platform(  562): platform_check_and_set_codec_backend_cfg:becf: afe: bitwidth 16, samplerate 48000 channels 2, backend_idx 0 usecase = 0 device (speaker)
09-01 07:11:30.659 I/msm8974_platform(  562): platform_check_and_set_codec_backend_cfg: new_snd_devices[0] is 2
09-01 07:11:30.659 I/msm8974_platform(  562): platform_check_codec_backend_cfg:becf: afe: bitwidth 16, samplerate 48000 channels 2, backend_idx 0 usecase = 0 device (speaker)
09-01 07:11:30.659 D/msm8974_platform(  562): platform_check_codec_backend_cfg:napb: (0) - (low-latency-playback)id (1) sr 48000 bw (16) ch (2) device speaker
09-01 07:11:30.660 E/audio_hw_extn(  562): audio_extn_enable_hifi_filter: Could not get ctl for mixer cmd - HiFi Filter, using default control
09-01 07:11:30.660 D/msm8974_platform(  562): platform_check_codec_backend_cfg:becf: updated afe: bitwidth 16, samplerate 48000 channels 2,backend_idx 0 usecase = 0 device (speaker)
09-01 07:11:30.660 I/msm8974_platform(  562): platform_check_codec_backend_cfg:becf: afe: Codec selected backend: 0 updated bit width: 16 and sample rate: 48000
09-01 07:11:30.660 D/audio_hw_primary(  562): check_usecases_codec_backend:becf: force routing 0
09-01 07:11:30.660 D/audio_hw_primary(  562): check_usecases_codec_backend:becf: (85) check_usecases curr device: speaker, usecase device:speaker backends match 1
09-01 07:11:30.660 D/audio_hw_primary(  562): check_usecases_codec_backend:becf: (85) check_usecases curr device: speaker, usecase device: backends match 0
09-01 07:11:30.660 D/audio_hw_primary(  562): check_usecases_codec_backend:becf: check_usecases num.of Usecases to switch 0
09-01 07:11:30.660 D/hardware_info(  562): hw_info_append_hw_type : device_name = speaker
09-01 07:11:30.660 D/soundtrigger(  562): audio_extn_sound_trigger_update_stream_status: uc_info->id 0 of type 0 for Event 3, with Raise=1
09-01 07:11:30.663 I/sound_trigger_platform(  562): platform_stdev_check_and_update_concurrency: Received STREAM event, event type 3, usecase type 0
09-01 07:11:30.663 D/sound_trigger_platform(  562): platform_stdev_check_and_update_concurrency: dedicated path 0, reset backend 1, tx 0, rx 1,concurrency session allowed
09-01 07:11:30.663 D/audio_hw_utils(  562): audio_extn_utils_send_app_type_cfg: usecase->out_snd_device speaker
09-01 07:11:30.668 I/audio_hw_utils(  562): send_app_type_cfg_for_device PLAYBACK app_type 69936, acdb_dev_id 14, sample_rate 48000, snd_device_be_idx 40
09-01 07:11:30.668 D/ACDB-LOADER(  562): ACDB -> send_audio_cal, acdb_id = 14, path = 0, app id = 0x11130, sample rate = 48000, use_case = 0,buffer_idx_w_path =0, afe_sample_rate = 48000, cal_mode = 1, offset_index = 0
09-01 07:11:30.668 D/ACDB-LOADER(  562): ACDB -> send_asm_topology
09-01 07:11:30.669 D/ACDB-LOADER(  562): ACDB -> ACDB_CMD_GET_AUDPROC_STREAM_TOPOLOGY_ID
09-01 07:11:30.669 D/ACDB-LOADER(  562): ACDB -> send_adm_topology
09-01 07:11:30.669 D/ACDB-LOADER(  562): ACDB -> ACDB_CMD_GET_AUDPROC_COMMON_TOPOLOGY_ID
09-01 07:11:30.669 D/ACDB-LOADER(  562): ACDB -> send_audtable
09-01 07:11:30.669 D/ACDB-LOADER(  562): ACDB -> ACDB_CMD_GET_AUDPROC_COMMON_TABLE_SIZE
09-01 07:11:30.669 D/ACDB-LOADER(  562): ACDB -> ACDB_CMD_GET_AUDPROC_COMMON_TABLE
09-01 07:11:30.670 D/ACDB-LOADER(  562): ACDB -> AUDIO_SET_AUDPROC_CAL cal_type[11] acdb_id[14] app_type[69936]
09-01 07:11:30.670 D/ACDB-LOADER(  562): ACDB -> send_audvoltable
09-01 07:11:30.670 D/ACDB-LOADER(  562): ACDB -> ACDB_CMD_GET_AUDPROC_GAIN_DEP_STEP_TABLE_SIZE
09-01 07:11:30.670 D/ACDB-LOADER(  562): ACDB -> ACDB_CMD_GET_AUDPROC_GAIN_DEP_STEP_TABLE, vol index 0
09-01 07:11:30.670 D/ACDB-LOADER(  562): ACDB -> AUDIO_SET_VOL_CAL cal type = 12
09-01 07:11:30.670 D/ACDB-LOADER(  562): ACDB -> ACDB_CMD_GET_AUDPROC_STREAM_TABLE_SIZE
09-01 07:11:30.670 D/ACDB-LOADER(  562): ACDB -> send_audstrmtable
09-01 07:11:30.670 D/ACDB-LOADER(  562): ACDB -> ACDB_CMD_GET_AUDPROC_STREAM_TABLE_V2
09-01 07:11:30.670 D/ACDB-LOADER(  562): ACDB -> audstrm_cal->cal_type.cal_data.cal_size = 16
09-01 07:11:30.670 D/ACDB-LOADER(  562): ACDB -> send_afe_topology
09-01 07:11:30.670 D/ACDB-LOADER(  562): ACDB -> ACDB_CMD_GET_AFE_TOPOLOGY_ID
09-01 07:11:30.670 D/ACDB-LOADER(  562): ACDB -> GET_AFE_TOPOLOGY_ID for adcd_id 14, Topology Id 1025e
09-01 07:11:30.670 D/ACDB-LOADER(  562): ACDB -> send_afe_cal
09-01 07:11:30.671 D/ACDB-LOADER(  562): ACDB -> ACDB_CMD_GET_AFE_COMMON_TABLE_SIZE
09-01 07:11:30.671 D/ACDB-LOADER(  562): ACDB -> ACDB_CMD_GET_AFE_COMMON_TABLE
09-01 07:11:30.671 D/ACDB-LOADER(  562): ACDB -> AUDIO_SET_AFE_CAL cal_type[16] acdb_id[14]
09-01 07:11:30.671 D/ACDB-LOADER(  562): ACDB -> send_hw_delay : acdb_id = 14 path = 0
09-01 07:11:30.671 D/ACDB-LOADER(  562): ACDB -> ACDB_AVSYNC_INFO: ACDB_CMD_GET_DEVICE_PROPERTY
09-01 07:11:30.671 D/audio_hw_bluebox(  562): audio_extn_bluebox_route_enabled() usecase=0
09-01 07:11:30.671 D/audio_hw_primary(  562): enable_audio_route: apply mixer and update path: deep-buffer-playback
09-01 07:11:30.671 D/audio_route(  562): Apply path: deep-buffer-playback
09-01 07:11:30.681 I/chatty  ( 1994): uid=1002(bluetooth) BluetoothAvrcpH expire 68 lines
09-01 07:11:30.723 D/msm8974_platform(  562): platform_set_channel_map mixer_ctl_name:Playback Channel Map0
09-01 07:11:30.724 D/msm8974_platform(  562): platform_set_channel_map: set mapping(1 2 0 0 0 0 0 0) for channel:2
09-01 07:11:30.726 D/audio_hw_primary(  562): start_output_stream: exit
09-01 07:11:30.732 D/AudioTrack( 6292): getTimestamp_l(133): device stall time corrected using current time 13184728872833
09-01 07:11:30.752 D/CCodecBuffers( 6292): [c2.android.aac.decoder#255:1D-Input.Impl[N]] codec released a buffer owned by client (index 1)
09-01 07:11:30.826 D/AudioFlinger(  625): mixer(0x99b9ca00) throttle end: throttle time(43)
09-01 07:11:31.611 I/ble.apps.camer( 6292): Background young concurrent copying GC freed 28942(1678KB) AllocSpace objects, 6(224KB) LOS objects, 0% free, 21MB/21MB, paused 442us total 196.945ms
09-01 07:11:31.613 W/System  ( 6292): A resource failed to call close. 
09-01 07:11:31.670 W/bluelink(  803): [System] updateSmoothedTime: too early or too late; st=13191.832, rt=13197.180
09-01 07:11:31.743 I/ble.apps.camer( 6292): Background concurrent copying GC freed 10231(424KB) AllocSpace objects, 0(0B) LOS objects, 49% free, 23MB/46MB, paused 159us total 129.807ms
09-01 07:11:31.855 D/audio_hw_primary(  562): out_standby: enter: stream (0x96f76000) usecase(1: low-latency-playback)
09-01 07:11:31.886 D/audio_hw_primary(  562): disable_audio_route: reset and update mixer path: low-latency-playback
09-01 07:11:31.889 D/soundtrigger(  562): audio_extn_sound_trigger_update_stream_status: uc_info->id 1 of type 0 for Event 2, with Raise=0
09-01 07:11:31.889 D/audio_hw_bluebox(  562): audio_extn_bluebox_route_disabled() usecase=0
09-01 07:11:31.889 D/hardware_info(  562): hw_info_append_hw_type : device_name = speaker
09-01 07:11:32.370 D/CCodecBuffers( 6292): [c2.android.aac.decoder#255:1D-Input.Impl[N]] codec released a buffer owned by client (index 0)
09-01 07:11:32.647 D/CCodecBuffers( 6292): [c2.android.aac.decoder#255:1D-Input.Impl[N]] codec released a buffer owned by client (index 2)
09-01 07:11:32.757 D/CCodecBuffers( 6292): [c2.android.aac.decoder#255:1D-Input.Impl[N]] codec released a buffer owned by client (index 1)
09-01 07:11:32.877 D/CCodecBuffers( 6292): [c2.android.aac.decoder#255:1D-Input.Impl[N]] codec released a buffer owned by client (index 0)
09-01 07:11:33.081 D/CCodecBuffers( 6292): [c2.android.aac.decoder#255:1D-Input.Impl[N]] codec released a buffer owned by client (index 1)
09-01 07:11:33.293 D/CCodecBufferChannel( 6292): [c2.android.aac.decoder#255] DEBUG: elapsed: n=6 [in=0 pipeline=0 out=2 smoothness=4]
09-01 07:11:33.295 D/PipelineWatcher( 6292): DEBUG: elapsed 2 / 6
09-01 07:11:33.299 I/ble.apps.camer( 6292): Background concurrent copying GC freed 702(96KB) AllocSpace objects, 0(0B) LOS objects, 33% free, 47MB/71MB, paused 184us total 143.732ms
09-01 07:11:33.484 D/CCodecBuffers( 6292): [c2.android.aac.decoder#255:1D-Input.Impl[N]] codec released a buffer owned by client (index 1)
09-01 07:11:33.867 E/QMI_FW  (  952): qmi_cci_get_ref: ref count increased 2
09-01 07:11:33.868 E/QMI_FW  (  952): qmi_cci_get_ref: ref count increased 2
09-01 07:11:34.157 E/QMI_FW  (  952): qmi_cci_get_ref: ref count increased 2
09-01 07:11:34.159 E/QMI_FW  (  952): qmi_cci_get_ref: ref count increased 2
09-01 07:11:35.294 D/BufferPoolAccessor2.0( 6292): bufferpool2 0x95db95d8 : 5(40960 size) total buffers - 4(32768 size) used buffers - 1/6 (recycle/alloc) - 5/246 (fetch/transfer)
09-01 07:11:35.295 D/BufferPoolAccessor2.0( 6292): evictor expired: 1, evicted: 1
09-01 07:11:35.297 D/BufferPoolAccessor2.0(  910): evictor expired: 2, evicted: 0
09-01 07:11:35.835 D/BufferPoolAccessor2.0(  970): bufferpool2 0x92f2c6d8 : 5(20480 size) total buffers - 1(4096 size) used buffers - 261/266 (recycle/alloc) - 6/265 (fetch/transfer)
09-01 07:11:36.644 D/CCodecBufferChannel( 6292): [c2.android.aac.decoder#255] DEBUG: elapsed: n=6 [in=0 pipeline=0 out=2 smoothness=4]
09-01 07:11:36.645 D/PipelineWatcher( 6292): DEBUG: elapsed 2 / 6
09-01 07:11:36.666 W/bluelink(  803): [System] updateSmoothedTime: too early or too late; st=13196.827, rt=13202.176
09-01 07:11:36.667 D/commandrouter(  803): rtc_sync (1, rtc:sync): <ServiceRequest> FORWARDED (remote -> local) service client ID = 0, token ID = 34875
09-01 07:11:36.667 D/vendor.facebook.rtc_sync@1.0-service( 1013): Request req_ts=1630480296675029355 resp_ts=1630480296667342737
09-01 07:11:36.667 D/commandrouter(  803): SocServiceHandle::onServiceMessage, SoC Service = rtc_sync, appType = 1, type = SVC_RESP, clientId = 0, token = 34875, payloadLen = 8, result = 0, payload.size() = 8
09-01 07:11:36.686 I/mcucapture(  961): 13163707 [warning] {tsyn}: timesync: bad fit err=3055773 loc=13163700944227.457031 rem=13202176177978 send=13163704000000 recv=13163707000000 rtt=3000000
09-01 07:11:36.917 D/CCodecBuffers( 6292): [c2.android.aac.decoder#255:1D-Input.Impl[N]] codec released a buffer owned by client (index 0)
09-01 07:11:37.762 E/QMI_FW  ( 1038): qmi_cci_get_ref: ref count increased 2
09-01 07:11:37.772 E/QMI_FW  ( 1038): qmi_cci_get_ref: ref count increased 2
09-01 07:11:38.199 D/CCodecBuffers( 6292): [c2.android.aac.decoder#255:1D-Input.Impl[N]] codec released a buffer owned by client (index 2)
09-01 07:11:39.978 D/CCodecBufferChannel( 6292): [c2.android.aac.decoder#255] DEBUG: elapsed: n=6 [in=0 pipeline=0 out=2 smoothness=4]
09-01 07:11:39.979 D/PipelineWatcher( 6292): DEBUG: elapsed 2 / 6
09-01 07:11:40.130 W/msys    ( 3417): W[S sync-state-machine]MCDSyncStateMachineScheduleDelayedRetry(173)=>skipping the new retry with longer delay
09-01 07:11:40.131 W/msys    ( 3417): W[S sync]_scheduleNextCursorRetry(319)=>skipping delayed retry due to state machine state decision
09-01 07:11:40.694 D/commandrouter(  803): sleep (1, sleep:data): <ServiceRequest> FORWARDED (remote -> local) service client ID = 1, token ID = 34876
09-01 07:11:40.695 D/OTTS_sleep_jni( 2654): Unpacked SleepDataUpdateRequest.
09-01 07:11:40.695 D/OTTS_sleep_jni( 2654): Received SleepDataRequest with OTT of size 64
09-01 07:11:40.696 D/OTTS_sleep_jni( 2654): Calling sleep data callback...
09-01 07:11:40.697 D/OTTS_sleep_jni( 2654): Calling Java sleep callback for OTT data.
09-01 07:11:40.698 D/OTTS_OTTDataHandler( 2654): Got new OTT data of length: 64 at time 0
09-01 07:11:40.698 D/OTTS_OTTDataHandler( 2654): Sending OTT to Delegation
09-01 07:11:40.800 D/BufferPoolAccessor2.0( 6292): bufferpool2 0x95db95d8 : 4(32768 size) total buffers - 4(32768 size) used buffers - 1/6 (recycle/alloc) - 5/502 (fetch/transfer)
09-01 07:11:40.803 D/CCodecBuffers( 6292): [c2.android.aac.decoder#255:1D-Input.Impl[N]] codec released a buffer owned by client (index 0)
09-01 07:11:40.882 D/commandrouter(  803): SocServiceHandle::onServiceMessage, SoC Service = sleep, appType = 1, type = SVC_RESP, clientId = 1, token = 34876, payloadLen = 12, result = 0, payload.size() = 12
09-01 07:11:40.885 D/commandrouter(  803): sleep (1, sleep:data): <ServiceRequest> FORWARDED (remote -> local) service client ID = 1, token ID = 34877
09-01 07:11:40.885 D/OTTS_sleep_jni( 2654): Unpacked SleepDataUpdateRequest.
09-01 07:11:40.885 D/OTTS_sleep_jni( 2654): Received SleepDataRequest with OTT of size 35
09-01 07:11:40.885 D/OTTS_sleep_jni( 2654): Calling sleep data callback...
09-01 07:11:40.885 D/OTTS_sleep_jni( 2654): Calling Java sleep callback for OTT data.
09-01 07:11:40.885 D/OTTS_OTTDataHandler( 2654): Got new OTT data of length: 35 at time 0
09-01 07:11:40.885 D/OTTS_OTTDataHandler( 2654): Sending OTT to Delegation
09-01 07:11:40.887 D/commandrouter(  803): SocServiceHandle::onServiceMessage, SoC Service = sleep, appType = 1, type = SVC_RESP, clientId = 1, token = 34877, payloadLen = 12, result = 0, payload.size() = 12
09-01 07:11:41.393 D/BufferPoolAccessor2.0(  970): bufferpool2 0x92f2c6d8 : 6(24576 size) total buffers - 1(4096 size) used buffers - 520/526 (recycle/alloc) - 8/525 (fetch/transfer)
09-01 07:11:41.660 W/bluelink(  803): [System] updateSmoothedTime: too early or too late; st=13201.825, rt=13207.170
09-01 07:11:43.339 D/CCodecBufferChannel( 6292): [c2.android.aac.decoder#255] DEBUG: elapsed: n=6 [in=0 pipeline=0 out=2 smoothness=4]
09-01 07:11:43.339 D/PipelineWatcher( 6292): DEBUG: elapsed 2 / 6
09-01 07:11:43.760 D/CCodecBuffers( 6292): [c2.android.aac.decoder#255:1D-Input.Impl[N]] codec released a buffer owned by client (index 1)
09-01 07:11:44.332 D/CCodecBuffers( 6292): [c2.android.aac.decoder#255:1D-Input.Impl[N]] codec released a buffer owned by client (index 3)
09-01 07:11:45.194 D/CCodecBuffers( 6292): [c2.android.aac.decoder#255:1D-Input.Impl[N]] codec released a buffer owned by client (index 0)
09-01 07:11:45.255 E/QMI_FW  (  952): qmi_cci_get_ref: ref count increased 2
09-01 07:11:45.256 E/QMI_FW  (  952): qmi_cci_get_ref: ref count increased 2
09-01 07:11:45.528 E/QMI_FW  (  952): qmi_cci_get_ref: ref count increased 2
09-01 07:11:45.529 E/QMI_FW  (  952): qmi_cci_get_ref: ref count increased 2
09-01 07:11:45.703 D/msys    ( 3417): A[ADNPSUCRTIM custom event]MCICustomEventLeave(43)=>"Emergency Poll DB Sync time":0
09-01 07:11:45.950 D/BufferPoolAccessor2.0( 6292): bufferpool2 0x95db95d8 : 4(32768 size) total buffers - 4(32768 size) used buffers - 1/6 (recycle/alloc) - 5/744 (fetch/transfer)
09-01 07:11:46.471 D/BufferPoolAccessor2.0(  970): bufferpool2 0x92f2c6d8 : 6(24576 size) total buffers - 1(4096 size) used buffers - 759/765 (recycle/alloc) - 10/764 (fetch/transfer)
09-01 07:11:46.655 W/bluelink(  803): [System] updateSmoothedTime: too early or too late; st=13206.824, rt=13212.164
09-01 07:11:46.656 D/commandrouter(  803): rtc_sync (1, rtc:sync): <ServiceRequest> FORWARDED (remote -> local) service client ID = 0, token ID = 34878
09-01 07:11:46.656 D/vendor.facebook.rtc_sync@1.0-service( 1013): Request req_ts=1630480306649342737 resp_ts=1630480306656715546
09-01 07:11:46.657 D/commandrouter(  803): SocServiceHandle::onServiceMessage, SoC Service = rtc_sync, appType = 1, type = SVC_RESP, clientId = 0, token = 34878, payloadLen = 8, result = 0, payload.size() = 8
09-01 07:11:46.696 D/CCodecBufferChannel( 6292): [c2.android.aac.decoder#255] DEBUG: elapsed: n=6 [in=0 pipeline=0 out=2 smoothness=4]
09-01 07:11:46.696 D/PipelineWatcher( 6292): DEBUG: elapsed 2 / 6
09-01 07:11:47.561 D/CCodecBuffers( 6292): [c2.android.aac.decoder#255:1D-Input.Impl[N]] codec released a buffer owned by client (index 2)
09-01 07:11:48.714 D/CCodecBuffers( 6292): [c2.android.aac.decoder#255:1D-Input.Impl[N]] codec released a buffer owned by client (index 0)
09-01 07:11:49.763 E/QMI_FW  ( 1038): qmi_cci_get_ref: ref count increased 2
09-01 07:11:49.766 E/QMI_FW  ( 1038): qmi_cci_get_ref: ref count increased 2
09-01 07:11:49.808 D/CCodecBuffers( 6292): [c2.android.aac.decoder#255:1D-Input.Impl[N]] codec released a buffer owned by client (index 2)
09-01 07:11:49.925 E/QMI_FW  (  952): qmi_cci_get_ref: ref count increased 2
09-01 07:11:49.927 E/QMI_FW  (  952): qmi_cci_get_ref: ref count increased 2
09-01 07:11:50.017 D/CCodecBufferChannel( 6292): [c2.android.aac.decoder#255] DEBUG: elapsed: n=6 [in=0 pipeline=0 out=2 smoothness=4]
09-01 07:11:50.017 D/PipelineWatcher( 6292): DEBUG: elapsed 2 / 6
09-01 07:11:50.207 E/QMI_FW  (  952): qmi_cci_get_ref: ref count increased 2
09-01 07:11:50.210 E/QMI_FW  (  952): qmi_cci_get_ref: ref count increased 2
09-01 07:11:51.154 D/CCodecBuffers( 6292): [c2.android.aac.decoder#255:1D-Input.Impl[N]] codec released a buffer owned by client (index 0)
09-01 07:11:51.289 D/BufferPoolAccessor2.0( 6292): bufferpool2 0x95db95d8 : 4(32768 size) total buffers - 4(32768 size) used buffers - 1/6 (recycle/alloc) - 5/996 (fetch/transfer)
09-01 07:11:51.647 W/bluelink(  803): [System] updateSmoothedTime: too early or too late; st=13211.823, rt=13217.155
09-01 07:11:51.842 D/BufferPoolAccessor2.0(  970): bufferpool2 0x92f2c6d8 : 6(24576 size) total buffers - 1(4096 size) used buffers - 1010/1016 (recycle/alloc) - 12/1015 (fetch/transfer)
09-01 07:11:52.881 D/CCodecBuffers( 6292): [c2.android.aac.decoder#255:1D-Input.Impl[N]] codec released a buffer owned by client (index 0)
09-01 07:11:53.122 D/CCodecBuffers( 6292): [c2.android.aac.decoder#255:1D-Input.Impl[N]] codec released a buffer owned by client (index 2)
09-01 07:11:53.340 D/CCodecBufferChannel( 6292): [c2.android.aac.decoder#255] DEBUG: elapsed: n=6 [in=0 pipeline=0 out=2 smoothness=4]
09-01 07:11:53.341 D/PipelineWatcher( 6292): DEBUG: elapsed 2 / 6
09-01 07:11:54.602 D/CCodecBuffers( 6292): [c2.android.aac.decoder#255:1D-Input.Impl[N]] codec released a buffer owned by client (index 1)
09-01 07:11:54.722 D/CCodecBuffers( 6292): [c2.android.aac.decoder#255:1D-Input.Impl[N]] codec released a buffer owned by client (index 0)
09-01 07:11:55.766 E/QMI_FW  ( 1038): qmi_cci_get_ref: ref count increased 2
09-01 07:11:55.769 E/QMI_FW  ( 1038): qmi_cci_get_ref: ref count increased 2
09-01 07:11:56.638 W/bluelink(  803): [System] updateSmoothedTime: too early or too late; st=13216.821, rt=13222.146
09-01 07:11:56.639 D/commandrouter(  803): rtc_sync (1, rtc:sync): <ServiceRequest> FORWARDED (remote -> local) service client ID = 0, token ID = 34879
09-01 07:11:56.640 D/vendor.facebook.rtc_sync@1.0-service( 1013): Request req_ts=1630480316651715546 resp_ts=1630480316640147521
09-01 07:11:56.640 D/commandrouter(  803): SocServiceHandle::onServiceMessage, SoC Service = rtc_sync, appType = 1, type = SVC_RESP, clientId = 0, token = 34879, payloadLen = 8, result = 0, payload.size() = 8
09-01 07:11:56.725 D/CCodecBuffers( 6292): [c2.android.aac.decoder#255:1D-Input.Impl[N]] codec released a buffer owned by client (index 2)
09-01 07:11:56.736 D/CCodecBufferChannel( 6292): [c2.android.aac.decoder#255] DEBUG: elapsed: n=6 [in=0 pipeline=0 out=2 smoothness=4]
09-01 07:11:56.738 D/PipelineWatcher( 6292): DEBUG: elapsed 3 / 6
09-01 07:11:56.835 D/BufferPoolAccessor2.0( 6292): bufferpool2 0x95db95d8 : 4(32768 size) total buffers - 4(32768 size) used buffers - 1/6 (recycle/alloc) - 5/1255 (fetch/transfer)
09-01 07:11:57.356 D/BufferPoolAccessor2.0(  970): bufferpool2 0x92f2c6d8 : 6(24576 size) total buffers - 1(4096 size) used buffers - 1268/1274 (recycle/alloc) - 14/1273 (fetch/transfer)
09-01 07:11:58.641 D/CCodecBuffers( 6292): [c2.android.aac.decoder#255:1D-Input.Impl[N]] codec released a buffer owned by client (index 1)
09-01 07:11:58.766 E/QMI_FW  ( 1038): qmi_cci_get_ref: ref count increased 2
09-01 07:11:58.768 E/QMI_FW  ( 1038): qmi_cci_get_ref: ref count increased 2
09-01 07:12:00.030 D/KeyguardUpdateMonitor( 2015): received broadcast android.intent.action.TIME_TICK
09-01 07:12:00.030 D/KeyguardUpdateMonitor( 2015): handleTimeUpdate
09-01 07:12:00.038 D/CCodecBufferChannel( 6292): [c2.android.aac.decoder#255] DEBUG: elapsed: n=6 [in=0 pipeline=0 out=2 smoothness=4]
09-01 07:12:00.039 D/PipelineWatcher( 6292): DEBUG: elapsed 2 / 6
09-01 07:12:00.685 D/AudioTrack( 6292): stop(133): called with 1459200 frames delivered
09-01 07:12:00.696 I/chatty  ( 1994): uid=1002(bluetooth) BluetoothAvrcpH expire 76 lines
09-01 07:12:00.848 D/UIAutomatorStub( 7309): URI: /jsonrpc/0, Method: POST, Header: {content-length=250, remote-addr=127.0.0.1, http-client-ip=127.0.0.1, host=localhost:9010, content-type=application/json, accept-encoding=identity}, params, {NanoHttpd.QUERY_STRING=null}, files: {postData={"jsonrpc": "2.0", "method": "waitForExists", "id": "200a6fe8631564df15b266f5d359e4c3", "params": [{"mask": 2097152, "childOrSibling": [], "childOrSiblingSelector": [], "resourceId": "com.facebook.wearable.apps.camera:id/video_playback_layout"}, 10]}}
09-01 07:12:01.150 W/APM::AudioPolicyEngine(  625): getDevicesForStrategy() unknown strategy: -1
09-01 07:12:01.152 I/chatty  (  625): uid=1041(audioserver) ApmOutput identical 1 line
09-01 07:12:01.152 W/APM::AudioPolicyEngine(  625): getDevicesForStrategy() unknown strategy: -1
09-01 07:12:01.152 W/AudioFlinger(  625): moveEffectChain_l() effect chain for session 0 not on source thread 0x99b9ca00
09-01 07:12:01.262 E/QMI_FW  (  952): qmi_cci_get_ref: ref count increased 2
09-01 07:12:01.262 E/QMI_FW  (  952): qmi_cci_get_ref: ref count increased 2
09-01 07:12:01.541 E/QMI_FW  (  952): qmi_cci_get_ref: ref count increased 2
09-01 07:12:01.541 E/QMI_FW  (  952): qmi_cci_get_ref: ref count increased 2
09-01 07:12:01.634 W/bluelink(  803): [System] updateSmoothedTime: too early or too late; st=13221.819, rt=13227.142
09-01 07:12:03.416 D/PipelineWatcher( 6292): DEBUG: elapsed 0 / 0
09-01 07:12:03.853 D/KeyguardUpdateMonitor( 2015): received broadcast android.intent.action.BATTERY_CHANGED
09-01 07:12:03.854 D/KeyguardUpdateMonitor( 2015): handleBatteryUpdate
09-01 07:12:04.008 D/audio_hw_primary(  562): out_standby: enter: stream (0x96f13000) usecase(0: deep-buffer-playback)
09-01 07:12:04.147 D/audio_hw_primary(  562): disable_audio_route: reset and update mixer path: deep-buffer-playback
09-01 07:12:04.149 D/soundtrigger(  562): audio_extn_sound_trigger_update_stream_status: uc_info->id 0 of type 0 for Event 2, with Raise=1
09-01 07:12:04.149 I/sound_trigger_platform(  562): platform_stdev_check_and_update_concurrency: Received STREAM event, event type 2, usecase type 0
09-01 07:12:04.149 D/sound_trigger_platform(  562): platform_stdev_check_and_update_concurrency: dedicated path 0, reset backend 1, tx 0, rx 0,concurrency session allowed
09-01 07:12:04.149 D/audio_hw_bluebox(  562): audio_extn_bluebox_route_disabled() usecase=0
09-01 07:12:04.149 D/hardware_info(  562): hw_info_append_hw_type : device_name = speaker
09-01 07:12:04.149 D/audio_hw_primary(  562): disable_snd_device: snd_device(2: speaker)
09-01 07:12:04.149 I/soundtrigger(  562): audio_extn_sound_trigger_update_device_status: device 0x2 of type 0 for Event 0, with Raise=0
09-01 07:12:04.149 D/audio_hw_bluebox(  562): sending snd dev notification enabled=0 sdev=Speaker
09-01 07:12:04.150 D/commandrouter(  803): SocServiceHandle::onServiceMessage, SoC Service = audio_hal, appType = 1, type = SVC_REQ, clientId = 0, token = 512, payloadLen = 32, result = 0, payload.size() = 32
09-01 07:12:04.175 I/mcucapture(  961): 13191225 [info   ] {AUD }: SoundDevDisabled: Speaker
09-01 07:12:04.176 I/mcucapture(  961): 13191230 [info   ] {AUD }: setting audio power mode: STANDBY
09-01 07:12:04.176 I/mcucapture(  961): 13191236 [info   ] {AUD }: SmartAmpDSP: Refcount: 0
09-01 07:12:04.176 I/mcucapture(  961): 13191240 [info   ] {AUD }: Disabling SmartAmpDSP
09-01 07:12:04.207 D/commandrouter(  803): audio_hal (1, audio_hal:notification:push): <ServiceResponse> FORWARDED (remote -> local) CR token ID = 512, service client ID = 37, token ID = 1844, result = 0
09-01 07:12:05.305 D/BufferPoolAccessor2.0(  970): bufferpool2 0x92f2c6d8 : 6(24576 size) total buffers - 0(0 size) used buffers - 1419/1425 (recycle/alloc) - 15/1425 (fetch/transfer)
09-01 07:12:05.305 D/BufferPoolAccessor2.0(  970): evictor expired: 1, evicted: 1
09-01 07:12:05.905 E/QMI_FW  (  952): qmi_cci_get_ref: ref count increased 2
09-01 07:12:05.906 E/QMI_FW  (  952): qmi_cci_get_ref: ref count increased 2
09-01 07:12:06.191 E/QMI_FW  (  952): qmi_cci_get_ref: ref count increased 2
09-01 07:12:06.197 E/QMI_FW  (  952): qmi_cci_get_ref: ref count increased 2
09-01 07:12:06.643 W/bluelink(  803): [System] updateSmoothedTime: too early or too late; st=13226.819, rt=13232.150
09-01 07:12:06.644 D/commandrouter(  803): rtc_sync (1, rtc:sync): <ServiceRequest> FORWARDED (remote -> local) service client ID = 0, token ID = 34880
09-01 07:12:06.644 D/vendor.facebook.rtc_sync@1.0-service( 1013): Request req_ts=1630480326638147521 resp_ts=1630480326644759444
09-01 07:12:06.645 D/commandrouter(  803): SocServiceHandle::onServiceMessage, SoC Service = rtc_sync, appType = 1, type = SVC_RESP, clientId = 0, token = 34880, payloadLen = 8, result = 0, payload.size() = 8
09-01 07:12:09.560 D/AnalyticsLogger( 1460): sent events: 33
09-01 07:12:10.716 D/commandrouter(  803): sleep (1, sleep:data): <ServiceRequest> FORWARDED (remote -> local) service client ID = 1, token ID = 34881
09-01 07:12:10.716 D/OTTS_sleep_jni( 2654): Unpacked SleepDataUpdateRequest.
09-01 07:12:10.716 D/OTTS_sleep_jni( 2654): Received SleepDataRequest with OTT of size 64
09-01 07:12:10.716 D/OTTS_sleep_jni( 2654): Calling sleep data callback...
09-01 07:12:10.717 D/OTTS_sleep_jni( 2654): Calling Java sleep callback for OTT data.
09-01 07:12:10.717 D/OTTS_OTTDataHandler( 2654): Got new OTT data of length: 64 at time 0
09-01 07:12:10.717 D/OTTS_OTTDataHandler( 2654): Sending OTT to Delegation
09-01 07:12:10.721 D/commandrouter(  803): SocServiceHandle::onServiceMessage, SoC Service = sleep, appType = 1, type = SVC_RESP, clientId = 1, token = 34881, payloadLen = 12, result = 0, payload.size() = 12
09-01 07:12:10.724 D/commandrouter(  803): sleep (1, sleep:data): <ServiceRequest> FORWARDED (remote -> local) service client ID = 1, token ID = 34882
09-01 07:12:10.724 D/OTTS_sleep_jni( 2654): Unpacked SleepDataUpdateRequest.
09-01 07:12:10.724 D/OTTS_sleep_jni( 2654): Received SleepDataRequest with OTT of size 35
09-01 07:12:10.724 D/OTTS_sleep_jni( 2654): Calling sleep data callback...
09-01 07:12:10.724 D/OTTS_sleep_jni( 2654): Calling Java sleep callback for OTT data.
09-01 07:12:10.725 D/OTTS_OTTDataHandler( 2654): Got new OTT data of length: 35 at time 0
09-01 07:12:10.725 D/OTTS_OTTDataHandler( 2654): Sending OTT to Delegation
09-01 07:12:10.726 D/commandrouter(  803): SocServiceHandle::onServiceMessage, SoC Service = sleep, appType = 1, type = SVC_RESP, clientId = 1, token = 34882, payloadLen = 12, result = 0, payload.size() = 12
09-01 07:12:10.932 W/UiAutomatorBridge( 7309): Could not detect idle state.
09-01 07:12:10.932 W/UiAutomatorBridge( 7309): java.util.concurrent.TimeoutException: No idle state with idle timeout: 500 within global timeout: 10000
09-01 07:12:10.932 W/UiAutomatorBridge( 7309): 	at android.app.UiAutomation.waitForIdle(UiAutomation.java:814)
09-01 07:12:10.932 W/UiAutomatorBridge( 7309): 	at android.support.test.uiautomator.UiAutomatorBridge.waitForIdle(UiAutomatorBridge.java:112)
09-01 07:12:10.932 W/UiAutomatorBridge( 7309): 	at android.support.test.uiautomator.UiDevice.waitForIdle(UiDevice.java:639)
09-01 07:12:10.932 W/UiAutomatorBridge( 7309): 	at android.support.test.uiautomator.UiDevice.waitForIdle(UiDevice.java:629)
09-01 07:12:10.932 W/UiAutomatorBridge( 7309): 	at android.support.test.uiautomator.UiDevice.getWindowRoots(UiDevice.java:1074)
09-01 07:12:10.932 W/UiAutomatorBridge( 7309): 	at android.support.test.uiautomator.UiDevice.hasObject(UiDevice.java:154)
09-01 07:12:10.932 W/UiAutomatorBridge( 7309): 	at android.support.test.uiautomator.Until$2.apply(Until.java:55)
09-01 07:12:10.932 W/UiAutomatorBridge( 7309): 	at android.support.test.uiautomator.Until$2.apply(Until.java:52)
09-01 07:12:10.932 W/UiAutomatorBridge( 7309): 	at android.support.test.uiautomator.WaitMixin.wait(WaitMixin.java:40)
09-01 07:12:10.932 W/UiAutomatorBridge( 7309): 	at android.support.test.uiautomator.WaitMixin.wait(WaitMixin.java:34)
09-01 07:12:10.932 W/UiAutomatorBridge( 7309): 	at android.support.test.uiautomator.UiDevice.wait(UiDevice.java:187)
09-01 07:12:10.932 W/UiAutomatorBridge( 7309): 	at com.github.uiautomator.stub.AutomatorServiceImpl.waitForExists(AutomatorServiceImpl.java:975)
09-01 07:12:10.932 W/UiAutomatorBridge( 7309): 	at java.lang.reflect.Method.invoke(Native Method)
09-01 07:12:10.932 W/UiAutomatorBridge( 7309): 	at com.googlecode.jsonrpc4j.JsonRpcServer.invoke(JsonRpcServer.java:513)
09-01 07:12:10.932 W/UiAutomatorBridge( 7309): 	at com.googlecode.jsonrpc4j.JsonRpcServer.handleObject(JsonRpcServer.java:384)
09-01 07:12:10.932 W/UiAutomatorBridge( 7309): 	at com.googlecode.jsonrpc4j.JsonRpcServer.handleNode(JsonRpcServer.java:293)
09-01 07:12:10.932 W/UiAutomatorBridge( 7309): 	at com.googlecode.jsonrpc4j.JsonRpcServer.handle(JsonRpcServer.java:230)
09-01 07:12:10.932 W/UiAutomatorBridge( 7309): 	at com.github.uiautomator.stub.AutomatorHttpServer.serve(AutomatorHttpServer.java:97)
09-01 07:12:10.932 W/UiAutomatorBridge( 7309): 	at fi.iki.elonen.NanoHTTPD.serve(NanoHTTPD.java:331)
09-01 07:12:10.932 W/UiAutomatorBridge( 7309): 	at fi.iki.elonen.NanoHTTPD$HTTPSession.execute(NanoHTTPD.java:953)
09-01 07:12:10.932 W/UiAutomatorBridge( 7309): 	at fi.iki.elonen.NanoHTTPD$1$1.run(NanoHTTPD.java:208)
09-01 07:12:10.932 W/UiAutomatorBridge( 7309): 	at java.lang.Thread.run(Thread.java:923)
09-01 07:12:11.628 W/bluelink(  803): [System] updateSmoothedTime: too early or too late; st=13231.819, rt=13237.134
09-01 07:12:12.832 W/RuleEvaluation( 1460): Integrity rule files are not available.
09-01 07:12:12.837 I/PackageManager( 1460): Integrity check passed for file:///data/app/vmdl839655225.tmp
09-01 07:12:12.881 I/ActivityManager( 1460): Force stopping com.github.uiautomator appid=10113 user=-1: installPackageLI
09-01 07:12:12.890 I/PackageManager( 1460): Update package com.github.uiautomator code path from /data/app/~~57LjyIAtQsw2-6VTGLLTjQ==/com.github.uiautomator-KOB1ZmspsYGojCR9WP0GRA== to /data/app/~~LZaoSi4Q1Zhkwl8RIEyO5w==/com.github.uiautomator-rSKr6vcbVeiJohtLlmvPZQ==; Retain data and using new
09-01 07:12:12.890 I/PackageManager( 1460): Update package com.github.uiautomator resource path from /data/app/~~57LjyIAtQsw2-6VTGLLTjQ==/com.github.uiautomator-KOB1ZmspsYGojCR9WP0GRA== to /data/app/~~LZaoSi4Q1Zhkwl8RIEyO5w==/com.github.uiautomator-rSKr6vcbVeiJohtLlmvPZQ==; Retain data and using new
09-01 07:12:12.894 I/ActivityManager( 1460): Killing 7309:com.github.uiautomator/u0a113 (adj 0): stop com.github.uiautomator due to installPackageLI
09-01 07:12:12.929 W/ActivityManager( 1460): Crash of app com.github.uiautomator running instrumentation ComponentInfo{com.github.uiautomator.test/android.support.test.runner.AndroidJUnitRunner}
09-01 07:12:12.953 D/CompatibilityChangeReporter( 1460): Compat change id reported: 135549675; UID 10113; state: DISABLED
09-01 07:12:12.987 D/AndroidRuntime( 7294): Shutting down VM
09-01 07:12:13.034 I/Zygote  (  476): Process 7309 exited due to signal 9 (Killed)
09-01 07:12:13.064 I/libprocessgroup( 1460): Successfully killed process cgroup uid 10113 pid 7309 in 166ms
09-01 07:12:13.191 D/PackageManager( 1460): Instant App installer not found with android.intent.action.INSTALL_INSTANT_APP_PACKAGE
09-01 07:12:13.191 D/PackageManager( 1460): Clear ephemeral installer activity
09-01 07:12:13.195 W/system_server( 1460): Long monitor contention with owner PackageManager (1635) at void com.android.server.pm.AppsFilter.lambda$create$0(com.android.server.pm.PackageManagerService$Injector, com.android.server.pm.AppsFilter$StateProvider$CurrentStateCallback)(AppsFilter.java:354) waiters=1 in int com.android.server.pm.PackageManagerService.getPackageUidInternal(java.lang.String, int, int, int) for 290ms
09-01 07:12:13.195 W/system_server( 1460): Long monitor contention with owner PackageManager (1635) at void com.android.server.pm.AppsFilter.lambda$create$0(com.android.server.pm.PackageManagerService$Injector, com.android.server.pm.AppsFilter$StateProvider$CurrentStateCallback)(AppsFilter.java:354) waiters=2 in com.android.server.pm.parsing.pkg.AndroidPackage com.android.server.pm.PackageManagerService$PackageManagerInternalImpl.getPackage(java.lang.String) for 252ms
09-01 07:12:13.206 I/ActivityManager( 1460): Force stopping com.github.uiautomator appid=10113 user=0: finished inst
09-01 07:12:13.224 W/EventCoordinator( 2771): releaseMemory
09-01 07:12:13.326 W/system_server( 1460): Long monitor contention with owner ActivityManager (1550) at void com.android.server.wm.ActivityTaskManagerService$LocalService.resumeTopActivities(boolean)(ActivityTaskManagerService.java:6937) waiters=0 in boolean com.android.server.wm.ActivityTaskManagerService$LocalService.isGetTasksAllowed(java.lang.String, int, int) for 119ms
09-01 07:12:13.336 W/WindowManager( 1460): removeWindowToken: Attempted to remove non-existing token: android.os.Binder@126d12
09-01 07:12:13.354 W/system_server( 1460): Long monitor contention with owner ActivityManager (1550) at void com.android.server.am.ActivityManagerService$MainHandler.handleMessage(android.os.Message)(ActivityManagerService.java:1852) waiters=0 in void com.android.server.am.ActivityManagerService.dispatchUidsChanged() for 462ms
09-01 07:12:13.368 W/Looper  ( 1460): Slow dispatch took 172ms main h=com.android.server.accessibility.AbstractAccessibilityServiceConnection$1 c=null m=2048
09-01 07:12:13.377 W/system_server( 1460): Long monitor contention with owner Binder:1460_1E (9052) at void com.android.server.accessibility.AbstractAccessibilityServiceConnection.onDisplayRemoved(int)(AbstractAccessibilityServiceConnection.java:1143) waiters=1 in void com.android.server.accessibility.AccessibilityManagerService.sendAccessibilityEvent(android.view.accessibility.AccessibilityEvent, int) for 168ms
09-01 07:12:13.386 W/Looper  ( 1460): Slow dispatch took 503ms android.ui h=com.android.server.am.ActivityManagerService$UiHandler c=null m=53
09-01 07:12:13.386 W/Looper  ( 1460): Slow delivery took 474ms android.ui h=com.android.server.am.ActivityManagerService$UiHandler c=null m=32
09-01 07:12:13.393 W/WindowManager( 1460): Cannot find window which accessibility connection is added to
09-01 07:12:13.517 E/installd(  889): Couldn't opendir /data/app/vmdl839655225.tmp: No such file or directory
09-01 07:12:13.517 E/installd(  889): Failed to delete /data/app/vmdl839655225.tmp: No such file or directory
09-01 07:12:13.525 I/ActivityManager( 1460): Force stopping com.github.uiautomator appid=10113 user=0: pkg removed
09-01 07:12:13.569 I/MediaProvider( 2717): Invalidating LocalCallingIdentity cache for package com.github.uiautomator. Reason: package android.intent.action.PACKAGE_REMOVED
09-01 07:12:13.573 D/Avrcp_ext( 1994): AvrcpServiceBroadcastReceiver-> Action: android.intent.action.PACKAGE_REMOVED
09-01 07:12:13.575 W/BroadcastQueue( 1460): Background execution not allowed: receiving Intent { act=android.intent.action.PACKAGE_REMOVED dat=package:com.github.uiautomator flg=0x4000010 (has extras) } to com.android.gallery3d/.app.PackagesMonitor
09-01 07:12:13.578 W/Looper  ( 1460): Drained
09-01 07:12:13.581 D/CompatibilityInfo( 1460): mCompatibilityFlags - 14
09-01 07:12:13.581 D/CompatibilityInfo( 1460): applicationDensity - 320
09-01 07:12:13.581 D/CompatibilityInfo( 1460): applicationScale - 1.0
09-01 07:12:13.594 I/MediaProvider( 2717): Invalidating LocalCallingIdentity cache for package com.github.uiautomator. Reason: package android.intent.action.PACKAGE_ADDED
09-01 07:12:13.596 D/Avrcp_ext( 1994): AvrcpServiceBroadcastReceiver-> Action: android.intent.action.PACKAGE_ADDED
09-01 07:12:13.596 D/Avrcp_ext( 1994): AvrcpServiceBroadcastReceiver-> packageName: com.github.uiautomator
09-01 07:12:13.596 D/Avrcp_ext( 1994): packageName: com.github.uiautomator removed: false
09-01 07:12:13.599 W/BroadcastQueue( 1460): Background execution not allowed: receiving Intent { act=android.intent.action.PACKAGE_ADDED dat=package:com.github.uiautomator flg=0x4000010 (has extras) } to com.android.packageinstaller/.PackageInstalledReceiver
09-01 07:12:13.599 W/BroadcastQueue( 1460): Background execution not allowed: receiving Intent { act=android.intent.action.PACKAGE_ADDED dat=package:com.github.uiautomator flg=0x4000010 (has extras) } to com.android.gallery3d/.app.PackagesMonitor
09-01 07:12:13.600 D/Avrcp_ext( 1994): isBrowsableListUpdated: browsable list size mismatch, true
09-01 07:12:13.600 D/Avrcp_ext( 1994): buildBrowsablePlayerList 
09-01 07:12:13.607 W/BroadcastQueue( 1460): Background execution not allowed: receiving Intent { act=android.intent.action.PACKAGE_ADDED dat=package:com.github.uiautomator flg=0x4000010 (has extras) } to com.facebook.wearable.system.appmanager/com.facebook.aloha.app.appmanager.common.packages.event.manifest.ManifestPackageEventReceiver
09-01 07:12:13.607 V/Avrcp_ext( 1994): getMediaPlayerInfo: Found com.android.music
09-01 07:12:13.607 V/Avrcp_ext( 1994): isBrowseSupported for com.android.music: false
09-01 07:12:13.615 D/CompatibilityChangeReporter( 1460): Compat change id reported: 135634846; UID 1000; state: DISABLED
09-01 07:12:13.619 D/Avrcp_ext( 1994): Adding media player info for com.android.music with id 1
09-01 07:12:13.619 D/Avrcp_ext( 1994): update #1:MediaPlayerInfo com.android.music (as 'Android Open Source Music Player') Type = 1, SubType = 0, Status = 0 Feature Bits [40 41 42 44 45 47 48 58] Controller: null
09-01 07:12:13.619 D/Avrcp_ext( 1994): Added MediaPlayerController/MediaPlayerPackage
09-01 07:12:13.619 V/Avrcp_ext( 1994): getMediaPlayerInfo: Found com.facebook.wearable.apps.eq
09-01 07:12:13.619 V/Avrcp_ext( 1994): isBrowseSupported for com.facebook.wearable.apps.eq: false
