09-01 07:12:13.625 D/Avrcp_ext( 1994): Adding media player info for com.facebook.wearable.apps.eq with id 2
09-01 07:12:13.625 D/Avrcp_ext( 1994): update #2:MediaPlayerInfo com.facebook.wearable.apps.eq (as 'EQ') Type = 1, SubType = 0, Status = 0 Feature Bits [40 41 42 44 45 47 48 58] Controller: null
09-01 07:12:13.625 D/Avrcp_ext( 1994): Added MediaPlayerController/MediaPlayerPackage
09-01 07:12:13.625 V/Avrcp_ext( 1994): getMediaPlayerInfo: Found com.facebook.wearable.apps.mediacontroller
09-01 07:12:13.625 V/Avrcp_ext( 1994): isBrowseSupported for com.facebook.wearable.apps.mediacontroller: false
09-01 07:12:13.626 I/InputReader( 1460): Reconfiguring input devices, changes=KEYBOARD_LAYOUTS | 
09-01 07:12:13.631 I/InputReader( 1460): Reconfiguring input devices, changes=KEYBOARD_LAYOUTS | 
09-01 07:12:13.648 E/SmsApplication( 2246): com.facebook.wearable.apps.messages does not have system signature
09-01 07:12:13.661 D/Avrcp_ext( 1994): Adding media player info for com.facebook.wearable.apps.mediacontroller with id 3
09-01 07:12:13.661 D/Avrcp_ext( 1994): update #3:MediaPlayerInfo com.facebook.wearable.apps.mediacontroller (as 'mediacontroller') Type = 1, SubType = 0, Status = 0 Feature Bits [40 41 42 44 45 47 48 58] Controller: null
09-01 07:12:13.661 D/Avrcp_ext( 1994): Added MediaPlayerController/MediaPlayerPackage
09-01 07:12:13.661 V/Avrcp_ext( 1994): getMediaPlayerInfo: Found com.facebook.wearable.apps.player
09-01 07:12:13.661 V/Avrcp_ext( 1994): isBrowseSupported for com.facebook.wearable.apps.player: false
09-01 07:12:13.663 W/BroadcastQueue( 1460): Background execution not allowed: receiving Intent { act=android.intent.action.PACKAGE_REPLACED dat=package:com.github.uiautomator flg=0x4000010 (has extras) } to com.facebook.wearable.system.appmanager/com.facebook.aloha.app.appmanager.common.packages.event.manifest.ManifestPackageEventReceiver
09-01 07:12:13.666 I/InputReader( 1460): Reconfiguring input devices, changes=KEYBOARD_LAYOUTS | 
09-01 07:12:13.668 D/Avrcp_ext( 1994): Adding media player info for com.facebook.wearable.apps.player with id 4
09-01 07:12:13.668 D/Avrcp_ext( 1994): update #4:MediaPlayerInfo com.facebook.wearable.apps.player (as 'Spotify') Type = 1, SubType = 0, Status = 0 Feature Bits [40 41 42 44 45 47 48 58] Controller: null
09-01 07:12:13.668 D/Avrcp_ext( 1994): Added MediaPlayerController/MediaPlayerPackage
09-01 07:12:13.669 V/Avrcp_ext( 1994): getMediaPlayerInfo: Found com.facebook.wearable.apps.workout
09-01 07:12:13.669 V/Avrcp_ext( 1994): isBrowseSupported for com.facebook.wearable.apps.workout: false
09-01 07:12:13.670 D/Avrcp_ext( 1994): Adding media player info for com.facebook.wearable.apps.workout with id 5
09-01 07:12:13.670 D/Avrcp_ext( 1994): update #5:MediaPlayerInfo com.facebook.wearable.apps.workout (as 'Workout') Type = 1, SubType = 0, Status = 0 Feature Bits [40 41 42 44 45 47 48 58] Controller: null
09-01 07:12:13.670 D/Avrcp_ext( 1994): Added MediaPlayerController/MediaPlayerPackage
09-01 07:12:13.671 V/Avrcp_ext( 1994): getMediaPlayerInfo: Found com.facebook.wearable.system.launcher
09-01 07:12:13.680 V/Avrcp_ext( 1994): isBrowseSupported for com.facebook.wearable.system.launcher: false
09-01 07:12:13.696 D/Avrcp_ext( 1994): Adding media player info for com.facebook.wearable.system.launcher with id 6
09-01 07:12:13.696 D/Avrcp_ext( 1994): update #6:MediaPlayerInfo com.facebook.wearable.system.launcher (as 'Launcher') Type = 1, SubType = 0, Status = 0 Feature Bits [40 41 42 44 45 47 48 58] Controller: null
09-01 07:12:13.696 D/Avrcp_ext( 1994): Added MediaPlayerController/MediaPlayerPackage
09-01 07:12:13.697 V/Avrcp_ext( 1994): updateCurrentMediaState: mMediaController: null
09-01 07:12:13.697 V/Avrcp_ext( 1994): isMusicActive: false getBluetoothPlayState: 2
09-01 07:12:13.697 V/Avrcp_ext( 1994): updateCurrentMediaState: isPlaying = false
09-01 07:12:13.697 V/Avrcp_ext( 1994): Media update: id -1➡-1? [MediaAttributes: none] : [MediaAttributes: none]
09-01 07:12:13.698 D/Avrcp_ext( 1994): isPackageNameValid: browsedPackage = isValid = false
09-01 07:12:13.698 V/Avrcp_ext( 1994): newPlayStatus:2mReportedPlayStatus:-1
09-01 07:12:13.698 V/Avrcp_ext( 1994): updatePlaybackState, state: PlaybackState {state=2, position=-1, buffered position=0, speed=0.0, updated=13227694, actions=0, custom actions=[], active item id=-1, error=null} device: null
09-01 07:12:13.698 V/Avrcp_ext( 1994): Device: no name: 
09-01 07:12:13.698 I/chatty  ( 1994): uid=1002(bluetooth) com.android.bluetooth identical 3 lines
09-01 07:12:13.698 V/Avrcp_ext( 1994): Device: no name: 
09-01 07:12:13.698 V/Avrcp_ext( 1994): updatePlayerStateAndPosition, old=PlaybackState {state=2, position=-1, buffered position=0, speed=0.0, updated=13214695, actions=0, custom actions=[], active item id=-1, error=null}, state=PlaybackState {state=2, position=-1, buffered position=0, speed=0.0, updated=13227694, actions=0, custom actions=[], active item id=-1, error=null}
09-01 07:12:13.698 V/Avrcp_ext( 1994): old state = PlaybackState {state=2, position=-1, buffered position=0, speed=0.0, updated=13214695, actions=0, custom actions=[], active item id=-1, error=null}, new state= PlaybackState {state=2, position=-1, buffered position=0, speed=0.0, updated=13227694, actions=0, custom actions=[], active item id=-1, error=null}
09-01 07:12:13.698 D/HeadsetService( 1994): getHeadsetService(): returning com.android.bluetooth.hfp.HeadsetService@476ddce
09-01 07:12:13.699 D/HeadsetService( 1994):  isAudioOn: The number of audio connected devices 0
09-01 07:12:13.699 D/HeadsetService( 1994): isScoOrCallActive(): Call Active:falseCall is Ringing:falseSCO is Active:false
09-01 07:12:13.699 D/HeadsetService( 1994):  isAudioOn: The number of audio connected devices 0
09-01 07:12:13.700 I/Avrcp_ext( 1994): updatePlayStatusForDevice: device: null
09-01 07:12:13.700 V/Avrcp_ext( 1994): updatePlaybackState (1): old=PlaybackState {state=2, position=-1, buffered position=0, speed=0.0, updated=13214695, actions=0, custom actions=[], active item id=-1, error=null}(2), new=PlaybackState {state=2, position=-1, buffered position=0, speed=0.0, updated=13227694, actions=0, custom actions=[], active item id=-1, error=null}(2)
09-01 07:12:13.700 I/Avrcp_ext( 1994): Exit updatePlayStatusForDevice
09-01 07:12:13.700 D/HeadsetService( 1994):  isAudioOn: The number of audio connected devices 0
09-01 07:12:13.700 D/HeadsetService( 1994): isScoOrCallActive(): Call Active:falseCall is Ringing:falseSCO is Active:false
09-01 07:12:13.702 D/RegisteredNfcFServicesCache( 2632): Service unchanged, not updating
09-01 07:12:13.708 D/Zygote  (  476): Forked child process 7838
09-01 07:12:13.711 W/ActivityManager( 1460): Slow operation: 101ms so far, now at startProcess: returned from zygote!
09-01 07:12:13.711 W/ActivityManager( 1460): Slow operation: 101ms so far, now at startProcess: done updating battery stats
09-01 07:12:13.712 W/ActivityManager( 1460): Slow operation: 102ms so far, now at startProcess: building log message
09-01 07:12:13.712 I/ActivityManager( 1460): Start proc 7838:com.android.keychain/1000 for service {com.android.keychain/com.android.keychain.KeyChainService}
09-01 07:12:13.712 W/ActivityManager( 1460): Slow operation: 102ms so far, now at startProcess: starting to update pids map
09-01 07:12:13.712 W/ActivityManager( 1460): Slow operation: 103ms so far, now at startProcess: done updating pids map
09-01 07:12:13.717 D/AF::TrackHandle(  625): OpPlayAudio: track:88 usage:3 not muted
09-01 07:12:13.717 D/HeadsetService( 1994):  isAudioOn: The number of audio connected devices 0
09-01 07:12:13.717 I/Avrcp_ext( 1994): updatePlayStatusForDevice: device: null
09-01 07:12:13.717 V/Avrcp_ext( 1994): updatePlaybackState (1): old=PlaybackState {state=2, position=-1, buffered position=0, speed=0.0, updated=13214695, actions=0, custom actions=[], active item id=-1, error=null}(2), new=PlaybackState {state=2, position=-1, buffered position=0, speed=0.0, updated=13227694, actions=0, custom actions=[], active item id=-1, error=null}(2)
09-01 07:12:13.717 I/Avrcp_ext( 1994): Exit updatePlayStatusForDevice
09-01 07:12:13.718 D/HeadsetService( 1994):  isAudioOn: The number of audio connected devices 0
09-01 07:12:13.718 D/HeadsetService( 1994): isScoOrCallActive(): Call Active:falseCall is Ringing:falseSCO is Active:false
09-01 07:12:13.719 D/HeadsetService( 1994):  isAudioOn: The number of audio connected devices 0
09-01 07:12:13.719 I/Avrcp_ext( 1994): updatePlayStatusForDevice: device: null
09-01 07:12:13.719 V/Avrcp_ext( 1994): updatePlaybackState (1): old=PlaybackState {state=2, position=-1, buffered position=0, speed=0.0, updated=13214695, actions=0, custom actions=[], active item id=-1, error=null}(2), new=PlaybackState {state=2, position=-1, buffered position=0, speed=0.0, updated=13227694, actions=0, custom actions=[], active item id=-1, error=null}(2)
09-01 07:12:13.719 I/Avrcp_ext( 1994): Exit updatePlayStatusForDevice
09-01 07:12:13.719 D/HeadsetService( 1994):  isAudioOn: The number of audio connected devices 0
09-01 07:12:13.720 D/HeadsetService( 1994): isScoOrCallActive(): Call Active:falseCall is Ringing:falseSCO is Active:false
09-01 07:12:13.720 D/HeadsetService( 1994):  isAudioOn: The number of audio connected devices 0
09-01 07:12:13.720 I/Avrcp_ext( 1994): updatePlayStatusForDevice: device: null
09-01 07:12:13.720 V/Avrcp_ext( 1994): updatePlaybackState (1): old=PlaybackState {state=2, position=-1, buffered position=0, speed=0.0, updated=13214695, actions=0, custom actions=[], active item id=-1, error=null}(2), new=PlaybackState {state=2, position=-1, buffered position=0, speed=0.0, updated=13227694, actions=0, custom actions=[], active item id=-1, error=null}(2)
09-01 07:12:13.720 I/Avrcp_ext( 1994): Exit updatePlayStatusForDevice
09-01 07:12:13.721 D/HeadsetService( 1994):  isAudioOn: The number of audio connected devices 0
09-01 07:12:13.721 D/HeadsetService( 1994): isScoOrCallActive(): Call Active:falseCall is Ringing:falseSCO is Active:false
09-01 07:12:13.721 D/HeadsetService( 1994):  isAudioOn: The number of audio connected devices 0
09-01 07:12:13.722 I/Avrcp_ext( 1994): updatePlayStatusForDevice: device: null
09-01 07:12:13.722 V/Avrcp_ext( 1994): updatePlaybackState (1): old=PlaybackState {state=2, position=-1, buffered position=0, speed=0.0, updated=13214695, actions=0, custom actions=[], active item id=-1, error=null}(2), new=PlaybackState {state=2, position=-1, buffered position=0, speed=0.0, updated=13227694, actions=0, custom actions=[], active item id=-1, error=null}(2)
09-01 07:12:13.722 I/Avrcp_ext( 1994): Exit updatePlayStatusForDevice
09-01 07:12:13.722 D/Avrcp_ext( 1994): Enter sendPlayPosNotificationRsp
09-01 07:12:13.722 D/Avrcp_ext( 1994): sendPlayPosNotificationRsp: Not registered or requesting.
09-01 07:12:13.722 D/Avrcp_ext( 1994): Enter sendPlayPosNotificationRsp
09-01 07:12:13.722 D/Avrcp_ext( 1994): sendPlayPosNotificationRsp: Not registered or requesting.
09-01 07:12:13.722 D/Avrcp_ext( 1994): Enter sendPlayPosNotificationRsp
09-01 07:12:13.722 D/Avrcp_ext( 1994): sendPlayPosNotificationRsp: Not registered or requesting.
09-01 07:12:13.722 D/Avrcp_ext( 1994): Enter sendPlayPosNotificationRsp
09-01 07:12:13.722 D/Avrcp_ext( 1994): sendPlayPosNotificationRsp: Not registered or requesting.
09-01 07:12:13.722 D/Avrcp_ext( 1994): Enter sendPlayPosNotificationRsp
09-01 07:12:13.722 D/Avrcp_ext( 1994): sendPlayPosNotificationRsp: Not registered or requesting.
09-01 07:12:13.722 V/Avrcp_ext( 1994): Exit updatePlayerStateAndPosition
09-01 07:12:13.722 D/Avrcp_ext( 1994): Exit handlePackageModified
09-01 07:12:13.723 D/AF::TrackHandle(  625): OpPlayAudio: track:88 usage:3 not muted
09-01 07:12:13.732 I/chatty  (  625): uid=1041(audioserver) Binder:625_3 identical 2 lines
09-01 07:12:13.733 D/AF::TrackHandle(  625): OpPlayAudio: track:88 usage:3 not muted
09-01 07:12:13.767 E/QMI_FW  ( 1038): qmi_cci_get_ref: ref count increased 2
09-01 07:12:13.769 E/QMI_FW  ( 1038): qmi_cci_get_ref: ref count increased 2
09-01 07:12:13.782 I/Telecom ( 1460): DefaultDialerCache: Refreshing default dialer for user 0: now com.facebook.wearable.apps.phone: DDC.oR@EZQ
09-01 07:12:13.850 V/BackupManagerConstants( 1460): getFullBackupIntervalMilliseconds(...) returns 86400000
09-01 07:12:13.850 V/BackupManagerConstants( 1460): getFullBackupRequiredNetworkType(...) returns 2
09-01 07:12:13.850 V/BackupManagerConstants( 1460): getFullBackupRequireCharging(...) returns true
09-01 07:12:13.858 E/SmsApplication( 2246): com.facebook.wearable.apps.messages does not have system signature
09-01 07:12:13.877 W/Looper  ( 1460): Slow delivery took 260ms main h=com.android.server.notification.NotificationManagerService$WorkerHandler c=com.android.server.notification.NotificationManagerService$16@cf05e8d m=0
09-01 07:12:13.917 D/AF::TrackHandle(  625): OpPlayAudio: track:88 usage:3 not muted
09-01 07:12:13.941 W/Looper  ( 1460): Drained
09-01 07:12:13.971 W/Looper  ( 1460): Slow delivery took 222ms android.fg h=android.os.Handler c=<recycled PooledLambda@38feaf> m=0
09-01 07:12:13.928 I/chatty  (  625): uid=1041(audioserver) Binder:625_3 identical 3 lines
09-01 07:12:13.930 D/AF::TrackHandle(  625): OpPlayAudio: track:88 usage:3 not muted
09-01 07:12:13.999 E/SmsApplication( 2246): com.facebook.wearable.apps.messages does not have system signature
09-01 07:12:14.015 D/AF::TrackHandle(  625): OpPlayAudio: track:88 usage:3 not muted
09-01 07:12:14.029 I/chatty  (  625): uid=1041(audioserver) Binder:625_3 identical 3 lines
09-01 07:12:14.041 D/AF::TrackHandle(  625): OpPlayAudio: track:88 usage:3 not muted
09-01 07:12:14.130 D/CarrierSvcBindHelper( 2246): No carrier app for: 0
09-01 07:12:14.145 D/CarrierSvcBindHelper( 2246): No carrier app for: 0
09-01 07:12:14.231 D/CompatibilityInfo( 1460): mCompatibilityFlags - 4
09-01 07:12:14.231 D/CompatibilityInfo( 1460): applicationDensity - 320
09-01 07:12:14.231 D/CompatibilityInfo( 1460): applicationScale - 1.0
09-01 07:12:14.521 W/TextServicesManagerService( 1460): no available spell checker services found
09-01 07:12:14.531 I/PermissionControllerServiceImpl( 7054): Updating user sensitive for uid 10113
09-01 07:12:14.628 W/Searchables( 1460): No global search activity found
09-01 07:12:14.675 W/VoiceInteractionManager( 1460): no available voice recognition services found for user 0
09-01 07:12:14.633 W/Searchables( 1460): No global search activity found
09-01 07:12:14.782 I/adbd    (  781): jdwp connection from 7838
09-01 07:12:14.862 D/CompatibilityInfo( 1460): mCompatibilityFlags - 4
09-01 07:12:14.862 D/CompatibilityInfo( 1460): applicationDensity - 320
09-01 07:12:14.862 D/CompatibilityInfo( 1460): applicationScale - 1.0
09-01 07:12:14.901 D/CompatibilityInfo( 1460): mCompatibilityFlags - 4
09-01 07:12:14.901 D/CompatibilityInfo( 1460): applicationDensity - 320
09-01 07:12:14.901 D/CompatibilityInfo( 1460): applicationScale - 1.0
09-01 07:12:14.994 W/RuleEvaluation( 1460): Integrity rule files are not available.
09-01 07:12:14.996 I/PackageManager( 1460): Integrity check passed for file:///data/app/vmdl1436821891.tmp
09-01 07:12:15.018 I/ActivityManager( 1460): Force stopping com.github.uiautomator.test appid=10114 user=-1: installPackageLI
09-01 07:12:15.020 I/PackageManager( 1460): Update package com.github.uiautomator.test code path from /data/app/~~RXmjv-BGoCtv7XiaWKY6Bg==/com.github.uiautomator.test-smY2cJouViUW_JMROoP1zA== to /data/app/~~W9L6QRkpXmPB-NhicS1bxA==/com.github.uiautomator.test-hD4GwiClOdQpcv--xHazqQ==; Retain data and using new
09-01 07:12:15.020 I/PackageManager( 1460): Update package com.github.uiautomator.test resource path from /data/app/~~RXmjv-BGoCtv7XiaWKY6Bg==/com.github.uiautomator.test-smY2cJouViUW_JMROoP1zA== to /data/app/~~W9L6QRkpXmPB-NhicS1bxA==/com.github.uiautomator.test-hD4GwiClOdQpcv--xHazqQ==; Retain data and using new
09-01 07:12:15.053 I/ndroid.keychai( 7838): The ClassLoaderContext is a special shared library.
09-01 07:12:15.072 I/m.android.phon( 2246): Background concurrent copying GC freed 285045(19MB) AllocSpace objects, 0(0B) LOS objects, 80% free, 4450KB/22MB, paused 13.786ms total 1.382s
09-01 07:12:15.166 I/Perf    ( 7838): Connecting to perf service.
09-01 07:12:15.254 D/PackageManager( 1460): Instant App installer not found with android.intent.action.INSTALL_INSTANT_APP_PACKAGE
09-01 07:12:15.254 D/PackageManager( 1460): Clear ephemeral installer activity
09-01 07:12:15.255 W/system_server( 1460): Long monitor contention with owner PackageManager (1635) at void com.android.server.pm.PackageManagerService.updateSettingsInternalLI(com.android.server.pm.parsing.pkg.AndroidPackage, com.android.server.pm.PackageManagerService$InstallArgs, int[], com.android.server.pm.PackageManagerService$PackageInstalledInfo)(PackageManagerService.java:16290) waiters=0 in java.lang.String com.android.server.pm.PackageManagerService.getInstantAppPackageName(int) for 207ms
09-01 07:12:15.273 W/system_server( 1460): Long monitor contention with owner PackageManager (1635) at void com.android.server.pm.PackageManagerService.updateSettingsInternalLI(com.android.server.pm.parsing.pkg.AndroidPackage, com.android.server.pm.PackageManagerService$InstallArgs, int[], com.android.server.pm.PackageManagerService$PackageInstalledInfo)(PackageManagerService.java:16290) waiters=2 in int com.android.server.pm.permission.PermissionManagerService.checkUidPermission(java.lang.String, int) for 221ms
09-01 07:12:15.280 D/ImsResolver( 2246): maybeAddedImsService, packageName: com.github.uiautomator
09-01 07:12:15.288 D/CarrierConfigLoader( 2246): mHandler: 12 phoneId: 0
09-01 07:12:15.358 E/installd(  889): Couldn't opendir /data/app/vmdl1436821891.tmp: No such file or directory
09-01 07:12:15.358 E/installd(  889): Failed to delete /data/app/vmdl1436821891.tmp: No such file or directory
09-01 07:12:15.367 I/cmd     ( 7852): oneway function results will be dropped but finished with status OK and parcel size 4
09-01 07:12:15.369 I/ActivityManager( 1460): Force stopping com.github.uiautomator.test appid=10114 user=0: pkg removed
09-01 07:12:15.372 D/NetworkSecurityConfig( 7838): No Network Security Config specified, using platform default
09-01 07:12:15.396 D/NetworkSecurityConfig( 7838): No Network Security Config specified, using platform default
09-01 07:12:15.396 D/CompatibilityInfo( 1460): mCompatibilityFlags - 14
09-01 07:12:15.396 D/CompatibilityInfo( 1460): applicationDensity - 320
09-01 07:12:15.396 D/CompatibilityInfo( 1460): applicationScale - 1.0
09-01 07:12:15.399 I/MediaProvider( 2717): Invalidating LocalCallingIdentity cache for package com.github.uiautomator.test. Reason: package android.intent.action.PACKAGE_REMOVED
09-01 07:12:15.402 W/Looper  ( 1460): Drained
09-01 07:12:15.407 D/Avrcp_ext( 1994): AvrcpServiceBroadcastReceiver-> Action: android.intent.action.PACKAGE_REMOVED
09-01 07:12:15.413 I/InputReader( 1460): Reconfiguring input devices, changes=KEYBOARD_LAYOUTS | 
09-01 07:12:15.432 I/MediaProvider( 2717): Invalidating LocalCallingIdentity cache for package com.github.uiautomator.test. Reason: package android.intent.action.PACKAGE_ADDED
09-01 07:12:15.436 I/InputReader( 1460): Reconfiguring input devices, changes=KEYBOARD_LAYOUTS | 
09-01 07:12:15.437 W/BroadcastQueue( 1460): Background execution not allowed: receiving Intent { act=android.intent.action.PACKAGE_REMOVED dat=package:com.github.uiautomator.test flg=0x4000010 (has extras) } to com.android.gallery3d/.app.PackagesMonitor
09-01 07:12:15.438 D/Avrcp_ext( 1994): AvrcpServiceBroadcastReceiver-> Action: android.intent.action.PACKAGE_ADDED
09-01 07:12:15.439 D/Avrcp_ext( 1994): AvrcpServiceBroadcastReceiver-> packageName: com.github.uiautomator.test
09-01 07:12:15.439 D/Avrcp_ext( 1994): packageName: com.github.uiautomator.test removed: false
09-01 07:12:15.442 D/Avrcp_ext( 1994): isBrowsableListUpdated: browsable list size mismatch, true
09-01 07:12:15.443 D/Avrcp_ext( 1994): buildBrowsablePlayerList 
09-01 07:12:15.469 V/Avrcp_ext( 1994): getMediaPlayerInfo: Found com.android.music
09-01 07:12:15.469 V/Avrcp_ext( 1994): isBrowseSupported for com.android.music: false
09-01 07:12:15.472 W/BroadcastQueue( 1460): Background execution not allowed: receiving Intent { act=android.intent.action.PACKAGE_ADDED dat=package:com.github.uiautomator.test flg=0x4000010 (has extras) } to com.android.packageinstaller/.PackageInstalledReceiver
09-01 07:12:15.476 E/SmsApplication( 2246): com.facebook.wearable.apps.messages does not have system signature
09-01 07:12:15.479 D/Avrcp_ext( 1994): Adding media player info for com.android.music with id 1
09-01 07:12:15.479 D/Avrcp_ext( 1994): update #1:MediaPlayerInfo com.android.music (as 'Android Open Source Music Player') Type = 1, SubType = 0, Status = 0 Feature Bits [40 41 42 44 45 47 48 58] Controller: null
09-01 07:12:15.479 D/Avrcp_ext( 1994): Added MediaPlayerController/MediaPlayerPackage
09-01 07:12:15.479 V/Avrcp_ext( 1994): getMediaPlayerInfo: Found com.facebook.wearable.apps.eq
09-01 07:12:15.479 V/Avrcp_ext( 1994): isBrowseSupported for com.facebook.wearable.apps.eq: false
09-01 07:12:15.480 W/BroadcastQueue( 1460): Background execution not allowed: receiving Intent { act=android.intent.action.PACKAGE_ADDED dat=package:com.github.uiautomator.test flg=0x4000010 (has extras) } to com.android.gallery3d/.app.PackagesMonitor
09-01 07:12:15.481 D/Avrcp_ext( 1994): Adding media player info for com.facebook.wearable.apps.eq with id 2
09-01 07:12:15.481 D/Avrcp_ext( 1994): update #2:MediaPlayerInfo com.facebook.wearable.apps.eq (as 'EQ') Type = 1, SubType = 0, Status = 0 Feature Bits [40 41 42 44 45 47 48 58] Controller: null
09-01 07:12:15.481 D/Avrcp_ext( 1994): Added MediaPlayerController/MediaPlayerPackage
09-01 07:12:15.481 V/Avrcp_ext( 1994): getMediaPlayerInfo: Found com.facebook.wearable.apps.mediacontroller
09-01 07:12:15.481 V/Avrcp_ext( 1994): isBrowseSupported for com.facebook.wearable.apps.mediacontroller: false
09-01 07:12:15.482 I/InputReader( 1460): Reconfiguring input devices, changes=KEYBOARD_LAYOUTS | 
09-01 07:12:15.482 D/Avrcp_ext( 1994): Adding media player info for com.facebook.wearable.apps.mediacontroller with id 3
09-01 07:12:15.482 D/Avrcp_ext( 1994): update #3:MediaPlayerInfo com.facebook.wearable.apps.mediacontroller (as 'mediacontroller') Type = 1, SubType = 0, Status = 0 Feature Bits [40 41 42 44 45 47 48 58] Controller: null
09-01 07:12:15.482 D/Avrcp_ext( 1994): Added MediaPlayerController/MediaPlayerPackage
09-01 07:12:15.482 V/Avrcp_ext( 1994): getMediaPlayerInfo: Found com.facebook.wearable.apps.player
09-01 07:12:15.482 V/Avrcp_ext( 1994): isBrowseSupported for com.facebook.wearable.apps.player: false
09-01 07:12:15.486 I/PermissionControllerServiceImpl( 7054): Updating user sensitive for uid 10114
09-01 07:12:15.487 W/BroadcastQueue( 1460): Background execution not allowed: receiving Intent { act=android.intent.action.PACKAGE_ADDED dat=package:com.github.uiautomator.test flg=0x4000010 (has extras) } to com.facebook.wearable.system.appmanager/com.facebook.aloha.app.appmanager.common.packages.event.manifest.ManifestPackageEventReceiver
09-01 07:12:15.487 W/BroadcastQueue( 1460): Background execution not allowed: receiving Intent { act=android.intent.action.PACKAGE_REPLACED dat=package:com.github.uiautomator.test flg=0x4000010 (has extras) } to com.facebook.wearable.system.appmanager/com.facebook.aloha.app.appmanager.common.packages.event.manifest.ManifestPackageEventReceiver
09-01 07:12:15.489 D/RegisteredNfcFServicesCache( 2632): Service unchanged, not updating
09-01 07:12:15.494 I/Telecom ( 1460): DefaultDialerCache: Refreshing default dialer for user 0: now com.facebook.wearable.apps.phone: DDC.oR@EZg
09-01 07:12:15.495 D/Avrcp_ext( 1994): Adding media player info for com.facebook.wearable.apps.player with id 4
09-01 07:12:15.495 D/Avrcp_ext( 1994): update #4:MediaPlayerInfo com.facebook.wearable.apps.player (as 'Spotify') Type = 1, SubType = 0, Status = 0 Feature Bits [40 41 42 44 45 47 48 58] Controller: null
09-01 07:12:15.495 D/Avrcp_ext( 1994): Added MediaPlayerController/MediaPlayerPackage
09-01 07:12:15.495 V/Avrcp_ext( 1994): getMediaPlayerInfo: Found com.facebook.wearable.apps.workout
09-01 07:12:15.495 V/Avrcp_ext( 1994): isBrowseSupported for com.facebook.wearable.apps.workout: false
09-01 07:12:15.527 V/BackupManagerConstants( 1460): getFullBackupIntervalMilliseconds(...) returns 86400000
09-01 07:12:15.527 V/BackupManagerConstants( 1460): getFullBackupRequiredNetworkType(...) returns 2
09-01 07:12:15.527 V/BackupManagerConstants( 1460): getFullBackupRequireCharging(...) returns true
09-01 07:12:15.533 D/Avrcp_ext( 1994): Adding media player info for com.facebook.wearable.apps.workout with id 5
09-01 07:12:15.533 D/Avrcp_ext( 1994): update #5:MediaPlayerInfo com.facebook.wearable.apps.workout (as 'Workout') Type = 1, SubType = 0, Status = 0 Feature Bits [40 41 42 44 45 47 48 58] Controller: null
09-01 07:12:15.533 D/Avrcp_ext( 1994): Added MediaPlayerController/MediaPlayerPackage
09-01 07:12:15.533 V/Avrcp_ext( 1994): getMediaPlayerInfo: Found com.facebook.wearable.system.launcher
09-01 07:12:15.533 V/Avrcp_ext( 1994): isBrowseSupported for com.facebook.wearable.system.launcher: false
09-01 07:12:15.539 D/Avrcp_ext( 1994): Adding media player info for com.facebook.wearable.system.launcher with id 6
09-01 07:12:15.539 D/Avrcp_ext( 1994): update #6:MediaPlayerInfo com.facebook.wearable.system.launcher (as 'Launcher') Type = 1, SubType = 0, Status = 0 Feature Bits [40 41 42 44 45 47 48 58] Controller: null
09-01 07:12:15.539 D/Avrcp_ext( 1994): Added MediaPlayerController/MediaPlayerPackage
09-01 07:12:15.539 V/Avrcp_ext( 1994): updateCurrentMediaState: mMediaController: null
09-01 07:12:15.540 V/Avrcp_ext( 1994): isMusicActive: false getBluetoothPlayState: 2
09-01 07:12:15.540 V/Avrcp_ext( 1994): updateCurrentMediaState: isPlaying = false
09-01 07:12:15.541 V/Avrcp_ext( 1994): Media update: id -1➡-1? [MediaAttributes: none] : [MediaAttributes: none]
09-01 07:12:15.541 D/Avrcp_ext( 1994): isPackageNameValid: browsedPackage = isValid = false
09-01 07:12:15.541 V/Avrcp_ext( 1994): newPlayStatus:2mReportedPlayStatus:-1
09-01 07:12:15.541 V/Avrcp_ext( 1994): updatePlaybackState, state: PlaybackState {state=2, position=-1, buffered position=0, speed=0.0, updated=13229537, actions=0, custom actions=[], active item id=-1, error=null} device: null
09-01 07:12:15.541 V/Avrcp_ext( 1994): Device: no name: 
09-01 07:12:15.541 I/chatty  ( 1994): uid=1002(bluetooth) com.android.bluetooth identical 3 lines
09-01 07:12:15.541 V/Avrcp_ext( 1994): Device: no name: 
09-01 07:12:15.541 V/Avrcp_ext( 1994): updatePlayerStateAndPosition, old=PlaybackState {state=2, position=-1, buffered position=0, speed=0.0, updated=13227694, actions=0, custom actions=[], active item id=-1, error=null}, state=PlaybackState {state=2, position=-1, buffered position=0, speed=0.0, updated=13229537, actions=0, custom actions=[], active item id=-1, error=null}
09-01 07:12:15.541 V/Avrcp_ext( 1994): old state = PlaybackState {state=2, position=-1, buffered position=0, speed=0.0, updated=13227694, actions=0, custom actions=[], active item id=-1, error=null}, new state= PlaybackState {state=2, position=-1, buffered position=0, speed=0.0, updated=13229537, actions=0, custom actions=[], active item id=-1, error=null}
09-01 07:12:15.541 D/HeadsetService( 1994): getHeadsetService(): returning com.android.bluetooth.hfp.HeadsetService@476ddce
09-01 07:12:15.547 D/AF::TrackHandle(  625): OpPlayAudio: track:88 usage:3 not muted
09-01 07:12:15.548 W/TextServicesManagerService( 1460): no available spell checker services found
09-01 07:12:15.552 D/HeadsetService( 1994):  isAudioOn: The number of audio connected devices 0
09-01 07:12:15.553 W/Searchables( 1460): No global search activity found
09-01 07:12:15.555 D/HeadsetService( 1994): isScoOrCallActive(): Call Active:falseCall is Ringing:falseSCO is Active:false
09-01 07:12:15.579 D/HeadsetService( 1994):  isAudioOn: The number of audio connected devices 0
09-01 07:12:15.579 I/Avrcp_ext( 1994): updatePlayStatusForDevice: device: null
09-01 07:12:15.579 V/Avrcp_ext( 1994): updatePlaybackState (1): old=PlaybackState {state=2, position=-1, buffered position=0, speed=0.0, updated=13227694, actions=0, custom actions=[], active item id=-1, error=null}(2), new=PlaybackState {state=2, position=-1, buffered position=0, speed=0.0, updated=13229537, actions=0, custom actions=[], active item id=-1, error=null}(2)
09-01 07:12:15.580 I/Avrcp_ext( 1994): Exit updatePlayStatusForDevice
09-01 07:12:15.580 D/AF::TrackHandle(  625): OpPlayAudio: track:88 usage:3 not muted
09-01 07:12:15.581 D/AF::TrackHandle(  625): OpPlayAudio: track:88 usage:3 not muted
09-01 07:12:15.581 D/HeadsetService( 1994):  isAudioOn: The number of audio connected devices 0
09-01 07:12:15.581 D/HeadsetService( 1994): isScoOrCallActive(): Call Active:falseCall is Ringing:falseSCO is Active:false
09-01 07:12:15.581 W/Searchables( 1460): No global search activity found
09-01 07:12:15.582 D/HeadsetService( 1994):  isAudioOn: The number of audio connected devices 0
09-01 07:12:15.582 I/Avrcp_ext( 1994): updatePlayStatusForDevice: device: null
09-01 07:12:15.583 V/Avrcp_ext( 1994): updatePlaybackState (1): old=PlaybackState {state=2, position=-1, buffered position=0, speed=0.0, updated=13227694, actions=0, custom actions=[], active item id=-1, error=null}(2), new=PlaybackState {state=2, position=-1, buffered position=0, speed=0.0, updated=13229537, actions=0, custom actions=[], active item id=-1, error=null}(2)
09-01 07:12:15.583 I/Avrcp_ext( 1994): Exit updatePlayStatusForDevice
09-01 07:12:15.583 D/HeadsetService( 1994):  isAudioOn: The number of audio connected devices 0
09-01 07:12:15.584 D/HeadsetService( 1994): isScoOrCallActive(): Call Active:falseCall is Ringing:falseSCO is Active:false
09-01 07:12:15.584 W/VoiceInteractionManager( 1460): no available voice recognition services found for user 0
09-01 07:12:15.584 D/AF::TrackHandle(  625): OpPlayAudio: track:88 usage:3 not muted
09-01 07:12:15.585 D/HeadsetService( 1994):  isAudioOn: The number of audio connected devices 0
09-01 07:12:15.585 I/Avrcp_ext( 1994): updatePlayStatusForDevice: device: null
09-01 07:12:15.585 V/Avrcp_ext( 1994): updatePlaybackState (1): old=PlaybackState {state=2, position=-1, buffered position=0, speed=0.0, updated=13227694, actions=0, custom actions=[], active item id=-1, error=null}(2), new=PlaybackState {state=2, position=-1, buffered position=0, speed=0.0, updated=13229537, actions=0, custom actions=[], active item id=-1, error=null}(2)
09-01 07:12:15.585 I/Avrcp_ext( 1994): Exit updatePlayStatusForDevice
09-01 07:12:15.586 D/HeadsetService( 1994):  isAudioOn: The number of audio connected devices 0
09-01 07:12:15.586 D/HeadsetService( 1994): isScoOrCallActive(): Call Active:falseCall is Ringing:falseSCO is Active:false
09-01 07:12:15.586 D/AF::TrackHandle(  625): OpPlayAudio: track:88 usage:3 not muted
09-01 07:12:15.588 D/HeadsetService( 1994):  isAudioOn: The number of audio connected devices 0
09-01 07:12:15.588 I/Avrcp_ext( 1994): updatePlayStatusForDevice: device: null
09-01 07:12:15.588 V/Avrcp_ext( 1994): updatePlaybackState (1): old=PlaybackState {state=2, position=-1, buffered position=0, speed=0.0, updated=13227694, actions=0, custom actions=[], active item id=-1, error=null}(2), new=PlaybackState {state=2, position=-1, buffered position=0, speed=0.0, updated=13229537, actions=0, custom actions=[], active item id=-1, error=null}(2)
09-01 07:12:15.588 I/Avrcp_ext( 1994): Exit updatePlayStatusForDevice
09-01 07:12:15.597 D/HeadsetService( 1994):  isAudioOn: The number of audio connected devices 0
09-01 07:12:15.597 D/HeadsetService( 1994): isScoOrCallActive(): Call Active:falseCall is Ringing:falseSCO is Active:false
09-01 07:12:15.598 D/HeadsetService( 1994):  isAudioOn: The number of audio connected devices 0
09-01 07:12:15.598 I/Avrcp_ext( 1994): updatePlayStatusForDevice: device: null
09-01 07:12:15.598 V/Avrcp_ext( 1994): updatePlaybackState (1): old=PlaybackState {state=2, position=-1, buffered position=0, speed=0.0, updated=13227694, actions=0, custom actions=[], active item id=-1, error=null}(2), new=PlaybackState {state=2, position=-1, buffered position=0, speed=0.0, updated=13229537, actions=0, custom actions=[], active item id=-1, error=null}(2)
09-01 07:12:15.598 I/Avrcp_ext( 1994): Exit updatePlayStatusForDevice
09-01 07:12:15.598 D/Avrcp_ext( 1994): Enter sendPlayPosNotificationRsp
09-01 07:12:15.598 D/Avrcp_ext( 1994): sendPlayPosNotificationRsp: Not registered or requesting.
09-01 07:12:15.599 D/Avrcp_ext( 1994): Enter sendPlayPosNotificationRsp
09-01 07:12:15.599 D/Avrcp_ext( 1994): sendPlayPosNotificationRsp: Not registered or requesting.
09-01 07:12:15.599 D/Avrcp_ext( 1994): Enter sendPlayPosNotificationRsp
09-01 07:12:15.599 D/Avrcp_ext( 1994): sendPlayPosNotificationRsp: Not registered or requesting.
09-01 07:12:15.599 D/Avrcp_ext( 1994): Enter sendPlayPosNotificationRsp
09-01 07:12:15.599 D/Avrcp_ext( 1994): sendPlayPosNotificationRsp: Not registered or requesting.
09-01 07:12:15.599 D/Avrcp_ext( 1994): Enter sendPlayPosNotificationRsp
09-01 07:12:15.599 D/Avrcp_ext( 1994): sendPlayPosNotificationRsp: Not registered or requesting.
09-01 07:12:15.599 V/Avrcp_ext( 1994): Exit updatePlayerStateAndPosition
09-01 07:12:15.599 D/Avrcp_ext( 1994): Exit handlePackageModified
09-01 07:12:15.663 E/SmsApplication( 2246): com.facebook.wearable.apps.messages does not have system signature
09-01 07:12:15.698 D/AF::TrackHandle(  625): OpPlayAudio: track:88 usage:3 not muted
09-01 07:12:15.708 I/chatty  (  625): uid=1041(audioserver) Binder:625_3 identical 3 lines
09-01 07:12:15.709 D/AF::TrackHandle(  625): OpPlayAudio: track:88 usage:3 not muted
09-01 07:12:15.748 E/SmsApplication( 2246): com.facebook.wearable.apps.messages does not have system signature
09-01 07:12:15.762 D/AF::TrackHandle(  625): OpPlayAudio: track:88 usage:3 not muted
09-01 07:12:15.791 W/Looper  ( 1460): Slow delivery took 232ms android.fg h=android.os.Handler c=<recycled PooledLambda@5c38bb7> m=0
09-01 07:12:15.780 I/chatty  (  625): uid=1041(audioserver) Binder:625_4 identical 3 lines
09-01 07:12:15.781 D/AF::TrackHandle(  625): OpPlayAudio: track:88 usage:3 not muted
09-01 07:12:15.802 D/CarrierSvcBindHelper( 2246): No carrier app for: 0
09-01 07:12:15.822 D/CarrierSvcBindHelper( 2246): No carrier app for: 0
09-01 07:12:15.917 D/ImsResolver( 2246): maybeAddedImsService, packageName: com.github.uiautomator.test
09-01 07:12:15.924 D/CarrierConfigLoader( 2246): mHandler: 12 phoneId: 0
09-01 07:12:16.382 I/system_server( 1460): Background concurrent copying GC freed 417439(18MB) AllocSpace objects, 109(4332KB) LOS objects, 49% free, 18MB/36MB, paused 381us total 949.901ms
09-01 07:12:16.627 W/bluelink(  803): [System] updateSmoothedTime: too early or too late; st=13236.817, rt=13242.132
09-01 07:12:16.627 D/commandrouter(  803): rtc_sync (1, rtc:sync): <ServiceRequest> FORWARDED (remote -> local) service client ID = 0, token ID = 34883
09-01 07:12:16.627 D/vendor.facebook.rtc_sync@1.0-service( 1013): Request req_ts=1630480336624759444 resp_ts=1630480336627799440
09-01 07:12:16.628 D/commandrouter(  803): SocServiceHandle::onServiceMessage, SoC Service = rtc_sync, appType = 1, type = SVC_RESP, clientId = 0, token = 34883, payloadLen = 8, result = 0, payload.size() = 8
