09-01 07:18:19.876 V/Avrcp_ext( 1994): Device: no name: 
09-01 07:18:19.876 I/chatty  ( 1994): uid=1002(bluetooth) com.android.bluetooth identical 3 lines
09-01 07:18:19.876 V/Avrcp_ext( 1994): Device: no name: 
09-01 07:18:19.876 V/Avrcp_ext( 1994): updatePlayerStateAndPosition, old=PlaybackState {state=2, position=-1, buffered position=0, speed=0.0, updated=13591934, actions=0, custom actions=[], active item id=-1, error=null}, state=PlaybackState {state=2, position=-1, buffered position=0, speed=0.0, updated=13593871, actions=0, custom actions=[], active item id=-1, error=null}
09-01 07:18:19.876 V/Avrcp_ext( 1994): old state = PlaybackState {state=2, position=-1, buffered position=0, speed=0.0, updated=13591934, actions=0, custom actions=[], active item id=-1, error=null}, new state= PlaybackState {state=2, position=-1, buffered position=0, speed=0.0, updated=13593871, actions=0, custom actions=[], active item id=-1, error=null}
09-01 07:18:19.877 D/HeadsetService( 1994): getHeadsetService(): returning com.android.bluetooth.hfp.HeadsetService@476ddce
09-01 07:18:19.878 D/HeadsetService( 1994):  isAudioOn: The number of audio connected devices 0
09-01 07:18:19.878 D/HeadsetService( 1994): isScoOrCallActive(): Call Active:falseCall is Ringing:falseSCO is Active:false
09-01 07:18:19.879 D/HeadsetService( 1994):  isAudioOn: The number of audio connected devices 0
09-01 07:18:19.879 I/Avrcp_ext( 1994): updatePlayStatusForDevice: device: null
09-01 07:18:19.880 V/Avrcp_ext( 1994): updatePlaybackState (1): old=PlaybackState {state=2, position=-1, buffered position=0, speed=0.0, updated=13591934, actions=0, custom actions=[], active item id=-1, error=null}(2), new=PlaybackState {state=2, position=-1, buffered position=0, speed=0.0, updated=13593871, actions=0, custom actions=[], active item id=-1, error=null}(2)
09-01 07:18:19.880 I/Avrcp_ext( 1994): Exit updatePlayStatusForDevice
09-01 07:18:19.880 D/HeadsetService( 1994):  isAudioOn: The number of audio connected devices 0
09-01 07:18:19.881 D/HeadsetService( 1994): isScoOrCallActive(): Call Active:falseCall is Ringing:falseSCO is Active:false
09-01 07:18:19.882 D/HeadsetService( 1994):  isAudioOn: The number of audio connected devices 0
09-01 07:18:19.882 I/Avrcp_ext( 1994): updatePlayStatusForDevice: device: null
09-01 07:18:19.882 V/Avrcp_ext( 1994): updatePlaybackState (1): old=PlaybackState {state=2, position=-1, buffered position=0, speed=0.0, updated=13591934, actions=0, custom actions=[], active item id=-1, error=null}(2), new=PlaybackState {state=2, position=-1, buffered position=0, speed=0.0, updated=13593871, actions=0, custom actions=[], active item id=-1, error=null}(2)
09-01 07:18:19.883 I/Avrcp_ext( 1994): Exit updatePlayStatusForDevice
09-01 07:18:19.899 W/TextServicesManagerService( 1460): no available spell checker services found
09-01 07:18:19.905 D/HeadsetService( 1994):  isAudioOn: The number of audio connected devices 0
09-01 07:18:19.906 D/HeadsetService( 1994): isScoOrCallActive(): Call Active:falseCall is Ringing:falseSCO is Active:false
09-01 07:18:19.906 D/HeadsetService( 1994):  isAudioOn: The number of audio connected devices 0
09-01 07:18:19.907 I/Avrcp_ext( 1994): updatePlayStatusForDevice: device: null
09-01 07:18:19.907 V/Avrcp_ext( 1994): updatePlaybackState (1): old=PlaybackState {state=2, position=-1, buffered position=0, speed=0.0, updated=13591934, actions=0, custom actions=[], active item id=-1, error=null}(2), new=PlaybackState {state=2, position=-1, buffered position=0, speed=0.0, updated=13593871, actions=0, custom actions=[], active item id=-1, error=null}(2)
09-01 07:18:19.907 I/Avrcp_ext( 1994): Exit updatePlayStatusForDevice
09-01 07:18:19.909 W/Looper  ( 1460): Slow dispatch took 109ms main h=android.app.ActivityThread$H c=android.app.-$$Lambda$LoadedApk$ReceiverDispatcher$Args$_BumDX2UKsnxLVrE6UJsJZkotuA@3c0df53 m=0
09-01 07:18:19.918 W/BroadcastQueue( 1460): Background execution not allowed: receiving Intent { act=android.intent.action.PACKAGE_REPLACED dat=package:com.github.uiautomator.test flg=0x4000010 (has extras) } to com.facebook.wearable.system.appmanager/com.facebook.aloha.app.appmanager.common.packages.event.manifest.ManifestPackageEventReceiver
09-01 07:18:19.920 I/InputReader( 1460): Reconfiguring input devices, changes=KEYBOARD_LAYOUTS | 
09-01 07:18:19.923 D/HeadsetService( 1994):  isAudioOn: The number of audio connected devices 0
09-01 07:18:19.923 D/HeadsetService( 1994): isScoOrCallActive(): Call Active:falseCall is Ringing:falseSCO is Active:false
09-01 07:18:19.934 D/HeadsetService( 1994):  isAudioOn: The number of audio connected devices 0
09-01 07:18:19.934 I/Avrcp_ext( 1994): updatePlayStatusForDevice: device: null
09-01 07:18:19.935 V/Avrcp_ext( 1994): updatePlaybackState (1): old=PlaybackState {state=2, position=-1, buffered position=0, speed=0.0, updated=13591934, actions=0, custom actions=[], active item id=-1, error=null}(2), new=PlaybackState {state=2, position=-1, buffered position=0, speed=0.0, updated=13593871, actions=0, custom actions=[], active item id=-1, error=null}(2)
09-01 07:18:19.935 I/Avrcp_ext( 1994): Exit updatePlayStatusForDevice
09-01 07:18:19.937 D/HeadsetService( 1994):  isAudioOn: The number of audio connected devices 0
09-01 07:18:19.937 D/HeadsetService( 1994): isScoOrCallActive(): Call Active:falseCall is Ringing:falseSCO is Active:false
09-01 07:18:19.938 D/HeadsetService( 1994):  isAudioOn: The number of audio connected devices 0
09-01 07:18:19.938 I/Avrcp_ext( 1994): updatePlayStatusForDevice: device: null
09-01 07:18:19.938 V/Avrcp_ext( 1994): updatePlaybackState (1): old=PlaybackState {state=2, position=-1, buffered position=0, speed=0.0, updated=13591934, actions=0, custom actions=[], active item id=-1, error=null}(2), new=PlaybackState {state=2, position=-1, buffered position=0, speed=0.0, updated=13593871, actions=0, custom actions=[], active item id=-1, error=null}(2)
09-01 07:18:19.938 I/Avrcp_ext( 1994): Exit updatePlayStatusForDevice
09-01 07:18:19.938 D/Avrcp_ext( 1994): Enter sendPlayPosNotificationRsp
09-01 07:18:19.938 D/Avrcp_ext( 1994): sendPlayPosNotificationRsp: Not registered or requesting.
09-01 07:18:19.938 D/Avrcp_ext( 1994): Enter sendPlayPosNotificationRsp
09-01 07:18:19.938 D/Avrcp_ext( 1994): sendPlayPosNotificationRsp: Not registered or requesting.
09-01 07:18:19.938 D/Avrcp_ext( 1994): Enter sendPlayPosNotificationRsp
09-01 07:18:19.938 D/Avrcp_ext( 1994): sendPlayPosNotificationRsp: Not registered or requesting.
09-01 07:18:19.938 D/Avrcp_ext( 1994): Enter sendPlayPosNotificationRsp
09-01 07:18:19.938 D/Avrcp_ext( 1994): sendPlayPosNotificationRsp: Not registered or requesting.
09-01 07:18:19.938 D/Avrcp_ext( 1994): Enter sendPlayPosNotificationRsp
09-01 07:18:19.938 D/Avrcp_ext( 1994): sendPlayPosNotificationRsp: Not registered or requesting.
09-01 07:18:19.938 V/Avrcp_ext( 1994): Exit updatePlayerStateAndPosition
09-01 07:18:19.938 D/Avrcp_ext( 1994): Exit handlePackageModified
09-01 07:18:19.945 D/RegisteredNfcFServicesCache( 2632): Service unchanged, not updating
09-01 07:18:19.947 E/SmsApplication( 2246): com.facebook.wearable.apps.messages does not have system signature
09-01 07:18:19.960 W/Looper  ( 1460): Slow dispatch took 114ms android.fg h=android.os.Handler c=<recycled PooledLambda@708a89a> m=0
09-01 07:18:19.971 W/Searchables( 1460): No global search activity found
09-01 07:18:19.976 D/AF::TrackHandle(  625): OpPlayAudio: track:88 usage:3 not muted
09-01 07:18:19.977 D/AF::TrackHandle(  625): OpPlayAudio: track:88 usage:3 not muted
09-01 07:18:19.977 W/Searchables( 1460): No global search activity found
09-01 07:18:19.978 D/AF::TrackHandle(  625): OpPlayAudio: track:88 usage:3 not muted
09-01 07:18:19.980 I/chatty  (  625): uid=1041(audioserver) Binder:625_4 identical 1 line
09-01 07:18:19.981 D/AF::TrackHandle(  625): OpPlayAudio: track:88 usage:3 not muted
09-01 07:18:20.042 E/SmsApplication( 2246): com.facebook.wearable.apps.messages does not have system signature
09-01 07:18:20.066 W/Looper  ( 1460): Slow delivery took 204ms android.fg h=android.os.Handler c=<recycled PooledLambda@9418242> m=0
09-01 07:18:20.077 D/AF::TrackHandle(  625): OpPlayAudio: track:88 usage:3 not muted
09-01 07:18:20.080 I/chatty  (  625): uid=1041(audioserver) Binder:625_4 identical 3 lines
09-01 07:18:20.087 D/AF::TrackHandle(  625): OpPlayAudio: track:88 usage:3 not muted
09-01 07:18:20.136 D/CarrierSvcBindHelper( 2246): No carrier app for: 0
09-01 07:18:20.171 D/CarrierSvcBindHelper( 2246): No carrier app for: 0
09-01 07:18:20.250 D/ImsResolver( 2246): maybeAddedImsService, packageName: com.github.uiautomator.test
09-01 07:18:20.280 D/CarrierConfigLoader( 2246): mHandler: 12 phoneId: 0
09-01 07:18:20.300 W/VoiceInteractionManager( 1460): no available voice recognition services found for user 0
09-01 07:18:20.385 D/mcu_health_checker(  846): Sent isMcuReachable Request
09-01 07:18:20.385 D/commandrouter(  803): SocServiceHandle::onServiceMessage, SoC Service = mcu_healthcheck_846, appType = 1, type = SVC_REQ, clientId = 0, token = 226, payloadLen = 12, result = 0, payload.size() = 12
09-01 07:18:20.417 D/commandrouter(  803): mcu_healthcheck_846 (1, merlot:mcu_health:control): <ServiceResponse> FORWARDED (remote -> local) CR token ID = 226, service client ID = 5, token ID = 1912, result = 0
09-01 07:18:20.417 D/mcu_health_checker(  846): MCU Health Response: MCU_OK
09-01 07:18:20.417 D/mculinkhealth(  846): isMcuReachable 1 (32 ms)
09-01 07:18:20.421 I/mcucapture(  961): 13567424 [info   ] {hlth}: Received control service request
09-01 07:18:20.421 I/mcucapture(  961): 13567429 [info   ] {hlth}: Health Request cmd: GET_STATUS
09-01 07:18:20.422 I/mcucapture(  961): 13567434 [info   ] {hlth}: Responded to req, result = MCU_OK
