--------- beginning of system
09-01 07:17:26.709 D/commandrouter(  803): rtc_sync (1, rtc:sync): <ServiceRequest> FORWARDED (remote -> local) service client ID = 0, token ID = 34934
09-01 07:17:26.710 D/commandrouter(  803): SocServiceHandle::onServiceMessage, SoC Service = rtc_sync, appType = 1, type = SVC_RESP, clientId = 0, token = 34934, payloadLen = 8, result = 0, payload.size() = 8
09-01 07:17:27.421 W/RuleEvaluation( 1460): Integrity rule files are not available.
09-01 07:17:27.422 I/PackageManager( 1460): Integrity check passed for file:///data/app/vmdl398434004.tmp
09-01 07:17:27.446 I/ActivityManager( 1460): Force stopping com.github.uiautomator appid=10113 user=-1: installPackageLI
09-01 07:17:27.448 I/PackageManager( 1460): Update package com.github.uiautomator code path from /data/app/~~RiL7PcSDaz-m1harid9p5g==/com.github.uiautomator-nUhTHeXG-mWKdJRc86aIFA== to /data/app/~~k6GPNJfQx1VhXz9Sgi0RFg==/com.github.uiautomator-YnBJ-O-pML89yDeiXQLY8Q==; Retain data and using new
09-01 07:17:27.448 I/PackageManager( 1460): Update package com.github.uiautomator resource path from /data/app/~~RiL7PcSDaz-m1harid9p5g==/com.github.uiautomator-nUhTHeXG-mWKdJRc86aIFA== to /data/app/~~k6GPNJfQx1VhXz9Sgi0RFg==/com.github.uiautomator-YnBJ-O-pML89yDeiXQLY8Q==; Retain data and using new
09-01 07:17:27.673 D/PackageManager( 1460): Instant App installer not found with android.intent.action.INSTALL_INSTANT_APP_PACKAGE
09-01 07:17:27.673 D/PackageManager( 1460): Clear ephemeral installer activity
09-01 07:17:27.705 I/ActivityManager( 1460): Force stopping com.github.uiautomator appid=10113 user=0: pkg removed
09-01 07:17:27.718 W/Looper  ( 1460): Drained
09-01 07:17:27.725 W/BroadcastQueue( 1460): Background execution not allowed: receiving Intent { act=android.intent.action.PACKAGE_REMOVED dat=package:com.github.uiautomator flg=0x4000010 (has extras) } to com.android.gallery3d/.app.PackagesMonitor
09-01 07:17:27.776 I/Telecom ( 1460): DefaultDialerCache: Refreshing default dialer for user 0: now com.facebook.wearable.apps.phone: DDC.oR@Eco
09-01 07:17:27.795 V/BackupManagerConstants( 1460): getFullBackupIntervalMilliseconds(...) returns 86400000
09-01 07:17:27.795 V/BackupManagerConstants( 1460): getFullBackupRequiredNetworkType(...) returns 2
09-01 07:17:27.795 V/BackupManagerConstants( 1460): getFullBackupRequireCharging(...) returns true
09-01 07:17:27.800 W/BroadcastQueue( 1460): Background execution not allowed: receiving Intent { act=android.intent.action.PACKAGE_ADDED dat=package:com.github.uiautomator flg=0x4000010 (has extras) } to com.android.packageinstaller/.PackageInstalledReceiver
09-01 07:17:27.826 W/BroadcastQueue( 1460): Background execution not allowed: receiving Intent { act=android.intent.action.PACKAGE_ADDED dat=package:com.github.uiautomator flg=0x4000010 (has extras) } to com.android.gallery3d/.app.PackagesMonitor
09-01 07:17:27.828 W/BroadcastQueue( 1460): Background execution not allowed: receiving Intent { act=android.intent.action.PACKAGE_ADDED dat=package:com.github.uiautomator flg=0x4000010 (has extras) } to com.facebook.wearable.system.appmanager/com.facebook.aloha.app.appmanager.common.packages.event.manifest.ManifestPackageEventReceiver
09-01 07:17:27.829 W/BroadcastQueue( 1460): Background execution not allowed: receiving Intent { act=android.intent.action.PACKAGE_REPLACED dat=package:com.github.uiautomator flg=0x4000010 (has extras) } to com.facebook.wearable.system.appmanager/com.facebook.aloha.app.appmanager.common.packages.event.manifest.ManifestPackageEventReceiver
09-01 07:17:28.274 W/TextServicesManagerService( 1460): no available spell checker services found
09-01 07:17:28.278 W/Looper  ( 1460): Slow dispatch took 502ms main h=android.app.ActivityThread$H c=android.app.-$$Lambda$LoadedApk$ReceiverDispatcher$Args$_BumDX2UKsnxLVrE6UJsJZkotuA@491b373 m=0
09-01 07:17:28.278 W/Looper  ( 1460): Slow delivery took 504ms main h=com.android.server.accessibility.AccessibilityManagerService$MainHandler c=<recycled PooledLambda@4a8a230> m=0
09-01 07:17:28.281 W/Looper  ( 1460): Drained
09-01 07:17:28.288 W/VoiceInteractionManager( 1460): no available voice recognition services found for user 0
09-01 07:17:28.310 D/AnalyticsLogger( 1460): sent events: 52
09-01 07:17:28.933 W/RuleEvaluation( 1460): Integrity rule files are not available.
09-01 07:17:28.934 I/PackageManager( 1460): Integrity check passed for file:///data/app/vmdl413783319.tmp
09-01 07:17:28.949 I/ActivityManager( 1460): Force stopping com.github.uiautomator.test appid=10114 user=-1: installPackageLI
09-01 07:17:28.951 I/PackageManager( 1460): Update package com.github.uiautomator.test code path from /data/app/~~zMcxuiqRbZXCJkPVE54hlw==/com.github.uiautomator.test-1QyMzNkz09pBM2NnM_Ikwg== to /data/app/~~nABP_JC5q3IuVrkn3ltArw==/com.github.uiautomator.test-Ar5CeZj4joo22XdP7PipCg==; Retain data and using new
09-01 07:17:28.951 I/PackageManager( 1460): Update package com.github.uiautomator.test resource path from /data/app/~~zMcxuiqRbZXCJkPVE54hlw==/com.github.uiautomator.test-1QyMzNkz09pBM2NnM_Ikwg== to /data/app/~~nABP_JC5q3IuVrkn3ltArw==/com.github.uiautomator.test-Ar5CeZj4joo22XdP7PipCg==; Retain data and using new
09-01 07:17:29.184 D/PackageManager( 1460): Instant App installer not found with android.intent.action.INSTALL_INSTANT_APP_PACKAGE
09-01 07:17:29.184 D/PackageManager( 1460): Clear ephemeral installer activity
09-01 07:17:29.218 I/ActivityManager( 1460): Force stopping com.github.uiautomator.test appid=10114 user=0: pkg removed
09-01 07:17:29.241 W/BroadcastQueue( 1460): Background execution not allowed: receiving Intent { act=android.intent.action.PACKAGE_REMOVED dat=package:com.github.uiautomator.test flg=0x4000010 (has extras) } to com.android.gallery3d/.app.PackagesMonitor
09-01 07:17:29.289 I/Telecom ( 1460): DefaultDialerCache: Refreshing default dialer for user 0: now com.facebook.wearable.apps.phone: DDC.oR@Ec4
09-01 07:17:29.306 V/BackupManagerConstants( 1460): getFullBackupIntervalMilliseconds(...) returns 86400000
09-01 07:17:29.306 V/BackupManagerConstants( 1460): getFullBackupRequiredNetworkType(...) returns 2
09-01 07:17:29.306 V/BackupManagerConstants( 1460): getFullBackupRequireCharging(...) returns true
09-01 07:17:29.310 W/BroadcastQueue( 1460): Background execution not allowed: receiving Intent { act=android.intent.action.PACKAGE_ADDED dat=package:com.github.uiautomator.test flg=0x4000010 (has extras) } to com.android.packageinstaller/.PackageInstalledReceiver
09-01 07:17:29.310 W/BroadcastQueue( 1460): Background execution not allowed: receiving Intent { act=android.intent.action.PACKAGE_ADDED dat=package:com.github.uiautomator.test flg=0x4000010 (has extras) } to com.android.gallery3d/.app.PackagesMonitor
09-01 07:17:29.316 W/BroadcastQueue( 1460): Background execution not allowed: receiving Intent { act=android.intent.action.PACKAGE_ADDED dat=package:com.github.uiautomator.test flg=0x4000010 (has extras) } to com.facebook.wearable.system.appmanager/com.facebook.aloha.app.appmanager.common.packages.event.manifest.ManifestPackageEventReceiver
09-01 07:17:29.375 W/BroadcastQueue( 1460): Background execution not allowed: receiving Intent { act=android.intent.action.PACKAGE_REPLACED dat=package:com.github.uiautomator.test flg=0x4000010 (has extras) } to com.facebook.wearable.system.appmanager/com.facebook.aloha.app.appmanager.common.packages.event.manifest.ManifestPackageEventReceiver
09-01 07:17:29.521 W/Looper  ( 1460): Slow dispatch took 232ms main h=android.app.ActivityThread$H c=android.app.-$$Lambda$LoadedApk$ReceiverDispatcher$Args$_BumDX2UKsnxLVrE6UJsJZkotuA@43905e9 m=0
09-01 07:17:29.522 W/Looper  ( 1460): Slow delivery took 232ms main h=com.android.server.media.MediaRouter2ServiceImpl$UserHandler c=com.android.server.media.-$$Lambda$MediaRoute2ProviderWatcher$3cuM1Rvi-5yUvcYL_p9NxdTvpDk@c3fad0f m=0
09-01 07:17:29.524 W/TextServicesManagerService( 1460): no available spell checker services found
09-01 07:17:29.525 W/Looper  ( 1460): Drained
09-01 07:17:29.540 W/VoiceInteractionManager( 1460): no available voice recognition services found for user 0
09-01 07:17:29.545 W/Looper  ( 1460): Slow delivery took 200ms android.fg h=android.os.Handler c=<recycled PooledLambda@4c83cfb> m=0
09-01 07:17:32.697 I/ActivityManager( 1460): Force stopping com.github.uiautomator appid=10113 user=0: from pid 9086
09-01 07:17:32.700 W/Looper  ( 1460): Drained
09-01 07:17:33.326 W/RuleEvaluation( 1460): Integrity rule files are not available.
09-01 07:17:33.327 I/PackageManager( 1460): Integrity check passed for file:///data/app/vmdl357509327.tmp
09-01 07:17:33.336 W/PackageManager( 1460): Package com.github.uiautomator signatures do not match previously installed version; ignoring!
09-01 07:17:33.617 W/RuleEvaluation( 1460): Integrity rule files are not available.
09-01 07:17:33.619 I/PackageManager( 1460): Integrity check passed for file:///data/app/vmdl958264250.tmp
09-01 07:17:33.626 W/PackageManager( 1460): Package com.github.uiautomator.test signatures do not match previously installed version; ignoring!
09-01 07:17:35.669 I/ActivityManager( 1460): Force stopping com.github.uiautomator appid=10113 user=0: start instr
09-01 07:17:35.675 D/CompatibilityChangeReporter( 1460): Compat change id reported: 135634846; UID 10113; state: DISABLED
09-01 07:17:35.676 D/CompatibilityChangeReporter( 1460): Compat change id reported: 143937733; UID 10113; state: DISABLED
09-01 07:17:35.713 I/ActivityManager( 1460): Start proc 9123:com.github.uiautomator/u0a113 for added application com.github.uiautomator
09-01 07:17:36.701 D/commandrouter(  803): rtc_sync (1, rtc:sync): <ServiceRequest> FORWARDED (remote -> local) service client ID = 0, token ID = 34935
09-01 07:17:36.702 D/commandrouter(  803): SocServiceHandle::onServiceMessage, SoC Service = rtc_sync, appType = 1, type = SVC_RESP, clientId = 0, token = 34935, payloadLen = 8, result = 0, payload.size() = 8
09-01 07:17:38.945 W/WindowManager( 1460): Cannot find window which accessibility connection is added to
09-01 07:17:40.717 D/commandrouter(  803): sleep (1, sleep:data): <ServiceRequest> FORWARDED (remote -> local) service client ID = 1, token ID = 34936
09-01 07:17:40.823 D/commandrouter(  803): SocServiceHandle::onServiceMessage, SoC Service = sleep, appType = 1, type = SVC_RESP, clientId = 1, token = 34936, payloadLen = 12, result = 0, payload.size() = 12
09-01 07:17:40.826 D/commandrouter(  803): sleep (1, sleep:data): <ServiceRequest> FORWARDED (remote -> local) service client ID = 1, token ID = 34937
09-01 07:17:40.829 D/commandrouter(  803): SocServiceHandle::onServiceMessage, SoC Service = sleep, appType = 1, type = SVC_RESP, clientId = 1, token = 34937, payloadLen = 12, result = 0, payload.size() = 12
09-01 07:17:41.989 D/AutofillManagerService( 1460): onBackKeyPressed()
09-01 07:17:43.628 I/chatty  ( 1460): uid=1000(system) android.ui identical 2 lines
09-01 07:17:44.633 D/AutofillManagerService( 1460): onBackKeyPressed()
09-01 07:17:46.699 D/commandrouter(  803): rtc_sync (1, rtc:sync): <ServiceRequest> FORWARDED (remote -> local) service client ID = 0, token ID = 34938
09-01 07:17:46.700 D/commandrouter(  803): SocServiceHandle::onServiceMessage, SoC Service = rtc_sync, appType = 1, type = SVC_RESP, clientId = 0, token = 34938, payloadLen = 8, result = 0, payload.size() = 8
09-01 07:17:48.775 I/ActivityTaskManager( 1460): START u0 {flg=0x10000000 cmp=com.facebook.wearable.apps.camera/.CameraActivity} from uid 2000
09-01 07:17:48.865 I/ActivityTaskManager( 1460): The Process com.facebook.wearable.apps.camera Already Exists in BG. So sending its PID: 6292
09-01 07:17:48.866 W/ActivityTaskManager( 1460): Tried to set launchTime (0) < mLastActivityLaunchTime (13285990)
09-01 07:17:49.740 D/ConnectivityService( 1460): requestNetwork for uid/pid:10077/6292 NetworkRequest [ TRACK_DEFAULT id=129, [ Capabilities: INTERNET&NOT_RESTRICTED&TRUSTED Uid: 10077 AdministratorUids: [] RequestorUid: 10077 RequestorPackageName: com.facebook.wearable.apps.camera] ]
09-01 07:17:49.741 D/ConnectivityService( 1460): NetReassign [129 : null → 104]
09-01 07:17:49.774 D/commandrouter(  803): SocServiceHandle::onTopicMessage, SoC Service = Accelerometer, appType = 20, type = TOPIC_START, seq = 0, payloadLen = 0, nanoseconds = 0, payload.size() = 0
09-01 07:17:49.774 D/commandrouter(  803): SocServiceHandle::onSubscribeTopic, SoC Service = Accelerometer, subscribing to topicName = msgs:sensors:Acc
09-01 07:17:49.816 D/commandrouter(  803): SocServiceHandle::onSubscribeTopic, SoC Service = Accelerometer, topic subscription successful. topicName = msgs:sensors:Acc, subscription ID = 19
09-01 07:17:49.816 D/commandrouter(  803): SocServiceHandle::onServiceMessage, SoC Service = Accelerometer, appType = 19, type = SVC_REQ, clientId = 0, token = 100, payloadLen = 60, result = 0, payload.size() = 60
09-01 07:17:49.841 D/commandrouter(  803): Accelerometer (19, merlot:msgs:control): <ServiceResponse> FORWARDED (remote -> local) CR token ID = 100, service client ID = 18, token ID = 1902, result = 0
09-01 07:17:50.499 W/Looper  ( 1460): Slow dispatch took 119ms android.ui h=com.android.server.am.ActivityManagerService$UiHandler c=null m=31
09-01 07:17:50.503 D/ConnectivityService( 1460): releasing NetworkRequest [ TRACK_DEFAULT id=129, [ Capabilities: INTERNET&NOT_RESTRICTED&TRUSTED Uid: 10077 AdministratorUids: [] RequestorUid: 10077 RequestorPackageName: com.facebook.wearable.apps.camera] ] (release request)
09-01 07:17:52.948 E/TaskPersister( 1460): File error accessing recents directory (directory doesn't exist?).
09-01 07:17:56.687 D/commandrouter(  803): rtc_sync (1, rtc:sync): <ServiceRequest> FORWARDED (remote -> local) service client ID = 0, token ID = 34939
09-01 07:17:56.689 D/commandrouter(  803): SocServiceHandle::onServiceMessage, SoC Service = rtc_sync, appType = 1, type = SVC_RESP, clientId = 0, token = 34939, payloadLen = 8, result = 0, payload.size() = 8
--------- beginning of main
09-01 07:18:01.540 D/SoLoader( 6292): About to merge: native-filters / libimagesmerged.so
09-01 07:18:01.581 D/UIAutomatorStub( 9123): URI: /jsonrpc/0, Method: POST, Header: {content-length=122, remote-addr=127.0.0.1, http-client-ip=127.0.0.1, host=localhost:9010, content-type=application/json, accept-encoding=identity}, params, {NanoHttpd.QUERY_STRING=null}, files: {postData={"jsonrpc": "2.0", "method": "swipe", "id": "cf00924ae1e42760cf2b15d6d6b5033c", "params": ["30", "300", "435", "300", 10]}}
09-01 07:18:01.684 W/bluelink(  803): [System] updateSmoothedTime: too early or too late; st=13581.753, rt=13587.153
09-01 07:18:01.891 I/chatty  ( 1149): uid=1047(cameraserver) CAM_MctServ_1 expire 156 lines
09-01 07:18:01.891 I/chatty  ( 1149): uid=1047(cameraserver) CAM_iface_ses expire 10 lines
09-01 07:18:01.926 I/chatty  ( 1149): uid=1047(cameraserver) provider@2.4-se expire 1 line
09-01 07:18:01.977 I/chatty  ( 1149): uid=1047(cameraserver) CAM_stMachine expire 9 lines
09-01 07:18:02.034 I/chatty  ( 1149): uid=1047(cameraserver) CAM_AECAWB expire 4 lines
09-01 07:18:02.045 I/chatty  ( 1149): uid=1047(cameraserver) CAM_AF expire 2 lines
09-01 07:18:02.067 I/chatty  ( 1149): uid=1047(cameraserver) CAM_iface_hw expire 24 lines
09-01 07:18:02.074 I/chatty  ( 1149): uid=1047(cameraserver) provider@2.4-se expire 1 line
09-01 07:18:02.081 I/chatty  ( 1149): uid=1047(cameraserver) provider@2.4-se expire 1 line
09-01 07:18:02.102 E/mm-camera( 1149): <STATS_AF ><ERROR> 3494: af_port_handle_sensor_update: Depth_Err: actuator sensitivity: 0.000000 is invalid
09-01 07:18:02.102 I/mm-camera( 1149): <CPP   >< INFO> 2395: cpp_module_handle_stream_cfg_event: frame_offset=3, input_fps=24.00, identity=0x1000f
09-01 07:18:02.103 I/mm-camera( 1149): <CPP   >< INFO> 2395: cpp_module_handle_stream_cfg_event: frame_offset=3, input_fps=24.00, identity=0x10002
09-01 07:18:02.103 I/mm-camera( 1149): <IFACE >< INFO> 1781: iface_streamon_to_thread: iface_streamon_to_thread: E, session id = 1, user stream id = 3
09-01 07:18:02.103 I/mm-camera( 1149): <IFACE >< INFO> 2128: iface_streamon: E, session_id 1 mct_stream_id = 3
09-01 07:18:02.103 I/mm-camera( 1149): <IFACE >< INFO> 12247: iface_util_get_user_streams_by_bundle: got No.2 bundled streamon, mct stream id 3total bundled stream num = 3
09-01 07:18:02.104 I/mm-camera( 1149): <ISP   >< INFO> 90: rs_stats44_stats_config_update: warning: max_support_h_rgn invalid 8
09-01 07:18:02.105 I/mm-camera( 1149): <IFACE >< INFO> 1810: iface_streamon_to_thread: iface_streamon_to_thread: X, session id = 1, user stream id = 3
09-01 07:18:02.106 I/mm-camera( 1149): <MCT   >< INFO> 4427: mct_pipeline_process_set:  STREAM-ON success for stream 0x10003, stream type=3
09-01 07:18:02.106 I/mm-camera( 1149): <MCT   >< INFO> 4247: mct_pipeline_process_set: command=8000008
09-01 07:18:02.106 I/mm-camera( 1149): <MCT   >< INFO> 4410: mct_pipeline_process_set:  STREAM-ON on stream 0x10004 stream type=11
09-01 07:18:02.106 I/mm-camera( 1149): <SENSOR>< INFO> 2804: sensor_set_resolution: Curr Res ID:0 New Res ID:0 New FPS 24.000000
09-01 07:18:02.106 I/mm-camera( 1149): <SENSOR>< INFO> 4460: sensor_get_resolution_info: sensor info: name: ov5675_aw05v04, res: 0, max_fps: 30.000000, w: 2592, h: 1944 op pix clk: 210000000, FLL: 2000, LLPCK: 750, mode: 1, PDAF support: 0
09-01 07:18:02.107 I/mm-camera( 1149): <STATS_AEC >< INFO> 2715: aec_set_param: SHDR LIMITS:0 0 (0 0) (0 0)
09-01 07:18:02.107 E/mm-camera( 1149): <STATS_AF ><ERROR> 3494: af_port_handle_sensor_update: Depth_Err: actuator sensitivity: 0.000000 is invalid
09-01 07:18:02.107 I/mm-camera( 1149): <CPP   >< INFO> 2395: cpp_module_handle_stream_cfg_event: frame_offset=3, input_fps=24.00, identity=0x1000f
09-01 07:18:02.107 I/mm-camera( 1149): <CPP   >< INFO> 2395: cpp_module_handle_stream_cfg_event: frame_offset=3, input_fps=24.00, identity=0x10002
09-01 07:18:02.108 I/mm-camera( 1149): <IFACE >< INFO> 1781: iface_streamon_to_thread: iface_streamon_to_thread: E, session id = 1, user stream id = 4
09-01 07:18:02.108 I/mm-camera( 1149): <IFACE >< INFO> 2128: iface_streamon: E, session_id 1 mct_stream_id = 4
09-01 07:18:02.108 I/mm-camera( 1149): <IFACE >< INFO> 12241: iface_util_get_user_streams_by_bundle: streamon, got all bundled streamon!
09-01 07:18:02.114 I/mm-camera( 1149): <ISP   >< INFO> 90: rs_stats44_stats_config_update: warning: max_support_h_rgn invalid 8
09-01 07:18:02.122 I/mm-camera( 1149): <ISP   >< INFO> 451: be_stats44_trigger_update: warning: Denomitor is zero hnum 0 vnum 0
09-01 07:18:02.123 I/mm-camera( 1149): <ISP   >< INFO> 539: isp_pipeline42_create_module_cfg_mask: invalid module id 42
09-01 07:18:02.123 I/mm-camera( 1149): <ISP   >< INFO> 539: isp_pipeline42_create_module_cfg_mask: invalid module id 43
09-01 07:18:02.412 I/mm-camera( 1149): <IFACE >< INFO> 2421: iface_streamon: X
09-01 07:18:02.413 I/mm-camera( 1149): <IFACE >< INFO> 1810: iface_streamon_to_thread: iface_streamon_to_thread: X, session id = 1, user stream id = 4
09-01 07:18:02.415 I/mm-camera( 1149): <MCT   >< INFO> 156: start_sof_check_thread: Starting SOF timeout thread session id =1
09-01 07:18:02.416 I/mm-camera( 1149): <MCT   >< INFO> 4427: mct_pipeline_process_set:  STREAM-ON success for stream 0x10004, stream type=11
09-01 07:18:02.421 I/QCamera ( 1149): <HAL><INFO> startPreview: 4263: X rc = 0
09-01 07:18:02.428 D/VIDHANCE_PARAMETERS( 1149): [VIDHANCE] vidhance::FeatureConfiguration vidhance::hal1::VidhanceParameters::extractFeatureConfiguration(const qcamera::QCameraParameters &) const: Video stabilization is: disabled
09-01 07:18:02.429 I/QCamera ( 1149): <HAL><INFO> setDualCameraMode: 16890: Dual Camera Mode 0, Dual CamId 0, Main Camera 0
09-01 07:18:02.456 I/mm-camera( 1149): <ISP   >< INFO> 1403: isp_handler_module_handle_reg_update:  Warning! Invalid reg_update state 0
09-01 07:18:02.567 D/GrallocWrapper( 1149): initialize : ION buffer b8 with size 8000 allocated
09-01 07:18:02.568 D/GrallocWrapper( 1149): initialize : ION buffer bc with size 8000 allocated
09-01 07:18:02.570 E/mm-camera( 1149): <STATS_Q3A ><ERROR> 241: q3a_aecawb_thread_en_q_msg: ERROR: Avoid self Deadlock, Not sending message to core
09-01 07:18:02.576 D/GrallocWrapper( 1149): initialize : ION buffer c0 with size 8000 allocated
09-01 07:18:02.576 I/mm-camera( 1149): <ISP   >< INFO> 451: be_stats44_trigger_update: warning: Denomitor is zero hnum 0 vnum 0
09-01 07:18:02.580 D/GrallocWrapper( 1149): initialize : ION buffer c4 with size 8000 allocated
09-01 07:18:02.588 I/QCamera ( 1149): <HAL><INFO> synchronous_stream_cb_routine: 767: [KPI Perf] : PROFILE_FIRST_PREVIEW_FRAME
09-01 07:18:02.589 E/QCamera ( 1149): <HAL><ERROR> perfHint: 335: lockacquired perfHintIntf()
09-01 07:18:02.591 E/ANDR-PERF-UTIL(  586): Failed to read /sys/devices/system/cpu/cpu0/cpufreq/schedutil/hispeed_load
09-01 07:18:02.591 E/ANDR-PERF-OPTSHANDLER(  586): Failed to read /sys/devices/system/cpu/cpu0/cpufreq/schedutil/hispeed_load
09-01 07:18:02.591 E/ANDR-PERF-RESOURCEQS(  586): Failed to apply optimization [5, 16]
09-01 07:18:02.592 E/ANDR-PERF-UTIL(  586): Failed to read /sys/devices/system/cpu/cpu0/cpufreq/schedutil/hispeed_freq
09-01 07:18:02.592 E/ANDR-PERF-OPTSHANDLER(  586): Failed to read /sys/devices/system/cpu/cpu0/cpufreq/schedutil/hispeed_freq
09-01 07:18:02.592 E/ANDR-PERF-RESOURCEQS(  586): Failed to apply optimization [5, 15]
09-01 07:18:02.616 D/GrallocWrapper( 1149): initialize : ION buffer c8 with size 8000 allocated
09-01 07:18:02.629 D/GrallocWrapper( 1149): initialize : ION buffer cc with size 8000 allocated
09-01 07:18:02.629 I/mm-camera( 1149): <CPP   >< INFO> 374: cpp_hardware_set_clock: Set clock 133333333 BW avg 18198756 BW inst 18198756
09-01 07:18:02.631 D/GrallocWrapper( 1149): initialize : ION buffer d0 with size 8000 allocated
09-01 07:18:02.649 D/GrallocWrapper( 1149): initialize : ION buffer d4 with size 8000 allocated
09-01 07:18:02.658 D/GrallocWrapper( 1149): initialize : ION buffer d8 with size 8000 allocated
09-01 07:18:02.660 D/GrallocWrapper( 1149): initialize : ION buffer dc with size 8000 allocated
09-01 07:18:02.692 D/GrallocWrapper( 1149): initialize : ION buffer e0 with size 8000 allocated
09-01 07:18:02.695 D/GrallocWrapper( 1149): initialize : ION buffer e4 with size 8000 allocated
09-01 07:18:02.712 D/GrallocWrapper( 1149): initialize : ION buffer e8 with size 8000 allocated
09-01 07:18:02.739 D/GrallocWrapper( 1149): initialize : ION buffer ec with size 8000 allocated
09-01 07:18:02.785 I/mm-camera( 1149): <ISP   >< INFO> 451: be_stats44_trigger_update: warning: Denomitor is zero hnum 0 vnum 0
09-01 07:18:03.201 I/chatty  ( 1149): uid=1047(cameraserver) CAM_isp_trigger identical 10 lines
09-01 07:18:03.243 I/mm-camera( 1149): <ISP   >< INFO> 451: be_stats44_trigger_update: warning: Denomitor is zero hnum 0 vnum 0
09-01 07:18:03.855 D/KeyguardUpdateMonitor( 2015): received broadcast android.intent.action.BATTERY_CHANGED
09-01 07:18:03.856 D/KeyguardUpdateMonitor( 2015): handleBatteryUpdate
09-01 07:18:06.680 W/bluelink(  803): [System] updateSmoothedTime: too early or too late; st=13586.752, rt=13592.149
09-01 07:18:06.681 D/commandrouter(  803): rtc_sync (1, rtc:sync): <ServiceRequest> FORWARDED (remote -> local) service client ID = 0, token ID = 34940
09-01 07:18:06.681 D/vendor.facebook.rtc_sync@1.0-service( 1013): Request req_ts=1630480686682152852 resp_ts=1630480686681664151
09-01 07:18:06.682 D/commandrouter(  803): SocServiceHandle::onServiceMessage, SoC Service = rtc_sync, appType = 1, type = SVC_RESP, clientId = 0, token = 34940, payloadLen = 8, result = 0, payload.size() = 8
09-01 07:18:08.944 D/UIAutomatorStub( 9123): URI: /jsonrpc/0, Method: POST, Header: {content-length=101, remote-addr=127.0.0.1, http-client-ip=127.0.0.1, host=localhost:9010, content-type=application/json, accept-encoding=identity}, params, {NanoHttpd.QUERY_STRING=null}, files: {postData={"jsonrpc": "2.0", "method": "click", "id": "889fc70b414ae323ea3c61737e0cc76d", "params": [435, 235]}}
09-01 07:18:09.006 D/InteractionController( 9123): clickNoSync (435, 235)
09-01 07:18:09.133 D/CompatibilityInfo( 1460): mCompatibilityFlags - 4
09-01 07:18:09.133 D/CompatibilityInfo( 1460): applicationDensity - 320
09-01 07:18:09.133 D/CompatibilityInfo( 1460): applicationScale - 1.0
09-01 07:18:09.196 I/SoundAndHapticsManager( 6059): onCreate()
09-01 07:18:09.197 I/HapticsManager( 6059): onCreate()
09-01 07:18:09.198 D/lofelt-sdk( 6059): Creating LofeltHaptics instance
09-01 07:18:09.231 D/vendor.oculus.vibrator(  584): Vibrator reporting capabilities: 5
09-01 07:18:09.351 D/VIDHANCE_PARAMETERS( 1149): [VIDHANCE] vidhance::FeatureConfiguration vidhance::hal1::VidhanceParameters::extractFeatureConfiguration(const qcamera::QCameraParameters &) const: Video stabilization is: disabled
09-01 07:18:09.357 I/QCamera ( 1149): <HAL><INFO> setDualCameraMode: 16890: Dual Camera Mode 0, Dual CamId 0, Main Camera 0
09-01 07:18:09.358 D/GrallocWrapper( 1149): initialize : ION buffer f4 with size 8000 allocated
09-01 07:18:09.435 D/VIDHANCE_PARAMETERS( 1149): [VIDHANCE] vidhance::FeatureConfiguration vidhance::hal1::VidhanceParameters::extractFeatureConfiguration(const qcamera::QCameraParameters &) const: Video stabilization is: disabled
09-01 07:18:09.438 I/QCamera ( 1149): <HAL><INFO> setDualCameraMode: 16890: Dual Camera Mode 0, Dual CamId 0, Main Camera 0
09-01 07:18:09.464 D/vendor.oculus.vibrator(  584): Vibrator reporting capabilities: 5
09-01 07:18:09.492 I/QCamera ( 1149): <HAL><INFO> take_picture: 952: [KPI Perf]: E PROFILE_TAKE_PICTURE camera id 1
09-01 07:18:09.492 I/QCamera ( 1149): <HAL><INFO> take_picture: 963: MakerNoteHelper enabled
09-01 07:18:09.505 D/vendor.oculus.vibrator(  584): Vibrator reporting capabilities: 5
09-01 07:18:09.518 D/vendor.oculus.vibrator(  584): Vibrator reporting capabilities: 5
09-01 07:18:09.549 E/android.hardware.camera.provider@2.4-service( 1149): ARC-HDRD:ERR: loading configuration XML! /data/misc/camera/HdrDetectParam.xml
09-01 07:18:09.550 E/android.hardware.camera.provider@2.4-service( 1149): ARC-HDRD: The tuning default values are used
09-01 07:18:09.551 E/VidhanceStabilizationRecorder( 1149): ARC-CONTROLLER: TUNE: HdrDetect Param: camera=0: Threshold=0.400000 MemSize=20971520 MaxAvgNum=1
09-01 07:18:09.556 D/vendor.oculus.vibrator(  584): Vibrator off
09-01 07:18:09.556 D/commandrouter(  803): SocServiceHandle::onServiceMessage, SoC Service = DA7282, appType = 1, type = SVC_REQ, clientId = 0, token = 445, payloadLen = 4, result = 0, payload.size() = 4
09-01 07:18:09.567 D/commandrouter(  803): DA7282 (1, haptic:vibrate): <ServiceResponse> FORWARDED (remote -> local) CR token ID = 445, service client ID = 28, token ID = 1903, result = 0
09-01 07:18:09.569 I/mcucapture(  961): 13556584 [info   ] {DS  }: [Data Server] Got request for data server: 2
09-01 07:18:09.647 D/vendor.oculus.vibrator(  584): Vibrator off
09-01 07:18:09.649 D/commandrouter(  803): SocServiceHandle::onServiceMessage, SoC Service = DA7282, appType = 1, type = SVC_REQ, clientId = 0, token = 446, payloadLen = 4, result = 0, payload.size() = 4
09-01 07:18:09.662 D/commandrouter(  803): DA7282 (1, haptic:vibrate): <ServiceResponse> FORWARDED (remote -> local) CR token ID = 446, service client ID = 28, token ID = 1904, result = 0
09-01 07:18:09.666 I/mcucapture(  961): 13556679 [info   ] {DS  }: [Data Server] Got request for data server: 2
09-01 07:18:09.673 D/vendor.oculus.vibrator(  584): Vibrator on for timeoutMs: 5
09-01 07:18:09.676 D/commandrouter(  803): SocServiceHandle::onServiceMessage, SoC Service = DA7282, appType = 1, type = SVC_REQ, clientId = 0, token = 447, payloadLen = 4, result = 0, payload.size() = 4
09-01 07:18:09.680 D/vendor.oculus.vibrator(  584): Vibrator set amplitude: 0.317647
09-01 07:18:09.682 D/commandrouter(  803): SocServiceHandle::onServiceMessage, SoC Service = DA7282, appType = 1, type = SVC_REQ, clientId = 0, token = 448, payloadLen = 4, result = 0, payload.size() = 4
09-01 07:18:09.689 E/mm-camera( 1149): <CPP   ><ERROR> 1673: cpp_hardware_process_frame: processing frame failed -11
09-01 07:18:09.690 E/mm-camera( 1149): <CPP   ><ERROR> 821: cpp_thread_handle_process_buf_event: [CPP_BUF:] dropped frame id=173 identity=0x10002, HAL buffer not enqueued
09-01 07:18:09.694 D/commandrouter(  803): DA7282 (1, haptic:vibrate): <ServiceResponse> FORWARDED (remote -> local) CR token ID = 447, service client ID = 28, token ID = 1905, result = 0
09-01 07:18:09.694 D/commandrouter(  803): DA7282 (1, haptic:vibrate): <ServiceResponse> FORWARDED (remote -> local) CR token ID = 448, service client ID = 28, token ID = 1906, result = 0
09-01 07:18:09.702 I/mcucapture(  961): 13556704 [info   ] {DS  }: [Data Server] Got request for data server: 2
09-01 07:18:09.702 I/mcucapture(  961): 13556711 [info   ] {DS  }: [Data Server] Got request for data server: 2
09-01 07:18:09.707 D/vendor.oculus.vibrator(  584): Vibrator off
09-01 07:18:09.708 D/commandrouter(  803): SocServiceHandle::onServiceMessage, SoC Service = DA7282, appType = 1, type = SVC_REQ, clientId = 0, token = 449, payloadLen = 4, result = 0, payload.size() = 4
09-01 07:18:09.718 D/commandrouter(  803): DA7282 (1, haptic:vibrate): <ServiceResponse> FORWARDED (remote -> local) CR token ID = 449, service client ID = 28, token ID = 1907, result = 0
09-01 07:18:09.719 I/mcucapture(  961): 13556735 [info   ] {DS  }: [Data Server] Got request for data server: 2
09-01 07:18:09.724 D/vendor.oculus.vibrator(  584): Vibrator off
09-01 07:18:09.726 D/commandrouter(  803): SocServiceHandle::onServiceMessage, SoC Service = DA7282, appType = 1, type = SVC_REQ, clientId = 0, token = 450, payloadLen = 4, result = 0, payload.size() = 4
09-01 07:18:09.736 D/commandrouter(  803): DA7282 (1, haptic:vibrate): <ServiceResponse> FORWARDED (remote -> local) CR token ID = 450, service client ID = 28, token ID = 1908, result = 0
09-01 07:18:09.738 I/mcucapture(  961): 13556754 [info   ] {DS  }: [Data Server] Got request for data server: 2
09-01 07:18:09.754 I/able.apps.mwea( 3417): Background concurrent copying GC freed 213681(10MB) AllocSpace objects, 104(2080KB) LOS objects, 71% free, 7449KB/25MB, paused 306us total 518.254ms
09-01 07:18:09.754 W/able.apps.mwea( 3417): Reducing the number of considered missed Gc histogram windows from 787 to 100
09-01 07:18:09.770 I/QCamera ( 1149): <HAL><INFO> handleHDRD: 603: [HDR Detection] Getting HDR detection decision with confidence 0.500000
09-01 07:18:09.775 I/mm-camera( 1149): <CPP   >< INFO> 3354: cpp_module_clock_bump: CLOCK bumped-up delay 1
09-01 07:18:09.776 I/QCamera ( 1149): <HAL><INFO> checkFeatureConcurrency: 5747: Advance feature enabled 0x0
09-01 07:18:09.776 I/QCamera ( 1149): <HAL><INFO> takePicture: 5467: snap count = 1 zsl = 1 advanced = 0, active camera:1 mMasterCamera:1
09-01 07:18:09.776 E/mm-camera( 1149): <CPP   ><ERROR> 1673: cpp_hardware_process_frame: processing frame failed -11
09-01 07:18:09.778 I/QCamera ( 1149): <HAL><INFO> takePicture: 5777: X rc = 0
09-01 07:18:09.779 I/QCamera ( 1149): <HAL><INFO> take_picture: 1076: [KPI Perf]: X ret = 0
09-01 07:18:09.779 I/mm-camera( 1149): <CPP   >< INFO> 374: cpp_hardware_set_clock: Set clock 160000000 BW avg 18957036 BW inst 18957036
09-01 07:18:09.780 E/mm-camera( 1149): <CPP   ><ERROR> 861: cpp_thread_handle_process_buf_event: [CPP_BUF:] Dropped 2 frames for identity 10002, HAL buffer not enqueued
09-01 07:18:09.793 I/QCamera ( 1149): <HAL><INFO> zsl_channel_cb: 174: [KPI Perf]: superbuf frame_idx 171
09-01 07:18:09.800 D/vendor.oculus.vibrator(  584): Vibrator off
09-01 07:18:09.802 D/commandrouter(  803): SocServiceHandle::onServiceMessage, SoC Service = DA7282, appType = 1, type = SVC_REQ, clientId = 0, token = 451, payloadLen = 4, result = 0, payload.size() = 4
09-01 07:18:09.809 I/mm-camera( 1149): <MCT   >< INFO> 4247: mct_pipeline_process_set: command=800000a
09-01 07:18:09.810 I/mm-camera( 1149): <MCT   >< INFO> 4247: mct_pipeline_process_set: command=8000018
09-01 07:18:09.810 I/mm-camera( 1149): <MCT   >< INFO> 655: mct_stream_start_link: Start linking offline stream 0x10005
09-01 07:18:09.810 I/mm-camera( 1149): <MCT   >< INFO> 726: mct_stream_start_link: iface=0x0, isp=0x0, pproc=0x99424f80, imglib=0x0
09-01 07:18:09.812 D/commandrouter(  803): DA7282 (1, haptic:vibrate): <ServiceResponse> FORWARDED (remote -> local) CR token ID = 451, service client ID = 28, token ID = 1909, result = 0
09-01 07:18:09.818 I/mm-camera( 1149): <PPROC >< INFO> 449: pproc_port_add_modules_to_stream: in identity 10005 stream 9 int_link = 0x990c2580
09-01 07:18:09.818 I/mm-camera( 1149): <PPROC >< INFO> 461: pproc_port_add_modules_to_stream: :LINK linking mods tmod and cpp for identity 10005
09-01 07:18:09.819 I/mcucapture(  961): 13556829 [info   ] {DS  }: [Data Server] Got request for data server: 2
09-01 07:18:09.820 I/mm-camera( 1149): <CPP   >< INFO> 3712: cpp_module_util_update_dim: offset_x 0, offset_y 0, offset 0, meta_len 0,meta_scanline 0, meta_stride 0, plane_len 3936256
09-01 07:18:09.820 I/mm-camera( 1149): <CPP   >< INFO> 3712: cpp_module_util_update_dim: offset_x 0, offset_y 0, offset 0, meta_len 0,meta_scanline 0, meta_stride 0, plane_len 1968128
09-01 07:18:09.820 I/mm-camera( 1149): <CPP   >< INFO> 2538: cpp_module_notify_add_stream: :stream 9, width 1944, height 1944, stride 1984,scanline 1984, framelen 5906432
09-01 07:18:09.821 I/mm-camera( 1149): <CPP   >< INFO> 2695: cpp_module_notify_add_stream: : stream 9, fmt 2, asf_mode 0, sharpness_level 0.000000,asf mask 1, denoise 0, denoise_mask 1, dsdn mask 0,dsdn enable 0, tnr mask 0, tnr enable 0, ds_mask 0, luma dsdn 0
09-01 07:18:09.821 I/mm-camera( 1149): <MCT   >< INFO> 824: mct_stream_start_link: Linking single module
09-01 07:18:09.821 I/mm-camera( 1149): <MCT   >< INFO> 832: mct_stream_start_link: single_module=0x99424f80
09-01 07:18:09.821 I/mm-camera( 1149): <MCT   >< INFO> 4345: mct_pipeline_process_set: Linking successful for stream 0x10005 stream type=9
09-01 07:18:09.822 I/mm-camera( 1149): <MCT   >< INFO> 4247: mct_pipeline_process_set: command=8000004
09-01 07:18:09.876 I/mm-camera( 1149): <MCT   >< INFO> 4247: mct_pipeline_process_set: command=8000008
09-01 07:18:09.877 I/mm-camera( 1149): <MCT   >< INFO> 4410: mct_pipeline_process_set:  STREAM-ON on stream 0x10005 stream type=9
09-01 07:18:09.878 I/mm-camera( 1149): <CPP   >< INFO> 4746: cpp_module_handle_streamon_event: identity=0x10005, stream-on done
09-01 07:18:09.878 I/mm-camera( 1149): <MCT   >< INFO> 4427: mct_pipeline_process_set:  STREAM-ON success for stream 0x10005, stream type=9
09-01 07:18:09.880 I/mm-camera( 1149): <CPP   >< INFO> 374: cpp_hardware_set_clock: Set clock 320000000 BW avg 86223200 BW inst 86223200
09-01 07:18:09.882 I/QCamera ( 1149): <HAL><INFO> getJpegEncodingConfig: 698: Src Buffer cnt = 1, res = 1944X1944 len = 5906432 rot = 0 src_dim = 1944X1944 dst_dim = 1944X1944
09-01 07:18:09.896 I/qomx_image_core( 1149): OMX_GetHandle:243] get instance pts is 0x966e6e00
09-01 07:18:09.911 I/QCamera ( 1149): <HAL><INFO> doReprocess: 1868: Online reprocessing id = 171 buf Id = 3 meta index = 0 type = 3
09-01 07:18:09.911 I/mm-camera( 1149): <MCT   >< INFO> 4247: mct_pipeline_process_set: command=8000019
09-01 07:18:09.914 I/mm-camera( 1149): <CPP   >< INFO> 3712: cpp_module_util_update_dim: offset_x 0, offset_y 0, offset 0, meta_len 0,meta_scanline 0, meta_stride 0, plane_len 3936256
09-01 07:18:09.914 I/mm-camera( 1149): <CPP   >< INFO> 3712: cpp_module_util_update_dim: offset_x 0, offset_y 0, offset 0, meta_len 0,meta_scanline 0, meta_stride 0, plane_len 1968128
09-01 07:18:09.914 I/mm-camera( 1149): <CPP   >< INFO> 1110: cpp_module_handle_isp_out_dim_event: [STREAM_PARAMS]  stream type 9, width 1944, height 1944,stride 1984, scanline 1984, planes 2
09-01 07:18:09.915 I/mm-camera( 1149): <PPROC >< INFO> 2061: pproc_module_handle_reprocess_online: input buf index 3 input stream id 3, frame id 171, identity 10005
09-01 07:18:09.918 I/mm-camera( 1149): <CPP   >< INFO> 374: cpp_hardware_set_clock: Set clock 320000000 BW avg 154247648 BW inst 154247648
09-01 07:18:09.942 D/qomx_image_core( 1149): OMX_GetHandle:261] handle = 0x966e6e04 Instanceindex = 1,comp_idx 0 g_ptr 0x96e68400
09-01 07:18:09.942 I/qomx_image_core( 1149): OMX_GetHandle:267] Success
09-01 07:18:09.956 I/QCamera ( 1149): <HAL><INFO> postproc_channel_cb_routine: 708: [KPI Perf]: frame_idx 171
09-01 07:18:09.975 D/NuPlayerDriver(  910): NuPlayerDriver(0xa2acab00) created, clientPid(864)
09-01 07:18:10.250 W/CAM_DataProc( 1149): type=1400 audit(0.0:1822): avc: denied { read } for name="u:object_r:vendor_system_prop:s0" dev="tmpfs" ino=10949 scontext=u:r:hal_camera_default:s0 tcontext=u:object_r:vendor_system_prop:s0 tclass=file permissive=0
09-01 07:18:10.258 E/libc    ( 1149): Access denied finding property "persist.vendor.sys.exif.make"
09-01 07:18:10.258 E/libc    ( 1149): Access denied finding property "persist.vendor.sys.exif.model"
09-01 07:18:10.258 I/QCamera ( 1149): <HAL><INFO> encodeData: 3182: Main image idx = 0 src w/h (1944x1944), dst w/h (1944x1944) rot = 0
09-01 07:18:10.261 I/QCamera ( 1149): <HAL><INFO> encodeData: 3356: [KPI Perf] : PROFILE_JPEG_JOB_START
09-01 07:18:10.250 W/CAM_DataProc( 1149): type=1400 audit(0.0:1823): avc: denied { read } for name="u:object_r:vendor_system_prop:s0" dev="tmpfs" ino=10949 scontext=u:r:hal_camera_default:s0 tcontext=u:object_r:vendor_system_prop:s0 tclass=file permissive=0
09-01 07:18:10.283 E/mm-still( 1149): startEncode:556] startEncode()
09-01 07:18:10.290 I/jpeg_hw ( 1149): jpege_lib_hw_fe_buffer_cfg:305] w 1944 h 1944 stride 1984 scanline 1984
09-01 07:18:10.337 E/mm-still( 1149): ExtractAFData:527] [MOBICAT_DBG] AF size invalid, not adding to stats debug header
09-01 07:18:10.337 E/mm-still( 1149): [MOBICAT_DBG] BE Stats size invalid, not adding to stats debug header
09-01 07:18:10.352 I/QCamera ( 1149): <JPEG><INFO> mm_jpeg_fbd: 3586: count 0 
09-01 07:18:10.352 I/QCamera ( 1149): <JPEG><INFO> mm_jpeg_fbd: 3587: KPI Perf] : PROFILE_JPEG_FBD
09-01 07:18:10.353 I/QCamera ( 1149): <HAL><INFO> processJpegEvt: 1458: Received jpeg job job_id: 16777216. Send to app layer: 1
09-01 07:18:10.353 I/QCamera ( 1149): <HAL><INFO> processJpegEvt: 1465: [KPI Perf]: PROFILE_JPEG_CB
09-01 07:18:10.392 I/MMParserExtractor(  896): Created(0x9909ed80)
09-01 07:18:10.407 E/Utils   (  896): did not find channel-count and/or sample-rate
09-01 07:18:10.408 E/Utils   (  896): did not find channel-count and/or sample-rate
09-01 07:18:10.426 D/MediaBufferGroup(  896): creating MemoryDealer
09-01 07:18:10.431 I/GenericSource(  910): start
09-01 07:18:10.434 W/Utils   (  910): track of type 'audio/vorbis' does not publish channel mask, channel count 1
09-01 07:18:10.448 I/QCamera ( 1149): <HAL><INFO> cbNotifyRoutine: 3951: Num Snapshots Received = 1 Expected = 1
09-01 07:18:10.448 I/QCamera ( 1149): <HAL><INFO> cbNotifyRoutine: 3954: Received all snapshots
09-01 07:18:10.455 V/qomx_image_core( 1149): OMX_FreeHandle:338] 
09-01 07:18:10.455 D/qomx_image_core( 1149): get_idx_from_handle:297] comp_idx 0 inst_idx 1
09-01 07:18:10.456 I/qomx_image_core( 1149): OMX_FreeHandle:370] Error Component is still Active
09-01 07:18:10.456 V/qomx_image_core( 1149): OMX_FreeHandle:373] Success
09-01 07:18:10.463 I/mm-camera( 1149): <MCT   >< INFO> 4247: mct_pipeline_process_set: command=8000009
09-01 07:18:10.463 I/mm-camera( 1149): <MCT   >< INFO> 4410: mct_pipeline_process_set:  STREAM-OFF on stream 0x10005 stream type=9
09-01 07:18:10.463 I/mm-camera( 1149): <CPP   >< INFO> 4821: cpp_module_handle_streamoff_event: info: doing stream-off for identity 0x10005
09-01 07:18:10.463 E/mm-camera( 1149): <CPP   ><ERROR> 863: cpp_hardware_process_streamoff: valid = false
09-01 07:18:10.472 I/mm-camera( 1149): <CPP   >< INFO> 5019: cpp_module_handle_streamoff_event: info: stream-off done for identity 0x10005 rc:0
09-01 07:18:10.473 I/mm-camera( 1149): <MCT   >< INFO> 4427: mct_pipeline_process_set:  STREAM-OFF success for stream 0x10005, stream type=9
09-01 07:18:10.477 I/mm-camera( 1149): <MCT   >< INFO> 4247: mct_pipeline_process_set: command=800000b
09-01 07:18:10.477 I/mm-camera( 1149): <CPP   >< INFO> 374: cpp_hardware_set_clock: Set clock 133333333 BW avg 18198756 BW inst 18198756
09-01 07:18:10.477 I/mm-camera( 1149): <MCT   >< INFO> 4492: mct_pipeline_process_set: Issuing DEL_STREAM on stream 0x10005 and stream type=9
09-01 07:18:10.477 I/mm-camera( 1149): <MCT   >< INFO> 4515: mct_pipeline_process_set: Stream 0x10005 and stream type=9, successfully deleted
09-01 07:18:10.517 W/Utils   (  910): track of type 'audio/vorbis' does not publish channel mask, channel count 1
09-01 07:18:10.542 V/ExifUtil( 6292): Orientation not found
09-01 07:18:10.557 D/audio_hw_primary(  562): adev_get_parameters:is_hw_dec_session_available
09-01 07:18:10.558 D/soundtrigger(  562): audio_extn_sound_trigger_get_parameters input string<is_hw_dec_session_available=>
09-01 07:18:10.558 D/soundtrigger(  562): extract_sm_handle input string <is_hw_dec_session_available=> param string <is_hw_dec_session_available=>
09-01 07:18:10.558 D/audio_hw_extn(  562): audio_extn_get_parameters: returns 
09-01 07:18:10.574 I/hash_map_utils(  625): key: 'is_hw_dec_session_available' value: 'audio/vorbis'
09-01 07:18:10.606 D/CCodec  (  910): allocate(c2.android.vorbis.decoder)
09-01 07:18:10.739 I/CCodec  (  910): Created component [c2.android.vorbis.decoder]
09-01 07:18:10.744 D/CCodecConfig(  910): read media type: audio/vorbis
09-01 07:18:10.749 D/commandrouter(  803): sleep (1, sleep:data): <ServiceRequest> FORWARDED (remote -> local) service client ID = 1, token ID = 34941
09-01 07:18:10.751 D/OTTS_sleep_jni( 2654): Unpacked SleepDataUpdateRequest.
09-01 07:18:10.751 D/OTTS_sleep_jni( 2654): Received SleepDataRequest with OTT of size 64
09-01 07:18:10.751 D/OTTS_sleep_jni( 2654): Calling sleep data callback...
09-01 07:18:10.752 D/OTTS_sleep_jni( 2654): Calling Java sleep callback for OTT data.
09-01 07:18:10.753 D/OTTS_OTTDataHandler( 2654): Got new OTT data of length: 64 at time 0
09-01 07:18:10.753 D/OTTS_OTTDataHandler( 2654): Sending OTT to Delegation
09-01 07:18:10.753 D/ReflectedParamUpdater(  910): extent() != 1 for single value type: algo.buffers.max-count.values
09-01 07:18:10.755 D/ReflectedParamUpdater(  910): extent() != 1 for single value type: output.subscribed-indices.values
09-01 07:18:10.755 D/ReflectedParamUpdater(  910): extent() != 1 for single value type: input.buffers.allocator-ids.values
09-01 07:18:10.756 D/ReflectedParamUpdater(  910): extent() != 1 for single value type: output.buffers.allocator-ids.values
09-01 07:18:10.756 D/ReflectedParamUpdater(  910): extent() != 1 for single value type: algo.buffers.allocator-ids.values
09-01 07:18:10.757 D/ReflectedParamUpdater(  910): extent() != 1 for single value type: output.buffers.pool-ids.values
09-01 07:18:10.757 D/ReflectedParamUpdater(  910): extent() != 1 for single value type: algo.buffers.pool-ids.values
09-01 07:18:10.781 I/CCodecConfig(  910): query failed after returning 7 values (BAD_INDEX)
09-01 07:18:10.781 D/CCodecConfig(  910): c2 config diff is Dict {
09-01 07:18:10.781 D/CCodecConfig(  910):   c2::u32 coded.bitrate.value = 64000
09-01 07:18:10.781 D/CCodecConfig(  910):   c2::u32 input.buffers.max-size.value = 32768
09-01 07:18:10.781 D/CCodecConfig(  910):   c2::u32 input.delay.value = 0
09-01 07:18:10.781 D/CCodecConfig(  910):   string input.media-type.value = "audio/vorbis"
09-01 07:18:10.781 D/CCodecConfig(  910):   string output.media-type.value = "audio/raw"
09-01 07:18:10.781 D/CCodecConfig(  910):   c2::u32 raw.channel-count.value = 1
09-01 07:18:10.781 D/CCodecConfig(  910):   c2::u32 raw.sample-rate.value = 48000
09-01 07:18:10.781 D/CCodecConfig(  910): }
09-01 07:18:10.786 D/CCodec  (  910): [c2.android.vorbis.decoder] buffers are bound to CCodec for this session
09-01 07:18:10.786 D/CCodecConfig(  910): no c2 equivalents for durationUs
09-01 07:18:10.786 D/CCodecConfig(  910): no c2 equivalents for csd-1
09-01 07:18:10.786 D/CCodecConfig(  910): no c2 equivalents for language
09-01 07:18:10.786 D/CCodecConfig(  910): no c2 equivalents for file-format
09-01 07:18:10.786 D/CCodecConfig(  910): no c2 equivalents for flags
09-01 07:18:10.792 D/CCodecConfig(  910): config failed => CORRUPTED
09-01 07:18:10.793 D/CCodecConfig(  910): c2 config diff is   c2::u32 raw.sample-rate.value = 44100
09-01 07:18:10.801 W/Codec2Client(  910): query -- param skipped: index = 1107298332.
09-01 07:18:10.801 D/CCodec  (  910): setup formats input: AMessage(what = 0x00000000) = {
09-01 07:18:10.801 D/CCodec  (  910):   int32_t channel-count = 1
09-01 07:18:10.801 D/CCodec  (  910):   int32_t max-input-size = 65307
09-01 07:18:10.801 D/CCodec  (  910):   string mime = "audio/vorbis"
09-01 07:18:10.801 D/CCodec  (  910):   int32_t sample-rate = 44100
09-01 07:18:10.801 D/CCodec  (  910): } and output: AMessage(what = 0x00000000) = {
09-01 07:18:10.801 D/CCodec  (  910):   int32_t channel-count = 1
09-01 07:18:10.801 D/CCodec  (  910):   string mime = "audio/raw"
09-01 07:18:10.801 D/CCodec  (  910):   int32_t sample-rate = 44100
09-01 07:18:10.801 D/CCodec  (  910): }
09-01 07:18:10.805 I/MediaCodec(  910): MediaCodec will operate in async mode
09-01 07:18:10.814 W/Codec2Client(  910): query -- param skipped: index = 1342179345.
09-01 07:18:10.814 W/Codec2Client(  910): query -- param skipped: index = 2415921170.
09-01 07:18:10.825 E/FMQ     (  910): grantorIdx must be less than 3
09-01 07:18:10.826 E/FMQ     (  910): grantorIdx must be less than 3
09-01 07:18:10.826 D/BufferPoolAccessor2.0(  910): bufferpool2 0xa2a1cc98 : 4(261228 size) total buffers - 4(261228 size) used buffers - 69/77 (recycle/alloc) - 8/144 (fetch/transfer)
09-01 07:18:10.827 D/BufferPoolAccessor2.0(  910): bufferpool2 0xa2a1e1d8 : 4(261228 size) total buffers - 4(261228 size) used buffers - 68/76 (recycle/alloc) - 8/144 (fetch/transfer)
09-01 07:18:10.827 D/BufferPoolAccessor2.0(  910): bufferpool2 0xa2a1f358 : 4(261228 size) total buffers - 4(261228 size) used buffers - 69/77 (recycle/alloc) - 8/144 (fetch/transfer)
09-01 07:18:10.828 D/BufferPoolAccessor2.0(  910): bufferpool2 0xa2a20b18 : 4(261228 size) total buffers - 4(261228 size) used buffers - 66/74 (recycle/alloc) - 8/144 (fetch/transfer)
09-01 07:18:10.828 D/BufferPoolAccessor2.0(  910): bufferpool2 0xa2a20258 : 4(261228 size) total buffers - 4(261228 size) used buffers - 66/74 (recycle/alloc) - 8/144 (fetch/transfer)
09-01 07:18:10.828 D/BufferPoolAccessor2.0(  910): bufferpool2 0xa2a20ed8 : 4(261228 size) total buffers - 4(261228 size) used buffers - 67/75 (recycle/alloc) - 8/144 (fetch/transfer)
09-01 07:18:10.829 D/BufferPoolAccessor2.0(  910): bufferpool2 0xa17d6798 : 4(261228 size) total buffers - 4(261228 size) used buffers - 67/75 (recycle/alloc) - 8/144 (fetch/transfer)
09-01 07:18:10.829 D/BufferPoolAccessor2.0(  910): bufferpool2 0xa17d6dd8 : 4(261228 size) total buffers - 4(261228 size) used buffers - 67/75 (recycle/alloc) - 8/144 (fetch/transfer)
09-01 07:18:10.829 D/BufferPoolAccessor2.0(  910): bufferpool2 0xa17d7418 : 4(261228 size) total buffers - 4(261228 size) used buffers - 66/74 (recycle/alloc) - 8/144 (fetch/transfer)
09-01 07:18:10.829 D/BufferPoolAccessor2.0(  910): bufferpool2 0xa17d7a58 : 4(261228 size) total buffers - 4(261228 size) used buffers - 68/76 (recycle/alloc) - 8/144 (fetch/transfer)
09-01 07:18:10.830 D/BufferPoolAccessor2.0(  910): bufferpool2 0xa17d8098 : 4(261228 size) total buffers - 4(261228 size) used buffers - 68/76 (recycle/alloc) - 8/144 (fetch/transfer)
09-01 07:18:10.830 D/BufferPoolAccessor2.0(  910): bufferpool2 0xa17d86d8 : 4(261228 size) total buffers - 4(261228 size) used buffers - 66/74 (recycle/alloc) - 8/144 (fetch/transfer)
09-01 07:18:10.830 D/BufferPoolAccessor2.0(  910): bufferpool2 0xa17d8d18 : 4(261228 size) total buffers - 4(261228 size) used buffers - 66/74 (recycle/alloc) - 8/144 (fetch/transfer)
09-01 07:18:10.830 D/BufferPoolAccessor2.0(  910): bufferpool2 0xa17d9358 : 4(261228 size) total buffers - 4(261228 size) used buffers - 68/76 (recycle/alloc) - 8/144 (fetch/transfer)
09-01 07:18:10.832 D/CCodecBufferChannel(  910): [c2.android.vorbis.decoder#82] Created input block pool with allocatorID 16 => poolID 62 - OK (0)
09-01 07:18:10.832 D/BufferPoolAccessor2.0(  970): bufferpool2 0x92f2ce58 : 0(0 size) total buffers - 0(0 size) used buffers - 33/36 (recycle/alloc) - 3/35 (fetch/transfer)
09-01 07:18:10.832 D/BufferPoolAccessor2.0(  970): bufferpool2 0x931e4bd8 : 0(0 size) total buffers - 0(0 size) used buffers - 38/42 (recycle/alloc) - 4/41 (fetch/transfer)
09-01 07:18:10.850 D/BufferPoolAccessor2.0(  970): Destruction - bufferpool2 0x931e4bd8 cached: 0/0M, 0/0% in use; allocs: 42, 90% recycled; transfers: 41, 90% unfetched
09-01 07:18:10.850 D/BufferPoolAccessor2.0(  970): Destruction - bufferpool2 0x92f2ce58 cached: 0/0M, 0/0% in use; allocs: 36, 92% recycled; transfers: 35, 91% unfetched
09-01 07:18:10.853 E/FMQ     (  970): grantorIdx must be less than 3
09-01 07:18:10.854 E/FMQ     (  970): grantorIdx must be less than 3
09-01 07:18:10.854 D/BufferPoolAccessor2.0(  970): bufferpool2 0x93801598 : 0(0 size) total buffers - 0(0 size) used buffers - 66/70 (recycle/alloc) - 4/69 (fetch/transfer)
09-01 07:18:10.854 D/BufferPoolAccessor2.0(  970): bufferpool2 0x93802718 : 0(0 size) total buffers - 0(0 size) used buffers - 66/70 (recycle/alloc) - 4/69 (fetch/transfer)
09-01 07:18:10.855 D/BufferPoolAccessor2.0(  970): bufferpool2 0x93802358 : 0(0 size) total buffers - 0(0 size) used buffers - 66/70 (recycle/alloc) - 5/69 (fetch/transfer)
09-01 07:18:10.855 D/BufferPoolAccessor2.0(  970): bufferpool2 0x931e2018 : 0(0 size) total buffers - 0(0 size) used buffers - 66/70 (recycle/alloc) - 4/69 (fetch/transfer)
