09-01 07:24:35.673 D/Avrcp_ext( 1994): update #4:MediaPlayerInfo com.facebook.wearable.apps.player (as 'Spotify') Type = 1, SubType = 0, Status = 1 Feature Bits [40 41 42 44 45 47 48 58] Controller: MediaController (com.facebook.wearable.apps.player@8f56ea7) PICK IT UP (feat. A$AP Rocky), Famous Dex, null
09-01 07:24:35.673 V/Avrcp_ext( 1994): updateNewIds: Addressed:4 to 4, Browse:0 to 0
09-01 07:24:35.674 D/Avrcp_ext( 1994): updateCurrentController: MediaController (com.facebook.wearable.apps.player@8f56ea7) PICK IT UP (feat. A$AP Rocky), Famous Dex, null to MediaController (com.facebook.wearable.apps.player@8f56ea7) PICK IT UP (feat. A$AP Rocky), Famous Dex, null
09-01 07:24:35.675 V/Avrcp_ext( 1994): updateCurrentMediaState: mMediaController: MediaController (com.facebook.wearable.apps.player@8f56ea7) PICK IT UP (feat. A$AP Rocky), Famous Dex, null
09-01 07:24:35.676 V/Avrcp_ext( 1994): isMusicActive: true getBluetoothPlayState: 1
09-01 07:24:35.677 V/Avrcp_ext( 1994): updateCurrentMediaState: get media attributes: 
09-01 07:24:35.677 D/Avrcp_ext( 1994):  albumName :Pick It Up (feat. A$AP Rocky) device :null
09-01 07:24:35.678 V/Avrcp_ext( 1994): Media update: id -1➡-1? [MediaAttributes: PICK IT UP (feat. A$AP Rocky) - Pick It Up (feat. A$AP Rocky) by Famous Dex (191251 0/0) ] : [MediaAttributes: PICK IT UP (feat. A$AP Rocky) - Pick It Up (feat. A$AP Rocky) by Famous Dex (191251 0/0) ]
09-01 07:24:35.679 D/Avrcp_ext( 1994): isPackageNameValid: browsedPackage = com.facebook.wearable.apps.playerisValid = true
09-01 07:24:35.679 V/Avrcp_ext( 1994): isBrowseSupported for com.facebook.wearable.apps.player: false
09-01 07:24:35.679 V/Avrcp_ext( 1994): newPlayStatus:1mReportedPlayStatus:-1
09-01 07:24:35.679 V/Avrcp_ext( 1994): updatePlaybackState, state: PlaybackState {state=3, position=4258, buffered position=0, speed=1.0, updated=13969672, actions=546, custom actions=[], active item id=-1, error=null} device: null
09-01 07:24:35.679 V/Avrcp_ext( 1994): Device: no name: 
09-01 07:24:35.681 I/chatty  ( 1994): uid=1002(bluetooth) com.android.bluetooth identical 3 lines
09-01 07:24:35.681 V/Avrcp_ext( 1994): Device: no name: 
09-01 07:24:35.682 V/Avrcp_ext( 1994): updatePlayerStateAndPosition, old=PlaybackState {state=3, position=1977, buffered position=0, speed=1.0, updated=13967391, actions=546, custom actions=[], active item id=-1, error=null}, state=PlaybackState {state=3, position=4258, buffered position=0, speed=1.0, updated=13969672, actions=546, custom actions=[], active item id=-1, error=null}
09-01 07:24:35.682 V/Avrcp_ext( 1994): old state = PlaybackState {state=3, position=1977, buffered position=0, speed=1.0, updated=13967391, actions=546, custom actions=[], active item id=-1, error=null}, new state= PlaybackState {state=3, position=4258, buffered position=0, speed=1.0, updated=13969672, actions=546, custom actions=[], active item id=-1, error=null}
09-01 07:24:35.682 D/HeadsetService( 1994): getHeadsetService(): returning com.android.bluetooth.hfp.HeadsetService@476ddce
09-01 07:24:35.689 W/BroadcastQueue( 1460): Background execution not allowed: receiving Intent { act=android.intent.action.PACKAGE_ADDED dat=package:com.github.uiautomator.test flg=0x4000010 (has extras) } to com.android.gallery3d/.app.PackagesMonitor
09-01 07:24:35.690 W/BroadcastQueue( 1460): Background execution not allowed: receiving Intent { act=android.intent.action.PACKAGE_ADDED dat=package:com.github.uiautomator.test flg=0x4000010 (has extras) } to com.facebook.wearable.system.appmanager/com.facebook.aloha.app.appmanager.common.packages.event.manifest.ManifestPackageEventReceiver
09-01 07:24:35.691 I/InputReader( 1460): Reconfiguring input devices, changes=KEYBOARD_LAYOUTS | 
09-01 07:24:35.692 D/HeadsetService( 1994):  isAudioOn: The number of audio connected devices 0
09-01 07:24:35.692 D/HeadsetService( 1994): isScoOrCallActive(): Call Active:falseCall is Ringing:falseSCO is Active:false
09-01 07:24:35.693 D/HeadsetService( 1994):  isAudioOn: The number of audio connected devices 0
09-01 07:24:35.693 V/Avrcp_ext( 1994): isPlayStateTobeUpdated: device: null
09-01 07:24:35.693 V/Avrcp_ext( 1994): Single connection exists
09-01 07:24:35.693 W/BroadcastQueue( 1460): Background execution not allowed: receiving Intent { act=android.intent.action.PACKAGE_REPLACED dat=package:com.github.uiautomator.test flg=0x4000010 (has extras) } to com.facebook.wearable.system.appmanager/com.facebook.aloha.app.appmanager.common.packages.event.manifest.ManifestPackageEventReceiver
09-01 07:24:35.694 D/HeadsetService( 1994):  isAudioOn: The number of audio connected devices 0
09-01 07:24:35.694 D/HeadsetService( 1994): isScoOrCallActive(): Call Active:falseCall is Ringing:falseSCO is Active:false
09-01 07:24:35.694 D/HeadsetService( 1994):  isAudioOn: The number of audio connected devices 0
09-01 07:24:35.694 V/Avrcp_ext( 1994): isPlayStateTobeUpdated: device: null
09-01 07:24:35.695 V/Avrcp_ext( 1994): Single connection exists
09-01 07:24:35.695 D/HeadsetService( 1994):  isAudioOn: The number of audio connected devices 0
09-01 07:24:35.695 D/HeadsetService( 1994): isScoOrCallActive(): Call Active:falseCall is Ringing:falseSCO is Active:false
09-01 07:24:35.696 D/HeadsetService( 1994):  isAudioOn: The number of audio connected devices 0
09-01 07:24:35.696 V/Avrcp_ext( 1994): isPlayStateTobeUpdated: device: null
09-01 07:24:35.696 V/Avrcp_ext( 1994): Single connection exists
09-01 07:24:35.697 W/Searchables( 1460): No global search activity found
09-01 07:24:35.698 D/HeadsetService( 1994):  isAudioOn: The number of audio connected devices 0
09-01 07:24:35.698 D/HeadsetService( 1994): isScoOrCallActive(): Call Active:falseCall is Ringing:falseSCO is Active:false
09-01 07:24:35.700 D/AF::TrackHandle(  625): OpPlayAudio: track:88 usage:3 not muted
09-01 07:24:35.701 D/HeadsetService( 1994):  isAudioOn: The number of audio connected devices 0
09-01 07:24:35.701 V/Avrcp_ext( 1994): isPlayStateTobeUpdated: device: null
09-01 07:24:35.701 V/Avrcp_ext( 1994): Single connection exists
09-01 07:24:35.701 D/HeadsetService( 1994):  isAudioOn: The number of audio connected devices 0
09-01 07:24:35.701 D/HeadsetService( 1994): isScoOrCallActive(): Call Active:falseCall is Ringing:falseSCO is Active:false
09-01 07:24:35.702 D/HeadsetService( 1994):  isAudioOn: The number of audio connected devices 0
09-01 07:24:35.702 V/Avrcp_ext( 1994): isPlayStateTobeUpdated: device: null
09-01 07:24:35.702 V/Avrcp_ext( 1994): Single connection exists
09-01 07:24:35.702 D/Avrcp_ext( 1994): Enter sendPlayPosNotificationRsp
09-01 07:24:35.702 D/Avrcp_ext( 1994): sendPlayPosNotificationRsp: Not registered or requesting.
09-01 07:24:35.702 D/Avrcp_ext( 1994): Enter sendPlayPosNotificationRsp
09-01 07:24:35.702 D/Avrcp_ext( 1994): sendPlayPosNotificationRsp: Not registered or requesting.
09-01 07:24:35.702 D/Avrcp_ext( 1994): Enter sendPlayPosNotificationRsp
09-01 07:24:35.702 D/Avrcp_ext( 1994): sendPlayPosNotificationRsp: Not registered or requesting.
09-01 07:24:35.702 D/Avrcp_ext( 1994): Enter sendPlayPosNotificationRsp
09-01 07:24:35.702 D/Avrcp_ext( 1994): sendPlayPosNotificationRsp: Not registered or requesting.
09-01 07:24:35.702 D/Avrcp_ext( 1994): Enter sendPlayPosNotificationRsp
09-01 07:24:35.703 D/Avrcp_ext( 1994): sendPlayPosNotificationRsp: Not registered or requesting.
09-01 07:24:35.703 V/Avrcp_ext( 1994): Exit updatePlayerStateAndPosition
09-01 07:24:35.703 D/Avrcp_ext( 1994): Added MediaPlayerController/MediaPlayerPackage
09-01 07:24:35.703 V/Avrcp_ext( 1994): getMediaPlayerInfo: Found com.facebook.wearable.apps.workout
09-01 07:24:35.703 V/Avrcp_ext( 1994): isBrowseSupported for com.facebook.wearable.apps.workout: false
09-01 07:24:35.705 D/Avrcp_ext( 1994): Adding media player info for com.facebook.wearable.apps.workout with id 5
09-01 07:24:35.705 D/Avrcp_ext( 1994): update #5:MediaPlayerInfo com.facebook.wearable.apps.workout (as 'Workout') Type = 1, SubType = 0, Status = 0 Feature Bits [40 41 42 44 45 47 48 58] Controller: null
09-01 07:24:35.705 D/Avrcp_ext( 1994): Added MediaPlayerController/MediaPlayerPackage
09-01 07:24:35.705 V/Avrcp_ext( 1994): getMediaPlayerInfo: Found com.facebook.wearable.system.launcher
09-01 07:24:35.705 V/Avrcp_ext( 1994): isBrowseSupported for com.facebook.wearable.system.launcher: false
09-01 07:24:35.706 D/AF::TrackHandle(  625): OpPlayAudio: track:88 usage:3 not muted
09-01 07:24:35.708 D/Avrcp_ext( 1994): Adding media player info for com.facebook.wearable.system.launcher with id 6
09-01 07:24:35.708 D/Avrcp_ext( 1994): update #6:MediaPlayerInfo com.facebook.wearable.system.launcher (as 'Launcher') Type = 1, SubType = 0, Status = 0 Feature Bits [40 41 42 44 45 47 48 58] Controller: null
09-01 07:24:35.708 D/Avrcp_ext( 1994): Added MediaPlayerController/MediaPlayerPackage
09-01 07:24:35.709 W/VoiceInteractionManager( 1460): no available voice recognition services found for user 0
09-01 07:24:35.709 V/Avrcp_ext( 1994): updateCurrentMediaState: mMediaController: MediaController (com.facebook.wearable.apps.player@8f56ea7) PICK IT UP (feat. A$AP Rocky), Famous Dex, null
09-01 07:24:35.709 D/AF::TrackHandle(  625): OpPlayAudio: track:88 usage:3 not muted
09-01 07:24:35.724 V/Avrcp_ext( 1994): isMusicActive: true getBluetoothPlayState: 1
09-01 07:24:35.725 V/Avrcp_ext( 1994): updateCurrentMediaState: get media attributes: 
09-01 07:24:35.725 D/Avrcp_ext( 1994):  albumName :Pick It Up (feat. A$AP Rocky) device :null
09-01 07:24:35.726 V/Avrcp_ext( 1994): Media update: id -1➡-1? [MediaAttributes: PICK IT UP (feat. A$AP Rocky) - Pick It Up (feat. A$AP Rocky) by Famous Dex (191251 0/0) ] : [MediaAttributes: PICK IT UP (feat. A$AP Rocky) - Pick It Up (feat. A$AP Rocky) by Famous Dex (191251 0/0) ]
09-01 07:24:35.727 D/Avrcp_ext( 1994): isPackageNameValid: browsedPackage = com.facebook.wearable.apps.playerisValid = true
09-01 07:24:35.727 V/Avrcp_ext( 1994): isBrowseSupported for com.facebook.wearable.apps.player: false
09-01 07:24:35.727 V/Avrcp_ext( 1994): newPlayStatus:1mReportedPlayStatus:-1
09-01 07:24:35.727 V/Avrcp_ext( 1994): updatePlaybackState, state: PlaybackState {state=3, position=4306, buffered position=0, speed=1.0, updated=13969720, actions=546, custom actions=[], active item id=-1, error=null} device: null
09-01 07:24:35.727 V/Avrcp_ext( 1994): Device: no name: 
09-01 07:24:35.727 I/chatty  ( 1994): uid=1002(bluetooth) com.android.bluetooth identical 3 lines
09-01 07:24:35.727 V/Avrcp_ext( 1994): Device: no name: 
09-01 07:24:35.729 V/Avrcp_ext( 1994): updatePlayerStateAndPosition, old=PlaybackState {state=3, position=4258, buffered position=0, speed=1.0, updated=13969672, actions=546, custom actions=[], active item id=-1, error=null}, state=PlaybackState {state=3, position=4306, buffered position=0, speed=1.0, updated=13969720, actions=546, custom actions=[], active item id=-1, error=null}
09-01 07:24:35.731 D/AF::TrackHandle(  625): OpPlayAudio: track:88 usage:3 not muted
09-01 07:24:35.732 D/AF::TrackHandle(  625): OpPlayAudio: track:88 usage:3 not muted
09-01 07:24:35.737 V/Avrcp_ext( 1994): old state = PlaybackState {state=3, position=4258, buffered position=0, speed=1.0, updated=13969672, actions=546, custom actions=[], active item id=-1, error=null}, new state= PlaybackState {state=3, position=4306, buffered position=0, speed=1.0, updated=13969720, actions=546, custom actions=[], active item id=-1, error=null}
09-01 07:24:35.738 D/HeadsetService( 1994): getHeadsetService(): returning com.android.bluetooth.hfp.HeadsetService@476ddce
09-01 07:24:35.739 D/RegisteredNfcFServicesCache( 2632): Service unchanged, not updating
09-01 07:24:35.740 D/HeadsetService( 1994):  isAudioOn: The number of audio connected devices 0
09-01 07:24:35.740 D/HeadsetService( 1994): isScoOrCallActive(): Call Active:falseCall is Ringing:falseSCO is Active:false
09-01 07:24:35.741 D/HeadsetService( 1994):  isAudioOn: The number of audio connected devices 0
09-01 07:24:35.741 V/Avrcp_ext( 1994): isPlayStateTobeUpdated: device: null
09-01 07:24:35.741 V/Avrcp_ext( 1994): Single connection exists
09-01 07:24:35.742 D/HeadsetService( 1994):  isAudioOn: The number of audio connected devices 0
09-01 07:24:35.742 D/HeadsetService( 1994): isScoOrCallActive(): Call Active:falseCall is Ringing:falseSCO is Active:false
09-01 07:24:35.743 D/HeadsetService( 1994):  isAudioOn: The number of audio connected devices 0
09-01 07:24:35.743 V/Avrcp_ext( 1994): isPlayStateTobeUpdated: device: null
09-01 07:24:35.743 V/Avrcp_ext( 1994): Single connection exists
09-01 07:24:35.744 D/HeadsetService( 1994):  isAudioOn: The number of audio connected devices 0
09-01 07:24:35.744 D/HeadsetService( 1994): isScoOrCallActive(): Call Active:falseCall is Ringing:falseSCO is Active:false
09-01 07:24:35.744 D/HeadsetService( 1994):  isAudioOn: The number of audio connected devices 0
09-01 07:24:35.744 V/Avrcp_ext( 1994): isPlayStateTobeUpdated: device: null
09-01 07:24:35.744 V/Avrcp_ext( 1994): Single connection exists
09-01 07:24:35.746 D/HeadsetService( 1994):  isAudioOn: The number of audio connected devices 0
09-01 07:24:35.746 D/HeadsetService( 1994): isScoOrCallActive(): Call Active:falseCall is Ringing:falseSCO is Active:false
09-01 07:24:35.746 D/HeadsetService( 1994):  isAudioOn: The number of audio connected devices 0
09-01 07:24:35.746 V/Avrcp_ext( 1994): isPlayStateTobeUpdated: device: null
09-01 07:24:35.746 V/Avrcp_ext( 1994): Single connection exists
09-01 07:24:35.747 D/HeadsetService( 1994):  isAudioOn: The number of audio connected devices 0
09-01 07:24:35.747 D/HeadsetService( 1994): isScoOrCallActive(): Call Active:falseCall is Ringing:falseSCO is Active:false
09-01 07:24:35.748 D/HeadsetService( 1994):  isAudioOn: The number of audio connected devices 0
09-01 07:24:35.748 V/Avrcp_ext( 1994): isPlayStateTobeUpdated: device: null
09-01 07:24:35.748 V/Avrcp_ext( 1994): Single connection exists
09-01 07:24:35.748 D/Avrcp_ext( 1994): Enter sendPlayPosNotificationRsp
09-01 07:24:35.748 D/Avrcp_ext( 1994): sendPlayPosNotificationRsp: Not registered or requesting.
09-01 07:24:35.748 D/Avrcp_ext( 1994): Enter sendPlayPosNotificationRsp
09-01 07:24:35.748 D/Avrcp_ext( 1994): sendPlayPosNotificationRsp: Not registered or requesting.
09-01 07:24:35.748 D/Avrcp_ext( 1994): Enter sendPlayPosNotificationRsp
09-01 07:24:35.748 D/Avrcp_ext( 1994): sendPlayPosNotificationRsp: Not registered or requesting.
09-01 07:24:35.748 D/Avrcp_ext( 1994): Enter sendPlayPosNotificationRsp
09-01 07:24:35.748 D/Avrcp_ext( 1994): sendPlayPosNotificationRsp: Not registered or requesting.
09-01 07:24:35.748 D/Avrcp_ext( 1994): Enter sendPlayPosNotificationRsp
09-01 07:24:35.748 D/Avrcp_ext( 1994): sendPlayPosNotificationRsp: Not registered or requesting.
09-01 07:24:35.748 V/Avrcp_ext( 1994): Exit updatePlayerStateAndPosition
09-01 07:24:35.748 D/Avrcp_ext( 1994): Exit handlePackageModified
09-01 07:24:35.787 E/SmsApplication( 2246): com.facebook.wearable.apps.messages does not have system signature
09-01 07:24:35.814 D/AF::TrackHandle(  625): OpPlayAudio: track:88 usage:3 not muted
09-01 07:24:35.824 I/chatty  (  625): uid=1041(audioserver) /system/bin/audioserver identical 3 lines
09-01 07:24:35.824 D/AF::TrackHandle(  625): OpPlayAudio: track:88 usage:3 not muted
09-01 07:24:35.854 E/SmsApplication( 2246): com.facebook.wearable.apps.messages does not have system signature
09-01 07:24:35.876 D/AF::TrackHandle(  625): OpPlayAudio: track:88 usage:3 not muted
09-01 07:24:35.897 I/chatty  (  625): uid=1041(audioserver) /system/bin/audioserver identical 3 lines
09-01 07:24:35.901 D/AF::TrackHandle(  625): OpPlayAudio: track:88 usage:3 not muted
09-01 07:24:35.932 D/CarrierSvcBindHelper( 2246): No carrier app for: 0
09-01 07:24:35.945 D/CarrierSvcBindHelper( 2246): No carrier app for: 0
09-01 07:24:35.983 D/ImsResolver( 2246): maybeAddedImsService, packageName: com.github.uiautomator.test
09-01 07:24:35.990 D/CarrierConfigLoader( 2246): mHandler: 12 phoneId: 0
09-01 07:24:36.582 W/bluelink(  803): [System] updateSmoothedTime: too early or too late; st=13976.645, rt=13982.009
09-01 07:24:36.584 D/commandrouter(  803): rtc_sync (1, rtc:sync): <ServiceRequest> FORWARDED (remote -> local) service client ID = 0, token ID = 35002
09-01 07:24:36.584 D/vendor.facebook.rtc_sync@1.0-service( 1013): Request req_ts=1630481076572332235 resp_ts=1630481076584545512
09-01 07:24:36.585 D/commandrouter(  803): SocServiceHandle::onServiceMessage, SoC Service = rtc_sync, appType = 1, type = SVC_RESP, clientId = 0, token = 35002, payloadLen = 8, result = 0, payload.size() = 8
