09-01 07:24:31.447 V/Avrcp_ext( 1994): updatePlaybackState, state: PlaybackState {state=3, position=27, buffered position=0, speed=1.0, updated=13965441, actions=546, custom actions=[], active item id=-1, error=null} device: null
09-01 07:24:31.447 V/Avrcp_ext( 1994): Device: no name: 
09-01 07:24:31.447 I/chatty  ( 1994): uid=1002(bluetooth) BluetoothAvrcpH identical 3 lines
09-01 07:24:31.447 V/Avrcp_ext( 1994): Device: no name: 
09-01 07:24:31.447 V/Avrcp_ext( 1994): updatePlayerStateAndPosition, old=PlaybackState {state=3, position=19, buffered position=0, speed=1.0, updated=13965433, actions=546, custom actions=[], active item id=-1, error=null}, state=PlaybackState {state=3, position=27, buffered position=0, speed=1.0, updated=13965441, actions=546, custom actions=[], active item id=-1, error=null}
09-01 07:24:31.447 V/Avrcp_ext( 1994): old state = PlaybackState {state=3, position=19, buffered position=0, speed=1.0, updated=13965433, actions=546, custom actions=[], active item id=-1, error=null}, new state= PlaybackState {state=3, position=27, buffered position=0, speed=1.0, updated=13965441, actions=546, custom actions=[], active item id=-1, error=null}
09-01 07:24:31.447 D/HeadsetService( 1994): getHeadsetService(): returning com.android.bluetooth.hfp.HeadsetService@476ddce
09-01 07:24:31.447 D/HeadsetService( 1994):  isAudioOn: The number of audio connected devices 0
09-01 07:24:31.447 D/HeadsetService( 1994): isScoOrCallActive(): Call Active:falseCall is Ringing:falseSCO is Active:false
09-01 07:24:31.447 D/HeadsetService( 1994):  isAudioOn: The number of audio connected devices 0
09-01 07:24:31.447 V/Avrcp_ext( 1994): isPlayStateTobeUpdated: device: null
09-01 07:24:31.447 V/Avrcp_ext( 1994): Single connection exists
09-01 07:24:31.447 D/HeadsetService( 1994):  isAudioOn: The number of audio connected devices 0
09-01 07:24:31.447 D/HeadsetService( 1994): isScoOrCallActive(): Call Active:falseCall is Ringing:falseSCO is Active:false
09-01 07:24:31.447 D/HeadsetService( 1994):  isAudioOn: The number of audio connected devices 0
09-01 07:24:31.447 V/Avrcp_ext( 1994): isPlayStateTobeUpdated: device: null
09-01 07:24:31.447 V/Avrcp_ext( 1994): Single connection exists
09-01 07:24:31.447 D/HeadsetService( 1994):  isAudioOn: The number of audio connected devices 0
09-01 07:24:31.447 D/HeadsetService( 1994): isScoOrCallActive(): Call Active:falseCall is Ringing:falseSCO is Active:false
09-01 07:24:31.448 D/HeadsetService( 1994):  isAudioOn: The number of audio connected devices 0
09-01 07:24:31.448 V/Avrcp_ext( 1994): isPlayStateTobeUpdated: device: null
09-01 07:24:31.448 V/Avrcp_ext( 1994): Single connection exists
09-01 07:24:31.448 D/HeadsetService( 1994):  isAudioOn: The number of audio connected devices 0
09-01 07:24:31.448 D/HeadsetService( 1994): isScoOrCallActive(): Call Active:falseCall is Ringing:falseSCO is Active:false
09-01 07:24:31.448 D/HeadsetService( 1994):  isAudioOn: The number of audio connected devices 0
09-01 07:24:31.448 V/Avrcp_ext( 1994): isPlayStateTobeUpdated: device: null
09-01 07:24:31.448 V/Avrcp_ext( 1994): Single connection exists
09-01 07:24:31.448 D/HeadsetService( 1994):  isAudioOn: The number of audio connected devices 0
09-01 07:24:31.448 D/HeadsetService( 1994): isScoOrCallActive(): Call Active:falseCall is Ringing:falseSCO is Active:false
09-01 07:24:31.448 D/HeadsetService( 1994):  isAudioOn: The number of audio connected devices 0
09-01 07:24:31.448 V/Avrcp_ext( 1994): isPlayStateTobeUpdated: device: null
09-01 07:24:31.448 V/Avrcp_ext( 1994): Single connection exists
09-01 07:24:31.448 D/Avrcp_ext( 1994): Enter sendPlayPosNotificationRsp
09-01 07:24:31.448 D/Avrcp_ext( 1994): sendPlayPosNotificationRsp: Not registered or requesting.
09-01 07:24:31.448 D/Avrcp_ext( 1994): Enter sendPlayPosNotificationRsp
09-01 07:24:31.448 D/Avrcp_ext( 1994): sendPlayPosNotificationRsp: Not registered or requesting.
09-01 07:24:31.448 D/Avrcp_ext( 1994): Enter sendPlayPosNotificationRsp
09-01 07:24:31.448 D/Avrcp_ext( 1994): sendPlayPosNotificationRsp: Not registered or requesting.
09-01 07:24:31.448 D/Avrcp_ext( 1994): Enter sendPlayPosNotificationRsp
09-01 07:24:31.448 D/Avrcp_ext( 1994): sendPlayPosNotificationRsp: Not registered or requesting.
09-01 07:24:31.448 D/Avrcp_ext( 1994): Enter sendPlayPosNotificationRsp
09-01 07:24:31.448 D/Avrcp_ext( 1994): sendPlayPosNotificationRsp: Not registered or requesting.
09-01 07:24:31.448 V/Avrcp_ext( 1994): Exit updatePlayerStateAndPosition
09-01 07:24:31.579 W/bluelink(  803): [System] updateSmoothedTime: too early or too late; st=13971.649, rt=13977.006
09-01 07:24:31.586 D/Spotify (11535): Got SpPlaybackNotification 2
09-01 07:24:31.601 I/mcucapture(  961): 13938706 [warning] {tsyn}: timesync: bad fit err=4304009 loc=13938710304009.394531 rem=13977006347656 send=13938703000000 recv=13938706000000 rtt=3000000
09-01 07:24:31.680 I/PlaybackServic(11535): Rejecting re-init on previously-failed class java.lang.Class<com.facebook.wearable.sdk.network.impl.liger.MC$wearable_connectivity_network>: java.lang.NoClassDefFoundError: Failed resolution of: Lcom/facebook/mobileconfig/MobileConfigParams0;
09-01 07:24:31.680 I/PlaybackServic(11535):   at void com.facebook.wearable.sdk.network.impl.liger.MC$wearable_connectivity_network.<clinit>() (:0)
09-01 07:24:31.680 I/PlaybackServic(11535):   at com.facebook.wearable.sdk.network.api.WearableResponse com.facebook.wearable.sdk.network.impl.liger.LigerWearableHttpClient.execute(com.facebook.wearable.sdk.network.impl.liger.LigerWearableCall) (:269)
09-01 07:24:31.680 I/PlaybackServic(11535):   at void com.facebook.wearable.sdk.network.impl.liger.LigerWearableHttpClient$4.run() (:4)
09-01 07:24:31.680 I/PlaybackServic(11535):   at void java.util.concurrent.ThreadPoolExecutor.runWorker(java.util.concurrent.ThreadPoolExecutor$Worker) (ThreadPoolExecutor.java:1167)
09-01 07:24:31.680 I/PlaybackServic(11535):   at void java.util.concurrent.ThreadPoolExecutor$Worker.run() (ThreadPoolExecutor.java:641)
09-01 07:24:31.680 I/PlaybackServic(11535):   at void java.lang.Thread.run() (Thread.java:923)
09-01 07:24:31.680 I/PlaybackServic(11535): Caused by: java.lang.ClassNotFoundException: com.facebook.mobileconfig.MobileConfigParams0
09-01 07:24:31.680 I/PlaybackServic(11535):   at void com.facebook.wearable.sdk.network.impl.liger.MC$wearable_connectivity_network.<clinit>() (:0)
09-01 07:24:31.680 I/PlaybackServic(11535):   at com.facebook.wearable.sdk.network.api.WearableResponse com.facebook.wearable.sdk.network.impl.liger.LigerWearableHttpClient.execute(com.facebook.wearable.sdk.network.impl.liger.LigerWearableCall) (:269)
09-01 07:24:31.680 I/PlaybackServic(11535):   at void com.facebook.wearable.sdk.network.impl.liger.LigerWearableHttpClient$4.run() (:4)
09-01 07:24:31.680 I/PlaybackServic(11535):   at void java.util.concurrent.ThreadPoolExecutor.runWorker(java.util.concurrent.ThreadPoolExecutor$Worker) (ThreadPoolExecutor.java:1167)
09-01 07:24:31.680 I/PlaybackServic(11535):   at void java.util.concurrent.ThreadPoolExecutor$Worker.run() (ThreadPoolExecutor.java:641)
09-01 07:24:31.680 I/PlaybackServic(11535):   at void java.lang.Thread.run() (Thread.java:923)
09-01 07:24:31.681 W/LigerWearableHttpClient(11535): Add 'generate_mobileconfig_service = True' to your app's buck file to enable use of mobile config in the network stack. Example: https://fburl.com/diffusion/f1x33lmz
09-01 07:24:31.699 I/PlaybackServic(11535): Rejecting re-init on previously-failed class java.lang.Class<com.facebook.wearable.sdk.network.impl.liger.MC$wearable_connectivity_network>: java.lang.NoClassDefFoundError: Failed resolution of: Lcom/facebook/mobileconfig/MobileConfigParams0;
09-01 07:24:31.699 I/PlaybackServic(11535):   at void com.facebook.wearable.sdk.network.impl.liger.MC$wearable_connectivity_network.<clinit>() (:0)
09-01 07:24:31.699 I/PlaybackServic(11535):   at com.facebook.wearable.sdk.network.api.WearableResponse com.facebook.wearable.sdk.network.impl.liger.LigerWearableHttpClient.execute(com.facebook.wearable.sdk.network.impl.liger.LigerWearableCall) (:269)
09-01 07:24:31.699 I/PlaybackServic(11535):   at void com.facebook.wearable.sdk.network.impl.liger.LigerWearableHttpClient$4.run() (:4)
09-01 07:24:31.699 I/PlaybackServic(11535):   at void java.util.concurrent.ThreadPoolExecutor.runWorker(java.util.concurrent.ThreadPoolExecutor$Worker) (ThreadPoolExecutor.java:1167)
09-01 07:24:31.699 I/PlaybackServic(11535):   at void java.util.concurrent.ThreadPoolExecutor$Worker.run() (ThreadPoolExecutor.java:641)
09-01 07:24:31.699 I/PlaybackServic(11535):   at void java.lang.Thread.run() (Thread.java:923)
09-01 07:24:31.699 I/PlaybackServic(11535): Caused by: java.lang.ClassNotFoundException: com.facebook.mobileconfig.MobileConfigParams0
09-01 07:24:31.699 I/PlaybackServic(11535):   at void com.facebook.wearable.sdk.network.impl.liger.MC$wearable_connectivity_network.<clinit>() (:0)
09-01 07:24:31.699 I/PlaybackServic(11535):   at com.facebook.wearable.sdk.network.api.WearableResponse com.facebook.wearable.sdk.network.impl.liger.LigerWearableHttpClient.execute(com.facebook.wearable.sdk.network.impl.liger.LigerWearableCall) (:269)
09-01 07:24:31.699 I/PlaybackServic(11535):   at void com.facebook.wearable.sdk.network.impl.liger.LigerWearableHttpClient$4.run() (:4)
09-01 07:24:31.699 I/PlaybackServic(11535):   at void java.util.concurrent.ThreadPoolExecutor.runWorker(java.util.concurrent.ThreadPoolExecutor$Worker) (ThreadPoolExecutor.java:1167)
09-01 07:24:31.699 I/PlaybackServic(11535):   at void java.util.concurrent.ThreadPoolExecutor$Worker.run() (ThreadPoolExecutor.java:641)
09-01 07:24:31.699 I/PlaybackServic(11535):   at void java.lang.Thread.run() (Thread.java:923)
09-01 07:24:31.699 W/LigerWearableHttpClient(11535): Add 'generate_mobileconfig_service = True' to your app's buck file to enable use of mobile config in the network stack. Example: https://fburl.com/diffusion/f1x33lmz
09-01 07:24:31.707 D/CompatibilityInfo( 1460): mCompatibilityFlags - 4
09-01 07:24:31.707 D/CompatibilityInfo( 1460): applicationDensity - 320
09-01 07:24:31.707 D/CompatibilityInfo( 1460): applicationScale - 1.0
09-01 07:24:31.710 D/McuTransferService( 2270): the service started
09-01 07:24:31.714 I/mcu_health_check_jni_handler( 2270): isMcuReachable
09-01 07:24:31.714 D/mcu_health_checker( 2270): Sent isMcuReachable Request
09-01 07:24:31.715 D/commandrouter(  803): SocServiceHandle::onServiceMessage, SoC Service = mcu_healthcheck_2270, appType = 7, type = SVC_REQ, clientId = 0, token = 406, payloadLen = 12, result = 0, payload.size() = 12
09-01 07:24:31.733 D/commandrouter(  803): mcu_healthcheck_2270 (7, merlot:mcu_health:control): <ServiceResponse> FORWARDED (remote -> local) CR token ID = 406, service client ID = 36, token ID = 2006, result = 0
09-01 07:24:31.733 D/mcu_health_checker( 2270): MCU Health Response: MCU_OK
09-01 07:24:31.736 I/mcucapture(  961): 13938841 [info   ] {hlth}: Received control service request
09-01 07:24:31.736 I/mcucapture(  961): 13938846 [info   ] {hlth}: Health Request cmd: GET_STATUS
09-01 07:24:31.736 I/mcucapture(  961): 13938851 [info   ] {hlth}: Responded to req, result = MCU_OK
09-01 07:24:31.741 D/McuTransferService( 2270): the service is being destroyed
09-01 07:24:31.741 D/McuTransferService( 2270): skipping close shared connection to avoid race condition
09-01 07:24:31.805 V/Avrcp_ext( 1994): onMetadataChanged
09-01 07:24:31.807 V/Avrcp_ext( 1994): updateCurrentMediaState: mMediaController: MediaController (com.facebook.wearable.apps.player@8f56ea7) PICK IT UP (feat. A$AP Rocky), Famous Dex, null
09-01 07:24:31.807 V/Avrcp_ext( 1994): isMusicActive: true getBluetoothPlayState: 1
09-01 07:24:31.808 V/Avrcp_ext( 1994): updateCurrentMediaState: get media attributes: 
09-01 07:24:31.809 D/Avrcp_ext( 1994):  albumName :Pick It Up (feat. A$AP Rocky) device :null
09-01 07:24:31.810 V/Avrcp_ext( 1994): Media update: id -1➡-1? [MediaAttributes: PICK IT UP (feat. A$AP Rocky) - Pick It Up (feat. A$AP Rocky) by Famous Dex (191251 0/0) ] : [MediaAttributes: PICK IT UP (feat. A$AP Rocky) - Pick It Up (feat. A$AP Rocky) by Famous Dex (191251 0/0) ]
09-01 07:24:31.811 D/Avrcp_ext( 1994): isPackageNameValid: browsedPackage = com.facebook.wearable.apps.playerisValid = true
09-01 07:24:31.811 V/Avrcp_ext( 1994): isBrowseSupported for com.facebook.wearable.apps.player: false
09-01 07:24:31.811 V/Avrcp_ext( 1994): newPlayStatus:1mReportedPlayStatus:-1
09-01 07:24:31.811 V/Avrcp_ext( 1994): updatePlaybackState, state: PlaybackState {state=3, position=390, buffered position=0, speed=1.0, updated=13965804, actions=546, custom actions=[], active item id=-1, error=null} device: null
09-01 07:24:31.811 V/Avrcp_ext( 1994): Device: no name: 
09-01 07:24:31.811 I/chatty  ( 1994): uid=1002(bluetooth) BluetoothAvrcpH identical 3 lines
09-01 07:24:31.811 V/Avrcp_ext( 1994): Device: no name: 
09-01 07:24:31.811 V/Avrcp_ext( 1994): updatePlayerStateAndPosition, old=PlaybackState {state=3, position=27, buffered position=0, speed=1.0, updated=13965441, actions=546, custom actions=[], active item id=-1, error=null}, state=PlaybackState {state=3, position=390, buffered position=0, speed=1.0, updated=13965804, actions=546, custom actions=[], active item id=-1, error=null}
09-01 07:24:31.811 V/Avrcp_ext( 1994): old state = PlaybackState {state=3, position=27, buffered position=0, speed=1.0, updated=13965441, actions=546, custom actions=[], active item id=-1, error=null}, new state= PlaybackState {state=3, position=390, buffered position=0, speed=1.0, updated=13965804, actions=546, custom actions=[], active item id=-1, error=null}
09-01 07:24:31.811 D/HeadsetService( 1994): getHeadsetService(): returning com.android.bluetooth.hfp.HeadsetService@476ddce
09-01 07:24:31.812 D/HeadsetService( 1994):  isAudioOn: The number of audio connected devices 0
09-01 07:24:31.812 D/HeadsetService( 1994): isScoOrCallActive(): Call Active:falseCall is Ringing:falseSCO is Active:false
09-01 07:24:31.812 D/HeadsetService( 1994):  isAudioOn: The number of audio connected devices 0
09-01 07:24:31.812 V/Avrcp_ext( 1994): isPlayStateTobeUpdated: device: null
09-01 07:24:31.812 V/Avrcp_ext( 1994): Single connection exists
09-01 07:24:31.812 D/HeadsetService( 1994):  isAudioOn: The number of audio connected devices 0
09-01 07:24:31.812 D/HeadsetService( 1994): isScoOrCallActive(): Call Active:falseCall is Ringing:falseSCO is Active:false
09-01 07:24:31.812 D/HeadsetService( 1994):  isAudioOn: The number of audio connected devices 0
09-01 07:24:31.812 V/Avrcp_ext( 1994): isPlayStateTobeUpdated: device: null
09-01 07:24:31.812 V/Avrcp_ext( 1994): Single connection exists
09-01 07:24:31.812 D/HeadsetService( 1994):  isAudioOn: The number of audio connected devices 0
09-01 07:24:31.812 D/HeadsetService( 1994): isScoOrCallActive(): Call Active:falseCall is Ringing:falseSCO is Active:false
09-01 07:24:31.812 D/HeadsetService( 1994):  isAudioOn: The number of audio connected devices 0
09-01 07:24:31.812 V/Avrcp_ext( 1994): isPlayStateTobeUpdated: device: null
09-01 07:24:31.812 V/Avrcp_ext( 1994): Single connection exists
09-01 07:24:31.812 D/HeadsetService( 1994):  isAudioOn: The number of audio connected devices 0
09-01 07:24:31.812 D/HeadsetService( 1994): isScoOrCallActive(): Call Active:falseCall is Ringing:falseSCO is Active:false
09-01 07:24:31.812 D/HeadsetService( 1994):  isAudioOn: The number of audio connected devices 0
09-01 07:24:31.812 V/Avrcp_ext( 1994): isPlayStateTobeUpdated: device: null
09-01 07:24:31.812 V/Avrcp_ext( 1994): Single connection exists
09-01 07:24:31.812 D/HeadsetService( 1994):  isAudioOn: The number of audio connected devices 0
09-01 07:24:31.812 D/HeadsetService( 1994): isScoOrCallActive(): Call Active:falseCall is Ringing:falseSCO is Active:false
09-01 07:24:31.812 D/HeadsetService( 1994):  isAudioOn: The number of audio connected devices 0
09-01 07:24:31.812 V/Avrcp_ext( 1994): isPlayStateTobeUpdated: device: null
09-01 07:24:31.812 V/Avrcp_ext( 1994): Single connection exists
09-01 07:24:31.813 D/Avrcp_ext( 1994): Enter sendPlayPosNotificationRsp
09-01 07:24:31.813 D/Avrcp_ext( 1994): sendPlayPosNotificationRsp: Not registered or requesting.
09-01 07:24:31.813 D/Avrcp_ext( 1994): Enter sendPlayPosNotificationRsp
09-01 07:24:31.813 D/Avrcp_ext( 1994): sendPlayPosNotificationRsp: Not registered or requesting.
09-01 07:24:31.813 D/Avrcp_ext( 1994): Enter sendPlayPosNotificationRsp
09-01 07:24:31.813 D/Avrcp_ext( 1994): sendPlayPosNotificationRsp: Not registered or requesting.
09-01 07:24:31.813 D/Avrcp_ext( 1994): Enter sendPlayPosNotificationRsp
09-01 07:24:31.813 D/Avrcp_ext( 1994): sendPlayPosNotificationRsp: Not registered or requesting.
09-01 07:24:31.813 D/Avrcp_ext( 1994): Enter sendPlayPosNotificationRsp
09-01 07:24:31.813 D/Avrcp_ext( 1994): sendPlayPosNotificationRsp: Not registered or requesting.
09-01 07:24:31.813 V/Avrcp_ext( 1994): Exit updatePlayerStateAndPosition
09-01 07:24:32.628 W/RuleEvaluation( 1460): Integrity rule files are not available.
09-01 07:24:32.629 I/PackageManager( 1460): Integrity check passed for file:///data/app/vmdl958518905.tmp
09-01 07:24:32.653 I/ActivityManager( 1460): Force stopping com.github.uiautomator appid=10113 user=-1: installPackageLI
09-01 07:24:32.657 I/ActivityManager( 1460): Killing 11705:com.github.uiautomator/u0a113 (adj 0): stop com.github.uiautomator due to installPackageLI
09-01 07:24:32.659 I/PackageManager( 1460): Update package com.github.uiautomator code path from /data/app/~~kGdiGMxIlJe_MnG0vz36pA==/com.github.uiautomator-f2uA2fY_aHh6fIMvRU-DNg== to /data/app/~~rcik8ymU1LeH7CdWpTldSA==/com.github.uiautomator-_8ViuSlgyjS7boATdkx5eg==; Retain data and using new
09-01 07:24:32.660 I/PackageManager( 1460): Update package com.github.uiautomator resource path from /data/app/~~kGdiGMxIlJe_MnG0vz36pA==/com.github.uiautomator-f2uA2fY_aHh6fIMvRU-DNg== to /data/app/~~rcik8ymU1LeH7CdWpTldSA==/com.github.uiautomator-_8ViuSlgyjS7boATdkx5eg==; Retain data and using new
09-01 07:24:32.675 W/ActivityManager( 1460): Crash of app com.github.uiautomator running instrumentation ComponentInfo{com.github.uiautomator.test/android.support.test.runner.AndroidJUnitRunner}
09-01 07:24:32.692 D/CompatibilityChangeReporter( 1460): Compat change id reported: 135549675; UID 10113; state: DISABLED
09-01 07:24:32.720 D/AndroidRuntime(11690): Shutting down VM
09-01 07:24:32.828 I/Zygote  (  476): Process 11705 exited due to signal 9 (Killed)
09-01 07:24:32.844 I/libprocessgroup( 1460): Successfully killed process cgroup uid 10113 pid 11705 in 181ms
09-01 07:24:32.944 D/PackageManager( 1460): Instant App installer not found with android.intent.action.INSTALL_INSTANT_APP_PACKAGE
09-01 07:24:32.944 D/PackageManager( 1460): Clear ephemeral installer activity
09-01 07:24:32.953 I/ActivityManager( 1460): Force stopping com.github.uiautomator appid=10113 user=0: finished inst
09-01 07:24:32.979 W/EventCoordinator( 2771): releaseMemory
09-01 07:24:33.015 W/WindowManager( 1460): removeWindowToken: Attempted to remove non-existing token: android.os.Binder@fc4fc94
09-01 07:24:33.023 W/system_server( 1460): Long monitor contention with owner ActivityManager (1550) at void com.android.server.am.ActivityManagerService$MainHandler.handleMessage(android.os.Message)(ActivityManagerService.java:1852) waiters=1 in java.util.List com.android.server.am.ActivityManagerService.getRunningAppProcesses() for 356ms
09-01 07:24:33.027 W/Looper  ( 1460): Slow dispatch took 371ms android.ui h=com.android.server.am.ActivityManagerService$UiHandler c=null m=53
09-01 07:24:33.028 W/Looper  ( 1460): Slow delivery took 356ms android.ui h=com.android.server.am.ActivityManagerService$UiHandler c=null m=32
09-01 07:24:33.056 E/installd(  889): Couldn't opendir /data/app/vmdl958518905.tmp: No such file or directory
09-01 07:24:33.056 E/installd(  889): Failed to delete /data/app/vmdl958518905.tmp: No such file or directory
09-01 07:24:33.058 I/ActivityManager( 1460): Force stopping com.github.uiautomator appid=10113 user=0: pkg removed
09-01 07:24:33.070 W/WindowManager( 1460): Cannot find window which accessibility connection is added to
09-01 07:24:33.081 W/Looper  ( 1460): Drained
09-01 07:24:33.089 D/Spotify (11535): Got SpConnectionNotification 7
09-01 07:24:33.089 I/MediaProvider( 2717): Invalidating LocalCallingIdentity cache for package com.github.uiautomator. Reason: package android.intent.action.PACKAGE_REMOVED
09-01 07:24:33.100 W/BroadcastQueue( 1460): Background execution not allowed: receiving Intent { act=android.intent.action.PACKAGE_REMOVED dat=package:com.github.uiautomator flg=0x4000010 (has extras) } to com.android.gallery3d/.app.PackagesMonitor
09-01 07:24:33.100 D/Avrcp_ext( 1994): AvrcpServiceBroadcastReceiver-> Action: android.intent.action.PACKAGE_REMOVED
09-01 07:24:33.118 I/InputReader( 1460): Reconfiguring input devices, changes=KEYBOARD_LAYOUTS | 
09-01 07:24:33.129 D/CompatibilityInfo( 1460): mCompatibilityFlags - 4
09-01 07:24:33.129 D/CompatibilityInfo( 1460): applicationDensity - 320
09-01 07:24:33.129 D/CompatibilityInfo( 1460): applicationScale - 1.0
09-01 07:24:33.131 E/SmsApplication( 2246): com.facebook.wearable.apps.messages does not have system signature
09-01 07:24:33.137 D/CompatibilityInfo( 1460): mCompatibilityFlags - 14
09-01 07:24:33.137 D/CompatibilityInfo( 1460): applicationDensity - 320
09-01 07:24:33.138 D/CompatibilityInfo( 1460): applicationScale - 1.0
09-01 07:24:33.145 I/MediaProvider( 2717): Invalidating LocalCallingIdentity cache for package com.github.uiautomator. Reason: package android.intent.action.PACKAGE_ADDED
09-01 07:24:33.172 I/InputReader( 1460): Reconfiguring input devices, changes=KEYBOARD_LAYOUTS | 
09-01 07:24:33.178 D/Avrcp_ext( 1994): AvrcpServiceBroadcastReceiver-> Action: android.intent.action.PACKAGE_ADDED
09-01 07:24:33.178 D/Avrcp_ext( 1994): AvrcpServiceBroadcastReceiver-> packageName: com.github.uiautomator
09-01 07:24:33.178 D/Avrcp_ext( 1994): packageName: com.github.uiautomator removed: false
09-01 07:24:33.180 W/BroadcastQueue( 1460): Background execution not allowed: receiving Intent { act=android.intent.action.PACKAGE_ADDED dat=package:com.github.uiautomator flg=0x4000010 (has extras) } to com.android.packageinstaller/.PackageInstalledReceiver
09-01 07:24:33.181 D/Avrcp_ext( 1994): isBrowsableListUpdated: browsable list size mismatch, true
09-01 07:24:33.187 D/Avrcp_ext( 1994): buildBrowsablePlayerList 
09-01 07:24:33.190 V/Avrcp_ext( 1994): getMediaPlayerInfo: Found com.android.music
09-01 07:24:33.190 V/Avrcp_ext( 1994): isBrowseSupported for com.android.music: false
09-01 07:24:33.198 D/Avrcp_ext( 1994): Adding media player info for com.android.music with id 1
09-01 07:24:33.198 D/Avrcp_ext( 1994): update #1:MediaPlayerInfo com.android.music (as 'Android Open Source Music Player') Type = 1, SubType = 0, Status = 0 Feature Bits [40 41 42 44 45 47 48 58] Controller: null
09-01 07:24:33.198 D/Avrcp_ext( 1994): Added MediaPlayerController/MediaPlayerPackage
09-01 07:24:33.198 V/Avrcp_ext( 1994): getMediaPlayerInfo: Found com.facebook.wearable.apps.eq
09-01 07:24:33.198 V/Avrcp_ext( 1994): isBrowseSupported for com.facebook.wearable.apps.eq: false
09-01 07:24:33.200 D/Avrcp_ext( 1994): Adding media player info for com.facebook.wearable.apps.eq with id 2
09-01 07:24:33.200 D/Avrcp_ext( 1994): update #2:MediaPlayerInfo com.facebook.wearable.apps.eq (as 'EQ') Type = 1, SubType = 0, Status = 0 Feature Bits [40 41 42 44 45 47 48 58] Controller: null
09-01 07:24:33.200 D/Avrcp_ext( 1994): Added MediaPlayerController/MediaPlayerPackage
09-01 07:24:33.200 V/Avrcp_ext( 1994): getMediaPlayerInfo: Found com.facebook.wearable.apps.mediacontroller
09-01 07:24:33.200 V/Avrcp_ext( 1994): isBrowseSupported for com.facebook.wearable.apps.mediacontroller: false
09-01 07:24:33.201 D/Avrcp_ext( 1994): Adding media player info for com.facebook.wearable.apps.mediacontroller with id 3
09-01 07:24:33.201 D/Avrcp_ext( 1994): update #3:MediaPlayerInfo com.facebook.wearable.apps.mediacontroller (as 'mediacontroller') Type = 1, SubType = 0, Status = 0 Feature Bits [40 41 42 44 45 47 48 58] Controller: null
09-01 07:24:33.201 D/Avrcp_ext( 1994): Added MediaPlayerController/MediaPlayerPackage
09-01 07:24:33.201 V/Avrcp_ext( 1994): getMediaPlayerInfo: Found com.facebook.wearable.apps.player
09-01 07:24:33.202 V/Avrcp_ext( 1994): isBrowseSupported for com.facebook.wearable.apps.player: false
09-01 07:24:33.203 D/Avrcp_ext( 1994): Adding media player info for com.facebook.wearable.apps.player with id 4
09-01 07:24:33.204 D/Avrcp_ext( 1994): update #4:MediaPlayerInfo com.facebook.wearable.apps.player (as 'Spotify') Type = 1, SubType = 0, Status = 1 Feature Bits [40 41 42 44 45 47 48 58] Controller: MediaController (com.facebook.wearable.apps.player@8f56ea7) PICK IT UP (feat. A$AP Rocky), Famous Dex, null
09-01 07:24:33.204 V/Avrcp_ext( 1994): updateNewIds: Addressed:4 to 4, Browse:0 to 0
09-01 07:24:33.206 I/Telecom ( 1460): DefaultDialerCache: Refreshing default dialer for user 0: now com.facebook.wearable.apps.phone: DDC.oR@Emw
09-01 07:24:33.206 D/AF::TrackHandle(  625): OpPlayAudio: track:88 usage:3 not muted
09-01 07:24:33.208 D/Avrcp_ext( 1994): updateCurrentController: MediaController (com.facebook.wearable.apps.player@8f56ea7) PICK IT UP (feat. A$AP Rocky), Famous Dex, null to MediaController (com.facebook.wearable.apps.player@8f56ea7) PICK IT UP (feat. A$AP Rocky), Famous Dex, null
09-01 07:24:33.209 V/Avrcp_ext( 1994): updateCurrentMediaState: mMediaController: MediaController (com.facebook.wearable.apps.player@8f56ea7) PICK IT UP (feat. A$AP Rocky), Famous Dex, null
09-01 07:24:33.209 V/Avrcp_ext( 1994): isMusicActive: true getBluetoothPlayState: 1
09-01 07:24:33.210 V/Avrcp_ext( 1994): updateCurrentMediaState: get media attributes: 
09-01 07:24:33.211 D/Avrcp_ext( 1994):  albumName :Pick It Up (feat. A$AP Rocky) device :null
09-01 07:24:33.212 V/Avrcp_ext( 1994): Media update: id -1➡-1? [MediaAttributes: PICK IT UP (feat. A$AP Rocky) - Pick It Up (feat. A$AP Rocky) by Famous Dex (191251 0/0) ] : [MediaAttributes: PICK IT UP (feat. A$AP Rocky) - Pick It Up (feat. A$AP Rocky) by Famous Dex (191251 0/0) ]
09-01 07:24:33.212 D/Avrcp_ext( 1994): isPackageNameValid: browsedPackage = com.facebook.wearable.apps.playerisValid = true
09-01 07:24:33.212 V/Avrcp_ext( 1994): isBrowseSupported for com.facebook.wearable.apps.player: false
09-01 07:24:33.212 V/Avrcp_ext( 1994): newPlayStatus:1mReportedPlayStatus:-1
09-01 07:24:33.212 V/Avrcp_ext( 1994): updatePlaybackState, state: PlaybackState {state=3, position=1792, buffered position=0, speed=1.0, updated=13967206, actions=546, custom actions=[], active item id=-1, error=null} device: null
09-01 07:24:33.212 V/Avrcp_ext( 1994): Device: no name: 
09-01 07:24:33.213 I/chatty  ( 1994): uid=1002(bluetooth) com.android.bluetooth identical 3 lines
09-01 07:24:33.213 V/Avrcp_ext( 1994): Device: no name: 
09-01 07:24:33.213 V/Avrcp_ext( 1994): updatePlayerStateAndPosition, old=PlaybackState {state=3, position=390, buffered position=0, speed=1.0, updated=13965804, actions=546, custom actions=[], active item id=-1, error=null}, state=PlaybackState {state=3, position=1792, buffered position=0, speed=1.0, updated=13967206, actions=546, custom actions=[], active item id=-1, error=null}
09-01 07:24:33.213 V/Avrcp_ext( 1994): old state = PlaybackState {state=3, position=390, buffered position=0, speed=1.0, updated=13965804, actions=546, custom actions=[], active item id=-1, error=null}, new state= PlaybackState {state=3, position=1792, buffered position=0, speed=1.0, updated=13967206, actions=546, custom actions=[], active item id=-1, error=null}
09-01 07:24:33.213 D/HeadsetService( 1994): getHeadsetService(): returning com.android.bluetooth.hfp.HeadsetService@476ddce
09-01 07:24:33.296 V/BackupManagerConstants( 1460): getFullBackupIntervalMilliseconds(...) returns 86400000
09-01 07:24:33.296 V/BackupManagerConstants( 1460): getFullBackupRequiredNetworkType(...) returns 2
09-01 07:24:33.296 V/BackupManagerConstants( 1460): getFullBackupRequireCharging(...) returns true
09-01 07:24:33.297 D/HeadsetService( 1994):  isAudioOn: The number of audio connected devices 0
09-01 07:24:33.297 D/HeadsetService( 1994): isScoOrCallActive(): Call Active:falseCall is Ringing:falseSCO is Active:false
09-01 07:24:33.300 W/BroadcastQueue( 1460): Background execution not allowed: receiving Intent { act=android.intent.action.PACKAGE_ADDED dat=package:com.github.uiautomator flg=0x4000010 (has extras) } to com.android.gallery3d/.app.PackagesMonitor
09-01 07:24:33.302 D/HeadsetService( 1994):  isAudioOn: The number of audio connected devices 0
09-01 07:24:33.302 V/Avrcp_ext( 1994): isPlayStateTobeUpdated: device: null
09-01 07:24:33.302 V/Avrcp_ext( 1994): Single connection exists
09-01 07:24:33.303 D/HeadsetService( 1994):  isAudioOn: The number of audio connected devices 0
09-01 07:24:33.303 D/HeadsetService( 1994): isScoOrCallActive(): Call Active:falseCall is Ringing:falseSCO is Active:false
09-01 07:24:33.308 D/HeadsetService( 1994):  isAudioOn: The number of audio connected devices 0
09-01 07:24:33.308 V/Avrcp_ext( 1994): isPlayStateTobeUpdated: device: null
09-01 07:24:33.308 V/Avrcp_ext( 1994): Single connection exists
09-01 07:24:33.309 I/InputReader( 1460): Reconfiguring input devices, changes=KEYBOARD_LAYOUTS | 
09-01 07:24:33.309 W/Looper  ( 1460): Slow dispatch took 103ms main h=android.app.ActivityThread$H c=android.app.-$$Lambda$LoadedApk$ReceiverDispatcher$Args$_BumDX2UKsnxLVrE6UJsJZkotuA@64e84c7 m=0
09-01 07:24:33.314 D/AF::TrackHandle(  625): OpPlayAudio: track:88 usage:3 not muted
09-01 07:24:33.314 D/HeadsetService( 1994):  isAudioOn: The number of audio connected devices 0
09-01 07:24:33.314 D/HeadsetService( 1994): isScoOrCallActive(): Call Active:falseCall is Ringing:falseSCO is Active:false
09-01 07:24:33.314 W/BroadcastQueue( 1460): Background execution not allowed: receiving Intent { act=android.intent.action.PACKAGE_ADDED dat=package:com.github.uiautomator flg=0x4000010 (has extras) } to com.facebook.wearable.system.appmanager/com.facebook.aloha.app.appmanager.common.packages.event.manifest.ManifestPackageEventReceiver
09-01 07:24:33.315 W/BroadcastQueue( 1460): Background execution not allowed: receiving Intent { act=android.intent.action.PACKAGE_REPLACED dat=package:com.github.uiautomator flg=0x4000010 (has extras) } to com.facebook.wearable.system.appmanager/com.facebook.aloha.app.appmanager.common.packages.event.manifest.ManifestPackageEventReceiver
09-01 07:24:33.317 D/AF::TrackHandle(  625): OpPlayAudio: track:88 usage:3 not muted
09-01 07:24:33.326 I/chatty  (  625): uid=1041(audioserver) Binder:625_8 identical 1 line
09-01 07:24:33.328 D/AF::TrackHandle(  625): OpPlayAudio: track:88 usage:3 not muted
09-01 07:24:33.330 D/RegisteredNfcFServicesCache( 2632): Service unchanged, not updating
09-01 07:24:33.368 D/HeadsetService( 1994):  isAudioOn: The number of audio connected devices 0
09-01 07:24:33.368 V/Avrcp_ext( 1994): isPlayStateTobeUpdated: device: null
09-01 07:24:33.368 V/Avrcp_ext( 1994): Single connection exists
09-01 07:24:33.369 D/HeadsetService( 1994):  isAudioOn: The number of audio connected devices 0
09-01 07:24:33.369 D/HeadsetService( 1994): isScoOrCallActive(): Call Active:falseCall is Ringing:falseSCO is Active:false
09-01 07:24:33.369 D/HeadsetService( 1994):  isAudioOn: The number of audio connected devices 0
09-01 07:24:33.370 V/Avrcp_ext( 1994): isPlayStateTobeUpdated: device: null
09-01 07:24:33.370 V/Avrcp_ext( 1994): Single connection exists
09-01 07:24:33.375 D/HeadsetService( 1994):  isAudioOn: The number of audio connected devices 0
09-01 07:24:33.375 D/HeadsetService( 1994): isScoOrCallActive(): Call Active:falseCall is Ringing:falseSCO is Active:false
09-01 07:24:33.376 D/HeadsetService( 1994):  isAudioOn: The number of audio connected devices 0
09-01 07:24:33.376 V/Avrcp_ext( 1994): isPlayStateTobeUpdated: device: null
09-01 07:24:33.376 V/Avrcp_ext( 1994): Single connection exists
09-01 07:24:33.376 D/Avrcp_ext( 1994): Enter sendPlayPosNotificationRsp
09-01 07:24:33.376 D/Avrcp_ext( 1994): sendPlayPosNotificationRsp: Not registered or requesting.
09-01 07:24:33.376 D/Avrcp_ext( 1994): Enter sendPlayPosNotificationRsp
09-01 07:24:33.376 D/Avrcp_ext( 1994): sendPlayPosNotificationRsp: Not registered or requesting.
09-01 07:24:33.376 D/Avrcp_ext( 1994): Enter sendPlayPosNotificationRsp
09-01 07:24:33.376 D/Avrcp_ext( 1994): sendPlayPosNotificationRsp: Not registered or requesting.
09-01 07:24:33.376 D/Avrcp_ext( 1994): Enter sendPlayPosNotificationRsp
09-01 07:24:33.376 D/Avrcp_ext( 1994): sendPlayPosNotificationRsp: Not registered or requesting.
09-01 07:24:33.376 D/Avrcp_ext( 1994): Enter sendPlayPosNotificationRsp
09-01 07:24:33.376 D/Avrcp_ext( 1994): sendPlayPosNotificationRsp: Not registered or requesting.
09-01 07:24:33.376 V/Avrcp_ext( 1994): Exit updatePlayerStateAndPosition
09-01 07:24:33.376 D/Avrcp_ext( 1994): Added MediaPlayerController/MediaPlayerPackage
09-01 07:24:33.376 V/Avrcp_ext( 1994): getMediaPlayerInfo: Found com.facebook.wearable.apps.workout
09-01 07:24:33.376 V/Avrcp_ext( 1994): isBrowseSupported for com.facebook.wearable.apps.workout: false
09-01 07:24:33.380 D/Avrcp_ext( 1994): Adding media player info for com.facebook.wearable.apps.workout with id 5
09-01 07:24:33.380 D/Avrcp_ext( 1994): update #5:MediaPlayerInfo com.facebook.wearable.apps.workout (as 'Workout') Type = 1, SubType = 0, Status = 0 Feature Bits [40 41 42 44 45 47 48 58] Controller: null
09-01 07:24:33.380 D/Avrcp_ext( 1994): Added MediaPlayerController/MediaPlayerPackage
09-01 07:24:33.380 V/Avrcp_ext( 1994): getMediaPlayerInfo: Found com.facebook.wearable.system.launcher
09-01 07:24:33.385 V/Avrcp_ext( 1994): isBrowseSupported for com.facebook.wearable.system.launcher: false
09-01 07:24:33.388 W/TextServicesManagerService( 1460): no available spell checker services found
09-01 07:24:33.388 E/SmsApplication( 2246): com.facebook.wearable.apps.messages does not have system signature
09-01 07:24:33.391 D/Avrcp_ext( 1994): Adding media player info for com.facebook.wearable.system.launcher with id 6
09-01 07:24:33.391 D/Avrcp_ext( 1994): update #6:MediaPlayerInfo com.facebook.wearable.system.launcher (as 'Launcher') Type = 1, SubType = 0, Status = 0 Feature Bits [40 41 42 44 45 47 48 58] Controller: null
09-01 07:24:33.391 D/Avrcp_ext( 1994): Added MediaPlayerController/MediaPlayerPackage
09-01 07:24:33.394 V/Avrcp_ext( 1994): updateCurrentMediaState: mMediaController: MediaController (com.facebook.wearable.apps.player@8f56ea7) PICK IT UP (feat. A$AP Rocky), Famous Dex, null
09-01 07:24:33.395 V/Avrcp_ext( 1994): isMusicActive: true getBluetoothPlayState: 1
09-01 07:24:33.395 W/Looper  ( 1460): Slow dispatch took 209ms android.fg h=android.os.Handler c=<recycled PooledLambda@2f2a4c0> m=0
09-01 07:24:33.397 V/Avrcp_ext( 1994): updateCurrentMediaState: get media attributes: 
09-01 07:24:33.399 D/Avrcp_ext( 1994):  albumName :Pick It Up (feat. A$AP Rocky) device :null
09-01 07:24:33.401 W/Looper  ( 1460): Slow delivery took 215ms android.fg h=android.os.Handler c=<recycled PooledLambda@4a4ed78> m=0
09-01 07:24:33.401 V/Avrcp_ext( 1994): Media update: id -1➡-1? [MediaAttributes: PICK IT UP (feat. A$AP Rocky) - Pick It Up (feat. A$AP Rocky) by Famous Dex (191251 0/0) ] : [MediaAttributes: PICK IT UP (feat. A$AP Rocky) - Pick It Up (feat. A$AP Rocky) by Famous Dex (191251 0/0) ]
09-01 07:24:33.401 D/Avrcp_ext( 1994): isPackageNameValid: browsedPackage = com.facebook.wearable.apps.playerisValid = true
09-01 07:24:33.401 V/Avrcp_ext( 1994): isBrowseSupported for com.facebook.wearable.apps.player: false
09-01 07:24:33.401 V/Avrcp_ext( 1994): newPlayStatus:1mReportedPlayStatus:-1
09-01 07:24:33.401 V/Avrcp_ext( 1994): updatePlaybackState, state: PlaybackState {state=3, position=1977, buffered position=0, speed=1.0, updated=13967391, actions=546, custom actions=[], active item id=-1, error=null} device: null
09-01 07:24:33.401 V/Avrcp_ext( 1994): Device: no name: 
09-01 07:24:33.402 I/chatty  ( 1994): uid=1002(bluetooth) com.android.bluetooth identical 3 lines
09-01 07:24:33.402 V/Avrcp_ext( 1994): Device: no name: 
09-01 07:24:33.402 V/Avrcp_ext( 1994): updatePlayerStateAndPosition, old=PlaybackState {state=3, position=1792, buffered position=0, speed=1.0, updated=13967206, actions=546, custom actions=[], active item id=-1, error=null}, state=PlaybackState {state=3, position=1977, buffered position=0, speed=1.0, updated=13967391, actions=546, custom actions=[], active item id=-1, error=null}
09-01 07:24:33.402 V/Avrcp_ext( 1994): old state = PlaybackState {state=3, position=1792, buffered position=0, speed=1.0, updated=13967206, actions=546, custom actions=[], active item id=-1, error=null}, new state= PlaybackState {state=3, position=1977, buffered position=0, speed=1.0, updated=13967391, actions=546, custom actions=[], active item id=-1, error=null}
09-01 07:24:33.402 D/HeadsetService( 1994): getHeadsetService(): returning com.android.bluetooth.hfp.HeadsetService@476ddce
09-01 07:24:33.403 W/Searchables( 1460): No global search activity found
09-01 07:24:33.404 D/AF::TrackHandle(  625): OpPlayAudio: track:88 usage:3 not muted
09-01 07:24:33.404 D/HeadsetService( 1994):  isAudioOn: The number of audio connected devices 0
09-01 07:24:33.404 D/HeadsetService( 1994): isScoOrCallActive(): Call Active:falseCall is Ringing:falseSCO is Active:false
09-01 07:24:33.405 D/AF::TrackHandle(  625): OpPlayAudio: track:88 usage:3 not muted
09-01 07:24:33.405 W/Searchables( 1460): No global search activity found
09-01 07:24:33.406 D/AF::TrackHandle(  625): OpPlayAudio: track:88 usage:3 not muted
09-01 07:24:33.408 D/HeadsetService( 1994):  isAudioOn: The number of audio connected devices 0
09-01 07:24:33.408 V/Avrcp_ext( 1994): isPlayStateTobeUpdated: device: null
09-01 07:24:33.408 V/Avrcp_ext( 1994): Single connection exists
09-01 07:24:33.410 W/VoiceInteractionManager( 1460): no available voice recognition services found for user 0
09-01 07:24:33.412 D/HeadsetService( 1994):  isAudioOn: The number of audio connected devices 0
09-01 07:24:33.412 D/HeadsetService( 1994): isScoOrCallActive(): Call Active:falseCall is Ringing:falseSCO is Active:false
09-01 07:24:33.412 D/AF::TrackHandle(  625): OpPlayAudio: track:88 usage:3 not muted
09-01 07:24:33.412 D/HeadsetService( 1994):  isAudioOn: The number of audio connected devices 0
09-01 07:24:33.412 V/Avrcp_ext( 1994): isPlayStateTobeUpdated: device: null
09-01 07:24:33.412 V/Avrcp_ext( 1994): Single connection exists
09-01 07:24:33.415 D/HeadsetService( 1994):  isAudioOn: The number of audio connected devices 0
09-01 07:24:33.415 D/HeadsetService( 1994): isScoOrCallActive(): Call Active:falseCall is Ringing:falseSCO is Active:false
09-01 07:24:33.435 D/HeadsetService( 1994):  isAudioOn: The number of audio connected devices 0
09-01 07:24:33.435 V/Avrcp_ext( 1994): isPlayStateTobeUpdated: device: null
09-01 07:24:33.435 V/Avrcp_ext( 1994): Single connection exists
09-01 07:24:33.443 D/HeadsetService( 1994):  isAudioOn: The number of audio connected devices 0
09-01 07:24:33.443 D/HeadsetService( 1994): isScoOrCallActive(): Call Active:falseCall is Ringing:falseSCO is Active:false
09-01 07:24:33.444 D/AF::TrackHandle(  625): OpPlayAudio: track:88 usage:3 not muted
09-01 07:24:33.445 D/HeadsetService( 1994):  isAudioOn: The number of audio connected devices 0
09-01 07:24:33.445 V/Avrcp_ext( 1994): isPlayStateTobeUpdated: device: null
09-01 07:24:33.445 V/Avrcp_ext( 1994): Single connection exists
09-01 07:24:33.446 D/HeadsetService( 1994):  isAudioOn: The number of audio connected devices 0
09-01 07:24:33.446 D/HeadsetService( 1994): isScoOrCallActive(): Call Active:falseCall is Ringing:falseSCO is Active:false
09-01 07:24:33.448 D/HeadsetService( 1994):  isAudioOn: The number of audio connected devices 0
09-01 07:24:33.448 V/Avrcp_ext( 1994): isPlayStateTobeUpdated: device: null
09-01 07:24:33.448 V/Avrcp_ext( 1994): Single connection exists
09-01 07:24:33.448 D/Avrcp_ext( 1994): Enter sendPlayPosNotificationRsp
09-01 07:24:33.448 D/Avrcp_ext( 1994): sendPlayPosNotificationRsp: Not registered or requesting.
09-01 07:24:33.448 D/Avrcp_ext( 1994): Enter sendPlayPosNotificationRsp
09-01 07:24:33.448 D/Avrcp_ext( 1994): sendPlayPosNotificationRsp: Not registered or requesting.
09-01 07:24:33.448 D/Avrcp_ext( 1994): Enter sendPlayPosNotificationRsp
09-01 07:24:33.448 D/Avrcp_ext( 1994): sendPlayPosNotificationRsp: Not registered or requesting.
09-01 07:24:33.448 D/Avrcp_ext( 1994): Enter sendPlayPosNotificationRsp
09-01 07:24:33.448 D/Avrcp_ext( 1994): sendPlayPosNotificationRsp: Not registered or requesting.
09-01 07:24:33.448 D/Avrcp_ext( 1994): Enter sendPlayPosNotificationRsp
09-01 07:24:33.448 D/Avrcp_ext( 1994): sendPlayPosNotificationRsp: Not registered or requesting.
09-01 07:24:33.448 V/Avrcp_ext( 1994): Exit updatePlayerStateAndPosition
09-01 07:24:33.448 D/Avrcp_ext( 1994): Exit handlePackageModified
09-01 07:24:33.489 E/SmsApplication( 2246): com.facebook.wearable.apps.messages does not have system signature
09-01 07:24:33.505 D/AF::TrackHandle(  625): OpPlayAudio: track:88 usage:3 not muted
09-01 07:24:33.511 I/chatty  (  625): uid=1041(audioserver) Binder:625_8 identical 3 lines
09-01 07:24:33.513 D/AF::TrackHandle(  625): OpPlayAudio: track:88 usage:3 not muted
09-01 07:24:33.566 D/CarrierSvcBindHelper( 2246): No carrier app for: 0
09-01 07:24:33.585 D/CompatibilityInfo( 1460): mCompatibilityFlags - 4
09-01 07:24:33.585 D/CompatibilityInfo( 1460): applicationDensity - 320
09-01 07:24:33.585 D/CompatibilityInfo( 1460): applicationScale - 1.0
09-01 07:24:33.593 D/CarrierSvcBindHelper( 2246): No carrier app for: 0
09-01 07:24:33.685 W/Looper  ( 1460): Drained
09-01 07:24:33.685 I/PermissionControllerServiceImpl(10768): Updating user sensitive for uid 10113
09-01 07:24:33.688 D/ImsResolver( 2246): maybeAddedImsService, packageName: com.github.uiautomator
09-01 07:24:33.695 D/CarrierConfigLoader( 2246): mHandler: 12 phoneId: 0
09-01 07:24:34.189 D/audio_hw_primary(  562): out_standby: enter: stream (0x96f76000) usecase(1: low-latency-playback)
09-01 07:24:34.221 D/audio_hw_primary(  562): disable_audio_route: reset and update mixer path: low-latency-playback
09-01 07:24:34.223 D/soundtrigger(  562): audio_extn_sound_trigger_update_stream_status: uc_info->id 1 of type 0 for Event 2, with Raise=0
09-01 07:24:34.223 D/audio_hw_bluebox(  562): audio_extn_bluebox_route_disabled() usecase=0
09-01 07:24:34.223 D/hardware_info(  562): hw_info_append_hw_type : device_name = speaker
09-01 07:24:34.225 I/system_server( 1460): oneway function results will be dropped but finished with status OK and parcel size 4
09-01 07:24:34.529 W/RuleEvaluation( 1460): Integrity rule files are not available.
09-01 07:24:34.531 I/PackageManager( 1460): Integrity check passed for file:///data/app/vmdl1598656605.tmp
09-01 07:24:34.557 I/ActivityManager( 1460): Force stopping com.github.uiautomator.test appid=10114 user=-1: installPackageLI
09-01 07:24:34.559 I/PackageManager( 1460): Update package com.github.uiautomator.test code path from /data/app/~~_tpXAQpr11lTgW2X29jCxQ==/com.github.uiautomator.test-QefT_4vK_rfifVJeNDDB2Q== to /data/app/~~g9kJV6jbJewP4Ph72ZEpHg==/com.github.uiautomator.test-Elb4hNMsJXUOf0AzFFOSCw==; Retain data and using new
09-01 07:24:34.559 I/PackageManager( 1460): Update package com.github.uiautomator.test resource path from /data/app/~~_tpXAQpr11lTgW2X29jCxQ==/com.github.uiautomator.test-QefT_4vK_rfifVJeNDDB2Q== to /data/app/~~g9kJV6jbJewP4Ph72ZEpHg==/com.github.uiautomator.test-Elb4hNMsJXUOf0AzFFOSCw==; Retain data and using new
09-01 07:24:35.234 D/PackageManager( 1460): Instant App installer not found with android.intent.action.INSTALL_INSTANT_APP_PACKAGE
09-01 07:24:35.234 D/PackageManager( 1460): Clear ephemeral installer activity
09-01 07:24:35.235 W/system_server( 1460): Long monitor contention with owner PackageManager (1635) at void com.android.server.pm.PackageManagerService.updateSettingsInternalLI(com.android.server.pm.parsing.pkg.AndroidPackage, com.android.server.pm.PackageManagerService$InstallArgs, int[], com.android.server.pm.PackageManagerService$PackageInstalledInfo)(PackageManagerService.java:16290) waiters=0 in java.lang.String com.android.server.pm.PackageManagerService.getInstantAppPackageName(int) for 563ms
09-01 07:24:35.562 E/installd(  889): Couldn't opendir /data/app/vmdl1598656605.tmp: No such file or directory
09-01 07:24:35.562 E/installd(  889): Failed to delete /data/app/vmdl1598656605.tmp: No such file or directory
09-01 07:24:35.563 I/ActivityManager( 1460): Force stopping com.github.uiautomator.test appid=10114 user=0: pkg removed
09-01 07:24:35.583 I/MediaProvider( 2717): Invalidating LocalCallingIdentity cache for package com.github.uiautomator.test. Reason: package android.intent.action.PACKAGE_REMOVED
09-01 07:24:35.590 D/Avrcp_ext( 1994): AvrcpServiceBroadcastReceiver-> Action: android.intent.action.PACKAGE_REMOVED
09-01 07:24:35.592 W/BroadcastQueue( 1460): Background execution not allowed: receiving Intent { act=android.intent.action.PACKAGE_REMOVED dat=package:com.github.uiautomator.test flg=0x4000010 (has extras) } to com.android.gallery3d/.app.PackagesMonitor
09-01 07:24:35.595 D/CompatibilityInfo( 1460): mCompatibilityFlags - 14
09-01 07:24:35.595 D/CompatibilityInfo( 1460): applicationDensity - 320
09-01 07:24:35.595 D/CompatibilityInfo( 1460): applicationScale - 1.0
09-01 07:24:35.602 I/InputReader( 1460): Reconfiguring input devices, changes=KEYBOARD_LAYOUTS | 
09-01 07:24:35.606 I/MediaProvider( 2717): Invalidating LocalCallingIdentity cache for package com.github.uiautomator.test. Reason: package android.intent.action.PACKAGE_ADDED
09-01 07:24:35.617 E/SmsApplication( 2246): com.facebook.wearable.apps.messages does not have system signature
09-01 07:24:35.619 D/Avrcp_ext( 1994): AvrcpServiceBroadcastReceiver-> Action: android.intent.action.PACKAGE_ADDED
09-01 07:24:35.619 D/Avrcp_ext( 1994): AvrcpServiceBroadcastReceiver-> packageName: com.github.uiautomator.test
09-01 07:24:35.619 D/Avrcp_ext( 1994): packageName: com.github.uiautomator.test removed: false
09-01 07:24:35.622 D/Avrcp_ext( 1994): isBrowsableListUpdated: browsable list size mismatch, true
09-01 07:24:35.622 D/Avrcp_ext( 1994): buildBrowsablePlayerList 
09-01 07:24:35.627 W/BroadcastQueue( 1460): Background execution not allowed: receiving Intent { act=android.intent.action.PACKAGE_ADDED dat=package:com.github.uiautomator.test flg=0x4000010 (has extras) } to com.android.packageinstaller/.PackageInstalledReceiver
09-01 07:24:35.627 I/InputReader( 1460): Reconfiguring input devices, changes=KEYBOARD_LAYOUTS | 
09-01 07:24:35.628 V/Avrcp_ext( 1994): getMediaPlayerInfo: Found com.android.music
09-01 07:24:35.628 V/Avrcp_ext( 1994): isBrowseSupported for com.android.music: false
09-01 07:24:35.633 W/TextServicesManagerService( 1460): no available spell checker services found
09-01 07:24:35.634 D/Avrcp_ext( 1994): Adding media player info for com.android.music with id 1
09-01 07:24:35.634 D/Avrcp_ext( 1994): update #1:MediaPlayerInfo com.android.music (as 'Android Open Source Music Player') Type = 1, SubType = 0, Status = 0 Feature Bits [40 41 42 44 45 47 48 58] Controller: null
09-01 07:24:35.634 D/Avrcp_ext( 1994): Added MediaPlayerController/MediaPlayerPackage
09-01 07:24:35.635 V/Avrcp_ext( 1994): getMediaPlayerInfo: Found com.facebook.wearable.apps.eq
09-01 07:24:35.635 V/Avrcp_ext( 1994): isBrowseSupported for com.facebook.wearable.apps.eq: false
09-01 07:24:35.636 W/Searchables( 1460): No global search activity found
09-01 07:24:35.636 D/CompatibilityInfo( 1460): mCompatibilityFlags - 4
09-01 07:24:35.636 D/CompatibilityInfo( 1460): applicationDensity - 320
09-01 07:24:35.636 D/CompatibilityInfo( 1460): applicationScale - 1.0
09-01 07:24:35.646 I/Telecom ( 1460): DefaultDialerCache: Refreshing default dialer for user 0: now com.facebook.wearable.apps.phone: DDC.oR@EnA
09-01 07:24:35.647 I/PermissionControllerServiceImpl(10768): Updating user sensitive for uid 10114
09-01 07:24:35.665 V/BackupManagerConstants( 1460): getFullBackupIntervalMilliseconds(...) returns 86400000
09-01 07:24:35.666 V/BackupManagerConstants( 1460): getFullBackupRequiredNetworkType(...) returns 2
09-01 07:24:35.666 V/BackupManagerConstants( 1460): getFullBackupRequireCharging(...) returns true
09-01 07:24:35.667 D/Avrcp_ext( 1994): Adding media player info for com.facebook.wearable.apps.eq with id 2
09-01 07:24:35.667 D/Avrcp_ext( 1994): update #2:MediaPlayerInfo com.facebook.wearable.apps.eq (as 'EQ') Type = 1, SubType = 0, Status = 0 Feature Bits [40 41 42 44 45 47 48 58] Controller: null
09-01 07:24:35.667 D/Avrcp_ext( 1994): Added MediaPlayerController/MediaPlayerPackage
09-01 07:24:35.667 V/Avrcp_ext( 1994): getMediaPlayerInfo: Found com.facebook.wearable.apps.mediacontroller
09-01 07:24:35.667 V/Avrcp_ext( 1994): isBrowseSupported for com.facebook.wearable.apps.mediacontroller: false
09-01 07:24:35.668 D/Avrcp_ext( 1994): Adding media player info for com.facebook.wearable.apps.mediacontroller with id 3
09-01 07:24:35.668 D/Avrcp_ext( 1994): update #3:MediaPlayerInfo com.facebook.wearable.apps.mediacontroller (as 'mediacontroller') Type = 1, SubType = 0, Status = 0 Feature Bits [40 41 42 44 45 47 48 58] Controller: null
09-01 07:24:35.668 D/Avrcp_ext( 1994): Added MediaPlayerController/MediaPlayerPackage
09-01 07:24:35.669 V/Avrcp_ext( 1994): getMediaPlayerInfo: Found com.facebook.wearable.apps.player
09-01 07:24:35.670 V/Avrcp_ext( 1994): isBrowseSupported for com.facebook.wearable.apps.player: false
09-01 07:24:35.672 D/Avrcp_ext( 1994): Adding media player info for com.facebook.wearable.apps.player with id 4
