09-01 07:05:29.679 E/QMI_FW  ( 1038): qmi_cci_get_ref: ref count increased 2
09-01 07:05:29.684 D/ConnectivityManager( 2574): NetworkCallback was already unregistered
09-01 07:05:29.688 E/msys    ( 3417): E[S sync]_createResponseError(165)=>Network Response e1d5b3d2-3607-471f-8ad1-80b9faabdd8b contains sync error Error Domain=mqtt Code=2002 - Underlying error (null): Error Domain=mqtt Code=2002
09-01 07:05:29.695 D/ConnectivityService( 1460): NetReassign [14 : null → 104, 15 : null → 104, 24 : null → 104, 18 : null → 104, 107 : null → 104, 8 : null → 104, 13 : null → 104, 23 : null → 104, 25 : null → 104, 1 : null → 104, 106 : null → 104, 41 : null → 104, 11 : null → 104, 17 : null → 104]
09-01 07:05:29.696 E/QMI_FW  ( 1038): qmi_cci_get_ref: ref count increased 2
09-01 07:05:29.698 E/NetlinkEvent(  472): NetlinkEvent::FindParam(): Parameter 'INTERFACE' not found
09-01 07:05:29.698 E/NetlinkEvent(  472): NetlinkEvent::FindParam(): Parameter 'STATE' not found
09-01 07:05:29.698 E/NetlinkEvent(  472): NetlinkEvent::FindParam(): Parameter 'TIME_NS' not found
09-01 07:05:29.698 E/NetlinkEvent(  472): NetlinkEvent::FindParam(): Parameter 'UID' not found
09-01 07:05:29.707 E/QMI_FW  ( 1038): qmi_cci_get_ref: ref count increased 2
09-01 07:05:29.709 E/msys    ( 3417): E[S sync]_createResponseError(165)=>Network Response 49956b0f-3703-440d-9727-9181d95af482 contains sync error Error Domain=mqtt Code=2002 - Underlying error (null): Error Domain=mqtt Code=2002
09-01 07:05:29.712 E/QMI_FW  ( 1038): qmi_cci_get_ref: ref count increased 2
09-01 07:05:29.717 W/MqttClient( 2801): connection/disconnecting; reason=NETWORK_LOST, operation=DISCONNECT
09-01 07:05:29.721 D/AlarmSchedulerUtil( 2574): Cancelling runnable: class com.facebook.location.platform.sdk.proxy.MonitoringProxySubscription
09-01 07:05:29.724 D/ConnectivityService( 1460): Switching to new default network: NetworkAgentInfo{ ni{[type: MOBILE[LTE], state: CONNECTED/CONNECTED, reason: (unspecified), extra: fast.t-mobile.com, failover: false, available: true, roaming: false]}  network{104}  nethandle{450082295821}  lp{{InterfaceName: rmnet_data1 LinkAddresses: [ 192.0.0.2/27,2607:fb90:9d5a:3e64:f59c:d4e4:c328:a2fd/64 ] DnsAddresses: [ /192.0.0.1,/fd00:976a::9,/fd00:976a::10 ] PcscfAddresses: [ /fd00:976a:b699:4901::3,/fd00:976a:14ef:51::3,/fd00:976a:c004:1939::3 ] Domains: null MTU: 1472 TcpBufferSizes: 2097152,4194304,8388608,262144,524288,1048576 Routes: [ 0.0.0.0/0 -> 192.0.0.1 rmnet_data1 mtu 1472,::/0 -> fe80::78b0:e5d2:c15:9dce rmnet_data1 mtu 1472,192.0.0.0/27 -> 0.0.0.0 rmnet_data1 mtu 0,2607:fb90:9d5a:3e64::/64 -> :: rmnet_data1 mtu 0 ]}}  nc{[ Transports: CELLULAR Capabilities: MMS&SUPL&INTERNET&NOT_RESTRICTED&TRUSTED&NOT_VPN&VALIDATED&NOT_ROAMING&NOT_CONGESTED&NOT_SUSPENDED LinkUpBandwidth>=15000Kbps LinkDnBandwidth>=30000Kbps Specifier: <TelephonyNetworkSpecifier [mSubId = 1]> AdministratorUids: [] RequestorUid: -1 RequestorPackageName: null]}  Score{50}  everValidated{true}  lastValidated{true}  created{true} lingering{false} explicitlySelected{false} acceptUnvalidated{false} everCaptivePortalDetected{false} lastCaptivePortalDetected{false} partialConnectivity{false} acceptPartialConnectivity{false} clat{mBaseIface: null, mIface: null, mState: IDLE} }
09-01 07:05:29.726 W/System.err( 2801): DEBUG: com.whatsapp.net.tls13.WtSocketWrapper.sendAlertAndShutdown(:88) : Sending Alert : type : WARNING description : close_notify(0) exception : 
09-01 07:05:29.732 D/AlarmSchedulerUtil( 2574): cancel remaining runnables 0 
09-01 07:05:29.736 E/msys    ( 3417): E[S sync]_createResponseError(165)=>Network Response da8a0667-a76f-4b6b-89f9-5a97161b9701 contains sync error Error Domain=mqtt Code=2002 - Underlying error (null): Error Domain=mqtt Code=2002
09-01 07:05:29.778 D/CompositeLocationSchedulerUtil( 2574): scheduling runnable with delay 0
09-01 07:05:29.779 D/CompositeLocationSchedulerUtil( 2574): Use Handler based scheduler
09-01 07:05:29.786 D/MonitoringProxySubscription( 2574): Monitoring#run for com.facebook.wearable.system.devicestatereporter
09-01 07:05:29.794 D/DhcpClient( 1460): DHCP Packet Handler stopped
09-01 07:05:29.795 D/DhcpClient( 1460): onQuitting
09-01 07:05:29.812 D/MonitoringProxySubscription( 2574): Not able to use cache
09-01 07:05:29.812 D/MonitoringProxySubscription( 2574): Start wps
09-01 07:05:29.811 E/MqttConnection( 3417): Failed to connect to address #1/2 edge-mqtt.facebook.com/157.240.22.12: java.net.ConnectException: failed to connect to /157.240.22.12 (port 443) from /192.168.43.45 (port 41044) after 60000ms: isConnected failed: ECONNABORTED (Software caused connection abort)
09-01 07:05:29.822 I/LocationServiceAnalyticsBase( 2574): added: wps/22728870-e9be-49bd-b5ba-620176e109a6
09-01 07:05:29.822 D/LocationServiceController( 2574): Start child subscription com.facebook.wearable.system.devicestatereporter
09-01 07:05:29.825 E/MqttConnection( 3417): Failed to connect to address #2/2 edge-mqtt.facebook.com/2a03:2880:f031:b:face:b00c:0:8e: java.net.ConnectException: failed to connect to /2a03:2880:f031:b:face:b00c:0:8e (port 443) from /:: (port 0) after 60000ms: connect failed: ENETUNREACH (Network is unreachable)
09-01 07:05:29.825 W/ConnectionManager( 3417): connect-and-read-messages/IOException: java.net.ConnectException: failed to connect to /2a03:2880:f031:b:face:b00c:0:8e (port 443) from /:: (port 0) after 60000ms: connect failed: ENETUNREACH (Network is unreachable)
09-01 07:05:29.829 W/HWComposer(  647): Ignoring duplicate VSYNC event from HWC for display 0 (t=12823824162970)
09-01 07:05:29.833 D/WearableMobileConfigClient( 2574): API: getBooleanFromCache Param: mos_location_service:use_proxy_refactor, Value: true, Source: DEFAULT__MISSING_SERVER_VALUE
09-01 07:05:29.837 D/MobileConfigClientDataLogger( 2574): Function name: getBooleanFromCache params mos_location_service:use_proxy_refactor success true extra DEFAULT__MISSING_SERVER_VALUE
09-01 07:05:29.841 D/FacebookRepository( 2574): Reading from Store [890796651400510]
09-01 07:05:29.856 D/WearableMobileConfigClient( 2574): API: getBooleanFromCache Param: mos_location_service:use_proxy_refactor, Value: true, Source: DEFAULT__MISSING_SERVER_VALUE
09-01 07:05:29.856 D/MobileConfigClientDataLogger( 2574): Function name: getBooleanFromCache params mos_location_service:use_proxy_refactor success true extra DEFAULT__MISSING_SERVER_VALUE
09-01 07:05:29.857 D/FacebookRepository( 2574): Reading from Store [890796651400510]
09-01 07:05:29.857 D/WearableMobileConfigClient( 2574): API: getBooleanFromCache Param: mos_location_service:use_proxy_refactor, Value: true, Source: DEFAULT__MISSING_SERVER_VALUE
09-01 07:05:29.857 D/MobileConfigClientDataLogger( 2574): Function name: getBooleanFromCache params mos_location_service:use_proxy_refactor success true extra DEFAULT__MISSING_SERVER_VALUE
09-01 07:05:29.857 D/FacebookRepository( 2574): Reading from Store [890796651400510]
09-01 07:05:29.858 D/WearableMobileConfigClient( 2574): API: getBooleanFromCache Param: mos_location_service:use_proxy_refactor, Value: true, Source: DEFAULT__MISSING_SERVER_VALUE
09-01 07:05:29.858 D/MobileConfigClientDataLogger( 2574): Function name: getBooleanFromCache params mos_location_service:use_proxy_refactor success true extra DEFAULT__MISSING_SERVER_VALUE
09-01 07:05:29.858 D/FacebookRepository( 2574): Reading from Store [890796651400510]
09-01 07:05:29.859 D/WearableMobileConfigClient( 2574): API: getBooleanFromCache Param: mos_location_service:use_proxy_refactor, Value: true, Source: DEFAULT__MISSING_SERVER_VALUE
09-01 07:05:29.859 D/MobileConfigClientDataLogger( 2574): Function name: getBooleanFromCache params mos_location_service:use_proxy_refactor success true extra DEFAULT__MISSING_SERVER_VALUE
09-01 07:05:29.859 D/FacebookRepository( 2574): Reading from Store [890796651400510]
09-01 07:05:29.860 D/LocationRequestAggregator( 2574): requests per provider 1 
09-01 07:05:29.860 D/LocationRequestAggregator( 2574): providerType wps
09-01 07:05:29.860 D/LocationServiceController( 2574): hasChanged false 
09-01 07:05:29.925 D/QCNEJ/DefaultNetworkInfoRelay( 2176): Default network available: 104
09-01 07:05:29.927 D/DeviceAuthService(31526): Network connected
09-01 07:05:29.927 D/DeviceAuthService(31526): fetchAuthTokenWrapper called
09-01 07:05:29.929 D/QCNEJ/NativeHalConnector( 2176): -> SND notifyDefaultNetworkChanged(0)
09-01 07:05:29.932 E/QMI_FW  (  935): qmi_cci_get_ref: ref count increased 2
09-01 07:05:29.936 D/NetworkTimeUpdateService( 1460): New default network 104; checking time.
09-01 07:05:29.938 E/QMI_FW  (  935): qmi_cci_get_ref: ref count increased 2
09-01 07:05:29.939 E/DeviceAuthenticator(31526): Failed to resolve oculus.com
09-01 07:05:29.939 D/DeviceAuthService(31526): isOculusAddressResolvable returned false
09-01 07:05:29.939 D/DeviceAuthService(31526): network is still available, run handler
09-01 07:05:29.941 D/LigerRadioStatsReporter( 2574): onCapabilitiesChanged: Network capabilities changed
09-01 07:05:29.941 D/LigerRadioStatsReporter( 2574): reportAndCheckpointRadioStats
09-01 07:05:29.942 D/LigerRadioStatsReporter( 2574): +++++++++++ RADIO STATS DUMP +++++++++++
09-01 07:05:29.942 D/LigerRadioStatsReporter( 2574): totalActiveRadioTimeMs=0
09-01 07:05:29.942 D/LigerRadioStatsReporter( 2574): totalTailRadioTimeMs=13998
09-01 07:05:29.942 D/LigerRadioStatsReporter( 2574): totalWakeupCount=0
09-01 07:05:29.942 D/LigerRadioStatsReporter( 2574): httpUpBytes=0
09-01 07:05:29.942 D/LigerRadioStatsReporter( 2574): httpDownBytes=0
09-01 07:05:29.942 D/LigerRadioStatsReporter( 2574): httpWakeupCount=0
09-01 07:05:29.942 D/LigerRadioStatsReporter( 2574): httpRequestCount=0
09-01 07:05:29.942 D/LigerRadioStatsReporter( 2574): httpActiveRadioTimeMs=0
09-01 07:05:29.942 D/LigerRadioStatsReporter( 2574): httpTailRadioTimeMs=13998
09-01 07:05:29.942 D/LigerRadioStatsReporter( 2574): reportAndCheckpointRadioStats: Tx=0
09-01 07:05:29.942 D/LigerRadioStatsReporter( 2574): reportAndCheckpointRadioStats: Rx=0
09-01 07:05:29.942 D/LigerRadioStatsReporter( 2574): reportAndCheckpointRadioStats: Uids=10018
09-01 07:05:29.942 D/LigerRadioStatsReporter( 2574): reportAndCheckpointRadioStats: Tags=null
09-01 07:05:29.995 D/QCNEJ/WwanInfoRelay( 2176): onCapabilitiesChanged: 104 [ Transports: CELLULAR Capabilities: MMS&SUPL&INTERNET&NOT_RESTRICTED&TRUSTED&NOT_VPN&VALIDATED&NOT_ROAMING&FOREGROUND&NOT_CONGESTED&NOT_SUSPENDED LinkUpBandwidth>=15000Kbps LinkDnBandwidth>=30000Kbps Specifier: <TelephonyNetworkSpecifier [mSubId = 1]> AdministratorUids: [] RequestorUid: -1 RequestorPackageName: null]
09-01 07:05:29.997 I/QCNEJ/WwanInfoRelay( 2176): cacheWwanInfo subId = 1 phoneId = 0 slotId = 0
09-01 07:05:29.999 D/ConnectivityService( 1460): Sending CONNECTED broadcast for type 0 [104 CELLULAR] isDefaultNetwork=true
09-01 07:05:29.997 D/LigerRadioStatsReporter( 2574): onCapabilitiesChanged: Network capabilities changed
09-01 07:05:30.071 D/ConnectivityService( 1460): NetReassign [no changes]
09-01 07:05:30.088 W/System.err( 2801): INFO: com.whatsapp.net.logging.WtLog.log$REDEX$HQcOuACUrr4(:4) : Start handshake.
09-01 07:05:30.147 W/System.err( 2801): INFO: com.whatsapp.net.logging.WtLog.log$REDEX$HQcOuACUrr4(:4) : Handshake complete : session_resumed true early_data_sent false early_data_accepted false client_cert_requested false time_ms 58
09-01 07:05:30.150 D/LOWI-9.0.0.80( 1008): [LOWI-Scan] wait_event:Wait done with Cmd 34
09-01 07:05:30.150 D/LOWI-9.0.0.80( 1008): [LOWI-Scan] do_listen_events: Rcvd valid Netlink Cmd 34 Err 0
09-01 07:05:30.151 D/LOWI-9.0.0.80( 1008): [LOWI-Scan] 
09-01 07:05:30.151 D/LOWI-9.0.0.80( 1008): [LOWI-Scan] print_bss_handler: Report Probe TSF 12824142085 as it greater than Beacon TSF 0
09-01 07:05:30.151 I/LOWI-9.0.0.80( 1008): [LOWI-Scan] RSN_IE
09-01 07:05:30.151 D/LOWI-9.0.0.80( 1008): [LOWI-Scan] decode_rsn_wpa_ie: Entered
09-01 07:05:30.151 D/LOWI-9.0.0.80( 1008): [LOWIUtils] hexDump: msg(30 14 01 00 00 0f ac 04 01 00 00 0f ac 04 01 00 00 0f ac 02 )
09-01 07:05:30.151 D/LOWI-9.0.0.80( 1008): [LOWI-Scan] decode_rsn_wpa_ie: LOWI_ENCRYPTION_TYPE_WPA_PSK
09-01 07:05:30.151 D/LOWI-9.0.0.80( 1008): [LOWI-Scan] is_qcom_ie, bss_age: 19
09-01 07:05:30.151 D/LOWI-9.0.0.80( 1008): [LOWI-Scan] BSS 3e:f1:0f:de:bf:0a LOWI_PHY_MODE_11AC_VHT20_2G(11), Beacon Interval: 100, LOWI_ENCRYPTION_TYPE_WPA_PSK 11mcRanging: No, ANQP: No, LCI: No, Civic: No, capability(0x1431): ESS Privacy ShortPreamble ShortSlotTime
09-01 07:05:30.151 D/LOWI-9.0.0.80( 1008): [LOWI-Scan] BSS 3e:f1:0f:de:bf:0a FREQ: 2447, cFreq1[40:80:160] = [0:0:0] cFreq2 = 0 Country Code =    
09-01 07:05:30.151 D/LOWI-9.0.0.80( 1008): [LOWI-Scan] BSS 3e:f1:0f:de:bf:0a (wlan0) ASSO: NO AddInfo: 0x0, TSF 0, 03:33:44.142, RSSI: -80, CPL: 127, AGE: 0,  SSID Pixel_ex, TSFDelta: 0x0, TXRate: 0
09-01 07:05:30.152 D/LOWI-9.0.0.80( 1008): [LOWI-Scan] 
09-01 07:05:30.152 D/LOWI-9.0.0.80( 1008): [LOWI-Scan] print_bss_handler: Report Probe TSF 12824142107 as it greater than Beacon TSF 0
09-01 07:05:30.152 I/LOWI-9.0.0.80( 1008): [LOWI-Scan] RSN_IE
09-01 07:05:30.152 D/LOWI-9.0.0.80( 1008): [LOWI-Scan] decode_rsn_wpa_ie: Entered
09-01 07:05:30.152 D/LOWI-9.0.0.80( 1008): [LOWIUtils] hexDump: msg(30 14 01 00 00 0f ac 04 01 00 00 0f ac 04 01 00 00 0f ac 02 )
09-01 07:05:30.152 D/LOWI-9.0.0.80( 1008): [LOWI-Scan] decode_rsn_wpa_ie: LOWI_ENCRYPTION_TYPE_WPA_PSK
09-01 07:05:30.152 D/LOWI-9.0.0.80( 1008): [LOWI-Scan] is_qcom_ie, bss_age: 47
09-01 07:05:30.152 D/LOWI-9.0.0.80( 1008): [LOWI-Scan] BSS 92:63:08:e3:9d:78 LOWI_PHY_MODE_11AC_VHT20_2G(11), Beacon Interval: 100, LOWI_ENCRYPTION_TYPE_WPA_PSK 11mcRanging: No, ANQP: No, LCI: No, Civic: No, capability(0x1431): ESS Privacy ShortPreamble ShortSlotTime
09-01 07:05:30.152 D/LOWI-9.0.0.80( 1008): [LOWI-Scan] BSS 92:63:08:e3:9d:78 FREQ: 2417, cFreq1[40:80:160] = [0:0:0] cFreq2 = 0 Country Code =    
09-01 07:05:30.152 D/WifiNl80211Manager( 1460): Scan result ready event
09-01 07:05:30.152 D/LOWI-9.0.0.80( 1008): [LOWI-Scan] BSS 92:63:08:e3:9d:78 (wlan0) ASSO: NO AddInfo: 0x0, TSF 0, 03:33:44.142, RSSI: -90, CPL: 127, AGE: 0,  SSID Pixel_tmo, TSFDelta: 0x0, TXRate: 0
09-01 07:05:30.152 D/WifiNative( 1460): Scan result ready event
09-01 07:05:30.152 D/LOWI-9.0.0.80( 1008): [LOWI-Scan] 
09-01 07:05:30.152 D/LOWI-9.0.0.80( 1008): [LOWI-Scan] print_bss_handler: Report Probe TSF 12824142130 as it greater than Beacon TSF 0
09-01 07:05:30.152 I/LOWI-9.0.0.80( 1008): [LOWI-Scan] RSN_IE
09-01 07:05:30.152 D/LOWI-9.0.0.80( 1008): [LOWI-Scan] decode_rsn_wpa_ie: Entered
09-01 07:05:30.152 D/LOWI-9.0.0.80( 1008): [LOWIUtils] hexDump: msg(30 14 01 00 00 0f ac 04 01 00 00 0f ac 04 01 00 00 0f ac 02 )
09-01 07:05:30.152 D/LOWI-9.0.0.80( 1008): [LOWI-Scan] decode_rsn_wpa_ie: LOWI_ENCRYPTION_TYPE_WPA_PSK
09-01 07:05:30.152 D/LOWI-9.0.0.80( 1008): [LOWI-Scan] is_qcom_ie, bss_age: 3
09-01 07:05:30.152 D/LOWI-9.0.0.80( 1008): [LOWI-Scan] BSS 2c:57:41:86:6c:01 LOWI_PHY_MODE_11NG_HT20(5), Beacon Interval: 100, LOWI_ENCRYPTION_TYPE_WPA_PSK 11mcRanging: No, ANQP: No, LCI: No, Civic: No, capability(0x1411): ESS Privacy ShortSlotTime
09-01 07:05:30.152 D/LOWI-9.0.0.80( 1008): [LOWI-Scan] BSS 2c:57:41:86:6c:01 FREQ: 2462, cFreq1[40:80:160] = [0:0:0] cFreq2 = 0 Country Code = US
09-01 07:05:30.152 D/LOWI-9.0.0.80( 1008): [LOWI-Scan] BSS 2c:57:41:86:6c:01 (wlan0) ASSO: NO AddInfo: 0x0, TSF 0, 03:33:44.142, RSSI: -108, CPL: 2, AGE: 0,  SSID kittyhawk, TSFDelta: 0x0, TXRate: 0
09-01 07:05:30.152 D/LOWI-9.0.0.80( 1008): [LOWI-Scan] 
09-01 07:05:30.152 D/LOWI-9.0.0.80( 1008): [LOWI-Scan] print_bss_handler: Report Probe TSF 12824142120 as it greater than Beacon TSF 0
09-01 07:05:30.153 I/LOWI-9.0.0.80( 1008): [LOWI-Scan] RSN_IE
09-01 07:05:30.153 D/LOWI-9.0.0.80( 1008): [LOWI-Scan] decode_rsn_wpa_ie: Entered
09-01 07:05:30.153 D/LOWI-9.0.0.80( 1008): [LOWIUtils] hexDump: msg(30 14 01 00 00 0f ac 04 01 00 00 0f ac 04 01 00 00 0f ac 02 )
09-01 07:05:30.153 D/LOWI-9.0.0.80( 1008): [LOWI-Scan] decode_rsn_wpa_ie: LOWI_ENCRYPTION_TYPE_WPA_PSK
09-01 07:05:30.153 D/LOWI-9.0.0.80( 1008): [LOWI-Scan] is_qcom_ie, bss_age: 29
09-01 07:05:30.153 D/LOWI-9.0.0.80( 1008): [LOWI-Scan] BSS 8a:2d:f4:fb:85:11 LOWI_PHY_MODE_11AC_VHT20_2G(11), Beacon Interval: 100, LOWI_ENCRYPTION_TYPE_WPA_PSK 11mcRanging: No, ANQP: No, LCI: No, Civic: No, capability(0x1431): ESS Privacy ShortPreamble ShortSlotTime
09-01 07:05:30.153 D/LOWI-9.0.0.80( 1008): [LOWI-Scan] BSS 8a:2d:f4:fb:85:11 FREQ: 2437, cFreq1[40:80:160] = [0:0:0] cFreq2 = 0 Country Code =    
09-01 07:05:30.153 D/LOWI-9.0.0.80( 1008): [LOWI-Scan] BSS 8a:2d:f4:fb:85:11 (wlan0) ASSO: NO AddInfo: 0x0, TSF 0, 03:33:44.142, RSSI: -100, CPL: 127, AGE: 0,  SSID Pixel_att, TSFDelta: 0x0, TXRate: 0
09-01 07:05:30.153 D/LOWI-9.0.0.80( 1008): [LOWI-Scan] 
09-01 07:05:30.153 D/LOWI-9.0.0.80( 1008): [LOWI-Scan] print_bss_handler: Report Probe TSF 12824142141 as it greater than Beacon TSF 0
09-01 07:05:30.153 I/LOWI-9.0.0.80( 1008): [LOWI-Scan] RSN_IE
09-01 07:05:30.153 D/LOWI-9.0.0.80( 1008): [LOWI-Scan] decode_rsn_wpa_ie: Entered
09-01 07:05:30.153 D/LOWI-9.0.0.80( 1008): [LOWIUtils] hexDump: msg(30 14 01 00 00 0f ac 04 01 00 00 0f ac 04 01 00 00 0f ac 02 )
09-01 07:05:30.153 D/LOWI-9.0.0.80( 1008): [LOWI-Scan] decode_rsn_wpa_ie: LOWI_ENCRYPTION_TYPE_WPA_PSK
09-01 07:05:30.153 D/LOWI-9.0.0.80( 1008): [LOWI-Scan] is_qcom_ie, bss_age: 9
09-01 07:05:30.153 D/LOWI-9.0.0.80( 1008): [LOWI-Scan] BSS 6a:9b:53:b7:f9:73 LOWI_PHY_MODE_11AC_VHT20_2G(11), Beacon Interval: 100, LOWI_ENCRYPTION_TYPE_WPA_PSK 11mcRanging: No, ANQP: No, LCI: No, Civic: No, capability(0x1431): ESS Privacy ShortPreamble ShortSlotTime
09-01 07:05:30.153 D/LOWI-9.0.0.80( 1008): [LOWI-Scan] BSS 6a:9b:53:b7:f9:73 FREQ: 2457, cFreq1[40:80:160] = [0:0:0] cFreq2 = 0 Country Code =    
09-01 07:05:30.153 D/LOWI-9.0.0.80( 1008): [LOWI-Scan] BSS 6a:9b:53:b7:f9:73 (wlan0) ASSO: NO AddInfo: 0x0, TSF 0, 03:33:44.142, RSSI: -110, CPL: 127, AGE: 0,  SSID Pixel_vzw, TSFDelta: 0x0, TXRate: 0
09-01 07:05:30.157 V/WifiHAL (  581): event received NL80211_CMD_NEW_SCAN_RESULTS
09-01 07:05:30.158 D/LOWI-9.0.0.80( 1008): [LOWI-Scan] 
09-01 07:05:30.158 D/LOWI-9.0.0.80( 1008): [LOWI-Scan] print_bss_handler: Report Probe TSF 12824142150 as it greater than Beacon TSF 0
09-01 07:05:30.158 I/LOWI-9.0.0.80( 1008): [LOWI-Scan] RSN_IE
09-01 07:05:30.158 D/LOWI-9.0.0.80( 1008): [LOWI-Scan] decode_rsn_wpa_ie: Entered
09-01 07:05:30.158 D/LOWI-9.0.0.80( 1008): [LOWIUtils] hexDump: msg(30 14 01 00 00 0f ac 04 01 00 00 0f ac 04 01 00 00 0f ac 02 )
09-01 07:05:30.158 D/LOWI-9.0.0.80( 1008): [LOWI-Scan] decode_rsn_wpa_ie: LOWI_ENCRYPTION_TYPE_WPA_PSK
09-01 07:05:30.158 D/LOWI-9.0.0.80( 1008): [LOWI-Scan] is_qcom_ie, bss_age: 3
09-01 07:05:30.158 D/LOWI-9.0.0.80( 1008): [LOWI-Scan] BSS 2c:57:41:86:90:a1 LOWI_PHY_MODE_11NG_HT20(5), Beacon Interval: 100, LOWI_ENCRYPTION_TYPE_WPA_PSK 11mcRanging: No, ANQP: No, LCI: No, Civic: No, capability(0x1411): ESS Privacy ShortSlotTime
09-01 07:05:30.158 D/LOWI-9.0.0.80( 1008): [LOWI-Scan] BSS 2c:57:41:86:90:a1 FREQ: 2462, cFreq1[40:80:160] = [0:0:0] cFreq2 = 0 Country Code = US
09-01 07:05:30.158 D/LOWI-9.0.0.80( 1008): [LOWI-Scan] BSS 2c:57:41:86:90:a1 (wlan0) ASSO: NO AddInfo: 0x0, TSF 0, 03:33:44.142, RSSI: -136, CPL: 2, AGE: 0,  SSID kittyhawk, TSFDelta: 0x0, TXRate: 0
09-01 07:05:30.159 D/LOWI-9.0.0.80( 1008): [LOWI-Scan] 
09-01 07:05:30.159 D/LOWI-9.0.0.80( 1008): [LOWI-Scan] print_bss_handler: Report Probe TSF 12824142159 as it greater than Beacon TSF 0
09-01 07:05:30.159 I/LOWI-9.0.0.80( 1008): [LOWI-Scan] RSN_IE
09-01 07:05:30.159 D/LOWI-9.0.0.80( 1008): [LOWI-Scan] decode_rsn_wpa_ie: Entered
09-01 07:05:30.159 D/LOWI-9.0.0.80( 1008): [LOWIUtils] hexDump: msg(30 14 01 00 00 0f ac 04 01 00 00 0f ac 04 01 00 00 0f ac 02 )
09-01 07:05:30.159 D/LOWI-9.0.0.80( 1008): [LOWI-Scan] decode_rsn_wpa_ie: LOWI_ENCRYPTION_TYPE_WPA_PSK
09-01 07:05:30.159 D/LOWI-9.0.0.80( 1008): [LOWI-Scan] is_qcom_ie, bss_age: 53
09-01 07:05:30.159 D/LOWI-9.0.0.80( 1008): [LOWI-Scan] BSS 2c:57:41:89:53:21 LOWI_PHY_MODE_11NG_HT20(5), Beacon Interval: 100, LOWI_ENCRYPTION_TYPE_WPA_PSK 11mcRanging: No, ANQP: No, LCI: No, Civic: No, capability(0x1411): ESS Privacy ShortSlotTime
09-01 07:05:30.159 D/LOWI-9.0.0.80( 1008): [LOWI-Scan] BSS 2c:57:41:89:53:21 FREQ: 2412, cFreq1[40:80:160] = [0:0:0] cFreq2 = 0 Country Code = US
09-01 07:05:30.159 D/LOWI-9.0.0.80( 1008): [LOWI-Scan] BSS 2c:57:41:89:53:21 (wlan0) ASSO: NO AddInfo: 0x0, TSF 0, 03:33:44.142, RSSI: -144, CPL: 3, AGE: 0,  SSID kittyhawk, TSFDelta: 0x0, TXRate: 0
09-01 07:05:30.160 D/LOWI-9.0.0.80( 1008): [LOWI-Scan] 
09-01 07:05:30.160 D/LOWI-9.0.0.80( 1008): [LOWI-Scan] print_bss_handler: Report beacon TSF 12824142168 as it greater than probe TSF 12819279714
09-01 07:05:30.160 I/LOWI-9.0.0.80( 1008): [LOWI-Scan] RSN_IE
09-01 07:05:30.160 D/LOWI-9.0.0.80( 1008): [LOWI-Scan] decode_rsn_wpa_ie: Entered
09-01 07:05:30.160 D/LOWI-9.0.0.80( 1008): [LOWIUtils] hexDump: msg(30 14 01 00 00 0f ac 04 01 00 00 0f ac 04 01 00 00 0f ac 02 )
09-01 07:05:30.160 D/LOWI-9.0.0.80( 1008): [LOWI-Scan] decode_rsn_wpa_ie: LOWI_ENCRYPTION_TYPE_WPA_PSK
09-01 07:05:30.160 D/LOWI-9.0.0.80( 1008): [LOWI-Scan] is_qcom_ie, bss_age: 2
09-01 07:05:30.160 D/LOWI-9.0.0.80( 1008): [LOWI-Scan] BSS 18:64:72:60:2b:40 LOWI_PHY_MODE_11NG_HT20(5), Beacon Interval: 100, LOWI_ENCRYPTION_TYPE_WPA_PSK 11mcRanging: No, ANQP: No, LCI: No, Civic: No, capability(0x0431): ESS Privacy ShortPreamble ShortSlotTime
09-01 07:05:30.160 D/LOWI-9.0.0.80( 1008): [LOWI-Scan] BSS 18:64:72:60:2b:40 FREQ: 2437, cFreq1[40:80:160] = [0:0:0] cFreq2 = 0 Country Code =    
09-01 07:05:30.160 D/LOWI-9.0.0.80( 1008): [LOWI-Scan] BSS 18:64:72:60:2b:40 (wlan0) ASSO: NO AddInfo: 0x1, TSF 0, 03:33:44.142, RSSI: -150, CPL: 127, AGE: 0,  SSID lab-t24103779, TSFDelta: 0x0, TXRate: 0
09-01 07:05:30.161 D/LOWI-9.0.0.80( 1008): [LOWI-Scan] 
09-01 07:05:30.161 D/LOWI-9.0.0.80( 1008): [LOWI-Scan] print_bss_handler: Report beacon TSF 12824142178 as it greater than probe TSF 12819279676
09-01 07:05:30.161 I/LOWI-9.0.0.80( 1008): [LOWI-Scan] RSN_IE
09-01 07:05:30.161 D/LOWI-9.0.0.80( 1008): [LOWI-Scan] decode_rsn_wpa_ie: Entered
09-01 07:05:30.161 D/LOWI-9.0.0.80( 1008): [LOWIUtils] hexDump: msg(30 14 01 00 00 0f ac 04 01 00 00 0f ac 04 01 00 00 0f ac 02 )
09-01 07:05:30.161 D/LOWI-9.0.0.80( 1008): [LOWI-Scan] decode_rsn_wpa_ie: LOWI_ENCRYPTION_TYPE_WPA_PSK
09-01 07:05:30.161 D/LOWI-9.0.0.80( 1008): [LOWI-Scan] is_qcom_ie, bss_age: 105
09-01 07:05:30.161 D/LOWI-9.0.0.80( 1008): [LOWI-Scan] BSS 2c:57:41:88:72:e1 LOWI_PHY_MODE_11NG_HT20(5), Beacon Interval: 100, LOWI_ENCRYPTION_TYPE_WPA_PSK 11mcRanging: No, ANQP: No, LCI: No, Civic: No, capability(0x1411): ESS Privacy ShortSlotTime
09-01 07:05:30.161 D/LOWI-9.0.0.80( 1008): [LOWI-Scan] BSS 2c:57:41:88:72:e1 FREQ: 2412, cFreq1[40:80:160] = [0:0:0] cFreq2 = 0 Country Code = US
09-01 07:05:30.161 D/LOWI-9.0.0.80( 1008): [LOWI-Scan] BSS 2c:57:41:88:72:e1 (wlan0) ASSO: NO AddInfo: 0x1, TSF 0, 03:33:44.142, RSSI: -148, CPL: 3, AGE: 0,  SSID kittyhawk, TSFDelta: 0x0, TXRate: 0
09-01 07:05:30.161 D/LOWI-9.0.0.80( 1008): [LOWI-Scan] 
09-01 07:05:30.161 D/LOWI-9.0.0.80( 1008): [LOWI-Scan] print_bss_handler: Report Probe TSF 12824142187 as it greater than Beacon TSF 12819279695
09-01 07:05:30.161 I/LOWI-9.0.0.80( 1008): [LOWI-Scan] RSN_IE
09-01 07:05:30.161 D/LOWI-9.0.0.80( 1008): [LOWI-Scan] decode_rsn_wpa_ie: Entered
09-01 07:05:30.161 D/LOWI-9.0.0.80( 1008): [LOWIUtils] hexDump: msg(30 14 01 00 00 0f ac 04 01 00 00 0f ac 04 01 00 00 0f ac 02 )
09-01 07:05:30.161 D/LOWI-9.0.0.80( 1008): [LOWI-Scan] decode_rsn_wpa_ie: LOWI_ENCRYPTION_TYPE_WPA_PSK
09-01 07:05:30.161 D/LOWI-9.0.0.80( 1008): [LOWI-Scan] is_qcom_ie, bss_age: 4
09-01 07:05:30.162 D/LOWI-9.0.0.80( 1008): [LOWI-Scan] BSS 2c:57:41:86:94:a1 LOWI_PHY_MODE_11NG_HT20(5), Beacon Interval: 100, LOWI_ENCRYPTION_TYPE_WPA_PSK 11mcRanging: No, ANQP: No, LCI: No, Civic: No, capability(0x1411): ESS Privacy ShortSlotTime
09-01 07:05:30.162 D/LOWI-9.0.0.80( 1008): [LOWI-Scan] BSS 2c:57:41:86:94:a1 FREQ: 2462, cFreq1[40:80:160] = [0:0:0] cFreq2 = 0 Country Code = US
09-01 07:05:30.162 D/LOWI-9.0.0.80( 1008): [LOWI-Scan] BSS 2c:57:41:86:94:a1 (wlan0) ASSO: NO AddInfo: 0x0, TSF 0, 03:33:44.142, RSSI: -150, CPL: 2, AGE: 0,  SSID kittyhawk, TSFDelta: 0x0, TXRate: 0
09-01 07:05:30.162 D/LOWI-9.0.0.80( 1008): [LOWI-Scan] 
09-01 07:05:30.162 D/LOWI-9.0.0.80( 1008): [LOWI-Scan] print_bss_handler: Report Probe TSF 12824142196 as it greater than Beacon TSF 0
09-01 07:05:30.162 I/LOWI-9.0.0.80( 1008): [LOWI-Scan] RSN_IE
09-01 07:05:30.162 D/LOWI-9.0.0.80( 1008): [LOWI-Scan] decode_rsn_wpa_ie: Entered
09-01 07:05:30.162 D/LOWI-9.0.0.80( 1008): [LOWIUtils] hexDump: msg(30 14 01 00 00 0f ac 04 01 00 00 0f ac 04 01 00 00 0f ac 02 )
09-01 07:05:30.162 D/LOWI-9.0.0.80( 1008): [LOWI-Scan] decode_rsn_wpa_ie: LOWI_ENCRYPTION_TYPE_WPA_PSK
09-01 07:05:30.162 D/LOWI-9.0.0.80( 1008): [LOWI-Scan] is_qcom_ie, bss_age: 53
09-01 07:05:30.162 D/LOWI-9.0.0.80( 1008): [LOWI-Scan] BSS 18:64:72:60:2e:e0 LOWI_PHY_MODE_11NG_HT20(5), Beacon Interval: 100, LOWI_ENCRYPTION_TYPE_WPA_PSK 11mcRanging: No, ANQP: No, LCI: No, Civic: No, capability(0x0431): ESS Privacy ShortPreamble ShortSlotTime
09-01 07:05:30.162 D/LOWI-9.0.0.80( 1008): [LOWI-Scan] BSS 18:64:72:60:2e:e0 FREQ: 2412, cFreq1[40:80:160] = [0:0:0] cFreq2 = 0 Country Code =    
09-01 07:05:30.162 D/LOWI-9.0.0.80( 1008): [LOWI-Scan] BSS 18:64:72:60:2e:e0 (wlan0) ASSO: NO AddInfo: 0x0, TSF 0, 03:33:44.142, RSSI: -144, CPL: 127, AGE: 0,  SSID lab-t24103779, TSFDelta: 0x0, TXRate: 0
09-01 07:05:30.163 D/LOWI-9.0.0.80( 1008): [LOWI-Scan] 
09-01 07:05:30.163 D/LOWI-9.0.0.80( 1008): [LOWI-Scan] print_bss_handler: Report Probe TSF 12824142206 as it greater than Beacon TSF 0
09-01 07:05:30.163 I/LOWI-9.0.0.80( 1008): [LOWI-Scan] RSN_IE
09-01 07:05:30.163 D/LOWI-9.0.0.80( 1008): [LOWI-Scan] decode_rsn_wpa_ie: Entered
09-01 07:05:30.163 D/LOWI-9.0.0.80( 1008): [LOWIUtils] hexDump: msg(30 14 01 00 00 0f ac 04 01 00 00 0f ac 04 01 00 00 0f ac 02 )
09-01 07:05:30.163 D/LOWI-9.0.0.80( 1008): [LOWI-Scan] decode_rsn_wpa_ie: LOWI_ENCRYPTION_TYPE_WPA_PSK
09-01 07:05:30.163 D/LOWI-9.0.0.80( 1008): [LOWI-Scan] is_qcom_ie, bss_age: 53
09-01 07:05:30.163 D/LOWI-9.0.0.80( 1008): [LOWI-Scan] BSS 2c:57:41:86:85:21 LOWI_PHY_MODE_11NG_HT20(5), Beacon Interval: 100, LOWI_ENCRYPTION_TYPE_WPA_PSK 11mcRanging: No, ANQP: No, LCI: No, Civic: No, capability(0x1411): ESS Privacy ShortSlotTime
09-01 07:05:30.163 D/LOWI-9.0.0.80( 1008): [LOWI-Scan] BSS 2c:57:41:86:85:21 FREQ: 2412, cFreq1[40:80:160] = [0:0:0] cFreq2 = 0 Country Code = US
09-01 07:05:30.163 D/LOWI-9.0.0.80( 1008): [LOWI-Scan] BSS 2c:57:41:86:85:21 (wlan0) ASSO: NO AddInfo: 0x0, TSF 0, 03:33:44.142, RSSI: -160, CPL: 3, AGE: 0,  SSID kittyhawk, TSFDelta: 0x0, TXRate: 0
09-01 07:05:30.164 D/LOWI-9.0.0.80( 1008): [LOWI-Scan] 
09-01 07:05:30.164 D/LOWI-9.0.0.80( 1008): [LOWI-Scan] print_bss_handler: Report Probe TSF 12824142248 as it greater than Beacon TSF 0
09-01 07:05:30.164 I/LOWI-9.0.0.80( 1008): [LOWI-Scan] RSN_IE
09-01 07:05:30.164 D/LOWI-9.0.0.80( 1008): [LOWI-Scan] decode_rsn_wpa_ie: Entered
09-01 07:05:30.164 D/LOWI-9.0.0.80( 1008): [LOWIUtils] hexDump: msg(30 14 01 00 00 0f ac 04 01 00 00 0f ac 04 01 00 00 0f ac 02 )
09-01 07:05:30.164 D/LOWI-9.0.0.80( 1008): [LOWI-Scan] decode_rsn_wpa_ie: LOWI_ENCRYPTION_TYPE_WPA_PSK
09-01 07:05:30.164 D/LOWI-9.0.0.80( 1008): [LOWI-Scan] is_qcom_ie, bss_age: 29
09-01 07:05:30.164 D/LOWI-9.0.0.80( 1008): [LOWI-Scan] BSS 2c:57:41:83:fd:21 LOWI_PHY_MODE_11NG_HT20(5), Beacon Interval: 100, LOWI_ENCRYPTION_TYPE_WPA_PSK 11mcRanging: No, ANQP: No, LCI: No, Civic: No, capability(0x1411): ESS Privacy ShortSlotTime
09-01 07:05:30.164 D/LOWI-9.0.0.80( 1008): [LOWI-Scan] BSS 2c:57:41:83:fd:21 FREQ: 2437, cFreq1[40:80:160] = [0:0:0] cFreq2 = 0 Country Code = US
09-01 07:05:30.164 D/LOWI-9.0.0.80( 1008): [LOWI-Scan] BSS 2c:57:41:83:fd:21 (wlan0) ASSO: NO AddInfo: 0x0, TSF 0, 03:33:44.142, RSSI: -154, CPL: 2, AGE: 0,  SSID kittyhawk, TSFDelta: 0x0, TXRate: 0
09-01 07:05:30.164 D/LOWI-9.0.0.80( 1008): [LOWI-Scan] 
09-01 07:05:30.165 D/LOWI-9.0.0.80( 1008): [LOWI-Scan] print_bss_handler: Report Probe TSF 12824142260 as it greater than Beacon TSF 0
09-01 07:05:30.165 I/LOWI-9.0.0.80( 1008): [LOWI-Scan] RSN_IE
09-01 07:05:30.165 D/LOWI-9.0.0.80( 1008): [LOWI-Scan] decode_rsn_wpa_ie: Entered
09-01 07:05:30.165 D/LOWI-9.0.0.80( 1008): [LOWIUtils] hexDump: msg(30 14 01 00 00 0f ac 04 01 00 00 0f ac 04 01 00 00 0f ac 02 )
09-01 07:05:30.165 D/LOWI-9.0.0.80( 1008): [LOWI-Scan] decode_rsn_wpa_ie: LOWI_ENCRYPTION_TYPE_WPA_PSK
09-01 07:05:30.165 D/LOWI-9.0.0.80( 1008): [LOWI-Scan] is_qcom_ie, bss_age: 21
09-01 07:05:30.165 D/LOWI-9.0.0.80( 1008): [LOWI-Scan] BSS 00:24:b1:02:cb:dc LOWI_PHY_MODE_11NG_HT20(5), Beacon Interval: 100, LOWI_ENCRYPTION_TYPE_WPA_PSK 11mcRanging: No, ANQP: No, LCI: No, Civic: No, capability(0x0431): ESS Privacy ShortPreamble ShortSlotTime
09-01 07:05:30.165 D/LOWI-9.0.0.80( 1008): [LOWI-Scan] BSS 00:24:b1:02:cb:dc FREQ: 2447, cFreq1[40:80:160] = [0:0:0] cFreq2 = 0 Country Code =    
09-01 07:05:30.165 D/LOWI-9.0.0.80( 1008): [LOWI-Scan] BSS 00:24:b1:02:cb:dc (wlan0) ASSO: NO AddInfo: 0x0, TSF 0, 03:33:44.142, RSSI: -176, CPL: 127, AGE: 0,  SSID 0024b1000002cbdc, TSFDelta: 0x0, TXRate: 0
09-01 07:05:30.165 D/LOWI-9.0.0.80( 1008): [LOWIDiagLog] Log: lowiMeasResult->request: invalid null argument
09-01 07:05:30.165 I/LOWI-9.0.0.80( 1008): [LOWI-Scan] lowi_close_record:Scan done in 1204886ms, 14 APs in scan results
09-01 07:05:30.165 D/LOWI-9.0.0.80( 1008): [LOWI-Scan] WipsScanUsingNL: passive scan cached 0, took 4866 ms, err 0
09-01 07:05:30.165 D/LOWI-9.0.0.80( 1008): [LOWI-Scan] lowi_proc_req_passive_scan_with_live_meas - No WLAN Frames to be parsed
09-01 07:05:30.165 D/LOWI-9.0.0.80( 1008): [LOWIScanResultReceiver] Send scan meas to listener
09-01 07:05:30.165 D/LOWI-9.0.0.80( 1008): [LOWIScanResultReceiver] Enter passive listening mode
09-01 07:05:30.165 D/LOWI-9.0.0.80( 1008): [LOWIWifiDriverInterface] getMeasurements - Passive listening mode
09-01 07:05:30.165 D/LOWI-9.0.0.80( 1008): [LOWI-Scan] WipsScanUsingNL:wait -1 sec for netlink message
09-01 07:05:30.165 D/LOWI-9.0.0.80( 1008): [LOWIEventReceiver] handleEvent:FROM:NA, TO:NA, REQ:NA, IREQ:NA, REQ_ID:0, RESP:NA, INFO:NA
09-01 07:05:30.165 D/LOWI-9.0.0.80( 1008): [LOWIBackgroundScanMgr] isRspForBgScanMgr: evt(LOWI_NO_EVT) - not handled
09-01 07:05:30.165 D/LOWI-9.0.0.80( 1008): [LOWIScheduler] manageMsg: NULL results or NULL request in results
09-01 07:05:30.166 D/LOWI-9.0.0.80( 1008): [LOWIController] Measurements received
09-01 07:05:30.166 D/LOWI-9.0.0.80( 1008): [LOWICacheManager] putInCache:Num of Meas to add: 14
09-01 07:05:30.166 D/LOWI-9.0.0.80( 1008): [LOWIController] processMeasurementResults: No current Request. Cache measurements
09-01 07:05:30.166 D/LOWI-9.0.0.80( 1008): [LOWIController] sendAsyncScanResponse: Request FreeWifiScanObserver_0 is from a different client.
09-01 07:05:30.167 D/LOWI-9.0.0.80( 1008): [LOWIController] generateResponse: Type (ASYNC_DISCOVERY_SCAN_RESULTS) ScanStatus (1) request FreeWifiScanObserver_0
09-01 07:05:30.167 D/LOWI-9.0.0.80( 1008): [LOWIEventDispatcher] sendResponse - originator = FreeWifiScanObserver
09-01 07:05:30.167 D/LOWI-9.0.0.80( 1008): [LOWIUtils] injectScanMeasurements - num of APs = 14
09-01 07:05:30.168 I/LOWI-9.0.0.80( 1008): [LOWIUtils] responseToOutPostcard - TO: FreeWifiScanObserver, FROM:   LOWI-SERVER, RESP:  LOWI_ASYNC_DISCOVERY_SCAN_RESULTS
09-01 07:05:30.169 D/LOWI-9.0.0.80( 1008): [LOWIControllerExtn] sendLOWILpDiscoveryScanResponse: Not a discovery scan response
09-01 07:05:30.173 I/LocSvc_api_v02(  567): ---> locClientSendReq line 2409 QMI_LOC_INJECT_WIFI_AP_DATA_REQ_V02
09-01 07:05:30.173 E/QMI_FW  (  567): qmi_cci_get_ref: ref count increased 2
09-01 07:05:30.174 E/QMI_FW  (  567): qmi_cci_get_ref: ref count increased 2
09-01 07:05:30.174 I/LocSvc_ApiV02(  567): <--- globalRespCb line 221 QMI_LOC_INJECT_WIFI_AP_DATA_REQ_V02
09-01 07:05:30.217 W/able.apps.mwea( 3417): Accessing hidden method Lcom/android/org/conscrypt/ConscryptEngineSocket;->setHostname(Ljava/lang/String;)V (greylist-max-q,core-platform-api, reflection, denied)
09-01 07:05:30.218 W/able.apps.mwea( 3417): Accessing hidden method Lcom/android/org/conscrypt/OpenSSLSocketImpl;->setHostname(Ljava/lang/String;)V (greylist-max-q,core-platform-api, reflection, denied)
09-01 07:05:30.218 W/able.apps.mwea( 3417): Accessing hidden method Lcom/android/org/conscrypt/AbstractConscryptSocket;->setHostname(Ljava/lang/String;)V (greylist-max-q, reflection, denied)
09-01 07:05:30.218 E/liblite/AccountingSocket( 3417): Failed to access setHostname
09-01 07:05:30.218 E/liblite/AccountingSocket( 3417): java.lang.NoSuchMethodException: com.android.org.conscrypt.Java8EngineSocket.setHostname [class java.lang.String]
09-01 07:05:30.218 E/liblite/AccountingSocket( 3417): 	at java.lang.Class.getMethod(Class.java:2072)
09-01 07:05:30.218 E/liblite/AccountingSocket( 3417): 	at java.lang.Class.getMethod(Class.java:1693)
09-01 07:05:30.218 E/liblite/AccountingSocket( 3417): 	at com.facebook.wearable.common.comms.commcore.mqtt.WearableRtcSSLSocketFactory$WearableRtcSSLSocket.<init>(:30)
09-01 07:05:30.218 E/liblite/AccountingSocket( 3417): 	at com.facebook.wearable.common.comms.commcore.mqtt.WearableRtcSSLSocketFactory.createSocket(:268435498)
09-01 07:05:30.218 E/liblite/AccountingSocket( 3417): 	at com.facebook.liblite.mqttnano.android.MqttnanoClient$6.run(:37835)
09-01 07:05:30.218 E/liblite/AccountingSocket( 3417): 	at android.os.Handler.handleCallback(Handler.java:938)
09-01 07:05:30.218 E/liblite/AccountingSocket( 3417): 	at android.os.Handler.dispatchMessage(Handler.java:99)
09-01 07:05:30.218 E/liblite/AccountingSocket( 3417): 	at android.os.Looper.loop(Looper.java:223)
09-01 07:05:30.218 E/liblite/AccountingSocket( 3417): 	at android.os.HandlerThread.run(HandlerThread.java:67)
09-01 07:05:30.218 W/able.apps.mwea( 3417): Accessing hidden method Lcom/android/org/conscrypt/ConscryptEngineSocket;->setUseSessionTickets(Z)V (greylist-max-q,core-platform-api, reflection, denied)
09-01 07:05:30.218 W/able.apps.mwea( 3417): Accessing hidden method Lcom/android/org/conscrypt/OpenSSLSocketImpl;->setUseSessionTickets(Z)V (greylist-max-q,core-platform-api, reflection, denied)
09-01 07:05:30.219 W/able.apps.mwea( 3417): Accessing hidden method Lcom/android/org/conscrypt/AbstractConscryptSocket;->setUseSessionTickets(Z)V (greylist-max-q, reflection, denied)
09-01 07:05:30.219 E/liblite/AccountingSocket( 3417): Failed to access setUseSessionTickets
09-01 07:05:30.219 E/liblite/AccountingSocket( 3417): java.lang.NoSuchMethodException: com.android.org.conscrypt.Java8EngineSocket.setUseSessionTickets [boolean]
09-01 07:05:30.219 E/liblite/AccountingSocket( 3417): 	at java.lang.Class.getMethod(Class.java:2072)
09-01 07:05:30.219 E/liblite/AccountingSocket( 3417): 	at java.lang.Class.getMethod(Class.java:1693)
09-01 07:05:30.219 E/liblite/AccountingSocket( 3417): 	at com.facebook.wearable.common.comms.commcore.mqtt.WearableRtcSSLSocketFactory$WearableRtcSSLSocket.<init>(:58)
09-01 07:05:30.219 E/liblite/AccountingSocket( 3417): 	at com.facebook.wearable.common.comms.commcore.mqtt.WearableRtcSSLSocketFactory.createSocket(:268435498)
09-01 07:05:30.219 E/liblite/AccountingSocket( 3417): 	at com.facebook.liblite.mqttnano.android.MqttnanoClient$6.run(:37835)
09-01 07:05:30.219 E/liblite/AccountingSocket( 3417): 	at android.os.Handler.handleCallback(Handler.java:938)
09-01 07:05:30.219 E/liblite/AccountingSocket( 3417): 	at android.os.Handler.dispatchMessage(Handler.java:99)
09-01 07:05:30.219 E/liblite/AccountingSocket( 3417): 	at android.os.Looper.loop(Looper.java:223)
09-01 07:05:30.219 E/liblite/AccountingSocket( 3417): 	at android.os.HandlerThread.run(HandlerThread.java:67)
09-01 07:05:30.758 W/RuleEvaluation( 1460): Integrity rule files are not available.
09-01 07:05:30.759 I/PackageManager( 1460): Integrity check passed for file:///data/app/vmdl1384330449.tmp
09-01 07:05:30.780 I/ActivityManager( 1460): Force stopping com.github.uiautomator appid=10113 user=-1: installPackageLI
09-01 07:05:30.784 I/ActivityManager( 1460): Killing 4934:com.github.uiautomator/u0a113 (adj 0): stop com.github.uiautomator due to installPackageLI
09-01 07:05:30.796 I/PackageManager( 1460): Update package com.github.uiautomator code path from /data/app/~~iewkpjsvnKNQnC-QWPl1VA==/com.github.uiautomator-SP5rHoxcKDAGPQ_p8OTPYg== to /data/app/~~QrIdem2RS0FFMQUjW5cBQg==/com.github.uiautomator-23n0RvxqKt4B3JXlc39JKw==; Retain data and using new
09-01 07:05:30.796 I/PackageManager( 1460): Update package com.github.uiautomator resource path from /data/app/~~iewkpjsvnKNQnC-QWPl1VA==/com.github.uiautomator-SP5rHoxcKDAGPQ_p8OTPYg== to /data/app/~~QrIdem2RS0FFMQUjW5cBQg==/com.github.uiautomator-23n0RvxqKt4B3JXlc39JKw==; Retain data and using new
09-01 07:05:30.799 W/ActivityManager( 1460): Crash of app com.github.uiautomator running instrumentation ComponentInfo{com.github.uiautomator.test/android.support.test.runner.AndroidJUnitRunner}
09-01 07:05:30.820 D/AndroidRuntime( 4919): Shutting down VM
09-01 07:05:30.846 D/CompatibilityChangeReporter( 1460): Compat change id reported: 135549675; UID 10113; state: DISABLED
09-01 07:05:30.861 I/Zygote  (  476): Process 4934 exited due to signal 9 (Killed)
09-01 07:05:30.879 I/libprocessgroup( 1460): Successfully killed process cgroup uid 10113 pid 4934 in 84ms
09-01 07:05:31.062 D/PackageManager( 1460): Instant App installer not found with android.intent.action.INSTALL_INSTANT_APP_PACKAGE
09-01 07:05:31.062 D/PackageManager( 1460): Clear ephemeral installer activity
09-01 07:05:31.067 W/system_server( 1460): Long monitor contention with owner PackageManager (1635) at com.android.server.pm.PackageManagerService$ScanResult com.android.server.pm.PackageManagerService.scanPackageNewLI(com.android.server.pm.parsing.pkg.ParsedPackage, int, int, long, android.os.UserHandle, java.lang.String)(PackageManagerService.java:11082) waiters=0 in com.android.server.pm.parsing.pkg.AndroidPackage com.android.server.pm.PackageManagerService$PackageManagerInternalImpl.getPackage(java.lang.String) for 257ms
09-01 07:05:31.078 I/ActivityManager( 1460): Force stopping com.github.uiautomator appid=10113 user=0: finished inst
09-01 07:05:31.087 W/EventCoordinator( 2771): releaseMemory
09-01 07:05:31.135 W/system_server( 1460): Long monitor contention with owner ActivityManager (1550) at void com.android.server.wm.ActivityTaskManagerService$LocalService.handleAppDied(com.android.server.wm.WindowProcessController, boolean, java.lang.Runnable)(ActivityTaskManagerService.java:6867) waiters=0 in void com.android.server.wm.WindowManagerService$LocalService.removeWindowToken(android.os.IBinder, boolean, int) for 264ms
09-01 07:05:31.137 W/WindowManager( 1460): removeWindowToken: Attempted to remove non-existing token: android.os.Binder@13b7ce4
09-01 07:05:31.145 W/system_server( 1460): Long monitor contention with owner ActivityManager (1550) at void com.android.server.am.ActivityManagerService$MainHandler.handleMessage(android.os.Message)(ActivityManagerService.java:1852) waiters=0 in void com.android.server.am.ActivityManagerService.dispatchUidsChanged() for 357ms
09-01 07:05:31.153 W/Looper  ( 1460): Slow dispatch took 371ms android.ui h=com.android.server.am.ActivityManagerService$UiHandler c=null m=53
09-01 07:05:31.153 W/Looper  ( 1460): Slow delivery took 356ms android.ui h=com.android.server.am.ActivityManagerService$UiHandler c=null m=32
09-01 07:05:31.171 W/WindowManager( 1460): Cannot find window which accessibility connection is added to
09-01 07:05:31.197 E/installd(  889): Couldn't opendir /data/app/vmdl1384330449.tmp: No such file or directory
09-01 07:05:31.197 E/installd(  889): Failed to delete /data/app/vmdl1384330449.tmp: No such file or directory
09-01 07:05:31.201 I/ActivityManager( 1460): Force stopping com.github.uiautomator appid=10113 user=0: pkg removed
09-01 07:05:31.215 W/BroadcastQueue( 1460): Background execution not allowed: receiving Intent { act=android.intent.action.PACKAGE_REMOVED dat=package:com.github.uiautomator flg=0x4000010 (has extras) } to com.android.gallery3d/.app.PackagesMonitor
09-01 07:05:31.217 W/Looper  ( 1460): Drained
09-01 07:05:31.219 I/MediaProvider( 2717): Invalidating LocalCallingIdentity cache for package com.github.uiautomator. Reason: package android.intent.action.PACKAGE_REMOVED
09-01 07:05:31.220 D/Avrcp_ext( 1994): AvrcpServiceBroadcastReceiver-> Action: android.intent.action.PACKAGE_REMOVED
09-01 07:05:31.222 D/CompatibilityInfo( 1460): mCompatibilityFlags - 14
09-01 07:05:31.222 D/CompatibilityInfo( 1460): applicationDensity - 320
09-01 07:05:31.222 D/CompatibilityInfo( 1460): applicationScale - 1.0
09-01 07:05:31.245 D/CompatibilityChangeReporter( 1460): Compat change id reported: 135634846; UID 1000; state: DISABLED
09-01 07:05:31.247 I/MediaProvider( 2717): Invalidating LocalCallingIdentity cache for package com.github.uiautomator. Reason: package android.intent.action.PACKAGE_ADDED
09-01 07:05:31.253 D/Avrcp_ext( 1994): AvrcpServiceBroadcastReceiver-> Action: android.intent.action.PACKAGE_ADDED
09-01 07:05:31.253 D/Avrcp_ext( 1994): AvrcpServiceBroadcastReceiver-> packageName: com.github.uiautomator
09-01 07:05:31.253 D/Avrcp_ext( 1994): packageName: com.github.uiautomator removed: false
09-01 07:05:31.262 W/BroadcastQueue( 1460): Background execution not allowed: receiving Intent { act=android.intent.action.PACKAGE_ADDED dat=package:com.github.uiautomator flg=0x4000010 (has extras) } to com.android.packageinstaller/.PackageInstalledReceiver
09-01 07:05:31.263 W/BroadcastQueue( 1460): Background execution not allowed: receiving Intent { act=android.intent.action.PACKAGE_ADDED dat=package:com.github.uiautomator flg=0x4000010 (has extras) } to com.android.gallery3d/.app.PackagesMonitor
09-01 07:05:31.267 D/Avrcp_ext( 1994): isBrowsableListUpdated: browsable list size mismatch, true
09-01 07:05:31.267 D/Avrcp_ext( 1994): buildBrowsablePlayerList 
09-01 07:05:31.267 W/BroadcastQueue( 1460): Background execution not allowed: receiving Intent { act=android.intent.action.PACKAGE_ADDED dat=package:com.github.uiautomator flg=0x4000010 (has extras) } to com.facebook.wearable.system.appmanager/com.facebook.aloha.app.appmanager.common.packages.event.manifest.ManifestPackageEventReceiver
09-01 07:05:31.268 W/BroadcastQueue( 1460): Background execution not allowed: receiving Intent { act=android.intent.action.PACKAGE_REPLACED dat=package:com.github.uiautomator flg=0x4000010 (has extras) } to com.facebook.wearable.system.appmanager/com.facebook.aloha.app.appmanager.common.packages.event.manifest.ManifestPackageEventReceiver
09-01 07:05:31.269 V/Avrcp_ext( 1994): getMediaPlayerInfo: Found com.android.music
09-01 07:05:31.269 V/Avrcp_ext( 1994): isBrowseSupported for com.android.music: false
09-01 07:05:31.269 E/SmsApplication( 2246): com.facebook.wearable.apps.messages does not have system signature
09-01 07:05:31.271 D/Avrcp_ext( 1994): Adding media player info for com.android.music with id 1
09-01 07:05:31.272 D/Avrcp_ext( 1994): update #1:MediaPlayerInfo com.android.music (as 'Android Open Source Music Player') Type = 1, SubType = 0, Status = 0 Feature Bits [40 41 42 44 45 47 48 58] Controller: null
09-01 07:05:31.272 D/Avrcp_ext( 1994): Added MediaPlayerController/MediaPlayerPackage
09-01 07:05:31.272 V/Avrcp_ext( 1994): getMediaPlayerInfo: Found com.facebook.wearable.apps.eq
09-01 07:05:31.272 V/Avrcp_ext( 1994): isBrowseSupported for com.facebook.wearable.apps.eq: false
09-01 07:05:31.299 D/Avrcp_ext( 1994): Adding media player info for com.facebook.wearable.apps.eq with id 2
09-01 07:05:31.300 D/Avrcp_ext( 1994): update #2:MediaPlayerInfo com.facebook.wearable.apps.eq (as 'EQ') Type = 1, SubType = 0, Status = 0 Feature Bits [40 41 42 44 45 47 48 58] Controller: null
09-01 07:05:31.300 D/Avrcp_ext( 1994): Added MediaPlayerController/MediaPlayerPackage
09-01 07:05:31.300 V/Avrcp_ext( 1994): getMediaPlayerInfo: Found com.facebook.wearable.apps.mediacontroller
09-01 07:05:31.300 V/Avrcp_ext( 1994): isBrowseSupported for com.facebook.wearable.apps.mediacontroller: false
09-01 07:05:31.301 D/Avrcp_ext( 1994): Adding media player info for com.facebook.wearable.apps.mediacontroller with id 3
09-01 07:05:31.301 D/Avrcp_ext( 1994): update #3:MediaPlayerInfo com.facebook.wearable.apps.mediacontroller (as 'mediacontroller') Type = 1, SubType = 0, Status = 0 Feature Bits [40 41 42 44 45 47 48 58] Controller: null
09-01 07:05:31.301 D/Avrcp_ext( 1994): Added MediaPlayerController/MediaPlayerPackage
09-01 07:05:31.301 V/Avrcp_ext( 1994): getMediaPlayerInfo: Found com.facebook.wearable.apps.player
09-01 07:05:31.301 V/Avrcp_ext( 1994): isBrowseSupported for com.facebook.wearable.apps.player: false
09-01 07:05:31.302 D/Zygote  (  476): Forked child process 5261
09-01 07:05:31.302 D/Avrcp_ext( 1994): Adding media player info for com.facebook.wearable.apps.player with id 4
09-01 07:05:31.302 D/Avrcp_ext( 1994): update #4:MediaPlayerInfo com.facebook.wearable.apps.player (as 'Spotify') Type = 1, SubType = 0, Status = 0 Feature Bits [40 41 42 44 45 47 48 58] Controller: null
09-01 07:05:31.302 D/Avrcp_ext( 1994): Added MediaPlayerController/MediaPlayerPackage
09-01 07:05:31.302 V/Avrcp_ext( 1994): getMediaPlayerInfo: Found com.facebook.wearable.apps.workout
09-01 07:05:31.302 V/Avrcp_ext( 1994): isBrowseSupported for com.facebook.wearable.apps.workout: false
09-01 07:05:31.305 D/Avrcp_ext( 1994): Adding media player info for com.facebook.wearable.apps.workout with id 5
09-01 07:05:31.305 D/Avrcp_ext( 1994): update #5:MediaPlayerInfo com.facebook.wearable.apps.workout (as 'Workout') Type = 1, SubType = 0, Status = 0 Feature Bits [40 41 42 44 45 47 48 58] Controller: null
09-01 07:05:31.305 D/Avrcp_ext( 1994): Added MediaPlayerController/MediaPlayerPackage
09-01 07:05:31.306 D/RegisteredNfcFServicesCache( 2632): Service unchanged, not updating
09-01 07:05:31.306 V/Avrcp_ext( 1994): getMediaPlayerInfo: Found com.facebook.wearable.system.launcher
09-01 07:05:31.306 V/Avrcp_ext( 1994): isBrowseSupported for com.facebook.wearable.system.launcher: false
09-01 07:05:31.308 W/ActivityManager( 1460): Slow operation: 64ms so far, now at startProcess: returned from zygote!
09-01 07:05:31.308 W/ActivityManager( 1460): Slow operation: 64ms so far, now at startProcess: done updating battery stats
09-01 07:05:31.309 W/ActivityManager( 1460): Slow operation: 65ms so far, now at startProcess: building log message
09-01 07:05:31.309 I/ActivityManager( 1460): Start proc 5261:com.android.keychain/1000 for service {com.android.keychain/com.android.keychain.KeyChainService}
09-01 07:05:31.309 W/ActivityManager( 1460): Slow operation: 65ms so far, now at startProcess: starting to update pids map
09-01 07:05:31.309 W/ActivityManager( 1460): Slow operation: 66ms so far, now at startProcess: done updating pids map
09-01 07:05:31.311 I/InputReader( 1460): Reconfiguring input devices, changes=KEYBOARD_LAYOUTS | 
09-01 07:05:31.312 D/Avrcp_ext( 1994): Adding media player info for com.facebook.wearable.system.launcher with id 6
09-01 07:05:31.312 D/AF::TrackHandle(  625): OpPlayAudio: track:88 usage:3 not muted
09-01 07:05:31.312 D/Avrcp_ext( 1994): update #6:MediaPlayerInfo com.facebook.wearable.system.launcher (as 'Launcher') Type = 1, SubType = 0, Status = 0 Feature Bits [40 41 42 44 45 47 48 58] Controller: null
09-01 07:05:31.312 D/Avrcp_ext( 1994): Added MediaPlayerController/MediaPlayerPackage
09-01 07:05:31.313 V/Avrcp_ext( 1994): updateCurrentMediaState: mMediaController: null
09-01 07:05:31.315 D/AF::TrackHandle(  625): OpPlayAudio: track:88 usage:3 not muted
09-01 07:05:31.316 V/Avrcp_ext( 1994): isMusicActive: false getBluetoothPlayState: 2
09-01 07:05:31.316 V/Avrcp_ext( 1994): updateCurrentMediaState: isPlaying = false
09-01 07:05:31.318 V/Avrcp_ext( 1994): Media update: id -1➡-1? [MediaAttributes: none] : [MediaAttributes: none]
09-01 07:05:31.319 D/Avrcp_ext( 1994): isPackageNameValid: browsedPackage = isValid = false
09-01 07:05:31.319 V/Avrcp_ext( 1994): newPlayStatus:2mReportedPlayStatus:-1
09-01 07:05:31.319 V/Avrcp_ext( 1994): updatePlaybackState, state: PlaybackState {state=2, position=-1, buffered position=0, speed=0.0, updated=12825312, actions=0, custom actions=[], active item id=-1, error=null} device: null
09-01 07:05:31.319 V/Avrcp_ext( 1994): Device: no name: 
09-01 07:05:31.319 I/chatty  ( 1994): uid=1002(bluetooth) com.android.bluetooth identical 3 lines
09-01 07:05:31.319 V/Avrcp_ext( 1994): Device: no name: 
09-01 07:05:31.319 V/Avrcp_ext( 1994): updatePlayerStateAndPosition, old=PlaybackState {state=2, position=-1, buffered position=0, speed=0.0, updated=12739518, actions=0, custom actions=[], active item id=-1, error=null}, state=PlaybackState {state=2, position=-1, buffered position=0, speed=0.0, updated=12825312, actions=0, custom actions=[], active item id=-1, error=null}
09-01 07:05:31.319 V/Avrcp_ext( 1994): old state = PlaybackState {state=2, position=-1, buffered position=0, speed=0.0, updated=12739518, actions=0, custom actions=[], active item id=-1, error=null}, new state= PlaybackState {state=2, position=-1, buffered position=0, speed=0.0, updated=12825312, actions=0, custom actions=[], active item id=-1, error=null}
09-01 07:05:31.319 D/HeadsetService( 1994): getHeadsetService(): returning com.android.bluetooth.hfp.HeadsetService@476ddce
09-01 07:05:31.321 D/AF::TrackHandle(  625): OpPlayAudio: track:88 usage:3 not muted
09-01 07:05:31.322 D/AF::TrackHandle(  625): OpPlayAudio: track:88 usage:3 not muted
09-01 07:05:31.322 D/AF::TrackHandle(  625): OpPlayAudio: track:88 usage:3 not muted
09-01 07:05:31.323 D/HeadsetService( 1994):  isAudioOn: The number of audio connected devices 0
