09-01 07:05:31.323 D/HeadsetService( 1994): isScoOrCallActive(): Call Active:falseCall is Ringing:falseSCO is Active:false
09-01 07:05:31.324 D/HeadsetService( 1994):  isAudioOn: The number of audio connected devices 0
09-01 07:05:31.324 I/Avrcp_ext( 1994): updatePlayStatusForDevice: device: null
09-01 07:05:31.324 V/Avrcp_ext( 1994): updatePlaybackState (1): old=PlaybackState {state=2, position=-1, buffered position=0, speed=0.0, updated=12739518, actions=0, custom actions=[], active item id=-1, error=null}(2), new=PlaybackState {state=2, position=-1, buffered position=0, speed=0.0, updated=12825312, actions=0, custom actions=[], active item id=-1, error=null}(2)
09-01 07:05:31.324 I/Avrcp_ext( 1994): Exit updatePlayStatusForDevice
09-01 07:05:31.325 D/HeadsetService( 1994):  isAudioOn: The number of audio connected devices 0
09-01 07:05:31.325 D/HeadsetService( 1994): isScoOrCallActive(): Call Active:falseCall is Ringing:falseSCO is Active:false
09-01 07:05:31.328 D/HeadsetService( 1994):  isAudioOn: The number of audio connected devices 0
09-01 07:05:31.329 I/Avrcp_ext( 1994): updatePlayStatusForDevice: device: null
09-01 07:05:31.329 V/Avrcp_ext( 1994): updatePlaybackState (1): old=PlaybackState {state=2, position=-1, buffered position=0, speed=0.0, updated=12739518, actions=0, custom actions=[], active item id=-1, error=null}(2), new=PlaybackState {state=2, position=-1, buffered position=0, speed=0.0, updated=12825312, actions=0, custom actions=[], active item id=-1, error=null}(2)
09-01 07:05:31.329 I/Avrcp_ext( 1994): Exit updatePlayStatusForDevice
09-01 07:05:31.332 D/HeadsetService( 1994):  isAudioOn: The number of audio connected devices 0
09-01 07:05:31.332 D/HeadsetService( 1994): isScoOrCallActive(): Call Active:falseCall is Ringing:falseSCO is Active:false
09-01 07:05:31.333 D/HeadsetService( 1994):  isAudioOn: The number of audio connected devices 0
09-01 07:05:31.333 I/Avrcp_ext( 1994): updatePlayStatusForDevice: device: null
09-01 07:05:31.333 V/Avrcp_ext( 1994): updatePlaybackState (1): old=PlaybackState {state=2, position=-1, buffered position=0, speed=0.0, updated=12739518, actions=0, custom actions=[], active item id=-1, error=null}(2), new=PlaybackState {state=2, position=-1, buffered position=0, speed=0.0, updated=12825312, actions=0, custom actions=[], active item id=-1, error=null}(2)
09-01 07:05:31.333 I/Avrcp_ext( 1994): Exit updatePlayStatusForDevice
09-01 07:05:31.333 I/InputReader( 1460): Reconfiguring input devices, changes=KEYBOARD_LAYOUTS | 
09-01 07:05:31.335 I/InputReader( 1460): Reconfiguring input devices, changes=KEYBOARD_LAYOUTS | 
09-01 07:05:31.336 D/HeadsetService( 1994):  isAudioOn: The number of audio connected devices 0
09-01 07:05:31.336 D/HeadsetService( 1994): isScoOrCallActive(): Call Active:falseCall is Ringing:falseSCO is Active:false
09-01 07:05:31.338 D/HeadsetService( 1994):  isAudioOn: The number of audio connected devices 0
09-01 07:05:31.338 I/Avrcp_ext( 1994): updatePlayStatusForDevice: device: null
09-01 07:05:31.338 V/Avrcp_ext( 1994): updatePlaybackState (1): old=PlaybackState {state=2, position=-1, buffered position=0, speed=0.0, updated=12739518, actions=0, custom actions=[], active item id=-1, error=null}(2), new=PlaybackState {state=2, position=-1, buffered position=0, speed=0.0, updated=12825312, actions=0, custom actions=[], active item id=-1, error=null}(2)
09-01 07:05:31.338 I/Avrcp_ext( 1994): Exit updatePlayStatusForDevice
09-01 07:05:31.339 D/HeadsetService( 1994):  isAudioOn: The number of audio connected devices 0
09-01 07:05:31.339 D/HeadsetService( 1994): isScoOrCallActive(): Call Active:falseCall is Ringing:falseSCO is Active:false
09-01 07:05:31.340 E/SmsApplication( 2246): com.facebook.wearable.apps.messages does not have system signature
09-01 07:05:31.340 D/HeadsetService( 1994):  isAudioOn: The number of audio connected devices 0
09-01 07:05:31.340 I/Avrcp_ext( 1994): updatePlayStatusForDevice: device: null
09-01 07:05:31.340 V/Avrcp_ext( 1994): updatePlaybackState (1): old=PlaybackState {state=2, position=-1, buffered position=0, speed=0.0, updated=12739518, actions=0, custom actions=[], active item id=-1, error=null}(2), new=PlaybackState {state=2, position=-1, buffered position=0, speed=0.0, updated=12825312, actions=0, custom actions=[], active item id=-1, error=null}(2)
09-01 07:05:31.340 I/Avrcp_ext( 1994): Exit updatePlayStatusForDevice
09-01 07:05:31.340 D/Avrcp_ext( 1994): Enter sendPlayPosNotificationRsp
09-01 07:05:31.340 D/Avrcp_ext( 1994): sendPlayPosNotificationRsp: Not registered or requesting.
09-01 07:05:31.340 D/Avrcp_ext( 1994): Enter sendPlayPosNotificationRsp
09-01 07:05:31.340 D/Avrcp_ext( 1994): sendPlayPosNotificationRsp: Not registered or requesting.
09-01 07:05:31.340 D/Avrcp_ext( 1994): Enter sendPlayPosNotificationRsp
09-01 07:05:31.340 D/Avrcp_ext( 1994): sendPlayPosNotificationRsp: Not registered or requesting.
09-01 07:05:31.340 D/Avrcp_ext( 1994): Enter sendPlayPosNotificationRsp
09-01 07:05:31.340 D/Avrcp_ext( 1994): sendPlayPosNotificationRsp: Not registered or requesting.
09-01 07:05:31.340 D/Avrcp_ext( 1994): Enter sendPlayPosNotificationRsp
09-01 07:05:31.340 D/Avrcp_ext( 1994): sendPlayPosNotificationRsp: Not registered or requesting.
09-01 07:05:31.340 V/Avrcp_ext( 1994): Exit updatePlayerStateAndPosition
09-01 07:05:31.340 D/Avrcp_ext( 1994): Exit handlePackageModified
09-01 07:05:31.349 D/AF::TrackHandle(  625): OpPlayAudio: track:88 usage:3 not muted
09-01 07:05:31.395 I/Telecom ( 1460): DefaultDialerCache: Refreshing default dialer for user 0: now com.facebook.wearable.apps.phone: DDC.oR@EQs
09-01 07:05:31.411 V/BackupManagerConstants( 1460): getFullBackupIntervalMilliseconds(...) returns 86400000
09-01 07:05:31.411 V/BackupManagerConstants( 1460): getFullBackupRequiredNetworkType(...) returns 2
09-01 07:05:31.411 V/BackupManagerConstants( 1460): getFullBackupRequireCharging(...) returns true
09-01 07:05:31.361 I/chatty  (  625): uid=1041(audioserver) Binder:625_3 identical 3 lines
09-01 07:05:31.363 D/AF::TrackHandle(  625): OpPlayAudio: track:88 usage:3 not muted
09-01 07:05:31.416 E/SmsApplication( 2246): com.facebook.wearable.apps.messages does not have system signature
09-01 07:05:31.418 W/TextServicesManagerService( 1460): no available spell checker services found
09-01 07:05:31.425 D/AF::TrackHandle(  625): OpPlayAudio: track:88 usage:3 not muted
09-01 07:05:31.456 W/Looper  ( 1460): Slow delivery took 206ms main h=com.android.server.notification.NotificationManagerService$WorkerHandler c=null m=8
09-01 07:05:31.436 I/chatty  (  625): uid=1041(audioserver) Binder:625_3 identical 3 lines
09-01 07:05:31.436 D/AF::TrackHandle(  625): OpPlayAudio: track:88 usage:3 not muted
09-01 07:05:31.456 D/CarrierSvcBindHelper( 2246): No carrier app for: 0
09-01 07:05:31.469 W/bluelink(  803): [System] updateSmoothedTime: too early or too late; st=12831.809, rt=12837.018
09-01 07:05:31.476 D/CarrierSvcBindHelper( 2246): No carrier app for: 0
09-01 07:05:31.541 D/CompatibilityInfo( 1460): mCompatibilityFlags - 4
09-01 07:05:31.541 D/CompatibilityInfo( 1460): applicationDensity - 320
09-01 07:05:31.541 D/CompatibilityInfo( 1460): applicationScale - 1.0
09-01 07:05:31.550 W/Searchables( 1460): No global search activity found
09-01 07:05:31.551 W/Looper  ( 1460): Drained
09-01 07:05:31.563 W/Searchables( 1460): No global search activity found
09-01 07:05:31.571 D/ImsResolver( 2246): maybeAddedImsService, packageName: com.github.uiautomator
09-01 07:05:31.595 D/CarrierConfigLoader( 2246): mHandler: 12 phoneId: 0
09-01 07:05:31.609 W/VoiceInteractionManager( 1460): no available voice recognition services found for user 0
09-01 07:05:31.627 D/AnalyticsLogger( 1460): sent events: 54
09-01 07:05:31.710 I/PermissionControllerServiceImpl(13377): Updating user sensitive for uid 10113
09-01 07:05:31.979 D/CompatibilityInfo( 1460): mCompatibilityFlags - 4
09-01 07:05:31.979 D/CompatibilityInfo( 1460): applicationDensity - 320
09-01 07:05:31.979 D/CompatibilityInfo( 1460): applicationScale - 1.0
09-01 07:05:32.096 I/adbd    (  781): jdwp connection from 5261
09-01 07:05:32.162 D/CompatibilityInfo( 1460): mCompatibilityFlags - 4
09-01 07:05:32.162 D/CompatibilityInfo( 1460): applicationDensity - 320
09-01 07:05:32.162 D/CompatibilityInfo( 1460): applicationScale - 1.0
09-01 07:05:32.170 D/CompatibilityInfo( 1460): mCompatibilityFlags - 4
09-01 07:05:32.170 D/CompatibilityInfo( 1460): applicationDensity - 320
09-01 07:05:32.170 D/CompatibilityInfo( 1460): applicationScale - 1.0
09-01 07:05:32.201 I/system_server( 1460): Background concurrent copying GC freed 407299(16MB) AllocSpace objects, 110(4124KB) LOS objects, 50% free, 17MB/35MB, paused 347us total 772.336ms
09-01 07:05:32.208 W/ystem.analytic( 2771): Accessing hidden method Lcom/android/org/conscrypt/ConscryptEngineSocket;->setUseSessionTickets(Z)V (greylist-max-q,core-platform-api, reflection, denied)
09-01 07:05:32.208 W/ystem.analytic( 2771): Accessing hidden method Lcom/android/org/conscrypt/OpenSSLSocketImpl;->setUseSessionTickets(Z)V (greylist-max-q,core-platform-api, reflection, denied)
09-01 07:05:32.208 W/ystem.analytic( 2771): Accessing hidden method Lcom/android/org/conscrypt/AbstractConscryptSocket;->setUseSessionTickets(Z)V (greylist-max-q, reflection, denied)
09-01 07:05:32.209 W/ystem.analytic( 2771): Accessing hidden method Lcom/android/org/conscrypt/ConscryptEngineSocket;->setHostname(Ljava/lang/String;)V (greylist-max-q,core-platform-api, reflection, denied)
09-01 07:05:32.209 W/ystem.analytic( 2771): Accessing hidden method Lcom/android/org/conscrypt/OpenSSLSocketImpl;->setHostname(Ljava/lang/String;)V (greylist-max-q,core-platform-api, reflection, denied)
09-01 07:05:32.209 W/ystem.analytic( 2771): Accessing hidden method Lcom/android/org/conscrypt/AbstractConscryptSocket;->setHostname(Ljava/lang/String;)V (greylist-max-q, reflection, denied)
09-01 07:05:32.210 W/ystem.analytic( 2771): Accessing hidden method Lcom/android/org/conscrypt/OpenSSLSocketImpl;->setAlpnProtocols([B)V (greylist-max-q,core-platform-api, reflection, denied)
09-01 07:05:32.210 W/ystem.analytic( 2771): Accessing hidden method Lcom/android/org/conscrypt/AbstractConscryptSocket;->setAlpnProtocols([B)V (greylist-max-q, reflection, denied)
09-01 07:05:32.262 I/ndroid.keychai( 5261): The ClassLoaderContext is a special shared library.
09-01 07:05:32.274 W/ystem.analytic( 2771): Accessing hidden method Lcom/android/org/conscrypt/OpenSSLSocketImpl;->getAlpnSelectedProtocol()[B (greylist-max-q,core-platform-api, reflection, denied)
09-01 07:05:32.274 W/ystem.analytic( 2771): Accessing hidden method Lcom/android/org/conscrypt/AbstractConscryptSocket;->getAlpnSelectedProtocol()[B (greylist-max-q, reflection, denied)
09-01 07:05:32.318 I/Perf    ( 5261): Connecting to perf service.
09-01 07:05:32.361 D/NetworkSecurityConfig( 5261): No Network Security Config specified, using platform default
09-01 07:05:32.429 D/CompatibilityChangeReporter( 1460): Compat change id reported: 136219221; UID 1000; state: ENABLED
09-01 07:05:32.364 D/NetworkSecurityConfig( 5261): No Network Security Config specified, using platform default
09-01 07:05:32.432 D/audio_hw_primary(  562): out_standby: enter: stream (0x96f76000) usecase(1: low-latency-playback)
09-01 07:05:32.445 W/RuleEvaluation( 1460): Integrity rule files are not available.
09-01 07:05:32.447 I/PackageManager( 1460): Integrity check passed for file:///data/app/vmdl1981838892.tmp
09-01 07:05:32.458 I/ActivityManager( 1460): Force stopping com.github.uiautomator.test appid=10114 user=-1: installPackageLI
09-01 07:05:32.460 I/PackageManager( 1460): Update package com.github.uiautomator.test code path from /data/app/~~dbLTKWRpMemXKR_SEPgk-g==/com.github.uiautomator.test-dyNJsf2NSmHu0BP0WLCZEg== to /data/app/~~vRMhuNBap15BBucODkDjxg==/com.github.uiautomator.test-dNl8hVoL39EdyY2bQ_C62Q==; Retain data and using new
09-01 07:05:32.460 I/PackageManager( 1460): Update package com.github.uiautomator.test resource path from /data/app/~~dbLTKWRpMemXKR_SEPgk-g==/com.github.uiautomator.test-dyNJsf2NSmHu0BP0WLCZEg== to /data/app/~~vRMhuNBap15BBucODkDjxg==/com.github.uiautomator.test-dNl8hVoL39EdyY2bQ_C62Q==; Retain data and using new
09-01 07:05:32.470 D/audio_hw_primary(  562): disable_audio_route: reset and update mixer path: low-latency-playback
09-01 07:05:32.471 D/soundtrigger(  562): audio_extn_sound_trigger_update_stream_status: uc_info->id 1 of type 0 for Event 2, with Raise=0
09-01 07:05:32.471 D/audio_hw_bluebox(  562): audio_extn_bluebox_route_disabled() usecase=0
09-01 07:05:32.471 D/hardware_info(  562): hw_info_append_hw_type : device_name = speaker
09-01 07:05:32.471 D/audio_hw_primary(  562): disable_snd_device: snd_device(2: speaker)
09-01 07:05:32.471 I/soundtrigger(  562): audio_extn_sound_trigger_update_device_status: device 0x2 of type 0 for Event 0, with Raise=0
09-01 07:05:32.471 D/audio_hw_bluebox(  562): sending snd dev notification enabled=0 sdev=Speaker
09-01 07:05:32.472 D/commandrouter(  803): SocServiceHandle::onServiceMessage, SoC Service = audio_hal, appType = 1, type = SVC_REQ, clientId = 0, token = 488, payloadLen = 32, result = 0, payload.size() = 32
09-01 07:05:32.498 I/mcucapture(  961): 12799707 [info   ] {AUD }: SoundDevDisabled: Speaker
09-01 07:05:32.498 I/mcucapture(  961): 12799712 [info   ] {AUD }: setting audio power mode: STANDBY
09-01 07:05:32.498 I/mcucapture(  961): 12799719 [info   ] {AUD }: SmartAmpDSP: Refcount: 0
09-01 07:05:32.498 I/mcucapture(  961): 12799723 [info   ] {AUD }: Disabling SmartAmpDSP
09-01 07:05:32.542 D/commandrouter(  803): audio_hal (1, audio_hal:notification:push): <ServiceResponse> FORWARDED (remote -> local) CR token ID = 488, service client ID = 37, token ID = 1774, result = 0
09-01 07:05:32.628 D/PackageManager( 1460): Instant App installer not found with android.intent.action.INSTALL_INSTANT_APP_PACKAGE
09-01 07:05:32.628 D/PackageManager( 1460): Clear ephemeral installer activity
09-01 07:05:32.629 I/system_server( 1460): oneway function results will be dropped but finished with status OK and parcel size 4
09-01 07:05:32.672 E/installd(  889): Couldn't opendir /data/app/vmdl1981838892.tmp: No such file or directory
09-01 07:05:32.672 E/installd(  889): Failed to delete /data/app/vmdl1981838892.tmp: No such file or directory
09-01 07:05:32.673 I/ActivityManager( 1460): Force stopping com.github.uiautomator.test appid=10114 user=0: pkg removed
09-01 07:05:32.683 D/CompatibilityInfo( 1460): mCompatibilityFlags - 14
09-01 07:05:32.683 D/CompatibilityInfo( 1460): applicationDensity - 320
09-01 07:05:32.683 D/CompatibilityInfo( 1460): applicationScale - 1.0
09-01 07:05:32.687 I/MediaProvider( 2717): Invalidating LocalCallingIdentity cache for package com.github.uiautomator.test. Reason: package android.intent.action.PACKAGE_REMOVED
09-01 07:05:32.688 D/Avrcp_ext( 1994): AvrcpServiceBroadcastReceiver-> Action: android.intent.action.PACKAGE_REMOVED
09-01 07:05:32.690 I/MediaProvider( 2717): Invalidating LocalCallingIdentity cache for package com.github.uiautomator.test. Reason: package android.intent.action.PACKAGE_ADDED
09-01 07:05:32.713 D/Avrcp_ext( 1994): AvrcpServiceBroadcastReceiver-> Action: android.intent.action.PACKAGE_ADDED
09-01 07:05:32.713 D/Avrcp_ext( 1994): AvrcpServiceBroadcastReceiver-> packageName: com.github.uiautomator.test
09-01 07:05:32.713 D/Avrcp_ext( 1994): packageName: com.github.uiautomator.test removed: false
09-01 07:05:32.716 D/Avrcp_ext( 1994): isBrowsableListUpdated: browsable list size mismatch, true
09-01 07:05:32.716 D/Avrcp_ext( 1994): buildBrowsablePlayerList 
09-01 07:05:32.720 W/BroadcastQueue( 1460): Background execution not allowed: receiving Intent { act=android.intent.action.PACKAGE_REMOVED dat=package:com.github.uiautomator.test flg=0x4000010 (has extras) } to com.android.gallery3d/.app.PackagesMonitor
09-01 07:05:32.721 W/TextServicesManagerService( 1460): no available spell checker services found
09-01 07:05:32.727 D/CompatibilityInfo( 1460): mCompatibilityFlags - 4
09-01 07:05:32.727 D/CompatibilityInfo( 1460): applicationDensity - 320
09-01 07:05:32.727 D/CompatibilityInfo( 1460): applicationScale - 1.0
09-01 07:05:32.727 I/InputReader( 1460): Reconfiguring input devices, changes=KEYBOARD_LAYOUTS | 
09-01 07:05:32.728 V/Avrcp_ext( 1994): getMediaPlayerInfo: Found com.android.music
09-01 07:05:32.728 V/Avrcp_ext( 1994): isBrowseSupported for com.android.music: false
09-01 07:05:32.729 D/Avrcp_ext( 1994): Adding media player info for com.android.music with id 1
09-01 07:05:32.729 E/SmsApplication( 2246): com.facebook.wearable.apps.messages does not have system signature
09-01 07:05:32.729 D/Avrcp_ext( 1994): update #1:MediaPlayerInfo com.android.music (as 'Android Open Source Music Player') Type = 1, SubType = 0, Status = 0 Feature Bits [40 41 42 44 45 47 48 58] Controller: null
09-01 07:05:32.729 D/Avrcp_ext( 1994): Added MediaPlayerController/MediaPlayerPackage
09-01 07:05:32.729 V/Avrcp_ext( 1994): getMediaPlayerInfo: Found com.facebook.wearable.apps.eq
09-01 07:05:32.729 V/Avrcp_ext( 1994): isBrowseSupported for com.facebook.wearable.apps.eq: false
09-01 07:05:32.730 D/Avrcp_ext( 1994): Adding media player info for com.facebook.wearable.apps.eq with id 2
09-01 07:05:32.730 D/Avrcp_ext( 1994): update #2:MediaPlayerInfo com.facebook.wearable.apps.eq (as 'EQ') Type = 1, SubType = 0, Status = 0 Feature Bits [40 41 42 44 45 47 48 58] Controller: null
09-01 07:05:32.730 D/Avrcp_ext( 1994): Added MediaPlayerController/MediaPlayerPackage
09-01 07:05:32.730 V/Avrcp_ext( 1994): getMediaPlayerInfo: Found com.facebook.wearable.apps.mediacontroller
09-01 07:05:32.730 V/Avrcp_ext( 1994): isBrowseSupported for com.facebook.wearable.apps.mediacontroller: false
09-01 07:05:32.732 D/Avrcp_ext( 1994): Adding media player info for com.facebook.wearable.apps.mediacontroller with id 3
09-01 07:05:32.732 D/Avrcp_ext( 1994): update #3:MediaPlayerInfo com.facebook.wearable.apps.mediacontroller (as 'mediacontroller') Type = 1, SubType = 0, Status = 0 Feature Bits [40 41 42 44 45 47 48 58] Controller: null
09-01 07:05:32.732 D/Avrcp_ext( 1994): Added MediaPlayerController/MediaPlayerPackage
09-01 07:05:32.732 V/Avrcp_ext( 1994): getMediaPlayerInfo: Found com.facebook.wearable.apps.player
09-01 07:05:32.732 V/Avrcp_ext( 1994): isBrowseSupported for com.facebook.wearable.apps.player: false
09-01 07:05:32.744 I/InputReader( 1460): Reconfiguring input devices, changes=KEYBOARD_LAYOUTS | 
09-01 07:05:32.749 D/Avrcp_ext( 1994): Adding media player info for com.facebook.wearable.apps.player with id 4
09-01 07:05:32.749 D/Avrcp_ext( 1994): update #4:MediaPlayerInfo com.facebook.wearable.apps.player (as 'Spotify') Type = 1, SubType = 0, Status = 0 Feature Bits [40 41 42 44 45 47 48 58] Controller: null
09-01 07:05:32.749 D/Avrcp_ext( 1994): Added MediaPlayerController/MediaPlayerPackage
09-01 07:05:32.749 V/Avrcp_ext( 1994): getMediaPlayerInfo: Found com.facebook.wearable.apps.workout
09-01 07:05:32.749 V/Avrcp_ext( 1994): isBrowseSupported for com.facebook.wearable.apps.workout: false
09-01 07:05:32.751 D/Avrcp_ext( 1994): Adding media player info for com.facebook.wearable.apps.workout with id 5
09-01 07:05:32.751 D/Avrcp_ext( 1994): update #5:MediaPlayerInfo com.facebook.wearable.apps.workout (as 'Workout') Type = 1, SubType = 0, Status = 0 Feature Bits [40 41 42 44 45 47 48 58] Controller: null
09-01 07:05:32.751 D/Avrcp_ext( 1994): Added MediaPlayerController/MediaPlayerPackage
09-01 07:05:32.751 V/Avrcp_ext( 1994): getMediaPlayerInfo: Found com.facebook.wearable.system.launcher
09-01 07:05:32.751 V/Avrcp_ext( 1994): isBrowseSupported for com.facebook.wearable.system.launcher: false
09-01 07:05:32.751 I/Telecom ( 1460): DefaultDialerCache: Refreshing default dialer for user 0: now com.facebook.wearable.apps.phone: DDC.oR@EQ8
09-01 07:05:32.752 D/Avrcp_ext( 1994): Adding media player info for com.facebook.wearable.system.launcher with id 6
09-01 07:05:32.752 D/Avrcp_ext( 1994): update #6:MediaPlayerInfo com.facebook.wearable.system.launcher (as 'Launcher') Type = 1, SubType = 0, Status = 0 Feature Bits [40 41 42 44 45 47 48 58] Controller: null
09-01 07:05:32.752 D/Avrcp_ext( 1994): Added MediaPlayerController/MediaPlayerPackage
09-01 07:05:32.753 V/Avrcp_ext( 1994): updateCurrentMediaState: mMediaController: null
09-01 07:05:32.753 V/Avrcp_ext( 1994): isMusicActive: false getBluetoothPlayState: 2
09-01 07:05:32.753 V/Avrcp_ext( 1994): updateCurrentMediaState: isPlaying = false
09-01 07:05:32.753 I/PermissionControllerServiceImpl(13377): Updating user sensitive for uid 10114
09-01 07:05:32.753 V/Avrcp_ext( 1994): Media update: id -1➡-1? [MediaAttributes: none] : [MediaAttributes: none]
09-01 07:05:32.753 D/Avrcp_ext( 1994): isPackageNameValid: browsedPackage = isValid = false
09-01 07:05:32.753 V/Avrcp_ext( 1994): newPlayStatus:2mReportedPlayStatus:-1
09-01 07:05:32.754 V/Avrcp_ext( 1994): updatePlaybackState, state: PlaybackState {state=2, position=-1, buffered position=0, speed=0.0, updated=12826749, actions=0, custom actions=[], active item id=-1, error=null} device: null
09-01 07:05:32.754 V/Avrcp_ext( 1994): Device: no name: 
09-01 07:05:32.754 I/chatty  ( 1994): uid=1002(bluetooth) com.android.bluetooth identical 3 lines
09-01 07:05:32.754 V/Avrcp_ext( 1994): Device: no name: 
09-01 07:05:32.754 V/Avrcp_ext( 1994): updatePlayerStateAndPosition, old=PlaybackState {state=2, position=-1, buffered position=0, speed=0.0, updated=12825312, actions=0, custom actions=[], active item id=-1, error=null}, state=PlaybackState {state=2, position=-1, buffered position=0, speed=0.0, updated=12826749, actions=0, custom actions=[], active item id=-1, error=null}
09-01 07:05:32.754 V/Avrcp_ext( 1994): old state = PlaybackState {state=2, position=-1, buffered position=0, speed=0.0, updated=12825312, actions=0, custom actions=[], active item id=-1, error=null}, new state= PlaybackState {state=2, position=-1, buffered position=0, speed=0.0, updated=12826749, actions=0, custom actions=[], active item id=-1, error=null}
09-01 07:05:32.754 D/HeadsetService( 1994): getHeadsetService(): returning com.android.bluetooth.hfp.HeadsetService@476ddce
09-01 07:05:32.765 D/HeadsetService( 1994):  isAudioOn: The number of audio connected devices 0
09-01 07:05:32.765 D/HeadsetService( 1994): isScoOrCallActive(): Call Active:falseCall is Ringing:falseSCO is Active:false
09-01 07:05:32.766 D/HeadsetService( 1994):  isAudioOn: The number of audio connected devices 0
09-01 07:05:32.766 I/Avrcp_ext( 1994): updatePlayStatusForDevice: device: null
09-01 07:05:32.766 V/Avrcp_ext( 1994): updatePlaybackState (1): old=PlaybackState {state=2, position=-1, buffered position=0, speed=0.0, updated=12825312, actions=0, custom actions=[], active item id=-1, error=null}(2), new=PlaybackState {state=2, position=-1, buffered position=0, speed=0.0, updated=12826749, actions=0, custom actions=[], active item id=-1, error=null}(2)
09-01 07:05:32.766 I/Avrcp_ext( 1994): Exit updatePlayStatusForDevice
09-01 07:05:32.767 D/HeadsetService( 1994):  isAudioOn: The number of audio connected devices 0
09-01 07:05:32.767 D/HeadsetService( 1994): isScoOrCallActive(): Call Active:falseCall is Ringing:falseSCO is Active:false
09-01 07:05:32.769 D/HeadsetService( 1994):  isAudioOn: The number of audio connected devices 0
09-01 07:05:32.769 I/Avrcp_ext( 1994): updatePlayStatusForDevice: device: null
09-01 07:05:32.769 V/Avrcp_ext( 1994): updatePlaybackState (1): old=PlaybackState {state=2, position=-1, buffered position=0, speed=0.0, updated=12825312, actions=0, custom actions=[], active item id=-1, error=null}(2), new=PlaybackState {state=2, position=-1, buffered position=0, speed=0.0, updated=12826749, actions=0, custom actions=[], active item id=-1, error=null}(2)
09-01 07:05:32.769 I/Avrcp_ext( 1994): Exit updatePlayStatusForDevice
09-01 07:05:32.770 I/InputReader( 1460): Reconfiguring input devices, changes=KEYBOARD_LAYOUTS | 
09-01 07:05:32.770 V/BackupManagerConstants( 1460): getFullBackupIntervalMilliseconds(...) returns 86400000
09-01 07:05:32.770 V/BackupManagerConstants( 1460): getFullBackupRequiredNetworkType(...) returns 2
09-01 07:05:32.770 V/BackupManagerConstants( 1460): getFullBackupRequireCharging(...) returns true
09-01 07:05:32.771 W/BroadcastQueue( 1460): Background execution not allowed: receiving Intent { act=android.intent.action.PACKAGE_ADDED dat=package:com.github.uiautomator.test flg=0x4000010 (has extras) } to com.android.packageinstaller/.PackageInstalledReceiver
09-01 07:05:32.772 W/BroadcastQueue( 1460): Background execution not allowed: receiving Intent { act=android.intent.action.PACKAGE_ADDED dat=package:com.github.uiautomator.test flg=0x4000010 (has extras) } to com.android.gallery3d/.app.PackagesMonitor
09-01 07:05:32.773 D/HeadsetService( 1994):  isAudioOn: The number of audio connected devices 0
09-01 07:05:32.773 D/HeadsetService( 1994): isScoOrCallActive(): Call Active:falseCall is Ringing:falseSCO is Active:false
09-01 07:05:32.773 D/HeadsetService( 1994):  isAudioOn: The number of audio connected devices 0
09-01 07:05:32.773 I/Avrcp_ext( 1994): updatePlayStatusForDevice: device: null
09-01 07:05:32.773 V/Avrcp_ext( 1994): updatePlaybackState (1): old=PlaybackState {state=2, position=-1, buffered position=0, speed=0.0, updated=12825312, actions=0, custom actions=[], active item id=-1, error=null}(2), new=PlaybackState {state=2, position=-1, buffered position=0, speed=0.0, updated=12826749, actions=0, custom actions=[], active item id=-1, error=null}(2)
09-01 07:05:32.773 I/Avrcp_ext( 1994): Exit updatePlayStatusForDevice
09-01 07:05:32.774 D/HeadsetService( 1994):  isAudioOn: The number of audio connected devices 0
09-01 07:05:32.774 D/HeadsetService( 1994): isScoOrCallActive(): Call Active:falseCall is Ringing:falseSCO is Active:false
09-01 07:05:32.775 W/BroadcastQueue( 1460): Background execution not allowed: receiving Intent { act=android.intent.action.PACKAGE_ADDED dat=package:com.github.uiautomator.test flg=0x4000010 (has extras) } to com.facebook.wearable.system.appmanager/com.facebook.aloha.app.appmanager.common.packages.event.manifest.ManifestPackageEventReceiver
09-01 07:05:32.775 W/BroadcastQueue( 1460): Background execution not allowed: receiving Intent { act=android.intent.action.PACKAGE_REPLACED dat=package:com.github.uiautomator.test flg=0x4000010 (has extras) } to com.facebook.wearable.system.appmanager/com.facebook.aloha.app.appmanager.common.packages.event.manifest.ManifestPackageEventReceiver
09-01 07:05:32.777 D/HeadsetService( 1994):  isAudioOn: The number of audio connected devices 0
09-01 07:05:32.777 I/Avrcp_ext( 1994): updatePlayStatusForDevice: device: null
09-01 07:05:32.777 V/Avrcp_ext( 1994): updatePlaybackState (1): old=PlaybackState {state=2, position=-1, buffered position=0, speed=0.0, updated=12825312, actions=0, custom actions=[], active item id=-1, error=null}(2), new=PlaybackState {state=2, position=-1, buffered position=0, speed=0.0, updated=12826749, actions=0, custom actions=[], active item id=-1, error=null}(2)
09-01 07:05:32.777 I/Avrcp_ext( 1994): Exit updatePlayStatusForDevice
09-01 07:05:32.777 D/HeadsetService( 1994):  isAudioOn: The number of audio connected devices 0
09-01 07:05:32.777 D/HeadsetService( 1994): isScoOrCallActive(): Call Active:falseCall is Ringing:falseSCO is Active:false
09-01 07:05:32.778 D/HeadsetService( 1994):  isAudioOn: The number of audio connected devices 0
09-01 07:05:32.778 I/Avrcp_ext( 1994): updatePlayStatusForDevice: device: null
09-01 07:05:32.778 V/Avrcp_ext( 1994): updatePlaybackState (1): old=PlaybackState {state=2, position=-1, buffered position=0, speed=0.0, updated=12825312, actions=0, custom actions=[], active item id=-1, error=null}(2), new=PlaybackState {state=2, position=-1, buffered position=0, speed=0.0, updated=12826749, actions=0, custom actions=[], active item id=-1, error=null}(2)
09-01 07:05:32.778 I/Avrcp_ext( 1994): Exit updatePlayStatusForDevice
09-01 07:05:32.778 D/Avrcp_ext( 1994): Enter sendPlayPosNotificationRsp
09-01 07:05:32.779 D/Avrcp_ext( 1994): sendPlayPosNotificationRsp: Not registered or requesting.
09-01 07:05:32.779 D/Avrcp_ext( 1994): Enter sendPlayPosNotificationRsp
09-01 07:05:32.779 D/Avrcp_ext( 1994): sendPlayPosNotificationRsp: Not registered or requesting.
09-01 07:05:32.779 D/Avrcp_ext( 1994): Enter sendPlayPosNotificationRsp
09-01 07:05:32.779 D/Avrcp_ext( 1994): sendPlayPosNotificationRsp: Not registered or requesting.
09-01 07:05:32.779 D/Avrcp_ext( 1994): Enter sendPlayPosNotificationRsp
09-01 07:05:32.779 D/Avrcp_ext( 1994): sendPlayPosNotificationRsp: Not registered or requesting.
09-01 07:05:32.779 D/Avrcp_ext( 1994): Enter sendPlayPosNotificationRsp
09-01 07:05:32.779 D/Avrcp_ext( 1994): sendPlayPosNotificationRsp: Not registered or requesting.
09-01 07:05:32.779 V/Avrcp_ext( 1994): Exit updatePlayerStateAndPosition
09-01 07:05:32.779 D/Avrcp_ext( 1994): Exit handlePackageModified
09-01 07:05:32.781 D/AF::TrackHandle(  625): OpPlayAudio: track:88 usage:3 not muted
09-01 07:05:32.783 D/AF::TrackHandle(  625): OpPlayAudio: track:88 usage:3 not muted
09-01 07:05:32.783 W/Searchables( 1460): No global search activity found
09-01 07:05:32.784 D/AF::TrackHandle(  625): OpPlayAudio: track:88 usage:3 not muted
09-01 07:05:32.784 D/RegisteredNfcFServicesCache( 2632): Service unchanged, not updating
09-01 07:05:32.785 D/AF::TrackHandle(  625): OpPlayAudio: track:88 usage:3 not muted
09-01 07:05:32.786 W/Searchables( 1460): No global search activity found
09-01 07:05:32.788 D/AF::TrackHandle(  625): OpPlayAudio: track:88 usage:3 not muted
09-01 07:05:32.812 E/SmsApplication( 2246): com.facebook.wearable.apps.messages does not have system signature
09-01 07:05:32.820 D/AF::TrackHandle(  625): OpPlayAudio: track:88 usage:3 not muted
09-01 07:05:32.828 I/chatty  (  625): uid=1041(audioserver) /system/bin/audioserver identical 3 lines
09-01 07:05:32.829 D/AF::TrackHandle(  625): OpPlayAudio: track:88 usage:3 not muted
09-01 07:05:32.848 E/SmsApplication( 2246): com.facebook.wearable.apps.messages does not have system signature
09-01 07:05:32.858 D/AF::TrackHandle(  625): OpPlayAudio: track:88 usage:3 not muted
09-01 07:05:32.862 I/chatty  (  625): uid=1041(audioserver) /system/bin/audioserver identical 3 lines
09-01 07:05:32.864 D/AF::TrackHandle(  625): OpPlayAudio: track:88 usage:3 not muted
09-01 07:05:32.878 D/CarrierSvcBindHelper( 2246): No carrier app for: 0
09-01 07:05:32.892 W/VoiceInteractionManager( 1460): no available voice recognition services found for user 0
09-01 07:05:32.892 W/Looper  ( 1460): Slow dispatch took 140ms main h=android.app.ActivityThread$H c=android.app.-$$Lambda$LoadedApk$ReceiverDispatcher$Args$_BumDX2UKsnxLVrE6UJsJZkotuA@43fbc7b m=0
09-01 07:05:32.887 D/CarrierSvcBindHelper( 2246): No carrier app for: 0
09-01 07:05:32.911 W/system_server( 1460): Long monitor contention with owner main (1460) at void com.android.server.backup.UserBackupManagerService.scheduleNextFullBackupJob(long)(UserBackupManagerService.java:2212) waiters=0 in void com.android.server.backup.UserBackupManagerService$1.run() for 122ms
09-01 07:05:32.929 D/ImsResolver( 2246): maybeAddedImsService, packageName: com.github.uiautomator.test
09-01 07:05:32.937 D/CarrierConfigLoader( 2246): mHandler: 12 phoneId: 0
09-01 07:05:33.096 I/m.android.phon( 2246): Background young concurrent copying GC freed 211453(18MB) AllocSpace objects, 34(560KB) LOS objects, 77% free, 5443KB/24MB, paused 240us total 209.932ms
