09-01 07:06:42.474 D/AF::TrackHandle(  625): OpPlayAudio: track:88 usage:3 not muted
09-01 07:06:42.475 D/Avrcp_ext( 1994): Adding media player info for com.facebook.wearable.apps.workout with id 5
09-01 07:06:42.475 D/Avrcp_ext( 1994): update #5:MediaPlayerInfo com.facebook.wearable.apps.workout (as 'Workout') Type = 1, SubType = 0, Status = 0 Feature Bits [40 41 42 44 45 47 48 58] Controller: null
09-01 07:06:42.475 D/Avrcp_ext( 1994): Added MediaPlayerController/MediaPlayerPackage
09-01 07:06:42.475 V/Avrcp_ext( 1994): getMediaPlayerInfo: Found com.facebook.wearable.system.launcher
09-01 07:06:42.475 V/Avrcp_ext( 1994): isBrowseSupported for com.facebook.wearable.system.launcher: false
09-01 07:06:42.476 D/Avrcp_ext( 1994): Adding media player info for com.facebook.wearable.system.launcher with id 6
09-01 07:06:42.476 D/Avrcp_ext( 1994): update #6:MediaPlayerInfo com.facebook.wearable.system.launcher (as 'Launcher') Type = 1, SubType = 0, Status = 0 Feature Bits [40 41 42 44 45 47 48 58] Controller: null
09-01 07:06:42.476 D/Avrcp_ext( 1994): Added MediaPlayerController/MediaPlayerPackage
09-01 07:06:42.476 V/Avrcp_ext( 1994): updateCurrentMediaState: mMediaController: null
09-01 07:06:42.477 V/Avrcp_ext( 1994): isMusicActive: false getBluetoothPlayState: 2
09-01 07:06:42.477 V/Avrcp_ext( 1994): updateCurrentMediaState: isPlaying = false
09-01 07:06:42.477 V/Avrcp_ext( 1994): Media update: id -1-1? [MediaAttributes: none] : [MediaAttributes: none]
09-01 07:06:42.477 D/Avrcp_ext( 1994): isPackageNameValid: browsedPackage = isValid = false
09-01 07:06:42.477 V/Avrcp_ext( 1994): newPlayStatus:2mReportedPlayStatus:-1
09-01 07:06:42.477 V/Avrcp_ext( 1994): updatePlaybackState, state: PlaybackState {state=2, position=-1, buffered position=0, speed=0.0, updated=12896473, actions=0, custom actions=[], active item id=-1, error=null} device: null
09-01 07:06:42.477 V/Avrcp_ext( 1994): Device: no name: 
09-01 07:06:42.477 I/chatty  ( 1994): uid=1002(bluetooth) com.android.bluetooth identical 3 lines
09-01 07:06:42.477 V/Avrcp_ext( 1994): Device: no name: 
09-01 07:06:42.477 V/Avrcp_ext( 1994): updatePlayerStateAndPosition, old=PlaybackState {state=2, position=-1, buffered position=0, speed=0.0, updated=12894982, actions=0, custom actions=[], active item id=-1, error=null}, state=PlaybackState {state=2, position=-1, buffered position=0, speed=0.0, updated=12896473, actions=0, custom actions=[], active item id=-1, error=null}
09-01 07:06:42.477 V/Avrcp_ext( 1994): old state = PlaybackState {state=2, position=-1, buffered position=0, speed=0.0, updated=12894982, actions=0, custom actions=[], active item id=-1, error=null}, new state= PlaybackState {state=2, position=-1, buffered position=0, speed=0.0, updated=12896473, actions=0, custom actions=[], active item id=-1, error=null}
09-01 07:06:42.477 D/HeadsetService( 1994): getHeadsetService(): returning com.android.bluetooth.hfp.HeadsetService@476ddce
09-01 07:06:42.480 D/HeadsetService( 1994):  isAudioOn: The number of audio connected devices 0
09-01 07:06:42.480 D/HeadsetService( 1994): isScoOrCallActive(): Call Active:falseCall is Ringing:falseSCO is Active:false
09-01 07:06:42.481 D/AF::TrackHandle(  625): OpPlayAudio: track:88 usage:3 not muted
09-01 07:06:42.481 D/HeadsetService( 1994):  isAudioOn: The number of audio connected devices 0
09-01 07:06:42.481 I/Avrcp_ext( 1994): updatePlayStatusForDevice: device: null
09-01 07:06:42.482 V/Avrcp_ext( 1994): updatePlaybackState (1): old=PlaybackState {state=2, position=-1, buffered position=0, speed=0.0, updated=12894982, actions=0, custom actions=[], active item id=-1, error=null}(2), new=PlaybackState {state=2, position=-1, buffered position=0, speed=0.0, updated=12896473, actions=0, custom actions=[], active item id=-1, error=null}(2)
09-01 07:06:42.482 I/Avrcp_ext( 1994): Exit updatePlayStatusForDevice
09-01 07:06:42.482 D/AF::TrackHandle(  625): OpPlayAudio: track:88 usage:3 not muted
09-01 07:06:42.482 D/HeadsetService( 1994):  isAudioOn: The number of audio connected devices 0
09-01 07:06:42.482 D/HeadsetService( 1994): isScoOrCallActive(): Call Active:falseCall is Ringing:falseSCO is Active:false
09-01 07:06:42.483 W/BroadcastQueue( 1460): Background execution not allowed: receiving Intent { act=android.intent.action.PACKAGE_ADDED dat=package:com.github.uiautomator.test flg=0x4000010 (has extras) } to com.facebook.wearable.system.appmanager/com.facebook.aloha.app.appmanager.common.packages.event.manifest.ManifestPackageEventReceiver
09-01 07:06:42.484 W/BroadcastQueue( 1460): Background execution not allowed: receiving Intent { act=android.intent.action.PACKAGE_REPLACED dat=package:com.github.uiautomator.test flg=0x4000010 (has extras) } to com.facebook.wearable.system.appmanager/com.facebook.aloha.app.appmanager.common.packages.event.manifest.ManifestPackageEventReceiver
09-01 07:06:42.484 D/HeadsetService( 1994):  isAudioOn: The number of audio connected devices 0
09-01 07:06:42.484 I/Avrcp_ext( 1994): updatePlayStatusForDevice: device: null
09-01 07:06:42.484 V/Avrcp_ext( 1994): updatePlaybackState (1): old=PlaybackState {state=2, position=-1, buffered position=0, speed=0.0, updated=12894982, actions=0, custom actions=[], active item id=-1, error=null}(2), new=PlaybackState {state=2, position=-1, buffered position=0, speed=0.0, updated=12896473, actions=0, custom actions=[], active item id=-1, error=null}(2)
09-01 07:06:42.484 I/Avrcp_ext( 1994): Exit updatePlayStatusForDevice
09-01 07:06:42.485 D/HeadsetService( 1994):  isAudioOn: The number of audio connected devices 0
09-01 07:06:42.485 D/HeadsetService( 1994): isScoOrCallActive(): Call Active:falseCall is Ringing:falseSCO is Active:false
09-01 07:06:42.486 D/HeadsetService( 1994):  isAudioOn: The number of audio connected devices 0
09-01 07:06:42.486 I/Avrcp_ext( 1994): updatePlayStatusForDevice: device: null
09-01 07:06:42.486 V/Avrcp_ext( 1994): updatePlaybackState (1): old=PlaybackState {state=2, position=-1, buffered position=0, speed=0.0, updated=12894982, actions=0, custom actions=[], active item id=-1, error=null}(2), new=PlaybackState {state=2, position=-1, buffered position=0, speed=0.0, updated=12896473, actions=0, custom actions=[], active item id=-1, error=null}(2)
09-01 07:06:42.486 I/Avrcp_ext( 1994): Exit updatePlayStatusForDevice
09-01 07:06:42.487 D/HeadsetService( 1994):  isAudioOn: The number of audio connected devices 0
09-01 07:06:42.487 D/HeadsetService( 1994): isScoOrCallActive(): Call Active:falseCall is Ringing:falseSCO is Active:false
09-01 07:06:42.487 D/HeadsetService( 1994):  isAudioOn: The number of audio connected devices 0
09-01 07:06:42.487 I/Avrcp_ext( 1994): updatePlayStatusForDevice: device: null
09-01 07:06:42.488 V/Avrcp_ext( 1994): updatePlaybackState (1): old=PlaybackState {state=2, position=-1, buffered position=0, speed=0.0, updated=12894982, actions=0, custom actions=[], active item id=-1, error=null}(2), new=PlaybackState {state=2, position=-1, buffered position=0, speed=0.0, updated=12896473, actions=0, custom actions=[], active item id=-1, error=null}(2)
09-01 07:06:42.488 I/Avrcp_ext( 1994): Exit updatePlayStatusForDevice
09-01 07:06:42.489 D/HeadsetService( 1994):  isAudioOn: The number of audio connected devices 0
09-01 07:06:42.489 D/HeadsetService( 1994): isScoOrCallActive(): Call Active:falseCall is Ringing:falseSCO is Active:false
09-01 07:06:42.489 D/HeadsetService( 1994):  isAudioOn: The number of audio connected devices 0
09-01 07:06:42.490 I/Avrcp_ext( 1994): updatePlayStatusForDevice: device: null
09-01 07:06:42.490 V/Avrcp_ext( 1994): updatePlaybackState (1): old=PlaybackState {state=2, position=-1, buffered position=0, speed=0.0, updated=12894982, actions=0, custom actions=[], active item id=-1, error=null}(2), new=PlaybackState {state=2, position=-1, buffered position=0, speed=0.0, updated=12896473, actions=0, custom actions=[], active item id=-1, error=null}(2)
09-01 07:06:42.490 I/Avrcp_ext( 1994): Exit updatePlayStatusForDevice
09-01 07:06:42.490 D/Avrcp_ext( 1994): Enter sendPlayPosNotificationRsp
09-01 07:06:42.490 D/Avrcp_ext( 1994): sendPlayPosNotificationRsp: Not registered or requesting.
09-01 07:06:42.490 D/Avrcp_ext( 1994): Enter sendPlayPosNotificationRsp
09-01 07:06:42.490 D/Avrcp_ext( 1994): sendPlayPosNotificationRsp: Not registered or requesting.
09-01 07:06:42.490 D/Avrcp_ext( 1994): Enter sendPlayPosNotificationRsp
09-01 07:06:42.490 D/Avrcp_ext( 1994): sendPlayPosNotificationRsp: Not registered or requesting.
09-01 07:06:42.490 D/Avrcp_ext( 1994): Enter sendPlayPosNotificationRsp
09-01 07:06:42.490 D/Avrcp_ext( 1994): sendPlayPosNotificationRsp: Not registered or requesting.
09-01 07:06:42.490 D/Avrcp_ext( 1994): Enter sendPlayPosNotificationRsp
09-01 07:06:42.490 D/Avrcp_ext( 1994): sendPlayPosNotificationRsp: Not registered or requesting.
09-01 07:06:42.490 V/Avrcp_ext( 1994): Exit updatePlayerStateAndPosition
09-01 07:06:42.490 D/Avrcp_ext( 1994): Exit handlePackageModified
09-01 07:06:42.491 D/RegisteredNfcFServicesCache( 2632): Service unchanged, not updating
09-01 07:06:42.501 E/SmsApplication( 2246): com.facebook.wearable.apps.messages does not have system signature
09-01 07:06:42.510 W/Searchables( 1460): No global search activity found
09-01 07:06:42.512 W/Searchables( 1460): No global search activity found
09-01 07:06:42.514 D/AF::TrackHandle(  625): OpPlayAudio: track:88 usage:3 not muted
09-01 07:06:42.515 W/VoiceInteractionManager( 1460): no available voice recognition services found for user 0
09-01 07:06:42.518 I/chatty  (  625): uid=1041(audioserver) /system/bin/audioserver identical 3 lines
09-01 07:06:42.532 D/AF::TrackHandle(  625): OpPlayAudio: track:88 usage:3 not muted
09-01 07:06:42.556 E/SmsApplication( 2246): com.facebook.wearable.apps.messages does not have system signature
09-01 07:06:42.568 D/AF::TrackHandle(  625): OpPlayAudio: track:88 usage:3 not muted
09-01 07:06:42.575 I/chatty  (  625): uid=1041(audioserver) /system/bin/audioserver identical 3 lines
09-01 07:06:42.577 D/AF::TrackHandle(  625): OpPlayAudio: track:88 usage:3 not muted
09-01 07:06:42.592 D/CarrierSvcBindHelper( 2246): No carrier app for: 0
09-01 07:06:42.601 D/CarrierSvcBindHelper( 2246): No carrier app for: 0
09-01 07:06:42.628 D/ImsResolver( 2246): maybeAddedImsService, packageName: com.github.uiautomator.test
09-01 07:06:42.637 D/CarrierConfigLoader( 2246): mHandler: 12 phoneId: 0
