--------- beginning of system
09-01 07:06:05.775 W/RuleEvaluation( 1460): Integrity rule files are not available.
09-01 07:06:05.777 I/PackageManager( 1460): Integrity check passed for file:///data/app/vmdl1291695173.tmp
09-01 07:06:05.791 I/ActivityManager( 1460): Force stopping com.github.uiautomator appid=10113 user=-1: installPackageLI
09-01 07:06:05.794 I/PackageManager( 1460): Update package com.github.uiautomator code path from /data/app/~~8o8TcCR6-2oMX0ndianGUQ==/com.github.uiautomator-u8sg9h1lYuz5lgO2A_Pq-A== to /data/app/~~xpuH9_R8Z7NGvXTwL6Orgw==/com.github.uiautomator-wQhjpDKL1crHJ00RHvs8WA==; Retain data and using new
09-01 07:06:05.794 I/PackageManager( 1460): Update package com.github.uiautomator resource path from /data/app/~~8o8TcCR6-2oMX0ndianGUQ==/com.github.uiautomator-u8sg9h1lYuz5lgO2A_Pq-A== to /data/app/~~xpuH9_R8Z7NGvXTwL6Orgw==/com.github.uiautomator-wQhjpDKL1crHJ00RHvs8WA==; Retain data and using new
09-01 07:06:05.972 D/PackageManager( 1460): Instant App installer not found with android.intent.action.INSTALL_INSTANT_APP_PACKAGE
09-01 07:06:05.972 D/PackageManager( 1460): Clear ephemeral installer activity
09-01 07:06:06.004 I/ActivityManager( 1460): Force stopping com.github.uiautomator appid=10113 user=0: pkg removed
09-01 07:06:06.025 W/BroadcastQueue( 1460): Background execution not allowed: receiving Intent { act=android.intent.action.PACKAGE_REMOVED dat=package:com.github.uiautomator flg=0x4000010 (has extras) } to com.android.gallery3d/.app.PackagesMonitor
09-01 07:06:06.073 I/Telecom ( 1460): DefaultDialerCache: Refreshing default dialer for user 0: now com.facebook.wearable.apps.phone: DDC.oR@ESQ
09-01 07:06:06.102 V/BackupManagerConstants( 1460): getFullBackupIntervalMilliseconds(...) returns 86400000
09-01 07:06:06.102 V/BackupManagerConstants( 1460): getFullBackupRequiredNetworkType(...) returns 2
09-01 07:06:06.102 V/BackupManagerConstants( 1460): getFullBackupRequireCharging(...) returns true
09-01 07:06:06.102 W/TextServicesManagerService( 1460): no available spell checker services found
09-01 07:06:06.123 W/BroadcastQueue( 1460): Background execution not allowed: receiving Intent { act=android.intent.action.PACKAGE_ADDED dat=package:com.github.uiautomator flg=0x4000010 (has extras) } to com.android.packageinstaller/.PackageInstalledReceiver
09-01 07:06:06.126 W/BroadcastQueue( 1460): Background execution not allowed: receiving Intent { act=android.intent.action.PACKAGE_ADDED dat=package:com.github.uiautomator flg=0x4000010 (has extras) } to com.android.gallery3d/.app.PackagesMonitor
09-01 07:06:06.126 W/BroadcastQueue( 1460): Background execution not allowed: receiving Intent { act=android.intent.action.PACKAGE_ADDED dat=package:com.github.uiautomator flg=0x4000010 (has extras) } to com.facebook.wearable.system.appmanager/com.facebook.aloha.app.appmanager.common.packages.event.manifest.ManifestPackageEventReceiver
09-01 07:06:06.126 W/BroadcastQueue( 1460): Background execution not allowed: receiving Intent { act=android.intent.action.PACKAGE_REPLACED dat=package:com.github.uiautomator flg=0x4000010 (has extras) } to com.facebook.wearable.system.appmanager/com.facebook.aloha.app.appmanager.common.packages.event.manifest.ManifestPackageEventReceiver
09-01 07:06:06.332 W/Looper  ( 1460): Slow dispatch took 258ms main h=android.app.ActivityThread$H c=android.app.-$$Lambda$LoadedApk$ReceiverDispatcher$Args$_BumDX2UKsnxLVrE6UJsJZkotuA@9ed5dcb m=0
09-01 07:06:06.332 W/Looper  ( 1460): Slow delivery took 269ms main h=com.android.server.accessibility.AccessibilityManagerService$MainHandler c=<recycled PooledLambda@543ab63> m=0
09-01 07:06:06.336 W/Looper  ( 1460): Drained
09-01 07:06:06.356 W/VoiceInteractionManager( 1460): no available voice recognition services found for user 0
09-01 07:06:06.539 D/commandrouter(  803): rtc_sync (1, rtc:sync): <ServiceRequest> FORWARDED (remote -> local) service client ID = 0, token ID = 34820
09-01 07:06:06.540 D/commandrouter(  803): SocServiceHandle::onServiceMessage, SoC Service = rtc_sync, appType = 1, type = SVC_RESP, clientId = 0, token = 34820, payloadLen = 8, result = 0, payload.size() = 8
09-01 07:06:06.891 D/AnalyticsLogger( 1460): sent events: 54
09-01 07:06:07.244 W/RuleEvaluation( 1460): Integrity rule files are not available.
09-01 07:06:07.274 I/PackageManager( 1460): Integrity check passed for file:///data/app/vmdl737608734.tmp
09-01 07:06:07.285 I/ActivityManager( 1460): Force stopping com.github.uiautomator.test appid=10114 user=-1: installPackageLI
09-01 07:06:07.287 I/PackageManager( 1460): Update package com.github.uiautomator.test code path from /data/app/~~F0T60KebPBF2eGnugAeFJQ==/com.github.uiautomator.test-2ZcxRLu3dirw0806QIXjXQ== to /data/app/~~OJ3LCzlUGwUittCifx8DKQ==/com.github.uiautomator.test-c99TushHhySZyypKrz4Uzw==; Retain data and using new
09-01 07:06:07.287 I/PackageManager( 1460): Update package com.github.uiautomator.test resource path from /data/app/~~F0T60KebPBF2eGnugAeFJQ==/com.github.uiautomator.test-2ZcxRLu3dirw0806QIXjXQ== to /data/app/~~OJ3LCzlUGwUittCifx8DKQ==/com.github.uiautomator.test-c99TushHhySZyypKrz4Uzw==; Retain data and using new
09-01 07:06:07.529 D/PackageManager( 1460): Instant App installer not found with android.intent.action.INSTALL_INSTANT_APP_PACKAGE
09-01 07:06:07.529 D/PackageManager( 1460): Clear ephemeral installer activity
09-01 07:06:07.568 I/ActivityManager( 1460): Force stopping com.github.uiautomator.test appid=10114 user=0: pkg removed
09-01 07:06:07.602 W/BroadcastQueue( 1460): Background execution not allowed: receiving Intent { act=android.intent.action.PACKAGE_REMOVED dat=package:com.github.uiautomator.test flg=0x4000010 (has extras) } to com.android.gallery3d/.app.PackagesMonitor
09-01 07:06:07.644 I/Telecom ( 1460): DefaultDialerCache: Refreshing default dialer for user 0: now com.facebook.wearable.apps.phone: DDC.oR@ESg
09-01 07:06:07.645 W/BroadcastQueue( 1460): Background execution not allowed: receiving Intent { act=android.intent.action.PACKAGE_ADDED dat=package:com.github.uiautomator.test flg=0x4000010 (has extras) } to com.android.packageinstaller/.PackageInstalledReceiver
09-01 07:06:07.646 W/BroadcastQueue( 1460): Background execution not allowed: receiving Intent { act=android.intent.action.PACKAGE_ADDED dat=package:com.github.uiautomator.test flg=0x4000010 (has extras) } to com.android.gallery3d/.app.PackagesMonitor
09-01 07:06:07.655 W/BroadcastQueue( 1460): Background execution not allowed: receiving Intent { act=android.intent.action.PACKAGE_ADDED dat=package:com.github.uiautomator.test flg=0x4000010 (has extras) } to com.facebook.wearable.system.appmanager/com.facebook.aloha.app.appmanager.common.packages.event.manifest.ManifestPackageEventReceiver
09-01 07:06:07.687 V/BackupManagerConstants( 1460): getFullBackupIntervalMilliseconds(...) returns 86400000
09-01 07:06:07.687 V/BackupManagerConstants( 1460): getFullBackupRequiredNetworkType(...) returns 2
09-01 07:06:07.687 V/BackupManagerConstants( 1460): getFullBackupRequireCharging(...) returns true
09-01 07:06:07.707 W/BroadcastQueue( 1460): Background execution not allowed: receiving Intent { act=android.intent.action.PACKAGE_REPLACED dat=package:com.github.uiautomator.test flg=0x4000010 (has extras) } to com.facebook.wearable.system.appmanager/com.facebook.aloha.app.appmanager.common.packages.event.manifest.ManifestPackageEventReceiver
--------- beginning of main
09-01 07:06:07.797 D/AF::TrackHandle(  625): OpPlayAudio: track:88 usage:3 not muted
09-01 07:06:07.816 W/Looper  ( 1460): Slow dispatch took 171ms main h=android.app.ActivityThread$H c=android.app.-$$Lambda$LoadedApk$ReceiverDispatcher$Args$_BumDX2UKsnxLVrE6UJsJZkotuA@680a4a1 m=0
09-01 07:06:07.817 W/TextServicesManagerService( 1460): no available spell checker services found
09-01 07:06:07.803 D/AF::TrackHandle(  625): OpPlayAudio: track:88 usage:3 not muted
09-01 07:06:07.824 D/CarrierSvcBindHelper( 2246): No carrier app for: 0
09-01 07:06:07.826 W/VoiceInteractionManager( 1460): no available voice recognition services found for user 0
09-01 07:06:07.834 D/CarrierSvcBindHelper( 2246): No carrier app for: 0
09-01 07:06:07.865 D/ImsResolver( 2246): maybeAddedImsService, packageName: com.github.uiautomator.test
09-01 07:06:07.871 D/CarrierConfigLoader( 2246): mHandler: 12 phoneId: 0
09-01 07:06:08.871 E/QMI_FW  ( 1038): qmi_cci_get_ref: ref count increased 2
09-01 07:06:08.873 E/QMI_FW  ( 1038): qmi_cci_get_ref: ref count increased 2
09-01 07:06:10.650 D/commandrouter(  803): sleep (1, sleep:data): <ServiceRequest> FORWARDED (remote -> local) service client ID = 1, token ID = 34821
09-01 07:06:10.651 D/OTTS_sleep_jni( 2654): Unpacked SleepDataUpdateRequest.
09-01 07:06:10.651 D/OTTS_sleep_jni( 2654): Received SleepDataRequest with OTT of size 64
09-01 07:06:10.651 D/OTTS_sleep_jni( 2654): Calling sleep data callback...
09-01 07:06:10.652 D/OTTS_sleep_jni( 2654): Calling Java sleep callback for OTT data.
09-01 07:06:10.652 D/OTTS_OTTDataHandler( 2654): Got new OTT data of length: 64 at time 0
09-01 07:06:10.652 D/OTTS_OTTDataHandler( 2654): Sending OTT to Delegation
09-01 07:06:10.657 D/commandrouter(  803): SocServiceHandle::onServiceMessage, SoC Service = sleep, appType = 1, type = SVC_RESP, clientId = 1, token = 34821, payloadLen = 12, result = 0, payload.size() = 12
09-01 07:06:10.660 D/commandrouter(  803): sleep (1, sleep:data): <ServiceRequest> FORWARDED (remote -> local) service client ID = 1, token ID = 34822
09-01 07:06:10.660 D/OTTS_sleep_jni( 2654): Unpacked SleepDataUpdateRequest.
09-01 07:06:10.660 D/OTTS_sleep_jni( 2654): Received SleepDataRequest with OTT of size 35
09-01 07:06:10.660 D/OTTS_sleep_jni( 2654): Calling sleep data callback...
09-01 07:06:10.661 D/OTTS_sleep_jni( 2654): Calling Java sleep callback for OTT data.
09-01 07:06:10.661 D/OTTS_OTTDataHandler( 2654): Got new OTT data of length: 35 at time 0
09-01 07:06:10.661 D/OTTS_OTTDataHandler( 2654): Sending OTT to Delegation
09-01 07:06:10.662 D/commandrouter(  803): SocServiceHandle::onServiceMessage, SoC Service = sleep, appType = 1, type = SVC_RESP, clientId = 1, token = 34822, payloadLen = 12, result = 0, payload.size() = 12
09-01 07:06:10.824 E/adbd    (  781): failed to connect to socket 'tcp:9008': Connection refused
09-01 07:06:11.030 W/HWComposer(  647): Ignoring duplicate VSYNC event from HWC for display 0 (t=12865025203371)
09-01 07:06:11.063 W/HWComposer(  647): Ignoring duplicate VSYNC event from HWC for display 0 (t=12865059309309)
09-01 07:06:11.073 I/ActivityManager( 1460): Force stopping com.github.uiautomator appid=10113 user=0: from pid 5577
09-01 07:06:11.077 I/cmd     ( 5577): oneway function results will be dropped but finished with status OK and parcel size 4
09-01 07:06:11.081 W/HWComposer(  647): Ignoring duplicate VSYNC event from HWC for display 0 (t=12865076368111)
09-01 07:06:11.089 D/RegisteredNfcFServicesCache( 2632): Service unchanged, not updating
09-01 07:06:11.091 D/CarrierSvcBindHelper( 2246): No carrier app for: 0
09-01 07:06:11.206 D/KeyguardUpdateMonitor( 2015): received broadcast android.intent.action.BATTERY_CHANGED
09-01 07:06:11.206 D/KeyguardUpdateMonitor( 2015): handleBatteryUpdate
09-01 07:06:11.549 W/bluelink(  803): [System] updateSmoothedTime: too early or too late; st=12871.818, rt=12877.094
09-01 07:06:11.614 W/RuleEvaluation( 1460): Integrity rule files are not available.
09-01 07:06:11.616 I/PackageManager( 1460): Integrity check passed for file:///data/app/vmdl1025174837.tmp
09-01 07:06:11.626 W/PackageManager( 1460): Package com.github.uiautomator signatures do not match previously installed version; ignoring!
09-01 07:06:11.628 E/installd(  889): Couldn't opendir /data/app/vmdl1025174837.tmp: No such file or directory
09-01 07:06:11.628 E/installd(  889): Failed to delete /data/app/vmdl1025174837.tmp: No such file or directory
09-01 07:06:11.644 I/cmd     ( 5590): oneway function results will be dropped but finished with status OK and parcel size 4
09-01 07:06:11.853 W/RuleEvaluation( 1460): Integrity rule files are not available.
09-01 07:06:11.854 I/PackageManager( 1460): Integrity check passed for file:///data/app/vmdl1701716921.tmp
09-01 07:06:11.859 W/PackageManager( 1460): Package com.github.uiautomator.test signatures do not match previously installed version; ignoring!
09-01 07:06:11.861 E/installd(  889): Couldn't opendir /data/app/vmdl1701716921.tmp: No such file or directory
09-01 07:06:11.861 E/installd(  889): Failed to delete /data/app/vmdl1701716921.tmp: No such file or directory
09-01 07:06:11.878 I/cmd     ( 5595): oneway function results will be dropped but finished with status OK and parcel size 4
09-01 07:06:12.680 D/AndroidRuntime( 5599): >>>>>> START com.android.internal.os.RuntimeInit uid 2000 <<<<<<
09-01 07:06:12.701 E/libc    ( 5599): Access denied finding property "persist.device_config.runtime_native_boot.profilebootclasspath"
09-01 07:06:12.702 E/libc    ( 5599): Access denied finding property "persist.device_config.runtime_native_boot.enable_apex_image"
09-01 07:06:12.702 I/AndroidRuntime( 5599): Using default boot image
09-01 07:06:12.702 E/libc    ( 5599): Access denied finding property "persist.device_config.runtime_native_boot.disable_lock_profiling"
09-01 07:06:12.702 I/AndroidRuntime( 5599): Leaving lock profiling enabled
09-01 07:06:12.702 E/libc    ( 5599): Access denied finding property "persist.device_config.runtime_native_boot.enable_generational_cc"
09-01 07:06:12.690 W/app_process( 5599): type=1400 audit(0.0:1694): avc: denied { read } for name="u:object_r:device_config_runtime_native_boot_prop:s0" dev="tmpfs" ino=10731 scontext=u:r:shell:s0 tcontext=u:object_r:device_config_runtime_native_boot_prop:s0 tclass=file permissive=0
09-01 07:06:12.716 W/app_process( 5599): Could not reserve sentinel fault page
09-01 07:06:12.717 I/app_process( 5599): Core platform API reporting enabled, enforcing=false
09-01 07:06:12.690 W/app_process( 5599): type=1400 audit(0.0:1695): avc: denied { read } for name="u:object_r:device_config_runtime_native_boot_prop:s0" dev="tmpfs" ino=10731 scontext=u:r:shell:s0 tcontext=u:object_r:device_config_runtime_native_boot_prop:s0 tclass=file permissive=0
09-01 07:06:12.690 I/chatty  ( 5599): uid=2000(shell) app_process identical 1 line
09-01 07:06:12.690 W/app_process( 5599): type=1400 audit(0.0:1697): avc: denied { read } for name="u:object_r:device_config_runtime_native_boot_prop:s0" dev="tmpfs" ino=10731 scontext=u:r:shell:s0 tcontext=u:object_r:device_config_runtime_native_boot_prop:s0 tclass=file permissive=0
09-01 07:06:13.150 D/app_process( 5599): Time zone APEX ICU file found: /apex/com.android.tzdata/etc/icu/icu_tzdata.dat
09-01 07:06:13.150 D/app_process( 5599): I18n APEX ICU file found: /apex/com.android.i18n/etc/icu/icudt66l.dat
09-01 07:06:13.225 I/app_process( 5599): The ClassLoaderContext is a special shared library.
09-01 07:06:13.362 W/app_process( 5599): JNI RegisterNativeMethods: attempt to register 0 native methods for android.media.AudioAttributes
09-01 07:06:13.425 D/AndroidRuntime( 5599): Calling main entry com.android.commands.am.Am
09-01 07:06:13.471 I/ActivityManager( 1460): Force stopping com.github.uiautomator appid=10113 user=0: start instr
09-01 07:06:13.481 D/CompatibilityChangeReporter( 1460): Compat change id reported: 135634846; UID 10113; state: DISABLED
09-01 07:06:13.482 D/CompatibilityChangeReporter( 1460): Compat change id reported: 143937733; UID 10113; state: DISABLED
09-01 07:06:13.503 D/Zygote  (  476): Forked child process 5615
09-01 07:06:13.509 I/ActivityManager( 1460): Start proc 5615:com.github.uiautomator/u0a113 for added application com.github.uiautomator
09-01 07:06:13.525 I/hub.uiautomato( 5615): Late-enabling -Xcheck:jni
09-01 07:06:13.573 I/hub.uiautomato( 5615): Unquickening 16 vdex files!
09-01 07:06:13.610 I/adbd    (  781): jdwp connection from 5615
09-01 07:06:13.685 I/chatty  ( 1460): uid=1000(system) Binder:1460_3 expire 3 lines
09-01 07:06:13.861 D/ApplicationLoaders( 5615): Returning zygote-cached class loader: /system/framework/android.test.base.jar
09-01 07:06:13.882 I/hub.uiautomato( 5615): The ClassLoaderContext is a special shared library.
09-01 07:06:13.911 I/chatty  ( 5615): uid=10113(com.github.uiautomator) identical 21 lines
09-01 07:06:14.373 W/System  ( 3417): ClassLoader referenced unknown path: /system/framework/tcmclient.jar
09-01 07:06:14.547 I/chatty  ( 5615): uid=10113(com.github.uiautomator) expire 3 lines
09-01 07:06:14.871 E/QMI_FW  ( 1038): qmi_cci_get_ref: ref count increased 2
09-01 07:06:14.873 E/QMI_FW  ( 1038): qmi_cci_get_ref: ref count increased 2
09-01 07:06:15.272 E/TestLoader( 5615): Could not find class: com.googlecode.jsonrpc4j.spring.AbstractCompositeJsonServiceExporter
09-01 07:06:15.274 E/TestLoader( 5615): Could not find class: com.googlecode.jsonrpc4j.spring.AbstractJsonServiceExporter
09-01 07:06:15.276 E/TestLoader( 5615): Could not find class: com.googlecode.jsonrpc4j.spring.AutoJsonRpcClientProxyCreator
09-01 07:06:15.277 E/TestLoader( 5615): Could not find class: com.googlecode.jsonrpc4j.spring.AutoJsonRpcServiceExporter
09-01 07:06:15.278 E/TestLoader( 5615): Could not find class: com.googlecode.jsonrpc4j.spring.CompositeJsonServiceExporter
09-01 07:06:15.279 E/TestLoader( 5615): Could not find class: com.googlecode.jsonrpc4j.spring.CompositeJsonStreamServiceExporter
09-01 07:06:15.280 E/TestLoader( 5615): Could not find class: com.googlecode.jsonrpc4j.spring.JsonProxyFactoryBean
09-01 07:06:15.281 E/TestLoader( 5615): Could not find class: com.googlecode.jsonrpc4j.spring.JsonServiceExporter
09-01 07:06:15.282 E/TestLoader( 5615): Could not find class: com.googlecode.jsonrpc4j.spring.JsonStreamServiceExporter
09-01 07:06:15.384 D/TestExecutor( 5615): Adding listener android.support.test.internal.runner.listener.LogRunListener
09-01 07:06:15.384 D/TestExecutor( 5615): Adding listener android.support.test.internal.runner.listener.InstrumentationResultPrinter
09-01 07:06:15.385 D/TestExecutor( 5615): Adding listener android.support.test.internal.runner.listener.ActivityFinisherRunListener
09-01 07:06:15.389 I/TestRunner( 5615): run started: 2 tests
09-01 07:06:15.393 I/TestRunner( 5615): started: testApplicationTestCaseSetUpProperly(com.github.uiautomator.ApplicationTest)
09-01 07:06:15.398 I/MonitoringInstrumentation( 5615): Activities that are still in CREATED to STOPPED: 0
09-01 07:06:15.399 I/TestRunner( 5615): finished: testApplicationTestCaseSetUpProperly(com.github.uiautomator.ApplicationTest)
09-01 07:06:15.401 I/MonitoringInstrumentation( 5615): Activities that are still in CREATED to STOPPED: 0
09-01 07:06:15.414 I/TestRunner( 5615): started: testUIAutomatorStub(com.github.uiautomator.stub.Stub)
09-01 07:06:15.417 I/MonitoringInstrumentation( 5615): Activities that are still in CREATED to STOPPED: 0
09-01 07:06:15.587 W/WindowManager( 1460): Cannot find window which accessibility connection is added to
09-01 07:06:15.613 V/UiAutomation( 5615): Init UiAutomation@c2afdff[id=101, flags=0]
09-01 07:06:16.572 W/bluelink(  803): [System] updateSmoothedTime: too early or too late; st=12876.818, rt=12882.116
09-01 07:06:16.573 D/commandrouter(  803): rtc_sync (1, rtc:sync): <ServiceRequest> FORWARDED (remote -> local) service client ID = 0, token ID = 34823
09-01 07:06:16.573 D/vendor.facebook.rtc_sync@1.0-service( 1013): Request req_ts=1630479976542799165 resp_ts=1630479976573578536
09-01 07:06:16.574 D/commandrouter(  803): SocServiceHandle::onServiceMessage, SoC Service = rtc_sync, appType = 1, type = SVC_RESP, clientId = 0, token = 34823, payloadLen = 8, result = 0, payload.size() = 8
09-01 07:06:16.830 D/KeyguardUpdateMonitor( 2015): received broadcast android.intent.action.BATTERY_CHANGED
09-01 07:06:16.830 D/KeyguardUpdateMonitor( 2015): handleBatteryUpdate
09-01 07:06:17.997 D/UIAutomatorStub( 5615): URI: /jsonrpc/0, Method: POST, Header: {content-length=78, remote-addr=127.0.0.1, http-client-ip=127.0.0.1, host=localhost:9010, content-type=application/json, accept-encoding=identity}, params, {NanoHttpd.QUERY_STRING=null}, files: {postData={"jsonrpc": "2.0", "method": "ping", "id": "7b2613687100979ad573015e6fd4370e"}}
09-01 07:06:18.040 W/HWComposer(  647): Ignoring duplicate VSYNC event from HWC for display 0 (t=12872036492431)
09-01 07:06:18.058 W/HWComposer(  647): Ignoring duplicate VSYNC event from HWC for display 0 (t=12872053569983)
09-01 07:06:18.140 D/UIAutomatorStub( 5615): URI: /jsonrpc/0, Method: POST, Header: {content-length=78, remote-addr=127.0.0.1, http-client-ip=127.0.0.1, host=localhost:9010, content-type=application/json, accept-encoding=identity}, params, {NanoHttpd.QUERY_STRING=null}, files: {postData={"jsonrpc": "2.0", "method": "ping", "id": "aa6d2a724e8300a652a8fcb757b58b69"}}
09-01 07:06:18.196 D/UIAutomatorStub( 5615): URI: /jsonrpc/0, Method: POST, Header: {content-length=245, remote-addr=127.0.0.1, http-client-ip=127.0.0.1, host=localhost:9010, content-type=application/json, accept-encoding=identity}, params, {NanoHttpd.QUERY_STRING=null}, files: {postData={"jsonrpc": "2.0", "method": "waitForExists", "id": "75f80235f9e12921d970dc087911bb92", "params": [{"mask": 2097152, "childOrSibling": [], "childOrSiblingSelector": [], "resourceId": "com.facebook.wearable.system.launcher:id/charging_icon"}, 5]}}
09-01 07:06:19.838 D/UIAutomatorStub( 5615): URI: /jsonrpc/0, Method: POST, Header: {content-length=102, remote-addr=127.0.0.1, http-client-ip=127.0.0.1, host=localhost:9010, content-type=application/json, accept-encoding=identity}, params, {NanoHttpd.QUERY_STRING=null}, files: {postData={"jsonrpc": "2.0", "method": "pressKey", "id": "be24d190344036f6808b5b413c9ac962", "params": ["back"]}}
09-01 07:06:19.885 D/AutofillManagerService( 1460): onBackKeyPressed()
09-01 07:06:19.970 D/mcu_health_checker(  846): Sent isMcuReachable Request
09-01 07:06:19.971 D/commandrouter(  803): SocServiceHandle::onServiceMessage, SoC Service = mcu_healthcheck_846, appType = 1, type = SVC_REQ, clientId = 0, token = 214, payloadLen = 12, result = 0, payload.size() = 12
09-01 07:06:19.992 D/commandrouter(  803): mcu_healthcheck_846 (1, merlot:mcu_health:control): <ServiceResponse> FORWARDED (remote -> local) CR token ID = 214, service client ID = 5, token ID = 1778, result = 0
09-01 07:06:19.992 D/mcu_health_checker(  846): MCU Health Response: MCU_OK
09-01 07:06:19.992 D/mculinkhealth(  846): isMcuReachable 1 (21 ms)
09-01 07:06:19.993 I/mcucapture(  961): 12847109 [info   ] {hlth}: Received control service request
09-01 07:06:19.993 I/mcucapture(  961): 12847114 [info   ] {hlth}: Health Request cmd: GET_STATUS
09-01 07:06:19.993 I/mcucapture(  961): 12847119 [info   ] {hlth}: Responded to req, result = MCU_OK
09-01 07:06:20.056 D/UIAutomatorStub( 5615): URI: /jsonrpc/0, Method: POST, Header: {content-length=102, remote-addr=127.0.0.1, http-client-ip=127.0.0.1, host=localhost:9010, content-type=application/json, accept-encoding=identity}, params, {NanoHttpd.QUERY_STRING=null}, files: {postData={"jsonrpc": "2.0", "method": "pressKey", "id": "b83d2d7f7060c121970e4b5551aa3acd", "params": ["back"]}}
09-01 07:06:20.629 D/AutofillManagerService( 1460): onBackKeyPressed()
09-01 07:06:21.059 D/UIAutomatorStub( 5615): URI: /jsonrpc/0, Method: POST, Header: {content-length=102, remote-addr=127.0.0.1, http-client-ip=127.0.0.1, host=localhost:9010, content-type=application/json, accept-encoding=identity}, params, {NanoHttpd.QUERY_STRING=null}, files: {postData={"jsonrpc": "2.0", "method": "pressKey", "id": "b3102a5e8aba741aec0e3970d3b6e8ea", "params": ["back"]}}
09-01 07:06:21.112 W/HWComposer(  647): Ignoring duplicate VSYNC event from HWC for display 0 (t=12875107964253)
09-01 07:06:21.574 W/bluelink(  803): [System] updateSmoothedTime: too early or too late; st=12881.824, rt=12887.117
09-01 07:06:21.758 D/msys    ( 3417): A[ADNPSUCRTIM custom event]MCICustomEventLeave(43)=>"Presence DB Sync time":7
09-01 07:06:22.058 D/UIAutomatorStub( 5615): URI: /jsonrpc/0, Method: POST, Header: {content-length=102, remote-addr=127.0.0.1, http-client-ip=127.0.0.1, host=localhost:9010, content-type=application/json, accept-encoding=identity}, params, {NanoHttpd.QUERY_STRING=null}, files: {postData={"jsonrpc": "2.0", "method": "pressKey", "id": "3ed53f53bca9cdecf2a5708a93d18001", "params": ["back"]}}
09-01 07:06:25.105 W/HWComposer(  647): Ignoring duplicate VSYNC event from HWC for display 0 (t=12879100698158)
09-01 07:06:26.027 W/HWComposer(  647): Ignoring duplicate VSYNC event from HWC for display 0 (t=12880021978157)
09-01 07:06:26.043 W/HWComposer(  647): Ignoring duplicate VSYNC event from HWC for display 0 (t=12880039053157)
09-01 07:06:26.180 W/df      ( 5653): type=1400 audit(0.0:1698): avc: denied { getattr } for path="/metadata" dev="mmcblk0p39" ino=2 scontext=u:r:shell:s0 tcontext=u:object_r:metadata_file:s0 tclass=dir permissive=0
09-01 07:06:26.180 W/df      ( 5653): type=1400 audit(0.0:1699): avc: denied { getattr } for path="/linkerconfig" dev="tmpfs" ino=11706 scontext=u:r:shell:s0 tcontext=u:object_r:linkerconfig_file:s0 tclass=dir permissive=0
09-01 07:06:26.190 W/df      ( 5653): type=1400 audit(0.0:1700): avc: denied { getattr } for path="/linkerconfig" dev="tmpfs" ino=11706 scontext=u:r:shell:s0 tcontext=u:object_r:linkerconfig_file:s0 tclass=dir permissive=0
09-01 07:06:26.190 W/df      ( 5653): type=1400 audit(0.0:1701): avc: denied { getattr } for path="/vendor/firmware_mnt" dev="mmcblk0p10" ino=1 scontext=u:r:shell:s0 tcontext=u:object_r:firmware_file:s0 tclass=dir permissive=0
09-01 07:06:26.190 W/df      ( 5653): type=1400 audit(0.0:1702): avc: denied { getattr } for name="/" dev="mmcblk0p10" ino=1 scontext=u:r:shell:s0 tcontext=u:object_r:firmware_file:s0 tclass=filesystem permissive=0
09-01 07:06:26.190 W/df      ( 5653): type=1400 audit(0.0:1703): avc: denied { getattr } for path="/vendor/dsp" dev="mmcblk0p20" ino=2 scontext=u:r:shell:s0 tcontext=u:object_r:adsprpcd_file:s0 tclass=dir permissive=0
09-01 07:06:26.190 W/df      ( 5653): type=1400 audit(0.0:1704): avc: denied { search } for name="vendor" dev="tmpfs" ino=10188 scontext=u:r:shell:s0 tcontext=u:object_r:mnt_vendor_file:s0 tclass=dir permissive=0
09-01 07:06:26.350 W/HWComposer(  647): Ignoring duplicate VSYNC event from HWC for display 0 (t=12880346372845)
09-01 07:06:26.580 W/bluelink(  803): [System] updateSmoothedTime: too early or too late; st=12886.823, rt=12892.123
09-01 07:06:21.618 I/chatty  ( 1460): uid=1000(system) android.ui identical 1 line
09-01 07:06:22.626 D/AutofillManagerService( 1460): onBackKeyPressed()
09-01 07:06:26.580 D/commandrouter(  803): rtc_sync (1, rtc:sync): <ServiceRequest> FORWARDED (remote -> local) service client ID = 0, token ID = 34824
09-01 07:06:26.581 D/vendor.facebook.rtc_sync@1.0-service( 1013): Request req_ts=1630479986560578536 resp_ts=1630479986581400928
09-01 07:06:26.582 D/commandrouter(  803): SocServiceHandle::onServiceMessage, SoC Service = rtc_sync, appType = 1, type = SVC_RESP, clientId = 0, token = 34824, payloadLen = 8, result = 0, payload.size() = 8
09-01 07:06:26.637 I/ActivityTaskManager( 1460): START u0 {flg=0x10000000 cmp=com.facebook.wearable.apps.clock/.ClockActivity} from uid 2000
09-01 07:06:26.701 I/chatty  ( 1460): uid=1000(system) Binder:1460_12 expire 5 lines
09-01 07:06:26.751 D/UIAutomatorStub( 5615): URI: /jsonrpc/0, Method: POST, Header: {content-length=243, remote-addr=127.0.0.1, http-client-ip=127.0.0.1, host=localhost:9010, content-type=application/json, accept-encoding=identity}, params, {NanoHttpd.QUERY_STRING=null}, files: {postData={"jsonrpc": "2.0", "method": "waitForExists", "id": "aae3924d487613f929c08869a4b6e694", "params": [{"mask": 2097152, "childOrSibling": [], "childOrSiblingSelector": [], "resourceId": "com.facebook.wearable.apps.clock:id/add_alarm_button"}, 5]}}
09-01 07:06:26.824 I/chatty  ( 1460): uid=1000(system) ActivityManager expire 3 lines
09-01 07:06:26.853 D/CompatibilityChangeReporter( 1460): Compat change id reported: 135634846; UID 10041; state: DISABLED
09-01 07:06:26.853 D/CompatibilityChangeReporter( 1460): Compat change id reported: 143937733; UID 10041; state: ENABLED
09-01 07:06:26.857 D/CompatibilityInfo( 1460): applicationDensity - 320
09-01 07:06:26.857 D/CompatibilityInfo( 1460): applicationScale - 1.0
09-01 07:06:26.904 D/Zygote  (  476): Forked child process 5671
09-01 07:06:26.907 W/ActivityManager( 1460): Slow operation: 55ms so far, now at startProcess: returned from zygote!
09-01 07:06:26.907 W/ActivityManager( 1460): Slow operation: 55ms so far, now at startProcess: done updating battery stats
09-01 07:06:26.908 W/ActivityManager( 1460): Slow operation: 56ms so far, now at startProcess: building log message
09-01 07:06:26.908 I/ActivityManager( 1460): Start proc 5671:com.facebook.wearable.system.speechservice/u0a41 for service {com.facebook.wearable.system.speechservice/com.facebook.assistant.appsdk.ipcserver.VoiceActionsService}
09-01 07:06:26.908 W/ActivityManager( 1460): Slow operation: 56ms so far, now at startProcess: starting to update pids map
09-01 07:06:26.909 W/ActivityManager( 1460): Slow operation: 57ms so far, now at startProcess: done updating pids map
09-01 07:06:26.997 I/adbd    (  781): jdwp connection from 5671
09-01 07:06:27.015 I/AdrenoGLES-0( 2449): QUALCOMM build                   : 20a5a0d, Ib3ee6ea34f
09-01 07:06:27.015 I/AdrenoGLES-0( 2449): Build Date                       : 07/12/21
09-01 07:06:27.015 I/AdrenoGLES-0( 2449): OpenGL ES Shader Compiler Version: EV031.32.02.10
09-01 07:06:27.015 I/AdrenoGLES-0( 2449): Local Branch                     : mybranchebe2dcdf-3d97-f160-ba1b-5cb90179c3e0
09-01 07:06:27.015 I/AdrenoGLES-0( 2449): Remote Branch                    : quic/LAW.BR.5.1.r1.5
09-01 07:06:27.015 I/AdrenoGLES-0( 2449): Remote Branch                    : NONE
09-01 07:06:27.015 I/AdrenoGLES-0( 2449): Reconstruct Branch               : NOTHING
09-01 07:06:27.015 I/AdrenoGLES-0( 2449): Build Config                     : S L 10.0.7 AArch32
09-01 07:06:27.016 I/AdrenoGLES-0( 2449): Driver Path                      : /vendor/lib/egl/libGLESv2_adreno.so
09-01 07:06:27.022 D/CompatibilityInfo( 1460): mCompatibilityFlags - 4
09-01 07:06:27.022 D/CompatibilityInfo( 1460): applicationDensity - 320
09-01 07:06:27.023 D/CompatibilityInfo( 1460): applicationScale - 1.0
09-01 07:06:27.040 D/CompatibilityInfo( 1460): mCompatibilityFlags - 4
09-01 07:06:27.040 D/CompatibilityInfo( 1460): applicationDensity - 320
09-01 07:06:27.040 D/CompatibilityInfo( 1460): applicationScale - 1.0
09-01 07:06:27.084 D/CompatibilityInfo( 1460): mCompatibilityFlags - 4
09-01 07:06:27.084 D/CompatibilityInfo( 1460): applicationDensity - 320
09-01 07:06:27.084 D/CompatibilityInfo( 1460): applicationScale - 1.0
09-01 07:06:27.105 I/chatty  ( 5671): uid=10041(com.facebook.wearable.system.speechservice) expire 45 lines
09-01 07:06:27.146 I/hwservicemanager(  377): getTransport: Cannot find entry android.hardware.graphics.mapper@4.0::IMapper/default in either framework or device manifest.
09-01 07:06:27.147 I/hwservicemanager(  377): getTransport: Cannot find entry android.hardware.graphics.mapper@3.0::IMapper/default in either framework or device manifest.
09-01 07:06:27.175 I/AdrenoGLES-0( 2449): PFP: 0x005ff114, ME: 0x005ff066
09-01 07:06:27.231 D/CompatibilityInfo( 1460): mCompatibilityFlags - 4
09-01 07:06:27.231 D/CompatibilityInfo( 1460): applicationDensity - 320
09-01 07:06:27.231 D/CompatibilityInfo( 1460): applicationScale - 1.0
09-01 07:06:27.784 D/SoLoader( 5671): libz.so not found on /vendor/lib
09-01 07:06:27.785 D/SoLoader( 5671): libz.so found on /system/lib
09-01 07:06:27.785 D/SoLoader( 5671): libz.so loaded implicitly
09-01 07:06:27.785 D/SoLoader( 5671): Loaded: libz.so
09-01 07:06:27.785 D/SoLoader( 5671): About to load: libthird-party_boost_boost_contextAndroid.so
09-01 07:06:27.785 D/SoLoader( 5671): libthird-party_boost_boost_contextAndroid.so found on /data/data/com.facebook.wearable.system.speechservice/lib-main
09-01 07:06:27.787 D/SoLoader( 5671): Loading lib dependencies: [libc.so]
09-01 07:06:27.787 D/SoLoader( 5671): About to load: libc.so
09-01 07:06:27.788 D/SoLoader( 5671): libc.so not found on /data/data/com.facebook.wearable.system.speechservice/lib-main
09-01 07:06:27.788 D/SoLoader( 5671): libc.so not found on /system/priv-app/SpeechService/lib/arm
09-01 07:06:27.788 D/SoLoader( 5671): libc.so not found on /system/priv-app/SpeechService/SpeechService.apk!/lib/armeabi-v7a
09-01 07:06:27.788 D/SoLoader( 5671): libc.so not found on /vendor/lib
09-01 07:06:27.789 D/SoLoader( 5671): libc.so found on /system/lib
09-01 07:06:27.789 D/SoLoader( 5671): libc.so loaded implicitly
09-01 07:06:27.789 D/SoLoader( 5671): Loaded: libc.so
09-01 07:06:27.790 D/SoLoader( 5671): Loaded: libthird-party_boost_boost_contextAndroid.so
09-01 07:06:27.790 D/SoLoader( 5671): About to load: libdexload.so
09-01 07:06:27.790 D/SoLoader( 5671): libdexload.so found on /data/data/com.facebook.wearable.system.speechservice/lib-main
09-01 07:06:27.795 D/SoLoader( 5671): Loading lib dependencies: [libc++_shared.so, liblog.so, libglog.so, libmemalign16.so, libbreakpad.so, libdistractmerged.so, libdl.so, libm.so, libc.so]
09-01 07:06:27.795 D/SoLoader( 5671): About to load: libc++_shared.so
09-01 07:06:27.796 D/SoLoader( 5671): libc++_shared.so found on /data/data/com.facebook.wearable.system.speechservice/lib-main
09-01 07:06:27.800 D/SoLoader( 5671): Loading lib dependencies: [libmemalign16.so, libdl.so, libc.so]
09-01 07:06:27.801 D/SoLoader( 5671): About to load: libmemalign16.so
09-01 07:06:27.801 D/SoLoader( 5671): libmemalign16.so found on /data/data/com.facebook.wearable.system.speechservice/lib-main
09-01 07:06:27.803 D/SoLoader( 5671): Loading lib dependencies: [libc.so]
09-01 07:06:27.804 D/SoLoader( 5671): Loaded: libmemalign16.so
09-01 07:06:27.805 D/SoLoader( 5671): About to load: libdl.so
09-01 07:06:27.805 D/SoLoader( 5671): libdl.so not found on /data/data/com.facebook.wearable.system.speechservice/lib-main
09-01 07:06:27.806 D/SoLoader( 5671): libdl.so not found on /system/priv-app/SpeechService/lib/arm
09-01 07:06:27.806 D/SoLoader( 5671): libdl.so not found on /system/priv-app/SpeechService/SpeechService.apk!/lib/armeabi-v7a
09-01 07:06:27.806 D/SoLoader( 5671): libdl.so not found on /vendor/lib
09-01 07:06:27.806 D/SoLoader( 5671): libdl.so found on /system/lib
09-01 07:06:27.806 D/SoLoader( 5671): libdl.so loaded implicitly
09-01 07:06:27.806 D/SoLoader( 5671): Loaded: libdl.so
09-01 07:06:27.817 D/SoLoader( 5671): Loaded: libc++_shared.so
09-01 07:06:27.817 D/SoLoader( 5671): About to load: liblog.so
09-01 07:06:27.817 D/SoLoader( 5671): liblog.so not found on /data/data/com.facebook.wearable.system.speechservice/lib-main
09-01 07:06:27.818 D/SoLoader( 5671): liblog.so not found on /system/priv-app/SpeechService/lib/arm
09-01 07:06:27.818 D/SoLoader( 5671): liblog.so not found on /system/priv-app/SpeechService/SpeechService.apk!/lib/armeabi-v7a
09-01 07:06:27.818 D/SoLoader( 5671): liblog.so not found on /vendor/lib
09-01 07:06:27.818 D/SoLoader( 5671): liblog.so found on /system/lib
09-01 07:06:27.818 D/SoLoader( 5671): liblog.so loaded implicitly
09-01 07:06:27.818 D/SoLoader( 5671): Loaded: liblog.so
09-01 07:06:27.819 D/SoLoader( 5671): About to load: libglog.so
09-01 07:06:27.819 D/SoLoader( 5671): libglog.so found on /data/data/com.facebook.wearable.system.speechservice/lib-main
09-01 07:06:27.823 D/SoLoader( 5671): Loading lib dependencies: [libc++_shared.so, libc.so]
09-01 07:06:27.825 D/SoLoader( 5671): Loaded: libglog.so
09-01 07:06:27.826 D/SoLoader( 5671): About to load: libbreakpad.so
09-01 07:06:27.826 D/SoLoader( 5671): libbreakpad.so found on /data/data/com.facebook.wearable.system.speechservice/lib-main
09-01 07:06:27.831 D/SoLoader( 5671): Loading lib dependencies: [libc++_shared.so, liblog.so, libmemalign16.so, libdistractmerged.so, libdl.so, libm.so, libc.so]
09-01 07:06:27.831 D/SoLoader( 5671): About to load: libdistractmerged.so
09-01 07:06:27.832 D/SoLoader( 5671): libdistractmerged.so found on /data/data/com.facebook.wearable.system.speechservice/lib-main
09-01 07:06:27.835 D/SoLoader( 5671): Loading lib dependencies: [libc.so]
09-01 07:06:27.836 D/SoLoader( 5671): Loaded: libdistractmerged.so
09-01 07:06:27.836 D/SoLoader( 5671): About to load: libm.so
09-01 07:06:27.836 D/SoLoader( 5671): libm.so not found on /data/data/com.facebook.wearable.system.speechservice/lib-main
09-01 07:06:27.837 D/SoLoader( 5671): libm.so not found on /system/priv-app/SpeechService/lib/arm
09-01 07:06:27.837 D/SoLoader( 5671): libm.so not found on /system/priv-app/SpeechService/SpeechService.apk!/lib/armeabi-v7a
09-01 07:06:27.837 D/SoLoader( 5671): libm.so not found on /vendor/lib
09-01 07:06:27.838 D/SoLoader( 5671): libm.so found on /system/lib
09-01 07:06:27.838 D/SoLoader( 5671): libm.so loaded implicitly
09-01 07:06:27.838 D/SoLoader( 5671): Loaded: libm.so
09-01 07:06:27.841 D/SoLoader( 5671): Loaded: libbreakpad.so
09-01 07:06:27.847 D/SoLoader( 5671): Loaded: libdexload.so
09-01 07:06:27.847 D/SoLoader( 5671): About to load: libxplat_perflogger_base_generated_Modules_QPLTigonModuleAndroid.so
09-01 07:06:27.848 D/SoLoader( 5671): libxplat_perflogger_base_generated_Modules_QPLTigonModuleAndroid.so found on /data/data/com.facebook.wearable.system.speechservice/lib-main
09-01 07:06:27.850 D/SoLoader( 5671): Loading lib dependencies: [libc.so]
09-01 07:06:27.851 D/SoLoader( 5671): Loaded: libxplat_perflogger_base_generated_Modules_QPLTigonModuleAndroid.so
09-01 07:06:27.852 D/SoLoader( 5671): About to load: libxplat_mobilenetwork_fbdomainsAndroid.so
09-01 07:06:27.852 D/SoLoader( 5671): libxplat_mobilenetwork_fbdomainsAndroid.so found on /data/data/com.facebook.wearable.system.speechservice/lib-main
09-01 07:06:27.855 D/SoLoader( 5671): Loading lib dependencies: [libc.so]
09-01 07:06:27.856 D/SoLoader( 5671): Loaded: libxplat_mobilenetwork_fbdomainsAndroid.so
09-01 07:06:27.856 D/SoLoader( 5671): About to load: libfmt.so
09-01 07:06:27.857 D/SoLoader( 5671): libfmt.so found on /data/data/com.facebook.wearable.system.speechservice/lib-main
09-01 07:06:27.861 D/SoLoader( 5671): Loading lib dependencies: [libc++_shared.so, libc.so]
09-01 07:06:27.864 D/SoLoader( 5671): Loaded: libfmt.so
09-01 07:06:27.864 D/SoLoader( 5671): About to load: libdouble-conversion.so
09-01 07:06:27.864 D/SoLoader( 5671): libdouble-conversion.so found on /data/data/com.facebook.wearable.system.speechservice/lib-main
09-01 07:06:27.869 D/SoLoader( 5671): Loading lib dependencies: [libc++_shared.so, libm.so, libc.so]
09-01 07:06:27.870 D/SoLoader( 5671): Loaded: libdouble-conversion.so
09-01 07:06:27.989 D/SoLoader( 5671): Loaded: libcoldstart.so
09-01 07:06:27.990 D/SoLoader( 5671): Loaded: libxplat_structuredlogger_events_AssistantOacrInteractionEventAndroid.so
09-01 07:06:27.990 D/SoLoader( 5671): About to load: libxplat_structuredlogger_events_AssistantClientNetworkEventAndroid.so
09-01 07:06:27.990 D/SoLoader( 5671): libxplat_structuredlogger_events_AssistantClientNetworkEventAndroid.so found on /data/data/com.facebook.wearable.system.speechservice/lib-main
09-01 07:06:27.995 D/SoLoader( 5671): Loading lib dependencies: [libcoldstart.so, libc++_shared.so, libc.so]
09-01 07:06:27.997 D/SoLoader( 5671): Loaded: libxplat_structuredlogger_events_AssistantClientNetworkEventAndroid.so
09-01 07:06:27.997 D/SoLoader( 5671): About to load: libxplat_perflogger_base_generated_Modules_QPLAssistantModuleAndroid.so
09-01 07:06:27.997 D/SoLoader( 5671): libxplat_perflogger_base_generated_Modules_QPLAssistantModuleAndroid.so found on /data/data/com.facebook.wearable.system.speechservice/lib-main
09-01 07:06:28.000 D/SoLoader( 5671): Loading lib dependencies: [libc.so]
09-01 07:06:28.001 D/SoLoader( 5671): Loaded: libxplat_perflogger_base_generated_Modules_QPLAssistantModuleAndroid.so
09-01 07:06:28.001 D/SoLoader( 5671): About to load: libopus1_3_1.so
09-01 07:06:28.002 D/SoLoader( 5671): libopus1_3_1.so found on /data/data/com.facebook.wearable.system.speechservice/lib-main
09-01 07:06:28.005 D/SoLoader( 5671): Loading lib dependencies: [libmemalign16.so, libc.so]
09-01 07:06:28.013 D/SoLoader( 5671): Loaded: libopus1_3_1.so
09-01 07:06:28.103 D/SoLoader( 5671): Loaded: liboacrmerged.so
09-01 07:06:28.105 D/SoLoader( 5671): Loaded: libspeechopus.so
09-01 07:06:28.117 D/SoLoader( 5671): About to merge: fbjni / libdexload.so
09-01 07:06:28.205 D/SettingsSDK::SyncHelper( 5671): Read setting com.facebook.wearable.system.speechservice:enable_assistant from the database
09-01 07:06:28.209 D/AssistantDevoptionClientFactory( 5671): devoptions assistant switch status: false
09-01 07:06:28.210 W/WearableSpeechServiceApplication( 5671): Assistant was not enabled (did you enable it in mos_devoptions)
09-01 07:06:28.214 D/AssistantMessageBus( 5671): Subscribe: InteractionStateChangeMessage
09-01 07:06:28.217 D/VoiceActionsService( 5671): onCreate called
09-01 07:06:28.220 D/FacebookRepository( 5671): Reading from Store [192248945553401]
09-01 07:06:28.220 D/StartupTracker( 5671): App finished starting: com.facebook.wearable.system.speechservice
09-01 07:06:28.240 D/VoiceActionsConnection( 5671): activateAssistantStudioApplication called: com.facebook.wearable.apps.clock 4194105670599969 null 
09-01 07:06:28.240 D/AcpVoiceActionsHandler( 5671): onActivateAssistantStudioApplication called: com.facebook.wearable.apps.clock 4194105670599969 null 
09-01 07:06:28.240 D/AcpVoiceActionsHandler( 5671): Registering dummy action on activate
09-01 07:06:28.241 D/DummyLowPriorityInit( 5671): Low Priority Init
09-01 07:06:28.241 E/SafeMessageHandler( 5671): SafeMessageHandler has not been initialized. Nothing will happen
09-01 07:06:28.251 W/Binder  ( 5671): Caught a RuntimeException from the binder stub implementation.
09-01 07:06:28.251 W/Binder  ( 5671): java.lang.IllegalStateException: SafeMessageHandler should be initialized when the service starts
09-01 07:06:28.251 W/Binder  ( 5671): 	at com.facebook.assistant.appsdk.messages.messageutils.SafeMessageHandler.dispatchOrCacheMessage(:71)
09-01 07:06:28.251 W/Binder  ( 5671): 	at com.facebook.assistant.appsdk.ipcserver.AcpVoiceActionsHandler.activateApplicationInternal(:37)
09-01 07:06:28.251 W/Binder  ( 5671): 	at com.facebook.assistant.appsdk.ipcserver.VoiceActionsConnection.activateAssistantStudioApplication(:19)
09-01 07:06:28.251 W/Binder  ( 5671): 	at com.facebook.assistant.appsdk.assistantactionsipc.IAssistantVoiceActionsConnection$Stub.onTransact(:75)
09-01 07:06:28.251 W/Binder  ( 5671): 	at android.os.Binder.execTransactInternal(Binder.java:1159)
09-01 07:06:28.251 W/Binder  ( 5671): 	at android.os.Binder.execTransact(Binder.java:1123)
09-01 07:06:29.817 E/TaskPersister( 1460): File error accessing recents directory (directory doesn't exist?).
09-01 07:06:31.076 D/UIAutomatorStub( 5615): URI: /jsonrpc/0, Method: POST, Header: {content-length=246, remote-addr=127.0.0.1, http-client-ip=127.0.0.1, host=localhost:9010, content-type=application/json, accept-encoding=identity}, params, {NanoHttpd.QUERY_STRING=null}, files: {postData={"jsonrpc": "2.0", "method": "waitForExists", "id": "40e6d872bec00560c75ea66a6bd9b791", "params": [{"mask": 2097152, "childOrSibling": [], "childOrSiblingSelector": [], "resourceId": "com.facebook.wearable.apps.clock:id/add_alarm_button"}, 5000]}}
09-01 07:06:31.126 D/UIAutomatorStub( 5615): URI: /jsonrpc/0, Method: POST, Header: {content-length=232, remote-addr=127.0.0.1, http-client-ip=127.0.0.1, host=localhost:9010, content-type=application/json, accept-encoding=identity}, params, {NanoHttpd.QUERY_STRING=null}, files: {postData={"jsonrpc": "2.0", "method": "click", "id": "891fc896182485af77a2e944e8a2cbfc", "params": [{"mask": 2097152, "childOrSibling": [], "childOrSiblingSelector": [], "resourceId": "com.facebook.wearable.apps.clock:id/add_alarm_button"}]}}
09-01 07:06:31.316 D/audio_hw_primary(  562): start_output_stream: enter: stream(0x96f76000)usecase(1: low-latency-playback) devices(0x2) is_haptic_usecase(0)
09-01 07:06:31.317 I/system_server( 1460): oneway function results will be dropped but finished with status OK and parcel size 4
09-01 07:06:31.317 D/audio_hw_primary(  562): select_devices for use case (low-latency-playback)
09-01 07:06:31.317 I/msm8974_platform(  562): platform_check_and_set_codec_backend_cfg:becf: afe: bitwidth 16, samplerate 48000 channels 2, backend_idx 0 usecase = 1 device (speaker)
09-01 07:06:31.317 I/msm8974_platform(  562): platform_check_and_set_codec_backend_cfg: new_snd_devices[0] is 2
09-01 07:06:31.317 I/msm8974_platform(  562): platform_check_codec_backend_cfg:becf: afe: bitwidth 16, samplerate 48000 channels 2, backend_idx 0 usecase = 1 device (speaker)
09-01 07:06:31.319 I/system_server( 1460): oneway function results will be dropped but finished with status OK and parcel size 4
09-01 07:06:31.319 E/audio_hw_extn(  562): audio_extn_enable_hifi_filter: Could not get ctl for mixer cmd - HiFi Filter, using default control
09-01 07:06:31.319 D/msm8974_platform(  562): platform_check_codec_backend_cfg:becf: updated afe: bitwidth 16, samplerate 48000 channels 2,backend_idx 0 usecase = 1 device (speaker)
09-01 07:06:31.319 I/msm8974_platform(  562): platform_check_codec_backend_cfg:becf: afe: Codec selected backend: 0 updated bit width: 16 and sample rate: 48000
09-01 07:06:31.319 D/audio_hw_primary(  562): check_usecases_codec_backend:becf: force routing 0
09-01 07:06:31.319 D/audio_hw_primary(  562): check_usecases_codec_backend:becf: (85) check_usecases curr device: speaker, usecase device: backends match 0
09-01 07:06:31.319 D/audio_hw_primary(  562): check_usecases_codec_backend:becf: check_usecases num.of Usecases to switch 0
09-01 07:06:31.319 D/hardware_info(  562): hw_info_append_hw_type : device_name = speaker
09-01 07:06:31.319 D/audio_hw_primary(  562): enable_snd_device: snd_device(2: speaker)
09-01 07:06:31.319 D/msm8974_platform(  562): platform_get_island_cfg_on_device:island cfg status on snd_device = (speaker 0)
09-01 07:06:31.319 I/soundtrigger(  562): audio_extn_sound_trigger_update_device_status: device 0x2 of type 0 for Event 1, with Raise=0
09-01 07:06:31.320 D/audio_route(  562): Apply path: speaker
09-01 07:06:31.320 D/audio_hw_bluebox(  562): sending snd dev notification enabled=1 sdev=Speaker
09-01 07:06:31.320 D/commandrouter(  803): SocServiceHandle::onServiceMessage, SoC Service = audio_hal, appType = 1, type = SVC_REQ, clientId = 0, token = 491, payloadLen = 32, result = 0, payload.size() = 32
09-01 07:06:31.342 I/mcucapture(  961): 12858450 [info   ] {AUD }: SoundDevEnabled: Speaker
09-01 07:06:31.342 I/mcucapture(  961): 12858454 [info   ] {AUD }: setting audio power mode: STANDBY
09-01 07:06:31.349 D/UIAutomatorStub( 5615): URI: /jsonrpc/0, Method: POST, Header: {content-length=254, remote-addr=127.0.0.1, http-client-ip=127.0.0.1, host=localhost:9010, content-type=application/json, accept-encoding=identity}, params, {NanoHttpd.QUERY_STRING=null}, files: {postData={"jsonrpc": "2.0", "method": "waitForExists", "id": "7f8a81276b33e02b5bea435bae7c0d65", "params": [{"mask": 2097152, "childOrSibling": [], "childOrSiblingSelector": [], "resourceId": "com.facebook.wearable.apps.clock:id/confirm_add_alarm_button"}, 5000]}}
09-01 07:06:31.378 I/mcucapture(  961): 12858494 [info   ] {AUD }: Enabling SmartAmpDSP
09-01 07:06:31.378 I/mcucapture(  961): 12858498 [info   ] {AUD }: SmartAmpDSP: Refcount: 1
09-01 07:06:31.387 D/commandrouter(  803): audio_hal (1, audio_hal:notification:push): <ServiceResponse> FORWARDED (remote -> local) CR token ID = 491, service client ID = 37, token ID = 1779, result = 0
09-01 07:06:31.387 D/soundtrigger(  562): audio_extn_sound_trigger_update_stream_status: uc_info->id 1 of type 0 for Event 3, with Raise=0
09-01 07:06:31.387 D/audio_hw_utils(  562): audio_extn_utils_send_app_type_cfg: usecase->out_snd_device speaker
09-01 07:06:31.388 I/audio_hw_utils(  562): send_app_type_cfg_for_device PLAYBACK app_type 69937, acdb_dev_id 14, sample_rate 48000, snd_device_be_idx 40
09-01 07:06:31.389 D/ACDB-LOADER(  562): ACDB -> send_audio_cal, acdb_id = 14, path = 0, app id = 0x11131, sample rate = 48000, use_case = 0,buffer_idx_w_path =0, afe_sample_rate = 48000, cal_mode = 1, offset_index = 0
09-01 07:06:31.389 D/ACDB-LOADER(  562): ACDB -> send_asm_topology
09-01 07:06:31.389 D/ACDB-LOADER(  562): ACDB -> ACDB_CMD_GET_AUDPROC_STREAM_TOPOLOGY_ID
09-01 07:06:31.389 D/ACDB-LOADER(  562): ACDB -> send_adm_topology
09-01 07:06:31.389 D/ACDB-LOADER(  562): ACDB -> ACDB_CMD_GET_AUDPROC_COMMON_TOPOLOGY_ID
09-01 07:06:31.389 D/ACDB-LOADER(  562): ACDB -> send_audtable
09-01 07:06:31.389 D/ACDB-LOADER(  562): ACDB -> ACDB_CMD_GET_AUDPROC_COMMON_TABLE_SIZE
09-01 07:06:31.389 D/ACDB-LOADER(  562): ACDB -> ACDB_CMD_GET_AUDPROC_COMMON_TABLE
09-01 07:06:31.389 D/ACDB-LOADER(  562): ACDB -> AUDIO_SET_AUDPROC_CAL cal_type[11] acdb_id[14] app_type[69937]
09-01 07:06:31.389 D/ACDB-LOADER(  562): ACDB -> send_audvoltable
09-01 07:06:31.389 D/ACDB-LOADER(  562): ACDB -> ACDB_CMD_GET_AUDPROC_GAIN_DEP_STEP_TABLE_SIZE
09-01 07:06:31.389 D/ACDB-LOADER(  562): ACDB -> ACDB_CMD_GET_AUDPROC_GAIN_DEP_STEP_TABLE, vol index 0
09-01 07:06:31.389 D/ACDB-LOADER(  562): ACDB -> AUDIO_SET_VOL_CAL cal type = 12
09-01 07:06:31.389 D/ACDB-LOADER(  562): ACDB -> ACDB_CMD_GET_AUDPROC_STREAM_TABLE_SIZE
09-01 07:06:31.389 D/ACDB-LOADER(  562): ACDB -> send_audstrmtable
09-01 07:06:31.389 D/ACDB-LOADER(  562): ACDB -> ACDB_CMD_GET_AUDPROC_STREAM_TABLE_V2
09-01 07:06:31.389 D/ACDB-LOADER(  562): ACDB -> audstrm_cal->cal_type.cal_data.cal_size = 16
09-01 07:06:31.389 D/ACDB-LOADER(  562): ACDB -> send_afe_topology
09-01 07:06:31.389 D/ACDB-LOADER(  562): ACDB -> ACDB_CMD_GET_AFE_TOPOLOGY_ID
09-01 07:06:31.389 D/ACDB-LOADER(  562): ACDB -> GET_AFE_TOPOLOGY_ID for adcd_id 14, Topology Id 1025e
09-01 07:06:31.389 D/ACDB-LOADER(  562): ACDB -> send_afe_cal
