09-01 07:16:58.523 W/UiAutomatorBridge( 8738): 	at com.googlecode.jsonrpc4j.JsonRpcServer.handleNode(JsonRpcServer.java:293)
09-01 07:16:58.523 W/UiAutomatorBridge( 8738): 	at com.googlecode.jsonrpc4j.JsonRpcServer.handle(JsonRpcServer.java:230)
09-01 07:16:58.523 W/UiAutomatorBridge( 8738): 	at com.github.uiautomator.stub.AutomatorHttpServer.serve(AutomatorHttpServer.java:97)
09-01 07:16:58.523 W/UiAutomatorBridge( 8738): 	at fi.iki.elonen.NanoHTTPD.serve(NanoHTTPD.java:331)
09-01 07:16:58.523 W/UiAutomatorBridge( 8738): 	at fi.iki.elonen.NanoHTTPD$HTTPSession.execute(NanoHTTPD.java:953)
09-01 07:16:58.523 W/UiAutomatorBridge( 8738): 	at fi.iki.elonen.NanoHTTPD$1$1.run(NanoHTTPD.java:208)
09-01 07:16:58.523 W/UiAutomatorBridge( 8738): 	at java.lang.Thread.run(Thread.java:923)
09-01 07:16:58.613 I/chatty  (  562): uid=1041(audioserver) writer expire 14 lines
09-01 07:16:58.615 I/chatty  ( 1460): uid=1000(system) Binder:1460_14 expire 4 lines
09-01 07:16:58.615 I/soundtrigger(  562): audio_extn_sound_trigger_update_device_status: device 0x2 of type 0 for Event 1, with Raise=0
09-01 07:16:58.615 D/audio_route(  562): Apply path: speaker
09-01 07:16:58.615 D/audio_hw_bluebox(  562): sending snd dev notification enabled=1 sdev=Speaker
09-01 07:16:58.617 D/commandrouter(  803): SocServiceHandle::onServiceMessage, SoC Service = audio_hal, appType = 1, type = SVC_REQ, clientId = 0, token = 523, payloadLen = 32, result = 0, payload.size() = 32
09-01 07:16:58.633 I/mcucapture(  961): 13485640 [info   ] {AUD }: SoundDevEnabled: Speaker
09-01 07:16:58.633 I/mcucapture(  961): 13485645 [info   ] {AUD }: setting audio power mode: STANDBY
09-01 07:16:58.690 I/mcucapture(  961): 13485686 [info   ] {AUD }: Enabling SmartAmpDSP
09-01 07:16:58.690 I/mcucapture(  961): 13485704 [info   ] {AUD }: SmartAmpDSP: Refcount: 1
09-01 07:16:58.698 D/commandrouter(  803): audio_hal (1, audio_hal:notification:push): <ServiceResponse> FORWARDED (remote -> local) CR token ID = 523, service client ID = 37, token ID = 1891, result = 0
09-01 07:16:58.698 D/soundtrigger(  562): audio_extn_sound_trigger_update_stream_status: uc_info->id 1 of type 0 for Event 3, with Raise=0
09-01 07:16:58.698 D/audio_hw_utils(  562): audio_extn_utils_send_app_type_cfg: usecase->out_snd_device speaker
09-01 07:16:58.699 I/audio_hw_utils(  562): send_app_type_cfg_for_device PLAYBACK app_type 69937, acdb_dev_id 14, sample_rate 48000, snd_device_be_idx 40
09-01 07:16:58.699 D/ACDB-LOADER(  562): ACDB -> send_audio_cal, acdb_id = 14, path = 0, app id = 0x11131, sample rate = 48000, use_case = 0,buffer_idx_w_path =0, afe_sample_rate = 48000, cal_mode = 1, offset_index = 0
09-01 07:16:58.699 D/ACDB-LOADER(  562): ACDB -> send_asm_topology
09-01 07:16:58.700 D/ACDB-LOADER(  562): ACDB -> ACDB_CMD_GET_AUDPROC_STREAM_TOPOLOGY_ID
09-01 07:16:58.700 D/ACDB-LOADER(  562): ACDB -> send_adm_topology
09-01 07:16:58.700 D/ACDB-LOADER(  562): ACDB -> ACDB_CMD_GET_AUDPROC_COMMON_TOPOLOGY_ID
09-01 07:16:58.700 D/ACDB-LOADER(  562): ACDB -> send_audtable
09-01 07:16:58.700 D/ACDB-LOADER(  562): ACDB -> ACDB_CMD_GET_AUDPROC_COMMON_TABLE_SIZE
09-01 07:16:58.700 D/ACDB-LOADER(  562): ACDB -> ACDB_CMD_GET_AUDPROC_COMMON_TABLE
09-01 07:16:58.700 D/ACDB-LOADER(  562): ACDB -> AUDIO_SET_AUDPROC_CAL cal_type[11] acdb_id[14] app_type[69937]
09-01 07:16:58.700 D/ACDB-LOADER(  562): ACDB -> send_audvoltable
09-01 07:16:58.700 D/ACDB-LOADER(  562): ACDB -> ACDB_CMD_GET_AUDPROC_GAIN_DEP_STEP_TABLE_SIZE
09-01 07:16:58.700 D/ACDB-LOADER(  562): ACDB -> ACDB_CMD_GET_AUDPROC_GAIN_DEP_STEP_TABLE, vol index 0
09-01 07:16:58.700 D/ACDB-LOADER(  562): ACDB -> AUDIO_SET_VOL_CAL cal type = 12
09-01 07:16:58.700 D/ACDB-LOADER(  562): ACDB -> ACDB_CMD_GET_AUDPROC_STREAM_TABLE_SIZE
09-01 07:16:58.700 D/ACDB-LOADER(  562): ACDB -> send_audstrmtable
09-01 07:16:58.700 D/ACDB-LOADER(  562): ACDB -> ACDB_CMD_GET_AUDPROC_STREAM_TABLE_V2
09-01 07:16:58.700 D/ACDB-LOADER(  562): ACDB -> audstrm_cal->cal_type.cal_data.cal_size = 16
09-01 07:16:58.700 D/ACDB-LOADER(  562): ACDB -> send_afe_topology
09-01 07:16:58.700 D/ACDB-LOADER(  562): ACDB -> ACDB_CMD_GET_AFE_TOPOLOGY_ID
09-01 07:16:58.700 D/ACDB-LOADER(  562): ACDB -> GET_AFE_TOPOLOGY_ID for adcd_id 14, Topology Id 1025e
09-01 07:16:58.700 D/ACDB-LOADER(  562): ACDB -> send_afe_cal
09-01 07:16:58.700 D/ACDB-LOADER(  562): ACDB -> ACDB_CMD_GET_AFE_COMMON_TABLE_SIZE
09-01 07:16:58.700 D/ACDB-LOADER(  562): ACDB -> ACDB_CMD_GET_AFE_COMMON_TABLE
09-01 07:16:58.700 D/ACDB-LOADER(  562): ACDB -> AUDIO_SET_AFE_CAL cal_type[16] acdb_id[14]
09-01 07:16:58.700 D/ACDB-LOADER(  562): ACDB -> send_hw_delay : acdb_id = 14 path = 0
09-01 07:16:58.700 D/ACDB-LOADER(  562): ACDB -> ACDB_AVSYNC_INFO: ACDB_CMD_GET_DEVICE_PROPERTY
09-01 07:16:58.700 D/audio_hw_bluebox(  562): audio_extn_bluebox_route_enabled() usecase=0
09-01 07:16:58.700 D/audio_hw_primary(  562): enable_audio_route: apply mixer and update path: low-latency-playback
09-01 07:16:58.700 D/audio_route(  562): Apply path: low-latency-playback
09-01 07:16:58.745 D/msm8974_platform(  562): platform_set_channel_map mixer_ctl_name:Playback Channel Map12
09-01 07:16:58.746 D/msm8974_platform(  562): platform_set_channel_map: set mapping(1 2 0 0 0 0 0 0) for channel:2
09-01 07:16:58.747 D/audio_hw_primary(  562): start_output_stream: exit
09-01 07:16:58.910 W/APM::AudioPolicyEngine(  625): getDevicesForStrategy() unknown strategy: -1
09-01 07:16:59.002 W/HWComposer(  647): Ignoring duplicate VSYNC event from HWC for display 0 (t=13512995537551)
09-01 07:17:00.004 D/KeyguardUpdateMonitor( 2015): received broadcast android.intent.action.TIME_TICK
09-01 07:17:00.005 D/KeyguardUpdateMonitor( 2015): handleTimeUpdate
09-01 07:17:00.653 D/UIAutomatorStub( 8738): URI: /jsonrpc/0, Method: POST, Header: {content-length=190, remote-addr=127.0.0.1, http-client-ip=127.0.0.1, host=localhost:9010, content-type=application/json, accept-encoding=identity}, params, {NanoHttpd.QUERY_STRING=null}, files: {postData={"jsonrpc": "2.0", "method": "waitForExists", "id": "5db994dbbe4eb708013b5a5fa5f06c9c", "params": [{"mask": 1, "childOrSibling": [], "childOrSiblingSelector": [], "text": "Delete Item"}, 5]}}
09-01 07:17:00.758 D/UIAutomatorStub( 8738): URI: /jsonrpc/0, Method: POST, Header: {content-length=179, remote-addr=127.0.0.1, http-client-ip=127.0.0.1, host=localhost:9010, content-type=application/json, accept-encoding=identity}, params, {NanoHttpd.QUERY_STRING=null}, files: {postData={"jsonrpc": "2.0", "method": "click", "id": "7d00a741b2d3770797c9698c1d0f52c6", "params": [{"mask": 1, "childOrSibling": [], "childOrSiblingSelector": [], "text": "Delete Item"}]}}
09-01 07:17:01.014 I/ble.apps.camer( 6292): Method exceeds compiler instruction limit: 20090 in java.lang.Object kotlin.coroutines.jvm.internal.BaseContinuationImpl.invokeSuspend(java.lang.Object)
09-01 07:17:01.069 W/APM::AudioPolicyEngine(  625): getDevicesForStrategy() unknown strategy: -1
09-01 07:17:01.185 W/MediaProvider( 2717): Ignoring mutation of date_expires from com.facebook.wearable.apps.camera
09-01 07:17:01.223 D/MediaProvider( 2717): Moving /storage/emulated/0/DCIM/1630505646270_0_644c5478-f26c-46df-8607-b7886d292658_null_e490b711-222c-4086-accf-3d0edd47da64.mp4 to /storage/emulated/0/DCIM/.trashed-1633097821-1630505646270_0_644c5478-f26c-46df-8607-b7886d292658_null_e490b711-222c-4086-accf-3d0edd47da64.mp4
09-01 07:17:01.379 W/ErrorCounterBase( 6292): MediaSDK::MediaStore Can't find Media Render Type from Display Name: image.png null
09-01 07:17:01.380 W/ErrorCounterBase( 6292): MediaSDK::MediaStore Can't find capture ID from Display Name: image.png null
09-01 07:17:01.381 W/ErrorCounterBase( 6292): MediaSDK::MediaStore Can't find derivative flag from Display Name: image.png null
09-01 07:17:01.546 W/HWComposer(  647): Ignoring duplicate VSYNC event from HWC for display 0 (t=13515541487759)
09-01 07:17:01.685 W/bluelink(  803): [System] updateSmoothedTime: too early or too late; st=13521.762, rt=13527.160
09-01 07:17:01.774 D/SurfaceUtils( 6292): connecting to surface 0x94a74408, reason connectToSurface
09-01 07:17:01.778 I/MediaCodec( 6292): [OMX.qcom.video.decoder.avc] setting surface generation to 6443012
09-01 07:17:01.778 D/SurfaceUtils( 6292): disconnecting from surface 0x94a74408, reason connectToSurface(reconnect)
09-01 07:17:01.778 D/SurfaceUtils( 6292): connecting to surface 0x94a74408, reason connectToSurface(reconnect)
09-01 07:17:01.792 D/SurfaceUtils( 6292): set up nativeWindow 0x94a74408 for 1088x1088, color 0x7fa30c04, rotation 90, usage 0x20002900
09-01 07:17:01.793 D/SurfaceUtils( 6292): disconnecting from surface 0x77ddfc08, reason disconnectFromSurface
09-01 07:17:01.793 E/Surface ( 6292): freeAllBuffers: 1 buffers were freed while being dequeued!
09-01 07:17:01.800 I/ExoPlayerImpl( 6292): Release e78d52b [ExoPlayerLib/2.11.3] [mos, MOS, Facebook, 30] [goog.exo.core]
09-01 07:17:01.857 I/chatty  ( 1460): uid=1000(system) Binder:1460_19 expire 1 line
09-01 07:17:01.866 I/chatty  ( 1994): uid=1002(bluetooth) BluetoothAvrcpH expire 19 lines
09-01 07:17:01.962 I/CCodecConfig( 6292): query failed after returning 19 values (BAD_INDEX)
09-01 07:17:01.963 D/CCodecConfig( 6292): c2 config diff is   c2::i32 coding.drc.compression-mode.value = 3
09-01 07:17:01.966 W/Codec2Client( 6292): query -- param skipped: index = 1342179345.
09-01 07:17:01.966 W/Codec2Client( 6292): query -- param skipped: index = 2415921170.
09-01 07:17:01.966 W/Codec2Client( 6292): query -- param skipped: index = 1610614798.
09-01 07:17:02.000 D/SurfaceUtils( 6292): disconnecting from surface 0x94a74408, reason disconnectFromSurface
09-01 07:17:02.014 I/OMX-VDEC-1080P(  929): omx_vdec::component_deinit() complete
09-01 07:17:02.016 D/CCodecBufferChannel( 6292): [c2.android.aac.decoder#352] MediaCodec discarded an unknown buffer
09-01 07:17:02.016 I/chatty  ( 6292): uid=10077(com.facebook.wearable.apps.camera) identical 2 lines
09-01 07:17:02.016 D/CCodecBufferChannel( 6292): [c2.android.aac.decoder#352] MediaCodec discarded an unknown buffer
09-01 07:17:02.019 I/OMX-VDEC-1080P(  929): Exit OMX vdec Destructor: fd=13
09-01 07:17:02.025 E/SELinux (  377): avc:  denied  { find } for interface=vendor.qti.hardware.perf::IPerf sid=u:r:mediacodec:s0 pid=929 scontext=u:r:mediacodec:s0 tcontext=u:object_r:vendor_hal_perf_hwservice:s0 tclass=hwservice_manager permissive=0
09-01 07:17:02.027 W/ExoPlayerImplInternal( 6292): Ignoring messages sent after release.
09-01 07:17:02.029 E/ANDR-PERF(  929): IPerf:: Perf HAL Service is not available.
09-01 07:17:02.030 I/OMX-VDEC-1080P(  929): Video slvp perflock released
09-01 07:17:02.039 I/hw-BpHwBinder( 6292): onLastStrongRef automatically unlinking death recipients
09-01 07:17:02.054 I/hw-BpHwBinder(  970): onLastStrongRef automatically unlinking death recipients
09-01 07:17:02.055 V/C2Store (  970): in ~ComponentModule
09-01 07:17:02.055 V/C2Store (  970): unloading dll
09-01 07:17:02.062 D/BufferPoolAccessor2.0( 6292): bufferpool2 0x97446158 : 0(0 size) total buffers - 0(0 size) used buffers - 1/6 (recycle/alloc) - 5/1463 (fetch/transfer)
09-01 07:17:02.069 D/BufferPoolAccessor2.0(  970): bufferpool2 0x92f2c818 : 0(0 size) total buffers - 0(0 size) used buffers - 1456/1461 (recycle/alloc) - 11/1461 (fetch/transfer)
09-01 07:17:02.696 W/RuleEvaluation( 1460): Integrity rule files are not available.
09-01 07:17:02.697 I/PackageManager( 1460): Integrity check passed for file:///data/app/vmdl991041843.tmp
09-01 07:17:02.728 I/ActivityManager( 1460): Force stopping com.github.uiautomator appid=10113 user=-1: installPackageLI
09-01 07:17:02.733 I/ActivityManager( 1460): Killing 8738:com.github.uiautomator/u0a113 (adj 0): stop com.github.uiautomator due to installPackageLI
09-01 07:17:02.742 I/PackageManager( 1460): Update package com.github.uiautomator code path from /data/app/~~KEC_9vOgkMb8qPMHrfRkDw==/com.github.uiautomator-DdSCX52CB-DdFB6xxez0DA== to /data/app/~~MQ4Q7MH7O1J5M--rrQSaHg==/com.github.uiautomator-Wth20tWuMw-h3Tw_2KhXog==; Retain data and using new
09-01 07:17:02.742 I/PackageManager( 1460): Update package com.github.uiautomator resource path from /data/app/~~KEC_9vOgkMb8qPMHrfRkDw==/com.github.uiautomator-DdSCX52CB-DdFB6xxez0DA== to /data/app/~~MQ4Q7MH7O1J5M--rrQSaHg==/com.github.uiautomator-Wth20tWuMw-h3Tw_2KhXog==; Retain data and using new
09-01 07:17:02.753 W/ActivityManager( 1460): Crash of app com.github.uiautomator running instrumentation ComponentInfo{com.github.uiautomator.test/android.support.test.runner.AndroidJUnitRunner}
09-01 07:17:02.783 D/AndroidRuntime( 8699): Shutting down VM
09-01 07:17:02.812 D/CompatibilityChangeReporter( 1460): Compat change id reported: 135549675; UID 10113; state: DISABLED
09-01 07:17:02.846 I/Zygote  (  476): Process 8738 exited due to signal 9 (Killed)
09-01 07:17:02.864 I/libprocessgroup( 1460): Successfully killed process cgroup uid 10113 pid 8738 in 122ms
09-01 07:17:03.005 D/PackageManager( 1460): Instant App installer not found with android.intent.action.INSTALL_INSTANT_APP_PACKAGE
09-01 07:17:03.005 D/PackageManager( 1460): Clear ephemeral installer activity
09-01 07:17:03.010 I/ActivityManager( 1460): Force stopping com.github.uiautomator appid=10113 user=0: finished inst
09-01 07:17:03.040 W/EventCoordinator( 2771): releaseMemory
09-01 07:17:03.102 W/system_server( 1460): Long monitor contention with owner ActivityManager (1550) at void com.android.server.wm.ActivityTaskManagerService$LocalService.handleAppDied(com.android.server.wm.WindowProcessController, boolean, java.lang.Runnable)(ActivityTaskManagerService.java:6867) waiters=0 in void com.android.server.wm.WindowManagerService$LocalService.removeWindowToken(android.os.IBinder, boolean, int) for 240ms
09-01 07:17:03.104 W/WindowManager( 1460): removeWindowToken: Attempted to remove non-existing token: android.os.Binder@71dae8b
09-01 07:17:03.114 W/system_server( 1460): Long monitor contention with owner ActivityManager (1550) at void com.android.server.am.ActivityManagerService$MainHandler.handleMessage(android.os.Message)(ActivityManagerService.java:1852) waiters=0 in void com.android.server.am.ActivityManagerService.dispatchUidsChanged() for 377ms
09-01 07:17:03.123 W/system_server( 1460): Long monitor contention with owner ActivityManager (1550) at void com.android.server.am.ActivityManagerService$MainHandler.handleMessage(android.os.Message)(ActivityManagerService.java:1852) waiters=1 in java.util.List com.android.server.am.ActivityManagerService.getRunningAppProcesses() for 387ms
09-01 07:17:03.150 W/WindowManager( 1460): Cannot find window which accessibility connection is added to
09-01 07:17:03.154 W/Looper  ( 1460): Slow dispatch took 424ms android.ui h=com.android.server.am.ActivityManagerService$UiHandler c=null m=53
09-01 07:17:03.154 W/Looper  ( 1460): Slow delivery took 409ms android.ui h=com.android.server.am.ActivityManagerService$UiHandler c=null m=32
09-01 07:17:03.258 E/installd(  889): Couldn't opendir /data/app/vmdl991041843.tmp: No such file or directory
09-01 07:17:03.258 E/installd(  889): Failed to delete /data/app/vmdl991041843.tmp: No such file or directory
09-01 07:17:03.261 I/ActivityManager( 1460): Force stopping com.github.uiautomator appid=10113 user=0: pkg removed
09-01 07:17:03.266 I/cmd     ( 8822): oneway function results will be dropped but finished with status OK and parcel size 4
09-01 07:17:03.287 W/Looper  ( 1460): Drained
09-01 07:17:03.290 D/CompatibilityInfo( 1460): mCompatibilityFlags - 14
09-01 07:17:03.290 D/CompatibilityInfo( 1460): applicationDensity - 320
09-01 07:17:03.290 D/CompatibilityInfo( 1460): applicationScale - 1.0
09-01 07:17:03.296 I/MediaProvider( 2717): Invalidating LocalCallingIdentity cache for package com.github.uiautomator. Reason: package android.intent.action.PACKAGE_REMOVED
09-01 07:17:03.303 I/MediaProvider( 2717): Invalidating LocalCallingIdentity cache for package com.github.uiautomator. Reason: package android.intent.action.PACKAGE_ADDED
09-01 07:17:03.315 D/Avrcp_ext( 1994): AvrcpServiceBroadcastReceiver-> Action: android.intent.action.PACKAGE_REMOVED
09-01 07:17:03.315 D/Avrcp_ext( 1994): AvrcpServiceBroadcastReceiver-> Action: android.intent.action.PACKAGE_ADDED
09-01 07:17:03.315 D/Avrcp_ext( 1994): AvrcpServiceBroadcastReceiver-> packageName: com.github.uiautomator
09-01 07:17:03.316 D/Avrcp_ext( 1994): packageName: com.github.uiautomator removed: false
09-01 07:17:03.319 W/BroadcastQueue( 1460): Background execution not allowed: receiving Intent { act=android.intent.action.PACKAGE_REMOVED dat=package:com.github.uiautomator flg=0x4000010 (has extras) } to com.android.gallery3d/.app.PackagesMonitor
09-01 07:17:03.320 W/BroadcastQueue( 1460): Background execution not allowed: receiving Intent { act=android.intent.action.PACKAGE_ADDED dat=package:com.github.uiautomator flg=0x4000010 (has extras) } to com.android.packageinstaller/.PackageInstalledReceiver
09-01 07:17:03.320 D/Avrcp_ext( 1994): isBrowsableListUpdated: browsable list size mismatch, true
09-01 07:17:03.320 D/Avrcp_ext( 1994): buildBrowsablePlayerList 
09-01 07:17:03.329 V/Avrcp_ext( 1994): getMediaPlayerInfo: Found com.android.music
09-01 07:17:03.329 V/Avrcp_ext( 1994): isBrowseSupported for com.android.music: false
09-01 07:17:03.330 D/Avrcp_ext( 1994): Adding media player info for com.android.music with id 1
09-01 07:17:03.330 D/Avrcp_ext( 1994): update #1:MediaPlayerInfo com.android.music (as 'Android Open Source Music Player') Type = 1, SubType = 0, Status = 0 Feature Bits [40 41 42 44 45 47 48 58] Controller: null
09-01 07:17:03.331 D/Avrcp_ext( 1994): Added MediaPlayerController/MediaPlayerPackage
09-01 07:17:03.331 V/Avrcp_ext( 1994): getMediaPlayerInfo: Found com.facebook.wearable.apps.eq
09-01 07:17:03.335 V/Avrcp_ext( 1994): isBrowseSupported for com.facebook.wearable.apps.eq: false
09-01 07:17:03.340 D/Avrcp_ext( 1994): Adding media player info for com.facebook.wearable.apps.eq with id 2
09-01 07:17:03.340 D/Avrcp_ext( 1994): update #2:MediaPlayerInfo com.facebook.wearable.apps.eq (as 'EQ') Type = 1, SubType = 0, Status = 0 Feature Bits [40 41 42 44 45 47 48 58] Controller: null
09-01 07:17:03.340 D/Avrcp_ext( 1994): Added MediaPlayerController/MediaPlayerPackage
09-01 07:17:03.341 V/Avrcp_ext( 1994): getMediaPlayerInfo: Found com.facebook.wearable.apps.mediacontroller
09-01 07:17:03.341 V/Avrcp_ext( 1994): isBrowseSupported for com.facebook.wearable.apps.mediacontroller: false
09-01 07:17:03.353 D/Avrcp_ext( 1994): Adding media player info for com.facebook.wearable.apps.mediacontroller with id 3
09-01 07:17:03.353 D/Avrcp_ext( 1994): update #3:MediaPlayerInfo com.facebook.wearable.apps.mediacontroller (as 'mediacontroller') Type = 1, SubType = 0, Status = 0 Feature Bits [40 41 42 44 45 47 48 58] Controller: null
09-01 07:17:03.353 D/Avrcp_ext( 1994): Added MediaPlayerController/MediaPlayerPackage
09-01 07:17:03.354 V/Avrcp_ext( 1994): getMediaPlayerInfo: Found com.facebook.wearable.apps.player
09-01 07:17:03.354 V/Avrcp_ext( 1994): isBrowseSupported for com.facebook.wearable.apps.player: false
09-01 07:17:03.358 D/Avrcp_ext( 1994): Adding media player info for com.facebook.wearable.apps.player with id 4
09-01 07:17:03.358 D/Avrcp_ext( 1994): update #4:MediaPlayerInfo com.facebook.wearable.apps.player (as 'Spotify') Type = 1, SubType = 0, Status = 0 Feature Bits [40 41 42 44 45 47 48 58] Controller: null
09-01 07:17:03.359 D/Avrcp_ext( 1994): Added MediaPlayerController/MediaPlayerPackage
09-01 07:17:03.359 V/Avrcp_ext( 1994): getMediaPlayerInfo: Found com.facebook.wearable.apps.workout
09-01 07:17:03.359 V/Avrcp_ext( 1994): isBrowseSupported for com.facebook.wearable.apps.workout: false
09-01 07:17:03.361 D/Avrcp_ext( 1994): Adding media player info for com.facebook.wearable.apps.workout with id 5
09-01 07:17:03.361 D/Avrcp_ext( 1994): update #5:MediaPlayerInfo com.facebook.wearable.apps.workout (as 'Workout') Type = 1, SubType = 0, Status = 0 Feature Bits [40 41 42 44 45 47 48 58] Controller: null
09-01 07:17:03.361 D/Avrcp_ext( 1994): Added MediaPlayerController/MediaPlayerPackage
09-01 07:17:03.361 V/Avrcp_ext( 1994): getMediaPlayerInfo: Found com.facebook.wearable.system.launcher
09-01 07:17:03.361 V/Avrcp_ext( 1994): isBrowseSupported for com.facebook.wearable.system.launcher: false
09-01 07:17:03.362 E/SmsApplication( 2246): com.facebook.wearable.apps.messages does not have system signature
09-01 07:17:03.362 D/CompatibilityChangeReporter( 1460): Compat change id reported: 135634846; UID 1000; state: DISABLED
09-01 07:17:03.365 W/BroadcastQueue( 1460): Background execution not allowed: receiving Intent { act=android.intent.action.PACKAGE_ADDED dat=package:com.github.uiautomator flg=0x4000010 (has extras) } to com.android.gallery3d/.app.PackagesMonitor
09-01 07:17:03.366 W/BroadcastQueue( 1460): Background execution not allowed: receiving Intent { act=android.intent.action.PACKAGE_ADDED dat=package:com.github.uiautomator flg=0x4000010 (has extras) } to com.facebook.wearable.system.appmanager/com.facebook.aloha.app.appmanager.common.packages.event.manifest.ManifestPackageEventReceiver
09-01 07:17:03.366 D/Avrcp_ext( 1994): Adding media player info for com.facebook.wearable.system.launcher with id 6
09-01 07:17:03.366 D/Avrcp_ext( 1994): update #6:MediaPlayerInfo com.facebook.wearable.system.launcher (as 'Launcher') Type = 1, SubType = 0, Status = 0 Feature Bits [40 41 42 44 45 47 48 58] Controller: null
09-01 07:17:03.366 D/Avrcp_ext( 1994): Added MediaPlayerController/MediaPlayerPackage
09-01 07:17:03.366 V/Avrcp_ext( 1994): updateCurrentMediaState: mMediaController: null
09-01 07:17:03.367 W/BroadcastQueue( 1460): Background execution not allowed: receiving Intent { act=android.intent.action.PACKAGE_REPLACED dat=package:com.github.uiautomator flg=0x4000010 (has extras) } to com.facebook.wearable.system.appmanager/com.facebook.aloha.app.appmanager.common.packages.event.manifest.ManifestPackageEventReceiver
09-01 07:17:03.370 V/Avrcp_ext( 1994): isMusicActive: false getBluetoothPlayState: 2
09-01 07:17:03.370 V/Avrcp_ext( 1994): updateCurrentMediaState: isPlaying = false
09-01 07:17:03.370 V/Avrcp_ext( 1994): Media update: id -1➡-1? [MediaAttributes: none] : [MediaAttributes: none]
09-01 07:17:03.370 D/Avrcp_ext( 1994): isPackageNameValid: browsedPackage = isValid = false
09-01 07:17:03.370 V/Avrcp_ext( 1994): newPlayStatus:2mReportedPlayStatus:-1
09-01 07:17:03.370 V/Avrcp_ext( 1994): updatePlaybackState, state: PlaybackState {state=2, position=-1, buffered position=0, speed=0.0, updated=13517366, actions=0, custom actions=[], active item id=-1, error=null} device: null
09-01 07:17:03.370 V/Avrcp_ext( 1994): Device: no name: 
09-01 07:17:03.370 I/chatty  ( 1994): uid=1002(bluetooth) com.android.bluetooth identical 3 lines
09-01 07:17:03.370 V/Avrcp_ext( 1994): Device: no name: 
09-01 07:17:03.370 V/Avrcp_ext( 1994): updatePlayerStateAndPosition, old=PlaybackState {state=2, position=-1, buffered position=0, speed=0.0, updated=13397892, actions=0, custom actions=[], active item id=-1, error=null}, state=PlaybackState {state=2, position=-1, buffered position=0, speed=0.0, updated=13517366, actions=0, custom actions=[], active item id=-1, error=null}
09-01 07:17:03.370 V/Avrcp_ext( 1994): old state = PlaybackState {state=2, position=-1, buffered position=0, speed=0.0, updated=13397892, actions=0, custom actions=[], active item id=-1, error=null}, new state= PlaybackState {state=2, position=-1, buffered position=0, speed=0.0, updated=13517366, actions=0, custom actions=[], active item id=-1, error=null}
09-01 07:17:03.371 D/HeadsetService( 1994): getHeadsetService(): returning com.android.bluetooth.hfp.HeadsetService@476ddce
09-01 07:17:03.374 D/HeadsetService( 1994):  isAudioOn: The number of audio connected devices 0
09-01 07:17:03.383 D/HeadsetService( 1994): isScoOrCallActive(): Call Active:falseCall is Ringing:falseSCO is Active:false
09-01 07:17:03.384 D/HeadsetService( 1994):  isAudioOn: The number of audio connected devices 0
09-01 07:17:03.384 I/Avrcp_ext( 1994): updatePlayStatusForDevice: device: null
09-01 07:17:03.386 V/Avrcp_ext( 1994): updatePlaybackState (1): old=PlaybackState {state=2, position=-1, buffered position=0, speed=0.0, updated=13397892, actions=0, custom actions=[], active item id=-1, error=null}(2), new=PlaybackState {state=2, position=-1, buffered position=0, speed=0.0, updated=13517366, actions=0, custom actions=[], active item id=-1, error=null}(2)
09-01 07:17:03.386 I/Avrcp_ext( 1994): Exit updatePlayStatusForDevice
09-01 07:17:03.386 D/HeadsetService( 1994):  isAudioOn: The number of audio connected devices 0
09-01 07:17:03.386 D/HeadsetService( 1994): isScoOrCallActive(): Call Active:falseCall is Ringing:falseSCO is Active:false
09-01 07:17:03.387 D/HeadsetService( 1994):  isAudioOn: The number of audio connected devices 0
09-01 07:17:03.387 I/Avrcp_ext( 1994): updatePlayStatusForDevice: device: null
09-01 07:17:03.387 V/Avrcp_ext( 1994): updatePlaybackState (1): old=PlaybackState {state=2, position=-1, buffered position=0, speed=0.0, updated=13397892, actions=0, custom actions=[], active item id=-1, error=null}(2), new=PlaybackState {state=2, position=-1, buffered position=0, speed=0.0, updated=13517366, actions=0, custom actions=[], active item id=-1, error=null}(2)
09-01 07:17:03.387 I/Avrcp_ext( 1994): Exit updatePlayStatusForDevice
09-01 07:17:03.388 D/HeadsetService( 1994):  isAudioOn: The number of audio connected devices 0
09-01 07:17:03.388 D/HeadsetService( 1994): isScoOrCallActive(): Call Active:falseCall is Ringing:falseSCO is Active:false
09-01 07:17:03.390 D/HeadsetService( 1994):  isAudioOn: The number of audio connected devices 0
09-01 07:17:03.390 I/Avrcp_ext( 1994): updatePlayStatusForDevice: device: null
09-01 07:17:03.390 V/Avrcp_ext( 1994): updatePlaybackState (1): old=PlaybackState {state=2, position=-1, buffered position=0, speed=0.0, updated=13397892, actions=0, custom actions=[], active item id=-1, error=null}(2), new=PlaybackState {state=2, position=-1, buffered position=0, speed=0.0, updated=13517366, actions=0, custom actions=[], active item id=-1, error=null}(2)
09-01 07:17:03.390 I/Avrcp_ext( 1994): Exit updatePlayStatusForDevice
09-01 07:17:03.391 D/HeadsetService( 1994):  isAudioOn: The number of audio connected devices 0
09-01 07:17:03.391 D/HeadsetService( 1994): isScoOrCallActive(): Call Active:falseCall is Ringing:falseSCO is Active:false
09-01 07:17:03.393 D/HeadsetService( 1994):  isAudioOn: The number of audio connected devices 0
09-01 07:17:03.393 I/Avrcp_ext( 1994): updatePlayStatusForDevice: device: null
09-01 07:17:03.393 V/Avrcp_ext( 1994): updatePlaybackState (1): old=PlaybackState {state=2, position=-1, buffered position=0, speed=0.0, updated=13397892, actions=0, custom actions=[], active item id=-1, error=null}(2), new=PlaybackState {state=2, position=-1, buffered position=0, speed=0.0, updated=13517366, actions=0, custom actions=[], active item id=-1, error=null}(2)
09-01 07:17:03.393 I/Avrcp_ext( 1994): Exit updatePlayStatusForDevice
09-01 07:17:03.395 D/HeadsetService( 1994):  isAudioOn: The number of audio connected devices 0
09-01 07:17:03.395 D/HeadsetService( 1994): isScoOrCallActive(): Call Active:falseCall is Ringing:falseSCO is Active:false
09-01 07:17:03.396 D/HeadsetService( 1994):  isAudioOn: The number of audio connected devices 0
09-01 07:17:03.396 I/Avrcp_ext( 1994): updatePlayStatusForDevice: device: null
09-01 07:17:03.396 V/Avrcp_ext( 1994): updatePlaybackState (1): old=PlaybackState {state=2, position=-1, buffered position=0, speed=0.0, updated=13397892, actions=0, custom actions=[], active item id=-1, error=null}(2), new=PlaybackState {state=2, position=-1, buffered position=0, speed=0.0, updated=13517366, actions=0, custom actions=[], active item id=-1, error=null}(2)
09-01 07:17:03.396 I/Avrcp_ext( 1994): Exit updatePlayStatusForDevice
09-01 07:17:03.396 D/Avrcp_ext( 1994): Enter sendPlayPosNotificationRsp
09-01 07:17:03.396 D/Avrcp_ext( 1994): sendPlayPosNotificationRsp: Not registered or requesting.
09-01 07:17:03.396 D/Avrcp_ext( 1994): Enter sendPlayPosNotificationRsp
09-01 07:17:03.396 D/Avrcp_ext( 1994): sendPlayPosNotificationRsp: Not registered or requesting.
09-01 07:17:03.396 D/Avrcp_ext( 1994): Enter sendPlayPosNotificationRsp
09-01 07:17:03.396 D/Avrcp_ext( 1994): sendPlayPosNotificationRsp: Not registered or requesting.
09-01 07:17:03.396 D/Avrcp_ext( 1994): Enter sendPlayPosNotificationRsp
09-01 07:17:03.396 D/Avrcp_ext( 1994): sendPlayPosNotificationRsp: Not registered or requesting.
09-01 07:17:03.396 D/Avrcp_ext( 1994): Enter sendPlayPosNotificationRsp
09-01 07:17:03.396 D/Avrcp_ext( 1994): sendPlayPosNotificationRsp: Not registered or requesting.
09-01 07:17:03.396 V/Avrcp_ext( 1994): Exit updatePlayerStateAndPosition
09-01 07:17:03.396 D/Avrcp_ext( 1994): Exit handlePackageModified
09-01 07:17:03.402 D/AF::TrackHandle(  625): OpPlayAudio: track:88 usage:3 not muted
09-01 07:17:03.410 I/chatty  (  625): uid=1041(audioserver) Binder:625_7 identical 2 lines
09-01 07:17:03.411 D/AF::TrackHandle(  625): OpPlayAudio: track:88 usage:3 not muted
09-01 07:17:03.411 D/AF::TrackHandle(  625): OpPlayAudio: track:88 usage:3 not muted
09-01 07:17:03.418 I/InputReader( 1460): Reconfiguring input devices, changes=KEYBOARD_LAYOUTS | 
09-01 07:17:03.427 I/chatty  ( 1460): uid=1000(system) InputReader identical 1 line
09-01 07:17:03.430 I/InputReader( 1460): Reconfiguring input devices, changes=KEYBOARD_LAYOUTS | 
09-01 07:17:03.453 D/Zygote  (  476): Forked child process 8827
09-01 07:17:03.461 W/ActivityManager( 1460): Slow operation: 103ms so far, now at startProcess: returned from zygote!
09-01 07:17:03.464 W/TextServicesManagerService( 1460): no available spell checker services found
09-01 07:17:03.465 W/ActivityManager( 1460): Slow operation: 107ms so far, now at startProcess: done updating battery stats
09-01 07:17:03.468 W/ActivityManager( 1460): Slow operation: 110ms so far, now at startProcess: building log message
09-01 07:17:03.468 I/ActivityManager( 1460): Start proc 8827:com.android.keychain/1000 for service {com.android.keychain/com.android.keychain.KeyChainService}
09-01 07:17:03.468 W/ActivityManager( 1460): Slow operation: 110ms so far, now at startProcess: starting to update pids map
09-01 07:17:03.469 W/ActivityManager( 1460): Slow operation: 111ms so far, now at startProcess: done updating pids map
09-01 07:17:03.491 E/SmsApplication( 2246): com.facebook.wearable.apps.messages does not have system signature
09-01 07:17:03.497 D/RegisteredNfcFServicesCache( 2632): Service unchanged, not updating
09-01 07:17:03.509 W/Looper  ( 1460): Slow delivery took 208ms main h=android.app.ActivityThread$H c=android.app.-$$Lambda$LoadedApk$ReceiverDispatcher$Args$_BumDX2UKsnxLVrE6UJsJZkotuA@b633365 m=0
09-01 07:17:03.519 D/AF::TrackHandle(  625): OpPlayAudio: track:88 usage:3 not muted
09-01 07:17:03.536 I/Telecom ( 1460): DefaultDialerCache: Refreshing default dialer for user 0: now com.facebook.wearable.apps.phone: DDC.oR@Ebc
09-01 07:17:03.554 V/BackupManagerConstants( 1460): getFullBackupIntervalMilliseconds(...) returns 86400000
09-01 07:17:03.554 V/BackupManagerConstants( 1460): getFullBackupRequiredNetworkType(...) returns 2
09-01 07:17:03.554 V/BackupManagerConstants( 1460): getFullBackupRequireCharging(...) returns true
09-01 07:17:03.532 I/chatty  (  625): uid=1041(audioserver) Binder:625_8 identical 3 lines
09-01 07:17:03.533 D/AF::TrackHandle(  625): OpPlayAudio: track:88 usage:3 not muted
09-01 07:17:03.568 E/SmsApplication( 2246): com.facebook.wearable.apps.messages does not have system signature
09-01 07:17:03.571 W/Searchables( 1460): No global search activity found
09-01 07:17:03.574 W/Searchables( 1460): No global search activity found
09-01 07:17:03.588 D/AF::TrackHandle(  625): OpPlayAudio: track:88 usage:3 not muted
09-01 07:17:03.607 W/VoiceInteractionManager( 1460): no available voice recognition services found for user 0
09-01 07:17:03.617 W/Looper  ( 1460): Slow delivery took 212ms android.fg h=android.os.Handler c=<recycled PooledLambda@66b8b19> m=0
09-01 07:17:03.596 I/chatty  (  625): uid=1041(audioserver) Binder:625_8 identical 3 lines
09-01 07:17:03.596 D/AF::TrackHandle(  625): OpPlayAudio: track:88 usage:3 not muted
09-01 07:17:03.623 D/CarrierSvcBindHelper( 2246): No carrier app for: 0
09-01 07:17:03.655 D/CarrierSvcBindHelper( 2246): No carrier app for: 0
09-01 07:17:03.703 D/CompatibilityInfo( 1460): mCompatibilityFlags - 4
09-01 07:17:03.703 D/CompatibilityInfo( 1460): applicationDensity - 320
09-01 07:17:03.703 D/CompatibilityInfo( 1460): applicationScale - 1.0
09-01 07:17:03.752 D/ImsResolver( 2246): maybeAddedImsService, packageName: com.github.uiautomator
09-01 07:17:03.752 W/Looper  ( 1460): Drained
09-01 07:17:03.768 D/CarrierConfigLoader( 2246): mHandler: 12 phoneId: 0
09-01 07:17:03.892 I/PermissionControllerServiceImpl( 7054): Updating user sensitive for uid 10113
09-01 07:17:03.895 W/Looper  ( 1460): Drained
09-01 07:17:03.914 D/KeyguardUpdateMonitor( 2015): received broadcast android.intent.action.BATTERY_CHANGED
09-01 07:17:03.917 D/KeyguardUpdateMonitor( 2015): handleBatteryUpdate
09-01 07:17:03.951 I/adbd    (  781): jdwp connection from 8827
09-01 07:17:04.008 D/audio_hw_primary(  562): out_standby: enter: stream (0x96f76000) usecase(1: low-latency-playback)
09-01 07:17:04.040 D/audio_hw_primary(  562): disable_audio_route: reset and update mixer path: low-latency-playback
09-01 07:17:04.041 D/soundtrigger(  562): audio_extn_sound_trigger_update_stream_status: uc_info->id 1 of type 0 for Event 2, with Raise=0
09-01 07:17:04.041 D/audio_hw_bluebox(  562): audio_extn_bluebox_route_disabled() usecase=0
09-01 07:17:04.041 D/hardware_info(  562): hw_info_append_hw_type : device_name = speaker
09-01 07:17:04.041 D/audio_hw_primary(  562): disable_snd_device: snd_device(2: speaker)
09-01 07:17:04.041 I/soundtrigger(  562): audio_extn_sound_trigger_update_device_status: device 0x2 of type 0 for Event 0, with Raise=0
09-01 07:17:04.041 D/audio_hw_bluebox(  562): sending snd dev notification enabled=0 sdev=Speaker
09-01 07:17:04.042 D/commandrouter(  803): SocServiceHandle::onServiceMessage, SoC Service = audio_hal, appType = 1, type = SVC_REQ, clientId = 0, token = 524, payloadLen = 32, result = 0, payload.size() = 32
09-01 07:17:04.056 I/mcucapture(  961): 13491062 [info   ] {AUD }: SoundDevDisabled: Speaker
09-01 07:17:04.057 I/mcucapture(  961): 13491067 [info   ] {AUD }: setting audio power mode: STANDBY
09-01 07:17:04.080 I/mcucapture(  961): 13491088 [info   ] {AUD }: SmartAmpDSP: Refcount: 0
09-01 07:17:04.080 I/mcucapture(  961): 13491092 [info   ] {AUD }: Disabling SmartAmpDSP
09-01 07:17:04.105 D/CompatibilityInfo( 1460): mCompatibilityFlags - 4
09-01 07:17:04.106 D/CompatibilityInfo( 1460): applicationDensity - 320
09-01 07:17:04.106 D/CompatibilityInfo( 1460): applicationScale - 1.0
09-01 07:17:04.111 D/commandrouter(  803): audio_hal (1, audio_hal:notification:push): <ServiceResponse> FORWARDED (remote -> local) CR token ID = 524, service client ID = 37, token ID = 1892, result = 0
09-01 07:17:04.120 I/system_server( 1460): oneway function results will be dropped but finished with status OK and parcel size 4
09-01 07:17:04.121 D/CompatibilityInfo( 1460): mCompatibilityFlags - 4
09-01 07:17:04.122 D/CompatibilityInfo( 1460): applicationDensity - 320
09-01 07:17:04.122 D/CompatibilityInfo( 1460): applicationScale - 1.0
09-01 07:17:04.178 I/system_server( 1460): Background young concurrent copying GC freed 410545(15MB) AllocSpace objects, 125(3848KB) LOS objects, 46% free, 18MB/35MB, paused 567us total 533.438ms
09-01 07:17:04.227 I/ndroid.keychai( 8827): The ClassLoaderContext is a special shared library.
09-01 07:17:04.266 I/Perf    ( 8827): Connecting to perf service.
09-01 07:17:04.313 D/NetworkSecurityConfig( 8827): No Network Security Config specified, using platform default
09-01 07:17:04.510 W/RuleEvaluation( 1460): Integrity rule files are not available.
09-01 07:17:04.512 I/PackageManager( 1460): Integrity check passed for file:///data/app/vmdl1397664530.tmp
09-01 07:17:04.527 I/ActivityManager( 1460): Force stopping com.github.uiautomator.test appid=10114 user=-1: installPackageLI
09-01 07:17:04.529 I/PackageManager( 1460): Update package com.github.uiautomator.test code path from /data/app/~~yJbbW6P8cej2ZzAd9e1kLQ==/com.github.uiautomator.test-DelCqXjU7mh5Y-V4EIQ0ng== to /data/app/~~IkaC30jnmkd2yqW5uTBIGA==/com.github.uiautomator.test-4DFcldmW0gMBEl_WrykNhQ==; Retain data and using new
09-01 07:17:04.529 I/PackageManager( 1460): Update package com.github.uiautomator.test resource path from /data/app/~~yJbbW6P8cej2ZzAd9e1kLQ==/com.github.uiautomator.test-DelCqXjU7mh5Y-V4EIQ0ng== to /data/app/~~IkaC30jnmkd2yqW5uTBIGA==/com.github.uiautomator.test-4DFcldmW0gMBEl_WrykNhQ==; Retain data and using new
09-01 07:17:04.758 D/PackageManager( 1460): Instant App installer not found with android.intent.action.INSTALL_INSTANT_APP_PACKAGE
09-01 07:17:04.758 D/PackageManager( 1460): Clear ephemeral installer activity
09-01 07:17:04.317 D/NetworkSecurityConfig( 8827): No Network Security Config specified, using platform default
09-01 07:17:04.811 E/installd(  889): Couldn't opendir /data/app/vmdl1397664530.tmp: No such file or directory
09-01 07:17:04.811 E/installd(  889): Failed to delete /data/app/vmdl1397664530.tmp: No such file or directory
09-01 07:17:04.812 I/ActivityManager( 1460): Force stopping com.github.uiautomator.test appid=10114 user=0: pkg removed
09-01 07:17:04.819 I/cmd     ( 8854): oneway function results will be dropped but finished with status OK and parcel size 4
09-01 07:17:04.826 I/MediaProvider( 2717): Invalidating LocalCallingIdentity cache for package com.github.uiautomator.test. Reason: package android.intent.action.PACKAGE_REMOVED
09-01 07:17:04.831 D/Avrcp_ext( 1994): AvrcpServiceBroadcastReceiver-> Action: android.intent.action.PACKAGE_REMOVED
09-01 07:17:04.840 W/BroadcastQueue( 1460): Background execution not allowed: receiving Intent { act=android.intent.action.PACKAGE_REMOVED dat=package:com.github.uiautomator.test flg=0x4000010 (has extras) } to com.android.gallery3d/.app.PackagesMonitor
09-01 07:17:04.845 D/CompatibilityInfo( 1460): mCompatibilityFlags - 4
09-01 07:17:04.845 D/CompatibilityInfo( 1460): applicationDensity - 320
09-01 07:17:04.845 D/CompatibilityInfo( 1460): applicationScale - 1.0
09-01 07:17:04.849 D/CompatibilityInfo( 1460): mCompatibilityFlags - 14
09-01 07:17:04.850 D/CompatibilityInfo( 1460): applicationDensity - 320
09-01 07:17:04.850 D/CompatibilityInfo( 1460): applicationScale - 1.0
09-01 07:17:04.855 I/MediaProvider( 2717): Invalidating LocalCallingIdentity cache for package com.github.uiautomator.test. Reason: package android.intent.action.PACKAGE_ADDED
09-01 07:17:04.855 E/SmsApplication( 2246): com.facebook.wearable.apps.messages does not have system signature
09-01 07:17:04.856 I/InputReader( 1460): Reconfiguring input devices, changes=KEYBOARD_LAYOUTS | 
09-01 07:17:04.866 I/PermissionControllerServiceImpl( 7054): Updating user sensitive for uid 10114
09-01 07:17:04.867 I/system_server( 1460): oneway function results will be dropped but finished with status OK and parcel size 4
09-01 07:17:04.888 I/Telecom ( 1460): DefaultDialerCache: Refreshing default dialer for user 0: now com.facebook.wearable.apps.phone: DDC.oR@Ebs
09-01 07:17:04.888 D/Avrcp_ext( 1994): AvrcpServiceBroadcastReceiver-> Action: android.intent.action.PACKAGE_ADDED
09-01 07:17:04.888 D/Avrcp_ext( 1994): AvrcpServiceBroadcastReceiver-> packageName: com.github.uiautomator.test
09-01 07:17:04.888 D/Avrcp_ext( 1994): packageName: com.github.uiautomator.test removed: false
09-01 07:17:04.891 I/InputReader( 1460): Reconfiguring input devices, changes=KEYBOARD_LAYOUTS | 
09-01 07:17:04.906 V/BackupManagerConstants( 1460): getFullBackupIntervalMilliseconds(...) returns 86400000
09-01 07:17:04.907 V/BackupManagerConstants( 1460): getFullBackupRequiredNetworkType(...) returns 2
09-01 07:17:04.907 V/BackupManagerConstants( 1460): getFullBackupRequireCharging(...) returns true
09-01 07:17:04.909 D/Avrcp_ext( 1994): isBrowsableListUpdated: browsable list size mismatch, true
09-01 07:17:04.909 W/BroadcastQueue( 1460): Background execution not allowed: receiving Intent { act=android.intent.action.PACKAGE_ADDED dat=package:com.github.uiautomator.test flg=0x4000010 (has extras) } to com.android.packageinstaller/.PackageInstalledReceiver
09-01 07:17:04.909 D/Avrcp_ext( 1994): buildBrowsablePlayerList 
09-01 07:17:04.911 V/Avrcp_ext( 1994): getMediaPlayerInfo: Found com.android.music
09-01 07:17:04.911 V/Avrcp_ext( 1994): isBrowseSupported for com.android.music: false
09-01 07:17:04.916 W/TextServicesManagerService( 1460): no available spell checker services found
09-01 07:17:04.917 D/Avrcp_ext( 1994): Adding media player info for com.android.music with id 1
09-01 07:17:04.917 D/Avrcp_ext( 1994): update #1:MediaPlayerInfo com.android.music (as 'Android Open Source Music Player') Type = 1, SubType = 0, Status = 0 Feature Bits [40 41 42 44 45 47 48 58] Controller: null
09-01 07:17:04.917 D/Avrcp_ext( 1994): Added MediaPlayerController/MediaPlayerPackage
09-01 07:17:04.917 V/Avrcp_ext( 1994): getMediaPlayerInfo: Found com.facebook.wearable.apps.eq
09-01 07:17:04.917 V/Avrcp_ext( 1994): isBrowseSupported for com.facebook.wearable.apps.eq: false
09-01 07:17:04.918 D/Avrcp_ext( 1994): Adding media player info for com.facebook.wearable.apps.eq with id 2
09-01 07:17:04.919 D/Avrcp_ext( 1994): update #2:MediaPlayerInfo com.facebook.wearable.apps.eq (as 'EQ') Type = 1, SubType = 0, Status = 0 Feature Bits [40 41 42 44 45 47 48 58] Controller: null
09-01 07:17:04.919 D/Avrcp_ext( 1994): Added MediaPlayerController/MediaPlayerPackage
09-01 07:17:04.919 V/Avrcp_ext( 1994): getMediaPlayerInfo: Found com.facebook.wearable.apps.mediacontroller
09-01 07:17:04.919 V/Avrcp_ext( 1994): isBrowseSupported for com.facebook.wearable.apps.mediacontroller: false
09-01 07:17:04.919 D/AF::TrackHandle(  625): OpPlayAudio: track:88 usage:3 not muted
09-01 07:17:04.920 D/Avrcp_ext( 1994): Adding media player info for com.facebook.wearable.apps.mediacontroller with id 3
09-01 07:17:04.920 D/Avrcp_ext( 1994): update #3:MediaPlayerInfo com.facebook.wearable.apps.mediacontroller (as 'mediacontroller') Type = 1, SubType = 0, Status = 0 Feature Bits [40 41 42 44 45 47 48 58] Controller: null
09-01 07:17:04.920 D/Avrcp_ext( 1994): Added MediaPlayerController/MediaPlayerPackage
09-01 07:17:04.920 V/Avrcp_ext( 1994): getMediaPlayerInfo: Found com.facebook.wearable.apps.player
09-01 07:17:04.920 V/Avrcp_ext( 1994): isBrowseSupported for com.facebook.wearable.apps.player: false
09-01 07:17:04.923 D/Avrcp_ext( 1994): Adding media player info for com.facebook.wearable.apps.player with id 4
09-01 07:17:04.924 D/Avrcp_ext( 1994): update #4:MediaPlayerInfo com.facebook.wearable.apps.player (as 'Spotify') Type = 1, SubType = 0, Status = 0 Feature Bits [40 41 42 44 45 47 48 58] Controller: null
09-01 07:17:04.924 D/Avrcp_ext( 1994): Added MediaPlayerController/MediaPlayerPackage
09-01 07:17:04.924 V/Avrcp_ext( 1994): getMediaPlayerInfo: Found com.facebook.wearable.apps.workout
09-01 07:17:04.924 V/Avrcp_ext( 1994): isBrowseSupported for com.facebook.wearable.apps.workout: false
09-01 07:17:04.928 D/Avrcp_ext( 1994): Adding media player info for com.facebook.wearable.apps.workout with id 5
09-01 07:17:04.928 W/Searchables( 1460): No global search activity found
09-01 07:17:04.928 D/Avrcp_ext( 1994): update #5:MediaPlayerInfo com.facebook.wearable.apps.workout (as 'Workout') Type = 1, SubType = 0, Status = 0 Feature Bits [40 41 42 44 45 47 48 58] Controller: null
09-01 07:17:04.928 D/Avrcp_ext( 1994): Added MediaPlayerController/MediaPlayerPackage
09-01 07:17:04.929 V/Avrcp_ext( 1994): getMediaPlayerInfo: Found com.facebook.wearable.system.launcher
09-01 07:17:04.929 V/Avrcp_ext( 1994): isBrowseSupported for com.facebook.wearable.system.launcher: false
09-01 07:17:04.930 D/Avrcp_ext( 1994): Adding media player info for com.facebook.wearable.system.launcher with id 6
09-01 07:17:04.930 D/Avrcp_ext( 1994): update #6:MediaPlayerInfo com.facebook.wearable.system.launcher (as 'Launcher') Type = 1, SubType = 0, Status = 0 Feature Bits [40 41 42 44 45 47 48 58] Controller: null
09-01 07:17:04.930 D/Avrcp_ext( 1994): Added MediaPlayerController/MediaPlayerPackage
09-01 07:17:04.930 V/Avrcp_ext( 1994): updateCurrentMediaState: mMediaController: null
09-01 07:17:04.931 V/Avrcp_ext( 1994): isMusicActive: false getBluetoothPlayState: 2
09-01 07:17:04.931 V/Avrcp_ext( 1994): updateCurrentMediaState: isPlaying = false
09-01 07:17:04.931 V/Avrcp_ext( 1994): Media update: id -1➡-1? [MediaAttributes: none] : [MediaAttributes: none]
09-01 07:17:04.931 D/Avrcp_ext( 1994): isPackageNameValid: browsedPackage = isValid = false
09-01 07:17:04.932 V/Avrcp_ext( 1994): newPlayStatus:2mReportedPlayStatus:-1
09-01 07:17:04.932 V/Avrcp_ext( 1994): updatePlaybackState, state: PlaybackState {state=2, position=-1, buffered position=0, speed=0.0, updated=13518927, actions=0, custom actions=[], active item id=-1, error=null} device: null
09-01 07:17:04.932 V/Avrcp_ext( 1994): Device: no name: 
09-01 07:17:04.932 I/chatty  ( 1994): uid=1002(bluetooth) com.android.bluetooth identical 3 lines
09-01 07:17:04.932 V/Avrcp_ext( 1994): Device: no name: 
09-01 07:17:04.932 V/Avrcp_ext( 1994): updatePlayerStateAndPosition, old=PlaybackState {state=2, position=-1, buffered position=0, speed=0.0, updated=13517366, actions=0, custom actions=[], active item id=-1, error=null}, state=PlaybackState {state=2, position=-1, buffered position=0, speed=0.0, updated=13518927, actions=0, custom actions=[], active item id=-1, error=null}
09-01 07:17:04.932 V/Avrcp_ext( 1994): old state = PlaybackState {state=2, position=-1, buffered position=0, speed=0.0, updated=13517366, actions=0, custom actions=[], active item id=-1, error=null}, new state= PlaybackState {state=2, position=-1, buffered position=0, speed=0.0, updated=13518927, actions=0, custom actions=[], active item id=-1, error=null}
09-01 07:17:04.932 D/HeadsetService( 1994): getHeadsetService(): returning com.android.bluetooth.hfp.HeadsetService@476ddce
09-01 07:17:04.935 D/HeadsetService( 1994):  isAudioOn: The number of audio connected devices 0
09-01 07:17:04.935 D/HeadsetService( 1994): isScoOrCallActive(): Call Active:falseCall is Ringing:falseSCO is Active:false
09-01 07:17:04.936 D/HeadsetService( 1994):  isAudioOn: The number of audio connected devices 0
09-01 07:17:04.936 I/Avrcp_ext( 1994): updatePlayStatusForDevice: device: null
09-01 07:17:04.936 V/Avrcp_ext( 1994): updatePlaybackState (1): old=PlaybackState {state=2, position=-1, buffered position=0, speed=0.0, updated=13517366, actions=0, custom actions=[], active item id=-1, error=null}(2), new=PlaybackState {state=2, position=-1, buffered position=0, speed=0.0, updated=13518927, actions=0, custom actions=[], active item id=-1, error=null}(2)
09-01 07:17:04.936 I/Avrcp_ext( 1994): Exit updatePlayStatusForDevice
09-01 07:17:04.937 D/HeadsetService( 1994):  isAudioOn: The number of audio connected devices 0
09-01 07:17:04.937 D/HeadsetService( 1994): isScoOrCallActive(): Call Active:falseCall is Ringing:falseSCO is Active:false
09-01 07:17:04.938 D/HeadsetService( 1994):  isAudioOn: The number of audio connected devices 0
09-01 07:17:04.938 I/Avrcp_ext( 1994): updatePlayStatusForDevice: device: null
09-01 07:17:04.938 V/Avrcp_ext( 1994): updatePlaybackState (1): old=PlaybackState {state=2, position=-1, buffered position=0, speed=0.0, updated=13517366, actions=0, custom actions=[], active item id=-1, error=null}(2), new=PlaybackState {state=2, position=-1, buffered position=0, speed=0.0, updated=13518927, actions=0, custom actions=[], active item id=-1, error=null}(2)
09-01 07:17:04.938 I/Avrcp_ext( 1994): Exit updatePlayStatusForDevice
09-01 07:17:04.957 W/BroadcastQueue( 1460): Background execution not allowed: receiving Intent { act=android.intent.action.PACKAGE_ADDED dat=package:com.github.uiautomator.test flg=0x4000010 (has extras) } to com.android.gallery3d/.app.PackagesMonitor
09-01 07:17:04.959 I/InputReader( 1460): Reconfiguring input devices, changes=KEYBOARD_LAYOUTS | 
09-01 07:17:04.960 D/AF::TrackHandle(  625): OpPlayAudio: track:88 usage:3 not muted
09-01 07:17:04.960 D/HeadsetService( 1994):  isAudioOn: The number of audio connected devices 0
09-01 07:17:04.960 D/HeadsetService( 1994): isScoOrCallActive(): Call Active:falseCall is Ringing:falseSCO is Active:false
09-01 07:17:04.961 D/AF::TrackHandle(  625): OpPlayAudio: track:88 usage:3 not muted
09-01 07:17:04.961 D/HeadsetService( 1994):  isAudioOn: The number of audio connected devices 0
09-01 07:17:04.961 I/Avrcp_ext( 1994): updatePlayStatusForDevice: device: null
09-01 07:17:04.961 V/Avrcp_ext( 1994): updatePlaybackState (1): old=PlaybackState {state=2, position=-1, buffered position=0, speed=0.0, updated=13517366, actions=0, custom actions=[], active item id=-1, error=null}(2), new=PlaybackState {state=2, position=-1, buffered position=0, speed=0.0, updated=13518927, actions=0, custom actions=[], active item id=-1, error=null}(2)
09-01 07:17:04.961 D/AF::TrackHandle(  625): OpPlayAudio: track:88 usage:3 not muted
09-01 07:17:04.961 I/Avrcp_ext( 1994): Exit updatePlayStatusForDevice
09-01 07:17:04.962 D/AF::TrackHandle(  625): OpPlayAudio: track:88 usage:3 not muted
09-01 07:17:04.963 D/HeadsetService( 1994):  isAudioOn: The number of audio connected devices 0
09-01 07:17:04.963 D/HeadsetService( 1994): isScoOrCallActive(): Call Active:falseCall is Ringing:falseSCO is Active:false
09-01 07:17:04.963 E/SmsApplication( 2246): com.facebook.wearable.apps.messages does not have system signature
09-01 07:17:04.965 D/HeadsetService( 1994):  isAudioOn: The number of audio connected devices 0
