--------- beginning of system
09-01 07:12:49.413 W/RuleEvaluation( 1460): Integrity rule files are not available.
09-01 07:12:49.416 I/PackageManager( 1460): Integrity check passed for file:///data/app/vmdl804163310.tmp
09-01 07:12:49.435 I/ActivityManager( 1460): Force stopping com.github.uiautomator appid=10113 user=-1: installPackageLI
09-01 07:12:49.440 I/PackageManager( 1460): Update package com.github.uiautomator code path from /data/app/~~x6yzcAgoKoZsr01xfY4uTw==/com.github.uiautomator-96OKGpkOGd2tbUJa7duU3g== to /data/app/~~KEC_9vOgkMb8qPMHrfRkDw==/com.github.uiautomator-DdSCX52CB-DdFB6xxez0DA==; Retain data and using new
09-01 07:12:49.440 I/PackageManager( 1460): Update package com.github.uiautomator resource path from /data/app/~~x6yzcAgoKoZsr01xfY4uTw==/com.github.uiautomator-96OKGpkOGd2tbUJa7duU3g== to /data/app/~~KEC_9vOgkMb8qPMHrfRkDw==/com.github.uiautomator-DdSCX52CB-DdFB6xxez0DA==; Retain data and using new
09-01 07:12:49.897 D/PackageManager( 1460): Instant App installer not found with android.intent.action.INSTALL_INSTANT_APP_PACKAGE
09-01 07:12:49.897 D/PackageManager( 1460): Clear ephemeral installer activity
09-01 07:12:49.925 I/ActivityManager( 1460): Force stopping com.github.uiautomator appid=10113 user=0: pkg removed
09-01 07:12:49.939 W/Looper  ( 1460): Drained
09-01 07:12:49.947 W/BroadcastQueue( 1460): Background execution not allowed: receiving Intent { act=android.intent.action.PACKAGE_REMOVED dat=package:com.github.uiautomator flg=0x4000010 (has extras) } to com.android.gallery3d/.app.PackagesMonitor
09-01 07:12:49.985 W/BroadcastQueue( 1460): Background execution not allowed: receiving Intent { act=android.intent.action.PACKAGE_ADDED dat=package:com.github.uiautomator flg=0x4000010 (has extras) } to com.android.packageinstaller/.PackageInstalledReceiver
09-01 07:12:49.985 W/BroadcastQueue( 1460): Background execution not allowed: receiving Intent { act=android.intent.action.PACKAGE_ADDED dat=package:com.github.uiautomator flg=0x4000010 (has extras) } to com.android.gallery3d/.app.PackagesMonitor
09-01 07:12:49.985 W/BroadcastQueue( 1460): Background execution not allowed: receiving Intent { act=android.intent.action.PACKAGE_ADDED dat=package:com.github.uiautomator flg=0x4000010 (has extras) } to com.facebook.wearable.system.appmanager/com.facebook.aloha.app.appmanager.common.packages.event.manifest.ManifestPackageEventReceiver
09-01 07:12:50.014 W/BroadcastQueue( 1460): Background execution not allowed: receiving Intent { act=android.intent.action.PACKAGE_REPLACED dat=package:com.github.uiautomator flg=0x4000010 (has extras) } to com.facebook.wearable.system.appmanager/com.facebook.aloha.app.appmanager.common.packages.event.manifest.ManifestPackageEventReceiver
09-01 07:12:50.020 I/Telecom ( 1460): DefaultDialerCache: Refreshing default dialer for user 0: now com.facebook.wearable.apps.phone: DDC.oR@Eac
09-01 07:12:50.044 V/BackupManagerConstants( 1460): getFullBackupIntervalMilliseconds(...) returns 86400000
09-01 07:12:50.044 V/BackupManagerConstants( 1460): getFullBackupRequiredNetworkType(...) returns 2
09-01 07:12:50.044 V/BackupManagerConstants( 1460): getFullBackupRequireCharging(...) returns true
09-01 07:12:50.045 D/ConnectivityService( 1460): requestNetwork for uid/pid:10077/6292 NetworkRequest [ REQUEST id=123, [ Transports: CELLULAR|WIFI Capabilities: NOT_RESTRICTED&TRUSTED&NOT_VPN Uid: 10077 AdministratorUids: [] RequestorUid: 10077 RequestorPackageName: com.facebook.wearable.apps.camera] ]
09-01 07:12:50.046 D/ConnectivityService( 1460): NetReassign [123 : null → 104]
09-01 07:12:50.074 W/TextServicesManagerService( 1460): no available spell checker services found
09-01 07:12:50.085 W/VoiceInteractionManager( 1460): no available voice recognition services found for user 0
09-01 07:12:50.111 D/ConnectivityService( 1460): releasing NetworkRequest [ REQUEST id=123, [ Transports: CELLULAR|WIFI Capabilities: NOT_RESTRICTED&TRUSTED&NOT_VPN Uid: 10077 AdministratorUids: [] RequestorUid: 10077 RequestorPackageName: com.facebook.wearable.apps.camera] ] (release request)
09-01 07:12:50.295 W/Looper  ( 1460): Slow delivery took 208ms android.fg h=android.os.Handler c=<recycled PooledLambda@1793387> m=0
09-01 07:12:50.645 D/ConnectivityService( 1460): requestNetwork for uid/pid:10077/6292 NetworkRequest [ REQUEST id=124, [ Transports: CELLULAR|WIFI Capabilities: NOT_RESTRICTED&TRUSTED&NOT_VPN Uid: 10077 AdministratorUids: [] RequestorUid: 10077 RequestorPackageName: com.facebook.wearable.apps.camera] ]
09-01 07:12:50.645 D/ConnectivityService( 1460): NetReassign [124 : null → 104]
09-01 07:12:50.651 D/ConnectivityService( 1460): releasing NetworkRequest [ REQUEST id=124, [ Transports: CELLULAR|WIFI Capabilities: NOT_RESTRICTED&TRUSTED&NOT_VPN Uid: 10077 AdministratorUids: [] RequestorUid: 10077 RequestorPackageName: com.facebook.wearable.apps.camera] ] (release request)
09-01 07:12:50.676 W/Looper  ( 1460): Drained
09-01 07:12:51.289 W/RuleEvaluation( 1460): Integrity rule files are not available.
09-01 07:12:51.291 I/PackageManager( 1460): Integrity check passed for file:///data/app/vmdl659738341.tmp
09-01 07:12:51.304 I/ActivityManager( 1460): Force stopping com.github.uiautomator.test appid=10114 user=-1: installPackageLI
09-01 07:12:51.304 I/PackageManager( 1460): Update package com.github.uiautomator.test code path from /data/app/~~cqjf0KbAo5wTETLKXo8d3w==/com.github.uiautomator.test-9AUzbzq1lXJFyxZtatTv7Q== to /data/app/~~yJbbW6P8cej2ZzAd9e1kLQ==/com.github.uiautomator.test-DelCqXjU7mh5Y-V4EIQ0ng==; Retain data and using new
09-01 07:12:51.304 I/PackageManager( 1460): Update package com.github.uiautomator.test resource path from /data/app/~~cqjf0KbAo5wTETLKXo8d3w==/com.github.uiautomator.test-9AUzbzq1lXJFyxZtatTv7Q== to /data/app/~~yJbbW6P8cej2ZzAd9e1kLQ==/com.github.uiautomator.test-DelCqXjU7mh5Y-V4EIQ0ng==; Retain data and using new
09-01 07:12:51.491 D/PackageManager( 1460): Instant App installer not found with android.intent.action.INSTALL_INSTANT_APP_PACKAGE
09-01 07:12:51.491 D/PackageManager( 1460): Clear ephemeral installer activity
09-01 07:12:51.528 I/ActivityManager( 1460): Force stopping com.github.uiautomator.test appid=10114 user=0: pkg removed
09-01 07:12:51.541 W/BroadcastQueue( 1460): Background execution not allowed: receiving Intent { act=android.intent.action.PACKAGE_REMOVED dat=package:com.github.uiautomator.test flg=0x4000010 (has extras) } to com.android.gallery3d/.app.PackagesMonitor
09-01 07:12:51.583 W/TextServicesManagerService( 1460): no available spell checker services found
09-01 07:12:51.586 W/BroadcastQueue( 1460): Background execution not allowed: receiving Intent { act=android.intent.action.PACKAGE_ADDED dat=package:com.github.uiautomator.test flg=0x4000010 (has extras) } to com.android.packageinstaller/.PackageInstalledReceiver
09-01 07:12:51.588 I/Telecom ( 1460): DefaultDialerCache: Refreshing default dialer for user 0: now com.facebook.wearable.apps.phone: DDC.oR@Eas
09-01 07:12:51.615 V/BackupManagerConstants( 1460): getFullBackupIntervalMilliseconds(...) returns 86400000
09-01 07:12:51.615 V/BackupManagerConstants( 1460): getFullBackupRequiredNetworkType(...) returns 2
09-01 07:12:51.615 V/BackupManagerConstants( 1460): getFullBackupRequireCharging(...) returns true
09-01 07:12:51.627 W/BroadcastQueue( 1460): Background execution not allowed: receiving Intent { act=android.intent.action.PACKAGE_ADDED dat=package:com.github.uiautomator.test flg=0x4000010 (has extras) } to com.android.gallery3d/.app.PackagesMonitor
09-01 07:12:51.627 W/BroadcastQueue( 1460): Background execution not allowed: receiving Intent { act=android.intent.action.PACKAGE_ADDED dat=package:com.github.uiautomator.test flg=0x4000010 (has extras) } to com.facebook.wearable.system.appmanager/com.facebook.aloha.app.appmanager.common.packages.event.manifest.ManifestPackageEventReceiver
09-01 07:12:51.630 W/BroadcastQueue( 1460): Background execution not allowed: receiving Intent { act=android.intent.action.PACKAGE_REPLACED dat=package:com.github.uiautomator.test flg=0x4000010 (has extras) } to com.facebook.wearable.system.appmanager/com.facebook.aloha.app.appmanager.common.packages.event.manifest.ManifestPackageEventReceiver
09-01 07:12:51.794 W/Looper  ( 1460): Slow dispatch took 206ms main h=android.app.ActivityThread$H c=android.app.-$$Lambda$LoadedApk$ReceiverDispatcher$Args$_BumDX2UKsnxLVrE6UJsJZkotuA@66e76fa m=0
09-01 07:12:51.794 W/Looper  ( 1460): Slow delivery took 230ms main h=com.android.server.accessibility.AccessibilityManagerService$MainHandler c=<recycled PooledLambda@4a504ab> m=0
09-01 07:12:51.798 W/Looper  ( 1460): Drained
09-01 07:12:51.802 W/VoiceInteractionManager( 1460): no available voice recognition services found for user 0
09-01 07:12:55.000 I/ActivityManager( 1460): Force stopping com.github.uiautomator appid=10113 user=0: from pid 8093
09-01 07:12:55.564 W/RuleEvaluation( 1460): Integrity rule files are not available.
09-01 07:12:55.565 I/PackageManager( 1460): Integrity check passed for file:///data/app/vmdl630227005.tmp
09-01 07:12:55.578 W/PackageManager( 1460): Package com.github.uiautomator signatures do not match previously installed version; ignoring!
09-01 07:12:55.864 W/RuleEvaluation( 1460): Integrity rule files are not available.
09-01 07:12:55.865 I/PackageManager( 1460): Integrity check passed for file:///data/app/vmdl239301682.tmp
09-01 07:12:55.871 W/PackageManager( 1460): Package com.github.uiautomator.test signatures do not match previously installed version; ignoring!
09-01 07:12:56.622 D/commandrouter(  803): rtc_sync (1, rtc:sync): <ServiceRequest> FORWARDED (remote -> local) service client ID = 0, token ID = 34889
09-01 07:12:56.623 D/commandrouter(  803): SocServiceHandle::onServiceMessage, SoC Service = rtc_sync, appType = 1, type = SVC_RESP, clientId = 0, token = 34889, payloadLen = 8, result = 0, payload.size() = 8
09-01 07:12:57.958 I/ActivityManager( 1460): Force stopping com.github.uiautomator appid=10113 user=0: start instr
09-01 07:12:57.969 D/CompatibilityChangeReporter( 1460): Compat change id reported: 135634846; UID 10113; state: DISABLED
09-01 07:12:57.972 D/CompatibilityChangeReporter( 1460): Compat change id reported: 143937733; UID 10113; state: DISABLED
09-01 07:12:58.000 I/ActivityManager( 1460): Start proc 8128:com.github.uiautomator/u0a113 for added application com.github.uiautomator
09-01 07:13:00.626 D/AnalyticsLogger( 1460): sent events: 68
09-01 07:13:00.644 E/SoftError_AppDiskStatsCollector_packageStats.versionName info unexpectedly null( 1460): com.github.uiautomator.test
09-01 07:13:00.667 I/DropBoxManagerService( 1460): add tag=system_server_wtf isTagEnabled=true flags=0x2
09-01 07:13:00.768 D/AnalyticsLogger( 1460): sent events: 143
09-01 07:13:01.059 W/WindowManager( 1460): Cannot find window which accessibility connection is added to
09-01 07:13:02.706 D/CompatibilityChangeReporter( 1460): Compat change id reported: 135634846; UID 10001; state: DISABLED
09-01 07:13:02.707 D/CompatibilityChangeReporter( 1460): Compat change id reported: 143937733; UID 10001; state: ENABLED
09-01 07:13:02.738 I/ActivityManager( 1460): Start proc 8165:com.facebook.wearable.system.crashreporter/u0a1 for broadcast {com.facebook.wearable.system.crashreporter/com.facebook.wearable.system.crashreporter.DropBoxReceiver}
09-01 07:13:03.066 D/CompatibilityChangeReporter( 1460): Compat change id reported: 135634846; UID 10034; state: DISABLED
09-01 07:13:03.068 D/CompatibilityChangeReporter( 1460): Compat change id reported: 143937733; UID 10034; state: DISABLED
09-01 07:13:03.099 I/ActivityManager( 1460): Start proc 8199:com.facebook.wearable.system.configuration/u0a34 for service {com.facebook.wearable.system.configuration/com.facebook.mobileconfigservice.service.MobileConfigService}
09-01 07:13:04.850 D/AutofillManagerService( 1460): onBackKeyPressed()
09-01 07:13:05.005 W/Looper  ( 1460): Slow dispatch took 155ms android.ui h=com.android.server.policy.PhoneWindowManager$PolicyHandler c=null m=20
09-01 07:13:05.623 D/AutofillManagerService( 1460): onBackKeyPressed()
09-01 07:13:06.621 D/commandrouter(  803): rtc_sync (1, rtc:sync): <ServiceRequest> FORWARDED (remote -> local) service client ID = 0, token ID = 34890
09-01 07:13:06.625 D/commandrouter(  803): SocServiceHandle::onServiceMessage, SoC Service = rtc_sync, appType = 1, type = SVC_RESP, clientId = 0, token = 34890, payloadLen = 8, result = 0, payload.size() = 8
09-01 07:13:06.630 D/AutofillManagerService( 1460): onBackKeyPressed()
09-01 07:13:07.619 D/AutofillManagerService( 1460): onBackKeyPressed()
09-01 07:13:10.688 D/commandrouter(  803): sleep (1, sleep:data): <ServiceRequest> FORWARDED (remote -> local) service client ID = 1, token ID = 34891
09-01 07:13:10.764 D/commandrouter(  803): SocServiceHandle::onServiceMessage, SoC Service = sleep, appType = 1, type = SVC_RESP, clientId = 1, token = 34891, payloadLen = 12, result = 0, payload.size() = 12
09-01 07:13:10.767 D/commandrouter(  803): sleep (1, sleep:data): <ServiceRequest> FORWARDED (remote -> local) service client ID = 1, token ID = 34892
09-01 07:13:10.768 D/commandrouter(  803): SocServiceHandle::onServiceMessage, SoC Service = sleep, appType = 1, type = SVC_RESP, clientId = 1, token = 34892, payloadLen = 12, result = 0, payload.size() = 12
09-01 07:13:11.808 I/ActivityTaskManager( 1460): START u0 {flg=0x10000000 cmp=com.facebook.wearable.apps.camera/.CameraActivity} from uid 2000
09-01 07:13:11.987 I/ActivityTaskManager( 1460): The Process com.facebook.wearable.apps.camera Already Exists in BG. So sending its PID: 6292
09-01 07:13:11.988 W/ActivityTaskManager( 1460): Tried to set launchTime (0) < mLastActivityLaunchTime (13103890)
09-01 07:13:13.017 D/commandrouter(  803): SocServiceHandle::onTopicMessage, SoC Service = Accelerometer, appType = 20, type = TOPIC_START, seq = 0, payloadLen = 0, nanoseconds = 0, payload.size() = 0
09-01 07:13:13.017 D/commandrouter(  803): SocServiceHandle::onSubscribeTopic, SoC Service = Accelerometer, subscribing to topicName = msgs:sensors:Acc
09-01 07:13:13.043 D/commandrouter(  803): SocServiceHandle::onSubscribeTopic, SoC Service = Accelerometer, topic subscription successful. topicName = msgs:sensors:Acc, subscription ID = 27
09-01 07:13:13.043 D/commandrouter(  803): SocServiceHandle::onServiceMessage, SoC Service = Accelerometer, appType = 19, type = SVC_REQ, clientId = 0, token = 90, payloadLen = 60, result = 0, payload.size() = 60
09-01 07:13:13.086 D/commandrouter(  803): Accelerometer (19, merlot:msgs:control): <ServiceResponse> FORWARDED (remote -> local) CR token ID = 90, service client ID = 18, token ID = 1854, result = 0
09-01 07:13:14.672 W/Looper  ( 1460): Slow dispatch took 249ms android.fg h=android.os.Handler c=com.android.server.-$$Lambda$NetworkManagementService$NetdUnsolicitedEventListener$L7i_Z-ii6zMptHCt2_Igy3iBvKk@2840b1 m=0
09-01 07:13:16.208 E/TaskPersister( 1460): File error accessing recents directory (directory doesn't exist?).
09-01 07:13:16.620 D/commandrouter(  803): rtc_sync (1, rtc:sync): <ServiceRequest> FORWARDED (remote -> local) service client ID = 0, token ID = 34893
09-01 07:13:16.621 D/commandrouter(  803): SocServiceHandle::onServiceMessage, SoC Service = rtc_sync, appType = 1, type = SVC_RESP, clientId = 0, token = 34893, payloadLen = 8, result = 0, payload.size() = 8
09-01 07:13:20.151 D/commandrouter(  803): SocServiceHandle::onServiceMessage, SoC Service = mcu_healthcheck_846, appType = 1, type = SVC_REQ, clientId = 0, token = 221, payloadLen = 12, result = 0, payload.size() = 12
09-01 07:13:20.171 D/commandrouter(  803): mcu_healthcheck_846 (1, merlot:mcu_health:control): <ServiceResponse> FORWARDED (remote -> local) CR token ID = 221, service client ID = 5, token ID = 1855, result = 0
09-01 07:13:20.171 D/mculinkhealth(  846): isMcuReachable 1 (21 ms)
09-01 07:13:26.625 D/commandrouter(  803): rtc_sync (1, rtc:sync): <ServiceRequest> FORWARDED (remote -> local) service client ID = 0, token ID = 34894
09-01 07:13:26.626 D/commandrouter(  803): SocServiceHandle::onServiceMessage, SoC Service = rtc_sync, appType = 1, type = SVC_RESP, clientId = 0, token = 34894, payloadLen = 8, result = 0, payload.size() = 8
09-01 07:13:28.266 D/commandrouter(  803): SocServiceHandle::onServiceMessage, SoC Service = DA7282, appType = 1, type = SVC_REQ, clientId = 0, token = 438, payloadLen = 4, result = 0, payload.size() = 4
09-01 07:13:28.280 D/commandrouter(  803): DA7282 (1, haptic:vibrate): <ServiceResponse> FORWARDED (remote -> local) CR token ID = 438, service client ID = 28, token ID = 1856, result = 0
09-01 07:13:28.285 D/commandrouter(  803): SocServiceHandle::onServiceMessage, SoC Service = DA7282, appType = 1, type = SVC_REQ, clientId = 0, token = 439, payloadLen = 4, result = 0, payload.size() = 4
09-01 07:13:28.295 D/commandrouter(  803): DA7282 (1, haptic:vibrate): <ServiceResponse> FORWARDED (remote -> local) CR token ID = 439, service client ID = 28, token ID = 1857, result = 0
09-01 07:13:28.309 D/commandrouter(  803): SocServiceHandle::onServiceMessage, SoC Service = DA7282, appType = 1, type = SVC_REQ, clientId = 0, token = 440, payloadLen = 4, result = 0, payload.size() = 4
09-01 07:13:28.310 D/commandrouter(  803): SocServiceHandle::onServiceMessage, SoC Service = DA7282, appType = 1, type = SVC_REQ, clientId = 0, token = 441, payloadLen = 4, result = 0, payload.size() = 4
09-01 07:13:28.319 D/commandrouter(  803): SocServiceHandle::onServiceMessage, SoC Service = DA7282, appType = 1, type = SVC_REQ, clientId = 0, token = 442, payloadLen = 4, result = 0, payload.size() = 4
09-01 07:13:28.325 D/commandrouter(  803): DA7282 (1, haptic:vibrate): <ServiceResponse> FORWARDED (remote -> local) CR token ID = 440, service client ID = 28, token ID = 1858, result = 0
09-01 07:13:28.326 D/commandrouter(  803): DA7282 (1, haptic:vibrate): <ServiceResponse> FORWARDED (remote -> local) CR token ID = 441, service client ID = 28, token ID = 1859, result = 0
09-01 07:13:28.334 D/commandrouter(  803): DA7282 (1, haptic:vibrate): <ServiceResponse> FORWARDED (remote -> local) CR token ID = 442, service client ID = 28, token ID = 1860, result = 0
09-01 07:13:28.336 D/commandrouter(  803): SocServiceHandle::onServiceMessage, SoC Service = DA7282, appType = 1, type = SVC_REQ, clientId = 0, token = 443, payloadLen = 4, result = 0, payload.size() = 4
09-01 07:13:28.345 D/commandrouter(  803): DA7282 (1, haptic:vibrate): <ServiceResponse> FORWARDED (remote -> local) CR token ID = 443, service client ID = 28, token ID = 1861, result = 0
09-01 07:13:28.415 D/commandrouter(  803): SocServiceHandle::onServiceMessage, SoC Service = DA7282, appType = 1, type = SVC_REQ, clientId = 0, token = 444, payloadLen = 4, result = 0, payload.size() = 4
09-01 07:13:28.425 D/commandrouter(  803): DA7282 (1, haptic:vibrate): <ServiceResponse> FORWARDED (remote -> local) CR token ID = 444, service client ID = 28, token ID = 1862, result = 0
09-01 07:13:29.443 D/commandrouter(  803): SocServiceHandle::onTopicMessage, SoC Service = Gyroscope, appType = 4, type = TOPIC_START, seq = 0, payloadLen = 0, nanoseconds = 0, payload.size() = 0
09-01 07:13:29.443 D/commandrouter(  803): SocServiceHandle::onSubscribeTopic, SoC Service = Gyroscope, subscribing to topicName = msgs:sensors:Gyr
09-01 07:13:29.471 D/commandrouter(  803): SocServiceHandle::onSubscribeTopic, SoC Service = Gyroscope, topic subscription successful. topicName = msgs:sensors:Gyr, subscription ID = 28
09-01 07:13:29.473 D/commandrouter(  803): SocServiceHandle::onServiceMessage, SoC Service = Gyroscope, appType = 2, type = SVC_REQ, clientId = 0, token = 10, payloadLen = 60, result = 0, payload.size() = 60
09-01 07:13:29.529 D/commandrouter(  803): Gyroscope (2, merlot:msgs:control): <ServiceResponse> FORWARDED (remote -> local) CR token ID = 10, service client ID = 10, token ID = 1864, result = 0
09-01 07:13:29.648 D/commandrouter(  803): SocServiceHandle::onServiceMessage, SoC Service = audio_hal, appType = 1, type = SVC_REQ, clientId = 0, token = 513, payloadLen = 32, result = 0, payload.size() = 32
09-01 07:13:29.717 D/commandrouter(  803): audio_hal (1, audio_hal:notification:push): <ServiceResponse> FORWARDED (remote -> local) CR token ID = 513, service client ID = 37, token ID = 1865, result = 0
09-01 07:13:31.576 W/Looper  ( 1460): Slow dispatch took 142ms main h=android.app.ActivityThread$H c=android.app.-$$Lambda$LoadedApk$ReceiverDispatcher$Args$_BumDX2UKsnxLVrE6UJsJZkotuA@914e92c m=0
09-01 07:13:31.776 W/Looper  ( 1460): Slow dispatch took 177ms main h=android.app.ActivityThread$H c=android.app.-$$Lambda$LoadedApk$ReceiverDispatcher$Args$_BumDX2UKsnxLVrE6UJsJZkotuA@88553fb m=0
09-01 07:13:31.839 W/Looper  ( 1460): Slow delivery took 342ms main h=android.app.ActivityThread$H c=android.app.-$$Lambda$LoadedApk$ReceiverDispatcher$Args$_BumDX2UKsnxLVrE6UJsJZkotuA@f7d6c18 m=0
09-01 07:13:32.015 W/Looper  ( 1460): Drained
09-01 07:13:32.432 D/commandrouter(  803): SocServiceHandle::onServiceMessage, SoC Service = audio_hal, appType = 1, type = SVC_REQ, clientId = 0, token = 514, payloadLen = 40, result = 0, payload.size() = 40
09-01 07:13:32.448 D/commandrouter(  803): audio_hal (1, audio_hal:notification:push): <ServiceResponse> FORWARDED (remote -> local) CR token ID = 514, service client ID = 37, token ID = 1866, result = 0
09-01 07:13:33.316 I/ActivityManager( 1460): Process com.facebook.wearable.system.settings (pid 7616) has died: cch+45 CEM 
09-01 07:13:33.512 D/commandrouter(  803): SocServiceHandle::onServiceMessage, SoC Service = audio_hal, appType = 1, type = SVC_REQ, clientId = 0, token = 515, payloadLen = 32, result = 0, payload.size() = 32
09-01 07:13:33.571 D/commandrouter(  803): audio_hal (1, audio_hal:notification:push): <ServiceResponse> FORWARDED (remote -> local) CR token ID = 515, service client ID = 37, token ID = 1867, result = 0
09-01 07:13:34.022 W/Looper  ( 1460): Slow dispatch took 254ms android.ui h=com.android.server.am.ActivityManagerService$UiHandler c=null m=32
09-01 07:13:34.128 W/Looper  ( 1460): Slow dispatch took 120ms android.fg h=android.os.Handler c=com.android.server.-$$Lambda$NetworkManagementService$NetdUnsolicitedEventListener$L7i_Z-ii6zMptHCt2_Igy3iBvKk@f7967e2 m=0
09-01 07:13:35.047 W/Looper  ( 1460): Slow delivery took 250ms android.ui h=com.android.server.am.ActivityManagerService$UiHandler c=null m=53
09-01 07:13:35.047 W/Looper  ( 1460): Slow dispatch took 1021ms android.ui h=com.android.server.am.ActivityManagerService$UiHandler c=null m=53
09-01 07:13:35.077 W/Looper  ( 1460): Slow dispatch took 157ms android.fg h=android.os.Handler c=com.android.server.location.-$$Lambda$AppForegroundHelper$7asxY_maANt1D_AUTchqbCjktH0@629a630 m=0
09-01 07:13:35.196 I/ActivityManager( 1460): Process com.android.keychain (pid 7838) has died: cch+35 CEM 
09-01 07:13:35.203 W/Looper  ( 1460): Drained
09-01 07:13:36.627 D/commandrouter(  803): rtc_sync (1, rtc:sync): <ServiceRequest> FORWARDED (remote -> local) service client ID = 0, token ID = 34895
09-01 07:13:36.628 D/commandrouter(  803): SocServiceHandle::onServiceMessage, SoC Service = rtc_sync, appType = 1, type = SVC_RESP, clientId = 0, token = 34895, payloadLen = 8, result = 0, payload.size() = 8
09-01 07:13:39.780 W/Looper  ( 1460): Slow dispatch took 126ms main h=android.app.ActivityThread$H c=android.app.-$$Lambda$LoadedApk$ReceiverDispatcher$Args$_BumDX2UKsnxLVrE6UJsJZkotuA@447819 m=0
09-01 07:13:39.939 W/Looper  ( 1460): Slow dispatch took 102ms main h=android.app.ActivityThread$H c=android.app.-$$Lambda$LoadedApk$ReceiverDispatcher$Args$_BumDX2UKsnxLVrE6UJsJZkotuA@3d46d8c m=0
09-01 07:13:40.071 D/AnalyticsLogger( 1460): sent events: 65
09-01 07:13:40.593 D/commandrouter(  803): sleep (1, sleep:data): <ServiceRequest> FORWARDED (remote -> local) service client ID = 1, token ID = 34896
09-01 07:13:41.320 D/commandrouter(  803): SocServiceHandle::onServiceMessage, SoC Service = sleep, appType = 1, type = SVC_RESP, clientId = 1, token = 34896, payloadLen = 12, result = 0, payload.size() = 12
09-01 07:13:41.323 D/commandrouter(  803): sleep (1, sleep:data): <ServiceRequest> FORWARDED (remote -> local) service client ID = 1, token ID = 34897
09-01 07:13:41.347 D/commandrouter(  803): SocServiceHandle::onServiceMessage, SoC Service = sleep, appType = 1, type = SVC_RESP, clientId = 1, token = 34897, payloadLen = 12, result = 0, payload.size() = 12
09-01 07:13:46.658 D/commandrouter(  803): rtc_sync (1, rtc:sync): <ServiceRequest> FORWARDED (remote -> local) service client ID = 0, token ID = 34898
09-01 07:13:46.659 D/commandrouter(  803): SocServiceHandle::onServiceMessage, SoC Service = rtc_sync, appType = 1, type = SVC_RESP, clientId = 0, token = 34898, payloadLen = 8, result = 0, payload.size() = 8
09-01 07:13:56.628 D/commandrouter(  803): rtc_sync (1, rtc:sync): <ServiceRequest> FORWARDED (remote -> local) service client ID = 0, token ID = 34899
09-01 07:13:56.629 D/commandrouter(  803): SocServiceHandle::onServiceMessage, SoC Service = rtc_sync, appType = 1, type = SVC_RESP, clientId = 0, token = 34899, payloadLen = 8, result = 0, payload.size() = 8
09-01 07:14:04.007 D/commandrouter(  803): SocServiceHandle::onServiceMessage, SoC Service = audio_hal, appType = 1, type = SVC_REQ, clientId = 0, token = 516, payloadLen = 40, result = 0, payload.size() = 40
09-01 07:14:04.024 D/commandrouter(  803): audio_hal (1, audio_hal:notification:push): <ServiceResponse> FORWARDED (remote -> local) CR token ID = 516, service client ID = 37, token ID = 1868, result = 0
09-01 07:14:04.696 D/commandrouter(  803): SocServiceHandle::onServiceMessage, SoC Service = Gyroscope, appType = 2, type = SVC_REQ, clientId = 0, token = 11, payloadLen = 48, result = 0, payload.size() = 48
09-01 07:14:04.696 D/commandrouter(  803): SocServiceHandle::onTopicMessage, SoC Service = Gyroscope, appType = 4, type = TOPIC_STOP, seq = 0, payloadLen = 0, nanoseconds = 0, payload.size() = 0
09-01 07:14:04.697 D/commandrouter(  803): SocServiceHandle::onUnsubscribeTopic, SoC Service = Gyroscope, unsubscription from topicName = msgs:sensors:Gyr, subscription ID = 28 successful.
09-01 07:14:04.723 D/commandrouter(  803): Gyroscope (2, merlot:msgs:control): <ServiceResponse> FORWARDED (remote -> local) CR token ID = 11, service client ID = 10, token ID = 1869, result = 0
09-01 07:14:05.263 D/commandrouter(  803): SocServiceHandle::onServiceMessage, SoC Service = audio_hal, appType = 1, type = SVC_REQ, clientId = 0, token = 517, payloadLen = 32, result = 0, payload.size() = 32
09-01 07:14:05.343 D/commandrouter(  803): audio_hal (1, audio_hal:notification:push): <ServiceResponse> FORWARDED (remote -> local) CR token ID = 517, service client ID = 37, token ID = 1871, result = 0
09-01 07:14:06.395 W/ActivityManager( 1460): Slow operation: 90ms so far, now at getContentProviderImpl: after updateOomAdj
09-01 07:14:06.395 W/ActivityManager( 1460): Slow operation: 90ms so far, now at getContentProviderImpl: done!
09-01 07:14:06.636 D/commandrouter(  803): rtc_sync (1, rtc:sync): <ServiceRequest> FORWARDED (remote -> local) service client ID = 0, token ID = 34900
09-01 07:14:06.637 D/commandrouter(  803): SocServiceHandle::onServiceMessage, SoC Service = rtc_sync, appType = 1, type = SVC_RESP, clientId = 0, token = 34900, payloadLen = 8, result = 0, payload.size() = 8
09-01 07:14:08.996 D/commandrouter(  803): SocServiceHandle::onServiceMessage, SoC Service = audio_hal, appType = 1, type = SVC_REQ, clientId = 0, token = 518, payloadLen = 32, result = 0, payload.size() = 32
09-01 07:14:09.070 D/commandrouter(  803): audio_hal (1, audio_hal:notification:push): <ServiceResponse> FORWARDED (remote -> local) CR token ID = 518, service client ID = 37, token ID = 1872, result = 0
09-01 07:14:10.620 D/commandrouter(  803): sleep (1, sleep:data): <ServiceRequest> FORWARDED (remote -> local) service client ID = 1, token ID = 34901
09-01 07:14:10.703 D/commandrouter(  803): SocServiceHandle::onServiceMessage, SoC Service = sleep, appType = 1, type = SVC_RESP, clientId = 1, token = 34901, payloadLen = 12, result = 0, payload.size() = 12
09-01 07:14:10.707 D/commandrouter(  803): sleep (1, sleep:data): <ServiceRequest> FORWARDED (remote -> local) service client ID = 1, token ID = 34902
09-01 07:14:10.710 D/commandrouter(  803): SocServiceHandle::onServiceMessage, SoC Service = sleep, appType = 1, type = SVC_RESP, clientId = 1, token = 34902, payloadLen = 12, result = 0, payload.size() = 12
09-01 07:14:11.922 D/AutofillManagerService( 1460): Close system dialogs
09-01 07:14:11.978 I/ActivityTaskManager( 1460): START u0 {act=android.intent.action.MAIN cat=[android.intent.category.HOME] flg=0x10600000 cmp=com.facebook.wearable.system.launcher/.LauncherActivity (has extras)} from uid 1000
09-01 07:14:12.139 W/Looper  ( 1460): Slow dispatch took 294ms android.ui h=com.android.server.policy.PhoneWindowManager$PolicyHandler c=com.android.server.policy.PhoneWindowManager$DisplayHomeAndCameraButtonHandler$2@5193baa m=0
09-01 07:14:12.140 W/Looper  ( 1460): Slow delivery took 218ms android.ui h=android.os.Handler c=com.android.server.autofill.ui.-$$Lambda$AutoFillUI$56AC3ykfo4h_e2LSjdkJ3XQn370@1cea677 m=0
09-01 07:14:12.215 D/commandrouter(  803): SocServiceHandle::onServiceMessage, SoC Service = OnWristDetection, appType = 27, type = SVC_REQ, clientId = 0, token = 32, payloadLen = 60, result = 0, payload.size() = 60
09-01 07:14:12.219 D/commandrouter(  803): SocServiceHandle::onServiceMessage, SoC Service = Accelerometer, appType = 19, type = SVC_REQ, clientId = 0, token = 91, payloadLen = 60, result = 0, payload.size() = 60
09-01 07:14:12.231 D/commandrouter(  803): OnWristDetection (27, merlot:msgs:control): <ServiceResponse> FORWARDED (remote -> local) CR token ID = 32, service client ID = 20, token ID = 1873, result = 0
09-01 07:14:12.254 D/commandrouter(  803): Accelerometer (19, merlot:msgs:control): <ServiceResponse> FORWARDED (remote -> local) CR token ID = 91, service client ID = 18, token ID = 1874, result = 0
09-01 07:14:12.283 W/Looper  ( 1460): Drained
09-01 07:14:12.297 D/commandrouter(  803): SocServiceHandle::onServiceMessage, SoC Service = Accelerometer, appType = 19, type = SVC_REQ, clientId = 0, token = 92, payloadLen = 48, result = 0, payload.size() = 48
09-01 07:14:12.298 D/commandrouter(  803): SocServiceHandle::onTopicMessage, SoC Service = Accelerometer, appType = 20, type = TOPIC_STOP, seq = 0, payloadLen = 0, nanoseconds = 0, payload.size() = 0
09-01 07:14:12.302 D/commandrouter(  803): SocServiceHandle::onUnsubscribeTopic, SoC Service = Accelerometer, unsubscription from topicName = msgs:sensors:Acc, subscription ID = 27 successful.
09-01 07:14:12.314 D/commandrouter(  803): Accelerometer (19, merlot:msgs:control): <ServiceResponse> FORWARDED (remote -> local) CR token ID = 92, service client ID = 18, token ID = 1875, result = 0
09-01 07:14:13.478 D/CompatibilityChangeReporter( 1460): Compat change id reported: 135634846; UID 10033; state: DISABLED
09-01 07:14:13.479 D/CompatibilityChangeReporter( 1460): Compat change id reported: 143937733; UID 10033; state: ENABLED
09-01 07:14:13.534 W/ActivityManager( 1460): Slow operation: 66ms so far, now at startProcess: returned from zygote!
09-01 07:14:13.534 W/ActivityManager( 1460): Slow operation: 66ms so far, now at startProcess: done updating battery stats
09-01 07:14:13.534 W/ActivityManager( 1460): Slow operation: 66ms so far, now at startProcess: building log message
09-01 07:14:13.534 I/ActivityManager( 1460): Start proc 8483:com.facebook.wearable.system.settings/u0a33 for content provider {com.facebook.wearable.system.settings/com.facebook.wearable.system.settings.sync.SettingsContentProvider}
09-01 07:14:13.535 W/ActivityManager( 1460): Slow operation: 67ms so far, now at startProcess: starting to update pids map
09-01 07:14:13.544 W/ActivityManager( 1460): Slow operation: 76ms so far, now at startProcess: done updating pids map
09-01 07:14:15.248 D/ConnectivityService( 1460): releasing NetworkRequest [ TRACK_DEFAULT id=122, [ Capabilities: INTERNET&NOT_RESTRICTED&TRUSTED Uid: 10077 AdministratorUids: [] RequestorUid: 10077 RequestorPackageName: com.facebook.wearable.apps.camera] ] (release request)
09-01 07:14:15.988 I/ActivityTaskManager( 1460): START u0 {flg=0x10000000 cmp=com.facebook.wearable.apps.camera/.CameraActivity} from uid 2000
09-01 07:14:16.118 D/ConnectivityService( 1460): requestNetwork for uid/pid:10077/6292 NetworkRequest [ TRACK_DEFAULT id=125, [ Capabilities: INTERNET&NOT_RESTRICTED&TRUSTED Uid: 10077 AdministratorUids: [] RequestorUid: 10077 RequestorPackageName: com.facebook.wearable.apps.camera] ]
09-01 07:14:16.121 D/ConnectivityService( 1460): NetReassign [125 : null → 104]
09-01 07:14:16.335 D/commandrouter(  803): SocServiceHandle::onTopicMessage, SoC Service = Accelerometer, appType = 20, type = TOPIC_START, seq = 0, payloadLen = 0, nanoseconds = 0, payload.size() = 0
09-01 07:14:16.335 D/commandrouter(  803): SocServiceHandle::onSubscribeTopic, SoC Service = Accelerometer, subscribing to topicName = msgs:sensors:Acc
09-01 07:14:16.362 D/commandrouter(  803): SocServiceHandle::onSubscribeTopic, SoC Service = Accelerometer, topic subscription successful. topicName = msgs:sensors:Acc, subscription ID = 29
09-01 07:14:16.363 D/commandrouter(  803): SocServiceHandle::onServiceMessage, SoC Service = Accelerometer, appType = 19, type = SVC_REQ, clientId = 0, token = 93, payloadLen = 60, result = 0, payload.size() = 60
09-01 07:14:16.405 D/commandrouter(  803): Accelerometer (19, merlot:msgs:control): <ServiceResponse> FORWARDED (remote -> local) CR token ID = 93, service client ID = 18, token ID = 1878, result = 0
09-01 07:14:16.646 D/commandrouter(  803): rtc_sync (1, rtc:sync): <ServiceRequest> FORWARDED (remote -> local) service client ID = 0, token ID = 34903
09-01 07:14:16.647 D/commandrouter(  803): SocServiceHandle::onServiceMessage, SoC Service = rtc_sync, appType = 1, type = SVC_RESP, clientId = 0, token = 34903, payloadLen = 8, result = 0, payload.size() = 8
09-01 07:14:19.539 E/TaskPersister( 1460): File error accessing recents directory (directory doesn't exist?).
09-01 07:14:20.177 D/commandrouter(  803): SocServiceHandle::onServiceMessage, SoC Service = mcu_healthcheck_846, appType = 1, type = SVC_REQ, clientId = 0, token = 222, payloadLen = 12, result = 0, payload.size() = 12
09-01 07:14:20.201 D/commandrouter(  803): mcu_healthcheck_846 (1, merlot:mcu_health:control): <ServiceResponse> FORWARDED (remote -> local) CR token ID = 222, service client ID = 5, token ID = 1879, result = 0
09-01 07:14:20.202 D/mculinkhealth(  846): isMcuReachable 1 (25 ms)
09-01 07:14:22.214 D/ConnectivityService( 1460): requestNetwork for uid/pid:10077/6292 NetworkRequest [ REQUEST id=126, [ Transports: CELLULAR|WIFI Capabilities: NOT_RESTRICTED&TRUSTED&NOT_VPN Uid: 10077 AdministratorUids: [] RequestorUid: 10077 RequestorPackageName: com.facebook.wearable.apps.camera] ]
09-01 07:14:22.226 D/ConnectivityService( 1460): NetReassign [126 : null → 104]
09-01 07:14:22.293 D/ConnectivityService( 1460): releasing NetworkRequest [ REQUEST id=126, [ Transports: CELLULAR|WIFI Capabilities: NOT_RESTRICTED&TRUSTED&NOT_VPN Uid: 10077 AdministratorUids: [] RequestorUid: 10077 RequestorPackageName: com.facebook.wearable.apps.camera] ] (release request)
09-01 07:14:26.656 D/commandrouter(  803): rtc_sync (1, rtc:sync): <ServiceRequest> FORWARDED (remote -> local) service client ID = 0, token ID = 34904
09-01 07:14:26.657 D/commandrouter(  803): SocServiceHandle::onServiceMessage, SoC Service = rtc_sync, appType = 1, type = SVC_RESP, clientId = 0, token = 34904, payloadLen = 8, result = 0, payload.size() = 8
09-01 07:14:27.904 D/ConnectivityService( 1460): requestNetwork for uid/pid:10077/6292 NetworkRequest [ REQUEST id=127, [ Transports: CELLULAR|WIFI Capabilities: NOT_RESTRICTED&TRUSTED&NOT_VPN Uid: 10077 AdministratorUids: [] RequestorUid: 10077 RequestorPackageName: com.facebook.wearable.apps.camera] ]
09-01 07:14:27.905 D/ConnectivityService( 1460): NetReassign [127 : null → 104]
09-01 07:14:27.914 D/ConnectivityService( 1460): releasing NetworkRequest [ REQUEST id=127, [ Transports: CELLULAR|WIFI Capabilities: NOT_RESTRICTED&TRUSTED&NOT_VPN Uid: 10077 AdministratorUids: [] RequestorUid: 10077 RequestorPackageName: com.facebook.wearable.apps.camera] ] (release request)
09-01 07:14:29.345 D/commandrouter(  803): SocServiceHandle::onServiceMessage, SoC Service = audio_hal, appType = 1, type = SVC_REQ, clientId = 0, token = 519, payloadLen = 32, result = 0, payload.size() = 32
09-01 07:14:29.409 D/commandrouter(  803): audio_hal (1, audio_hal:notification:push): <ServiceResponse> FORWARDED (remote -> local) CR token ID = 519, service client ID = 37, token ID = 1880, result = 0
09-01 07:14:29.449 D/commandrouter(  803): SocServiceHandle::onServiceMessage, SoC Service = OnWristDetection, appType = 27, type = SVC_REQ, clientId = 0, token = 33, payloadLen = 60, result = 0, payload.size() = 60
09-01 07:14:29.460 D/commandrouter(  803): SocServiceHandle::onServiceMessage, SoC Service = Accelerometer, appType = 19, type = SVC_REQ, clientId = 0, token = 94, payloadLen = 60, result = 0, payload.size() = 60
09-01 07:14:29.465 D/commandrouter(  803): OnWristDetection (27, merlot:msgs:control): <ServiceResponse> FORWARDED (remote -> local) CR token ID = 33, service client ID = 20, token ID = 1881, result = 0
09-01 07:14:29.477 D/commandrouter(  803): SocServiceHandle::onServiceMessage, SoC Service = Accelerometer, appType = 19, type = SVC_REQ, clientId = 0, token = 95, payloadLen = 48, result = 0, payload.size() = 48
09-01 07:14:29.477 D/commandrouter(  803): SocServiceHandle::onTopicMessage, SoC Service = Accelerometer, appType = 20, type = TOPIC_STOP, seq = 0, payloadLen = 0, nanoseconds = 0, payload.size() = 0
09-01 07:14:29.478 D/commandrouter(  803): SocServiceHandle::onUnsubscribeTopic, SoC Service = Accelerometer, unsubscription from topicName = msgs:sensors:Acc, subscription ID = 29 successful.
09-01 07:14:29.489 D/commandrouter(  803): Accelerometer (19, merlot:msgs:control): <ServiceResponse> FORWARDED (remote -> local) CR token ID = 94, service client ID = 18, token ID = 1882, result = 0
09-01 07:14:29.514 D/commandrouter(  803): Accelerometer (19, merlot:msgs:control): <ServiceResponse> FORWARDED (remote -> local) CR token ID = 95, service client ID = 18, token ID = 1883, result = 0
09-01 07:14:36.656 D/commandrouter(  803): rtc_sync (1, rtc:sync): <ServiceRequest> FORWARDED (remote -> local) service client ID = 0, token ID = 34905
09-01 07:14:36.657 D/commandrouter(  803): SocServiceHandle::onServiceMessage, SoC Service = rtc_sync, appType = 1, type = SVC_RESP, clientId = 0, token = 34905, payloadLen = 8, result = 0, payload.size() = 8
09-01 07:14:40.648 D/commandrouter(  803): sleep (1, sleep:data): <ServiceRequest> FORWARDED (remote -> local) service client ID = 1, token ID = 34906
--------- beginning of main
09-01 07:14:40.727 D/CCodecBuffers( 6292): [c2.android.aac.decoder#352:1D-Input.Impl[N]] codec released a buffer owned by client (index 0)
09-01 07:14:40.876 D/commandrouter(  803): SocServiceHandle::onServiceMessage, SoC Service = sleep, appType = 1, type = SVC_RESP, clientId = 1, token = 34906, payloadLen = 12, result = 0, payload.size() = 12
09-01 07:14:40.879 D/commandrouter(  803): sleep (1, sleep:data): <ServiceRequest> FORWARDED (remote -> local) service client ID = 1, token ID = 34907
09-01 07:14:40.858 D/CCodecBuffers( 6292): [c2.android.aac.decoder#352:1D-Input.Impl[N]] codec released a buffer owned by client (index 0)
09-01 07:14:40.880 D/OTTS_sleep_jni( 2654): Unpacked SleepDataUpdateRequest.
09-01 07:14:40.880 D/OTTS_sleep_jni( 2654): Received SleepDataRequest with OTT of size 35
09-01 07:14:40.880 D/OTTS_sleep_jni( 2654): Calling sleep data callback...
09-01 07:14:40.881 D/OTTS_sleep_jni( 2654): Calling Java sleep callback for OTT data.
09-01 07:14:40.881 D/OTTS_OTTDataHandler( 2654): Got new OTT data of length: 35 at time 0
09-01 07:14:40.881 D/OTTS_OTTDataHandler( 2654): Sending OTT to Delegation
09-01 07:14:40.882 D/commandrouter(  803): SocServiceHandle::onServiceMessage, SoC Service = sleep, appType = 1, type = SVC_RESP, clientId = 1, token = 34907, payloadLen = 12, result = 0, payload.size() = 12
09-01 07:14:41.660 W/bluelink(  803): [System] updateSmoothedTime: too early or too late; st=13381.785, rt=13387.150
09-01 07:14:41.895 E/QMI_FW  ( 1038): qmi_cci_get_ref: ref count increased 2
09-01 07:14:41.899 E/QMI_FW  ( 1038): qmi_cci_get_ref: ref count increased 2
09-01 07:14:42.189 D/CCodecBufferChannel( 6292): [c2.android.aac.decoder#352] DEBUG: elapsed: n=6 [in=0 pipeline=0 out=2 smoothness=4]
09-01 07:14:42.190 D/PipelineWatcher( 6292): DEBUG: elapsed 2 / 6
09-01 07:14:42.606 D/CCodecBuffers( 6292): [c2.android.aac.decoder#352:1D-Input.Impl[N]] codec released a buffer owned by client (index 0)
09-01 07:14:42.628 I/elephonyservic( 2198): Background concurrent copying GC freed 9552(457KB) AllocSpace objects, 0(0B) LOS objects, 91% free, 1749KB/19MB, paused 706us total 102.521ms
09-01 07:14:42.628 W/elephonyservic( 2198): Reducing the number of considered missed Gc histogram windows from 1332 to 100
09-01 07:14:42.730 D/BufferPoolAccessor2.0( 6292): bufferpool2 0x97446158 : 4(32768 size) total buffers - 4(32768 size) used buffers - 1/6 (recycle/alloc) - 5/480 (fetch/transfer)
09-01 07:14:43.106 D/BufferPoolAccessor2.0(  970): bufferpool2 0x92f2c818 : 5(20480 size) total buffers - 4(16384 size) used buffers - 492/497 (recycle/alloc) - 6/496 (fetch/transfer)
09-01 07:14:44.573 D/CCodecBuffers( 6292): [c2.android.aac.decoder#352:1D-Input.Impl[N]] codec released a buffer owned by client (index 3)
09-01 07:14:45.583 D/CCodecBufferChannel( 6292): [c2.android.aac.decoder#352] DEBUG: elapsed: n=6 [in=0 pipeline=0 out=2 smoothness=4]
09-01 07:14:45.583 D/PipelineWatcher( 6292): DEBUG: elapsed 2 / 6
09-01 07:14:46.326 D/CCodecBuffers( 6292): [c2.android.aac.decoder#352:1D-Input.Impl[N]] codec released a buffer owned by client (index 0)
09-01 07:14:46.657 W/bluelink(  803): [System] updateSmoothedTime: too early or too late; st=13386.785, rt=13392.147
09-01 07:14:46.658 D/commandrouter(  803): rtc_sync (1, rtc:sync): <ServiceRequest> FORWARDED (remote -> local) service client ID = 0, token ID = 34908
09-01 07:14:46.658 D/vendor.facebook.rtc_sync@1.0-service( 1013): Request req_ts=1630480486652027668 resp_ts=1630480486658602456
09-01 07:14:46.659 D/commandrouter(  803): SocServiceHandle::onServiceMessage, SoC Service = rtc_sync, appType = 1, type = SVC_RESP, clientId = 0, token = 34908, payloadLen = 8, result = 0, payload.size() = 8
09-01 07:14:47.137 D/CCodecBuffers( 6292): [c2.android.aac.decoder#352:1D-Input.Impl[N]] codec released a buffer owned by client (index 3)
09-01 07:14:47.844 D/BufferPoolAccessor2.0( 6292): bufferpool2 0x97446158 : 4(32768 size) total buffers - 4(32768 size) used buffers - 1/6 (recycle/alloc) - 5/719 (fetch/transfer)
09-01 07:14:48.205 D/BufferPoolAccessor2.0(  970): bufferpool2 0x92f2c818 : 5(20480 size) total buffers - 1(4096 size) used buffers - 727/732 (recycle/alloc) - 7/731 (fetch/transfer)
09-01 07:14:48.316 I/.codeaurora.im( 2210): Background concurrent copying GC freed 84267(7231KB) AllocSpace objects, 0(0B) LOS objects, 90% free, 1944KB/19MB, paused 292us total 178.435ms
09-01 07:14:48.316 W/.codeaurora.im( 2210): Reducing the number of considered missed Gc histogram windows from 261 to 100
09-01 07:14:48.991 D/CCodecBufferChannel( 6292): [c2.android.aac.decoder#352] DEBUG: elapsed: n=6 [in=0 pipeline=0 out=2 smoothness=4]
09-01 07:14:48.991 D/PipelineWatcher( 6292): DEBUG: elapsed 2 / 6
09-01 07:14:50.448 I/app_process32( 1807): Background young concurrent copying GC freed 559579(13MB) AllocSpace objects, 75(4300KB) LOS objects, 91% free, 1758KB/19MB, paused 160us total 142.348ms
09-01 07:14:50.922 D/CCodecBuffers( 6292): [c2.android.aac.decoder#352:1D-Input.Impl[N]] codec released a buffer owned by client (index 1)
09-01 07:14:51.658 W/bluelink(  803): [System] updateSmoothedTime: too early or too late; st=13391.783, rt=13397.147
09-01 07:14:52.386 D/CCodecBufferChannel( 6292): [c2.android.aac.decoder#352] DEBUG: elapsed: n=6 [in=0 pipeline=0 out=2 smoothness=4]
09-01 07:14:52.386 D/PipelineWatcher( 6292): DEBUG: elapsed 2 / 6
09-01 07:14:52.946 D/BufferPoolAccessor2.0( 6292): bufferpool2 0x97446158 : 4(32768 size) total buffers - 4(32768 size) used buffers - 1/6 (recycle/alloc) - 5/963 (fetch/transfer)
09-01 07:14:53.365 D/BufferPoolAccessor2.0(  970): bufferpool2 0x92f2c818 : 5(20480 size) total buffers - 1(4096 size) used buffers - 969/974 (recycle/alloc) - 9/973 (fetch/transfer)
09-01 07:14:53.736 D/CCodecBuffers( 6292): [c2.android.aac.decoder#352:1D-Input.Impl[N]] codec released a buffer owned by client (index 1)
09-01 07:14:54.392 I/m.android.phon( 2246): Background concurrent copying GC freed 136336(9286KB) AllocSpace objects, 0(0B) LOS objects, 82% free, 4006KB/21MB, paused 283us total 512.719ms
09-01 07:14:55.748 D/CCodecBufferChannel( 6292): [c2.android.aac.decoder#352] DEBUG: elapsed: n=6 [in=0 pipeline=0 out=2 smoothness=4]
09-01 07:14:55.748 D/PipelineWatcher( 6292): DEBUG: elapsed 2 / 6
09-01 07:14:56.259 D/CCodecBuffers( 6292): [c2.android.aac.decoder#352:1D-Input.Impl[N]] codec released a buffer owned by client (index 0)
09-01 07:14:56.657 W/bluelink(  803): [System] updateSmoothedTime: too early or too late; st=13396.782, rt=13402.145
09-01 07:14:56.657 D/commandrouter(  803): rtc_sync (1, rtc:sync): <ServiceRequest> FORWARDED (remote -> local) service client ID = 0, token ID = 34909
09-01 07:14:56.658 D/vendor.facebook.rtc_sync@1.0-service( 1013): Request req_ts=1630480496655602456 resp_ts=1630480496658064275
09-01 07:14:56.658 D/commandrouter(  803): SocServiceHandle::onServiceMessage, SoC Service = rtc_sync, appType = 1, type = SVC_RESP, clientId = 0, token = 34909, payloadLen = 8, result = 0, payload.size() = 8
09-01 07:14:56.729 D/CCodecBuffers( 6292): [c2.android.aac.decoder#352:1D-Input.Impl[N]] codec released a buffer owned by client (index 0)
09-01 07:14:57.849 D/CCodecBuffers( 6292): [c2.android.aac.decoder#352:1D-Input.Impl[N]] codec released a buffer owned by client (index 0)
09-01 07:14:57.959 D/BufferPoolAccessor2.0( 6292): bufferpool2 0x97446158 : 4(32768 size) total buffers - 4(32768 size) used buffers - 1/6 (recycle/alloc) - 5/1194 (fetch/transfer)
09-01 07:14:58.568 D/BufferPoolAccessor2.0(  970): bufferpool2 0x92f2c818 : 5(20480 size) total buffers - 1(4096 size) used buffers - 1213/1218 (recycle/alloc) - 11/1217 (fetch/transfer)
09-01 07:14:58.813 D/CCodecBuffers( 6292): [c2.android.aac.decoder#352:1D-Input.Impl[N]] codec released a buffer owned by client (index 2)
09-01 07:14:59.105 D/CCodecBufferChannel( 6292): [c2.android.aac.decoder#352] DEBUG: elapsed: n=6 [in=0 pipeline=0 out=2 smoothness=4]
09-01 07:14:59.105 D/PipelineWatcher( 6292): DEBUG: elapsed 2 / 6
09-01 07:14:59.850 I/tem.aod_servic( 2270): Background concurrent copying GC freed 50756(2804KB) AllocSpace objects, 6(248KB) LOS objects, 89% free, 2104KB/20MB, paused 234us total 144.717ms
09-01 07:14:59.850 W/tem.aod_servic( 2270): Reducing the number of considered missed Gc histogram windows from 1334 to 100
09-01 07:14:59.898 E/QMI_FW  ( 1038): qmi_cci_get_ref: ref count increased 2
09-01 07:14:59.899 E/QMI_FW  ( 1038): qmi_cci_get_ref: ref count increased 2
09-01 07:15:00.024 D/KeyguardUpdateMonitor( 2015): received broadcast android.intent.action.TIME_TICK
09-01 07:15:00.024 D/KeyguardUpdateMonitor( 2015): handleTimeUpdate
09-01 07:15:01.655 W/bluelink(  803): [System] updateSmoothedTime: too early or too late; st=13401.782, rt=13407.143
09-01 07:15:02.463 D/CCodecBufferChannel( 6292): [c2.android.aac.decoder#352] DEBUG: elapsed: n=6 [in=0 pipeline=0 out=2 smoothness=4]
09-01 07:15:02.464 D/PipelineWatcher( 6292): DEBUG: elapsed 2 / 6
09-01 07:15:03.164 D/BufferPoolAccessor2.0( 6292): bufferpool2 0x97446158 : 4(32768 size) total buffers - 4(32768 size) used buffers - 1/6 (recycle/alloc) - 5/1438 (fetch/transfer)
09-01 07:15:03.182 D/CCodecBuffers( 6292): [c2.android.aac.decoder#352:1D-Input.Impl[N]] codec released a buffer owned by client (index 0)
09-01 07:15:03.592 I/chatty  ( 8128): uid=10113(com.github.uiautomator) expire 4 lines
09-01 07:15:03.731 D/BufferPoolAccessor2.0(  970): bufferpool2 0x92f2c818 : 5(20480 size) total buffers - 1(4096 size) used buffers - 1455/1460 (recycle/alloc) - 11/1459 (fetch/transfer)
09-01 07:15:03.867 D/KeyguardUpdateMonitor( 2015): received broadcast android.intent.action.BATTERY_CHANGED
09-01 07:15:03.868 D/KeyguardUpdateMonitor( 2015): handleBatteryUpdate
09-01 07:15:03.876 D/AudioTrack( 6292): stop(139): called with 1496064 frames delivered
09-01 07:15:03.892 I/chatty  ( 1994): uid=1002(bluetooth) BluetoothAvrcpH expire 76 lines
09-01 07:15:04.363 W/APM::AudioPolicyEngine(  625): getDevicesForStrategy() unknown strategy: -1
09-01 07:15:04.365 I/chatty  (  625): uid=1041(audioserver) ApmOutput identical 4 lines
09-01 07:15:04.375 I/chatty  ( 1460): uid=1000(system) Binder:1460_B expire 5 lines
09-01 07:15:05.866 D/PipelineWatcher( 6292): DEBUG: elapsed 0 / 0
09-01 07:15:06.653 W/bluelink(  803): [System] updateSmoothedTime: too early or too late; st=13406.782, rt=13412.140
09-01 07:15:06.653 D/commandrouter(  803): rtc_sync (1, rtc:sync): <ServiceRequest> FORWARDED (remote -> local) service client ID = 0, token ID = 34910
09-01 07:15:06.654 D/vendor.facebook.rtc_sync@1.0-service( 1013): Request req_ts=1630480506654064275 resp_ts=1630480506654305417
09-01 07:15:06.655 D/commandrouter(  803): SocServiceHandle::onServiceMessage, SoC Service = rtc_sync, appType = 1, type = SVC_RESP, clientId = 0, token = 34910, payloadLen = 8, result = 0, payload.size() = 8
09-01 07:15:07.195 I/chatty  (  562): uid=1041(audioserver) HwBinder:562_4 expire 10 lines
