09-01 07:26:01.132 E/QMI_FW  ( 1038): qmi_cci_get_ref: ref count increased 2
09-01 07:26:01.609 W/bluelink(  803): [System] updateSmoothedTime: too early or too late; st=14061.612, rt=14067.027
09-01 07:26:02.058 D/UIAutomatorStub(12338): URI: /jsonrpc/0, Method: POST, Header: {content-length=102, remote-addr=127.0.0.1, http-client-ip=127.0.0.1, host=localhost:9010, content-type=application/json, accept-encoding=identity}, params, {NanoHttpd.QUERY_STRING=null}, files: {postData={"jsonrpc": "2.0", "method": "pressKey", "id": "1be291a0ac0b0c67fb72a016bd31682b", "params": ["back"]}}
09-01 07:26:02.149 E/QMI_FW  ( 1038): qmi_cci_get_ref: ref count increased 2
09-01 07:26:02.150 E/QMI_FW  ( 1038): qmi_cci_get_ref: ref count increased 2
09-01 07:26:02.150 E/QMI_FW  ( 1038): qmi_cci_get_ref: ref count increased 2
09-01 07:26:02.194 E/QMI_FW  ( 1038): qmi_cci_get_ref: ref count increased 2
09-01 07:26:02.197 E/QMI_FW  ( 1038): qmi_cci_get_ref: ref count increased 2
09-01 07:26:03.056 D/UIAutomatorStub(12338): URI: /jsonrpc/0, Method: POST, Header: {content-length=102, remote-addr=127.0.0.1, http-client-ip=127.0.0.1, host=localhost:9010, content-type=application/json, accept-encoding=identity}, params, {NanoHttpd.QUERY_STRING=null}, files: {postData={"jsonrpc": "2.0", "method": "pressKey", "id": "5d769d8284a917bbc70337a720832623", "params": ["back"]}}
09-01 07:26:03.068 W/HWComposer(  647): Ignoring duplicate VSYNC event from HWC for display 0 (t=14057064497135)
09-01 07:26:03.847 D/KeyguardUpdateMonitor( 2015): received broadcast android.intent.action.BATTERY_CHANGED
09-01 07:26:03.847 D/KeyguardUpdateMonitor( 2015): handleBatteryUpdate
09-01 07:26:03.861 D/KeyguardUpdateMonitor( 2015): received broadcast android.intent.action.BATTERY_CHANGED
09-01 07:26:03.861 D/KeyguardUpdateMonitor( 2015): handleBatteryUpdate
09-01 07:26:04.069 D/UIAutomatorStub(12338): URI: /jsonrpc/0, Method: POST, Header: {content-length=102, remote-addr=127.0.0.1, http-client-ip=127.0.0.1, host=localhost:9010, content-type=application/json, accept-encoding=identity}, params, {NanoHttpd.QUERY_STRING=null}, files: {postData={"jsonrpc": "2.0", "method": "pressKey", "id": "e65f5bcc8112cca278d5b29044b5615f", "params": ["back"]}}
09-01 07:26:04.127 W/HWComposer(  647): Ignoring duplicate VSYNC event from HWC for display 0 (t=14058123131510)
09-01 07:26:05.058 D/UIAutomatorStub(12338): URI: /jsonrpc/0, Method: POST, Header: {content-length=102, remote-addr=127.0.0.1, http-client-ip=127.0.0.1, host=localhost:9010, content-type=application/json, accept-encoding=identity}, params, {NanoHttpd.QUERY_STRING=null}, files: {postData={"jsonrpc": "2.0", "method": "pressKey", "id": "4951f228035fedbc5994e44f12f9ab6c", "params": ["back"]}}
09-01 07:26:06.068 D/UIAutomatorStub(12338): URI: /jsonrpc/0, Method: POST, Header: {content-length=239, remote-addr=127.0.0.1, http-client-ip=127.0.0.1, host=localhost:9010, content-type=application/json, accept-encoding=identity}, params, {NanoHttpd.QUERY_STRING=null}, files: {postData={"jsonrpc": "2.0", "method": "objInfo", "id": "b73150a2f77e89e6bdfbdb7de7b35a78", "params": [{"mask": 2097152, "childOrSibling": [], "childOrSiblingSelector": [], "resourceId": "com.facebook.wearable.system.launcher:id/orbit_watch_face"}]}}
09-01 07:26:06.608 W/bluelink(  803): [System] updateSmoothedTime: too early or too late; st=14066.610, rt=14072.025
09-01 07:26:04.617 I/chatty  ( 1460): uid=1000(system) android.ui identical 5 lines
09-01 07:26:05.628 D/AutofillManagerService( 1460): onBackKeyPressed()
09-01 07:26:06.609 D/commandrouter(  803): rtc_sync (1, rtc:sync): <ServiceRequest> FORWARDED (remote -> local) service client ID = 0, token ID = 35014
09-01 07:26:06.609 D/vendor.facebook.rtc_sync@1.0-service( 1013): Request req_ts=1630481166609033242 resp_ts=1630481166609499228
09-01 07:26:06.610 D/commandrouter(  803): SocServiceHandle::onServiceMessage, SoC Service = rtc_sync, appType = 1, type = SVC_RESP, clientId = 0, token = 35014, payloadLen = 8, result = 0, payload.size() = 8
09-01 07:26:07.030 W/HWComposer(  647): Ignoring duplicate VSYNC event from HWC for display 0 (t=14061025307238)
09-01 07:26:07.081 W/HWComposer(  647): Ignoring duplicate VSYNC event from HWC for display 0 (t=14061076560311)
09-01 07:26:09.044 W/HWComposer(  647): Ignoring duplicate VSYNC event from HWC for display 0 (t=14063040358591)
09-01 07:26:10.665 D/commandrouter(  803): sleep (1, sleep:data): <ServiceRequest> FORWARDED (remote -> local) service client ID = 1, token ID = 35015
09-01 07:26:10.665 D/OTTS_sleep_jni( 2654): Unpacked SleepDataUpdateRequest.
09-01 07:26:10.666 D/OTTS_sleep_jni( 2654): Received SleepDataRequest with OTT of size 35
09-01 07:26:10.666 D/OTTS_sleep_jni( 2654): Calling sleep data callback...
09-01 07:26:10.666 D/OTTS_sleep_jni( 2654): Calling Java sleep callback for OTT data.
09-01 07:26:10.666 D/OTTS_OTTDataHandler( 2654): Got new OTT data of length: 35 at time 0
09-01 07:26:10.666 D/OTTS_OTTDataHandler( 2654): Sending OTT to Delegation
09-01 07:26:10.668 D/commandrouter(  803): SocServiceHandle::onServiceMessage, SoC Service = sleep, appType = 1, type = SVC_RESP, clientId = 1, token = 35015, payloadLen = 12, result = 0, payload.size() = 12
09-01 07:26:11.025 W/HWComposer(  647): Ignoring duplicate VSYNC event from HWC for display 0 (t=14065020851768)
09-01 07:26:11.606 W/bluelink(  803): [System] updateSmoothedTime: too early or too late; st=14071.609, rt=14077.023
09-01 07:26:14.030 W/HWComposer(  647): Ignoring duplicate VSYNC event from HWC for display 0 (t=14068025881662)
09-01 07:26:14.038 W/system.keyboar( 6695): Reducing the number of considered missed Gc histogram windows from 103 to 100
09-01 07:26:14.081 W/HWComposer(  647): Ignoring duplicate VSYNC event from HWC for display 0 (t=14068077085100)
09-01 07:26:15.054 W/HWComposer(  647): Ignoring duplicate VSYNC event from HWC for display 0 (t=14069050366714)
09-01 07:26:15.088 W/HWComposer(  647): Ignoring duplicate VSYNC event from HWC for display 0 (t=14069084455620)
09-01 07:26:16.603 W/bluelink(  803): [System] updateSmoothedTime: too early or too late; st=14076.608, rt=14082.019
09-01 07:26:16.603 D/commandrouter(  803): rtc_sync (1, rtc:sync): <ServiceRequest> FORWARDED (remote -> local) service client ID = 0, token ID = 35016
09-01 07:26:16.604 D/vendor.facebook.rtc_sync@1.0-service( 1013): Request req_ts=1630481176605499228 resp_ts=1630481176604264589
09-01 07:26:16.604 D/commandrouter(  803): SocServiceHandle::onServiceMessage, SoC Service = rtc_sync, appType = 1, type = SVC_RESP, clientId = 0, token = 35016, payloadLen = 8, result = 0, payload.size() = 8
09-01 07:26:18.077 W/HWComposer(  647): Ignoring duplicate VSYNC event from HWC for display 0 (t=14072072993276)
09-01 07:26:18.680 W/JsonRpcServer(12338): Error in JSON-RPC Service
09-01 07:26:18.680 W/JsonRpcServer(12338): java.lang.reflect.InvocationTargetException
09-01 07:26:18.680 W/JsonRpcServer(12338): 	at java.lang.reflect.Method.invoke(Native Method)
09-01 07:26:18.680 W/JsonRpcServer(12338): 	at com.googlecode.jsonrpc4j.JsonRpcServer.invoke(JsonRpcServer.java:513)
09-01 07:26:18.680 W/JsonRpcServer(12338): 	at com.googlecode.jsonrpc4j.JsonRpcServer.handleObject(JsonRpcServer.java:384)
09-01 07:26:18.680 W/JsonRpcServer(12338): 	at com.googlecode.jsonrpc4j.JsonRpcServer.handleNode(JsonRpcServer.java:293)
09-01 07:26:18.680 W/JsonRpcServer(12338): 	at com.googlecode.jsonrpc4j.JsonRpcServer.handle(JsonRpcServer.java:230)
09-01 07:26:18.680 W/JsonRpcServer(12338): 	at com.github.uiautomator.stub.AutomatorHttpServer.serve(AutomatorHttpServer.java:97)
09-01 07:26:18.680 W/JsonRpcServer(12338): 	at fi.iki.elonen.NanoHTTPD.serve(NanoHTTPD.java:331)
09-01 07:26:18.680 W/JsonRpcServer(12338): 	at fi.iki.elonen.NanoHTTPD$HTTPSession.execute(NanoHTTPD.java:953)
09-01 07:26:18.680 W/JsonRpcServer(12338): 	at fi.iki.elonen.NanoHTTPD$1$1.run(NanoHTTPD.java:208)
09-01 07:26:18.680 W/JsonRpcServer(12338): 	at java.lang.Thread.run(Thread.java:923)
09-01 07:26:18.680 W/JsonRpcServer(12338): Caused by: android.support.test.uiautomator.UiObjectNotFoundException: UiSelector[RESOURCE_ID=com.facebook.wearable.system.launcher:id/orbit_watch_face]
09-01 07:26:18.680 W/JsonRpcServer(12338): 	at android.support.test.uiautomator.UiObject.getBounds(UiObject.java:907)
09-01 07:26:18.680 W/JsonRpcServer(12338): 	at com.github.uiautomator.stub.ObjInfo.<init>(ObjInfo.java:48)
09-01 07:26:18.680 W/JsonRpcServer(12338): 	at com.github.uiautomator.stub.ObjInfo.getObjInfo(ObjInfo.java:36)
09-01 07:26:18.680 W/JsonRpcServer(12338): 	at com.github.uiautomator.stub.AutomatorServiceImpl.objInfo(AutomatorServiceImpl.java:712)
09-01 07:26:18.680 W/JsonRpcServer(12338): 	... 10 more
09-01 07:26:18.748 D/UIAutomatorStub(12338): URI: /jsonrpc/0, Method: POST, Header: {content-length=239, remote-addr=127.0.0.1, http-client-ip=127.0.0.1, host=localhost:9010, content-type=application/json, accept-encoding=identity}, params, {NanoHttpd.QUERY_STRING=null}, files: {postData={"jsonrpc": "2.0", "method": "objInfo", "id": "43d1312ec2224e6546c2ad0a1b0330eb", "params": [{"mask": 2097152, "childOrSibling": [], "childOrSiblingSelector": [], "resourceId": "com.facebook.wearable.system.launcher:id/orbit_watch_face"}]}}
09-01 07:26:19.038 I/em.notificatio( 6796): Background concurrent copying GC freed 122690(7004KB) AllocSpace objects, 53(1524KB) LOS objects, 86% free, 2784KB/20MB, paused 180us total 136.549ms
09-01 07:26:19.038 W/em.notificatio( 6796): Reducing the number of considered missed Gc histogram windows from 104 to 100
09-01 07:26:20.024 W/HWComposer(  647): Ignoring duplicate VSYNC event from HWC for display 0 (t=14074019590879)
09-01 07:26:20.076 W/HWComposer(  647): Ignoring duplicate VSYNC event from HWC for display 0 (t=14074070836191)
09-01 07:26:20.594 D/mcu_health_checker(  846): Sent isMcuReachable Request
09-01 07:26:20.595 D/commandrouter(  803): SocServiceHandle::onServiceMessage, SoC Service = mcu_healthcheck_846, appType = 1, type = SVC_REQ, clientId = 0, token = 234, payloadLen = 12, result = 0, payload.size() = 12
09-01 07:26:20.613 D/commandrouter(  803): mcu_healthcheck_846 (1, merlot:mcu_health:control): <ServiceResponse> FORWARDED (remote -> local) CR token ID = 234, service client ID = 5, token ID = 2012, result = 0
09-01 07:26:20.614 D/mcu_health_checker(  846): MCU Health Response: MCU_OK
09-01 07:26:20.614 D/mculinkhealth(  846): isMcuReachable 1 (19 ms)
09-01 07:26:20.615 I/mcucapture(  961): 14047702 [info   ] {hlth}: Received control service request
09-01 07:26:20.616 I/mcucapture(  961): 14047707 [info   ] {hlth}: Health Request cmd: GET_STATUS
09-01 07:26:20.616 I/mcucapture(  961): 14047712 [info   ] {hlth}: Responded to req, result = MCU_OK
09-01 07:26:21.031 W/HWComposer(  647): Ignoring duplicate VSYNC event from HWC for display 0 (t=14075027314733)
09-01 07:26:21.599 W/bluelink(  803): [System] updateSmoothedTime: too early or too late; st=14081.606, rt=14087.014
09-01 07:26:22.022 W/HWComposer(  647): Ignoring duplicate VSYNC event from HWC for display 0 (t=14076017966659)
09-01 07:26:24.003 I/FuseDaemon( 2717): Background concurrent copying GC freed 46375(3097KB) AllocSpace objects, 22(1988KB) LOS objects, 88% free, 2297KB/20MB, paused 197us total 112.644ms
09-01 07:26:24.037 W/HWComposer(  647): Ignoring duplicate VSYNC event from HWC for display 0 (t=14078033263586)
09-01 07:26:25.028 W/HWComposer(  647): Ignoring duplicate VSYNC event from HWC for display 0 (t=14079023946919)
09-01 07:26:26.052 W/HWComposer(  647): Ignoring duplicate VSYNC event from HWC for display 0 (t=14080048595512)
09-01 07:26:26.596 W/bluelink(  803): [System] updateSmoothedTime: too early or too late; st=14086.605, rt=14092.011
09-01 07:26:26.597 D/commandrouter(  803): rtc_sync (1, rtc:sync): <ServiceRequest> FORWARDED (remote -> local) service client ID = 0, token ID = 35017
09-01 07:26:26.597 D/vendor.facebook.rtc_sync@1.0-service( 1013): Request req_ts=1630481186598264589 resp_ts=1630481186597768074
09-01 07:26:26.598 D/commandrouter(  803): SocServiceHandle::onServiceMessage, SoC Service = rtc_sync, appType = 1, type = SVC_RESP, clientId = 0, token = 35017, payloadLen = 8, result = 0, payload.size() = 8
09-01 07:26:26.859 I/system_server( 1460): Background young concurrent copying GC freed 251161(10MB) AllocSpace objects, 103(3760KB) LOS objects, 41% free, 20MB/35MB, paused 321us total 118.722ms
09-01 07:26:27.077 W/HWComposer(  647): Ignoring duplicate VSYNC event from HWC for display 0 (t=14081073118324)
09-01 07:26:28.086 W/HWComposer(  647): Ignoring duplicate VSYNC event from HWC for display 0 (t=14082080873636)
09-01 07:26:30.651 W/JsonRpcServer(12338): Error in JSON-RPC Service
09-01 07:26:30.651 W/JsonRpcServer(12338): java.lang.reflect.InvocationTargetException
09-01 07:26:30.651 W/JsonRpcServer(12338): 	at java.lang.reflect.Method.invoke(Native Method)
09-01 07:26:30.651 W/JsonRpcServer(12338): 	at com.googlecode.jsonrpc4j.JsonRpcServer.invoke(JsonRpcServer.java:513)
09-01 07:26:30.651 W/JsonRpcServer(12338): 	at com.googlecode.jsonrpc4j.JsonRpcServer.handleObject(JsonRpcServer.java:384)
09-01 07:26:30.651 W/JsonRpcServer(12338): 	at com.googlecode.jsonrpc4j.JsonRpcServer.handleNode(JsonRpcServer.java:293)
09-01 07:26:30.651 W/JsonRpcServer(12338): 	at com.googlecode.jsonrpc4j.JsonRpcServer.handle(JsonRpcServer.java:230)
09-01 07:26:30.651 W/JsonRpcServer(12338): 	at com.github.uiautomator.stub.AutomatorHttpServer.serve(AutomatorHttpServer.java:97)
09-01 07:26:30.651 W/JsonRpcServer(12338): 	at fi.iki.elonen.NanoHTTPD.serve(NanoHTTPD.java:331)
09-01 07:26:30.651 W/JsonRpcServer(12338): 	at fi.iki.elonen.NanoHTTPD$HTTPSession.execute(NanoHTTPD.java:953)
09-01 07:26:30.651 W/JsonRpcServer(12338): 	at fi.iki.elonen.NanoHTTPD$1$1.run(NanoHTTPD.java:208)
09-01 07:26:30.651 W/JsonRpcServer(12338): 	at java.lang.Thread.run(Thread.java:923)
09-01 07:26:30.651 W/JsonRpcServer(12338): Caused by: android.support.test.uiautomator.UiObjectNotFoundException: UiSelector[RESOURCE_ID=com.facebook.wearable.system.launcher:id/orbit_watch_face]
09-01 07:26:30.651 W/JsonRpcServer(12338): 	at android.support.test.uiautomator.UiObject.getBounds(UiObject.java:907)
09-01 07:26:30.651 W/JsonRpcServer(12338): 	at com.github.uiautomator.stub.ObjInfo.<init>(ObjInfo.java:48)
09-01 07:26:30.651 W/JsonRpcServer(12338): 	at com.github.uiautomator.stub.ObjInfo.getObjInfo(ObjInfo.java:36)
09-01 07:26:30.651 W/JsonRpcServer(12338): 	at com.github.uiautomator.stub.AutomatorServiceImpl.objInfo(AutomatorServiceImpl.java:712)
09-01 07:26:30.651 W/JsonRpcServer(12338): 	... 10 more
09-01 07:26:31.397 I/droid.bluetoot( 1994): Background concurrent copying GC freed 85222(7164KB) AllocSpace objects, 0(0B) LOS objects, 90% free, 1937KB/19MB, paused 260us total 110.526ms
09-01 07:26:31.602 W/bluelink(  803): [System] updateSmoothedTime: too early or too late; st=14091.602, rt=14097.017
09-01 07:26:31.994 W/RuleEvaluation( 1460): Integrity rule files are not available.
09-01 07:26:31.995 I/PackageManager( 1460): Integrity check passed for file:///data/app/vmdl235584342.tmp
09-01 07:26:32.009 I/ActivityManager( 1460): Force stopping com.github.uiautomator appid=10113 user=-1: installPackageLI
09-01 07:26:32.011 I/ActivityManager( 1460): Killing 12338:com.github.uiautomator/u0a113 (adj 0): stop com.github.uiautomator due to installPackageLI
09-01 07:26:32.011 I/PackageManager( 1460): Update package com.github.uiautomator code path from /data/app/~~EHgqwpr7StUNX4IQy0X7Bw==/com.github.uiautomator-cAZeMG1z64GdkCxhh2XsKQ== to /data/app/~~nhB-28h8fztVKBqcAWUQTw==/com.github.uiautomator-wjvNneg4ZfQdw8pMIRFy9w==; Retain data and using new
09-01 07:26:32.011 I/PackageManager( 1460): Update package com.github.uiautomator resource path from /data/app/~~EHgqwpr7StUNX4IQy0X7Bw==/com.github.uiautomator-cAZeMG1z64GdkCxhh2XsKQ== to /data/app/~~nhB-28h8fztVKBqcAWUQTw==/com.github.uiautomator-wjvNneg4ZfQdw8pMIRFy9w==; Retain data and using new
09-01 07:26:32.023 W/ActivityManager( 1460): Crash of app com.github.uiautomator running instrumentation ComponentInfo{com.github.uiautomator.test/android.support.test.runner.AndroidJUnitRunner}
09-01 07:26:32.028 D/AndroidRuntime(12323): Shutting down VM
09-01 07:26:32.028 D/CompatibilityChangeReporter( 1460): Compat change id reported: 135549675; UID 10113; state: DISABLED
09-01 07:26:32.130 I/Zygote  (  476): Process 12338 exited due to signal 9 (Killed)
09-01 07:26:32.144 I/libprocessgroup( 1460): Successfully killed process cgroup uid 10113 pid 12338 in 128ms
09-01 07:26:32.235 D/PackageManager( 1460): Instant App installer not found with android.intent.action.INSTALL_INSTANT_APP_PACKAGE
09-01 07:26:32.235 D/PackageManager( 1460): Clear ephemeral installer activity
09-01 07:26:32.236 I/ActivityManager( 1460): Force stopping com.github.uiautomator appid=10113 user=0: finished inst
09-01 07:26:32.239 W/system_server( 1460): Long monitor contention with owner PackageManager (1635) at void com.android.server.pm.PackageManagerService.updateSettingsInternalLI(com.android.server.pm.parsing.pkg.AndroidPackage, com.android.server.pm.PackageManagerService$InstallArgs, int[], com.android.server.pm.PackageManagerService$PackageInstalledInfo)(PackageManagerService.java:16290) waiters=0 in int com.android.server.pm.PackageManagerService$PackageManagerInternalImpl.getUidTargetSdkVersion(int) for 228ms
09-01 07:26:32.244 W/WindowManager( 1460): removeWindowToken: Attempted to remove non-existing token: android.os.Binder@9311e8b
09-01 07:26:32.246 W/system_server( 1460): Long monitor contention with owner ActivityManager (1550) at void com.android.server.am.ActivityManagerService$MainHandler.handleMessage(android.os.Message)(ActivityManagerService.java:1852) waiters=0 in void com.android.server.am.ActivityManagerService.dispatchUidsChanged() for 236ms
09-01 07:26:32.247 W/Looper  ( 1460): Slow dispatch took 237ms android.ui h=com.android.server.am.ActivityManagerService$UiHandler c=null m=53
09-01 07:26:32.248 W/Looper  ( 1460): Slow delivery took 231ms android.ui h=com.android.server.am.ActivityManagerService$UiHandler c=null m=32
09-01 07:26:32.259 W/Looper  ( 1460): Drained
09-01 07:26:32.260 W/WindowManager( 1460): Cannot find window which accessibility connection is added to
09-01 07:26:32.270 E/installd(  889): Couldn't opendir /data/app/vmdl235584342.tmp: No such file or directory
09-01 07:26:32.270 E/installd(  889): Failed to delete /data/app/vmdl235584342.tmp: No such file or directory
09-01 07:26:32.272 I/ActivityManager( 1460): Force stopping com.github.uiautomator appid=10113 user=0: pkg removed
09-01 07:26:32.283 I/MediaProvider( 2717): Invalidating LocalCallingIdentity cache for package com.github.uiautomator. Reason: package android.intent.action.PACKAGE_REMOVED
09-01 07:26:32.286 D/Avrcp_ext( 1994): AvrcpServiceBroadcastReceiver-> Action: android.intent.action.PACKAGE_REMOVED
09-01 07:26:32.287 W/BroadcastQueue( 1460): Background execution not allowed: receiving Intent { act=android.intent.action.PACKAGE_REMOVED dat=package:com.github.uiautomator flg=0x4000010 (has extras) } to com.android.gallery3d/.app.PackagesMonitor
09-01 07:26:32.289 D/CompatibilityInfo( 1460): mCompatibilityFlags - 14
09-01 07:26:32.289 D/CompatibilityInfo( 1460): applicationDensity - 320
09-01 07:26:32.289 D/CompatibilityInfo( 1460): applicationScale - 1.0
09-01 07:26:32.293 I/MediaProvider( 2717): Invalidating LocalCallingIdentity cache for package com.github.uiautomator. Reason: package android.intent.action.PACKAGE_ADDED
09-01 07:26:32.302 D/Avrcp_ext( 1994): AvrcpServiceBroadcastReceiver-> Action: android.intent.action.PACKAGE_ADDED
09-01 07:26:32.302 D/Avrcp_ext( 1994): AvrcpServiceBroadcastReceiver-> packageName: com.github.uiautomator
09-01 07:26:32.302 D/Avrcp_ext( 1994): packageName: com.github.uiautomator removed: false
09-01 07:26:32.316 D/Avrcp_ext( 1994): isBrowsableListUpdated: browsable list size mismatch, true
09-01 07:26:32.316 D/Avrcp_ext( 1994): buildBrowsablePlayerList 
09-01 07:26:32.316 W/BroadcastQueue( 1460): Background execution not allowed: receiving Intent { act=android.intent.action.PACKAGE_ADDED dat=package:com.github.uiautomator flg=0x4000010 (has extras) } to com.android.packageinstaller/.PackageInstalledReceiver
09-01 07:26:32.318 W/TextServicesManagerService( 1460): no available spell checker services found
09-01 07:26:32.318 V/Avrcp_ext( 1994): getMediaPlayerInfo: Found com.android.music
09-01 07:26:32.318 V/Avrcp_ext( 1994): isBrowseSupported for com.android.music: false
09-01 07:26:32.319 W/BroadcastQueue( 1460): Background execution not allowed: receiving Intent { act=android.intent.action.PACKAGE_ADDED dat=package:com.github.uiautomator flg=0x4000010 (has extras) } to com.android.gallery3d/.app.PackagesMonitor
09-01 07:26:32.320 D/Avrcp_ext( 1994): Adding media player info for com.android.music with id 1
09-01 07:26:32.320 D/Avrcp_ext( 1994): update #1:MediaPlayerInfo com.android.music (as 'Android Open Source Music Player') Type = 1, SubType = 0, Status = 0 Feature Bits [40 41 42 44 45 47 48 58] Controller: null
09-01 07:26:32.320 D/Avrcp_ext( 1994): Added MediaPlayerController/MediaPlayerPackage
09-01 07:26:32.320 V/Avrcp_ext( 1994): getMediaPlayerInfo: Found com.facebook.wearable.apps.eq
09-01 07:26:32.320 V/Avrcp_ext( 1994): isBrowseSupported for com.facebook.wearable.apps.eq: false
09-01 07:26:32.322 W/BroadcastQueue( 1460): Background execution not allowed: receiving Intent { act=android.intent.action.PACKAGE_ADDED dat=package:com.github.uiautomator flg=0x4000010 (has extras) } to com.facebook.wearable.system.appmanager/com.facebook.aloha.app.appmanager.common.packages.event.manifest.ManifestPackageEventReceiver
09-01 07:26:32.322 D/Avrcp_ext( 1994): Adding media player info for com.facebook.wearable.apps.eq with id 2
09-01 07:26:32.323 D/Avrcp_ext( 1994): update #2:MediaPlayerInfo com.facebook.wearable.apps.eq (as 'EQ') Type = 1, SubType = 0, Status = 0 Feature Bits [40 41 42 44 45 47 48 58] Controller: null
09-01 07:26:32.323 D/Avrcp_ext( 1994): Added MediaPlayerController/MediaPlayerPackage
09-01 07:26:32.323 V/Avrcp_ext( 1994): getMediaPlayerInfo: Found com.facebook.wearable.apps.mediacontroller
09-01 07:26:32.323 V/Avrcp_ext( 1994): isBrowseSupported for com.facebook.wearable.apps.mediacontroller: false
09-01 07:26:32.325 D/Avrcp_ext( 1994): Adding media player info for com.facebook.wearable.apps.mediacontroller with id 3
09-01 07:26:32.325 D/Avrcp_ext( 1994): update #3:MediaPlayerInfo com.facebook.wearable.apps.mediacontroller (as 'mediacontroller') Type = 1, SubType = 0, Status = 0 Feature Bits [40 41 42 44 45 47 48 58] Controller: null
09-01 07:26:32.325 D/Avrcp_ext( 1994): Added MediaPlayerController/MediaPlayerPackage
09-01 07:26:32.326 V/Avrcp_ext( 1994): getMediaPlayerInfo: Found com.facebook.wearable.apps.player
09-01 07:26:32.326 V/Avrcp_ext( 1994): isBrowseSupported for com.facebook.wearable.apps.player: false
09-01 07:26:32.329 D/CompatibilityInfo( 1460): mCompatibilityFlags - 4
09-01 07:26:32.329 D/CompatibilityInfo( 1460): applicationDensity - 320
09-01 07:26:32.329 D/CompatibilityInfo( 1460): applicationScale - 1.0
09-01 07:26:32.332 D/Avrcp_ext( 1994): Adding media player info for com.facebook.wearable.apps.player with id 4
09-01 07:26:32.332 D/Avrcp_ext( 1994): update #4:MediaPlayerInfo com.facebook.wearable.apps.player (as 'Spotify') Type = 1, SubType = 0, Status = 0 Feature Bits [40 41 42 44 45 47 48 58] Controller: null
09-01 07:26:32.332 D/Avrcp_ext( 1994): Added MediaPlayerController/MediaPlayerPackage
09-01 07:26:32.332 V/Avrcp_ext( 1994): getMediaPlayerInfo: Found com.facebook.wearable.apps.workout
09-01 07:26:32.332 V/Avrcp_ext( 1994): isBrowseSupported for com.facebook.wearable.apps.workout: false
09-01 07:26:32.343 D/Avrcp_ext( 1994): Adding media player info for com.facebook.wearable.apps.workout with id 5
09-01 07:26:32.343 D/Avrcp_ext( 1994): update #5:MediaPlayerInfo com.facebook.wearable.apps.workout (as 'Workout') Type = 1, SubType = 0, Status = 0 Feature Bits [40 41 42 44 45 47 48 58] Controller: null
09-01 07:26:32.343 D/Avrcp_ext( 1994): Added MediaPlayerController/MediaPlayerPackage
09-01 07:26:32.343 V/Avrcp_ext( 1994): getMediaPlayerInfo: Found com.facebook.wearable.system.launcher
09-01 07:26:32.343 V/Avrcp_ext( 1994): isBrowseSupported for com.facebook.wearable.system.launcher: false
09-01 07:26:32.345 D/Avrcp_ext( 1994): Adding media player info for com.facebook.wearable.system.launcher with id 6
09-01 07:26:32.345 D/Avrcp_ext( 1994): update #6:MediaPlayerInfo com.facebook.wearable.system.launcher (as 'Launcher') Type = 1, SubType = 0, Status = 0 Feature Bits [40 41 42 44 45 47 48 58] Controller: null
09-01 07:26:32.345 D/Avrcp_ext( 1994): Added MediaPlayerController/MediaPlayerPackage
09-01 07:26:32.345 V/Avrcp_ext( 1994): updateCurrentMediaState: mMediaController: null
09-01 07:26:32.346 E/SmsApplication( 2246): com.facebook.wearable.apps.messages does not have system signature
09-01 07:26:32.346 I/Telecom ( 1460): DefaultDialerCache: Refreshing default dialer for user 0: now com.facebook.wearable.apps.phone: DDC.oR@ErA
09-01 07:26:32.349 I/InputReader( 1460): Reconfiguring input devices, changes=KEYBOARD_LAYOUTS | 
09-01 07:26:32.350 V/Avrcp_ext( 1994): isMusicActive: false getBluetoothPlayState: 2
09-01 07:26:32.350 V/Avrcp_ext( 1994): updateCurrentMediaState: isPlaying = false
09-01 07:26:32.351 V/Avrcp_ext( 1994): Media update: id -1➡-1? [MediaAttributes: none] : [MediaAttributes: none]
09-01 07:26:32.353 D/Avrcp_ext( 1994): isPackageNameValid: browsedPackage = isValid = false
09-01 07:26:32.353 V/Avrcp_ext( 1994): newPlayStatus:2mReportedPlayStatus:-1
09-01 07:26:32.353 V/Avrcp_ext( 1994): updatePlaybackState, state: PlaybackState {state=2, position=-1, buffered position=0, speed=0.0, updated=14086347, actions=0, custom actions=[], active item id=-1, error=null} device: null
09-01 07:26:32.353 V/Avrcp_ext( 1994): Device: no name: 
09-01 07:26:32.353 I/chatty  ( 1994): uid=1002(bluetooth) com.android.bluetooth identical 3 lines
09-01 07:26:32.353 V/Avrcp_ext( 1994): Device: no name: 
09-01 07:26:32.353 V/Avrcp_ext( 1994): updatePlayerStateAndPosition, old=PlaybackState {state=2, position=-1, buffered position=0, speed=0.0, updated=14035466, actions=0, custom actions=[], active item id=-1, error=null}, state=PlaybackState {state=2, position=-1, buffered position=0, speed=0.0, updated=14086347, actions=0, custom actions=[], active item id=-1, error=null}
09-01 07:26:32.353 V/Avrcp_ext( 1994): old state = PlaybackState {state=2, position=-1, buffered position=0, speed=0.0, updated=14035466, actions=0, custom actions=[], active item id=-1, error=null}, new state= PlaybackState {state=2, position=-1, buffered position=0, speed=0.0, updated=14086347, actions=0, custom actions=[], active item id=-1, error=null}
09-01 07:26:32.353 D/HeadsetService( 1994): getHeadsetService(): returning com.android.bluetooth.hfp.HeadsetService@476ddce
09-01 07:26:32.365 V/BackupManagerConstants( 1460): getFullBackupIntervalMilliseconds(...) returns 86400000
09-01 07:26:32.365 V/BackupManagerConstants( 1460): getFullBackupRequiredNetworkType(...) returns 2
09-01 07:26:32.365 V/BackupManagerConstants( 1460): getFullBackupRequireCharging(...) returns true
09-01 07:26:32.365 D/HeadsetService( 1994):  isAudioOn: The number of audio connected devices 0
09-01 07:26:32.366 D/HeadsetService( 1994): isScoOrCallActive(): Call Active:falseCall is Ringing:falseSCO is Active:false
09-01 07:26:32.370 I/InputReader( 1460): Reconfiguring input devices, changes=KEYBOARD_LAYOUTS | 
09-01 07:26:32.370 D/HeadsetService( 1994):  isAudioOn: The number of audio connected devices 0
09-01 07:26:32.370 I/Avrcp_ext( 1994): updatePlayStatusForDevice: device: null
09-01 07:26:32.370 V/Avrcp_ext( 1994): updatePlaybackState (1): old=PlaybackState {state=2, position=-1, buffered position=0, speed=0.0, updated=14035466, actions=0, custom actions=[], active item id=-1, error=null}(2), new=PlaybackState {state=2, position=-1, buffered position=0, speed=0.0, updated=14086347, actions=0, custom actions=[], active item id=-1, error=null}(2)
09-01 07:26:32.370 I/Avrcp_ext( 1994): Exit updatePlayStatusForDevice
09-01 07:26:32.371 W/BroadcastQueue( 1460): Background execution not allowed: receiving Intent { act=android.intent.action.PACKAGE_REPLACED dat=package:com.github.uiautomator flg=0x4000010 (has extras) } to com.facebook.wearable.system.appmanager/com.facebook.aloha.app.appmanager.common.packages.event.manifest.ManifestPackageEventReceiver
09-01 07:26:32.371 D/HeadsetService( 1994):  isAudioOn: The number of audio connected devices 0
09-01 07:26:32.371 D/HeadsetService( 1994): isScoOrCallActive(): Call Active:falseCall is Ringing:falseSCO is Active:false
09-01 07:26:32.371 I/InputReader( 1460): Reconfiguring input devices, changes=KEYBOARD_LAYOUTS | 
09-01 07:26:32.372 D/HeadsetService( 1994):  isAudioOn: The number of audio connected devices 0
09-01 07:26:32.372 I/Avrcp_ext( 1994): updatePlayStatusForDevice: device: null
09-01 07:26:32.372 V/Avrcp_ext( 1994): updatePlaybackState (1): old=PlaybackState {state=2, position=-1, buffered position=0, speed=0.0, updated=14035466, actions=0, custom actions=[], active item id=-1, error=null}(2), new=PlaybackState {state=2, position=-1, buffered position=0, speed=0.0, updated=14086347, actions=0, custom actions=[], active item id=-1, error=null}(2)
09-01 07:26:32.372 I/Avrcp_ext( 1994): Exit updatePlayStatusForDevice
09-01 07:26:32.373 D/HeadsetService( 1994):  isAudioOn: The number of audio connected devices 0
09-01 07:26:32.373 D/HeadsetService( 1994): isScoOrCallActive(): Call Active:falseCall is Ringing:falseSCO is Active:false
09-01 07:26:32.377 D/HeadsetService( 1994):  isAudioOn: The number of audio connected devices 0
09-01 07:26:32.377 I/Avrcp_ext( 1994): updatePlayStatusForDevice: device: null
09-01 07:26:32.377 V/Avrcp_ext( 1994): updatePlaybackState (1): old=PlaybackState {state=2, position=-1, buffered position=0, speed=0.0, updated=14035466, actions=0, custom actions=[], active item id=-1, error=null}(2), new=PlaybackState {state=2, position=-1, buffered position=0, speed=0.0, updated=14086347, actions=0, custom actions=[], active item id=-1, error=null}(2)
09-01 07:26:32.377 I/Avrcp_ext( 1994): Exit updatePlayStatusForDevice
09-01 07:26:32.379 D/HeadsetService( 1994):  isAudioOn: The number of audio connected devices 0
09-01 07:26:32.379 D/HeadsetService( 1994): isScoOrCallActive(): Call Active:falseCall is Ringing:falseSCO is Active:false
09-01 07:26:32.379 D/RegisteredNfcFServicesCache( 2632): Service unchanged, not updating
09-01 07:26:32.380 D/HeadsetService( 1994):  isAudioOn: The number of audio connected devices 0
09-01 07:26:32.380 I/Avrcp_ext( 1994): updatePlayStatusForDevice: device: null
09-01 07:26:32.380 V/Avrcp_ext( 1994): updatePlaybackState (1): old=PlaybackState {state=2, position=-1, buffered position=0, speed=0.0, updated=14035466, actions=0, custom actions=[], active item id=-1, error=null}(2), new=PlaybackState {state=2, position=-1, buffered position=0, speed=0.0, updated=14086347, actions=0, custom actions=[], active item id=-1, error=null}(2)
09-01 07:26:32.380 I/Avrcp_ext( 1994): Exit updatePlayStatusForDevice
09-01 07:26:32.381 D/HeadsetService( 1994):  isAudioOn: The number of audio connected devices 0
09-01 07:26:32.381 D/HeadsetService( 1994): isScoOrCallActive(): Call Active:falseCall is Ringing:falseSCO is Active:false
09-01 07:26:32.381 D/HeadsetService( 1994):  isAudioOn: The number of audio connected devices 0
09-01 07:26:32.382 I/Avrcp_ext( 1994): updatePlayStatusForDevice: device: null
09-01 07:26:32.382 V/Avrcp_ext( 1994): updatePlaybackState (1): old=PlaybackState {state=2, position=-1, buffered position=0, speed=0.0, updated=14035466, actions=0, custom actions=[], active item id=-1, error=null}(2), new=PlaybackState {state=2, position=-1, buffered position=0, speed=0.0, updated=14086347, actions=0, custom actions=[], active item id=-1, error=null}(2)
09-01 07:26:32.382 I/Avrcp_ext( 1994): Exit updatePlayStatusForDevice
09-01 07:26:32.382 D/Avrcp_ext( 1994): Enter sendPlayPosNotificationRsp
09-01 07:26:32.382 D/AF::TrackHandle(  625): OpPlayAudio: track:88 usage:3 not muted
09-01 07:26:32.382 D/Avrcp_ext( 1994): sendPlayPosNotificationRsp: Not registered or requesting.
09-01 07:26:32.382 D/Avrcp_ext( 1994): Enter sendPlayPosNotificationRsp
09-01 07:26:32.382 D/Avrcp_ext( 1994): sendPlayPosNotificationRsp: Not registered or requesting.
09-01 07:26:32.382 D/Avrcp_ext( 1994): Enter sendPlayPosNotificationRsp
09-01 07:26:32.382 D/Avrcp_ext( 1994): sendPlayPosNotificationRsp: Not registered or requesting.
09-01 07:26:32.382 D/Avrcp_ext( 1994): Enter sendPlayPosNotificationRsp
09-01 07:26:32.382 D/Avrcp_ext( 1994): sendPlayPosNotificationRsp: Not registered or requesting.
09-01 07:26:32.382 D/Avrcp_ext( 1994): Enter sendPlayPosNotificationRsp
09-01 07:26:32.382 D/Avrcp_ext( 1994): sendPlayPosNotificationRsp: Not registered or requesting.
09-01 07:26:32.382 V/Avrcp_ext( 1994): Exit updatePlayerStateAndPosition
09-01 07:26:32.382 D/Avrcp_ext( 1994): Exit handlePackageModified
09-01 07:26:32.383 D/AF::TrackHandle(  625): OpPlayAudio: track:88 usage:3 not muted
09-01 07:26:32.385 I/chatty  (  625): uid=1041(audioserver) Binder:625_4 identical 2 lines
09-01 07:26:32.386 D/AF::TrackHandle(  625): OpPlayAudio: track:88 usage:3 not muted
09-01 07:26:32.387 D/CompatibilityInfo( 1460): mCompatibilityFlags - 4
09-01 07:26:32.387 D/CompatibilityInfo( 1460): applicationDensity - 320
09-01 07:26:32.387 D/CompatibilityInfo( 1460): applicationScale - 1.0
09-01 07:26:32.414 E/SmsApplication( 2246): com.facebook.wearable.apps.messages does not have system signature
09-01 07:26:32.426 D/AF::TrackHandle(  625): OpPlayAudio: track:88 usage:3 not muted
09-01 07:26:32.431 I/chatty  (  625): uid=1041(audioserver) Binder:625_4 identical 3 lines
09-01 07:26:32.432 D/AF::TrackHandle(  625): OpPlayAudio: track:88 usage:3 not muted
09-01 07:26:32.458 E/SmsApplication( 2246): com.facebook.wearable.apps.messages does not have system signature
09-01 07:26:32.466 D/AF::TrackHandle(  625): OpPlayAudio: track:88 usage:3 not muted
09-01 07:26:32.475 I/chatty  (  625): uid=1041(audioserver) Binder:625_4 identical 3 lines
09-01 07:26:32.476 D/AF::TrackHandle(  625): OpPlayAudio: track:88 usage:3 not muted
09-01 07:26:32.485 I/PermissionControllerServiceImpl(10768): Updating user sensitive for uid 10113
09-01 07:26:32.487 W/system_server( 1460): Long monitor contention with owner NetworkPolicy (1897) at boolean com.android.server.usage.AppStandbyController.isCarrierApp(java.lang.String)(AppStandbyController.java:1574) waiters=0 in boolean com.android.server.usage.AppStandbyController.isCarrierApp(java.lang.String) for 169ms
09-01 07:26:32.491 W/Looper  ( 1460): Slow dispatch took 144ms main h=android.app.ActivityThread$H c=android.app.-$$Lambda$LoadedApk$ReceiverDispatcher$Args$_BumDX2UKsnxLVrE6UJsJZkotuA@a0d7e86 m=0
09-01 07:26:32.497 W/Searchables( 1460): No global search activity found
09-01 07:26:32.503 W/VoiceInteractionManager( 1460): no available voice recognition services found for user 0
09-01 07:26:32.502 W/Searchables( 1460): No global search activity found
09-01 07:26:32.504 D/CarrierSvcBindHelper( 2246): No carrier app for: 0
09-01 07:26:32.516 D/CarrierSvcBindHelper( 2246): No carrier app for: 0
09-01 07:26:32.545 D/ImsResolver( 2246): maybeAddedImsService, packageName: com.github.uiautomator
09-01 07:26:32.551 D/CarrierConfigLoader( 2246): mHandler: 12 phoneId: 0
09-01 07:26:33.506 W/RuleEvaluation( 1460): Integrity rule files are not available.
09-01 07:26:33.507 I/PackageManager( 1460): Integrity check passed for file:///data/app/vmdl722849890.tmp
09-01 07:26:33.521 I/ActivityManager( 1460): Force stopping com.github.uiautomator.test appid=10114 user=-1: installPackageLI
09-01 07:26:33.523 I/PackageManager( 1460): Update package com.github.uiautomator.test code path from /data/app/~~Qeo4OZuB8cbjD2TMjtRx5A==/com.github.uiautomator.test--wQjbK9DITjrS41OXDCcsg== to /data/app/~~bQ_Ere1HcFFRN49IK0d4Bg==/com.github.uiautomator.test-1wXMd3bdvs-yilhEXku7bg==; Retain data and using new
09-01 07:26:33.523 I/PackageManager( 1460): Update package com.github.uiautomator.test resource path from /data/app/~~Qeo4OZuB8cbjD2TMjtRx5A==/com.github.uiautomator.test--wQjbK9DITjrS41OXDCcsg== to /data/app/~~bQ_Ere1HcFFRN49IK0d4Bg==/com.github.uiautomator.test-1wXMd3bdvs-yilhEXku7bg==; Retain data and using new
09-01 07:26:33.718 D/PackageManager( 1460): Instant App installer not found with android.intent.action.INSTALL_INSTANT_APP_PACKAGE
09-01 07:26:33.718 D/PackageManager( 1460): Clear ephemeral installer activity
09-01 07:26:33.741 E/installd(  889): Couldn't opendir /data/app/vmdl722849890.tmp: No such file or directory
09-01 07:26:33.741 E/installd(  889): Failed to delete /data/app/vmdl722849890.tmp: No such file or directory
09-01 07:26:33.742 I/ActivityManager( 1460): Force stopping com.github.uiautomator.test appid=10114 user=0: pkg removed
09-01 07:26:33.750 I/cmd     (12395): oneway function results will be dropped but finished with status OK and parcel size 4
09-01 07:26:33.752 I/MediaProvider( 2717): Invalidating LocalCallingIdentity cache for package com.github.uiautomator.test. Reason: package android.intent.action.PACKAGE_REMOVED
09-01 07:26:33.754 D/Avrcp_ext( 1994): AvrcpServiceBroadcastReceiver-> Action: android.intent.action.PACKAGE_REMOVED
09-01 07:26:33.756 W/BroadcastQueue( 1460): Background execution not allowed: receiving Intent { act=android.intent.action.PACKAGE_REMOVED dat=package:com.github.uiautomator.test flg=0x4000010 (has extras) } to com.android.gallery3d/.app.PackagesMonitor
09-01 07:26:33.759 D/CompatibilityInfo( 1460): mCompatibilityFlags - 14
09-01 07:26:33.759 D/CompatibilityInfo( 1460): applicationDensity - 320
09-01 07:26:33.759 D/CompatibilityInfo( 1460): applicationScale - 1.0
09-01 07:26:33.765 I/MediaProvider( 2717): Invalidating LocalCallingIdentity cache for package com.github.uiautomator.test. Reason: package android.intent.action.PACKAGE_ADDED
09-01 07:26:33.769 D/Avrcp_ext( 1994): AvrcpServiceBroadcastReceiver-> Action: android.intent.action.PACKAGE_ADDED
09-01 07:26:33.769 D/Avrcp_ext( 1994): AvrcpServiceBroadcastReceiver-> packageName: com.github.uiautomator.test
09-01 07:26:33.769 D/Avrcp_ext( 1994): packageName: com.github.uiautomator.test removed: false
09-01 07:26:33.782 D/Avrcp_ext( 1994): isBrowsableListUpdated: browsable list size mismatch, true
09-01 07:26:33.782 D/Avrcp_ext( 1994): buildBrowsablePlayerList 
09-01 07:26:33.784 W/BroadcastQueue( 1460): Background execution not allowed: receiving Intent { act=android.intent.action.PACKAGE_ADDED dat=package:com.github.uiautomator.test flg=0x4000010 (has extras) } to com.android.packageinstaller/.PackageInstalledReceiver
09-01 07:26:33.784 W/TextServicesManagerService( 1460): no available spell checker services found
09-01 07:26:33.784 V/Avrcp_ext( 1994): getMediaPlayerInfo: Found com.android.music
09-01 07:26:33.785 V/Avrcp_ext( 1994): isBrowseSupported for com.android.music: false
09-01 07:26:33.787 W/BroadcastQueue( 1460): Background execution not allowed: receiving Intent { act=android.intent.action.PACKAGE_ADDED dat=package:com.github.uiautomator.test flg=0x4000010 (has extras) } to com.android.gallery3d/.app.PackagesMonitor
09-01 07:26:33.788 D/Avrcp_ext( 1994): Adding media player info for com.android.music with id 1
09-01 07:26:33.788 D/Avrcp_ext( 1994): update #1:MediaPlayerInfo com.android.music (as 'Android Open Source Music Player') Type = 1, SubType = 0, Status = 0 Feature Bits [40 41 42 44 45 47 48 58] Controller: null
09-01 07:26:33.788 D/Avrcp_ext( 1994): Added MediaPlayerController/MediaPlayerPackage
09-01 07:26:33.788 V/Avrcp_ext( 1994): getMediaPlayerInfo: Found com.facebook.wearable.apps.eq
09-01 07:26:33.788 V/Avrcp_ext( 1994): isBrowseSupported for com.facebook.wearable.apps.eq: false
09-01 07:26:33.790 W/BroadcastQueue( 1460): Background execution not allowed: receiving Intent { act=android.intent.action.PACKAGE_ADDED dat=package:com.github.uiautomator.test flg=0x4000010 (has extras) } to com.facebook.wearable.system.appmanager/com.facebook.aloha.app.appmanager.common.packages.event.manifest.ManifestPackageEventReceiver
09-01 07:26:33.790 D/Avrcp_ext( 1994): Adding media player info for com.facebook.wearable.apps.eq with id 2
09-01 07:26:33.791 D/Avrcp_ext( 1994): update #2:MediaPlayerInfo com.facebook.wearable.apps.eq (as 'EQ') Type = 1, SubType = 0, Status = 0 Feature Bits [40 41 42 44 45 47 48 58] Controller: null
09-01 07:26:33.791 D/Avrcp_ext( 1994): Added MediaPlayerController/MediaPlayerPackage
09-01 07:26:33.791 V/Avrcp_ext( 1994): getMediaPlayerInfo: Found com.facebook.wearable.apps.mediacontroller
09-01 07:26:33.791 V/Avrcp_ext( 1994): isBrowseSupported for com.facebook.wearable.apps.mediacontroller: false
09-01 07:26:33.792 E/SmsApplication( 2246): com.facebook.wearable.apps.messages does not have system signature
09-01 07:26:33.792 D/Avrcp_ext( 1994): Adding media player info for com.facebook.wearable.apps.mediacontroller with id 3
09-01 07:26:33.792 D/Avrcp_ext( 1994): update #3:MediaPlayerInfo com.facebook.wearable.apps.mediacontroller (as 'mediacontroller') Type = 1, SubType = 0, Status = 0 Feature Bits [40 41 42 44 45 47 48 58] Controller: null
09-01 07:26:33.792 D/Avrcp_ext( 1994): Added MediaPlayerController/MediaPlayerPackage
09-01 07:26:33.792 V/Avrcp_ext( 1994): getMediaPlayerInfo: Found com.facebook.wearable.apps.player
09-01 07:26:33.792 V/Avrcp_ext( 1994): isBrowseSupported for com.facebook.wearable.apps.player: false
09-01 07:26:33.793 D/Avrcp_ext( 1994): Adding media player info for com.facebook.wearable.apps.player with id 4
09-01 07:26:33.793 D/Avrcp_ext( 1994): update #4:MediaPlayerInfo com.facebook.wearable.apps.player (as 'Spotify') Type = 1, SubType = 0, Status = 0 Feature Bits [40 41 42 44 45 47 48 58] Controller: null
09-01 07:26:33.793 D/Avrcp_ext( 1994): Added MediaPlayerController/MediaPlayerPackage
09-01 07:26:33.793 V/Avrcp_ext( 1994): getMediaPlayerInfo: Found com.facebook.wearable.apps.workout
09-01 07:26:33.793 W/Searchables( 1460): No global search activity found
09-01 07:26:33.793 V/Avrcp_ext( 1994): isBrowseSupported for com.facebook.wearable.apps.workout: false
09-01 07:26:33.794 D/Avrcp_ext( 1994): Adding media player info for com.facebook.wearable.apps.workout with id 5
09-01 07:26:33.794 D/Avrcp_ext( 1994): update #5:MediaPlayerInfo com.facebook.wearable.apps.workout (as 'Workout') Type = 1, SubType = 0, Status = 0 Feature Bits [40 41 42 44 45 47 48 58] Controller: null
09-01 07:26:33.794 D/Avrcp_ext( 1994): Added MediaPlayerController/MediaPlayerPackage
09-01 07:26:33.794 V/Avrcp_ext( 1994): getMediaPlayerInfo: Found com.facebook.wearable.system.launcher
09-01 07:26:33.794 V/Avrcp_ext( 1994): isBrowseSupported for com.facebook.wearable.system.launcher: false
09-01 07:26:33.795 D/Avrcp_ext( 1994): Adding media player info for com.facebook.wearable.system.launcher with id 6
09-01 07:26:33.795 D/Avrcp_ext( 1994): update #6:MediaPlayerInfo com.facebook.wearable.system.launcher (as 'Launcher') Type = 1, SubType = 0, Status = 0 Feature Bits [40 41 42 44 45 47 48 58] Controller: null
09-01 07:26:33.795 D/Avrcp_ext( 1994): Added MediaPlayerController/MediaPlayerPackage
09-01 07:26:33.796 V/Avrcp_ext( 1994): updateCurrentMediaState: mMediaController: null
09-01 07:26:33.796 V/Avrcp_ext( 1994): isMusicActive: false getBluetoothPlayState: 2
09-01 07:26:33.796 V/Avrcp_ext( 1994): updateCurrentMediaState: isPlaying = false
09-01 07:26:33.796 V/Avrcp_ext( 1994): Media update: id -1➡-1? [MediaAttributes: none] : [MediaAttributes: none]
09-01 07:26:33.796 D/Avrcp_ext( 1994): isPackageNameValid: browsedPackage = isValid = false
09-01 07:26:33.796 V/Avrcp_ext( 1994): newPlayStatus:2mReportedPlayStatus:-1
09-01 07:26:33.796 V/Avrcp_ext( 1994): updatePlaybackState, state: PlaybackState {state=2, position=-1, buffered position=0, speed=0.0, updated=14087792, actions=0, custom actions=[], active item id=-1, error=null} device: null
09-01 07:26:33.796 V/Avrcp_ext( 1994): Device: no name: 
09-01 07:26:33.796 I/chatty  ( 1994): uid=1002(bluetooth) com.android.bluetooth identical 3 lines
09-01 07:26:33.796 V/Avrcp_ext( 1994): Device: no name: 
09-01 07:26:33.796 V/Avrcp_ext( 1994): updatePlayerStateAndPosition, old=PlaybackState {state=2, position=-1, buffered position=0, speed=0.0, updated=14086347, actions=0, custom actions=[], active item id=-1, error=null}, state=PlaybackState {state=2, position=-1, buffered position=0, speed=0.0, updated=14087792, actions=0, custom actions=[], active item id=-1, error=null}
09-01 07:26:33.797 V/Avrcp_ext( 1994): old state = PlaybackState {state=2, position=-1, buffered position=0, speed=0.0, updated=14086347, actions=0, custom actions=[], active item id=-1, error=null}, new state= PlaybackState {state=2, position=-1, buffered position=0, speed=0.0, updated=14087792, actions=0, custom actions=[], active item id=-1, error=null}
09-01 07:26:33.797 D/HeadsetService( 1994): getHeadsetService(): returning com.android.bluetooth.hfp.HeadsetService@476ddce
09-01 07:26:33.797 D/HeadsetService( 1994):  isAudioOn: The number of audio connected devices 0
09-01 07:26:33.797 D/HeadsetService( 1994): isScoOrCallActive(): Call Active:falseCall is Ringing:falseSCO is Active:false
09-01 07:26:33.798 D/HeadsetService( 1994):  isAudioOn: The number of audio connected devices 0
09-01 07:26:33.798 I/Avrcp_ext( 1994): updatePlayStatusForDevice: device: null
09-01 07:26:33.798 V/Avrcp_ext( 1994): updatePlaybackState (1): old=PlaybackState {state=2, position=-1, buffered position=0, speed=0.0, updated=14086347, actions=0, custom actions=[], active item id=-1, error=null}(2), new=PlaybackState {state=2, position=-1, buffered position=0, speed=0.0, updated=14087792, actions=0, custom actions=[], active item id=-1, error=null}(2)
09-01 07:26:33.798 I/Avrcp_ext( 1994): Exit updatePlayStatusForDevice
09-01 07:26:33.798 D/HeadsetService( 1994):  isAudioOn: The number of audio connected devices 0
09-01 07:26:33.799 D/HeadsetService( 1994): isScoOrCallActive(): Call Active:falseCall is Ringing:falseSCO is Active:false
09-01 07:26:33.801 D/HeadsetService( 1994):  isAudioOn: The number of audio connected devices 0
09-01 07:26:33.801 I/Avrcp_ext( 1994): updatePlayStatusForDevice: device: null
09-01 07:26:33.801 V/Avrcp_ext( 1994): updatePlaybackState (1): old=PlaybackState {state=2, position=-1, buffered position=0, speed=0.0, updated=14086347, actions=0, custom actions=[], active item id=-1, error=null}(2), new=PlaybackState {state=2, position=-1, buffered position=0, speed=0.0, updated=14087792, actions=0, custom actions=[], active item id=-1, error=null}(2)
09-01 07:26:33.801 I/Avrcp_ext( 1994): Exit updatePlayStatusForDevice
09-01 07:26:33.803 D/AF::TrackHandle(  625): OpPlayAudio: track:88 usage:3 not muted
09-01 07:26:33.804 D/HeadsetService( 1994):  isAudioOn: The number of audio connected devices 0
09-01 07:26:33.804 D/HeadsetService( 1994): isScoOrCallActive(): Call Active:falseCall is Ringing:falseSCO is Active:false
09-01 07:26:33.806 D/HeadsetService( 1994):  isAudioOn: The number of audio connected devices 0
09-01 07:26:33.806 I/Avrcp_ext( 1994): updatePlayStatusForDevice: device: null
09-01 07:26:33.806 V/Avrcp_ext( 1994): updatePlaybackState (1): old=PlaybackState {state=2, position=-1, buffered position=0, speed=0.0, updated=14086347, actions=0, custom actions=[], active item id=-1, error=null}(2), new=PlaybackState {state=2, position=-1, buffered position=0, speed=0.0, updated=14087792, actions=0, custom actions=[], active item id=-1, error=null}(2)
09-01 07:26:33.806 I/Avrcp_ext( 1994): Exit updatePlayStatusForDevice
09-01 07:26:33.807 D/AF::TrackHandle(  625): OpPlayAudio: track:88 usage:3 not muted
09-01 07:26:33.807 D/HeadsetService( 1994):  isAudioOn: The number of audio connected devices 0
09-01 07:26:33.807 D/HeadsetService( 1994): isScoOrCallActive(): Call Active:falseCall is Ringing:falseSCO is Active:false
09-01 07:26:33.808 D/HeadsetService( 1994):  isAudioOn: The number of audio connected devices 0
09-01 07:26:33.808 I/Avrcp_ext( 1994): updatePlayStatusForDevice: device: null
09-01 07:26:33.808 V/Avrcp_ext( 1994): updatePlaybackState (1): old=PlaybackState {state=2, position=-1, buffered position=0, speed=0.0, updated=14086347, actions=0, custom actions=[], active item id=-1, error=null}(2), new=PlaybackState {state=2, position=-1, buffered position=0, speed=0.0, updated=14087792, actions=0, custom actions=[], active item id=-1, error=null}(2)
09-01 07:26:33.808 I/Avrcp_ext( 1994): Exit updatePlayStatusForDevice
09-01 07:26:33.809 D/AF::TrackHandle(  625): OpPlayAudio: track:88 usage:3 not muted
09-01 07:26:33.809 D/HeadsetService( 1994):  isAudioOn: The number of audio connected devices 0
09-01 07:26:33.809 D/HeadsetService( 1994): isScoOrCallActive(): Call Active:falseCall is Ringing:falseSCO is Active:false
09-01 07:26:33.810 D/HeadsetService( 1994):  isAudioOn: The number of audio connected devices 0
09-01 07:26:33.810 I/Avrcp_ext( 1994): updatePlayStatusForDevice: device: null
09-01 07:26:33.810 V/Avrcp_ext( 1994): updatePlaybackState (1): old=PlaybackState {state=2, position=-1, buffered position=0, speed=0.0, updated=14086347, actions=0, custom actions=[], active item id=-1, error=null}(2), new=PlaybackState {state=2, position=-1, buffered position=0, speed=0.0, updated=14087792, actions=0, custom actions=[], active item id=-1, error=null}(2)
09-01 07:26:33.810 I/Avrcp_ext( 1994): Exit updatePlayStatusForDevice
09-01 07:26:33.810 D/Avrcp_ext( 1994): Enter sendPlayPosNotificationRsp
09-01 07:26:33.810 D/Avrcp_ext( 1994): sendPlayPosNotificationRsp: Not registered or requesting.
09-01 07:26:33.810 D/Avrcp_ext( 1994): Enter sendPlayPosNotificationRsp
